[0.015s][info][gc,init] CardTable entry size: 512
[0.016s][info][gc     ] Using G1
[0.038s][info][gc,init] Version: 20+36-2344 (release)
[0.038s][info][gc,init] CPUs: 48 total, 48 available
[0.038s][info][gc,init] Memory: 382G
[0.039s][info][gc,init] Large Page Support: Disabled
[0.039s][info][gc,init] NUMA Support: Disabled
[0.039s][info][gc,init] Compressed Oops: Enabled (32-bit)
[0.039s][info][gc,init] Heap Region Size: 1M
[0.039s][info][gc,init] Heap Min Capacity: 8M
[0.039s][info][gc,init] Heap Initial Capacity: 2G
[0.039s][info][gc,init] Heap Max Capacity: 2G
[0.039s][info][gc,init] Pre-touch: Disabled
[0.057s][info][gc,init] Parallel Workers: 33
[0.057s][info][gc,init] Concurrent Workers: 8
[0.057s][info][gc,init] Concurrent Refinement Workers: 33
[0.057s][info][gc,init] Periodic GC: Disabled
[0.058s][info][gc,metaspace] CDS archive(s) mapped at: [0x0000000800000000-0x0000000800c60000-0x0000000800c60000), size 12976128, SharedBaseAddress: 0x0000000800000000, ArchiveRelocationMode: 0.
[0.058s][info][gc,metaspace] Compressed class space mapped at: 0x0000000801000000-0x0000000841000000, reserved size: 1073741824
[0.058s][info][gc,metaspace] Narrow klass base: 0x0000000800000000, Narrow klass shift: 0, Narrow klass range: 0x100000000
[9.534s][info][gc,start    ] GC(0) Pause Young (Concurrent Start) (Metadata GC Threshold)
[9.537s][info][gc,task     ] GC(0) Using 33 workers of 33 for evacuation
[9.556s][info][gc,phases   ] GC(0)   Pre Evacuate Collection Set: 1.0ms
[9.556s][info][gc,phases   ] GC(0)   Merge Heap Roots: 0.3ms
[9.556s][info][gc,phases   ] GC(0)   Evacuate Collection Set: 16.6ms
[9.556s][info][gc,phases   ] GC(0)   Post Evacuate Collection Set: 1.2ms
[9.556s][info][gc,phases   ] GC(0)   Other: 2.4ms
[9.556s][info][gc,heap     ] GC(0) Eden regions: 76->0(89)
[9.556s][info][gc,heap     ] GC(0) Survivor regions: 0->13(13)
[9.556s][info][gc,heap     ] GC(0) Old regions: 0->2
[9.556s][info][gc,heap     ] GC(0) Archive regions: 0->0
[9.556s][info][gc,heap     ] GC(0) Humongous regions: 6->6
[9.556s][info][gc,metaspace] GC(0) Metaspace: 21267K(21504K)->21267K(21504K) NonClass: 18547K(18688K)->18547K(18688K) Class: 2719K(2816K)->2719K(2816K)
[9.556s][info][gc          ] GC(0) Pause Young (Concurrent Start) (Metadata GC Threshold) 82M->20M(2048M) 22.110ms
[9.556s][info][gc          ] GC(1) Concurrent Mark Cycle
[9.556s][info][gc,cpu      ] GC(0) User=0.16s Sys=0.36s Real=0.02s
[9.556s][info][gc,marking  ] GC(1) Concurrent Scan Root Regions
[9.559s][info][gc,marking  ] GC(1) Concurrent Scan Root Regions 2.260ms
[9.559s][info][gc,marking  ] GC(1) Concurrent Mark
[9.559s][info][gc,marking  ] GC(1) Concurrent Mark From Roots
[9.559s][info][gc,task     ] GC(1) Using 8 workers of 8 for marking
[9.560s][info][gc,marking  ] GC(1) Concurrent Mark From Roots 0.811ms
[9.560s][info][gc,marking  ] GC(1) Concurrent Preclean
[9.560s][info][gc,marking  ] GC(1) Concurrent Preclean 0.020ms
[9.560s][info][gc,start    ] GC(1) Pause Remark
[9.562s][info][gc          ] GC(1) Pause Remark 21M->21M(74M) 2.464ms
[9.562s][info][gc,cpu      ] GC(1) User=0.00s Sys=0.00s Real=0.00s
[9.562s][info][gc,marking  ] GC(1) Concurrent Mark 3.543ms
[9.562s][info][gc,marking  ] GC(1) Concurrent Rebuild Remembered Sets and Scrub Regions
[9.564s][info][gc,marking  ] GC(1) Concurrent Rebuild Remembered Sets and Scrub Regions 2.116ms
[9.564s][info][gc,start    ] GC(1) Pause Cleanup
[9.565s][info][gc          ] GC(1) Pause Cleanup 21M->21M(74M) 0.105ms
[9.565s][info][gc,cpu      ] GC(1) User=0.00s Sys=0.00s Real=0.00s
[9.565s][info][gc,marking  ] GC(1) Concurrent Clear Claimed Marks
[9.565s][info][gc,marking  ] GC(1) Concurrent Clear Claimed Marks 0.041ms
[9.565s][info][gc,marking  ] GC(1) Concurrent Cleanup for Next Mark
[9.565s][info][gc,marking  ] GC(1) Concurrent Cleanup for Next Mark 0.514ms
[9.565s][info][gc          ] GC(1) Concurrent Mark Cycle 8.952ms
[10.420s][info][gc,start    ] GC(2) Pause Young (Prepare Mixed) (G1 Evacuation Pause)
[10.420s][info][gc,task     ] GC(2) Using 17 workers of 33 for evacuation
[10.432s][info][gc,phases   ] GC(2)   Pre Evacuate Collection Set: 0.2ms
[10.433s][info][gc,phases   ] GC(2)   Merge Heap Roots: 0.2ms
[10.433s][info][gc,phases   ] GC(2)   Evacuate Collection Set: 10.8ms
[10.433s][info][gc,phases   ] GC(2)   Post Evacuate Collection Set: 1.0ms
[10.433s][info][gc,phases   ] GC(2)   Other: 0.3ms
[10.433s][info][gc,heap     ] GC(2) Eden regions: 53->0(38)
[10.433s][info][gc,heap     ] GC(2) Survivor regions: 13->5(13)
[10.433s][info][gc,heap     ] GC(2) Old regions: 2->16
[10.433s][info][gc,heap     ] GC(2) Archive regions: 0->0
[10.433s][info][gc,heap     ] GC(2) Humongous regions: 6->6
[10.433s][info][gc,metaspace] GC(2) Metaspace: 33370K(33792K)->33370K(33792K) NonClass: 29145K(29376K)->29145K(29376K) Class: 4225K(4416K)->4225K(4416K)
[10.433s][info][gc          ] GC(2) Pause Young (Prepare Mixed) (G1 Evacuation Pause) 73M->25M(93M) 12.814ms
[10.433s][info][gc,cpu      ] GC(2) User=0.27s Sys=0.03s Real=0.02s
[10.539s][info][gc,start    ] GC(3) Pause Young (Mixed) (Metadata GC Threshold)
[10.540s][info][gc,task     ] GC(3) Using 9 workers of 33 for evacuation
[10.544s][info][gc,phases   ] GC(3)   Pre Evacuate Collection Set: 0.1ms
[10.544s][info][gc,phases   ] GC(3)   Merge Heap Roots: 0.1ms
[10.544s][info][gc,phases   ] GC(3)   Evacuate Collection Set: 3.6ms
[10.544s][info][gc,phases   ] GC(3)   Post Evacuate Collection Set: 0.5ms
[10.544s][info][gc,phases   ] GC(3)   Other: 0.1ms
[10.544s][info][gc,heap     ] GC(3) Eden regions: 6->0(37)
[10.544s][info][gc,heap     ] GC(3) Survivor regions: 5->2(6)
[10.544s][info][gc,heap     ] GC(3) Old regions: 16->20
[10.544s][info][gc,heap     ] GC(3) Archive regions: 0->0
[10.544s][info][gc,heap     ] GC(3) Humongous regions: 6->6
[10.544s][info][gc,metaspace] GC(3) Metaspace: 35587K(35968K)->35587K(35968K) NonClass: 31101K(31296K)->31101K(31296K) Class: 4486K(4672K)->4486K(4672K)
[10.544s][info][gc          ] GC(3) Pause Young (Mixed) (Metadata GC Threshold) 30M->26M(93M) 4.908ms
[10.544s][info][gc,cpu      ] GC(3) User=0.00s Sys=0.00s Real=0.00s
[10.596s][info][gc,start    ] GC(4) Pause Young (Concurrent Start) (Metadata GC Threshold)
[10.596s][info][gc,task     ] GC(4) Using 5 workers of 33 for evacuation
[10.599s][info][gc,phases   ] GC(4)   Pre Evacuate Collection Set: 0.2ms
[10.599s][info][gc,phases   ] GC(4)   Merge Heap Roots: 0.1ms
[10.599s][info][gc,phases   ] GC(4)   Evacuate Collection Set: 1.5ms
[10.599s][info][gc,phases   ] GC(4)   Post Evacuate Collection Set: 0.5ms
[10.599s][info][gc,phases   ] GC(4)   Other: 0.2ms
[10.599s][info][gc,heap     ] GC(4) Eden regions: 3->0(46)
[10.599s][info][gc,heap     ] GC(4) Survivor regions: 2->1(5)
[10.599s][info][gc,heap     ] GC(4) Old regions: 20->20
[10.599s][info][gc,heap     ] GC(4) Archive regions: 0->0
[10.599s][info][gc,heap     ] GC(4) Humongous regions: 6->6
[10.599s][info][gc,metaspace] GC(4) Metaspace: 35940K(36288K)->35940K(36288K) NonClass: 31409K(31616K)->31409K(31616K) Class: 4531K(4672K)->4531K(4672K)
[10.599s][info][gc          ] GC(4) Pause Young (Concurrent Start) (Metadata GC Threshold) 29M->26M(93M) 2.948ms
[10.599s][info][gc          ] GC(5) Concurrent Mark Cycle
[10.599s][info][gc,cpu      ] GC(4) User=0.00s Sys=0.00s Real=0.00s
[10.599s][info][gc,marking  ] GC(5) Concurrent Scan Root Regions
[10.601s][info][gc,marking  ] GC(5) Concurrent Scan Root Regions 2.015ms
[10.601s][info][gc,marking  ] GC(5) Concurrent Mark
[10.601s][info][gc,marking  ] GC(5) Concurrent Mark From Roots
[10.601s][info][gc,task     ] GC(5) Using 8 workers of 8 for marking
[10.612s][info][gc,marking  ] GC(5) Concurrent Mark From Roots 11.281ms
[10.612s][info][gc,marking  ] GC(5) Concurrent Preclean
[10.613s][info][gc,marking  ] GC(5) Concurrent Preclean 0.067ms
[10.613s][info][gc,start    ] GC(5) Pause Remark
[10.617s][info][gc          ] GC(5) Pause Remark 26M->26M(93M) 4.540ms
[10.617s][info][gc,cpu      ] GC(5) User=0.00s Sys=0.00s Real=0.00s
[10.617s][info][gc,marking  ] GC(5) Concurrent Mark 16.180ms
[10.617s][info][gc,marking  ] GC(5) Concurrent Rebuild Remembered Sets and Scrub Regions
[10.620s][info][gc,marking  ] GC(5) Concurrent Rebuild Remembered Sets and Scrub Regions 3.154ms
[10.621s][info][gc,start    ] GC(5) Pause Cleanup
[10.621s][info][gc          ] GC(5) Pause Cleanup 27M->27M(93M) 0.165ms
[10.621s][info][gc,cpu      ] GC(5) User=0.00s Sys=0.00s Real=0.00s
[10.621s][info][gc,marking  ] GC(5) Concurrent Clear Claimed Marks
[10.621s][info][gc,marking  ] GC(5) Concurrent Clear Claimed Marks 0.038ms
[10.621s][info][gc,marking  ] GC(5) Concurrent Cleanup for Next Mark
[10.621s][info][gc,marking  ] GC(5) Concurrent Cleanup for Next Mark 0.207ms
[10.621s][info][gc          ] GC(5) Concurrent Mark Cycle 22.111ms
[11.014s][info][gc,start    ] GC(6) Pause Young (Prepare Mixed) (G1 Evacuation Pause)
[11.014s][info][gc,task     ] GC(6) Using 3 workers of 33 for evacuation
[11.132s][info][gc,phases   ] GC(6)   Pre Evacuate Collection Set: 0.1ms
[11.133s][info][gc,phases   ] GC(6)   Merge Heap Roots: 0.1ms
[11.133s][info][gc,phases   ] GC(6)   Evacuate Collection Set: 102.6ms
[11.133s][info][gc,phases   ] GC(6)   Post Evacuate Collection Set: 15.4ms
[11.133s][info][gc,phases   ] GC(6)   Other: 0.2ms
[11.133s][info][gc,heap     ] GC(6) Eden regions: 46->0(95)
[11.133s][info][gc,heap     ] GC(6) Survivor regions: 1->6(6)
[11.133s][info][gc,heap     ] GC(6) Old regions: 20->35
[11.133s][info][gc,heap     ] GC(6) Archive regions: 0->0
[11.133s][info][gc,heap     ] GC(6) Humongous regions: 6->6
[11.133s][info][gc,metaspace] GC(6) Metaspace: 42250K(42624K)->42250K(42624K) NonClass: 36950K(37184K)->36950K(37184K) Class: 5300K(5440K)->5300K(5440K)
[11.133s][info][gc          ] GC(6) Pause Young (Prepare Mixed) (G1 Evacuation Pause) 72M->47M(1071M) 118.830ms
[11.133s][info][gc,cpu      ] GC(6) User=0.34s Sys=0.02s Real=0.13s
[11.333s][info][gc,start    ] GC(7) Pause Young (Mixed) (G1 Evacuation Pause)
[11.334s][info][gc,task     ] GC(7) Using 25 workers of 33 for evacuation
[12.312s][info][gc,mmu      ] GC(7) MMU target violated: 201.0ms (200.0ms/201.0ms)
[12.313s][info][gc,phases   ] GC(7)   Pre Evacuate Collection Set: 0.2ms
[12.313s][info][gc,phases   ] GC(7)   Merge Heap Roots: 0.1ms
[12.313s][info][gc,phases   ] GC(7)   Evacuate Collection Set: 977.4ms
[12.313s][info][gc,phases   ] GC(7)   Post Evacuate Collection Set: 1.0ms
[12.313s][info][gc,phases   ] GC(7)   Other: 0.3ms
[12.313s][info][gc,heap     ] GC(7) Eden regions: 95->0(40)
[12.313s][info][gc,heap     ] GC(7) Survivor regions: 6->13(13)
[12.313s][info][gc,heap     ] GC(7) Old regions: 35->125
[12.313s][info][gc,heap     ] GC(7) Archive regions: 0->0
[12.313s][info][gc,heap     ] GC(7) Humongous regions: 6->6
[12.313s][info][gc,metaspace] GC(7) Metaspace: 42267K(42688K)->42267K(42688K) NonClass: 36963K(37184K)->36963K(37184K) Class: 5303K(5504K)->5303K(5504K)
[12.313s][info][gc          ] GC(7) Pause Young (Mixed) (G1 Evacuation Pause) 142M->144M(1071M) 979.520ms
[12.313s][info][gc,cpu      ] GC(7) User=3.61s Sys=0.20s Real=0.98s
[12.393s][info][gc,start    ] GC(8) Pause Young (Normal) (G1 Evacuation Pause)
[12.393s][info][gc,task     ] GC(8) Using 25 workers of 33 for evacuation
[12.757s][info][gc,mmu      ] GC(8) MMU target violated: 201.0ms (200.0ms/201.0ms)
[12.757s][info][gc,phases   ] GC(8)   Pre Evacuate Collection Set: 0.2ms
[12.757s][info][gc,phases   ] GC(8)   Merge Heap Roots: 0.1ms
[12.757s][info][gc,phases   ] GC(8)   Evacuate Collection Set: 362.8ms
[12.757s][info][gc,phases   ] GC(8)   Post Evacuate Collection Set: 0.6ms
[12.757s][info][gc,phases   ] GC(8)   Other: 0.3ms
[12.757s][info][gc,heap     ] GC(8) Eden regions: 40->0(46)
[12.757s][info][gc,heap     ] GC(8) Survivor regions: 13->7(7)
[12.757s][info][gc,heap     ] GC(8) Old regions: 125->176
[12.757s][info][gc,heap     ] GC(8) Archive regions: 0->0
[12.757s][info][gc,heap     ] GC(8) Humongous regions: 6->6
[12.758s][info][gc,metaspace] GC(8) Metaspace: 42267K(42688K)->42267K(42688K) NonClass: 36963K(37184K)->36963K(37184K) Class: 5303K(5504K)->5303K(5504K)
[12.758s][info][gc          ] GC(8) Pause Young (Normal) (G1 Evacuation Pause) 184M->188M(1071M) 364.428ms
[12.758s][info][gc,cpu      ] GC(8) User=2.17s Sys=0.06s Real=0.36s
[12.858s][info][gc,start    ] GC(9) Pause Young (Normal) (G1 Evacuation Pause)
[12.858s][info][gc,task     ] GC(9) Using 25 workers of 33 for evacuation
[13.273s][info][gc,mmu      ] GC(9) MMU target violated: 201.0ms (200.0ms/201.0ms)
[13.273s][info][gc,phases   ] GC(9)   Pre Evacuate Collection Set: 0.2ms
[13.273s][info][gc,phases   ] GC(9)   Merge Heap Roots: 0.1ms
[13.273s][info][gc,phases   ] GC(9)   Evacuate Collection Set: 414.0ms
[13.273s][info][gc,phases   ] GC(9)   Post Evacuate Collection Set: 0.5ms
[13.273s][info][gc,phases   ] GC(9)   Other: 0.3ms
[13.273s][info][gc,heap     ] GC(9) Eden regions: 46->0(46)
[13.273s][info][gc,heap     ] GC(9) Survivor regions: 7->7(7)
[13.273s][info][gc,heap     ] GC(9) Old regions: 176->226
[13.273s][info][gc,heap     ] GC(9) Archive regions: 0->0
[13.273s][info][gc,heap     ] GC(9) Humongous regions: 6->6
[13.273s][info][gc,metaspace] GC(9) Metaspace: 42267K(42688K)->42267K(42688K) NonClass: 36963K(37184K)->36963K(37184K) Class: 5303K(5504K)->5303K(5504K)
[13.273s][info][gc          ] GC(9) Pause Young (Normal) (G1 Evacuation Pause) 234M->238M(1071M) 415.610ms
[13.273s][info][gc,cpu      ] GC(9) User=1.97s Sys=0.14s Real=0.41s
[13.362s][info][gc,start    ] GC(10) Pause Young (Normal) (G1 Evacuation Pause)
[13.362s][info][gc,task     ] GC(10) Using 25 workers of 33 for evacuation
[13.787s][info][gc,mmu      ] GC(10) MMU target violated: 201.0ms (200.0ms/201.0ms)
[13.788s][info][gc,phases   ] GC(10)   Pre Evacuate Collection Set: 0.2ms
[13.788s][info][gc,phases   ] GC(10)   Merge Heap Roots: 0.1ms
[13.788s][info][gc,phases   ] GC(10)   Evacuate Collection Set: 419.2ms
[13.788s][info][gc,phases   ] GC(10)   Post Evacuate Collection Set: 5.8ms
[13.788s][info][gc,phases   ] GC(10)   Other: 0.3ms
[13.788s][info][gc,heap     ] GC(10) Eden regions: 46->0(66)
[13.788s][info][gc,heap     ] GC(10) Survivor regions: 7->7(7)
[13.788s][info][gc,heap     ] GC(10) Old regions: 226->275
[13.788s][info][gc,heap     ] GC(10) Archive regions: 0->0
[13.788s][info][gc,heap     ] GC(10) Humongous regions: 6->6
[13.788s][info][gc,metaspace] GC(10) Metaspace: 42267K(42688K)->42267K(42688K) NonClass: 36963K(37184K)->36963K(37184K) Class: 5303K(5504K)->5303K(5504K)
[13.788s][info][gc          ] GC(10) Pause Young (Normal) (G1 Evacuation Pause) 284M->288M(1462M) 425.965ms
[13.788s][info][gc,cpu      ] GC(10) User=2.13s Sys=0.05s Real=0.43s
[13.957s][info][gc,start    ] GC(11) Pause Young (Normal) (G1 Evacuation Pause)
[13.957s][info][gc,task     ] GC(11) Using 33 workers of 33 for evacuation
[14.588s][info][gc,mmu      ] GC(11) MMU target violated: 201.0ms (200.0ms/201.0ms)
[14.588s][info][gc,phases   ] GC(11)   Pre Evacuate Collection Set: 0.2ms
[14.588s][info][gc,phases   ] GC(11)   Merge Heap Roots: 0.1ms
[14.589s][info][gc,phases   ] GC(11)   Evacuate Collection Set: 629.8ms
[14.589s][info][gc,phases   ] GC(11)   Post Evacuate Collection Set: 0.7ms
[14.589s][info][gc,phases   ] GC(11)   Other: 0.3ms
[14.589s][info][gc,heap     ] GC(11) Eden regions: 66->0(63)
[14.589s][info][gc,heap     ] GC(11) Survivor regions: 7->10(10)
[14.589s][info][gc,heap     ] GC(11) Old regions: 275->344
[14.589s][info][gc,heap     ] GC(11) Archive regions: 0->0
[14.589s][info][gc,heap     ] GC(11) Humongous regions: 6->6
[14.589s][info][gc,metaspace] GC(11) Metaspace: 42267K(42688K)->42267K(42688K) NonClass: 36963K(37184K)->36963K(37184K) Class: 5303K(5504K)->5303K(5504K)
[14.589s][info][gc          ] GC(11) Pause Young (Normal) (G1 Evacuation Pause) 354M->360M(1462M) 631.564ms
[14.589s][info][gc,cpu      ] GC(11) User=2.98s Sys=0.06s Real=0.63s
[14.720s][info][gc,start    ] GC(12) Pause Young (Normal) (G1 Evacuation Pause)
[14.720s][info][gc,task     ] GC(12) Using 33 workers of 33 for evacuation
[15.302s][info][gc,mmu      ] GC(12) MMU target violated: 201.0ms (200.0ms/201.0ms)
[15.302s][info][gc,phases   ] GC(12)   Pre Evacuate Collection Set: 0.2ms
[15.302s][info][gc,phases   ] GC(12)   Merge Heap Roots: 0.2ms
[15.302s][info][gc,phases   ] GC(12)   Evacuate Collection Set: 581.0ms
[15.302s][info][gc,phases   ] GC(12)   Post Evacuate Collection Set: 0.7ms
[15.302s][info][gc,phases   ] GC(12)   Other: 0.3ms
[15.302s][info][gc,heap     ] GC(12) Eden regions: 63->0(68)
[15.302s][info][gc,heap     ] GC(12) Survivor regions: 10->10(10)
[15.302s][info][gc,heap     ] GC(12) Old regions: 344->412
[15.302s][info][gc,heap     ] GC(12) Archive regions: 0->0
[15.302s][info][gc,heap     ] GC(12) Humongous regions: 6->6
[15.302s][info][gc,metaspace] GC(12) Metaspace: 42267K(42688K)->42267K(42688K) NonClass: 36963K(37184K)->36963K(37184K) Class: 5303K(5504K)->5303K(5504K)
[15.303s][info][gc          ] GC(12) Pause Young (Normal) (G1 Evacuation Pause) 423M->427M(1462M) 582.959ms
[15.303s][info][gc,cpu      ] GC(12) User=2.91s Sys=0.13s Real=0.59s
[15.436s][info][gc,start    ] GC(13) Pause Young (Normal) (G1 Evacuation Pause)
[15.436s][info][gc,task     ] GC(13) Using 33 workers of 33 for evacuation
[16.057s][info][gc,mmu      ] GC(13) MMU target violated: 201.0ms (200.0ms/201.0ms)
[16.057s][info][gc,phases   ] GC(13)   Pre Evacuate Collection Set: 0.2ms
[16.057s][info][gc,phases   ] GC(13)   Merge Heap Roots: 0.2ms
[16.057s][info][gc,phases   ] GC(13)   Evacuate Collection Set: 619.6ms
[16.057s][info][gc,phases   ] GC(13)   Post Evacuate Collection Set: 0.7ms
[16.057s][info][gc,phases   ] GC(13)   Other: 0.3ms
[16.057s][info][gc,heap     ] GC(13) Eden regions: 68->0(82)
[16.058s][info][gc,heap     ] GC(13) Survivor regions: 10->10(10)
[16.058s][info][gc,heap     ] GC(13) Old regions: 412->484
[16.058s][info][gc,heap     ] GC(13) Archive regions: 0->0
[16.058s][info][gc,heap     ] GC(13) Humongous regions: 6->6
[16.058s][info][gc,metaspace] GC(13) Metaspace: 42267K(42688K)->42267K(42688K) NonClass: 36963K(37184K)->36963K(37184K) Class: 5303K(5504K)->5303K(5504K)
[16.058s][info][gc          ] GC(13) Pause Young (Normal) (G1 Evacuation Pause) 495M->500M(1462M) 621.363ms
[16.058s][info][gc,cpu      ] GC(13) User=2.84s Sys=0.13s Real=0.62s
[16.221s][info][gc,start    ] GC(14) Pause Young (Normal) (G1 Evacuation Pause)
[16.221s][info][gc,task     ] GC(14) Using 33 workers of 33 for evacuation
[17.005s][info][gc,mmu      ] GC(14) MMU target violated: 201.0ms (200.0ms/201.0ms)
[17.005s][info][gc,phases   ] GC(14)   Pre Evacuate Collection Set: 0.2ms
[17.005s][info][gc,phases   ] GC(14)   Merge Heap Roots: 0.2ms
[17.005s][info][gc,phases   ] GC(14)   Evacuate Collection Set: 779.0ms
[17.005s][info][gc,phases   ] GC(14)   Post Evacuate Collection Set: 4.4ms
[17.005s][info][gc,phases   ] GC(14)   Other: 0.3ms
[17.005s][info][gc,heap     ] GC(14) Eden regions: 82->0(93)
[17.006s][info][gc,heap     ] GC(14) Survivor regions: 10->12(12)
[17.006s][info][gc,heap     ] GC(14) Old regions: 484->569
[17.006s][info][gc,heap     ] GC(14) Archive regions: 0->0
[17.006s][info][gc,heap     ] GC(14) Humongous regions: 6->6
[17.006s][info][gc,metaspace] GC(14) Metaspace: 42267K(42688K)->42267K(42688K) NonClass: 36963K(37184K)->36963K(37184K) Class: 5303K(5504K)->5303K(5504K)
[17.006s][info][gc          ] GC(14) Pause Young (Normal) (G1 Evacuation Pause) 582M->587M(1697M) 784.533ms
[17.006s][info][gc,cpu      ] GC(14) User=3.20s Sys=0.14s Real=0.79s
[18.319s][info][gc,start    ] GC(15) Pause Young (Normal) (G1 Evacuation Pause)
[18.319s][info][gc,task     ] GC(15) Using 33 workers of 33 for evacuation
[18.907s][info][gc,mmu      ] GC(15) MMU target violated: 201.0ms (200.0ms/201.0ms)
[18.907s][info][gc,phases   ] GC(15)   Pre Evacuate Collection Set: 0.2ms
[18.907s][info][gc,phases   ] GC(15)   Merge Heap Roots: 0.2ms
[18.907s][info][gc,phases   ] GC(15)   Evacuate Collection Set: 585.8ms
[18.907s][info][gc,phases   ] GC(15)   Post Evacuate Collection Set: 1.3ms
[18.907s][info][gc,phases   ] GC(15)   Other: 0.2ms
[18.907s][info][gc,heap     ] GC(15) Eden regions: 93->0(110)
[18.907s][info][gc,heap     ] GC(15) Survivor regions: 12->14(14)
[18.907s][info][gc,heap     ] GC(15) Old regions: 569->639
[18.907s][info][gc,heap     ] GC(15) Archive regions: 0->0
[18.908s][info][gc,heap     ] GC(15) Humongous regions: 11->6
[18.908s][info][gc,metaspace] GC(15) Metaspace: 48323K(48768K)->48323K(48768K) NonClass: 42185K(42432K)->42185K(42432K) Class: 6138K(6336K)->6138K(6336K)
[18.908s][info][gc          ] GC(15) Pause Young (Normal) (G1 Evacuation Pause) 685M->659M(1697M) 588.241ms
[18.908s][info][gc,cpu      ] GC(15) User=2.53s Sys=0.09s Real=0.59s
[19.041s][info][gc,start    ] GC(16) Pause Full (System.gc())
[19.041s][info][gc,task     ] GC(16) Using 33 workers of 33 for full compaction
[19.043s][info][gc,phases,start] GC(16) Phase 1: Mark live objects
[19.062s][info][gc,phases      ] GC(16) Phase 1: Mark live objects 18.615ms
[19.062s][info][gc,phases,start] GC(16) Phase 2: Prepare compaction
[19.068s][info][gc,phases      ] GC(16) Phase 2: Prepare compaction 6.105ms
[19.068s][info][gc,phases,start] GC(16) Phase 3: Adjust pointers
[19.074s][info][gc,phases      ] GC(16) Phase 3: Adjust pointers 5.367ms
[19.074s][info][gc,phases,start] GC(16) Phase 4: Compact heap
[19.075s][info][gc,phases      ] GC(16) Phase 4: Compact heap 1.390ms
[19.089s][info][gc,heap        ] GC(16) Eden regions: 11->0(32)
[19.089s][info][gc,heap        ] GC(16) Survivor regions: 14->0(14)
[19.089s][info][gc,heap        ] GC(16) Old regions: 639->37
[19.089s][info][gc,heap        ] GC(16) Archive regions: 0->0
[19.089s][info][gc,heap        ] GC(16) Humongous regions: 6->6
[19.089s][info][gc,metaspace   ] GC(16) Metaspace: 49981K(50496K)->49981K(50496K) NonClass: 43677K(43968K)->43677K(43968K) Class: 6304K(6528K)->6304K(6528K)
[19.089s][info][gc             ] GC(16) Pause Full (System.gc()) 669M->27M(144M) 47.339ms
[19.089s][info][gc,cpu         ] GC(16) User=0.58s Sys=0.92s Real=0.05s
[19.454s][info][gc,start       ] GC(17) Pause Young (Normal) (G1 Evacuation Pause)
[19.454s][info][gc,task        ] GC(17) Using 18 workers of 33 for evacuation
[19.456s][info][gc,phases      ] GC(17)   Pre Evacuate Collection Set: 0.1ms
[19.456s][info][gc,phases      ] GC(17)   Merge Heap Roots: 0.1ms
[19.456s][info][gc,phases      ] GC(17)   Evacuate Collection Set: 1.2ms
[19.456s][info][gc,phases      ] GC(17)   Post Evacuate Collection Set: 0.7ms
[19.456s][info][gc,phases      ] GC(17)   Other: 0.1ms
[19.456s][info][gc,heap        ] GC(17) Eden regions: 32->0(36)
[19.456s][info][gc,heap        ] GC(17) Survivor regions: 0->3(4)
[19.456s][info][gc,heap        ] GC(17) Old regions: 37->37
[19.456s][info][gc,heap        ] GC(17) Archive regions: 0->0
[19.456s][info][gc,heap        ] GC(17) Humongous regions: 6->6
[19.456s][info][gc,metaspace   ] GC(17) Metaspace: 55163K(55744K)->55163K(55744K) NonClass: 48247K(48512K)->48247K(48512K) Class: 6916K(7232K)->6916K(7232K)
[19.456s][info][gc             ] GC(17) Pause Young (Normal) (G1 Evacuation Pause) 59M->30M(144M) 2.804ms
[19.456s][info][gc,cpu         ] GC(17) User=0.00s Sys=0.00s Real=0.00s
[19.874s][info][gc,start       ] GC(18) Pause Young (Normal) (G1 Evacuation Pause)
[19.875s][info][gc,task        ] GC(18) Using 10 workers of 33 for evacuation
[19.877s][info][gc,phases      ] GC(18)   Pre Evacuate Collection Set: 0.1ms
[19.877s][info][gc,phases      ] GC(18)   Merge Heap Roots: 0.1ms
[19.877s][info][gc,phases      ] GC(18)   Evacuate Collection Set: 2.1ms
[19.877s][info][gc,phases      ] GC(18)   Post Evacuate Collection Set: 0.5ms
[19.877s][info][gc,phases      ] GC(18)   Other: 0.1ms
[19.877s][info][gc,heap        ] GC(18) Eden regions: 36->0(38)
[19.877s][info][gc,heap        ] GC(18) Survivor regions: 3->5(5)
[19.877s][info][gc,heap        ] GC(18) Old regions: 37->40
[19.877s][info][gc,heap        ] GC(18) Archive regions: 0->0
[19.877s][info][gc,heap        ] GC(18) Humongous regions: 11->6
[19.877s][info][gc,metaspace   ] GC(18) Metaspace: 58916K(59776K)->58916K(59776K) NonClass: 51430K(51904K)->51430K(51904K) Class: 7486K(7872K)->7486K(7872K)
[19.878s][info][gc             ] GC(18) Pause Young (Normal) (G1 Evacuation Pause) 71M->35M(144M) 3.089ms
[19.878s][info][gc,cpu         ] GC(18) User=0.13s Sys=0.00s Real=0.02s
[19.958s][info][gc,start       ] GC(19) Pause Young (Normal) (G1 Evacuation Pause)
[19.958s][info][gc,task        ] GC(19) Using 6 workers of 33 for evacuation
[19.960s][info][gc,phases      ] GC(19)   Pre Evacuate Collection Set: 0.1ms
[19.961s][info][gc,phases      ] GC(19)   Merge Heap Roots: 0.1ms
[19.961s][info][gc,phases      ] GC(19)   Evacuate Collection Set: 2.2ms
[19.961s][info][gc,phases      ] GC(19)   Post Evacuate Collection Set: 0.3ms
[19.961s][info][gc,phases      ] GC(19)   Other: 0.1ms
[19.961s][info][gc,heap        ] GC(19) Eden regions: 38->0(42)
[19.961s][info][gc,heap        ] GC(19) Survivor regions: 5->1(6)
[19.961s][info][gc,heap        ] GC(19) Old regions: 40->46
[19.961s][info][gc,heap        ] GC(19) Archive regions: 0->0
[19.961s][info][gc,heap        ] GC(19) Humongous regions: 6->6
[19.961s][info][gc,metaspace   ] GC(19) Metaspace: 58943K(59776K)->58943K(59776K) NonClass: 51456K(51904K)->51456K(51904K) Class: 7486K(7872K)->7486K(7872K)
[19.961s][info][gc             ] GC(19) Pause Young (Normal) (G1 Evacuation Pause) 73M->36M(144M) 3.208ms
[19.961s][info][gc,cpu         ] GC(19) User=0.00s Sys=0.00s Real=0.00s
[20.005s][info][gc,start       ] GC(20) Pause Young (Normal) (G1 Evacuation Pause)
[20.005s][info][gc,task        ] GC(20) Using 4 workers of 33 for evacuation
[20.006s][info][gc,phases      ] GC(20)   Pre Evacuate Collection Set: 0.1ms
[20.006s][info][gc,phases      ] GC(20)   Merge Heap Roots: 0.1ms
[20.006s][info][gc,phases      ] GC(20)   Evacuate Collection Set: 0.4ms
[20.006s][info][gc,phases      ] GC(20)   Post Evacuate Collection Set: 0.5ms
[20.006s][info][gc,phases      ] GC(20)   Other: 0.1ms
[20.006s][info][gc,heap        ] GC(20) Eden regions: 42->0(47)
[20.006s][info][gc,heap        ] GC(20) Survivor regions: 1->1(6)
[20.006s][info][gc,heap        ] GC(20) Old regions: 46->46
[20.006s][info][gc,heap        ] GC(20) Archive regions: 0->0
[20.006s][info][gc,heap        ] GC(20) Humongous regions: 6->6
[20.006s][info][gc,metaspace   ] GC(20) Metaspace: 58959K(59776K)->58959K(59776K) NonClass: 51471K(51904K)->51471K(51904K) Class: 7488K(7872K)->7488K(7872K)
[20.006s][info][gc             ] GC(20) Pause Young (Normal) (G1 Evacuation Pause) 78M->36M(144M) 1.557ms
[20.007s][info][gc,cpu         ] GC(20) User=0.00s Sys=0.00s Real=0.00s
[20.051s][info][gc,start       ] GC(21) Pause Young (Normal) (G1 Evacuation Pause)
[20.051s][info][gc,task        ] GC(21) Using 3 workers of 33 for evacuation
[20.057s][info][gc,phases      ] GC(21)   Pre Evacuate Collection Set: 0.1ms
[20.057s][info][gc,phases      ] GC(21)   Merge Heap Roots: 0.1ms
[20.057s][info][gc,phases      ] GC(21)   Evacuate Collection Set: 0.5ms
[20.057s][info][gc,phases      ] GC(21)   Post Evacuate Collection Set: 5.1ms
[20.057s][info][gc,phases      ] GC(21)   Other: 0.1ms
[20.057s][info][gc,heap        ] GC(21) Eden regions: 47->0(138)
[20.057s][info][gc,heap        ] GC(21) Survivor regions: 1->1(6)
[20.057s][info][gc,heap        ] GC(21) Old regions: 46->46
[20.057s][info][gc,heap        ] GC(21) Archive regions: 0->0
[20.057s][info][gc,heap        ] GC(21) Humongous regions: 6->6
[20.057s][info][gc,metaspace   ] GC(21) Metaspace: 58968K(59776K)->58968K(59776K) NonClass: 51480K(51904K)->51480K(51904K) Class: 7488K(7872K)->7488K(7872K)
[20.057s][info][gc             ] GC(21) Pause Young (Normal) (G1 Evacuation Pause) 83M->36M(1096M) 6.192ms
[20.057s][info][gc,cpu         ] GC(21) User=0.00s Sys=0.00s Real=0.00s
[20.137s][info][gc,start       ] GC(22) Pause Young (Normal) (G1 Evacuation Pause)
[20.137s][info][gc,task        ] GC(22) Using 26 workers of 33 for evacuation
[20.138s][info][gc,phases      ] GC(22)   Pre Evacuate Collection Set: 0.2ms
[20.138s][info][gc,phases      ] GC(22)   Merge Heap Roots: 0.1ms
[20.138s][info][gc,phases      ] GC(22)   Evacuate Collection Set: 0.5ms
[20.138s][info][gc,phases      ] GC(22)   Post Evacuate Collection Set: 0.5ms
[20.138s][info][gc,phases      ] GC(22)   Other: 0.2ms
[20.138s][info][gc,heap        ] GC(22) Eden regions: 138->0(656)
[20.139s][info][gc,heap        ] GC(22) Survivor regions: 1->1(18)
[20.139s][info][gc,heap        ] GC(22) Old regions: 46->46
[20.139s][info][gc,heap        ] GC(22) Archive regions: 0->0
[20.139s][info][gc,heap        ] GC(22) Humongous regions: 6->6
[20.139s][info][gc,metaspace   ] GC(22) Metaspace: 58991K(59840K)->58991K(59840K) NonClass: 51503K(51968K)->51503K(51968K) Class: 7488K(7872K)->7488K(7872K)
[20.139s][info][gc             ] GC(22) Pause Young (Normal) (G1 Evacuation Pause) 174M->36M(1096M) 2.000ms
[20.139s][info][gc,cpu         ] GC(22) User=0.00s Sys=0.00s Real=0.00s
[20.428s][info][gc,start       ] GC(23) Pause Young (Normal) (G1 Evacuation Pause)
[20.428s][info][gc,task        ] GC(23) Using 26 workers of 33 for evacuation
[20.431s][info][gc,phases      ] GC(23)   Pre Evacuate Collection Set: 0.2ms
[20.431s][info][gc,phases      ] GC(23)   Merge Heap Roots: 0.3ms
[20.431s][info][gc,phases      ] GC(23)   Evacuate Collection Set: 0.7ms
[20.431s][info][gc,phases      ] GC(23)   Post Evacuate Collection Set: 0.7ms
[20.431s][info][gc,phases      ] GC(23)   Other: 0.5ms
[20.431s][info][gc,heap        ] GC(23) Eden regions: 656->0(656)
[20.431s][info][gc,heap        ] GC(23) Survivor regions: 1->1(83)
[20.431s][info][gc,heap        ] GC(23) Old regions: 46->46
[20.431s][info][gc,heap        ] GC(23) Archive regions: 0->0
[20.431s][info][gc,heap        ] GC(23) Humongous regions: 6->6
[20.431s][info][gc,metaspace   ] GC(23) Metaspace: 59020K(59904K)->59020K(59904K) NonClass: 51532K(52032K)->51532K(52032K) Class: 7488K(7872K)->7488K(7872K)
[20.431s][info][gc             ] GC(23) Pause Young (Normal) (G1 Evacuation Pause) 692M->36M(1096M) 2.901ms
[20.431s][info][gc,cpu         ] GC(23) User=0.00s Sys=0.00s Real=0.00s
[20.676s][info][gc,start       ] GC(24) Pause Young (Normal) (G1 Evacuation Pause)
[20.676s][info][gc,task        ] GC(24) Using 26 workers of 33 for evacuation
[20.678s][info][gc,phases      ] GC(24)   Pre Evacuate Collection Set: 0.2ms
[20.678s][info][gc,phases      ] GC(24)   Merge Heap Roots: 0.3ms
[20.678s][info][gc,phases      ] GC(24)   Evacuate Collection Set: 0.5ms
[20.678s][info][gc,phases      ] GC(24)   Post Evacuate Collection Set: 0.7ms
[20.678s][info][gc,phases      ] GC(24)   Other: 0.2ms
[20.679s][info][gc,heap        ] GC(24) Eden regions: 656->0(656)
[20.679s][info][gc,heap        ] GC(24) Survivor regions: 1->1(83)
[20.679s][info][gc,heap        ] GC(24) Old regions: 46->46
[20.679s][info][gc,heap        ] GC(24) Archive regions: 0->0
[20.679s][info][gc,heap        ] GC(24) Humongous regions: 6->6
[20.679s][info][gc,metaspace   ] GC(24) Metaspace: 59020K(59904K)->59020K(59904K) NonClass: 51532K(52032K)->51532K(52032K) Class: 7488K(7872K)->7488K(7872K)
[20.679s][info][gc             ] GC(24) Pause Young (Normal) (G1 Evacuation Pause) 692M->36M(1096M) 2.390ms
[20.679s][info][gc,cpu         ] GC(24) User=0.00s Sys=0.00s Real=0.00s
[20.940s][info][gc,start       ] GC(25) Pause Young (Normal) (G1 Evacuation Pause)
[20.940s][info][gc,task        ] GC(25) Using 26 workers of 33 for evacuation
[20.942s][info][gc,phases      ] GC(25)   Pre Evacuate Collection Set: 0.2ms
[20.942s][info][gc,phases      ] GC(25)   Merge Heap Roots: 0.3ms
[20.942s][info][gc,phases      ] GC(25)   Evacuate Collection Set: 0.7ms
[20.942s][info][gc,phases      ] GC(25)   Post Evacuate Collection Set: 0.9ms
[20.942s][info][gc,phases      ] GC(25)   Other: 0.2ms
[20.942s][info][gc,heap        ] GC(25) Eden regions: 656->0(656)
[20.942s][info][gc,heap        ] GC(25) Survivor regions: 1->1(83)
[20.942s][info][gc,heap        ] GC(25) Old regions: 46->46
[20.942s][info][gc,heap        ] GC(25) Archive regions: 0->0
[20.942s][info][gc,heap        ] GC(25) Humongous regions: 6->6
[20.942s][info][gc,metaspace   ] GC(25) Metaspace: 59096K(59968K)->59096K(59968K) NonClass: 51600K(52096K)->51600K(52096K) Class: 7496K(7872K)->7496K(7872K)
[20.943s][info][gc             ] GC(25) Pause Young (Normal) (G1 Evacuation Pause) 692M->36M(1096M) 2.963ms
[20.943s][info][gc,cpu         ] GC(25) User=0.00s Sys=0.00s Real=0.00s
[21.203s][info][gc,start       ] GC(26) Pause Young (Normal) (G1 Evacuation Pause)
[21.203s][info][gc,task        ] GC(26) Using 26 workers of 33 for evacuation
[21.205s][info][gc,phases      ] GC(26)   Pre Evacuate Collection Set: 0.2ms
[21.205s][info][gc,phases      ] GC(26)   Merge Heap Roots: 0.3ms
[21.206s][info][gc,phases      ] GC(26)   Evacuate Collection Set: 0.6ms
[21.206s][info][gc,phases      ] GC(26)   Post Evacuate Collection Set: 1.1ms
[21.206s][info][gc,phases      ] GC(26)   Other: 0.2ms
[21.206s][info][gc,heap        ] GC(26) Eden regions: 656->0(656)
[21.206s][info][gc,heap        ] GC(26) Survivor regions: 1->1(83)
[21.206s][info][gc,heap        ] GC(26) Old regions: 46->46
[21.206s][info][gc,heap        ] GC(26) Archive regions: 0->0
[21.206s][info][gc,heap        ] GC(26) Humongous regions: 6->6
[21.206s][info][gc,metaspace   ] GC(26) Metaspace: 59578K(60480K)->59578K(60480K) NonClass: 51977K(52480K)->51977K(52480K) Class: 7600K(8000K)->7600K(8000K)
[21.206s][info][gc             ] GC(26) Pause Young (Normal) (G1 Evacuation Pause) 692M->36M(1096M) 2.919ms
[21.206s][info][gc,cpu         ] GC(26) User=0.00s Sys=0.00s Real=0.00s
[21.470s][info][gc,start       ] GC(27) Pause Young (Normal) (G1 Evacuation Pause)
[21.470s][info][gc,task        ] GC(27) Using 26 workers of 33 for evacuation
[21.472s][info][gc,phases      ] GC(27)   Pre Evacuate Collection Set: 0.2ms
[21.473s][info][gc,phases      ] GC(27)   Merge Heap Roots: 0.3ms
[21.473s][info][gc,phases      ] GC(27)   Evacuate Collection Set: 0.9ms
[21.473s][info][gc,phases      ] GC(27)   Post Evacuate Collection Set: 0.9ms
[21.473s][info][gc,phases      ] GC(27)   Other: 0.2ms
[21.473s][info][gc,heap        ] GC(27) Eden regions: 656->0(656)
[21.473s][info][gc,heap        ] GC(27) Survivor regions: 1->1(83)
[21.473s][info][gc,heap        ] GC(27) Old regions: 46->46
[21.473s][info][gc,heap        ] GC(27) Archive regions: 0->0
[21.473s][info][gc,heap        ] GC(27) Humongous regions: 6->6
[21.473s][info][gc,metaspace   ] GC(27) Metaspace: 59578K(60480K)->59578K(60480K) NonClass: 51977K(52480K)->51977K(52480K) Class: 7600K(8000K)->7600K(8000K)
[21.473s][info][gc             ] GC(27) Pause Young (Normal) (G1 Evacuation Pause) 692M->36M(1096M) 3.022ms
[21.473s][info][gc,cpu         ] GC(27) User=0.00s Sys=0.00s Real=0.00s
[21.736s][info][gc,start       ] GC(28) Pause Young (Normal) (G1 Evacuation Pause)
[21.736s][info][gc,task        ] GC(28) Using 26 workers of 33 for evacuation
[21.738s][info][gc,phases      ] GC(28)   Pre Evacuate Collection Set: 0.2ms
[21.738s][info][gc,phases      ] GC(28)   Merge Heap Roots: 0.3ms
[21.738s][info][gc,phases      ] GC(28)   Evacuate Collection Set: 0.6ms
[21.738s][info][gc,phases      ] GC(28)   Post Evacuate Collection Set: 0.9ms
[21.738s][info][gc,phases      ] GC(28)   Other: 0.2ms
[21.738s][info][gc,heap        ] GC(28) Eden regions: 656->0(656)
[21.738s][info][gc,heap        ] GC(28) Survivor regions: 1->1(83)
[21.738s][info][gc,heap        ] GC(28) Old regions: 46->46
[21.738s][info][gc,heap        ] GC(28) Archive regions: 0->0
[21.738s][info][gc,heap        ] GC(28) Humongous regions: 6->6
[21.738s][info][gc,metaspace   ] GC(28) Metaspace: 59578K(60480K)->59578K(60480K) NonClass: 51977K(52480K)->51977K(52480K) Class: 7600K(8000K)->7600K(8000K)
[21.739s][info][gc             ] GC(28) Pause Young (Normal) (G1 Evacuation Pause) 692M->36M(1096M) 2.629ms
[21.739s][info][gc,cpu         ] GC(28) User=0.00s Sys=0.00s Real=0.00s
[22.273s][info][gc,start       ] GC(29) Pause Young (Normal) (G1 Evacuation Pause)
[22.273s][info][gc,task        ] GC(29) Using 26 workers of 33 for evacuation
[22.276s][info][gc,phases      ] GC(29)   Pre Evacuate Collection Set: 0.2ms
[22.276s][info][gc,phases      ] GC(29)   Merge Heap Roots: 0.4ms
[22.276s][info][gc,phases      ] GC(29)   Evacuate Collection Set: 1.0ms
[22.276s][info][gc,phases      ] GC(29)   Post Evacuate Collection Set: 1.1ms
[22.276s][info][gc,phases      ] GC(29)   Other: 0.2ms
[22.277s][info][gc,heap        ] GC(29) Eden regions: 656->0(656)
[22.277s][info][gc,heap        ] GC(29) Survivor regions: 1->1(83)
[22.277s][info][gc,heap        ] GC(29) Old regions: 46->46
[22.277s][info][gc,heap        ] GC(29) Archive regions: 0->0
[22.277s][info][gc,heap        ] GC(29) Humongous regions: 6->6
[22.277s][info][gc,metaspace   ] GC(29) Metaspace: 59587K(60480K)->59587K(60480K) NonClass: 51986K(52480K)->51986K(52480K) Class: 7600K(8000K)->7600K(8000K)
[22.277s][info][gc             ] GC(29) Pause Young (Normal) (G1 Evacuation Pause) 692M->36M(1096M) 3.640ms
[22.277s][info][gc,cpu         ] GC(29) User=0.00s Sys=0.00s Real=0.00s
[23.579s][info][gc,start       ] GC(30) Pause Young (Normal) (G1 Evacuation Pause)
[23.579s][info][gc,task        ] GC(30) Using 26 workers of 33 for evacuation
[23.619s][info][gc,phases      ] GC(30)   Pre Evacuate Collection Set: 0.2ms
[23.619s][info][gc,phases      ] GC(30)   Merge Heap Roots: 0.5ms
[23.619s][info][gc,phases      ] GC(30)   Evacuate Collection Set: 38.1ms
[23.619s][info][gc,phases      ] GC(30)   Post Evacuate Collection Set: 0.8ms
[23.619s][info][gc,phases      ] GC(30)   Other: 0.2ms
[23.619s][info][gc,heap        ] GC(30) Eden regions: 656->0(574)
[23.619s][info][gc,heap        ] GC(30) Survivor regions: 1->83(83)
[23.619s][info][gc,heap        ] GC(30) Old regions: 46->51
[23.619s][info][gc,heap        ] GC(30) Archive regions: 0->0
[23.619s][info][gc,heap        ] GC(30) Humongous regions: 35->30
[23.619s][info][gc,metaspace   ] GC(30) Metaspace: 61501K(62528K)->61501K(62528K) NonClass: 53581K(54144K)->53581K(54144K) Class: 7920K(8384K)->7920K(8384K)
[23.619s][info][gc             ] GC(30) Pause Young (Normal) (G1 Evacuation Pause) 721M->147M(1096M) 40.247ms
[23.619s][info][gc,cpu         ] GC(30) User=0.72s Sys=0.50s Real=0.05s
[24.470s][info][gc,start       ] GC(31) Pause Young (Normal) (G1 Evacuation Pause)
[24.470s][info][gc,task        ] GC(31) Using 26 workers of 33 for evacuation
[24.537s][info][gc,phases      ] GC(31)   Pre Evacuate Collection Set: 0.2ms
[24.537s][info][gc,phases      ] GC(31)   Merge Heap Roots: 0.6ms
[24.537s][info][gc,phases      ] GC(31)   Evacuate Collection Set: 65.3ms
[24.537s][info][gc,phases      ] GC(31)   Post Evacuate Collection Set: 0.9ms
[24.537s][info][gc,phases      ] GC(31)   Other: 0.2ms
[24.537s][info][gc,heap        ] GC(31) Eden regions: 574->0(243)
[24.537s][info][gc,heap        ] GC(31) Survivor regions: 83->83(83)
[24.537s][info][gc,heap        ] GC(31) Old regions: 51->168
[24.537s][info][gc,heap        ] GC(31) Archive regions: 0->0
[24.537s][info][gc,heap        ] GC(31) Humongous regions: 82->82
[24.537s][info][gc,metaspace   ] GC(31) Metaspace: 62000K(63104K)->62000K(63104K) NonClass: 54016K(54656K)->54016K(54656K) Class: 7983K(8448K)->7983K(8448K)
[24.537s][info][gc             ] GC(31) Pause Young (Normal) (G1 Evacuation Pause) 773M->317M(1096M) 67.654ms
[24.537s][info][gc,cpu         ] GC(31) User=1.81s Sys=0.22s Real=0.08s
[24.598s][info][gc,start       ] GC(32) Pause Young (Normal) (G1 Evacuation Pause)
[24.598s][info][gc,task        ] GC(32) Using 26 workers of 33 for evacuation
[24.639s][info][gc,phases      ] GC(32)   Pre Evacuate Collection Set: 0.2ms
[24.639s][info][gc,phases      ] GC(32)   Merge Heap Roots: 0.9ms
[24.639s][info][gc,phases      ] GC(32)   Evacuate Collection Set: 39.2ms
[24.639s][info][gc,phases      ] GC(32)   Post Evacuate Collection Set: 0.5ms
[24.639s][info][gc,phases      ] GC(32)   Other: 0.2ms
[24.639s][info][gc,heap        ] GC(32) Eden regions: 107->0(547)
[24.639s][info][gc,heap        ] GC(32) Survivor regions: 83->21(24)
[24.639s][info][gc,heap        ] GC(32) Old regions: 168->258
[24.639s][info][gc,heap        ] GC(32) Archive regions: 0->0
[24.639s][info][gc,heap        ] GC(32) Humongous regions: 94->94
[24.639s][info][gc,metaspace   ] GC(32) Metaspace: 62002K(63104K)->62002K(63104K) NonClass: 54018K(54656K)->54018K(54656K) Class: 7983K(8448K)->7983K(8448K)
[24.639s][info][gc             ] GC(32) Pause Young (Normal) (G1 Evacuation Pause) 436M->357M(1096M) 41.202ms
[24.639s][info][gc,cpu         ] GC(32) User=0.72s Sys=0.09s Real=0.03s
[24.934s][info][gc,start       ] GC(33) Pause Young (Normal) (G1 Evacuation Pause)
[24.934s][info][gc,task        ] GC(33) Using 26 workers of 33 for evacuation
[24.967s][info][gc,phases      ] GC(33)   Pre Evacuate Collection Set: 0.2ms
[24.967s][info][gc,phases      ] GC(33)   Merge Heap Roots: 0.6ms
[24.967s][info][gc,phases      ] GC(33)   Evacuate Collection Set: 31.0ms
[24.967s][info][gc,phases      ] GC(33)   Post Evacuate Collection Set: 0.6ms
[24.967s][info][gc,phases      ] GC(33)   Other: 0.2ms
[24.967s][info][gc,heap        ] GC(33) Eden regions: 547->0(508)
[24.967s][info][gc,heap        ] GC(33) Survivor regions: 21->62(71)
[24.967s][info][gc,heap        ] GC(33) Old regions: 258->258
[24.967s][info][gc,heap        ] GC(33) Archive regions: 0->0
[24.967s][info][gc,heap        ] GC(33) Humongous regions: 114->114
[24.967s][info][gc,metaspace   ] GC(33) Metaspace: 62003K(63104K)->62003K(63104K) NonClass: 54020K(54656K)->54020K(54656K) Class: 7983K(8448K)->7983K(8448K)
[24.967s][info][gc             ] GC(33) Pause Young (Normal) (G1 Evacuation Pause) 924M->417M(1096M) 32.977ms
[24.967s][info][gc,cpu         ] GC(33) User=0.81s Sys=0.00s Real=0.04s
[25.223s][info][gc,start       ] GC(34) Pause Young (Normal) (G1 Evacuation Pause)
[25.223s][info][gc,task        ] GC(34) Using 26 workers of 33 for evacuation
[25.259s][info][gc,phases      ] GC(34)   Pre Evacuate Collection Set: 0.2ms
[25.259s][info][gc,phases      ] GC(34)   Merge Heap Roots: 0.4ms
[25.259s][info][gc,phases      ] GC(34)   Evacuate Collection Set: 34.4ms
[25.259s][info][gc,phases      ] GC(34)   Post Evacuate Collection Set: 0.6ms
[25.259s][info][gc,phases      ] GC(34)   Other: 0.2ms
[25.259s][info][gc,heap        ] GC(34) Eden regions: 508->0(498)
[25.259s][info][gc,heap        ] GC(34) Survivor regions: 62->36(72)
[25.259s][info][gc,heap        ] GC(34) Old regions: 258->313
[25.259s][info][gc,heap        ] GC(34) Archive regions: 0->0
[25.259s][info][gc,heap        ] GC(34) Humongous regions: 114->114
[25.259s][info][gc,metaspace   ] GC(34) Metaspace: 62004K(63104K)->62004K(63104K) NonClass: 54021K(54656K)->54021K(54656K) Class: 7983K(8448K)->7983K(8448K)
[25.259s][info][gc             ] GC(34) Pause Young (Normal) (G1 Evacuation Pause) 925M->447M(1096M) 36.127ms
[25.259s][info][gc,cpu         ] GC(34) User=0.81s Sys=0.00s Real=0.03s
[26.821s][info][gc,start       ] GC(35) Pause Young (Concurrent Start) (G1 Humongous Allocation)
[26.821s][info][gc,task        ] GC(35) Using 26 workers of 33 for evacuation
[26.873s][info][gc,phases      ] GC(35)   Pre Evacuate Collection Set: 0.4ms
[26.873s][info][gc,phases      ] GC(35)   Merge Heap Roots: 0.7ms
[26.873s][info][gc,phases      ] GC(35)   Evacuate Collection Set: 49.8ms
[26.873s][info][gc,phases      ] GC(35)   Post Evacuate Collection Set: 0.8ms
[26.873s][info][gc,phases      ] GC(35)   Other: 0.2ms
[26.873s][info][gc,heap        ] GC(35) Eden regions: 463->0(365)
[26.873s][info][gc,heap        ] GC(35) Survivor regions: 36->67(67)
[26.873s][info][gc,heap        ] GC(35) Old regions: 313->354
[26.873s][info][gc,heap        ] GC(35) Archive regions: 0->0
[26.873s][info][gc,heap        ] GC(35) Humongous regions: 181->176
[26.873s][info][gc,metaspace   ] GC(35) Metaspace: 62359K(63424K)->62359K(63424K) NonClass: 54349K(54976K)->54349K(54976K) Class: 8010K(8448K)->8010K(8448K)
[26.873s][info][gc             ] GC(35) Pause Young (Concurrent Start) (G1 Humongous Allocation) 976M->581M(1101M) 52.297ms
[26.873s][info][gc             ] GC(36) Concurrent Mark Cycle
[26.873s][info][gc,cpu         ] GC(35) User=1.22s Sys=0.00s Real=0.05s
[26.873s][info][gc,marking     ] GC(36) Concurrent Scan Root Regions
[26.887s][info][gc,marking     ] GC(36) Concurrent Scan Root Regions 13.418ms
[26.887s][info][gc,marking     ] GC(36) Concurrent Mark
[26.887s][info][gc,marking     ] GC(36) Concurrent Mark From Roots
[26.887s][info][gc,task        ] GC(36) Using 8 workers of 8 for marking
[26.924s][info][gc,marking     ] GC(36) Concurrent Mark From Roots 37.306ms
[26.924s][info][gc,marking     ] GC(36) Concurrent Preclean
[26.924s][info][gc,marking     ] GC(36) Concurrent Preclean 0.070ms
[26.924s][info][gc,start       ] GC(36) Pause Remark
[26.934s][info][gc             ] GC(36) Pause Remark 672M->434M(1101M) 9.696ms
[26.934s][info][gc,cpu         ] GC(36) User=0.00s Sys=0.00s Real=0.00s
[26.934s][info][gc,marking     ] GC(36) Concurrent Mark 47.339ms
[26.934s][info][gc,marking     ] GC(36) Concurrent Rebuild Remembered Sets and Scrub Regions
[26.961s][info][gc,marking     ] GC(36) Concurrent Rebuild Remembered Sets and Scrub Regions 26.972ms
[26.961s][info][gc,start       ] GC(36) Pause Cleanup
[26.962s][info][gc             ] GC(36) Pause Cleanup 493M->493M(1101M) 0.404ms
[26.962s][info][gc,cpu         ] GC(36) User=0.00s Sys=0.00s Real=0.00s
[26.962s][info][gc,marking     ] GC(36) Concurrent Clear Claimed Marks
[26.962s][info][gc,marking     ] GC(36) Concurrent Clear Claimed Marks 0.069ms
[26.962s][info][gc,marking     ] GC(36) Concurrent Cleanup for Next Mark
[26.964s][info][gc,marking     ] GC(36) Concurrent Cleanup for Next Mark 2.505ms
[26.964s][info][gc             ] GC(36) Concurrent Mark Cycle 91.090ms
[27.108s][info][gc,start       ] GC(37) Pause Young (Prepare Mixed) (G1 Evacuation Pause)
[27.108s][info][gc,task        ] GC(37) Using 26 workers of 33 for evacuation
[27.141s][info][gc,phases      ] GC(37)   Pre Evacuate Collection Set: 0.2ms
[27.141s][info][gc,phases      ] GC(37)   Merge Heap Roots: 0.7ms
[27.141s][info][gc,phases      ] GC(37)   Evacuate Collection Set: 31.1ms
[27.141s][info][gc,phases      ] GC(37)   Post Evacuate Collection Set: 0.9ms
[27.141s][info][gc,phases      ] GC(37)   Other: 0.1ms
[27.142s][info][gc,heap        ] GC(37) Eden regions: 365->0(461)
[27.142s][info][gc,heap        ] GC(37) Survivor regions: 67->54(54)
[27.142s][info][gc,heap        ] GC(37) Old regions: 260->299
[27.142s][info][gc,heap        ] GC(37) Archive regions: 0->0
[27.142s][info][gc,heap        ] GC(37) Humongous regions: 59->59
[27.142s][info][gc,metaspace   ] GC(37) Metaspace: 62332K(63488K)->62332K(63488K) NonClass: 54332K(54976K)->54332K(54976K) Class: 7999K(8512K)->7999K(8512K)
[27.142s][info][gc             ] GC(37) Pause Young (Prepare Mixed) (G1 Evacuation Pause) 735M->396M(1101M) 33.336ms
[27.142s][info][gc,cpu         ] GC(37) User=0.81s Sys=0.00s Real=0.03s
[27.386s][info][gc,start       ] GC(38) Pause Young (Mixed) (G1 Evacuation Pause)
[27.386s][info][gc,task        ] GC(38) Using 26 workers of 33 for evacuation
[27.431s][info][gc,phases      ] GC(38)   Pre Evacuate Collection Set: 0.2ms
[27.431s][info][gc,phases      ] GC(38)   Merge Heap Roots: 0.8ms
[27.431s][info][gc,phases      ] GC(38)   Evacuate Collection Set: 42.7ms
[27.431s][info][gc,phases      ] GC(38)   Post Evacuate Collection Set: 1.6ms
[27.431s][info][gc,phases      ] GC(38)   Other: 0.2ms
[27.431s][info][gc,heap        ] GC(38) Eden regions: 461->0(565)
[27.431s][info][gc,heap        ] GC(38) Survivor regions: 54->46(65)
[27.431s][info][gc,heap        ] GC(38) Old regions: 299->331
[27.431s][info][gc,heap        ] GC(38) Archive regions: 0->0
[27.431s][info][gc,heap        ] GC(38) Humongous regions: 82->82
[27.431s][info][gc,metaspace   ] GC(38) Metaspace: 62332K(63488K)->62332K(63488K) NonClass: 54332K(54976K)->54332K(54976K) Class: 7999K(8512K)->7999K(8512K)
[27.431s][info][gc             ] GC(38) Pause Young (Mixed) (G1 Evacuation Pause) 880M->446M(1302M) 45.928ms
[27.432s][info][gc,cpu         ] GC(38) User=1.22s Sys=0.00s Real=0.05s
[27.733s][info][gc,start       ] GC(39) Pause Young (Normal) (G1 Evacuation Pause)
[27.733s][info][gc,task        ] GC(39) Using 31 workers of 33 for evacuation
[27.763s][info][gc,phases      ] GC(39)   Pre Evacuate Collection Set: 0.2ms
[27.763s][info][gc,phases      ] GC(39)   Merge Heap Roots: 0.4ms
[27.763s][info][gc,phases      ] GC(39)   Evacuate Collection Set: 28.0ms
[27.763s][info][gc,phases      ] GC(39)   Post Evacuate Collection Set: 0.7ms
[27.763s][info][gc,phases      ] GC(39)   Other: 0.2ms
[27.763s][info][gc,heap        ] GC(39) Eden regions: 565->0(569)
[27.763s][info][gc,heap        ] GC(39) Survivor regions: 46->41(77)
[27.763s][info][gc,heap        ] GC(39) Old regions: 331->373
[27.763s][info][gc,heap        ] GC(39) Archive regions: 0->0
[27.763s][info][gc,heap        ] GC(39) Humongous regions: 82->82
[27.763s][info][gc,metaspace   ] GC(39) Metaspace: 62334K(63488K)->62334K(63488K) NonClass: 54334K(54976K)->54334K(54976K) Class: 7999K(8512K)->7999K(8512K)
[27.763s][info][gc             ] GC(39) Pause Young (Normal) (G1 Evacuation Pause) 1011M->482M(1302M) 29.859ms
[27.763s][info][gc,cpu         ] GC(39) User=0.97s Sys=0.00s Real=0.03s
[27.824s][info][gc,start       ] GC(40) Pause Young (Concurrent Start) (G1 Humongous Allocation)
[27.824s][info][gc,task        ] GC(40) Using 31 workers of 33 for evacuation
[27.838s][info][gc,phases      ] GC(40)   Pre Evacuate Collection Set: 0.4ms
[27.839s][info][gc,phases      ] GC(40)   Merge Heap Roots: 0.2ms
[27.839s][info][gc,phases      ] GC(40)   Evacuate Collection Set: 13.0ms
[27.839s][info][gc,phases      ] GC(40)   Post Evacuate Collection Set: 0.6ms
[27.839s][info][gc,phases      ] GC(40)   Other: 0.1ms
[27.839s][info][gc,heap        ] GC(40) Eden regions: 28->0(587)
[27.839s][info][gc,heap        ] GC(40) Survivor regions: 41->43(77)
[27.839s][info][gc,heap        ] GC(40) Old regions: 373->373
[27.839s][info][gc,heap        ] GC(40) Archive regions: 0->0
[27.839s][info][gc,heap        ] GC(40) Humongous regions: 82->82
[27.839s][info][gc,metaspace   ] GC(40) Metaspace: 62339K(63488K)->62339K(63488K) NonClass: 54339K(54976K)->54339K(54976K) Class: 7999K(8512K)->7999K(8512K)
[27.839s][info][gc             ] GC(40) Pause Young (Concurrent Start) (G1 Humongous Allocation) 509M->485M(1302M) 14.766ms
[27.839s][info][gc             ] GC(41) Concurrent Mark Cycle
[27.839s][info][gc,cpu         ] GC(40) User=0.48s Sys=0.00s Real=0.02s
[27.839s][info][gc,marking     ] GC(41) Concurrent Scan Root Regions
[27.847s][info][gc,marking     ] GC(41) Concurrent Scan Root Regions 7.836ms
[27.847s][info][gc,marking     ] GC(41) Concurrent Mark
[27.847s][info][gc,marking     ] GC(41) Concurrent Mark From Roots
[27.847s][info][gc,task        ] GC(41) Using 8 workers of 8 for marking
[27.904s][info][gc,marking     ] GC(41) Concurrent Mark From Roots 57.119ms
[27.904s][info][gc,marking     ] GC(41) Concurrent Preclean
[27.904s][info][gc,marking     ] GC(41) Concurrent Preclean 0.098ms
[27.904s][info][gc,start       ] GC(41) Pause Remark
[27.909s][info][gc             ] GC(41) Pause Remark 488M->382M(1302M) 4.860ms
[27.909s][info][gc,cpu         ] GC(41) User=0.00s Sys=0.00s Real=0.00s
[27.909s][info][gc,marking     ] GC(41) Concurrent Mark 62.372ms
[27.909s][info][gc,marking     ] GC(41) Concurrent Rebuild Remembered Sets and Scrub Regions
[27.950s][info][gc,marking     ] GC(41) Concurrent Rebuild Remembered Sets and Scrub Regions 40.558ms
[27.950s][info][gc,start       ] GC(41) Pause Cleanup
[27.951s][info][gc             ] GC(41) Pause Cleanup 384M->384M(1302M) 0.532ms
[27.951s][info][gc,cpu         ] GC(41) User=0.00s Sys=0.00s Real=0.00s
[27.951s][info][gc,marking     ] GC(41) Concurrent Clear Claimed Marks
[27.951s][info][gc,marking     ] GC(41) Concurrent Clear Claimed Marks 0.083ms
[27.951s][info][gc,marking     ] GC(41) Concurrent Cleanup for Next Mark
[27.952s][info][gc,marking     ] GC(41) Concurrent Cleanup for Next Mark 1.656ms
[27.952s][info][gc             ] GC(41) Concurrent Mark Cycle 113.518ms
[29.144s][info][gc,start       ] GC(42) Pause Young (Prepare Mixed) (G1 Evacuation Pause)
[29.145s][info][gc,task        ] GC(42) Using 31 workers of 33 for evacuation
[29.201s][info][gc,phases      ] GC(42)   Pre Evacuate Collection Set: 0.3ms
[29.201s][info][gc,phases      ] GC(42)   Merge Heap Roots: 0.9ms
[29.201s][info][gc,phases      ] GC(42)   Evacuate Collection Set: 53.9ms
[29.201s][info][gc,phases      ] GC(42)   Post Evacuate Collection Set: 1.0ms
[29.201s][info][gc,phases      ] GC(42)   Other: 0.2ms
[29.201s][info][gc,heap        ] GC(42) Eden regions: 587->0(545)
[29.201s][info][gc,heap        ] GC(42) Survivor regions: 43->79(79)
[29.201s][info][gc,heap        ] GC(42) Old regions: 319->356
[29.201s][info][gc,heap        ] GC(42) Archive regions: 0->0
[29.201s][info][gc,heap        ] GC(42) Humongous regions: 128->113
[29.201s][info][gc,metaspace   ] GC(42) Metaspace: 63046K(64064K)->63046K(64064K) NonClass: 54924K(55488K)->54924K(55488K) Class: 8121K(8576K)->8121K(8576K)
[29.201s][info][gc             ] GC(42) Pause Young (Prepare Mixed) (G1 Evacuation Pause) 1064M->535M(1302M) 56.577ms
[29.201s][info][gc,cpu         ] GC(42) User=2.00s Sys=0.00s Real=0.06s
[30.162s][info][gc,start       ] GC(43) Pause Young (Mixed) (G1 Evacuation Pause)
[30.162s][info][gc,task        ] GC(43) Using 31 workers of 33 for evacuation
[30.216s][info][gc,phases      ] GC(43)   Pre Evacuate Collection Set: 0.3ms
[30.216s][info][gc,phases      ] GC(43)   Merge Heap Roots: 0.8ms
[30.216s][info][gc,phases      ] GC(43)   Evacuate Collection Set: 49.2ms
[30.216s][info][gc,phases      ] GC(43)   Merge Optional Heap Roots: 0.1ms
[30.216s][info][gc,phases      ] GC(43)   Evacuate Optional Collection Set: 2.7ms
[30.216s][info][gc,phases      ] GC(43)   Post Evacuate Collection Set: 0.9ms
[30.216s][info][gc,phases      ] GC(43)   Other: 0.2ms
[30.216s][info][gc,heap        ] GC(43) Eden regions: 545->0(532)
[30.216s][info][gc,heap        ] GC(43) Survivor regions: 79->60(78)
[30.216s][info][gc,heap        ] GC(43) Old regions: 356->386
[30.216s][info][gc,heap        ] GC(43) Archive regions: 0->0
[30.216s][info][gc,heap        ] GC(43) Humongous regions: 139->134
[30.216s][info][gc,metaspace   ] GC(43) Metaspace: 63142K(64128K)->63142K(64128K) NonClass: 55014K(55552K)->55014K(55552K) Class: 8128K(8576K)->8128K(8576K)
[30.216s][info][gc             ] GC(43) Pause Young (Mixed) (G1 Evacuation Pause) 1106M->568M(1302M) 54.627ms
[30.216s][info][gc,cpu         ] GC(43) User=1.55s Sys=0.00s Real=0.05s
[31.048s][info][gc,start       ] GC(44) Pause Young (Mixed) (G1 Evacuation Pause)
[31.048s][info][gc,task        ] GC(44) Using 31 workers of 33 for evacuation
[31.119s][info][gc,phases      ] GC(44)   Pre Evacuate Collection Set: 0.3ms
[31.119s][info][gc,phases      ] GC(44)   Merge Heap Roots: 0.7ms
[31.119s][info][gc,phases      ] GC(44)   Evacuate Collection Set: 68.7ms
[31.119s][info][gc,phases      ] GC(44)   Post Evacuate Collection Set: 1.1ms
[31.119s][info][gc,phases      ] GC(44)   Other: 0.2ms
[31.119s][info][gc,heap        ] GC(44) Eden regions: 426->0(477)
[31.119s][info][gc,heap        ] GC(44) Survivor regions: 60->59(74)
[31.119s][info][gc,heap        ] GC(44) Old regions: 386->432
[31.119s][info][gc,heap        ] GC(44) Archive regions: 0->0
[31.119s][info][gc,heap        ] GC(44) Humongous regions: 430->287
[31.119s][info][gc,metaspace   ] GC(44) Metaspace: 64821K(65792K)->64821K(65792K) NonClass: 56460K(57024K)->56460K(57024K) Class: 8360K(8768K)->8360K(8768K)
[31.119s][info][gc             ] GC(44) Pause Young (Mixed) (G1 Evacuation Pause) 1290M->769M(1422M) 71.319ms
[31.119s][info][gc,cpu         ] GC(44) User=1.78s Sys=0.16s Real=0.06s
[31.121s][info][gc,start       ] GC(45) Pause Young (Concurrent Start) (G1 Humongous Allocation)
[31.121s][info][gc,task        ] GC(45) Using 33 workers of 33 for evacuation
[31.138s][info][gc,phases      ] GC(45)   Pre Evacuate Collection Set: 0.3ms
[31.138s][info][gc,phases      ] GC(45)   Merge Heap Roots: 0.2ms
[31.138s][info][gc,phases      ] GC(45)   Evacuate Collection Set: 16.2ms
[31.138s][info][gc,phases      ] GC(45)   Post Evacuate Collection Set: 0.4ms
[31.138s][info][gc,phases      ] GC(45)   Other: 0.1ms
[31.138s][info][gc,heap        ] GC(45) Eden regions: 4->0(471)
[31.138s][info][gc,heap        ] GC(45) Survivor regions: 59->4(67)
[31.138s][info][gc,heap        ] GC(45) Old regions: 432->493
[31.138s][info][gc,heap        ] GC(45) Archive regions: 0->0
[31.138s][info][gc,heap        ] GC(45) Humongous regions: 287->287
[31.138s][info][gc,metaspace   ] GC(45) Metaspace: 64821K(65792K)->64821K(65792K) NonClass: 56460K(57024K)->56460K(57024K) Class: 8360K(8768K)->8360K(8768K)
[31.138s][info][gc             ] GC(45) Pause Young (Concurrent Start) (G1 Humongous Allocation) 773M->775M(1422M) 17.523ms
[31.138s][info][gc             ] GC(46) Concurrent Mark Cycle
[31.138s][info][gc,cpu         ] GC(45) User=0.52s Sys=0.00s Real=0.02s
[31.138s][info][gc,marking     ] GC(46) Concurrent Scan Root Regions
[31.143s][info][gc,marking     ] GC(46) Concurrent Scan Root Regions 4.577ms
[31.143s][info][gc,marking     ] GC(46) Concurrent Mark
[31.143s][info][gc,marking     ] GC(46) Concurrent Mark From Roots
[31.143s][info][gc,task        ] GC(46) Using 8 workers of 8 for marking
[31.175s][info][gc,marking     ] GC(46) Concurrent Mark From Roots 31.800ms
[31.175s][info][gc,marking     ] GC(46) Concurrent Preclean
[31.175s][info][gc,marking     ] GC(46) Concurrent Preclean 0.100ms
[31.175s][info][gc,start       ] GC(46) Pause Remark
[31.185s][info][gc             ] GC(46) Pause Remark 862M->502M(1422M) 10.186ms
[31.185s][info][gc,cpu         ] GC(46) User=0.00s Sys=0.00s Real=0.00s
[31.185s][info][gc,marking     ] GC(46) Concurrent Mark 42.389ms
[31.185s][info][gc,marking     ] GC(46) Concurrent Rebuild Remembered Sets and Scrub Regions
[31.210s][info][gc,marking     ] GC(46) Concurrent Rebuild Remembered Sets and Scrub Regions 24.765ms
[31.210s][info][gc,start       ] GC(46) Pause Cleanup
[31.211s][info][gc             ] GC(46) Pause Cleanup 529M->529M(1422M) 0.534ms
[31.211s][info][gc,cpu         ] GC(46) User=0.00s Sys=0.00s Real=0.00s
[31.211s][info][gc,marking     ] GC(46) Concurrent Clear Claimed Marks
[31.211s][info][gc,marking     ] GC(46) Concurrent Clear Claimed Marks 0.100ms
[31.211s][info][gc,marking     ] GC(46) Concurrent Cleanup for Next Mark
[31.212s][info][gc,marking     ] GC(46) Concurrent Cleanup for Next Mark 1.020ms
[31.212s][info][gc             ] GC(46) Concurrent Mark Cycle 73.881ms
[31.453s][info][gc,start       ] GC(47) Pause Young (Prepare Mixed) (G1 Evacuation Pause)
[31.453s][info][gc,task        ] GC(47) Using 33 workers of 33 for evacuation
[31.470s][info][gc,phases      ] GC(47)   Pre Evacuate Collection Set: 0.3ms
[31.471s][info][gc,phases      ] GC(47)   Merge Heap Roots: 0.5ms
[31.471s][info][gc,phases      ] GC(47)   Evacuate Collection Set: 15.6ms
[31.471s][info][gc,phases      ] GC(47)   Post Evacuate Collection Set: 1.0ms
[31.471s][info][gc,phases      ] GC(47)   Other: 0.2ms
[31.471s][info][gc,heap        ] GC(47) Eden regions: 471->0(682)
[31.471s][info][gc,heap        ] GC(47) Survivor regions: 4->35(60)
[31.471s][info][gc,heap        ] GC(47) Old regions: 325->325
[31.471s][info][gc,heap        ] GC(47) Archive regions: 0->0
[31.471s][info][gc,heap        ] GC(47) Humongous regions: 132->132
[31.471s][info][gc,metaspace   ] GC(47) Metaspace: 64770K(65792K)->64770K(65792K) NonClass: 56432K(57024K)->56432K(57024K) Class: 8338K(8768K)->8338K(8768K)
[31.471s][info][gc             ] GC(47) Pause Young (Prepare Mixed) (G1 Evacuation Pause) 923M->482M(1422M) 18.005ms
[31.471s][info][gc,cpu         ] GC(47) User=0.44s Sys=0.03s Real=0.03s
[31.626s][info][gc,start       ] GC(48) Pause Full (System.gc())
[31.626s][info][gc,task        ] GC(48) Using 33 workers of 33 for full compaction
[31.628s][info][gc,phases,start] GC(48) Phase 1: Mark live objects
[31.664s][info][gc,phases      ] GC(48) Phase 1: Mark live objects 35.765ms
[31.664s][info][gc,phases,start] GC(48) Phase 2: Prepare compaction
[31.672s][info][gc,phases      ] GC(48) Phase 2: Prepare compaction 7.667ms
[31.672s][info][gc,phases,start] GC(48) Phase 3: Adjust pointers
[31.682s][info][gc,phases      ] GC(48) Phase 3: Adjust pointers 9.969ms
[31.682s][info][gc,phases,start] GC(48) Phase 4: Compact heap
[31.686s][info][gc,phases      ] GC(48) Phase 4: Compact heap 3.953ms
[31.693s][info][gc,heap        ] GC(48) Eden regions: 193->0(297)
[31.693s][info][gc,heap        ] GC(48) Survivor regions: 35->0(60)
[31.693s][info][gc,heap        ] GC(48) Old regions: 325->153
[31.693s][info][gc,heap        ] GC(48) Archive regions: 0->0
[31.693s][info][gc,heap        ] GC(48) Humongous regions: 135->10
[31.693s][info][gc,metaspace   ] GC(48) Metaspace: 64883K(65920K)->64883K(65920K) NonClass: 56528K(57088K)->56528K(57088K) Class: 8354K(8832K)->8354K(8832K)
[31.693s][info][gc             ] GC(48) Pause Full (System.gc()) 678M->147M(544M) 67.195ms
[31.693s][info][gc,cpu         ] GC(48) User=1.56s Sys=0.00s Real=0.06s
[31.763s][info][gc,start       ] GC(49) Pause Young (Concurrent Start) (G1 Humongous Allocation)
[31.764s][info][gc,task        ] GC(49) Using 23 workers of 33 for evacuation
[31.767s][info][gc,phases      ] GC(49)   Pre Evacuate Collection Set: 0.4ms
[31.767s][info][gc,phases      ] GC(49)   Merge Heap Roots: 0.1ms
[31.767s][info][gc,phases      ] GC(49)   Evacuate Collection Set: 1.1ms
[31.767s][info][gc,phases      ] GC(49)   Post Evacuate Collection Set: 1.9ms
[31.767s][info][gc,phases      ] GC(49)   Other: 0.1ms
[31.767s][info][gc,heap        ] GC(49) Eden regions: 21->0(502)
[31.767s][info][gc,heap        ] GC(49) Survivor regions: 0->5(38)
[31.767s][info][gc,heap        ] GC(49) Old regions: 153->153
[31.767s][info][gc,heap        ] GC(49) Archive regions: 0->0
[31.767s][info][gc,heap        ] GC(49) Humongous regions: 10->10
[31.767s][info][gc,metaspace   ] GC(49) Metaspace: 65002K(65984K)->65002K(65984K) NonClass: 56633K(57152K)->56633K(57152K) Class: 8369K(8832K)->8369K(8832K)
[31.767s][info][gc             ] GC(49) Pause Young (Concurrent Start) (G1 Humongous Allocation) 167M->152M(845M) 3.898ms
[31.767s][info][gc             ] GC(50) Concurrent Mark Cycle
[31.767s][info][gc,cpu         ] GC(49) User=0.39s Sys=0.00s Real=0.02s
[31.767s][info][gc,marking     ] GC(50) Concurrent Scan Root Regions
[31.769s][info][gc,marking     ] GC(50) Concurrent Scan Root Regions 1.292ms
[31.769s][info][gc,marking     ] GC(50) Concurrent Mark
[31.769s][info][gc,marking     ] GC(50) Concurrent Mark From Roots
[31.769s][info][gc,task        ] GC(50) Using 8 workers of 8 for marking
[31.815s][info][gc,marking     ] GC(50) Concurrent Mark From Roots 46.361ms
[31.815s][info][gc,marking     ] GC(50) Concurrent Preclean
[31.815s][info][gc,marking     ] GC(50) Concurrent Preclean 0.075ms
[31.815s][info][gc,start       ] GC(50) Pause Remark
[31.818s][info][gc             ] GC(50) Pause Remark 185M->185M(670M) 2.318ms
[31.818s][info][gc,cpu         ] GC(50) User=0.00s Sys=0.00s Real=0.00s
[31.818s][info][gc,marking     ] GC(50) Concurrent Mark 49.112ms
[31.818s][info][gc,marking     ] GC(50) Concurrent Rebuild Remembered Sets and Scrub Regions
[31.833s][info][gc,marking     ] GC(50) Concurrent Rebuild Remembered Sets and Scrub Regions 14.687ms
[31.841s][info][gc,start       ] GC(50) Pause Cleanup
[31.842s][info][gc             ] GC(50) Pause Cleanup 203M->203M(670M) 0.275ms
[31.842s][info][gc,cpu         ] GC(50) User=0.00s Sys=0.00s Real=0.00s
[31.842s][info][gc,marking     ] GC(50) Concurrent Clear Claimed Marks
[31.842s][info][gc,marking     ] GC(50) Concurrent Clear Claimed Marks 0.095ms
[31.842s][info][gc,marking     ] GC(50) Concurrent Cleanup for Next Mark
[31.842s][info][gc,marking     ] GC(50) Concurrent Cleanup for Next Mark 0.478ms
[31.842s][info][gc             ] GC(50) Concurrent Mark Cycle 74.979ms
[32.014s][info][gc,start       ] GC(51) Pause Young (Prepare Mixed) (G1 Evacuation Pause)
[32.014s][info][gc,task        ] GC(51) Using 19 workers of 33 for evacuation
[32.047s][info][gc,phases      ] GC(51)   Pre Evacuate Collection Set: 0.2ms
[32.047s][info][gc,phases      ] GC(51)   Merge Heap Roots: 0.3ms
[32.048s][info][gc,phases      ] GC(51)   Evacuate Collection Set: 32.3ms
[32.048s][info][gc,phases      ] GC(51)   Post Evacuate Collection Set: 0.6ms
[32.048s][info][gc,phases      ] GC(51)   Other: 0.2ms
[32.048s][info][gc,heap        ] GC(51) Eden regions: 397->0(297)
[32.048s][info][gc,heap        ] GC(51) Survivor regions: 5->51(51)
[32.048s][info][gc,heap        ] GC(51) Old regions: 153->195
[32.048s][info][gc,heap        ] GC(51) Archive regions: 0->0
[32.048s][info][gc,heap        ] GC(51) Humongous regions: 51->46
[32.048s][info][gc,metaspace   ] GC(51) Metaspace: 65021K(65984K)->65021K(65984K) NonClass: 56652K(57152K)->56652K(57152K) Class: 8369K(8832K)->8369K(8832K)
[32.048s][info][gc             ] GC(51) Pause Young (Prepare Mixed) (G1 Evacuation Pause) 590M->276M(699M) 33.920ms
[32.048s][info][gc,cpu         ] GC(51) User=0.56s Sys=0.06s Real=0.03s
[32.211s][info][gc,start       ] GC(52) Pause Young (Mixed) (G1 Evacuation Pause)
[32.211s][info][gc,task        ] GC(52) Using 17 workers of 33 for evacuation
[32.247s][info][gc,phases      ] GC(52)   Pre Evacuate Collection Set: 0.2ms
[32.247s][info][gc,phases      ] GC(52)   Merge Heap Roots: 0.4ms
[32.247s][info][gc,phases      ] GC(52)   Evacuate Collection Set: 35.1ms
[32.247s][info][gc,phases      ] GC(52)   Post Evacuate Collection Set: 0.4ms
[32.247s][info][gc,phases      ] GC(52)   Other: 0.2ms
[32.247s][info][gc,heap        ] GC(52) Eden regions: 297->0(273)
[32.247s][info][gc,heap        ] GC(52) Survivor regions: 51->33(44)
[32.247s][info][gc,heap        ] GC(52) Old regions: 195->246
[32.247s][info][gc,heap        ] GC(52) Archive regions: 0->0
[32.247s][info][gc,heap        ] GC(52) Humongous regions: 58->58
[32.247s][info][gc,metaspace   ] GC(52) Metaspace: 65021K(65984K)->65021K(65984K) NonClass: 56652K(57152K)->56652K(57152K) Class: 8369K(8832K)->8369K(8832K)
[32.247s][info][gc             ] GC(52) Pause Young (Mixed) (G1 Evacuation Pause) 585M->325M(699M) 36.673ms
[32.247s][info][gc,cpu         ] GC(52) User=0.56s Sys=0.00s Real=0.03s
[32.269s][info][gc,start       ] GC(53) Pause Young (Concurrent Start) (G1 Humongous Allocation)
[32.269s][info][gc,task        ] GC(53) Using 16 workers of 33 for evacuation
[32.283s][info][gc,phases      ] GC(53)   Pre Evacuate Collection Set: 0.3ms
[32.283s][info][gc,phases      ] GC(53)   Merge Heap Roots: 0.1ms
[32.283s][info][gc,phases      ] GC(53)   Evacuate Collection Set: 12.6ms
[32.283s][info][gc,phases      ] GC(53)   Post Evacuate Collection Set: 0.4ms
[32.283s][info][gc,phases      ] GC(53)   Other: 0.1ms
[32.283s][info][gc,heap        ] GC(53) Eden regions: 41->0(272)
[32.283s][info][gc,heap        ] GC(53) Survivor regions: 33->8(39)
[32.283s][info][gc,heap        ] GC(53) Old regions: 246->279
[32.283s][info][gc,heap        ] GC(53) Archive regions: 0->0
[32.283s][info][gc,heap        ] GC(53) Humongous regions: 58->58
[32.283s][info][gc,metaspace   ] GC(53) Metaspace: 65021K(65984K)->65021K(65984K) NonClass: 56652K(57152K)->56652K(57152K) Class: 8369K(8832K)->8369K(8832K)
[32.283s][info][gc             ] GC(53) Pause Young (Concurrent Start) (G1 Humongous Allocation) 366M->333M(699M) 13.660ms
[32.283s][info][gc             ] GC(54) Concurrent Mark Cycle
[32.283s][info][gc,cpu         ] GC(53) User=0.25s Sys=0.00s Real=0.02s
[32.283s][info][gc,marking     ] GC(54) Concurrent Scan Root Regions
[32.287s][info][gc,marking     ] GC(54) Concurrent Scan Root Regions 3.975ms
[32.287s][info][gc,marking     ] GC(54) Concurrent Mark
[32.287s][info][gc,marking     ] GC(54) Concurrent Mark From Roots
[32.287s][info][gc,task        ] GC(54) Using 8 workers of 8 for marking
[32.345s][info][gc,marking     ] GC(54) Concurrent Mark From Roots 58.266ms
[32.345s][info][gc,marking     ] GC(54) Concurrent Preclean
[32.345s][info][gc,marking     ] GC(54) Concurrent Preclean 0.145ms
[32.345s][info][gc,start       ] GC(54) Pause Remark
[32.351s][info][gc             ] GC(54) Pause Remark 421M->397M(699M) 5.501ms
[32.351s][info][gc,cpu         ] GC(54) User=0.19s Sys=0.02s Real=0.02s
[32.351s][info][gc,marking     ] GC(54) Concurrent Mark 64.258ms
[32.351s][info][gc,marking     ] GC(54) Concurrent Rebuild Remembered Sets and Scrub Regions
[32.397s][info][gc,marking     ] GC(54) Concurrent Rebuild Remembered Sets and Scrub Regions 45.773ms
[32.397s][info][gc,start       ] GC(54) Pause Cleanup
[32.397s][info][gc             ] GC(54) Pause Cleanup 477M->477M(699M) 0.307ms
[32.397s][info][gc,cpu         ] GC(54) User=0.02s Sys=0.00s Real=0.02s
[32.397s][info][gc,marking     ] GC(54) Concurrent Clear Claimed Marks
[32.398s][info][gc,marking     ] GC(54) Concurrent Clear Claimed Marks 0.100ms
[32.398s][info][gc,marking     ] GC(54) Concurrent Cleanup for Next Mark
[32.398s][info][gc,marking     ] GC(54) Concurrent Cleanup for Next Mark 0.457ms
[32.398s][info][gc             ] GC(54) Concurrent Mark Cycle 115.302ms
[32.458s][info][gc,start       ] GC(55) Pause Young (Prepare Mixed) (G1 Evacuation Pause)
[32.458s][info][gc,task        ] GC(55) Using 16 workers of 33 for evacuation
[32.479s][info][gc,phases      ] GC(55)   Pre Evacuate Collection Set: 0.2ms
[32.479s][info][gc,phases      ] GC(55)   Merge Heap Roots: 0.8ms
[32.479s][info][gc,phases      ] GC(55)   Evacuate Collection Set: 19.7ms
[32.479s][info][gc,phases      ] GC(55)   Post Evacuate Collection Set: 0.7ms
[32.479s][info][gc,phases      ] GC(55)   Other: 0.2ms
[32.480s][info][gc,heap        ] GC(55) Eden regions: 272->0(265)
[32.480s][info][gc,heap        ] GC(55) Survivor regions: 8->28(35)
[32.480s][info][gc,heap        ] GC(55) Old regions: 279->279
[32.480s][info][gc,heap        ] GC(55) Archive regions: 0->0
[32.480s][info][gc,heap        ] GC(55) Humongous regions: 54->54
[32.480s][info][gc,metaspace   ] GC(55) Metaspace: 65020K(65984K)->65020K(65984K) NonClass: 56651K(57152K)->56651K(57152K) Class: 8368K(8832K)->8368K(8832K)
[32.480s][info][gc             ] GC(55) Pause Young (Prepare Mixed) (G1 Evacuation Pause) 601M->349M(699M) 21.923ms
[32.480s][info][gc,cpu         ] GC(55) User=0.50s Sys=0.00s Real=0.03s
[32.609s][info][gc,start       ] GC(56) Pause Young (Mixed) (G1 Evacuation Pause)
[32.609s][info][gc,task        ] GC(56) Using 16 workers of 33 for evacuation
[32.635s][info][gc,phases      ] GC(56)   Pre Evacuate Collection Set: 0.2ms
[32.635s][info][gc,phases      ] GC(56)   Merge Heap Roots: 0.2ms
[32.635s][info][gc,phases      ] GC(56)   Evacuate Collection Set: 25.5ms
[32.635s][info][gc,phases      ] GC(56)   Post Evacuate Collection Set: 0.4ms
[32.635s][info][gc,phases      ] GC(56)   Other: 0.1ms
[32.635s][info][gc,heap        ] GC(56) Eden regions: 265->0(260)
[32.635s][info][gc,heap        ] GC(56) Survivor regions: 28->22(37)
[32.635s][info][gc,heap        ] GC(56) Old regions: 279->298
[32.635s][info][gc,heap        ] GC(56) Archive regions: 0->0
[32.635s][info][gc,heap        ] GC(56) Humongous regions: 54->54
[32.635s][info][gc,metaspace   ] GC(56) Metaspace: 65020K(65984K)->65020K(65984K) NonClass: 56651K(57152K)->56651K(57152K) Class: 8368K(8832K)->8368K(8832K)
[32.635s][info][gc             ] GC(56) Pause Young (Mixed) (G1 Evacuation Pause) 614M->364M(699M) 26.802ms
[32.635s][info][gc,cpu         ] GC(56) User=0.50s Sys=0.00s Real=0.03s
[32.765s][info][gc,start       ] GC(57) Pause Young (Concurrent Start) (G1 Evacuation Pause)
[32.765s][info][gc,task        ] GC(57) Using 16 workers of 33 for evacuation
[32.792s][info][gc,phases      ] GC(57)   Pre Evacuate Collection Set: 0.3ms
[32.792s][info][gc,phases      ] GC(57)   Merge Heap Roots: 0.2ms
[32.792s][info][gc,phases      ] GC(57)   Evacuate Collection Set: 21.6ms
[32.792s][info][gc,phases      ] GC(57)   Post Evacuate Collection Set: 5.1ms
[32.792s][info][gc,phases      ] GC(57)   Other: 0.2ms
[32.792s][info][gc,heap        ] GC(57) Eden regions: 260->0(494)
[32.792s][info][gc,heap        ] GC(57) Survivor regions: 22->20(36)
[32.792s][info][gc,heap        ] GC(57) Old regions: 298->315
[32.792s][info][gc,heap        ] GC(57) Archive regions: 0->0
[32.792s][info][gc,heap        ] GC(57) Humongous regions: 54->54
[32.792s][info][gc,metaspace   ] GC(57) Metaspace: 65020K(65984K)->65020K(65984K) NonClass: 56651K(57152K)->56651K(57152K) Class: 8368K(8832K)->8368K(8832K)
[32.793s][info][gc             ] GC(57) Pause Young (Concurrent Start) (G1 Evacuation Pause) 624M->379M(1015M) 27.911ms
[32.793s][info][gc             ] GC(58) Concurrent Mark Cycle
[32.793s][info][gc,cpu         ] GC(57) User=0.25s Sys=0.02s Real=0.03s
[32.793s][info][gc,marking     ] GC(58) Concurrent Scan Root Regions
[32.797s][info][gc,marking     ] GC(58) Concurrent Scan Root Regions 4.412ms
[32.797s][info][gc,marking     ] GC(58) Concurrent Mark
[32.797s][info][gc,marking     ] GC(58) Concurrent Mark From Roots
[32.797s][info][gc,task        ] GC(58) Using 8 workers of 8 for marking
[32.875s][info][gc,marking     ] GC(58) Concurrent Mark From Roots 78.056ms
[32.875s][info][gc,marking     ] GC(58) Concurrent Preclean
[32.875s][info][gc,marking     ] GC(58) Concurrent Preclean 0.096ms
[32.875s][info][gc,start       ] GC(58) Pause Remark
[32.877s][info][gc             ] GC(58) Pause Remark 489M->477M(1015M) 1.775ms
[32.877s][info][gc,cpu         ] GC(58) User=0.00s Sys=0.00s Real=0.00s
[32.877s][info][gc,marking     ] GC(58) Concurrent Mark 80.216ms
[32.877s][info][gc,marking     ] GC(58) Concurrent Rebuild Remembered Sets and Scrub Regions
[32.932s][info][gc,marking     ] GC(58) Concurrent Rebuild Remembered Sets and Scrub Regions 54.433ms
[32.932s][info][gc,start       ] GC(58) Pause Cleanup
[32.932s][info][gc             ] GC(58) Pause Cleanup 499M->499M(1015M) 0.484ms
[32.933s][info][gc,cpu         ] GC(58) User=0.00s Sys=0.00s Real=0.00s
[32.933s][info][gc,marking     ] GC(58) Concurrent Clear Claimed Marks
[32.933s][info][gc,marking     ] GC(58) Concurrent Clear Claimed Marks 0.083ms
[32.933s][info][gc,marking     ] GC(58) Concurrent Cleanup for Next Mark
[32.934s][info][gc,marking     ] GC(58) Concurrent Cleanup for Next Mark 1.699ms
[32.934s][info][gc             ] GC(58) Concurrent Mark Cycle 141.787ms
[33.851s][info][gc,start       ] GC(59) Pause Young (Prepare Mixed) (G1 Evacuation Pause)
[33.851s][info][gc,task        ] GC(59) Using 24 workers of 33 for evacuation
[33.905s][info][gc,phases      ] GC(59)   Pre Evacuate Collection Set: 0.2ms
[33.905s][info][gc,phases      ] GC(59)   Merge Heap Roots: 0.9ms
[33.905s][info][gc,phases      ] GC(59)   Evacuate Collection Set: 52.0ms
[33.905s][info][gc,phases      ] GC(59)   Post Evacuate Collection Set: 0.8ms
[33.905s][info][gc,phases      ] GC(59)   Other: 0.2ms
[33.905s][info][gc,heap        ] GC(59) Eden regions: 494->0(370)
[33.905s][info][gc,heap        ] GC(59) Survivor regions: 20->65(65)
[33.905s][info][gc,heap        ] GC(59) Old regions: 315->359
[33.905s][info][gc,heap        ] GC(59) Archive regions: 0->0
[33.905s][info][gc,heap        ] GC(59) Humongous regions: 115->110
[33.905s][info][gc,metaspace   ] GC(59) Metaspace: 65079K(66112K)->65079K(66112K) NonClass: 56709K(57280K)->56709K(57280K) Class: 8369K(8832K)->8369K(8832K)
[33.905s][info][gc             ] GC(59) Pause Young (Prepare Mixed) (G1 Evacuation Pause) 934M->524M(1053M) 54.375ms
[33.905s][info][gc,cpu         ] GC(59) User=1.11s Sys=0.02s Real=0.05s
[34.085s][info][gc,start       ] GC(60) Pause Young (Mixed) (G1 Evacuation Pause)
[34.086s][info][gc,task        ] GC(60) Using 25 workers of 33 for evacuation
[34.136s][info][gc,phases      ] GC(60)   Pre Evacuate Collection Set: 0.2ms
[34.136s][info][gc,phases      ] GC(60)   Merge Heap Roots: 1.0ms
[34.136s][info][gc,phases      ] GC(60)   Evacuate Collection Set: 48.5ms
[34.136s][info][gc,phases      ] GC(60)   Post Evacuate Collection Set: 0.7ms
[34.136s][info][gc,phases      ] GC(60)   Other: 0.2ms
[34.136s][info][gc,heap        ] GC(60) Eden regions: 370->0(320)
[34.136s][info][gc,heap        ] GC(60) Survivor regions: 65->55(55)
[34.136s][info][gc,heap        ] GC(60) Old regions: 359->421
[34.136s][info][gc,heap        ] GC(60) Archive regions: 0->0
[34.136s][info][gc,heap        ] GC(60) Humongous regions: 134->134
[34.136s][info][gc,metaspace   ] GC(60) Metaspace: 65083K(66112K)->65083K(66112K) NonClass: 56714K(57280K)->56714K(57280K) Class: 8369K(8832K)->8369K(8832K)
[34.136s][info][gc             ] GC(60) Pause Young (Mixed) (G1 Evacuation Pause) 918M->602M(1056M) 50.948ms
[34.136s][info][gc,cpu         ] GC(60) User=1.17s Sys=0.00s Real=0.05s
[34.231s][info][gc,start       ] GC(61) Pause Young (Concurrent Start) (G1 Humongous Allocation)
[34.232s][info][gc,task        ] GC(61) Using 25 workers of 33 for evacuation
[34.264s][info][gc,phases      ] GC(61)   Pre Evacuate Collection Set: 0.4ms
[34.264s][info][gc,phases      ] GC(61)   Merge Heap Roots: 0.5ms
[34.264s][info][gc,phases      ] GC(61)   Evacuate Collection Set: 30.5ms
[34.264s][info][gc,phases      ] GC(61)   Post Evacuate Collection Set: 0.5ms
[34.264s][info][gc,phases      ] GC(61)   Other: 0.1ms
[34.264s][info][gc,heap        ] GC(61) Eden regions: 204->0(310)
[34.264s][info][gc,heap        ] GC(61) Survivor regions: 55->24(47)
[34.264s][info][gc,heap        ] GC(61) Old regions: 421->476
[34.264s][info][gc,heap        ] GC(61) Archive regions: 0->0
[34.264s][info][gc,heap        ] GC(61) Humongous regions: 134->134
[34.264s][info][gc,metaspace   ] GC(61) Metaspace: 65083K(66112K)->65083K(66112K) NonClass: 56714K(57280K)->56714K(57280K) Class: 8369K(8832K)->8369K(8832K)
[34.264s][info][gc             ] GC(61) Pause Young (Concurrent Start) (G1 Humongous Allocation) 805M->626M(1056M) 32.382ms
[34.264s][info][gc             ] GC(62) Concurrent Mark Cycle
[34.264s][info][gc,cpu         ] GC(61) User=0.78s Sys=0.00s Real=0.03s
[34.264s][info][gc,marking     ] GC(62) Concurrent Scan Root Regions
[34.271s][info][gc,marking     ] GC(62) Concurrent Scan Root Regions 7.182ms
[34.271s][info][gc,marking     ] GC(62) Concurrent Mark
[34.271s][info][gc,marking     ] GC(62) Concurrent Mark From Roots
[34.271s][info][gc,task        ] GC(62) Using 8 workers of 8 for marking
[34.317s][info][gc,marking     ] GC(62) Concurrent Mark From Roots 45.779ms
[34.317s][info][gc,marking     ] GC(62) Concurrent Preclean
[34.317s][info][gc,marking     ] GC(62) Concurrent Preclean 0.100ms
[34.317s][info][gc,start       ] GC(62) Pause Remark
[34.319s][info][gc             ] GC(62) Pause Remark 704M->468M(1056M) 2.088ms
[34.319s][info][gc,cpu         ] GC(62) User=0.39s Sys=0.00s Real=0.02s
[34.319s][info][gc,marking     ] GC(62) Concurrent Mark 48.264ms
[34.319s][info][gc,marking     ] GC(62) Concurrent Rebuild Remembered Sets and Scrub Regions
[34.366s][info][gc,marking     ] GC(62) Concurrent Rebuild Remembered Sets and Scrub Regions 46.534ms
[34.366s][info][gc,start       ] GC(62) Pause Cleanup
[34.367s][info][gc             ] GC(62) Pause Cleanup 563M->563M(1056M) 0.451ms
[34.367s][info][gc,cpu         ] GC(62) User=0.00s Sys=0.00s Real=0.00s
[34.367s][info][gc,marking     ] GC(62) Concurrent Clear Claimed Marks
[34.367s][info][gc,marking     ] GC(62) Concurrent Clear Claimed Marks 0.081ms
[34.367s][info][gc,marking     ] GC(62) Concurrent Cleanup for Next Mark
[34.368s][info][gc,marking     ] GC(62) Concurrent Cleanup for Next Mark 0.746ms
[34.368s][info][gc             ] GC(62) Concurrent Mark Cycle 103.693ms
[34.440s][info][gc,start       ] GC(63) Pause Young (Prepare Mixed) (G1 Evacuation Pause)
[34.440s][info][gc,task        ] GC(63) Using 25 workers of 33 for evacuation
[34.465s][info][gc,phases      ] GC(63)   Pre Evacuate Collection Set: 0.2ms
[34.465s][info][gc,phases      ] GC(63)   Merge Heap Roots: 0.8ms
[34.465s][info][gc,phases      ] GC(63)   Evacuate Collection Set: 22.7ms
[34.465s][info][gc,phases      ] GC(63)   Post Evacuate Collection Set: 0.7ms
[34.465s][info][gc,phases      ] GC(63)   Other: 0.2ms
[34.465s][info][gc,heap        ] GC(63) Eden regions: 310->0(467)
[34.465s][info][gc,heap        ] GC(63) Survivor regions: 24->42(42)
[34.465s][info][gc,heap        ] GC(63) Old regions: 340->348
[34.465s][info][gc,heap        ] GC(63) Archive regions: 0->0
[34.465s][info][gc,heap        ] GC(63) Humongous regions: 54->54
[34.465s][info][gc,metaspace   ] GC(63) Metaspace: 65083K(66112K)->65083K(66112K) NonClass: 56714K(57280K)->56714K(57280K) Class: 8369K(8832K)->8369K(8832K)
[34.465s][info][gc             ] GC(63) Pause Young (Prepare Mixed) (G1 Evacuation Pause) 720M->436M(1056M) 24.960ms
[34.465s][info][gc,cpu         ] GC(63) User=0.78s Sys=0.00s Real=0.03s
[34.694s][info][gc,start       ] GC(64) Pause Young (Mixed) (G1 Evacuation Pause)
[34.694s][info][gc,task        ] GC(64) Using 25 workers of 33 for evacuation
[34.725s][info][gc,phases      ] GC(64)   Pre Evacuate Collection Set: 0.2ms
[34.725s][info][gc,phases      ] GC(64)   Merge Heap Roots: 0.3ms
[34.725s][info][gc,phases      ] GC(64)   Evacuate Collection Set: 30.0ms
[34.725s][info][gc,phases      ] GC(64)   Post Evacuate Collection Set: 0.6ms
[34.725s][info][gc,phases      ] GC(64)   Other: 0.2ms
[34.726s][info][gc,heap        ] GC(64) Eden regions: 467->0(490)
[34.726s][info][gc,heap        ] GC(64) Survivor regions: 42->52(64)
[34.726s][info][gc,heap        ] GC(64) Old regions: 348->325
[34.726s][info][gc,heap        ] GC(64) Archive regions: 0->0
[34.726s][info][gc,heap        ] GC(64) Humongous regions: 54->54
[34.726s][info][gc,metaspace   ] GC(64) Metaspace: 65086K(66112K)->65086K(66112K) NonClass: 56717K(57280K)->56717K(57280K) Class: 8369K(8832K)->8369K(8832K)
[34.726s][info][gc             ] GC(64) Pause Young (Mixed) (G1 Evacuation Pause) 903M->423M(1056M) 31.683ms
[34.726s][info][gc,cpu         ] GC(64) User=0.78s Sys=0.00s Real=0.03s
[34.929s][info][gc,start       ] GC(65) Pause Young (Concurrent Start) (G1 Humongous Allocation)
[34.929s][info][gc,task        ] GC(65) Using 25 workers of 33 for evacuation
[34.952s][info][gc,phases      ] GC(65)   Pre Evacuate Collection Set: 0.5ms
[34.952s][info][gc,phases      ] GC(65)   Merge Heap Roots: 0.2ms
[34.952s][info][gc,phases      ] GC(65)   Evacuate Collection Set: 21.4ms
[34.952s][info][gc,phases      ] GC(65)   Post Evacuate Collection Set: 0.5ms
[34.952s][info][gc,phases      ] GC(65)   Other: 0.1ms
[34.952s][info][gc,heap        ] GC(65) Eden regions: 33->0(494)
[34.952s][info][gc,heap        ] GC(65) Survivor regions: 52->38(68)
[34.952s][info][gc,heap        ] GC(65) Old regions: 325->346
[34.952s][info][gc,heap        ] GC(65) Archive regions: 0->0
[34.952s][info][gc,heap        ] GC(65) Humongous regions: 54->54
[34.952s][info][gc,metaspace   ] GC(65) Metaspace: 65086K(66112K)->65086K(66112K) NonClass: 56717K(57280K)->56717K(57280K) Class: 8369K(8832K)->8369K(8832K)
[34.952s][info][gc             ] GC(65) Pause Young (Concurrent Start) (G1 Humongous Allocation) 455M->429M(1056M) 23.051ms
[34.952s][info][gc             ] GC(66) Concurrent Mark Cycle
[34.952s][info][gc,cpu         ] GC(65) User=0.39s Sys=0.00s Real=0.01s
[34.952s][info][gc,marking     ] GC(66) Concurrent Scan Root Regions
[34.960s][info][gc,marking     ] GC(66) Concurrent Scan Root Regions 7.407ms
[34.960s][info][gc,marking     ] GC(66) Concurrent Mark
[34.960s][info][gc,marking     ] GC(66) Concurrent Mark From Roots
[34.960s][info][gc,task        ] GC(66) Using 8 workers of 8 for marking
[35.008s][info][gc,marking     ] GC(66) Concurrent Mark From Roots 47.744ms
[35.008s][info][gc,marking     ] GC(66) Concurrent Preclean
[35.008s][info][gc,marking     ] GC(66) Concurrent Preclean 0.167ms
[35.008s][info][gc,start       ] GC(66) Pause Remark
[35.010s][info][gc             ] GC(66) Pause Remark 433M->352M(1056M) 2.109ms
[35.010s][info][gc,cpu         ] GC(66) User=0.00s Sys=0.00s Real=0.00s
[35.010s][info][gc,marking     ] GC(66) Concurrent Mark 50.363ms
[35.010s][info][gc,marking     ] GC(66) Concurrent Rebuild Remembered Sets and Scrub Regions
[35.049s][info][gc,marking     ] GC(66) Concurrent Rebuild Remembered Sets and Scrub Regions 38.585ms
[35.049s][info][gc,start       ] GC(66) Pause Cleanup
[35.049s][info][gc             ] GC(66) Pause Cleanup 352M->352M(1056M) 0.443ms
[35.049s][info][gc,cpu         ] GC(66) User=0.00s Sys=0.00s Real=0.00s
[35.049s][info][gc,marking     ] GC(66) Concurrent Clear Claimed Marks
[35.050s][info][gc,marking     ] GC(66) Concurrent Clear Claimed Marks 0.093ms
[35.050s][info][gc,marking     ] GC(66) Concurrent Cleanup for Next Mark
[35.050s][info][gc,marking     ] GC(66) Concurrent Cleanup for Next Mark 0.686ms
[35.050s][info][gc             ] GC(66) Concurrent Mark Cycle 97.984ms
[36.019s][info][gc,start       ] GC(67) Pause Young (Prepare Mixed) (G1 Evacuation Pause)
[36.019s][info][gc,task        ] GC(67) Using 25 workers of 33 for evacuation
[36.075s][info][gc,phases      ] GC(67)   Pre Evacuate Collection Set: 0.2ms
[36.075s][info][gc,phases      ] GC(67)   Merge Heap Roots: 0.9ms
[36.075s][info][gc,phases      ] GC(67)   Evacuate Collection Set: 53.1ms
[36.075s][info][gc,phases      ] GC(67)   Post Evacuate Collection Set: 0.8ms
[36.075s][info][gc,phases      ] GC(67)   Other: 0.2ms
[36.075s][info][gc,heap        ] GC(67) Eden regions: 494->0(436)
[36.075s][info][gc,heap        ] GC(67) Survivor regions: 38->67(67)
[36.075s][info][gc,heap        ] GC(67) Old regions: 289->318
[36.075s][info][gc,heap        ] GC(67) Archive regions: 0->0
[36.075s][info][gc,heap        ] GC(67) Humongous regions: 108->98
[36.075s][info][gc,metaspace   ] GC(67) Metaspace: 65174K(66176K)->65174K(66176K) NonClass: 56804K(57344K)->56804K(57344K) Class: 8369K(8832K)->8369K(8832K)
[36.075s][info][gc             ] GC(67) Pause Young (Prepare Mixed) (G1 Evacuation Pause) 920M->475M(1056M) 55.566ms
[36.075s][info][gc,cpu         ] GC(67) User=1.56s Sys=0.00s Real=0.06s
[36.770s][info][gc,start       ] GC(68) Pause Young (Mixed) (G1 Evacuation Pause)
[36.770s][info][gc,task        ] GC(68) Using 25 workers of 33 for evacuation
[36.820s][info][gc,phases      ] GC(68)   Pre Evacuate Collection Set: 0.2ms
[36.820s][info][gc,phases      ] GC(68)   Merge Heap Roots: 0.7ms
[36.820s][info][gc,phases      ] GC(68)   Evacuate Collection Set: 48.4ms
[36.820s][info][gc,phases      ] GC(68)   Post Evacuate Collection Set: 0.7ms
[36.820s][info][gc,phases      ] GC(68)   Other: 0.2ms
[36.820s][info][gc,heap        ] GC(68) Eden regions: 436->0(419)
[36.820s][info][gc,heap        ] GC(68) Survivor regions: 67->47(63)
[36.820s][info][gc,heap        ] GC(68) Old regions: 318->349
[36.820s][info][gc,heap        ] GC(68) Archive regions: 0->0
[36.820s][info][gc,heap        ] GC(68) Humongous regions: 132->122
[36.820s][info][gc,metaspace   ] GC(68) Metaspace: 65250K(66176K)->65250K(66176K) NonClass: 56879K(57344K)->56879K(57344K) Class: 8371K(8832K)->8371K(8832K)
[36.820s][info][gc             ] GC(68) Pause Young (Mixed) (G1 Evacuation Pause) 945M->509M(1073M) 50.596ms
[36.820s][info][gc,cpu         ] GC(68) User=1.17s Sys=0.00s Real=0.05s
[36.832s][info][gc,start       ] GC(69) Pause Young (Concurrent Start) (G1 Humongous Allocation)
[36.832s][info][gc,task        ] GC(69) Using 25 workers of 33 for evacuation
[36.843s][info][gc,phases      ] GC(69)   Pre Evacuate Collection Set: 0.3ms
[36.844s][info][gc,phases      ] GC(69)   Merge Heap Roots: 0.1ms
[36.844s][info][gc,phases      ] GC(69)   Evacuate Collection Set: 11.0ms
[36.844s][info][gc,phases      ] GC(69)   Post Evacuate Collection Set: 0.5ms
[36.844s][info][gc,phases      ] GC(69)   Other: 0.1ms
[36.844s][info][gc,heap        ] GC(69) Eden regions: 32->0(406)
[36.844s][info][gc,heap        ] GC(69) Survivor regions: 47->9(59)
[36.844s][info][gc,heap        ] GC(69) Old regions: 349->396
[36.844s][info][gc,heap        ] GC(69) Archive regions: 0->0
[36.844s][info][gc,heap        ] GC(69) Humongous regions: 122->122
[36.844s][info][gc,metaspace   ] GC(69) Metaspace: 65257K(66176K)->65257K(66176K) NonClass: 56886K(57344K)->56886K(57344K) Class: 8371K(8832K)->8371K(8832K)
[36.844s][info][gc             ] GC(69) Pause Young (Concurrent Start) (G1 Humongous Allocation) 541M->518M(1073M) 12.175ms
[36.844s][info][gc             ] GC(70) Concurrent Mark Cycle
[36.844s][info][gc,cpu         ] GC(69) User=0.39s Sys=0.00s Real=0.02s
[36.844s][info][gc,marking     ] GC(70) Concurrent Scan Root Regions
[36.847s][info][gc,marking     ] GC(70) Concurrent Scan Root Regions 3.571ms
[36.847s][info][gc,marking     ] GC(70) Concurrent Mark
[36.847s][info][gc,marking     ] GC(70) Concurrent Mark From Roots
[36.847s][info][gc,task        ] GC(70) Using 8 workers of 8 for marking
[36.874s][info][gc,marking     ] GC(70) Concurrent Mark From Roots 26.896ms
[36.874s][info][gc,marking     ] GC(70) Concurrent Preclean
[36.874s][info][gc,marking     ] GC(70) Concurrent Preclean 0.098ms
[36.875s][info][gc,start       ] GC(70) Pause Remark
[36.877s][info][gc             ] GC(70) Pause Remark 584M->324M(1073M) 2.080ms
[36.877s][info][gc,cpu         ] GC(70) User=0.00s Sys=0.00s Real=0.00s
[36.877s][info][gc,marking     ] GC(70) Concurrent Mark 29.369ms
[36.877s][info][gc,marking     ] GC(70) Concurrent Rebuild Remembered Sets and Scrub Regions
[36.892s][info][gc,marking     ] GC(70) Concurrent Rebuild Remembered Sets and Scrub Regions 15.513ms
[36.892s][info][gc,start       ] GC(70) Pause Cleanup
[36.893s][info][gc             ] GC(70) Pause Cleanup 360M->360M(1073M) 0.348ms
[36.893s][info][gc,cpu         ] GC(70) User=0.00s Sys=0.00s Real=0.00s
[36.893s][info][gc,marking     ] GC(70) Concurrent Clear Claimed Marks
[36.893s][info][gc,marking     ] GC(70) Concurrent Clear Claimed Marks 0.074ms
[36.893s][info][gc,marking     ] GC(70) Concurrent Cleanup for Next Mark
[36.894s][info][gc,marking     ] GC(70) Concurrent Cleanup for Next Mark 0.806ms
[36.894s][info][gc             ] GC(70) Concurrent Mark Cycle 50.059ms
[37.486s][info][gc,start       ] GC(71) Pause Young (Prepare Mixed) (G1 Evacuation Pause)
[37.486s][info][gc,task        ] GC(71) Using 25 workers of 33 for evacuation
[37.531s][info][gc,phases      ] GC(71)   Pre Evacuate Collection Set: 0.2ms
[37.532s][info][gc,phases      ] GC(71)   Merge Heap Roots: 0.4ms
[37.532s][info][gc,phases      ] GC(71)   Evacuate Collection Set: 44.1ms
[37.532s][info][gc,phases      ] GC(71)   Post Evacuate Collection Set: 0.6ms
[37.532s][info][gc,phases      ] GC(71)   Other: 0.2ms
[37.532s][info][gc,heap        ] GC(71) Eden regions: 406->0(510)
[37.532s][info][gc,heap        ] GC(71) Survivor regions: 9->52(52)
[37.532s][info][gc,heap        ] GC(71) Old regions: 248->255
[37.532s][info][gc,heap        ] GC(71) Archive regions: 0->0
[37.532s][info][gc,heap        ] GC(71) Humongous regions: 153->95
[37.532s][info][gc,metaspace   ] GC(71) Metaspace: 65293K(66304K)->65293K(66304K) NonClass: 56921K(57472K)->56921K(57472K) Class: 8371K(8832K)->8371K(8832K)
[37.532s][info][gc             ] GC(71) Pause Young (Prepare Mixed) (G1 Evacuation Pause) 807M->393M(1073M) 45.885ms
[37.532s][info][gc,cpu         ] GC(71) User=0.78s Sys=0.00s Real=0.03s
[38.020s][info][gc,start       ] GC(72) Pause Young (Mixed) (G1 Evacuation Pause)
[38.020s][info][gc,task        ] GC(72) Using 25 workers of 33 for evacuation
[38.092s][info][gc,phases      ] GC(72)   Pre Evacuate Collection Set: 0.3ms
[38.092s][info][gc,phases      ] GC(72)   Merge Heap Roots: 0.8ms
[38.092s][info][gc,phases      ] GC(72)   Evacuate Collection Set: 69.6ms
[38.092s][info][gc,phases      ] GC(72)   Post Evacuate Collection Set: 0.7ms
[38.092s][info][gc,phases      ] GC(72)   Other: 0.2ms
[38.092s][info][gc,heap        ] GC(72) Eden regions: 476->0(498)
[38.092s][info][gc,heap        ] GC(72) Survivor regions: 52->62(71)
[38.092s][info][gc,heap        ] GC(72) Old regions: 255->300
[38.092s][info][gc,heap        ] GC(72) Archive regions: 0->0
[38.092s][info][gc,heap        ] GC(72) Humongous regions: 290->164
[38.092s][info][gc,metaspace   ] GC(72) Metaspace: 65344K(66304K)->65344K(66304K) NonClass: 56973K(57472K)->56973K(57472K) Class: 8371K(8832K)->8371K(8832K)
[38.092s][info][gc             ] GC(72) Pause Young (Mixed) (G1 Evacuation Pause) 1064M->517M(1190M) 71.951ms
[38.092s][info][gc,cpu         ] GC(72) User=1.50s Sys=0.06s Real=0.06s
[38.196s][info][gc,start       ] GC(73) Pause Young (Concurrent Start) (G1 Humongous Allocation)
[38.196s][info][gc,task        ] GC(73) Using 28 workers of 33 for evacuation
[38.224s][info][gc,phases      ] GC(73)   Pre Evacuate Collection Set: 0.6ms
[38.224s][info][gc,phases      ] GC(73)   Merge Heap Roots: 0.3ms
[38.224s][info][gc,phases      ] GC(73)   Evacuate Collection Set: 25.7ms
[38.224s][info][gc,phases      ] GC(73)   Post Evacuate Collection Set: 1.6ms
[38.224s][info][gc,phases      ] GC(73)   Other: 0.1ms
[38.224s][info][gc,heap        ] GC(73) Eden regions: 179->0(674)
[38.224s][info][gc,heap        ] GC(73) Survivor regions: 62->1(70)
[38.224s][info][gc,heap        ] GC(73) Old regions: 300->362
[38.224s][info][gc,heap        ] GC(73) Archive regions: 0->0
[38.224s][info][gc,heap        ] GC(73) Humongous regions: 164->164
[38.224s][info][gc,metaspace   ] GC(73) Metaspace: 65344K(66304K)->65344K(66304K) NonClass: 56973K(57472K)->56973K(57472K) Class: 8371K(8832K)->8371K(8832K)
[38.224s][info][gc             ] GC(73) Pause Young (Concurrent Start) (G1 Humongous Allocation) 696M->518M(1362M) 28.599ms
[38.225s][info][gc             ] GC(74) Concurrent Mark Cycle
[38.225s][info][gc,cpu         ] GC(73) User=0.75s Sys=0.02s Real=0.03s
[38.225s][info][gc,marking     ] GC(74) Concurrent Scan Root Regions
[38.229s][info][gc,marking     ] GC(74) Concurrent Scan Root Regions 4.631ms
[38.229s][info][gc,marking     ] GC(74) Concurrent Mark
[38.229s][info][gc,marking     ] GC(74) Concurrent Mark From Roots
[38.229s][info][gc,task        ] GC(74) Using 8 workers of 8 for marking
[38.257s][info][gc,marking     ] GC(74) Concurrent Mark From Roots 28.118ms
[38.257s][info][gc,marking     ] GC(74) Concurrent Preclean
[38.258s][info][gc,marking     ] GC(74) Concurrent Preclean 0.122ms
[38.258s][info][gc,start       ] GC(74) Pause Remark
[38.260s][info][gc             ] GC(74) Pause Remark 558M->344M(1177M) 2.557ms
[38.260s][info][gc,cpu         ] GC(74) User=0.00s Sys=0.00s Real=0.00s
[38.260s][info][gc,marking     ] GC(74) Concurrent Mark 31.106ms
[38.260s][info][gc,marking     ] GC(74) Concurrent Rebuild Remembered Sets and Scrub Regions
[38.276s][info][gc,marking     ] GC(74) Concurrent Rebuild Remembered Sets and Scrub Regions 15.467ms
[38.276s][info][gc,start       ] GC(74) Pause Cleanup
[38.276s][info][gc             ] GC(74) Pause Cleanup 359M->359M(1177M) 0.388ms
[38.276s][info][gc,cpu         ] GC(74) User=0.00s Sys=0.00s Real=0.00s
[38.276s][info][gc,marking     ] GC(74) Concurrent Clear Claimed Marks
[38.277s][info][gc,marking     ] GC(74) Concurrent Clear Claimed Marks 0.095ms
[38.277s][info][gc,marking     ] GC(74) Concurrent Cleanup for Next Mark
[38.278s][info][gc,marking     ] GC(74) Concurrent Cleanup for Next Mark 1.081ms
[38.278s][info][gc             ] GC(74) Concurrent Mark Cycle 53.206ms
[38.385s][info][gc,start       ] GC(75) Pause Full (System.gc())
[38.385s][info][gc,task        ] GC(75) Using 28 workers of 33 for full compaction
[38.386s][info][gc,phases,start] GC(75) Phase 1: Mark live objects
[38.415s][info][gc,phases      ] GC(75) Phase 1: Mark live objects 28.658ms
[38.415s][info][gc,phases,start] GC(75) Phase 2: Prepare compaction
[38.420s][info][gc,phases      ] GC(75) Phase 2: Prepare compaction 5.548ms
[38.420s][info][gc,phases,start] GC(75) Phase 3: Adjust pointers
[38.429s][info][gc,phases      ] GC(75) Phase 3: Adjust pointers 8.977ms
[38.429s][info][gc,phases,start] GC(75) Phase 4: Compact heap
[38.430s][info][gc,phases      ] GC(75) Phase 4: Compact heap 1.087ms
[38.439s][info][gc,heap        ] GC(75) Eden regions: 187->0(302)
[38.439s][info][gc,heap        ] GC(75) Survivor regions: 1->0(70)
[38.439s][info][gc,heap        ] GC(75) Old regions: 292->155
[38.439s][info][gc,heap        ] GC(75) Archive regions: 0->0
[38.439s][info][gc,heap        ] GC(75) Humongous regions: 23->10
[38.439s][info][gc,metaspace   ] GC(75) Metaspace: 65347K(66304K)->65347K(66304K) NonClass: 56976K(57472K)->56976K(57472K) Class: 8371K(8832K)->8371K(8832K)
[38.439s][info][gc             ] GC(75) Pause Full (System.gc()) 494M->147M(550M) 54.107ms
[38.439s][info][gc,cpu         ] GC(75) User=1.33s Sys=0.00s Real=0.06s
[38.475s][info][gc,start       ] GC(76) Pause Young (Concurrent Start) (G1 Humongous Allocation)
[38.475s][info][gc,task        ] GC(76) Using 20 workers of 33 for evacuation
[38.477s][info][gc,phases      ] GC(76)   Pre Evacuate Collection Set: 0.4ms
[38.477s][info][gc,phases      ] GC(76)   Merge Heap Roots: 0.1ms
[38.477s][info][gc,phases      ] GC(76)   Evacuate Collection Set: 1.1ms
[38.477s][info][gc,phases      ] GC(76)   Post Evacuate Collection Set: 0.6ms
[38.477s][info][gc,phases      ] GC(76)   Other: 0.1ms
[38.477s][info][gc,heap        ] GC(76) Eden regions: 18->0(313)
[38.477s][info][gc,heap        ] GC(76) Survivor regions: 0->3(38)
[38.477s][info][gc,heap        ] GC(76) Old regions: 155->155
[38.477s][info][gc,heap        ] GC(76) Archive regions: 0->0
[38.477s][info][gc,heap        ] GC(76) Humongous regions: 10->10
[38.477s][info][gc,metaspace   ] GC(76) Metaspace: 65388K(66368K)->65388K(66368K) NonClass: 57017K(57536K)->57017K(57536K) Class: 8371K(8832K)->8371K(8832K)
[38.477s][info][gc             ] GC(76) Pause Young (Concurrent Start) (G1 Humongous Allocation) 165M->150M(550M) 2.608ms
[38.478s][info][gc             ] GC(77) Concurrent Mark Cycle
[38.478s][info][gc,cpu         ] GC(76) User=0.00s Sys=0.00s Real=0.00s
[38.478s][info][gc,marking     ] GC(77) Concurrent Scan Root Regions
[38.479s][info][gc,marking     ] GC(77) Concurrent Scan Root Regions 1.375ms
[38.479s][info][gc,marking     ] GC(77) Concurrent Mark
[38.479s][info][gc,marking     ] GC(77) Concurrent Mark From Roots
[38.479s][info][gc,task        ] GC(77) Using 8 workers of 8 for marking
[38.521s][info][gc,marking     ] GC(77) Concurrent Mark From Roots 42.327ms
[38.521s][info][gc,marking     ] GC(77) Concurrent Preclean
[38.521s][info][gc,marking     ] GC(77) Concurrent Preclean 0.072ms
[38.538s][info][gc,start       ] GC(77) Pause Remark
[38.540s][info][gc             ] GC(77) Pause Remark 181M->181M(550M) 1.941ms
[38.540s][info][gc,cpu         ] GC(77) User=0.00s Sys=0.00s Real=0.00s
[38.540s][info][gc,marking     ] GC(77) Concurrent Mark 61.229ms
[38.540s][info][gc,marking     ] GC(77) Concurrent Rebuild Remembered Sets and Scrub Regions
[38.556s][info][gc,marking     ] GC(77) Concurrent Rebuild Remembered Sets and Scrub Regions 15.333ms
[38.565s][info][gc,start       ] GC(77) Pause Cleanup
[38.566s][info][gc             ] GC(77) Pause Cleanup 200M->200M(550M) 0.272ms
[38.566s][info][gc,cpu         ] GC(77) User=0.00s Sys=0.00s Real=0.00s
[38.566s][info][gc,marking     ] GC(77) Concurrent Clear Claimed Marks
[38.566s][info][gc,marking     ] GC(77) Concurrent Clear Claimed Marks 0.086ms
[38.566s][info][gc,marking     ] GC(77) Concurrent Cleanup for Next Mark
[38.566s][info][gc,marking     ] GC(77) Concurrent Cleanup for Next Mark 0.375ms
[38.566s][info][gc             ] GC(77) Concurrent Mark Cycle 88.673ms
[38.709s][info][gc,start       ] GC(78) Pause Young (Prepare Mixed) (G1 Evacuation Pause)
[38.709s][info][gc,task        ] GC(78) Using 16 workers of 33 for evacuation
[38.743s][info][gc,phases      ] GC(78)   Pre Evacuate Collection Set: 0.2ms
[38.743s][info][gc,phases      ] GC(78)   Merge Heap Roots: 0.3ms
[38.743s][info][gc,phases      ] GC(78)   Evacuate Collection Set: 32.0ms
[38.743s][info][gc,phases      ] GC(78)   Post Evacuate Collection Set: 0.6ms
[38.743s][info][gc,phases      ] GC(78)   Other: 0.2ms
[38.743s][info][gc,heap        ] GC(78) Eden regions: 313->0(225)
[38.743s][info][gc,heap        ] GC(78) Survivor regions: 3->40(40)
[38.743s][info][gc,heap        ] GC(78) Old regions: 155->200
[38.743s][info][gc,heap        ] GC(78) Archive regions: 0->0
[38.743s][info][gc,heap        ] GC(78) Humongous regions: 41->36
[38.743s][info][gc,metaspace   ] GC(78) Metaspace: 65434K(66432K)->65434K(66432K) NonClass: 57062K(57600K)->57062K(57600K) Class: 8372K(8832K)->8372K(8832K)
[38.743s][info][gc             ] GC(78) Pause Young (Prepare Mixed) (G1 Evacuation Pause) 494M->258M(597M) 33.844ms
[38.743s][info][gc,cpu         ] GC(78) User=0.34s Sys=0.16s Real=0.03s
[38.857s][info][gc,start       ] GC(79) Pause Young (Mixed) (G1 Evacuation Pause)
[38.857s][info][gc,task        ] GC(79) Using 15 workers of 33 for evacuation
[38.893s][info][gc,phases      ] GC(79)   Pre Evacuate Collection Set: 0.2ms
[38.899s][info][gc,phases      ] GC(79)   Merge Heap Roots: 0.4ms
[38.913s][info][gc,phases      ] GC(79)   Evacuate Collection Set: 34.4ms
[38.913s][info][gc,phases      ] GC(79)   Post Evacuate Collection Set: 0.4ms
[38.913s][info][gc,phases      ] GC(79)   Other: 0.2ms
[38.913s][info][gc,heap        ] GC(79) Eden regions: 225->0(198)
[38.913s][info][gc,heap        ] GC(79) Survivor regions: 40->28(34)
[38.913s][info][gc,heap        ] GC(79) Old regions: 200->240
[38.913s][info][gc,heap        ] GC(79) Archive regions: 0->0
[38.913s][info][gc,heap        ] GC(79) Humongous regions: 58->58
[38.913s][info][gc,metaspace   ] GC(79) Metaspace: 65434K(66432K)->65434K(66432K) NonClass: 57062K(57600K)->57062K(57600K) Class: 8372K(8832K)->8372K(8832K)
[38.913s][info][gc             ] GC(79) Pause Young (Mixed) (G1 Evacuation Pause) 505M->311M(597M) 55.846ms
[38.913s][info][gc,cpu         ] GC(79) User=0.47s Sys=0.00s Real=0.06s
[39.008s][info][gc,start       ] GC(80) Pause Young (Concurrent Start) (G1 Humongous Allocation)
[39.009s][info][gc,task        ] GC(80) Using 14 workers of 33 for evacuation
[39.036s][info][gc,phases      ] GC(80)   Pre Evacuate Collection Set: 0.4ms
[39.036s][info][gc,phases      ] GC(80)   Merge Heap Roots: 0.2ms
[39.036s][info][gc,phases      ] GC(80)   Evacuate Collection Set: 26.3ms
[39.036s][info][gc,phases      ] GC(80)   Post Evacuate Collection Set: 0.4ms
[39.036s][info][gc,phases      ] GC(80)   Other: 0.1ms
[39.036s][info][gc,heap        ] GC(80) Eden regions: 192->0(190)
[39.036s][info][gc,heap        ] GC(80) Survivor regions: 28->20(29)
[39.036s][info][gc,heap        ] GC(80) Old regions: 240->266
[39.036s][info][gc,heap        ] GC(80) Archive regions: 0->0
[39.036s][info][gc,heap        ] GC(80) Humongous regions: 58->58
[39.036s][info][gc,metaspace   ] GC(80) Metaspace: 65436K(66432K)->65436K(66432K) NonClass: 57064K(57600K)->57064K(57600K) Class: 8372K(8832K)->8372K(8832K)
[39.036s][info][gc             ] GC(80) Pause Young (Concurrent Start) (G1 Humongous Allocation) 503M->329M(597M) 27.821ms
[39.036s][info][gc             ] GC(81) Concurrent Mark Cycle
[39.036s][info][gc,marking     ] GC(81) Concurrent Scan Root Regions
[39.036s][info][gc,cpu         ] GC(80) User=0.44s Sys=0.00s Real=0.03s
[39.042s][info][gc,marking     ] GC(81) Concurrent Scan Root Regions 5.216ms
[39.042s][info][gc,marking     ] GC(81) Concurrent Mark
[39.042s][info][gc,marking     ] GC(81) Concurrent Mark From Roots
[39.042s][info][gc,task        ] GC(81) Using 8 workers of 8 for marking
[39.096s][info][gc,marking     ] GC(81) Concurrent Mark From Roots 54.565ms
[39.096s][info][gc,marking     ] GC(81) Concurrent Preclean
[39.096s][info][gc,marking     ] GC(81) Concurrent Preclean 0.171ms
[39.097s][info][gc,start       ] GC(81) Pause Remark
[39.099s][info][gc             ] GC(81) Pause Remark 413M->389M(675M) 2.358ms
[39.099s][info][gc,cpu         ] GC(81) User=0.00s Sys=0.02s Real=0.02s
[39.099s][info][gc,marking     ] GC(81) Concurrent Mark 57.476ms
[39.099s][info][gc,marking     ] GC(81) Concurrent Rebuild Remembered Sets and Scrub Regions
[39.142s][info][gc,marking     ] GC(81) Concurrent Rebuild Remembered Sets and Scrub Regions 42.858ms
[39.142s][info][gc,start       ] GC(81) Pause Cleanup
[39.142s][info][gc             ] GC(81) Pause Cleanup 450M->450M(675M) 0.327ms
[39.143s][info][gc,cpu         ] GC(81) User=0.00s Sys=0.00s Real=0.00s
[39.143s][info][gc,marking     ] GC(81) Concurrent Clear Claimed Marks
[39.143s][info][gc,marking     ] GC(81) Concurrent Clear Claimed Marks 0.106ms
[39.143s][info][gc,marking     ] GC(81) Concurrent Cleanup for Next Mark
[39.143s][info][gc,marking     ] GC(81) Concurrent Cleanup for Next Mark 0.717ms
[39.143s][info][gc             ] GC(81) Concurrent Mark Cycle 107.175ms
[39.175s][info][gc,start       ] GC(82) Pause Young (Prepare Mixed) (G1 Evacuation Pause)
[39.175s][info][gc,task        ] GC(82) Using 16 workers of 33 for evacuation
[39.199s][info][gc,phases      ] GC(82)   Pre Evacuate Collection Set: 0.2ms
[39.199s][info][gc,phases      ] GC(82)   Merge Heap Roots: 0.7ms
[39.199s][info][gc,phases      ] GC(82)   Evacuate Collection Set: 22.7ms
[39.199s][info][gc,phases      ] GC(82)   Post Evacuate Collection Set: 0.5ms
[39.199s][info][gc,phases      ] GC(82)   Other: 0.1ms
[39.199s][info][gc,heap        ] GC(82) Eden regions: 190->0(239)
[39.199s][info][gc,heap        ] GC(82) Survivor regions: 20->18(27)
[39.199s][info][gc,heap        ] GC(82) Old regions: 266->284
[39.199s][info][gc,heap        ] GC(82) Archive regions: 0->0
[39.199s][info][gc,heap        ] GC(82) Humongous regions: 54->54
[39.199s][info][gc,metaspace   ] GC(82) Metaspace: 65436K(66432K)->65436K(66432K) NonClass: 57064K(57600K)->57064K(57600K) Class: 8372K(8832K)->8372K(8832K)
[39.199s][info][gc             ] GC(82) Pause Young (Prepare Mixed) (G1 Evacuation Pause) 515M->341M(675M) 24.504ms
[39.199s][info][gc,cpu         ] GC(82) User=0.27s Sys=0.00s Real=0.03s
[39.312s][info][gc,start       ] GC(83) Pause Young (Mixed) (G1 Evacuation Pause)
[39.313s][info][gc,task        ] GC(83) Using 16 workers of 33 for evacuation
[39.339s][info][gc,phases      ] GC(83)   Pre Evacuate Collection Set: 0.2ms
[39.339s][info][gc,phases      ] GC(83)   Merge Heap Roots: 0.2ms
[39.339s][info][gc,phases      ] GC(83)   Evacuate Collection Set: 22.0ms
[39.339s][info][gc,phases      ] GC(83)   Post Evacuate Collection Set: 4.0ms
[39.339s][info][gc,phases      ] GC(83)   Other: 0.2ms
[39.339s][info][gc,heap        ] GC(83) Eden regions: 239->0(632)
[39.339s][info][gc,heap        ] GC(83) Survivor regions: 18->33(33)
[39.339s][info][gc,heap        ] GC(83) Old regions: 284->283
[39.339s][info][gc,heap        ] GC(83) Archive regions: 0->0
[39.339s][info][gc,heap        ] GC(83) Humongous regions: 54->54
[39.339s][info][gc,metaspace   ] GC(83) Metaspace: 65450K(66432K)->65450K(66432K) NonClass: 57078K(57600K)->57078K(57600K) Class: 8372K(8832K)->8372K(8832K)
[39.339s][info][gc             ] GC(83) Pause Young (Mixed) (G1 Evacuation Pause) 580M->360M(1175M) 27.017ms
[39.339s][info][gc,cpu         ] GC(83) User=0.50s Sys=0.00s Real=0.03s
[39.725s][info][gc,start       ] GC(84) Pause Young (Concurrent Start) (G1 Humongous Allocation)
[39.725s][info][gc,task        ] GC(84) Using 28 workers of 33 for evacuation
[39.753s][info][gc,phases      ] GC(84)   Pre Evacuate Collection Set: 0.4ms
[39.753s][info][gc,phases      ] GC(84)   Merge Heap Roots: 0.4ms
[39.753s][info][gc,phases      ] GC(84)   Evacuate Collection Set: 26.0ms
[39.753s][info][gc,phases      ] GC(84)   Post Evacuate Collection Set: 0.7ms
[39.753s][info][gc,phases      ] GC(84)   Other: 0.2ms
[39.753s][info][gc,heap        ] GC(84) Eden regions: 507->0(623)
[39.753s][info][gc,heap        ] GC(84) Survivor regions: 33->62(84)
[39.753s][info][gc,heap        ] GC(84) Old regions: 283->283
[39.753s][info][gc,heap        ] GC(84) Archive regions: 0->0
[39.753s][info][gc,heap        ] GC(84) Humongous regions: 54->54
[39.753s][info][gc,metaspace   ] GC(84) Metaspace: 65456K(66432K)->65456K(66432K) NonClass: 57084K(57600K)->57084K(57600K) Class: 8372K(8832K)->8372K(8832K)
[39.753s][info][gc             ] GC(84) Pause Young (Concurrent Start) (G1 Humongous Allocation) 866M->388M(1175M) 28.088ms
[39.753s][info][gc             ] GC(85) Concurrent Mark Cycle
[39.753s][info][gc,cpu         ] GC(84) User=0.88s Sys=0.00s Real=0.03s
[39.753s][info][gc,marking     ] GC(85) Concurrent Scan Root Regions
[39.761s][info][gc,marking     ] GC(85) Concurrent Scan Root Regions 7.956ms
[39.761s][info][gc,marking     ] GC(85) Concurrent Mark
[39.761s][info][gc,marking     ] GC(85) Concurrent Mark From Roots
[39.761s][info][gc,task        ] GC(85) Using 8 workers of 8 for marking
[39.809s][info][gc,marking     ] GC(85) Concurrent Mark From Roots 47.574ms
[39.809s][info][gc,marking     ] GC(85) Concurrent Preclean
[39.809s][info][gc,marking     ] GC(85) Concurrent Preclean 0.169ms
[39.809s][info][gc,start       ] GC(85) Pause Remark
[39.812s][info][gc             ] GC(85) Pause Remark 392M->318M(1100M) 2.222ms
[39.812s][info][gc,cpu         ] GC(85) User=0.00s Sys=0.00s Real=0.00s
[39.812s][info][gc,marking     ] GC(85) Concurrent Mark 50.359ms
[39.812s][info][gc,marking     ] GC(85) Concurrent Rebuild Remembered Sets and Scrub Regions
[39.848s][info][gc,marking     ] GC(85) Concurrent Rebuild Remembered Sets and Scrub Regions 36.414ms
[39.848s][info][gc,start       ] GC(85) Pause Cleanup
[39.849s][info][gc             ] GC(85) Pause Cleanup 318M->318M(1100M) 0.430ms
[39.849s][info][gc,cpu         ] GC(85) User=0.00s Sys=0.00s Real=0.00s
[39.849s][info][gc,marking     ] GC(85) Concurrent Clear Claimed Marks
[39.849s][info][gc,marking     ] GC(85) Concurrent Clear Claimed Marks 0.098ms
[39.849s][info][gc,marking     ] GC(85) Concurrent Cleanup for Next Mark
[39.851s][info][gc,marking     ] GC(85) Concurrent Cleanup for Next Mark 2.061ms
[39.851s][info][gc             ] GC(85) Concurrent Mark Cycle 97.801ms
[40.706s][info][gc,start       ] GC(86) Pause Young (Prepare Mixed) (G1 Evacuation Pause)
[40.706s][info][gc,task        ] GC(86) Using 27 workers of 33 for evacuation
[40.784s][info][gc,phases      ] GC(86)   Pre Evacuate Collection Set: 0.2ms
[40.784s][info][gc,phases      ] GC(86)   Merge Heap Roots: 0.9ms
[40.784s][info][gc,phases      ] GC(86)   Evacuate Collection Set: 76.3ms
[40.784s][info][gc,phases      ] GC(86)   Post Evacuate Collection Set: 0.8ms
[40.784s][info][gc,phases      ] GC(86)   Other: 0.1ms
[40.784s][info][gc,heap        ] GC(86) Eden regions: 598->0(483)
[40.784s][info][gc,heap        ] GC(86) Survivor regions: 62->83(83)
[40.784s][info][gc,heap        ] GC(86) Old regions: 233->324
[40.784s][info][gc,heap        ] GC(86) Archive regions: 0->0
[40.784s][info][gc,heap        ] GC(86) Humongous regions: 115->110
[40.784s][info][gc,metaspace   ] GC(86) Metaspace: 65520K(66432K)->65520K(66432K) NonClass: 57147K(57600K)->57147K(57600K) Class: 8373K(8832K)->8373K(8832K)
[40.784s][info][gc             ] GC(86) Pause Young (Prepare Mixed) (G1 Evacuation Pause) 997M->507M(1182M) 78.673ms
[40.784s][info][gc,cpu         ] GC(86) User=1.77s Sys=0.30s Real=0.08s
[41.049s][info][gc,start       ] GC(87) Pause Young (Mixed) (G1 Evacuation Pause)
[41.049s][info][gc,task        ] GC(87) Using 28 workers of 33 for evacuation
[41.105s][info][gc,phases      ] GC(87)   Pre Evacuate Collection Set: 0.3ms
[41.105s][info][gc,phases      ] GC(87)   Merge Heap Roots: 1.0ms
[41.105s][info][gc,phases      ] GC(87)   Evacuate Collection Set: 54.1ms
[41.105s][info][gc,phases      ] GC(87)   Post Evacuate Collection Set: 0.7ms
[41.105s][info][gc,phases      ] GC(87)   Other: 0.2ms
[41.105s][info][gc,heap        ] GC(87) Eden regions: 483->0(431)
[41.105s][info][gc,heap        ] GC(87) Survivor regions: 83->55(71)
[41.105s][info][gc,heap        ] GC(87) Old regions: 324->403
[41.105s][info][gc,heap        ] GC(87) Archive regions: 0->0
[41.105s][info][gc,heap        ] GC(87) Humongous regions: 142->142
[41.105s][info][gc,metaspace   ] GC(87) Metaspace: 65520K(66432K)->65520K(66432K) NonClass: 57147K(57600K)->57147K(57600K) Class: 8373K(8832K)->8373K(8832K)
[41.106s][info][gc             ] GC(87) Pause Young (Mixed) (G1 Evacuation Pause) 1022M->590M(1182M) 56.580ms
[41.106s][info][gc,cpu         ] GC(87) User=1.75s Sys=0.00s Real=0.06s
[41.313s][info][gc,start       ] GC(88) Pause Young (Concurrent Start) (G1 Evacuation Pause)
[41.313s][info][gc,task        ] GC(88) Using 28 workers of 33 for evacuation
[41.344s][info][gc,phases      ] GC(88)   Pre Evacuate Collection Set: 0.5ms
[41.344s][info][gc,phases      ] GC(88)   Merge Heap Roots: 0.3ms
[41.344s][info][gc,phases      ] GC(88)   Evacuate Collection Set: 28.8ms
[41.344s][info][gc,phases      ] GC(88)   Post Evacuate Collection Set: 0.6ms
[41.344s][info][gc,phases      ] GC(88)   Other: 0.2ms
[41.344s][info][gc,heap        ] GC(88) Eden regions: 431->0(421)
[41.344s][info][gc,heap        ] GC(88) Survivor regions: 55->35(61)
[41.344s][info][gc,heap        ] GC(88) Old regions: 403->453
[41.344s][info][gc,heap        ] GC(88) Archive regions: 0->0
[41.344s][info][gc,heap        ] GC(88) Humongous regions: 142->142
[41.344s][info][gc,metaspace   ] GC(88) Metaspace: 65520K(66432K)->65520K(66432K) NonClass: 57147K(57600K)->57147K(57600K) Class: 8373K(8832K)->8373K(8832K)
[41.344s][info][gc             ] GC(88) Pause Young (Concurrent Start) (G1 Evacuation Pause) 1021M->620M(1182M) 30.724ms
[41.344s][info][gc             ] GC(89) Concurrent Mark Cycle
[41.344s][info][gc,cpu         ] GC(88) User=0.88s Sys=0.00s Real=0.03s
[41.344s][info][gc,marking     ] GC(89) Concurrent Scan Root Regions
[41.352s][info][gc,marking     ] GC(89) Concurrent Scan Root Regions 7.866ms
[41.352s][info][gc,marking     ] GC(89) Concurrent Mark
[41.352s][info][gc,marking     ] GC(89) Concurrent Mark From Roots
[41.352s][info][gc,task        ] GC(89) Using 8 workers of 8 for marking
[41.416s][info][gc,marking     ] GC(89) Concurrent Mark From Roots 64.048ms
[41.416s][info][gc,marking     ] GC(89) Concurrent Preclean
[41.416s][info][gc,marking     ] GC(89) Concurrent Preclean 0.125ms
[41.416s][info][gc,start       ] GC(89) Pause Remark
[41.419s][info][gc             ] GC(89) Pause Remark 724M->540M(1182M) 2.514ms
[41.419s][info][gc,cpu         ] GC(89) User=0.00s Sys=0.00s Real=0.00s
[41.419s][info][gc,marking     ] GC(89) Concurrent Mark 66.990ms
[41.419s][info][gc,marking     ] GC(89) Concurrent Rebuild Remembered Sets and Scrub Regions
[41.468s][info][gc,marking     ] GC(89) Concurrent Rebuild Remembered Sets and Scrub Regions 48.772ms
[41.468s][info][gc,start       ] GC(89) Pause Cleanup
[41.469s][info][gc             ] GC(89) Pause Cleanup 622M->622M(1182M) 0.527ms
[41.469s][info][gc,cpu         ] GC(89) User=0.00s Sys=0.00s Real=0.00s
[41.469s][info][gc,marking     ] GC(89) Concurrent Clear Claimed Marks
[41.469s][info][gc,marking     ] GC(89) Concurrent Clear Claimed Marks 0.103ms
[41.469s][info][gc,marking     ] GC(89) Concurrent Cleanup for Next Mark
[41.470s][info][gc,marking     ] GC(89) Concurrent Cleanup for Next Mark 0.833ms
[41.470s][info][gc             ] GC(89) Concurrent Mark Cycle 125.602ms
[42.256s][info][gc,start       ] GC(90) Pause Young (Prepare Mixed) (G1 Evacuation Pause)
[42.257s][info][gc,task        ] GC(90) Using 28 workers of 33 for evacuation
[42.301s][info][gc,phases      ] GC(90)   Pre Evacuate Collection Set: 0.3ms
[42.301s][info][gc,phases      ] GC(90)   Merge Heap Roots: 0.8ms
[42.301s][info][gc,phases      ] GC(90)   Evacuate Collection Set: 42.5ms
[42.301s][info][gc,phases      ] GC(90)   Post Evacuate Collection Set: 0.9ms
[42.301s][info][gc,phases      ] GC(90)   Other: 0.2ms
[42.301s][info][gc,heap        ] GC(90) Eden regions: 421->0(492)
[42.301s][info][gc,heap        ] GC(90) Survivor regions: 35->51(57)
[42.301s][info][gc,heap        ] GC(90) Old regions: 369->399
[42.301s][info][gc,heap        ] GC(90) Archive regions: 0->0
[42.301s][info][gc,heap        ] GC(90) Humongous regions: 91->86
[42.301s][info][gc,metaspace   ] GC(90) Metaspace: 65562K(66560K)->65562K(66560K) NonClass: 57189K(57728K)->57189K(57728K) Class: 8373K(8832K)->8373K(8832K)
[42.301s][info][gc             ] GC(90) Pause Young (Prepare Mixed) (G1 Evacuation Pause) 906M->526M(1182M) 45.016ms
[42.301s][info][gc,cpu         ] GC(90) User=1.31s Sys=0.00s Real=0.05s
[42.859s][info][gc,start       ] GC(91) Pause Young (Mixed) (G1 Evacuation Pause)
[42.859s][info][gc,task        ] GC(91) Using 28 workers of 33 for evacuation
[42.912s][info][gc,phases      ] GC(91)   Pre Evacuate Collection Set: 0.3ms
[42.912s][info][gc,phases      ] GC(91)   Merge Heap Roots: 0.9ms
[42.912s][info][gc,phases      ] GC(91)   Evacuate Collection Set: 50.7ms
[42.912s][info][gc,phases      ] GC(91)   Post Evacuate Collection Set: 0.8ms
[42.912s][info][gc,phases      ] GC(91)   Other: 0.2ms
[42.912s][info][gc,heap        ] GC(91) Eden regions: 492->0(435)
[42.912s][info][gc,heap        ] GC(91) Survivor regions: 51->68(68)
[42.912s][info][gc,heap        ] GC(91) Old regions: 399->410
[42.912s][info][gc,heap        ] GC(91) Archive regions: 0->0
[42.912s][info][gc,heap        ] GC(91) Humongous regions: 144->134
[42.912s][info][gc,metaspace   ] GC(91) Metaspace: 65626K(66624K)->65626K(66624K) NonClass: 57252K(57792K)->57252K(57792K) Class: 8373K(8832K)->8373K(8832K)
[42.912s][info][gc             ] GC(91) Pause Young (Mixed) (G1 Evacuation Pause) 1076M->602M(1204M) 53.362ms
[42.912s][info][gc,cpu         ] GC(91) User=1.28s Sys=0.05s Real=0.06s
[43.151s][info][gc,start       ] GC(92) Pause Young (Concurrent Start) (G1 Humongous Allocation)
[43.151s][info][gc,task        ] GC(92) Using 28 workers of 33 for evacuation
[43.180s][info][gc,phases      ] GC(92)   Pre Evacuate Collection Set: 0.5ms
[43.180s][info][gc,phases      ] GC(92)   Merge Heap Roots: 0.4ms
[43.180s][info][gc,phases      ] GC(92)   Evacuate Collection Set: 26.4ms
[43.180s][info][gc,phases      ] GC(92)   Post Evacuate Collection Set: 1.3ms
[43.180s][info][gc,phases      ] GC(92)   Other: 0.1ms
[43.180s][info][gc,heap        ] GC(92) Eden regions: 130->0(559)
[43.180s][info][gc,heap        ] GC(92) Survivor regions: 68->9(63)
[43.180s][info][gc,heap        ] GC(92) Old regions: 410->479
[43.180s][info][gc,heap        ] GC(92) Archive regions: 0->0
[43.180s][info][gc,heap        ] GC(92) Humongous regions: 134->134
[43.180s][info][gc,metaspace   ] GC(92) Metaspace: 65630K(66624K)->65630K(66624K) NonClass: 57257K(57792K)->57257K(57792K) Class: 8373K(8832K)->8373K(8832K)
[43.180s][info][gc             ] GC(92) Pause Young (Concurrent Start) (G1 Humongous Allocation) 731M->611M(1329M) 29.130ms
[43.181s][info][gc             ] GC(93) Concurrent Mark Cycle
[43.181s][info][gc,cpu         ] GC(92) User=0.89s Sys=0.00s Real=0.04s
[43.181s][info][gc,marking     ] GC(93) Concurrent Scan Root Regions
[43.185s][info][gc,marking     ] GC(93) Concurrent Scan Root Regions 4.514ms
[43.185s][info][gc,marking     ] GC(93) Concurrent Mark
[43.185s][info][gc,marking     ] GC(93) Concurrent Mark From Roots
[43.185s][info][gc,task        ] GC(93) Using 8 workers of 8 for marking
[43.214s][info][gc,marking     ] GC(93) Concurrent Mark From Roots 28.910ms
[43.214s][info][gc,marking     ] GC(93) Concurrent Preclean
[43.214s][info][gc,marking     ] GC(93) Concurrent Preclean 0.099ms
[43.214s][info][gc,start       ] GC(93) Pause Remark
[43.217s][info][gc             ] GC(93) Pause Remark 638M->298M(1030M) 2.647ms
[43.217s][info][gc,cpu         ] GC(93) User=0.00s Sys=0.00s Real=0.00s
[43.217s][info][gc,marking     ] GC(93) Concurrent Mark 31.965ms
[43.217s][info][gc,marking     ] GC(93) Concurrent Rebuild Remembered Sets and Scrub Regions
[43.235s][info][gc,marking     ] GC(93) Concurrent Rebuild Remembered Sets and Scrub Regions 17.461ms
[43.235s][info][gc,start       ] GC(93) Pause Cleanup
[43.235s][info][gc             ] GC(93) Pause Cleanup 330M->330M(1030M) 0.362ms
[43.235s][info][gc,cpu         ] GC(93) User=0.00s Sys=0.00s Real=0.00s
[43.235s][info][gc,marking     ] GC(93) Concurrent Clear Claimed Marks
[43.235s][info][gc,marking     ] GC(93) Concurrent Clear Claimed Marks 0.084ms
[43.235s][info][gc,marking     ] GC(93) Concurrent Cleanup for Next Mark
[43.236s][info][gc,marking     ] GC(93) Concurrent Cleanup for Next Mark 0.778ms
[43.236s][info][gc             ] GC(93) Concurrent Mark Cycle 55.584ms
[43.854s][info][gc,start       ] GC(94) Pause Young (Prepare Mixed) (G1 Evacuation Pause)
[43.854s][info][gc,task        ] GC(94) Using 26 workers of 33 for evacuation
[43.913s][info][gc,phases      ] GC(94)   Pre Evacuate Collection Set: 0.3ms
[43.913s][info][gc,phases      ] GC(94)   Merge Heap Roots: 0.5ms
[43.913s][info][gc,phases      ] GC(94)   Evacuate Collection Set: 57.5ms
[43.913s][info][gc,phases      ] GC(94)   Post Evacuate Collection Set: 0.7ms
[43.913s][info][gc,phases      ] GC(94)   Other: 0.2ms
[43.913s][info][gc,heap        ] GC(94) Eden regions: 559->0(481)
[43.913s][info][gc,heap        ] GC(94) Survivor regions: 9->69(71)
[43.913s][info][gc,heap        ] GC(94) Old regions: 263->263
[43.913s][info][gc,heap        ] GC(94) Archive regions: 0->0
[43.913s][info][gc,heap        ] GC(94) Humongous regions: 177->119
[43.913s][info][gc,metaspace   ] GC(94) Metaspace: 65712K(66688K)->65712K(66688K) NonClass: 57336K(57856K)->57336K(57856K) Class: 8376K(8832K)->8376K(8832K)
[43.913s][info][gc             ] GC(94) Pause Young (Prepare Mixed) (G1 Evacuation Pause) 997M->441M(1077M) 59.445ms
[43.913s][info][gc,cpu         ] GC(94) User=1.59s Sys=0.03s Real=0.06s
[44.197s][info][gc,start       ] GC(95) Pause Young (Mixed) (G1 Evacuation Pause)
[44.197s][info][gc,task        ] GC(95) Using 25 workers of 33 for evacuation
[44.274s][info][gc,phases      ] GC(95)   Pre Evacuate Collection Set: 0.3ms
[44.274s][info][gc,phases      ] GC(95)   Merge Heap Roots: 0.8ms
[44.274s][info][gc,phases      ] GC(95)   Evacuate Collection Set: 74.8ms
[44.274s][info][gc,phases      ] GC(95)   Post Evacuate Collection Set: 0.7ms
[44.274s][info][gc,phases      ] GC(95)   Other: 0.2ms
[44.274s][info][gc,heap        ] GC(95) Eden regions: 424->0(513)
[44.274s][info][gc,heap        ] GC(95) Survivor regions: 69->61(69)
[44.274s][info][gc,heap        ] GC(95) Old regions: 263->323
[44.274s][info][gc,heap        ] GC(95) Archive regions: 0->0
[44.274s][info][gc,heap        ] GC(95) Humongous regions: 321->143
[44.274s][info][gc,metaspace   ] GC(95) Metaspace: 65737K(66688K)->65737K(66688K) NonClass: 57361K(57856K)->57361K(57856K) Class: 8376K(8832K)->8376K(8832K)
[44.274s][info][gc             ] GC(95) Pause Young (Mixed) (G1 Evacuation Pause) 1067M->517M(1206M) 77.172ms
[44.274s][info][gc,cpu         ] GC(95) User=1.88s Sys=0.08s Real=0.08s
[44.382s][info][gc,start       ] GC(96) Pause Young (Concurrent Start) (G1 Humongous Allocation)
[44.382s][info][gc,task        ] GC(96) Using 28 workers of 33 for evacuation
[44.409s][info][gc,phases      ] GC(96)   Pre Evacuate Collection Set: 0.5ms
[44.409s][info][gc,phases      ] GC(96)   Merge Heap Roots: 0.4ms
[44.409s][info][gc,phases      ] GC(96)   Evacuate Collection Set: 26.1ms
[44.409s][info][gc,phases      ] GC(96)   Post Evacuate Collection Set: 0.5ms
[44.409s][info][gc,phases      ] GC(96)   Other: 0.1ms
[44.409s][info][gc,heap        ] GC(96) Eden regions: 223->0(545)
[44.409s][info][gc,heap        ] GC(96) Survivor regions: 61->1(72)
[44.409s][info][gc,heap        ] GC(96) Old regions: 323->382
[44.409s][info][gc,heap        ] GC(96) Archive regions: 0->0
[44.409s][info][gc,heap        ] GC(96) Humongous regions: 143->143
[44.409s][info][gc,metaspace   ] GC(96) Metaspace: 65737K(66688K)->65737K(66688K) NonClass: 57361K(57856K)->57361K(57856K) Class: 8376K(8832K)->8376K(8832K)
[44.409s][info][gc             ] GC(96) Pause Young (Concurrent Start) (G1 Humongous Allocation) 739M->516M(1206M) 27.848ms
[44.409s][info][gc             ] GC(97) Concurrent Mark Cycle
[44.409s][info][gc,cpu         ] GC(96) User=0.45s Sys=0.00s Real=0.01s
[44.410s][info][gc,marking     ] GC(97) Concurrent Scan Root Regions
[44.414s][info][gc,marking     ] GC(97) Concurrent Scan Root Regions 4.556ms
[44.414s][info][gc,marking     ] GC(97) Concurrent Mark
[44.414s][info][gc,marking     ] GC(97) Concurrent Mark From Roots
[44.414s][info][gc,task        ] GC(97) Using 8 workers of 8 for marking
[44.442s][info][gc,marking     ] GC(97) Concurrent Mark From Roots 28.338ms
[44.443s][info][gc,marking     ] GC(97) Concurrent Preclean
[44.443s][info][gc,marking     ] GC(97) Concurrent Preclean 0.114ms
[44.443s][info][gc,start       ] GC(97) Pause Remark
[44.446s][info][gc             ] GC(97) Pause Remark 557M->335M(1150M) 2.755ms
[44.446s][info][gc,cpu         ] GC(97) User=0.52s Sys=0.00s Real=0.02s
[44.446s][info][gc,marking     ] GC(97) Concurrent Mark 31.532ms
[44.446s][info][gc,marking     ] GC(97) Concurrent Rebuild Remembered Sets and Scrub Regions
[44.462s][info][gc,marking     ] GC(97) Concurrent Rebuild Remembered Sets and Scrub Regions 16.297ms
[44.462s][info][gc,start       ] GC(97) Pause Cleanup
[44.463s][info][gc             ] GC(97) Pause Cleanup 357M->357M(1150M) 0.382ms
[44.463s][info][gc,cpu         ] GC(97) User=0.00s Sys=0.00s Real=0.00s
[44.463s][info][gc,marking     ] GC(97) Concurrent Clear Claimed Marks
[44.463s][info][gc,marking     ] GC(97) Concurrent Clear Claimed Marks 0.107ms
[44.463s][info][gc,marking     ] GC(97) Concurrent Cleanup for Next Mark
[44.464s][info][gc,marking     ] GC(97) Concurrent Cleanup for Next Mark 1.059ms
[44.464s][info][gc             ] GC(97) Concurrent Mark Cycle 54.488ms
[44.548s][info][gc,start       ] GC(98) Pause Full (System.gc())
[44.548s][info][gc,task        ] GC(98) Using 27 workers of 33 for full compaction
[44.549s][info][gc,phases,start] GC(98) Phase 1: Mark live objects
[44.578s][info][gc,phases      ] GC(98) Phase 1: Mark live objects 29.220ms
[44.578s][info][gc,phases,start] GC(98) Phase 2: Prepare compaction
[44.584s][info][gc,phases      ] GC(98) Phase 2: Prepare compaction 5.616ms
[44.584s][info][gc,phases,start] GC(98) Phase 3: Adjust pointers
[44.593s][info][gc,phases      ] GC(98) Phase 3: Adjust pointers 9.120ms
[44.593s][info][gc,phases,start] GC(98) Phase 4: Compact heap
[44.594s][info][gc,phases      ] GC(98) Phase 4: Compact heap 0.771ms
[44.603s][info][gc,heap        ] GC(98) Eden regions: 187->0(305)
[44.603s][info][gc,heap        ] GC(98) Survivor regions: 1->0(72)
[44.603s][info][gc,heap        ] GC(98) Old regions: 287->157
[44.603s][info][gc,heap        ] GC(98) Archive regions: 0->0
[44.603s][info][gc,heap        ] GC(98) Humongous regions: 19->10
[44.603s][info][gc,metaspace   ] GC(98) Metaspace: 65738K(66688K)->65738K(66688K) NonClass: 57361K(57856K)->57361K(57856K) Class: 8376K(8832K)->8376K(8832K)
[44.603s][info][gc             ] GC(98) Pause Full (System.gc()) 483M->148M(557M) 55.037ms
[44.603s][info][gc,cpu         ] GC(98) User=0.86s Sys=0.02s Real=0.06s
[44.648s][info][gc,start       ] GC(99) Pause Young (Concurrent Start) (G1 Humongous Allocation)
[44.648s][info][gc,task        ] GC(99) Using 20 workers of 33 for evacuation
[44.651s][info][gc,phases      ] GC(99)   Pre Evacuate Collection Set: 0.4ms
[44.651s][info][gc,phases      ] GC(99)   Merge Heap Roots: 0.1ms
[44.651s][info][gc,phases      ] GC(99)   Evacuate Collection Set: 1.3ms
[44.651s][info][gc,phases      ] GC(99)   Post Evacuate Collection Set: 0.6ms
[44.651s][info][gc,phases      ] GC(99)   Other: 0.1ms
[44.651s][info][gc,heap        ] GC(99) Eden regions: 18->0(317)
[44.651s][info][gc,heap        ] GC(99) Survivor regions: 0->3(39)
[44.651s][info][gc,heap        ] GC(99) Old regions: 157->157
[44.651s][info][gc,heap        ] GC(99) Archive regions: 0->0
[44.651s][info][gc,heap        ] GC(99) Humongous regions: 10->10
[44.651s][info][gc,metaspace   ] GC(99) Metaspace: 65781K(66752K)->65781K(66752K) NonClass: 57403K(57920K)->57403K(57920K) Class: 8377K(8832K)->8377K(8832K)
[44.651s][info][gc             ] GC(99) Pause Young (Concurrent Start) (G1 Humongous Allocation) 165M->150M(557M) 3.050ms
[44.651s][info][gc             ] GC(100) Concurrent Mark Cycle
[44.651s][info][gc,cpu         ] GC(99) User=0.00s Sys=0.00s Real=0.00s
[44.651s][info][gc,marking     ] GC(100) Concurrent Scan Root Regions
[44.652s][info][gc,marking     ] GC(100) Concurrent Scan Root Regions 1.292ms
[44.652s][info][gc,marking     ] GC(100) Concurrent Mark
[44.652s][info][gc,marking     ] GC(100) Concurrent Mark From Roots
[44.652s][info][gc,task        ] GC(100) Using 8 workers of 8 for marking
[44.696s][info][gc,marking     ] GC(100) Concurrent Mark From Roots 43.516ms
[44.696s][info][gc,marking     ] GC(100) Concurrent Preclean
[44.696s][info][gc,marking     ] GC(100) Concurrent Preclean 0.074ms
[44.696s][info][gc,start       ] GC(100) Pause Remark
[44.698s][info][gc             ] GC(100) Pause Remark 187M->187M(557M) 1.801ms
[44.698s][info][gc,cpu         ] GC(100) User=0.00s Sys=0.00s Real=0.00s
[44.698s][info][gc,marking     ] GC(100) Concurrent Mark 45.736ms
[44.698s][info][gc,marking     ] GC(100) Concurrent Rebuild Remembered Sets and Scrub Regions
[44.710s][info][gc,marking     ] GC(100) Concurrent Rebuild Remembered Sets and Scrub Regions 12.067ms
[44.721s][info][gc,start       ] GC(100) Pause Cleanup
[44.721s][info][gc             ] GC(100) Pause Cleanup 206M->206M(557M) 0.248ms
[44.721s][info][gc,cpu         ] GC(100) User=0.00s Sys=0.00s Real=0.00s
[44.721s][info][gc,marking     ] GC(100) Concurrent Clear Claimed Marks
[44.721s][info][gc,marking     ] GC(100) Concurrent Clear Claimed Marks 0.104ms
[44.721s][info][gc,marking     ] GC(100) Concurrent Cleanup for Next Mark
[44.722s][info][gc,marking     ] GC(100) Concurrent Cleanup for Next Mark 0.361ms
[44.722s][info][gc             ] GC(100) Concurrent Mark Cycle 70.736ms
[44.847s][info][gc,start       ] GC(101) Pause Young (Prepare Mixed) (G1 Evacuation Pause)
[44.847s][info][gc,task        ] GC(101) Using 16 workers of 33 for evacuation
[44.879s][info][gc,phases      ] GC(101)   Pre Evacuate Collection Set: 0.3ms
[44.879s][info][gc,phases      ] GC(101)   Merge Heap Roots: 0.2ms
[44.879s][info][gc,phases      ] GC(101)   Evacuate Collection Set: 31.0ms
[44.879s][info][gc,phases      ] GC(101)   Post Evacuate Collection Set: 0.7ms
[44.879s][info][gc,phases      ] GC(101)   Other: 0.2ms
[44.879s][info][gc,heap        ] GC(101) Eden regions: 317->0(229)
[44.879s][info][gc,heap        ] GC(101) Survivor regions: 3->40(40)
[44.879s][info][gc,heap        ] GC(101) Old regions: 157->202
[44.879s][info][gc,heap        ] GC(101) Archive regions: 0->0
[44.879s][info][gc,heap        ] GC(101) Humongous regions: 43->38
[44.879s][info][gc,metaspace   ] GC(101) Metaspace: 65785K(66752K)->65785K(66752K) NonClass: 57407K(57920K)->57407K(57920K) Class: 8377K(8832K)->8377K(8832K)
[44.879s][info][gc             ] GC(101) Pause Young (Prepare Mixed) (G1 Evacuation Pause) 500M->260M(605M) 32.589ms
[44.879s][info][gc,cpu         ] GC(101) User=0.30s Sys=0.02s Real=0.05s
[44.993s][info][gc,start       ] GC(102) Pause Young (Mixed) (G1 Evacuation Pause)
[44.994s][info][gc,task        ] GC(102) Using 15 workers of 33 for evacuation
[45.034s][info][gc,phases      ] GC(102)   Pre Evacuate Collection Set: 0.2ms
[45.034s][info][gc,phases      ] GC(102)   Merge Heap Roots: 0.4ms
[45.034s][info][gc,phases      ] GC(102)   Evacuate Collection Set: 34.2ms
[45.034s][info][gc,phases      ] GC(102)   Post Evacuate Collection Set: 5.5ms
[45.034s][info][gc,phases      ] GC(102)   Other: 0.2ms
[45.034s][info][gc,heap        ] GC(102) Eden regions: 229->0(507)
[45.034s][info][gc,heap        ] GC(102) Survivor regions: 40->29(34)
[45.034s][info][gc,heap        ] GC(102) Old regions: 202->241
[45.034s][info][gc,heap        ] GC(102) Archive regions: 0->0
[45.034s][info][gc,heap        ] GC(102) Humongous regions: 58->58
[45.034s][info][gc,metaspace   ] GC(102) Metaspace: 65785K(66752K)->65785K(66752K) NonClass: 57407K(57920K)->57407K(57920K) Class: 8377K(8832K)->8377K(8832K)
[45.034s][info][gc             ] GC(102) Pause Young (Mixed) (G1 Evacuation Pause) 509M->312M(1005M) 40.998ms
[45.034s][info][gc,cpu         ] GC(102) User=0.78s Sys=0.05s Real=0.05s
[45.143s][info][gc,start       ] GC(103) Pause Young (Concurrent Start) (G1 Humongous Allocation)
[45.143s][info][gc,task        ] GC(103) Using 24 workers of 33 for evacuation
[45.166s][info][gc,phases      ] GC(103)   Pre Evacuate Collection Set: 0.4ms
[45.166s][info][gc,phases      ] GC(103)   Merge Heap Roots: 0.2ms
[45.166s][info][gc,phases      ] GC(103)   Evacuate Collection Set: 21.2ms
[45.166s][info][gc,phases      ] GC(103)   Post Evacuate Collection Set: 0.5ms
[45.166s][info][gc,phases      ] GC(103)   Other: 0.1ms
[45.166s][info][gc,heap        ] GC(103) Eden regions: 174->0(506)
[45.166s][info][gc,heap        ] GC(103) Survivor regions: 29->43(67)
[45.166s][info][gc,heap        ] GC(103) Old regions: 241->241
[45.166s][info][gc,heap        ] GC(103) Archive regions: 0->0
[45.166s][info][gc,heap        ] GC(103) Humongous regions: 58->58
[45.166s][info][gc,metaspace   ] GC(103) Metaspace: 65790K(66752K)->65790K(66752K) NonClass: 57412K(57920K)->57412K(57920K) Class: 8377K(8832K)->8377K(8832K)
[45.166s][info][gc             ] GC(103) Pause Young (Concurrent Start) (G1 Humongous Allocation) 486M->326M(1005M) 22.696ms
[45.166s][info][gc             ] GC(104) Concurrent Mark Cycle
[45.166s][info][gc,cpu         ] GC(103) User=0.38s Sys=0.00s Real=0.01s
[45.166s][info][gc,marking     ] GC(104) Concurrent Scan Root Regions
[45.171s][info][gc,marking     ] GC(104) Concurrent Scan Root Regions 5.170ms
[45.171s][info][gc,marking     ] GC(104) Concurrent Mark
[45.171s][info][gc,marking     ] GC(104) Concurrent Mark From Roots
[45.171s][info][gc,task        ] GC(104) Using 8 workers of 8 for marking
[45.224s][info][gc,marking     ] GC(104) Concurrent Mark From Roots 52.407ms
[45.224s][info][gc,marking     ] GC(104) Concurrent Preclean
[45.224s][info][gc,marking     ] GC(104) Concurrent Preclean 0.172ms
[45.224s][info][gc,start       ] GC(104) Pause Remark
[45.226s][info][gc             ] GC(104) Pause Remark 410M->386M(1005M) 2.057ms
[45.226s][info][gc,cpu         ] GC(104) User=0.00s Sys=0.00s Real=0.00s
[45.226s][info][gc,marking     ] GC(104) Concurrent Mark 55.006ms
[45.226s][info][gc,marking     ] GC(104) Concurrent Rebuild Remembered Sets and Scrub Regions
[45.266s][info][gc,marking     ] GC(104) Concurrent Rebuild Remembered Sets and Scrub Regions 39.414ms
[45.266s][info][gc,start       ] GC(104) Pause Cleanup
[45.266s][info][gc             ] GC(104) Pause Cleanup 456M->456M(1005M) 0.293ms
[45.266s][info][gc,cpu         ] GC(104) User=0.00s Sys=0.00s Real=0.00s
[45.266s][info][gc,marking     ] GC(104) Concurrent Clear Claimed Marks
[45.266s][info][gc,marking     ] GC(104) Concurrent Clear Claimed Marks 0.079ms
[45.266s][info][gc,marking     ] GC(104) Concurrent Cleanup for Next Mark
[45.268s][info][gc,marking     ] GC(104) Concurrent Cleanup for Next Mark 1.675ms
[45.268s][info][gc             ] GC(104) Concurrent Mark Cycle 102.089ms
[45.462s][info][gc,start       ] GC(105) Pause Young (Prepare Mixed) (G1 Evacuation Pause)
[45.462s][info][gc,task        ] GC(105) Using 24 workers of 33 for evacuation
[45.497s][info][gc,phases      ] GC(105)   Pre Evacuate Collection Set: 0.2ms
[45.497s][info][gc,phases      ] GC(105)   Merge Heap Roots: 0.9ms
[45.497s][info][gc,phases      ] GC(105)   Evacuate Collection Set: 32.3ms
[45.497s][info][gc,phases      ] GC(105)   Post Evacuate Collection Set: 0.6ms
[45.497s][info][gc,phases      ] GC(105)   Other: 0.2ms
[45.497s][info][gc,heap        ] GC(105) Eden regions: 506->0(494)
[45.497s][info][gc,heap        ] GC(105) Survivor regions: 43->56(69)
[45.497s][info][gc,heap        ] GC(105) Old regions: 241->262
[45.497s][info][gc,heap        ] GC(105) Archive regions: 0->0
[45.497s][info][gc,heap        ] GC(105) Humongous regions: 54->54
[45.497s][info][gc,metaspace   ] GC(105) Metaspace: 65790K(66752K)->65790K(66752K) NonClass: 57412K(57920K)->57412K(57920K) Class: 8377K(8832K)->8377K(8832K)
[45.497s][info][gc             ] GC(105) Pause Young (Prepare Mixed) (G1 Evacuation Pause) 828M->357M(1005M) 34.462ms
[45.497s][info][gc,cpu         ] GC(105) User=0.75s Sys=0.00s Real=0.03s
[46.339s][info][gc,start       ] GC(106) Pause Young (Mixed) (G1 Evacuation Pause)
[46.339s][info][gc,task        ] GC(106) Using 24 workers of 33 for evacuation
[46.390s][info][gc,phases      ] GC(106)   Pre Evacuate Collection Set: 0.3ms
[46.390s][info][gc,phases      ] GC(106)   Merge Heap Roots: 0.6ms
[46.390s][info][gc,phases      ] GC(106)   Evacuate Collection Set: 48.6ms
[46.390s][info][gc,phases      ] GC(106)   Post Evacuate Collection Set: 0.7ms
[46.390s][info][gc,phases      ] GC(106)   Other: 0.2ms
[46.390s][info][gc,heap        ] GC(106) Eden regions: 494->0(475)
[46.390s][info][gc,heap        ] GC(106) Survivor regions: 56->33(69)
[46.390s][info][gc,heap        ] GC(106) Old regions: 262->304
[46.390s][info][gc,heap        ] GC(106) Archive regions: 0->0
[46.390s][info][gc,heap        ] GC(106) Humongous regions: 79->74
[46.390s][info][gc,metaspace   ] GC(106) Metaspace: 65849K(66752K)->65849K(66752K) NonClass: 57471K(57920K)->57471K(57920K) Class: 8377K(8832K)->8377K(8832K)
[46.390s][info][gc             ] GC(106) Pause Young (Mixed) (G1 Evacuation Pause) 876M->400M(1005M) 50.685ms
[46.390s][info][gc,cpu         ] GC(106) User=1.14s Sys=0.00s Real=0.06s
[46.404s][info][gc,start       ] GC(107) Pause Young (Concurrent Start) (G1 Humongous Allocation)
[46.404s][info][gc,task        ] GC(107) Using 24 workers of 33 for evacuation
[46.420s][info][gc,phases      ] GC(107)   Pre Evacuate Collection Set: 0.3ms
[46.420s][info][gc,phases      ] GC(107)   Merge Heap Roots: 0.2ms
[46.420s][info][gc,phases      ] GC(107)   Evacuate Collection Set: 15.4ms
[46.420s][info][gc,phases      ] GC(107)   Post Evacuate Collection Set: 0.6ms
[46.420s][info][gc,phases      ] GC(107)   Other: 0.1ms
[46.420s][info][gc,heap        ] GC(107) Eden regions: 30->0(491)
[46.420s][info][gc,heap        ] GC(107) Survivor regions: 33->35(64)
[46.420s][info][gc,heap        ] GC(107) Old regions: 304->304
[46.420s][info][gc,heap        ] GC(107) Archive regions: 0->0
[46.421s][info][gc,heap        ] GC(107) Humongous regions: 74->74
[46.421s][info][gc,metaspace   ] GC(107) Metaspace: 65849K(66752K)->65849K(66752K) NonClass: 57471K(57920K)->57471K(57920K) Class: 8377K(8832K)->8377K(8832K)
[46.421s][info][gc             ] GC(107) Pause Young (Concurrent Start) (G1 Humongous Allocation) 429M->402M(1005M) 16.854ms
[46.421s][info][gc             ] GC(108) Concurrent Mark Cycle
[46.421s][info][gc,cpu         ] GC(107) User=0.38s Sys=0.00s Real=0.02s
[46.421s][info][gc,marking     ] GC(108) Concurrent Scan Root Regions
[46.425s][info][gc,marking     ] GC(108) Concurrent Scan Root Regions 3.939ms
[46.425s][info][gc,marking     ] GC(108) Concurrent Mark
[46.425s][info][gc,marking     ] GC(108) Concurrent Mark From Roots
[46.425s][info][gc,task        ] GC(108) Using 8 workers of 8 for marking
[46.453s][info][gc,marking     ] GC(108) Concurrent Mark From Roots 28.236ms
[46.453s][info][gc,marking     ] GC(108) Concurrent Preclean
[46.453s][info][gc,marking     ] GC(108) Concurrent Preclean 0.096ms
[46.453s][info][gc,start       ] GC(108) Pause Remark
[46.455s][info][gc             ] GC(108) Pause Remark 441M->250M(870M) 2.156ms
[46.455s][info][gc,cpu         ] GC(108) User=0.00s Sys=0.00s Real=0.00s
[46.455s][info][gc,marking     ] GC(108) Concurrent Mark 30.775ms
[46.455s][info][gc,marking     ] GC(108) Concurrent Rebuild Remembered Sets and Scrub Regions
[46.477s][info][gc,marking     ] GC(108) Concurrent Rebuild Remembered Sets and Scrub Regions 21.378ms
[46.477s][info][gc,start       ] GC(108) Pause Cleanup
[46.477s][info][gc             ] GC(108) Pause Cleanup 267M->267M(870M) 0.273ms
[46.477s][info][gc,cpu         ] GC(108) User=0.00s Sys=0.00s Real=0.00s
[46.477s][info][gc,marking     ] GC(108) Concurrent Clear Claimed Marks
[46.477s][info][gc,marking     ] GC(108) Concurrent Clear Claimed Marks 0.087ms
[46.477s][info][gc,marking     ] GC(108) Concurrent Cleanup for Next Mark
[46.478s][info][gc,marking     ] GC(108) Concurrent Cleanup for Next Mark 0.580ms
[46.478s][info][gc             ] GC(108) Concurrent Mark Cycle 57.449ms
[46.819s][info][gc,start       ] GC(109) Pause Young (Prepare Mixed) (G1 Evacuation Pause)
[46.819s][info][gc,task        ] GC(109) Using 22 workers of 33 for evacuation
[46.864s][info][gc,phases      ] GC(109)   Pre Evacuate Collection Set: 0.3ms
[46.864s][info][gc,phases      ] GC(109)   Merge Heap Roots: 0.6ms
[46.864s][info][gc,phases      ] GC(109)   Evacuate Collection Set: 43.1ms
[46.864s][info][gc,phases      ] GC(109)   Post Evacuate Collection Set: 0.6ms
[46.864s][info][gc,phases      ] GC(109)   Other: 0.2ms
[46.864s][info][gc,heap        ] GC(109) Eden regions: 487->0(380)
[46.864s][info][gc,heap        ] GC(109) Survivor regions: 35->66(66)
[46.864s][info][gc,heap        ] GC(109) Old regions: 177->229
[46.864s][info][gc,heap        ] GC(109) Archive regions: 0->0
[46.864s][info][gc,heap        ] GC(109) Humongous regions: 66->66
[46.864s][info][gc,metaspace   ] GC(109) Metaspace: 65879K(66816K)->65879K(66816K) NonClass: 57501K(57984K)->57501K(57984K) Class: 8377K(8832K)->8377K(8832K)
[46.864s][info][gc             ] GC(109) Pause Young (Prepare Mixed) (G1 Evacuation Pause) 754M->350M(883M) 45.059ms
[46.864s][info][gc,cpu         ] GC(109) User=1.00s Sys=0.03s Real=0.05s
[47.048s][info][gc,start       ] GC(110) Pause Young (Mixed) (G1 Evacuation Pause)
[47.048s][info][gc,task        ] GC(110) Using 21 workers of 33 for evacuation
[47.092s][info][gc,phases      ] GC(110)   Pre Evacuate Collection Set: 0.2ms
[47.092s][info][gc,phases      ] GC(110)   Merge Heap Roots: 0.4ms
[47.092s][info][gc,phases      ] GC(110)   Evacuate Collection Set: 42.6ms
[47.092s][info][gc,phases      ] GC(110)   Post Evacuate Collection Set: 0.6ms
[47.092s][info][gc,phases      ] GC(110)   Other: 0.2ms
[47.092s][info][gc,heap        ] GC(110) Eden regions: 380->0(344)
[47.092s][info][gc,heap        ] GC(110) Survivor regions: 66->43(56)
[47.092s][info][gc,heap        ] GC(110) Old regions: 229->293
[47.092s][info][gc,heap        ] GC(110) Archive regions: 0->0
[47.092s][info][gc,heap        ] GC(110) Humongous regions: 82->82
[47.092s][info][gc,metaspace   ] GC(110) Metaspace: 65882K(66880K)->65882K(66880K) NonClass: 57504K(58048K)->57504K(58048K) Class: 8377K(8832K)->8377K(8832K)
[47.092s][info][gc             ] GC(110) Pause Young (Mixed) (G1 Evacuation Pause) 746M->407M(883M) 44.347ms
[47.092s][info][gc,cpu         ] GC(110) User=0.97s Sys=0.02s Real=0.05s
[47.097s][info][gc,start       ] GC(111) Pause Young (Concurrent Start) (G1 Humongous Allocation)
[47.097s][info][gc,task        ] GC(111) Using 21 workers of 33 for evacuation
[47.110s][info][gc,phases      ] GC(111)   Pre Evacuate Collection Set: 0.3ms
[47.110s][info][gc,phases      ] GC(111)   Merge Heap Roots: 0.1ms
[47.110s][info][gc,phases      ] GC(111)   Evacuate Collection Set: 10.3ms
[47.110s][info][gc,phases      ] GC(111)   Post Evacuate Collection Set: 1.9ms
[47.110s][info][gc,phases      ] GC(111)   Other: 0.1ms
[47.110s][info][gc,heap        ] GC(111) Eden regions: 9->0(516)
[47.110s][info][gc,heap        ] GC(111) Survivor regions: 43->7(49)
[47.110s][info][gc,heap        ] GC(111) Old regions: 293->336
[47.110s][info][gc,heap        ] GC(111) Archive regions: 0->0
[47.110s][info][gc,heap        ] GC(111) Humongous regions: 82->82
[47.110s][info][gc,metaspace   ] GC(111) Metaspace: 65882K(66880K)->65882K(66880K) NonClass: 57504K(58048K)->57504K(58048K) Class: 8377K(8832K)->8377K(8832K)
[47.110s][info][gc             ] GC(111) Pause Young (Concurrent Start) (G1 Humongous Allocation) 416M->414M(1116M) 12.871ms
[47.110s][info][gc             ] GC(112) Concurrent Mark Cycle
[47.110s][info][gc,cpu         ] GC(111) User=0.00s Sys=0.00s Real=0.00s
[47.110s][info][gc,marking     ] GC(112) Concurrent Scan Root Regions
[47.114s][info][gc,marking     ] GC(112) Concurrent Scan Root Regions 4.269ms
[47.114s][info][gc,marking     ] GC(112) Concurrent Mark
[47.114s][info][gc,marking     ] GC(112) Concurrent Mark From Roots
[47.114s][info][gc,task        ] GC(112) Using 8 workers of 8 for marking
[47.175s][info][gc,marking     ] GC(112) Concurrent Mark From Roots 60.277ms
[47.175s][info][gc,marking     ] GC(112) Concurrent Preclean
[47.175s][info][gc,marking     ] GC(112) Concurrent Preclean 0.174ms
[47.175s][info][gc,start       ] GC(112) Pause Remark
[47.177s][info][gc             ] GC(112) Pause Remark 510M->461M(1116M) 2.283ms
[47.178s][info][gc,cpu         ] GC(112) User=0.00s Sys=0.00s Real=0.00s
[47.178s][info][gc,marking     ] GC(112) Concurrent Mark 63.202ms
[47.178s][info][gc,marking     ] GC(112) Concurrent Rebuild Remembered Sets and Scrub Regions
[47.225s][info][gc,marking     ] GC(112) Concurrent Rebuild Remembered Sets and Scrub Regions 47.295ms
[47.225s][info][gc,start       ] GC(112) Pause Cleanup
[47.226s][info][gc             ] GC(112) Pause Cleanup 542M->542M(1116M) 0.420ms
[47.226s][info][gc,cpu         ] GC(112) User=0.00s Sys=0.00s Real=0.00s
[47.226s][info][gc,marking     ] GC(112) Concurrent Clear Claimed Marks
[47.226s][info][gc,marking     ] GC(112) Concurrent Clear Claimed Marks 0.114ms
[47.226s][info][gc,marking     ] GC(112) Concurrent Cleanup for Next Mark
[47.228s][info][gc,marking     ] GC(112) Concurrent Cleanup for Next Mark 1.610ms
[47.228s][info][gc             ] GC(112) Concurrent Mark Cycle 117.451ms
[47.412s][info][gc,start       ] GC(113) Pause Young (Prepare Mixed) (G1 Evacuation Pause)
[47.413s][info][gc,task        ] GC(113) Using 26 workers of 33 for evacuation
[47.435s][info][gc,phases      ] GC(113)   Pre Evacuate Collection Set: 0.2ms
[47.435s][info][gc,phases      ] GC(113)   Merge Heap Roots: 0.8ms
[47.435s][info][gc,phases      ] GC(113)   Evacuate Collection Set: 20.6ms
[47.435s][info][gc,phases      ] GC(113)   Post Evacuate Collection Set: 0.7ms
[47.435s][info][gc,phases      ] GC(113)   Other: 0.2ms
[47.435s][info][gc,heap        ] GC(113) Eden regions: 516->0(528)
[47.435s][info][gc,heap        ] GC(113) Survivor regions: 7->40(66)
[47.435s][info][gc,heap        ] GC(113) Old regions: 335->335
[47.435s][info][gc,heap        ] GC(113) Archive regions: 0->0
[47.435s][info][gc,heap        ] GC(113) Humongous regions: 54->54
[47.435s][info][gc,metaspace   ] GC(113) Metaspace: 65882K(66880K)->65882K(66880K) NonClass: 57504K(58048K)->57504K(58048K) Class: 8377K(8832K)->8377K(8832K)
[47.435s][info][gc             ] GC(113) Pause Young (Prepare Mixed) (G1 Evacuation Pause) 901M->418M(1116M) 22.916ms
[47.435s][info][gc,cpu         ] GC(113) User=0.81s Sys=0.00s Real=0.03s
[48.525s][info][gc,start       ] GC(114) Pause Young (Mixed) (G1 Evacuation Pause)
[48.525s][info][gc,task        ] GC(114) Using 26 workers of 33 for evacuation
[48.578s][info][gc,phases      ] GC(114)   Pre Evacuate Collection Set: 0.3ms
[48.579s][info][gc,phases      ] GC(114)   Merge Heap Roots: 0.8ms
[48.579s][info][gc,phases      ] GC(114)   Evacuate Collection Set: 51.3ms
[48.579s][info][gc,phases      ] GC(114)   Post Evacuate Collection Set: 0.8ms
[48.579s][info][gc,phases      ] GC(114)   Other: 0.2ms
[48.579s][info][gc,heap        ] GC(114) Eden regions: 528->0(471)
[48.579s][info][gc,heap        ] GC(114) Survivor regions: 40->54(71)
[48.579s][info][gc,heap        ] GC(114) Old regions: 335->352
[48.579s][info][gc,heap        ] GC(114) Archive regions: 0->0
[48.579s][info][gc,heap        ] GC(114) Humongous regions: 103->98
[48.579s][info][gc,metaspace   ] GC(114) Metaspace: 65911K(66880K)->65911K(66880K) NonClass: 57533K(58048K)->57533K(58048K) Class: 8377K(8832K)->8377K(8832K)
[48.579s][info][gc             ] GC(114) Pause Young (Mixed) (G1 Evacuation Pause) 995M->493M(1116M) 53.678ms
[48.579s][info][gc,cpu         ] GC(114) User=1.22s Sys=0.00s Real=0.05s
[48.587s][info][gc,start       ] GC(115) Pause Young (Concurrent Start) (G1 Humongous Allocation)
[48.587s][info][gc,task        ] GC(115) Using 26 workers of 33 for evacuation
[48.605s][info][gc,phases      ] GC(115)   Pre Evacuate Collection Set: 0.3ms
[48.605s][info][gc,phases      ] GC(115)   Merge Heap Roots: 0.2ms
[48.605s][info][gc,phases      ] GC(115)   Evacuate Collection Set: 16.9ms
[48.605s][info][gc,phases      ] GC(115)   Post Evacuate Collection Set: 0.5ms
[48.605s][info][gc,phases      ] GC(115)   Other: 0.1ms
[48.605s][info][gc,heap        ] GC(115) Eden regions: 6->0(487)
[48.605s][info][gc,heap        ] GC(115) Survivor regions: 54->8(66)
[48.605s][info][gc,heap        ] GC(115) Old regions: 352->406
[48.605s][info][gc,heap        ] GC(115) Archive regions: 0->0
[48.605s][info][gc,heap        ] GC(115) Humongous regions: 98->98
[48.605s][info][gc,metaspace   ] GC(115) Metaspace: 65917K(66880K)->65917K(66880K) NonClass: 57539K(58048K)->57539K(58048K) Class: 8377K(8832K)->8377K(8832K)
[48.605s][info][gc             ] GC(115) Pause Young (Concurrent Start) (G1 Humongous Allocation) 499M->501M(1116M) 18.125ms
[48.605s][info][gc             ] GC(116) Concurrent Mark Cycle
[48.605s][info][gc,cpu         ] GC(115) User=0.41s Sys=0.00s Real=0.02s
[48.605s][info][gc,marking     ] GC(116) Concurrent Scan Root Regions
[48.609s][info][gc,marking     ] GC(116) Concurrent Scan Root Regions 3.860ms
[48.609s][info][gc,marking     ] GC(116) Concurrent Mark
[48.609s][info][gc,marking     ] GC(116) Concurrent Mark From Roots
[48.609s][info][gc,task        ] GC(116) Using 8 workers of 8 for marking
[48.638s][info][gc,marking     ] GC(116) Concurrent Mark From Roots 28.998ms
[48.638s][info][gc,marking     ] GC(116) Concurrent Preclean
[48.638s][info][gc,marking     ] GC(116) Concurrent Preclean 0.076ms
[48.638s][info][gc,start       ] GC(116) Pause Remark
[48.641s][info][gc             ] GC(116) Pause Remark 544M->307M(1060M) 2.441ms
[48.641s][info][gc,cpu         ] GC(116) User=0.00s Sys=0.00s Real=0.00s
[48.641s][info][gc,marking     ] GC(116) Concurrent Mark 31.850ms
[48.641s][info][gc,marking     ] GC(116) Concurrent Rebuild Remembered Sets and Scrub Regions
[48.660s][info][gc,marking     ] GC(116) Concurrent Rebuild Remembered Sets and Scrub Regions 19.394ms
[48.660s][info][gc,start       ] GC(116) Pause Cleanup
[48.661s][info][gc             ] GC(116) Pause Cleanup 331M->331M(1060M) 0.388ms
[48.661s][info][gc,cpu         ] GC(116) User=0.00s Sys=0.00s Real=0.00s
[48.661s][info][gc,marking     ] GC(116) Concurrent Clear Claimed Marks
[48.661s][info][gc,marking     ] GC(116) Concurrent Clear Claimed Marks 0.093ms
[48.661s][info][gc,marking     ] GC(116) Concurrent Cleanup for Next Mark
[48.662s][info][gc,marking     ] GC(116) Concurrent Cleanup for Next Mark 0.720ms
[48.662s][info][gc             ] GC(116) Concurrent Mark Cycle 56.779ms
[49.172s][info][gc,start       ] GC(117) Pause Young (Prepare Mixed) (G1 Evacuation Pause)
[49.172s][info][gc,task        ] GC(117) Using 25 workers of 33 for evacuation
[49.210s][info][gc,phases      ] GC(117)   Pre Evacuate Collection Set: 0.2ms
[49.210s][info][gc,phases      ] GC(117)   Merge Heap Roots: 0.6ms
[49.210s][info][gc,phases      ] GC(117)   Evacuate Collection Set: 36.0ms
[49.210s][info][gc,phases      ] GC(117)   Post Evacuate Collection Set: 0.7ms
[49.210s][info][gc,phases      ] GC(117)   Other: 0.2ms
[49.210s][info][gc,heap        ] GC(117) Eden regions: 487->0(522)
[49.210s][info][gc,heap        ] GC(117) Survivor regions: 8->62(62)
[49.210s][info][gc,heap        ] GC(117) Old regions: 257->264
[49.210s][info][gc,heap        ] GC(117) Archive regions: 0->0
[49.210s][info][gc,heap        ] GC(117) Humongous regions: 68->58
[49.210s][info][gc,metaspace   ] GC(117) Metaspace: 65962K(66944K)->65962K(66944K) NonClass: 57582K(58112K)->57582K(58112K) Class: 8379K(8832K)->8379K(8832K)
[49.210s][info][gc             ] GC(117) Pause Young (Prepare Mixed) (G1 Evacuation Pause) 809M->373M(1060M) 38.040ms
[49.210s][info][gc,cpu         ] GC(117) User=0.78s Sys=0.00s Real=0.03s
[49.651s][info][gc,start       ] GC(118) Pause Young (Mixed) (G1 Evacuation Pause)
[49.651s][info][gc,task        ] GC(118) Using 25 workers of 33 for evacuation
[49.694s][info][gc,phases      ] GC(118)   Pre Evacuate Collection Set: 0.3ms
[49.694s][info][gc,phases      ] GC(118)   Merge Heap Roots: 0.5ms
[49.694s][info][gc,phases      ] GC(118)   Evacuate Collection Set: 41.9ms
[49.694s][info][gc,phases      ] GC(118)   Post Evacuate Collection Set: 0.7ms
[49.694s][info][gc,phases      ] GC(118)   Other: 0.2ms
[49.694s][info][gc,heap        ] GC(118) Eden regions: 522->0(456)
[49.694s][info][gc,heap        ] GC(118) Survivor regions: 62->64(73)
[49.694s][info][gc,heap        ] GC(118) Old regions: 264->316
[49.694s][info][gc,heap        ] GC(118) Archive regions: 0->0
[49.694s][info][gc,heap        ] GC(118) Humongous regions: 87->82
[49.694s][info][gc,metaspace   ] GC(118) Metaspace: 65970K(66944K)->65970K(66944K) NonClass: 57591K(58112K)->57591K(58112K) Class: 8379K(8832K)->8379K(8832K)
[49.694s][info][gc             ] GC(118) Pause Young (Mixed) (G1 Evacuation Pause) 924M->450M(1063M) 43.901ms
[49.695s][info][gc,cpu         ] GC(118) User=1.17s Sys=0.00s Real=0.05s
[49.743s][info][gc,start       ] GC(119) Pause Young (Concurrent Start) (G1 Humongous Allocation)
[49.743s][info][gc,task        ] GC(119) Using 25 workers of 33 for evacuation
[49.767s][info][gc,phases      ] GC(119)   Pre Evacuate Collection Set: 0.4ms
[49.767s][info][gc,phases      ] GC(119)   Merge Heap Roots: 0.2ms
[49.767s][info][gc,phases      ] GC(119)   Evacuate Collection Set: 22.8ms
[49.767s][info][gc,phases      ] GC(119)   Post Evacuate Collection Set: 0.4ms
[49.767s][info][gc,phases      ] GC(119)   Other: 0.1ms
[49.767s][info][gc,heap        ] GC(119) Eden regions: 40->0(455)
[49.767s][info][gc,heap        ] GC(119) Survivor regions: 64->11(65)
[49.767s][info][gc,heap        ] GC(119) Old regions: 316->379
[49.767s][info][gc,heap        ] GC(119) Archive regions: 0->0
[49.767s][info][gc,heap        ] GC(119) Humongous regions: 82->82
[49.767s][info][gc,metaspace   ] GC(119) Metaspace: 65970K(66944K)->65970K(66944K) NonClass: 57591K(58112K)->57591K(58112K) Class: 8379K(8832K)->8379K(8832K)
[49.767s][info][gc             ] GC(119) Pause Young (Concurrent Start) (G1 Humongous Allocation) 490M->460M(1063M) 24.243ms
[49.767s][info][gc             ] GC(120) Concurrent Mark Cycle
[49.767s][info][gc,cpu         ] GC(119) User=0.75s Sys=0.02s Real=0.03s
[49.767s][info][gc,marking     ] GC(120) Concurrent Scan Root Regions
[49.774s][info][gc,marking     ] GC(120) Concurrent Scan Root Regions 6.271ms
[49.774s][info][gc,marking     ] GC(120) Concurrent Mark
[49.774s][info][gc,marking     ] GC(120) Concurrent Mark From Roots
[49.774s][info][gc,task        ] GC(120) Using 8 workers of 8 for marking
[49.802s][info][gc,marking     ] GC(120) Concurrent Mark From Roots 28.512ms
[49.802s][info][gc,marking     ] GC(120) Concurrent Preclean
[49.802s][info][gc,marking     ] GC(120) Concurrent Preclean 0.096ms
[49.802s][info][gc,start       ] GC(120) Pause Remark
[49.805s][info][gc             ] GC(120) Pause Remark 464M->313M(1063M) 2.248ms
[49.805s][info][gc,cpu         ] GC(120) User=0.34s Sys=0.02s Real=0.01s
[49.805s][info][gc,marking     ] GC(120) Concurrent Mark 31.207ms
[49.805s][info][gc,marking     ] GC(120) Concurrent Rebuild Remembered Sets and Scrub Regions
[49.823s][info][gc,marking     ] GC(120) Concurrent Rebuild Remembered Sets and Scrub Regions 17.734ms
[49.823s][info][gc,start       ] GC(120) Pause Cleanup
[49.823s][info][gc             ] GC(120) Pause Cleanup 315M->315M(1063M) 0.389ms
[49.823s][info][gc,cpu         ] GC(120) User=0.00s Sys=0.00s Real=0.00s
[49.823s][info][gc,marking     ] GC(120) Concurrent Clear Claimed Marks
[49.823s][info][gc,marking     ] GC(120) Concurrent Clear Claimed Marks 0.080ms
[49.823s][info][gc,marking     ] GC(120) Concurrent Cleanup for Next Mark
[49.824s][info][gc,marking     ] GC(120) Concurrent Cleanup for Next Mark 0.699ms
[49.824s][info][gc             ] GC(120) Concurrent Mark Cycle 56.862ms
[50.368s][info][gc,start       ] GC(121) Pause Young (Prepare Mixed) (G1 Evacuation Pause)
[50.368s][info][gc,task        ] GC(121) Using 25 workers of 33 for evacuation
[50.419s][info][gc,phases      ] GC(121)   Pre Evacuate Collection Set: 0.3ms
[50.420s][info][gc,phases      ] GC(121)   Merge Heap Roots: 0.7ms
[50.420s][info][gc,phases      ] GC(121)   Evacuate Collection Set: 49.4ms
[50.420s][info][gc,phases      ] GC(121)   Post Evacuate Collection Set: 0.8ms
[50.420s][info][gc,phases      ] GC(121)   Other: 0.2ms
[50.420s][info][gc,heap        ] GC(121) Eden regions: 399->0(491)
[50.420s][info][gc,heap        ] GC(121) Survivor regions: 11->59(59)
[50.420s][info][gc,heap        ] GC(121) Old regions: 288->294
[50.420s][info][gc,heap        ] GC(121) Archive regions: 0->0
[50.420s][info][gc,heap        ] GC(121) Humongous regions: 365->131
[50.420s][info][gc,metaspace   ] GC(121) Metaspace: 65994K(66944K)->65994K(66944K) NonClass: 57614K(58112K)->57614K(58112K) Class: 8379K(8832K)->8379K(8832K)
[50.420s][info][gc             ] GC(121) Pause Young (Prepare Mixed) (G1 Evacuation Pause) 1051M->473M(1128M) 51.751ms
[50.420s][info][gc,cpu         ] GC(121) User=0.56s Sys=0.22s Real=0.04s
[50.685s][info][gc,start       ] GC(122) Pause Young (Mixed) (G1 Evacuation Pause)
[50.685s][info][gc,task        ] GC(122) Using 27 workers of 33 for evacuation
[50.877s][info][gc,phases      ] GC(122)   Pre Evacuate Collection Set: 0.3ms
[50.877s][info][gc,phases      ] GC(122)   Merge Heap Roots: 0.6ms
[50.877s][info][gc,phases      ] GC(122)   Evacuate Collection Set: 189.5ms
[50.877s][info][gc,phases      ] GC(122)   Post Evacuate Collection Set: 1.0ms
[50.877s][info][gc,phases      ] GC(122)   Other: 0.3ms
[50.877s][info][gc,heap        ] GC(122) Eden regions: 491->0(464)
[50.877s][info][gc,heap        ] GC(122) Survivor regions: 59->46(69)
[50.877s][info][gc,heap        ] GC(122) Old regions: 294->324
[50.877s][info][gc,heap        ] GC(122) Archive regions: 0->0
[50.877s][info][gc,heap        ] GC(122) Humongous regions: 134->134
[50.877s][info][gc,metaspace   ] GC(122) Metaspace: 65994K(66944K)->65994K(66944K) NonClass: 57614K(58112K)->57614K(58112K) Class: 8379K(8832K)->8379K(8832K)
[50.877s][info][gc             ] GC(122) Pause Young (Mixed) (G1 Evacuation Pause) 967M->492M(1128M) 192.137ms
[50.877s][info][gc,cpu         ] GC(122) User=1.78s Sys=0.00s Real=0.20s
[50.880s][info][gc,start       ] GC(123) Pause Full (System.gc())
[50.880s][info][gc,task        ] GC(123) Using 27 workers of 33 for full compaction
[50.882s][info][gc,phases,start] GC(123) Phase 1: Mark live objects
[50.913s][info][gc,phases      ] GC(123) Phase 1: Mark live objects 30.749ms
[50.913s][info][gc,phases,start] GC(123) Phase 2: Prepare compaction
[50.919s][info][gc,phases      ] GC(123) Phase 2: Prepare compaction 5.997ms
[50.919s][info][gc,phases,start] GC(123) Phase 3: Adjust pointers
[50.928s][info][gc,phases      ] GC(123) Phase 3: Adjust pointers 9.391ms
[50.928s][info][gc,phases,start] GC(123) Phase 4: Compact heap
[50.929s][info][gc,phases      ] GC(123) Phase 4: Compact heap 0.549ms
[50.938s][info][gc,heap        ] GC(123) Eden regions: 1->0(269)
[50.938s][info][gc,heap        ] GC(123) Survivor regions: 46->0(69)
[50.938s][info][gc,heap        ] GC(123) Old regions: 324->157
[50.938s][info][gc,heap        ] GC(123) Archive regions: 0->0
[50.938s][info][gc,heap        ] GC(123) Humongous regions: 134->10
[50.938s][info][gc,metaspace   ] GC(123) Metaspace: 65994K(66944K)->65994K(66944K) NonClass: 57614K(58112K)->57614K(58112K) Class: 8379K(8832K)->8379K(8832K)
[50.938s][info][gc             ] GC(123) Pause Full (System.gc()) 493M->148M(557M) 58.084ms
[50.938s][info][gc,cpu         ] GC(123) User=1.27s Sys=0.02s Real=0.06s
[50.976s][info][gc,start       ] GC(124) Pause Young (Concurrent Start) (G1 Humongous Allocation)
[50.976s][info][gc,task        ] GC(124) Using 20 workers of 33 for evacuation
[50.981s][info][gc,phases      ] GC(124)   Pre Evacuate Collection Set: 0.4ms
[50.981s][info][gc,phases      ] GC(124)   Merge Heap Roots: 0.1ms
[50.981s][info][gc,phases      ] GC(124)   Evacuate Collection Set: 1.3ms
[50.981s][info][gc,phases      ] GC(124)   Post Evacuate Collection Set: 3.4ms
[50.982s][info][gc,phases      ] GC(124)   Other: 0.1ms
[50.982s][info][gc,heap        ] GC(124) Eden regions: 21->0(672)
[50.982s][info][gc,heap        ] GC(124) Survivor regions: 0->7(34)
[50.982s][info][gc,heap        ] GC(124) Old regions: 157->157
[50.982s][info][gc,heap        ] GC(124) Archive regions: 0->0
[50.982s][info][gc,heap        ] GC(124) Humongous regions: 10->10
[50.982s][info][gc,metaspace   ] GC(124) Metaspace: 66013K(66944K)->66013K(66944K) NonClass: 57634K(58112K)->57634K(58112K) Class: 8379K(8832K)->8379K(8832K)
[50.982s][info][gc             ] GC(124) Pause Young (Concurrent Start) (G1 Humongous Allocation) 168M->155M(1133M) 5.900ms
[50.982s][info][gc             ] GC(125) Concurrent Mark Cycle
[50.982s][info][gc,cpu         ] GC(124) User=0.00s Sys=0.00s Real=0.00s
[50.982s][info][gc,marking     ] GC(125) Concurrent Scan Root Regions
[50.983s][info][gc,marking     ] GC(125) Concurrent Scan Root Regions 1.244ms
[50.983s][info][gc,marking     ] GC(125) Concurrent Mark
[50.983s][info][gc,marking     ] GC(125) Concurrent Mark From Roots
[50.983s][info][gc,task        ] GC(125) Using 8 workers of 8 for marking
[51.026s][info][gc,marking     ] GC(125) Concurrent Mark From Roots 42.519ms
[51.026s][info][gc,marking     ] GC(125) Concurrent Preclean
[51.026s][info][gc,marking     ] GC(125) Concurrent Preclean 0.070ms
[51.026s][info][gc,start       ] GC(125) Pause Remark
[51.028s][info][gc             ] GC(125) Pause Remark 181M->181M(667M) 2.040ms
[51.028s][info][gc,cpu         ] GC(125) User=0.00s Sys=0.00s Real=0.00s
[51.028s][info][gc,marking     ] GC(125) Concurrent Mark 44.988ms
[51.028s][info][gc,marking     ] GC(125) Concurrent Rebuild Remembered Sets and Scrub Regions
[51.042s][info][gc,marking     ] GC(125) Concurrent Rebuild Remembered Sets and Scrub Regions 14.078ms
[51.060s][info][gc,start       ] GC(125) Pause Cleanup
[51.060s][info][gc             ] GC(125) Pause Cleanup 205M->205M(667M) 0.261ms
[51.060s][info][gc,cpu         ] GC(125) User=0.00s Sys=0.00s Real=0.00s
[51.060s][info][gc,marking     ] GC(125) Concurrent Clear Claimed Marks
[51.060s][info][gc,marking     ] GC(125) Concurrent Clear Claimed Marks 0.112ms
[51.060s][info][gc,marking     ] GC(125) Concurrent Cleanup for Next Mark
[51.061s][info][gc,marking     ] GC(125) Concurrent Cleanup for Next Mark 0.470ms
[51.061s][info][gc             ] GC(125) Concurrent Mark Cycle 78.750ms
[51.237s][info][gc,start       ] GC(126) Pause Young (Prepare Mixed) (G1 Evacuation Pause)
[51.238s][info][gc,task        ] GC(126) Using 18 workers of 33 for evacuation
[51.277s][info][gc,phases      ] GC(126)   Pre Evacuate Collection Set: 0.2ms
[51.277s][info][gc,phases      ] GC(126)   Merge Heap Roots: 0.3ms
[51.277s][info][gc,phases      ] GC(126)   Evacuate Collection Set: 38.1ms
[51.277s][info][gc,phases      ] GC(126)   Post Evacuate Collection Set: 0.6ms
[51.277s][info][gc,phases      ] GC(126)   Other: 0.1ms
[51.277s][info][gc,heap        ] GC(126) Eden regions: 393->0(278)
[51.277s][info][gc,heap        ] GC(126) Survivor regions: 7->50(50)
[51.277s][info][gc,heap        ] GC(126) Old regions: 157->200
[51.277s][info][gc,heap        ] GC(126) Archive regions: 0->0
[51.277s][info][gc,heap        ] GC(126) Humongous regions: 51->46
[51.277s][info][gc,metaspace   ] GC(126) Metaspace: 66025K(67008K)->66025K(67008K) NonClass: 57645K(58176K)->57645K(58176K) Class: 8380K(8832K)->8380K(8832K)
[51.277s][info][gc             ] GC(126) Pause Young (Prepare Mixed) (G1 Evacuation Pause) 589M->276M(701M) 39.682ms
[51.277s][info][gc,cpu         ] GC(126) User=0.81s Sys=0.03s Real=0.05s
[51.411s][info][gc,start       ] GC(127) Pause Young (Mixed) (G1 Evacuation Pause)
[51.411s][info][gc,task        ] GC(127) Using 17 workers of 33 for evacuation
[51.445s][info][gc,phases      ] GC(127)   Pre Evacuate Collection Set: 0.2ms
[51.446s][info][gc,phases      ] GC(127)   Merge Heap Roots: 0.4ms
[51.446s][info][gc,phases      ] GC(127)   Evacuate Collection Set: 33.1ms
[51.446s][info][gc,phases      ] GC(127)   Post Evacuate Collection Set: 0.5ms
[51.446s][info][gc,phases      ] GC(127)   Other: 0.2ms
[51.446s][info][gc,heap        ] GC(127) Eden regions: 278->0(258)
[51.446s][info][gc,heap        ] GC(127) Survivor regions: 50->32(41)
[51.446s][info][gc,heap        ] GC(127) Old regions: 200->249
[51.446s][info][gc,heap        ] GC(127) Archive regions: 0->0
[51.446s][info][gc,heap        ] GC(127) Humongous regions: 58->58
[51.446s][info][gc,metaspace   ] GC(127) Metaspace: 66025K(67008K)->66025K(67008K) NonClass: 57645K(58176K)->57645K(58176K) Class: 8380K(8832K)->8380K(8832K)
[51.446s][info][gc             ] GC(127) Pause Young (Mixed) (G1 Evacuation Pause) 566M->323M(701M) 35.032ms
[51.446s][info][gc,cpu         ] GC(127) User=0.80s Sys=0.00s Real=0.05s
[51.480s][info][gc,start       ] GC(128) Pause Young (Concurrent Start) (G1 Humongous Allocation)
[51.480s][info][gc,task        ] GC(128) Using 16 workers of 33 for evacuation
[51.499s][info][gc,phases      ] GC(128)   Pre Evacuate Collection Set: 0.4ms
[51.499s][info][gc,phases      ] GC(128)   Merge Heap Roots: 0.1ms
[51.499s][info][gc,phases      ] GC(128)   Evacuate Collection Set: 17.4ms
[51.499s][info][gc,phases      ] GC(128)   Post Evacuate Collection Set: 0.4ms
[51.499s][info][gc,phases      ] GC(128)   Other: 0.2ms
[51.499s][info][gc,heap        ] GC(128) Eden regions: 68->0(262)
[51.499s][info][gc,heap        ] GC(128) Survivor regions: 32->9(37)
[51.499s][info][gc,heap        ] GC(128) Old regions: 249->277
[51.499s][info][gc,heap        ] GC(128) Archive regions: 0->0
[51.499s][info][gc,heap        ] GC(128) Humongous regions: 58->58
[51.499s][info][gc,metaspace   ] GC(128) Metaspace: 66025K(67008K)->66025K(67008K) NonClass: 57645K(58176K)->57645K(58176K) Class: 8380K(8832K)->8380K(8832K)
[51.499s][info][gc             ] GC(128) Pause Young (Concurrent Start) (G1 Humongous Allocation) 391M->328M(701M) 19.013ms
[51.499s][info][gc             ] GC(129) Concurrent Mark Cycle
[51.499s][info][gc,cpu         ] GC(128) User=0.25s Sys=0.00s Real=0.01s
[51.499s][info][gc,marking     ] GC(129) Concurrent Scan Root Regions
[51.504s][info][gc,marking     ] GC(129) Concurrent Scan Root Regions 4.773ms
[51.504s][info][gc,marking     ] GC(129) Concurrent Mark
[51.504s][info][gc,marking     ] GC(129) Concurrent Mark From Roots
[51.504s][info][gc,task        ] GC(129) Using 8 workers of 8 for marking
[51.564s][info][gc,marking     ] GC(129) Concurrent Mark From Roots 59.870ms
[51.564s][info][gc,marking     ] GC(129) Concurrent Preclean
[51.564s][info][gc,marking     ] GC(129) Concurrent Preclean 0.124ms
[51.564s][info][gc,start       ] GC(129) Pause Remark
[51.566s][info][gc             ] GC(129) Pause Remark 433M->409M(709M) 2.090ms
[51.566s][info][gc,cpu         ] GC(129) User=0.00s Sys=0.00s Real=0.00s
[51.566s][info][gc,marking     ] GC(129) Concurrent Mark 62.419ms
[51.566s][info][gc,marking     ] GC(129) Concurrent Rebuild Remembered Sets and Scrub Regions
[51.612s][info][gc,marking     ] GC(129) Concurrent Rebuild Remembered Sets and Scrub Regions 45.979ms
[51.613s][info][gc,start       ] GC(129) Pause Cleanup
[51.613s][info][gc             ] GC(129) Pause Cleanup 500M->500M(709M) 0.299ms
[51.613s][info][gc,cpu         ] GC(129) User=0.00s Sys=0.00s Real=0.00s
[51.613s][info][gc,marking     ] GC(129) Concurrent Clear Claimed Marks
[51.613s][info][gc,marking     ] GC(129) Concurrent Clear Claimed Marks 0.112ms
[51.613s][info][gc,marking     ] GC(129) Concurrent Cleanup for Next Mark
[51.614s][info][gc,marking     ] GC(129) Concurrent Cleanup for Next Mark 0.532ms
[51.614s][info][gc             ] GC(129) Concurrent Mark Cycle 114.647ms
[51.653s][info][gc,start       ] GC(130) Pause Young (Prepare Mixed) (G1 Evacuation Pause)
[51.653s][info][gc,task        ] GC(130) Using 17 workers of 33 for evacuation
[51.676s][info][gc,phases      ] GC(130)   Pre Evacuate Collection Set: 0.2ms
[51.676s][info][gc,phases      ] GC(130)   Merge Heap Roots: 0.8ms
[51.676s][info][gc,phases      ] GC(130)   Evacuate Collection Set: 20.7ms
[51.676s][info][gc,phases      ] GC(130)   Post Evacuate Collection Set: 0.6ms
[51.676s][info][gc,phases      ] GC(130)   Other: 0.2ms
[51.676s][info][gc,heap        ] GC(130) Eden regions: 262->0(262)
[51.676s][info][gc,heap        ] GC(130) Survivor regions: 9->30(34)
[51.676s][info][gc,heap        ] GC(130) Old regions: 277->277
[51.676s][info][gc,heap        ] GC(130) Archive regions: 0->0
[51.676s][info][gc,heap        ] GC(130) Humongous regions: 54->54
[51.676s][info][gc,metaspace   ] GC(130) Metaspace: 66025K(67008K)->66025K(67008K) NonClass: 57645K(58176K)->57645K(58176K) Class: 8380K(8832K)->8380K(8832K)
[51.676s][info][gc             ] GC(130) Pause Young (Prepare Mixed) (G1 Evacuation Pause) 586M->345M(709M) 22.962ms
[51.676s][info][gc,cpu         ] GC(130) User=0.27s Sys=0.02s Real=0.03s
[51.801s][info][gc,start       ] GC(131) Pause Young (Mixed) (G1 Evacuation Pause)
[51.801s][info][gc,task        ] GC(131) Using 17 workers of 33 for evacuation
[51.829s][info][gc,phases      ] GC(131)   Pre Evacuate Collection Set: 0.2ms
[51.829s][info][gc,phases      ] GC(131)   Merge Heap Roots: 0.2ms
[51.829s][info][gc,phases      ] GC(131)   Evacuate Collection Set: 26.2ms
[51.829s][info][gc,phases      ] GC(131)   Post Evacuate Collection Set: 0.5ms
[51.829s][info][gc,phases      ] GC(131)   Other: 0.2ms
[51.829s][info][gc,heap        ] GC(131) Eden regions: 262->0(260)
[51.829s][info][gc,heap        ] GC(131) Survivor regions: 30->22(37)
[51.829s][info][gc,heap        ] GC(131) Old regions: 277->296
[51.829s][info][gc,heap        ] GC(131) Archive regions: 0->0
[51.829s][info][gc,heap        ] GC(131) Humongous regions: 54->54
[51.829s][info][gc,metaspace   ] GC(131) Metaspace: 66025K(67008K)->66025K(67008K) NonClass: 57645K(58176K)->57645K(58176K) Class: 8380K(8832K)->8380K(8832K)
[51.829s][info][gc             ] GC(131) Pause Young (Mixed) (G1 Evacuation Pause) 607M->362M(709M) 27.812ms
[51.829s][info][gc,cpu         ] GC(131) User=0.53s Sys=0.00s Real=0.03s
[51.959s][info][gc,start       ] GC(132) Pause Young (Concurrent Start) (G1 Evacuation Pause)
[51.959s][info][gc,task        ] GC(132) Using 17 workers of 33 for evacuation
[51.987s][info][gc,phases      ] GC(132)   Pre Evacuate Collection Set: 0.4ms
[51.987s][info][gc,phases      ] GC(132)   Merge Heap Roots: 0.2ms
[51.987s][info][gc,phases      ] GC(132)   Evacuate Collection Set: 21.9ms
[51.987s][info][gc,phases      ] GC(132)   Post Evacuate Collection Set: 5.2ms
[51.987s][info][gc,phases      ] GC(132)   Other: 0.2ms
[51.987s][info][gc,heap        ] GC(132) Eden regions: 260->0(555)
[51.987s][info][gc,heap        ] GC(132) Survivor regions: 22->20(36)
[51.987s][info][gc,heap        ] GC(132) Old regions: 296->313
[51.987s][info][gc,heap        ] GC(132) Archive regions: 0->0
[51.987s][info][gc,heap        ] GC(132) Humongous regions: 54->54
[51.987s][info][gc,metaspace   ] GC(132) Metaspace: 66025K(67008K)->66025K(67008K) NonClass: 57645K(58176K)->57645K(58176K) Class: 8380K(8832K)->8380K(8832K)
[51.987s][info][gc             ] GC(132) Pause Young (Concurrent Start) (G1 Evacuation Pause) 622M->377M(1084M) 28.418ms
[51.987s][info][gc             ] GC(133) Concurrent Mark Cycle
[51.987s][info][gc,cpu         ] GC(132) User=0.73s Sys=0.03s Real=0.03s
[51.987s][info][gc,marking     ] GC(133) Concurrent Scan Root Regions
[51.993s][info][gc,marking     ] GC(133) Concurrent Scan Root Regions 5.292ms
[51.993s][info][gc,marking     ] GC(133) Concurrent Mark
[51.993s][info][gc,marking     ] GC(133) Concurrent Mark From Roots
[51.993s][info][gc,task        ] GC(133) Using 8 workers of 8 for marking
[52.080s][info][gc,marking     ] GC(133) Concurrent Mark From Roots 87.450ms
[52.080s][info][gc,marking     ] GC(133) Concurrent Preclean
[52.080s][info][gc,marking     ] GC(133) Concurrent Preclean 0.111ms
[52.081s][info][gc,start       ] GC(133) Pause Remark
[52.083s][info][gc             ] GC(133) Pause Remark 491M->479M(1084M) 1.940ms
[52.083s][info][gc,cpu         ] GC(133) User=0.00s Sys=0.00s Real=0.00s
[52.083s][info][gc,marking     ] GC(133) Concurrent Mark 89.837ms
[52.083s][info][gc,marking     ] GC(133) Concurrent Rebuild Remembered Sets and Scrub Regions
[52.134s][info][gc,marking     ] GC(133) Concurrent Rebuild Remembered Sets and Scrub Regions 51.261ms
[52.134s][info][gc,start       ] GC(133) Pause Cleanup
[52.134s][info][gc             ] GC(133) Pause Cleanup 507M->507M(1084M) 0.398ms
[52.135s][info][gc,cpu         ] GC(133) User=0.00s Sys=0.00s Real=0.00s
[52.135s][info][gc,marking     ] GC(133) Concurrent Clear Claimed Marks
[52.135s][info][gc,marking     ] GC(133) Concurrent Clear Claimed Marks 0.094ms
[52.135s][info][gc,marking     ] GC(133) Concurrent Cleanup for Next Mark
[52.137s][info][gc,marking     ] GC(133) Concurrent Cleanup for Next Mark 2.098ms
[52.137s][info][gc             ] GC(133) Concurrent Mark Cycle 149.440ms
[53.096s][info][gc,start       ] GC(134) Pause Young (Prepare Mixed) (G1 Evacuation Pause)
[53.096s][info][gc,task        ] GC(134) Using 26 workers of 33 for evacuation
[53.157s][info][gc,phases      ] GC(134)   Pre Evacuate Collection Set: 0.3ms
[53.157s][info][gc,phases      ] GC(134)   Merge Heap Roots: 0.9ms
[53.157s][info][gc,phases      ] GC(134)   Evacuate Collection Set: 59.0ms
[53.157s][info][gc,phases      ] GC(134)   Post Evacuate Collection Set: 0.9ms
[53.157s][info][gc,phases      ] GC(134)   Other: 0.2ms
[53.157s][info][gc,heap        ] GC(134) Eden regions: 555->0(410)
[53.157s][info][gc,heap        ] GC(134) Survivor regions: 20->72(72)
[53.157s][info][gc,heap        ] GC(134) Old regions: 313->366
[53.157s][info][gc,heap        ] GC(134) Archive regions: 0->0
[53.157s][info][gc,heap        ] GC(134) Humongous regions: 115->110
[53.157s][info][gc,metaspace   ] GC(134) Metaspace: 66042K(67008K)->66042K(67008K) NonClass: 57661K(58176K)->57661K(58176K) Class: 8380K(8832K)->8380K(8832K)
[53.157s][info][gc             ] GC(134) Pause Young (Prepare Mixed) (G1 Evacuation Pause) 993M->538M(1128M) 61.643ms
[53.157s][info][gc,cpu         ] GC(134) User=1.41s Sys=0.22s Real=0.06s
[53.358s][info][gc,start       ] GC(135) Pause Young (Mixed) (G1 Evacuation Pause)
[53.358s][info][gc,task        ] GC(135) Using 27 workers of 33 for evacuation
[53.408s][info][gc,phases      ] GC(135)   Pre Evacuate Collection Set: 0.3ms
[53.409s][info][gc,phases      ] GC(135)   Merge Heap Roots: 0.9ms
[53.409s][info][gc,phases      ] GC(135)   Evacuate Collection Set: 48.8ms
[53.409s][info][gc,phases      ] GC(135)   Post Evacuate Collection Set: 0.7ms
[53.409s][info][gc,phases      ] GC(135)   Other: 0.1ms
[53.409s][info][gc,heap        ] GC(135) Eden regions: 410->0(360)
[53.409s][info][gc,heap        ] GC(135) Survivor regions: 72->51(61)
[53.409s][info][gc,heap        ] GC(135) Old regions: 366->436
[53.409s][info][gc,heap        ] GC(135) Archive regions: 0->0
[53.409s][info][gc,heap        ] GC(135) Humongous regions: 134->134
[53.409s][info][gc,metaspace   ] GC(135) Metaspace: 66042K(67008K)->66042K(67008K) NonClass: 57661K(58176K)->57661K(58176K) Class: 8380K(8832K)->8380K(8832K)
[53.409s][info][gc             ] GC(135) Pause Young (Mixed) (G1 Evacuation Pause) 972M->616M(1128M) 51.048ms
[53.409s][info][gc,cpu         ] GC(135) User=1.27s Sys=0.00s Real=0.04s
[53.476s][info][gc,start       ] GC(136) Pause Young (Concurrent Start) (G1 Humongous Allocation)
[53.477s][info][gc,task        ] GC(136) Using 27 workers of 33 for evacuation
[53.502s][info][gc,phases      ] GC(136)   Pre Evacuate Collection Set: 0.4ms
[53.502s][info][gc,phases      ] GC(136)   Merge Heap Roots: 0.4ms
[53.502s][info][gc,phases      ] GC(136)   Evacuate Collection Set: 23.9ms
[53.502s][info][gc,phases      ] GC(136)   Post Evacuate Collection Set: 0.5ms
[53.502s][info][gc,phases      ] GC(136)   Other: 0.2ms
[53.502s][info][gc,heap        ] GC(136) Eden regions: 138->0(354)
[53.502s][info][gc,heap        ] GC(136) Survivor regions: 51->19(52)
[53.502s][info][gc,heap        ] GC(136) Old regions: 436->488
[53.502s][info][gc,heap        ] GC(136) Archive regions: 0->0
[53.502s][info][gc,heap        ] GC(136) Humongous regions: 134->134
[53.502s][info][gc,metaspace   ] GC(136) Metaspace: 66042K(67008K)->66042K(67008K) NonClass: 57661K(58176K)->57661K(58176K) Class: 8380K(8832K)->8380K(8832K)
[53.502s][info][gc             ] GC(136) Pause Young (Concurrent Start) (G1 Humongous Allocation) 754M->635M(1128M) 25.812ms
[53.502s][info][gc             ] GC(137) Concurrent Mark Cycle
[53.502s][info][gc,cpu         ] GC(136) User=0.42s Sys=0.00s Real=0.02s
[53.502s][info][gc,marking     ] GC(137) Concurrent Scan Root Regions
[53.509s][info][gc,marking     ] GC(137) Concurrent Scan Root Regions 6.500ms
[53.509s][info][gc,marking     ] GC(137) Concurrent Mark
[53.509s][info][gc,marking     ] GC(137) Concurrent Mark From Roots
[53.509s][info][gc,task        ] GC(137) Using 8 workers of 8 for marking
[53.559s][info][gc,marking     ] GC(137) Concurrent Mark From Roots 49.754ms
[53.559s][info][gc,marking     ] GC(137) Concurrent Preclean
[53.559s][info][gc,marking     ] GC(137) Concurrent Preclean 0.139ms
[53.559s][info][gc,start       ] GC(137) Pause Remark
[53.561s][info][gc             ] GC(137) Pause Remark 741M->504M(1128M) 2.422ms
[53.562s][info][gc,cpu         ] GC(137) User=0.00s Sys=0.00s Real=0.00s
[53.562s][info][gc,marking     ] GC(137) Concurrent Mark 52.654ms
[53.562s][info][gc,marking     ] GC(137) Concurrent Rebuild Remembered Sets and Scrub Regions
[53.604s][info][gc,marking     ] GC(137) Concurrent Rebuild Remembered Sets and Scrub Regions 42.067ms
[53.604s][info][gc,start       ] GC(137) Pause Cleanup
[53.604s][info][gc             ] GC(137) Pause Cleanup 583M->583M(1128M) 0.454ms
[53.604s][info][gc,cpu         ] GC(137) User=0.00s Sys=0.00s Real=0.00s
[53.604s][info][gc,marking     ] GC(137) Concurrent Clear Claimed Marks
[53.605s][info][gc,marking     ] GC(137) Concurrent Clear Claimed Marks 0.106ms
[53.605s][info][gc,marking     ] GC(137) Concurrent Cleanup for Next Mark
[53.605s][info][gc,marking     ] GC(137) Concurrent Cleanup for Next Mark 0.847ms
[53.605s][info][gc             ] GC(137) Concurrent Mark Cycle 103.191ms
[53.694s][info][gc,start       ] GC(138) Pause Young (Prepare Mixed) (G1 Evacuation Pause)
[53.694s][info][gc,task        ] GC(138) Using 27 workers of 33 for evacuation
[53.717s][info][gc,phases      ] GC(138)   Pre Evacuate Collection Set: 0.3ms
[53.717s][info][gc,phases      ] GC(138)   Merge Heap Roots: 0.7ms
[53.717s][info][gc,phases      ] GC(138)   Evacuate Collection Set: 20.5ms
[53.717s][info][gc,phases      ] GC(138)   Post Evacuate Collection Set: 0.8ms
[53.717s][info][gc,phases      ] GC(138)   Other: 0.2ms
[53.717s][info][gc,heap        ] GC(138) Eden regions: 354->0(521)
[53.717s][info][gc,heap        ] GC(138) Survivor regions: 19->44(47)
[53.717s][info][gc,heap        ] GC(138) Old regions: 351->351
[53.717s][info][gc,heap        ] GC(138) Archive regions: 0->0
[53.717s][info][gc,heap        ] GC(138) Humongous regions: 54->54
[53.717s][info][gc,metaspace   ] GC(138) Metaspace: 66042K(67008K)->66042K(67008K) NonClass: 57661K(58176K)->57661K(58176K) Class: 8380K(8832K)->8380K(8832K)
[53.717s][info][gc             ] GC(138) Pause Young (Prepare Mixed) (G1 Evacuation Pause) 772M->443M(1128M) 22.728ms
[53.717s][info][gc,cpu         ] GC(138) User=0.42s Sys=0.00s Real=0.02s
[54.776s][info][gc,start       ] GC(139) Pause Young (Mixed) (G1 Evacuation Pause)
[54.776s][info][gc,task        ] GC(139) Using 27 workers of 33 for evacuation
[54.818s][info][gc,phases      ] GC(139)   Pre Evacuate Collection Set: 0.3ms
[54.818s][info][gc,phases      ] GC(139)   Merge Heap Roots: 0.5ms
[54.818s][info][gc,phases      ] GC(139)   Evacuate Collection Set: 40.4ms
[54.818s][info][gc,phases      ] GC(139)   Post Evacuate Collection Set: 0.8ms
[54.818s][info][gc,phases      ] GC(139)   Other: 0.2ms
[54.818s][info][gc,heap        ] GC(139) Eden regions: 521->0(519)
[54.818s][info][gc,heap        ] GC(139) Survivor regions: 44->60(71)
[54.818s][info][gc,heap        ] GC(139) Old regions: 351->327
[54.818s][info][gc,heap        ] GC(139) Archive regions: 0->0
[54.818s][info][gc,heap        ] GC(139) Humongous regions: 85->80
[54.818s][info][gc,metaspace   ] GC(139) Metaspace: 66071K(67008K)->66071K(67008K) NonClass: 57689K(58176K)->57689K(58176K) Class: 8381K(8832K)->8381K(8832K)
[54.818s][info][gc             ] GC(139) Pause Young (Mixed) (G1 Evacuation Pause) 995M->461M(1128M) 42.547ms
[54.818s][info][gc,cpu         ] GC(139) User=1.27s Sys=0.00s Real=0.05s
[54.822s][info][gc,start       ] GC(140) Pause Young (Concurrent Start) (G1 Humongous Allocation)
[54.822s][info][gc,task        ] GC(140) Using 27 workers of 33 for evacuation
[54.843s][info][gc,phases      ] GC(140)   Pre Evacuate Collection Set: 0.3ms
[54.843s][info][gc,phases      ] GC(140)   Merge Heap Roots: 0.2ms
[54.843s][info][gc,phases      ] GC(140)   Evacuate Collection Set: 19.7ms
[54.843s][info][gc,phases      ] GC(140)   Post Evacuate Collection Set: 0.6ms
[54.843s][info][gc,phases      ] GC(140)   Other: 0.1ms
[54.843s][info][gc,heap        ] GC(140) Eden regions: 4->0(422)
[54.843s][info][gc,heap        ] GC(140) Survivor regions: 60->41(73)
[54.843s][info][gc,heap        ] GC(140) Old regions: 327->351
[54.843s][info][gc,heap        ] GC(140) Archive regions: 0->0
[54.843s][info][gc,heap        ] GC(140) Humongous regions: 80->80
[54.843s][info][gc,metaspace   ] GC(140) Metaspace: 66071K(67008K)->66071K(67008K) NonClass: 57689K(58176K)->57689K(58176K) Class: 8381K(8832K)->8381K(8832K)
[54.843s][info][gc             ] GC(140) Pause Young (Concurrent Start) (G1 Humongous Allocation) 465M->465M(1128M) 21.039ms
[54.843s][info][gc             ] GC(141) Concurrent Mark Cycle
[54.843s][info][gc,cpu         ] GC(140) User=0.42s Sys=0.00s Real=0.02s
[54.843s][info][gc,marking     ] GC(141) Concurrent Scan Root Regions
[54.848s][info][gc,marking     ] GC(141) Concurrent Scan Root Regions 5.145ms
[54.848s][info][gc,marking     ] GC(141) Concurrent Mark
[54.848s][info][gc,marking     ] GC(141) Concurrent Mark From Roots
[54.848s][info][gc,task        ] GC(141) Using 8 workers of 8 for marking
[54.877s][info][gc,marking     ] GC(141) Concurrent Mark From Roots 28.333ms
[54.877s][info][gc,marking     ] GC(141) Concurrent Preclean
[54.877s][info][gc,marking     ] GC(141) Concurrent Preclean 0.079ms
[54.877s][info][gc,start       ] GC(141) Pause Remark
[54.879s][info][gc             ] GC(141) Pause Remark 495M->292M(997M) 2.459ms
[54.880s][info][gc,cpu         ] GC(141) User=0.00s Sys=0.00s Real=0.00s
[54.880s][info][gc,marking     ] GC(141) Concurrent Mark 31.201ms
[54.880s][info][gc,marking     ] GC(141) Concurrent Rebuild Remembered Sets and Scrub Regions
[54.906s][info][gc,marking     ] GC(141) Concurrent Rebuild Remembered Sets and Scrub Regions 26.050ms
[54.906s][info][gc,start       ] GC(141) Pause Cleanup
[54.906s][info][gc             ] GC(141) Pause Cleanup 316M->316M(997M) 0.355ms
[54.906s][info][gc,cpu         ] GC(141) User=0.00s Sys=0.00s Real=0.00s
[54.906s][info][gc,marking     ] GC(141) Concurrent Clear Claimed Marks
[54.907s][info][gc,marking     ] GC(141) Concurrent Clear Claimed Marks 0.095ms
[54.907s][info][gc,marking     ] GC(141) Concurrent Cleanup for Next Mark
[54.907s][info][gc,marking     ] GC(141) Concurrent Cleanup for Next Mark 0.700ms
[54.907s][info][gc             ] GC(141) Concurrent Mark Cycle 64.152ms
[55.331s][info][gc,start       ] GC(142) Pause Young (Prepare Mixed) (G1 Evacuation Pause)
[55.331s][info][gc,task        ] GC(142) Using 25 workers of 33 for evacuation
[55.369s][info][gc,phases      ] GC(142)   Pre Evacuate Collection Set: 0.3ms
[55.369s][info][gc,phases      ] GC(142)   Merge Heap Roots: 0.9ms
[55.369s][info][gc,phases      ] GC(142)   Evacuate Collection Set: 35.4ms
[55.369s][info][gc,phases      ] GC(142)   Post Evacuate Collection Set: 0.7ms
[55.369s][info][gc,phases      ] GC(142)   Other: 0.2ms
[55.369s][info][gc,heap        ] GC(142) Eden regions: 422->0(434)
[55.369s][info][gc,heap        ] GC(142) Survivor regions: 41->58(58)
[55.369s][info][gc,heap        ] GC(142) Old regions: 213->222
[55.369s][info][gc,heap        ] GC(142) Archive regions: 0->0
[55.369s][info][gc,heap        ] GC(142) Humongous regions: 67->57
[55.369s][info][gc,metaspace   ] GC(142) Metaspace: 66203K(67200K)->66203K(67200K) NonClass: 57821K(58368K)->57821K(58368K) Class: 8382K(8832K)->8382K(8832K)
[55.369s][info][gc             ] GC(142) Pause Young (Prepare Mixed) (G1 Evacuation Pause) 736M->330M(997M) 37.790ms
[55.369s][info][gc,cpu         ] GC(142) User=0.81s Sys=0.00s Real=0.05s
[55.930s][info][gc,start       ] GC(143) Pause Young (Mixed) (G1 Evacuation Pause)
[55.930s][info][gc,task        ] GC(143) Using 24 workers of 33 for evacuation
[55.973s][info][gc,phases      ] GC(143)   Pre Evacuate Collection Set: 0.3ms
[55.973s][info][gc,phases      ] GC(143)   Merge Heap Roots: 0.5ms
[55.973s][info][gc,phases      ] GC(143)   Evacuate Collection Set: 40.9ms
[55.973s][info][gc,phases      ] GC(143)   Post Evacuate Collection Set: 0.7ms
[55.973s][info][gc,phases      ] GC(143)   Other: 0.2ms
[55.973s][info][gc,heap        ] GC(143) Eden regions: 434->0(405)
[55.973s][info][gc,heap        ] GC(143) Survivor regions: 58->50(62)
[55.973s][info][gc,heap        ] GC(143) Old regions: 222->272
[55.973s][info][gc,heap        ] GC(143) Archive regions: 0->0
[55.973s][info][gc,heap        ] GC(143) Humongous regions: 86->81
[55.973s][info][gc,metaspace   ] GC(143) Metaspace: 66226K(67200K)->66226K(67200K) NonClass: 57844K(58368K)->57844K(58368K) Class: 8382K(8832K)->8382K(8832K)
[55.973s][info][gc             ] GC(143) Pause Young (Mixed) (G1 Evacuation Pause) 793M->397M(997M) 42.843ms
[55.973s][info][gc,cpu         ] GC(143) User=1.13s Sys=0.00s Real=0.05s
[55.976s][info][gc,start       ] GC(144) Pause Young (Concurrent Start) (G1 Humongous Allocation)
[55.976s][info][gc,task        ] GC(144) Using 23 workers of 33 for evacuation
[55.987s][info][gc,phases      ] GC(144)   Pre Evacuate Collection Set: 0.3ms
[55.987s][info][gc,phases      ] GC(144)   Merge Heap Roots: 0.1ms
[55.987s][info][gc,phases      ] GC(144)   Evacuate Collection Set: 10.0ms
[55.987s][info][gc,phases      ] GC(144)   Post Evacuate Collection Set: 0.3ms
[55.987s][info][gc,phases      ] GC(144)   Other: 0.1ms
[55.987s][info][gc,heap        ] GC(144) Eden regions: 8->0(406)
[55.987s][info][gc,heap        ] GC(144) Survivor regions: 50->8(57)
[55.987s][info][gc,heap        ] GC(144) Old regions: 272->322
[55.987s][info][gc,heap        ] GC(144) Archive regions: 0->0
[55.987s][info][gc,heap        ] GC(144) Humongous regions: 81->81
[55.987s][info][gc,metaspace   ] GC(144) Metaspace: 66226K(67200K)->66226K(67200K) NonClass: 57844K(58368K)->57844K(58368K) Class: 8382K(8832K)->8382K(8832K)
[55.987s][info][gc             ] GC(144) Pause Young (Concurrent Start) (G1 Humongous Allocation) 405M->404M(997M) 11.019ms
[55.987s][info][gc             ] GC(145) Concurrent Mark Cycle
[55.987s][info][gc,cpu         ] GC(144) User=0.36s Sys=0.00s Real=0.02s
[55.987s][info][gc,marking     ] GC(145) Concurrent Scan Root Regions
[55.990s][info][gc,marking     ] GC(145) Concurrent Scan Root Regions 3.535ms
[55.990s][info][gc,marking     ] GC(145) Concurrent Mark
[55.990s][info][gc,marking     ] GC(145) Concurrent Mark From Roots
[55.990s][info][gc,task        ] GC(145) Using 8 workers of 8 for marking
[56.018s][info][gc,marking     ] GC(145) Concurrent Mark From Roots 27.251ms
[56.018s][info][gc,marking     ] GC(145) Concurrent Preclean
[56.018s][info][gc,marking     ] GC(145) Concurrent Preclean 0.139ms
[56.018s][info][gc,start       ] GC(145) Pause Remark
[56.020s][info][gc             ] GC(145) Pause Remark 464M->336M(997M) 2.036ms
[56.020s][info][gc,cpu         ] GC(145) User=0.00s Sys=0.00s Real=0.00s
[56.020s][info][gc,marking     ] GC(145) Concurrent Mark 29.733ms
[56.020s][info][gc,marking     ] GC(145) Concurrent Rebuild Remembered Sets and Scrub Regions
[56.037s][info][gc,marking     ] GC(145) Concurrent Rebuild Remembered Sets and Scrub Regions 16.381ms
[56.037s][info][gc,start       ] GC(145) Pause Cleanup
[56.037s][info][gc             ] GC(145) Pause Cleanup 379M->379M(997M) 0.311ms
[56.037s][info][gc,cpu         ] GC(145) User=0.00s Sys=0.00s Real=0.00s
[56.037s][info][gc,marking     ] GC(145) Concurrent Clear Claimed Marks
[56.037s][info][gc,marking     ] GC(145) Concurrent Clear Claimed Marks 0.074ms
[56.037s][info][gc,marking     ] GC(145) Concurrent Cleanup for Next Mark
[56.038s][info][gc,marking     ] GC(145) Concurrent Cleanup for Next Mark 0.679ms
[56.038s][info][gc             ] GC(145) Concurrent Mark Cycle 51.131ms
[56.617s][info][gc,start       ] GC(146) Pause Young (Prepare Mixed) (G1 Evacuation Pause)
[56.617s][info][gc,task        ] GC(146) Using 23 workers of 33 for evacuation
[56.663s][info][gc,phases      ] GC(146)   Pre Evacuate Collection Set: 0.2ms
[56.664s][info][gc,phases      ] GC(146)   Merge Heap Roots: 0.3ms
[56.664s][info][gc,phases      ] GC(146)   Evacuate Collection Set: 45.0ms
[56.664s][info][gc,phases      ] GC(146)   Post Evacuate Collection Set: 0.6ms
[56.664s][info][gc,phases      ] GC(146)   Other: 0.2ms
[56.664s][info][gc,heap        ] GC(146) Eden regions: 406->0(401)
[56.664s][info][gc,heap        ] GC(146) Survivor regions: 8->52(52)
[56.664s][info][gc,heap        ] GC(146) Old regions: 262->265
[56.664s][info][gc,heap        ] GC(146) Archive regions: 0->0
[56.664s][info][gc,heap        ] GC(146) Humongous regions: 162->113
[56.664s][info][gc,metaspace   ] GC(146) Metaspace: 66254K(67200K)->66254K(67200K) NonClass: 57872K(58368K)->57872K(58368K) Class: 8382K(8832K)->8382K(8832K)
[56.664s][info][gc             ] GC(146) Pause Young (Prepare Mixed) (G1 Evacuation Pause) 831M->423M(997M) 46.716ms
[56.664s][info][gc,cpu         ] GC(146) User=0.72s Sys=0.00s Real=0.05s
[56.948s][info][gc,start       ] GC(147) Pause Young (Mixed) (G1 Evacuation Pause)
[56.948s][info][gc,task        ] GC(147) Using 23 workers of 33 for evacuation
[57.018s][info][gc,phases      ] GC(147)   Pre Evacuate Collection Set: 0.3ms
[57.018s][info][gc,phases      ] GC(147)   Merge Heap Roots: 0.6ms
[57.018s][info][gc,phases      ] GC(147)   Evacuate Collection Set: 68.7ms
[57.018s][info][gc,phases      ] GC(147)   Post Evacuate Collection Set: 0.6ms
[57.018s][info][gc,phases      ] GC(147)   Other: 0.2ms
[57.018s][info][gc,heap        ] GC(147) Eden regions: 362->0(421)
[57.018s][info][gc,heap        ] GC(147) Survivor regions: 52->57(57)
[57.018s][info][gc,heap        ] GC(147) Old regions: 265->296
[57.018s][info][gc,heap        ] GC(147) Archive regions: 0->0
[57.018s][info][gc,heap        ] GC(147) Humongous regions: 318->154
[57.018s][info][gc,metaspace   ] GC(147) Metaspace: 66283K(67264K)->66283K(67264K) NonClass: 57901K(58432K)->57901K(58432K) Class: 8382K(8832K)->8382K(8832K)
[57.018s][info][gc             ] GC(147) Pause Young (Mixed) (G1 Evacuation Pause) 990M->501M(1109M) 70.810ms
[57.018s][info][gc,cpu         ] GC(147) User=1.41s Sys=0.03s Real=0.06s
[57.149s][info][gc,start       ] GC(148) Pause Young (Concurrent Start) (G1 Humongous Allocation)
[57.149s][info][gc,task        ] GC(148) Using 26 workers of 33 for evacuation
[57.178s][info][gc,phases      ] GC(148)   Pre Evacuate Collection Set: 0.5ms
[57.178s][info][gc,phases      ] GC(148)   Merge Heap Roots: 0.4ms
[57.178s][info][gc,phases      ] GC(148)   Evacuate Collection Set: 26.5ms
[57.178s][info][gc,phases      ] GC(148)   Post Evacuate Collection Set: 1.9ms
[57.178s][info][gc,phases      ] GC(148)   Other: 0.2ms
[57.178s][info][gc,heap        ] GC(148) Eden regions: 292->0(579)
[57.178s][info][gc,heap        ] GC(148) Survivor regions: 57->6(60)
[57.178s][info][gc,heap        ] GC(148) Old regions: 296->353
[57.178s][info][gc,heap        ] GC(148) Archive regions: 0->0
[57.178s][info][gc,heap        ] GC(148) Humongous regions: 154->154
[57.178s][info][gc,metaspace   ] GC(148) Metaspace: 66284K(67264K)->66284K(67264K) NonClass: 57901K(58432K)->57901K(58432K) Class: 8382K(8832K)->8382K(8832K)
[57.178s][info][gc             ] GC(148) Pause Young (Concurrent Start) (G1 Humongous Allocation) 792M->508M(1297M) 29.790ms
[57.178s][info][gc             ] GC(149) Concurrent Mark Cycle
[57.179s][info][gc,cpu         ] GC(148) User=0.41s Sys=0.00s Real=0.02s
[57.179s][info][gc,marking     ] GC(149) Concurrent Scan Root Regions
[57.183s][info][gc,marking     ] GC(149) Concurrent Scan Root Regions 4.148ms
[57.183s][info][gc,marking     ] GC(149) Concurrent Mark
[57.183s][info][gc,marking     ] GC(149) Concurrent Mark From Roots
[57.183s][info][gc,task        ] GC(149) Using 8 workers of 8 for marking
[57.211s][info][gc,marking     ] GC(149) Concurrent Mark From Roots 28.595ms
[57.211s][info][gc,marking     ] GC(149) Concurrent Preclean
[57.212s][info][gc,marking     ] GC(149) Concurrent Preclean 0.128ms
[57.212s][info][gc,start       ] GC(149) Pause Remark
[57.214s][info][gc             ] GC(149) Pause Remark 550M->336M(1140M) 2.642ms
[57.214s][info][gc,cpu         ] GC(149) User=0.00s Sys=0.00s Real=0.00s
[57.214s][info][gc,marking     ] GC(149) Concurrent Mark 31.679ms
[57.215s][info][gc,marking     ] GC(149) Concurrent Rebuild Remembered Sets and Scrub Regions
[57.232s][info][gc,marking     ] GC(149) Concurrent Rebuild Remembered Sets and Scrub Regions 17.757ms
[57.232s][info][gc,start       ] GC(149) Pause Cleanup
[57.233s][info][gc             ] GC(149) Pause Cleanup 352M->352M(1140M) 0.377ms
[57.233s][info][gc,cpu         ] GC(149) User=0.00s Sys=0.00s Real=0.00s
[57.233s][info][gc,marking     ] GC(149) Concurrent Clear Claimed Marks
[57.233s][info][gc,marking     ] GC(149) Concurrent Clear Claimed Marks 0.091ms
[57.233s][info][gc,marking     ] GC(149) Concurrent Cleanup for Next Mark
[57.234s][info][gc,marking     ] GC(149) Concurrent Cleanup for Next Mark 1.255ms
[57.234s][info][gc             ] GC(149) Concurrent Mark Cycle 55.804ms
[57.342s][info][gc,start       ] GC(150) Pause Full (System.gc())
[57.426s][info][gc,task        ] GC(150) Using 27 workers of 33 for full compaction
[57.427s][info][gc,phases,start] GC(150) Phase 1: Mark live objects
[57.461s][info][gc,phases      ] GC(150) Phase 1: Mark live objects 34.250ms
[57.461s][info][gc,phases,start] GC(150) Phase 2: Prepare compaction
[57.467s][info][gc,phases      ] GC(150) Phase 2: Prepare compaction 5.483ms
[57.467s][info][gc,phases,start] GC(150) Phase 3: Adjust pointers
[57.477s][info][gc,phases      ] GC(150) Phase 3: Adjust pointers 9.576ms
[57.477s][info][gc,phases,start] GC(150) Phase 4: Compact heap
[57.477s][info][gc,phases      ] GC(150) Phase 4: Compact heap 0.613ms
[57.486s][info][gc,heap        ] GC(150) Eden regions: 185->0(293)
[57.486s][info][gc,heap        ] GC(150) Survivor regions: 6->0(60)
[57.486s][info][gc,heap        ] GC(150) Old regions: 277->158
[57.486s][info][gc,heap        ] GC(150) Archive regions: 0->0
[57.486s][info][gc,heap        ] GC(150) Humongous regions: 19->10
[57.486s][info][gc,metaspace   ] GC(150) Metaspace: 66284K(67264K)->66284K(67264K) NonClass: 57901K(58432K)->57901K(58432K) Class: 8382K(8832K)->8382K(8832K)
[57.486s][info][gc             ] GC(150) Pause Full (System.gc()) 482M->148M(560M) 143.635ms
[57.486s][info][gc,cpu         ] GC(150) User=1.27s Sys=0.02s Real=0.14s
[57.519s][info][gc,start       ] GC(151) Pause Young (Concurrent Start) (G1 Humongous Allocation)
[57.520s][info][gc,task        ] GC(151) Using 20 workers of 33 for evacuation
[57.521s][info][gc,phases      ] GC(151)   Pre Evacuate Collection Set: 0.4ms
[57.521s][info][gc,phases      ] GC(151)   Merge Heap Roots: 0.1ms
[57.521s][info][gc,phases      ] GC(151)   Evacuate Collection Set: 0.8ms
[57.521s][info][gc,phases      ] GC(151)   Post Evacuate Collection Set: 0.5ms
[57.521s][info][gc,phases      ] GC(151)   Other: 0.1ms
[57.521s][info][gc,heap        ] GC(151) Eden regions: 18->0(307)
[57.522s][info][gc,heap        ] GC(151) Survivor regions: 0->3(37)
[57.522s][info][gc,heap        ] GC(151) Old regions: 158->158
[57.522s][info][gc,heap        ] GC(151) Archive regions: 0->0
[57.522s][info][gc,heap        ] GC(151) Humongous regions: 10->10
[57.522s][info][gc,metaspace   ] GC(151) Metaspace: 66293K(67264K)->66293K(67264K) NonClass: 57910K(58432K)->57910K(58432K) Class: 8382K(8832K)->8382K(8832K)
[57.522s][info][gc             ] GC(151) Pause Young (Concurrent Start) (G1 Humongous Allocation) 165M->150M(560M) 2.251ms
[57.522s][info][gc             ] GC(152) Concurrent Mark Cycle
[57.522s][info][gc,cpu         ] GC(151) User=0.00s Sys=0.00s Real=0.00s
[57.522s][info][gc,marking     ] GC(152) Concurrent Scan Root Regions
[57.523s][info][gc,marking     ] GC(152) Concurrent Scan Root Regions 1.530ms
[57.523s][info][gc,marking     ] GC(152) Concurrent Mark
[57.523s][info][gc,marking     ] GC(152) Concurrent Mark From Roots
[57.523s][info][gc,task        ] GC(152) Using 8 workers of 8 for marking
[57.568s][info][gc,marking     ] GC(152) Concurrent Mark From Roots 44.217ms
[57.568s][info][gc,marking     ] GC(152) Concurrent Preclean
[57.568s][info][gc,marking     ] GC(152) Concurrent Preclean 0.107ms
[57.582s][info][gc,start       ] GC(152) Pause Remark
[57.584s][info][gc             ] GC(152) Pause Remark 180M->180M(560M) 2.119ms
[57.584s][info][gc,cpu         ] GC(152) User=0.00s Sys=0.00s Real=0.00s
[57.584s][info][gc,marking     ] GC(152) Concurrent Mark 60.736ms
[57.584s][info][gc,marking     ] GC(152) Concurrent Rebuild Remembered Sets and Scrub Regions
[57.601s][info][gc,marking     ] GC(152) Concurrent Rebuild Remembered Sets and Scrub Regions 16.640ms
[57.609s][info][gc,start       ] GC(152) Pause Cleanup
[57.609s][info][gc             ] GC(152) Pause Cleanup 204M->204M(560M) 0.238ms
[57.609s][info][gc,cpu         ] GC(152) User=0.00s Sys=0.00s Real=0.00s
[57.609s][info][gc,marking     ] GC(152) Concurrent Clear Claimed Marks
[57.609s][info][gc,marking     ] GC(152) Concurrent Clear Claimed Marks 0.103ms
[57.609s][info][gc,marking     ] GC(152) Concurrent Cleanup for Next Mark
[57.609s][info][gc,marking     ] GC(152) Concurrent Cleanup for Next Mark 0.443ms
[57.609s][info][gc             ] GC(152) Concurrent Mark Cycle 87.736ms
[57.732s][info][gc,start       ] GC(153) Pause Young (Prepare Mixed) (G1 Evacuation Pause)
[57.732s][info][gc,task        ] GC(153) Using 16 workers of 33 for evacuation
[57.762s][info][gc,phases      ] GC(153)   Pre Evacuate Collection Set: 0.2ms
[57.762s][info][gc,phases      ] GC(153)   Merge Heap Roots: 0.2ms
[57.762s][info][gc,phases      ] GC(153)   Evacuate Collection Set: 28.5ms
[57.762s][info][gc,phases      ] GC(153)   Post Evacuate Collection Set: 0.7ms
[57.762s][info][gc,phases      ] GC(153)   Other: 0.2ms
[57.762s][info][gc,heap        ] GC(153) Eden regions: 307->0(215)
[57.762s][info][gc,heap        ] GC(153) Survivor regions: 3->39(39)
[57.762s][info][gc,heap        ] GC(153) Old regions: 158->201
[57.762s][info][gc,heap        ] GC(153) Archive regions: 0->0
[57.762s][info][gc,heap        ] GC(153) Humongous regions: 43->38
[57.762s][info][gc,metaspace   ] GC(153) Metaspace: 66299K(67264K)->66299K(67264K) NonClass: 57917K(58432K)->57917K(58432K) Class: 8382K(8832K)->8382K(8832K)
[57.762s][info][gc             ] GC(153) Pause Young (Prepare Mixed) (G1 Evacuation Pause) 490M->258M(593M) 30.365ms
[57.762s][info][gc,cpu         ] GC(153) User=0.50s Sys=0.00s Real=0.03s
[57.876s][info][gc,start       ] GC(154) Pause Young (Mixed) (G1 Evacuation Pause)
[57.876s][info][gc,task        ] GC(154) Using 15 workers of 33 for evacuation
[57.909s][info][gc,phases      ] GC(154)   Pre Evacuate Collection Set: 0.2ms
[57.910s][info][gc,phases      ] GC(154)   Merge Heap Roots: 0.3ms
[57.910s][info][gc,phases      ] GC(154)   Evacuate Collection Set: 32.6ms
[57.910s][info][gc,phases      ] GC(154)   Post Evacuate Collection Set: 0.4ms
[57.910s][info][gc,phases      ] GC(154)   Other: 0.2ms
[57.910s][info][gc,heap        ] GC(154) Eden regions: 215->0(190)
[57.910s][info][gc,heap        ] GC(154) Survivor regions: 39->27(32)
[57.910s][info][gc,heap        ] GC(154) Old regions: 201->240
[57.910s][info][gc,heap        ] GC(154) Archive regions: 0->0
[57.910s][info][gc,heap        ] GC(154) Humongous regions: 58->58
[57.910s][info][gc,metaspace   ] GC(154) Metaspace: 66299K(67264K)->66299K(67264K) NonClass: 57917K(58432K)->57917K(58432K) Class: 8382K(8832K)->8382K(8832K)
[57.910s][info][gc             ] GC(154) Pause Young (Mixed) (G1 Evacuation Pause) 493M->309M(593M) 33.998ms
[57.910s][info][gc,cpu         ] GC(154) User=0.50s Sys=0.00s Real=0.03s
[57.999s][info][gc,start       ] GC(155) Pause Young (Concurrent Start) (G1 Evacuation Pause)
[57.999s][info][gc,task        ] GC(155) Using 14 workers of 33 for evacuation
[58.026s][info][gc,phases      ] GC(155)   Pre Evacuate Collection Set: 0.3ms
[58.026s][info][gc,phases      ] GC(155)   Merge Heap Roots: 0.2ms
[58.026s][info][gc,phases      ] GC(155)   Evacuate Collection Set: 25.6ms
[58.026s][info][gc,phases      ] GC(155)   Post Evacuate Collection Set: 0.4ms
[58.026s][info][gc,phases      ] GC(155)   Other: 0.2ms
[58.026s][info][gc,heap        ] GC(155) Eden regions: 190->0(181)
[58.026s][info][gc,heap        ] GC(155) Survivor regions: 27->21(28)
[58.026s][info][gc,heap        ] GC(155) Old regions: 240->267
[58.026s][info][gc,heap        ] GC(155) Archive regions: 0->0
[58.026s][info][gc,heap        ] GC(155) Humongous regions: 58->58
[58.026s][info][gc,metaspace   ] GC(155) Metaspace: 66299K(67264K)->66299K(67264K) NonClass: 57917K(58432K)->57917K(58432K) Class: 8382K(8832K)->8382K(8832K)
[58.026s][info][gc             ] GC(155) Pause Young (Concurrent Start) (G1 Evacuation Pause) 499M->329M(593M) 27.227ms
[58.026s][info][gc             ] GC(156) Concurrent Mark Cycle
[58.026s][info][gc,cpu         ] GC(155) User=0.22s Sys=0.00s Real=0.01s
[58.026s][info][gc,marking     ] GC(156) Concurrent Scan Root Regions
[58.032s][info][gc,marking     ] GC(156) Concurrent Scan Root Regions 5.323ms
[58.032s][info][gc,marking     ] GC(156) Concurrent Mark
[58.032s][info][gc,marking     ] GC(156) Concurrent Mark From Roots
[58.032s][info][gc,task        ] GC(156) Using 8 workers of 8 for marking
[58.086s][info][gc,marking     ] GC(156) Concurrent Mark From Roots 53.998ms
[58.086s][info][gc,marking     ] GC(156) Concurrent Preclean
[58.086s][info][gc,marking     ] GC(156) Concurrent Preclean 0.127ms
[58.086s][info][gc,start       ] GC(156) Pause Remark
[58.089s][info][gc             ] GC(156) Pause Remark 426M->402M(699M) 2.517ms
[58.089s][info][gc,cpu         ] GC(156) User=0.00s Sys=0.00s Real=0.00s
[58.089s][info][gc,marking     ] GC(156) Concurrent Mark 56.971ms
[58.089s][info][gc,marking     ] GC(156) Concurrent Rebuild Remembered Sets and Scrub Regions
[58.132s][info][gc,marking     ] GC(156) Concurrent Rebuild Remembered Sets and Scrub Regions 43.244ms
[58.132s][info][gc,start       ] GC(156) Pause Cleanup
[58.132s][info][gc             ] GC(156) Pause Cleanup 472M->472M(699M) 0.268ms
[58.133s][info][gc,cpu         ] GC(156) User=0.00s Sys=0.00s Real=0.00s
[58.133s][info][gc,marking     ] GC(156) Concurrent Clear Claimed Marks
[58.133s][info][gc,marking     ] GC(156) Concurrent Clear Claimed Marks 0.077ms
[58.133s][info][gc,marking     ] GC(156) Concurrent Cleanup for Next Mark
[58.133s][info][gc,marking     ] GC(156) Concurrent Cleanup for Next Mark 0.799ms
[58.133s][info][gc             ] GC(156) Concurrent Mark Cycle 107.135ms
[58.153s][info][gc,start       ] GC(157) Pause Young (Prepare Mixed) (G1 Evacuation Pause)
[58.153s][info][gc,task        ] GC(157) Using 16 workers of 33 for evacuation
[58.176s][info][gc,phases      ] GC(157)   Pre Evacuate Collection Set: 0.2ms
[58.176s][info][gc,phases      ] GC(157)   Merge Heap Roots: 0.6ms
[58.176s][info][gc,phases      ] GC(157)   Evacuate Collection Set: 21.9ms
[58.176s][info][gc,phases      ] GC(157)   Post Evacuate Collection Set: 0.5ms
[58.176s][info][gc,phases      ] GC(157)   Other: 0.1ms
[58.177s][info][gc,heap        ] GC(157) Eden regions: 181->0(251)
[58.177s][info][gc,heap        ] GC(157) Survivor regions: 21->19(26)
[58.177s][info][gc,heap        ] GC(157) Old regions: 267->286
[58.177s][info][gc,heap        ] GC(157) Archive regions: 0->0
[58.177s][info][gc,heap        ] GC(157) Humongous regions: 54->54
[58.177s][info][gc,metaspace   ] GC(157) Metaspace: 66299K(67264K)->66299K(67264K) NonClass: 57917K(58432K)->57917K(58432K) Class: 8382K(8832K)->8382K(8832K)
[58.177s][info][gc             ] GC(157) Pause Young (Prepare Mixed) (G1 Evacuation Pause) 506M->342M(699M) 23.634ms
[58.177s][info][gc,cpu         ] GC(157) User=0.50s Sys=0.00s Real=0.03s
[58.300s][info][gc,start       ] GC(158) Pause Young (Mixed) (G1 Evacuation Pause)
[58.300s][info][gc,task        ] GC(158) Using 16 workers of 33 for evacuation
[58.327s][info][gc,phases      ] GC(158)   Pre Evacuate Collection Set: 0.2ms
[58.327s][info][gc,phases      ] GC(158)   Merge Heap Roots: 0.2ms
[58.327s][info][gc,phases      ] GC(158)   Evacuate Collection Set: 22.0ms
[58.327s][info][gc,phases      ] GC(158)   Post Evacuate Collection Set: 4.0ms
[58.327s][info][gc,phases      ] GC(158)   Other: 0.2ms
[58.327s][info][gc,heap        ] GC(158) Eden regions: 251->0(633)
[58.327s][info][gc,heap        ] GC(158) Survivor regions: 19->34(34)
[58.327s][info][gc,heap        ] GC(158) Old regions: 286->284
[58.327s][info][gc,heap        ] GC(158) Archive regions: 0->0
[58.327s][info][gc,heap        ] GC(158) Humongous regions: 54->54
[58.327s][info][gc,metaspace   ] GC(158) Metaspace: 66299K(67264K)->66299K(67264K) NonClass: 57917K(58432K)->57917K(58432K) Class: 8382K(8832K)->8382K(8832K)
[58.327s][info][gc             ] GC(158) Pause Young (Mixed) (G1 Evacuation Pause) 593M->361M(1192M) 26.941ms
[58.327s][info][gc,cpu         ] GC(158) User=0.27s Sys=0.00s Real=0.03s
[58.721s][info][gc,start       ] GC(159) Pause Young (Concurrent Start) (G1 Humongous Allocation)
[58.722s][info][gc,task        ] GC(159) Using 28 workers of 33 for evacuation
[58.751s][info][gc,phases      ] GC(159)   Pre Evacuate Collection Set: 0.4ms
[58.751s][info][gc,phases      ] GC(159)   Merge Heap Roots: 0.3ms
[58.751s][info][gc,phases      ] GC(159)   Evacuate Collection Set: 27.4ms
[58.751s][info][gc,phases      ] GC(159)   Post Evacuate Collection Set: 0.7ms
[58.751s][info][gc,phases      ] GC(159)   Other: 0.2ms
[58.751s][info][gc,heap        ] GC(159) Eden regions: 522->0(628)
[58.751s][info][gc,heap        ] GC(159) Survivor regions: 34->62(84)
[58.751s][info][gc,heap        ] GC(159) Old regions: 284->284
[58.751s][info][gc,heap        ] GC(159) Archive regions: 0->0
[58.751s][info][gc,heap        ] GC(159) Humongous regions: 54->54
[58.751s][info][gc,metaspace   ] GC(159) Metaspace: 66299K(67264K)->66299K(67264K) NonClass: 57917K(58432K)->57917K(58432K) Class: 8382K(8832K)->8382K(8832K)
[58.751s][info][gc             ] GC(159) Pause Young (Concurrent Start) (G1 Humongous Allocation) 882M->388M(1192M) 29.419ms
[58.751s][info][gc             ] GC(160) Concurrent Mark Cycle
[58.751s][info][gc,cpu         ] GC(159) User=0.88s Sys=0.00s Real=0.03s
[58.751s][info][gc,marking     ] GC(160) Concurrent Scan Root Regions
[58.761s][info][gc,marking     ] GC(160) Concurrent Scan Root Regions 10.092ms
[58.761s][info][gc,marking     ] GC(160) Concurrent Mark
[58.761s][info][gc,marking     ] GC(160) Concurrent Mark From Roots
[58.761s][info][gc,task        ] GC(160) Using 8 workers of 8 for marking
[58.808s][info][gc,marking     ] GC(160) Concurrent Mark From Roots 47.029ms
[58.808s][info][gc,marking     ] GC(160) Concurrent Preclean
[58.808s][info][gc,marking     ] GC(160) Concurrent Preclean 0.120ms
[58.808s][info][gc,start       ] GC(160) Pause Remark
[58.811s][info][gc             ] GC(160) Pause Remark 392M->316M(1097M) 2.343ms
[58.811s][info][gc,cpu         ] GC(160) User=0.00s Sys=0.00s Real=0.00s
[58.811s][info][gc,marking     ] GC(160) Concurrent Mark 49.840ms
[58.811s][info][gc,marking     ] GC(160) Concurrent Rebuild Remembered Sets and Scrub Regions
[58.849s][info][gc,marking     ] GC(160) Concurrent Rebuild Remembered Sets and Scrub Regions 38.328ms
[58.849s][info][gc,start       ] GC(160) Pause Cleanup
[58.850s][info][gc             ] GC(160) Pause Cleanup 316M->316M(1097M) 0.439ms
[58.850s][info][gc,cpu         ] GC(160) User=0.00s Sys=0.00s Real=0.00s
[58.850s][info][gc,marking     ] GC(160) Concurrent Clear Claimed Marks
[58.850s][info][gc,marking     ] GC(160) Concurrent Clear Claimed Marks 0.099ms
[58.850s][info][gc,marking     ] GC(160) Concurrent Cleanup for Next Mark
[58.852s][info][gc,marking     ] GC(160) Concurrent Cleanup for Next Mark 1.912ms
[58.852s][info][gc             ] GC(160) Concurrent Mark Cycle 101.219ms
[59.690s][info][gc,start       ] GC(161) Pause Young (Prepare Mixed) (G1 Evacuation Pause)
[59.690s][info][gc,task        ] GC(161) Using 27 workers of 33 for evacuation
[59.768s][info][gc,phases      ] GC(161)   Pre Evacuate Collection Set: 0.3ms
[59.768s][info][gc,phases      ] GC(161)   Merge Heap Roots: 0.9ms
[59.768s][info][gc,phases      ] GC(161)   Evacuate Collection Set: 75.5ms
[59.768s][info][gc,phases      ] GC(161)   Post Evacuate Collection Set: 0.9ms
[59.768s][info][gc,phases      ] GC(161)   Other: 0.2ms
[59.768s][info][gc,heap        ] GC(161) Eden regions: 596->0(479)
[59.768s][info][gc,heap        ] GC(161) Survivor regions: 62->83(83)
[59.768s][info][gc,heap        ] GC(161) Old regions: 232->326
[59.768s][info][gc,heap        ] GC(161) Archive regions: 0->0
[59.768s][info][gc,heap        ] GC(161) Humongous regions: 115->110
[59.768s][info][gc,metaspace   ] GC(161) Metaspace: 66311K(67264K)->66311K(67264K) NonClass: 57928K(58432K)->57928K(58432K) Class: 8382K(8832K)->8382K(8832K)
[59.768s][info][gc             ] GC(161) Pause Young (Prepare Mixed) (G1 Evacuation Pause) 993M->507M(1182M) 78.138ms
[59.768s][info][gc,cpu         ] GC(161) User=1.94s Sys=0.17s Real=0.08s
[60.030s][info][gc,start       ] GC(162) Pause Young (Mixed) (G1 Evacuation Pause)
[60.030s][info][gc,task        ] GC(162) Using 28 workers of 33 for evacuation
[60.085s][info][gc,phases      ] GC(162)   Pre Evacuate Collection Set: 0.3ms
[60.085s][info][gc,phases      ] GC(162)   Merge Heap Roots: 0.9ms
[60.085s][info][gc,phases      ] GC(162)   Evacuate Collection Set: 53.2ms
[60.085s][info][gc,phases      ] GC(162)   Post Evacuate Collection Set: 0.6ms
[60.085s][info][gc,phases      ] GC(162)   Other: 0.2ms
[60.085s][info][gc,heap        ] GC(162) Eden regions: 479->0(429)
[60.085s][info][gc,heap        ] GC(162) Survivor regions: 83->55(71)
[60.085s][info][gc,heap        ] GC(162) Old regions: 326->403
[60.085s][info][gc,heap        ] GC(162) Archive regions: 0->0
[60.085s][info][gc,heap        ] GC(162) Humongous regions: 142->142
[60.085s][info][gc,metaspace   ] GC(162) Metaspace: 66311K(67264K)->66311K(67264K) NonClass: 57928K(58432K)->57928K(58432K) Class: 8382K(8832K)->8382K(8832K)
[60.085s][info][gc             ] GC(162) Pause Young (Mixed) (G1 Evacuation Pause) 1018M->592M(1182M) 55.580ms
[60.085s][info][gc,cpu         ] GC(162) User=1.31s Sys=0.00s Real=0.05s
[60.294s][info][gc,start       ] GC(163) Pause Young (Concurrent Start) (G1 Evacuation Pause)
[60.294s][info][gc,task        ] GC(163) Using 28 workers of 33 for evacuation
[60.325s][info][gc,phases      ] GC(163)   Pre Evacuate Collection Set: 0.5ms
[60.326s][info][gc,phases      ] GC(163)   Merge Heap Roots: 0.4ms
[60.326s][info][gc,phases      ] GC(163)   Evacuate Collection Set: 30.2ms
[60.326s][info][gc,phases      ] GC(163)   Post Evacuate Collection Set: 0.6ms
[60.326s][info][gc,phases      ] GC(163)   Other: 0.2ms
[60.326s][info][gc,heap        ] GC(163) Eden regions: 429->0(420)
[60.326s][info][gc,heap        ] GC(163) Survivor regions: 55->36(61)
[60.326s][info][gc,heap        ] GC(163) Old regions: 403->452
[60.326s][info][gc,heap        ] GC(163) Archive regions: 0->0
[60.326s][info][gc,heap        ] GC(163) Humongous regions: 142->142
[60.326s][info][gc,metaspace   ] GC(163) Metaspace: 66311K(67264K)->66311K(67264K) NonClass: 57928K(58432K)->57928K(58432K) Class: 8382K(8832K)->8382K(8832K)
[60.326s][info][gc             ] GC(163) Pause Young (Concurrent Start) (G1 Evacuation Pause) 1021M->621M(1182M) 32.113ms
[60.326s][info][gc             ] GC(164) Concurrent Mark Cycle
[60.326s][info][gc,cpu         ] GC(163) User=0.88s Sys=0.00s Real=0.03s
[60.326s][info][gc,marking     ] GC(164) Concurrent Scan Root Regions
[60.333s][info][gc,marking     ] GC(164) Concurrent Scan Root Regions 7.283ms
[60.333s][info][gc,marking     ] GC(164) Concurrent Mark
[60.333s][info][gc,marking     ] GC(164) Concurrent Mark From Roots
[60.333s][info][gc,task        ] GC(164) Using 8 workers of 8 for marking
[60.391s][info][gc,marking     ] GC(164) Concurrent Mark From Roots 58.250ms
[60.391s][info][gc,marking     ] GC(164) Concurrent Preclean
[60.392s][info][gc,marking     ] GC(164) Concurrent Preclean 0.192ms
[60.392s][info][gc,start       ] GC(164) Pause Remark
[60.394s][info][gc             ] GC(164) Pause Remark 721M->539M(1182M) 2.547ms
[60.394s][info][gc,cpu         ] GC(164) User=0.00s Sys=0.00s Real=0.00s
[60.394s][info][gc,marking     ] GC(164) Concurrent Mark 61.373ms
[60.395s][info][gc,marking     ] GC(164) Concurrent Rebuild Remembered Sets and Scrub Regions
[60.459s][info][gc,marking     ] GC(164) Concurrent Rebuild Remembered Sets and Scrub Regions 63.990ms
[60.459s][info][gc,start       ] GC(164) Pause Cleanup
[60.459s][info][gc             ] GC(164) Pause Cleanup 638M->638M(1182M) 0.531ms
[60.459s][info][gc,cpu         ] GC(164) User=0.00s Sys=0.00s Real=0.00s
[60.459s][info][gc,marking     ] GC(164) Concurrent Clear Claimed Marks
[60.459s][info][gc,marking     ] GC(164) Concurrent Clear Claimed Marks 0.107ms
[60.459s][info][gc,marking     ] GC(164) Concurrent Cleanup for Next Mark
[60.460s][info][gc,marking     ] GC(164) Concurrent Cleanup for Next Mark 0.857ms
[60.460s][info][gc             ] GC(164) Concurrent Mark Cycle 134.657ms
[61.242s][info][gc,start       ] GC(165) Pause Young (Prepare Mixed) (G1 Evacuation Pause)
[61.242s][info][gc,task        ] GC(165) Using 28 workers of 33 for evacuation
[61.286s][info][gc,phases      ] GC(165)   Pre Evacuate Collection Set: 0.3ms
[61.286s][info][gc,phases      ] GC(165)   Merge Heap Roots: 0.9ms
[61.286s][info][gc,phases      ] GC(165)   Evacuate Collection Set: 41.7ms
[61.286s][info][gc,phases      ] GC(165)   Post Evacuate Collection Set: 0.9ms
[61.286s][info][gc,phases      ] GC(165)   Other: 0.2ms
[61.287s][info][gc,heap        ] GC(165) Eden regions: 420->0(490)
[61.287s][info][gc,heap        ] GC(165) Survivor regions: 36->51(57)
[61.287s][info][gc,heap        ] GC(165) Old regions: 368->398
[61.287s][info][gc,heap        ] GC(165) Archive regions: 0->0
[61.287s][info][gc,heap        ] GC(165) Humongous regions: 93->88
[61.287s][info][gc,metaspace   ] GC(165) Metaspace: 66374K(67328K)->66374K(67328K) NonClass: 57981K(58496K)->57981K(58496K) Class: 8392K(8832K)->8392K(8832K)
[61.287s][info][gc             ] GC(165) Pause Young (Prepare Mixed) (G1 Evacuation Pause) 908M->528M(1182M) 44.214ms
[61.287s][info][gc,cpu         ] GC(165) User=1.31s Sys=0.00s Real=0.05s
[61.783s][info][gc,start       ] GC(166) Pause Young (Mixed) (G1 Evacuation Pause)
[61.783s][info][gc,task        ] GC(166) Using 28 workers of 33 for evacuation
[61.837s][info][gc,phases      ] GC(166)   Pre Evacuate Collection Set: 0.3ms
[61.837s][info][gc,phases      ] GC(166)   Merge Heap Roots: 1.0ms
[61.837s][info][gc,phases      ] GC(166)   Evacuate Collection Set: 51.3ms
[61.837s][info][gc,phases      ] GC(166)   Post Evacuate Collection Set: 0.8ms
[61.837s][info][gc,phases      ] GC(166)   Other: 0.2ms
[61.837s][info][gc,heap        ] GC(166) Eden regions: 490->0(433)
[61.837s][info][gc,heap        ] GC(166) Survivor regions: 51->68(68)
[61.837s][info][gc,heap        ] GC(166) Old regions: 398->408
[61.837s][info][gc,heap        ] GC(166) Archive regions: 0->0
[61.837s][info][gc,heap        ] GC(166) Humongous regions: 146->136
[61.837s][info][gc,metaspace   ] GC(166) Metaspace: 66481K(67392K)->66481K(67392K) NonClass: 58087K(58560K)->58087K(58560K) Class: 8393K(8832K)->8393K(8832K)
[61.837s][info][gc             ] GC(166) Pause Young (Mixed) (G1 Evacuation Pause) 1076M->603M(1201M) 53.988ms
[61.837s][info][gc,cpu         ] GC(166) User=1.73s Sys=0.02s Real=0.06s
[62.073s][info][gc,start       ] GC(167) Pause Young (Concurrent Start) (G1 Humongous Allocation)
[62.074s][info][gc,task        ] GC(167) Using 28 workers of 33 for evacuation
[62.102s][info][gc,phases      ] GC(167)   Pre Evacuate Collection Set: 0.5ms
[62.102s][info][gc,phases      ] GC(167)   Merge Heap Roots: 0.4ms
[62.102s][info][gc,phases      ] GC(167)   Evacuate Collection Set: 25.6ms
[62.102s][info][gc,phases      ] GC(167)   Post Evacuate Collection Set: 1.5ms
[62.102s][info][gc,phases      ] GC(167)   Other: 0.1ms
[62.102s][info][gc,heap        ] GC(167) Eden regions: 140->0(550)
[62.102s][info][gc,heap        ] GC(167) Survivor regions: 68->9(63)
[62.102s][info][gc,heap        ] GC(167) Old regions: 408->481
[62.102s][info][gc,heap        ] GC(167) Archive regions: 0->0
[62.102s][info][gc,heap        ] GC(167) Humongous regions: 136->136
[62.102s][info][gc,metaspace   ] GC(167) Metaspace: 66503K(67456K)->66503K(67456K) NonClass: 58110K(58624K)->58110K(58624K) Class: 8393K(8832K)->8393K(8832K)
[62.102s][info][gc             ] GC(167) Pause Young (Concurrent Start) (G1 Humongous Allocation) 742M->617M(1325M) 28.567ms
[62.102s][info][gc             ] GC(168) Concurrent Mark Cycle
[62.102s][info][gc,cpu         ] GC(167) User=0.88s Sys=0.00s Real=0.03s
[62.102s][info][gc,marking     ] GC(168) Concurrent Scan Root Regions
[62.107s][info][gc,marking     ] GC(168) Concurrent Scan Root Regions 4.498ms
[62.107s][info][gc,marking     ] GC(168) Concurrent Mark
[62.107s][info][gc,marking     ] GC(168) Concurrent Mark From Roots
[62.107s][info][gc,task        ] GC(168) Using 8 workers of 8 for marking
[62.135s][info][gc,marking     ] GC(168) Concurrent Mark From Roots 28.242ms
[62.135s][info][gc,marking     ] GC(168) Concurrent Preclean
[62.135s][info][gc,marking     ] GC(168) Concurrent Preclean 0.125ms
[62.135s][info][gc,start       ] GC(168) Pause Remark
[62.138s][info][gc             ] GC(168) Pause Remark 636M->295M(1014M) 3.069ms
[62.138s][info][gc,cpu         ] GC(168) User=0.00s Sys=0.00s Real=0.00s
[62.138s][info][gc,marking     ] GC(168) Concurrent Mark 31.827ms
[62.138s][info][gc,marking     ] GC(168) Concurrent Rebuild Remembered Sets and Scrub Regions
[62.157s][info][gc,marking     ] GC(168) Concurrent Rebuild Remembered Sets and Scrub Regions 18.189ms
[62.157s][info][gc,start       ] GC(168) Pause Cleanup
[62.157s][info][gc             ] GC(168) Pause Cleanup 327M->327M(1014M) 0.338ms
[62.157s][info][gc,cpu         ] GC(168) User=0.02s Sys=0.00s Real=0.02s
[62.157s][info][gc,marking     ] GC(168) Concurrent Clear Claimed Marks
[62.157s][info][gc,marking     ] GC(168) Concurrent Clear Claimed Marks 0.084ms
[62.157s][info][gc,marking     ] GC(168) Concurrent Cleanup for Next Mark
[62.158s][info][gc,marking     ] GC(168) Concurrent Cleanup for Next Mark 0.701ms
[62.158s][info][gc             ] GC(168) Concurrent Mark Cycle 56.088ms
[62.748s][info][gc,start       ] GC(169) Pause Young (Prepare Mixed) (G1 Evacuation Pause)
[62.748s][info][gc,task        ] GC(169) Using 26 workers of 33 for evacuation
[62.802s][info][gc,phases      ] GC(169)   Pre Evacuate Collection Set: 0.3ms
[62.803s][info][gc,phases      ] GC(169)   Merge Heap Roots: 0.5ms
[62.803s][info][gc,phases      ] GC(169)   Evacuate Collection Set: 52.7ms
[62.803s][info][gc,phases      ] GC(169)   Post Evacuate Collection Set: 0.7ms
[62.803s][info][gc,phases      ] GC(169)   Other: 0.2ms
[62.803s][info][gc,heap        ] GC(169) Eden regions: 550->0(471)
[62.803s][info][gc,heap        ] GC(169) Survivor regions: 9->70(70)
[62.803s][info][gc,heap        ] GC(169) Old regions: 266->266
[62.803s][info][gc,heap        ] GC(169) Archive regions: 0->0
[62.803s][info][gc,heap        ] GC(169) Humongous regions: 160->104
[62.803s][info][gc,metaspace   ] GC(169) Metaspace: 66510K(67456K)->66510K(67456K) NonClass: 58116K(58624K)->58116K(58624K) Class: 8393K(8832K)->8393K(8832K)
[62.803s][info][gc             ] GC(169) Pause Young (Prepare Mixed) (G1 Evacuation Pause) 976M->431M(1055M) 54.742ms
[62.803s][info][gc,cpu         ] GC(169) User=1.19s Sys=0.05s Real=0.06s
[63.146s][info][gc,start       ] GC(170) Pause Young (Mixed) (G1 Evacuation Pause)
[63.146s][info][gc,task        ] GC(170) Using 25 workers of 33 for evacuation
[63.221s][info][gc,phases      ] GC(170)   Pre Evacuate Collection Set: 0.3ms
[63.221s][info][gc,phases      ] GC(170)   Merge Heap Roots: 0.7ms
[63.221s][info][gc,phases      ] GC(170)   Evacuate Collection Set: 72.3ms
[63.221s][info][gc,phases      ] GC(170)   Post Evacuate Collection Set: 0.7ms
[63.221s][info][gc,phases      ] GC(170)   Other: 0.2ms
[63.221s][info][gc,heap        ] GC(170) Eden regions: 424->0(499)
[63.221s][info][gc,heap        ] GC(170) Survivor regions: 70->61(68)
[63.221s][info][gc,heap        ] GC(170) Old regions: 266->326
[63.221s][info][gc,heap        ] GC(170) Archive regions: 0->0
[63.221s][info][gc,heap        ] GC(170) Humongous regions: 295->133
[63.221s][info][gc,metaspace   ] GC(170) Metaspace: 66530K(67456K)->66530K(67456K) NonClass: 58136K(58624K)->58136K(58624K) Class: 8393K(8832K)->8393K(8832K)
[63.221s][info][gc             ] GC(170) Pause Young (Mixed) (G1 Evacuation Pause) 1046M->511M(1184M) 74.566ms
[63.221s][info][gc,cpu         ] GC(170) User=1.53s Sys=0.03s Real=0.06s
[63.325s][info][gc,start       ] GC(171) Pause Young (Concurrent Start) (G1 Humongous Allocation)
[63.325s][info][gc,task        ] GC(171) Using 28 workers of 33 for evacuation
[63.353s][info][gc,phases      ] GC(171)   Pre Evacuate Collection Set: 0.5ms
[63.354s][info][gc,phases      ] GC(171)   Merge Heap Roots: 0.3ms
[63.354s][info][gc,phases      ] GC(171)   Evacuate Collection Set: 26.7ms
[63.354s][info][gc,phases      ] GC(171)   Post Evacuate Collection Set: 0.5ms
[63.354s][info][gc,phases      ] GC(171)   Other: 0.1ms
[63.354s][info][gc,heap        ] GC(171) Eden regions: 231->0(529)
[63.354s][info][gc,heap        ] GC(171) Survivor regions: 61->1(70)
[63.354s][info][gc,heap        ] GC(171) Old regions: 326->386
[63.354s][info][gc,heap        ] GC(171) Archive regions: 0->0
[63.354s][info][gc,heap        ] GC(171) Humongous regions: 133->133
[63.354s][info][gc,metaspace   ] GC(171) Metaspace: 66530K(67456K)->66530K(67456K) NonClass: 58136K(58624K)->58136K(58624K) Class: 8393K(8832K)->8393K(8832K)
[63.354s][info][gc             ] GC(171) Pause Young (Concurrent Start) (G1 Humongous Allocation) 742M->511M(1184M) 28.618ms
[63.354s][info][gc             ] GC(172) Concurrent Mark Cycle
[63.354s][info][gc,cpu         ] GC(171) User=0.88s Sys=0.00s Real=0.03s
[63.354s][info][gc,marking     ] GC(172) Concurrent Scan Root Regions
[63.359s][info][gc,marking     ] GC(172) Concurrent Scan Root Regions 4.837ms
[63.359s][info][gc,marking     ] GC(172) Concurrent Mark
[63.359s][info][gc,marking     ] GC(172) Concurrent Mark From Roots
[63.359s][info][gc,task        ] GC(172) Using 8 workers of 8 for marking
[63.388s][info][gc,marking     ] GC(172) Concurrent Mark From Roots 29.384ms
[63.388s][info][gc,marking     ] GC(172) Concurrent Preclean
[63.388s][info][gc,marking     ] GC(172) Concurrent Preclean 0.173ms
[63.389s][info][gc,start       ] GC(172) Pause Remark
[63.391s][info][gc             ] GC(172) Pause Remark 551M->330M(1134M) 2.915ms
[63.392s][info][gc,cpu         ] GC(172) User=0.00s Sys=0.00s Real=0.00s
[63.392s][info][gc,marking     ] GC(172) Concurrent Mark 32.833ms
[63.392s][info][gc,marking     ] GC(172) Concurrent Rebuild Remembered Sets and Scrub Regions
[63.407s][info][gc,marking     ] GC(172) Concurrent Rebuild Remembered Sets and Scrub Regions 15.137ms
[63.407s][info][gc,start       ] GC(172) Pause Cleanup
[63.407s][info][gc             ] GC(172) Pause Cleanup 351M->351M(1134M) 0.381ms
[63.407s][info][gc,cpu         ] GC(172) User=0.00s Sys=0.00s Real=0.00s
[63.407s][info][gc,marking     ] GC(172) Concurrent Clear Claimed Marks
[63.408s][info][gc,marking     ] GC(172) Concurrent Clear Claimed Marks 0.092ms
[63.408s][info][gc,marking     ] GC(172) Concurrent Cleanup for Next Mark
[63.409s][info][gc,marking     ] GC(172) Concurrent Cleanup for Next Mark 0.988ms
[63.409s][info][gc             ] GC(172) Concurrent Mark Cycle 54.751ms
[63.494s][info][gc,start       ] GC(173) Pause Full (System.gc())
[63.494s][info][gc,task        ] GC(173) Using 27 workers of 33 for full compaction
[63.496s][info][gc,phases,start] GC(173) Phase 1: Mark live objects
[63.524s][info][gc,phases      ] GC(173) Phase 1: Mark live objects 28.160ms
[63.524s][info][gc,phases,start] GC(173) Phase 2: Prepare compaction
[63.530s][info][gc,phases      ] GC(173) Phase 2: Prepare compaction 5.792ms
[63.530s][info][gc,phases,start] GC(173) Phase 3: Adjust pointers
[63.539s][info][gc,phases      ] GC(173) Phase 3: Adjust pointers 9.383ms
[63.539s][info][gc,phases,start] GC(173) Phase 4: Compact heap
[63.540s][info][gc,phases      ] GC(173) Phase 4: Compact heap 0.526ms
[63.548s][info][gc,heap        ] GC(173) Eden regions: 187->0(308)
[63.548s][info][gc,heap        ] GC(173) Survivor regions: 1->0(70)
[63.548s][info][gc,heap        ] GC(173) Old regions: 282->159
[63.548s][info][gc,heap        ] GC(173) Archive regions: 0->0
[63.548s][info][gc,heap        ] GC(173) Humongous regions: 19->10
[63.548s][info][gc,metaspace   ] GC(173) Metaspace: 66530K(67456K)->66530K(67456K) NonClass: 58136K(58624K)->58136K(58624K) Class: 8393K(8832K)->8393K(8832K)
[63.548s][info][gc             ] GC(173) Pause Full (System.gc()) 479M->148M(564M) 54.397ms
[63.548s][info][gc,cpu         ] GC(173) User=1.27s Sys=0.00s Real=0.05s
[63.597s][info][gc,start       ] GC(174) Pause Young (Concurrent Start) (G1 Humongous Allocation)
[63.597s][info][gc,task        ] GC(174) Using 20 workers of 33 for evacuation
[63.600s][info][gc,phases      ] GC(174)   Pre Evacuate Collection Set: 0.4ms
[63.600s][info][gc,phases      ] GC(174)   Merge Heap Roots: 0.1ms
[63.600s][info][gc,phases      ] GC(174)   Evacuate Collection Set: 1.2ms
[63.600s][info][gc,phases      ] GC(174)   Post Evacuate Collection Set: 0.6ms
[63.600s][info][gc,phases      ] GC(174)   Other: 0.1ms
[63.600s][info][gc,heap        ] GC(174) Eden regions: 18->0(321)
[63.600s][info][gc,heap        ] GC(174) Survivor regions: 0->3(39)
[63.600s][info][gc,heap        ] GC(174) Old regions: 159->159
[63.600s][info][gc,heap        ] GC(174) Archive regions: 0->0
[63.600s][info][gc,heap        ] GC(174) Humongous regions: 10->10
[63.600s][info][gc,metaspace   ] GC(174) Metaspace: 66536K(67456K)->66536K(67456K) NonClass: 58142K(58624K)->58142K(58624K) Class: 8393K(8832K)->8393K(8832K)
[63.600s][info][gc             ] GC(174) Pause Young (Concurrent Start) (G1 Humongous Allocation) 165M->151M(564M) 3.004ms
[63.600s][info][gc             ] GC(175) Concurrent Mark Cycle
[63.600s][info][gc,cpu         ] GC(174) User=0.00s Sys=0.00s Real=0.00s
[63.600s][info][gc,marking     ] GC(175) Concurrent Scan Root Regions
[63.601s][info][gc,marking     ] GC(175) Concurrent Scan Root Regions 0.839ms
[63.601s][info][gc,marking     ] GC(175) Concurrent Mark
[63.601s][info][gc,marking     ] GC(175) Concurrent Mark From Roots
[63.601s][info][gc,task        ] GC(175) Using 8 workers of 8 for marking
[63.642s][info][gc,marking     ] GC(175) Concurrent Mark From Roots 41.040ms
[63.642s][info][gc,marking     ] GC(175) Concurrent Preclean
[63.642s][info][gc,marking     ] GC(175) Concurrent Preclean 0.103ms
[63.657s][info][gc,start       ] GC(175) Pause Remark
[63.659s][info][gc             ] GC(175) Pause Remark 176M->176M(564M) 2.125ms
[63.660s][info][gc,cpu         ] GC(175) User=0.00s Sys=0.00s Real=0.00s
[63.660s][info][gc,marking     ] GC(175) Concurrent Mark 58.465ms
[63.660s][info][gc,marking     ] GC(175) Concurrent Rebuild Remembered Sets and Scrub Regions
[63.677s][info][gc,marking     ] GC(175) Concurrent Rebuild Remembered Sets and Scrub Regions 16.916ms
[63.688s][info][gc,start       ] GC(175) Pause Cleanup
[63.689s][info][gc             ] GC(175) Pause Cleanup 200M->200M(564M) 0.266ms
[63.689s][info][gc,cpu         ] GC(175) User=0.00s Sys=0.00s Real=0.00s
[63.689s][info][gc,marking     ] GC(175) Concurrent Clear Claimed Marks
[63.689s][info][gc,marking     ] GC(175) Concurrent Clear Claimed Marks 0.113ms
[63.689s][info][gc,marking     ] GC(175) Concurrent Cleanup for Next Mark
[63.689s][info][gc,marking     ] GC(175) Concurrent Cleanup for Next Mark 0.411ms
[63.689s][info][gc             ] GC(175) Concurrent Mark Cycle 89.276ms
[63.819s][info][gc,start       ] GC(176) Pause Young (Prepare Mixed) (G1 Evacuation Pause)
[63.819s][info][gc,task        ] GC(176) Using 16 workers of 33 for evacuation
[63.851s][info][gc,phases      ] GC(176)   Pre Evacuate Collection Set: 0.2ms
[63.851s][info][gc,phases      ] GC(176)   Merge Heap Roots: 0.3ms
[63.851s][info][gc,phases      ] GC(176)   Evacuate Collection Set: 31.2ms
[63.852s][info][gc,phases      ] GC(176)   Post Evacuate Collection Set: 0.5ms
[63.852s][info][gc,phases      ] GC(176)   Other: 0.2ms
[63.852s][info][gc,heap        ] GC(176) Eden regions: 321->0(231)
[63.852s][info][gc,heap        ] GC(176) Survivor regions: 3->41(41)
[63.852s][info][gc,heap        ] GC(176) Old regions: 159->202
[63.852s][info][gc,heap        ] GC(176) Archive regions: 0->0
[63.852s][info][gc,heap        ] GC(176) Humongous regions: 43->38
[63.852s][info][gc,metaspace   ] GC(176) Metaspace: 66543K(67456K)->66543K(67456K) NonClass: 58149K(58624K)->58149K(58624K) Class: 8393K(8832K)->8393K(8832K)
[63.852s][info][gc             ] GC(176) Pause Young (Prepare Mixed) (G1 Evacuation Pause) 505M->260M(610M) 32.672ms
[63.852s][info][gc,cpu         ] GC(176) User=0.50s Sys=0.00s Real=0.03s
[63.983s][info][gc,start       ] GC(177) Pause Young (Mixed) (G1 Evacuation Pause)
[63.983s][info][gc,task        ] GC(177) Using 15 workers of 33 for evacuation
[64.022s][info][gc,phases      ] GC(177)   Pre Evacuate Collection Set: 0.3ms
[64.022s][info][gc,phases      ] GC(177)   Merge Heap Roots: 0.4ms
[64.022s][info][gc,phases      ] GC(177)   Evacuate Collection Set: 35.2ms
[64.022s][info][gc,phases      ] GC(177)   Post Evacuate Collection Set: 2.7ms
[64.022s][info][gc,phases      ] GC(177)   Other: 0.2ms
[64.022s][info][gc,heap        ] GC(177) Eden regions: 231->0(488)
[64.022s][info][gc,heap        ] GC(177) Survivor regions: 41->29(34)
[64.022s][info][gc,heap        ] GC(177) Old regions: 202->243
[64.022s][info][gc,heap        ] GC(177) Archive regions: 0->0
[64.022s][info][gc,heap        ] GC(177) Humongous regions: 58->58
[64.022s][info][gc,metaspace   ] GC(177) Metaspace: 66543K(67456K)->66543K(67456K) NonClass: 58149K(58624K)->58149K(58624K) Class: 8393K(8832K)->8393K(8832K)
[64.022s][info][gc             ] GC(177) Pause Young (Mixed) (G1 Evacuation Pause) 511M->313M(984M) 39.016ms
[64.022s][info][gc,cpu         ] GC(177) User=0.48s Sys=0.00s Real=0.05s
[64.121s][info][gc,start       ] GC(178) Pause Young (Concurrent Start) (G1 Humongous Allocation)
[64.121s][info][gc,task        ] GC(178) Using 23 workers of 33 for evacuation
[64.143s][info][gc,phases      ] GC(178)   Pre Evacuate Collection Set: 0.4ms
[64.143s][info][gc,phases      ] GC(178)   Merge Heap Roots: 0.2ms
[64.144s][info][gc,phases      ] GC(178)   Evacuate Collection Set: 21.3ms
[64.144s][info][gc,phases      ] GC(178)   Post Evacuate Collection Set: 0.5ms
[64.144s][info][gc,phases      ] GC(178)   Other: 0.1ms
[64.144s][info][gc,heap        ] GC(178) Eden regions: 163->0(487)
[64.144s][info][gc,heap        ] GC(178) Survivor regions: 29->43(65)
[64.144s][info][gc,heap        ] GC(178) Old regions: 243->243
[64.144s][info][gc,heap        ] GC(178) Archive regions: 0->0
[64.144s][info][gc,heap        ] GC(178) Humongous regions: 58->58
[64.144s][info][gc,metaspace   ] GC(178) Metaspace: 66543K(67456K)->66543K(67456K) NonClass: 58149K(58624K)->58149K(58624K) Class: 8393K(8832K)->8393K(8832K)
[64.144s][info][gc             ] GC(178) Pause Young (Concurrent Start) (G1 Humongous Allocation) 475M->326M(984M) 22.705ms
[64.144s][info][gc             ] GC(179) Concurrent Mark Cycle
[64.144s][info][gc,cpu         ] GC(178) User=0.69s Sys=0.03s Real=0.03s
[64.144s][info][gc,marking     ] GC(179) Concurrent Scan Root Regions
[64.149s][info][gc,marking     ] GC(179) Concurrent Scan Root Regions 5.003ms
[64.149s][info][gc,marking     ] GC(179) Concurrent Mark
[64.149s][info][gc,marking     ] GC(179) Concurrent Mark From Roots
[64.149s][info][gc,task        ] GC(179) Using 8 workers of 8 for marking
[64.202s][info][gc,marking     ] GC(179) Concurrent Mark From Roots 53.283ms
[64.202s][info][gc,marking     ] GC(179) Concurrent Preclean
[64.202s][info][gc,marking     ] GC(179) Concurrent Preclean 0.123ms
[64.202s][info][gc,start       ] GC(179) Pause Remark
[64.205s][info][gc             ] GC(179) Pause Remark 412M->388M(984M) 2.236ms
[64.205s][info][gc,cpu         ] GC(179) User=0.00s Sys=0.00s Real=0.00s
[64.205s][info][gc,marking     ] GC(179) Concurrent Mark 55.983ms
[64.205s][info][gc,marking     ] GC(179) Concurrent Rebuild Remembered Sets and Scrub Regions
[64.249s][info][gc,marking     ] GC(179) Concurrent Rebuild Remembered Sets and Scrub Regions 44.598ms
[64.250s][info][gc,start       ] GC(179) Pause Cleanup
[64.250s][info][gc             ] GC(179) Pause Cleanup 459M->459M(984M) 0.342ms
[64.250s][info][gc,cpu         ] GC(179) User=0.00s Sys=0.00s Real=0.00s
[64.250s][info][gc,marking     ] GC(179) Concurrent Clear Claimed Marks
[64.250s][info][gc,marking     ] GC(179) Concurrent Clear Claimed Marks 0.142ms
[64.250s][info][gc,marking     ] GC(179) Concurrent Cleanup for Next Mark
[64.252s][info][gc,marking     ] GC(179) Concurrent Cleanup for Next Mark 1.710ms
[64.252s][info][gc             ] GC(179) Concurrent Mark Cycle 108.363ms
[64.435s][info][gc,start       ] GC(180) Pause Young (Prepare Mixed) (G1 Evacuation Pause)
[64.435s][info][gc,task        ] GC(180) Using 23 workers of 33 for evacuation
[64.470s][info][gc,phases      ] GC(180)   Pre Evacuate Collection Set: 0.2ms
[64.470s][info][gc,phases      ] GC(180)   Merge Heap Roots: 0.8ms
[64.470s][info][gc,phases      ] GC(180)   Evacuate Collection Set: 33.4ms
[64.470s][info][gc,phases      ] GC(180)   Post Evacuate Collection Set: 0.6ms
[64.470s][info][gc,phases      ] GC(180)   Other: 0.2ms
[64.470s][info][gc,heap        ] GC(180) Eden regions: 487->0(475)
[64.470s][info][gc,heap        ] GC(180) Survivor regions: 43->55(67)
[64.470s][info][gc,heap        ] GC(180) Old regions: 243->265
[64.470s][info][gc,heap        ] GC(180) Archive regions: 0->0
[64.470s][info][gc,heap        ] GC(180) Humongous regions: 54->54
[64.470s][info][gc,metaspace   ] GC(180) Metaspace: 66543K(67456K)->66543K(67456K) NonClass: 58149K(58624K)->58149K(58624K) Class: 8393K(8832K)->8393K(8832K)
[64.470s][info][gc             ] GC(180) Pause Young (Prepare Mixed) (G1 Evacuation Pause) 809M->356M(984M) 35.580ms
[64.471s][info][gc,cpu         ] GC(180) User=0.95s Sys=0.05s Real=0.05s
[65.148s][info][gc,start       ] GC(181) Pause Young (Mixed) (G1 Evacuation Pause)
[65.148s][info][gc,task        ] GC(181) Using 23 workers of 33 for evacuation
[65.194s][info][gc,phases      ] GC(181)   Pre Evacuate Collection Set: 0.2ms
[65.194s][info][gc,phases      ] GC(181)   Merge Heap Roots: 0.3ms
[65.194s][info][gc,phases      ] GC(181)   Evacuate Collection Set: 44.7ms
[65.194s][info][gc,phases      ] GC(181)   Post Evacuate Collection Set: 0.7ms
[65.194s][info][gc,phases      ] GC(181)   Other: 0.1ms
[65.194s][info][gc,heap        ] GC(181) Eden regions: 475->0(453)
[65.194s][info][gc,heap        ] GC(181) Survivor regions: 55->34(67)
[65.194s][info][gc,heap        ] GC(181) Old regions: 265->307
[65.194s][info][gc,heap        ] GC(181) Archive regions: 0->0
[65.194s][info][gc,heap        ] GC(181) Humongous regions: 74->74
[65.194s][info][gc,metaspace   ] GC(181) Metaspace: 66544K(67456K)->66544K(67456K) NonClass: 58150K(58624K)->58150K(58624K) Class: 8393K(8832K)->8393K(8832K)
[65.194s][info][gc             ] GC(181) Pause Young (Mixed) (G1 Evacuation Pause) 851M->402M(984M) 46.255ms
[65.195s][info][gc,cpu         ] GC(181) User=1.08s Sys=0.00s Real=0.05s
[65.320s][info][gc,start       ] GC(182) Pause Young (Concurrent Start) (G1 Humongous Allocation)
[65.320s][info][gc,task        ] GC(182) Using 23 workers of 33 for evacuation
[65.342s][info][gc,phases      ] GC(182)   Pre Evacuate Collection Set: 0.4ms
[65.343s][info][gc,phases      ] GC(182)   Merge Heap Roots: 0.2ms
[65.343s][info][gc,phases      ] GC(182)   Evacuate Collection Set: 21.0ms
[65.343s][info][gc,phases      ] GC(182)   Post Evacuate Collection Set: 0.6ms
[65.343s][info][gc,phases      ] GC(182)   Other: 0.1ms
[65.343s][info][gc,heap        ] GC(182) Eden regions: 37->0(475)
[65.343s][info][gc,heap        ] GC(182) Survivor regions: 34->33(61)
[65.343s][info][gc,heap        ] GC(182) Old regions: 307->307
[65.343s][info][gc,heap        ] GC(182) Archive regions: 0->0
[65.343s][info][gc,heap        ] GC(182) Humongous regions: 74->74
[65.343s][info][gc,metaspace   ] GC(182) Metaspace: 66544K(67456K)->66544K(67456K) NonClass: 58151K(58624K)->58151K(58624K) Class: 8393K(8832K)->8393K(8832K)
[65.343s][info][gc             ] GC(182) Pause Young (Concurrent Start) (G1 Humongous Allocation) 438M->401M(984M) 22.771ms
[65.343s][info][gc             ] GC(183) Concurrent Mark Cycle
[65.343s][info][gc,cpu         ] GC(182) User=0.72s Sys=0.00s Real=0.03s
[65.343s][info][gc,marking     ] GC(183) Concurrent Scan Root Regions
[65.347s][info][gc,marking     ] GC(183) Concurrent Scan Root Regions 3.795ms
[65.347s][info][gc,marking     ] GC(183) Concurrent Mark
[65.347s][info][gc,marking     ] GC(183) Concurrent Mark From Roots
[65.347s][info][gc,task        ] GC(183) Using 8 workers of 8 for marking
[65.376s][info][gc,marking     ] GC(183) Concurrent Mark From Roots 28.850ms
[65.376s][info][gc,marking     ] GC(183) Concurrent Preclean
[65.376s][info][gc,marking     ] GC(183) Concurrent Preclean 0.092ms
[65.376s][info][gc,start       ] GC(183) Pause Remark
[65.378s][info][gc             ] GC(183) Pause Remark 414M->219M(774M) 2.320ms
[65.378s][info][gc,cpu         ] GC(183) User=0.00s Sys=0.00s Real=0.00s
[65.378s][info][gc,marking     ] GC(183) Concurrent Mark 31.633ms
[65.378s][info][gc,marking     ] GC(183) Concurrent Rebuild Remembered Sets and Scrub Regions
[65.391s][info][gc,marking     ] GC(183) Concurrent Rebuild Remembered Sets and Scrub Regions 12.611ms
[65.391s][info][gc,start       ] GC(183) Pause Cleanup
[65.391s][info][gc             ] GC(183) Pause Cleanup 242M->242M(774M) 0.271ms
[65.392s][info][gc,cpu         ] GC(183) User=0.00s Sys=0.00s Real=0.00s
[65.392s][info][gc,marking     ] GC(183) Concurrent Clear Claimed Marks
[65.392s][info][gc,marking     ] GC(183) Concurrent Clear Claimed Marks 0.081ms
[65.392s][info][gc,marking     ] GC(183) Concurrent Cleanup for Next Mark
[65.392s][info][gc,marking     ] GC(183) Concurrent Cleanup for Next Mark 0.500ms
[65.392s][info][gc             ] GC(183) Concurrent Mark Cycle 49.346ms
[65.747s][info][gc,start       ] GC(184) Pause Young (Prepare Mixed) (G1 Evacuation Pause)
[65.748s][info][gc,task        ] GC(184) Using 20 workers of 33 for evacuation
[65.793s][info][gc,phases      ] GC(184)   Pre Evacuate Collection Set: 0.2ms
[65.793s][info][gc,phases      ] GC(184)   Merge Heap Roots: 0.5ms
[65.793s][info][gc,phases      ] GC(184)   Evacuate Collection Set: 43.8ms
[65.793s][info][gc,phases      ] GC(184)   Post Evacuate Collection Set: 0.6ms
[65.793s][info][gc,phases      ] GC(184)   Other: 0.1ms
[65.793s][info][gc,heap        ] GC(184) Eden regions: 431->0(335)
[65.793s][info][gc,heap        ] GC(184) Survivor regions: 33->58(58)
[65.793s][info][gc,heap        ] GC(184) Old regions: 176->227
[65.793s][info][gc,heap        ] GC(184) Archive regions: 0->0
[65.793s][info][gc,heap        ] GC(184) Humongous regions: 63->58
[65.793s][info][gc,metaspace   ] GC(184) Metaspace: 66565K(67520K)->66565K(67520K) NonClass: 58171K(58688K)->58171K(58688K) Class: 8394K(8832K)->8394K(8832K)
[65.793s][info][gc             ] GC(184) Pause Young (Prepare Mixed) (G1 Evacuation Pause) 690M->330M(812M) 45.510ms
[65.793s][info][gc,cpu         ] GC(184) User=0.94s Sys=0.00s Real=0.05s
[65.958s][info][gc,start       ] GC(185) Pause Young (Mixed) (G1 Evacuation Pause)
[65.958s][info][gc,task        ] GC(185) Using 19 workers of 33 for evacuation
[65.997s][info][gc,phases      ] GC(185)   Pre Evacuate Collection Set: 0.2ms
[66.026s][info][gc,phases      ] GC(185)   Merge Heap Roots: 0.4ms
[66.027s][info][gc,phases      ] GC(185)   Evacuate Collection Set: 38.1ms
[66.027s][info][gc,phases      ] GC(185)   Post Evacuate Collection Set: 0.4ms
[66.027s][info][gc,phases      ] GC(185)   Other: 0.2ms
[66.028s][info][gc,heap        ] GC(185) Eden regions: 335->0(290)
[66.028s][info][gc,heap        ] GC(185) Survivor regions: 58->42(50)
[66.028s][info][gc,heap        ] GC(185) Old regions: 227->284
[66.028s][info][gc,heap        ] GC(185) Archive regions: 0->0
[66.028s][info][gc,heap        ] GC(185) Humongous regions: 82->82
[66.028s][info][gc,metaspace   ] GC(185) Metaspace: 66565K(67520K)->66565K(67520K) NonClass: 58171K(58688K)->58171K(58688K) Class: 8394K(8832K)->8394K(8832K)
[66.028s][info][gc             ] GC(185) Pause Young (Mixed) (G1 Evacuation Pause) 689M->395M(812M) 69.846ms
[66.028s][info][gc,cpu         ] GC(185) User=0.89s Sys=0.00s Real=0.08s
[66.107s][info][gc,start       ] GC(186) Pause Young (Concurrent Start) (G1 Humongous Allocation)
[66.107s][info][gc,task        ] GC(186) Using 19 workers of 33 for evacuation
[66.134s][info][gc,phases      ] GC(186)   Pre Evacuate Collection Set: 0.4ms
[66.134s][info][gc,phases      ] GC(186)   Merge Heap Roots: 0.2ms
[66.134s][info][gc,phases      ] GC(186)   Evacuate Collection Set: 24.1ms
[66.134s][info][gc,phases      ] GC(186)   Post Evacuate Collection Set: 2.2ms
[66.134s][info][gc,phases      ] GC(186)   Other: 0.1ms
[66.134s][info][gc,heap        ] GC(186) Eden regions: 148->0(483)
[66.134s][info][gc,heap        ] GC(186) Survivor regions: 42->18(42)
[66.134s][info][gc,heap        ] GC(186) Old regions: 284->324
[66.134s][info][gc,heap        ] GC(186) Archive regions: 0->0
[66.134s][info][gc,heap        ] GC(186) Humongous regions: 82->82
[66.134s][info][gc,metaspace   ] GC(186) Metaspace: 66565K(67520K)->66565K(67520K) NonClass: 58171K(58688K)->58171K(58688K) Class: 8394K(8832K)->8394K(8832K)
[66.134s][info][gc             ] GC(186) Pause Young (Concurrent Start) (G1 Humongous Allocation) 543M->411M(1060M) 27.311ms
[66.134s][info][gc             ] GC(187) Concurrent Mark Cycle
[66.134s][info][gc,cpu         ] GC(186) User=0.59s Sys=0.00s Real=0.03s
[66.134s][info][gc,marking     ] GC(187) Concurrent Scan Root Regions
[66.140s][info][gc,marking     ] GC(187) Concurrent Scan Root Regions 5.666ms
[66.140s][info][gc,marking     ] GC(187) Concurrent Mark
[66.140s][info][gc,marking     ] GC(187) Concurrent Mark From Roots
[66.140s][info][gc,task        ] GC(187) Using 8 workers of 8 for marking
[66.193s][info][gc,marking     ] GC(187) Concurrent Mark From Roots 52.886ms
[66.193s][info][gc,marking     ] GC(187) Concurrent Preclean
[66.193s][info][gc,marking     ] GC(187) Concurrent Preclean 0.138ms
[66.193s][info][gc,start       ] GC(187) Pause Remark
[66.195s][info][gc             ] GC(187) Pause Remark 499M->451M(1060M) 2.098ms
[66.196s][info][gc,cpu         ] GC(187) User=0.00s Sys=0.00s Real=0.00s
[66.196s][info][gc,marking     ] GC(187) Concurrent Mark 55.450ms
[66.196s][info][gc,marking     ] GC(187) Concurrent Rebuild Remembered Sets and Scrub Regions
[66.234s][info][gc,marking     ] GC(187) Concurrent Rebuild Remembered Sets and Scrub Regions 38.804ms
[66.235s][info][gc,start       ] GC(187) Pause Cleanup
[66.235s][info][gc             ] GC(187) Pause Cleanup 514M->514M(1060M) 0.398ms
[66.235s][info][gc,cpu         ] GC(187) User=0.00s Sys=0.00s Real=0.00s
[66.235s][info][gc,marking     ] GC(187) Concurrent Clear Claimed Marks
[66.235s][info][gc,marking     ] GC(187) Concurrent Clear Claimed Marks 0.079ms
[66.235s][info][gc,marking     ] GC(187) Concurrent Cleanup for Next Mark
[66.237s][info][gc,marking     ] GC(187) Concurrent Cleanup for Next Mark 1.347ms
[66.237s][info][gc             ] GC(187) Concurrent Mark Cycle 102.212ms
[66.432s][info][gc,start       ] GC(188) Pause Young (Prepare Mixed) (G1 Evacuation Pause)
[66.432s][info][gc,task        ] GC(188) Using 25 workers of 33 for evacuation
[66.460s][info][gc,phases      ] GC(188)   Pre Evacuate Collection Set: 0.2ms
[66.460s][info][gc,phases      ] GC(188)   Merge Heap Roots: 0.8ms
[66.460s][info][gc,phases      ] GC(188)   Evacuate Collection Set: 25.1ms
[66.460s][info][gc,phases      ] GC(188)   Post Evacuate Collection Set: 0.8ms
[66.460s][info][gc,phases      ] GC(188)   Other: 0.2ms
[66.460s][info][gc,heap        ] GC(188) Eden regions: 483->0(491)
[66.460s][info][gc,heap        ] GC(188) Survivor regions: 18->52(63)
[66.460s][info][gc,heap        ] GC(188) Old regions: 324->324
[66.460s][info][gc,heap        ] GC(188) Archive regions: 0->0
[66.460s][info][gc,heap        ] GC(188) Humongous regions: 54->54
[66.460s][info][gc,metaspace   ] GC(188) Metaspace: 66565K(67520K)->66565K(67520K) NonClass: 58171K(58688K)->58171K(58688K) Class: 8394K(8832K)->8394K(8832K)
[66.460s][info][gc             ] GC(188) Pause Young (Prepare Mixed) (G1 Evacuation Pause) 866M->417M(1060M) 27.547ms
[66.460s][info][gc,cpu         ] GC(188) User=0.78s Sys=0.00s Real=0.03s
[67.393s][info][gc,start       ] GC(189) Pause Young (Mixed) (G1 Evacuation Pause)
[67.394s][info][gc,task        ] GC(189) Using 25 workers of 33 for evacuation
[67.449s][info][gc,phases      ] GC(189)   Pre Evacuate Collection Set: 0.3ms
[67.449s][info][gc,phases      ] GC(189)   Merge Heap Roots: 0.6ms
[67.449s][info][gc,phases      ] GC(189)   Evacuate Collection Set: 53.7ms
[67.449s][info][gc,phases      ] GC(189)   Post Evacuate Collection Set: 0.8ms
[67.449s][info][gc,phases      ] GC(189)   Other: 0.2ms
[67.449s][info][gc,heap        ] GC(189) Eden regions: 491->0(435)
[67.449s][info][gc,heap        ] GC(189) Survivor regions: 52->56(68)
[67.449s][info][gc,heap        ] GC(189) Old regions: 324->350
[67.449s][info][gc,heap        ] GC(189) Archive regions: 0->0
[67.449s][info][gc,heap        ] GC(189) Humongous regions: 103->98
[67.449s][info][gc,metaspace   ] GC(189) Metaspace: 66582K(67584K)->66582K(67584K) NonClass: 58186K(58688K)->58186K(58688K) Class: 8395K(8896K)->8395K(8896K)
[67.449s][info][gc             ] GC(189) Pause Young (Mixed) (G1 Evacuation Pause) 957M->491M(1071M) 55.887ms
[67.449s][info][gc,cpu         ] GC(189) User=1.17s Sys=0.00s Real=0.05s
[67.506s][info][gc,start       ] GC(190) Pause Young (Concurrent Start) (G1 Humongous Allocation)
[67.506s][info][gc,task        ] GC(190) Using 25 workers of 33 for evacuation
[67.533s][info][gc,phases      ] GC(190)   Pre Evacuate Collection Set: 0.4ms
[67.533s][info][gc,phases      ] GC(190)   Merge Heap Roots: 0.4ms
[67.533s][info][gc,phases      ] GC(190)   Evacuate Collection Set: 25.6ms
[67.533s][info][gc,phases      ] GC(190)   Post Evacuate Collection Set: 0.5ms
[67.533s][info][gc,phases      ] GC(190)   Other: 0.1ms
[67.533s][info][gc,heap        ] GC(190) Eden regions: 75->0(392)
[67.533s][info][gc,heap        ] GC(190) Survivor regions: 56->9(62)
[67.533s][info][gc,heap        ] GC(190) Old regions: 350->402
[67.533s][info][gc,heap        ] GC(190) Archive regions: 0->0
[67.533s][info][gc,heap        ] GC(190) Humongous regions: 98->98
[67.533s][info][gc,metaspace   ] GC(190) Metaspace: 66596K(67584K)->66596K(67584K) NonClass: 58200K(58688K)->58200K(58688K) Class: 8395K(8896K)->8395K(8896K)
[67.533s][info][gc             ] GC(190) Pause Young (Concurrent Start) (G1 Humongous Allocation) 566M->496M(1071M) 27.353ms
[67.533s][info][gc             ] GC(191) Concurrent Mark Cycle
[67.533s][info][gc,cpu         ] GC(190) User=0.39s Sys=0.00s Real=0.02s
[67.533s][info][gc,marking     ] GC(191) Concurrent Scan Root Regions
[67.538s][info][gc,marking     ] GC(191) Concurrent Scan Root Regions 4.283ms
[67.538s][info][gc,marking     ] GC(191) Concurrent Mark
[67.538s][info][gc,marking     ] GC(191) Concurrent Mark From Roots
[67.538s][info][gc,task        ] GC(191) Using 8 workers of 8 for marking
[67.567s][info][gc,marking     ] GC(191) Concurrent Mark From Roots 29.748ms
[67.568s][info][gc,marking     ] GC(191) Concurrent Preclean
[67.568s][info][gc,marking     ] GC(191) Concurrent Preclean 0.100ms
[67.568s][info][gc,start       ] GC(191) Pause Remark
[67.570s][info][gc             ] GC(191) Pause Remark 540M->294M(1024M) 2.553ms
[67.570s][info][gc,cpu         ] GC(191) User=0.00s Sys=0.00s Real=0.00s
[67.570s][info][gc,marking     ] GC(191) Concurrent Mark 32.728ms
[67.570s][info][gc,marking     ] GC(191) Concurrent Rebuild Remembered Sets and Scrub Regions
[67.587s][info][gc,marking     ] GC(191) Concurrent Rebuild Remembered Sets and Scrub Regions 16.743ms
[67.587s][info][gc,start       ] GC(191) Pause Cleanup
[67.588s][info][gc             ] GC(191) Pause Cleanup 317M->317M(1024M) 0.333ms
[67.588s][info][gc,cpu         ] GC(191) User=0.00s Sys=0.00s Real=0.00s
[67.588s][info][gc,marking     ] GC(191) Concurrent Clear Claimed Marks
[67.588s][info][gc,marking     ] GC(191) Concurrent Clear Claimed Marks 0.085ms
[67.588s][info][gc,marking     ] GC(191) Concurrent Cleanup for Next Mark
[67.589s][info][gc,marking     ] GC(191) Concurrent Cleanup for Next Mark 0.741ms
[67.589s][info][gc             ] GC(191) Concurrent Mark Cycle 55.363ms
[67.938s][info][gc,start       ] GC(192) Pause Young (Prepare Mixed) (G1 Evacuation Pause)
[67.939s][info][gc,task        ] GC(192) Using 24 workers of 33 for evacuation
[67.976s][info][gc,phases      ] GC(192)   Pre Evacuate Collection Set: 0.2ms
[67.976s][info][gc,phases      ] GC(192)   Merge Heap Roots: 0.6ms
[67.976s][info][gc,phases      ] GC(192)   Evacuate Collection Set: 35.8ms
[67.976s][info][gc,phases      ] GC(192)   Post Evacuate Collection Set: 0.7ms
[67.976s][info][gc,phases      ] GC(192)   Other: 0.1ms
[67.976s][info][gc,heap        ] GC(192) Eden regions: 392->0(460)
[67.976s][info][gc,heap        ] GC(192) Survivor regions: 9->51(51)
[67.976s][info][gc,heap        ] GC(192) Old regions: 244->258
[67.976s][info][gc,heap        ] GC(192) Archive regions: 0->0
[67.976s][info][gc,heap        ] GC(192) Humongous regions: 68->58
[67.976s][info][gc,metaspace   ] GC(192) Metaspace: 66651K(67648K)->66651K(67648K) NonClass: 58254K(58752K)->58254K(58752K) Class: 8397K(8896K)->8397K(8896K)
[67.976s][info][gc             ] GC(192) Pause Young (Prepare Mixed) (G1 Evacuation Pause) 700M->354M(1024M) 37.685ms
[67.976s][info][gc,cpu         ] GC(192) User=1.13s Sys=0.00s Real=0.05s
[68.446s][info][gc,start       ] GC(193) Pause Young (Mixed) (G1 Evacuation Pause)
[68.446s][info][gc,task        ] GC(193) Using 24 workers of 33 for evacuation
[68.480s][info][gc,phases      ] GC(193)   Pre Evacuate Collection Set: 0.3ms
[68.480s][info][gc,phases      ] GC(193)   Merge Heap Roots: 0.4ms
[68.480s][info][gc,phases      ] GC(193)   Evacuate Collection Set: 32.1ms
[68.480s][info][gc,phases      ] GC(193)   Post Evacuate Collection Set: 0.7ms
[68.480s][info][gc,phases      ] GC(193)   Other: 0.2ms
[68.480s][info][gc,heap        ] GC(193) Eden regions: 460->0(437)
[68.480s][info][gc,heap        ] GC(193) Survivor regions: 51->46(64)
[68.480s][info][gc,heap        ] GC(193) Old regions: 258->304
[68.480s][info][gc,heap        ] GC(193) Archive regions: 0->0
[68.480s][info][gc,heap        ] GC(193) Humongous regions: 73->68
[68.480s][info][gc,metaspace   ] GC(193) Metaspace: 66669K(67648K)->66669K(67648K) NonClass: 58271K(58752K)->58271K(58752K) Class: 8397K(8896K)->8397K(8896K)
[68.480s][info][gc             ] GC(193) Pause Young (Mixed) (G1 Evacuation Pause) 829M->405M(1024M) 34.029ms
[68.480s][info][gc,cpu         ] GC(193) User=0.75s Sys=0.00s Real=0.03s
[68.486s][info][gc,start       ] GC(194) Pause Young (Concurrent Start) (G1 Humongous Allocation)
[68.486s][info][gc,task        ] GC(194) Using 24 workers of 33 for evacuation
[68.495s][info][gc,phases      ] GC(194)   Pre Evacuate Collection Set: 0.3ms
[68.495s][info][gc,phases      ] GC(194)   Merge Heap Roots: 0.1ms
[68.495s][info][gc,phases      ] GC(194)   Evacuate Collection Set: 8.9ms
[68.495s][info][gc,phases      ] GC(194)   Post Evacuate Collection Set: 0.3ms
[68.495s][info][gc,phases      ] GC(194)   Other: 0.1ms
[68.495s][info][gc,heap        ] GC(194) Eden regions: 14->0(429)
[68.495s][info][gc,heap        ] GC(194) Survivor regions: 46->9(61)
[68.495s][info][gc,heap        ] GC(194) Old regions: 304->348
[68.495s][info][gc,heap        ] GC(194) Archive regions: 0->0
[68.495s][info][gc,heap        ] GC(194) Humongous regions: 68->68
[68.495s][info][gc,metaspace   ] GC(194) Metaspace: 66669K(67648K)->66669K(67648K) NonClass: 58271K(58752K)->58271K(58752K) Class: 8397K(8896K)->8397K(8896K)
[68.495s][info][gc             ] GC(194) Pause Young (Concurrent Start) (G1 Humongous Allocation) 419M->412M(1024M) 9.929ms
[68.495s][info][gc             ] GC(195) Concurrent Mark Cycle
[68.495s][info][gc,cpu         ] GC(194) User=0.00s Sys=0.00s Real=0.00s
[68.496s][info][gc,marking     ] GC(195) Concurrent Scan Root Regions
[68.499s][info][gc,marking     ] GC(195) Concurrent Scan Root Regions 3.482ms
[68.499s][info][gc,marking     ] GC(195) Concurrent Mark
[68.499s][info][gc,marking     ] GC(195) Concurrent Mark From Roots
[68.499s][info][gc,task        ] GC(195) Using 8 workers of 8 for marking
[68.526s][info][gc,marking     ] GC(195) Concurrent Mark From Roots 27.398ms
[68.526s][info][gc,marking     ] GC(195) Concurrent Preclean
[68.527s][info][gc,marking     ] GC(195) Concurrent Preclean 0.162ms
[68.527s][info][gc,start       ] GC(195) Pause Remark
[68.529s][info][gc             ] GC(195) Pause Remark 474M->344M(1024M) 2.400ms
[68.529s][info][gc,cpu         ] GC(195) User=0.38s Sys=0.00s Real=0.01s
[68.529s][info][gc,marking     ] GC(195) Concurrent Mark 30.300ms
[68.529s][info][gc,marking     ] GC(195) Concurrent Rebuild Remembered Sets and Scrub Regions
[68.549s][info][gc,marking     ] GC(195) Concurrent Rebuild Remembered Sets and Scrub Regions 19.707ms
[68.549s][info][gc,start       ] GC(195) Pause Cleanup
[68.550s][info][gc             ] GC(195) Pause Cleanup 373M->373M(1024M) 0.337ms
[68.550s][info][gc,cpu         ] GC(195) User=0.00s Sys=0.00s Real=0.00s
[68.550s][info][gc,marking     ] GC(195) Concurrent Clear Claimed Marks
[68.550s][info][gc,marking     ] GC(195) Concurrent Clear Claimed Marks 0.078ms
[68.550s][info][gc,marking     ] GC(195) Concurrent Cleanup for Next Mark
[68.550s][info][gc,marking     ] GC(195) Concurrent Cleanup for Next Mark 0.693ms
[68.550s][info][gc             ] GC(195) Concurrent Mark Cycle 55.026ms
[69.181s][info][gc,start       ] GC(196) Pause Young (Prepare Mixed) (G1 Evacuation Pause)
[69.181s][info][gc,task        ] GC(196) Using 24 workers of 33 for evacuation
[69.231s][info][gc,phases      ] GC(196)   Pre Evacuate Collection Set: 0.3ms
[69.231s][info][gc,phases      ] GC(196)   Merge Heap Roots: 0.6ms
[69.231s][info][gc,phases      ] GC(196)   Evacuate Collection Set: 47.9ms
[69.231s][info][gc,phases      ] GC(196)   Post Evacuate Collection Set: 0.7ms
[69.231s][info][gc,phases      ] GC(196)   Other: 0.2ms
[69.231s][info][gc,heap        ] GC(196) Eden regions: 429->0(456)
[69.231s][info][gc,heap        ] GC(196) Survivor regions: 9->55(55)
[69.231s][info][gc,heap        ] GC(196) Old regions: 269->275
[69.231s][info][gc,heap        ] GC(196) Archive regions: 0->0
[69.231s][info][gc,heap        ] GC(196) Humongous regions: 313->122
[69.231s][info][gc,metaspace   ] GC(196) Metaspace: 66706K(67712K)->66706K(67712K) NonClass: 58308K(58816K)->58308K(58816K) Class: 8397K(8896K)->8397K(8896K)
[69.231s][info][gc             ] GC(196) Pause Young (Prepare Mixed) (G1 Evacuation Pause) 1007M->439M(1081M) 50.045ms
[69.231s][info][gc,cpu         ] GC(196) User=1.05s Sys=0.08s Real=0.05s
[69.527s][info][gc,start       ] GC(197) Pause Young (Mixed) (G1 Evacuation Pause)
[69.528s][info][gc,task        ] GC(197) Using 25 workers of 33 for evacuation
[69.569s][info][gc,phases      ] GC(197)   Pre Evacuate Collection Set: 0.3ms
[69.569s][info][gc,phases      ] GC(197)   Merge Heap Roots: 0.6ms
[69.569s][info][gc,phases      ] GC(197)   Evacuate Collection Set: 39.5ms
[69.569s][info][gc,phases      ] GC(197)   Post Evacuate Collection Set: 0.6ms
[69.569s][info][gc,phases      ] GC(197)   Other: 0.2ms
[69.569s][info][gc,heap        ] GC(197) Eden regions: 456->0(453)
[69.569s][info][gc,heap        ] GC(197) Survivor regions: 55->34(64)
[69.569s][info][gc,heap        ] GC(197) Old regions: 275->298
[69.569s][info][gc,heap        ] GC(197) Archive regions: 0->0
[69.569s][info][gc,heap        ] GC(197) Humongous regions: 144->135
[69.569s][info][gc,metaspace   ] GC(197) Metaspace: 66714K(67776K)->66714K(67776K) NonClass: 58316K(58880K)->58316K(58880K) Class: 8397K(8896K)->8397K(8896K)
[69.569s][info][gc             ] GC(197) Pause Young (Mixed) (G1 Evacuation Pause) 917M->454M(1081M) 41.508ms
[69.569s][info][gc,cpu         ] GC(197) User=0.78s Sys=0.00s Real=0.03s
[69.570s][info][gc,start       ] GC(198) Pause Young (Concurrent Start) (G1 Humongous Allocation)
[69.570s][info][gc,task        ] GC(198) Using 25 workers of 33 for evacuation
[69.579s][info][gc,phases      ] GC(198)   Pre Evacuate Collection Set: 0.3ms
[69.579s][info][gc,phases      ] GC(198)   Merge Heap Roots: 0.1ms
[69.579s][info][gc,phases      ] GC(198)   Evacuate Collection Set: 8.2ms
[69.579s][info][gc,phases      ] GC(198)   Post Evacuate Collection Set: 0.4ms
[69.579s][info][gc,phases      ] GC(198)   Other: 0.2ms
[69.579s][info][gc,heap        ] GC(198) Eden regions: 2->0(480)
[69.579s][info][gc,heap        ] GC(198) Survivor regions: 34->33(61)
[69.579s][info][gc,heap        ] GC(198) Old regions: 298->298
[69.579s][info][gc,heap        ] GC(198) Archive regions: 0->0
[69.579s][info][gc,heap        ] GC(198) Humongous regions: 135->135
[69.579s][info][gc,metaspace   ] GC(198) Metaspace: 66714K(67776K)->66714K(67776K) NonClass: 58316K(58880K)->58316K(58880K) Class: 8397K(8896K)->8397K(8896K)
[69.580s][info][gc             ] GC(198) Pause Young (Concurrent Start) (G1 Humongous Allocation) 455M->453M(1081M) 9.449ms
[69.580s][info][gc             ] GC(199) Concurrent Mark Cycle
[69.580s][info][gc,cpu         ] GC(198) User=0.02s Sys=0.00s Real=0.02s
[69.580s][info][gc,marking     ] GC(199) Concurrent Scan Root Regions
[69.582s][info][gc,marking     ] GC(199) Concurrent Scan Root Regions 1.985ms
[69.582s][info][gc,marking     ] GC(199) Concurrent Mark
[69.582s][info][gc,marking     ] GC(199) Concurrent Mark From Roots
[69.582s][info][gc,task        ] GC(199) Using 8 workers of 8 for marking
[69.618s][info][gc,marking     ] GC(199) Concurrent Mark From Roots 36.718ms
[69.618s][info][gc,marking     ] GC(199) Concurrent Preclean
[69.619s][info][gc,marking     ] GC(199) Concurrent Preclean 0.170ms
[69.619s][info][gc,start       ] GC(199) Pause Remark
[69.621s][info][gc             ] GC(199) Pause Remark 501M->350M(1081M) 2.544ms
[69.621s][info][gc,cpu         ] GC(199) User=0.00s Sys=0.00s Real=0.00s
[69.621s][info][gc,marking     ] GC(199) Concurrent Mark 39.773ms
[69.621s][info][gc,marking     ] GC(199) Concurrent Rebuild Remembered Sets and Scrub Regions
[69.638s][info][gc,marking     ] GC(199) Concurrent Rebuild Remembered Sets and Scrub Regions 16.388ms
[69.638s][info][gc,start       ] GC(199) Pause Cleanup
[69.638s][info][gc             ] GC(199) Pause Cleanup 369M->369M(1081M) 0.376ms
[69.638s][info][gc,cpu         ] GC(199) User=0.00s Sys=0.00s Real=0.00s
[69.638s][info][gc,marking     ] GC(199) Concurrent Clear Claimed Marks
[69.639s][info][gc,marking     ] GC(199) Concurrent Clear Claimed Marks 0.077ms
[69.639s][info][gc,marking     ] GC(199) Concurrent Cleanup for Next Mark
[69.639s][info][gc,marking     ] GC(199) Concurrent Cleanup for Next Mark 0.873ms
[69.639s][info][gc             ] GC(199) Concurrent Mark Cycle 59.898ms
[69.719s][info][gc,start       ] GC(200) Pause Full (System.gc())
[69.720s][info][gc,task        ] GC(200) Using 25 workers of 33 for full compaction
[69.721s][info][gc,phases,start] GC(200) Phase 1: Mark live objects
[69.754s][info][gc,phases      ] GC(200) Phase 1: Mark live objects 32.998ms
[69.754s][info][gc,phases,start] GC(200) Phase 2: Prepare compaction
[69.759s][info][gc,phases      ] GC(200) Phase 2: Prepare compaction 4.907ms
[69.759s][info][gc,phases,start] GC(200) Phase 3: Adjust pointers
[69.768s][info][gc,phases      ] GC(200) Phase 3: Adjust pointers 9.702ms
[69.768s][info][gc,phases,start] GC(200) Phase 4: Compact heap
[69.769s][info][gc,phases      ] GC(200) Phase 4: Compact heap 0.547ms
[69.779s][info][gc,heap        ] GC(200) Eden regions: 185->0(314)
[69.779s][info][gc,heap        ] GC(200) Survivor regions: 33->0(61)
[69.779s][info][gc,heap        ] GC(200) Old regions: 266->157
[69.779s][info][gc,heap        ] GC(200) Archive regions: 0->0
[69.779s][info][gc,heap        ] GC(200) Humongous regions: 19->10
[69.779s][info][gc,metaspace   ] GC(200) Metaspace: 66715K(67776K)->66715K(67776K) NonClass: 58317K(58880K)->58317K(58880K) Class: 8397K(8896K)->8397K(8896K)
[69.779s][info][gc             ] GC(200) Pause Full (System.gc()) 490M->148M(557M) 59.376ms
[69.779s][info][gc,cpu         ] GC(200) User=0.97s Sys=0.00s Real=0.06s
[69.812s][info][gc,start       ] GC(201) Pause Young (Concurrent Start) (G1 Humongous Allocation)
[69.812s][info][gc,task        ] GC(201) Using 19 workers of 33 for evacuation
[69.816s][info][gc,phases      ] GC(201)   Pre Evacuate Collection Set: 0.4ms
[69.816s][info][gc,phases      ] GC(201)   Merge Heap Roots: 0.1ms
[69.816s][info][gc,phases      ] GC(201)   Evacuate Collection Set: 0.9ms
[69.816s][info][gc,phases      ] GC(201)   Post Evacuate Collection Set: 2.2ms
[69.816s][info][gc,phases      ] GC(201)   Other: 0.1ms
[69.816s][info][gc,heap        ] GC(201) Eden regions: 18->0(542)
[69.816s][info][gc,heap        ] GC(201) Survivor regions: 0->5(40)
[69.816s][info][gc,heap        ] GC(201) Old regions: 157->157
[69.816s][info][gc,heap        ] GC(201) Archive regions: 0->0
[69.816s][info][gc,heap        ] GC(201) Humongous regions: 10->10
[69.816s][info][gc,metaspace   ] GC(201) Metaspace: 66720K(67776K)->66720K(67776K) NonClass: 58322K(58880K)->58322K(58880K) Class: 8397K(8896K)->8397K(8896K)
[69.816s][info][gc             ] GC(201) Pause Young (Concurrent Start) (G1 Humongous Allocation) 165M->153M(912M) 4.255ms
[69.816s][info][gc             ] GC(202) Concurrent Mark Cycle
[69.816s][info][gc,cpu         ] GC(201) User=0.00s Sys=0.00s Real=0.00s
[69.816s][info][gc,marking     ] GC(202) Concurrent Scan Root Regions
[69.817s][info][gc,marking     ] GC(202) Concurrent Scan Root Regions 0.732ms
[69.817s][info][gc,marking     ] GC(202) Concurrent Mark
[69.817s][info][gc,marking     ] GC(202) Concurrent Mark From Roots
[69.817s][info][gc,task        ] GC(202) Using 8 workers of 8 for marking
[69.860s][info][gc,marking     ] GC(202) Concurrent Mark From Roots 42.807ms
[69.860s][info][gc,marking     ] GC(202) Concurrent Preclean
[69.860s][info][gc,marking     ] GC(202) Concurrent Preclean 0.102ms
[69.860s][info][gc,start       ] GC(202) Pause Remark
[69.862s][info][gc             ] GC(202) Pause Remark 181M->181M(667M) 2.072ms
[69.862s][info][gc,cpu         ] GC(202) User=0.00s Sys=0.00s Real=0.00s
[69.862s][info][gc,marking     ] GC(202) Concurrent Mark 45.308ms
[69.862s][info][gc,marking     ] GC(202) Concurrent Rebuild Remembered Sets and Scrub Regions
[69.874s][info][gc,marking     ] GC(202) Concurrent Rebuild Remembered Sets and Scrub Regions 11.608ms
[69.887s][info][gc,start       ] GC(202) Pause Cleanup
[69.887s][info][gc             ] GC(202) Pause Cleanup 199M->199M(667M) 0.257ms
[69.887s][info][gc,cpu         ] GC(202) User=0.00s Sys=0.00s Real=0.00s
[69.887s][info][gc,marking     ] GC(202) Concurrent Clear Claimed Marks
[69.888s][info][gc,marking     ] GC(202) Concurrent Clear Claimed Marks 0.101ms
[69.888s][info][gc,marking     ] GC(202) Concurrent Cleanup for Next Mark
[69.888s][info][gc,marking     ] GC(202) Concurrent Cleanup for Next Mark 0.478ms
[69.888s][info][gc             ] GC(202) Concurrent Mark Cycle 71.928ms
[70.057s][info][gc,start       ] GC(203) Pause Young (Prepare Mixed) (G1 Evacuation Pause)
[70.058s][info][gc,task        ] GC(203) Using 17 workers of 33 for evacuation
[70.093s][info][gc,phases      ] GC(203)   Pre Evacuate Collection Set: 0.2ms
[70.093s][info][gc,phases      ] GC(203)   Merge Heap Roots: 0.3ms
[70.093s][info][gc,phases      ] GC(203)   Evacuate Collection Set: 34.2ms
[70.093s][info][gc,phases      ] GC(203)   Post Evacuate Collection Set: 0.6ms
[70.093s][info][gc,phases      ] GC(203)   Other: 0.2ms
[70.093s][info][gc,heap        ] GC(203) Eden regions: 395->0(298)
[70.093s][info][gc,heap        ] GC(203) Survivor regions: 5->50(50)
[70.093s][info][gc,heap        ] GC(203) Old regions: 157->200
[70.093s][info][gc,heap        ] GC(203) Archive regions: 0->0
[70.093s][info][gc,heap        ] GC(203) Humongous regions: 51->46
[70.093s][info][gc,metaspace   ] GC(203) Metaspace: 66721K(67776K)->66721K(67776K) NonClass: 58323K(58880K)->58323K(58880K) Class: 8397K(8896K)->8397K(8896K)
[70.093s][info][gc             ] GC(203) Pause Young (Prepare Mixed) (G1 Evacuation Pause) 589M->276M(701M) 35.776ms
[70.093s][info][gc,cpu         ] GC(203) User=0.64s Sys=0.05s Real=0.05s
[70.238s][info][gc,start       ] GC(204) Pause Young (Mixed) (G1 Evacuation Pause)
[70.238s][info][gc,task        ] GC(204) Using 16 workers of 33 for evacuation
[70.273s][info][gc,phases      ] GC(204)   Pre Evacuate Collection Set: 0.3ms
[70.273s][info][gc,phases      ] GC(204)   Merge Heap Roots: 0.4ms
[70.273s][info][gc,phases      ] GC(204)   Evacuate Collection Set: 34.1ms
[70.273s][info][gc,phases      ] GC(204)   Post Evacuate Collection Set: 0.5ms
[70.273s][info][gc,phases      ] GC(204)   Other: 0.2ms
[70.273s][info][gc,heap        ] GC(204) Eden regions: 298->0(273)
[70.273s][info][gc,heap        ] GC(204) Survivor regions: 50->33(44)
[70.273s][info][gc,heap        ] GC(204) Old regions: 200->250
[70.273s][info][gc,heap        ] GC(204) Archive regions: 0->0
[70.273s][info][gc,heap        ] GC(204) Humongous regions: 58->58
[70.273s][info][gc,metaspace   ] GC(204) Metaspace: 66721K(67776K)->66721K(67776K) NonClass: 58323K(58880K)->58323K(58880K) Class: 8397K(8896K)->8397K(8896K)
[70.273s][info][gc             ] GC(204) Pause Young (Mixed) (G1 Evacuation Pause) 586M->325M(701M) 35.664ms
[70.273s][info][gc,cpu         ] GC(204) User=0.50s Sys=0.00s Real=0.03s
[70.301s][info][gc,start       ] GC(205) Pause Young (Concurrent Start) (G1 Humongous Allocation)
[70.301s][info][gc,task        ] GC(205) Using 16 workers of 33 for evacuation
[70.317s][info][gc,phases      ] GC(205)   Pre Evacuate Collection Set: 0.3ms
[70.317s][info][gc,phases      ] GC(205)   Merge Heap Roots: 0.1ms
[70.317s][info][gc,phases      ] GC(205)   Evacuate Collection Set: 15.0ms
[70.317s][info][gc,phases      ] GC(205)   Post Evacuate Collection Set: 0.4ms
[70.317s][info][gc,phases      ] GC(205)   Other: 0.1ms
[70.317s][info][gc,heap        ] GC(205) Eden regions: 53->0(268)
[70.317s][info][gc,heap        ] GC(205) Survivor regions: 33->10(39)
[70.317s][info][gc,heap        ] GC(205) Old regions: 250->284
[70.317s][info][gc,heap        ] GC(205) Archive regions: 0->0
[70.317s][info][gc,heap        ] GC(205) Humongous regions: 58->58
[70.317s][info][gc,metaspace   ] GC(205) Metaspace: 66721K(67776K)->66721K(67776K) NonClass: 58323K(58880K)->58323K(58880K) Class: 8397K(8896K)->8397K(8896K)
[70.317s][info][gc             ] GC(205) Pause Young (Concurrent Start) (G1 Humongous Allocation) 378M->335M(701M) 16.159ms
[70.317s][info][gc             ] GC(206) Concurrent Mark Cycle
[70.317s][info][gc,cpu         ] GC(205) User=0.25s Sys=0.00s Real=0.01s
[70.317s][info][gc,marking     ] GC(206) Concurrent Scan Root Regions
[70.322s][info][gc,marking     ] GC(206) Concurrent Scan Root Regions 4.296ms
[70.322s][info][gc,marking     ] GC(206) Concurrent Mark
[70.322s][info][gc,marking     ] GC(206) Concurrent Mark From Roots
[70.322s][info][gc,task        ] GC(206) Using 8 workers of 8 for marking
[70.382s][info][gc,marking     ] GC(206) Concurrent Mark From Roots 60.388ms
[70.382s][info][gc,marking     ] GC(206) Concurrent Preclean
[70.382s][info][gc,marking     ] GC(206) Concurrent Preclean 0.121ms
[70.382s][info][gc,start       ] GC(206) Pause Remark
[70.385s][info][gc             ] GC(206) Pause Remark 430M->406M(705M) 2.267ms
[70.385s][info][gc,cpu         ] GC(206) User=0.00s Sys=0.00s Real=0.00s
[70.385s][info][gc,marking     ] GC(206) Concurrent Mark 63.098ms
[70.385s][info][gc,marking     ] GC(206) Concurrent Rebuild Remembered Sets and Scrub Regions
[70.431s][info][gc,marking     ] GC(206) Concurrent Rebuild Remembered Sets and Scrub Regions 46.585ms
[70.432s][info][gc,start       ] GC(206) Pause Cleanup
[70.432s][info][gc             ] GC(206) Pause Cleanup 492M->492M(705M) 0.313ms
[70.432s][info][gc,cpu         ] GC(206) User=0.00s Sys=0.00s Real=0.00s
[70.432s][info][gc,marking     ] GC(206) Concurrent Clear Claimed Marks
[70.432s][info][gc,marking     ] GC(206) Concurrent Clear Claimed Marks 0.111ms
[70.432s][info][gc,marking     ] GC(206) Concurrent Cleanup for Next Mark
[70.433s][info][gc,marking     ] GC(206) Concurrent Cleanup for Next Mark 0.504ms
[70.433s][info][gc             ] GC(206) Concurrent Mark Cycle 115.420ms
[70.482s][info][gc,start       ] GC(207) Pause Young (Prepare Mixed) (G1 Evacuation Pause)
[70.483s][info][gc,task        ] GC(207) Using 16 workers of 33 for evacuation
[70.504s][info][gc,phases      ] GC(207)   Pre Evacuate Collection Set: 0.2ms
[70.505s][info][gc,phases      ] GC(207)   Merge Heap Roots: 0.7ms
[70.505s][info][gc,phases      ] GC(207)   Evacuate Collection Set: 20.3ms
[70.505s][info][gc,phases      ] GC(207)   Post Evacuate Collection Set: 0.5ms
[70.505s][info][gc,phases      ] GC(207)   Other: 0.2ms
[70.505s][info][gc,heap        ] GC(207) Eden regions: 268->0(265)
[70.505s][info][gc,heap        ] GC(207) Survivor regions: 10->29(35)
[70.505s][info][gc,heap        ] GC(207) Old regions: 284->284
[70.505s][info][gc,heap        ] GC(207) Archive regions: 0->0
[70.505s][info][gc,heap        ] GC(207) Humongous regions: 54->54
[70.505s][info][gc,metaspace   ] GC(207) Metaspace: 66721K(67776K)->66721K(67776K) NonClass: 58323K(58880K)->58323K(58880K) Class: 8397K(8896K)->8397K(8896K)
[70.505s][info][gc             ] GC(207) Pause Young (Prepare Mixed) (G1 Evacuation Pause) 599M->350M(705M) 22.239ms
[70.505s][info][gc,cpu         ] GC(207) User=0.50s Sys=0.00s Real=0.03s
[70.631s][info][gc,start       ] GC(208) Pause Young (Mixed) (G1 Evacuation Pause)
[70.631s][info][gc,task        ] GC(208) Using 16 workers of 33 for evacuation
[70.659s][info][gc,phases      ] GC(208)   Pre Evacuate Collection Set: 0.2ms
[70.659s][info][gc,phases      ] GC(208)   Merge Heap Roots: 0.2ms
[70.659s][info][gc,phases      ] GC(208)   Evacuate Collection Set: 26.4ms
[70.659s][info][gc,phases      ] GC(208)   Post Evacuate Collection Set: 0.5ms
[70.659s][info][gc,phases      ] GC(208)   Other: 0.2ms
[70.659s][info][gc,heap        ] GC(208) Eden regions: 265->0(262)
[70.659s][info][gc,heap        ] GC(208) Survivor regions: 29->21(37)
[70.659s][info][gc,heap        ] GC(208) Old regions: 284->302
[70.659s][info][gc,heap        ] GC(208) Archive regions: 0->0
[70.659s][info][gc,heap        ] GC(208) Humongous regions: 54->54
[70.659s][info][gc,metaspace   ] GC(208) Metaspace: 66721K(67776K)->66721K(67776K) NonClass: 58323K(58880K)->58323K(58880K) Class: 8397K(8896K)->8397K(8896K)
[70.659s][info][gc             ] GC(208) Pause Young (Mixed) (G1 Evacuation Pause) 615M->367M(705M) 28.080ms
[70.659s][info][gc,cpu         ] GC(208) User=0.50s Sys=0.00s Real=0.03s
[70.792s][info][gc,start       ] GC(209) Pause Young (Concurrent Start) (G1 Evacuation Pause)
[70.792s][info][gc,task        ] GC(209) Using 16 workers of 33 for evacuation
[70.816s][info][gc,phases      ] GC(209)   Pre Evacuate Collection Set: 0.4ms
[70.816s][info][gc,phases      ] GC(209)   Merge Heap Roots: 0.2ms
[70.816s][info][gc,phases      ] GC(209)   Evacuate Collection Set: 20.8ms
[70.817s][info][gc,phases      ] GC(209)   Post Evacuate Collection Set: 2.9ms
[70.817s][info][gc,phases      ] GC(209)   Other: 0.2ms
[70.817s][info][gc,heap        ] GC(209) Eden regions: 262->0(521)
[70.817s][info][gc,heap        ] GC(209) Survivor regions: 21->21(36)
[70.817s][info][gc,heap        ] GC(209) Old regions: 302->319
[70.817s][info][gc,heap        ] GC(209) Archive regions: 0->0
[70.817s][info][gc,heap        ] GC(209) Humongous regions: 54->54
[70.817s][info][gc,metaspace   ] GC(209) Metaspace: 66721K(67776K)->66721K(67776K) NonClass: 58323K(58880K)->58323K(58880K) Class: 8397K(8896K)->8397K(8896K)
[70.817s][info][gc             ] GC(209) Pause Young (Concurrent Start) (G1 Evacuation Pause) 629M->383M(1050M) 24.836ms
[70.817s][info][gc             ] GC(210) Concurrent Mark Cycle
[70.817s][info][gc,cpu         ] GC(209) User=0.50s Sys=0.00s Real=0.03s
[70.817s][info][gc,marking     ] GC(210) Concurrent Scan Root Regions
[70.820s][info][gc,marking     ] GC(210) Concurrent Scan Root Regions 3.719ms
[70.820s][info][gc,marking     ] GC(210) Concurrent Mark
[70.820s][info][gc,marking     ] GC(210) Concurrent Mark From Roots
[70.820s][info][gc,task        ] GC(210) Using 8 workers of 8 for marking
[70.899s][info][gc,marking     ] GC(210) Concurrent Mark From Roots 78.952ms
[70.899s][info][gc,marking     ] GC(210) Concurrent Preclean
[70.900s][info][gc,marking     ] GC(210) Concurrent Preclean 0.138ms
[70.900s][info][gc,start       ] GC(210) Pause Remark
[70.902s][info][gc             ] GC(210) Pause Remark 477M->465M(1050M) 2.225ms
[70.902s][info][gc,cpu         ] GC(210) User=0.00s Sys=0.00s Real=0.00s
[70.902s][info][gc,marking     ] GC(210) Concurrent Mark 81.639ms
[70.902s][info][gc,marking     ] GC(210) Concurrent Rebuild Remembered Sets and Scrub Regions
[70.958s][info][gc,marking     ] GC(210) Concurrent Rebuild Remembered Sets and Scrub Regions 55.610ms
[70.958s][info][gc,start       ] GC(210) Pause Cleanup
[70.958s][info][gc             ] GC(210) Pause Cleanup 495M->495M(1050M) 0.408ms
[70.958s][info][gc,cpu         ] GC(210) User=0.00s Sys=0.00s Real=0.00s
[70.958s][info][gc,marking     ] GC(210) Concurrent Clear Claimed Marks
[70.959s][info][gc,marking     ] GC(210) Concurrent Clear Claimed Marks 0.115ms
[70.959s][info][gc,marking     ] GC(210) Concurrent Cleanup for Next Mark
[70.960s][info][gc,marking     ] GC(210) Concurrent Cleanup for Next Mark 1.695ms
[70.960s][info][gc             ] GC(210) Concurrent Mark Cycle 143.695ms
[71.872s][info][gc,start       ] GC(211) Pause Young (Prepare Mixed) (G1 Evacuation Pause)
[71.872s][info][gc,task        ] GC(211) Using 25 workers of 33 for evacuation
[71.930s][info][gc,phases      ] GC(211)   Pre Evacuate Collection Set: 0.3ms
[71.930s][info][gc,phases      ] GC(211)   Merge Heap Roots: 0.9ms
[71.930s][info][gc,phases      ] GC(211)   Evacuate Collection Set: 55.7ms
[71.930s][info][gc,phases      ] GC(211)   Post Evacuate Collection Set: 0.8ms
[71.930s][info][gc,phases      ] GC(211)   Other: 0.2ms
[71.930s][info][gc,heap        ] GC(211) Eden regions: 521->0(384)
[71.930s][info][gc,heap        ] GC(211) Survivor regions: 21->68(68)
[71.930s][info][gc,heap        ] GC(211) Old regions: 319->372
[71.930s][info][gc,heap        ] GC(211) Archive regions: 0->0
[71.930s][info][gc,heap        ] GC(211) Humongous regions: 115->110
[71.930s][info][gc,metaspace   ] GC(211) Metaspace: 66740K(67776K)->66740K(67776K) NonClass: 58342K(58880K)->58342K(58880K) Class: 8398K(8896K)->8398K(8896K)
[71.930s][info][gc             ] GC(211) Pause Young (Prepare Mixed) (G1 Evacuation Pause) 965M->540M(1097M) 58.158ms
[71.930s][info][gc,cpu         ] GC(211) User=1.42s Sys=0.14s Real=0.06s
[72.115s][info][gc,start       ] GC(212) Pause Young (Mixed) (G1 Evacuation Pause)
[72.115s][info][gc,task        ] GC(212) Using 26 workers of 33 for evacuation
[72.166s][info][gc,phases      ] GC(212)   Pre Evacuate Collection Set: 0.3ms
[72.166s][info][gc,phases      ] GC(212)   Merge Heap Roots: 1.0ms
[72.166s][info][gc,phases      ] GC(212)   Evacuate Collection Set: 49.0ms
[72.166s][info][gc,phases      ] GC(212)   Post Evacuate Collection Set: 0.7ms
[72.166s][info][gc,phases      ] GC(212)   Other: 0.2ms
[72.166s][info][gc,heap        ] GC(212) Eden regions: 384->0(340)
[72.166s][info][gc,heap        ] GC(212) Survivor regions: 68->49(57)
[72.166s][info][gc,heap        ] GC(212) Old regions: 372->436
[72.166s][info][gc,heap        ] GC(212) Archive regions: 0->0
[72.166s][info][gc,heap        ] GC(212) Humongous regions: 134->134
[72.166s][info][gc,metaspace   ] GC(212) Metaspace: 66740K(67776K)->66740K(67776K) NonClass: 58342K(58880K)->58342K(58880K) Class: 8398K(8896K)->8398K(8896K)
[72.166s][info][gc             ] GC(212) Pause Young (Mixed) (G1 Evacuation Pause) 948M->613M(1097M) 51.480ms
[72.166s][info][gc,cpu         ] GC(212) User=1.63s Sys=0.00s Real=0.05s
[72.246s][info][gc,start       ] GC(213) Pause Young (Concurrent Start) (G1 Humongous Allocation)
[72.247s][info][gc,task        ] GC(213) Using 26 workers of 33 for evacuation
[72.274s][info][gc,phases      ] GC(213)   Pre Evacuate Collection Set: 0.4ms
[72.274s][info][gc,phases      ] GC(213)   Merge Heap Roots: 0.5ms
[72.274s][info][gc,phases      ] GC(213)   Evacuate Collection Set: 26.2ms
[72.274s][info][gc,phases      ] GC(213)   Post Evacuate Collection Set: 0.5ms
[72.274s][info][gc,phases      ] GC(213)   Other: 0.1ms
[72.274s][info][gc,heap        ] GC(213) Eden regions: 167->0(334)
[72.274s][info][gc,heap        ] GC(213) Survivor regions: 49->21(49)
[72.274s][info][gc,heap        ] GC(213) Old regions: 436->486
[72.274s][info][gc,heap        ] GC(213) Archive regions: 0->0
[72.274s][info][gc,heap        ] GC(213) Humongous regions: 134->134
[72.274s][info][gc,metaspace   ] GC(213) Metaspace: 66740K(67776K)->66740K(67776K) NonClass: 58342K(58880K)->58342K(58880K) Class: 8398K(8896K)->8398K(8896K)
[72.275s][info][gc             ] GC(213) Pause Young (Concurrent Start) (G1 Humongous Allocation) 780M->634M(1097M) 28.059ms
[72.275s][info][gc             ] GC(214) Concurrent Mark Cycle
[72.275s][info][gc,cpu         ] GC(213) User=0.81s Sys=0.00s Real=0.03s
[72.275s][info][gc,marking     ] GC(214) Concurrent Scan Root Regions
[72.281s][info][gc,marking     ] GC(214) Concurrent Scan Root Regions 6.016ms
[72.281s][info][gc,marking     ] GC(214) Concurrent Mark
[72.281s][info][gc,marking     ] GC(214) Concurrent Mark From Roots
[72.281s][info][gc,task        ] GC(214) Using 8 workers of 8 for marking
[72.338s][info][gc,marking     ] GC(214) Concurrent Mark From Roots 57.091ms
[72.338s][info][gc,marking     ] GC(214) Concurrent Preclean
[72.338s][info][gc,marking     ] GC(214) Concurrent Preclean 0.139ms
[72.338s][info][gc,start       ] GC(214) Pause Remark
[72.341s][info][gc             ] GC(214) Pause Remark 742M->498M(1097M) 2.667ms
[72.341s][info][gc,cpu         ] GC(214) User=0.00s Sys=0.00s Real=0.00s
[72.341s][info][gc,marking     ] GC(214) Concurrent Mark 60.234ms
[72.341s][info][gc,marking     ] GC(214) Concurrent Rebuild Remembered Sets and Scrub Regions
[72.392s][info][gc,marking     ] GC(214) Concurrent Rebuild Remembered Sets and Scrub Regions 51.342ms
[72.392s][info][gc,start       ] GC(214) Pause Cleanup
[72.393s][info][gc             ] GC(214) Pause Cleanup 596M->596M(1097M) 0.452ms
[72.393s][info][gc,cpu         ] GC(214) User=0.00s Sys=0.00s Real=0.00s
[72.393s][info][gc,marking     ] GC(214) Concurrent Clear Claimed Marks
[72.393s][info][gc,marking     ] GC(214) Concurrent Clear Claimed Marks 0.082ms
[72.393s][info][gc,marking     ] GC(214) Concurrent Cleanup for Next Mark
[72.394s][info][gc,marking     ] GC(214) Concurrent Cleanup for Next Mark 0.776ms
[72.394s][info][gc             ] GC(214) Concurrent Mark Cycle 119.383ms
[72.465s][info][gc,start       ] GC(215) Pause Young (Prepare Mixed) (G1 Evacuation Pause)
[72.466s][info][gc,task        ] GC(215) Using 26 workers of 33 for evacuation
[72.490s][info][gc,phases      ] GC(215)   Pre Evacuate Collection Set: 0.2ms
[72.490s][info][gc,phases      ] GC(215)   Merge Heap Roots: 0.9ms
[72.490s][info][gc,phases      ] GC(215)   Evacuate Collection Set: 22.2ms
[72.490s][info][gc,phases      ] GC(215)   Post Evacuate Collection Set: 0.9ms
[72.490s][info][gc,phases      ] GC(215)   Other: 0.2ms
[72.490s][info][gc,heap        ] GC(215) Eden regions: 334->0(507)
[72.490s][info][gc,heap        ] GC(215) Survivor regions: 21->45(45)
[72.490s][info][gc,heap        ] GC(215) Old regions: 342->342
[72.490s][info][gc,heap        ] GC(215) Archive regions: 0->0
[72.490s][info][gc,heap        ] GC(215) Humongous regions: 54->54
[72.490s][info][gc,metaspace   ] GC(215) Metaspace: 66740K(67776K)->66740K(67776K) NonClass: 58342K(58880K)->58342K(58880K) Class: 8398K(8896K)->8398K(8896K)
[72.490s][info][gc             ] GC(215) Pause Young (Prepare Mixed) (G1 Evacuation Pause) 744M->434M(1097M) 24.895ms
[72.490s][info][gc,cpu         ] GC(215) User=0.41s Sys=0.00s Real=0.01s
[73.329s][info][gc,start       ] GC(216) Pause Young (Mixed) (G1 Evacuation Pause)
[73.329s][info][gc,task        ] GC(216) Using 26 workers of 33 for evacuation
[73.373s][info][gc,phases      ] GC(216)   Pre Evacuate Collection Set: 0.3ms
[73.373s][info][gc,phases      ] GC(216)   Merge Heap Roots: 0.5ms
[73.373s][info][gc,phases      ] GC(216)   Evacuate Collection Set: 42.1ms
[73.373s][info][gc,phases      ] GC(216)   Post Evacuate Collection Set: 0.7ms
[73.373s][info][gc,phases      ] GC(216)   Other: 0.2ms
[73.373s][info][gc,heap        ] GC(216) Eden regions: 507->0(511)
[73.373s][info][gc,heap        ] GC(216) Survivor regions: 45->56(69)
[73.373s][info][gc,heap        ] GC(216) Old regions: 342->323
[73.373s][info][gc,heap        ] GC(216) Archive regions: 0->0
[73.373s][info][gc,heap        ] GC(216) Humongous regions: 79->74
[73.373s][info][gc,metaspace   ] GC(216) Metaspace: 66759K(67776K)->66759K(67776K) NonClass: 58360K(58880K)->58360K(58880K) Class: 8398K(8896K)->8398K(8896K)
[73.373s][info][gc             ] GC(216) Pause Young (Mixed) (G1 Evacuation Pause) 966M->446M(1097M) 44.147ms
[73.373s][info][gc,cpu         ] GC(216) User=1.22s Sys=0.00s Real=0.05s
[73.390s][info][gc,start       ] GC(217) Pause Young (Concurrent Start) (G1 Humongous Allocation)
[73.390s][info][gc,task        ] GC(217) Using 26 workers of 33 for evacuation
[73.413s][info][gc,phases      ] GC(217)   Pre Evacuate Collection Set: 0.3ms
[73.414s][info][gc,phases      ] GC(217)   Merge Heap Roots: 0.2ms
[73.414s][info][gc,phases      ] GC(217)   Evacuate Collection Set: 22.3ms
[73.414s][info][gc,phases      ] GC(217)   Post Evacuate Collection Set: 0.6ms
[73.414s][info][gc,phases      ] GC(217)   Other: 0.1ms
[73.414s][info][gc,heap        ] GC(217) Eden regions: 36->0(524)
[73.414s][info][gc,heap        ] GC(217) Survivor regions: 56->40(71)
[73.414s][info][gc,heap        ] GC(217) Old regions: 323->346
[73.414s][info][gc,heap        ] GC(217) Archive regions: 0->0
[73.414s][info][gc,heap        ] GC(217) Humongous regions: 74->74
[73.414s][info][gc,metaspace   ] GC(217) Metaspace: 66759K(67776K)->66759K(67776K) NonClass: 58360K(58880K)->58360K(58880K) Class: 8398K(8896K)->8398K(8896K)
[73.414s][info][gc             ] GC(217) Pause Young (Concurrent Start) (G1 Humongous Allocation) 481M->453M(1097M) 23.821ms
[73.414s][info][gc             ] GC(218) Concurrent Mark Cycle
[73.414s][info][gc,cpu         ] GC(217) User=0.81s Sys=0.00s Real=0.03s
[73.414s][info][gc,marking     ] GC(218) Concurrent Scan Root Regions
[73.420s][info][gc,marking     ] GC(218) Concurrent Scan Root Regions 5.806ms
[73.420s][info][gc,marking     ] GC(218) Concurrent Mark
[73.420s][info][gc,marking     ] GC(218) Concurrent Mark From Roots
[73.420s][info][gc,task        ] GC(218) Using 8 workers of 8 for marking
[73.447s][info][gc,marking     ] GC(218) Concurrent Mark From Roots 27.682ms
[73.447s][info][gc,marking     ] GC(218) Concurrent Preclean
[73.447s][info][gc,marking     ] GC(218) Concurrent Preclean 0.108ms
[73.448s][info][gc,start       ] GC(218) Pause Remark
[73.450s][info][gc             ] GC(218) Pause Remark 492M->295M(1007M) 2.582ms
[73.450s][info][gc,cpu         ] GC(218) User=0.00s Sys=0.00s Real=0.00s
[73.450s][info][gc,marking     ] GC(218) Concurrent Mark 30.704ms
[73.450s][info][gc,marking     ] GC(218) Concurrent Rebuild Remembered Sets and Scrub Regions
[73.478s][info][gc,marking     ] GC(218) Concurrent Rebuild Remembered Sets and Scrub Regions 27.203ms
[73.478s][info][gc,start       ] GC(218) Pause Cleanup
[73.478s][info][gc             ] GC(218) Pause Cleanup 320M->320M(1007M) 0.358ms
[73.478s][info][gc,cpu         ] GC(218) User=0.00s Sys=0.00s Real=0.00s
[73.478s][info][gc,marking     ] GC(218) Concurrent Clear Claimed Marks
[73.478s][info][gc,marking     ] GC(218) Concurrent Clear Claimed Marks 0.086ms
[73.478s][info][gc,marking     ] GC(218) Concurrent Cleanup for Next Mark
[73.479s][info][gc,marking     ] GC(218) Concurrent Cleanup for Next Mark 0.707ms
[73.479s][info][gc             ] GC(218) Concurrent Mark Cycle 65.289ms
[73.995s][info][gc,start       ] GC(219) Pause Young (Prepare Mixed) (G1 Evacuation Pause)
[73.995s][info][gc,task        ] GC(219) Using 25 workers of 33 for evacuation
[74.047s][info][gc,phases      ] GC(219)   Pre Evacuate Collection Set: 0.3ms
[74.047s][info][gc,phases      ] GC(219)   Merge Heap Roots: 0.9ms
[74.047s][info][gc,phases      ] GC(219)   Evacuate Collection Set: 49.6ms
[74.047s][info][gc,phases      ] GC(219)   Post Evacuate Collection Set: 0.8ms
[74.047s][info][gc,phases      ] GC(219)   Other: 0.2ms
[74.047s][info][gc,heap        ] GC(219) Eden regions: 524->0(486)
[74.047s][info][gc,heap        ] GC(219) Survivor regions: 40->71(71)
[74.047s][info][gc,heap        ] GC(219) Old regions: 213->228
[74.047s][info][gc,heap        ] GC(219) Archive regions: 0->0
[74.047s][info][gc,heap        ] GC(219) Humongous regions: 92->82
[74.047s][info][gc,metaspace   ] GC(219) Metaspace: 66833K(67840K)->66833K(67840K) NonClass: 58434K(58944K)->58434K(58944K) Class: 8399K(8896K)->8399K(8896K)
[74.047s][info][gc             ] GC(219) Pause Young (Prepare Mixed) (G1 Evacuation Pause) 862M->374M(1007M) 52.070ms
[74.047s][info][gc,cpu         ] GC(219) User=1.56s Sys=0.00s Real=0.06s
[74.610s][info][gc,start       ] GC(220) Pause Young (Mixed) (G1 Evacuation Pause)
[74.610s][info][gc,task        ] GC(220) Using 24 workers of 33 for evacuation
[74.654s][info][gc,phases      ] GC(220)   Pre Evacuate Collection Set: 0.3ms
[74.654s][info][gc,phases      ] GC(220)   Merge Heap Roots: 0.5ms
[74.654s][info][gc,phases      ] GC(220)   Evacuate Collection Set: 42.3ms
[74.654s][info][gc,phases      ] GC(220)   Post Evacuate Collection Set: 0.7ms
[74.654s][info][gc,phases      ] GC(220)   Other: 0.2ms
[74.654s][info][gc,heap        ] GC(220) Eden regions: 486->0(443)
[74.654s][info][gc,heap        ] GC(220) Survivor regions: 71->52(70)
[74.654s][info][gc,heap        ] GC(220) Old regions: 228->295
[74.654s][info][gc,heap        ] GC(220) Archive regions: 0->0
[74.654s][info][gc,heap        ] GC(220) Humongous regions: 99->94
[74.654s][info][gc,metaspace   ] GC(220) Metaspace: 66869K(67840K)->66869K(67840K) NonClass: 58470K(58944K)->58470K(58944K) Class: 8399K(8896K)->8399K(8896K)
[74.654s][info][gc             ] GC(220) Pause Young (Mixed) (G1 Evacuation Pause) 877M->433M(1011M) 44.322ms
[74.654s][info][gc,cpu         ] GC(220) User=1.13s Sys=0.00s Real=0.05s
[74.725s][info][gc,start       ] GC(221) Pause Young (Concurrent Start) (G1 Humongous Allocation)
[74.726s][info][gc,task        ] GC(221) Using 24 workers of 33 for evacuation
[74.748s][info][gc,phases      ] GC(221)   Pre Evacuate Collection Set: 0.4ms
[74.748s][info][gc,phases      ] GC(221)   Merge Heap Roots: 0.2ms
[74.748s][info][gc,phases      ] GC(221)   Evacuate Collection Set: 21.1ms
[74.748s][info][gc,phases      ] GC(221)   Post Evacuate Collection Set: 0.5ms
[74.748s][info][gc,phases      ] GC(221)   Other: 0.1ms
[74.748s][info][gc,heap        ] GC(221) Eden regions: 133->0(415)
[74.748s][info][gc,heap        ] GC(221) Survivor regions: 52->26(62)
[74.748s][info][gc,heap        ] GC(221) Old regions: 295->345
[74.748s][info][gc,heap        ] GC(221) Archive regions: 0->0
[74.748s][info][gc,heap        ] GC(221) Humongous regions: 94->94
[74.748s][info][gc,metaspace   ] GC(221) Metaspace: 66869K(67840K)->66869K(67840K) NonClass: 58470K(58944K)->58470K(58944K) Class: 8399K(8896K)->8399K(8896K)
[74.748s][info][gc             ] GC(221) Pause Young (Concurrent Start) (G1 Humongous Allocation) 566M->458M(1011M) 22.720ms
[74.748s][info][gc             ] GC(222) Concurrent Mark Cycle
[74.748s][info][gc,cpu         ] GC(221) User=0.38s Sys=0.00s Real=0.01s
[74.748s][info][gc,marking     ] GC(222) Concurrent Scan Root Regions
[74.754s][info][gc,marking     ] GC(222) Concurrent Scan Root Regions 5.804ms
[74.754s][info][gc,marking     ] GC(222) Concurrent Mark
[74.754s][info][gc,marking     ] GC(222) Concurrent Mark From Roots
[74.754s][info][gc,task        ] GC(222) Using 8 workers of 8 for marking
[74.783s][info][gc,marking     ] GC(222) Concurrent Mark From Roots 28.803ms
[74.783s][info][gc,marking     ] GC(222) Concurrent Preclean
[74.783s][info][gc,marking     ] GC(222) Concurrent Preclean 0.142ms
[74.783s][info][gc,start       ] GC(222) Pause Remark
[74.786s][info][gc             ] GC(222) Pause Remark 548M->387M(1011M) 2.335ms
[74.786s][info][gc,cpu         ] GC(222) User=0.38s Sys=0.00s Real=0.01s
[74.786s][info][gc,marking     ] GC(222) Concurrent Mark 31.617ms
[74.786s][info][gc,marking     ] GC(222) Concurrent Rebuild Remembered Sets and Scrub Regions
[74.805s][info][gc,marking     ] GC(222) Concurrent Rebuild Remembered Sets and Scrub Regions 18.759ms
[74.805s][info][gc,start       ] GC(222) Pause Cleanup
[74.805s][info][gc             ] GC(222) Pause Cleanup 396M->396M(1011M) 0.343ms
[74.805s][info][gc,cpu         ] GC(222) User=0.00s Sys=0.00s Real=0.00s
[74.805s][info][gc,marking     ] GC(222) Concurrent Clear Claimed Marks
[74.805s][info][gc,marking     ] GC(222) Concurrent Clear Claimed Marks 0.081ms
[74.805s][info][gc,marking     ] GC(222) Concurrent Cleanup for Next Mark
[74.806s][info][gc,marking     ] GC(222) Concurrent Cleanup for Next Mark 0.657ms
[74.806s][info][gc             ] GC(222) Concurrent Mark Cycle 57.721ms
[75.246s][info][gc,start       ] GC(223) Pause Young (Prepare Mixed) (G1 Evacuation Pause)
[75.246s][info][gc,task        ] GC(223) Using 24 workers of 33 for evacuation
[75.300s][info][gc,phases      ] GC(223)   Pre Evacuate Collection Set: 0.3ms
[75.300s][info][gc,phases      ] GC(223)   Merge Heap Roots: 0.6ms
[75.300s][info][gc,phases      ] GC(223)   Evacuate Collection Set: 52.0ms
[75.300s][info][gc,phases      ] GC(223)   Post Evacuate Collection Set: 0.7ms
[75.300s][info][gc,phases      ] GC(223)   Other: 0.2ms
[75.300s][info][gc,heap        ] GC(223) Eden regions: 371->0(443)
[75.300s][info][gc,heap        ] GC(223) Survivor regions: 26->56(56)
[75.300s][info][gc,heap        ] GC(223) Old regions: 260->272
[75.300s][info][gc,heap        ] GC(223) Archive regions: 0->0
[75.300s][info][gc,heap        ] GC(223) Humongous regions: 354->163
[75.300s][info][gc,metaspace   ] GC(223) Metaspace: 66930K(67904K)->66930K(67904K) NonClass: 58531K(59008K)->58531K(59008K) Class: 8399K(8896K)->8399K(8896K)
[75.300s][info][gc             ] GC(223) Pause Young (Prepare Mixed) (G1 Evacuation Pause) 1004M->484M(1079M) 54.044ms
[75.300s][info][gc,cpu         ] GC(223) User=1.45s Sys=0.05s Real=0.06s
[75.544s][info][gc,start       ] GC(224) Pause Young (Mixed) (G1 Evacuation Pause)
[75.545s][info][gc,task        ] GC(224) Using 25 workers of 33 for evacuation
[75.591s][info][gc,phases      ] GC(224)   Pre Evacuate Collection Set: 0.3ms
[75.591s][info][gc,phases      ] GC(224)   Merge Heap Roots: 0.6ms
[75.591s][info][gc,phases      ] GC(224)   Evacuate Collection Set: 43.3ms
[75.591s][info][gc,phases      ] GC(224)   Post Evacuate Collection Set: 1.6ms
[75.591s][info][gc,phases      ] GC(224)   Other: 0.2ms
[75.591s][info][gc,heap        ] GC(224) Eden regions: 443->0(548)
[75.591s][info][gc,heap        ] GC(224) Survivor regions: 56->50(63)
[75.591s][info][gc,heap        ] GC(224) Old regions: 272->310
[75.591s][info][gc,heap        ] GC(224) Archive regions: 0->0
[75.591s][info][gc,heap        ] GC(224) Humongous regions: 182->164
[75.591s][info][gc,metaspace   ] GC(224) Metaspace: 66937K(67904K)->66937K(67904K) NonClass: 58538K(59008K)->58538K(59008K) Class: 8399K(8896K)->8399K(8896K)
[75.591s][info][gc             ] GC(224) Pause Young (Mixed) (G1 Evacuation Pause) 946M->517M(1273M) 46.362ms
[75.591s][info][gc,cpu         ] GC(224) User=1.16s Sys=0.02s Real=0.05s
[75.755s][info][gc,start       ] GC(225) Pause Full (System.gc())
[75.755s][info][gc,task        ] GC(225) Using 30 workers of 33 for full compaction
[75.756s][info][gc,phases,start] GC(225) Phase 1: Mark live objects
[75.785s][info][gc,phases      ] GC(225) Phase 1: Mark live objects 28.896ms
[75.785s][info][gc,phases,start] GC(225) Phase 2: Prepare compaction
[75.792s][info][gc,phases      ] GC(225) Phase 2: Prepare compaction 6.549ms
[75.792s][info][gc,phases,start] GC(225) Phase 3: Adjust pointers
[75.803s][info][gc,phases      ] GC(225) Phase 3: Adjust pointers 11.120ms
[75.803s][info][gc,phases,start] GC(225) Phase 4: Compact heap
[75.804s][info][gc,phases      ] GC(225) Phase 4: Compact heap 0.609ms
[75.815s][info][gc,heap        ] GC(225) Eden regions: 162->0(298)
[75.815s][info][gc,heap        ] GC(225) Survivor regions: 50->0(63)
[75.815s][info][gc,heap        ] GC(225) Old regions: 310->161
[75.815s][info][gc,heap        ] GC(225) Archive regions: 0->0
[75.815s][info][gc,heap        ] GC(225) Humongous regions: 164->10
[75.815s][info][gc,metaspace   ] GC(225) Metaspace: 66937K(67904K)->66937K(67904K) NonClass: 58538K(59008K)->58538K(59008K) Class: 8399K(8896K)->8399K(8896K)
[75.815s][info][gc             ] GC(225) Pause Full (System.gc()) 679M->148M(570M) 60.016ms
[75.815s][info][gc,cpu         ] GC(225) User=0.95s Sys=0.00s Real=0.05s
[75.849s][info][gc,start       ] GC(226) Pause Young (Concurrent Start) (G1 Humongous Allocation)
[75.849s][info][gc,task        ] GC(226) Using 21 workers of 33 for evacuation
[75.852s][info][gc,phases      ] GC(226)   Pre Evacuate Collection Set: 0.5ms
[75.852s][info][gc,phases      ] GC(226)   Merge Heap Roots: 0.1ms
[75.852s][info][gc,phases      ] GC(226)   Evacuate Collection Set: 1.3ms
[75.852s][info][gc,phases      ] GC(226)   Post Evacuate Collection Set: 0.6ms
[75.852s][info][gc,phases      ] GC(226)   Other: 0.1ms
[75.852s][info][gc,heap        ] GC(226) Eden regions: 19->0(309)
[75.852s][info][gc,heap        ] GC(226) Survivor regions: 0->7(38)
[75.852s][info][gc,heap        ] GC(226) Old regions: 161->161
[75.852s][info][gc,heap        ] GC(226) Archive regions: 0->0
[75.852s][info][gc,heap        ] GC(226) Humongous regions: 10->10
[75.852s][info][gc,metaspace   ] GC(226) Metaspace: 66951K(68032K)->66951K(68032K) NonClass: 58551K(59136K)->58551K(59136K) Class: 8399K(8896K)->8399K(8896K)
[75.852s][info][gc             ] GC(226) Pause Young (Concurrent Start) (G1 Humongous Allocation) 167M->155M(570M) 3.113ms
[75.852s][info][gc             ] GC(227) Concurrent Mark Cycle
[75.852s][info][gc,cpu         ] GC(226) User=0.00s Sys=0.00s Real=0.00s
[75.852s][info][gc,marking     ] GC(227) Concurrent Scan Root Regions
[75.853s][info][gc,marking     ] GC(227) Concurrent Scan Root Regions 1.227ms
[75.854s][info][gc,marking     ] GC(227) Concurrent Mark
[75.854s][info][gc,marking     ] GC(227) Concurrent Mark From Roots
[75.854s][info][gc,task        ] GC(227) Using 8 workers of 8 for marking
[75.896s][info][gc,marking     ] GC(227) Concurrent Mark From Roots 42.138ms
[75.896s][info][gc,marking     ] GC(227) Concurrent Preclean
[75.896s][info][gc,marking     ] GC(227) Concurrent Preclean 0.096ms
[75.896s][info][gc,start       ] GC(227) Pause Remark
[75.898s][info][gc             ] GC(227) Pause Remark 182M->182M(570M) 2.111ms
[75.898s][info][gc,cpu         ] GC(227) User=0.00s Sys=0.00s Real=0.00s
[75.898s][info][gc,marking     ] GC(227) Concurrent Mark 44.695ms
[75.898s][info][gc,marking     ] GC(227) Concurrent Rebuild Remembered Sets and Scrub Regions
[75.909s][info][gc,marking     ] GC(227) Concurrent Rebuild Remembered Sets and Scrub Regions 10.492ms
[75.921s][info][gc,start       ] GC(227) Pause Cleanup
[75.921s][info][gc             ] GC(227) Pause Cleanup 196M->196M(570M) 0.225ms
[75.922s][info][gc,cpu         ] GC(227) User=0.00s Sys=0.00s Real=0.00s
[75.922s][info][gc,marking     ] GC(227) Concurrent Clear Claimed Marks
[75.922s][info][gc,marking     ] GC(227) Concurrent Clear Claimed Marks 0.110ms
[75.922s][info][gc,marking     ] GC(227) Concurrent Cleanup for Next Mark
[75.922s][info][gc,marking     ] GC(227) Concurrent Cleanup for Next Mark 0.376ms
[75.922s][info][gc             ] GC(227) Concurrent Mark Cycle 69.919ms
[76.055s][info][gc,start       ] GC(228) Pause Young (Prepare Mixed) (G1 Evacuation Pause)
[76.055s][info][gc,task        ] GC(228) Using 17 workers of 33 for evacuation
[76.084s][info][gc,phases      ] GC(228)   Pre Evacuate Collection Set: 0.2ms
[76.084s][info][gc,phases      ] GC(228)   Merge Heap Roots: 0.2ms
[76.084s][info][gc,phases      ] GC(228)   Evacuate Collection Set: 28.4ms
[76.084s][info][gc,phases      ] GC(228)   Post Evacuate Collection Set: 0.5ms
[76.084s][info][gc,phases      ] GC(228)   Other: 0.2ms
[76.084s][info][gc,heap        ] GC(228) Eden regions: 309->0(215)
[76.084s][info][gc,heap        ] GC(228) Survivor regions: 7->40(40)
[76.084s][info][gc,heap        ] GC(228) Old regions: 161->204
[76.084s][info][gc,heap        ] GC(228) Archive regions: 0->0
[76.084s][info][gc,heap        ] GC(228) Humongous regions: 43->38
[76.084s][info][gc,metaspace   ] GC(228) Metaspace: 66962K(68032K)->66962K(68032K) NonClass: 58562K(59136K)->58562K(59136K) Class: 8399K(8896K)->8399K(8896K)
[76.084s][info][gc             ] GC(228) Pause Young (Prepare Mixed) (G1 Evacuation Pause) 497M->259M(603M) 29.926ms
[76.085s][info][gc,cpu         ] GC(228) User=0.53s Sys=0.00s Real=0.03s
[76.194s][info][gc,start       ] GC(229) Pause Young (Mixed) (G1 Evacuation Pause)
[76.194s][info][gc,task        ] GC(229) Using 15 workers of 33 for evacuation
[76.228s][info][gc,phases      ] GC(229)   Pre Evacuate Collection Set: 0.2ms
[76.228s][info][gc,phases      ] GC(229)   Merge Heap Roots: 0.4ms
[76.228s][info][gc,phases      ] GC(229)   Evacuate Collection Set: 32.6ms
[76.228s][info][gc,phases      ] GC(229)   Post Evacuate Collection Set: 0.4ms
[76.228s][info][gc,phases      ] GC(229)   Other: 0.1ms
[76.228s][info][gc,heap        ] GC(229) Eden regions: 215->0(192)
[76.228s][info][gc,heap        ] GC(229) Survivor regions: 40->28(32)
[76.228s][info][gc,heap        ] GC(229) Old regions: 204->243
[76.228s][info][gc,heap        ] GC(229) Archive regions: 0->0
[76.228s][info][gc,heap        ] GC(229) Humongous regions: 58->58
[76.228s][info][gc,metaspace   ] GC(229) Metaspace: 66962K(68032K)->66962K(68032K) NonClass: 58562K(59136K)->58562K(59136K) Class: 8399K(8896K)->8399K(8896K)
[76.228s][info][gc             ] GC(229) Pause Young (Mixed) (G1 Evacuation Pause) 494M->310M(603M) 33.880ms
[76.228s][info][gc,cpu         ] GC(229) User=0.47s Sys=0.00s Real=0.03s
[76.318s][info][gc,start       ] GC(230) Pause Young (Concurrent Start) (G1 Evacuation Pause)
[76.318s][info][gc,task        ] GC(230) Using 14 workers of 33 for evacuation
[76.344s][info][gc,phases      ] GC(230)   Pre Evacuate Collection Set: 0.5ms
[76.344s][info][gc,phases      ] GC(230)   Merge Heap Roots: 0.2ms
[76.344s][info][gc,phases      ] GC(230)   Evacuate Collection Set: 25.2ms
[76.344s][info][gc,phases      ] GC(230)   Post Evacuate Collection Set: 0.5ms
[76.344s][info][gc,phases      ] GC(230)   Other: 0.1ms
[76.345s][info][gc,heap        ] GC(230) Eden regions: 192->0(184)
[76.345s][info][gc,heap        ] GC(230) Survivor regions: 28->21(28)
[76.345s][info][gc,heap        ] GC(230) Old regions: 243->270
[76.345s][info][gc,heap        ] GC(230) Archive regions: 0->0
[76.345s][info][gc,heap        ] GC(230) Humongous regions: 58->58
[76.345s][info][gc,metaspace   ] GC(230) Metaspace: 66962K(68032K)->66962K(68032K) NonClass: 58562K(59136K)->58562K(59136K) Class: 8399K(8896K)->8399K(8896K)
[76.345s][info][gc             ] GC(230) Pause Young (Concurrent Start) (G1 Evacuation Pause) 502M->329M(603M) 26.880ms
[76.345s][info][gc             ] GC(231) Concurrent Mark Cycle
[76.345s][info][gc,cpu         ] GC(230) User=0.22s Sys=0.00s Real=0.02s
[76.345s][info][gc,marking     ] GC(231) Concurrent Scan Root Regions
[76.351s][info][gc,marking     ] GC(231) Concurrent Scan Root Regions 6.058ms
[76.351s][info][gc,marking     ] GC(231) Concurrent Mark
[76.351s][info][gc,marking     ] GC(231) Concurrent Mark From Roots
[76.351s][info][gc,task        ] GC(231) Using 8 workers of 8 for marking
[76.407s][info][gc,marking     ] GC(231) Concurrent Mark From Roots 56.582ms
[76.408s][info][gc,marking     ] GC(231) Concurrent Preclean
[76.408s][info][gc,marking     ] GC(231) Concurrent Preclean 0.145ms
[76.408s][info][gc,start       ] GC(231) Pause Remark
[76.411s][info][gc             ] GC(231) Pause Remark 415M->391M(685M) 2.798ms
[76.411s][info][gc,cpu         ] GC(231) User=0.00s Sys=0.00s Real=0.00s
[76.411s][info][gc,marking     ] GC(231) Concurrent Mark 59.901ms
[76.411s][info][gc,marking     ] GC(231) Concurrent Rebuild Remembered Sets and Scrub Regions
[76.454s][info][gc,marking     ] GC(231) Concurrent Rebuild Remembered Sets and Scrub Regions 43.082ms
[76.454s][info][gc,start       ] GC(231) Pause Cleanup
[76.454s][info][gc             ] GC(231) Pause Cleanup 458M->458M(685M) 0.289ms
[76.454s][info][gc,cpu         ] GC(231) User=0.00s Sys=0.00s Real=0.00s
[76.454s][info][gc,marking     ] GC(231) Concurrent Clear Claimed Marks
[76.455s][info][gc,marking     ] GC(231) Concurrent Clear Claimed Marks 0.111ms
[76.455s][info][gc,marking     ] GC(231) Concurrent Cleanup for Next Mark
[76.456s][info][gc,marking     ] GC(231) Concurrent Cleanup for Next Mark 1.034ms
[76.456s][info][gc             ] GC(231) Concurrent Mark Cycle 110.952ms
[76.481s][info][gc,start       ] GC(232) Pause Young (Prepare Mixed) (G1 Evacuation Pause)
[76.481s][info][gc,task        ] GC(232) Using 16 workers of 33 for evacuation
[76.505s][info][gc,phases      ] GC(232)   Pre Evacuate Collection Set: 0.2ms
[76.505s][info][gc,phases      ] GC(232)   Merge Heap Roots: 0.7ms
[76.505s][info][gc,phases      ] GC(232)   Evacuate Collection Set: 23.1ms
[76.505s][info][gc,phases      ] GC(232)   Post Evacuate Collection Set: 0.5ms
[76.505s][info][gc,phases      ] GC(232)   Other: 0.2ms
[76.505s][info][gc,heap        ] GC(232) Eden regions: 184->0(237)
[76.505s][info][gc,heap        ] GC(232) Survivor regions: 21->19(26)
[76.505s][info][gc,heap        ] GC(232) Old regions: 270->289
[76.506s][info][gc,heap        ] GC(232) Archive regions: 0->0
[76.506s][info][gc,heap        ] GC(232) Humongous regions: 54->54
[76.506s][info][gc,metaspace   ] GC(232) Metaspace: 66962K(68032K)->66962K(68032K) NonClass: 58562K(59136K)->58562K(59136K) Class: 8399K(8896K)->8399K(8896K)
[76.506s][info][gc             ] GC(232) Pause Young (Prepare Mixed) (G1 Evacuation Pause) 509M->342M(685M) 25.031ms
[76.506s][info][gc,cpu         ] GC(232) User=0.25s Sys=0.00s Real=0.02s
[76.618s][info][gc,start       ] GC(233) Pause Young (Mixed) (G1 Evacuation Pause)
[76.618s][info][gc,task        ] GC(233) Using 16 workers of 33 for evacuation
[76.646s][info][gc,phases      ] GC(233)   Pre Evacuate Collection Set: 0.2ms
[76.646s][info][gc,phases      ] GC(233)   Merge Heap Roots: 0.2ms
[76.646s][info][gc,phases      ] GC(233)   Evacuate Collection Set: 23.4ms
[76.646s][info][gc,phases      ] GC(233)   Post Evacuate Collection Set: 4.3ms
[76.646s][info][gc,phases      ] GC(233)   Other: 0.2ms
[76.646s][info][gc,heap        ] GC(233) Eden regions: 237->0(614)
[76.646s][info][gc,heap        ] GC(233) Survivor regions: 19->20(32)
[76.646s][info][gc,heap        ] GC(233) Old regions: 289->300
[76.647s][info][gc,heap        ] GC(233) Archive regions: 0->0
[76.647s][info][gc,heap        ] GC(233) Humongous regions: 54->54
[76.647s][info][gc,metaspace   ] GC(233) Metaspace: 66962K(68032K)->66962K(68032K) NonClass: 58562K(59136K)->58562K(59136K) Class: 8399K(8896K)->8399K(8896K)
[76.647s][info][gc             ] GC(233) Pause Young (Mixed) (G1 Evacuation Pause) 579M->359M(1173M) 28.655ms
[76.647s][info][gc,cpu         ] GC(233) User=0.50s Sys=0.00s Real=0.03s
[77.034s][info][gc,start       ] GC(234) Pause Young (Concurrent Start) (G1 Humongous Allocation)
[77.034s][info][gc,task        ] GC(234) Using 28 workers of 33 for evacuation
[77.059s][info][gc,phases      ] GC(234)   Pre Evacuate Collection Set: 0.4ms
[77.059s][info][gc,phases      ] GC(234)   Merge Heap Roots: 0.3ms
[77.059s][info][gc,phases      ] GC(234)   Evacuate Collection Set: 22.8ms
[77.059s][info][gc,phases      ] GC(234)   Post Evacuate Collection Set: 0.7ms
[77.059s][info][gc,phases      ] GC(234)   Other: 0.2ms
[77.059s][info][gc,heap        ] GC(234) Eden regions: 528->0(609)
[77.059s][info][gc,heap        ] GC(234) Survivor regions: 20->48(80)
[77.059s][info][gc,heap        ] GC(234) Old regions: 300->300
[77.059s][info][gc,heap        ] GC(234) Archive regions: 0->0
[77.059s][info][gc,heap        ] GC(234) Humongous regions: 54->54
[77.059s][info][gc,metaspace   ] GC(234) Metaspace: 66962K(68032K)->66962K(68032K) NonClass: 58562K(59136K)->58562K(59136K) Class: 8399K(8896K)->8399K(8896K)
[77.059s][info][gc             ] GC(234) Pause Young (Concurrent Start) (G1 Humongous Allocation) 886M->387M(1173M) 24.869ms
[77.059s][info][gc             ] GC(235) Concurrent Mark Cycle
[77.059s][info][gc,cpu         ] GC(234) User=0.44s Sys=0.00s Real=0.02s
[77.059s][info][gc,marking     ] GC(235) Concurrent Scan Root Regions
[77.068s][info][gc,marking     ] GC(235) Concurrent Scan Root Regions 9.126ms
[77.068s][info][gc,marking     ] GC(235) Concurrent Mark
[77.068s][info][gc,marking     ] GC(235) Concurrent Mark From Roots
[77.068s][info][gc,task        ] GC(235) Using 8 workers of 8 for marking
[77.120s][info][gc,marking     ] GC(235) Concurrent Mark From Roots 52.008ms
[77.120s][info][gc,marking     ] GC(235) Concurrent Preclean
[77.121s][info][gc,marking     ] GC(235) Concurrent Preclean 0.118ms
[77.121s][info][gc,start       ] GC(235) Pause Remark
[77.123s][info][gc             ] GC(235) Pause Remark 390M->311M(1090M) 2.650ms
[77.123s][info][gc,cpu         ] GC(235) User=0.00s Sys=0.00s Real=0.00s
[77.124s][info][gc,marking     ] GC(235) Concurrent Mark 55.143ms
[77.124s][info][gc,marking     ] GC(235) Concurrent Rebuild Remembered Sets and Scrub Regions
[77.160s][info][gc,marking     ] GC(235) Concurrent Rebuild Remembered Sets and Scrub Regions 36.851ms
[77.161s][info][gc,start       ] GC(235) Pause Cleanup
[77.161s][info][gc             ] GC(235) Pause Cleanup 313M->313M(1090M) 0.461ms
[77.161s][info][gc,cpu         ] GC(235) User=0.00s Sys=0.00s Real=0.00s
[77.161s][info][gc,marking     ] GC(235) Concurrent Clear Claimed Marks
[77.161s][info][gc,marking     ] GC(235) Concurrent Clear Claimed Marks 0.085ms
[77.161s][info][gc,marking     ] GC(235) Concurrent Cleanup for Next Mark
[77.163s][info][gc,marking     ] GC(235) Concurrent Cleanup for Next Mark 1.930ms
[77.163s][info][gc             ] GC(235) Concurrent Mark Cycle 104.082ms
[78.018s][info][gc,start       ] GC(236) Pause Young (Prepare Mixed) (G1 Evacuation Pause)
[78.018s][info][gc,task        ] GC(236) Using 27 workers of 33 for evacuation
[78.095s][info][gc,phases      ] GC(236)   Pre Evacuate Collection Set: 0.3ms
[78.095s][info][gc,phases      ] GC(236)   Merge Heap Roots: 0.8ms
[78.095s][info][gc,phases      ] GC(236)   Evacuate Collection Set: 74.5ms
[78.095s][info][gc,phases      ] GC(236)   Post Evacuate Collection Set: 0.8ms
[78.095s][info][gc,phases      ] GC(236)   Other: 0.2ms
[78.095s][info][gc,heap        ] GC(236) Eden regions: 606->0(476)
[78.095s][info][gc,heap        ] GC(236) Survivor regions: 48->82(82)
[78.095s][info][gc,heap        ] GC(236) Old regions: 245->332
[78.095s][info][gc,heap        ] GC(236) Archive regions: 0->0
[78.095s][info][gc,heap        ] GC(236) Humongous regions: 115->110
[78.095s][info][gc,metaspace   ] GC(236) Metaspace: 66977K(68032K)->66977K(68032K) NonClass: 58577K(59136K)->58577K(59136K) Class: 8400K(8896K)->8400K(8896K)
[78.095s][info][gc             ] GC(236) Pause Young (Prepare Mixed) (G1 Evacuation Pause) 999M->508M(1183M) 76.997ms
[78.095s][info][gc,cpu         ] GC(236) User=1.91s Sys=0.20s Real=0.08s
[78.354s][info][gc,start       ] GC(237) Pause Young (Mixed) (G1 Evacuation Pause)
[78.354s][info][gc,task        ] GC(237) Using 28 workers of 33 for evacuation
[78.410s][info][gc,phases      ] GC(237)   Pre Evacuate Collection Set: 0.3ms
[78.410s][info][gc,phases      ] GC(237)   Merge Heap Roots: 1.0ms
[78.410s][info][gc,phases      ] GC(237)   Evacuate Collection Set: 53.3ms
[78.410s][info][gc,phases      ] GC(237)   Post Evacuate Collection Set: 0.7ms
[78.410s][info][gc,phases      ] GC(237)   Other: 0.2ms
[78.410s][info][gc,heap        ] GC(237) Eden regions: 476->0(428)
[78.410s][info][gc,heap        ] GC(237) Survivor regions: 82->53(70)
[78.410s][info][gc,heap        ] GC(237) Old regions: 332->407
[78.410s][info][gc,heap        ] GC(237) Archive regions: 0->0
[78.410s][info][gc,heap        ] GC(237) Humongous regions: 142->142
[78.410s][info][gc,metaspace   ] GC(237) Metaspace: 66977K(68032K)->66977K(68032K) NonClass: 58577K(59136K)->58577K(59136K) Class: 8400K(8896K)->8400K(8896K)
[78.410s][info][gc             ] GC(237) Pause Young (Mixed) (G1 Evacuation Pause) 1016M->592M(1183M) 55.837ms
[78.410s][info][gc,cpu         ] GC(237) User=1.75s Sys=0.00s Real=0.06s
[78.618s][info][gc,start       ] GC(238) Pause Young (Concurrent Start) (G1 Evacuation Pause)
[78.618s][info][gc,task        ] GC(238) Using 28 workers of 33 for evacuation
[78.649s][info][gc,phases      ] GC(238)   Pre Evacuate Collection Set: 0.6ms
[78.649s][info][gc,phases      ] GC(238)   Merge Heap Roots: 0.4ms
[78.649s][info][gc,phases      ] GC(238)   Evacuate Collection Set: 29.2ms
[78.649s][info][gc,phases      ] GC(238)   Post Evacuate Collection Set: 0.6ms
[78.649s][info][gc,phases      ] GC(238)   Other: 0.1ms
[78.649s][info][gc,heap        ] GC(238) Eden regions: 428->0(419)
[78.649s][info][gc,heap        ] GC(238) Survivor regions: 53->35(61)
[78.649s][info][gc,heap        ] GC(238) Old regions: 407->455
[78.649s][info][gc,heap        ] GC(238) Archive regions: 0->0
[78.649s][info][gc,heap        ] GC(238) Humongous regions: 142->142
[78.649s][info][gc,metaspace   ] GC(238) Metaspace: 66977K(68032K)->66977K(68032K) NonClass: 58577K(59136K)->58577K(59136K) Class: 8400K(8896K)->8400K(8896K)
[78.649s][info][gc             ] GC(238) Pause Young (Concurrent Start) (G1 Evacuation Pause) 1020M->623M(1183M) 31.150ms
[78.649s][info][gc             ] GC(239) Concurrent Mark Cycle
[78.649s][info][gc,cpu         ] GC(238) User=0.88s Sys=0.00s Real=0.03s
[78.649s][info][gc,marking     ] GC(239) Concurrent Scan Root Regions
[78.656s][info][gc,marking     ] GC(239) Concurrent Scan Root Regions 7.364ms
[78.656s][info][gc,marking     ] GC(239) Concurrent Mark
[78.656s][info][gc,marking     ] GC(239) Concurrent Mark From Roots
[78.656s][info][gc,task        ] GC(239) Using 8 workers of 8 for marking
[78.714s][info][gc,marking     ] GC(239) Concurrent Mark From Roots 57.517ms
[78.714s][info][gc,marking     ] GC(239) Concurrent Preclean
[78.714s][info][gc,marking     ] GC(239) Concurrent Preclean 0.199ms
[78.714s][info][gc,start       ] GC(239) Pause Remark
[78.717s][info][gc             ] GC(239) Pause Remark 721M->542M(1183M) 2.748ms
[78.717s][info][gc,cpu         ] GC(239) User=0.00s Sys=0.00s Real=0.00s
[78.717s][info][gc,marking     ] GC(239) Concurrent Mark 60.856ms
[78.717s][info][gc,marking     ] GC(239) Concurrent Rebuild Remembered Sets and Scrub Regions
[78.764s][info][gc,marking     ] GC(239) Concurrent Rebuild Remembered Sets and Scrub Regions 46.814ms
[78.764s][info][gc,start       ] GC(239) Pause Cleanup
[78.765s][info][gc             ] GC(239) Pause Cleanup 617M->617M(1183M) 0.490ms
[78.765s][info][gc,cpu         ] GC(239) User=0.00s Sys=0.00s Real=0.00s
[78.765s][info][gc,marking     ] GC(239) Concurrent Clear Claimed Marks
[78.765s][info][gc,marking     ] GC(239) Concurrent Clear Claimed Marks 0.113ms
[78.765s][info][gc,marking     ] GC(239) Concurrent Cleanup for Next Mark
[78.766s][info][gc,marking     ] GC(239) Concurrent Cleanup for Next Mark 0.886ms
[78.766s][info][gc             ] GC(239) Concurrent Mark Cycle 117.106ms
[79.557s][info][gc,start       ] GC(240) Pause Young (Prepare Mixed) (G1 Evacuation Pause)
[79.557s][info][gc,task        ] GC(240) Using 28 workers of 33 for evacuation
[79.602s][info][gc,phases      ] GC(240)   Pre Evacuate Collection Set: 0.3ms
[79.602s][info][gc,phases      ] GC(240)   Merge Heap Roots: 0.8ms
[79.602s][info][gc,phases      ] GC(240)   Evacuate Collection Set: 43.0ms
[79.602s][info][gc,phases      ] GC(240)   Post Evacuate Collection Set: 0.9ms
[79.602s][info][gc,phases      ] GC(240)   Other: 0.2ms
[79.602s][info][gc,heap        ] GC(240) Eden regions: 419->0(487)
[79.602s][info][gc,heap        ] GC(240) Survivor regions: 35->52(57)
[79.602s][info][gc,heap        ] GC(240) Old regions: 376->405
[79.602s][info][gc,heap        ] GC(240) Archive regions: 0->0
[79.602s][info][gc,heap        ] GC(240) Humongous regions: 91->86
[79.602s][info][gc,metaspace   ] GC(240) Metaspace: 66998K(68032K)->66998K(68032K) NonClass: 58598K(59136K)->58598K(59136K) Class: 8400K(8896K)->8400K(8896K)
[79.602s][info][gc             ] GC(240) Pause Young (Prepare Mixed) (G1 Evacuation Pause) 912M->534M(1183M) 45.618ms
[79.602s][info][gc,cpu         ] GC(240) User=1.31s Sys=0.00s Real=0.05s
[80.094s][info][gc,start       ] GC(241) Pause Young (Mixed) (G1 Evacuation Pause)
[80.095s][info][gc,task        ] GC(241) Using 28 workers of 33 for evacuation
[80.147s][info][gc,phases      ] GC(241)   Pre Evacuate Collection Set: 0.3ms
[80.147s][info][gc,phases      ] GC(241)   Merge Heap Roots: 0.9ms
[80.147s][info][gc,phases      ] GC(241)   Evacuate Collection Set: 50.7ms
[80.147s][info][gc,phases      ] GC(241)   Post Evacuate Collection Set: 0.8ms
[80.148s][info][gc,phases      ] GC(241)   Other: 0.2ms
[80.148s][info][gc,heap        ] GC(241) Eden regions: 487->0(437)
[80.148s][info][gc,heap        ] GC(241) Survivor regions: 52->68(68)
[80.148s][info][gc,heap        ] GC(241) Old regions: 405->409
[80.148s][info][gc,heap        ] GC(241) Archive regions: 0->0
[80.148s][info][gc,heap        ] GC(241) Humongous regions: 144->134
[80.148s][info][gc,metaspace   ] GC(241) Metaspace: 67042K(68096K)->67042K(68096K) NonClass: 58642K(59200K)->58642K(59200K) Class: 8400K(8896K)->8400K(8896K)
[80.148s][info][gc             ] GC(241) Pause Young (Mixed) (G1 Evacuation Pause) 1079M->605M(1206M) 53.208ms
[80.148s][info][gc,cpu         ] GC(241) User=1.75s Sys=0.00s Real=0.06s
[80.508s][info][gc,start       ] GC(242) Pause Young (Concurrent Start) (G1 Humongous Allocation)
[80.508s][info][gc,task        ] GC(242) Using 28 workers of 33 for evacuation
[80.536s][info][gc,phases      ] GC(242)   Pre Evacuate Collection Set: 0.6ms
[80.536s][info][gc,phases      ] GC(242)   Merge Heap Roots: 0.4ms
[80.536s][info][gc,phases      ] GC(242)   Evacuate Collection Set: 25.4ms
[80.536s][info][gc,phases      ] GC(242)   Post Evacuate Collection Set: 1.6ms
[80.536s][info][gc,phases      ] GC(242)   Other: 0.1ms
[80.536s][info][gc,heap        ] GC(242) Eden regions: 137->0(566)
[80.536s][info][gc,heap        ] GC(242) Survivor regions: 68->9(64)
[80.536s][info][gc,heap        ] GC(242) Old regions: 409->481
[80.536s][info][gc,heap        ] GC(242) Archive regions: 0->0
[80.536s][info][gc,heap        ] GC(242) Humongous regions: 134->134
[80.536s][info][gc,metaspace   ] GC(242) Metaspace: 67043K(68096K)->67043K(68096K) NonClass: 58643K(59200K)->58643K(59200K) Class: 8400K(8896K)->8400K(8896K)
[80.536s][info][gc             ] GC(242) Pause Young (Concurrent Start) (G1 Humongous Allocation) 742M->617M(1342M) 28.513ms
[80.536s][info][gc             ] GC(243) Concurrent Mark Cycle
[80.536s][info][gc,cpu         ] GC(242) User=0.88s Sys=0.00s Real=0.03s
[80.536s][info][gc,marking     ] GC(243) Concurrent Scan Root Regions
[80.541s][info][gc,marking     ] GC(243) Concurrent Scan Root Regions 4.525ms
[80.541s][info][gc,marking     ] GC(243) Concurrent Mark
[80.541s][info][gc,marking     ] GC(243) Concurrent Mark From Roots
[80.541s][info][gc,task        ] GC(243) Using 8 workers of 8 for marking
[80.570s][info][gc,marking     ] GC(243) Concurrent Mark From Roots 28.883ms
[80.570s][info][gc,marking     ] GC(243) Concurrent Preclean
[80.570s][info][gc,marking     ] GC(243) Concurrent Preclean 0.135ms
[80.570s][info][gc,start       ] GC(243) Pause Remark
[80.573s][info][gc             ] GC(243) Pause Remark 638M->295M(1007M) 2.939ms
[80.573s][info][gc,cpu         ] GC(243) User=0.00s Sys=0.00s Real=0.00s
[80.573s][info][gc,marking     ] GC(243) Concurrent Mark 32.284ms
[80.573s][info][gc,marking     ] GC(243) Concurrent Rebuild Remembered Sets and Scrub Regions
[80.590s][info][gc,marking     ] GC(243) Concurrent Rebuild Remembered Sets and Scrub Regions 16.809ms
[80.590s][info][gc,start       ] GC(243) Pause Cleanup
[80.591s][info][gc             ] GC(243) Pause Cleanup 323M->323M(1007M) 0.372ms
[80.591s][info][gc,cpu         ] GC(243) User=0.38s Sys=0.02s Real=0.02s
[80.591s][info][gc,marking     ] GC(243) Concurrent Clear Claimed Marks
[80.591s][info][gc,marking     ] GC(243) Concurrent Clear Claimed Marks 0.079ms
[80.591s][info][gc,marking     ] GC(243) Concurrent Cleanup for Next Mark
[80.592s][info][gc,marking     ] GC(243) Concurrent Cleanup for Next Mark 0.684ms
[80.592s][info][gc             ] GC(243) Concurrent Mark Cycle 55.228ms
[81.185s][info][gc,start       ] GC(244) Pause Young (Prepare Mixed) (G1 Evacuation Pause)
[81.185s][info][gc,task        ] GC(244) Using 26 workers of 33 for evacuation
[81.241s][info][gc,phases      ] GC(244)   Pre Evacuate Collection Set: 0.3ms
[81.241s][info][gc,phases      ] GC(244)   Merge Heap Roots: 0.4ms
[81.241s][info][gc,phases      ] GC(244)   Evacuate Collection Set: 53.9ms
[81.241s][info][gc,phases      ] GC(244)   Post Evacuate Collection Set: 0.7ms
[81.241s][info][gc,phases      ] GC(244)   Other: 0.2ms
[81.241s][info][gc,heap        ] GC(244) Eden regions: 566->0(482)
[81.241s][info][gc,heap        ] GC(244) Survivor regions: 9->71(72)
[81.241s][info][gc,heap        ] GC(244) Old regions: 262->262
[81.241s][info][gc,heap        ] GC(244) Archive regions: 0->0
[81.241s][info][gc,heap        ] GC(244) Humongous regions: 158->104
[81.241s][info][gc,metaspace   ] GC(244) Metaspace: 67046K(68096K)->67046K(68096K) NonClass: 58646K(59200K)->58646K(59200K) Class: 8400K(8896K)->8400K(8896K)
[81.241s][info][gc             ] GC(244) Pause Young (Prepare Mixed) (G1 Evacuation Pause) 988M->430M(1066M) 55.866ms
[81.241s][info][gc,cpu         ] GC(244) User=1.45s Sys=0.17s Real=0.06s
[81.559s][info][gc,start       ] GC(245) Pause Young (Mixed) (G1 Evacuation Pause)
[81.559s][info][gc,task        ] GC(245) Using 25 workers of 33 for evacuation
[81.636s][info][gc,phases      ] GC(245)   Pre Evacuate Collection Set: 0.3ms
[81.636s][info][gc,phases      ] GC(245)   Merge Heap Roots: 0.7ms
[81.636s][info][gc,phases      ] GC(245)   Evacuate Collection Set: 74.5ms
[81.636s][info][gc,phases      ] GC(245)   Post Evacuate Collection Set: 0.7ms
[81.636s][info][gc,phases      ] GC(245)   Other: 0.2ms
[81.636s][info][gc,heap        ] GC(245) Eden regions: 417->0(511)
[81.636s][info][gc,heap        ] GC(245) Survivor regions: 71->59(70)
[81.636s][info][gc,heap        ] GC(245) Old regions: 262->325
[81.636s][info][gc,heap        ] GC(245) Archive regions: 0->0
[81.636s][info][gc,heap        ] GC(245) Humongous regions: 316->134
[81.636s][info][gc,metaspace   ] GC(245) Metaspace: 67052K(68096K)->67052K(68096K) NonClass: 58651K(59200K)->58651K(59200K) Class: 8400K(8896K)->8400K(8896K)
[81.636s][info][gc             ] GC(245) Pause Young (Mixed) (G1 Evacuation Pause) 1059M->511M(1196M) 76.766ms
[81.636s][info][gc,cpu         ] GC(245) User=1.42s Sys=0.16s Real=0.08s
[81.754s][info][gc,start       ] GC(246) Pause Young (Concurrent Start) (G1 Humongous Allocation)
[81.754s][info][gc,task        ] GC(246) Using 28 workers of 33 for evacuation
[81.779s][info][gc,phases      ] GC(246)   Pre Evacuate Collection Set: 0.6ms
[81.779s][info][gc,phases      ] GC(246)   Merge Heap Roots: 0.4ms
[81.779s][info][gc,phases      ] GC(246)   Evacuate Collection Set: 24.0ms
[81.779s][info][gc,phases      ] GC(246)   Post Evacuate Collection Set: 0.5ms
[81.779s][info][gc,phases      ] GC(246)   Other: 0.1ms
[81.779s][info][gc,heap        ] GC(246) Eden regions: 221->0(541)
[81.779s][info][gc,heap        ] GC(246) Survivor regions: 59->1(72)
[81.779s][info][gc,heap        ] GC(246) Old regions: 325->383
[81.780s][info][gc,heap        ] GC(246) Archive regions: 0->0
[81.780s][info][gc,heap        ] GC(246) Humongous regions: 134->134
[81.780s][info][gc,metaspace   ] GC(246) Metaspace: 67052K(68096K)->67052K(68096K) NonClass: 58651K(59200K)->58651K(59200K) Class: 8400K(8896K)->8400K(8896K)
[81.780s][info][gc             ] GC(246) Pause Young (Concurrent Start) (G1 Humongous Allocation) 732M->511M(1196M) 25.874ms
[81.780s][info][gc             ] GC(247) Concurrent Mark Cycle
[81.780s][info][gc,cpu         ] GC(246) User=0.44s Sys=0.00s Real=0.02s
[81.780s][info][gc,marking     ] GC(247) Concurrent Scan Root Regions
[81.784s][info][gc,marking     ] GC(247) Concurrent Scan Root Regions 4.481ms
[81.784s][info][gc,marking     ] GC(247) Concurrent Mark
[81.784s][info][gc,marking     ] GC(247) Concurrent Mark From Roots
[81.784s][info][gc,task        ] GC(247) Using 8 workers of 8 for marking
[81.814s][info][gc,marking     ] GC(247) Concurrent Mark From Roots 29.348ms
[81.814s][info][gc,marking     ] GC(247) Concurrent Preclean
[81.814s][info][gc,marking     ] GC(247) Concurrent Preclean 0.179ms
[81.814s][info][gc,start       ] GC(247) Pause Remark
[81.817s][info][gc             ] GC(247) Pause Remark 553M->334M(1137M) 3.020ms
[81.817s][info][gc,cpu         ] GC(247) User=0.00s Sys=0.00s Real=0.00s
[81.817s][info][gc,marking     ] GC(247) Concurrent Mark 32.921ms
[81.817s][info][gc,marking     ] GC(247) Concurrent Rebuild Remembered Sets and Scrub Regions
[81.833s][info][gc,marking     ] GC(247) Concurrent Rebuild Remembered Sets and Scrub Regions 15.583ms
[81.833s][info][gc,start       ] GC(247) Pause Cleanup
[81.833s][info][gc             ] GC(247) Pause Cleanup 356M->356M(1137M) 0.401ms
[81.833s][info][gc,cpu         ] GC(247) User=0.00s Sys=0.00s Real=0.00s
[81.834s][info][gc,marking     ] GC(247) Concurrent Clear Claimed Marks
[81.834s][info][gc,marking     ] GC(247) Concurrent Clear Claimed Marks 0.105ms
[81.834s][info][gc,marking     ] GC(247) Concurrent Cleanup for Next Mark
[81.835s][info][gc,marking     ] GC(247) Concurrent Cleanup for Next Mark 1.084ms
[81.835s][info][gc             ] GC(247) Concurrent Mark Cycle 55.073ms
[81.919s][info][gc,start       ] GC(248) Pause Full (System.gc())
[81.919s][info][gc,task        ] GC(248) Using 27 workers of 33 for full compaction
[81.921s][info][gc,phases,start] GC(248) Phase 1: Mark live objects
[81.951s][info][gc,phases      ] GC(248) Phase 1: Mark live objects 30.502ms
[81.951s][info][gc,phases,start] GC(248) Phase 2: Prepare compaction
[81.957s][info][gc,phases      ] GC(248) Phase 2: Prepare compaction 5.706ms
[81.957s][info][gc,phases,start] GC(248) Phase 3: Adjust pointers
[81.968s][info][gc,phases      ] GC(248) Phase 3: Adjust pointers 10.621ms
[81.968s][info][gc,phases,start] GC(248) Phase 4: Compact heap
[81.968s][info][gc,phases      ] GC(248) Phase 4: Compact heap 0.586ms
[81.979s][info][gc,heap        ] GC(248) Eden regions: 186->0(309)
[81.979s][info][gc,heap        ] GC(248) Survivor regions: 1->0(72)
[81.979s][info][gc,heap        ] GC(248) Old regions: 282->159
[81.979s][info][gc,heap        ] GC(248) Archive regions: 0->0
[81.979s][info][gc,heap        ] GC(248) Humongous regions: 19->10
[81.979s][info][gc,metaspace   ] GC(248) Metaspace: 67052K(68096K)->67052K(68096K) NonClass: 58651K(59200K)->58651K(59200K) Class: 8400K(8896K)->8400K(8896K)
[81.979s][info][gc             ] GC(248) Pause Full (System.gc()) 482M->148M(564M) 59.557ms
[81.979s][info][gc,cpu         ] GC(248) User=0.86s Sys=0.00s Real=0.05s
[82.033s][info][gc,start       ] GC(249) Pause Young (Concurrent Start) (G1 Humongous Allocation)
[82.033s][info][gc,task        ] GC(249) Using 20 workers of 33 for evacuation
[82.035s][info][gc,phases      ] GC(249)   Pre Evacuate Collection Set: 0.5ms
[82.036s][info][gc,phases      ] GC(249)   Merge Heap Roots: 0.1ms
[82.036s][info][gc,phases      ] GC(249)   Evacuate Collection Set: 1.3ms
[82.036s][info][gc,phases      ] GC(249)   Post Evacuate Collection Set: 0.6ms
[82.036s][info][gc,phases      ] GC(249)   Other: 0.1ms
[82.036s][info][gc,heap        ] GC(249) Eden regions: 18->0(321)
[82.036s][info][gc,heap        ] GC(249) Survivor regions: 0->3(39)
[82.036s][info][gc,heap        ] GC(249) Old regions: 159->159
[82.036s][info][gc,heap        ] GC(249) Archive regions: 0->0
[82.036s][info][gc,heap        ] GC(249) Humongous regions: 10->10
[82.036s][info][gc,metaspace   ] GC(249) Metaspace: 67053K(68096K)->67053K(68096K) NonClass: 58652K(59200K)->58652K(59200K) Class: 8400K(8896K)->8400K(8896K)
[82.036s][info][gc             ] GC(249) Pause Young (Concurrent Start) (G1 Humongous Allocation) 165M->151M(564M) 3.107ms
[82.036s][info][gc             ] GC(250) Concurrent Mark Cycle
[82.036s][info][gc,cpu         ] GC(249) User=0.00s Sys=0.00s Real=0.00s
[82.036s][info][gc,marking     ] GC(250) Concurrent Scan Root Regions
[82.037s][info][gc,marking     ] GC(250) Concurrent Scan Root Regions 1.220ms
[82.037s][info][gc,marking     ] GC(250) Concurrent Mark
[82.037s][info][gc,marking     ] GC(250) Concurrent Mark From Roots
[82.037s][info][gc,task        ] GC(250) Using 8 workers of 8 for marking
[82.080s][info][gc,marking     ] GC(250) Concurrent Mark From Roots 42.732ms
[82.080s][info][gc,marking     ] GC(250) Concurrent Preclean
[82.080s][info][gc,marking     ] GC(250) Concurrent Preclean 0.116ms
[82.080s][info][gc,start       ] GC(250) Pause Remark
[82.082s][info][gc             ] GC(250) Pause Remark 184M->184M(564M) 2.083ms
[82.082s][info][gc,cpu         ] GC(250) User=0.00s Sys=0.00s Real=0.00s
[82.083s][info][gc,marking     ] GC(250) Concurrent Mark 45.285ms
[82.083s][info][gc,marking     ] GC(250) Concurrent Rebuild Remembered Sets and Scrub Regions
[82.095s][info][gc,marking     ] GC(250) Concurrent Rebuild Remembered Sets and Scrub Regions 12.582ms
[82.106s][info][gc,start       ] GC(250) Pause Cleanup
[82.106s][info][gc             ] GC(250) Pause Cleanup 205M->205M(564M) 0.227ms
[82.106s][info][gc,cpu         ] GC(250) User=0.00s Sys=0.00s Real=0.00s
[82.106s][info][gc,marking     ] GC(250) Concurrent Clear Claimed Marks
[82.106s][info][gc,marking     ] GC(250) Concurrent Clear Claimed Marks 0.103ms
[82.106s][info][gc,marking     ] GC(250) Concurrent Cleanup for Next Mark
[82.107s][info][gc,marking     ] GC(250) Concurrent Cleanup for Next Mark 0.378ms
[82.107s][info][gc             ] GC(250) Concurrent Mark Cycle 70.633ms
[82.233s][info][gc,start       ] GC(251) Pause Young (Prepare Mixed) (G1 Evacuation Pause)
[82.233s][info][gc,task        ] GC(251) Using 16 workers of 33 for evacuation
[82.264s][info][gc,phases      ] GC(251)   Pre Evacuate Collection Set: 0.2ms
[82.290s][info][gc,phases      ] GC(251)   Merge Heap Roots: 0.2ms
[82.290s][info][gc,phases      ] GC(251)   Evacuate Collection Set: 29.9ms
[82.290s][info][gc,phases      ] GC(251)   Post Evacuate Collection Set: 0.5ms
[82.290s][info][gc,phases      ] GC(251)   Other: 0.2ms
[82.290s][info][gc,heap        ] GC(251) Eden regions: 321->0(232)
[82.290s][info][gc,heap        ] GC(251) Survivor regions: 3->41(41)
[82.290s][info][gc,heap        ] GC(251) Old regions: 159->202
[82.290s][info][gc,heap        ] GC(251) Archive regions: 0->0
[82.290s][info][gc,heap        ] GC(251) Humongous regions: 43->38
[82.290s][info][gc,metaspace   ] GC(251) Metaspace: 67055K(68096K)->67055K(68096K) NonClass: 58654K(59200K)->58654K(59200K) Class: 8400K(8896K)->8400K(8896K)
[82.290s][info][gc             ] GC(251) Pause Young (Prepare Mixed) (G1 Evacuation Pause) 505M->260M(610M) 57.089ms
[82.290s][info][gc,cpu         ] GC(251) User=0.50s Sys=0.00s Real=0.05s
[82.419s][info][gc,start       ] GC(252) Pause Young (Mixed) (G1 Evacuation Pause)
[82.419s][info][gc,task        ] GC(252) Using 15 workers of 33 for evacuation
[82.460s][info][gc,phases      ] GC(252)   Pre Evacuate Collection Set: 0.2ms
[82.460s][info][gc,phases      ] GC(252)   Merge Heap Roots: 0.3ms
[82.460s][info][gc,phases      ] GC(252)   Evacuate Collection Set: 34.2ms
[82.460s][info][gc,phases      ] GC(252)   Post Evacuate Collection Set: 6.2ms
[82.460s][info][gc,phases      ] GC(252)   Other: 0.2ms
[82.460s][info][gc,heap        ] GC(252) Eden regions: 232->0(504)
[82.460s][info][gc,heap        ] GC(252) Survivor regions: 41->28(35)
[82.461s][info][gc,heap        ] GC(252) Old regions: 202->243
[82.461s][info][gc,heap        ] GC(252) Archive regions: 0->0
[82.461s][info][gc,heap        ] GC(252) Humongous regions: 58->58
[82.461s][info][gc,metaspace   ] GC(252) Metaspace: 67055K(68096K)->67055K(68096K) NonClass: 58654K(59200K)->58654K(59200K) Class: 8400K(8896K)->8400K(8896K)
[82.461s][info][gc             ] GC(252) Pause Young (Mixed) (G1 Evacuation Pause) 512M->312M(1002M) 41.693ms
[82.461s][info][gc,cpu         ] GC(252) User=0.47s Sys=0.02s Real=0.05s
[82.581s][info][gc,start       ] GC(253) Pause Young (Concurrent Start) (G1 Humongous Allocation)
[82.581s][info][gc,task        ] GC(253) Using 24 workers of 33 for evacuation
[82.603s][info][gc,phases      ] GC(253)   Pre Evacuate Collection Set: 0.4ms
[82.603s][info][gc,phases      ] GC(253)   Merge Heap Roots: 0.2ms
[82.603s][info][gc,phases      ] GC(253)   Evacuate Collection Set: 20.9ms
[82.603s][info][gc,phases      ] GC(253)   Post Evacuate Collection Set: 0.6ms
[82.603s][info][gc,phases      ] GC(253)   Other: 0.1ms
[82.603s][info][gc,heap        ] GC(253) Eden regions: 195->0(500)
[82.603s][info][gc,heap        ] GC(253) Survivor regions: 28->46(67)
[82.603s][info][gc,heap        ] GC(253) Old regions: 243->243
[82.604s][info][gc,heap        ] GC(253) Archive regions: 0->0
[82.604s][info][gc,heap        ] GC(253) Humongous regions: 58->58
[82.604s][info][gc,metaspace   ] GC(253) Metaspace: 67055K(68096K)->67055K(68096K) NonClass: 58654K(59200K)->58654K(59200K) Class: 8400K(8896K)->8400K(8896K)
[82.604s][info][gc             ] GC(253) Pause Young (Concurrent Start) (G1 Humongous Allocation) 507M->330M(1002M) 22.444ms
[82.604s][info][gc             ] GC(254) Concurrent Mark Cycle
[82.604s][info][gc,cpu         ] GC(253) User=0.33s Sys=0.05s Real=0.02s
[82.604s][info][gc,marking     ] GC(254) Concurrent Scan Root Regions
[82.608s][info][gc,marking     ] GC(254) Concurrent Scan Root Regions 4.637ms
[82.608s][info][gc,marking     ] GC(254) Concurrent Mark
[82.608s][info][gc,marking     ] GC(254) Concurrent Mark From Roots
[82.608s][info][gc,task        ] GC(254) Using 8 workers of 8 for marking
[82.662s][info][gc,marking     ] GC(254) Concurrent Mark From Roots 53.166ms
[82.662s][info][gc,marking     ] GC(254) Concurrent Preclean
[82.662s][info][gc,marking     ] GC(254) Concurrent Preclean 0.123ms
[82.662s][info][gc,start       ] GC(254) Pause Remark
[82.664s][info][gc             ] GC(254) Pause Remark 434M->411M(1002M) 2.239ms
[82.664s][info][gc,cpu         ] GC(254) User=0.00s Sys=0.00s Real=0.00s
[82.664s][info][gc,marking     ] GC(254) Concurrent Mark 55.867ms
[82.664s][info][gc,marking     ] GC(254) Concurrent Rebuild Remembered Sets and Scrub Regions
[82.703s][info][gc,marking     ] GC(254) Concurrent Rebuild Remembered Sets and Scrub Regions 39.122ms
[82.704s][info][gc,start       ] GC(254) Pause Cleanup
[82.704s][info][gc             ] GC(254) Pause Cleanup 489M->489M(1002M) 0.289ms
[82.704s][info][gc,cpu         ] GC(254) User=0.00s Sys=0.00s Real=0.00s
[82.704s][info][gc,marking     ] GC(254) Concurrent Clear Claimed Marks
[82.704s][info][gc,marking     ] GC(254) Concurrent Clear Claimed Marks 0.078ms
[82.704s][info][gc,marking     ] GC(254) Concurrent Cleanup for Next Mark
[82.706s][info][gc,marking     ] GC(254) Concurrent Cleanup for Next Mark 1.585ms
[82.706s][info][gc             ] GC(254) Concurrent Mark Cycle 102.047ms
[82.884s][info][gc,start       ] GC(255) Pause Young (Prepare Mixed) (G1 Evacuation Pause)
[82.884s][info][gc,task        ] GC(255) Using 24 workers of 33 for evacuation
[82.920s][info][gc,phases      ] GC(255)   Pre Evacuate Collection Set: 0.2ms
[82.920s][info][gc,phases      ] GC(255)   Merge Heap Roots: 0.8ms
[82.920s][info][gc,phases      ] GC(255)   Evacuate Collection Set: 33.7ms
[82.920s][info][gc,phases      ] GC(255)   Post Evacuate Collection Set: 0.6ms
[82.920s][info][gc,phases      ] GC(255)   Other: 0.2ms
[82.920s][info][gc,heap        ] GC(255) Eden regions: 500->0(489)
[82.920s][info][gc,heap        ] GC(255) Survivor regions: 46->57(69)
[82.920s][info][gc,heap        ] GC(255) Old regions: 243->265
[82.920s][info][gc,heap        ] GC(255) Archive regions: 0->0
[82.920s][info][gc,heap        ] GC(255) Humongous regions: 55->55
[82.920s][info][gc,metaspace   ] GC(255) Metaspace: 67055K(68096K)->67055K(68096K) NonClass: 58654K(59200K)->58654K(59200K) Class: 8400K(8896K)->8400K(8896K)
[82.920s][info][gc             ] GC(255) Pause Young (Prepare Mixed) (G1 Evacuation Pause) 827M->359M(1002M) 35.972ms
[82.920s][info][gc,cpu         ] GC(255) User=0.75s Sys=0.00s Real=0.03s
[83.747s][info][gc,start       ] GC(256) Pause Young (Mixed) (G1 Evacuation Pause)
[83.747s][info][gc,task        ] GC(256) Using 24 workers of 33 for evacuation
[83.793s][info][gc,phases      ] GC(256)   Pre Evacuate Collection Set: 0.3ms
[83.793s][info][gc,phases      ] GC(256)   Merge Heap Roots: 0.4ms
[83.793s][info][gc,phases      ] GC(256)   Evacuate Collection Set: 44.5ms
[83.793s][info][gc,phases      ] GC(256)   Post Evacuate Collection Set: 0.7ms
[83.793s][info][gc,phases      ] GC(256)   Other: 0.2ms
[83.793s][info][gc,heap        ] GC(256) Eden regions: 489->0(470)
[83.793s][info][gc,heap        ] GC(256) Survivor regions: 57->32(69)
[83.793s][info][gc,heap        ] GC(256) Old regions: 265->308
[83.793s][info][gc,heap        ] GC(256) Archive regions: 0->0
[83.793s][info][gc,heap        ] GC(256) Humongous regions: 80->75
[83.793s][info][gc,metaspace   ] GC(256) Metaspace: 67061K(68096K)->67061K(68096K) NonClass: 58660K(59200K)->58660K(59200K) Class: 8400K(8896K)->8400K(8896K)
[83.793s][info][gc             ] GC(256) Pause Young (Mixed) (G1 Evacuation Pause) 873M->402M(1002M) 46.401ms
[83.793s][info][gc,cpu         ] GC(256) User=0.78s Sys=0.00s Real=0.05s
[83.801s][info][gc,start       ] GC(257) Pause Young (Concurrent Start) (G1 Humongous Allocation)
[83.801s][info][gc,task        ] GC(257) Using 24 workers of 33 for evacuation
[83.815s][info][gc,phases      ] GC(257)   Pre Evacuate Collection Set: 0.3ms
[83.815s][info][gc,phases      ] GC(257)   Merge Heap Roots: 0.2ms
[83.815s][info][gc,phases      ] GC(257)   Evacuate Collection Set: 12.7ms
[83.815s][info][gc,phases      ] GC(257)   Post Evacuate Collection Set: 0.6ms
[83.815s][info][gc,phases      ] GC(257)   Other: 0.1ms
[83.815s][info][gc,heap        ] GC(257) Eden regions: 16->0(449)
[83.815s][info][gc,heap        ] GC(257) Survivor regions: 32->35(63)
[83.815s][info][gc,heap        ] GC(257) Old regions: 308->308
[83.815s][info][gc,heap        ] GC(257) Archive regions: 0->0
[83.815s][info][gc,heap        ] GC(257) Humongous regions: 75->75
[83.815s][info][gc,metaspace   ] GC(257) Metaspace: 67061K(68096K)->67061K(68096K) NonClass: 58660K(59200K)->58660K(59200K) Class: 8400K(8896K)->8400K(8896K)
[83.816s][info][gc             ] GC(257) Pause Young (Concurrent Start) (G1 Humongous Allocation) 418M->405M(1002M) 14.091ms
[83.816s][info][gc             ] GC(258) Concurrent Mark Cycle
[83.816s][info][gc,cpu         ] GC(257) User=0.38s Sys=0.00s Real=0.01s
[83.816s][info][gc,marking     ] GC(258) Concurrent Scan Root Regions
[83.819s][info][gc,marking     ] GC(258) Concurrent Scan Root Regions 3.476ms
[83.819s][info][gc,marking     ] GC(258) Concurrent Mark
[83.819s][info][gc,marking     ] GC(258) Concurrent Mark From Roots
[83.819s][info][gc,task        ] GC(258) Using 8 workers of 8 for marking
[83.846s][info][gc,marking     ] GC(258) Concurrent Mark From Roots 27.290ms
[83.846s][info][gc,marking     ] GC(258) Concurrent Preclean
[83.847s][info][gc,marking     ] GC(258) Concurrent Preclean 0.110ms
[83.847s][info][gc,start       ] GC(258) Pause Remark
[83.849s][info][gc             ] GC(258) Pause Remark 443M->249M(874M) 2.411ms
[83.849s][info][gc,cpu         ] GC(258) User=0.00s Sys=0.00s Real=0.00s
[83.849s][info][gc,marking     ] GC(258) Concurrent Mark 30.152ms
[83.849s][info][gc,marking     ] GC(258) Concurrent Rebuild Remembered Sets and Scrub Regions
[83.871s][info][gc,marking     ] GC(258) Concurrent Rebuild Remembered Sets and Scrub Regions 21.886ms
[83.871s][info][gc,start       ] GC(258) Pause Cleanup
[83.872s][info][gc             ] GC(258) Pause Cleanup 269M->269M(874M) 0.278ms
[83.872s][info][gc,cpu         ] GC(258) User=0.00s Sys=0.00s Real=0.00s
[83.872s][info][gc,marking     ] GC(258) Concurrent Clear Claimed Marks
[83.872s][info][gc,marking     ] GC(258) Concurrent Clear Claimed Marks 0.076ms
[83.872s][info][gc,marking     ] GC(258) Concurrent Cleanup for Next Mark
[83.872s][info][gc,marking     ] GC(258) Concurrent Cleanup for Next Mark 0.597ms
[83.872s][info][gc             ] GC(258) Concurrent Mark Cycle 56.893ms
[84.196s][info][gc,start       ] GC(259) Pause Young (Prepare Mixed) (G1 Evacuation Pause)
[84.196s][info][gc,task        ] GC(259) Using 22 workers of 33 for evacuation
[84.240s][info][gc,phases      ] GC(259)   Pre Evacuate Collection Set: 0.3ms
[84.240s][info][gc,phases      ] GC(259)   Merge Heap Roots: 0.6ms
[84.240s][info][gc,phases      ] GC(259)   Evacuate Collection Set: 42.4ms
[84.240s][info][gc,phases      ] GC(259)   Post Evacuate Collection Set: 0.6ms
[84.240s][info][gc,phases      ] GC(259)   Other: 0.2ms
[84.240s][info][gc,heap        ] GC(259) Eden regions: 449->0(363)
[84.240s][info][gc,heap        ] GC(259) Survivor regions: 35->61(61)
[84.240s][info][gc,heap        ] GC(259) Old regions: 179->232
[84.240s][info][gc,heap        ] GC(259) Archive regions: 0->0
[84.240s][info][gc,heap        ] GC(259) Humongous regions: 60->60
[84.240s][info][gc,metaspace   ] GC(259) Metaspace: 67061K(68096K)->67061K(68096K) NonClass: 58661K(59200K)->58661K(59200K) Class: 8400K(8896K)->8400K(8896K)
[84.240s][info][gc             ] GC(259) Pause Young (Prepare Mixed) (G1 Evacuation Pause) 710M->340M(874M) 44.342ms
[84.240s][info][gc,cpu         ] GC(259) User=1.03s Sys=0.00s Real=0.05s
[84.416s][info][gc,start       ] GC(260) Pause Young (Mixed) (G1 Evacuation Pause)
[84.416s][info][gc,task        ] GC(260) Using 21 workers of 33 for evacuation
[84.461s][info][gc,phases      ] GC(260)   Pre Evacuate Collection Set: 0.2ms
[84.461s][info][gc,phases      ] GC(260)   Merge Heap Roots: 0.5ms
[84.461s][info][gc,phases      ] GC(260)   Evacuate Collection Set: 43.1ms
[84.461s][info][gc,phases      ] GC(260)   Post Evacuate Collection Set: 0.5ms
[84.461s][info][gc,phases      ] GC(260)   Other: 0.2ms
[84.461s][info][gc,heap        ] GC(260) Eden regions: 363->0(327)
[84.461s][info][gc,heap        ] GC(260) Survivor regions: 61->44(53)
[84.461s][info][gc,heap        ] GC(260) Old regions: 232->291
[84.461s][info][gc,heap        ] GC(260) Archive regions: 0->0
[84.461s][info][gc,heap        ] GC(260) Humongous regions: 82->82
[84.461s][info][gc,metaspace   ] GC(260) Metaspace: 67061K(68096K)->67061K(68096K) NonClass: 58661K(59200K)->58661K(59200K) Class: 8400K(8896K)->8400K(8896K)
[84.461s][info][gc             ] GC(260) Pause Young (Mixed) (G1 Evacuation Pause) 725M->404M(874M) 44.821ms
[84.461s][info][gc,cpu         ] GC(260) User=0.98s Sys=0.00s Real=0.05s
[84.482s][info][gc,start       ] GC(261) Pause Young (Concurrent Start) (G1 Humongous Allocation)
[84.482s][info][gc,task        ] GC(261) Using 21 workers of 33 for evacuation
[84.501s][info][gc,phases      ] GC(261)   Pre Evacuate Collection Set: 0.4ms
[84.501s][info][gc,phases      ] GC(261)   Merge Heap Roots: 0.1ms
[84.501s][info][gc,phases      ] GC(261)   Evacuate Collection Set: 15.8ms
[84.501s][info][gc,phases      ] GC(261)   Post Evacuate Collection Set: 2.5ms
[84.501s][info][gc,phases      ] GC(261)   Other: 0.1ms
[84.501s][info][gc,heap        ] GC(261) Eden regions: 40->0(501)
[84.501s][info][gc,heap        ] GC(261) Survivor regions: 44->8(47)
[84.501s][info][gc,heap        ] GC(261) Old regions: 291->333
[84.501s][info][gc,heap        ] GC(261) Archive regions: 0->0
[84.501s][info][gc,heap        ] GC(261) Humongous regions: 82->82
[84.501s][info][gc,metaspace   ] GC(261) Metaspace: 67061K(68096K)->67061K(68096K) NonClass: 58661K(59200K)->58661K(59200K) Class: 8400K(8896K)->8400K(8896K)
[84.501s][info][gc             ] GC(261) Pause Young (Concurrent Start) (G1 Humongous Allocation) 444M->410M(1109M) 19.226ms
[84.501s][info][gc             ] GC(262) Concurrent Mark Cycle
[84.501s][info][gc,cpu         ] GC(261) User=0.33s Sys=0.00s Real=0.02s
[84.501s][info][gc,marking     ] GC(262) Concurrent Scan Root Regions
[84.506s][info][gc,marking     ] GC(262) Concurrent Scan Root Regions 4.447ms
[84.506s][info][gc,marking     ] GC(262) Concurrent Mark
[84.506s][info][gc,marking     ] GC(262) Concurrent Mark From Roots
[84.506s][info][gc,task        ] GC(262) Using 8 workers of 8 for marking
[84.558s][info][gc,marking     ] GC(262) Concurrent Mark From Roots 52.295ms
[84.558s][info][gc,marking     ] GC(262) Concurrent Preclean
[84.558s][info][gc,marking     ] GC(262) Concurrent Preclean 0.199ms
[84.558s][info][gc,start       ] GC(262) Pause Remark
[84.561s][info][gc             ] GC(262) Pause Remark 483M->435M(1109M) 2.329ms
[84.561s][info][gc,cpu         ] GC(262) User=0.00s Sys=0.00s Real=0.00s
[84.561s][info][gc,marking     ] GC(262) Concurrent Mark 55.186ms
[84.561s][info][gc,marking     ] GC(262) Concurrent Rebuild Remembered Sets and Scrub Regions
[84.602s][info][gc,marking     ] GC(262) Concurrent Rebuild Remembered Sets and Scrub Regions 40.759ms
[84.602s][info][gc,start       ] GC(262) Pause Cleanup
[84.602s][info][gc             ] GC(262) Pause Cleanup 490M->490M(1109M) 0.425ms
[84.602s][info][gc,cpu         ] GC(262) User=0.00s Sys=0.00s Real=0.00s
[84.602s][info][gc,marking     ] GC(262) Concurrent Clear Claimed Marks
[84.603s][info][gc,marking     ] GC(262) Concurrent Clear Claimed Marks 0.112ms
[84.603s][info][gc,marking     ] GC(262) Concurrent Cleanup for Next Mark
[84.604s][info][gc,marking     ] GC(262) Concurrent Cleanup for Next Mark 1.374ms
[84.604s][info][gc             ] GC(262) Concurrent Mark Cycle 102.802ms
[84.810s][info][gc,start       ] GC(263) Pause Young (Prepare Mixed) (G1 Evacuation Pause)
[84.810s][info][gc,task        ] GC(263) Using 26 workers of 33 for evacuation
[84.834s][info][gc,phases      ] GC(263)   Pre Evacuate Collection Set: 0.3ms
[84.834s][info][gc,phases      ] GC(263)   Merge Heap Roots: 0.7ms
[84.834s][info][gc,phases      ] GC(263)   Evacuate Collection Set: 21.9ms
[84.834s][info][gc,phases      ] GC(263)   Post Evacuate Collection Set: 0.7ms
[84.834s][info][gc,phases      ] GC(263)   Other: 0.2ms
[84.834s][info][gc,heap        ] GC(263) Eden regions: 501->0(512)
[84.834s][info][gc,heap        ] GC(263) Survivor regions: 8->43(64)
[84.834s][info][gc,heap        ] GC(263) Old regions: 332->332
[84.834s][info][gc,heap        ] GC(263) Archive regions: 0->0
[84.834s][info][gc,heap        ] GC(263) Humongous regions: 55->55
[84.834s][info][gc,metaspace   ] GC(263) Metaspace: 67061K(68096K)->67061K(68096K) NonClass: 58661K(59200K)->58661K(59200K) Class: 8400K(8896K)->8400K(8896K)
[84.834s][info][gc             ] GC(263) Pause Young (Prepare Mixed) (G1 Evacuation Pause) 883M->417M(1109M) 24.078ms
[84.834s][info][gc,cpu         ] GC(263) User=0.41s Sys=0.00s Real=0.02s
[85.788s][info][gc,start       ] GC(264) Pause Young (Mixed) (G1 Evacuation Pause)
[85.788s][info][gc,task        ] GC(264) Using 26 workers of 33 for evacuation
[85.839s][info][gc,phases      ] GC(264)   Pre Evacuate Collection Set: 0.3ms
[85.839s][info][gc,phases      ] GC(264)   Merge Heap Roots: 0.6ms
[85.840s][info][gc,phases      ] GC(264)   Evacuate Collection Set: 49.8ms
[85.840s][info][gc,phases      ] GC(264)   Post Evacuate Collection Set: 0.8ms
[85.840s][info][gc,phases      ] GC(264)   Other: 0.2ms
[85.840s][info][gc,heap        ] GC(264) Eden regions: 512->0(456)
[85.840s][info][gc,heap        ] GC(264) Survivor regions: 43->57(70)
[85.840s][info][gc,heap        ] GC(264) Old regions: 332->351
[85.840s][info][gc,heap        ] GC(264) Archive regions: 0->0
[85.840s][info][gc,heap        ] GC(264) Humongous regions: 104->99
[85.840s][info][gc,metaspace   ] GC(264) Metaspace: 67069K(68096K)->67069K(68096K) NonClass: 58668K(59200K)->58668K(59200K) Class: 8400K(8896K)->8400K(8896K)
[85.840s][info][gc             ] GC(264) Pause Young (Mixed) (G1 Evacuation Pause) 978M->495M(1109M) 52.085ms
[85.840s][info][gc,cpu         ] GC(264) User=1.22s Sys=0.00s Real=0.05s
[85.884s][info][gc,start       ] GC(265) Pause Young (Concurrent Start) (G1 Humongous Allocation)
[85.884s][info][gc,task        ] GC(265) Using 26 workers of 33 for evacuation
[85.913s][info][gc,phases      ] GC(265)   Pre Evacuate Collection Set: 0.5ms
[85.913s][info][gc,phases      ] GC(265)   Merge Heap Roots: 0.4ms
[85.913s][info][gc,phases      ] GC(265)   Evacuate Collection Set: 26.8ms
[85.913s][info][gc,phases      ] GC(265)   Post Evacuate Collection Set: 0.5ms
[85.913s][info][gc,phases      ] GC(265)   Other: 0.1ms
[85.913s][info][gc,heap        ] GC(265) Eden regions: 57->0(446)
[85.913s][info][gc,heap        ] GC(265) Survivor regions: 57->9(65)
[85.913s][info][gc,heap        ] GC(265) Old regions: 351->406
[85.913s][info][gc,heap        ] GC(265) Archive regions: 0->0
[85.913s][info][gc,heap        ] GC(265) Humongous regions: 99->99
[85.913s][info][gc,metaspace   ] GC(265) Metaspace: 67073K(68096K)->67073K(68096K) NonClass: 58672K(59200K)->58672K(59200K) Class: 8400K(8896K)->8400K(8896K)
[85.913s][info][gc             ] GC(265) Pause Young (Concurrent Start) (G1 Humongous Allocation) 551M->502M(1109M) 28.600ms
[85.913s][info][gc             ] GC(266) Concurrent Mark Cycle
[85.913s][info][gc,cpu         ] GC(265) User=0.81s Sys=0.00s Real=0.03s
[85.913s][info][gc,marking     ] GC(266) Concurrent Scan Root Regions
[85.917s][info][gc,marking     ] GC(266) Concurrent Scan Root Regions 4.209ms
[85.917s][info][gc,marking     ] GC(266) Concurrent Mark
[85.917s][info][gc,marking     ] GC(266) Concurrent Mark From Roots
[85.917s][info][gc,task        ] GC(266) Using 8 workers of 8 for marking
[85.950s][info][gc,marking     ] GC(266) Concurrent Mark From Roots 32.387ms
[85.950s][info][gc,marking     ] GC(266) Concurrent Preclean
[85.950s][info][gc,marking     ] GC(266) Concurrent Preclean 0.113ms
[85.950s][info][gc,start       ] GC(266) Pause Remark
[85.953s][info][gc             ] GC(266) Pause Remark 556M->307M(1064M) 2.851ms
[85.953s][info][gc,cpu         ] GC(266) User=0.00s Sys=0.00s Real=0.00s
[85.953s][info][gc,marking     ] GC(266) Concurrent Mark 35.702ms
[85.953s][info][gc,marking     ] GC(266) Concurrent Rebuild Remembered Sets and Scrub Regions
[85.975s][info][gc,marking     ] GC(266) Concurrent Rebuild Remembered Sets and Scrub Regions 22.551ms
[85.976s][info][gc,start       ] GC(266) Pause Cleanup
[85.976s][info][gc             ] GC(266) Pause Cleanup 329M->329M(1064M) 0.350ms
[85.976s][info][gc,cpu         ] GC(266) User=0.00s Sys=0.00s Real=0.00s
[85.976s][info][gc,marking     ] GC(266) Concurrent Clear Claimed Marks
[85.976s][info][gc,marking     ] GC(266) Concurrent Clear Claimed Marks 0.100ms
[85.976s][info][gc,marking     ] GC(266) Concurrent Cleanup for Next Mark
[85.977s][info][gc,marking     ] GC(266) Concurrent Cleanup for Next Mark 0.742ms
[85.977s][info][gc             ] GC(266) Concurrent Mark Cycle 64.139ms
[86.393s][info][gc,start       ] GC(267) Pause Young (Prepare Mixed) (G1 Evacuation Pause)
[86.393s][info][gc,task        ] GC(267) Using 25 workers of 33 for evacuation
[86.432s][info][gc,phases      ] GC(267)   Pre Evacuate Collection Set: 0.3ms
[86.432s][info][gc,phases      ] GC(267)   Merge Heap Roots: 0.6ms
[86.432s][info][gc,phases      ] GC(267)   Evacuate Collection Set: 37.9ms
[86.432s][info][gc,phases      ] GC(267)   Post Evacuate Collection Set: 0.7ms
[86.433s][info][gc,phases      ] GC(267)   Other: 0.2ms
[86.433s][info][gc,heap        ] GC(267) Eden regions: 446->0(509)
[86.433s][info][gc,heap        ] GC(267) Survivor regions: 9->57(57)
[86.433s][info][gc,heap        ] GC(267) Old regions: 246->257
[86.433s][info][gc,heap        ] GC(267) Archive regions: 0->0
[86.433s][info][gc,heap        ] GC(267) Humongous regions: 68->58
[86.433s][info][gc,metaspace   ] GC(267) Metaspace: 67093K(68096K)->67093K(68096K) NonClass: 58692K(59200K)->58692K(59200K) Class: 8401K(8896K)->8401K(8896K)
[86.433s][info][gc             ] GC(267) Pause Young (Prepare Mixed) (G1 Evacuation Pause) 757M->360M(1064M) 39.994ms
[86.433s][info][gc,cpu         ] GC(267) User=0.78s Sys=0.00s Real=0.03s
[86.870s][info][gc,start       ] GC(268) Pause Young (Mixed) (G1 Evacuation Pause)
[86.870s][info][gc,task        ] GC(268) Using 25 workers of 33 for evacuation
[86.909s][info][gc,phases      ] GC(268)   Pre Evacuate Collection Set: 0.3ms
[86.909s][info][gc,phases      ] GC(268)   Merge Heap Roots: 0.5ms
[86.909s][info][gc,phases      ] GC(268)   Evacuate Collection Set: 37.2ms
[86.909s][info][gc,phases      ] GC(268)   Post Evacuate Collection Set: 0.7ms
[86.909s][info][gc,phases      ] GC(268)   Other: 0.2ms
[86.909s][info][gc,heap        ] GC(268) Eden regions: 509->0(462)
[86.909s][info][gc,heap        ] GC(268) Survivor regions: 57->58(71)
[86.909s][info][gc,heap        ] GC(268) Old regions: 257->309
[86.909s][info][gc,heap        ] GC(268) Archive regions: 0->0
[86.909s][info][gc,heap        ] GC(268) Humongous regions: 78->73
[86.909s][info][gc,metaspace   ] GC(268) Metaspace: 67146K(68160K)->67146K(68160K) NonClass: 58745K(59264K)->58745K(59264K) Class: 8401K(8896K)->8401K(8896K)
[86.909s][info][gc             ] GC(268) Pause Young (Mixed) (G1 Evacuation Pause) 889M->427M(1064M) 39.232ms
[86.909s][info][gc,cpu         ] GC(268) User=1.17s Sys=0.00s Real=0.05s
[86.923s][info][gc,start       ] GC(269) Pause Young (Concurrent Start) (G1 Humongous Allocation)
[86.923s][info][gc,task        ] GC(269) Using 25 workers of 33 for evacuation
[86.938s][info][gc,phases      ] GC(269)   Pre Evacuate Collection Set: 0.3ms
[86.938s][info][gc,phases      ] GC(269)   Merge Heap Roots: 0.1ms
[86.938s][info][gc,phases      ] GC(269)   Evacuate Collection Set: 13.4ms
[86.938s][info][gc,phases      ] GC(269)   Post Evacuate Collection Set: 0.4ms
[86.938s][info][gc,phases      ] GC(269)   Other: 0.1ms
[86.938s][info][gc,heap        ] GC(269) Eden regions: 36->0(451)
[86.938s][info][gc,heap        ] GC(269) Survivor regions: 58->11(65)
[86.938s][info][gc,heap        ] GC(269) Old regions: 309->365
[86.938s][info][gc,heap        ] GC(269) Archive regions: 0->0
[86.938s][info][gc,heap        ] GC(269) Humongous regions: 73->73
[86.938s][info][gc,metaspace   ] GC(269) Metaspace: 67146K(68160K)->67146K(68160K) NonClass: 58745K(59264K)->58745K(59264K) Class: 8401K(8896K)->8401K(8896K)
[86.938s][info][gc             ] GC(269) Pause Young (Concurrent Start) (G1 Humongous Allocation) 463M->437M(1064M) 14.493ms
[86.938s][info][gc             ] GC(270) Concurrent Mark Cycle
[86.938s][info][gc,cpu         ] GC(269) User=0.39s Sys=0.00s Real=0.02s
[86.938s][info][gc,marking     ] GC(270) Concurrent Scan Root Regions
[86.943s][info][gc,marking     ] GC(270) Concurrent Scan Root Regions 5.128ms
[86.943s][info][gc,marking     ] GC(270) Concurrent Mark
[86.943s][info][gc,marking     ] GC(270) Concurrent Mark From Roots
[86.943s][info][gc,task        ] GC(270) Using 8 workers of 8 for marking
[86.971s][info][gc,marking     ] GC(270) Concurrent Mark From Roots 28.126ms
[86.971s][info][gc,marking     ] GC(270) Concurrent Preclean
[86.971s][info][gc,marking     ] GC(270) Concurrent Preclean 0.134ms
[86.971s][info][gc,start       ] GC(270) Pause Remark
[86.974s][info][gc             ] GC(270) Pause Remark 501M->360M(1064M) 2.442ms
[86.974s][info][gc,cpu         ] GC(270) User=0.00s Sys=0.00s Real=0.00s
[86.974s][info][gc,marking     ] GC(270) Concurrent Mark 31.031ms
[86.974s][info][gc,marking     ] GC(270) Concurrent Rebuild Remembered Sets and Scrub Regions
[86.993s][info][gc,marking     ] GC(270) Concurrent Rebuild Remembered Sets and Scrub Regions 18.579ms
[86.993s][info][gc,start       ] GC(270) Pause Cleanup
[86.993s][info][gc             ] GC(270) Pause Cleanup 362M->362M(1064M) 0.406ms
[86.993s][info][gc,cpu         ] GC(270) User=0.00s Sys=0.00s Real=0.00s
[86.993s][info][gc,marking     ] GC(270) Concurrent Clear Claimed Marks
[86.993s][info][gc,marking     ] GC(270) Concurrent Clear Claimed Marks 0.085ms
[86.993s][info][gc,marking     ] GC(270) Concurrent Cleanup for Next Mark
[86.994s][info][gc,marking     ] GC(270) Concurrent Cleanup for Next Mark 0.699ms
[86.994s][info][gc             ] GC(270) Concurrent Mark Cycle 56.411ms
[87.594s][info][gc,start       ] GC(271) Pause Young (Prepare Mixed) (G1 Evacuation Pause)
[87.594s][info][gc,task        ] GC(271) Using 25 workers of 33 for evacuation
[87.650s][info][gc,phases      ] GC(271)   Pre Evacuate Collection Set: 0.3ms
[87.651s][info][gc,phases      ] GC(271)   Merge Heap Roots: 0.8ms
[87.651s][info][gc,phases      ] GC(271)   Evacuate Collection Set: 54.0ms
[87.651s][info][gc,phases      ] GC(271)   Post Evacuate Collection Set: 0.8ms
[87.651s][info][gc,phases      ] GC(271)   Other: 0.2ms
[87.651s][info][gc,heap        ] GC(271) Eden regions: 423->0(470)
[87.651s][info][gc,heap        ] GC(271) Survivor regions: 11->58(58)
[87.651s][info][gc,heap        ] GC(271) Old regions: 278->293
[87.651s][info][gc,heap        ] GC(271) Archive regions: 0->0
[87.651s][info][gc,heap        ] GC(271) Humongous regions: 352->136
[87.651s][info][gc,metaspace   ] GC(271) Metaspace: 67185K(68224K)->67185K(68224K) NonClass: 58784K(59328K)->58784K(59328K) Class: 8401K(8896K)->8401K(8896K)
[87.651s][info][gc             ] GC(271) Pause Young (Prepare Mixed) (G1 Evacuation Pause) 1052M->475M(1137M) 56.419ms
[87.651s][info][gc,cpu         ] GC(271) User=1.11s Sys=0.08s Real=0.06s
[87.913s][info][gc,start       ] GC(272) Pause Young (Mixed) (G1 Evacuation Pause)
[87.913s][info][gc,task        ] GC(272) Using 27 workers of 33 for evacuation
[88.029s][info][gc,phases      ] GC(272)   Pre Evacuate Collection Set: 0.3ms
[88.030s][info][gc,phases      ] GC(272)   Merge Heap Roots: 0.6ms
[88.030s][info][gc,phases      ] GC(272)   Evacuate Collection Set: 113.7ms
[88.030s][info][gc,phases      ] GC(272)   Post Evacuate Collection Set: 1.4ms
[88.030s][info][gc,phases      ] GC(272)   Other: 0.2ms
[88.030s][info][gc,heap        ] GC(272) Eden regions: 470->0(477)
[88.030s][info][gc,heap        ] GC(272) Survivor regions: 58->45(66)
[88.030s][info][gc,heap        ] GC(272) Old regions: 293->325
[88.030s][info][gc,heap        ] GC(272) Archive regions: 0->0
[88.030s][info][gc,heap        ] GC(272) Humongous regions: 139->139
[88.030s][info][gc,metaspace   ] GC(272) Metaspace: 67185K(68224K)->67185K(68224K) NonClass: 58784K(59328K)->58784K(59328K) Class: 8401K(8896K)->8401K(8896K)
[88.030s][info][gc             ] GC(272) Pause Young (Mixed) (G1 Evacuation Pause) 948M->497M(1174M) 116.818ms
[88.030s][info][gc,cpu         ] GC(272) User=1.56s Sys=0.02s Real=0.13s
[88.089s][info][gc,start       ] GC(273) Pause Full (System.gc())
[88.090s][info][gc,task        ] GC(273) Using 28 workers of 33 for full compaction
[88.091s][info][gc,phases,start] GC(273) Phase 1: Mark live objects
[88.120s][info][gc,phases      ] GC(273) Phase 1: Mark live objects 29.137ms
[88.120s][info][gc,phases,start] GC(273) Phase 2: Prepare compaction
[88.126s][info][gc,phases      ] GC(273) Phase 2: Prepare compaction 5.459ms
[88.126s][info][gc,phases,start] GC(273) Phase 3: Adjust pointers
[88.137s][info][gc,phases      ] GC(273) Phase 3: Adjust pointers 11.016ms
[88.137s][info][gc,phases,start] GC(273) Phase 4: Compact heap
[88.137s][info][gc,phases      ] GC(273) Phase 4: Compact heap 0.522ms
[88.148s][info][gc,heap        ] GC(273) Eden regions: 52->0(265)
[88.148s][info][gc,heap        ] GC(273) Survivor regions: 45->0(66)
[88.148s][info][gc,heap        ] GC(273) Old regions: 325->160
[88.148s][info][gc,heap        ] GC(273) Archive regions: 0->0
[88.148s][info][gc,heap        ] GC(273) Humongous regions: 139->10
[88.148s][info][gc,metaspace   ] GC(273) Metaspace: 67185K(68224K)->67185K(68224K) NonClass: 58784K(59328K)->58784K(59328K) Class: 8401K(8896K)->8401K(8896K)
[88.148s][info][gc             ] GC(273) Pause Full (System.gc()) 549M->148M(567M) 58.678ms
[88.148s][info][gc,cpu         ] GC(273) User=0.80s Sys=0.03s Real=0.05s
[88.179s][info][gc,start       ] GC(274) Pause Young (Concurrent Start) (G1 Humongous Allocation)
[88.179s][info][gc,task        ] GC(274) Using 20 workers of 33 for evacuation
[88.182s][info][gc,phases      ] GC(274)   Pre Evacuate Collection Set: 0.4ms
[88.182s][info][gc,phases      ] GC(274)   Merge Heap Roots: 0.1ms
[88.182s][info][gc,phases      ] GC(274)   Evacuate Collection Set: 1.1ms
[88.182s][info][gc,phases      ] GC(274)   Post Evacuate Collection Set: 0.5ms
[88.182s][info][gc,phases      ] GC(274)   Other: 0.1ms
[88.182s][info][gc,heap        ] GC(274) Eden regions: 19->0(282)
[88.182s][info][gc,heap        ] GC(274) Survivor regions: 0->7(34)
[88.182s][info][gc,heap        ] GC(274) Old regions: 160->160
[88.182s][info][gc,heap        ] GC(274) Archive regions: 0->0
[88.182s][info][gc,heap        ] GC(274) Humongous regions: 10->10
[88.182s][info][gc,metaspace   ] GC(274) Metaspace: 67188K(68224K)->67188K(68224K) NonClass: 58787K(59328K)->58787K(59328K) Class: 8401K(8896K)->8401K(8896K)
[88.182s][info][gc             ] GC(274) Pause Young (Concurrent Start) (G1 Humongous Allocation) 167M->155M(567M) 2.527ms
[88.182s][info][gc             ] GC(275) Concurrent Mark Cycle
[88.182s][info][gc,cpu         ] GC(274) User=0.03s Sys=0.00s Real=0.01s
[88.182s][info][gc,marking     ] GC(275) Concurrent Scan Root Regions
[88.183s][info][gc,marking     ] GC(275) Concurrent Scan Root Regions 1.226ms
[88.183s][info][gc,marking     ] GC(275) Concurrent Mark
[88.183s][info][gc,marking     ] GC(275) Concurrent Mark From Roots
[88.183s][info][gc,task        ] GC(275) Using 8 workers of 8 for marking
[88.224s][info][gc,marking     ] GC(275) Concurrent Mark From Roots 40.835ms
[88.224s][info][gc,marking     ] GC(275) Concurrent Preclean
[88.224s][info][gc,marking     ] GC(275) Concurrent Preclean 0.092ms
[88.224s][info][gc,start       ] GC(275) Pause Remark
[88.227s][info][gc             ] GC(275) Pause Remark 189M->189M(567M) 2.149ms
[88.227s][info][gc,cpu         ] GC(275) User=0.00s Sys=0.00s Real=0.00s
[88.227s][info][gc,marking     ] GC(275) Concurrent Mark 43.432ms
[88.227s][info][gc,marking     ] GC(275) Concurrent Rebuild Remembered Sets and Scrub Regions
[88.238s][info][gc,marking     ] GC(275) Concurrent Rebuild Remembered Sets and Scrub Regions 11.493ms
[88.238s][info][gc,start       ] GC(275) Pause Cleanup
[88.239s][info][gc             ] GC(275) Pause Cleanup 211M->211M(567M) 0.214ms
[88.239s][info][gc,cpu         ] GC(275) User=0.00s Sys=0.00s Real=0.00s
[88.239s][info][gc,marking     ] GC(275) Concurrent Clear Claimed Marks
[88.239s][info][gc,marking     ] GC(275) Concurrent Clear Claimed Marks 0.083ms
[88.239s][info][gc,marking     ] GC(275) Concurrent Cleanup for Next Mark
[88.239s][info][gc,marking     ] GC(275) Concurrent Cleanup for Next Mark 0.355ms
[88.239s][info][gc             ] GC(275) Concurrent Mark Cycle 57.242ms
[88.353s][info][gc,start       ] GC(276) Pause Young (Prepare Mixed) (G1 Evacuation Pause)
[88.353s][info][gc,task        ] GC(276) Using 16 workers of 33 for evacuation
[88.380s][info][gc,phases      ] GC(276)   Pre Evacuate Collection Set: 0.2ms
[88.380s][info][gc,phases      ] GC(276)   Merge Heap Roots: 0.2ms
[88.380s][info][gc,phases      ] GC(276)   Evacuate Collection Set: 25.7ms
[88.380s][info][gc,phases      ] GC(276)   Post Evacuate Collection Set: 0.6ms
[88.380s][info][gc,phases      ] GC(276)   Other: 0.2ms
[88.380s][info][gc,heap        ] GC(276) Eden regions: 282->0(182)
[88.380s][info][gc,heap        ] GC(276) Survivor regions: 7->37(37)
[88.380s][info][gc,heap        ] GC(276) Old regions: 160->203
[88.380s][info][gc,heap        ] GC(276) Archive regions: 0->0
[88.380s][info][gc,heap        ] GC(276) Humongous regions: 40->35
[88.380s][info][gc,metaspace   ] GC(276) Metaspace: 67188K(68224K)->67188K(68224K) NonClass: 58787K(59328K)->58787K(59328K) Class: 8401K(8896K)->8401K(8896K)
[88.380s][info][gc             ] GC(276) Pause Young (Prepare Mixed) (G1 Evacuation Pause) 467M->253M(569M) 27.358ms
[88.380s][info][gc,cpu         ] GC(276) User=0.50s Sys=0.00s Real=0.03s
[88.484s][info][gc,start       ] GC(277) Pause Young (Mixed) (G1 Evacuation Pause)
[88.484s][info][gc,task        ] GC(277) Using 14 workers of 33 for evacuation
[88.519s][info][gc,phases      ] GC(277)   Pre Evacuate Collection Set: 0.2ms
[88.519s][info][gc,phases      ] GC(277)   Merge Heap Roots: 0.3ms
[88.519s][info][gc,phases      ] GC(277)   Evacuate Collection Set: 34.2ms
[88.519s][info][gc,phases      ] GC(277)   Post Evacuate Collection Set: 0.4ms
[88.519s][info][gc,phases      ] GC(277)   Other: 0.1ms
[88.519s][info][gc,heap        ] GC(277) Eden regions: 182->0(161)
[88.519s][info][gc,heap        ] GC(277) Survivor regions: 37->24(28)
[88.519s][info][gc,heap        ] GC(277) Old regions: 203->239
[88.519s][info][gc,heap        ] GC(277) Archive regions: 0->0
[88.519s][info][gc,heap        ] GC(277) Humongous regions: 58->58
[88.519s][info][gc,metaspace   ] GC(277) Metaspace: 67188K(68224K)->67188K(68224K) NonClass: 58787K(59328K)->58787K(59328K) Class: 8401K(8896K)->8401K(8896K)
[88.519s][info][gc             ] GC(277) Pause Young (Mixed) (G1 Evacuation Pause) 458M->303M(569M) 35.537ms
[88.519s][info][gc,cpu         ] GC(277) User=0.66s Sys=0.00s Real=0.05s
[88.592s][info][gc,start       ] GC(278) Pause Young (Concurrent Start) (G1 Evacuation Pause)
[88.592s][info][gc,task        ] GC(278) Using 13 workers of 33 for evacuation
[88.617s][info][gc,phases      ] GC(278)   Pre Evacuate Collection Set: 0.4ms
[88.617s][info][gc,phases      ] GC(278)   Merge Heap Roots: 0.2ms
[88.617s][info][gc,phases      ] GC(278)   Evacuate Collection Set: 23.8ms
[88.617s][info][gc,phases      ] GC(278)   Post Evacuate Collection Set: 0.4ms
[88.617s][info][gc,phases      ] GC(278)   Other: 0.1ms
[88.617s][info][gc,heap        ] GC(278) Eden regions: 161->0(155)
[88.617s][info][gc,heap        ] GC(278) Survivor regions: 24->18(24)
[88.617s][info][gc,heap        ] GC(278) Old regions: 239->264
[88.617s][info][gc,heap        ] GC(278) Archive regions: 0->0
[88.617s][info][gc,heap        ] GC(278) Humongous regions: 58->58
[88.617s][info][gc,metaspace   ] GC(278) Metaspace: 67188K(68224K)->67188K(68224K) NonClass: 58787K(59328K)->58787K(59328K) Class: 8401K(8896K)->8401K(8896K)
[88.617s][info][gc             ] GC(278) Pause Young (Concurrent Start) (G1 Evacuation Pause) 464M->322M(569M) 25.208ms
[88.617s][info][gc             ] GC(279) Concurrent Mark Cycle
[88.617s][info][gc,cpu         ] GC(278) User=0.41s Sys=0.00s Real=0.03s
[88.617s][info][gc,marking     ] GC(279) Concurrent Scan Root Regions
[88.621s][info][gc,marking     ] GC(279) Concurrent Scan Root Regions 4.524ms
[88.621s][info][gc,marking     ] GC(279) Concurrent Mark
[88.621s][info][gc,marking     ] GC(279) Concurrent Mark From Roots
[88.621s][info][gc,task        ] GC(279) Using 8 workers of 8 for marking
[88.675s][info][gc,marking     ] GC(279) Concurrent Mark From Roots 53.565ms
[88.675s][info][gc,marking     ] GC(279) Concurrent Preclean
[88.675s][info][gc,marking     ] GC(279) Concurrent Preclean 0.133ms
[88.675s][info][gc,start       ] GC(279) Pause Remark
[88.678s][info][gc             ] GC(279) Pause Remark 425M->400M(697M) 3.078ms
[88.678s][info][gc,cpu         ] GC(279) User=0.00s Sys=0.00s Real=0.00s
[88.679s][info][gc,marking     ] GC(279) Concurrent Mark 57.104ms
[88.679s][info][gc,marking     ] GC(279) Concurrent Rebuild Remembered Sets and Scrub Regions
[88.713s][info][gc,marking     ] GC(279) Concurrent Rebuild Remembered Sets and Scrub Regions 34.651ms
[88.713s][info][gc,start       ] GC(279) Pause Cleanup
[88.714s][info][gc             ] GC(279) Pause Cleanup 449M->449M(697M) 0.279ms
[88.714s][info][gc,cpu         ] GC(279) User=0.00s Sys=0.00s Real=0.00s
[88.714s][info][gc,marking     ] GC(279) Concurrent Clear Claimed Marks
[88.714s][info][gc,marking     ] GC(279) Concurrent Clear Claimed Marks 0.084ms
[88.714s][info][gc,marking     ] GC(279) Concurrent Cleanup for Next Mark
[88.715s][info][gc,marking     ] GC(279) Concurrent Cleanup for Next Mark 0.892ms
[88.715s][info][gc             ] GC(279) Concurrent Mark Cycle 97.942ms
[88.735s][info][gc,start       ] GC(280) Pause Young (Prepare Mixed) (G1 Evacuation Pause)
[88.735s][info][gc,task        ] GC(280) Using 16 workers of 33 for evacuation
[88.758s][info][gc,phases      ] GC(280)   Pre Evacuate Collection Set: 0.2ms
[88.758s][info][gc,phases      ] GC(280)   Merge Heap Roots: 0.5ms
[88.758s][info][gc,phases      ] GC(280)   Evacuate Collection Set: 21.5ms
[88.758s][info][gc,phases      ] GC(280)   Post Evacuate Collection Set: 0.5ms
[88.758s][info][gc,phases      ] GC(280)   Other: 0.2ms
[88.758s][info][gc,heap        ] GC(280) Eden regions: 155->0(248)
[88.758s][info][gc,heap        ] GC(280) Survivor regions: 18->16(22)
[88.758s][info][gc,heap        ] GC(280) Old regions: 263->279
[88.759s][info][gc,heap        ] GC(280) Archive regions: 0->0
[88.759s][info][gc,heap        ] GC(280) Humongous regions: 54->54
[88.759s][info][gc,metaspace   ] GC(280) Metaspace: 67188K(68224K)->67188K(68224K) NonClass: 58787K(59328K)->58787K(59328K) Class: 8401K(8896K)->8401K(8896K)
[88.759s][info][gc             ] GC(280) Pause Young (Prepare Mixed) (G1 Evacuation Pause) 472M->331M(697M) 23.310ms
[88.759s][info][gc,cpu         ] GC(280) User=0.50s Sys=0.00s Real=0.03s
[88.881s][info][gc,start       ] GC(281) Pause Young (Mixed) (G1 Evacuation Pause)
[88.881s][info][gc,task        ] GC(281) Using 16 workers of 33 for evacuation
[88.909s][info][gc,phases      ] GC(281)   Pre Evacuate Collection Set: 0.2ms
[88.909s][info][gc,phases      ] GC(281)   Merge Heap Roots: 0.2ms
[88.909s][info][gc,phases      ] GC(281)   Evacuate Collection Set: 22.7ms
[88.909s][info][gc,phases      ] GC(281)   Post Evacuate Collection Set: 4.6ms
[88.909s][info][gc,phases      ] GC(281)   Other: 0.2ms
[88.909s][info][gc,heap        ] GC(281) Eden regions: 248->0(679)
[88.909s][info][gc,heap        ] GC(281) Survivor regions: 16->33(33)
[88.909s][info][gc,heap        ] GC(281) Old regions: 279->276
[88.909s][info][gc,heap        ] GC(281) Archive regions: 0->0
[88.909s][info][gc,heap        ] GC(281) Humongous regions: 54->54
[88.909s][info][gc,metaspace   ] GC(281) Metaspace: 67188K(68224K)->67188K(68224K) NonClass: 58787K(59328K)->58787K(59328K) Class: 8401K(8896K)->8401K(8896K)
[88.909s][info][gc             ] GC(281) Pause Young (Mixed) (G1 Evacuation Pause) 579M->350M(1238M) 28.161ms
[88.909s][info][gc,cpu         ] GC(281) User=0.27s Sys=0.00s Real=0.03s
[89.374s][info][gc,start       ] GC(282) Pause Young (Concurrent Start) (G1 Humongous Allocation)
[89.374s][info][gc,task        ] GC(282) Using 29 workers of 33 for evacuation
[89.405s][info][gc,phases      ] GC(282)   Pre Evacuate Collection Set: 0.4ms
[89.405s][info][gc,phases      ] GC(282)   Merge Heap Roots: 0.4ms
[89.406s][info][gc,phases      ] GC(282)   Evacuate Collection Set: 29.5ms
[89.406s][info][gc,phases      ] GC(282)   Post Evacuate Collection Set: 0.7ms
[89.406s][info][gc,phases      ] GC(282)   Other: 0.2ms
[89.406s][info][gc,heap        ] GC(282) Eden regions: 637->0(667)
[89.406s][info][gc,heap        ] GC(282) Survivor regions: 33->70(89)
[89.406s][info][gc,heap        ] GC(282) Old regions: 276->276
[89.406s][info][gc,heap        ] GC(282) Archive regions: 0->0
[89.406s][info][gc,heap        ] GC(282) Humongous regions: 54->54
[89.406s][info][gc,metaspace   ] GC(282) Metaspace: 67188K(68224K)->67188K(68224K) NonClass: 58787K(59328K)->58787K(59328K) Class: 8401K(8896K)->8401K(8896K)
[89.406s][info][gc             ] GC(282) Pause Young (Concurrent Start) (G1 Humongous Allocation) 986M->387M(1238M) 31.623ms
[89.406s][info][gc             ] GC(283) Concurrent Mark Cycle
[89.406s][info][gc,cpu         ] GC(282) User=0.91s Sys=0.00s Real=0.03s
[89.406s][info][gc,marking     ] GC(283) Concurrent Scan Root Regions
[89.414s][info][gc,marking     ] GC(283) Concurrent Scan Root Regions 7.873ms
[89.414s][info][gc,marking     ] GC(283) Concurrent Mark
[89.414s][info][gc,marking     ] GC(283) Concurrent Mark From Roots
[89.414s][info][gc,task        ] GC(283) Using 8 workers of 8 for marking
[89.459s][info][gc,marking     ] GC(283) Concurrent Mark From Roots 45.153ms
[89.459s][info][gc,marking     ] GC(283) Concurrent Preclean
[89.459s][info][gc,marking     ] GC(283) Concurrent Preclean 0.134ms
[89.459s][info][gc,start       ] GC(283) Pause Remark
[89.462s][info][gc             ] GC(283) Pause Remark 391M->309M(1077M) 2.916ms
[89.462s][info][gc,cpu         ] GC(283) User=0.00s Sys=0.00s Real=0.00s
[89.462s][info][gc,marking     ] GC(283) Concurrent Mark 48.536ms
[89.462s][info][gc,marking     ] GC(283) Concurrent Rebuild Remembered Sets and Scrub Regions
[89.498s][info][gc,marking     ] GC(283) Concurrent Rebuild Remembered Sets and Scrub Regions 35.527ms
[89.498s][info][gc,start       ] GC(283) Pause Cleanup
[89.498s][info][gc             ] GC(283) Pause Cleanup 309M->309M(1077M) 0.411ms
[89.498s][info][gc,cpu         ] GC(283) User=0.00s Sys=0.00s Real=0.00s
[89.498s][info][gc,marking     ] GC(283) Concurrent Clear Claimed Marks
[89.499s][info][gc,marking     ] GC(283) Concurrent Clear Claimed Marks 0.106ms
[89.499s][info][gc,marking     ] GC(283) Concurrent Cleanup for Next Mark
[89.501s][info][gc,marking     ] GC(283) Concurrent Cleanup for Next Mark 2.068ms
[89.501s][info][gc             ] GC(283) Concurrent Mark Cycle 95.053ms
[90.290s][info][gc,start       ] GC(284) Pause Young (Prepare Mixed) (G1 Evacuation Pause)
[90.290s][info][gc,task        ] GC(284) Using 27 workers of 33 for evacuation
[90.364s][info][gc,phases      ] GC(284)   Pre Evacuate Collection Set: 0.3ms
[90.364s][info][gc,phases      ] GC(284)   Merge Heap Roots: 0.9ms
[90.364s][info][gc,phases      ] GC(284)   Evacuate Collection Set: 71.3ms
[90.364s][info][gc,phases      ] GC(284)   Post Evacuate Collection Set: 0.8ms
[90.364s][info][gc,phases      ] GC(284)   Other: 0.2ms
[90.364s][info][gc,heap        ] GC(284) Eden regions: 576->0(466)
[90.364s][info][gc,heap        ] GC(284) Survivor regions: 70->81(81)
[90.364s][info][gc,heap        ] GC(284) Old regions: 218->315
[90.364s][info][gc,heap        ] GC(284) Archive regions: 0->0
[90.364s][info][gc,heap        ] GC(284) Humongous regions: 111->106
[90.364s][info][gc,metaspace   ] GC(284) Metaspace: 67216K(68224K)->67216K(68224K) NonClass: 58815K(59328K)->58815K(59328K) Class: 8401K(8896K)->8401K(8896K)
[90.364s][info][gc             ] GC(284) Pause Young (Prepare Mixed) (G1 Evacuation Pause) 962M->489M(1153M) 73.847ms
[90.364s][info][gc,cpu         ] GC(284) User=1.69s Sys=0.00s Real=0.06s
[90.621s][info][gc,start       ] GC(285) Pause Young (Mixed) (G1 Evacuation Pause)
[90.621s][info][gc,task        ] GC(285) Using 27 workers of 33 for evacuation
[90.677s][info][gc,phases      ] GC(285)   Pre Evacuate Collection Set: 0.3ms
[90.677s][info][gc,phases      ] GC(285)   Merge Heap Roots: 0.9ms
[90.677s][info][gc,phases      ] GC(285)   Evacuate Collection Set: 53.9ms
[90.677s][info][gc,phases      ] GC(285)   Post Evacuate Collection Set: 0.6ms
[90.677s][info][gc,phases      ] GC(285)   Other: 0.2ms
[90.677s][info][gc,heap        ] GC(285) Eden regions: 466->0(416)
[90.677s][info][gc,heap        ] GC(285) Survivor regions: 81->49(69)
[90.677s][info][gc,heap        ] GC(285) Old regions: 315->393
[90.677s][info][gc,heap        ] GC(285) Archive regions: 0->0
[90.677s][info][gc,heap        ] GC(285) Humongous regions: 142->142
[90.677s][info][gc,metaspace   ] GC(285) Metaspace: 67216K(68224K)->67216K(68224K) NonClass: 58815K(59328K)->58815K(59328K) Class: 8401K(8896K)->8401K(8896K)
[90.677s][info][gc             ] GC(285) Pause Young (Mixed) (G1 Evacuation Pause) 991M->574M(1153M) 56.171ms
[90.677s][info][gc,cpu         ] GC(285) User=1.27s Sys=0.00s Real=0.05s
[90.881s][info][gc,start       ] GC(286) Pause Young (Concurrent Start) (G1 Evacuation Pause)
[90.881s][info][gc,task        ] GC(286) Using 27 workers of 33 for evacuation
[90.913s][info][gc,phases      ] GC(286)   Pre Evacuate Collection Set: 0.5ms
[90.913s][info][gc,phases      ] GC(286)   Merge Heap Roots: 0.4ms
[90.913s][info][gc,phases      ] GC(286)   Evacuate Collection Set: 30.2ms
[90.913s][info][gc,phases      ] GC(286)   Post Evacuate Collection Set: 0.6ms
[90.913s][info][gc,phases      ] GC(286)   Other: 0.1ms
[90.913s][info][gc,heap        ] GC(286) Eden regions: 416->0(402)
[90.913s][info][gc,heap        ] GC(286) Survivor regions: 49->35(59)
[90.913s][info][gc,heap        ] GC(286) Old regions: 393->443
[90.913s][info][gc,heap        ] GC(286) Archive regions: 0->0
[90.913s][info][gc,heap        ] GC(286) Humongous regions: 142->142
[90.913s][info][gc,metaspace   ] GC(286) Metaspace: 67216K(68224K)->67216K(68224K) NonClass: 58815K(59328K)->58815K(59328K) Class: 8401K(8896K)->8401K(8896K)
[90.913s][info][gc             ] GC(286) Pause Young (Concurrent Start) (G1 Evacuation Pause) 990M->610M(1153M) 32.096ms
[90.913s][info][gc             ] GC(287) Concurrent Mark Cycle
[90.913s][info][gc,cpu         ] GC(286) User=0.84s Sys=0.02s Real=0.05s
[90.913s][info][gc,marking     ] GC(287) Concurrent Scan Root Regions
[90.921s][info][gc,marking     ] GC(287) Concurrent Scan Root Regions 7.736ms
[90.921s][info][gc,marking     ] GC(287) Concurrent Mark
[90.921s][info][gc,marking     ] GC(287) Concurrent Mark From Roots
[90.921s][info][gc,task        ] GC(287) Using 8 workers of 8 for marking
[90.977s][info][gc,marking     ] GC(287) Concurrent Mark From Roots 56.340ms
[90.977s][info][gc,marking     ] GC(287) Concurrent Preclean
[90.977s][info][gc,marking     ] GC(287) Concurrent Preclean 0.143ms
[90.977s][info][gc,start       ] GC(287) Pause Remark
[90.980s][info][gc             ] GC(287) Pause Remark 723M->556M(1153M) 2.628ms
[90.980s][info][gc,cpu         ] GC(287) User=0.00s Sys=0.00s Real=0.00s
[90.980s][info][gc,marking     ] GC(287) Concurrent Mark 59.444ms
[90.980s][info][gc,marking     ] GC(287) Concurrent Rebuild Remembered Sets and Scrub Regions
[91.033s][info][gc,marking     ] GC(287) Concurrent Rebuild Remembered Sets and Scrub Regions 52.382ms
[91.033s][info][gc,start       ] GC(287) Pause Cleanup
[91.033s][info][gc             ] GC(287) Pause Cleanup 642M->642M(1153M) 0.520ms
[91.033s][info][gc,cpu         ] GC(287) User=0.00s Sys=0.00s Real=0.00s
[91.033s][info][gc,marking     ] GC(287) Concurrent Clear Claimed Marks
[91.034s][info][gc,marking     ] GC(287) Concurrent Clear Claimed Marks 0.118ms
[91.034s][info][gc,marking     ] GC(287) Concurrent Cleanup for Next Mark
[91.034s][info][gc,marking     ] GC(287) Concurrent Cleanup for Next Mark 0.854ms
[91.035s][info][gc             ] GC(287) Concurrent Mark Cycle 121.636ms
[91.725s][info][gc,start       ] GC(288) Pause Young (Prepare Mixed) (G1 Evacuation Pause)
[91.725s][info][gc,task        ] GC(288) Using 27 workers of 33 for evacuation
[91.765s][info][gc,phases      ] GC(288)   Pre Evacuate Collection Set: 0.3ms
[91.766s][info][gc,phases      ] GC(288)   Merge Heap Roots: 0.8ms
[91.766s][info][gc,phases      ] GC(288)   Evacuate Collection Set: 38.7ms
[91.766s][info][gc,phases      ] GC(288)   Post Evacuate Collection Set: 0.8ms
[91.766s][info][gc,phases      ] GC(288)   Other: 0.2ms
[91.766s][info][gc,heap        ] GC(288) Eden regions: 402->0(482)
[91.766s][info][gc,heap        ] GC(288) Survivor regions: 35->39(55)
[91.766s][info][gc,heap        ] GC(288) Old regions: 376->407
[91.766s][info][gc,heap        ] GC(288) Archive regions: 0->0
[91.766s][info][gc,heap        ] GC(288) Humongous regions: 85->80
[91.766s][info][gc,metaspace   ] GC(288) Metaspace: 67233K(68288K)->67233K(68288K) NonClass: 58832K(59392K)->58832K(59392K) Class: 8401K(8896K)->8401K(8896K)
[91.766s][info][gc             ] GC(288) Pause Young (Prepare Mixed) (G1 Evacuation Pause) 888M->515M(1153M) 41.085ms
[91.766s][info][gc,cpu         ] GC(288) User=0.84s Sys=0.00s Real=0.03s
[92.247s][info][gc,start       ] GC(289) Pause Young (Mixed) (G1 Evacuation Pause)
[92.247s][info][gc,task        ] GC(289) Using 27 workers of 33 for evacuation
[92.302s][info][gc,phases      ] GC(289)   Pre Evacuate Collection Set: 0.3ms
[92.302s][info][gc,phases      ] GC(289)   Merge Heap Roots: 1.0ms
[92.302s][info][gc,phases      ] GC(289)   Evacuate Collection Set: 52.0ms
[92.302s][info][gc,phases      ] GC(289)   Post Evacuate Collection Set: 0.8ms
[92.302s][info][gc,phases      ] GC(289)   Other: 0.2ms
[92.302s][info][gc,heap        ] GC(289) Eden regions: 482->0(431)
[92.302s][info][gc,heap        ] GC(289) Survivor regions: 39->66(66)
[92.302s][info][gc,heap        ] GC(289) Old regions: 407->399
[92.302s][info][gc,heap        ] GC(289) Archive regions: 0->0
[92.302s][info][gc,heap        ] GC(289) Humongous regions: 144->134
[92.302s][info][gc,metaspace   ] GC(289) Metaspace: 67273K(68288K)->67273K(68288K) NonClass: 58871K(59392K)->58871K(59392K) Class: 8401K(8896K)->8401K(8896K)
[92.302s][info][gc             ] GC(289) Pause Young (Mixed) (G1 Evacuation Pause) 1061M->589M(1178M) 54.753ms
[92.302s][info][gc,cpu         ] GC(289) User=1.69s Sys=0.00s Real=0.06s
[92.699s][info][gc,start       ] GC(290) Pause Young (Concurrent Start) (G1 Humongous Allocation)
[92.699s][info][gc,task        ] GC(290) Using 28 workers of 33 for evacuation
[92.734s][info][gc,phases      ] GC(290)   Pre Evacuate Collection Set: 0.6ms
[92.734s][info][gc,phases      ] GC(290)   Merge Heap Roots: 0.5ms
[92.734s][info][gc,phases      ] GC(290)   Evacuate Collection Set: 32.1ms
[92.734s][info][gc,phases      ] GC(290)   Post Evacuate Collection Set: 1.5ms
[92.734s][info][gc,phases      ] GC(290)   Other: 0.1ms
[92.734s][info][gc,heap        ] GC(290) Eden regions: 213->0(519)
[92.734s][info][gc,heap        ] GC(290) Survivor regions: 66->21(63)
[92.734s][info][gc,heap        ] GC(290) Old regions: 399->470
[92.734s][info][gc,heap        ] GC(290) Archive regions: 0->0
[92.734s][info][gc,heap        ] GC(290) Humongous regions: 134->134
[92.734s][info][gc,metaspace   ] GC(290) Metaspace: 67281K(68288K)->67281K(68288K) NonClass: 58879K(59392K)->58879K(59392K) Class: 8401K(8896K)->8401K(8896K)
[92.734s][info][gc             ] GC(290) Pause Young (Concurrent Start) (G1 Humongous Allocation) 802M->614M(1315M) 35.157ms
[92.734s][info][gc             ] GC(291) Concurrent Mark Cycle
[92.734s][info][gc,cpu         ] GC(290) User=0.88s Sys=0.00s Real=0.03s
[92.734s][info][gc,marking     ] GC(291) Concurrent Scan Root Regions
[92.739s][info][gc,marking     ] GC(291) Concurrent Scan Root Regions 4.850ms
[92.739s][info][gc,marking     ] GC(291) Concurrent Mark
[92.739s][info][gc,marking     ] GC(291) Concurrent Mark From Roots
[92.739s][info][gc,task        ] GC(291) Using 8 workers of 8 for marking
[92.767s][info][gc,marking     ] GC(291) Concurrent Mark From Roots 27.899ms
[92.767s][info][gc,marking     ] GC(291) Concurrent Preclean
[92.767s][info][gc,marking     ] GC(291) Concurrent Preclean 0.093ms
[92.767s][info][gc,start       ] GC(291) Pause Remark
[92.770s][info][gc             ] GC(291) Pause Remark 635M->302M(1044M) 2.971ms
[92.770s][info][gc,cpu         ] GC(291) User=0.00s Sys=0.00s Real=0.00s
[92.771s][info][gc,marking     ] GC(291) Concurrent Mark 31.302ms
[92.771s][info][gc,marking     ] GC(291) Concurrent Rebuild Remembered Sets and Scrub Regions
[92.788s][info][gc,marking     ] GC(291) Concurrent Rebuild Remembered Sets and Scrub Regions 17.865ms
[92.789s][info][gc,start       ] GC(291) Pause Cleanup
[92.789s][info][gc             ] GC(291) Pause Cleanup 334M->334M(1044M) 0.340ms
[92.789s][info][gc,cpu         ] GC(291) User=0.00s Sys=0.00s Real=0.00s
[92.789s][info][gc,marking     ] GC(291) Concurrent Clear Claimed Marks
[92.789s][info][gc,marking     ] GC(291) Concurrent Clear Claimed Marks 0.094ms
[92.789s][info][gc,marking     ] GC(291) Concurrent Cleanup for Next Mark
[92.790s][info][gc,marking     ] GC(291) Concurrent Cleanup for Next Mark 0.730ms
[92.790s][info][gc             ] GC(291) Concurrent Mark Cycle 55.677ms
[93.206s][info][gc,start       ] GC(292) Pause Young (Prepare Mixed) (G1 Evacuation Pause)
[93.206s][info][gc,task        ] GC(292) Using 26 workers of 33 for evacuation
[93.243s][info][gc,phases      ] GC(292)   Pre Evacuate Collection Set: 0.3ms
[93.243s][info][gc,phases      ] GC(292)   Merge Heap Roots: 0.3ms
[93.243s][info][gc,phases      ] GC(292)   Evacuate Collection Set: 35.1ms
[93.243s][info][gc,phases      ] GC(292)   Post Evacuate Collection Set: 0.7ms
[93.243s][info][gc,phases      ] GC(292)   Other: 0.2ms
[93.243s][info][gc,heap        ] GC(292) Eden regions: 519->0(499)
[93.243s][info][gc,heap        ] GC(292) Survivor regions: 21->68(68)
[93.243s][info][gc,heap        ] GC(292) Old regions: 261->263
[93.243s][info][gc,heap        ] GC(292) Archive regions: 0->0
[93.243s][info][gc,heap        ] GC(292) Humongous regions: 50->45
[93.243s][info][gc,metaspace   ] GC(292) Metaspace: 67304K(68288K)->67304K(68288K) NonClass: 58901K(59392K)->58901K(59392K) Class: 8402K(8896K)->8402K(8896K)
[93.243s][info][gc             ] GC(292) Pause Young (Prepare Mixed) (G1 Evacuation Pause) 840M->366M(1044M) 36.915ms
[93.243s][info][gc,cpu         ] GC(292) User=1.22s Sys=0.00s Real=0.05s
[93.596s][info][gc,start       ] GC(293) Pause Young (Mixed) (G1 Evacuation Pause)
[93.596s][info][gc,task        ] GC(293) Using 25 workers of 33 for evacuation
[93.676s][info][gc,phases      ] GC(293)   Pre Evacuate Collection Set: 0.3ms
[93.676s][info][gc,phases      ] GC(293)   Merge Heap Roots: 0.8ms
[93.676s][info][gc,phases      ] GC(293)   Evacuate Collection Set: 78.4ms
[93.676s][info][gc,phases      ] GC(293)   Post Evacuate Collection Set: 0.8ms
[93.676s][info][gc,phases      ] GC(293)   Other: 0.2ms
[93.676s][info][gc,heap        ] GC(293) Eden regions: 327->0(472)
[93.676s][info][gc,heap        ] GC(293) Survivor regions: 68->62(71)
[93.676s][info][gc,heap        ] GC(293) Old regions: 263->323
[93.676s][info][gc,heap        ] GC(293) Archive regions: 0->0
[93.676s][info][gc,heap        ] GC(293) Humongous regions: 386->143
[93.676s][info][gc,metaspace   ] GC(293) Metaspace: 67311K(68352K)->67311K(68352K) NonClass: 58909K(59456K)->58909K(59456K) Class: 8402K(8896K)->8402K(8896K)
[93.676s][info][gc             ] GC(293) Pause Young (Mixed) (G1 Evacuation Pause) 1034M->517M(1174M) 80.736ms
[93.676s][info][gc,cpu         ] GC(293) User=1.88s Sys=0.08s Real=0.08s
[93.836s][info][gc,start       ] GC(294) Pause Young (Concurrent Start) (G1 Humongous Allocation)
[93.836s][info][gc,task        ] GC(294) Using 28 workers of 33 for evacuation
[93.864s][info][gc,phases      ] GC(294)   Pre Evacuate Collection Set: 0.5ms
[93.864s][info][gc,phases      ] GC(294)   Merge Heap Roots: 0.5ms
[93.864s][info][gc,phases      ] GC(294)   Evacuate Collection Set: 26.6ms
[93.864s][info][gc,phases      ] GC(294)   Post Evacuate Collection Set: 0.5ms
[93.864s][info][gc,phases      ] GC(294)   Other: 0.1ms
[93.864s][info][gc,heap        ] GC(294) Eden regions: 358->0(501)
[93.864s][info][gc,heap        ] GC(294) Survivor regions: 62->1(67)
[93.864s][info][gc,heap        ] GC(294) Old regions: 323->383
[93.864s][info][gc,heap        ] GC(294) Archive regions: 0->0
[93.864s][info][gc,heap        ] GC(294) Humongous regions: 143->143
[93.864s][info][gc,metaspace   ] GC(294) Metaspace: 67311K(68352K)->67311K(68352K) NonClass: 58909K(59456K)->58909K(59456K) Class: 8402K(8896K)->8402K(8896K)
[93.864s][info][gc             ] GC(294) Pause Young (Concurrent Start) (G1 Humongous Allocation) 875M->516M(1174M) 28.518ms
[93.864s][info][gc             ] GC(295) Concurrent Mark Cycle
[93.864s][info][gc,cpu         ] GC(294) User=0.88s Sys=0.00s Real=0.03s
[93.864s][info][gc,marking     ] GC(295) Concurrent Scan Root Regions
[93.869s][info][gc,marking     ] GC(295) Concurrent Scan Root Regions 4.439ms
[93.869s][info][gc,marking     ] GC(295) Concurrent Mark
[93.869s][info][gc,marking     ] GC(295) Concurrent Mark From Roots
[93.869s][info][gc,task        ] GC(295) Using 8 workers of 8 for marking
[93.897s][info][gc,marking     ] GC(295) Concurrent Mark From Roots 28.575ms
[93.897s][info][gc,marking     ] GC(295) Concurrent Preclean
[93.898s][info][gc,marking     ] GC(295) Concurrent Preclean 0.153ms
[93.898s][info][gc,start       ] GC(295) Pause Remark
[93.901s][info][gc             ] GC(295) Pause Remark 556M->325M(1120M) 3.081ms
[93.901s][info][gc,cpu         ] GC(295) User=0.00s Sys=0.00s Real=0.00s
[93.901s][info][gc,marking     ] GC(295) Concurrent Mark 32.148ms
[93.901s][info][gc,marking     ] GC(295) Concurrent Rebuild Remembered Sets and Scrub Regions
[93.917s][info][gc,marking     ] GC(295) Concurrent Rebuild Remembered Sets and Scrub Regions 16.162ms
[93.917s][info][gc,start       ] GC(295) Pause Cleanup
[93.918s][info][gc             ] GC(295) Pause Cleanup 346M->346M(1120M) 0.384ms
[93.918s][info][gc,cpu         ] GC(295) User=0.00s Sys=0.00s Real=0.00s
[93.918s][info][gc,marking     ] GC(295) Concurrent Clear Claimed Marks
[93.918s][info][gc,marking     ] GC(295) Concurrent Clear Claimed Marks 0.082ms
[93.918s][info][gc,marking     ] GC(295) Concurrent Cleanup for Next Mark
[93.919s][info][gc,marking     ] GC(295) Concurrent Cleanup for Next Mark 0.866ms
[93.919s][info][gc             ] GC(295) Concurrent Mark Cycle 54.596ms
[94.022s][info][gc,start       ] GC(296) Pause Full (System.gc())
[94.022s][info][gc,task        ] GC(296) Using 27 workers of 33 for full compaction
[94.023s][info][gc,phases,start] GC(296) Phase 1: Mark live objects
[94.052s][info][gc,phases      ] GC(296) Phase 1: Mark live objects 29.227ms
[94.053s][info][gc,phases,start] GC(296) Phase 2: Prepare compaction
[94.058s][info][gc,phases      ] GC(296) Phase 2: Prepare compaction 5.341ms
[94.058s][info][gc,phases,start] GC(296) Phase 3: Adjust pointers
[94.069s][info][gc,phases      ] GC(296) Phase 3: Adjust pointers 11.141ms
[94.069s][info][gc,phases,start] GC(296) Phase 4: Compact heap
[94.070s][info][gc,phases      ] GC(296) Phase 4: Compact heap 0.548ms
[94.081s][info][gc,heap        ] GC(296) Eden regions: 185->0(297)
[94.081s][info][gc,heap        ] GC(296) Survivor regions: 1->0(67)
[94.081s][info][gc,heap        ] GC(296) Old regions: 279->159
[94.081s][info][gc,heap        ] GC(296) Archive regions: 0->0
[94.081s][info][gc,heap        ] GC(296) Humongous regions: 19->10
[94.081s][info][gc,metaspace   ] GC(296) Metaspace: 67312K(68352K)->67312K(68352K) NonClass: 58909K(59456K)->58909K(59456K) Class: 8402K(8896K)->8402K(8896K)
[94.081s][info][gc             ] GC(296) Pause Full (System.gc()) 473M->148M(564M) 58.967ms
[94.081s][info][gc,cpu         ] GC(296) User=0.84s Sys=0.02s Real=0.05s
[94.123s][info][gc,start       ] GC(297) Pause Young (Concurrent Start) (G1 Humongous Allocation)
[94.123s][info][gc,task        ] GC(297) Using 20 workers of 33 for evacuation
[94.125s][info][gc,phases      ] GC(297)   Pre Evacuate Collection Set: 0.4ms
[94.125s][info][gc,phases      ] GC(297)   Merge Heap Roots: 0.1ms
[94.125s][info][gc,phases      ] GC(297)   Evacuate Collection Set: 1.3ms
[94.125s][info][gc,phases      ] GC(297)   Post Evacuate Collection Set: 0.6ms
[94.126s][info][gc,phases      ] GC(297)   Other: 0.1ms
[94.126s][info][gc,heap        ] GC(297) Eden regions: 17->0(312)
[94.126s][info][gc,heap        ] GC(297) Survivor regions: 0->3(38)
[94.126s][info][gc,heap        ] GC(297) Old regions: 159->159
[94.126s][info][gc,heap        ] GC(297) Archive regions: 0->0
[94.126s][info][gc,heap        ] GC(297) Humongous regions: 10->10
[94.126s][info][gc,metaspace   ] GC(297) Metaspace: 67319K(68352K)->67319K(68352K) NonClass: 58916K(59456K)->58916K(59456K) Class: 8402K(8896K)->8402K(8896K)
[94.126s][info][gc             ] GC(297) Pause Young (Concurrent Start) (G1 Humongous Allocation) 165M->151M(564M) 3.027ms
[94.126s][info][gc             ] GC(298) Concurrent Mark Cycle
[94.126s][info][gc,cpu         ] GC(297) User=0.00s Sys=0.00s Real=0.00s
[94.126s][info][gc,marking     ] GC(298) Concurrent Scan Root Regions
[94.127s][info][gc,marking     ] GC(298) Concurrent Scan Root Regions 1.204ms
[94.127s][info][gc,marking     ] GC(298) Concurrent Mark
[94.127s][info][gc,marking     ] GC(298) Concurrent Mark From Roots
[94.127s][info][gc,task        ] GC(298) Using 8 workers of 8 for marking
[94.172s][info][gc,marking     ] GC(298) Concurrent Mark From Roots 44.534ms
[94.172s][info][gc,marking     ] GC(298) Concurrent Preclean
[94.172s][info][gc,marking     ] GC(298) Concurrent Preclean 0.110ms
[94.172s][info][gc,start       ] GC(298) Pause Remark
[94.174s][info][gc             ] GC(298) Pause Remark 183M->183M(564M) 2.159ms
[94.174s][info][gc,cpu         ] GC(298) User=0.00s Sys=0.00s Real=0.00s
[94.174s][info][gc,marking     ] GC(298) Concurrent Mark 47.170ms
[94.174s][info][gc,marking     ] GC(298) Concurrent Rebuild Remembered Sets and Scrub Regions
[94.188s][info][gc,marking     ] GC(298) Concurrent Rebuild Remembered Sets and Scrub Regions 13.407ms
[94.201s][info][gc,start       ] GC(298) Pause Cleanup
[94.201s][info][gc             ] GC(298) Pause Cleanup 203M->203M(564M) 0.250ms
[94.202s][info][gc,cpu         ] GC(298) User=0.00s Sys=0.00s Real=0.00s
[94.202s][info][gc,marking     ] GC(298) Concurrent Clear Claimed Marks
[94.202s][info][gc,marking     ] GC(298) Concurrent Clear Claimed Marks 0.113ms
[94.202s][info][gc,marking     ] GC(298) Concurrent Cleanup for Next Mark
[94.202s][info][gc,marking     ] GC(298) Concurrent Cleanup for Next Mark 0.397ms
[94.202s][info][gc             ] GC(298) Concurrent Mark Cycle 76.282ms
[94.343s][info][gc,start       ] GC(299) Pause Young (Prepare Mixed) (G1 Evacuation Pause)
[94.343s][info][gc,task        ] GC(299) Using 16 workers of 33 for evacuation
[94.375s][info][gc,phases      ] GC(299)   Pre Evacuate Collection Set: 0.2ms
[94.375s][info][gc,phases      ] GC(299)   Merge Heap Roots: 0.3ms
[94.375s][info][gc,phases      ] GC(299)   Evacuate Collection Set: 30.7ms
[94.375s][info][gc,phases      ] GC(299)   Post Evacuate Collection Set: 0.7ms
[94.375s][info][gc,phases      ] GC(299)   Other: 0.2ms
[94.376s][info][gc,heap        ] GC(299) Eden regions: 312->0(220)
[94.376s][info][gc,heap        ] GC(299) Survivor regions: 3->40(40)
[94.376s][info][gc,heap        ] GC(299) Old regions: 159->203
[94.376s][info][gc,heap        ] GC(299) Archive regions: 0->0
[94.376s][info][gc,heap        ] GC(299) Humongous regions: 42->37
[94.376s][info][gc,metaspace   ] GC(299) Metaspace: 67329K(68352K)->67329K(68352K) NonClass: 58927K(59456K)->58927K(59456K) Class: 8402K(8896K)->8402K(8896K)
[94.376s][info][gc             ] GC(299) Pause Young (Prepare Mixed) (G1 Evacuation Pause) 495M->259M(600M) 32.658ms
[94.376s][info][gc,cpu         ] GC(299) User=0.45s Sys=0.05s Real=0.03s
[94.486s][info][gc,start       ] GC(300) Pause Young (Mixed) (G1 Evacuation Pause)
[94.486s][info][gc,task        ] GC(300) Using 15 workers of 33 for evacuation
[94.524s][info][gc,phases      ] GC(300)   Pre Evacuate Collection Set: 0.2ms
[94.524s][info][gc,phases      ] GC(300)   Merge Heap Roots: 0.4ms
[94.524s][info][gc,phases      ] GC(300)   Evacuate Collection Set: 32.5ms
[94.524s][info][gc,phases      ] GC(300)   Post Evacuate Collection Set: 4.2ms
[94.524s][info][gc,phases      ] GC(300)   Other: 0.2ms
[94.524s][info][gc,heap        ] GC(300) Eden regions: 220->0(468)
[94.524s][info][gc,heap        ] GC(300) Survivor regions: 40->27(33)
[94.524s][info][gc,heap        ] GC(300) Old regions: 203->244
[94.524s][info][gc,heap        ] GC(300) Archive regions: 0->0
[94.524s][info][gc,heap        ] GC(300) Humongous regions: 58->58
[94.524s][info][gc,metaspace   ] GC(300) Metaspace: 67329K(68352K)->67329K(68352K) NonClass: 58927K(59456K)->58927K(59456K) Class: 8402K(8896K)->8402K(8896K)
[94.524s][info][gc             ] GC(300) Pause Young (Mixed) (G1 Evacuation Pause) 500M->312M(963M) 37.838ms
[94.524s][info][gc,cpu         ] GC(300) User=0.47s Sys=0.02s Real=0.05s
[94.633s][info][gc,start       ] GC(301) Pause Young (Concurrent Start) (G1 Humongous Allocation)
[94.633s][info][gc,task        ] GC(301) Using 23 workers of 33 for evacuation
[94.655s][info][gc,phases      ] GC(301)   Pre Evacuate Collection Set: 0.5ms
[94.655s][info][gc,phases      ] GC(301)   Merge Heap Roots: 0.2ms
[94.655s][info][gc,phases      ] GC(301)   Evacuate Collection Set: 20.9ms
[94.655s][info][gc,phases      ] GC(301)   Post Evacuate Collection Set: 0.6ms
[94.655s][info][gc,phases      ] GC(301)   Other: 0.1ms
[94.655s][info][gc,heap        ] GC(301) Eden regions: 185->0(466)
[94.655s][info][gc,heap        ] GC(301) Survivor regions: 27->43(62)
[94.655s][info][gc,heap        ] GC(301) Old regions: 244->244
[94.655s][info][gc,heap        ] GC(301) Archive regions: 0->0
[94.655s][info][gc,heap        ] GC(301) Humongous regions: 58->58
[94.655s][info][gc,metaspace   ] GC(301) Metaspace: 67329K(68352K)->67329K(68352K) NonClass: 58927K(59456K)->58927K(59456K) Class: 8402K(8896K)->8402K(8896K)
[94.655s][info][gc             ] GC(301) Pause Young (Concurrent Start) (G1 Humongous Allocation) 497M->328M(963M) 22.760ms
[94.655s][info][gc             ] GC(302) Concurrent Mark Cycle
[94.655s][info][gc,cpu         ] GC(301) User=0.72s Sys=0.00s Real=0.03s
[94.655s][info][gc,marking     ] GC(302) Concurrent Scan Root Regions
[94.660s][info][gc,marking     ] GC(302) Concurrent Scan Root Regions 4.622ms
[94.660s][info][gc,marking     ] GC(302) Concurrent Mark
[94.660s][info][gc,marking     ] GC(302) Concurrent Mark From Roots
[94.660s][info][gc,task        ] GC(302) Using 8 workers of 8 for marking
[94.713s][info][gc,marking     ] GC(302) Concurrent Mark From Roots 53.251ms
[94.713s][info][gc,marking     ] GC(302) Concurrent Preclean
[94.714s][info][gc,marking     ] GC(302) Concurrent Preclean 0.180ms
[94.714s][info][gc,start       ] GC(302) Pause Remark
[94.725s][info][gc             ] GC(302) Pause Remark 411M->387M(963M) 10.904ms
[94.725s][info][gc,cpu         ] GC(302) User=0.36s Sys=0.00s Real=0.02s
[94.725s][info][gc,marking     ] GC(302) Concurrent Mark 64.732ms
[94.725s][info][gc,marking     ] GC(302) Concurrent Rebuild Remembered Sets and Scrub Regions
[94.770s][info][gc,marking     ] GC(302) Concurrent Rebuild Remembered Sets and Scrub Regions 45.494ms
[94.771s][info][gc,start       ] GC(302) Pause Cleanup
[94.771s][info][gc             ] GC(302) Pause Cleanup 468M->468M(963M) 0.286ms
[94.771s][info][gc,cpu         ] GC(302) User=0.00s Sys=0.00s Real=0.00s
[94.771s][info][gc,marking     ] GC(302) Concurrent Clear Claimed Marks
[94.771s][info][gc,marking     ] GC(302) Concurrent Clear Claimed Marks 0.100ms
[94.771s][info][gc,marking     ] GC(302) Concurrent Cleanup for Next Mark
[94.773s][info][gc,marking     ] GC(302) Concurrent Cleanup for Next Mark 1.478ms
[94.773s][info][gc             ] GC(302) Concurrent Mark Cycle 117.187ms
[94.938s][info][gc,start       ] GC(303) Pause Young (Prepare Mixed) (G1 Evacuation Pause)
[94.938s][info][gc,task        ] GC(303) Using 23 workers of 33 for evacuation
[94.973s][info][gc,phases      ] GC(303)   Pre Evacuate Collection Set: 0.2ms
[94.973s][info][gc,phases      ] GC(303)   Merge Heap Roots: 0.8ms
[94.973s][info][gc,phases      ] GC(303)   Evacuate Collection Set: 33.0ms
[94.973s][info][gc,phases      ] GC(303)   Post Evacuate Collection Set: 0.6ms
[94.973s][info][gc,phases      ] GC(303)   Other: 0.2ms
[94.973s][info][gc,heap        ] GC(303) Eden regions: 466->0(456)
[94.973s][info][gc,heap        ] GC(303) Survivor regions: 43->55(64)
[94.973s][info][gc,heap        ] GC(303) Old regions: 244->264
[94.973s][info][gc,heap        ] GC(303) Archive regions: 0->0
[94.973s][info][gc,heap        ] GC(303) Humongous regions: 54->54
[94.973s][info][gc,metaspace   ] GC(303) Metaspace: 67329K(68352K)->67329K(68352K) NonClass: 58927K(59456K)->58927K(59456K) Class: 8402K(8896K)->8402K(8896K)
[94.973s][info][gc             ] GC(303) Pause Young (Prepare Mixed) (G1 Evacuation Pause) 790M->356M(963M) 35.075ms
[94.973s][info][gc,cpu         ] GC(303) User=0.72s Sys=0.00s Real=0.03s
[95.200s][info][gc,start       ] GC(304) Pause Young (Mixed) (G1 Evacuation Pause)
[95.200s][info][gc,task        ] GC(304) Using 23 workers of 33 for evacuation
[95.233s][info][gc,phases      ] GC(304)   Pre Evacuate Collection Set: 0.2ms
[95.233s][info][gc,phases      ] GC(304)   Merge Heap Roots: 0.3ms
[95.233s][info][gc,phases      ] GC(304)   Evacuate Collection Set: 32.3ms
[95.233s][info][gc,phases      ] GC(304)   Post Evacuate Collection Set: 0.5ms
[95.233s][info][gc,phases      ] GC(304)   Other: 0.2ms
[95.233s][info][gc,heap        ] GC(304) Eden regions: 456->0(453)
[95.233s][info][gc,heap        ] GC(304) Survivor regions: 55->33(64)
[95.233s][info][gc,heap        ] GC(304) Old regions: 264->305
[95.233s][info][gc,heap        ] GC(304) Archive regions: 0->0
[95.233s][info][gc,heap        ] GC(304) Humongous regions: 54->54
[95.234s][info][gc,metaspace   ] GC(304) Metaspace: 67329K(68352K)->67329K(68352K) NonClass: 58927K(59456K)->58927K(59456K) Class: 8402K(8896K)->8402K(8896K)
[95.234s][info][gc             ] GC(304) Pause Young (Mixed) (G1 Evacuation Pause) 812M->380M(963M) 33.893ms
[95.234s][info][gc,cpu         ] GC(304) User=0.72s Sys=0.00s Real=0.03s
[95.293s][info][gc,start       ] GC(305) Pause Young (Concurrent Start) (G1 Humongous Allocation)
[95.293s][info][gc,task        ] GC(305) Using 23 workers of 33 for evacuation
[95.309s][info][gc,phases      ] GC(305)   Pre Evacuate Collection Set: 0.5ms
[95.309s][info][gc,phases      ] GC(305)   Merge Heap Roots: 0.2ms
[95.309s][info][gc,phases      ] GC(305)   Evacuate Collection Set: 15.2ms
[95.309s][info][gc,phases      ] GC(305)   Post Evacuate Collection Set: 0.6ms
[95.309s][info][gc,phases      ] GC(305)   Other: 0.2ms
[95.309s][info][gc,heap        ] GC(305) Eden regions: 26->0(456)
[95.309s][info][gc,heap        ] GC(305) Survivor regions: 33->33(61)
[95.309s][info][gc,heap        ] GC(305) Old regions: 305->305
[95.310s][info][gc,heap        ] GC(305) Archive regions: 0->0
[95.310s][info][gc,heap        ] GC(305) Humongous regions: 54->54
[95.310s][info][gc,metaspace   ] GC(305) Metaspace: 67329K(68352K)->67329K(68352K) NonClass: 58927K(59456K)->58927K(59456K) Class: 8402K(8896K)->8402K(8896K)
[95.310s][info][gc             ] GC(305) Pause Young (Concurrent Start) (G1 Humongous Allocation) 406M->381M(963M) 17.014ms
[95.310s][info][gc             ] GC(306) Concurrent Mark Cycle
[95.310s][info][gc,marking     ] GC(306) Concurrent Scan Root Regions
[95.310s][info][gc,cpu         ] GC(305) User=0.28s Sys=0.02s Real=0.03s
[95.317s][info][gc,marking     ] GC(306) Concurrent Scan Root Regions 6.887ms
[95.317s][info][gc,marking     ] GC(306) Concurrent Mark
[95.317s][info][gc,marking     ] GC(306) Concurrent Mark From Roots
[95.317s][info][gc,task        ] GC(306) Using 8 workers of 8 for marking
[95.376s][info][gc,marking     ] GC(306) Concurrent Mark From Roots 59.364ms
[95.376s][info][gc,marking     ] GC(306) Concurrent Preclean
[95.376s][info][gc,marking     ] GC(306) Concurrent Preclean 0.112ms
[95.376s][info][gc,start       ] GC(306) Pause Remark
[95.378s][info][gc             ] GC(306) Pause Remark 384M->301M(963M) 1.988ms
[95.378s][info][gc,cpu         ] GC(306) User=0.00s Sys=0.00s Real=0.00s
[95.378s][info][gc,marking     ] GC(306) Concurrent Mark 61.796ms
[95.379s][info][gc,marking     ] GC(306) Concurrent Rebuild Remembered Sets and Scrub Regions
[95.410s][info][gc,marking     ] GC(306) Concurrent Rebuild Remembered Sets and Scrub Regions 31.473ms
[95.410s][info][gc,start       ] GC(306) Pause Cleanup
[95.411s][info][gc             ] GC(306) Pause Cleanup 302M->302M(963M) 0.351ms
[95.411s][info][gc,cpu         ] GC(306) User=0.00s Sys=0.00s Real=0.00s
[95.411s][info][gc,marking     ] GC(306) Concurrent Clear Claimed Marks
[95.411s][info][gc,marking     ] GC(306) Concurrent Clear Claimed Marks 0.081ms
[95.411s][info][gc,marking     ] GC(306) Concurrent Cleanup for Next Mark
[95.411s][info][gc,marking     ] GC(306) Concurrent Cleanup for Next Mark 0.626ms
[95.411s][info][gc             ] GC(306) Concurrent Mark Cycle 101.654ms
[96.371s][info][gc,start       ] GC(307) Pause Young (Prepare Mixed) (G1 Evacuation Pause)
[96.371s][info][gc,task        ] GC(307) Using 23 workers of 33 for evacuation
[96.429s][info][gc,phases      ] GC(307)   Pre Evacuate Collection Set: 0.2ms
[96.429s][info][gc,phases      ] GC(307)   Merge Heap Roots: 0.6ms
[96.429s][info][gc,phases      ] GC(307)   Evacuate Collection Set: 56.0ms
[96.429s][info][gc,phases      ] GC(307)   Post Evacuate Collection Set: 0.7ms
[96.429s][info][gc,phases      ] GC(307)   Other: 0.2ms
[96.429s][info][gc,heap        ] GC(307) Eden regions: 456->0(345)
[96.429s][info][gc,heap        ] GC(307) Survivor regions: 33->62(62)
[96.429s][info][gc,heap        ] GC(307) Old regions: 246->319
[96.429s][info][gc,heap        ] GC(307) Archive regions: 0->0
[96.429s][info][gc,heap        ] GC(307) Humongous regions: 103->98
[96.429s][info][gc,metaspace   ] GC(307) Metaspace: 67340K(68352K)->67340K(68352K) NonClass: 58937K(59456K)->58937K(59456K) Class: 8402K(8896K)->8402K(8896K)
[96.429s][info][gc             ] GC(307) Pause Young (Prepare Mixed) (G1 Evacuation Pause) 827M->468M(973M) 58.151ms
[96.429s][info][gc,cpu         ] GC(307) User=1.08s Sys=0.00s Real=0.05s
[96.596s][info][gc,start       ] GC(308) Pause Young (Mixed) (G1 Evacuation Pause)
[96.596s][info][gc,task        ] GC(308) Using 23 workers of 33 for evacuation
[96.644s][info][gc,phases      ] GC(308)   Pre Evacuate Collection Set: 0.2ms
[96.644s][info][gc,phases      ] GC(308)   Merge Heap Roots: 0.6ms
[96.644s][info][gc,phases      ] GC(308)   Evacuate Collection Set: 46.3ms
[96.644s][info][gc,phases      ] GC(308)   Post Evacuate Collection Set: 0.5ms
[96.644s][info][gc,phases      ] GC(308)   Other: 0.2ms
[96.644s][info][gc,heap        ] GC(308) Eden regions: 345->0(306)
[96.644s][info][gc,heap        ] GC(308) Survivor regions: 62->44(51)
[96.644s][info][gc,heap        ] GC(308) Old regions: 319->376
[96.644s][info][gc,heap        ] GC(308) Archive regions: 0->0
[96.644s][info][gc,heap        ] GC(308) Humongous regions: 122->122
[96.644s][info][gc,metaspace   ] GC(308) Metaspace: 67340K(68352K)->67340K(68352K) NonClass: 58937K(59456K)->58937K(59456K) Class: 8402K(8896K)->8402K(8896K)
[96.644s][info][gc             ] GC(308) Pause Young (Mixed) (G1 Evacuation Pause) 837M->531M(973M) 48.110ms
[96.644s][info][gc,cpu         ] GC(308) User=1.08s Sys=0.00s Real=0.05s
[96.713s][info][gc,start       ] GC(309) Pause Young (Concurrent Start) (G1 Humongous Allocation)
[96.713s][info][gc,task        ] GC(309) Using 23 workers of 33 for evacuation
[96.739s][info][gc,phases      ] GC(309)   Pre Evacuate Collection Set: 0.4ms
[96.739s][info][gc,phases      ] GC(309)   Merge Heap Roots: 0.2ms
[96.739s][info][gc,phases      ] GC(309)   Evacuate Collection Set: 23.3ms
[96.739s][info][gc,phases      ] GC(309)   Post Evacuate Collection Set: 2.6ms
[96.740s][info][gc,phases      ] GC(309)   Other: 0.2ms
[96.740s][info][gc,heap        ] GC(309) Eden regions: 141->0(483)
[96.740s][info][gc,heap        ] GC(309) Survivor regions: 44->17(44)
[96.740s][info][gc,heap        ] GC(309) Old regions: 376->415
[96.740s][info][gc,heap        ] GC(309) Archive regions: 0->0
[96.740s][info][gc,heap        ] GC(309) Humongous regions: 122->122
[96.740s][info][gc,metaspace   ] GC(309) Metaspace: 67340K(68352K)->67340K(68352K) NonClass: 58937K(59456K)->58937K(59456K) Class: 8402K(8896K)->8402K(8896K)
[96.740s][info][gc             ] GC(309) Pause Young (Concurrent Start) (G1 Humongous Allocation) 672M->543M(1196M) 26.898ms
[96.740s][info][gc             ] GC(310) Concurrent Mark Cycle
[96.740s][info][gc,cpu         ] GC(309) User=0.72s Sys=0.00s Real=0.03s
[96.740s][info][gc,marking     ] GC(310) Concurrent Scan Root Regions
[96.745s][info][gc,marking     ] GC(310) Concurrent Scan Root Regions 5.527ms
[96.745s][info][gc,marking     ] GC(310) Concurrent Mark
[96.745s][info][gc,marking     ] GC(310) Concurrent Mark From Roots
[96.745s][info][gc,task        ] GC(310) Using 8 workers of 8 for marking
[96.801s][info][gc,marking     ] GC(310) Concurrent Mark From Roots 56.043ms
[96.801s][info][gc,marking     ] GC(310) Concurrent Preclean
[96.802s][info][gc,marking     ] GC(310) Concurrent Preclean 0.200ms
[96.802s][info][gc,start       ] GC(310) Pause Remark
[96.804s][info][gc             ] GC(310) Pause Remark 632M->469M(1196M) 2.407ms
[96.804s][info][gc,cpu         ] GC(310) User=0.00s Sys=0.00s Real=0.00s
[96.804s][info][gc,marking     ] GC(310) Concurrent Mark 59.055ms
[96.804s][info][gc,marking     ] GC(310) Concurrent Rebuild Remembered Sets and Scrub Regions
[96.850s][info][gc,marking     ] GC(310) Concurrent Rebuild Remembered Sets and Scrub Regions 45.184ms
[96.850s][info][gc,start       ] GC(310) Pause Cleanup
[96.850s][info][gc             ] GC(310) Pause Cleanup 539M->539M(1196M) 0.414ms
[96.850s][info][gc,cpu         ] GC(310) User=0.00s Sys=0.00s Real=0.00s
[96.850s][info][gc,marking     ] GC(310) Concurrent Clear Claimed Marks
[96.850s][info][gc,marking     ] GC(310) Concurrent Clear Claimed Marks 0.079ms
[96.850s][info][gc,marking     ] GC(310) Concurrent Cleanup for Next Mark
[96.852s][info][gc,marking     ] GC(310) Concurrent Cleanup for Next Mark 1.487ms
[96.852s][info][gc             ] GC(310) Concurrent Mark Cycle 112.226ms
[97.032s][info][gc,start       ] GC(311) Pause Young (Prepare Mixed) (G1 Evacuation Pause)
[97.032s][info][gc,task        ] GC(311) Using 28 workers of 33 for evacuation
[97.058s][info][gc,phases      ] GC(311)   Pre Evacuate Collection Set: 0.3ms
[97.058s][info][gc,phases      ] GC(311)   Merge Heap Roots: 0.9ms
[97.058s][info][gc,phases      ] GC(311)   Evacuate Collection Set: 23.8ms
[97.058s][info][gc,phases      ] GC(311)   Post Evacuate Collection Set: 0.9ms
[97.058s][info][gc,phases      ] GC(311)   Other: 0.2ms
[97.058s][info][gc,heap        ] GC(311) Eden regions: 483->0(584)
[97.058s][info][gc,heap        ] GC(311) Survivor regions: 17->53(63)
[97.058s][info][gc,heap        ] GC(311) Old regions: 340->340
[97.058s][info][gc,heap        ] GC(311) Archive regions: 0->0
[97.058s][info][gc,heap        ] GC(311) Humongous regions: 54->54
[97.058s][info][gc,metaspace   ] GC(311) Metaspace: 67344K(68352K)->67344K(68352K) NonClass: 58942K(59456K)->58942K(59456K) Class: 8402K(8896K)->8402K(8896K)
[97.058s][info][gc             ] GC(311) Pause Young (Prepare Mixed) (G1 Evacuation Pause) 883M->436M(1196M) 26.448ms
[97.058s][info][gc,cpu         ] GC(311) User=0.88s Sys=0.00s Real=0.03s
[98.096s][info][gc,start       ] GC(312) Pause Young (Mixed) (G1 Evacuation Pause)
[98.096s][info][gc,task        ] GC(312) Using 28 workers of 33 for evacuation
[98.149s][info][gc,phases      ] GC(312)   Pre Evacuate Collection Set: 0.3ms
[98.149s][info][gc,phases      ] GC(312)   Merge Heap Roots: 0.9ms
[98.149s][info][gc,phases      ] GC(312)   Evacuate Collection Set: 50.6ms
[98.149s][info][gc,phases      ] GC(312)   Post Evacuate Collection Set: 1.0ms
[98.149s][info][gc,phases      ] GC(312)   Other: 0.2ms
[98.149s][info][gc,heap        ] GC(312) Eden regions: 584->0(538)
[98.149s][info][gc,heap        ] GC(312) Survivor regions: 53->80(80)
[98.149s][info][gc,heap        ] GC(312) Old regions: 340->327
[98.149s][info][gc,heap        ] GC(312) Archive regions: 0->0
[98.149s][info][gc,heap        ] GC(312) Humongous regions: 108->98
[98.149s][info][gc,metaspace   ] GC(312) Metaspace: 67371K(68352K)->67371K(68352K) NonClass: 58968K(59456K)->58968K(59456K) Class: 8403K(8896K)->8403K(8896K)
[98.149s][info][gc             ] GC(312) Pause Young (Mixed) (G1 Evacuation Pause) 1074M->494M(1196M) 53.264ms
[98.149s][info][gc,cpu         ] GC(312) User=1.31s Sys=0.00s Real=0.05s
[98.166s][info][gc,start       ] GC(313) Pause Young (Concurrent Start) (G1 Humongous Allocation)
[98.167s][info][gc,task        ] GC(313) Using 28 workers of 33 for evacuation
[98.194s][info][gc,phases      ] GC(313)   Pre Evacuate Collection Set: 0.3ms
[98.194s][info][gc,phases      ] GC(313)   Merge Heap Roots: 0.3ms
[98.194s][info][gc,phases      ] GC(313)   Evacuate Collection Set: 26.2ms
[98.194s][info][gc,phases      ] GC(313)   Post Evacuate Collection Set: 0.4ms
[98.194s][info][gc,phases      ] GC(313)   Other: 0.1ms
[98.194s][info][gc,heap        ] GC(313) Eden regions: 37->0(520)
[98.194s][info][gc,heap        ] GC(313) Survivor regions: 80->16(78)
[98.194s][info][gc,heap        ] GC(313) Old regions: 327->411
[98.194s][info][gc,heap        ] GC(313) Archive regions: 0->0
[98.194s][info][gc,heap        ] GC(313) Humongous regions: 98->98
[98.194s][info][gc,metaspace   ] GC(313) Metaspace: 67371K(68352K)->67371K(68352K) NonClass: 58968K(59456K)->58968K(59456K) Class: 8403K(8896K)->8403K(8896K)
[98.194s][info][gc             ] GC(313) Pause Young (Concurrent Start) (G1 Humongous Allocation) 531M->514M(1196M) 27.582ms
[98.194s][info][gc             ] GC(314) Concurrent Mark Cycle
[98.194s][info][gc,cpu         ] GC(313) User=0.88s Sys=0.00s Real=0.03s
[98.194s][info][gc,marking     ] GC(314) Concurrent Scan Root Regions
[98.201s][info][gc,marking     ] GC(314) Concurrent Scan Root Regions 7.205ms
[98.201s][info][gc,marking     ] GC(314) Concurrent Mark
[98.201s][info][gc,marking     ] GC(314) Concurrent Mark From Roots
[98.201s][info][gc,task        ] GC(314) Using 8 workers of 8 for marking
[98.229s][info][gc,marking     ] GC(314) Concurrent Mark From Roots 27.728ms
[98.229s][info][gc,marking     ] GC(314) Concurrent Preclean
[98.229s][info][gc,marking     ] GC(314) Concurrent Preclean 0.115ms
[98.229s][info][gc,start       ] GC(314) Pause Remark
[98.232s][info][gc             ] GC(314) Pause Remark 554M->323M(1117M) 2.521ms
[98.232s][info][gc,cpu         ] GC(314) User=0.00s Sys=0.00s Real=0.00s
[98.232s][info][gc,marking     ] GC(314) Concurrent Mark 30.692ms
[98.232s][info][gc,marking     ] GC(314) Concurrent Rebuild Remembered Sets and Scrub Regions
[98.265s][info][gc,marking     ] GC(314) Concurrent Rebuild Remembered Sets and Scrub Regions 33.196ms
[98.266s][info][gc,start       ] GC(314) Pause Cleanup
[98.266s][info][gc             ] GC(314) Pause Cleanup 355M->355M(1117M) 0.356ms
[98.266s][info][gc,cpu         ] GC(314) User=0.00s Sys=0.00s Real=0.00s
[98.266s][info][gc,marking     ] GC(314) Concurrent Clear Claimed Marks
[98.266s][info][gc,marking     ] GC(314) Concurrent Clear Claimed Marks 0.097ms
[98.266s][info][gc,marking     ] GC(314) Concurrent Cleanup for Next Mark
[98.267s][info][gc,marking     ] GC(314) Concurrent Cleanup for Next Mark 0.770ms
[98.267s][info][gc             ] GC(314) Concurrent Mark Cycle 72.807ms
[99.057s][info][gc,start       ] GC(315) Pause Young (Prepare Mixed) (G1 Evacuation Pause)
[99.057s][info][gc,task        ] GC(315) Using 27 workers of 33 for evacuation
[99.097s][info][gc,phases      ] GC(315)   Pre Evacuate Collection Set: 0.3ms
[99.097s][info][gc,phases      ] GC(315)   Merge Heap Roots: 0.7ms
[99.097s][info][gc,phases      ] GC(315)   Evacuate Collection Set: 37.5ms
[99.097s][info][gc,phases      ] GC(315)   Post Evacuate Collection Set: 0.8ms
[99.097s][info][gc,phases      ] GC(315)   Other: 0.2ms
[99.097s][info][gc,heap        ] GC(315) Eden regions: 520->0(544)
[99.097s][info][gc,heap        ] GC(315) Survivor regions: 16->67(67)
[99.097s][info][gc,heap        ] GC(315) Old regions: 268->268
[99.097s][info][gc,heap        ] GC(315) Archive regions: 0->0
[99.097s][info][gc,heap        ] GC(315) Humongous regions: 68->58
[99.097s][info][gc,metaspace   ] GC(315) Metaspace: 67404K(68416K)->67404K(68416K) NonClass: 59000K(59520K)->59000K(59520K) Class: 8403K(8896K)->8403K(8896K)
[99.097s][info][gc             ] GC(315) Pause Young (Prepare Mixed) (G1 Evacuation Pause) 861M->382M(1117M) 39.834ms
[99.097s][info][gc,cpu         ] GC(315) User=0.84s Sys=0.00s Real=0.03s
[99.725s][info][gc,start       ] GC(316) Pause Young (Mixed) (G1 Evacuation Pause)
[99.725s][info][gc,task        ] GC(316) Using 26 workers of 33 for evacuation
[99.798s][info][gc,phases      ] GC(316)   Pre Evacuate Collection Set: 0.3ms
[99.798s][info][gc,phases      ] GC(316)   Merge Heap Roots: 0.7ms
[99.798s][info][gc,phases      ] GC(316)   Evacuate Collection Set: 71.9ms
[99.798s][info][gc,phases      ] GC(316)   Post Evacuate Collection Set: 0.7ms
[99.798s][info][gc,phases      ] GC(316)   Other: 0.1ms
[99.798s][info][gc,heap        ] GC(316) Eden regions: 544->0(517)
[99.798s][info][gc,heap        ] GC(316) Survivor regions: 67->70(77)
[99.798s][info][gc,heap        ] GC(316) Old regions: 268->328
[99.798s][info][gc,heap        ] GC(316) Archive regions: 0->0
[99.798s][info][gc,heap        ] GC(316) Humongous regions: 224->158
[99.798s][info][gc,metaspace   ] GC(316) Metaspace: 67404K(68416K)->67404K(68416K) NonClass: 59000K(59520K)->59000K(59520K) Class: 8403K(8896K)->8403K(8896K)
[99.799s][info][gc             ] GC(316) Pause Young (Mixed) (G1 Evacuation Pause) 1092M->545M(1240M) 73.912ms
[99.799s][info][gc,cpu         ] GC(316) User=1.55s Sys=0.08s Real=0.06s
[99.801s][info][gc,start       ] GC(317) Pause Young (Concurrent Start) (G1 Humongous Allocation)
[99.801s][info][gc,task        ] GC(317) Using 29 workers of 33 for evacuation
[99.832s][info][gc,phases      ] GC(317)   Pre Evacuate Collection Set: 0.3ms
[99.832s][info][gc,phases      ] GC(317)   Merge Heap Roots: 0.2ms
[99.832s][info][gc,phases      ] GC(317)   Evacuate Collection Set: 29.5ms
[99.832s][info][gc,phases      ] GC(317)   Post Evacuate Collection Set: 0.4ms
[99.832s][info][gc,phases      ] GC(317)   Other: 0.1ms
[99.832s][info][gc,heap        ] GC(317) Eden regions: 4->0(540)
[99.832s][info][gc,heap        ] GC(317) Survivor regions: 70->3(74)
[99.832s][info][gc,heap        ] GC(317) Old regions: 328->396
[99.832s][info][gc,heap        ] GC(317) Archive regions: 0->0
[99.832s][info][gc,heap        ] GC(317) Humongous regions: 158->158
[99.832s][info][gc,metaspace   ] GC(317) Metaspace: 67404K(68416K)->67404K(68416K) NonClass: 59000K(59520K)->59000K(59520K) Class: 8403K(8896K)->8403K(8896K)
[99.832s][info][gc             ] GC(317) Pause Young (Concurrent Start) (G1 Humongous Allocation) 548M->546M(1240M) 30.778ms
[99.832s][info][gc             ] GC(318) Concurrent Mark Cycle
[99.832s][info][gc,cpu         ] GC(317) User=0.47s Sys=0.00s Real=0.03s
[99.832s][info][gc,marking     ] GC(318) Concurrent Scan Root Regions
[99.837s][info][gc,marking     ] GC(318) Concurrent Scan Root Regions 5.368ms
[99.837s][info][gc,marking     ] GC(318) Concurrent Mark
[99.837s][info][gc,marking     ] GC(318) Concurrent Mark From Roots
[99.837s][info][gc,task        ] GC(318) Using 8 workers of 8 for marking
[99.867s][info][gc,marking     ] GC(318) Concurrent Mark From Roots 29.453ms
[99.867s][info][gc,marking     ] GC(318) Concurrent Preclean
[99.867s][info][gc,marking     ] GC(318) Concurrent Preclean 0.104ms
[99.867s][info][gc,start       ] GC(318) Pause Remark
[99.870s][info][gc             ] GC(318) Pause Remark 619M->398M(1240M) 2.962ms
[99.870s][info][gc,cpu         ] GC(318) User=0.00s Sys=0.00s Real=0.00s
[99.870s][info][gc,marking     ] GC(318) Concurrent Mark 32.899ms
[99.870s][info][gc,marking     ] GC(318) Concurrent Rebuild Remembered Sets and Scrub Regions
[99.891s][info][gc,marking     ] GC(318) Concurrent Rebuild Remembered Sets and Scrub Regions 20.400ms
[99.891s][info][gc,start       ] GC(318) Pause Cleanup
[99.891s][info][gc             ] GC(318) Pause Cleanup 453M->453M(1240M) 0.415ms
[99.891s][info][gc,cpu         ] GC(318) User=0.00s Sys=0.00s Real=0.00s
[99.892s][info][gc,marking     ] GC(318) Concurrent Clear Claimed Marks
[99.892s][info][gc,marking     ] GC(318) Concurrent Clear Claimed Marks 0.101ms
[99.892s][info][gc,marking     ] GC(318) Concurrent Cleanup for Next Mark
[99.893s][info][gc,marking     ] GC(318) Concurrent Cleanup for Next Mark 0.878ms
[99.893s][info][gc             ] GC(318) Concurrent Mark Cycle 60.568ms
[100.217s][info][gc,start       ] GC(319) Pause Young (Prepare Mixed) (G1 Evacuation Pause)
[100.230s][info][gc,task        ] GC(319) Using 29 workers of 33 for evacuation
[100.269s][info][gc,phases      ] GC(319)   Pre Evacuate Collection Set: 0.3ms
[100.269s][info][gc,phases      ] GC(319)   Merge Heap Roots: 0.9ms
[100.269s][info][gc,phases      ] GC(319)   Evacuate Collection Set: 37.0ms
[100.269s][info][gc,phases      ] GC(319)   Post Evacuate Collection Set: 0.7ms
[100.269s][info][gc,phases      ] GC(319)   Other: 0.2ms
[100.269s][info][gc,heap        ] GC(319) Eden regions: 540->0(592)
[100.269s][info][gc,heap        ] GC(319) Survivor regions: 3->59(68)
[100.269s][info][gc,heap        ] GC(319) Old regions: 282->282
[100.269s][info][gc,heap        ] GC(319) Archive regions: 0->0
[100.269s][info][gc,heap        ] GC(319) Humongous regions: 227->132
[100.269s][info][gc,metaspace   ] GC(319) Metaspace: 67422K(68416K)->67422K(68416K) NonClass: 59018K(59520K)->59018K(59520K) Class: 8403K(8896K)->8403K(8896K)
[100.269s][info][gc             ] GC(319) Pause Young (Prepare Mixed) (G1 Evacuation Pause) 1041M->462M(1240M) 52.572ms
[100.269s][info][gc,cpu         ] GC(319) User=0.91s Sys=0.00s Real=0.05s
[100.448s][info][gc,start       ] GC(320) Pause Full (System.gc())
[100.448s][info][gc,task        ] GC(320) Using 29 workers of 33 for full compaction
[100.449s][info][gc,phases,start] GC(320) Phase 1: Mark live objects
[100.479s][info][gc,phases      ] GC(320) Phase 1: Mark live objects 30.143ms
[100.480s][info][gc,phases,start] GC(320) Phase 2: Prepare compaction
[100.485s][info][gc,phases      ] GC(320) Phase 2: Prepare compaction 5.877ms
[100.485s][info][gc,phases,start] GC(320) Phase 3: Adjust pointers
[100.494s][info][gc,phases      ] GC(320) Phase 3: Adjust pointers 8.793ms
[100.494s][info][gc,phases,start] GC(320) Phase 4: Compact heap
[100.495s][info][gc,phases      ] GC(320) Phase 4: Compact heap 0.568ms
[100.504s][info][gc,heap        ] GC(320) Eden regions: 291->0(314)
[100.504s][info][gc,heap        ] GC(320) Survivor regions: 59->0(68)
[100.504s][info][gc,heap        ] GC(320) Old regions: 282->162
[100.504s][info][gc,heap        ] GC(320) Archive regions: 0->0
[100.504s][info][gc,heap        ] GC(320) Humongous regions: 135->10
[100.504s][info][gc,metaspace   ] GC(320) Metaspace: 67422K(68416K)->67422K(68416K) NonClass: 59018K(59520K)->59018K(59520K) Class: 8403K(8896K)->8403K(8896K)
[100.504s][info][gc             ] GC(320) Pause Full (System.gc()) 756M->149M(574M) 55.826ms
[100.504s][info][gc,cpu         ] GC(320) User=0.92s Sys=0.00s Real=0.05s
[100.538s][info][gc,start       ] GC(321) Pause Young (Concurrent Start) (G1 Humongous Allocation)
[100.538s][info][gc,task        ] GC(321) Using 21 workers of 33 for evacuation
[100.540s][info][gc,phases      ] GC(321)   Pre Evacuate Collection Set: 0.5ms
[100.540s][info][gc,phases      ] GC(321)   Merge Heap Roots: 0.1ms
[100.540s][info][gc,phases      ] GC(321)   Evacuate Collection Set: 1.3ms
[100.540s][info][gc,phases      ] GC(321)   Post Evacuate Collection Set: 0.6ms
[100.540s][info][gc,phases      ] GC(321)   Other: 0.1ms
[100.540s][info][gc,heap        ] GC(321) Eden regions: 19->0(323)
[100.540s][info][gc,heap        ] GC(321) Survivor regions: 0->7(40)
[100.541s][info][gc,heap        ] GC(321) Old regions: 162->162
[100.541s][info][gc,heap        ] GC(321) Archive regions: 0->0
[100.541s][info][gc,heap        ] GC(321) Humongous regions: 10->10
[100.541s][info][gc,metaspace   ] GC(321) Metaspace: 67430K(68416K)->67430K(68416K) NonClass: 59026K(59520K)->59026K(59520K) Class: 8403K(8896K)->8403K(8896K)
[100.541s][info][gc             ] GC(321) Pause Young (Concurrent Start) (G1 Humongous Allocation) 167M->156M(574M) 3.100ms
[100.541s][info][gc             ] GC(322) Concurrent Mark Cycle
[100.541s][info][gc,cpu         ] GC(321) User=0.33s Sys=0.00s Real=0.02s
[100.541s][info][gc,marking     ] GC(322) Concurrent Scan Root Regions
[100.542s][info][gc,marking     ] GC(322) Concurrent Scan Root Regions 0.905ms
[100.542s][info][gc,marking     ] GC(322) Concurrent Mark
[100.542s][info][gc,marking     ] GC(322) Concurrent Mark From Roots
[100.542s][info][gc,task        ] GC(322) Using 8 workers of 8 for marking
[100.583s][info][gc,marking     ] GC(322) Concurrent Mark From Roots 41.250ms
[100.583s][info][gc,marking     ] GC(322) Concurrent Preclean
[100.583s][info][gc,marking     ] GC(322) Concurrent Preclean 0.121ms
[100.583s][info][gc,start       ] GC(322) Pause Remark
[100.586s][info][gc             ] GC(322) Pause Remark 187M->187M(574M) 2.617ms
[100.586s][info][gc,cpu         ] GC(322) User=0.00s Sys=0.00s Real=0.00s
[100.586s][info][gc,marking     ] GC(322) Concurrent Mark 44.360ms
[100.586s][info][gc,marking     ] GC(322) Concurrent Rebuild Remembered Sets and Scrub Regions
[100.597s][info][gc,marking     ] GC(322) Concurrent Rebuild Remembered Sets and Scrub Regions 11.014ms
[100.597s][info][gc,start       ] GC(322) Pause Cleanup
[100.598s][info][gc             ] GC(322) Pause Cleanup 205M->205M(574M) 0.227ms
[100.598s][info][gc,cpu         ] GC(322) User=0.00s Sys=0.00s Real=0.00s
[100.598s][info][gc,marking     ] GC(322) Concurrent Clear Claimed Marks
[100.598s][info][gc,marking     ] GC(322) Concurrent Clear Claimed Marks 0.081ms
[100.598s][info][gc,marking     ] GC(322) Concurrent Cleanup for Next Mark
[100.598s][info][gc,marking     ] GC(322) Concurrent Cleanup for Next Mark 0.351ms
[100.598s][info][gc             ] GC(322) Concurrent Mark Cycle 57.428ms
[100.743s][info][gc,start       ] GC(323) Pause Young (Prepare Mixed) (G1 Evacuation Pause)
[100.743s][info][gc,task        ] GC(323) Using 17 workers of 33 for evacuation
[100.773s][info][gc,phases      ] GC(323)   Pre Evacuate Collection Set: 0.2ms
[100.773s][info][gc,phases      ] GC(323)   Merge Heap Roots: 0.2ms
[100.773s][info][gc,phases      ] GC(323)   Evacuate Collection Set: 28.5ms
[100.773s][info][gc,phases      ] GC(323)   Post Evacuate Collection Set: 0.5ms
[100.773s][info][gc,phases      ] GC(323)   Other: 0.2ms
[100.773s][info][gc,heap        ] GC(323) Eden regions: 323->0(241)
[100.773s][info][gc,heap        ] GC(323) Survivor regions: 7->42(42)
[100.773s][info][gc,heap        ] GC(323) Old regions: 162->204
[100.773s][info][gc,heap        ] GC(323) Archive regions: 0->0
[100.773s][info][gc,heap        ] GC(323) Humongous regions: 43->38
[100.773s][info][gc,metaspace   ] GC(323) Metaspace: 67434K(68416K)->67434K(68416K) NonClass: 59031K(59520K)->59031K(59520K) Class: 8403K(8896K)->8403K(8896K)
[100.773s][info][gc             ] GC(323) Pause Young (Prepare Mixed) (G1 Evacuation Pause) 512M->260M(619M) 30.056ms
[100.773s][info][gc,cpu         ] GC(323) User=0.56s Sys=0.00s Real=0.03s
[100.895s][info][gc,start       ] GC(324) Pause Young (Mixed) (G1 Evacuation Pause)
[100.895s][info][gc,task        ] GC(324) Using 15 workers of 33 for evacuation
[100.935s][info][gc,phases      ] GC(324)   Pre Evacuate Collection Set: 0.2ms
[100.936s][info][gc,phases      ] GC(324)   Merge Heap Roots: 0.3ms
[100.936s][info][gc,phases      ] GC(324)   Evacuate Collection Set: 35.7ms
[100.936s][info][gc,phases      ] GC(324)   Post Evacuate Collection Set: 4.0ms
[100.936s][info][gc,phases      ] GC(324)   Other: 0.2ms
[100.936s][info][gc,heap        ] GC(324) Eden regions: 241->0(420)
[100.936s][info][gc,heap        ] GC(324) Survivor regions: 42->30(36)
[100.936s][info][gc,heap        ] GC(324) Old regions: 204->245
[100.936s][info][gc,heap        ] GC(324) Archive regions: 0->0
[100.936s][info][gc,heap        ] GC(324) Humongous regions: 58->58
[100.936s][info][gc,metaspace   ] GC(324) Metaspace: 67434K(68416K)->67434K(68416K) NonClass: 59031K(59520K)->59031K(59520K) Class: 8403K(8896K)->8403K(8896K)
[100.936s][info][gc             ] GC(324) Pause Young (Mixed) (G1 Evacuation Pause) 521M->313M(906M) 41.071ms
[100.936s][info][gc,cpu         ] GC(324) User=0.47s Sys=0.00s Real=0.03s
[101.049s][info][gc,start       ] GC(325) Pause Young (Concurrent Start) (G1 Humongous Allocation)
[101.049s][info][gc,task        ] GC(325) Using 21 workers of 33 for evacuation
[101.073s][info][gc,phases      ] GC(325)   Pre Evacuate Collection Set: 0.4ms
[101.073s][info][gc,phases      ] GC(325)   Merge Heap Roots: 0.2ms
[101.073s][info][gc,phases      ] GC(325)   Evacuate Collection Set: 22.6ms
[101.073s][info][gc,phases      ] GC(325)   Post Evacuate Collection Set: 0.5ms
[101.073s][info][gc,phases      ] GC(325)   Other: 0.2ms
[101.073s][info][gc,heap        ] GC(325) Eden regions: 185->0(419)
[101.073s][info][gc,heap        ] GC(325) Survivor regions: 30->45(57)
[101.073s][info][gc,heap        ] GC(325) Old regions: 245->245
[101.073s][info][gc,heap        ] GC(325) Archive regions: 0->0
[101.073s][info][gc,heap        ] GC(325) Humongous regions: 58->58
[101.073s][info][gc,metaspace   ] GC(325) Metaspace: 67434K(68416K)->67434K(68416K) NonClass: 59031K(59520K)->59031K(59520K) Class: 8403K(8896K)->8403K(8896K)
[101.074s][info][gc             ] GC(325) Pause Young (Concurrent Start) (G1 Humongous Allocation) 498M->328M(906M) 24.203ms
[101.074s][info][gc             ] GC(326) Concurrent Mark Cycle
[101.074s][info][gc,cpu         ] GC(325) User=0.31s Sys=0.02s Real=0.02s
[101.074s][info][gc,marking     ] GC(326) Concurrent Scan Root Regions
[101.078s][info][gc,marking     ] GC(326) Concurrent Scan Root Regions 4.776ms
[101.078s][info][gc,marking     ] GC(326) Concurrent Mark
[101.078s][info][gc,marking     ] GC(326) Concurrent Mark From Roots
[101.078s][info][gc,task        ] GC(326) Using 8 workers of 8 for marking
[101.134s][info][gc,marking     ] GC(326) Concurrent Mark From Roots 55.675ms
[101.134s][info][gc,marking     ] GC(326) Concurrent Preclean
[101.134s][info][gc,marking     ] GC(326) Concurrent Preclean 0.112ms
[101.134s][info][gc,start       ] GC(326) Pause Remark
[101.136s][info][gc             ] GC(326) Pause Remark 429M->405M(906M) 1.985ms
[101.136s][info][gc,cpu         ] GC(326) User=0.00s Sys=0.00s Real=0.00s
[101.137s][info][gc,marking     ] GC(326) Concurrent Mark 58.118ms
[101.137s][info][gc,marking     ] GC(326) Concurrent Rebuild Remembered Sets and Scrub Regions
[101.178s][info][gc,marking     ] GC(326) Concurrent Rebuild Remembered Sets and Scrub Regions 41.510ms
[101.178s][info][gc,start       ] GC(326) Pause Cleanup
[101.179s][info][gc             ] GC(326) Pause Cleanup 477M->477M(906M) 0.311ms
[101.179s][info][gc,cpu         ] GC(326) User=0.00s Sys=0.00s Real=0.00s
[101.179s][info][gc,marking     ] GC(326) Concurrent Clear Claimed Marks
[101.179s][info][gc,marking     ] GC(326) Concurrent Clear Claimed Marks 0.100ms
[101.179s][info][gc,marking     ] GC(326) Concurrent Cleanup for Next Mark
[101.180s][info][gc,marking     ] GC(326) Concurrent Cleanup for Next Mark 1.296ms
[101.180s][info][gc             ] GC(326) Concurrent Mark Cycle 106.624ms
[101.317s][info][gc,start       ] GC(327) Pause Young (Prepare Mixed) (G1 Evacuation Pause)
[101.317s][info][gc,task        ] GC(327) Using 21 workers of 33 for evacuation
[101.353s][info][gc,phases      ] GC(327)   Pre Evacuate Collection Set: 0.2ms
[101.353s][info][gc,phases      ] GC(327)   Merge Heap Roots: 0.7ms
[101.353s][info][gc,phases      ] GC(327)   Evacuate Collection Set: 34.8ms
[101.353s][info][gc,phases      ] GC(327)   Post Evacuate Collection Set: 0.6ms
[101.353s][info][gc,phases      ] GC(327)   Other: 0.2ms
[101.353s][info][gc,heap        ] GC(327) Eden regions: 419->0(411)
[101.354s][info][gc,heap        ] GC(327) Survivor regions: 45->51(58)
[101.354s][info][gc,heap        ] GC(327) Old regions: 245->268
[101.354s][info][gc,heap        ] GC(327) Archive regions: 0->0
[101.354s][info][gc,heap        ] GC(327) Humongous regions: 54->54
[101.354s][info][gc,metaspace   ] GC(327) Metaspace: 67434K(68416K)->67434K(68416K) NonClass: 59031K(59520K)->59031K(59520K) Class: 8403K(8896K)->8403K(8896K)
[101.354s][info][gc             ] GC(327) Pause Young (Prepare Mixed) (G1 Evacuation Pause) 743M->353M(906M) 36.949ms
[101.354s][info][gc,cpu         ] GC(327) User=0.98s Sys=0.00s Real=0.05s
[101.555s][info][gc,start       ] GC(328) Pause Young (Mixed) (G1 Evacuation Pause)
[101.555s][info][gc,task        ] GC(328) Using 21 workers of 33 for evacuation
[101.589s][info][gc,phases      ] GC(328)   Pre Evacuate Collection Set: 0.2ms
[101.589s][info][gc,phases      ] GC(328)   Merge Heap Roots: 0.3ms
[101.589s][info][gc,phases      ] GC(328)   Evacuate Collection Set: 32.3ms
[101.589s][info][gc,phases      ] GC(328)   Post Evacuate Collection Set: 0.5ms
[101.589s][info][gc,phases      ] GC(328)   Other: 0.2ms
[101.589s][info][gc,heap        ] GC(328) Eden regions: 411->0(409)
[101.589s][info][gc,heap        ] GC(328) Survivor regions: 51->30(58)
[101.589s][info][gc,heap        ] GC(328) Old regions: 268->305
[101.589s][info][gc,heap        ] GC(328) Archive regions: 0->0
[101.589s][info][gc,heap        ] GC(328) Humongous regions: 54->54
[101.589s][info][gc,metaspace   ] GC(328) Metaspace: 67434K(68416K)->67434K(68416K) NonClass: 59031K(59520K)->59031K(59520K) Class: 8403K(8896K)->8403K(8896K)
[101.589s][info][gc             ] GC(328) Pause Young (Mixed) (G1 Evacuation Pause) 764M->375M(906M) 34.121ms
[101.589s][info][gc,cpu         ] GC(328) User=0.66s Sys=0.00s Real=0.03s
[101.689s][info][gc,start       ] GC(329) Pause Young (Concurrent Start) (G1 Humongous Allocation)
[101.689s][info][gc,task        ] GC(329) Using 21 workers of 33 for evacuation
[101.707s][info][gc,phases      ] GC(329)   Pre Evacuate Collection Set: 0.4ms
[101.708s][info][gc,phases      ] GC(329)   Merge Heap Roots: 0.2ms
[101.708s][info][gc,phases      ] GC(329)   Evacuate Collection Set: 17.5ms
[101.708s][info][gc,phases      ] GC(329)   Post Evacuate Collection Set: 0.4ms
[101.708s][info][gc,phases      ] GC(329)   Other: 0.2ms
[101.708s][info][gc,heap        ] GC(329) Eden regions: 88->0(411)
[101.708s][info][gc,heap        ] GC(329) Survivor regions: 30->35(55)
[101.708s][info][gc,heap        ] GC(329) Old regions: 305->305
[101.708s][info][gc,heap        ] GC(329) Archive regions: 0->0
[101.708s][info][gc,heap        ] GC(329) Humongous regions: 54->54
[101.708s][info][gc,metaspace   ] GC(329) Metaspace: 67434K(68416K)->67434K(68416K) NonClass: 59031K(59520K)->59031K(59520K) Class: 8403K(8896K)->8403K(8896K)
[101.708s][info][gc             ] GC(329) Pause Young (Concurrent Start) (G1 Humongous Allocation) 462M->381M(906M) 18.924ms
[101.708s][info][gc             ] GC(330) Concurrent Mark Cycle
[101.708s][info][gc,cpu         ] GC(329) User=0.33s Sys=0.00s Real=0.02s
[101.708s][info][gc,marking     ] GC(330) Concurrent Scan Root Regions
[101.714s][info][gc,marking     ] GC(330) Concurrent Scan Root Regions 6.314ms
[101.714s][info][gc,marking     ] GC(330) Concurrent Mark
[101.714s][info][gc,marking     ] GC(330) Concurrent Mark From Roots
[101.714s][info][gc,task        ] GC(330) Using 8 workers of 8 for marking
[101.770s][info][gc,marking     ] GC(330) Concurrent Mark From Roots 55.850ms
[101.770s][info][gc,marking     ] GC(330) Concurrent Preclean
[101.770s][info][gc,marking     ] GC(330) Concurrent Preclean 0.175ms
[101.770s][info][gc,start       ] GC(330) Pause Remark
[101.772s][info][gc             ] GC(330) Pause Remark 384M->312M(906M) 2.075ms
[101.773s][info][gc,cpu         ] GC(330) User=0.00s Sys=0.00s Real=0.00s
[101.773s][info][gc,marking     ] GC(330) Concurrent Mark 58.522ms
[101.773s][info][gc,marking     ] GC(330) Concurrent Rebuild Remembered Sets and Scrub Regions
[101.804s][info][gc,marking     ] GC(330) Concurrent Rebuild Remembered Sets and Scrub Regions 30.999ms
[101.804s][info][gc,start       ] GC(330) Pause Cleanup
[101.804s][info][gc             ] GC(330) Pause Cleanup 313M->313M(906M) 0.405ms
[101.804s][info][gc,cpu         ] GC(330) User=0.00s Sys=0.00s Real=0.00s
[101.804s][info][gc,marking     ] GC(330) Concurrent Clear Claimed Marks
[101.804s][info][gc,marking     ] GC(330) Concurrent Clear Claimed Marks 0.111ms
[101.804s][info][gc,marking     ] GC(330) Concurrent Cleanup for Next Mark
[101.805s][info][gc,marking     ] GC(330) Concurrent Cleanup for Next Mark 0.612ms
[101.805s][info][gc             ] GC(330) Concurrent Mark Cycle 97.457ms
[102.544s][info][gc,start       ] GC(331) Pause Young (Prepare Mixed) (G1 Evacuation Pause)
[102.544s][info][gc,task        ] GC(331) Using 21 workers of 33 for evacuation
[102.604s][info][gc,phases      ] GC(331)   Pre Evacuate Collection Set: 0.3ms
[102.604s][info][gc,phases      ] GC(331)   Merge Heap Roots: 0.6ms
[102.604s][info][gc,phases      ] GC(331)   Evacuate Collection Set: 58.1ms
[102.604s][info][gc,phases      ] GC(331)   Post Evacuate Collection Set: 0.6ms
[102.604s][info][gc,phases      ] GC(331)   Other: 0.2ms
[102.604s][info][gc,heap        ] GC(331) Eden regions: 411->0(309)
[102.604s][info][gc,heap        ] GC(331) Survivor regions: 35->56(56)
[102.604s][info][gc,heap        ] GC(331) Old regions: 257->331
[102.604s][info][gc,heap        ] GC(331) Archive regions: 0->0
[102.604s][info][gc,heap        ] GC(331) Humongous regions: 103->98
[102.604s][info][gc,metaspace   ] GC(331) Metaspace: 67518K(68544K)->67518K(68544K) NonClass: 59114K(59648K)->59114K(59648K) Class: 8403K(8896K)->8403K(8896K)
[102.604s][info][gc             ] GC(331) Pause Young (Prepare Mixed) (G1 Evacuation Pause) 793M->472M(936M) 60.193ms
[102.604s][info][gc,cpu         ] GC(331) User=1.28s Sys=0.03s Real=0.06s
[102.762s][info][gc,start       ] GC(332) Pause Young (Mixed) (G1 Evacuation Pause)
[102.762s][info][gc,task        ] GC(332) Using 22 workers of 33 for evacuation
[102.808s][info][gc,phases      ] GC(332)   Pre Evacuate Collection Set: 0.3ms
[102.808s][info][gc,phases      ] GC(332)   Merge Heap Roots: 0.7ms
[102.808s][info][gc,phases      ] GC(332)   Evacuate Collection Set: 43.6ms
[102.808s][info][gc,phases      ] GC(332)   Post Evacuate Collection Set: 1.7ms
[102.808s][info][gc,phases      ] GC(332)   Other: 0.2ms
[102.808s][info][gc,heap        ] GC(332) Eden regions: 309->0(453)
[102.808s][info][gc,heap        ] GC(332) Survivor regions: 56->41(46)
[102.808s][info][gc,heap        ] GC(332) Old regions: 331->381
[102.808s][info][gc,heap        ] GC(332) Archive regions: 0->0
[102.808s][info][gc,heap        ] GC(332) Humongous regions: 122->122
[102.808s][info][gc,metaspace   ] GC(332) Metaspace: 67518K(68544K)->67518K(68544K) NonClass: 59115K(59648K)->59115K(59648K) Class: 8403K(8896K)->8403K(8896K)
[102.808s][info][gc             ] GC(332) Pause Young (Mixed) (G1 Evacuation Pause) 805M->534M(1159M) 46.693ms
[102.808s][info][gc,cpu         ] GC(332) User=1.03s Sys=0.00s Real=0.05s
[102.939s][info][gc,start       ] GC(333) Pause Young (Concurrent Start) (G1 Humongous Allocation)
[102.939s][info][gc,task        ] GC(333) Using 27 workers of 33 for evacuation
[102.966s][info][gc,phases      ] GC(333)   Pre Evacuate Collection Set: 0.4ms
[102.966s][info][gc,phases      ] GC(333)   Merge Heap Roots: 0.4ms
[102.966s][info][gc,phases      ] GC(333)   Evacuate Collection Set: 25.4ms
[102.966s][info][gc,phases      ] GC(333)   Post Evacuate Collection Set: 0.5ms
[102.966s][info][gc,phases      ] GC(333)   Other: 0.2ms
[102.966s][info][gc,heap        ] GC(333) Eden regions: 227->0(443)
[102.966s][info][gc,heap        ] GC(333) Survivor regions: 41->25(62)
[102.966s][info][gc,heap        ] GC(333) Old regions: 381->421
[102.966s][info][gc,heap        ] GC(333) Archive regions: 0->0
[102.966s][info][gc,heap        ] GC(333) Humongous regions: 122->122
[102.966s][info][gc,metaspace   ] GC(333) Metaspace: 67518K(68544K)->67518K(68544K) NonClass: 59115K(59648K)->59115K(59648K) Class: 8403K(8896K)->8403K(8896K)
[102.966s][info][gc             ] GC(333) Pause Young (Concurrent Start) (G1 Humongous Allocation) 761M->558M(1159M) 27.192ms
[102.966s][info][gc             ] GC(334) Concurrent Mark Cycle
[102.966s][info][gc,cpu         ] GC(333) User=0.80s Sys=0.05s Real=0.04s
[102.966s][info][gc,marking     ] GC(334) Concurrent Scan Root Regions
[102.972s][info][gc,marking     ] GC(334) Concurrent Scan Root Regions 5.920ms
[102.972s][info][gc,marking     ] GC(334) Concurrent Mark
[102.972s][info][gc,marking     ] GC(334) Concurrent Mark From Roots
[102.972s][info][gc,task        ] GC(334) Using 8 workers of 8 for marking
[103.021s][info][gc,marking     ] GC(334) Concurrent Mark From Roots 48.770ms
[103.021s][info][gc,marking     ] GC(334) Concurrent Preclean
[103.021s][info][gc,marking     ] GC(334) Concurrent Preclean 0.130ms
[103.021s][info][gc,start       ] GC(334) Pause Remark
[103.024s][info][gc             ] GC(334) Pause Remark 655M->471M(1159M) 2.347ms
[103.024s][info][gc,cpu         ] GC(334) User=0.00s Sys=0.00s Real=0.00s
[103.024s][info][gc,marking     ] GC(334) Concurrent Mark 51.596ms
[103.024s][info][gc,marking     ] GC(334) Concurrent Rebuild Remembered Sets and Scrub Regions
[103.075s][info][gc,marking     ] GC(334) Concurrent Rebuild Remembered Sets and Scrub Regions 50.953ms
[103.075s][info][gc,start       ] GC(334) Pause Cleanup
[103.075s][info][gc             ] GC(334) Pause Cleanup 569M->569M(1159M) 0.436ms
[103.075s][info][gc,cpu         ] GC(334) User=0.00s Sys=0.00s Real=0.00s
[103.075s][info][gc,marking     ] GC(334) Concurrent Clear Claimed Marks
[103.076s][info][gc,marking     ] GC(334) Concurrent Clear Claimed Marks 0.115ms
[103.076s][info][gc,marking     ] GC(334) Concurrent Cleanup for Next Mark
[103.077s][info][gc,marking     ] GC(334) Concurrent Cleanup for Next Mark 1.633ms
[103.077s][info][gc             ] GC(334) Concurrent Mark Cycle 111.234ms
[103.208s][info][gc,start       ] GC(335) Pause Young (Prepare Mixed) (G1 Evacuation Pause)
[103.208s][info][gc,task        ] GC(335) Using 27 workers of 33 for evacuation
[103.236s][info][gc,phases      ] GC(335)   Pre Evacuate Collection Set: 0.3ms
[103.236s][info][gc,phases      ] GC(335)   Merge Heap Roots: 0.9ms
[103.236s][info][gc,phases      ] GC(335)   Evacuate Collection Set: 25.4ms
[103.236s][info][gc,phases      ] GC(335)   Post Evacuate Collection Set: 0.7ms
[103.236s][info][gc,phases      ] GC(335)   Other: 0.2ms
[103.236s][info][gc,heap        ] GC(335) Eden regions: 443->0(560)
[103.236s][info][gc,heap        ] GC(335) Survivor regions: 25->59(59)
[103.236s][info][gc,heap        ] GC(335) Old regions: 325->325
[103.236s][info][gc,heap        ] GC(335) Archive regions: 0->0
[103.236s][info][gc,heap        ] GC(335) Humongous regions: 54->54
[103.236s][info][gc,metaspace   ] GC(335) Metaspace: 67518K(68544K)->67518K(68544K) NonClass: 59115K(59648K)->59115K(59648K) Class: 8403K(8896K)->8403K(8896K)
[103.236s][info][gc             ] GC(335) Pause Young (Prepare Mixed) (G1 Evacuation Pause) 837M->427M(1159M) 27.887ms
[103.236s][info][gc,cpu         ] GC(335) User=0.84s Sys=0.00s Real=0.03s
[104.257s][info][gc,start       ] GC(336) Pause Young (Mixed) (G1 Evacuation Pause)
[104.257s][info][gc,task        ] GC(336) Using 27 workers of 33 for evacuation
[104.314s][info][gc,phases      ] GC(336)   Pre Evacuate Collection Set: 0.3ms
[104.314s][info][gc,phases      ] GC(336)   Merge Heap Roots: 0.6ms
[104.314s][info][gc,phases      ] GC(336)   Evacuate Collection Set: 55.2ms
[104.314s][info][gc,phases      ] GC(336)   Post Evacuate Collection Set: 0.9ms
[104.314s][info][gc,phases      ] GC(336)   Other: 0.2ms
[104.314s][info][gc,heap        ] GC(336) Eden regions: 560->0(506)
[104.314s][info][gc,heap        ] GC(336) Survivor regions: 59->78(78)
[104.314s][info][gc,heap        ] GC(336) Old regions: 325->329
[104.314s][info][gc,heap        ] GC(336) Archive regions: 0->0
[104.314s][info][gc,heap        ] GC(336) Humongous regions: 103->98
[104.314s][info][gc,metaspace   ] GC(336) Metaspace: 67533K(68544K)->67533K(68544K) NonClass: 59130K(59648K)->59130K(59648K) Class: 8403K(8896K)->8403K(8896K)
[104.314s][info][gc             ] GC(336) Pause Young (Mixed) (G1 Evacuation Pause) 1036M->494M(1159M) 57.518ms
[104.315s][info][gc,cpu         ] GC(336) User=1.69s Sys=0.00s Real=0.06s
[104.349s][info][gc,start       ] GC(337) Pause Young (Concurrent Start) (G1 Humongous Allocation)
[104.349s][info][gc,task        ] GC(337) Using 27 workers of 33 for evacuation
[104.383s][info][gc,phases      ] GC(337)   Pre Evacuate Collection Set: 0.4ms
[104.383s][info][gc,phases      ] GC(337)   Merge Heap Roots: 0.4ms
[104.383s][info][gc,phases      ] GC(337)   Evacuate Collection Set: 32.9ms
[104.383s][info][gc,phases      ] GC(337)   Post Evacuate Collection Set: 0.5ms
[104.383s][info][gc,phases      ] GC(337)   Other: 0.1ms
[104.383s][info][gc,heap        ] GC(337) Eden regions: 58->0(442)
[104.383s][info][gc,heap        ] GC(337) Survivor regions: 78->14(73)
[104.383s][info][gc,heap        ] GC(337) Old regions: 329->411
[104.383s][info][gc,heap        ] GC(337) Archive regions: 0->0
[104.383s][info][gc,heap        ] GC(337) Humongous regions: 98->98
[104.383s][info][gc,metaspace   ] GC(337) Metaspace: 67540K(68544K)->67540K(68544K) NonClass: 59135K(59648K)->59135K(59648K) Class: 8405K(8896K)->8405K(8896K)
[104.384s][info][gc             ] GC(337) Pause Young (Concurrent Start) (G1 Humongous Allocation) 551M->512M(1159M) 34.574ms
[104.384s][info][gc             ] GC(338) Concurrent Mark Cycle
[104.384s][info][gc,cpu         ] GC(337) User=0.84s Sys=0.00s Real=0.03s
[104.384s][info][gc,marking     ] GC(338) Concurrent Scan Root Regions
[104.390s][info][gc,marking     ] GC(338) Concurrent Scan Root Regions 6.779ms
[104.390s][info][gc,marking     ] GC(338) Concurrent Mark
[104.390s][info][gc,marking     ] GC(338) Concurrent Mark From Roots
[104.390s][info][gc,task        ] GC(338) Using 8 workers of 8 for marking
[104.423s][info][gc,marking     ] GC(338) Concurrent Mark From Roots 32.962ms
[104.423s][info][gc,marking     ] GC(338) Concurrent Preclean
[104.424s][info][gc,marking     ] GC(338) Concurrent Preclean 0.106ms
[104.424s][info][gc,start       ] GC(338) Pause Remark
[104.427s][info][gc             ] GC(338) Pause Remark 566M->342M(1159M) 3.338ms
[104.427s][info][gc,cpu         ] GC(338) User=0.02s Sys=0.00s Real=0.02s
[104.427s][info][gc,marking     ] GC(338) Concurrent Mark 36.733ms
[104.427s][info][gc,marking     ] GC(338) Concurrent Rebuild Remembered Sets and Scrub Regions
[104.454s][info][gc,marking     ] GC(338) Concurrent Rebuild Remembered Sets and Scrub Regions 26.435ms
[104.454s][info][gc,start       ] GC(338) Pause Cleanup
[104.454s][info][gc             ] GC(338) Pause Cleanup 370M->370M(1159M) 0.356ms
[104.454s][info][gc,cpu         ] GC(338) User=0.00s Sys=0.00s Real=0.00s
[104.454s][info][gc,marking     ] GC(338) Concurrent Clear Claimed Marks
[104.454s][info][gc,marking     ] GC(338) Concurrent Clear Claimed Marks 0.077ms
[104.454s][info][gc,marking     ] GC(338) Concurrent Cleanup for Next Mark
[104.455s][info][gc,marking     ] GC(338) Concurrent Cleanup for Next Mark 0.796ms
[104.455s][info][gc             ] GC(338) Concurrent Mark Cycle 71.621ms
[104.888s][info][gc,start       ] GC(339) Pause Young (Prepare Mixed) (G1 Evacuation Pause)
[104.888s][info][gc,task        ] GC(339) Using 27 workers of 33 for evacuation
[104.926s][info][gc,phases      ] GC(339)   Pre Evacuate Collection Set: 0.3ms
[104.926s][info][gc,phases      ] GC(339)   Merge Heap Roots: 0.7ms
[104.926s][info][gc,phases      ] GC(339)   Evacuate Collection Set: 36.5ms
[104.926s][info][gc,phases      ] GC(339)   Post Evacuate Collection Set: 0.7ms
[104.926s][info][gc,phases      ] GC(339)   Other: 0.2ms
[104.926s][info][gc,heap        ] GC(339) Eden regions: 442->0(530)
[104.926s][info][gc,heap        ] GC(339) Survivor regions: 14->57(57)
[104.926s][info][gc,heap        ] GC(339) Old regions: 275->289
[104.926s][info][gc,heap        ] GC(339) Archive regions: 0->0
[104.926s][info][gc,heap        ] GC(339) Humongous regions: 68->58
[104.926s][info][gc,metaspace   ] GC(339) Metaspace: 67639K(68608K)->67639K(68608K) NonClass: 59234K(59712K)->59234K(59712K) Class: 8405K(8896K)->8405K(8896K)
[104.926s][info][gc             ] GC(339) Pause Young (Prepare Mixed) (G1 Evacuation Pause) 788M->393M(1159M) 38.695ms
[104.926s][info][gc,cpu         ] GC(339) User=1.27s Sys=0.00s Real=0.05s
[105.382s][info][gc,start       ] GC(340) Pause Young (Mixed) (G1 Evacuation Pause)
[105.382s][info][gc,task        ] GC(340) Using 27 workers of 33 for evacuation
[105.421s][info][gc,phases      ] GC(340)   Pre Evacuate Collection Set: 0.3ms
[105.421s][info][gc,phases      ] GC(340)   Merge Heap Roots: 0.5ms
[105.421s][info][gc,phases      ] GC(340)   Evacuate Collection Set: 36.7ms
[105.421s][info][gc,phases      ] GC(340)   Post Evacuate Collection Set: 0.7ms
[105.421s][info][gc,phases      ] GC(340)   Other: 0.2ms
[105.421s][info][gc,heap        ] GC(340) Eden regions: 530->0(488)
[105.421s][info][gc,heap        ] GC(340) Survivor regions: 57->59(74)
[105.421s][info][gc,heap        ] GC(340) Old regions: 289->342
[105.421s][info][gc,heap        ] GC(340) Archive regions: 0->0
[105.421s][info][gc,heap        ] GC(340) Humongous regions: 81->76
[105.421s][info][gc,metaspace   ] GC(340) Metaspace: 67659K(68672K)->67659K(68672K) NonClass: 59254K(59776K)->59254K(59776K) Class: 8405K(8896K)->8405K(8896K)
[105.421s][info][gc             ] GC(340) Pause Young (Mixed) (G1 Evacuation Pause) 946M->466M(1159M) 38.723ms
[105.421s][info][gc,cpu         ] GC(340) User=1.27s Sys=0.00s Real=0.05s
[105.442s][info][gc,start       ] GC(341) Pause Young (Concurrent Start) (G1 Humongous Allocation)
[105.442s][info][gc,task        ] GC(341) Using 27 workers of 33 for evacuation
[105.462s][info][gc,phases      ] GC(341)   Pre Evacuate Collection Set: 0.4ms
[105.462s][info][gc,phases      ] GC(341)   Merge Heap Roots: 0.2ms
[105.462s][info][gc,phases      ] GC(341)   Evacuate Collection Set: 16.7ms
[105.462s][info][gc,phases      ] GC(341)   Post Evacuate Collection Set: 1.8ms
[105.462s][info][gc,phases      ] GC(341)   Other: 0.1ms
[105.462s][info][gc,heap        ] GC(341) Eden regions: 44->0(587)
[105.462s][info][gc,heap        ] GC(341) Survivor regions: 59->13(69)
[105.462s][info][gc,heap        ] GC(341) Old regions: 342->399
[105.462s][info][gc,heap        ] GC(341) Archive regions: 0->0
[105.462s][info][gc,heap        ] GC(341) Humongous regions: 76->76
[105.462s][info][gc,metaspace   ] GC(341) Metaspace: 67659K(68672K)->67659K(68672K) NonClass: 59254K(59776K)->59254K(59776K) Class: 8405K(8896K)->8405K(8896K)
[105.462s][info][gc             ] GC(341) Pause Young (Concurrent Start) (G1 Humongous Allocation) 509M->477M(1303M) 19.477ms
[105.462s][info][gc             ] GC(342) Concurrent Mark Cycle
[105.462s][info][gc,cpu         ] GC(341) User=0.42s Sys=0.00s Real=0.03s
[105.462s][info][gc,marking     ] GC(342) Concurrent Scan Root Regions
[105.468s][info][gc,marking     ] GC(342) Concurrent Scan Root Regions 6.358ms
[105.468s][info][gc,marking     ] GC(342) Concurrent Mark
[105.468s][info][gc,marking     ] GC(342) Concurrent Mark From Roots
[105.468s][info][gc,task        ] GC(342) Using 8 workers of 8 for marking
[105.498s][info][gc,marking     ] GC(342) Concurrent Mark From Roots 29.768ms
[105.498s][info][gc,marking     ] GC(342) Concurrent Preclean
[105.498s][info][gc,marking     ] GC(342) Concurrent Preclean 0.131ms
[105.498s][info][gc,start       ] GC(342) Pause Remark
[105.501s][info][gc             ] GC(342) Pause Remark 510M->335M(1157M) 2.533ms
[105.501s][info][gc,cpu         ] GC(342) User=0.00s Sys=0.00s Real=0.00s
[105.501s][info][gc,marking     ] GC(342) Concurrent Mark 32.765ms
[105.501s][info][gc,marking     ] GC(342) Concurrent Rebuild Remembered Sets and Scrub Regions
[105.518s][info][gc,marking     ] GC(342) Concurrent Rebuild Remembered Sets and Scrub Regions 17.126ms
[105.518s][info][gc,start       ] GC(342) Pause Cleanup
[105.519s][info][gc             ] GC(342) Pause Cleanup 338M->338M(1157M) 0.391ms
[105.519s][info][gc,cpu         ] GC(342) User=0.00s Sys=0.00s Real=0.00s
[105.519s][info][gc,marking     ] GC(342) Concurrent Clear Claimed Marks
[105.519s][info][gc,marking     ] GC(342) Concurrent Clear Claimed Marks 0.083ms
[105.519s][info][gc,marking     ] GC(342) Concurrent Cleanup for Next Mark
[105.520s][info][gc,marking     ] GC(342) Concurrent Cleanup for Next Mark 0.778ms
[105.520s][info][gc             ] GC(342) Concurrent Mark Cycle 57.965ms
[106.193s][info][gc,start       ] GC(343) Pause Young (Prepare Mixed) (G1 Evacuation Pause)
[106.194s][info][gc,task        ] GC(343) Using 27 workers of 33 for evacuation
[106.248s][info][gc,phases      ] GC(343)   Pre Evacuate Collection Set: 0.3ms
[106.248s][info][gc,phases      ] GC(343)   Merge Heap Roots: 1.1ms
[106.248s][info][gc,phases      ] GC(343)   Evacuate Collection Set: 51.9ms
[106.248s][info][gc,phases      ] GC(343)   Post Evacuate Collection Set: 0.9ms
[106.248s][info][gc,phases      ] GC(343)   Other: 0.2ms
[106.248s][info][gc,heap        ] GC(343) Eden regions: 524->0(549)
[106.248s][info][gc,heap        ] GC(343) Survivor regions: 13->70(75)
[106.248s][info][gc,heap        ] GC(343) Old regions: 280->280
[106.248s][info][gc,heap        ] GC(343) Archive regions: 0->0
[106.248s][info][gc,heap        ] GC(343) Humongous regions: 340->117
[106.248s][info][gc,metaspace   ] GC(343) Metaspace: 67683K(68672K)->67683K(68672K) NonClass: 59277K(59776K)->59277K(59776K) Class: 8405K(8896K)->8405K(8896K)
[106.248s][info][gc             ] GC(343) Pause Young (Prepare Mixed) (G1 Evacuation Pause) 1146M->456M(1227M) 54.778ms
[106.248s][info][gc,cpu         ] GC(343) User=1.17s Sys=0.09s Real=0.05s
[106.474s][info][gc,start       ] GC(344) Pause Full (System.gc())
[106.474s][info][gc,task        ] GC(344) Using 29 workers of 33 for full compaction
[106.476s][info][gc,phases,start] GC(344) Phase 1: Mark live objects
[106.505s][info][gc,phases      ] GC(344) Phase 1: Mark live objects 29.003ms
[106.505s][info][gc,phases,start] GC(344) Phase 2: Prepare compaction
[106.511s][info][gc,phases      ] GC(344) Phase 2: Prepare compaction 6.474ms
[106.511s][info][gc,phases,start] GC(344) Phase 3: Adjust pointers
[106.520s][info][gc,phases      ] GC(344) Phase 3: Adjust pointers 8.964ms
[106.520s][info][gc,phases,start] GC(344) Phase 4: Compact heap
[106.521s][info][gc,phases      ] GC(344) Phase 4: Compact heap 0.815ms
[106.530s][info][gc,heap        ] GC(344) Eden regions: 397->0(280)
[106.530s][info][gc,heap        ] GC(344) Survivor regions: 70->0(75)
[106.530s][info][gc,heap        ] GC(344) Old regions: 280->161
[106.530s][info][gc,heap        ] GC(344) Archive regions: 0->0
[106.530s][info][gc,heap        ] GC(344) Humongous regions: 120->10
[106.530s][info][gc,metaspace   ] GC(344) Metaspace: 67683K(68672K)->67683K(68672K) NonClass: 59277K(59776K)->59277K(59776K) Class: 8405K(8896K)->8405K(8896K)
[106.530s][info][gc             ] GC(344) Pause Full (System.gc()) 856M->149M(570M) 56.334ms
[106.531s][info][gc,cpu         ] GC(344) User=1.08s Sys=0.00s Real=0.05s
[106.562s][info][gc,start       ] GC(345) Pause Young (Concurrent Start) (G1 Humongous Allocation)
[106.562s][info][gc,task        ] GC(345) Using 21 workers of 33 for evacuation
[106.564s][info][gc,phases      ] GC(345)   Pre Evacuate Collection Set: 0.4ms
[106.564s][info][gc,phases      ] GC(345)   Merge Heap Roots: 0.1ms
[106.564s][info][gc,phases      ] GC(345)   Evacuate Collection Set: 1.1ms
[106.564s][info][gc,phases      ] GC(345)   Post Evacuate Collection Set: 0.6ms
[106.564s][info][gc,phases      ] GC(345)   Other: 0.1ms
[106.564s][info][gc,heap        ] GC(345) Eden regions: 20->0(290)
[106.565s][info][gc,heap        ] GC(345) Survivor regions: 0->11(35)
[106.565s][info][gc,heap        ] GC(345) Old regions: 161->161
[106.565s][info][gc,heap        ] GC(345) Archive regions: 0->0
[106.565s][info][gc,heap        ] GC(345) Humongous regions: 10->10
[106.565s][info][gc,metaspace   ] GC(345) Metaspace: 67688K(68672K)->67688K(68672K) NonClass: 59283K(59776K)->59283K(59776K) Class: 8405K(8896K)->8405K(8896K)
[106.565s][info][gc             ] GC(345) Pause Young (Concurrent Start) (G1 Humongous Allocation) 168M->159M(570M) 2.705ms
[106.565s][info][gc             ] GC(346) Concurrent Mark Cycle
[106.565s][info][gc,cpu         ] GC(345) User=0.06s Sys=0.02s Real=0.00s
[106.565s][info][gc,marking     ] GC(346) Concurrent Scan Root Regions
[106.567s][info][gc,marking     ] GC(346) Concurrent Scan Root Regions 2.290ms
[106.567s][info][gc,marking     ] GC(346) Concurrent Mark
[106.567s][info][gc,marking     ] GC(346) Concurrent Mark From Roots
[106.567s][info][gc,task        ] GC(346) Using 8 workers of 8 for marking
[106.611s][info][gc,marking     ] GC(346) Concurrent Mark From Roots 43.876ms
[106.611s][info][gc,marking     ] GC(346) Concurrent Preclean
[106.611s][info][gc,marking     ] GC(346) Concurrent Preclean 0.103ms
[106.611s][info][gc,start       ] GC(346) Pause Remark
[106.613s][info][gc             ] GC(346) Pause Remark 192M->192M(570M) 2.044ms
[106.613s][info][gc,cpu         ] GC(346) User=0.00s Sys=0.00s Real=0.00s
[106.613s][info][gc,marking     ] GC(346) Concurrent Mark 46.351ms
[106.614s][info][gc,marking     ] GC(346) Concurrent Rebuild Remembered Sets and Scrub Regions
[106.626s][info][gc,marking     ] GC(346) Concurrent Rebuild Remembered Sets and Scrub Regions 12.295ms
[106.642s][info][gc,start       ] GC(346) Pause Cleanup
[106.643s][info][gc             ] GC(346) Pause Cleanup 209M->209M(570M) 0.249ms
[106.643s][info][gc,cpu         ] GC(346) User=0.00s Sys=0.00s Real=0.00s
[106.643s][info][gc,marking     ] GC(346) Concurrent Clear Claimed Marks
[106.643s][info][gc,marking     ] GC(346) Concurrent Clear Claimed Marks 0.115ms
[106.643s][info][gc,marking     ] GC(346) Concurrent Cleanup for Next Mark
[106.643s][info][gc,marking     ] GC(346) Concurrent Cleanup for Next Mark 0.387ms
[106.643s][info][gc             ] GC(346) Concurrent Mark Cycle 78.413ms
[106.770s][info][gc,start       ] GC(347) Pause Young (Prepare Mixed) (G1 Evacuation Pause)
[106.770s][info][gc,task        ] GC(347) Using 17 workers of 33 for evacuation
[106.801s][info][gc,phases      ] GC(347)   Pre Evacuate Collection Set: 0.2ms
[106.801s][info][gc,phases      ] GC(347)   Merge Heap Roots: 0.2ms
[106.801s][info][gc,phases      ] GC(347)   Evacuate Collection Set: 29.1ms
[106.801s][info][gc,phases      ] GC(347)   Post Evacuate Collection Set: 0.6ms
[106.801s][info][gc,phases      ] GC(347)   Other: 0.1ms
[106.801s][info][gc,heap        ] GC(347) Eden regions: 290->0(201)
[106.801s][info][gc,heap        ] GC(347) Survivor regions: 11->38(38)
[106.801s][info][gc,heap        ] GC(347) Old regions: 161->203
[106.801s][info][gc,heap        ] GC(347) Archive regions: 0->0
[106.801s][info][gc,heap        ] GC(347) Humongous regions: 42->37
[106.801s][info][gc,metaspace   ] GC(347) Metaspace: 67688K(68672K)->67688K(68672K) NonClass: 59283K(59776K)->59283K(59776K) Class: 8405K(8896K)->8405K(8896K)
[106.801s][info][gc             ] GC(347) Pause Young (Prepare Mixed) (G1 Evacuation Pause) 481M->255M(584M) 30.696ms
[106.801s][info][gc,cpu         ] GC(347) User=0.53s Sys=0.00s Real=0.03s
[106.905s][info][gc,start       ] GC(348) Pause Young (Mixed) (G1 Evacuation Pause)
[106.906s][info][gc,task        ] GC(348) Using 15 workers of 33 for evacuation
[106.939s][info][gc,phases      ] GC(348)   Pre Evacuate Collection Set: 0.2ms
[106.939s][info][gc,phases      ] GC(348)   Merge Heap Roots: 0.4ms
[106.939s][info][gc,phases      ] GC(348)   Evacuate Collection Set: 31.9ms
[106.939s][info][gc,phases      ] GC(348)   Post Evacuate Collection Set: 0.4ms
[106.939s][info][gc,phases      ] GC(348)   Other: 0.2ms
[106.939s][info][gc,heap        ] GC(348) Eden regions: 201->0(178)
[106.939s][info][gc,heap        ] GC(348) Survivor regions: 38->26(30)
[106.939s][info][gc,heap        ] GC(348) Old regions: 203->241
[106.939s][info][gc,heap        ] GC(348) Archive regions: 0->0
[106.939s][info][gc,heap        ] GC(348) Humongous regions: 58->58
[106.939s][info][gc,metaspace   ] GC(348) Metaspace: 67688K(68672K)->67688K(68672K) NonClass: 59283K(59776K)->59283K(59776K) Class: 8405K(8896K)->8405K(8896K)
[106.939s][info][gc             ] GC(348) Pause Young (Mixed) (G1 Evacuation Pause) 477M->306M(584M) 33.644ms
[106.939s][info][gc,cpu         ] GC(348) User=0.47s Sys=0.00s Real=0.03s
[107.021s][info][gc,start       ] GC(349) Pause Young (Concurrent Start) (G1 Evacuation Pause)
[107.021s][info][gc,task        ] GC(349) Using 14 workers of 33 for evacuation
[107.046s][info][gc,phases      ] GC(349)   Pre Evacuate Collection Set: 0.4ms
[107.046s][info][gc,phases      ] GC(349)   Merge Heap Roots: 0.2ms
[107.046s][info][gc,phases      ] GC(349)   Evacuate Collection Set: 23.6ms
[107.046s][info][gc,phases      ] GC(349)   Post Evacuate Collection Set: 0.5ms
[107.046s][info][gc,phases      ] GC(349)   Other: 0.1ms
[107.046s][info][gc,heap        ] GC(349) Eden regions: 178->0(171)
[107.046s][info][gc,heap        ] GC(349) Survivor regions: 26->20(26)
[107.046s][info][gc,heap        ] GC(349) Old regions: 241->266
[107.046s][info][gc,heap        ] GC(349) Archive regions: 0->0
[107.046s][info][gc,heap        ] GC(349) Humongous regions: 58->58
[107.046s][info][gc,metaspace   ] GC(349) Metaspace: 67688K(68672K)->67688K(68672K) NonClass: 59283K(59776K)->59283K(59776K) Class: 8405K(8896K)->8405K(8896K)
[107.046s][info][gc             ] GC(349) Pause Young (Concurrent Start) (G1 Evacuation Pause) 484M->325M(584M) 25.194ms
[107.046s][info][gc             ] GC(350) Concurrent Mark Cycle
[107.046s][info][gc,cpu         ] GC(349) User=0.23s Sys=0.00s Real=0.03s
[107.046s][info][gc,marking     ] GC(350) Concurrent Scan Root Regions
[107.050s][info][gc,marking     ] GC(350) Concurrent Scan Root Regions 4.522ms
[107.051s][info][gc,marking     ] GC(350) Concurrent Mark
[107.051s][info][gc,marking     ] GC(350) Concurrent Mark From Roots
[107.051s][info][gc,task        ] GC(350) Using 8 workers of 8 for marking
[107.103s][info][gc,marking     ] GC(350) Concurrent Mark From Roots 52.313ms
[107.103s][info][gc,marking     ] GC(350) Concurrent Preclean
[107.103s][info][gc,marking     ] GC(350) Concurrent Preclean 0.117ms
[107.103s][info][gc,start       ] GC(350) Pause Remark
[107.106s][info][gc             ] GC(350) Pause Remark 429M->406M(710M) 2.704ms
[107.106s][info][gc,cpu         ] GC(350) User=0.00s Sys=0.00s Real=0.00s
[107.106s][info][gc,marking     ] GC(350) Concurrent Mark 55.470ms
[107.106s][info][gc,marking     ] GC(350) Concurrent Rebuild Remembered Sets and Scrub Regions
[107.144s][info][gc,marking     ] GC(350) Concurrent Rebuild Remembered Sets and Scrub Regions 38.408ms
[107.145s][info][gc,start       ] GC(350) Pause Cleanup
[107.145s][info][gc             ] GC(350) Pause Cleanup 450M->450M(710M) 0.272ms
[107.145s][info][gc,cpu         ] GC(350) User=0.00s Sys=0.00s Real=0.00s
[107.145s][info][gc,marking     ] GC(350) Concurrent Clear Claimed Marks
[107.145s][info][gc,marking     ] GC(350) Concurrent Clear Claimed Marks 0.082ms
[107.145s][info][gc,marking     ] GC(350) Concurrent Cleanup for Next Mark
[107.146s][info][gc,marking     ] GC(350) Concurrent Cleanup for Next Mark 0.909ms
[107.146s][info][gc             ] GC(350) Concurrent Mark Cycle 100.107ms
[107.170s][info][gc,start       ] GC(351) Pause Young (Prepare Mixed) (G1 Evacuation Pause)
[107.171s][info][gc,task        ] GC(351) Using 17 workers of 33 for evacuation
[107.195s][info][gc,phases      ] GC(351)   Pre Evacuate Collection Set: 0.2ms
[107.195s][info][gc,phases      ] GC(351)   Merge Heap Roots: 0.6ms
[107.195s][info][gc,phases      ] GC(351)   Evacuate Collection Set: 23.0ms
[107.195s][info][gc,phases      ] GC(351)   Post Evacuate Collection Set: 0.6ms
[107.195s][info][gc,phases      ] GC(351)   Other: 0.2ms
[107.195s][info][gc,heap        ] GC(351) Eden regions: 171->0(259)
[107.195s][info][gc,heap        ] GC(351) Survivor regions: 20->18(24)
[107.195s][info][gc,heap        ] GC(351) Old regions: 266->283
[107.195s][info][gc,heap        ] GC(351) Archive regions: 0->0
[107.195s][info][gc,heap        ] GC(351) Humongous regions: 55->55
[107.195s][info][gc,metaspace   ] GC(351) Metaspace: 67688K(68672K)->67688K(68672K) NonClass: 59283K(59776K)->59283K(59776K) Class: 8405K(8896K)->8405K(8896K)
[107.195s][info][gc             ] GC(351) Pause Young (Prepare Mixed) (G1 Evacuation Pause) 493M->337M(710M) 24.969ms
[107.196s][info][gc,cpu         ] GC(351) User=0.23s Sys=0.03s Real=0.02s
[107.320s][info][gc,start       ] GC(352) Pause Young (Mixed) (G1 Evacuation Pause)
[107.320s][info][gc,task        ] GC(352) Using 17 workers of 33 for evacuation
[107.350s][info][gc,phases      ] GC(352)   Pre Evacuate Collection Set: 0.2ms
[107.350s][info][gc,phases      ] GC(352)   Merge Heap Roots: 0.2ms
[107.350s][info][gc,phases      ] GC(352)   Evacuate Collection Set: 23.0ms
[107.350s][info][gc,phases      ] GC(352)   Post Evacuate Collection Set: 6.2ms
[107.350s][info][gc,phases      ] GC(352)   Other: 0.2ms
[107.350s][info][gc,heap        ] GC(352) Eden regions: 259->0(617)
[107.350s][info][gc,heap        ] GC(352) Survivor regions: 18->35(35)
[107.350s][info][gc,heap        ] GC(352) Old regions: 283->280
[107.350s][info][gc,heap        ] GC(352) Archive regions: 0->0
[107.350s][info][gc,heap        ] GC(352) Humongous regions: 55->55
[107.350s][info][gc,metaspace   ] GC(352) Metaspace: 67688K(68672K)->67688K(68672K) NonClass: 59283K(59776K)->59283K(59776K) Class: 8405K(8896K)->8405K(8896K)
[107.350s][info][gc             ] GC(352) Pause Young (Mixed) (G1 Evacuation Pause) 596M->358M(1166M) 30.456ms
[107.350s][info][gc,cpu         ] GC(352) User=0.53s Sys=0.00s Real=0.03s
[107.779s][info][gc,start       ] GC(353) Pause Young (Concurrent Start) (G1 Humongous Allocation)
[107.779s][info][gc,task        ] GC(353) Using 28 workers of 33 for evacuation
[107.810s][info][gc,phases      ] GC(353)   Pre Evacuate Collection Set: 0.4ms
[107.810s][info][gc,phases      ] GC(353)   Merge Heap Roots: 0.4ms
[107.810s][info][gc,phases      ] GC(353)   Evacuate Collection Set: 29.3ms
[107.810s][info][gc,phases      ] GC(353)   Post Evacuate Collection Set: 0.7ms
[107.810s][info][gc,phases      ] GC(353)   Other: 0.2ms
[107.810s][info][gc,heap        ] GC(353) Eden regions: 567->0(608)
[107.810s][info][gc,heap        ] GC(353) Survivor regions: 35->67(82)
[107.810s][info][gc,heap        ] GC(353) Old regions: 280->280
[107.810s][info][gc,heap        ] GC(353) Archive regions: 0->0
[107.810s][info][gc,heap        ] GC(353) Humongous regions: 55->55
[107.810s][info][gc,metaspace   ] GC(353) Metaspace: 67688K(68672K)->67688K(68672K) NonClass: 59283K(59776K)->59283K(59776K) Class: 8405K(8896K)->8405K(8896K)
[107.810s][info][gc             ] GC(353) Pause Young (Concurrent Start) (G1 Humongous Allocation) 924M->389M(1166M) 31.350ms
[107.811s][info][gc             ] GC(354) Concurrent Mark Cycle
[107.811s][info][gc,cpu         ] GC(353) User=0.88s Sys=0.00s Real=0.03s
[107.811s][info][gc,marking     ] GC(354) Concurrent Scan Root Regions
[107.818s][info][gc,marking     ] GC(354) Concurrent Scan Root Regions 7.373ms
[107.818s][info][gc,marking     ] GC(354) Concurrent Mark
[107.818s][info][gc,marking     ] GC(354) Concurrent Mark From Roots
[107.818s][info][gc,task        ] GC(354) Using 8 workers of 8 for marking
[107.864s][info][gc,marking     ] GC(354) Concurrent Mark From Roots 45.978ms
[107.864s][info][gc,marking     ] GC(354) Concurrent Preclean
[107.864s][info][gc,marking     ] GC(354) Concurrent Preclean 0.173ms
[107.864s][info][gc,start       ] GC(354) Pause Remark
[107.867s][info][gc             ] GC(354) Pause Remark 393M->304M(1060M) 2.320ms
[107.867s][info][gc,cpu         ] GC(354) User=0.44s Sys=0.00s Real=0.01s
[107.867s][info][gc,marking     ] GC(354) Concurrent Mark 48.853ms
[107.867s][info][gc,marking     ] GC(354) Concurrent Rebuild Remembered Sets and Scrub Regions
[107.904s][info][gc,marking     ] GC(354) Concurrent Rebuild Remembered Sets and Scrub Regions 37.036ms
[107.904s][info][gc,start       ] GC(354) Pause Cleanup
[107.905s][info][gc             ] GC(354) Pause Cleanup 304M->304M(1060M) 0.397ms
[107.905s][info][gc,cpu         ] GC(354) User=0.00s Sys=0.00s Real=0.00s
[107.905s][info][gc,marking     ] GC(354) Concurrent Clear Claimed Marks
[107.905s][info][gc,marking     ] GC(354) Concurrent Clear Claimed Marks 0.108ms
[107.905s][info][gc,marking     ] GC(354) Concurrent Cleanup for Next Mark
[107.907s][info][gc,marking     ] GC(354) Concurrent Cleanup for Next Mark 2.078ms
[107.907s][info][gc             ] GC(354) Concurrent Mark Cycle 96.419ms
[108.737s][info][gc,start       ] GC(355) Pause Young (Prepare Mixed) (G1 Evacuation Pause)
[108.737s][info][gc,task        ] GC(355) Using 26 workers of 33 for evacuation
[108.810s][info][gc,phases      ] GC(355)   Pre Evacuate Collection Set: 0.3ms
[108.810s][info][gc,phases      ] GC(355)   Merge Heap Roots: 0.8ms
[108.810s][info][gc,phases      ] GC(355)   Evacuate Collection Set: 70.7ms
[108.810s][info][gc,phases      ] GC(355)   Post Evacuate Collection Set: 0.8ms
[108.810s][info][gc,phases      ] GC(355)   Other: 0.2ms
[108.810s][info][gc,heap        ] GC(355) Eden regions: 569->0(460)
[108.810s][info][gc,heap        ] GC(355) Survivor regions: 67->80(80)
[108.810s][info][gc,heap        ] GC(355) Old regions: 216->312
[108.810s][info][gc,heap        ] GC(355) Archive regions: 0->0
[108.810s][info][gc,heap        ] GC(355) Humongous regions: 111->106
[108.810s][info][gc,metaspace   ] GC(355) Metaspace: 67717K(68672K)->67717K(68672K) NonClass: 59312K(59776K)->59312K(59776K) Class: 8405K(8896K)->8405K(8896K)
[108.810s][info][gc             ] GC(355) Pause Young (Prepare Mixed) (G1 Evacuation Pause) 950M->485M(1139M) 73.247ms
[108.810s][info][gc,cpu         ] GC(355) User=1.98s Sys=0.05s Real=0.08s
[109.067s][info][gc,start       ] GC(356) Pause Young (Mixed) (G1 Evacuation Pause)
[109.067s][info][gc,task        ] GC(356) Using 27 workers of 33 for evacuation
[109.123s][info][gc,phases      ] GC(356)   Pre Evacuate Collection Set: 0.3ms
[109.123s][info][gc,phases      ] GC(356)   Merge Heap Roots: 1.0ms
[109.123s][info][gc,phases      ] GC(356)   Evacuate Collection Set: 53.6ms
[109.123s][info][gc,phases      ] GC(356)   Post Evacuate Collection Set: 0.7ms
[109.123s][info][gc,phases      ] GC(356)   Other: 0.2ms
[109.123s][info][gc,heap        ] GC(356) Eden regions: 460->0(408)
[109.123s][info][gc,heap        ] GC(356) Survivor regions: 80->53(68)
[109.123s][info][gc,heap        ] GC(356) Old regions: 312->388
[109.123s][info][gc,heap        ] GC(356) Archive regions: 0->0
[109.123s][info][gc,heap        ] GC(356) Humongous regions: 142->142
[109.123s][info][gc,metaspace   ] GC(356) Metaspace: 67717K(68672K)->67717K(68672K) NonClass: 59312K(59776K)->59312K(59776K) Class: 8405K(8896K)->8405K(8896K)
[109.123s][info][gc             ] GC(356) Pause Young (Mixed) (G1 Evacuation Pause) 981M->572M(1139M) 56.080ms
[109.123s][info][gc,cpu         ] GC(356) User=1.27s Sys=0.00s Real=0.05s
[109.322s][info][gc,start       ] GC(357) Pause Young (Concurrent Start) (G1 Evacuation Pause)
[109.323s][info][gc,task        ] GC(357) Using 27 workers of 33 for evacuation
[109.354s][info][gc,phases      ] GC(357)   Pre Evacuate Collection Set: 0.4ms
[109.354s][info][gc,phases      ] GC(357)   Merge Heap Roots: 0.4ms
[109.354s][info][gc,phases      ] GC(357)   Evacuate Collection Set: 30.2ms
[109.354s][info][gc,phases      ] GC(357)   Post Evacuate Collection Set: 0.6ms
[109.354s][info][gc,phases      ] GC(357)   Other: 0.2ms
[109.354s][info][gc,heap        ] GC(357) Eden regions: 408->0(396)
[109.354s][info][gc,heap        ] GC(357) Survivor regions: 53->35(58)
[109.354s][info][gc,heap        ] GC(357) Old regions: 388->438
[109.354s][info][gc,heap        ] GC(357) Archive regions: 0->0
[109.354s][info][gc,heap        ] GC(357) Humongous regions: 142->142
[109.354s][info][gc,metaspace   ] GC(357) Metaspace: 67717K(68672K)->67717K(68672K) NonClass: 59312K(59776K)->59312K(59776K) Class: 8405K(8896K)->8405K(8896K)
[109.354s][info][gc             ] GC(357) Pause Young (Concurrent Start) (G1 Evacuation Pause) 980M->604M(1139M) 32.099ms
[109.355s][info][gc             ] GC(358) Concurrent Mark Cycle
[109.355s][info][gc,cpu         ] GC(357) User=0.84s Sys=0.00s Real=0.03s
[109.355s][info][gc,marking     ] GC(358) Concurrent Scan Root Regions
[109.362s][info][gc,marking     ] GC(358) Concurrent Scan Root Regions 7.468ms
[109.362s][info][gc,marking     ] GC(358) Concurrent Mark
[109.362s][info][gc,marking     ] GC(358) Concurrent Mark From Roots
[109.362s][info][gc,task        ] GC(358) Using 8 workers of 8 for marking
[109.417s][info][gc,marking     ] GC(358) Concurrent Mark From Roots 55.384ms
[109.418s][info][gc,marking     ] GC(358) Concurrent Preclean
[109.418s][info][gc,marking     ] GC(358) Concurrent Preclean 0.125ms
[109.418s][info][gc,start       ] GC(358) Pause Remark
[109.420s][info][gc             ] GC(358) Pause Remark 714M->555M(1139M) 2.381ms
[109.420s][info][gc,cpu         ] GC(358) User=0.00s Sys=0.00s Real=0.00s
[109.420s][info][gc,marking     ] GC(358) Concurrent Mark 58.228ms
[109.420s][info][gc,marking     ] GC(358) Concurrent Rebuild Remembered Sets and Scrub Regions
[109.465s][info][gc,marking     ] GC(358) Concurrent Rebuild Remembered Sets and Scrub Regions 44.685ms
[109.465s][info][gc,start       ] GC(358) Pause Cleanup
[109.466s][info][gc             ] GC(358) Pause Cleanup 633M->633M(1139M) 0.526ms
[109.466s][info][gc,cpu         ] GC(358) User=0.00s Sys=0.00s Real=0.00s
[109.466s][info][gc,marking     ] GC(358) Concurrent Clear Claimed Marks
[109.466s][info][gc,marking     ] GC(358) Concurrent Clear Claimed Marks 0.130ms
[109.466s][info][gc,marking     ] GC(358) Concurrent Cleanup for Next Mark
[109.467s][info][gc,marking     ] GC(358) Concurrent Cleanup for Next Mark 0.817ms
[109.467s][info][gc             ] GC(358) Concurrent Mark Cycle 112.440ms
[110.156s][info][gc,start       ] GC(359) Pause Young (Prepare Mixed) (G1 Evacuation Pause)
[110.156s][info][gc,task        ] GC(359) Using 27 workers of 33 for evacuation
[110.191s][info][gc,phases      ] GC(359)   Pre Evacuate Collection Set: 0.3ms
[110.191s][info][gc,phases      ] GC(359)   Merge Heap Roots: 0.6ms
[110.191s][info][gc,phases      ] GC(359)   Evacuate Collection Set: 32.3ms
[110.191s][info][gc,phases      ] GC(359)   Post Evacuate Collection Set: 0.8ms
[110.191s][info][gc,phases      ] GC(359)   Other: 0.2ms
[110.191s][info][gc,heap        ] GC(359) Eden regions: 396->0(493)
[110.191s][info][gc,heap        ] GC(359) Survivor regions: 35->31(54)
[110.191s][info][gc,heap        ] GC(359) Old regions: 379->408
[110.191s][info][gc,heap        ] GC(359) Archive regions: 0->0
[110.191s][info][gc,heap        ] GC(359) Humongous regions: 71->66
[110.191s][info][gc,metaspace   ] GC(359) Metaspace: 67726K(68736K)->67726K(68736K) NonClass: 59320K(59840K)->59320K(59840K) Class: 8405K(8896K)->8405K(8896K)
[110.191s][info][gc             ] GC(359) Pause Young (Prepare Mixed) (G1 Evacuation Pause) 870M->493M(1139M) 34.672ms
[110.191s][info][gc,cpu         ] GC(359) User=1.20s Sys=0.05s Real=0.03s
[110.767s][info][gc,start       ] GC(360) Pause Young (Mixed) (G1 Evacuation Pause)
[110.767s][info][gc,task        ] GC(360) Using 27 workers of 33 for evacuation
[110.823s][info][gc,phases      ] GC(360)   Pre Evacuate Collection Set: 0.3ms
[110.823s][info][gc,phases      ] GC(360)   Merge Heap Roots: 0.9ms
[110.823s][info][gc,phases      ] GC(360)   Evacuate Collection Set: 53.8ms
[110.823s][info][gc,phases      ] GC(360)   Post Evacuate Collection Set: 0.9ms
[110.823s][info][gc,phases      ] GC(360)   Other: 0.1ms
[110.823s][info][gc,heap        ] GC(360) Eden regions: 493->0(442)
[110.823s][info][gc,heap        ] GC(360) Survivor regions: 31->66(66)
[110.823s][info][gc,heap        ] GC(360) Old regions: 408->391
[110.823s][info][gc,heap        ] GC(360) Archive regions: 0->0
[110.823s][info][gc,heap        ] GC(360) Humongous regions: 144->134
[110.823s][info][gc,metaspace   ] GC(360) Metaspace: 67763K(68736K)->67763K(68736K) NonClass: 59358K(59840K)->59358K(59840K) Class: 8405K(8896K)->8405K(8896K)
[110.823s][info][gc             ] GC(360) Pause Young (Mixed) (G1 Evacuation Pause) 1064M->581M(1177M) 56.382ms
[110.823s][info][gc,cpu         ] GC(360) User=1.27s Sys=0.00s Real=0.06s
[111.228s][info][gc,start       ] GC(361) Pause Young (Concurrent Start) (G1 Humongous Allocation)
[111.229s][info][gc,task        ] GC(361) Using 28 workers of 33 for evacuation
[111.269s][info][gc,phases      ] GC(361)   Pre Evacuate Collection Set: 0.6ms
[111.269s][info][gc,phases      ] GC(361)   Merge Heap Roots: 0.7ms
[111.269s][info][gc,phases      ] GC(361)   Evacuate Collection Set: 37.9ms
[111.269s][info][gc,phases      ] GC(361)   Post Evacuate Collection Set: 1.4ms
[111.269s][info][gc,phases      ] GC(361)   Other: 0.1ms
[111.269s][info][gc,heap        ] GC(361) Eden regions: 230->0(535)
[111.269s][info][gc,heap        ] GC(361) Survivor regions: 66->22(64)
[111.269s][info][gc,heap        ] GC(361) Old regions: 391->463
[111.269s][info][gc,heap        ] GC(361) Archive regions: 0->0
[111.269s][info][gc,heap        ] GC(361) Humongous regions: 134->134
[111.269s][info][gc,metaspace   ] GC(361) Metaspace: 67767K(68736K)->67767K(68736K) NonClass: 59362K(59840K)->59362K(59840K) Class: 8405K(8896K)->8405K(8896K)
[111.270s][info][gc             ] GC(361) Pause Young (Concurrent Start) (G1 Humongous Allocation) 811M->609M(1309M) 41.117ms
[111.270s][info][gc             ] GC(362) Concurrent Mark Cycle
[111.270s][info][gc,cpu         ] GC(361) User=1.31s Sys=0.00s Real=0.05s
[111.270s][info][gc,marking     ] GC(362) Concurrent Scan Root Regions
[111.275s][info][gc,marking     ] GC(362) Concurrent Scan Root Regions 5.653ms
[111.275s][info][gc,marking     ] GC(362) Concurrent Mark
[111.275s][info][gc,marking     ] GC(362) Concurrent Mark From Roots
[111.275s][info][gc,task        ] GC(362) Using 8 workers of 8 for marking
[111.305s][info][gc,marking     ] GC(362) Concurrent Mark From Roots 29.740ms
[111.305s][info][gc,marking     ] GC(362) Concurrent Preclean
[111.305s][info][gc,marking     ] GC(362) Concurrent Preclean 0.080ms
[111.305s][info][gc,start       ] GC(362) Pause Remark
[111.308s][info][gc             ] GC(362) Pause Remark 635M->317M(1094M) 2.600ms
[111.308s][info][gc,cpu         ] GC(362) User=0.00s Sys=0.00s Real=0.00s
[111.308s][info][gc,marking     ] GC(362) Concurrent Mark 32.761ms
[111.308s][info][gc,marking     ] GC(362) Concurrent Rebuild Remembered Sets and Scrub Regions
[111.330s][info][gc,marking     ] GC(362) Concurrent Rebuild Remembered Sets and Scrub Regions 21.428ms
[111.330s][info][gc,start       ] GC(362) Pause Cleanup
[111.330s][info][gc             ] GC(362) Pause Cleanup 361M->361M(1094M) 0.355ms
[111.330s][info][gc,cpu         ] GC(362) User=0.00s Sys=0.00s Real=0.00s
[111.330s][info][gc,marking     ] GC(362) Concurrent Clear Claimed Marks
[111.330s][info][gc,marking     ] GC(362) Concurrent Clear Claimed Marks 0.093ms
[111.330s][info][gc,marking     ] GC(362) Concurrent Cleanup for Next Mark
[111.331s][info][gc,marking     ] GC(362) Concurrent Cleanup for Next Mark 0.768ms
[111.331s][info][gc             ] GC(362) Concurrent Mark Cycle 61.552ms
[111.792s][info][gc,start       ] GC(363) Pause Young (Prepare Mixed) (G1 Evacuation Pause)
[111.792s][info][gc,task        ] GC(363) Using 27 workers of 33 for evacuation
[111.836s][info][gc,phases      ] GC(363)   Pre Evacuate Collection Set: 0.3ms
[111.836s][info][gc,phases      ] GC(363)   Merge Heap Roots: 0.4ms
[111.836s][info][gc,phases      ] GC(363)   Evacuate Collection Set: 42.4ms
[111.836s][info][gc,phases      ] GC(363)   Post Evacuate Collection Set: 0.7ms
[111.836s][info][gc,phases      ] GC(363)   Other: 0.2ms
[111.836s][info][gc,heap        ] GC(363) Eden regions: 535->0(522)
[111.836s][info][gc,heap        ] GC(363) Survivor regions: 22->70(70)
[111.836s][info][gc,heap        ] GC(363) Old regions: 266->272
[111.836s][info][gc,heap        ] GC(363) Archive regions: 0->0
[111.836s][info][gc,heap        ] GC(363) Humongous regions: 84->68
[111.836s][info][gc,metaspace   ] GC(363) Metaspace: 67770K(68736K)->67770K(68736K) NonClass: 59365K(59840K)->59365K(59840K) Class: 8405K(8896K)->8405K(8896K)
[111.836s][info][gc             ] GC(363) Pause Young (Prepare Mixed) (G1 Evacuation Pause) 897M->400M(1094M) 44.368ms
[111.836s][info][gc,cpu         ] GC(363) User=1.27s Sys=0.00s Real=0.05s
[112.309s][info][gc,start       ] GC(364) Pause Young (Mixed) (G1 Evacuation Pause)
[112.310s][info][gc,task        ] GC(364) Using 26 workers of 33 for evacuation
[112.383s][info][gc,phases      ] GC(364)   Pre Evacuate Collection Set: 0.3ms
[112.383s][info][gc,phases      ] GC(364)   Merge Heap Roots: 1.0ms
[112.383s][info][gc,phases      ] GC(364)   Evacuate Collection Set: 71.2ms
[112.383s][info][gc,phases      ] GC(364)   Post Evacuate Collection Set: 0.8ms
[112.383s][info][gc,phases      ] GC(364)   Other: 0.2ms
[112.383s][info][gc,heap        ] GC(364) Eden regions: 412->0(519)
[112.383s][info][gc,heap        ] GC(364) Survivor regions: 70->62(74)
[112.383s][info][gc,heap        ] GC(364) Old regions: 272->335
[112.383s][info][gc,heap        ] GC(364) Archive regions: 0->0
[112.383s][info][gc,heap        ] GC(364) Humongous regions: 340->137
[112.383s][info][gc,metaspace   ] GC(364) Metaspace: 67782K(68736K)->67782K(68736K) NonClass: 59376K(59840K)->59376K(59840K) Class: 8405K(8896K)->8405K(8896K)
[112.383s][info][gc             ] GC(364) Pause Young (Mixed) (G1 Evacuation Pause) 1084M->524M(1227M) 73.910ms
[112.383s][info][gc,cpu         ] GC(364) User=1.94s Sys=0.09s Real=0.08s
[112.497s][info][gc,start       ] GC(365) Pause Young (Concurrent Start) (G1 Humongous Allocation)
[112.497s][info][gc,task        ] GC(365) Using 29 workers of 33 for evacuation
[112.523s][info][gc,phases      ] GC(365)   Pre Evacuate Collection Set: 0.5ms
[112.523s][info][gc,phases      ] GC(365)   Merge Heap Roots: 0.4ms
[112.523s][info][gc,phases      ] GC(365)   Evacuate Collection Set: 24.6ms
[112.523s][info][gc,phases      ] GC(365)   Post Evacuate Collection Set: 0.7ms
[112.523s][info][gc,phases      ] GC(365)   Other: 0.2ms
[112.523s][info][gc,heap        ] GC(365) Eden regions: 255->0(545)
[112.523s][info][gc,heap        ] GC(365) Survivor regions: 62->6(73)
[112.524s][info][gc,heap        ] GC(365) Old regions: 335->396
[112.524s][info][gc,heap        ] GC(365) Archive regions: 0->0
[112.524s][info][gc,heap        ] GC(365) Humongous regions: 137->137
[112.524s][info][gc,metaspace   ] GC(365) Metaspace: 67782K(68736K)->67782K(68736K) NonClass: 59376K(59840K)->59376K(59840K) Class: 8405K(8896K)->8405K(8896K)
[112.524s][info][gc             ] GC(365) Pause Young (Concurrent Start) (G1 Humongous Allocation) 778M->528M(1227M) 26.723ms
[112.524s][info][gc             ] GC(366) Concurrent Mark Cycle
[112.524s][info][gc,cpu         ] GC(365) User=0.45s Sys=0.00s Real=0.02s
[112.524s][info][gc,marking     ] GC(366) Concurrent Scan Root Regions
[112.529s][info][gc,marking     ] GC(366) Concurrent Scan Root Regions 5.496ms
[112.529s][info][gc,marking     ] GC(366) Concurrent Mark
[112.529s][info][gc,marking     ] GC(366) Concurrent Mark From Roots
[112.529s][info][gc,task        ] GC(366) Using 8 workers of 8 for marking
[112.560s][info][gc,marking     ] GC(366) Concurrent Mark From Roots 30.537ms
[112.560s][info][gc,marking     ] GC(366) Concurrent Preclean
[112.560s][info][gc,marking     ] GC(366) Concurrent Preclean 0.138ms
[112.560s][info][gc,start       ] GC(366) Pause Remark
[112.564s][info][gc             ] GC(366) Pause Remark 572M->341M(1177M) 3.585ms
[112.564s][info][gc,cpu         ] GC(366) User=0.00s Sys=0.00s Real=0.00s
[112.564s][info][gc,marking     ] GC(366) Concurrent Mark 34.608ms
[112.564s][info][gc,marking     ] GC(366) Concurrent Rebuild Remembered Sets and Scrub Regions
[112.581s][info][gc,marking     ] GC(366) Concurrent Rebuild Remembered Sets and Scrub Regions 17.245ms
[112.581s][info][gc,start       ] GC(366) Pause Cleanup
[112.582s][info][gc             ] GC(366) Pause Cleanup 365M->365M(1177M) 0.376ms
[112.582s][info][gc,cpu         ] GC(366) User=0.00s Sys=0.00s Real=0.00s
[112.582s][info][gc,marking     ] GC(366) Concurrent Clear Claimed Marks
[112.582s][info][gc,marking     ] GC(366) Concurrent Clear Claimed Marks 0.083ms
[112.582s][info][gc,marking     ] GC(366) Concurrent Cleanup for Next Mark
[112.583s][info][gc,marking     ] GC(366) Concurrent Cleanup for Next Mark 0.832ms
[112.583s][info][gc             ] GC(366) Concurrent Mark Cycle 59.076ms
[112.664s][info][gc,start       ] GC(367) Pause Full (System.gc())
[112.664s][info][gc,task        ] GC(367) Using 28 workers of 33 for full compaction
[112.666s][info][gc,phases,start] GC(367) Phase 1: Mark live objects
[112.693s][info][gc,phases      ] GC(367) Phase 1: Mark live objects 27.526ms
[112.693s][info][gc,phases,start] GC(367) Phase 2: Prepare compaction
[112.699s][info][gc,phases      ] GC(367) Phase 2: Prepare compaction 5.763ms
[112.699s][info][gc,phases,start] GC(367) Phase 3: Adjust pointers
[112.708s][info][gc,phases      ] GC(367) Phase 3: Adjust pointers 8.927ms
[112.708s][info][gc,phases,start] GC(367) Phase 4: Compact heap
[112.709s][info][gc,phases      ] GC(367) Phase 4: Compact heap 0.573ms
[112.716s][info][gc,heap        ] GC(367) Eden regions: 186->0(306)
[112.716s][info][gc,heap        ] GC(367) Survivor regions: 6->0(73)
[112.716s][info][gc,heap        ] GC(367) Old regions: 286->160
[112.716s][info][gc,heap        ] GC(367) Archive regions: 0->0
[112.716s][info][gc,heap        ] GC(367) Humongous regions: 19->10
[112.716s][info][gc,metaspace   ] GC(367) Metaspace: 67782K(68736K)->67782K(68736K) NonClass: 59376K(59840K)->59376K(59840K) Class: 8405K(8896K)->8405K(8896K)
[112.717s][info][gc             ] GC(367) Pause Full (System.gc()) 485M->149M(567M) 52.381ms
[112.717s][info][gc,cpu         ] GC(367) User=1.30s Sys=0.03s Real=0.06s
[112.761s][info][gc,start       ] GC(368) Pause Young (Concurrent Start) (G1 Humongous Allocation)
[112.761s][info][gc,task        ] GC(368) Using 20 workers of 33 for evacuation
[112.763s][info][gc,phases      ] GC(368)   Pre Evacuate Collection Set: 0.4ms
[112.763s][info][gc,phases      ] GC(368)   Merge Heap Roots: 0.1ms
[112.763s][info][gc,phases      ] GC(368)   Evacuate Collection Set: 0.8ms
[112.763s][info][gc,phases      ] GC(368)   Post Evacuate Collection Set: 0.6ms
[112.763s][info][gc,phases      ] GC(368)   Other: 0.1ms
[112.763s][info][gc,heap        ] GC(368) Eden regions: 17->0(320)
[112.763s][info][gc,heap        ] GC(368) Survivor regions: 0->3(39)
[112.763s][info][gc,heap        ] GC(368) Old regions: 160->160
[112.763s][info][gc,heap        ] GC(368) Archive regions: 0->0
[112.763s][info][gc,heap        ] GC(368) Humongous regions: 10->10
[112.763s][info][gc,metaspace   ] GC(368) Metaspace: 67786K(68800K)->67786K(68800K) NonClass: 59380K(59904K)->59380K(59904K) Class: 8406K(8896K)->8406K(8896K)
[112.763s][info][gc             ] GC(368) Pause Young (Concurrent Start) (G1 Humongous Allocation) 166M->151M(567M) 2.611ms
[112.763s][info][gc             ] GC(369) Concurrent Mark Cycle
[112.763s][info][gc,cpu         ] GC(368) User=0.31s Sys=0.00s Real=0.02s
[112.764s][info][gc,marking     ] GC(369) Concurrent Scan Root Regions
[112.764s][info][gc,marking     ] GC(369) Concurrent Scan Root Regions 0.889ms
[112.764s][info][gc,marking     ] GC(369) Concurrent Mark
[112.765s][info][gc,marking     ] GC(369) Concurrent Mark From Roots
[112.765s][info][gc,task        ] GC(369) Using 8 workers of 8 for marking
[112.804s][info][gc,marking     ] GC(369) Concurrent Mark From Roots 39.451ms
[112.804s][info][gc,marking     ] GC(369) Concurrent Preclean
[112.804s][info][gc,marking     ] GC(369) Concurrent Preclean 0.158ms
[112.804s][info][gc,start       ] GC(369) Pause Remark
[112.806s][info][gc             ] GC(369) Pause Remark 174M->174M(567M) 1.968ms
[112.806s][info][gc,cpu         ] GC(369) User=0.00s Sys=0.00s Real=0.00s
[112.806s][info][gc,marking     ] GC(369) Concurrent Mark 41.991ms
[112.807s][info][gc,marking     ] GC(369) Concurrent Rebuild Remembered Sets and Scrub Regions
[112.819s][info][gc,marking     ] GC(369) Concurrent Rebuild Remembered Sets and Scrub Regions 12.598ms
[112.832s][info][gc,start       ] GC(369) Pause Cleanup
[112.832s][info][gc             ] GC(369) Pause Cleanup 192M->192M(567M) 0.263ms
[112.832s][info][gc,cpu         ] GC(369) User=0.00s Sys=0.00s Real=0.00s
[112.833s][info][gc,marking     ] GC(369) Concurrent Clear Claimed Marks
[112.833s][info][gc,marking     ] GC(369) Concurrent Clear Claimed Marks 0.094ms
[112.833s][info][gc,marking     ] GC(369) Concurrent Cleanup for Next Mark
[112.833s][info][gc,marking     ] GC(369) Concurrent Cleanup for Next Mark 0.388ms
[112.833s][info][gc             ] GC(369) Concurrent Mark Cycle 69.631ms
[112.973s][info][gc,start       ] GC(370) Pause Young (Prepare Mixed) (G1 Evacuation Pause)
[112.973s][info][gc,task        ] GC(370) Using 16 workers of 33 for evacuation
[113.004s][info][gc,phases      ] GC(370)   Pre Evacuate Collection Set: 0.2ms
[113.004s][info][gc,phases      ] GC(370)   Merge Heap Roots: 0.2ms
[113.004s][info][gc,phases      ] GC(370)   Evacuate Collection Set: 29.8ms
[113.004s][info][gc,phases      ] GC(370)   Post Evacuate Collection Set: 0.5ms
[113.004s][info][gc,phases      ] GC(370)   Other: 0.2ms
[113.004s][info][gc,heap        ] GC(370) Eden regions: 320->0(230)
[113.004s][info][gc,heap        ] GC(370) Survivor regions: 3->41(41)
[113.004s][info][gc,heap        ] GC(370) Old regions: 160->204
[113.004s][info][gc,heap        ] GC(370) Archive regions: 0->0
[113.004s][info][gc,heap        ] GC(370) Humongous regions: 44->39
[113.004s][info][gc,metaspace   ] GC(370) Metaspace: 67809K(68800K)->67809K(68800K) NonClass: 59403K(59904K)->59403K(59904K) Class: 8406K(8896K)->8406K(8896K)
[113.004s][info][gc             ] GC(370) Pause Young (Prepare Mixed) (G1 Evacuation Pause) 505M->262M(612M) 31.335ms
[113.004s][info][gc,cpu         ] GC(370) User=0.50s Sys=0.00s Real=0.03s
[113.117s][info][gc,start       ] GC(371) Pause Young (Mixed) (G1 Evacuation Pause)
[113.118s][info][gc,task        ] GC(371) Using 15 workers of 33 for evacuation
[113.154s][info][gc,phases      ] GC(371)   Pre Evacuate Collection Set: 0.2ms
[113.154s][info][gc,phases      ] GC(371)   Merge Heap Roots: 0.4ms
[113.154s][info][gc,phases      ] GC(371)   Evacuate Collection Set: 32.9ms
[113.154s][info][gc,phases      ] GC(371)   Post Evacuate Collection Set: 2.3ms
[113.154s][info][gc,phases      ] GC(371)   Other: 0.2ms
[113.154s][info][gc,heap        ] GC(371) Eden regions: 230->0(466)
[113.154s][info][gc,heap        ] GC(371) Survivor regions: 41->29(34)
[113.154s][info][gc,heap        ] GC(371) Old regions: 204->245
[113.154s][info][gc,heap        ] GC(371) Archive regions: 0->0
[113.154s][info][gc,heap        ] GC(371) Humongous regions: 58->58
[113.154s][info][gc,metaspace   ] GC(371) Metaspace: 67809K(68800K)->67809K(68800K) NonClass: 59403K(59904K)->59403K(59904K) Class: 8406K(8896K)->8406K(8896K)
[113.154s][info][gc             ] GC(371) Pause Young (Mixed) (G1 Evacuation Pause) 511M->315M(959M) 36.307ms
[113.154s][info][gc,cpu         ] GC(371) User=0.47s Sys=0.00s Real=0.03s
[113.259s][info][gc,start       ] GC(372) Pause Young (Concurrent Start) (G1 Humongous Allocation)
[113.305s][info][gc,task        ] GC(372) Using 23 workers of 33 for evacuation
[113.331s][info][gc,phases      ] GC(372)   Pre Evacuate Collection Set: 0.5ms
[113.331s][info][gc,phases      ] GC(372)   Merge Heap Roots: 0.2ms
[113.331s][info][gc,phases      ] GC(372)   Evacuate Collection Set: 24.8ms
[113.331s][info][gc,phases      ] GC(372)   Post Evacuate Collection Set: 0.5ms
[113.331s][info][gc,phases      ] GC(372)   Other: 0.1ms
[113.331s][info][gc,heap        ] GC(372) Eden regions: 178->0(463)
[113.331s][info][gc,heap        ] GC(372) Survivor regions: 29->44(62)
[113.331s][info][gc,heap        ] GC(372) Old regions: 245->245
[113.331s][info][gc,heap        ] GC(372) Archive regions: 0->0
[113.331s][info][gc,heap        ] GC(372) Humongous regions: 58->58
[113.331s][info][gc,metaspace   ] GC(372) Metaspace: 67809K(68800K)->67809K(68800K) NonClass: 59403K(59904K)->59403K(59904K) Class: 8406K(8896K)->8406K(8896K)
[113.332s][info][gc             ] GC(372) Pause Young (Concurrent Start) (G1 Humongous Allocation) 492M->330M(959M) 72.949ms
[113.332s][info][gc             ] GC(373) Concurrent Mark Cycle
[113.332s][info][gc,cpu         ] GC(372) User=0.28s Sys=0.08s Real=0.06s
[113.332s][info][gc,marking     ] GC(373) Concurrent Scan Root Regions
[113.336s][info][gc,marking     ] GC(373) Concurrent Scan Root Regions 4.514ms
[113.336s][info][gc,marking     ] GC(373) Concurrent Mark
[113.336s][info][gc,marking     ] GC(373) Concurrent Mark From Roots
[113.336s][info][gc,task        ] GC(373) Using 8 workers of 8 for marking
[113.389s][info][gc,marking     ] GC(373) Concurrent Mark From Roots 53.161ms
[113.389s][info][gc,marking     ] GC(373) Concurrent Preclean
[113.390s][info][gc,marking     ] GC(373) Concurrent Preclean 0.180ms
[113.390s][info][gc,start       ] GC(373) Pause Remark
[113.393s][info][gc             ] GC(373) Pause Remark 419M->395M(959M) 2.798ms
[113.393s][info][gc,cpu         ] GC(373) User=0.00s Sys=0.00s Real=0.00s
[113.393s][info][gc,marking     ] GC(373) Concurrent Mark 56.522ms
[113.393s][info][gc,marking     ] GC(373) Concurrent Rebuild Remembered Sets and Scrub Regions
[113.440s][info][gc,marking     ] GC(373) Concurrent Rebuild Remembered Sets and Scrub Regions 46.992ms
[113.440s][info][gc,start       ] GC(373) Pause Cleanup
[113.440s][info][gc             ] GC(373) Pause Cleanup 474M->474M(959M) 0.339ms
[113.440s][info][gc,cpu         ] GC(373) User=0.00s Sys=0.00s Real=0.00s
[113.440s][info][gc,marking     ] GC(373) Concurrent Clear Claimed Marks
[113.441s][info][gc,marking     ] GC(373) Concurrent Clear Claimed Marks 0.112ms
[113.441s][info][gc,marking     ] GC(373) Concurrent Cleanup for Next Mark
[113.442s][info][gc,marking     ] GC(373) Concurrent Cleanup for Next Mark 1.607ms
[113.442s][info][gc             ] GC(373) Concurrent Mark Cycle 110.665ms
[113.608s][info][gc,start       ] GC(374) Pause Young (Prepare Mixed) (G1 Evacuation Pause)
[113.608s][info][gc,task        ] GC(374) Using 23 workers of 33 for evacuation
[113.641s][info][gc,phases      ] GC(374)   Pre Evacuate Collection Set: 0.2ms
[113.641s][info][gc,phases      ] GC(374)   Merge Heap Roots: 0.8ms
[113.641s][info][gc,phases      ] GC(374)   Evacuate Collection Set: 30.8ms
[113.641s][info][gc,phases      ] GC(374)   Post Evacuate Collection Set: 0.6ms
[113.641s][info][gc,phases      ] GC(374)   Other: 0.2ms
[113.641s][info][gc,heap        ] GC(374) Eden regions: 463->0(453)
[113.641s][info][gc,heap        ] GC(374) Survivor regions: 44->54(64)
[113.641s][info][gc,heap        ] GC(374) Old regions: 245->267
[113.641s][info][gc,heap        ] GC(374) Archive regions: 0->0
[113.641s][info][gc,heap        ] GC(374) Humongous regions: 54->54
[113.641s][info][gc,metaspace   ] GC(374) Metaspace: 67809K(68800K)->67809K(68800K) NonClass: 59403K(59904K)->59403K(59904K) Class: 8406K(8896K)->8406K(8896K)
[113.641s][info][gc             ] GC(374) Pause Young (Prepare Mixed) (G1 Evacuation Pause) 789M->357M(959M) 32.785ms
[113.641s][info][gc,cpu         ] GC(374) User=0.72s Sys=0.00s Real=0.03s
[113.873s][info][gc,start       ] GC(375) Pause Young (Mixed) (G1 Evacuation Pause)
[113.873s][info][gc,task        ] GC(375) Using 23 workers of 33 for evacuation
[113.907s][info][gc,phases      ] GC(375)   Pre Evacuate Collection Set: 0.2ms
[113.908s][info][gc,phases      ] GC(375)   Merge Heap Roots: 0.2ms
[113.908s][info][gc,phases      ] GC(375)   Evacuate Collection Set: 33.2ms
[113.908s][info][gc,phases      ] GC(375)   Post Evacuate Collection Set: 0.5ms
[113.908s][info][gc,phases      ] GC(375)   Other: 0.2ms
[113.908s][info][gc,heap        ] GC(375) Eden regions: 453->0(450)
[113.908s][info][gc,heap        ] GC(375) Survivor regions: 54->32(64)
[113.908s][info][gc,heap        ] GC(375) Old regions: 267->307
[113.908s][info][gc,heap        ] GC(375) Archive regions: 0->0
[113.908s][info][gc,heap        ] GC(375) Humongous regions: 54->54
[113.908s][info][gc,metaspace   ] GC(375) Metaspace: 67809K(68800K)->67809K(68800K) NonClass: 59403K(59904K)->59403K(59904K) Class: 8406K(8896K)->8406K(8896K)
[113.908s][info][gc             ] GC(375) Pause Young (Mixed) (G1 Evacuation Pause) 810M->379M(959M) 34.723ms
[113.908s][info][gc,cpu         ] GC(375) User=0.72s Sys=0.00s Real=0.03s
[113.961s][info][gc,start       ] GC(376) Pause Young (Concurrent Start) (G1 Humongous Allocation)
[113.961s][info][gc,task        ] GC(376) Using 23 workers of 33 for evacuation
[113.977s][info][gc,phases      ] GC(376)   Pre Evacuate Collection Set: 0.4ms
[113.977s][info][gc,phases      ] GC(376)   Merge Heap Roots: 0.2ms
[113.977s][info][gc,phases      ] GC(376)   Evacuate Collection Set: 14.3ms
[113.977s][info][gc,phases      ] GC(376)   Post Evacuate Collection Set: 0.5ms
[113.977s][info][gc,phases      ] GC(376)   Other: 0.1ms
[113.977s][info][gc,heap        ] GC(376) Eden regions: 22->0(452)
[113.977s][info][gc,heap        ] GC(376) Survivor regions: 32->34(61)
[113.977s][info][gc,heap        ] GC(376) Old regions: 307->307
[113.977s][info][gc,heap        ] GC(376) Archive regions: 0->0
[113.977s][info][gc,heap        ] GC(376) Humongous regions: 54->54
[113.977s][info][gc,metaspace   ] GC(376) Metaspace: 67809K(68800K)->67809K(68800K) NonClass: 59403K(59904K)->59403K(59904K) Class: 8406K(8896K)->8406K(8896K)
[113.977s][info][gc             ] GC(376) Pause Young (Concurrent Start) (G1 Humongous Allocation) 401M->382M(959M) 16.000ms
[113.977s][info][gc             ] GC(377) Concurrent Mark Cycle
[113.977s][info][gc,cpu         ] GC(376) User=0.36s Sys=0.00s Real=0.02s
[113.977s][info][gc,marking     ] GC(377) Concurrent Scan Root Regions
[113.985s][info][gc,marking     ] GC(377) Concurrent Scan Root Regions 7.708ms
[113.985s][info][gc,marking     ] GC(377) Concurrent Mark
[113.985s][info][gc,marking     ] GC(377) Concurrent Mark From Roots
[113.985s][info][gc,task        ] GC(377) Using 8 workers of 8 for marking
[114.044s][info][gc,marking     ] GC(377) Concurrent Mark From Roots 58.429ms
[114.044s][info][gc,marking     ] GC(377) Concurrent Preclean
[114.044s][info][gc,marking     ] GC(377) Concurrent Preclean 0.173ms
[114.044s][info][gc,start       ] GC(377) Pause Remark
[114.046s][info][gc             ] GC(377) Pause Remark 384M->304M(959M) 1.920ms
[114.046s][info][gc,cpu         ] GC(377) User=0.00s Sys=0.00s Real=0.00s
[114.046s][info][gc,marking     ] GC(377) Concurrent Mark 60.890ms
[114.046s][info][gc,marking     ] GC(377) Concurrent Rebuild Remembered Sets and Scrub Regions
[114.078s][info][gc,marking     ] GC(377) Concurrent Rebuild Remembered Sets and Scrub Regions 32.105ms
[114.078s][info][gc,start       ] GC(377) Pause Cleanup
[114.079s][info][gc             ] GC(377) Pause Cleanup 306M->306M(959M) 0.365ms
[114.079s][info][gc,cpu         ] GC(377) User=0.00s Sys=0.00s Real=0.00s
[114.079s][info][gc,marking     ] GC(377) Concurrent Clear Claimed Marks
[114.079s][info][gc,marking     ] GC(377) Concurrent Clear Claimed Marks 0.103ms
[114.079s][info][gc,marking     ] GC(377) Concurrent Cleanup for Next Mark
[114.080s][info][gc,marking     ] GC(377) Concurrent Cleanup for Next Mark 0.640ms
[114.080s][info][gc             ] GC(377) Concurrent Mark Cycle 102.342ms
[114.869s][info][gc,start       ] GC(378) Pause Young (Prepare Mixed) (G1 Evacuation Pause)
[114.869s][info][gc,task        ] GC(378) Using 23 workers of 33 for evacuation
[114.928s][info][gc,phases      ] GC(378)   Pre Evacuate Collection Set: 0.3ms
[114.928s][info][gc,phases      ] GC(378)   Merge Heap Roots: 0.7ms
[114.928s][info][gc,phases      ] GC(378)   Evacuate Collection Set: 57.5ms
[114.928s][info][gc,phases      ] GC(378)   Post Evacuate Collection Set: 0.7ms
[114.928s][info][gc,phases      ] GC(378)   Other: 0.2ms
[114.928s][info][gc,heap        ] GC(378) Eden regions: 452->0(342)
[114.928s][info][gc,heap        ] GC(378) Survivor regions: 34->61(61)
[114.928s][info][gc,heap        ] GC(378) Old regions: 251->325
[114.928s][info][gc,heap        ] GC(378) Archive regions: 0->0
[114.928s][info][gc,heap        ] GC(378) Humongous regions: 103->98
[114.928s][info][gc,metaspace   ] GC(378) Metaspace: 67813K(68800K)->67813K(68800K) NonClass: 59406K(59904K)->59406K(59904K) Class: 8406K(8896K)->8406K(8896K)
[114.929s][info][gc             ] GC(378) Pause Young (Prepare Mixed) (G1 Evacuation Pause) 827M->470M(975M) 59.684ms
[114.929s][info][gc,cpu         ] GC(378) User=1.44s Sys=0.00s Real=0.06s
[115.094s][info][gc,start       ] GC(379) Pause Young (Mixed) (G1 Evacuation Pause)
[115.094s][info][gc,task        ] GC(379) Using 23 workers of 33 for evacuation
[115.142s][info][gc,phases      ] GC(379)   Pre Evacuate Collection Set: 0.3ms
[115.142s][info][gc,phases      ] GC(379)   Merge Heap Roots: 0.5ms
[115.142s][info][gc,phases      ] GC(379)   Evacuate Collection Set: 46.6ms
[115.142s][info][gc,phases      ] GC(379)   Post Evacuate Collection Set: 0.5ms
[115.142s][info][gc,phases      ] GC(379)   Other: 0.2ms
[115.142s][info][gc,heap        ] GC(379) Eden regions: 342->0(306)
[115.142s][info][gc,heap        ] GC(379) Survivor regions: 61->41(51)
[115.142s][info][gc,heap        ] GC(379) Old regions: 325->381
[115.142s][info][gc,heap        ] GC(379) Archive regions: 0->0
[115.142s][info][gc,heap        ] GC(379) Humongous regions: 122->122
[115.142s][info][gc,metaspace   ] GC(379) Metaspace: 67813K(68800K)->67813K(68800K) NonClass: 59406K(59904K)->59406K(59904K) Class: 8406K(8896K)->8406K(8896K)
[115.142s][info][gc             ] GC(379) Pause Young (Mixed) (G1 Evacuation Pause) 836M->533M(975M) 48.445ms
[115.142s][info][gc,cpu         ] GC(379) User=1.09s Sys=0.00s Real=0.06s
[115.220s][info][gc,start       ] GC(380) Pause Young (Concurrent Start) (G1 Humongous Allocation)
[115.220s][info][gc,task        ] GC(380) Using 23 workers of 33 for evacuation
[115.248s][info][gc,phases      ] GC(380)   Pre Evacuate Collection Set: 0.6ms
[115.248s][info][gc,phases      ] GC(380)   Merge Heap Roots: 0.2ms
[115.248s][info][gc,phases      ] GC(380)   Evacuate Collection Set: 24.7ms
[115.248s][info][gc,phases      ] GC(380)   Post Evacuate Collection Set: 2.6ms
[115.248s][info][gc,phases      ] GC(380)   Other: 0.1ms
[115.248s][info][gc,heap        ] GC(380) Eden regions: 161->0(472)
[115.248s][info][gc,heap        ] GC(380) Survivor regions: 41->19(44)
[115.248s][info][gc,heap        ] GC(380) Old regions: 381->422
[115.248s][info][gc,heap        ] GC(380) Archive regions: 0->0
[115.248s][info][gc,heap        ] GC(380) Humongous regions: 122->122
[115.248s][info][gc,metaspace   ] GC(380) Metaspace: 67813K(68800K)->67813K(68800K) NonClass: 59406K(59904K)->59406K(59904K) Class: 8406K(8896K)->8406K(8896K)
[115.249s][info][gc             ] GC(380) Pause Young (Concurrent Start) (G1 Humongous Allocation) 694M->553M(1190M) 28.587ms
[115.249s][info][gc             ] GC(381) Concurrent Mark Cycle
[115.249s][info][gc,cpu         ] GC(380) User=0.36s Sys=0.00s Real=0.02s
[115.249s][info][gc,marking     ] GC(381) Concurrent Scan Root Regions
[115.254s][info][gc,marking     ] GC(381) Concurrent Scan Root Regions 5.522ms
[115.254s][info][gc,marking     ] GC(381) Concurrent Mark
[115.254s][info][gc,marking     ] GC(381) Concurrent Mark From Roots
[115.254s][info][gc,task        ] GC(381) Using 8 workers of 8 for marking
[115.305s][info][gc,marking     ] GC(381) Concurrent Mark From Roots 50.659ms
[115.305s][info][gc,marking     ] GC(381) Concurrent Preclean
[115.305s][info][gc,marking     ] GC(381) Concurrent Preclean 0.194ms
[115.305s][info][gc,start       ] GC(381) Pause Remark
[115.307s][info][gc             ] GC(381) Pause Remark 633M->467M(1190M) 1.993ms
[115.307s][info][gc,cpu         ] GC(381) User=0.00s Sys=0.00s Real=0.00s
[115.307s][info][gc,marking     ] GC(381) Concurrent Mark 53.224ms
[115.307s][info][gc,marking     ] GC(381) Concurrent Rebuild Remembered Sets and Scrub Regions
[115.352s][info][gc,marking     ] GC(381) Concurrent Rebuild Remembered Sets and Scrub Regions 44.424ms
[115.352s][info][gc,start       ] GC(381) Pause Cleanup
[115.353s][info][gc             ] GC(381) Pause Cleanup 525M->525M(1190M) 0.762ms
[115.353s][info][gc,cpu         ] GC(381) User=0.00s Sys=0.00s Real=0.00s
[115.353s][info][gc,marking     ] GC(381) Concurrent Clear Claimed Marks
[115.353s][info][gc,marking     ] GC(381) Concurrent Clear Claimed Marks 0.117ms
[115.353s][info][gc,marking     ] GC(381) Concurrent Cleanup for Next Mark
[115.355s][info][gc,marking     ] GC(381) Concurrent Cleanup for Next Mark 1.559ms
[115.355s][info][gc             ] GC(381) Concurrent Mark Cycle 106.306ms
[115.540s][info][gc,start       ] GC(382) Pause Young (Prepare Mixed) (G1 Evacuation Pause)
[115.541s][info][gc,task        ] GC(382) Using 28 workers of 33 for evacuation
[115.566s][info][gc,phases      ] GC(382)   Pre Evacuate Collection Set: 0.3ms
[115.566s][info][gc,phases      ] GC(382)   Merge Heap Roots: 0.8ms
[115.566s][info][gc,phases      ] GC(382)   Evacuate Collection Set: 23.6ms
[115.566s][info][gc,phases      ] GC(382)   Post Evacuate Collection Set: 0.8ms
[115.566s][info][gc,phases      ] GC(382)   Other: 0.2ms
[115.566s][info][gc,heap        ] GC(382) Eden regions: 472->0(575)
[115.566s][info][gc,heap        ] GC(382) Survivor regions: 19->54(62)
[115.566s][info][gc,heap        ] GC(382) Old regions: 344->344
[115.566s][info][gc,heap        ] GC(382) Archive regions: 0->0
[115.566s][info][gc,heap        ] GC(382) Humongous regions: 54->54
[115.566s][info][gc,metaspace   ] GC(382) Metaspace: 67817K(68800K)->67817K(68800K) NonClass: 59410K(59904K)->59410K(59904K) Class: 8406K(8896K)->8406K(8896K)
[115.566s][info][gc             ] GC(382) Pause Young (Prepare Mixed) (G1 Evacuation Pause) 879M->441M(1190M) 26.090ms
[115.567s][info][gc,cpu         ] GC(382) User=0.88s Sys=0.00s Real=0.03s
[116.565s][info][gc,start       ] GC(383) Pause Young (Mixed) (G1 Evacuation Pause)
[116.565s][info][gc,task        ] GC(383) Using 28 workers of 33 for evacuation
[116.617s][info][gc,phases      ] GC(383)   Pre Evacuate Collection Set: 0.3ms
[116.617s][info][gc,phases      ] GC(383)   Merge Heap Roots: 0.7ms
[116.617s][info][gc,phases      ] GC(383)   Evacuate Collection Set: 50.1ms
[116.617s][info][gc,phases      ] GC(383)   Post Evacuate Collection Set: 0.8ms
[116.617s][info][gc,phases      ] GC(383)   Other: 0.2ms
[116.617s][info][gc,heap        ] GC(383) Eden regions: 575->0(532)
[116.617s][info][gc,heap        ] GC(383) Survivor regions: 54->79(79)
[116.617s][info][gc,heap        ] GC(383) Old regions: 344->330
[116.617s][info][gc,heap        ] GC(383) Archive regions: 0->0
[116.617s][info][gc,heap        ] GC(383) Humongous regions: 103->98
[116.617s][info][gc,metaspace   ] GC(383) Metaspace: 67821K(68800K)->67821K(68800K) NonClass: 59415K(59904K)->59415K(59904K) Class: 8406K(8896K)->8406K(8896K)
[116.617s][info][gc             ] GC(383) Pause Young (Mixed) (G1 Evacuation Pause) 1065M->496M(1190M) 52.540ms
[116.617s][info][gc,cpu         ] GC(383) User=1.75s Sys=0.00s Real=0.06s
[116.623s][info][gc,start       ] GC(384) Pause Young (Concurrent Start) (G1 Humongous Allocation)
[116.623s][info][gc,task        ] GC(384) Using 28 workers of 33 for evacuation
[116.647s][info][gc,phases      ] GC(384)   Pre Evacuate Collection Set: 0.3ms
[116.647s][info][gc,phases      ] GC(384)   Merge Heap Roots: 0.2ms
[116.647s][info][gc,phases      ] GC(384)   Evacuate Collection Set: 22.6ms
[116.647s][info][gc,phases      ] GC(384)   Post Evacuate Collection Set: 0.5ms
[116.647s][info][gc,phases      ] GC(384)   Other: 0.1ms
[116.647s][info][gc,heap        ] GC(384) Eden regions: 4->0(547)
[116.647s][info][gc,heap        ] GC(384) Survivor regions: 79->9(77)
[116.647s][info][gc,heap        ] GC(384) Old regions: 330->411
[116.647s][info][gc,heap        ] GC(384) Archive regions: 0->0
[116.647s][info][gc,heap        ] GC(384) Humongous regions: 98->98
[116.647s][info][gc,metaspace   ] GC(384) Metaspace: 67821K(68800K)->67821K(68800K) NonClass: 59415K(59904K)->59415K(59904K) Class: 8406K(8896K)->8406K(8896K)
[116.647s][info][gc             ] GC(384) Pause Young (Concurrent Start) (G1 Humongous Allocation) 500M->508M(1190M) 23.994ms
[116.647s][info][gc             ] GC(385) Concurrent Mark Cycle
[116.647s][info][gc,cpu         ] GC(384) User=0.88s Sys=0.00s Real=0.03s
[116.647s][info][gc,marking     ] GC(385) Concurrent Scan Root Regions
[116.653s][info][gc,marking     ] GC(385) Concurrent Scan Root Regions 6.573ms
[116.653s][info][gc,marking     ] GC(385) Concurrent Mark
[116.653s][info][gc,marking     ] GC(385) Concurrent Mark From Roots
[116.653s][info][gc,task        ] GC(385) Using 8 workers of 8 for marking
[116.681s][info][gc,marking     ] GC(385) Concurrent Mark From Roots 27.831ms
[116.681s][info][gc,marking     ] GC(385) Concurrent Preclean
[116.681s][info][gc,marking     ] GC(385) Concurrent Preclean 0.069ms
[116.682s][info][gc,start       ] GC(385) Pause Remark
[116.684s][info][gc             ] GC(385) Pause Remark 558M->319M(1100M) 2.478ms
[116.684s][info][gc,cpu         ] GC(385) User=0.00s Sys=0.00s Real=0.00s
[116.684s][info][gc,marking     ] GC(385) Concurrent Mark 30.737ms
[116.684s][info][gc,marking     ] GC(385) Concurrent Rebuild Remembered Sets and Scrub Regions
[116.707s][info][gc,marking     ] GC(385) Concurrent Rebuild Remembered Sets and Scrub Regions 22.439ms
[116.707s][info][gc,start       ] GC(385) Pause Cleanup
[116.707s][info][gc             ] GC(385) Pause Cleanup 349M->349M(1100M) 0.342ms
[116.707s][info][gc,cpu         ] GC(385) User=0.00s Sys=0.00s Real=0.00s
[116.707s][info][gc,marking     ] GC(385) Concurrent Clear Claimed Marks
[116.707s][info][gc,marking     ] GC(385) Concurrent Clear Claimed Marks 0.076ms
[116.707s][info][gc,marking     ] GC(385) Concurrent Cleanup for Next Mark
[116.708s][info][gc,marking     ] GC(385) Concurrent Cleanup for Next Mark 0.740ms
[116.708s][info][gc             ] GC(385) Concurrent Mark Cycle 61.377ms
[117.256s][info][gc,start       ] GC(386) Pause Young (Prepare Mixed) (G1 Evacuation Pause)
[117.256s][info][gc,task        ] GC(386) Using 27 workers of 33 for evacuation
[117.293s][info][gc,phases      ] GC(386)   Pre Evacuate Collection Set: 0.3ms
[117.293s][info][gc,phases      ] GC(386)   Merge Heap Roots: 0.7ms
[117.293s][info][gc,phases      ] GC(386)   Evacuate Collection Set: 35.0ms
[117.293s][info][gc,phases      ] GC(386)   Post Evacuate Collection Set: 0.8ms
[117.293s][info][gc,phases      ] GC(386)   Other: 0.2ms
[117.293s][info][gc,heap        ] GC(386) Eden regions: 547->0(562)
[117.293s][info][gc,heap        ] GC(386) Survivor regions: 9->66(70)
[117.293s][info][gc,heap        ] GC(386) Old regions: 260->260
[117.293s][info][gc,heap        ] GC(386) Archive regions: 0->0
[117.293s][info][gc,heap        ] GC(386) Humongous regions: 68->58
[117.293s][info][gc,metaspace   ] GC(386) Metaspace: 67824K(68800K)->67824K(68800K) NonClass: 59418K(59904K)->59418K(59904K) Class: 8406K(8896K)->8406K(8896K)
[117.293s][info][gc             ] GC(386) Pause Young (Prepare Mixed) (G1 Evacuation Pause) 874M->373M(1100M) 37.389ms
[117.293s][info][gc,cpu         ] GC(386) User=0.86s Sys=0.00s Real=0.05s
[117.999s][info][gc,start       ] GC(387) Pause Young (Mixed) (G1 Evacuation Pause)
[117.999s][info][gc,task        ] GC(387) Using 26 workers of 33 for evacuation
[118.077s][info][gc,phases      ] GC(387)   Pre Evacuate Collection Set: 0.4ms
[118.077s][info][gc,phases      ] GC(387)   Merge Heap Roots: 0.7ms
[118.077s][info][gc,phases      ] GC(387)   Evacuate Collection Set: 75.5ms
[118.077s][info][gc,phases      ] GC(387)   Post Evacuate Collection Set: 0.7ms
[118.077s][info][gc,phases      ] GC(387)   Other: 0.2ms
[118.077s][info][gc,heap        ] GC(387) Eden regions: 558->0(529)
[118.077s][info][gc,heap        ] GC(387) Survivor regions: 66->73(79)
[118.077s][info][gc,heap        ] GC(387) Old regions: 260->320
[118.077s][info][gc,heap        ] GC(387) Archive regions: 0->0
[118.077s][info][gc,heap        ] GC(387) Humongous regions: 216->158
[118.077s][info][gc,metaspace   ] GC(387) Metaspace: 67842K(68864K)->67842K(68864K) NonClass: 59435K(59968K)->59435K(59968K) Class: 8406K(8896K)->8406K(8896K)
[118.077s][info][gc             ] GC(387) Pause Young (Mixed) (G1 Evacuation Pause) 1089M->539M(1239M) 77.990ms
[118.077s][info][gc,cpu         ] GC(387) User=1.69s Sys=0.34s Real=0.08s
[118.085s][info][gc,start       ] GC(388) Pause Young (Concurrent Start) (G1 Humongous Allocation)
[118.085s][info][gc,task        ] GC(388) Using 29 workers of 33 for evacuation
[118.118s][info][gc,phases      ] GC(388)   Pre Evacuate Collection Set: 0.3ms
[118.118s][info][gc,phases      ] GC(388)   Merge Heap Roots: 0.2ms
[118.118s][info][gc,phases      ] GC(388)   Evacuate Collection Set: 31.5ms
[118.118s][info][gc,phases      ] GC(388)   Post Evacuate Collection Set: 0.4ms
[118.118s][info][gc,phases      ] GC(388)   Other: 0.1ms
[118.118s][info][gc,heap        ] GC(388) Eden regions: 10->0(549)
[118.118s][info][gc,heap        ] GC(388) Survivor regions: 73->11(76)
[118.118s][info][gc,heap        ] GC(388) Old regions: 320->391
[118.118s][info][gc,heap        ] GC(388) Archive regions: 0->0
[118.118s][info][gc,heap        ] GC(388) Humongous regions: 158->158
[118.118s][info][gc,metaspace   ] GC(388) Metaspace: 67842K(68864K)->67842K(68864K) NonClass: 59435K(59968K)->59435K(59968K) Class: 8406K(8896K)->8406K(8896K)
[118.118s][info][gc             ] GC(388) Pause Young (Concurrent Start) (G1 Humongous Allocation) 549M->549M(1239M) 32.797ms
[118.118s][info][gc             ] GC(389) Concurrent Mark Cycle
[118.118s][info][gc,cpu         ] GC(388) User=0.89s Sys=0.02s Real=0.03s
[118.118s][info][gc,marking     ] GC(389) Concurrent Scan Root Regions
[118.124s][info][gc,marking     ] GC(389) Concurrent Scan Root Regions 5.495ms
[118.124s][info][gc,marking     ] GC(389) Concurrent Mark
[118.124s][info][gc,marking     ] GC(389) Concurrent Mark From Roots
[118.124s][info][gc,task        ] GC(389) Using 8 workers of 8 for marking
[118.153s][info][gc,marking     ] GC(389) Concurrent Mark From Roots 28.702ms
[118.153s][info][gc,marking     ] GC(389) Concurrent Preclean
[118.153s][info][gc,marking     ] GC(389) Concurrent Preclean 0.091ms
[118.153s][info][gc,start       ] GC(389) Pause Remark
[118.156s][info][gc             ] GC(389) Pause Remark 626M->410M(1239M) 2.652ms
[118.156s][info][gc,cpu         ] GC(389) User=0.00s Sys=0.00s Real=0.00s
[118.156s][info][gc,marking     ] GC(389) Concurrent Mark 31.806ms
[118.156s][info][gc,marking     ] GC(389) Concurrent Rebuild Remembered Sets and Scrub Regions
[118.176s][info][gc,marking     ] GC(389) Concurrent Rebuild Remembered Sets and Scrub Regions 20.787ms
[118.177s][info][gc,start       ] GC(389) Pause Cleanup
[118.177s][info][gc             ] GC(389) Pause Cleanup 491M->491M(1239M) 0.389ms
[118.177s][info][gc,cpu         ] GC(389) User=0.00s Sys=0.00s Real=0.00s
[118.177s][info][gc,marking     ] GC(389) Concurrent Clear Claimed Marks
[118.177s][info][gc,marking     ] GC(389) Concurrent Clear Claimed Marks 0.102ms
[118.177s][info][gc,marking     ] GC(389) Concurrent Cleanup for Next Mark
[118.178s][info][gc,marking     ] GC(389) Concurrent Cleanup for Next Mark 0.940ms
[118.178s][info][gc             ] GC(389) Concurrent Mark Cycle 60.020ms
[118.531s][info][gc,start       ] GC(390) Pause Young (Prepare Mixed) (G1 Evacuation Pause)
[118.531s][info][gc,task        ] GC(390) Using 29 workers of 33 for evacuation
[118.570s][info][gc,phases      ] GC(390)   Pre Evacuate Collection Set: 0.3ms
[118.570s][info][gc,phases      ] GC(390)   Merge Heap Roots: 0.9ms
[118.570s][info][gc,phases      ] GC(390)   Evacuate Collection Set: 36.6ms
[118.570s][info][gc,phases      ] GC(390)   Post Evacuate Collection Set: 0.7ms
[118.570s][info][gc,phases      ] GC(390)   Other: 0.2ms
[118.570s][info][gc,heap        ] GC(390) Eden regions: 549->0(615)
[118.570s][info][gc,heap        ] GC(390) Survivor regions: 11->58(70)
[118.570s][info][gc,heap        ] GC(390) Old regions: 273->273
[118.570s][info][gc,heap        ] GC(390) Archive regions: 0->0
[118.570s][info][gc,heap        ] GC(390) Humongous regions: 255->137
[118.570s][info][gc,metaspace   ] GC(390) Metaspace: 67848K(68864K)->67848K(68864K) NonClass: 59441K(59968K)->59441K(59968K) Class: 8406K(8896K)->8406K(8896K)
[118.570s][info][gc             ] GC(390) Pause Young (Prepare Mixed) (G1 Evacuation Pause) 1077M->457M(1239M) 39.107ms
[118.570s][info][gc,cpu         ] GC(390) User=1.36s Sys=0.00s Real=0.05s
[118.756s][info][gc,start       ] GC(391) Pause Full (System.gc())
[118.757s][info][gc,task        ] GC(391) Using 29 workers of 33 for full compaction
[118.758s][info][gc,phases,start] GC(391) Phase 1: Mark live objects
[118.789s][info][gc,phases      ] GC(391) Phase 1: Mark live objects 30.784ms
[118.789s][info][gc,phases,start] GC(391) Phase 2: Prepare compaction
[118.795s][info][gc,phases      ] GC(391) Phase 2: Prepare compaction 5.932ms
[118.795s][info][gc,phases,start] GC(391) Phase 3: Adjust pointers
[118.803s][info][gc,phases      ] GC(391) Phase 3: Adjust pointers 8.363ms
[118.803s][info][gc,phases,start] GC(391) Phase 4: Compact heap
[118.804s][info][gc,phases      ] GC(391) Phase 4: Compact heap 0.699ms
[118.812s][info][gc,heap        ] GC(391) Eden regions: 271->0(314)
[118.812s][info][gc,heap        ] GC(391) Survivor regions: 58->0(70)
[118.812s][info][gc,heap        ] GC(391) Old regions: 273->160
[118.812s][info][gc,heap        ] GC(391) Archive regions: 0->0
[118.812s][info][gc,heap        ] GC(391) Humongous regions: 140->10
[118.812s][info][gc,metaspace   ] GC(391) Metaspace: 67851K(68864K)->67851K(68864K) NonClass: 59445K(59968K)->59445K(59968K) Class: 8406K(8896K)->8406K(8896K)
[118.812s][info][gc             ] GC(391) Pause Full (System.gc()) 731M->149M(567M) 55.507ms
[118.812s][info][gc,cpu         ] GC(391) User=1.36s Sys=0.00s Real=0.05s
[118.844s][info][gc,start       ] GC(392) Pause Young (Concurrent Start) (G1 Humongous Allocation)
[118.845s][info][gc,task        ] GC(392) Using 21 workers of 33 for evacuation
[118.847s][info][gc,phases      ] GC(392)   Pre Evacuate Collection Set: 0.5ms
[118.847s][info][gc,phases      ] GC(392)   Merge Heap Roots: 0.1ms
[118.847s][info][gc,phases      ] GC(392)   Evacuate Collection Set: 1.3ms
[118.847s][info][gc,phases      ] GC(392)   Post Evacuate Collection Set: 0.6ms
[118.847s][info][gc,phases      ] GC(392)   Other: 0.1ms
[118.847s][info][gc,heap        ] GC(392) Eden regions: 19->0(323)
[118.847s][info][gc,heap        ] GC(392) Survivor regions: 0->7(40)
[118.847s][info][gc,heap        ] GC(392) Old regions: 160->160
[118.847s][info][gc,heap        ] GC(392) Archive regions: 0->0
[118.847s][info][gc,heap        ] GC(392) Humongous regions: 10->10
[118.847s][info][gc,metaspace   ] GC(392) Metaspace: 67859K(68864K)->67859K(68864K) NonClass: 59452K(59968K)->59452K(59968K) Class: 8407K(8896K)->8407K(8896K)
[118.847s][info][gc             ] GC(392) Pause Young (Concurrent Start) (G1 Humongous Allocation) 168M->156M(567M) 3.051ms
[118.848s][info][gc             ] GC(393) Concurrent Mark Cycle
[118.848s][info][gc,cpu         ] GC(392) User=0.03s Sys=0.00s Real=0.02s
[118.848s][info][gc,marking     ] GC(393) Concurrent Scan Root Regions
[118.848s][info][gc,marking     ] GC(393) Concurrent Scan Root Regions 0.847ms
[118.849s][info][gc,marking     ] GC(393) Concurrent Mark
[118.849s][info][gc,marking     ] GC(393) Concurrent Mark From Roots
[118.849s][info][gc,task        ] GC(393) Using 8 workers of 8 for marking
[118.892s][info][gc,marking     ] GC(393) Concurrent Mark From Roots 42.959ms
[118.892s][info][gc,marking     ] GC(393) Concurrent Preclean
[118.892s][info][gc,marking     ] GC(393) Concurrent Preclean 0.096ms
[118.892s][info][gc,start       ] GC(393) Pause Remark
[118.894s][info][gc             ] GC(393) Pause Remark 188M->188M(567M) 1.842ms
[118.894s][info][gc,cpu         ] GC(393) User=0.00s Sys=0.00s Real=0.00s
[118.894s][info][gc,marking     ] GC(393) Concurrent Mark 45.255ms
[118.894s][info][gc,marking     ] GC(393) Concurrent Rebuild Remembered Sets and Scrub Regions
[118.907s][info][gc,marking     ] GC(393) Concurrent Rebuild Remembered Sets and Scrub Regions 13.130ms
[118.907s][info][gc,start       ] GC(393) Pause Cleanup
[118.907s][info][gc             ] GC(393) Pause Cleanup 211M->211M(567M) 0.221ms
[118.907s][info][gc,cpu         ] GC(393) User=0.00s Sys=0.00s Real=0.00s
[118.907s][info][gc,marking     ] GC(393) Concurrent Clear Claimed Marks
[118.908s][info][gc,marking     ] GC(393) Concurrent Clear Claimed Marks 0.078ms
[118.908s][info][gc,marking     ] GC(393) Concurrent Cleanup for Next Mark
[118.908s][info][gc,marking     ] GC(393) Concurrent Cleanup for Next Mark 0.357ms
[118.908s][info][gc             ] GC(393) Concurrent Mark Cycle 60.353ms
[119.034s][info][gc,start       ] GC(394) Pause Young (Prepare Mixed) (G1 Evacuation Pause)
[119.034s][info][gc,task        ] GC(394) Using 17 workers of 33 for evacuation
[119.064s][info][gc,phases      ] GC(394)   Pre Evacuate Collection Set: 0.2ms
[119.065s][info][gc,phases      ] GC(394)   Merge Heap Roots: 0.2ms
[119.065s][info][gc,phases      ] GC(394)   Evacuate Collection Set: 29.5ms
[119.065s][info][gc,phases      ] GC(394)   Post Evacuate Collection Set: 0.6ms
[119.065s][info][gc,phases      ] GC(394)   Other: 0.2ms
[119.065s][info][gc,heap        ] GC(394) Eden regions: 323->0(242)
[119.065s][info][gc,heap        ] GC(394) Survivor regions: 7->42(42)
[119.065s][info][gc,heap        ] GC(394) Old regions: 160->201
[119.065s][info][gc,heap        ] GC(394) Archive regions: 0->0
[119.065s][info][gc,heap        ] GC(394) Humongous regions: 43->38
[119.065s][info][gc,metaspace   ] GC(394) Metaspace: 67862K(68928K)->67862K(68928K) NonClass: 59454K(60032K)->59454K(60032K) Class: 8407K(8896K)->8407K(8896K)
[119.065s][info][gc             ] GC(394) Pause Young (Prepare Mixed) (G1 Evacuation Pause) 512M->259M(616M) 31.158ms
[119.065s][info][gc,cpu         ] GC(394) User=0.53s Sys=0.00s Real=0.03s
[119.188s][info][gc,start       ] GC(395) Pause Young (Mixed) (G1 Evacuation Pause)
[119.188s][info][gc,task        ] GC(395) Using 15 workers of 33 for evacuation
[119.224s][info][gc,phases      ] GC(395)   Pre Evacuate Collection Set: 0.2ms
[119.224s][info][gc,phases      ] GC(395)   Merge Heap Roots: 0.3ms
[119.224s][info][gc,phases      ] GC(395)   Evacuate Collection Set: 32.3ms
[119.224s][info][gc,phases      ] GC(395)   Post Evacuate Collection Set: 2.1ms
[119.224s][info][gc,phases      ] GC(395)   Other: 0.2ms
[119.224s][info][gc,heap        ] GC(395) Eden regions: 242->0(422)
[119.224s][info][gc,heap        ] GC(395) Survivor regions: 42->30(36)
[119.224s][info][gc,heap        ] GC(395) Old regions: 201->244
[119.224s][info][gc,heap        ] GC(395) Archive regions: 0->0
[119.224s][info][gc,heap        ] GC(395) Humongous regions: 58->58
[119.224s][info][gc,metaspace   ] GC(395) Metaspace: 67862K(68928K)->67862K(68928K) NonClass: 59454K(60032K)->59454K(60032K) Class: 8407K(8896K)->8407K(8896K)
[119.224s][info][gc             ] GC(395) Pause Young (Mixed) (G1 Evacuation Pause) 521M->314M(906M) 35.442ms
[119.224s][info][gc,cpu         ] GC(395) User=0.47s Sys=0.00s Real=0.03s
[119.331s][info][gc,start       ] GC(396) Pause Young (Concurrent Start) (G1 Humongous Allocation)
[119.331s][info][gc,task        ] GC(396) Using 21 workers of 33 for evacuation
[119.355s][info][gc,phases      ] GC(396)   Pre Evacuate Collection Set: 0.4ms
[119.355s][info][gc,phases      ] GC(396)   Merge Heap Roots: 0.2ms
[119.355s][info][gc,phases      ] GC(396)   Evacuate Collection Set: 22.3ms
[119.355s][info][gc,phases      ] GC(396)   Post Evacuate Collection Set: 0.5ms
[119.355s][info][gc,phases      ] GC(396)   Other: 0.2ms
[119.355s][info][gc,heap        ] GC(396) Eden regions: 179->0(420)
[119.355s][info][gc,heap        ] GC(396) Survivor regions: 30->45(57)
[119.355s][info][gc,heap        ] GC(396) Old regions: 244->244
[119.355s][info][gc,heap        ] GC(396) Archive regions: 0->0
[119.355s][info][gc,heap        ] GC(396) Humongous regions: 58->58
[119.355s][info][gc,metaspace   ] GC(396) Metaspace: 67862K(68928K)->67862K(68928K) NonClass: 59454K(60032K)->59454K(60032K) Class: 8407K(8896K)->8407K(8896K)
[119.355s][info][gc             ] GC(396) Pause Young (Concurrent Start) (G1 Humongous Allocation) 492M->329M(906M) 24.001ms
[119.355s][info][gc             ] GC(397) Concurrent Mark Cycle
[119.355s][info][gc,cpu         ] GC(396) User=0.36s Sys=0.00s Real=0.03s
[119.355s][info][gc,marking     ] GC(397) Concurrent Scan Root Regions
[119.361s][info][gc,marking     ] GC(397) Concurrent Scan Root Regions 5.627ms
[119.361s][info][gc,marking     ] GC(397) Concurrent Mark
[119.361s][info][gc,marking     ] GC(397) Concurrent Mark From Roots
[119.361s][info][gc,task        ] GC(397) Using 8 workers of 8 for marking
[119.415s][info][gc,marking     ] GC(397) Concurrent Mark From Roots 54.560ms
[119.415s][info][gc,marking     ] GC(397) Concurrent Preclean
[119.416s][info][gc,marking     ] GC(397) Concurrent Preclean 0.121ms
[119.416s][info][gc,start       ] GC(397) Pause Remark
[119.418s][info][gc             ] GC(397) Pause Remark 435M->411M(906M) 1.891ms
[119.418s][info][gc,cpu         ] GC(397) User=0.31s Sys=0.02s Real=0.02s
[119.418s][info][gc,marking     ] GC(397) Concurrent Mark 56.932ms
[119.418s][info][gc,marking     ] GC(397) Concurrent Rebuild Remembered Sets and Scrub Regions
[119.465s][info][gc,marking     ] GC(397) Concurrent Rebuild Remembered Sets and Scrub Regions 46.861ms
[119.465s][info][gc,start       ] GC(397) Pause Cleanup
[119.465s][info][gc             ] GC(397) Pause Cleanup 500M->500M(906M) 0.385ms
[119.465s][info][gc,cpu         ] GC(397) User=0.00s Sys=0.00s Real=0.00s
[119.465s][info][gc,marking     ] GC(397) Concurrent Clear Claimed Marks
[119.465s][info][gc,marking     ] GC(397) Concurrent Clear Claimed Marks 0.113ms
[119.465s][info][gc,marking     ] GC(397) Concurrent Cleanup for Next Mark
[119.467s][info][gc,marking     ] GC(397) Concurrent Cleanup for Next Mark 1.509ms
[119.467s][info][gc             ] GC(397) Concurrent Mark Cycle 111.966ms
[119.591s][info][gc,start       ] GC(398) Pause Young (Prepare Mixed) (G1 Evacuation Pause)
[119.591s][info][gc,task        ] GC(398) Using 21 workers of 33 for evacuation
[119.626s][info][gc,phases      ] GC(398)   Pre Evacuate Collection Set: 0.2ms
[119.626s][info][gc,phases      ] GC(398)   Merge Heap Roots: 0.8ms
[119.626s][info][gc,phases      ] GC(398)   Evacuate Collection Set: 33.3ms
[119.626s][info][gc,phases      ] GC(398)   Post Evacuate Collection Set: 0.6ms
[119.626s][info][gc,phases      ] GC(398)   Other: 0.2ms
[119.626s][info][gc,heap        ] GC(398) Eden regions: 420->0(412)
[119.626s][info][gc,heap        ] GC(398) Survivor regions: 45->51(59)
[119.626s][info][gc,heap        ] GC(398) Old regions: 244->267
[119.626s][info][gc,heap        ] GC(398) Archive regions: 0->0
[119.626s][info][gc,heap        ] GC(398) Humongous regions: 54->54
[119.626s][info][gc,metaspace   ] GC(398) Metaspace: 67862K(68928K)->67862K(68928K) NonClass: 59454K(60032K)->59454K(60032K) Class: 8407K(8896K)->8407K(8896K)
[119.626s][info][gc             ] GC(398) Pause Young (Prepare Mixed) (G1 Evacuation Pause) 745M->354M(906M) 35.700ms
[119.626s][info][gc,cpu         ] GC(398) User=0.66s Sys=0.00s Real=0.03s
[119.841s][info][gc,start       ] GC(399) Pause Young (Mixed) (G1 Evacuation Pause)
[119.841s][info][gc,task        ] GC(399) Using 21 workers of 33 for evacuation
[119.873s][info][gc,phases      ] GC(399)   Pre Evacuate Collection Set: 0.2ms
[119.873s][info][gc,phases      ] GC(399)   Merge Heap Roots: 0.3ms
[119.873s][info][gc,phases      ] GC(399)   Evacuate Collection Set: 31.4ms
[119.873s][info][gc,phases      ] GC(399)   Post Evacuate Collection Set: 0.5ms
[119.873s][info][gc,phases      ] GC(399)   Other: 0.2ms
[119.874s][info][gc,heap        ] GC(399) Eden regions: 412->0(409)
[119.874s][info][gc,heap        ] GC(399) Survivor regions: 51->30(58)
[119.874s][info][gc,heap        ] GC(399) Old regions: 267->305
[119.874s][info][gc,heap        ] GC(399) Archive regions: 0->0
[119.874s][info][gc,heap        ] GC(399) Humongous regions: 54->54
[119.874s][info][gc,metaspace   ] GC(399) Metaspace: 67862K(68928K)->67862K(68928K) NonClass: 59454K(60032K)->59454K(60032K) Class: 8407K(8896K)->8407K(8896K)
[119.874s][info][gc             ] GC(399) Pause Young (Mixed) (G1 Evacuation Pause) 766M->376M(906M) 32.958ms
[119.874s][info][gc,cpu         ] GC(399) User=0.66s Sys=0.00s Real=0.03s
[119.972s][info][gc,start       ] GC(400) Pause Young (Concurrent Start) (G1 Humongous Allocation)
[119.972s][info][gc,task        ] GC(400) Using 21 workers of 33 for evacuation
[119.990s][info][gc,phases      ] GC(400)   Pre Evacuate Collection Set: 0.4ms
[119.990s][info][gc,phases      ] GC(400)   Merge Heap Roots: 0.2ms
[119.990s][info][gc,phases      ] GC(400)   Evacuate Collection Set: 16.9ms
[119.990s][info][gc,phases      ] GC(400)   Post Evacuate Collection Set: 0.4ms
[119.990s][info][gc,phases      ] GC(400)   Other: 0.1ms
[119.990s][info][gc,heap        ] GC(400) Eden regions: 90->0(411)
[119.990s][info][gc,heap        ] GC(400) Survivor regions: 30->35(55)
[119.990s][info][gc,heap        ] GC(400) Old regions: 305->305
[119.990s][info][gc,heap        ] GC(400) Archive regions: 0->0
[119.990s][info][gc,heap        ] GC(400) Humongous regions: 54->54
[119.990s][info][gc,metaspace   ] GC(400) Metaspace: 67862K(68928K)->67862K(68928K) NonClass: 59454K(60032K)->59454K(60032K) Class: 8407K(8896K)->8407K(8896K)
[119.990s][info][gc             ] GC(400) Pause Young (Concurrent Start) (G1 Humongous Allocation) 465M->381M(906M) 18.220ms
[119.990s][info][gc             ] GC(401) Concurrent Mark Cycle
[119.990s][info][gc,cpu         ] GC(400) User=0.33s Sys=0.00s Real=0.02s
[119.990s][info][gc,marking     ] GC(401) Concurrent Scan Root Regions
[119.996s][info][gc,marking     ] GC(401) Concurrent Scan Root Regions 6.416ms
[119.996s][info][gc,marking     ] GC(401) Concurrent Mark
[119.997s][info][gc,marking     ] GC(401) Concurrent Mark From Roots
[119.997s][info][gc,task        ] GC(401) Using 8 workers of 8 for marking
[120.051s][info][gc,marking     ] GC(401) Concurrent Mark From Roots 54.171ms
[120.051s][info][gc,marking     ] GC(401) Concurrent Preclean
[120.051s][info][gc,marking     ] GC(401) Concurrent Preclean 0.113ms
[120.051s][info][gc,start       ] GC(401) Pause Remark
[120.053s][info][gc             ] GC(401) Pause Remark 385M->316M(906M) 1.837ms
[120.053s][info][gc,cpu         ] GC(401) User=0.00s Sys=0.00s Real=0.00s
[120.053s][info][gc,marking     ] GC(401) Concurrent Mark 56.472ms
[120.053s][info][gc,marking     ] GC(401) Concurrent Rebuild Remembered Sets and Scrub Regions
[120.085s][info][gc,marking     ] GC(401) Concurrent Rebuild Remembered Sets and Scrub Regions 32.198ms
[120.085s][info][gc,start       ] GC(401) Pause Cleanup
[120.086s][info][gc             ] GC(401) Pause Cleanup 317M->317M(906M) 0.389ms
[120.086s][info][gc,cpu         ] GC(401) User=0.00s Sys=0.00s Real=0.00s
[120.086s][info][gc,marking     ] GC(401) Concurrent Clear Claimed Marks
[120.086s][info][gc,marking     ] GC(401) Concurrent Clear Claimed Marks 0.103ms
[120.086s][info][gc,marking     ] GC(401) Concurrent Cleanup for Next Mark
[120.087s][info][gc,marking     ] GC(401) Concurrent Cleanup for Next Mark 0.607ms
[120.087s][info][gc             ] GC(401) Concurrent Mark Cycle 96.685ms
[120.849s][info][gc,start       ] GC(402) Pause Young (Prepare Mixed) (G1 Evacuation Pause)
[120.849s][info][gc,task        ] GC(402) Using 21 workers of 33 for evacuation
[120.909s][info][gc,phases      ] GC(402)   Pre Evacuate Collection Set: 0.3ms
[120.909s][info][gc,phases      ] GC(402)   Merge Heap Roots: 0.6ms
[120.909s][info][gc,phases      ] GC(402)   Evacuate Collection Set: 57.7ms
[120.909s][info][gc,phases      ] GC(402)   Post Evacuate Collection Set: 0.7ms
[120.909s][info][gc,phases      ] GC(402)   Other: 0.2ms
[120.909s][info][gc,heap        ] GC(402) Eden regions: 411->0(309)
[120.909s][info][gc,heap        ] GC(402) Survivor regions: 35->56(56)
[120.909s][info][gc,heap        ] GC(402) Old regions: 260->335
[120.909s][info][gc,heap        ] GC(402) Archive regions: 0->0
[120.909s][info][gc,heap        ] GC(402) Humongous regions: 103->98
[120.909s][info][gc,metaspace   ] GC(402) Metaspace: 67884K(68928K)->67884K(68928K) NonClass: 59472K(60032K)->59472K(60032K) Class: 8412K(8896K)->8412K(8896K)
[120.909s][info][gc             ] GC(402) Pause Young (Prepare Mixed) (G1 Evacuation Pause) 796M->477M(940M) 59.726ms
[120.909s][info][gc,cpu         ] GC(402) User=1.02s Sys=0.00s Real=0.06s
[121.071s][info][gc,start       ] GC(403) Pause Young (Mixed) (G1 Evacuation Pause)
[121.071s][info][gc,task        ] GC(403) Using 22 workers of 33 for evacuation
[121.119s][info][gc,phases      ] GC(403)   Pre Evacuate Collection Set: 0.3ms
[121.119s][info][gc,phases      ] GC(403)   Merge Heap Roots: 0.6ms
[121.119s][info][gc,phases      ] GC(403)   Evacuate Collection Set: 44.8ms
[121.119s][info][gc,phases      ] GC(403)   Post Evacuate Collection Set: 1.9ms
[121.119s][info][gc,phases      ] GC(403)   Other: 0.2ms
[121.119s][info][gc,heap        ] GC(403) Eden regions: 309->0(454)
[121.119s][info][gc,heap        ] GC(403) Survivor regions: 56->41(46)
[121.119s][info][gc,heap        ] GC(403) Old regions: 335->383
[121.119s][info][gc,heap        ] GC(403) Archive regions: 0->0
[121.119s][info][gc,heap        ] GC(403) Humongous regions: 122->122
[121.119s][info][gc,metaspace   ] GC(403) Metaspace: 67884K(68928K)->67884K(68928K) NonClass: 59472K(60032K)->59472K(60032K) Class: 8412K(8896K)->8412K(8896K)
[121.119s][info][gc             ] GC(403) Pause Young (Mixed) (G1 Evacuation Pause) 810M->535M(1162M) 48.110ms
[121.119s][info][gc,cpu         ] GC(403) User=1.03s Sys=0.00s Real=0.05s
[121.240s][info][gc,start       ] GC(404) Pause Young (Concurrent Start) (G1 Humongous Allocation)
[121.240s][info][gc,task        ] GC(404) Using 27 workers of 33 for evacuation
[121.267s][info][gc,phases      ] GC(404)   Pre Evacuate Collection Set: 0.5ms
[121.267s][info][gc,phases      ] GC(404)   Merge Heap Roots: 0.5ms
[121.267s][info][gc,phases      ] GC(404)   Evacuate Collection Set: 25.2ms
[121.267s][info][gc,phases      ] GC(404)   Post Evacuate Collection Set: 0.5ms
[121.267s][info][gc,phases      ] GC(404)   Other: 0.1ms
[121.267s][info][gc,heap        ] GC(404) Eden regions: 213->0(446)
[121.267s][info][gc,heap        ] GC(404) Survivor regions: 41->24(62)
[121.267s][info][gc,heap        ] GC(404) Old regions: 383->422
[121.267s][info][gc,heap        ] GC(404) Archive regions: 0->0
[121.267s][info][gc,heap        ] GC(404) Humongous regions: 122->122
[121.267s][info][gc,metaspace   ] GC(404) Metaspace: 67884K(68928K)->67884K(68928K) NonClass: 59472K(60032K)->59472K(60032K) Class: 8412K(8896K)->8412K(8896K)
[121.268s][info][gc             ] GC(404) Pause Young (Concurrent Start) (G1 Humongous Allocation) 748M->557M(1162M) 27.144ms
[121.268s][info][gc             ] GC(405) Concurrent Mark Cycle
[121.268s][info][gc,cpu         ] GC(404) User=0.41s Sys=0.02s Real=0.02s
[121.268s][info][gc,marking     ] GC(405) Concurrent Scan Root Regions
[121.273s][info][gc,marking     ] GC(405) Concurrent Scan Root Regions 5.800ms
[121.273s][info][gc,marking     ] GC(405) Concurrent Mark
[121.274s][info][gc,marking     ] GC(405) Concurrent Mark From Roots
[121.274s][info][gc,task        ] GC(405) Using 8 workers of 8 for marking
[121.322s][info][gc,marking     ] GC(405) Concurrent Mark From Roots 48.169ms
[121.322s][info][gc,marking     ] GC(405) Concurrent Preclean
[121.322s][info][gc,marking     ] GC(405) Concurrent Preclean 0.141ms
[121.322s][info][gc,start       ] GC(405) Pause Remark
[121.324s][info][gc             ] GC(405) Pause Remark 649M->465M(1162M) 2.278ms
[121.324s][info][gc,cpu         ] GC(405) User=0.00s Sys=0.00s Real=0.00s
[121.324s][info][gc,marking     ] GC(405) Concurrent Mark 50.934ms
[121.324s][info][gc,marking     ] GC(405) Concurrent Rebuild Remembered Sets and Scrub Regions
[121.373s][info][gc,marking     ] GC(405) Concurrent Rebuild Remembered Sets and Scrub Regions 48.298ms
[121.373s][info][gc,start       ] GC(405) Pause Cleanup
[121.373s][info][gc             ] GC(405) Pause Cleanup 548M->548M(1162M) 0.428ms
[121.373s][info][gc,cpu         ] GC(405) User=0.00s Sys=0.00s Real=0.00s
[121.373s][info][gc,marking     ] GC(405) Concurrent Clear Claimed Marks
[121.374s][info][gc,marking     ] GC(405) Concurrent Clear Claimed Marks 0.100ms
[121.374s][info][gc,marking     ] GC(405) Concurrent Cleanup for Next Mark
[121.375s][info][gc,marking     ] GC(405) Concurrent Cleanup for Next Mark 1.572ms
[121.375s][info][gc             ] GC(405) Concurrent Mark Cycle 107.613ms
[121.512s][info][gc,start       ] GC(406) Pause Young (Prepare Mixed) (G1 Evacuation Pause)
[121.512s][info][gc,task        ] GC(406) Using 27 workers of 33 for evacuation
[121.540s][info][gc,phases      ] GC(406)   Pre Evacuate Collection Set: 0.3ms
[121.540s][info][gc,phases      ] GC(406)   Merge Heap Roots: 0.9ms
[121.540s][info][gc,phases      ] GC(406)   Evacuate Collection Set: 25.4ms
[121.540s][info][gc,phases      ] GC(406)   Post Evacuate Collection Set: 0.8ms
[121.540s][info][gc,phases      ] GC(406)   Other: 0.2ms
[121.540s][info][gc,heap        ] GC(406) Eden regions: 446->0(566)
[121.540s][info][gc,heap        ] GC(406) Survivor regions: 24->57(59)
[121.540s][info][gc,heap        ] GC(406) Old regions: 326->326
[121.540s][info][gc,heap        ] GC(406) Archive regions: 0->0
[121.540s][info][gc,heap        ] GC(406) Humongous regions: 54->54
[121.540s][info][gc,metaspace   ] GC(406) Metaspace: 67884K(68928K)->67884K(68928K) NonClass: 59472K(60032K)->59472K(60032K) Class: 8412K(8896K)->8412K(8896K)
[121.540s][info][gc             ] GC(406) Pause Young (Prepare Mixed) (G1 Evacuation Pause) 839M->426M(1162M) 28.009ms
[121.540s][info][gc,cpu         ] GC(406) User=0.84s Sys=0.00s Real=0.03s
[122.501s][info][gc,start       ] GC(407) Pause Young (Mixed) (G1 Evacuation Pause)
[122.501s][info][gc,task        ] GC(407) Using 27 workers of 33 for evacuation
[122.558s][info][gc,phases      ] GC(407)   Pre Evacuate Collection Set: 0.3ms
[122.558s][info][gc,phases      ] GC(407)   Merge Heap Roots: 0.7ms
[122.558s][info][gc,phases      ] GC(407)   Evacuate Collection Set: 54.9ms
[122.558s][info][gc,phases      ] GC(407)   Post Evacuate Collection Set: 0.8ms
[122.558s][info][gc,phases      ] GC(407)   Other: 0.2ms
[122.558s][info][gc,heap        ] GC(407) Eden regions: 566->0(510)
[122.558s][info][gc,heap        ] GC(407) Survivor regions: 57->78(78)
[122.558s][info][gc,heap        ] GC(407) Old regions: 326->328
[122.558s][info][gc,heap        ] GC(407) Archive regions: 0->0
[122.558s][info][gc,heap        ] GC(407) Humongous regions: 103->98
[122.558s][info][gc,metaspace   ] GC(407) Metaspace: 67886K(68928K)->67886K(68928K) NonClass: 59474K(60032K)->59474K(60032K) Class: 8412K(8896K)->8412K(8896K)
[122.558s][info][gc             ] GC(407) Pause Young (Mixed) (G1 Evacuation Pause) 1041M->494M(1162M) 57.274ms
[122.558s][info][gc,cpu         ] GC(407) User=1.27s Sys=0.00s Real=0.05s
[122.605s][info][gc,start       ] GC(408) Pause Young (Concurrent Start) (G1 Humongous Allocation)
[122.605s][info][gc,task        ] GC(408) Using 27 workers of 33 for evacuation
[122.641s][info][gc,phases      ] GC(408)   Pre Evacuate Collection Set: 0.5ms
[122.641s][info][gc,phases      ] GC(408)   Merge Heap Roots: 0.4ms
[122.641s][info][gc,phases      ] GC(408)   Evacuate Collection Set: 34.4ms
[122.641s][info][gc,phases      ] GC(408)   Post Evacuate Collection Set: 0.5ms
[122.641s][info][gc,phases      ] GC(408)   Other: 0.1ms
[122.641s][info][gc,heap        ] GC(408) Eden regions: 63->0(435)
[122.641s][info][gc,heap        ] GC(408) Survivor regions: 78->14(74)
[122.641s][info][gc,heap        ] GC(408) Old regions: 328->410
[122.641s][info][gc,heap        ] GC(408) Archive regions: 0->0
[122.641s][info][gc,heap        ] GC(408) Humongous regions: 98->98
[122.641s][info][gc,metaspace   ] GC(408) Metaspace: 67888K(68928K)->67888K(68928K) NonClass: 59476K(60032K)->59476K(60032K) Class: 8412K(8896K)->8412K(8896K)
[122.641s][info][gc             ] GC(408) Pause Young (Concurrent Start) (G1 Humongous Allocation) 556M->511M(1162M) 36.229ms
[122.641s][info][gc             ] GC(409) Concurrent Mark Cycle
[122.641s][info][gc,cpu         ] GC(408) User=0.83s Sys=0.00s Real=0.03s
[122.641s][info][gc,marking     ] GC(409) Concurrent Scan Root Regions
[122.648s][info][gc,marking     ] GC(409) Concurrent Scan Root Regions 6.717ms
[122.648s][info][gc,marking     ] GC(409) Concurrent Mark
[122.648s][info][gc,marking     ] GC(409) Concurrent Mark From Roots
[122.648s][info][gc,task        ] GC(409) Using 8 workers of 8 for marking
[122.680s][info][gc,marking     ] GC(409) Concurrent Mark From Roots 32.263ms
[122.680s][info][gc,marking     ] GC(409) Concurrent Preclean
[122.680s][info][gc,marking     ] GC(409) Concurrent Preclean 0.101ms
[122.680s][info][gc,start       ] GC(409) Pause Remark
[122.683s][info][gc             ] GC(409) Pause Remark 559M->332M(1144M) 2.634ms
[122.683s][info][gc,cpu         ] GC(409) User=0.00s Sys=0.02s Real=0.02s
[122.683s][info][gc,marking     ] GC(409) Concurrent Mark 35.361ms
[122.683s][info][gc,marking     ] GC(409) Concurrent Rebuild Remembered Sets and Scrub Regions
[122.705s][info][gc,marking     ] GC(409) Concurrent Rebuild Remembered Sets and Scrub Regions 21.861ms
[122.705s][info][gc,start       ] GC(409) Pause Cleanup
[122.706s][info][gc             ] GC(409) Pause Cleanup 356M->356M(1144M) 0.334ms
[122.706s][info][gc,cpu         ] GC(409) User=0.00s Sys=0.00s Real=0.00s
[122.706s][info][gc,marking     ] GC(409) Concurrent Clear Claimed Marks
[122.706s][info][gc,marking     ] GC(409) Concurrent Clear Claimed Marks 0.080ms
[122.706s][info][gc,marking     ] GC(409) Concurrent Cleanup for Next Mark
[122.707s][info][gc,marking     ] GC(409) Concurrent Cleanup for Next Mark 0.767ms
[122.707s][info][gc             ] GC(409) Concurrent Mark Cycle 65.584ms
[123.109s][info][gc,start       ] GC(410) Pause Young (Prepare Mixed) (G1 Evacuation Pause)
[123.109s][info][gc,task        ] GC(410) Using 27 workers of 33 for evacuation
[123.146s][info][gc,phases      ] GC(410)   Pre Evacuate Collection Set: 0.2ms
[123.146s][info][gc,phases      ] GC(410)   Merge Heap Roots: 0.7ms
[123.146s][info][gc,phases      ] GC(410)   Evacuate Collection Set: 35.3ms
[123.146s][info][gc,phases      ] GC(410)   Post Evacuate Collection Set: 0.8ms
[123.146s][info][gc,phases      ] GC(410)   Other: 0.1ms
[123.146s][info][gc,heap        ] GC(410) Eden regions: 435->0(514)
[123.146s][info][gc,heap        ] GC(410) Survivor regions: 14->57(57)
[123.146s][info][gc,heap        ] GC(410) Old regions: 271->284
[123.146s][info][gc,heap        ] GC(410) Archive regions: 0->0
[123.146s][info][gc,heap        ] GC(410) Humongous regions: 68->58
[123.146s][info][gc,metaspace   ] GC(410) Metaspace: 67947K(68992K)->67947K(68992K) NonClass: 59534K(60096K)->59534K(60096K) Class: 8413K(8896K)->8413K(8896K)
[123.146s][info][gc             ] GC(410) Pause Young (Prepare Mixed) (G1 Evacuation Pause) 777M->389M(1144M) 37.394ms
[123.146s][info][gc,cpu         ] GC(410) User=0.84s Sys=0.02s Real=0.05s
[123.577s][info][gc,start       ] GC(411) Pause Young (Mixed) (G1 Evacuation Pause)
[123.577s][info][gc,task        ] GC(411) Using 27 workers of 33 for evacuation
[123.615s][info][gc,phases      ] GC(411)   Pre Evacuate Collection Set: 0.3ms
[123.615s][info][gc,phases      ] GC(411)   Merge Heap Roots: 0.5ms
[123.615s][info][gc,phases      ] GC(411)   Evacuate Collection Set: 36.6ms
[123.615s][info][gc,phases      ] GC(411)   Post Evacuate Collection Set: 0.7ms
[123.615s][info][gc,phases      ] GC(411)   Other: 0.2ms
[123.615s][info][gc,heap        ] GC(411) Eden regions: 514->0(478)
[123.615s][info][gc,heap        ] GC(411) Survivor regions: 57->56(72)
[123.615s][info][gc,heap        ] GC(411) Old regions: 284->339
[123.615s][info][gc,heap        ] GC(411) Archive regions: 0->0
[123.615s][info][gc,heap        ] GC(411) Humongous regions: 78->73
[123.615s][info][gc,metaspace   ] GC(411) Metaspace: 68002K(68992K)->68002K(68992K) NonClass: 59588K(60096K)->59588K(60096K) Class: 8414K(8896K)->8414K(8896K)
[123.615s][info][gc             ] GC(411) Pause Young (Mixed) (G1 Evacuation Pause) 923M->456M(1144M) 38.571ms
[123.616s][info][gc,cpu         ] GC(411) User=0.84s Sys=0.00s Real=0.03s
[123.616s][info][gc,start       ] GC(412) Pause Young (Concurrent Start) (G1 Humongous Allocation)
[123.616s][info][gc,task        ] GC(412) Using 27 workers of 33 for evacuation
[123.627s][info][gc,phases      ] GC(412)   Pre Evacuate Collection Set: 0.3ms
[123.627s][info][gc,phases      ] GC(412)   Merge Heap Roots: 0.1ms
[123.627s][info][gc,phases      ] GC(412)   Evacuate Collection Set: 8.9ms
[123.627s][info][gc,phases      ] GC(412)   Post Evacuate Collection Set: 1.3ms
[123.627s][info][gc,phases      ] GC(412)   Other: 0.1ms
[123.627s][info][gc,heap        ] GC(412) Eden regions: 2->0(617)
[123.627s][info][gc,heap        ] GC(412) Survivor regions: 56->5(67)
[123.627s][info][gc,heap        ] GC(412) Old regions: 339->395
[123.627s][info][gc,heap        ] GC(412) Archive regions: 0->0
[123.627s][info][gc,heap        ] GC(412) Humongous regions: 73->73
[123.627s][info][gc,metaspace   ] GC(412) Metaspace: 68002K(68992K)->68002K(68992K) NonClass: 59588K(60096K)->59588K(60096K) Class: 8414K(8896K)->8414K(8896K)
[123.627s][info][gc             ] GC(412) Pause Young (Concurrent Start) (G1 Humongous Allocation) 458M->462M(1291M) 10.912ms
[123.627s][info][gc             ] GC(413) Concurrent Mark Cycle
[123.627s][info][gc,cpu         ] GC(412) User=0.42s Sys=0.00s Real=0.02s
[123.627s][info][gc,marking     ] GC(413) Concurrent Scan Root Regions
[123.631s][info][gc,marking     ] GC(413) Concurrent Scan Root Regions 4.387ms
[123.631s][info][gc,marking     ] GC(413) Concurrent Mark
[123.631s][info][gc,marking     ] GC(413) Concurrent Mark From Roots
[123.631s][info][gc,task        ] GC(413) Using 8 workers of 8 for marking
[123.662s][info][gc,marking     ] GC(413) Concurrent Mark From Roots 31.051ms
[123.662s][info][gc,marking     ] GC(413) Concurrent Preclean
[123.663s][info][gc,marking     ] GC(413) Concurrent Preclean 0.146ms
[123.663s][info][gc,start       ] GC(413) Pause Remark
[123.665s][info][gc             ] GC(413) Pause Remark 536M->368M(1264M) 2.317ms
[123.665s][info][gc,cpu         ] GC(413) User=0.00s Sys=0.00s Real=0.00s
[123.665s][info][gc,marking     ] GC(413) Concurrent Mark 33.850ms
[123.665s][info][gc,marking     ] GC(413) Concurrent Rebuild Remembered Sets and Scrub Regions
[123.686s][info][gc,marking     ] GC(413) Concurrent Rebuild Remembered Sets and Scrub Regions 21.227ms
[123.687s][info][gc,start       ] GC(413) Pause Cleanup
[123.687s][info][gc             ] GC(413) Pause Cleanup 391M->391M(1264M) 0.436ms
[123.687s][info][gc,cpu         ] GC(413) User=0.00s Sys=0.00s Real=0.00s
[123.687s][info][gc,marking     ] GC(413) Concurrent Clear Claimed Marks
[123.687s][info][gc,marking     ] GC(413) Concurrent Clear Claimed Marks 0.081ms
[123.687s][info][gc,marking     ] GC(413) Concurrent Cleanup for Next Mark
[123.688s][info][gc,marking     ] GC(413) Concurrent Cleanup for Next Mark 1.178ms
[123.688s][info][gc             ] GC(413) Concurrent Mark Cycle 61.611ms
[124.343s][info][gc,start       ] GC(414) Pause Young (Prepare Mixed) (G1 Evacuation Pause)
[124.343s][info][gc,task        ] GC(414) Using 30 workers of 33 for evacuation
[124.402s][info][gc,phases      ] GC(414)   Pre Evacuate Collection Set: 0.3ms
[124.402s][info][gc,phases      ] GC(414)   Merge Heap Roots: 1.1ms
[124.402s][info][gc,phases      ] GC(414)   Evacuate Collection Set: 56.4ms
[124.402s][info][gc,phases      ] GC(414)   Post Evacuate Collection Set: 0.9ms
[124.402s][info][gc,phases      ] GC(414)   Other: 0.2ms
[124.402s][info][gc,heap        ] GC(414) Eden regions: 617->0(628)
[124.402s][info][gc,heap        ] GC(414) Survivor regions: 5->73(78)
[124.402s][info][gc,heap        ] GC(414) Old regions: 281->281
[124.402s][info][gc,heap        ] GC(414) Archive regions: 0->0
[124.402s][info][gc,heap        ] GC(414) Humongous regions: 337->119
[124.402s][info][gc,metaspace   ] GC(414) Metaspace: 68073K(69056K)->68073K(69056K) NonClass: 59659K(60160K)->59659K(60160K) Class: 8414K(8896K)->8414K(8896K)
[124.402s][info][gc             ] GC(414) Pause Young (Prepare Mixed) (G1 Evacuation Pause) 1229M->462M(1313M) 59.241ms
[124.402s][info][gc,cpu         ] GC(414) User=1.13s Sys=0.73s Real=0.06s
[124.617s][info][gc,start       ] GC(415) Pause Full (System.gc())
[124.617s][info][gc,task        ] GC(415) Using 31 workers of 33 for full compaction
[124.619s][info][gc,phases,start] GC(415) Phase 1: Mark live objects
[124.646s][info][gc,phases      ] GC(415) Phase 1: Mark live objects 27.427ms
[124.646s][info][gc,phases,start] GC(415) Phase 2: Prepare compaction
[124.652s][info][gc,phases      ] GC(415) Phase 2: Prepare compaction 5.901ms
[124.652s][info][gc,phases,start] GC(415) Phase 3: Adjust pointers
[124.662s][info][gc,phases      ] GC(415) Phase 3: Adjust pointers 9.403ms
[124.662s][info][gc,phases,start] GC(415) Phase 4: Compact heap
[124.662s][info][gc,phases      ] GC(415) Phase 4: Compact heap 0.660ms
[124.672s][info][gc,heap        ] GC(415) Eden regions: 369->0(294)
[124.672s][info][gc,heap        ] GC(415) Survivor regions: 73->0(78)
[124.672s][info][gc,heap        ] GC(415) Old regions: 281->163
[124.672s][info][gc,heap        ] GC(415) Archive regions: 0->0
[124.672s][info][gc,heap        ] GC(415) Humongous regions: 122->10
[124.672s][info][gc,metaspace   ] GC(415) Metaspace: 68073K(69056K)->68073K(69056K) NonClass: 59659K(60160K)->59659K(60160K) Class: 8414K(8896K)->8414K(8896K)
[124.673s][info][gc             ] GC(415) Pause Full (System.gc()) 834M->149M(577M) 55.162ms
[124.673s][info][gc,cpu         ] GC(415) User=0.98s Sys=0.00s Real=0.05s
[124.708s][info][gc,start       ] GC(416) Pause Young (Concurrent Start) (G1 Humongous Allocation)
[124.708s][info][gc,task        ] GC(416) Using 22 workers of 33 for evacuation
[124.711s][info][gc,phases      ] GC(416)   Pre Evacuate Collection Set: 0.4ms
[124.711s][info][gc,phases      ] GC(416)   Merge Heap Roots: 0.1ms
[124.711s][info][gc,phases      ] GC(416)   Evacuate Collection Set: 1.0ms
[124.711s][info][gc,phases      ] GC(416)   Post Evacuate Collection Set: 0.7ms
[124.711s][info][gc,phases      ] GC(416)   Other: 0.1ms
[124.711s][info][gc,heap        ] GC(416) Eden regions: 18->0(305)
[124.711s][info][gc,heap        ] GC(416) Survivor regions: 0->8(37)
[124.711s][info][gc,heap        ] GC(416) Old regions: 163->163
[124.711s][info][gc,heap        ] GC(416) Archive regions: 0->0
[124.711s][info][gc,heap        ] GC(416) Humongous regions: 10->10
[124.711s][info][gc,metaspace   ] GC(416) Metaspace: 68074K(69056K)->68074K(69056K) NonClass: 59660K(60160K)->59660K(60160K) Class: 8414K(8896K)->8414K(8896K)
[124.711s][info][gc             ] GC(416) Pause Young (Concurrent Start) (G1 Humongous Allocation) 167M->156M(577M) 2.845ms
[124.711s][info][gc             ] GC(417) Concurrent Mark Cycle
[124.711s][info][gc,cpu         ] GC(416) User=0.00s Sys=0.00s Real=0.00s
[124.711s][info][gc,marking     ] GC(417) Concurrent Scan Root Regions
[124.712s][info][gc,marking     ] GC(417) Concurrent Scan Root Regions 0.951ms
[124.712s][info][gc,marking     ] GC(417) Concurrent Mark
[124.712s][info][gc,marking     ] GC(417) Concurrent Mark From Roots
[124.712s][info][gc,task        ] GC(417) Using 8 workers of 8 for marking
[124.755s][info][gc,marking     ] GC(417) Concurrent Mark From Roots 42.959ms
[124.755s][info][gc,marking     ] GC(417) Concurrent Preclean
[124.755s][info][gc,marking     ] GC(417) Concurrent Preclean 0.108ms
[124.755s][info][gc,start       ] GC(417) Pause Remark
[124.757s][info][gc             ] GC(417) Pause Remark 196M->196M(577M) 1.920ms
[124.757s][info][gc,cpu         ] GC(417) User=0.00s Sys=0.00s Real=0.00s
[124.757s][info][gc,marking     ] GC(417) Concurrent Mark 45.348ms
[124.757s][info][gc,marking     ] GC(417) Concurrent Rebuild Remembered Sets and Scrub Regions
[124.770s][info][gc,marking     ] GC(417) Concurrent Rebuild Remembered Sets and Scrub Regions 12.805ms
[124.780s][info][gc,start       ] GC(417) Pause Cleanup
[124.780s][info][gc             ] GC(417) Pause Cleanup 217M->217M(577M) 0.207ms
[124.780s][info][gc,cpu         ] GC(417) User=0.00s Sys=0.00s Real=0.00s
[124.780s][info][gc,marking     ] GC(417) Concurrent Clear Claimed Marks
[124.780s][info][gc,marking     ] GC(417) Concurrent Clear Claimed Marks 0.112ms
[124.780s][info][gc,marking     ] GC(417) Concurrent Cleanup for Next Mark
[124.781s][info][gc,marking     ] GC(417) Concurrent Cleanup for Next Mark 0.388ms
[124.781s][info][gc             ] GC(417) Concurrent Mark Cycle 69.868ms
[124.906s][info][gc,start       ] GC(418) Pause Young (Prepare Mixed) (G1 Evacuation Pause)
[124.906s][info][gc,task        ] GC(418) Using 17 workers of 33 for evacuation
[124.936s][info][gc,phases      ] GC(418)   Pre Evacuate Collection Set: 0.2ms
[124.936s][info][gc,phases      ] GC(418)   Merge Heap Roots: 0.2ms
[124.936s][info][gc,phases      ] GC(418)   Evacuate Collection Set: 28.7ms
[124.936s][info][gc,phases      ] GC(418)   Post Evacuate Collection Set: 0.6ms
[124.936s][info][gc,phases      ] GC(418)   Other: 0.1ms
[124.936s][info][gc,heap        ] GC(418) Eden regions: 305->0(214)
[124.936s][info][gc,heap        ] GC(418) Survivor regions: 8->40(40)
[124.936s][info][gc,heap        ] GC(418) Old regions: 163->205
[124.936s][info][gc,heap        ] GC(418) Archive regions: 0->0
[124.936s][info][gc,heap        ] GC(418) Humongous regions: 43->38
[124.936s][info][gc,metaspace   ] GC(418) Metaspace: 68086K(69056K)->68086K(69056K) NonClass: 59671K(60160K)->59671K(60160K) Class: 8415K(8896K)->8415K(8896K)
[124.936s][info][gc             ] GC(418) Pause Young (Prepare Mixed) (G1 Evacuation Pause) 494M->258M(601M) 30.131ms
[124.936s][info][gc,cpu         ] GC(418) User=0.28s Sys=0.00s Real=0.03s
[125.047s][info][gc,start       ] GC(419) Pause Young (Mixed) (G1 Evacuation Pause)
[125.047s][info][gc,task        ] GC(419) Using 15 workers of 33 for evacuation
[125.083s][info][gc,phases      ] GC(419)   Pre Evacuate Collection Set: 0.2ms
[125.083s][info][gc,phases      ] GC(419)   Merge Heap Roots: 0.3ms
[125.083s][info][gc,phases      ] GC(419)   Evacuate Collection Set: 35.0ms
[125.083s][info][gc,phases      ] GC(419)   Post Evacuate Collection Set: 0.4ms
[125.083s][info][gc,phases      ] GC(419)   Other: 0.2ms
[125.083s][info][gc,heap        ] GC(419) Eden regions: 214->0(192)
[125.083s][info][gc,heap        ] GC(419) Survivor regions: 40->28(32)
[125.083s][info][gc,heap        ] GC(419) Old regions: 205->244
[125.084s][info][gc,heap        ] GC(419) Archive regions: 0->0
[125.084s][info][gc,heap        ] GC(419) Humongous regions: 58->58
[125.084s][info][gc,metaspace   ] GC(419) Metaspace: 68086K(69056K)->68086K(69056K) NonClass: 59671K(60160K)->59671K(60160K) Class: 8415K(8896K)->8415K(8896K)
[125.084s][info][gc             ] GC(419) Pause Young (Mixed) (G1 Evacuation Pause) 492M->309M(601M) 36.710ms
[125.084s][info][gc,cpu         ] GC(419) User=0.47s Sys=0.00s Real=0.03s
[125.173s][info][gc,start       ] GC(420) Pause Young (Concurrent Start) (G1 Evacuation Pause)
[125.174s][info][gc,task        ] GC(420) Using 14 workers of 33 for evacuation
[125.201s][info][gc,phases      ] GC(420)   Pre Evacuate Collection Set: 0.4ms
[125.201s][info][gc,phases      ] GC(420)   Merge Heap Roots: 0.2ms
[125.201s][info][gc,phases      ] GC(420)   Evacuate Collection Set: 25.9ms
[125.201s][info][gc,phases      ] GC(420)   Post Evacuate Collection Set: 0.4ms
[125.201s][info][gc,phases      ] GC(420)   Other: 0.2ms
[125.201s][info][gc,heap        ] GC(420) Eden regions: 192->0(185)
[125.201s][info][gc,heap        ] GC(420) Survivor regions: 28->20(28)
[125.201s][info][gc,heap        ] GC(420) Old regions: 244->271
[125.201s][info][gc,heap        ] GC(420) Archive regions: 0->0
[125.201s][info][gc,heap        ] GC(420) Humongous regions: 58->58
[125.201s][info][gc,metaspace   ] GC(420) Metaspace: 68086K(69056K)->68086K(69056K) NonClass: 59671K(60160K)->59671K(60160K) Class: 8415K(8896K)->8415K(8896K)
[125.201s][info][gc             ] GC(420) Pause Young (Concurrent Start) (G1 Evacuation Pause) 501M->328M(601M) 27.453ms
[125.201s][info][gc             ] GC(421) Concurrent Mark Cycle
[125.201s][info][gc,cpu         ] GC(420) User=0.22s Sys=0.00s Real=0.02s
[125.201s][info][gc,marking     ] GC(421) Concurrent Scan Root Regions
[125.206s][info][gc,marking     ] GC(421) Concurrent Scan Root Regions 4.975ms
[125.206s][info][gc,marking     ] GC(421) Concurrent Mark
[125.206s][info][gc,marking     ] GC(421) Concurrent Mark From Roots
[125.206s][info][gc,task        ] GC(421) Using 8 workers of 8 for marking
[125.260s][info][gc,marking     ] GC(421) Concurrent Mark From Roots 54.024ms
[125.260s][info][gc,marking     ] GC(421) Concurrent Preclean
[125.260s][info][gc,marking     ] GC(421) Concurrent Preclean 0.123ms
[125.260s][info][gc,start       ] GC(421) Pause Remark
[125.263s][info][gc             ] GC(421) Pause Remark 422M->398M(699M) 2.481ms
[125.263s][info][gc,cpu         ] GC(421) User=0.00s Sys=0.00s Real=0.00s
[125.263s][info][gc,marking     ] GC(421) Concurrent Mark 56.968ms
[125.263s][info][gc,marking     ] GC(421) Concurrent Rebuild Remembered Sets and Scrub Regions
[125.310s][info][gc,marking     ] GC(421) Concurrent Rebuild Remembered Sets and Scrub Regions 46.469ms
[125.310s][info][gc,start       ] GC(421) Pause Cleanup
[125.310s][info][gc             ] GC(421) Pause Cleanup 470M->470M(699M) 0.282ms
[125.310s][info][gc,cpu         ] GC(421) User=0.00s Sys=0.00s Real=0.00s
[125.310s][info][gc,marking     ] GC(421) Concurrent Clear Claimed Marks
[125.310s][info][gc,marking     ] GC(421) Concurrent Clear Claimed Marks 0.079ms
[125.310s][info][gc,marking     ] GC(421) Concurrent Cleanup for Next Mark
[125.311s][info][gc,marking     ] GC(421) Concurrent Cleanup for Next Mark 0.822ms
[125.311s][info][gc             ] GC(421) Concurrent Mark Cycle 110.034ms
[125.334s][info][gc,start       ] GC(422) Pause Young (Prepare Mixed) (G1 Evacuation Pause)
[125.334s][info][gc,task        ] GC(422) Using 16 workers of 33 for evacuation
[125.357s][info][gc,phases      ] GC(422)   Pre Evacuate Collection Set: 0.2ms
[125.357s][info][gc,phases      ] GC(422)   Merge Heap Roots: 0.6ms
[125.357s][info][gc,phases      ] GC(422)   Evacuate Collection Set: 21.3ms
[125.357s][info][gc,phases      ] GC(422)   Post Evacuate Collection Set: 0.4ms
[125.357s][info][gc,phases      ] GC(422)   Other: 0.2ms
[125.357s][info][gc,heap        ] GC(422) Eden regions: 185->0(246)
[125.357s][info][gc,heap        ] GC(422) Survivor regions: 20->19(26)
[125.357s][info][gc,heap        ] GC(422) Old regions: 271->290
[125.357s][info][gc,heap        ] GC(422) Archive regions: 0->0
[125.357s][info][gc,heap        ] GC(422) Humongous regions: 54->54
[125.357s][info][gc,metaspace   ] GC(422) Metaspace: 68086K(69056K)->68086K(69056K) NonClass: 59671K(60160K)->59671K(60160K) Class: 8415K(8896K)->8415K(8896K)
[125.357s][info][gc             ] GC(422) Pause Young (Prepare Mixed) (G1 Evacuation Pause) 509M->342M(699M) 23.068ms
[125.357s][info][gc,cpu         ] GC(422) User=0.50s Sys=0.00s Real=0.02s
[125.473s][info][gc,start       ] GC(423) Pause Young (Mixed) (G1 Evacuation Pause)
[125.473s][info][gc,task        ] GC(423) Using 16 workers of 33 for evacuation
[125.500s][info][gc,phases      ] GC(423)   Pre Evacuate Collection Set: 0.2ms
[125.500s][info][gc,phases      ] GC(423)   Merge Heap Roots: 0.2ms
[125.500s][info][gc,phases      ] GC(423)   Evacuate Collection Set: 21.8ms
[125.500s][info][gc,phases      ] GC(423)   Post Evacuate Collection Set: 4.1ms
[125.500s][info][gc,phases      ] GC(423)   Other: 0.2ms
[125.500s][info][gc,heap        ] GC(423) Eden regions: 246->0(613)
[125.500s][info][gc,heap        ] GC(423) Survivor regions: 19->34(34)
[125.500s][info][gc,heap        ] GC(423) Old regions: 290->288
[125.500s][info][gc,heap        ] GC(423) Archive regions: 0->0
[125.500s][info][gc,heap        ] GC(423) Humongous regions: 54->54
[125.500s][info][gc,metaspace   ] GC(423) Metaspace: 68086K(69056K)->68086K(69056K) NonClass: 59671K(60160K)->59671K(60160K) Class: 8415K(8896K)->8415K(8896K)
[125.500s][info][gc             ] GC(423) Pause Young (Mixed) (G1 Evacuation Pause) 588M->360M(1164M) 26.857ms
[125.500s][info][gc,cpu         ] GC(423) User=0.50s Sys=0.00s Real=0.03s
[125.892s][info][gc,start       ] GC(424) Pause Young (Concurrent Start) (G1 Humongous Allocation)
[125.892s][info][gc,task        ] GC(424) Using 27 workers of 33 for evacuation
[125.921s][info][gc,phases      ] GC(424)   Pre Evacuate Collection Set: 0.4ms
[125.921s][info][gc,phases      ] GC(424)   Merge Heap Roots: 0.4ms
[125.921s][info][gc,phases      ] GC(424)   Evacuate Collection Set: 27.4ms
[125.921s][info][gc,phases      ] GC(424)   Post Evacuate Collection Set: 0.6ms
[125.921s][info][gc,phases      ] GC(424)   Other: 0.2ms
[125.921s][info][gc,heap        ] GC(424) Eden regions: 523->0(605)
[125.921s][info][gc,heap        ] GC(424) Survivor regions: 34->63(81)
[125.921s][info][gc,heap        ] GC(424) Old regions: 288->288
[125.921s][info][gc,heap        ] GC(424) Archive regions: 0->0
[125.921s][info][gc,heap        ] GC(424) Humongous regions: 54->54
[125.921s][info][gc,metaspace   ] GC(424) Metaspace: 68086K(69056K)->68086K(69056K) NonClass: 59671K(60160K)->59671K(60160K) Class: 8415K(8896K)->8415K(8896K)
[125.921s][info][gc             ] GC(424) Pause Young (Concurrent Start) (G1 Humongous Allocation) 883M->389M(1164M) 29.432ms
[125.921s][info][gc             ] GC(425) Concurrent Mark Cycle
[125.921s][info][gc,cpu         ] GC(424) User=0.84s Sys=0.00s Real=0.03s
[125.921s][info][gc,marking     ] GC(425) Concurrent Scan Root Regions
[125.929s][info][gc,marking     ] GC(425) Concurrent Scan Root Regions 7.706ms
[125.929s][info][gc,marking     ] GC(425) Concurrent Mark
[125.929s][info][gc,marking     ] GC(425) Concurrent Mark From Roots
[125.929s][info][gc,task        ] GC(425) Using 8 workers of 8 for marking
[125.976s][info][gc,marking     ] GC(425) Concurrent Mark From Roots 46.812ms
[125.976s][info][gc,marking     ] GC(425) Concurrent Preclean
[125.976s][info][gc,marking     ] GC(425) Concurrent Preclean 0.178ms
[125.976s][info][gc,start       ] GC(425) Pause Remark
[125.979s][info][gc             ] GC(425) Pause Remark 393M->321M(1127M) 2.203ms
[125.979s][info][gc,cpu         ] GC(425) User=0.00s Sys=0.00s Real=0.00s
[125.979s][info][gc,marking     ] GC(425) Concurrent Mark 49.591ms
[125.979s][info][gc,marking     ] GC(425) Concurrent Rebuild Remembered Sets and Scrub Regions
[126.016s][info][gc,marking     ] GC(425) Concurrent Rebuild Remembered Sets and Scrub Regions 37.284ms
[126.016s][info][gc,start       ] GC(425) Pause Cleanup
[126.017s][info][gc             ] GC(425) Pause Cleanup 321M->321M(1127M) 0.461ms
[126.017s][info][gc,cpu         ] GC(425) User=0.00s Sys=0.00s Real=0.00s
[126.017s][info][gc,marking     ] GC(425) Concurrent Clear Claimed Marks
[126.017s][info][gc,marking     ] GC(425) Concurrent Clear Claimed Marks 0.108ms
[126.017s][info][gc,marking     ] GC(425) Concurrent Cleanup for Next Mark
[126.019s][info][gc,marking     ] GC(425) Concurrent Cleanup for Next Mark 2.214ms
[126.019s][info][gc             ] GC(425) Concurrent Mark Cycle 97.900ms
[126.882s][info][gc,start       ] GC(426) Pause Young (Prepare Mixed) (G1 Evacuation Pause)
[126.882s][info][gc,task        ] GC(426) Using 27 workers of 33 for evacuation
[126.960s][info][gc,phases      ] GC(426)   Pre Evacuate Collection Set: 0.2ms
[126.960s][info][gc,phases      ] GC(426)   Merge Heap Roots: 0.9ms
[126.960s][info][gc,phases      ] GC(426)   Evacuate Collection Set: 76.3ms
[126.960s][info][gc,phases      ] GC(426)   Post Evacuate Collection Set: 0.9ms
[126.960s][info][gc,phases      ] GC(426)   Other: 0.1ms
[126.960s][info][gc,heap        ] GC(426) Eden regions: 605->0(488)
[126.960s][info][gc,heap        ] GC(426) Survivor regions: 63->84(84)
[126.960s][info][gc,heap        ] GC(426) Old regions: 240->334
[126.960s][info][gc,heap        ] GC(426) Archive regions: 0->0
[126.960s][info][gc,heap        ] GC(426) Humongous regions: 115->110
[126.960s][info][gc,metaspace   ] GC(426) Metaspace: 68088K(69056K)->68088K(69056K) NonClass: 59673K(60160K)->59673K(60160K) Class: 8415K(8896K)->8415K(8896K)
[126.960s][info][gc             ] GC(426) Pause Young (Prepare Mixed) (G1 Evacuation Pause) 1007M->512M(1201M) 78.792ms
[126.960s][info][gc,cpu         ] GC(426) User=1.89s Sys=0.22s Real=0.08s
[127.226s][info][gc,start       ] GC(427) Pause Young (Mixed) (G1 Evacuation Pause)
[127.226s][info][gc,task        ] GC(427) Using 28 workers of 33 for evacuation
[127.281s][info][gc,phases      ] GC(427)   Pre Evacuate Collection Set: 0.3ms
[127.281s][info][gc,phases      ] GC(427)   Merge Heap Roots: 1.1ms
[127.282s][info][gc,phases      ] GC(427)   Evacuate Collection Set: 52.9ms
[127.282s][info][gc,phases      ] GC(427)   Post Evacuate Collection Set: 0.7ms
[127.282s][info][gc,phases      ] GC(427)   Other: 0.2ms
[127.282s][info][gc,heap        ] GC(427) Eden regions: 488->0(439)
[127.282s][info][gc,heap        ] GC(427) Survivor regions: 84->56(72)
[127.282s][info][gc,heap        ] GC(427) Old regions: 334->409
[127.282s][info][gc,heap        ] GC(427) Archive regions: 0->0
[127.282s][info][gc,heap        ] GC(427) Humongous regions: 142->142
[127.282s][info][gc,metaspace   ] GC(427) Metaspace: 68090K(69056K)->68090K(69056K) NonClass: 59675K(60160K)->59675K(60160K) Class: 8415K(8896K)->8415K(8896K)
[127.282s][info][gc             ] GC(427) Pause Young (Mixed) (G1 Evacuation Pause) 1032M->596M(1201M) 55.570ms
[127.282s][info][gc,cpu         ] GC(427) User=1.31s Sys=0.00s Real=0.05s
[127.496s][info][gc,start       ] GC(428) Pause Young (Concurrent Start) (G1 Evacuation Pause)
[127.496s][info][gc,task        ] GC(428) Using 28 workers of 33 for evacuation
[127.528s][info][gc,phases      ] GC(428)   Pre Evacuate Collection Set: 0.5ms
[127.528s][info][gc,phases      ] GC(428)   Merge Heap Roots: 0.4ms
[127.528s][info][gc,phases      ] GC(428)   Evacuate Collection Set: 30.2ms
[127.528s][info][gc,phases      ] GC(428)   Post Evacuate Collection Set: 0.6ms
[127.528s][info][gc,phases      ] GC(428)   Other: 0.1ms
[127.528s][info][gc,heap        ] GC(428) Eden regions: 439->0(431)
[127.528s][info][gc,heap        ] GC(428) Survivor regions: 56->36(62)
[127.528s][info][gc,heap        ] GC(428) Old regions: 409->458
[127.528s][info][gc,heap        ] GC(428) Archive regions: 0->0
[127.528s][info][gc,heap        ] GC(428) Humongous regions: 142->142
[127.528s][info][gc,metaspace   ] GC(428) Metaspace: 68090K(69056K)->68090K(69056K) NonClass: 59675K(60160K)->59675K(60160K) Class: 8415K(8896K)->8415K(8896K)
[127.528s][info][gc             ] GC(428) Pause Young (Concurrent Start) (G1 Evacuation Pause) 1035M->626M(1201M) 32.245ms
[127.528s][info][gc             ] GC(429) Concurrent Mark Cycle
[127.528s][info][gc,cpu         ] GC(428) User=0.88s Sys=0.00s Real=0.03s
[127.528s][info][gc,marking     ] GC(429) Concurrent Scan Root Regions
[127.536s][info][gc,marking     ] GC(429) Concurrent Scan Root Regions 7.616ms
[127.536s][info][gc,marking     ] GC(429) Concurrent Mark
[127.536s][info][gc,marking     ] GC(429) Concurrent Mark From Roots
[127.536s][info][gc,task        ] GC(429) Using 8 workers of 8 for marking
[127.593s][info][gc,marking     ] GC(429) Concurrent Mark From Roots 57.031ms
[127.593s][info][gc,marking     ] GC(429) Concurrent Preclean
[127.593s][info][gc,marking     ] GC(429) Concurrent Preclean 0.163ms
[127.593s][info][gc,start       ] GC(429) Pause Remark
[127.596s][info][gc             ] GC(429) Pause Remark 723M->531M(1201M) 2.605ms
[127.596s][info][gc,cpu         ] GC(429) User=0.02s Sys=0.00s Real=0.02s
[127.596s][info][gc,marking     ] GC(429) Concurrent Mark 60.175ms
[127.596s][info][gc,marking     ] GC(429) Concurrent Rebuild Remembered Sets and Scrub Regions
[127.646s][info][gc,marking     ] GC(429) Concurrent Rebuild Remembered Sets and Scrub Regions 49.749ms
[127.646s][info][gc,start       ] GC(429) Pause Cleanup
[127.646s][info][gc             ] GC(429) Pause Cleanup 613M->613M(1201M) 0.476ms
[127.646s][info][gc,cpu         ] GC(429) User=0.00s Sys=0.00s Real=0.00s
[127.646s][info][gc,marking     ] GC(429) Concurrent Clear Claimed Marks
[127.646s][info][gc,marking     ] GC(429) Concurrent Clear Claimed Marks 0.093ms
[127.646s][info][gc,marking     ] GC(429) Concurrent Cleanup for Next Mark
[127.647s][info][gc,marking     ] GC(429) Concurrent Cleanup for Next Mark 0.852ms
[127.647s][info][gc             ] GC(429) Concurrent Mark Cycle 119.431ms
[128.474s][info][gc,start       ] GC(430) Pause Young (Prepare Mixed) (G1 Evacuation Pause)
[128.474s][info][gc,task        ] GC(430) Using 28 workers of 33 for evacuation
[128.518s][info][gc,phases      ] GC(430)   Pre Evacuate Collection Set: 0.3ms
[128.519s][info][gc,phases      ] GC(430)   Merge Heap Roots: 0.7ms
[128.519s][info][gc,phases      ] GC(430)   Evacuate Collection Set: 42.6ms
[128.519s][info][gc,phases      ] GC(430)   Post Evacuate Collection Set: 0.8ms
[128.519s][info][gc,phases      ] GC(430)   Other: 0.2ms
[128.519s][info][gc,heap        ] GC(430) Eden regions: 431->0(509)
[128.519s][info][gc,heap        ] GC(430) Survivor regions: 36->51(59)
[128.519s][info][gc,heap        ] GC(430) Old regions: 366->396
[128.519s][info][gc,heap        ] GC(430) Archive regions: 0->0
[128.519s][info][gc,heap        ] GC(430) Humongous regions: 91->86
[128.519s][info][gc,metaspace   ] GC(430) Metaspace: 68096K(69120K)->68096K(69120K) NonClass: 59681K(60224K)->59681K(60224K) Class: 8415K(8896K)->8415K(8896K)
[128.519s][info][gc             ] GC(430) Pause Young (Prepare Mixed) (G1 Evacuation Pause) 914M->523M(1201M) 44.976ms
[128.519s][info][gc,cpu         ] GC(430) User=1.31s Sys=0.00s Real=0.05s
[129.086s][info][gc,start       ] GC(431) Pause Young (Mixed) (G1 Evacuation Pause)
[129.086s][info][gc,task        ] GC(431) Using 28 workers of 33 for evacuation
[129.139s][info][gc,phases      ] GC(431)   Pre Evacuate Collection Set: 0.3ms
[129.139s][info][gc,phases      ] GC(431)   Merge Heap Roots: 0.9ms
[129.139s][info][gc,phases      ] GC(431)   Evacuate Collection Set: 50.4ms
[129.139s][info][gc,phases      ] GC(431)   Post Evacuate Collection Set: 0.8ms
[129.139s][info][gc,phases      ] GC(431)   Other: 0.2ms
[129.139s][info][gc,heap        ] GC(431) Eden regions: 509->0(443)
[129.139s][info][gc,heap        ] GC(431) Survivor regions: 51->68(70)
[129.139s][info][gc,heap        ] GC(431) Old regions: 396->414
[129.139s][info][gc,heap        ] GC(431) Archive regions: 0->0
[129.139s][info][gc,heap        ] GC(431) Humongous regions: 144->134
[129.139s][info][gc,metaspace   ] GC(431) Metaspace: 68112K(69120K)->68112K(69120K) NonClass: 59695K(60224K)->59695K(60224K) Class: 8417K(8896K)->8417K(8896K)
[129.139s][info][gc             ] GC(431) Pause Young (Mixed) (G1 Evacuation Pause) 1090M->605M(1219M) 52.940ms
[129.139s][info][gc,cpu         ] GC(431) User=1.25s Sys=0.06s Real=0.05s
[129.292s][info][gc,start       ] GC(432) Pause Young (Concurrent Start) (G1 Humongous Allocation)
[129.293s][info][gc,task        ] GC(432) Using 29 workers of 33 for evacuation
[129.316s][info][gc,phases      ] GC(432)   Pre Evacuate Collection Set: 0.5ms
[129.316s][info][gc,phases      ] GC(432)   Merge Heap Roots: 0.3ms
[129.316s][info][gc,phases      ] GC(432)   Evacuate Collection Set: 20.6ms
[129.316s][info][gc,phases      ] GC(432)   Post Evacuate Collection Set: 1.4ms
[129.316s][info][gc,phases      ] GC(432)   Other: 0.1ms
[129.316s][info][gc,heap        ] GC(432) Eden regions: 82->0(564)
[129.316s][info][gc,heap        ] GC(432) Survivor regions: 68->10(64)
[129.316s][info][gc,heap        ] GC(432) Old regions: 414->481
[129.316s][info][gc,heap        ] GC(432) Archive regions: 0->0
[129.316s][info][gc,heap        ] GC(432) Humongous regions: 134->134
[129.316s][info][gc,metaspace   ] GC(432) Metaspace: 68118K(69120K)->68118K(69120K) NonClass: 59701K(60224K)->59701K(60224K) Class: 8417K(8896K)->8417K(8896K)
[129.316s][info][gc             ] GC(432) Pause Young (Concurrent Start) (G1 Humongous Allocation) 686M->614M(1336M) 23.266ms
[129.316s][info][gc             ] GC(433) Concurrent Mark Cycle
[129.316s][info][gc,cpu         ] GC(432) User=0.47s Sys=0.00s Real=0.02s
[129.316s][info][gc,marking     ] GC(433) Concurrent Scan Root Regions
[129.320s][info][gc,marking     ] GC(433) Concurrent Scan Root Regions 4.244ms
[129.320s][info][gc,marking     ] GC(433) Concurrent Mark
[129.320s][info][gc,marking     ] GC(433) Concurrent Mark From Roots
[129.320s][info][gc,task        ] GC(433) Using 8 workers of 8 for marking
[129.349s][info][gc,marking     ] GC(433) Concurrent Mark From Roots 29.358ms
[129.350s][info][gc,marking     ] GC(433) Concurrent Preclean
[129.350s][info][gc,marking     ] GC(433) Concurrent Preclean 0.092ms
[129.350s][info][gc,start       ] GC(433) Pause Remark
[129.352s][info][gc             ] GC(433) Pause Remark 636M->305M(1054M) 2.672ms
[129.353s][info][gc,cpu         ] GC(433) User=0.00s Sys=0.00s Real=0.00s
[129.353s][info][gc,marking     ] GC(433) Concurrent Mark 32.453ms
[129.353s][info][gc,marking     ] GC(433) Concurrent Rebuild Remembered Sets and Scrub Regions
[129.369s][info][gc,marking     ] GC(433) Concurrent Rebuild Remembered Sets and Scrub Regions 16.857ms
[129.370s][info][gc,start       ] GC(433) Pause Cleanup
[129.370s][info][gc             ] GC(433) Pause Cleanup 338M->338M(1054M) 0.382ms
[129.370s][info][gc,cpu         ] GC(433) User=0.02s Sys=0.00s Real=0.02s
[129.370s][info][gc,marking     ] GC(433) Concurrent Clear Claimed Marks
[129.370s][info][gc,marking     ] GC(433) Concurrent Clear Claimed Marks 0.152ms
[129.370s][info][gc,marking     ] GC(433) Concurrent Cleanup for Next Mark
[129.371s][info][gc,marking     ] GC(433) Concurrent Cleanup for Next Mark 0.733ms
[129.371s][info][gc             ] GC(433) Concurrent Mark Cycle 55.283ms
[129.934s][info][gc,start       ] GC(434) Pause Young (Prepare Mixed) (G1 Evacuation Pause)
[129.934s][info][gc,task        ] GC(434) Using 27 workers of 33 for evacuation
[129.981s][info][gc,phases      ] GC(434)   Pre Evacuate Collection Set: 0.3ms
[129.981s][info][gc,phases      ] GC(434)   Merge Heap Roots: 0.4ms
[129.981s][info][gc,phases      ] GC(434)   Evacuate Collection Set: 45.1ms
[129.981s][info][gc,phases      ] GC(434)   Post Evacuate Collection Set: 0.7ms
[129.981s][info][gc,phases      ] GC(434)   Other: 0.2ms
[129.981s][info][gc,heap        ] GC(434) Eden regions: 564->0(476)
[129.981s][info][gc,heap        ] GC(434) Survivor regions: 10->72(72)
[129.981s][info][gc,heap        ] GC(434) Old regions: 274->275
[129.981s][info][gc,heap        ] GC(434) Archive regions: 0->0
[129.981s][info][gc,heap        ] GC(434) Humongous regions: 142->95
[129.981s][info][gc,metaspace   ] GC(434) Metaspace: 68132K(69120K)->68132K(69120K) NonClass: 59715K(60224K)->59715K(60224K) Class: 8417K(8896K)->8417K(8896K)
[129.981s][info][gc             ] GC(434) Pause Young (Prepare Mixed) (G1 Evacuation Pause) 979M->431M(1063M) 47.039ms
[129.981s][info][gc,cpu         ] GC(434) User=1.23s Sys=0.03s Real=0.05s
[130.357s][info][gc,start       ] GC(435) Pause Young (Mixed) (G1 Evacuation Pause)
[130.357s][info][gc,task        ] GC(435) Using 26 workers of 33 for evacuation
[130.431s][info][gc,phases      ] GC(435)   Pre Evacuate Collection Set: 0.3ms
[130.431s][info][gc,phases      ] GC(435)   Merge Heap Roots: 0.9ms
[130.431s][info][gc,phases      ] GC(435)   Evacuate Collection Set: 71.0ms
[130.431s][info][gc,phases      ] GC(435)   Post Evacuate Collection Set: 0.7ms
[130.431s][info][gc,phases      ] GC(435)   Other: 0.2ms
[130.431s][info][gc,heap        ] GC(435) Eden regions: 406->0(512)
[130.431s][info][gc,heap        ] GC(435) Survivor regions: 72->59(69)
[130.431s][info][gc,heap        ] GC(435) Old regions: 275->331
[130.431s][info][gc,heap        ] GC(435) Archive regions: 0->0
[130.431s][info][gc,heap        ] GC(435) Humongous regions: 310->125
[130.431s][info][gc,metaspace   ] GC(435) Metaspace: 68133K(69120K)->68133K(69120K) NonClass: 59716K(60224K)->59716K(60224K) Class: 8417K(8896K)->8417K(8896K)
[130.431s][info][gc             ] GC(435) Pause Young (Mixed) (G1 Evacuation Pause) 1052M->504M(1193M) 73.473ms
[130.431s][info][gc,cpu         ] GC(435) User=1.94s Sys=0.09s Real=0.08s
[130.536s][info][gc,start       ] GC(436) Pause Young (Concurrent Start) (G1 Humongous Allocation)
[130.536s][info][gc,task        ] GC(436) Using 28 workers of 33 for evacuation
[130.562s][info][gc,phases      ] GC(436)   Pre Evacuate Collection Set: 0.6ms
[130.562s][info][gc,phases      ] GC(436)   Merge Heap Roots: 0.3ms
[130.562s][info][gc,phases      ] GC(436)   Evacuate Collection Set: 24.3ms
[130.562s][info][gc,phases      ] GC(436)   Post Evacuate Collection Set: 0.6ms
[130.562s][info][gc,phases      ] GC(436)   Other: 0.1ms
[130.562s][info][gc,heap        ] GC(436) Eden regions: 232->0(541)
[130.562s][info][gc,heap        ] GC(436) Survivor regions: 59->2(72)
[130.562s][info][gc,heap        ] GC(436) Old regions: 331->390
[130.562s][info][gc,heap        ] GC(436) Archive regions: 0->0
[130.562s][info][gc,heap        ] GC(436) Humongous regions: 125->125
[130.562s][info][gc,metaspace   ] GC(436) Metaspace: 68133K(69120K)->68133K(69120K) NonClass: 59716K(60224K)->59716K(60224K) Class: 8417K(8896K)->8417K(8896K)
[130.562s][info][gc             ] GC(436) Pause Young (Concurrent Start) (G1 Humongous Allocation) 736M->506M(1193M) 26.216ms
[130.562s][info][gc             ] GC(437) Concurrent Mark Cycle
[130.562s][info][gc,cpu         ] GC(436) User=0.86s Sys=0.02s Real=0.03s
[130.562s][info][gc,marking     ] GC(437) Concurrent Scan Root Regions
[130.567s][info][gc,marking     ] GC(437) Concurrent Scan Root Regions 4.460ms
[130.567s][info][gc,marking     ] GC(437) Concurrent Mark
[130.567s][info][gc,marking     ] GC(437) Concurrent Mark From Roots
[130.567s][info][gc,task        ] GC(437) Using 8 workers of 8 for marking
[130.597s][info][gc,marking     ] GC(437) Concurrent Mark From Roots 30.139ms
[130.597s][info][gc,marking     ] GC(437) Concurrent Preclean
[130.597s][info][gc,marking     ] GC(437) Concurrent Preclean 0.173ms
[130.597s][info][gc,start       ] GC(437) Pause Remark
[130.600s][info][gc             ] GC(437) Pause Remark 548M->349M(1193M) 2.628ms
[130.600s][info][gc,cpu         ] GC(437) User=0.02s Sys=0.00s Real=0.02s
[130.600s][info][gc,marking     ] GC(437) Concurrent Mark 33.317ms
[130.600s][info][gc,marking     ] GC(437) Concurrent Rebuild Remembered Sets and Scrub Regions
[130.618s][info][gc,marking     ] GC(437) Concurrent Rebuild Remembered Sets and Scrub Regions 18.380ms
[130.619s][info][gc,start       ] GC(437) Pause Cleanup
[130.619s][info][gc             ] GC(437) Pause Cleanup 374M->374M(1193M) 0.435ms
[130.619s][info][gc,cpu         ] GC(437) User=0.00s Sys=0.00s Real=0.00s
[130.619s][info][gc,marking     ] GC(437) Concurrent Clear Claimed Marks
[130.619s][info][gc,marking     ] GC(437) Concurrent Clear Claimed Marks 0.112ms
[130.619s][info][gc,marking     ] GC(437) Concurrent Cleanup for Next Mark
[130.620s][info][gc,marking     ] GC(437) Concurrent Cleanup for Next Mark 0.944ms
[130.620s][info][gc             ] GC(437) Concurrent Mark Cycle 58.155ms
[130.702s][info][gc,start       ] GC(438) Pause Full (System.gc())
[130.702s][info][gc,task        ] GC(438) Using 28 workers of 33 for full compaction
[130.703s][info][gc,phases,start] GC(438) Phase 1: Mark live objects
[130.734s][info][gc,phases      ] GC(438) Phase 1: Mark live objects 30.586ms
[130.734s][info][gc,phases,start] GC(438) Phase 2: Prepare compaction
[130.739s][info][gc,phases      ] GC(438) Phase 2: Prepare compaction 5.163ms
[130.739s][info][gc,phases,start] GC(438) Phase 3: Adjust pointers
[130.748s][info][gc,phases      ] GC(438) Phase 3: Adjust pointers 9.316ms
[130.748s][info][gc,phases,start] GC(438) Phase 4: Compact heap
[130.749s][info][gc,phases      ] GC(438) Phase 4: Compact heap 0.668ms
[130.758s][info][gc,heap        ] GC(438) Eden regions: 186->0(312)
[130.758s][info][gc,heap        ] GC(438) Survivor regions: 2->0(72)
[130.758s][info][gc,heap        ] GC(438) Old regions: 300->160
[130.758s][info][gc,heap        ] GC(438) Archive regions: 0->0
[130.758s][info][gc,heap        ] GC(438) Humongous regions: 19->10
[130.758s][info][gc,metaspace   ] GC(438) Metaspace: 68133K(69120K)->68133K(69120K) NonClass: 59716K(60224K)->59716K(60224K) Class: 8417K(8896K)->8417K(8896K)
[130.758s][info][gc             ] GC(438) Pause Full (System.gc()) 495M->149M(567M) 56.679ms
[130.758s][info][gc,cpu         ] GC(438) User=1.33s Sys=0.00s Real=0.07s
[130.789s][info][gc,start       ] GC(439) Pause Young (Concurrent Start) (G1 Humongous Allocation)
[130.789s][info][gc,task        ] GC(439) Using 20 workers of 33 for evacuation
[130.792s][info][gc,phases      ] GC(439)   Pre Evacuate Collection Set: 0.5ms
[130.792s][info][gc,phases      ] GC(439)   Merge Heap Roots: 0.1ms
[130.792s][info][gc,phases      ] GC(439)   Evacuate Collection Set: 1.0ms
[130.792s][info][gc,phases      ] GC(439)   Post Evacuate Collection Set: 0.6ms
[130.792s][info][gc,phases      ] GC(439)   Other: 0.1ms
[130.792s][info][gc,heap        ] GC(439) Eden regions: 17->0(324)
[130.792s][info][gc,heap        ] GC(439) Survivor regions: 0->3(39)
[130.792s][info][gc,heap        ] GC(439) Old regions: 160->160
[130.792s][info][gc,heap        ] GC(439) Archive regions: 0->0
[130.792s][info][gc,heap        ] GC(439) Humongous regions: 10->10
[130.792s][info][gc,metaspace   ] GC(439) Metaspace: 68134K(69120K)->68134K(69120K) NonClass: 59717K(60224K)->59717K(60224K) Class: 8417K(8896K)->8417K(8896K)
[130.792s][info][gc             ] GC(439) Pause Young (Concurrent Start) (G1 Humongous Allocation) 165M->151M(567M) 2.791ms
[130.792s][info][gc             ] GC(440) Concurrent Mark Cycle
[130.792s][info][gc,cpu         ] GC(439) User=0.00s Sys=0.00s Real=0.00s
[130.792s][info][gc,marking     ] GC(440) Concurrent Scan Root Regions
[130.794s][info][gc,marking     ] GC(440) Concurrent Scan Root Regions 1.282ms
[130.794s][info][gc,marking     ] GC(440) Concurrent Mark
[130.794s][info][gc,marking     ] GC(440) Concurrent Mark From Roots
[130.794s][info][gc,task        ] GC(440) Using 8 workers of 8 for marking
[130.837s][info][gc,marking     ] GC(440) Concurrent Mark From Roots 43.015ms
[130.837s][info][gc,marking     ] GC(440) Concurrent Preclean
[130.837s][info][gc,marking     ] GC(440) Concurrent Preclean 0.094ms
[130.837s][info][gc,start       ] GC(440) Pause Remark
[130.839s][info][gc             ] GC(440) Pause Remark 185M->185M(567M) 1.812ms
[130.839s][info][gc,cpu         ] GC(440) User=0.00s Sys=0.00s Real=0.00s
[130.839s][info][gc,marking     ] GC(440) Concurrent Mark 45.255ms
[130.839s][info][gc,marking     ] GC(440) Concurrent Rebuild Remembered Sets and Scrub Regions
[130.852s][info][gc,marking     ] GC(440) Concurrent Rebuild Remembered Sets and Scrub Regions 12.840ms
[130.852s][info][gc,start       ] GC(440) Pause Cleanup
[130.852s][info][gc             ] GC(440) Pause Cleanup 208M->208M(567M) 0.227ms
[130.852s][info][gc,cpu         ] GC(440) User=0.00s Sys=0.00s Real=0.00s
[130.852s][info][gc,marking     ] GC(440) Concurrent Clear Claimed Marks
[130.852s][info][gc,marking     ] GC(440) Concurrent Clear Claimed Marks 0.108ms
[130.852s][info][gc,marking     ] GC(440) Concurrent Cleanup for Next Mark
[130.853s][info][gc,marking     ] GC(440) Concurrent Cleanup for Next Mark 0.364ms
[130.853s][info][gc             ] GC(440) Concurrent Mark Cycle 60.445ms
[130.979s][info][gc,start       ] GC(441) Pause Young (Prepare Mixed) (G1 Evacuation Pause)
[130.980s][info][gc,task        ] GC(441) Using 16 workers of 33 for evacuation
[131.009s][info][gc,phases      ] GC(441)   Pre Evacuate Collection Set: 0.2ms
[131.009s][info][gc,phases      ] GC(441)   Merge Heap Roots: 0.2ms
[131.009s][info][gc,phases      ] GC(441)   Evacuate Collection Set: 28.2ms
[131.009s][info][gc,phases      ] GC(441)   Post Evacuate Collection Set: 0.6ms
[131.009s][info][gc,phases      ] GC(441)   Other: 0.2ms
[131.009s][info][gc,heap        ] GC(441) Eden regions: 324->0(234)
[131.009s][info][gc,heap        ] GC(441) Survivor regions: 3->41(41)
[131.009s][info][gc,heap        ] GC(441) Old regions: 160->204
[131.009s][info][gc,heap        ] GC(441) Archive regions: 0->0
[131.009s][info][gc,heap        ] GC(441) Humongous regions: 43->38
[131.009s][info][gc,metaspace   ] GC(441) Metaspace: 68134K(69120K)->68134K(69120K) NonClass: 59717K(60224K)->59717K(60224K) Class: 8417K(8896K)->8417K(8896K)
[131.009s][info][gc             ] GC(441) Pause Young (Prepare Mixed) (G1 Evacuation Pause) 508M->261M(615M) 29.947ms
[131.009s][info][gc,cpu         ] GC(441) User=0.50s Sys=0.00s Real=0.03s
[131.127s][info][gc,start       ] GC(442) Pause Young (Mixed) (G1 Evacuation Pause)
[131.127s][info][gc,task        ] GC(442) Using 15 workers of 33 for evacuation
[131.162s][info][gc,phases      ] GC(442)   Pre Evacuate Collection Set: 0.2ms
[131.162s][info][gc,phases      ] GC(442)   Merge Heap Roots: 0.4ms
[131.162s][info][gc,phases      ] GC(442)   Evacuate Collection Set: 33.6ms
[131.162s][info][gc,phases      ] GC(442)   Post Evacuate Collection Set: 0.4ms
[131.162s][info][gc,phases      ] GC(442)   Other: 0.2ms
[131.162s][info][gc,heap        ] GC(442) Eden regions: 234->0(206)
[131.162s][info][gc,heap        ] GC(442) Survivor regions: 41->29(35)
[131.162s][info][gc,heap        ] GC(442) Old regions: 204->245
[131.162s][info][gc,heap        ] GC(442) Archive regions: 0->0
[131.162s][info][gc,heap        ] GC(442) Humongous regions: 58->58
[131.162s][info][gc,metaspace   ] GC(442) Metaspace: 68134K(69120K)->68134K(69120K) NonClass: 59717K(60224K)->59717K(60224K) Class: 8417K(8896K)->8417K(8896K)
[131.162s][info][gc             ] GC(442) Pause Young (Mixed) (G1 Evacuation Pause) 515M->314M(615M) 35.078ms
[131.163s][info][gc,cpu         ] GC(442) User=0.70s Sys=0.00s Real=0.05s
[131.252s][info][gc,start       ] GC(443) Pause Young (Concurrent Start) (G1 Humongous Allocation)
[131.252s][info][gc,task        ] GC(443) Using 14 workers of 33 for evacuation
[131.283s][info][gc,phases      ] GC(443)   Pre Evacuate Collection Set: 0.4ms
[131.283s][info][gc,phases      ] GC(443)   Merge Heap Roots: 0.2ms
[131.283s][info][gc,phases      ] GC(443)   Evacuate Collection Set: 23.8ms
[131.283s][info][gc,phases      ] GC(443)   Post Evacuate Collection Set: 6.7ms
[131.283s][info][gc,phases      ] GC(443)   Other: 0.2ms
[131.283s][info][gc,heap        ] GC(443) Eden regions: 188->0(535)
[131.283s][info][gc,heap        ] GC(443) Survivor regions: 29->20(30)
[131.283s][info][gc,heap        ] GC(443) Old regions: 245->272
[131.283s][info][gc,heap        ] GC(443) Archive regions: 0->0
[131.283s][info][gc,heap        ] GC(443) Humongous regions: 58->58
[131.283s][info][gc,metaspace   ] GC(443) Metaspace: 68134K(69120K)->68134K(69120K) NonClass: 59717K(60224K)->59717K(60224K) Class: 8417K(8896K)->8417K(8896K)
[131.284s][info][gc             ] GC(443) Pause Young (Concurrent Start) (G1 Humongous Allocation) 502M->332M(1050M) 31.829ms
[131.284s][info][gc             ] GC(444) Concurrent Mark Cycle
[131.284s][info][gc,cpu         ] GC(443) User=0.44s Sys=0.00s Real=0.03s
[131.284s][info][gc,marking     ] GC(444) Concurrent Scan Root Regions
[131.290s][info][gc,marking     ] GC(444) Concurrent Scan Root Regions 6.275ms
[131.290s][info][gc,marking     ] GC(444) Concurrent Mark
[131.290s][info][gc,marking     ] GC(444) Concurrent Mark From Roots
[131.290s][info][gc,task        ] GC(444) Using 8 workers of 8 for marking
[131.348s][info][gc,marking     ] GC(444) Concurrent Mark From Roots 57.801ms
[131.348s][info][gc,marking     ] GC(444) Concurrent Preclean
[131.348s][info][gc,marking     ] GC(444) Concurrent Preclean 0.129ms
[131.348s][info][gc,start       ] GC(444) Pause Remark
[131.350s][info][gc             ] GC(444) Pause Remark 426M->402M(1050M) 1.945ms
[131.350s][info][gc,cpu         ] GC(444) User=0.36s Sys=0.03s Real=0.02s
[131.350s][info][gc,marking     ] GC(444) Concurrent Mark 60.215ms
[131.350s][info][gc,marking     ] GC(444) Concurrent Rebuild Remembered Sets and Scrub Regions
[131.394s][info][gc,marking     ] GC(444) Concurrent Rebuild Remembered Sets and Scrub Regions 43.530ms
[131.394s][info][gc,start       ] GC(444) Pause Cleanup
[131.394s][info][gc             ] GC(444) Pause Cleanup 470M->470M(1050M) 0.307ms
[131.394s][info][gc,cpu         ] GC(444) User=0.00s Sys=0.00s Real=0.00s
[131.394s][info][gc,marking     ] GC(444) Concurrent Clear Claimed Marks
[131.394s][info][gc,marking     ] GC(444) Concurrent Clear Claimed Marks 0.096ms
[131.394s][info][gc,marking     ] GC(444) Concurrent Cleanup for Next Mark
[131.397s][info][gc,marking     ] GC(444) Concurrent Cleanup for Next Mark 2.371ms
[131.397s][info][gc             ] GC(444) Concurrent Mark Cycle 113.265ms
[131.620s][info][gc,start       ] GC(445) Pause Young (Prepare Mixed) (G1 Evacuation Pause)
[131.620s][info][gc,task        ] GC(445) Using 25 workers of 33 for evacuation
[131.648s][info][gc,phases      ] GC(445)   Pre Evacuate Collection Set: 0.2ms
[131.648s][info][gc,phases      ] GC(445)   Merge Heap Roots: 0.8ms
[131.648s][info][gc,phases      ] GC(445)   Evacuate Collection Set: 26.4ms
[131.648s][info][gc,phases      ] GC(445)   Post Evacuate Collection Set: 0.6ms
[131.648s][info][gc,phases      ] GC(445)   Other: 0.2ms
[131.648s][info][gc,heap        ] GC(445) Eden regions: 535->0(522)
[131.648s][info][gc,heap        ] GC(445) Survivor regions: 20->57(70)
[131.648s][info][gc,heap        ] GC(445) Old regions: 272->272
[131.648s][info][gc,heap        ] GC(445) Archive regions: 0->0
[131.648s][info][gc,heap        ] GC(445) Humongous regions: 54->54
[131.648s][info][gc,metaspace   ] GC(445) Metaspace: 68134K(69120K)->68134K(69120K) NonClass: 59717K(60224K)->59717K(60224K) Class: 8417K(8896K)->8417K(8896K)
[131.648s][info][gc             ] GC(445) Pause Young (Prepare Mixed) (G1 Evacuation Pause) 863M->365M(1050M) 28.611ms
[131.648s][info][gc,cpu         ] GC(445) User=0.78s Sys=0.00s Real=0.03s
[132.536s][info][gc,start       ] GC(446) Pause Young (Mixed) (G1 Evacuation Pause)
[132.536s][info][gc,task        ] GC(446) Using 25 workers of 33 for evacuation
[132.593s][info][gc,phases      ] GC(446)   Pre Evacuate Collection Set: 0.3ms
[132.593s][info][gc,phases      ] GC(446)   Merge Heap Roots: 0.7ms
[132.593s][info][gc,phases      ] GC(446)   Evacuate Collection Set: 54.8ms
[132.593s][info][gc,phases      ] GC(446)   Post Evacuate Collection Set: 0.8ms
[132.593s][info][gc,phases      ] GC(446)   Other: 0.2ms
[132.593s][info][gc,heap        ] GC(446) Eden regions: 522->0(459)
[132.593s][info][gc,heap        ] GC(446) Survivor regions: 57->50(73)
[132.593s][info][gc,heap        ] GC(446) Old regions: 272->315
[132.593s][info][gc,heap        ] GC(446) Archive regions: 0->0
[132.593s][info][gc,heap        ] GC(446) Humongous regions: 103->98
[132.593s][info][gc,metaspace   ] GC(446) Metaspace: 68136K(69120K)->68136K(69120K) NonClass: 59719K(60224K)->59719K(60224K) Class: 8417K(8896K)->8417K(8896K)
[132.593s][info][gc             ] GC(446) Pause Young (Mixed) (G1 Evacuation Pause) 936M->451M(1053M) 56.999ms
[132.593s][info][gc,cpu         ] GC(446) User=1.56s Sys=0.00s Real=0.05s
[132.723s][info][gc,start       ] GC(447) Pause Young (Concurrent Start) (G1 Humongous Allocation)
[132.723s][info][gc,task        ] GC(447) Using 25 workers of 33 for evacuation
[132.755s][info][gc,phases      ] GC(447)   Pre Evacuate Collection Set: 0.4ms
[132.755s][info][gc,phases      ] GC(447)   Merge Heap Roots: 0.4ms
[132.755s][info][gc,phases      ] GC(447)   Evacuate Collection Set: 30.7ms
[132.755s][info][gc,phases      ] GC(447)   Post Evacuate Collection Set: 0.5ms
[132.755s][info][gc,phases      ] GC(447)   Other: 0.1ms
[132.755s][info][gc,heap        ] GC(447) Eden regions: 110->0(432)
[132.755s][info][gc,heap        ] GC(447) Survivor regions: 50->23(64)
[132.755s][info][gc,heap        ] GC(447) Old regions: 315->360
[132.755s][info][gc,heap        ] GC(447) Archive regions: 0->0
[132.755s][info][gc,heap        ] GC(447) Humongous regions: 98->98
[132.755s][info][gc,metaspace   ] GC(447) Metaspace: 68136K(69120K)->68136K(69120K) NonClass: 59719K(60224K)->59719K(60224K) Class: 8417K(8896K)->8417K(8896K)
[132.755s][info][gc             ] GC(447) Pause Young (Concurrent Start) (G1 Humongous Allocation) 561M->469M(1053M) 32.424ms
[132.755s][info][gc             ] GC(448) Concurrent Mark Cycle
[132.755s][info][gc,cpu         ] GC(447) User=0.78s Sys=0.00s Real=0.03s
[132.755s][info][gc,marking     ] GC(448) Concurrent Scan Root Regions
[132.761s][info][gc,marking     ] GC(448) Concurrent Scan Root Regions 5.956ms
[132.761s][info][gc,marking     ] GC(448) Concurrent Mark
[132.761s][info][gc,marking     ] GC(448) Concurrent Mark From Roots
[132.761s][info][gc,task        ] GC(448) Using 8 workers of 8 for marking
[132.791s][info][gc,marking     ] GC(448) Concurrent Mark From Roots 29.865ms
[132.791s][info][gc,marking     ] GC(448) Concurrent Preclean
[132.791s][info][gc,marking     ] GC(448) Concurrent Preclean 0.124ms
[132.791s][info][gc,start       ] GC(448) Pause Remark
[132.794s][info][gc             ] GC(448) Pause Remark 523M->307M(1053M) 2.383ms
[132.794s][info][gc,cpu         ] GC(448) User=0.00s Sys=0.00s Real=0.00s
[132.794s][info][gc,marking     ] GC(448) Concurrent Mark 32.720ms
[132.794s][info][gc,marking     ] GC(448) Concurrent Rebuild Remembered Sets and Scrub Regions
[132.813s][info][gc,marking     ] GC(448) Concurrent Rebuild Remembered Sets and Scrub Regions 19.040ms
[132.813s][info][gc,start       ] GC(448) Pause Cleanup
[132.814s][info][gc             ] GC(448) Pause Cleanup 339M->339M(1053M) 0.316ms
[132.814s][info][gc,cpu         ] GC(448) User=0.00s Sys=0.00s Real=0.00s
[132.814s][info][gc,marking     ] GC(448) Concurrent Clear Claimed Marks
[132.814s][info][gc,marking     ] GC(448) Concurrent Clear Claimed Marks 0.100ms
[132.814s][info][gc,marking     ] GC(448) Concurrent Cleanup for Next Mark
[132.815s][info][gc,marking     ] GC(448) Concurrent Cleanup for Next Mark 0.776ms
[132.815s][info][gc             ] GC(448) Concurrent Mark Cycle 59.420ms
[132.991s][info][gc,start       ] GC(449) Pause Young (Prepare Mixed) (G1 Evacuation Pause)
[132.991s][info][gc,task        ] GC(449) Using 25 workers of 33 for evacuation
[133.029s][info][gc,phases      ] GC(449)   Pre Evacuate Collection Set: 0.3ms
[133.029s][info][gc,phases      ] GC(449)   Merge Heap Roots: 0.5ms
[133.029s][info][gc,phases      ] GC(449)   Evacuate Collection Set: 36.7ms
[133.029s][info][gc,phases      ] GC(449)   Post Evacuate Collection Set: 0.6ms
[133.029s][info][gc,phases      ] GC(449)   Other: 0.2ms
[133.030s][info][gc,heap        ] GC(449) Eden regions: 432->0(461)
[133.030s][info][gc,heap        ] GC(449) Survivor regions: 23->57(57)
[133.030s][info][gc,heap        ] GC(449) Old regions: 220->278
[133.030s][info][gc,heap        ] GC(449) Archive regions: 0->0
[133.030s][info][gc,heap        ] GC(449) Humongous regions: 64->64
[133.030s][info][gc,metaspace   ] GC(449) Metaspace: 68136K(69120K)->68136K(69120K) NonClass: 59719K(60224K)->59719K(60224K) Class: 8417K(8896K)->8417K(8896K)
[133.030s][info][gc             ] GC(449) Pause Young (Prepare Mixed) (G1 Evacuation Pause) 727M->387M(1053M) 38.669ms
[133.030s][info][gc,cpu         ] GC(449) User=0.78s Sys=0.00s Real=0.03s
[133.278s][info][gc,start       ] GC(450) Pause Young (Mixed) (G1 Evacuation Pause)
[133.278s][info][gc,task        ] GC(450) Using 25 workers of 33 for evacuation
[133.321s][info][gc,phases      ] GC(450)   Pre Evacuate Collection Set: 0.3ms
[133.321s][info][gc,phases      ] GC(450)   Merge Heap Roots: 0.8ms
[133.321s][info][gc,phases      ] GC(450)   Evacuate Collection Set: 40.8ms
[133.321s][info][gc,phases      ] GC(450)   Post Evacuate Collection Set: 0.6ms
[133.321s][info][gc,phases      ] GC(450)   Other: 0.2ms
[133.321s][info][gc,heap        ] GC(450) Eden regions: 461->0(423)
[133.321s][info][gc,heap        ] GC(450) Survivor regions: 57->48(65)
[133.321s][info][gc,heap        ] GC(450) Old regions: 278->333
[133.321s][info][gc,heap        ] GC(450) Archive regions: 0->0
[133.321s][info][gc,heap        ] GC(450) Humongous regions: 90->90
[133.321s][info][gc,metaspace   ] GC(450) Metaspace: 68136K(69120K)->68136K(69120K) NonClass: 59719K(60224K)->59719K(60224K) Class: 8417K(8896K)->8417K(8896K)
[133.321s][info][gc             ] GC(450) Pause Young (Mixed) (G1 Evacuation Pause) 874M->460M(1053M) 42.960ms
[133.321s][info][gc,cpu         ] GC(450) User=0.78s Sys=0.00s Real=0.03s
[133.528s][info][gc,start       ] GC(451) Pause Young (Concurrent Start) (G1 Evacuation Pause)
[133.528s][info][gc,task        ] GC(451) Using 25 workers of 33 for evacuation
[133.561s][info][gc,phases      ] GC(451)   Pre Evacuate Collection Set: 0.4ms
[133.561s][info][gc,phases      ] GC(451)   Merge Heap Roots: 0.4ms
[133.561s][info][gc,phases      ] GC(451)   Evacuate Collection Set: 31.3ms
[133.561s][info][gc,phases      ] GC(451)   Post Evacuate Collection Set: 0.6ms
[133.561s][info][gc,phases      ] GC(451)   Other: 0.2ms
[133.561s][info][gc,heap        ] GC(451) Eden regions: 423->0(415)
[133.561s][info][gc,heap        ] GC(451) Survivor regions: 48->34(59)
[133.561s][info][gc,heap        ] GC(451) Old regions: 333->377
[133.561s][info][gc,heap        ] GC(451) Archive regions: 0->0
[133.561s][info][gc,heap        ] GC(451) Humongous regions: 90->90
[133.561s][info][gc,metaspace   ] GC(451) Metaspace: 68136K(69120K)->68136K(69120K) NonClass: 59719K(60224K)->59719K(60224K) Class: 8417K(8896K)->8417K(8896K)
[133.561s][info][gc             ] GC(451) Pause Young (Concurrent Start) (G1 Evacuation Pause) 883M->490M(1053M) 33.212ms
[133.561s][info][gc             ] GC(452) Concurrent Mark Cycle
[133.561s][info][gc,cpu         ] GC(451) User=0.78s Sys=0.00s Real=0.03s
[133.561s][info][gc,marking     ] GC(452) Concurrent Scan Root Regions
[133.569s][info][gc,marking     ] GC(452) Concurrent Scan Root Regions 7.310ms
[133.569s][info][gc,marking     ] GC(452) Concurrent Mark
[133.569s][info][gc,marking     ] GC(452) Concurrent Mark From Roots
[133.569s][info][gc,task        ] GC(452) Using 8 workers of 8 for marking
[133.631s][info][gc,marking     ] GC(452) Concurrent Mark From Roots 62.586ms
[133.632s][info][gc,marking     ] GC(452) Concurrent Preclean
[133.632s][info][gc,marking     ] GC(452) Concurrent Preclean 0.107ms
[133.632s][info][gc,start       ] GC(452) Pause Remark
[133.634s][info][gc             ] GC(452) Pause Remark 610M->559M(1053M) 2.073ms
[133.634s][info][gc,cpu         ] GC(452) User=0.00s Sys=0.00s Real=0.00s
[133.634s][info][gc,marking     ] GC(452) Concurrent Mark 65.102ms
[133.634s][info][gc,marking     ] GC(452) Concurrent Rebuild Remembered Sets and Scrub Regions
[133.681s][info][gc,marking     ] GC(452) Concurrent Rebuild Remembered Sets and Scrub Regions 47.285ms
[133.682s][info][gc,start       ] GC(452) Pause Cleanup
[133.682s][info][gc             ] GC(452) Pause Cleanup 606M->606M(1053M) 0.474ms
[133.682s][info][gc,cpu         ] GC(452) User=0.00s Sys=0.00s Real=0.00s
[133.682s][info][gc,marking     ] GC(452) Concurrent Clear Claimed Marks
[133.682s][info][gc,marking     ] GC(452) Concurrent Clear Claimed Marks 0.118ms
[133.682s][info][gc,marking     ] GC(452) Concurrent Cleanup for Next Mark
[133.683s][info][gc,marking     ] GC(452) Concurrent Cleanup for Next Mark 0.725ms
[133.683s][info][gc             ] GC(452) Concurrent Mark Cycle 121.553ms
[134.465s][info][gc,start       ] GC(453) Pause Young (Prepare Mixed) (G1 Evacuation Pause)
[134.465s][info][gc,task        ] GC(453) Using 25 workers of 33 for evacuation
[134.513s][info][gc,phases      ] GC(453)   Pre Evacuate Collection Set: 0.3ms
[134.513s][info][gc,phases      ] GC(453)   Merge Heap Roots: 0.8ms
[134.513s][info][gc,phases      ] GC(453)   Evacuate Collection Set: 45.9ms
[134.513s][info][gc,phases      ] GC(453)   Post Evacuate Collection Set: 0.8ms
[134.513s][info][gc,phases      ] GC(453)   Other: 0.2ms
[134.513s][info][gc,heap        ] GC(453) Eden regions: 415->0(388)
[134.513s][info][gc,heap        ] GC(453) Survivor regions: 34->48(57)
[134.513s][info][gc,heap        ] GC(453) Old regions: 374->403
[134.513s][info][gc,heap        ] GC(453) Archive regions: 0->0
[134.513s][info][gc,heap        ] GC(453) Humongous regions: 91->86
[134.513s][info][gc,metaspace   ] GC(453) Metaspace: 68136K(69120K)->68136K(69120K) NonClass: 59719K(60224K)->59719K(60224K) Class: 8417K(8896K)->8417K(8896K)
[134.513s][info][gc             ] GC(453) Pause Young (Prepare Mixed) (G1 Evacuation Pause) 903M->524M(1053M) 48.163ms
[134.513s][info][gc,cpu         ] GC(453) User=1.17s Sys=0.00s Real=0.05s
[134.888s][info][gc,start       ] GC(454) Pause Young (Mixed) (G1 Evacuation Pause)
[134.888s][info][gc,task        ] GC(454) Using 25 workers of 33 for evacuation
[134.941s][info][gc,phases      ] GC(454)   Pre Evacuate Collection Set: 0.3ms
[134.941s][info][gc,phases      ] GC(454)   Merge Heap Roots: 0.9ms
[134.941s][info][gc,phases      ] GC(454)   Evacuate Collection Set: 51.0ms
[134.941s][info][gc,phases      ] GC(454)   Post Evacuate Collection Set: 0.7ms
[134.941s][info][gc,phases      ] GC(454)   Other: 0.2ms
[134.941s][info][gc,heap        ] GC(454) Eden regions: 388->0(358)
[134.941s][info][gc,heap        ] GC(454) Survivor regions: 48->55(55)
[134.941s][info][gc,heap        ] GC(454) Old regions: 403->406
[134.941s][info][gc,heap        ] GC(454) Archive regions: 0->0
[134.941s][info][gc,heap        ] GC(454) Humongous regions: 144->134
[134.941s][info][gc,metaspace   ] GC(454) Metaspace: 68152K(69120K)->68152K(69120K) NonClass: 59734K(60224K)->59734K(60224K) Class: 8418K(8896K)->8418K(8896K)
[134.941s][info][gc             ] GC(454) Pause Young (Mixed) (G1 Evacuation Pause) 970M->583M(1089M) 53.453ms
[134.941s][info][gc,cpu         ] GC(454) User=1.56s Sys=0.06s Real=0.06s
[135.272s][info][gc,start       ] GC(455) Pause Young (Concurrent Start) (G1 Humongous Allocation)
[135.272s][info][gc,task        ] GC(455) Using 26 workers of 33 for evacuation
[135.302s][info][gc,phases      ] GC(455)   Pre Evacuate Collection Set: 0.5ms
[135.302s][info][gc,phases      ] GC(455)   Merge Heap Roots: 0.4ms
[135.302s][info][gc,phases      ] GC(455)   Evacuate Collection Set: 27.6ms
[135.302s][info][gc,phases      ] GC(455)   Post Evacuate Collection Set: 1.5ms
[135.302s][info][gc,phases      ] GC(455)   Other: 0.2ms
[135.302s][info][gc,heap        ] GC(455) Eden regions: 187->0(472)
[135.302s][info][gc,heap        ] GC(455) Survivor regions: 55->17(52)
[135.302s][info][gc,heap        ] GC(455) Old regions: 406->460
[135.303s][info][gc,heap        ] GC(455) Archive regions: 0->0
[135.303s][info][gc,heap        ] GC(455) Humongous regions: 134->134
[135.303s][info][gc,metaspace   ] GC(455) Metaspace: 68154K(69120K)->68154K(69120K) NonClass: 59736K(60224K)->59736K(60224K) Class: 8418K(8896K)->8418K(8896K)
[135.303s][info][gc             ] GC(455) Pause Young (Concurrent Start) (G1 Humongous Allocation) 770M->599M(1245M) 30.447ms
[135.303s][info][gc             ] GC(456) Concurrent Mark Cycle
[135.303s][info][gc,cpu         ] GC(455) User=0.81s Sys=0.00s Real=0.03s
[135.303s][info][gc,marking     ] GC(456) Concurrent Scan Root Regions
[135.307s][info][gc,marking     ] GC(456) Concurrent Scan Root Regions 4.053ms
[135.307s][info][gc,marking     ] GC(456) Concurrent Mark
[135.307s][info][gc,marking     ] GC(456) Concurrent Mark From Roots
[135.307s][info][gc,task        ] GC(456) Using 8 workers of 8 for marking
[135.335s][info][gc,marking     ] GC(456) Concurrent Mark From Roots 28.340ms
[135.335s][info][gc,marking     ] GC(456) Concurrent Preclean
[135.335s][info][gc,marking     ] GC(456) Concurrent Preclean 0.091ms
[135.335s][info][gc,start       ] GC(456) Pause Remark
[135.338s][info][gc             ] GC(456) Pause Remark 618M->278M(967M) 2.493ms
[135.338s][info][gc,cpu         ] GC(456) User=0.00s Sys=0.00s Real=0.00s
[135.338s][info][gc,marking     ] GC(456) Concurrent Mark 31.255ms
[135.338s][info][gc,marking     ] GC(456) Concurrent Rebuild Remembered Sets and Scrub Regions
[135.355s][info][gc,marking     ] GC(456) Concurrent Rebuild Remembered Sets and Scrub Regions 17.416ms
[135.356s][info][gc,start       ] GC(456) Pause Cleanup
[135.356s][info][gc             ] GC(456) Pause Cleanup 308M->308M(967M) 0.351ms
[135.356s][info][gc,cpu         ] GC(456) User=0.00s Sys=0.02s Real=0.00s
[135.356s][info][gc,marking     ] GC(456) Concurrent Clear Claimed Marks
[135.356s][info][gc,marking     ] GC(456) Concurrent Clear Claimed Marks 0.092ms
[135.356s][info][gc,marking     ] GC(456) Concurrent Cleanup for Next Mark
[135.357s][info][gc,marking     ] GC(456) Concurrent Cleanup for Next Mark 0.668ms
[135.357s][info][gc             ] GC(456) Concurrent Mark Cycle 54.336ms
[135.561s][info][gc,start       ] GC(457) Pause Young (Prepare Mixed) (G1 Evacuation Pause)
[135.561s][info][gc,task        ] GC(457) Using 24 workers of 33 for evacuation
[135.590s][info][gc,phases      ] GC(457)   Pre Evacuate Collection Set: 0.3ms
[135.590s][info][gc,phases      ] GC(457)   Merge Heap Roots: 0.3ms
[135.590s][info][gc,phases      ] GC(457)   Evacuate Collection Set: 27.3ms
[135.590s][info][gc,phases      ] GC(457)   Post Evacuate Collection Set: 0.7ms
[135.590s][info][gc,phases      ] GC(457)   Other: 0.2ms
[135.590s][info][gc,heap        ] GC(457) Eden regions: 472->0(466)
[135.590s][info][gc,heap        ] GC(457) Survivor regions: 17->62(62)
[135.590s][info][gc,heap        ] GC(457) Old regions: 244->247
[135.590s][info][gc,heap        ] GC(457) Archive regions: 0->0
[135.590s][info][gc,heap        ] GC(457) Humongous regions: 36->31
[135.590s][info][gc,metaspace   ] GC(457) Metaspace: 68154K(69120K)->68154K(69120K) NonClass: 59736K(60224K)->59736K(60224K) Class: 8418K(8896K)->8418K(8896K)
[135.590s][info][gc             ] GC(457) Pause Young (Prepare Mixed) (G1 Evacuation Pause) 757M->328M(967M) 29.093ms
[135.590s][info][gc,cpu         ] GC(457) User=0.75s Sys=0.00s Real=0.02s
[136.157s][info][gc,start       ] GC(458) Pause Young (Mixed) (G1 Evacuation Pause)
[136.157s][info][gc,task        ] GC(458) Using 23 workers of 33 for evacuation
[136.226s][info][gc,phases      ] GC(458)   Pre Evacuate Collection Set: 0.3ms
[136.226s][info][gc,phases      ] GC(458)   Merge Heap Roots: 0.8ms
[136.226s][info][gc,phases      ] GC(458)   Evacuate Collection Set: 66.8ms
[136.226s][info][gc,phases      ] GC(458)   Post Evacuate Collection Set: 0.7ms
[136.226s][info][gc,phases      ] GC(458)   Other: 0.2ms
[136.226s][info][gc,heap        ] GC(458) Eden regions: 322->0(441)
[136.226s][info][gc,heap        ] GC(458) Survivor regions: 62->43(66)
[136.226s][info][gc,heap        ] GC(458) Old regions: 247->303
[136.226s][info][gc,heap        ] GC(458) Archive regions: 0->0
[136.226s][info][gc,heap        ] GC(458) Humongous regions: 339->138
[136.226s][info][gc,metaspace   ] GC(458) Metaspace: 68155K(69120K)->68155K(69120K) NonClass: 59737K(60224K)->59737K(60224K) Class: 8418K(8896K)->8418K(8896K)
[136.226s][info][gc             ] GC(458) Pause Young (Mixed) (G1 Evacuation Pause) 958M->471M(1077M) 69.121ms
[136.226s][info][gc,cpu         ] GC(458) User=1.05s Sys=0.03s Real=0.06s
[136.254s][info][gc,start       ] GC(459) Pause Young (Concurrent Start) (G1 Humongous Allocation)
[136.254s][info][gc,task        ] GC(459) Using 25 workers of 33 for evacuation
[136.280s][info][gc,phases      ] GC(459)   Pre Evacuate Collection Set: 0.4ms
[136.280s][info][gc,phases      ] GC(459)   Merge Heap Roots: 0.3ms
[136.280s][info][gc,phases      ] GC(459)   Evacuate Collection Set: 24.5ms
[136.280s][info][gc,phases      ] GC(459)   Post Evacuate Collection Set: 0.4ms
[136.280s][info][gc,phases      ] GC(459)   Other: 0.1ms
[136.280s][info][gc,heap        ] GC(459) Eden regions: 25->0(450)
[136.280s][info][gc,heap        ] GC(459) Survivor regions: 43->9(61)
[136.280s][info][gc,heap        ] GC(459) Old regions: 303->345
[136.280s][info][gc,heap        ] GC(459) Archive regions: 0->0
[136.280s][info][gc,heap        ] GC(459) Humongous regions: 138->116
[136.280s][info][gc,metaspace   ] GC(459) Metaspace: 68155K(69120K)->68155K(69120K) NonClass: 59737K(60224K)->59737K(60224K) Class: 8418K(8896K)->8418K(8896K)
[136.280s][info][gc             ] GC(459) Pause Young (Concurrent Start) (G1 Humongous Allocation) 495M->457M(1077M) 26.024ms
[136.280s][info][gc             ] GC(460) Concurrent Mark Cycle
[136.280s][info][gc,cpu         ] GC(459) User=0.39s Sys=0.00s Real=0.02s
[136.280s][info][gc,marking     ] GC(460) Concurrent Scan Root Regions
[136.285s][info][gc,marking     ] GC(460) Concurrent Scan Root Regions 5.150ms
[136.286s][info][gc,marking     ] GC(460) Concurrent Mark
[136.286s][info][gc,marking     ] GC(460) Concurrent Mark From Roots
[136.286s][info][gc,task        ] GC(460) Using 8 workers of 8 for marking
[136.315s][info][gc,marking     ] GC(460) Concurrent Mark From Roots 29.520ms
[136.315s][info][gc,marking     ] GC(460) Concurrent Preclean
[136.315s][info][gc,marking     ] GC(460) Concurrent Preclean 0.151ms
[136.315s][info][gc,start       ] GC(460) Pause Remark
[136.318s][info][gc             ] GC(460) Pause Remark 514M->346M(1077M) 2.289ms
[136.318s][info][gc,cpu         ] GC(460) User=0.00s Sys=0.00s Real=0.00s
[136.318s][info][gc,marking     ] GC(460) Concurrent Mark 32.287ms
[136.318s][info][gc,marking     ] GC(460) Concurrent Rebuild Remembered Sets and Scrub Regions
[136.337s][info][gc,marking     ] GC(460) Concurrent Rebuild Remembered Sets and Scrub Regions 19.122ms
[136.337s][info][gc,start       ] GC(460) Pause Cleanup
[136.338s][info][gc             ] GC(460) Pause Cleanup 387M->387M(1077M) 0.399ms
[136.338s][info][gc,cpu         ] GC(460) User=0.00s Sys=0.00s Real=0.00s
[136.338s][info][gc,marking     ] GC(460) Concurrent Clear Claimed Marks
[136.338s][info][gc,marking     ] GC(460) Concurrent Clear Claimed Marks 0.091ms
[136.338s][info][gc,marking     ] GC(460) Concurrent Cleanup for Next Mark
[136.339s][info][gc,marking     ] GC(460) Concurrent Cleanup for Next Mark 0.935ms
[136.339s][info][gc             ] GC(460) Concurrent Mark Cycle 58.475ms
[136.519s][info][gc,start       ] GC(461) Pause Young (Prepare Mixed) (G1 Evacuation Pause)
[136.519s][info][gc,task        ] GC(461) Using 25 workers of 33 for evacuation
[136.674s][info][gc,phases      ] GC(461)   Pre Evacuate Collection Set: 0.3ms
[136.674s][info][gc,phases      ] GC(461)   Merge Heap Roots: 0.4ms
[136.674s][info][gc,phases      ] GC(461)   Evacuate Collection Set: 153.4ms
[136.674s][info][gc,phases      ] GC(461)   Post Evacuate Collection Set: 1.1ms
[136.674s][info][gc,phases      ] GC(461)   Other: 0.3ms
[136.674s][info][gc,heap        ] GC(461) Eden regions: 450->0(480)
[136.674s][info][gc,heap        ] GC(461) Survivor regions: 9->58(58)
[136.674s][info][gc,heap        ] GC(461) Old regions: 279->286
[136.674s][info][gc,heap        ] GC(461) Archive regions: 0->0
[136.675s][info][gc,heap        ] GC(461) Humongous regions: 25->25
[136.675s][info][gc,metaspace   ] GC(461) Metaspace: 68155K(69120K)->68155K(69120K) NonClass: 59737K(60224K)->59737K(60224K) Class: 8418K(8896K)->8418K(8896K)
[136.675s][info][gc             ] GC(461) Pause Young (Prepare Mixed) (G1 Evacuation Pause) 751M->358M(1077M) 156.004ms
[136.675s][info][gc,cpu         ] GC(461) User=1.00s Sys=0.00s Real=0.16s
[136.770s][info][gc,start       ] GC(462) Pause Full (System.gc())
[136.770s][info][gc,task        ] GC(462) Using 25 workers of 33 for full compaction
[136.771s][info][gc,phases,start] GC(462) Phase 1: Mark live objects
[136.802s][info][gc,phases      ] GC(462) Phase 1: Mark live objects 30.422ms
[136.802s][info][gc,phases,start] GC(462) Phase 2: Prepare compaction
[136.807s][info][gc,phases      ] GC(462) Phase 2: Prepare compaction 4.808ms
[136.807s][info][gc,phases,start] GC(462) Phase 3: Adjust pointers
[136.816s][info][gc,phases      ] GC(462) Phase 3: Adjust pointers 8.760ms
[136.816s][info][gc,phases,start] GC(462) Phase 4: Compact heap
[136.816s][info][gc,phases      ] GC(462) Phase 4: Compact heap 0.660ms
[136.824s][info][gc,heap        ] GC(462) Eden regions: 118->0(271)
[136.824s][info][gc,heap        ] GC(462) Survivor regions: 58->0(58)
[136.824s][info][gc,heap        ] GC(462) Old regions: 286->157
[136.824s][info][gc,heap        ] GC(462) Archive regions: 0->0
[136.824s][info][gc,heap        ] GC(462) Humongous regions: 25->10
[136.824s][info][gc,metaspace   ] GC(462) Metaspace: 68155K(69120K)->68155K(69120K) NonClass: 59737K(60224K)->59737K(60224K) Class: 8418K(8896K)->8418K(8896K)
[136.824s][info][gc             ] GC(462) Pause Full (System.gc()) 475M->149M(557M) 54.285ms
[136.824s][info][gc,cpu         ] GC(462) User=0.80s Sys=0.00s Real=0.05s
[136.853s][info][gc,start       ] GC(463) Pause Young (Concurrent Start) (G1 Humongous Allocation)
[136.853s][info][gc,task        ] GC(463) Using 19 workers of 33 for evacuation
[136.855s][info][gc,phases      ] GC(463)   Pre Evacuate Collection Set: 0.3ms
[136.855s][info][gc,phases      ] GC(463)   Merge Heap Roots: 0.1ms
[136.855s][info][gc,phases      ] GC(463)   Evacuate Collection Set: 0.9ms
[136.855s][info][gc,phases      ] GC(463)   Post Evacuate Collection Set: 0.5ms
[136.855s][info][gc,phases      ] GC(463)   Other: 0.1ms
[136.855s][info][gc,heap        ] GC(463) Eden regions: 17->0(286)
[136.855s][info][gc,heap        ] GC(463) Survivor regions: 0->7(34)
[136.855s][info][gc,heap        ] GC(463) Old regions: 157->157
[136.855s][info][gc,heap        ] GC(463) Archive regions: 0->0
[136.855s][info][gc,heap        ] GC(463) Humongous regions: 10->10
[136.855s][info][gc,metaspace   ] GC(463) Metaspace: 68159K(69120K)->68159K(69120K) NonClass: 59741K(60224K)->59741K(60224K) Class: 8418K(8896K)->8418K(8896K)
[136.855s][info][gc             ] GC(463) Pause Young (Concurrent Start) (G1 Humongous Allocation) 166M->155M(557M) 2.138ms
[136.856s][info][gc             ] GC(464) Concurrent Mark Cycle
[136.856s][info][gc,cpu         ] GC(463) User=0.00s Sys=0.00s Real=0.00s
[136.856s][info][gc,marking     ] GC(464) Concurrent Scan Root Regions
[136.857s][info][gc,marking     ] GC(464) Concurrent Scan Root Regions 1.032ms
[136.857s][info][gc,marking     ] GC(464) Concurrent Mark
[136.857s][info][gc,marking     ] GC(464) Concurrent Mark From Roots
[136.857s][info][gc,task        ] GC(464) Using 8 workers of 8 for marking
[136.899s][info][gc,marking     ] GC(464) Concurrent Mark From Roots 41.799ms
[136.899s][info][gc,marking     ] GC(464) Concurrent Preclean
[136.899s][info][gc,marking     ] GC(464) Concurrent Preclean 0.096ms
[136.899s][info][gc,start       ] GC(464) Pause Remark
[136.901s][info][gc             ] GC(464) Pause Remark 189M->189M(557M) 1.873ms
[136.901s][info][gc,cpu         ] GC(464) User=0.00s Sys=0.00s Real=0.00s
[136.901s][info][gc,marking     ] GC(464) Concurrent Mark 44.106ms
[136.901s][info][gc,marking     ] GC(464) Concurrent Rebuild Remembered Sets and Scrub Regions
[136.913s][info][gc,marking     ] GC(464) Concurrent Rebuild Remembered Sets and Scrub Regions 12.014ms
[136.913s][info][gc,start       ] GC(464) Pause Cleanup
[136.913s][info][gc             ] GC(464) Pause Cleanup 208M->208M(557M) 0.241ms
[136.913s][info][gc,cpu         ] GC(464) User=0.00s Sys=0.00s Real=0.00s
[136.913s][info][gc,marking     ] GC(464) Concurrent Clear Claimed Marks
[136.913s][info][gc,marking     ] GC(464) Concurrent Clear Claimed Marks 0.077ms
[136.913s][info][gc,marking     ] GC(464) Concurrent Cleanup for Next Mark
[136.914s][info][gc,marking     ] GC(464) Concurrent Cleanup for Next Mark 0.347ms
[136.914s][info][gc             ] GC(464) Concurrent Mark Cycle 58.197ms
[137.026s][info][gc,start       ] GC(465) Pause Young (Prepare Mixed) (G1 Evacuation Pause)
[137.026s][info][gc,task        ] GC(465) Using 16 workers of 33 for evacuation
[137.053s][info][gc,phases      ] GC(465)   Pre Evacuate Collection Set: 0.3ms
[137.053s][info][gc,phases      ] GC(465)   Merge Heap Roots: 0.2ms
[137.053s][info][gc,phases      ] GC(465)   Evacuate Collection Set: 25.9ms
[137.053s][info][gc,phases      ] GC(465)   Post Evacuate Collection Set: 0.6ms
[137.053s][info][gc,phases      ] GC(465)   Other: 0.2ms
[137.053s][info][gc,heap        ] GC(465) Eden regions: 286->0(188)
[137.053s][info][gc,heap        ] GC(465) Survivor regions: 7->37(37)
[137.053s][info][gc,heap        ] GC(465) Old regions: 157->201
[137.053s][info][gc,heap        ] GC(465) Archive regions: 0->0
[137.054s][info][gc,heap        ] GC(465) Humongous regions: 41->36
[137.054s][info][gc,metaspace   ] GC(465) Metaspace: 68159K(69120K)->68159K(69120K) NonClass: 59741K(60224K)->59741K(60224K) Class: 8418K(8896K)->8418K(8896K)
[137.054s][info][gc             ] GC(465) Pause Young (Prepare Mixed) (G1 Evacuation Pause) 472M->256M(572M) 27.513ms
[137.054s][info][gc,cpu         ] GC(465) User=0.50s Sys=0.00s Real=0.03s
[137.153s][info][gc,start       ] GC(466) Pause Young (Mixed) (G1 Evacuation Pause)
[137.153s][info][gc,task        ] GC(466) Using 14 workers of 33 for evacuation
[137.190s][info][gc,phases      ] GC(466)   Pre Evacuate Collection Set: 0.3ms
[137.190s][info][gc,phases      ] GC(466)   Merge Heap Roots: 0.4ms
[137.190s][info][gc,phases      ] GC(466)   Evacuate Collection Set: 30.3ms
[137.190s][info][gc,phases      ] GC(466)   Post Evacuate Collection Set: 5.6ms
[137.190s][info][gc,phases      ] GC(466)   Other: 0.2ms
[137.190s][info][gc,heap        ] GC(466) Eden regions: 188->0(433)
[137.190s][info][gc,heap        ] GC(466) Survivor regions: 37->26(29)
[137.190s][info][gc,heap        ] GC(466) Old regions: 201->239
[137.190s][info][gc,heap        ] GC(466) Archive regions: 0->0
[137.190s][info][gc,heap        ] GC(466) Humongous regions: 58->58
[137.191s][info][gc,metaspace   ] GC(466) Metaspace: 68159K(69120K)->68159K(69120K) NonClass: 59741K(60224K)->59741K(60224K) Class: 8418K(8896K)->8418K(8896K)
[137.191s][info][gc             ] GC(466) Pause Young (Mixed) (G1 Evacuation Pause) 466M->307M(933M) 37.336ms
[137.191s][info][gc,cpu         ] GC(466) User=0.44s Sys=0.00s Real=0.03s
[137.352s][info][gc,start       ] GC(467) Pause Young (Concurrent Start) (G1 Humongous Allocation)
[137.352s][info][gc,task        ] GC(467) Using 22 workers of 33 for evacuation
[137.377s][info][gc,phases      ] GC(467)   Pre Evacuate Collection Set: 0.4ms
[137.377s][info][gc,phases      ] GC(467)   Merge Heap Roots: 0.2ms
[137.377s][info][gc,phases      ] GC(467)   Evacuate Collection Set: 24.2ms
[137.377s][info][gc,phases      ] GC(467)   Post Evacuate Collection Set: 0.5ms
[137.378s][info][gc,phases      ] GC(467)   Other: 0.2ms
[137.378s][info][gc,heap        ] GC(467) Eden regions: 274->0(428)
[137.378s][info][gc,heap        ] GC(467) Survivor regions: 26->50(58)
[137.378s][info][gc,heap        ] GC(467) Old regions: 239->239
[137.378s][info][gc,heap        ] GC(467) Archive regions: 0->0
[137.378s][info][gc,heap        ] GC(467) Humongous regions: 58->58
[137.378s][info][gc,metaspace   ] GC(467) Metaspace: 68159K(69120K)->68159K(69120K) NonClass: 59741K(60224K)->59741K(60224K) Class: 8418K(8896K)->8418K(8896K)
[137.378s][info][gc             ] GC(467) Pause Young (Concurrent Start) (G1 Humongous Allocation) 581M->331M(933M) 25.864ms
[137.378s][info][gc             ] GC(468) Concurrent Mark Cycle
[137.378s][info][gc,cpu         ] GC(467) User=0.30s Sys=0.05s Real=0.02s
[137.378s][info][gc,marking     ] GC(468) Concurrent Scan Root Regions
[137.383s][info][gc,marking     ] GC(468) Concurrent Scan Root Regions 4.828ms
[137.383s][info][gc,marking     ] GC(468) Concurrent Mark
[137.383s][info][gc,marking     ] GC(468) Concurrent Mark From Roots
[137.383s][info][gc,task        ] GC(468) Using 8 workers of 8 for marking
[137.435s][info][gc,marking     ] GC(468) Concurrent Mark From Roots 52.231ms
[137.435s][info][gc,marking     ] GC(468) Concurrent Preclean
[137.435s][info][gc,marking     ] GC(468) Concurrent Preclean 0.110ms
[137.435s][info][gc,start       ] GC(468) Pause Remark
[137.437s][info][gc             ] GC(468) Pause Remark 434M->410M(933M) 1.834ms
[137.437s][info][gc,cpu         ] GC(468) User=0.02s Sys=0.20s Real=0.02s
[137.437s][info][gc,marking     ] GC(468) Concurrent Mark 54.512ms
[137.437s][info][gc,marking     ] GC(468) Concurrent Rebuild Remembered Sets and Scrub Regions
[137.480s][info][gc,marking     ] GC(468) Concurrent Rebuild Remembered Sets and Scrub Regions 42.387ms
[137.480s][info][gc,start       ] GC(468) Pause Cleanup
[137.480s][info][gc             ] GC(468) Pause Cleanup 490M->490M(933M) 0.286ms
[137.480s][info][gc,cpu         ] GC(468) User=0.00s Sys=0.00s Real=0.00s
[137.480s][info][gc,marking     ] GC(468) Concurrent Clear Claimed Marks
[137.480s][info][gc,marking     ] GC(468) Concurrent Clear Claimed Marks 0.116ms
[137.480s][info][gc,marking     ] GC(468) Concurrent Cleanup for Next Mark
[137.482s][info][gc,marking     ] GC(468) Concurrent Cleanup for Next Mark 1.782ms
[137.482s][info][gc             ] GC(468) Concurrent Mark Cycle 104.425ms
[137.609s][info][gc,start       ] GC(469) Pause Young (Prepare Mixed) (G1 Evacuation Pause)
[137.610s][info][gc,task        ] GC(469) Using 22 workers of 33 for evacuation
[137.645s][info][gc,phases      ] GC(469)   Pre Evacuate Collection Set: 0.2ms
[137.645s][info][gc,phases      ] GC(469)   Merge Heap Roots: 0.8ms
[137.645s][info][gc,phases      ] GC(469)   Evacuate Collection Set: 33.9ms
[137.645s][info][gc,phases      ] GC(469)   Post Evacuate Collection Set: 0.6ms
[137.645s][info][gc,phases      ] GC(469)   Other: 0.2ms
[137.645s][info][gc,heap        ] GC(469) Eden regions: 428->0(425)
[137.645s][info][gc,heap        ] GC(469) Survivor regions: 50->59(60)
[137.645s][info][gc,heap        ] GC(469) Old regions: 239->257
[137.645s][info][gc,heap        ] GC(469) Archive regions: 0->0
[137.645s][info][gc,heap        ] GC(469) Humongous regions: 54->54
[137.646s][info][gc,metaspace   ] GC(469) Metaspace: 68159K(69120K)->68159K(69120K) NonClass: 59741K(60224K)->59741K(60224K) Class: 8418K(8896K)->8418K(8896K)
[137.646s][info][gc             ] GC(469) Pause Young (Prepare Mixed) (G1 Evacuation Pause) 755M->354M(933M) 36.156ms
[137.646s][info][gc,cpu         ] GC(469) User=0.69s Sys=0.00s Real=0.03s
[137.861s][info][gc,start       ] GC(470) Pause Young (Mixed) (G1 Evacuation Pause)
[137.861s][info][gc,task        ] GC(470) Using 22 workers of 33 for evacuation
[137.896s][info][gc,phases      ] GC(470)   Pre Evacuate Collection Set: 0.2ms
[137.896s][info][gc,phases      ] GC(470)   Merge Heap Roots: 0.3ms
[137.896s][info][gc,phases      ] GC(470)   Evacuate Collection Set: 33.8ms
[137.896s][info][gc,phases      ] GC(470)   Post Evacuate Collection Set: 0.5ms
[137.896s][info][gc,phases      ] GC(470)   Other: 0.1ms
[137.896s][info][gc,heap        ] GC(470) Eden regions: 425->0(422)
[137.896s][info][gc,heap        ] GC(470) Survivor regions: 59->33(61)
[137.896s][info][gc,heap        ] GC(470) Old regions: 257->303
[137.896s][info][gc,heap        ] GC(470) Archive regions: 0->0
[137.896s][info][gc,heap        ] GC(470) Humongous regions: 54->54
[137.896s][info][gc,metaspace   ] GC(470) Metaspace: 68159K(69120K)->68159K(69120K) NonClass: 59741K(60224K)->59741K(60224K) Class: 8418K(8896K)->8418K(8896K)
[137.896s][info][gc             ] GC(470) Pause Young (Mixed) (G1 Evacuation Pause) 779M->380M(933M) 35.156ms
[137.896s][info][gc,cpu         ] GC(470) User=0.69s Sys=0.00s Real=0.03s
[137.978s][info][gc,start       ] GC(471) Pause Young (Concurrent Start) (G1 Humongous Allocation)
[137.978s][info][gc,task        ] GC(471) Using 22 workers of 33 for evacuation
[137.995s][info][gc,phases      ] GC(471)   Pre Evacuate Collection Set: 0.4ms
[137.995s][info][gc,phases      ] GC(471)   Merge Heap Roots: 0.2ms
[137.995s][info][gc,phases      ] GC(471)   Evacuate Collection Set: 15.8ms
[137.995s][info][gc,phases      ] GC(471)   Post Evacuate Collection Set: 0.5ms
[137.995s][info][gc,phases      ] GC(471)   Other: 0.1ms
[137.995s][info][gc,heap        ] GC(471) Eden regions: 64->0(430)
[137.995s][info][gc,heap        ] GC(471) Survivor regions: 33->35(57)
[137.995s][info][gc,heap        ] GC(471) Old regions: 303->303
[137.995s][info][gc,heap        ] GC(471) Archive regions: 0->0
[137.995s][info][gc,heap        ] GC(471) Humongous regions: 54->54
[137.995s][info][gc,metaspace   ] GC(471) Metaspace: 68159K(69120K)->68159K(69120K) NonClass: 59741K(60224K)->59741K(60224K) Class: 8418K(8896K)->8418K(8896K)
[137.995s][info][gc             ] GC(471) Pause Young (Concurrent Start) (G1 Humongous Allocation) 443M->381M(933M) 17.322ms
[137.995s][info][gc             ] GC(472) Concurrent Mark Cycle
[137.995s][info][gc,cpu         ] GC(471) User=0.34s Sys=0.00s Real=0.02s
[137.995s][info][gc,marking     ] GC(472) Concurrent Scan Root Regions
[138.001s][info][gc,marking     ] GC(472) Concurrent Scan Root Regions 6.068ms
[138.001s][info][gc,marking     ] GC(472) Concurrent Mark
[138.001s][info][gc,marking     ] GC(472) Concurrent Mark From Roots
[138.001s][info][gc,task        ] GC(472) Using 8 workers of 8 for marking
[138.056s][info][gc,marking     ] GC(472) Concurrent Mark From Roots 54.796ms
[138.056s][info][gc,marking     ] GC(472) Concurrent Preclean
[138.056s][info][gc,marking     ] GC(472) Concurrent Preclean 0.114ms
[138.056s][info][gc,start       ] GC(472) Pause Remark
[138.058s][info][gc             ] GC(472) Pause Remark 384M->295M(933M) 1.901ms
[138.058s][info][gc,cpu         ] GC(472) User=0.00s Sys=0.00s Real=0.00s
[138.058s][info][gc,marking     ] GC(472) Concurrent Mark 57.172ms
[138.058s][info][gc,marking     ] GC(472) Concurrent Rebuild Remembered Sets and Scrub Regions
[138.088s][info][gc,marking     ] GC(472) Concurrent Rebuild Remembered Sets and Scrub Regions 30.003ms
[138.089s][info][gc,start       ] GC(472) Pause Cleanup
[138.089s][info][gc             ] GC(472) Pause Cleanup 297M->297M(933M) 0.336ms
[138.089s][info][gc,cpu         ] GC(472) User=0.00s Sys=0.00s Real=0.00s
[138.089s][info][gc,marking     ] GC(472) Concurrent Clear Claimed Marks
[138.089s][info][gc,marking     ] GC(472) Concurrent Clear Claimed Marks 0.103ms
[138.089s][info][gc,marking     ] GC(472) Concurrent Cleanup for Next Mark
[138.090s][info][gc,marking     ] GC(472) Concurrent Cleanup for Next Mark 0.607ms
[138.090s][info][gc             ] GC(472) Concurrent Mark Cycle 94.827ms
[138.845s][info][gc,start       ] GC(473) Pause Young (Prepare Mixed) (G1 Evacuation Pause)
[138.845s][info][gc,task        ] GC(473) Using 22 workers of 33 for evacuation
[138.901s][info][gc,phases      ] GC(473)   Pre Evacuate Collection Set: 0.2ms
[138.901s][info][gc,phases      ] GC(473)   Merge Heap Roots: 0.6ms
[138.901s][info][gc,phases      ] GC(473)   Evacuate Collection Set: 54.9ms
[138.901s][info][gc,phases      ] GC(473)   Post Evacuate Collection Set: 0.7ms
[138.902s][info][gc,phases      ] GC(473)   Other: 0.2ms
[138.902s][info][gc,heap        ] GC(473) Eden regions: 430->0(323)
[138.902s][info][gc,heap        ] GC(473) Survivor regions: 35->59(59)
[138.902s][info][gc,heap        ] GC(473) Old regions: 238->311
[138.902s][info][gc,heap        ] GC(473) Archive regions: 0->0
[138.902s][info][gc,heap        ] GC(473) Humongous regions: 103->98
[138.902s][info][gc,metaspace   ] GC(473) Metaspace: 68163K(69120K)->68163K(69120K) NonClass: 59744K(60224K)->59744K(60224K) Class: 8418K(8896K)->8418K(8896K)
[138.902s][info][gc             ] GC(473) Pause Young (Prepare Mixed) (G1 Evacuation Pause) 795M->458M(938M) 56.985ms
[138.902s][info][gc,cpu         ] GC(473) User=1.03s Sys=0.00s Real=0.05s
[139.065s][info][gc,start       ] GC(474) Pause Young (Mixed) (G1 Evacuation Pause)
[139.065s][info][gc,task        ] GC(474) Using 22 workers of 33 for evacuation
[139.110s][info][gc,phases      ] GC(474)   Pre Evacuate Collection Set: 0.2ms
[139.110s][info][gc,phases      ] GC(474)   Merge Heap Roots: 0.7ms
[139.110s][info][gc,phases      ] GC(474)   Evacuate Collection Set: 43.3ms
[139.110s][info][gc,phases      ] GC(474)   Post Evacuate Collection Set: 0.5ms
[139.110s][info][gc,phases      ] GC(474)   Other: 0.1ms
[139.110s][info][gc,heap        ] GC(474) Eden regions: 323->0(287)
[139.110s][info][gc,heap        ] GC(474) Survivor regions: 59->41(48)
[139.110s][info][gc,heap        ] GC(474) Old regions: 311->368
[139.110s][info][gc,heap        ] GC(474) Archive regions: 0->0
[139.110s][info][gc,heap        ] GC(474) Humongous regions: 122->122
[139.110s][info][gc,metaspace   ] GC(474) Metaspace: 68163K(69120K)->68163K(69120K) NonClass: 59744K(60224K)->59744K(60224K) Class: 8418K(8896K)->8418K(8896K)
[139.110s][info][gc             ] GC(474) Pause Young (Mixed) (G1 Evacuation Pause) 805M->520M(938M) 45.060ms
[139.110s][info][gc,cpu         ] GC(474) User=1.03s Sys=0.00s Real=0.05s
[139.203s][info][gc,start       ] GC(475) Pause Young (Concurrent Start) (G1 Humongous Allocation)
[139.203s][info][gc,task        ] GC(475) Using 22 workers of 33 for evacuation
[139.231s][info][gc,phases      ] GC(475)   Pre Evacuate Collection Set: 0.4ms
[139.231s][info][gc,phases      ] GC(475)   Merge Heap Roots: 0.3ms
[139.231s][info][gc,phases      ] GC(475)   Evacuate Collection Set: 25.4ms
[139.231s][info][gc,phases      ] GC(475)   Post Evacuate Collection Set: 1.9ms
[139.231s][info][gc,phases      ] GC(475)   Other: 0.2ms
[139.231s][info][gc,heap        ] GC(475) Eden regions: 198->0(479)
[139.231s][info][gc,heap        ] GC(475) Survivor regions: 41->24(41)
[139.231s][info][gc,heap        ] GC(475) Old regions: 368->407
[139.231s][info][gc,heap        ] GC(475) Archive regions: 0->0
[139.232s][info][gc,heap        ] GC(475) Humongous regions: 122->122
[139.232s][info][gc,metaspace   ] GC(475) Metaspace: 68163K(69120K)->68163K(69120K) NonClass: 59744K(60224K)->59744K(60224K) Class: 8418K(8896K)->8418K(8896K)
[139.232s][info][gc             ] GC(475) Pause Young (Concurrent Start) (G1 Humongous Allocation) 718M->542M(1194M) 28.495ms
[139.232s][info][gc             ] GC(476) Concurrent Mark Cycle
[139.232s][info][gc,cpu         ] GC(475) User=0.69s Sys=0.00s Real=0.03s
[139.232s][info][gc,marking     ] GC(476) Concurrent Scan Root Regions
[139.237s][info][gc,marking     ] GC(476) Concurrent Scan Root Regions 5.656ms
[139.237s][info][gc,marking     ] GC(476) Concurrent Mark
[139.237s][info][gc,marking     ] GC(476) Concurrent Mark From Roots
[139.237s][info][gc,task        ] GC(476) Using 8 workers of 8 for marking
[139.287s][info][gc,marking     ] GC(476) Concurrent Mark From Roots 49.860ms
[139.287s][info][gc,marking     ] GC(476) Concurrent Preclean
[139.287s][info][gc,marking     ] GC(476) Concurrent Preclean 0.118ms
[139.288s][info][gc,start       ] GC(476) Pause Remark
[139.289s][info][gc             ] GC(476) Pause Remark 629M->450M(1194M) 1.918ms
[139.290s][info][gc,cpu         ] GC(476) User=0.00s Sys=0.00s Real=0.00s
[139.290s][info][gc,marking     ] GC(476) Concurrent Mark 52.225ms
[139.290s][info][gc,marking     ] GC(476) Concurrent Rebuild Remembered Sets and Scrub Regions
[139.332s][info][gc,marking     ] GC(476) Concurrent Rebuild Remembered Sets and Scrub Regions 42.708ms
[139.333s][info][gc,start       ] GC(476) Pause Cleanup
[139.333s][info][gc             ] GC(476) Pause Cleanup 511M->511M(1194M) 0.414ms
[139.333s][info][gc,cpu         ] GC(476) User=0.00s Sys=0.00s Real=0.00s
[139.333s][info][gc,marking     ] GC(476) Concurrent Clear Claimed Marks
[139.333s][info][gc,marking     ] GC(476) Concurrent Clear Claimed Marks 0.121ms
[139.333s][info][gc,marking     ] GC(476) Concurrent Cleanup for Next Mark
[139.335s][info][gc,marking     ] GC(476) Concurrent Cleanup for Next Mark 1.607ms
[139.335s][info][gc             ] GC(476) Concurrent Mark Cycle 103.298ms
[139.520s][info][gc,start       ] GC(477) Pause Young (Prepare Mixed) (G1 Evacuation Pause)
[139.520s][info][gc,task        ] GC(477) Using 28 workers of 33 for evacuation
[139.548s][info][gc,phases      ] GC(477)   Pre Evacuate Collection Set: 0.3ms
[139.548s][info][gc,phases      ] GC(477)   Merge Heap Roots: 0.8ms
[139.548s][info][gc,phases      ] GC(477)   Evacuate Collection Set: 25.3ms
[139.548s][info][gc,phases      ] GC(477)   Post Evacuate Collection Set: 0.8ms
[139.548s][info][gc,phases      ] GC(477)   Other: 0.2ms
[139.548s][info][gc,heap        ] GC(477) Eden regions: 479->0(584)
[139.548s][info][gc,heap        ] GC(477) Survivor regions: 24->59(63)
[139.548s][info][gc,heap        ] GC(477) Old regions: 316->316
[139.548s][info][gc,heap        ] GC(477) Archive regions: 0->0
[139.548s][info][gc,heap        ] GC(477) Humongous regions: 54->54
[139.548s][info][gc,metaspace   ] GC(477) Metaspace: 68163K(69120K)->68163K(69120K) NonClass: 59744K(60224K)->59744K(60224K) Class: 8418K(8896K)->8418K(8896K)
[139.548s][info][gc             ] GC(477) Pause Young (Prepare Mixed) (G1 Evacuation Pause) 862M->419M(1194M) 27.758ms
[139.548s][info][gc,cpu         ] GC(477) User=0.44s Sys=0.00s Real=0.02s
[140.567s][info][gc,start       ] GC(478) Pause Young (Mixed) (G1 Evacuation Pause)
[140.567s][info][gc,task        ] GC(478) Using 28 workers of 33 for evacuation
[140.623s][info][gc,phases      ] GC(478)   Pre Evacuate Collection Set: 0.3ms
[140.623s][info][gc,phases      ] GC(478)   Merge Heap Roots: 0.8ms
[140.623s][info][gc,phases      ] GC(478)   Evacuate Collection Set: 53.6ms
[140.623s][info][gc,phases      ] GC(478)   Post Evacuate Collection Set: 0.9ms
[140.623s][info][gc,phases      ] GC(478)   Other: 0.2ms
[140.623s][info][gc,heap        ] GC(478) Eden regions: 584->0(530)
[140.623s][info][gc,heap        ] GC(478) Survivor regions: 59->81(81)
[140.623s][info][gc,heap        ] GC(478) Old regions: 316->326
[140.623s][info][gc,heap        ] GC(478) Archive regions: 0->0
[140.623s][info][gc,heap        ] GC(478) Humongous regions: 108->98
[140.623s][info][gc,metaspace   ] GC(478) Metaspace: 68185K(69184K)->68185K(69184K) NonClass: 59766K(60288K)->59766K(60288K) Class: 8419K(8896K)->8419K(8896K)
[140.623s][info][gc             ] GC(478) Pause Young (Mixed) (G1 Evacuation Pause) 1057M->495M(1194M) 56.177ms
[140.623s][info][gc,cpu         ] GC(478) User=1.31s Sys=0.00s Real=0.05s
[140.639s][info][gc,start       ] GC(479) Pause Young (Concurrent Start) (G1 Humongous Allocation)
[140.639s][info][gc,task        ] GC(479) Using 28 workers of 33 for evacuation
[140.667s][info][gc,phases      ] GC(479)   Pre Evacuate Collection Set: 0.3ms
[140.667s][info][gc,phases      ] GC(479)   Merge Heap Roots: 0.3ms
[140.667s][info][gc,phases      ] GC(479)   Evacuate Collection Set: 26.0ms
[140.667s][info][gc,phases      ] GC(479)   Post Evacuate Collection Set: 0.5ms
[140.667s][info][gc,phases      ] GC(479)   Other: 0.1ms
[140.667s][info][gc,heap        ] GC(479) Eden regions: 35->0(537)
[140.667s][info][gc,heap        ] GC(479) Survivor regions: 81->14(77)
[140.667s][info][gc,heap        ] GC(479) Old regions: 326->410
[140.667s][info][gc,heap        ] GC(479) Archive regions: 0->0
[140.667s][info][gc,heap        ] GC(479) Humongous regions: 98->98
[140.667s][info][gc,metaspace   ] GC(479) Metaspace: 68186K(69184K)->68186K(69184K) NonClass: 59767K(60288K)->59767K(60288K) Class: 8419K(8896K)->8419K(8896K)
[140.667s][info][gc             ] GC(479) Pause Young (Concurrent Start) (G1 Humongous Allocation) 530M->512M(1194M) 27.490ms
[140.667s][info][gc             ] GC(480) Concurrent Mark Cycle
[140.667s][info][gc,cpu         ] GC(479) User=0.88s Sys=0.00s Real=0.03s
[140.667s][info][gc,marking     ] GC(480) Concurrent Scan Root Regions
[140.674s][info][gc,marking     ] GC(480) Concurrent Scan Root Regions 7.425ms
[140.674s][info][gc,marking     ] GC(480) Concurrent Mark
[140.674s][info][gc,marking     ] GC(480) Concurrent Mark From Roots
[140.674s][info][gc,task        ] GC(480) Using 8 workers of 8 for marking
[140.702s][info][gc,marking     ] GC(480) Concurrent Mark From Roots 27.911ms
[140.702s][info][gc,marking     ] GC(480) Concurrent Preclean
[140.702s][info][gc,marking     ] GC(480) Concurrent Preclean 0.078ms
[140.703s][info][gc,start       ] GC(480) Pause Remark
[140.705s][info][gc             ] GC(480) Pause Remark 551M->328M(1130M) 2.365ms
[140.705s][info][gc,cpu         ] GC(480) User=0.02s Sys=0.00s Real=0.02s
[140.705s][info][gc,marking     ] GC(480) Concurrent Mark 30.690ms
[140.705s][info][gc,marking     ] GC(480) Concurrent Rebuild Remembered Sets and Scrub Regions
[140.736s][info][gc,marking     ] GC(480) Concurrent Rebuild Remembered Sets and Scrub Regions 31.387ms
[140.737s][info][gc,start       ] GC(480) Pause Cleanup
[140.737s][info][gc             ] GC(480) Pause Cleanup 357M->357M(1130M) 0.407ms
[140.737s][info][gc,cpu         ] GC(480) User=0.00s Sys=0.00s Real=0.00s
[140.737s][info][gc,marking     ] GC(480) Concurrent Clear Claimed Marks
[140.737s][info][gc,marking     ] GC(480) Concurrent Clear Claimed Marks 0.105ms
[140.737s][info][gc,marking     ] GC(480) Concurrent Cleanup for Next Mark
[140.738s][info][gc,marking     ] GC(480) Concurrent Cleanup for Next Mark 0.795ms
[140.738s][info][gc             ] GC(480) Concurrent Mark Cycle 71.318ms
[141.395s][info][gc,start       ] GC(481) Pause Young (Prepare Mixed) (G1 Evacuation Pause)
[141.395s][info][gc,task        ] GC(481) Using 27 workers of 33 for evacuation
[141.433s][info][gc,phases      ] GC(481)   Pre Evacuate Collection Set: 0.3ms
[141.433s][info][gc,phases      ] GC(481)   Merge Heap Roots: 0.7ms
[141.433s][info][gc,phases      ] GC(481)   Evacuate Collection Set: 35.4ms
[141.433s][info][gc,phases      ] GC(481)   Post Evacuate Collection Set: 0.8ms
[141.433s][info][gc,phases      ] GC(481)   Other: 0.2ms
[141.433s][info][gc,heap        ] GC(481) Eden regions: 537->0(565)
[141.433s][info][gc,heap        ] GC(481) Survivor regions: 14->67(69)
[141.433s][info][gc,heap        ] GC(481) Old regions: 275->275
[141.433s][info][gc,heap        ] GC(481) Archive regions: 0->0
[141.433s][info][gc,heap        ] GC(481) Humongous regions: 68->58
[141.433s][info][gc,metaspace   ] GC(481) Metaspace: 68197K(69184K)->68197K(69184K) NonClass: 59777K(60288K)->59777K(60288K) Class: 8419K(8896K)->8419K(8896K)
[141.433s][info][gc             ] GC(481) Pause Young (Prepare Mixed) (G1 Evacuation Pause) 884M->390M(1130M) 37.712ms
[141.433s][info][gc,cpu         ] GC(481) User=1.27s Sys=0.00s Real=0.05s
[142.072s][info][gc,start       ] GC(482) Pause Young (Mixed) (G1 Evacuation Pause)
[142.072s][info][gc,task        ] GC(482) Using 27 workers of 33 for evacuation
[142.145s][info][gc,phases      ] GC(482)   Pre Evacuate Collection Set: 0.3ms
[142.170s][info][gc,phases      ] GC(482)   Merge Heap Roots: 0.7ms
[142.170s][info][gc,phases      ] GC(482)   Evacuate Collection Set: 71.0ms
[142.170s][info][gc,phases      ] GC(482)   Post Evacuate Collection Set: 0.7ms
[142.170s][info][gc,phases      ] GC(482)   Other: 0.2ms
[142.170s][info][gc,heap        ] GC(482) Eden regions: 565->0(529)
[142.170s][info][gc,heap        ] GC(482) Survivor regions: 67->76(79)
[142.170s][info][gc,heap        ] GC(482) Old regions: 275->334
[142.170s][info][gc,heap        ] GC(482) Archive regions: 0->0
[142.170s][info][gc,heap        ] GC(482) Humongous regions: 214->161
[142.170s][info][gc,metaspace   ] GC(482) Metaspace: 68197K(69184K)->68197K(69184K) NonClass: 59778K(60288K)->59778K(60288K) Class: 8419K(8896K)->8419K(8896K)
[142.170s][info][gc             ] GC(482) Pause Young (Mixed) (G1 Evacuation Pause) 1111M->560M(1264M) 98.208ms
[142.170s][info][gc,cpu         ] GC(482) User=2.02s Sys=0.09s Real=0.11s
[142.170s][info][gc,start       ] GC(483) Pause Young (Concurrent Start) (G1 Humongous Allocation)
[142.170s][info][gc,task        ] GC(483) Using 30 workers of 33 for evacuation
[142.207s][info][gc,phases      ] GC(483)   Pre Evacuate Collection Set: 0.4ms
[142.207s][info][gc,phases      ] GC(483)   Merge Heap Roots: 0.3ms
[142.207s][info][gc,phases      ] GC(483)   Evacuate Collection Set: 35.7ms
[142.207s][info][gc,phases      ] GC(483)   Post Evacuate Collection Set: 0.4ms
[142.207s][info][gc,phases      ] GC(483)   Other: 0.1ms
[142.208s][info][gc,heap        ] GC(483) Eden regions: 2->0(555)
[142.208s][info][gc,heap        ] GC(483) Survivor regions: 76->2(76)
[142.208s][info][gc,heap        ] GC(483) Old regions: 334->409
[142.208s][info][gc,heap        ] GC(483) Archive regions: 0->0
[142.208s][info][gc,heap        ] GC(483) Humongous regions: 161->161
[142.208s][info][gc,metaspace   ] GC(483) Metaspace: 68197K(69184K)->68197K(69184K) NonClass: 59778K(60288K)->59778K(60288K) Class: 8419K(8896K)->8419K(8896K)
[142.208s][info][gc             ] GC(483) Pause Young (Concurrent Start) (G1 Humongous Allocation) 562M->561M(1264M) 37.157ms
[142.208s][info][gc             ] GC(484) Concurrent Mark Cycle
[142.208s][info][gc,cpu         ] GC(483) User=0.94s Sys=0.00s Real=0.02s
[142.208s][info][gc,marking     ] GC(484) Concurrent Scan Root Regions
[142.214s][info][gc,marking     ] GC(484) Concurrent Scan Root Regions 5.920ms
[142.214s][info][gc,marking     ] GC(484) Concurrent Mark
[142.214s][info][gc,marking     ] GC(484) Concurrent Mark From Roots
[142.214s][info][gc,task        ] GC(484) Using 8 workers of 8 for marking
[142.243s][info][gc,marking     ] GC(484) Concurrent Mark From Roots 29.317ms
[142.243s][info][gc,marking     ] GC(484) Concurrent Preclean
[142.243s][info][gc,marking     ] GC(484) Concurrent Preclean 0.156ms
[142.243s][info][gc,start       ] GC(484) Pause Remark
[142.246s][info][gc             ] GC(484) Pause Remark 651M->444M(1264M) 2.514ms
[142.246s][info][gc,cpu         ] GC(484) User=0.00s Sys=0.00s Real=0.00s
[142.246s][info][gc,marking     ] GC(484) Concurrent Mark 32.404ms
[142.246s][info][gc,marking     ] GC(484) Concurrent Rebuild Remembered Sets and Scrub Regions
[142.264s][info][gc,marking     ] GC(484) Concurrent Rebuild Remembered Sets and Scrub Regions 18.186ms
[142.265s][info][gc,start       ] GC(484) Pause Cleanup
[142.265s][info][gc             ] GC(484) Pause Cleanup 467M->467M(1264M) 0.428ms
[142.265s][info][gc,cpu         ] GC(484) User=0.00s Sys=0.00s Real=0.00s
[142.265s][info][gc,marking     ] GC(484) Concurrent Clear Claimed Marks
[142.265s][info][gc,marking     ] GC(484) Concurrent Clear Claimed Marks 0.129ms
[142.265s][info][gc,marking     ] GC(484) Concurrent Cleanup for Next Mark
[142.266s][info][gc,marking     ] GC(484) Concurrent Cleanup for Next Mark 0.949ms
[142.266s][info][gc             ] GC(484) Concurrent Mark Cycle 58.607ms
[142.583s][info][gc,start       ] GC(485) Pause Young (Prepare Mixed) (G1 Evacuation Pause)
[142.583s][info][gc,task        ] GC(485) Using 30 workers of 33 for evacuation
[142.616s][info][gc,phases      ] GC(485)   Pre Evacuate Collection Set: 0.3ms
[142.617s][info][gc,phases      ] GC(485)   Merge Heap Roots: 0.7ms
[142.617s][info][gc,phases      ] GC(485)   Evacuate Collection Set: 31.8ms
[142.617s][info][gc,phases      ] GC(485)   Post Evacuate Collection Set: 0.7ms
[142.617s][info][gc,phases      ] GC(485)   Other: 0.2ms
[142.617s][info][gc,heap        ] GC(485) Eden regions: 555->0(619)
[142.617s][info][gc,heap        ] GC(485) Survivor regions: 2->53(70)
[142.617s][info][gc,heap        ] GC(485) Old regions: 297->297
[142.617s][info][gc,heap        ] GC(485) Archive regions: 0->0
[142.617s][info][gc,heap        ] GC(485) Humongous regions: 252->130
[142.617s][info][gc,metaspace   ] GC(485) Metaspace: 68207K(69184K)->68207K(69184K) NonClass: 59788K(60288K)->59788K(60288K) Class: 8419K(8896K)->8419K(8896K)
[142.617s][info][gc             ] GC(485) Pause Young (Prepare Mixed) (G1 Evacuation Pause) 1095M->469M(1264M) 34.133ms
[142.617s][info][gc,cpu         ] GC(485) User=1.41s Sys=0.00s Real=0.05s
[142.772s][info][gc,start       ] GC(486) Pause Full (System.gc())
[142.772s][info][gc,task        ] GC(486) Using 30 workers of 33 for full compaction
[142.773s][info][gc,phases,start] GC(486) Phase 1: Mark live objects
[142.799s][info][gc,phases      ] GC(486) Phase 1: Mark live objects 26.124ms
[142.799s][info][gc,phases,start] GC(486) Phase 2: Prepare compaction
[142.805s][info][gc,phases      ] GC(486) Phase 2: Prepare compaction 5.960ms
[142.805s][info][gc,phases,start] GC(486) Phase 3: Adjust pointers
[142.815s][info][gc,phases      ] GC(486) Phase 3: Adjust pointers 9.848ms
[142.815s][info][gc,phases,start] GC(486) Phase 4: Compact heap
[142.816s][info][gc,phases      ] GC(486) Phase 4: Compact heap 0.837ms
[142.826s][info][gc,heap        ] GC(486) Eden regions: 236->0(323)
[142.826s][info][gc,heap        ] GC(486) Survivor regions: 53->0(70)
[142.826s][info][gc,heap        ] GC(486) Old regions: 297->161
[142.826s][info][gc,heap        ] GC(486) Archive regions: 0->0
[142.826s][info][gc,heap        ] GC(486) Humongous regions: 133->10
[142.826s][info][gc,metaspace   ] GC(486) Metaspace: 68207K(69184K)->68207K(69184K) NonClass: 59788K(60288K)->59788K(60288K) Class: 8419K(8896K)->8419K(8896K)
[142.826s][info][gc             ] GC(486) Pause Full (System.gc()) 708M->149M(570M) 54.737ms
[142.826s][info][gc,cpu         ] GC(486) User=0.48s Sys=0.00s Real=0.04s
[142.860s][info][gc,start       ] GC(487) Pause Young (Concurrent Start) (G1 Humongous Allocation)
[142.860s][info][gc,task        ] GC(487) Using 21 workers of 33 for evacuation
[142.862s][info][gc,phases      ] GC(487)   Pre Evacuate Collection Set: 0.5ms
[142.862s][info][gc,phases      ] GC(487)   Merge Heap Roots: 0.1ms
[142.862s][info][gc,phases      ] GC(487)   Evacuate Collection Set: 0.9ms
[142.862s][info][gc,phases      ] GC(487)   Post Evacuate Collection Set: 0.5ms
[142.862s][info][gc,phases      ] GC(487)   Other: 0.1ms
[142.862s][info][gc,heap        ] GC(487) Eden regions: 19->0(327)
[142.862s][info][gc,heap        ] GC(487) Survivor regions: 0->7(41)
[142.862s][info][gc,heap        ] GC(487) Old regions: 161->161
[142.862s][info][gc,heap        ] GC(487) Archive regions: 0->0
[142.862s][info][gc,heap        ] GC(487) Humongous regions: 10->10
[142.862s][info][gc,metaspace   ] GC(487) Metaspace: 68208K(69184K)->68208K(69184K) NonClass: 59788K(60288K)->59788K(60288K) Class: 8419K(8896K)->8419K(8896K)
[142.862s][info][gc             ] GC(487) Pause Young (Concurrent Start) (G1 Humongous Allocation) 168M->156M(570M) 2.523ms
[142.862s][info][gc             ] GC(488) Concurrent Mark Cycle
[142.862s][info][gc,cpu         ] GC(487) User=0.00s Sys=0.00s Real=0.00s
[142.862s][info][gc,marking     ] GC(488) Concurrent Scan Root Regions
[142.863s][info][gc,marking     ] GC(488) Concurrent Scan Root Regions 0.739ms
[142.863s][info][gc,marking     ] GC(488) Concurrent Mark
[142.863s][info][gc,marking     ] GC(488) Concurrent Mark From Roots
[142.863s][info][gc,task        ] GC(488) Using 8 workers of 8 for marking
[142.905s][info][gc,marking     ] GC(488) Concurrent Mark From Roots 42.042ms
[142.905s][info][gc,marking     ] GC(488) Concurrent Preclean
[142.905s][info][gc,marking     ] GC(488) Concurrent Preclean 0.109ms
[142.905s][info][gc,start       ] GC(488) Pause Remark
[142.907s][info][gc             ] GC(488) Pause Remark 195M->195M(570M) 1.869ms
[142.907s][info][gc,cpu         ] GC(488) User=0.00s Sys=0.00s Real=0.00s
[142.907s][info][gc,marking     ] GC(488) Concurrent Mark 44.375ms
[142.908s][info][gc,marking     ] GC(488) Concurrent Rebuild Remembered Sets and Scrub Regions
[142.920s][info][gc,marking     ] GC(488) Concurrent Rebuild Remembered Sets and Scrub Regions 12.354ms
[142.920s][info][gc,start       ] GC(488) Pause Cleanup
[142.920s][info][gc             ] GC(488) Pause Cleanup 215M->215M(570M) 0.228ms
[142.920s][info][gc,cpu         ] GC(488) User=0.00s Sys=0.00s Real=0.00s
[142.920s][info][gc,marking     ] GC(488) Concurrent Clear Claimed Marks
[142.920s][info][gc,marking     ] GC(488) Concurrent Clear Claimed Marks 0.090ms
[142.920s][info][gc,marking     ] GC(488) Concurrent Cleanup for Next Mark
[142.921s][info][gc,marking     ] GC(488) Concurrent Cleanup for Next Mark 0.360ms
[142.921s][info][gc             ] GC(488) Concurrent Mark Cycle 58.547ms
[143.049s][info][gc,start       ] GC(489) Pause Young (Prepare Mixed) (G1 Evacuation Pause)
[143.049s][info][gc,task        ] GC(489) Using 17 workers of 33 for evacuation
[143.080s][info][gc,phases      ] GC(489)   Pre Evacuate Collection Set: 0.2ms
[143.080s][info][gc,phases      ] GC(489)   Merge Heap Roots: 0.2ms
[143.080s][info][gc,phases      ] GC(489)   Evacuate Collection Set: 29.6ms
[143.080s][info][gc,phases      ] GC(489)   Post Evacuate Collection Set: 0.7ms
[143.080s][info][gc,phases      ] GC(489)   Other: 0.2ms
[143.080s][info][gc,heap        ] GC(489) Eden regions: 327->0(246)
[143.080s][info][gc,heap        ] GC(489) Survivor regions: 7->42(42)
[143.080s][info][gc,heap        ] GC(489) Old regions: 160->203
[143.080s][info][gc,heap        ] GC(489) Archive regions: 0->0
[143.080s][info][gc,heap        ] GC(489) Humongous regions: 43->38
[143.080s][info][gc,metaspace   ] GC(489) Metaspace: 68209K(69184K)->68209K(69184K) NonClass: 59789K(60288K)->59789K(60288K) Class: 8419K(8896K)->8419K(8896K)
[143.080s][info][gc             ] GC(489) Pause Young (Prepare Mixed) (G1 Evacuation Pause) 516M->261M(622M) 31.406ms
[143.080s][info][gc,cpu         ] GC(489) User=0.25s Sys=0.02s Real=0.02s
[143.204s][info][gc,start       ] GC(490) Pause Young (Mixed) (G1 Evacuation Pause)
[143.204s][info][gc,task        ] GC(490) Using 15 workers of 33 for evacuation
[143.240s][info][gc,phases      ] GC(490)   Pre Evacuate Collection Set: 0.2ms
[143.240s][info][gc,phases      ] GC(490)   Merge Heap Roots: 0.4ms
[143.240s][info][gc,phases      ] GC(490)   Evacuate Collection Set: 33.4ms
[143.240s][info][gc,phases      ] GC(490)   Post Evacuate Collection Set: 1.9ms
[143.240s][info][gc,phases      ] GC(490)   Other: 0.2ms
[143.240s][info][gc,heap        ] GC(490) Eden regions: 246->0(434)
[143.240s][info][gc,heap        ] GC(490) Survivor regions: 42->30(36)
[143.240s][info][gc,heap        ] GC(490) Old regions: 203->243
[143.240s][info][gc,heap        ] GC(490) Archive regions: 0->0
[143.240s][info][gc,heap        ] GC(490) Humongous regions: 58->58
[143.240s][info][gc,metaspace   ] GC(490) Metaspace: 68209K(69184K)->68209K(69184K) NonClass: 59789K(60288K)->59789K(60288K) Class: 8419K(8896K)->8419K(8896K)
[143.240s][info][gc             ] GC(490) Pause Young (Mixed) (G1 Evacuation Pause) 527M->314M(918M) 36.341ms
[143.240s][info][gc,cpu         ] GC(490) User=0.70s Sys=0.00s Real=0.05s
[143.332s][info][gc,start       ] GC(491) Pause Young (Concurrent Start) (G1 Humongous Allocation)
[143.333s][info][gc,task        ] GC(491) Using 22 workers of 33 for evacuation
[143.354s][info][gc,phases      ] GC(491)   Pre Evacuate Collection Set: 0.4ms
[143.355s][info][gc,phases      ] GC(491)   Merge Heap Roots: 0.2ms
[143.355s][info][gc,phases      ] GC(491)   Evacuate Collection Set: 20.6ms
[143.355s][info][gc,phases      ] GC(491)   Post Evacuate Collection Set: 0.5ms
[143.355s][info][gc,phases      ] GC(491)   Other: 0.2ms
[143.355s][info][gc,heap        ] GC(491) Eden regions: 156->0(433)
[143.355s][info][gc,heap        ] GC(491) Survivor regions: 30->43(58)
[143.355s][info][gc,heap        ] GC(491) Old regions: 243->243
[143.355s][info][gc,heap        ] GC(491) Archive regions: 0->0
[143.355s][info][gc,heap        ] GC(491) Humongous regions: 58->58
[143.355s][info][gc,metaspace   ] GC(491) Metaspace: 68209K(69184K)->68209K(69184K) NonClass: 59789K(60288K)->59789K(60288K) Class: 8419K(8896K)->8419K(8896K)
[143.355s][info][gc             ] GC(491) Pause Young (Concurrent Start) (G1 Humongous Allocation) 470M->326M(918M) 22.285ms
[143.355s][info][gc             ] GC(492) Concurrent Mark Cycle
[143.355s][info][gc,cpu         ] GC(491) User=0.31s Sys=0.03s Real=0.02s
[143.355s][info][gc,marking     ] GC(492) Concurrent Scan Root Regions
[143.360s][info][gc,marking     ] GC(492) Concurrent Scan Root Regions 4.946ms
[143.360s][info][gc,marking     ] GC(492) Concurrent Mark
[143.360s][info][gc,marking     ] GC(492) Concurrent Mark From Roots
[143.360s][info][gc,task        ] GC(492) Using 8 workers of 8 for marking
[143.414s][info][gc,marking     ] GC(492) Concurrent Mark From Roots 54.506ms
[143.414s][info][gc,marking     ] GC(492) Concurrent Preclean
[143.415s][info][gc,marking     ] GC(492) Concurrent Preclean 0.123ms
[143.415s][info][gc,start       ] GC(492) Pause Remark
[143.417s][info][gc             ] GC(492) Pause Remark 428M->404M(918M) 1.946ms
[143.417s][info][gc,cpu         ] GC(492) User=0.00s Sys=0.00s Real=0.00s
[143.417s][info][gc,marking     ] GC(492) Concurrent Mark 56.900ms
[143.417s][info][gc,marking     ] GC(492) Concurrent Rebuild Remembered Sets and Scrub Regions
[143.460s][info][gc,marking     ] GC(492) Concurrent Rebuild Remembered Sets and Scrub Regions 42.894ms
[143.460s][info][gc,start       ] GC(492) Pause Cleanup
[143.460s][info][gc             ] GC(492) Pause Cleanup 484M->484M(918M) 0.306ms
[143.460s][info][gc,cpu         ] GC(492) User=0.00s Sys=0.00s Real=0.00s
[143.460s][info][gc,marking     ] GC(492) Concurrent Clear Claimed Marks
[143.460s][info][gc,marking     ] GC(492) Concurrent Clear Claimed Marks 0.119ms
[143.460s][info][gc,marking     ] GC(492) Concurrent Cleanup for Next Mark
[143.462s][info][gc,marking     ] GC(492) Concurrent Cleanup for Next Mark 1.701ms
[143.462s][info][gc             ] GC(492) Concurrent Mark Cycle 107.375ms
[143.599s][info][gc,start       ] GC(493) Pause Young (Prepare Mixed) (G1 Evacuation Pause)
[143.599s][info][gc,task        ] GC(493) Using 22 workers of 33 for evacuation
[143.634s][info][gc,phases      ] GC(493)   Pre Evacuate Collection Set: 0.2ms
[143.634s][info][gc,phases      ] GC(493)   Merge Heap Roots: 0.8ms
[143.634s][info][gc,phases      ] GC(493)   Evacuate Collection Set: 32.7ms
[143.634s][info][gc,phases      ] GC(493)   Post Evacuate Collection Set: 0.6ms
[143.634s][info][gc,phases      ] GC(493)   Other: 0.2ms
[143.634s][info][gc,heap        ] GC(493) Eden regions: 433->0(422)
[143.634s][info][gc,heap        ] GC(493) Survivor regions: 43->51(60)
[143.634s][info][gc,heap        ] GC(493) Old regions: 243->267
[143.634s][info][gc,heap        ] GC(493) Archive regions: 0->0
[143.634s][info][gc,heap        ] GC(493) Humongous regions: 54->54
[143.634s][info][gc,metaspace   ] GC(493) Metaspace: 68209K(69184K)->68209K(69184K) NonClass: 59789K(60288K)->59789K(60288K) Class: 8419K(8896K)->8419K(8896K)
[143.634s][info][gc             ] GC(493) Pause Young (Prepare Mixed) (G1 Evacuation Pause) 755M->354M(918M) 34.851ms
[143.634s][info][gc,cpu         ] GC(493) User=0.69s Sys=0.00s Real=0.03s
[143.863s][info][gc,start       ] GC(494) Pause Young (Mixed) (G1 Evacuation Pause)
[143.863s][info][gc,task        ] GC(494) Using 22 workers of 33 for evacuation
[143.896s][info][gc,phases      ] GC(494)   Pre Evacuate Collection Set: 0.2ms
[143.896s][info][gc,phases      ] GC(494)   Merge Heap Roots: 0.2ms
[143.896s][info][gc,phases      ] GC(494)   Evacuate Collection Set: 31.1ms
[143.896s][info][gc,phases      ] GC(494)   Post Evacuate Collection Set: 0.5ms
[143.896s][info][gc,phases      ] GC(494)   Other: 0.1ms
[143.896s][info][gc,heap        ] GC(494) Eden regions: 422->0(418)
[143.896s][info][gc,heap        ] GC(494) Survivor regions: 51->31(60)
[143.896s][info][gc,heap        ] GC(494) Old regions: 267->305
[143.896s][info][gc,heap        ] GC(494) Archive regions: 0->0
[143.896s][info][gc,heap        ] GC(494) Humongous regions: 54->54
[143.896s][info][gc,metaspace   ] GC(494) Metaspace: 68209K(69184K)->68209K(69184K) NonClass: 59789K(60288K)->59789K(60288K) Class: 8419K(8896K)->8419K(8896K)
[143.896s][info][gc             ] GC(494) Pause Young (Mixed) (G1 Evacuation Pause) 776M->377M(918M) 32.491ms
[143.896s][info][gc,cpu         ] GC(494) User=0.69s Sys=0.00s Real=0.03s
[143.974s][info][gc,start       ] GC(495) Pause Young (Concurrent Start) (G1 Humongous Allocation)
[143.974s][info][gc,task        ] GC(495) Using 22 workers of 33 for evacuation
[143.992s][info][gc,phases      ] GC(495)   Pre Evacuate Collection Set: 0.4ms
[143.992s][info][gc,phases      ] GC(495)   Merge Heap Roots: 0.2ms
[143.992s][info][gc,phases      ] GC(495)   Evacuate Collection Set: 16.7ms
[143.992s][info][gc,phases      ] GC(495)   Post Evacuate Collection Set: 0.5ms
[143.992s][info][gc,phases      ] GC(495)   Other: 0.1ms
[143.992s][info][gc,heap        ] GC(495) Eden regions: 80->0(423)
[143.992s][info][gc,heap        ] GC(495) Survivor regions: 31->34(57)
[143.993s][info][gc,heap        ] GC(495) Old regions: 305->305
[143.993s][info][gc,heap        ] GC(495) Archive regions: 0->0
[143.993s][info][gc,heap        ] GC(495) Humongous regions: 54->54
[143.993s][info][gc,metaspace   ] GC(495) Metaspace: 68209K(69184K)->68209K(69184K) NonClass: 59789K(60288K)->59789K(60288K) Class: 8419K(8896K)->8419K(8896K)
[143.993s][info][gc             ] GC(495) Pause Young (Concurrent Start) (G1 Humongous Allocation) 456M->380M(918M) 18.222ms
[143.993s][info][gc             ] GC(496) Concurrent Mark Cycle
[143.993s][info][gc,cpu         ] GC(495) User=0.34s Sys=0.00s Real=0.01s
[143.993s][info][gc,marking     ] GC(496) Concurrent Scan Root Regions
[143.998s][info][gc,marking     ] GC(496) Concurrent Scan Root Regions 5.425ms
[143.998s][info][gc,marking     ] GC(496) Concurrent Mark
[143.998s][info][gc,marking     ] GC(496) Concurrent Mark From Roots
[143.998s][info][gc,task        ] GC(496) Using 8 workers of 8 for marking
[144.054s][info][gc,marking     ] GC(496) Concurrent Mark From Roots 55.653ms
[144.054s][info][gc,marking     ] GC(496) Concurrent Preclean
[144.054s][info][gc,marking     ] GC(496) Concurrent Preclean 0.116ms
[144.054s][info][gc,start       ] GC(496) Pause Remark
[144.056s][info][gc             ] GC(496) Pause Remark 383M->312M(918M) 1.839ms
[144.056s][info][gc,cpu         ] GC(496) User=0.00s Sys=0.00s Real=0.00s
[144.056s][info][gc,marking     ] GC(496) Concurrent Mark 57.943ms
[144.056s][info][gc,marking     ] GC(496) Concurrent Rebuild Remembered Sets and Scrub Regions
[144.089s][info][gc,marking     ] GC(496) Concurrent Rebuild Remembered Sets and Scrub Regions 32.611ms
[144.089s][info][gc,start       ] GC(496) Pause Cleanup
[144.089s][info][gc             ] GC(496) Pause Cleanup 315M->315M(918M) 0.403ms
[144.089s][info][gc,cpu         ] GC(496) User=0.00s Sys=0.00s Real=0.00s
[144.090s][info][gc,marking     ] GC(496) Concurrent Clear Claimed Marks
[144.090s][info][gc,marking     ] GC(496) Concurrent Clear Claimed Marks 0.113ms
[144.090s][info][gc,marking     ] GC(496) Concurrent Cleanup for Next Mark
[144.090s][info][gc,marking     ] GC(496) Concurrent Cleanup for Next Mark 0.615ms
[144.090s][info][gc             ] GC(496) Concurrent Mark Cycle 97.667ms
[144.883s][info][gc,start       ] GC(497) Pause Young (Prepare Mixed) (G1 Evacuation Pause)
[144.883s][info][gc,task        ] GC(497) Using 22 workers of 33 for evacuation
[144.942s][info][gc,phases      ] GC(497)   Pre Evacuate Collection Set: 0.2ms
[144.942s][info][gc,phases      ] GC(497)   Merge Heap Roots: 0.6ms
[144.942s][info][gc,phases      ] GC(497)   Evacuate Collection Set: 57.1ms
[144.942s][info][gc,phases      ] GC(497)   Post Evacuate Collection Set: 0.7ms
[144.942s][info][gc,phases      ] GC(497)   Other: 0.2ms
[144.942s][info][gc,heap        ] GC(497) Eden regions: 423->0(320)
[144.942s][info][gc,heap        ] GC(497) Survivor regions: 34->58(58)
[144.942s][info][gc,heap        ] GC(497) Old regions: 258->332
[144.942s][info][gc,heap        ] GC(497) Archive regions: 0->0
[144.942s][info][gc,heap        ] GC(497) Humongous regions: 103->98
[144.942s][info][gc,metaspace   ] GC(497) Metaspace: 68214K(69184K)->68214K(69184K) NonClass: 59794K(60288K)->59794K(60288K) Class: 8419K(8896K)->8419K(8896K)
[144.942s][info][gc             ] GC(497) Pause Young (Prepare Mixed) (G1 Evacuation Pause) 805M->476M(950M) 59.107ms
[144.942s][info][gc,cpu         ] GC(497) User=1.38s Sys=0.00s Real=0.06s
[145.110s][info][gc,start       ] GC(498) Pause Young (Mixed) (G1 Evacuation Pause)
[145.110s][info][gc,task        ] GC(498) Using 22 workers of 33 for evacuation
[145.157s][info][gc,phases      ] GC(498)   Pre Evacuate Collection Set: 0.2ms
[145.157s][info][gc,phases      ] GC(498)   Merge Heap Roots: 0.6ms
[145.157s][info][gc,phases      ] GC(498)   Evacuate Collection Set: 45.8ms
[145.157s][info][gc,phases      ] GC(498)   Post Evacuate Collection Set: 0.5ms
[145.157s][info][gc,phases      ] GC(498)   Other: 0.2ms
[145.157s][info][gc,heap        ] GC(498) Eden regions: 320->0(287)
[145.157s][info][gc,heap        ] GC(498) Survivor regions: 58->41(48)
[145.157s][info][gc,heap        ] GC(498) Old regions: 332->383
[145.157s][info][gc,heap        ] GC(498) Archive regions: 0->0
[145.157s][info][gc,heap        ] GC(498) Humongous regions: 122->122
[145.157s][info][gc,metaspace   ] GC(498) Metaspace: 68214K(69184K)->68214K(69184K) NonClass: 59794K(60288K)->59794K(60288K) Class: 8419K(8896K)->8419K(8896K)
[145.158s][info][gc             ] GC(498) Pause Young (Mixed) (G1 Evacuation Pause) 820M->535M(950M) 47.683ms
[145.158s][info][gc,cpu         ] GC(498) User=1.03s Sys=0.00s Real=0.05s
[145.259s][info][gc,start       ] GC(499) Pause Young (Concurrent Start) (G1 Humongous Allocation)
[145.260s][info][gc,task        ] GC(499) Using 22 workers of 33 for evacuation
[145.290s][info][gc,phases      ] GC(499)   Pre Evacuate Collection Set: 0.4ms
[145.290s][info][gc,phases      ] GC(499)   Merge Heap Roots: 0.3ms
[145.290s][info][gc,phases      ] GC(499)   Evacuate Collection Set: 27.7ms
[145.290s][info][gc,phases      ] GC(499)   Post Evacuate Collection Set: 2.0ms
[145.290s][info][gc,phases      ] GC(499)   Other: 0.2ms
[145.290s][info][gc,heap        ] GC(499) Eden regions: 217->0(453)
[145.290s][info][gc,heap        ] GC(499) Survivor regions: 41->25(41)
[145.290s][info][gc,heap        ] GC(499) Old regions: 383->425
[145.290s][info][gc,heap        ] GC(499) Archive regions: 0->0
[145.290s][info][gc,heap        ] GC(499) Humongous regions: 122->122
[145.290s][info][gc,metaspace   ] GC(499) Metaspace: 68214K(69184K)->68214K(69184K) NonClass: 59794K(60288K)->59794K(60288K) Class: 8419K(8896K)->8419K(8896K)
[145.290s][info][gc             ] GC(499) Pause Young (Concurrent Start) (G1 Humongous Allocation) 752M->562M(1176M) 30.784ms
[145.290s][info][gc             ] GC(500) Concurrent Mark Cycle
[145.290s][info][gc,cpu         ] GC(499) User=0.69s Sys=0.00s Real=0.03s
[145.290s][info][gc,marking     ] GC(500) Concurrent Scan Root Regions
[145.296s][info][gc,marking     ] GC(500) Concurrent Scan Root Regions 5.882ms
[145.296s][info][gc,marking     ] GC(500) Concurrent Mark
[145.296s][info][gc,marking     ] GC(500) Concurrent Mark From Roots
[145.296s][info][gc,task        ] GC(500) Using 8 workers of 8 for marking
[145.346s][info][gc,marking     ] GC(500) Concurrent Mark From Roots 49.321ms
[145.346s][info][gc,marking     ] GC(500) Concurrent Preclean
[145.346s][info][gc,marking     ] GC(500) Concurrent Preclean 0.132ms
[145.346s][info][gc,start       ] GC(500) Pause Remark
[145.348s][info][gc             ] GC(500) Pause Remark 652M->471M(1176M) 1.903ms
[145.348s][info][gc,cpu         ] GC(500) User=0.00s Sys=0.00s Real=0.00s
[145.348s][info][gc,marking     ] GC(500) Concurrent Mark 51.683ms
[145.348s][info][gc,marking     ] GC(500) Concurrent Rebuild Remembered Sets and Scrub Regions
[145.394s][info][gc,marking     ] GC(500) Concurrent Rebuild Remembered Sets and Scrub Regions 45.666ms
[145.394s][info][gc,start       ] GC(500) Pause Cleanup
[145.394s][info][gc             ] GC(500) Pause Cleanup 540M->540M(1176M) 0.406ms
[145.394s][info][gc,cpu         ] GC(500) User=0.00s Sys=0.00s Real=0.00s
[145.394s][info][gc,marking     ] GC(500) Concurrent Clear Claimed Marks
[145.394s][info][gc,marking     ] GC(500) Concurrent Clear Claimed Marks 0.117ms
[145.394s][info][gc,marking     ] GC(500) Concurrent Cleanup for Next Mark
[145.396s][info][gc,marking     ] GC(500) Concurrent Cleanup for Next Mark 1.566ms
[145.396s][info][gc             ] GC(500) Concurrent Mark Cycle 105.867ms
[145.562s][info][gc,start       ] GC(501) Pause Young (Prepare Mixed) (G1 Evacuation Pause)
[145.562s][info][gc,task        ] GC(501) Using 28 workers of 33 for evacuation
[145.589s][info][gc,phases      ] GC(501)   Pre Evacuate Collection Set: 0.2ms
[145.589s][info][gc,phases      ] GC(501)   Merge Heap Roots: 0.8ms
[145.589s][info][gc,phases      ] GC(501)   Evacuate Collection Set: 25.3ms
[145.589s][info][gc,phases      ] GC(501)   Post Evacuate Collection Set: 0.8ms
[145.589s][info][gc,phases      ] GC(501)   Other: 0.1ms
[145.589s][info][gc,heap        ] GC(501) Eden regions: 453->0(568)
[145.590s][info][gc,heap        ] GC(501) Survivor regions: 25->58(60)
[145.590s][info][gc,heap        ] GC(501) Old regions: 332->332
[145.590s][info][gc,heap        ] GC(501) Archive regions: 0->0
[145.590s][info][gc,heap        ] GC(501) Humongous regions: 54->54
[145.590s][info][gc,metaspace   ] GC(501) Metaspace: 68214K(69184K)->68214K(69184K) NonClass: 59794K(60288K)->59794K(60288K) Class: 8419K(8896K)->8419K(8896K)
[145.590s][info][gc             ] GC(501) Pause Young (Prepare Mixed) (G1 Evacuation Pause) 854M->434M(1176M) 27.462ms
[145.590s][info][gc,cpu         ] GC(501) User=0.88s Sys=0.00s Real=0.03s
[146.559s][info][gc,start       ] GC(502) Pause Young (Mixed) (G1 Evacuation Pause)
[146.559s][info][gc,task        ] GC(502) Using 28 workers of 33 for evacuation
[146.615s][info][gc,phases      ] GC(502)   Pre Evacuate Collection Set: 0.2ms
[146.615s][info][gc,phases      ] GC(502)   Merge Heap Roots: 0.6ms
[146.615s][info][gc,phases      ] GC(502)   Evacuate Collection Set: 54.2ms
[146.615s][info][gc,phases      ] GC(502)   Post Evacuate Collection Set: 0.8ms
[146.615s][info][gc,phases      ] GC(502)   Other: 0.1ms
[146.615s][info][gc,heap        ] GC(502) Eden regions: 568->0(516)
[146.615s][info][gc,heap        ] GC(502) Survivor regions: 58->79(79)
[146.615s][info][gc,heap        ] GC(502) Old regions: 332->333
[146.615s][info][gc,heap        ] GC(502) Archive regions: 0->0
[146.615s][info][gc,heap        ] GC(502) Humongous regions: 103->98
[146.615s][info][gc,metaspace   ] GC(502) Metaspace: 68220K(69184K)->68220K(69184K) NonClass: 59800K(60288K)->59800K(60288K) Class: 8419K(8896K)->8419K(8896K)
[146.615s][info][gc             ] GC(502) Pause Young (Mixed) (G1 Evacuation Pause) 1051M->499M(1176M) 56.274ms
[146.615s][info][gc,cpu         ] GC(502) User=1.75s Sys=0.00s Real=0.06s
[146.641s][info][gc,start       ] GC(503) Pause Young (Concurrent Start) (G1 Humongous Allocation)
[146.641s][info][gc,task        ] GC(503) Using 28 workers of 33 for evacuation
[146.673s][info][gc,phases      ] GC(503)   Pre Evacuate Collection Set: 0.4ms
[146.673s][info][gc,phases      ] GC(503)   Merge Heap Roots: 0.3ms
[146.673s][info][gc,phases      ] GC(503)   Evacuate Collection Set: 30.7ms
[146.673s][info][gc,phases      ] GC(503)   Post Evacuate Collection Set: 0.5ms
[146.673s][info][gc,phases      ] GC(503)   Other: 0.2ms
[146.673s][info][gc,heap        ] GC(503) Eden regions: 27->0(528)
[146.673s][info][gc,heap        ] GC(503) Survivor regions: 79->11(75)
[146.673s][info][gc,heap        ] GC(503) Old regions: 333->416
[146.673s][info][gc,heap        ] GC(503) Archive regions: 0->0
[146.673s][info][gc,heap        ] GC(503) Humongous regions: 98->98
[146.673s][info][gc,metaspace   ] GC(503) Metaspace: 68220K(69184K)->68220K(69184K) NonClass: 59801K(60288K)->59801K(60288K) Class: 8419K(8896K)->8419K(8896K)
[146.673s][info][gc             ] GC(503) Pause Young (Concurrent Start) (G1 Humongous Allocation) 526M->514M(1176M) 32.303ms
[146.673s][info][gc             ] GC(504) Concurrent Mark Cycle
[146.673s][info][gc,cpu         ] GC(503) User=0.88s Sys=0.00s Real=0.03s
[146.673s][info][gc,marking     ] GC(504) Concurrent Scan Root Regions
[146.680s][info][gc,marking     ] GC(504) Concurrent Scan Root Regions 6.726ms
[146.680s][info][gc,marking     ] GC(504) Concurrent Mark
[146.680s][info][gc,marking     ] GC(504) Concurrent Mark From Roots
[146.680s][info][gc,task        ] GC(504) Using 8 workers of 8 for marking
[146.709s][info][gc,marking     ] GC(504) Concurrent Mark From Roots 28.883ms
[146.709s][info][gc,marking     ] GC(504) Concurrent Preclean
[146.709s][info][gc,marking     ] GC(504) Concurrent Preclean 0.109ms
[146.709s][info][gc,start       ] GC(504) Pause Remark
[146.712s][info][gc             ] GC(504) Pause Remark 562M->328M(1134M) 2.453ms
[146.712s][info][gc,cpu         ] GC(504) User=0.00s Sys=0.00s Real=0.00s
[146.712s][info][gc,marking     ] GC(504) Concurrent Mark 31.786ms
[146.712s][info][gc,marking     ] GC(504) Concurrent Rebuild Remembered Sets and Scrub Regions
[146.738s][info][gc,marking     ] GC(504) Concurrent Rebuild Remembered Sets and Scrub Regions 26.195ms
[146.738s][info][gc,start       ] GC(504) Pause Cleanup
[146.739s][info][gc             ] GC(504) Pause Cleanup 361M->361M(1134M) 0.353ms
[146.739s][info][gc,cpu         ] GC(504) User=0.00s Sys=0.00s Real=0.00s
[146.739s][info][gc,marking     ] GC(504) Concurrent Clear Claimed Marks
[146.739s][info][gc,marking     ] GC(504) Concurrent Clear Claimed Marks 0.100ms
[146.739s][info][gc,marking     ] GC(504) Concurrent Cleanup for Next Mark
[146.740s][info][gc,marking     ] GC(504) Concurrent Cleanup for Next Mark 0.798ms
[146.740s][info][gc             ] GC(504) Concurrent Mark Cycle 66.457ms
[147.283s][info][gc,start       ] GC(505) Pause Young (Prepare Mixed) (G1 Evacuation Pause)
[147.283s][info][gc,task        ] GC(505) Using 27 workers of 33 for evacuation
[147.322s][info][gc,phases      ] GC(505)   Pre Evacuate Collection Set: 0.3ms
[147.322s][info][gc,phases      ] GC(505)   Merge Heap Roots: 0.6ms
[147.322s][info][gc,phases      ] GC(505)   Evacuate Collection Set: 36.6ms
[147.322s][info][gc,phases      ] GC(505)   Post Evacuate Collection Set: 0.8ms
[147.322s][info][gc,phases      ] GC(505)   Other: 0.2ms
[147.322s][info][gc,heap        ] GC(505) Eden regions: 528->0(581)
[147.322s][info][gc,heap        ] GC(505) Survivor regions: 11->68(68)
[147.322s][info][gc,heap        ] GC(505) Old regions: 270->270
[147.322s][info][gc,heap        ] GC(505) Archive regions: 0->0
[147.322s][info][gc,heap        ] GC(505) Humongous regions: 68->58
[147.322s][info][gc,metaspace   ] GC(505) Metaspace: 68240K(69184K)->68240K(69184K) NonClass: 59820K(60288K)->59820K(60288K) Class: 8419K(8896K)->8419K(8896K)
[147.322s][info][gc             ] GC(505) Pause Young (Prepare Mixed) (G1 Evacuation Pause) 866M->385M(1134M) 38.858ms
[147.322s][info][gc,cpu         ] GC(505) User=0.84s Sys=0.00s Real=0.03s
[148.034s][info][gc,start       ] GC(506) Pause Young (Mixed) (G1 Evacuation Pause)
[148.034s][info][gc,task        ] GC(506) Using 27 workers of 33 for evacuation
[148.104s][info][gc,phases      ] GC(506)   Pre Evacuate Collection Set: 0.3ms
[148.104s][info][gc,phases      ] GC(506)   Merge Heap Roots: 0.6ms
[148.104s][info][gc,phases      ] GC(506)   Evacuate Collection Set: 68.3ms
[148.104s][info][gc,phases      ] GC(506)   Post Evacuate Collection Set: 0.7ms
[148.104s][info][gc,phases      ] GC(506)   Other: 0.2ms
[148.105s][info][gc,heap        ] GC(506) Eden regions: 581->0(543)
[148.105s][info][gc,heap        ] GC(506) Survivor regions: 68->75(82)
[148.105s][info][gc,heap        ] GC(506) Old regions: 270->328
[148.105s][info][gc,heap        ] GC(506) Archive regions: 0->0
[148.105s][info][gc,heap        ] GC(506) Humongous regions: 197->147
[148.105s][info][gc,metaspace   ] GC(506) Metaspace: 68246K(69184K)->68246K(69184K) NonClass: 59827K(60288K)->59827K(60288K) Class: 8419K(8896K)->8419K(8896K)
[148.105s][info][gc             ] GC(506) Pause Young (Mixed) (G1 Evacuation Pause) 1105M->539M(1256M) 70.530ms
[148.105s][info][gc,cpu         ] GC(506) User=1.61s Sys=0.08s Real=0.06s
[148.107s][info][gc,start       ] GC(507) Pause Young (Concurrent Start) (G1 Humongous Allocation)
[148.107s][info][gc,task        ] GC(507) Using 30 workers of 33 for evacuation
[148.134s][info][gc,phases      ] GC(507)   Pre Evacuate Collection Set: 0.3ms
[148.134s][info][gc,phases      ] GC(507)   Merge Heap Roots: 0.2ms
[148.134s][info][gc,phases      ] GC(507)   Evacuate Collection Set: 26.4ms
[148.134s][info][gc,phases      ] GC(507)   Post Evacuate Collection Set: 0.4ms
[148.134s][info][gc,phases      ] GC(507)   Other: 0.1ms
[148.134s][info][gc,heap        ] GC(507) Eden regions: 4->0(567)
[148.134s][info][gc,heap        ] GC(507) Survivor regions: 75->8(78)
[148.134s][info][gc,heap        ] GC(507) Old regions: 328->402
[148.134s][info][gc,heap        ] GC(507) Archive regions: 0->0
[148.134s][info][gc,heap        ] GC(507) Humongous regions: 147->147
[148.134s][info][gc,metaspace   ] GC(507) Metaspace: 68246K(69184K)->68246K(69184K) NonClass: 59827K(60288K)->59827K(60288K) Class: 8419K(8896K)->8419K(8896K)
[148.134s][info][gc             ] GC(507) Pause Young (Concurrent Start) (G1 Humongous Allocation) 542M->546M(1256M) 27.628ms
[148.134s][info][gc             ] GC(508) Concurrent Mark Cycle
[148.134s][info][gc,cpu         ] GC(507) User=0.47s Sys=0.00s Real=0.02s
[148.134s][info][gc,marking     ] GC(508) Concurrent Scan Root Regions
[148.140s][info][gc,marking     ] GC(508) Concurrent Scan Root Regions 5.711ms
[148.140s][info][gc,marking     ] GC(508) Concurrent Mark
[148.140s][info][gc,marking     ] GC(508) Concurrent Mark From Roots
[148.140s][info][gc,task        ] GC(508) Using 8 workers of 8 for marking
[148.170s][info][gc,marking     ] GC(508) Concurrent Mark From Roots 29.833ms
[148.170s][info][gc,marking     ] GC(508) Concurrent Preclean
[148.170s][info][gc,marking     ] GC(508) Concurrent Preclean 0.104ms
[148.170s][info][gc,start       ] GC(508) Pause Remark
[148.173s][info][gc             ] GC(508) Pause Remark 622M->407M(1256M) 2.440ms
[148.173s][info][gc,cpu         ] GC(508) User=0.00s Sys=0.00s Real=0.00s
[148.173s][info][gc,marking     ] GC(508) Concurrent Mark 32.750ms
[148.173s][info][gc,marking     ] GC(508) Concurrent Rebuild Remembered Sets and Scrub Regions
[148.196s][info][gc,marking     ] GC(508) Concurrent Rebuild Remembered Sets and Scrub Regions 22.784ms
[148.196s][info][gc,start       ] GC(508) Pause Cleanup
[148.196s][info][gc             ] GC(508) Pause Cleanup 441M->441M(1256M) 0.382ms
[148.196s][info][gc,cpu         ] GC(508) User=0.00s Sys=0.00s Real=0.00s
[148.196s][info][gc,marking     ] GC(508) Concurrent Clear Claimed Marks
[148.197s][info][gc,marking     ] GC(508) Concurrent Clear Claimed Marks 0.095ms
[148.197s][info][gc,marking     ] GC(508) Concurrent Cleanup for Next Mark
[148.198s][info][gc,marking     ] GC(508) Concurrent Cleanup for Next Mark 0.984ms
[148.198s][info][gc             ] GC(508) Concurrent Mark Cycle 63.206ms
[148.614s][info][gc,start       ] GC(509) Pause Young (Prepare Mixed) (G1 Evacuation Pause)
[148.614s][info][gc,task        ] GC(509) Using 30 workers of 33 for evacuation
[148.651s][info][gc,phases      ] GC(509)   Pre Evacuate Collection Set: 0.3ms
[148.651s][info][gc,phases      ] GC(509)   Merge Heap Roots: 0.8ms
[148.651s][info][gc,phases      ] GC(509)   Evacuate Collection Set: 34.5ms
[148.651s][info][gc,phases      ] GC(509)   Post Evacuate Collection Set: 0.7ms
[148.651s][info][gc,phases      ] GC(509)   Other: 0.2ms
[148.651s][info][gc,heap        ] GC(509) Eden regions: 567->0(637)
[148.651s][info][gc,heap        ] GC(509) Survivor regions: 8->57(72)
[148.651s][info][gc,heap        ] GC(509) Old regions: 278->278
[148.651s][info][gc,heap        ] GC(509) Archive regions: 0->0
[148.651s][info][gc,heap        ] GC(509) Humongous regions: 246->129
[148.651s][info][gc,metaspace   ] GC(509) Metaspace: 68271K(69248K)->68271K(69248K) NonClass: 59852K(60352K)->59852K(60352K) Class: 8419K(8896K)->8419K(8896K)
[148.651s][info][gc             ] GC(509) Pause Young (Prepare Mixed) (G1 Evacuation Pause) 1089M->454M(1256M) 36.859ms
[148.651s][info][gc,cpu         ] GC(509) User=0.94s Sys=0.00s Real=0.03s
[149.120s][info][gc,heap,exit   ] Heap
[149.120s][info][gc,heap,exit   ]  garbage-first heap   total 1286144K, used 774589K [0x0000000080000000, 0x0000000100000000)
[149.120s][info][gc,heap,exit   ]   region size 1024K, 357 young (365568K), 57 survivors (58368K)
[149.120s][info][gc,heap,exit   ]  Metaspace       used 68673K, committed 69632K, reserved 1114112K
[149.120s][info][gc,heap,exit   ]   class space    used 8500K, committed 8960K, reserved 1048576K
