[0.015s][info][gc,init] CardTable entry size: 512
[0.016s][info][gc     ] Using G1
[0.030s][info][gc,init] Version: 20+36-2344 (release)
[0.030s][info][gc,init] CPUs: 48 total, 48 available
[0.030s][info][gc,init] Memory: 382G
[0.030s][info][gc,init] Large Page Support: Disabled
[0.030s][info][gc,init] NUMA Support: Disabled
[0.030s][info][gc,init] Compressed Oops: Enabled (Zero based)
[0.030s][info][gc,init] Heap Region Size: 2M
[0.030s][info][gc,init] Heap Min Capacity: 8M
[0.031s][info][gc,init] Heap Initial Capacity: 2G
[0.031s][info][gc,init] Heap Max Capacity: 4G
[0.050s][info][gc,init] Pre-touch: Disabled
[0.050s][info][gc,init] Parallel Workers: 33
[0.050s][info][gc,init] Concurrent Workers: 8
[0.050s][info][gc,init] Concurrent Refinement Workers: 33
[0.050s][info][gc,init] Periodic GC: Disabled
[0.051s][info][gc,metaspace] CDS archive(s) mapped at: [0x0000000800000000-0x0000000800c60000-0x0000000800c60000), size 12976128, SharedBaseAddress: 0x0000000800000000, ArchiveRelocationMode: 0.
[0.051s][info][gc,metaspace] Compressed class space mapped at: 0x0000000801000000-0x0000000841000000, reserved size: 1073741824
[0.051s][info][gc,metaspace] Narrow klass base: 0x0000000800000000, Narrow klass shift: 0, Narrow klass range: 0x100000000
[9.822s][info][gc,start    ] GC(0) Pause Young (Concurrent Start) (Metadata GC Threshold)
[9.824s][info][gc,task     ] GC(0) Using 33 workers of 33 for evacuation
[9.843s][info][gc,phases   ] GC(0)   Pre Evacuate Collection Set: 0.6ms
[9.843s][info][gc,phases   ] GC(0)   Merge Heap Roots: 0.3ms
[9.843s][info][gc,phases   ] GC(0)   Evacuate Collection Set: 16.5ms
[9.843s][info][gc,phases   ] GC(0)   Post Evacuate Collection Set: 1.3ms
[9.843s][info][gc,phases   ] GC(0)   Other: 2.1ms
[9.843s][info][gc,heap     ] GC(0) Eden regions: 41->0(44)
[9.843s][info][gc,heap     ] GC(0) Survivor regions: 0->7(7)
[9.843s][info][gc,heap     ] GC(0) Old regions: 0->1
[9.843s][info][gc,heap     ] GC(0) Archive regions: 0->0
[9.843s][info][gc,heap     ] GC(0) Humongous regions: 3->3
[9.843s][info][gc,metaspace] GC(0) Metaspace: 21268K(21504K)->21268K(21504K) NonClass: 18548K(18688K)->18548K(18688K) Class: 2719K(2816K)->2719K(2816K)
[9.843s][info][gc          ] GC(0) Pause Young (Concurrent Start) (Metadata GC Threshold) 88M->21M(2048M) 21.471ms
[9.843s][info][gc          ] GC(1) Concurrent Mark Cycle
[9.843s][info][gc,cpu      ] GC(0) User=0.52s Sys=0.00s Real=0.02s
[9.843s][info][gc,marking  ] GC(1) Concurrent Scan Root Regions
[9.846s][info][gc,marking  ] GC(1) Concurrent Scan Root Regions 2.771ms
[9.846s][info][gc,marking  ] GC(1) Concurrent Mark
[9.846s][info][gc,marking  ] GC(1) Concurrent Mark From Roots
[9.846s][info][gc,task     ] GC(1) Using 8 workers of 8 for marking
[9.847s][info][gc,marking  ] GC(1) Concurrent Mark From Roots 0.825ms
[9.847s][info][gc,marking  ] GC(1) Concurrent Preclean
[9.847s][info][gc,marking  ] GC(1) Concurrent Preclean 0.013ms
[9.847s][info][gc,start    ] GC(1) Pause Remark
[9.851s][info][gc          ] GC(1) Pause Remark 23M->23M(80M) 3.552ms
[9.851s][info][gc,cpu      ] GC(1) User=0.00s Sys=0.00s Real=0.00s
[9.851s][info][gc,marking  ] GC(1) Concurrent Mark 4.683ms
[9.851s][info][gc,marking  ] GC(1) Concurrent Rebuild Remembered Sets and Scrub Regions
[9.854s][info][gc,marking  ] GC(1) Concurrent Rebuild Remembered Sets and Scrub Regions 3.078ms
[9.854s][info][gc,start    ] GC(1) Pause Cleanup
[9.854s][info][gc          ] GC(1) Pause Cleanup 23M->23M(80M) 0.129ms
[9.854s][info][gc,cpu      ] GC(1) User=0.00s Sys=0.00s Real=0.00s
[9.854s][info][gc,marking  ] GC(1) Concurrent Clear Claimed Marks
[9.854s][info][gc,marking  ] GC(1) Concurrent Clear Claimed Marks 0.022ms
[9.854s][info][gc,marking  ] GC(1) Concurrent Cleanup for Next Mark
[9.855s][info][gc,marking  ] GC(1) Concurrent Cleanup for Next Mark 0.733ms
[9.855s][info][gc          ] GC(1) Concurrent Mark Cycle 11.860ms
[10.798s][info][gc,start    ] GC(2) Pause Young (Prepare Mixed) (G1 Evacuation Pause)
[10.798s][info][gc,task     ] GC(2) Using 17 workers of 33 for evacuation
[10.811s][info][gc,phases   ] GC(2)   Pre Evacuate Collection Set: 0.1ms
[10.811s][info][gc,phases   ] GC(2)   Merge Heap Roots: 0.1ms
[10.812s][info][gc,phases   ] GC(2)   Evacuate Collection Set: 11.8ms
[10.812s][info][gc,phases   ] GC(2)   Post Evacuate Collection Set: 1.1ms
[10.812s][info][gc,phases   ] GC(2)   Other: 0.3ms
[10.812s][info][gc,heap     ] GC(2) Eden regions: 29->0(20)
[10.812s][info][gc,heap     ] GC(2) Survivor regions: 7->3(7)
[10.812s][info][gc,heap     ] GC(2) Old regions: 1->8
[10.812s][info][gc,heap     ] GC(2) Archive regions: 0->0
[10.812s][info][gc,heap     ] GC(2) Humongous regions: 3->3
[10.812s][info][gc,metaspace] GC(2) Metaspace: 34192K(34624K)->34192K(34624K) NonClass: 29861K(30080K)->29861K(30080K) Class: 4331K(4544K)->4331K(4544K)
[10.812s][info][gc          ] GC(2) Pause Young (Prepare Mixed) (G1 Evacuation Pause) 79M->25M(100M) 13.930ms
[10.812s][info][gc,cpu      ] GC(2) User=0.13s Sys=0.16s Real=0.02s
[10.876s][info][gc,start    ] GC(3) Pause Young (Mixed) (Metadata GC Threshold)
[10.876s][info][gc,task     ] GC(3) Using 9 workers of 33 for evacuation
[10.882s][info][gc,phases   ] GC(3)   Pre Evacuate Collection Set: 0.1ms
[10.882s][info][gc,phases   ] GC(3)   Merge Heap Roots: 0.1ms
[10.882s][info][gc,phases   ] GC(3)   Evacuate Collection Set: 5.0ms
[10.882s][info][gc,phases   ] GC(3)   Post Evacuate Collection Set: 0.6ms
[10.882s][info][gc,phases   ] GC(3)   Other: 0.1ms
[10.882s][info][gc,heap     ] GC(3) Eden regions: 2->0(20)
[10.882s][info][gc,heap     ] GC(3) Survivor regions: 3->1(3)
[10.882s][info][gc,heap     ] GC(3) Old regions: 8->10
[10.882s][info][gc,heap     ] GC(3) Archive regions: 0->0
[10.882s][info][gc,heap     ] GC(3) Humongous regions: 3->3
[10.882s][info][gc,metaspace] GC(3) Metaspace: 35592K(35968K)->35592K(35968K) NonClass: 31106K(31296K)->31106K(31296K) Class: 4486K(4672K)->4486K(4672K)
[10.882s][info][gc          ] GC(3) Pause Young (Mixed) (Metadata GC Threshold) 29M->26M(100M) 6.467ms
[10.882s][info][gc,cpu      ] GC(3) User=0.31s Sys=0.00s Real=0.02s
[10.923s][info][gc,start    ] GC(4) Pause Young (Concurrent Start) (Metadata GC Threshold)
[10.923s][info][gc,task     ] GC(4) Using 5 workers of 33 for evacuation
[10.925s][info][gc,phases   ] GC(4)   Pre Evacuate Collection Set: 0.2ms
[10.925s][info][gc,phases   ] GC(4)   Merge Heap Roots: 0.1ms
[10.925s][info][gc,phases   ] GC(4)   Evacuate Collection Set: 1.4ms
[10.925s][info][gc,phases   ] GC(4)   Post Evacuate Collection Set: 0.5ms
[10.925s][info][gc,phases   ] GC(4)   Other: 0.1ms
[10.925s][info][gc,heap     ] GC(4) Eden regions: 2->0(24)
[10.925s][info][gc,heap     ] GC(4) Survivor regions: 1->1(3)
[10.925s][info][gc,heap     ] GC(4) Old regions: 10->10
[10.925s][info][gc,heap     ] GC(4) Archive regions: 0->0
[10.925s][info][gc,heap     ] GC(4) Humongous regions: 3->3
[10.925s][info][gc,metaspace] GC(4) Metaspace: 35945K(36288K)->35945K(36288K) NonClass: 31414K(31616K)->31414K(31616K) Class: 4530K(4672K)->4530K(4672K)
[10.925s][info][gc          ] GC(4) Pause Young (Concurrent Start) (Metadata GC Threshold) 29M->26M(100M) 2.713ms
[10.925s][info][gc          ] GC(5) Concurrent Mark Cycle
[10.925s][info][gc,cpu      ] GC(4) User=0.00s Sys=0.00s Real=0.00s
[10.925s][info][gc,marking  ] GC(5) Concurrent Scan Root Regions
[10.927s][info][gc,marking  ] GC(5) Concurrent Scan Root Regions 1.527ms
[10.927s][info][gc,marking  ] GC(5) Concurrent Mark
[10.927s][info][gc,marking  ] GC(5) Concurrent Mark From Roots
[10.927s][info][gc,task     ] GC(5) Using 8 workers of 8 for marking
[10.938s][info][gc,marking  ] GC(5) Concurrent Mark From Roots 11.225ms
[10.938s][info][gc,marking  ] GC(5) Concurrent Preclean
[10.938s][info][gc,marking  ] GC(5) Concurrent Preclean 0.110ms
[10.939s][info][gc,start    ] GC(5) Pause Remark
[10.943s][info][gc          ] GC(5) Pause Remark 27M->27M(100M) 4.484ms
[10.943s][info][gc,cpu      ] GC(5) User=0.00s Sys=0.00s Real=0.00s
[10.943s][info][gc,marking  ] GC(5) Concurrent Mark 16.117ms
[10.943s][info][gc,marking  ] GC(5) Concurrent Rebuild Remembered Sets and Scrub Regions
[10.947s][info][gc,marking  ] GC(5) Concurrent Rebuild Remembered Sets and Scrub Regions 3.573ms
[10.947s][info][gc,start    ] GC(5) Pause Cleanup
[10.947s][info][gc          ] GC(5) Pause Cleanup 27M->27M(100M) 0.133ms
[10.947s][info][gc,cpu      ] GC(5) User=0.00s Sys=0.00s Real=0.00s
[10.947s][info][gc,marking  ] GC(5) Concurrent Clear Claimed Marks
[10.947s][info][gc,marking  ] GC(5) Concurrent Clear Claimed Marks 0.047ms
[10.947s][info][gc,marking  ] GC(5) Concurrent Cleanup for Next Mark
[10.947s][info][gc,marking  ] GC(5) Concurrent Cleanup for Next Mark 0.280ms
[10.947s][info][gc          ] GC(5) Concurrent Mark Cycle 22.109ms
[11.335s][info][gc,start    ] GC(6) Pause Young (Prepare Mixed) (G1 Evacuation Pause)
[11.335s][info][gc,task     ] GC(6) Using 3 workers of 33 for evacuation
[11.447s][info][gc,phases   ] GC(6)   Pre Evacuate Collection Set: 0.1ms
[11.447s][info][gc,phases   ] GC(6)   Merge Heap Roots: 0.1ms
[11.447s][info][gc,phases   ] GC(6)   Evacuate Collection Set: 106.7ms
[11.447s][info][gc,phases   ] GC(6)   Post Evacuate Collection Set: 4.1ms
[11.447s][info][gc,phases   ] GC(6)   Other: 0.1ms
[11.447s][info][gc,heap     ] GC(6) Eden regions: 24->0(50)
[11.447s][info][gc,heap     ] GC(6) Survivor regions: 1->4(4)
[11.447s][info][gc,heap     ] GC(6) Old regions: 10->18
[11.447s][info][gc,heap     ] GC(6) Archive regions: 0->0
[11.447s][info][gc,heap     ] GC(6) Humongous regions: 3->3
[11.447s][info][gc,metaspace] GC(6) Metaspace: 42260K(42688K)->42260K(42688K) NonClass: 36956K(37184K)->36956K(37184K) Class: 5304K(5504K)->5304K(5504K)
[11.447s][info][gc          ] GC(6) Pause Young (Prepare Mixed) (G1 Evacuation Pause) 74M->48M(1074M) 111.573ms
[11.447s][info][gc,cpu      ] GC(6) User=0.34s Sys=0.00s Real=0.11s
[11.649s][info][gc,start    ] GC(7) Pause Young (Mixed) (G1 Evacuation Pause)
[11.650s][info][gc,task     ] GC(7) Using 25 workers of 33 for evacuation
[12.651s][info][gc,mmu      ] GC(7) MMU target violated: 201.0ms (200.0ms/201.0ms)
[12.651s][info][gc,phases   ] GC(7)   Pre Evacuate Collection Set: 0.2ms
[12.651s][info][gc,phases   ] GC(7)   Merge Heap Roots: 0.1ms
[12.651s][info][gc,phases   ] GC(7)   Evacuate Collection Set: 1000.4ms
[12.652s][info][gc,phases   ] GC(7)   Post Evacuate Collection Set: 0.9ms
[12.652s][info][gc,phases   ] GC(7)   Other: 0.3ms
[12.652s][info][gc,heap     ] GC(7) Eden regions: 50->0(19)
[12.652s][info][gc,heap     ] GC(7) Survivor regions: 4->7(7)
[12.652s][info][gc,heap     ] GC(7) Old regions: 18->65
[12.652s][info][gc,heap     ] GC(7) Archive regions: 0->0
[12.652s][info][gc,heap     ] GC(7) Humongous regions: 3->3
[12.652s][info][gc,metaspace] GC(7) Metaspace: 42267K(42688K)->42267K(42688K) NonClass: 36962K(37184K)->36962K(37184K) Class: 5305K(5504K)->5305K(5504K)
[12.652s][info][gc          ] GC(7) Pause Young (Mixed) (G1 Evacuation Pause) 148M->149M(1074M) 1002.326ms
[12.652s][info][gc,cpu      ] GC(7) User=4.03s Sys=0.23s Real=1.00s
[12.740s][info][gc,start    ] GC(8) Pause Young (Normal) (G1 Evacuation Pause)
[12.741s][info][gc,task     ] GC(8) Using 25 workers of 33 for evacuation
[13.040s][info][gc,mmu      ] GC(8) MMU target violated: 201.0ms (200.0ms/201.0ms)
[13.040s][info][gc,phases   ] GC(8)   Pre Evacuate Collection Set: 0.2ms
[13.040s][info][gc,phases   ] GC(8)   Merge Heap Roots: 0.1ms
[13.040s][info][gc,phases   ] GC(8)   Evacuate Collection Set: 298.8ms
[13.040s][info][gc,phases   ] GC(8)   Post Evacuate Collection Set: 0.5ms
[13.041s][info][gc,phases   ] GC(8)   Other: 0.3ms
[13.041s][info][gc,heap     ] GC(8) Eden regions: 19->0(22)
[13.041s][info][gc,heap     ] GC(8) Survivor regions: 7->4(4)
[13.041s][info][gc,heap     ] GC(8) Old regions: 65->91
[13.041s][info][gc,heap     ] GC(8) Archive regions: 0->0
[13.041s][info][gc,heap     ] GC(8) Humongous regions: 3->3
[13.041s][info][gc,metaspace] GC(8) Metaspace: 42267K(42688K)->42267K(42688K) NonClass: 36962K(37184K)->36962K(37184K) Class: 5305K(5504K)->5305K(5504K)
[13.041s][info][gc          ] GC(8) Pause Young (Normal) (G1 Evacuation Pause) 187M->194M(1074M) 300.322ms
[13.041s][info][gc,cpu      ] GC(8) User=2.52s Sys=0.08s Real=0.30s
[13.144s][info][gc,start    ] GC(9) Pause Young (Normal) (G1 Evacuation Pause)
[13.144s][info][gc,task     ] GC(9) Using 25 workers of 33 for evacuation
[13.537s][info][gc,mmu      ] GC(9) MMU target violated: 201.0ms (200.0ms/201.0ms)
[13.537s][info][gc,phases   ] GC(9)   Pre Evacuate Collection Set: 0.2ms
[13.537s][info][gc,phases   ] GC(9)   Merge Heap Roots: 0.2ms
[13.537s][info][gc,phases   ] GC(9)   Evacuate Collection Set: 392.0ms
[13.537s][info][gc,phases   ] GC(9)   Post Evacuate Collection Set: 0.5ms
[13.537s][info][gc,phases   ] GC(9)   Other: 0.3ms
[13.537s][info][gc,heap     ] GC(9) Eden regions: 22->0(22)
[13.537s][info][gc,heap     ] GC(9) Survivor regions: 4->4(4)
[13.537s][info][gc,heap     ] GC(9) Old regions: 91->115
[13.537s][info][gc,heap     ] GC(9) Archive regions: 0->0
[13.537s][info][gc,heap     ] GC(9) Humongous regions: 3->3
[13.537s][info][gc,metaspace] GC(9) Metaspace: 42274K(42688K)->42274K(42688K) NonClass: 36969K(37184K)->36969K(37184K) Class: 5305K(5504K)->5305K(5504K)
[13.538s][info][gc          ] GC(9) Pause Young (Normal) (G1 Evacuation Pause) 238M->242M(1074M) 393.641ms
[13.538s][info][gc,cpu      ] GC(9) User=2.03s Sys=0.03s Real=0.40s
[13.628s][info][gc,start    ] GC(10) Pause Young (Normal) (G1 Evacuation Pause)
[13.628s][info][gc,task     ] GC(10) Using 25 workers of 33 for evacuation
[14.025s][info][gc,mmu      ] GC(10) MMU target violated: 201.0ms (200.0ms/201.0ms)
[14.025s][info][gc,phases   ] GC(10)   Pre Evacuate Collection Set: 0.2ms
[14.025s][info][gc,phases   ] GC(10)   Merge Heap Roots: 0.1ms
[14.025s][info][gc,phases   ] GC(10)   Evacuate Collection Set: 385.7ms
[14.025s][info][gc,phases   ] GC(10)   Post Evacuate Collection Set: 10.5ms
[14.025s][info][gc,phases   ] GC(10)   Other: 0.2ms
[14.025s][info][gc,heap     ] GC(10) Eden regions: 22->0(53)
[14.025s][info][gc,heap     ] GC(10) Survivor regions: 4->4(4)
[14.025s][info][gc,heap     ] GC(10) Old regions: 115->138
[14.025s][info][gc,heap     ] GC(10) Archive regions: 0->0
[14.025s][info][gc,heap     ] GC(10) Humongous regions: 3->3
[14.025s][info][gc,metaspace] GC(10) Metaspace: 42274K(42688K)->42274K(42688K) NonClass: 36969K(37184K)->36969K(37184K) Class: 5305K(5504K)->5305K(5504K)
[14.025s][info][gc          ] GC(10) Pause Young (Normal) (G1 Evacuation Pause) 286M->289M(2284M) 397.054ms
[14.025s][info][gc,cpu      ] GC(10) User=2.00s Sys=0.09s Real=0.39s
[14.292s][info][gc,start    ] GC(11) Pause Young (Normal) (G1 Evacuation Pause)
[14.292s][info][gc,task     ] GC(11) Using 33 workers of 33 for evacuation
[15.345s][info][gc,mmu      ] GC(11) MMU target violated: 201.0ms (200.0ms/201.0ms)
[15.345s][info][gc,phases   ] GC(11)   Pre Evacuate Collection Set: 0.2ms
[15.345s][info][gc,phases   ] GC(11)   Merge Heap Roots: 0.1ms
[15.345s][info][gc,phases   ] GC(11)   Evacuate Collection Set: 1052.3ms
[15.346s][info][gc,phases   ] GC(11)   Post Evacuate Collection Set: 0.7ms
[15.346s][info][gc,phases   ] GC(11)   Other: 0.3ms
[15.346s][info][gc,heap     ] GC(11) Eden regions: 53->0(49)
[15.346s][info][gc,heap     ] GC(11) Survivor regions: 4->8(8)
[15.346s][info][gc,heap     ] GC(11) Old regions: 138->190
[15.346s][info][gc,heap     ] GC(11) Archive regions: 0->0
[15.346s][info][gc,heap     ] GC(11) Humongous regions: 3->3
[15.346s][info][gc,metaspace] GC(11) Metaspace: 42274K(42688K)->42274K(42688K) NonClass: 36969K(37184K)->36969K(37184K) Class: 5305K(5504K)->5305K(5504K)
[15.346s][info][gc          ] GC(11) Pause Young (Normal) (G1 Evacuation Pause) 395M->401M(2284M) 1054.083ms
[15.346s][info][gc,cpu      ] GC(11) User=4.50s Sys=0.22s Real=1.05s
[15.549s][info][gc,start    ] GC(12) Pause Young (Normal) (G1 Evacuation Pause)
[15.549s][info][gc,task     ] GC(12) Using 33 workers of 33 for evacuation
[16.562s][info][gc,mmu      ] GC(12) MMU target violated: 201.0ms (200.0ms/201.0ms)
[16.562s][info][gc,phases   ] GC(12)   Pre Evacuate Collection Set: 0.2ms
[16.563s][info][gc,phases   ] GC(12)   Merge Heap Roots: 0.2ms
[16.563s][info][gc,phases   ] GC(12)   Evacuate Collection Set: 1011.8ms
[16.563s][info][gc,phases   ] GC(12)   Post Evacuate Collection Set: 0.7ms
[16.563s][info][gc,phases   ] GC(12)   Other: 0.3ms
[16.563s][info][gc,heap     ] GC(12) Eden regions: 49->0(49)
[16.563s][info][gc,heap     ] GC(12) Survivor regions: 8->8(8)
[16.563s][info][gc,heap     ] GC(12) Old regions: 190->243
[16.563s][info][gc,heap     ] GC(12) Archive regions: 0->0
[16.563s][info][gc,heap     ] GC(12) Humongous regions: 3->3
[16.563s][info][gc,metaspace] GC(12) Metaspace: 42274K(42688K)->42274K(42688K) NonClass: 36969K(37184K)->36969K(37184K) Class: 5305K(5504K)->5305K(5504K)
[16.563s][info][gc          ] GC(12) Pause Young (Normal) (G1 Evacuation Pause) 499M->506M(2284M) 1013.766ms
[16.563s][info][gc,cpu      ] GC(12) User=5.77s Sys=0.50s Real=1.02s
[16.783s][info][gc,start    ] GC(13) Pause Young (Normal) (G1 Evacuation Pause)
[16.783s][info][gc,task     ] GC(13) Using 33 workers of 33 for evacuation
[17.712s][info][gc,mmu      ] GC(13) MMU target violated: 201.0ms (200.0ms/201.0ms)
[17.712s][info][gc,phases   ] GC(13)   Pre Evacuate Collection Set: 0.2ms
[17.712s][info][gc,phases   ] GC(13)   Merge Heap Roots: 0.1ms
[17.712s][info][gc,phases   ] GC(13)   Evacuate Collection Set: 927.8ms
[17.712s][info][gc,phases   ] GC(13)   Post Evacuate Collection Set: 0.7ms
[17.712s][info][gc,phases   ] GC(13)   Other: 0.3ms
[17.712s][info][gc,heap     ] GC(13) Eden regions: 49->0(49)
[17.712s][info][gc,heap     ] GC(13) Survivor regions: 8->8(8)
[17.712s][info][gc,heap     ] GC(13) Old regions: 243->294
[17.712s][info][gc,heap     ] GC(13) Archive regions: 0->0
[17.712s][info][gc,heap     ] GC(13) Humongous regions: 3->3
[17.712s][info][gc,metaspace] GC(13) Metaspace: 42274K(42688K)->42274K(42688K) NonClass: 36969K(37184K)->36969K(37184K) Class: 5305K(5504K)->5305K(5504K)
[17.712s][info][gc          ] GC(13) Pause Young (Normal) (G1 Evacuation Pause) 604M->610M(2284M) 929.607ms
[17.712s][info][gc,cpu      ] GC(13) User=4.69s Sys=0.27s Real=0.94s
[19.096s][info][gc,start    ] GC(14) Pause Full (System.gc())
[19.096s][info][gc,task     ] GC(14) Using 33 workers of 33 for full compaction
[19.098s][info][gc,phases,start] GC(14) Phase 1: Mark live objects
[19.118s][info][gc,phases      ] GC(14) Phase 1: Mark live objects 20.159ms
[19.118s][info][gc,phases,start] GC(14) Phase 2: Prepare compaction
[19.126s][info][gc,phases      ] GC(14) Phase 2: Prepare compaction 8.035ms
[19.126s][info][gc,phases,start] GC(14) Phase 3: Adjust pointers
[19.130s][info][gc,phases      ] GC(14) Phase 3: Adjust pointers 4.083ms
[19.130s][info][gc,phases,start] GC(14) Phase 4: Compact heap
[19.132s][info][gc,phases      ] GC(14) Phase 4: Compact heap 1.388ms
[19.145s][info][gc,heap        ] GC(14) Eden regions: 41->0(24)
[19.145s][info][gc,heap        ] GC(14) Survivor regions: 8->0(8)
[19.145s][info][gc,heap        ] GC(14) Old regions: 294->31
[19.145s][info][gc,heap        ] GC(14) Archive regions: 0->0
[19.145s][info][gc,heap        ] GC(14) Humongous regions: 6->3
[19.145s][info][gc,metaspace   ] GC(14) Metaspace: 49985K(50496K)->49985K(50496K) NonClass: 43681K(43968K)->43681K(43968K) Class: 6304K(6528K)->6304K(6528K)
[19.145s][info][gc             ] GC(14) Pause Full (System.gc()) 697M->28M(228M) 48.717ms
[19.145s][info][gc,cpu         ] GC(14) User=0.56s Sys=0.03s Real=0.06s
[19.673s][info][gc,start       ] GC(15) Pause Young (Normal) (G1 Evacuation Pause)
[19.673s][info][gc,task        ] GC(15) Using 19 workers of 33 for evacuation
[19.682s][info][gc,phases      ] GC(15)   Pre Evacuate Collection Set: 0.1ms
[19.683s][info][gc,phases      ] GC(15)   Merge Heap Roots: 0.1ms
[19.683s][info][gc,phases      ] GC(15)   Evacuate Collection Set: 2.3ms
[19.683s][info][gc,phases      ] GC(15)   Post Evacuate Collection Set: 6.5ms
[19.683s][info][gc,phases      ] GC(15)   Other: 0.1ms
[19.683s][info][gc,heap        ] GC(15) Eden regions: 24->0(60)
[19.683s][info][gc,heap        ] GC(15) Survivor regions: 0->2(3)
[19.683s][info][gc,heap        ] GC(15) Old regions: 31->31
[19.683s][info][gc,heap        ] GC(15) Archive regions: 0->0
[19.683s][info][gc,heap        ] GC(15) Humongous regions: 6->3
[19.683s][info][gc,metaspace   ] GC(15) Metaspace: 57612K(58368K)->57612K(58368K) NonClass: 50294K(50688K)->50294K(50688K) Class: 7318K(7680K)->7318K(7680K)
[19.683s][info][gc             ] GC(15) Pause Young (Normal) (G1 Evacuation Pause) 82M->32M(1138M) 9.618ms
[19.683s][info][gc,cpu         ] GC(15) User=0.03s Sys=0.02s Real=0.02s
[20.017s][info][gc,start       ] GC(16) Pause Young (Normal) (G1 Evacuation Pause)
[20.017s][info][gc,task        ] GC(16) Using 27 workers of 33 for evacuation
[20.023s][info][gc,phases      ] GC(16)   Pre Evacuate Collection Set: 0.2ms
[20.023s][info][gc,phases      ] GC(16)   Merge Heap Roots: 0.1ms
[20.023s][info][gc,phases      ] GC(16)   Evacuate Collection Set: 5.0ms
[20.023s][info][gc,phases      ] GC(16)   Post Evacuate Collection Set: 1.0ms
[20.023s][info][gc,phases      ] GC(16)   Other: 0.2ms
[20.024s][info][gc,heap        ] GC(16) Eden regions: 60->0(230)
[20.024s][info][gc,heap        ] GC(16) Survivor regions: 2->4(8)
[20.024s][info][gc,heap        ] GC(16) Old regions: 31->31
[20.024s][info][gc,heap        ] GC(16) Archive regions: 0->0
[20.024s][info][gc,heap        ] GC(16) Humongous regions: 3->3
[20.024s][info][gc,metaspace   ] GC(16) Metaspace: 58931K(59776K)->58931K(59776K) NonClass: 51447K(51904K)->51447K(51904K) Class: 7484K(7872K)->7484K(7872K)
[20.024s][info][gc             ] GC(16) Pause Young (Normal) (G1 Evacuation Pause) 152M->34M(1138M) 6.901ms
[20.024s][info][gc,cpu         ] GC(16) User=0.00s Sys=0.00s Real=0.00s
[20.250s][info][gc,start       ] GC(17) Pause Young (Normal) (G1 Evacuation Pause)
[20.250s][info][gc,task        ] GC(17) Using 27 workers of 33 for evacuation
[20.256s][info][gc,phases      ] GC(17)   Pre Evacuate Collection Set: 0.2ms
[20.256s][info][gc,phases      ] GC(17)   Merge Heap Roots: 0.2ms
[20.256s][info][gc,phases      ] GC(17)   Evacuate Collection Set: 4.2ms
[20.256s][info][gc,phases      ] GC(17)   Post Evacuate Collection Set: 0.9ms
[20.256s][info][gc,phases      ] GC(17)   Other: 0.3ms
[20.256s][info][gc,heap        ] GC(17) Eden regions: 230->0(337)
[20.256s][info][gc,heap        ] GC(17) Survivor regions: 4->4(30)
[20.256s][info][gc,heap        ] GC(17) Old regions: 31->31
[20.256s][info][gc,heap        ] GC(17) Archive regions: 0->0
[20.256s][info][gc,heap        ] GC(17) Humongous regions: 3->3
[20.256s][info][gc,metaspace   ] GC(17) Metaspace: 58959K(59776K)->58959K(59776K) NonClass: 51475K(51904K)->51475K(51904K) Class: 7484K(7872K)->7484K(7872K)
[20.257s][info][gc             ] GC(17) Pause Young (Normal) (G1 Evacuation Pause) 494M->34M(1138M) 6.335ms
[20.257s][info][gc,cpu         ] GC(17) User=0.25s Sys=0.17s Real=0.02s
[20.488s][info][gc,start       ] GC(18) Pause Young (Normal) (G1 Evacuation Pause)
[20.488s][info][gc,task        ] GC(18) Using 27 workers of 33 for evacuation
[20.495s][info][gc,phases      ] GC(18)   Pre Evacuate Collection Set: 0.2ms
[20.495s][info][gc,phases      ] GC(18)   Merge Heap Roots: 0.2ms
[20.495s][info][gc,phases      ] GC(18)   Evacuate Collection Set: 4.7ms
[20.495s][info][gc,phases      ] GC(18)   Post Evacuate Collection Set: 1.0ms
[20.495s][info][gc,phases      ] GC(18)   Other: 0.2ms
[20.495s][info][gc,heap        ] GC(18) Eden regions: 337->0(337)
[20.495s][info][gc,heap        ] GC(18) Survivor regions: 4->4(43)
[20.495s][info][gc,heap        ] GC(18) Old regions: 31->31
[20.495s][info][gc,heap        ] GC(18) Archive regions: 0->0
[20.495s][info][gc,heap        ] GC(18) Humongous regions: 3->3
[20.495s][info][gc,metaspace   ] GC(18) Metaspace: 58987K(59840K)->58987K(59840K) NonClass: 51502K(51968K)->51502K(51968K) Class: 7484K(7872K)->7484K(7872K)
[20.495s][info][gc             ] GC(18) Pause Young (Normal) (G1 Evacuation Pause) 708M->34M(1138M) 6.901ms
[20.495s][info][gc,cpu         ] GC(18) User=0.00s Sys=0.00s Real=0.00s
[20.730s][info][gc,start       ] GC(19) Pause Young (Normal) (G1 Evacuation Pause)
[20.730s][info][gc,task        ] GC(19) Using 27 workers of 33 for evacuation
[20.734s][info][gc,phases      ] GC(19)   Pre Evacuate Collection Set: 0.2ms
[20.734s][info][gc,phases      ] GC(19)   Merge Heap Roots: 0.2ms
[20.734s][info][gc,phases      ] GC(19)   Evacuate Collection Set: 2.9ms
[20.734s][info][gc,phases      ] GC(19)   Post Evacuate Collection Set: 1.1ms
[20.734s][info][gc,phases      ] GC(19)   Other: 0.2ms
[20.735s][info][gc,heap        ] GC(19) Eden regions: 337->0(338)
[20.735s][info][gc,heap        ] GC(19) Survivor regions: 4->3(43)
[20.735s][info][gc,heap        ] GC(19) Old regions: 31->31
[20.735s][info][gc,heap        ] GC(19) Archive regions: 0->0
[20.735s][info][gc,heap        ] GC(19) Humongous regions: 3->3
[20.735s][info][gc,metaspace   ] GC(19) Metaspace: 59437K(60288K)->59437K(60288K) NonClass: 51862K(52352K)->51862K(52352K) Class: 7574K(7936K)->7574K(7936K)
[20.735s][info][gc             ] GC(19) Pause Young (Normal) (G1 Evacuation Pause) 708M->33M(1138M) 5.080ms
[20.735s][info][gc,cpu         ] GC(19) User=0.00s Sys=0.00s Real=0.00s
[21.003s][info][gc,start       ] GC(20) Pause Young (Normal) (G1 Evacuation Pause)
[21.003s][info][gc,task        ] GC(20) Using 27 workers of 33 for evacuation
[21.008s][info][gc,phases      ] GC(20)   Pre Evacuate Collection Set: 0.2ms
[21.008s][info][gc,phases      ] GC(20)   Merge Heap Roots: 0.2ms
[21.008s][info][gc,phases      ] GC(20)   Evacuate Collection Set: 2.8ms
[21.008s][info][gc,phases      ] GC(20)   Post Evacuate Collection Set: 1.1ms
[21.008s][info][gc,phases      ] GC(20)   Other: 0.2ms
[21.008s][info][gc,heap        ] GC(20) Eden regions: 338->0(338)
[21.008s][info][gc,heap        ] GC(20) Survivor regions: 3->3(43)
[21.008s][info][gc,heap        ] GC(20) Old regions: 31->31
[21.008s][info][gc,heap        ] GC(20) Archive regions: 0->0
[21.008s][info][gc,heap        ] GC(20) Humongous regions: 3->3
[21.008s][info][gc,metaspace   ] GC(20) Metaspace: 59544K(60480K)->59544K(60480K) NonClass: 51949K(52480K)->51949K(52480K) Class: 7594K(8000K)->7594K(8000K)
[21.008s][info][gc             ] GC(20) Pause Young (Normal) (G1 Evacuation Pause) 709M->33M(1138M) 5.053ms
[21.008s][info][gc,cpu         ] GC(20) User=0.00s Sys=0.02s Real=0.02s
[21.264s][info][gc,start       ] GC(21) Pause Young (Normal) (G1 Evacuation Pause)
[21.264s][info][gc,task        ] GC(21) Using 27 workers of 33 for evacuation
[21.268s][info][gc,phases      ] GC(21)   Pre Evacuate Collection Set: 0.2ms
[21.268s][info][gc,phases      ] GC(21)   Merge Heap Roots: 0.2ms
[21.268s][info][gc,phases      ] GC(21)   Evacuate Collection Set: 2.3ms
[21.268s][info][gc,phases      ] GC(21)   Post Evacuate Collection Set: 1.0ms
[21.268s][info][gc,phases      ] GC(21)   Other: 0.2ms
[21.268s][info][gc,heap        ] GC(21) Eden regions: 338->0(338)
[21.268s][info][gc,heap        ] GC(21) Survivor regions: 3->3(43)
[21.268s][info][gc,heap        ] GC(21) Old regions: 31->31
[21.268s][info][gc,heap        ] GC(21) Archive regions: 0->0
[21.268s][info][gc,heap        ] GC(21) Humongous regions: 3->3
[21.268s][info][gc,metaspace   ] GC(21) Metaspace: 59746K(60608K)->59746K(60608K) NonClass: 52122K(52608K)->52122K(52608K) Class: 7623K(8000K)->7623K(8000K)
[21.268s][info][gc             ] GC(21) Pause Young (Normal) (G1 Evacuation Pause) 709M->33M(1138M) 4.392ms
[21.268s][info][gc,cpu         ] GC(21) User=0.00s Sys=0.00s Real=0.00s
[21.530s][info][gc,start       ] GC(22) Pause Young (Normal) (G1 Evacuation Pause)
[21.530s][info][gc,task        ] GC(22) Using 27 workers of 33 for evacuation
[21.533s][info][gc,phases      ] GC(22)   Pre Evacuate Collection Set: 0.2ms
[21.533s][info][gc,phases      ] GC(22)   Merge Heap Roots: 0.2ms
[21.533s][info][gc,phases      ] GC(22)   Evacuate Collection Set: 2.1ms
[21.533s][info][gc,phases      ] GC(22)   Post Evacuate Collection Set: 1.1ms
[21.534s][info][gc,phases      ] GC(22)   Other: 0.2ms
[21.534s][info][gc,heap        ] GC(22) Eden regions: 338->0(338)
[21.534s][info][gc,heap        ] GC(22) Survivor regions: 3->3(43)
[21.534s][info][gc,heap        ] GC(22) Old regions: 31->31
[21.534s][info][gc,heap        ] GC(22) Archive regions: 0->0
[21.534s][info][gc,heap        ] GC(22) Humongous regions: 3->3
[21.534s][info][gc,metaspace   ] GC(22) Metaspace: 59746K(60608K)->59746K(60608K) NonClass: 52123K(52608K)->52123K(52608K) Class: 7623K(8000K)->7623K(8000K)
[21.534s][info][gc             ] GC(22) Pause Young (Normal) (G1 Evacuation Pause) 709M->33M(1138M) 4.222ms
[21.534s][info][gc,cpu         ] GC(22) User=0.42s Sys=0.00s Real=0.02s
[21.849s][info][gc,start       ] GC(23) Pause Young (Normal) (G1 Evacuation Pause)
[21.849s][info][gc,task        ] GC(23) Using 27 workers of 33 for evacuation
[21.853s][info][gc,phases      ] GC(23)   Pre Evacuate Collection Set: 0.2ms
[21.853s][info][gc,phases      ] GC(23)   Merge Heap Roots: 0.2ms
[21.853s][info][gc,phases      ] GC(23)   Evacuate Collection Set: 2.8ms
[21.853s][info][gc,phases      ] GC(23)   Post Evacuate Collection Set: 1.0ms
[21.854s][info][gc,phases      ] GC(23)   Other: 0.2ms
[21.854s][info][gc,heap        ] GC(23) Eden regions: 338->0(338)
[21.854s][info][gc,heap        ] GC(23) Survivor regions: 3->3(43)
[21.854s][info][gc,heap        ] GC(23) Old regions: 31->31
[21.854s][info][gc,heap        ] GC(23) Archive regions: 0->0
[21.854s][info][gc,heap        ] GC(23) Humongous regions: 3->3
[21.854s][info][gc,metaspace   ] GC(23) Metaspace: 59746K(60608K)->59746K(60608K) NonClass: 52123K(52608K)->52123K(52608K) Class: 7623K(8000K)->7623K(8000K)
[21.854s][info][gc             ] GC(23) Pause Young (Normal) (G1 Evacuation Pause) 709M->33M(1138M) 4.857ms
[21.854s][info][gc,cpu         ] GC(23) User=0.00s Sys=0.00s Real=0.00s
[23.063s][info][gc,start       ] GC(24) Pause Young (Normal) (G1 Evacuation Pause)
[23.064s][info][gc,task        ] GC(24) Using 27 workers of 33 for evacuation
[23.084s][info][gc,phases      ] GC(24)   Pre Evacuate Collection Set: 0.2ms
[23.084s][info][gc,phases      ] GC(24)   Merge Heap Roots: 0.3ms
[23.084s][info][gc,phases      ] GC(24)   Evacuate Collection Set: 19.1ms
[23.084s][info][gc,phases      ] GC(24)   Post Evacuate Collection Set: 0.9ms
[23.084s][info][gc,phases      ] GC(24)   Other: 0.2ms
[23.084s][info][gc,heap        ] GC(24) Eden regions: 338->0(318)
[23.084s][info][gc,heap        ] GC(24) Survivor regions: 3->23(43)
[23.084s][info][gc,heap        ] GC(24) Old regions: 31->31
[23.084s][info][gc,heap        ] GC(24) Archive regions: 0->0
[23.084s][info][gc,heap        ] GC(24) Humongous regions: 10->7
[23.084s][info][gc,metaspace   ] GC(24) Metaspace: 61480K(62528K)->61480K(62528K) NonClass: 53564K(54144K)->53564K(54144K) Class: 7915K(8384K)->7915K(8384K)
[23.084s][info][gc             ] GC(24) Pause Young (Normal) (G1 Evacuation Pause) 723M->81M(1138M) 21.043ms
[23.084s][info][gc,cpu         ] GC(24) User=0.25s Sys=0.17s Real=0.02s
[23.853s][info][gc,start       ] GC(25) Pause Young (Normal) (G1 Evacuation Pause)
[23.853s][info][gc,task        ] GC(25) Using 27 workers of 33 for evacuation
[23.912s][info][gc,phases      ] GC(25)   Pre Evacuate Collection Set: 0.2ms
[23.912s][info][gc,phases      ] GC(25)   Merge Heap Roots: 0.5ms
[23.912s][info][gc,phases      ] GC(25)   Evacuate Collection Set: 53.9ms
[23.912s][info][gc,phases      ] GC(25)   Post Evacuate Collection Set: 4.5ms
[23.912s][info][gc,phases      ] GC(25)   Other: 0.2ms
[23.912s][info][gc,heap        ] GC(25) Eden regions: 318->0(298)
[23.912s][info][gc,heap        ] GC(25) Survivor regions: 23->43(43)
[23.912s][info][gc,heap        ] GC(25) Old regions: 31->70
[23.912s][info][gc,heap        ] GC(25) Archive regions: 0->0
[23.912s][info][gc,heap        ] GC(25) Humongous regions: 31->31
[23.912s][info][gc,metaspace   ] GC(25) Metaspace: 62000K(63040K)->62000K(63040K) NonClass: 53994K(54592K)->53994K(54592K) Class: 8005K(8448K)->8005K(8448K)
[23.912s][info][gc             ] GC(25) Pause Young (Normal) (G1 Evacuation Pause) 765M->248M(1138M) 59.570ms
[23.912s][info][gc,cpu         ] GC(25) User=1.19s Sys=0.11s Real=0.05s
[24.338s][info][gc,start       ] GC(26) Pause Young (Normal) (G1 Evacuation Pause)
[24.339s][info][gc,task        ] GC(26) Using 27 workers of 33 for evacuation
[24.403s][info][gc,phases      ] GC(26)   Pre Evacuate Collection Set: 0.2ms
[24.403s][info][gc,phases      ] GC(26)   Merge Heap Roots: 3.3ms
[24.403s][info][gc,phases      ] GC(26)   Evacuate Collection Set: 60.3ms
[24.403s][info][gc,phases      ] GC(26)   Post Evacuate Collection Set: 0.8ms
[24.403s][info][gc,phases      ] GC(26)   Other: 0.2ms
[24.403s][info][gc,heap        ] GC(26) Eden regions: 298->0(283)
[24.403s][info][gc,heap        ] GC(26) Survivor regions: 43->43(43)
[24.403s][info][gc,heap        ] GC(26) Old regions: 70->118
[24.403s][info][gc,heap        ] GC(26) Archive regions: 0->0
[24.404s][info][gc,heap        ] GC(26) Humongous regions: 43->43
[24.404s][info][gc,metaspace   ] GC(26) Metaspace: 62270K(63360K)->62270K(63360K) NonClass: 54222K(54848K)->54222K(54848K) Class: 8047K(8512K)->8047K(8512K)
[24.404s][info][gc             ] GC(26) Pause Young (Normal) (G1 Evacuation Pause) 868M->367M(1138M) 65.105ms
[24.404s][info][gc,cpu         ] GC(26) User=1.55s Sys=0.14s Real=0.06s
[24.711s][info][gc,start       ] GC(27) Pause Young (Normal) (G1 Evacuation Pause)
[24.711s][info][gc,task        ] GC(27) Using 27 workers of 33 for evacuation
[24.759s][info][gc,phases      ] GC(27)   Pre Evacuate Collection Set: 0.2ms
[24.759s][info][gc,phases      ] GC(27)   Merge Heap Roots: 1.0ms
[24.759s][info][gc,phases      ] GC(27)   Evacuate Collection Set: 45.2ms
[24.759s][info][gc,phases      ] GC(27)   Post Evacuate Collection Set: 0.6ms
[24.759s][info][gc,phases      ] GC(27)   Other: 0.2ms
[24.759s][info][gc,heap        ] GC(27) Eden regions: 283->0(262)
[24.759s][info][gc,heap        ] GC(27) Survivor regions: 43->24(41)
[24.759s][info][gc,heap        ] GC(27) Old regions: 118->160
[24.759s][info][gc,heap        ] GC(27) Archive regions: 0->0
[24.759s][info][gc,heap        ] GC(27) Humongous regions: 55->55
[24.759s][info][gc,metaspace   ] GC(27) Metaspace: 62270K(63360K)->62270K(63360K) NonClass: 54223K(54848K)->54223K(54848K) Class: 8047K(8512K)->8047K(8512K)
[24.759s][info][gc             ] GC(27) Pause Young (Normal) (G1 Evacuation Pause) 957M->438M(1138M) 47.489ms
[24.759s][info][gc,cpu         ] GC(27) User=1.20s Sys=0.06s Real=0.05s
[26.193s][info][gc,start       ] GC(28) Pause Young (Normal) (G1 Evacuation Pause)
[26.193s][info][gc,task        ] GC(28) Using 27 workers of 33 for evacuation
[26.236s][info][gc,phases      ] GC(28)   Pre Evacuate Collection Set: 0.2ms
[26.236s][info][gc,phases      ] GC(28)   Merge Heap Roots: 0.5ms
[26.236s][info][gc,phases      ] GC(28)   Evacuate Collection Set: 41.3ms
[26.236s][info][gc,phases      ] GC(28)   Post Evacuate Collection Set: 0.7ms
[26.236s][info][gc,phases      ] GC(28)   Other: 0.2ms
[26.236s][info][gc,heap        ] GC(28) Eden regions: 262->0(237)
[26.236s][info][gc,heap        ] GC(28) Survivor regions: 24->22(36)
[26.236s][info][gc,heap        ] GC(28) Old regions: 160->180
[26.236s][info][gc,heap        ] GC(28) Archive regions: 0->0
[26.236s][info][gc,heap        ] GC(28) Humongous regions: 74->71
[26.236s][info][gc,metaspace   ] GC(28) Metaspace: 62718K(63808K)->62718K(63808K) NonClass: 54621K(55232K)->54621K(55232K) Class: 8097K(8576K)->8097K(8576K)
[26.236s][info][gc             ] GC(28) Pause Young (Normal) (G1 Evacuation Pause) 1000M->505M(1138M) 43.193ms
[26.236s][info][gc,cpu         ] GC(28) User=1.28s Sys=0.00s Real=0.05s
[26.549s][info][gc,start       ] GC(29) Pause Young (Concurrent Start) (G1 Humongous Allocation)
[26.549s][info][gc,task        ] GC(29) Using 27 workers of 33 for evacuation
[26.578s][info][gc,phases      ] GC(29)   Pre Evacuate Collection Set: 0.4ms
[26.578s][info][gc,phases      ] GC(29)   Merge Heap Roots: 0.4ms
[26.578s][info][gc,phases      ] GC(29)   Evacuate Collection Set: 28.1ms
[26.578s][info][gc,phases      ] GC(29)   Post Evacuate Collection Set: 0.5ms
[26.578s][info][gc,phases      ] GC(29)   Other: 0.1ms
[26.578s][info][gc,heap        ] GC(29) Eden regions: 88->0(201)
[26.578s][info][gc,heap        ] GC(29) Survivor regions: 22->19(33)
[26.578s][info][gc,heap        ] GC(29) Old regions: 180->202
[26.578s][info][gc,heap        ] GC(29) Archive regions: 0->0
[26.578s][info][gc,heap        ] GC(29) Humongous regions: 76->76
[26.578s][info][gc,metaspace   ] GC(29) Metaspace: 62721K(63808K)->62721K(63808K) NonClass: 54623K(55232K)->54623K(55232K) Class: 8097K(8576K)->8097K(8576K)
[26.578s][info][gc             ] GC(29) Pause Young (Concurrent Start) (G1 Humongous Allocation) 691M->551M(1138M) 29.782ms
[26.578s][info][gc             ] GC(30) Concurrent Mark Cycle
[26.578s][info][gc,cpu         ] GC(29) User=0.84s Sys=0.00s Real=0.03s
[26.579s][info][gc,marking     ] GC(30) Concurrent Scan Root Regions
[26.590s][info][gc,marking     ] GC(30) Concurrent Scan Root Regions 11.237ms
[26.590s][info][gc,marking     ] GC(30) Concurrent Mark
[26.590s][info][gc,marking     ] GC(30) Concurrent Mark From Roots
[26.590s][info][gc,task        ] GC(30) Using 8 workers of 8 for marking
[26.622s][info][gc,marking     ] GC(30) Concurrent Mark From Roots 31.956ms
[26.622s][info][gc,marking     ] GC(30) Concurrent Preclean
[26.622s][info][gc,marking     ] GC(30) Concurrent Preclean 0.056ms
[26.622s][info][gc,start       ] GC(30) Pause Remark
[26.631s][info][gc             ] GC(30) Pause Remark 639M->419M(1138M) 9.480ms
[26.632s][info][gc,cpu         ] GC(30) User=0.00s Sys=0.00s Real=0.00s
[26.632s][info][gc,marking     ] GC(30) Concurrent Mark 41.785ms
[26.632s][info][gc,marking     ] GC(30) Concurrent Rebuild Remembered Sets and Scrub Regions
[26.657s][info][gc,marking     ] GC(30) Concurrent Rebuild Remembered Sets and Scrub Regions 24.978ms
[26.657s][info][gc,start       ] GC(30) Pause Cleanup
[26.657s][info][gc             ] GC(30) Pause Cleanup 465M->465M(1138M) 0.309ms
[26.657s][info][gc,cpu         ] GC(30) User=0.00s Sys=0.00s Real=0.00s
[26.657s][info][gc,marking     ] GC(30) Concurrent Clear Claimed Marks
[26.657s][info][gc,marking     ] GC(30) Concurrent Clear Claimed Marks 0.070ms
[26.657s][info][gc,marking     ] GC(30) Concurrent Cleanup for Next Mark
[26.660s][info][gc,marking     ] GC(30) Concurrent Cleanup for Next Mark 2.861ms
[26.660s][info][gc             ] GC(30) Concurrent Mark Cycle 81.631ms
[26.835s][info][gc,start       ] GC(31) Pause Young (Prepare Mixed) (G1 Evacuation Pause)
[26.835s][info][gc,task        ] GC(31) Using 27 workers of 33 for evacuation
[26.868s][info][gc,phases      ] GC(31)   Pre Evacuate Collection Set: 0.2ms
[26.868s][info][gc,phases      ] GC(31)   Merge Heap Roots: 0.4ms
[26.868s][info][gc,phases      ] GC(31)   Evacuate Collection Set: 31.6ms
[26.868s][info][gc,phases      ] GC(31)   Post Evacuate Collection Set: 0.6ms
[26.868s][info][gc,phases      ] GC(31)   Other: 0.2ms
[26.868s][info][gc,heap        ] GC(31) Eden regions: 201->0(230)
[26.868s][info][gc,heap        ] GC(31) Survivor regions: 19->28(28)
[26.868s][info][gc,heap        ] GC(31) Old regions: 156->184
[26.868s][info][gc,heap        ] GC(31) Archive regions: 0->0
[26.868s][info][gc,heap        ] GC(31) Humongous regions: 27->27
[26.868s][info][gc,metaspace   ] GC(31) Metaspace: 62468K(63808K)->62468K(63808K) NonClass: 54450K(55232K)->54450K(55232K) Class: 8017K(8576K)->8017K(8576K)
[26.868s][info][gc             ] GC(31) Pause Young (Prepare Mixed) (G1 Evacuation Pause) 763M->438M(1138M) 33.299ms
[26.868s][info][gc,cpu         ] GC(31) User=0.84s Sys=0.00s Real=0.03s
[27.115s][info][gc,start       ] GC(32) Pause Young (Mixed) (G1 Evacuation Pause)
[27.115s][info][gc,task        ] GC(32) Using 27 workers of 33 for evacuation
[27.163s][info][gc,phases      ] GC(32)   Pre Evacuate Collection Set: 0.2ms
[27.163s][info][gc,phases      ] GC(32)   Merge Heap Roots: 0.8ms
[27.163s][info][gc,phases      ] GC(32)   Evacuate Collection Set: 43.2ms
[27.163s][info][gc,phases      ] GC(32)   Post Evacuate Collection Set: 3.4ms
[27.163s][info][gc,phases      ] GC(32)   Other: 0.2ms
[27.163s][info][gc,heap        ] GC(32) Eden regions: 230->0(418)
[27.163s][info][gc,heap        ] GC(32) Survivor regions: 28->24(33)
[27.163s][info][gc,heap        ] GC(32) Old regions: 184->181
[27.163s][info][gc,heap        ] GC(32) Archive regions: 0->0
[27.163s][info][gc,heap        ] GC(32) Humongous regions: 47->47
[27.163s][info][gc,metaspace   ] GC(32) Metaspace: 62468K(63808K)->62468K(63808K) NonClass: 54450K(55232K)->54450K(55232K) Class: 8017K(8576K)->8017K(8576K)
[27.163s][info][gc             ] GC(32) Pause Young (Mixed) (G1 Evacuation Pause) 938M->483M(1730M) 48.180ms
[27.163s][info][gc,cpu         ] GC(32) User=1.27s Sys=0.00s Real=0.05s
[28.474s][info][gc,start       ] GC(33) Pause Young (Normal) (G1 Evacuation Pause)
[28.474s][info][gc,task        ] GC(33) Using 33 workers of 33 for evacuation
[28.527s][info][gc,phases      ] GC(33)   Pre Evacuate Collection Set: 0.2ms
[28.527s][info][gc,phases      ] GC(33)   Merge Heap Roots: 0.6ms
[28.527s][info][gc,phases      ] GC(33)   Evacuate Collection Set: 50.7ms
[28.527s][info][gc,phases      ] GC(33)   Post Evacuate Collection Set: 0.9ms
[28.527s][info][gc,phases      ] GC(33)   Other: 0.2ms
[28.527s][info][gc,heap        ] GC(33) Eden regions: 418->0(409)
[28.527s][info][gc,heap        ] GC(33) Survivor regions: 24->56(56)
[28.527s][info][gc,heap        ] GC(33) Old regions: 181->182
[28.527s][info][gc,heap        ] GC(33) Archive regions: 0->0
[28.527s][info][gc,heap        ] GC(33) Humongous regions: 70->67
[28.527s][info][gc,metaspace   ] GC(33) Metaspace: 62519K(63872K)->62519K(63872K) NonClass: 54496K(55296K)->54496K(55296K) Class: 8023K(8576K)->8023K(8576K)
[28.527s][info][gc             ] GC(33) Pause Young (Normal) (G1 Evacuation Pause) 1365M->589M(1730M) 52.974ms
[28.527s][info][gc,cpu         ] GC(33) User=1.55s Sys=0.00s Real=0.05s
[28.619s][info][gc,start       ] GC(34) Pause Young (Concurrent Start) (G1 Humongous Allocation)
[28.619s][info][gc,task        ] GC(34) Using 33 workers of 33 for evacuation
[28.654s][info][gc,phases      ] GC(34)   Pre Evacuate Collection Set: 0.4ms
[28.654s][info][gc,phases      ] GC(34)   Merge Heap Roots: 0.5ms
[28.654s][info][gc,phases      ] GC(34)   Evacuate Collection Set: 33.2ms
[28.654s][info][gc,phases      ] GC(34)   Post Evacuate Collection Set: 0.6ms
[28.654s][info][gc,phases      ] GC(34)   Other: 0.1ms
[28.654s][info][gc,heap        ] GC(34) Eden regions: 33->0(365)
[28.654s][info][gc,heap        ] GC(34) Survivor regions: 56->8(59)
[28.654s][info][gc,heap        ] GC(34) Old regions: 182->237
[28.654s][info][gc,heap        ] GC(34) Archive regions: 0->0
[28.654s][info][gc,heap        ] GC(34) Humongous regions: 67->67
[28.654s][info][gc,metaspace   ] GC(34) Metaspace: 62743K(63936K)->62743K(63936K) NonClass: 54672K(55360K)->54672K(55360K) Class: 8070K(8576K)->8070K(8576K)
[28.654s][info][gc             ] GC(34) Pause Young (Concurrent Start) (G1 Humongous Allocation) 654M->602M(1730M) 35.067ms
[28.654s][info][gc             ] GC(35) Concurrent Mark Cycle
[28.654s][info][gc,cpu         ] GC(34) User=1.03s Sys=0.00s Real=0.03s
[28.654s][info][gc,marking     ] GC(35) Concurrent Scan Root Regions
[28.665s][info][gc,marking     ] GC(35) Concurrent Scan Root Regions 10.216ms
[28.665s][info][gc,marking     ] GC(35) Concurrent Mark
[28.665s][info][gc,marking     ] GC(35) Concurrent Mark From Roots
[28.665s][info][gc,task        ] GC(35) Using 8 workers of 8 for marking
[28.696s][info][gc,marking     ] GC(35) Concurrent Mark From Roots 31.576ms
[28.696s][info][gc,marking     ] GC(35) Concurrent Preclean
[28.696s][info][gc,marking     ] GC(35) Concurrent Preclean 0.083ms
[28.697s][info][gc,start       ] GC(35) Pause Remark
[28.702s][info][gc             ] GC(35) Pause Remark 640M->412M(1448M) 5.156ms
[28.702s][info][gc,cpu         ] GC(35) User=0.44s Sys=0.00s Real=0.02s
[28.702s][info][gc,marking     ] GC(35) Concurrent Mark 37.117ms
[28.702s][info][gc,marking     ] GC(35) Concurrent Rebuild Remembered Sets and Scrub Regions
[28.729s][info][gc,marking     ] GC(35) Concurrent Rebuild Remembered Sets and Scrub Regions 27.365ms
[28.729s][info][gc,start       ] GC(35) Pause Cleanup
[28.730s][info][gc             ] GC(35) Pause Cleanup 445M->445M(1448M) 0.333ms
[28.730s][info][gc,cpu         ] GC(35) User=0.00s Sys=0.00s Real=0.00s
[28.730s][info][gc,marking     ] GC(35) Concurrent Clear Claimed Marks
[28.730s][info][gc,marking     ] GC(35) Concurrent Clear Claimed Marks 0.112ms
[28.730s][info][gc,marking     ] GC(35) Concurrent Cleanup for Next Mark
[28.732s][info][gc,marking     ] GC(35) Concurrent Cleanup for Next Mark 2.311ms
[28.732s][info][gc             ] GC(35) Concurrent Mark Cycle 77.901ms
[29.965s][info][gc,start       ] GC(36) Pause Young (Prepare Mixed) (G1 Evacuation Pause)
[29.965s][info][gc,task        ] GC(36) Using 33 workers of 33 for evacuation
[29.998s][info][gc,phases      ] GC(36)   Pre Evacuate Collection Set: 0.2ms
[29.998s][info][gc,phases      ] GC(36)   Merge Heap Roots: 0.6ms
[29.998s][info][gc,phases      ] GC(36)   Evacuate Collection Set: 31.5ms
[29.998s][info][gc,phases      ] GC(36)   Post Evacuate Collection Set: 0.8ms
[29.998s][info][gc,phases      ] GC(36)   Other: 0.1ms
[29.998s][info][gc,heap        ] GC(36) Eden regions: 365->0(322)
[29.998s][info][gc,heap        ] GC(36) Survivor regions: 8->40(47)
[29.998s][info][gc,heap        ] GC(36) Old regions: 187->187
[29.998s][info][gc,heap        ] GC(36) Archive regions: 0->0
[29.998s][info][gc,heap        ] GC(36) Humongous regions: 36->27
[29.998s][info][gc,metaspace   ] GC(36) Metaspace: 63212K(64192K)->63212K(64192K) NonClass: 55062K(55616K)->55062K(55616K) Class: 8149K(8576K)->8149K(8576K)
[29.998s][info][gc             ] GC(36) Pause Young (Prepare Mixed) (G1 Evacuation Pause) 1170M->487M(1448M) 33.403ms
[29.998s][info][gc,cpu         ] GC(36) User=1.03s Sys=0.00s Real=0.03s
[30.964s][info][gc,start       ] GC(37) Pause Young (Mixed) (G1 Evacuation Pause)
[30.965s][info][gc,task        ] GC(37) Using 33 workers of 33 for evacuation
[31.040s][info][gc,phases      ] GC(37)   Pre Evacuate Collection Set: 0.2ms
[31.040s][info][gc,phases      ] GC(37)   Merge Heap Roots: 0.5ms
[31.040s][info][gc,phases      ] GC(37)   Evacuate Collection Set: 73.3ms
[31.040s][info][gc,phases      ] GC(37)   Post Evacuate Collection Set: 0.9ms
[31.040s][info][gc,phases      ] GC(37)   Other: 0.1ms
[31.040s][info][gc,heap        ] GC(37) Eden regions: 311->0(301)
[31.040s][info][gc,heap        ] GC(37) Survivor regions: 40->44(44)
[31.040s][info][gc,heap        ] GC(37) Old regions: 187->225
[31.040s][info][gc,heap        ] GC(37) Archive regions: 0->0
[31.040s][info][gc,heap        ] GC(37) Humongous regions: 175->100
[31.040s][info][gc,metaspace   ] GC(37) Metaspace: 64889K(65856K)->64889K(65856K) NonClass: 56505K(57024K)->56505K(57024K) Class: 8383K(8832K)->8383K(8832K)
[31.040s][info][gc             ] GC(37) Pause Young (Mixed) (G1 Evacuation Pause) 1405M->716M(1596M) 75.337ms
[31.040s][info][gc,cpu         ] GC(37) User=1.23s Sys=0.84s Real=0.08s
[31.477s][info][gc,start       ] GC(38) Pause Young (Mixed) (G1 Evacuation Pause)
[31.477s][info][gc,task        ] GC(38) Using 33 workers of 33 for evacuation
[31.583s][info][gc,phases      ] GC(38)   Pre Evacuate Collection Set: 0.3ms
[31.583s][info][gc,phases      ] GC(38)   Merge Heap Roots: 0.6ms
[31.583s][info][gc,phases      ] GC(38)   Evacuate Collection Set: 104.4ms
[31.583s][info][gc,phases      ] GC(38)   Post Evacuate Collection Set: 1.0ms
[31.583s][info][gc,phases      ] GC(38)   Other: 0.2ms
[31.583s][info][gc,heap        ] GC(38) Eden regions: 301->0(292)
[31.583s][info][gc,heap        ] GC(38) Survivor regions: 44->41(44)
[31.583s][info][gc,heap        ] GC(38) Old regions: 225->247
[31.583s][info][gc,heap        ] GC(38) Archive regions: 0->0
[31.583s][info][gc,heap        ] GC(38) Humongous regions: 124->87
[31.583s][info][gc,metaspace   ] GC(38) Metaspace: 65058K(66112K)->65058K(66112K) NonClass: 56654K(57216K)->56654K(57216K) Class: 8404K(8896K)->8404K(8896K)
[31.583s][info][gc             ] GC(38) Pause Young (Mixed) (G1 Evacuation Pause) 1366M->728M(1596M) 106.881ms
[31.583s][info][gc,cpu         ] GC(38) User=1.48s Sys=0.00s Real=0.11s
[31.643s][info][gc,start       ] GC(39) Pause Full (System.gc())
[31.643s][info][gc,task        ] GC(39) Using 33 workers of 33 for full compaction
[31.644s][info][gc,phases,start] GC(39) Phase 1: Mark live objects
[31.677s][info][gc,phases      ] GC(39) Phase 1: Mark live objects 32.003ms
[31.677s][info][gc,phases,start] GC(39) Phase 2: Prepare compaction
[31.685s][info][gc,phases      ] GC(39) Phase 2: Prepare compaction 8.537ms
[31.685s][info][gc,phases,start] GC(39) Phase 3: Adjust pointers
[31.696s][info][gc,phases      ] GC(39) Phase 3: Adjust pointers 11.117ms
[31.696s][info][gc,phases,start] GC(39) Phase 4: Compact heap
[31.705s][info][gc,phases      ] GC(39) Phase 4: Compact heap 8.883ms
[31.715s][info][gc,heap        ] GC(39) Eden regions: 38->0(143)
[31.715s][info][gc,heap        ] GC(39) Survivor regions: 41->0(44)
[31.715s][info][gc,heap        ] GC(39) Old regions: 247->85
[31.715s][info][gc,heap        ] GC(39) Archive regions: 0->0
[31.715s][info][gc,heap        ] GC(39) Humongous regions: 87->3
[31.715s][info][gc,metaspace   ] GC(39) Metaspace: 65061K(66112K)->64947K(66112K) NonClass: 56655K(57216K)->56572K(57216K) Class: 8405K(8896K)->8374K(8896K)
[31.715s][info][gc             ] GC(39) Pause Full (System.gc()) 803M->147M(588M) 72.022ms
[31.715s][info][gc,cpu         ] GC(39) User=1.58s Sys=0.00s Real=0.08s
[31.763s][info][gc,start       ] GC(40) Pause Young (Concurrent Start) (G1 Humongous Allocation)
[31.763s][info][gc,task        ] GC(40) Using 23 workers of 33 for evacuation
[31.765s][info][gc,phases      ] GC(40)   Pre Evacuate Collection Set: 0.4ms
[31.765s][info][gc,phases      ] GC(40)   Merge Heap Roots: 0.1ms
[31.765s][info][gc,phases      ] GC(40)   Evacuate Collection Set: 1.3ms
[31.765s][info][gc,phases      ] GC(40)   Post Evacuate Collection Set: 0.5ms
[31.765s][info][gc,phases      ] GC(40)   Other: 0.1ms
[31.765s][info][gc,heap        ] GC(40) Eden regions: 11->0(148)
[31.765s][info][gc,heap        ] GC(40) Survivor regions: 0->6(18)
[31.766s][info][gc,heap        ] GC(40) Old regions: 85->85
[31.766s][info][gc,heap        ] GC(40) Archive regions: 0->0
[31.766s][info][gc,heap        ] GC(40) Humongous regions: 3->3
[31.766s][info][gc,metaspace   ] GC(40) Metaspace: 65064K(66176K)->65064K(66176K) NonClass: 56676K(57280K)->56676K(57280K) Class: 8388K(8896K)->8388K(8896K)
[31.766s][info][gc             ] GC(40) Pause Young (Concurrent Start) (G1 Humongous Allocation) 168M->159M(588M) 2.824ms
[31.766s][info][gc             ] GC(41) Concurrent Mark Cycle
[31.766s][info][gc,cpu         ] GC(40) User=0.00s Sys=0.00s Real=0.00s
[31.766s][info][gc,marking     ] GC(41) Concurrent Scan Root Regions
[31.767s][info][gc,marking     ] GC(41) Concurrent Scan Root Regions 0.812ms
[31.767s][info][gc,marking     ] GC(41) Concurrent Mark
[31.767s][info][gc,marking     ] GC(41) Concurrent Mark From Roots
[31.767s][info][gc,task        ] GC(41) Using 8 workers of 8 for marking
[31.811s][info][gc,marking     ] GC(41) Concurrent Mark From Roots 44.467ms
[31.811s][info][gc,marking     ] GC(41) Concurrent Preclean
[31.811s][info][gc,marking     ] GC(41) Concurrent Preclean 0.087ms
[31.811s][info][gc,start       ] GC(41) Pause Remark
[31.814s][info][gc             ] GC(41) Pause Remark 194M->194M(588M) 2.886ms
[31.814s][info][gc,cpu         ] GC(41) User=0.00s Sys=0.00s Real=0.00s
[31.814s][info][gc,marking     ] GC(41) Concurrent Mark 47.781ms
[31.814s][info][gc,marking     ] GC(41) Concurrent Rebuild Remembered Sets and Scrub Regions
[31.832s][info][gc,marking     ] GC(41) Concurrent Rebuild Remembered Sets and Scrub Regions 17.759ms
[31.838s][info][gc,start       ] GC(41) Pause Cleanup
[31.839s][info][gc             ] GC(41) Pause Cleanup 219M->219M(588M) 0.231ms
[31.839s][info][gc,cpu         ] GC(41) User=0.00s Sys=0.00s Real=0.00s
[31.839s][info][gc,marking     ] GC(41) Concurrent Clear Claimed Marks
[31.839s][info][gc,marking     ] GC(41) Concurrent Clear Claimed Marks 0.115ms
[31.839s][info][gc,marking     ] GC(41) Concurrent Cleanup for Next Mark
[31.839s][info][gc,marking     ] GC(41) Concurrent Cleanup for Next Mark 0.428ms
[31.839s][info][gc             ] GC(41) Concurrent Mark Cycle 73.540ms
[31.968s][info][gc,start       ] GC(42) Pause Young (Prepare Mixed) (G1 Evacuation Pause)
[31.968s][info][gc,task        ] GC(42) Using 18 workers of 33 for evacuation
[31.992s][info][gc,phases      ] GC(42)   Pre Evacuate Collection Set: 0.2ms
[31.992s][info][gc,phases      ] GC(42)   Merge Heap Roots: 0.2ms
[31.992s][info][gc,phases      ] GC(42)   Evacuate Collection Set: 23.6ms
[31.992s][info][gc,phases      ] GC(42)   Post Evacuate Collection Set: 0.5ms
[31.992s][info][gc,phases      ] GC(42)   Other: 0.1ms
[31.992s][info][gc,heap        ] GC(42) Eden regions: 148->0(99)
[31.992s][info][gc,heap        ] GC(42) Survivor regions: 6->20(20)
[31.992s][info][gc,heap        ] GC(42) Old regions: 85->105
[31.992s][info][gc,heap        ] GC(42) Archive regions: 0->0
[31.992s][info][gc,heap        ] GC(42) Humongous regions: 18->15
[31.992s][info][gc,metaspace   ] GC(42) Metaspace: 65086K(66176K)->65086K(66176K) NonClass: 56697K(57280K)->56697K(57280K) Class: 8388K(8896K)->8388K(8896K)
[31.992s][info][gc             ] GC(42) Pause Young (Prepare Mixed) (G1 Evacuation Pause) 485M->250M(594M) 24.759ms
[31.993s][info][gc,cpu         ] GC(42) User=0.30s Sys=0.00s Real=0.01s
[32.095s][info][gc,start       ] GC(43) Pause Young (Mixed) (G1 Evacuation Pause)
[32.095s][info][gc,task        ] GC(43) Using 16 workers of 33 for evacuation
[32.128s][info][gc,phases      ] GC(43)   Pre Evacuate Collection Set: 0.2ms
[32.128s][info][gc,phases      ] GC(43)   Merge Heap Roots: 0.3ms
[32.128s][info][gc,phases      ] GC(43)   Evacuate Collection Set: 29.5ms
[32.128s][info][gc,phases      ] GC(43)   Post Evacuate Collection Set: 3.4ms
[32.128s][info][gc,phases      ] GC(43)   Other: 0.1ms
[32.128s][info][gc,heap        ] GC(43) Eden regions: 99->0(449)
[32.128s][info][gc,heap        ] GC(43) Survivor regions: 20->12(15)
[32.128s][info][gc,heap        ] GC(43) Old regions: 105->125
[32.128s][info][gc,heap        ] GC(43) Archive regions: 0->0
[32.128s][info][gc,heap        ] GC(43) Humongous regions: 27->27
[32.128s][info][gc,metaspace   ] GC(43) Metaspace: 65086K(66176K)->65086K(66176K) NonClass: 56697K(57280K)->56697K(57280K) Class: 8388K(8896K)->8388K(8896K)
[32.129s][info][gc             ] GC(43) Pause Young (Mixed) (G1 Evacuation Pause) 472M->304M(1546M) 33.835ms
[32.129s][info][gc,cpu         ] GC(43) User=0.50s Sys=0.00s Real=0.03s
[32.695s][info][gc,start       ] GC(44) Pause Young (Normal) (G1 Evacuation Pause)
[32.695s][info][gc,task        ] GC(44) Using 33 workers of 33 for evacuation
[32.736s][info][gc,phases      ] GC(44)   Pre Evacuate Collection Set: 0.2ms
[32.736s][info][gc,phases      ] GC(44)   Merge Heap Roots: 0.6ms
[32.736s][info][gc,phases      ] GC(44)   Evacuate Collection Set: 39.2ms
[32.736s][info][gc,phases      ] GC(44)   Post Evacuate Collection Set: 0.7ms
[32.736s][info][gc,phases      ] GC(44)   Other: 0.1ms
[32.736s][info][gc,heap        ] GC(44) Eden regions: 449->0(417)
[32.736s][info][gc,heap        ] GC(44) Survivor regions: 12->46(58)
[32.736s][info][gc,heap        ] GC(44) Old regions: 125->125
[32.736s][info][gc,heap        ] GC(44) Archive regions: 0->0
[32.736s][info][gc,heap        ] GC(44) Humongous regions: 39->39
[32.736s][info][gc,metaspace   ] GC(44) Metaspace: 65086K(66176K)->65086K(66176K) NonClass: 56697K(57280K)->56697K(57280K) Class: 8388K(8896K)->8388K(8896K)
[32.736s][info][gc             ] GC(44) Pause Young (Normal) (G1 Evacuation Pause) 1226M->395M(1546M) 41.128ms
[32.736s][info][gc,cpu         ] GC(44) User=1.27s Sys=0.28s Real=0.05s
[33.142s][info][gc,start       ] GC(45) Pause Young (Concurrent Start) (G1 Humongous Allocation)
[33.142s][info][gc,task        ] GC(45) Using 33 workers of 33 for evacuation
[33.179s][info][gc,phases      ] GC(45)   Pre Evacuate Collection Set: 0.5ms
[33.179s][info][gc,phases      ] GC(45)   Merge Heap Roots: 0.4ms
[33.179s][info][gc,phases      ] GC(45)   Evacuate Collection Set: 35.5ms
[33.179s][info][gc,phases      ] GC(45)   Post Evacuate Collection Set: 0.5ms
[33.179s][info][gc,phases      ] GC(45)   Other: 0.1ms
[33.179s][info][gc,heap        ] GC(45) Eden regions: 154->0(431)
[33.179s][info][gc,heap        ] GC(45) Survivor regions: 46->15(58)
[33.179s][info][gc,heap        ] GC(45) Old regions: 125->166
[33.179s][info][gc,heap        ] GC(45) Archive regions: 0->0
[33.179s][info][gc,heap        ] GC(45) Humongous regions: 39->39
[33.179s][info][gc,metaspace   ] GC(45) Metaspace: 65094K(66176K)->65094K(66176K) NonClass: 56706K(57280K)->56706K(57280K) Class: 8388K(8896K)->8388K(8896K)
[33.179s][info][gc             ] GC(45) Pause Young (Concurrent Start) (G1 Humongous Allocation) 701M->416M(1546M) 37.361ms
[33.179s][info][gc             ] GC(46) Concurrent Mark Cycle
[33.179s][info][gc,cpu         ] GC(45) User=1.03s Sys=0.00s Real=0.03s
[33.179s][info][gc,marking     ] GC(46) Concurrent Scan Root Regions
[33.189s][info][gc,marking     ] GC(46) Concurrent Scan Root Regions 9.831ms
[33.189s][info][gc,marking     ] GC(46) Concurrent Mark
[33.189s][info][gc,marking     ] GC(46) Concurrent Mark From Roots
[33.189s][info][gc,task        ] GC(46) Using 8 workers of 8 for marking
[33.227s][info][gc,marking     ] GC(46) Concurrent Mark From Roots 37.514ms
[33.227s][info][gc,marking     ] GC(46) Concurrent Preclean
[33.227s][info][gc,marking     ] GC(46) Concurrent Preclean 0.113ms
[33.227s][info][gc,start       ] GC(46) Pause Remark
[33.236s][info][gc             ] GC(46) Pause Remark 424M->330M(1188M) 9.251ms
[33.237s][info][gc,cpu         ] GC(46) User=0.52s Sys=0.00s Real=0.02s
[33.237s][info][gc,marking     ] GC(46) Concurrent Mark 47.207ms
[33.237s][info][gc,marking     ] GC(46) Concurrent Rebuild Remembered Sets and Scrub Regions
[33.271s][info][gc,marking     ] GC(46) Concurrent Rebuild Remembered Sets and Scrub Regions 34.011ms
[33.271s][info][gc,start       ] GC(46) Pause Cleanup
[33.271s][info][gc             ] GC(46) Pause Cleanup 330M->330M(1188M) 0.275ms
[33.271s][info][gc,cpu         ] GC(46) User=0.00s Sys=0.00s Real=0.00s
[33.271s][info][gc,marking     ] GC(46) Concurrent Clear Claimed Marks
[33.271s][info][gc,marking     ] GC(46) Concurrent Clear Claimed Marks 0.112ms
[33.271s][info][gc,marking     ] GC(46) Concurrent Cleanup for Next Mark
[33.274s][info][gc,marking     ] GC(46) Concurrent Cleanup for Next Mark 2.817ms
[33.274s][info][gc             ] GC(46) Concurrent Mark Cycle 94.758ms
[34.149s][info][gc,start       ] GC(47) Pause Young (Prepare Mixed) (G1 Evacuation Pause)
[34.149s][info][gc,task        ] GC(47) Using 30 workers of 33 for evacuation
[34.212s][info][gc,phases      ] GC(47)   Pre Evacuate Collection Set: 0.2ms
[34.212s][info][gc,phases      ] GC(47)   Merge Heap Roots: 0.9ms
[34.212s][info][gc,phases      ] GC(47)   Evacuate Collection Set: 60.9ms
[34.212s][info][gc,phases      ] GC(47)   Post Evacuate Collection Set: 0.8ms
[34.212s][info][gc,phases      ] GC(47)   Other: 0.2ms
[34.212s][info][gc,heap        ] GC(47) Eden regions: 341->0(257)
[34.212s][info][gc,heap        ] GC(47) Survivor regions: 15->45(45)
[34.212s][info][gc,heap        ] GC(47) Old regions: 143->172
[34.212s][info][gc,heap        ] GC(47) Archive regions: 0->0
[34.212s][info][gc,heap        ] GC(47) Humongous regions: 54->51
[34.212s][info][gc,metaspace   ] GC(47) Metaspace: 65141K(66240K)->65141K(66240K) NonClass: 56753K(57344K)->56753K(57344K) Class: 8388K(8896K)->8388K(8896K)
[34.212s][info][gc             ] GC(47) Pause Young (Prepare Mixed) (G1 Evacuation Pause) 1082M->512M(1254M) 63.218ms
[34.212s][info][gc,cpu         ] GC(47) User=1.41s Sys=0.47s Real=0.06s
[34.491s][info][gc,start       ] GC(48) Pause Young (Mixed) (G1 Evacuation Pause)
[34.491s][info][gc,task        ] GC(48) Using 30 workers of 33 for evacuation
[34.540s][info][gc,phases      ] GC(48)   Pre Evacuate Collection Set: 0.2ms
[34.540s][info][gc,phases      ] GC(48)   Merge Heap Roots: 1.1ms
[34.540s][info][gc,phases      ] GC(48)   Evacuate Collection Set: 47.0ms
[34.540s][info][gc,phases      ] GC(48)   Post Evacuate Collection Set: 0.6ms
[34.541s][info][gc,phases      ] GC(48)   Other: 0.1ms
[34.541s][info][gc,heap        ] GC(48) Eden regions: 257->0(231)
[34.541s][info][gc,heap        ] GC(48) Survivor regions: 45->28(38)
[34.541s][info][gc,heap        ] GC(48) Old regions: 172->215
[34.541s][info][gc,heap        ] GC(48) Archive regions: 0->0
[34.541s][info][gc,heap        ] GC(48) Humongous regions: 71->71
[34.541s][info][gc,metaspace   ] GC(48) Metaspace: 65141K(66240K)->65141K(66240K) NonClass: 56753K(57344K)->56753K(57344K) Class: 8388K(8896K)->8388K(8896K)
[34.541s][info][gc             ] GC(48) Pause Young (Mixed) (G1 Evacuation Pause) 1066M->604M(1254M) 49.234ms
[34.541s][info][gc,cpu         ] GC(48) User=1.41s Sys=0.00s Real=0.05s
[34.767s][info][gc,start       ] GC(49) Pause Young (Concurrent Start) (G1 Evacuation Pause)
[34.768s][info][gc,task        ] GC(49) Using 30 workers of 33 for evacuation
[34.801s][info][gc,phases      ] GC(49)   Pre Evacuate Collection Set: 0.4ms
[34.801s][info][gc,phases      ] GC(49)   Merge Heap Roots: 0.3ms
[34.801s][info][gc,phases      ] GC(49)   Evacuate Collection Set: 30.0ms
[34.801s][info][gc,phases      ] GC(49)   Post Evacuate Collection Set: 2.7ms
[34.801s][info][gc,phases      ] GC(49)   Other: 0.1ms
[34.801s][info][gc,heap        ] GC(49) Eden regions: 231->0(457)
[34.801s][info][gc,heap        ] GC(49) Survivor regions: 28->19(33)
[34.801s][info][gc,heap        ] GC(49) Old regions: 215->240
[34.801s][info][gc,heap        ] GC(49) Archive regions: 0->0
[34.801s][info][gc,heap        ] GC(49) Humongous regions: 71->71
[34.801s][info][gc,metaspace   ] GC(49) Metaspace: 65143K(66240K)->65143K(66240K) NonClass: 56755K(57344K)->56755K(57344K) Class: 8388K(8896K)->8388K(8896K)
[34.801s][info][gc             ] GC(49) Pause Young (Concurrent Start) (G1 Evacuation Pause) 1066M->636M(1824M) 33.943ms
[34.801s][info][gc             ] GC(50) Concurrent Mark Cycle
[34.801s][info][gc,cpu         ] GC(49) User=0.94s Sys=0.00s Real=0.03s
[34.802s][info][gc,marking     ] GC(50) Concurrent Scan Root Regions
[34.810s][info][gc,marking     ] GC(50) Concurrent Scan Root Regions 8.200ms
[34.810s][info][gc,marking     ] GC(50) Concurrent Mark
[34.810s][info][gc,marking     ] GC(50) Concurrent Mark From Roots
[34.810s][info][gc,task        ] GC(50) Using 8 workers of 8 for marking
[34.871s][info][gc,marking     ] GC(50) Concurrent Mark From Roots 61.536ms
[34.871s][info][gc,marking     ] GC(50) Concurrent Preclean
[34.872s][info][gc,marking     ] GC(50) Concurrent Preclean 0.121ms
[34.872s][info][gc,start       ] GC(50) Pause Remark
[34.874s][info][gc             ] GC(50) Pause Remark 731M->551M(1824M) 2.334ms
[34.874s][info][gc,cpu         ] GC(50) User=0.45s Sys=0.02s Real=0.02s
[34.874s][info][gc,marking     ] GC(50) Concurrent Mark 64.293ms
[34.874s][info][gc,marking     ] GC(50) Concurrent Rebuild Remembered Sets and Scrub Regions
[34.924s][info][gc,marking     ] GC(50) Concurrent Rebuild Remembered Sets and Scrub Regions 49.849ms
[34.924s][info][gc,start       ] GC(50) Pause Cleanup
[34.925s][info][gc             ] GC(50) Pause Cleanup 584M->584M(1824M) 0.418ms
[34.925s][info][gc,cpu         ] GC(50) User=0.00s Sys=0.00s Real=0.00s
[34.925s][info][gc,marking     ] GC(50) Concurrent Clear Claimed Marks
[34.925s][info][gc,marking     ] GC(50) Concurrent Clear Claimed Marks 0.119ms
[34.925s][info][gc,marking     ] GC(50) Concurrent Cleanup for Next Mark
[34.928s][info][gc,marking     ] GC(50) Concurrent Cleanup for Next Mark 2.926ms
[34.928s][info][gc             ] GC(50) Concurrent Mark Cycle 126.305ms
[36.627s][info][gc,start       ] GC(51) Pause Young (Prepare Mixed) (G1 Evacuation Pause)
[36.627s][info][gc,task        ] GC(51) Using 33 workers of 33 for evacuation
[36.687s][info][gc,phases      ] GC(51)   Pre Evacuate Collection Set: 0.3ms
[36.688s][info][gc,phases      ] GC(51)   Merge Heap Roots: 1.1ms
[36.688s][info][gc,phases      ] GC(51)   Evacuate Collection Set: 58.1ms
[36.688s][info][gc,phases      ] GC(51)   Post Evacuate Collection Set: 1.0ms
[36.688s][info][gc,phases      ] GC(51)   Other: 0.2ms
[36.688s][info][gc,heap        ] GC(51) Eden regions: 457->0(446)
[36.688s][info][gc,heap        ] GC(51) Survivor regions: 19->60(60)
[36.688s][info][gc,heap        ] GC(51) Old regions: 198->205
[36.688s][info][gc,heap        ] GC(51) Archive regions: 0->0
[36.688s][info][gc,heap        ] GC(51) Humongous regions: 76->67
[36.688s][info][gc,metaspace   ] GC(51) Metaspace: 65285K(66304K)->65285K(66304K) NonClass: 56896K(57408K)->56896K(57408K) Class: 8389K(8896K)->8389K(8896K)
[36.688s][info][gc             ] GC(51) Pause Young (Prepare Mixed) (G1 Evacuation Pause) 1476M->641M(1824M) 60.927ms
[36.688s][info][gc,cpu         ] GC(51) User=2.08s Sys=0.00s Real=0.06s
[37.763s][info][gc,start       ] GC(52) Pause Young (Mixed) (G1 Evacuation Pause)
[37.763s][info][gc,task        ] GC(52) Using 33 workers of 33 for evacuation
[37.894s][info][gc,phases      ] GC(52)   Pre Evacuate Collection Set: 0.3ms
[37.895s][info][gc,phases      ] GC(52)   Merge Heap Roots: 1.1ms
[37.895s][info][gc,phases      ] GC(52)   Evacuate Collection Set: 129.2ms
[37.895s][info][gc,phases      ] GC(52)   Post Evacuate Collection Set: 0.9ms
[37.895s][info][gc,phases      ] GC(52)   Other: 0.2ms
[37.895s][info][gc,heap        ] GC(52) Eden regions: 428->0(461)
[37.895s][info][gc,heap        ] GC(52) Survivor regions: 60->53(64)
[37.895s][info][gc,heap        ] GC(52) Old regions: 205->256
[37.895s][info][gc,heap        ] GC(52) Archive regions: 0->0
[37.895s][info][gc,heap        ] GC(52) Humongous regions: 222->124
[37.895s][info][gc,metaspace   ] GC(52) Metaspace: 65395K(66432K)->65395K(66432K) NonClass: 57005K(57536K)->57005K(57536K) Class: 8390K(8896K)->8390K(8896K)
[37.895s][info][gc             ] GC(52) Pause Young (Mixed) (G1 Evacuation Pause) 1806M->841M(2064M) 132.001ms
[37.895s][info][gc,cpu         ] GC(52) User=2.84s Sys=1.78s Real=0.14s
[37.923s][info][gc,start       ] GC(53) Pause Young (Concurrent Start) (G1 Humongous Allocation)
[37.923s][info][gc,task        ] GC(53) Using 33 workers of 33 for evacuation
[37.961s][info][gc,phases      ] GC(53)   Pre Evacuate Collection Set: 0.4ms
[37.961s][info][gc,phases      ] GC(53)   Merge Heap Roots: 0.3ms
[37.961s][info][gc,phases      ] GC(53)   Evacuate Collection Set: 36.8ms
[37.962s][info][gc,phases      ] GC(53)   Post Evacuate Collection Set: 0.4ms
[37.962s][info][gc,phases      ] GC(53)   Other: 0.1ms
[37.962s][info][gc,heap        ] GC(53) Eden regions: 15->0(364)
[37.962s][info][gc,heap        ] GC(53) Survivor regions: 53->7(65)
[37.962s][info][gc,heap        ] GC(53) Old regions: 256->307
[37.962s][info][gc,heap        ] GC(53) Archive regions: 0->0
[37.962s][info][gc,heap        ] GC(53) Humongous regions: 124->124
[37.962s][info][gc,metaspace   ] GC(53) Metaspace: 65395K(66432K)->65395K(66432K) NonClass: 57005K(57536K)->57005K(57536K) Class: 8390K(8896K)->8390K(8896K)
[37.962s][info][gc             ] GC(53) Pause Young (Concurrent Start) (G1 Humongous Allocation) 870M->852M(2064M) 38.188ms
[37.962s][info][gc             ] GC(54) Concurrent Mark Cycle
[37.962s][info][gc,cpu         ] GC(53) User=1.03s Sys=0.00s Real=0.03s
[37.962s][info][gc,marking     ] GC(54) Concurrent Scan Root Regions
[37.970s][info][gc,marking     ] GC(54) Concurrent Scan Root Regions 7.950ms
[37.970s][info][gc,marking     ] GC(54) Concurrent Mark
[37.970s][info][gc,marking     ] GC(54) Concurrent Mark From Roots
[37.970s][info][gc,task        ] GC(54) Using 8 workers of 8 for marking
[37.999s][info][gc,marking     ] GC(54) Concurrent Mark From Roots 29.310ms
[37.999s][info][gc,marking     ] GC(54) Concurrent Preclean
[37.999s][info][gc,marking     ] GC(54) Concurrent Preclean 0.128ms
[37.999s][info][gc,start       ] GC(54) Pause Remark
[38.002s][info][gc             ] GC(54) Pause Remark 890M->418M(1480M) 2.802ms
[38.002s][info][gc,cpu         ] GC(54) User=0.00s Sys=0.00s Real=0.00s
[38.002s][info][gc,marking     ] GC(54) Concurrent Mark 32.544ms
[38.002s][info][gc,marking     ] GC(54) Concurrent Rebuild Remembered Sets and Scrub Regions
[38.022s][info][gc,marking     ] GC(54) Concurrent Rebuild Remembered Sets and Scrub Regions 19.785ms
[38.022s][info][gc,start       ] GC(54) Pause Cleanup
[38.023s][info][gc             ] GC(54) Pause Cleanup 440M->440M(1480M) 0.323ms
[38.023s][info][gc,cpu         ] GC(54) User=0.00s Sys=0.00s Real=0.00s
[38.023s][info][gc,marking     ] GC(54) Concurrent Clear Claimed Marks
[38.023s][info][gc,marking     ] GC(54) Concurrent Clear Claimed Marks 0.112ms
[38.023s][info][gc,marking     ] GC(54) Concurrent Cleanup for Next Mark
[38.024s][info][gc,marking     ] GC(54) Concurrent Cleanup for Next Mark 1.039ms
[38.024s][info][gc             ] GC(54) Concurrent Mark Cycle 62.251ms
[38.432s][info][gc,start       ] GC(55) Pause Full (System.gc())
[38.432s][info][gc,task        ] GC(55) Using 33 workers of 33 for full compaction
[38.433s][info][gc,phases,start] GC(55) Phase 1: Mark live objects
[38.461s][info][gc,phases      ] GC(55) Phase 1: Mark live objects 27.741ms
[38.461s][info][gc,phases,start] GC(55) Phase 2: Prepare compaction
[38.468s][info][gc,phases      ] GC(55) Phase 2: Prepare compaction 6.547ms
[38.468s][info][gc,phases,start] GC(55) Phase 3: Adjust pointers
[38.477s][info][gc,phases      ] GC(55) Phase 3: Adjust pointers 9.564ms
[38.477s][info][gc,phases,start] GC(55) Phase 4: Compact heap
[38.479s][info][gc,phases      ] GC(55) Phase 4: Compact heap 1.843ms
[38.488s][info][gc,heap        ] GC(55) Eden regions: 314->0(128)
[38.488s][info][gc,heap        ] GC(55) Survivor regions: 7->0(65)
[38.488s][info][gc,heap        ] GC(55) Old regions: 181->85
[38.488s][info][gc,heap        ] GC(55) Archive regions: 0->0
[38.488s][info][gc,heap        ] GC(55) Humongous regions: 28->3
[38.488s][info][gc,metaspace   ] GC(55) Metaspace: 65412K(66432K)->65412K(66432K) NonClass: 57022K(57536K)->57022K(57536K) Class: 8390K(8896K)->8390K(8896K)
[38.488s][info][gc             ] GC(55) Pause Full (System.gc()) 1035M->147M(588M) 56.753ms
[38.488s][info][gc,cpu         ] GC(55) User=0.56s Sys=0.00s Real=0.05s
[38.539s][info][gc,start       ] GC(56) Pause Young (Concurrent Start) (G1 Humongous Allocation)
[38.539s][info][gc,task        ] GC(56) Using 23 workers of 33 for evacuation
[38.541s][info][gc,phases      ] GC(56)   Pre Evacuate Collection Set: 0.4ms
[38.541s][info][gc,phases      ] GC(56)   Merge Heap Roots: 0.1ms
[38.541s][info][gc,phases      ] GC(56)   Evacuate Collection Set: 1.1ms
[38.541s][info][gc,phases      ] GC(56)   Post Evacuate Collection Set: 0.6ms
[38.541s][info][gc,phases      ] GC(56)   Other: 0.1ms
[38.541s][info][gc,heap        ] GC(56) Eden regions: 10->0(137)
[38.541s][info][gc,heap        ] GC(56) Survivor regions: 0->3(16)
[38.541s][info][gc,heap        ] GC(56) Old regions: 85->85
[38.541s][info][gc,heap        ] GC(56) Archive regions: 0->0
[38.541s][info][gc,heap        ] GC(56) Humongous regions: 3->3
[38.541s][info][gc,metaspace   ] GC(56) Metaspace: 65460K(66496K)->65460K(66496K) NonClass: 57070K(57600K)->57070K(57600K) Class: 8390K(8896K)->8390K(8896K)
[38.541s][info][gc             ] GC(56) Pause Young (Concurrent Start) (G1 Humongous Allocation) 166M->152M(588M) 2.849ms
[38.542s][info][gc             ] GC(57) Concurrent Mark Cycle
[38.542s][info][gc,cpu         ] GC(56) User=0.00s Sys=0.00s Real=0.00s
[38.542s][info][gc,marking     ] GC(57) Concurrent Scan Root Regions
[38.543s][info][gc,marking     ] GC(57) Concurrent Scan Root Regions 0.946ms
[38.543s][info][gc,marking     ] GC(57) Concurrent Mark
[38.543s][info][gc,marking     ] GC(57) Concurrent Mark From Roots
[38.543s][info][gc,task        ] GC(57) Using 8 workers of 8 for marking
[38.588s][info][gc,marking     ] GC(57) Concurrent Mark From Roots 45.717ms
[38.588s][info][gc,marking     ] GC(57) Concurrent Preclean
[38.589s][info][gc,marking     ] GC(57) Concurrent Preclean 0.089ms
[38.596s][info][gc,start       ] GC(57) Pause Remark
[38.598s][info][gc             ] GC(57) Pause Remark 190M->190M(588M) 2.062ms
[38.598s][info][gc,cpu         ] GC(57) User=0.38s Sys=0.00s Real=0.01s
[38.598s][info][gc,marking     ] GC(57) Concurrent Mark 55.488ms
[38.598s][info][gc,marking     ] GC(57) Concurrent Rebuild Remembered Sets and Scrub Regions
[38.616s][info][gc,marking     ] GC(57) Concurrent Rebuild Remembered Sets and Scrub Regions 18.020ms
[38.634s][info][gc,start       ] GC(57) Pause Cleanup
[38.635s][info][gc             ] GC(57) Pause Cleanup 212M->212M(588M) 0.335ms
[38.635s][info][gc,cpu         ] GC(57) User=0.00s Sys=0.00s Real=0.00s
[38.635s][info][gc,marking     ] GC(57) Concurrent Clear Claimed Marks
[38.635s][info][gc,marking     ] GC(57) Concurrent Clear Claimed Marks 0.119ms
[38.635s][info][gc,marking     ] GC(57) Concurrent Cleanup for Next Mark
[38.635s][info][gc,marking     ] GC(57) Concurrent Cleanup for Next Mark 0.449ms
[38.635s][info][gc             ] GC(57) Concurrent Mark Cycle 93.757ms
[38.748s][info][gc,start       ] GC(58) Pause Young (Prepare Mixed) (G1 Evacuation Pause)
[38.748s][info][gc,task        ] GC(58) Using 18 workers of 33 for evacuation
[38.772s][info][gc,phases      ] GC(58)   Pre Evacuate Collection Set: 0.2ms
[38.772s][info][gc,phases      ] GC(58)   Merge Heap Roots: 0.2ms
[38.772s][info][gc,phases      ] GC(58)   Evacuate Collection Set: 22.6ms
[38.772s][info][gc,phases      ] GC(58)   Post Evacuate Collection Set: 0.5ms
[38.772s][info][gc,phases      ] GC(58)   Other: 0.1ms
[38.772s][info][gc,heap        ] GC(58) Eden regions: 137->0(95)
[38.772s][info][gc,heap        ] GC(58) Survivor regions: 3->18(18)
[38.772s][info][gc,heap        ] GC(58) Old regions: 85->106
[38.772s][info][gc,heap        ] GC(58) Archive regions: 0->0
[38.772s][info][gc,heap        ] GC(58) Humongous regions: 18->15
[38.772s][info][gc,metaspace   ] GC(58) Metaspace: 65507K(66560K)->65507K(66560K) NonClass: 57116K(57664K)->57116K(57664K) Class: 8390K(8896K)->8390K(8896K)
[38.772s][info][gc             ] GC(58) Pause Young (Prepare Mixed) (G1 Evacuation Pause) 456M->249M(588M) 24.053ms
[38.772s][info][gc,cpu         ] GC(58) User=0.31s Sys=0.00s Real=0.03s
[38.862s][info][gc,start       ] GC(59) Pause Young (Mixed) (G1 Evacuation Pause)
[38.862s][info][gc,task        ] GC(59) Using 16 workers of 33 for evacuation
[38.886s][info][gc,phases      ] GC(59)   Pre Evacuate Collection Set: 0.2ms
[38.886s][info][gc,phases      ] GC(59)   Merge Heap Roots: 0.2ms
[38.886s][info][gc,phases      ] GC(59)   Evacuate Collection Set: 23.0ms
[38.886s][info][gc,phases      ] GC(59)   Post Evacuate Collection Set: 0.4ms
[38.886s][info][gc,phases      ] GC(59)   Other: 0.2ms
[38.886s][info][gc,heap        ] GC(59) Eden regions: 95->0(92)
[38.886s][info][gc,heap        ] GC(59) Survivor regions: 18->11(15)
[38.886s][info][gc,heap        ] GC(59) Old regions: 106->122
[38.886s][info][gc,heap        ] GC(59) Archive regions: 0->0
[38.886s][info][gc,heap        ] GC(59) Humongous regions: 19->19
[38.886s][info][gc,metaspace   ] GC(59) Metaspace: 65507K(66560K)->65507K(66560K) NonClass: 57116K(57664K)->57116K(57664K) Class: 8390K(8896K)->8390K(8896K)
[38.886s][info][gc             ] GC(59) Pause Young (Mixed) (G1 Evacuation Pause) 447M->283M(588M) 24.543ms
[38.887s][info][gc,cpu         ] GC(59) User=0.27s Sys=0.00s Real=0.02s
[38.896s][info][gc,start       ] GC(60) Pause Young (Concurrent Start) (G1 Humongous Allocation)
[38.896s][info][gc,task        ] GC(60) Using 15 workers of 33 for evacuation
[38.909s][info][gc,phases      ] GC(60)   Pre Evacuate Collection Set: 0.3ms
[38.909s][info][gc,phases      ] GC(60)   Merge Heap Roots: 0.1ms
[38.909s][info][gc,phases      ] GC(60)   Evacuate Collection Set: 8.3ms
[38.909s][info][gc,phases      ] GC(60)   Post Evacuate Collection Set: 4.0ms
[38.909s][info][gc,phases      ] GC(60)   Other: 0.1ms
[38.909s][info][gc,heap        ] GC(60) Eden regions: 10->0(320)
[38.909s][info][gc,heap        ] GC(60) Survivor regions: 11->3(13)
[38.909s][info][gc,heap        ] GC(60) Old regions: 122->133
[38.909s][info][gc,heap        ] GC(60) Archive regions: 0->0
[38.909s][info][gc,heap        ] GC(60) Humongous regions: 19->19
[38.909s][info][gc,metaspace   ] GC(60) Metaspace: 65507K(66560K)->65507K(66560K) NonClass: 57116K(57664K)->57116K(57664K) Class: 8390K(8896K)->8390K(8896K)
[38.909s][info][gc             ] GC(60) Pause Young (Concurrent Start) (G1 Humongous Allocation) 303M->287M(1230M) 13.053ms
[38.909s][info][gc             ] GC(61) Concurrent Mark Cycle
[38.909s][info][gc,cpu         ] GC(60) User=0.25s Sys=0.00s Real=0.02s
[38.909s][info][gc,marking     ] GC(61) Concurrent Scan Root Regions
[38.913s][info][gc,marking     ] GC(61) Concurrent Scan Root Regions 3.834ms
[38.913s][info][gc,marking     ] GC(61) Concurrent Mark
[38.913s][info][gc,marking     ] GC(61) Concurrent Mark From Roots
[38.913s][info][gc,task        ] GC(61) Using 8 workers of 8 for marking
[38.978s][info][gc,marking     ] GC(61) Concurrent Mark From Roots 64.798ms
[38.978s][info][gc,marking     ] GC(61) Concurrent Preclean
[38.978s][info][gc,marking     ] GC(61) Concurrent Preclean 0.128ms
[38.978s][info][gc,start       ] GC(61) Pause Remark
[38.980s][info][gc             ] GC(61) Pause Remark 395M->387M(1230M) 2.059ms
[38.980s][info][gc,cpu         ] GC(61) User=0.00s Sys=0.00s Real=0.00s
[38.980s][info][gc,marking     ] GC(61) Concurrent Mark 67.321ms
[38.980s][info][gc,marking     ] GC(61) Concurrent Rebuild Remembered Sets and Scrub Regions
[39.025s][info][gc,marking     ] GC(61) Concurrent Rebuild Remembered Sets and Scrub Regions 44.789ms
[39.025s][info][gc,start       ] GC(61) Pause Cleanup
[39.025s][info][gc             ] GC(61) Pause Cleanup 453M->453M(1230M) 0.252ms
[39.026s][info][gc,cpu         ] GC(61) User=0.00s Sys=0.00s Real=0.00s
[39.026s][info][gc,marking     ] GC(61) Concurrent Clear Claimed Marks
[39.026s][info][gc,marking     ] GC(61) Concurrent Clear Claimed Marks 0.100ms
[39.026s][info][gc,marking     ] GC(61) Concurrent Cleanup for Next Mark
[39.029s][info][gc,marking     ] GC(61) Concurrent Cleanup for Next Mark 3.104ms
[39.029s][info][gc             ] GC(61) Concurrent Mark Cycle 119.854ms
[39.349s][info][gc,start       ] GC(62) Pause Young (Prepare Mixed) (G1 Evacuation Pause)
[39.350s][info][gc,task        ] GC(62) Using 29 workers of 33 for evacuation
[39.381s][info][gc,phases      ] GC(62)   Pre Evacuate Collection Set: 0.2ms
[39.381s][info][gc,phases      ] GC(62)   Merge Heap Roots: 0.9ms
[39.381s][info][gc,phases      ] GC(62)   Evacuate Collection Set: 29.2ms
[39.381s][info][gc,phases      ] GC(62)   Post Evacuate Collection Set: 0.6ms
[39.381s][info][gc,phases      ] GC(62)   Other: 0.2ms
[39.381s][info][gc,heap        ] GC(62) Eden regions: 320->0(302)
[39.381s][info][gc,heap        ] GC(62) Survivor regions: 3->29(41)
[39.381s][info][gc,heap        ] GC(62) Old regions: 133->133
[39.381s][info][gc,heap        ] GC(62) Archive regions: 0->0
[39.381s][info][gc,heap        ] GC(62) Humongous regions: 35->35
[39.381s][info][gc,metaspace   ] GC(62) Metaspace: 65529K(66560K)->65529K(66560K) NonClass: 57138K(57664K)->57138K(57664K) Class: 8390K(8896K)->8390K(8896K)
[39.381s][info][gc             ] GC(62) Pause Young (Prepare Mixed) (G1 Evacuation Pause) 959M->371M(1230M) 31.497ms
[39.381s][info][gc,cpu         ] GC(62) User=0.91s Sys=0.00s Real=0.03s
[40.194s][info][gc,start       ] GC(63) Pause Young (Mixed) (G1 Evacuation Pause)
[40.194s][info][gc,task        ] GC(63) Using 29 workers of 33 for evacuation
[40.239s][info][gc,phases      ] GC(63)   Pre Evacuate Collection Set: 0.2ms
[40.239s][info][gc,phases      ] GC(63)   Merge Heap Roots: 0.4ms
[40.239s][info][gc,phases      ] GC(63)   Evacuate Collection Set: 43.0ms
[40.239s][info][gc,phases      ] GC(63)   Post Evacuate Collection Set: 0.7ms
[40.239s][info][gc,phases      ] GC(63)   Other: 0.2ms
[40.239s][info][gc,heap        ] GC(63) Eden regions: 302->0(299)
[40.239s][info][gc,heap        ] GC(63) Survivor regions: 29->19(42)
[40.239s][info][gc,heap        ] GC(63) Old regions: 133->155
[40.239s][info][gc,heap        ] GC(63) Archive regions: 0->0
[40.239s][info][gc,heap        ] GC(63) Humongous regions: 43->43
[40.239s][info][gc,metaspace   ] GC(63) Metaspace: 65534K(66560K)->65534K(66560K) NonClass: 57143K(57664K)->57143K(57664K) Class: 8390K(8896K)->8390K(8896K)
[40.239s][info][gc             ] GC(63) Pause Young (Mixed) (G1 Evacuation Pause) 991M->415M(1230M) 44.835ms
[40.239s][info][gc,cpu         ] GC(63) User=1.36s Sys=0.00s Real=0.05s
[40.307s][info][gc,start       ] GC(64) Pause Young (Concurrent Start) (G1 Humongous Allocation)
[40.307s][info][gc,task        ] GC(64) Using 29 workers of 33 for evacuation
[40.327s][info][gc,phases      ] GC(64)   Pre Evacuate Collection Set: 0.4ms
[40.327s][info][gc,phases      ] GC(64)   Merge Heap Roots: 0.2ms
[40.327s][info][gc,phases      ] GC(64)   Evacuate Collection Set: 18.3ms
[40.327s][info][gc,phases      ] GC(64)   Post Evacuate Collection Set: 0.6ms
[40.327s][info][gc,phases      ] GC(64)   Other: 0.1ms
[40.327s][info][gc,heap        ] GC(64) Eden regions: 12->0(315)
[40.327s][info][gc,heap        ] GC(64) Survivor regions: 19->20(40)
[40.327s][info][gc,heap        ] GC(64) Old regions: 155->155
[40.327s][info][gc,heap        ] GC(64) Archive regions: 0->0
[40.327s][info][gc,heap        ] GC(64) Humongous regions: 43->43
[40.327s][info][gc,metaspace   ] GC(64) Metaspace: 65561K(66624K)->65561K(66624K) NonClass: 57169K(57728K)->57169K(57728K) Class: 8391K(8896K)->8391K(8896K)
[40.327s][info][gc             ] GC(64) Pause Young (Concurrent Start) (G1 Humongous Allocation) 438M->416M(1230M) 19.766ms
[40.327s][info][gc             ] GC(65) Concurrent Mark Cycle
[40.327s][info][gc,cpu         ] GC(64) User=0.45s Sys=0.00s Real=0.02s
[40.327s][info][gc,marking     ] GC(65) Concurrent Scan Root Regions
[40.331s][info][gc,marking     ] GC(65) Concurrent Scan Root Regions 4.424ms
[40.331s][info][gc,marking     ] GC(65) Concurrent Mark
[40.331s][info][gc,marking     ] GC(65) Concurrent Mark From Roots
[40.332s][info][gc,task        ] GC(65) Using 8 workers of 8 for marking
[40.362s][info][gc,marking     ] GC(65) Concurrent Mark From Roots 30.610ms
[40.362s][info][gc,marking     ] GC(65) Concurrent Preclean
[40.362s][info][gc,marking     ] GC(65) Concurrent Preclean 0.106ms
[40.362s][info][gc,start       ] GC(65) Pause Remark
[40.365s][info][gc             ] GC(65) Pause Remark 449M->267M(960M) 2.257ms
[40.365s][info][gc,cpu         ] GC(65) User=0.45s Sys=0.00s Real=0.01s
[40.365s][info][gc,marking     ] GC(65) Concurrent Mark 33.278ms
[40.365s][info][gc,marking     ] GC(65) Concurrent Rebuild Remembered Sets and Scrub Regions
[40.377s][info][gc,marking     ] GC(65) Concurrent Rebuild Remembered Sets and Scrub Regions 12.106ms
[40.377s][info][gc,start       ] GC(65) Pause Cleanup
[40.377s][info][gc             ] GC(65) Pause Cleanup 284M->284M(960M) 0.224ms
[40.377s][info][gc,cpu         ] GC(65) User=0.00s Sys=0.00s Real=0.00s
[40.377s][info][gc,marking     ] GC(65) Concurrent Clear Claimed Marks
[40.377s][info][gc,marking     ] GC(65) Concurrent Clear Claimed Marks 0.076ms
[40.377s][info][gc,marking     ] GC(65) Concurrent Cleanup for Next Mark
[40.378s][info][gc,marking     ] GC(65) Concurrent Cleanup for Next Mark 0.592ms
[40.378s][info][gc             ] GC(65) Concurrent Mark Cycle 51.076ms
[40.767s][info][gc,start       ] GC(66) Pause Young (Prepare Mixed) (G1 Evacuation Pause)
[40.768s][info][gc,task        ] GC(66) Using 26 workers of 33 for evacuation
[40.807s][info][gc,phases      ] GC(66)   Pre Evacuate Collection Set: 0.2ms
[40.807s][info][gc,phases      ] GC(66)   Merge Heap Roots: 0.6ms
[40.807s][info][gc,phases      ] GC(66)   Evacuate Collection Set: 38.0ms
[40.807s][info][gc,phases      ] GC(66)   Post Evacuate Collection Set: 0.6ms
[40.807s][info][gc,phases      ] GC(66)   Other: 0.2ms
[40.807s][info][gc,heap        ] GC(66) Eden regions: 268->0(209)
[40.807s][info][gc,heap        ] GC(66) Survivor regions: 20->36(36)
[40.807s][info][gc,heap        ] GC(66) Old regions: 104->127
[40.807s][info][gc,heap        ] GC(66) Archive regions: 0->0
[40.807s][info][gc,heap        ] GC(66) Humongous regions: 30->27
[40.807s][info][gc,metaspace   ] GC(66) Metaspace: 65594K(66624K)->65594K(66624K) NonClass: 57202K(57728K)->57202K(57728K) Class: 8391K(8896K)->8391K(8896K)
[40.807s][info][gc             ] GC(66) Pause Young (Prepare Mixed) (G1 Evacuation Pause) 824M->359M(962M) 39.981ms
[40.807s][info][gc,cpu         ] GC(66) User=0.81s Sys=0.00s Real=0.03s
[41.021s][info][gc,start       ] GC(67) Pause Young (Mixed) (G1 Evacuation Pause)
[41.021s][info][gc,task        ] GC(67) Using 24 workers of 33 for evacuation
[41.064s][info][gc,phases      ] GC(67)   Pre Evacuate Collection Set: 0.4ms
[41.064s][info][gc,phases      ] GC(67)   Merge Heap Roots: 0.6ms
[41.064s][info][gc,phases      ] GC(67)   Evacuate Collection Set: 41.0ms
[41.064s][info][gc,phases      ] GC(67)   Post Evacuate Collection Set: 0.6ms
[41.064s][info][gc,phases      ] GC(67)   Other: 0.2ms
[41.064s][info][gc,heap        ] GC(67) Eden regions: 209->0(187)
[41.064s][info][gc,heap        ] GC(67) Survivor regions: 36->24(31)
[41.064s][info][gc,heap        ] GC(67) Old regions: 127->157
[41.064s][info][gc,heap        ] GC(67) Archive regions: 0->0
[41.064s][info][gc,heap        ] GC(67) Humongous regions: 45->45
[41.064s][info][gc,metaspace   ] GC(67) Metaspace: 65594K(66624K)->65594K(66624K) NonClass: 57202K(57728K)->57202K(57728K) Class: 8391K(8896K)->8391K(8896K)
[41.064s][info][gc             ] GC(67) Pause Young (Mixed) (G1 Evacuation Pause) 813M->431M(962M) 43.064ms
[41.064s][info][gc,cpu         ] GC(67) User=1.13s Sys=0.00s Real=0.05s
[41.067s][info][gc,start       ] GC(68) Pause Young (Concurrent Start) (G1 Humongous Allocation)
[41.067s][info][gc,task        ] GC(68) Using 23 workers of 33 for evacuation
[41.080s][info][gc,phases      ] GC(68)   Pre Evacuate Collection Set: 0.2ms
[41.080s][info][gc,phases      ] GC(68)   Merge Heap Roots: 0.1ms
[41.080s][info][gc,phases      ] GC(68)   Evacuate Collection Set: 10.6ms
[41.080s][info][gc,phases      ] GC(68)   Post Evacuate Collection Set: 2.0ms
[41.080s][info][gc,phases      ] GC(68)   Other: 0.1ms
[41.080s][info][gc,heap        ] GC(68) Eden regions: 2->0(381)
[41.080s][info][gc,heap        ] GC(68) Survivor regions: 24->5(27)
[41.080s][info][gc,heap        ] GC(68) Old regions: 157->180
[41.080s][info][gc,heap        ] GC(68) Archive regions: 0->0
[41.080s][info][gc,heap        ] GC(68) Humongous regions: 45->45
[41.080s][info][gc,metaspace   ] GC(68) Metaspace: 65594K(66624K)->65594K(66624K) NonClass: 57202K(57728K)->57202K(57728K) Class: 8391K(8896K)->8391K(8896K)
[41.080s][info][gc             ] GC(68) Pause Young (Concurrent Start) (G1 Humongous Allocation) 435M->440M(1478M) 13.242ms
[41.080s][info][gc             ] GC(69) Concurrent Mark Cycle
[41.080s][info][gc,cpu         ] GC(68) User=0.36s Sys=0.00s Real=0.02s
[41.080s][info][gc,marking     ] GC(69) Concurrent Scan Root Regions
[41.085s][info][gc,marking     ] GC(69) Concurrent Scan Root Regions 4.718ms
[41.085s][info][gc,marking     ] GC(69) Concurrent Mark
[41.085s][info][gc,marking     ] GC(69) Concurrent Mark From Roots
[41.085s][info][gc,task        ] GC(69) Using 8 workers of 8 for marking
[41.143s][info][gc,marking     ] GC(69) Concurrent Mark From Roots 58.369ms
[41.143s][info][gc,marking     ] GC(69) Concurrent Preclean
[41.143s][info][gc,marking     ] GC(69) Concurrent Preclean 0.135ms
[41.144s][info][gc,start       ] GC(69) Pause Remark
[41.145s][info][gc             ] GC(69) Pause Remark 540M->500M(1478M) 1.794ms
[41.145s][info][gc,cpu         ] GC(69) User=0.00s Sys=0.00s Real=0.00s
[41.145s][info][gc,marking     ] GC(69) Concurrent Mark 60.598ms
[41.145s][info][gc,marking     ] GC(69) Concurrent Rebuild Remembered Sets and Scrub Regions
[41.197s][info][gc,marking     ] GC(69) Concurrent Rebuild Remembered Sets and Scrub Regions 51.955ms
[41.198s][info][gc,start       ] GC(69) Pause Cleanup
[41.198s][info][gc             ] GC(69) Pause Cleanup 581M->581M(1478M) 0.545ms
[41.198s][info][gc,cpu         ] GC(69) User=0.00s Sys=0.00s Real=0.00s
[41.198s][info][gc,marking     ] GC(69) Concurrent Clear Claimed Marks
[41.198s][info][gc,marking     ] GC(69) Concurrent Clear Claimed Marks 0.121ms
[41.199s][info][gc,marking     ] GC(69) Concurrent Cleanup for Next Mark
[41.202s][info][gc,marking     ] GC(69) Concurrent Cleanup for Next Mark 3.111ms
[41.202s][info][gc             ] GC(69) Concurrent Mark Cycle 121.714ms
[41.537s][info][gc,start       ] GC(70) Pause Young (Prepare Mixed) (G1 Evacuation Pause)
[41.537s][info][gc,task        ] GC(70) Using 33 workers of 33 for evacuation
[41.562s][info][gc,phases      ] GC(70)   Pre Evacuate Collection Set: 0.2ms
[41.562s][info][gc,phases      ] GC(70)   Merge Heap Roots: 0.7ms
[41.562s][info][gc,phases      ] GC(70)   Evacuate Collection Set: 23.2ms
[41.562s][info][gc,phases      ] GC(70)   Post Evacuate Collection Set: 0.9ms
[41.562s][info][gc,phases      ] GC(70)   Other: 0.2ms
[41.562s][info][gc,heap        ] GC(70) Eden regions: 381->0(388)
[41.562s][info][gc,heap        ] GC(70) Survivor regions: 5->26(49)
[41.562s][info][gc,heap        ] GC(70) Old regions: 180->180
[41.562s][info][gc,heap        ] GC(70) Archive regions: 0->0
[41.562s][info][gc,heap        ] GC(70) Humongous regions: 31->31
[41.562s][info][gc,metaspace   ] GC(70) Metaspace: 65596K(66624K)->65596K(66624K) NonClass: 57204K(57728K)->57204K(57728K) Class: 8391K(8896K)->8391K(8896K)
[41.562s][info][gc             ] GC(70) Pause Young (Prepare Mixed) (G1 Evacuation Pause) 1174M->453M(1478M) 25.630ms
[41.562s][info][gc,cpu         ] GC(70) User=0.52s Sys=0.00s Real=0.02s
[42.970s][info][gc,start       ] GC(71) Pause Young (Mixed) (G1 Evacuation Pause)
[42.970s][info][gc,task        ] GC(71) Using 33 workers of 33 for evacuation
[43.033s][info][gc,phases      ] GC(71)   Pre Evacuate Collection Set: 0.2ms
[43.033s][info][gc,phases      ] GC(71)   Merge Heap Roots: 1.1ms
[43.033s][info][gc,phases      ] GC(71)   Evacuate Collection Set: 60.9ms
[43.033s][info][gc,phases      ] GC(71)   Post Evacuate Collection Set: 0.9ms
[43.033s][info][gc,phases      ] GC(71)   Other: 0.2ms
[43.033s][info][gc,heap        ] GC(71) Eden regions: 388->0(324)
[43.033s][info][gc,heap        ] GC(71) Survivor regions: 26->52(52)
[43.033s][info][gc,heap        ] GC(71) Old regions: 180->191
[43.033s][info][gc,heap        ] GC(71) Archive regions: 0->0
[43.033s][info][gc,heap        ] GC(71) Humongous regions: 84->75
[43.033s][info][gc,metaspace   ] GC(71) Metaspace: 65697K(66752K)->65697K(66752K) NonClass: 57305K(57856K)->57305K(57856K) Class: 8391K(8896K)->8391K(8896K)
[43.033s][info][gc             ] GC(71) Pause Young (Mixed) (G1 Evacuation Pause) 1335M->617M(1500M) 63.618ms
[43.033s][info][gc,cpu         ] GC(71) User=2.06s Sys=0.00s Real=0.06s
[43.217s][info][gc,start       ] GC(72) Pause Young (Concurrent Start) (G1 Humongous Allocation)
[43.217s][info][gc,task        ] GC(72) Using 33 workers of 33 for evacuation
[43.254s][info][gc,phases      ] GC(72)   Pre Evacuate Collection Set: 0.5ms
[43.254s][info][gc,phases      ] GC(72)   Merge Heap Roots: 0.5ms
[43.254s][info][gc,phases      ] GC(72)   Evacuate Collection Set: 35.6ms
[43.254s][info][gc,phases      ] GC(72)   Post Evacuate Collection Set: 0.5ms
[43.254s][info][gc,phases      ] GC(72)   Other: 0.1ms
[43.254s][info][gc,heap        ] GC(72) Eden regions: 45->0(332)
[43.254s][info][gc,heap        ] GC(72) Survivor regions: 52->8(47)
[43.254s][info][gc,heap        ] GC(72) Old regions: 191->246
[43.254s][info][gc,heap        ] GC(72) Archive regions: 0->0
[43.254s][info][gc,heap        ] GC(72) Humongous regions: 75->75
[43.254s][info][gc,metaspace   ] GC(72) Metaspace: 65703K(66752K)->65703K(66752K) NonClass: 57311K(57856K)->57311K(57856K) Class: 8392K(8896K)->8392K(8896K)
[43.254s][info][gc             ] GC(72) Pause Young (Concurrent Start) (G1 Humongous Allocation) 706M->640M(1500M) 37.440ms
[43.254s][info][gc             ] GC(73) Concurrent Mark Cycle
[43.254s][info][gc,cpu         ] GC(72) User=1.03s Sys=0.00s Real=0.03s
[43.254s][info][gc,marking     ] GC(73) Concurrent Scan Root Regions
[43.262s][info][gc,marking     ] GC(73) Concurrent Scan Root Regions 8.230ms
[43.262s][info][gc,marking     ] GC(73) Concurrent Mark
[43.262s][info][gc,marking     ] GC(73) Concurrent Mark From Roots
[43.262s][info][gc,task        ] GC(73) Using 8 workers of 8 for marking
[43.298s][info][gc,marking     ] GC(73) Concurrent Mark From Roots 35.339ms
[43.298s][info][gc,marking     ] GC(73) Concurrent Preclean
[43.298s][info][gc,marking     ] GC(73) Concurrent Preclean 0.075ms
[43.298s][info][gc,start       ] GC(73) Pause Remark
[43.301s][info][gc             ] GC(73) Pause Remark 677M->369M(1294M) 2.690ms
[43.301s][info][gc,cpu         ] GC(73) User=0.00s Sys=0.00s Real=0.00s
[43.301s][info][gc,marking     ] GC(73) Concurrent Mark 38.419ms
[43.301s][info][gc,marking     ] GC(73) Concurrent Rebuild Remembered Sets and Scrub Regions
[43.325s][info][gc,marking     ] GC(73) Concurrent Rebuild Remembered Sets and Scrub Regions 24.161ms
[43.325s][info][gc,start       ] GC(73) Pause Cleanup
[43.325s][info][gc             ] GC(73) Pause Cleanup 416M->416M(1294M) 0.309ms
[43.326s][info][gc,cpu         ] GC(73) User=0.00s Sys=0.00s Real=0.00s
[43.326s][info][gc,marking     ] GC(73) Concurrent Clear Claimed Marks
[43.326s][info][gc,marking     ] GC(73) Concurrent Clear Claimed Marks 0.097ms
[43.326s][info][gc,marking     ] GC(73) Concurrent Cleanup for Next Mark
[43.327s][info][gc,marking     ] GC(73) Concurrent Cleanup for Next Mark 0.939ms
[43.327s][info][gc             ] GC(73) Concurrent Mark Cycle 72.633ms
[44.011s][info][gc,start       ] GC(74) Pause Young (Prepare Mixed) (G1 Evacuation Pause)
[44.011s][info][gc,task        ] GC(74) Using 32 workers of 33 for evacuation
[44.068s][info][gc,phases      ] GC(74)   Pre Evacuate Collection Set: 0.3ms
[44.068s][info][gc,phases      ] GC(74)   Merge Heap Roots: 0.4ms
[44.068s][info][gc,phases      ] GC(74)   Evacuate Collection Set: 55.4ms
[44.068s][info][gc,phases      ] GC(74)   Post Evacuate Collection Set: 0.7ms
[44.068s][info][gc,phases      ] GC(74)   Other: 0.2ms
[44.068s][info][gc,heap        ] GC(74) Eden regions: 328->0(325)
[44.068s][info][gc,heap        ] GC(74) Survivor regions: 8->41(43)
[44.068s][info][gc,heap        ] GC(74) Old regions: 164->164
[44.068s][info][gc,heap        ] GC(74) Archive regions: 0->0
[44.068s][info][gc,heap        ] GC(74) Humongous regions: 156->73
[44.068s][info][gc,metaspace   ] GC(74) Metaspace: 65785K(66816K)->65785K(66816K) NonClass: 57390K(57920K)->57390K(57920K) Class: 8395K(8896K)->8395K(8896K)
[44.068s][info][gc             ] GC(74) Pause Young (Prepare Mixed) (G1 Evacuation Pause) 1294M->537M(1394M) 57.268ms
[44.068s][info][gc,cpu         ] GC(74) User=1.08s Sys=0.39s Real=0.05s
[44.441s][info][gc,start       ] GC(75) Pause Young (Mixed) (G1 Evacuation Pause)
[44.442s][info][gc,task        ] GC(75) Using 33 workers of 33 for evacuation
[44.646s][info][gc,mmu         ] GC(75) MMU target violated: 201.0ms (200.0ms/201.0ms)
[44.647s][info][gc,phases      ] GC(75)   Pre Evacuate Collection Set: 0.3ms
[44.647s][info][gc,phases      ] GC(75)   Merge Heap Roots: 0.6ms
[44.647s][info][gc,phases      ] GC(75)   Evacuate Collection Set: 202.6ms
[44.647s][info][gc,phases      ] GC(75)   Post Evacuate Collection Set: 1.2ms
[44.647s][info][gc,phases      ] GC(75)   Other: 0.3ms
[44.647s][info][gc,heap        ] GC(75) Eden regions: 325->0(308)
[44.647s][info][gc,heap        ] GC(75) Survivor regions: 41->46(46)
[44.647s][info][gc,heap        ] GC(75) Old regions: 164->200
[44.647s][info][gc,heap        ] GC(75) Archive regions: 0->0
[44.647s][info][gc,heap        ] GC(75) Humongous regions: 106->63
[44.647s][info][gc,metaspace   ] GC(75) Metaspace: 65799K(66816K)->65799K(66816K) NonClass: 57404K(57920K)->57404K(57920K) Class: 8395K(8896K)->8395K(8896K)
[44.647s][info][gc             ] GC(75) Pause Young (Mixed) (G1 Evacuation Pause) 1253M->599M(1450M) 205.541ms
[44.647s][info][gc,cpu         ] GC(75) User=2.14s Sys=0.33s Real=0.20s
[44.764s][info][gc,start       ] GC(76) Pause Full (System.gc())
[44.764s][info][gc,task        ] GC(76) Using 33 workers of 33 for full compaction
[44.766s][info][gc,phases,start] GC(76) Phase 1: Mark live objects
[44.798s][info][gc,phases      ] GC(76) Phase 1: Mark live objects 32.355ms
[44.798s][info][gc,phases,start] GC(76) Phase 2: Prepare compaction
[44.805s][info][gc,phases      ] GC(76) Phase 2: Prepare compaction 6.737ms
[44.805s][info][gc,phases,start] GC(76) Phase 3: Adjust pointers
[44.815s][info][gc,phases      ] GC(76) Phase 3: Adjust pointers 9.867ms
[44.815s][info][gc,phases,start] GC(76) Phase 4: Compact heap
[44.816s][info][gc,phases      ] GC(76) Phase 4: Compact heap 1.384ms
[44.826s][info][gc,heap        ] GC(76) Eden regions: 71->0(147)
[44.826s][info][gc,heap        ] GC(76) Survivor regions: 46->0(46)
[44.826s][info][gc,heap        ] GC(76) Old regions: 200->84
[44.826s][info][gc,heap        ] GC(76) Archive regions: 0->0
[44.826s][info][gc,heap        ] GC(76) Humongous regions: 63->3
[44.826s][info][gc,metaspace   ] GC(76) Metaspace: 65799K(66816K)->65799K(66816K) NonClass: 57404K(57920K)->57404K(57920K) Class: 8395K(8896K)->8395K(8896K)
[44.826s][info][gc             ] GC(76) Pause Full (System.gc()) 740M->147M(580M) 62.384ms
[44.826s][info][gc,cpu         ] GC(76) User=1.55s Sys=0.00s Real=0.06s
[44.863s][info][gc,start       ] GC(77) Pause Young (Concurrent Start) (G1 Humongous Allocation)
[44.863s][info][gc,task        ] GC(77) Using 23 workers of 33 for evacuation
[44.865s][info][gc,phases      ] GC(77)   Pre Evacuate Collection Set: 0.3ms
[44.865s][info][gc,phases      ] GC(77)   Merge Heap Roots: 0.1ms
[44.865s][info][gc,phases      ] GC(77)   Evacuate Collection Set: 1.2ms
[44.865s][info][gc,phases      ] GC(77)   Post Evacuate Collection Set: 0.5ms
[44.865s][info][gc,phases      ] GC(77)   Other: 0.1ms
[44.865s][info][gc,heap        ] GC(77) Eden regions: 12->0(150)
[44.866s][info][gc,heap        ] GC(77) Survivor regions: 0->8(19)
[44.866s][info][gc,heap        ] GC(77) Old regions: 84->84
[44.866s][info][gc,heap        ] GC(77) Archive regions: 0->0
[44.866s][info][gc,heap        ] GC(77) Humongous regions: 3->3
[44.866s][info][gc,metaspace   ] GC(77) Metaspace: 65841K(66816K)->65841K(66816K) NonClass: 57445K(57920K)->57445K(57920K) Class: 8396K(8896K)->8396K(8896K)
[44.866s][info][gc             ] GC(77) Pause Young (Concurrent Start) (G1 Humongous Allocation) 169M->162M(580M) 2.672ms
[44.866s][info][gc             ] GC(78) Concurrent Mark Cycle
[44.866s][info][gc,cpu         ] GC(77) User=0.00s Sys=0.00s Real=0.00s
[44.866s][info][gc,marking     ] GC(78) Concurrent Scan Root Regions
[44.867s][info][gc,marking     ] GC(78) Concurrent Scan Root Regions 1.265ms
[44.867s][info][gc,marking     ] GC(78) Concurrent Mark
[44.867s][info][gc,marking     ] GC(78) Concurrent Mark From Roots
[44.867s][info][gc,task        ] GC(78) Using 8 workers of 8 for marking
[44.910s][info][gc,marking     ] GC(78) Concurrent Mark From Roots 42.475ms
[44.910s][info][gc,marking     ] GC(78) Concurrent Preclean
[44.910s][info][gc,marking     ] GC(78) Concurrent Preclean 0.100ms
[44.910s][info][gc,start       ] GC(78) Pause Remark
[44.912s][info][gc             ] GC(78) Pause Remark 200M->200M(580M) 1.881ms
[44.912s][info][gc,cpu         ] GC(78) User=0.02s Sys=0.00s Real=0.02s
[44.912s][info][gc,marking     ] GC(78) Concurrent Mark 44.796ms
[44.912s][info][gc,marking     ] GC(78) Concurrent Rebuild Remembered Sets and Scrub Regions
[44.923s][info][gc,marking     ] GC(78) Concurrent Rebuild Remembered Sets and Scrub Regions 11.531ms
[44.924s][info][gc,start       ] GC(78) Pause Cleanup
[44.924s][info][gc             ] GC(78) Pause Cleanup 219M->219M(580M) 0.165ms
[44.924s][info][gc,cpu         ] GC(78) User=0.00s Sys=0.00s Real=0.00s
[44.924s][info][gc,marking     ] GC(78) Concurrent Clear Claimed Marks
[44.924s][info][gc,marking     ] GC(78) Concurrent Clear Claimed Marks 0.090ms
[44.924s][info][gc,marking     ] GC(78) Concurrent Cleanup for Next Mark
[44.924s][info][gc,marking     ] GC(78) Concurrent Cleanup for Next Mark 0.341ms
[44.924s][info][gc             ] GC(78) Concurrent Mark Cycle 58.638ms
[45.041s][info][gc,start       ] GC(79) Pause Young (Prepare Mixed) (G1 Evacuation Pause)
[45.042s][info][gc,task        ] GC(79) Using 18 workers of 33 for evacuation
[45.065s][info][gc,phases      ] GC(79)   Pre Evacuate Collection Set: 0.2ms
[45.065s][info][gc,phases      ] GC(79)   Merge Heap Roots: 0.2ms
[45.065s][info][gc,phases      ] GC(79)   Evacuate Collection Set: 22.4ms
[45.065s][info][gc,phases      ] GC(79)   Post Evacuate Collection Set: 0.5ms
[45.065s][info][gc,phases      ] GC(79)   Other: 0.1ms
[45.065s][info][gc,heap        ] GC(79) Eden regions: 150->0(103)
[45.065s][info][gc,heap        ] GC(79) Survivor regions: 8->20(20)
[45.065s][info][gc,heap        ] GC(79) Old regions: 84->104
[45.065s][info][gc,heap        ] GC(79) Archive regions: 0->0
[45.065s][info][gc,heap        ] GC(79) Humongous regions: 18->15
[45.065s][info][gc,metaspace   ] GC(79) Metaspace: 65847K(66880K)->65847K(66880K) NonClass: 57450K(57984K)->57450K(57984K) Class: 8396K(8896K)->8396K(8896K)
[45.065s][info][gc             ] GC(79) Pause Young (Prepare Mixed) (G1 Evacuation Pause) 492M->251M(600M) 23.831ms
[45.065s][info][gc,cpu         ] GC(79) User=0.28s Sys=0.00s Real=0.02s
[45.171s][info][gc,start       ] GC(80) Pause Young (Mixed) (G1 Evacuation Pause)
[45.171s][info][gc,task        ] GC(80) Using 16 workers of 33 for evacuation
[45.204s][info][gc,phases      ] GC(80)   Pre Evacuate Collection Set: 0.3ms
[45.204s][info][gc,phases      ] GC(80)   Merge Heap Roots: 0.3ms
[45.204s][info][gc,phases      ] GC(80)   Evacuate Collection Set: 29.1ms
[45.204s][info][gc,phases      ] GC(80)   Post Evacuate Collection Set: 3.0ms
[45.204s][info][gc,phases      ] GC(80)   Other: 0.1ms
[45.204s][info][gc,heap        ] GC(80) Eden regions: 103->0(367)
[45.204s][info][gc,heap        ] GC(80) Survivor regions: 20->13(16)
[45.204s][info][gc,heap        ] GC(80) Old regions: 104->123
[45.204s][info][gc,heap        ] GC(80) Archive regions: 0->0
[45.204s][info][gc,heap        ] GC(80) Humongous regions: 27->27
[45.204s][info][gc,metaspace   ] GC(80) Metaspace: 65847K(66880K)->65847K(66880K) NonClass: 57450K(57984K)->57450K(57984K) Class: 8396K(8896K)->8396K(8896K)
[45.204s][info][gc             ] GC(80) Pause Young (Mixed) (G1 Evacuation Pause) 481M->306M(1288M) 33.145ms
[45.204s][info][gc,cpu         ] GC(80) User=0.50s Sys=0.00s Real=0.03s
[45.362s][info][gc,start       ] GC(81) Pause Young (Concurrent Start) (G1 Humongous Allocation)
[45.362s][info][gc,task        ] GC(81) Using 30 workers of 33 for evacuation
[45.386s][info][gc,phases      ] GC(81)   Pre Evacuate Collection Set: 0.4ms
[45.386s][info][gc,phases      ] GC(81)   Merge Heap Roots: 0.2ms
[45.386s][info][gc,phases      ] GC(81)   Evacuate Collection Set: 22.5ms
[45.386s][info][gc,phases      ] GC(81)   Post Evacuate Collection Set: 0.5ms
[45.386s][info][gc,phases      ] GC(81)   Other: 0.1ms
[45.386s][info][gc,heap        ] GC(81) Eden regions: 131->0(361)
[45.386s][info][gc,heap        ] GC(81) Survivor regions: 13->25(48)
[45.386s][info][gc,heap        ] GC(81) Old regions: 123->123
[45.386s][info][gc,heap        ] GC(81) Archive regions: 0->0
[45.386s][info][gc,heap        ] GC(81) Humongous regions: 27->27
[45.386s][info][gc,metaspace   ] GC(81) Metaspace: 65851K(66880K)->65851K(66880K) NonClass: 57454K(57984K)->57454K(57984K) Class: 8396K(8896K)->8396K(8896K)
[45.386s][info][gc             ] GC(81) Pause Young (Concurrent Start) (G1 Humongous Allocation) 567M->329M(1288M) 23.868ms
[45.386s][info][gc             ] GC(82) Concurrent Mark Cycle
[45.386s][info][gc,cpu         ] GC(81) User=0.36s Sys=0.14s Real=0.03s
[45.386s][info][gc,marking     ] GC(82) Concurrent Scan Root Regions
[45.391s][info][gc,marking     ] GC(82) Concurrent Scan Root Regions 5.078ms
[45.391s][info][gc,marking     ] GC(82) Concurrent Mark
[45.391s][info][gc,marking     ] GC(82) Concurrent Mark From Roots
[45.391s][info][gc,task        ] GC(82) Using 8 workers of 8 for marking
[45.446s][info][gc,marking     ] GC(82) Concurrent Mark From Roots 54.806ms
[45.446s][info][gc,marking     ] GC(82) Concurrent Preclean
[45.446s][info][gc,marking     ] GC(82) Concurrent Preclean 0.134ms
[45.447s][info][gc,start       ] GC(82) Pause Remark
[45.449s][info][gc             ] GC(82) Pause Remark 437M->421M(1288M) 2.308ms
[45.449s][info][gc,cpu         ] GC(82) User=0.00s Sys=0.00s Real=0.00s
[45.449s][info][gc,marking     ] GC(82) Concurrent Mark 57.580ms
[45.449s][info][gc,marking     ] GC(82) Concurrent Rebuild Remembered Sets and Scrub Regions
[45.491s][info][gc,marking     ] GC(82) Concurrent Rebuild Remembered Sets and Scrub Regions 42.267ms
[45.491s][info][gc,start       ] GC(82) Pause Cleanup
[45.492s][info][gc             ] GC(82) Pause Cleanup 497M->497M(1288M) 0.221ms
[45.492s][info][gc,cpu         ] GC(82) User=0.00s Sys=0.00s Real=0.00s
[45.492s][info][gc,marking     ] GC(82) Concurrent Clear Claimed Marks
[45.492s][info][gc,marking     ] GC(82) Concurrent Clear Claimed Marks 0.083ms
[45.492s][info][gc,marking     ] GC(82) Concurrent Cleanup for Next Mark
[45.495s][info][gc,marking     ] GC(82) Concurrent Cleanup for Next Mark 2.915ms
[45.495s][info][gc             ] GC(82) Concurrent Mark Cycle 108.612ms
[45.807s][info][gc,start       ] GC(83) Pause Young (Prepare Mixed) (G1 Evacuation Pause)
[45.807s][info][gc,task        ] GC(83) Using 30 workers of 33 for evacuation
[45.842s][info][gc,phases      ] GC(83)   Pre Evacuate Collection Set: 0.2ms
[45.843s][info][gc,phases      ] GC(83)   Merge Heap Roots: 1.0ms
[45.843s][info][gc,phases      ] GC(83)   Evacuate Collection Set: 33.2ms
[45.843s][info][gc,phases      ] GC(83)   Post Evacuate Collection Set: 0.7ms
[45.843s][info][gc,phases      ] GC(83)   Other: 0.2ms
[45.843s][info][gc,heap        ] GC(83) Eden regions: 361->0(338)
[45.843s][info][gc,heap        ] GC(83) Survivor regions: 25->48(49)
[45.843s][info][gc,heap        ] GC(83) Old regions: 123->123
[45.843s][info][gc,heap        ] GC(83) Archive regions: 0->0
[45.843s][info][gc,heap        ] GC(83) Humongous regions: 31->31
[45.843s][info][gc,metaspace   ] GC(83) Metaspace: 65851K(66880K)->65851K(66880K) NonClass: 57454K(57984K)->57454K(57984K) Class: 8396K(8896K)->8396K(8896K)
[45.843s][info][gc             ] GC(83) Pause Young (Prepare Mixed) (G1 Evacuation Pause) 1059M->384M(1288M) 35.586ms
[45.843s][info][gc,cpu         ] GC(83) User=0.94s Sys=0.00s Real=0.03s
[46.917s][info][gc,start       ] GC(84) Pause Young (Mixed) (G1 Evacuation Pause)
[46.917s][info][gc,task        ] GC(84) Using 30 workers of 33 for evacuation
[46.998s][info][gc,phases      ] GC(84)   Pre Evacuate Collection Set: 0.2ms
[46.998s][info][gc,phases      ] GC(84)   Merge Heap Roots: 0.8ms
[46.998s][info][gc,phases      ] GC(84)   Evacuate Collection Set: 79.5ms
[46.998s][info][gc,phases      ] GC(84)   Post Evacuate Collection Set: 0.8ms
[46.998s][info][gc,phases      ] GC(84)   Other: 0.2ms
[46.999s][info][gc,heap        ] GC(84) Eden regions: 338->0(287)
[46.999s][info][gc,heap        ] GC(84) Survivor regions: 48->49(49)
[46.999s][info][gc,heap        ] GC(84) Old regions: 123->170
[46.999s][info][gc,heap        ] GC(84) Archive regions: 0->0
[46.999s][info][gc,heap        ] GC(84) Humongous regions: 66->63
[46.999s][info][gc,metaspace   ] GC(84) Metaspace: 65936K(66944K)->65936K(66944K) NonClass: 57539K(58048K)->57539K(58048K) Class: 8396K(8896K)->8396K(8896K)
[46.999s][info][gc             ] GC(84) Pause Young (Mixed) (G1 Evacuation Pause) 1130M->547M(1350M) 81.891ms
[46.999s][info][gc,cpu         ] GC(84) User=2.00s Sys=0.34s Real=0.08s
[47.053s][info][gc,start       ] GC(85) Pause Young (Concurrent Start) (G1 Humongous Allocation)
[47.054s][info][gc,task        ] GC(85) Using 32 workers of 33 for evacuation
[47.089s][info][gc,phases      ] GC(85)   Pre Evacuate Collection Set: 0.4ms
[47.089s][info][gc,phases      ] GC(85)   Merge Heap Roots: 0.5ms
[47.089s][info][gc,phases      ] GC(85)   Evacuate Collection Set: 33.7ms
[47.089s][info][gc,phases      ] GC(85)   Post Evacuate Collection Set: 0.5ms
[47.089s][info][gc,phases      ] GC(85)   Other: 0.1ms
[47.089s][info][gc,heap        ] GC(85) Eden regions: 66->0(268)
[47.089s][info][gc,heap        ] GC(85) Survivor regions: 49->12(42)
[47.089s][info][gc,heap        ] GC(85) Old regions: 170->225
[47.089s][info][gc,heap        ] GC(85) Archive regions: 0->0
[47.089s][info][gc,heap        ] GC(85) Humongous regions: 63->63
[47.089s][info][gc,metaspace   ] GC(85) Metaspace: 65936K(66944K)->65936K(66944K) NonClass: 57539K(58048K)->57539K(58048K) Class: 8396K(8896K)->8396K(8896K)
[47.089s][info][gc             ] GC(85) Pause Young (Concurrent Start) (G1 Humongous Allocation) 678M->581M(1350M) 35.675ms
[47.089s][info][gc             ] GC(86) Concurrent Mark Cycle
[47.089s][info][gc,cpu         ] GC(85) User=1.00s Sys=0.00s Real=0.03s
[47.089s][info][gc,marking     ] GC(86) Concurrent Scan Root Regions
[47.100s][info][gc,marking     ] GC(86) Concurrent Scan Root Regions 11.273ms
[47.100s][info][gc,marking     ] GC(86) Concurrent Mark
[47.100s][info][gc,marking     ] GC(86) Concurrent Mark From Roots
[47.100s][info][gc,task        ] GC(86) Using 8 workers of 8 for marking
[47.144s][info][gc,marking     ] GC(86) Concurrent Mark From Roots 43.173ms
[47.144s][info][gc,marking     ] GC(86) Concurrent Preclean
[47.144s][info][gc,marking     ] GC(86) Concurrent Preclean 0.178ms
[47.144s][info][gc,start       ] GC(86) Pause Remark
[47.147s][info][gc             ] GC(86) Pause Remark 676M->494M(1350M) 2.561ms
[47.147s][info][gc,cpu         ] GC(86) User=0.00s Sys=0.00s Real=0.00s
[47.147s][info][gc,marking     ] GC(86) Concurrent Mark 46.292ms
[47.147s][info][gc,marking     ] GC(86) Concurrent Rebuild Remembered Sets and Scrub Regions
[47.193s][info][gc,marking     ] GC(86) Concurrent Rebuild Remembered Sets and Scrub Regions 46.509ms
[47.194s][info][gc,start       ] GC(86) Pause Cleanup
[47.194s][info][gc             ] GC(86) Pause Cleanup 573M->573M(1350M) 0.518ms
[47.194s][info][gc,cpu         ] GC(86) User=0.50s Sys=0.00s Real=0.02s
[47.194s][info][gc,marking     ] GC(86) Concurrent Clear Claimed Marks
[47.194s][info][gc,marking     ] GC(86) Concurrent Clear Claimed Marks 0.099ms
[47.194s][info][gc,marking     ] GC(86) Concurrent Cleanup for Next Mark
[47.195s][info][gc,marking     ] GC(86) Concurrent Cleanup for Next Mark 0.995ms
[47.195s][info][gc             ] GC(86) Concurrent Mark Cycle 106.315ms
[47.413s][info][gc,start       ] GC(87) Pause Young (Prepare Mixed) (G1 Evacuation Pause)
[47.413s][info][gc,task        ] GC(87) Using 32 workers of 33 for evacuation
[47.447s][info][gc,phases      ] GC(87)   Pre Evacuate Collection Set: 0.3ms
[47.447s][info][gc,phases      ] GC(87)   Merge Heap Roots: 1.0ms
[47.447s][info][gc,phases      ] GC(87)   Evacuate Collection Set: 32.2ms
[47.447s][info][gc,phases      ] GC(87)   Post Evacuate Collection Set: 0.7ms
[47.447s][info][gc,phases      ] GC(87)   Other: 0.2ms
[47.447s][info][gc,heap        ] GC(87) Eden regions: 268->0(311)
[47.447s][info][gc,heap        ] GC(87) Survivor regions: 12->35(35)
[47.447s][info][gc,heap        ] GC(87) Old regions: 186->186
[47.447s][info][gc,heap        ] GC(87) Archive regions: 0->0
[47.447s][info][gc,heap        ] GC(87) Humongous regions: 35->35
[47.447s][info][gc,metaspace   ] GC(87) Metaspace: 65936K(66944K)->65936K(66944K) NonClass: 57539K(58048K)->57539K(58048K) Class: 8396K(8896K)->8396K(8896K)
[47.447s][info][gc             ] GC(87) Pause Young (Prepare Mixed) (G1 Evacuation Pause) 983M->493M(1350M) 34.677ms
[47.447s][info][gc,cpu         ] GC(87) User=1.00s Sys=0.00s Real=0.03s
[47.756s][info][gc,start       ] GC(88) Pause Young (Mixed) (G1 Evacuation Pause)
[47.756s][info][gc,task        ] GC(88) Using 32 workers of 33 for evacuation
[47.794s][info][gc,phases      ] GC(88)   Pre Evacuate Collection Set: 0.2ms
[47.794s][info][gc,phases      ] GC(88)   Merge Heap Roots: 0.4ms
[47.794s][info][gc,phases      ] GC(88)   Evacuate Collection Set: 35.1ms
[47.794s][info][gc,phases      ] GC(88)   Post Evacuate Collection Set: 2.4ms
[47.794s][info][gc,phases      ] GC(88)   Other: 0.2ms
[47.794s][info][gc,heap        ] GC(88) Eden regions: 311->0(533)
[47.794s][info][gc,heap        ] GC(88) Survivor regions: 35->23(44)
[47.794s][info][gc,heap        ] GC(88) Old regions: 186->210
[47.794s][info][gc,heap        ] GC(88) Archive regions: 0->0
[47.794s][info][gc,heap        ] GC(88) Humongous regions: 35->35
[47.794s][info][gc,metaspace   ] GC(88) Metaspace: 65936K(66944K)->65936K(66944K) NonClass: 57539K(58048K)->57539K(58048K) Class: 8396K(8896K)->8396K(8896K)
[47.794s][info][gc             ] GC(88) Pause Young (Mixed) (G1 Evacuation Pause) 1115M->518M(1900M) 38.661ms
[47.794s][info][gc,cpu         ] GC(88) User=1.00s Sys=0.00s Real=0.03s
[47.921s][info][gc,start       ] GC(89) Pause Young (Concurrent Start) (G1 Humongous Allocation)
[47.921s][info][gc,task        ] GC(89) Using 33 workers of 33 for evacuation
[47.947s][info][gc,phases      ] GC(89)   Pre Evacuate Collection Set: 0.4ms
[47.947s][info][gc,phases      ] GC(89)   Merge Heap Roots: 0.2ms
[47.947s][info][gc,phases      ] GC(89)   Evacuate Collection Set: 24.5ms
[47.947s][info][gc,phases      ] GC(89)   Post Evacuate Collection Set: 0.6ms
[47.947s][info][gc,phases      ] GC(89)   Other: 0.1ms
[47.947s][info][gc,heap        ] GC(89) Eden regions: 20->0(539)
[47.947s][info][gc,heap        ] GC(89) Survivor regions: 23->24(70)
[47.947s][info][gc,heap        ] GC(89) Old regions: 210->210
[47.947s][info][gc,heap        ] GC(89) Archive regions: 0->0
[47.947s][info][gc,heap        ] GC(89) Humongous regions: 35->35
[47.947s][info][gc,metaspace   ] GC(89) Metaspace: 65936K(66944K)->65936K(66944K) NonClass: 57539K(58048K)->57539K(58048K) Class: 8396K(8896K)->8396K(8896K)
[47.947s][info][gc             ] GC(89) Pause Young (Concurrent Start) (G1 Humongous Allocation) 556M->520M(1900M) 26.235ms
[47.947s][info][gc             ] GC(90) Concurrent Mark Cycle
[47.947s][info][gc,cpu         ] GC(89) User=0.47s Sys=0.56s Real=0.03s
[47.947s][info][gc,marking     ] GC(90) Concurrent Scan Root Regions
[47.956s][info][gc,marking     ] GC(90) Concurrent Scan Root Regions 8.844ms
[47.956s][info][gc,marking     ] GC(90) Concurrent Mark
[47.956s][info][gc,marking     ] GC(90) Concurrent Mark From Roots
[47.956s][info][gc,task        ] GC(90) Using 8 workers of 8 for marking
[48.008s][info][gc,marking     ] GC(90) Concurrent Mark From Roots 52.026ms
[48.008s][info][gc,marking     ] GC(90) Concurrent Preclean
[48.008s][info][gc,marking     ] GC(90) Concurrent Preclean 0.139ms
[48.008s][info][gc,start       ] GC(90) Pause Remark
[48.011s][info][gc             ] GC(90) Pause Remark 526M->360M(1268M) 2.662ms
[48.011s][info][gc,cpu         ] GC(90) User=0.00s Sys=0.02s Real=0.00s
[48.011s][info][gc,marking     ] GC(90) Concurrent Mark 55.187ms
[48.011s][info][gc,marking     ] GC(90) Concurrent Rebuild Remembered Sets and Scrub Regions
[48.043s][info][gc,marking     ] GC(90) Concurrent Rebuild Remembered Sets and Scrub Regions 32.447ms
[48.044s][info][gc,start       ] GC(90) Pause Cleanup
[48.044s][info][gc             ] GC(90) Pause Cleanup 362M->362M(1268M) 0.305ms
[48.044s][info][gc,cpu         ] GC(90) User=0.00s Sys=0.00s Real=0.00s
[48.044s][info][gc,marking     ] GC(90) Concurrent Clear Claimed Marks
[48.044s][info][gc,marking     ] GC(90) Concurrent Clear Claimed Marks 0.083ms
[48.044s][info][gc,marking     ] GC(90) Concurrent Cleanup for Next Mark
[48.045s][info][gc,marking     ] GC(90) Concurrent Cleanup for Next Mark 0.865ms
[48.045s][info][gc             ] GC(90) Concurrent Mark Cycle 98.217ms
[49.156s][info][gc,start       ] GC(91) Pause Young (Prepare Mixed) (G1 Evacuation Pause)
[49.156s][info][gc,task        ] GC(91) Using 31 workers of 33 for evacuation
[49.220s][info][gc,phases      ] GC(91)   Pre Evacuate Collection Set: 0.3ms
[49.220s][info][gc,phases      ] GC(91)   Merge Heap Roots: 1.1ms
[49.220s][info][gc,phases      ] GC(91)   Evacuate Collection Set: 62.2ms
[49.220s][info][gc,phases      ] GC(91)   Post Evacuate Collection Set: 0.8ms
[49.220s][info][gc,phases      ] GC(91)   Other: 0.2ms
[49.220s][info][gc,heap        ] GC(91) Eden regions: 356->0(293)
[49.220s][info][gc,heap        ] GC(91) Survivor regions: 24->48(48)
[49.220s][info][gc,heap        ] GC(91) Old regions: 147->167
[49.220s][info][gc,heap        ] GC(91) Archive regions: 0->0
[49.220s][info][gc,heap        ] GC(91) Humongous regions: 68->59
[49.220s][info][gc,metaspace   ] GC(91) Metaspace: 66036K(67072K)->66036K(67072K) NonClass: 57638K(58176K)->57638K(58176K) Class: 8397K(8896K)->8397K(8896K)
[49.220s][info][gc             ] GC(91) Pause Young (Prepare Mixed) (G1 Evacuation Pause) 1172M->529M(1326M) 64.811ms
[49.221s][info][gc,cpu         ] GC(91) User=1.78s Sys=0.16s Real=0.07s
[49.854s][info][gc,start       ] GC(92) Pause Young (Mixed) (G1 Evacuation Pause)
[49.854s][info][gc,task        ] GC(92) Using 31 workers of 33 for evacuation
[49.905s][info][gc,phases      ] GC(92)   Pre Evacuate Collection Set: 0.2ms
[49.905s][info][gc,phases      ] GC(92)   Merge Heap Roots: 0.5ms
[49.905s][info][gc,phases      ] GC(92)   Evacuate Collection Set: 49.6ms
[49.905s][info][gc,phases      ] GC(92)   Post Evacuate Collection Set: 0.7ms
[49.905s][info][gc,phases      ] GC(92)   Other: 0.1ms
[49.905s][info][gc,heap        ] GC(92) Eden regions: 293->0(279)
[49.905s][info][gc,heap        ] GC(92) Survivor regions: 48->32(43)
[49.905s][info][gc,heap        ] GC(92) Old regions: 167->196
[49.905s][info][gc,heap        ] GC(92) Archive regions: 0->0
[49.905s][info][gc,heap        ] GC(92) Humongous regions: 70->67
[49.905s][info][gc,metaspace   ] GC(92) Metaspace: 66049K(67072K)->66049K(67072K) NonClass: 57650K(58176K)->57650K(58176K) Class: 8398K(8896K)->8398K(8896K)
[49.905s][info][gc             ] GC(92) Pause Young (Mixed) (G1 Evacuation Pause) 1137M->573M(1326M) 51.422ms
[49.906s][info][gc,cpu         ] GC(92) User=1.91s Sys=0.03s Real=0.05s
[49.908s][info][gc,start       ] GC(93) Pause Young (Concurrent Start) (G1 Humongous Allocation)
[49.908s][info][gc,task        ] GC(93) Using 31 workers of 33 for evacuation
[49.919s][info][gc,phases      ] GC(93)   Pre Evacuate Collection Set: 0.3ms
[49.919s][info][gc,phases      ] GC(93)   Merge Heap Roots: 0.1ms
[49.919s][info][gc,phases      ] GC(93)   Evacuate Collection Set: 10.3ms
[49.919s][info][gc,phases      ] GC(93)   Post Evacuate Collection Set: 0.4ms
[49.919s][info][gc,phases      ] GC(93)   Other: 0.1ms
[49.919s][info][gc,heap        ] GC(93) Eden regions: 4->0(273)
[49.919s][info][gc,heap        ] GC(93) Survivor regions: 32->3(39)
[49.919s][info][gc,heap        ] GC(93) Old regions: 196->228
[49.919s][info][gc,heap        ] GC(93) Archive regions: 0->0
[49.919s][info][gc,heap        ] GC(93) Humongous regions: 67->67
[49.919s][info][gc,metaspace   ] GC(93) Metaspace: 66049K(67072K)->66049K(67072K) NonClass: 57650K(58176K)->57650K(58176K) Class: 8398K(8896K)->8398K(8896K)
[49.919s][info][gc             ] GC(93) Pause Young (Concurrent Start) (G1 Humongous Allocation) 581M->580M(1326M) 11.373ms
[49.919s][info][gc             ] GC(94) Concurrent Mark Cycle
[49.919s][info][gc,cpu         ] GC(93) User=0.48s Sys=0.00s Real=0.01s
[49.919s][info][gc,marking     ] GC(94) Concurrent Scan Root Regions
[49.924s][info][gc,marking     ] GC(94) Concurrent Scan Root Regions 5.520ms
[49.925s][info][gc,marking     ] GC(94) Concurrent Mark
[49.925s][info][gc,marking     ] GC(94) Concurrent Mark From Roots
[49.925s][info][gc,task        ] GC(94) Using 8 workers of 8 for marking
[49.954s][info][gc,marking     ] GC(94) Concurrent Mark From Roots 29.003ms
[49.954s][info][gc,marking     ] GC(94) Concurrent Preclean
[49.954s][info][gc,marking     ] GC(94) Concurrent Preclean 0.092ms
[49.954s][info][gc,start       ] GC(94) Pause Remark
[49.957s][info][gc             ] GC(94) Pause Remark 644M->374M(1308M) 2.769ms
[49.957s][info][gc,cpu         ] GC(94) User=0.00s Sys=0.00s Real=0.00s
[49.957s][info][gc,marking     ] GC(94) Concurrent Mark 32.209ms
[49.957s][info][gc,marking     ] GC(94) Concurrent Rebuild Remembered Sets and Scrub Regions
[49.975s][info][gc,marking     ] GC(94) Concurrent Rebuild Remembered Sets and Scrub Regions 17.795ms
[49.975s][info][gc,start       ] GC(94) Pause Cleanup
[49.975s][info][gc             ] GC(94) Pause Cleanup 379M->379M(1308M) 0.302ms
[49.975s][info][gc,cpu         ] GC(94) User=0.00s Sys=0.00s Real=0.00s
[49.975s][info][gc,marking     ] GC(94) Concurrent Clear Claimed Marks
[49.975s][info][gc,marking     ] GC(94) Concurrent Clear Claimed Marks 0.085ms
[49.975s][info][gc,marking     ] GC(94) Concurrent Cleanup for Next Mark
[49.976s][info][gc,marking     ] GC(94) Concurrent Cleanup for Next Mark 0.983ms
[49.976s][info][gc             ] GC(94) Concurrent Mark Cycle 57.352ms
[50.576s][info][gc,start       ] GC(95) Pause Young (Prepare Mixed) (G1 Evacuation Pause)
[50.577s][info][gc,task        ] GC(95) Using 31 workers of 33 for evacuation
[50.617s][info][gc,phases      ] GC(95)   Pre Evacuate Collection Set: 0.3ms
[50.629s][info][gc,phases      ] GC(95)   Merge Heap Roots: 0.6ms
[50.629s][info][gc,phases      ] GC(95)   Evacuate Collection Set: 38.2ms
[50.629s][info][gc,phases      ] GC(95)   Post Evacuate Collection Set: 0.8ms
[50.629s][info][gc,phases      ] GC(95)   Other: 0.2ms
[50.629s][info][gc,heap        ] GC(95) Eden regions: 273->0(302)
[50.629s][info][gc,heap        ] GC(95) Survivor regions: 3->35(35)
[50.629s][info][gc,heap        ] GC(95) Old regions: 151->153
[50.629s][info][gc,heap        ] GC(95) Archive regions: 0->0
[50.629s][info][gc,heap        ] GC(95) Humongous regions: 185->59
[50.629s][info][gc,metaspace   ] GC(95) Metaspace: 66075K(67072K)->66075K(67072K) NonClass: 57676K(58176K)->57676K(58176K) Class: 8398K(8896K)->8398K(8896K)
[50.629s][info][gc             ] GC(95) Pause Young (Prepare Mixed) (G1 Evacuation Pause) 1208M->477M(1308M) 52.814ms
[50.629s][info][gc,cpu         ] GC(95) User=1.45s Sys=0.00s Real=0.06s
[50.889s][info][gc,start       ] GC(96) Pause Full (System.gc())
[50.889s][info][gc,task        ] GC(96) Using 31 workers of 33 for full compaction
[50.891s][info][gc,phases,start] GC(96) Phase 1: Mark live objects
[50.917s][info][gc,phases      ] GC(96) Phase 1: Mark live objects 26.661ms
[50.917s][info][gc,phases,start] GC(96) Phase 2: Prepare compaction
[50.924s][info][gc,phases      ] GC(96) Phase 2: Prepare compaction 7.071ms
[50.925s][info][gc,phases,start] GC(96) Phase 3: Adjust pointers
[50.935s][info][gc,phases      ] GC(96) Phase 3: Adjust pointers 10.475ms
[50.935s][info][gc,phases,start] GC(96) Phase 4: Compact heap
[50.937s][info][gc,phases      ] GC(96) Phase 4: Compact heap 1.875ms
[50.946s][info][gc,heap        ] GC(96) Eden regions: 219->0(144)
[50.946s][info][gc,heap        ] GC(96) Survivor regions: 35->0(35)
[50.946s][info][gc,heap        ] GC(96) Old regions: 153->83
[50.946s][info][gc,heap        ] GC(96) Archive regions: 0->0
[50.946s][info][gc,heap        ] GC(96) Humongous regions: 61->3
[50.946s][info][gc,metaspace   ] GC(96) Metaspace: 66075K(67072K)->66075K(67072K) NonClass: 57676K(58176K)->57676K(58176K) Class: 8398K(8896K)->8398K(8896K)
[50.946s][info][gc             ] GC(96) Pause Full (System.gc()) 919M->147M(574M) 57.331ms
[50.946s][info][gc,cpu         ] GC(96) User=0.98s Sys=0.00s Real=0.06s
[50.980s][info][gc,start       ] GC(97) Pause Young (Concurrent Start) (G1 Humongous Allocation)
[50.980s][info][gc,task        ] GC(97) Using 22 workers of 33 for evacuation
[50.984s][info][gc,phases      ] GC(97)   Pre Evacuate Collection Set: 0.4ms
[50.984s][info][gc,phases      ] GC(97)   Merge Heap Roots: 0.1ms
[50.984s][info][gc,phases      ] GC(97)   Evacuate Collection Set: 1.1ms
[50.984s][info][gc,phases      ] GC(97)   Post Evacuate Collection Set: 2.3ms
[50.984s][info][gc,phases      ] GC(97)   Other: 0.1ms
[50.984s][info][gc,heap        ] GC(97) Eden regions: 11->0(339)
[50.984s][info][gc,heap        ] GC(97) Survivor regions: 0->5(18)
[50.984s][info][gc,heap        ] GC(97) Old regions: 83->83
[50.984s][info][gc,heap        ] GC(97) Archive regions: 0->0
[50.984s][info][gc,heap        ] GC(97) Humongous regions: 3->3
[50.984s][info][gc,metaspace   ] GC(97) Metaspace: 66092K(67072K)->66092K(67072K) NonClass: 57693K(58176K)->57693K(58176K) Class: 8398K(8896K)->8398K(8896K)
[50.984s][info][gc             ] GC(97) Pause Young (Concurrent Start) (G1 Humongous Allocation) 167M->156M(1148M) 4.285ms
[50.984s][info][gc             ] GC(98) Concurrent Mark Cycle
[50.984s][info][gc,cpu         ] GC(97) User=0.02s Sys=0.00s Real=0.01s
[50.984s][info][gc,marking     ] GC(98) Concurrent Scan Root Regions
[50.985s][info][gc,marking     ] GC(98) Concurrent Scan Root Regions 1.283ms
[50.985s][info][gc,marking     ] GC(98) Concurrent Mark
[50.985s][info][gc,marking     ] GC(98) Concurrent Mark From Roots
[50.985s][info][gc,task        ] GC(98) Using 8 workers of 8 for marking
[51.031s][info][gc,marking     ] GC(98) Concurrent Mark From Roots 45.950ms
[51.031s][info][gc,marking     ] GC(98) Concurrent Preclean
[51.031s][info][gc,marking     ] GC(98) Concurrent Preclean 0.069ms
[51.032s][info][gc,start       ] GC(98) Pause Remark
[51.034s][info][gc             ] GC(98) Pause Remark 204M->204M(768M) 1.937ms
[51.034s][info][gc,cpu         ] GC(98) User=0.00s Sys=0.00s Real=0.00s
[51.034s][info][gc,marking     ] GC(98) Concurrent Mark 48.289ms
[51.034s][info][gc,marking     ] GC(98) Concurrent Rebuild Remembered Sets and Scrub Regions
[51.046s][info][gc,marking     ] GC(98) Concurrent Rebuild Remembered Sets and Scrub Regions 11.804ms
[51.056s][info][gc,start       ] GC(98) Pause Cleanup
[51.057s][info][gc             ] GC(98) Pause Cleanup 222M->222M(768M) 0.193ms
[51.057s][info][gc,cpu         ] GC(98) User=0.00s Sys=0.00s Real=0.00s
[51.057s][info][gc,marking     ] GC(98) Concurrent Clear Claimed Marks
[51.057s][info][gc,marking     ] GC(98) Concurrent Clear Claimed Marks 0.116ms
[51.057s][info][gc,marking     ] GC(98) Concurrent Cleanup for Next Mark
[51.057s][info][gc,marking     ] GC(98) Concurrent Cleanup for Next Mark 0.537ms
[51.057s][info][gc             ] GC(98) Concurrent Mark Cycle 73.520ms
[51.248s][info][gc,start       ] GC(99) Pause Young (Prepare Mixed) (G1 Evacuation Pause)
[51.248s][info][gc,task        ] GC(99) Using 20 workers of 33 for evacuation
[51.281s][info][gc,phases      ] GC(99)   Pre Evacuate Collection Set: 0.2ms
[51.281s][info][gc,phases      ] GC(99)   Merge Heap Roots: 0.3ms
[51.281s][info][gc,phases      ] GC(99)   Evacuate Collection Set: 31.1ms
[51.281s][info][gc,phases      ] GC(99)   Post Evacuate Collection Set: 0.6ms
[51.281s][info][gc,phases      ] GC(99)   Other: 0.2ms
[51.281s][info][gc,heap        ] GC(99) Eden regions: 225->0(167)
[51.281s][info][gc,heap        ] GC(99) Survivor regions: 5->29(29)
[51.281s][info][gc,heap        ] GC(99) Old regions: 83->101
[51.281s][info][gc,heap        ] GC(99) Archive regions: 0->0
[51.281s][info][gc,heap        ] GC(99) Humongous regions: 22->19
[51.281s][info][gc,metaspace   ] GC(99) Metaspace: 66101K(67136K)->66101K(67136K) NonClass: 57702K(58240K)->57702K(58240K) Class: 8399K(8896K)->8399K(8896K)
[51.281s][info][gc             ] GC(99) Pause Young (Prepare Mixed) (G1 Evacuation Pause) 644M->273M(768M) 32.690ms
[51.281s][info][gc,cpu         ] GC(99) User=0.31s Sys=0.00s Real=0.03s
[51.452s][info][gc,start       ] GC(100) Pause Young (Mixed) (G1 Evacuation Pause)
[51.452s][info][gc,task        ] GC(100) Using 19 workers of 33 for evacuation
[51.488s][info][gc,phases      ] GC(100)   Pre Evacuate Collection Set: 0.6ms
[51.488s][info][gc,phases      ] GC(100)   Merge Heap Roots: 0.5ms
[51.488s][info][gc,phases      ] GC(100)   Evacuate Collection Set: 34.9ms
[51.488s][info][gc,phases      ] GC(100)   Post Evacuate Collection Set: 0.4ms
[51.489s][info][gc,phases      ] GC(100)   Other: 0.2ms
[51.489s][info][gc,heap        ] GC(100) Eden regions: 167->0(149)
[51.489s][info][gc,heap        ] GC(100) Survivor regions: 29->18(25)
[51.489s][info][gc,heap        ] GC(100) Old regions: 101->130
[51.489s][info][gc,heap        ] GC(100) Archive regions: 0->0
[51.489s][info][gc,heap        ] GC(100) Humongous regions: 36->36
[51.489s][info][gc,metaspace   ] GC(100) Metaspace: 66101K(67136K)->66101K(67136K) NonClass: 57702K(58240K)->57702K(58240K) Class: 8399K(8896K)->8399K(8896K)
[51.489s][info][gc             ] GC(100) Pause Young (Mixed) (G1 Evacuation Pause) 641M->348M(768M) 36.973ms
[51.489s][info][gc,cpu         ] GC(100) User=0.59s Sys=0.00s Real=0.04s
[51.501s][info][gc,start       ] GC(101) Pause Young (Concurrent Start) (G1 Humongous Allocation)
[51.501s][info][gc,task        ] GC(101) Using 18 workers of 33 for evacuation
[51.517s][info][gc,phases      ] GC(101)   Pre Evacuate Collection Set: 0.3ms
[51.517s][info][gc,phases      ] GC(101)   Merge Heap Roots: 0.2ms
[51.517s][info][gc,phases      ] GC(101)   Evacuate Collection Set: 14.4ms
[51.517s][info][gc,phases      ] GC(101)   Post Evacuate Collection Set: 0.4ms
[51.517s][info][gc,phases      ] GC(101)   Other: 0.1ms
[51.517s][info][gc,heap        ] GC(101) Eden regions: 7->0(147)
[51.517s][info][gc,heap        ] GC(101) Survivor regions: 18->4(21)
[51.517s][info][gc,heap        ] GC(101) Old regions: 130->148
[51.517s][info][gc,heap        ] GC(101) Archive regions: 0->0
[51.517s][info][gc,heap        ] GC(101) Humongous regions: 36->36
[51.517s][info][gc,metaspace   ] GC(101) Metaspace: 66101K(67136K)->66101K(67136K) NonClass: 57702K(58240K)->57702K(58240K) Class: 8399K(8896K)->8399K(8896K)
[51.517s][info][gc             ] GC(101) Pause Young (Concurrent Start) (G1 Humongous Allocation) 362M->355M(768M) 15.647ms
[51.517s][info][gc             ] GC(102) Concurrent Mark Cycle
[51.517s][info][gc,cpu         ] GC(101) User=0.28s Sys=0.00s Real=0.02s
[51.517s][info][gc,marking     ] GC(102) Concurrent Scan Root Regions
[51.521s][info][gc,marking     ] GC(102) Concurrent Scan Root Regions 4.280ms
[51.521s][info][gc,marking     ] GC(102) Concurrent Mark
[51.521s][info][gc,marking     ] GC(102) Concurrent Mark From Roots
[51.521s][info][gc,task        ] GC(102) Using 8 workers of 8 for marking
[51.590s][info][gc,marking     ] GC(102) Concurrent Mark From Roots 68.947ms
[51.590s][info][gc,marking     ] GC(102) Concurrent Preclean
[51.590s][info][gc,marking     ] GC(102) Concurrent Preclean 0.120ms
[51.591s][info][gc,start       ] GC(102) Pause Remark
[51.593s][info][gc             ] GC(102) Pause Remark 493M->465M(814M) 2.352ms
[51.593s][info][gc,cpu         ] GC(102) User=0.00s Sys=0.00s Real=0.00s
[51.593s][info][gc,marking     ] GC(102) Concurrent Mark 71.776ms
[51.593s][info][gc,marking     ] GC(102) Concurrent Rebuild Remembered Sets and Scrub Regions
[51.644s][info][gc,marking     ] GC(102) Concurrent Rebuild Remembered Sets and Scrub Regions 50.379ms
[51.644s][info][gc,start       ] GC(102) Pause Cleanup
[51.644s][info][gc             ] GC(102) Pause Cleanup 549M->549M(814M) 0.209ms
[51.644s][info][gc,cpu         ] GC(102) User=0.00s Sys=0.00s Real=0.00s
[51.644s][info][gc,marking     ] GC(102) Concurrent Clear Claimed Marks
[51.644s][info][gc,marking     ] GC(102) Concurrent Clear Claimed Marks 0.106ms
[51.644s][info][gc,marking     ] GC(102) Concurrent Cleanup for Next Mark
[51.645s][info][gc,marking     ] GC(102) Concurrent Cleanup for Next Mark 0.684ms
[51.645s][info][gc             ] GC(102) Concurrent Mark Cycle 127.866ms
[51.683s][info][gc,start       ] GC(103) Pause Young (Prepare Mixed) (G1 Evacuation Pause)
[51.683s][info][gc,task        ] GC(103) Using 19 workers of 33 for evacuation
[51.701s][info][gc,phases      ] GC(103)   Pre Evacuate Collection Set: 0.2ms
[51.702s][info][gc,phases      ] GC(103)   Merge Heap Roots: 0.6ms
[51.702s][info][gc,phases      ] GC(103)   Evacuate Collection Set: 17.0ms
[51.702s][info][gc,phases      ] GC(103)   Post Evacuate Collection Set: 0.5ms
[51.702s][info][gc,phases      ] GC(103)   Other: 0.2ms
[51.702s][info][gc,heap        ] GC(103) Eden regions: 147->0(168)
[51.702s][info][gc,heap        ] GC(103) Survivor regions: 4->13(19)
[51.702s][info][gc,heap        ] GC(103) Old regions: 148->148
[51.702s][info][gc,heap        ] GC(103) Archive regions: 0->0
[51.702s][info][gc,heap        ] GC(103) Humongous regions: 25->25
[51.702s][info][gc,metaspace   ] GC(103) Metaspace: 66101K(67136K)->66101K(67136K) NonClass: 57702K(58240K)->57702K(58240K) Class: 8399K(8896K)->8399K(8896K)
[51.702s][info][gc             ] GC(103) Pause Young (Prepare Mixed) (G1 Evacuation Pause) 627M->351M(814M) 18.928ms
[51.702s][info][gc,cpu         ] GC(103) User=0.00s Sys=0.00s Real=0.01s
[51.866s][info][gc,start       ] GC(104) Pause Young (Mixed) (G1 Evacuation Pause)
[51.866s][info][gc,task        ] GC(104) Using 19 workers of 33 for evacuation
[51.891s][info][gc,phases      ] GC(104)   Pre Evacuate Collection Set: 0.2ms
[51.891s][info][gc,phases      ] GC(104)   Merge Heap Roots: 0.2ms
[51.891s][info][gc,phases      ] GC(104)   Evacuate Collection Set: 24.2ms
[51.891s][info][gc,phases      ] GC(104)   Post Evacuate Collection Set: 0.5ms
[51.891s][info][gc,phases      ] GC(104)   Other: 0.2ms
[51.891s][info][gc,heap        ] GC(104) Eden regions: 168->0(168)
[51.891s][info][gc,heap        ] GC(104) Survivor regions: 13->22(23)
[51.891s][info][gc,heap        ] GC(104) Old regions: 148->145
[51.891s][info][gc,heap        ] GC(104) Archive regions: 0->0
[51.891s][info][gc,heap        ] GC(104) Humongous regions: 25->25
[51.891s][info][gc,metaspace   ] GC(104) Metaspace: 66101K(67136K)->66101K(67136K) NonClass: 57702K(58240K)->57702K(58240K) Class: 8399K(8896K)->8399K(8896K)
[51.892s][info][gc             ] GC(104) Pause Young (Mixed) (G1 Evacuation Pause) 687M->366M(814M) 25.514ms
[51.892s][info][gc,cpu         ] GC(104) User=0.59s Sys=0.00s Real=0.03s
[52.257s][info][gc,start       ] GC(105) Pause Young (Concurrent Start) (G1 Humongous Allocation)
[52.257s][info][gc,task        ] GC(105) Using 19 workers of 33 for evacuation
[52.293s][info][gc,phases      ] GC(105)   Pre Evacuate Collection Set: 0.4ms
[52.293s][info][gc,phases      ] GC(105)   Merge Heap Roots: 0.2ms
[52.293s][info][gc,phases      ] GC(105)   Evacuate Collection Set: 31.3ms
[52.293s][info][gc,phases      ] GC(105)   Post Evacuate Collection Set: 3.6ms
[52.293s][info][gc,phases      ] GC(105)   Other: 0.1ms
[52.293s][info][gc,heap        ] GC(105) Eden regions: 138->0(480)
[52.293s][info][gc,heap        ] GC(105) Survivor regions: 22->21(24)
[52.293s][info][gc,heap        ] GC(105) Old regions: 145->153
[52.293s][info][gc,heap        ] GC(105) Archive regions: 0->0
[52.293s][info][gc,heap        ] GC(105) Humongous regions: 25->25
[52.293s][info][gc,metaspace   ] GC(105) Metaspace: 66101K(67136K)->66101K(67136K) NonClass: 57702K(58240K)->57702K(58240K) Class: 8399K(8896K)->8399K(8896K)
[52.293s][info][gc             ] GC(105) Pause Young (Concurrent Start) (G1 Humongous Allocation) 641M->382M(1672M) 35.930ms
[52.293s][info][gc             ] GC(106) Concurrent Mark Cycle
[52.293s][info][gc,cpu         ] GC(105) User=0.61s Sys=0.00s Real=0.05s
[52.293s][info][gc,marking     ] GC(106) Concurrent Scan Root Regions
[52.303s][info][gc,marking     ] GC(106) Concurrent Scan Root Regions 9.925ms
[52.303s][info][gc,marking     ] GC(106) Concurrent Mark
[52.303s][info][gc,marking     ] GC(106) Concurrent Mark From Roots
[52.303s][info][gc,task        ] GC(106) Using 8 workers of 8 for marking
[52.354s][info][gc,marking     ] GC(106) Concurrent Mark From Roots 50.985ms
[52.354s][info][gc,marking     ] GC(106) Concurrent Preclean
[52.354s][info][gc,marking     ] GC(106) Concurrent Preclean 0.127ms
[52.354s][info][gc,start       ] GC(106) Pause Remark
[52.356s][info][gc             ] GC(106) Pause Remark 390M->330M(1160M) 2.070ms
[52.356s][info][gc,cpu         ] GC(106) User=0.02s Sys=0.00s Real=0.02s
[52.356s][info][gc,marking     ] GC(106) Concurrent Mark 53.534ms
[52.356s][info][gc,marking     ] GC(106) Concurrent Rebuild Remembered Sets and Scrub Regions
[52.400s][info][gc,marking     ] GC(106) Concurrent Rebuild Remembered Sets and Scrub Regions 43.466ms
[52.400s][info][gc,start       ] GC(106) Pause Cleanup
[52.400s][info][gc             ] GC(106) Pause Cleanup 330M->330M(1160M) 0.321ms
[52.400s][info][gc,cpu         ] GC(106) User=0.00s Sys=0.00s Real=0.00s
[52.400s][info][gc,marking     ] GC(106) Concurrent Clear Claimed Marks
[52.401s][info][gc,marking     ] GC(106) Concurrent Clear Claimed Marks 0.115ms
[52.401s][info][gc,marking     ] GC(106) Concurrent Cleanup for Next Mark
[52.402s][info][gc,marking     ] GC(106) Concurrent Cleanup for Next Mark 1.858ms
[52.403s][info][gc             ] GC(106) Concurrent Mark Cycle 109.725ms
[53.214s][info][gc,start       ] GC(107) Pause Young (Prepare Mixed) (G1 Evacuation Pause)
[53.214s][info][gc,task        ] GC(107) Using 27 workers of 33 for evacuation
[53.284s][info][gc,phases      ] GC(107)   Pre Evacuate Collection Set: 0.3ms
[53.284s][info][gc,phases      ] GC(107)   Merge Heap Roots: 0.8ms
[53.284s][info][gc,phases      ] GC(107)   Evacuate Collection Set: 67.2ms
[53.284s][info][gc,phases      ] GC(107)   Post Evacuate Collection Set: 0.7ms
[53.284s][info][gc,phases      ] GC(107)   Other: 0.2ms
[53.284s][info][gc,heap        ] GC(107) Eden regions: 327->0(259)
[53.284s][info][gc,heap        ] GC(107) Survivor regions: 21->44(44)
[53.284s][info][gc,heap        ] GC(107) Old regions: 133->169
[53.284s][info][gc,heap        ] GC(107) Archive regions: 0->0
[53.284s][info][gc,heap        ] GC(107) Humongous regions: 54->51
[53.284s][info][gc,metaspace   ] GC(107) Metaspace: 66119K(67136K)->66119K(67136K) NonClass: 57719K(58240K)->57719K(58240K) Class: 8399K(8896K)->8399K(8896K)
[53.284s][info][gc             ] GC(107) Pause Young (Prepare Mixed) (G1 Evacuation Pause) 1054M->511M(1230M) 69.565ms
[53.284s][info][gc,cpu         ] GC(107) User=1.02s Sys=0.59s Real=0.07s
[53.592s][info][gc,start       ] GC(108) Pause Young (Mixed) (G1 Evacuation Pause)
[53.592s][info][gc,task        ] GC(108) Using 29 workers of 33 for evacuation
[53.645s][info][gc,phases      ] GC(108)   Pre Evacuate Collection Set: 0.2ms
[53.645s][info][gc,phases      ] GC(108)   Merge Heap Roots: 1.1ms
[53.645s][info][gc,phases      ] GC(108)   Evacuate Collection Set: 51.2ms
[53.645s][info][gc,phases      ] GC(108)   Post Evacuate Collection Set: 0.6ms
[53.645s][info][gc,phases      ] GC(108)   Other: 0.2ms
[53.645s][info][gc,heap        ] GC(108) Eden regions: 259->0(234)
[53.645s][info][gc,heap        ] GC(108) Survivor regions: 44->27(38)
[53.645s][info][gc,heap        ] GC(108) Old regions: 169->208
[53.645s][info][gc,heap        ] GC(108) Archive regions: 0->0
[53.645s][info][gc,heap        ] GC(108) Humongous regions: 71->71
[53.645s][info][gc,metaspace   ] GC(108) Metaspace: 66119K(67136K)->66119K(67136K) NonClass: 57719K(58240K)->57719K(58240K) Class: 8399K(8896K)->8399K(8896K)
[53.645s][info][gc             ] GC(108) Pause Young (Mixed) (G1 Evacuation Pause) 1069M->596M(1236M) 53.578ms
[53.645s][info][gc,cpu         ] GC(108) User=1.36s Sys=0.00s Real=0.05s
[53.878s][info][gc,start       ] GC(109) Pause Young (Concurrent Start) (G1 Evacuation Pause)
[53.878s][info][gc,task        ] GC(109) Using 29 workers of 33 for evacuation
[53.910s][info][gc,phases      ] GC(109)   Pre Evacuate Collection Set: 0.5ms
[53.910s][info][gc,phases      ] GC(109)   Merge Heap Roots: 0.3ms
[53.910s][info][gc,phases      ] GC(109)   Evacuate Collection Set: 30.3ms
[53.910s][info][gc,phases      ] GC(109)   Post Evacuate Collection Set: 0.6ms
[53.910s][info][gc,phases      ] GC(109)   Other: 0.1ms
[53.910s][info][gc,heap        ] GC(109) Eden regions: 234->0(228)
[53.910s][info][gc,heap        ] GC(109) Survivor regions: 27->19(33)
[53.910s][info][gc,heap        ] GC(109) Old regions: 208->234
[53.910s][info][gc,heap        ] GC(109) Archive regions: 0->0
[53.910s][info][gc,heap        ] GC(109) Humongous regions: 71->71
[53.910s][info][gc,metaspace   ] GC(109) Metaspace: 66119K(67136K)->66119K(67136K) NonClass: 57719K(58240K)->57719K(58240K) Class: 8399K(8896K)->8399K(8896K)
[53.910s][info][gc             ] GC(109) Pause Young (Concurrent Start) (G1 Evacuation Pause) 1064M->629M(1236M) 32.176ms
[53.910s][info][gc             ] GC(110) Concurrent Mark Cycle
[53.910s][info][gc,cpu         ] GC(109) User=0.91s Sys=0.00s Real=0.03s
[53.910s][info][gc,marking     ] GC(110) Concurrent Scan Root Regions
[53.918s][info][gc,marking     ] GC(110) Concurrent Scan Root Regions 7.902ms
[53.918s][info][gc,marking     ] GC(110) Concurrent Mark
[53.918s][info][gc,marking     ] GC(110) Concurrent Mark From Roots
[53.918s][info][gc,task        ] GC(110) Using 8 workers of 8 for marking
[53.981s][info][gc,marking     ] GC(110) Concurrent Mark From Roots 62.623ms
[53.981s][info][gc,marking     ] GC(110) Concurrent Preclean
[53.981s][info][gc,marking     ] GC(110) Concurrent Preclean 0.132ms
[53.981s][info][gc,start       ] GC(110) Pause Remark
[53.983s][info][gc             ] GC(110) Pause Remark 711M->532M(1236M) 2.496ms
[53.983s][info][gc,cpu         ] GC(110) User=0.00s Sys=0.00s Real=0.00s
[53.984s][info][gc,marking     ] GC(110) Concurrent Mark 65.591ms
[53.984s][info][gc,marking     ] GC(110) Concurrent Rebuild Remembered Sets and Scrub Regions
[54.037s][info][gc,marking     ] GC(110) Concurrent Rebuild Remembered Sets and Scrub Regions 53.439ms
[54.037s][info][gc,start       ] GC(110) Pause Cleanup
[54.038s][info][gc             ] GC(110) Pause Cleanup 577M->577M(1236M) 0.529ms
[54.038s][info][gc,cpu         ] GC(110) User=0.00s Sys=0.00s Real=0.00s
[54.038s][info][gc,marking     ] GC(110) Concurrent Clear Claimed Marks
[54.038s][info][gc,marking     ] GC(110) Concurrent Clear Claimed Marks 0.090ms
[54.038s][info][gc,marking     ] GC(110) Concurrent Cleanup for Next Mark
[54.039s][info][gc,marking     ] GC(110) Concurrent Cleanup for Next Mark 0.858ms
[54.039s][info][gc             ] GC(110) Concurrent Mark Cycle 129.019ms
[54.916s][info][gc,start       ] GC(111) Pause Young (Prepare Mixed) (G1 Evacuation Pause)
[54.916s][info][gc,task        ] GC(111) Using 29 workers of 33 for evacuation
[54.957s][info][gc,phases      ] GC(111)   Pre Evacuate Collection Set: 0.3ms
[54.957s][info][gc,phases      ] GC(111)   Merge Heap Roots: 0.7ms
[54.957s][info][gc,phases      ] GC(111)   Evacuate Collection Set: 38.4ms
[54.957s][info][gc,phases      ] GC(111)   Post Evacuate Collection Set: 0.8ms
[54.957s][info][gc,phases      ] GC(111)   Other: 0.2ms
[54.957s][info][gc,heap        ] GC(111) Eden regions: 228->0(266)
[54.957s][info][gc,heap        ] GC(111) Survivor regions: 19->24(31)
[54.957s][info][gc,heap        ] GC(111) Old regions: 192->208
[54.957s][info][gc,heap        ] GC(111) Archive regions: 0->0
[54.957s][info][gc,heap        ] GC(111) Humongous regions: 49->43
[54.957s][info][gc,metaspace   ] GC(111) Metaspace: 66177K(67136K)->66177K(67136K) NonClass: 57776K(58240K)->57776K(58240K) Class: 8400K(8896K)->8400K(8896K)
[54.957s][info][gc             ] GC(111) Pause Young (Prepare Mixed) (G1 Evacuation Pause) 958M->533M(1236M) 40.524ms
[54.957s][info][gc,cpu         ] GC(111) User=1.36s Sys=0.00s Real=0.04s
[55.699s][info][gc,start       ] GC(112) Pause Young (Mixed) (G1 Evacuation Pause)
[55.699s][info][gc,task        ] GC(112) Using 29 workers of 33 for evacuation
[55.748s][info][gc,phases      ] GC(112)   Pre Evacuate Collection Set: 0.3ms
[55.748s][info][gc,phases      ] GC(112)   Merge Heap Roots: 1.0ms
[55.748s][info][gc,phases      ] GC(112)   Evacuate Collection Set: 46.4ms
[55.748s][info][gc,phases      ] GC(112)   Post Evacuate Collection Set: 0.7ms
[55.748s][info][gc,phases      ] GC(112)   Other: 0.2ms
[55.748s][info][gc,heap        ] GC(112) Eden regions: 266->0(243)
[55.748s][info][gc,heap        ] GC(112) Survivor regions: 24->32(37)
[55.748s][info][gc,heap        ] GC(112) Old regions: 208->209
[55.748s][info][gc,heap        ] GC(112) Archive regions: 0->0
[55.748s][info][gc,heap        ] GC(112) Humongous regions: 73->67
[55.748s][info][gc,metaspace   ] GC(112) Metaspace: 66255K(67264K)->66255K(67264K) NonClass: 57853K(58368K)->57853K(58368K) Class: 8401K(8896K)->8401K(8896K)
[55.748s][info][gc             ] GC(112) Pause Young (Mixed) (G1 Evacuation Pause) 1125M->599M(1252M) 48.964ms
[55.748s][info][gc,cpu         ] GC(112) User=0.91s Sys=0.00s Real=0.04s
[55.859s][info][gc,start       ] GC(113) Pause Young (Concurrent Start) (G1 Humongous Allocation)
[55.860s][info][gc,task        ] GC(113) Using 30 workers of 33 for evacuation
[55.886s][info][gc,phases      ] GC(113)   Pre Evacuate Collection Set: 0.4ms
[55.887s][info][gc,phases      ] GC(113)   Merge Heap Roots: 0.3ms
[55.887s][info][gc,phases      ] GC(113)   Evacuate Collection Set: 25.3ms
[55.887s][info][gc,phases      ] GC(113)   Post Evacuate Collection Set: 0.7ms
[55.887s][info][gc,phases      ] GC(113)   Other: 0.1ms
[55.887s][info][gc,heap        ] GC(113) Eden regions: 121->0(234)
[55.887s][info][gc,heap        ] GC(113) Survivor regions: 32->17(35)
[55.887s][info][gc,heap        ] GC(113) Old regions: 209->241
[55.887s][info][gc,heap        ] GC(113) Archive regions: 0->0
[55.887s][info][gc,heap        ] GC(113) Humongous regions: 67->67
[55.887s][info][gc,metaspace   ] GC(113) Metaspace: 66259K(67264K)->66259K(67264K) NonClass: 57857K(58368K)->57857K(58368K) Class: 8401K(8896K)->8401K(8896K)
[55.887s][info][gc             ] GC(113) Pause Young (Concurrent Start) (G1 Humongous Allocation) 840M->634M(1252M) 27.249ms
[55.887s][info][gc             ] GC(114) Concurrent Mark Cycle
[55.887s][info][gc,cpu         ] GC(113) User=0.48s Sys=0.00s Real=0.03s
[55.887s][info][gc,marking     ] GC(114) Concurrent Scan Root Regions
[55.894s][info][gc,marking     ] GC(114) Concurrent Scan Root Regions 7.295ms
[55.894s][info][gc,marking     ] GC(114) Concurrent Mark
[55.894s][info][gc,marking     ] GC(114) Concurrent Mark From Roots
[55.894s][info][gc,task        ] GC(114) Using 8 workers of 8 for marking
[55.923s][info][gc,marking     ] GC(114) Concurrent Mark From Roots 29.388ms
[55.924s][info][gc,marking     ] GC(114) Concurrent Preclean
[55.924s][info][gc,marking     ] GC(114) Concurrent Preclean 0.087ms
[55.924s][info][gc,start       ] GC(114) Pause Remark
[55.926s][info][gc             ] GC(114) Pause Remark 723M->385M(1252M) 2.677ms
[55.927s][info][gc,cpu         ] GC(114) User=0.00s Sys=0.00s Real=0.00s
[55.927s][info][gc,marking     ] GC(114) Concurrent Mark 32.475ms
[55.927s][info][gc,marking     ] GC(114) Concurrent Rebuild Remembered Sets and Scrub Regions
[55.945s][info][gc,marking     ] GC(114) Concurrent Rebuild Remembered Sets and Scrub Regions 17.993ms
[55.945s][info][gc,start       ] GC(114) Pause Cleanup
[55.945s][info][gc             ] GC(114) Pause Cleanup 425M->425M(1252M) 0.285ms
[55.945s][info][gc,cpu         ] GC(114) User=0.00s Sys=0.00s Real=0.00s
[55.945s][info][gc,marking     ] GC(114) Concurrent Clear Claimed Marks
[55.945s][info][gc,marking     ] GC(114) Concurrent Clear Claimed Marks 0.081ms
[55.945s][info][gc,marking     ] GC(114) Concurrent Cleanup for Next Mark
[55.946s][info][gc,marking     ] GC(114) Concurrent Cleanup for Next Mark 0.898ms
[55.946s][info][gc             ] GC(114) Concurrent Mark Cycle 59.497ms
[56.473s][info][gc,start       ] GC(115) Pause Young (Prepare Mixed) (G1 Evacuation Pause)
[56.473s][info][gc,task        ] GC(115) Using 30 workers of 33 for evacuation
[56.518s][info][gc,phases      ] GC(115)   Pre Evacuate Collection Set: 0.2ms
[56.518s][info][gc,phases      ] GC(115)   Merge Heap Roots: 0.4ms
[56.518s][info][gc,phases      ] GC(115)   Evacuate Collection Set: 43.6ms
[56.518s][info][gc,phases      ] GC(115)   Post Evacuate Collection Set: 0.7ms
[56.518s][info][gc,phases      ] GC(115)   Other: 0.1ms
[56.518s][info][gc,heap        ] GC(115) Eden regions: 234->0(286)
[56.518s][info][gc,heap        ] GC(115) Survivor regions: 17->32(32)
[56.518s][info][gc,heap        ] GC(115) Old regions: 136->150
[56.518s][info][gc,heap        ] GC(115) Archive regions: 0->0
[56.518s][info][gc,heap        ] GC(115) Humongous regions: 155->68
[56.518s][info][gc,metaspace   ] GC(115) Metaspace: 66309K(67328K)->66309K(67328K) NonClass: 57907K(58432K)->57907K(58432K) Class: 8401K(8896K)->8401K(8896K)
[56.518s][info][gc             ] GC(115) Pause Young (Prepare Mixed) (G1 Evacuation Pause) 1068M->484M(1252M) 45.453ms
[56.518s][info][gc,cpu         ] GC(115) User=1.41s Sys=0.00s Real=0.05s
[56.831s][info][gc,start       ] GC(116) Pause Young (Mixed) (G1 Evacuation Pause)
[56.831s][info][gc,task        ] GC(116) Using 30 workers of 33 for evacuation
[56.884s][info][gc,phases      ] GC(116)   Pre Evacuate Collection Set: 0.3ms
[56.884s][info][gc,phases      ] GC(116)   Merge Heap Roots: 0.7ms
[56.884s][info][gc,phases      ] GC(116)   Evacuate Collection Set: 49.9ms
[56.884s][info][gc,phases      ] GC(116)   Post Evacuate Collection Set: 1.7ms
[56.884s][info][gc,phases      ] GC(116)   Other: 0.2ms
[56.884s][info][gc,heap        ] GC(116) Eden regions: 286->0(382)
[56.884s][info][gc,heap        ] GC(116) Survivor regions: 32->40(40)
[56.884s][info][gc,heap        ] GC(116) Old regions: 150->172
[56.884s][info][gc,heap        ] GC(116) Archive regions: 0->0
[56.884s][info][gc,heap        ] GC(116) Humongous regions: 94->78
[56.884s][info][gc,metaspace   ] GC(116) Metaspace: 66309K(67328K)->66309K(67328K) NonClass: 57907K(58432K)->57907K(58432K) Class: 8401K(8896K)->8401K(8896K)
[56.884s][info][gc             ] GC(116) Pause Young (Mixed) (G1 Evacuation Pause) 1108M->563M(1586M) 53.199ms
[56.884s][info][gc,cpu         ] GC(116) User=1.41s Sys=0.00s Real=0.05s
[57.032s][info][gc,start       ] GC(117) Pause Full (System.gc())
[57.032s][info][gc,task        ] GC(117) Using 33 workers of 33 for full compaction
[57.034s][info][gc,phases,start] GC(117) Phase 1: Mark live objects
[57.063s][info][gc,phases      ] GC(117) Phase 1: Mark live objects 28.274ms
[57.063s][info][gc,phases,start] GC(117) Phase 2: Prepare compaction
[57.069s][info][gc,phases      ] GC(117) Phase 2: Prepare compaction 6.544ms
[57.069s][info][gc,phases,start] GC(117) Phase 3: Adjust pointers
[57.080s][info][gc,phases      ] GC(117) Phase 3: Adjust pointers 10.712ms
[57.080s][info][gc,phases,start] GC(117) Phase 4: Compact heap
[57.081s][info][gc,phases      ] GC(117) Phase 4: Compact heap 1.316ms
[57.093s][info][gc,heap        ] GC(117) Eden regions: 81->0(158)
[57.093s][info][gc,heap        ] GC(117) Survivor regions: 40->0(40)
[57.093s][info][gc,heap        ] GC(117) Old regions: 172->87
[57.093s][info][gc,heap        ] GC(117) Archive regions: 0->0
[57.093s][info][gc,heap        ] GC(117) Humongous regions: 78->3
[57.093s][info][gc,metaspace   ] GC(117) Metaspace: 66309K(67328K)->66309K(67328K) NonClass: 57907K(58432K)->57907K(58432K) Class: 8401K(8896K)->8401K(8896K)
[57.093s][info][gc             ] GC(117) Pause Full (System.gc()) 725M->147M(600M) 60.331ms
[57.093s][info][gc,cpu         ] GC(117) User=1.56s Sys=0.00s Real=0.06s
[57.128s][info][gc,start       ] GC(118) Pause Young (Concurrent Start) (G1 Humongous Allocation)
[57.128s][info][gc,task        ] GC(118) Using 23 workers of 33 for evacuation
[57.130s][info][gc,phases      ] GC(118)   Pre Evacuate Collection Set: 0.4ms
[57.130s][info][gc,phases      ] GC(118)   Merge Heap Roots: 0.1ms
[57.130s][info][gc,phases      ] GC(118)   Evacuate Collection Set: 0.9ms
[57.130s][info][gc,phases      ] GC(118)   Post Evacuate Collection Set: 0.6ms
[57.130s][info][gc,phases      ] GC(118)   Other: 0.2ms
[57.130s][info][gc,heap        ] GC(118) Eden regions: 12->0(162)
[57.130s][info][gc,heap        ] GC(118) Survivor regions: 0->6(20)
[57.130s][info][gc,heap        ] GC(118) Old regions: 87->87
[57.130s][info][gc,heap        ] GC(118) Archive regions: 0->0
[57.130s][info][gc,heap        ] GC(118) Humongous regions: 3->3
[57.130s][info][gc,metaspace   ] GC(118) Metaspace: 66320K(67328K)->66320K(67328K) NonClass: 57918K(58432K)->57918K(58432K) Class: 8401K(8896K)->8401K(8896K)
[57.130s][info][gc             ] GC(118) Pause Young (Concurrent Start) (G1 Humongous Allocation) 170M->159M(600M) 2.689ms
[57.131s][info][gc             ] GC(119) Concurrent Mark Cycle
[57.131s][info][gc,cpu         ] GC(118) User=0.00s Sys=0.00s Real=0.00s
[57.131s][info][gc,marking     ] GC(119) Concurrent Scan Root Regions
[57.132s][info][gc,marking     ] GC(119) Concurrent Scan Root Regions 1.119ms
[57.132s][info][gc,marking     ] GC(119) Concurrent Mark
[57.132s][info][gc,marking     ] GC(119) Concurrent Mark From Roots
[57.132s][info][gc,task        ] GC(119) Using 8 workers of 8 for marking
[57.177s][info][gc,marking     ] GC(119) Concurrent Mark From Roots 44.697ms
[57.177s][info][gc,marking     ] GC(119) Concurrent Preclean
[57.177s][info][gc,marking     ] GC(119) Concurrent Preclean 0.113ms
[57.177s][info][gc,start       ] GC(119) Pause Remark
[57.179s][info][gc             ] GC(119) Pause Remark 198M->198M(600M) 2.039ms
[57.179s][info][gc,cpu         ] GC(119) User=0.00s Sys=0.00s Real=0.00s
[57.179s][info][gc,marking     ] GC(119) Concurrent Mark 47.203ms
[57.179s][info][gc,marking     ] GC(119) Concurrent Rebuild Remembered Sets and Scrub Regions
[57.194s][info][gc,marking     ] GC(119) Concurrent Rebuild Remembered Sets and Scrub Regions 14.595ms
[57.208s][info][gc,start       ] GC(119) Pause Cleanup
[57.209s][info][gc             ] GC(119) Pause Cleanup 223M->223M(600M) 0.224ms
[57.209s][info][gc,cpu         ] GC(119) User=0.00s Sys=0.00s Real=0.00s
[57.209s][info][gc,marking     ] GC(119) Concurrent Clear Claimed Marks
[57.209s][info][gc,marking     ] GC(119) Concurrent Clear Claimed Marks 0.120ms
[57.209s][info][gc,marking     ] GC(119) Concurrent Cleanup for Next Mark
[57.209s][info][gc,marking     ] GC(119) Concurrent Cleanup for Next Mark 0.451ms
[57.209s][info][gc             ] GC(119) Concurrent Mark Cycle 78.693ms
[57.337s][info][gc,start       ] GC(120) Pause Young (Prepare Mixed) (G1 Evacuation Pause)
[57.337s][info][gc,task        ] GC(120) Using 18 workers of 33 for evacuation
[57.362s][info][gc,phases      ] GC(120)   Pre Evacuate Collection Set: 0.2ms
[57.362s][info][gc,phases      ] GC(120)   Merge Heap Roots: 0.2ms
[57.362s][info][gc,phases      ] GC(120)   Evacuate Collection Set: 23.6ms
[57.362s][info][gc,phases      ] GC(120)   Post Evacuate Collection Set: 0.5ms
[57.362s][info][gc,phases      ] GC(120)   Other: 0.1ms
[57.362s][info][gc,heap        ] GC(120) Eden regions: 162->0(115)
[57.362s][info][gc,heap        ] GC(120) Survivor regions: 6->21(21)
[57.362s][info][gc,heap        ] GC(120) Old regions: 87->107
[57.362s][info][gc,heap        ] GC(120) Archive regions: 0->0
[57.362s][info][gc,heap        ] GC(120) Humongous regions: 18->15
[57.362s][info][gc,metaspace   ] GC(120) Metaspace: 66326K(67328K)->66326K(67328K) NonClass: 57924K(58432K)->57924K(58432K) Class: 8401K(8896K)->8401K(8896K)
[57.362s][info][gc             ] GC(120) Pause Young (Prepare Mixed) (G1 Evacuation Pause) 513M->253M(628M) 24.841ms
[57.362s][info][gc,cpu         ] GC(120) User=0.63s Sys=0.00s Real=0.02s
[57.484s][info][gc,start       ] GC(121) Pause Young (Mixed) (G1 Evacuation Pause)
[57.492s][info][gc,task        ] GC(121) Using 16 workers of 33 for evacuation
[57.535s][info][gc,phases      ] GC(121)   Pre Evacuate Collection Set: 0.2ms
[57.535s][info][gc,phases      ] GC(121)   Merge Heap Roots: 0.4ms
[57.535s][info][gc,phases      ] GC(121)   Evacuate Collection Set: 32.7ms
[57.535s][info][gc,phases      ] GC(121)   Post Evacuate Collection Set: 0.4ms
[57.535s][info][gc,phases      ] GC(121)   Other: 9.4ms
[57.535s][info][gc,heap        ] GC(121) Eden regions: 115->0(102)
[57.535s][info][gc,heap        ] GC(121) Survivor regions: 21->14(17)
[57.535s][info][gc,heap        ] GC(121) Old regions: 107->127
[57.535s][info][gc,heap        ] GC(121) Archive regions: 0->0
[57.535s][info][gc,heap        ] GC(121) Humongous regions: 27->27
[57.535s][info][gc,metaspace   ] GC(121) Metaspace: 66326K(67328K)->66326K(67328K) NonClass: 57924K(58432K)->57924K(58432K) Class: 8401K(8896K)->8401K(8896K)
[57.535s][info][gc             ] GC(121) Pause Young (Mixed) (G1 Evacuation Pause) 507M->311M(628M) 51.488ms
[57.535s][info][gc,cpu         ] GC(121) User=0.50s Sys=0.00s Real=0.06s
[57.632s][info][gc,start       ] GC(122) Pause Young (Concurrent Start) (G1 Evacuation Pause)
[57.632s][info][gc,task        ] GC(122) Using 15 workers of 33 for evacuation
[57.657s][info][gc,phases      ] GC(122)   Pre Evacuate Collection Set: 0.3ms
[57.657s][info][gc,phases      ] GC(122)   Merge Heap Roots: 0.2ms
[57.657s][info][gc,phases      ] GC(122)   Evacuate Collection Set: 24.5ms
[57.657s][info][gc,phases      ] GC(122)   Post Evacuate Collection Set: 0.4ms
[57.657s][info][gc,phases      ] GC(122)   Other: 0.2ms
[57.657s][info][gc,heap        ] GC(122) Eden regions: 102->0(98)
[57.657s][info][gc,heap        ] GC(122) Survivor regions: 14->11(15)
[57.657s][info][gc,heap        ] GC(122) Old regions: 127->141
[57.657s][info][gc,heap        ] GC(122) Archive regions: 0->0
[57.657s][info][gc,heap        ] GC(122) Humongous regions: 27->27
[57.657s][info][gc,metaspace   ] GC(122) Metaspace: 66326K(67328K)->66326K(67328K) NonClass: 57924K(58432K)->57924K(58432K) Class: 8401K(8896K)->8401K(8896K)
[57.657s][info][gc             ] GC(122) Pause Young (Concurrent Start) (G1 Evacuation Pause) 515M->332M(628M) 25.925ms
[57.658s][info][gc             ] GC(123) Concurrent Mark Cycle
[57.658s][info][gc,cpu         ] GC(122) User=0.23s Sys=0.00s Real=0.02s
[57.658s][info][gc,marking     ] GC(123) Concurrent Scan Root Regions
[57.665s][info][gc,marking     ] GC(123) Concurrent Scan Root Regions 7.649ms
[57.665s][info][gc,marking     ] GC(123) Concurrent Mark
[57.665s][info][gc,marking     ] GC(123) Concurrent Mark From Roots
[57.665s][info][gc,task        ] GC(123) Using 8 workers of 8 for marking
[57.721s][info][gc,marking     ] GC(123) Concurrent Mark From Roots 55.498ms
[57.721s][info][gc,marking     ] GC(123) Concurrent Preclean
[57.721s][info][gc,marking     ] GC(123) Concurrent Preclean 0.128ms
[57.721s][info][gc,start       ] GC(123) Pause Remark
[57.723s][info][gc             ] GC(123) Pause Remark 440M->424M(750M) 2.353ms
[57.724s][info][gc,cpu         ] GC(123) User=0.00s Sys=0.00s Real=0.00s
[57.724s][info][gc,marking     ] GC(123) Concurrent Mark 58.301ms
[57.724s][info][gc,marking     ] GC(123) Concurrent Rebuild Remembered Sets and Scrub Regions
[57.777s][info][gc,marking     ] GC(123) Concurrent Rebuild Remembered Sets and Scrub Regions 53.631ms
[57.777s][info][gc,start       ] GC(123) Pause Cleanup
[57.778s][info][gc             ] GC(123) Pause Cleanup 507M->507M(750M) 0.218ms
[57.778s][info][gc,cpu         ] GC(123) User=0.00s Sys=0.00s Real=0.00s
[57.778s][info][gc,marking     ] GC(123) Concurrent Clear Claimed Marks
[57.778s][info][gc,marking     ] GC(123) Concurrent Clear Claimed Marks 0.100ms
[57.778s][info][gc,marking     ] GC(123) Concurrent Cleanup for Next Mark
[57.779s][info][gc,marking     ] GC(123) Concurrent Cleanup for Next Mark 1.273ms
[57.779s][info][gc             ] GC(123) Concurrent Mark Cycle 121.610ms
[57.796s][info][gc,start       ] GC(124) Pause Young (Prepare Mixed) (G1 Evacuation Pause)
[57.796s][info][gc,task        ] GC(124) Using 18 workers of 33 for evacuation
[57.820s][info][gc,phases      ] GC(124)   Pre Evacuate Collection Set: 0.2ms
[57.820s][info][gc,phases      ] GC(124)   Merge Heap Roots: 0.7ms
[57.820s][info][gc,phases      ] GC(124)   Evacuate Collection Set: 22.6ms
[57.821s][info][gc,phases      ] GC(124)   Post Evacuate Collection Set: 0.5ms
[57.821s][info][gc,phases      ] GC(124)   Other: 0.1ms
[57.821s][info][gc,heap        ] GC(124) Eden regions: 98->0(135)
[57.821s][info][gc,heap        ] GC(124) Survivor regions: 11->10(14)
[57.821s][info][gc,heap        ] GC(124) Old regions: 141->152
[57.821s][info][gc,heap        ] GC(124) Archive regions: 0->0
[57.821s][info][gc,heap        ] GC(124) Humongous regions: 31->31
[57.821s][info][gc,metaspace   ] GC(124) Metaspace: 66326K(67328K)->66326K(67328K) NonClass: 57924K(58432K)->57924K(58432K) Class: 8401K(8896K)->8401K(8896K)
[57.821s][info][gc             ] GC(124) Pause Young (Prepare Mixed) (G1 Evacuation Pause) 536M->358M(750M) 24.264ms
[57.821s][info][gc,cpu         ] GC(124) User=0.53s Sys=0.03s Real=0.03s
[57.953s][info][gc,start       ] GC(125) Pause Young (Mixed) (G1 Evacuation Pause)
[57.953s][info][gc,task        ] GC(125) Using 18 workers of 33 for evacuation
[57.980s][info][gc,phases      ] GC(125)   Pre Evacuate Collection Set: 0.2ms
[57.980s][info][gc,phases      ] GC(125)   Merge Heap Roots: 0.2ms
[57.980s][info][gc,phases      ] GC(125)   Evacuate Collection Set: 21.0ms
[57.980s][info][gc,phases      ] GC(125)   Post Evacuate Collection Set: 5.6ms
[57.980s][info][gc,phases      ] GC(125)   Other: 0.2ms
[57.980s][info][gc,heap        ] GC(125) Eden regions: 135->0(607)
[57.980s][info][gc,heap        ] GC(125) Survivor regions: 10->18(19)
[57.980s][info][gc,heap        ] GC(125) Old regions: 152->148
[57.981s][info][gc,heap        ] GC(125) Archive regions: 0->0
[57.981s][info][gc,heap        ] GC(125) Humongous regions: 31->31
[57.981s][info][gc,metaspace   ] GC(125) Metaspace: 66326K(67328K)->66326K(67328K) NonClass: 57924K(58432K)->57924K(58432K) Class: 8401K(8896K)->8401K(8896K)
[57.981s][info][gc             ] GC(125) Pause Young (Mixed) (G1 Evacuation Pause) 628M->377M(2086M) 27.510ms
[57.981s][info][gc,cpu         ] GC(125) User=0.30s Sys=0.00s Real=0.03s
[58.433s][info][gc,start       ] GC(126) Pause Young (Concurrent Start) (G1 Humongous Allocation)
[58.433s][info][gc,task        ] GC(126) Using 33 workers of 33 for evacuation
[58.465s][info][gc,phases      ] GC(126)   Pre Evacuate Collection Set: 0.4ms
[58.465s][info][gc,phases      ] GC(126)   Merge Heap Roots: 0.3ms
[58.465s][info][gc,phases      ] GC(126)   Evacuate Collection Set: 30.8ms
[58.465s][info][gc,phases      ] GC(126)   Post Evacuate Collection Set: 0.7ms
[58.465s][info][gc,phases      ] GC(126)   Other: 0.2ms
[58.465s][info][gc,heap        ] GC(126) Eden regions: 240->0(593)
[58.465s][info][gc,heap        ] GC(126) Survivor regions: 18->32(79)
[58.465s][info][gc,heap        ] GC(126) Old regions: 148->148
[58.465s][info][gc,heap        ] GC(126) Archive regions: 0->0
[58.465s][info][gc,heap        ] GC(126) Humongous regions: 31->31
[58.465s][info][gc,metaspace   ] GC(126) Metaspace: 66326K(67328K)->66326K(67328K) NonClass: 57924K(58432K)->57924K(58432K) Class: 8401K(8896K)->8401K(8896K)
[58.465s][info][gc             ] GC(126) Pause Young (Concurrent Start) (G1 Humongous Allocation) 855M->404M(2086M) 32.670ms
[58.465s][info][gc             ] GC(127) Concurrent Mark Cycle
[58.465s][info][gc,cpu         ] GC(126) User=0.91s Sys=0.14s Real=0.03s
[58.465s][info][gc,marking     ] GC(127) Concurrent Scan Root Regions
[58.475s][info][gc,marking     ] GC(127) Concurrent Scan Root Regions 9.648ms
[58.475s][info][gc,marking     ] GC(127) Concurrent Mark
[58.475s][info][gc,marking     ] GC(127) Concurrent Mark From Roots
[58.475s][info][gc,task        ] GC(127) Using 8 workers of 8 for marking
[58.526s][info][gc,marking     ] GC(127) Concurrent Mark From Roots 50.498ms
[58.526s][info][gc,marking     ] GC(127) Concurrent Preclean
[58.526s][info][gc,marking     ] GC(127) Concurrent Preclean 0.126ms
[58.526s][info][gc,start       ] GC(127) Pause Remark
[58.529s][info][gc             ] GC(127) Pause Remark 410M->324M(1148M) 2.786ms
[58.529s][info][gc,cpu         ] GC(127) User=0.30s Sys=0.03s Real=0.00s
[58.529s][info][gc,marking     ] GC(127) Concurrent Mark 53.765ms
[58.529s][info][gc,marking     ] GC(127) Concurrent Rebuild Remembered Sets and Scrub Regions
[58.572s][info][gc,marking     ] GC(127) Concurrent Rebuild Remembered Sets and Scrub Regions 43.227ms
[58.572s][info][gc,start       ] GC(127) Pause Cleanup
[58.573s][info][gc             ] GC(127) Pause Cleanup 326M->326M(1148M) 0.337ms
[58.573s][info][gc,cpu         ] GC(127) User=0.00s Sys=0.00s Real=0.00s
[58.573s][info][gc,marking     ] GC(127) Concurrent Clear Claimed Marks
[58.573s][info][gc,marking     ] GC(127) Concurrent Clear Claimed Marks 0.128ms
[58.573s][info][gc,marking     ] GC(127) Concurrent Cleanup for Next Mark
[58.575s][info][gc,marking     ] GC(127) Concurrent Cleanup for Next Mark 2.088ms
[58.575s][info][gc             ] GC(127) Concurrent Mark Cycle 109.769ms
[59.427s][info][gc,start       ] GC(128) Pause Young (Prepare Mixed) (G1 Evacuation Pause)
[59.427s][info][gc,task        ] GC(128) Using 30 workers of 33 for evacuation
[59.493s][info][gc,phases      ] GC(128)   Pre Evacuate Collection Set: 0.3ms
[59.493s][info][gc,phases      ] GC(128)   Merge Heap Roots: 0.8ms
[59.493s][info][gc,phases      ] GC(128)   Evacuate Collection Set: 63.1ms
[59.493s][info][gc,phases      ] GC(128)   Post Evacuate Collection Set: 0.7ms
[59.493s][info][gc,phases      ] GC(128)   Other: 0.2ms
[59.493s][info][gc,heap        ] GC(128) Eden regions: 312->0(252)
[59.493s][info][gc,heap        ] GC(128) Survivor regions: 32->43(43)
[59.493s][info][gc,heap        ] GC(128) Old regions: 121->165
[59.493s][info][gc,heap        ] GC(128) Archive regions: 0->0
[59.493s][info][gc,heap        ] GC(128) Humongous regions: 54->51
[59.493s][info][gc,metaspace   ] GC(128) Metaspace: 66337K(67328K)->66337K(67328K) NonClass: 57935K(58432K)->57935K(58432K) Class: 8402K(8896K)->8402K(8896K)
[59.493s][info][gc             ] GC(128) Pause Young (Prepare Mixed) (G1 Evacuation Pause) 1020M->501M(1212M) 65.459ms
[59.493s][info][gc,cpu         ] GC(128) User=1.75s Sys=0.11s Real=0.07s
[59.776s][info][gc,start       ] GC(129) Pause Young (Mixed) (G1 Evacuation Pause)
[59.777s][info][gc,task        ] GC(129) Using 29 workers of 33 for evacuation
[59.831s][info][gc,phases      ] GC(129)   Pre Evacuate Collection Set: 0.2ms
[59.831s][info][gc,phases      ] GC(129)   Merge Heap Roots: 1.0ms
[59.831s][info][gc,phases      ] GC(129)   Evacuate Collection Set: 52.1ms
[59.831s][info][gc,phases      ] GC(129)   Post Evacuate Collection Set: 0.6ms
[59.831s][info][gc,phases      ] GC(129)   Other: 0.2ms
[59.831s][info][gc,heap        ] GC(129) Eden regions: 252->0(224)
[59.831s][info][gc,heap        ] GC(129) Survivor regions: 43->28(37)
[59.831s][info][gc,heap        ] GC(129) Old regions: 165->206
[59.831s][info][gc,heap        ] GC(129) Archive regions: 0->0
[59.831s][info][gc,heap        ] GC(129) Humongous regions: 71->71
[59.831s][info][gc,metaspace   ] GC(129) Metaspace: 66337K(67328K)->66337K(67328K) NonClass: 57935K(58432K)->57935K(58432K) Class: 8402K(8896K)->8402K(8896K)
[59.831s][info][gc             ] GC(129) Pause Young (Mixed) (G1 Evacuation Pause) 1045M->590M(1216M) 54.399ms
[59.831s][info][gc,cpu         ] GC(129) User=1.36s Sys=0.00s Real=0.05s
[60.052s][info][gc,start       ] GC(130) Pause Young (Concurrent Start) (G1 Evacuation Pause)
[60.052s][info][gc,task        ] GC(130) Using 29 workers of 33 for evacuation
[60.084s][info][gc,phases      ] GC(130)   Pre Evacuate Collection Set: 0.5ms
[60.084s][info][gc,phases      ] GC(130)   Merge Heap Roots: 0.3ms
[60.084s][info][gc,phases      ] GC(130)   Evacuate Collection Set: 30.3ms
[60.084s][info][gc,phases      ] GC(130)   Post Evacuate Collection Set: 0.6ms
[60.084s][info][gc,phases      ] GC(130)   Other: 0.2ms
[60.084s][info][gc,heap        ] GC(130) Eden regions: 224->0(218)
[60.084s][info][gc,heap        ] GC(130) Survivor regions: 28->19(32)
[60.084s][info][gc,heap        ] GC(130) Old regions: 206->232
[60.084s][info][gc,heap        ] GC(130) Archive regions: 0->0
[60.084s][info][gc,heap        ] GC(130) Humongous regions: 71->71
[60.084s][info][gc,metaspace   ] GC(130) Metaspace: 66337K(67328K)->66337K(67328K) NonClass: 57935K(58432K)->57935K(58432K) Class: 8402K(8896K)->8402K(8896K)
[60.084s][info][gc             ] GC(130) Pause Young (Concurrent Start) (G1 Evacuation Pause) 1038M->624M(1216M) 32.233ms
[60.084s][info][gc             ] GC(131) Concurrent Mark Cycle
[60.084s][info][gc,cpu         ] GC(130) User=0.91s Sys=0.00s Real=0.03s
[60.084s][info][gc,marking     ] GC(131) Concurrent Scan Root Regions
[60.092s][info][gc,marking     ] GC(131) Concurrent Scan Root Regions 8.249ms
[60.092s][info][gc,marking     ] GC(131) Concurrent Mark
[60.092s][info][gc,marking     ] GC(131) Concurrent Mark From Roots
[60.092s][info][gc,task        ] GC(131) Using 8 workers of 8 for marking
[60.149s][info][gc,marking     ] GC(131) Concurrent Mark From Roots 57.034ms
[60.149s][info][gc,marking     ] GC(131) Concurrent Preclean
[60.149s][info][gc,marking     ] GC(131) Concurrent Preclean 0.152ms
[60.150s][info][gc,start       ] GC(131) Pause Remark
[60.152s][info][gc             ] GC(131) Pause Remark 736M->574M(1216M) 2.481ms
[60.152s][info][gc,cpu         ] GC(131) User=0.00s Sys=0.00s Real=0.00s
[60.152s][info][gc,marking     ] GC(131) Concurrent Mark 60.010ms
[60.152s][info][gc,marking     ] GC(131) Concurrent Rebuild Remembered Sets and Scrub Regions
[60.210s][info][gc,marking     ] GC(131) Concurrent Rebuild Remembered Sets and Scrub Regions 58.197ms
[60.211s][info][gc,start       ] GC(131) Pause Cleanup
[60.211s][info][gc             ] GC(131) Pause Cleanup 651M->651M(1216M) 0.582ms
[60.211s][info][gc,cpu         ] GC(131) User=0.00s Sys=0.00s Real=0.00s
[60.211s][info][gc,marking     ] GC(131) Concurrent Clear Claimed Marks
[60.212s][info][gc,marking     ] GC(131) Concurrent Clear Claimed Marks 0.121ms
[60.212s][info][gc,marking     ] GC(131) Concurrent Cleanup for Next Mark
[60.212s][info][gc,marking     ] GC(131) Concurrent Cleanup for Next Mark 0.875ms
[60.213s][info][gc             ] GC(131) Concurrent Mark Cycle 128.736ms
[61.014s][info][gc,start       ] GC(132) Pause Young (Prepare Mixed) (G1 Evacuation Pause)
[61.014s][info][gc,task        ] GC(132) Using 29 workers of 33 for evacuation
[61.059s][info][gc,phases      ] GC(132)   Pre Evacuate Collection Set: 0.2ms
[61.059s][info][gc,phases      ] GC(132)   Merge Heap Roots: 0.8ms
[61.059s][info][gc,phases      ] GC(132)   Evacuate Collection Set: 43.5ms
[61.059s][info][gc,phases      ] GC(132)   Post Evacuate Collection Set: 0.8ms
[61.059s][info][gc,phases      ] GC(132)   Other: 0.2ms
[61.059s][info][gc,heap        ] GC(132) Eden regions: 218->0(250)
[61.059s][info][gc,heap        ] GC(132) Survivor regions: 19->25(30)
[61.059s][info][gc,heap        ] GC(132) Old regions: 198->213
[61.059s][info][gc,heap        ] GC(132) Archive regions: 0->0
[61.059s][info][gc,heap        ] GC(132) Humongous regions: 47->44
[61.059s][info][gc,metaspace   ] GC(132) Metaspace: 66403K(67392K)->66403K(67392K) NonClass: 57991K(58496K)->57991K(58496K) Class: 8412K(8896K)->8412K(8896K)
[61.060s][info][gc             ] GC(132) Pause Young (Prepare Mixed) (G1 Evacuation Pause) 944M->546M(1216M) 45.843ms
[61.060s][info][gc,cpu         ] GC(132) User=1.36s Sys=0.00s Real=0.05s
[61.608s][info][gc,start       ] GC(133) Pause Young (Mixed) (G1 Evacuation Pause)
[61.608s][info][gc,task        ] GC(133) Using 29 workers of 33 for evacuation
[61.660s][info][gc,phases      ] GC(133)   Pre Evacuate Collection Set: 0.3ms
[61.660s][info][gc,phases      ] GC(133)   Merge Heap Roots: 0.8ms
[61.660s][info][gc,phases      ] GC(133)   Evacuate Collection Set: 47.9ms
[61.660s][info][gc,phases      ] GC(133)   Post Evacuate Collection Set: 2.3ms
[61.660s][info][gc,phases      ] GC(133)   Other: 0.2ms
[61.660s][info][gc,heap        ] GC(133) Eden regions: 250->0(443)
[61.660s][info][gc,heap        ] GC(133) Survivor regions: 25->34(35)
[61.660s][info][gc,heap        ] GC(133) Old regions: 213->209
[61.660s][info][gc,heap        ] GC(133) Archive regions: 0->0
[61.660s][info][gc,heap        ] GC(133) Humongous regions: 74->68
[61.660s][info][gc,metaspace   ] GC(133) Metaspace: 66512K(67520K)->66512K(67520K) NonClass: 58099K(58624K)->58099K(58624K) Class: 8412K(8896K)->8412K(8896K)
[61.660s][info][gc             ] GC(133) Pause Young (Mixed) (G1 Evacuation Pause) 1106M->603M(1740M) 51.789ms
[61.660s][info][gc,cpu         ] GC(133) User=1.34s Sys=0.02s Real=0.05s
[61.873s][info][gc,start       ] GC(134) Pause Young (Concurrent Start) (G1 Humongous Allocation)
[61.873s][info][gc,task        ] GC(134) Using 33 workers of 33 for evacuation
[61.894s][info][gc,phases      ] GC(134)   Pre Evacuate Collection Set: 0.5ms
[61.894s][info][gc,phases      ] GC(134)   Merge Heap Roots: 0.3ms
[61.894s][info][gc,phases      ] GC(134)   Evacuate Collection Set: 19.7ms
[61.894s][info][gc,phases      ] GC(134)   Post Evacuate Collection Set: 0.6ms
[61.894s][info][gc,phases      ] GC(134)   Other: 0.1ms
[61.894s][info][gc,heap        ] GC(134) Eden regions: 57->0(460)
[61.894s][info][gc,heap        ] GC(134) Survivor regions: 34->5(60)
[61.894s][info][gc,heap        ] GC(134) Old regions: 209->242
[61.894s][info][gc,heap        ] GC(134) Archive regions: 0->0
[61.894s][info][gc,heap        ] GC(134) Humongous regions: 68->68
[61.894s][info][gc,metaspace   ] GC(134) Metaspace: 66538K(67520K)->66538K(67520K) NonClass: 58125K(58624K)->58125K(58624K) Class: 8412K(8896K)->8412K(8896K)
[61.895s][info][gc             ] GC(134) Pause Young (Concurrent Start) (G1 Humongous Allocation) 716M->612M(1740M) 21.649ms
[61.895s][info][gc             ] GC(135) Concurrent Mark Cycle
[61.895s][info][gc,cpu         ] GC(134) User=0.52s Sys=0.00s Real=0.02s
[61.895s][info][gc,marking     ] GC(135) Concurrent Scan Root Regions
[61.900s][info][gc,marking     ] GC(135) Concurrent Scan Root Regions 5.038ms
[61.900s][info][gc,marking     ] GC(135) Concurrent Mark
[61.900s][info][gc,marking     ] GC(135) Concurrent Mark From Roots
[61.900s][info][gc,task        ] GC(135) Using 8 workers of 8 for marking
[61.929s][info][gc,marking     ] GC(135) Concurrent Mark From Roots 29.774ms
[61.930s][info][gc,marking     ] GC(135) Concurrent Preclean
[61.930s][info][gc,marking     ] GC(135) Concurrent Preclean 0.193ms
[61.930s][info][gc,start       ] GC(135) Pause Remark
[61.933s][info][gc             ] GC(135) Pause Remark 645M->323M(1140M) 3.075ms
[61.933s][info][gc,cpu         ] GC(135) User=0.33s Sys=0.19s Real=0.00s
[61.933s][info][gc,marking     ] GC(135) Concurrent Mark 33.388ms
[61.933s][info][gc,marking     ] GC(135) Concurrent Rebuild Remembered Sets and Scrub Regions
[61.953s][info][gc,marking     ] GC(135) Concurrent Rebuild Remembered Sets and Scrub Regions 19.645ms
[61.953s][info][gc,start       ] GC(135) Pause Cleanup
[61.953s][info][gc             ] GC(135) Pause Cleanup 368M->368M(1140M) 0.289ms
[61.953s][info][gc,cpu         ] GC(135) User=0.00s Sys=0.00s Real=0.00s
[61.953s][info][gc,marking     ] GC(135) Concurrent Clear Claimed Marks
[61.953s][info][gc,marking     ] GC(135) Concurrent Clear Claimed Marks 0.087ms
[61.953s][info][gc,marking     ] GC(135) Concurrent Cleanup for Next Mark
[61.954s][info][gc,marking     ] GC(135) Concurrent Cleanup for Next Mark 0.794ms
[61.954s][info][gc             ] GC(135) Concurrent Mark Cycle 59.717ms
[62.608s][info][gc,start       ] GC(136) Pause Young (Prepare Mixed) (G1 Evacuation Pause)
[62.608s][info][gc,task        ] GC(136) Using 30 workers of 33 for evacuation
[62.663s][info][gc,phases      ] GC(136)   Pre Evacuate Collection Set: 0.3ms
[62.663s][info][gc,phases      ] GC(136)   Merge Heap Roots: 0.3ms
[62.663s][info][gc,phases      ] GC(136)   Evacuate Collection Set: 53.2ms
[62.663s][info][gc,phases      ] GC(136)   Post Evacuate Collection Set: 0.6ms
[62.663s][info][gc,phases      ] GC(136)   Other: 0.2ms
[62.663s][info][gc,heap        ] GC(136) Eden regions: 330->0(289)
[62.663s][info][gc,heap        ] GC(136) Survivor regions: 5->42(43)
[62.663s][info][gc,heap        ] GC(136) Old regions: 146->146
[62.663s][info][gc,heap        ] GC(136) Archive regions: 0->0
[62.663s][info][gc,heap        ] GC(136) Humongous regions: 91->53
[62.663s][info][gc,metaspace   ] GC(136) Metaspace: 66549K(67520K)->66549K(67520K) NonClass: 58136K(58624K)->58136K(58624K) Class: 8412K(8896K)->8412K(8896K)
[62.663s][info][gc             ] GC(136) Pause Young (Prepare Mixed) (G1 Evacuation Pause) 1126M->464M(1228M) 54.905ms
[62.663s][info][gc,cpu         ] GC(136) User=0.98s Sys=0.41s Real=0.05s
[63.063s][info][gc,start       ] GC(137) Pause Young (Mixed) (G1 Evacuation Pause)
[63.063s][info][gc,task        ] GC(137) Using 29 workers of 33 for evacuation
[63.128s][info][gc,phases      ] GC(137)   Pre Evacuate Collection Set: 0.3ms
[63.129s][info][gc,phases      ] GC(137)   Merge Heap Roots: 0.7ms
[63.129s][info][gc,phases      ] GC(137)   Evacuate Collection Set: 63.7ms
[63.129s][info][gc,phases      ] GC(137)   Post Evacuate Collection Set: 0.6ms
[63.129s][info][gc,phases      ] GC(137)   Other: 0.2ms
[63.129s][info][gc,heap        ] GC(137) Eden regions: 289->0(329)
[63.129s][info][gc,heap        ] GC(137) Survivor regions: 42->29(42)
[63.129s][info][gc,heap        ] GC(137) Old regions: 146->174
[63.129s][info][gc,heap        ] GC(137) Archive regions: 0->0
[63.129s][info][gc,heap        ] GC(137) Humongous regions: 133->58
[63.129s][info][gc,metaspace   ] GC(137) Metaspace: 66562K(67584K)->66562K(67584K) NonClass: 58150K(58688K)->58150K(58688K) Class: 8412K(8896K)->8412K(8896K)
[63.129s][info][gc             ] GC(137) Pause Young (Mixed) (G1 Evacuation Pause) 1202M->503M(1360M) 65.770ms
[63.129s][info][gc,cpu         ] GC(137) User=1.66s Sys=0.16s Real=0.07s
[63.139s][info][gc,start       ] GC(138) Pause Young (Concurrent Start) (G1 Humongous Allocation)
[63.139s][info][gc,task        ] GC(138) Using 32 workers of 33 for evacuation
[63.154s][info][gc,phases      ] GC(138)   Pre Evacuate Collection Set: 0.3ms
[63.154s][info][gc,phases      ] GC(138)   Merge Heap Roots: 0.1ms
[63.154s][info][gc,phases      ] GC(138)   Evacuate Collection Set: 14.5ms
[63.154s][info][gc,phases      ] GC(138)   Post Evacuate Collection Set: 0.5ms
[63.154s][info][gc,phases      ] GC(138)   Other: 0.1ms
[63.154s][info][gc,heap        ] GC(138) Eden regions: 11->0(347)
[63.154s][info][gc,heap        ] GC(138) Survivor regions: 29->1(45)
[63.154s][info][gc,heap        ] GC(138) Old regions: 174->201
[63.154s][info][gc,heap        ] GC(138) Archive regions: 0->0
[63.154s][info][gc,heap        ] GC(138) Humongous regions: 58->58
[63.154s][info][gc,metaspace   ] GC(138) Metaspace: 66562K(67584K)->66562K(67584K) NonClass: 58150K(58688K)->58150K(58688K) Class: 8412K(8896K)->8412K(8896K)
[63.154s][info][gc             ] GC(138) Pause Young (Concurrent Start) (G1 Humongous Allocation) 524M->500M(1360M) 15.704ms
[63.154s][info][gc             ] GC(139) Concurrent Mark Cycle
[63.154s][info][gc,cpu         ] GC(138) User=0.50s Sys=0.00s Real=0.01s
[63.154s][info][gc,marking     ] GC(139) Concurrent Scan Root Regions
[63.158s][info][gc,marking     ] GC(139) Concurrent Scan Root Regions 4.007ms
[63.158s][info][gc,marking     ] GC(139) Concurrent Mark
[63.158s][info][gc,marking     ] GC(139) Concurrent Mark From Roots
[63.158s][info][gc,task        ] GC(139) Using 8 workers of 8 for marking
[63.189s][info][gc,marking     ] GC(139) Concurrent Mark From Roots 31.015ms
[63.189s][info][gc,marking     ] GC(139) Concurrent Preclean
[63.190s][info][gc,marking     ] GC(139) Concurrent Preclean 0.171ms
[63.190s][info][gc,start       ] GC(139) Pause Remark
[63.193s][info][gc             ] GC(139) Pause Remark 543M->357M(1260M) 2.930ms
[63.193s][info][gc,cpu         ] GC(139) User=0.00s Sys=0.00s Real=0.00s
[63.193s][info][gc,marking     ] GC(139) Concurrent Mark 34.469ms
[63.193s][info][gc,marking     ] GC(139) Concurrent Rebuild Remembered Sets and Scrub Regions
[63.214s][info][gc,marking     ] GC(139) Concurrent Rebuild Remembered Sets and Scrub Regions 21.231ms
[63.214s][info][gc,start       ] GC(139) Pause Cleanup
[63.215s][info][gc             ] GC(139) Pause Cleanup 386M->386M(1260M) 0.377ms
[63.215s][info][gc,cpu         ] GC(139) User=0.02s Sys=0.00s Real=0.00s
[63.215s][info][gc,marking     ] GC(139) Concurrent Clear Claimed Marks
[63.215s][info][gc,marking     ] GC(139) Concurrent Clear Claimed Marks 0.087ms
[63.215s][info][gc,marking     ] GC(139) Concurrent Cleanup for Next Mark
[63.216s][info][gc,marking     ] GC(139) Concurrent Cleanup for Next Mark 0.947ms
[63.216s][info][gc             ] GC(139) Concurrent Mark Cycle 61.610ms
[63.310s][info][gc,start       ] GC(140) Pause Full (System.gc())
[63.310s][info][gc,task        ] GC(140) Using 31 workers of 33 for full compaction
[63.312s][info][gc,phases,start] GC(140) Phase 1: Mark live objects
[63.339s][info][gc,phases      ] GC(140) Phase 1: Mark live objects 27.167ms
[63.339s][info][gc,phases,start] GC(140) Phase 2: Prepare compaction
[63.345s][info][gc,phases      ] GC(140) Phase 2: Prepare compaction 6.070ms
[63.345s][info][gc,phases,start] GC(140) Phase 3: Adjust pointers
[63.356s][info][gc,phases      ] GC(140) Phase 3: Adjust pointers 11.094ms
[63.356s][info][gc,phases,start] GC(140) Phase 4: Compact heap
[63.358s][info][gc,phases      ] GC(140) Phase 4: Compact heap 1.182ms
[63.368s][info][gc,heap        ] GC(140) Eden regions: 94->0(171)
[63.368s][info][gc,heap        ] GC(140) Survivor regions: 1->0(45)
[63.368s][info][gc,heap        ] GC(140) Old regions: 159->85
[63.368s][info][gc,heap        ] GC(140) Archive regions: 0->0
[63.368s][info][gc,heap        ] GC(140) Humongous regions: 9->3
[63.368s][info][gc,metaspace   ] GC(140) Metaspace: 66562K(67584K)->66562K(67584K) NonClass: 58150K(58688K)->58150K(58688K) Class: 8412K(8896K)->8412K(8896K)
[63.368s][info][gc             ] GC(140) Pause Full (System.gc()) 505M->147M(588M) 57.477ms
[63.368s][info][gc,cpu         ] GC(140) User=0.98s Sys=0.00s Real=0.06s
[63.402s][info][gc,start       ] GC(141) Pause Young (Concurrent Start) (G1 Humongous Allocation)
[63.402s][info][gc,task        ] GC(141) Using 22 workers of 33 for evacuation
[63.408s][info][gc,phases      ] GC(141)   Pre Evacuate Collection Set: 0.4ms
[63.408s][info][gc,phases      ] GC(141)   Merge Heap Roots: 0.1ms
[63.408s][info][gc,phases      ] GC(141)   Evacuate Collection Set: 1.3ms
[63.408s][info][gc,phases      ] GC(141)   Post Evacuate Collection Set: 3.7ms
[63.408s][info][gc,phases      ] GC(141)   Other: 0.1ms
[63.408s][info][gc,heap        ] GC(141) Eden regions: 10->0(382)
[63.408s][info][gc,heap        ] GC(141) Survivor regions: 0->2(22)
[63.408s][info][gc,heap        ] GC(141) Old regions: 85->85
[63.408s][info][gc,heap        ] GC(141) Archive regions: 0->0
[63.408s][info][gc,heap        ] GC(141) Humongous regions: 3->3
[63.408s][info][gc,metaspace   ] GC(141) Metaspace: 66568K(67584K)->66568K(67584K) NonClass: 58155K(58688K)->58155K(58688K) Class: 8412K(8896K)->8412K(8896K)
[63.408s][info][gc             ] GC(141) Pause Young (Concurrent Start) (G1 Humongous Allocation) 166M->150M(1282M) 6.163ms
[63.408s][info][gc             ] GC(142) Concurrent Mark Cycle
[63.408s][info][gc,cpu         ] GC(141) User=0.00s Sys=0.00s Real=0.01s
[63.408s][info][gc,marking     ] GC(142) Concurrent Scan Root Regions
[63.410s][info][gc,marking     ] GC(142) Concurrent Scan Root Regions 1.436ms
[63.410s][info][gc,marking     ] GC(142) Concurrent Mark
[63.410s][info][gc,marking     ] GC(142) Concurrent Mark From Roots
[63.410s][info][gc,task        ] GC(142) Using 8 workers of 8 for marking
[63.452s][info][gc,marking     ] GC(142) Concurrent Mark From Roots 42.436ms
[63.452s][info][gc,marking     ] GC(142) Concurrent Preclean
[63.453s][info][gc,marking     ] GC(142) Concurrent Preclean 0.124ms
[63.453s][info][gc,start       ] GC(142) Pause Remark
[63.455s][info][gc             ] GC(142) Pause Remark 185M->185M(720M) 1.938ms
[63.455s][info][gc,cpu         ] GC(142) User=0.00s Sys=0.00s Real=0.00s
[63.455s][info][gc,marking     ] GC(142) Concurrent Mark 44.857ms
[63.455s][info][gc,marking     ] GC(142) Concurrent Rebuild Remembered Sets and Scrub Regions
[63.467s][info][gc,marking     ] GC(142) Concurrent Rebuild Remembered Sets and Scrub Regions 11.868ms
[63.477s][info][gc,start       ] GC(142) Pause Cleanup
[63.477s][info][gc             ] GC(142) Pause Cleanup 206M->206M(720M) 0.210ms
[63.477s][info][gc,cpu         ] GC(142) User=0.00s Sys=0.00s Real=0.00s
[63.477s][info][gc,marking     ] GC(142) Concurrent Clear Claimed Marks
[63.477s][info][gc,marking     ] GC(142) Concurrent Clear Claimed Marks 0.111ms
[63.477s][info][gc,marking     ] GC(142) Concurrent Cleanup for Next Mark
[63.478s][info][gc,marking     ] GC(142) Concurrent Cleanup for Next Mark 0.502ms
[63.478s][info][gc             ] GC(142) Concurrent Mark Cycle 69.307ms
[63.656s][info][gc,start       ] GC(143) Pause Young (Prepare Mixed) (G1 Evacuation Pause)
[63.656s][info][gc,task        ] GC(143) Using 19 workers of 33 for evacuation
[63.688s][info][gc,phases      ] GC(143)   Pre Evacuate Collection Set: 0.2ms
[63.688s][info][gc,phases      ] GC(143)   Merge Heap Roots: 0.3ms
[63.688s][info][gc,phases      ] GC(143)   Evacuate Collection Set: 30.8ms
[63.688s][info][gc,phases      ] GC(143)   Post Evacuate Collection Set: 0.5ms
[63.688s][info][gc,phases      ] GC(143)   Other: 0.2ms
[63.688s][info][gc,heap        ] GC(143) Eden regions: 214->0(164)
[63.688s][info][gc,heap        ] GC(143) Survivor regions: 2->27(27)
[63.688s][info][gc,heap        ] GC(143) Old regions: 85->104
[63.688s][info][gc,heap        ] GC(143) Archive regions: 0->0
[63.688s][info][gc,heap        ] GC(143) Humongous regions: 22->19
[63.688s][info][gc,metaspace   ] GC(143) Metaspace: 66574K(67648K)->66574K(67648K) NonClass: 58161K(58752K)->58161K(58752K) Class: 8412K(8896K)->8412K(8896K)
[63.688s][info][gc             ] GC(143) Pause Young (Prepare Mixed) (G1 Evacuation Pause) 616M->271M(738M) 32.358ms
[63.688s][info][gc,cpu         ] GC(143) User=0.56s Sys=0.03s Real=0.03s
[63.849s][info][gc,start       ] GC(144) Pause Young (Mixed) (G1 Evacuation Pause)
[63.850s][info][gc,task        ] GC(144) Using 18 workers of 33 for evacuation
[63.886s][info][gc,phases      ] GC(144)   Pre Evacuate Collection Set: 0.2ms
[63.886s][info][gc,phases      ] GC(144)   Merge Heap Roots: 0.3ms
[63.886s][info][gc,phases      ] GC(144)   Evacuate Collection Set: 35.4ms
[63.886s][info][gc,phases      ] GC(144)   Post Evacuate Collection Set: 0.4ms
[63.886s][info][gc,phases      ] GC(144)   Other: 0.2ms
[63.886s][info][gc,heap        ] GC(144) Eden regions: 164->0(150)
[63.886s][info][gc,heap        ] GC(144) Survivor regions: 27->18(24)
[63.886s][info][gc,heap        ] GC(144) Old regions: 104->130
[63.886s][info][gc,heap        ] GC(144) Archive regions: 0->0
[63.886s][info][gc,heap        ] GC(144) Humongous regions: 27->27
[63.886s][info][gc,metaspace   ] GC(144) Metaspace: 66574K(67648K)->66574K(67648K) NonClass: 58161K(58752K)->58161K(58752K) Class: 8412K(8896K)->8412K(8896K)
[63.886s][info][gc             ] GC(144) Pause Young (Mixed) (G1 Evacuation Pause) 615M->329M(740M) 36.865ms
[63.886s][info][gc,cpu         ] GC(144) User=0.84s Sys=0.00s Real=0.04s
[63.889s][info][gc,start       ] GC(145) Pause Young (Concurrent Start) (G1 Humongous Allocation)
[63.889s][info][gc,task        ] GC(145) Using 17 workers of 33 for evacuation
[63.898s][info][gc,phases      ] GC(145)   Pre Evacuate Collection Set: 0.2ms
[63.898s][info][gc,phases      ] GC(145)   Merge Heap Roots: 0.1ms
[63.898s][info][gc,phases      ] GC(145)   Evacuate Collection Set: 8.2ms
[63.898s][info][gc,phases      ] GC(145)   Post Evacuate Collection Set: 0.3ms
[63.898s][info][gc,phases      ] GC(145)   Other: 0.1ms
[63.898s][info][gc,heap        ] GC(145) Eden regions: 4->0(147)
[63.898s][info][gc,heap        ] GC(145) Survivor regions: 18->3(21)
[63.898s][info][gc,heap        ] GC(145) Old regions: 130->147
[63.898s][info][gc,heap        ] GC(145) Archive regions: 0->0
[63.898s][info][gc,heap        ] GC(145) Humongous regions: 27->27
[63.898s][info][gc,metaspace   ] GC(145) Metaspace: 66574K(67648K)->66574K(67648K) NonClass: 58161K(58752K)->58161K(58752K) Class: 8412K(8896K)->8412K(8896K)
[63.898s][info][gc             ] GC(145) Pause Young (Concurrent Start) (G1 Humongous Allocation) 336M->333M(740M) 9.053ms
[63.898s][info][gc             ] GC(146) Concurrent Mark Cycle
[63.898s][info][gc,cpu         ] GC(145) User=0.00s Sys=0.00s Real=0.01s
[63.898s][info][gc,marking     ] GC(146) Concurrent Scan Root Regions
[63.902s][info][gc,marking     ] GC(146) Concurrent Scan Root Regions 3.509ms
[63.902s][info][gc,marking     ] GC(146) Concurrent Mark
[63.902s][info][gc,marking     ] GC(146) Concurrent Mark From Roots
[63.902s][info][gc,task        ] GC(146) Using 8 workers of 8 for marking
[63.958s][info][gc,marking     ] GC(146) Concurrent Mark From Roots 56.522ms
[63.958s][info][gc,marking     ] GC(146) Concurrent Preclean
[63.958s][info][gc,marking     ] GC(146) Concurrent Preclean 0.136ms
[63.958s][info][gc,start       ] GC(146) Pause Remark
[63.961s][info][gc             ] GC(146) Pause Remark 440M->424M(744M) 2.076ms
[63.961s][info][gc,cpu         ] GC(146) User=0.00s Sys=0.00s Real=0.00s
[63.961s][info][gc,marking     ] GC(146) Concurrent Mark 59.058ms
[63.961s][info][gc,marking     ] GC(146) Concurrent Rebuild Remembered Sets and Scrub Regions
[64.004s][info][gc,marking     ] GC(146) Concurrent Rebuild Remembered Sets and Scrub Regions 43.185ms
[64.004s][info][gc,start       ] GC(146) Pause Cleanup
[64.004s][info][gc             ] GC(146) Pause Cleanup 505M->505M(744M) 0.231ms
[64.004s][info][gc,cpu         ] GC(146) User=0.00s Sys=0.00s Real=0.00s
[64.004s][info][gc,marking     ] GC(146) Concurrent Clear Claimed Marks
[64.005s][info][gc,marking     ] GC(146) Concurrent Clear Claimed Marks 0.122ms
[64.005s][info][gc,marking     ] GC(146) Concurrent Cleanup for Next Mark
[64.005s][info][gc,marking     ] GC(146) Concurrent Cleanup for Next Mark 0.546ms
[64.005s][info][gc             ] GC(146) Concurrent Mark Cycle 107.149ms
[64.068s][info][gc,start       ] GC(147) Pause Young (Prepare Mixed) (G1 Evacuation Pause)
[64.068s][info][gc,task        ] GC(147) Using 17 workers of 33 for evacuation
[64.090s][info][gc,phases      ] GC(147)   Pre Evacuate Collection Set: 0.2ms
[64.091s][info][gc,phases      ] GC(147)   Merge Heap Roots: 0.8ms
[64.091s][info][gc,phases      ] GC(147)   Evacuate Collection Set: 20.5ms
[64.091s][info][gc,phases      ] GC(147)   Post Evacuate Collection Set: 0.5ms
[64.091s][info][gc,phases      ] GC(147)   Other: 0.1ms
[64.091s][info][gc,heap        ] GC(147) Eden regions: 147->0(141)
[64.091s][info][gc,heap        ] GC(147) Survivor regions: 3->13(19)
[64.091s][info][gc,heap        ] GC(147) Old regions: 147->147
[64.091s][info][gc,heap        ] GC(147) Archive regions: 0->0
[64.091s][info][gc,heap        ] GC(147) Humongous regions: 31->31
[64.091s][info][gc,metaspace   ] GC(147) Metaspace: 66574K(67648K)->66574K(67648K) NonClass: 58161K(58752K)->58161K(58752K) Class: 8412K(8896K)->8412K(8896K)
[64.091s][info][gc             ] GC(147) Pause Young (Prepare Mixed) (G1 Evacuation Pause) 635M->361M(744M) 22.547ms
[64.091s][info][gc,cpu         ] GC(147) User=0.53s Sys=0.00s Real=0.02s
[64.228s][info][gc,start       ] GC(148) Pause Young (Mixed) (G1 Evacuation Pause)
[64.228s][info][gc,task        ] GC(148) Using 17 workers of 33 for evacuation
[64.253s][info][gc,phases      ] GC(148)   Pre Evacuate Collection Set: 0.2ms
[64.253s][info][gc,phases      ] GC(148)   Merge Heap Roots: 0.2ms
[64.253s][info][gc,phases      ] GC(148)   Evacuate Collection Set: 24.3ms
[64.253s][info][gc,phases      ] GC(148)   Post Evacuate Collection Set: 0.4ms
[64.253s][info][gc,phases      ] GC(148)   Other: 0.1ms
[64.253s][info][gc,heap        ] GC(148) Eden regions: 141->0(139)
[64.253s][info][gc,heap        ] GC(148) Survivor regions: 13->11(20)
[64.253s][info][gc,heap        ] GC(148) Old regions: 147->155
[64.253s][info][gc,heap        ] GC(148) Archive regions: 0->0
[64.253s][info][gc,heap        ] GC(148) Humongous regions: 31->31
[64.253s][info][gc,metaspace   ] GC(148) Metaspace: 66574K(67648K)->66574K(67648K) NonClass: 58161K(58752K)->58161K(58752K) Class: 8412K(8896K)->8412K(8896K)
[64.253s][info][gc             ] GC(148) Pause Young (Mixed) (G1 Evacuation Pause) 643M->377M(744M) 25.640ms
[64.253s][info][gc,cpu         ] GC(148) User=0.53s Sys=0.00s Real=0.03s
[64.402s][info][gc,start       ] GC(149) Pause Young (Concurrent Start) (G1 Evacuation Pause)
[64.402s][info][gc,task        ] GC(149) Using 17 workers of 33 for evacuation
[64.428s][info][gc,phases      ] GC(149)   Pre Evacuate Collection Set: 0.4ms
[64.428s][info][gc,phases      ] GC(149)   Merge Heap Roots: 0.2ms
[64.428s][info][gc,phases      ] GC(149)   Evacuate Collection Set: 22.3ms
[64.428s][info][gc,phases      ] GC(149)   Post Evacuate Collection Set: 3.1ms
[64.428s][info][gc,phases      ] GC(149)   Other: 0.1ms
[64.428s][info][gc,heap        ] GC(149) Eden regions: 139->0(471)
[64.428s][info][gc,heap        ] GC(149) Survivor regions: 11->10(19)
[64.428s][info][gc,heap        ] GC(149) Old regions: 155->164
[64.428s][info][gc,heap        ] GC(149) Archive regions: 0->0
[64.428s][info][gc,heap        ] GC(149) Humongous regions: 31->31
[64.428s][info][gc,metaspace   ] GC(149) Metaspace: 66574K(67648K)->66574K(67648K) NonClass: 58161K(58752K)->58161K(58752K) Class: 8412K(8896K)->8412K(8896K)
[64.428s][info][gc             ] GC(149) Pause Young (Concurrent Start) (G1 Evacuation Pause) 655M->393M(1604M) 26.378ms
[64.428s][info][gc             ] GC(150) Concurrent Mark Cycle
[64.428s][info][gc,cpu         ] GC(149) User=0.28s Sys=0.00s Real=0.03s
[64.428s][info][gc,marking     ] GC(150) Concurrent Scan Root Regions
[64.433s][info][gc,marking     ] GC(150) Concurrent Scan Root Regions 5.272ms
[64.433s][info][gc,marking     ] GC(150) Concurrent Mark
[64.433s][info][gc,marking     ] GC(150) Concurrent Mark From Roots
[64.433s][info][gc,task        ] GC(150) Using 8 workers of 8 for marking
[64.514s][info][gc,marking     ] GC(150) Concurrent Mark From Roots 80.121ms
[64.514s][info][gc,marking     ] GC(150) Concurrent Preclean
[64.514s][info][gc,marking     ] GC(150) Concurrent Preclean 0.163ms
[64.514s][info][gc,start       ] GC(150) Pause Remark
[64.516s][info][gc             ] GC(150) Pause Remark 478M->462M(1600M) 2.154ms
[64.516s][info][gc,cpu         ] GC(150) User=0.00s Sys=0.00s Real=0.00s
[64.516s][info][gc,marking     ] GC(150) Concurrent Mark 82.796ms
[64.516s][info][gc,marking     ] GC(150) Concurrent Rebuild Remembered Sets and Scrub Regions
[64.569s][info][gc,marking     ] GC(150) Concurrent Rebuild Remembered Sets and Scrub Regions 52.809ms
[64.569s][info][gc,start       ] GC(150) Pause Cleanup
[64.570s][info][gc             ] GC(150) Pause Cleanup 464M->464M(1600M) 0.310ms
[64.570s][info][gc,cpu         ] GC(150) User=0.00s Sys=0.00s Real=0.00s
[64.570s][info][gc,marking     ] GC(150) Concurrent Clear Claimed Marks
[64.570s][info][gc,marking     ] GC(150) Concurrent Clear Claimed Marks 0.081ms
[64.570s][info][gc,marking     ] GC(150) Concurrent Cleanup for Next Mark
[64.574s][info][gc,marking     ] GC(150) Concurrent Cleanup for Next Mark 3.903ms
[64.574s][info][gc             ] GC(150) Concurrent Mark Cycle 145.630ms
[65.735s][info][gc,start       ] GC(151) Pause Young (Prepare Mixed) (G1 Evacuation Pause)
[65.735s][info][gc,task        ] GC(151) Using 33 workers of 33 for evacuation
[65.794s][info][gc,phases      ] GC(151)   Pre Evacuate Collection Set: 0.3ms
[65.794s][info][gc,phases      ] GC(151)   Merge Heap Roots: 1.1ms
[65.794s][info][gc,phases      ] GC(151)   Evacuate Collection Set: 56.9ms
[65.794s][info][gc,phases      ] GC(151)   Post Evacuate Collection Set: 0.9ms
[65.794s][info][gc,phases      ] GC(151)   Other: 0.2ms
[65.794s][info][gc,heap        ] GC(151) Eden regions: 470->0(366)
[65.794s][info][gc,heap        ] GC(151) Survivor regions: 10->60(60)
[65.795s][info][gc,heap        ] GC(151) Old regions: 164->187
[65.795s][info][gc,heap        ] GC(151) Archive regions: 0->0
[65.795s][info][gc,heap        ] GC(151) Humongous regions: 70->67
[65.795s][info][gc,metaspace   ] GC(151) Metaspace: 66596K(67648K)->66596K(67648K) NonClass: 58183K(58752K)->58183K(58752K) Class: 8413K(8896K)->8413K(8896K)
[65.795s][info][gc             ] GC(151) Pause Young (Prepare Mixed) (G1 Evacuation Pause) 1411M->610M(1600M) 59.747ms
[65.795s][info][gc,cpu         ] GC(151) User=2.06s Sys=0.00s Real=0.06s
[66.179s][info][gc,start       ] GC(152) Pause Young (Mixed) (G1 Evacuation Pause)
[66.179s][info][gc,task        ] GC(152) Using 33 workers of 33 for evacuation
[66.231s][info][gc,phases      ] GC(152)   Pre Evacuate Collection Set: 0.2ms
[66.231s][info][gc,phases      ] GC(152)   Merge Heap Roots: 1.1ms
[66.231s][info][gc,phases      ] GC(152)   Evacuate Collection Set: 49.7ms
[66.231s][info][gc,phases      ] GC(152)   Post Evacuate Collection Set: 0.7ms
[66.231s][info][gc,phases      ] GC(152)   Other: 0.1ms
[66.231s][info][gc,heap        ] GC(152) Eden regions: 366->0(343)
[66.231s][info][gc,heap        ] GC(152) Survivor regions: 60->32(54)
[66.231s][info][gc,heap        ] GC(152) Old regions: 187->245
[66.231s][info][gc,heap        ] GC(152) Archive regions: 0->0
[66.231s][info][gc,heap        ] GC(152) Humongous regions: 79->79
[66.231s][info][gc,metaspace   ] GC(152) Metaspace: 66598K(67648K)->66598K(67648K) NonClass: 58184K(58752K)->58184K(58752K) Class: 8413K(8896K)->8413K(8896K)
[66.231s][info][gc             ] GC(152) Pause Young (Mixed) (G1 Evacuation Pause) 1366M->694M(1600M) 52.167ms
[66.231s][info][gc,cpu         ] GC(152) User=1.56s Sys=0.00s Real=0.05s
[66.483s][info][gc,start       ] GC(153) Pause Young (Concurrent Start) (G1 Humongous Allocation)
[66.483s][info][gc,task        ] GC(153) Using 33 workers of 33 for evacuation
[66.511s][info][gc,phases      ] GC(153)   Pre Evacuate Collection Set: 0.4ms
[66.511s][info][gc,phases      ] GC(153)   Merge Heap Roots: 0.3ms
[66.511s][info][gc,phases      ] GC(153)   Evacuate Collection Set: 26.4ms
[66.511s][info][gc,phases      ] GC(153)   Post Evacuate Collection Set: 0.6ms
[66.511s][info][gc,phases      ] GC(153)   Other: 0.1ms
[66.511s][info][gc,heap        ] GC(153) Eden regions: 100->0(344)
[66.511s][info][gc,heap        ] GC(153) Survivor regions: 32->12(47)
[66.511s][info][gc,heap        ] GC(153) Old regions: 245->274
[66.511s][info][gc,heap        ] GC(153) Archive regions: 0->0
[66.511s][info][gc,heap        ] GC(153) Humongous regions: 79->79
[66.511s][info][gc,metaspace   ] GC(153) Metaspace: 66598K(67648K)->66598K(67648K) NonClass: 58184K(58752K)->58184K(58752K) Class: 8413K(8896K)->8413K(8896K)
[66.511s][info][gc             ] GC(153) Pause Young (Concurrent Start) (G1 Humongous Allocation) 893M->713M(1600M) 28.058ms
[66.511s][info][gc             ] GC(154) Concurrent Mark Cycle
[66.511s][info][gc,cpu         ] GC(153) User=0.53s Sys=0.00s Real=0.03s
[66.511s][info][gc,marking     ] GC(154) Concurrent Scan Root Regions
[66.521s][info][gc,marking     ] GC(154) Concurrent Scan Root Regions 9.842ms
[66.521s][info][gc,marking     ] GC(154) Concurrent Mark
[66.521s][info][gc,marking     ] GC(154) Concurrent Mark From Roots
[66.521s][info][gc,task        ] GC(154) Using 8 workers of 8 for marking
[66.567s][info][gc,marking     ] GC(154) Concurrent Mark From Roots 46.171ms
[66.567s][info][gc,marking     ] GC(154) Concurrent Preclean
[66.567s][info][gc,marking     ] GC(154) Concurrent Preclean 0.186ms
[66.568s][info][gc,start       ] GC(154) Pause Remark
[66.571s][info][gc             ] GC(154) Pause Remark 721M->409M(1428M) 3.138ms
[66.571s][info][gc,cpu         ] GC(154) User=0.00s Sys=0.00s Real=0.00s
[66.571s][info][gc,marking     ] GC(154) Concurrent Mark 49.934ms
[66.571s][info][gc,marking     ] GC(154) Concurrent Rebuild Remembered Sets and Scrub Regions
[66.618s][info][gc,marking     ] GC(154) Concurrent Rebuild Remembered Sets and Scrub Regions 47.463ms
[66.619s][info][gc,start       ] GC(154) Pause Cleanup
[66.619s][info][gc             ] GC(154) Pause Cleanup 411M->411M(1428M) 0.562ms
[66.619s][info][gc,cpu         ] GC(154) User=0.00s Sys=0.00s Real=0.00s
[66.619s][info][gc,marking     ] GC(154) Concurrent Clear Claimed Marks
[66.620s][info][gc,marking     ] GC(154) Concurrent Clear Claimed Marks 0.125ms
[66.620s][info][gc,marking     ] GC(154) Concurrent Cleanup for Next Mark
[66.621s][info][gc,marking     ] GC(154) Concurrent Cleanup for Next Mark 1.018ms
[66.621s][info][gc             ] GC(154) Concurrent Mark Cycle 109.698ms
[67.679s][info][gc,start       ] GC(155) Pause Young (Prepare Mixed) (G1 Evacuation Pause)
[67.679s][info][gc,task        ] GC(155) Using 33 workers of 33 for evacuation
[67.730s][info][gc,phases      ] GC(155)   Pre Evacuate Collection Set: 0.3ms
[67.730s][info][gc,phases      ] GC(155)   Merge Heap Roots: 1.0ms
[67.730s][info][gc,phases      ] GC(155)   Evacuate Collection Set: 48.5ms
[67.730s][info][gc,phases      ] GC(155)   Post Evacuate Collection Set: 0.9ms
[67.730s][info][gc,phases      ] GC(155)   Other: 0.2ms
[67.730s][info][gc,heap        ] GC(155) Eden regions: 344->0(317)
[67.730s][info][gc,heap        ] GC(155) Survivor regions: 12->45(45)
[67.730s][info][gc,heap        ] GC(155) Old regions: 182->193
[67.730s][info][gc,heap        ] GC(155) Archive regions: 0->0
[67.730s][info][gc,heap        ] GC(155) Humongous regions: 68->59
[67.730s][info][gc,metaspace   ] GC(155) Metaspace: 66687K(67712K)->66687K(67712K) NonClass: 58271K(58816K)->58271K(58816K) Class: 8415K(8896K)->8415K(8896K)
[67.730s][info][gc             ] GC(155) Pause Young (Prepare Mixed) (G1 Evacuation Pause) 1195M->576M(1428M) 51.147ms
[67.730s][info][gc,cpu         ] GC(155) User=1.55s Sys=0.00s Real=0.05s
[68.241s][info][gc,start       ] GC(156) Pause Young (Mixed) (G1 Evacuation Pause)
[68.241s][info][gc,task        ] GC(156) Using 33 workers of 33 for evacuation
[68.291s][info][gc,phases      ] GC(156)   Pre Evacuate Collection Set: 0.3ms
[68.291s][info][gc,phases      ] GC(156)   Merge Heap Roots: 0.6ms
[68.291s][info][gc,phases      ] GC(156)   Evacuate Collection Set: 48.2ms
[68.291s][info][gc,phases      ] GC(156)   Post Evacuate Collection Set: 0.7ms
[68.291s][info][gc,phases      ] GC(156)   Other: 0.1ms
[68.291s][info][gc,heap        ] GC(156) Eden regions: 317->0(306)
[68.291s][info][gc,heap        ] GC(156) Survivor regions: 45->36(46)
[68.291s][info][gc,heap        ] GC(156) Old regions: 193->207
[68.291s][info][gc,heap        ] GC(156) Archive regions: 0->0
[68.291s][info][gc,heap        ] GC(156) Humongous regions: 72->69
[68.291s][info][gc,metaspace   ] GC(156) Metaspace: 66763K(67776K)->66763K(67776K) NonClass: 58347K(58880K)->58347K(58880K) Class: 8416K(8896K)->8416K(8896K)
[68.291s][info][gc             ] GC(156) Pause Young (Mixed) (G1 Evacuation Pause) 1236M->605M(1428M) 50.198ms
[68.291s][info][gc,cpu         ] GC(156) User=1.05s Sys=0.00s Real=0.05s
[68.412s][info][gc,start       ] GC(157) Pause Young (Concurrent Start) (G1 Humongous Allocation)
[68.413s][info][gc,task        ] GC(157) Using 33 workers of 33 for evacuation
[68.435s][info][gc,phases      ] GC(157)   Pre Evacuate Collection Set: 0.4ms
[68.435s][info][gc,phases      ] GC(157)   Merge Heap Roots: 0.2ms
[68.435s][info][gc,phases      ] GC(157)   Evacuate Collection Set: 21.4ms
[68.435s][info][gc,phases      ] GC(157)   Post Evacuate Collection Set: 0.4ms
[68.435s][info][gc,phases      ] GC(157)   Other: 0.1ms
[68.435s][info][gc,heap        ] GC(157) Eden regions: 25->0(296)
[68.435s][info][gc,heap        ] GC(157) Survivor regions: 36->8(43)
[68.435s][info][gc,heap        ] GC(157) Old regions: 207->241
[68.435s][info][gc,heap        ] GC(157) Archive regions: 0->0
[68.435s][info][gc,heap        ] GC(157) Humongous regions: 69->69
[68.435s][info][gc,metaspace   ] GC(157) Metaspace: 66763K(67776K)->66763K(67776K) NonClass: 58347K(58880K)->58347K(58880K) Class: 8416K(8896K)->8416K(8896K)
[68.435s][info][gc             ] GC(157) Pause Young (Concurrent Start) (G1 Humongous Allocation) 654M->619M(1428M) 22.760ms
[68.435s][info][gc             ] GC(158) Concurrent Mark Cycle
[68.435s][info][gc,cpu         ] GC(157) User=1.03s Sys=0.00s Real=0.03s
[68.435s][info][gc,marking     ] GC(158) Concurrent Scan Root Regions
[68.442s][info][gc,marking     ] GC(158) Concurrent Scan Root Regions 6.971ms
[68.442s][info][gc,marking     ] GC(158) Concurrent Mark
[68.442s][info][gc,marking     ] GC(158) Concurrent Mark From Roots
[68.442s][info][gc,task        ] GC(158) Using 8 workers of 8 for marking
[68.472s][info][gc,marking     ] GC(158) Concurrent Mark From Roots 30.140ms
[68.473s][info][gc,marking     ] GC(158) Concurrent Preclean
[68.473s][info][gc,marking     ] GC(158) Concurrent Preclean 0.122ms
[68.473s][info][gc,start       ] GC(158) Pause Remark
[68.476s][info][gc             ] GC(158) Pause Remark 650M->361M(1260M) 2.946ms
[68.476s][info][gc,cpu         ] GC(158) User=0.00s Sys=0.00s Real=0.00s
[68.476s][info][gc,marking     ] GC(158) Concurrent Mark 33.562ms
[68.476s][info][gc,marking     ] GC(158) Concurrent Rebuild Remembered Sets and Scrub Regions
[68.497s][info][gc,marking     ] GC(158) Concurrent Rebuild Remembered Sets and Scrub Regions 21.263ms
[68.498s][info][gc,start       ] GC(158) Pause Cleanup
[68.498s][info][gc             ] GC(158) Pause Cleanup 387M->387M(1260M) 0.331ms
[68.498s][info][gc,cpu         ] GC(158) User=0.00s Sys=0.00s Real=0.00s
[68.499s][info][gc,marking     ] GC(158) Concurrent Clear Claimed Marks
[68.499s][info][gc,marking     ] GC(158) Concurrent Clear Claimed Marks 0.100ms
[68.499s][info][gc,marking     ] GC(158) Concurrent Cleanup for Next Mark
[68.499s][info][gc,marking     ] GC(158) Concurrent Cleanup for Next Mark 0.847ms
[68.500s][info][gc             ] GC(158) Concurrent Mark Cycle 64.306ms
[69.113s][info][gc,start       ] GC(159) Pause Young (Prepare Mixed) (G1 Evacuation Pause)
[69.113s][info][gc,task        ] GC(159) Using 31 workers of 33 for evacuation
[69.156s][info][gc,phases      ] GC(159)   Pre Evacuate Collection Set: 0.3ms
[69.156s][info][gc,phases      ] GC(159)   Merge Heap Roots: 0.7ms
[69.156s][info][gc,phases      ] GC(159)   Evacuate Collection Set: 40.9ms
[69.156s][info][gc,phases      ] GC(159)   Post Evacuate Collection Set: 0.8ms
[69.156s][info][gc,phases      ] GC(159)   Other: 0.2ms
[69.156s][info][gc,heap        ] GC(159) Eden regions: 296->0(311)
[69.156s][info][gc,heap        ] GC(159) Survivor regions: 8->37(38)
[69.156s][info][gc,heap        ] GC(159) Old regions: 156->156
[69.156s][info][gc,heap        ] GC(159) Archive regions: 0->0
[69.156s][info][gc,heap        ] GC(159) Humongous regions: 159->48
[69.156s][info][gc,metaspace   ] GC(159) Metaspace: 66827K(67840K)->66827K(67840K) NonClass: 58410K(58944K)->58410K(58944K) Class: 8416K(8896K)->8416K(8896K)
[69.156s][info][gc             ] GC(159) Pause Young (Prepare Mixed) (G1 Evacuation Pause) 1222M->466M(1312M) 43.083ms
[69.156s][info][gc,cpu         ] GC(159) User=1.19s Sys=0.03s Real=0.05s
[69.348s][info][gc,start       ] GC(160) Pause Full (System.gc())
[69.349s][info][gc,task        ] GC(160) Using 31 workers of 33 for full compaction
[69.350s][info][gc,phases,start] GC(160) Phase 1: Mark live objects
[69.380s][info][gc,phases      ] GC(160) Phase 1: Mark live objects 30.532ms
[69.381s][info][gc,phases,start] GC(160) Phase 2: Prepare compaction
[69.386s][info][gc,phases      ] GC(160) Phase 2: Prepare compaction 5.739ms
[69.386s][info][gc,phases,start] GC(160) Phase 3: Adjust pointers
[69.404s][info][gc,phases      ] GC(160) Phase 3: Adjust pointers 18.115ms
[69.405s][info][gc,phases,start] GC(160) Phase 4: Compact heap
[69.406s][info][gc,phases      ] GC(160) Phase 4: Compact heap 1.738ms
[69.420s][info][gc,heap        ] GC(160) Eden regions: 158->0(154)
[69.420s][info][gc,heap        ] GC(160) Survivor regions: 37->0(38)
[69.420s][info][gc,heap        ] GC(160) Old regions: 156->86
[69.420s][info][gc,heap        ] GC(160) Archive regions: 0->0
[69.420s][info][gc,heap        ] GC(160) Humongous regions: 50->3
[69.420s][info][gc,metaspace   ] GC(160) Metaspace: 66827K(67840K)->66827K(67840K) NonClass: 58411K(58944K)->58411K(58944K) Class: 8416K(8896K)->8416K(8896K)
[69.420s][info][gc             ] GC(160) Pause Full (System.gc()) 786M->147M(594M) 71.805ms
[69.420s][info][gc,cpu         ] GC(160) User=1.81s Sys=0.02s Real=0.06s
[69.461s][info][gc,start       ] GC(161) Pause Young (Concurrent Start) (G1 Humongous Allocation)
[69.461s][info][gc,task        ] GC(161) Using 22 workers of 33 for evacuation
[69.464s][info][gc,phases      ] GC(161)   Pre Evacuate Collection Set: 0.4ms
[69.464s][info][gc,phases      ] GC(161)   Merge Heap Roots: 0.1ms
[69.464s][info][gc,phases      ] GC(161)   Evacuate Collection Set: 1.4ms
[69.464s][info][gc,phases      ] GC(161)   Post Evacuate Collection Set: 0.6ms
[69.464s][info][gc,phases      ] GC(161)   Other: 0.1ms
[69.464s][info][gc,heap        ] GC(161) Eden regions: 12->0(159)
[69.464s][info][gc,heap        ] GC(161) Survivor regions: 0->5(20)
[69.464s][info][gc,heap        ] GC(161) Old regions: 86->86
[69.464s][info][gc,heap        ] GC(161) Archive regions: 0->0
[69.464s][info][gc,heap        ] GC(161) Humongous regions: 3->3
[69.464s][info][gc,metaspace   ] GC(161) Metaspace: 66833K(67840K)->66833K(67840K) NonClass: 58417K(58944K)->58417K(58944K) Class: 8416K(8896K)->8416K(8896K)
[69.464s][info][gc             ] GC(161) Pause Young (Concurrent Start) (G1 Humongous Allocation) 170M->156M(594M) 3.154ms
[69.464s][info][gc             ] GC(162) Concurrent Mark Cycle
[69.464s][info][gc,cpu         ] GC(161) User=0.00s Sys=0.00s Real=0.00s
[69.465s][info][gc,marking     ] GC(162) Concurrent Scan Root Regions
[69.466s][info][gc,marking     ] GC(162) Concurrent Scan Root Regions 0.989ms
[69.466s][info][gc,marking     ] GC(162) Concurrent Mark
[69.466s][info][gc,marking     ] GC(162) Concurrent Mark From Roots
[69.466s][info][gc,task        ] GC(162) Using 8 workers of 8 for marking
[69.507s][info][gc,marking     ] GC(162) Concurrent Mark From Roots 41.584ms
[69.507s][info][gc,marking     ] GC(162) Concurrent Preclean
[69.507s][info][gc,marking     ] GC(162) Concurrent Preclean 0.120ms
[69.508s][info][gc,start       ] GC(162) Pause Remark
[69.510s][info][gc             ] GC(162) Pause Remark 185M->185M(594M) 2.029ms
[69.510s][info][gc,cpu         ] GC(162) User=0.00s Sys=0.00s Real=0.00s
[69.510s][info][gc,marking     ] GC(162) Concurrent Mark 44.086ms
[69.510s][info][gc,marking     ] GC(162) Concurrent Rebuild Remembered Sets and Scrub Regions
[69.521s][info][gc,marking     ] GC(162) Concurrent Rebuild Remembered Sets and Scrub Regions 11.739ms
[69.536s][info][gc,start       ] GC(162) Pause Cleanup
[69.536s][info][gc             ] GC(162) Pause Cleanup 204M->204M(594M) 0.232ms
[69.536s][info][gc,cpu         ] GC(162) User=0.00s Sys=0.00s Real=0.00s
[69.536s][info][gc,marking     ] GC(162) Concurrent Clear Claimed Marks
[69.536s][info][gc,marking     ] GC(162) Concurrent Clear Claimed Marks 0.105ms
[69.536s][info][gc,marking     ] GC(162) Concurrent Cleanup for Next Mark
[69.537s][info][gc,marking     ] GC(162) Concurrent Cleanup for Next Mark 0.411ms
[69.537s][info][gc             ] GC(162) Concurrent Mark Cycle 72.216ms
[69.669s][info][gc,start       ] GC(163) Pause Young (Prepare Mixed) (G1 Evacuation Pause)
[69.669s][info][gc,task        ] GC(163) Using 18 workers of 33 for evacuation
[69.695s][info][gc,phases      ] GC(163)   Pre Evacuate Collection Set: 0.2ms
[69.695s][info][gc,phases      ] GC(163)   Merge Heap Roots: 0.2ms
[69.695s][info][gc,phases      ] GC(163)   Evacuate Collection Set: 24.9ms
[69.695s][info][gc,phases      ] GC(163)   Post Evacuate Collection Set: 0.5ms
[69.695s][info][gc,phases      ] GC(163)   Other: 0.1ms
[69.695s][info][gc,heap        ] GC(163) Eden regions: 159->0(115)
[69.695s][info][gc,heap        ] GC(163) Survivor regions: 5->21(21)
[69.695s][info][gc,heap        ] GC(163) Old regions: 86->107
[69.695s][info][gc,heap        ] GC(163) Archive regions: 0->0
[69.695s][info][gc,heap        ] GC(163) Humongous regions: 18->15
[69.695s][info][gc,metaspace   ] GC(163) Metaspace: 66838K(67840K)->66838K(67840K) NonClass: 58422K(58944K)->58422K(58944K) Class: 8416K(8896K)->8416K(8896K)
[69.695s][info][gc             ] GC(163) Pause Young (Prepare Mixed) (G1 Evacuation Pause) 504M->254M(620M) 26.160ms
[69.695s][info][gc,cpu         ] GC(163) User=0.52s Sys=0.05s Real=0.03s
[69.813s][info][gc,start       ] GC(164) Pause Young (Mixed) (G1 Evacuation Pause)
[69.813s][info][gc,task        ] GC(164) Using 16 workers of 33 for evacuation
[69.850s][info][gc,phases      ] GC(164)   Pre Evacuate Collection Set: 0.2ms
[69.850s][info][gc,phases      ] GC(164)   Merge Heap Roots: 0.4ms
[69.850s][info][gc,phases      ] GC(164)   Evacuate Collection Set: 32.9ms
[69.850s][info][gc,phases      ] GC(164)   Post Evacuate Collection Set: 2.9ms
[69.850s][info][gc,phases      ] GC(164)   Other: 0.1ms
[69.850s][info][gc,heap        ] GC(164) Eden regions: 115->0(376)
[69.850s][info][gc,heap        ] GC(164) Survivor regions: 21->15(17)
[69.850s][info][gc,heap        ] GC(164) Old regions: 107->126
[69.850s][info][gc,heap        ] GC(164) Archive regions: 0->0
[69.850s][info][gc,heap        ] GC(164) Humongous regions: 27->27
[69.850s][info][gc,metaspace   ] GC(164) Metaspace: 66838K(67840K)->66838K(67840K) NonClass: 58422K(58944K)->58422K(58944K) Class: 8416K(8896K)->8416K(8896K)
[69.850s][info][gc             ] GC(164) Pause Young (Mixed) (G1 Evacuation Pause) 508M->313M(1318M) 36.862ms
[69.850s][info][gc,cpu         ] GC(164) User=0.50s Sys=0.02s Real=0.05s
[69.972s][info][gc,start       ] GC(165) Pause Young (Concurrent Start) (G1 Humongous Allocation)
[69.972s][info][gc,task        ] GC(165) Using 31 workers of 33 for evacuation
[69.996s][info][gc,phases      ] GC(165)   Pre Evacuate Collection Set: 0.4ms
[69.996s][info][gc,phases      ] GC(165)   Merge Heap Roots: 0.2ms
[69.996s][info][gc,phases      ] GC(165)   Evacuate Collection Set: 22.4ms
[69.996s][info][gc,phases      ] GC(165)   Post Evacuate Collection Set: 0.5ms
[69.996s][info][gc,phases      ] GC(165)   Other: 0.1ms
[69.996s][info][gc,heap        ] GC(165) Eden regions: 99->0(372)
[69.996s][info][gc,heap        ] GC(165) Survivor regions: 15->23(49)
[69.996s][info][gc,heap        ] GC(165) Old regions: 126->126
[69.996s][info][gc,heap        ] GC(165) Archive regions: 0->0
[69.996s][info][gc,heap        ] GC(165) Humongous regions: 27->27
[69.996s][info][gc,metaspace   ] GC(165) Metaspace: 66838K(67840K)->66838K(67840K) NonClass: 58422K(58944K)->58422K(58944K) Class: 8416K(8896K)->8416K(8896K)
[69.996s][info][gc             ] GC(165) Pause Young (Concurrent Start) (G1 Humongous Allocation) 510M->329M(1318M) 23.997ms
[69.996s][info][gc             ] GC(166) Concurrent Mark Cycle
[69.996s][info][gc,cpu         ] GC(165) User=0.84s Sys=0.13s Real=0.03s
[69.996s][info][gc,marking     ] GC(166) Concurrent Scan Root Regions
[70.003s][info][gc,marking     ] GC(166) Concurrent Scan Root Regions 6.294ms
[70.003s][info][gc,marking     ] GC(166) Concurrent Mark
[70.003s][info][gc,marking     ] GC(166) Concurrent Mark From Roots
[70.003s][info][gc,task        ] GC(166) Using 8 workers of 8 for marking
[70.057s][info][gc,marking     ] GC(166) Concurrent Mark From Roots 54.018ms
[70.057s][info][gc,marking     ] GC(166) Concurrent Preclean
[70.057s][info][gc,marking     ] GC(166) Concurrent Preclean 0.153ms
[70.057s][info][gc,start       ] GC(166) Pause Remark
[70.060s][info][gc             ] GC(166) Pause Remark 439M->423M(1318M) 2.690ms
[70.060s][info][gc,cpu         ] GC(166) User=0.00s Sys=0.00s Real=0.00s
[70.060s][info][gc,marking     ] GC(166) Concurrent Mark 57.206ms
[70.060s][info][gc,marking     ] GC(166) Concurrent Rebuild Remembered Sets and Scrub Regions
[70.105s][info][gc,marking     ] GC(166) Concurrent Rebuild Remembered Sets and Scrub Regions 45.460ms
[70.106s][info][gc,start       ] GC(166) Pause Cleanup
[70.106s][info][gc             ] GC(166) Pause Cleanup 500M->500M(1318M) 0.246ms
[70.106s][info][gc,cpu         ] GC(166) User=0.00s Sys=0.00s Real=0.00s
[70.106s][info][gc,marking     ] GC(166) Concurrent Clear Claimed Marks
[70.106s][info][gc,marking     ] GC(166) Concurrent Clear Claimed Marks 0.121ms
[70.106s][info][gc,marking     ] GC(166) Concurrent Cleanup for Next Mark
[70.109s][info][gc,marking     ] GC(166) Concurrent Cleanup for Next Mark 2.802ms
[70.109s][info][gc             ] GC(166) Concurrent Mark Cycle 112.674ms
[70.444s][info][gc,start       ] GC(167) Pause Young (Prepare Mixed) (G1 Evacuation Pause)
[70.445s][info][gc,task        ] GC(167) Using 31 workers of 33 for evacuation
[70.480s][info][gc,phases      ] GC(167)   Pre Evacuate Collection Set: 0.3ms
[70.480s][info][gc,phases      ] GC(167)   Merge Heap Roots: 0.9ms
[70.480s][info][gc,phases      ] GC(167)   Evacuate Collection Set: 33.3ms
[70.480s][info][gc,phases      ] GC(167)   Post Evacuate Collection Set: 0.6ms
[70.480s][info][gc,phases      ] GC(167)   Other: 0.2ms
[70.480s][info][gc,heap        ] GC(167) Eden regions: 372->0(349)
[70.480s][info][gc,heap        ] GC(167) Survivor regions: 23->46(50)
[70.480s][info][gc,heap        ] GC(167) Old regions: 126->126
[70.480s][info][gc,heap        ] GC(167) Archive regions: 0->0
[70.480s][info][gc,heap        ] GC(167) Humongous regions: 31->31
[70.480s][info][gc,metaspace   ] GC(167) Metaspace: 66838K(67840K)->66838K(67840K) NonClass: 58422K(58944K)->58422K(58944K) Class: 8416K(8896K)->8416K(8896K)
[70.480s][info][gc             ] GC(167) Pause Young (Prepare Mixed) (G1 Evacuation Pause) 1081M->383M(1318M) 35.608ms
[70.480s][info][gc,cpu         ] GC(167) User=0.97s Sys=0.00s Real=0.03s
[71.578s][info][gc,start       ] GC(168) Pause Young (Mixed) (G1 Evacuation Pause)
[71.578s][info][gc,task        ] GC(168) Using 31 workers of 33 for evacuation
[71.657s][info][gc,phases      ] GC(168)   Pre Evacuate Collection Set: 0.3ms
[71.658s][info][gc,phases      ] GC(168)   Merge Heap Roots: 0.8ms
[71.658s][info][gc,phases      ] GC(168)   Evacuate Collection Set: 77.0ms
[71.658s][info][gc,phases      ] GC(168)   Post Evacuate Collection Set: 0.8ms
[71.658s][info][gc,phases      ] GC(168)   Other: 0.2ms
[71.658s][info][gc,heap        ] GC(168) Eden regions: 349->0(294)
[71.658s][info][gc,heap        ] GC(168) Survivor regions: 46->50(50)
[71.658s][info][gc,heap        ] GC(168) Old regions: 126->173
[71.658s][info][gc,heap        ] GC(168) Archive regions: 0->0
[71.658s][info][gc,heap        ] GC(168) Humongous regions: 66->63
[71.658s][info][gc,metaspace   ] GC(168) Metaspace: 66855K(67904K)->66855K(67904K) NonClass: 58438K(59008K)->58438K(59008K) Class: 8417K(8896K)->8417K(8896K)
[71.658s][info][gc             ] GC(168) Pause Young (Mixed) (G1 Evacuation Pause) 1151M->555M(1376M) 79.339ms
[71.658s][info][gc,cpu         ] GC(168) User=2.19s Sys=0.23s Real=0.08s
[71.695s][info][gc,start       ] GC(169) Pause Young (Concurrent Start) (G1 Humongous Allocation)
[71.695s][info][gc,task        ] GC(169) Using 33 workers of 33 for evacuation
[71.729s][info][gc,phases      ] GC(169)   Pre Evacuate Collection Set: 0.4ms
[71.729s][info][gc,phases      ] GC(169)   Merge Heap Roots: 0.4ms
[71.729s][info][gc,phases      ] GC(169)   Evacuate Collection Set: 32.0ms
[71.729s][info][gc,phases      ] GC(169)   Post Evacuate Collection Set: 0.5ms
[71.729s][info][gc,phases      ] GC(169)   Other: 0.1ms
[71.729s][info][gc,heap        ] GC(169) Eden regions: 48->0(283)
[71.729s][info][gc,heap        ] GC(169) Survivor regions: 50->10(43)
[71.729s][info][gc,heap        ] GC(169) Old regions: 173->227
[71.729s][info][gc,heap        ] GC(169) Archive regions: 0->0
[71.729s][info][gc,heap        ] GC(169) Humongous regions: 63->63
[71.729s][info][gc,metaspace   ] GC(169) Metaspace: 66855K(67904K)->66855K(67904K) NonClass: 58438K(59008K)->58438K(59008K) Class: 8417K(8896K)->8417K(8896K)
[71.729s][info][gc             ] GC(169) Pause Young (Concurrent Start) (G1 Humongous Allocation) 650M->582M(1376M) 33.752ms
[71.729s][info][gc             ] GC(170) Concurrent Mark Cycle
[71.729s][info][gc,cpu         ] GC(169) User=1.03s Sys=0.00s Real=0.03s
[71.729s][info][gc,marking     ] GC(170) Concurrent Scan Root Regions
[71.742s][info][gc,marking     ] GC(170) Concurrent Scan Root Regions 12.733ms
[71.742s][info][gc,marking     ] GC(170) Concurrent Mark
[71.742s][info][gc,marking     ] GC(170) Concurrent Mark From Roots
[71.742s][info][gc,task        ] GC(170) Using 8 workers of 8 for marking
[71.787s][info][gc,marking     ] GC(170) Concurrent Mark From Roots 44.846ms
[71.787s][info][gc,marking     ] GC(170) Concurrent Preclean
[71.787s][info][gc,marking     ] GC(170) Concurrent Preclean 0.113ms
[71.787s][info][gc,start       ] GC(170) Pause Remark
[71.790s][info][gc             ] GC(170) Pause Remark 696M->506M(1376M) 2.720ms
[71.790s][info][gc,cpu         ] GC(170) User=0.00s Sys=0.00s Real=0.00s
[71.790s][info][gc,marking     ] GC(170) Concurrent Mark 48.019ms
[71.790s][info][gc,marking     ] GC(170) Concurrent Rebuild Remembered Sets and Scrub Regions
[71.830s][info][gc,marking     ] GC(170) Concurrent Rebuild Remembered Sets and Scrub Regions 40.071ms
[71.830s][info][gc,start       ] GC(170) Pause Cleanup
[71.831s][info][gc             ] GC(170) Pause Cleanup 569M->569M(1376M) 0.440ms
[71.831s][info][gc,cpu         ] GC(170) User=0.00s Sys=0.00s Real=0.02s
[71.831s][info][gc,marking     ] GC(170) Concurrent Clear Claimed Marks
[71.831s][info][gc,marking     ] GC(170) Concurrent Clear Claimed Marks 0.085ms
[71.831s][info][gc,marking     ] GC(170) Concurrent Cleanup for Next Mark
[71.832s][info][gc,marking     ] GC(170) Concurrent Cleanup for Next Mark 0.977ms
[71.832s][info][gc             ] GC(170) Concurrent Mark Cycle 102.917ms
[72.056s][info][gc,start       ] GC(171) Pause Young (Prepare Mixed) (G1 Evacuation Pause)
[72.056s][info][gc,task        ] GC(171) Using 33 workers of 33 for evacuation
[72.091s][info][gc,phases      ] GC(171)   Pre Evacuate Collection Set: 0.3ms
[72.091s][info][gc,phases      ] GC(171)   Merge Heap Roots: 0.8ms
[72.091s][info][gc,phases      ] GC(171)   Evacuate Collection Set: 32.2ms
[72.091s][info][gc,phases      ] GC(171)   Post Evacuate Collection Set: 0.8ms
[72.091s][info][gc,phases      ] GC(171)   Other: 0.2ms
[72.091s][info][gc,heap        ] GC(171) Eden regions: 283->0(328)
[72.091s][info][gc,heap        ] GC(171) Survivor regions: 10->34(37)
[72.091s][info][gc,heap        ] GC(171) Old regions: 184->184
[72.091s][info][gc,heap        ] GC(171) Archive regions: 0->0
[72.091s][info][gc,heap        ] GC(171) Humongous regions: 35->35
[72.091s][info][gc,metaspace   ] GC(171) Metaspace: 66855K(67904K)->66855K(67904K) NonClass: 58438K(59008K)->58438K(59008K) Class: 8417K(8896K)->8417K(8896K)
[72.091s][info][gc             ] GC(171) Pause Young (Prepare Mixed) (G1 Evacuation Pause) 1006M->487M(1376M) 34.608ms
[72.091s][info][gc,cpu         ] GC(171) User=1.03s Sys=0.00s Real=0.03s
[72.882s][info][gc,start       ] GC(172) Pause Young (Mixed) (G1 Evacuation Pause)
[72.882s][info][gc,task        ] GC(172) Using 33 workers of 33 for evacuation
[72.933s][info][gc,phases      ] GC(172)   Pre Evacuate Collection Set: 0.2ms
[72.933s][info][gc,phases      ] GC(172)   Merge Heap Roots: 0.5ms
[72.933s][info][gc,phases      ] GC(172)   Evacuate Collection Set: 47.3ms
[72.933s][info][gc,phases      ] GC(172)   Post Evacuate Collection Set: 2.5ms
[72.933s][info][gc,phases      ] GC(172)   Other: 0.1ms
[72.933s][info][gc,heap        ] GC(172) Eden regions: 328->0(542)
[72.933s][info][gc,heap        ] GC(172) Survivor regions: 34->23(46)
[72.933s][info][gc,heap        ] GC(172) Old regions: 184->207
[72.933s][info][gc,heap        ] GC(172) Archive regions: 0->0
[72.933s][info][gc,heap        ] GC(172) Humongous regions: 43->43
[72.933s][info][gc,metaspace   ] GC(172) Metaspace: 66855K(67904K)->66855K(67904K) NonClass: 58438K(59008K)->58438K(59008K) Class: 8417K(8896K)->8417K(8896K)
[72.933s][info][gc             ] GC(172) Pause Young (Mixed) (G1 Evacuation Pause) 1159M->529M(1920M) 50.903ms
[72.933s][info][gc,cpu         ] GC(172) User=1.55s Sys=0.02s Real=0.05s
[73.048s][info][gc,start       ] GC(173) Pause Young (Concurrent Start) (G1 Humongous Allocation)
[73.048s][info][gc,task        ] GC(173) Using 33 workers of 33 for evacuation
[73.075s][info][gc,phases      ] GC(173)   Pre Evacuate Collection Set: 0.5ms
[73.075s][info][gc,phases      ] GC(173)   Merge Heap Roots: 0.3ms
[73.075s][info][gc,phases      ] GC(173)   Evacuate Collection Set: 25.0ms
[73.075s][info][gc,phases      ] GC(173)   Post Evacuate Collection Set: 0.6ms
[73.075s][info][gc,phases      ] GC(173)   Other: 0.1ms
[73.075s][info][gc,heap        ] GC(173) Eden regions: 16->0(554)
[73.075s][info][gc,heap        ] GC(173) Survivor regions: 23->22(71)
[73.075s][info][gc,heap        ] GC(173) Old regions: 207->207
[73.075s][info][gc,heap        ] GC(173) Archive regions: 0->0
[73.075s][info][gc,heap        ] GC(173) Humongous regions: 43->43
[73.075s][info][gc,metaspace   ] GC(173) Metaspace: 66864K(67904K)->66864K(67904K) NonClass: 58447K(59008K)->58447K(59008K) Class: 8417K(8896K)->8417K(8896K)
[73.075s][info][gc             ] GC(173) Pause Young (Concurrent Start) (G1 Humongous Allocation) 560M->527M(1920M) 26.944ms
[73.075s][info][gc             ] GC(174) Concurrent Mark Cycle
[73.075s][info][gc,cpu         ] GC(173) User=0.86s Sys=0.17s Real=0.03s
[73.075s][info][gc,marking     ] GC(174) Concurrent Scan Root Regions
[73.080s][info][gc,marking     ] GC(174) Concurrent Scan Root Regions 5.214ms
[73.080s][info][gc,marking     ] GC(174) Concurrent Mark
[73.080s][info][gc,marking     ] GC(174) Concurrent Mark From Roots
[73.080s][info][gc,task        ] GC(174) Using 8 workers of 8 for marking
[73.112s][info][gc,marking     ] GC(174) Concurrent Mark From Roots 31.500ms
[73.112s][info][gc,marking     ] GC(174) Concurrent Preclean
[73.112s][info][gc,marking     ] GC(174) Concurrent Preclean 0.131ms
[73.112s][info][gc,start       ] GC(174) Pause Remark
[73.115s][info][gc             ] GC(174) Pause Remark 557M->317M(1114M) 3.012ms
[73.115s][info][gc,cpu         ] GC(174) User=0.00s Sys=0.00s Real=0.00s
[73.115s][info][gc,marking     ] GC(174) Concurrent Mark 34.966ms
[73.115s][info][gc,marking     ] GC(174) Concurrent Rebuild Remembered Sets and Scrub Regions
[73.131s][info][gc,marking     ] GC(174) Concurrent Rebuild Remembered Sets and Scrub Regions 15.597ms
[73.131s][info][gc,start       ] GC(174) Pause Cleanup
[73.131s][info][gc             ] GC(174) Pause Cleanup 343M->343M(1114M) 0.260ms
[73.132s][info][gc,cpu         ] GC(174) User=0.00s Sys=0.00s Real=0.00s
[73.132s][info][gc,marking     ] GC(174) Concurrent Clear Claimed Marks
[73.132s][info][gc,marking     ] GC(174) Concurrent Clear Claimed Marks 0.089ms
[73.132s][info][gc,marking     ] GC(174) Concurrent Cleanup for Next Mark
[73.132s][info][gc,marking     ] GC(174) Concurrent Cleanup for Next Mark 0.775ms
[73.132s][info][gc             ] GC(174) Concurrent Mark Cycle 57.331ms
[73.791s][info][gc,start       ] GC(175) Pause Young (Prepare Mixed) (G1 Evacuation Pause)
[73.791s][info][gc,task        ] GC(175) Using 29 workers of 33 for evacuation
[73.837s][info][gc,phases      ] GC(175)   Pre Evacuate Collection Set: 0.3ms
[73.837s][info][gc,phases      ] GC(175)   Merge Heap Roots: 1.0ms
[73.837s][info][gc,phases      ] GC(175)   Evacuate Collection Set: 44.2ms
[73.837s][info][gc,phases      ] GC(175)   Post Evacuate Collection Set: 0.7ms
[73.837s][info][gc,phases      ] GC(175)   Other: 0.2ms
[73.837s][info][gc,heap        ] GC(175) Eden regions: 312->0(266)
[73.837s][info][gc,heap        ] GC(175) Survivor regions: 22->42(42)
[73.837s][info][gc,heap        ] GC(175) Old regions: 127->130
[73.837s][info][gc,heap        ] GC(175) Archive regions: 0->0
[73.837s][info][gc,heap        ] GC(175) Humongous regions: 48->39
[73.837s][info][gc,metaspace   ] GC(175) Metaspace: 66941K(67968K)->66941K(67968K) NonClass: 58523K(59072K)->58523K(59072K) Class: 8417K(8896K)->8417K(8896K)
[73.837s][info][gc             ] GC(175) Pause Young (Prepare Mixed) (G1 Evacuation Pause) 1001M->405M(1114M) 46.678ms
[73.837s][info][gc,cpu         ] GC(175) User=1.34s Sys=0.00s Real=0.05s
[74.405s][info][gc,start       ] GC(176) Pause Young (Mixed) (G1 Evacuation Pause)
[74.405s][info][gc,task        ] GC(176) Using 27 workers of 33 for evacuation
[74.445s][info][gc,phases      ] GC(176)   Pre Evacuate Collection Set: 0.2ms
[74.445s][info][gc,phases      ] GC(176)   Merge Heap Roots: 0.4ms
[74.445s][info][gc,phases      ] GC(176)   Evacuate Collection Set: 38.7ms
[74.445s][info][gc,phases      ] GC(176)   Post Evacuate Collection Set: 0.6ms
[74.445s][info][gc,phases      ] GC(176)   Other: 0.1ms
[74.445s][info][gc,heap        ] GC(176) Eden regions: 266->0(263)
[74.445s][info][gc,heap        ] GC(176) Survivor regions: 42->29(39)
[74.445s][info][gc,heap        ] GC(176) Old regions: 130->144
[74.445s][info][gc,heap        ] GC(176) Archive regions: 0->0
[74.445s][info][gc,heap        ] GC(176) Humongous regions: 46->43
[74.445s][info][gc,metaspace   ] GC(176) Metaspace: 66990K(67968K)->66990K(67968K) NonClass: 58572K(59072K)->58572K(59072K) Class: 8417K(8896K)->8417K(8896K)
[74.445s][info][gc             ] GC(176) Pause Young (Mixed) (G1 Evacuation Pause) 951M->415M(1114M) 40.361ms
[74.445s][info][gc,cpu         ] GC(176) User=0.84s Sys=0.00s Real=0.04s
[74.481s][info][gc,start       ] GC(177) Pause Young (Concurrent Start) (G1 Humongous Allocation)
[74.481s][info][gc,task        ] GC(177) Using 26 workers of 33 for evacuation
[74.501s][info][gc,phases      ] GC(177)   Pre Evacuate Collection Set: 0.4ms
[74.501s][info][gc,phases      ] GC(177)   Merge Heap Roots: 0.2ms
[74.501s][info][gc,phases      ] GC(177)   Evacuate Collection Set: 18.2ms
[74.501s][info][gc,phases      ] GC(177)   Post Evacuate Collection Set: 0.7ms
[74.501s][info][gc,phases      ] GC(177)   Other: 0.1ms
[74.501s][info][gc,heap        ] GC(177) Eden regions: 39->0(250)
[74.501s][info][gc,heap        ] GC(177) Survivor regions: 29->10(37)
[74.501s][info][gc,heap        ] GC(177) Old regions: 144->171
[74.501s][info][gc,heap        ] GC(177) Archive regions: 0->0
[74.501s][info][gc,heap        ] GC(177) Humongous regions: 43->43
[74.501s][info][gc,metaspace   ] GC(177) Metaspace: 66990K(67968K)->66990K(67968K) NonClass: 58572K(59072K)->58572K(59072K) Class: 8417K(8896K)->8417K(8896K)
[74.501s][info][gc             ] GC(177) Pause Young (Concurrent Start) (G1 Humongous Allocation) 493M->430M(1114M) 19.898ms
[74.501s][info][gc             ] GC(178) Concurrent Mark Cycle
[74.501s][info][gc,cpu         ] GC(177) User=0.41s Sys=0.00s Real=0.02s
[74.501s][info][gc,marking     ] GC(178) Concurrent Scan Root Regions
[74.508s][info][gc,marking     ] GC(178) Concurrent Scan Root Regions 6.783ms
[74.508s][info][gc,marking     ] GC(178) Concurrent Mark
[74.508s][info][gc,marking     ] GC(178) Concurrent Mark From Roots
[74.508s][info][gc,task        ] GC(178) Using 8 workers of 8 for marking
[74.539s][info][gc,marking     ] GC(178) Concurrent Mark From Roots 31.587ms
[74.539s][info][gc,marking     ] GC(178) Concurrent Preclean
[74.539s][info][gc,marking     ] GC(178) Concurrent Preclean 0.118ms
[74.540s][info][gc,start       ] GC(178) Pause Remark
[74.542s][info][gc             ] GC(178) Pause Remark 529M->397M(1114M) 2.376ms
[74.542s][info][gc,cpu         ] GC(178) User=0.00s Sys=0.00s Real=0.00s
[74.542s][info][gc,marking     ] GC(178) Concurrent Mark 34.399ms
[74.542s][info][gc,marking     ] GC(178) Concurrent Rebuild Remembered Sets and Scrub Regions
[74.562s][info][gc,marking     ] GC(178) Concurrent Rebuild Remembered Sets and Scrub Regions 19.933ms
[74.562s][info][gc,start       ] GC(178) Pause Cleanup
[74.563s][info][gc             ] GC(178) Pause Cleanup 403M->403M(1114M) 0.319ms
[74.563s][info][gc,cpu         ] GC(178) User=0.00s Sys=0.00s Real=0.00s
[74.563s][info][gc,marking     ] GC(178) Concurrent Clear Claimed Marks
[74.563s][info][gc,marking     ] GC(178) Concurrent Clear Claimed Marks 0.100ms
[74.563s][info][gc,marking     ] GC(178) Concurrent Cleanup for Next Mark
[74.564s][info][gc,marking     ] GC(178) Concurrent Cleanup for Next Mark 0.745ms
[74.564s][info][gc             ] GC(178) Concurrent Mark Cycle 62.796ms
[75.030s][info][gc,start       ] GC(179) Pause Young (Prepare Mixed) (G1 Evacuation Pause)
[75.030s][info][gc,task        ] GC(179) Using 26 workers of 33 for evacuation
[75.077s][info][gc,phases      ] GC(179)   Pre Evacuate Collection Set: 0.2ms
[75.077s][info][gc,phases      ] GC(179)   Merge Heap Roots: 0.6ms
[75.077s][info][gc,phases      ] GC(179)   Evacuate Collection Set: 45.3ms
[75.077s][info][gc,phases      ] GC(179)   Post Evacuate Collection Set: 0.7ms
[75.077s][info][gc,phases      ] GC(179)   Other: 0.1ms
[75.077s][info][gc,heap        ] GC(179) Eden regions: 224->0(266)
[75.077s][info][gc,heap        ] GC(179) Survivor regions: 10->33(33)
[75.077s][info][gc,heap        ] GC(179) Old regions: 141->146
[75.077s][info][gc,heap        ] GC(179) Archive regions: 0->0
[75.077s][info][gc,heap        ] GC(179) Humongous regions: 182->59
[75.077s][info][gc,metaspace   ] GC(179) Metaspace: 67039K(68096K)->67039K(68096K) NonClass: 58621K(59200K)->58621K(59200K) Class: 8417K(8896K)->8417K(8896K)
[75.077s][info][gc             ] GC(179) Pause Young (Prepare Mixed) (G1 Evacuation Pause) 1096M->458M(1190M) 47.265ms
[75.077s][info][gc,cpu         ] GC(179) User=1.17s Sys=0.05s Real=0.05s
[75.365s][info][gc,start       ] GC(180) Pause Young (Mixed) (G1 Evacuation Pause)
[75.366s][info][gc,task        ] GC(180) Using 28 workers of 33 for evacuation
[75.509s][info][gc,phases      ] GC(180)   Pre Evacuate Collection Set: 0.2ms
[75.509s][info][gc,phases      ] GC(180)   Merge Heap Roots: 0.5ms
[75.509s][info][gc,phases      ] GC(180)   Evacuate Collection Set: 141.7ms
[75.509s][info][gc,phases      ] GC(180)   Post Evacuate Collection Set: 0.8ms
[75.509s][info][gc,phases      ] GC(180)   Other: 0.2ms
[75.509s][info][gc,heap        ] GC(180) Eden regions: 266->0(248)
[75.509s][info][gc,heap        ] GC(180) Survivor regions: 33->31(38)
[75.509s][info][gc,heap        ] GC(180) Old regions: 146->165
[75.509s][info][gc,heap        ] GC(180) Archive regions: 0->0
[75.509s][info][gc,heap        ] GC(180) Humongous regions: 63->63
[75.509s][info][gc,metaspace   ] GC(180) Metaspace: 67039K(68096K)->67039K(68096K) NonClass: 58621K(59200K)->58621K(59200K) Class: 8417K(8896K)->8417K(8896K)
[75.510s][info][gc             ] GC(180) Pause Young (Mixed) (G1 Evacuation Pause) 998M->500M(1190M) 144.088ms
[75.510s][info][gc,cpu         ] GC(180) User=1.28s Sys=0.02s Real=0.14s
[75.547s][info][gc,start       ] GC(181) Pause Full (System.gc())
[75.547s][info][gc,task        ] GC(181) Using 28 workers of 33 for full compaction
[75.548s][info][gc,phases,start] GC(181) Phase 1: Mark live objects
[75.579s][info][gc,phases      ] GC(181) Phase 1: Mark live objects 30.358ms
[75.579s][info][gc,phases,start] GC(181) Phase 2: Prepare compaction
[75.584s][info][gc,phases      ] GC(181) Phase 2: Prepare compaction 5.548ms
[75.584s][info][gc,phases,start] GC(181) Phase 3: Adjust pointers
[75.596s][info][gc,phases      ] GC(181) Phase 3: Adjust pointers 11.002ms
[75.596s][info][gc,phases,start] GC(181) Phase 4: Compact heap
[75.597s][info][gc,phases      ] GC(181) Phase 4: Compact heap 1.280ms
[75.607s][info][gc,heap        ] GC(181) Eden regions: 16->0(139)
[75.607s][info][gc,heap        ] GC(181) Survivor regions: 31->0(38)
[75.607s][info][gc,heap        ] GC(181) Old regions: 165->83
[75.607s][info][gc,heap        ] GC(181) Archive regions: 0->0
[75.607s][info][gc,heap        ] GC(181) Humongous regions: 63->3
[75.607s][info][gc,metaspace   ] GC(181) Metaspace: 67039K(68096K)->67039K(68096K) NonClass: 58621K(59200K)->58621K(59200K) Class: 8417K(8896K)->8417K(8896K)
[75.607s][info][gc             ] GC(181) Pause Full (System.gc()) 531M->148M(574M) 60.319ms
[75.608s][info][gc,cpu         ] GC(181) User=0.89s Sys=0.00s Real=0.05s
[75.642s][info][gc,start       ] GC(182) Pause Young (Concurrent Start) (G1 Humongous Allocation)
[75.642s][info][gc,task        ] GC(182) Using 20 workers of 33 for evacuation
[75.649s][info][gc,phases      ] GC(182)   Pre Evacuate Collection Set: 0.4ms
[75.649s][info][gc,phases      ] GC(182)   Merge Heap Roots: 0.1ms
[75.649s][info][gc,phases      ] GC(182)   Evacuate Collection Set: 1.2ms
[75.649s][info][gc,phases      ] GC(182)   Post Evacuate Collection Set: 4.9ms
[75.649s][info][gc,phases      ] GC(182)   Other: 0.2ms
[75.649s][info][gc,heap        ] GC(182) Eden regions: 10->0(414)
[75.649s][info][gc,heap        ] GC(182) Survivor regions: 0->5(18)
[75.649s][info][gc,heap        ] GC(182) Old regions: 83->83
[75.649s][info][gc,heap        ] GC(182) Archive regions: 0->0
[75.649s][info][gc,heap        ] GC(182) Humongous regions: 3->3
[75.649s][info][gc,metaspace   ] GC(182) Metaspace: 67050K(68096K)->67050K(68096K) NonClass: 58632K(59200K)->58632K(59200K) Class: 8418K(8896K)->8418K(8896K)
[75.650s][info][gc             ] GC(182) Pause Young (Concurrent Start) (G1 Humongous Allocation) 167M->158M(1398M) 7.236ms
[75.650s][info][gc             ] GC(183) Concurrent Mark Cycle
[75.650s][info][gc,cpu         ] GC(182) User=0.00s Sys=0.00s Real=0.00s
[75.650s][info][gc,marking     ] GC(183) Concurrent Scan Root Regions
[75.650s][info][gc,marking     ] GC(183) Concurrent Scan Root Regions 0.819ms
[75.651s][info][gc,marking     ] GC(183) Concurrent Mark
[75.651s][info][gc,marking     ] GC(183) Concurrent Mark From Roots
[75.651s][info][gc,task        ] GC(183) Using 8 workers of 8 for marking
[75.692s][info][gc,marking     ] GC(183) Concurrent Mark From Roots 40.969ms
[75.692s][info][gc,marking     ] GC(183) Concurrent Preclean
[75.692s][info][gc,marking     ] GC(183) Concurrent Preclean 0.123ms
[75.692s][info][gc,start       ] GC(183) Pause Remark
[75.694s][info][gc             ] GC(183) Pause Remark 188M->188M(708M) 2.107ms
[75.694s][info][gc,cpu         ] GC(183) User=0.00s Sys=0.02s Real=0.00s
[75.694s][info][gc,marking     ] GC(183) Concurrent Mark 43.566ms
[75.694s][info][gc,marking     ] GC(183) Concurrent Rebuild Remembered Sets and Scrub Regions
[75.707s][info][gc,marking     ] GC(183) Concurrent Rebuild Remembered Sets and Scrub Regions 12.887ms
[75.707s][info][gc,start       ] GC(183) Pause Cleanup
[75.707s][info][gc             ] GC(183) Pause Cleanup 210M->210M(708M) 0.171ms
[75.707s][info][gc,cpu         ] GC(183) User=0.00s Sys=0.00s Real=0.00s
[75.707s][info][gc,marking     ] GC(183) Concurrent Clear Claimed Marks
[75.708s][info][gc,marking     ] GC(183) Concurrent Clear Claimed Marks 0.104ms
[75.708s][info][gc,marking     ] GC(183) Concurrent Cleanup for Next Mark
[75.708s][info][gc,marking     ] GC(183) Concurrent Cleanup for Next Mark 0.528ms
[75.708s][info][gc             ] GC(183) Concurrent Mark Cycle 58.513ms
[75.879s][info][gc,start       ] GC(184) Pause Young (Prepare Mixed) (G1 Evacuation Pause)
[75.879s][info][gc,task        ] GC(184) Using 18 workers of 33 for evacuation
[75.911s][info][gc,phases      ] GC(184)   Pre Evacuate Collection Set: 0.2ms
[75.911s][info][gc,phases      ] GC(184)   Merge Heap Roots: 0.3ms
[75.911s][info][gc,phases      ] GC(184)   Evacuate Collection Set: 30.8ms
[75.912s][info][gc,phases      ] GC(184)   Post Evacuate Collection Set: 0.5ms
[75.912s][info][gc,phases      ] GC(184)   Other: 0.2ms
[75.912s][info][gc,heap        ] GC(184) Eden regions: 207->0(148)
[75.912s][info][gc,heap        ] GC(184) Survivor regions: 5->27(27)
[75.912s][info][gc,heap        ] GC(184) Old regions: 83->102
[75.912s][info][gc,heap        ] GC(184) Archive regions: 0->0
[75.912s][info][gc,heap        ] GC(184) Humongous regions: 22->19
[75.912s][info][gc,metaspace   ] GC(184) Metaspace: 67060K(68096K)->67060K(68096K) NonClass: 58641K(59200K)->58641K(59200K) Class: 8418K(8896K)->8418K(8896K)
[75.912s][info][gc             ] GC(184) Pause Young (Prepare Mixed) (G1 Evacuation Pause) 610M->270M(726M) 32.433ms
[75.912s][info][gc,cpu         ] GC(184) User=0.58s Sys=0.00s Real=0.05s
[76.054s][info][gc,start       ] GC(185) Pause Young (Mixed) (G1 Evacuation Pause)
[76.054s][info][gc,task        ] GC(185) Using 17 workers of 33 for evacuation
[76.090s][info][gc,phases      ] GC(185)   Pre Evacuate Collection Set: 0.2ms
[76.090s][info][gc,phases      ] GC(185)   Merge Heap Roots: 0.3ms
[76.090s][info][gc,phases      ] GC(185)   Evacuate Collection Set: 34.2ms
[76.090s][info][gc,phases      ] GC(185)   Post Evacuate Collection Set: 0.4ms
[76.090s][info][gc,phases      ] GC(185)   Other: 0.2ms
[76.090s][info][gc,heap        ] GC(185) Eden regions: 148->0(136)
[76.090s][info][gc,heap        ] GC(185) Survivor regions: 27->17(22)
[76.090s][info][gc,heap        ] GC(185) Old regions: 102->128
[76.090s][info][gc,heap        ] GC(185) Archive regions: 0->0
[76.090s][info][gc,heap        ] GC(185) Humongous regions: 27->27
[76.090s][info][gc,metaspace   ] GC(185) Metaspace: 67060K(68096K)->67060K(68096K) NonClass: 58641K(59200K)->58641K(59200K) Class: 8418K(8896K)->8418K(8896K)
[76.090s][info][gc             ] GC(185) Pause Young (Mixed) (G1 Evacuation Pause) 582M->324M(726M) 35.845ms
[76.090s][info][gc,cpu         ] GC(185) User=0.53s Sys=0.00s Real=0.03s
[76.117s][info][gc,start       ] GC(186) Pause Young (Concurrent Start) (G1 Humongous Allocation)
[76.118s][info][gc,task        ] GC(186) Using 17 workers of 33 for evacuation
[76.134s][info][gc,phases      ] GC(186)   Pre Evacuate Collection Set: 0.3ms
[76.134s][info][gc,phases      ] GC(186)   Merge Heap Roots: 0.1ms
[76.134s][info][gc,phases      ] GC(186)   Evacuate Collection Set: 15.8ms
[76.134s][info][gc,phases      ] GC(186)   Post Evacuate Collection Set: 0.5ms
[76.135s][info][gc,phases      ] GC(186)   Other: 0.2ms
[76.135s][info][gc,heap        ] GC(186) Eden regions: 28->0(137)
[76.135s][info][gc,heap        ] GC(186) Survivor regions: 17->5(20)
[76.135s][info][gc,heap        ] GC(186) Old regions: 128->144
[76.135s][info][gc,heap        ] GC(186) Archive regions: 0->0
[76.135s][info][gc,heap        ] GC(186) Humongous regions: 27->27
[76.135s][info][gc,metaspace   ] GC(186) Metaspace: 67060K(68096K)->67060K(68096K) NonClass: 58641K(59200K)->58641K(59200K) Class: 8418K(8896K)->8418K(8896K)
[76.135s][info][gc             ] GC(186) Pause Young (Concurrent Start) (G1 Humongous Allocation) 380M->333M(726M) 17.238ms
[76.135s][info][gc             ] GC(187) Concurrent Mark Cycle
[76.135s][info][gc,cpu         ] GC(186) User=0.27s Sys=0.00s Real=0.02s
[76.135s][info][gc,marking     ] GC(187) Concurrent Scan Root Regions
[76.139s][info][gc,marking     ] GC(187) Concurrent Scan Root Regions 4.631ms
[76.139s][info][gc,marking     ] GC(187) Concurrent Mark
[76.139s][info][gc,marking     ] GC(187) Concurrent Mark From Roots
[76.139s][info][gc,task        ] GC(187) Using 8 workers of 8 for marking
[76.197s][info][gc,marking     ] GC(187) Concurrent Mark From Roots 57.898ms
[76.197s][info][gc,marking     ] GC(187) Concurrent Preclean
[76.198s][info][gc,marking     ] GC(187) Concurrent Preclean 0.141ms
[76.198s][info][gc,start       ] GC(187) Pause Remark
[76.200s][info][gc             ] GC(187) Pause Remark 443M->427M(744M) 2.235ms
[76.200s][info][gc,cpu         ] GC(187) User=0.00s Sys=0.00s Real=0.00s
[76.200s][info][gc,marking     ] GC(187) Concurrent Mark 60.604ms
[76.200s][info][gc,marking     ] GC(187) Concurrent Rebuild Remembered Sets and Scrub Regions
[76.243s][info][gc,marking     ] GC(187) Concurrent Rebuild Remembered Sets and Scrub Regions 43.251ms
[76.244s][info][gc,start       ] GC(187) Pause Cleanup
[76.244s][info][gc             ] GC(187) Pause Cleanup 505M->505M(744M) 0.216ms
[76.244s][info][gc,cpu         ] GC(187) User=0.00s Sys=0.00s Real=0.00s
[76.244s][info][gc,marking     ] GC(187) Concurrent Clear Claimed Marks
[76.244s][info][gc,marking     ] GC(187) Concurrent Clear Claimed Marks 0.120ms
[76.244s][info][gc,marking     ] GC(187) Concurrent Cleanup for Next Mark
[76.245s][info][gc,marking     ] GC(187) Concurrent Cleanup for Next Mark 0.602ms
[76.245s][info][gc             ] GC(187) Concurrent Mark Cycle 109.900ms
[76.296s][info][gc,start       ] GC(188) Pause Young (Prepare Mixed) (G1 Evacuation Pause)
[76.297s][info][gc,task        ] GC(188) Using 17 workers of 33 for evacuation
[76.318s][info][gc,phases      ] GC(188)   Pre Evacuate Collection Set: 0.2ms
[76.319s][info][gc,phases      ] GC(188)   Merge Heap Roots: 0.9ms
[76.319s][info][gc,phases      ] GC(188)   Evacuate Collection Set: 20.1ms
[76.319s][info][gc,phases      ] GC(188)   Post Evacuate Collection Set: 0.6ms
[76.319s][info][gc,phases      ] GC(188)   Other: 0.2ms
[76.319s][info][gc,heap        ] GC(188) Eden regions: 137->0(137)
[76.319s][info][gc,heap        ] GC(188) Survivor regions: 5->15(18)
[76.319s][info][gc,heap        ] GC(188) Old regions: 144->144
[76.319s][info][gc,heap        ] GC(188) Archive regions: 0->0
[76.319s][info][gc,heap        ] GC(188) Humongous regions: 31->31
[76.319s][info][gc,metaspace   ] GC(188) Metaspace: 67060K(68096K)->67060K(68096K) NonClass: 58641K(59200K)->58641K(59200K) Class: 8418K(8896K)->8418K(8896K)
[76.319s][info][gc             ] GC(188) Pause Young (Prepare Mixed) (G1 Evacuation Pause) 615M->361M(744M) 22.295ms
[76.319s][info][gc,cpu         ] GC(188) User=0.53s Sys=0.00s Real=0.03s
[76.450s][info][gc,start       ] GC(189) Pause Young (Mixed) (G1 Evacuation Pause)
[76.450s][info][gc,task        ] GC(189) Using 17 workers of 33 for evacuation
[76.479s][info][gc,phases      ] GC(189)   Pre Evacuate Collection Set: 0.2ms
[76.480s][info][gc,phases      ] GC(189)   Merge Heap Roots: 0.2ms
[76.480s][info][gc,phases      ] GC(189)   Evacuate Collection Set: 28.3ms
[76.480s][info][gc,phases      ] GC(189)   Post Evacuate Collection Set: 0.4ms
[76.480s][info][gc,phases      ] GC(189)   Other: 0.2ms
[76.480s][info][gc,heap        ] GC(189) Eden regions: 137->0(137)
[76.480s][info][gc,heap        ] GC(189) Survivor regions: 15->11(19)
[76.480s][info][gc,heap        ] GC(189) Old regions: 144->153
[76.480s][info][gc,heap        ] GC(189) Archive regions: 0->0
[76.480s][info][gc,heap        ] GC(189) Humongous regions: 31->31
[76.480s][info][gc,metaspace   ] GC(189) Metaspace: 67060K(68096K)->67060K(68096K) NonClass: 58641K(59200K)->58641K(59200K) Class: 8418K(8896K)->8418K(8896K)
[76.480s][info][gc             ] GC(189) Pause Young (Mixed) (G1 Evacuation Pause) 635M->377M(744M) 29.607ms
[76.480s][info][gc,cpu         ] GC(189) User=0.53s Sys=0.00s Real=0.03s
[76.618s][info][gc,start       ] GC(190) Pause Young (Concurrent Start) (G1 Evacuation Pause)
[76.618s][info][gc,task        ] GC(190) Using 17 workers of 33 for evacuation
[76.644s][info][gc,phases      ] GC(190)   Pre Evacuate Collection Set: 0.3ms
[76.644s][info][gc,phases      ] GC(190)   Merge Heap Roots: 0.2ms
[76.644s][info][gc,phases      ] GC(190)   Evacuate Collection Set: 21.3ms
[76.644s][info][gc,phases      ] GC(190)   Post Evacuate Collection Set: 4.1ms
[76.644s][info][gc,phases      ] GC(190)   Other: 0.1ms
[76.644s][info][gc,heap        ] GC(190) Eden regions: 137->0(497)
[76.644s][info][gc,heap        ] GC(190) Survivor regions: 11->10(19)
[76.644s][info][gc,heap        ] GC(190) Old regions: 153->161
[76.644s][info][gc,heap        ] GC(190) Archive regions: 0->0
[76.644s][info][gc,heap        ] GC(190) Humongous regions: 31->31
[76.644s][info][gc,metaspace   ] GC(190) Metaspace: 67060K(68096K)->67060K(68096K) NonClass: 58641K(59200K)->58641K(59200K) Class: 8418K(8896K)->8418K(8896K)
[76.644s][info][gc             ] GC(190) Pause Young (Concurrent Start) (G1 Evacuation Pause) 651M->391M(1692M) 26.359ms
[76.644s][info][gc             ] GC(191) Concurrent Mark Cycle
[76.644s][info][gc,cpu         ] GC(190) User=0.27s Sys=0.00s Real=0.02s
[76.644s][info][gc,marking     ] GC(191) Concurrent Scan Root Regions
[76.648s][info][gc,marking     ] GC(191) Concurrent Scan Root Regions 4.322ms
[76.648s][info][gc,marking     ] GC(191) Concurrent Mark
[76.648s][info][gc,marking     ] GC(191) Concurrent Mark From Roots
[76.648s][info][gc,task        ] GC(191) Using 8 workers of 8 for marking
[76.723s][info][gc,marking     ] GC(191) Concurrent Mark From Roots 74.303ms
[76.723s][info][gc,marking     ] GC(191) Concurrent Preclean
[76.723s][info][gc,marking     ] GC(191) Concurrent Preclean 0.158ms
[76.723s][info][gc,start       ] GC(191) Pause Remark
[76.725s][info][gc             ] GC(191) Pause Remark 489M->473M(1620M) 2.308ms
[76.725s][info][gc,cpu         ] GC(191) User=0.00s Sys=0.00s Real=0.00s
[76.725s][info][gc,marking     ] GC(191) Concurrent Mark 77.108ms
[76.726s][info][gc,marking     ] GC(191) Concurrent Rebuild Remembered Sets and Scrub Regions
[76.773s][info][gc,marking     ] GC(191) Concurrent Rebuild Remembered Sets and Scrub Regions 47.734ms
[76.773s][info][gc,start       ] GC(191) Pause Cleanup
[76.774s][info][gc             ] GC(191) Pause Cleanup 490M->490M(1620M) 0.313ms
[76.774s][info][gc,cpu         ] GC(191) User=0.00s Sys=0.00s Real=0.00s
[76.774s][info][gc,marking     ] GC(191) Concurrent Clear Claimed Marks
[76.774s][info][gc,marking     ] GC(191) Concurrent Clear Claimed Marks 0.123ms
[76.774s][info][gc,marking     ] GC(191) Concurrent Cleanup for Next Mark
[76.778s][info][gc,marking     ] GC(191) Concurrent Cleanup for Next Mark 3.875ms
[76.778s][info][gc             ] GC(191) Concurrent Mark Cycle 133.987ms
[77.941s][info][gc,start       ] GC(192) Pause Young (Prepare Mixed) (G1 Evacuation Pause)
[77.941s][info][gc,task        ] GC(192) Using 33 workers of 33 for evacuation
[78.001s][info][gc,phases      ] GC(192)   Pre Evacuate Collection Set: 0.2ms
[78.002s][info][gc,phases      ] GC(192)   Merge Heap Roots: 1.1ms
[78.002s][info][gc,phases      ] GC(192)   Evacuate Collection Set: 58.0ms
[78.002s][info][gc,phases      ] GC(192)   Post Evacuate Collection Set: 0.9ms
[78.002s][info][gc,phases      ] GC(192)   Other: 0.1ms
[78.002s][info][gc,heap        ] GC(192) Eden regions: 476->0(374)
[78.002s][info][gc,heap        ] GC(192) Survivor regions: 10->61(61)
[78.002s][info][gc,heap        ] GC(192) Old regions: 161->182
[78.002s][info][gc,heap        ] GC(192) Archive regions: 0->0
[78.002s][info][gc,heap        ] GC(192) Humongous regions: 70->67
[78.002s][info][gc,metaspace   ] GC(192) Metaspace: 67071K(68096K)->67071K(68096K) NonClass: 58652K(59200K)->58652K(59200K) Class: 8419K(8896K)->8419K(8896K)
[78.002s][info][gc             ] GC(192) Pause Young (Prepare Mixed) (G1 Evacuation Pause) 1421M->607M(1620M) 60.679ms
[78.002s][info][gc,cpu         ] GC(192) User=2.06s Sys=0.00s Real=0.06s
[78.390s][info][gc,start       ] GC(193) Pause Young (Mixed) (G1 Evacuation Pause)
[78.390s][info][gc,task        ] GC(193) Using 33 workers of 33 for evacuation
[78.445s][info][gc,phases      ] GC(193)   Pre Evacuate Collection Set: 0.2ms
[78.445s][info][gc,phases      ] GC(193)   Merge Heap Roots: 1.1ms
[78.445s][info][gc,phases      ] GC(193)   Evacuate Collection Set: 52.6ms
[78.445s][info][gc,phases      ] GC(193)   Post Evacuate Collection Set: 0.7ms
[78.445s][info][gc,phases      ] GC(193)   Other: 0.1ms
[78.445s][info][gc,heap        ] GC(193) Eden regions: 374->0(351)
[78.445s][info][gc,heap        ] GC(193) Survivor regions: 61->33(55)
[78.445s][info][gc,heap        ] GC(193) Old regions: 182->243
[78.445s][info][gc,heap        ] GC(193) Archive regions: 0->0
[78.445s][info][gc,heap        ] GC(193) Humongous regions: 79->79
[78.445s][info][gc,metaspace   ] GC(193) Metaspace: 67071K(68096K)->67071K(68096K) NonClass: 58652K(59200K)->58652K(59200K) Class: 8419K(8896K)->8419K(8896K)
[78.445s][info][gc             ] GC(193) Pause Young (Mixed) (G1 Evacuation Pause) 1379M->695M(1620M) 55.043ms
[78.445s][info][gc,cpu         ] GC(193) User=1.55s Sys=0.00s Real=0.05s
[78.670s][info][gc,start       ] GC(194) Pause Young (Concurrent Start) (G1 Humongous Allocation)
[78.670s][info][gc,task        ] GC(194) Using 33 workers of 33 for evacuation
[78.698s][info][gc,phases      ] GC(194)   Pre Evacuate Collection Set: 0.4ms
[78.698s][info][gc,phases      ] GC(194)   Merge Heap Roots: 0.3ms
[78.698s][info][gc,phases      ] GC(194)   Evacuate Collection Set: 26.2ms
[78.698s][info][gc,phases      ] GC(194)   Post Evacuate Collection Set: 0.6ms
[78.698s][info][gc,phases      ] GC(194)   Other: 0.2ms
[78.698s][info][gc,heap        ] GC(194) Eden regions: 101->0(352)
[78.698s][info][gc,heap        ] GC(194) Survivor regions: 33->12(48)
[78.698s][info][gc,heap        ] GC(194) Old regions: 243->273
[78.698s][info][gc,heap        ] GC(194) Archive regions: 0->0
[78.698s][info][gc,heap        ] GC(194) Humongous regions: 79->79
[78.698s][info][gc,metaspace   ] GC(194) Metaspace: 67071K(68096K)->67071K(68096K) NonClass: 58652K(59200K)->58652K(59200K) Class: 8419K(8896K)->8419K(8896K)
[78.698s][info][gc             ] GC(194) Pause Young (Concurrent Start) (G1 Humongous Allocation) 895M->714M(1620M) 28.146ms
[78.698s][info][gc             ] GC(195) Concurrent Mark Cycle
[78.698s][info][gc,cpu         ] GC(194) User=0.52s Sys=0.00s Real=0.03s
[78.698s][info][gc,marking     ] GC(195) Concurrent Scan Root Regions
[78.708s][info][gc,marking     ] GC(195) Concurrent Scan Root Regions 10.029ms
[78.708s][info][gc,marking     ] GC(195) Concurrent Mark
[78.708s][info][gc,marking     ] GC(195) Concurrent Mark From Roots
[78.708s][info][gc,task        ] GC(195) Using 8 workers of 8 for marking
[78.755s][info][gc,marking     ] GC(195) Concurrent Mark From Roots 46.297ms
[78.755s][info][gc,marking     ] GC(195) Concurrent Preclean
[78.755s][info][gc,marking     ] GC(195) Concurrent Preclean 0.149ms
[78.755s][info][gc,start       ] GC(195) Pause Remark
[78.758s][info][gc             ] GC(195) Pause Remark 718M->398M(1374M) 3.045ms
[78.758s][info][gc,cpu         ] GC(195) User=0.00s Sys=0.00s Real=0.00s
[78.758s][info][gc,marking     ] GC(195) Concurrent Mark 49.857ms
[78.758s][info][gc,marking     ] GC(195) Concurrent Rebuild Remembered Sets and Scrub Regions
[78.798s][info][gc,marking     ] GC(195) Concurrent Rebuild Remembered Sets and Scrub Regions 40.230ms
[78.799s][info][gc,start       ] GC(195) Pause Cleanup
[78.799s][info][gc             ] GC(195) Pause Cleanup 404M->404M(1374M) 0.309ms
[78.799s][info][gc,cpu         ] GC(195) User=0.00s Sys=0.00s Real=0.00s
[78.799s][info][gc,marking     ] GC(195) Concurrent Clear Claimed Marks
[78.799s][info][gc,marking     ] GC(195) Concurrent Clear Claimed Marks 0.088ms
[78.799s][info][gc,marking     ] GC(195) Concurrent Cleanup for Next Mark
[78.800s][info][gc,marking     ] GC(195) Concurrent Cleanup for Next Mark 0.967ms
[78.800s][info][gc             ] GC(195) Concurrent Mark Cycle 101.971ms
[79.879s][info][gc,start       ] GC(196) Pause Young (Prepare Mixed) (G1 Evacuation Pause)
[79.879s][info][gc,task        ] GC(196) Using 33 workers of 33 for evacuation
[79.931s][info][gc,phases      ] GC(196)   Pre Evacuate Collection Set: 0.3ms
[79.931s][info][gc,phases      ] GC(196)   Merge Heap Roots: 1.0ms
[79.931s][info][gc,phases      ] GC(196)   Evacuate Collection Set: 49.6ms
[79.931s][info][gc,phases      ] GC(196)   Post Evacuate Collection Set: 0.9ms
[79.931s][info][gc,phases      ] GC(196)   Other: 0.2ms
[79.932s][info][gc,heap        ] GC(196) Eden regions: 352->0(298)
[79.932s][info][gc,heap        ] GC(196) Survivor regions: 12->46(46)
[79.932s][info][gc,heap        ] GC(196) Old regions: 177->187
[79.932s][info][gc,heap        ] GC(196) Archive regions: 0->0
[79.932s][info][gc,heap        ] GC(196) Humongous regions: 68->59
[79.932s][info][gc,metaspace   ] GC(196) Metaspace: 67131K(68160K)->67131K(68160K) NonClass: 58712K(59264K)->58712K(59264K) Class: 8419K(8896K)->8419K(8896K)
[79.932s][info][gc             ] GC(196) Pause Young (Prepare Mixed) (G1 Evacuation Pause) 1204M->570M(1374M) 52.352ms
[79.932s][info][gc,cpu         ] GC(196) User=1.55s Sys=0.00s Real=0.05s
[80.408s][info][gc,start       ] GC(197) Pause Young (Mixed) (G1 Evacuation Pause)
[80.408s][info][gc,task        ] GC(197) Using 33 workers of 33 for evacuation
[80.461s][info][gc,phases      ] GC(197)   Pre Evacuate Collection Set: 0.3ms
[80.461s][info][gc,phases      ] GC(197)   Merge Heap Roots: 0.6ms
[80.461s][info][gc,phases      ] GC(197)   Evacuate Collection Set: 50.6ms
[80.461s][info][gc,phases      ] GC(197)   Post Evacuate Collection Set: 0.7ms
[80.461s][info][gc,phases      ] GC(197)   Other: 0.2ms
[80.461s][info][gc,heap        ] GC(197) Eden regions: 298->0(288)
[80.461s][info][gc,heap        ] GC(197) Survivor regions: 46->32(43)
[80.461s][info][gc,heap        ] GC(197) Old regions: 187->208
[80.461s][info][gc,heap        ] GC(197) Archive regions: 0->0
[80.461s][info][gc,heap        ] GC(197) Humongous regions: 72->69
[80.461s][info][gc,metaspace   ] GC(197) Metaspace: 67132K(68160K)->67132K(68160K) NonClass: 58713K(59264K)->58713K(59264K) Class: 8419K(8896K)->8419K(8896K)
[80.461s][info][gc             ] GC(197) Pause Young (Mixed) (G1 Evacuation Pause) 1192M->603M(1374M) 52.774ms
[80.461s][info][gc,cpu         ] GC(197) User=2.06s Sys=0.00s Real=0.07s
[80.630s][info][gc,start       ] GC(198) Pause Young (Concurrent Start) (G1 Humongous Allocation)
[80.631s][info][gc,task        ] GC(198) Using 33 workers of 33 for evacuation
[80.655s][info][gc,phases      ] GC(198)   Pre Evacuate Collection Set: 0.4ms
[80.655s][info][gc,phases      ] GC(198)   Merge Heap Roots: 0.2ms
[80.655s][info][gc,phases      ] GC(198)   Evacuate Collection Set: 22.8ms
[80.655s][info][gc,phases      ] GC(198)   Post Evacuate Collection Set: 0.5ms
[80.655s][info][gc,phases      ] GC(198)   Other: 0.1ms
[80.655s][info][gc,heap        ] GC(198) Eden regions: 44->0(278)
[80.655s][info][gc,heap        ] GC(198) Survivor regions: 32->9(40)
[80.655s][info][gc,heap        ] GC(198) Old regions: 208->239
[80.655s][info][gc,heap        ] GC(198) Archive regions: 0->0
[80.655s][info][gc,heap        ] GC(198) Humongous regions: 69->69
[80.655s][info][gc,metaspace   ] GC(198) Metaspace: 67132K(68160K)->67132K(68160K) NonClass: 58713K(59264K)->58713K(59264K) Class: 8419K(8896K)->8419K(8896K)
[80.655s][info][gc             ] GC(198) Pause Young (Concurrent Start) (G1 Humongous Allocation) 690M->619M(1374M) 24.574ms
[80.655s][info][gc             ] GC(199) Concurrent Mark Cycle
[80.655s][info][gc,cpu         ] GC(198) User=1.03s Sys=0.00s Real=0.03s
[80.655s][info][gc,marking     ] GC(199) Concurrent Scan Root Regions
[80.661s][info][gc,marking     ] GC(199) Concurrent Scan Root Regions 6.301ms
[80.661s][info][gc,marking     ] GC(199) Concurrent Mark
[80.661s][info][gc,marking     ] GC(199) Concurrent Mark From Roots
[80.661s][info][gc,task        ] GC(199) Using 8 workers of 8 for marking
[80.692s][info][gc,marking     ] GC(199) Concurrent Mark From Roots 31.046ms
[80.693s][info][gc,marking     ] GC(199) Concurrent Preclean
[80.693s][info][gc,marking     ] GC(199) Concurrent Preclean 0.149ms
[80.693s][info][gc,start       ] GC(199) Pause Remark
[80.696s][info][gc             ] GC(199) Pause Remark 663M->360M(1248M) 3.169ms
[80.696s][info][gc,cpu         ] GC(199) User=0.52s Sys=0.00s Real=0.02s
[80.696s][info][gc,marking     ] GC(199) Concurrent Mark 34.899ms
[80.696s][info][gc,marking     ] GC(199) Concurrent Rebuild Remembered Sets and Scrub Regions
[80.718s][info][gc,marking     ] GC(199) Concurrent Rebuild Remembered Sets and Scrub Regions 21.592ms
[80.718s][info][gc,start       ] GC(199) Pause Cleanup
[80.718s][info][gc             ] GC(199) Pause Cleanup 382M->382M(1248M) 0.292ms
[80.718s][info][gc,cpu         ] GC(199) User=0.00s Sys=0.00s Real=0.00s
[80.719s][info][gc,marking     ] GC(199) Concurrent Clear Claimed Marks
[80.719s][info][gc,marking     ] GC(199) Concurrent Clear Claimed Marks 0.089ms
[80.719s][info][gc,marking     ] GC(199) Concurrent Cleanup for Next Mark
[80.719s][info][gc,marking     ] GC(199) Concurrent Cleanup for Next Mark 0.842ms
[80.720s][info][gc             ] GC(199) Concurrent Mark Cycle 64.526ms
[81.138s][info][gc,start       ] GC(200) Pause Young (Prepare Mixed) (G1 Evacuation Pause)
[81.138s][info][gc,task        ] GC(200) Using 31 workers of 33 for evacuation
[81.182s][info][gc,phases      ] GC(200)   Pre Evacuate Collection Set: 0.3ms
[81.182s][info][gc,phases      ] GC(200)   Merge Heap Roots: 0.7ms
[81.182s][info][gc,phases      ] GC(200)   Evacuate Collection Set: 41.6ms
[81.182s][info][gc,phases      ] GC(200)   Post Evacuate Collection Set: 0.7ms
[81.182s][info][gc,phases      ] GC(200)   Other: 0.2ms
[81.182s][info][gc,heap        ] GC(200) Eden regions: 278->0(307)
[81.182s][info][gc,heap        ] GC(200) Survivor regions: 9->36(36)
[81.182s][info][gc,heap        ] GC(200) Old regions: 147->149
[81.182s][info][gc,heap        ] GC(200) Archive regions: 0->0
[81.182s][info][gc,heap        ] GC(200) Humongous regions: 177->54
[81.182s][info][gc,metaspace   ] GC(200) Metaspace: 67140K(68160K)->67140K(68160K) NonClass: 58720K(59264K)->58720K(59264K) Class: 8419K(8896K)->8419K(8896K)
[81.182s][info][gc             ] GC(200) Pause Young (Prepare Mixed) (G1 Evacuation Pause) 1208M->464M(1298M) 43.790ms
[81.182s][info][gc,cpu         ] GC(200) User=0.95s Sys=0.02s Real=0.04s
[81.388s][info][gc,start       ] GC(201) Pause Full (System.gc())
[81.388s][info][gc,task        ] GC(201) Using 31 workers of 33 for full compaction
[81.390s][info][gc,phases,start] GC(201) Phase 1: Mark live objects
[81.418s][info][gc,phases      ] GC(201) Phase 1: Mark live objects 28.052ms
[81.418s][info][gc,phases,start] GC(201) Phase 2: Prepare compaction
[81.424s][info][gc,phases      ] GC(201) Phase 2: Prepare compaction 5.753ms
[81.424s][info][gc,phases,start] GC(201) Phase 3: Adjust pointers
[81.436s][info][gc,phases      ] GC(201) Phase 3: Adjust pointers 11.986ms
[81.436s][info][gc,phases,start] GC(201) Phase 4: Compact heap
[81.437s][info][gc,phases      ] GC(201) Phase 4: Compact heap 1.228ms
[81.450s][info][gc,heap        ] GC(201) Eden regions: 171->0(155)
[81.450s][info][gc,heap        ] GC(201) Survivor regions: 36->0(36)
[81.450s][info][gc,heap        ] GC(201) Old regions: 149->87
[81.450s][info][gc,heap        ] GC(201) Archive regions: 0->0
[81.450s][info][gc,heap        ] GC(201) Humongous regions: 56->3
[81.450s][info][gc,metaspace   ] GC(201) Metaspace: 67140K(68160K)->67140K(68160K) NonClass: 58720K(59264K)->58720K(59264K) Class: 8419K(8896K)->8419K(8896K)
[81.450s][info][gc             ] GC(201) Pause Full (System.gc()) 810M->148M(600M) 61.971ms
[81.450s][info][gc,cpu         ] GC(201) User=0.89s Sys=0.03s Real=0.06s
[81.486s][info][gc,start       ] GC(202) Pause Young (Concurrent Start) (G1 Humongous Allocation)
[81.486s][info][gc,task        ] GC(202) Using 22 workers of 33 for evacuation
[81.488s][info][gc,phases      ] GC(202)   Pre Evacuate Collection Set: 0.4ms
[81.488s][info][gc,phases      ] GC(202)   Merge Heap Roots: 0.1ms
[81.488s][info][gc,phases      ] GC(202)   Evacuate Collection Set: 1.3ms
[81.488s][info][gc,phases      ] GC(202)   Post Evacuate Collection Set: 0.6ms
[81.488s][info][gc,phases      ] GC(202)   Other: 0.2ms
[81.488s][info][gc,heap        ] GC(202) Eden regions: 11->0(160)
[81.489s][info][gc,heap        ] GC(202) Survivor regions: 0->5(20)
[81.489s][info][gc,heap        ] GC(202) Old regions: 87->87
[81.489s][info][gc,heap        ] GC(202) Archive regions: 0->0
[81.489s][info][gc,heap        ] GC(202) Humongous regions: 3->3
[81.489s][info][gc,metaspace   ] GC(202) Metaspace: 67141K(68160K)->67141K(68160K) NonClass: 58722K(59264K)->58722K(59264K) Class: 8419K(8896K)->8419K(8896K)
[81.489s][info][gc             ] GC(202) Pause Young (Concurrent Start) (G1 Humongous Allocation) 168M->157M(600M) 3.067ms
[81.489s][info][gc             ] GC(203) Concurrent Mark Cycle
[81.489s][info][gc,cpu         ] GC(202) User=0.00s Sys=0.00s Real=0.00s
[81.489s][info][gc,marking     ] GC(203) Concurrent Scan Root Regions
[81.490s][info][gc,marking     ] GC(203) Concurrent Scan Root Regions 1.292ms
[81.490s][info][gc,marking     ] GC(203) Concurrent Mark
[81.490s][info][gc,marking     ] GC(203) Concurrent Mark From Roots
[81.490s][info][gc,task        ] GC(203) Using 8 workers of 8 for marking
[81.533s][info][gc,marking     ] GC(203) Concurrent Mark From Roots 42.834ms
[81.533s][info][gc,marking     ] GC(203) Concurrent Preclean
[81.533s][info][gc,marking     ] GC(203) Concurrent Preclean 0.172ms
[81.534s][info][gc,start       ] GC(203) Pause Remark
[81.536s][info][gc             ] GC(203) Pause Remark 187M->187M(600M) 2.280ms
[81.536s][info][gc,cpu         ] GC(203) User=0.00s Sys=0.00s Real=0.00s
[81.536s][info][gc,marking     ] GC(203) Concurrent Mark 45.704ms
[81.536s][info][gc,marking     ] GC(203) Concurrent Rebuild Remembered Sets and Scrub Regions
[81.550s][info][gc,marking     ] GC(203) Concurrent Rebuild Remembered Sets and Scrub Regions 13.677ms
[81.556s][info][gc,start       ] GC(203) Pause Cleanup
[81.556s][info][gc             ] GC(203) Pause Cleanup 209M->209M(600M) 0.169ms
[81.556s][info][gc,cpu         ] GC(203) User=0.00s Sys=0.00s Real=0.00s
[81.556s][info][gc,marking     ] GC(203) Concurrent Clear Claimed Marks
[81.556s][info][gc,marking     ] GC(203) Concurrent Clear Claimed Marks 0.122ms
[81.556s][info][gc,marking     ] GC(203) Concurrent Cleanup for Next Mark
[81.557s][info][gc,marking     ] GC(203) Concurrent Cleanup for Next Mark 0.406ms
[81.557s][info][gc             ] GC(203) Concurrent Mark Cycle 68.082ms
[81.692s][info][gc,start       ] GC(204) Pause Young (Prepare Mixed) (G1 Evacuation Pause)
[81.692s][info][gc,task        ] GC(204) Using 18 workers of 33 for evacuation
[81.719s][info][gc,phases      ] GC(204)   Pre Evacuate Collection Set: 0.2ms
[81.719s][info][gc,phases      ] GC(204)   Merge Heap Roots: 0.2ms
[81.719s][info][gc,phases      ] GC(204)   Evacuate Collection Set: 26.3ms
[81.719s][info][gc,phases      ] GC(204)   Post Evacuate Collection Set: 0.5ms
[81.719s][info][gc,phases      ] GC(204)   Other: 0.1ms
[81.719s][info][gc,heap        ] GC(204) Eden regions: 160->0(114)
[81.719s][info][gc,heap        ] GC(204) Survivor regions: 5->21(21)
[81.719s][info][gc,heap        ] GC(204) Old regions: 87->107
[81.719s][info][gc,heap        ] GC(204) Archive regions: 0->0
[81.719s][info][gc,heap        ] GC(204) Humongous regions: 18->15
[81.719s][info][gc,metaspace   ] GC(204) Metaspace: 67144K(68160K)->67144K(68160K) NonClass: 58725K(59264K)->58725K(59264K) Class: 8419K(8896K)->8419K(8896K)
[81.719s][info][gc             ] GC(204) Pause Young (Prepare Mixed) (G1 Evacuation Pause) 507M->254M(622M) 27.525ms
[81.719s][info][gc,cpu         ] GC(204) User=0.52s Sys=0.05s Real=0.03s
[81.836s][info][gc,start       ] GC(205) Pause Young (Mixed) (G1 Evacuation Pause)
[81.836s][info][gc,task        ] GC(205) Using 16 workers of 33 for evacuation
[81.871s][info][gc,phases      ] GC(205)   Pre Evacuate Collection Set: 0.2ms
[81.871s][info][gc,phases      ] GC(205)   Merge Heap Roots: 0.4ms
[81.871s][info][gc,phases      ] GC(205)   Evacuate Collection Set: 31.0ms
[81.871s][info][gc,phases      ] GC(205)   Post Evacuate Collection Set: 2.5ms
[81.871s][info][gc,phases      ] GC(205)   Other: 0.1ms
[81.871s][info][gc,heap        ] GC(205) Eden regions: 114->0(368)
[81.871s][info][gc,heap        ] GC(205) Survivor regions: 21->15(17)
[81.871s][info][gc,heap        ] GC(205) Old regions: 107->127
[81.871s][info][gc,heap        ] GC(205) Archive regions: 0->0
[81.871s][info][gc,heap        ] GC(205) Humongous regions: 27->27
[81.871s][info][gc,metaspace   ] GC(205) Metaspace: 67144K(68160K)->67144K(68160K) NonClass: 58725K(59264K)->58725K(59264K) Class: 8419K(8896K)->8419K(8896K)
[81.871s][info][gc             ] GC(205) Pause Young (Mixed) (G1 Evacuation Pause) 506M->312M(1298M) 34.464ms
[81.871s][info][gc,cpu         ] GC(205) User=0.50s Sys=0.00s Real=0.02s
[82.011s][info][gc,start       ] GC(206) Pause Young (Concurrent Start) (G1 Humongous Allocation)
[82.011s][info][gc,task        ] GC(206) Using 31 workers of 33 for evacuation
[82.034s][info][gc,phases      ] GC(206)   Pre Evacuate Collection Set: 0.4ms
[82.035s][info][gc,phases      ] GC(206)   Merge Heap Roots: 0.2ms
[82.035s][info][gc,phases      ] GC(206)   Evacuate Collection Set: 22.3ms
[82.035s][info][gc,phases      ] GC(206)   Post Evacuate Collection Set: 0.6ms
[82.035s][info][gc,phases      ] GC(206)   Other: 0.1ms
[82.035s][info][gc,heap        ] GC(206) Eden regions: 112->0(364)
[82.035s][info][gc,heap        ] GC(206) Survivor regions: 15->25(48)
[82.035s][info][gc,heap        ] GC(206) Old regions: 127->127
[82.035s][info][gc,heap        ] GC(206) Archive regions: 0->0
[82.035s][info][gc,heap        ] GC(206) Humongous regions: 27->27
[82.035s][info][gc,metaspace   ] GC(206) Metaspace: 67144K(68160K)->67144K(68160K) NonClass: 58725K(59264K)->58725K(59264K) Class: 8419K(8896K)->8419K(8896K)
[82.035s][info][gc             ] GC(206) Pause Young (Concurrent Start) (G1 Humongous Allocation) 536M->331M(1298M) 23.777ms
[82.035s][info][gc             ] GC(207) Concurrent Mark Cycle
[82.035s][info][gc,cpu         ] GC(206) User=0.38s Sys=0.28s Real=0.03s
[82.035s][info][gc,marking     ] GC(207) Concurrent Scan Root Regions
[82.040s][info][gc,marking     ] GC(207) Concurrent Scan Root Regions 5.469ms
[82.040s][info][gc,marking     ] GC(207) Concurrent Mark
[82.040s][info][gc,marking     ] GC(207) Concurrent Mark From Roots
[82.040s][info][gc,task        ] GC(207) Using 8 workers of 8 for marking
[82.093s][info][gc,marking     ] GC(207) Concurrent Mark From Roots 53.049ms
[82.093s][info][gc,marking     ] GC(207) Concurrent Preclean
[82.094s][info][gc,marking     ] GC(207) Concurrent Preclean 0.138ms
[82.094s][info][gc,start       ] GC(207) Pause Remark
[82.096s][info][gc             ] GC(207) Pause Remark 439M->423M(1298M) 2.631ms
[82.096s][info][gc,cpu         ] GC(207) User=0.00s Sys=0.00s Real=0.00s
[82.096s][info][gc,marking     ] GC(207) Concurrent Mark 56.177ms
[82.097s][info][gc,marking     ] GC(207) Concurrent Rebuild Remembered Sets and Scrub Regions
[82.138s][info][gc,marking     ] GC(207) Concurrent Rebuild Remembered Sets and Scrub Regions 41.390ms
[82.138s][info][gc,start       ] GC(207) Pause Cleanup
[82.138s][info][gc             ] GC(207) Pause Cleanup 501M->501M(1298M) 0.250ms
[82.138s][info][gc,cpu         ] GC(207) User=0.00s Sys=0.00s Real=0.00s
[82.138s][info][gc,marking     ] GC(207) Concurrent Clear Claimed Marks
[82.139s][info][gc,marking     ] GC(207) Concurrent Clear Claimed Marks 0.119ms
[82.139s][info][gc,marking     ] GC(207) Concurrent Cleanup for Next Mark
[82.142s][info][gc,marking     ] GC(207) Concurrent Cleanup for Next Mark 2.959ms
[82.142s][info][gc             ] GC(207) Concurrent Mark Cycle 106.871ms
[82.457s][info][gc,start       ] GC(208) Pause Young (Prepare Mixed) (G1 Evacuation Pause)
[82.457s][info][gc,task        ] GC(208) Using 31 workers of 33 for evacuation
[82.492s][info][gc,phases      ] GC(208)   Pre Evacuate Collection Set: 0.3ms
[82.493s][info][gc,phases      ] GC(208)   Merge Heap Roots: 0.9ms
[82.493s][info][gc,phases      ] GC(208)   Evacuate Collection Set: 33.3ms
[82.493s][info][gc,phases      ] GC(208)   Post Evacuate Collection Set: 0.7ms
[82.493s][info][gc,phases      ] GC(208)   Other: 0.2ms
[82.493s][info][gc,heap        ] GC(208) Eden regions: 364->0(343)
[82.493s][info][gc,heap        ] GC(208) Survivor regions: 25->46(49)
[82.493s][info][gc,heap        ] GC(208) Old regions: 127->127
[82.493s][info][gc,heap        ] GC(208) Archive regions: 0->0
[82.493s][info][gc,heap        ] GC(208) Humongous regions: 31->31
[82.493s][info][gc,metaspace   ] GC(208) Metaspace: 67144K(68160K)->67144K(68160K) NonClass: 58725K(59264K)->58725K(59264K) Class: 8419K(8896K)->8419K(8896K)
[82.493s][info][gc             ] GC(208) Pause Young (Prepare Mixed) (G1 Evacuation Pause) 1067M->383M(1298M) 35.701ms
[82.493s][info][gc,cpu         ] GC(208) User=0.97s Sys=0.00s Real=0.03s
[83.555s][info][gc,start       ] GC(209) Pause Young (Mixed) (G1 Evacuation Pause)
[83.555s][info][gc,task        ] GC(209) Using 31 workers of 33 for evacuation
[83.636s][info][gc,phases      ] GC(209)   Pre Evacuate Collection Set: 0.3ms
[83.636s][info][gc,phases      ] GC(209)   Merge Heap Roots: 0.8ms
[83.636s][info][gc,phases      ] GC(209)   Evacuate Collection Set: 79.1ms
[83.636s][info][gc,phases      ] GC(209)   Post Evacuate Collection Set: 0.8ms
[83.636s][info][gc,phases      ] GC(209)   Other: 0.2ms
[83.636s][info][gc,heap        ] GC(209) Eden regions: 343->0(292)
[83.636s][info][gc,heap        ] GC(209) Survivor regions: 46->49(49)
[83.636s][info][gc,heap        ] GC(209) Old regions: 127->173
[83.636s][info][gc,heap        ] GC(209) Archive regions: 0->0
[83.636s][info][gc,heap        ] GC(209) Humongous regions: 66->63
[83.636s][info][gc,metaspace   ] GC(209) Metaspace: 67149K(68160K)->67149K(68160K) NonClass: 58729K(59264K)->58729K(59264K) Class: 8419K(8896K)->8419K(8896K)
[83.636s][info][gc             ] GC(209) Pause Young (Mixed) (G1 Evacuation Pause) 1139M->555M(1364M) 81.489ms
[83.637s][info][gc,cpu         ] GC(209) User=2.09s Sys=0.34s Real=0.09s
[83.675s][info][gc,start       ] GC(210) Pause Young (Concurrent Start) (G1 Humongous Allocation)
[83.675s][info][gc,task        ] GC(210) Using 32 workers of 33 for evacuation
[83.709s][info][gc,phases      ] GC(210)   Pre Evacuate Collection Set: 0.4ms
[83.709s][info][gc,phases      ] GC(210)   Merge Heap Roots: 0.4ms
[83.709s][info][gc,phases      ] GC(210)   Evacuate Collection Set: 32.0ms
[83.709s][info][gc,phases      ] GC(210)   Post Evacuate Collection Set: 0.5ms
[83.709s][info][gc,phases      ] GC(210)   Other: 0.1ms
[83.709s][info][gc,heap        ] GC(210) Eden regions: 51->0(281)
[83.709s][info][gc,heap        ] GC(210) Survivor regions: 49->11(43)
[83.709s][info][gc,heap        ] GC(210) Old regions: 173->227
[83.709s][info][gc,heap        ] GC(210) Archive regions: 0->0
[83.709s][info][gc,heap        ] GC(210) Humongous regions: 63->63
[83.709s][info][gc,metaspace   ] GC(210) Metaspace: 67149K(68160K)->67149K(68160K) NonClass: 58729K(59264K)->58729K(59264K) Class: 8419K(8896K)->8419K(8896K)
[83.709s][info][gc             ] GC(210) Pause Young (Concurrent Start) (G1 Humongous Allocation) 656M->586M(1364M) 33.716ms
[83.709s][info][gc             ] GC(211) Concurrent Mark Cycle
[83.709s][info][gc,cpu         ] GC(210) User=1.00s Sys=0.00s Real=0.04s
[83.709s][info][gc,marking     ] GC(211) Concurrent Scan Root Regions
[83.722s][info][gc,marking     ] GC(211) Concurrent Scan Root Regions 12.426ms
[83.722s][info][gc,marking     ] GC(211) Concurrent Mark
[83.722s][info][gc,marking     ] GC(211) Concurrent Mark From Roots
[83.722s][info][gc,task        ] GC(211) Using 8 workers of 8 for marking
[83.769s][info][gc,marking     ] GC(211) Concurrent Mark From Roots 46.924ms
[83.769s][info][gc,marking     ] GC(211) Concurrent Preclean
[83.769s][info][gc,marking     ] GC(211) Concurrent Preclean 0.113ms
[83.769s][info][gc,start       ] GC(211) Pause Remark
[83.772s][info][gc             ] GC(211) Pause Remark 700M->508M(1364M) 2.771ms
[83.772s][info][gc,cpu         ] GC(211) User=0.00s Sys=0.00s Real=0.00s
[83.772s][info][gc,marking     ] GC(211) Concurrent Mark 50.152ms
[83.772s][info][gc,marking     ] GC(211) Concurrent Rebuild Remembered Sets and Scrub Regions
[83.818s][info][gc,marking     ] GC(211) Concurrent Rebuild Remembered Sets and Scrub Regions 46.140ms
[83.818s][info][gc,start       ] GC(211) Pause Cleanup
[83.819s][info][gc             ] GC(211) Pause Cleanup 583M->583M(1364M) 0.507ms
[83.819s][info][gc,cpu         ] GC(211) User=0.00s Sys=0.00s Real=0.00s
[83.819s][info][gc,marking     ] GC(211) Concurrent Clear Claimed Marks
[83.819s][info][gc,marking     ] GC(211) Concurrent Clear Claimed Marks 0.126ms
[83.819s][info][gc,marking     ] GC(211) Concurrent Cleanup for Next Mark
[83.820s][info][gc,marking     ] GC(211) Concurrent Cleanup for Next Mark 1.050ms
[83.820s][info][gc             ] GC(211) Concurrent Mark Cycle 111.112ms
[84.038s][info][gc,start       ] GC(212) Pause Young (Prepare Mixed) (G1 Evacuation Pause)
[84.038s][info][gc,task        ] GC(212) Using 32 workers of 33 for evacuation
[84.072s][info][gc,phases      ] GC(212)   Pre Evacuate Collection Set: 0.3ms
[84.072s][info][gc,phases      ] GC(212)   Merge Heap Roots: 0.9ms
[84.072s][info][gc,phases      ] GC(212)   Evacuate Collection Set: 32.5ms
[84.072s][info][gc,phases      ] GC(212)   Post Evacuate Collection Set: 0.7ms
[84.072s][info][gc,phases      ] GC(212)   Other: 0.2ms
[84.072s][info][gc,heap        ] GC(212) Eden regions: 281->0(326)
[84.072s][info][gc,heap        ] GC(212) Survivor regions: 11->34(37)
[84.072s][info][gc,heap        ] GC(212) Old regions: 183->183
[84.072s][info][gc,heap        ] GC(212) Archive regions: 0->0
[84.072s][info][gc,heap        ] GC(212) Humongous regions: 35->35
[84.072s][info][gc,metaspace   ] GC(212) Metaspace: 67149K(68160K)->67149K(68160K) NonClass: 58729K(59264K)->58729K(59264K) Class: 8419K(8896K)->8419K(8896K)
[84.072s][info][gc             ] GC(212) Pause Young (Prepare Mixed) (G1 Evacuation Pause) 1004M->489M(1364M) 34.847ms
[84.073s][info][gc,cpu         ] GC(212) User=1.00s Sys=0.00s Real=0.04s
[84.871s][info][gc,start       ] GC(213) Pause Young (Mixed) (G1 Evacuation Pause)
[84.871s][info][gc,task        ] GC(213) Using 32 workers of 33 for evacuation
[84.922s][info][gc,phases      ] GC(213)   Pre Evacuate Collection Set: 0.2ms
[84.923s][info][gc,phases      ] GC(213)   Merge Heap Roots: 0.5ms
[84.923s][info][gc,phases      ] GC(213)   Evacuate Collection Set: 48.3ms
[84.923s][info][gc,phases      ] GC(213)   Post Evacuate Collection Set: 2.4ms
[84.923s][info][gc,phases      ] GC(213)   Other: 0.1ms
[84.923s][info][gc,heap        ] GC(213) Eden regions: 326->0(539)
[84.923s][info][gc,heap        ] GC(213) Survivor regions: 34->23(45)
[84.923s][info][gc,heap        ] GC(213) Old regions: 183->207
[84.923s][info][gc,heap        ] GC(213) Archive regions: 0->0
[84.923s][info][gc,heap        ] GC(213) Humongous regions: 43->43
[84.923s][info][gc,metaspace   ] GC(213) Metaspace: 67149K(68160K)->67149K(68160K) NonClass: 58729K(59264K)->58729K(59264K) Class: 8419K(8896K)->8419K(8896K)
[84.923s][info][gc             ] GC(213) Pause Young (Mixed) (G1 Evacuation Pause) 1157M->530M(1912M) 51.787ms
[84.923s][info][gc,cpu         ] GC(213) User=1.50s Sys=0.00s Real=0.05s
[85.024s][info][gc,start       ] GC(214) Pause Young (Concurrent Start) (G1 Humongous Allocation)
[85.024s][info][gc,task        ] GC(214) Using 33 workers of 33 for evacuation
[85.052s][info][gc,phases      ] GC(214)   Pre Evacuate Collection Set: 0.5ms
[85.052s][info][gc,phases      ] GC(214)   Merge Heap Roots: 0.3ms
[85.052s][info][gc,phases      ] GC(214)   Evacuate Collection Set: 26.5ms
[85.052s][info][gc,phases      ] GC(214)   Post Evacuate Collection Set: 0.7ms
[85.052s][info][gc,phases      ] GC(214)   Other: 0.1ms
[85.052s][info][gc,heap        ] GC(214) Eden regions: 16->0(551)
[85.052s][info][gc,heap        ] GC(214) Survivor regions: 23->22(71)
[85.052s][info][gc,heap        ] GC(214) Old regions: 207->207
[85.052s][info][gc,heap        ] GC(214) Archive regions: 0->0
[85.052s][info][gc,heap        ] GC(214) Humongous regions: 43->43
[85.052s][info][gc,metaspace   ] GC(214) Metaspace: 67149K(68160K)->67149K(68160K) NonClass: 58730K(59264K)->58730K(59264K) Class: 8419K(8896K)->8419K(8896K)
[85.052s][info][gc             ] GC(214) Pause Young (Concurrent Start) (G1 Humongous Allocation) 562M->527M(1912M) 28.523ms
[85.052s][info][gc             ] GC(215) Concurrent Mark Cycle
[85.052s][info][gc,cpu         ] GC(214) User=0.66s Sys=0.36s Real=0.03s
[85.052s][info][gc,marking     ] GC(215) Concurrent Scan Root Regions
[85.057s][info][gc,marking     ] GC(215) Concurrent Scan Root Regions 4.996ms
[85.057s][info][gc,marking     ] GC(215) Concurrent Mark
[85.057s][info][gc,marking     ] GC(215) Concurrent Mark From Roots
[85.057s][info][gc,task        ] GC(215) Using 8 workers of 8 for marking
[85.087s][info][gc,marking     ] GC(215) Concurrent Mark From Roots 29.933ms
[85.087s][info][gc,marking     ] GC(215) Concurrent Preclean
[85.087s][info][gc,marking     ] GC(215) Concurrent Preclean 0.217ms
[85.088s][info][gc,start       ] GC(215) Pause Remark
[85.091s][info][gc             ] GC(215) Pause Remark 550M->297M(1048M) 3.264ms
[85.091s][info][gc,cpu         ] GC(215) User=0.52s Sys=0.00s Real=0.00s
[85.091s][info][gc,marking     ] GC(215) Concurrent Mark 33.781ms
[85.091s][info][gc,marking     ] GC(215) Concurrent Rebuild Remembered Sets and Scrub Regions
[85.105s][info][gc,marking     ] GC(215) Concurrent Rebuild Remembered Sets and Scrub Regions 13.713ms
[85.105s][info][gc,start       ] GC(215) Pause Cleanup
[85.105s][info][gc             ] GC(215) Pause Cleanup 324M->324M(1048M) 0.235ms
[85.105s][info][gc,cpu         ] GC(215) User=0.00s Sys=0.00s Real=0.00s
[85.105s][info][gc,marking     ] GC(215) Concurrent Clear Claimed Marks
[85.105s][info][gc,marking     ] GC(215) Concurrent Clear Claimed Marks 0.087ms
[85.105s][info][gc,marking     ] GC(215) Concurrent Cleanup for Next Mark
[85.106s][info][gc,marking     ] GC(215) Concurrent Cleanup for Next Mark 0.713ms
[85.106s][info][gc             ] GC(215) Concurrent Mark Cycle 53.973ms
[85.704s][info][gc,start       ] GC(216) Pause Young (Prepare Mixed) (G1 Evacuation Pause)
[85.704s][info][gc,task        ] GC(216) Using 29 workers of 33 for evacuation
[85.747s][info][gc,phases      ] GC(216)   Pre Evacuate Collection Set: 0.3ms
[85.747s][info][gc,phases      ] GC(216)   Merge Heap Roots: 1.0ms
[85.747s][info][gc,phases      ] GC(216)   Evacuate Collection Set: 40.4ms
[85.747s][info][gc,phases      ] GC(216)   Post Evacuate Collection Set: 0.7ms
[85.747s][info][gc,phases      ] GC(216)   Other: 0.2ms
[85.747s][info][gc,heap        ] GC(216) Eden regions: 292->0(250)
[85.747s][info][gc,heap        ] GC(216) Survivor regions: 22->40(40)
[85.747s][info][gc,heap        ] GC(216) Old regions: 120->122
[85.747s][info][gc,heap        ] GC(216) Archive regions: 0->0
[85.747s][info][gc,heap        ] GC(216) Humongous regions: 48->39
[85.747s][info][gc,metaspace   ] GC(216) Metaspace: 67179K(68224K)->67179K(68224K) NonClass: 58759K(59328K)->58759K(59328K) Class: 8420K(8896K)->8420K(8896K)
[85.747s][info][gc             ] GC(216) Pause Young (Prepare Mixed) (G1 Evacuation Pause) 948M->386M(1048M) 42.984ms
[85.747s][info][gc,cpu         ] GC(216) User=1.36s Sys=0.00s Real=0.04s
[86.273s][info][gc,start       ] GC(217) Pause Young (Mixed) (G1 Evacuation Pause)
[86.273s][info][gc,task        ] GC(217) Using 27 workers of 33 for evacuation
[86.311s][info][gc,phases      ] GC(217)   Pre Evacuate Collection Set: 0.3ms
[86.311s][info][gc,phases      ] GC(217)   Merge Heap Roots: 0.4ms
[86.311s][info][gc,phases      ] GC(217)   Evacuate Collection Set: 36.2ms
[86.311s][info][gc,phases      ] GC(217)   Post Evacuate Collection Set: 0.7ms
[86.311s][info][gc,phases      ] GC(217)   Other: 0.2ms
[86.311s][info][gc,heap        ] GC(217) Eden regions: 250->0(247)
[86.311s][info][gc,heap        ] GC(217) Survivor regions: 40->26(37)
[86.311s][info][gc,heap        ] GC(217) Old regions: 122->138
[86.311s][info][gc,heap        ] GC(217) Archive regions: 0->0
[86.311s][info][gc,heap        ] GC(217) Humongous regions: 45->42
[86.311s][info][gc,metaspace   ] GC(217) Metaspace: 67185K(68224K)->67185K(68224K) NonClass: 58765K(59328K)->58765K(59328K) Class: 8420K(8896K)->8420K(8896K)
[86.311s][info][gc             ] GC(217) Pause Young (Mixed) (G1 Evacuation Pause) 898M->396M(1048M) 37.986ms
[86.311s][info][gc,cpu         ] GC(217) User=1.27s Sys=0.00s Real=0.04s
[86.314s][info][gc,start       ] GC(218) Pause Young (Concurrent Start) (G1 Humongous Allocation)
[86.314s][info][gc,task        ] GC(218) Using 26 workers of 33 for evacuation
[86.322s][info][gc,phases      ] GC(218)   Pre Evacuate Collection Set: 0.3ms
[86.322s][info][gc,phases      ] GC(218)   Merge Heap Roots: 0.1ms
[86.322s][info][gc,phases      ] GC(218)   Evacuate Collection Set: 7.5ms
[86.322s][info][gc,phases      ] GC(218)   Post Evacuate Collection Set: 0.4ms
[86.322s][info][gc,phases      ] GC(218)   Other: 0.1ms
[86.322s][info][gc,heap        ] GC(218) Eden regions: 4->0(235)
[86.322s][info][gc,heap        ] GC(218) Survivor regions: 26->5(35)
[86.322s][info][gc,heap        ] GC(218) Old regions: 138->163
[86.322s][info][gc,heap        ] GC(218) Archive regions: 0->0
[86.322s][info][gc,heap        ] GC(218) Humongous regions: 42->42
[86.322s][info][gc,metaspace   ] GC(218) Metaspace: 67185K(68224K)->67185K(68224K) NonClass: 58765K(59328K)->58765K(59328K) Class: 8420K(8896K)->8420K(8896K)
[86.322s][info][gc             ] GC(218) Pause Young (Concurrent Start) (G1 Humongous Allocation) 404M->405M(1048M) 8.579ms
[86.322s][info][gc             ] GC(219) Concurrent Mark Cycle
[86.322s][info][gc,cpu         ] GC(218) User=0.00s Sys=0.00s Real=0.01s
[86.322s][info][gc,marking     ] GC(219) Concurrent Scan Root Regions
[86.326s][info][gc,marking     ] GC(219) Concurrent Scan Root Regions 4.019ms
[86.326s][info][gc,marking     ] GC(219) Concurrent Mark
[86.326s][info][gc,marking     ] GC(219) Concurrent Mark From Roots
[86.326s][info][gc,task        ] GC(219) Using 8 workers of 8 for marking
[86.355s][info][gc,marking     ] GC(219) Concurrent Mark From Roots 28.952ms
[86.355s][info][gc,marking     ] GC(219) Concurrent Preclean
[86.356s][info][gc,marking     ] GC(219) Concurrent Preclean 0.122ms
[86.356s][info][gc,start       ] GC(219) Pause Remark
[86.358s][info][gc             ] GC(219) Pause Remark 491M->361M(1048M) 2.462ms
[86.358s][info][gc,cpu         ] GC(219) User=0.00s Sys=0.00s Real=0.00s
[86.358s][info][gc,marking     ] GC(219) Concurrent Mark 31.885ms
[86.358s][info][gc,marking     ] GC(219) Concurrent Rebuild Remembered Sets and Scrub Regions
[86.376s][info][gc,marking     ] GC(219) Concurrent Rebuild Remembered Sets and Scrub Regions 17.545ms
[86.376s][info][gc,start       ] GC(219) Pause Cleanup
[86.376s][info][gc             ] GC(219) Pause Cleanup 395M->395M(1048M) 0.254ms
[86.376s][info][gc,cpu         ] GC(219) User=0.00s Sys=0.00s Real=0.00s
[86.376s][info][gc,marking     ] GC(219) Concurrent Clear Claimed Marks
[86.376s][info][gc,marking     ] GC(219) Concurrent Clear Claimed Marks 0.095ms
[86.377s][info][gc,marking     ] GC(219) Concurrent Cleanup for Next Mark
[86.377s][info][gc,marking     ] GC(219) Concurrent Cleanup for Next Mark 0.723ms
[86.377s][info][gc             ] GC(219) Concurrent Mark Cycle 54.944ms
[86.896s][info][gc,start       ] GC(220) Pause Young (Prepare Mixed) (G1 Evacuation Pause)
[86.896s][info][gc,task        ] GC(220) Using 25 workers of 33 for evacuation
[86.936s][info][gc,phases      ] GC(220)   Pre Evacuate Collection Set: 0.3ms
[86.936s][info][gc,phases      ] GC(220)   Merge Heap Roots: 0.4ms
[86.936s][info][gc,phases      ] GC(220)   Evacuate Collection Set: 39.1ms
[86.936s][info][gc,phases      ] GC(220)   Post Evacuate Collection Set: 0.6ms
[86.936s][info][gc,phases      ] GC(220)   Other: 0.2ms
[86.936s][info][gc,heap        ] GC(220) Eden regions: 235->0(233)
[86.936s][info][gc,heap        ] GC(220) Survivor regions: 5->30(30)
[86.936s][info][gc,heap        ] GC(220) Old regions: 134->137
[86.936s][info][gc,heap        ] GC(220) Archive regions: 0->0
[86.937s][info][gc,heap        ] GC(220) Humongous regions: 145->72
[86.937s][info][gc,metaspace   ] GC(220) Metaspace: 67189K(68224K)->67189K(68224K) NonClass: 58769K(59328K)->58769K(59328K) Class: 8420K(8896K)->8420K(8896K)
[86.937s][info][gc             ] GC(220) Pause Young (Prepare Mixed) (G1 Evacuation Pause) 1022M->463M(1104M) 40.817ms
[86.937s][info][gc,cpu         ] GC(220) User=1.14s Sys=0.03s Real=0.04s
[87.263s][info][gc,start       ] GC(221) Pause Young (Mixed) (G1 Evacuation Pause)
[87.263s][info][gc,task        ] GC(221) Using 26 workers of 33 for evacuation
[87.305s][info][gc,phases      ] GC(221)   Pre Evacuate Collection Set: 0.3ms
[87.305s][info][gc,phases      ] GC(221)   Merge Heap Roots: 0.5ms
[87.305s][info][gc,phases      ] GC(221)   Evacuate Collection Set: 40.7ms
[87.305s][info][gc,phases      ] GC(221)   Post Evacuate Collection Set: 0.6ms
[87.305s][info][gc,phases      ] GC(221)   Other: 0.2ms
[87.305s][info][gc,heap        ] GC(221) Eden regions: 233->0(227)
[87.305s][info][gc,heap        ] GC(221) Survivor regions: 30->21(33)
[87.305s][info][gc,heap        ] GC(221) Old regions: 137->158
[87.305s][info][gc,heap        ] GC(221) Archive regions: 0->0
[87.305s][info][gc,heap        ] GC(221) Humongous regions: 101->72
[87.305s][info][gc,metaspace   ] GC(221) Metaspace: 67222K(68224K)->67222K(68224K) NonClass: 58802K(59328K)->58802K(59328K) Class: 8420K(8896K)->8420K(8896K)
[87.305s][info][gc             ] GC(221) Pause Young (Mixed) (G1 Evacuation Pause) 987M->486M(1108M) 42.525ms
[87.305s][info][gc,cpu         ] GC(221) User=0.81s Sys=0.00s Real=0.04s
[87.320s][info][gc,start       ] GC(222) Pause Young (Concurrent Start) (G1 Humongous Allocation)
[87.320s][info][gc,task        ] GC(222) Using 26 workers of 33 for evacuation
[87.335s][info][gc,phases      ] GC(222)   Pre Evacuate Collection Set: 0.3ms
[87.335s][info][gc,phases      ] GC(222)   Merge Heap Roots: 0.1ms
[87.335s][info][gc,phases      ] GC(222)   Evacuate Collection Set: 12.2ms
[87.335s][info][gc,phases      ] GC(222)   Post Evacuate Collection Set: 2.0ms
[87.335s][info][gc,phases      ] GC(222)   Other: 0.1ms
[87.335s][info][gc,heap        ] GC(222) Eden regions: 16->0(359)
[87.335s][info][gc,heap        ] GC(222) Survivor regions: 21->1(31)
[87.335s][info][gc,heap        ] GC(222) Old regions: 158->178
[87.335s][info][gc,heap        ] GC(222) Archive regions: 0->0
[87.335s][info][gc,heap        ] GC(222) Humongous regions: 72->72
[87.335s][info][gc,metaspace   ] GC(222) Metaspace: 67222K(68224K)->67222K(68224K) NonClass: 58802K(59328K)->58802K(59328K) Class: 8420K(8896K)->8420K(8896K)
[87.335s][info][gc             ] GC(222) Pause Young (Concurrent Start) (G1 Humongous Allocation) 517M->486M(1406M) 14.919ms
[87.335s][info][gc             ] GC(223) Concurrent Mark Cycle
[87.335s][info][gc,cpu         ] GC(222) User=0.41s Sys=0.00s Real=0.01s
[87.335s][info][gc,marking     ] GC(223) Concurrent Scan Root Regions
[87.338s][info][gc,marking     ] GC(223) Concurrent Scan Root Regions 3.482ms
[87.338s][info][gc,marking     ] GC(223) Concurrent Mark
[87.338s][info][gc,marking     ] GC(223) Concurrent Mark From Roots
[87.338s][info][gc,task        ] GC(223) Using 8 workers of 8 for marking
[87.376s][info][gc,marking     ] GC(223) Concurrent Mark From Roots 37.631ms
[87.376s][info][gc,marking     ] GC(223) Concurrent Preclean
[87.376s][info][gc,marking     ] GC(223) Concurrent Preclean 0.209ms
[87.377s][info][gc,start       ] GC(223) Pause Remark
[87.379s][info][gc             ] GC(223) Pause Remark 533M->369M(1288M) 2.639ms
[87.379s][info][gc,cpu         ] GC(223) User=0.00s Sys=0.00s Real=0.00s
[87.379s][info][gc,marking     ] GC(223) Concurrent Mark 40.853ms
[87.379s][info][gc,marking     ] GC(223) Concurrent Rebuild Remembered Sets and Scrub Regions
[87.404s][info][gc,marking     ] GC(223) Concurrent Rebuild Remembered Sets and Scrub Regions 24.297ms
[87.404s][info][gc,start       ] GC(223) Pause Cleanup
[87.404s][info][gc             ] GC(223) Pause Cleanup 396M->396M(1288M) 0.343ms
[87.404s][info][gc,cpu         ] GC(223) User=0.00s Sys=0.00s Real=0.02s
[87.404s][info][gc,marking     ] GC(223) Concurrent Clear Claimed Marks
[87.404s][info][gc,marking     ] GC(223) Concurrent Clear Claimed Marks 0.092ms
[87.404s][info][gc,marking     ] GC(223) Concurrent Cleanup for Next Mark
[87.406s][info][gc,marking     ] GC(223) Concurrent Cleanup for Next Mark 1.648ms
[87.406s][info][gc             ] GC(223) Concurrent Mark Cycle 71.227ms
[87.520s][info][gc,start       ] GC(224) Pause Full (System.gc())
[87.520s][info][gc,task        ] GC(224) Using 30 workers of 33 for full compaction
[87.522s][info][gc,phases,start] GC(224) Phase 1: Mark live objects
[87.552s][info][gc,phases      ] GC(224) Phase 1: Mark live objects 30.474ms
[87.552s][info][gc,phases,start] GC(224) Phase 2: Prepare compaction
[87.557s][info][gc,phases      ] GC(224) Phase 2: Prepare compaction 5.348ms
[87.557s][info][gc,phases,start] GC(224) Phase 3: Adjust pointers
[87.569s][info][gc,phases      ] GC(224) Phase 3: Adjust pointers 11.477ms
[87.569s][info][gc,phases,start] GC(224) Phase 4: Compact heap
[87.570s][info][gc,phases      ] GC(224) Phase 4: Compact heap 1.085ms
[87.581s][info][gc,heap        ] GC(224) Eden regions: 93->0(166)
[87.581s][info][gc,heap        ] GC(224) Survivor regions: 1->0(31)
[87.581s][info][gc,heap        ] GC(224) Old regions: 161->84
[87.581s][info][gc,heap        ] GC(224) Archive regions: 0->0
[87.581s][info][gc,heap        ] GC(224) Humongous regions: 9->3
[87.581s][info][gc,metaspace   ] GC(224) Metaspace: 67222K(68224K)->67222K(68224K) NonClass: 58802K(59328K)->58802K(59328K) Class: 8420K(8896K)->8420K(8896K)
[87.581s][info][gc             ] GC(224) Pause Full (System.gc()) 512M->148M(580M) 60.876ms
[87.581s][info][gc,cpu         ] GC(224) User=1.36s Sys=0.00s Real=0.07s
[87.613s][info][gc,start       ] GC(225) Pause Young (Concurrent Start) (G1 Humongous Allocation)
[87.613s][info][gc,task        ] GC(225) Using 21 workers of 33 for evacuation
[87.616s][info][gc,phases      ] GC(225)   Pre Evacuate Collection Set: 0.4ms
[87.616s][info][gc,phases      ] GC(225)   Merge Heap Roots: 0.1ms
[87.616s][info][gc,phases      ] GC(225)   Evacuate Collection Set: 1.3ms
[87.616s][info][gc,phases      ] GC(225)   Post Evacuate Collection Set: 0.6ms
[87.616s][info][gc,phases      ] GC(225)   Other: 0.1ms
[87.616s][info][gc,heap        ] GC(225) Eden regions: 10->0(170)
[87.616s][info][gc,heap        ] GC(225) Survivor regions: 0->1(21)
[87.616s][info][gc,heap        ] GC(225) Old regions: 84->84
[87.616s][info][gc,heap        ] GC(225) Archive regions: 0->0
[87.616s][info][gc,heap        ] GC(225) Humongous regions: 3->3
[87.616s][info][gc,metaspace   ] GC(225) Metaspace: 67222K(68224K)->67222K(68224K) NonClass: 58802K(59328K)->58802K(59328K) Class: 8420K(8896K)->8420K(8896K)
[87.616s][info][gc             ] GC(225) Pause Young (Concurrent Start) (G1 Humongous Allocation) 166M->150M(580M) 2.945ms
[87.616s][info][gc             ] GC(226) Concurrent Mark Cycle
[87.616s][info][gc,cpu         ] GC(225) User=0.00s Sys=0.00s Real=0.00s
[87.616s][info][gc,marking     ] GC(226) Concurrent Scan Root Regions
[87.618s][info][gc,marking     ] GC(226) Concurrent Scan Root Regions 1.500ms
[87.618s][info][gc,marking     ] GC(226) Concurrent Mark
[87.618s][info][gc,marking     ] GC(226) Concurrent Mark From Roots
[87.618s][info][gc,task        ] GC(226) Using 8 workers of 8 for marking
[87.662s][info][gc,marking     ] GC(226) Concurrent Mark From Roots 43.851ms
[87.662s][info][gc,marking     ] GC(226) Concurrent Preclean
[87.662s][info][gc,marking     ] GC(226) Concurrent Preclean 0.189ms
[87.662s][info][gc,start       ] GC(226) Pause Remark
[87.664s][info][gc             ] GC(226) Pause Remark 194M->194M(580M) 2.071ms
[87.664s][info][gc,cpu         ] GC(226) User=0.00s Sys=0.00s Real=0.00s
[87.664s][info][gc,marking     ] GC(226) Concurrent Mark 46.544ms
[87.664s][info][gc,marking     ] GC(226) Concurrent Rebuild Remembered Sets and Scrub Regions
[87.678s][info][gc,marking     ] GC(226) Concurrent Rebuild Remembered Sets and Scrub Regions 14.047ms
[87.690s][info][gc,start       ] GC(226) Pause Cleanup
[87.690s][info][gc             ] GC(226) Pause Cleanup 216M->216M(580M) 0.184ms
[87.690s][info][gc,cpu         ] GC(226) User=0.00s Sys=0.00s Real=0.00s
[87.691s][info][gc,marking     ] GC(226) Concurrent Clear Claimed Marks
[87.691s][info][gc,marking     ] GC(226) Concurrent Clear Claimed Marks 0.122ms
[87.691s][info][gc,marking     ] GC(226) Concurrent Cleanup for Next Mark
[87.691s][info][gc,marking     ] GC(226) Concurrent Cleanup for Next Mark 0.379ms
[87.691s][info][gc             ] GC(226) Concurrent Mark Cycle 74.905ms
[87.827s][info][gc,start       ] GC(227) Pause Young (Prepare Mixed) (G1 Evacuation Pause)
[87.838s][info][gc,task        ] GC(227) Using 17 workers of 33 for evacuation
[87.868s][info][gc,phases      ] GC(227)   Pre Evacuate Collection Set: 0.2ms
[87.868s][info][gc,phases      ] GC(227)   Merge Heap Roots: 0.2ms
[87.868s][info][gc,phases      ] GC(227)   Evacuate Collection Set: 28.8ms
[87.868s][info][gc,phases      ] GC(227)   Post Evacuate Collection Set: 0.5ms
[87.868s][info][gc,phases      ] GC(227)   Other: 0.1ms
[87.868s][info][gc,heap        ] GC(227) Eden regions: 170->0(124)
[87.868s][info][gc,heap        ] GC(227) Survivor regions: 1->22(22)
[87.868s][info][gc,heap        ] GC(227) Old regions: 84->104
[87.868s][info][gc,heap        ] GC(227) Archive regions: 0->0
[87.868s][info][gc,heap        ] GC(227) Humongous regions: 18->15
[87.868s][info][gc,metaspace   ] GC(227) Metaspace: 67224K(68224K)->67224K(68224K) NonClass: 58804K(59328K)->58804K(59328K) Class: 8420K(8896K)->8420K(8896K)
[87.868s][info][gc             ] GC(227) Pause Young (Prepare Mixed) (G1 Evacuation Pause) 520M->256M(630M) 41.173ms
[87.868s][info][gc,cpu         ] GC(227) User=0.52s Sys=0.02s Real=0.04s
[88.000s][info][gc,start       ] GC(228) Pause Young (Mixed) (G1 Evacuation Pause)
[88.000s][info][gc,task        ] GC(228) Using 16 workers of 33 for evacuation
[88.034s][info][gc,phases      ] GC(228)   Pre Evacuate Collection Set: 0.2ms
[88.034s][info][gc,phases      ] GC(228)   Merge Heap Roots: 0.4ms
[88.034s][info][gc,phases      ] GC(228)   Evacuate Collection Set: 32.7ms
[88.034s][info][gc,phases      ] GC(228)   Post Evacuate Collection Set: 0.4ms
[88.034s][info][gc,phases      ] GC(228)   Other: 0.1ms
[88.034s][info][gc,heap        ] GC(228) Eden regions: 124->0(109)
[88.034s][info][gc,heap        ] GC(228) Survivor regions: 22->16(19)
[88.034s][info][gc,heap        ] GC(228) Old regions: 104->126
[88.034s][info][gc,heap        ] GC(228) Archive regions: 0->0
[88.034s][info][gc,heap        ] GC(228) Humongous regions: 27->27
[88.034s][info][gc,metaspace   ] GC(228) Metaspace: 67224K(68224K)->67224K(68224K) NonClass: 58804K(59328K)->58804K(59328K) Class: 8420K(8896K)->8420K(8896K)
[88.034s][info][gc             ] GC(228) Pause Young (Mixed) (G1 Evacuation Pause) 528M->317M(636M) 33.971ms
[88.034s][info][gc,cpu         ] GC(228) User=0.50s Sys=0.00s Real=0.03s
[88.119s][info][gc,start       ] GC(229) Pause Young (Concurrent Start) (G1 Humongous Allocation)
[88.119s][info][gc,task        ] GC(229) Using 15 workers of 33 for evacuation
[88.145s][info][gc,phases      ] GC(229)   Pre Evacuate Collection Set: 0.4ms
[88.145s][info][gc,phases      ] GC(229)   Merge Heap Roots: 0.2ms
[88.145s][info][gc,phases      ] GC(229)   Evacuate Collection Set: 24.5ms
[88.145s][info][gc,phases      ] GC(229)   Post Evacuate Collection Set: 0.4ms
[88.145s][info][gc,phases      ] GC(229)   Other: 0.1ms
[88.145s][info][gc,heap        ] GC(229) Eden regions: 89->0(106)
[88.145s][info][gc,heap        ] GC(229) Survivor regions: 16->10(16)
[88.145s][info][gc,heap        ] GC(229) Old regions: 126->140
[88.145s][info][gc,heap        ] GC(229) Archive regions: 0->0
[88.145s][info][gc,heap        ] GC(229) Humongous regions: 27->27
[88.145s][info][gc,metaspace   ] GC(229) Metaspace: 67224K(68224K)->67224K(68224K) NonClass: 58804K(59328K)->58804K(59328K) Class: 8420K(8896K)->8420K(8896K)
[88.145s][info][gc             ] GC(229) Pause Young (Concurrent Start) (G1 Humongous Allocation) 495M->333M(636M) 25.866ms
[88.145s][info][gc             ] GC(230) Concurrent Mark Cycle
[88.145s][info][gc,cpu         ] GC(229) User=0.47s Sys=0.00s Real=0.02s
[88.145s][info][gc,marking     ] GC(230) Concurrent Scan Root Regions
[88.151s][info][gc,marking     ] GC(230) Concurrent Scan Root Regions 5.786ms
[88.151s][info][gc,marking     ] GC(230) Concurrent Mark
[88.151s][info][gc,marking     ] GC(230) Concurrent Mark From Roots
[88.151s][info][gc,task        ] GC(230) Using 8 workers of 8 for marking
[88.207s][info][gc,marking     ] GC(230) Concurrent Mark From Roots 55.738ms
[88.207s][info][gc,marking     ] GC(230) Concurrent Preclean
[88.207s][info][gc,marking     ] GC(230) Concurrent Preclean 0.150ms
[88.207s][info][gc,start       ] GC(230) Pause Remark
[88.210s][info][gc             ] GC(230) Pause Remark 438M->422M(740M) 2.530ms
[88.210s][info][gc,cpu         ] GC(230) User=0.52s Sys=0.00s Real=0.02s
[88.210s][info][gc,marking     ] GC(230) Concurrent Mark 58.763ms
[88.210s][info][gc,marking     ] GC(230) Concurrent Rebuild Remembered Sets and Scrub Regions
[88.267s][info][gc,marking     ] GC(230) Concurrent Rebuild Remembered Sets and Scrub Regions 57.172ms
[88.267s][info][gc,start       ] GC(230) Pause Cleanup
[88.267s][info][gc             ] GC(230) Pause Cleanup 502M->502M(740M) 0.271ms
[88.267s][info][gc,cpu         ] GC(230) User=0.00s Sys=0.00s Real=0.00s
[88.268s][info][gc,marking     ] GC(230) Concurrent Clear Claimed Marks
[88.268s][info][gc,marking     ] GC(230) Concurrent Clear Claimed Marks 0.107ms
[88.268s][info][gc,marking     ] GC(230) Concurrent Cleanup for Next Mark
[88.269s][info][gc,marking     ] GC(230) Concurrent Cleanup for Next Mark 1.173ms
[88.269s][info][gc             ] GC(230) Concurrent Mark Cycle 123.802ms
[88.297s][info][gc,start       ] GC(231) Pause Young (Prepare Mixed) (G1 Evacuation Pause)
[88.297s][info][gc,task        ] GC(231) Using 17 workers of 33 for evacuation
[88.321s][info][gc,phases      ] GC(231)   Pre Evacuate Collection Set: 0.2ms
[88.321s][info][gc,phases      ] GC(231)   Merge Heap Roots: 0.7ms
[88.321s][info][gc,phases      ] GC(231)   Evacuate Collection Set: 22.5ms
[88.321s][info][gc,phases      ] GC(231)   Post Evacuate Collection Set: 0.4ms
[88.321s][info][gc,phases      ] GC(231)   Other: 0.2ms
[88.321s][info][gc,heap        ] GC(231) Eden regions: 106->0(136)
[88.321s][info][gc,heap        ] GC(231) Survivor regions: 10->10(15)
[88.321s][info][gc,heap        ] GC(231) Old regions: 140->149
[88.322s][info][gc,heap        ] GC(231) Archive regions: 0->0
[88.322s][info][gc,heap        ] GC(231) Humongous regions: 31->31
[88.322s][info][gc,metaspace   ] GC(231) Metaspace: 67224K(68224K)->67224K(68224K) NonClass: 58804K(59328K)->58804K(59328K) Class: 8420K(8896K)->8420K(8896K)
[88.322s][info][gc             ] GC(231) Pause Young (Prepare Mixed) (G1 Evacuation Pause) 553M->359M(740M) 24.566ms
[88.322s][info][gc,cpu         ] GC(231) User=0.53s Sys=0.00s Real=0.03s
[88.459s][info][gc,start       ] GC(232) Pause Young (Mixed) (G1 Evacuation Pause)
[88.459s][info][gc,task        ] GC(232) Using 17 workers of 33 for evacuation
[88.486s][info][gc,phases      ] GC(232)   Pre Evacuate Collection Set: 0.2ms
[88.486s][info][gc,phases      ] GC(232)   Merge Heap Roots: 0.2ms
[88.486s][info][gc,phases      ] GC(232)   Evacuate Collection Set: 21.6ms
[88.486s][info][gc,phases      ] GC(232)   Post Evacuate Collection Set: 4.5ms
[88.486s][info][gc,phases      ] GC(232)   Other: 0.1ms
[88.486s][info][gc,heap        ] GC(232) Eden regions: 136->0(591)
[88.486s][info][gc,heap        ] GC(232) Survivor regions: 10->19(19)
[88.486s][info][gc,heap        ] GC(232) Old regions: 149->146
[88.486s][info][gc,heap        ] GC(232) Archive regions: 0->0
[88.486s][info][gc,heap        ] GC(232) Humongous regions: 31->31
[88.486s][info][gc,metaspace   ] GC(232) Metaspace: 67224K(68224K)->67224K(68224K) NonClass: 58804K(59328K)->58804K(59328K) Class: 8420K(8896K)->8420K(8896K)
[88.486s][info][gc             ] GC(232) Pause Young (Mixed) (G1 Evacuation Pause) 631M->379M(2036M) 26.829ms
[88.486s][info][gc,cpu         ] GC(232) User=0.53s Sys=0.00s Real=0.03s
[88.928s][info][gc,start       ] GC(233) Pause Young (Concurrent Start) (G1 Humongous Allocation)
[88.929s][info][gc,task        ] GC(233) Using 33 workers of 33 for evacuation
[88.959s][info][gc,phases      ] GC(233)   Pre Evacuate Collection Set: 0.4ms
[88.959s][info][gc,phases      ] GC(233)   Merge Heap Roots: 0.3ms
[88.959s][info][gc,phases      ] GC(233)   Evacuate Collection Set: 29.1ms
[88.959s][info][gc,phases      ] GC(233)   Post Evacuate Collection Set: 0.6ms
[88.959s][info][gc,phases      ] GC(233)   Other: 0.2ms
[88.959s][info][gc,heap        ] GC(233) Eden regions: 227->0(579)
[88.959s][info][gc,heap        ] GC(233) Survivor regions: 19->31(77)
[88.959s][info][gc,heap        ] GC(233) Old regions: 146->146
[88.959s][info][gc,heap        ] GC(233) Archive regions: 0->0
[88.959s][info][gc,heap        ] GC(233) Humongous regions: 31->31
[88.959s][info][gc,metaspace   ] GC(233) Metaspace: 67224K(68224K)->67224K(68224K) NonClass: 58804K(59328K)->58804K(59328K) Class: 8420K(8896K)->8420K(8896K)
[88.959s][info][gc             ] GC(233) Pause Young (Concurrent Start) (G1 Humongous Allocation) 831M->403M(2036M) 30.897ms
[88.959s][info][gc             ] GC(234) Concurrent Mark Cycle
[88.959s][info][gc,cpu         ] GC(233) User=0.83s Sys=0.20s Real=0.03s
[88.959s][info][gc,marking     ] GC(234) Concurrent Scan Root Regions
[88.973s][info][gc,marking     ] GC(234) Concurrent Scan Root Regions 13.573ms
[88.973s][info][gc,marking     ] GC(234) Concurrent Mark
[88.973s][info][gc,marking     ] GC(234) Concurrent Mark From Roots
[88.973s][info][gc,task        ] GC(234) Using 8 workers of 8 for marking
[89.025s][info][gc,marking     ] GC(234) Concurrent Mark From Roots 51.957ms
[89.025s][info][gc,marking     ] GC(234) Concurrent Preclean
[89.025s][info][gc,marking     ] GC(234) Concurrent Preclean 0.207ms
[89.025s][info][gc,start       ] GC(234) Pause Remark
[89.028s][info][gc             ] GC(234) Pause Remark 411M->315M(1100M) 3.009ms
[89.029s][info][gc,cpu         ] GC(234) User=0.00s Sys=0.00s Real=0.00s
[89.029s][info][gc,marking     ] GC(234) Concurrent Mark 55.569ms
[89.029s][info][gc,marking     ] GC(234) Concurrent Rebuild Remembered Sets and Scrub Regions
[89.074s][info][gc,marking     ] GC(234) Concurrent Rebuild Remembered Sets and Scrub Regions 45.614ms
[89.074s][info][gc,start       ] GC(234) Pause Cleanup
[89.075s][info][gc             ] GC(234) Pause Cleanup 315M->315M(1100M) 0.264ms
[89.075s][info][gc,cpu         ] GC(234) User=0.00s Sys=0.00s Real=0.00s
[89.075s][info][gc,marking     ] GC(234) Concurrent Clear Claimed Marks
[89.075s][info][gc,marking     ] GC(234) Concurrent Clear Claimed Marks 0.100ms
[89.075s][info][gc,marking     ] GC(234) Concurrent Cleanup for Next Mark
[89.077s][info][gc,marking     ] GC(234) Concurrent Cleanup for Next Mark 2.318ms
[89.077s][info][gc             ] GC(234) Concurrent Mark Cycle 117.981ms
[89.839s][info][gc,start       ] GC(235) Pause Young (Prepare Mixed) (G1 Evacuation Pause)
[89.839s][info][gc,task        ] GC(235) Using 29 workers of 33 for evacuation
[89.905s][info][gc,phases      ] GC(235)   Pre Evacuate Collection Set: 0.3ms
[89.905s][info][gc,phases      ] GC(235)   Merge Heap Roots: 0.7ms
[89.905s][info][gc,phases      ] GC(235)   Evacuate Collection Set: 64.3ms
[89.905s][info][gc,phases      ] GC(235)   Post Evacuate Collection Set: 0.8ms
[89.905s][info][gc,phases      ] GC(235)   Other: 0.2ms
[89.905s][info][gc,heap        ] GC(235) Eden regions: 299->0(241)
[89.905s][info][gc,heap        ] GC(235) Survivor regions: 31->42(42)
[89.905s][info][gc,heap        ] GC(235) Old regions: 114->158
[89.905s][info][gc,heap        ] GC(235) Archive regions: 0->0
[89.905s][info][gc,heap        ] GC(235) Humongous regions: 51->48
[89.905s][info][gc,metaspace   ] GC(235) Metaspace: 67250K(68288K)->67250K(68288K) NonClass: 58829K(59392K)->58829K(59392K) Class: 8420K(8896K)->8420K(8896K)
[89.905s][info][gc             ] GC(235) Pause Young (Prepare Mixed) (G1 Evacuation Pause) 977M->483M(1162M) 66.640ms
[89.905s][info][gc,cpu         ] GC(235) User=1.50s Sys=0.31s Real=0.06s
[90.172s][info][gc,start       ] GC(236) Pause Young (Mixed) (G1 Evacuation Pause)
[90.173s][info][gc,task        ] GC(236) Using 28 workers of 33 for evacuation
[90.227s][info][gc,phases      ] GC(236)   Pre Evacuate Collection Set: 0.2ms
[90.227s][info][gc,phases      ] GC(236)   Merge Heap Roots: 0.9ms
[90.227s][info][gc,phases      ] GC(236)   Evacuate Collection Set: 52.5ms
[90.227s][info][gc,phases      ] GC(236)   Post Evacuate Collection Set: 0.6ms
[90.227s][info][gc,phases      ] GC(236)   Other: 0.2ms
[90.227s][info][gc,heap        ] GC(236) Eden regions: 241->0(215)
[90.227s][info][gc,heap        ] GC(236) Survivor regions: 42->28(36)
[90.227s][info][gc,heap        ] GC(236) Old regions: 158->198
[90.227s][info][gc,heap        ] GC(236) Archive regions: 0->0
[90.227s][info][gc,heap        ] GC(236) Humongous regions: 71->71
[90.227s][info][gc,metaspace   ] GC(236) Metaspace: 67250K(68288K)->67250K(68288K) NonClass: 58829K(59392K)->58829K(59392K) Class: 8420K(8896K)->8420K(8896K)
[90.227s][info][gc             ] GC(236) Pause Young (Mixed) (G1 Evacuation Pause) 1011M->581M(1174M) 54.665ms
[90.227s][info][gc,cpu         ] GC(236) User=1.31s Sys=0.00s Real=0.05s
[90.433s][info][gc,start       ] GC(237) Pause Young (Concurrent Start) (G1 Evacuation Pause)
[90.433s][info][gc,task        ] GC(237) Using 28 workers of 33 for evacuation
[90.466s][info][gc,phases      ] GC(237)   Pre Evacuate Collection Set: 0.4ms
[90.466s][info][gc,phases      ] GC(237)   Merge Heap Roots: 0.3ms
[90.466s][info][gc,phases      ] GC(237)   Evacuate Collection Set: 30.9ms
[90.466s][info][gc,phases      ] GC(237)   Post Evacuate Collection Set: 0.5ms
[90.466s][info][gc,phases      ] GC(237)   Other: 0.2ms
[90.466s][info][gc,heap        ] GC(237) Eden regions: 215->0(207)
[90.466s][info][gc,heap        ] GC(237) Survivor regions: 28->19(31)
[90.466s][info][gc,heap        ] GC(237) Old regions: 198->225
[90.466s][info][gc,heap        ] GC(237) Archive regions: 0->0
[90.466s][info][gc,heap        ] GC(237) Humongous regions: 71->71
[90.466s][info][gc,metaspace   ] GC(237) Metaspace: 67250K(68288K)->67250K(68288K) NonClass: 58829K(59392K)->58829K(59392K) Class: 8420K(8896K)->8420K(8896K)
[90.466s][info][gc             ] GC(237) Pause Young (Concurrent Start) (G1 Evacuation Pause) 1011M->615M(1174M) 32.683ms
[90.466s][info][gc             ] GC(238) Concurrent Mark Cycle
[90.466s][info][gc,cpu         ] GC(237) User=0.80s Sys=0.00s Real=0.05s
[90.466s][info][gc,marking     ] GC(238) Concurrent Scan Root Regions
[90.475s][info][gc,marking     ] GC(238) Concurrent Scan Root Regions 8.599ms
[90.475s][info][gc,marking     ] GC(238) Concurrent Mark
[90.475s][info][gc,marking     ] GC(238) Concurrent Mark From Roots
[90.475s][info][gc,task        ] GC(238) Using 8 workers of 8 for marking
[90.541s][info][gc,marking     ] GC(238) Concurrent Mark From Roots 66.796ms
[90.542s][info][gc,marking     ] GC(238) Concurrent Preclean
[90.542s][info][gc,marking     ] GC(238) Concurrent Preclean 0.146ms
[90.542s][info][gc,start       ] GC(238) Pause Remark
[90.545s][info][gc             ] GC(238) Pause Remark 725M->555M(1174M) 3.058ms
[90.545s][info][gc,cpu         ] GC(238) User=0.44s Sys=0.00s Real=0.02s
[90.545s][info][gc,marking     ] GC(238) Concurrent Mark 70.361ms
[90.545s][info][gc,marking     ] GC(238) Concurrent Rebuild Remembered Sets and Scrub Regions
[90.601s][info][gc,marking     ] GC(238) Concurrent Rebuild Remembered Sets and Scrub Regions 55.656ms
[90.601s][info][gc,start       ] GC(238) Pause Cleanup
[90.601s][info][gc             ] GC(238) Pause Cleanup 633M->633M(1174M) 0.535ms
[90.602s][info][gc,cpu         ] GC(238) User=0.00s Sys=0.00s Real=0.00s
[90.602s][info][gc,marking     ] GC(238) Concurrent Clear Claimed Marks
[90.602s][info][gc,marking     ] GC(238) Concurrent Clear Claimed Marks 0.091ms
[90.602s][info][gc,marking     ] GC(238) Concurrent Cleanup for Next Mark
[90.603s][info][gc,marking     ] GC(238) Concurrent Cleanup for Next Mark 0.923ms
[90.603s][info][gc             ] GC(238) Concurrent Mark Cycle 136.756ms
[91.322s][info][gc,start       ] GC(239) Pause Young (Prepare Mixed) (G1 Evacuation Pause)
[91.322s][info][gc,task        ] GC(239) Using 28 workers of 33 for evacuation
[91.362s][info][gc,phases      ] GC(239)   Pre Evacuate Collection Set: 0.3ms
[91.362s][info][gc,phases      ] GC(239)   Merge Heap Roots: 0.7ms
[91.362s][info][gc,phases      ] GC(239)   Evacuate Collection Set: 38.1ms
[91.362s][info][gc,phases      ] GC(239)   Post Evacuate Collection Set: 0.7ms
[91.362s][info][gc,phases      ] GC(239)   Other: 0.2ms
[91.362s][info][gc,heap        ] GC(239) Eden regions: 207->0(249)
[91.362s][info][gc,heap        ] GC(239) Survivor regions: 19->20(29)
[91.362s][info][gc,heap        ] GC(239) Old regions: 188->203
[91.363s][info][gc,heap        ] GC(239) Archive regions: 0->0
[91.363s][info][gc,heap        ] GC(239) Humongous regions: 44->41
[91.363s][info][gc,metaspace   ] GC(239) Metaspace: 67334K(68352K)->67334K(68352K) NonClass: 58914K(59456K)->58914K(59456K) Class: 8420K(8896K)->8420K(8896K)
[91.363s][info][gc             ] GC(239) Pause Young (Prepare Mixed) (G1 Evacuation Pause) 901M->514M(1174M) 40.390ms
[91.363s][info][gc,cpu         ] GC(239) User=0.88s Sys=0.00s Real=0.03s
[91.907s][info][gc,start       ] GC(240) Pause Young (Mixed) (G1 Evacuation Pause)
[91.908s][info][gc,task        ] GC(240) Using 28 workers of 33 for evacuation
[91.959s][info][gc,phases      ] GC(240)   Pre Evacuate Collection Set: 0.3ms
[91.959s][info][gc,phases      ] GC(240)   Merge Heap Roots: 0.8ms
[91.959s][info][gc,phases      ] GC(240)   Evacuate Collection Set: 47.7ms
[91.959s][info][gc,phases      ] GC(240)   Post Evacuate Collection Set: 2.4ms
[91.959s][info][gc,phases      ] GC(240)   Other: 0.2ms
[91.959s][info][gc,heap        ] GC(240) Eden regions: 249->0(445)
[91.959s][info][gc,heap        ] GC(240) Survivor regions: 20->34(34)
[91.959s][info][gc,heap        ] GC(240) Old regions: 203->202
[91.959s][info][gc,heap        ] GC(240) Archive regions: 0->0
[91.959s][info][gc,heap        ] GC(240) Humongous regions: 73->67
[91.959s][info][gc,metaspace   ] GC(240) Metaspace: 67377K(68416K)->67377K(68416K) NonClass: 58956K(59520K)->58956K(59520K) Class: 8420K(8896K)->8420K(8896K)
[91.959s][info][gc             ] GC(240) Pause Young (Mixed) (G1 Evacuation Pause) 1076M->593M(1730M) 51.679ms
[91.959s][info][gc,cpu         ] GC(240) User=1.30s Sys=0.02s Real=0.05s
[92.322s][info][gc,start       ] GC(241) Pause Young (Concurrent Start) (G1 Humongous Allocation)
[92.322s][info][gc,task        ] GC(241) Using 33 workers of 33 for evacuation
[92.350s][info][gc,phases      ] GC(241)   Pre Evacuate Collection Set: 0.6ms
[92.350s][info][gc,phases      ] GC(241)   Merge Heap Roots: 0.4ms
[92.350s][info][gc,phases      ] GC(241)   Evacuate Collection Set: 26.5ms
[92.350s][info][gc,phases      ] GC(241)   Post Evacuate Collection Set: 0.7ms
[92.350s][info][gc,phases      ] GC(241)   Other: 0.1ms
[92.350s][info][gc,heap        ] GC(241) Eden regions: 103->0(428)
[92.350s][info][gc,heap        ] GC(241) Survivor regions: 34->10(60)
[92.350s][info][gc,heap        ] GC(241) Old regions: 202->236
[92.350s][info][gc,heap        ] GC(241) Archive regions: 0->0
[92.350s][info][gc,heap        ] GC(241) Humongous regions: 67->67
[92.350s][info][gc,metaspace   ] GC(241) Metaspace: 67380K(68416K)->67380K(68416K) NonClass: 58960K(59520K)->58960K(59520K) Class: 8420K(8896K)->8420K(8896K)
[92.350s][info][gc             ] GC(241) Pause Young (Concurrent Start) (G1 Humongous Allocation) 798M->611M(1730M) 28.531ms
[92.351s][info][gc             ] GC(242) Concurrent Mark Cycle
[92.351s][info][gc,cpu         ] GC(241) User=0.98s Sys=0.05s Real=0.03s
[92.351s][info][gc,marking     ] GC(242) Concurrent Scan Root Regions
[92.356s][info][gc,marking     ] GC(242) Concurrent Scan Root Regions 5.051ms
[92.356s][info][gc,marking     ] GC(242) Concurrent Mark
[92.356s][info][gc,marking     ] GC(242) Concurrent Mark From Roots
[92.356s][info][gc,task        ] GC(242) Using 8 workers of 8 for marking
[92.388s][info][gc,marking     ] GC(242) Concurrent Mark From Roots 31.937ms
[92.388s][info][gc,marking     ] GC(242) Concurrent Preclean
[92.388s][info][gc,marking     ] GC(242) Concurrent Preclean 0.100ms
[92.388s][info][gc,start       ] GC(242) Pause Remark
[92.392s][info][gc             ] GC(242) Pause Remark 636M->314M(1100M) 3.650ms
[92.392s][info][gc,cpu         ] GC(242) User=0.00s Sys=0.00s Real=0.00s
[92.392s][info][gc,marking     ] GC(242) Concurrent Mark 36.153ms
[92.392s][info][gc,marking     ] GC(242) Concurrent Rebuild Remembered Sets and Scrub Regions
[92.413s][info][gc,marking     ] GC(242) Concurrent Rebuild Remembered Sets and Scrub Regions 20.916ms
[92.413s][info][gc,start       ] GC(242) Pause Cleanup
[92.413s][info][gc             ] GC(242) Pause Cleanup 358M->358M(1100M) 0.277ms
[92.413s][info][gc,cpu         ] GC(242) User=0.00s Sys=0.00s Real=0.00s
[92.413s][info][gc,marking     ] GC(242) Concurrent Clear Claimed Marks
[92.413s][info][gc,marking     ] GC(242) Concurrent Clear Claimed Marks 0.084ms
[92.413s][info][gc,marking     ] GC(242) Concurrent Cleanup for Next Mark
[92.414s][info][gc,marking     ] GC(242) Concurrent Cleanup for Next Mark 0.800ms
[92.414s][info][gc             ] GC(242) Concurrent Mark Cycle 63.746ms
[93.075s][info][gc,start       ] GC(243) Pause Young (Prepare Mixed) (G1 Evacuation Pause)
[93.075s][info][gc,task        ] GC(243) Using 30 workers of 33 for evacuation
[93.125s][info][gc,phases      ] GC(243)   Pre Evacuate Collection Set: 0.3ms
[93.125s][info][gc,phases      ] GC(243)   Merge Heap Roots: 0.4ms
[93.125s][info][gc,phases      ] GC(243)   Evacuate Collection Set: 47.9ms
[93.125s][info][gc,phases      ] GC(243)   Post Evacuate Collection Set: 0.6ms
[93.125s][info][gc,phases      ] GC(243)   Other: 0.2ms
[93.125s][info][gc,heap        ] GC(243) Eden regions: 310->0(280)
[93.125s][info][gc,heap        ] GC(243) Survivor regions: 10->38(43)
[93.125s][info][gc,heap        ] GC(243) Old regions: 139->139
[93.125s][info][gc,heap        ] GC(243) Archive regions: 0->0
[93.125s][info][gc,heap        ] GC(243) Humongous regions: 114->63
[93.125s][info][gc,metaspace   ] GC(243) Metaspace: 67402K(68416K)->67402K(68416K) NonClass: 58980K(59520K)->58980K(59520K) Class: 8421K(8896K)->8421K(8896K)
[93.125s][info][gc             ] GC(243) Pause Young (Prepare Mixed) (G1 Evacuation Pause) 1131M->465M(1222M) 49.700ms
[93.125s][info][gc,cpu         ] GC(243) User=1.06s Sys=0.78s Real=0.06s
[93.418s][info][gc,start       ] GC(244) Pause Young (Mixed) (G1 Evacuation Pause)
[93.419s][info][gc,task        ] GC(244) Using 29 workers of 33 for evacuation
[93.485s][info][gc,phases      ] GC(244)   Pre Evacuate Collection Set: 0.3ms
[93.485s][info][gc,phases      ] GC(244)   Merge Heap Roots: 0.6ms
[93.485s][info][gc,phases      ] GC(244)   Evacuate Collection Set: 64.2ms
[93.485s][info][gc,phases      ] GC(244)   Post Evacuate Collection Set: 0.7ms
[93.485s][info][gc,phases      ] GC(244)   Other: 0.2ms
[93.485s][info][gc,heap        ] GC(244) Eden regions: 280->0(310)
[93.485s][info][gc,heap        ] GC(244) Survivor regions: 38->32(40)
[93.485s][info][gc,heap        ] GC(244) Old regions: 139->170
[93.485s][info][gc,heap        ] GC(244) Archive regions: 0->0
[93.485s][info][gc,heap        ] GC(244) Humongous regions: 144->61
[93.485s][info][gc,metaspace   ] GC(244) Metaspace: 67409K(68416K)->67409K(68416K) NonClass: 58987K(59520K)->58987K(59520K) Class: 8421K(8896K)->8421K(8896K)
[93.485s][info][gc             ] GC(244) Pause Young (Mixed) (G1 Evacuation Pause) 1187M->510M(1342M) 66.262ms
[93.485s][info][gc,cpu         ] GC(244) User=1.31s Sys=0.47s Real=0.06s
[93.525s][info][gc,start       ] GC(245) Pause Young (Concurrent Start) (G1 Humongous Allocation)
[93.525s][info][gc,task        ] GC(245) Using 32 workers of 33 for evacuation
[93.548s][info][gc,phases      ] GC(245)   Pre Evacuate Collection Set: 0.5ms
[93.548s][info][gc,phases      ] GC(245)   Merge Heap Roots: 0.3ms
[93.548s][info][gc,phases      ] GC(245)   Evacuate Collection Set: 21.7ms
[93.548s][info][gc,phases      ] GC(245)   Post Evacuate Collection Set: 0.5ms
[93.548s][info][gc,phases      ] GC(245)   Other: 0.1ms
[93.548s][info][gc,heap        ] GC(245) Eden regions: 41->0(326)
[93.548s][info][gc,heap        ] GC(245) Survivor regions: 32->1(43)
[93.548s][info][gc,heap        ] GC(245) Old regions: 170->202
[93.548s][info][gc,heap        ] GC(245) Archive regions: 0->0
[93.548s][info][gc,heap        ] GC(245) Humongous regions: 61->61
[93.548s][info][gc,metaspace   ] GC(245) Metaspace: 67409K(68416K)->67409K(68416K) NonClass: 58987K(59520K)->58987K(59520K) Class: 8421K(8896K)->8421K(8896K)
[93.548s][info][gc             ] GC(245) Pause Young (Concurrent Start) (G1 Humongous Allocation) 592M->512M(1342M) 23.350ms
[93.548s][info][gc             ] GC(246) Concurrent Mark Cycle
[93.548s][info][gc,cpu         ] GC(245) User=0.50s Sys=0.00s Real=0.01s
[93.548s][info][gc,marking     ] GC(246) Concurrent Scan Root Regions
[93.553s][info][gc,marking     ] GC(246) Concurrent Scan Root Regions 5.320ms
[93.553s][info][gc,marking     ] GC(246) Concurrent Mark
[93.553s][info][gc,marking     ] GC(246) Concurrent Mark From Roots
[93.553s][info][gc,task        ] GC(246) Using 8 workers of 8 for marking
[93.584s][info][gc,marking     ] GC(246) Concurrent Mark From Roots 31.059ms
[93.585s][info][gc,marking     ] GC(246) Concurrent Preclean
[93.585s][info][gc,marking     ] GC(246) Concurrent Preclean 0.184ms
[93.585s][info][gc,start       ] GC(246) Pause Remark
[93.588s][info][gc             ] GC(246) Pause Remark 558M->353M(1228M) 3.339ms
[93.588s][info][gc,cpu         ] GC(246) User=0.00s Sys=0.00s Real=0.00s
[93.588s][info][gc,marking     ] GC(246) Concurrent Mark 34.943ms
[93.588s][info][gc,marking     ] GC(246) Concurrent Rebuild Remembered Sets and Scrub Regions
[93.608s][info][gc,marking     ] GC(246) Concurrent Rebuild Remembered Sets and Scrub Regions 19.508ms
[93.608s][info][gc,start       ] GC(246) Pause Cleanup
[93.608s][info][gc             ] GC(246) Pause Cleanup 381M->381M(1228M) 0.341ms
[93.609s][info][gc,cpu         ] GC(246) User=0.00s Sys=0.00s Real=0.00s
[93.609s][info][gc,marking     ] GC(246) Concurrent Clear Claimed Marks
[93.609s][info][gc,marking     ] GC(246) Concurrent Clear Claimed Marks 0.101ms
[93.609s][info][gc,marking     ] GC(246) Concurrent Cleanup for Next Mark
[93.610s][info][gc,marking     ] GC(246) Concurrent Cleanup for Next Mark 0.934ms
[93.610s][info][gc             ] GC(246) Concurrent Mark Cycle 61.668ms
[93.691s][info][gc,start       ] GC(247) Pause Full (System.gc())
[93.691s][info][gc,task        ] GC(247) Using 30 workers of 33 for full compaction
[93.693s][info][gc,phases,start] GC(247) Phase 1: Mark live objects
[93.721s][info][gc,phases      ] GC(247) Phase 1: Mark live objects 28.241ms
[93.721s][info][gc,phases,start] GC(247) Phase 2: Prepare compaction
[93.727s][info][gc,phases      ] GC(247) Phase 2: Prepare compaction 6.190ms
[93.727s][info][gc,phases,start] GC(247) Phase 3: Adjust pointers
[93.739s][info][gc,phases      ] GC(247) Phase 3: Adjust pointers 11.833ms
[93.739s][info][gc,phases,start] GC(247) Phase 4: Compact heap
[93.740s][info][gc,phases      ] GC(247) Phase 4: Compact heap 1.387ms
[93.754s][info][gc,heap        ] GC(247) Eden regions: 93->0(164)
[93.754s][info][gc,heap        ] GC(247) Survivor regions: 1->0(43)
[93.754s][info][gc,heap        ] GC(247) Old regions: 153->86
[93.754s][info][gc,heap        ] GC(247) Archive regions: 0->0
[93.754s][info][gc,heap        ] GC(247) Humongous regions: 9->3
[93.754s][info][gc,metaspace   ] GC(247) Metaspace: 67410K(68416K)->67410K(68416K) NonClass: 58988K(59520K)->58988K(59520K) Class: 8421K(8896K)->8421K(8896K)
[93.754s][info][gc             ] GC(247) Pause Full (System.gc()) 497M->148M(594M) 63.150ms
[93.754s][info][gc,cpu         ] GC(247) User=1.61s Sys=0.00s Real=0.06s
[93.807s][info][gc,start       ] GC(248) Pause Young (Concurrent Start) (G1 Humongous Allocation)
[93.807s][info][gc,task        ] GC(248) Using 22 workers of 33 for evacuation
[93.813s][info][gc,phases      ] GC(248)   Pre Evacuate Collection Set: 0.4ms
[93.813s][info][gc,phases      ] GC(248)   Merge Heap Roots: 0.1ms
[93.813s][info][gc,phases      ] GC(248)   Evacuate Collection Set: 1.0ms
[93.813s][info][gc,phases      ] GC(248)   Post Evacuate Collection Set: 4.6ms
[93.813s][info][gc,phases      ] GC(248)   Other: 0.1ms
[93.813s][info][gc,heap        ] GC(248) Eden regions: 9->0(413)
[93.813s][info][gc,heap        ] GC(248) Survivor regions: 0->2(21)
[93.813s][info][gc,heap        ] GC(248) Old regions: 86->86
[93.813s][info][gc,heap        ] GC(248) Archive regions: 0->0
[93.813s][info][gc,heap        ] GC(248) Humongous regions: 3->3
[93.813s][info][gc,metaspace   ] GC(248) Metaspace: 67420K(68416K)->67420K(68416K) NonClass: 58998K(59520K)->58998K(59520K) Class: 8421K(8896K)->8421K(8896K)
[93.813s][info][gc             ] GC(248) Pause Young (Concurrent Start) (G1 Humongous Allocation) 165M->150M(1384M) 6.547ms
[93.814s][info][gc             ] GC(249) Concurrent Mark Cycle
[93.814s][info][gc,cpu         ] GC(248) User=0.00s Sys=0.00s Real=0.00s
[93.814s][info][gc,marking     ] GC(249) Concurrent Scan Root Regions
[93.815s][info][gc,marking     ] GC(249) Concurrent Scan Root Regions 1.371ms
[93.815s][info][gc,marking     ] GC(249) Concurrent Mark
[93.815s][info][gc,marking     ] GC(249) Concurrent Mark From Roots
[93.815s][info][gc,task        ] GC(249) Using 8 workers of 8 for marking
[93.858s][info][gc,marking     ] GC(249) Concurrent Mark From Roots 42.751ms
[93.858s][info][gc,marking     ] GC(249) Concurrent Preclean
[93.858s][info][gc,marking     ] GC(249) Concurrent Preclean 0.190ms
[93.858s][info][gc,start       ] GC(249) Pause Remark
[93.861s][info][gc             ] GC(249) Pause Remark 186M->186M(734M) 2.317ms
[93.861s][info][gc,cpu         ] GC(249) User=0.00s Sys=0.00s Real=0.00s
[93.861s][info][gc,marking     ] GC(249) Concurrent Mark 45.773ms
[93.861s][info][gc,marking     ] GC(249) Concurrent Rebuild Remembered Sets and Scrub Regions
[93.875s][info][gc,marking     ] GC(249) Concurrent Rebuild Remembered Sets and Scrub Regions 13.758ms
[93.875s][info][gc,start       ] GC(249) Pause Cleanup
[93.875s][info][gc             ] GC(249) Pause Cleanup 204M->204M(734M) 0.186ms
[93.875s][info][gc,cpu         ] GC(249) User=0.00s Sys=0.00s Real=0.00s
[93.875s][info][gc,marking     ] GC(249) Concurrent Clear Claimed Marks
[93.875s][info][gc,marking     ] GC(249) Concurrent Clear Claimed Marks 0.084ms
[93.875s][info][gc,marking     ] GC(249) Concurrent Cleanup for Next Mark
[93.876s][info][gc,marking     ] GC(249) Concurrent Cleanup for Next Mark 0.890ms
[93.876s][info][gc             ] GC(249) Concurrent Mark Cycle 62.539ms
[94.065s][info][gc,start       ] GC(250) Pause Young (Prepare Mixed) (G1 Evacuation Pause)
[94.065s][info][gc,task        ] GC(250) Using 19 workers of 33 for evacuation
[94.097s][info][gc,phases      ] GC(250)   Pre Evacuate Collection Set: 0.2ms
[94.097s][info][gc,phases      ] GC(250)   Merge Heap Roots: 0.3ms
[94.097s][info][gc,phases      ] GC(250)   Evacuate Collection Set: 30.8ms
[94.097s][info][gc,phases      ] GC(250)   Post Evacuate Collection Set: 0.5ms
[94.097s][info][gc,phases      ] GC(250)   Other: 0.2ms
[94.097s][info][gc,heap        ] GC(250) Eden regions: 218->0(165)
[94.097s][info][gc,heap        ] GC(250) Survivor regions: 2->28(28)
[94.097s][info][gc,heap        ] GC(250) Old regions: 86->105
[94.097s][info][gc,heap        ] GC(250) Archive regions: 0->0
[94.097s][info][gc,heap        ] GC(250) Humongous regions: 22->19
[94.097s][info][gc,metaspace   ] GC(250) Metaspace: 67424K(68480K)->67424K(68480K) NonClass: 59003K(59584K)->59003K(59584K) Class: 8421K(8896K)->8421K(8896K)
[94.097s][info][gc             ] GC(250) Pause Young (Prepare Mixed) (G1 Evacuation Pause) 624M->273M(750M) 32.378ms
[94.098s][info][gc,cpu         ] GC(250) User=0.59s Sys=0.00s Real=0.03s
[94.259s][info][gc,start       ] GC(251) Pause Young (Mixed) (G1 Evacuation Pause)
[94.259s][info][gc,task        ] GC(251) Using 18 workers of 33 for evacuation
[94.294s][info][gc,phases      ] GC(251)   Pre Evacuate Collection Set: 0.4ms
[94.294s][info][gc,phases      ] GC(251)   Merge Heap Roots: 0.4ms
[94.294s][info][gc,phases      ] GC(251)   Evacuate Collection Set: 33.0ms
[94.294s][info][gc,phases      ] GC(251)   Post Evacuate Collection Set: 0.4ms
[94.294s][info][gc,phases      ] GC(251)   Other: 0.2ms
[94.294s][info][gc,heap        ] GC(251) Eden regions: 165->0(150)
[94.294s][info][gc,heap        ] GC(251) Survivor regions: 28->17(25)
[94.294s][info][gc,heap        ] GC(251) Old regions: 105->132
[94.294s][info][gc,heap        ] GC(251) Archive regions: 0->0
[94.294s][info][gc,heap        ] GC(251) Humongous regions: 30->30
[94.294s][info][gc,metaspace   ] GC(251) Metaspace: 67424K(68480K)->67424K(68480K) NonClass: 59003K(59584K)->59003K(59584K) Class: 8421K(8896K)->8421K(8896K)
[94.294s][info][gc             ] GC(251) Pause Young (Mixed) (G1 Evacuation Pause) 625M->334M(752M) 34.645ms
[94.294s][info][gc,cpu         ] GC(251) User=0.84s Sys=0.00s Real=0.04s
[94.308s][info][gc,start       ] GC(252) Pause Young (Concurrent Start) (G1 Humongous Allocation)
[94.308s][info][gc,task        ] GC(252) Using 18 workers of 33 for evacuation
[94.322s][info][gc,phases      ] GC(252)   Pre Evacuate Collection Set: 0.3ms
[94.322s][info][gc,phases      ] GC(252)   Merge Heap Roots: 0.2ms
[94.322s][info][gc,phases      ] GC(252)   Evacuate Collection Set: 13.6ms
[94.322s][info][gc,phases      ] GC(252)   Post Evacuate Collection Set: 0.4ms
[94.322s][info][gc,phases      ] GC(252)   Other: 0.1ms
[94.322s][info][gc,heap        ] GC(252) Eden regions: 12->0(149)
[94.322s][info][gc,heap        ] GC(252) Survivor regions: 17->3(21)
[94.322s][info][gc,heap        ] GC(252) Old regions: 132->149
[94.322s][info][gc,heap        ] GC(252) Archive regions: 0->0
[94.322s][info][gc,heap        ] GC(252) Humongous regions: 30->30
[94.322s][info][gc,metaspace   ] GC(252) Metaspace: 67424K(68480K)->67424K(68480K) NonClass: 59003K(59584K)->59003K(59584K) Class: 8421K(8896K)->8421K(8896K)
[94.322s][info][gc             ] GC(252) Pause Young (Concurrent Start) (G1 Humongous Allocation) 358M->341M(752M) 14.753ms
[94.322s][info][gc             ] GC(253) Concurrent Mark Cycle
[94.322s][info][gc,cpu         ] GC(252) User=0.00s Sys=0.00s Real=0.02s
[94.322s][info][gc,marking     ] GC(253) Concurrent Scan Root Regions
[94.326s][info][gc,marking     ] GC(253) Concurrent Scan Root Regions 3.888ms
[94.326s][info][gc,marking     ] GC(253) Concurrent Mark
[94.326s][info][gc,marking     ] GC(253) Concurrent Mark From Roots
[94.326s][info][gc,task        ] GC(253) Using 8 workers of 8 for marking
[94.388s][info][gc,marking     ] GC(253) Concurrent Mark From Roots 62.019ms
[94.389s][info][gc,marking     ] GC(253) Concurrent Preclean
[94.389s][info][gc,marking     ] GC(253) Concurrent Preclean 0.128ms
[94.389s][info][gc,start       ] GC(253) Pause Remark
[94.398s][info][gc             ] GC(253) Pause Remark 459M->439M(770M) 9.504ms
[94.398s][info][gc,cpu         ] GC(253) User=0.00s Sys=0.00s Real=0.00s
[94.398s][info][gc,marking     ] GC(253) Concurrent Mark 71.991ms
[94.398s][info][gc,marking     ] GC(253) Concurrent Rebuild Remembered Sets and Scrub Regions
[94.453s][info][gc,marking     ] GC(253) Concurrent Rebuild Remembered Sets and Scrub Regions 54.456ms
[94.453s][info][gc,start       ] GC(253) Pause Cleanup
[94.453s][info][gc             ] GC(253) Pause Cleanup 541M->541M(770M) 0.253ms
[94.453s][info][gc,cpu         ] GC(253) User=0.00s Sys=0.00s Real=0.00s
[94.453s][info][gc,marking     ] GC(253) Concurrent Clear Claimed Marks
[94.454s][info][gc,marking     ] GC(253) Concurrent Clear Claimed Marks 0.093ms
[94.454s][info][gc,marking     ] GC(253) Concurrent Cleanup for Next Mark
[94.454s][info][gc,marking     ] GC(253) Concurrent Cleanup for Next Mark 0.617ms
[94.454s][info][gc             ] GC(253) Concurrent Mark Cycle 131.792ms
[94.500s][info][gc,start       ] GC(254) Pause Young (Prepare Mixed) (G1 Evacuation Pause)
[94.501s][info][gc,task        ] GC(254) Using 18 workers of 33 for evacuation
[94.520s][info][gc,phases      ] GC(254)   Pre Evacuate Collection Set: 0.2ms
[94.520s][info][gc,phases      ] GC(254)   Merge Heap Roots: 0.7ms
[94.520s][info][gc,phases      ] GC(254)   Evacuate Collection Set: 17.8ms
[94.520s][info][gc,phases      ] GC(254)   Post Evacuate Collection Set: 0.5ms
[94.520s][info][gc,phases      ] GC(254)   Other: 0.2ms
[94.520s][info][gc,heap        ] GC(254) Eden regions: 149->0(151)
[94.520s][info][gc,heap        ] GC(254) Survivor regions: 3->14(19)
[94.520s][info][gc,heap        ] GC(254) Old regions: 149->149
[94.520s][info][gc,heap        ] GC(254) Archive regions: 0->0
[94.520s][info][gc,heap        ] GC(254) Humongous regions: 29->29
[94.520s][info][gc,metaspace   ] GC(254) Metaspace: 67424K(68480K)->67424K(68480K) NonClass: 59003K(59584K)->59003K(59584K) Class: 8421K(8896K)->8421K(8896K)
[94.520s][info][gc             ] GC(254) Pause Young (Prepare Mixed) (G1 Evacuation Pause) 637M->361M(770M) 19.756ms
[94.520s][info][gc,cpu         ] GC(254) User=0.28s Sys=0.00s Real=0.02s
[94.668s][info][gc,start       ] GC(255) Pause Young (Mixed) (G1 Evacuation Pause)
[94.668s][info][gc,task        ] GC(255) Using 18 workers of 33 for evacuation
[94.695s][info][gc,phases      ] GC(255)   Pre Evacuate Collection Set: 0.2ms
[94.695s][info][gc,phases      ] GC(255)   Merge Heap Roots: 0.2ms
[94.695s][info][gc,phases      ] GC(255)   Evacuate Collection Set: 25.4ms
[94.695s][info][gc,phases      ] GC(255)   Post Evacuate Collection Set: 0.4ms
[94.695s][info][gc,phases      ] GC(255)   Other: 0.2ms
[94.695s][info][gc,heap        ] GC(255) Eden regions: 151->0(151)
[94.695s][info][gc,heap        ] GC(255) Survivor regions: 14->12(21)
[94.695s][info][gc,heap        ] GC(255) Old regions: 149->155
[94.695s][info][gc,heap        ] GC(255) Archive regions: 0->0
[94.695s][info][gc,heap        ] GC(255) Humongous regions: 29->29
[94.695s][info][gc,metaspace   ] GC(255) Metaspace: 67424K(68480K)->67424K(68480K) NonClass: 59003K(59584K)->59003K(59584K) Class: 8421K(8896K)->8421K(8896K)
[94.695s][info][gc             ] GC(255) Pause Young (Mixed) (G1 Evacuation Pause) 663M->379M(770M) 26.768ms
[94.695s][info][gc,cpu         ] GC(255) User=0.56s Sys=0.00s Real=0.03s
[94.857s][info][gc,start       ] GC(256) Pause Young (Concurrent Start) (G1 Evacuation Pause)
[94.857s][info][gc,task        ] GC(256) Using 18 workers of 33 for evacuation
[94.887s][info][gc,phases      ] GC(256)   Pre Evacuate Collection Set: 0.4ms
[94.887s][info][gc,phases      ] GC(256)   Merge Heap Roots: 0.2ms
[94.887s][info][gc,phases      ] GC(256)   Evacuate Collection Set: 24.1ms
[94.887s][info][gc,phases      ] GC(256)   Post Evacuate Collection Set: 4.7ms
[94.887s][info][gc,phases      ] GC(256)   Other: 0.1ms
[94.887s][info][gc,heap        ] GC(256) Eden regions: 151->0(478)
[94.887s][info][gc,heap        ] GC(256) Survivor regions: 12->11(21)
[94.887s][info][gc,heap        ] GC(256) Old regions: 155->164
[94.887s][info][gc,heap        ] GC(256) Archive regions: 0->0
[94.887s][info][gc,heap        ] GC(256) Humongous regions: 29->29
[94.887s][info][gc,metaspace   ] GC(256) Metaspace: 67424K(68480K)->67424K(68480K) NonClass: 59003K(59584K)->59003K(59584K) Class: 8421K(8896K)->8421K(8896K)
[94.887s][info][gc             ] GC(256) Pause Young (Concurrent Start) (G1 Evacuation Pause) 681M->395M(1632M) 29.907ms
[94.887s][info][gc             ] GC(257) Concurrent Mark Cycle
[94.887s][info][gc,marking     ] GC(257) Concurrent Scan Root Regions
[94.887s][info][gc,cpu         ] GC(256) User=0.56s Sys=0.00s Real=0.03s
[94.892s][info][gc,marking     ] GC(257) Concurrent Scan Root Regions 5.088ms
[94.892s][info][gc,marking     ] GC(257) Concurrent Mark
[94.892s][info][gc,marking     ] GC(257) Concurrent Mark From Roots
[94.892s][info][gc,task        ] GC(257) Using 8 workers of 8 for marking
[94.956s][info][gc,marking     ] GC(257) Concurrent Mark From Roots 63.805ms
[94.956s][info][gc,marking     ] GC(257) Concurrent Preclean
[94.956s][info][gc,marking     ] GC(257) Concurrent Preclean 0.145ms
[94.956s][info][gc,start       ] GC(257) Pause Remark
[94.958s][info][gc             ] GC(257) Pause Remark 406M->364M(1260M) 1.975ms
[94.958s][info][gc,cpu         ] GC(257) User=0.00s Sys=0.00s Real=0.00s
[94.958s][info][gc,marking     ] GC(257) Concurrent Mark 66.249ms
[94.958s][info][gc,marking     ] GC(257) Concurrent Rebuild Remembered Sets and Scrub Regions
[94.993s][info][gc,marking     ] GC(257) Concurrent Rebuild Remembered Sets and Scrub Regions 34.868ms
[94.993s][info][gc,start       ] GC(257) Pause Cleanup
[94.994s][info][gc             ] GC(257) Pause Cleanup 365M->365M(1260M) 0.298ms
[94.994s][info][gc,cpu         ] GC(257) User=0.00s Sys=0.00s Real=0.00s
[94.994s][info][gc,marking     ] GC(257) Concurrent Clear Claimed Marks
[94.994s][info][gc,marking     ] GC(257) Concurrent Clear Claimed Marks 0.084ms
[94.994s][info][gc,marking     ] GC(257) Concurrent Cleanup for Next Mark
[94.996s][info][gc,marking     ] GC(257) Concurrent Cleanup for Next Mark 2.046ms
[94.996s][info][gc             ] GC(257) Concurrent Mark Cycle 109.069ms
[96.012s][info][gc,start       ] GC(258) Pause Young (Prepare Mixed) (G1 Evacuation Pause)
[96.012s][info][gc,task        ] GC(258) Using 30 workers of 33 for evacuation
[96.080s][info][gc,phases      ] GC(258)   Pre Evacuate Collection Set: 0.2ms
[96.080s][info][gc,phases      ] GC(258)   Merge Heap Roots: 0.9ms
[96.080s][info][gc,phases      ] GC(258)   Evacuate Collection Set: 65.8ms
[96.080s][info][gc,phases      ] GC(258)   Post Evacuate Collection Set: 0.8ms
[96.080s][info][gc,phases      ] GC(258)   Other: 0.1ms
[96.080s][info][gc,heap        ] GC(258) Eden regions: 367->0(285)
[96.080s][info][gc,heap        ] GC(258) Survivor regions: 11->48(48)
[96.081s][info][gc,heap        ] GC(258) Old regions: 155->182
[96.081s][info][gc,heap        ] GC(258) Archive regions: 0->0
[96.081s][info][gc,heap        ] GC(258) Humongous regions: 60->57
[96.081s][info][gc,metaspace   ] GC(258) Metaspace: 67432K(68480K)->67432K(68480K) NonClass: 59010K(59584K)->59010K(59584K) Class: 8421K(8896K)->8421K(8896K)
[96.081s][info][gc             ] GC(258) Pause Young (Prepare Mixed) (G1 Evacuation Pause) 1173M->561M(1336M) 68.199ms
[96.081s][info][gc,cpu         ] GC(258) User=1.78s Sys=0.56s Real=0.08s
[96.375s][info][gc,start       ] GC(259) Pause Young (Mixed) (G1 Evacuation Pause)
[96.375s][info][gc,task        ] GC(259) Using 32 workers of 33 for evacuation
[96.425s][info][gc,phases      ] GC(259)   Pre Evacuate Collection Set: 0.3ms
[96.425s][info][gc,phases      ] GC(259)   Merge Heap Roots: 0.9ms
[96.425s][info][gc,phases      ] GC(259)   Evacuate Collection Set: 47.1ms
[96.425s][info][gc,phases      ] GC(259)   Post Evacuate Collection Set: 0.7ms
[96.425s][info][gc,phases      ] GC(259)   Other: 0.2ms
[96.425s][info][gc,heap        ] GC(259) Eden regions: 285->0(262)
[96.425s][info][gc,heap        ] GC(259) Survivor regions: 48->29(42)
[96.425s][info][gc,heap        ] GC(259) Old regions: 182->225
[96.425s][info][gc,heap        ] GC(259) Archive regions: 0->0
[96.425s][info][gc,heap        ] GC(259) Humongous regions: 73->73
[96.425s][info][gc,metaspace   ] GC(259) Metaspace: 67437K(68480K)->67437K(68480K) NonClass: 59015K(59584K)->59015K(59584K) Class: 8421K(8896K)->8421K(8896K)
[96.425s][info][gc             ] GC(259) Pause Young (Mixed) (G1 Evacuation Pause) 1163M->640M(1340M) 49.485ms
[96.425s][info][gc,cpu         ] GC(259) User=1.50s Sys=0.00s Real=0.05s
[96.830s][info][gc,start       ] GC(260) Pause Young (Concurrent Start) (G1 Humongous Allocation)
[96.830s][info][gc,task        ] GC(260) Using 32 workers of 33 for evacuation
[96.863s][info][gc,phases      ] GC(260)   Pre Evacuate Collection Set: 0.4ms
[96.863s][info][gc,phases      ] GC(260)   Merge Heap Roots: 0.3ms
[96.863s][info][gc,phases      ] GC(260)   Evacuate Collection Set: 31.6ms
[96.863s][info][gc,phases      ] GC(260)   Post Evacuate Collection Set: 0.6ms
[96.863s][info][gc,phases      ] GC(260)   Other: 0.1ms
[96.863s][info][gc,heap        ] GC(260) Eden regions: 245->0(256)
[96.863s][info][gc,heap        ] GC(260) Survivor regions: 29->20(37)
[96.863s][info][gc,heap        ] GC(260) Old regions: 225->251
[96.863s][info][gc,heap        ] GC(260) Archive regions: 0->0
[96.863s][info][gc,heap        ] GC(260) Humongous regions: 73->73
[96.863s][info][gc,metaspace   ] GC(260) Metaspace: 67437K(68480K)->67437K(68480K) NonClass: 59015K(59584K)->59015K(59584K) Class: 8421K(8896K)->8421K(8896K)
[96.863s][info][gc             ] GC(260) Pause Young (Concurrent Start) (G1 Humongous Allocation) 1129M->674M(1340M) 33.299ms
[96.864s][info][gc             ] GC(261) Concurrent Mark Cycle
[96.864s][info][gc,cpu         ] GC(260) User=1.50s Sys=0.00s Real=0.05s
[96.864s][info][gc,marking     ] GC(261) Concurrent Scan Root Regions
[96.873s][info][gc,marking     ] GC(261) Concurrent Scan Root Regions 9.739ms
[96.873s][info][gc,marking     ] GC(261) Concurrent Mark
[96.873s][info][gc,marking     ] GC(261) Concurrent Mark From Roots
[96.873s][info][gc,task        ] GC(261) Using 8 workers of 8 for marking
[96.916s][info][gc,marking     ] GC(261) Concurrent Mark From Roots 42.181ms
[96.916s][info][gc,marking     ] GC(261) Concurrent Preclean
[96.916s][info][gc,marking     ] GC(261) Concurrent Preclean 0.148ms
[96.916s][info][gc,start       ] GC(261) Pause Remark
[96.919s][info][gc             ] GC(261) Pause Remark 682M->398M(1340M) 2.667ms
[96.919s][info][gc,cpu         ] GC(261) User=0.00s Sys=0.00s Real=0.00s
[96.919s][info][gc,marking     ] GC(261) Concurrent Mark 45.360ms
[96.919s][info][gc,marking     ] GC(261) Concurrent Rebuild Remembered Sets and Scrub Regions
[96.968s][info][gc,marking     ] GC(261) Concurrent Rebuild Remembered Sets and Scrub Regions 49.272ms
[96.968s][info][gc,start       ] GC(261) Pause Cleanup
[96.969s][info][gc             ] GC(261) Pause Cleanup 400M->400M(1340M) 0.528ms
[96.969s][info][gc,cpu         ] GC(261) User=0.00s Sys=0.00s Real=0.00s
[96.969s][info][gc,marking     ] GC(261) Concurrent Clear Claimed Marks
[96.969s][info][gc,marking     ] GC(261) Concurrent Clear Claimed Marks 0.104ms
[96.969s][info][gc,marking     ] GC(261) Concurrent Cleanup for Next Mark
[96.970s][info][gc,marking     ] GC(261) Concurrent Cleanup for Next Mark 1.027ms
[96.970s][info][gc             ] GC(261) Concurrent Mark Cycle 106.690ms
[97.768s][info][gc,start       ] GC(262) Pause Young (Prepare Mixed) (G1 Evacuation Pause)
[97.768s][info][gc,task        ] GC(262) Using 32 workers of 33 for evacuation
[97.813s][info][gc,phases      ] GC(262)   Pre Evacuate Collection Set: 0.2ms
[97.813s][info][gc,phases      ] GC(262)   Merge Heap Roots: 0.8ms
[97.813s][info][gc,phases      ] GC(262)   Evacuate Collection Set: 43.1ms
[97.813s][info][gc,phases      ] GC(262)   Post Evacuate Collection Set: 0.8ms
[97.813s][info][gc,phases      ] GC(262)   Other: 0.1ms
[97.813s][info][gc,heap        ] GC(262) Eden regions: 256->0(315)
[97.813s][info][gc,heap        ] GC(262) Survivor regions: 20->35(35)
[97.813s][info][gc,heap        ] GC(262) Old regions: 165->179
[97.813s][info][gc,heap        ] GC(262) Archive regions: 0->0
[97.813s][info][gc,heap        ] GC(262) Humongous regions: 55->49
[97.813s][info][gc,metaspace   ] GC(262) Metaspace: 67463K(68480K)->67463K(68480K) NonClass: 59041K(59584K)->59041K(59584K) Class: 8422K(8896K)->8422K(8896K)
[97.813s][info][gc             ] GC(262) Pause Young (Prepare Mixed) (G1 Evacuation Pause) 978M->512M(1340M) 45.259ms
[97.813s][info][gc,cpu         ] GC(262) User=2.00s Sys=0.00s Real=0.06s
[98.488s][info][gc,start       ] GC(263) Pause Young (Mixed) (G1 Evacuation Pause)
[98.488s][info][gc,task        ] GC(263) Using 32 workers of 33 for evacuation
[98.539s][info][gc,phases      ] GC(263)   Pre Evacuate Collection Set: 0.3ms
[98.539s][info][gc,phases      ] GC(263)   Merge Heap Roots: 0.7ms
[98.539s][info][gc,phases      ] GC(263)   Evacuate Collection Set: 49.1ms
[98.539s][info][gc,phases      ] GC(263)   Post Evacuate Collection Set: 0.8ms
[98.539s][info][gc,phases      ] GC(263)   Other: 0.2ms
[98.539s][info][gc,heap        ] GC(263) Eden regions: 315->0(292)
[98.539s][info][gc,heap        ] GC(263) Survivor regions: 35->44(44)
[98.539s][info][gc,heap        ] GC(263) Old regions: 179->179
[98.539s][info][gc,heap        ] GC(263) Archive regions: 0->0
[98.539s][info][gc,heap        ] GC(263) Humongous regions: 71->65
[98.539s][info][gc,metaspace   ] GC(263) Metaspace: 67533K(68544K)->67533K(68544K) NonClass: 59111K(59648K)->59111K(59648K) Class: 8422K(8896K)->8422K(8896K)
[98.539s][info][gc             ] GC(263) Pause Young (Mixed) (G1 Evacuation Pause) 1186M->563M(1340M) 51.260ms
[98.539s][info][gc,cpu         ] GC(263) User=1.50s Sys=0.00s Real=0.05s
[98.602s][info][gc,start       ] GC(264) Pause Young (Concurrent Start) (G1 Humongous Allocation)
[98.603s][info][gc,task        ] GC(264) Using 32 workers of 33 for evacuation
[98.631s][info][gc,phases      ] GC(264)   Pre Evacuate Collection Set: 0.4ms
[98.631s][info][gc,phases      ] GC(264)   Merge Heap Roots: 0.3ms
[98.631s][info][gc,phases      ] GC(264)   Evacuate Collection Set: 26.4ms
[98.631s][info][gc,phases      ] GC(264)   Post Evacuate Collection Set: 1.5ms
[98.631s][info][gc,phases      ] GC(264)   Other: 0.1ms
[98.631s][info][gc,heap        ] GC(264) Eden regions: 62->0(368)
[98.632s][info][gc,heap        ] GC(264) Survivor regions: 44->13(42)
[98.632s][info][gc,heap        ] GC(264) Old regions: 179->227
[98.632s][info][gc,heap        ] GC(264) Archive regions: 0->0
[98.632s][info][gc,heap        ] GC(264) Humongous regions: 65->65
[98.632s][info][gc,metaspace   ] GC(264) Metaspace: 67534K(68544K)->67534K(68544K) NonClass: 59111K(59648K)->59111K(59648K) Class: 8422K(8896K)->8422K(8896K)
[98.632s][info][gc             ] GC(264) Pause Young (Concurrent Start) (G1 Humongous Allocation) 687M->597M(1568M) 29.118ms
[98.632s][info][gc             ] GC(265) Concurrent Mark Cycle
[98.632s][info][gc,cpu         ] GC(264) User=1.00s Sys=0.00s Real=0.04s
[98.632s][info][gc,marking     ] GC(265) Concurrent Scan Root Regions
[98.640s][info][gc,marking     ] GC(265) Concurrent Scan Root Regions 8.050ms
[98.640s][info][gc,marking     ] GC(265) Concurrent Mark
[98.640s][info][gc,marking     ] GC(265) Concurrent Mark From Roots
[98.640s][info][gc,task        ] GC(265) Using 8 workers of 8 for marking
[98.674s][info][gc,marking     ] GC(265) Concurrent Mark From Roots 34.040ms
[98.674s][info][gc,marking     ] GC(265) Concurrent Preclean
[98.674s][info][gc,marking     ] GC(265) Concurrent Preclean 0.080ms
[98.674s][info][gc,start       ] GC(265) Pause Remark
[98.677s][info][gc             ] GC(265) Pause Remark 701M->477M(1568M) 2.722ms
[98.677s][info][gc,cpu         ] GC(265) User=0.00s Sys=0.00s Real=0.00s
[98.677s][info][gc,marking     ] GC(265) Concurrent Mark 37.179ms
[98.677s][info][gc,marking     ] GC(265) Concurrent Rebuild Remembered Sets and Scrub Regions
[98.699s][info][gc,marking     ] GC(265) Concurrent Rebuild Remembered Sets and Scrub Regions 22.169ms
[98.699s][info][gc,start       ] GC(265) Pause Cleanup
[98.700s][info][gc             ] GC(265) Pause Cleanup 489M->489M(1568M) 0.309ms
[98.700s][info][gc,cpu         ] GC(265) User=0.00s Sys=0.00s Real=0.00s
[98.700s][info][gc,marking     ] GC(265) Concurrent Clear Claimed Marks
[98.700s][info][gc,marking     ] GC(265) Concurrent Clear Claimed Marks 0.105ms
[98.700s][info][gc,marking     ] GC(265) Concurrent Cleanup for Next Mark
[98.702s][info][gc,marking     ] GC(265) Concurrent Cleanup for Next Mark 2.150ms
[98.702s][info][gc             ] GC(265) Concurrent Mark Cycle 70.463ms
[99.372s][info][gc,start       ] GC(266) Pause Young (Prepare Mixed) (G1 Evacuation Pause)
[99.372s][info][gc,task        ] GC(266) Using 33 workers of 33 for evacuation
[99.423s][info][gc,phases      ] GC(266)   Pre Evacuate Collection Set: 0.3ms
[99.423s][info][gc,phases      ] GC(266)   Merge Heap Roots: 0.9ms
[99.423s][info][gc,phases      ] GC(266)   Evacuate Collection Set: 48.9ms
[99.423s][info][gc,phases      ] GC(266)   Post Evacuate Collection Set: 0.8ms
[99.423s][info][gc,phases      ] GC(266)   Other: 0.2ms
[99.423s][info][gc,heap        ] GC(266) Eden regions: 368->0(379)
[99.423s][info][gc,heap        ] GC(266) Survivor regions: 13->48(48)
[99.424s][info][gc,heap        ] GC(266) Old regions: 173->177
[99.424s][info][gc,heap        ] GC(266) Archive regions: 0->0
[99.424s][info][gc,heap        ] GC(266) Humongous regions: 171->61
[99.424s][info][gc,metaspace   ] GC(266) Metaspace: 67541K(68544K)->67541K(68544K) NonClass: 59119K(59648K)->59119K(59648K) Class: 8422K(8896K)->8422K(8896K)
[99.424s][info][gc             ] GC(266) Pause Young (Prepare Mixed) (G1 Evacuation Pause) 1437M->559M(1568M) 51.407ms
[99.424s][info][gc,cpu         ] GC(266) User=1.55s Sys=0.00s Real=0.05s
[99.602s][info][gc,start       ] GC(267) Pause Full (System.gc())
[99.602s][info][gc,task        ] GC(267) Using 33 workers of 33 for full compaction
[99.604s][info][gc,phases,start] GC(267) Phase 1: Mark live objects
[99.633s][info][gc,phases      ] GC(267) Phase 1: Mark live objects 29.114ms
[99.633s][info][gc,phases,start] GC(267) Phase 2: Prepare compaction
[99.640s][info][gc,phases      ] GC(267) Phase 2: Prepare compaction 6.687ms
[99.640s][info][gc,phases,start] GC(267) Phase 3: Adjust pointers
[99.650s][info][gc,phases      ] GC(267) Phase 3: Adjust pointers 9.971ms
[99.650s][info][gc,phases,start] GC(267) Phase 4: Compact heap
[99.651s][info][gc,phases      ] GC(267) Phase 4: Compact heap 1.459ms
[99.662s][info][gc,heap        ] GC(267) Eden regions: 141->0(163)
[99.662s][info][gc,heap        ] GC(267) Survivor regions: 48->0(48)
[99.662s][info][gc,heap        ] GC(267) Old regions: 177->89
[99.662s][info][gc,heap        ] GC(267) Archive regions: 0->0
[99.662s][info][gc,heap        ] GC(267) Humongous regions: 63->3
[99.662s][info][gc,metaspace   ] GC(267) Metaspace: 67541K(68544K)->67541K(68544K) NonClass: 59119K(59648K)->59119K(59648K) Class: 8422K(8896K)->8422K(8896K)
[99.662s][info][gc             ] GC(267) Pause Full (System.gc()) 844M->148M(614M) 60.035ms
[99.662s][info][gc,cpu         ] GC(267) User=1.91s Sys=0.00s Real=0.06s
[99.695s][info][gc,start       ] GC(268) Pause Young (Concurrent Start) (G1 Humongous Allocation)
[99.695s][info][gc,task        ] GC(268) Using 23 workers of 33 for evacuation
[99.697s][info][gc,phases      ] GC(268)   Pre Evacuate Collection Set: 0.4ms
[99.697s][info][gc,phases      ] GC(268)   Merge Heap Roots: 0.1ms
[99.697s][info][gc,phases      ] GC(268)   Evacuate Collection Set: 1.0ms
[99.697s][info][gc,phases      ] GC(268)   Post Evacuate Collection Set: 0.6ms
[99.697s][info][gc,phases      ] GC(268)   Other: 0.1ms
[99.697s][info][gc,heap        ] GC(268) Eden regions: 11->0(166)
[99.697s][info][gc,heap        ] GC(268) Survivor regions: 0->6(21)
[99.697s][info][gc,heap        ] GC(268) Old regions: 89->89
[99.697s][info][gc,heap        ] GC(268) Archive regions: 0->0
[99.698s][info][gc,heap        ] GC(268) Humongous regions: 3->3
[99.698s][info][gc,metaspace   ] GC(268) Metaspace: 67548K(68544K)->67548K(68544K) NonClass: 59126K(59648K)->59126K(59648K) Class: 8422K(8896K)->8422K(8896K)
[99.698s][info][gc             ] GC(268) Pause Young (Concurrent Start) (G1 Humongous Allocation) 170M->160M(614M) 2.575ms
[99.698s][info][gc             ] GC(269) Concurrent Mark Cycle
[99.698s][info][gc,cpu         ] GC(268) User=0.00s Sys=0.00s Real=0.00s
[99.698s][info][gc,marking     ] GC(269) Concurrent Scan Root Regions
[99.698s][info][gc,marking     ] GC(269) Concurrent Scan Root Regions 0.780ms
[99.699s][info][gc,marking     ] GC(269) Concurrent Mark
[99.699s][info][gc,marking     ] GC(269) Concurrent Mark From Roots
[99.699s][info][gc,task        ] GC(269) Using 8 workers of 8 for marking
[99.740s][info][gc,marking     ] GC(269) Concurrent Mark From Roots 41.180ms
[99.740s][info][gc,marking     ] GC(269) Concurrent Preclean
[99.740s][info][gc,marking     ] GC(269) Concurrent Preclean 0.189ms
[99.740s][info][gc,start       ] GC(269) Pause Remark
[99.742s][info][gc             ] GC(269) Pause Remark 191M->191M(614M) 1.999ms
[99.742s][info][gc,cpu         ] GC(269) User=0.00s Sys=0.00s Real=0.00s
[99.742s][info][gc,marking     ] GC(269) Concurrent Mark 43.799ms
[99.742s][info][gc,marking     ] GC(269) Concurrent Rebuild Remembered Sets and Scrub Regions
[99.754s][info][gc,marking     ] GC(269) Concurrent Rebuild Remembered Sets and Scrub Regions 11.918ms
[99.755s][info][gc,start       ] GC(269) Pause Cleanup
[99.755s][info][gc             ] GC(269) Pause Cleanup 210M->210M(614M) 0.191ms
[99.755s][info][gc,cpu         ] GC(269) User=0.00s Sys=0.00s Real=0.00s
[99.755s][info][gc,marking     ] GC(269) Concurrent Clear Claimed Marks
[99.755s][info][gc,marking     ] GC(269) Concurrent Clear Claimed Marks 0.124ms
[99.755s][info][gc,marking     ] GC(269) Concurrent Cleanup for Next Mark
[99.755s][info][gc,marking     ] GC(269) Concurrent Cleanup for Next Mark 0.436ms
[99.755s][info][gc             ] GC(269) Concurrent Mark Cycle 57.772ms
[99.890s][info][gc,start       ] GC(270) Pause Young (Prepare Mixed) (G1 Evacuation Pause)
[99.890s][info][gc,task        ] GC(270) Using 18 workers of 33 for evacuation
[99.915s][info][gc,phases      ] GC(270)   Pre Evacuate Collection Set: 0.2ms
[99.916s][info][gc,phases      ] GC(270)   Merge Heap Roots: 0.2ms
[99.916s][info][gc,phases      ] GC(270)   Evacuate Collection Set: 24.7ms
[99.916s][info][gc,phases      ] GC(270)   Post Evacuate Collection Set: 0.4ms
[99.916s][info][gc,phases      ] GC(270)   Other: 0.2ms
[99.916s][info][gc,heap        ] GC(270) Eden regions: 166->0(123)
[99.916s][info][gc,heap        ] GC(270) Survivor regions: 6->22(22)
[99.916s][info][gc,heap        ] GC(270) Old regions: 89->109
[99.916s][info][gc,heap        ] GC(270) Archive regions: 0->0
[99.916s][info][gc,heap        ] GC(270) Humongous regions: 18->15
[99.916s][info][gc,metaspace   ] GC(270) Metaspace: 67551K(68544K)->67551K(68544K) NonClass: 59129K(59648K)->59129K(59648K) Class: 8422K(8896K)->8422K(8896K)
[99.916s][info][gc             ] GC(270) Pause Young (Prepare Mixed) (G1 Evacuation Pause) 522M->255M(642M) 26.092ms
[99.916s][info][gc,cpu         ] GC(270) User=0.28s Sys=0.00s Real=0.03s
[100.041s][info][gc,start       ] GC(271) Pause Young (Mixed) (G1 Evacuation Pause)
[100.042s][info][gc,task        ] GC(271) Using 16 workers of 33 for evacuation
[100.078s][info][gc,phases      ] GC(271)   Pre Evacuate Collection Set: 0.2ms
[100.078s][info][gc,phases      ] GC(271)   Merge Heap Roots: 0.4ms
[100.078s][info][gc,phases      ] GC(271)   Evacuate Collection Set: 35.0ms
[100.078s][info][gc,phases      ] GC(271)   Post Evacuate Collection Set: 0.4ms
[100.078s][info][gc,phases      ] GC(271)   Other: 0.2ms
[100.078s][info][gc,heap        ] GC(271) Eden regions: 123->0(108)
[100.078s][info][gc,heap        ] GC(271) Survivor regions: 22->15(19)
[100.078s][info][gc,heap        ] GC(271) Old regions: 109->129
[100.078s][info][gc,heap        ] GC(271) Archive regions: 0->0
[100.078s][info][gc,heap        ] GC(271) Humongous regions: 27->27
[100.078s][info][gc,metaspace   ] GC(271) Metaspace: 67551K(68544K)->67551K(68544K) NonClass: 59129K(59648K)->59129K(59648K) Class: 8422K(8896K)->8422K(8896K)
[100.078s][info][gc             ] GC(271) Pause Young (Mixed) (G1 Evacuation Pause) 525M->314M(642M) 36.854ms
[100.078s][info][gc,cpu         ] GC(271) User=0.50s Sys=0.00s Real=0.03s
[100.177s][info][gc,start       ] GC(272) Pause Young (Concurrent Start) (G1 Humongous Allocation)
[100.177s][info][gc,task        ] GC(272) Using 15 workers of 33 for evacuation
[100.204s][info][gc,phases      ] GC(272)   Pre Evacuate Collection Set: 0.4ms
[100.204s][info][gc,phases      ] GC(272)   Merge Heap Roots: 0.2ms
[100.204s][info][gc,phases      ] GC(272)   Evacuate Collection Set: 25.5ms
[100.204s][info][gc,phases      ] GC(272)   Post Evacuate Collection Set: 0.5ms
[100.204s][info][gc,phases      ] GC(272)   Other: 0.1ms
[100.204s][info][gc,heap        ] GC(272) Eden regions: 97->0(103)
[100.204s][info][gc,heap        ] GC(272) Survivor regions: 15->11(16)
[100.204s][info][gc,heap        ] GC(272) Old regions: 129->144
[100.204s][info][gc,heap        ] GC(272) Archive regions: 0->0
[100.204s][info][gc,heap        ] GC(272) Humongous regions: 27->27
[100.204s][info][gc,metaspace   ] GC(272) Metaspace: 67551K(68544K)->67551K(68544K) NonClass: 59129K(59648K)->59129K(59648K) Class: 8422K(8896K)->8422K(8896K)
[100.204s][info][gc             ] GC(272) Pause Young (Concurrent Start) (G1 Humongous Allocation) 508M->335M(642M) 27.151ms
[100.204s][info][gc             ] GC(273) Concurrent Mark Cycle
[100.204s][info][gc,cpu         ] GC(272) User=0.47s Sys=0.00s Real=0.03s
[100.204s][info][gc,marking     ] GC(273) Concurrent Scan Root Regions
[100.210s][info][gc,marking     ] GC(273) Concurrent Scan Root Regions 5.730ms
[100.210s][info][gc,marking     ] GC(273) Concurrent Mark
[100.210s][info][gc,marking     ] GC(273) Concurrent Mark From Roots
[100.210s][info][gc,task        ] GC(273) Using 8 workers of 8 for marking
[100.267s][info][gc,marking     ] GC(273) Concurrent Mark From Roots 56.910ms
[100.267s][info][gc,marking     ] GC(273) Concurrent Preclean
[100.267s][info][gc,marking     ] GC(273) Concurrent Preclean 0.206ms
[100.267s][info][gc,start       ] GC(273) Pause Remark
[100.270s][info][gc             ] GC(273) Pause Remark 435M->419M(748M) 2.383ms
[100.270s][info][gc,cpu         ] GC(273) User=0.00s Sys=0.00s Real=0.00s
[100.270s][info][gc,marking     ] GC(273) Concurrent Mark 59.873ms
[100.270s][info][gc,marking     ] GC(273) Concurrent Rebuild Remembered Sets and Scrub Regions
[100.316s][info][gc,marking     ] GC(273) Concurrent Rebuild Remembered Sets and Scrub Regions 46.640ms
[100.317s][info][gc,start       ] GC(273) Pause Cleanup
[100.317s][info][gc             ] GC(273) Pause Cleanup 487M->487M(748M) 0.222ms
[100.317s][info][gc,cpu         ] GC(273) User=0.00s Sys=0.00s Real=0.00s
[100.317s][info][gc,marking     ] GC(273) Concurrent Clear Claimed Marks
[100.317s][info][gc,marking     ] GC(273) Concurrent Clear Claimed Marks 0.094ms
[100.317s][info][gc,marking     ] GC(273) Concurrent Cleanup for Next Mark
[100.318s][info][gc,marking     ] GC(273) Concurrent Cleanup for Next Mark 1.104ms
[100.318s][info][gc             ] GC(273) Concurrent Mark Cycle 114.154ms
[100.350s][info][gc,start       ] GC(274) Pause Young (Prepare Mixed) (G1 Evacuation Pause)
[100.350s][info][gc,task        ] GC(274) Using 17 workers of 33 for evacuation
[100.376s][info][gc,phases      ] GC(274)   Pre Evacuate Collection Set: 0.2ms
[100.376s][info][gc,phases      ] GC(274)   Merge Heap Roots: 0.7ms
[100.376s][info][gc,phases      ] GC(274)   Evacuate Collection Set: 24.2ms
[100.376s][info][gc,phases      ] GC(274)   Post Evacuate Collection Set: 0.5ms
[100.376s][info][gc,phases      ] GC(274)   Other: 0.2ms
[100.376s][info][gc,heap        ] GC(274) Eden regions: 103->0(134)
[100.376s][info][gc,heap        ] GC(274) Survivor regions: 11->10(15)
[100.376s][info][gc,heap        ] GC(274) Old regions: 144->154
[100.376s][info][gc,heap        ] GC(274) Archive regions: 0->0
[100.376s][info][gc,heap        ] GC(274) Humongous regions: 31->31
[100.376s][info][gc,metaspace   ] GC(274) Metaspace: 67551K(68544K)->67551K(68544K) NonClass: 59129K(59648K)->59129K(59648K) Class: 8422K(8896K)->8422K(8896K)
[100.376s][info][gc             ] GC(274) Pause Young (Prepare Mixed) (G1 Evacuation Pause) 549M->360M(748M) 26.273ms
[100.376s][info][gc,cpu         ] GC(274) User=0.27s Sys=0.00s Real=0.02s
[100.505s][info][gc,start       ] GC(275) Pause Young (Mixed) (G1 Evacuation Pause)
[100.505s][info][gc,task        ] GC(275) Using 17 workers of 33 for evacuation
[100.537s][info][gc,phases      ] GC(275)   Pre Evacuate Collection Set: 0.2ms
[100.537s][info][gc,phases      ] GC(275)   Merge Heap Roots: 0.2ms
[100.537s][info][gc,phases      ] GC(275)   Evacuate Collection Set: 21.6ms
[100.537s][info][gc,phases      ] GC(275)   Post Evacuate Collection Set: 9.8ms
[100.537s][info][gc,phases      ] GC(275)   Other: 0.2ms
[100.537s][info][gc,heap        ] GC(275) Eden regions: 134->0(564)
[100.537s][info][gc,heap        ] GC(275) Survivor regions: 10->18(18)
[100.538s][info][gc,heap        ] GC(275) Old regions: 154->150
[100.538s][info][gc,heap        ] GC(275) Archive regions: 0->0
[100.538s][info][gc,heap        ] GC(275) Humongous regions: 31->31
[100.538s][info][gc,metaspace   ] GC(275) Metaspace: 67551K(68544K)->67551K(68544K) NonClass: 59129K(59648K)->59129K(59648K) Class: 8422K(8896K)->8422K(8896K)
[100.538s][info][gc             ] GC(275) Pause Young (Mixed) (G1 Evacuation Pause) 628M->379M(1942M) 32.484ms
[100.538s][info][gc,cpu         ] GC(275) User=0.53s Sys=0.02s Real=0.05s
[100.970s][info][gc,start       ] GC(276) Pause Young (Concurrent Start) (G1 Humongous Allocation)
[100.970s][info][gc,task        ] GC(276) Using 33 workers of 33 for evacuation
[101.002s][info][gc,phases      ] GC(276)   Pre Evacuate Collection Set: 0.4ms
[101.002s][info][gc,phases      ] GC(276)   Merge Heap Roots: 0.3ms
[101.002s][info][gc,phases      ] GC(276)   Evacuate Collection Set: 30.0ms
[101.002s][info][gc,phases      ] GC(276)   Post Evacuate Collection Set: 0.6ms
[101.002s][info][gc,phases      ] GC(276)   Other: 0.2ms
[101.002s][info][gc,heap        ] GC(276) Eden regions: 229->0(551)
[101.002s][info][gc,heap        ] GC(276) Survivor regions: 18->31(73)
[101.002s][info][gc,heap        ] GC(276) Old regions: 150->150
[101.002s][info][gc,heap        ] GC(276) Archive regions: 0->0
[101.002s][info][gc,heap        ] GC(276) Humongous regions: 31->31
[101.002s][info][gc,metaspace   ] GC(276) Metaspace: 67551K(68544K)->67551K(68544K) NonClass: 59129K(59648K)->59129K(59648K) Class: 8422K(8896K)->8422K(8896K)
[101.002s][info][gc             ] GC(276) Pause Young (Concurrent Start) (G1 Humongous Allocation) 836M->404M(1942M) 31.859ms
[101.002s][info][gc             ] GC(277) Concurrent Mark Cycle
[101.002s][info][gc,cpu         ] GC(276) User=0.89s Sys=0.14s Real=0.03s
[101.002s][info][gc,marking     ] GC(277) Concurrent Scan Root Regions
[101.013s][info][gc,marking     ] GC(277) Concurrent Scan Root Regions 10.436ms
[101.013s][info][gc,marking     ] GC(277) Concurrent Mark
[101.013s][info][gc,marking     ] GC(277) Concurrent Mark From Roots
[101.013s][info][gc,task        ] GC(277) Using 8 workers of 8 for marking
[101.064s][info][gc,marking     ] GC(277) Concurrent Mark From Roots 51.082ms
[101.064s][info][gc,marking     ] GC(277) Concurrent Preclean
[101.064s][info][gc,marking     ] GC(277) Concurrent Preclean 0.132ms
[101.064s][info][gc,start       ] GC(277) Pause Remark
[101.067s][info][gc             ] GC(277) Pause Remark 406M->310M(1108M) 2.551ms
[101.067s][info][gc,cpu         ] GC(277) User=0.00s Sys=0.00s Real=0.00s
[101.067s][info][gc,marking     ] GC(277) Concurrent Mark 54.118ms
[101.067s][info][gc,marking     ] GC(277) Concurrent Rebuild Remembered Sets and Scrub Regions
[101.108s][info][gc,marking     ] GC(277) Concurrent Rebuild Remembered Sets and Scrub Regions 41.476ms
[101.109s][info][gc,start       ] GC(277) Pause Cleanup
[101.109s][info][gc             ] GC(277) Pause Cleanup 316M->316M(1108M) 0.272ms
[101.109s][info][gc,cpu         ] GC(277) User=0.00s Sys=0.00s Real=0.00s
[101.109s][info][gc,marking     ] GC(277) Concurrent Clear Claimed Marks
[101.109s][info][gc,marking     ] GC(277) Concurrent Clear Claimed Marks 0.123ms
[101.109s][info][gc,marking     ] GC(277) Concurrent Cleanup for Next Mark
[101.111s][info][gc,marking     ] GC(277) Concurrent Cleanup for Next Mark 2.413ms
[101.112s][info][gc             ] GC(277) Concurrent Mark Cycle 109.358ms
[101.930s][info][gc,start       ] GC(278) Pause Young (Prepare Mixed) (G1 Evacuation Pause)
[101.930s][info][gc,task        ] GC(278) Using 29 workers of 33 for evacuation
[101.996s][info][gc,phases      ] GC(278)   Pre Evacuate Collection Set: 0.3ms
[101.996s][info][gc,phases      ] GC(278)   Merge Heap Roots: 0.7ms
[101.996s][info][gc,phases      ] GC(278)   Evacuate Collection Set: 63.9ms
[101.996s][info][gc,phases      ] GC(278)   Post Evacuate Collection Set: 0.8ms
[101.996s][info][gc,phases      ] GC(278)   Other: 0.2ms
[101.996s][info][gc,heap        ] GC(278) Eden regions: 301->0(242)
[101.996s][info][gc,heap        ] GC(278) Survivor regions: 31->42(42)
[101.996s][info][gc,heap        ] GC(278) Old regions: 118->162
[101.996s][info][gc,heap        ] GC(278) Archive regions: 0->0
[101.996s][info][gc,heap        ] GC(278) Humongous regions: 51->48
[101.996s][info][gc,metaspace   ] GC(278) Metaspace: 67639K(68608K)->67639K(68608K) NonClass: 59217K(59712K)->59217K(59712K) Class: 8422K(8896K)->8422K(8896K)
[101.996s][info][gc             ] GC(278) Pause Young (Prepare Mixed) (G1 Evacuation Pause) 982M->485M(1174M) 66.194ms
[101.996s][info][gc,cpu         ] GC(278) User=1.55s Sys=0.27s Real=0.05s
[102.264s][info][gc,start       ] GC(279) Pause Young (Mixed) (G1 Evacuation Pause)
[102.265s][info][gc,task        ] GC(279) Using 28 workers of 33 for evacuation
[102.316s][info][gc,phases      ] GC(279)   Pre Evacuate Collection Set: 0.2ms
[102.316s][info][gc,phases      ] GC(279)   Merge Heap Roots: 0.9ms
[102.316s][info][gc,phases      ] GC(279)   Evacuate Collection Set: 49.6ms
[102.316s][info][gc,phases      ] GC(279)   Post Evacuate Collection Set: 0.6ms
[102.316s][info][gc,phases      ] GC(279)   Other: 0.2ms
[102.316s][info][gc,heap        ] GC(279) Eden regions: 242->0(215)
[102.316s][info][gc,heap        ] GC(279) Survivor regions: 42->28(36)
[102.316s][info][gc,heap        ] GC(279) Old regions: 162->200
[102.316s][info][gc,heap        ] GC(279) Archive regions: 0->0
[102.316s][info][gc,heap        ] GC(279) Humongous regions: 71->71
[102.316s][info][gc,metaspace   ] GC(279) Metaspace: 67639K(68608K)->67639K(68608K) NonClass: 59217K(59712K)->59217K(59712K) Class: 8422K(8896K)->8422K(8896K)
[102.316s][info][gc             ] GC(279) Pause Young (Mixed) (G1 Evacuation Pause) 1015M->584M(1182M) 51.853ms
[102.316s][info][gc,cpu         ] GC(279) User=1.75s Sys=0.00s Real=0.06s
[102.532s][info][gc,start       ] GC(280) Pause Young (Concurrent Start) (G1 Evacuation Pause)
[102.532s][info][gc,task        ] GC(280) Using 28 workers of 33 for evacuation
[102.564s][info][gc,phases      ] GC(280)   Pre Evacuate Collection Set: 0.4ms
[102.565s][info][gc,phases      ] GC(280)   Merge Heap Roots: 0.3ms
[102.565s][info][gc,phases      ] GC(280)   Evacuate Collection Set: 30.9ms
[102.565s][info][gc,phases      ] GC(280)   Post Evacuate Collection Set: 0.5ms
[102.565s][info][gc,phases      ] GC(280)   Other: 0.1ms
[102.565s][info][gc,heap        ] GC(280) Eden regions: 215->0(210)
[102.565s][info][gc,heap        ] GC(280) Survivor regions: 28->18(31)
[102.565s][info][gc,heap        ] GC(280) Old regions: 200->226
[102.565s][info][gc,heap        ] GC(280) Archive regions: 0->0
[102.565s][info][gc,heap        ] GC(280) Humongous regions: 71->71
[102.565s][info][gc,metaspace   ] GC(280) Metaspace: 67639K(68608K)->67639K(68608K) NonClass: 59217K(59712K)->59217K(59712K) Class: 8422K(8896K)->8422K(8896K)
[102.565s][info][gc             ] GC(280) Pause Young (Concurrent Start) (G1 Evacuation Pause) 1014M->617M(1182M) 32.588ms
[102.565s][info][gc             ] GC(281) Concurrent Mark Cycle
[102.565s][info][gc,cpu         ] GC(280) User=0.88s Sys=0.00s Real=0.03s
[102.565s][info][gc,marking     ] GC(281) Concurrent Scan Root Regions
[102.574s][info][gc,marking     ] GC(281) Concurrent Scan Root Regions 9.228ms
[102.574s][info][gc,marking     ] GC(281) Concurrent Mark
[102.574s][info][gc,marking     ] GC(281) Concurrent Mark From Roots
[102.574s][info][gc,task        ] GC(281) Using 8 workers of 8 for marking
[102.632s][info][gc,marking     ] GC(281) Concurrent Mark From Roots 57.977ms
[102.632s][info][gc,marking     ] GC(281) Concurrent Preclean
[102.632s][info][gc,marking     ] GC(281) Concurrent Preclean 0.213ms
[102.633s][info][gc,start       ] GC(281) Pause Remark
[102.635s][info][gc             ] GC(281) Pause Remark 718M->554M(1182M) 2.509ms
[102.635s][info][gc,cpu         ] GC(281) User=0.00s Sys=0.00s Real=0.00s
[102.635s][info][gc,marking     ] GC(281) Concurrent Mark 61.132ms
[102.635s][info][gc,marking     ] GC(281) Concurrent Rebuild Remembered Sets and Scrub Regions
[102.689s][info][gc,marking     ] GC(281) Concurrent Rebuild Remembered Sets and Scrub Regions 53.739ms
[102.689s][info][gc,start       ] GC(281) Pause Cleanup
[102.689s][info][gc             ] GC(281) Pause Cleanup 643M->643M(1182M) 0.328ms
[102.690s][info][gc,cpu         ] GC(281) User=0.00s Sys=0.00s Real=0.00s
[102.690s][info][gc,marking     ] GC(281) Concurrent Clear Claimed Marks
[102.690s][info][gc,marking     ] GC(281) Concurrent Clear Claimed Marks 0.090ms
[102.690s][info][gc,marking     ] GC(281) Concurrent Cleanup for Next Mark
[102.691s][info][gc,marking     ] GC(281) Concurrent Cleanup for Next Mark 0.882ms
[102.691s][info][gc             ] GC(281) Concurrent Mark Cycle 125.871ms
[103.396s][info][gc,start       ] GC(282) Pause Young (Prepare Mixed) (G1 Evacuation Pause)
[103.396s][info][gc,task        ] GC(282) Using 28 workers of 33 for evacuation
[103.438s][info][gc,phases      ] GC(282)   Pre Evacuate Collection Set: 0.3ms
[103.438s][info][gc,phases      ] GC(282)   Merge Heap Roots: 0.8ms
[103.438s][info][gc,phases      ] GC(282)   Evacuate Collection Set: 39.8ms
[103.438s][info][gc,phases      ] GC(282)   Post Evacuate Collection Set: 0.8ms
[103.438s][info][gc,phases      ] GC(282)   Other: 0.2ms
[103.438s][info][gc,heap        ] GC(282) Eden regions: 210->0(245)
[103.438s][info][gc,heap        ] GC(282) Survivor regions: 18->22(29)
[103.438s][info][gc,heap        ] GC(282) Old regions: 192->207
[103.438s][info][gc,heap        ] GC(282) Archive regions: 0->0
[103.438s][info][gc,heap        ] GC(282) Humongous regions: 46->43
[103.438s][info][gc,metaspace   ] GC(282) Metaspace: 67654K(68672K)->67654K(68672K) NonClass: 59231K(59776K)->59231K(59776K) Class: 8422K(8896K)->8422K(8896K)
[103.438s][info][gc             ] GC(282) Pause Young (Prepare Mixed) (G1 Evacuation Pause) 919M->531M(1182M) 42.123ms
[103.438s][info][gc,cpu         ] GC(282) User=1.31s Sys=0.00s Real=0.04s
[103.973s][info][gc,start       ] GC(283) Pause Young (Mixed) (G1 Evacuation Pause)
[103.973s][info][gc,task        ] GC(283) Using 28 workers of 33 for evacuation
[104.025s][info][gc,phases      ] GC(283)   Pre Evacuate Collection Set: 0.3ms
[104.025s][info][gc,phases      ] GC(283)   Merge Heap Roots: 0.8ms
[104.025s][info][gc,phases      ] GC(283)   Evacuate Collection Set: 48.1ms
[104.025s][info][gc,phases      ] GC(283)   Post Evacuate Collection Set: 2.5ms
[104.025s][info][gc,phases      ] GC(283)   Other: 0.2ms
[104.025s][info][gc,heap        ] GC(283) Eden regions: 245->0(468)
[104.025s][info][gc,heap        ] GC(283) Survivor regions: 22->34(34)
[104.025s][info][gc,heap        ] GC(283) Old regions: 207->203
[104.025s][info][gc,heap        ] GC(283) Archive regions: 0->0
[104.025s][info][gc,heap        ] GC(283) Humongous regions: 73->67
[104.025s][info][gc,metaspace   ] GC(283) Metaspace: 67718K(68672K)->67718K(68672K) NonClass: 59294K(59776K)->59294K(59776K) Class: 8424K(8896K)->8424K(8896K)
[104.025s][info][gc             ] GC(283) Pause Young (Mixed) (G1 Evacuation Pause) 1081M->594M(1786M) 52.203ms
[104.025s][info][gc,cpu         ] GC(283) User=1.28s Sys=0.03s Real=0.05s
[104.401s][info][gc,start       ] GC(284) Pause Young (Concurrent Start) (G1 Humongous Allocation)
[104.432s][info][gc,task        ] GC(284) Using 33 workers of 33 for evacuation
[104.462s][info][gc,phases      ] GC(284)   Pre Evacuate Collection Set: 0.5ms
[104.462s][info][gc,phases      ] GC(284)   Merge Heap Roots: 0.4ms
[104.462s][info][gc,phases      ] GC(284)   Evacuate Collection Set: 29.0ms
[104.462s][info][gc,phases      ] GC(284)   Post Evacuate Collection Set: 0.6ms
[104.462s][info][gc,phases      ] GC(284)   Other: 0.1ms
[104.462s][info][gc,heap        ] GC(284) Eden regions: 102->0(449)
[104.462s][info][gc,heap        ] GC(284) Survivor regions: 34->10(63)
[104.462s][info][gc,heap        ] GC(284) Old regions: 203->236
[104.462s][info][gc,heap        ] GC(284) Archive regions: 0->0
[104.463s][info][gc,heap        ] GC(284) Humongous regions: 67->67
[104.463s][info][gc,metaspace   ] GC(284) Metaspace: 67724K(68736K)->67724K(68736K) NonClass: 59300K(59840K)->59300K(59840K) Class: 8424K(8896K)->8424K(8896K)
[104.463s][info][gc             ] GC(284) Pause Young (Concurrent Start) (G1 Humongous Allocation) 797M->612M(1786M) 61.361ms
[104.463s][info][gc             ] GC(285) Concurrent Mark Cycle
[104.463s][info][gc,cpu         ] GC(284) User=0.95s Sys=0.08s Real=0.06s
[104.463s][info][gc,marking     ] GC(285) Concurrent Scan Root Regions
[104.468s][info][gc,marking     ] GC(285) Concurrent Scan Root Regions 5.427ms
[104.468s][info][gc,marking     ] GC(285) Concurrent Mark
[104.468s][info][gc,marking     ] GC(285) Concurrent Mark From Roots
[104.468s][info][gc,task        ] GC(285) Using 8 workers of 8 for marking
[104.498s][info][gc,marking     ] GC(285) Concurrent Mark From Roots 29.983ms
[104.498s][info][gc,marking     ] GC(285) Concurrent Preclean
[104.498s][info][gc,marking     ] GC(285) Concurrent Preclean 0.132ms
[104.498s][info][gc,start       ] GC(285) Pause Remark
[104.501s][info][gc             ] GC(285) Pause Remark 646M->332M(1154M) 2.852ms
[104.501s][info][gc,cpu         ] GC(285) User=0.00s Sys=0.00s Real=0.00s
[104.501s][info][gc,marking     ] GC(285) Concurrent Mark 33.321ms
[104.501s][info][gc,marking     ] GC(285) Concurrent Rebuild Remembered Sets and Scrub Regions
[104.519s][info][gc,marking     ] GC(285) Concurrent Rebuild Remembered Sets and Scrub Regions 17.227ms
[104.519s][info][gc,start       ] GC(285) Pause Cleanup
[104.519s][info][gc             ] GC(285) Pause Cleanup 364M->364M(1154M) 0.286ms
[104.519s][info][gc,cpu         ] GC(285) User=0.00s Sys=0.00s Real=0.00s
[104.519s][info][gc,marking     ] GC(285) Concurrent Clear Claimed Marks
[104.519s][info][gc,marking     ] GC(285) Concurrent Clear Claimed Marks 0.089ms
[104.519s][info][gc,marking     ] GC(285) Concurrent Cleanup for Next Mark
[104.520s][info][gc,marking     ] GC(285) Concurrent Cleanup for Next Mark 0.902ms
[104.520s][info][gc             ] GC(285) Concurrent Mark Cycle 57.727ms
[105.167s][info][gc,start       ] GC(286) Pause Young (Prepare Mixed) (G1 Evacuation Pause)
[105.167s][info][gc,task        ] GC(286) Using 30 workers of 33 for evacuation
[105.217s][info][gc,phases      ] GC(286)   Pre Evacuate Collection Set: 0.2ms
[105.217s][info][gc,phases      ] GC(286)   Merge Heap Roots: 0.4ms
[105.217s][info][gc,phases      ] GC(286)   Evacuate Collection Set: 49.4ms
[105.217s][info][gc,phases      ] GC(286)   Post Evacuate Collection Set: 0.6ms
[105.217s][info][gc,phases      ] GC(286)   Other: 0.1ms
[105.217s][info][gc,heap        ] GC(286) Eden regions: 331->0(294)
[105.218s][info][gc,heap        ] GC(286) Survivor regions: 10->42(44)
[105.218s][info][gc,heap        ] GC(286) Old regions: 143->143
[105.218s][info][gc,heap        ] GC(286) Archive regions: 0->0
[105.218s][info][gc,heap        ] GC(286) Humongous regions: 93->44
[105.218s][info][gc,metaspace   ] GC(286) Metaspace: 67771K(68736K)->67771K(68736K) NonClass: 59347K(59840K)->59347K(59840K) Class: 8424K(8896K)->8424K(8896K)
[105.218s][info][gc             ] GC(286) Pause Young (Prepare Mixed) (G1 Evacuation Pause) 1140M->444M(1238M) 51.032ms
[105.218s][info][gc,cpu         ] GC(286) User=1.67s Sys=0.22s Real=0.05s
[105.704s][info][gc,start       ] GC(287) Pause Young (Mixed) (G1 Evacuation Pause)
[105.704s][info][gc,task        ] GC(287) Using 29 workers of 33 for evacuation
[105.767s][info][gc,phases      ] GC(287)   Pre Evacuate Collection Set: 0.3ms
[105.767s][info][gc,phases      ] GC(287)   Merge Heap Roots: 0.8ms
[105.767s][info][gc,phases      ] GC(287)   Evacuate Collection Set: 60.9ms
[105.767s][info][gc,phases      ] GC(287)   Post Evacuate Collection Set: 0.7ms
[105.767s][info][gc,phases      ] GC(287)   Other: 0.2ms
[105.767s][info][gc,heap        ] GC(287) Eden regions: 294->0(318)
[105.767s][info][gc,heap        ] GC(287) Survivor regions: 42->31(42)
[105.767s][info][gc,heap        ] GC(287) Old regions: 143->174
[105.767s][info][gc,heap        ] GC(287) Archive regions: 0->0
[105.767s][info][gc,heap        ] GC(287) Humongous regions: 123->52
[105.767s][info][gc,metaspace   ] GC(287) Metaspace: 67780K(68736K)->67780K(68736K) NonClass: 59356K(59840K)->59356K(59840K) Class: 8424K(8896K)->8424K(8896K)
[105.767s][info][gc             ] GC(287) Pause Young (Mixed) (G1 Evacuation Pause) 1190M->498M(1348M) 63.131ms
[105.767s][info][gc,cpu         ] GC(287) User=1.34s Sys=0.47s Real=0.06s
[105.772s][info][gc,start       ] GC(288) Pause Young (Concurrent Start) (G1 Humongous Allocation)
[105.772s][info][gc,task        ] GC(288) Using 32 workers of 33 for evacuation
[105.785s][info][gc,phases      ] GC(288)   Pre Evacuate Collection Set: 0.3ms
[105.785s][info][gc,phases      ] GC(288)   Merge Heap Roots: 0.1ms
[105.785s][info][gc,phases      ] GC(288)   Evacuate Collection Set: 11.9ms
[105.785s][info][gc,phases      ] GC(288)   Post Evacuate Collection Set: 0.4ms
[105.785s][info][gc,phases      ] GC(288)   Other: 0.1ms
[105.785s][info][gc,heap        ] GC(288) Eden regions: 5->0(338)
[105.785s][info][gc,heap        ] GC(288) Survivor regions: 31->1(44)
[105.785s][info][gc,heap        ] GC(288) Old regions: 174->201
[105.785s][info][gc,heap        ] GC(288) Archive regions: 0->0
[105.785s][info][gc,heap        ] GC(288) Humongous regions: 52->52
[105.785s][info][gc,metaspace   ] GC(288) Metaspace: 67780K(68736K)->67780K(68736K) NonClass: 59356K(59840K)->59356K(59840K) Class: 8424K(8896K)->8424K(8896K)
[105.785s][info][gc             ] GC(288) Pause Young (Concurrent Start) (G1 Humongous Allocation) 507M->492M(1348M) 13.092ms
[105.785s][info][gc             ] GC(289) Concurrent Mark Cycle
[105.785s][info][gc,cpu         ] GC(288) User=0.50s Sys=0.00s Real=0.02s
[105.785s][info][gc,marking     ] GC(289) Concurrent Scan Root Regions
[105.789s][info][gc,marking     ] GC(289) Concurrent Scan Root Regions 3.674ms
[105.789s][info][gc,marking     ] GC(289) Concurrent Mark
[105.789s][info][gc,marking     ] GC(289) Concurrent Mark From Roots
[105.789s][info][gc,task        ] GC(289) Using 8 workers of 8 for marking
[105.820s][info][gc,marking     ] GC(289) Concurrent Mark From Roots 31.247ms
[105.820s][info][gc,marking     ] GC(289) Concurrent Preclean
[105.820s][info][gc,marking     ] GC(289) Concurrent Preclean 0.183ms
[105.820s][info][gc,start       ] GC(289) Pause Remark
[105.824s][info][gc             ] GC(289) Pause Remark 538M->364M(1268M) 4.016ms
[105.824s][info][gc,cpu         ] GC(289) User=0.02s Sys=0.00s Real=0.00s
[105.825s][info][gc,marking     ] GC(289) Concurrent Mark 35.810ms
[105.825s][info][gc,marking     ] GC(289) Concurrent Rebuild Remembered Sets and Scrub Regions
[105.844s][info][gc,marking     ] GC(289) Concurrent Rebuild Remembered Sets and Scrub Regions 19.818ms
[105.845s][info][gc,start       ] GC(289) Pause Cleanup
[105.845s][info][gc             ] GC(289) Pause Cleanup 392M->392M(1268M) 0.334ms
[105.845s][info][gc,cpu         ] GC(289) User=0.00s Sys=0.00s Real=0.00s
[105.845s][info][gc,marking     ] GC(289) Concurrent Clear Claimed Marks
[105.845s][info][gc,marking     ] GC(289) Concurrent Clear Claimed Marks 0.086ms
[105.845s][info][gc,marking     ] GC(289) Concurrent Cleanup for Next Mark
[105.846s][info][gc,marking     ] GC(289) Concurrent Cleanup for Next Mark 1.028ms
[105.846s][info][gc             ] GC(289) Concurrent Mark Cycle 61.207ms
[105.927s][info][gc,start       ] GC(290) Pause Full (System.gc())
[105.927s][info][gc,task        ] GC(290) Using 31 workers of 33 for full compaction
[105.928s][info][gc,phases,start] GC(290) Phase 1: Mark live objects
[105.957s][info][gc,phases      ] GC(290) Phase 1: Mark live objects 29.028ms
[105.957s][info][gc,phases,start] GC(290) Phase 2: Prepare compaction
[105.963s][info][gc,phases      ] GC(290) Phase 2: Prepare compaction 5.627ms
[105.963s][info][gc,phases,start] GC(290) Phase 3: Adjust pointers
[105.972s][info][gc,phases      ] GC(290) Phase 3: Adjust pointers 9.642ms
[105.972s][info][gc,phases,start] GC(290) Phase 4: Compact heap
[105.974s][info][gc,phases      ] GC(290) Phase 4: Compact heap 1.205ms
[105.984s][info][gc,heap        ] GC(290) Eden regions: 94->0(169)
[105.984s][info][gc,heap        ] GC(290) Survivor regions: 1->0(44)
[105.984s][info][gc,heap        ] GC(290) Old regions: 159->85
[105.984s][info][gc,heap        ] GC(290) Archive regions: 0->0
[105.984s][info][gc,heap        ] GC(290) Humongous regions: 9->3
[105.984s][info][gc,metaspace   ] GC(290) Metaspace: 67780K(68736K)->67780K(68736K) NonClass: 59356K(59840K)->59356K(59840K) Class: 8424K(8896K)->8424K(8896K)
[105.984s][info][gc             ] GC(290) Pause Full (System.gc()) 510M->148M(588M) 57.627ms
[105.984s][info][gc,cpu         ] GC(290) User=1.44s Sys=0.02s Real=0.06s
[106.016s][info][gc,start       ] GC(291) Pause Young (Concurrent Start) (G1 Humongous Allocation)
[106.016s][info][gc,task        ] GC(291) Using 22 workers of 33 for evacuation
[106.022s][info][gc,phases      ] GC(291)   Pre Evacuate Collection Set: 0.4ms
[106.023s][info][gc,phases      ] GC(291)   Merge Heap Roots: 0.1ms
[106.023s][info][gc,phases      ] GC(291)   Evacuate Collection Set: 1.1ms
[106.023s][info][gc,phases      ] GC(291)   Post Evacuate Collection Set: 4.2ms
[106.023s][info][gc,phases      ] GC(291)   Other: 0.2ms
[106.023s][info][gc,heap        ] GC(291) Eden regions: 9->0(385)
[106.023s][info][gc,heap        ] GC(291) Survivor regions: 0->2(22)
[106.023s][info][gc,heap        ] GC(291) Old regions: 85->85
[106.023s][info][gc,heap        ] GC(291) Archive regions: 0->0
[106.023s][info][gc,heap        ] GC(291) Humongous regions: 3->3
[106.023s][info][gc,metaspace   ] GC(291) Metaspace: 67786K(68736K)->67786K(68736K) NonClass: 59362K(59840K)->59362K(59840K) Class: 8424K(8896K)->8424K(8896K)
[106.023s][info][gc             ] GC(291) Pause Young (Concurrent Start) (G1 Humongous Allocation) 165M->150M(1292M) 6.535ms
[106.023s][info][gc             ] GC(292) Concurrent Mark Cycle
[106.023s][info][gc,cpu         ] GC(291) User=0.00s Sys=0.00s Real=0.00s
[106.023s][info][gc,marking     ] GC(292) Concurrent Scan Root Regions
[106.024s][info][gc,marking     ] GC(292) Concurrent Scan Root Regions 1.003ms
[106.024s][info][gc,marking     ] GC(292) Concurrent Mark
[106.024s][info][gc,marking     ] GC(292) Concurrent Mark From Roots
[106.024s][info][gc,task        ] GC(292) Using 8 workers of 8 for marking
[106.066s][info][gc,marking     ] GC(292) Concurrent Mark From Roots 42.255ms
[106.066s][info][gc,marking     ] GC(292) Concurrent Preclean
[106.067s][info][gc,marking     ] GC(292) Concurrent Preclean 0.106ms
[106.067s][info][gc,start       ] GC(292) Pause Remark
[106.069s][info][gc             ] GC(292) Pause Remark 196M->196M(754M) 2.029ms
[106.069s][info][gc,cpu         ] GC(292) User=0.00s Sys=0.00s Real=0.00s
[106.069s][info][gc,marking     ] GC(292) Concurrent Mark 44.751ms
[106.069s][info][gc,marking     ] GC(292) Concurrent Rebuild Remembered Sets and Scrub Regions
[106.083s][info][gc,marking     ] GC(292) Concurrent Rebuild Remembered Sets and Scrub Regions 14.605ms
[106.084s][info][gc,start       ] GC(292) Pause Cleanup
[106.084s][info][gc             ] GC(292) Pause Cleanup 218M->218M(754M) 0.188ms
[106.084s][info][gc,cpu         ] GC(292) User=0.00s Sys=0.00s Real=0.00s
[106.084s][info][gc,marking     ] GC(292) Concurrent Clear Claimed Marks
[106.084s][info][gc,marking     ] GC(292) Concurrent Clear Claimed Marks 0.088ms
[106.084s][info][gc,marking     ] GC(292) Concurrent Cleanup for Next Mark
[106.085s][info][gc,marking     ] GC(292) Concurrent Cleanup for Next Mark 0.724ms
[106.085s][info][gc             ] GC(292) Concurrent Mark Cycle 61.849ms
[106.288s][info][gc,start       ] GC(293) Pause Young (Prepare Mixed) (G1 Evacuation Pause)
[106.288s][info][gc,task        ] GC(293) Using 20 workers of 33 for evacuation
[106.320s][info][gc,phases      ] GC(293)   Pre Evacuate Collection Set: 0.2ms
[106.320s][info][gc,phases      ] GC(293)   Merge Heap Roots: 0.3ms
[106.320s][info][gc,phases      ] GC(293)   Evacuate Collection Set: 31.1ms
[106.320s][info][gc,phases      ] GC(293)   Post Evacuate Collection Set: 0.6ms
[106.320s][info][gc,phases      ] GC(293)   Other: 0.1ms
[106.320s][info][gc,heap        ] GC(293) Eden regions: 224->0(172)
[106.320s][info][gc,heap        ] GC(293) Survivor regions: 2->29(29)
[106.320s][info][gc,heap        ] GC(293) Old regions: 85->103
[106.320s][info][gc,heap        ] GC(293) Archive regions: 0->0
[106.320s][info][gc,heap        ] GC(293) Humongous regions: 22->19
[106.320s][info][gc,metaspace   ] GC(293) Metaspace: 67787K(68800K)->67787K(68800K) NonClass: 59363K(59904K)->59363K(59904K) Class: 8424K(8896K)->8424K(8896K)
[106.320s][info][gc             ] GC(293) Pause Young (Prepare Mixed) (G1 Evacuation Pause) 636M->274M(760M) 32.592ms
[106.320s][info][gc,cpu         ] GC(293) User=0.63s Sys=0.00s Real=0.03s
[106.505s][info][gc,start       ] GC(294) Pause Young (Mixed) (G1 Evacuation Pause)
[106.505s][info][gc,task        ] GC(294) Using 19 workers of 33 for evacuation
[106.550s][info][gc,phases      ] GC(294)   Pre Evacuate Collection Set: 0.3ms
[106.550s][info][gc,phases      ] GC(294)   Merge Heap Roots: 0.6ms
[106.550s][info][gc,phases      ] GC(294)   Evacuate Collection Set: 42.9ms
[106.550s][info][gc,phases      ] GC(294)   Post Evacuate Collection Set: 0.5ms
[106.550s][info][gc,phases      ] GC(294)   Other: 0.1ms
[106.550s][info][gc,heap        ] GC(294) Eden regions: 172->0(158)
[106.550s][info][gc,heap        ] GC(294) Survivor regions: 29->19(26)
[106.550s][info][gc,heap        ] GC(294) Old regions: 103->132
[106.550s][info][gc,heap        ] GC(294) Archive regions: 0->0
[106.550s][info][gc,heap        ] GC(294) Humongous regions: 39->39
[106.550s][info][gc,metaspace   ] GC(294) Metaspace: 67787K(68800K)->67787K(68800K) NonClass: 59363K(59904K)->59363K(59904K) Class: 8424K(8896K)->8424K(8896K)
[106.550s][info][gc             ] GC(294) Pause Young (Mixed) (G1 Evacuation Pause) 658M->356M(788M) 44.696ms
[106.550s][info][gc,cpu         ] GC(294) User=0.86s Sys=0.03s Real=0.05s
[106.710s][info][gc,start       ] GC(295) Pause Young (Concurrent Start) (G1 Evacuation Pause)
[106.710s][info][gc,task        ] GC(295) Using 18 workers of 33 for evacuation
[106.742s][info][gc,phases      ] GC(295)   Pre Evacuate Collection Set: 0.3ms
[106.742s][info][gc,phases      ] GC(295)   Merge Heap Roots: 0.3ms
[106.742s][info][gc,phases      ] GC(295)   Evacuate Collection Set: 31.3ms
[106.742s][info][gc,phases      ] GC(295)   Post Evacuate Collection Set: 0.4ms
[106.742s][info][gc,phases      ] GC(295)   Other: 0.2ms
[106.742s][info][gc,heap        ] GC(295) Eden regions: 158->0(151)
[106.743s][info][gc,heap        ] GC(295) Survivor regions: 19->14(23)
[106.743s][info][gc,heap        ] GC(295) Old regions: 132->150
[106.743s][info][gc,heap        ] GC(295) Archive regions: 0->0
[106.743s][info][gc,heap        ] GC(295) Humongous regions: 39->39
[106.743s][info][gc,metaspace   ] GC(295) Metaspace: 67787K(68800K)->67787K(68800K) NonClass: 59363K(59904K)->59363K(59904K) Class: 8424K(8896K)->8424K(8896K)
[106.743s][info][gc             ] GC(295) Pause Young (Concurrent Start) (G1 Evacuation Pause) 672M->382M(788M) 32.885ms
[106.743s][info][gc             ] GC(296) Concurrent Mark Cycle
[106.743s][info][gc,cpu         ] GC(295) User=0.56s Sys=0.00s Real=0.02s
[106.743s][info][gc,marking     ] GC(296) Concurrent Scan Root Regions
[106.748s][info][gc,marking     ] GC(296) Concurrent Scan Root Regions 5.564ms
[106.748s][info][gc,marking     ] GC(296) Concurrent Mark
[106.748s][info][gc,marking     ] GC(296) Concurrent Mark From Roots
[106.748s][info][gc,task        ] GC(296) Using 8 workers of 8 for marking
[106.809s][info][gc,marking     ] GC(296) Concurrent Mark From Roots 60.352ms
[106.809s][info][gc,marking     ] GC(296) Concurrent Preclean
[106.809s][info][gc,marking     ] GC(296) Concurrent Preclean 0.183ms
[106.809s][info][gc,start       ] GC(296) Pause Remark
[106.813s][info][gc             ] GC(296) Pause Remark 483M->451M(794M) 3.606ms
[106.813s][info][gc,cpu         ] GC(296) User=0.00s Sys=0.00s Real=0.00s
[106.813s][info][gc,marking     ] GC(296) Concurrent Mark 64.532ms
[106.813s][info][gc,marking     ] GC(296) Concurrent Rebuild Remembered Sets and Scrub Regions
[106.858s][info][gc,marking     ] GC(296) Concurrent Rebuild Remembered Sets and Scrub Regions 44.944ms
[106.858s][info][gc,start       ] GC(296) Pause Cleanup
[106.858s][info][gc             ] GC(296) Pause Cleanup 536M->536M(794M) 0.245ms
[106.858s][info][gc,cpu         ] GC(296) User=0.00s Sys=0.00s Real=0.00s
[106.858s][info][gc,marking     ] GC(296) Concurrent Clear Claimed Marks
[106.858s][info][gc,marking     ] GC(296) Concurrent Clear Claimed Marks 0.114ms
[106.858s][info][gc,marking     ] GC(296) Concurrent Cleanup for Next Mark
[106.859s][info][gc,marking     ] GC(296) Concurrent Cleanup for Next Mark 0.641ms
[106.859s][info][gc             ] GC(296) Concurrent Mark Cycle 116.551ms
[106.915s][info][gc,start       ] GC(297) Pause Young (Prepare Mixed) (G1 Evacuation Pause)
[106.916s][info][gc,task        ] GC(297) Using 19 workers of 33 for evacuation
[106.941s][info][gc,phases      ] GC(297)   Pre Evacuate Collection Set: 0.2ms
[106.941s][info][gc,phases      ] GC(297)   Merge Heap Roots: 0.5ms
[106.941s][info][gc,phases      ] GC(297)   Evacuate Collection Set: 23.8ms
[106.941s][info][gc,phases      ] GC(297)   Post Evacuate Collection Set: 0.6ms
[106.941s][info][gc,phases      ] GC(297)   Other: 0.2ms
[106.941s][info][gc,heap        ] GC(297) Eden regions: 151->0(161)
[106.941s][info][gc,heap        ] GC(297) Survivor regions: 14->12(21)
[106.941s][info][gc,heap        ] GC(297) Old regions: 150->160
[106.941s][info][gc,heap        ] GC(297) Archive regions: 0->0
[106.941s][info][gc,heap        ] GC(297) Humongous regions: 23->23
[106.941s][info][gc,metaspace   ] GC(297) Metaspace: 67787K(68800K)->67787K(68800K) NonClass: 59363K(59904K)->59363K(59904K) Class: 8424K(8896K)->8424K(8896K)
[106.941s][info][gc             ] GC(297) Pause Young (Prepare Mixed) (G1 Evacuation Pause) 652M->368M(794M) 25.622ms
[106.941s][info][gc,cpu         ] GC(297) User=0.31s Sys=0.02s Real=0.03s
[107.590s][info][gc,start       ] GC(298) Pause Young (Mixed) (G1 Evacuation Pause)
[107.591s][info][gc,task        ] GC(298) Using 19 workers of 33 for evacuation
[107.622s][info][gc,phases      ] GC(298)   Pre Evacuate Collection Set: 0.2ms
[107.622s][info][gc,phases      ] GC(298)   Merge Heap Roots: 0.3ms
[107.622s][info][gc,phases      ] GC(298)   Evacuate Collection Set: 30.5ms
[107.622s][info][gc,phases      ] GC(298)   Post Evacuate Collection Set: 0.6ms
[107.622s][info][gc,phases      ] GC(298)   Other: 0.2ms
[107.622s][info][gc,heap        ] GC(298) Eden regions: 161->0(148)
[107.622s][info][gc,heap        ] GC(298) Survivor regions: 12->20(22)
[107.622s][info][gc,heap        ] GC(298) Old regions: 160->157
[107.622s][info][gc,heap        ] GC(298) Archive regions: 0->0
[107.622s][info][gc,heap        ] GC(298) Humongous regions: 31->31
[107.622s][info][gc,metaspace   ] GC(298) Metaspace: 67798K(68800K)->67798K(68800K) NonClass: 59374K(59904K)->59374K(59904K) Class: 8424K(8896K)->8424K(8896K)
[107.622s][info][gc             ] GC(298) Pause Young (Mixed) (G1 Evacuation Pause) 706M->403M(794M) 32.039ms
[107.622s][info][gc,cpu         ] GC(298) User=0.59s Sys=0.00s Real=0.03s
[107.687s][info][gc,start       ] GC(299) Pause Young (Concurrent Start) (G1 Humongous Allocation)
[107.687s][info][gc,task        ] GC(299) Using 19 workers of 33 for evacuation
[107.721s][info][gc,phases      ] GC(299)   Pre Evacuate Collection Set: 0.3ms
[107.721s][info][gc,phases      ] GC(299)   Merge Heap Roots: 0.3ms
[107.721s][info][gc,phases      ] GC(299)   Evacuate Collection Set: 28.8ms
[107.721s][info][gc,phases      ] GC(299)   Post Evacuate Collection Set: 4.2ms
[107.721s][info][gc,phases      ] GC(299)   Other: 0.1ms
[107.721s][info][gc,heap        ] GC(299) Eden regions: 8->0(456)
[107.721s][info][gc,heap        ] GC(299) Survivor regions: 20->12(21)
[107.721s][info][gc,heap        ] GC(299) Old regions: 157->166
[107.721s][info][gc,heap        ] GC(299) Archive regions: 0->0
[107.721s][info][gc,heap        ] GC(299) Humongous regions: 31->31
[107.721s][info][gc,metaspace   ] GC(299) Metaspace: 67799K(68800K)->67799K(68800K) NonClass: 59375K(59904K)->59375K(59904K) Class: 8424K(8896K)->8424K(8896K)
[107.721s][info][gc             ] GC(299) Pause Young (Concurrent Start) (G1 Humongous Allocation) 417M->404M(1562M) 34.312ms
[107.721s][info][gc             ] GC(300) Concurrent Mark Cycle
[107.721s][info][gc,cpu         ] GC(299) User=0.59s Sys=0.00s Real=0.03s
[107.722s][info][gc,marking     ] GC(300) Concurrent Scan Root Regions
[107.726s][info][gc,marking     ] GC(300) Concurrent Scan Root Regions 4.527ms
[107.726s][info][gc,marking     ] GC(300) Concurrent Mark
[107.726s][info][gc,marking     ] GC(300) Concurrent Mark From Roots
[107.726s][info][gc,task        ] GC(300) Using 8 workers of 8 for marking
[107.759s][info][gc,marking     ] GC(300) Concurrent Mark From Roots 33.148ms
[107.759s][info][gc,marking     ] GC(300) Concurrent Preclean
[107.759s][info][gc,marking     ] GC(300) Concurrent Preclean 0.099ms
[107.760s][info][gc,start       ] GC(300) Pause Remark
[107.762s][info][gc             ] GC(300) Pause Remark 425M->239M(848M) 2.123ms
[107.762s][info][gc,cpu         ] GC(300) User=0.30s Sys=0.00s Real=0.00s
[107.762s][info][gc,marking     ] GC(300) Concurrent Mark 35.704ms
[107.762s][info][gc,marking     ] GC(300) Concurrent Rebuild Remembered Sets and Scrub Regions
[107.777s][info][gc,marking     ] GC(300) Concurrent Rebuild Remembered Sets and Scrub Regions 15.669ms
[107.778s][info][gc,start       ] GC(300) Pause Cleanup
[107.778s][info][gc             ] GC(300) Pause Cleanup 264M->264M(848M) 0.202ms
[107.778s][info][gc,cpu         ] GC(300) User=0.00s Sys=0.00s Real=0.00s
[107.778s][info][gc,marking     ] GC(300) Concurrent Clear Claimed Marks
[107.778s][info][gc,marking     ] GC(300) Concurrent Clear Claimed Marks 0.087ms
[107.778s][info][gc,marking     ] GC(300) Concurrent Cleanup for Next Mark
[107.779s][info][gc,marking     ] GC(300) Concurrent Cleanup for Next Mark 0.744ms
[107.779s][info][gc             ] GC(300) Concurrent Mark Cycle 57.370ms
[108.156s][info][gc,start       ] GC(301) Pause Young (Prepare Mixed) (G1 Evacuation Pause)
[108.156s][info][gc,task        ] GC(301) Using 20 workers of 33 for evacuation
[108.200s][info][gc,phases      ] GC(301)   Pre Evacuate Collection Set: 0.2ms
[108.201s][info][gc,phases      ] GC(301)   Merge Heap Roots: 0.5ms
[108.201s][info][gc,phases      ] GC(301)   Evacuate Collection Set: 42.7ms
[108.201s][info][gc,phases      ] GC(301)   Post Evacuate Collection Set: 0.6ms
[108.201s][info][gc,phases      ] GC(301)   Other: 0.2ms
[108.201s][info][gc,heap        ] GC(301) Eden regions: 242->0(187)
[108.201s][info][gc,heap        ] GC(301) Survivor regions: 12->32(32)
[108.201s][info][gc,heap        ] GC(301) Old regions: 101->124
[108.201s][info][gc,heap        ] GC(301) Archive regions: 0->0
[108.201s][info][gc,heap        ] GC(301) Humongous regions: 30->27
[108.201s][info][gc,metaspace   ] GC(301) Metaspace: 67822K(68800K)->67822K(68800K) NonClass: 59398K(59904K)->59398K(59904K) Class: 8424K(8896K)->8424K(8896K)
[108.201s][info][gc             ] GC(301) Pause Young (Prepare Mixed) (G1 Evacuation Pause) 756M->353M(880M) 44.457ms
[108.201s][info][gc,cpu         ] GC(301) User=0.89s Sys=0.05s Real=0.04s
[108.380s][info][gc,start       ] GC(302) Pause Young (Mixed) (G1 Evacuation Pause)
[108.380s][info][gc,task        ] GC(302) Using 21 workers of 33 for evacuation
[108.421s][info][gc,phases      ] GC(302)   Pre Evacuate Collection Set: 0.2ms
[108.421s][info][gc,phases      ] GC(302)   Merge Heap Roots: 0.4ms
[108.421s][info][gc,phases      ] GC(302)   Evacuate Collection Set: 39.9ms
[108.421s][info][gc,phases      ] GC(302)   Post Evacuate Collection Set: 0.4ms
[108.421s][info][gc,phases      ] GC(302)   Other: 0.2ms
[108.421s][info][gc,heap        ] GC(302) Eden regions: 187->0(165)
[108.421s][info][gc,heap        ] GC(302) Survivor regions: 32->23(28)
[108.421s][info][gc,heap        ] GC(302) Old regions: 124->155
[108.421s][info][gc,heap        ] GC(302) Archive regions: 0->0
[108.421s][info][gc,heap        ] GC(302) Humongous regions: 39->39
[108.421s][info][gc,metaspace   ] GC(302) Metaspace: 67822K(68800K)->67822K(68800K) NonClass: 59398K(59904K)->59398K(59904K) Class: 8424K(8896K)->8424K(8896K)
[108.421s][info][gc             ] GC(302) Pause Young (Mixed) (G1 Evacuation Pause) 751M->419M(880M) 41.452ms
[108.421s][info][gc,cpu         ] GC(302) User=1.31s Sys=0.00s Real=0.05s
[108.460s][info][gc,start       ] GC(303) Pause Young (Concurrent Start) (G1 Humongous Allocation)
[108.460s][info][gc,task        ] GC(303) Using 21 workers of 33 for evacuation
[108.482s][info][gc,phases      ] GC(303)   Pre Evacuate Collection Set: 0.4ms
[108.482s][info][gc,phases      ] GC(303)   Merge Heap Roots: 0.2ms
[108.482s][info][gc,phases      ] GC(303)   Evacuate Collection Set: 20.7ms
[108.482s][info][gc,phases      ] GC(303)   Post Evacuate Collection Set: 0.4ms
[108.482s][info][gc,phases      ] GC(303)   Other: 0.1ms
[108.482s][info][gc,heap        ] GC(303) Eden regions: 40->0(165)
[108.482s][info][gc,heap        ] GC(303) Survivor regions: 23->6(24)
[108.482s][info][gc,heap        ] GC(303) Old regions: 155->176
[108.482s][info][gc,heap        ] GC(303) Archive regions: 0->0
[108.482s][info][gc,heap        ] GC(303) Humongous regions: 39->39
[108.482s][info][gc,metaspace   ] GC(303) Metaspace: 67822K(68800K)->67822K(68800K) NonClass: 59398K(59904K)->59398K(59904K) Class: 8424K(8896K)->8424K(8896K)
[108.482s][info][gc             ] GC(303) Pause Young (Concurrent Start) (G1 Humongous Allocation) 499M->428M(880M) 22.062ms
[108.482s][info][gc             ] GC(304) Concurrent Mark Cycle
[108.482s][info][gc,cpu         ] GC(303) User=0.66s Sys=0.00s Real=0.03s
[108.482s][info][gc,marking     ] GC(304) Concurrent Scan Root Regions
[108.488s][info][gc,marking     ] GC(304) Concurrent Scan Root Regions 5.729ms
[108.488s][info][gc,marking     ] GC(304) Concurrent Mark
[108.488s][info][gc,marking     ] GC(304) Concurrent Mark From Roots
[108.488s][info][gc,task        ] GC(304) Using 8 workers of 8 for marking
[108.541s][info][gc,marking     ] GC(304) Concurrent Mark From Roots 53.331ms
[108.541s][info][gc,marking     ] GC(304) Concurrent Preclean
[108.542s][info][gc,marking     ] GC(304) Concurrent Preclean 0.144ms
[108.542s][info][gc,start       ] GC(304) Pause Remark
[108.544s][info][gc             ] GC(304) Pause Remark 535M->477M(880M) 1.859ms
[108.544s][info][gc,cpu         ] GC(304) User=0.00s Sys=0.00s Real=0.00s
[108.544s][info][gc,marking     ] GC(304) Concurrent Mark 55.646ms
[108.544s][info][gc,marking     ] GC(304) Concurrent Rebuild Remembered Sets and Scrub Regions
[108.602s][info][gc,marking     ] GC(304) Concurrent Rebuild Remembered Sets and Scrub Regions 57.854ms
[108.602s][info][gc,start       ] GC(304) Pause Cleanup
[108.602s][info][gc             ] GC(304) Pause Cleanup 586M->586M(880M) 0.414ms
[108.602s][info][gc,cpu         ] GC(304) User=0.00s Sys=0.00s Real=0.00s
[108.602s][info][gc,marking     ] GC(304) Concurrent Clear Claimed Marks
[108.602s][info][gc,marking     ] GC(304) Concurrent Clear Claimed Marks 0.108ms
[108.602s][info][gc,marking     ] GC(304) Concurrent Cleanup for Next Mark
[108.603s][info][gc,marking     ] GC(304) Concurrent Cleanup for Next Mark 0.607ms
[108.603s][info][gc             ] GC(304) Concurrent Mark Cycle 120.931ms
[108.670s][info][gc,start       ] GC(305) Pause Young (Prepare Mixed) (G1 Evacuation Pause)
[108.670s][info][gc,task        ] GC(305) Using 21 workers of 33 for evacuation
[108.693s][info][gc,phases      ] GC(305)   Pre Evacuate Collection Set: 0.2ms
[108.694s][info][gc,phases      ] GC(305)   Merge Heap Roots: 0.8ms
[108.694s][info][gc,phases      ] GC(305)   Evacuate Collection Set: 21.7ms
[108.694s][info][gc,phases      ] GC(305)   Post Evacuate Collection Set: 0.6ms
[108.694s][info][gc,phases      ] GC(305)   Other: 0.2ms
[108.694s][info][gc,heap        ] GC(305) Eden regions: 165->0(172)
[108.694s][info][gc,heap        ] GC(305) Survivor regions: 6->19(22)
[108.694s][info][gc,heap        ] GC(305) Old regions: 167->167
[108.694s][info][gc,heap        ] GC(305) Archive regions: 0->0
[108.694s][info][gc,heap        ] GC(305) Humongous regions: 31->31
[108.694s][info][gc,metaspace   ] GC(305) Metaspace: 67826K(68800K)->67826K(68800K) NonClass: 59402K(59904K)->59402K(59904K) Class: 8424K(8896K)->8424K(8896K)
[108.694s][info][gc             ] GC(305) Pause Young (Prepare Mixed) (G1 Evacuation Pause) 724M->420M(880M) 23.779ms
[108.694s][info][gc,cpu         ] GC(305) User=0.33s Sys=0.00s Real=0.02s
[108.863s][info][gc,start       ] GC(306) Pause Young (Mixed) (G1 Evacuation Pause)
[108.863s][info][gc,task        ] GC(306) Using 21 workers of 33 for evacuation
[108.893s][info][gc,phases      ] GC(306)   Pre Evacuate Collection Set: 0.2ms
[108.893s][info][gc,phases      ] GC(306)   Merge Heap Roots: 0.2ms
[108.893s][info][gc,phases      ] GC(306)   Evacuate Collection Set: 28.8ms
[108.893s][info][gc,phases      ] GC(306)   Post Evacuate Collection Set: 0.5ms
[108.893s][info][gc,phases      ] GC(306)   Other: 0.2ms
[108.893s][info][gc,heap        ] GC(306) Eden regions: 172->0(179)
[108.893s][info][gc,heap        ] GC(306) Survivor regions: 19->14(24)
[108.893s][info][gc,heap        ] GC(306) Old regions: 167->168
[108.893s][info][gc,heap        ] GC(306) Archive regions: 0->0
[108.893s][info][gc,heap        ] GC(306) Humongous regions: 31->31
[108.893s][info][gc,metaspace   ] GC(306) Metaspace: 67826K(68800K)->67826K(68800K) NonClass: 59402K(59904K)->59402K(59904K) Class: 8424K(8896K)->8424K(8896K)
[108.893s][info][gc             ] GC(306) Pause Young (Mixed) (G1 Evacuation Pause) 764M->412M(880M) 30.226ms
[108.893s][info][gc,cpu         ] GC(306) User=0.67s Sys=0.00s Real=0.04s
[109.087s][info][gc,start       ] GC(307) Pause Young (Concurrent Start) (G1 Humongous Allocation)
[109.087s][info][gc,task        ] GC(307) Using 21 workers of 33 for evacuation
[109.113s][info][gc,phases      ] GC(307)   Pre Evacuate Collection Set: 0.4ms
[109.113s][info][gc,phases      ] GC(307)   Merge Heap Roots: 0.2ms
[109.113s][info][gc,phases      ] GC(307)   Evacuate Collection Set: 20.5ms
[109.113s][info][gc,phases      ] GC(307)   Post Evacuate Collection Set: 4.3ms
[109.113s][info][gc,phases      ] GC(307)   Other: 0.2ms
[109.113s][info][gc,heap        ] GC(307) Eden regions: 66->0(471)
[109.113s][info][gc,heap        ] GC(307) Survivor regions: 14->18(25)
[109.113s][info][gc,heap        ] GC(307) Old regions: 168->168
[109.113s][info][gc,heap        ] GC(307) Archive regions: 0->0
[109.113s][info][gc,heap        ] GC(307) Humongous regions: 31->31
[109.113s][info][gc,metaspace   ] GC(307) Metaspace: 67826K(68800K)->67826K(68800K) NonClass: 59402K(59904K)->59402K(59904K) Class: 8424K(8896K)->8424K(8896K)
[109.113s][info][gc             ] GC(307) Pause Young (Concurrent Start) (G1 Humongous Allocation) 543M->419M(1632M) 26.044ms
[109.113s][info][gc             ] GC(308) Concurrent Mark Cycle
[109.113s][info][gc,cpu         ] GC(307) User=0.66s Sys=0.00s Real=0.03s
[109.113s][info][gc,marking     ] GC(308) Concurrent Scan Root Regions
[109.124s][info][gc,marking     ] GC(308) Concurrent Scan Root Regions 10.353ms
[109.124s][info][gc,marking     ] GC(308) Concurrent Mark
[109.124s][info][gc,marking     ] GC(308) Concurrent Mark From Roots
[109.124s][info][gc,task        ] GC(308) Using 8 workers of 8 for marking
[109.186s][info][gc,marking     ] GC(308) Concurrent Mark From Roots 62.606ms
[109.186s][info][gc,marking     ] GC(308) Concurrent Preclean
[109.186s][info][gc,marking     ] GC(308) Concurrent Preclean 0.132ms
[109.187s][info][gc,start       ] GC(308) Pause Remark
[109.189s][info][gc             ] GC(308) Pause Remark 424M->316M(1108M) 1.974ms
[109.189s][info][gc,cpu         ] GC(308) User=0.00s Sys=0.00s Real=0.00s
[109.189s][info][gc,marking     ] GC(308) Concurrent Mark 65.041ms
[109.189s][info][gc,marking     ] GC(308) Concurrent Rebuild Remembered Sets and Scrub Regions
[109.231s][info][gc,marking     ] GC(308) Concurrent Rebuild Remembered Sets and Scrub Regions 42.388ms
[109.231s][info][gc,start       ] GC(308) Pause Cleanup
[109.232s][info][gc             ] GC(308) Pause Cleanup 320M->320M(1108M) 0.276ms
[109.232s][info][gc,cpu         ] GC(308) User=0.00s Sys=0.00s Real=0.00s
[109.232s][info][gc,marking     ] GC(308) Concurrent Clear Claimed Marks
[109.232s][info][gc,marking     ] GC(308) Concurrent Clear Claimed Marks 0.091ms
[109.232s][info][gc,marking     ] GC(308) Concurrent Cleanup for Next Mark
[109.233s][info][gc,marking     ] GC(308) Concurrent Cleanup for Next Mark 1.644ms
[109.233s][info][gc             ] GC(308) Concurrent Mark Cycle 120.305ms
[110.243s][info][gc,start       ] GC(309) Pause Young (Prepare Mixed) (G1 Evacuation Pause)
[110.243s][info][gc,task        ] GC(309) Using 26 workers of 33 for evacuation
[110.306s][info][gc,phases      ] GC(309)   Pre Evacuate Collection Set: 0.2ms
[110.306s][info][gc,phases      ] GC(309)   Merge Heap Roots: 1.0ms
[110.306s][info][gc,phases      ] GC(309)   Evacuate Collection Set: 61.1ms
[110.306s][info][gc,phases      ] GC(309)   Post Evacuate Collection Set: 0.8ms
[110.306s][info][gc,phases      ] GC(309)   Other: 0.2ms
[110.306s][info][gc,heap        ] GC(309) Eden regions: 314->0(260)
[110.306s][info][gc,heap        ] GC(309) Survivor regions: 18->42(42)
[110.306s][info][gc,heap        ] GC(309) Old regions: 130->145
[110.306s][info][gc,heap        ] GC(309) Archive regions: 0->0
[110.306s][info][gc,heap        ] GC(309) Humongous regions: 68->59
[110.306s][info][gc,metaspace   ] GC(309) Metaspace: 67861K(68864K)->67861K(68864K) NonClass: 59437K(59968K)->59437K(59968K) Class: 8424K(8896K)->8424K(8896K)
[110.306s][info][gc             ] GC(309) Pause Young (Prepare Mixed) (G1 Evacuation Pause) 1045M->477M(1174M) 63.616ms
[110.306s][info][gc,cpu         ] GC(309) User=1.63s Sys=0.00s Real=0.06s
[110.868s][info][gc,start       ] GC(310) Pause Young (Mixed) (G1 Evacuation Pause)
[110.868s][info][gc,task        ] GC(310) Using 28 workers of 33 for evacuation
[110.913s][info][gc,phases      ] GC(310)   Pre Evacuate Collection Set: 0.2ms
[110.913s][info][gc,phases      ] GC(310)   Merge Heap Roots: 0.5ms
[110.913s][info][gc,phases      ] GC(310)   Evacuate Collection Set: 43.2ms
[110.913s][info][gc,phases      ] GC(310)   Post Evacuate Collection Set: 0.7ms
[110.913s][info][gc,phases      ] GC(310)   Other: 0.1ms
[110.913s][info][gc,heap        ] GC(310) Eden regions: 260->0(244)
[110.913s][info][gc,heap        ] GC(310) Survivor regions: 42->28(38)
[110.913s][info][gc,heap        ] GC(310) Old regions: 145->180
[110.913s][info][gc,heap        ] GC(310) Archive regions: 0->0
[110.913s][info][gc,heap        ] GC(310) Humongous regions: 65->62
[110.913s][info][gc,metaspace   ] GC(310) Metaspace: 67866K(68864K)->67866K(68864K) NonClass: 59442K(59968K)->59442K(59968K) Class: 8424K(8896K)->8424K(8896K)
[110.913s][info][gc             ] GC(310) Pause Young (Mixed) (G1 Evacuation Pause) 1009M->525M(1174M) 45.070ms
[110.913s][info][gc,cpu         ] GC(310) User=1.31s Sys=0.00s Real=0.05s
[110.917s][info][gc,start       ] GC(311) Pause Young (Concurrent Start) (G1 Humongous Allocation)
[110.917s][info][gc,task        ] GC(311) Using 28 workers of 33 for evacuation
[110.926s][info][gc,phases      ] GC(311)   Pre Evacuate Collection Set: 0.3ms
[110.926s][info][gc,phases      ] GC(311)   Merge Heap Roots: 0.1ms
[110.926s][info][gc,phases      ] GC(311)   Evacuate Collection Set: 7.8ms
[110.926s][info][gc,phases      ] GC(311)   Post Evacuate Collection Set: 0.4ms
[110.926s][info][gc,phases      ] GC(311)   Other: 0.1ms
[110.926s][info][gc,heap        ] GC(311) Eden regions: 6->0(236)
[110.926s][info][gc,heap        ] GC(311) Survivor regions: 28->5(34)
[110.926s][info][gc,heap        ] GC(311) Old regions: 180->207
[110.926s][info][gc,heap        ] GC(311) Archive regions: 0->0
[110.926s][info][gc,heap        ] GC(311) Humongous regions: 62->62
[110.926s][info][gc,metaspace   ] GC(311) Metaspace: 67866K(68864K)->67866K(68864K) NonClass: 59442K(59968K)->59442K(59968K) Class: 8424K(8896K)->8424K(8896K)
[110.926s][info][gc             ] GC(311) Pause Young (Concurrent Start) (G1 Humongous Allocation) 537M->534M(1174M) 8.896ms
[110.926s][info][gc             ] GC(312) Concurrent Mark Cycle
[110.926s][info][gc,cpu         ] GC(311) User=0.00s Sys=0.00s Real=0.00s
[110.926s][info][gc,marking     ] GC(312) Concurrent Scan Root Regions
[110.931s][info][gc,marking     ] GC(312) Concurrent Scan Root Regions 4.271ms
[110.931s][info][gc,marking     ] GC(312) Concurrent Mark
[110.931s][info][gc,marking     ] GC(312) Concurrent Mark From Roots
[110.931s][info][gc,task        ] GC(312) Using 8 workers of 8 for marking
[110.961s][info][gc,marking     ] GC(312) Concurrent Mark From Roots 29.855ms
[110.961s][info][gc,marking     ] GC(312) Concurrent Preclean
[110.961s][info][gc,marking     ] GC(312) Concurrent Preclean 0.082ms
[110.961s][info][gc,start       ] GC(312) Pause Remark
[110.963s][info][gc             ] GC(312) Pause Remark 599M->347M(1174M) 2.469ms
[110.963s][info][gc,cpu         ] GC(312) User=0.00s Sys=0.00s Real=0.00s
[110.963s][info][gc,marking     ] GC(312) Concurrent Mark 32.734ms
[110.963s][info][gc,marking     ] GC(312) Concurrent Rebuild Remembered Sets and Scrub Regions
[110.979s][info][gc,marking     ] GC(312) Concurrent Rebuild Remembered Sets and Scrub Regions 15.913ms
[110.980s][info][gc,start       ] GC(312) Pause Cleanup
[110.980s][info][gc             ] GC(312) Pause Cleanup 371M->371M(1174M) 0.247ms
[110.980s][info][gc,cpu         ] GC(312) User=0.00s Sys=0.00s Real=0.00s
[110.980s][info][gc,marking     ] GC(312) Concurrent Clear Claimed Marks
[110.980s][info][gc,marking     ] GC(312) Concurrent Clear Claimed Marks 0.104ms
[110.980s][info][gc,marking     ] GC(312) Concurrent Cleanup for Next Mark
[110.981s][info][gc,marking     ] GC(312) Concurrent Cleanup for Next Mark 0.856ms
[110.981s][info][gc             ] GC(312) Concurrent Mark Cycle 54.558ms
[111.548s][info][gc,start       ] GC(313) Pause Young (Prepare Mixed) (G1 Evacuation Pause)
[111.548s][info][gc,task        ] GC(313) Using 28 workers of 33 for evacuation
[111.587s][info][gc,phases      ] GC(313)   Pre Evacuate Collection Set: 0.3ms
[111.587s][info][gc,phases      ] GC(313)   Merge Heap Roots: 0.7ms
[111.587s][info][gc,phases      ] GC(313)   Evacuate Collection Set: 36.4ms
[111.587s][info][gc,phases      ] GC(313)   Post Evacuate Collection Set: 0.7ms
[111.587s][info][gc,phases      ] GC(313)   Other: 0.2ms
[111.587s][info][gc,heap        ] GC(313) Eden regions: 236->0(274)
[111.587s][info][gc,heap        ] GC(313) Survivor regions: 5->31(31)
[111.587s][info][gc,heap        ] GC(313) Old regions: 136->139
[111.587s][info][gc,heap        ] GC(313) Archive regions: 0->0
[111.587s][info][gc,heap        ] GC(313) Humongous regions: 157->51
[111.587s][info][gc,metaspace   ] GC(313) Metaspace: 67871K(68864K)->67871K(68864K) NonClass: 59447K(59968K)->59447K(59968K) Class: 8424K(8896K)->8424K(8896K)
[111.587s][info][gc             ] GC(313) Pause Young (Prepare Mixed) (G1 Evacuation Pause) 1056M->429M(1174M) 38.556ms
[111.587s][info][gc,cpu         ] GC(313) User=0.88s Sys=0.00s Real=0.03s
[111.939s][info][gc,start       ] GC(314) Pause Young (Mixed) (G1 Evacuation Pause)
[111.946s][info][gc,task        ] GC(314) Using 28 workers of 33 for evacuation
[112.094s][info][gc,phases      ] GC(314)   Pre Evacuate Collection Set: 0.3ms
[112.094s][info][gc,phases      ] GC(314)   Merge Heap Roots: 0.7ms
[112.094s][info][gc,phases      ] GC(314)   Evacuate Collection Set: 115.5ms
[112.094s][info][gc,phases      ] GC(314)   Post Evacuate Collection Set: 1.0ms
[112.094s][info][gc,phases      ] GC(314)   Other: 30.8ms
[112.094s][info][gc,heap        ] GC(314) Eden regions: 274->0(233)
[112.094s][info][gc,heap        ] GC(314) Survivor regions: 31->39(39)
[112.094s][info][gc,heap        ] GC(314) Old regions: 139->164
[112.094s][info][gc,heap        ] GC(314) Archive regions: 0->0
[112.094s][info][gc,heap        ] GC(314) Humongous regions: 65->60
[112.094s][info][gc,metaspace   ] GC(314) Metaspace: 67879K(68864K)->67879K(68864K) NonClass: 59454K(59968K)->59454K(59968K) Class: 8424K(8896K)->8424K(8896K)
[112.094s][info][gc             ] GC(314) Pause Young (Mixed) (G1 Evacuation Pause) 1005M->512M(1174M) 155.618ms
[112.095s][info][gc,cpu         ] GC(314) User=1.73s Sys=0.03s Real=0.16s
[112.178s][info][gc,start       ] GC(315) Pause Full (System.gc())
[112.178s][info][gc,task        ] GC(315) Using 28 workers of 33 for full compaction
[112.179s][info][gc,phases,start] GC(315) Phase 1: Mark live objects
[112.210s][info][gc,phases      ] GC(315) Phase 1: Mark live objects 30.138ms
[112.210s][info][gc,phases,start] GC(315) Phase 2: Prepare compaction
[112.215s][info][gc,phases      ] GC(315) Phase 2: Prepare compaction 5.152ms
[112.215s][info][gc,phases,start] GC(315) Phase 3: Adjust pointers
[112.224s][info][gc,phases      ] GC(315) Phase 3: Adjust pointers 8.948ms
[112.224s][info][gc,phases,start] GC(315) Phase 4: Compact heap
[112.225s][info][gc,phases      ] GC(315) Phase 4: Compact heap 1.070ms
[112.235s][info][gc,heap        ] GC(315) Eden regions: 48->0(141)
[112.235s][info][gc,heap        ] GC(315) Survivor regions: 39->0(39)
[112.235s][info][gc,heap        ] GC(315) Old regions: 164->83
[112.235s][info][gc,heap        ] GC(315) Archive regions: 0->0
[112.235s][info][gc,heap        ] GC(315) Humongous regions: 60->3
[112.235s][info][gc,metaspace   ] GC(315) Metaspace: 67879K(68864K)->67879K(68864K) NonClass: 59454K(59968K)->59454K(59968K) Class: 8424K(8896K)->8424K(8896K)
[112.235s][info][gc             ] GC(315) Pause Full (System.gc()) 608M->148M(574M) 56.513ms
[112.235s][info][gc,cpu         ] GC(315) User=1.11s Sys=0.00s Real=0.06s
[112.268s][info][gc,start       ] GC(316) Pause Young (Concurrent Start) (G1 Humongous Allocation)
[112.269s][info][gc,task        ] GC(316) Using 20 workers of 33 for evacuation
[112.273s][info][gc,phases      ] GC(316)   Pre Evacuate Collection Set: 0.4ms
[112.273s][info][gc,phases      ] GC(316)   Merge Heap Roots: 0.1ms
[112.273s][info][gc,phases      ] GC(316)   Evacuate Collection Set: 0.9ms
[112.273s][info][gc,phases      ] GC(316)   Post Evacuate Collection Set: 2.9ms
[112.273s][info][gc,phases      ] GC(316)   Other: 0.1ms
[112.273s][info][gc,heap        ] GC(316) Eden regions: 10->0(349)
[112.273s][info][gc,heap        ] GC(316) Survivor regions: 0->5(18)
[112.273s][info][gc,heap        ] GC(316) Old regions: 83->83
[112.273s][info][gc,heap        ] GC(316) Archive regions: 0->0
[112.273s][info][gc,heap        ] GC(316) Humongous regions: 3->3
[112.273s][info][gc,metaspace   ] GC(316) Metaspace: 67885K(68864K)->67885K(68864K) NonClass: 59459K(59968K)->59459K(59968K) Class: 8425K(8896K)->8425K(8896K)
[112.273s][info][gc             ] GC(316) Pause Young (Concurrent Start) (G1 Humongous Allocation) 167M->158M(1180M) 4.823ms
[112.273s][info][gc             ] GC(317) Concurrent Mark Cycle
[112.273s][info][gc,cpu         ] GC(316) User=0.00s Sys=0.00s Real=0.01s
[112.273s][info][gc,marking     ] GC(317) Concurrent Scan Root Regions
[112.274s][info][gc,marking     ] GC(317) Concurrent Scan Root Regions 0.914ms
[112.274s][info][gc,marking     ] GC(317) Concurrent Mark
[112.274s][info][gc,marking     ] GC(317) Concurrent Mark From Roots
[112.274s][info][gc,task        ] GC(317) Using 8 workers of 8 for marking
[112.318s][info][gc,marking     ] GC(317) Concurrent Mark From Roots 43.177ms
[112.318s][info][gc,marking     ] GC(317) Concurrent Preclean
[112.318s][info][gc,marking     ] GC(317) Concurrent Preclean 0.114ms
[112.318s][info][gc,start       ] GC(317) Pause Remark
[112.320s][info][gc             ] GC(317) Pause Remark 201M->201M(754M) 1.915ms
[112.320s][info][gc,cpu         ] GC(317) User=0.00s Sys=0.00s Real=0.00s
[112.320s][info][gc,marking     ] GC(317) Concurrent Mark 45.567ms
[112.320s][info][gc,marking     ] GC(317) Concurrent Rebuild Remembered Sets and Scrub Regions
[112.333s][info][gc,marking     ] GC(317) Concurrent Rebuild Remembered Sets and Scrub Regions 13.432ms
[112.346s][info][gc,start       ] GC(317) Pause Cleanup
[112.346s][info][gc             ] GC(317) Pause Cleanup 224M->224M(754M) 0.198ms
[112.347s][info][gc,cpu         ] GC(317) User=0.00s Sys=0.00s Real=0.00s
[112.347s][info][gc,marking     ] GC(317) Concurrent Clear Claimed Marks
[112.347s][info][gc,marking     ] GC(317) Concurrent Clear Claimed Marks 0.111ms
[112.347s][info][gc,marking     ] GC(317) Concurrent Cleanup for Next Mark
[112.347s][info][gc,marking     ] GC(317) Concurrent Cleanup for Next Mark 0.521ms
[112.347s][info][gc             ] GC(317) Concurrent Mark Cycle 73.924ms
[112.527s][info][gc,start       ] GC(318) Pause Young (Prepare Mixed) (G1 Evacuation Pause)
[112.527s][info][gc,task        ] GC(318) Using 19 workers of 33 for evacuation
[112.561s][info][gc,phases      ] GC(318)   Pre Evacuate Collection Set: 0.2ms
[112.561s][info][gc,phases      ] GC(318)   Merge Heap Roots: 0.3ms
[112.561s][info][gc,phases      ] GC(318)   Evacuate Collection Set: 32.8ms
[112.561s][info][gc,phases      ] GC(318)   Post Evacuate Collection Set: 0.6ms
[112.561s][info][gc,phases      ] GC(318)   Other: 0.2ms
[112.562s][info][gc,heap        ] GC(318) Eden regions: 221->0(161)
[112.562s][info][gc,heap        ] GC(318) Survivor regions: 5->29(29)
[112.562s][info][gc,heap        ] GC(318) Old regions: 83->101
[112.562s][info][gc,heap        ] GC(318) Archive regions: 0->0
[112.562s][info][gc,heap        ] GC(318) Humongous regions: 22->19
[112.562s][info][gc,metaspace   ] GC(318) Metaspace: 67909K(68864K)->67909K(68864K) NonClass: 59483K(59968K)->59483K(59968K) Class: 8425K(8896K)->8425K(8896K)
[112.562s][info][gc             ] GC(318) Pause Young (Prepare Mixed) (G1 Evacuation Pause) 638M->273M(756M) 34.627ms
[112.562s][info][gc,cpu         ] GC(318) User=0.59s Sys=0.00s Real=0.03s
[112.717s][info][gc,start       ] GC(319) Pause Young (Mixed) (G1 Evacuation Pause)
[112.717s][info][gc,task        ] GC(319) Using 18 workers of 33 for evacuation
[112.754s][info][gc,phases      ] GC(319)   Pre Evacuate Collection Set: 0.2ms
[112.754s][info][gc,phases      ] GC(319)   Merge Heap Roots: 0.3ms
[112.754s][info][gc,phases      ] GC(319)   Evacuate Collection Set: 35.8ms
[112.754s][info][gc,phases      ] GC(319)   Post Evacuate Collection Set: 0.4ms
[112.754s][info][gc,phases      ] GC(319)   Other: 0.2ms
[112.754s][info][gc,heap        ] GC(319) Eden regions: 161->0(149)
[112.754s][info][gc,heap        ] GC(319) Survivor regions: 29->17(24)
[112.754s][info][gc,heap        ] GC(319) Old regions: 101->129
[112.754s][info][gc,heap        ] GC(319) Archive regions: 0->0
[112.754s][info][gc,heap        ] GC(319) Humongous regions: 27->27
[112.754s][info][gc,metaspace   ] GC(319) Metaspace: 67909K(68864K)->67909K(68864K) NonClass: 59483K(59968K)->59483K(59968K) Class: 8425K(8896K)->8425K(8896K)
[112.754s][info][gc             ] GC(319) Pause Young (Mixed) (G1 Evacuation Pause) 611M->328M(756M) 37.207ms
[112.754s][info][gc,cpu         ] GC(319) User=0.56s Sys=0.00s Real=0.04s
[112.761s][info][gc,start       ] GC(320) Pause Young (Concurrent Start) (G1 Humongous Allocation)
[112.762s][info][gc,task        ] GC(320) Using 18 workers of 33 for evacuation
[112.772s][info][gc,phases      ] GC(320)   Pre Evacuate Collection Set: 0.2ms
[112.773s][info][gc,phases      ] GC(320)   Merge Heap Roots: 0.1ms
[112.773s][info][gc,phases      ] GC(320)   Evacuate Collection Set: 10.2ms
[112.773s][info][gc,phases      ] GC(320)   Post Evacuate Collection Set: 0.3ms
[112.773s][info][gc,phases      ] GC(320)   Other: 0.1ms
[112.773s][info][gc,heap        ] GC(320) Eden regions: 8->0(148)
[112.773s][info][gc,heap        ] GC(320) Survivor regions: 17->4(21)
[112.773s][info][gc,heap        ] GC(320) Old regions: 129->147
[112.773s][info][gc,heap        ] GC(320) Archive regions: 0->0
[112.773s][info][gc,heap        ] GC(320) Humongous regions: 27->27
[112.773s][info][gc,metaspace   ] GC(320) Metaspace: 67909K(68864K)->67909K(68864K) NonClass: 59483K(59968K)->59483K(59968K) Class: 8425K(8896K)->8425K(8896K)
[112.773s][info][gc             ] GC(320) Pause Young (Concurrent Start) (G1 Humongous Allocation) 344M->335M(756M) 11.207ms
[112.773s][info][gc             ] GC(321) Concurrent Mark Cycle
[112.773s][info][gc,cpu         ] GC(320) User=0.00s Sys=0.00s Real=0.01s
[112.773s][info][gc,marking     ] GC(321) Concurrent Scan Root Regions
[112.777s][info][gc,marking     ] GC(321) Concurrent Scan Root Regions 3.826ms
[112.777s][info][gc,marking     ] GC(321) Concurrent Mark
[112.777s][info][gc,marking     ] GC(321) Concurrent Mark From Roots
[112.777s][info][gc,task        ] GC(321) Using 8 workers of 8 for marking
[112.835s][info][gc,marking     ] GC(321) Concurrent Mark From Roots 58.198ms
[112.835s][info][gc,marking     ] GC(321) Concurrent Preclean
[112.835s][info][gc,marking     ] GC(321) Concurrent Preclean 0.142ms
[112.835s][info][gc,start       ] GC(321) Pause Remark
[112.837s][info][gc             ] GC(321) Pause Remark 451M->437M(764M) 1.976ms
[112.837s][info][gc,cpu         ] GC(321) User=0.00s Sys=0.00s Real=0.00s
[112.837s][info][gc,marking     ] GC(321) Concurrent Mark 60.655ms
[112.837s][info][gc,marking     ] GC(321) Concurrent Rebuild Remembered Sets and Scrub Regions
[112.889s][info][gc,marking     ] GC(321) Concurrent Rebuild Remembered Sets and Scrub Regions 51.950ms
[112.889s][info][gc,start       ] GC(321) Pause Cleanup
[112.890s][info][gc             ] GC(321) Pause Cleanup 541M->541M(764M) 0.245ms
[112.890s][info][gc,cpu         ] GC(321) User=0.00s Sys=0.00s Real=0.00s
[112.890s][info][gc,marking     ] GC(321) Concurrent Clear Claimed Marks
[112.890s][info][gc,marking     ] GC(321) Concurrent Clear Claimed Marks 0.115ms
[112.890s][info][gc,marking     ] GC(321) Concurrent Cleanup for Next Mark
[112.890s][info][gc,marking     ] GC(321) Concurrent Cleanup for Next Mark 0.533ms
[112.890s][info][gc             ] GC(321) Concurrent Mark Cycle 117.762ms
[112.939s][info][gc,start       ] GC(322) Pause Young (Prepare Mixed) (G1 Evacuation Pause)
[112.939s][info][gc,task        ] GC(322) Using 18 workers of 33 for evacuation
[112.959s][info][gc,phases      ] GC(322)   Pre Evacuate Collection Set: 0.2ms
[112.959s][info][gc,phases      ] GC(322)   Merge Heap Roots: 0.8ms
[112.959s][info][gc,phases      ] GC(322)   Evacuate Collection Set: 18.3ms
[112.959s][info][gc,phases      ] GC(322)   Post Evacuate Collection Set: 0.5ms
[112.959s][info][gc,phases      ] GC(322)   Other: 0.2ms
[112.959s][info][gc,heap        ] GC(322) Eden regions: 148->0(144)
[112.959s][info][gc,heap        ] GC(322) Survivor regions: 4->14(19)
[112.959s][info][gc,heap        ] GC(322) Old regions: 147->147
[112.959s][info][gc,heap        ] GC(322) Archive regions: 0->0
[112.959s][info][gc,heap        ] GC(322) Humongous regions: 32->32
[112.959s][info][gc,metaspace   ] GC(322) Metaspace: 67909K(68864K)->67909K(68864K) NonClass: 59483K(59968K)->59483K(59968K) Class: 8425K(8896K)->8425K(8896K)
[112.959s][info][gc             ] GC(322) Pause Young (Prepare Mixed) (G1 Evacuation Pause) 641M->365M(764M) 20.346ms
[112.959s][info][gc,cpu         ] GC(322) User=0.28s Sys=0.00s Real=0.02s
[113.101s][info][gc,start       ] GC(323) Pause Young (Mixed) (G1 Evacuation Pause)
[113.101s][info][gc,task        ] GC(323) Using 18 workers of 33 for evacuation
[113.128s][info][gc,phases      ] GC(323)   Pre Evacuate Collection Set: 0.2ms
[113.128s][info][gc,phases      ] GC(323)   Merge Heap Roots: 0.2ms
[113.128s][info][gc,phases      ] GC(323)   Evacuate Collection Set: 25.3ms
[113.128s][info][gc,phases      ] GC(323)   Post Evacuate Collection Set: 0.5ms
[113.128s][info][gc,phases      ] GC(323)   Other: 0.2ms
[113.128s][info][gc,heap        ] GC(323) Eden regions: 144->0(144)
[113.128s][info][gc,heap        ] GC(323) Survivor regions: 14->12(20)
[113.128s][info][gc,heap        ] GC(323) Old regions: 147->154
[113.128s][info][gc,heap        ] GC(323) Archive regions: 0->0
[113.128s][info][gc,heap        ] GC(323) Humongous regions: 32->32
[113.128s][info][gc,metaspace   ] GC(323) Metaspace: 67909K(68864K)->67909K(68864K) NonClass: 59483K(59968K)->59483K(59968K) Class: 8425K(8896K)->8425K(8896K)
[113.128s][info][gc             ] GC(323) Pause Young (Mixed) (G1 Evacuation Pause) 653M->380M(764M) 26.919ms
[113.128s][info][gc,cpu         ] GC(323) User=0.56s Sys=0.00s Real=0.03s
[113.274s][info][gc,start       ] GC(324) Pause Young (Concurrent Start) (G1 Evacuation Pause)
[113.274s][info][gc,task        ] GC(324) Using 18 workers of 33 for evacuation
[113.300s][info][gc,phases      ] GC(324)   Pre Evacuate Collection Set: 0.3ms
[113.300s][info][gc,phases      ] GC(324)   Merge Heap Roots: 0.2ms
[113.300s][info][gc,phases      ] GC(324)   Evacuate Collection Set: 22.0ms
[113.300s][info][gc,phases      ] GC(324)   Post Evacuate Collection Set: 3.8ms
[113.300s][info][gc,phases      ] GC(324)   Other: 0.1ms
[113.300s][info][gc,heap        ] GC(324) Eden regions: 144->0(488)
[113.300s][info][gc,heap        ] GC(324) Survivor regions: 12->11(20)
[113.300s][info][gc,heap        ] GC(324) Old regions: 154->163
[113.300s][info][gc,heap        ] GC(324) Archive regions: 0->0
[113.300s][info][gc,heap        ] GC(324) Humongous regions: 32->32
[113.300s][info][gc,metaspace   ] GC(324) Metaspace: 67909K(68864K)->67909K(68864K) NonClass: 59483K(59968K)->59483K(59968K) Class: 8425K(8896K)->8425K(8896K)
[113.300s][info][gc             ] GC(324) Pause Young (Concurrent Start) (G1 Evacuation Pause) 668M->398M(1666M) 26.743ms
[113.301s][info][gc             ] GC(325) Concurrent Mark Cycle
[113.301s][info][gc,cpu         ] GC(324) User=0.56s Sys=0.00s Real=0.03s
[113.301s][info][gc,marking     ] GC(325) Concurrent Scan Root Regions
[113.305s][info][gc,marking     ] GC(325) Concurrent Scan Root Regions 4.257ms
[113.305s][info][gc,marking     ] GC(325) Concurrent Mark
[113.305s][info][gc,marking     ] GC(325) Concurrent Mark From Roots
[113.305s][info][gc,task        ] GC(325) Using 8 workers of 8 for marking
[113.381s][info][gc,marking     ] GC(325) Concurrent Mark From Roots 76.346ms
[113.381s][info][gc,marking     ] GC(325) Concurrent Preclean
[113.381s][info][gc,marking     ] GC(325) Concurrent Preclean 0.135ms
[113.382s][info][gc,start       ] GC(325) Pause Remark
[113.383s][info][gc             ] GC(325) Pause Remark 449M->431M(1488M) 1.931ms
[113.384s][info][gc,cpu         ] GC(325) User=0.00s Sys=0.00s Real=0.00s
[113.384s][info][gc,marking     ] GC(325) Concurrent Mark 78.725ms
[113.384s][info][gc,marking     ] GC(325) Concurrent Rebuild Remembered Sets and Scrub Regions
[113.438s][info][gc,marking     ] GC(325) Concurrent Rebuild Remembered Sets and Scrub Regions 54.195ms
[113.438s][info][gc,start       ] GC(325) Pause Cleanup
[113.438s][info][gc             ] GC(325) Pause Cleanup 433M->433M(1488M) 0.341ms
[113.438s][info][gc,cpu         ] GC(325) User=0.00s Sys=0.00s Real=0.00s
[113.438s][info][gc,marking     ] GC(325) Concurrent Clear Claimed Marks
[113.439s][info][gc,marking     ] GC(325) Concurrent Clear Claimed Marks 0.122ms
[113.439s][info][gc,marking     ] GC(325) Concurrent Cleanup for Next Mark
[113.442s][info][gc,marking     ] GC(325) Concurrent Cleanup for Next Mark 3.695ms
[113.442s][info][gc             ] GC(325) Concurrent Mark Cycle 141.885ms
[114.533s][info][gc,start       ] GC(326) Pause Young (Prepare Mixed) (G1 Evacuation Pause)
[114.533s][info][gc,task        ] GC(326) Using 33 workers of 33 for evacuation
[114.595s][info][gc,phases      ] GC(326)   Pre Evacuate Collection Set: 0.3ms
[114.595s][info][gc,phases      ] GC(326)   Merge Heap Roots: 1.1ms
[114.595s][info][gc,phases      ] GC(326)   Evacuate Collection Set: 59.1ms
[114.595s][info][gc,phases      ] GC(326)   Post Evacuate Collection Set: 0.9ms
[114.595s][info][gc,phases      ] GC(326)   Other: 0.2ms
[114.595s][info][gc,heap        ] GC(326) Eden regions: 435->0(334)
[114.595s][info][gc,heap        ] GC(326) Survivor regions: 11->56(56)
[114.595s][info][gc,heap        ] GC(326) Old regions: 163->188
[114.595s][info][gc,heap        ] GC(326) Archive regions: 0->0
[114.595s][info][gc,heap        ] GC(326) Humongous regions: 70->67
[114.595s][info][gc,metaspace   ] GC(326) Metaspace: 67912K(68864K)->67912K(68864K) NonClass: 59486K(59968K)->59486K(59968K) Class: 8425K(8896K)->8425K(8896K)
[114.595s][info][gc             ] GC(326) Pause Young (Prepare Mixed) (G1 Evacuation Pause) 1344M->607M(1520M) 61.850ms
[114.595s][info][gc,cpu         ] GC(326) User=2.05s Sys=0.02s Real=0.06s
[114.944s][info][gc,start       ] GC(327) Pause Young (Mixed) (G1 Evacuation Pause)
[114.945s][info][gc,task        ] GC(327) Using 33 workers of 33 for evacuation
[114.998s][info][gc,phases      ] GC(327)   Pre Evacuate Collection Set: 0.3ms
[114.998s][info][gc,phases      ] GC(327)   Merge Heap Roots: 1.0ms
[114.998s][info][gc,phases      ] GC(327)   Evacuate Collection Set: 50.8ms
[114.998s][info][gc,phases      ] GC(327)   Post Evacuate Collection Set: 0.7ms
[114.998s][info][gc,phases      ] GC(327)   Other: 0.2ms
[114.998s][info][gc,heap        ] GC(327) Eden regions: 334->0(311)
[114.998s][info][gc,heap        ] GC(327) Survivor regions: 56->31(49)
[114.998s][info][gc,heap        ] GC(327) Old regions: 188->242
[114.998s][info][gc,heap        ] GC(327) Archive regions: 0->0
[114.998s][info][gc,heap        ] GC(327) Humongous regions: 79->79
[114.998s][info][gc,metaspace   ] GC(327) Metaspace: 67912K(68864K)->67912K(68864K) NonClass: 59486K(59968K)->59486K(59968K) Class: 8425K(8896K)->8425K(8896K)
[114.998s][info][gc             ] GC(327) Pause Young (Mixed) (G1 Evacuation Pause) 1299M->690M(1520M) 53.320ms
[114.998s][info][gc,cpu         ] GC(327) User=2.06s Sys=0.00s Real=0.06s
[115.279s][info][gc,start       ] GC(328) Pause Young (Concurrent Start) (G1 Humongous Allocation)
[115.279s][info][gc,task        ] GC(328) Using 33 workers of 33 for evacuation
[115.309s][info][gc,phases      ] GC(328)   Pre Evacuate Collection Set: 0.4ms
[115.309s][info][gc,phases      ] GC(328)   Merge Heap Roots: 0.3ms
[115.309s][info][gc,phases      ] GC(328)   Evacuate Collection Set: 28.3ms
[115.309s][info][gc,phases      ] GC(328)   Post Evacuate Collection Set: 0.6ms
[115.309s][info][gc,phases      ] GC(328)   Other: 0.2ms
[115.309s][info][gc,heap        ] GC(328) Eden regions: 149->0(311)
[115.309s][info][gc,heap        ] GC(328) Survivor regions: 31->14(43)
[115.309s][info][gc,heap        ] GC(328) Old regions: 242->269
[115.309s][info][gc,heap        ] GC(328) Archive regions: 0->0
[115.309s][info][gc,heap        ] GC(328) Humongous regions: 79->79
[115.309s][info][gc,metaspace   ] GC(328) Metaspace: 67912K(68864K)->67912K(68864K) NonClass: 59486K(59968K)->59486K(59968K) Class: 8425K(8896K)->8425K(8896K)
[115.309s][info][gc             ] GC(328) Pause Young (Concurrent Start) (G1 Humongous Allocation) 987M->711M(1520M) 30.104ms
[115.309s][info][gc             ] GC(329) Concurrent Mark Cycle
[115.309s][info][gc,cpu         ] GC(328) User=1.03s Sys=0.00s Real=0.03s
[115.309s][info][gc,marking     ] GC(329) Concurrent Scan Root Regions
[115.321s][info][gc,marking     ] GC(329) Concurrent Scan Root Regions 11.429ms
[115.321s][info][gc,marking     ] GC(329) Concurrent Mark
[115.321s][info][gc,marking     ] GC(329) Concurrent Mark From Roots
[115.321s][info][gc,task        ] GC(329) Using 8 workers of 8 for marking
[115.367s][info][gc,marking     ] GC(329) Concurrent Mark From Roots 45.847ms
[115.367s][info][gc,marking     ] GC(329) Concurrent Preclean
[115.367s][info][gc,marking     ] GC(329) Concurrent Preclean 0.227ms
[115.367s][info][gc,start       ] GC(329) Pause Remark
[115.370s][info][gc             ] GC(329) Pause Remark 715M->397M(1374M) 2.731ms
[115.370s][info][gc,cpu         ] GC(329) User=0.34s Sys=0.03s Real=0.02s
[115.370s][info][gc,marking     ] GC(329) Concurrent Mark 49.202ms
[115.370s][info][gc,marking     ] GC(329) Concurrent Rebuild Remembered Sets and Scrub Regions
[115.413s][info][gc,marking     ] GC(329) Concurrent Rebuild Remembered Sets and Scrub Regions 42.511ms
[115.413s][info][gc,start       ] GC(329) Pause Cleanup
[115.413s][info][gc             ] GC(329) Pause Cleanup 403M->403M(1374M) 0.513ms
[115.414s][info][gc,cpu         ] GC(329) User=0.00s Sys=0.00s Real=0.00s
[115.414s][info][gc,marking     ] GC(329) Concurrent Clear Claimed Marks
[115.414s][info][gc,marking     ] GC(329) Concurrent Clear Claimed Marks 0.128ms
[115.414s][info][gc,marking     ] GC(329) Concurrent Cleanup for Next Mark
[115.415s][info][gc,marking     ] GC(329) Concurrent Cleanup for Next Mark 0.976ms
[115.415s][info][gc             ] GC(329) Concurrent Mark Cycle 105.483ms
[116.357s][info][gc,start       ] GC(330) Pause Young (Prepare Mixed) (G1 Evacuation Pause)
[116.357s][info][gc,task        ] GC(330) Using 33 workers of 33 for evacuation
[116.406s][info][gc,phases      ] GC(330)   Pre Evacuate Collection Set: 0.3ms
[116.406s][info][gc,phases      ] GC(330)   Merge Heap Roots: 1.1ms
[116.406s][info][gc,phases      ] GC(330)   Evacuate Collection Set: 47.0ms
[116.406s][info][gc,phases      ] GC(330)   Post Evacuate Collection Set: 0.9ms
[116.406s][info][gc,phases      ] GC(330)   Other: 0.2ms
[116.406s][info][gc,heap        ] GC(330) Eden regions: 311->0(305)
[116.406s][info][gc,heap        ] GC(330) Survivor regions: 14->41(41)
[116.406s][info][gc,heap        ] GC(330) Old regions: 174->185
[116.406s][info][gc,heap        ] GC(330) Archive regions: 0->0
[116.406s][info][gc,heap        ] GC(330) Humongous regions: 68->59
[116.406s][info][gc,metaspace   ] GC(330) Metaspace: 67920K(68864K)->67920K(68864K) NonClass: 59494K(59968K)->59494K(59968K) Class: 8425K(8896K)->8425K(8896K)
[116.406s][info][gc             ] GC(330) Pause Young (Prepare Mixed) (G1 Evacuation Pause) 1121M->558M(1374M) 49.759ms
[116.407s][info][gc,cpu         ] GC(330) User=1.55s Sys=0.00s Real=0.05s
[116.981s][info][gc,start       ] GC(331) Pause Young (Mixed) (G1 Evacuation Pause)
[116.981s][info][gc,task        ] GC(331) Using 33 workers of 33 for evacuation
[117.030s][info][gc,phases      ] GC(331)   Pre Evacuate Collection Set: 0.3ms
[117.030s][info][gc,phases      ] GC(331)   Merge Heap Roots: 0.6ms
[117.030s][info][gc,phases      ] GC(331)   Evacuate Collection Set: 47.0ms
[117.030s][info][gc,phases      ] GC(331)   Post Evacuate Collection Set: 0.8ms
[117.030s][info][gc,phases      ] GC(331)   Other: 0.2ms
[117.030s][info][gc,heap        ] GC(331) Eden regions: 305->0(295)
[117.030s][info][gc,heap        ] GC(331) Survivor regions: 41->35(44)
[117.030s][info][gc,heap        ] GC(331) Old regions: 185->200
[117.030s][info][gc,heap        ] GC(331) Archive regions: 0->0
[117.031s][info][gc,heap        ] GC(331) Humongous regions: 66->63
[117.031s][info][gc,metaspace   ] GC(331) Metaspace: 67954K(68928K)->67954K(68928K) NonClass: 59528K(60032K)->59528K(60032K) Class: 8425K(8896K)->8425K(8896K)
[117.031s][info][gc             ] GC(331) Pause Young (Mixed) (G1 Evacuation Pause) 1182M->583M(1374M) 49.222ms
[117.031s][info][gc,cpu         ] GC(331) User=1.55s Sys=0.02s Real=0.05s
[117.041s][info][gc,start       ] GC(332) Pause Young (Concurrent Start) (G1 Humongous Allocation)
[117.041s][info][gc,task        ] GC(332) Using 33 workers of 33 for evacuation
[117.053s][info][gc,phases      ] GC(332)   Pre Evacuate Collection Set: 0.3ms
[117.054s][info][gc,phases      ] GC(332)   Merge Heap Roots: 0.1ms
[117.054s][info][gc,phases      ] GC(332)   Evacuate Collection Set: 11.5ms
[117.054s][info][gc,phases      ] GC(332)   Post Evacuate Collection Set: 0.5ms
[117.054s][info][gc,phases      ] GC(332)   Other: 0.1ms
[117.054s][info][gc,heap        ] GC(332) Eden regions: 14->0(283)
[117.054s][info][gc,heap        ] GC(332) Survivor regions: 35->7(42)
[117.054s][info][gc,heap        ] GC(332) Old regions: 200->234
[117.054s][info][gc,heap        ] GC(332) Archive regions: 0->0
[117.054s][info][gc,heap        ] GC(332) Humongous regions: 63->63
[117.054s][info][gc,metaspace   ] GC(332) Metaspace: 67954K(68928K)->67954K(68928K) NonClass: 59528K(60032K)->59528K(60032K) Class: 8425K(8896K)->8425K(8896K)
[117.054s][info][gc             ] GC(332) Pause Young (Concurrent Start) (G1 Humongous Allocation) 611M->596M(1374M) 12.833ms
[117.054s][info][gc             ] GC(333) Concurrent Mark Cycle
[117.054s][info][gc,cpu         ] GC(332) User=0.52s Sys=0.00s Real=0.02s
[117.054s][info][gc,marking     ] GC(333) Concurrent Scan Root Regions
[117.060s][info][gc,marking     ] GC(333) Concurrent Scan Root Regions 6.276ms
[117.060s][info][gc,marking     ] GC(333) Concurrent Mark
[117.060s][info][gc,marking     ] GC(333) Concurrent Mark From Roots
[117.060s][info][gc,task        ] GC(333) Using 8 workers of 8 for marking
[117.093s][info][gc,marking     ] GC(333) Concurrent Mark From Roots 32.582ms
[117.093s][info][gc,marking     ] GC(333) Concurrent Preclean
[117.093s][info][gc,marking     ] GC(333) Concurrent Preclean 0.073ms
[117.093s][info][gc,start       ] GC(333) Pause Remark
[117.096s][info][gc             ] GC(333) Pause Remark 694M->436M(1374M) 2.765ms
[117.096s][info][gc,cpu         ] GC(333) User=0.00s Sys=0.00s Real=0.00s
[117.096s][info][gc,marking     ] GC(333) Concurrent Mark 35.752ms
[117.096s][info][gc,marking     ] GC(333) Concurrent Rebuild Remembered Sets and Scrub Regions
[117.116s][info][gc,marking     ] GC(333) Concurrent Rebuild Remembered Sets and Scrub Regions 19.778ms
[117.116s][info][gc,start       ] GC(333) Pause Cleanup
[117.116s][info][gc             ] GC(333) Pause Cleanup 449M->449M(1374M) 0.304ms
[117.116s][info][gc,cpu         ] GC(333) User=0.00s Sys=0.00s Real=0.00s
[117.116s][info][gc,marking     ] GC(333) Concurrent Clear Claimed Marks
[117.116s][info][gc,marking     ] GC(333) Concurrent Clear Claimed Marks 0.086ms
[117.116s][info][gc,marking     ] GC(333) Concurrent Cleanup for Next Mark
[117.117s][info][gc,marking     ] GC(333) Concurrent Cleanup for Next Mark 0.941ms
[117.117s][info][gc             ] GC(333) Concurrent Mark Cycle 63.607ms
[117.715s][info][gc,start       ] GC(334) Pause Young (Prepare Mixed) (G1 Evacuation Pause)
[117.715s][info][gc,task        ] GC(334) Using 33 workers of 33 for evacuation
[117.760s][info][gc,phases      ] GC(334)   Pre Evacuate Collection Set: 0.3ms
[117.760s][info][gc,phases      ] GC(334)   Merge Heap Roots: 1.0ms
[117.760s][info][gc,phases      ] GC(334)   Evacuate Collection Set: 42.5ms
[117.760s][info][gc,phases      ] GC(334)   Post Evacuate Collection Set: 0.8ms
[117.760s][info][gc,phases      ] GC(334)   Other: 0.2ms
[117.760s][info][gc,heap        ] GC(334) Eden regions: 283->0(311)
[117.760s][info][gc,heap        ] GC(334) Survivor regions: 7->37(37)
[117.760s][info][gc,heap        ] GC(334) Old regions: 159->166
[117.760s][info][gc,heap        ] GC(334) Archive regions: 0->0
[117.760s][info][gc,heap        ] GC(334) Humongous regions: 178->60
[117.760s][info][gc,metaspace   ] GC(334) Metaspace: 67963K(68992K)->67963K(68992K) NonClass: 59537K(60096K)->59537K(60096K) Class: 8425K(8896K)->8425K(8896K)
[117.760s][info][gc             ] GC(334) Pause Young (Prepare Mixed) (G1 Evacuation Pause) 1242M->513M(1374M) 45.162ms
[117.760s][info][gc,cpu         ] GC(334) User=1.55s Sys=0.00s Real=0.05s
[118.015s][info][gc,start       ] GC(335) Pause Full (System.gc())
[118.015s][info][gc,task        ] GC(335) Using 33 workers of 33 for full compaction
[118.017s][info][gc,phases,start] GC(335) Phase 1: Mark live objects
[118.044s][info][gc,phases      ] GC(335) Phase 1: Mark live objects 27.374ms
[118.044s][info][gc,phases,start] GC(335) Phase 2: Prepare compaction
[118.050s][info][gc,phases      ] GC(335) Phase 2: Prepare compaction 6.112ms
[118.050s][info][gc,phases,start] GC(335) Phase 3: Adjust pointers
[118.060s][info][gc,phases      ] GC(335) Phase 3: Adjust pointers 9.498ms
[118.060s][info][gc,phases,start] GC(335) Phase 4: Compact heap
[118.061s][info][gc,phases      ] GC(335) Phase 4: Compact heap 1.351ms
[118.072s][info][gc,heap        ] GC(335) Eden regions: 226->0(155)
[118.072s][info][gc,heap        ] GC(335) Survivor regions: 37->0(37)
[118.072s][info][gc,heap        ] GC(335) Old regions: 166->89
[118.072s][info][gc,heap        ] GC(335) Archive regions: 0->0
[118.072s][info][gc,heap        ] GC(335) Humongous regions: 62->3
[118.072s][info][gc,metaspace   ] GC(335) Metaspace: 67967K(68992K)->67967K(68992K) NonClass: 59541K(60096K)->59541K(60096K) Class: 8425K(8896K)->8425K(8896K)
[118.072s][info][gc             ] GC(335) Pause Full (System.gc()) 969M->148M(614M) 56.924ms
[118.072s][info][gc,cpu         ] GC(335) User=0.55s Sys=0.00s Real=0.05s
[118.105s][info][gc,start       ] GC(336) Pause Young (Concurrent Start) (G1 Humongous Allocation)
[118.105s][info][gc,task        ] GC(336) Using 23 workers of 33 for evacuation
[118.108s][info][gc,phases      ] GC(336)   Pre Evacuate Collection Set: 0.4ms
[118.108s][info][gc,phases      ] GC(336)   Merge Heap Roots: 0.1ms
[118.108s][info][gc,phases      ] GC(336)   Evacuate Collection Set: 1.4ms
[118.108s][info][gc,phases      ] GC(336)   Post Evacuate Collection Set: 0.6ms
[118.108s][info][gc,phases      ] GC(336)   Other: 0.1ms
[118.108s][info][gc,heap        ] GC(336) Eden regions: 10->0(159)
[118.108s][info][gc,heap        ] GC(336) Survivor regions: 0->6(20)
[118.108s][info][gc,heap        ] GC(336) Old regions: 89->89
[118.108s][info][gc,heap        ] GC(336) Archive regions: 0->0
[118.108s][info][gc,heap        ] GC(336) Humongous regions: 3->3
[118.108s][info][gc,metaspace   ] GC(336) Metaspace: 67975K(68992K)->67975K(68992K) NonClass: 59549K(60096K)->59549K(60096K) Class: 8426K(8896K)->8426K(8896K)
[118.108s][info][gc             ] GC(336) Pause Young (Concurrent Start) (G1 Humongous Allocation) 168M->160M(614M) 2.955ms
[118.108s][info][gc             ] GC(337) Concurrent Mark Cycle
[118.108s][info][gc,cpu         ] GC(336) User=0.05s Sys=0.00s Real=0.02s
[118.108s][info][gc,marking     ] GC(337) Concurrent Scan Root Regions
[118.109s][info][gc,marking     ] GC(337) Concurrent Scan Root Regions 0.793ms
[118.109s][info][gc,marking     ] GC(337) Concurrent Mark
[118.109s][info][gc,marking     ] GC(337) Concurrent Mark From Roots
[118.109s][info][gc,task        ] GC(337) Using 8 workers of 8 for marking
[118.152s][info][gc,marking     ] GC(337) Concurrent Mark From Roots 42.743ms
[118.152s][info][gc,marking     ] GC(337) Concurrent Preclean
[118.152s][info][gc,marking     ] GC(337) Concurrent Preclean 0.108ms
[118.152s][info][gc,start       ] GC(337) Pause Remark
[118.154s][info][gc             ] GC(337) Pause Remark 203M->203M(614M) 1.960ms
[118.154s][info][gc,cpu         ] GC(337) User=0.00s Sys=0.00s Real=0.00s
[118.154s][info][gc,marking     ] GC(337) Concurrent Mark 45.171ms
[118.154s][info][gc,marking     ] GC(337) Concurrent Rebuild Remembered Sets and Scrub Regions
[118.167s][info][gc,marking     ] GC(337) Concurrent Rebuild Remembered Sets and Scrub Regions 12.722ms
[118.167s][info][gc,start       ] GC(337) Pause Cleanup
[118.167s][info][gc             ] GC(337) Pause Cleanup 225M->225M(614M) 0.182ms
[118.167s][info][gc,cpu         ] GC(337) User=0.00s Sys=0.00s Real=0.00s
[118.167s][info][gc,marking     ] GC(337) Concurrent Clear Claimed Marks
[118.167s][info][gc,marking     ] GC(337) Concurrent Clear Claimed Marks 0.090ms
[118.167s][info][gc,marking     ] GC(337) Concurrent Cleanup for Next Mark
[118.168s][info][gc,marking     ] GC(337) Concurrent Cleanup for Next Mark 0.392ms
[118.168s][info][gc             ] GC(337) Concurrent Mark Cycle 59.788ms
[118.287s][info][gc,start       ] GC(338) Pause Young (Prepare Mixed) (G1 Evacuation Pause)
[118.287s][info][gc,task        ] GC(338) Using 18 workers of 33 for evacuation
[118.314s][info][gc,phases      ] GC(338)   Pre Evacuate Collection Set: 0.2ms
[118.314s][info][gc,phases      ] GC(338)   Merge Heap Roots: 0.2ms
[118.314s][info][gc,phases      ] GC(338)   Evacuate Collection Set: 25.7ms
[118.314s][info][gc,phases      ] GC(338)   Post Evacuate Collection Set: 0.5ms
[118.314s][info][gc,phases      ] GC(338)   Other: 0.1ms
[118.314s][info][gc,heap        ] GC(338) Eden regions: 159->0(111)
[118.314s][info][gc,heap        ] GC(338) Survivor regions: 6->21(21)
[118.314s][info][gc,heap        ] GC(338) Old regions: 89->109
[118.314s][info][gc,heap        ] GC(338) Archive regions: 0->0
[118.314s][info][gc,heap        ] GC(338) Humongous regions: 18->15
[118.314s][info][gc,metaspace   ] GC(338) Metaspace: 67975K(68992K)->67975K(68992K) NonClass: 59549K(60096K)->59549K(60096K) Class: 8426K(8896K)->8426K(8896K)
[118.314s][info][gc             ] GC(338) Pause Young (Prepare Mixed) (G1 Evacuation Pause) 508M->254M(626M) 27.156ms
[118.315s][info][gc,cpu         ] GC(338) User=0.30s Sys=0.00s Real=0.03s
[118.428s][info][gc,start       ] GC(339) Pause Young (Mixed) (G1 Evacuation Pause)
[118.428s][info][gc,task        ] GC(339) Using 16 workers of 33 for evacuation
[118.463s][info][gc,phases      ] GC(339)   Pre Evacuate Collection Set: 0.2ms
[118.463s][info][gc,phases      ] GC(339)   Merge Heap Roots: 0.4ms
[118.463s][info][gc,phases      ] GC(339)   Evacuate Collection Set: 31.5ms
[118.463s][info][gc,phases      ] GC(339)   Post Evacuate Collection Set: 2.8ms
[118.463s][info][gc,phases      ] GC(339)   Other: 0.2ms
[118.463s][info][gc,heap        ] GC(339) Eden regions: 111->0(346)
[118.463s][info][gc,heap        ] GC(339) Survivor regions: 21->14(17)
[118.463s][info][gc,heap        ] GC(339) Old regions: 109->129
[118.463s][info][gc,heap        ] GC(339) Archive regions: 0->0
[118.463s][info][gc,heap        ] GC(339) Humongous regions: 27->27
[118.463s][info][gc,metaspace   ] GC(339) Metaspace: 67975K(68992K)->67975K(68992K) NonClass: 59549K(60096K)->59549K(60096K) Class: 8426K(8896K)->8426K(8896K)
[118.463s][info][gc             ] GC(339) Pause Young (Mixed) (G1 Evacuation Pause) 500M->309M(1260M) 35.354ms
[118.464s][info][gc,cpu         ] GC(339) User=0.50s Sys=0.02s Real=0.05s
[118.597s][info][gc,start       ] GC(340) Pause Young (Concurrent Start) (G1 Humongous Allocation)
[118.597s][info][gc,task        ] GC(340) Using 30 workers of 33 for evacuation
[118.621s][info][gc,phases      ] GC(340)   Pre Evacuate Collection Set: 0.4ms
[118.621s][info][gc,phases      ] GC(340)   Merge Heap Roots: 0.2ms
[118.621s][info][gc,phases      ] GC(340)   Evacuate Collection Set: 22.6ms
[118.621s][info][gc,phases      ] GC(340)   Post Evacuate Collection Set: 0.6ms
[118.621s][info][gc,phases      ] GC(340)   Other: 0.2ms
[118.621s][info][gc,heap        ] GC(340) Eden regions: 115->0(346)
[118.621s][info][gc,heap        ] GC(340) Survivor regions: 14->24(45)
[118.621s][info][gc,heap        ] GC(340) Old regions: 129->129
[118.621s][info][gc,heap        ] GC(340) Archive regions: 0->0
[118.621s][info][gc,heap        ] GC(340) Humongous regions: 27->27
[118.621s][info][gc,metaspace   ] GC(340) Metaspace: 67975K(68992K)->67975K(68992K) NonClass: 59549K(60096K)->59549K(60096K) Class: 8426K(8896K)->8426K(8896K)
[118.621s][info][gc             ] GC(340) Pause Young (Concurrent Start) (G1 Humongous Allocation) 538M->330M(1260M) 24.382ms
[118.621s][info][gc             ] GC(341) Concurrent Mark Cycle
[118.621s][info][gc,cpu         ] GC(340) User=0.61s Sys=0.33s Real=0.03s
[118.621s][info][gc,marking     ] GC(341) Concurrent Scan Root Regions
[118.627s][info][gc,marking     ] GC(341) Concurrent Scan Root Regions 5.915ms
[118.627s][info][gc,marking     ] GC(341) Concurrent Mark
[118.627s][info][gc,marking     ] GC(341) Concurrent Mark From Roots
[118.627s][info][gc,task        ] GC(341) Using 8 workers of 8 for marking
[118.682s][info][gc,marking     ] GC(341) Concurrent Mark From Roots 54.681ms
[118.682s][info][gc,marking     ] GC(341) Concurrent Preclean
[118.682s][info][gc,marking     ] GC(341) Concurrent Preclean 0.149ms
[118.682s][info][gc,start       ] GC(341) Pause Remark
[118.685s][info][gc             ] GC(341) Pause Remark 438M->422M(1260M) 2.264ms
[118.685s][info][gc,cpu         ] GC(341) User=0.00s Sys=0.00s Real=0.00s
[118.685s][info][gc,marking     ] GC(341) Concurrent Mark 57.440ms
[118.685s][info][gc,marking     ] GC(341) Concurrent Rebuild Remembered Sets and Scrub Regions
[118.726s][info][gc,marking     ] GC(341) Concurrent Rebuild Remembered Sets and Scrub Regions 41.781ms
[118.727s][info][gc,start       ] GC(341) Pause Cleanup
[118.727s][info][gc             ] GC(341) Pause Cleanup 505M->505M(1260M) 0.249ms
[118.727s][info][gc,cpu         ] GC(341) User=0.00s Sys=0.00s Real=0.00s
[118.727s][info][gc,marking     ] GC(341) Concurrent Clear Claimed Marks
[118.727s][info][gc,marking     ] GC(341) Concurrent Clear Claimed Marks 0.089ms
[118.727s][info][gc,marking     ] GC(341) Concurrent Cleanup for Next Mark
[118.730s][info][gc,marking     ] GC(341) Concurrent Cleanup for Next Mark 2.541ms
[118.730s][info][gc             ] GC(341) Concurrent Mark Cycle 108.487ms
[119.021s][info][gc,start       ] GC(342) Pause Young (Prepare Mixed) (G1 Evacuation Pause)
[119.021s][info][gc,task        ] GC(342) Using 30 workers of 33 for evacuation
[119.055s][info][gc,phases      ] GC(342)   Pre Evacuate Collection Set: 0.3ms
[119.055s][info][gc,phases      ] GC(342)   Merge Heap Roots: 1.0ms
[119.055s][info][gc,phases      ] GC(342)   Evacuate Collection Set: 32.0ms
[119.055s][info][gc,phases      ] GC(342)   Post Evacuate Collection Set: 0.6ms
[119.055s][info][gc,phases      ] GC(342)   Other: 0.2ms
[119.055s][info][gc,heap        ] GC(342) Eden regions: 346->0(332)
[119.055s][info][gc,heap        ] GC(342) Survivor regions: 24->46(47)
[119.055s][info][gc,heap        ] GC(342) Old regions: 129->129
[119.055s][info][gc,heap        ] GC(342) Archive regions: 0->0
[119.055s][info][gc,heap        ] GC(342) Humongous regions: 31->31
[119.055s][info][gc,metaspace   ] GC(342) Metaspace: 67975K(68992K)->67975K(68992K) NonClass: 59549K(60096K)->59549K(60096K) Class: 8426K(8896K)->8426K(8896K)
[119.055s][info][gc             ] GC(342) Pause Young (Prepare Mixed) (G1 Evacuation Pause) 1030M->382M(1260M) 34.384ms
[119.055s][info][gc,cpu         ] GC(342) User=0.94s Sys=0.00s Real=0.03s
[120.047s][info][gc,start       ] GC(343) Pause Young (Mixed) (G1 Evacuation Pause)
[120.047s][info][gc,task        ] GC(343) Using 30 workers of 33 for evacuation
[120.124s][info][gc,phases      ] GC(343)   Pre Evacuate Collection Set: 0.3ms
[120.124s][info][gc,phases      ] GC(343)   Merge Heap Roots: 0.7ms
[120.124s][info][gc,phases      ] GC(343)   Evacuate Collection Set: 74.5ms
[120.124s][info][gc,phases      ] GC(343)   Post Evacuate Collection Set: 0.8ms
[120.124s][info][gc,phases      ] GC(343)   Other: 0.2ms
[120.124s][info][gc,heap        ] GC(343) Eden regions: 332->0(283)
[120.124s][info][gc,heap        ] GC(343) Survivor regions: 46->48(48)
[120.124s][info][gc,heap        ] GC(343) Old regions: 129->171
[120.124s][info][gc,heap        ] GC(343) Archive regions: 0->0
[120.124s][info][gc,heap        ] GC(343) Humongous regions: 66->63
[120.124s][info][gc,metaspace   ] GC(343) Metaspace: 67991K(68992K)->67991K(68992K) NonClass: 59562K(60096K)->59562K(60096K) Class: 8429K(8896K)->8429K(8896K)
[120.124s][info][gc             ] GC(343) Pause Young (Mixed) (G1 Evacuation Pause) 1116M->545M(1336M) 76.782ms
[120.124s][info][gc,cpu         ] GC(343) User=2.09s Sys=0.25s Real=0.08s
[120.196s][info][gc,start       ] GC(344) Pause Young (Concurrent Start) (G1 Humongous Allocation)
[120.196s][info][gc,task        ] GC(344) Using 32 workers of 33 for evacuation
[120.233s][info][gc,phases      ] GC(344)   Pre Evacuate Collection Set: 0.4ms
[120.234s][info][gc,phases      ] GC(344)   Merge Heap Roots: 0.6ms
[120.234s][info][gc,phases      ] GC(344)   Evacuate Collection Set: 36.0ms
[120.234s][info][gc,phases      ] GC(344)   Post Evacuate Collection Set: 0.6ms
[120.234s][info][gc,phases      ] GC(344)   Other: 0.1ms
[120.234s][info][gc,heap        ] GC(344) Eden regions: 88->0(263)
[120.234s][info][gc,heap        ] GC(344) Survivor regions: 48->16(42)
[120.234s][info][gc,heap        ] GC(344) Old regions: 171->223
[120.234s][info][gc,heap        ] GC(344) Archive regions: 0->0
[120.234s][info][gc,heap        ] GC(344) Humongous regions: 63->63
[120.234s][info][gc,metaspace   ] GC(344) Metaspace: 67991K(68992K)->67991K(68992K) NonClass: 59562K(60096K)->59562K(60096K) Class: 8429K(8896K)->8429K(8896K)
[120.234s][info][gc             ] GC(344) Pause Young (Concurrent Start) (G1 Humongous Allocation) 721M->585M(1336M) 38.091ms
[120.234s][info][gc             ] GC(345) Concurrent Mark Cycle
[120.234s][info][gc,cpu         ] GC(344) User=1.00s Sys=0.00s Real=0.03s
[120.234s][info][gc,marking     ] GC(345) Concurrent Scan Root Regions
[120.247s][info][gc,marking     ] GC(345) Concurrent Scan Root Regions 12.744ms
[120.247s][info][gc,marking     ] GC(345) Concurrent Mark
[120.247s][info][gc,marking     ] GC(345) Concurrent Mark From Roots
[120.247s][info][gc,task        ] GC(345) Using 8 workers of 8 for marking
[120.289s][info][gc,marking     ] GC(345) Concurrent Mark From Roots 42.471ms
[120.289s][info][gc,marking     ] GC(345) Concurrent Preclean
[120.289s][info][gc,marking     ] GC(345) Concurrent Preclean 0.116ms
[120.289s][info][gc,start       ] GC(345) Pause Remark
[120.292s][info][gc             ] GC(345) Pause Remark 694M->502M(1336M) 2.486ms
[120.292s][info][gc,cpu         ] GC(345) User=0.00s Sys=0.00s Real=0.00s
[120.292s][info][gc,marking     ] GC(345) Concurrent Mark 45.408ms
[120.292s][info][gc,marking     ] GC(345) Concurrent Rebuild Remembered Sets and Scrub Regions
[120.340s][info][gc,marking     ] GC(345) Concurrent Rebuild Remembered Sets and Scrub Regions 48.363ms
[120.341s][info][gc,start       ] GC(345) Pause Cleanup
[120.341s][info][gc             ] GC(345) Pause Cleanup 585M->585M(1336M) 0.496ms
[120.341s][info][gc,cpu         ] GC(345) User=0.00s Sys=0.00s Real=0.00s
[120.341s][info][gc,marking     ] GC(345) Concurrent Clear Claimed Marks
[120.341s][info][gc,marking     ] GC(345) Concurrent Clear Claimed Marks 0.127ms
[120.342s][info][gc,marking     ] GC(345) Concurrent Cleanup for Next Mark
[120.343s][info][gc,marking     ] GC(345) Concurrent Cleanup for Next Mark 1.124ms
[120.343s][info][gc             ] GC(345) Concurrent Mark Cycle 109.113ms
[120.542s][info][gc,start       ] GC(346) Pause Young (Prepare Mixed) (G1 Evacuation Pause)
[120.543s][info][gc,task        ] GC(346) Using 32 workers of 33 for evacuation
[120.580s][info][gc,phases      ] GC(346)   Pre Evacuate Collection Set: 0.3ms
[120.580s][info][gc,phases      ] GC(346)   Merge Heap Roots: 1.0ms
[120.580s][info][gc,phases      ] GC(346)   Evacuate Collection Set: 35.1ms
[120.580s][info][gc,phases      ] GC(346)   Post Evacuate Collection Set: 0.8ms
[120.580s][info][gc,phases      ] GC(346)   Other: 0.2ms
[120.580s][info][gc,heap        ] GC(346) Eden regions: 263->0(308)
[120.580s][info][gc,heap        ] GC(346) Survivor regions: 16->35(35)
[120.580s][info][gc,heap        ] GC(346) Old regions: 179->183
[120.580s][info][gc,heap        ] GC(346) Archive regions: 0->0
[120.580s][info][gc,heap        ] GC(346) Humongous regions: 35->35
[120.580s][info][gc,metaspace   ] GC(346) Metaspace: 67991K(68992K)->67991K(68992K) NonClass: 59562K(60096K)->59562K(60096K) Class: 8429K(8896K)->8429K(8896K)
[120.580s][info][gc             ] GC(346) Pause Young (Prepare Mixed) (G1 Evacuation Pause) 967M->487M(1336M) 37.602ms
[120.580s][info][gc,cpu         ] GC(346) User=1.00s Sys=0.00s Real=0.03s
[120.887s][info][gc,start       ] GC(347) Pause Young (Mixed) (G1 Evacuation Pause)
[120.887s][info][gc,task        ] GC(347) Using 32 workers of 33 for evacuation
[120.928s][info][gc,phases      ] GC(347)   Pre Evacuate Collection Set: 0.3ms
[120.928s][info][gc,phases      ] GC(347)   Merge Heap Roots: 0.6ms
[120.928s][info][gc,phases      ] GC(347)   Evacuate Collection Set: 37.8ms
[120.928s][info][gc,phases      ] GC(347)   Post Evacuate Collection Set: 2.4ms
[120.928s][info][gc,phases      ] GC(347)   Other: 0.2ms
[120.928s][info][gc,heap        ] GC(347) Eden regions: 308->0(521)
[120.928s][info][gc,heap        ] GC(347) Survivor regions: 35->23(43)
[120.929s][info][gc,heap        ] GC(347) Old regions: 183->209
[120.929s][info][gc,heap        ] GC(347) Archive regions: 0->0
[120.929s][info][gc,heap        ] GC(347) Humongous regions: 35->35
[120.929s][info][gc,metaspace   ] GC(347) Metaspace: 67991K(68992K)->67991K(68992K) NonClass: 59562K(60096K)->59562K(60096K) Class: 8429K(8896K)->8429K(8896K)
[120.929s][info][gc             ] GC(347) Pause Young (Mixed) (G1 Evacuation Pause) 1103M->516M(1888M) 41.565ms
[120.929s][info][gc,cpu         ] GC(347) User=1.50s Sys=0.00s Real=0.05s
[121.069s][info][gc,start       ] GC(348) Pause Young (Concurrent Start) (G1 Humongous Allocation)
[121.069s][info][gc,task        ] GC(348) Using 33 workers of 33 for evacuation
[121.094s][info][gc,phases      ] GC(348)   Pre Evacuate Collection Set: 0.5ms
[121.094s][info][gc,phases      ] GC(348)   Merge Heap Roots: 0.2ms
[121.094s][info][gc,phases      ] GC(348)   Evacuate Collection Set: 23.3ms
[121.094s][info][gc,phases      ] GC(348)   Post Evacuate Collection Set: 0.6ms
[121.094s][info][gc,phases      ] GC(348)   Other: 0.2ms
[121.094s][info][gc,heap        ] GC(348) Eden regions: 23->0(529)
[121.094s][info][gc,heap        ] GC(348) Survivor regions: 23->24(68)
[121.095s][info][gc,heap        ] GC(348) Old regions: 209->209
[121.095s][info][gc,heap        ] GC(348) Archive regions: 0->0
[121.095s][info][gc,heap        ] GC(348) Humongous regions: 35->35
[121.095s][info][gc,metaspace   ] GC(348) Metaspace: 67991K(68992K)->67991K(68992K) NonClass: 59562K(60096K)->59562K(60096K) Class: 8429K(8896K)->8429K(8896K)
[121.095s][info][gc             ] GC(348) Pause Young (Concurrent Start) (G1 Humongous Allocation) 561M->518M(1888M) 25.280ms
[121.095s][info][gc             ] GC(349) Concurrent Mark Cycle
[121.095s][info][gc,cpu         ] GC(348) User=0.52s Sys=0.00s Real=0.02s
[121.095s][info][gc,marking     ] GC(349) Concurrent Scan Root Regions
[121.106s][info][gc,marking     ] GC(349) Concurrent Scan Root Regions 10.885ms
[121.106s][info][gc,marking     ] GC(349) Concurrent Mark
[121.106s][info][gc,marking     ] GC(349) Concurrent Mark From Roots
[121.106s][info][gc,task        ] GC(349) Using 8 workers of 8 for marking
[121.162s][info][gc,marking     ] GC(349) Concurrent Mark From Roots 56.466ms
[121.162s][info][gc,marking     ] GC(349) Concurrent Preclean
[121.162s][info][gc,marking     ] GC(349) Concurrent Preclean 0.205ms
[121.163s][info][gc,start       ] GC(349) Pause Remark
[121.165s][info][gc             ] GC(349) Pause Remark 526M->376M(1320M) 2.664ms
[121.165s][info][gc,cpu         ] GC(349) User=0.00s Sys=0.00s Real=0.00s
[121.165s][info][gc,marking     ] GC(349) Concurrent Mark 59.718ms
[121.165s][info][gc,marking     ] GC(349) Concurrent Rebuild Remembered Sets and Scrub Regions
[121.203s][info][gc,marking     ] GC(349) Concurrent Rebuild Remembered Sets and Scrub Regions 37.538ms
[121.203s][info][gc,start       ] GC(349) Pause Cleanup
[121.203s][info][gc             ] GC(349) Pause Cleanup 376M->376M(1320M) 0.306ms
[121.204s][info][gc,cpu         ] GC(349) User=0.00s Sys=0.00s Real=0.00s
[121.204s][info][gc,marking     ] GC(349) Concurrent Clear Claimed Marks
[121.204s][info][gc,marking     ] GC(349) Concurrent Clear Claimed Marks 0.113ms
[121.204s][info][gc,marking     ] GC(349) Concurrent Cleanup for Next Mark
[121.205s][info][gc,marking     ] GC(349) Concurrent Cleanup for Next Mark 0.911ms
[121.205s][info][gc             ] GC(349) Concurrent Mark Cycle 110.004ms
[122.480s][info][gc,start       ] GC(350) Pause Young (Prepare Mixed) (G1 Evacuation Pause)
[122.480s][info][gc,task        ] GC(350) Using 32 workers of 33 for evacuation
[122.542s][info][gc,phases      ] GC(350)   Pre Evacuate Collection Set: 0.3ms
[122.542s][info][gc,phases      ] GC(350)   Merge Heap Roots: 1.1ms
[122.542s][info][gc,phases      ] GC(350)   Evacuate Collection Set: 60.3ms
[122.542s][info][gc,phases      ] GC(350)   Post Evacuate Collection Set: 0.8ms
[122.542s][info][gc,phases      ] GC(350)   Other: 0.2ms
[122.542s][info][gc,heap        ] GC(350) Eden regions: 372->0(307)
[122.542s][info][gc,heap        ] GC(350) Survivor regions: 24->50(50)
[122.542s][info][gc,heap        ] GC(350) Old regions: 154->172
[122.542s][info][gc,heap        ] GC(350) Archive regions: 0->0
[122.542s][info][gc,heap        ] GC(350) Humongous regions: 68->59
[122.542s][info][gc,metaspace   ] GC(350) Metaspace: 68046K(69056K)->68046K(69056K) NonClass: 59615K(60160K)->59615K(60160K) Class: 8431K(8896K)->8431K(8896K)
[122.543s][info][gc             ] GC(350) Pause Young (Prepare Mixed) (G1 Evacuation Pause) 1218M->542M(1372M) 62.964ms
[122.543s][info][gc,cpu         ] GC(350) User=1.47s Sys=0.06s Real=0.06s
[123.072s][info][gc,start       ] GC(351) Pause Young (Mixed) (G1 Evacuation Pause)
[123.072s][info][gc,task        ] GC(351) Using 32 workers of 33 for evacuation
[123.127s][info][gc,phases      ] GC(351)   Pre Evacuate Collection Set: 0.3ms
[123.127s][info][gc,phases      ] GC(351)   Merge Heap Roots: 0.6ms
[123.127s][info][gc,phases      ] GC(351)   Evacuate Collection Set: 53.2ms
[123.127s][info][gc,phases      ] GC(351)   Post Evacuate Collection Set: 0.6ms
[123.127s][info][gc,phases      ] GC(351)   Other: 0.2ms
[123.127s][info][gc,heap        ] GC(351) Eden regions: 307->0(295)
[123.127s][info][gc,heap        ] GC(351) Survivor regions: 50->37(45)
[123.127s][info][gc,heap        ] GC(351) Old regions: 172->197
[123.127s][info][gc,heap        ] GC(351) Archive regions: 0->0
[123.127s][info][gc,heap        ] GC(351) Humongous regions: 72->69
[123.127s][info][gc,metaspace   ] GC(351) Metaspace: 68097K(69056K)->68097K(69056K) NonClass: 59666K(60160K)->59666K(60160K) Class: 8431K(8896K)->8431K(8896K)
[123.127s][info][gc             ] GC(351) Pause Young (Mixed) (G1 Evacuation Pause) 1182M->589M(1382M) 55.293ms
[123.127s][info][gc,cpu         ] GC(351) User=1.50s Sys=0.00s Real=0.05s
[123.161s][info][gc,start       ] GC(352) Pause Young (Concurrent Start) (G1 Humongous Allocation)
[123.161s][info][gc,task        ] GC(352) Using 33 workers of 33 for evacuation
[123.181s][info][gc,phases      ] GC(352)   Pre Evacuate Collection Set: 0.4ms
[123.181s][info][gc,phases      ] GC(352)   Merge Heap Roots: 0.1ms
[123.181s][info][gc,phases      ] GC(352)   Evacuate Collection Set: 19.0ms
[123.181s][info][gc,phases      ] GC(352)   Post Evacuate Collection Set: 0.5ms
[123.181s][info][gc,phases      ] GC(352)   Other: 0.1ms
[123.181s][info][gc,heap        ] GC(352) Eden regions: 6->0(224)
[123.181s][info][gc,heap        ] GC(352) Survivor regions: 37->2(42)
[123.181s][info][gc,heap        ] GC(352) Old regions: 197->235
[123.181s][info][gc,heap        ] GC(352) Archive regions: 0->0
[123.181s][info][gc,heap        ] GC(352) Humongous regions: 69->69
[123.181s][info][gc,metaspace   ] GC(352) Metaspace: 68097K(69056K)->68097K(69056K) NonClass: 59666K(60160K)->59666K(60160K) Class: 8431K(8896K)->8431K(8896K)
[123.181s][info][gc             ] GC(352) Pause Young (Concurrent Start) (G1 Humongous Allocation) 601M->595M(1382M) 20.469ms
[123.181s][info][gc             ] GC(353) Concurrent Mark Cycle
[123.181s][info][gc,cpu         ] GC(352) User=0.52s Sys=0.00s Real=0.02s
[123.181s][info][gc,marking     ] GC(353) Concurrent Scan Root Regions
[123.189s][info][gc,marking     ] GC(353) Concurrent Scan Root Regions 7.755ms
[123.189s][info][gc,marking     ] GC(353) Concurrent Mark
[123.189s][info][gc,marking     ] GC(353) Concurrent Mark From Roots
[123.189s][info][gc,task        ] GC(353) Using 8 workers of 8 for marking
[123.221s][info][gc,marking     ] GC(353) Concurrent Mark From Roots 31.628ms
[123.221s][info][gc,marking     ] GC(353) Concurrent Preclean
[123.221s][info][gc,marking     ] GC(353) Concurrent Preclean 0.098ms
[123.221s][info][gc,start       ] GC(353) Pause Remark
[123.223s][info][gc             ] GC(353) Pause Remark 616M->346M(1214M) 2.604ms
[123.224s][info][gc,cpu         ] GC(353) User=0.02s Sys=0.00s Real=0.02s
[123.224s][info][gc,marking     ] GC(353) Concurrent Mark 34.674ms
[123.224s][info][gc,marking     ] GC(353) Concurrent Rebuild Remembered Sets and Scrub Regions
[123.241s][info][gc,marking     ] GC(353) Concurrent Rebuild Remembered Sets and Scrub Regions 17.684ms
[123.242s][info][gc,start       ] GC(353) Pause Cleanup
[123.242s][info][gc             ] GC(353) Pause Cleanup 363M->363M(1214M) 0.252ms
[123.242s][info][gc,cpu         ] GC(353) User=0.00s Sys=0.00s Real=0.00s
[123.242s][info][gc,marking     ] GC(353) Concurrent Clear Claimed Marks
[123.242s][info][gc,marking     ] GC(353) Concurrent Clear Claimed Marks 0.110ms
[123.242s][info][gc,marking     ] GC(353) Concurrent Cleanup for Next Mark
[123.243s][info][gc,marking     ] GC(353) Concurrent Cleanup for Next Mark 0.810ms
[123.243s][info][gc             ] GC(353) Concurrent Mark Cycle 61.786ms
[123.689s][info][gc,start       ] GC(354) Pause Young (Prepare Mixed) (G1 Evacuation Pause)
[123.689s][info][gc,task        ] GC(354) Using 31 workers of 33 for evacuation
[123.722s][info][gc,phases      ] GC(354)   Pre Evacuate Collection Set: 0.3ms
[123.722s][info][gc,phases      ] GC(354)   Merge Heap Roots: 0.9ms
[123.722s][info][gc,phases      ] GC(354)   Evacuate Collection Set: 31.6ms
[123.722s][info][gc,phases      ] GC(354)   Post Evacuate Collection Set: 0.7ms
[123.722s][info][gc,phases      ] GC(354)   Other: 0.2ms
[123.722s][info][gc,heap        ] GC(354) Eden regions: 224->0(220)
[123.722s][info][gc,heap        ] GC(354) Survivor regions: 2->29(29)
[123.722s][info][gc,heap        ] GC(354) Old regions: 160->167
[123.722s][info][gc,heap        ] GC(354) Archive regions: 0->0
[123.722s][info][gc,heap        ] GC(354) Humongous regions: 164->48
[123.722s][info][gc,metaspace   ] GC(354) Metaspace: 68155K(69120K)->68155K(69120K) NonClass: 59724K(60224K)->59724K(60224K) Class: 8431K(8896K)->8431K(8896K)
[123.722s][info][gc             ] GC(354) Pause Young (Prepare Mixed) (G1 Evacuation Pause) 1083M->470M(1214M) 33.954ms
[123.723s][info][gc,cpu         ] GC(354) User=0.97s Sys=0.00s Real=0.03s
[123.972s][info][gc,start       ] GC(355) Pause Young (Mixed) (G1 Evacuation Pause)
[123.972s][info][gc,task        ] GC(355) Using 30 workers of 33 for evacuation
[124.125s][info][gc,phases      ] GC(355)   Pre Evacuate Collection Set: 0.3ms
[124.125s][info][gc,phases      ] GC(355)   Merge Heap Roots: 0.4ms
[124.125s][info][gc,phases      ] GC(355)   Evacuate Collection Set: 150.6ms
[124.125s][info][gc,phases      ] GC(355)   Post Evacuate Collection Set: 0.8ms
[124.125s][info][gc,phases      ] GC(355)   Other: 0.2ms
[124.125s][info][gc,heap        ] GC(355) Eden regions: 220->0(224)
[124.125s][info][gc,heap        ] GC(355) Survivor regions: 29->24(32)
[124.125s][info][gc,heap        ] GC(355) Old regions: 167->176
[124.125s][info][gc,heap        ] GC(355) Archive regions: 0->0
[124.125s][info][gc,heap        ] GC(355) Humongous regions: 50->50
[124.125s][info][gc,metaspace   ] GC(355) Metaspace: 68155K(69120K)->68155K(69120K) NonClass: 59724K(60224K)->59724K(60224K) Class: 8431K(8896K)->8431K(8896K)
[124.125s][info][gc             ] GC(355) Pause Young (Mixed) (G1 Evacuation Pause) 914M->481M(1214M) 152.906ms
[124.125s][info][gc,cpu         ] GC(355) User=0.89s Sys=0.02s Real=0.14s
[124.156s][info][gc,start       ] GC(356) Pause Full (System.gc())
[124.156s][info][gc,task        ] GC(356) Using 29 workers of 33 for full compaction
[124.157s][info][gc,phases,start] GC(356) Phase 1: Mark live objects
[124.190s][info][gc,phases      ] GC(356) Phase 1: Mark live objects 32.177ms
[124.190s][info][gc,phases,start] GC(356) Phase 2: Prepare compaction
[124.195s][info][gc,phases      ] GC(356) Phase 2: Prepare compaction 5.389ms
[124.195s][info][gc,phases,start] GC(356) Phase 3: Adjust pointers
[124.204s][info][gc,phases      ] GC(356) Phase 3: Adjust pointers 9.113ms
[124.204s][info][gc,phases,start] GC(356) Phase 4: Compact heap
[124.205s][info][gc,phases      ] GC(356) Phase 4: Compact heap 1.112ms
[124.214s][info][gc,heap        ] GC(356) Eden regions: 11->0(122)
[124.214s][info][gc,heap        ] GC(356) Survivor regions: 24->0(32)
[124.214s][info][gc,heap        ] GC(356) Old regions: 176->85
[124.214s][info][gc,heap        ] GC(356) Archive regions: 0->0
[124.214s][info][gc,heap        ] GC(356) Humongous regions: 50->3
[124.214s][info][gc,metaspace   ] GC(356) Metaspace: 68155K(69120K)->68155K(69120K) NonClass: 59724K(60224K)->59724K(60224K) Class: 8431K(8896K)->8431K(8896K)
[124.214s][info][gc             ] GC(356) Pause Full (System.gc()) 502M->148M(588M) 57.618ms
[124.214s][info][gc,cpu         ] GC(356) User=1.38s Sys=0.00s Real=0.06s
[124.243s][info][gc,start       ] GC(357) Pause Young (Concurrent Start) (G1 Humongous Allocation)
[124.243s][info][gc,task        ] GC(357) Using 21 workers of 33 for evacuation
[124.248s][info][gc,phases      ] GC(357)   Pre Evacuate Collection Set: 0.3ms
[124.248s][info][gc,phases      ] GC(357)   Merge Heap Roots: 0.1ms
[124.248s][info][gc,phases      ] GC(357)   Evacuate Collection Set: 1.0ms
[124.249s][info][gc,phases      ] GC(357)   Post Evacuate Collection Set: 4.2ms
[124.249s][info][gc,phases      ] GC(357)   Other: 0.1ms
[124.249s][info][gc,heap        ] GC(357) Eden regions: 9->0(442)
[124.249s][info][gc,heap        ] GC(357) Survivor regions: 0->4(16)
[124.249s][info][gc,heap        ] GC(357) Old regions: 85->85
[124.249s][info][gc,heap        ] GC(357) Archive regions: 0->0
[124.249s][info][gc,heap        ] GC(357) Humongous regions: 3->3
[124.249s][info][gc,metaspace   ] GC(357) Metaspace: 68156K(69120K)->68156K(69120K) NonClass: 59725K(60224K)->59725K(60224K) Class: 8431K(8896K)->8431K(8896K)
[124.249s][info][gc             ] GC(357) Pause Young (Concurrent Start) (G1 Humongous Allocation) 166M->156M(1518M) 5.992ms
[124.249s][info][gc             ] GC(358) Concurrent Mark Cycle
[124.249s][info][gc,cpu         ] GC(357) User=0.00s Sys=0.00s Real=0.00s
[124.249s][info][gc,marking     ] GC(358) Concurrent Scan Root Regions
[124.250s][info][gc,marking     ] GC(358) Concurrent Scan Root Regions 0.953ms
[124.250s][info][gc,marking     ] GC(358) Concurrent Mark
[124.250s][info][gc,marking     ] GC(358) Concurrent Mark From Roots
[124.250s][info][gc,task        ] GC(358) Using 8 workers of 8 for marking
[124.294s][info][gc,marking     ] GC(358) Concurrent Mark From Roots 43.957ms
[124.294s][info][gc,marking     ] GC(358) Concurrent Preclean
[124.294s][info][gc,marking     ] GC(358) Concurrent Preclean 0.158ms
[124.294s][info][gc,start       ] GC(358) Pause Remark
[124.296s][info][gc             ] GC(358) Pause Remark 194M->194M(740M) 2.089ms
[124.296s][info][gc,cpu         ] GC(358) User=0.00s Sys=0.00s Real=0.00s
[124.296s][info][gc,marking     ] GC(358) Concurrent Mark 46.631ms
[124.297s][info][gc,marking     ] GC(358) Concurrent Rebuild Remembered Sets and Scrub Regions
[124.308s][info][gc,marking     ] GC(358) Concurrent Rebuild Remembered Sets and Scrub Regions 11.852ms
[124.309s][info][gc,start       ] GC(358) Pause Cleanup
[124.309s][info][gc             ] GC(358) Pause Cleanup 210M->210M(740M) 0.185ms
[124.309s][info][gc,cpu         ] GC(358) User=0.00s Sys=0.00s Real=0.00s
[124.309s][info][gc,marking     ] GC(358) Concurrent Clear Claimed Marks
[124.309s][info][gc,marking     ] GC(358) Concurrent Clear Claimed Marks 0.093ms
[124.309s][info][gc,marking     ] GC(358) Concurrent Cleanup for Next Mark
[124.309s][info][gc,marking     ] GC(358) Concurrent Cleanup for Next Mark 0.463ms
[124.309s][info][gc             ] GC(358) Concurrent Mark Cycle 60.630ms
[124.501s][info][gc,start       ] GC(359) Pause Young (Prepare Mixed) (G1 Evacuation Pause)
[124.501s][info][gc,task        ] GC(359) Using 19 workers of 33 for evacuation
[124.533s][info][gc,phases      ] GC(359)   Pre Evacuate Collection Set: 0.2ms
[124.533s][info][gc,phases      ] GC(359)   Merge Heap Roots: 0.3ms
[124.533s][info][gc,phases      ] GC(359)   Evacuate Collection Set: 30.3ms
[124.533s][info][gc,phases      ] GC(359)   Post Evacuate Collection Set: 0.5ms
[124.533s][info][gc,phases      ] GC(359)   Other: 0.1ms
[124.533s][info][gc,heap        ] GC(359) Eden regions: 218->0(146)
[124.533s][info][gc,heap        ] GC(359) Survivor regions: 4->28(28)
[124.533s][info][gc,heap        ] GC(359) Old regions: 85->104
[124.533s][info][gc,heap        ] GC(359) Archive regions: 0->0
[124.533s][info][gc,heap        ] GC(359) Humongous regions: 22->19
[124.533s][info][gc,metaspace   ] GC(359) Metaspace: 68175K(69184K)->68175K(69184K) NonClass: 59741K(60224K)->59741K(60224K) Class: 8434K(8960K)->8434K(8960K)
[124.533s][info][gc             ] GC(359) Pause Young (Prepare Mixed) (G1 Evacuation Pause) 630M->273M(752M) 31.620ms
[124.533s][info][gc,cpu         ] GC(359) User=0.59s Sys=0.00s Real=0.03s
[124.676s][info][gc,start       ] GC(360) Pause Young (Mixed) (G1 Evacuation Pause)
[124.676s][info][gc,task        ] GC(360) Using 18 workers of 33 for evacuation
[124.709s][info][gc,phases      ] GC(360)   Pre Evacuate Collection Set: 0.2ms
[124.710s][info][gc,phases      ] GC(360)   Merge Heap Roots: 0.3ms
[124.710s][info][gc,phases      ] GC(360)   Evacuate Collection Set: 32.6ms
[124.710s][info][gc,phases      ] GC(360)   Post Evacuate Collection Set: 0.5ms
[124.710s][info][gc,phases      ] GC(360)   Other: 0.2ms
[124.710s][info][gc,heap        ] GC(360) Eden regions: 146->0(138)
[124.710s][info][gc,heap        ] GC(360) Survivor regions: 28->16(22)
[124.710s][info][gc,heap        ] GC(360) Old regions: 104->131
[124.710s][info][gc,heap        ] GC(360) Archive regions: 0->0
[124.710s][info][gc,heap        ] GC(360) Humongous regions: 27->27
[124.710s][info][gc,metaspace   ] GC(360) Metaspace: 68175K(69184K)->68175K(69184K) NonClass: 59741K(60224K)->59741K(60224K) Class: 8434K(8960K)->8434K(8960K)
[124.710s][info][gc             ] GC(360) Pause Young (Mixed) (G1 Evacuation Pause) 581M->326M(752M) 34.320ms
[124.710s][info][gc,cpu         ] GC(360) User=0.56s Sys=0.00s Real=0.03s
[124.740s][info][gc,start       ] GC(361) Pause Young (Concurrent Start) (G1 Humongous Allocation)
[124.740s][info][gc,task        ] GC(361) Using 18 workers of 33 for evacuation
[124.759s][info][gc,phases      ] GC(361)   Pre Evacuate Collection Set: 0.3ms
[124.759s][info][gc,phases      ] GC(361)   Merge Heap Roots: 0.1ms
[124.759s][info][gc,phases      ] GC(361)   Evacuate Collection Set: 18.3ms
[124.759s][info][gc,phases      ] GC(361)   Post Evacuate Collection Set: 0.4ms
[124.759s][info][gc,phases      ] GC(361)   Other: 0.2ms
[124.760s][info][gc,heap        ] GC(361) Eden regions: 30->0(139)
[124.760s][info][gc,heap        ] GC(361) Survivor regions: 16->5(20)
[124.760s][info][gc,heap        ] GC(361) Old regions: 131->147
[124.760s][info][gc,heap        ] GC(361) Archive regions: 0->0
[124.760s][info][gc,heap        ] GC(361) Humongous regions: 27->27
[124.760s][info][gc,metaspace   ] GC(361) Metaspace: 68175K(69184K)->68175K(69184K) NonClass: 59741K(60224K)->59741K(60224K) Class: 8434K(8960K)->8434K(8960K)
[124.760s][info][gc             ] GC(361) Pause Young (Concurrent Start) (G1 Humongous Allocation) 386M->334M(752M) 19.643ms
[124.760s][info][gc             ] GC(362) Concurrent Mark Cycle
[124.760s][info][gc,cpu         ] GC(361) User=0.56s Sys=0.00s Real=0.03s
[124.760s][info][gc,marking     ] GC(362) Concurrent Scan Root Regions
[124.765s][info][gc,marking     ] GC(362) Concurrent Scan Root Regions 4.858ms
[124.765s][info][gc,marking     ] GC(362) Concurrent Mark
[124.765s][info][gc,marking     ] GC(362) Concurrent Mark From Roots
[124.765s][info][gc,task        ] GC(362) Using 8 workers of 8 for marking
[124.825s][info][gc,marking     ] GC(362) Concurrent Mark From Roots 59.812ms
[124.825s][info][gc,marking     ] GC(362) Concurrent Preclean
[124.825s][info][gc,marking     ] GC(362) Concurrent Preclean 0.198ms
[124.825s][info][gc,start       ] GC(362) Pause Remark
[124.827s][info][gc             ] GC(362) Pause Remark 439M->423M(752M) 1.878ms
[124.827s][info][gc,cpu         ] GC(362) User=0.00s Sys=0.00s Real=0.00s
[124.827s][info][gc,marking     ] GC(362) Concurrent Mark 62.266ms
[124.827s][info][gc,marking     ] GC(362) Concurrent Rebuild Remembered Sets and Scrub Regions
[124.872s][info][gc,marking     ] GC(362) Concurrent Rebuild Remembered Sets and Scrub Regions 45.245ms
[124.872s][info][gc,start       ] GC(362) Pause Cleanup
[124.873s][info][gc             ] GC(362) Pause Cleanup 509M->509M(752M) 0.251ms
[124.873s][info][gc,cpu         ] GC(362) User=0.00s Sys=0.00s Real=0.00s
[124.873s][info][gc,marking     ] GC(362) Concurrent Clear Claimed Marks
[124.873s][info][gc,marking     ] GC(362) Concurrent Clear Claimed Marks 0.126ms
[124.873s][info][gc,marking     ] GC(362) Concurrent Cleanup for Next Mark
[124.873s][info][gc,marking     ] GC(362) Concurrent Cleanup for Next Mark 0.508ms
[124.873s][info][gc             ] GC(362) Concurrent Mark Cycle 113.772ms
[124.927s][info][gc,start       ] GC(363) Pause Young (Prepare Mixed) (G1 Evacuation Pause)
[124.927s][info][gc,task        ] GC(363) Using 18 workers of 33 for evacuation
[124.948s][info][gc,phases      ] GC(363)   Pre Evacuate Collection Set: 0.2ms
[124.948s][info][gc,phases      ] GC(363)   Merge Heap Roots: 0.6ms
[124.948s][info][gc,phases      ] GC(363)   Evacuate Collection Set: 19.5ms
[124.948s][info][gc,phases      ] GC(363)   Post Evacuate Collection Set: 0.6ms
[124.948s][info][gc,phases      ] GC(363)   Other: 0.2ms
[124.948s][info][gc,heap        ] GC(363) Eden regions: 139->0(134)
[124.948s][info][gc,heap        ] GC(363) Survivor regions: 5->15(18)
[124.948s][info][gc,heap        ] GC(363) Old regions: 147->147
[124.948s][info][gc,heap        ] GC(363) Archive regions: 0->0
[124.948s][info][gc,heap        ] GC(363) Humongous regions: 31->31
[124.948s][info][gc,metaspace   ] GC(363) Metaspace: 68175K(69184K)->68175K(69184K) NonClass: 59741K(60224K)->59741K(60224K) Class: 8434K(8960K)->8434K(8960K)
[124.948s][info][gc             ] GC(363) Pause Young (Prepare Mixed) (G1 Evacuation Pause) 620M->363M(752M) 21.627ms
[124.948s][info][gc,cpu         ] GC(363) User=0.56s Sys=0.00s Real=0.03s
[125.077s][info][gc,start       ] GC(364) Pause Young (Mixed) (G1 Evacuation Pause)
[125.077s][info][gc,task        ] GC(364) Using 18 workers of 33 for evacuation
[125.103s][info][gc,phases      ] GC(364)   Pre Evacuate Collection Set: 0.2ms
[125.103s][info][gc,phases      ] GC(364)   Merge Heap Roots: 0.2ms
[125.103s][info][gc,phases      ] GC(364)   Evacuate Collection Set: 24.7ms
[125.103s][info][gc,phases      ] GC(364)   Post Evacuate Collection Set: 0.4ms
[125.103s][info][gc,phases      ] GC(364)   Other: 0.2ms
[125.103s][info][gc,heap        ] GC(364) Eden regions: 134->0(136)
[125.103s][info][gc,heap        ] GC(364) Survivor regions: 15->11(19)
[125.103s][info][gc,heap        ] GC(364) Old regions: 147->154
[125.103s][info][gc,heap        ] GC(364) Archive regions: 0->0
[125.103s][info][gc,heap        ] GC(364) Humongous regions: 31->31
[125.103s][info][gc,metaspace   ] GC(364) Metaspace: 68175K(69184K)->68175K(69184K) NonClass: 59741K(60224K)->59741K(60224K) Class: 8434K(8960K)->8434K(8960K)
[125.103s][info][gc             ] GC(364) Pause Young (Mixed) (G1 Evacuation Pause) 631M->379M(752M) 26.032ms
[125.103s][info][gc,cpu         ] GC(364) User=0.56s Sys=0.00s Real=0.03s
[125.239s][info][gc,start       ] GC(365) Pause Young (Concurrent Start) (G1 Evacuation Pause)
[125.239s][info][gc,task        ] GC(365) Using 18 workers of 33 for evacuation
[125.270s][info][gc,phases      ] GC(365)   Pre Evacuate Collection Set: 0.3ms
[125.270s][info][gc,phases      ] GC(365)   Merge Heap Roots: 0.2ms
[125.270s][info][gc,phases      ] GC(365)   Evacuate Collection Set: 22.2ms
[125.270s][info][gc,phases      ] GC(365)   Post Evacuate Collection Set: 7.4ms
[125.270s][info][gc,phases      ] GC(365)   Other: 0.2ms
[125.270s][info][gc,heap        ] GC(365) Eden regions: 136->0(466)
[125.270s][info][gc,heap        ] GC(365) Survivor regions: 11->11(19)
[125.270s][info][gc,heap        ] GC(365) Old regions: 154->162
[125.270s][info][gc,heap        ] GC(365) Archive regions: 0->0
[125.270s][info][gc,heap        ] GC(365) Humongous regions: 31->31
[125.270s][info][gc,metaspace   ] GC(365) Metaspace: 68175K(69184K)->68175K(69184K) NonClass: 59741K(60224K)->59741K(60224K) Class: 8434K(8960K)->8434K(8960K)
[125.270s][info][gc             ] GC(365) Pause Young (Concurrent Start) (G1 Evacuation Pause) 651M->395M(1640M) 30.885ms
[125.270s][info][gc             ] GC(366) Concurrent Mark Cycle
[125.270s][info][gc,cpu         ] GC(365) User=0.56s Sys=0.00s Real=0.03s
[125.270s][info][gc,marking     ] GC(366) Concurrent Scan Root Regions
[125.276s][info][gc,marking     ] GC(366) Concurrent Scan Root Regions 5.510ms
[125.276s][info][gc,marking     ] GC(366) Concurrent Mark
[125.276s][info][gc,marking     ] GC(366) Concurrent Mark From Roots
[125.276s][info][gc,task        ] GC(366) Using 8 workers of 8 for marking
[125.356s][info][gc,marking     ] GC(366) Concurrent Mark From Roots 80.220ms
[125.356s][info][gc,marking     ] GC(366) Concurrent Preclean
[125.356s][info][gc,marking     ] GC(366) Concurrent Preclean 0.140ms
[125.356s][info][gc,start       ] GC(366) Pause Remark
[125.358s][info][gc             ] GC(366) Pause Remark 490M->474M(1628M) 1.940ms
[125.358s][info][gc,cpu         ] GC(366) User=0.00s Sys=0.00s Real=0.00s
[125.358s][info][gc,marking     ] GC(366) Concurrent Mark 82.628ms
[125.358s][info][gc,marking     ] GC(366) Concurrent Rebuild Remembered Sets and Scrub Regions
[125.407s][info][gc,marking     ] GC(366) Concurrent Rebuild Remembered Sets and Scrub Regions 48.958ms
[125.407s][info][gc,start       ] GC(366) Pause Cleanup
[125.408s][info][gc             ] GC(366) Pause Cleanup 475M->475M(1628M) 0.299ms
[125.408s][info][gc,cpu         ] GC(366) User=0.00s Sys=0.00s Real=0.00s
[125.408s][info][gc,marking     ] GC(366) Concurrent Clear Claimed Marks
[125.408s][info][gc,marking     ] GC(366) Concurrent Clear Claimed Marks 0.120ms
[125.408s][info][gc,marking     ] GC(366) Concurrent Cleanup for Next Mark
[125.412s][info][gc,marking     ] GC(366) Concurrent Cleanup for Next Mark 3.824ms
[125.412s][info][gc             ] GC(366) Concurrent Mark Cycle 141.946ms
[126.555s][info][gc,start       ] GC(367) Pause Young (Prepare Mixed) (G1 Evacuation Pause)
[126.556s][info][gc,task        ] GC(367) Using 33 workers of 33 for evacuation
[126.614s][info][gc,phases      ] GC(367)   Pre Evacuate Collection Set: 0.3ms
[126.614s][info][gc,phases      ] GC(367)   Merge Heap Roots: 1.1ms
[126.614s][info][gc,phases      ] GC(367)   Evacuate Collection Set: 56.3ms
[126.614s][info][gc,phases      ] GC(367)   Post Evacuate Collection Set: 0.9ms
[126.614s][info][gc,phases      ] GC(367)   Other: 0.2ms
[126.614s][info][gc,heap        ] GC(367) Eden regions: 466->0(364)
[126.614s][info][gc,heap        ] GC(367) Survivor regions: 11->60(60)
[126.614s][info][gc,heap        ] GC(367) Old regions: 162->184
[126.614s][info][gc,heap        ] GC(367) Archive regions: 0->0
[126.614s][info][gc,heap        ] GC(367) Humongous regions: 70->67
[126.614s][info][gc,metaspace   ] GC(367) Metaspace: 68184K(69248K)->68184K(69248K) NonClass: 59749K(60288K)->59749K(60288K) Class: 8434K(8960K)->8434K(8960K)
[126.615s][info][gc             ] GC(367) Pause Young (Prepare Mixed) (G1 Evacuation Pause) 1405M->609M(1628M) 59.168ms
[126.615s][info][gc,cpu         ] GC(367) User=2.06s Sys=0.00s Real=0.06s
[126.993s][info][gc,start       ] GC(368) Pause Young (Mixed) (G1 Evacuation Pause)
[126.993s][info][gc,task        ] GC(368) Using 33 workers of 33 for evacuation
[127.048s][info][gc,phases      ] GC(368)   Pre Evacuate Collection Set: 0.3ms
[127.048s][info][gc,phases      ] GC(368)   Merge Heap Roots: 1.1ms
[127.048s][info][gc,phases      ] GC(368)   Evacuate Collection Set: 53.0ms
[127.048s][info][gc,phases      ] GC(368)   Post Evacuate Collection Set: 0.7ms
[127.048s][info][gc,phases      ] GC(368)   Other: 0.2ms
[127.049s][info][gc,heap        ] GC(368) Eden regions: 364->0(345)
[127.049s][info][gc,heap        ] GC(368) Survivor regions: 60->31(53)
[127.049s][info][gc,heap        ] GC(368) Old regions: 184->244
[127.049s][info][gc,heap        ] GC(368) Archive regions: 0->0
[127.049s][info][gc,heap        ] GC(368) Humongous regions: 79->79
[127.049s][info][gc,metaspace   ] GC(368) Metaspace: 68184K(69248K)->68184K(69248K) NonClass: 59749K(60288K)->59749K(60288K) Class: 8434K(8960K)->8434K(8960K)
[127.049s][info][gc             ] GC(368) Pause Young (Mixed) (G1 Evacuation Pause) 1361M->696M(1628M) 55.538ms
[127.049s][info][gc,cpu         ] GC(368) User=2.06s Sys=0.00s Real=0.06s
[127.283s][info][gc,start       ] GC(369) Pause Young (Concurrent Start) (G1 Humongous Allocation)
[127.283s][info][gc,task        ] GC(369) Using 33 workers of 33 for evacuation
[127.311s][info][gc,phases      ] GC(369)   Pre Evacuate Collection Set: 0.4ms
[127.311s][info][gc,phases      ] GC(369)   Merge Heap Roots: 0.3ms
[127.311s][info][gc,phases      ] GC(369)   Evacuate Collection Set: 26.4ms
[127.311s][info][gc,phases      ] GC(369)   Post Evacuate Collection Set: 0.6ms
[127.311s][info][gc,phases      ] GC(369)   Other: 0.1ms
[127.311s][info][gc,heap        ] GC(369) Eden regions: 110->0(346)
[127.311s][info][gc,heap        ] GC(369) Survivor regions: 31->13(47)
[127.311s][info][gc,heap        ] GC(369) Old regions: 244->274
[127.311s][info][gc,heap        ] GC(369) Archive regions: 0->0
[127.311s][info][gc,heap        ] GC(369) Humongous regions: 79->79
[127.311s][info][gc,metaspace   ] GC(369) Metaspace: 68184K(69248K)->68184K(69248K) NonClass: 59749K(60288K)->59749K(60288K) Class: 8434K(8960K)->8434K(8960K)
[127.311s][info][gc             ] GC(369) Pause Young (Concurrent Start) (G1 Humongous Allocation) 915M->720M(1628M) 28.176ms
[127.311s][info][gc             ] GC(370) Concurrent Mark Cycle
[127.311s][info][gc,cpu         ] GC(369) User=1.03s Sys=0.00s Real=0.03s
[127.311s][info][gc,marking     ] GC(370) Concurrent Scan Root Regions
[127.321s][info][gc,marking     ] GC(370) Concurrent Scan Root Regions 9.834ms
[127.321s][info][gc,marking     ] GC(370) Concurrent Mark
[127.321s][info][gc,marking     ] GC(370) Concurrent Mark From Roots
[127.321s][info][gc,task        ] GC(370) Using 8 workers of 8 for marking
[127.368s][info][gc,marking     ] GC(370) Concurrent Mark From Roots 46.417ms
[127.368s][info][gc,marking     ] GC(370) Concurrent Preclean
[127.368s][info][gc,marking     ] GC(370) Concurrent Preclean 0.159ms
[127.368s][info][gc,start       ] GC(370) Pause Remark
[127.371s][info][gc             ] GC(370) Pause Remark 724M->398M(1368M) 2.721ms
[127.371s][info][gc,cpu         ] GC(370) User=0.00s Sys=0.00s Real=0.00s
[127.371s][info][gc,marking     ] GC(370) Concurrent Mark 49.662ms
[127.371s][info][gc,marking     ] GC(370) Concurrent Rebuild Remembered Sets and Scrub Regions
[127.412s][info][gc,marking     ] GC(370) Concurrent Rebuild Remembered Sets and Scrub Regions 41.067ms
[127.412s][info][gc,start       ] GC(370) Pause Cleanup
[127.413s][info][gc             ] GC(370) Pause Cleanup 403M->403M(1368M) 0.504ms
[127.413s][info][gc,cpu         ] GC(370) User=0.00s Sys=0.00s Real=0.00s
[127.413s][info][gc,marking     ] GC(370) Concurrent Clear Claimed Marks
[127.413s][info][gc,marking     ] GC(370) Concurrent Clear Claimed Marks 0.126ms
[127.413s][info][gc,marking     ] GC(370) Concurrent Cleanup for Next Mark
[127.414s][info][gc,marking     ] GC(370) Concurrent Cleanup for Next Mark 0.955ms
[127.414s][info][gc             ] GC(370) Concurrent Mark Cycle 102.859ms
[128.517s][info][gc,start       ] GC(371) Pause Young (Prepare Mixed) (G1 Evacuation Pause)
[128.517s][info][gc,task        ] GC(371) Using 32 workers of 33 for evacuation
[128.573s][info][gc,phases      ] GC(371)   Pre Evacuate Collection Set: 0.3ms
[128.626s][info][gc,phases      ] GC(371)   Merge Heap Roots: 1.3ms
[128.626s][info][gc,phases      ] GC(371)   Evacuate Collection Set: 53.1ms
[128.626s][info][gc,phases      ] GC(371)   Post Evacuate Collection Set: 0.9ms
[128.626s][info][gc,phases      ] GC(371)   Other: 0.2ms
[128.626s][info][gc,heap        ] GC(371) Eden regions: 346->0(293)
[128.626s][info][gc,heap        ] GC(371) Survivor regions: 13->45(45)
[128.626s][info][gc,heap        ] GC(371) Old regions: 175->187
[128.626s][info][gc,heap        ] GC(371) Archive regions: 0->0
[128.626s][info][gc,heap        ] GC(371) Humongous regions: 68->59
[128.626s][info][gc,metaspace   ] GC(371) Metaspace: 68206K(69248K)->68206K(69248K) NonClass: 59770K(60288K)->59770K(60288K) Class: 8436K(8960K)->8436K(8960K)
[128.626s][info][gc             ] GC(371) Pause Young (Prepare Mixed) (G1 Evacuation Pause) 1192M->569M(1368M) 108.931ms
[128.626s][info][gc,cpu         ] GC(371) User=1.50s Sys=0.00s Real=0.10s
[129.191s][info][gc,start       ] GC(372) Pause Young (Mixed) (G1 Evacuation Pause)
[129.191s][info][gc,task        ] GC(372) Using 32 workers of 33 for evacuation
[129.237s][info][gc,phases      ] GC(372)   Pre Evacuate Collection Set: 0.2ms
[129.237s][info][gc,phases      ] GC(372)   Merge Heap Roots: 0.6ms
[129.237s][info][gc,phases      ] GC(372)   Evacuate Collection Set: 44.7ms
[129.237s][info][gc,phases      ] GC(372)   Post Evacuate Collection Set: 0.7ms
[129.237s][info][gc,phases      ] GC(372)   Other: 0.2ms
[129.237s][info][gc,heap        ] GC(372) Eden regions: 293->0(287)
[129.237s][info][gc,heap        ] GC(372) Survivor regions: 45->30(43)
[129.237s][info][gc,heap        ] GC(372) Old regions: 187->208
[129.237s][info][gc,heap        ] GC(372) Archive regions: 0->0
[129.237s][info][gc,heap        ] GC(372) Humongous regions: 70->67
[129.237s][info][gc,metaspace   ] GC(372) Metaspace: 68211K(69248K)->68211K(69248K) NonClass: 59774K(60288K)->59774K(60288K) Class: 8436K(8960K)->8436K(8960K)
[129.238s][info][gc             ] GC(372) Pause Young (Mixed) (G1 Evacuation Pause) 1177M->598M(1368M) 46.692ms
[129.238s][info][gc,cpu         ] GC(372) User=1.50s Sys=0.00s Real=0.05s
[129.243s][info][gc,start       ] GC(373) Pause Young (Concurrent Start) (G1 Humongous Allocation)
[129.243s][info][gc,task        ] GC(373) Using 32 workers of 33 for evacuation
[129.254s][info][gc,phases      ] GC(373)   Pre Evacuate Collection Set: 0.3ms
[129.254s][info][gc,phases      ] GC(373)   Merge Heap Roots: 0.1ms
[129.254s][info][gc,phases      ] GC(373)   Evacuate Collection Set: 10.1ms
[129.254s][info][gc,phases      ] GC(373)   Post Evacuate Collection Set: 0.4ms
[129.254s][info][gc,phases      ] GC(373)   Other: 0.1ms
[129.254s][info][gc,heap        ] GC(373) Eden regions: 8->0(279)
[129.254s][info][gc,heap        ] GC(373) Survivor regions: 30->6(40)
[129.254s][info][gc,heap        ] GC(373) Old regions: 208->238
[129.254s][info][gc,heap        ] GC(373) Archive regions: 0->0
[129.254s][info][gc,heap        ] GC(373) Humongous regions: 67->67
[129.254s][info][gc,metaspace   ] GC(373) Metaspace: 68211K(69248K)->68211K(69248K) NonClass: 59774K(60288K)->59774K(60288K) Class: 8436K(8960K)->8436K(8960K)
[129.254s][info][gc             ] GC(373) Pause Young (Concurrent Start) (G1 Humongous Allocation) 614M->610M(1368M) 11.224ms
[129.254s][info][gc             ] GC(374) Concurrent Mark Cycle
[129.254s][info][gc,cpu         ] GC(373) User=0.50s Sys=0.00s Real=0.01s
[129.254s][info][gc,marking     ] GC(374) Concurrent Scan Root Regions
[129.260s][info][gc,marking     ] GC(374) Concurrent Scan Root Regions 5.351ms
[129.260s][info][gc,marking     ] GC(374) Concurrent Mark
[129.260s][info][gc,marking     ] GC(374) Concurrent Mark From Roots
[129.260s][info][gc,task        ] GC(374) Using 8 workers of 8 for marking
[129.289s][info][gc,marking     ] GC(374) Concurrent Mark From Roots 29.600ms
[129.289s][info][gc,marking     ] GC(374) Concurrent Preclean
[129.289s][info][gc,marking     ] GC(374) Concurrent Preclean 0.101ms
[129.290s][info][gc,start       ] GC(374) Pause Remark
[129.292s][info][gc             ] GC(374) Pause Remark 682M->382M(1314M) 2.781ms
[129.292s][info][gc,cpu         ] GC(374) User=0.00s Sys=0.00s Real=0.00s
[129.293s][info][gc,marking     ] GC(374) Concurrent Mark 32.837ms
[129.293s][info][gc,marking     ] GC(374) Concurrent Rebuild Remembered Sets and Scrub Regions
[129.313s][info][gc,marking     ] GC(374) Concurrent Rebuild Remembered Sets and Scrub Regions 20.303ms
[129.313s][info][gc,start       ] GC(374) Pause Cleanup
[129.313s][info][gc             ] GC(374) Pause Cleanup 385M->385M(1314M) 0.344ms
[129.314s][info][gc,cpu         ] GC(374) User=0.00s Sys=0.00s Real=0.00s
[129.314s][info][gc,marking     ] GC(374) Concurrent Clear Claimed Marks
[129.314s][info][gc,marking     ] GC(374) Concurrent Clear Claimed Marks 0.104ms
[129.314s][info][gc,marking     ] GC(374) Concurrent Cleanup for Next Mark
[129.315s][info][gc,marking     ] GC(374) Concurrent Cleanup for Next Mark 0.901ms
[129.315s][info][gc             ] GC(374) Concurrent Mark Cycle 60.393ms
[129.916s][info][gc,start       ] GC(375) Pause Young (Prepare Mixed) (G1 Evacuation Pause)
[129.916s][info][gc,task        ] GC(375) Using 31 workers of 33 for evacuation
[129.956s][info][gc,phases      ] GC(375)   Pre Evacuate Collection Set: 0.3ms
[129.956s][info][gc,phases      ] GC(375)   Merge Heap Roots: 1.0ms
[129.956s][info][gc,phases      ] GC(375)   Evacuate Collection Set: 38.0ms
[129.956s][info][gc,phases      ] GC(375)   Post Evacuate Collection Set: 0.8ms
[129.956s][info][gc,phases      ] GC(375)   Other: 0.2ms
[129.956s][info][gc,heap        ] GC(375) Eden regions: 279->0(311)
[129.956s][info][gc,heap        ] GC(375) Survivor regions: 6->36(36)
[129.956s][info][gc,heap        ] GC(375) Old regions: 146->150
[129.956s][info][gc,heap        ] GC(375) Archive regions: 0->0
[129.956s][info][gc,heap        ] GC(375) Humongous regions: 171->50
[129.956s][info][gc,metaspace   ] GC(375) Metaspace: 68221K(69248K)->68221K(69248K) NonClass: 59784K(60288K)->59784K(60288K) Class: 8436K(8960K)->8436K(8960K)
[129.956s][info][gc             ] GC(375) Pause Young (Prepare Mixed) (G1 Evacuation Pause) 1192M->459M(1314M) 40.497ms
[129.956s][info][gc,cpu         ] GC(375) User=1.45s Sys=0.00s Real=0.04s
[130.204s][info][gc,start       ] GC(376) Pause Full (System.gc())
[130.204s][info][gc,task        ] GC(376) Using 31 workers of 33 for full compaction
[130.205s][info][gc,phases,start] GC(376) Phase 1: Mark live objects
[130.235s][info][gc,phases      ] GC(376) Phase 1: Mark live objects 29.839ms
[130.235s][info][gc,phases,start] GC(376) Phase 2: Prepare compaction
[130.242s][info][gc,phases      ] GC(376) Phase 2: Prepare compaction 6.747ms
[130.242s][info][gc,phases,start] GC(376) Phase 3: Adjust pointers
[130.252s][info][gc,phases      ] GC(376) Phase 3: Adjust pointers 10.385ms
[130.252s][info][gc,phases,start] GC(376) Phase 4: Compact heap
[130.254s][info][gc,phases      ] GC(376) Phase 4: Compact heap 1.254ms
[130.265s][info][gc,heap        ] GC(376) Eden regions: 215->0(154)
[130.265s][info][gc,heap        ] GC(376) Survivor regions: 36->0(36)
[130.265s][info][gc,heap        ] GC(376) Old regions: 150->88
[130.265s][info][gc,heap        ] GC(376) Archive regions: 0->0
[130.265s][info][gc,heap        ] GC(376) Humongous regions: 52->3
[130.265s][info][gc,metaspace   ] GC(376) Metaspace: 68221K(69248K)->68221K(69248K) NonClass: 59784K(60288K)->59784K(60288K) Class: 8436K(8960K)->8436K(8960K)
[130.265s][info][gc             ] GC(376) Pause Full (System.gc()) 893M->148M(608M) 60.862ms
[130.265s][info][gc,cpu         ] GC(376) User=1.47s Sys=0.00s Real=0.06s
[130.304s][info][gc,start       ] GC(377) Pause Young (Concurrent Start) (G1 Humongous Allocation)
[130.304s][info][gc,task        ] GC(377) Using 22 workers of 33 for evacuation
[130.306s][info][gc,phases      ] GC(377)   Pre Evacuate Collection Set: 0.4ms
[130.306s][info][gc,phases      ] GC(377)   Merge Heap Roots: 0.1ms
[130.306s][info][gc,phases      ] GC(377)   Evacuate Collection Set: 1.0ms
[130.306s][info][gc,phases      ] GC(377)   Post Evacuate Collection Set: 0.6ms
[130.306s][info][gc,phases      ] GC(377)   Other: 0.1ms
[130.306s][info][gc,heap        ] GC(377) Eden regions: 10->0(159)
[130.306s][info][gc,heap        ] GC(377) Survivor regions: 0->5(20)
[130.306s][info][gc,heap        ] GC(377) Old regions: 88->88
[130.306s][info][gc,heap        ] GC(377) Archive regions: 0->0
[130.306s][info][gc,heap        ] GC(377) Humongous regions: 3->3
[130.306s][info][gc,metaspace   ] GC(377) Metaspace: 68222K(69248K)->68222K(69248K) NonClass: 59785K(60288K)->59785K(60288K) Class: 8436K(8960K)->8436K(8960K)
[130.306s][info][gc             ] GC(377) Pause Young (Concurrent Start) (G1 Humongous Allocation) 166M->157M(608M) 2.676ms
[130.306s][info][gc             ] GC(378) Concurrent Mark Cycle
[130.306s][info][gc,cpu         ] GC(377) User=0.00s Sys=0.00s Real=0.00s
[130.306s][info][gc,marking     ] GC(378) Concurrent Scan Root Regions
[130.307s][info][gc,marking     ] GC(378) Concurrent Scan Root Regions 0.860ms
[130.307s][info][gc,marking     ] GC(378) Concurrent Mark
[130.307s][info][gc,marking     ] GC(378) Concurrent Mark From Roots
[130.307s][info][gc,task        ] GC(378) Using 8 workers of 8 for marking
[130.351s][info][gc,marking     ] GC(378) Concurrent Mark From Roots 43.259ms
[130.351s][info][gc,marking     ] GC(378) Concurrent Preclean
[130.351s][info][gc,marking     ] GC(378) Concurrent Preclean 0.124ms
[130.351s][info][gc,start       ] GC(378) Pause Remark
[130.353s][info][gc             ] GC(378) Pause Remark 194M->194M(608M) 1.834ms
[130.353s][info][gc,cpu         ] GC(378) User=0.00s Sys=0.00s Real=0.00s
[130.353s][info][gc,marking     ] GC(378) Concurrent Mark 45.561ms
[130.353s][info][gc,marking     ] GC(378) Concurrent Rebuild Remembered Sets and Scrub Regions
[130.366s][info][gc,marking     ] GC(378) Concurrent Rebuild Remembered Sets and Scrub Regions 12.598ms
[130.375s][info][gc,start       ] GC(378) Pause Cleanup
[130.375s][info][gc             ] GC(378) Pause Cleanup 215M->215M(608M) 0.157ms
[130.375s][info][gc,cpu         ] GC(378) User=0.00s Sys=0.00s Real=0.00s
[130.375s][info][gc,marking     ] GC(378) Concurrent Clear Claimed Marks
[130.375s][info][gc,marking     ] GC(378) Concurrent Clear Claimed Marks 0.119ms
[130.375s][info][gc,marking     ] GC(378) Concurrent Cleanup for Next Mark
[130.376s][info][gc,marking     ] GC(378) Concurrent Cleanup for Next Mark 0.407ms
[130.376s][info][gc             ] GC(378) Concurrent Mark Cycle 69.201ms
[130.505s][info][gc,start       ] GC(379) Pause Young (Prepare Mixed) (G1 Evacuation Pause)
[130.505s][info][gc,task        ] GC(379) Using 18 workers of 33 for evacuation
[130.533s][info][gc,phases      ] GC(379)   Pre Evacuate Collection Set: 0.2ms
[130.533s][info][gc,phases      ] GC(379)   Merge Heap Roots: 0.2ms
[130.533s][info][gc,phases      ] GC(379)   Evacuate Collection Set: 26.2ms
[130.533s][info][gc,phases      ] GC(379)   Post Evacuate Collection Set: 0.6ms
[130.533s][info][gc,phases      ] GC(379)   Other: 0.1ms
[130.533s][info][gc,heap        ] GC(379) Eden regions: 159->0(111)
[130.533s][info][gc,heap        ] GC(379) Survivor regions: 5->21(21)
[130.533s][info][gc,heap        ] GC(379) Old regions: 88->108
[130.533s][info][gc,heap        ] GC(379) Archive regions: 0->0
[130.533s][info][gc,heap        ] GC(379) Humongous regions: 18->15
[130.533s][info][gc,metaspace   ] GC(379) Metaspace: 68222K(69248K)->68222K(69248K) NonClass: 59785K(60288K)->59785K(60288K) Class: 8436K(8960K)->8436K(8960K)
[130.533s][info][gc             ] GC(379) Pause Young (Prepare Mixed) (G1 Evacuation Pause) 505M->254M(622M) 27.678ms
[130.533s][info][gc,cpu         ] GC(379) User=0.56s Sys=0.00s Real=0.03s
[130.653s][info][gc,start       ] GC(380) Pause Young (Mixed) (G1 Evacuation Pause)
[130.653s][info][gc,task        ] GC(380) Using 16 workers of 33 for evacuation
[130.691s][info][gc,phases      ] GC(380)   Pre Evacuate Collection Set: 0.2ms
[130.691s][info][gc,phases      ] GC(380)   Merge Heap Roots: 0.3ms
[130.691s][info][gc,phases      ] GC(380)   Evacuate Collection Set: 32.2ms
[130.691s][info][gc,phases      ] GC(380)   Post Evacuate Collection Set: 5.4ms
[130.691s][info][gc,phases      ] GC(380)   Other: 0.2ms
[130.691s][info][gc,heap        ] GC(380) Eden regions: 111->0(342)
[130.691s][info][gc,heap        ] GC(380) Survivor regions: 21->14(17)
[130.691s][info][gc,heap        ] GC(380) Old regions: 108->128
[130.691s][info][gc,heap        ] GC(380) Archive regions: 0->0
[130.691s][info][gc,heap        ] GC(380) Humongous regions: 27->27
[130.691s][info][gc,metaspace   ] GC(380) Metaspace: 68222K(69248K)->68222K(69248K) NonClass: 59785K(60288K)->59785K(60288K) Class: 8436K(8960K)->8436K(8960K)
[130.692s][info][gc             ] GC(380) Pause Young (Mixed) (G1 Evacuation Pause) 500M->310M(1246M) 38.776ms
[130.692s][info][gc,cpu         ] GC(380) User=0.50s Sys=0.02s Real=0.05s
[130.841s][info][gc,start       ] GC(381) Pause Young (Concurrent Start) (G1 Humongous Allocation)
[130.841s][info][gc,task        ] GC(381) Using 29 workers of 33 for evacuation
[130.866s][info][gc,phases      ] GC(381)   Pre Evacuate Collection Set: 0.4ms
[130.866s][info][gc,phases      ] GC(381)   Merge Heap Roots: 0.2ms
[130.866s][info][gc,phases      ] GC(381)   Evacuate Collection Set: 23.6ms
[130.866s][info][gc,phases      ] GC(381)   Post Evacuate Collection Set: 0.6ms
[130.866s][info][gc,phases      ] GC(381)   Other: 0.1ms
[130.866s][info][gc,heap        ] GC(381) Eden regions: 121->0(340)
[130.866s][info][gc,heap        ] GC(381) Survivor regions: 14->25(45)
[130.866s][info][gc,heap        ] GC(381) Old regions: 128->128
[130.866s][info][gc,heap        ] GC(381) Archive regions: 0->0
[130.866s][info][gc,heap        ] GC(381) Humongous regions: 27->27
[130.866s][info][gc,metaspace   ] GC(381) Metaspace: 68222K(69248K)->68222K(69248K) NonClass: 59785K(60288K)->59785K(60288K) Class: 8436K(8960K)->8436K(8960K)
[130.866s][info][gc             ] GC(381) Pause Young (Concurrent Start) (G1 Humongous Allocation) 551M->331M(1246M) 25.298ms
[130.866s][info][gc             ] GC(382) Concurrent Mark Cycle
[130.866s][info][gc,cpu         ] GC(381) User=0.69s Sys=0.22s Real=0.03s
[130.866s][info][gc,marking     ] GC(382) Concurrent Scan Root Regions
[130.872s][info][gc,marking     ] GC(382) Concurrent Scan Root Regions 6.409ms
[130.873s][info][gc,marking     ] GC(382) Concurrent Mark
[130.873s][info][gc,marking     ] GC(382) Concurrent Mark From Roots
[130.873s][info][gc,task        ] GC(382) Using 8 workers of 8 for marking
[130.927s][info][gc,marking     ] GC(382) Concurrent Mark From Roots 54.671ms
[130.927s][info][gc,marking     ] GC(382) Concurrent Preclean
[130.927s][info][gc,marking     ] GC(382) Concurrent Preclean 0.146ms
[130.928s][info][gc,start       ] GC(382) Pause Remark
[130.930s][info][gc             ] GC(382) Pause Remark 445M->429M(1246M) 2.153ms
[130.930s][info][gc,cpu         ] GC(382) User=0.00s Sys=0.00s Real=0.00s
[130.930s][info][gc,marking     ] GC(382) Concurrent Mark 57.304ms
[130.930s][info][gc,marking     ] GC(382) Concurrent Rebuild Remembered Sets and Scrub Regions
[130.971s][info][gc,marking     ] GC(382) Concurrent Rebuild Remembered Sets and Scrub Regions 41.240ms
[130.971s][info][gc,start       ] GC(382) Pause Cleanup
[130.972s][info][gc             ] GC(382) Pause Cleanup 507M->507M(1246M) 0.253ms
[130.972s][info][gc,cpu         ] GC(382) User=0.02s Sys=0.00s Real=0.01s
[130.972s][info][gc,marking     ] GC(382) Concurrent Clear Claimed Marks
[130.972s][info][gc,marking     ] GC(382) Concurrent Clear Claimed Marks 0.125ms
[130.972s][info][gc,marking     ] GC(382) Concurrent Cleanup for Next Mark
[130.975s][info][gc,marking     ] GC(382) Concurrent Cleanup for Next Mark 2.878ms
[130.975s][info][gc             ] GC(382) Concurrent Mark Cycle 108.732ms
[131.257s][info][gc,start       ] GC(383) Pause Young (Prepare Mixed) (G1 Evacuation Pause)
[131.257s][info][gc,task        ] GC(383) Using 29 workers of 33 for evacuation
[131.292s][info][gc,phases      ] GC(383)   Pre Evacuate Collection Set: 0.3ms
[131.292s][info][gc,phases      ] GC(383)   Merge Heap Roots: 0.9ms
[131.292s][info][gc,phases      ] GC(383)   Evacuate Collection Set: 32.3ms
[131.292s][info][gc,phases      ] GC(383)   Post Evacuate Collection Set: 0.7ms
[131.292s][info][gc,phases      ] GC(383)   Other: 0.2ms
[131.292s][info][gc,heap        ] GC(383) Eden regions: 340->0(328)
[131.292s][info][gc,heap        ] GC(383) Survivor regions: 25->45(46)
[131.292s][info][gc,heap        ] GC(383) Old regions: 127->127
[131.292s][info][gc,heap        ] GC(383) Archive regions: 0->0
[131.292s][info][gc,heap        ] GC(383) Humongous regions: 31->31
[131.292s][info][gc,metaspace   ] GC(383) Metaspace: 68223K(69248K)->68223K(69248K) NonClass: 59786K(60288K)->59786K(60288K) Class: 8436K(8960K)->8436K(8960K)
[131.292s][info][gc             ] GC(383) Pause Young (Prepare Mixed) (G1 Evacuation Pause) 1019M->380M(1246M) 34.721ms
[131.292s][info][gc,cpu         ] GC(383) User=0.91s Sys=0.00s Real=0.04s
[132.323s][info][gc,start       ] GC(384) Pause Young (Mixed) (G1 Evacuation Pause)
[132.323s][info][gc,task        ] GC(384) Using 29 workers of 33 for evacuation
[132.399s][info][gc,phases      ] GC(384)   Pre Evacuate Collection Set: 0.2ms
[132.399s][info][gc,phases      ] GC(384)   Merge Heap Roots: 0.8ms
[132.399s][info][gc,phases      ] GC(384)   Evacuate Collection Set: 74.0ms
[132.399s][info][gc,phases      ] GC(384)   Post Evacuate Collection Set: 0.8ms
[132.399s][info][gc,phases      ] GC(384)   Other: 0.2ms
[132.399s][info][gc,heap        ] GC(384) Eden regions: 328->0(279)
[132.399s][info][gc,heap        ] GC(384) Survivor regions: 45->47(47)
[132.399s][info][gc,heap        ] GC(384) Old regions: 127->170
[132.399s][info][gc,heap        ] GC(384) Archive regions: 0->0
[132.399s][info][gc,heap        ] GC(384) Humongous regions: 66->63
[132.399s][info][gc,metaspace   ] GC(384) Metaspace: 68223K(69248K)->68223K(69248K) NonClass: 59786K(60288K)->59786K(60288K) Class: 8436K(8960K)->8436K(8960K)
[132.399s][info][gc             ] GC(384) Pause Young (Mixed) (G1 Evacuation Pause) 1106M->544M(1322M) 76.361ms
[132.399s][info][gc,cpu         ] GC(384) User=2.16s Sys=0.11s Real=0.08s
[132.475s][info][gc,start       ] GC(385) Pause Young (Concurrent Start) (G1 Humongous Allocation)
[132.476s][info][gc,task        ] GC(385) Using 31 workers of 33 for evacuation
[132.513s][info][gc,phases      ] GC(385)   Pre Evacuate Collection Set: 0.4ms
[132.513s][info][gc,phases      ] GC(385)   Merge Heap Roots: 0.6ms
[132.513s][info][gc,phases      ] GC(385)   Evacuate Collection Set: 36.0ms
[132.514s][info][gc,phases      ] GC(385)   Post Evacuate Collection Set: 0.6ms
[132.514s][info][gc,phases      ] GC(385)   Other: 0.1ms
[132.514s][info][gc,heap        ] GC(385) Eden regions: 92->0(258)
[132.514s][info][gc,heap        ] GC(385) Survivor regions: 47->16(41)
[132.514s][info][gc,heap        ] GC(385) Old regions: 170->222
[132.514s][info][gc,heap        ] GC(385) Archive regions: 0->0
[132.514s][info][gc,heap        ] GC(385) Humongous regions: 63->63
[132.514s][info][gc,metaspace   ] GC(385) Metaspace: 68223K(69248K)->68223K(69248K) NonClass: 59786K(60288K)->59786K(60288K) Class: 8436K(8960K)->8436K(8960K)
[132.514s][info][gc             ] GC(385) Pause Young (Concurrent Start) (G1 Humongous Allocation) 728M->585M(1322M) 38.123ms
[132.514s][info][gc             ] GC(386) Concurrent Mark Cycle
[132.514s][info][gc,cpu         ] GC(385) User=1.45s Sys=0.00s Real=0.04s
[132.514s][info][gc,marking     ] GC(386) Concurrent Scan Root Regions
[132.527s][info][gc,marking     ] GC(386) Concurrent Scan Root Regions 13.319ms
[132.527s][info][gc,marking     ] GC(386) Concurrent Mark
[132.527s][info][gc,marking     ] GC(386) Concurrent Mark From Roots
[132.527s][info][gc,task        ] GC(386) Using 8 workers of 8 for marking
[132.567s][info][gc,marking     ] GC(386) Concurrent Mark From Roots 39.714ms
[132.567s][info][gc,marking     ] GC(386) Concurrent Preclean
[132.567s][info][gc,marking     ] GC(386) Concurrent Preclean 0.120ms
[132.567s][info][gc,start       ] GC(386) Pause Remark
[132.570s][info][gc             ] GC(386) Pause Remark 691M->497M(1322M) 2.471ms
[132.570s][info][gc,cpu         ] GC(386) User=0.00s Sys=0.00s Real=0.00s
[132.570s][info][gc,marking     ] GC(386) Concurrent Mark 42.655ms
[132.570s][info][gc,marking     ] GC(386) Concurrent Rebuild Remembered Sets and Scrub Regions
[132.619s][info][gc,marking     ] GC(386) Concurrent Rebuild Remembered Sets and Scrub Regions 49.209ms
[132.619s][info][gc,start       ] GC(386) Pause Cleanup
[132.620s][info][gc             ] GC(386) Pause Cleanup 574M->574M(1322M) 0.513ms
[132.620s][info][gc,cpu         ] GC(386) User=0.00s Sys=0.00s Real=0.00s
[132.620s][info][gc,marking     ] GC(386) Concurrent Clear Claimed Marks
[132.620s][info][gc,marking     ] GC(386) Concurrent Clear Claimed Marks 0.130ms
[132.620s][info][gc,marking     ] GC(386) Concurrent Cleanup for Next Mark
[132.621s][info][gc,marking     ] GC(386) Concurrent Cleanup for Next Mark 1.092ms
[132.621s][info][gc             ] GC(386) Concurrent Mark Cycle 107.619ms
[132.822s][info][gc,start       ] GC(387) Pause Young (Prepare Mixed) (G1 Evacuation Pause)
[132.823s][info][gc,task        ] GC(387) Using 31 workers of 33 for evacuation
[132.861s][info][gc,phases      ] GC(387)   Pre Evacuate Collection Set: 0.3ms
[132.861s][info][gc,phases      ] GC(387)   Merge Heap Roots: 1.1ms
[132.861s][info][gc,phases      ] GC(387)   Evacuate Collection Set: 36.5ms
[132.861s][info][gc,phases      ] GC(387)   Post Evacuate Collection Set: 0.9ms
[132.861s][info][gc,phases      ] GC(387)   Other: 0.2ms
[132.861s][info][gc,heap        ] GC(387) Eden regions: 258->0(305)
[132.861s][info][gc,heap        ] GC(387) Survivor regions: 16->35(35)
[132.862s][info][gc,heap        ] GC(387) Old regions: 177->181
[132.862s][info][gc,heap        ] GC(387) Archive regions: 0->0
[132.862s][info][gc,heap        ] GC(387) Humongous regions: 35->35
[132.862s][info][gc,metaspace   ] GC(387) Metaspace: 68223K(69248K)->68223K(69248K) NonClass: 59786K(60288K)->59786K(60288K) Class: 8436K(8960K)->8436K(8960K)
[132.862s][info][gc             ] GC(387) Pause Young (Prepare Mixed) (G1 Evacuation Pause) 955M->485M(1322M) 39.151ms
[132.862s][info][gc,cpu         ] GC(387) User=1.45s Sys=0.00s Real=0.04s
[133.171s][info][gc,start       ] GC(388) Pause Young (Mixed) (G1 Evacuation Pause)
[133.171s][info][gc,task        ] GC(388) Using 31 workers of 33 for evacuation
[133.212s][info][gc,phases      ] GC(388)   Pre Evacuate Collection Set: 0.2ms
[133.212s][info][gc,phases      ] GC(388)   Merge Heap Roots: 0.6ms
[133.212s][info][gc,phases      ] GC(388)   Evacuate Collection Set: 38.0ms
[133.212s][info][gc,phases      ] GC(388)   Post Evacuate Collection Set: 2.6ms
[133.212s][info][gc,phases      ] GC(388)   Other: 0.1ms
[133.212s][info][gc,heap        ] GC(388) Eden regions: 305->0(522)
[133.212s][info][gc,heap        ] GC(388) Survivor regions: 35->23(43)
[133.212s][info][gc,heap        ] GC(388) Old regions: 181->208
[133.212s][info][gc,heap        ] GC(388) Archive regions: 0->0
[133.212s][info][gc,heap        ] GC(388) Humongous regions: 35->35
[133.212s][info][gc,metaspace   ] GC(388) Metaspace: 68223K(69248K)->68223K(69248K) NonClass: 59786K(60288K)->59786K(60288K) Class: 8436K(8960K)->8436K(8960K)
[133.212s][info][gc             ] GC(388) Pause Young (Mixed) (G1 Evacuation Pause) 1095M->514M(1878M) 41.838ms
[133.212s][info][gc,cpu         ] GC(388) User=0.97s Sys=0.00s Real=0.04s
[133.358s][info][gc,start       ] GC(389) Pause Young (Concurrent Start) (G1 Humongous Allocation)
[133.358s][info][gc,task        ] GC(389) Using 33 workers of 33 for evacuation
[133.383s][info][gc,phases      ] GC(389)   Pre Evacuate Collection Set: 0.4ms
[133.383s][info][gc,phases      ] GC(389)   Merge Heap Roots: 0.2ms
[133.384s][info][gc,phases      ] GC(389)   Evacuate Collection Set: 23.7ms
[133.384s][info][gc,phases      ] GC(389)   Post Evacuate Collection Set: 0.6ms
[133.384s][info][gc,phases      ] GC(389)   Other: 0.2ms
[133.384s][info][gc,heap        ] GC(389) Eden regions: 30->0(531)
[133.384s][info][gc,heap        ] GC(389) Survivor regions: 23->25(69)
[133.384s][info][gc,heap        ] GC(389) Old regions: 208->208
[133.384s][info][gc,heap        ] GC(389) Archive regions: 0->0
[133.384s][info][gc,heap        ] GC(389) Humongous regions: 35->35
[133.384s][info][gc,metaspace   ] GC(389) Metaspace: 68223K(69248K)->68223K(69248K) NonClass: 59786K(60288K)->59786K(60288K) Class: 8436K(8960K)->8436K(8960K)
[133.384s][info][gc             ] GC(389) Pause Young (Concurrent Start) (G1 Humongous Allocation) 574M->518M(1878M) 25.511ms
[133.384s][info][gc             ] GC(390) Concurrent Mark Cycle
[133.384s][info][gc,cpu         ] GC(389) User=0.80s Sys=0.23s Real=0.03s
[133.384s][info][gc,marking     ] GC(390) Concurrent Scan Root Regions
[133.395s][info][gc,marking     ] GC(390) Concurrent Scan Root Regions 10.772ms
[133.395s][info][gc,marking     ] GC(390) Concurrent Mark
[133.395s][info][gc,marking     ] GC(390) Concurrent Mark From Roots
[133.395s][info][gc,task        ] GC(390) Using 8 workers of 8 for marking
[133.449s][info][gc,marking     ] GC(390) Concurrent Mark From Roots 54.830ms
[133.450s][info][gc,marking     ] GC(390) Concurrent Preclean
[133.450s][info][gc,marking     ] GC(390) Concurrent Preclean 0.136ms
[133.450s][info][gc,start       ] GC(390) Pause Remark
[133.453s][info][gc             ] GC(390) Pause Remark 526M->386M(1354M) 2.732ms
[133.453s][info][gc,cpu         ] GC(390) User=0.00s Sys=0.00s Real=0.00s
[133.453s][info][gc,marking     ] GC(390) Concurrent Mark 58.036ms
[133.453s][info][gc,marking     ] GC(390) Concurrent Rebuild Remembered Sets and Scrub Regions
[133.485s][info][gc,marking     ] GC(390) Concurrent Rebuild Remembered Sets and Scrub Regions 32.141ms
[133.485s][info][gc,start       ] GC(390) Pause Cleanup
[133.485s][info][gc             ] GC(390) Pause Cleanup 386M->386M(1354M) 0.296ms
[133.485s][info][gc,cpu         ] GC(390) User=0.00s Sys=0.00s Real=0.00s
[133.485s][info][gc,marking     ] GC(390) Concurrent Clear Claimed Marks
[133.486s][info][gc,marking     ] GC(390) Concurrent Clear Claimed Marks 0.114ms
[133.486s][info][gc,marking     ] GC(390) Concurrent Cleanup for Next Mark
[133.487s][info][gc,marking     ] GC(390) Concurrent Cleanup for Next Mark 1.004ms
[133.487s][info][gc             ] GC(390) Concurrent Mark Cycle 102.828ms
[134.622s][info][gc,start       ] GC(391) Pause Young (Prepare Mixed) (G1 Evacuation Pause)
[134.622s][info][gc,task        ] GC(391) Using 32 workers of 33 for evacuation
[134.685s][info][gc,phases      ] GC(391)   Pre Evacuate Collection Set: 0.3ms
[134.685s][info][gc,phases      ] GC(391)   Merge Heap Roots: 1.1ms
[134.685s][info][gc,phases      ] GC(391)   Evacuate Collection Set: 60.7ms
[134.685s][info][gc,phases      ] GC(391)   Post Evacuate Collection Set: 0.9ms
[134.685s][info][gc,phases      ] GC(391)   Other: 0.2ms
[134.685s][info][gc,heap        ] GC(391) Eden regions: 381->0(317)
[134.685s][info][gc,heap        ] GC(391) Survivor regions: 25->51(51)
[134.685s][info][gc,heap        ] GC(391) Old regions: 158->175
[134.685s][info][gc,heap        ] GC(391) Archive regions: 0->0
[134.685s][info][gc,heap        ] GC(391) Humongous regions: 68->59
[134.685s][info][gc,metaspace   ] GC(391) Metaspace: 68230K(69248K)->68230K(69248K) NonClass: 59792K(60288K)->59792K(60288K) Class: 8437K(8960K)->8437K(8960K)
[134.685s][info][gc             ] GC(391) Pause Young (Prepare Mixed) (G1 Evacuation Pause) 1246M->552M(1400M) 63.451ms
[134.685s][info][gc,cpu         ] GC(391) User=1.95s Sys=0.05s Real=0.06s
[135.325s][info][gc,start       ] GC(392) Pause Young (Mixed) (G1 Evacuation Pause)
[135.325s][info][gc,task        ] GC(392) Using 33 workers of 33 for evacuation
[135.385s][info][gc,phases      ] GC(392)   Pre Evacuate Collection Set: 0.3ms
[135.385s][info][gc,phases      ] GC(392)   Merge Heap Roots: 0.6ms
[135.385s][info][gc,phases      ] GC(392)   Evacuate Collection Set: 58.0ms
[135.385s][info][gc,phases      ] GC(392)   Post Evacuate Collection Set: 0.6ms
[135.385s][info][gc,phases      ] GC(392)   Other: 0.1ms
[135.385s][info][gc,heap        ] GC(392) Eden regions: 317->0(307)
[135.385s][info][gc,heap        ] GC(392) Survivor regions: 51->38(46)
[135.385s][info][gc,heap        ] GC(392) Old regions: 175->199
[135.385s][info][gc,heap        ] GC(392) Archive regions: 0->0
[135.385s][info][gc,heap        ] GC(392) Humongous regions: 80->76
[135.385s][info][gc,metaspace   ] GC(392) Metaspace: 68233K(69248K)->68233K(69248K) NonClass: 59795K(60288K)->59795K(60288K) Class: 8437K(8960K)->8437K(8960K)
[135.385s][info][gc             ] GC(392) Pause Young (Mixed) (G1 Evacuation Pause) 1228M->609M(1432M) 59.938ms
[135.385s][info][gc,cpu         ] GC(392) User=1.50s Sys=0.06s Real=0.06s
[135.388s][info][gc,start       ] GC(393) Pause Young (Concurrent Start) (G1 Humongous Allocation)
[135.389s][info][gc,task        ] GC(393) Using 33 workers of 33 for evacuation
[135.406s][info][gc,phases      ] GC(393)   Pre Evacuate Collection Set: 0.3ms
[135.406s][info][gc,phases      ] GC(393)   Merge Heap Roots: 0.1ms
[135.406s][info][gc,phases      ] GC(393)   Evacuate Collection Set: 16.3ms
[135.406s][info][gc,phases      ] GC(393)   Post Evacuate Collection Set: 0.4ms
[135.406s][info][gc,phases      ] GC(393)   Other: 0.1ms
[135.406s][info][gc,heap        ] GC(393) Eden regions: 3->0(260)
[135.406s][info][gc,heap        ] GC(393) Survivor regions: 38->3(44)
[135.406s][info][gc,heap        ] GC(393) Old regions: 199->237
[135.406s][info][gc,heap        ] GC(393) Archive regions: 0->0
[135.406s][info][gc,heap        ] GC(393) Humongous regions: 76->76
[135.406s][info][gc,metaspace   ] GC(393) Metaspace: 68233K(69248K)->68233K(69248K) NonClass: 59795K(60288K)->59795K(60288K) Class: 8437K(8960K)->8437K(8960K)
[135.406s][info][gc             ] GC(393) Pause Young (Concurrent Start) (G1 Humongous Allocation) 614M->614M(1432M) 17.438ms
[135.406s][info][gc             ] GC(394) Concurrent Mark Cycle
[135.406s][info][gc,cpu         ] GC(393) User=0.52s Sys=0.00s Real=0.02s
[135.406s][info][gc,marking     ] GC(394) Concurrent Scan Root Regions
[135.412s][info][gc,marking     ] GC(394) Concurrent Scan Root Regions 5.782ms
[135.412s][info][gc,marking     ] GC(394) Concurrent Mark
[135.412s][info][gc,marking     ] GC(394) Concurrent Mark From Roots
[135.412s][info][gc,task        ] GC(394) Using 8 workers of 8 for marking
[135.442s][info][gc,marking     ] GC(394) Concurrent Mark From Roots 29.770ms
[135.442s][info][gc,marking     ] GC(394) Concurrent Preclean
[135.442s][info][gc,marking     ] GC(394) Concurrent Preclean 0.090ms
[135.442s][info][gc,start       ] GC(394) Pause Remark
[135.445s][info][gc             ] GC(394) Pause Remark 650M->342M(1200M) 2.594ms
[135.445s][info][gc,cpu         ] GC(394) User=0.00s Sys=0.00s Real=0.00s
[135.445s][info][gc,marking     ] GC(394) Concurrent Mark 32.810ms
[135.445s][info][gc,marking     ] GC(394) Concurrent Rebuild Remembered Sets and Scrub Regions
[135.463s][info][gc,marking     ] GC(394) Concurrent Rebuild Remembered Sets and Scrub Regions 18.237ms
[135.463s][info][gc,start       ] GC(394) Pause Cleanup
[135.463s][info][gc             ] GC(394) Pause Cleanup 360M->360M(1200M) 0.298ms
[135.463s][info][gc,cpu         ] GC(394) User=0.00s Sys=0.00s Real=0.00s
[135.464s][info][gc,marking     ] GC(394) Concurrent Clear Claimed Marks
[135.464s][info][gc,marking     ] GC(394) Concurrent Clear Claimed Marks 0.087ms
[135.464s][info][gc,marking     ] GC(394) Concurrent Cleanup for Next Mark
[135.464s][info][gc,marking     ] GC(394) Concurrent Cleanup for Next Mark 0.780ms
[135.464s][info][gc             ] GC(394) Concurrent Mark Cycle 58.475ms
[135.927s][info][gc,start       ] GC(395) Pause Young (Prepare Mixed) (G1 Evacuation Pause)
[135.927s][info][gc,task        ] GC(395) Using 30 workers of 33 for evacuation
[135.961s][info][gc,phases      ] GC(395)   Pre Evacuate Collection Set: 0.3ms
[135.961s][info][gc,phases      ] GC(395)   Merge Heap Roots: 0.9ms
[135.961s][info][gc,phases      ] GC(395)   Evacuate Collection Set: 31.9ms
[135.961s][info][gc,phases      ] GC(395)   Post Evacuate Collection Set: 0.7ms
[135.961s][info][gc,phases      ] GC(395)   Other: 0.2ms
[135.961s][info][gc,heap        ] GC(395) Eden regions: 260->0(240)
[135.961s][info][gc,heap        ] GC(395) Survivor regions: 3->33(33)
[135.961s][info][gc,heap        ] GC(395) Old regions: 149->151
[135.961s][info][gc,heap        ] GC(395) Archive regions: 0->0
[135.961s][info][gc,heap        ] GC(395) Humongous regions: 158->60
[135.961s][info][gc,metaspace   ] GC(395) Metaspace: 68234K(69248K)->68234K(69248K) NonClass: 59796K(60288K)->59796K(60288K) Class: 8437K(8960K)->8437K(8960K)
[135.961s][info][gc             ] GC(395) Pause Young (Prepare Mixed) (G1 Evacuation Pause) 1122M->470M(1210M) 34.257ms
[135.961s][info][gc,cpu         ] GC(395) User=0.94s Sys=0.00s Real=0.03s
[136.173s][info][gc,start       ] GC(396) Pause Full (System.gc())
[136.173s][info][gc,task        ] GC(396) Using 29 workers of 33 for full compaction
[136.174s][info][gc,phases,start] GC(396) Phase 1: Mark live objects
[136.204s][info][gc,phases      ] GC(396) Phase 1: Mark live objects 29.748ms
[136.204s][info][gc,phases,start] GC(396) Phase 2: Prepare compaction
[136.209s][info][gc,phases      ] GC(396) Phase 2: Prepare compaction 5.550ms
[136.209s][info][gc,phases,start] GC(396) Phase 3: Adjust pointers
[136.219s][info][gc,phases      ] GC(396) Phase 3: Adjust pointers 9.700ms
[136.219s][info][gc,phases,start] GC(396) Phase 4: Compact heap
[136.221s][info][gc,phases      ] GC(396) Phase 4: Compact heap 1.479ms
[136.230s][info][gc,heap        ] GC(396) Eden regions: 178->0(137)
[136.230s][info][gc,heap        ] GC(396) Survivor regions: 33->0(33)
[136.230s][info][gc,heap        ] GC(396) Old regions: 151->86
[136.230s][info][gc,heap        ] GC(396) Archive regions: 0->0
[136.230s][info][gc,heap        ] GC(396) Humongous regions: 62->3
[136.230s][info][gc,metaspace   ] GC(396) Metaspace: 68234K(69248K)->68234K(69248K) NonClass: 59797K(60288K)->59797K(60288K) Class: 8437K(8960K)->8437K(8960K)
[136.230s][info][gc             ] GC(396) Pause Full (System.gc()) 829M->148M(594M) 57.198ms
[136.230s][info][gc,cpu         ] GC(396) User=1.23s Sys=0.14s Real=0.06s
[136.260s][info][gc,start       ] GC(397) Pause Young (Concurrent Start) (G1 Humongous Allocation)
[136.260s][info][gc,task        ] GC(397) Using 21 workers of 33 for evacuation
[136.262s][info][gc,phases      ] GC(397)   Pre Evacuate Collection Set: 0.4ms
[136.262s][info][gc,phases      ] GC(397)   Merge Heap Roots: 0.1ms
[136.262s][info][gc,phases      ] GC(397)   Evacuate Collection Set: 0.9ms
[136.262s][info][gc,phases      ] GC(397)   Post Evacuate Collection Set: 0.5ms
[136.262s][info][gc,phases      ] GC(397)   Other: 0.1ms
[136.262s][info][gc,heap        ] GC(397) Eden regions: 10->0(144)
[136.262s][info][gc,heap        ] GC(397) Survivor regions: 0->5(18)
[136.262s][info][gc,heap        ] GC(397) Old regions: 86->86
[136.262s][info][gc,heap        ] GC(397) Archive regions: 0->0
[136.262s][info][gc,heap        ] GC(397) Humongous regions: 3->3
[136.262s][info][gc,metaspace   ] GC(397) Metaspace: 68239K(69248K)->68239K(69248K) NonClass: 59800K(60288K)->59800K(60288K) Class: 8438K(8960K)->8438K(8960K)
[136.262s][info][gc             ] GC(397) Pause Young (Concurrent Start) (G1 Humongous Allocation) 168M->157M(594M) 2.194ms
[136.262s][info][gc             ] GC(398) Concurrent Mark Cycle
[136.262s][info][gc,cpu         ] GC(397) User=0.00s Sys=0.00s Real=0.00s
[136.262s][info][gc,marking     ] GC(398) Concurrent Scan Root Regions
[136.263s][info][gc,marking     ] GC(398) Concurrent Scan Root Regions 0.849ms
[136.263s][info][gc,marking     ] GC(398) Concurrent Mark
[136.263s][info][gc,marking     ] GC(398) Concurrent Mark From Roots
[136.263s][info][gc,task        ] GC(398) Using 8 workers of 8 for marking
[136.304s][info][gc,marking     ] GC(398) Concurrent Mark From Roots 41.193ms
[136.304s][info][gc,marking     ] GC(398) Concurrent Preclean
[136.304s][info][gc,marking     ] GC(398) Concurrent Preclean 0.116ms
[136.304s][info][gc,start       ] GC(398) Pause Remark
[136.306s][info][gc             ] GC(398) Pause Remark 194M->194M(594M) 1.863ms
[136.306s][info][gc,cpu         ] GC(398) User=0.33s Sys=0.00s Real=0.02s
[136.306s][info][gc,marking     ] GC(398) Concurrent Mark 43.526ms
[136.306s][info][gc,marking     ] GC(398) Concurrent Rebuild Remembered Sets and Scrub Regions
[136.318s][info][gc,marking     ] GC(398) Concurrent Rebuild Remembered Sets and Scrub Regions 11.734ms
[136.318s][info][gc,start       ] GC(398) Pause Cleanup
[136.319s][info][gc             ] GC(398) Pause Cleanup 214M->214M(594M) 0.166ms
[136.319s][info][gc,cpu         ] GC(398) User=0.00s Sys=0.00s Real=0.00s
[136.319s][info][gc,marking     ] GC(398) Concurrent Clear Claimed Marks
[136.319s][info][gc,marking     ] GC(398) Concurrent Clear Claimed Marks 0.089ms
[136.319s][info][gc,marking     ] GC(398) Concurrent Cleanup for Next Mark
[136.319s][info][gc,marking     ] GC(398) Concurrent Cleanup for Next Mark 0.365ms
[136.319s][info][gc             ] GC(398) Concurrent Mark Cycle 57.143ms
[136.432s][info][gc,start       ] GC(399) Pause Young (Prepare Mixed) (G1 Evacuation Pause)
[136.432s][info][gc,task        ] GC(399) Using 17 workers of 33 for evacuation
[136.459s][info][gc,phases      ] GC(399)   Pre Evacuate Collection Set: 0.2ms
[136.459s][info][gc,phases      ] GC(399)   Merge Heap Roots: 0.2ms
[136.459s][info][gc,phases      ] GC(399)   Evacuate Collection Set: 25.3ms
[136.459s][info][gc,phases      ] GC(399)   Post Evacuate Collection Set: 0.5ms
[136.459s][info][gc,phases      ] GC(399)   Other: 0.1ms
[136.459s][info][gc,heap        ] GC(399) Eden regions: 144->0(100)
[136.459s][info][gc,heap        ] GC(399) Survivor regions: 5->19(19)
[136.459s][info][gc,heap        ] GC(399) Old regions: 86->106
[136.459s][info][gc,heap        ] GC(399) Archive regions: 0->0
[136.459s][info][gc,heap        ] GC(399) Humongous regions: 18->15
[136.459s][info][gc,metaspace   ] GC(399) Metaspace: 68239K(69248K)->68239K(69248K) NonClass: 59800K(60288K)->59800K(60288K) Class: 8438K(8960K)->8438K(8960K)
[136.459s][info][gc             ] GC(399) Pause Young (Prepare Mixed) (G1 Evacuation Pause) 475M->250M(594M) 26.553ms
[136.459s][info][gc,cpu         ] GC(399) User=0.27s Sys=0.00s Real=0.02s
[136.550s][info][gc,start       ] GC(400) Pause Young (Mixed) (G1 Evacuation Pause)
[136.550s][info][gc,task        ] GC(400) Using 15 workers of 33 for evacuation
[136.580s][info][gc,phases      ] GC(400)   Pre Evacuate Collection Set: 0.4ms
[136.580s][info][gc,phases      ] GC(400)   Merge Heap Roots: 0.3ms
[136.580s][info][gc,phases      ] GC(400)   Evacuate Collection Set: 26.1ms
[136.580s][info][gc,phases      ] GC(400)   Post Evacuate Collection Set: 2.9ms
[136.580s][info][gc,phases      ] GC(400)   Other: 0.2ms
[136.580s][info][gc,heap        ] GC(400) Eden regions: 100->0(326)
[136.580s][info][gc,heap        ] GC(400) Survivor regions: 19->12(15)
[136.580s][info][gc,heap        ] GC(400) Old regions: 106->124
[136.580s][info][gc,heap        ] GC(400) Archive regions: 0->0
[136.580s][info][gc,heap        ] GC(400) Humongous regions: 25->25
[136.580s][info][gc,metaspace   ] GC(400) Metaspace: 68239K(69248K)->68239K(69248K) NonClass: 59800K(60288K)->59800K(60288K) Class: 8438K(8960K)->8438K(8960K)
[136.580s][info][gc             ] GC(400) Pause Young (Mixed) (G1 Evacuation Pause) 470M->297M(1230M) 30.224ms
[136.580s][info][gc,cpu         ] GC(400) User=0.47s Sys=0.00s Real=0.03s
[136.588s][info][gc,start       ] GC(401) Pause Young (Concurrent Start) (G1 Humongous Allocation)
[136.589s][info][gc,task        ] GC(401) Using 29 workers of 33 for evacuation
[136.602s][info][gc,phases      ] GC(401)   Pre Evacuate Collection Set: 0.3ms
[136.602s][info][gc,phases      ] GC(401)   Merge Heap Roots: 0.2ms
[136.602s][info][gc,phases      ] GC(401)   Evacuate Collection Set: 12.0ms
[136.602s][info][gc,phases      ] GC(401)   Post Evacuate Collection Set: 0.5ms
[136.602s][info][gc,phases      ] GC(401)   Other: 0.1ms
[136.602s][info][gc,heap        ] GC(401) Eden regions: 6->0(330)
[136.602s][info][gc,heap        ] GC(401) Survivor regions: 12->13(43)
[136.602s][info][gc,heap        ] GC(401) Old regions: 124->124
[136.602s][info][gc,heap        ] GC(401) Archive regions: 0->0
[136.602s][info][gc,heap        ] GC(401) Humongous regions: 25->25
[136.602s][info][gc,metaspace   ] GC(401) Metaspace: 68239K(69248K)->68239K(69248K) NonClass: 59800K(60288K)->59800K(60288K) Class: 8438K(8960K)->8438K(8960K)
[136.602s][info][gc             ] GC(401) Pause Young (Concurrent Start) (G1 Humongous Allocation) 309M->298M(1230M) 13.473ms
[136.602s][info][gc             ] GC(402) Concurrent Mark Cycle
[136.602s][info][gc,cpu         ] GC(401) User=0.02s Sys=0.00s Real=0.02s
[136.602s][info][gc,marking     ] GC(402) Concurrent Scan Root Regions
[136.605s][info][gc,marking     ] GC(402) Concurrent Scan Root Regions 2.638ms
[136.605s][info][gc,marking     ] GC(402) Concurrent Mark
[136.605s][info][gc,marking     ] GC(402) Concurrent Mark From Roots
[136.605s][info][gc,task        ] GC(402) Using 8 workers of 8 for marking
[136.658s][info][gc,marking     ] GC(402) Concurrent Mark From Roots 53.330ms
[136.658s][info][gc,marking     ] GC(402) Concurrent Preclean
[136.658s][info][gc,marking     ] GC(402) Concurrent Preclean 0.191ms
[136.658s][info][gc,start       ] GC(402) Pause Remark
[136.662s][info][gc             ] GC(402) Pause Remark 380M->366M(1230M) 3.269ms
[136.662s][info][gc,cpu         ] GC(402) User=0.00s Sys=0.00s Real=0.00s
[136.662s][info][gc,marking     ] GC(402) Concurrent Mark 57.172ms
[136.662s][info][gc,marking     ] GC(402) Concurrent Rebuild Remembered Sets and Scrub Regions
[136.697s][info][gc,marking     ] GC(402) Concurrent Rebuild Remembered Sets and Scrub Regions 35.130ms
[136.697s][info][gc,start       ] GC(402) Pause Cleanup
[136.697s][info][gc             ] GC(402) Pause Cleanup 417M->417M(1230M) 0.234ms
[136.697s][info][gc,cpu         ] GC(402) User=0.00s Sys=0.00s Real=0.00s
[136.697s][info][gc,marking     ] GC(402) Concurrent Clear Claimed Marks
[136.698s][info][gc,marking     ] GC(402) Concurrent Clear Claimed Marks 0.095ms
[136.698s][info][gc,marking     ] GC(402) Concurrent Cleanup for Next Mark
[136.701s][info][gc,marking     ] GC(402) Concurrent Cleanup for Next Mark 3.202ms
[136.701s][info][gc             ] GC(402) Concurrent Mark Cycle 98.917ms
[137.036s][info][gc,start       ] GC(403) Pause Young (Prepare Mixed) (G1 Evacuation Pause)
[137.036s][info][gc,task        ] GC(403) Using 29 workers of 33 for evacuation
[137.072s][info][gc,phases      ] GC(403)   Pre Evacuate Collection Set: 0.2ms
[137.072s][info][gc,phases      ] GC(403)   Merge Heap Roots: 0.8ms
[137.072s][info][gc,phases      ] GC(403)   Evacuate Collection Set: 34.1ms
[137.072s][info][gc,phases      ] GC(403)   Post Evacuate Collection Set: 0.6ms
[137.072s][info][gc,phases      ] GC(403)   Other: 0.2ms
[137.072s][info][gc,heap        ] GC(403) Eden regions: 330->0(316)
[137.072s][info][gc,heap        ] GC(403) Survivor regions: 13->38(43)
[137.072s][info][gc,heap        ] GC(403) Old regions: 124->124
[137.072s][info][gc,heap        ] GC(403) Archive regions: 0->0
[137.072s][info][gc,heap        ] GC(403) Humongous regions: 32->32
[137.072s][info][gc,metaspace   ] GC(403) Metaspace: 68239K(69248K)->68239K(69248K) NonClass: 59800K(60288K)->59800K(60288K) Class: 8438K(8960K)->8438K(8960K)
[137.072s][info][gc             ] GC(403) Pause Young (Prepare Mixed) (G1 Evacuation Pause) 972M->363M(1230M) 36.278ms
[137.072s][info][gc,cpu         ] GC(403) User=0.91s Sys=0.00s Real=0.03s
[137.992s][info][gc,start       ] GC(404) Pause Young (Mixed) (G1 Evacuation Pause)
[137.992s][info][gc,task        ] GC(404) Using 29 workers of 33 for evacuation
[138.044s][info][gc,phases      ] GC(404)   Pre Evacuate Collection Set: 0.3ms
[138.044s][info][gc,phases      ] GC(404)   Merge Heap Roots: 0.4ms
[138.044s][info][gc,phases      ] GC(404)   Evacuate Collection Set: 50.3ms
[138.044s][info][gc,phases      ] GC(404)   Post Evacuate Collection Set: 0.7ms
[138.044s][info][gc,phases      ] GC(404)   Other: 0.2ms
[138.044s][info][gc,heap        ] GC(404) Eden regions: 316->0(309)
[138.044s][info][gc,heap        ] GC(404) Survivor regions: 38->22(45)
[138.044s][info][gc,heap        ] GC(404) Old regions: 124->153
[138.044s][info][gc,heap        ] GC(404) Archive regions: 0->0
[138.044s][info][gc,heap        ] GC(404) Humongous regions: 43->40
[138.044s][info][gc,metaspace   ] GC(404) Metaspace: 68246K(69248K)->68246K(69248K) NonClass: 59808K(60288K)->59808K(60288K) Class: 8438K(8960K)->8438K(8960K)
[138.044s][info][gc             ] GC(404) Pause Young (Mixed) (G1 Evacuation Pause) 1017M->413M(1230M) 52.219ms
[138.044s][info][gc,cpu         ] GC(404) User=1.39s Sys=0.00s Real=0.05s
[138.053s][info][gc,start       ] GC(405) Pause Young (Concurrent Start) (G1 Humongous Allocation)
[138.053s][info][gc,task        ] GC(405) Using 29 workers of 33 for evacuation
[138.066s][info][gc,phases      ] GC(405)   Pre Evacuate Collection Set: 0.3ms
[138.066s][info][gc,phases      ] GC(405)   Merge Heap Roots: 0.2ms
[138.066s][info][gc,phases      ] GC(405)   Evacuate Collection Set: 11.9ms
[138.066s][info][gc,phases      ] GC(405)   Post Evacuate Collection Set: 0.6ms
[138.066s][info][gc,phases      ] GC(405)   Other: 0.1ms
[138.066s][info][gc,heap        ] GC(405) Eden regions: 6->0(274)
[138.066s][info][gc,heap        ] GC(405) Survivor regions: 22->23(42)
[138.066s][info][gc,heap        ] GC(405) Old regions: 153->153
[138.066s][info][gc,heap        ] GC(405) Archive regions: 0->0
[138.066s][info][gc,heap        ] GC(405) Humongous regions: 40->40
[138.066s][info][gc,metaspace   ] GC(405) Metaspace: 68246K(69248K)->68246K(69248K) NonClass: 59808K(60288K)->59808K(60288K) Class: 8438K(8960K)->8438K(8960K)
[138.066s][info][gc             ] GC(405) Pause Young (Concurrent Start) (G1 Humongous Allocation) 425M->415M(1230M) 13.222ms
[138.066s][info][gc             ] GC(406) Concurrent Mark Cycle
[138.066s][info][gc,cpu         ] GC(405) User=0.00s Sys=0.00s Real=0.00s
[138.066s][info][gc,marking     ] GC(406) Concurrent Scan Root Regions
[138.071s][info][gc,marking     ] GC(406) Concurrent Scan Root Regions 4.940ms
[138.071s][info][gc,marking     ] GC(406) Concurrent Mark
[138.071s][info][gc,marking     ] GC(406) Concurrent Mark From Roots
[138.071s][info][gc,task        ] GC(406) Using 8 workers of 8 for marking
[138.103s][info][gc,marking     ] GC(406) Concurrent Mark From Roots 31.921ms
[138.103s][info][gc,marking     ] GC(406) Concurrent Preclean
[138.103s][info][gc,marking     ] GC(406) Concurrent Preclean 0.132ms
[138.103s][info][gc,start       ] GC(406) Pause Remark
[138.106s][info][gc             ] GC(406) Pause Remark 457M->279M(988M) 2.437ms
[138.106s][info][gc,cpu         ] GC(406) User=0.00s Sys=0.00s Real=0.00s
[138.106s][info][gc,marking     ] GC(406) Concurrent Mark 34.827ms
[138.106s][info][gc,marking     ] GC(406) Concurrent Rebuild Remembered Sets and Scrub Regions
[138.135s][info][gc,marking     ] GC(406) Concurrent Rebuild Remembered Sets and Scrub Regions 28.841ms
[138.135s][info][gc,start       ] GC(406) Pause Cleanup
[138.135s][info][gc             ] GC(406) Pause Cleanup 306M->306M(988M) 0.287ms
[138.135s][info][gc,cpu         ] GC(406) User=0.00s Sys=0.00s Real=0.00s
[138.135s][info][gc,marking     ] GC(406) Concurrent Clear Claimed Marks
[138.135s][info][gc,marking     ] GC(406) Concurrent Clear Claimed Marks 0.109ms
[138.135s][info][gc,marking     ] GC(406) Concurrent Cleanup for Next Mark
[138.136s][info][gc,marking     ] GC(406) Concurrent Cleanup for Next Mark 0.670ms
[138.136s][info][gc             ] GC(406) Concurrent Mark Cycle 70.210ms
[138.502s][info][gc,start       ] GC(407) Pause Young (Prepare Mixed) (G1 Evacuation Pause)
[138.502s][info][gc,task        ] GC(407) Using 26 workers of 33 for evacuation
[138.544s][info][gc,phases      ] GC(407)   Pre Evacuate Collection Set: 0.2ms
[138.544s][info][gc,phases      ] GC(407)   Merge Heap Roots: 0.6ms
[138.544s][info][gc,phases      ] GC(407)   Evacuate Collection Set: 40.5ms
[138.544s][info][gc,phases      ] GC(407)   Post Evacuate Collection Set: 0.6ms
[138.544s][info][gc,phases      ] GC(407)   Other: 0.1ms
[138.544s][info][gc,heap        ] GC(407) Eden regions: 273->0(199)
[138.544s][info][gc,heap        ] GC(407) Survivor regions: 23->37(37)
[138.544s][info][gc,heap        ] GC(407) Old regions: 101->125
[138.544s][info][gc,heap        ] GC(407) Archive regions: 0->0
[138.544s][info][gc,heap        ] GC(407) Humongous regions: 31->31
[138.544s][info][gc,metaspace   ] GC(407) Metaspace: 68246K(69248K)->68246K(69248K) NonClass: 59808K(60288K)->59808K(60288K) Class: 8438K(8960K)->8438K(8960K)
[138.544s][info][gc             ] GC(407) Pause Young (Prepare Mixed) (G1 Evacuation Pause) 839M->369M(988M) 42.280ms
[138.544s][info][gc,cpu         ] GC(407) User=1.22s Sys=0.00s Real=0.05s
[138.769s][info][gc,start       ] GC(408) Pause Young (Mixed) (G1 Evacuation Pause)
[138.769s][info][gc,task        ] GC(408) Using 24 workers of 33 for evacuation
[138.817s][info][gc,phases      ] GC(408)   Pre Evacuate Collection Set: 0.3ms
[138.817s][info][gc,phases      ] GC(408)   Merge Heap Roots: 0.7ms
[138.817s][info][gc,phases      ] GC(408)   Evacuate Collection Set: 44.4ms
[138.817s][info][gc,phases      ] GC(408)   Post Evacuate Collection Set: 2.5ms
[138.817s][info][gc,phases      ] GC(408)   Other: 0.2ms
[138.817s][info][gc,heap        ] GC(408) Eden regions: 199->0(378)
[138.817s][info][gc,heap        ] GC(408) Survivor regions: 37->22(30)
[138.817s][info][gc,heap        ] GC(408) Old regions: 125->160
[138.817s][info][gc,heap        ] GC(408) Archive regions: 0->0
[138.817s][info][gc,heap        ] GC(408) Humongous regions: 51->51
[138.817s][info][gc,metaspace   ] GC(408) Metaspace: 68246K(69248K)->68246K(69248K) NonClass: 59808K(60288K)->59808K(60288K) Class: 8438K(8960K)->8438K(8960K)
[138.818s][info][gc             ] GC(408) Pause Young (Mixed) (G1 Evacuation Pause) 807M->448M(1610M) 48.355ms
[138.818s][info][gc,cpu         ] GC(408) User=1.13s Sys=0.02s Real=0.06s
[139.394s][info][gc,start       ] GC(409) Pause Young (Concurrent Start) (G1 Humongous Allocation)
[139.394s][info][gc,task        ] GC(409) Using 33 workers of 33 for evacuation
[139.429s][info][gc,phases      ] GC(409)   Pre Evacuate Collection Set: 0.4ms
[139.429s][info][gc,phases      ] GC(409)   Merge Heap Roots: 0.4ms
[139.429s][info][gc,phases      ] GC(409)   Evacuate Collection Set: 33.4ms
[139.429s][info][gc,phases      ] GC(409)   Post Evacuate Collection Set: 0.6ms
[139.429s][info][gc,phases      ] GC(409)   Other: 0.2ms
[139.429s][info][gc,heap        ] GC(409) Eden regions: 370->0(381)
[139.429s][info][gc,heap        ] GC(409) Survivor regions: 22->47(50)
[139.429s][info][gc,heap        ] GC(409) Old regions: 160->160
[139.429s][info][gc,heap        ] GC(409) Archive regions: 0->0
[139.429s][info][gc,heap        ] GC(409) Humongous regions: 51->51
[139.429s][info][gc,metaspace   ] GC(409) Metaspace: 68246K(69248K)->68246K(69248K) NonClass: 59808K(60288K)->59808K(60288K) Class: 8438K(8960K)->8438K(8960K)
[139.429s][info][gc             ] GC(409) Pause Young (Concurrent Start) (G1 Humongous Allocation) 1187M->497M(1610M) 35.376ms
[139.429s][info][gc             ] GC(410) Concurrent Mark Cycle
[139.429s][info][gc,cpu         ] GC(409) User=1.03s Sys=0.00s Real=0.03s
[139.429s][info][gc,marking     ] GC(410) Concurrent Scan Root Regions
[139.439s][info][gc,marking     ] GC(410) Concurrent Scan Root Regions 9.595ms
[139.439s][info][gc,marking     ] GC(410) Concurrent Mark
[139.439s][info][gc,marking     ] GC(410) Concurrent Mark From Roots
[139.439s][info][gc,task        ] GC(410) Using 8 workers of 8 for marking
[139.477s][info][gc,marking     ] GC(410) Concurrent Mark From Roots 37.499ms
[139.477s][info][gc,marking     ] GC(410) Concurrent Preclean
[139.477s][info][gc,marking     ] GC(410) Concurrent Preclean 0.218ms
[139.477s][info][gc,start       ] GC(410) Pause Remark
[139.480s][info][gc             ] GC(410) Pause Remark 499M->369M(1300M) 2.629ms
[139.480s][info][gc,cpu         ] GC(410) User=0.00s Sys=0.00s Real=0.00s
[139.480s][info][gc,marking     ] GC(410) Concurrent Mark 40.760ms
[139.480s][info][gc,marking     ] GC(410) Concurrent Rebuild Remembered Sets and Scrub Regions
[139.512s][info][gc,marking     ] GC(410) Concurrent Rebuild Remembered Sets and Scrub Regions 32.103ms
[139.512s][info][gc,start       ] GC(410) Pause Cleanup
[139.512s][info][gc             ] GC(410) Pause Cleanup 375M->375M(1300M) 0.303ms
[139.513s][info][gc,cpu         ] GC(410) User=0.00s Sys=0.00s Real=0.00s
[139.513s][info][gc,marking     ] GC(410) Concurrent Clear Claimed Marks
[139.513s][info][gc,marking     ] GC(410) Concurrent Clear Claimed Marks 0.116ms
[139.513s][info][gc,marking     ] GC(410) Concurrent Cleanup for Next Mark
[139.514s][info][gc,marking     ] GC(410) Concurrent Cleanup for Next Mark 1.684ms
[139.514s][info][gc             ] GC(410) Concurrent Mark Cycle 85.082ms
[140.574s][info][gc,start       ] GC(411) Pause Young (Prepare Mixed) (G1 Evacuation Pause)
[140.574s][info][gc,task        ] GC(411) Using 32 workers of 33 for evacuation
[140.646s][info][gc,phases      ] GC(411)   Pre Evacuate Collection Set: 0.3ms
[140.646s][info][gc,phases      ] GC(411)   Merge Heap Roots: 1.1ms
[140.646s][info][gc,phases      ] GC(411)   Evacuate Collection Set: 69.0ms
[140.646s][info][gc,phases      ] GC(411)   Post Evacuate Collection Set: 0.9ms
[140.646s][info][gc,phases      ] GC(411)   Other: 0.2ms
[140.646s][info][gc,heap        ] GC(411) Eden regions: 343->0(284)
[140.646s][info][gc,heap        ] GC(411) Survivor regions: 47->49(49)
[140.646s][info][gc,heap        ] GC(411) Old regions: 131->166
[140.646s][info][gc,heap        ] GC(411) Archive regions: 0->0
[140.646s][info][gc,heap        ] GC(411) Humongous regions: 68->59
[140.646s][info][gc,metaspace   ] GC(411) Metaspace: 68285K(69312K)->68285K(69312K) NonClass: 59846K(60352K)->59846K(60352K) Class: 8438K(8960K)->8438K(8960K)
[140.646s][info][gc             ] GC(411) Pause Young (Prepare Mixed) (G1 Evacuation Pause) 1159M->531M(1346M) 71.804ms
[140.646s][info][gc,cpu         ] GC(411) User=2.00s Sys=0.00s Real=0.06s
[141.132s][info][gc,start       ] GC(412) Pause Young (Mixed) (G1 Evacuation Pause)
[141.132s][info][gc,task        ] GC(412) Using 32 workers of 33 for evacuation
[141.180s][info][gc,phases      ] GC(412)   Pre Evacuate Collection Set: 0.3ms
[141.180s][info][gc,phases      ] GC(412)   Merge Heap Roots: 0.6ms
[141.180s][info][gc,phases      ] GC(412)   Evacuate Collection Set: 45.8ms
[141.180s][info][gc,phases      ] GC(412)   Post Evacuate Collection Set: 0.7ms
[141.180s][info][gc,phases      ] GC(412)   Other: 0.1ms
[141.180s][info][gc,heap        ] GC(412) Eden regions: 284->0(279)
[141.180s][info][gc,heap        ] GC(412) Survivor regions: 49->31(42)
[141.180s][info][gc,heap        ] GC(412) Old regions: 166->198
[141.180s][info][gc,heap        ] GC(412) Archive regions: 0->0
[141.180s][info][gc,heap        ] GC(412) Humongous regions: 66->63
[141.180s][info][gc,metaspace   ] GC(412) Metaspace: 68291K(69312K)->68291K(69312K) NonClass: 59852K(60352K)->59852K(60352K) Class: 8438K(8960K)->8438K(8960K)
[141.180s][info][gc             ] GC(412) Pause Young (Mixed) (G1 Evacuation Pause) 1113M->564M(1346M) 47.746ms
[141.180s][info][gc,cpu         ] GC(412) User=1.50s Sys=0.00s Real=0.05s
[141.183s][info][gc,start       ] GC(413) Pause Young (Concurrent Start) (G1 Humongous Allocation)
[141.183s][info][gc,task        ] GC(413) Using 32 workers of 33 for evacuation
[141.194s][info][gc,phases      ] GC(413)   Pre Evacuate Collection Set: 0.3ms
[141.194s][info][gc,phases      ] GC(413)   Merge Heap Roots: 0.1ms
[141.194s][info][gc,phases      ] GC(413)   Evacuate Collection Set: 10.1ms
[141.194s][info][gc,phases      ] GC(413)   Post Evacuate Collection Set: 0.4ms
[141.194s][info][gc,phases      ] GC(413)   Other: 0.1ms
[141.194s][info][gc,heap        ] GC(413) Eden regions: 4->0(273)
[141.194s][info][gc,heap        ] GC(413) Survivor regions: 31->6(39)
[141.194s][info][gc,heap        ] GC(413) Old regions: 198->228
[141.194s][info][gc,heap        ] GC(413) Archive regions: 0->0
[141.194s][info][gc,heap        ] GC(413) Humongous regions: 63->63
[141.194s][info][gc,metaspace   ] GC(413) Metaspace: 68291K(69312K)->68291K(69312K) NonClass: 59852K(60352K)->59852K(60352K) Class: 8438K(8960K)->8438K(8960K)
[141.194s][info][gc             ] GC(413) Pause Young (Concurrent Start) (G1 Humongous Allocation) 572M->575M(1346M) 11.150ms
[141.194s][info][gc             ] GC(414) Concurrent Mark Cycle
[141.194s][info][gc,cpu         ] GC(413) User=0.50s Sys=0.00s Real=0.02s
[141.194s][info][gc,marking     ] GC(414) Concurrent Scan Root Regions
[141.199s][info][gc,marking     ] GC(414) Concurrent Scan Root Regions 4.361ms
[141.199s][info][gc,marking     ] GC(414) Concurrent Mark
[141.199s][info][gc,marking     ] GC(414) Concurrent Mark From Roots
[141.199s][info][gc,task        ] GC(414) Using 8 workers of 8 for marking
[141.228s][info][gc,marking     ] GC(414) Concurrent Mark From Roots 29.344ms
[141.228s][info][gc,marking     ] GC(414) Concurrent Preclean
[141.228s][info][gc,marking     ] GC(414) Concurrent Preclean 0.171ms
[141.229s][info][gc,start       ] GC(414) Pause Remark
[141.231s][info][gc             ] GC(414) Pause Remark 647M->371M(1294M) 2.883ms
[141.232s][info][gc,cpu         ] GC(414) User=0.00s Sys=0.00s Real=0.00s
[141.232s][info][gc,marking     ] GC(414) Concurrent Mark 32.773ms
[141.232s][info][gc,marking     ] GC(414) Concurrent Rebuild Remembered Sets and Scrub Regions
[141.253s][info][gc,marking     ] GC(414) Concurrent Rebuild Remembered Sets and Scrub Regions 21.287ms
[141.253s][info][gc,start       ] GC(414) Pause Cleanup
[141.253s][info][gc             ] GC(414) Pause Cleanup 393M->393M(1294M) 0.317ms
[141.254s][info][gc,cpu         ] GC(414) User=0.00s Sys=0.00s Real=0.00s
[141.254s][info][gc,marking     ] GC(414) Concurrent Clear Claimed Marks
[141.254s][info][gc,marking     ] GC(414) Concurrent Clear Claimed Marks 0.100ms
[141.254s][info][gc,marking     ] GC(414) Concurrent Cleanup for Next Mark
[141.255s][info][gc,marking     ] GC(414) Concurrent Cleanup for Next Mark 0.929ms
[141.255s][info][gc             ] GC(414) Concurrent Mark Cycle 60.290ms
[141.888s][info][gc,start       ] GC(415) Pause Young (Prepare Mixed) (G1 Evacuation Pause)
[141.888s][info][gc,task        ] GC(415) Using 31 workers of 33 for evacuation
[141.929s][info][gc,phases      ] GC(415)   Pre Evacuate Collection Set: 0.3ms
[141.929s][info][gc,phases      ] GC(415)   Merge Heap Roots: 1.0ms
[141.929s][info][gc,phases      ] GC(415)   Evacuate Collection Set: 38.6ms
[141.929s][info][gc,phases      ] GC(415)   Post Evacuate Collection Set: 0.7ms
[141.929s][info][gc,phases      ] GC(415)   Other: 0.2ms
[141.929s][info][gc,heap        ] GC(415) Eden regions: 273->0(293)
[141.929s][info][gc,heap        ] GC(415) Survivor regions: 6->35(35)
[141.929s][info][gc,heap        ] GC(415) Old regions: 145->152
[141.929s][info][gc,heap        ] GC(415) Archive regions: 0->0
[141.929s][info][gc,heap        ] GC(415) Humongous regions: 173->52
[141.929s][info][gc,metaspace   ] GC(415) Metaspace: 68299K(69312K)->68299K(69312K) NonClass: 59861K(60352K)->59861K(60352K) Class: 8438K(8960K)->8438K(8960K)
[141.929s][info][gc             ] GC(415) Pause Young (Prepare Mixed) (G1 Evacuation Pause) 1177M->460M(1294M) 41.062ms
[141.929s][info][gc,cpu         ] GC(415) User=1.45s Sys=0.00s Real=0.05s
[142.191s][info][gc,start       ] GC(416) Pause Full (System.gc())
[142.191s][info][gc,task        ] GC(416) Using 31 workers of 33 for full compaction
[142.193s][info][gc,phases,start] GC(416) Phase 1: Mark live objects
[142.225s][info][gc,phases      ] GC(416) Phase 1: Mark live objects 31.767ms
[142.225s][info][gc,phases,start] GC(416) Phase 2: Prepare compaction
[142.231s][info][gc,phases      ] GC(416) Phase 2: Prepare compaction 5.959ms
[142.231s][info][gc,phases,start] GC(416) Phase 3: Adjust pointers
[142.241s][info][gc,phases      ] GC(416) Phase 3: Adjust pointers 10.026ms
[142.241s][info][gc,phases,start] GC(416) Phase 4: Compact heap
[142.242s][info][gc,phases      ] GC(416) Phase 4: Compact heap 1.252ms
[142.252s][info][gc,heap        ] GC(416) Eden regions: 234->0(147)
[142.252s][info][gc,heap        ] GC(416) Survivor regions: 35->0(35)
[142.252s][info][gc,heap        ] GC(416) Old regions: 152->87
[142.252s][info][gc,heap        ] GC(416) Archive regions: 0->0
[142.252s][info][gc,heap        ] GC(416) Humongous regions: 54->3
[142.252s][info][gc,metaspace   ] GC(416) Metaspace: 68300K(69312K)->68300K(69312K) NonClass: 59861K(60352K)->59861K(60352K) Class: 8438K(8960K)->8438K(8960K)
[142.252s][info][gc             ] GC(416) Pause Full (System.gc()) 931M->148M(600M) 60.921ms
[142.252s][info][gc,cpu         ] GC(416) User=1.27s Sys=0.02s Real=0.06s
[142.284s][info][gc,start       ] GC(417) Pause Young (Concurrent Start) (G1 Humongous Allocation)
[142.284s][info][gc,task        ] GC(417) Using 22 workers of 33 for evacuation
[142.288s][info][gc,phases      ] GC(417)   Pre Evacuate Collection Set: 0.4ms
[142.288s][info][gc,phases      ] GC(417)   Merge Heap Roots: 0.1ms
[142.288s][info][gc,phases      ] GC(417)   Evacuate Collection Set: 1.3ms
[142.288s][info][gc,phases      ] GC(417)   Post Evacuate Collection Set: 2.5ms
[142.288s][info][gc,phases      ] GC(417)   Other: 0.1ms
[142.288s][info][gc,heap        ] GC(417) Eden regions: 10->0(355)
[142.288s][info][gc,heap        ] GC(417) Survivor regions: 0->5(19)
[142.288s][info][gc,heap        ] GC(417) Old regions: 87->87
[142.288s][info][gc,heap        ] GC(417) Archive regions: 0->0
[142.288s][info][gc,heap        ] GC(417) Humongous regions: 3->3
[142.288s][info][gc,metaspace   ] GC(417) Metaspace: 68300K(69312K)->68300K(69312K) NonClass: 59861K(60352K)->59861K(60352K) Class: 8438K(8960K)->8438K(8960K)
[142.288s][info][gc             ] GC(417) Pause Young (Concurrent Start) (G1 Humongous Allocation) 168M->157M(1200M) 4.642ms
[142.288s][info][gc             ] GC(418) Concurrent Mark Cycle
[142.288s][info][gc,cpu         ] GC(417) User=0.00s Sys=0.00s Real=0.00s
[142.288s][info][gc,marking     ] GC(418) Concurrent Scan Root Regions
[142.290s][info][gc,marking     ] GC(418) Concurrent Scan Root Regions 1.266ms
[142.290s][info][gc,marking     ] GC(418) Concurrent Mark
[142.290s][info][gc,marking     ] GC(418) Concurrent Mark From Roots
[142.290s][info][gc,task        ] GC(418) Using 8 workers of 8 for marking
[142.331s][info][gc,marking     ] GC(418) Concurrent Mark From Roots 41.471ms
[142.331s][info][gc,marking     ] GC(418) Concurrent Preclean
[142.331s][info][gc,marking     ] GC(418) Concurrent Preclean 0.146ms
[142.331s][info][gc,start       ] GC(418) Pause Remark
[142.333s][info][gc             ] GC(418) Pause Remark 193M->193M(754M) 1.996ms
[142.334s][info][gc,cpu         ] GC(418) User=0.00s Sys=0.00s Real=0.00s
[142.334s][info][gc,marking     ] GC(418) Concurrent Mark 43.975ms
[142.334s][info][gc,marking     ] GC(418) Concurrent Rebuild Remembered Sets and Scrub Regions
[142.346s][info][gc,marking     ] GC(418) Concurrent Rebuild Remembered Sets and Scrub Regions 11.912ms
[142.346s][info][gc,start       ] GC(418) Pause Cleanup
[142.346s][info][gc             ] GC(418) Pause Cleanup 212M->212M(754M) 0.171ms
[142.346s][info][gc,cpu         ] GC(418) User=0.00s Sys=0.00s Real=0.00s
[142.346s][info][gc,marking     ] GC(418) Concurrent Clear Claimed Marks
[142.346s][info][gc,marking     ] GC(418) Concurrent Clear Claimed Marks 0.089ms
[142.346s][info][gc,marking     ] GC(418) Concurrent Cleanup for Next Mark
[142.347s][info][gc,marking     ] GC(418) Concurrent Cleanup for Next Mark 0.491ms
[142.347s][info][gc             ] GC(418) Concurrent Mark Cycle 58.354ms
[142.530s][info][gc,start       ] GC(419) Pause Young (Prepare Mixed) (G1 Evacuation Pause)
[142.530s][info][gc,task        ] GC(419) Using 20 workers of 33 for evacuation
[142.562s][info][gc,phases      ] GC(419)   Pre Evacuate Collection Set: 0.2ms
[142.562s][info][gc,phases      ] GC(419)   Merge Heap Roots: 0.3ms
[142.562s][info][gc,phases      ] GC(419)   Evacuate Collection Set: 30.9ms
[142.562s][info][gc,phases      ] GC(419)   Post Evacuate Collection Set: 0.5ms
[142.562s][info][gc,phases      ] GC(419)   Other: 0.2ms
[142.562s][info][gc,heap        ] GC(419) Eden regions: 221->0(161)
[142.562s][info][gc,heap        ] GC(419) Survivor regions: 5->29(29)
[142.562s][info][gc,heap        ] GC(419) Old regions: 87->105
[142.562s][info][gc,heap        ] GC(419) Archive regions: 0->0
[142.562s][info][gc,heap        ] GC(419) Humongous regions: 22->19
[142.562s][info][gc,metaspace   ] GC(419) Metaspace: 68301K(69312K)->68301K(69312K) NonClass: 59862K(60352K)->59862K(60352K) Class: 8438K(8960K)->8438K(8960K)
[142.562s][info][gc             ] GC(419) Pause Young (Prepare Mixed) (G1 Evacuation Pause) 637M->273M(764M) 32.418ms
[142.562s][info][gc,cpu         ] GC(419) User=0.63s Sys=0.00s Real=0.03s
[142.722s][info][gc,start       ] GC(420) Pause Young (Mixed) (G1 Evacuation Pause)
[142.722s][info][gc,task        ] GC(420) Using 19 workers of 33 for evacuation
[142.756s][info][gc,phases      ] GC(420)   Pre Evacuate Collection Set: 0.2ms
[142.756s][info][gc,phases      ] GC(420)   Merge Heap Roots: 0.3ms
[142.756s][info][gc,phases      ] GC(420)   Evacuate Collection Set: 32.6ms
[142.756s][info][gc,phases      ] GC(420)   Post Evacuate Collection Set: 0.4ms
[142.756s][info][gc,phases      ] GC(420)   Other: 0.2ms
[142.756s][info][gc,heap        ] GC(420) Eden regions: 161->0(151)
[142.756s][info][gc,heap        ] GC(420) Survivor regions: 29->17(24)
[142.756s][info][gc,heap        ] GC(420) Old regions: 105->131
[142.756s][info][gc,heap        ] GC(420) Archive regions: 0->0
[142.756s][info][gc,heap        ] GC(420) Humongous regions: 27->27
[142.756s][info][gc,metaspace   ] GC(420) Metaspace: 68301K(69312K)->68301K(69312K) NonClass: 59862K(60352K)->59862K(60352K) Class: 8438K(8960K)->8438K(8960K)
[142.756s][info][gc             ] GC(420) Pause Young (Mixed) (G1 Evacuation Pause) 611M->326M(764M) 34.077ms
[142.756s][info][gc,cpu         ] GC(420) User=0.59s Sys=0.00s Real=0.03s
[142.760s][info][gc,start       ] GC(421) Pause Young (Concurrent Start) (G1 Humongous Allocation)
[142.760s][info][gc,task        ] GC(421) Using 18 workers of 33 for evacuation
[142.769s][info][gc,phases      ] GC(421)   Pre Evacuate Collection Set: 0.2ms
[142.769s][info][gc,phases      ] GC(421)   Merge Heap Roots: 0.1ms
[142.769s][info][gc,phases      ] GC(421)   Evacuate Collection Set: 8.4ms
[142.769s][info][gc,phases      ] GC(421)   Post Evacuate Collection Set: 0.3ms
[142.769s][info][gc,phases      ] GC(421)   Other: 0.1ms
[142.769s][info][gc,heap        ] GC(421) Eden regions: 4->0(149)
[142.769s][info][gc,heap        ] GC(421) Survivor regions: 17->3(21)
[142.769s][info][gc,heap        ] GC(421) Old regions: 131->149
[142.769s][info][gc,heap        ] GC(421) Archive regions: 0->0
[142.769s][info][gc,heap        ] GC(421) Humongous regions: 27->27
[142.769s][info][gc,metaspace   ] GC(421) Metaspace: 68301K(69312K)->68301K(69312K) NonClass: 59862K(60352K)->59862K(60352K) Class: 8438K(8960K)->8438K(8960K)
[142.769s][info][gc             ] GC(421) Pause Young (Concurrent Start) (G1 Humongous Allocation) 334M->333M(764M) 9.348ms
[142.769s][info][gc             ] GC(422) Concurrent Mark Cycle
[142.769s][info][gc,cpu         ] GC(421) User=0.00s Sys=0.00s Real=0.00s
[142.769s][info][gc,marking     ] GC(422) Concurrent Scan Root Regions
[142.773s][info][gc,marking     ] GC(422) Concurrent Scan Root Regions 4.174ms
[142.773s][info][gc,marking     ] GC(422) Concurrent Mark
[142.773s][info][gc,marking     ] GC(422) Concurrent Mark From Roots
[142.773s][info][gc,task        ] GC(422) Using 8 workers of 8 for marking
[142.831s][info][gc,marking     ] GC(422) Concurrent Mark From Roots 57.623ms
[142.831s][info][gc,marking     ] GC(422) Concurrent Preclean
[142.831s][info][gc,marking     ] GC(422) Concurrent Preclean 0.146ms
[142.831s][info][gc,start       ] GC(422) Pause Remark
[142.833s][info][gc             ] GC(422) Pause Remark 448M->432M(764M) 1.922ms
[142.833s][info][gc,cpu         ] GC(422) User=0.00s Sys=0.00s Real=0.00s
[142.833s][info][gc,marking     ] GC(422) Concurrent Mark 60.027ms
[142.833s][info][gc,marking     ] GC(422) Concurrent Rebuild Remembered Sets and Scrub Regions
[142.875s][info][gc,marking     ] GC(422) Concurrent Rebuild Remembered Sets and Scrub Regions 41.968ms
[142.876s][info][gc,start       ] GC(422) Pause Cleanup
[142.876s][info][gc             ] GC(422) Pause Cleanup 503M->503M(764M) 0.246ms
[142.876s][info][gc,cpu         ] GC(422) User=0.00s Sys=0.00s Real=0.00s
[142.876s][info][gc,marking     ] GC(422) Concurrent Clear Claimed Marks
[142.876s][info][gc,marking     ] GC(422) Concurrent Clear Claimed Marks 0.128ms
[142.876s][info][gc,marking     ] GC(422) Concurrent Cleanup for Next Mark
[142.877s][info][gc,marking     ] GC(422) Concurrent Cleanup for Next Mark 0.524ms
[142.877s][info][gc             ] GC(422) Concurrent Mark Cycle 107.560ms
[142.941s][info][gc,start       ] GC(423) Pause Young (Prepare Mixed) (G1 Evacuation Pause)
[142.941s][info][gc,task        ] GC(423) Using 18 workers of 33 for evacuation
[142.962s][info][gc,phases      ] GC(423)   Pre Evacuate Collection Set: 0.2ms
[142.962s][info][gc,phases      ] GC(423)   Merge Heap Roots: 0.7ms
[142.962s][info][gc,phases      ] GC(423)   Evacuate Collection Set: 18.9ms
[142.962s][info][gc,phases      ] GC(423)   Post Evacuate Collection Set: 0.5ms
[142.962s][info][gc,phases      ] GC(423)   Other: 0.2ms
[142.962s][info][gc,heap        ] GC(423) Eden regions: 149->0(144)
[142.962s][info][gc,heap        ] GC(423) Survivor regions: 3->13(19)
[142.962s][info][gc,heap        ] GC(423) Old regions: 149->149
[142.962s][info][gc,heap        ] GC(423) Archive regions: 0->0
[142.962s][info][gc,heap        ] GC(423) Humongous regions: 31->31
[142.962s][info][gc,metaspace   ] GC(423) Metaspace: 68301K(69312K)->68301K(69312K) NonClass: 59862K(60352K)->59862K(60352K) Class: 8438K(8960K)->8438K(8960K)
[142.962s][info][gc             ] GC(423) Pause Young (Prepare Mixed) (G1 Evacuation Pause) 639M->361M(764M) 20.918ms
[142.962s][info][gc,cpu         ] GC(423) User=0.28s Sys=0.42s Real=0.03s
[143.101s][info][gc,start       ] GC(424) Pause Young (Mixed) (G1 Evacuation Pause)
[143.101s][info][gc,task        ] GC(424) Using 18 workers of 33 for evacuation
[143.129s][info][gc,phases      ] GC(424)   Pre Evacuate Collection Set: 0.2ms
[143.129s][info][gc,phases      ] GC(424)   Merge Heap Roots: 0.2ms
[143.129s][info][gc,phases      ] GC(424)   Evacuate Collection Set: 26.4ms
[143.129s][info][gc,phases      ] GC(424)   Post Evacuate Collection Set: 0.4ms
[143.129s][info][gc,phases      ] GC(424)   Other: 0.2ms
[143.129s][info][gc,heap        ] GC(424) Eden regions: 144->0(143)
[143.129s][info][gc,heap        ] GC(424) Survivor regions: 13->12(20)
[143.129s][info][gc,heap        ] GC(424) Old regions: 149->156
[143.129s][info][gc,heap        ] GC(424) Archive regions: 0->0
[143.129s][info][gc,heap        ] GC(424) Humongous regions: 31->31
[143.129s][info][gc,metaspace   ] GC(424) Metaspace: 68301K(69312K)->68301K(69312K) NonClass: 59862K(60352K)->59862K(60352K) Class: 8438K(8960K)->8438K(8960K)
[143.129s][info][gc             ] GC(424) Pause Young (Mixed) (G1 Evacuation Pause) 649M->380M(764M) 27.939ms
[143.129s][info][gc,cpu         ] GC(424) User=0.56s Sys=0.00s Real=0.03s
[143.272s][info][gc,start       ] GC(425) Pause Young (Concurrent Start) (G1 Evacuation Pause)
[143.272s][info][gc,task        ] GC(425) Using 18 workers of 33 for evacuation
[143.299s][info][gc,phases      ] GC(425)   Pre Evacuate Collection Set: 0.4ms
[143.299s][info][gc,phases      ] GC(425)   Merge Heap Roots: 0.2ms
[143.299s][info][gc,phases      ] GC(425)   Evacuate Collection Set: 21.9ms
[143.299s][info][gc,phases      ] GC(425)   Post Evacuate Collection Set: 4.1ms
[143.299s][info][gc,phases      ] GC(425)   Other: 0.1ms
[143.299s][info][gc,heap        ] GC(425) Eden regions: 143->0(463)
[143.299s][info][gc,heap        ] GC(425) Survivor regions: 12->11(20)
[143.299s][info][gc,heap        ] GC(425) Old regions: 156->165
[143.299s][info][gc,heap        ] GC(425) Archive regions: 0->0
[143.299s][info][gc,heap        ] GC(425) Humongous regions: 31->31
[143.299s][info][gc,metaspace   ] GC(425) Metaspace: 68301K(69312K)->68301K(69312K) NonClass: 59862K(60352K)->59862K(60352K) Class: 8438K(8960K)->8438K(8960K)
[143.299s][info][gc             ] GC(425) Pause Young (Concurrent Start) (G1 Evacuation Pause) 666M->397M(1590M) 26.976ms
[143.299s][info][gc             ] GC(426) Concurrent Mark Cycle
[143.299s][info][gc,cpu         ] GC(425) User=0.28s Sys=0.02s Real=0.02s
[143.299s][info][gc,marking     ] GC(426) Concurrent Scan Root Regions
[143.303s][info][gc,marking     ] GC(426) Concurrent Scan Root Regions 4.063ms
[143.303s][info][gc,marking     ] GC(426) Concurrent Mark
[143.303s][info][gc,marking     ] GC(426) Concurrent Mark From Roots
[143.303s][info][gc,task        ] GC(426) Using 8 workers of 8 for marking
[143.380s][info][gc,marking     ] GC(426) Concurrent Mark From Roots 76.856ms
[143.380s][info][gc,marking     ] GC(426) Concurrent Preclean
[143.381s][info][gc,marking     ] GC(426) Concurrent Preclean 0.138ms
[143.381s][info][gc,start       ] GC(426) Pause Remark
[143.383s][info][gc             ] GC(426) Pause Remark 454M->438M(1520M) 2.016ms
[143.383s][info][gc,cpu         ] GC(426) User=0.00s Sys=0.00s Real=0.00s
[143.383s][info][gc,marking     ] GC(426) Concurrent Mark 79.339ms
[143.383s][info][gc,marking     ] GC(426) Concurrent Rebuild Remembered Sets and Scrub Regions
[143.429s][info][gc,marking     ] GC(426) Concurrent Rebuild Remembered Sets and Scrub Regions 46.077ms
[143.429s][info][gc,start       ] GC(426) Pause Cleanup
[143.429s][info][gc             ] GC(426) Pause Cleanup 439M->439M(1520M) 0.317ms
[143.429s][info][gc,cpu         ] GC(426) User=0.00s Sys=0.00s Real=0.00s
[143.429s][info][gc,marking     ] GC(426) Concurrent Clear Claimed Marks
[143.430s][info][gc,marking     ] GC(426) Concurrent Clear Claimed Marks 0.119ms
[143.430s][info][gc,marking     ] GC(426) Concurrent Cleanup for Next Mark
[143.433s][info][gc,marking     ] GC(426) Concurrent Cleanup for Next Mark 3.431ms
[143.433s][info][gc             ] GC(426) Concurrent Mark Cycle 133.826ms
[144.544s][info][gc,start       ] GC(427) Pause Young (Prepare Mixed) (G1 Evacuation Pause)
[144.544s][info][gc,task        ] GC(427) Using 33 workers of 33 for evacuation
[144.604s][info][gc,phases      ] GC(427)   Pre Evacuate Collection Set: 0.3ms
[144.604s][info][gc,phases      ] GC(427)   Merge Heap Roots: 1.0ms
[144.604s][info][gc,phases      ] GC(427)   Evacuate Collection Set: 57.2ms
[144.604s][info][gc,phases      ] GC(427)   Post Evacuate Collection Set: 0.9ms
[144.604s][info][gc,phases      ] GC(427)   Other: 0.2ms
[144.604s][info][gc,heap        ] GC(427) Eden regions: 445->0(341)
[144.604s][info][gc,heap        ] GC(427) Survivor regions: 11->57(57)
[144.604s][info][gc,heap        ] GC(427) Old regions: 165->189
[144.604s][info][gc,heap        ] GC(427) Archive regions: 0->0
[144.604s][info][gc,heap        ] GC(427) Humongous regions: 70->67
[144.604s][info][gc,metaspace   ] GC(427) Metaspace: 68319K(69312K)->68319K(69312K) NonClass: 59880K(60352K)->59880K(60352K) Class: 8438K(8960K)->8438K(8960K)
[144.604s][info][gc             ] GC(427) Pause Young (Prepare Mixed) (G1 Evacuation Pause) 1365M->609M(1544M) 59.961ms
[144.604s][info][gc,cpu         ] GC(427) User=1.56s Sys=0.00s Real=0.06s
[144.961s][info][gc,start       ] GC(428) Pause Young (Mixed) (G1 Evacuation Pause)
[144.961s][info][gc,task        ] GC(428) Using 33 workers of 33 for evacuation
[145.012s][info][gc,phases      ] GC(428)   Pre Evacuate Collection Set: 0.3ms
[145.012s][info][gc,phases      ] GC(428)   Merge Heap Roots: 1.0ms
[145.012s][info][gc,phases      ] GC(428)   Evacuate Collection Set: 49.2ms
[145.013s][info][gc,phases      ] GC(428)   Post Evacuate Collection Set: 0.6ms
[145.013s][info][gc,phases      ] GC(428)   Other: 0.1ms
[145.013s][info][gc,heap        ] GC(428) Eden regions: 341->0(319)
[145.013s][info][gc,heap        ] GC(428) Survivor regions: 57->31(50)
[145.013s][info][gc,heap        ] GC(428) Old regions: 189->244
[145.013s][info][gc,heap        ] GC(428) Archive regions: 0->0
[145.013s][info][gc,heap        ] GC(428) Humongous regions: 79->79
[145.013s][info][gc,metaspace   ] GC(428) Metaspace: 68319K(69312K)->68319K(69312K) NonClass: 59880K(60352K)->59880K(60352K) Class: 8438K(8960K)->8438K(8960K)
[145.013s][info][gc             ] GC(428) Pause Young (Mixed) (G1 Evacuation Pause) 1315M->695M(1544M) 51.566ms
[145.013s][info][gc,cpu         ] GC(428) User=1.55s Sys=0.00s Real=0.05s
[145.295s][info][gc,start       ] GC(429) Pause Young (Concurrent Start) (G1 Humongous Allocation)
[145.295s][info][gc,task        ] GC(429) Using 33 workers of 33 for evacuation
[145.324s][info][gc,phases      ] GC(429)   Pre Evacuate Collection Set: 0.4ms
[145.324s][info][gc,phases      ] GC(429)   Merge Heap Roots: 0.3ms
[145.324s][info][gc,phases      ] GC(429)   Evacuate Collection Set: 27.0ms
[145.324s][info][gc,phases      ] GC(429)   Post Evacuate Collection Set: 0.6ms
[145.324s][info][gc,phases      ] GC(429)   Other: 0.2ms
[145.324s][info][gc,heap        ] GC(429) Eden regions: 136->0(319)
[145.324s][info][gc,heap        ] GC(429) Survivor regions: 31->14(44)
[145.324s][info][gc,heap        ] GC(429) Old regions: 244->271
[145.324s][info][gc,heap        ] GC(429) Archive regions: 0->0
[145.324s][info][gc,heap        ] GC(429) Humongous regions: 79->79
[145.324s][info][gc,metaspace   ] GC(429) Metaspace: 68319K(69312K)->68319K(69312K) NonClass: 59880K(60352K)->59880K(60352K) Class: 8438K(8960K)->8438K(8960K)
[145.324s][info][gc             ] GC(429) Pause Young (Concurrent Start) (G1 Humongous Allocation) 966M->714M(1544M) 28.837ms
[145.324s][info][gc             ] GC(430) Concurrent Mark Cycle
[145.324s][info][gc,cpu         ] GC(429) User=1.03s Sys=0.00s Real=0.03s
[145.324s][info][gc,marking     ] GC(430) Concurrent Scan Root Regions
[145.334s][info][gc,marking     ] GC(430) Concurrent Scan Root Regions 9.735ms
[145.334s][info][gc,marking     ] GC(430) Concurrent Mark
[145.334s][info][gc,marking     ] GC(430) Concurrent Mark From Roots
[145.334s][info][gc,task        ] GC(430) Using 8 workers of 8 for marking
[145.380s][info][gc,marking     ] GC(430) Concurrent Mark From Roots 45.932ms
[145.380s][info][gc,marking     ] GC(430) Concurrent Preclean
[145.380s][info][gc,marking     ] GC(430) Concurrent Preclean 0.130ms
[145.380s][info][gc,start       ] GC(430) Pause Remark
[145.383s][info][gc             ] GC(430) Pause Remark 722M->387M(1340M) 2.683ms
[145.383s][info][gc,cpu         ] GC(430) User=0.00s Sys=0.00s Real=0.00s
[145.383s][info][gc,marking     ] GC(430) Concurrent Mark 49.083ms
[145.383s][info][gc,marking     ] GC(430) Concurrent Rebuild Remembered Sets and Scrub Regions
[145.430s][info][gc,marking     ] GC(430) Concurrent Rebuild Remembered Sets and Scrub Regions 47.066ms
[145.430s][info][gc,start       ] GC(430) Pause Cleanup
[145.431s][info][gc             ] GC(430) Pause Cleanup 389M->389M(1340M) 0.492ms
[145.431s][info][gc,cpu         ] GC(430) User=0.00s Sys=0.00s Real=0.00s
[145.431s][info][gc,marking     ] GC(430) Concurrent Clear Claimed Marks
[145.431s][info][gc,marking     ] GC(430) Concurrent Clear Claimed Marks 0.123ms
[145.431s][info][gc,marking     ] GC(430) Concurrent Cleanup for Next Mark
[145.432s][info][gc,marking     ] GC(430) Concurrent Cleanup for Next Mark 0.959ms
[145.432s][info][gc             ] GC(430) Concurrent Mark Cycle 108.142ms
[146.401s][info][gc,start       ] GC(431) Pause Young (Prepare Mixed) (G1 Evacuation Pause)
[146.401s][info][gc,task        ] GC(431) Using 32 workers of 33 for evacuation
[146.452s][info][gc,phases      ] GC(431)   Pre Evacuate Collection Set: 0.2ms
[146.452s][info][gc,phases      ] GC(431)   Merge Heap Roots: 1.1ms
[146.452s][info][gc,phases      ] GC(431)   Evacuate Collection Set: 48.8ms
[146.452s][info][gc,phases      ] GC(431)   Post Evacuate Collection Set: 0.8ms
[146.452s][info][gc,phases      ] GC(431)   Other: 0.1ms
[146.452s][info][gc,heap        ] GC(431) Eden regions: 319->0(294)
[146.452s][info][gc,heap        ] GC(431) Survivor regions: 14->42(42)
[146.452s][info][gc,heap        ] GC(431) Old regions: 167->179
[146.452s][info][gc,heap        ] GC(431) Archive regions: 0->0
[146.452s][info][gc,heap        ] GC(431) Humongous regions: 68->59
[146.452s][info][gc,metaspace   ] GC(431) Metaspace: 68341K(69376K)->68341K(69376K) NonClass: 59903K(60416K)->59903K(60416K) Class: 8438K(8960K)->8438K(8960K)
[146.452s][info][gc             ] GC(431) Pause Young (Prepare Mixed) (G1 Evacuation Pause) 1123M->548M(1340M) 51.346ms
[146.452s][info][gc,cpu         ] GC(431) User=1.50s Sys=0.00s Real=0.05s
[146.996s][info][gc,start       ] GC(432) Pause Young (Mixed) (G1 Evacuation Pause)
[146.996s][info][gc,task        ] GC(432) Using 32 workers of 33 for evacuation
[147.044s][info][gc,phases      ] GC(432)   Pre Evacuate Collection Set: 0.3ms
[147.044s][info][gc,phases      ] GC(432)   Merge Heap Roots: 0.6ms
[147.044s][info][gc,phases      ] GC(432)   Evacuate Collection Set: 45.6ms
[147.044s][info][gc,phases      ] GC(432)   Post Evacuate Collection Set: 0.7ms
[147.044s][info][gc,phases      ] GC(432)   Other: 0.2ms
[147.044s][info][gc,heap        ] GC(432) Eden regions: 294->0(283)
[147.044s][info][gc,heap        ] GC(432) Survivor regions: 42->32(42)
[147.044s][info][gc,heap        ] GC(432) Old regions: 179->201
[147.044s][info][gc,heap        ] GC(432) Archive regions: 0->0
[147.044s][info][gc,heap        ] GC(432) Humongous regions: 66->63
[147.044s][info][gc,metaspace   ] GC(432) Metaspace: 68343K(69376K)->68343K(69376K) NonClass: 59904K(60416K)->59904K(60416K) Class: 8438K(8960K)->8438K(8960K)
[147.044s][info][gc             ] GC(432) Pause Young (Mixed) (G1 Evacuation Pause) 1150M->579M(1340M) 47.702ms
[147.044s][info][gc,cpu         ] GC(432) User=1.50s Sys=0.00s Real=0.05s
[147.055s][info][gc,start       ] GC(433) Pause Young (Concurrent Start) (G1 Humongous Allocation)
[147.055s][info][gc,task        ] GC(433) Using 32 workers of 33 for evacuation
[147.067s][info][gc,phases      ] GC(433)   Pre Evacuate Collection Set: 0.3ms
[147.067s][info][gc,phases      ] GC(433)   Merge Heap Roots: 0.2ms
[147.067s][info][gc,phases      ] GC(433)   Evacuate Collection Set: 11.6ms
[147.067s][info][gc,phases      ] GC(433)   Post Evacuate Collection Set: 0.5ms
[147.067s][info][gc,phases      ] GC(433)   Other: 0.1ms
[147.068s][info][gc,heap        ] GC(433) Eden regions: 16->0(269)
[147.068s][info][gc,heap        ] GC(433) Survivor regions: 32->7(40)
[147.068s][info][gc,heap        ] GC(433) Old regions: 201->233
[147.068s][info][gc,heap        ] GC(433) Archive regions: 0->0
[147.068s][info][gc,heap        ] GC(433) Humongous regions: 63->63
[147.068s][info][gc,metaspace   ] GC(433) Metaspace: 68343K(69376K)->68343K(69376K) NonClass: 59904K(60416K)->59904K(60416K) Class: 8438K(8960K)->8438K(8960K)
[147.068s][info][gc             ] GC(433) Pause Young (Concurrent Start) (G1 Humongous Allocation) 610M->594M(1340M) 12.939ms
[147.068s][info][gc             ] GC(434) Concurrent Mark Cycle
[147.068s][info][gc,cpu         ] GC(433) User=0.50s Sys=0.00s Real=0.01s
[147.068s][info][gc,marking     ] GC(434) Concurrent Scan Root Regions
[147.073s][info][gc,marking     ] GC(434) Concurrent Scan Root Regions 5.316ms
[147.073s][info][gc,marking     ] GC(434) Concurrent Mark
[147.073s][info][gc,marking     ] GC(434) Concurrent Mark From Roots
[147.073s][info][gc,task        ] GC(434) Using 8 workers of 8 for marking
[147.103s][info][gc,marking     ] GC(434) Concurrent Mark From Roots 29.471ms
[147.103s][info][gc,marking     ] GC(434) Concurrent Preclean
[147.103s][info][gc,marking     ] GC(434) Concurrent Preclean 0.085ms
[147.103s][info][gc,start       ] GC(434) Pause Remark
[147.106s][info][gc             ] GC(434) Pause Remark 681M->386M(1328M) 2.829ms
[147.106s][info][gc,cpu         ] GC(434) User=0.13s Sys=0.00s Real=0.01s
[147.106s][info][gc,marking     ] GC(434) Concurrent Mark 32.729ms
[147.106s][info][gc,marking     ] GC(434) Concurrent Rebuild Remembered Sets and Scrub Regions
[147.124s][info][gc,marking     ] GC(434) Concurrent Rebuild Remembered Sets and Scrub Regions 18.532ms
[147.125s][info][gc,start       ] GC(434) Pause Cleanup
[147.125s][info][gc             ] GC(434) Pause Cleanup 405M->405M(1328M) 0.288ms
[147.125s][info][gc,cpu         ] GC(434) User=0.00s Sys=0.00s Real=0.00s
[147.125s][info][gc,marking     ] GC(434) Concurrent Clear Claimed Marks
[147.125s][info][gc,marking     ] GC(434) Concurrent Clear Claimed Marks 0.099ms
[147.125s][info][gc,marking     ] GC(434) Concurrent Cleanup for Next Mark
[147.126s][info][gc,marking     ] GC(434) Concurrent Cleanup for Next Mark 0.888ms
[147.126s][info][gc             ] GC(434) Concurrent Mark Cycle 58.300ms
[147.851s][info][gc,start       ] GC(435) Pause Young (Prepare Mixed) (G1 Evacuation Pause)
[147.851s][info][gc,task        ] GC(435) Using 31 workers of 33 for evacuation
[147.893s][info][gc,phases      ] GC(435)   Pre Evacuate Collection Set: 0.3ms
[147.893s][info][gc,phases      ] GC(435)   Merge Heap Roots: 0.8ms
[147.893s][info][gc,phases      ] GC(435)   Evacuate Collection Set: 40.0ms
[147.893s][info][gc,phases      ] GC(435)   Post Evacuate Collection Set: 0.7ms
[147.893s][info][gc,phases      ] GC(435)   Other: 0.1ms
[147.893s][info][gc,heap        ] GC(435) Eden regions: 269->0(309)
[147.893s][info][gc,heap        ] GC(435) Survivor regions: 7->35(35)
[147.893s][info][gc,heap        ] GC(435) Old regions: 141->151
[147.893s][info][gc,heap        ] GC(435) Archive regions: 0->0
[147.893s][info][gc,heap        ] GC(435) Humongous regions: 161->52
[147.893s][info][gc,metaspace   ] GC(435) Metaspace: 68370K(69376K)->68370K(69376K) NonClass: 59931K(60416K)->59931K(60416K) Class: 8438K(8960K)->8438K(8960K)
[147.893s][info][gc             ] GC(435) Pause Young (Prepare Mixed) (G1 Evacuation Pause) 1145M->465M(1328M) 42.241ms
[147.893s][info][gc,cpu         ] GC(435) User=1.45s Sys=0.00s Real=0.05s
[148.431s][info][gc,heap,exit   ] Heap
[148.432s][info][gc,heap,exit   ]  garbage-first heap   total 1359872K, used 1035401K [0x0000000700000000, 0x0000000800000000)
[148.432s][info][gc,heap,exit   ]   region size 2048K, 306 young (626688K), 35 survivors (71680K)
[148.432s][info][gc,heap,exit   ]  Metaspace       used 68763K, committed 69760K, reserved 1114112K
[148.432s][info][gc,heap,exit   ]   class space    used 8519K, committed 9024K, reserved 1048576K
