[0.015s][info][gc,init] CardTable entry size: 512
[0.015s][info][gc     ] Using Parallel
[0.025s][info][gc,init] Version: 20+36-2344 (release)
[0.026s][info][gc,init] CPUs: 48 total, 48 available
[0.026s][info][gc,init] Memory: 382G
[0.026s][info][gc,init] Large Page Support: Disabled
[0.026s][info][gc,init] NUMA Support: Disabled
[0.026s][info][gc,init] Compressed Oops: Enabled (32-bit)
[0.026s][info][gc,init] Alignments: Space 512K, Generation 512K, Heap 2M
[0.026s][info][gc,init] Heap Min Capacity: 8M
[0.026s][info][gc,init] Heap Initial Capacity: 2G
[0.043s][info][gc,init] Heap Max Capacity: 2G
[0.043s][info][gc,init] Pre-touch: Disabled
[0.043s][info][gc,init] Parallel Workers: 33
[0.045s][info][gc,metaspace] CDS archive(s) mapped at: [0x0000000800000000-0x0000000800c60000-0x0000000800c60000), size 12976128, SharedBaseAddress: 0x0000000800000000, ArchiveRelocationMode: 0.
[0.045s][info][gc,metaspace] Compressed class space mapped at: 0x0000000801000000-0x0000000841000000, reserved size: 1073741824
[0.045s][info][gc,metaspace] Narrow klass base: 0x0000000800000000, Narrow klass shift: 0, Narrow klass range: 0x100000000
[9.637s][info][gc,start    ] GC(0) Pause Young (Metadata GC Threshold)
[9.655s][info][gc,heap     ] GC(0) PSYoungGen: 220664K(611840K)->18677K(611840K) Eden: 220664K(524800K)->0K(524800K) From: 0K(87040K)->18677K(87040K)
[9.655s][info][gc,heap     ] GC(0) ParOldGen: 0K(1398272K)->24K(1398272K)
[9.655s][info][gc,metaspace] GC(0) Metaspace: 21274K(21504K)->21274K(21504K) NonClass: 18552K(18688K)->18552K(18688K) Class: 2721K(2816K)->2721K(2816K)
[9.655s][info][gc          ] GC(0) Pause Young (Metadata GC Threshold) 215M->18M(1963M) 17.714ms
[9.655s][info][gc,cpu      ] GC(0) User=0.09s Sys=0.41s Real=0.02s
[9.655s][info][gc,start    ] GC(1) Pause Full (Metadata GC Threshold)
[9.655s][info][gc,phases,start] GC(1) Marking Phase
[9.668s][info][gc,phases      ] GC(1) Marking Phase 13.474ms
[9.668s][info][gc,phases,start] GC(1) Summary Phase
[9.668s][info][gc,phases      ] GC(1) Summary Phase 0.013ms
[9.668s][info][gc,phases,start] GC(1) Adjust Roots
[9.673s][info][gc,phases      ] GC(1) Adjust Roots 4.236ms
[9.673s][info][gc,phases,start] GC(1) Compaction Phase
[9.686s][info][gc,phases      ] GC(1) Compaction Phase 13.498ms
[9.686s][info][gc,phases,start] GC(1) Post Compact
[9.688s][info][gc,phases      ] GC(1) Post Compact 1.942ms
[9.688s][info][gc,heap        ] GC(1) PSYoungGen: 18677K(611840K)->0K(611840K) Eden: 0K(524800K)->0K(524800K) From: 18677K(87040K)->0K(87040K)
[9.688s][info][gc,heap        ] GC(1) ParOldGen: 24K(1398272K)->18046K(1398272K)
[9.688s][info][gc,metaspace   ] GC(1) Metaspace: 21274K(21504K)->21274K(21504K) NonClass: 18552K(18688K)->18552K(18688K) Class: 2721K(2816K)->2721K(2816K)
[9.688s][info][gc             ] GC(1) Pause Full (Metadata GC Threshold) 18M->17M(1963M) 33.352ms
[9.688s][info][gc,cpu         ] GC(1) User=0.55s Sys=0.00s Real=0.05s
[10.691s][info][gc,start       ] GC(2) Pause Young (Metadata GC Threshold)
[10.698s][info][gc,heap        ] GC(2) PSYoungGen: 201262K(611840K)->5390K(611840K) Eden: 201262K(524800K)->0K(524800K) From: 0K(87040K)->5390K(87040K)
[10.698s][info][gc,heap        ] GC(2) ParOldGen: 18046K(1398272K)->18054K(1398272K)
[10.699s][info][gc,metaspace   ] GC(2) Metaspace: 35454K(35840K)->35454K(35840K) NonClass: 30972K(31168K)->30972K(31168K) Class: 4482K(4672K)->4482K(4672K)
[10.699s][info][gc             ] GC(2) Pause Young (Metadata GC Threshold) 214M->22M(1963M) 7.750ms
[10.699s][info][gc,cpu         ] GC(2) User=0.00s Sys=0.00s Real=0.00s
[10.699s][info][gc,start       ] GC(3) Pause Full (Metadata GC Threshold)
[10.699s][info][gc,phases,start] GC(3) Marking Phase
[10.717s][info][gc,phases      ] GC(3) Marking Phase 17.914ms
[10.717s][info][gc,phases,start] GC(3) Summary Phase
[10.717s][info][gc,phases      ] GC(3) Summary Phase 0.018ms
[10.717s][info][gc,phases,start] GC(3) Adjust Roots
[10.721s][info][gc,phases      ] GC(3) Adjust Roots 3.862ms
[10.721s][info][gc,phases,start] GC(3) Compaction Phase
[10.736s][info][gc,phases      ] GC(3) Compaction Phase 15.393ms
[10.736s][info][gc,phases,start] GC(3) Post Compact
[10.737s][info][gc,phases      ] GC(3) Post Compact 0.982ms
[10.737s][info][gc,heap        ] GC(3) PSYoungGen: 5390K(611840K)->0K(611840K) Eden: 0K(524800K)->0K(524800K) From: 5390K(87040K)->0K(87040K)
[10.737s][info][gc,heap        ] GC(3) ParOldGen: 18054K(1398272K)->22668K(1398272K)
[10.737s][info][gc,metaspace   ] GC(3) Metaspace: 35454K(35840K)->35454K(35840K) NonClass: 30972K(31168K)->30972K(31168K) Class: 4482K(4672K)->4482K(4672K)
[10.737s][info][gc             ] GC(3) Pause Full (Metadata GC Threshold) 22M->22M(1963M) 38.483ms
[10.737s][info][gc,cpu         ] GC(3) User=0.77s Sys=0.02s Real=0.05s
[11.864s][info][gc,start       ] GC(4) Pause Young (Allocation Failure)
[15.891s][info][gc,heap        ] GC(4) PSYoungGen: 524800K(611840K)->87024K(611840K) Eden: 524800K(524800K)->0K(524800K) From: 0K(87040K)->87024K(87040K)
[15.891s][info][gc,heap        ] GC(4) ParOldGen: 22668K(1398272K)->340764K(1398272K)
[15.891s][info][gc,metaspace   ] GC(4) Metaspace: 42264K(42688K)->42264K(42688K) NonClass: 36955K(37184K)->36955K(37184K) Class: 5309K(5504K)->5309K(5504K)
[15.891s][info][gc             ] GC(4) Pause Young (Allocation Failure) 534M->417M(1963M) 4026.861ms
[15.891s][info][gc,cpu         ] GC(4) User=12.56s Sys=0.55s Real=4.03s
[17.434s][info][gc,start       ] GC(5) Pause Young (System.gc())
[19.276s][info][gc,heap        ] GC(5) PSYoungGen: 352515K(611840K)->87008K(611840K) Eden: 265491K(524800K)->0K(524800K) From: 87024K(87040K)->87008K(87040K)
[19.276s][info][gc,heap        ] GC(5) ParOldGen: 340764K(1398272K)->450172K(1398272K)
[19.276s][info][gc,metaspace   ] GC(5) Metaspace: 49984K(50496K)->49984K(50496K) NonClass: 43676K(43968K)->43676K(43968K) Class: 6308K(6528K)->6308K(6528K)
[19.276s][info][gc             ] GC(5) Pause Young (System.gc()) 677M->524M(1963M) 1841.948ms
[19.276s][info][gc,cpu         ] GC(5) User=5.83s Sys=0.23s Real=1.83s
[19.276s][info][gc,start       ] GC(6) Pause Full (System.gc())
[19.276s][info][gc,phases,start] GC(6) Marking Phase
[19.306s][info][gc,phases      ] GC(6) Marking Phase 29.554ms
[19.306s][info][gc,phases,start] GC(6) Summary Phase
[19.306s][info][gc,phases      ] GC(6) Summary Phase 0.034ms
[19.306s][info][gc,phases,start] GC(6) Adjust Roots
[19.314s][info][gc,phases      ] GC(6) Adjust Roots 7.995ms
[19.314s][info][gc,phases,start] GC(6) Compaction Phase
[19.329s][info][gc,phases      ] GC(6) Compaction Phase 15.388ms
[19.329s][info][gc,phases,start] GC(6) Post Compact
[19.339s][info][gc,phases      ] GC(6) Post Compact 9.906ms
[19.339s][info][gc,heap        ] GC(6) PSYoungGen: 87008K(611840K)->0K(611840K) Eden: 0K(524800K)->0K(524800K) From: 87008K(87040K)->0K(87040K)
[19.339s][info][gc,heap        ] GC(6) ParOldGen: 450172K(1398272K)->25865K(1398272K)
[19.339s][info][gc,metaspace   ] GC(6) Metaspace: 49984K(50496K)->49984K(50496K) NonClass: 43676K(43968K)->43676K(43968K) Class: 6308K(6528K)->6308K(6528K)
[19.339s][info][gc             ] GC(6) Pause Full (System.gc()) 524M->25M(1963M) 63.122ms
[19.339s][info][gc,cpu         ] GC(6) User=1.03s Sys=0.02s Real=0.06s
[20.330s][info][gc,start       ] GC(7) Pause Young (Allocation Failure)
[20.334s][info][gc,heap        ] GC(7) PSYoungGen: 524800K(611840K)->6459K(611840K) Eden: 524800K(524800K)->0K(524800K) From: 0K(87040K)->6459K(87040K)
[20.334s][info][gc,heap        ] GC(7) ParOldGen: 25865K(1398272K)->25873K(1398272K)
[20.334s][info][gc,metaspace   ] GC(7) Metaspace: 59021K(59904K)->59021K(59904K) NonClass: 51510K(51968K)->51510K(51968K) Class: 7511K(7936K)->7511K(7936K)
[20.334s][info][gc             ] GC(7) Pause Young (Allocation Failure) 537M->31M(1963M) 4.442ms
[20.334s][info][gc,cpu         ] GC(7) User=0.52s Sys=0.00s Real=0.02s
[20.481s][info][gc,start       ] GC(8) Pause Young (Allocation Failure)
[20.485s][info][gc,heap        ] GC(8) PSYoungGen: 531259K(611840K)->6395K(320000K) Eden: 524800K(524800K)->0K(232960K) From: 6459K(87040K)->6395K(87040K)
[20.485s][info][gc,heap        ] GC(8) ParOldGen: 25873K(1398272K)->25881K(1398272K)
[20.485s][info][gc,metaspace   ] GC(8) Metaspace: 59050K(59968K)->59050K(59968K) NonClass: 51539K(52032K)->51539K(52032K) Class: 7511K(7936K)->7511K(7936K)
[20.485s][info][gc             ] GC(8) Pause Young (Allocation Failure) 544M->31M(1678M) 4.163ms
[20.485s][info][gc,cpu         ] GC(8) User=0.00s Sys=0.00s Real=0.00s
[20.553s][info][gc,start       ] GC(9) Pause Young (Allocation Failure)
[20.557s][info][gc,heap        ] GC(9) PSYoungGen: 239355K(320000K)->6467K(465920K) Eden: 232960K(232960K)->0K(232960K) From: 6395K(87040K)->6467K(232960K)
[20.557s][info][gc,heap        ] GC(9) ParOldGen: 25881K(1398272K)->25889K(1398272K)
[20.557s][info][gc,metaspace   ] GC(9) Metaspace: 59050K(59968K)->59050K(59968K) NonClass: 51539K(52032K)->51539K(52032K) Class: 7511K(7936K)->7511K(7936K)
[20.557s][info][gc             ] GC(9) Pause Young (Allocation Failure) 259M->31M(1820M) 4.100ms
[20.557s][info][gc,cpu         ] GC(9) User=0.00s Sys=0.00s Real=0.00s
[20.625s][info][gc,start       ] GC(10) Pause Young (Allocation Failure)
[20.629s][info][gc,heap        ] GC(10) PSYoungGen: 239427K(465920K)->6275K(465920K) Eden: 232960K(232960K)->0K(232960K) From: 6467K(232960K)->6275K(232960K)
[20.629s][info][gc,heap        ] GC(10) ParOldGen: 25889K(1398272K)->25897K(1398272K)
[20.629s][info][gc,metaspace   ] GC(10) Metaspace: 59050K(59968K)->59050K(59968K) NonClass: 51539K(52032K)->51539K(52032K) Class: 7511K(7936K)->7511K(7936K)
[20.629s][info][gc             ] GC(10) Pause Young (Allocation Failure) 259M->31M(1820M) 4.378ms
[20.629s][info][gc,cpu         ] GC(10) User=0.02s Sys=0.00s Real=0.02s
[20.694s][info][gc,start       ] GC(11) Pause Young (Allocation Failure)
[20.699s][info][gc,heap        ] GC(11) PSYoungGen: 239235K(465920K)->512K(465920K) Eden: 232960K(232960K)->0K(232960K) From: 6275K(232960K)->512K(232960K)
[20.699s][info][gc,heap        ] GC(11) ParOldGen: 25897K(1398272K)->31925K(1398272K)
[20.699s][info][gc,metaspace   ] GC(11) Metaspace: 59050K(59968K)->59050K(59968K) NonClass: 51539K(52032K)->51539K(52032K) Class: 7511K(7936K)->7511K(7936K)
[20.699s][info][gc             ] GC(11) Pause Young (Allocation Failure) 258M->31M(1820M) 4.267ms
[20.699s][info][gc,cpu         ] GC(11) User=0.00s Sys=0.00s Real=0.00s
[20.799s][info][gc,start       ] GC(12) Pause Young (Allocation Failure)
[20.800s][info][gc,heap        ] GC(12) PSYoungGen: 233472K(465920K)->1056K(465920K) Eden: 232960K(232960K)->0K(232960K) From: 512K(232960K)->1056K(232960K)
[20.800s][info][gc,heap        ] GC(12) ParOldGen: 31925K(1398272K)->31973K(1398272K)
[20.800s][info][gc,metaspace   ] GC(12) Metaspace: 59223K(60160K)->59223K(60160K) NonClass: 51682K(52224K)->51682K(52224K) Class: 7541K(7936K)->7541K(7936K)
[20.800s][info][gc             ] GC(12) Pause Young (Allocation Failure) 259M->32M(1820M) 1.413ms
[20.800s][info][gc,cpu         ] GC(12) User=0.00s Sys=0.00s Real=0.00s
[20.883s][info][gc,start       ] GC(13) Pause Young (Allocation Failure)
[20.885s][info][gc,heap        ] GC(13) PSYoungGen: 234016K(465920K)->1024K(465920K) Eden: 232960K(232960K)->0K(232960K) From: 1056K(232960K)->1024K(232960K)
[20.885s][info][gc,heap        ] GC(13) ParOldGen: 31973K(1398272K)->32013K(1398272K)
[20.885s][info][gc,metaspace   ] GC(13) Metaspace: 59608K(60480K)->59608K(60480K) NonClass: 51985K(52480K)->51985K(52480K) Class: 7622K(8000K)->7622K(8000K)
[20.885s][info][gc             ] GC(13) Pause Young (Allocation Failure) 259M->32M(1820M) 1.232ms
[20.885s][info][gc,cpu         ] GC(13) User=0.00s Sys=0.00s Real=0.00s
[20.965s][info][gc,start       ] GC(14) Pause Young (Allocation Failure)
[20.966s][info][gc,heap        ] GC(14) PSYoungGen: 233984K(465920K)->224K(465920K) Eden: 232960K(232960K)->0K(232960K) From: 1024K(232960K)->224K(232960K)
[20.966s][info][gc,heap        ] GC(14) ParOldGen: 32013K(1398272K)->32317K(1398272K)
[20.966s][info][gc,metaspace   ] GC(14) Metaspace: 59608K(60480K)->59608K(60480K) NonClass: 51986K(52480K)->51986K(52480K) Class: 7622K(8000K)->7622K(8000K)
[20.966s][info][gc             ] GC(14) Pause Young (Allocation Failure) 259M->31M(1820M) 0.953ms
[20.966s][info][gc,cpu         ] GC(14) User=0.00s Sys=0.00s Real=0.00s
[21.050s][info][gc,start       ] GC(15) Pause Young (Allocation Failure)
[21.051s][info][gc,heap        ] GC(15) PSYoungGen: 233184K(465920K)->288K(465920K) Eden: 232960K(232960K)->0K(232960K) From: 224K(232960K)->288K(232960K)
[21.051s][info][gc,heap        ] GC(15) ParOldGen: 32317K(1398272K)->32429K(1398272K)
[21.051s][info][gc,metaspace   ] GC(15) Metaspace: 59608K(60480K)->59608K(60480K) NonClass: 51986K(52480K)->51986K(52480K) Class: 7622K(8000K)->7622K(8000K)
[21.051s][info][gc             ] GC(15) Pause Young (Allocation Failure) 259M->31M(1820M) 1.013ms
[21.051s][info][gc,cpu         ] GC(15) User=0.38s Sys=0.02s Real=0.02s
[21.132s][info][gc,start       ] GC(16) Pause Young (Allocation Failure)
[21.525s][info][gc,heap        ] GC(16) PSYoungGen: 233248K(465920K)->272K(465920K) Eden: 232960K(232960K)->0K(232960K) From: 288K(232960K)->272K(232960K)
[21.525s][info][gc,heap        ] GC(16) ParOldGen: 32429K(1398272K)->32445K(1398272K)
[21.525s][info][gc,metaspace   ] GC(16) Metaspace: 59609K(60480K)->59609K(60480K) NonClass: 51987K(52480K)->51987K(52480K) Class: 7622K(8000K)->7622K(8000K)
[21.525s][info][gc             ] GC(16) Pause Young (Allocation Failure) 259M->31M(1820M) 392.847ms
[21.525s][info][gc,cpu         ] GC(16) User=0.00s Sys=0.00s Real=0.38s
[21.620s][info][gc,start       ] GC(17) Pause Young (Allocation Failure)
[21.620s][info][gc,heap        ] GC(17) PSYoungGen: 233232K(465920K)->480K(465920K) Eden: 232960K(232960K)->0K(232960K) From: 272K(232960K)->480K(232960K)
[21.620s][info][gc,heap        ] GC(17) ParOldGen: 32445K(1398272K)->32445K(1398272K)
[21.620s][info][gc,metaspace   ] GC(17) Metaspace: 59610K(60480K)->59610K(60480K) NonClass: 51987K(52480K)->51987K(52480K) Class: 7622K(8000K)->7622K(8000K)
[21.620s][info][gc             ] GC(17) Pause Young (Allocation Failure) 259M->32M(1820M) 0.720ms
[21.620s][info][gc,cpu         ] GC(17) User=0.00s Sys=0.00s Real=0.00s
[21.706s][info][gc,start       ] GC(18) Pause Young (Allocation Failure)
[21.707s][info][gc,heap        ] GC(18) PSYoungGen: 233440K(465920K)->320K(460800K) Eden: 232960K(232960K)->0K(232960K) From: 480K(232960K)->320K(227840K)
[21.707s][info][gc,heap        ] GC(18) ParOldGen: 32445K(1398272K)->32453K(1398272K)
[21.707s][info][gc,metaspace   ] GC(18) Metaspace: 59610K(60480K)->59610K(60480K) NonClass: 51987K(52480K)->51987K(52480K) Class: 7622K(8000K)->7622K(8000K)
[21.707s][info][gc             ] GC(18) Pause Young (Allocation Failure) 259M->32M(1815M) 1.013ms
[21.707s][info][gc,cpu         ] GC(18) User=0.00s Sys=0.00s Real=0.00s
[21.790s][info][gc,start       ] GC(19) Pause Young (Allocation Failure)
[21.797s][info][gc,heap        ] GC(19) PSYoungGen: 233280K(460800K)->464K(233472K) Eden: 232960K(232960K)->0K(232960K) From: 320K(227840K)->464K(512K)
[21.797s][info][gc,heap        ] GC(19) ParOldGen: 32453K(1398272K)->32453K(1398272K)
[21.797s][info][gc,metaspace   ] GC(19) Metaspace: 59610K(60480K)->59610K(60480K) NonClass: 51987K(52480K)->51987K(52480K) Class: 7622K(8000K)->7622K(8000K)
[21.797s][info][gc             ] GC(19) Pause Young (Allocation Failure) 259M->32M(1593M) 6.946ms
[21.797s][info][gc,cpu         ] GC(19) User=0.02s Sys=0.02s Real=0.02s
[21.884s][info][gc,start       ] GC(20) Pause Young (Allocation Failure)
[21.884s][info][gc,heap        ] GC(20) PSYoungGen: 233424K(233472K)->352K(470528K) Eden: 232960K(232960K)->0K(253952K) From: 464K(512K)->352K(216576K)
[21.885s][info][gc,heap        ] GC(20) ParOldGen: 32453K(1398272K)->32485K(1398272K)
[21.885s][info][gc,metaspace   ] GC(20) Metaspace: 59610K(60480K)->59610K(60480K) NonClass: 51987K(52480K)->51987K(52480K) Class: 7622K(8000K)->7622K(8000K)
[21.885s][info][gc             ] GC(20) Pause Young (Allocation Failure) 259M->32M(1825M) 0.963ms
[21.885s][info][gc,cpu         ] GC(20) User=0.00s Sys=0.00s Real=0.00s
[21.972s][info][gc,start       ] GC(21) Pause Young (Allocation Failure)
[21.975s][info][gc,heap        ] GC(21) PSYoungGen: 254304K(470528K)->608K(457216K) Eden: 253952K(253952K)->0K(253952K) From: 352K(216576K)->608K(203264K)
[21.975s][info][gc,heap        ] GC(21) ParOldGen: 32485K(1398272K)->32501K(1398272K)
[21.975s][info][gc,metaspace   ] GC(21) Metaspace: 59610K(60480K)->59610K(60480K) NonClass: 51988K(52480K)->51988K(52480K) Class: 7622K(8000K)->7622K(8000K)
[21.975s][info][gc             ] GC(21) Pause Young (Allocation Failure) 280M->32M(1812M) 2.695ms
[21.975s][info][gc,cpu         ] GC(21) User=0.00s Sys=0.00s Real=0.00s
[22.073s][info][gc,start       ] GC(22) Pause Young (Allocation Failure)
[22.078s][info][gc,heap        ] GC(22) PSYoungGen: 254560K(457216K)->672K(387072K) Eden: 253952K(253952K)->0K(249856K) From: 608K(203264K)->672K(137216K)
[22.078s][info][gc,heap        ] GC(22) ParOldGen: 32501K(1398272K)->32533K(1398272K)
[22.078s][info][gc,metaspace   ] GC(22) Metaspace: 59611K(60480K)->59611K(60480K) NonClass: 51988K(52480K)->51988K(52480K) Class: 7622K(8000K)->7622K(8000K)
[22.078s][info][gc             ] GC(22) Pause Young (Allocation Failure) 280M->32M(1743M) 5.022ms
[22.078s][info][gc,cpu         ] GC(22) User=0.00s Sys=0.00s Real=0.00s
[22.173s][info][gc,start       ] GC(23) Pause Young (Allocation Failure)
[22.180s][info][gc,heap        ] GC(23) PSYoungGen: 250528K(387072K)->416K(246784K) Eden: 249856K(249856K)->0K(246272K) From: 672K(137216K)->416K(512K)
[22.180s][info][gc,heap        ] GC(23) ParOldGen: 32533K(1398272K)->32677K(1398272K)
[22.180s][info][gc,metaspace   ] GC(23) Metaspace: 59611K(60480K)->59611K(60480K) NonClass: 51988K(52480K)->51988K(52480K) Class: 7622K(8000K)->7622K(8000K)
[22.181s][info][gc             ] GC(23) Pause Young (Allocation Failure) 276M->32M(1606M) 7.474ms
[22.181s][info][gc,cpu         ] GC(23) User=0.00s Sys=0.02s Real=0.01s
[22.293s][info][gc,start       ] GC(24) Pause Young (Allocation Failure)
[22.295s][info][gc,heap        ] GC(24) PSYoungGen: 246688K(246784K)->416K(384512K) Eden: 246272K(246272K)->0K(242688K) From: 416K(512K)->416K(141824K)
[22.295s][info][gc,heap        ] GC(24) ParOldGen: 32677K(1398272K)->32701K(1398272K)
[22.295s][info][gc,metaspace   ] GC(24) Metaspace: 59611K(60480K)->59611K(60480K) NonClass: 51988K(52480K)->51988K(52480K) Class: 7622K(8000K)->7622K(8000K)
[22.295s][info][gc             ] GC(24) Pause Young (Allocation Failure) 272M->32M(1741M) 2.777ms
[22.295s][info][gc,cpu         ] GC(24) User=0.00s Sys=0.00s Real=0.00s
[22.406s][info][gc,start       ] GC(25) Pause Young (Allocation Failure)
[22.410s][info][gc,heap        ] GC(25) PSYoungGen: 243104K(384512K)->512K(239616K) Eden: 242688K(242688K)->0K(239104K) From: 416K(141824K)->512K(512K)
[22.410s][info][gc,heap        ] GC(25) ParOldGen: 32701K(1398272K)->32701K(1398272K)
[22.410s][info][gc,metaspace   ] GC(25) Metaspace: 59611K(60480K)->59611K(60480K) NonClass: 51988K(52480K)->51988K(52480K) Class: 7622K(8000K)->7622K(8000K)
[22.410s][info][gc             ] GC(25) Pause Young (Allocation Failure) 269M->32M(1599M) 3.633ms
[22.410s][info][gc,cpu         ] GC(25) User=0.00s Sys=0.00s Real=0.00s
[23.001s][info][gc,start       ] GC(26) Pause Young (Allocation Failure)
[23.006s][info][gc,heap        ] GC(26) PSYoungGen: 239616K(239616K)->8481K(354816K) Eden: 239104K(239104K)->0K(235520K) From: 512K(512K)->8481K(119296K)
[23.006s][info][gc,heap        ] GC(26) ParOldGen: 32701K(1398272K)->32741K(1398272K)
[23.006s][info][gc,metaspace   ] GC(26) Metaspace: 61286K(62336K)->61286K(62336K) NonClass: 53371K(53952K)->53371K(53952K) Class: 7914K(8384K)->7914K(8384K)
[23.006s][info][gc             ] GC(26) Pause Young (Allocation Failure) 265M->40M(1712M) 5.801ms
[23.006s][info][gc,cpu         ] GC(26) User=0.52s Sys=0.00s Real=0.02s
[23.317s][info][gc,start       ] GC(27) Pause Young (Allocation Failure)
[23.338s][info][gc,heap        ] GC(27) PSYoungGen: 244001K(354816K)->45662K(369664K) Eden: 235520K(235520K)->0K(235520K) From: 8481K(119296K)->45662K(134144K)
[23.338s][info][gc,heap        ] GC(27) ParOldGen: 32741K(1398272K)->40105K(1398272K)
[23.338s][info][gc,metaspace   ] GC(27) Metaspace: 61372K(62400K)->61372K(62400K) NonClass: 53448K(54016K)->53448K(54016K) Class: 7923K(8384K)->7923K(8384K)
[23.338s][info][gc             ] GC(27) Pause Young (Allocation Failure) 270M->83M(1726M) 20.524ms
[23.338s][info][gc,cpu         ] GC(27) User=0.52s Sys=0.00s Real=0.02s
[23.544s][info][gc,start       ] GC(28) Pause Young (Allocation Failure)
[23.580s][info][gc,heap        ] GC(28) PSYoungGen: 281182K(369664K)->54341K(418816K) Eden: 235520K(235520K)->0K(306176K) From: 45662K(134144K)->54341K(112640K)
[23.580s][info][gc,heap        ] GC(28) ParOldGen: 40105K(1398272K)->79161K(1398272K)
[23.580s][info][gc,metaspace   ] GC(28) Metaspace: 61375K(62400K)->61375K(62400K) NonClass: 53451K(54016K)->53451K(54016K) Class: 7923K(8384K)->7923K(8384K)
[23.580s][info][gc             ] GC(28) Pause Young (Allocation Failure) 313M->130M(1774M) 36.422ms
[23.580s][info][gc,cpu         ] GC(28) User=1.13s Sys=0.27s Real=0.05s
[24.021s][info][gc,start       ] GC(29) Pause Young (Allocation Failure)
[24.054s][info][gc,heap        ] GC(29) PSYoungGen: 360517K(418816K)->63334K(440832K) Eden: 306176K(306176K)->0K(306176K) From: 54341K(112640K)->63334K(134656K)
[24.054s][info][gc,heap        ] GC(29) ParOldGen: 79161K(1398272K)->130945K(1398272K)
[24.054s][info][gc,metaspace   ] GC(29) Metaspace: 61668K(62720K)->61668K(62720K) NonClass: 53702K(54272K)->53702K(54272K) Class: 7966K(8448K)->7966K(8448K)
[24.054s][info][gc             ] GC(29) Pause Young (Allocation Failure) 429M->189M(1796M) 32.919ms
[24.054s][info][gc,cpu         ] GC(29) User=1.56s Sys=0.00s Real=0.05s
[24.364s][info][gc,start       ] GC(30) Pause Young (Allocation Failure)
[24.424s][info][gc,heap        ] GC(30) PSYoungGen: 369510K(440832K)->82496K(527872K) Eden: 306176K(306176K)->0K(389120K) From: 63334K(134656K)->82496K(138752K)
[24.424s][info][gc,heap        ] GC(30) ParOldGen: 130945K(1398272K)->178547K(1398272K)
[24.424s][info][gc,metaspace   ] GC(30) Metaspace: 61893K(62912K)->61893K(62912K) NonClass: 53901K(54464K)->53901K(54464K) Class: 7992K(8448K)->7992K(8448K)
[24.424s][info][gc             ] GC(30) Pause Young (Allocation Failure) 488M->254M(1881M) 59.820ms
[24.424s][info][gc,cpu         ] GC(30) User=1.38s Sys=0.69s Real=0.06s
[24.590s][info][gc,start       ] GC(31) Pause Young (Allocation Failure)
[24.636s][info][gc,heap        ] GC(31) PSYoungGen: 471616K(527872K)->40544K(537088K) Eden: 389120K(389120K)->0K(389120K) From: 82496K(138752K)->40544K(147968K)
[24.636s][info][gc,heap        ] GC(31) ParOldGen: 178547K(1398272K)->254195K(1398272K)
[24.636s][info][gc,metaspace   ] GC(31) Metaspace: 61895K(62912K)->61895K(62912K) NonClass: 53903K(54464K)->53903K(54464K) Class: 7992K(8448K)->7992K(8448K)
[24.636s][info][gc             ] GC(31) Pause Young (Allocation Failure) 634M->287M(1890M) 45.950ms
[24.636s][info][gc,cpu         ] GC(31) User=1.55s Sys=0.00s Real=0.05s
[24.822s][info][gc,start       ] GC(32) Pause Young (Allocation Failure)
[24.873s][info][gc,heap        ] GC(32) PSYoungGen: 429664K(537088K)->42528K(535552K) Eden: 389120K(389120K)->0K(411136K) From: 40544K(147968K)->42528K(124416K)
[24.873s][info][gc,heap        ] GC(32) ParOldGen: 254195K(1398272K)->280851K(1398272K)
[24.873s][info][gc,metaspace   ] GC(32) Metaspace: 61895K(62912K)->61895K(62912K) NonClass: 53903K(54464K)->53903K(54464K) Class: 7992K(8448K)->7992K(8448K)
[24.873s][info][gc             ] GC(32) Pause Young (Allocation Failure) 667M->315M(1888M) 50.677ms
[24.873s][info][gc,cpu         ] GC(32) User=1.25s Sys=0.00s Real=0.05s
[25.051s][info][gc,start       ] GC(33) Pause Young (Allocation Failure)
[25.099s][info][gc,heap        ] GC(33) PSYoungGen: 453664K(535552K)->25344K(543744K) Eden: 411136K(411136K)->0K(411136K) From: 42528K(124416K)->25344K(132608K)
[25.099s][info][gc,heap        ] GC(33) ParOldGen: 280851K(1398272K)->321547K(1398272K)
[25.099s][info][gc,metaspace   ] GC(33) Metaspace: 61897K(62976K)->61897K(62976K) NonClass: 53905K(54528K)->53905K(54528K) Class: 7992K(8448K)->7992K(8448K)
[25.099s][info][gc             ] GC(33) Pause Young (Allocation Failure) 717M->338M(1896M) 48.406ms
[25.099s][info][gc,cpu         ] GC(33) User=1.19s Sys=0.00s Real=0.05s
[26.206s][info][gc,start       ] GC(34) Pause Young (Allocation Failure)
[26.378s][info][gc,heap        ] GC(34) PSYoungGen: 436480K(543744K)->20512K(553472K) Eden: 411136K(411136K)->0K(442368K) From: 25344K(132608K)->20512K(111104K)
[26.378s][info][gc,heap        ] GC(34) ParOldGen: 321547K(1398272K)->341499K(1398272K)
[26.378s][info][gc,metaspace   ] GC(34) Metaspace: 62229K(63296K)->62229K(63296K) NonClass: 54206K(54784K)->54206K(54784K) Class: 8022K(8512K)->8022K(8512K)
[26.378s][info][gc             ] GC(34) Pause Young (Allocation Failure) 740M->353M(1906M) 171.926ms
[26.378s][info][gc,cpu         ] GC(34) User=5.69s Sys=0.02s Real=0.17s
[26.934s][info][gc,start       ] GC(35) Pause Young (Allocation Failure)
[27.032s][info][gc,heap        ] GC(35) PSYoungGen: 462880K(553472K)->82400K(559616K) Eden: 442368K(442368K)->0K(442368K) From: 20512K(111104K)->82400K(117248K)
[27.032s][info][gc,heap        ] GC(35) ParOldGen: 341499K(1398272K)->360727K(1398272K)
[27.032s][info][gc,metaspace   ] GC(35) Metaspace: 62251K(63296K)->62251K(63296K) NonClass: 54229K(54784K)->54229K(54784K) Class: 8022K(8512K)->8022K(8512K)
[27.032s][info][gc             ] GC(35) Pause Young (Allocation Failure) 785M->432M(1912M) 97.987ms
[27.032s][info][gc,cpu         ] GC(35) User=3.11s Sys=0.00s Real=0.09s
[27.274s][info][gc,start       ] GC(36) Pause Young (Allocation Failure)
[27.323s][info][gc,heap        ] GC(36) PSYoungGen: 524768K(559616K)->48608K(576000K) Eden: 442368K(442368K)->0K(448512K) From: 82400K(117248K)->48608K(127488K)
[27.323s][info][gc,heap        ] GC(36) ParOldGen: 360727K(1398272K)->442823K(1398272K)
[27.323s][info][gc,metaspace   ] GC(36) Metaspace: 62252K(63296K)->62252K(63296K) NonClass: 54230K(54784K)->54230K(54784K) Class: 8022K(8512K)->8022K(8512K)
[27.323s][info][gc             ] GC(36) Pause Young (Allocation Failure) 864M->479M(1928M) 49.169ms
[27.323s][info][gc,cpu         ] GC(36) User=1.47s Sys=0.00s Real=0.05s
[27.535s][info][gc,start       ] GC(37) Pause Young (Allocation Failure)
[27.591s][info][gc,heap        ] GC(37) PSYoungGen: 497120K(576000K)->49216K(498176K) Eden: 448512K(448512K)->0K(448512K) From: 48608K(127488K)->49216K(49664K)
[27.591s][info][gc,heap        ] GC(37) ParOldGen: 442823K(1398272K)->476287K(1398272K)
[27.591s][info][gc,metaspace   ] GC(37) Metaspace: 62252K(63296K)->62252K(63296K) NonClass: 54230K(54784K)->54230K(54784K) Class: 8022K(8512K)->8022K(8512K)
[27.591s][info][gc             ] GC(37) Pause Young (Allocation Failure) 917M->513M(1852M) 56.192ms
[27.591s][info][gc,cpu         ] GC(37) User=1.52s Sys=0.03s Real=0.05s
[27.865s][info][gc,start       ] GC(38) Pause Young (Allocation Failure)
[27.934s][info][gc,heap        ] GC(38) PSYoungGen: 497327K(498176K)->30752K(572928K) Eden: 448111K(448512K)->0K(454656K) From: 49216K(49664K)->30752K(118272K)
[27.934s][info][gc,heap        ] GC(38) ParOldGen: 476287K(1398272K)->534431K(1398272K)
[27.934s][info][gc,metaspace   ] GC(38) Metaspace: 62255K(63296K)->62255K(63296K) NonClass: 54232K(54784K)->54232K(54784K) Class: 8022K(8512K)->8022K(8512K)
[27.934s][info][gc             ] GC(38) Pause Young (Allocation Failure) 950M->551M(1925M) 69.582ms
[27.934s][info][gc,cpu         ] GC(38) User=1.70s Sys=0.14s Real=0.08s
[28.947s][info][gc,start       ] GC(39) Pause Young (Allocation Failure)
[29.074s][info][gc,heap        ] GC(39) PSYoungGen: 485408K(572928K)->29970K(566784K) Eden: 454656K(454656K)->0K(454656K) From: 30752K(118272K)->29970K(112128K)
[29.074s][info][gc,heap        ] GC(39) ParOldGen: 534431K(1398272K)->563639K(1398272K)
[29.074s][info][gc,metaspace   ] GC(39) Metaspace: 63159K(64384K)->63159K(64384K) NonClass: 54988K(55680K)->54988K(55680K) Class: 8171K(8704K)->8171K(8704K)
[29.074s][info][gc             ] GC(39) Pause Young (Allocation Failure) 995M->579M(1919M) 126.411ms
[29.074s][info][gc,cpu         ] GC(39) User=4.20s Sys=0.05s Real=0.13s
[29.960s][info][gc,start       ] GC(40) Pause Young (Allocation Failure)
[29.987s][info][gc,heap        ] GC(40) PSYoungGen: 484626K(566784K)->34499K(580608K) Eden: 454656K(454656K)->0K(474624K) From: 29970K(112128K)->34499K(105984K)
[29.987s][info][gc,heap        ] GC(40) ParOldGen: 563639K(1398272K)->564121K(1398272K)
[29.987s][info][gc,metaspace   ] GC(40) Metaspace: 63537K(64768K)->63537K(64768K) NonClass: 55294K(56000K)->55294K(56000K) Class: 8242K(8768K)->8242K(8768K)
[29.987s][info][gc             ] GC(40) Pause Young (Allocation Failure) 1023M->584M(1932M) 27.144ms
[29.987s][info][gc,cpu         ] GC(40) User=1.03s Sys=0.00s Real=0.03s
[30.516s][info][gc,start       ] GC(41) Pause Young (Allocation Failure)
[30.547s][info][gc,heap        ] GC(41) PSYoungGen: 509123K(580608K)->61788K(574464K) Eden: 474624K(474624K)->0K(474624K) From: 34499K(105984K)->61788K(99840K)
[30.547s][info][gc,heap        ] GC(41) ParOldGen: 564121K(1398272K)->564409K(1398272K)
[30.547s][info][gc,metaspace   ] GC(41) Metaspace: 63617K(64832K)->63617K(64832K) NonClass: 55369K(56064K)->55369K(56064K) Class: 8247K(8768K)->8247K(8768K)
[30.547s][info][gc             ] GC(41) Pause Young (Allocation Failure) 1048M->611M(1926M) 31.129ms
[30.547s][info][gc,cpu         ] GC(41) User=0.88s Sys=0.16s Real=0.03s
[31.169s][info][gc,start       ] GC(42) Pause Young (Allocation Failure)
[31.201s][info][gc,heap        ] GC(42) PSYoungGen: 536412K(574464K)->89340K(571904K) Eden: 474624K(474624K)->0K(469504K) From: 61788K(99840K)->89340K(102400K)
[31.202s][info][gc,heap        ] GC(42) ParOldGen: 564409K(1398272K)->564633K(1398272K)
[31.202s][info][gc,metaspace   ] GC(42) Metaspace: 65287K(66496K)->65287K(66496K) NonClass: 56798K(57472K)->56798K(57472K) Class: 8488K(9024K)->8488K(9024K)
[31.202s][info][gc             ] GC(42) Pause Young (Allocation Failure) 1075M->638M(1924M) 32.580ms
[31.202s][info][gc,cpu         ] GC(42) User=0.16s Sys=0.88s Real=0.03s
[31.462s][info][gc,start       ] GC(43) Pause Young (Allocation Failure)
[31.512s][info][gc,heap        ] GC(43) PSYoungGen: 558844K(571904K)->48695K(584192K) Eden: 469504K(469504K)->0K(469504K) From: 89340K(102400K)->48695K(114688K)
[31.512s][info][gc,heap        ] GC(43) ParOldGen: 564633K(1398272K)->582704K(1398272K)
[31.512s][info][gc,metaspace   ] GC(43) Metaspace: 65345K(66624K)->65345K(66624K) NonClass: 56850K(57600K)->56850K(57600K) Class: 8494K(9024K)->8494K(9024K)
[31.512s][info][gc             ] GC(43) Pause Young (Allocation Failure) 1097M->616M(1936M) 50.027ms
[31.512s][info][gc,cpu         ] GC(43) User=1.28s Sys=0.06s Real=0.05s
[31.710s][info][gc,start       ] GC(44) Pause Young (System.gc())
[31.788s][info][gc,heap        ] GC(44) PSYoungGen: 362792K(584192K)->544K(586752K) Eden: 314096K(469504K)->0K(477696K) From: 48695K(114688K)->544K(109056K)
[31.789s][info][gc,heap        ] GC(44) ParOldGen: 582704K(1398272K)->605272K(1398272K)
[31.789s][info][gc,metaspace   ] GC(44) Metaspace: 65460K(66752K)->65460K(66752K) NonClass: 56949K(57664K)->56949K(57664K) Class: 8510K(9088K)->8510K(9088K)
[31.789s][info][gc             ] GC(44) Pause Young (System.gc()) 923M->591M(1938M) 78.654ms
[31.789s][info][gc,cpu         ] GC(44) User=2.56s Sys=0.02s Real=0.08s
[31.789s][info][gc,start       ] GC(45) Pause Full (System.gc())
[31.789s][info][gc,phases,start] GC(45) Marking Phase
[31.837s][info][gc,phases      ] GC(45) Marking Phase 48.588ms
[31.837s][info][gc,phases,start] GC(45) Summary Phase
[31.837s][info][gc,phases      ] GC(45) Summary Phase 0.023ms
[31.837s][info][gc,phases,start] GC(45) Adjust Roots
[31.853s][info][gc,phases      ] GC(45) Adjust Roots 16.089ms
[31.854s][info][gc,phases,start] GC(45) Compaction Phase
[31.903s][info][gc,phases      ] GC(45) Compaction Phase 49.298ms
[31.903s][info][gc,phases,start] GC(45) Post Compact
[31.909s][info][gc,phases      ] GC(45) Post Compact 5.755ms
[31.909s][info][gc,heap        ] GC(45) PSYoungGen: 544K(586752K)->0K(586752K) Eden: 0K(477696K)->0K(477696K) From: 544K(109056K)->0K(109056K)
[31.909s][info][gc,heap        ] GC(45) ParOldGen: 605272K(1398272K)->147394K(1398272K)
[31.909s][info][gc,metaspace   ] GC(45) Metaspace: 65460K(66752K)->65042K(66752K) NonClass: 56949K(57664K)->56650K(57664K) Class: 8510K(9088K)->8392K(9088K)
[31.909s][info][gc             ] GC(45) Pause Full (System.gc()) 591M->143M(1938M) 120.155ms
[31.909s][info][gc,cpu         ] GC(45) User=2.66s Sys=0.00s Real=0.13s
[32.185s][info][gc,start       ] GC(46) Pause Young (Allocation Failure)
[32.229s][info][gc,heap        ] GC(46) PSYoungGen: 477696K(586752K)->105984K(584192K) Eden: 477696K(477696K)->0K(477696K) From: 0K(109056K)->105984K(106496K)
[32.229s][info][gc,heap        ] GC(46) ParOldGen: 147394K(1398272K)->147402K(1398272K)
[32.229s][info][gc,metaspace   ] GC(46) Metaspace: 65123K(66752K)->65123K(66752K) NonClass: 56716K(57664K)->56716K(57664K) Class: 8407K(9088K)->8407K(9088K)
[32.229s][info][gc             ] GC(46) Pause Young (Allocation Failure) 610M->247M(1936M) 44.381ms
[32.229s][info][gc,cpu         ] GC(46) User=1.19s Sys=0.00s Real=0.05s
[32.471s][info][gc,start       ] GC(47) Pause Young (Allocation Failure)
[32.541s][info][gc,heap        ] GC(47) PSYoungGen: 583680K(584192K)->54144K(568832K) Eden: 477696K(477696K)->0K(454144K) From: 105984K(106496K)->54144K(114688K)
[32.541s][info][gc,heap        ] GC(47) ParOldGen: 147402K(1398272K)->244520K(1398272K)
[32.541s][info][gc,metaspace   ] GC(47) Metaspace: 65123K(66752K)->65123K(66752K) NonClass: 56716K(57664K)->56716K(57664K) Class: 8407K(9088K)->8407K(9088K)
[32.541s][info][gc             ] GC(47) Pause Young (Allocation Failure) 713M->291M(1921M) 69.594ms
[32.541s][info][gc,cpu         ] GC(47) User=2.41s Sys=0.00s Real=0.08s
[32.751s][info][gc,start       ] GC(48) Pause Young (Allocation Failure)
[32.806s][info][gc,heap        ] GC(48) PSYoungGen: 508288K(568832K)->31744K(576512K) Eden: 454144K(454144K)->0K(454144K) From: 54144K(114688K)->31744K(122368K)
[32.806s][info][gc,heap        ] GC(48) ParOldGen: 244520K(1398272K)->291264K(1398272K)
[32.806s][info][gc,metaspace   ] GC(48) Metaspace: 65123K(66752K)->65123K(66752K) NonClass: 56716K(57664K)->56716K(57664K) Class: 8407K(9088K)->8407K(9088K)
[32.806s][info][gc             ] GC(48) Pause Young (Allocation Failure) 735M->315M(1928M) 54.643ms
[32.806s][info][gc,cpu         ] GC(48) User=1.42s Sys=0.00s Real=0.05s
[33.561s][info][gc,start       ] GC(49) Pause Young (Allocation Failure)
[33.786s][info][gc,heap        ] GC(49) PSYoungGen: 483483K(576512K)->25024K(566272K) Eden: 451739K(454144K)->0K(458752K) From: 31744K(122368K)->25024K(107520K)
[33.786s][info][gc,heap        ] GC(49) ParOldGen: 291264K(1398272K)->315984K(1398272K)
[33.786s][info][gc,metaspace   ] GC(49) Metaspace: 65130K(66752K)->65130K(66752K) NonClass: 56723K(57664K)->56723K(57664K) Class: 8407K(9088K)->8407K(9088K)
[33.786s][info][gc             ] GC(49) Pause Young (Allocation Failure) 756M->333M(1918M) 225.143ms
[33.786s][info][gc,cpu         ] GC(49) User=7.09s Sys=0.06s Real=0.22s
[34.150s][info][gc,start       ] GC(50) Pause Young (Allocation Failure)
[34.263s][info][gc,heap        ] GC(50) PSYoungGen: 483776K(566272K)->90368K(572928K) Eden: 458752K(458752K)->0K(458752K) From: 25024K(107520K)->90368K(114176K)
[34.263s][info][gc,heap        ] GC(50) ParOldGen: 315984K(1398272K)->340579K(1398272K)
[34.263s][info][gc,metaspace   ] GC(50) Metaspace: 65157K(66816K)->65157K(66816K) NonClass: 56749K(57728K)->56749K(57728K) Class: 8407K(9088K)->8407K(9088K)
[34.263s][info][gc             ] GC(50) Pause Young (Allocation Failure) 781M->420M(1925M) 113.073ms
[34.263s][info][gc,cpu         ] GC(50) User=4.13s Sys=0.00s Real=0.13s
[34.467s][info][gc,start       ] GC(51) Pause Young (Allocation Failure)
[34.516s][info][gc,heap        ] GC(51) PSYoungGen: 549120K(572928K)->52032K(578560K) Eden: 458752K(458752K)->0K(457216K) From: 90368K(114176K)->52032K(121344K)
[34.516s][info][gc,heap        ] GC(51) ParOldGen: 340579K(1398272K)->422594K(1398272K)
[34.516s][info][gc,metaspace   ] GC(51) Metaspace: 65157K(66816K)->65157K(66816K) NonClass: 56749K(57728K)->56749K(57728K) Class: 8407K(9088K)->8407K(9088K)
[34.516s][info][gc             ] GC(51) Pause Young (Allocation Failure) 868M->463M(1930M) 49.385ms
[34.516s][info][gc,cpu         ] GC(51) User=1.55s Sys=0.00s Real=0.05s
[34.739s][info][gc,start       ] GC(52) Pause Young (Allocation Failure)
[34.798s][info][gc,heap        ] GC(52) PSYoungGen: 509248K(578560K)->49696K(507392K) Eden: 457216K(457216K)->0K(457216K) From: 52032K(121344K)->49696K(50176K)
[34.798s][info][gc,heap        ] GC(52) ParOldGen: 422594K(1398272K)->457242K(1398272K)
[34.798s][info][gc,metaspace   ] GC(52) Metaspace: 65157K(66816K)->65157K(66816K) NonClass: 56749K(57728K)->56749K(57728K) Class: 8407K(9088K)->8407K(9088K)
[34.798s][info][gc             ] GC(52) Pause Young (Allocation Failure) 910M->495M(1861M) 58.834ms
[34.798s][info][gc,cpu         ] GC(52) User=1.70s Sys=0.00s Real=0.06s
[35.468s][info][gc,start       ] GC(53) Pause Young (Allocation Failure)
[35.530s][info][gc,heap        ] GC(53) PSYoungGen: 506912K(507392K)->28720K(573440K) Eden: 457216K(457216K)->0K(462336K) From: 49696K(50176K)->28720K(111104K)
[35.530s][info][gc,heap        ] GC(53) ParOldGen: 457242K(1398272K)->499530K(1398272K)
[35.530s][info][gc,metaspace   ] GC(53) Metaspace: 65159K(66816K)->65159K(66816K) NonClass: 56752K(57728K)->56752K(57728K) Class: 8407K(9088K)->8407K(9088K)
[35.530s][info][gc             ] GC(53) Pause Young (Allocation Failure) 941M->515M(1925M) 61.529ms
[35.530s][info][gc,cpu         ] GC(53) User=1.75s Sys=0.00s Real=0.06s
[36.103s][info][gc,start       ] GC(54) Pause Young (Allocation Failure)
[36.217s][info][gc,heap        ] GC(54) PSYoungGen: 491056K(573440K)->32704K(570880K) Eden: 462336K(462336K)->0K(462336K) From: 28720K(111104K)->32704K(108544K)
[36.217s][info][gc,heap        ] GC(54) ParOldGen: 499530K(1398272K)->527610K(1398272K)
[36.217s][info][gc,metaspace   ] GC(54) Metaspace: 65221K(66816K)->65221K(66816K) NonClass: 56812K(57728K)->56812K(57728K) Class: 8408K(9088K)->8408K(9088K)
[36.217s][info][gc             ] GC(54) Pause Young (Allocation Failure) 967M->547M(1923M) 113.587ms
[36.217s][info][gc,cpu         ] GC(54) User=4.13s Sys=0.00s Real=0.13s
[36.813s][info][gc,start       ] GC(55) Pause Young (Allocation Failure)
[36.819s][info][gc,heap        ] GC(55) PSYoungGen: 495040K(570880K)->3144K(583168K) Eden: 462336K(462336K)->0K(478208K) From: 32704K(108544K)->3144K(104960K)
[36.819s][info][gc,heap        ] GC(55) ParOldGen: 527610K(1398272K)->527810K(1398272K)
[36.819s][info][gc,metaspace   ] GC(55) Metaspace: 65307K(66816K)->65307K(66816K) NonClass: 56897K(57728K)->56897K(57728K) Class: 8409K(9088K)->8409K(9088K)
[36.819s][info][gc             ] GC(55) Pause Young (Allocation Failure) 998M->518M(1935M) 5.429ms
[36.819s][info][gc,cpu         ] GC(55) User=0.00s Sys=0.00s Real=0.00s
[37.022s][info][gc,start       ] GC(56) Pause Young (Allocation Failure)
[37.061s][info][gc,heap        ] GC(56) PSYoungGen: 481352K(583168K)->76480K(584192K) Eden: 478208K(478208K)->0K(478208K) From: 3144K(104960K)->76480K(105984K)
[37.061s][info][gc,heap        ] GC(56) ParOldGen: 527810K(1398272K)->529971K(1398272K)
[37.061s][info][gc,metaspace   ] GC(56) Metaspace: 65314K(66816K)->65314K(66816K) NonClass: 56904K(57728K)->56904K(57728K) Class: 8409K(9088K)->8409K(9088K)
[37.061s][info][gc             ] GC(56) Pause Young (Allocation Failure) 985M->592M(1936M) 38.746ms
[37.061s][info][gc,cpu         ] GC(56) User=1.30s Sys=0.00s Real=0.05s
[37.490s][info][gc,start       ] GC(57) Pause Young (Allocation Failure)
[37.537s][info][gc,heap        ] GC(57) PSYoungGen: 554295K(584192K)->42944K(586752K) Eden: 477815K(478208K)->0K(479744K) From: 76480K(105984K)->42944K(107008K)
[37.537s][info][gc,heap        ] GC(57) ParOldGen: 529971K(1398272K)->601683K(1398272K)
[37.537s][info][gc,metaspace   ] GC(57) Metaspace: 65391K(66816K)->65391K(66816K) NonClass: 56981K(57728K)->56981K(57728K) Class: 8409K(9088K)->8409K(9088K)
[37.537s][info][gc             ] GC(57) Pause Young (Allocation Failure) 1058M->629M(1938M) 46.498ms
[37.537s][info][gc,cpu         ] GC(57) User=1.55s Sys=0.00s Real=0.05s
[37.854s][info][gc,start       ] GC(58) Pause Young (Allocation Failure)
[37.902s][info][gc,heap        ] GC(58) PSYoungGen: 522688K(586752K)->38586K(586240K) Eden: 479744K(479744K)->0K(479744K) From: 42944K(107008K)->38586K(106496K)
[37.902s][info][gc,heap        ] GC(58) ParOldGen: 601683K(1398272K)->629963K(1398272K)
[37.902s][info][gc,metaspace   ] GC(58) Metaspace: 65397K(66880K)->65397K(66880K) NonClass: 56987K(57792K)->56987K(57792K) Class: 8409K(9088K)->8409K(9088K)
[37.902s][info][gc             ] GC(58) Pause Young (Allocation Failure) 1098M->652M(1938M) 48.620ms
[37.902s][info][gc,cpu         ] GC(58) User=1.52s Sys=0.03s Real=0.05s
[38.047s][info][gc,start       ] GC(59) Pause Young (System.gc())
[38.064s][info][gc,heap        ] GC(59) PSYoungGen: 254163K(586240K)->128K(585216K) Eden: 215577K(479744K)->0K(483840K) From: 38586K(106496K)->128K(101376K)
[38.064s][info][gc,heap        ] GC(59) ParOldGen: 629963K(1398272K)->642445K(1398272K)
[38.064s][info][gc,metaspace   ] GC(59) Metaspace: 65397K(66880K)->65397K(66880K) NonClass: 56987K(57792K)->56987K(57792K) Class: 8409K(9088K)->8409K(9088K)
[38.064s][info][gc             ] GC(59) Pause Young (System.gc()) 863M->627M(1937M) 17.521ms
[38.064s][info][gc,cpu         ] GC(59) User=0.42s Sys=0.05s Real=0.02s
[38.064s][info][gc,start       ] GC(60) Pause Full (System.gc())
[38.064s][info][gc,phases,start] GC(60) Marking Phase
[38.110s][info][gc,phases      ] GC(60) Marking Phase 45.402ms
[38.110s][info][gc,phases,start] GC(60) Summary Phase
[38.110s][info][gc,phases      ] GC(60) Summary Phase 0.020ms
[38.110s][info][gc,phases,start] GC(60) Adjust Roots
[38.119s][info][gc,phases      ] GC(60) Adjust Roots 8.715ms
[38.119s][info][gc,phases,start] GC(60) Compaction Phase
[38.142s][info][gc,phases      ] GC(60) Compaction Phase 23.541ms
[38.142s][info][gc,phases,start] GC(60) Post Compact
[38.147s][info][gc,phases      ] GC(60) Post Compact 4.821ms
[38.147s][info][gc,heap        ] GC(60) PSYoungGen: 128K(585216K)->0K(585216K) Eden: 0K(483840K)->0K(483840K) From: 128K(101376K)->0K(101376K)
[38.147s][info][gc,heap        ] GC(60) ParOldGen: 642445K(1398272K)->147541K(1398272K)
[38.147s][info][gc,metaspace   ] GC(60) Metaspace: 65397K(66880K)->65397K(66880K) NonClass: 56987K(57792K)->56987K(57792K) Class: 8409K(9088K)->8409K(9088K)
[38.147s][info][gc             ] GC(60) Pause Full (System.gc()) 627M->144M(1937M) 82.854ms
[38.147s][info][gc,cpu         ] GC(60) User=1.56s Sys=0.00s Real=0.09s
[38.471s][info][gc,start       ] GC(61) Pause Young (Allocation Failure)
[38.512s][info][gc,heap        ] GC(61) PSYoungGen: 483840K(585216K)->102880K(586752K) Eden: 483840K(483840K)->0K(483840K) From: 0K(101376K)->102880K(102912K)
[38.512s][info][gc,heap        ] GC(61) ParOldGen: 147541K(1398272K)->151805K(1398272K)
[38.512s][info][gc,metaspace   ] GC(61) Metaspace: 65507K(66880K)->65507K(66880K) NonClass: 57098K(57792K)->57098K(57792K) Class: 8409K(9088K)->8409K(9088K)
[38.512s][info][gc             ] GC(61) Pause Young (Allocation Failure) 616M->248M(1938M) 40.986ms
[38.512s][info][gc,cpu         ] GC(61) User=1.59s Sys=0.00s Real=0.05s
[38.764s][info][gc,start       ] GC(62) Pause Young (Allocation Failure)
[38.832s][info][gc,heap        ] GC(62) PSYoungGen: 586720K(586752K)->54528K(576512K) Eden: 483840K(483840K)->0K(464384K) From: 102880K(102912K)->54528K(112128K)
[38.832s][info][gc,heap        ] GC(62) ParOldGen: 151805K(1398272K)->245282K(1398272K)
[38.832s][info][gc,metaspace   ] GC(62) Metaspace: 65509K(66880K)->65509K(66880K) NonClass: 57099K(57792K)->57099K(57792K) Class: 8409K(9088K)->8409K(9088K)
[38.832s][info][gc             ] GC(62) Pause Young (Allocation Failure) 721M->292M(1928M) 67.420ms
[38.832s][info][gc,cpu         ] GC(62) User=1.55s Sys=0.00s Real=0.06s
[39.050s][info][gc,start       ] GC(63) Pause Young (Allocation Failure)
[39.105s][info][gc,heap        ] GC(63) PSYoungGen: 518912K(576512K)->31872K(581632K) Eden: 464384K(464384K)->0K(464384K) From: 54528K(112128K)->31872K(117248K)
[39.105s][info][gc,heap        ] GC(63) ParOldGen: 245282K(1398272K)->292322K(1398272K)
[39.105s][info][gc,metaspace   ] GC(63) Metaspace: 65516K(66880K)->65516K(66880K) NonClass: 57107K(57792K)->57107K(57792K) Class: 8409K(9088K)->8409K(9088K)
[39.105s][info][gc             ] GC(63) Pause Young (Allocation Failure) 746M->316M(1933M) 55.312ms
[39.105s][info][gc,cpu         ] GC(63) User=1.97s Sys=0.00s Real=0.06s
[39.826s][info][gc,start       ] GC(64) Pause Young (Allocation Failure)
[40.048s][info][gc,heap        ] GC(64) PSYoungGen: 496256K(581632K)->27123K(573952K) Eden: 464384K(464384K)->0K(468992K) From: 31872K(117248K)->27123K(104960K)
[40.048s][info][gc,heap        ] GC(64) ParOldGen: 292322K(1398272K)->317418K(1398272K)
[40.048s][info][gc,metaspace   ] GC(64) Metaspace: 65575K(66944K)->65575K(66944K) NonClass: 57163K(57856K)->57163K(57856K) Class: 8411K(9088K)->8411K(9088K)
[40.048s][info][gc             ] GC(64) Pause Young (Allocation Failure) 770M->336M(1926M) 221.877ms
[40.048s][info][gc,cpu         ] GC(64) User=7.14s Sys=0.02s Real=0.21s
[40.397s][info][gc,start       ] GC(65) Pause Young (Allocation Failure)
[40.500s][info][gc,heap        ] GC(65) PSYoungGen: 496115K(573952K)->86880K(578048K) Eden: 468992K(468992K)->0K(468992K) From: 27123K(104960K)->86880K(109056K)
[40.500s][info][gc,heap        ] GC(65) ParOldGen: 317418K(1398272K)->341333K(1398272K)
[40.500s][info][gc,metaspace   ] GC(65) Metaspace: 65587K(66944K)->65587K(66944K) NonClass: 57176K(57856K)->57176K(57856K) Class: 8411K(9088K)->8411K(9088K)
[40.501s][info][gc             ] GC(65) Pause Young (Allocation Failure) 794M->418M(1930M) 103.885ms
[40.501s][info][gc,cpu         ] GC(65) User=3.09s Sys=0.00s Real=0.09s
[40.718s][info][gc,start       ] GC(66) Pause Young (Allocation Failure)
[40.776s][info][gc,heap        ] GC(66) PSYoungGen: 555872K(578048K)->54656K(584704K) Eden: 468992K(468992K)->0K(465920K) From: 86880K(109056K)->54656K(118784K)
[40.776s][info][gc,heap        ] GC(66) ParOldGen: 341333K(1398272K)->428013K(1398272K)
[40.776s][info][gc,metaspace   ] GC(66) Metaspace: 65587K(66944K)->65587K(66944K) NonClass: 57176K(57856K)->57176K(57856K) Class: 8411K(9088K)->8411K(9088K)
[40.776s][info][gc             ] GC(66) Pause Young (Allocation Failure) 876M->471M(1936M) 57.736ms
[40.776s][info][gc,cpu         ] GC(66) User=1.48s Sys=0.02s Real=0.06s
[41.000s][info][gc,start       ] GC(67) Pause Young (Allocation Failure)
[41.057s][info][gc,heap        ] GC(67) PSYoungGen: 520576K(584704K)->45600K(512000K) Eden: 465920K(465920K)->0K(465920K) From: 54656K(118784K)->45600K(46080K)
[41.057s][info][gc,heap        ] GC(67) ParOldGen: 428013K(1398272K)->466989K(1398272K)
[41.057s][info][gc,metaspace   ] GC(67) Metaspace: 65589K(66944K)->65589K(66944K) NonClass: 57178K(57856K)->57178K(57856K) Class: 8411K(9088K)->8411K(9088K)
[41.057s][info][gc             ] GC(67) Pause Young (Allocation Failure) 926M->500M(1865M) 56.372ms
[41.057s][info][gc,cpu         ] GC(67) User=1.52s Sys=0.02s Real=0.06s
[41.739s][info][gc,start       ] GC(68) Pause Young (Allocation Failure)
[41.880s][info][gc,heap        ] GC(68) PSYoungGen: 511520K(512000K)->29875K(576512K) Eden: 465920K(465920K)->0K(468480K) From: 45600K(46080K)->29875K(108032K)
[41.880s][info][gc,heap        ] GC(68) ParOldGen: 466989K(1398272K)->505565K(1398272K)
[41.880s][info][gc,metaspace   ] GC(68) Metaspace: 65643K(66944K)->65643K(66944K) NonClass: 57232K(57856K)->57232K(57856K) Class: 8411K(9088K)->8411K(9088K)
[41.880s][info][gc             ] GC(68) Pause Young (Allocation Failure) 955M->522M(1928M) 140.961ms
[41.880s][info][gc,cpu         ] GC(68) User=4.61s Sys=0.05s Real=0.15s
[42.302s][info][gc,start       ] GC(69) Pause Young (Allocation Failure)
[42.414s][info][gc,heap        ] GC(69) PSYoungGen: 498355K(576512K)->8576K(573952K) Eden: 468480K(468480K)->0K(468480K) From: 29875K(108032K)->8576K(105472K)
[42.414s][info][gc,heap        ] GC(69) ParOldGen: 505565K(1398272K)->530027K(1398272K)
[42.414s][info][gc,metaspace   ] GC(69) Metaspace: 65699K(66944K)->65699K(66944K) NonClass: 57287K(57856K)->57287K(57856K) Class: 8411K(9088K)->8411K(9088K)
[42.414s][info][gc             ] GC(69) Pause Young (Allocation Failure) 980M->525M(1926M) 112.346ms
[42.414s][info][gc,cpu         ] GC(69) User=3.09s Sys=0.00s Real=0.10s
[42.968s][info][gc,start       ] GC(70) Pause Young (Allocation Failure)
[42.976s][info][gc,heap        ] GC(70) PSYoungGen: 477056K(573952K)->13012K(592384K) Eden: 468480K(468480K)->0K(486400K) From: 8576K(105472K)->13012K(105984K)
[42.977s][info][gc,heap        ] GC(70) ParOldGen: 530027K(1398272K)->530219K(1398272K)
[42.977s][info][gc,metaspace   ] GC(70) Metaspace: 65757K(67072K)->65757K(67072K) NonClass: 57345K(57984K)->57345K(57984K) Class: 8411K(9088K)->8411K(9088K)
[42.977s][info][gc             ] GC(70) Pause Young (Allocation Failure) 983M->530M(1944M) 8.471ms
[42.977s][info][gc,cpu         ] GC(70) User=0.00s Sys=0.00s Real=0.00s
[43.387s][info][gc,start       ] GC(71) Pause Young (Allocation Failure)
[43.410s][info][gc,heap        ] GC(71) PSYoungGen: 499412K(592384K)->52690K(539136K) Eden: 486400K(486400K)->0K(486400K) From: 13012K(105984K)->52690K(52736K)
[43.410s][info][gc,heap        ] GC(71) ParOldGen: 530219K(1398272K)->536855K(1398272K)
[43.410s][info][gc,metaspace   ] GC(71) Metaspace: 65804K(67136K)->65804K(67136K) NonClass: 57390K(58048K)->57390K(58048K) Class: 8413K(9088K)->8413K(9088K)
[43.410s][info][gc             ] GC(71) Pause Young (Allocation Failure) 1005M->575M(1892M) 23.355ms
[43.410s][info][gc,cpu         ] GC(71) User=1.03s Sys=0.00s Real=0.03s
[43.627s][info][gc,start       ] GC(72) Pause Young (Allocation Failure)
[43.662s][info][gc,heap        ] GC(72) PSYoungGen: 537452K(539136K)->83286K(576512K) Eden: 484762K(486400K)->0K(473600K) From: 52690K(52736K)->83286K(102912K)
[43.662s][info][gc,heap        ] GC(72) ParOldGen: 536855K(1398272K)->537023K(1398272K)
[43.662s][info][gc,metaspace   ] GC(72) Metaspace: 65812K(67136K)->65812K(67136K) NonClass: 57398K(58048K)->57398K(58048K) Class: 8413K(9088K)->8413K(9088K)
[43.662s][info][gc             ] GC(72) Pause Young (Allocation Failure) 1049M->605M(1928M) 35.130ms
[43.662s][info][gc,cpu         ] GC(72) User=0.80s Sys=0.00s Real=0.03s
[43.872s][info][gc,start       ] GC(73) Pause Young (Allocation Failure)
[43.997s][info][gc,heap        ] GC(73) PSYoungGen: 556886K(576512K)->71399K(545280K) Eden: 473600K(473600K)->0K(473600K) From: 83286K(102912K)->71399K(71680K)
[43.997s][info][gc,heap        ] GC(73) ParOldGen: 537023K(1398272K)->574026K(1398272K)
[43.997s][info][gc,metaspace   ] GC(73) Metaspace: 65819K(67136K)->65819K(67136K) NonClass: 57405K(58048K)->57405K(58048K) Class: 8414K(9088K)->8414K(9088K)
[43.997s][info][gc             ] GC(73) Pause Young (Allocation Failure) 1068M->630M(1898M) 125.176ms
[43.997s][info][gc,cpu         ] GC(73) User=1.42s Sys=0.02s Real=0.13s
[44.129s][info][gc,start       ] GC(74) Pause Young (System.gc())
[44.157s][info][gc,heap        ] GC(74) PSYoungGen: 219974K(545280K)->128K(580608K) Eden: 148575K(473600K)->0K(465408K) From: 71399K(71680K)->128K(115200K)
[44.157s][info][gc,heap        ] GC(74) ParOldGen: 574026K(1398272K)->577186K(1398272K)
[44.157s][info][gc,metaspace   ] GC(74) Metaspace: 65819K(67136K)->65819K(67136K) NonClass: 57405K(58048K)->57405K(58048K) Class: 8414K(9088K)->8414K(9088K)
[44.157s][info][gc             ] GC(74) Pause Young (System.gc()) 775M->563M(1932M) 28.391ms
[44.157s][info][gc,cpu         ] GC(74) User=1.03s Sys=0.00s Real=0.03s
[44.157s][info][gc,start       ] GC(75) Pause Full (System.gc())
[44.157s][info][gc,phases,start] GC(75) Marking Phase
[44.202s][info][gc,phases      ] GC(75) Marking Phase 44.246ms
[44.202s][info][gc,phases,start] GC(75) Summary Phase
[44.202s][info][gc,phases      ] GC(75) Summary Phase 0.019ms
[44.202s][info][gc,phases,start] GC(75) Adjust Roots
[44.211s][info][gc,phases      ] GC(75) Adjust Roots 9.593ms
[44.211s][info][gc,phases,start] GC(75) Compaction Phase
[44.235s][info][gc,phases      ] GC(75) Compaction Phase 23.311ms
[44.235s][info][gc,phases,start] GC(75) Post Compact
[44.238s][info][gc,phases      ] GC(75) Post Compact 3.387ms
[44.238s][info][gc,heap        ] GC(75) PSYoungGen: 128K(580608K)->0K(580608K) Eden: 0K(465408K)->0K(465408K) From: 128K(115200K)->0K(115200K)
[44.238s][info][gc,heap        ] GC(75) ParOldGen: 577186K(1398272K)->147693K(1398272K)
[44.238s][info][gc,metaspace   ] GC(75) Metaspace: 65819K(67136K)->65819K(67136K) NonClass: 57405K(58048K)->57405K(58048K) Class: 8414K(9088K)->8414K(9088K)
[44.238s][info][gc             ] GC(75) Pause Full (System.gc()) 563M->144M(1932M) 80.845ms
[44.238s][info][gc,cpu         ] GC(75) User=1.63s Sys=0.00s Real=0.09s
[44.507s][info][gc,start       ] GC(76) Pause Young (Allocation Failure)
[44.549s][info][gc,heap        ] GC(76) PSYoungGen: 465408K(580608K)->105344K(570880K) Eden: 465408K(465408K)->0K(465408K) From: 0K(115200K)->105344K(105472K)
[44.549s][info][gc,heap        ] GC(76) ParOldGen: 147693K(1398272K)->147701K(1398272K)
[44.549s][info][gc,metaspace   ] GC(76) Metaspace: 65878K(67136K)->65878K(67136K) NonClass: 57462K(58048K)->57462K(58048K) Class: 8416K(9088K)->8416K(9088K)
[44.549s][info][gc             ] GC(76) Pause Young (Allocation Failure) 598M->247M(1923M) 42.641ms
[44.549s][info][gc,cpu         ] GC(76) User=1.23s Sys=0.00s Real=0.05s
[44.789s][info][gc,start       ] GC(77) Pause Young (Allocation Failure)
[44.859s][info][gc,heap        ] GC(77) PSYoungGen: 570752K(570880K)->53504K(572928K) Eden: 465408K(465408K)->0K(444928K) From: 105344K(105472K)->53504K(128000K)
[44.859s][info][gc,heap        ] GC(77) ParOldGen: 147701K(1398272K)->244396K(1398272K)
[44.859s][info][gc,metaspace   ] GC(77) Metaspace: 65883K(67136K)->65883K(67136K) NonClass: 57467K(58048K)->57467K(58048K) Class: 8416K(9088K)->8416K(9088K)
[44.859s][info][gc             ] GC(77) Pause Young (Allocation Failure) 701M->290M(1925M) 69.968ms
[44.859s][info][gc,cpu         ] GC(77) User=1.84s Sys=0.00s Real=0.07s
[45.071s][info][gc,start       ] GC(78) Pause Young (Allocation Failure)
[45.128s][info][gc,heap        ] GC(78) PSYoungGen: 498432K(572928K)->31456K(476672K) Eden: 444928K(444928K)->0K(444928K) From: 53504K(128000K)->31456K(31744K)
[45.128s][info][gc,heap        ] GC(78) ParOldGen: 244396K(1398272K)->290612K(1398272K)
[45.128s][info][gc,metaspace   ] GC(78) Metaspace: 65883K(67136K)->65883K(67136K) NonClass: 57467K(58048K)->57467K(58048K) Class: 8416K(9088K)->8416K(9088K)
[45.128s][info][gc             ] GC(78) Pause Young (Allocation Failure) 725M->314M(1831M) 56.863ms
[45.128s][info][gc,cpu         ] GC(78) User=1.42s Sys=0.00s Real=0.05s
[45.703s][info][gc,start       ] GC(79) Pause Young (Allocation Failure)
[45.920s][info][gc,heap        ] GC(79) PSYoungGen: 476384K(476672K)->26624K(569856K) Eden: 444928K(444928K)->0K(448512K) From: 31456K(31744K)->26624K(121344K)
[45.920s][info][gc,heap        ] GC(79) ParOldGen: 290612K(1398272K)->314964K(1398272K)
[45.920s][info][gc,metaspace   ] GC(79) Metaspace: 65910K(67136K)->65910K(67136K) NonClass: 57494K(58048K)->57494K(58048K) Class: 8416K(9088K)->8416K(9088K)
[45.920s][info][gc             ] GC(79) Pause Young (Allocation Failure) 749M->333M(1922M) 217.101ms
[45.920s][info][gc,cpu         ] GC(79) User=7.22s Sys=0.00s Real=0.22s
[46.371s][info][gc,start       ] GC(80) Pause Young (Allocation Failure)
[46.479s][info][gc,heap        ] GC(80) PSYoungGen: 475136K(569856K)->115456K(564224K) Eden: 448512K(448512K)->0K(448512K) From: 26624K(121344K)->115456K(115712K)
[46.479s][info][gc,heap        ] GC(80) ParOldGen: 314964K(1398272K)->340860K(1398272K)
[46.479s][info][gc,metaspace   ] GC(80) Metaspace: 65984K(67264K)->65984K(67264K) NonClass: 57568K(58176K)->57568K(58176K) Class: 8416K(9088K)->8416K(9088K)
[46.479s][info][gc             ] GC(80) Pause Young (Allocation Failure) 771M->445M(1916M) 108.093ms
[46.479s][info][gc,cpu         ] GC(80) User=3.61s Sys=0.00s Real=0.11s
[46.682s][info][gc,start       ] GC(81) Pause Young (Allocation Failure)
[46.733s][info][gc,heap        ] GC(81) PSYoungGen: 563968K(564224K)->51328K(570880K) Eden: 448512K(448512K)->0K(436224K) From: 115456K(115712K)->51328K(134656K)
[46.733s][info][gc,heap        ] GC(81) ParOldGen: 340860K(1398272K)->417741K(1398272K)
[46.733s][info][gc,metaspace   ] GC(81) Metaspace: 65984K(67264K)->65984K(67264K) NonClass: 57568K(58176K)->57568K(58176K) Class: 8416K(9088K)->8416K(9088K)
[46.733s][info][gc             ] GC(81) Pause Young (Allocation Failure) 883M->458M(1923M) 51.567ms
[46.733s][info][gc,cpu         ] GC(81) User=1.95s Sys=0.00s Real=0.06s
[46.951s][info][gc,start       ] GC(82) Pause Young (Allocation Failure)
[47.009s][info][gc,heap        ] GC(82) PSYoungGen: 487552K(570880K)->53408K(489984K) Eden: 436224K(436224K)->0K(436224K) From: 51328K(134656K)->53408K(53760K)
[47.009s][info][gc,heap        ] GC(82) ParOldGen: 417741K(1398272K)->454405K(1398272K)
[47.009s][info][gc,metaspace   ] GC(82) Metaspace: 65984K(67264K)->65984K(67264K) NonClass: 57568K(58176K)->57568K(58176K) Class: 8416K(9088K)->8416K(9088K)
[47.009s][info][gc             ] GC(82) Pause Young (Allocation Failure) 884M->495M(1844M) 57.918ms
[47.009s][info][gc,cpu         ] GC(82) User=1.55s Sys=0.00s Real=0.05s
[47.219s][info][gc,start       ] GC(83) Pause Young (Allocation Failure)
[47.271s][info][gc,heap        ] GC(83) PSYoungGen: 489632K(489984K)->29408K(559616K) Eden: 436224K(436224K)->0K(438784K) From: 53408K(53760K)->29408K(120832K)
[47.271s][info][gc,heap        ] GC(83) ParOldGen: 454405K(1398272K)->496365K(1398272K)
[47.271s][info][gc,metaspace   ] GC(83) Metaspace: 65984K(67264K)->65984K(67264K) NonClass: 57568K(58176K)->57568K(58176K) Class: 8416K(9088K)->8416K(9088K)
[47.271s][info][gc             ] GC(83) Pause Young (Allocation Failure) 921M->513M(1912M) 52.533ms
[47.271s][info][gc,cpu         ] GC(83) User=1.72s Sys=0.00s Real=0.06s
[48.117s][info][gc,start       ] GC(84) Pause Young (Allocation Failure)
[48.255s][info][gc,heap        ] GC(84) PSYoungGen: 468192K(559616K)->22732K(557056K) Eden: 438784K(438784K)->0K(438784K) From: 29408K(120832K)->22732K(118272K)
[48.255s][info][gc,heap        ] GC(84) ParOldGen: 496365K(1398272K)->523349K(1398272K)
[48.255s][info][gc,metaspace   ] GC(84) Metaspace: 66018K(67264K)->66018K(67264K) NonClass: 57602K(58176K)->57602K(58176K) Class: 8416K(9088K)->8416K(9088K)
[48.255s][info][gc             ] GC(84) Pause Young (Allocation Failure) 941M->533M(1909M) 137.835ms
[48.255s][info][gc,cpu         ] GC(84) User=4.13s Sys=0.00s Real=0.13s
[48.688s][info][gc,start       ] GC(85) Pause Young (Allocation Failure)
[48.720s][info][gc,heap        ] GC(85) PSYoungGen: 461516K(557056K)->34307K(576000K) Eden: 438784K(438784K)->0K(464384K) From: 22732K(118272K)->34307K(111616K)
[48.720s][info][gc,heap        ] GC(85) ParOldGen: 523349K(1398272K)->528635K(1398272K)
[48.720s][info][gc,metaspace   ] GC(85) Metaspace: 66070K(67328K)->66070K(67328K) NonClass: 57653K(58240K)->57653K(58240K) Class: 8416K(9088K)->8416K(9088K)
[48.720s][info][gc             ] GC(85) Pause Young (Allocation Failure) 961M->549M(1928M) 32.086ms
[48.720s][info][gc,cpu         ] GC(85) User=1.03s Sys=0.00s Real=0.03s
[49.087s][info][gc,start       ] GC(86) Pause Young (Allocation Failure)
[49.112s][info][gc,heap        ] GC(86) PSYoungGen: 498691K(576000K)->53204K(576000K) Eden: 464384K(464384K)->0K(464384K) From: 34307K(111616K)->53204K(111616K)
[49.112s][info][gc,heap        ] GC(86) ParOldGen: 528635K(1398272K)->528834K(1398272K)
[49.112s][info][gc,metaspace   ] GC(86) Metaspace: 66083K(67328K)->66083K(67328K) NonClass: 57665K(58240K)->57665K(58240K) Class: 8418K(9088K)->8418K(9088K)
[49.112s][info][gc             ] GC(86) Pause Young (Allocation Failure) 1003M->568M(1928M) 25.837ms
[49.112s][info][gc,cpu         ] GC(86) User=0.81s Sys=0.00s Real=0.03s
[49.539s][info][gc,start       ] GC(87) Pause Young (Allocation Failure)
[49.568s][info][gc,heap        ] GC(87) PSYoungGen: 517588K(576000K)->74226K(579072K) Eden: 464384K(464384K)->0K(471552K) From: 53204K(111616K)->74226K(107520K)
[49.568s][info][gc,heap        ] GC(87) ParOldGen: 528834K(1398272K)->535839K(1398272K)
[49.568s][info][gc,metaspace   ] GC(87) Metaspace: 66096K(67328K)->66096K(67328K) NonClass: 57678K(58240K)->57678K(58240K) Class: 8418K(9088K)->8418K(9088K)
[49.568s][info][gc             ] GC(87) Pause Young (Allocation Failure) 1021M->595M(1931M) 28.148ms
[49.568s][info][gc,cpu         ] GC(87) User=1.03s Sys=0.00s Real=0.03s
[49.805s][info][gc,start       ] GC(88) Pause Young (Allocation Failure)
[49.855s][info][gc,heap        ] GC(88) PSYoungGen: 545778K(579072K)->55582K(583168K) Eden: 471552K(471552K)->0K(471552K) From: 74226K(107520K)->55582K(111616K)
[49.855s][info][gc,heap        ] GC(88) ParOldGen: 535839K(1398272K)->546531K(1398272K)
[49.855s][info][gc,metaspace   ] GC(88) Metaspace: 66102K(67328K)->66102K(67328K) NonClass: 57683K(58240K)->57683K(58240K) Class: 8418K(9088K)->8418K(9088K)
[49.855s][info][gc             ] GC(88) Pause Young (Allocation Failure) 1056M->588M(1935M) 50.437ms
[49.855s][info][gc,cpu         ] GC(88) User=1.30s Sys=0.00s Real=0.05s
[50.064s][info][gc,start       ] GC(89) Pause Young (System.gc())
[50.135s][info][gc,heap        ] GC(89) PSYoungGen: 456811K(583168K)->96K(584192K) Eden: 401229K(471552K)->0K(476672K) From: 55582K(111616K)->96K(107520K)
[50.135s][info][gc,heap        ] GC(89) ParOldGen: 546531K(1398272K)->576017K(1398272K)
[50.135s][info][gc,metaspace   ] GC(89) Metaspace: 66106K(67328K)->66106K(67328K) NonClass: 57687K(58240K)->57687K(58240K) Class: 8418K(9088K)->8418K(9088K)
[50.135s][info][gc             ] GC(89) Pause Young (System.gc()) 979M->562M(1936M) 70.991ms
[50.135s][info][gc,cpu         ] GC(89) User=2.06s Sys=0.00s Real=0.06s
[50.135s][info][gc,start       ] GC(90) Pause Full (System.gc())
[50.135s][info][gc,phases,start] GC(90) Marking Phase
[50.173s][info][gc,phases      ] GC(90) Marking Phase 37.564ms
[50.173s][info][gc,phases,start] GC(90) Summary Phase
[50.173s][info][gc,phases      ] GC(90) Summary Phase 0.024ms
[50.173s][info][gc,phases,start] GC(90) Adjust Roots
[50.180s][info][gc,phases      ] GC(90) Adjust Roots 7.082ms
[50.180s][info][gc,phases,start] GC(90) Compaction Phase
[50.203s][info][gc,phases      ] GC(90) Compaction Phase 22.760ms
[50.203s][info][gc,phases,start] GC(90) Post Compact
[50.206s][info][gc,phases      ] GC(90) Post Compact 3.416ms
[50.206s][info][gc,heap        ] GC(90) PSYoungGen: 96K(584192K)->0K(584192K) Eden: 0K(476672K)->0K(476672K) From: 96K(107520K)->0K(107520K)
[50.206s][info][gc,heap        ] GC(90) ParOldGen: 576017K(1398272K)->147816K(1398272K)
[50.206s][info][gc,metaspace   ] GC(90) Metaspace: 66106K(67328K)->66106K(67328K) NonClass: 57687K(58240K)->57687K(58240K) Class: 8418K(9088K)->8418K(9088K)
[50.206s][info][gc             ] GC(90) Pause Full (System.gc()) 562M->144M(1936M) 71.167ms
[50.206s][info][gc,cpu         ] GC(90) User=2.05s Sys=0.00s Real=0.08s
[50.475s][info][gc,start       ] GC(91) Pause Young (Allocation Failure)
[50.520s][info][gc,heap        ] GC(91) PSYoungGen: 476672K(584192K)->108544K(585728K) Eden: 476672K(476672K)->0K(476672K) From: 0K(107520K)->108544K(109056K)
[50.520s][info][gc,heap        ] GC(91) ParOldGen: 147816K(1398272K)->147816K(1398272K)
[50.520s][info][gc,metaspace   ] GC(91) Metaspace: 66141K(67328K)->66141K(67328K) NonClass: 57723K(58240K)->57723K(58240K) Class: 8418K(9088K)->8418K(9088K)
[50.520s][info][gc             ] GC(91) Pause Young (Allocation Failure) 609M->250M(1937M) 44.673ms
[50.520s][info][gc,cpu         ] GC(91) User=1.22s Sys=0.00s Real=0.05s
[50.768s][info][gc,start       ] GC(92) Pause Young (Allocation Failure)
[50.841s][info][gc,heap        ] GC(92) PSYoungGen: 585216K(585728K)->57952K(567296K) Eden: 476672K(476672K)->0K(454144K) From: 108544K(109056K)->57952K(113152K)
[50.841s][info][gc,heap        ] GC(92) ParOldGen: 147816K(1398272K)->245422K(1398272K)
[50.841s][info][gc,metaspace   ] GC(92) Metaspace: 66141K(67328K)->66141K(67328K) NonClass: 57723K(58240K)->57723K(58240K) Class: 8418K(9088K)->8418K(9088K)
[50.841s][info][gc             ] GC(92) Pause Young (Allocation Failure) 715M->296M(1919M) 73.266ms
[50.841s][info][gc,cpu         ] GC(92) User=1.73s Sys=0.00s Real=0.06s
[51.052s][info][gc,start       ] GC(93) Pause Young (Allocation Failure)
[51.111s][info][gc,heap        ] GC(93) PSYoungGen: 512096K(567296K)->31552K(576512K) Eden: 454144K(454144K)->0K(454144K) From: 57952K(113152K)->31552K(122368K)
[51.111s][info][gc,heap        ] GC(93) ParOldGen: 245422K(1398272K)->291982K(1398272K)
[51.111s][info][gc,metaspace   ] GC(93) Metaspace: 66141K(67328K)->66141K(67328K) NonClass: 57723K(58240K)->57723K(58240K) Class: 8418K(9088K)->8418K(9088K)
[51.111s][info][gc             ] GC(93) Pause Young (Allocation Failure) 739M->315M(1928M) 58.677ms
[51.111s][info][gc,cpu         ] GC(93) User=1.70s Sys=0.00s Real=0.06s
[51.866s][info][gc,start       ] GC(94) Pause Young (Allocation Failure)
[52.101s][info][gc,heap        ] GC(94) PSYoungGen: 485696K(576512K)->25504K(567808K) Eden: 454144K(454144K)->0K(457728K) From: 31552K(122368K)->25504K(110080K)
[52.101s][info][gc,heap        ] GC(94) ParOldGen: 291982K(1398272K)->316670K(1398272K)
[52.101s][info][gc,metaspace   ] GC(94) Metaspace: 66151K(67328K)->66151K(67328K) NonClass: 57733K(58240K)->57733K(58240K) Class: 8418K(9088K)->8418K(9088K)
[52.101s][info][gc             ] GC(94) Pause Young (Allocation Failure) 759M->334M(1920M) 235.806ms
[52.102s][info][gc,cpu         ] GC(94) User=7.73s Sys=0.00s Real=0.23s
[52.436s][info][gc,start       ] GC(95) Pause Young (Allocation Failure)
[52.529s][info][gc,heap        ] GC(95) PSYoungGen: 483232K(567808K)->105056K(563200K) Eden: 457728K(457728K)->0K(457728K) From: 25504K(110080K)->105056K(105472K)
[52.530s][info][gc,heap        ] GC(95) ParOldGen: 316670K(1398272K)->341554K(1398272K)
[52.530s][info][gc,metaspace   ] GC(95) Metaspace: 66158K(67328K)->66158K(67328K) NonClass: 57739K(58240K)->57739K(58240K) Class: 8418K(9088K)->8418K(9088K)
[52.530s][info][gc             ] GC(95) Pause Young (Allocation Failure) 781M->436M(1915M) 93.843ms
[52.530s][info][gc,cpu         ] GC(95) User=3.08s Sys=0.00s Real=0.09s
[52.733s][info][gc,start       ] GC(96) Pause Young (Allocation Failure)
[52.790s][info][gc,heap        ] GC(96) PSYoungGen: 562784K(563200K)->52000K(576000K) Eden: 457728K(457728K)->0K(445440K) From: 105056K(105472K)->52000K(130560K)
[52.790s][info][gc,heap        ] GC(96) ParOldGen: 341554K(1398272K)->439834K(1398272K)
[52.790s][info][gc,metaspace   ] GC(96) Metaspace: 66158K(67328K)->66158K(67328K) NonClass: 57739K(58240K)->57739K(58240K) Class: 8418K(9088K)->8418K(9088K)
[52.790s][info][gc             ] GC(96) Pause Young (Allocation Failure) 883M->480M(1928M) 56.923ms
[52.790s][info][gc,cpu         ] GC(96) User=1.97s Sys=0.00s Real=0.06s
[53.007s][info][gc,start       ] GC(97) Pause Young (Allocation Failure)
[53.063s][info][gc,heap        ] GC(97) PSYoungGen: 497440K(576000K)->48832K(494592K) Eden: 445440K(445440K)->0K(445440K) From: 52000K(130560K)->48832K(49152K)
[53.063s][info][gc,heap        ] GC(97) ParOldGen: 439834K(1398272K)->474514K(1398272K)
[53.063s][info][gc,metaspace   ] GC(97) Metaspace: 66158K(67328K)->66158K(67328K) NonClass: 57739K(58240K)->57739K(58240K) Class: 8418K(9088K)->8418K(9088K)
[53.063s][info][gc             ] GC(97) Pause Young (Allocation Failure) 915M->511M(1848M) 56.276ms
[53.063s][info][gc,cpu         ] GC(97) User=1.55s Sys=0.00s Real=0.05s
[53.547s][info][gc,start       ] GC(98) Pause Young (Allocation Failure)
[53.614s][info][gc,heap        ] GC(98) PSYoungGen: 493433K(494592K)->35030K(565248K) Eden: 444601K(445440K)->0K(448512K) From: 48832K(49152K)->35030K(116736K)
[53.614s][info][gc,heap        ] GC(98) ParOldGen: 474514K(1398272K)->532378K(1398272K)
[53.614s][info][gc,metaspace   ] GC(98) Metaspace: 66158K(67328K)->66158K(67328K) NonClass: 57739K(58240K)->57739K(58240K) Class: 8418K(9088K)->8418K(9088K)
[53.614s][info][gc             ] GC(98) Pause Young (Allocation Failure) 945M->554M(1917M) 67.046ms
[53.614s][info][gc,cpu         ] GC(98) User=1.80s Sys=0.00s Real=0.06s
[54.195s][info][gc,start       ] GC(99) Pause Young (Allocation Failure)
[54.308s][info][gc,heap        ] GC(99) PSYoungGen: 483542K(565248K)->31537K(562176K) Eden: 448512K(448512K)->0K(448512K) From: 35030K(116736K)->31537K(113664K)
[54.308s][info][gc,heap        ] GC(99) ParOldGen: 532378K(1398272K)->560698K(1398272K)
[54.308s][info][gc,metaspace   ] GC(99) Metaspace: 66192K(67392K)->66192K(67392K) NonClass: 57773K(58304K)->57773K(58304K) Class: 8419K(9088K)->8419K(9088K)
[54.308s][info][gc             ] GC(99) Pause Young (Allocation Failure) 992M->578M(1914M) 113.448ms
[54.308s][info][gc,cpu         ] GC(99) User=3.55s Sys=0.03s Real=0.11s
[54.854s][info][gc,start       ] GC(100) Pause Young (Allocation Failure)
[54.860s][info][gc,heap        ] GC(100) PSYoungGen: 477198K(562176K)->864K(577024K) Eden: 445660K(448512K)->0K(466432K) From: 31537K(113664K)->864K(110592K)
[54.860s][info][gc,heap        ] GC(100) ParOldGen: 560698K(1398272K)->560954K(1398272K)
[54.860s][info][gc,metaspace   ] GC(100) Metaspace: 66265K(67456K)->66265K(67456K) NonClass: 57844K(58368K)->57844K(58368K) Class: 8420K(9088K)->8420K(9088K)
[54.860s][info][gc             ] GC(100) Pause Young (Allocation Failure) 1013M->548M(1929M) 6.622ms
[54.860s][info][gc,cpu         ] GC(100) User=0.06s Sys=0.00s Real=0.02s
[55.106s][info][gc,start       ] GC(101) Pause Young (Allocation Failure)
[55.139s][info][gc,heap        ] GC(101) PSYoungGen: 467296K(577024K)->69108K(579072K) Eden: 466432K(466432K)->0K(466432K) From: 864K(110592K)->69108K(112640K)
[55.139s][info][gc,heap        ] GC(101) ParOldGen: 560954K(1398272K)->561175K(1398272K)
[55.139s][info][gc,metaspace   ] GC(101) Metaspace: 66276K(67456K)->66276K(67456K) NonClass: 57855K(58368K)->57855K(58368K) Class: 8420K(9088K)->8420K(9088K)
[55.139s][info][gc             ] GC(101) Pause Young (Allocation Failure) 1004M->615M(1931M) 33.525ms
[55.139s][info][gc,cpu         ] GC(101) User=0.75s Sys=0.00s Real=0.03s
[55.522s][info][gc,start       ] GC(102) Pause Young (Allocation Failure)
[55.546s][info][gc,heap        ] GC(102) PSYoungGen: 535540K(579072K)->72408K(578560K) Eden: 466432K(466432K)->0K(463360K) From: 69108K(112640K)->72408K(115200K)
[55.546s][info][gc,heap        ] GC(102) ParOldGen: 561175K(1398272K)->561343K(1398272K)
[55.546s][info][gc,metaspace   ] GC(102) Metaspace: 66309K(67520K)->66309K(67520K) NonClass: 57889K(58432K)->57889K(58432K) Class: 8420K(9088K)->8420K(9088K)
[55.546s][info][gc             ] GC(102) Pause Young (Allocation Failure) 1071M->618M(1930M) 24.035ms
[55.546s][info][gc,cpu         ] GC(102) User=0.38s Sys=0.00s Real=0.01s
[55.766s][info][gc,start       ] GC(103) Pause Young (Allocation Failure)
[55.811s][info][gc,heap        ] GC(103) PSYoungGen: 535768K(578560K)->49546K(513024K) Eden: 463360K(463360K)->0K(463360K) From: 72408K(115200K)->49546K(49664K)
[55.811s][info][gc,heap        ] GC(103) ParOldGen: 561343K(1398272K)->580402K(1398272K)
[55.811s][info][gc,metaspace   ] GC(103) Metaspace: 66329K(67520K)->66329K(67520K) NonClass: 57908K(58432K)->57908K(58432K) Class: 8420K(9088K)->8420K(9088K)
[55.811s][info][gc             ] GC(103) Pause Young (Allocation Failure) 1071M->615M(1866M) 44.513ms
[55.811s][info][gc,cpu         ] GC(103) User=1.55s Sys=0.00s Real=0.05s
[55.983s][info][gc,start       ] GC(104) Pause Young (System.gc())
[56.064s][info][gc,heap        ] GC(104) PSYoungGen: 363883K(513024K)->160K(574976K) Eden: 314337K(463360K)->0K(463872K) From: 49546K(49664K)->160K(111104K)
[56.064s][info][gc,heap        ] GC(104) ParOldGen: 580402K(1398272K)->601506K(1398272K)
[56.064s][info][gc,metaspace   ] GC(104) Metaspace: 66329K(67520K)->66329K(67520K) NonClass: 57908K(58432K)->57908K(58432K) Class: 8420K(9088K)->8420K(9088K)
[56.064s][info][gc             ] GC(104) Pause Young (System.gc()) 922M->587M(1927M) 80.419ms
[56.064s][info][gc,cpu         ] GC(104) User=2.58s Sys=0.00s Real=0.08s
[56.064s][info][gc,start       ] GC(105) Pause Full (System.gc())
[56.064s][info][gc,phases,start] GC(105) Marking Phase
[56.104s][info][gc,phases      ] GC(105) Marking Phase 39.793ms
[56.104s][info][gc,phases,start] GC(105) Summary Phase
[56.104s][info][gc,phases      ] GC(105) Summary Phase 0.019ms
[56.104s][info][gc,phases,start] GC(105) Adjust Roots
[56.114s][info][gc,phases      ] GC(105) Adjust Roots 10.371ms
[56.114s][info][gc,phases,start] GC(105) Compaction Phase
[56.137s][info][gc,phases      ] GC(105) Compaction Phase 23.146ms
[56.137s][info][gc,phases,start] GC(105) Post Compact
[56.141s][info][gc,phases      ] GC(105) Post Compact 3.389ms
[56.141s][info][gc,heap        ] GC(105) PSYoungGen: 160K(574976K)->0K(574976K) Eden: 0K(463872K)->0K(463872K) From: 160K(111104K)->0K(111104K)
[56.141s][info][gc,heap        ] GC(105) ParOldGen: 601506K(1398272K)->147937K(1398272K)
[56.141s][info][gc,metaspace   ] GC(105) Metaspace: 66329K(67520K)->66329K(67520K) NonClass: 57908K(58432K)->57908K(58432K) Class: 8420K(9088K)->8420K(9088K)
[56.141s][info][gc             ] GC(105) Pause Full (System.gc()) 587M->144M(1927M) 76.991ms
[56.141s][info][gc,cpu         ] GC(105) User=1.59s Sys=0.00s Real=0.08s
[56.415s][info][gc,start       ] GC(106) Pause Young (Allocation Failure)
[56.458s][info][gc,heap        ] GC(106) PSYoungGen: 463872K(574976K)->104992K(569344K) Eden: 463872K(463872K)->0K(463872K) From: 0K(111104K)->104992K(105472K)
[56.458s][info][gc,heap        ] GC(106) ParOldGen: 147937K(1398272K)->147945K(1398272K)
[56.458s][info][gc,metaspace   ] GC(106) Metaspace: 66348K(67520K)->66348K(67520K) NonClass: 57928K(58432K)->57928K(58432K) Class: 8420K(9088K)->8420K(9088K)
[56.458s][info][gc             ] GC(106) Pause Young (Allocation Failure) 597M->247M(1921M) 42.661ms
[56.458s][info][gc,cpu         ] GC(106) User=1.17s Sys=0.00s Real=0.05s
[56.693s][info][gc,start       ] GC(107) Pause Young (Allocation Failure)
[56.762s][info][gc,heap        ] GC(107) PSYoungGen: 568864K(569344K)->53088K(577024K) Eden: 463872K(463872K)->0K(448000K) From: 104992K(105472K)->53088K(129024K)
[56.762s][info][gc,heap        ] GC(107) ParOldGen: 147945K(1398272K)->245238K(1398272K)
[56.762s][info][gc,metaspace   ] GC(107) Metaspace: 66348K(67520K)->66348K(67520K) NonClass: 57928K(58432K)->57928K(58432K) Class: 8420K(9088K)->8420K(9088K)
[56.762s][info][gc             ] GC(107) Pause Young (Allocation Failure) 700M->291M(1929M) 69.775ms
[56.763s][info][gc,cpu         ] GC(107) User=1.91s Sys=0.00s Real=0.06s
[56.971s][info][gc,start       ] GC(108) Pause Young (Allocation Failure)
[57.027s][info][gc,heap        ] GC(108) PSYoungGen: 501088K(577024K)->31488K(479744K) Eden: 448000K(448000K)->0K(448000K) From: 53088K(129024K)->31488K(31744K)
[57.027s][info][gc,heap        ] GC(108) ParOldGen: 245238K(1398272K)->291158K(1398272K)
[57.027s][info][gc,metaspace   ] GC(108) Metaspace: 66348K(67520K)->66348K(67520K) NonClass: 57928K(58432K)->57928K(58432K) Class: 8420K(9088K)->8420K(9088K)
[57.027s][info][gc             ] GC(108) Pause Young (Allocation Failure) 728M->315M(1834M) 56.064ms
[57.027s][info][gc,cpu         ] GC(108) User=1.75s Sys=0.00s Real=0.06s
[57.624s][info][gc,start       ] GC(109) Pause Young (Allocation Failure)
[57.838s][info][gc,heap        ] GC(109) PSYoungGen: 479488K(479744K)->26304K(569344K) Eden: 448000K(448000K)->0K(451072K) From: 31488K(31744K)->26304K(118272K)
[57.838s][info][gc,heap        ] GC(109) ParOldGen: 291158K(1398272K)->315582K(1398272K)
[57.838s][info][gc,metaspace   ] GC(109) Metaspace: 66348K(67520K)->66348K(67520K) NonClass: 57928K(58432K)->57928K(58432K) Class: 8420K(9088K)->8420K(9088K)
[57.838s][info][gc             ] GC(109) Pause Young (Allocation Failure) 752M->333M(1921M) 213.980ms
[57.838s][info][gc,cpu         ] GC(109) User=6.70s Sys=0.00s Real=0.20s
[58.268s][info][gc,start       ] GC(110) Pause Young (Allocation Failure)
[58.375s][info][gc,heap        ] GC(110) PSYoungGen: 477376K(569344K)->113344K(564736K) Eden: 451072K(451072K)->0K(451072K) From: 26304K(118272K)->113344K(113664K)
[58.375s][info][gc,heap        ] GC(110) ParOldGen: 315582K(1398272K)->341182K(1398272K)
[58.375s][info][gc,metaspace   ] GC(110) Metaspace: 66362K(67584K)->66362K(67584K) NonClass: 57941K(58496K)->57941K(58496K) Class: 8420K(9088K)->8420K(9088K)
[58.375s][info][gc             ] GC(110) Pause Young (Allocation Failure) 774M->443M(1917M) 106.858ms
[58.375s][info][gc,cpu         ] GC(110) User=3.61s Sys=0.00s Real=0.11s
[58.582s][info][gc,start       ] GC(111) Pause Young (Allocation Failure)
[58.630s][info][gc,heap        ] GC(111) PSYoungGen: 564416K(564736K)->52512K(573952K) Eden: 451072K(451072K)->0K(440832K) From: 113344K(113664K)->52512K(133120K)
[58.630s][info][gc,heap        ] GC(111) ParOldGen: 341182K(1398272K)->420032K(1398272K)
[58.630s][info][gc,metaspace   ] GC(111) Metaspace: 66364K(67584K)->66364K(67584K) NonClass: 57943K(58496K)->57943K(58496K) Class: 8420K(9088K)->8420K(9088K)
[58.630s][info][gc             ] GC(111) Pause Young (Allocation Failure) 884M->461M(1926M) 48.187ms
[58.630s][info][gc,cpu         ] GC(111) User=2.06s Sys=0.00s Real=0.05s
[58.843s][info][gc,start       ] GC(112) Pause Young (Allocation Failure)
[58.899s][info][gc,heap        ] GC(112) PSYoungGen: 493344K(573952K)->49408K(490496K) Eden: 440832K(440832K)->0K(440832K) From: 52512K(133120K)->49408K(49664K)
[58.899s][info][gc,heap        ] GC(112) ParOldGen: 420032K(1398272K)->455680K(1398272K)
[58.899s][info][gc,metaspace   ] GC(112) Metaspace: 66364K(67584K)->66364K(67584K) NonClass: 57943K(58496K)->57943K(58496K) Class: 8420K(9088K)->8420K(9088K)
[58.899s][info][gc             ] GC(112) Pause Young (Allocation Failure) 891M->493M(1844M) 56.349ms
[58.899s][info][gc,cpu         ] GC(112) User=1.55s Sys=0.00s Real=0.05s
[59.112s][info][gc,start       ] GC(113) Pause Young (Allocation Failure)
[59.166s][info][gc,heap        ] GC(113) PSYoungGen: 490240K(490496K)->29536K(562176K) Eden: 440832K(440832K)->0K(443392K) From: 49408K(49664K)->29536K(118784K)
[59.166s][info][gc,heap        ] GC(113) ParOldGen: 455680K(1398272K)->501672K(1398272K)
[59.166s][info][gc,metaspace   ] GC(113) Metaspace: 66364K(67584K)->66364K(67584K) NonClass: 57943K(58496K)->57943K(58496K) Class: 8420K(9088K)->8420K(9088K)
[59.166s][info][gc             ] GC(113) Pause Young (Allocation Failure) 923M->518M(1914M) 53.440ms
[59.166s][info][gc,cpu         ] GC(113) User=1.31s Sys=0.00s Real=0.05s
[59.983s][info][gc,start       ] GC(114) Pause Young (Allocation Failure)
[60.116s][info][gc,heap        ] GC(114) PSYoungGen: 472928K(562176K)->28531K(559616K) Eden: 443392K(443392K)->0K(443392K) From: 29536K(118784K)->28531K(116224K)
[60.116s][info][gc,heap        ] GC(114) ParOldGen: 501672K(1398272K)->529416K(1398272K)
[60.116s][info][gc,metaspace   ] GC(114) Metaspace: 66441K(67648K)->66441K(67648K) NonClass: 58009K(58560K)->58009K(58560K) Class: 8431K(9088K)->8431K(9088K)
[60.116s][info][gc             ] GC(114) Pause Young (Allocation Failure) 951M->544M(1912M) 133.396ms
[60.117s][info][gc,cpu         ] GC(114) User=4.13s Sys=0.00s Real=0.13s
[60.568s][info][gc,start       ] GC(115) Pause Young (Allocation Failure)
[60.598s][info][gc,heap        ] GC(115) PSYoungGen: 471923K(559616K)->36419K(578048K) Eden: 443392K(443392K)->0K(468480K) From: 28531K(116224K)->36419K(109568K)
[60.598s][info][gc,heap        ] GC(115) ParOldGen: 529416K(1398272K)->532951K(1398272K)
[60.599s][info][gc,metaspace   ] GC(115) Metaspace: 66537K(67712K)->66537K(67712K) NonClass: 58105K(58624K)->58105K(58624K) Class: 8431K(9088K)->8431K(9088K)
[60.599s][info][gc             ] GC(115) Pause Young (Allocation Failure) 977M->556M(1930M) 31.021ms
[60.599s][info][gc,cpu         ] GC(115) User=1.03s Sys=0.00s Real=0.03s
[60.957s][info][gc,start       ] GC(116) Pause Young (Allocation Failure)
[60.987s][info][gc,heap        ] GC(116) PSYoungGen: 504899K(578048K)->56096K(577024K) Eden: 468480K(468480K)->0K(468480K) From: 36419K(109568K)->56096K(108544K)
[60.987s][info][gc,heap        ] GC(116) ParOldGen: 532951K(1398272K)->533143K(1398272K)
[60.987s][info][gc,metaspace   ] GC(116) Metaspace: 66559K(67712K)->66559K(67712K) NonClass: 58127K(58624K)->58127K(58624K) Class: 8431K(9088K)->8431K(9088K)
[60.987s][info][gc             ] GC(116) Pause Young (Allocation Failure) 1013M->575M(1929M) 29.797ms
[60.987s][info][gc,cpu         ] GC(116) User=0.75s Sys=0.00s Real=0.03s
[61.375s][info][gc,start       ] GC(117) Pause Young (Allocation Failure)
[61.409s][info][gc,heap        ] GC(117) PSYoungGen: 524576K(577024K)->87156K(575488K) Eden: 468480K(468480K)->0K(469504K) From: 56096K(108544K)->87156K(105984K)
[61.409s][info][gc,heap        ] GC(117) ParOldGen: 533143K(1398272K)->541626K(1398272K)
[61.409s][info][gc,metaspace   ] GC(117) Metaspace: 66572K(67712K)->66572K(67712K) NonClass: 58140K(58624K)->58140K(58624K) Class: 8431K(9088K)->8431K(9088K)
[61.409s][info][gc             ] GC(117) Pause Young (Allocation Failure) 1032M->614M(1927M) 33.848ms
[61.409s][info][gc,cpu         ] GC(117) User=1.03s Sys=0.00s Real=0.03s
[61.689s][info][gc,start       ] GC(118) Pause Young (Allocation Failure)
[61.734s][info][gc,heap        ] GC(118) PSYoungGen: 556660K(575488K)->50787K(584192K) Eden: 469504K(469504K)->0K(469504K) From: 87156K(105984K)->50787K(114688K)
[61.734s][info][gc,heap        ] GC(118) ParOldGen: 541626K(1398272K)->559411K(1398272K)
[61.734s][info][gc,metaspace   ] GC(118) Metaspace: 66580K(67712K)->66580K(67712K) NonClass: 58148K(58624K)->58148K(58624K) Class: 8431K(9088K)->8431K(9088K)
[61.734s][info][gc             ] GC(118) Pause Young (Allocation Failure) 1072M->595M(1936M) 45.133ms
[61.735s][info][gc,cpu         ] GC(118) User=1.55s Sys=0.00s Real=0.05s
[61.918s][info][gc,start       ] GC(119) Pause Young (System.gc())
[62.023s][info][gc,heap        ] GC(119) PSYoungGen: 391094K(584192K)->128K(583680K) Eden: 340307K(469504K)->0K(475136K) From: 50787K(114688K)->128K(108544K)
[62.023s][info][gc,heap        ] GC(119) ParOldGen: 559411K(1398272K)->581781K(1398272K)
[62.023s][info][gc,metaspace   ] GC(119) Metaspace: 66580K(67712K)->66580K(67712K) NonClass: 58148K(58624K)->58148K(58624K) Class: 8431K(9088K)->8431K(9088K)
[62.023s][info][gc             ] GC(119) Pause Young (System.gc()) 928M->568M(1935M) 105.121ms
[62.023s][info][gc,cpu         ] GC(119) User=3.61s Sys=0.00s Real=0.11s
[62.023s][info][gc,start       ] GC(120) Pause Full (System.gc())
[62.023s][info][gc,phases,start] GC(120) Marking Phase
[62.066s][info][gc,phases      ] GC(120) Marking Phase 42.564ms
[62.066s][info][gc,phases,start] GC(120) Summary Phase
[62.066s][info][gc,phases      ] GC(120) Summary Phase 0.020ms
[62.066s][info][gc,phases,start] GC(120) Adjust Roots
[62.081s][info][gc,phases      ] GC(120) Adjust Roots 15.492ms
[62.081s][info][gc,phases,start] GC(120) Compaction Phase
[62.106s][info][gc,phases      ] GC(120) Compaction Phase 24.709ms
[62.106s][info][gc,phases,start] GC(120) Post Compact
[62.110s][info][gc,phases      ] GC(120) Post Compact 3.508ms
[62.110s][info][gc,heap        ] GC(120) PSYoungGen: 128K(583680K)->0K(583680K) Eden: 0K(475136K)->0K(475136K) From: 128K(108544K)->0K(108544K)
[62.110s][info][gc,heap        ] GC(120) ParOldGen: 581781K(1398272K)->148051K(1398272K)
[62.110s][info][gc,metaspace   ] GC(120) Metaspace: 66580K(67712K)->66580K(67712K) NonClass: 58148K(58624K)->58148K(58624K) Class: 8431K(9088K)->8431K(9088K)
[62.110s][info][gc             ] GC(120) Pause Full (System.gc()) 568M->144M(1935M) 86.671ms
[62.110s][info][gc,cpu         ] GC(120) User=1.72s Sys=0.02s Real=0.08s
[62.371s][info][gc,start       ] GC(121) Pause Young (Allocation Failure)
[62.411s][info][gc,heap        ] GC(121) PSYoungGen: 475136K(583680K)->106400K(581632K) Eden: 475136K(475136K)->0K(475136K) From: 0K(108544K)->106400K(106496K)
[62.411s][info][gc,heap        ] GC(121) ParOldGen: 148051K(1398272K)->148051K(1398272K)
[62.411s][info][gc,metaspace   ] GC(121) Metaspace: 66604K(67776K)->66604K(67776K) NonClass: 58172K(58688K)->58172K(58688K) Class: 8431K(9088K)->8431K(9088K)
[62.411s][info][gc             ] GC(121) Pause Young (Allocation Failure) 608M->248M(1933M) 40.293ms
[62.411s][info][gc,cpu         ] GC(121) User=1.03s Sys=0.02s Real=0.03s
[62.653s][info][gc,start       ] GC(122) Pause Young (Allocation Failure)
[62.724s][info][gc,heap        ] GC(122) PSYoungGen: 581536K(581632K)->53600K(575488K) Eden: 475136K(475136K)->0K(458240K) From: 106400K(106496K)->53600K(117248K)
[62.724s][info][gc,heap        ] GC(122) ParOldGen: 148051K(1398272K)->246342K(1398272K)
[62.724s][info][gc,metaspace   ] GC(122) Metaspace: 66604K(67776K)->66604K(67776K) NonClass: 58172K(58688K)->58172K(58688K) Class: 8431K(9088K)->8431K(9088K)
[62.724s][info][gc             ] GC(122) Pause Young (Allocation Failure) 712M->292M(1927M) 71.092ms
[62.724s][info][gc,cpu         ] GC(122) User=1.81s Sys=0.00s Real=0.06s
[62.936s][info][gc,start       ] GC(123) Pause Young (Allocation Failure)
[62.992s][info][gc,heap        ] GC(123) PSYoungGen: 511840K(575488K)->31584K(578560K) Eden: 458240K(458240K)->0K(458240K) From: 53600K(117248K)->31584K(120320K)
[62.992s][info][gc,heap        ] GC(123) ParOldGen: 246342K(1398272K)->292534K(1398272K)
[62.992s][info][gc,metaspace   ] GC(123) Metaspace: 66604K(67776K)->66604K(67776K) NonClass: 58172K(58688K)->58172K(58688K) Class: 8431K(9088K)->8431K(9088K)
[62.992s][info][gc             ] GC(123) Pause Young (Allocation Failure) 740M->316M(1930M) 55.226ms
[62.992s][info][gc,cpu         ] GC(123) User=1.28s Sys=0.00s Real=0.05s
[63.697s][info][gc,start       ] GC(124) Pause Young (Allocation Failure)
[63.900s][info][gc,heap        ] GC(124) PSYoungGen: 489824K(578560K)->26079K(573440K) Eden: 458240K(458240K)->0K(461312K) From: 31584K(120320K)->26079K(112128K)
[63.900s][info][gc,heap        ] GC(124) ParOldGen: 292534K(1398272K)->317358K(1398272K)
[63.900s][info][gc,metaspace   ] GC(124) Metaspace: 66622K(67776K)->66622K(67776K) NonClass: 58190K(58688K)->58190K(58688K) Class: 8431K(9088K)->8431K(9088K)
[63.900s][info][gc             ] GC(124) Pause Young (Allocation Failure) 764M->335M(1925M) 202.982ms
[63.900s][info][gc,cpu         ] GC(124) User=6.38s Sys=0.02s Real=0.20s
[64.240s][info][gc,start       ] GC(125) Pause Young (Allocation Failure)
[64.335s][info][gc,heap        ] GC(125) PSYoungGen: 487391K(573440K)->92448K(553984K) Eden: 461312K(461312K)->0K(461312K) From: 26079K(112128K)->92448K(92672K)
[64.335s][info][gc,heap        ] GC(125) ParOldGen: 317358K(1398272K)->341821K(1398272K)
[64.335s][info][gc,metaspace   ] GC(125) Metaspace: 66628K(67776K)->66628K(67776K) NonClass: 58197K(58688K)->58197K(58688K) Class: 8431K(9088K)->8431K(9088K)
[64.336s][info][gc             ] GC(125) Pause Young (Allocation Failure) 785M->424M(1906M) 95.865ms
[64.336s][info][gc,cpu         ] GC(125) User=3.56s Sys=0.00s Real=0.11s
[64.548s][info][gc,start       ] GC(126) Pause Young (Allocation Failure)
[64.604s][info][gc,heap        ] GC(126) PSYoungGen: 553760K(553984K)->50336K(581120K) Eden: 461312K(461312K)->0K(456704K) From: 92448K(92672K)->50336K(124416K)
[64.604s][info][gc,heap        ] GC(126) ParOldGen: 341821K(1398272K)->433221K(1398272K)
[64.604s][info][gc,metaspace   ] GC(126) Metaspace: 66628K(67776K)->66628K(67776K) NonClass: 58197K(58688K)->58197K(58688K) Class: 8431K(9088K)->8431K(9088K)
[64.604s][info][gc             ] GC(126) Pause Young (Allocation Failure) 874M->472M(1933M) 56.062ms
[64.604s][info][gc,cpu         ] GC(126) User=1.77s Sys=0.00s Real=0.06s
[64.824s][info][gc,start       ] GC(127) Pause Young (Allocation Failure)
[64.883s][info][gc,heap        ] GC(127) PSYoungGen: 507040K(581120K)->49152K(506368K) Eden: 456704K(456704K)->0K(456704K) From: 50336K(124416K)->49152K(49664K)
[64.883s][info][gc,heap        ] GC(127) ParOldGen: 433221K(1398272K)->468053K(1398272K)
[64.883s][info][gc,metaspace   ] GC(127) Metaspace: 66628K(67776K)->66628K(67776K) NonClass: 58197K(58688K)->58197K(58688K) Class: 8431K(9088K)->8431K(9088K)
[64.883s][info][gc             ] GC(127) Pause Young (Allocation Failure) 918M->505M(1860M) 59.529ms
[64.883s][info][gc,cpu         ] GC(127) User=1.86s Sys=0.00s Real=0.06s
[65.536s][info][gc,start       ] GC(128) Pause Young (Allocation Failure)
[65.594s][info][gc,heap        ] GC(128) PSYoungGen: 505856K(506368K)->26752K(569856K) Eden: 456704K(456704K)->0K(458240K) From: 49152K(49664K)->26752K(111616K)
[65.594s][info][gc,heap        ] GC(128) ParOldGen: 468053K(1398272K)->510085K(1398272K)
[65.594s][info][gc,metaspace   ] GC(128) Metaspace: 66632K(67776K)->66632K(67776K) NonClass: 58200K(58688K)->58200K(58688K) Class: 8431K(9088K)->8431K(9088K)
[65.594s][info][gc             ] GC(128) Pause Young (Allocation Failure) 951M->524M(1922M) 57.723ms
[65.594s][info][gc,cpu         ] GC(128) User=1.38s Sys=0.00s Real=0.05s
[66.055s][info][gc,start       ] GC(129) Pause Young (Allocation Failure)
[66.168s][info][gc,heap        ] GC(129) PSYoungGen: 484992K(569856K)->36768K(568320K) Eden: 458240K(458240K)->0K(458240K) From: 26752K(111616K)->36768K(110080K)
[66.168s][info][gc,heap        ] GC(129) ParOldGen: 510085K(1398272K)->536517K(1398272K)
[66.168s][info][gc,metaspace   ] GC(129) Metaspace: 66662K(67840K)->66662K(67840K) NonClass: 58228K(58752K)->58228K(58752K) Class: 8434K(9088K)->8434K(9088K)
[66.168s][info][gc             ] GC(129) Pause Young (Allocation Failure) 971M->559M(1920M) 113.054ms
[66.169s][info][gc,cpu         ] GC(129) User=3.61s Sys=0.00s Real=0.11s
[66.705s][info][gc,start       ] GC(130) Pause Young (Allocation Failure)
[66.711s][info][gc,heap        ] GC(130) PSYoungGen: 495008K(568320K)->5459K(581632K) Eden: 458240K(458240K)->0K(475648K) From: 36768K(110080K)->5459K(105984K)
[66.711s][info][gc,heap        ] GC(130) ParOldGen: 536517K(1398272K)->536741K(1398272K)
[66.711s][info][gc,metaspace   ] GC(130) Metaspace: 66780K(67968K)->66780K(67968K) NonClass: 58345K(58880K)->58345K(58880K) Class: 8435K(9088K)->8435K(9088K)
[66.711s][info][gc             ] GC(130) Pause Young (Allocation Failure) 1007M->529M(1933M) 6.745ms
[66.712s][info][gc,cpu         ] GC(130) User=0.53s Sys=0.00s Real=0.02s
[67.027s][info][gc,start       ] GC(131) Pause Young (Allocation Failure)
[67.065s][info][gc,heap        ] GC(131) PSYoungGen: 479879K(581632K)->73228K(583168K) Eden: 474419K(475648K)->0K(475648K) From: 5459K(105984K)->73228K(107520K)
[67.065s][info][gc,heap        ] GC(131) ParOldGen: 536741K(1398272K)->540627K(1398272K)
[67.065s][info][gc,metaspace   ] GC(131) Metaspace: 66781K(67968K)->66781K(67968K) NonClass: 58345K(58880K)->58345K(58880K) Class: 8435K(9088K)->8435K(9088K)
[67.065s][info][gc             ] GC(131) Pause Young (Allocation Failure) 992M->599M(1935M) 38.345ms
[67.065s][info][gc,cpu         ] GC(131) User=0.83s Sys=0.00s Real=0.03s
[67.432s][info][gc,start       ] GC(132) Pause Young (Allocation Failure)
[67.479s][info][gc,heap        ] GC(132) PSYoungGen: 548876K(583168K)->53344K(587264K) Eden: 475648K(475648K)->0K(478720K) From: 73228K(107520K)->53344K(108544K)
[67.479s][info][gc,heap        ] GC(132) ParOldGen: 540627K(1398272K)->598123K(1398272K)
[67.479s][info][gc,metaspace   ] GC(132) Metaspace: 66820K(68032K)->66820K(68032K) NonClass: 58385K(58944K)->58385K(58944K) Class: 8435K(9088K)->8435K(9088K)
[67.479s][info][gc             ] GC(132) Pause Young (Allocation Failure) 1063M->636M(1939M) 46.511ms
[67.479s][info][gc,cpu         ] GC(132) User=1.36s Sys=0.00s Real=0.05s
[67.728s][info][gc,start       ] GC(133) Pause Young (Allocation Failure)
[67.774s][info][gc,heap        ] GC(133) PSYoungGen: 532064K(587264K)->40647K(519680K) Eden: 478720K(478720K)->0K(478720K) From: 53344K(108544K)->40647K(40960K)
[67.774s][info][gc,heap        ] GC(133) ParOldGen: 598123K(1398272K)->629166K(1398272K)
[67.774s][info][gc,metaspace   ] GC(133) Metaspace: 66820K(68032K)->66820K(68032K) NonClass: 58385K(58944K)->58385K(58944K) Class: 8435K(9088K)->8435K(9088K)
[67.774s][info][gc             ] GC(133) Pause Young (Allocation Failure) 1103M->654M(1873M) 45.568ms
[67.774s][info][gc,cpu         ] GC(133) User=1.55s Sys=0.00s Real=0.05s
[67.891s][info][gc,start       ] GC(134) Pause Young (System.gc())
[67.986s][info][gc,heap        ] GC(134) PSYoungGen: 224382K(519680K)->96K(583680K) Eden: 183734K(478720K)->0K(480256K) From: 40647K(40960K)->96K(103424K)
[67.986s][info][gc,heap        ] GC(134) ParOldGen: 629166K(1398272K)->638286K(1398272K)
[67.986s][info][gc,metaspace   ] GC(134) Metaspace: 66821K(68032K)->66821K(68032K) NonClass: 58385K(58944K)->58385K(58944K) Class: 8435K(9088K)->8435K(9088K)
[67.986s][info][gc             ] GC(134) Pause Young (System.gc()) 833M->623M(1935M) 94.847ms
[67.986s][info][gc,cpu         ] GC(134) User=3.09s Sys=0.00s Real=0.09s
[67.986s][info][gc,start       ] GC(135) Pause Full (System.gc())
[67.986s][info][gc,phases,start] GC(135) Marking Phase
[68.028s][info][gc,phases      ] GC(135) Marking Phase 42.010ms
[68.029s][info][gc,phases,start] GC(135) Summary Phase
[68.029s][info][gc,phases      ] GC(135) Summary Phase 0.021ms
[68.029s][info][gc,phases,start] GC(135) Adjust Roots
[68.038s][info][gc,phases      ] GC(135) Adjust Roots 9.573ms
[68.038s][info][gc,phases,start] GC(135) Compaction Phase
[68.059s][info][gc,phases      ] GC(135) Compaction Phase 20.344ms
[68.059s][info][gc,phases,start] GC(135) Post Compact
[68.062s][info][gc,phases      ] GC(135) Post Compact 3.445ms
[68.062s][info][gc,heap        ] GC(135) PSYoungGen: 96K(583680K)->0K(583680K) Eden: 0K(480256K)->0K(480256K) From: 96K(103424K)->0K(103424K)
[68.062s][info][gc,heap        ] GC(135) ParOldGen: 638286K(1398272K)->148154K(1398272K)
[68.062s][info][gc,metaspace   ] GC(135) Metaspace: 66821K(68032K)->66821K(68032K) NonClass: 58385K(58944K)->58385K(58944K) Class: 8435K(9088K)->8435K(9088K)
[68.062s][info][gc             ] GC(135) Pause Full (System.gc()) 623M->144M(1935M) 75.661ms
[68.062s][info][gc,cpu         ] GC(135) User=1.58s Sys=0.00s Real=0.08s
[68.341s][info][gc,start       ] GC(136) Pause Young (Allocation Failure)
[68.381s][info][gc,heap        ] GC(136) PSYoungGen: 480256K(583680K)->105440K(585728K) Eden: 480256K(480256K)->0K(480256K) From: 0K(103424K)->105440K(105472K)
[68.381s][info][gc,heap        ] GC(136) ParOldGen: 148154K(1398272K)->149146K(1398272K)
[68.381s][info][gc,metaspace   ] GC(136) Metaspace: 66843K(68032K)->66843K(68032K) NonClass: 58407K(58944K)->58407K(58944K) Class: 8435K(9088K)->8435K(9088K)
[68.381s][info][gc             ] GC(136) Pause Young (Allocation Failure) 613M->248M(1937M) 40.194ms
[68.381s][info][gc,cpu         ] GC(136) User=0.98s Sys=0.00s Real=0.04s
[68.629s][info][gc,start       ] GC(137) Pause Young (Allocation Failure)
[68.700s][info][gc,heap        ] GC(137) PSYoungGen: 585696K(585728K)->53888K(576512K) Eden: 480256K(480256K)->0K(463360K) From: 105440K(105472K)->53888K(113152K)
[68.700s][info][gc,heap        ] GC(137) ParOldGen: 149146K(1398272K)->247037K(1398272K)
[68.700s][info][gc,metaspace   ] GC(137) Metaspace: 66843K(68032K)->66843K(68032K) NonClass: 58408K(58944K)->58408K(58944K) Class: 8435K(9088K)->8435K(9088K)
[68.700s][info][gc             ] GC(137) Pause Young (Allocation Failure) 717M->293M(1928M) 71.339ms
[68.700s][info][gc,cpu         ] GC(137) User=1.73s Sys=0.00s Real=0.06s
[68.918s][info][gc,start       ] GC(138) Pause Young (Allocation Failure)
[68.979s][info][gc,heap        ] GC(138) PSYoungGen: 517248K(576512K)->31936K(581120K) Eden: 463360K(463360K)->0K(463360K) From: 53888K(113152K)->31936K(117760K)
[68.979s][info][gc,heap        ] GC(138) ParOldGen: 247037K(1398272K)->293317K(1398272K)
[68.979s][info][gc,metaspace   ] GC(138) Metaspace: 66843K(68032K)->66843K(68032K) NonClass: 58408K(58944K)->58408K(58944K) Class: 8435K(9088K)->8435K(9088K)
[68.979s][info][gc             ] GC(138) Pause Young (Allocation Failure) 746M->317M(1933M) 61.038ms
[68.979s][info][gc,cpu         ] GC(138) User=1.20s Sys=0.00s Real=0.08s
[69.684s][info][gc,start       ] GC(139) Pause Young (Allocation Failure)
[69.882s][info][gc,heap        ] GC(139) PSYoungGen: 494973K(581120K)->27827K(574464K) Eden: 463037K(463360K)->0K(467456K) From: 31936K(117760K)->27827K(107008K)
[69.882s][info][gc,heap        ] GC(139) ParOldGen: 293317K(1398272K)->318469K(1398272K)
[69.882s][info][gc,metaspace   ] GC(139) Metaspace: 66857K(68032K)->66857K(68032K) NonClass: 58421K(58944K)->58421K(58944K) Class: 8435K(9088K)->8435K(9088K)
[69.882s][info][gc             ] GC(139) Pause Young (Allocation Failure) 769M->338M(1926M) 197.708ms
[69.882s][info][gc,cpu         ] GC(139) User=6.19s Sys=0.00s Real=0.19s
[70.214s][info][gc,start       ] GC(140) Pause Young (Allocation Failure)
[70.318s][info][gc,heap        ] GC(140) PSYoungGen: 495283K(574464K)->88480K(578048K) Eden: 467456K(467456K)->0K(467456K) From: 27827K(107008K)->88480K(110592K)
[70.318s][info][gc,heap        ] GC(140) ParOldGen: 318469K(1398272K)->341982K(1398272K)
[70.318s][info][gc,metaspace   ] GC(140) Metaspace: 66857K(68032K)->66857K(68032K) NonClass: 58421K(58944K)->58421K(58944K) Class: 8435K(9088K)->8435K(9088K)
[70.318s][info][gc             ] GC(140) Pause Young (Allocation Failure) 794M->420M(1930M) 103.333ms
[70.318s][info][gc,cpu         ] GC(140) User=3.09s Sys=0.00s Real=0.09s
[70.537s][info][gc,start       ] GC(141) Pause Young (Allocation Failure)
[70.592s][info][gc,heap        ] GC(141) PSYoungGen: 555936K(578048K)->50752K(581632K) Eden: 467456K(467456K)->0K(465920K) From: 88480K(110592K)->50752K(115712K)
[70.592s][info][gc,heap        ] GC(141) ParOldGen: 341982K(1398272K)->426830K(1398272K)
[70.592s][info][gc,metaspace   ] GC(141) Metaspace: 66857K(68032K)->66857K(68032K) NonClass: 58421K(58944K)->58421K(58944K) Class: 8435K(9088K)->8435K(9088K)
[70.592s][info][gc             ] GC(141) Pause Young (Allocation Failure) 876M->466M(1933M) 54.544ms
[70.592s][info][gc,cpu         ] GC(141) User=1.94s Sys=0.00s Real=0.06s
[70.814s][info][gc,start       ] GC(142) Pause Young (Allocation Failure)
[70.874s][info][gc,heap        ] GC(142) PSYoungGen: 516672K(581632K)->49376K(515584K) Eden: 465920K(465920K)->0K(465920K) From: 50752K(115712K)->49376K(49664K)
[70.874s][info][gc,heap        ] GC(142) ParOldGen: 426830K(1398272K)->461902K(1398272K)
[70.874s][info][gc,metaspace   ] GC(142) Metaspace: 66857K(68032K)->66857K(68032K) NonClass: 58421K(58944K)->58421K(58944K) Class: 8435K(9088K)->8435K(9088K)
[70.874s][info][gc             ] GC(142) Pause Young (Allocation Failure) 921M->499M(1869M) 59.897ms
[70.874s][info][gc,cpu         ] GC(142) User=1.47s Sys=0.00s Real=0.05s
[71.568s][info][gc,start       ] GC(143) Pause Young (Allocation Failure)
[71.623s][info][gc,heap        ] GC(143) PSYoungGen: 515296K(515584K)->31955K(579584K) Eden: 465920K(465920K)->0K(472576K) From: 49376K(49664K)->31955K(107008K)
[71.623s][info][gc,heap        ] GC(143) ParOldGen: 461902K(1398272K)->504398K(1398272K)
[71.623s][info][gc,metaspace   ] GC(143) Metaspace: 66875K(68096K)->66875K(68096K) NonClass: 58439K(59008K)->58439K(59008K) Class: 8435K(9088K)->8435K(9088K)
[71.624s][info][gc             ] GC(143) Pause Young (Allocation Failure) 954M->523M(1931M) 55.648ms
[71.624s][info][gc,cpu         ] GC(143) User=1.55s Sys=0.00s Real=0.05s
[72.053s][info][gc,start       ] GC(144) Pause Young (Allocation Failure)
[72.180s][info][gc,heap        ] GC(144) PSYoungGen: 501100K(579584K)->864K(577024K) Eden: 469144K(472576K)->0K(472576K) From: 31955K(107008K)->864K(104448K)
[72.180s][info][gc,heap        ] GC(144) ParOldGen: 504398K(1398272K)->528614K(1398272K)
[72.180s][info][gc,metaspace   ] GC(144) Metaspace: 66919K(68096K)->66919K(68096K) NonClass: 58483K(59008K)->58483K(59008K) Class: 8436K(9088K)->8436K(9088K)
[72.180s][info][gc             ] GC(144) Pause Young (Allocation Failure) 981M->517M(1929M) 126.701ms
[72.180s][info][gc,cpu         ] GC(144) User=4.13s Sys=0.00s Real=0.13s
[72.697s][info][gc,start       ] GC(145) Pause Young (Allocation Failure)
[72.705s][info][gc,heap        ] GC(145) PSYoungGen: 473440K(577024K)->14464K(593408K) Eden: 472576K(472576K)->0K(486912K) From: 864K(104448K)->14464K(106496K)
[72.705s][info][gc,heap        ] GC(145) ParOldGen: 528614K(1398272K)->528838K(1398272K)
[72.705s][info][gc,metaspace   ] GC(145) Metaspace: 66992K(68160K)->66992K(68160K) NonClass: 58555K(59072K)->58555K(59072K) Class: 8436K(9088K)->8436K(9088K)
[72.705s][info][gc             ] GC(145) Pause Young (Allocation Failure) 978M->530M(1945M) 8.488ms
[72.705s][info][gc,cpu         ] GC(145) User=0.00s Sys=0.00s Real=0.00s
[73.128s][info][gc,start       ] GC(146) Pause Young (Allocation Failure)
[73.153s][info][gc,heap        ] GC(146) PSYoungGen: 500099K(593408K)->55842K(543232K) Eden: 485635K(486912K)->0K(486912K) From: 14464K(106496K)->55842K(56320K)
[73.153s][info][gc,heap        ] GC(146) ParOldGen: 528838K(1398272K)->536277K(1398272K)
[73.153s][info][gc,metaspace   ] GC(146) Metaspace: 66992K(68160K)->66992K(68160K) NonClass: 58556K(59072K)->58556K(59072K) Class: 8436K(9088K)->8436K(9088K)
[73.153s][info][gc             ] GC(146) Pause Young (Allocation Failure) 1004M->578M(1896M) 25.090ms
[73.153s][info][gc,cpu         ] GC(146) User=1.03s Sys=0.00s Real=0.03s
[73.361s][info][gc,start       ] GC(147) Pause Young (Allocation Failure)
[73.397s][info][gc,heap        ] GC(147) PSYoungGen: 542754K(543232K)->86382K(573952K) Eden: 486912K(486912K)->0K(469504K) From: 55842K(56320K)->86382K(104448K)
[73.397s][info][gc,heap        ] GC(147) ParOldGen: 536277K(1398272K)->536381K(1398272K)
[73.397s][info][gc,metaspace   ] GC(147) Metaspace: 67057K(68224K)->67057K(68224K) NonClass: 58621K(59136K)->58621K(59136K) Class: 8436K(9088K)->8436K(9088K)
[73.398s][info][gc             ] GC(147) Pause Young (Allocation Failure) 1053M->608M(1926M) 36.561ms
[73.398s][info][gc,cpu         ] GC(147) User=0.88s Sys=0.00s Real=0.03s
[73.615s][info][gc,start       ] GC(148) Pause Young (Allocation Failure)
[73.966s][info][gc,heap        ] GC(148) PSYoungGen: 555886K(573952K)->68133K(538112K) Eden: 469504K(469504K)->0K(469504K) From: 86382K(104448K)->68133K(68608K)
[73.966s][info][gc,heap        ] GC(148) ParOldGen: 536381K(1398272K)->574232K(1398272K)
[73.966s][info][gc,metaspace   ] GC(148) Metaspace: 67066K(68224K)->67066K(68224K) NonClass: 58629K(59136K)->58629K(59136K) Class: 8436K(9088K)->8436K(9088K)
[73.966s][info][gc             ] GC(148) Pause Young (Allocation Failure) 1066M->627M(1891M) 350.507ms
[73.966s][info][gc,cpu         ] GC(148) User=2.88s Sys=0.08s Real=0.36s
[74.070s][info][gc,start       ] GC(149) Pause Young (System.gc())
[74.095s][info][gc,heap        ] GC(149) PSYoungGen: 204852K(538112K)->64K(579584K) Eden: 136719K(469504K)->0K(463360K) From: 68133K(68608K)->64K(116224K)
[74.095s][info][gc,heap        ] GC(149) ParOldGen: 574232K(1398272K)->576512K(1398272K)
[74.095s][info][gc,metaspace   ] GC(149) Metaspace: 67066K(68224K)->67066K(68224K) NonClass: 58629K(59136K)->58629K(59136K) Class: 8436K(9088K)->8436K(9088K)
[74.095s][info][gc             ] GC(149) Pause Young (System.gc()) 760M->563M(1931M) 25.289ms
[74.095s][info][gc,cpu         ] GC(149) User=1.03s Sys=0.00s Real=0.03s
[74.095s][info][gc,start       ] GC(150) Pause Full (System.gc())
[74.095s][info][gc,phases,start] GC(150) Marking Phase
[74.140s][info][gc,phases      ] GC(150) Marking Phase 44.540ms
[74.140s][info][gc,phases,start] GC(150) Summary Phase
[74.140s][info][gc,phases      ] GC(150) Summary Phase 0.019ms
[74.140s][info][gc,phases,start] GC(150) Adjust Roots
[74.150s][info][gc,phases      ] GC(150) Adjust Roots 10.138ms
[74.150s][info][gc,phases,start] GC(150) Compaction Phase
[74.173s][info][gc,phases      ] GC(150) Compaction Phase 22.581ms
[74.173s][info][gc,phases,start] GC(150) Post Compact
[74.176s][info][gc,phases      ] GC(150) Post Compact 3.446ms
[74.176s][info][gc,heap        ] GC(150) PSYoungGen: 64K(579584K)->0K(579584K) Eden: 0K(463360K)->0K(463360K) From: 64K(116224K)->0K(116224K)
[74.176s][info][gc,heap        ] GC(150) ParOldGen: 576512K(1398272K)->148257K(1398272K)
[74.176s][info][gc,metaspace   ] GC(150) Metaspace: 67066K(68224K)->67066K(68224K) NonClass: 58629K(59136K)->58629K(59136K) Class: 8436K(9088K)->8436K(9088K)
[74.176s][info][gc             ] GC(150) Pause Full (System.gc()) 563M->144M(1931M) 81.045ms
[74.176s][info][gc,cpu         ] GC(150) User=1.14s Sys=0.00s Real=0.08s
[74.447s][info][gc,start       ] GC(151) Pause Young (Allocation Failure)
[74.487s][info][gc,heap        ] GC(151) PSYoungGen: 463360K(579584K)->105952K(569344K) Eden: 463360K(463360K)->0K(463360K) From: 0K(116224K)->105952K(105984K)
[74.487s][info][gc,heap        ] GC(151) ParOldGen: 148257K(1398272K)->148265K(1398272K)
[74.487s][info][gc,metaspace   ] GC(151) Metaspace: 67082K(68224K)->67082K(68224K) NonClass: 58644K(59136K)->58644K(59136K) Class: 8437K(9088K)->8437K(9088K)
[74.487s][info][gc             ] GC(151) Pause Young (Allocation Failure) 597M->248M(1921M) 39.415ms
[74.487s][info][gc,cpu         ] GC(151) User=1.55s Sys=0.00s Real=0.05s
[74.727s][info][gc,start       ] GC(152) Pause Young (Allocation Failure)
[74.797s][info][gc,heap        ] GC(152) PSYoungGen: 569312K(569344K)->55200K(571904K) Eden: 463360K(463360K)->0K(442368K) From: 105952K(105984K)->55200K(129536K)
[74.797s][info][gc,heap        ] GC(152) ParOldGen: 148265K(1398272K)->245948K(1398272K)
[74.797s][info][gc,metaspace   ] GC(152) Metaspace: 67082K(68224K)->67082K(68224K) NonClass: 58644K(59136K)->58644K(59136K) Class: 8437K(9088K)->8437K(9088K)
[74.797s][info][gc             ] GC(152) Pause Young (Allocation Failure) 700M->294M(1924M) 70.028ms
[74.797s][info][gc,cpu         ] GC(152) User=2.44s Sys=0.00s Real=0.08s
[75.005s][info][gc,start       ] GC(153) Pause Young (Allocation Failure)
[75.059s][info][gc,heap        ] GC(153) PSYoungGen: 497568K(571904K)->31040K(473600K) Eden: 442368K(442368K)->0K(442368K) From: 55200K(129536K)->31040K(31232K)
[75.059s][info][gc,heap        ] GC(153) ParOldGen: 245948K(1398272K)->295932K(1398272K)
[75.059s][info][gc,metaspace   ] GC(153) Metaspace: 67082K(68224K)->67082K(68224K) NonClass: 58644K(59136K)->58644K(59136K) Class: 8437K(9088K)->8437K(9088K)
[75.059s][info][gc             ] GC(153) Pause Young (Allocation Failure) 726M->319M(1828M) 54.919ms
[75.060s][info][gc,cpu         ] GC(153) User=1.55s Sys=0.00s Real=0.05s
[75.636s][info][gc,start       ] GC(154) Pause Young (Allocation Failure)
[75.853s][info][gc,heap        ] GC(154) PSYoungGen: 473408K(473600K)->26560K(568320K) Eden: 442368K(442368K)->0K(445952K) From: 31040K(31232K)->26560K(122368K)
[75.853s][info][gc,heap        ] GC(154) ParOldGen: 295932K(1398272K)->319908K(1398272K)
[75.853s][info][gc,metaspace   ] GC(154) Metaspace: 67083K(68224K)->67083K(68224K) NonClass: 58645K(59136K)->58645K(59136K) Class: 8437K(9088K)->8437K(9088K)
[75.853s][info][gc             ] GC(154) Pause Young (Allocation Failure) 751M->338M(1920M) 217.611ms
[75.854s][info][gc,cpu         ] GC(154) User=7.20s Sys=0.00s Real=0.22s
[76.323s][info][gc,start       ] GC(155) Pause Young (Allocation Failure)
[76.426s][info][gc,heap        ] GC(155) PSYoungGen: 472512K(568320K)->109024K(555008K) Eden: 445952K(445952K)->0K(445952K) From: 26560K(122368K)->109024K(109056K)
[76.426s][info][gc,heap        ] GC(155) ParOldGen: 319908K(1398272K)->345684K(1398272K)
[76.426s][info][gc,metaspace   ] GC(155) Metaspace: 67094K(68224K)->67094K(68224K) NonClass: 58655K(59136K)->58655K(59136K) Class: 8438K(9088K)->8438K(9088K)
[76.426s][info][gc             ] GC(155) Pause Young (Allocation Failure) 773M->444M(1907M) 102.475ms
[76.426s][info][gc,cpu         ] GC(155) User=3.09s Sys=0.00s Real=0.09s
[76.631s][info][gc,start       ] GC(156) Pause Young (Allocation Failure)
[76.681s][info][gc,heap        ] GC(156) PSYoungGen: 554976K(555008K)->53344K(571904K) Eden: 445952K(445952K)->0K(437248K) From: 109024K(109056K)->53344K(134656K)
[76.681s][info][gc,heap        ] GC(156) ParOldGen: 345684K(1398272K)->422294K(1398272K)
[76.681s][info][gc,metaspace   ] GC(156) Metaspace: 67094K(68224K)->67094K(68224K) NonClass: 58655K(59136K)->58655K(59136K) Class: 8438K(9088K)->8438K(9088K)
[76.681s][info][gc             ] GC(156) Pause Young (Allocation Failure) 879M->464M(1924M) 50.780ms
[76.681s][info][gc,cpu         ] GC(156) User=1.78s Sys=0.00s Real=0.06s
[76.897s][info][gc,start       ] GC(157) Pause Young (Allocation Failure)
[76.954s][info][gc,heap        ] GC(157) PSYoungGen: 490592K(571904K)->53472K(491008K) Eden: 437248K(437248K)->0K(437248K) From: 53344K(134656K)->53472K(53760K)
[76.954s][info][gc,heap        ] GC(157) ParOldGen: 422294K(1398272K)->458966K(1398272K)
[76.954s][info][gc,metaspace   ] GC(157) Metaspace: 67094K(68224K)->67094K(68224K) NonClass: 58655K(59136K)->58655K(59136K) Class: 8438K(9088K)->8438K(9088K)
[76.954s][info][gc             ] GC(157) Pause Young (Allocation Failure) 891M->500M(1845M) 56.755ms
[76.954s][info][gc,cpu         ] GC(157) User=2.06s Sys=0.00s Real=0.06s
[77.163s][info][gc,start       ] GC(158) Pause Young (Allocation Failure)
[77.220s][info][gc,heap        ] GC(158) PSYoungGen: 490720K(491008K)->29472K(559616K) Eden: 437248K(437248K)->0K(439808K) From: 53472K(53760K)->29472K(119808K)
[77.220s][info][gc,heap        ] GC(158) ParOldGen: 458966K(1398272K)->501014K(1398272K)
[77.220s][info][gc,metaspace   ] GC(158) Metaspace: 67094K(68224K)->67094K(68224K) NonClass: 58655K(59136K)->58655K(59136K) Class: 8438K(9088K)->8438K(9088K)
[77.220s][info][gc             ] GC(158) Pause Young (Allocation Failure) 927M->518M(1912M) 56.649ms
[77.220s][info][gc,cpu         ] GC(158) User=1.77s Sys=0.00s Real=0.06s
[78.000s][info][gc,start       ] GC(159) Pause Young (Allocation Failure)
[78.152s][info][gc,heap        ] GC(159) PSYoungGen: 469280K(559616K)->22348K(557056K) Eden: 439808K(439808K)->0K(439808K) From: 29472K(119808K)->22348K(117248K)
[78.152s][info][gc,heap        ] GC(159) ParOldGen: 501014K(1398272K)->528030K(1398272K)
[78.152s][info][gc,metaspace   ] GC(159) Metaspace: 67117K(68288K)->67117K(68288K) NonClass: 58678K(59200K)->58678K(59200K) Class: 8438K(9088K)->8438K(9088K)
[78.152s][info][gc             ] GC(159) Pause Young (Allocation Failure) 947M->537M(1909M) 152.142ms
[78.153s][info][gc,cpu         ] GC(159) User=4.64s Sys=0.00s Real=0.14s
[78.591s][info][gc,start       ] GC(160) Pause Young (Allocation Failure)
[78.623s][info][gc,heap        ] GC(160) PSYoungGen: 462156K(557056K)->34403K(577024K) Eden: 439808K(439808K)->0K(466432K) From: 22348K(117248K)->34403K(110592K)
[78.623s][info][gc,heap        ] GC(160) ParOldGen: 528030K(1398272K)->533558K(1398272K)
[78.623s][info][gc,metaspace   ] GC(160) Metaspace: 67156K(68288K)->67156K(68288K) NonClass: 58718K(59200K)->58718K(59200K) Class: 8438K(9088K)->8438K(9088K)
[78.623s][info][gc             ] GC(160) Pause Young (Allocation Failure) 966M->554M(1929M) 31.612ms
[78.623s][info][gc,cpu         ] GC(160) User=0.52s Sys=0.00s Real=0.02s
[78.979s][info][gc,start       ] GC(161) Pause Young (Allocation Failure)
[79.006s][info][gc,heap        ] GC(161) PSYoungGen: 500835K(577024K)->50848K(577024K) Eden: 466432K(466432K)->0K(466432K) From: 34403K(110592K)->50848K(110592K)
[79.006s][info][gc,heap        ] GC(161) ParOldGen: 533558K(1398272K)->533734K(1398272K)
[79.006s][info][gc,metaspace   ] GC(161) Metaspace: 67158K(68288K)->67158K(68288K) NonClass: 58720K(59200K)->58720K(59200K) Class: 8438K(9088K)->8438K(9088K)
[79.006s][info][gc             ] GC(161) Pause Young (Allocation Failure) 1010M->570M(1929M) 26.859ms
[79.006s][info][gc,cpu         ] GC(161) User=0.78s Sys=0.00s Real=0.03s
[79.425s][info][gc,start       ] GC(162) Pause Young (Allocation Failure)
[79.444s][info][gc,heap        ] GC(162) PSYoungGen: 516096K(577024K)->60897K(584192K) Eden: 465248K(466432K)->0K(478208K) From: 50848K(110592K)->60897K(105984K)
[79.444s][info][gc,heap        ] GC(162) ParOldGen: 533734K(1398272K)->540832K(1398272K)
[79.444s][info][gc,metaspace   ] GC(162) Metaspace: 67163K(68288K)->67163K(68288K) NonClass: 58724K(59200K)->58724K(59200K) Class: 8438K(9088K)->8438K(9088K)
[79.444s][info][gc             ] GC(162) Pause Young (Allocation Failure) 1025M->587M(1936M) 19.669ms
[79.444s][info][gc,cpu         ] GC(162) User=0.36s Sys=0.00s Real=0.02s
[79.647s][info][gc,start       ] GC(163) Pause Young (Allocation Failure)
[79.692s][info][gc,heap        ] GC(163) PSYoungGen: 539105K(584192K)->58546K(583680K) Eden: 478208K(478208K)->0K(478208K) From: 60897K(105984K)->58546K(105472K)
[79.692s][info][gc,heap        ] GC(163) ParOldGen: 540832K(1398272K)->550794K(1398272K)
[79.692s][info][gc,metaspace   ] GC(163) Metaspace: 67164K(68288K)->67164K(68288K) NonClass: 58726K(59200K)->58726K(59200K) Class: 8438K(9088K)->8438K(9088K)
[79.692s][info][gc             ] GC(163) Pause Young (Allocation Failure) 1054M->595M(1935M) 45.374ms
[79.692s][info][gc,cpu         ] GC(163) User=1.31s Sys=0.00s Real=0.05s
[79.898s][info][gc,start       ] GC(164) Pause Young (System.gc())
[79.976s][info][gc,heap        ] GC(164) PSYoungGen: 452829K(583680K)->96K(587776K) Eden: 394282K(478208K)->0K(484352K) From: 58546K(105472K)->96K(103424K)
[79.976s][info][gc,heap        ] GC(164) ParOldGen: 550794K(1398272K)->580979K(1398272K)
[79.976s][info][gc,metaspace   ] GC(164) Metaspace: 67164K(68288K)->67164K(68288K) NonClass: 58726K(59200K)->58726K(59200K) Class: 8438K(9088K)->8438K(9088K)
[79.976s][info][gc             ] GC(164) Pause Young (System.gc()) 980M->567M(1939M) 77.779ms
[79.976s][info][gc,cpu         ] GC(164) User=2.58s Sys=0.00s Real=0.08s
[79.976s][info][gc,start       ] GC(165) Pause Full (System.gc())
[79.976s][info][gc,phases,start] GC(165) Marking Phase
[80.019s][info][gc,phases      ] GC(165) Marking Phase 43.129ms
[80.019s][info][gc,phases,start] GC(165) Summary Phase
[80.019s][info][gc,phases      ] GC(165) Summary Phase 0.019ms
[80.019s][info][gc,phases,start] GC(165) Adjust Roots
[80.032s][info][gc,phases      ] GC(165) Adjust Roots 13.130ms
[80.032s][info][gc,phases,start] GC(165) Compaction Phase
[80.062s][info][gc,phases      ] GC(165) Compaction Phase 29.762ms
[80.062s][info][gc,phases,start] GC(165) Post Compact
[80.066s][info][gc,phases      ] GC(165) Post Compact 4.157ms
[80.066s][info][gc,heap        ] GC(165) PSYoungGen: 96K(587776K)->0K(587776K) Eden: 0K(484352K)->0K(484352K) From: 96K(103424K)->0K(103424K)
[80.066s][info][gc,heap        ] GC(165) ParOldGen: 580979K(1398272K)->148385K(1398272K)
[80.066s][info][gc,metaspace   ] GC(165) Metaspace: 67164K(68288K)->67164K(68288K) NonClass: 58726K(59200K)->58726K(59200K) Class: 8438K(9088K)->8438K(9088K)
[80.066s][info][gc             ] GC(165) Pause Full (System.gc()) 567M->144M(1939M) 90.605ms
[80.066s][info][gc,cpu         ] GC(165) User=1.61s Sys=0.00s Real=0.09s
[80.336s][info][gc,start       ] GC(166) Pause Young (Allocation Failure)
[80.379s][info][gc,heap        ] GC(166) PSYoungGen: 484352K(587776K)->106464K(590848K) Eden: 484352K(484352K)->0K(484352K) From: 0K(103424K)->106464K(106496K)
[80.379s][info][gc,heap        ] GC(166) ParOldGen: 148385K(1398272K)->148465K(1398272K)
[80.379s][info][gc,metaspace   ] GC(166) Metaspace: 67168K(68288K)->67168K(68288K) NonClass: 58729K(59200K)->58729K(59200K) Class: 8438K(9088K)->8438K(9088K)
[80.379s][info][gc             ] GC(166) Pause Young (Allocation Failure) 617M->248M(1942M) 43.606ms
[80.379s][info][gc,cpu         ] GC(166) User=0.86s Sys=0.00s Real=0.03s
[80.627s][info][gc,start       ] GC(167) Pause Young (Allocation Failure)
[80.696s][info][gc,heap        ] GC(167) PSYoungGen: 590816K(590848K)->53952K(572416K) Eden: 484352K(484352K)->0K(464384K) From: 106464K(106496K)->53952K(108032K)
[80.696s][info][gc,heap        ] GC(167) ParOldGen: 148465K(1398272K)->247108K(1398272K)
[80.696s][info][gc,metaspace   ] GC(167) Metaspace: 67168K(68288K)->67168K(68288K) NonClass: 58729K(59200K)->58729K(59200K) Class: 8438K(9088K)->8438K(9088K)
[80.696s][info][gc             ] GC(167) Pause Young (Allocation Failure) 721M->294M(1924M) 68.624ms
[80.696s][info][gc,cpu         ] GC(167) User=2.06s Sys=0.00s Real=0.06s
[80.915s][info][gc,start       ] GC(168) Pause Young (Allocation Failure)
[80.967s][info][gc,heap        ] GC(168) PSYoungGen: 518336K(572416K)->31968K(581632K) Eden: 464384K(464384K)->0K(464384K) From: 53952K(108032K)->31968K(117248K)
[80.967s][info][gc,heap        ] GC(168) ParOldGen: 247108K(1398272K)->297644K(1398272K)
[80.967s][info][gc,metaspace   ] GC(168) Metaspace: 67168K(68288K)->67168K(68288K) NonClass: 58729K(59200K)->58729K(59200K) Class: 8438K(9088K)->8438K(9088K)
[80.967s][info][gc             ] GC(168) Pause Young (Allocation Failure) 747M->321M(1933M) 52.509ms
[80.967s][info][gc,cpu         ] GC(168) User=1.53s Sys=0.00s Real=0.06s
[81.668s][info][gc,start       ] GC(169) Pause Young (Allocation Failure)
[81.887s][info][gc,heap        ] GC(169) PSYoungGen: 496352K(581632K)->29437K(571904K) Eden: 464384K(464384K)->0K(467968K) From: 31968K(117248K)->29437K(103936K)
[81.887s][info][gc,heap        ] GC(169) ParOldGen: 297644K(1398272K)->322876K(1398272K)
[81.887s][info][gc,metaspace   ] GC(169) Metaspace: 67175K(68352K)->67175K(68352K) NonClass: 58736K(59264K)->58736K(59264K) Class: 8438K(9088K)->8438K(9088K)
[81.887s][info][gc             ] GC(169) Pause Young (Allocation Failure) 775M->344M(1924M) 219.452ms
[81.887s][info][gc,cpu         ] GC(169) User=6.92s Sys=0.00s Real=0.22s
[82.220s][info][gc,start       ] GC(170) Pause Young (Allocation Failure)
[82.324s][info][gc,heap        ] GC(170) PSYoungGen: 497405K(571904K)->88096K(578560K) Eden: 467968K(467968K)->0K(467968K) From: 29437K(103936K)->88096K(110592K)
[82.324s][info][gc,heap        ] GC(170) ParOldGen: 322876K(1398272K)->346205K(1398272K)
[82.324s][info][gc,metaspace   ] GC(170) Metaspace: 67175K(68352K)->67175K(68352K) NonClass: 58736K(59264K)->58736K(59264K) Class: 8438K(9088K)->8438K(9088K)
[82.324s][info][gc             ] GC(170) Pause Young (Allocation Failure) 801M->424M(1930M) 104.112ms
[82.324s][info][gc,cpu         ] GC(170) User=3.09s Sys=0.00s Real=0.09s
[82.538s][info][gc,start       ] GC(171) Pause Young (Allocation Failure)
[82.592s][info][gc,heap        ] GC(171) PSYoungGen: 556064K(578560K)->54592K(582656K) Eden: 467968K(467968K)->0K(464896K) From: 88096K(110592K)->54592K(117760K)
[82.592s][info][gc,heap        ] GC(171) ParOldGen: 346205K(1398272K)->431757K(1398272K)
[82.592s][info][gc,metaspace   ] GC(171) Metaspace: 67175K(68352K)->67175K(68352K) NonClass: 58736K(59264K)->58736K(59264K) Class: 8438K(9088K)->8438K(9088K)
[82.592s][info][gc             ] GC(171) Pause Young (Allocation Failure) 881M->474M(1934M) 54.076ms
[82.592s][info][gc,cpu         ] GC(171) User=1.36s Sys=0.00s Real=0.05s
[82.814s][info][gc,start       ] GC(172) Pause Young (Allocation Failure)
[82.870s][info][gc,heap        ] GC(172) PSYoungGen: 519488K(582656K)->45408K(510464K) Eden: 464896K(464896K)->0K(464896K) From: 54592K(117760K)->45408K(45568K)
[82.870s][info][gc,heap        ] GC(172) ParOldGen: 431757K(1398272K)->470661K(1398272K)
[82.870s][info][gc,metaspace   ] GC(172) Metaspace: 67175K(68352K)->67175K(68352K) NonClass: 58736K(59264K)->58736K(59264K) Class: 8438K(9088K)->8438K(9088K)
[82.870s][info][gc             ] GC(172) Pause Young (Allocation Failure) 928M->503M(1864M) 55.846ms
[82.870s][info][gc,cpu         ] GC(172) User=1.55s Sys=0.00s Real=0.05s
[83.562s][info][gc,start       ] GC(173) Pause Young (Allocation Failure)
[83.688s][info][gc,heap        ] GC(173) PSYoungGen: 510304K(510464K)->33363K(579072K) Eden: 464896K(464896K)->0K(470016K) From: 45408K(45568K)->33363K(109056K)
[83.688s][info][gc,heap        ] GC(173) ParOldGen: 470661K(1398272K)->509221K(1398272K)
[83.688s][info][gc,metaspace   ] GC(173) Metaspace: 67182K(68352K)->67182K(68352K) NonClass: 58744K(59264K)->58744K(59264K) Class: 8438K(9088K)->8438K(9088K)
[83.688s][info][gc             ] GC(173) Pause Young (Allocation Failure) 957M->529M(1931M) 126.360ms
[83.688s][info][gc,cpu         ] GC(173) User=3.66s Sys=0.00s Real=0.13s
[84.155s][info][gc,start       ] GC(174) Pause Young (Allocation Failure)
[84.287s][info][gc,heap        ] GC(174) PSYoungGen: 503379K(579072K)->1281K(576000K) Eden: 470016K(470016K)->0K(470016K) From: 33363K(109056K)->1281K(105984K)
[84.287s][info][gc,heap        ] GC(174) ParOldGen: 509221K(1398272K)->532885K(1398272K)
[84.287s][info][gc,metaspace   ] GC(174) Metaspace: 67208K(68416K)->67208K(68416K) NonClass: 58769K(59328K)->58769K(59328K) Class: 8439K(9088K)->8439K(9088K)
[84.287s][info][gc             ] GC(174) Pause Young (Allocation Failure) 988M->521M(1928M) 132.247ms
[84.287s][info][gc,cpu         ] GC(174) User=4.56s Sys=0.02s Real=0.14s
[84.790s][info][gc,start       ] GC(175) Pause Young (Allocation Failure)
[84.798s][info][gc,heap        ] GC(175) PSYoungGen: 471297K(576000K)->15840K(591360K) Eden: 470016K(470016K)->0K(483328K) From: 1281K(105984K)->15840K(108032K)
[84.798s][info][gc,heap        ] GC(175) ParOldGen: 532885K(1398272K)->533100K(1398272K)
[84.798s][info][gc,metaspace   ] GC(175) Metaspace: 67219K(68416K)->67219K(68416K) NonClass: 58780K(59328K)->58780K(59328K) Class: 8439K(9088K)->8439K(9088K)
[84.798s][info][gc             ] GC(175) Pause Young (Allocation Failure) 980M->536M(1943M) 8.311ms
[84.799s][info][gc,cpu         ] GC(175) User=0.00s Sys=0.00s Real=0.00s
[85.254s][info][gc,start       ] GC(176) Pause Young (Allocation Failure)
[85.282s][info][gc,heap        ] GC(176) PSYoungGen: 499168K(591360K)->59138K(590336K) Eden: 483328K(483328K)->0K(483328K) From: 15840K(108032K)->59138K(107008K)
[85.452s][info][gc,heap        ] GC(176) ParOldGen: 533100K(1398272K)->541358K(1398272K)
[85.452s][info][gc,metaspace   ] GC(176) Metaspace: 67219K(68416K)->67219K(68416K) NonClass: 58780K(59328K)->58780K(59328K) Class: 8439K(9088K)->8439K(9088K)
[85.452s][info][gc             ] GC(176) Pause Young (Allocation Failure) 1008M->586M(1942M) 197.415ms
[85.452s][info][gc,cpu         ] GC(176) User=0.52s Sys=0.00s Real=0.19s
[85.731s][info][gc,start       ] GC(177) Pause Young (Allocation Failure)
[85.772s][info][gc,heap        ] GC(177) PSYoungGen: 542466K(590336K)->49703K(584704K) Eden: 483328K(483328K)->0K(484864K) From: 59138K(107008K)->49703K(99840K)
[85.772s][info][gc,heap        ] GC(177) ParOldGen: 541358K(1398272K)->541430K(1398272K)
[85.772s][info][gc,metaspace   ] GC(177) Metaspace: 67257K(68480K)->67257K(68480K) NonClass: 58818K(59392K)->58818K(59392K) Class: 8439K(9088K)->8439K(9088K)
[85.772s][info][gc             ] GC(177) Pause Young (Allocation Failure) 1058M->577M(1936M) 41.308ms
[85.772s][info][gc,cpu         ] GC(177) User=1.28s Sys=0.00s Real=0.05s
[85.994s][info][gc,start       ] GC(178) Pause Young (Allocation Failure)
[86.165s][info][gc,heap        ] GC(178) PSYoungGen: 534567K(584704K)->58946K(587776K) Eden: 484864K(484864K)->0K(484864K) From: 49703K(99840K)->58946K(102912K)
[86.165s][info][gc,heap        ] GC(178) ParOldGen: 541430K(1398272K)->588611K(1398272K)
[86.165s][info][gc,metaspace   ] GC(178) Metaspace: 67257K(68480K)->67257K(68480K) NonClass: 58818K(59392K)->58818K(59392K) Class: 8439K(9088K)->8439K(9088K)
[86.165s][info][gc             ] GC(178) Pause Young (Allocation Failure) 1050M->632M(1939M) 171.424ms
[86.166s][info][gc,cpu         ] GC(178) User=2.39s Sys=0.02s Real=0.16s
[86.243s][info][gc,start       ] GC(179) Pause Young (System.gc())
[86.250s][info][gc,heap        ] GC(179) PSYoungGen: 154784K(587776K)->128K(592896K) Eden: 95837K(484864K)->0K(489984K) From: 58946K(102912K)->128K(102912K)
[86.250s][info][gc,heap        ] GC(179) ParOldGen: 588611K(1398272K)->588627K(1398272K)
[86.250s][info][gc,metaspace   ] GC(179) Metaspace: 67257K(68480K)->67257K(68480K) NonClass: 58818K(59392K)->58818K(59392K) Class: 8439K(9088K)->8439K(9088K)
[86.250s][info][gc             ] GC(179) Pause Young (System.gc()) 725M->574M(1944M) 7.528ms
[86.251s][info][gc,cpu         ] GC(179) User=0.14s Sys=0.00s Real=0.02s
[86.251s][info][gc,start       ] GC(180) Pause Full (System.gc())
[86.251s][info][gc,phases,start] GC(180) Marking Phase
[86.307s][info][gc,phases      ] GC(180) Marking Phase 56.586ms
[86.307s][info][gc,phases,start] GC(180) Summary Phase
[86.307s][info][gc,phases      ] GC(180) Summary Phase 0.020ms
[86.307s][info][gc,phases,start] GC(180) Adjust Roots
[86.320s][info][gc,phases      ] GC(180) Adjust Roots 12.548ms
[86.320s][info][gc,phases,start] GC(180) Compaction Phase
[86.350s][info][gc,phases      ] GC(180) Compaction Phase 29.707ms
[86.350s][info][gc,phases,start] GC(180) Post Compact
[86.353s][info][gc,phases      ] GC(180) Post Compact 3.323ms
[86.353s][info][gc,heap        ] GC(180) PSYoungGen: 128K(592896K)->0K(592896K) Eden: 0K(489984K)->0K(489984K) From: 128K(102912K)->0K(102912K)
[86.353s][info][gc,heap        ] GC(180) ParOldGen: 588627K(1398272K)->148481K(1398272K)
[86.353s][info][gc,metaspace   ] GC(180) Metaspace: 67257K(68480K)->67257K(68480K) NonClass: 58818K(59392K)->58818K(59392K) Class: 8439K(9088K)->8439K(9088K)
[86.353s][info][gc             ] GC(180) Pause Full (System.gc()) 574M->145M(1944M) 102.490ms
[86.353s][info][gc,cpu         ] GC(180) User=2.00s Sys=0.00s Real=0.11s
[86.638s][info][gc,start       ] GC(181) Pause Young (Allocation Failure)
[86.679s][info][gc,heap        ] GC(181) PSYoungGen: 489984K(592896K)->104416K(594432K) Eden: 489984K(489984K)->0K(489984K) From: 0K(102912K)->104416K(104448K)
[86.679s][info][gc,heap        ] GC(181) ParOldGen: 148481K(1398272K)->152561K(1398272K)
[86.679s][info][gc,metaspace   ] GC(181) Metaspace: 67262K(68480K)->67262K(68480K) NonClass: 58823K(59392K)->58823K(59392K) Class: 8439K(9088K)->8439K(9088K)
[86.679s][info][gc             ] GC(181) Pause Young (Allocation Failure) 623M->250M(1946M) 41.132ms
[86.679s][info][gc,cpu         ] GC(181) User=1.55s Sys=0.00s Real=0.05s
[86.925s][info][gc,start       ] GC(182) Pause Young (Allocation Failure)
[87.000s][info][gc,heap        ] GC(182) PSYoungGen: 594400K(594432K)->58368K(563712K) Eden: 489984K(489984K)->0K(459264K) From: 104416K(104448K)->58368K(104448K)
[87.000s][info][gc,heap        ] GC(182) ParOldGen: 152561K(1398272K)->248186K(1398272K)
[87.000s][info][gc,metaspace   ] GC(182) Metaspace: 67262K(68480K)->67262K(68480K) NonClass: 58823K(59392K)->58823K(59392K) Class: 8439K(9088K)->8439K(9088K)
[87.000s][info][gc             ] GC(182) Pause Young (Allocation Failure) 729M->299M(1916M) 75.602ms
[87.000s][info][gc,cpu         ] GC(182) User=1.70s Sys=0.00s Real=0.06s
[87.214s][info][gc,start       ] GC(183) Pause Young (Allocation Failure)
[87.266s][info][gc,heap        ] GC(183) PSYoungGen: 517632K(563712K)->31456K(579072K) Eden: 459264K(459264K)->0K(459264K) From: 58368K(104448K)->31456K(119808K)
[87.266s][info][gc,heap        ] GC(183) ParOldGen: 248186K(1398272K)->298946K(1398272K)
[87.266s][info][gc,metaspace   ] GC(183) Metaspace: 67262K(68480K)->67262K(68480K) NonClass: 58823K(59392K)->58823K(59392K) Class: 8439K(9088K)->8439K(9088K)
[87.266s][info][gc             ] GC(183) Pause Young (Allocation Failure) 747M->322M(1931M) 51.897ms
[87.266s][info][gc,cpu         ] GC(183) User=1.45s Sys=0.00s Real=0.05s
[87.963s][info][gc,start       ] GC(184) Pause Young (Allocation Failure)
[88.175s][info][gc,heap        ] GC(184) PSYoungGen: 490720K(579072K)->32703K(565760K) Eden: 459264K(459264K)->0K(463360K) From: 31456K(119808K)->32703K(102400K)
[88.175s][info][gc,heap        ] GC(184) ParOldGen: 298946K(1398272K)->323770K(1398272K)
[88.175s][info][gc,metaspace   ] GC(184) Metaspace: 67280K(68480K)->67280K(68480K) NonClass: 58840K(59392K)->58840K(59392K) Class: 8440K(9088K)->8440K(9088K)
[88.175s][info][gc             ] GC(184) Pause Young (Allocation Failure) 771M->348M(1918M) 212.105ms
[88.175s][info][gc,cpu         ] GC(184) User=7.22s Sys=0.00s Real=0.22s
[88.501s][info][gc,start       ] GC(185) Pause Young (Allocation Failure)
[88.604s][info][gc,heap        ] GC(185) PSYoungGen: 496063K(565760K)->89184K(574464K) Eden: 463360K(463360K)->0K(463360K) From: 32703K(102400K)->89184K(111104K)
[88.604s][info][gc,heap        ] GC(185) ParOldGen: 323770K(1398272K)->346422K(1398272K)
[88.604s][info][gc,metaspace   ] GC(185) Metaspace: 67288K(68480K)->67288K(68480K) NonClass: 58848K(59392K)->58848K(59392K) Class: 8440K(9088K)->8440K(9088K)
[88.604s][info][gc             ] GC(185) Pause Young (Allocation Failure) 800M->425M(1926M) 102.489ms
[88.604s][info][gc,cpu         ] GC(185) User=3.50s Sys=0.02s Real=0.11s
[88.818s][info][gc,start       ] GC(186) Pause Young (Allocation Failure)
[88.871s][info][gc,heap        ] GC(186) PSYoungGen: 552544K(574464K)->54048K(582144K) Eden: 463360K(463360K)->0K(462848K) From: 89184K(111104K)->54048K(119296K)
[88.871s][info][gc,heap        ] GC(186) ParOldGen: 346422K(1398272K)->432318K(1398272K)
[88.871s][info][gc,metaspace   ] GC(186) Metaspace: 67288K(68480K)->67288K(68480K) NonClass: 58848K(59392K)->58848K(59392K) Class: 8440K(9088K)->8440K(9088K)
[88.871s][info][gc             ] GC(186) Pause Young (Allocation Failure) 877M->474M(1934M) 53.332ms
[88.871s][info][gc,cpu         ] GC(186) User=1.55s Sys=0.00s Real=0.04s
[89.100s][info][gc,start       ] GC(187) Pause Young (Allocation Failure)
[89.156s][info][gc,heap        ] GC(187) PSYoungGen: 516896K(582144K)->45312K(508416K) Eden: 462848K(462848K)->0K(462848K) From: 54048K(119296K)->45312K(45568K)
[89.156s][info][gc,heap        ] GC(187) ParOldGen: 432318K(1398272K)->470782K(1398272K)
[89.156s][info][gc,metaspace   ] GC(187) Metaspace: 67288K(68480K)->67288K(68480K) NonClass: 58848K(59392K)->58848K(59392K) Class: 8440K(9088K)->8440K(9088K)
[89.156s][info][gc             ] GC(187) Pause Young (Allocation Failure) 926M->503M(1862M) 56.152ms
[89.156s][info][gc,cpu         ] GC(187) User=1.86s Sys=0.00s Real=0.06s
[89.858s][info][gc,start       ] GC(188) Pause Young (Allocation Failure)
[90.007s][info][gc,heap        ] GC(188) PSYoungGen: 508160K(508416K)->33011K(577024K) Eden: 462848K(462848K)->0K(467456K) From: 45312K(45568K)->33011K(109568K)
[90.007s][info][gc,heap        ] GC(188) ParOldGen: 470782K(1398272K)->509254K(1398272K)
[90.007s][info][gc,metaspace   ] GC(188) Metaspace: 67322K(68544K)->67322K(68544K) NonClass: 58882K(59456K)->58882K(59456K) Class: 8440K(9088K)->8440K(9088K)
[90.007s][info][gc             ] GC(188) Pause Young (Allocation Failure) 955M->529M(1929M) 149.253ms
[90.007s][info][gc,cpu         ] GC(188) User=5.05s Sys=0.03s Real=0.16s
[90.437s][info][gc,start       ] GC(189) Pause Young (Allocation Failure)
[90.572s][info][gc,heap        ] GC(189) PSYoungGen: 500467K(577024K)->864K(573952K) Eden: 467456K(467456K)->0K(467456K) From: 33011K(109568K)->864K(106496K)
[90.572s][info][gc,heap        ] GC(189) ParOldGen: 509254K(1398272K)->533094K(1398272K)
[90.572s][info][gc,metaspace   ] GC(189) Metaspace: 67357K(68544K)->67357K(68544K) NonClass: 58917K(59456K)->58917K(59456K) Class: 8440K(9088K)->8440K(9088K)
[90.572s][info][gc             ] GC(189) Pause Young (Allocation Failure) 986M->521M(1926M) 134.505ms
[90.572s][info][gc,cpu         ] GC(189) User=4.13s Sys=0.00s Real=0.13s
[91.105s][info][gc,start       ] GC(190) Pause Young (Allocation Failure)
[91.113s][info][gc,heap        ] GC(190) PSYoungGen: 468320K(573952K)->13779K(591360K) Eden: 467456K(467456K)->0K(482816K) From: 864K(106496K)->13779K(108544K)
[91.113s][info][gc,heap        ] GC(190) ParOldGen: 533094K(1398272K)->533302K(1398272K)
[91.113s][info][gc,metaspace   ] GC(190) Metaspace: 67411K(68608K)->67411K(68608K) NonClass: 58971K(59520K)->58971K(59520K) Class: 8440K(9088K)->8440K(9088K)
[91.113s][info][gc             ] GC(190) Pause Young (Allocation Failure) 977M->534M(1943M) 8.312ms
[91.114s][info][gc,cpu         ] GC(190) User=0.52s Sys=0.00s Real=0.02s
[91.530s][info][gc,start       ] GC(191) Pause Young (Allocation Failure)
[91.557s][info][gc,heap        ] GC(191) PSYoungGen: 495548K(591360K)->51746K(535040K) Eden: 481768K(482816K)->0K(482816K) From: 13779K(108544K)->51746K(52224K)
[91.557s][info][gc,heap        ] GC(191) ParOldGen: 533302K(1398272K)->540396K(1398272K)
[91.557s][info][gc,metaspace   ] GC(191) Metaspace: 67411K(68608K)->67411K(68608K) NonClass: 58971K(59520K)->58971K(59520K) Class: 8440K(9088K)->8440K(9088K)
[91.557s][info][gc             ] GC(191) Pause Young (Allocation Failure) 1004M->578M(1888M) 26.503ms
[91.557s][info][gc,cpu         ] GC(191) User=0.31s Sys=0.00s Real=0.02s
[91.753s][info][gc,start       ] GC(192) Pause Young (Allocation Failure)
[91.784s][info][gc,heap        ] GC(192) PSYoungGen: 534562K(535040K)->80971K(577536K) Eden: 482816K(482816K)->0K(472576K) From: 51746K(52224K)->80971K(104960K)
[91.784s][info][gc,heap        ] GC(192) ParOldGen: 540396K(1398272K)->540492K(1398272K)
[91.784s][info][gc,metaspace   ] GC(192) Metaspace: 67423K(68608K)->67423K(68608K) NonClass: 58982K(59520K)->58982K(59520K) Class: 8440K(9088K)->8440K(9088K)
[91.784s][info][gc             ] GC(192) Pause Young (Allocation Failure) 1049M->606M(1929M) 30.964ms
[91.785s][info][gc,cpu         ] GC(192) User=0.86s Sys=0.00s Real=0.03s
[91.994s][info][gc,start       ] GC(193) Pause Young (Allocation Failure)
[92.061s][info][gc,heap        ] GC(193) PSYoungGen: 553547K(577536K)->65639K(538624K) Eden: 472576K(472576K)->0K(472576K) From: 80971K(104960K)->65639K(66048K)
[92.061s][info][gc,heap        ] GC(193) ParOldGen: 540492K(1398272K)->576310K(1398272K)
[92.061s][info][gc,metaspace   ] GC(193) Metaspace: 67423K(68608K)->67423K(68608K) NonClass: 58982K(59520K)->58982K(59520K) Class: 8440K(9088K)->8440K(9088K)
[92.061s][info][gc             ] GC(193) Pause Young (Allocation Failure) 1068M->626M(1891M) 66.413ms
[92.061s][info][gc,cpu         ] GC(193) User=1.44s Sys=0.00s Real=0.06s
[92.169s][info][gc,start       ] GC(194) Pause Young (System.gc())
[92.199s][info][gc,heap        ] GC(194) PSYoungGen: 220379K(538624K)->96K(582144K) Eden: 154739K(472576K)->0K(468480K) From: 65639K(66048K)->96K(113664K)
[92.199s][info][gc,heap        ] GC(194) ParOldGen: 576310K(1398272K)->580622K(1398272K)
[92.199s][info][gc,metaspace   ] GC(194) Metaspace: 67423K(68608K)->67423K(68608K) NonClass: 58982K(59520K)->58982K(59520K) Class: 8440K(9088K)->8440K(9088K)
[92.199s][info][gc             ] GC(194) Pause Young (System.gc()) 778M->567M(1934M) 30.537ms
[92.199s][info][gc,cpu         ] GC(194) User=1.03s Sys=0.00s Real=0.03s
[92.199s][info][gc,start       ] GC(195) Pause Full (System.gc())
[92.199s][info][gc,phases,start] GC(195) Marking Phase
[92.244s][info][gc,phases      ] GC(195) Marking Phase 44.478ms
[92.244s][info][gc,phases,start] GC(195) Summary Phase
[92.244s][info][gc,phases      ] GC(195) Summary Phase 0.019ms
[92.244s][info][gc,phases,start] GC(195) Adjust Roots
[92.256s][info][gc,phases      ] GC(195) Adjust Roots 11.965ms
[92.278s][info][gc,phases,start] GC(195) Compaction Phase
[92.309s][info][gc,phases      ] GC(195) Compaction Phase 31.201ms
[92.309s][info][gc,phases,start] GC(195) Post Compact
[92.313s][info][gc,phases      ] GC(195) Post Compact 4.277ms
[92.313s][info][gc,heap        ] GC(195) PSYoungGen: 96K(582144K)->0K(582144K) Eden: 0K(468480K)->0K(468480K) From: 96K(113664K)->0K(113664K)
[92.313s][info][gc,heap        ] GC(195) ParOldGen: 580622K(1398272K)->148573K(1398272K)
[92.313s][info][gc,metaspace   ] GC(195) Metaspace: 67423K(68608K)->67423K(68608K) NonClass: 58982K(59520K)->58982K(59520K) Class: 8440K(9088K)->8440K(9088K)
[92.313s][info][gc             ] GC(195) Pause Full (System.gc()) 567M->145M(1934M) 113.955ms
[92.313s][info][gc,cpu         ] GC(195) User=1.63s Sys=0.00s Real=0.13s
[92.578s][info][gc,start       ] GC(196) Pause Young (Allocation Failure)
[92.617s][info][gc,heap        ] GC(196) PSYoungGen: 468480K(582144K)->105824K(574464K) Eden: 468480K(468480K)->0K(468480K) From: 0K(113664K)->105824K(105984K)
[92.617s][info][gc,heap        ] GC(196) ParOldGen: 148573K(1398272K)->148573K(1398272K)
[92.617s][info][gc,metaspace   ] GC(196) Metaspace: 67437K(68608K)->67437K(68608K) NonClass: 58996K(59520K)->58996K(59520K) Class: 8440K(9088K)->8440K(9088K)
[92.617s][info][gc             ] GC(196) Pause Young (Allocation Failure) 602M->248M(1926M) 39.187ms
[92.617s][info][gc,cpu         ] GC(196) User=1.03s Sys=0.00s Real=0.03s
[92.861s][info][gc,start       ] GC(197) Pause Young (Allocation Failure)
[92.931s][info][gc,heap        ] GC(197) PSYoungGen: 574304K(574464K)->53504K(573440K) Eden: 468480K(468480K)->0K(449024K) From: 105824K(105984K)->53504K(124416K)
[92.931s][info][gc,heap        ] GC(197) ParOldGen: 148573K(1398272K)->246441K(1398272K)
[92.931s][info][gc,metaspace   ] GC(197) Metaspace: 67437K(68608K)->67437K(68608K) NonClass: 58996K(59520K)->58996K(59520K) Class: 8440K(9088K)->8440K(9088K)
[92.931s][info][gc             ] GC(197) Pause Young (Allocation Failure) 705M->292M(1925M) 69.246ms
[92.931s][info][gc,cpu         ] GC(197) User=1.89s Sys=0.00s Real=0.06s
[93.138s][info][gc,start       ] GC(198) Pause Young (Allocation Failure)
[93.192s][info][gc,heap        ] GC(198) PSYoungGen: 502528K(573440K)->31136K(480256K) Eden: 449024K(449024K)->0K(449024K) From: 53504K(124416K)->31136K(31232K)
[93.192s][info][gc,heap        ] GC(198) ParOldGen: 246441K(1398272K)->292577K(1398272K)
[93.192s][info][gc,metaspace   ] GC(198) Metaspace: 67437K(68608K)->67437K(68608K) NonClass: 58996K(59520K)->58996K(59520K) Class: 8440K(9088K)->8440K(9088K)
[93.192s][info][gc             ] GC(198) Pause Young (Allocation Failure) 731M->316M(1834M) 53.992ms
[93.192s][info][gc,cpu         ] GC(198) User=1.03s Sys=0.00s Real=0.04s
[93.817s][info][gc,start       ] GC(199) Pause Young (Allocation Failure)
[94.037s][info][gc,heap        ] GC(199) PSYoungGen: 480160K(480256K)->25568K(573440K) Eden: 449024K(449024K)->0K(453120K) From: 31136K(31232K)->25568K(120320K)
[94.037s][info][gc,heap        ] GC(199) ParOldGen: 292577K(1398272K)->316881K(1398272K)
[94.037s][info][gc,metaspace   ] GC(199) Metaspace: 67438K(68608K)->67438K(68608K) NonClass: 58997K(59520K)->58997K(59520K) Class: 8440K(9088K)->8440K(9088K)
[94.037s][info][gc             ] GC(199) Pause Young (Allocation Failure) 754M->334M(1925M) 220.625ms
[94.037s][info][gc,cpu         ] GC(199) User=6.88s Sys=0.00s Real=0.22s
[94.440s][info][gc,start       ] GC(200) Pause Young (Allocation Failure)
[94.542s][info][gc,heap        ] GC(200) PSYoungGen: 478688K(573440K)->105120K(558592K) Eden: 453120K(453120K)->0K(453120K) From: 25568K(120320K)->105120K(105472K)
[94.542s][info][gc,heap        ] GC(200) ParOldGen: 316881K(1398272K)->341825K(1398272K)
[94.542s][info][gc,metaspace   ] GC(200) Metaspace: 67442K(68608K)->67442K(68608K) NonClass: 59001K(59520K)->59001K(59520K) Class: 8440K(9088K)->8440K(9088K)
[94.542s][info][gc             ] GC(200) Pause Young (Allocation Failure) 776M->436M(1911M) 101.982ms
[94.542s][info][gc,cpu         ] GC(200) User=3.09s Sys=0.00s Real=0.09s
[94.746s][info][gc,start       ] GC(201) Pause Young (Allocation Failure)
[94.798s][info][gc,heap        ] GC(201) PSYoungGen: 558240K(558592K)->49824K(574976K) Eden: 453120K(453120K)->0K(442880K) From: 105120K(105472K)->49824K(132096K)
[94.798s][info][gc,heap        ] GC(201) ParOldGen: 341825K(1398272K)->422544K(1398272K)
[94.798s][info][gc,metaspace   ] GC(201) Metaspace: 67442K(68608K)->67442K(68608K) NonClass: 59001K(59520K)->59001K(59520K) Class: 8440K(9088K)->8440K(9088K)
[94.798s][info][gc             ] GC(201) Pause Young (Allocation Failure) 878M->461M(1927M) 52.141ms
[94.798s][info][gc,cpu         ] GC(201) User=1.23s Sys=0.00s Real=0.05s
[95.010s][info][gc,start       ] GC(202) Pause Young (Allocation Failure)
[95.067s][info][gc,heap        ] GC(202) PSYoungGen: 492704K(574976K)->53312K(496640K) Eden: 442880K(442880K)->0K(442880K) From: 49824K(132096K)->53312K(53760K)
[95.067s][info][gc,heap        ] GC(202) ParOldGen: 422544K(1398272K)->457320K(1398272K)
[95.067s][info][gc,metaspace   ] GC(202) Metaspace: 67442K(68608K)->67442K(68608K) NonClass: 59001K(59520K)->59001K(59520K) Class: 8440K(9088K)->8440K(9088K)
[95.067s][info][gc             ] GC(202) Pause Young (Allocation Failure) 893M->498M(1850M) 56.505ms
[95.067s][info][gc,cpu         ] GC(202) User=2.06s Sys=0.00s Real=0.06s
[95.299s][info][gc,start       ] GC(203) Pause Young (Allocation Failure)
[95.359s][info][gc,heap        ] GC(203) PSYoungGen: 496192K(496640K)->29536K(563712K) Eden: 442880K(442880K)->0K(445952K) From: 53312K(53760K)->29536K(117760K)
[95.359s][info][gc,heap        ] GC(203) ParOldGen: 457320K(1398272K)->503168K(1398272K)
[95.359s][info][gc,metaspace   ] GC(203) Metaspace: 67442K(68608K)->67442K(68608K) NonClass: 59001K(59520K)->59001K(59520K) Class: 8440K(9088K)->8440K(9088K)
[95.359s][info][gc             ] GC(203) Pause Young (Allocation Failure) 931M->520M(1916M) 59.941ms
[95.359s][info][gc,cpu         ] GC(203) User=1.22s Sys=0.00s Real=0.05s
[96.212s][info][gc,start       ] GC(204) Pause Young (Allocation Failure)
[96.342s][info][gc,heap        ] GC(204) PSYoungGen: 475488K(563712K)->31776K(560640K) Eden: 445952K(445952K)->0K(445952K) From: 29536K(117760K)->31776K(114688K)
[96.342s][info][gc,heap        ] GC(204) ParOldGen: 503168K(1398272K)->531640K(1398272K)
[96.342s][info][gc,metaspace   ] GC(204) Metaspace: 67462K(68672K)->67462K(68672K) NonClass: 59021K(59584K)->59021K(59584K) Class: 8441K(9088K)->8441K(9088K)
[96.342s][info][gc             ] GC(204) Pause Young (Allocation Failure) 955M->550M(1913M) 130.093ms
[96.342s][info][gc,cpu         ] GC(204) User=4.64s Sys=0.00s Real=0.14s
[96.791s][info][gc,start       ] GC(205) Pause Young (Allocation Failure)
[96.820s][info][gc,heap        ] GC(205) PSYoungGen: 477728K(560640K)->34371K(580096K) Eden: 445952K(445952K)->0K(470528K) From: 31776K(114688K)->34371K(109568K)
[96.820s][info][gc,heap        ] GC(205) ParOldGen: 531640K(1398272K)->533391K(1398272K)
[96.820s][info][gc,metaspace   ] GC(205) Metaspace: 67504K(68672K)->67504K(68672K) NonClass: 59062K(59584K)->59062K(59584K) Class: 8441K(9088K)->8441K(9088K)
[96.820s][info][gc             ] GC(205) Pause Young (Allocation Failure) 985M->554M(1932M) 28.943ms
[96.820s][info][gc,cpu         ] GC(205) User=1.03s Sys=0.00s Real=0.03s
[97.159s][info][gc,start       ] GC(206) Pause Young (Allocation Failure)
[97.188s][info][gc,heap        ] GC(206) PSYoungGen: 504899K(580096K)->62484K(577536K) Eden: 470528K(470528K)->0K(470528K) From: 34371K(109568K)->62484K(107008K)
[97.189s][info][gc,heap        ] GC(206) ParOldGen: 533391K(1398272K)->533590K(1398272K)
[97.189s][info][gc,metaspace   ] GC(206) Metaspace: 67516K(68736K)->67516K(68736K) NonClass: 59074K(59648K)->59074K(59648K) Class: 8441K(9088K)->8441K(9088K)
[97.189s][info][gc             ] GC(206) Pause Young (Allocation Failure) 1013M->582M(1929M) 30.012ms
[97.189s][info][gc,cpu         ] GC(206) User=0.83s Sys=0.00s Real=0.03s
[97.577s][info][gc,start       ] GC(207) Pause Young (Allocation Failure)
[97.604s][info][gc,heap        ] GC(207) PSYoungGen: 532767K(577536K)->59052K(590336K) Eden: 470283K(470528K)->0K(483840K) From: 62484K(107008K)->59052K(106496K)
[97.604s][info][gc,heap        ] GC(207) ParOldGen: 533590K(1398272K)->533782K(1398272K)
[97.604s][info][gc,metaspace   ] GC(207) Metaspace: 67521K(68736K)->67521K(68736K) NonClass: 59080K(59648K)->59080K(59648K) Class: 8441K(9088K)->8441K(9088K)
[97.604s][info][gc             ] GC(207) Pause Young (Allocation Failure) 1041M->578M(1942M) 27.129ms
[97.604s][info][gc,cpu         ] GC(207) User=1.03s Sys=0.00s Real=0.03s
[97.833s][info][gc,start       ] GC(208) Pause Young (Allocation Failure)
[97.881s][info][gc,heap        ] GC(208) PSYoungGen: 542892K(590336K)->48630K(532480K) Eden: 483840K(483840K)->0K(483840K) From: 59052K(106496K)->48630K(48640K)
[97.881s][info][gc,heap        ] GC(208) ParOldGen: 533782K(1398272K)->551442K(1398272K)
[97.881s][info][gc,metaspace   ] GC(208) Metaspace: 67527K(68736K)->67527K(68736K) NonClass: 59085K(59648K)->59085K(59648K) Class: 8441K(9088K)->8441K(9088K)
[97.881s][info][gc             ] GC(208) Pause Young (Allocation Failure) 1051M->586M(1885M) 48.023ms
[97.881s][info][gc,cpu         ] GC(208) User=1.38s Sys=0.00s Real=0.05s
[98.051s][info][gc,start       ] GC(209) Pause Young (System.gc())
[98.072s][info][gc,heap        ] GC(209) PSYoungGen: 354697K(532480K)->96K(583680K) Eden: 306066K(483840K)->0K(483840K) From: 48630K(48640K)->96K(99840K)
[98.072s][info][gc,heap        ] GC(209) ParOldGen: 551442K(1398272K)->573913K(1398272K)
[98.072s][info][gc,metaspace   ] GC(209) Metaspace: 67527K(68736K)->67527K(68736K) NonClass: 59085K(59648K)->59085K(59648K) Class: 8441K(9088K)->8441K(9088K)
[98.072s][info][gc             ] GC(209) Pause Young (System.gc()) 884M->560M(1935M) 21.547ms
[98.073s][info][gc,cpu         ] GC(209) User=1.03s Sys=0.00s Real=0.03s
[98.073s][info][gc,start       ] GC(210) Pause Full (System.gc())
[98.073s][info][gc,phases,start] GC(210) Marking Phase
[98.117s][info][gc,phases      ] GC(210) Marking Phase 44.303ms
[98.117s][info][gc,phases,start] GC(210) Summary Phase
[98.117s][info][gc,phases      ] GC(210) Summary Phase 0.019ms
[98.117s][info][gc,phases,start] GC(210) Adjust Roots
[98.131s][info][gc,phases      ] GC(210) Adjust Roots 13.676ms
[98.131s][info][gc,phases,start] GC(210) Compaction Phase
[98.154s][info][gc,phases      ] GC(210) Compaction Phase 23.307ms
[98.154s][info][gc,phases,start] GC(210) Post Compact
[98.157s][info][gc,phases      ] GC(210) Post Compact 3.200ms
[98.157s][info][gc,heap        ] GC(210) PSYoungGen: 96K(583680K)->0K(583680K) Eden: 0K(483840K)->0K(483840K) From: 96K(99840K)->0K(99840K)
[98.157s][info][gc,heap        ] GC(210) ParOldGen: 573913K(1398272K)->148657K(1398272K)
[98.157s][info][gc,metaspace   ] GC(210) Metaspace: 67527K(68736K)->67527K(68736K) NonClass: 59085K(59648K)->59085K(59648K) Class: 8441K(9088K)->8441K(9088K)
[98.157s][info][gc             ] GC(210) Pause Full (System.gc()) 560M->145M(1935M) 84.844ms
[98.158s][info][gc,cpu         ] GC(210) User=1.67s Sys=0.00s Real=0.08s
[98.426s][info][gc,start       ] GC(211) Pause Young (Allocation Failure)
[98.467s][info][gc,heap        ] GC(211) PSYoungGen: 483840K(583680K)->102880K(586752K) Eden: 483840K(483840K)->0K(483840K) From: 0K(99840K)->102880K(102912K)
[98.467s][info][gc,heap        ] GC(211) ParOldGen: 148657K(1398272K)->152705K(1398272K)
[98.467s][info][gc,metaspace   ] GC(211) Metaspace: 67539K(68736K)->67539K(68736K) NonClass: 59098K(59648K)->59098K(59648K) Class: 8441K(9088K)->8441K(9088K)
[98.467s][info][gc             ] GC(211) Pause Young (Allocation Failure) 617M->249M(1938M) 40.462ms
[98.467s][info][gc,cpu         ] GC(211) User=1.47s Sys=0.00s Real=0.05s
[98.716s][info][gc,start       ] GC(212) Pause Young (Allocation Failure)
[98.792s][info][gc,heap        ] GC(212) PSYoungGen: 586720K(586752K)->57952K(578560K) Eden: 483840K(483840K)->0K(466432K) From: 102880K(102912K)->57952K(112128K)
[98.792s][info][gc,heap        ] GC(212) ParOldGen: 152705K(1398272K)->247932K(1398272K)
[98.792s][info][gc,metaspace   ] GC(212) Metaspace: 67539K(68736K)->67539K(68736K) NonClass: 59098K(59648K)->59098K(59648K) Class: 8441K(9088K)->8441K(9088K)
[98.792s][info][gc             ] GC(212) Pause Young (Allocation Failure) 722M->298M(1930M) 75.446ms
[98.792s][info][gc,cpu         ] GC(212) User=1.69s Sys=0.00s Real=0.07s
[99.010s][info][gc,start       ] GC(213) Pause Young (Allocation Failure)
[99.067s][info][gc,heap        ] GC(213) PSYoungGen: 524384K(578560K)->31936K(582656K) Eden: 466432K(466432K)->0K(466432K) From: 57952K(112128K)->31936K(116224K)
[99.068s][info][gc,heap        ] GC(213) ParOldGen: 247932K(1398272K)->294252K(1398272K)
[99.068s][info][gc,metaspace   ] GC(213) Metaspace: 67542K(68736K)->67542K(68736K) NonClass: 59100K(59648K)->59100K(59648K) Class: 8441K(9088K)->8441K(9088K)
[99.068s][info][gc             ] GC(213) Pause Young (Allocation Failure) 754M->318M(1934M) 57.216ms
[99.068s][info][gc,cpu         ] GC(213) User=1.20s Sys=0.00s Real=0.05s
[99.769s][info][gc,start       ] GC(214) Pause Young (Allocation Failure)
[99.981s][info][gc,heap        ] GC(214) PSYoungGen: 498368K(582656K)->34333K(573440K) Eden: 466432K(466432K)->0K(469504K) From: 31936K(116224K)->34333K(103936K)
[99.981s][info][gc,heap        ] GC(214) ParOldGen: 294252K(1398272K)->319572K(1398272K)
[99.981s][info][gc,metaspace   ] GC(214) Metaspace: 67625K(68800K)->67625K(68800K) NonClass: 59183K(59712K)->59183K(59712K) Class: 8441K(9088K)->8441K(9088K)
[99.981s][info][gc             ] GC(214) Pause Young (Allocation Failure) 774M->345M(1925M) 211.535ms
[99.981s][info][gc,cpu         ] GC(214) User=6.28s Sys=0.00s Real=0.21s
[100.320s][info][gc,start       ] GC(215) Pause Young (Allocation Failure)
[100.423s][info][gc,heap        ] GC(215) PSYoungGen: 503837K(573440K)->89536K(578560K) Eden: 469504K(469504K)->0K(469504K) From: 34333K(103936K)->89536K(109056K)
[100.423s][info][gc,heap        ] GC(215) ParOldGen: 319572K(1398272K)->342489K(1398272K)
[100.423s][info][gc,metaspace   ] GC(215) Metaspace: 67625K(68800K)->67625K(68800K) NonClass: 59183K(59712K)->59183K(59712K) Class: 8441K(9088K)->8441K(9088K)
[100.423s][info][gc             ] GC(215) Pause Young (Allocation Failure) 804M->421M(1930M) 102.108ms
[100.423s][info][gc,cpu         ] GC(215) User=3.61s Sys=0.00s Real=0.10s
[100.642s][info][gc,start       ] GC(216) Pause Young (Allocation Failure)
[100.695s][info][gc,heap        ] GC(216) PSYoungGen: 558016K(578560K)->58080K(584704K) Eden: 468480K(469504K)->0K(465920K) From: 89536K(109056K)->58080K(118784K)
[100.695s][info][gc,heap        ] GC(216) ParOldGen: 342489K(1398272K)->429057K(1398272K)
[100.695s][info][gc,metaspace   ] GC(216) Metaspace: 67625K(68800K)->67625K(68800K) NonClass: 59183K(59712K)->59183K(59712K) Class: 8441K(9088K)->8441K(9088K)
[100.695s][info][gc             ] GC(216) Pause Young (Allocation Failure) 879M->475M(1936M) 52.542ms
[100.695s][info][gc,cpu         ] GC(216) User=1.55s Sys=0.00s Real=0.05s
[100.918s][info][gc,start       ] GC(217) Pause Young (Allocation Failure)
[100.974s][info][gc,heap        ] GC(217) PSYoungGen: 524000K(584704K)->45568K(512000K) Eden: 465920K(465920K)->0K(465920K) From: 58080K(118784K)->45568K(46080K)
[100.974s][info][gc,heap        ] GC(217) ParOldGen: 429057K(1398272K)->471393K(1398272K)
[100.974s][info][gc,metaspace   ] GC(217) Metaspace: 67625K(68800K)->67625K(68800K) NonClass: 59183K(59712K)->59183K(59712K) Class: 8441K(9088K)->8441K(9088K)
[100.974s][info][gc             ] GC(217) Pause Young (Allocation Failure) 930M->504M(1865M) 55.401ms
[100.974s][info][gc,cpu         ] GC(217) User=1.47s Sys=0.00s Real=0.06s
[101.670s][info][gc,start       ] GC(218) Pause Young (Allocation Failure)
[101.831s][info][gc,heap        ] GC(218) PSYoungGen: 511488K(512000K)->40307K(578560K) Eden: 465920K(465920K)->0K(469504K) From: 45568K(46080K)->40307K(109056K)
[101.831s][info][gc,heap        ] GC(218) ParOldGen: 471393K(1398272K)->506001K(1398272K)
[101.831s][info][gc,metaspace   ] GC(218) Metaspace: 67637K(68800K)->67637K(68800K) NonClass: 59196K(59712K)->59196K(59712K) Class: 8441K(9088K)->8441K(9088K)
[101.831s][info][gc             ] GC(218) Pause Young (Allocation Failure) 959M->533M(1930M) 161.139ms
[101.831s][info][gc,cpu         ] GC(218) User=5.17s Sys=0.00s Real=0.17s
[102.290s][info][gc,start       ] GC(219) Pause Young (Allocation Failure)
[102.444s][info][gc,heap        ] GC(219) PSYoungGen: 509811K(578560K)->1441K(574976K) Eden: 469504K(469504K)->0K(469504K) From: 40307K(109056K)->1441K(105472K)
[102.444s][info][gc,heap        ] GC(219) ParOldGen: 506001K(1398272K)->529121K(1398272K)
[102.444s][info][gc,metaspace   ] GC(219) Metaspace: 67718K(68864K)->67718K(68864K) NonClass: 59275K(59776K)->59275K(59776K) Class: 8443K(9088K)->8443K(9088K)
[102.444s][info][gc             ] GC(219) Pause Young (Allocation Failure) 992M->518M(1927M) 154.383ms
[102.444s][info][gc,cpu         ] GC(219) User=5.16s Sys=0.00s Real=0.16s
[102.946s][info][gc,start       ] GC(220) Pause Young (Allocation Failure)
[102.956s][info][gc,heap        ] GC(220) PSYoungGen: 470945K(574976K)->19744K(591360K) Eden: 469504K(469504K)->0K(483840K) From: 1441K(105472K)->19744K(107520K)
[102.956s][info][gc,heap        ] GC(220) ParOldGen: 529121K(1398272K)->529336K(1398272K)
[102.956s][info][gc,metaspace   ] GC(220) Metaspace: 67733K(68864K)->67733K(68864K) NonClass: 59290K(59776K)->59290K(59776K) Class: 8443K(9088K)->8443K(9088K)
[102.956s][info][gc             ] GC(220) Pause Young (Allocation Failure) 976M->536M(1943M) 9.969ms
[102.956s][info][gc,cpu         ] GC(220) User=0.31s Sys=0.00s Real=0.02s
[103.371s][info][gc,start       ] GC(221) Pause Young (Allocation Failure)
[103.394s][info][gc,heap        ] GC(221) PSYoungGen: 500117K(591360K)->49418K(533504K) Eden: 480373K(483840K)->0K(483840K) From: 19744K(107520K)->49418K(49664K)
[103.394s][info][gc,heap        ] GC(221) ParOldGen: 529336K(1398272K)->535826K(1398272K)
[103.394s][info][gc,metaspace   ] GC(221) Metaspace: 67735K(68928K)->67735K(68928K) NonClass: 59292K(59840K)->59292K(59840K) Class: 8443K(9088K)->8443K(9088K)
[103.394s][info][gc             ] GC(221) Pause Young (Allocation Failure) 1005M->571M(1886M) 23.547ms
[103.394s][info][gc,cpu         ] GC(221) User=0.52s Sys=0.00s Real=0.02s
[103.702s][info][gc,start       ] GC(222) Pause Young (Allocation Failure)
[103.745s][info][gc,heap        ] GC(222) PSYoungGen: 533258K(533504K)->61607K(586240K) Eden: 483840K(483840K)->0K(483840K) From: 49418K(49664K)->61607K(102400K)
[103.746s][info][gc,heap        ] GC(222) ParOldGen: 535826K(1398272K)->535970K(1398272K)
[103.746s][info][gc,metaspace   ] GC(222) Metaspace: 67758K(68928K)->67758K(68928K) NonClass: 59315K(59840K)->59315K(59840K) Class: 8443K(9088K)->8443K(9088K)
[103.746s][info][gc             ] GC(222) Pause Young (Allocation Failure) 1044M->583M(1938M) 43.114ms
[103.746s][info][gc,cpu         ] GC(222) User=1.27s Sys=0.00s Real=0.05s
[103.968s][info][gc,start       ] GC(223) Pause Young (Allocation Failure)
[104.095s][info][gc,heap        ] GC(223) PSYoungGen: 545447K(586240K)->47138K(587264K) Eden: 483840K(483840K)->0K(483840K) From: 61607K(102400K)->47138K(103424K)
[104.096s][info][gc,heap        ] GC(223) ParOldGen: 535970K(1398272K)->594927K(1398272K)
[104.096s][info][gc,metaspace   ] GC(223) Metaspace: 67758K(68928K)->67758K(68928K) NonClass: 59315K(59840K)->59315K(59840K) Class: 8443K(9088K)->8443K(9088K)
[104.096s][info][gc             ] GC(223) Pause Young (Allocation Failure) 1056M->627M(1939M) 127.096ms
[104.096s][info][gc,cpu         ] GC(223) User=2.53s Sys=0.02s Real=0.12s
[104.166s][info][gc,start       ] GC(224) Pause Young (System.gc())
[104.175s][info][gc,heap        ] GC(224) PSYoungGen: 131913K(587264K)->96K(588800K) Eden: 84774K(483840K)->0K(490496K) From: 47138K(103424K)->96K(98304K)
[104.175s][info][gc,heap        ] GC(224) ParOldGen: 594927K(1398272K)->594943K(1398272K)
[104.175s][info][gc,metaspace   ] GC(224) Metaspace: 67758K(68928K)->67758K(68928K) NonClass: 59315K(59840K)->59315K(59840K) Class: 8443K(9088K)->8443K(9088K)
[104.175s][info][gc             ] GC(224) Pause Young (System.gc()) 709M->581M(1940M) 8.602ms
[104.175s][info][gc,cpu         ] GC(224) User=0.02s Sys=0.00s Real=0.02s
[104.175s][info][gc,start       ] GC(225) Pause Full (System.gc())
[104.175s][info][gc,phases,start] GC(225) Marking Phase
[104.230s][info][gc,phases      ] GC(225) Marking Phase 55.314ms
[104.230s][info][gc,phases,start] GC(225) Summary Phase
[104.230s][info][gc,phases      ] GC(225) Summary Phase 0.020ms
[104.230s][info][gc,phases,start] GC(225) Adjust Roots
[104.244s][info][gc,phases      ] GC(225) Adjust Roots 13.906ms
[104.244s][info][gc,phases,start] GC(225) Compaction Phase
[104.273s][info][gc,phases      ] GC(225) Compaction Phase 28.285ms
[104.273s][info][gc,phases,start] GC(225) Post Compact
[104.276s][info][gc,phases      ] GC(225) Post Compact 3.515ms
[104.276s][info][gc,heap        ] GC(225) PSYoungGen: 96K(588800K)->0K(588800K) Eden: 0K(490496K)->0K(490496K) From: 96K(98304K)->0K(98304K)
[104.276s][info][gc,heap        ] GC(225) ParOldGen: 594943K(1398272K)->148704K(1398272K)
[104.276s][info][gc,metaspace   ] GC(225) Metaspace: 67758K(68928K)->67758K(68928K) NonClass: 59315K(59840K)->59315K(59840K) Class: 8443K(9088K)->8443K(9088K)
[104.276s][info][gc             ] GC(225) Pause Full (System.gc()) 581M->145M(1940M) 101.413ms
[104.276s][info][gc,cpu         ] GC(225) User=1.61s Sys=0.00s Real=0.09s
[104.556s][info][gc,start       ] GC(226) Pause Young (Allocation Failure)
[104.604s][info][gc,heap        ] GC(226) PSYoungGen: 490496K(588800K)->100832K(591360K) Eden: 490496K(490496K)->0K(490496K) From: 0K(98304K)->100832K(100864K)
[104.604s][info][gc,heap        ] GC(226) ParOldGen: 148704K(1398272K)->155992K(1398272K)
[104.604s][info][gc,metaspace   ] GC(226) Metaspace: 67765K(68928K)->67765K(68928K) NonClass: 59321K(59840K)->59321K(59840K) Class: 8443K(9088K)->8443K(9088K)
[104.604s][info][gc             ] GC(226) Pause Young (Allocation Failure) 624M->250M(1943M) 47.758ms
[104.604s][info][gc,cpu         ] GC(226) User=1.19s Sys=0.00s Real=0.05s
[104.853s][info][gc,start       ] GC(227) Pause Young (Allocation Failure)
[104.927s][info][gc,heap        ] GC(227) PSYoungGen: 591328K(591360K)->54208K(577024K) Eden: 490496K(490496K)->0K(469504K) From: 100832K(100864K)->54208K(107520K)
[104.927s][info][gc,heap        ] GC(227) ParOldGen: 155992K(1398272K)->248064K(1398272K)
[104.927s][info][gc,metaspace   ] GC(227) Metaspace: 67765K(68928K)->67765K(68928K) NonClass: 59321K(59840K)->59321K(59840K) Class: 8443K(9088K)->8443K(9088K)
[104.927s][info][gc             ] GC(227) Pause Young (Allocation Failure) 729M->295M(1929M) 74.236ms
[104.928s][info][gc,cpu         ] GC(227) User=1.69s Sys=0.00s Real=0.06s
[105.152s][info][gc,start       ] GC(228) Pause Young (Allocation Failure)
[105.212s][info][gc,heap        ] GC(228) PSYoungGen: 523712K(577024K)->31968K(584192K) Eden: 469504K(469504K)->0K(469504K) From: 54208K(107520K)->31968K(114688K)
[105.212s][info][gc,heap        ] GC(228) ParOldGen: 248064K(1398272K)->294664K(1398272K)
[105.212s][info][gc,metaspace   ] GC(228) Metaspace: 67765K(68928K)->67765K(68928K) NonClass: 59321K(59840K)->59321K(59840K) Class: 8443K(9088K)->8443K(9088K)
[105.212s][info][gc             ] GC(228) Pause Young (Allocation Failure) 753M->318M(1936M) 59.698ms
[105.212s][info][gc,cpu         ] GC(228) User=1.63s Sys=0.00s Real=0.05s
[105.954s][info][gc,start       ] GC(229) Pause Young (Allocation Failure)
[106.155s][info][gc,heap        ] GC(229) PSYoungGen: 501472K(584192K)->39327K(570368K) Eden: 469504K(469504K)->0K(473088K) From: 31968K(114688K)->39327K(97280K)
[106.155s][info][gc,heap        ] GC(229) ParOldGen: 294664K(1398272K)->320144K(1398272K)
[106.155s][info][gc,metaspace   ] GC(229) Metaspace: 67779K(68928K)->67779K(68928K) NonClass: 59336K(59840K)->59336K(59840K) Class: 8443K(9088K)->8443K(9088K)
[106.155s][info][gc             ] GC(229) Pause Young (Allocation Failure) 777M->351M(1922M) 200.976ms
[106.155s][info][gc,cpu         ] GC(229) User=6.69s Sys=0.00s Real=0.20s
[106.494s][info][gc,start       ] GC(230) Pause Young (Allocation Failure)
[106.583s][info][gc,heap        ] GC(230) PSYoungGen: 512415K(570368K)->93088K(579072K) Eden: 473088K(473088K)->0K(473088K) From: 39327K(97280K)->93088K(105984K)
[106.583s][info][gc,heap        ] GC(230) ParOldGen: 320144K(1398272K)->342419K(1398272K)
[106.583s][info][gc,metaspace   ] GC(230) Metaspace: 67779K(68928K)->67779K(68928K) NonClass: 59336K(59840K)->59336K(59840K) Class: 8443K(9088K)->8443K(9088K)
[106.583s][info][gc             ] GC(230) Pause Young (Allocation Failure) 813M->425M(1931M) 89.330ms
[106.583s][info][gc,cpu         ] GC(230) User=3.09s Sys=0.00s Real=0.09s
[106.829s][info][gc,start       ] GC(231) Pause Young (Allocation Failure)
[106.895s][info][gc,heap        ] GC(231) PSYoungGen: 566176K(579072K)->59296K(585216K) Eden: 473088K(473088K)->0K(467968K) From: 93088K(105984K)->59296K(117248K)
[106.895s][info][gc,heap        ] GC(231) ParOldGen: 342419K(1398272K)->430515K(1398272K)
[106.895s][info][gc,metaspace   ] GC(231) Metaspace: 67779K(68928K)->67779K(68928K) NonClass: 59336K(59840K)->59336K(59840K) Class: 8443K(9088K)->8443K(9088K)
[106.895s][info][gc             ] GC(231) Pause Young (Allocation Failure) 887M->478M(1937M) 65.899ms
[106.895s][info][gc,cpu         ] GC(231) User=1.95s Sys=0.00s Real=0.06s
[107.119s][info][gc,start       ] GC(232) Pause Young (Allocation Failure)
[107.177s][info][gc,heap        ] GC(232) PSYoungGen: 527264K(585216K)->33920K(502272K) Eden: 467968K(467968K)->0K(467968K) From: 59296K(117248K)->33920K(34304K)
[107.177s][info][gc,heap        ] GC(232) ParOldGen: 430515K(1398272K)->488339K(1398272K)
[107.177s][info][gc,metaspace   ] GC(232) Metaspace: 67779K(68928K)->67779K(68928K) NonClass: 59336K(59840K)->59336K(59840K) Class: 8443K(9088K)->8443K(9088K)
[107.177s][info][gc             ] GC(232) Pause Young (Allocation Failure) 935M->510M(1856M) 57.890ms
[107.177s][info][gc,cpu         ] GC(232) User=1.55s Sys=0.00s Real=0.05s
[107.876s][info][gc,start       ] GC(233) Pause Young (Allocation Failure)
[108.082s][info][gc,heap        ] GC(233) PSYoungGen: 501888K(502272K)->45683K(583680K) Eden: 467968K(467968K)->0K(473088K) From: 33920K(34304K)->45683K(110592K)
[108.082s][info][gc,heap        ] GC(233) ParOldGen: 488339K(1398272K)->515707K(1398272K)
[108.082s][info][gc,metaspace   ] GC(233) Metaspace: 67781K(68928K)->67781K(68928K) NonClass: 59338K(59840K)->59338K(59840K) Class: 8443K(9088K)->8443K(9088K)
[108.082s][info][gc             ] GC(233) Pause Young (Allocation Failure) 967M->548M(1935M) 205.594ms
[108.082s][info][gc,cpu         ] GC(233) User=6.69s Sys=0.02s Real=0.20s
[108.510s][info][gc,start       ] GC(234) Pause Young (Allocation Failure)
[108.638s][info][gc,heap        ] GC(234) PSYoungGen: 518771K(583680K)->8083K(578560K) Eden: 473088K(473088K)->0K(473088K) From: 45683K(110592K)->8083K(105472K)
[108.638s][info][gc,heap        ] GC(234) ParOldGen: 515707K(1398272K)->537275K(1398272K)
[108.638s][info][gc,metaspace   ] GC(234) Metaspace: 67821K(68992K)->67821K(68992K) NonClass: 59378K(59904K)->59378K(59904K) Class: 8443K(9088K)->8443K(9088K)
[108.638s][info][gc             ] GC(234) Pause Young (Allocation Failure) 1010M->532M(1930M) 128.045ms
[108.638s][info][gc,cpu         ] GC(234) User=4.13s Sys=0.00s Real=0.13s
[109.164s][info][gc,start       ] GC(235) Pause Young (Allocation Failure)
[109.178s][info][gc,heap        ] GC(235) PSYoungGen: 481171K(578560K)->23456K(590848K) Eden: 473088K(473088K)->0K(485376K) From: 8083K(105472K)->23456K(105472K)
[109.178s][info][gc,heap        ] GC(235) ParOldGen: 537275K(1398272K)->537506K(1398272K)
[109.178s][info][gc,metaspace   ] GC(235) Metaspace: 67825K(68992K)->67825K(68992K) NonClass: 59381K(59904K)->59381K(59904K) Class: 8443K(9088K)->8443K(9088K)
[109.178s][info][gc             ] GC(235) Pause Young (Allocation Failure) 994M->547M(1942M) 14.012ms
[109.178s][info][gc,cpu         ] GC(235) User=0.27s Sys=0.00s Real=0.02s
[109.623s][info][gc,start       ] GC(236) Pause Young (Allocation Failure)
[109.651s][info][gc,heap        ] GC(236) PSYoungGen: 508158K(590848K)->64584K(589824K) Eden: 484702K(485376K)->0K(485376K) From: 23456K(105472K)->64584K(104448K)
[109.651s][info][gc,heap        ] GC(236) ParOldGen: 537506K(1398272K)->546815K(1398272K)
[109.651s][info][gc,metaspace   ] GC(236) Metaspace: 67825K(68992K)->67825K(68992K) NonClass: 59382K(59904K)->59382K(59904K) Class: 8443K(9088K)->8443K(9088K)
[109.651s][info][gc             ] GC(236) Pause Young (Allocation Failure) 1021M->597M(1941M) 28.018ms
[109.651s][info][gc,cpu         ] GC(236) User=1.03s Sys=0.00s Real=0.03s
[109.939s][info][gc,start       ] GC(237) Pause Young (Allocation Failure)
[109.985s][info][gc,heap        ] GC(237) PSYoungGen: 549960K(589824K)->63780K(590848K) Eden: 485376K(485376K)->0K(484864K) From: 64584K(104448K)->63780K(105984K)
[109.985s][info][gc,heap        ] GC(237) ParOldGen: 546815K(1398272K)->549293K(1398272K)
[109.985s][info][gc,metaspace   ] GC(237) Metaspace: 67827K(68992K)->67827K(68992K) NonClass: 59383K(59904K)->59383K(59904K) Class: 8444K(9088K)->8444K(9088K)
[109.985s][info][gc             ] GC(237) Pause Young (Allocation Failure) 1071M->598M(1942M) 46.040ms
[109.985s][info][gc,cpu         ] GC(237) User=1.20s Sys=0.00s Real=0.05s
[110.217s][info][gc,start       ] GC(238) Pause Young (Allocation Failure)
[110.458s][info][gc,heap        ] GC(238) PSYoungGen: 548644K(590848K)->42624K(527872K) Eden: 484864K(484864K)->0K(484864K) From: 63780K(105984K)->42624K(43008K)
[110.459s][info][gc,heap        ] GC(238) ParOldGen: 549293K(1398272K)->610431K(1398272K)
[110.459s][info][gc,metaspace   ] GC(238) Metaspace: 67827K(68992K)->67827K(68992K) NonClass: 59383K(59904K)->59383K(59904K) Class: 8444K(9088K)->8444K(9088K)
[110.459s][info][gc             ] GC(238) Pause Young (Allocation Failure) 1072M->637M(1881M) 241.535ms
[110.459s][info][gc,cpu         ] GC(238) User=2.09s Sys=0.02s Real=0.23s
[110.501s][info][gc,start       ] GC(239) Pause Young (System.gc())
[110.505s][info][gc,heap        ] GC(239) PSYoungGen: 83488K(527872K)->128K(585216K) Eden: 40864K(484864K)->0K(483328K) From: 42624K(43008K)->128K(101888K)
[110.505s][info][gc,heap        ] GC(239) ParOldGen: 610431K(1398272K)->610455K(1398272K)
[110.505s][info][gc,metaspace   ] GC(239) Metaspace: 67827K(68992K)->67827K(68992K) NonClass: 59383K(59904K)->59383K(59904K) Class: 8444K(9088K)->8444K(9088K)
[110.505s][info][gc             ] GC(239) Pause Young (System.gc()) 677M->596M(1937M) 4.746ms
[110.506s][info][gc,cpu         ] GC(239) User=0.00s Sys=0.00s Real=0.00s
[110.506s][info][gc,start       ] GC(240) Pause Full (System.gc())
[110.506s][info][gc,phases,start] GC(240) Marking Phase
[110.565s][info][gc,phases      ] GC(240) Marking Phase 59.228ms
[110.565s][info][gc,phases,start] GC(240) Summary Phase
[110.565s][info][gc,phases      ] GC(240) Summary Phase 0.021ms
[110.565s][info][gc,phases,start] GC(240) Adjust Roots
[110.579s][info][gc,phases      ] GC(240) Adjust Roots 14.027ms
[110.579s][info][gc,phases,start] GC(240) Compaction Phase
[110.606s][info][gc,phases      ] GC(240) Compaction Phase 26.471ms
[110.606s][info][gc,phases,start] GC(240) Post Compact
[110.610s][info][gc,phases      ] GC(240) Post Compact 3.915ms
[110.610s][info][gc,heap        ] GC(240) PSYoungGen: 128K(585216K)->0K(585216K) Eden: 0K(483328K)->0K(483328K) From: 128K(101888K)->0K(101888K)
[110.610s][info][gc,heap        ] GC(240) ParOldGen: 610455K(1398272K)->148758K(1398272K)
[110.610s][info][gc,metaspace   ] GC(240) Metaspace: 67827K(68992K)->67827K(68992K) NonClass: 59383K(59904K)->59383K(59904K) Class: 8444K(9088K)->8444K(9088K)
[110.610s][info][gc             ] GC(240) Pause Full (System.gc()) 596M->145M(1937M) 104.091ms
[110.610s][info][gc,cpu         ] GC(240) User=2.63s Sys=0.00s Real=0.12s
[110.888s][info][gc,start       ] GC(241) Pause Young (Allocation Failure)
[110.933s][info][gc,heap        ] GC(241) PSYoungGen: 483328K(585216K)->104416K(587776K) Eden: 483328K(483328K)->0K(483328K) From: 0K(101888K)->104416K(104448K)
[110.933s][info][gc,heap        ] GC(241) ParOldGen: 148758K(1398272K)->153254K(1398272K)
[110.933s][info][gc,metaspace   ] GC(241) Metaspace: 67844K(68992K)->67844K(68992K) NonClass: 59399K(59904K)->59399K(59904K) Class: 8445K(9088K)->8445K(9088K)
[110.933s][info][gc             ] GC(241) Pause Young (Allocation Failure) 617M->251M(1939M) 45.390ms
[110.933s][info][gc,cpu         ] GC(241) User=1.20s Sys=0.00s Real=0.05s
[111.177s][info][gc,start       ] GC(242) Pause Young (Allocation Failure)
[111.250s][info][gc,heap        ] GC(242) PSYoungGen: 587744K(587776K)->53856K(575488K) Eden: 483328K(483328K)->0K(464384K) From: 104416K(104448K)->53856K(111104K)
[111.250s][info][gc,heap        ] GC(242) ParOldGen: 153254K(1398272K)->247985K(1398272K)
[111.250s][info][gc,metaspace   ] GC(242) Metaspace: 67844K(68992K)->67844K(68992K) NonClass: 59399K(59904K)->59399K(59904K) Class: 8445K(9088K)->8445K(9088K)
[111.250s][info][gc             ] GC(242) Pause Young (Allocation Failure) 723M->294M(1927M) 73.604ms
[111.250s][info][gc,cpu         ] GC(242) User=1.69s Sys=0.00s Real=0.07s
[111.467s][info][gc,start       ] GC(243) Pause Young (Allocation Failure)
[111.520s][info][gc,heap        ] GC(243) PSYoungGen: 518240K(575488K)->31904K(581632K) Eden: 464384K(464384K)->0K(464384K) From: 53856K(111104K)->31904K(117248K)
[111.520s][info][gc,heap        ] GC(243) ParOldGen: 247985K(1398272K)->294345K(1398272K)
[111.520s][info][gc,metaspace   ] GC(243) Metaspace: 67844K(68992K)->67844K(68992K) NonClass: 59399K(59904K)->59399K(59904K) Class: 8445K(9088K)->8445K(9088K)
[111.520s][info][gc             ] GC(243) Pause Young (Allocation Failure) 748M->318M(1933M) 53.031ms
[111.520s][info][gc,cpu         ] GC(243) User=1.42s Sys=0.00s Real=0.05s
[112.215s][info][gc,start       ] GC(244) Pause Young (Allocation Failure)
[112.407s][info][gc,heap        ] GC(244) PSYoungGen: 496288K(581632K)->31060K(570880K) Eden: 464384K(464384K)->0K(467968K) From: 31904K(117248K)->31060K(102912K)
[112.407s][info][gc,heap        ] GC(244) ParOldGen: 294345K(1398272K)->319601K(1398272K)
[112.407s][info][gc,metaspace   ] GC(244) Metaspace: 67847K(68992K)->67847K(68992K) NonClass: 59402K(59904K)->59402K(59904K) Class: 8445K(9088K)->8445K(9088K)
[112.407s][info][gc             ] GC(244) Pause Young (Allocation Failure) 772M->342M(1923M) 192.655ms
[112.407s][info][gc,cpu         ] GC(244) User=5.95s Sys=0.00s Real=0.20s
[112.735s][info][gc,start       ] GC(245) Pause Young (Allocation Failure)
[112.846s][info][gc,heap        ] GC(245) PSYoungGen: 499028K(570880K)->88992K(577536K) Eden: 467968K(467968K)->0K(467968K) From: 31060K(102912K)->88992K(109568K)
[112.846s][info][gc,heap        ] GC(245) ParOldGen: 319601K(1398272K)->342661K(1398272K)
[112.846s][info][gc,metaspace   ] GC(245) Metaspace: 67847K(68992K)->67847K(68992K) NonClass: 59402K(59904K)->59402K(59904K) Class: 8445K(9088K)->8445K(9088K)
[112.846s][info][gc             ] GC(245) Pause Young (Allocation Failure) 799M->421M(1929M) 110.477ms
[112.846s][info][gc,cpu         ] GC(245) User=3.61s Sys=0.00s Real=0.11s
[113.062s][info][gc,start       ] GC(246) Pause Young (Allocation Failure)
[113.116s][info][gc,heap        ] GC(246) PSYoungGen: 556960K(577536K)->58304K(583680K) Eden: 467968K(467968K)->0K(464384K) From: 88992K(109568K)->58304K(119296K)
[113.116s][info][gc,heap        ] GC(246) ParOldGen: 342661K(1398272K)->428677K(1398272K)
[113.117s][info][gc,metaspace   ] GC(246) Metaspace: 67847K(68992K)->67847K(68992K) NonClass: 59402K(59904K)->59402K(59904K) Class: 8445K(9088K)->8445K(9088K)
[113.117s][info][gc             ] GC(246) Pause Young (Allocation Failure) 878M->475M(1935M) 54.242ms
[113.117s][info][gc,cpu         ] GC(246) User=1.45s Sys=0.00s Real=0.05s
[113.339s][info][gc,start       ] GC(247) Pause Young (Allocation Failure)
[113.406s][info][gc,heap        ] GC(247) PSYoungGen: 522688K(583680K)->41440K(505856K) Eden: 464384K(464384K)->0K(464384K) From: 58304K(119296K)->41440K(41472K)
[113.406s][info][gc,heap        ] GC(247) ParOldGen: 428677K(1398272K)->471253K(1398272K)
[113.406s][info][gc,metaspace   ] GC(247) Metaspace: 67847K(68992K)->67847K(68992K) NonClass: 59402K(59904K)->59402K(59904K) Class: 8445K(9088K)->8445K(9088K)
[113.406s][info][gc             ] GC(247) Pause Young (Allocation Failure) 929M->500M(1859M) 66.979ms
[113.406s][info][gc,cpu         ] GC(247) User=1.69s Sys=0.00s Real=0.08s
[114.120s][info][gc,start       ] GC(248) Pause Young (Allocation Failure)
[114.302s][info][gc,heap        ] GC(248) PSYoungGen: 505824K(505856K)->39731K(579072K) Eden: 464384K(464384K)->0K(468480K) From: 41440K(41472K)->39731K(110592K)
[114.302s][info][gc,heap        ] GC(248) ParOldGen: 471253K(1398272K)->505933K(1398272K)
[114.302s][info][gc,metaspace   ] GC(248) Metaspace: 67848K(68992K)->67848K(68992K) NonClass: 59403K(59904K)->59403K(59904K) Class: 8445K(9088K)->8445K(9088K)
[114.302s][info][gc             ] GC(248) Pause Young (Allocation Failure) 954M->532M(1931M) 182.349ms
[114.302s][info][gc,cpu         ] GC(248) User=6.19s Sys=0.00s Real=0.19s
[114.725s][info][gc,start       ] GC(249) Pause Young (Allocation Failure)
[114.839s][info][gc,heap        ] GC(249) PSYoungGen: 508211K(579072K)->1425K(574976K) Eden: 468480K(468480K)->0K(468480K) From: 39731K(110592K)->1425K(106496K)
[114.839s][info][gc,heap        ] GC(249) ParOldGen: 505933K(1398272K)->529277K(1398272K)
[114.839s][info][gc,metaspace   ] GC(249) Metaspace: 67848K(68992K)->67848K(68992K) NonClass: 59403K(59904K)->59403K(59904K) Class: 8445K(9088K)->8445K(9088K)
[114.839s][info][gc             ] GC(249) Pause Young (Allocation Failure) 990M->518M(1927M) 114.222ms
[114.839s][info][gc,cpu         ] GC(249) User=3.61s Sys=0.00s Real=0.12s
[115.354s][info][gc,start       ] GC(250) Pause Young (Allocation Failure)
[115.363s][info][gc,heap        ] GC(250) PSYoungGen: 469905K(574976K)->15912K(590848K) Eden: 468480K(468480K)->0K(483328K) From: 1425K(106496K)->15912K(107520K)
[115.363s][info][gc,heap        ] GC(250) ParOldGen: 529277K(1398272K)->529525K(1398272K)
[115.363s][info][gc,metaspace   ] GC(250) Metaspace: 67885K(69056K)->67885K(69056K) NonClass: 59440K(59968K)->59440K(59968K) Class: 8445K(9088K)->8445K(9088K)
[115.363s][info][gc             ] GC(250) Pause Young (Allocation Failure) 975M->532M(1942M) 9.042ms
[115.363s][info][gc,cpu         ] GC(250) User=0.52s Sys=0.00s Real=0.02s
[115.830s][info][gc,start       ] GC(251) Pause Young (Allocation Failure)
[115.857s][info][gc,heap        ] GC(251) PSYoungGen: 499075K(590848K)->61954K(590336K) Eden: 483163K(483328K)->0K(483328K) From: 15912K(107520K)->61954K(107008K)
[115.857s][info][gc,heap        ] GC(251) ParOldGen: 529525K(1398272K)->537839K(1398272K)
[115.857s][info][gc,metaspace   ] GC(251) Metaspace: 67885K(69056K)->67885K(69056K) NonClass: 59440K(59968K)->59440K(59968K) Class: 8445K(9088K)->8445K(9088K)
[115.857s][info][gc             ] GC(251) Pause Young (Allocation Failure) 1004M->585M(1942M) 27.054ms
[115.857s][info][gc,cpu         ] GC(251) User=1.03s Sys=0.00s Real=0.03s
[116.089s][info][gc,start       ] GC(252) Pause Young (Allocation Failure)
[116.112s][info][gc,heap        ] GC(252) PSYoungGen: 543192K(590336K)->42693K(580608K) Eden: 481237K(483328K)->0K(483840K) From: 61954K(107008K)->42693K(96768K)
[116.112s][info][gc,heap        ] GC(252) ParOldGen: 537839K(1398272K)->537911K(1398272K)
[116.112s][info][gc,metaspace   ] GC(252) Metaspace: 67887K(69056K)->67887K(69056K) NonClass: 59442K(59968K)->59442K(59968K) Class: 8445K(9088K)->8445K(9088K)
[116.112s][info][gc             ] GC(252) Pause Young (Allocation Failure) 1055M->566M(1932M) 22.635ms
[116.112s][info][gc,cpu         ] GC(252) User=0.36s Sys=0.00s Real=0.02s
[116.332s][info][gc,start       ] GC(253) Pause Young (Allocation Failure)
[116.558s][info][gc,heap        ] GC(253) PSYoungGen: 526533K(580608K)->66053K(585728K) Eden: 483840K(483840K)->0K(483840K) From: 42693K(96768K)->66053K(101888K)
[116.558s][info][gc,heap        ] GC(253) ParOldGen: 537911K(1398272K)->577953K(1398272K)
[116.558s][info][gc,metaspace   ] GC(253) Metaspace: 67887K(69056K)->67887K(69056K) NonClass: 59442K(59968K)->59442K(59968K) Class: 8445K(9088K)->8445K(9088K)
[116.558s][info][gc             ] GC(253) Pause Young (Allocation Failure) 1039M->628M(1937M) 225.536ms
[116.558s][info][gc,cpu         ] GC(253) User=2.47s Sys=0.05s Real=0.22s
[116.645s][info][gc,start       ] GC(254) Pause Young (System.gc())
[116.657s][info][gc,heap        ] GC(254) PSYoungGen: 172282K(585728K)->128K(590336K) Eden: 106229K(483840K)->0K(485888K) From: 66053K(101888K)->128K(104448K)
[116.657s][info][gc,heap        ] GC(254) ParOldGen: 577953K(1398272K)->578089K(1398272K)
[116.657s][info][gc,metaspace   ] GC(254) Metaspace: 67890K(69056K)->67890K(69056K) NonClass: 59445K(59968K)->59445K(59968K) Class: 8445K(9088K)->8445K(9088K)
[116.657s][info][gc             ] GC(254) Pause Young (System.gc()) 732M->564M(1942M) 11.740ms
[116.657s][info][gc,cpu         ] GC(254) User=0.09s Sys=0.00s Real=0.02s
[116.657s][info][gc,start       ] GC(255) Pause Full (System.gc())
[116.657s][info][gc,phases,start] GC(255) Marking Phase
[116.717s][info][gc,phases      ] GC(255) Marking Phase 59.434ms
[116.717s][info][gc,phases,start] GC(255) Summary Phase
[116.717s][info][gc,phases      ] GC(255) Summary Phase 0.019ms
[116.717s][info][gc,phases,start] GC(255) Adjust Roots
[116.732s][info][gc,phases      ] GC(255) Adjust Roots 15.006ms
[116.732s][info][gc,phases,start] GC(255) Compaction Phase
[116.758s][info][gc,phases      ] GC(255) Compaction Phase 26.221ms
[116.758s][info][gc,phases,start] GC(255) Post Compact
[116.762s][info][gc,phases      ] GC(255) Post Compact 3.486ms
[116.762s][info][gc,heap        ] GC(255) PSYoungGen: 128K(590336K)->0K(590336K) Eden: 0K(485888K)->0K(485888K) From: 128K(104448K)->0K(104448K)
[116.762s][info][gc,heap        ] GC(255) ParOldGen: 578089K(1398272K)->148819K(1398272K)
[116.762s][info][gc,metaspace   ] GC(255) Metaspace: 67890K(69056K)->67890K(69056K) NonClass: 59445K(59968K)->59445K(59968K) Class: 8445K(9088K)->8445K(9088K)
[116.762s][info][gc             ] GC(255) Pause Full (System.gc()) 564M->145M(1942M) 104.483ms
[116.762s][info][gc,cpu         ] GC(255) User=1.95s Sys=0.00s Real=0.11s
[117.036s][info][gc,start       ] GC(256) Pause Young (Allocation Failure)
[117.078s][info][gc,heap        ] GC(256) PSYoungGen: 485888K(590336K)->106464K(592384K) Eden: 485888K(485888K)->0K(485888K) From: 0K(104448K)->106464K(106496K)
[117.078s][info][gc,heap        ] GC(256) ParOldGen: 148819K(1398272K)->149555K(1398272K)
[117.078s][info][gc,metaspace   ] GC(256) Metaspace: 67906K(69120K)->67906K(69120K) NonClass: 59459K(60032K)->59459K(60032K) Class: 8447K(9088K)->8447K(9088K)
[117.078s][info][gc             ] GC(256) Pause Young (Allocation Failure) 619M->250M(1944M) 41.658ms
[117.078s][info][gc,cpu         ] GC(256) User=0.77s Sys=0.00s Real=0.03s
[117.322s][info][gc,start       ] GC(257) Pause Young (Allocation Failure)
[117.394s][info][gc,heap        ] GC(257) PSYoungGen: 592352K(592384K)->58080K(564736K) Eden: 485888K(485888K)->0K(458240K) From: 106464K(106496K)->58080K(106496K)
[117.394s][info][gc,heap        ] GC(257) ParOldGen: 149555K(1398272K)->248302K(1398272K)
[117.394s][info][gc,metaspace   ] GC(257) Metaspace: 67906K(69120K)->67906K(69120K) NonClass: 59459K(60032K)->59459K(60032K) Class: 8447K(9088K)->8447K(9088K)
[117.394s][info][gc             ] GC(257) Pause Young (Allocation Failure) 724M->299M(1917M) 72.564ms
[117.394s][info][gc,cpu         ] GC(257) User=2.22s Sys=0.00s Real=0.08s
[117.608s][info][gc,start       ] GC(258) Pause Young (Allocation Failure)
[117.660s][info][gc,heap        ] GC(258) PSYoungGen: 516320K(564736K)->31200K(578560K) Eden: 458240K(458240K)->0K(458240K) From: 58080K(106496K)->31200K(120320K)
[117.660s][info][gc,heap        ] GC(258) ParOldGen: 248302K(1398272K)->298926K(1398272K)
[117.660s][info][gc,metaspace   ] GC(258) Metaspace: 67906K(69120K)->67906K(69120K) NonClass: 59459K(60032K)->59459K(60032K) Class: 8447K(9088K)->8447K(9088K)
[117.660s][info][gc             ] GC(258) Pause Young (Allocation Failure) 746M->322M(1930M) 52.783ms
[117.660s][info][gc,cpu         ] GC(258) User=1.94s Sys=0.00s Real=0.06s
[118.351s][info][gc,start       ] GC(259) Pause Young (Allocation Failure)
[118.560s][info][gc,heap        ] GC(259) PSYoungGen: 489440K(578560K)->27283K(567296K) Eden: 458240K(458240K)->0K(462336K) From: 31200K(120320K)->27283K(104960K)
[118.560s][info][gc,heap        ] GC(259) ParOldGen: 298926K(1398272K)->323454K(1398272K)
[118.560s][info][gc,metaspace   ] GC(259) Metaspace: 67922K(69120K)->67922K(69120K) NonClass: 59473K(60032K)->59473K(60032K) Class: 8449K(9088K)->8449K(9088K)
[118.560s][info][gc             ] GC(259) Pause Young (Allocation Failure) 769M->342M(1919M) 209.301ms
[118.560s][info][gc,cpu         ] GC(259) User=6.61s Sys=0.02s Real=0.20s
[118.892s][info][gc,start       ] GC(260) Pause Young (Allocation Failure)
[118.999s][info][gc,heap        ] GC(260) PSYoungGen: 489619K(567296K)->87040K(574976K) Eden: 462336K(462336K)->0K(462336K) From: 27283K(104960K)->87040K(112640K)
[118.999s][info][gc,heap        ] GC(260) ParOldGen: 323454K(1398272K)->346852K(1398272K)
[118.999s][info][gc,metaspace   ] GC(260) Metaspace: 67924K(69120K)->67924K(69120K) NonClass: 59474K(60032K)->59474K(60032K) Class: 8449K(9088K)->8449K(9088K)
[118.999s][info][gc             ] GC(260) Pause Young (Allocation Failure) 794M->423M(1927M) 106.928ms
[118.999s][info][gc,cpu         ] GC(260) User=3.09s Sys=0.00s Real=0.09s
[119.209s][info][gc,start       ] GC(261) Pause Young (Allocation Failure)
[119.263s][info][gc,heap        ] GC(261) PSYoungGen: 549304K(574976K)->52448K(580608K) Eden: 462264K(462336K)->0K(461824K) From: 87040K(112640K)->52448K(118784K)
[119.263s][info][gc,heap        ] GC(261) ParOldGen: 346852K(1398272K)->431460K(1398272K)
[119.263s][info][gc,metaspace   ] GC(261) Metaspace: 67924K(69120K)->67924K(69120K) NonClass: 59474K(60032K)->59474K(60032K) Class: 8449K(9088K)->8449K(9088K)
[119.263s][info][gc             ] GC(261) Pause Young (Allocation Failure) 875M->472M(1932M) 54.101ms
[119.263s][info][gc,cpu         ] GC(261) User=2.02s Sys=0.00s Real=0.06s
[119.482s][info][gc,start       ] GC(262) Pause Young (Allocation Failure)
[119.543s][info][gc,heap        ] GC(262) PSYoungGen: 514272K(580608K)->57568K(519680K) Eden: 461824K(461824K)->0K(461824K) From: 52448K(118784K)->57568K(57856K)
[119.543s][info][gc,heap        ] GC(262) ParOldGen: 431460K(1398272K)->466188K(1398272K)
[119.543s][info][gc,metaspace   ] GC(262) Metaspace: 67924K(69120K)->67924K(69120K) NonClass: 59474K(60032K)->59474K(60032K) Class: 8449K(9088K)->8449K(9088K)
[119.543s][info][gc             ] GC(262) Pause Young (Allocation Failure) 923M->511M(1873M) 60.956ms
[119.543s][info][gc,cpu         ] GC(262) User=2.05s Sys=0.00s Real=0.06s
[120.416s][info][gc,start       ] GC(263) Pause Young (Allocation Failure)
[120.474s][info][gc,heap        ] GC(263) PSYoungGen: 519392K(519680K)->27656K(579072K) Eden: 461824K(461824K)->0K(466944K) From: 57568K(57856K)->27656K(112128K)
[120.474s][info][gc,heap        ] GC(263) ParOldGen: 466188K(1398272K)->508541K(1398272K)
[120.474s][info][gc,metaspace   ] GC(263) Metaspace: 67924K(69120K)->67924K(69120K) NonClass: 59474K(60032K)->59474K(60032K) Class: 8449K(9088K)->8449K(9088K)
[120.474s][info][gc             ] GC(263) Pause Young (Allocation Failure) 962M->523M(1931M) 57.442ms
[120.474s][info][gc,cpu         ] GC(263) User=2.06s Sys=0.00s Real=0.06s
[120.910s][info][gc,start       ] GC(264) Pause Young (Allocation Failure)
[121.033s][info][gc,heap        ] GC(264) PSYoungGen: 494600K(579072K)->16608K(576512K) Eden: 466944K(466944K)->0K(466944K) From: 27656K(112128K)->16608K(109568K)
[121.033s][info][gc,heap        ] GC(264) ParOldGen: 508541K(1398272K)->533475K(1398272K)
[121.033s][info][gc,metaspace   ] GC(264) Metaspace: 67943K(69120K)->67943K(69120K) NonClass: 59494K(60032K)->59494K(60032K) Class: 8449K(9088K)->8449K(9088K)
[121.033s][info][gc             ] GC(264) Pause Young (Allocation Failure) 979M->537M(1928M) 123.385ms
[121.033s][info][gc,cpu         ] GC(264) User=4.13s Sys=0.00s Real=0.13s
[121.551s][info][gc,start       ] GC(265) Pause Young (Allocation Failure)
[121.559s][info][gc,heap        ] GC(265) PSYoungGen: 483552K(576512K)->10548K(586752K) Eden: 466944K(466944K)->0K(477696K) From: 16608K(109568K)->10548K(109056K)
[121.559s][info][gc,heap        ] GC(265) ParOldGen: 533475K(1398272K)->533674K(1398272K)
[121.559s][info][gc,metaspace   ] GC(265) Metaspace: 68009K(69184K)->68009K(69184K) NonClass: 59559K(60096K)->59559K(60096K) Class: 8450K(9088K)->8450K(9088K)
[121.559s][info][gc             ] GC(265) Pause Young (Allocation Failure) 993M->531M(1938M) 8.665ms
[121.559s][info][gc,cpu         ] GC(265) User=0.38s Sys=0.00s Real=0.02s
[121.933s][info][gc,start       ] GC(266) Pause Young (Allocation Failure)
[121.964s][info][gc,heap        ] GC(266) PSYoungGen: 488244K(586752K)->56333K(586240K) Eden: 477696K(477696K)->0K(477696K) From: 10548K(109056K)->56333K(108544K)
[121.964s][info][gc,heap        ] GC(266) ParOldGen: 533674K(1398272K)->539972K(1398272K)
[121.964s][info][gc,metaspace   ] GC(266) Metaspace: 68011K(69184K)->68011K(69184K) NonClass: 59561K(60096K)->59561K(60096K) Class: 8450K(9088K)->8450K(9088K)
[121.964s][info][gc             ] GC(266) Pause Young (Allocation Failure) 997M->582M(1938M) 30.407ms
[121.964s][info][gc,cpu         ] GC(266) User=1.03s Sys=0.00s Real=0.03s
[122.221s][info][gc,start       ] GC(267) Pause Young (Allocation Failure)
[122.266s][info][gc,heap        ] GC(267) PSYoungGen: 534029K(586240K)->83585K(574464K) Eden: 477696K(477696K)->0K(467456K) From: 56333K(108544K)->83585K(107008K)
[122.266s][info][gc,heap        ] GC(267) ParOldGen: 539972K(1398272K)->558892K(1398272K)
[122.266s][info][gc,metaspace   ] GC(267) Metaspace: 68070K(69248K)->68070K(69248K) NonClass: 59619K(60160K)->59619K(60160K) Class: 8450K(9088K)->8450K(9088K)
[122.266s][info][gc             ] GC(267) Pause Young (Allocation Failure) 1048M->627M(1926M) 45.037ms
[122.266s][info][gc,cpu         ] GC(267) User=1.48s Sys=0.00s Real=0.05s
[122.484s][info][gc,start       ] GC(268) Pause Young (Allocation Failure)
[122.537s][info][gc,heap        ] GC(268) PSYoungGen: 551041K(574464K)->63079K(583168K) Eden: 467456K(467456K)->0K(467456K) From: 83585K(107008K)->63079K(115712K)
[122.538s][info][gc,heap        ] GC(268) ParOldGen: 558892K(1398272K)->595150K(1398272K)
[122.538s][info][gc,metaspace   ] GC(268) Metaspace: 68073K(69248K)->68073K(69248K) NonClass: 59623K(60160K)->59623K(60160K) Class: 8450K(9088K)->8450K(9088K)
[122.538s][info][gc             ] GC(268) Pause Young (Allocation Failure) 1083M->642M(1935M) 53.610ms
[122.538s][info][gc,cpu         ] GC(268) User=1.34s Sys=0.00s Real=0.05s
[122.644s][info][gc,start       ] GC(269) Pause Young (System.gc())
[122.683s][info][gc,heap        ] GC(269) PSYoungGen: 220314K(583168K)->96K(580096K) Eden: 157234K(467456K)->0K(465408K) From: 63079K(115712K)->96K(114688K)
[122.683s][info][gc,heap        ] GC(269) ParOldGen: 595150K(1398272K)->599062K(1398272K)
[122.683s][info][gc,metaspace   ] GC(269) Metaspace: 68073K(69248K)->68073K(69248K) NonClass: 59623K(60160K)->59623K(60160K) Class: 8450K(9088K)->8450K(9088K)
[122.683s][info][gc             ] GC(269) Pause Young (System.gc()) 796M->585M(1932M) 39.283ms
[122.683s][info][gc,cpu         ] GC(269) User=1.55s Sys=0.00s Real=0.05s
[122.683s][info][gc,start       ] GC(270) Pause Full (System.gc())
[122.683s][info][gc,phases,start] GC(270) Marking Phase
[122.728s][info][gc,phases      ] GC(270) Marking Phase 44.483ms
[122.728s][info][gc,phases,start] GC(270) Summary Phase
[122.728s][info][gc,phases      ] GC(270) Summary Phase 0.019ms
[122.728s][info][gc,phases,start] GC(270) Adjust Roots
[122.743s][info][gc,phases      ] GC(270) Adjust Roots 15.031ms
[122.743s][info][gc,phases,start] GC(270) Compaction Phase
[122.770s][info][gc,phases      ] GC(270) Compaction Phase 26.736ms
[122.770s][info][gc,phases,start] GC(270) Post Compact
[122.774s][info][gc,phases      ] GC(270) Post Compact 3.945ms
[122.774s][info][gc,heap        ] GC(270) PSYoungGen: 96K(580096K)->0K(580096K) Eden: 0K(465408K)->0K(465408K) From: 96K(114688K)->0K(114688K)
[122.774s][info][gc,heap        ] GC(270) ParOldGen: 599062K(1398272K)->148884K(1398272K)
[122.774s][info][gc,metaspace   ] GC(270) Metaspace: 68073K(69248K)->68073K(69248K) NonClass: 59623K(60160K)->59623K(60160K) Class: 8450K(9088K)->8450K(9088K)
[122.774s][info][gc             ] GC(270) Pause Full (System.gc()) 585M->145M(1932M) 90.609ms
[122.774s][info][gc,cpu         ] GC(270) User=0.88s Sys=0.00s Real=0.09s
[123.057s][info][gc,start       ] GC(271) Pause Young (Allocation Failure)
[123.097s][info][gc,heap        ] GC(271) PSYoungGen: 465408K(580096K)->106976K(572416K) Eden: 465408K(465408K)->0K(465408K) From: 0K(114688K)->106976K(107008K)
[123.097s][info][gc,heap        ] GC(271) ParOldGen: 148884K(1398272K)->148892K(1398272K)
[123.097s][info][gc,metaspace   ] GC(271) Metaspace: 68105K(69248K)->68105K(69248K) NonClass: 59652K(60160K)->59652K(60160K) Class: 8453K(9088K)->8453K(9088K)
[123.097s][info][gc             ] GC(271) Pause Young (Allocation Failure) 599M->249M(1924M) 40.643ms
[123.097s][info][gc,cpu         ] GC(271) User=1.55s Sys=0.00s Real=0.05s
[123.335s][info][gc,start       ] GC(272) Pause Young (Allocation Failure)
[123.410s][info][gc,heap        ] GC(272) PSYoungGen: 572384K(572416K)->53152K(573440K) Eden: 465408K(465408K)->0K(446976K) From: 106976K(107008K)->53152K(126464K)
[123.410s][info][gc,heap        ] GC(272) ParOldGen: 148892K(1398272K)->246887K(1398272K)
[123.410s][info][gc,metaspace   ] GC(272) Metaspace: 68105K(69248K)->68105K(69248K) NonClass: 59652K(60160K)->59652K(60160K) Class: 8453K(9088K)->8453K(9088K)
[123.410s][info][gc             ] GC(272) Pause Young (Allocation Failure) 704M->293M(1925M) 74.731ms
[123.410s][info][gc,cpu         ] GC(272) User=2.20s Sys=0.00s Real=0.08s
[123.621s][info][gc,start       ] GC(273) Pause Young (Allocation Failure)
[123.678s][info][gc,heap        ] GC(273) PSYoungGen: 500128K(573440K)->31168K(478208K) Eden: 446976K(446976K)->0K(446976K) From: 53152K(126464K)->31168K(31232K)
[123.678s][info][gc,heap        ] GC(273) ParOldGen: 246887K(1398272K)->296831K(1398272K)
[123.678s][info][gc,metaspace   ] GC(273) Metaspace: 68105K(69248K)->68105K(69248K) NonClass: 59652K(60160K)->59652K(60160K) Class: 8453K(9088K)->8453K(9088K)
[123.678s][info][gc             ] GC(273) Pause Young (Allocation Failure) 729M->320M(1832M) 57.521ms
[123.678s][info][gc,cpu         ] GC(273) User=1.75s Sys=0.00s Real=0.06s
[124.301s][info][gc,start       ] GC(274) Pause Young (Allocation Failure)
[124.510s][info][gc,heap        ] GC(274) PSYoungGen: 478144K(478208K)->26112K(571904K) Eden: 446976K(446976K)->0K(450560K) From: 31168K(31232K)->26112K(121344K)
[124.510s][info][gc,heap        ] GC(274) ParOldGen: 296831K(1398272K)->321031K(1398272K)
[124.510s][info][gc,metaspace   ] GC(274) Metaspace: 68105K(69248K)->68105K(69248K) NonClass: 59652K(60160K)->59652K(60160K) Class: 8453K(9088K)->8453K(9088K)
[124.510s][info][gc             ] GC(274) Pause Young (Allocation Failure) 756M->339M(1924M) 208.581ms
[124.510s][info][gc,cpu         ] GC(274) User=6.61s Sys=0.00s Real=0.20s
[124.936s][info][gc,start       ] GC(275) Pause Young (Allocation Failure)
[125.045s][info][gc,heap        ] GC(275) PSYoungGen: 476672K(571904K)->104032K(555008K) Eden: 450560K(450560K)->0K(450560K) From: 26112K(121344K)->104032K(104448K)
[125.045s][info][gc,heap        ] GC(275) ParOldGen: 321031K(1398272K)->346303K(1398272K)
[125.045s][info][gc,metaspace   ] GC(275) Metaspace: 68115K(69312K)->68115K(69312K) NonClass: 59662K(60224K)->59662K(60224K) Class: 8453K(9088K)->8453K(9088K)
[125.045s][info][gc             ] GC(275) Pause Young (Allocation Failure) 779M->439M(1907M) 108.285ms
[125.045s][info][gc,cpu         ] GC(275) User=3.11s Sys=0.00s Real=0.11s
[125.242s][info][gc,start       ] GC(276) Pause Young (Allocation Failure)
[125.293s][info][gc,heap        ] GC(276) PSYoungGen: 554592K(555008K)->49920K(574464K) Eden: 450560K(450560K)->0K(442368K) From: 104032K(104448K)->49920K(132096K)
[125.293s][info][gc,heap        ] GC(276) ParOldGen: 346303K(1398272K)->426019K(1398272K)
[125.293s][info][gc,metaspace   ] GC(276) Metaspace: 68115K(69312K)->68115K(69312K) NonClass: 59662K(60224K)->59662K(60224K) Class: 8453K(9088K)->8453K(9088K)
[125.293s][info][gc             ] GC(276) Pause Young (Allocation Failure) 879M->464M(1926M) 50.979ms
[125.293s][info][gc,cpu         ] GC(276) User=1.23s Sys=0.00s Real=0.05s
[125.504s][info][gc,start       ] GC(277) Pause Young (Allocation Failure)
[125.560s][info][gc,heap        ] GC(277) PSYoungGen: 492288K(574464K)->49216K(492032K) Eden: 442368K(442368K)->0K(442368K) From: 49920K(132096K)->49216K(49664K)
[125.560s][info][gc,heap        ] GC(277) ParOldGen: 426019K(1398272K)->461051K(1398272K)
[125.560s][info][gc,metaspace   ] GC(277) Metaspace: 68115K(69312K)->68115K(69312K) NonClass: 59662K(60224K)->59662K(60224K) Class: 8453K(9088K)->8453K(9088K)
[125.560s][info][gc             ] GC(277) Pause Young (Allocation Failure) 896M->498M(1846M) 55.976ms
[125.560s][info][gc,cpu         ] GC(277) User=1.55s Sys=0.00s Real=0.06s
[125.795s][info][gc,start       ] GC(278) Pause Young (Allocation Failure)
[125.858s][info][gc,heap        ] GC(278) PSYoungGen: 491584K(492032K)->29664K(563200K) Eden: 442368K(442368K)->0K(445440K) From: 49216K(49664K)->29664K(117760K)
[125.858s][info][gc,heap        ] GC(278) ParOldGen: 461051K(1398272K)->506995K(1398272K)
[125.858s][info][gc,metaspace   ] GC(278) Metaspace: 68115K(69312K)->68115K(69312K) NonClass: 59662K(60224K)->59662K(60224K) Class: 8453K(9088K)->8453K(9088K)
[125.858s][info][gc             ] GC(278) Pause Young (Allocation Failure) 930M->524M(1915M) 63.480ms
[125.858s][info][gc,cpu         ] GC(278) User=1.78s Sys=0.00s Real=0.06s
[126.637s][info][gc,start       ] GC(279) Pause Young (Allocation Failure)
[126.754s][info][gc,heap        ] GC(279) PSYoungGen: 475104K(563200K)->29075K(560128K) Eden: 445440K(445440K)->0K(445440K) From: 29664K(117760K)->29075K(114688K)
[126.754s][info][gc,heap        ] GC(279) ParOldGen: 506995K(1398272K)->535115K(1398272K)
[126.754s][info][gc,metaspace   ] GC(279) Metaspace: 68128K(69312K)->68128K(69312K) NonClass: 59673K(60224K)->59673K(60224K) Class: 8454K(9088K)->8454K(9088K)
[126.754s][info][gc             ] GC(279) Pause Young (Allocation Failure) 959M->550M(1912M) 117.420ms
[126.754s][info][gc,cpu         ] GC(279) User=4.13s Sys=0.00s Real=0.13s
[127.198s][info][gc,start       ] GC(280) Pause Young (Allocation Failure)
[127.229s][info][gc,heap        ] GC(280) PSYoungGen: 474515K(560128K)->36419K(579584K) Eden: 445440K(445440K)->0K(471040K) From: 29075K(114688K)->36419K(108544K)
[127.229s][info][gc,heap        ] GC(280) ParOldGen: 535115K(1398272K)->538051K(1398272K)
[127.229s][info][gc,metaspace   ] GC(280) Metaspace: 68131K(69312K)->68131K(69312K) NonClass: 59675K(60224K)->59675K(60224K) Class: 8455K(9088K)->8455K(9088K)
[127.229s][info][gc             ] GC(280) Pause Young (Allocation Failure) 985M->561M(1931M) 31.078ms
[127.229s][info][gc,cpu         ] GC(280) User=1.03s Sys=0.00s Real=0.03s
[127.547s][info][gc,start       ] GC(281) Pause Young (Allocation Failure)
[127.578s][info][gc,heap        ] GC(281) PSYoungGen: 507459K(579584K)->58880K(578048K) Eden: 471040K(471040K)->0K(471040K) From: 36419K(108544K)->58880K(107008K)
[127.578s][info][gc,heap        ] GC(281) ParOldGen: 538051K(1398272K)->538258K(1398272K)
[127.578s][info][gc,metaspace   ] GC(281) Metaspace: 68135K(69312K)->68135K(69312K) NonClass: 59679K(60224K)->59679K(60224K) Class: 8455K(9088K)->8455K(9088K)
[127.578s][info][gc             ] GC(281) Pause Young (Allocation Failure) 1021M->583M(1930M) 30.774ms
[127.578s][info][gc,cpu         ] GC(281) User=0.75s Sys=0.00s Real=0.03s
[127.996s][info][gc,start       ] GC(282) Pause Young (Allocation Failure)
[128.019s][info][gc,heap        ] GC(282) PSYoungGen: 527152K(578048K)->70965K(586752K) Eden: 468272K(471040K)->0K(480768K) From: 58880K(107008K)->70965K(105984K)
[128.019s][info][gc,heap        ] GC(282) ParOldGen: 538258K(1398272K)->546761K(1398272K)
[128.019s][info][gc,metaspace   ] GC(282) Metaspace: 68142K(69312K)->68142K(69312K) NonClass: 59686K(60224K)->59686K(60224K) Class: 8455K(9088K)->8455K(9088K)
[128.019s][info][gc             ] GC(282) Pause Young (Allocation Failure) 1040M->603M(1938M) 23.797ms
[128.020s][info][gc,cpu         ] GC(282) User=0.33s Sys=0.00s Real=0.02s
[128.253s][info][gc,start       ] GC(283) Pause Young (Allocation Failure)
[128.297s][info][gc,heap        ] GC(283) PSYoungGen: 551733K(586752K)->51650K(532480K) Eden: 480768K(480768K)->0K(480768K) From: 70965K(105984K)->51650K(51712K)
[128.297s][info][gc,heap        ] GC(283) ParOldGen: 546761K(1398272K)->563643K(1398272K)
[128.297s][info][gc,metaspace   ] GC(283) Metaspace: 68142K(69312K)->68142K(69312K) NonClass: 59686K(60224K)->59686K(60224K) Class: 8455K(9088K)->8455K(9088K)
[128.297s][info][gc             ] GC(283) Pause Young (Allocation Failure) 1072M->600M(1885M) 44.208ms
[128.297s][info][gc,cpu         ] GC(283) User=1.03s Sys=0.00s Real=0.05s
[128.475s][info][gc,start       ] GC(284) Pause Young (System.gc())
[128.543s][info][gc,heap        ] GC(284) PSYoungGen: 377866K(532480K)->640K(584704K) Eden: 326216K(480768K)->0K(481280K) From: 51650K(51712K)->640K(103424K)
[128.543s][info][gc,heap        ] GC(284) ParOldGen: 563643K(1398272K)->586948K(1398272K)
[128.543s][info][gc,metaspace   ] GC(284) Metaspace: 68142K(69312K)->68142K(69312K) NonClass: 59686K(60224K)->59686K(60224K) Class: 8455K(9088K)->8455K(9088K)
[128.543s][info][gc             ] GC(284) Pause Young (System.gc()) 919M->573M(1936M) 68.662ms
[128.544s][info][gc,cpu         ] GC(284) User=2.06s Sys=0.00s Real=0.06s
[128.544s][info][gc,start       ] GC(285) Pause Full (System.gc())
[128.544s][info][gc,phases,start] GC(285) Marking Phase
[128.588s][info][gc,phases      ] GC(285) Marking Phase 44.429ms
[128.588s][info][gc,phases,start] GC(285) Summary Phase
[128.588s][info][gc,phases      ] GC(285) Summary Phase 0.020ms
[128.588s][info][gc,phases,start] GC(285) Adjust Roots
[128.604s][info][gc,phases      ] GC(285) Adjust Roots 16.037ms
[128.604s][info][gc,phases,start] GC(285) Compaction Phase
[128.632s][info][gc,phases      ] GC(285) Compaction Phase 27.331ms
[128.632s][info][gc,phases,start] GC(285) Post Compact
[128.635s][info][gc,phases      ] GC(285) Post Compact 3.690ms
[128.635s][info][gc,heap        ] GC(285) PSYoungGen: 640K(584704K)->0K(584704K) Eden: 0K(481280K)->0K(481280K) From: 640K(103424K)->0K(103424K)
[128.635s][info][gc,heap        ] GC(285) ParOldGen: 586948K(1398272K)->148959K(1398272K)
[128.635s][info][gc,metaspace   ] GC(285) Metaspace: 68142K(69312K)->68142K(69312K) NonClass: 59686K(60224K)->59686K(60224K) Class: 8455K(9088K)->8455K(9088K)
[128.635s][info][gc             ] GC(285) Pause Full (System.gc()) 573M->145M(1936M) 91.830ms
[128.636s][info][gc,cpu         ] GC(285) User=1.64s Sys=0.00s Real=0.09s
[128.903s][info][gc,start       ] GC(286) Pause Young (Allocation Failure)
[128.942s][info][gc,heap        ] GC(286) PSYoungGen: 481280K(584704K)->106464K(587776K) Eden: 481280K(481280K)->0K(481280K) From: 0K(103424K)->106464K(106496K)
[128.942s][info][gc,heap        ] GC(286) ParOldGen: 148959K(1398272K)->149519K(1398272K)
[128.942s][info][gc,metaspace   ] GC(286) Metaspace: 68143K(69312K)->68143K(69312K) NonClass: 59687K(60224K)->59687K(60224K) Class: 8455K(9088K)->8455K(9088K)
[128.942s][info][gc             ] GC(286) Pause Young (Allocation Failure) 615M->249M(1939M) 39.766ms
[128.942s][info][gc,cpu         ] GC(286) User=1.03s Sys=0.00s Real=0.03s
[129.185s][info][gc,start       ] GC(287) Pause Young (Allocation Failure)
[129.257s][info][gc,heap        ] GC(287) PSYoungGen: 587744K(587776K)->57888K(572416K) Eden: 481280K(481280K)->0K(461312K) From: 106464K(106496K)->57888K(111104K)
[129.257s][info][gc,heap        ] GC(287) ParOldGen: 149519K(1398272K)->248304K(1398272K)
[129.257s][info][gc,metaspace   ] GC(287) Metaspace: 68144K(69312K)->68144K(69312K) NonClass: 59689K(60224K)->59689K(60224K) Class: 8455K(9088K)->8455K(9088K)
[129.257s][info][gc             ] GC(287) Pause Young (Allocation Failure) 719M->299M(1924M) 72.288ms
[129.257s][info][gc,cpu         ] GC(287) User=2.22s Sys=0.00s Real=0.08s
[129.471s][info][gc,start       ] GC(288) Pause Young (Allocation Failure)
[129.525s][info][gc,heap        ] GC(288) PSYoungGen: 519200K(572416K)->31488K(580096K) Eden: 461312K(461312K)->0K(461312K) From: 57888K(111104K)->31488K(118784K)
[129.525s][info][gc,heap        ] GC(288) ParOldGen: 248304K(1398272K)->294600K(1398272K)
[129.525s][info][gc,metaspace   ] GC(288) Metaspace: 68144K(69312K)->68144K(69312K) NonClass: 59689K(60224K)->59689K(60224K) Class: 8455K(9088K)->8455K(9088K)
[129.525s][info][gc             ] GC(288) Pause Young (Allocation Failure) 749M->318M(1932M) 53.879ms
[129.525s][info][gc,cpu         ] GC(288) User=1.55s Sys=0.00s Real=0.05s
[130.221s][info][gc,start       ] GC(289) Pause Young (Allocation Failure)
[130.609s][info][gc,heap        ] GC(289) PSYoungGen: 492800K(580096K)->29459K(570880K) Eden: 461312K(461312K)->0K(464384K) From: 31488K(118784K)->29459K(106496K)
[130.609s][info][gc,heap        ] GC(289) ParOldGen: 294600K(1398272K)->319560K(1398272K)
[130.609s][info][gc,metaspace   ] GC(289) Metaspace: 68144K(69312K)->68144K(69312K) NonClass: 59689K(60224K)->59689K(60224K) Class: 8455K(9088K)->8455K(9088K)
[130.609s][info][gc             ] GC(289) Pause Young (Allocation Failure) 768M->340M(1923M) 387.984ms
[130.609s][info][gc,cpu         ] GC(289) User=11.80s Sys=0.03s Real=0.38s
[130.955s][info][gc,start       ] GC(290) Pause Young (Allocation Failure)
[131.136s][info][gc,heap        ] GC(290) PSYoungGen: 493843K(570880K)->87616K(577024K) Eden: 464384K(464384K)->0K(464384K) From: 29459K(106496K)->87616K(112640K)
[131.136s][info][gc,heap        ] GC(290) ParOldGen: 319560K(1398272K)->342841K(1398272K)
[131.136s][info][gc,metaspace   ] GC(290) Metaspace: 68144K(69312K)->68144K(69312K) NonClass: 59689K(60224K)->59689K(60224K) Class: 8455K(9088K)->8455K(9088K)
[131.136s][info][gc             ] GC(290) Pause Young (Allocation Failure) 794M->420M(1929M) 181.678ms
[131.136s][info][gc,cpu         ] GC(290) User=6.16s Sys=0.02s Real=0.19s
[131.347s][info][gc,start       ] GC(291) Pause Young (Allocation Failure)
[131.399s][info][gc,heap        ] GC(291) PSYoungGen: 548596K(577024K)->50016K(579584K) Eden: 460980K(464384K)->0K(463872K) From: 87616K(112640K)->50016K(115712K)
[131.399s][info][gc,heap        ] GC(291) ParOldGen: 342841K(1398272K)->428073K(1398272K)
[131.399s][info][gc,metaspace   ] GC(291) Metaspace: 68144K(69312K)->68144K(69312K) NonClass: 59689K(60224K)->59689K(60224K) Class: 8455K(9088K)->8455K(9088K)
[131.399s][info][gc             ] GC(291) Pause Young (Allocation Failure) 870M->466M(1931M) 51.854ms
[131.399s][info][gc,cpu         ] GC(291) User=1.45s Sys=0.00s Real=0.05s
[131.620s][info][gc,start       ] GC(292) Pause Young (Allocation Failure)
[131.681s][info][gc,heap        ] GC(292) PSYoungGen: 513888K(579584K)->49440K(513536K) Eden: 463872K(463872K)->0K(463872K) From: 50016K(115712K)->49440K(49664K)
[131.681s][info][gc,heap        ] GC(292) ParOldGen: 428073K(1398272K)->462465K(1398272K)
[131.681s][info][gc,metaspace   ] GC(292) Metaspace: 68144K(69312K)->68144K(69312K) NonClass: 59689K(60224K)->59689K(60224K) Class: 8455K(9088K)->8455K(9088K)
[131.681s][info][gc             ] GC(292) Pause Young (Allocation Failure) 919M->499M(1867M) 60.629ms
[131.681s][info][gc,cpu         ] GC(292) User=1.81s Sys=0.02s Real=0.06s
[132.377s][info][gc,start       ] GC(293) Pause Young (Allocation Failure)
[132.437s][info][gc,heap        ] GC(293) PSYoungGen: 513312K(513536K)->29395K(578560K) Eden: 463872K(463872K)->0K(470528K) From: 49440K(49664K)->29395K(108032K)
[132.437s][info][gc,heap        ] GC(293) ParOldGen: 462465K(1398272K)->504961K(1398272K)
[132.437s][info][gc,metaspace   ] GC(293) Metaspace: 68144K(69312K)->68144K(69312K) NonClass: 59689K(60224K)->59689K(60224K) Class: 8455K(9088K)->8455K(9088K)
[132.437s][info][gc             ] GC(293) Pause Young (Allocation Failure) 952M->521M(1930M) 60.485ms
[132.437s][info][gc,cpu         ] GC(293) User=2.06s Sys=0.00s Real=0.07s
[132.856s][info][gc,start       ] GC(294) Pause Young (Allocation Failure)
[132.996s][info][gc,heap        ] GC(294) PSYoungGen: 499923K(578560K)->800K(577024K) Eden: 470528K(470528K)->0K(470528K) From: 29395K(108032K)->800K(106496K)
[132.996s][info][gc,heap        ] GC(294) ParOldGen: 504961K(1398272K)->529481K(1398272K)
[132.996s][info][gc,metaspace   ] GC(294) Metaspace: 68147K(69312K)->68147K(69312K) NonClass: 59691K(60224K)->59691K(60224K) Class: 8455K(9088K)->8455K(9088K)
[132.996s][info][gc             ] GC(294) Pause Young (Allocation Failure) 981M->517M(1929M) 139.516ms
[132.996s][info][gc,cpu         ] GC(294) User=5.05s Sys=0.00s Real=0.14s
[133.507s][info][gc,start       ] GC(295) Pause Young (Allocation Failure)
[133.518s][info][gc,heap        ] GC(295) PSYoungGen: 471328K(577024K)->13632K(590848K) Eden: 470528K(470528K)->0K(482304K) From: 800K(106496K)->13632K(108544K)
[133.518s][info][gc,heap        ] GC(295) ParOldGen: 529481K(1398272K)->529665K(1398272K)
[133.518s][info][gc,metaspace   ] GC(295) Metaspace: 68149K(69312K)->68149K(69312K) NonClass: 59693K(60224K)->59693K(60224K) Class: 8455K(9088K)->8455K(9088K)
[133.518s][info][gc             ] GC(295) Pause Young (Allocation Failure) 977M->530M(1942M) 11.343ms
[133.518s][info][gc,cpu         ] GC(295) User=0.52s Sys=0.00s Real=0.02s
[133.923s][info][gc,start       ] GC(296) Pause Young (Allocation Failure)
[133.949s][info][gc,heap        ] GC(296) PSYoungGen: 495936K(590848K)->54994K(537600K) Eden: 482304K(482304K)->0K(482304K) From: 13632K(108544K)->54994K(55296K)
[133.949s][info][gc,heap        ] GC(296) ParOldGen: 529665K(1398272K)->536751K(1398272K)
[133.949s][info][gc,metaspace   ] GC(296) Metaspace: 68149K(69312K)->68149K(69312K) NonClass: 59693K(60224K)->59693K(60224K) Class: 8455K(9088K)->8455K(9088K)
[133.950s][info][gc             ] GC(296) Pause Young (Allocation Failure) 1001M->577M(1890M) 26.030ms
[133.950s][info][gc,cpu         ] GC(296) User=0.88s Sys=0.00s Real=0.03s
[134.235s][info][gc,start       ] GC(297) Pause Young (Allocation Failure)
[134.271s][info][gc,heap        ] GC(297) PSYoungGen: 537298K(537600K)->65932K(586240K) Eden: 482304K(482304K)->0K(480256K) From: 54994K(55296K)->65932K(105984K)
[134.271s][info][gc,heap        ] GC(297) ParOldGen: 536751K(1398272K)->536903K(1398272K)
[134.271s][info][gc,metaspace   ] GC(297) Metaspace: 68153K(69312K)->68153K(69312K) NonClass: 59697K(60224K)->59697K(60224K) Class: 8455K(9088K)->8455K(9088K)
[134.271s][info][gc             ] GC(297) Pause Young (Allocation Failure) 1048M->588M(1938M) 36.575ms
[134.271s][info][gc,cpu         ] GC(297) User=1.31s Sys=0.00s Real=0.05s
[134.489s][info][gc,start       ] GC(298) Pause Young (Allocation Failure)
[134.742s][info][gc,heap        ] GC(298) PSYoungGen: 546188K(586240K)->66309K(588800K) Eden: 480256K(480256K)->0K(480256K) From: 65932K(105984K)->66309K(108544K)
[134.742s][info][gc,heap        ] GC(298) ParOldGen: 536903K(1398272K)->576729K(1398272K)
[134.742s][info][gc,metaspace   ] GC(298) Metaspace: 68153K(69312K)->68153K(69312K) NonClass: 59697K(60224K)->59697K(60224K) Class: 8455K(9088K)->8455K(9088K)
[134.742s][info][gc             ] GC(298) Pause Young (Allocation Failure) 1057M->627M(1940M) 253.542ms
[134.742s][info][gc,cpu         ] GC(298) User=2.34s Sys=0.02s Real=0.25s
[134.833s][info][gc,start       ] GC(299) Pause Young (System.gc())
[134.842s][info][gc,heap        ] GC(299) PSYoungGen: 178239K(588800K)->128K(585728K) Eden: 111930K(480256K)->0K(475648K) From: 66309K(108544K)->128K(110080K)
[134.842s][info][gc,heap        ] GC(299) ParOldGen: 576729K(1398272K)->577073K(1398272K)
[134.842s][info][gc,metaspace   ] GC(299) Metaspace: 68153K(69312K)->68153K(69312K) NonClass: 59697K(60224K)->59697K(60224K) Class: 8455K(9088K)->8455K(9088K)
[134.842s][info][gc             ] GC(299) Pause Young (System.gc()) 737M->563M(1937M) 9.407ms
[134.842s][info][gc,cpu         ] GC(299) User=0.13s Sys=0.00s Real=0.02s
[134.842s][info][gc,start       ] GC(300) Pause Full (System.gc())
[134.842s][info][gc,phases,start] GC(300) Marking Phase
[134.901s][info][gc,phases      ] GC(300) Marking Phase 58.430ms
[134.901s][info][gc,phases,start] GC(300) Summary Phase
[134.901s][info][gc,phases      ] GC(300) Summary Phase 0.020ms
[134.901s][info][gc,phases,start] GC(300) Adjust Roots
[134.917s][info][gc,phases      ] GC(300) Adjust Roots 15.918ms
[134.917s][info][gc,phases,start] GC(300) Compaction Phase
[134.944s][info][gc,phases      ] GC(300) Compaction Phase 26.628ms
[134.944s][info][gc,phases,start] GC(300) Post Compact
[134.947s][info][gc,phases      ] GC(300) Post Compact 3.186ms
[134.947s][info][gc,heap        ] GC(300) PSYoungGen: 128K(585728K)->0K(585728K) Eden: 0K(475648K)->0K(475648K) From: 128K(110080K)->0K(110080K)
[134.947s][info][gc,heap        ] GC(300) ParOldGen: 577073K(1398272K)->149012K(1398272K)
[134.947s][info][gc,metaspace   ] GC(300) Metaspace: 68153K(69312K)->68153K(69312K) NonClass: 59697K(60224K)->59697K(60224K) Class: 8455K(9088K)->8455K(9088K)
[134.947s][info][gc             ] GC(300) Pause Full (System.gc()) 563M->145M(1937M) 104.465ms
[134.947s][info][gc,cpu         ] GC(300) User=1.45s Sys=0.00s Real=0.11s
[135.233s][info][gc,start       ] GC(301) Pause Young (Allocation Failure)
[135.279s][info][gc,heap        ] GC(301) PSYoungGen: 475648K(585728K)->109216K(585216K) Eden: 475648K(475648K)->0K(475648K) From: 0K(110080K)->109216K(109568K)
[135.279s][info][gc,heap        ] GC(301) ParOldGen: 149012K(1398272K)->149012K(1398272K)
[135.279s][info][gc,metaspace   ] GC(301) Metaspace: 68157K(69312K)->68157K(69312K) NonClass: 59701K(60224K)->59701K(60224K) Class: 8456K(9088K)->8456K(9088K)
[135.279s][info][gc             ] GC(301) Pause Young (Allocation Failure) 610M->252M(1937M) 45.450ms
[135.279s][info][gc,cpu         ] GC(301) User=1.55s Sys=0.00s Real=0.05s
[135.522s][info][gc,start       ] GC(302) Pause Young (Allocation Failure)
[135.592s][info][gc,heap        ] GC(302) PSYoungGen: 584864K(585216K)->58048K(562688K) Eden: 475648K(475648K)->0K(449024K) From: 109216K(109568K)->58048K(113664K)
[135.592s][info][gc,heap        ] GC(302) ParOldGen: 149012K(1398272K)->247130K(1398272K)
[135.592s][info][gc,metaspace   ] GC(302) Metaspace: 68157K(69312K)->68157K(69312K) NonClass: 59701K(60224K)->59701K(60224K) Class: 8456K(9088K)->8456K(9088K)
[135.592s][info][gc             ] GC(302) Pause Young (Allocation Failure) 716M->298M(1915M) 69.979ms
[135.592s][info][gc,cpu         ] GC(302) User=1.70s Sys=0.00s Real=0.06s
[135.807s][info][gc,start       ] GC(303) Pause Young (Allocation Failure)
[135.863s][info][gc,heap        ] GC(303) PSYoungGen: 507072K(562688K)->31200K(573952K) Eden: 449024K(449024K)->0K(449024K) From: 58048K(113664K)->31200K(124928K)
[135.863s][info][gc,heap        ] GC(303) ParOldGen: 247130K(1398272K)->293722K(1398272K)
[135.863s][info][gc,metaspace   ] GC(303) Metaspace: 68157K(69312K)->68157K(69312K) NonClass: 59701K(60224K)->59701K(60224K) Class: 8456K(9088K)->8456K(9088K)
[135.863s][info][gc             ] GC(303) Pause Young (Allocation Failure) 736M->317M(1926M) 55.935ms
[135.863s][info][gc,cpu         ] GC(303) User=1.98s Sys=0.00s Real=0.06s
[136.555s][info][gc,start       ] GC(304) Pause Young (Allocation Failure)
[136.771s][info][gc,heap        ] GC(304) PSYoungGen: 480224K(573952K)->25536K(563200K) Eden: 449024K(449024K)->0K(453632K) From: 31200K(124928K)->25536K(109568K)
[136.771s][info][gc,heap        ] GC(304) ParOldGen: 293722K(1398272K)->318026K(1398272K)
[136.771s][info][gc,metaspace   ] GC(304) Metaspace: 68163K(69312K)->68163K(69312K) NonClass: 59707K(60224K)->59707K(60224K) Class: 8456K(9088K)->8456K(9088K)
[136.771s][info][gc             ] GC(304) Pause Young (Allocation Failure) 755M->335M(1915M) 215.700ms
[136.771s][info][gc,cpu         ] GC(304) User=7.22s Sys=0.00s Real=0.21s
[137.122s][info][gc,start       ] GC(305) Pause Young (Allocation Failure)
[137.233s][info][gc,heap        ] GC(305) PSYoungGen: 479168K(563200K)->97952K(551936K) Eden: 453632K(453632K)->0K(453632K) From: 25536K(109568K)->97952K(98304K)
[137.233s][info][gc,heap        ] GC(305) ParOldGen: 318026K(1398272K)->342836K(1398272K)
[137.233s][info][gc,metaspace   ] GC(305) Metaspace: 68163K(69312K)->68163K(69312K) NonClass: 59707K(60224K)->59707K(60224K) Class: 8456K(9088K)->8456K(9088K)
[137.233s][info][gc             ] GC(305) Pause Young (Allocation Failure) 778M->430M(1904M) 111.033ms
[137.233s][info][gc,cpu         ] GC(305) User=3.61s Sys=0.00s Real=0.12s
[137.438s][info][gc,start       ] GC(306) Pause Young (Allocation Failure)
[137.498s][info][gc,heap        ] GC(306) PSYoungGen: 551584K(551936K)->52288K(577024K) Eden: 453632K(453632K)->0K(447488K) From: 97952K(98304K)->52288K(129536K)
[137.498s][info][gc,heap        ] GC(306) ParOldGen: 342836K(1398272K)->440172K(1398272K)
[137.498s][info][gc,metaspace   ] GC(306) Metaspace: 68163K(69312K)->68163K(69312K) NonClass: 59707K(60224K)->59707K(60224K) Class: 8456K(9088K)->8456K(9088K)
[137.498s][info][gc             ] GC(306) Pause Young (Allocation Failure) 873M->480M(1929M) 59.619ms
[137.498s][info][gc,cpu         ] GC(306) User=1.86s Sys=0.00s Real=0.06s
[137.713s][info][gc,start       ] GC(307) Pause Young (Allocation Failure)
[137.770s][info][gc,heap        ] GC(307) PSYoungGen: 499776K(577024K)->53248K(501248K) Eden: 447488K(447488K)->0K(447488K) From: 52288K(129536K)->53248K(53760K)
[137.770s][info][gc,heap        ] GC(307) ParOldGen: 440172K(1398272K)->475228K(1398272K)
[137.770s][info][gc,metaspace   ] GC(307) Metaspace: 68163K(69312K)->68163K(69312K) NonClass: 59707K(60224K)->59707K(60224K) Class: 8456K(9088K)->8456K(9088K)
[137.770s][info][gc             ] GC(307) Pause Young (Allocation Failure) 917M->516M(1855M) 57.275ms
[137.770s][info][gc,cpu         ] GC(307) User=1.47s Sys=0.00s Real=0.05s
[138.237s][info][gc,start       ] GC(308) Pause Young (Allocation Failure)
[138.299s][info][gc,heap        ] GC(308) PSYoungGen: 500001K(501248K)->37458K(567296K) Eden: 446753K(447488K)->0K(451584K) From: 53248K(53760K)->37458K(115712K)
[138.299s][info][gc,heap        ] GC(308) ParOldGen: 475228K(1398272K)->537444K(1398272K)
[138.299s][info][gc,metaspace   ] GC(308) Metaspace: 68163K(69312K)->68163K(69312K) NonClass: 59707K(60224K)->59707K(60224K) Class: 8456K(9088K)->8456K(9088K)
[138.299s][info][gc             ] GC(308) Pause Young (Allocation Failure) 952M->561M(1919M) 62.452ms
[138.299s][info][gc,cpu         ] GC(308) User=1.83s Sys=0.00s Real=0.06s
[138.900s][info][gc,start       ] GC(309) Pause Young (Allocation Failure)
[139.030s][info][gc,heap        ] GC(309) PSYoungGen: 489042K(567296K)->33492K(563200K) Eden: 451584K(451584K)->0K(451584K) From: 37458K(115712K)->33492K(111616K)
[139.030s][info][gc,heap        ] GC(309) ParOldGen: 537444K(1398272K)->566068K(1398272K)
[139.030s][info][gc,metaspace   ] GC(309) Metaspace: 68231K(69376K)->68231K(69376K) NonClass: 59774K(60288K)->59774K(60288K) Class: 8456K(9088K)->8456K(9088K)
[139.030s][info][gc             ] GC(309) Pause Young (Allocation Failure) 1002M->585M(1915M) 129.846ms
[139.030s][info][gc,cpu         ] GC(309) User=4.13s Sys=0.00s Real=0.13s
[139.572s][info][gc,start       ] GC(310) Pause Young (Allocation Failure)
[139.579s][info][gc,heap        ] GC(310) PSYoungGen: 485076K(563200K)->1184K(578048K) Eden: 451584K(451584K)->0K(469504K) From: 33492K(111616K)->1184K(108544K)
[139.579s][info][gc,heap        ] GC(310) ParOldGen: 566068K(1398272K)->566292K(1398272K)
[139.579s][info][gc,metaspace   ] GC(310) Metaspace: 68253K(69376K)->68253K(69376K) NonClass: 59795K(60288K)->59795K(60288K) Class: 8457K(9088K)->8457K(9088K)
[139.580s][info][gc             ] GC(310) Pause Young (Allocation Failure) 1026M->554M(1930M) 7.830ms
[139.580s][info][gc,cpu         ] GC(310) User=0.06s Sys=0.00s Real=0.02s
[139.778s][info][gc,start       ] GC(311) Pause Young (Allocation Failure)
[139.813s][info][gc,heap        ] GC(311) PSYoungGen: 470688K(578048K)->68096K(580096K) Eden: 469504K(469504K)->0K(469504K) From: 1184K(108544K)->68096K(110592K)
[139.814s][info][gc,heap        ] GC(311) ParOldGen: 566292K(1398272K)->566830K(1398272K)
[139.814s][info][gc,metaspace   ] GC(311) Metaspace: 68253K(69376K)->68253K(69376K) NonClass: 59796K(60288K)->59796K(60288K) Class: 8457K(9088K)->8457K(9088K)
[139.814s][info][gc             ] GC(311) Pause Young (Allocation Failure) 1012M->620M(1932M) 35.225ms
[139.814s][info][gc,cpu         ] GC(311) User=0.75s Sys=0.00s Real=0.03s
[140.231s][info][gc,start       ] GC(312) Pause Young (Allocation Failure)
[140.280s][info][gc,heap        ] GC(312) PSYoungGen: 534885K(580096K)->88257K(567808K) Eden: 466789K(469504K)->0K(455168K) From: 68096K(110592K)->88257K(112640K)
[140.280s][info][gc,heap        ] GC(312) ParOldGen: 566830K(1398272K)->632366K(1398272K)
[140.280s][info][gc,metaspace   ] GC(312) Metaspace: 68256K(69440K)->68256K(69440K) NonClass: 59798K(60352K)->59798K(60352K) Class: 8457K(9088K)->8457K(9088K)
[140.280s][info][gc             ] GC(312) Pause Young (Allocation Failure) 1075M->703M(1920M) 48.767ms
[140.280s][info][gc,cpu         ] GC(312) User=1.48s Sys=0.00s Real=0.05s
[140.503s][info][gc,start       ] GC(313) Pause Young (Allocation Failure)
[140.553s][info][gc,heap        ] GC(313) PSYoungGen: 543425K(567808K)->46023K(577024K) Eden: 455168K(455168K)->0K(455168K) From: 88257K(112640K)->46023K(121856K)
[140.553s][info][gc,heap        ] GC(313) ParOldGen: 632366K(1398272K)->659985K(1398272K)
[140.553s][info][gc,metaspace   ] GC(313) Metaspace: 68256K(69440K)->68256K(69440K) NonClass: 59799K(60352K)->59799K(60352K) Class: 8457K(9088K)->8457K(9088K)
[140.553s][info][gc             ] GC(313) Pause Young (Allocation Failure) 1148M->689M(1929M) 50.283ms
[140.553s][info][gc,cpu         ] GC(313) User=1.53s Sys=0.02s Real=0.05s
[140.739s][info][gc,start       ] GC(314) Pause Young (System.gc())
[140.841s][info][gc,heap        ] GC(314) PSYoungGen: 344454K(577024K)->128K(577536K) Eden: 298431K(455168K)->0K(462336K) From: 46023K(121856K)->128K(115200K)
[140.841s][info][gc,heap        ] GC(314) ParOldGen: 659985K(1398272K)->679897K(1398272K)
[140.841s][info][gc,metaspace   ] GC(314) Metaspace: 68256K(69440K)->68256K(69440K) NonClass: 59799K(60352K)->59799K(60352K) Class: 8457K(9088K)->8457K(9088K)
[140.841s][info][gc             ] GC(314) Pause Young (System.gc()) 980M->664M(1929M) 102.406ms
[140.841s][info][gc,cpu         ] GC(314) User=3.61s Sys=0.00s Real=0.10s
[140.841s][info][gc,start       ] GC(315) Pause Full (System.gc())
[140.841s][info][gc,phases,start] GC(315) Marking Phase
[140.885s][info][gc,phases      ] GC(315) Marking Phase 43.338ms
[140.885s][info][gc,phases,start] GC(315) Summary Phase
[140.885s][info][gc,phases      ] GC(315) Summary Phase 0.021ms
[140.885s][info][gc,phases,start] GC(315) Adjust Roots
[140.902s][info][gc,phases      ] GC(315) Adjust Roots 16.886ms
[140.902s][info][gc,phases,start] GC(315) Compaction Phase
[140.928s][info][gc,phases      ] GC(315) Compaction Phase 25.767ms
[140.928s][info][gc,phases,start] GC(315) Post Compact
[140.933s][info][gc,phases      ] GC(315) Post Compact 4.959ms
[140.933s][info][gc,heap        ] GC(315) PSYoungGen: 128K(577536K)->0K(577536K) Eden: 0K(462336K)->0K(462336K) From: 128K(115200K)->0K(115200K)
[140.933s][info][gc,heap        ] GC(315) ParOldGen: 679897K(1398272K)->149053K(1398272K)
[140.933s][info][gc,metaspace   ] GC(315) Metaspace: 68256K(69440K)->68256K(69440K) NonClass: 59799K(60352K)->59799K(60352K) Class: 8457K(9088K)->8457K(9088K)
[140.933s][info][gc             ] GC(315) Pause Full (System.gc()) 664M->145M(1929M) 91.373ms
[140.933s][info][gc,cpu         ] GC(315) User=1.67s Sys=0.00s Real=0.09s
[141.191s][info][gc,start       ] GC(316) Pause Young (Allocation Failure)
[141.232s][info][gc,heap        ] GC(316) PSYoungGen: 462336K(577536K)->105248K(567808K) Eden: 462336K(462336K)->0K(462336K) From: 0K(115200K)->105248K(105472K)
[141.232s][info][gc,heap        ] GC(316) ParOldGen: 149053K(1398272K)->149053K(1398272K)
[141.232s][info][gc,metaspace   ] GC(316) Metaspace: 68263K(69440K)->68263K(69440K) NonClass: 59805K(60352K)->59805K(60352K) Class: 8457K(9088K)->8457K(9088K)
[141.232s][info][gc             ] GC(316) Pause Young (Allocation Failure) 597M->248M(1920M) 41.289ms
[141.232s][info][gc,cpu         ] GC(316) User=1.55s Sys=0.00s Real=0.05s
[141.470s][info][gc,start       ] GC(317) Pause Young (Allocation Failure)
[141.542s][info][gc,heap        ] GC(317) PSYoungGen: 567584K(567808K)->52896K(573952K) Eden: 462336K(462336K)->0K(442880K) From: 105248K(105472K)->52896K(131072K)
[141.542s][info][gc,heap        ] GC(317) ParOldGen: 149053K(1398272K)->246534K(1398272K)
[141.542s][info][gc,metaspace   ] GC(317) Metaspace: 68263K(69440K)->68263K(69440K) NonClass: 59805K(60352K)->59805K(60352K) Class: 8457K(9088K)->8457K(9088K)
[141.542s][info][gc             ] GC(317) Pause Young (Allocation Failure) 699M->292M(1926M) 72.038ms
[141.542s][info][gc,cpu         ] GC(317) User=2.20s Sys=0.00s Real=0.08s
[141.753s][info][gc,start       ] GC(318) Pause Young (Allocation Failure)
[141.808s][info][gc,heap        ] GC(318) PSYoungGen: 495776K(573952K)->31168K(474112K) Eden: 442880K(442880K)->0K(442880K) From: 52896K(131072K)->31168K(31232K)
[141.808s][info][gc,heap        ] GC(318) ParOldGen: 246534K(1398272K)->292326K(1398272K)
[141.808s][info][gc,metaspace   ] GC(318) Metaspace: 68263K(69440K)->68263K(69440K) NonClass: 59805K(60352K)->59805K(60352K) Class: 8457K(9088K)->8457K(9088K)
[141.808s][info][gc             ] GC(318) Pause Young (Allocation Failure) 724M->315M(1828M) 54.681ms
[141.808s][info][gc,cpu         ] GC(318) User=1.94s Sys=0.00s Real=0.06s
[142.391s][info][gc,start       ] GC(319) Pause Young (Allocation Failure)
[142.613s][info][gc,heap        ] GC(319) PSYoungGen: 474048K(474112K)->26640K(566784K) Eden: 442880K(442880K)->0K(445952K) From: 31168K(31232K)->26640K(120832K)
[142.613s][info][gc,heap        ] GC(319) ParOldGen: 292326K(1398272K)->316446K(1398272K)
[142.613s][info][gc,metaspace   ] GC(319) Metaspace: 68265K(69440K)->68265K(69440K) NonClass: 59807K(60352K)->59807K(60352K) Class: 8457K(9088K)->8457K(9088K)
[142.613s][info][gc             ] GC(319) Pause Young (Allocation Failure) 748M->335M(1919M) 222.438ms
[142.613s][info][gc,cpu         ] GC(319) User=7.19s Sys=0.02s Real=0.22s
[143.038s][info][gc,start       ] GC(320) Pause Young (Allocation Failure)
[143.149s][info][gc,heap        ] GC(320) PSYoungGen: 472592K(566784K)->108416K(563712K) Eden: 445952K(445952K)->0K(445952K) From: 26640K(120832K)->108416K(117760K)
[143.149s][info][gc,heap        ] GC(320) ParOldGen: 316446K(1398272K)->342342K(1398272K)
[143.149s][info][gc,metaspace   ] GC(320) Metaspace: 68282K(69440K)->68282K(69440K) NonClass: 59825K(60352K)->59825K(60352K) Class: 8457K(9088K)->8457K(9088K)
[143.149s][info][gc             ] GC(320) Pause Young (Allocation Failure) 770M->440M(1916M) 111.111ms
[143.149s][info][gc,cpu         ] GC(320) User=3.61s Sys=0.00s Real=0.11s
[143.353s][info][gc,start       ] GC(321) Pause Young (Allocation Failure)
[143.404s][info][gc,heap        ] GC(321) PSYoungGen: 554368K(563712K)->53600K(572928K) Eden: 445952K(445952K)->0K(439808K) From: 108416K(117760K)->53600K(133120K)
[143.404s][info][gc,heap        ] GC(321) ParOldGen: 342342K(1398272K)->418437K(1398272K)
[143.404s][info][gc,metaspace   ] GC(321) Metaspace: 68282K(69440K)->68282K(69440K) NonClass: 59825K(60352K)->59825K(60352K) Class: 8457K(9088K)->8457K(9088K)
[143.404s][info][gc             ] GC(321) Pause Young (Allocation Failure) 875M->460M(1925M) 51.465ms
[143.404s][info][gc,cpu         ] GC(321) User=1.77s Sys=0.00s Real=0.06s
[143.618s][info][gc,start       ] GC(322) Pause Young (Allocation Failure)
[143.675s][info][gc,heap        ] GC(322) PSYoungGen: 493408K(572928K)->49728K(489984K) Eden: 439808K(439808K)->0K(439808K) From: 53600K(133120K)->49728K(50176K)
[143.675s][info][gc,heap        ] GC(322) ParOldGen: 418437K(1398272K)->455317K(1398272K)
[143.675s][info][gc,metaspace   ] GC(322) Metaspace: 68282K(69440K)->68282K(69440K) NonClass: 59825K(60352K)->59825K(60352K) Class: 8457K(9088K)->8457K(9088K)
[143.675s][info][gc             ] GC(322) Pause Young (Allocation Failure) 890M->493M(1844M) 56.859ms
[143.675s][info][gc,cpu         ] GC(322) User=2.05s Sys=0.00s Real=0.06s
[143.889s][info][gc,start       ] GC(323) Pause Young (Allocation Failure)
[143.943s][info][gc,heap        ] GC(323) PSYoungGen: 489536K(489984K)->29760K(561664K) Eden: 439808K(439808K)->0K(442880K) From: 49728K(50176K)->29760K(118784K)
[143.943s][info][gc,heap        ] GC(323) ParOldGen: 455317K(1398272K)->505725K(1398272K)
[143.943s][info][gc,metaspace   ] GC(323) Metaspace: 68282K(69440K)->68282K(69440K) NonClass: 59825K(60352K)->59825K(60352K) Class: 8457K(9088K)->8457K(9088K)
[143.943s][info][gc             ] GC(323) Pause Young (Allocation Failure) 922M->522M(1914M) 54.184ms
[143.943s][info][gc,cpu         ] GC(323) User=1.98s Sys=0.00s Real=0.06s
[144.734s][info][gc,start       ] GC(324) Pause Young (Allocation Failure)
[144.883s][info][gc,heap        ] GC(324) PSYoungGen: 471539K(561664K)->25104K(559104K) Eden: 441779K(442880K)->0K(442880K) From: 29760K(118784K)->25104K(116224K)
[144.883s][info][gc,heap        ] GC(324) ParOldGen: 505725K(1398272K)->533005K(1398272K)
[144.883s][info][gc,metaspace   ] GC(324) Metaspace: 68311K(69440K)->68311K(69440K) NonClass: 59854K(60352K)->59854K(60352K) Class: 8457K(9088K)->8457K(9088K)
[144.883s][info][gc             ] GC(324) Pause Young (Allocation Failure) 954M->545M(1911M) 148.858ms
[144.883s][info][gc,cpu         ] GC(324) User=4.64s Sys=0.00s Real=0.14s
[145.315s][info][gc,start       ] GC(325) Pause Young (Allocation Failure)
[145.347s][info][gc,heap        ] GC(325) PSYoungGen: 467984K(559104K)->34435K(578048K) Eden: 442880K(442880K)->0K(468480K) From: 25104K(116224K)->34435K(109568K)
[145.348s][info][gc,heap        ] GC(325) ParOldGen: 533005K(1398272K)->538267K(1398272K)
[145.348s][info][gc,metaspace   ] GC(325) Metaspace: 68338K(69504K)->68338K(69504K) NonClass: 59880K(60416K)->59880K(60416K) Class: 8457K(9088K)->8457K(9088K)
[145.348s][info][gc             ] GC(325) Pause Young (Allocation Failure) 977M->559M(1930M) 32.733ms
[145.348s][info][gc,cpu         ] GC(325) User=1.03s Sys=0.00s Real=0.03s
[145.691s][info][gc,start       ] GC(326) Pause Young (Allocation Failure)
[145.717s][info][gc,heap        ] GC(326) PSYoungGen: 501046K(578048K)->50816K(578048K) Eden: 466610K(468480K)->0K(468480K) From: 34435K(109568K)->50816K(109568K)
[145.717s][info][gc,heap        ] GC(326) ParOldGen: 538267K(1398272K)->538475K(1398272K)
[145.717s][info][gc,metaspace   ] GC(326) Metaspace: 68339K(69504K)->68339K(69504K) NonClass: 59881K(60416K)->59881K(60416K) Class: 8457K(9088K)->8457K(9088K)
[145.717s][info][gc             ] GC(326) Pause Young (Allocation Failure) 1014M->575M(1930M) 25.822ms
[145.717s][info][gc,cpu         ] GC(326) User=0.91s Sys=0.00s Real=0.03s
[146.143s][info][gc,start       ] GC(327) Pause Young (Allocation Failure)
[146.173s][info][gc,heap        ] GC(327) PSYoungGen: 519296K(578048K)->64613K(583680K) Eden: 468480K(468480K)->0K(478720K) From: 50816K(109568K)->64613K(104960K)
[146.173s][info][gc,heap        ] GC(327) ParOldGen: 538475K(1398272K)->546936K(1398272K)
[146.173s][info][gc,metaspace   ] GC(327) Metaspace: 68344K(69504K)->68344K(69504K) NonClass: 59886K(60416K)->59886K(60416K) Class: 8457K(9088K)->8457K(9088K)
[146.173s][info][gc             ] GC(327) Pause Young (Allocation Failure) 1032M->597M(1935M) 29.677ms
[146.173s][info][gc,cpu         ] GC(327) User=0.52s Sys=0.02s Real=0.03s
[146.507s][info][gc,start       ] GC(328) Pause Young (Allocation Failure)
[146.551s][info][gc,heap        ] GC(328) PSYoungGen: 543333K(583680K)->50267K(584704K) Eden: 478720K(478720K)->0K(478720K) From: 64613K(104960K)->50267K(105984K)
[146.551s][info][gc,heap        ] GC(328) ParOldGen: 546936K(1398272K)->562838K(1398272K)
[146.551s][info][gc,metaspace   ] GC(328) Metaspace: 68352K(69504K)->68352K(69504K) NonClass: 59895K(60416K)->59895K(60416K) Class: 8457K(9088K)->8457K(9088K)
[146.551s][info][gc             ] GC(328) Pause Young (Allocation Failure) 1064M->598M(1936M) 44.342ms
[146.551s][info][gc,cpu         ] GC(328) User=1.55s Sys=0.00s Real=0.05s
[146.922s][info][gc,heap,exit   ] Heap
[146.923s][info][gc,heap,exit   ]  PSYoungGen      total 584704K, used 487561K [0x00000000d5580000, 0x00000000ff700000, 0x0000000100000000)
[146.923s][info][gc,heap,exit   ]   eden space 478720K, 91% used [0x00000000d5580000,0x00000000f008b4d0,0x00000000f2900000)
[146.923s][info][gc,heap,exit   ]   from space 105984K, 47% used [0x00000000f2900000,0x00000000f5a16f70,0x00000000f9080000)
[146.923s][info][gc,heap,exit   ]   to   space 100864K, 0% used [0x00000000f9480000,0x00000000f9480000,0x00000000ff700000)
[146.923s][info][gc,heap,exit   ]  ParOldGen       total 1398272K, used 562838K [0x0000000080000000, 0x00000000d5580000, 0x00000000d5580000)
[146.923s][info][gc,heap,exit   ]   object space 1398272K, 40% used [0x0000000080000000,0x00000000a25a5aa0,0x00000000d5580000)
[146.923s][info][gc,heap,exit   ]  Metaspace       used 68742K, committed 69824K, reserved 1114112K
[146.923s][info][gc,heap,exit   ]   class space    used 8546K, committed 9088K, reserved 1048576K
