[0.017s][info][gc,init] CardTable entry size: 512
[0.017s][info][gc     ] Using Parallel
[0.023s][info][gc,init] Version: 20+36-2344 (release)
[0.023s][info][gc,init] CPUs: 48 total, 48 available
[0.023s][info][gc,init] Memory: 382G
[0.023s][info][gc,init] Large Page Support: Disabled
[0.023s][info][gc,init] NUMA Support: Disabled
[0.023s][info][gc,init] Compressed Oops: Enabled (32-bit)
[0.023s][info][gc,init] Alignments: Space 512K, Generation 512K, Heap 2M
[0.023s][info][gc,init] Heap Min Capacity: 8M
[0.023s][info][gc,init] Heap Initial Capacity: 1G
[0.032s][info][gc,init] Heap Max Capacity: 1G
[0.032s][info][gc,init] Pre-touch: Disabled
[0.032s][info][gc,init] Parallel Workers: 33
[0.033s][info][gc,metaspace] CDS archive(s) mapped at: [0x0000000800000000-0x0000000800c60000-0x0000000800c60000), size 12976128, SharedBaseAddress: 0x0000000800000000, ArchiveRelocationMode: 0.
[0.033s][info][gc,metaspace] Compressed class space mapped at: 0x0000000801000000-0x0000000841000000, reserved size: 1073741824
[0.033s][info][gc,metaspace] Narrow klass base: 0x0000000800000000, Narrow klass shift: 0, Narrow klass range: 0x100000000
[9.621s][info][gc,start    ] GC(0) Pause Young (Metadata GC Threshold)
[9.633s][info][gc,heap     ] GC(0) PSYoungGen: 143349K(305664K)->18609K(305664K) Eden: 143349K(262144K)->0K(262144K) From: 0K(43520K)->18609K(43520K)
[9.633s][info][gc,heap     ] GC(0) ParOldGen: 0K(699392K)->16K(699392K)
[9.633s][info][gc,metaspace] GC(0) Metaspace: 21271K(21504K)->21271K(21504K) NonClass: 18552K(18688K)->18552K(18688K) Class: 2719K(2816K)->2719K(2816K)
[9.633s][info][gc          ] GC(0) Pause Young (Metadata GC Threshold) 139M->18M(981M) 12.315ms
[9.633s][info][gc,cpu      ] GC(0) User=0.36s Sys=0.00s Real=0.02s
[9.633s][info][gc,start    ] GC(1) Pause Full (Metadata GC Threshold)
[9.633s][info][gc,phases,start] GC(1) Marking Phase
[9.644s][info][gc,phases      ] GC(1) Marking Phase 10.317ms
[9.644s][info][gc,phases,start] GC(1) Summary Phase
[9.644s][info][gc,phases      ] GC(1) Summary Phase 0.015ms
[9.644s][info][gc,phases,start] GC(1) Adjust Roots
[9.646s][info][gc,phases      ] GC(1) Adjust Roots 2.723ms
[9.646s][info][gc,phases,start] GC(1) Compaction Phase
[9.656s][info][gc,phases      ] GC(1) Compaction Phase 9.659ms
[9.656s][info][gc,phases,start] GC(1) Post Compact
[9.658s][info][gc,phases      ] GC(1) Post Compact 1.898ms
[9.658s][info][gc,heap        ] GC(1) PSYoungGen: 18609K(305664K)->0K(305664K) Eden: 0K(262144K)->0K(262144K) From: 18609K(43520K)->0K(43520K)
[9.658s][info][gc,heap        ] GC(1) ParOldGen: 16K(699392K)->18048K(699392K)
[9.658s][info][gc,metaspace   ] GC(1) Metaspace: 21271K(21504K)->21271K(21504K) NonClass: 18552K(18688K)->18552K(18688K) Class: 2719K(2816K)->2719K(2816K)
[9.658s][info][gc             ] GC(1) Pause Full (Metadata GC Threshold) 18M->17M(981M) 24.832ms
[9.658s][info][gc,cpu         ] GC(1) User=0.06s Sys=0.30s Real=0.02s
[10.619s][info][gc,start       ] GC(2) Pause Young (Metadata GC Threshold)
[10.624s][info][gc,heap        ] GC(2) PSYoungGen: 103952K(305664K)->5038K(305664K) Eden: 103952K(262144K)->0K(262144K) From: 0K(43520K)->5038K(43520K)
[10.624s][info][gc,heap        ] GC(2) ParOldGen: 18048K(699392K)->18056K(699392K)
[10.624s][info][gc,metaspace   ] GC(2) Metaspace: 35448K(35840K)->35448K(35840K) NonClass: 30972K(31168K)->30972K(31168K) Class: 4476K(4672K)->4476K(4672K)
[10.624s][info][gc             ] GC(2) Pause Young (Metadata GC Threshold) 119M->22M(981M) 5.224ms
[10.624s][info][gc,cpu         ] GC(2) User=0.00s Sys=0.00s Real=0.00s
[10.624s][info][gc,start       ] GC(3) Pause Full (Metadata GC Threshold)
[10.624s][info][gc,phases,start] GC(3) Marking Phase
[10.643s][info][gc,phases      ] GC(3) Marking Phase 18.646ms
[10.643s][info][gc,phases,start] GC(3) Summary Phase
[10.643s][info][gc,phases      ] GC(3) Summary Phase 0.023ms
[10.643s][info][gc,phases,start] GC(3) Adjust Roots
[10.650s][info][gc,phases      ] GC(3) Adjust Roots 6.753ms
[10.650s][info][gc,phases,start] GC(3) Compaction Phase
[10.664s][info][gc,phases      ] GC(3) Compaction Phase 14.129ms
[10.664s][info][gc,phases,start] GC(3) Post Compact
[10.665s][info][gc,phases      ] GC(3) Post Compact 0.955ms
[10.665s][info][gc,heap        ] GC(3) PSYoungGen: 5038K(305664K)->0K(305664K) Eden: 0K(262144K)->0K(262144K) From: 5038K(43520K)->0K(43520K)
[10.665s][info][gc,heap        ] GC(3) ParOldGen: 18056K(699392K)->22515K(699392K)
[10.665s][info][gc,metaspace   ] GC(3) Metaspace: 35448K(35840K)->35448K(35840K) NonClass: 30972K(31168K)->30972K(31168K) Class: 4476K(4672K)->4476K(4672K)
[10.665s][info][gc             ] GC(3) Pause Full (Metadata GC Threshold) 22M->21M(981M) 40.890ms
[10.665s][info][gc,cpu         ] GC(3) User=0.44s Sys=0.00s Real=0.05s
[11.415s][info][gc,start       ] GC(4) Pause Young (Allocation Failure)
[13.457s][info][gc,heap        ] GC(4) PSYoungGen: 262144K(305664K)->43488K(305664K) Eden: 262144K(262144K)->0K(262144K) From: 0K(43520K)->43488K(43520K)
[13.457s][info][gc,heap        ] GC(4) ParOldGen: 22515K(699392K)->186147K(699392K)
[13.457s][info][gc,metaspace   ] GC(4) Metaspace: 42264K(42688K)->42264K(42688K) NonClass: 36962K(37184K)->36962K(37184K) Class: 5302K(5504K)->5302K(5504K)
[13.457s][info][gc             ] GC(4) Pause Young (Allocation Failure) 277M->224M(981M) 2042.324ms
[13.457s][info][gc,cpu         ] GC(4) User=6.23s Sys=0.22s Real=2.05s
[13.840s][info][gc,start       ] GC(5) Pause Young (Allocation Failure)
[16.200s][info][gc,heap        ] GC(5) PSYoungGen: 305632K(305664K)->43488K(305664K) Eden: 262144K(262144K)->0K(262144K) From: 43488K(43520K)->43488K(43520K)
[16.200s][info][gc,heap        ] GC(5) ParOldGen: 186147K(699392K)->441339K(699392K)
[16.200s][info][gc,metaspace   ] GC(5) Metaspace: 42264K(42688K)->42264K(42688K) NonClass: 36962K(37184K)->36962K(37184K) Class: 5302K(5504K)->5302K(5504K)
[16.200s][info][gc             ] GC(5) Pause Young (Allocation Failure) 480M->473M(981M) 2360.431ms
[16.200s][info][gc,cpu         ] GC(5) User=10.00s Sys=0.48s Real=2.36s
[16.201s][info][gc,start       ] GC(6) Pause Full (Ergonomics)
[16.201s][info][gc,phases,start] GC(6) Marking Phase
[17.582s][info][gc,phases      ] GC(6) Marking Phase 1381.621ms
[17.582s][info][gc,phases,start] GC(6) Summary Phase
[17.582s][info][gc,phases      ] GC(6) Summary Phase 0.027ms
[17.582s][info][gc,phases,start] GC(6) Adjust Roots
[17.586s][info][gc,phases      ] GC(6) Adjust Roots 3.584ms
[17.586s][info][gc,phases,start] GC(6) Compaction Phase
[17.725s][info][gc,phases      ] GC(6) Compaction Phase 138.919ms
[17.725s][info][gc,phases,start] GC(6) Post Compact
[17.728s][info][gc,phases      ] GC(6) Post Compact 2.637ms
[17.728s][info][gc,heap        ] GC(6) PSYoungGen: 43488K(305664K)->0K(305664K) Eden: 0K(262144K)->0K(262144K) From: 43488K(43520K)->0K(43520K)
[17.728s][info][gc,heap        ] GC(6) ParOldGen: 441339K(699392K)->482521K(699392K)
[17.728s][info][gc,metaspace   ] GC(6) Metaspace: 42264K(42688K)->42264K(42688K) NonClass: 36962K(37184K)->36962K(37184K) Class: 5302K(5504K)->5302K(5504K)
[17.728s][info][gc             ] GC(6) Pause Full (Ergonomics) 473M->471M(981M) 1527.059ms
[17.728s][info][gc,cpu         ] GC(6) User=34.28s Sys=0.11s Real=1.53s
[19.143s][info][gc,start       ] GC(7) Pause Young (System.gc())
[20.462s][info][gc,heap        ] GC(7) PSYoungGen: 188565K(305664K)->43504K(305664K) Eden: 188565K(262144K)->0K(262144K) From: 0K(43520K)->43504K(43520K)
[20.462s][info][gc,heap        ] GC(7) ParOldGen: 482521K(699392K)->576041K(699392K)
[20.462s][info][gc,metaspace   ] GC(7) Metaspace: 49924K(50432K)->49924K(50432K) NonClass: 43620K(43904K)->43620K(43904K) Class: 6303K(6528K)->6303K(6528K)
[20.462s][info][gc             ] GC(7) Pause Young (System.gc()) 655M->605M(981M) 1318.490ms
[20.462s][info][gc,cpu         ] GC(7) User=4.91s Sys=0.11s Real=1.33s
[20.462s][info][gc,start       ] GC(8) Pause Full (System.gc())
[20.462s][info][gc,phases,start] GC(8) Marking Phase
[20.487s][info][gc,phases      ] GC(8) Marking Phase 25.448ms
[20.487s][info][gc,phases,start] GC(8) Summary Phase
[20.488s][info][gc,phases      ] GC(8) Summary Phase 0.026ms
[20.488s][info][gc,phases,start] GC(8) Adjust Roots
[20.494s][info][gc,phases      ] GC(8) Adjust Roots 6.102ms
[20.494s][info][gc,phases,start] GC(8) Compaction Phase
[20.506s][info][gc,phases      ] GC(8) Compaction Phase 12.007ms
[20.506s][info][gc,phases,start] GC(8) Post Compact
[20.514s][info][gc,phases      ] GC(8) Post Compact 7.871ms
[20.514s][info][gc,heap        ] GC(8) PSYoungGen: 43504K(305664K)->0K(305664K) Eden: 0K(262144K)->0K(262144K) From: 43504K(43520K)->0K(43520K)
[20.514s][info][gc,heap        ] GC(8) ParOldGen: 576041K(699392K)->25709K(699392K)
[20.514s][info][gc,metaspace   ] GC(8) Metaspace: 49924K(50432K)->49924K(50432K) NonClass: 43620K(43904K)->43620K(43904K) Class: 6303K(6528K)->6303K(6528K)
[20.514s][info][gc             ] GC(8) Pause Full (System.gc()) 605M->25M(981M) 51.859ms
[20.514s][info][gc,cpu         ] GC(8) User=0.61s Sys=0.00s Real=0.05s
[21.422s][info][gc,start       ] GC(9) Pause Young (Allocation Failure)
[21.426s][info][gc,heap        ] GC(9) PSYoungGen: 262144K(305664K)->6331K(268800K) Eden: 262144K(262144K)->0K(262144K) From: 0K(43520K)->6331K(6656K)
[21.426s][info][gc,heap        ] GC(9) ParOldGen: 25709K(699392K)->25717K(699392K)
[21.426s][info][gc,metaspace   ] GC(9) Metaspace: 58965K(59776K)->58965K(59776K) NonClass: 51484K(51904K)->51484K(51904K) Class: 7480K(7872K)->7480K(7872K)
[21.426s][info][gc             ] GC(9) Pause Young (Allocation Failure) 281M->31M(945M) 3.650ms
[21.426s][info][gc,cpu         ] GC(9) User=0.05s Sys=0.00s Real=0.01s
[21.510s][info][gc,start       ] GC(10) Pause Young (Allocation Failure)
[21.512s][info][gc,heap        ] GC(10) PSYoungGen: 268475K(268800K)->6211K(197120K) Eden: 262144K(262144K)->0K(116736K) From: 6331K(6656K)->6211K(80384K)
[21.512s][info][gc,heap        ] GC(10) ParOldGen: 25717K(699392K)->25725K(699392K)
[21.512s][info][gc,metaspace   ] GC(10) Metaspace: 58967K(59840K)->58967K(59840K) NonClass: 51486K(51968K)->51486K(51968K) Class: 7480K(7872K)->7480K(7872K)
[21.512s][info][gc             ] GC(10) Pause Young (Allocation Failure) 287M->31M(875M) 1.920ms
[21.512s][info][gc,cpu         ] GC(10) User=0.00s Sys=0.00s Real=0.00s
[21.550s][info][gc,start       ] GC(11) Pause Young (Allocation Failure)
[21.553s][info][gc,heap        ] GC(11) PSYoungGen: 122947K(197120K)->6171K(232960K) Eden: 116736K(116736K)->0K(116736K) From: 6211K(80384K)->6171K(116224K)
[21.553s][info][gc,heap        ] GC(11) ParOldGen: 25725K(699392K)->25733K(699392K)
[21.553s][info][gc,metaspace   ] GC(11) Metaspace: 58969K(59840K)->58969K(59840K) NonClass: 51488K(51968K)->51488K(51968K) Class: 7480K(7872K)->7480K(7872K)
[21.553s][info][gc             ] GC(11) Pause Young (Allocation Failure) 145M->31M(910M) 2.568ms
[21.553s][info][gc,cpu         ] GC(11) User=0.33s Sys=0.00s Real=0.02s
[21.586s][info][gc,start       ] GC(12) Pause Young (Allocation Failure)
[21.588s][info][gc,heap        ] GC(12) PSYoungGen: 122907K(232960K)->6147K(232960K) Eden: 116736K(116736K)->0K(116736K) From: 6171K(116224K)->6147K(116224K)
[21.588s][info][gc,heap        ] GC(12) ParOldGen: 25733K(699392K)->25733K(699392K)
[21.588s][info][gc,metaspace   ] GC(12) Metaspace: 58969K(59840K)->58969K(59840K) NonClass: 51488K(51968K)->51488K(51968K) Class: 7480K(7872K)->7480K(7872K)
[21.588s][info][gc             ] GC(12) Pause Young (Allocation Failure) 145M->31M(910M) 2.262ms
[21.588s][info][gc,cpu         ] GC(12) User=0.00s Sys=0.00s Real=0.00s
[21.619s][info][gc,start       ] GC(13) Pause Young (Allocation Failure)
[21.621s][info][gc,heap        ] GC(13) PSYoungGen: 122883K(232960K)->304K(232960K) Eden: 116736K(116736K)->0K(116736K) From: 6147K(116224K)->304K(116224K)
[21.621s][info][gc,heap        ] GC(13) ParOldGen: 25733K(699392K)->31704K(699392K)
[21.621s][info][gc,metaspace   ] GC(13) Metaspace: 58996K(59840K)->58996K(59840K) NonClass: 51515K(51968K)->51515K(51968K) Class: 7480K(7872K)->7480K(7872K)
[21.621s][info][gc             ] GC(13) Pause Young (Allocation Failure) 145M->31M(910M) 2.303ms
[21.621s][info][gc,cpu         ] GC(13) User=0.00s Sys=0.00s Real=0.00s
[21.658s][info][gc,start       ] GC(14) Pause Young (Allocation Failure)
[21.658s][info][gc,heap        ] GC(14) PSYoungGen: 117040K(232960K)->320K(232960K) Eden: 116736K(116736K)->0K(116736K) From: 304K(116224K)->320K(116224K)
[21.658s][info][gc,heap        ] GC(14) ParOldGen: 31704K(699392K)->31720K(699392K)
[21.658s][info][gc,metaspace   ] GC(14) Metaspace: 58997K(59840K)->58997K(59840K) NonClass: 51516K(51968K)->51516K(51968K) Class: 7480K(7872K)->7480K(7872K)
[21.658s][info][gc             ] GC(14) Pause Young (Allocation Failure) 145M->31M(910M) 0.415ms
[21.658s][info][gc,cpu         ] GC(14) User=0.00s Sys=0.00s Real=0.00s
[21.694s][info][gc,start       ] GC(15) Pause Young (Allocation Failure)
[21.694s][info][gc,heap        ] GC(15) PSYoungGen: 117056K(232960K)->288K(232960K) Eden: 116736K(116736K)->0K(116736K) From: 320K(116224K)->288K(116224K)
[21.694s][info][gc,heap        ] GC(15) ParOldGen: 31720K(699392K)->31752K(699392K)
[21.694s][info][gc,metaspace   ] GC(15) Metaspace: 58997K(59840K)->58997K(59840K) NonClass: 51516K(51968K)->51516K(51968K) Class: 7480K(7872K)->7480K(7872K)
[21.694s][info][gc             ] GC(15) Pause Young (Allocation Failure) 145M->31M(910M) 0.442ms
[21.694s][info][gc,cpu         ] GC(15) User=0.00s Sys=0.00s Real=0.00s
[21.728s][info][gc,start       ] GC(16) Pause Young (Allocation Failure)
[21.728s][info][gc,heap        ] GC(16) PSYoungGen: 117024K(232960K)->384K(232960K) Eden: 116736K(116736K)->0K(116736K) From: 288K(116224K)->384K(116224K)
[21.728s][info][gc,heap        ] GC(16) ParOldGen: 31752K(699392K)->31752K(699392K)
[21.728s][info][gc,metaspace   ] GC(16) Metaspace: 58997K(59840K)->58997K(59840K) NonClass: 51516K(51968K)->51516K(51968K) Class: 7480K(7872K)->7480K(7872K)
[21.728s][info][gc             ] GC(16) Pause Young (Allocation Failure) 145M->31M(910M) 0.406ms
[21.728s][info][gc,cpu         ] GC(16) User=0.00s Sys=0.00s Real=0.00s
[21.761s][info][gc,start       ] GC(17) Pause Young (Allocation Failure)
[21.762s][info][gc,heap        ] GC(17) PSYoungGen: 117120K(232960K)->416K(232960K) Eden: 116736K(116736K)->0K(116736K) From: 384K(116224K)->416K(116224K)
[21.762s][info][gc,heap        ] GC(17) ParOldGen: 31752K(699392K)->31760K(699392K)
[21.762s][info][gc,metaspace   ] GC(17) Metaspace: 58997K(59840K)->58997K(59840K) NonClass: 51516K(51968K)->51516K(51968K) Class: 7480K(7872K)->7480K(7872K)
[21.762s][info][gc             ] GC(17) Pause Young (Allocation Failure) 145M->31M(910M) 0.513ms
[21.762s][info][gc,cpu         ] GC(17) User=0.00s Sys=0.00s Real=0.00s
[21.792s][info][gc,start       ] GC(18) Pause Young (Allocation Failure)
[21.792s][info][gc,heap        ] GC(18) PSYoungGen: 117152K(232960K)->352K(232960K) Eden: 116736K(116736K)->0K(116736K) From: 416K(116224K)->352K(116224K)
[21.792s][info][gc,heap        ] GC(18) ParOldGen: 31760K(699392K)->31800K(699392K)
[21.792s][info][gc,metaspace   ] GC(18) Metaspace: 58997K(59840K)->58997K(59840K) NonClass: 51516K(51968K)->51516K(51968K) Class: 7480K(7872K)->7480K(7872K)
[21.793s][info][gc             ] GC(18) Pause Young (Allocation Failure) 145M->31M(910M) 0.501ms
[21.793s][info][gc,cpu         ] GC(18) User=0.00s Sys=0.00s Real=0.00s
[21.826s][info][gc,start       ] GC(19) Pause Young (Allocation Failure)
[21.826s][info][gc,heap        ] GC(19) PSYoungGen: 117088K(232960K)->512K(232960K) Eden: 116736K(116736K)->0K(116736K) From: 352K(116224K)->512K(116224K)
[21.827s][info][gc,heap        ] GC(19) ParOldGen: 31800K(699392K)->31808K(699392K)
[21.827s][info][gc,metaspace   ] GC(19) Metaspace: 58997K(59840K)->58997K(59840K) NonClass: 51516K(51968K)->51516K(51968K) Class: 7480K(7872K)->7480K(7872K)
[21.827s][info][gc             ] GC(19) Pause Young (Allocation Failure) 145M->31M(910M) 0.423ms
[21.827s][info][gc,cpu         ] GC(19) User=0.00s Sys=0.00s Real=0.00s
[21.860s][info][gc,start       ] GC(20) Pause Young (Allocation Failure)
[21.860s][info][gc,heap        ] GC(20) PSYoungGen: 117248K(232960K)->384K(232960K) Eden: 116736K(116736K)->0K(116736K) From: 512K(116224K)->384K(116224K)
[21.860s][info][gc,heap        ] GC(20) ParOldGen: 31808K(699392K)->31816K(699392K)
[21.860s][info][gc,metaspace   ] GC(20) Metaspace: 58997K(59840K)->58997K(59840K) NonClass: 51516K(51968K)->51516K(51968K) Class: 7480K(7872K)->7480K(7872K)
[21.861s][info][gc             ] GC(20) Pause Young (Allocation Failure) 145M->31M(910M) 0.528ms
[21.861s][info][gc,cpu         ] GC(20) User=0.00s Sys=0.00s Real=0.00s
[21.898s][info][gc,start       ] GC(21) Pause Young (Allocation Failure)
[21.899s][info][gc,heap        ] GC(21) PSYoungGen: 117120K(232960K)->576K(232960K) Eden: 116736K(116736K)->0K(116736K) From: 384K(116224K)->576K(116224K)
[21.899s][info][gc,heap        ] GC(21) ParOldGen: 31816K(699392K)->31816K(699392K)
[21.899s][info][gc,metaspace   ] GC(21) Metaspace: 59071K(59904K)->59071K(59904K) NonClass: 51582K(52032K)->51582K(52032K) Class: 7488K(7872K)->7488K(7872K)
[21.899s][info][gc             ] GC(21) Pause Young (Allocation Failure) 145M->31M(910M) 0.905ms
[21.899s][info][gc,cpu         ] GC(21) User=0.00s Sys=0.00s Real=0.00s
[21.946s][info][gc,start       ] GC(22) Pause Young (Allocation Failure)
[21.947s][info][gc,heap        ] GC(22) PSYoungGen: 117312K(232960K)->672K(232960K) Eden: 116736K(116736K)->0K(116736K) From: 576K(116224K)->672K(116224K)
[21.947s][info][gc,heap        ] GC(22) ParOldGen: 31816K(699392K)->31936K(699392K)
[21.947s][info][gc,metaspace   ] GC(22) Metaspace: 59132K(59968K)->59132K(59968K) NonClass: 51630K(52096K)->51630K(52096K) Class: 7502K(7872K)->7502K(7872K)
[21.947s][info][gc             ] GC(22) Pause Young (Allocation Failure) 145M->31M(910M) 0.558ms
[21.947s][info][gc,cpu         ] GC(22) User=0.00s Sys=0.00s Real=0.00s
[21.992s][info][gc,start       ] GC(23) Pause Young (Allocation Failure)
[21.993s][info][gc,heap        ] GC(23) PSYoungGen: 117408K(232960K)->640K(232960K) Eden: 116736K(116736K)->0K(116736K) From: 672K(116224K)->640K(116224K)
[21.993s][info][gc,heap        ] GC(23) ParOldGen: 31936K(699392K)->32088K(699392K)
[21.993s][info][gc,metaspace   ] GC(23) Metaspace: 59371K(60224K)->59371K(60224K) NonClass: 51812K(52288K)->51812K(52288K) Class: 7558K(7936K)->7558K(7936K)
[21.993s][info][gc             ] GC(23) Pause Young (Allocation Failure) 145M->31M(910M) 0.876ms
[21.993s][info][gc,cpu         ] GC(23) User=0.00s Sys=0.00s Real=0.00s
[22.036s][info][gc,start       ] GC(24) Pause Young (Allocation Failure)
[22.037s][info][gc,heap        ] GC(24) PSYoungGen: 117376K(232960K)->688K(232960K) Eden: 116736K(116736K)->0K(116736K) From: 640K(116224K)->688K(116224K)
[22.037s][info][gc,heap        ] GC(24) ParOldGen: 32088K(699392K)->32264K(699392K)
[22.037s][info][gc,metaspace   ] GC(24) Metaspace: 59553K(60480K)->59553K(60480K) NonClass: 51960K(52480K)->51960K(52480K) Class: 7592K(8000K)->7592K(8000K)
[22.037s][info][gc             ] GC(24) Pause Young (Allocation Failure) 145M->32M(910M) 0.620ms
[22.037s][info][gc,cpu         ] GC(24) User=0.00s Sys=0.00s Real=0.00s
[22.082s][info][gc,start       ] GC(25) Pause Young (Allocation Failure)
[22.082s][info][gc,heap        ] GC(25) PSYoungGen: 117424K(232960K)->288K(232960K) Eden: 116736K(116736K)->0K(116736K) From: 688K(116224K)->288K(116224K)
[22.082s][info][gc,heap        ] GC(25) ParOldGen: 32264K(699392K)->32448K(699392K)
[22.083s][info][gc,metaspace   ] GC(25) Metaspace: 59553K(60480K)->59553K(60480K) NonClass: 51961K(52480K)->51961K(52480K) Class: 7592K(8000K)->7592K(8000K)
[22.083s][info][gc             ] GC(25) Pause Young (Allocation Failure) 146M->31M(910M) 0.649ms
[22.083s][info][gc,cpu         ] GC(25) User=0.00s Sys=0.00s Real=0.00s
[22.127s][info][gc,start       ] GC(26) Pause Young (Allocation Failure)
[22.128s][info][gc,heap        ] GC(26) PSYoungGen: 117024K(232960K)->288K(232960K) Eden: 116736K(116736K)->0K(116736K) From: 288K(116224K)->288K(116224K)
[22.128s][info][gc,heap        ] GC(26) ParOldGen: 32448K(699392K)->32496K(699392K)
[22.128s][info][gc,metaspace   ] GC(26) Metaspace: 59553K(60480K)->59553K(60480K) NonClass: 51961K(52480K)->51961K(52480K) Class: 7592K(8000K)->7592K(8000K)
[22.128s][info][gc             ] GC(26) Pause Young (Allocation Failure) 145M->32M(910M) 0.480ms
[22.128s][info][gc,cpu         ] GC(26) User=0.00s Sys=0.00s Real=0.00s
[22.173s][info][gc,start       ] GC(27) Pause Young (Allocation Failure)
[22.173s][info][gc,heap        ] GC(27) PSYoungGen: 117024K(232960K)->288K(232960K) Eden: 116736K(116736K)->0K(116736K) From: 288K(116224K)->288K(116224K)
[22.173s][info][gc,heap        ] GC(27) ParOldGen: 32496K(699392K)->32496K(699392K)
[22.173s][info][gc,metaspace   ] GC(27) Metaspace: 59553K(60480K)->59553K(60480K) NonClass: 51961K(52480K)->51961K(52480K) Class: 7592K(8000K)->7592K(8000K)
[22.173s][info][gc             ] GC(27) Pause Young (Allocation Failure) 146M->32M(910M) 0.443ms
[22.173s][info][gc,cpu         ] GC(27) User=0.00s Sys=0.00s Real=0.00s
[22.217s][info][gc,start       ] GC(28) Pause Young (Allocation Failure)
[22.218s][info][gc,heap        ] GC(28) PSYoungGen: 117024K(232960K)->224K(232960K) Eden: 116736K(116736K)->0K(116736K) From: 288K(116224K)->224K(116224K)
[22.218s][info][gc,heap        ] GC(28) ParOldGen: 32496K(699392K)->32504K(699392K)
[22.218s][info][gc,metaspace   ] GC(28) Metaspace: 59554K(60480K)->59554K(60480K) NonClass: 51961K(52480K)->51961K(52480K) Class: 7592K(8000K)->7592K(8000K)
[22.218s][info][gc             ] GC(28) Pause Young (Allocation Failure) 146M->31M(910M) 0.491ms
[22.218s][info][gc,cpu         ] GC(28) User=0.00s Sys=0.00s Real=0.00s
[22.262s][info][gc,start       ] GC(29) Pause Young (Allocation Failure)
[22.263s][info][gc,heap        ] GC(29) PSYoungGen: 116960K(232960K)->304K(117248K) Eden: 116736K(116736K)->0K(116736K) From: 224K(116224K)->304K(512K)
[22.263s][info][gc,heap        ] GC(29) ParOldGen: 32504K(699392K)->32504K(699392K)
[22.263s][info][gc,metaspace   ] GC(29) Metaspace: 59554K(60480K)->59554K(60480K) NonClass: 51961K(52480K)->51961K(52480K) Class: 7592K(8000K)->7592K(8000K)
[22.263s][info][gc             ] GC(29) Pause Young (Allocation Failure) 145M->32M(797M) 0.568ms
[22.263s][info][gc,cpu         ] GC(29) User=0.33s Sys=0.00s Real=0.01s
[22.307s][info][gc,start       ] GC(30) Pause Young (Allocation Failure)
[22.308s][info][gc,heap        ] GC(30) PSYoungGen: 117040K(117248K)->320K(221184K) Eden: 116736K(116736K)->0K(118784K) From: 304K(512K)->320K(102400K)
[22.308s][info][gc,heap        ] GC(30) ParOldGen: 32504K(699392K)->32504K(699392K)
[22.308s][info][gc,metaspace   ] GC(30) Metaspace: 59555K(60480K)->59555K(60480K) NonClass: 51962K(52480K)->51962K(52480K) Class: 7592K(8000K)->7592K(8000K)
[22.308s][info][gc             ] GC(30) Pause Young (Allocation Failure) 146M->32M(899M) 1.610ms
[22.308s][info][gc,cpu         ] GC(30) User=0.00s Sys=0.00s Real=0.00s
[22.355s][info][gc,start       ] GC(31) Pause Young (Allocation Failure)
[22.357s][info][gc,heap        ] GC(31) PSYoungGen: 119104K(221184K)->320K(119296K) Eden: 118784K(118784K)->0K(118784K) From: 320K(102400K)->320K(512K)
[22.357s][info][gc,heap        ] GC(31) ParOldGen: 32504K(699392K)->32504K(699392K)
[22.357s][info][gc,metaspace   ] GC(31) Metaspace: 59555K(60480K)->59555K(60480K) NonClass: 51962K(52480K)->51962K(52480K) Class: 7592K(8000K)->7592K(8000K)
[22.357s][info][gc             ] GC(31) Pause Young (Allocation Failure) 148M->32M(799M) 2.187ms
[22.357s][info][gc,cpu         ] GC(31) User=0.00s Sys=0.02s Real=0.02s
[22.401s][info][gc,start       ] GC(32) Pause Young (Allocation Failure)
[22.403s][info][gc,heap        ] GC(32) PSYoungGen: 119104K(119296K)->384K(206336K) Eden: 118784K(118784K)->0K(120320K) From: 320K(512K)->384K(86016K)
[22.403s][info][gc,heap        ] GC(32) ParOldGen: 32504K(699392K)->32504K(699392K)
[22.403s][info][gc,metaspace   ] GC(32) Metaspace: 59555K(60480K)->59555K(60480K) NonClass: 51963K(52480K)->51963K(52480K) Class: 7592K(8000K)->7592K(8000K)
[22.403s][info][gc             ] GC(32) Pause Young (Allocation Failure) 148M->32M(884M) 1.847ms
[22.403s][info][gc,cpu         ] GC(32) User=0.00s Sys=0.00s Real=0.00s
[22.452s][info][gc,start       ] GC(33) Pause Young (Allocation Failure)
[22.455s][info][gc,heap        ] GC(33) PSYoungGen: 120704K(206336K)->288K(120832K) Eden: 120320K(120320K)->0K(120320K) From: 384K(86016K)->288K(512K)
[22.455s][info][gc,heap        ] GC(33) ParOldGen: 32504K(699392K)->32504K(699392K)
[22.455s][info][gc,metaspace   ] GC(33) Metaspace: 59555K(60480K)->59555K(60480K) NonClass: 51963K(52480K)->51963K(52480K) Class: 7592K(8000K)->7592K(8000K)
[22.455s][info][gc             ] GC(33) Pause Young (Allocation Failure) 149M->32M(801M) 3.249ms
[22.455s][info][gc,cpu         ] GC(33) User=0.00s Sys=0.00s Real=0.00s
[22.502s][info][gc,start       ] GC(34) Pause Young (Allocation Failure)
[22.504s][info][gc,heap        ] GC(34) PSYoungGen: 120608K(120832K)->224K(196096K) Eden: 120320K(120320K)->0K(121856K) From: 288K(512K)->224K(74240K)
[22.504s][info][gc,heap        ] GC(34) ParOldGen: 32504K(699392K)->32504K(699392K)
[22.504s][info][gc,metaspace   ] GC(34) Metaspace: 59555K(60480K)->59555K(60480K) NonClass: 51963K(52480K)->51963K(52480K) Class: 7592K(8000K)->7592K(8000K)
[22.504s][info][gc             ] GC(34) Pause Young (Allocation Failure) 149M->31M(874M) 1.618ms
[22.504s][info][gc,cpu         ] GC(34) User=0.00s Sys=0.00s Real=0.00s
[22.551s][info][gc,start       ] GC(35) Pause Young (Allocation Failure)
[22.552s][info][gc,heap        ] GC(35) PSYoungGen: 122080K(196096K)->416K(122368K) Eden: 121856K(121856K)->0K(121856K) From: 224K(74240K)->416K(512K)
[22.552s][info][gc,heap        ] GC(35) ParOldGen: 32504K(699392K)->32504K(699392K)
[22.552s][info][gc,metaspace   ] GC(35) Metaspace: 59555K(60480K)->59555K(60480K) NonClass: 51963K(52480K)->51963K(52480K) Class: 7592K(8000K)->7592K(8000K)
[22.552s][info][gc             ] GC(35) Pause Young (Allocation Failure) 150M->32M(802M) 1.293ms
[22.552s][info][gc,cpu         ] GC(35) User=0.00s Sys=0.00s Real=0.00s
[22.597s][info][gc,start       ] GC(36) Pause Young (Allocation Failure)
[22.601s][info][gc,heap        ] GC(36) PSYoungGen: 122272K(122368K)->384K(186368K) Eden: 121856K(121856K)->0K(123392K) From: 416K(512K)->384K(62976K)
[22.601s][info][gc,heap        ] GC(36) ParOldGen: 32504K(699392K)->32504K(699392K)
[22.601s][info][gc,metaspace   ] GC(36) Metaspace: 59555K(60480K)->59555K(60480K) NonClass: 51963K(52480K)->51963K(52480K) Class: 7592K(8000K)->7592K(8000K)
[22.601s][info][gc             ] GC(36) Pause Young (Allocation Failure) 151M->32M(865M) 3.842ms
[22.601s][info][gc,cpu         ] GC(36) User=0.00s Sys=0.00s Real=0.00s
[22.645s][info][gc,start       ] GC(37) Pause Young (Allocation Failure)
[22.650s][info][gc,heap        ] GC(37) PSYoungGen: 123776K(186368K)->384K(123904K) Eden: 123392K(123392K)->0K(123392K) From: 384K(62976K)->384K(512K)
[22.651s][info][gc,heap        ] GC(37) ParOldGen: 32504K(699392K)->32504K(699392K)
[22.651s][info][gc,metaspace   ] GC(37) Metaspace: 59555K(60480K)->59555K(60480K) NonClass: 51963K(52480K)->51963K(52480K) Class: 7592K(8000K)->7592K(8000K)
[22.651s][info][gc             ] GC(37) Pause Young (Allocation Failure) 152M->32M(804M) 5.166ms
[22.651s][info][gc,cpu         ] GC(37) User=0.00s Sys=0.00s Real=0.00s
[22.696s][info][gc,start       ] GC(38) Pause Young (Allocation Failure)
[22.698s][info][gc,heap        ] GC(38) PSYoungGen: 123776K(123904K)->384K(179200K) Eden: 123392K(123392K)->0K(124928K) From: 384K(512K)->384K(54272K)
[22.698s][info][gc,heap        ] GC(38) ParOldGen: 32504K(699392K)->32504K(699392K)
[22.698s][info][gc,metaspace   ] GC(38) Metaspace: 59555K(60480K)->59555K(60480K) NonClass: 51963K(52480K)->51963K(52480K) Class: 7592K(8000K)->7592K(8000K)
[22.698s][info][gc             ] GC(38) Pause Young (Allocation Failure) 152M->32M(858M) 2.461ms
[22.698s][info][gc,cpu         ] GC(38) User=0.00s Sys=0.00s Real=0.00s
[22.748s][info][gc,start       ] GC(39) Pause Young (Allocation Failure)
[22.751s][info][gc,heap        ] GC(39) PSYoungGen: 125312K(179200K)->256K(125440K) Eden: 124928K(124928K)->0K(124928K) From: 384K(54272K)->256K(512K)
[22.751s][info][gc,heap        ] GC(39) ParOldGen: 32504K(699392K)->32504K(699392K)
[22.751s][info][gc,metaspace   ] GC(39) Metaspace: 59555K(60480K)->59555K(60480K) NonClass: 51963K(52480K)->51963K(52480K) Class: 7592K(8000K)->7592K(8000K)
[22.751s][info][gc             ] GC(39) Pause Young (Allocation Failure) 154M->31M(805M) 2.367ms
[22.751s][info][gc,cpu         ] GC(39) User=0.00s Sys=0.00s Real=0.00s
[22.798s][info][gc,start       ] GC(40) Pause Young (Allocation Failure)
[22.803s][info][gc,heap        ] GC(40) PSYoungGen: 125184K(125440K)->352K(172544K) Eden: 124928K(124928K)->0K(126464K) From: 256K(512K)->352K(46080K)
[22.803s][info][gc,heap        ] GC(40) ParOldGen: 32504K(699392K)->32504K(699392K)
[22.803s][info][gc,metaspace   ] GC(40) Metaspace: 59555K(60480K)->59555K(60480K) NonClass: 51963K(52480K)->51963K(52480K) Class: 7592K(8000K)->7592K(8000K)
[22.803s][info][gc             ] GC(40) Pause Young (Allocation Failure) 153M->32M(851M) 5.365ms
[22.803s][info][gc,cpu         ] GC(40) User=0.00s Sys=0.02s Real=0.02s
[22.849s][info][gc,start       ] GC(41) Pause Young (Allocation Failure)
[22.851s][info][gc,heap        ] GC(41) PSYoungGen: 126816K(172544K)->448K(126976K) Eden: 126464K(126464K)->0K(126464K) From: 352K(46080K)->448K(512K)
[22.851s][info][gc,heap        ] GC(41) ParOldGen: 32504K(699392K)->32504K(699392K)
[22.851s][info][gc,metaspace   ] GC(41) Metaspace: 59555K(60480K)->59555K(60480K) NonClass: 51963K(52480K)->51963K(52480K) Class: 7592K(8000K)->7592K(8000K)
[22.851s][info][gc             ] GC(41) Pause Young (Allocation Failure) 155M->32M(807M) 1.732ms
[22.851s][info][gc,cpu         ] GC(41) User=0.00s Sys=0.00s Real=0.00s
[22.905s][info][gc,start       ] GC(42) Pause Young (Allocation Failure)
[22.908s][info][gc,heap        ] GC(42) PSYoungGen: 126912K(126976K)->368K(166400K) Eden: 126464K(126464K)->0K(127488K) From: 448K(512K)->368K(38912K)
[22.908s][info][gc,heap        ] GC(42) ParOldGen: 32504K(699392K)->32504K(699392K)
[22.908s][info][gc,metaspace   ] GC(42) Metaspace: 59555K(60480K)->59555K(60480K) NonClass: 51963K(52480K)->51963K(52480K) Class: 7592K(8000K)->7592K(8000K)
[22.908s][info][gc             ] GC(42) Pause Young (Allocation Failure) 155M->32M(845M) 2.126ms
[22.908s][info][gc,cpu         ] GC(42) User=0.00s Sys=0.00s Real=0.00s
[22.973s][info][gc,start       ] GC(43) Pause Young (Allocation Failure)
[22.975s][info][gc,heap        ] GC(43) PSYoungGen: 127856K(166400K)->544K(128512K) Eden: 127488K(127488K)->0K(127488K) From: 368K(38912K)->544K(1024K)
[22.975s][info][gc,heap        ] GC(43) ParOldGen: 32504K(699392K)->32504K(699392K)
[22.975s][info][gc,metaspace   ] GC(43) Metaspace: 59555K(60480K)->59555K(60480K) NonClass: 51963K(52480K)->51963K(52480K) Class: 7592K(8000K)->7592K(8000K)
[22.975s][info][gc             ] GC(43) Pause Young (Allocation Failure) 156M->32M(808M) 1.920ms
[22.975s][info][gc,cpu         ] GC(43) User=0.00s Sys=0.00s Real=0.00s
[23.023s][info][gc,start       ] GC(44) Pause Young (Allocation Failure)
[23.133s][info][gc,heap        ] GC(44) PSYoungGen: 128032K(128512K)->544K(161792K) Eden: 127488K(127488K)->0K(128512K) From: 544K(1024K)->544K(33280K)
[23.133s][info][gc,heap        ] GC(44) ParOldGen: 32504K(699392K)->32504K(699392K)
[23.133s][info][gc,metaspace   ] GC(44) Metaspace: 59555K(60480K)->59555K(60480K) NonClass: 51963K(52480K)->51963K(52480K) Class: 7592K(8000K)->7592K(8000K)
[23.133s][info][gc             ] GC(44) Pause Young (Allocation Failure) 156M->32M(841M) 109.743ms
[23.133s][info][gc,cpu         ] GC(44) User=0.00s Sys=0.02s Real=0.11s
[23.192s][info][gc,start       ] GC(45) Pause Young (Allocation Failure)
[23.196s][info][gc,heap        ] GC(45) PSYoungGen: 129056K(161792K)->512K(129024K) Eden: 128512K(128512K)->0K(128512K) From: 544K(33280K)->512K(512K)
[23.196s][info][gc,heap        ] GC(45) ParOldGen: 32504K(699392K)->32504K(699392K)
[23.196s][info][gc,metaspace   ] GC(45) Metaspace: 59555K(60480K)->59555K(60480K) NonClass: 51963K(52480K)->51963K(52480K) Class: 7592K(8000K)->7592K(8000K)
[23.196s][info][gc             ] GC(45) Pause Young (Allocation Failure) 157M->32M(809M) 4.053ms
[23.196s][info][gc,cpu         ] GC(45) User=0.00s Sys=0.00s Real=0.00s
[23.327s][info][gc,start       ] GC(46) Pause Young (Allocation Failure)
[23.330s][info][gc,heap        ] GC(46) PSYoungGen: 129024K(129024K)->544K(157696K) Eden: 128512K(128512K)->0K(129536K) From: 512K(512K)->544K(28160K)
[23.330s][info][gc,heap        ] GC(46) ParOldGen: 32504K(699392K)->32504K(699392K)
[23.330s][info][gc,metaspace   ] GC(46) Metaspace: 59555K(60480K)->59555K(60480K) NonClass: 51963K(52480K)->51963K(52480K) Class: 7592K(8000K)->7592K(8000K)
[23.330s][info][gc             ] GC(46) Pause Young (Allocation Failure) 157M->32M(837M) 2.741ms
[23.330s][info][gc,cpu         ] GC(46) User=0.00s Sys=0.00s Real=0.00s
[23.402s][info][gc,start       ] GC(47) Pause Young (Allocation Failure)
[23.405s][info][gc,heap        ] GC(47) PSYoungGen: 130080K(157696K)->512K(130048K) Eden: 129536K(129536K)->0K(129536K) From: 544K(28160K)->512K(512K)
[23.405s][info][gc,heap        ] GC(47) ParOldGen: 32504K(699392K)->32504K(699392K)
[23.405s][info][gc,metaspace   ] GC(47) Metaspace: 59556K(60480K)->59556K(60480K) NonClass: 51963K(52480K)->51963K(52480K) Class: 7592K(8000K)->7592K(8000K)
[23.405s][info][gc             ] GC(47) Pause Young (Allocation Failure) 158M->32M(810M) 3.445ms
[23.405s][info][gc,cpu         ] GC(47) User=0.27s Sys=0.02s Real=0.02s
[23.599s][info][gc,start       ] GC(48) Pause Young (Allocation Failure)
[23.600s][info][gc,heap        ] GC(48) PSYoungGen: 130048K(130048K)->608K(154624K) Eden: 129536K(129536K)->0K(130560K) From: 512K(512K)->608K(24064K)
[23.600s][info][gc,heap        ] GC(48) ParOldGen: 32504K(699392K)->32504K(699392K)
[23.600s][info][gc,metaspace   ] GC(48) Metaspace: 59567K(60480K)->59567K(60480K) NonClass: 51975K(52480K)->51975K(52480K) Class: 7592K(8000K)->7592K(8000K)
[23.600s][info][gc             ] GC(48) Pause Young (Allocation Failure) 158M->32M(834M) 1.391ms
[23.600s][info][gc,cpu         ] GC(48) User=0.00s Sys=0.00s Real=0.00s
[24.074s][info][gc,start       ] GC(49) Pause Young (Allocation Failure)
[24.077s][info][gc,heap        ] GC(49) PSYoungGen: 131168K(154624K)->2411K(133120K) Eden: 130560K(130560K)->0K(130560K) From: 608K(24064K)->2411K(2560K)
[24.077s][info][gc,heap        ] GC(49) ParOldGen: 32504K(699392K)->32512K(699392K)
[24.077s][info][gc,metaspace   ] GC(49) Metaspace: 61208K(62208K)->61208K(62208K) NonClass: 53320K(53888K)->53320K(53888K) Class: 7888K(8320K)->7888K(8320K)
[24.077s][info][gc             ] GC(49) Pause Young (Allocation Failure) 159M->34M(813M) 2.585ms
[24.077s][info][gc,cpu         ] GC(49) User=0.00s Sys=0.00s Real=0.00s
[24.226s][info][gc,start       ] GC(50) Pause Young (Allocation Failure)
[24.232s][info][gc,heap        ] GC(50) PSYoungGen: 132971K(133120K)->18049K(151040K) Eden: 130560K(130560K)->0K(127488K) From: 2411K(2560K)->18049K(23552K)
[24.232s][info][gc,heap        ] GC(50) ParOldGen: 32512K(699392K)->32528K(699392K)
[24.232s][info][gc,metaspace   ] GC(50) Metaspace: 61224K(62208K)->61224K(62208K) NonClass: 53336K(53888K)->53336K(53888K) Class: 7888K(8320K)->7888K(8320K)
[24.232s][info][gc             ] GC(50) Pause Young (Allocation Failure) 161M->49M(830M) 6.422ms
[24.232s][info][gc,cpu         ] GC(50) User=0.00s Sys=0.00s Real=0.00s
[24.457s][info][gc,start       ] GC(51) Pause Young (Allocation Failure)
[24.513s][info][gc,heap        ] GC(51) PSYoungGen: 145537K(151040K)->27646K(155136K) Eden: 127488K(127488K)->0K(127488K) From: 18049K(23552K)->27646K(27648K)
[24.513s][info][gc,heap        ] GC(51) ParOldGen: 32528K(699392K)->47768K(699392K)
[24.513s][info][gc,metaspace   ] GC(51) Metaspace: 61307K(62336K)->61307K(62336K) NonClass: 53411K(54016K)->53411K(54016K) Class: 7896K(8320K)->7896K(8320K)
[24.513s][info][gc             ] GC(51) Pause Young (Allocation Failure) 173M->73M(834M) 55.785ms
[24.513s][info][gc,cpu         ] GC(51) User=0.30s Sys=0.00s Real=0.05s
[24.617s][info][gc,start       ] GC(52) Pause Young (Allocation Failure)
[24.647s][info][gc,heap        ] GC(52) PSYoungGen: 155134K(155136K)->39422K(154624K) Eden: 127488K(127488K)->0K(115200K) From: 27646K(27648K)->39422K(39424K)
[24.647s][info][gc,heap        ] GC(52) ParOldGen: 47768K(699392K)->66896K(699392K)
[24.647s][info][gc,metaspace   ] GC(52) Metaspace: 61308K(62336K)->61308K(62336K) NonClass: 53412K(54016K)->53412K(54016K) Class: 7896K(8320K)->7896K(8320K)
[24.647s][info][gc             ] GC(52) Pause Young (Allocation Failure) 198M->103M(834M) 29.712ms
[24.647s][info][gc,cpu         ] GC(52) User=0.22s Sys=0.19s Real=0.03s
[24.752s][info][gc,start       ] GC(53) Pause Young (Allocation Failure)
[24.773s][info][gc,heap        ] GC(53) PSYoungGen: 154622K(154624K)->55268K(170496K) Eden: 115200K(115200K)->0K(115200K) From: 39422K(39424K)->55268K(55296K)
[24.773s][info][gc,heap        ] GC(53) ParOldGen: 66896K(699392K)->68080K(699392K)
[24.773s][info][gc,metaspace   ] GC(53) Metaspace: 61310K(62336K)->61310K(62336K) NonClass: 53414K(54016K)->53414K(54016K) Class: 7896K(8320K)->7896K(8320K)
[24.773s][info][gc             ] GC(53) Pause Young (Allocation Failure) 216M->120M(849M) 20.767ms
[24.773s][info][gc,cpu         ] GC(53) User=0.31s Sys=0.00s Real=0.02s
[24.946s][info][gc,start       ] GC(54) Pause Young (Allocation Failure)
[24.972s][info][gc,heap        ] GC(54) PSYoungGen: 170468K(170496K)->67040K(174592K) Eden: 115200K(115200K)->0K(107520K) From: 55268K(55296K)->67040K(67072K)
[24.972s][info][gc,heap        ] GC(54) ParOldGen: 68080K(699392K)->74616K(699392K)
[24.972s][info][gc,metaspace   ] GC(54) Metaspace: 61453K(62464K)->61453K(62464K) NonClass: 53538K(54080K)->53538K(54080K) Class: 7914K(8384K)->7914K(8384K)
[24.972s][info][gc             ] GC(54) Pause Young (Allocation Failure) 232M->138M(853M) 26.863ms
[24.972s][info][gc,cpu         ] GC(54) User=0.38s Sys=0.25s Real=0.03s
[25.132s][info][gc,start       ] GC(55) Pause Young (Allocation Failure)
[25.156s][info][gc,heap        ] GC(55) PSYoungGen: 174560K(174592K)->82912K(190464K) Eden: 107520K(107520K)->0K(107520K) From: 67040K(67072K)->82912K(82944K)
[25.156s][info][gc,heap        ] GC(55) ParOldGen: 74616K(699392K)->77056K(699392K)
[25.156s][info][gc,metaspace   ] GC(55) Metaspace: 61471K(62528K)->61471K(62528K) NonClass: 53556K(54144K)->53556K(54144K) Class: 7914K(8384K)->7914K(8384K)
[25.156s][info][gc             ] GC(55) Pause Young (Allocation Failure) 243M->156M(869M) 23.944ms
[25.156s][info][gc,cpu         ] GC(55) User=0.31s Sys=0.00s Real=0.02s
[25.268s][info][gc,start       ] GC(56) Pause Young (Allocation Failure)
[25.296s][info][gc,heap        ] GC(56) PSYoungGen: 190432K(190464K)->98419K(200192K) Eden: 107520K(107520K)->0K(99840K) From: 82912K(82944K)->98419K(100352K)
[25.296s][info][gc,heap        ] GC(56) ParOldGen: 77056K(699392K)->77096K(699392K)
[25.296s][info][gc,metaspace   ] GC(56) Metaspace: 61636K(62592K)->61636K(62592K) NonClass: 53687K(54208K)->53687K(54208K) Class: 7949K(8384K)->7949K(8384K)
[25.296s][info][gc             ] GC(56) Pause Young (Allocation Failure) 261M->171M(878M) 27.620ms
[25.296s][info][gc,cpu         ] GC(56) User=0.20s Sys=0.11s Real=0.02s
[25.391s][info][gc,start       ] GC(57) Pause Young (Allocation Failure)
[25.430s][info][gc,heap        ] GC(57) PSYoungGen: 198259K(200192K)->116204K(216064K) Eden: 99840K(99840K)->0K(99840K) From: 98419K(100352K)->116204K(116224K)
[25.430s][info][gc,heap        ] GC(57) ParOldGen: 77096K(699392K)->106896K(699392K)
[25.430s][info][gc,metaspace   ] GC(57) Metaspace: 61648K(62656K)->61648K(62656K) NonClass: 53699K(54272K)->53699K(54272K) Class: 7949K(8384K)->7949K(8384K)
[25.430s][info][gc             ] GC(57) Pause Young (Allocation Failure) 268M->217M(894M) 38.939ms
[25.430s][info][gc,cpu         ] GC(57) User=0.66s Sys=0.00s Real=0.03s
[25.553s][info][gc,start       ] GC(58) Pause Young (Allocation Failure)
[25.590s][info][gc,heap        ] GC(58) PSYoungGen: 216044K(216064K)->116194K(225792K) Eden: 99840K(99840K)->0K(109568K) From: 116204K(116224K)->116194K(116224K)
[25.590s][info][gc,heap        ] GC(58) ParOldGen: 106896K(699392K)->122654K(699392K)
[25.590s][info][gc,metaspace   ] GC(58) Metaspace: 61846K(62912K)->61846K(62912K) NonClass: 53876K(54464K)->53876K(54464K) Class: 7970K(8448K)->7970K(8448K)
[25.590s][info][gc             ] GC(58) Pause Young (Allocation Failure) 315M->233M(903M) 37.602ms
[25.590s][info][gc,cpu         ] GC(58) User=0.58s Sys=0.08s Real=0.03s
[25.669s][info][gc,start       ] GC(59) Pause Young (Allocation Failure)
[25.702s][info][gc,heap        ] GC(59) PSYoungGen: 225762K(225792K)->108066K(225792K) Eden: 109568K(109568K)->0K(109568K) From: 116194K(116224K)->108066K(116224K)
[25.702s][info][gc,heap        ] GC(59) ParOldGen: 122654K(699392K)->145102K(699392K)
[25.702s][info][gc,metaspace   ] GC(59) Metaspace: 61846K(62912K)->61846K(62912K) NonClass: 53876K(54464K)->53876K(54464K) Class: 7970K(8448K)->7970K(8448K)
[25.702s][info][gc             ] GC(59) Pause Young (Allocation Failure) 340M->247M(903M) 32.812ms
[25.702s][info][gc,cpu         ] GC(59) User=0.66s Sys=0.00s Real=0.03s
[25.760s][info][gc,start       ] GC(60) Pause Young (Allocation Failure)
[25.796s][info][gc,heap        ] GC(60) PSYoungGen: 217634K(225792K)->92770K(232960K) Eden: 109568K(109568K)->0K(116736K) From: 108066K(116224K)->92770K(116224K)
[25.796s][info][gc,heap        ] GC(60) ParOldGen: 145102K(699392K)->174622K(699392K)
[25.796s][info][gc,metaspace   ] GC(60) Metaspace: 61872K(62976K)->61872K(62976K) NonClass: 53899K(54528K)->53899K(54528K) Class: 7973K(8448K)->7973K(8448K)
[25.796s][info][gc             ] GC(60) Pause Young (Allocation Failure) 354M->261M(910M) 35.749ms
[25.796s][info][gc,cpu         ] GC(60) User=0.67s Sys=0.00s Real=0.03s
[25.865s][info][gc,start       ] GC(61) Pause Young (Allocation Failure)
[25.894s][info][gc,heap        ] GC(61) PSYoungGen: 209506K(232960K)->84064K(232960K) Eden: 116736K(116736K)->0K(116736K) From: 92770K(116224K)->84064K(116224K)
[25.894s][info][gc,heap        ] GC(61) ParOldGen: 174622K(699392K)->191648K(699392K)
[25.894s][info][gc,metaspace   ] GC(61) Metaspace: 61890K(62976K)->61890K(62976K) NonClass: 53914K(54528K)->53914K(54528K) Class: 7975K(8448K)->7975K(8448K)
[25.894s][info][gc             ] GC(61) Pause Young (Allocation Failure) 375M->269M(910M) 29.374ms
[25.894s][info][gc,cpu         ] GC(61) User=0.69s Sys=0.00s Real=0.03s
[25.968s][info][gc,start       ] GC(62) Pause Young (Allocation Failure)
[26.007s][info][gc,heap        ] GC(62) PSYoungGen: 199413K(232960K)->51168K(232960K) Eden: 115349K(116736K)->0K(116736K) From: 84064K(116224K)->51168K(116224K)
[26.007s][info][gc,heap        ] GC(62) ParOldGen: 191648K(699392K)->237704K(699392K)
[26.007s][info][gc,metaspace   ] GC(62) Metaspace: 61896K(62976K)->61896K(62976K) NonClass: 53920K(54528K)->53920K(54528K) Class: 7975K(8448K)->7975K(8448K)
[26.008s][info][gc             ] GC(62) Pause Young (Allocation Failure) 381M->282M(910M) 39.829ms
[26.008s][info][gc,cpu         ] GC(62) User=0.72s Sys=0.00s Real=0.03s
[26.081s][info][gc,start       ] GC(63) Pause Young (Allocation Failure)
[26.114s][info][gc,heap        ] GC(63) PSYoungGen: 167904K(232960K)->42656K(232960K) Eden: 116736K(116736K)->0K(116736K) From: 51168K(116224K)->42656K(116224K)
[26.114s][info][gc,heap        ] GC(63) ParOldGen: 237704K(699392K)->256888K(699392K)
[26.114s][info][gc,metaspace   ] GC(63) Metaspace: 61937K(63040K)->61937K(63040K) NonClass: 53960K(54592K)->53960K(54592K) Class: 7977K(8448K)->7977K(8448K)
[26.114s][info][gc             ] GC(63) Pause Young (Allocation Failure) 396M->292M(910M) 32.893ms
[26.114s][info][gc,cpu         ] GC(63) User=0.66s Sys=0.00s Real=0.03s
[26.178s][info][gc,start       ] GC(64) Pause Young (Allocation Failure)
[26.214s][info][gc,heap        ] GC(64) PSYoungGen: 159392K(232960K)->21376K(232960K) Eden: 116736K(116736K)->0K(116736K) From: 42656K(116224K)->21376K(116224K)
[26.214s][info][gc,heap        ] GC(64) ParOldGen: 256888K(699392K)->280616K(699392K)
[26.214s][info][gc,metaspace   ] GC(64) Metaspace: 61938K(63040K)->61938K(63040K) NonClass: 53960K(54592K)->53960K(54592K) Class: 7977K(8448K)->7977K(8448K)
[26.214s][info][gc             ] GC(64) Pause Young (Allocation Failure) 406M->294M(910M) 36.000ms
[26.214s][info][gc,cpu         ] GC(64) User=0.72s Sys=0.00s Real=0.05s
[26.280s][info][gc,start       ] GC(65) Pause Young (Allocation Failure)
[26.341s][info][gc,heap        ] GC(65) PSYoungGen: 138112K(232960K)->9344K(232960K) Eden: 116736K(116736K)->0K(116736K) From: 21376K(116224K)->9344K(116224K)
[26.341s][info][gc,heap        ] GC(65) ParOldGen: 280616K(699392K)->299208K(699392K)
[26.341s][info][gc,metaspace   ] GC(65) Metaspace: 61938K(63040K)->61938K(63040K) NonClass: 53960K(54592K)->53960K(54592K) Class: 7977K(8448K)->7977K(8448K)
[26.341s][info][gc             ] GC(65) Pause Young (Allocation Failure) 408M->301M(910M) 60.992ms
[26.341s][info][gc,cpu         ] GC(65) User=1.31s Sys=0.00s Real=0.05s
[26.411s][info][gc,start       ] GC(66) Pause Young (Allocation Failure)
[26.461s][info][gc,heap        ] GC(66) PSYoungGen: 126080K(232960K)->8832K(232960K) Eden: 116736K(116736K)->0K(116736K) From: 9344K(116224K)->8832K(116224K)
[26.461s][info][gc,heap        ] GC(66) ParOldGen: 299208K(699392K)->306464K(699392K)
[26.461s][info][gc,metaspace   ] GC(66) Metaspace: 61938K(63040K)->61938K(63040K) NonClass: 53961K(54592K)->53961K(54592K) Class: 7977K(8448K)->7977K(8448K)
[26.461s][info][gc             ] GC(66) Pause Young (Allocation Failure) 415M->307M(910M) 50.377ms
[26.461s][info][gc,cpu         ] GC(66) User=0.98s Sys=0.00s Real=0.05s
[26.542s][info][gc,start       ] GC(67) Pause Young (Allocation Failure)
[26.589s][info][gc,heap        ] GC(67) PSYoungGen: 125568K(232960K)->8224K(232960K) Eden: 116736K(116736K)->0K(116736K) From: 8832K(116224K)->8224K(116224K)
[26.589s][info][gc,heap        ] GC(67) ParOldGen: 306464K(699392K)->313384K(699392K)
[26.589s][info][gc,metaspace   ] GC(67) Metaspace: 61939K(63040K)->61939K(63040K) NonClass: 53962K(54592K)->53962K(54592K) Class: 7977K(8448K)->7977K(8448K)
[26.589s][info][gc             ] GC(67) Pause Young (Allocation Failure) 421M->314M(910M) 47.018ms
[26.589s][info][gc,cpu         ] GC(67) User=0.98s Sys=0.00s Real=0.05s
[26.745s][info][gc,start       ] GC(68) Pause Young (Allocation Failure)
[26.795s][info][gc,heap        ] GC(68) PSYoungGen: 124960K(232960K)->8064K(232960K) Eden: 116736K(116736K)->0K(116736K) From: 8224K(116224K)->8064K(116224K)
[26.795s][info][gc,heap        ] GC(68) ParOldGen: 313384K(699392K)->319704K(699392K)
[26.795s][info][gc,metaspace   ] GC(68) Metaspace: 62055K(63104K)->62055K(63104K) NonClass: 54067K(54656K)->54067K(54656K) Class: 7987K(8448K)->7987K(8448K)
[26.795s][info][gc             ] GC(68) Pause Young (Allocation Failure) 428M->320M(910M) 49.771ms
[26.795s][info][gc,cpu         ] GC(68) User=1.05s Sys=0.00s Real=0.05s
[26.939s][info][gc,start       ] GC(69) Pause Young (Allocation Failure)
[26.967s][info][gc,heap        ] GC(69) PSYoungGen: 124800K(232960K)->9888K(232960K) Eden: 116736K(116736K)->0K(116736K) From: 8064K(116224K)->9888K(116224K)
[26.967s][info][gc,heap        ] GC(69) ParOldGen: 319704K(699392K)->327040K(699392K)
[26.967s][info][gc,metaspace   ] GC(69) Metaspace: 62076K(63104K)->62076K(63104K) NonClass: 54088K(54656K)->54088K(54656K) Class: 7987K(8448K)->7987K(8448K)
[26.967s][info][gc             ] GC(69) Pause Young (Allocation Failure) 434M->329M(910M) 28.014ms
[26.967s][info][gc,cpu         ] GC(69) User=0.66s Sys=0.00s Real=0.03s
[27.094s][info][gc,start       ] GC(70) Pause Young (Allocation Failure)
[27.134s][info][gc,heap        ] GC(70) PSYoungGen: 126624K(232960K)->8256K(232960K) Eden: 116736K(116736K)->0K(116736K) From: 9888K(116224K)->8256K(116224K)
[27.134s][info][gc,heap        ] GC(70) ParOldGen: 327040K(699392K)->333976K(699392K)
[27.134s][info][gc,metaspace   ] GC(70) Metaspace: 62077K(63104K)->62077K(63104K) NonClass: 54089K(54656K)->54089K(54656K) Class: 7987K(8448K)->7987K(8448K)
[27.134s][info][gc             ] GC(70) Pause Young (Allocation Failure) 443M->334M(910M) 40.895ms
[27.134s][info][gc,cpu         ] GC(70) User=1.03s Sys=0.00s Real=0.05s
[27.356s][info][gc,start       ] GC(71) Pause Young (Allocation Failure)
[27.387s][info][gc,heap        ] GC(71) PSYoungGen: 124992K(232960K)->13395K(232960K) Eden: 116736K(116736K)->0K(116736K) From: 8256K(116224K)->13395K(116224K)
[27.387s][info][gc,heap        ] GC(71) ParOldGen: 333976K(699392K)->339392K(699392K)
[27.387s][info][gc,metaspace   ] GC(71) Metaspace: 62175K(63232K)->62175K(63232K) NonClass: 54175K(54784K)->54175K(54784K) Class: 8000K(8448K)->8000K(8448K)
[27.387s][info][gc             ] GC(71) Pause Young (Allocation Failure) 448M->344M(910M) 30.857ms
[27.387s][info][gc,cpu         ] GC(71) User=0.66s Sys=0.00s Real=0.03s
[27.574s][info][gc,start       ] GC(72) Pause Young (Allocation Failure)
[27.597s][info][gc,heap        ] GC(72) PSYoungGen: 130131K(232960K)->4768K(232960K) Eden: 116736K(116736K)->0K(116736K) From: 13395K(116224K)->4768K(116224K)
[27.597s][info][gc,heap        ] GC(72) ParOldGen: 339392K(699392K)->350411K(699392K)
[27.597s][info][gc,metaspace   ] GC(72) Metaspace: 62206K(63232K)->62206K(63232K) NonClass: 54203K(54784K)->54203K(54784K) Class: 8003K(8448K)->8003K(8448K)
[27.597s][info][gc             ] GC(72) Pause Young (Allocation Failure) 458M->346M(910M) 22.845ms
[27.597s][info][gc,cpu         ] GC(72) User=0.66s Sys=0.00s Real=0.03s
[27.805s][info][gc,start       ] GC(73) Pause Young (Allocation Failure)
[27.870s][info][gc,heap        ] GC(73) PSYoungGen: 121504K(232960K)->4960K(232960K) Eden: 116736K(116736K)->0K(116736K) From: 4768K(116224K)->4960K(116224K)
[27.870s][info][gc,heap        ] GC(73) ParOldGen: 350411K(699392K)->353859K(699392K)
[27.870s][info][gc,metaspace   ] GC(73) Metaspace: 62207K(63232K)->62207K(63232K) NonClass: 54203K(54784K)->54203K(54784K) Class: 8003K(8448K)->8003K(8448K)
[27.870s][info][gc             ] GC(73) Pause Young (Allocation Failure) 460M->350M(910M) 64.931ms
[27.870s][info][gc,cpu         ] GC(73) User=1.31s Sys=0.00s Real=0.06s
[28.367s][info][gc,start       ] GC(74) Pause Young (Allocation Failure)
[28.446s][info][gc,heap        ] GC(74) PSYoungGen: 121696K(232960K)->4864K(228864K) Eden: 116736K(116736K)->0K(116736K) From: 4960K(116224K)->4864K(112128K)
[28.446s][info][gc,heap        ] GC(74) ParOldGen: 353859K(699392K)->357467K(699392K)
[28.446s][info][gc,metaspace   ] GC(74) Metaspace: 62212K(63232K)->62212K(63232K) NonClass: 54209K(54784K)->54209K(54784K) Class: 8003K(8448K)->8003K(8448K)
[28.446s][info][gc             ] GC(74) Pause Young (Allocation Failure) 464M->353M(906M) 78.294ms
[28.446s][info][gc,cpu         ] GC(74) User=1.64s Sys=0.00s Real=0.08s
[28.851s][info][gc,start       ] GC(75) Pause Young (Allocation Failure)
[28.896s][info][gc,heap        ] GC(75) PSYoungGen: 119837K(228864K)->27189K(144384K) Eden: 114972K(116736K)->0K(116736K) From: 4864K(112128K)->27189K(27648K)
[28.896s][info][gc,heap        ] GC(75) ParOldGen: 357467K(699392K)->357475K(699392K)
[28.896s][info][gc,metaspace   ] GC(75) Metaspace: 62533K(63616K)->62533K(63616K) NonClass: 54495K(55104K)->54495K(55104K) Class: 8038K(8512K)->8038K(8512K)
[28.896s][info][gc             ] GC(75) Pause Young (Allocation Failure) 466M->375M(824M) 44.849ms
[28.896s][info][gc,cpu         ] GC(75) User=0.98s Sys=0.00s Real=0.05s
[29.064s][info][gc,start       ] GC(76) Pause Young (Allocation Failure)
[29.091s][info][gc,heap        ] GC(76) PSYoungGen: 143925K(144384K)->39488K(229888K) Eden: 116736K(116736K)->0K(125952K) From: 27189K(27648K)->39488K(103936K)
[29.091s][info][gc,heap        ] GC(76) ParOldGen: 357475K(699392K)->357475K(699392K)
[29.091s][info][gc,metaspace   ] GC(76) Metaspace: 62535K(63616K)->62535K(63616K) NonClass: 54496K(55104K)->54496K(55104K) Class: 8038K(8512K)->8038K(8512K)
[29.091s][info][gc             ] GC(76) Pause Young (Allocation Failure) 489M->387M(907M) 27.064ms
[29.091s][info][gc,cpu         ] GC(76) User=0.31s Sys=0.00s Real=0.02s
[29.201s][info][gc,start       ] GC(77) Pause Young (Allocation Failure)
[29.229s][info][gc,heap        ] GC(77) PSYoungGen: 165440K(229888K)->92608K(228864K) Eden: 125952K(125952K)->0K(125952K) From: 39488K(103936K)->92608K(102912K)
[29.229s][info][gc,heap        ] GC(77) ParOldGen: 357475K(699392K)->357475K(699392K)
[29.229s][info][gc,metaspace   ] GC(77) Metaspace: 62549K(63616K)->62549K(63616K) NonClass: 54511K(55104K)->54511K(55104K) Class: 8038K(8512K)->8038K(8512K)
[29.230s][info][gc             ] GC(77) Pause Young (Allocation Failure) 510M->439M(906M) 28.616ms
[29.230s][info][gc,cpu         ] GC(77) User=0.67s Sys=0.00s Real=0.03s
[29.286s][info][gc,start       ] GC(78) Pause Young (Allocation Failure)
[29.316s][info][gc,heap        ] GC(78) PSYoungGen: 218560K(228864K)->82240K(232960K) Eden: 125952K(125952K)->0K(116736K) From: 92608K(102912K)->82240K(116224K)
[29.316s][info][gc,heap        ] GC(78) ParOldGen: 357475K(699392K)->362573K(699392K)
[29.316s][info][gc,metaspace   ] GC(78) Metaspace: 62674K(63680K)->62674K(63680K) NonClass: 54611K(55168K)->54611K(55168K) Class: 8063K(8512K)->8063K(8512K)
[29.316s][info][gc             ] GC(78) Pause Young (Allocation Failure) 562M->434M(910M) 30.225ms
[29.316s][info][gc,cpu         ] GC(78) User=0.66s Sys=0.00s Real=0.03s
[29.362s][info][gc,start       ] GC(79) Pause Young (Allocation Failure)
[29.399s][info][gc,heap        ] GC(79) PSYoungGen: 198913K(232960K)->47104K(232960K) Eden: 116673K(116736K)->0K(116736K) From: 82240K(116224K)->47104K(116224K)
[29.399s][info][gc,heap        ] GC(79) ParOldGen: 362573K(699392K)->413773K(699392K)
[29.399s][info][gc,metaspace   ] GC(79) Metaspace: 62674K(63680K)->62674K(63680K) NonClass: 54611K(55168K)->54611K(55168K) Class: 8063K(8512K)->8063K(8512K)
[29.399s][info][gc             ] GC(79) Pause Young (Allocation Failure) 548M->450M(910M) 36.889ms
[29.399s][info][gc,cpu         ] GC(79) User=0.98s Sys=0.00s Real=0.05s
[29.446s][info][gc,start       ] GC(80) Pause Young (Allocation Failure)
[29.481s][info][gc,heap        ] GC(80) PSYoungGen: 162618K(232960K)->16256K(232960K) Eden: 115514K(116736K)->0K(116736K) From: 47104K(116224K)->16256K(116224K)
[29.481s][info][gc,heap        ] GC(80) ParOldGen: 413773K(699392K)->458829K(699392K)
[29.481s][info][gc,metaspace   ] GC(80) Metaspace: 62675K(63680K)->62675K(63680K) NonClass: 54611K(55168K)->54611K(55168K) Class: 8063K(8512K)->8063K(8512K)
[29.481s][info][gc             ] GC(80) Pause Young (Allocation Failure) 562M->463M(910M) 35.221ms
[29.481s][info][gc,cpu         ] GC(80) User=0.66s Sys=0.00s Real=0.03s
[29.533s][info][gc,start       ] GC(81) Pause Young (Allocation Failure)
[29.557s][info][gc,heap        ] GC(81) PSYoungGen: 132992K(232960K)->18176K(135168K) Eden: 116736K(116736K)->0K(116736K) From: 16256K(116224K)->18176K(18432K)
[29.557s][info][gc,heap        ] GC(81) ParOldGen: 458829K(699392K)->473389K(699392K)
[29.557s][info][gc,metaspace   ] GC(81) Metaspace: 62675K(63680K)->62675K(63680K) NonClass: 54611K(55168K)->54611K(55168K) Class: 8063K(8512K)->8063K(8512K)
[29.557s][info][gc             ] GC(81) Pause Young (Allocation Failure) 577M->480M(815M) 24.116ms
[29.557s][info][gc,cpu         ] GC(81) User=0.66s Sys=0.00s Real=0.03s
[29.612s][info][gc,start       ] GC(82) Pause Young (Allocation Failure)
[29.648s][info][gc,heap        ] GC(82) PSYoungGen: 134912K(135168K)->12288K(233984K) Eden: 116736K(116736K)->0K(120320K) From: 18176K(18432K)->12288K(113664K)
[29.648s][info][gc,heap        ] GC(82) ParOldGen: 473389K(699392K)->489461K(699392K)
[29.648s][info][gc,metaspace   ] GC(82) Metaspace: 62675K(63680K)->62675K(63680K) NonClass: 54611K(55168K)->54611K(55168K) Class: 8063K(8512K)->8063K(8512K)
[29.648s][info][gc             ] GC(82) Pause Young (Allocation Failure) 594M->489M(911M) 35.530ms
[29.648s][info][gc,cpu         ] GC(82) User=0.48s Sys=0.00s Real=0.03s
[29.718s][info][gc,start       ] GC(83) Pause Young (Allocation Failure)
[29.783s][info][gc,heap        ] GC(83) PSYoungGen: 132608K(233984K)->27040K(147456K) Eden: 120320K(120320K)->0K(120320K) From: 12288K(113664K)->27040K(27136K)
[29.783s][info][gc,heap        ] GC(83) ParOldGen: 489461K(699392K)->500125K(699392K)
[29.783s][info][gc,metaspace   ] GC(83) Metaspace: 62675K(63680K)->62675K(63680K) NonClass: 54612K(55168K)->54612K(55168K) Class: 8063K(8512K)->8063K(8512K)
[29.783s][info][gc             ] GC(83) Pause Young (Allocation Failure) 607M->514M(827M) 65.052ms
[29.783s][info][gc,cpu         ] GC(83) User=1.22s Sys=0.00s Real=0.06s
[29.839s][info][gc,start       ] GC(84) Pause Young (Allocation Failure)
[29.868s][info][gc,heap        ] GC(84) PSYoungGen: 147360K(147456K)->11264K(232448K) Eden: 120320K(120320K)->0K(129024K) From: 27040K(27136K)->11264K(103424K)
[29.868s][info][gc,heap        ] GC(84) ParOldGen: 500125K(699392K)->530157K(699392K)
[29.868s][info][gc,metaspace   ] GC(84) Metaspace: 62675K(63680K)->62675K(63680K) NonClass: 54612K(55168K)->54612K(55168K) Class: 8063K(8512K)->8063K(8512K)
[29.868s][info][gc             ] GC(84) Pause Young (Allocation Failure) 632M->528M(910M) 28.527ms
[29.868s][info][gc,cpu         ] GC(84) User=0.63s Sys=0.00s Real=0.03s
[29.928s][info][gc,start       ] GC(85) Pause Young (Allocation Failure)
[29.971s][info][gc,heap        ] GC(85) PSYoungGen: 140288K(232448K)->11584K(228864K) Eden: 129024K(129024K)->0K(129024K) From: 11264K(103424K)->11584K(99840K)
[29.971s][info][gc,heap        ] GC(85) ParOldGen: 530157K(699392K)->539189K(699392K)
[29.971s][info][gc,metaspace   ] GC(85) Metaspace: 62675K(63680K)->62675K(63680K) NonClass: 54612K(55168K)->54612K(55168K) Class: 8063K(8512K)->8063K(8512K)
[29.971s][info][gc             ] GC(85) Pause Young (Allocation Failure) 654M->537M(906M) 43.642ms
[29.971s][info][gc,cpu         ] GC(85) User=0.66s Sys=0.00s Real=0.04s
[30.032s][info][gc,start       ] GC(86) Pause Young (Allocation Failure)
[30.080s][info][gc,heap        ] GC(86) PSYoungGen: 140608K(228864K)->11200K(234496K) Eden: 129024K(129024K)->0K(145920K) From: 11584K(99840K)->11200K(88576K)
[30.080s][info][gc,heap        ] GC(86) ParOldGen: 539189K(699392K)->548501K(699392K)
[30.080s][info][gc,metaspace   ] GC(86) Metaspace: 62676K(63680K)->62676K(63680K) NonClass: 54612K(55168K)->54612K(55168K) Class: 8063K(8512K)->8063K(8512K)
[30.080s][info][gc             ] GC(86) Pause Young (Allocation Failure) 663M->546M(912M) 47.826ms
[30.080s][info][gc,cpu         ] GC(86) User=0.98s Sys=0.00s Real=0.05s
[30.152s][info][gc,start       ] GC(87) Pause Young (Allocation Failure)
[30.194s][info][gc,heap        ] GC(87) PSYoungGen: 157120K(234496K)->11904K(238080K) Eden: 145920K(145920K)->0K(145920K) From: 11200K(88576K)->11904K(92160K)
[30.194s][info][gc,heap        ] GC(87) ParOldGen: 548501K(699392K)->557285K(699392K)
[30.194s][info][gc,metaspace   ] GC(87) Metaspace: 62676K(63680K)->62676K(63680K) NonClass: 54612K(55168K)->54612K(55168K) Class: 8063K(8512K)->8063K(8512K)
[30.194s][info][gc             ] GC(87) Pause Young (Allocation Failure) 689M->555M(915M) 42.793ms
[30.194s][info][gc,cpu         ] GC(87) User=0.98s Sys=0.00s Real=0.05s
[30.283s][info][gc,start       ] GC(88) Pause Young (Allocation Failure)
[30.335s][info][gc,heap        ] GC(88) PSYoungGen: 157824K(238080K)->10592K(244736K) Eden: 145920K(145920K)->0K(164864K) From: 11904K(92160K)->10592K(79872K)
[30.335s][info][gc,heap        ] GC(88) ParOldGen: 557285K(699392K)->566893K(699392K)
[30.335s][info][gc,metaspace   ] GC(88) Metaspace: 62681K(63680K)->62681K(63680K) NonClass: 54617K(55168K)->54617K(55168K) Class: 8063K(8512K)->8063K(8512K)
[30.335s][info][gc             ] GC(88) Pause Young (Allocation Failure) 698M->563M(922M) 52.356ms
[30.335s][info][gc,cpu         ] GC(88) User=1.03s Sys=0.00s Real=0.05s
[30.700s][info][gc,start       ] GC(89) Pause Young (Allocation Failure)
[30.756s][info][gc,heap        ] GC(89) PSYoungGen: 175456K(244736K)->9728K(248832K) Eden: 164864K(164864K)->0K(164864K) From: 10592K(79872K)->9728K(83968K)
[30.756s][info][gc,heap        ] GC(89) ParOldGen: 566893K(699392K)->576309K(699392K)
[30.756s][info][gc,metaspace   ] GC(89) Metaspace: 62686K(63680K)->62686K(63680K) NonClass: 54623K(55168K)->54623K(55168K) Class: 8063K(8512K)->8063K(8512K)
[30.756s][info][gc             ] GC(89) Pause Young (Allocation Failure) 724M->572M(926M) 55.766ms
[30.756s][info][gc,cpu         ] GC(89) User=1.38s Sys=0.00s Real=0.06s
[31.183s][info][gc,start       ] GC(90) Pause Young (Allocation Failure)
[31.221s][info][gc,heap        ] GC(90) PSYoungGen: 174592K(248832K)->29202K(256000K) Eden: 164864K(164864K)->0K(183296K) From: 9728K(83968K)->29202K(72704K)
[31.221s][info][gc,heap        ] GC(90) ParOldGen: 576309K(699392K)->583477K(699392K)
[31.221s][info][gc,metaspace   ] GC(90) Metaspace: 62786K(63808K)->62786K(63808K) NonClass: 54717K(55296K)->54717K(55296K) Class: 8069K(8512K)->8069K(8512K)
[31.221s][info][gc             ] GC(90) Pause Young (Allocation Failure) 733M->598M(933M) 37.692ms
[31.221s][info][gc,cpu         ] GC(90) User=1.03s Sys=0.00s Real=0.05s
[31.461s][info][gc,start       ] GC(91) Pause Young (Allocation Failure)
[31.472s][info][gc,heap        ] GC(91) PSYoungGen: 212498K(256000K)->12883K(260608K) Eden: 183296K(183296K)->0K(183296K) From: 29202K(72704K)->12883K(77312K)
[31.472s][info][gc,heap        ] GC(91) ParOldGen: 583477K(699392K)->583627K(699392K)
[31.473s][info][gc,metaspace   ] GC(91) Metaspace: 63279K(64512K)->63279K(64512K) NonClass: 55114K(55808K)->55114K(55808K) Class: 8165K(8704K)->8165K(8704K)
[31.473s][info][gc             ] GC(91) Pause Young (Allocation Failure) 777M->582M(937M) 11.769ms
[31.473s][info][gc,cpu         ] GC(91) User=0.34s Sys=0.00s Real=0.02s
[31.666s][info][gc,start       ] GC(92) Pause Young (Allocation Failure)
[31.690s][info][gc,heap        ] GC(92) PSYoungGen: 196179K(260608K)->30688K(266752K) Eden: 183296K(183296K)->0K(198144K) From: 12883K(77312K)->30688K(68608K)
[31.690s][info][gc,heap        ] GC(92) ParOldGen: 583627K(699392K)->587773K(699392K)
[31.690s][info][gc,metaspace   ] GC(92) Metaspace: 63297K(64512K)->63297K(64512K) NonClass: 55130K(55808K)->55130K(55808K) Class: 8167K(8704K)->8167K(8704K)
[31.690s][info][gc             ] GC(92) Pause Young (Allocation Failure) 761M->603M(943M) 24.041ms
[31.690s][info][gc,cpu         ] GC(92) User=0.73s Sys=0.00s Real=0.03s
[31.899s][info][gc,start       ] GC(93) Pause Young (Allocation Failure)
[31.928s][info][gc,heap        ] GC(93) PSYoungGen: 228832K(266752K)->60461K(259072K) Eden: 198144K(198144K)->0K(198144K) From: 30688K(68608K)->60461K(60928K)
[31.928s][info][gc,heap        ] GC(93) ParOldGen: 587773K(699392K)->587781K(699392K)
[31.928s][info][gc,metaspace   ] GC(93) Metaspace: 63406K(64640K)->63406K(64640K) NonClass: 55220K(55936K)->55220K(55936K) Class: 8186K(8704K)->8186K(8704K)
[31.928s][info][gc             ] GC(93) Pause Young (Allocation Failure) 797M->633M(936M) 29.233ms
[31.928s][info][gc,cpu         ] GC(93) User=0.72s Sys=0.00s Real=0.03s
[32.389s][info][gc,start       ] GC(94) Pause Young (Allocation Failure)
[32.405s][info][gc,heap        ] GC(94) PSYoungGen: 258605K(259072K)->30492K(272384K) Eden: 198144K(198144K)->0K(191488K) From: 60461K(60928K)->30492K(80896K)
[32.405s][info][gc,heap        ] GC(94) ParOldGen: 587781K(699392K)->587789K(699392K)
[32.405s][info][gc,metaspace   ] GC(94) Metaspace: 63491K(64704K)->63491K(64704K) NonClass: 55300K(56000K)->55300K(56000K) Class: 8191K(8704K)->8191K(8704K)
[32.405s][info][gc             ] GC(94) Pause Young (Allocation Failure) 826M->603M(949M) 16.238ms
[32.405s][info][gc,cpu         ] GC(94) User=0.36s Sys=0.00s Real=0.02s
[32.524s][info][gc,start       ] GC(95) Pause Young (Allocation Failure)
[32.547s][info][gc,heap        ] GC(95) PSYoungGen: 221980K(272384K)->55419K(247296K) Eden: 191488K(191488K)->0K(191488K) From: 30492K(80896K)->55419K(55808K)
[32.547s][info][gc,heap        ] GC(95) ParOldGen: 587789K(699392K)->587789K(699392K)
[32.547s][info][gc,metaspace   ] GC(95) Metaspace: 63723K(64960K)->63723K(64960K) NonClass: 55482K(56192K)->55482K(56192K) Class: 8241K(8768K)->8241K(8768K)
[32.547s][info][gc             ] GC(95) Pause Young (Allocation Failure) 790M->628M(924M) 22.559ms
[32.547s][info][gc,cpu         ] GC(95) User=0.34s Sys=0.00s Real=0.02s
[32.640s][info][gc,start       ] GC(96) Pause Young (Allocation Failure)
[32.671s][info][gc,heap        ] GC(96) PSYoungGen: 246907K(247296K)->82420K(237056K) Eden: 191488K(191488K)->0K(154624K) From: 55419K(55808K)->82420K(82432K)
[32.671s][info][gc,heap        ] GC(96) ParOldGen: 587789K(699392K)->589997K(699392K)
[32.671s][info][gc,metaspace   ] GC(96) Metaspace: 63723K(64960K)->63723K(64960K) NonClass: 55482K(56192K)->55482K(56192K) Class: 8241K(8768K)->8241K(8768K)
[32.671s][info][gc             ] GC(96) Pause Young (Allocation Failure) 815M->656M(914M) 30.713ms
[32.671s][info][gc,cpu         ] GC(96) User=0.69s Sys=0.00s Real=0.03s
[32.976s][info][gc,start       ] GC(97) Pause Young (Allocation Failure)
[33.009s][info][gc,heap        ] GC(97) PSYoungGen: 236506K(237056K)->61742K(216576K) Eden: 154085K(154624K)->0K(154624K) From: 82420K(82432K)->61742K(61952K)
[33.009s][info][gc,heap        ] GC(97) ParOldGen: 589997K(699392K)->616429K(699392K)
[33.009s][info][gc,metaspace   ] GC(97) Metaspace: 63880K(65088K)->63880K(65088K) NonClass: 55623K(56320K)->55623K(56320K) Class: 8257K(8768K)->8257K(8768K)
[33.009s][info][gc             ] GC(97) Pause Young (Allocation Failure) 807M->662M(894M) 33.112ms
[33.009s][info][gc,cpu         ] GC(97) User=0.61s Sys=0.05s Real=0.03s
[33.165s][info][gc,start       ] GC(98) Pause Young (Allocation Failure)
[33.177s][info][gc,heap        ] GC(98) PSYoungGen: 215286K(216576K)->37814K(254464K) Eden: 153544K(154624K)->0K(153600K) From: 61742K(61952K)->37814K(100864K)
[33.177s][info][gc,heap        ] GC(98) ParOldGen: 616429K(699392K)->616429K(699392K)
[33.177s][info][gc,metaspace   ] GC(98) Metaspace: 64213K(65408K)->64213K(65408K) NonClass: 55903K(56576K)->55903K(56576K) Class: 8310K(8832K)->8310K(8832K)
[33.177s][info][gc             ] GC(98) Pause Young (Allocation Failure) 812M->638M(931M) 12.345ms
[33.177s][info][gc,cpu         ] GC(98) User=0.33s Sys=0.00s Real=0.01s
[33.330s][info][gc,start       ] GC(99) Pause Young (Allocation Failure)
[33.343s][info][gc,heap        ] GC(99) PSYoungGen: 191336K(254464K)->80064K(233984K) Eden: 153521K(153600K)->0K(153600K) From: 37814K(100864K)->80064K(80384K)
[33.343s][info][gc,heap        ] GC(99) ParOldGen: 616429K(699392K)->616437K(699392K)
[33.343s][info][gc,metaspace   ] GC(99) Metaspace: 65392K(66624K)->65392K(66624K) NonClass: 56911K(57600K)->56911K(57600K) Class: 8480K(9024K)->8480K(9024K)
[33.343s][info][gc             ] GC(99) Pause Young (Allocation Failure) 788M->680M(911M) 13.111ms
[33.343s][info][gc,cpu         ] GC(99) User=0.34s Sys=0.00s Real=0.01s
[33.379s][info][gc,start       ] GC(100) Pause Young (Allocation Failure)
[33.400s][info][gc,heap        ] GC(100) PSYoungGen: 233664K(233984K)->104956K(221696K) Eden: 153600K(153600K)->0K(116736K) From: 80064K(80384K)->104956K(104960K)
[33.401s][info][gc,heap        ] GC(100) ParOldGen: 616437K(699392K)->616469K(699392K)
[33.401s][info][gc,metaspace   ] GC(100) Metaspace: 65392K(66624K)->65392K(66624K) NonClass: 56912K(57600K)->56912K(57600K) Class: 8480K(9024K)->8480K(9024K)
[33.401s][info][gc             ] GC(100) Pause Young (Allocation Failure) 830M->704M(899M) 21.063ms
[33.401s][info][gc,cpu         ] GC(100) User=0.64s Sys=0.02s Real=0.03s
[33.491s][info][gc,start       ] GC(101) Pause Young (Allocation Failure)
[33.522s][info][gc,heap        ] GC(101) PSYoungGen: 221692K(221696K)->66410K(232960K) Eden: 116736K(116736K)->0K(116736K) From: 104956K(104960K)->66410K(116224K)
[33.522s][info][gc,heap        ] GC(101) ParOldGen: 616469K(699392K)->616677K(699392K)
[33.522s][info][gc,metaspace   ] GC(101) Metaspace: 65463K(66688K)->65463K(66688K) NonClass: 56976K(57664K)->56976K(57664K) Class: 8486K(9024K)->8486K(9024K)
[33.522s][info][gc             ] GC(101) Pause Young (Allocation Failure) 818M->667M(910M) 31.109ms
[33.522s][info][gc,cpu         ] GC(101) User=0.67s Sys=0.00s Real=0.03s
[33.575s][info][gc,start       ] GC(102) Pause Young (Allocation Failure)
[33.605s][info][gc,heap        ] GC(102) PSYoungGen: 183146K(232960K)->66346K(232960K) Eden: 116736K(116736K)->0K(116736K) From: 66410K(116224K)->66346K(116224K)
[33.605s][info][gc,heap        ] GC(102) ParOldGen: 616677K(699392K)->616749K(699392K)
[33.605s][info][gc,metaspace   ] GC(102) Metaspace: 65463K(66688K)->65463K(66688K) NonClass: 56976K(57664K)->56976K(57664K) Class: 8486K(9024K)->8486K(9024K)
[33.605s][info][gc             ] GC(102) Pause Young (Allocation Failure) 781M->667M(910M) 29.892ms
[33.605s][info][gc,cpu         ] GC(102) User=0.66s Sys=0.00s Real=0.03s
[33.661s][info][gc,start       ] GC(103) Pause Young (Allocation Failure)
[33.694s][info][gc,heap        ] GC(103) PSYoungGen: 183082K(232960K)->54375K(171520K) Eden: 116736K(116736K)->0K(116736K) From: 66346K(116224K)->54375K(54784K)
[33.694s][info][gc,heap        ] GC(103) ParOldGen: 616749K(699392K)->628848K(699392K)
[33.694s][info][gc,metaspace   ] GC(103) Metaspace: 65463K(66688K)->65463K(66688K) NonClass: 56976K(57664K)->56976K(57664K) Class: 8486K(9024K)->8486K(9024K)
[33.694s][info][gc             ] GC(103) Pause Young (Allocation Failure) 781M->667M(850M) 32.440ms
[33.694s][info][gc,cpu         ] GC(103) User=0.69s Sys=0.00s Real=0.03s
[33.752s][info][gc,start       ] GC(104) Pause Young (Allocation Failure)
[33.793s][info][gc,heap        ] GC(104) PSYoungGen: 171111K(171520K)->128K(228864K) Eden: 116736K(116736K)->0K(114688K) From: 54375K(54784K)->128K(114176K)
[33.793s][info][gc,heap        ] GC(104) ParOldGen: 628848K(699392K)->683055K(699392K)
[33.793s][info][gc,metaspace   ] GC(104) Metaspace: 65463K(66688K)->65463K(66688K) NonClass: 56976K(57664K)->56976K(57664K) Class: 8486K(9024K)->8486K(9024K)
[33.793s][info][gc             ] GC(104) Pause Young (Allocation Failure) 781M->667M(906M) 40.800ms
[33.793s][info][gc,cpu         ] GC(104) User=0.89s Sys=0.05s Real=0.05s
[33.793s][info][gc,start       ] GC(105) Pause Full (Ergonomics)
[33.793s][info][gc,phases,start] GC(105) Marking Phase
[33.875s][info][gc,phases      ] GC(105) Marking Phase 81.536ms
[33.875s][info][gc,phases,start] GC(105) Summary Phase
[33.875s][info][gc,phases      ] GC(105) Summary Phase 0.029ms
[33.875s][info][gc,phases,start] GC(105) Adjust Roots
[33.886s][info][gc,phases      ] GC(105) Adjust Roots 11.585ms
[33.886s][info][gc,phases,start] GC(105) Compaction Phase
[33.978s][info][gc,phases      ] GC(105) Compaction Phase 91.128ms
[33.978s][info][gc,phases,start] GC(105) Post Compact
[33.984s][info][gc,phases      ] GC(105) Post Compact 6.580ms
[34.013s][info][gc,heap        ] GC(105) PSYoungGen: 128K(228864K)->0K(230912K) Eden: 0K(114688K)->0K(114688K) From: 128K(114176K)->0K(116224K)
[34.013s][info][gc,heap        ] GC(105) ParOldGen: 683055K(699392K)->215565K(595456K)
[34.013s][info][gc,metaspace   ] GC(105) Metaspace: 65463K(66688K)->65063K(66688K) NonClass: 56976K(57664K)->56690K(57664K) Class: 8486K(9024K)->8373K(9024K)
[34.013s][info][gc             ] GC(105) Pause Full (Ergonomics) 667M->210M(807M) 219.804ms
[34.013s][info][gc,cpu         ] GC(105) User=1.91s Sys=0.03s Real=0.22s
[34.122s][info][gc,start       ] GC(106) Pause Young (Allocation Failure)
[34.386s][info][gc,heap        ] GC(106) PSYoungGen: 114688K(230912K)->42528K(221696K) Eden: 114688K(114688K)->0K(116736K) From: 0K(116224K)->42528K(104960K)
[34.386s][info][gc,heap        ] GC(106) ParOldGen: 215565K(595456K)->215573K(595456K)
[34.386s][info][gc,metaspace   ] GC(106) Metaspace: 65219K(66816K)->65219K(66816K) NonClass: 56819K(57728K)->56819K(57728K) Class: 8400K(9088K)->8400K(9088K)
[34.386s][info][gc             ] GC(106) Pause Young (Allocation Failure) 322M->252M(798M) 263.441ms
[34.386s][info][gc,cpu         ] GC(106) User=2.33s Sys=0.05s Real=0.25s
[34.461s][info][gc,start       ] GC(107) Pause Young (System.gc())
[34.464s][info][gc,heap        ] GC(107) PSYoungGen: 149464K(221696K)->320K(227328K) Eden: 106936K(116736K)->0K(116736K) From: 42528K(104960K)->320K(110592K)
[34.464s][info][gc,heap        ] GC(107) ParOldGen: 215573K(595456K)->215725K(595456K)
[34.464s][info][gc,metaspace   ] GC(107) Metaspace: 65223K(66816K)->65223K(66816K) NonClass: 56822K(57728K)->56822K(57728K) Class: 8401K(9088K)->8401K(9088K)
[34.464s][info][gc             ] GC(107) Pause Young (System.gc()) 356M->210M(803M) 2.813ms
[34.464s][info][gc,cpu         ] GC(107) User=0.00s Sys=0.00s Real=0.00s
[34.464s][info][gc,start       ] GC(108) Pause Full (System.gc())
[34.464s][info][gc,phases,start] GC(108) Marking Phase
[34.521s][info][gc,phases      ] GC(108) Marking Phase 57.296ms
[34.521s][info][gc,phases,start] GC(108) Summary Phase
[34.521s][info][gc,phases      ] GC(108) Summary Phase 0.014ms
[34.521s][info][gc,phases,start] GC(108) Adjust Roots
[34.531s][info][gc,phases      ] GC(108) Adjust Roots 9.280ms
[34.531s][info][gc,phases,start] GC(108) Compaction Phase
[34.572s][info][gc,phases      ] GC(108) Compaction Phase 41.527ms
[34.572s][info][gc,phases,start] GC(108) Post Compact
[34.574s][info][gc,phases      ] GC(108) Post Compact 1.963ms
[34.574s][info][gc,heap        ] GC(108) PSYoungGen: 320K(227328K)->0K(227328K) Eden: 0K(116736K)->0K(116736K) From: 320K(110592K)->0K(110592K)
[34.574s][info][gc,heap        ] GC(108) ParOldGen: 215725K(595456K)->147197K(595456K)
[34.574s][info][gc,metaspace   ] GC(108) Metaspace: 65223K(66816K)->65223K(66816K) NonClass: 56822K(57728K)->56822K(57728K) Class: 8401K(9088K)->8401K(9088K)
[34.574s][info][gc             ] GC(108) Pause Full (System.gc()) 210M->143M(803M) 110.430ms
[34.574s][info][gc,cpu         ] GC(108) User=1.69s Sys=0.03s Real=0.11s
[34.686s][info][gc,start       ] GC(109) Pause Young (Allocation Failure)
[34.693s][info][gc,heap        ] GC(109) PSYoungGen: 116736K(227328K)->27168K(233472K) Eden: 116736K(116736K)->0K(121344K) From: 0K(110592K)->27168K(112128K)
[34.693s][info][gc,heap        ] GC(109) ParOldGen: 147197K(595456K)->147205K(595456K)
[34.693s][info][gc,metaspace   ] GC(109) Metaspace: 65239K(66816K)->65239K(66816K) NonClass: 56837K(57728K)->56837K(57728K) Class: 8402K(9088K)->8402K(9088K)
[34.693s][info][gc             ] GC(109) Pause Young (Allocation Failure) 257M->170M(809M) 7.554ms
[34.693s][info][gc,cpu         ] GC(109) User=0.31s Sys=0.00s Real=0.02s
[34.752s][info][gc,start       ] GC(110) Pause Young (Allocation Failure)
[34.784s][info][gc,heap        ] GC(110) PSYoungGen: 148512K(233472K)->60928K(228864K) Eden: 121344K(121344K)->0K(121344K) From: 27168K(112128K)->60928K(107520K)
[34.784s][info][gc,heap        ] GC(110) ParOldGen: 147205K(595456K)->163899K(595456K)
[34.784s][info][gc,metaspace   ] GC(110) Metaspace: 65240K(66816K)->65240K(66816K) NonClass: 56838K(57728K)->56838K(57728K) Class: 8402K(9088K)->8402K(9088K)
[34.784s][info][gc             ] GC(110) Pause Young (Allocation Failure) 288M->219M(805M) 31.506ms
[34.784s][info][gc,cpu         ] GC(110) User=0.59s Sys=0.00s Real=0.03s
[34.840s][info][gc,start       ] GC(111) Pause Young (Allocation Failure)
[34.877s][info][gc,heap        ] GC(111) PSYoungGen: 182272K(228864K)->17312K(239104K) Eden: 121344K(121344K)->0K(132096K) From: 60928K(107520K)->17312K(107008K)
[34.877s][info][gc,heap        ] GC(111) ParOldGen: 163899K(595456K)->222667K(595456K)
[34.877s][info][gc,metaspace   ] GC(111) Metaspace: 65241K(66816K)->65241K(66816K) NonClass: 56839K(57728K)->56839K(57728K) Class: 8402K(9088K)->8402K(9088K)
[34.877s][info][gc             ] GC(111) Pause Young (Allocation Failure) 338M->234M(815M) 36.572ms
[34.877s][info][gc,cpu         ] GC(111) User=0.59s Sys=0.00s Real=0.03s
[34.935s][info][gc,start       ] GC(112) Pause Young (Allocation Failure)
[34.955s][info][gc,heap        ] GC(112) PSYoungGen: 149408K(239104K)->19152K(238080K) Eden: 132096K(132096K)->0K(132096K) From: 17312K(107008K)->19152K(105984K)
[34.955s][info][gc,heap        ] GC(112) ParOldGen: 222667K(595456K)->236691K(595456K)
[34.955s][info][gc,metaspace   ] GC(112) Metaspace: 65241K(66816K)->65241K(66816K) NonClass: 56839K(57728K)->56839K(57728K) Class: 8402K(9088K)->8402K(9088K)
[34.955s][info][gc             ] GC(112) Pause Young (Allocation Failure) 363M->249M(814M) 20.455ms
[34.955s][info][gc,cpu         ] GC(112) User=0.30s Sys=0.00s Real=0.02s
[35.030s][info][gc,start       ] GC(113) Pause Young (Allocation Failure)
[35.052s][info][gc,heap        ] GC(113) PSYoungGen: 151248K(238080K)->18208K(240128K) Eden: 132096K(132096K)->0K(139264K) From: 19152K(105984K)->18208K(100864K)
[35.052s][info][gc,heap        ] GC(113) ParOldGen: 236691K(595456K)->250707K(595456K)
[35.052s][info][gc,metaspace   ] GC(113) Metaspace: 65242K(66816K)->65242K(66816K) NonClass: 56839K(57728K)->56839K(57728K) Class: 8402K(9088K)->8402K(9088K)
[35.052s][info][gc             ] GC(113) Pause Young (Allocation Failure) 378M->262M(816M) 22.291ms
[35.052s][info][gc,cpu         ] GC(113) User=0.25s Sys=0.00s Real=0.01s
[35.132s][info][gc,start       ] GC(114) Pause Young (Allocation Failure)
[35.154s][info][gc,heap        ] GC(114) PSYoungGen: 156188K(240128K)->19936K(239104K) Eden: 137980K(139264K)->0K(139264K) From: 18208K(100864K)->19936K(99840K)
[35.154s][info][gc,heap        ] GC(114) ParOldGen: 250707K(595456K)->266715K(595456K)
[35.154s][info][gc,metaspace   ] GC(114) Metaspace: 65242K(66816K)->65242K(66816K) NonClass: 56839K(57728K)->56839K(57728K) Class: 8402K(9088K)->8402K(9088K)
[35.154s][info][gc             ] GC(114) Pause Young (Allocation Failure) 397M->279M(815M) 22.347ms
[35.154s][info][gc,cpu         ] GC(114) User=0.19s Sys=0.00s Real=0.02s
[35.246s][info][gc,start       ] GC(115) Pause Young (Allocation Failure)
[35.276s][info][gc,heap        ] GC(115) PSYoungGen: 159200K(239104K)->15120K(246272K) Eden: 139264K(139264K)->0K(151552K) From: 19936K(99840K)->15120K(94720K)
[35.276s][info][gc,heap        ] GC(115) ParOldGen: 266715K(595456K)->290428K(595456K)
[35.277s][info][gc,metaspace   ] GC(115) Metaspace: 65242K(66816K)->65242K(66816K) NonClass: 56839K(57728K)->56839K(57728K) Class: 8402K(9088K)->8402K(9088K)
[35.277s][info][gc             ] GC(115) Pause Young (Allocation Failure) 415M->298M(822M) 30.859ms
[35.277s][info][gc,cpu         ] GC(115) User=0.59s Sys=0.00s Real=0.03s
[35.361s][info][gc,start       ] GC(116) Pause Young (Allocation Failure)
[35.413s][info][gc,heap        ] GC(116) PSYoungGen: 166672K(246272K)->11872K(244736K) Eden: 151552K(151552K)->0K(151552K) From: 15120K(94720K)->11872K(93184K)
[35.413s][info][gc,heap        ] GC(116) ParOldGen: 290428K(595456K)->303028K(595456K)
[35.413s][info][gc,metaspace   ] GC(116) Metaspace: 65242K(66816K)->65242K(66816K) NonClass: 56839K(57728K)->56839K(57728K) Class: 8402K(9088K)->8402K(9088K)
[35.413s][info][gc             ] GC(116) Pause Young (Allocation Failure) 446M->307M(820M) 51.828ms
[35.413s][info][gc,cpu         ] GC(116) User=0.89s Sys=0.00s Real=0.05s
[35.502s][info][gc,start       ] GC(117) Pause Young (Allocation Failure)
[35.549s][info][gc,heap        ] GC(117) PSYoungGen: 163424K(244736K)->11200K(253440K) Eden: 151552K(151552K)->0K(163840K) From: 11872K(93184K)->11200K(89600K)
[35.549s][info][gc,heap        ] GC(117) ParOldGen: 303028K(595456K)->312260K(595456K)
[35.549s][info][gc,metaspace   ] GC(117) Metaspace: 65242K(66816K)->65242K(66816K) NonClass: 56839K(57728K)->56839K(57728K) Class: 8402K(9088K)->8402K(9088K)
[35.549s][info][gc             ] GC(117) Pause Young (Allocation Failure) 455M->315M(829M) 47.186ms
[35.549s][info][gc,cpu         ] GC(117) User=0.89s Sys=0.00s Real=0.05s
[35.649s][info][gc,start       ] GC(118) Pause Young (Allocation Failure)
[35.702s][info][gc,heap        ] GC(118) PSYoungGen: 175040K(253440K)->13568K(251904K) Eden: 163840K(163840K)->0K(163840K) From: 11200K(89600K)->13568K(88064K)
[35.702s][info][gc,heap        ] GC(118) ParOldGen: 312260K(595456K)->321156K(595456K)
[35.702s][info][gc,metaspace   ] GC(118) Metaspace: 65245K(66816K)->65245K(66816K) NonClass: 56843K(57728K)->56843K(57728K) Class: 8402K(9088K)->8402K(9088K)
[35.702s][info][gc             ] GC(118) Pause Young (Allocation Failure) 475M->326M(827M) 52.946ms
[35.702s][info][gc,cpu         ] GC(118) User=1.19s Sys=0.00s Real=0.06s
[35.808s][info][gc,start       ] GC(119) Pause Young (Allocation Failure)
[35.867s][info][gc,heap        ] GC(119) PSYoungGen: 177408K(251904K)->10944K(258048K) Eden: 163840K(163840K)->0K(174592K) From: 13568K(88064K)->10944K(83456K)
[35.867s][info][gc,heap        ] GC(119) ParOldGen: 321156K(595456K)->334484K(595456K)
[35.867s][info][gc,metaspace   ] GC(119) Metaspace: 65247K(66816K)->65247K(66816K) NonClass: 56845K(57728K)->56845K(57728K) Class: 8402K(9088K)->8402K(9088K)
[35.867s][info][gc             ] GC(119) Pause Young (Allocation Failure) 486M->337M(833M) 59.139ms
[35.867s][info][gc,cpu         ] GC(119) User=1.20s Sys=0.00s Real=0.06s
[36.062s][info][gc,start       ] GC(120) Pause Young (Allocation Failure)
[36.100s][info][gc,heap        ] GC(120) PSYoungGen: 185536K(258048K)->16352K(256000K) Eden: 174592K(174592K)->0K(174592K) From: 10944K(83456K)->16352K(81408K)
[36.100s][info][gc,heap        ] GC(120) ParOldGen: 334484K(595456K)->343860K(595456K)
[36.100s][info][gc,metaspace   ] GC(120) Metaspace: 65249K(66816K)->65249K(66816K) NonClass: 56847K(57728K)->56847K(57728K) Class: 8402K(9088K)->8402K(9088K)
[36.100s][info][gc             ] GC(120) Pause Young (Allocation Failure) 507M->351M(831M) 38.858ms
[36.100s][info][gc,cpu         ] GC(120) User=0.94s Sys=0.00s Real=0.05s
[36.388s][info][gc,start       ] GC(121) Pause Young (Allocation Failure)
[36.416s][info][gc,heap        ] GC(121) PSYoungGen: 190152K(256000K)->10947K(264704K) Eden: 173800K(174592K)->0K(187392K) From: 16352K(81408K)->10947K(77312K)
[36.416s][info][gc,heap        ] GC(121) ParOldGen: 343860K(595456K)->355468K(595456K)
[36.416s][info][gc,metaspace   ] GC(121) Metaspace: 65249K(66816K)->65249K(66816K) NonClass: 56847K(57728K)->56847K(57728K) Class: 8402K(9088K)->8402K(9088K)
[36.416s][info][gc             ] GC(121) Pause Young (Allocation Failure) 521M->357M(840M) 28.585ms
[36.416s][info][gc,cpu         ] GC(121) User=0.59s Sys=0.00s Real=0.03s
[36.755s][info][gc,start       ] GC(122) Pause Young (Allocation Failure)
[36.849s][info][gc,heap        ] GC(122) PSYoungGen: 198339K(264704K)->7008K(261632K) Eden: 187392K(187392K)->0K(187392K) From: 10947K(77312K)->7008K(74240K)
[36.849s][info][gc,heap        ] GC(122) ParOldGen: 355468K(595456K)->363559K(595456K)
[36.849s][info][gc,metaspace   ] GC(122) Metaspace: 65259K(66880K)->65259K(66880K) NonClass: 56856K(57792K)->56856K(57792K) Class: 8402K(9088K)->8402K(9088K)
[36.849s][info][gc             ] GC(122) Pause Young (Allocation Failure) 540M->361M(837M) 93.825ms
[36.849s][info][gc,cpu         ] GC(122) User=1.88s Sys=0.00s Real=0.09s
[37.542s][info][gc,start       ] GC(123) Pause Young (Allocation Failure)
[37.602s][info][gc,heap        ] GC(123) PSYoungGen: 194068K(261632K)->23934K(270848K) Eden: 187060K(187392K)->0K(201728K) From: 7008K(74240K)->23934K(69120K)
[37.602s][info][gc,heap        ] GC(123) ParOldGen: 363559K(595456K)->369095K(595456K)
[37.602s][info][gc,metaspace   ] GC(123) Metaspace: 65279K(66880K)->65279K(66880K) NonClass: 56877K(57792K)->56877K(57792K) Class: 8402K(9088K)->8402K(9088K)
[37.602s][info][gc             ] GC(123) Pause Young (Allocation Failure) 544M->383M(846M) 59.771ms
[37.602s][info][gc,cpu         ] GC(123) User=1.28s Sys=0.00s Real=0.06s
[37.797s][info][gc,start       ] GC(124) Pause Young (Allocation Failure)
[37.830s][info][gc,heap        ] GC(124) PSYoungGen: 225662K(270848K)->53056K(269824K) Eden: 201728K(201728K)->0K(201728K) From: 23934K(69120K)->53056K(68096K)
[37.830s][info][gc,heap        ] GC(124) ParOldGen: 369095K(595456K)->381709K(595456K)
[37.830s][info][gc,metaspace   ] GC(124) Metaspace: 65279K(66880K)->65279K(66880K) NonClass: 56877K(57792K)->56877K(57792K) Class: 8402K(9088K)->8402K(9088K)
[37.830s][info][gc             ] GC(124) Pause Young (Allocation Failure) 580M->424M(845M) 33.346ms
[37.830s][info][gc,cpu         ] GC(124) User=0.63s Sys=0.00s Real=0.03s
[37.915s][info][gc,start       ] GC(125) Pause Young (Allocation Failure)
[37.954s][info][gc,heap        ] GC(125) PSYoungGen: 254784K(269824K)->63584K(254976K) Eden: 201728K(201728K)->0K(180224K) From: 53056K(68096K)->63584K(74752K)
[37.954s][info][gc,heap        ] GC(125) ParOldGen: 381709K(595456K)->426949K(595456K)
[37.954s][info][gc,metaspace   ] GC(125) Metaspace: 65281K(66880K)->65281K(66880K) NonClass: 56879K(57792K)->56879K(57792K) Class: 8402K(9088K)->8402K(9088K)
[37.954s][info][gc             ] GC(125) Pause Young (Allocation Failure) 621M->479M(830M) 39.033ms
[37.954s][info][gc,cpu         ] GC(125) User=0.94s Sys=0.00s Real=0.05s
[38.029s][info][gc,start       ] GC(126) Pause Young (Allocation Failure)
[38.070s][info][gc,heap        ] GC(126) PSYoungGen: 243808K(254976K)->25120K(264704K) Eden: 180224K(180224K)->0K(180224K) From: 63584K(74752K)->25120K(84480K)
[38.070s][info][gc,heap        ] GC(126) ParOldGen: 426949K(595456K)->488878K(595456K)
[38.070s][info][gc,metaspace   ] GC(126) Metaspace: 65281K(66880K)->65281K(66880K) NonClass: 56879K(57792K)->56879K(57792K) Class: 8402K(9088K)->8402K(9088K)
[38.070s][info][gc             ] GC(126) Pause Young (Allocation Failure) 655M->501M(840M) 41.583ms
[38.070s][info][gc,cpu         ] GC(126) User=0.59s Sys=0.00s Real=0.03s
[38.152s][info][gc,start       ] GC(127) Pause Young (Allocation Failure)
[38.181s][info][gc,heap        ] GC(127) PSYoungGen: 205344K(264704K)->24160K(251904K) Eden: 180224K(180224K)->0K(185344K) From: 25120K(84480K)->24160K(66560K)
[38.181s][info][gc,heap        ] GC(127) ParOldGen: 488878K(595456K)->507230K(595456K)
[38.181s][info][gc,metaspace   ] GC(127) Metaspace: 65284K(66880K)->65284K(66880K) NonClass: 56881K(57792K)->56881K(57792K) Class: 8402K(9088K)->8402K(9088K)
[38.181s][info][gc             ] GC(127) Pause Young (Allocation Failure) 677M->518M(827M) 28.777ms
[38.181s][info][gc,cpu         ] GC(127) User=0.20s Sys=0.00s Real=0.02s
[38.280s][info][gc,start       ] GC(128) Pause Young (Allocation Failure)
[38.320s][info][gc,heap        ] GC(128) PSYoungGen: 209504K(251904K)->32768K(260608K) Eden: 185344K(185344K)->0K(185344K) From: 24160K(66560K)->32768K(75264K)
[38.320s][info][gc,heap        ] GC(128) ParOldGen: 507230K(595456K)->524478K(595456K)
[38.320s][info][gc,metaspace   ] GC(128) Metaspace: 65284K(66880K)->65284K(66880K) NonClass: 56881K(57792K)->56881K(57792K) Class: 8402K(9088K)->8402K(9088K)
[38.320s][info][gc             ] GC(128) Pause Young (Allocation Failure) 699M->544M(836M) 39.964ms
[38.320s][info][gc,cpu         ] GC(128) User=0.59s Sys=0.00s Real=0.03s
[38.407s][info][gc,start       ] GC(129) Pause Young (Allocation Failure)
[38.440s][info][gc,heap        ] GC(129) PSYoungGen: 218112K(260608K)->16192K(265728K) Eden: 185344K(185344K)->0K(201728K) From: 32768K(75264K)->16192K(64000K)
[38.440s][info][gc,heap        ] GC(129) ParOldGen: 524478K(595456K)->555190K(595456K)
[38.440s][info][gc,metaspace   ] GC(129) Metaspace: 65284K(66880K)->65284K(66880K) NonClass: 56881K(57792K)->56881K(57792K) Class: 8402K(9088K)->8402K(9088K)
[38.440s][info][gc             ] GC(129) Pause Young (Allocation Failure) 725M->557M(841M) 33.329ms
[38.440s][info][gc,cpu         ] GC(129) User=0.63s Sys=0.00s Real=0.03s
[38.440s][info][gc,start       ] GC(130) Pause Full (Ergonomics)
[38.440s][info][gc,phases,start] GC(130) Marking Phase
[38.525s][info][gc,phases      ] GC(130) Marking Phase 84.446ms
[38.525s][info][gc,phases,start] GC(130) Summary Phase
[38.525s][info][gc,phases      ] GC(130) Summary Phase 0.028ms
[38.525s][info][gc,phases,start] GC(130) Adjust Roots
[38.531s][info][gc,phases      ] GC(130) Adjust Roots 6.140ms
[38.531s][info][gc,phases,start] GC(130) Compaction Phase
[38.681s][info][gc,phases      ] GC(130) Compaction Phase 150.208ms
[38.681s][info][gc,phases,start] GC(130) Post Compact
[38.684s][info][gc,phases      ] GC(130) Post Compact 2.888ms
[38.685s][info][gc,heap        ] GC(130) PSYoungGen: 16192K(265728K)->0K(271360K) Eden: 0K(201728K)->0K(201728K) From: 16192K(64000K)->0K(69632K)
[38.685s][info][gc,heap        ] GC(130) ParOldGen: 555190K(595456K)->303994K(699392K)
[38.685s][info][gc,metaspace   ] GC(130) Metaspace: 65284K(66880K)->65284K(66880K) NonClass: 56881K(57792K)->56881K(57792K) Class: 8402K(9088K)->8402K(9088K)
[38.685s][info][gc             ] GC(130) Pause Full (Ergonomics) 557M->296M(948M) 244.508ms
[38.685s][info][gc,cpu         ] GC(130) User=2.56s Sys=0.00s Real=0.23s
[38.779s][info][gc,start       ] GC(131) Pause Young (Allocation Failure)
[38.820s][info][gc,heap        ] GC(131) PSYoungGen: 201728K(271360K)->16288K(275456K) Eden: 201728K(201728K)->0K(209920K) From: 0K(69632K)->16288K(65536K)
[38.820s][info][gc,heap        ] GC(131) ParOldGen: 303994K(699392K)->303994K(699392K)
[38.820s][info][gc,metaspace   ] GC(131) Metaspace: 65284K(66880K)->65284K(66880K) NonClass: 56881K(57792K)->56881K(57792K) Class: 8402K(9088K)->8402K(9088K)
[38.820s][info][gc             ] GC(131) Pause Young (Allocation Failure) 493M->312M(952M) 41.147ms
[38.820s][info][gc,cpu         ] GC(131) User=1.03s Sys=0.00s Real=0.05s
[38.933s][info][gc,start       ] GC(132) Pause Young (Allocation Failure)
[38.997s][info][gc,heap        ] GC(132) PSYoungGen: 226208K(275456K)->15872K(277504K) Eden: 209920K(209920K)->0K(209920K) From: 16288K(65536K)->15872K(67584K)
[38.997s][info][gc,heap        ] GC(132) ParOldGen: 303994K(699392K)->316722K(699392K)
[38.997s][info][gc,metaspace   ] GC(132) Metaspace: 65284K(66880K)->65284K(66880K) NonClass: 56881K(57792K)->56881K(57792K) Class: 8402K(9088K)->8402K(9088K)
[38.997s][info][gc             ] GC(132) Pause Young (Allocation Failure) 517M->324M(954M) 64.561ms
[38.997s][info][gc,cpu         ] GC(132) User=1.38s Sys=0.00s Real=0.06s
[39.235s][info][gc,start       ] GC(133) Pause Young (Allocation Failure)
[39.301s][info][gc,heap        ] GC(133) PSYoungGen: 225792K(277504K)->14912K(278016K) Eden: 209920K(209920K)->0K(216576K) From: 15872K(67584K)->14912K(61440K)
[39.301s][info][gc,heap        ] GC(133) ParOldGen: 316722K(699392K)->329274K(699392K)
[39.301s][info][gc,metaspace   ] GC(133) Metaspace: 65284K(66880K)->65284K(66880K) NonClass: 56881K(57792K)->56881K(57792K) Class: 8402K(9088K)->8402K(9088K)
[39.301s][info][gc             ] GC(133) Pause Young (Allocation Failure) 529M->336M(954M) 65.799ms
[39.301s][info][gc,cpu         ] GC(133) User=1.38s Sys=0.00s Real=0.06s
[39.936s][info][gc,start       ] GC(134) Pause Young (Allocation Failure)
[39.979s][info][gc,heap        ] GC(134) PSYoungGen: 231488K(278016K)->30546K(279552K) Eden: 216576K(216576K)->0K(216576K) From: 14912K(61440K)->30546K(62976K)
[39.980s][info][gc,heap        ] GC(134) ParOldGen: 329274K(699392K)->341434K(699392K)
[39.980s][info][gc,metaspace   ] GC(134) Metaspace: 65322K(66880K)->65322K(66880K) NonClass: 56919K(57792K)->56919K(57792K) Class: 8402K(9088K)->8402K(9088K)
[39.980s][info][gc             ] GC(134) Pause Young (Allocation Failure) 547M->363M(956M) 43.226ms
[39.980s][info][gc,cpu         ] GC(134) User=0.70s Sys=0.00s Real=0.05s
[40.211s][info][gc,start       ] GC(135) Pause Young (Allocation Failure)
[40.231s][info][gc,heap        ] GC(135) PSYoungGen: 247122K(279552K)->32019K(284160K) Eden: 216576K(216576K)->0K(224768K) From: 30546K(62976K)->32019K(59392K)
[40.231s][info][gc,heap        ] GC(135) ParOldGen: 341434K(699392K)->342880K(699392K)
[40.231s][info][gc,metaspace   ] GC(135) Metaspace: 65365K(66880K)->65365K(66880K) NonClass: 56962K(57792K)->56962K(57792K) Class: 8403K(9088K)->8403K(9088K)
[40.231s][info][gc             ] GC(135) Pause Young (Allocation Failure) 574M->366M(960M) 19.695ms
[40.231s][info][gc,cpu         ] GC(135) User=0.34s Sys=0.00s Real=0.02s
[40.477s][info][gc,start       ] GC(136) Pause Young (Allocation Failure)
[40.484s][info][gc,heap        ] GC(136) PSYoungGen: 256787K(284160K)->9235K(285184K) Eden: 224768K(224768K)->0K(224768K) From: 32019K(59392K)->9235K(60416K)
[40.484s][info][gc,heap        ] GC(136) ParOldGen: 342880K(699392K)->343032K(699392K)
[40.484s][info][gc,metaspace   ] GC(136) Metaspace: 65406K(66880K)->65406K(66880K) NonClass: 57002K(57792K)->57002K(57792K) Class: 8404K(9088K)->8404K(9088K)
[40.484s][info][gc             ] GC(136) Pause Young (Allocation Failure) 585M->344M(961M) 7.093ms
[40.484s][info][gc,cpu         ] GC(136) User=0.00s Sys=0.00s Real=0.00s
[40.754s][info][gc,start       ] GC(137) Pause Young (Allocation Failure)
[40.778s][info][gc,heap        ] GC(137) PSYoungGen: 234003K(285184K)->33155K(287232K) Eden: 224768K(224768K)->0K(228864K) From: 9235K(60416K)->33155K(58368K)
[40.778s][info][gc,heap        ] GC(137) ParOldGen: 343032K(699392K)->346283K(699392K)
[40.778s][info][gc,metaspace   ] GC(137) Metaspace: 65407K(66880K)->65407K(66880K) NonClass: 57002K(57792K)->57002K(57792K) Class: 8404K(9088K)->8404K(9088K)
[40.778s][info][gc             ] GC(137) Pause Young (Allocation Failure) 563M->370M(963M) 24.168ms
[40.778s][info][gc,cpu         ] GC(137) User=0.31s Sys=0.00s Real=0.02s
[41.041s][info][gc,start       ] GC(138) Pause Young (Allocation Failure)
[41.069s][info][gc,heap        ] GC(138) PSYoungGen: 262019K(287232K)->21216K(288256K) Eden: 228864K(228864K)->0K(228864K) From: 33155K(58368K)->21216K(59392K)
[41.069s][info][gc,heap        ] GC(138) ParOldGen: 346283K(699392K)->375451K(699392K)
[41.069s][info][gc,metaspace   ] GC(138) Metaspace: 65421K(66880K)->65421K(66880K) NonClass: 57017K(57792K)->57017K(57792K) Class: 8404K(9088K)->8404K(9088K)
[41.069s][info][gc             ] GC(138) Pause Young (Allocation Failure) 594M->387M(964M) 27.968ms
[41.069s][info][gc,cpu         ] GC(138) User=0.64s Sys=0.00s Real=0.03s
[41.164s][info][gc,start       ] GC(139) Pause Young (Allocation Failure)
[41.189s][info][gc,heap        ] GC(139) PSYoungGen: 250080K(288256K)->37760K(286720K) Eden: 228864K(228864K)->0K(229888K) From: 21216K(59392K)->37760K(56832K)
[41.190s][info][gc,heap        ] GC(139) ParOldGen: 375451K(699392K)->392528K(699392K)
[41.190s][info][gc,metaspace   ] GC(139) Metaspace: 65422K(66880K)->65422K(66880K) NonClass: 57018K(57792K)->57018K(57792K) Class: 8404K(9088K)->8404K(9088K)
[41.190s][info][gc             ] GC(139) Pause Young (Allocation Failure) 610M->420M(963M) 25.406ms
[41.190s][info][gc,cpu         ] GC(139) User=0.36s Sys=0.00s Real=0.02s
[41.524s][info][gc,start       ] GC(140) Pause Young (Allocation Failure)
[41.557s][info][gc,heap        ] GC(140) PSYoungGen: 267467K(286720K)->52930K(283136K) Eden: 229707K(229888K)->0K(229888K) From: 37760K(56832K)->52930K(53248K)
[41.557s][info][gc,heap        ] GC(140) ParOldGen: 392528K(699392K)->426888K(699392K)
[41.557s][info][gc,metaspace   ] GC(140) Metaspace: 65435K(66880K)->65435K(66880K) NonClass: 57031K(57792K)->57031K(57792K) Class: 8404K(9088K)->8404K(9088K)
[41.557s][info][gc             ] GC(140) Pause Young (Allocation Failure) 644M->468M(959M) 32.647ms
[41.557s][info][gc,cpu         ] GC(140) User=0.72s Sys=0.00s Real=0.03s
[41.671s][info][gc,start       ] GC(141) Pause Young (Allocation Failure)
[41.696s][info][gc,heap        ] GC(141) PSYoungGen: 282818K(283136K)->65512K(239616K) Eden: 229888K(229888K)->0K(174080K) From: 52930K(53248K)->65512K(65536K)
[41.696s][info][gc,heap        ] GC(141) ParOldGen: 426888K(699392K)->460507K(699392K)
[41.696s][info][gc,metaspace   ] GC(141) Metaspace: 65485K(66944K)->65485K(66944K) NonClass: 57081K(57856K)->57081K(57856K) Class: 8404K(9088K)->8404K(9088K)
[41.696s][info][gc             ] GC(141) Pause Young (Allocation Failure) 693M->513M(917M) 25.576ms
[41.696s][info][gc,cpu         ] GC(141) User=0.72s Sys=0.00s Real=0.03s
[41.811s][info][gc,start       ] GC(142) Pause Young (Allocation Failure)
[41.827s][info][gc,heap        ] GC(142) PSYoungGen: 239592K(239616K)->39360K(261632K) Eden: 174080K(174080K)->0K(174080K) From: 65512K(65536K)->39360K(87552K)
[41.827s][info][gc,heap        ] GC(142) ParOldGen: 460507K(699392K)->480074K(699392K)
[41.827s][info][gc,metaspace   ] GC(142) Metaspace: 65493K(66944K)->65493K(66944K) NonClass: 57089K(57856K)->57089K(57856K) Class: 8404K(9088K)->8404K(9088K)
[41.827s][info][gc             ] GC(142) Pause Young (Allocation Failure) 683M->507M(938M) 16.065ms
[41.827s][info][gc,cpu         ] GC(142) User=0.34s Sys=0.00s Real=0.02s
[41.971s][info][gc,start       ] GC(143) Pause Young (Allocation Failure)
[42.004s][info][gc,heap        ] GC(143) PSYoungGen: 213440K(261632K)->33991K(248832K) Eden: 174080K(174080K)->0K(177664K) From: 39360K(87552K)->33991K(71168K)
[42.004s][info][gc,heap        ] GC(143) ParOldGen: 480074K(699392K)->497989K(699392K)
[42.004s][info][gc,metaspace   ] GC(143) Metaspace: 65496K(66944K)->65496K(66944K) NonClass: 57092K(57856K)->57092K(57856K) Class: 8404K(9088K)->8404K(9088K)
[42.004s][info][gc             ] GC(143) Pause Young (Allocation Failure) 677M->519M(926M) 33.006ms
[42.004s][info][gc,cpu         ] GC(143) User=0.69s Sys=0.00s Real=0.03s
[42.129s][info][gc,start       ] GC(144) Pause Young (Allocation Failure)
[42.159s][info][gc,heap        ] GC(144) PSYoungGen: 211655K(248832K)->80K(257024K) Eden: 177664K(177664K)->0K(177664K) From: 33991K(71168K)->80K(79360K)
[42.159s][info][gc,heap        ] GC(144) ParOldGen: 497989K(699392K)->531845K(699392K)
[42.159s][info][gc,metaspace   ] GC(144) Metaspace: 65496K(66944K)->65496K(66944K) NonClass: 57092K(57856K)->57092K(57856K) Class: 8404K(9088K)->8404K(9088K)
[42.159s][info][gc             ] GC(144) Pause Young (Allocation Failure) 693M->519M(934M) 29.552ms
[42.159s][info][gc,cpu         ] GC(144) User=0.69s Sys=0.00s Real=0.03s
[42.253s][info][gc,start       ] GC(145) Pause Young (Allocation Failure)
[42.600s][info][gc,heap        ] GC(145) PSYoungGen: 177744K(257024K)->42496K(268800K) Eden: 177664K(177664K)->0K(187392K) From: 80K(79360K)->42496K(81408K)
[42.600s][info][gc,heap        ] GC(145) ParOldGen: 531845K(699392K)->531845K(699392K)
[42.600s][info][gc,metaspace   ] GC(145) Metaspace: 65496K(66944K)->65496K(66944K) NonClass: 57092K(57856K)->57092K(57856K) Class: 8404K(9088K)->8404K(9088K)
[42.600s][info][gc             ] GC(145) Pause Young (Allocation Failure) 692M->560M(945M) 347.453ms
[42.600s][info][gc,cpu         ] GC(145) User=1.95s Sys=0.03s Real=0.35s
[42.697s][info][gc,start       ] GC(146) Pause Young (System.gc())
[42.703s][info][gc,heap        ] GC(146) PSYoungGen: 168243K(268800K)->128K(267776K) Eden: 125747K(187392K)->0K(187392K) From: 42496K(81408K)->128K(80384K)
[42.703s][info][gc,heap        ] GC(146) ParOldGen: 531845K(699392K)->531893K(699392K)
[42.703s][info][gc,metaspace   ] GC(146) Metaspace: 65496K(66944K)->65496K(66944K) NonClass: 57092K(57856K)->57092K(57856K) Class: 8404K(9088K)->8404K(9088K)
[42.703s][info][gc             ] GC(146) Pause Young (System.gc()) 683M->519M(944M) 5.492ms
[42.703s][info][gc,cpu         ] GC(146) User=0.00s Sys=0.00s Real=0.00s
[42.703s][info][gc,start       ] GC(147) Pause Full (System.gc())
[42.703s][info][gc,phases,start] GC(147) Marking Phase
[42.754s][info][gc,phases      ] GC(147) Marking Phase 50.718ms
[42.754s][info][gc,phases,start] GC(147) Summary Phase
[42.754s][info][gc,phases      ] GC(147) Summary Phase 0.019ms
[42.754s][info][gc,phases,start] GC(147) Adjust Roots
[42.763s][info][gc,phases      ] GC(147) Adjust Roots 8.606ms
[42.763s][info][gc,phases,start] GC(147) Compaction Phase
[42.785s][info][gc,phases      ] GC(147) Compaction Phase 22.372ms
[42.785s][info][gc,phases,start] GC(147) Post Compact
[42.788s][info][gc,phases      ] GC(147) Post Compact 2.840ms
[42.788s][info][gc,heap        ] GC(147) PSYoungGen: 128K(267776K)->0K(267776K) Eden: 0K(187392K)->0K(187392K) From: 128K(80384K)->0K(80384K)
[42.788s][info][gc,heap        ] GC(147) ParOldGen: 531893K(699392K)->147412K(699392K)
[42.788s][info][gc,metaspace   ] GC(147) Metaspace: 65496K(66944K)->65496K(66944K) NonClass: 57092K(57856K)->57092K(57856K) Class: 8404K(9088K)->8404K(9088K)
[42.788s][info][gc             ] GC(147) Pause Full (System.gc()) 519M->143M(944M) 84.866ms
[42.788s][info][gc,cpu         ] GC(147) User=1.45s Sys=0.00s Real=0.09s
[42.952s][info][gc,start       ] GC(148) Pause Young (Allocation Failure)
[42.970s][info][gc,heap        ] GC(148) PSYoungGen: 187392K(267776K)->53856K(260096K) Eden: 187392K(187392K)->0K(179200K) From: 0K(80384K)->53856K(80896K)
[42.971s][info][gc,heap        ] GC(148) ParOldGen: 147412K(699392K)->147420K(699392K)
[42.971s][info][gc,metaspace   ] GC(148) Metaspace: 65597K(66944K)->65597K(66944K) NonClass: 57192K(57856K)->57192K(57856K) Class: 8405K(9088K)->8405K(9088K)
[42.971s][info][gc             ] GC(148) Pause Young (Allocation Failure) 326M->196M(937M) 19.041ms
[42.971s][info][gc,cpu         ] GC(148) User=0.19s Sys=0.00s Real=0.01s
[43.118s][info][gc,start       ] GC(149) Pause Young (Allocation Failure)
[43.162s][info][gc,heap        ] GC(149) PSYoungGen: 233056K(260096K)->47584K(226816K) Eden: 179200K(179200K)->0K(179200K) From: 53856K(80896K)->47584K(47616K)
[43.162s][info][gc,heap        ] GC(149) ParOldGen: 147420K(699392K)->194944K(699392K)
[43.162s][info][gc,metaspace   ] GC(149) Metaspace: 65598K(66944K)->65598K(66944K) NonClass: 57193K(57856K)->57193K(57856K) Class: 8405K(9088K)->8405K(9088K)
[43.162s][info][gc             ] GC(149) Pause Young (Allocation Failure) 371M->236M(904M) 44.695ms
[43.163s][info][gc,cpu         ] GC(149) User=0.92s Sys=0.00s Real=0.04s
[43.306s][info][gc,start       ] GC(150) Pause Young (Allocation Failure)
[43.342s][info][gc,heap        ] GC(150) PSYoungGen: 226784K(226816K)->27456K(267776K) Eden: 179200K(179200K)->0K(182272K) From: 47584K(47616K)->27456K(85504K)
[43.342s][info][gc,heap        ] GC(150) ParOldGen: 194944K(699392K)->237760K(699392K)
[43.342s][info][gc,metaspace   ] GC(150) Metaspace: 65606K(66944K)->65606K(66944K) NonClass: 57201K(57856K)->57201K(57856K) Class: 8405K(9088K)->8405K(9088K)
[43.342s][info][gc             ] GC(150) Pause Young (Allocation Failure) 411M->259M(944M) 36.162ms
[43.342s][info][gc,cpu         ] GC(150) User=1.00s Sys=0.00s Real=0.05s
[43.441s][info][gc,start       ] GC(151) Pause Young (Allocation Failure)
[43.465s][info][gc,heap        ] GC(151) PSYoungGen: 209728K(267776K)->16448K(199168K) Eden: 182272K(182272K)->0K(182272K) From: 27456K(85504K)->16448K(16896K)
[43.465s][info][gc,heap        ] GC(151) ParOldGen: 237760K(699392K)->262560K(699392K)
[43.465s][info][gc,metaspace   ] GC(151) Metaspace: 65619K(66944K)->65619K(66944K) NonClass: 57213K(57856K)->57213K(57856K) Class: 8405K(9088K)->8405K(9088K)
[43.465s][info][gc             ] GC(151) Pause Young (Allocation Failure) 437M->272M(877M) 24.599ms
[43.465s][info][gc,cpu         ] GC(151) User=0.69s Sys=0.00s Real=0.03s
[43.580s][info][gc,start       ] GC(152) Pause Young (Allocation Failure)
[43.618s][info][gc,heap        ] GC(152) PSYoungGen: 198720K(199168K)->26848K(265728K) Eden: 182272K(182272K)->0K(186368K) From: 16448K(16896K)->26848K(79360K)
[43.618s][info][gc,heap        ] GC(152) ParOldGen: 262560K(699392K)->277448K(699392K)
[43.618s][info][gc,metaspace   ] GC(152) Metaspace: 65619K(66944K)->65619K(66944K) NonClass: 57213K(57856K)->57213K(57856K) Class: 8405K(9088K)->8405K(9088K)
[43.618s][info][gc             ] GC(152) Pause Young (Allocation Failure) 450M->297M(942M) 38.663ms
[43.619s][info][gc,cpu         ] GC(152) User=0.66s Sys=0.00s Real=0.03s
[43.724s][info][gc,start       ] GC(153) Pause Young (Allocation Failure)
[43.751s][info][gc,heap        ] GC(153) PSYoungGen: 213216K(265728K)->14176K(261632K) Eden: 186368K(186368K)->0K(186368K) From: 26848K(79360K)->14176K(75264K)
[43.751s][info][gc,heap        ] GC(153) ParOldGen: 277448K(699392K)->301768K(699392K)
[43.751s][info][gc,metaspace   ] GC(153) Metaspace: 65619K(66944K)->65619K(66944K) NonClass: 57213K(57856K)->57213K(57856K) Class: 8405K(9088K)->8405K(9088K)
[43.751s][info][gc             ] GC(153) Pause Young (Allocation Failure) 479M->308M(938M) 27.982ms
[43.752s][info][gc,cpu         ] GC(153) User=0.69s Sys=0.00s Real=0.03s
[43.861s][info][gc,start       ] GC(154) Pause Young (Allocation Failure)
[43.923s][info][gc,heap        ] GC(154) PSYoungGen: 200544K(261632K)->13376K(269824K) Eden: 186368K(186368K)->0K(196096K) From: 14176K(75264K)->13376K(73728K)
[43.923s][info][gc,heap        ] GC(154) ParOldGen: 301768K(699392K)->312728K(699392K)
[43.923s][info][gc,metaspace   ] GC(154) Metaspace: 65619K(66944K)->65619K(66944K) NonClass: 57213K(57856K)->57213K(57856K) Class: 8405K(9088K)->8405K(9088K)
[43.923s][info][gc             ] GC(154) Pause Young (Allocation Failure) 490M->318M(946M) 62.778ms
[43.923s][info][gc,cpu         ] GC(154) User=1.38s Sys=0.00s Real=0.06s
[44.040s][info][gc,start       ] GC(155) Pause Young (Allocation Failure)
[44.104s][info][gc,heap        ] GC(155) PSYoungGen: 209472K(269824K)->14976K(268288K) Eden: 196096K(196096K)->0K(196096K) From: 13376K(73728K)->14976K(72192K)
[44.104s][info][gc,heap        ] GC(155) ParOldGen: 312728K(699392K)->323600K(699392K)
[44.104s][info][gc,metaspace   ] GC(155) Metaspace: 65619K(66944K)->65619K(66944K) NonClass: 57213K(57856K)->57213K(57856K) Class: 8405K(9088K)->8405K(9088K)
[44.104s][info][gc             ] GC(155) Pause Young (Allocation Failure) 509M->330M(945M) 63.867ms
[44.104s][info][gc,cpu         ] GC(155) User=1.39s Sys=0.00s Real=0.08s
[44.280s][info][gc,start       ] GC(156) Pause Young (Allocation Failure)
[44.335s][info][gc,heap        ] GC(156) PSYoungGen: 211072K(268288K)->13472K(274432K) Eden: 196096K(196096K)->0K(205824K) From: 14976K(72192K)->13472K(68608K)
[44.335s][info][gc,heap        ] GC(156) ParOldGen: 323600K(699392K)->336752K(699392K)
[44.335s][info][gc,metaspace   ] GC(156) Metaspace: 65619K(66944K)->65619K(66944K) NonClass: 57214K(57856K)->57214K(57856K) Class: 8405K(9088K)->8405K(9088K)
[44.335s][info][gc             ] GC(156) Pause Young (Allocation Failure) 522M->342M(951M) 54.992ms
[44.335s][info][gc,cpu         ] GC(156) User=1.03s Sys=0.00s Real=0.05s
[44.632s][info][gc,start       ] GC(157) Pause Young (Allocation Failure)
[44.669s][info][gc,heap        ] GC(157) PSYoungGen: 219296K(274432K)->14656K(273408K) Eden: 205824K(205824K)->0K(205824K) From: 13472K(68608K)->14656K(67584K)
[44.669s][info][gc,heap        ] GC(157) ParOldGen: 336752K(699392K)->346104K(699392K)
[44.669s][info][gc,metaspace   ] GC(157) Metaspace: 65630K(66944K)->65630K(66944K) NonClass: 57225K(57856K)->57225K(57856K) Class: 8405K(9088K)->8405K(9088K)
[44.669s][info][gc             ] GC(157) Pause Young (Allocation Failure) 543M->352M(950M) 37.052ms
[44.669s][info][gc,cpu         ] GC(157) User=1.03s Sys=0.00s Real=0.05s
[45.051s][info][gc,start       ] GC(158) Pause Young (Allocation Failure)
[45.076s][info][gc,heap        ] GC(158) PSYoungGen: 220480K(273408K)->7584K(280064K) Eden: 205824K(205824K)->0K(214528K) From: 14656K(67584K)->7584K(65536K)
[45.077s][info][gc,heap        ] GC(158) ParOldGen: 346104K(699392K)->356928K(699392K)
[45.077s][info][gc,metaspace   ] GC(158) Metaspace: 65647K(66944K)->65647K(66944K) NonClass: 57242K(57856K)->57242K(57856K) Class: 8405K(9088K)->8405K(9088K)
[45.077s][info][gc             ] GC(158) Pause Young (Allocation Failure) 553M->355M(956M) 25.758ms
[45.077s][info][gc,cpu         ] GC(158) User=0.69s Sys=0.00s Real=0.03s
[45.788s][info][gc,start       ] GC(159) Pause Young (Allocation Failure)
[45.849s][info][gc,heap        ] GC(159) PSYoungGen: 222112K(280064K)->30847K(278528K) Eden: 214528K(214528K)->0K(214528K) From: 7584K(65536K)->30847K(64000K)
[45.849s][info][gc,heap        ] GC(159) ParOldGen: 356928K(699392K)->363064K(699392K)
[45.849s][info][gc,metaspace   ] GC(159) Metaspace: 65674K(67008K)->65674K(67008K) NonClass: 57269K(57920K)->57269K(57920K) Class: 8405K(9088K)->8405K(9088K)
[45.849s][info][gc             ] GC(159) Pause Young (Allocation Failure) 565M->384M(955M) 60.748ms
[45.849s][info][gc,cpu         ] GC(159) User=1.05s Sys=0.00s Real=0.06s
[46.025s][info][gc,start       ] GC(160) Pause Young (Allocation Failure)
[46.062s][info][gc,heap        ] GC(160) PSYoungGen: 245375K(278528K)->61984K(265728K) Eden: 214528K(214528K)->0K(202752K) From: 30847K(64000K)->61984K(62976K)
[46.062s][info][gc,heap        ] GC(160) ParOldGen: 363064K(699392K)->384369K(699392K)
[46.062s][info][gc,metaspace   ] GC(160) Metaspace: 65681K(67008K)->65681K(67008K) NonClass: 57276K(57920K)->57276K(57920K) Class: 8405K(9088K)->8405K(9088K)
[46.062s][info][gc             ] GC(160) Pause Young (Allocation Failure) 594M->435M(942M) 36.527ms
[46.062s][info][gc,cpu         ] GC(160) User=0.69s Sys=0.00s Real=0.03s
[46.152s][info][gc,start       ] GC(161) Pause Young (Allocation Failure)
[46.196s][info][gc,heap        ] GC(161) PSYoungGen: 264524K(265728K)->45344K(248320K) Eden: 202539K(202752K)->0K(202752K) From: 61984K(62976K)->45344K(45568K)
[46.196s][info][gc,heap        ] GC(161) ParOldGen: 384369K(699392K)->444121K(699392K)
[46.196s][info][gc,metaspace   ] GC(161) Metaspace: 65687K(67008K)->65687K(67008K) NonClass: 57281K(57920K)->57281K(57920K) Class: 8405K(9088K)->8405K(9088K)
[46.196s][info][gc             ] GC(161) Pause Young (Allocation Failure) 633M->477M(925M) 44.333ms
[46.196s][info][gc,cpu         ] GC(161) User=1.03s Sys=0.00s Real=0.05s
[46.289s][info][gc,start       ] GC(162) Pause Young (Allocation Failure)
[46.324s][info][gc,heap        ] GC(162) PSYoungGen: 248096K(248320K)->29056K(278528K) Eden: 202752K(202752K)->0K(203264K) From: 45344K(45568K)->29056K(75264K)
[46.324s][info][gc,heap        ] GC(162) ParOldGen: 444121K(699392K)->486401K(699392K)
[46.324s][info][gc,metaspace   ] GC(162) Metaspace: 65687K(67008K)->65687K(67008K) NonClass: 57281K(57920K)->57281K(57920K) Class: 8405K(9088K)->8405K(9088K)
[46.324s][info][gc             ] GC(162) Pause Young (Allocation Failure) 675M->503M(955M) 34.576ms
[46.324s][info][gc,cpu         ] GC(162) User=0.69s Sys=0.00s Real=0.03s
[46.412s][info][gc,start       ] GC(163) Pause Young (Allocation Failure)
[46.441s][info][gc,heap        ] GC(163) PSYoungGen: 232320K(278528K)->20096K(223744K) Eden: 203264K(203264K)->0K(203264K) From: 29056K(75264K)->20096K(20480K)
[46.441s][info][gc,heap        ] GC(163) ParOldGen: 486401K(699392K)->512137K(699392K)
[46.441s][info][gc,metaspace   ] GC(163) Metaspace: 65687K(67008K)->65687K(67008K) NonClass: 57281K(57920K)->57281K(57920K) Class: 8405K(9088K)->8405K(9088K)
[46.441s][info][gc             ] GC(163) Pause Young (Allocation Failure) 701M->519M(901M) 28.459ms
[46.441s][info][gc,cpu         ] GC(163) User=0.34s Sys=0.00s Real=0.02s
[46.546s][info][gc,start       ] GC(164) Pause Young (Allocation Failure)
[46.585s][info][gc,heap        ] GC(164) PSYoungGen: 223360K(223744K)->38112K(271360K) Eden: 203264K(203264K)->0K(203264K) From: 20096K(20480K)->38112K(68096K)
[46.585s][info][gc,heap        ] GC(164) ParOldGen: 512137K(699392K)->530497K(699392K)
[46.585s][info][gc,metaspace   ] GC(164) Metaspace: 65687K(67008K)->65687K(67008K) NonClass: 57281K(57920K)->57281K(57920K) Class: 8405K(9088K)->8405K(9088K)
[46.585s][info][gc             ] GC(164) Pause Young (Allocation Failure) 718M->555M(948M) 39.668ms
[46.585s][info][gc,cpu         ] GC(164) User=0.98s Sys=0.00s Real=0.05s
[46.678s][info][gc,start       ] GC(165) Pause Young (Allocation Failure)
[46.710s][info][gc,heap        ] GC(165) PSYoungGen: 241376K(271360K)->17024K(271360K) Eden: 203264K(203264K)->0K(203264K) From: 38112K(68096K)->17024K(68096K)
[46.710s][info][gc,heap        ] GC(165) ParOldGen: 530497K(699392K)->561761K(699392K)
[46.710s][info][gc,metaspace   ] GC(165) Metaspace: 65687K(67008K)->65687K(67008K) NonClass: 57281K(57920K)->57281K(57920K) Class: 8405K(9088K)->8405K(9088K)
[46.710s][info][gc             ] GC(165) Pause Young (Allocation Failure) 753M->565M(948M) 32.113ms
[46.710s][info][gc,cpu         ] GC(165) User=0.69s Sys=0.00s Real=0.03s
[46.809s][info][gc,start       ] GC(166) Pause Young (Allocation Failure)
[46.913s][info][gc,heap        ] GC(166) PSYoungGen: 220288K(271360K)->16000K(279552K) Eden: 203264K(203264K)->0K(214528K) From: 17024K(68096K)->16000K(65024K)
[46.913s][info][gc,heap        ] GC(166) ParOldGen: 561761K(699392K)->575233K(699392K)
[46.913s][info][gc,metaspace   ] GC(166) Metaspace: 65688K(67008K)->65688K(67008K) NonClass: 57283K(57920K)->57283K(57920K) Class: 8405K(9088K)->8405K(9088K)
[46.913s][info][gc             ] GC(166) Pause Young (Allocation Failure) 763M->577M(956M) 104.328ms
[46.913s][info][gc,cpu         ] GC(166) User=2.41s Sys=0.00s Real=0.11s
[47.035s][info][gc,start       ] GC(167) Pause Young (Allocation Failure)
[47.124s][info][gc,heap        ] GC(167) PSYoungGen: 230528K(279552K)->14752K(279040K) Eden: 214528K(214528K)->0K(214528K) From: 16000K(65024K)->14752K(64512K)
[47.149s][info][gc,heap        ] GC(167) ParOldGen: 575233K(699392K)->587681K(699392K)
[47.149s][info][gc,metaspace   ] GC(167) Metaspace: 65694K(67072K)->65694K(67072K) NonClass: 57289K(57984K)->57289K(57984K) Class: 8405K(9088K)->8405K(9088K)
[47.149s][info][gc             ] GC(167) Pause Young (Allocation Failure) 786M->588M(955M) 113.619ms
[47.149s][info][gc,cpu         ] GC(167) User=1.72s Sys=0.00s Real=0.11s
[47.826s][info][gc,start       ] GC(168) Pause Young (Allocation Failure)
[47.912s][info][gc,heap        ] GC(168) PSYoungGen: 229280K(279040K)->12307K(283136K) Eden: 214528K(214528K)->0K(220672K) From: 14752K(64512K)->12307K(62464K)
[47.912s][info][gc,heap        ] GC(168) ParOldGen: 587681K(699392K)->601233K(699392K)
[47.912s][info][gc,metaspace   ] GC(168) Metaspace: 65739K(67072K)->65739K(67072K) NonClass: 57333K(57984K)->57333K(57984K) Class: 8405K(9088K)->8405K(9088K)
[47.912s][info][gc             ] GC(168) Pause Young (Allocation Failure) 797M->599M(959M) 86.050ms
[47.912s][info][gc,cpu         ] GC(168) User=1.72s Sys=0.00s Real=0.08s
[48.157s][info][gc,start       ] GC(169) Pause Young (Allocation Failure)
[48.198s][info][gc,heap        ] GC(169) PSYoungGen: 232979K(283136K)->1793K(282112K) Eden: 220672K(220672K)->0K(220672K) From: 12307K(62464K)->1793K(61440K)
[48.198s][info][gc,heap        ] GC(169) ParOldGen: 601233K(699392K)->606287K(699392K)
[48.198s][info][gc,metaspace   ] GC(169) Metaspace: 65777K(67072K)->65777K(67072K) NonClass: 57372K(57984K)->57372K(57984K) Class: 8405K(9088K)->8405K(9088K)
[48.198s][info][gc             ] GC(169) Pause Young (Allocation Failure) 814M->593M(958M) 41.557ms
[48.198s][info][gc,cpu         ] GC(169) User=1.08s Sys=0.00s Real=0.05s
[48.363s][info][gc,start       ] GC(170) Pause Young (Allocation Failure)
[48.387s][info][gc,heap        ] GC(170) PSYoungGen: 222465K(282112K)->31712K(287232K) Eden: 220672K(220672K)->0K(225792K) From: 1793K(61440K)->31712K(61440K)
[48.387s][info][gc,heap        ] GC(170) ParOldGen: 606287K(699392K)->607156K(699392K)
[48.387s][info][gc,metaspace   ] GC(170) Metaspace: 65786K(67072K)->65786K(67072K) NonClass: 57381K(57984K)->57381K(57984K) Class: 8405K(9088K)->8405K(9088K)
[48.387s][info][gc             ] GC(170) Pause Young (Allocation Failure) 809M->623M(963M) 23.831ms
[48.387s][info][gc,cpu         ] GC(170) User=0.36s Sys=0.00s Real=0.02s
[48.601s][info][gc,start       ] GC(171) Pause Young (Allocation Failure)
[48.634s][info][gc,heap        ] GC(171) PSYoungGen: 257504K(287232K)->34211K(286720K) Eden: 225792K(225792K)->0K(225792K) From: 31712K(61440K)->34211K(60928K)
[48.634s][info][gc,heap        ] GC(171) ParOldGen: 607156K(699392K)->638652K(699392K)
[48.634s][info][gc,metaspace   ] GC(171) Metaspace: 65820K(67136K)->65820K(67136K) NonClass: 57414K(58048K)->57414K(58048K) Class: 8405K(9088K)->8405K(9088K)
[48.634s][info][gc             ] GC(171) Pause Young (Allocation Failure) 844M->657M(963M) 32.429ms
[48.634s][info][gc,cpu         ] GC(171) User=0.72s Sys=0.00s Real=0.03s
[48.954s][info][gc,start       ] GC(172) Pause Young (Allocation Failure)
[48.965s][info][gc,heap        ] GC(172) PSYoungGen: 260003K(286720K)->8384K(286720K) Eden: 225792K(225792K)->0K(226816K) From: 34211K(60928K)->8384K(59904K)
[48.965s][info][gc,heap        ] GC(172) ParOldGen: 638652K(699392K)->638843K(699392K)
[48.965s][info][gc,metaspace   ] GC(172) Metaspace: 65853K(67136K)->65853K(67136K) NonClass: 57447K(58048K)->57447K(58048K) Class: 8406K(9088K)->8406K(9088K)
[48.965s][info][gc             ] GC(172) Pause Young (Allocation Failure) 877M->632M(963M) 10.546ms
[48.965s][info][gc,cpu         ] GC(172) User=0.36s Sys=0.00s Real=0.01s
[49.068s][info][gc,start       ] GC(173) Pause Young (Allocation Failure)
[49.088s][info][gc,heap        ] GC(173) PSYoungGen: 235200K(286720K)->34568K(287232K) Eden: 226816K(226816K)->0K(226816K) From: 8384K(59904K)->34568K(60416K)
[49.088s][info][gc,heap        ] GC(173) ParOldGen: 638843K(699392K)->646261K(699392K)
[49.088s][info][gc,metaspace   ] GC(173) Metaspace: 65854K(67136K)->65854K(67136K) NonClass: 57448K(58048K)->57448K(58048K) Class: 8406K(9088K)->8406K(9088K)
[49.088s][info][gc             ] GC(173) Pause Young (Allocation Failure) 853M->664M(963M) 20.283ms
[49.088s][info][gc,cpu         ] GC(173) User=0.69s Sys=0.03s Real=0.03s
[49.304s][info][gc,start       ] GC(174) Pause Young (Allocation Failure)
[49.340s][info][gc,heap        ] GC(174) PSYoungGen: 261384K(287232K)->38816K(284160K) Eden: 226816K(226816K)->0K(223232K) From: 34568K(60416K)->38816K(60928K)
[49.340s][info][gc,heap        ] GC(174) ParOldGen: 646261K(699392K)->676269K(699392K)
[49.340s][info][gc,metaspace   ] GC(174) Metaspace: 65878K(67136K)->65878K(67136K) NonClass: 57472K(58048K)->57472K(58048K) Class: 8406K(9088K)->8406K(9088K)
[49.340s][info][gc             ] GC(174) Pause Young (Allocation Failure) 886M->698M(960M) 35.780ms
[49.340s][info][gc,cpu         ] GC(174) User=0.66s Sys=0.06s Real=0.03s
[49.340s][info][gc,start       ] GC(175) Pause Full (Ergonomics)
[49.340s][info][gc,phases,start] GC(175) Marking Phase
[49.400s][info][gc,phases      ] GC(175) Marking Phase 59.846ms
[49.400s][info][gc,phases,start] GC(175) Summary Phase
[49.400s][info][gc,phases      ] GC(175) Summary Phase 0.029ms
[49.400s][info][gc,phases,start] GC(175) Adjust Roots
[49.409s][info][gc,phases      ] GC(175) Adjust Roots 8.766ms
[49.409s][info][gc,phases,start] GC(175) Compaction Phase
[49.480s][info][gc,phases      ] GC(175) Compaction Phase 70.999ms
[49.480s][info][gc,phases,start] GC(175) Post Compact
[49.484s][info][gc,phases      ] GC(175) Post Compact 3.514ms
[49.485s][info][gc,heap        ] GC(175) PSYoungGen: 38816K(284160K)->0K(286208K) Eden: 0K(223232K)->0K(223232K) From: 38816K(60928K)->0K(62976K)
[49.485s][info][gc,heap        ] GC(175) ParOldGen: 676269K(699392K)->223194K(668160K)
[49.485s][info][gc,metaspace   ] GC(175) Metaspace: 65878K(67136K)->65878K(67136K) NonClass: 57472K(58048K)->57472K(58048K) Class: 8406K(9088K)->8406K(9088K)
[49.485s][info][gc             ] GC(175) Pause Full (Ergonomics) 698M->217M(932M) 144.671ms
[49.485s][info][gc,cpu         ] GC(175) User=2.00s Sys=0.00s Real=0.14s
[49.669s][info][gc,start       ] GC(176) Pause Young (Allocation Failure)
[49.674s][info][gc,heap        ] GC(176) PSYoungGen: 218931K(286208K)->52099K(273920K) Eden: 218931K(223232K)->0K(210944K) From: 0K(62976K)->52099K(62976K)
[49.674s][info][gc,heap        ] GC(176) ParOldGen: 223194K(668160K)->223202K(668160K)
[49.674s][info][gc,metaspace   ] GC(176) Metaspace: 65892K(67136K)->65892K(67136K) NonClass: 57486K(58048K)->57486K(58048K) Class: 8406K(9088K)->8406K(9088K)
[49.674s][info][gc             ] GC(176) Pause Young (Allocation Failure) 431M->268M(920M) 5.244ms
[49.674s][info][gc,cpu         ] GC(176) User=0.00s Sys=0.00s Real=0.00s
[49.735s][info][gc,start       ] GC(177) Pause Young (Allocation Failure)
[49.750s][info][gc,heap        ] GC(177) PSYoungGen: 263043K(273920K)->62551K(273920K) Eden: 210944K(210944K)->0K(210944K) From: 52099K(62976K)->62551K(62976K)
[49.750s][info][gc,heap        ] GC(177) ParOldGen: 223202K(668160K)->250900K(668160K)
[49.750s][info][gc,metaspace   ] GC(177) Metaspace: 65898K(67136K)->65898K(67136K) NonClass: 57492K(58048K)->57492K(58048K) Class: 8406K(9088K)->8406K(9088K)
[49.750s][info][gc             ] GC(177) Pause Young (Allocation Failure) 474M->306M(920M) 14.997ms
[49.750s][info][gc,cpu         ] GC(177) User=0.34s Sys=0.00s Real=0.02s
[49.863s][info][gc,start       ] GC(178) Pause Young (Allocation Failure)
[49.899s][info][gc,heap        ] GC(178) PSYoungGen: 273495K(273920K)->44263K(268800K) Eden: 210944K(210944K)->0K(193536K) From: 62551K(62976K)->44263K(75264K)
[49.899s][info][gc,heap        ] GC(178) ParOldGen: 250900K(668160K)->271032K(668160K)
[49.899s][info][gc,metaspace   ] GC(178) Metaspace: 65907K(67136K)->65907K(67136K) NonClass: 57501K(58048K)->57501K(58048K) Class: 8406K(9088K)->8406K(9088K)
[49.899s][info][gc             ] GC(178) Pause Young (Allocation Failure) 512M->307M(915M) 36.365ms
[49.899s][info][gc,cpu         ] GC(178) User=1.03s Sys=0.00s Real=0.05s
[49.980s][info][gc,start       ] GC(179) Pause Young (Allocation Failure)
[50.016s][info][gc,heap        ] GC(179) PSYoungGen: 237799K(268800K)->128K(194048K) Eden: 193536K(193536K)->0K(193536K) From: 44263K(75264K)->128K(512K)
[50.016s][info][gc,heap        ] GC(179) ParOldGen: 271032K(668160K)->315112K(668160K)
[50.016s][info][gc,metaspace   ] GC(179) Metaspace: 65907K(67136K)->65907K(67136K) NonClass: 57501K(58048K)->57501K(58048K) Class: 8406K(9088K)->8406K(9088K)
[50.016s][info][gc             ] GC(179) Pause Young (Allocation Failure) 496M->307M(842M) 36.411ms
[50.016s][info][gc,cpu         ] GC(179) User=0.66s Sys=0.00s Real=0.03s
[50.105s][info][gc,start       ] GC(180) Pause Young (Allocation Failure)
[50.564s][info][gc,heap        ] GC(180) PSYoungGen: 193664K(194048K)->42560K(270336K) Eden: 193536K(193536K)->0K(191488K) From: 128K(512K)->42560K(78848K)
[50.564s][info][gc,heap        ] GC(180) ParOldGen: 315112K(668160K)->315120K(668160K)
[50.564s][info][gc,metaspace   ] GC(180) Metaspace: 65907K(67136K)->65907K(67136K) NonClass: 57501K(58048K)->57501K(58048K) Class: 8406K(9088K)->8406K(9088K)
[50.564s][info][gc             ] GC(180) Pause Young (Allocation Failure) 496M->349M(916M) 458.459ms
[50.564s][info][gc,cpu         ] GC(180) User=1.89s Sys=0.00s Real=0.45s
[50.672s][info][gc,start       ] GC(181) Pause Young (System.gc())
[50.677s][info][gc,heap        ] GC(181) PSYoungGen: 187061K(270336K)->96K(192000K) Eden: 144501K(191488K)->0K(191488K) From: 42560K(78848K)->96K(512K)
[50.677s][info][gc,heap        ] GC(181) ParOldGen: 315120K(668160K)->315168K(668160K)
[50.678s][info][gc,metaspace   ] GC(181) Metaspace: 65907K(67136K)->65907K(67136K) NonClass: 57501K(58048K)->57501K(58048K) Class: 8406K(9088K)->8406K(9088K)
[50.678s][info][gc             ] GC(181) Pause Young (System.gc()) 490M->307M(840M) 5.562ms
[50.678s][info][gc,cpu         ] GC(181) User=0.20s Sys=0.00s Real=0.02s
[50.678s][info][gc,start       ] GC(182) Pause Full (System.gc())
[50.678s][info][gc,phases,start] GC(182) Marking Phase
[50.733s][info][gc,phases      ] GC(182) Marking Phase 54.855ms
[50.733s][info][gc,phases,start] GC(182) Summary Phase
[50.733s][info][gc,phases      ] GC(182) Summary Phase 0.015ms
[50.733s][info][gc,phases,start] GC(182) Adjust Roots
[50.741s][info][gc,phases      ] GC(182) Adjust Roots 8.107ms
[50.741s][info][gc,phases,start] GC(182) Compaction Phase
[50.762s][info][gc,phases      ] GC(182) Compaction Phase 20.997ms
[50.762s][info][gc,phases,start] GC(182) Post Compact
[50.764s][info][gc,phases      ] GC(182) Post Compact 2.082ms
[50.764s][info][gc,heap        ] GC(182) PSYoungGen: 96K(192000K)->0K(192000K) Eden: 0K(191488K)->0K(191488K) From: 96K(512K)->0K(512K)
[50.764s][info][gc,heap        ] GC(182) ParOldGen: 315168K(668160K)->147499K(668160K)
[50.764s][info][gc,metaspace   ] GC(182) Metaspace: 65907K(67136K)->65907K(67136K) NonClass: 57501K(58048K)->57501K(58048K) Class: 8406K(9088K)->8406K(9088K)
[50.764s][info][gc             ] GC(182) Pause Full (System.gc()) 307M->144M(840M) 86.412ms
[50.764s][info][gc,cpu         ] GC(182) User=1.02s Sys=0.00s Real=0.08s
[50.896s][info][gc,start       ] GC(183) Pause Young (Allocation Failure)
[50.918s][info][gc,heap        ] GC(183) PSYoungGen: 191488K(192000K)->63168K(253440K) Eden: 191488K(191488K)->0K(174080K) From: 0K(512K)->63168K(79360K)
[50.918s][info][gc,heap        ] GC(183) ParOldGen: 147499K(668160K)->147507K(668160K)
[50.918s][info][gc,metaspace   ] GC(183) Metaspace: 65957K(67200K)->65957K(67200K) NonClass: 57549K(58112K)->57549K(58112K) Class: 8407K(9088K)->8407K(9088K)
[50.918s][info][gc             ] GC(183) Pause Young (Allocation Failure) 331M->205M(900M) 22.157ms
[50.918s][info][gc,cpu         ] GC(183) User=0.31s Sys=0.00s Real=0.02s
[51.005s][info][gc,start       ] GC(184) Pause Young (Allocation Failure)
[51.043s][info][gc,heap        ] GC(184) PSYoungGen: 237248K(253440K)->37088K(261632K) Eden: 174080K(174080K)->0K(174080K) From: 63168K(79360K)->37088K(87552K)
[51.043s][info][gc,heap        ] GC(184) ParOldGen: 147507K(668160K)->204420K(668160K)
[51.043s][info][gc,metaspace   ] GC(184) Metaspace: 65959K(67200K)->65959K(67200K) NonClass: 57551K(58112K)->57551K(58112K) Class: 8407K(9088K)->8407K(9088K)
[51.043s][info][gc             ] GC(184) Pause Young (Allocation Failure) 375M->235M(908M) 38.671ms
[51.044s][info][gc,cpu         ] GC(184) User=0.66s Sys=0.00s Real=0.03s
[51.134s][info][gc,start       ] GC(185) Pause Young (Allocation Failure)
[51.167s][info][gc,heap        ] GC(185) PSYoungGen: 211168K(261632K)->24672K(249856K) Eden: 174080K(174080K)->0K(177664K) From: 37088K(87552K)->24672K(72192K)
[51.167s][info][gc,heap        ] GC(185) ParOldGen: 204420K(668160K)->237156K(668160K)
[51.167s][info][gc,metaspace   ] GC(185) Metaspace: 65972K(67200K)->65972K(67200K) NonClass: 57565K(58112K)->57565K(58112K) Class: 8407K(9088K)->8407K(9088K)
[51.167s][info][gc             ] GC(185) Pause Young (Allocation Failure) 405M->255M(896M) 33.240ms
[51.167s][info][gc,cpu         ] GC(185) User=0.66s Sys=0.00s Real=0.03s
[51.265s][info][gc,start       ] GC(186) Pause Young (Allocation Failure)
[51.289s][info][gc,heap        ] GC(186) PSYoungGen: 202336K(249856K)->16160K(257536K) Eden: 177664K(177664K)->0K(177664K) From: 24672K(72192K)->16160K(79872K)
[51.289s][info][gc,heap        ] GC(186) ParOldGen: 237156K(668160K)->261284K(668160K)
[51.289s][info][gc,metaspace   ] GC(186) Metaspace: 65976K(67200K)->65976K(67200K) NonClass: 57568K(58112K)->57568K(58112K) Class: 8407K(9088K)->8407K(9088K)
[51.289s][info][gc             ] GC(186) Pause Young (Allocation Failure) 429M->270M(904M) 24.396ms
[51.289s][info][gc,cpu         ] GC(186) User=0.66s Sys=0.00s Real=0.03s
[51.401s][info][gc,start       ] GC(187) Pause Young (Allocation Failure)
[51.436s][info][gc,heap        ] GC(187) PSYoungGen: 193824K(257536K)->26576K(258048K) Eden: 177664K(177664K)->0K(191488K) From: 16160K(79872K)->26576K(66560K)
[51.436s][info][gc,heap        ] GC(187) ParOldGen: 261284K(668160K)->275948K(668160K)
[51.436s][info][gc,metaspace   ] GC(187) Metaspace: 65976K(67200K)->65976K(67200K) NonClass: 57568K(58112K)->57568K(58112K) Class: 8407K(9088K)->8407K(9088K)
[51.436s][info][gc             ] GC(187) Pause Young (Allocation Failure) 444M->295M(904M) 34.671ms
[51.436s][info][gc,cpu         ] GC(187) User=0.66s Sys=0.00s Real=0.03s
[51.543s][info][gc,start       ] GC(188) Pause Young (Allocation Failure)
[51.572s][info][gc,heap        ] GC(188) PSYoungGen: 218064K(258048K)->14432K(264704K) Eden: 191488K(191488K)->0K(191488K) From: 26576K(66560K)->14432K(73216K)
[51.572s][info][gc,heap        ] GC(188) ParOldGen: 275948K(668160K)->299924K(668160K)
[51.572s][info][gc,metaspace   ] GC(188) Metaspace: 65976K(67200K)->65976K(67200K) NonClass: 57568K(58112K)->57568K(58112K) Class: 8407K(9088K)->8407K(9088K)
[51.572s][info][gc             ] GC(188) Pause Young (Allocation Failure) 482M->306M(911M) 28.258ms
[51.572s][info][gc,cpu         ] GC(188) User=0.66s Sys=0.00s Real=0.03s
[51.682s][info][gc,start       ] GC(189) Pause Young (Allocation Failure)
[51.748s][info][gc,heap        ] GC(189) PSYoungGen: 205920K(264704K)->13632K(270336K) Eden: 191488K(191488K)->0K(204288K) From: 14432K(73216K)->13632K(66048K)
[51.748s][info][gc,heap        ] GC(189) ParOldGen: 299924K(668160K)->311076K(668160K)
[51.748s][info][gc,metaspace   ] GC(189) Metaspace: 65976K(67200K)->65976K(67200K) NonClass: 57568K(58112K)->57568K(58112K) Class: 8407K(9088K)->8407K(9088K)
[51.748s][info][gc             ] GC(189) Pause Young (Allocation Failure) 493M->317M(916M) 66.029ms
[51.748s][info][gc,cpu         ] GC(189) User=1.31s Sys=0.00s Real=0.06s
[51.873s][info][gc,start       ] GC(190) Pause Young (Allocation Failure)
[51.940s][info][gc,heap        ] GC(190) PSYoungGen: 217920K(270336K)->15200K(273920K) Eden: 204288K(204288K)->0K(204288K) From: 13632K(66048K)->15200K(69632K)
[51.940s][info][gc,heap        ] GC(190) ParOldGen: 311076K(668160K)->322180K(668160K)
[51.940s][info][gc,metaspace   ] GC(190) Metaspace: 65976K(67200K)->65976K(67200K) NonClass: 57568K(58112K)->57568K(58112K) Class: 8407K(9088K)->8407K(9088K)
[51.940s][info][gc             ] GC(190) Pause Young (Allocation Failure) 516M->329M(920M) 67.569ms
[51.940s][info][gc,cpu         ] GC(190) User=1.72s Sys=0.00s Real=0.08s
[52.144s][info][gc,start       ] GC(191) Pause Young (Allocation Failure)
[52.198s][info][gc,heap        ] GC(191) PSYoungGen: 219488K(273920K)->18336K(272384K) Eden: 204288K(204288K)->0K(212480K) From: 15200K(69632K)->18336K(59904K)
[52.198s][info][gc,heap        ] GC(191) ParOldGen: 322180K(668160K)->335892K(668160K)
[52.198s][info][gc,metaspace   ] GC(191) Metaspace: 65977K(67200K)->65977K(67200K) NonClass: 57570K(58112K)->57570K(58112K) Class: 8407K(9088K)->8407K(9088K)
[52.198s][info][gc             ] GC(191) Pause Young (Allocation Failure) 528M->345M(918M) 54.275ms
[52.198s][info][gc,cpu         ] GC(191) User=1.03s Sys=0.00s Real=0.05s
[52.514s][info][gc,start       ] GC(192) Pause Young (Allocation Failure)
[52.585s][info][gc,heap        ] GC(192) PSYoungGen: 230548K(272384K)->9440K(276480K) Eden: 212212K(212480K)->0K(212480K) From: 18336K(59904K)->9440K(64000K)
[52.586s][info][gc,heap        ] GC(192) ParOldGen: 335892K(668160K)->349308K(668160K)
[52.586s][info][gc,metaspace   ] GC(192) Metaspace: 66001K(67264K)->66001K(67264K) NonClass: 57593K(58176K)->57593K(58176K) Class: 8407K(9088K)->8407K(9088K)
[52.586s][info][gc             ] GC(192) Pause Young (Allocation Failure) 553M->350M(922M) 71.167ms
[52.586s][info][gc,cpu         ] GC(192) User=1.72s Sys=0.00s Real=0.08s
[52.980s][info][gc,start       ] GC(193) Pause Young (Allocation Failure)
[53.069s][info][gc,heap        ] GC(193) PSYoungGen: 221920K(276480K)->7808K(281088K) Eden: 212480K(212480K)->0K(222208K) From: 9440K(64000K)->7808K(58880K)
[53.069s][info][gc,heap        ] GC(193) ParOldGen: 349308K(668160K)->355804K(668160K)
[53.069s][info][gc,metaspace   ] GC(193) Metaspace: 66016K(67264K)->66016K(67264K) NonClass: 57609K(58176K)->57609K(58176K) Class: 8407K(9088K)->8407K(9088K)
[53.069s][info][gc             ] GC(193) Pause Young (Allocation Failure) 557M->355M(927M) 88.949ms
[53.069s][info][gc,cpu         ] GC(193) User=1.72s Sys=0.00s Real=0.08s
[53.735s][info][gc,start       ] GC(194) Pause Young (Allocation Failure)
[53.809s][info][gc,heap        ] GC(194) PSYoungGen: 230016K(281088K)->33909K(283648K) Eden: 222208K(222208K)->0K(222208K) From: 7808K(58880K)->33909K(61440K)
[53.809s][info][gc,heap        ] GC(194) ParOldGen: 355804K(668160K)->362500K(668160K)
[53.809s][info][gc,metaspace   ] GC(194) Metaspace: 66054K(67264K)->66054K(67264K) NonClass: 57646K(58176K)->57646K(58176K) Class: 8407K(9088K)->8407K(9088K)
[53.810s][info][gc             ] GC(194) Pause Young (Allocation Failure) 572M->387M(929M) 74.647ms
[53.810s][info][gc,cpu         ] GC(194) User=1.67s Sys=0.00s Real=0.08s
[53.934s][info][gc,start       ] GC(195) Pause Young (Allocation Failure)
[53.978s][info][gc,heap        ] GC(195) PSYoungGen: 256117K(283648K)->61920K(228864K) Eden: 222208K(222208K)->0K(166912K) From: 33909K(61440K)->61920K(61952K)
[53.978s][info][gc,heap        ] GC(195) ParOldGen: 362500K(668160K)->412981K(668160K)
[53.978s][info][gc,metaspace   ] GC(195) Metaspace: 66054K(67264K)->66054K(67264K) NonClass: 57646K(58176K)->57646K(58176K) Class: 8407K(9088K)->8407K(9088K)
[53.978s][info][gc             ] GC(195) Pause Young (Allocation Failure) 604M->463M(876M) 44.406ms
[53.979s][info][gc,cpu         ] GC(195) User=1.03s Sys=0.00s Real=0.05s
[54.052s][info][gc,start       ] GC(196) Pause Young (Allocation Failure)
[54.089s][info][gc,heap        ] GC(196) PSYoungGen: 228832K(228864K)->22976K(258048K) Eden: 166912K(166912K)->0K(166912K) From: 61920K(61952K)->22976K(91136K)
[54.089s][info][gc,heap        ] GC(196) ParOldGen: 412981K(668160K)->466925K(668160K)
[54.089s][info][gc,metaspace   ] GC(196) Metaspace: 66054K(67264K)->66054K(67264K) NonClass: 57646K(58176K)->57646K(58176K) Class: 8407K(9088K)->8407K(9088K)
[54.089s][info][gc             ] GC(196) Pause Young (Allocation Failure) 626M->478M(904M) 37.107ms
[54.089s][info][gc,cpu         ] GC(196) User=0.98s Sys=0.00s Real=0.05s
[54.162s][info][gc,start       ] GC(197) Pause Young (Allocation Failure)
[54.194s][info][gc,heap        ] GC(197) PSYoungGen: 189888K(258048K)->27520K(243712K) Eden: 166912K(166912K)->0K(171008K) From: 22976K(91136K)->27520K(72704K)
[54.194s][info][gc,heap        ] GC(197) ParOldGen: 466925K(668160K)->486373K(668160K)
[54.194s][info][gc,metaspace   ] GC(197) Metaspace: 66054K(67264K)->66054K(67264K) NonClass: 57646K(58176K)->57646K(58176K) Class: 8407K(9088K)->8407K(9088K)
[54.194s][info][gc             ] GC(197) Pause Young (Allocation Failure) 641M->501M(890M) 31.403ms
[54.194s][info][gc,cpu         ] GC(197) User=0.33s Sys=0.02s Real=0.03s
[54.270s][info][gc,start       ] GC(198) Pause Young (Allocation Failure)
[54.298s][info][gc,heap        ] GC(198) PSYoungGen: 198528K(243712K)->17568K(252928K) Eden: 171008K(171008K)->0K(171008K) From: 27520K(72704K)->17568K(81920K)
[54.298s][info][gc,heap        ] GC(198) ParOldGen: 486373K(668160K)->509109K(668160K)
[54.298s][info][gc,metaspace   ] GC(198) Metaspace: 66054K(67264K)->66054K(67264K) NonClass: 57646K(58176K)->57646K(58176K) Class: 8407K(9088K)->8407K(9088K)
[54.299s][info][gc             ] GC(198) Pause Young (Allocation Failure) 668M->514M(899M) 28.949ms
[54.299s][info][gc,cpu         ] GC(198) User=0.64s Sys=0.00s Real=0.03s
[54.393s][info][gc,start       ] GC(199) Pause Young (Allocation Failure)
[54.438s][info][gc,heap        ] GC(199) PSYoungGen: 188576K(252928K)->35776K(259072K) Eden: 171008K(171008K)->0K(188416K) From: 17568K(81920K)->35776K(70656K)
[54.438s][info][gc,heap        ] GC(199) ParOldGen: 509109K(668160K)->524269K(668160K)
[54.438s][info][gc,metaspace   ] GC(199) Metaspace: 66054K(67264K)->66054K(67264K) NonClass: 57646K(58176K)->57646K(58176K) Class: 8407K(9088K)->8407K(9088K)
[54.438s][info][gc             ] GC(199) Pause Young (Allocation Failure) 681M->546M(905M) 44.960ms
[54.438s][info][gc,cpu         ] GC(199) User=0.98s Sys=0.00s Real=0.05s
[54.528s][info][gc,start       ] GC(200) Pause Young (Allocation Failure)
[54.562s][info][gc,heap        ] GC(200) PSYoungGen: 224192K(259072K)->16576K(264704K) Eden: 188416K(188416K)->0K(188416K) From: 35776K(70656K)->16576K(76288K)
[54.562s][info][gc,heap        ] GC(200) ParOldGen: 524269K(668160K)->554541K(668160K)
[54.562s][info][gc,metaspace   ] GC(200) Metaspace: 66054K(67264K)->66054K(67264K) NonClass: 57646K(58176K)->57646K(58176K) Class: 8407K(9088K)->8407K(9088K)
[54.562s][info][gc             ] GC(200) Pause Young (Allocation Failure) 730M->557M(911M) 34.684ms
[54.562s][info][gc,cpu         ] GC(200) User=0.66s Sys=0.00s Real=0.03s
[54.650s][info][gc,start       ] GC(201) Pause Young (Allocation Failure)
[54.702s][info][gc,heap        ] GC(201) PSYoungGen: 204992K(264704K)->15424K(265728K) Eden: 188416K(188416K)->0K(198656K) From: 16576K(76288K)->15424K(67072K)
[54.702s][info][gc,heap        ] GC(201) ParOldGen: 554541K(668160K)->567661K(668160K)
[54.702s][info][gc,metaspace   ] GC(201) Metaspace: 66054K(67264K)->66054K(67264K) NonClass: 57647K(58176K)->57647K(58176K) Class: 8407K(9088K)->8407K(9088K)
[54.702s][info][gc             ] GC(201) Pause Young (Allocation Failure) 741M->569M(912M) 51.929ms
[54.702s][info][gc,cpu         ] GC(201) User=0.98s Sys=0.00s Real=0.06s
[54.809s][info][gc,start       ] GC(202) Pause Young (Allocation Failure)
[54.869s][info][gc,heap        ] GC(202) PSYoungGen: 214080K(265728K)->15072K(270336K) Eden: 198656K(198656K)->0K(198656K) From: 15424K(67072K)->15072K(71680K)
[54.869s][info][gc,heap        ] GC(202) ParOldGen: 567661K(668160K)->579829K(668160K)
[54.869s][info][gc,metaspace   ] GC(202) Metaspace: 66054K(67264K)->66054K(67264K) NonClass: 57647K(58176K)->57647K(58176K) Class: 8407K(9088K)->8407K(9088K)
[54.869s][info][gc             ] GC(202) Pause Young (Allocation Failure) 763M->580M(916M) 60.372ms
[54.869s][info][gc,cpu         ] GC(202) User=1.31s Sys=0.00s Real=0.06s
[55.067s][info][gc,start       ] GC(203) Pause Young (Allocation Failure)
[55.163s][info][gc,heap        ] GC(203) PSYoungGen: 212913K(270336K)->15872K(270336K) Eden: 197841K(198656K)->0K(207872K) From: 15072K(71680K)->15872K(62464K)
[55.163s][info][gc,heap        ] GC(203) ParOldGen: 579829K(668160K)->591645K(668160K)
[55.163s][info][gc,metaspace   ] GC(203) Metaspace: 66054K(67264K)->66054K(67264K) NonClass: 57647K(58176K)->57647K(58176K) Class: 8407K(9088K)->8407K(9088K)
[55.163s][info][gc             ] GC(203) Pause Young (Allocation Failure) 774M->593M(916M) 95.966ms
[55.163s][info][gc,cpu         ] GC(203) User=2.06s Sys=0.00s Real=0.09s
[55.778s][info][gc,start       ] GC(204) Pause Young (Allocation Failure)
[55.849s][info][gc,heap        ] GC(204) PSYoungGen: 223744K(270336K)->31268K(274944K) Eden: 207872K(207872K)->0K(207872K) From: 15872K(62464K)->31268K(67072K)
[55.850s][info][gc,heap        ] GC(204) ParOldGen: 591645K(668160K)->603221K(668160K)
[55.850s][info][gc,metaspace   ] GC(204) Metaspace: 66074K(67328K)->66074K(67328K) NonClass: 57666K(58240K)->57666K(58240K) Class: 8407K(9088K)->8407K(9088K)
[55.850s][info][gc             ] GC(204) Pause Young (Allocation Failure) 796M->619M(921M) 71.618ms
[55.850s][info][gc,cpu         ] GC(204) User=1.72s Sys=0.00s Real=0.08s
[56.058s][info][gc,start       ] GC(205) Pause Young (Allocation Failure)
[56.074s][info][gc,heap        ] GC(205) PSYoungGen: 239140K(274944K)->18001K(274944K) Eden: 207872K(207872K)->0K(217088K) From: 31268K(67072K)->18001K(57856K)
[56.074s][info][gc,heap        ] GC(205) ParOldGen: 603221K(668160K)->604989K(668160K)
[56.074s][info][gc,metaspace   ] GC(205) Metaspace: 66097K(67328K)->66097K(67328K) NonClass: 57690K(58240K)->57690K(58240K) Class: 8407K(9088K)->8407K(9088K)
[56.074s][info][gc             ] GC(205) Pause Young (Allocation Failure) 822M->608M(921M) 15.909ms
[56.074s][info][gc,cpu         ] GC(205) User=0.34s Sys=0.00s Real=0.02s
[56.293s][info][gc,start       ] GC(206) Pause Young (Allocation Failure)
[56.309s][info][gc,heap        ] GC(206) PSYoungGen: 235089K(274944K)->2138K(279552K) Eden: 217088K(217088K)->0K(217088K) From: 18001K(57856K)->2138K(62464K)
[56.309s][info][gc,heap        ] GC(206) ParOldGen: 604989K(668160K)->605101K(668160K)
[56.309s][info][gc,metaspace   ] GC(206) Metaspace: 66134K(67328K)->66134K(67328K) NonClass: 57726K(58240K)->57726K(58240K) Class: 8408K(9088K)->8408K(9088K)
[56.309s][info][gc             ] GC(206) Pause Young (Allocation Failure) 820M->593M(925M) 15.737ms
[56.309s][info][gc,cpu         ] GC(206) User=0.06s Sys=0.00s Real=0.02s
[56.546s][info][gc,start       ] GC(207) Pause Young (Allocation Failure)
[56.570s][info][gc,heap        ] GC(207) PSYoungGen: 219226K(279552K)->33315K(286720K) Eden: 217088K(217088K)->0K(224256K) From: 2138K(62464K)->33315K(62464K)
[56.570s][info][gc,heap        ] GC(207) ParOldGen: 605101K(668160K)->606069K(668160K)
[56.570s][info][gc,metaspace   ] GC(207) Metaspace: 66137K(67328K)->66137K(67328K) NonClass: 57729K(58240K)->57729K(58240K) Class: 8408K(9088K)->8408K(9088K)
[56.570s][info][gc             ] GC(207) Pause Young (Allocation Failure) 805M->624M(932M) 24.226ms
[56.570s][info][gc,cpu         ] GC(207) User=0.34s Sys=0.00s Real=0.02s
[56.849s][info][gc,start       ] GC(208) Pause Young (Allocation Failure)
[56.877s][info][gc,heap        ] GC(208) PSYoungGen: 257571K(286720K)->14151K(238592K) Eden: 224256K(224256K)->0K(224256K) From: 33315K(62464K)->14151K(14336K)
[56.878s][info][gc,heap        ] GC(208) ParOldGen: 606069K(668160K)->637517K(668160K)
[56.878s][info][gc,metaspace   ] GC(208) Metaspace: 66142K(67328K)->66142K(67328K) NonClass: 57733K(58240K)->57733K(58240K) Class: 8409K(9088K)->8409K(9088K)
[56.878s][info][gc             ] GC(208) Pause Young (Allocation Failure) 843M->636M(885M) 28.666ms
[56.878s][info][gc,cpu         ] GC(208) User=0.69s Sys=0.00s Real=0.03s
[56.878s][info][gc,start       ] GC(209) Pause Full (Ergonomics)
[56.878s][info][gc,phases,start] GC(209) Marking Phase
[56.928s][info][gc,phases      ] GC(209) Marking Phase 50.710ms
[56.928s][info][gc,phases,start] GC(209) Summary Phase
[56.928s][info][gc,phases      ] GC(209) Summary Phase 0.029ms
[56.929s][info][gc,phases,start] GC(209) Adjust Roots
[56.938s][info][gc,phases      ] GC(209) Adjust Roots 9.154ms
[56.938s][info][gc,phases,start] GC(209) Compaction Phase
[56.983s][info][gc,phases      ] GC(209) Compaction Phase 45.032ms
[56.983s][info][gc,phases,start] GC(209) Post Compact
[56.987s][info][gc,phases      ] GC(209) Post Compact 4.106ms
[57.000s][info][gc,heap        ] GC(209) PSYoungGen: 14151K(238592K)->0K(284672K) Eden: 0K(224256K)->0K(224256K) From: 14151K(14336K)->0K(60416K)
[57.000s][info][gc,heap        ] GC(209) ParOldGen: 637517K(668160K)->161400K(633856K)
[57.000s][info][gc,metaspace   ] GC(209) Metaspace: 66142K(67328K)->66142K(67328K) NonClass: 57733K(58240K)->57733K(58240K) Class: 8409K(9088K)->8409K(9088K)
[57.000s][info][gc             ] GC(209) Pause Full (Ergonomics) 636M->157M(897M) 122.334ms
[57.000s][info][gc,cpu         ] GC(209) User=1.39s Sys=0.02s Real=0.13s
[57.117s][info][gc,start       ] GC(210) Pause Young (Allocation Failure)
[57.131s][info][gc,heap        ] GC(210) PSYoungGen: 224256K(284672K)->34304K(284672K) Eden: 224256K(224256K)->0K(224256K) From: 0K(60416K)->34304K(60416K)
[57.131s][info][gc,heap        ] GC(210) ParOldGen: 161400K(633856K)->161400K(633856K)
[57.131s][info][gc,metaspace   ] GC(210) Metaspace: 66150K(67328K)->66150K(67328K) NonClass: 57741K(58240K)->57741K(58240K) Class: 8409K(9088K)->8409K(9088K)
[57.132s][info][gc             ] GC(210) Pause Young (Allocation Failure) 376M->191M(897M) 14.343ms
[57.132s][info][gc,cpu         ] GC(210) User=0.66s Sys=0.00s Real=0.03s
[57.410s][info][gc,start       ] GC(211) Pause Young (Allocation Failure)
[57.441s][info][gc,heap        ] GC(211) PSYoungGen: 258560K(284672K)->41857K(282112K) Eden: 224256K(224256K)->0K(221184K) From: 34304K(60416K)->41857K(60928K)
[57.441s][info][gc,heap        ] GC(211) ParOldGen: 161400K(633856K)->191208K(633856K)
[57.441s][info][gc,metaspace   ] GC(211) Metaspace: 66150K(67328K)->66150K(67328K) NonClass: 57741K(58240K)->57741K(58240K) Class: 8409K(9088K)->8409K(9088K)
[57.441s][info][gc             ] GC(211) Pause Young (Allocation Failure) 410M->227M(894M) 30.725ms
[57.441s][info][gc,cpu         ] GC(211) User=0.67s Sys=0.00s Real=0.03s
[57.601s][info][gc,start       ] GC(212) Pause Young (Allocation Failure)
[57.625s][info][gc,heap        ] GC(212) PSYoungGen: 261342K(282112K)->60933K(282624K) Eden: 219484K(221184K)->0K(221184K) From: 41857K(60928K)->60933K(61440K)
[57.625s][info][gc,heap        ] GC(212) ParOldGen: 191208K(633856K)->223272K(633856K)
[57.625s][info][gc,metaspace   ] GC(212) Metaspace: 66163K(67328K)->66163K(67328K) NonClass: 57754K(58240K)->57754K(58240K) Class: 8409K(9088K)->8409K(9088K)
[57.625s][info][gc             ] GC(212) Pause Young (Allocation Failure) 441M->277M(895M) 23.819ms
[57.625s][info][gc,cpu         ] GC(212) User=0.66s Sys=0.00s Real=0.03s
[57.692s][info][gc,start       ] GC(213) Pause Young (Allocation Failure)
[57.710s][info][gc,heap        ] GC(213) PSYoungGen: 282117K(282624K)->59416K(256000K) Eden: 221184K(221184K)->0K(189440K) From: 60933K(61440K)->59416K(66560K)
[57.710s][info][gc,heap        ] GC(213) ParOldGen: 223272K(633856K)->230938K(633856K)
[57.710s][info][gc,metaspace   ] GC(213) Metaspace: 66167K(67328K)->66167K(67328K) NonClass: 57758K(58240K)->57758K(58240K) Class: 8409K(9088K)->8409K(9088K)
[57.711s][info][gc             ] GC(213) Pause Young (Allocation Failure) 493M->283M(869M) 18.768ms
[57.711s][info][gc,cpu         ] GC(213) User=0.66s Sys=0.00s Real=0.03s
[57.837s][info][gc,start       ] GC(214) Pause Young (Allocation Failure)
[57.870s][info][gc,heap        ] GC(214) PSYoungGen: 248856K(256000K)->38631K(269312K) Eden: 189440K(189440K)->0K(189440K) From: 59416K(66560K)->38631K(79872K)
[57.870s][info][gc,heap        ] GC(214) ParOldGen: 230938K(633856K)->250771K(633856K)
[57.870s][info][gc,metaspace   ] GC(214) Metaspace: 66172K(67328K)->66172K(67328K) NonClass: 57763K(58240K)->57763K(58240K) Class: 8409K(9088K)->8409K(9088K)
[57.870s][info][gc             ] GC(214) Pause Young (Allocation Failure) 468M->282M(882M) 32.767ms
[57.870s][info][gc,cpu         ] GC(214) User=0.63s Sys=0.00s Real=0.03s
[57.960s][info][gc,start       ] GC(215) Pause Young (Allocation Failure)
[57.991s][info][gc,heap        ] GC(215) PSYoungGen: 228071K(269312K)->80K(268800K) Eden: 189440K(189440K)->0K(191488K) From: 38631K(79872K)->80K(77312K)
[57.991s][info][gc,heap        ] GC(215) ParOldGen: 250771K(633856K)->289195K(633856K)
[57.991s][info][gc,metaspace   ] GC(215) Metaspace: 66172K(67328K)->66172K(67328K) NonClass: 57763K(58240K)->57763K(58240K) Class: 8409K(9088K)->8409K(9088K)
[57.991s][info][gc             ] GC(215) Pause Young (Allocation Failure) 467M->282M(881M) 31.845ms
[57.992s][info][gc,cpu         ] GC(215) User=0.66s Sys=0.00s Real=0.03s
[58.085s][info][gc,start       ] GC(216) Pause Young (Allocation Failure)
[58.433s][info][gc,heap        ] GC(216) PSYoungGen: 191568K(268800K)->42464K(270336K) Eden: 191488K(191488K)->0K(191488K) From: 80K(77312K)->42464K(78848K)
[58.433s][info][gc,heap        ] GC(216) ParOldGen: 289195K(633856K)->289195K(633856K)
[58.433s][info][gc,metaspace   ] GC(216) Metaspace: 66172K(67328K)->66172K(67328K) NonClass: 57763K(58240K)->57763K(58240K) Class: 8409K(9088K)->8409K(9088K)
[58.433s][info][gc             ] GC(216) Pause Young (Allocation Failure) 469M->323M(883M) 348.176ms
[58.433s][info][gc,cpu         ] GC(216) User=2.30s Sys=0.05s Real=0.35s
[58.529s][info][gc,start       ] GC(217) Pause Young (System.gc())
[58.530s][info][gc,heap        ] GC(217) PSYoungGen: 167277K(270336K)->416K(269824K) Eden: 124813K(191488K)->0K(191488K) From: 42464K(78848K)->416K(78336K)
[58.530s][info][gc,heap        ] GC(217) ParOldGen: 289195K(633856K)->289243K(633856K)
[58.530s][info][gc,metaspace   ] GC(217) Metaspace: 66174K(67328K)->66174K(67328K) NonClass: 57765K(58240K)->57765K(58240K) Class: 8409K(9088K)->8409K(9088K)
[58.530s][info][gc             ] GC(217) Pause Young (System.gc()) 445M->282M(882M) 1.677ms
[58.530s][info][gc,cpu         ] GC(217) User=0.00s Sys=0.00s Real=0.00s
[58.531s][info][gc,start       ] GC(218) Pause Full (System.gc())
[58.531s][info][gc,phases,start] GC(218) Marking Phase
[58.584s][info][gc,phases      ] GC(218) Marking Phase 53.722ms
[58.584s][info][gc,phases,start] GC(218) Summary Phase
[58.584s][info][gc,phases      ] GC(218) Summary Phase 0.018ms
[58.584s][info][gc,phases,start] GC(218) Adjust Roots
[58.593s][info][gc,phases      ] GC(218) Adjust Roots 8.518ms
[58.593s][info][gc,phases,start] GC(218) Compaction Phase
[58.616s][info][gc,phases      ] GC(218) Compaction Phase 23.243ms
[58.616s][info][gc,phases,start] GC(218) Post Compact
[58.618s][info][gc,phases      ] GC(218) Post Compact 1.587ms
[58.618s][info][gc,heap        ] GC(218) PSYoungGen: 416K(269824K)->0K(269824K) Eden: 0K(191488K)->0K(191488K) From: 416K(78336K)->0K(78336K)
[58.618s][info][gc,heap        ] GC(218) ParOldGen: 289243K(633856K)->147621K(633856K)
[58.618s][info][gc,metaspace   ] GC(218) Metaspace: 66174K(67328K)->66174K(67328K) NonClass: 57765K(58240K)->57765K(58240K) Class: 8409K(9088K)->8409K(9088K)
[58.618s][info][gc             ] GC(218) Pause Full (System.gc()) 282M->144M(882M) 87.356ms
[58.618s][info][gc,cpu         ] GC(218) User=1.36s Sys=0.00s Real=0.09s
[58.747s][info][gc,start       ] GC(219) Pause Young (Allocation Failure)
[58.771s][info][gc,heap        ] GC(219) PSYoungGen: 191488K(269824K)->60128K(251904K) Eden: 191488K(191488K)->0K(191488K) From: 0K(78336K)->60128K(60416K)
[58.771s][info][gc,heap        ] GC(219) ParOldGen: 147621K(633856K)->147621K(633856K)
[58.771s][info][gc,metaspace   ] GC(219) Metaspace: 66203K(67392K)->66203K(67392K) NonClass: 57792K(58304K)->57792K(58304K) Class: 8410K(9088K)->8410K(9088K)
[58.771s][info][gc             ] GC(219) Pause Young (Allocation Failure) 331M->202M(865M) 23.296ms
[58.771s][info][gc,cpu         ] GC(219) User=0.42s Sys=0.00s Real=0.03s
[58.863s][info][gc,start       ] GC(220) Pause Young (Allocation Failure)
[58.902s][info][gc,heap        ] GC(220) PSYoungGen: 251616K(251904K)->37440K(266240K) Eden: 191488K(191488K)->0K(180224K) From: 60128K(60416K)->37440K(86016K)
[58.902s][info][gc,heap        ] GC(220) ParOldGen: 147621K(633856K)->205680K(633856K)
[58.902s][info][gc,metaspace   ] GC(220) Metaspace: 66204K(67392K)->66204K(67392K) NonClass: 57794K(58304K)->57794K(58304K) Class: 8410K(9088K)->8410K(9088K)
[58.902s][info][gc             ] GC(220) Pause Young (Allocation Failure) 389M->237M(879M) 38.885ms
[58.902s][info][gc,cpu         ] GC(220) User=0.63s Sys=0.00s Real=0.03s
[58.997s][info][gc,start       ] GC(221) Pause Young (Allocation Failure)
[59.033s][info][gc,heap        ] GC(221) PSYoungGen: 217664K(266240K)->24768K(205312K) Eden: 180224K(180224K)->0K(180224K) From: 37440K(86016K)->24768K(25088K)
[59.033s][info][gc,heap        ] GC(221) ParOldGen: 205680K(633856K)->239424K(633856K)
[59.033s][info][gc,metaspace   ] GC(221) Metaspace: 66204K(67392K)->66204K(67392K) NonClass: 57794K(58304K)->57794K(58304K) Class: 8410K(9088K)->8410K(9088K)
[59.033s][info][gc             ] GC(221) Pause Young (Allocation Failure) 413M->258M(819M) 35.113ms
[59.033s][info][gc,cpu         ] GC(221) User=0.66s Sys=0.00s Real=0.03s
[59.132s][info][gc,start       ] GC(222) Pause Young (Allocation Failure)
[59.157s][info][gc,heap        ] GC(222) PSYoungGen: 204992K(205312K)->16064K(261120K) Eden: 180224K(180224K)->0K(182272K) From: 24768K(25088K)->16064K(78848K)
[59.157s][info][gc,heap        ] GC(222) ParOldGen: 239424K(633856K)->261368K(633856K)
[59.157s][info][gc,metaspace   ] GC(222) Metaspace: 66204K(67392K)->66204K(67392K) NonClass: 57794K(58304K)->57794K(58304K) Class: 8410K(9088K)->8410K(9088K)
[59.157s][info][gc             ] GC(222) Pause Young (Allocation Failure) 434M->270M(874M) 24.573ms
[59.157s][info][gc,cpu         ] GC(222) User=0.63s Sys=0.00s Real=0.03s
[59.273s][info][gc,start       ] GC(223) Pause Young (Allocation Failure)
[59.306s][info][gc,heap        ] GC(223) PSYoungGen: 198336K(261120K)->25984K(259072K) Eden: 182272K(182272K)->0K(182272K) From: 16064K(78848K)->25984K(76800K)
[59.306s][info][gc,heap        ] GC(223) ParOldGen: 261368K(633856K)->276672K(633856K)
[59.306s][info][gc,metaspace   ] GC(223) Metaspace: 66204K(67392K)->66204K(67392K) NonClass: 57794K(58304K)->57794K(58304K) Class: 8410K(9088K)->8410K(9088K)
[59.306s][info][gc             ] GC(223) Pause Young (Allocation Failure) 448M->295M(872M) 33.227ms
[59.306s][info][gc,cpu         ] GC(223) User=0.66s Sys=0.00s Real=0.03s
[59.408s][info][gc,start       ] GC(224) Pause Young (Allocation Failure)
[59.437s][info][gc,heap        ] GC(224) PSYoungGen: 208256K(259072K)->13600K(268288K) Eden: 182272K(182272K)->0K(195584K) From: 25984K(76800K)->13600K(72704K)
[59.437s][info][gc,heap        ] GC(224) ParOldGen: 276672K(633856K)->303888K(633856K)
[59.437s][info][gc,metaspace   ] GC(224) Metaspace: 66204K(67392K)->66204K(67392K) NonClass: 57794K(58304K)->57794K(58304K) Class: 8410K(9088K)->8410K(9088K)
[59.437s][info][gc             ] GC(224) Pause Young (Allocation Failure) 473M->310M(881M) 28.790ms
[59.437s][info][gc,cpu         ] GC(224) User=0.63s Sys=0.00s Real=0.03s
[59.544s][info][gc,start       ] GC(225) Pause Young (Allocation Failure)
[59.599s][info][gc,heap        ] GC(225) PSYoungGen: 209184K(268288K)->13984K(266240K) Eden: 195584K(195584K)->0K(195584K) From: 13600K(72704K)->13984K(70656K)
[59.599s][info][gc,heap        ] GC(225) ParOldGen: 303888K(633856K)->314488K(633856K)
[59.599s][info][gc,metaspace   ] GC(225) Metaspace: 66204K(67392K)->66204K(67392K) NonClass: 57794K(58304K)->57794K(58304K) Class: 8410K(9088K)->8410K(9088K)
[59.599s][info][gc             ] GC(225) Pause Young (Allocation Failure) 501M->320M(879M) 54.708ms
[59.599s][info][gc,cpu         ] GC(225) User=1.30s Sys=0.02s Real=0.06s
[59.739s][info][gc,start       ] GC(226) Pause Young (Allocation Failure)
[59.808s][info][gc,heap        ] GC(226) PSYoungGen: 209568K(266240K)->14336K(275968K) Eden: 195584K(195584K)->0K(208384K) From: 13984K(70656K)->14336K(67584K)
[59.808s][info][gc,heap        ] GC(226) ParOldGen: 314488K(633856K)->326208K(633856K)
[59.808s][info][gc,metaspace   ] GC(226) Metaspace: 66204K(67392K)->66204K(67392K) NonClass: 57794K(58304K)->57794K(58304K) Class: 8410K(9088K)->8410K(9088K)
[59.808s][info][gc             ] GC(226) Pause Young (Allocation Failure) 511M->332M(888M) 69.379ms
[59.808s][info][gc,cpu         ] GC(226) User=1.31s Sys=0.00s Real=0.06s
[60.022s][info][gc,start       ] GC(227) Pause Young (Allocation Failure)
[60.066s][info][gc,heap        ] GC(227) PSYoungGen: 222720K(275968K)->18016K(274944K) Eden: 208384K(208384K)->0K(208384K) From: 14336K(67584K)->18016K(66560K)
[60.066s][info][gc,heap        ] GC(227) ParOldGen: 326208K(633856K)->337160K(633856K)
[60.066s][info][gc,metaspace   ] GC(227) Metaspace: 66204K(67392K)->66204K(67392K) NonClass: 57794K(58304K)->57794K(58304K) Class: 8410K(9088K)->8410K(9088K)
[60.066s][info][gc             ] GC(227) Pause Young (Allocation Failure) 536M->346M(887M) 44.614ms
[60.067s][info][gc,cpu         ] GC(227) User=0.66s Sys=0.00s Real=0.03s
[60.384s][info][gc,start       ] GC(228) Pause Young (Allocation Failure)
[60.415s][info][gc,heap        ] GC(228) PSYoungGen: 226400K(274944K)->12410K(280064K) Eden: 208384K(208384K)->0K(216576K) From: 18016K(66560K)->12410K(63488K)
[60.415s][info][gc,heap        ] GC(228) ParOldGen: 337160K(633856K)->349184K(633856K)
[60.415s][info][gc,metaspace   ] GC(228) Metaspace: 66213K(67392K)->66213K(67392K) NonClass: 57802K(58304K)->57802K(58304K) Class: 8410K(9088K)->8410K(9088K)
[60.415s][info][gc             ] GC(228) Pause Young (Allocation Failure) 550M->353M(892M) 30.684ms
[60.415s][info][gc,cpu         ] GC(228) User=0.66s Sys=0.00s Real=0.03s
[60.838s][info][gc,start       ] GC(229) Pause Young (Allocation Failure)
[60.932s][info][gc,heap        ] GC(229) PSYoungGen: 228986K(280064K)->7808K(278528K) Eden: 216576K(216576K)->0K(216576K) From: 12410K(63488K)->7808K(61952K)
[60.932s][info][gc,heap        ] GC(229) ParOldGen: 349184K(633856K)->356827K(633856K)
[60.932s][info][gc,metaspace   ] GC(229) Metaspace: 66213K(67392K)->66213K(67392K) NonClass: 57802K(58304K)->57802K(58304K) Class: 8410K(9088K)->8410K(9088K)
[60.932s][info][gc             ] GC(229) Pause Young (Allocation Failure) 564M->356M(891M) 94.621ms
[60.932s][info][gc,cpu         ] GC(229) User=1.97s Sys=0.00s Real=0.09s
[61.569s][info][gc,start       ] GC(230) Pause Young (Allocation Failure)
[61.630s][info][gc,heap        ] GC(230) PSYoungGen: 224384K(278528K)->33918K(283136K) Eden: 216576K(216576K)->0K(222720K) From: 7808K(61952K)->33918K(60416K)
[61.630s][info][gc,heap        ] GC(230) ParOldGen: 356827K(633856K)->363915K(633856K)
[61.630s][info][gc,metaspace   ] GC(230) Metaspace: 66234K(67392K)->66234K(67392K) NonClass: 57823K(58304K)->57823K(58304K) Class: 8410K(9088K)->8410K(9088K)
[61.630s][info][gc             ] GC(230) Pause Young (Allocation Failure) 567M->388M(895M) 60.849ms
[61.630s][info][gc,cpu         ] GC(230) User=1.31s Sys=0.00s Real=0.06s
[61.738s][info][gc,start       ] GC(231) Pause Young (Allocation Failure)
[61.777s][info][gc,heap        ] GC(231) PSYoungGen: 256638K(283136K)->61408K(284160K) Eden: 222720K(222720K)->0K(222720K) From: 33918K(60416K)->61408K(61440K)
[61.777s][info][gc,heap        ] GC(231) ParOldGen: 363915K(633856K)->409311K(633856K)
[61.777s][info][gc,metaspace   ] GC(231) Metaspace: 66234K(67392K)->66234K(67392K) NonClass: 57823K(58304K)->57823K(58304K) Class: 8410K(9088K)->8410K(9088K)
[61.777s][info][gc             ] GC(231) Pause Young (Allocation Failure) 606M->459M(896M) 38.849ms
[61.777s][info][gc,cpu         ] GC(231) User=0.98s Sys=0.00s Real=0.05s
[61.868s][info][gc,start       ] GC(232) Pause Young (Allocation Failure)
[61.906s][info][gc,heap        ] GC(232) PSYoungGen: 284128K(284160K)->31168K(248320K) Eden: 222720K(222720K)->0K(183296K) From: 61408K(61440K)->31168K(65024K)
[61.906s][info][gc,heap        ] GC(232) ParOldGen: 409311K(633856K)->470951K(633856K)
[61.906s][info][gc,metaspace   ] GC(232) Metaspace: 66234K(67392K)->66234K(67392K) NonClass: 57823K(58304K)->57823K(58304K) Class: 8410K(9088K)->8410K(9088K)
[61.906s][info][gc             ] GC(232) Pause Young (Allocation Failure) 677M->490M(861M) 37.891ms
[61.906s][info][gc,cpu         ] GC(232) User=0.98s Sys=0.00s Real=0.05s
[61.990s][info][gc,start       ] GC(233) Pause Young (Allocation Failure)
[62.021s][info][gc,heap        ] GC(233) PSYoungGen: 214464K(248320K)->26880K(266240K) Eden: 183296K(183296K)->0K(183296K) From: 31168K(65024K)->26880K(82944K)
[62.021s][info][gc,heap        ] GC(233) ParOldGen: 470951K(633856K)->493623K(633856K)
[62.021s][info][gc,metaspace   ] GC(233) Metaspace: 66234K(67392K)->66234K(67392K) NonClass: 57823K(58304K)->57823K(58304K) Class: 8410K(9088K)->8410K(9088K)
[62.021s][info][gc             ] GC(233) Pause Young (Allocation Failure) 669M->508M(879M) 31.014ms
[62.021s][info][gc,cpu         ] GC(233) User=0.63s Sys=0.00s Real=0.03s
[62.110s][info][gc,start       ] GC(234) Pause Young (Allocation Failure)
[62.146s][info][gc,heap        ] GC(234) PSYoungGen: 210176K(266240K)->25312K(254464K) Eden: 183296K(183296K)->0K(187904K) From: 26880K(82944K)->25312K(66560K)
[62.146s][info][gc,heap        ] GC(234) ParOldGen: 493623K(633856K)->517455K(633856K)
[62.146s][info][gc,metaspace   ] GC(234) Metaspace: 66234K(67392K)->66234K(67392K) NonClass: 57823K(58304K)->57823K(58304K) Class: 8410K(9088K)->8410K(9088K)
[62.146s][info][gc             ] GC(234) Pause Young (Allocation Failure) 687M->530M(867M) 35.539ms
[62.146s][info][gc,cpu         ] GC(234) User=0.67s Sys=0.00s Real=0.05s
[62.239s][info][gc,start       ] GC(235) Pause Young (Allocation Failure)
[62.273s][info][gc,heap        ] GC(235) PSYoungGen: 213216K(254464K)->24224K(262656K) Eden: 187904K(187904K)->0K(187904K) From: 25312K(66560K)->24224K(74752K)
[62.273s][info][gc,heap        ] GC(235) ParOldGen: 517455K(633856K)->542111K(633856K)
[62.273s][info][gc,metaspace   ] GC(235) Metaspace: 66234K(67392K)->66234K(67392K) NonClass: 57823K(58304K)->57823K(58304K) Class: 8410K(9088K)->8410K(9088K)
[62.273s][info][gc             ] GC(235) Pause Young (Allocation Failure) 713M->553M(875M) 33.903ms
[62.273s][info][gc,cpu         ] GC(235) User=0.63s Sys=0.00s Real=0.03s
[62.357s][info][gc,start       ] GC(236) Pause Young (Allocation Failure)
[62.409s][info][gc,heap        ] GC(236) PSYoungGen: 212128K(262656K)->15840K(267776K) Eden: 187904K(187904K)->0K(203264K) From: 24224K(74752K)->15840K(64512K)
[62.409s][info][gc,heap        ] GC(236) ParOldGen: 542111K(633856K)->563199K(633856K)
[62.409s][info][gc,metaspace   ] GC(236) Metaspace: 66234K(67392K)->66234K(67392K) NonClass: 57823K(58304K)->57823K(58304K) Class: 8410K(9088K)->8410K(9088K)
[62.409s][info][gc             ] GC(236) Pause Young (Allocation Failure) 736M->565M(880M) 51.965ms
[62.409s][info][gc,cpu         ] GC(236) User=1.31s Sys=0.00s Real=0.06s
[62.508s][info][gc,start       ] GC(237) Pause Young (Allocation Failure)
[62.566s][info][gc,heap        ] GC(237) PSYoungGen: 219104K(267776K)->15872K(272896K) Eden: 203264K(203264K)->0K(203264K) From: 15840K(64512K)->15872K(69632K)
[62.566s][info][gc,heap        ] GC(237) ParOldGen: 563199K(633856K)->575551K(633856K)
[62.566s][info][gc,metaspace   ] GC(237) Metaspace: 66234K(67392K)->66234K(67392K) NonClass: 57823K(58304K)->57823K(58304K) Class: 8410K(9088K)->8410K(9088K)
[62.566s][info][gc             ] GC(237) Pause Young (Allocation Failure) 763M->577M(885M) 58.672ms
[62.566s][info][gc,cpu         ] GC(237) User=0.98s Sys=0.00s Real=0.05s
[62.711s][info][gc,start       ] GC(238) Pause Young (Allocation Failure)
[62.788s][info][gc,heap        ] GC(238) PSYoungGen: 219136K(272896K)->14240K(273408K) Eden: 203264K(203264K)->0K(211968K) From: 15872K(69632K)->14240K(61440K)
[62.788s][info][gc,heap        ] GC(238) ParOldGen: 575551K(633856K)->588031K(633856K)
[62.788s][info][gc,metaspace   ] GC(238) Metaspace: 66234K(67392K)->66234K(67392K) NonClass: 57823K(58304K)->57823K(58304K) Class: 8410K(9088K)->8410K(9088K)
[62.788s][info][gc             ] GC(238) Pause Young (Allocation Failure) 776M->588M(886M) 77.052ms
[62.788s][info][gc,cpu         ] GC(238) User=1.31s Sys=0.00s Real=0.06s
[62.788s][info][gc,start       ] GC(239) Pause Full (Ergonomics)
[62.788s][info][gc,phases,start] GC(239) Marking Phase
[62.863s][info][gc,phases      ] GC(239) Marking Phase 74.921ms
[62.863s][info][gc,phases,start] GC(239) Summary Phase
[62.863s][info][gc,phases      ] GC(239) Summary Phase 0.027ms
[62.863s][info][gc,phases,start] GC(239) Adjust Roots
[62.871s][info][gc,phases      ] GC(239) Adjust Roots 8.194ms
[62.871s][info][gc,phases,start] GC(239) Compaction Phase
[63.170s][info][gc,phases      ] GC(239) Compaction Phase 298.916ms
[63.170s][info][gc,phases,start] GC(239) Post Compact
[63.174s][info][gc,phases      ] GC(239) Post Compact 3.767ms
[63.175s][info][gc,heap        ] GC(239) PSYoungGen: 14240K(273408K)->0K(277504K) Eden: 0K(211968K)->0K(211968K) From: 14240K(61440K)->0K(65536K)
[63.175s][info][gc,heap        ] GC(239) ParOldGen: 588031K(633856K)->248333K(699392K)
[63.175s][info][gc,metaspace   ] GC(239) Metaspace: 66234K(67392K)->66234K(67392K) NonClass: 57823K(58304K)->57823K(58304K) Class: 8410K(9088K)->8410K(9088K)
[63.175s][info][gc             ] GC(239) Pause Full (Ergonomics) 588M->242M(954M) 386.861ms
[63.175s][info][gc,cpu         ] GC(239) User=2.47s Sys=0.00s Real=0.40s
[63.861s][info][gc,start       ] GC(240) Pause Young (Allocation Failure)
[63.894s][info][gc,heap        ] GC(240) PSYoungGen: 211968K(277504K)->21042K(277504K) Eden: 211968K(211968K)->0K(218112K) From: 0K(65536K)->21042K(59392K)
[63.894s][info][gc,heap        ] GC(240) ParOldGen: 248333K(699392K)->248341K(699392K)
[63.894s][info][gc,metaspace   ] GC(240) Metaspace: 66256K(67392K)->66256K(67392K) NonClass: 57844K(58304K)->57844K(58304K) Class: 8411K(9088K)->8411K(9088K)
[63.894s][info][gc             ] GC(240) Pause Young (Allocation Failure) 449M->263M(954M) 33.072ms
[63.894s][info][gc,cpu         ] GC(240) User=0.69s Sys=0.00s Real=0.03s
[64.140s][info][gc,start       ] GC(241) Pause Young (Allocation Failure)
[64.182s][info][gc,heap        ] GC(241) PSYoungGen: 239154K(277504K)->4206K(280576K) Eden: 218112K(218112K)->0K(218112K) From: 21042K(59392K)->4206K(62464K)
[64.182s][info][gc,heap        ] GC(241) ParOldGen: 248341K(699392K)->256058K(699392K)
[64.182s][info][gc,metaspace   ] GC(241) Metaspace: 66282K(67520K)->66282K(67520K) NonClass: 57870K(58432K)->57870K(58432K) Class: 8412K(9088K)->8412K(9088K)
[64.182s][info][gc             ] GC(241) Pause Young (Allocation Failure) 476M->254M(957M) 41.464ms
[64.182s][info][gc,cpu         ] GC(241) User=1.05s Sys=0.00s Real=0.05s
[64.354s][info][gc,start       ] GC(242) Pause Young (Allocation Failure)
[64.371s][info][gc,heap        ] GC(242) PSYoungGen: 222318K(280576K)->15968K(281600K) Eden: 218112K(218112K)->0K(224256K) From: 4206K(62464K)->15968K(57344K)
[64.371s][info][gc,heap        ] GC(242) ParOldGen: 256058K(699392K)->256695K(699392K)
[64.371s][info][gc,metaspace   ] GC(242) Metaspace: 66309K(67520K)->66309K(67520K) NonClass: 57894K(58432K)->57894K(58432K) Class: 8414K(9088K)->8414K(9088K)
[64.371s][info][gc             ] GC(242) Pause Young (Allocation Failure) 467M->266M(958M) 16.265ms
[64.371s][info][gc,cpu         ] GC(242) User=0.36s Sys=0.00s Real=0.01s
[64.609s][info][gc,start       ] GC(243) Pause Young (Allocation Failure)
[64.638s][info][gc,heap        ] GC(243) PSYoungGen: 240224K(281600K)->34179K(284160K) Eden: 224256K(224256K)->0K(224256K) From: 15968K(57344K)->34179K(59904K)
[64.638s][info][gc,heap        ] GC(243) ParOldGen: 256695K(699392K)->272391K(699392K)
[64.638s][info][gc,metaspace   ] GC(243) Metaspace: 66351K(67584K)->66351K(67584K) NonClass: 57936K(58496K)->57936K(58496K) Class: 8414K(9088K)->8414K(9088K)
[64.638s][info][gc             ] GC(243) Pause Young (Allocation Failure) 485M->299M(960M) 28.883ms
[64.638s][info][gc,cpu         ] GC(243) User=0.25s Sys=0.00s Real=0.03s
[64.926s][info][gc,start       ] GC(244) Pause Young (Allocation Failure)
[64.931s][info][gc,heap        ] GC(244) PSYoungGen: 258435K(284160K)->9064K(287744K) Eden: 224256K(224256K)->0K(228864K) From: 34179K(59904K)->9064K(58880K)
[64.931s][info][gc,heap        ] GC(244) ParOldGen: 272391K(699392K)->272551K(699392K)
[64.931s][info][gc,metaspace   ] GC(244) Metaspace: 66378K(67584K)->66378K(67584K) NonClass: 57963K(58496K)->57963K(58496K) Class: 8414K(9088K)->8414K(9088K)
[64.931s][info][gc             ] GC(244) Pause Young (Allocation Failure) 518M->275M(964M) 4.488ms
[64.931s][info][gc,cpu         ] GC(244) User=0.00s Sys=0.00s Real=0.00s
[65.042s][info][gc,start       ] GC(245) Pause Young (Allocation Failure)
[65.063s][info][gc,heap        ] GC(245) PSYoungGen: 237928K(287744K)->39624K(268800K) Eden: 228864K(228864K)->0K(228864K) From: 9064K(58880K)->39624K(39936K)
[65.063s][info][gc,heap        ] GC(245) ParOldGen: 272551K(699392K)->280134K(699392K)
[65.063s][info][gc,metaspace   ] GC(245) Metaspace: 66378K(67584K)->66378K(67584K) NonClass: 57963K(58496K)->57963K(58496K) Class: 8414K(9088K)->8414K(9088K)
[65.063s][info][gc             ] GC(245) Pause Young (Allocation Failure) 498M->312M(945M) 20.692ms
[65.063s][info][gc,cpu         ] GC(245) User=0.22s Sys=0.00s Real=0.01s
[65.282s][info][gc,start       ] GC(246) Pause Young (Allocation Failure)
[65.314s][info][gc,heap        ] GC(246) PSYoungGen: 268488K(268800K)->39590K(283136K) Eden: 228864K(228864K)->0K(221184K) From: 39624K(39936K)->39590K(61952K)
[65.314s][info][gc,heap        ] GC(246) ParOldGen: 280134K(699392K)->311078K(699392K)
[65.314s][info][gc,metaspace   ] GC(246) Metaspace: 66378K(67584K)->66378K(67584K) NonClass: 57963K(58496K)->57963K(58496K) Class: 8414K(9088K)->8414K(9088K)
[65.314s][info][gc             ] GC(246) Pause Young (Allocation Failure) 535M->342M(959M) 32.311ms
[65.314s][info][gc,cpu         ] GC(246) User=0.55s Sys=0.00s Real=0.03s
[65.481s][info][gc,start       ] GC(247) Pause Young (Allocation Failure)
[65.507s][info][gc,heap        ] GC(247) PSYoungGen: 259803K(283136K)->63978K(285184K) Eden: 220212K(221184K)->0K(221184K) From: 39590K(61952K)->63978K(64000K)
[65.507s][info][gc,heap        ] GC(247) ParOldGen: 311078K(699392K)->347318K(699392K)
[65.507s][info][gc,metaspace   ] GC(247) Metaspace: 66383K(67584K)->66383K(67584K) NonClass: 57968K(58496K)->57968K(58496K) Class: 8414K(9088K)->8414K(9088K)
[65.507s][info][gc             ] GC(247) Pause Young (Allocation Failure) 557M->401M(961M) 25.482ms
[65.507s][info][gc,cpu         ] GC(247) User=0.36s Sys=0.00s Real=0.02s
[65.578s][info][gc,start       ] GC(248) Pause Young (Allocation Failure)
[65.599s][info][gc,heap        ] GC(248) PSYoungGen: 285162K(285184K)->63975K(210432K) Eden: 221184K(221184K)->0K(146432K) From: 63978K(64000K)->63975K(64000K)
[65.600s][info][gc,heap        ] GC(248) ParOldGen: 347318K(699392K)->368185K(699392K)
[65.600s][info][gc,metaspace   ] GC(248) Metaspace: 66420K(67584K)->66420K(67584K) NonClass: 58005K(58496K)->58005K(58496K) Class: 8414K(9088K)->8414K(9088K)
[65.600s][info][gc             ] GC(248) Pause Young (Allocation Failure) 617M->422M(888M) 21.215ms
[65.600s][info][gc,cpu         ] GC(248) User=0.33s Sys=0.03s Real=0.01s
[65.717s][info][gc,start       ] GC(249) Pause Young (Allocation Failure)
[65.750s][info][gc,heap        ] GC(249) PSYoungGen: 210407K(210432K)->40295K(247808K) Eden: 146432K(146432K)->0K(146432K) From: 63975K(64000K)->40295K(101376K)
[65.750s][info][gc,heap        ] GC(249) ParOldGen: 368185K(699392K)->392184K(699392K)
[65.750s][info][gc,metaspace   ] GC(249) Metaspace: 66420K(67584K)->66420K(67584K) NonClass: 58005K(58496K)->58005K(58496K) Class: 8414K(9088K)->8414K(9088K)
[65.750s][info][gc             ] GC(249) Pause Young (Allocation Failure) 565M->422M(925M) 32.673ms
[65.750s][info][gc,cpu         ] GC(249) User=0.69s Sys=0.00s Real=0.03s
[65.806s][info][gc,start       ] GC(250) Pause Young (Allocation Failure)
[65.838s][info][gc,heap        ] GC(250) PSYoungGen: 186727K(247808K)->64K(243712K) Eden: 146432K(146432K)->0K(151552K) From: 40295K(101376K)->64K(92160K)
[65.838s][info][gc,heap        ] GC(250) ParOldGen: 392184K(699392K)->432264K(699392K)
[65.838s][info][gc,metaspace   ] GC(250) Metaspace: 66420K(67584K)->66420K(67584K) NonClass: 58005K(58496K)->58005K(58496K) Class: 8414K(9088K)->8414K(9088K)
[65.838s][info][gc             ] GC(250) Pause Young (Allocation Failure) 565M->422M(921M) 32.313ms
[65.838s][info][gc,cpu         ] GC(250) User=0.69s Sys=0.00s Real=0.03s
[65.899s][info][gc,start       ] GC(251) Pause Young (Allocation Failure)
[65.903s][info][gc,heap        ] GC(251) PSYoungGen: 151616K(243712K)->48K(248320K) Eden: 151552K(151552K)->0K(151552K) From: 64K(92160K)->48K(96768K)
[65.903s][info][gc,heap        ] GC(251) ParOldGen: 432264K(699392K)->432264K(699392K)
[65.903s][info][gc,metaspace   ] GC(251) Metaspace: 66420K(67584K)->66420K(67584K) NonClass: 58005K(58496K)->58005K(58496K) Class: 8414K(9088K)->8414K(9088K)
[65.903s][info][gc             ] GC(251) Pause Young (Allocation Failure) 570M->422M(925M) 4.499ms
[65.903s][info][gc,cpu         ] GC(251) User=0.02s Sys=0.00s Real=0.02s
[65.998s][info][gc,start       ] GC(252) Pause Young (Allocation Failure)
[66.264s][info][gc,heap        ] GC(252) PSYoungGen: 151600K(248320K)->42528K(247808K) Eden: 151552K(151552K)->0K(156160K) From: 48K(96768K)->42528K(91648K)
[66.265s][info][gc,heap        ] GC(252) ParOldGen: 432264K(699392K)->432264K(699392K)
[66.265s][info][gc,metaspace   ] GC(252) Metaspace: 66420K(67584K)->66420K(67584K) NonClass: 58005K(58496K)->58005K(58496K) Class: 8414K(9088K)->8414K(9088K)
[66.265s][info][gc             ] GC(252) Pause Young (Allocation Failure) 570M->463M(925M) 266.100ms
[66.265s][info][gc,cpu         ] GC(252) User=2.05s Sys=0.05s Real=0.26s
[66.355s][info][gc,start       ] GC(253) Pause Young (System.gc())
[66.361s][info][gc,heap        ] GC(253) PSYoungGen: 153132K(247808K)->128K(156672K) Eden: 110604K(156160K)->0K(156160K) From: 42528K(91648K)->128K(512K)
[66.361s][info][gc,heap        ] GC(253) ParOldGen: 432264K(699392K)->432304K(699392K)
[66.361s][info][gc,metaspace   ] GC(253) Metaspace: 66420K(67584K)->66420K(67584K) NonClass: 58005K(58496K)->58005K(58496K) Class: 8414K(9088K)->8414K(9088K)
[66.361s][info][gc             ] GC(253) Pause Young (System.gc()) 571M->422M(836M) 5.453ms
[66.361s][info][gc,cpu         ] GC(253) User=0.00s Sys=0.00s Real=0.00s
[66.361s][info][gc,start       ] GC(254) Pause Full (System.gc())
[66.361s][info][gc,phases,start] GC(254) Marking Phase
[66.417s][info][gc,phases      ] GC(254) Marking Phase 55.634ms
[66.417s][info][gc,phases,start] GC(254) Summary Phase
[66.417s][info][gc,phases      ] GC(254) Summary Phase 0.017ms
[66.417s][info][gc,phases,start] GC(254) Adjust Roots
[66.427s][info][gc,phases      ] GC(254) Adjust Roots 10.556ms
[66.427s][info][gc,phases,start] GC(254) Compaction Phase
[66.456s][info][gc,phases      ] GC(254) Compaction Phase 28.950ms
[66.456s][info][gc,phases,start] GC(254) Post Compact
[66.459s][info][gc,phases      ] GC(254) Post Compact 2.268ms
[66.459s][info][gc,heap        ] GC(254) PSYoungGen: 128K(156672K)->0K(156672K) Eden: 0K(156160K)->0K(156160K) From: 128K(512K)->0K(512K)
[66.459s][info][gc,heap        ] GC(254) ParOldGen: 432304K(699392K)->147801K(699392K)
[66.459s][info][gc,metaspace   ] GC(254) Metaspace: 66420K(67584K)->66420K(67584K) NonClass: 58005K(58496K)->58005K(58496K) Class: 8414K(9088K)->8414K(9088K)
[66.459s][info][gc             ] GC(254) Pause Full (System.gc()) 422M->144M(836M) 97.697ms
[66.459s][info][gc,cpu         ] GC(254) User=1.36s Sys=0.00s Real=0.11s
[66.580s][info][gc,start       ] GC(255) Pause Young (Allocation Failure)
[66.598s][info][gc,heap        ] GC(255) PSYoungGen: 156160K(156672K)->42720K(251392K) Eden: 156160K(156160K)->0K(157696K) From: 0K(512K)->42720K(93696K)
[66.598s][info][gc,heap        ] GC(255) ParOldGen: 147801K(699392K)->147809K(699392K)
[66.598s][info][gc,metaspace   ] GC(255) Metaspace: 66437K(67648K)->66437K(67648K) NonClass: 58022K(58560K)->58022K(58560K) Class: 8414K(9088K)->8414K(9088K)
[66.598s][info][gc             ] GC(255) Pause Young (Allocation Failure) 296M->186M(928M) 17.691ms
[66.598s][info][gc,cpu         ] GC(255) User=0.16s Sys=0.00s Real=0.01s
[66.674s][info][gc,start       ] GC(256) Pause Young (Allocation Failure)
[66.709s][info][gc,heap        ] GC(256) PSYoungGen: 200416K(251392K)->50048K(249856K) Eden: 157696K(157696K)->0K(157696K) From: 42720K(93696K)->50048K(92160K)
[66.709s][info][gc,heap        ] GC(256) ParOldGen: 147809K(699392K)->184264K(699392K)
[66.709s][info][gc,metaspace   ] GC(256) Metaspace: 66437K(67648K)->66437K(67648K) NonClass: 58022K(58560K)->58022K(58560K) Class: 8414K(9088K)->8414K(9088K)
[66.709s][info][gc             ] GC(256) Pause Young (Allocation Failure) 340M->228M(927M) 34.922ms
[66.709s][info][gc,cpu         ] GC(256) User=0.72s Sys=0.00s Real=0.03s
[66.778s][info][gc,start       ] GC(257) Pause Young (Allocation Failure)
[66.813s][info][gc,heap        ] GC(257) PSYoungGen: 207744K(249856K)->20864K(249856K) Eden: 157696K(157696K)->0K(163840K) From: 50048K(92160K)->20864K(86016K)
[66.813s][info][gc,heap        ] GC(257) ParOldGen: 184264K(699392K)->232888K(699392K)
[66.813s][info][gc,metaspace   ] GC(257) Metaspace: 66437K(67648K)->66437K(67648K) NonClass: 58022K(58560K)->58022K(58560K) Class: 8414K(9088K)->8414K(9088K)
[66.813s][info][gc             ] GC(257) Pause Young (Allocation Failure) 382M->247M(927M) 35.842ms
[66.814s][info][gc,cpu         ] GC(257) User=0.69s Sys=0.00s Real=0.03s
[66.905s][info][gc,start       ] GC(258) Pause Young (Allocation Failure)
[66.928s][info][gc,heap        ] GC(258) PSYoungGen: 184704K(249856K)->23184K(252928K) Eden: 163840K(163840K)->0K(163840K) From: 20864K(86016K)->23184K(89088K)
[66.928s][info][gc,heap        ] GC(258) ParOldGen: 232888K(699392K)->248560K(699392K)
[66.928s][info][gc,metaspace   ] GC(258) Metaspace: 66437K(67648K)->66437K(67648K) NonClass: 58022K(58560K)->58022K(58560K) Class: 8414K(9088K)->8414K(9088K)
[66.928s][info][gc             ] GC(258) Pause Young (Allocation Failure) 407M->265M(930M) 22.994ms
[66.928s][info][gc,cpu         ] GC(258) User=0.34s Sys=0.00s Real=0.01s
[67.037s][info][gc,start       ] GC(259) Pause Young (Allocation Failure)
[67.069s][info][gc,heap        ] GC(259) PSYoungGen: 187024K(252928K)->25056K(253440K) Eden: 163840K(163840K)->0K(175616K) From: 23184K(89088K)->25056K(77824K)
[67.069s][info][gc,heap        ] GC(259) ParOldGen: 248560K(699392K)->260968K(699392K)
[67.069s][info][gc,metaspace   ] GC(259) Metaspace: 66437K(67648K)->66437K(67648K) NonClass: 58022K(58560K)->58022K(58560K) Class: 8414K(9088K)->8414K(9088K)
[67.069s][info][gc             ] GC(259) Pause Young (Allocation Failure) 425M->279M(930M) 32.160ms
[67.069s][info][gc,cpu         ] GC(259) User=0.52s Sys=0.00s Real=0.03s
[67.166s][info][gc,start       ] GC(260) Pause Young (Allocation Failure)
[67.194s][info][gc,heap        ] GC(260) PSYoungGen: 200672K(253440K)->13920K(256000K) Eden: 175616K(175616K)->0K(175616K) From: 25056K(77824K)->13920K(80384K)
[67.194s][info][gc,heap        ] GC(260) ParOldGen: 260968K(699392K)->283240K(699392K)
[67.194s][info][gc,metaspace   ] GC(260) Metaspace: 66439K(67648K)->66439K(67648K) NonClass: 58024K(58560K)->58024K(58560K) Class: 8414K(9088K)->8414K(9088K)
[67.194s][info][gc             ] GC(260) Pause Young (Allocation Failure) 450M->290M(933M) 28.059ms
[67.194s][info][gc,cpu         ] GC(260) User=0.69s Sys=0.00s Real=0.03s
[67.299s][info][gc,start       ] GC(261) Pause Young (Allocation Failure)
[67.363s][info][gc,heap        ] GC(261) PSYoungGen: 189536K(256000K)->13056K(264704K) Eden: 175616K(175616K)->0K(190976K) From: 13920K(80384K)->13056K(73728K)
[67.363s][info][gc,heap        ] GC(261) ParOldGen: 283240K(699392K)->294160K(699392K)
[67.363s][info][gc,metaspace   ] GC(261) Metaspace: 66439K(67648K)->66439K(67648K) NonClass: 58024K(58560K)->58024K(58560K) Class: 8414K(9088K)->8414K(9088K)
[67.363s][info][gc             ] GC(261) Pause Young (Allocation Failure) 461M->300M(941M) 64.417ms
[67.363s][info][gc,cpu         ] GC(261) User=1.72s Sys=0.00s Real=0.07s
[67.473s][info][gc,start       ] GC(262) Pause Young (Allocation Failure)
[67.533s][info][gc,heap        ] GC(262) PSYoungGen: 204032K(264704K)->15616K(266752K) Eden: 190976K(190976K)->0K(190976K) From: 13056K(73728K)->15616K(75776K)
[67.533s][info][gc,heap        ] GC(262) ParOldGen: 294160K(699392K)->304280K(699392K)
[67.533s][info][gc,metaspace   ] GC(262) Metaspace: 66439K(67648K)->66439K(67648K) NonClass: 58024K(58560K)->58024K(58560K) Class: 8414K(9088K)->8414K(9088K)
[67.533s][info][gc             ] GC(262) Pause Young (Allocation Failure) 486M->312M(943M) 60.207ms
[67.533s][info][gc,cpu         ] GC(262) User=1.05s Sys=0.00s Real=0.06s
[67.660s][info][gc,start       ] GC(263) Pause Young (Allocation Failure)
[67.742s][info][gc,heap        ] GC(263) PSYoungGen: 206592K(266752K)->12384K(269312K) Eden: 190976K(190976K)->0K(200704K) From: 15616K(75776K)->12384K(68608K)
[67.742s][info][gc,heap        ] GC(263) ParOldGen: 304280K(699392K)->317336K(699392K)
[67.742s][info][gc,metaspace   ] GC(263) Metaspace: 66439K(67648K)->66439K(67648K) NonClass: 58024K(58560K)->58024K(58560K) Class: 8414K(9088K)->8414K(9088K)
[67.742s][info][gc             ] GC(263) Pause Young (Allocation Failure) 498M->321M(946M) 81.807ms
[67.742s][info][gc,cpu         ] GC(263) User=1.72s Sys=0.00s Real=0.08s
[67.956s][info][gc,start       ] GC(264) Pause Young (Allocation Failure)
[68.023s][info][gc,heap        ] GC(264) PSYoungGen: 212717K(269312K)->16544K(270848K) Eden: 200333K(200704K)->0K(200704K) From: 12384K(68608K)->16544K(70144K)
[68.023s][info][gc,heap        ] GC(264) ParOldGen: 317336K(699392K)->328312K(699392K)
[68.023s][info][gc,metaspace   ] GC(264) Metaspace: 66439K(67648K)->66439K(67648K) NonClass: 58024K(58560K)->58024K(58560K) Class: 8414K(9088K)->8414K(9088K)
[68.023s][info][gc             ] GC(264) Pause Young (Allocation Failure) 517M->336M(947M) 67.194ms
[68.023s][info][gc,cpu         ] GC(264) User=1.38s Sys=0.00s Real=0.06s
[68.345s][info][gc,start       ] GC(265) Pause Young (Allocation Failure)
[68.386s][info][gc,heap        ] GC(265) PSYoungGen: 217248K(270848K)->10755K(276480K) Eden: 200704K(200704K)->0K(211968K) From: 16544K(70144K)->10755K(64512K)
[68.386s][info][gc,heap        ] GC(265) ParOldGen: 328312K(699392K)->340672K(699392K)
[68.386s][info][gc,metaspace   ] GC(265) Metaspace: 66439K(67648K)->66439K(67648K) NonClass: 58024K(58560K)->58024K(58560K) Class: 8414K(9088K)->8414K(9088K)
[68.386s][info][gc             ] GC(265) Pause Young (Allocation Failure) 532M->343M(953M) 40.173ms
[68.386s][info][gc,cpu         ] GC(265) User=1.03s Sys=0.00s Real=0.05s
[68.803s][info][gc,start       ] GC(266) Pause Young (Allocation Failure)
[68.901s][info][gc,heap        ] GC(266) PSYoungGen: 222723K(276480K)->7712K(276992K) Eden: 211968K(211968K)->0K(211968K) From: 10755K(64512K)->7712K(65024K)
[68.901s][info][gc,heap        ] GC(266) ParOldGen: 340672K(699392K)->349267K(699392K)
[68.901s][info][gc,metaspace   ] GC(266) Metaspace: 66439K(67648K)->66439K(67648K) NonClass: 58024K(58560K)->58024K(58560K) Class: 8414K(9088K)->8414K(9088K)
[68.901s][info][gc             ] GC(266) Pause Young (Allocation Failure) 550M->348M(953M) 97.458ms
[68.901s][info][gc,cpu         ] GC(266) User=2.06s Sys=0.00s Real=0.09s
[69.527s][info][gc,start       ] GC(267) Pause Young (Allocation Failure)
[69.612s][info][gc,heap        ] GC(267) PSYoungGen: 219680K(276992K)->35870K(281088K) Eden: 211968K(211968K)->0K(218112K) From: 7712K(65024K)->35870K(62976K)
[69.613s][info][gc,heap        ] GC(267) ParOldGen: 349267K(699392K)->356291K(699392K)
[69.613s][info][gc,metaspace   ] GC(267) Metaspace: 66452K(67648K)->66452K(67648K) NonClass: 58036K(58560K)->58036K(58560K) Class: 8415K(9088K)->8415K(9088K)
[69.613s][info][gc             ] GC(267) Pause Young (Allocation Failure) 555M->382M(957M) 85.249ms
[69.613s][info][gc,cpu         ] GC(267) User=1.58s Sys=0.00s Real=0.08s
[69.723s][info][gc,start       ] GC(268) Pause Young (Allocation Failure)
[69.765s][info][gc,heap        ] GC(268) PSYoungGen: 253982K(281088K)->64480K(282624K) Eden: 218112K(218112K)->0K(218112K) From: 35870K(62976K)->64480K(64512K)
[69.765s][info][gc,heap        ] GC(268) ParOldGen: 356291K(699392K)->397774K(699392K)
[69.765s][info][gc,metaspace   ] GC(268) Metaspace: 66453K(67648K)->66453K(67648K) NonClass: 58037K(58560K)->58037K(58560K) Class: 8415K(9088K)->8415K(9088K)
[69.765s][info][gc             ] GC(268) Pause Young (Allocation Failure) 595M->451M(959M) 41.835ms
[69.765s][info][gc,cpu         ] GC(268) User=0.98s Sys=0.00s Real=0.05s
[69.853s][info][gc,start       ] GC(269) Pause Young (Allocation Failure)
[69.892s][info][gc,heap        ] GC(269) PSYoungGen: 282592K(282624K)->30784K(245760K) Eden: 218112K(218112K)->0K(179200K) From: 64480K(64512K)->30784K(66560K)
[69.892s][info][gc,heap        ] GC(269) ParOldGen: 397774K(699392K)->462510K(699392K)
[69.892s][info][gc,metaspace   ] GC(269) Metaspace: 66453K(67648K)->66453K(67648K) NonClass: 58037K(58560K)->58037K(58560K) Class: 8415K(9088K)->8415K(9088K)
[69.892s][info][gc             ] GC(269) Pause Young (Allocation Failure) 664M->481M(923M) 38.639ms
[69.892s][info][gc,cpu         ] GC(269) User=1.08s Sys=0.00s Real=0.05s
[69.974s][info][gc,start       ] GC(270) Pause Young (Allocation Failure)
[70.004s][info][gc,heap        ] GC(270) PSYoungGen: 209984K(245760K)->26208K(264192K) Eden: 179200K(179200K)->0K(179200K) From: 30784K(66560K)->26208K(84992K)
[70.004s][info][gc,heap        ] GC(270) ParOldGen: 462510K(699392K)->487470K(699392K)
[70.004s][info][gc,metaspace   ] GC(270) Metaspace: 66453K(67648K)->66453K(67648K) NonClass: 58037K(58560K)->58037K(58560K) Class: 8415K(9088K)->8415K(9088K)
[70.004s][info][gc             ] GC(270) Pause Young (Allocation Failure) 656M->501M(941M) 29.820ms
[70.004s][info][gc,cpu         ] GC(270) User=0.69s Sys=0.00s Real=0.03s
[70.086s][info][gc,start       ] GC(271) Pause Young (Allocation Failure)
[70.111s][info][gc,heap        ] GC(271) PSYoungGen: 205408K(264192K)->25152K(251392K) Eden: 179200K(179200K)->0K(183808K) From: 26208K(84992K)->25152K(67584K)
[70.112s][info][gc,heap        ] GC(271) ParOldGen: 487470K(699392K)->510766K(699392K)
[70.112s][info][gc,metaspace   ] GC(271) Metaspace: 66453K(67648K)->66453K(67648K) NonClass: 58037K(58560K)->58037K(58560K) Class: 8415K(9088K)->8415K(9088K)
[70.112s][info][gc             ] GC(271) Pause Young (Allocation Failure) 676M->523M(928M) 25.255ms
[70.112s][info][gc,cpu         ] GC(271) User=0.69s Sys=0.00s Real=0.03s
[70.207s][info][gc,start       ] GC(272) Pause Young (Allocation Failure)
[70.248s][info][gc,heap        ] GC(272) PSYoungGen: 208960K(251392K)->24128K(260096K) Eden: 183808K(183808K)->0K(183808K) From: 25152K(67584K)->24128K(76288K)
[70.248s][info][gc,heap        ] GC(272) ParOldGen: 510766K(699392K)->534990K(699392K)
[70.248s][info][gc,metaspace   ] GC(272) Metaspace: 66453K(67648K)->66453K(67648K) NonClass: 58037K(58560K)->58037K(58560K) Class: 8415K(9088K)->8415K(9088K)
[70.248s][info][gc             ] GC(272) Pause Young (Allocation Failure) 702M->546M(937M) 40.950ms
[70.248s][info][gc,cpu         ] GC(272) User=0.98s Sys=0.00s Real=0.05s
[70.333s][info][gc,start       ] GC(273) Pause Young (Allocation Failure)
[70.395s][info][gc,heap        ] GC(273) PSYoungGen: 207936K(260096K)->15616K(265216K) Eden: 183808K(183808K)->0K(200192K) From: 24128K(76288K)->15616K(65024K)
[70.414s][info][gc,heap        ] GC(273) ParOldGen: 534990K(699392K)->560359K(699392K)
[70.414s][info][gc,metaspace   ] GC(273) Metaspace: 66453K(67648K)->66453K(67648K) NonClass: 58037K(58560K)->58037K(58560K) Class: 8415K(9088K)->8415K(9088K)
[70.414s][info][gc             ] GC(273) Pause Young (Allocation Failure) 725M->562M(942M) 80.689ms
[70.414s][info][gc,cpu         ] GC(273) User=1.38s Sys=0.00s Real=0.08s
[70.516s][info][gc,start       ] GC(274) Pause Young (Allocation Failure)
[70.575s][info][gc,heap        ] GC(274) PSYoungGen: 215808K(265216K)->15856K(270848K) Eden: 200192K(200192K)->0K(200192K) From: 15616K(65024K)->15856K(70656K)
[70.575s][info][gc,heap        ] GC(274) ParOldGen: 560359K(699392K)->572519K(699392K)
[70.575s][info][gc,metaspace   ] GC(274) Metaspace: 66453K(67648K)->66453K(67648K) NonClass: 58037K(58560K)->58037K(58560K) Class: 8415K(9088K)->8415K(9088K)
[70.575s][info][gc             ] GC(274) Pause Young (Allocation Failure) 757M->574M(947M) 59.120ms
[70.575s][info][gc,cpu         ] GC(274) User=1.38s Sys=0.00s Real=0.06s
[70.699s][info][gc,start       ] GC(275) Pause Young (Allocation Failure)
[70.765s][info][gc,heap        ] GC(275) PSYoungGen: 216048K(270848K)->14080K(272384K) Eden: 200192K(200192K)->0K(209920K) From: 15856K(70656K)->14080K(62464K)
[70.765s][info][gc,heap        ] GC(275) ParOldGen: 572519K(699392K)->585055K(699392K)
[70.765s][info][gc,metaspace   ] GC(275) Metaspace: 66453K(67648K)->66453K(67648K) NonClass: 58037K(58560K)->58037K(58560K) Class: 8415K(9088K)->8415K(9088K)
[70.765s][info][gc             ] GC(275) Pause Young (Allocation Failure) 770M->585M(949M) 66.086ms
[70.765s][info][gc,cpu         ] GC(275) User=1.38s Sys=0.00s Real=0.06s
[71.438s][info][gc,start       ] GC(276) Pause Young (Allocation Failure)
[71.493s][info][gc,heap        ] GC(276) PSYoungGen: 224000K(272384K)->9025K(276480K) Eden: 209920K(209920K)->0K(209920K) From: 14080K(62464K)->9025K(66560K)
[71.493s][info][gc,heap        ] GC(276) ParOldGen: 585055K(699392K)->597575K(699392K)
[71.493s][info][gc,metaspace   ] GC(276) Metaspace: 66522K(67712K)->66522K(67712K) NonClass: 58095K(58624K)->58095K(58624K) Class: 8426K(9088K)->8426K(9088K)
[71.493s][info][gc             ] GC(276) Pause Young (Allocation Failure) 790M->592M(953M) 54.816ms
[71.493s][info][gc,cpu         ] GC(276) User=1.03s Sys=0.00s Real=0.05s
[71.701s][info][gc,start       ] GC(277) Pause Young (Allocation Failure)
[71.745s][info][gc,heap        ] GC(277) PSYoungGen: 218945K(276480K)->561K(281088K) Eden: 209920K(209920K)->0K(217600K) From: 9025K(66560K)->561K(63488K)
[71.745s][info][gc,heap        ] GC(277) ParOldGen: 597575K(699392K)->603541K(699392K)
[71.745s][info][gc,metaspace   ] GC(277) Metaspace: 66524K(67712K)->66524K(67712K) NonClass: 58098K(58624K)->58098K(58624K) Class: 8426K(9088K)->8426K(9088K)
[71.745s][info][gc             ] GC(277) Pause Young (Allocation Failure) 797M->589M(957M) 43.686ms
[71.745s][info][gc,cpu         ] GC(277) User=1.03s Sys=0.00s Real=0.05s
[71.924s][info][gc,start       ] GC(278) Pause Young (Allocation Failure)
[71.947s][info][gc,heap        ] GC(278) PSYoungGen: 218161K(281088K)->32480K(282624K) Eden: 217600K(217600K)->0K(217600K) From: 561K(63488K)->32480K(65024K)
[71.947s][info][gc,heap        ] GC(278) ParOldGen: 603541K(699392K)->603653K(699392K)
[71.947s][info][gc,metaspace   ] GC(278) Metaspace: 66533K(67712K)->66533K(67712K) NonClass: 58107K(58624K)->58107K(58624K) Class: 8426K(9088K)->8426K(9088K)
[71.947s][info][gc             ] GC(278) Pause Young (Allocation Failure) 802M->621M(959M) 23.489ms
[71.947s][info][gc,cpu         ] GC(278) User=0.72s Sys=0.00s Real=0.03s
[72.120s][info][gc,start       ] GC(279) Pause Young (Allocation Failure)
[72.142s][info][gc,heap        ] GC(279) PSYoungGen: 250080K(282624K)->31504K(282624K) Eden: 217600K(217600K)->0K(219648K) From: 32480K(65024K)->31504K(62976K)
[72.142s][info][gc,heap        ] GC(279) ParOldGen: 603653K(699392K)->603812K(699392K)
[72.142s][info][gc,metaspace   ] GC(279) Metaspace: 66627K(67776K)->66627K(67776K) NonClass: 58201K(58688K)->58201K(58688K) Class: 8426K(9088K)->8426K(9088K)
[72.142s][info][gc             ] GC(279) Pause Young (Allocation Failure) 833M->620M(959M) 22.247ms
[72.142s][info][gc,cpu         ] GC(279) User=0.36s Sys=0.00s Real=0.02s
[72.659s][info][gc,start       ] GC(280) Pause Young (Allocation Failure)
[72.670s][info][gc,heap        ] GC(280) PSYoungGen: 251152K(282624K)->3176K(283648K) Eden: 219648K(219648K)->0K(219648K) From: 31504K(62976K)->3176K(64000K)
[72.670s][info][gc,heap        ] GC(280) ParOldGen: 603812K(699392K)->603955K(699392K)
[72.670s][info][gc,metaspace   ] GC(280) Metaspace: 66651K(67776K)->66651K(67776K) NonClass: 58225K(58688K)->58225K(58688K) Class: 8426K(9088K)->8426K(9088K)
[72.670s][info][gc             ] GC(280) Pause Young (Allocation Failure) 834M->592M(960M) 10.322ms
[72.670s][info][gc,cpu         ] GC(280) User=0.36s Sys=0.00s Real=0.02s
[72.754s][info][gc,start       ] GC(281) Pause Young (Allocation Failure)
[72.770s][info][gc,heap        ] GC(281) PSYoungGen: 222824K(283648K)->31456K(283648K) Eden: 219648K(219648K)->0K(221696K) From: 3176K(64000K)->31456K(61952K)
[72.770s][info][gc,heap        ] GC(281) ParOldGen: 603955K(699392K)->606451K(699392K)
[72.770s][info][gc,metaspace   ] GC(281) Metaspace: 66651K(67776K)->66651K(67776K) NonClass: 58225K(58688K)->58225K(58688K) Class: 8426K(9088K)->8426K(9088K)
[72.770s][info][gc             ] GC(281) Pause Young (Allocation Failure) 807M->622M(960M) 16.328ms
[72.770s][info][gc,cpu         ] GC(281) User=0.36s Sys=0.00s Real=0.01s
[72.866s][info][gc,start       ] GC(282) Pause Young (Allocation Failure)
[72.905s][info][gc,heap        ] GC(282) PSYoungGen: 253152K(283648K)->38624K(260608K) Eden: 221696K(221696K)->0K(221696K) From: 31456K(61952K)->38624K(38912K)
[72.905s][info][gc,heap        ] GC(282) ParOldGen: 606451K(699392K)->634339K(699392K)
[72.905s][info][gc,metaspace   ] GC(282) Metaspace: 66651K(67776K)->66651K(67776K) NonClass: 58225K(58688K)->58225K(58688K) Class: 8426K(9088K)->8426K(9088K)
[72.905s][info][gc             ] GC(282) Pause Young (Allocation Failure) 839M->657M(937M) 39.032ms
[72.905s][info][gc,cpu         ] GC(282) User=0.64s Sys=0.00s Real=0.03s
[73.199s][info][gc,start       ] GC(283) Pause Young (Allocation Failure)
[73.230s][info][gc,heap        ] GC(283) PSYoungGen: 260320K(260608K)->54117K(270848K) Eden: 221696K(221696K)->0K(205824K) From: 38624K(38912K)->54117K(65024K)
[73.230s][info][gc,heap        ] GC(283) ParOldGen: 634339K(699392K)->671539K(699392K)
[73.230s][info][gc,metaspace   ] GC(283) Metaspace: 66663K(67840K)->66663K(67840K) NonClass: 58236K(58752K)->58236K(58752K) Class: 8426K(9088K)->8426K(9088K)
[73.230s][info][gc             ] GC(283) Pause Young (Allocation Failure) 873M->708M(947M) 31.468ms
[73.230s][info][gc,cpu         ] GC(283) User=0.66s Sys=0.03s Real=0.03s
[73.230s][info][gc,start       ] GC(284) Pause Full (Ergonomics)
[73.230s][info][gc,phases,start] GC(284) Marking Phase
[73.283s][info][gc,phases      ] GC(284) Marking Phase 52.231ms
[73.283s][info][gc,phases,start] GC(284) Summary Phase
[73.283s][info][gc,phases      ] GC(284) Summary Phase 0.029ms
[73.283s][info][gc,phases,start] GC(284) Adjust Roots
[73.293s][info][gc,phases      ] GC(284) Adjust Roots 10.103ms
[73.293s][info][gc,phases,start] GC(284) Compaction Phase
[73.345s][info][gc,phases      ] GC(284) Compaction Phase 52.558ms
[73.345s][info][gc,phases,start] GC(284) Post Compact
[73.349s][info][gc,phases      ] GC(284) Post Compact 3.975ms
[73.350s][info][gc,heap        ] GC(284) PSYoungGen: 54117K(270848K)->0K(277504K) Eden: 0K(205824K)->0K(205824K) From: 54117K(65024K)->0K(71680K)
[73.350s][info][gc,heap        ] GC(284) ParOldGen: 671539K(699392K)->216957K(699392K)
[73.350s][info][gc,metaspace   ] GC(284) Metaspace: 66663K(67840K)->66663K(67840K) NonClass: 58236K(58752K)->58236K(58752K) Class: 8426K(9088K)->8426K(9088K)
[73.350s][info][gc             ] GC(284) Pause Full (Ergonomics) 708M->211M(954M) 119.232ms
[73.350s][info][gc,cpu         ] GC(284) User=1.50s Sys=0.00s Real=0.13s
[73.427s][info][gc,start       ] GC(285) Pause Young (Allocation Failure)
[73.452s][info][gc,heap        ] GC(285) PSYoungGen: 202181K(277504K)->71656K(244736K) Eden: 202181K(205824K)->0K(173056K) From: 0K(71680K)->71656K(71680K)
[73.452s][info][gc,heap        ] GC(285) ParOldGen: 216957K(699392K)->227437K(699392K)
[73.452s][info][gc,metaspace   ] GC(285) Metaspace: 66666K(67840K)->66666K(67840K) NonClass: 58240K(58752K)->58240K(58752K) Class: 8426K(9088K)->8426K(9088K)
[73.452s][info][gc             ] GC(285) Pause Young (Allocation Failure) 409M->292M(922M) 24.793ms
[73.452s][info][gc,cpu         ] GC(285) User=0.69s Sys=0.00s Real=0.03s
[73.541s][info][gc,start       ] GC(286) Pause Young (Allocation Failure)
[73.565s][info][gc,heap        ] GC(286) PSYoungGen: 244712K(244736K)->44410K(261120K) Eden: 173056K(173056K)->0K(173056K) From: 71656K(71680K)->44410K(88064K)
[73.565s][info][gc,heap        ] GC(286) ParOldGen: 227437K(699392K)->267919K(699392K)
[73.565s][info][gc,metaspace   ] GC(286) Metaspace: 66672K(67840K)->66672K(67840K) NonClass: 58245K(58752K)->58245K(58752K) Class: 8426K(9088K)->8426K(9088K)
[73.565s][info][gc             ] GC(286) Pause Young (Allocation Failure) 461M->305M(938M) 24.100ms
[73.565s][info][gc,cpu         ] GC(286) User=0.69s Sys=0.00s Real=0.03s
[73.661s][info][gc,start       ] GC(287) Pause Young (Allocation Failure)
[73.693s][info][gc,heap        ] GC(287) PSYoungGen: 217466K(261120K)->28263K(251392K) Eden: 173056K(173056K)->0K(174592K) From: 44410K(88064K)->28263K(76800K)
[73.693s][info][gc,heap        ] GC(287) ParOldGen: 267919K(699392K)->286433K(699392K)
[73.693s][info][gc,metaspace   ] GC(287) Metaspace: 66672K(67840K)->66672K(67840K) NonClass: 58245K(58752K)->58245K(58752K) Class: 8426K(9088K)->8426K(9088K)
[73.693s][info][gc             ] GC(287) Pause Young (Allocation Failure) 474M->307M(928M) 32.456ms
[73.693s][info][gc,cpu         ] GC(287) User=0.69s Sys=0.00s Real=0.03s
[73.765s][info][gc,start       ] GC(288) Pause Young (Allocation Failure)
[73.789s][info][gc,heap        ] GC(288) PSYoungGen: 202855K(251392K)->48K(257024K) Eden: 174592K(174592K)->0K(174592K) From: 28263K(76800K)->48K(82432K)
[73.789s][info][gc,heap        ] GC(288) ParOldGen: 286433K(699392K)->314544K(699392K)
[73.789s][info][gc,metaspace   ] GC(288) Metaspace: 66672K(67840K)->66672K(67840K) NonClass: 58245K(58752K)->58245K(58752K) Class: 8426K(9088K)->8426K(9088K)
[73.789s][info][gc             ] GC(288) Pause Young (Allocation Failure) 477M->307M(934M) 24.766ms
[73.790s][info][gc,cpu         ] GC(288) User=0.69s Sys=0.00s Real=0.03s
[73.885s][info][gc,start       ] GC(289) Pause Young (Allocation Failure)
[74.049s][info][gc,heap        ] GC(289) PSYoungGen: 174640K(257024K)->42624K(266240K) Eden: 174592K(174592K)->0K(183808K) From: 48K(82432K)->42624K(82432K)
[74.049s][info][gc,heap        ] GC(289) ParOldGen: 314544K(699392K)->314544K(699392K)
[74.049s][info][gc,metaspace   ] GC(289) Metaspace: 66672K(67840K)->66672K(67840K) NonClass: 58245K(58752K)->58245K(58752K) Class: 8426K(9088K)->8426K(9088K)
[74.049s][info][gc             ] GC(289) Pause Young (Allocation Failure) 477M->348M(943M) 164.017ms
[74.049s][info][gc,cpu         ] GC(289) User=2.42s Sys=0.11s Real=0.17s
[74.117s][info][gc,start       ] GC(290) Pause Young (System.gc())
[74.121s][info][gc,heap        ] GC(290) PSYoungGen: 126310K(266240K)->160K(266240K) Eden: 83686K(183808K)->0K(183808K) From: 42624K(82432K)->160K(82432K)
[74.121s][info][gc,heap        ] GC(290) ParOldGen: 314544K(699392K)->314584K(699392K)
[74.121s][info][gc,metaspace   ] GC(290) Metaspace: 66672K(67840K)->66672K(67840K) NonClass: 58245K(58752K)->58245K(58752K) Class: 8426K(9088K)->8426K(9088K)
[74.121s][info][gc             ] GC(290) Pause Young (System.gc()) 430M->307M(943M) 4.004ms
[74.121s][info][gc,cpu         ] GC(290) User=0.00s Sys=0.00s Real=0.00s
[74.121s][info][gc,start       ] GC(291) Pause Full (System.gc())
[74.121s][info][gc,phases,start] GC(291) Marking Phase
[74.178s][info][gc,phases      ] GC(291) Marking Phase 57.303ms
[74.179s][info][gc,phases,start] GC(291) Summary Phase
[74.179s][info][gc,phases      ] GC(291) Summary Phase 0.017ms
[74.179s][info][gc,phases,start] GC(291) Adjust Roots
[74.188s][info][gc,phases      ] GC(291) Adjust Roots 9.399ms
[74.188s][info][gc,phases,start] GC(291) Compaction Phase
[74.210s][info][gc,phases      ] GC(291) Compaction Phase 21.887ms
[74.210s][info][gc,phases,start] GC(291) Post Compact
[74.212s][info][gc,phases      ] GC(291) Post Compact 1.738ms
[74.212s][info][gc,heap        ] GC(291) PSYoungGen: 160K(266240K)->0K(266240K) Eden: 0K(183808K)->0K(183808K) From: 160K(82432K)->0K(82432K)
[74.212s][info][gc,heap        ] GC(291) ParOldGen: 314584K(699392K)->147854K(699392K)
[74.212s][info][gc,metaspace   ] GC(291) Metaspace: 66672K(67840K)->66672K(67840K) NonClass: 58245K(58752K)->58245K(58752K) Class: 8426K(9088K)->8426K(9088K)
[74.212s][info][gc             ] GC(291) Pause Full (System.gc()) 307M->144M(943M) 90.613ms
[74.212s][info][gc,cpu         ] GC(291) User=1.50s Sys=0.11s Real=0.09s
[74.343s][info][gc,start       ] GC(292) Pause Young (Allocation Failure)
[74.366s][info][gc,heap        ] GC(292) PSYoungGen: 183808K(266240K)->61760K(252416K) Eden: 183808K(183808K)->0K(169984K) From: 0K(82432K)->61760K(82432K)
[74.366s][info][gc,heap        ] GC(292) ParOldGen: 147854K(699392K)->147854K(699392K)
[74.366s][info][gc,metaspace   ] GC(292) Metaspace: 66683K(67840K)->66683K(67840K) NonClass: 58256K(58752K)->58256K(58752K) Class: 8426K(9088K)->8426K(9088K)
[74.366s][info][gc             ] GC(292) Pause Young (Allocation Failure) 323M->204M(929M) 23.019ms
[74.366s][info][gc,cpu         ] GC(292) User=0.31s Sys=0.00s Real=0.01s
[74.450s][info][gc,start       ] GC(293) Pause Young (Allocation Failure)
[74.485s][info][gc,heap        ] GC(293) PSYoungGen: 231744K(252416K)->37312K(259584K) Eden: 169984K(169984K)->0K(169984K) From: 61760K(82432K)->37312K(89600K)
[74.485s][info][gc,heap        ] GC(293) ParOldGen: 147854K(699392K)->202300K(699392K)
[74.485s][info][gc,metaspace   ] GC(293) Metaspace: 66684K(67840K)->66684K(67840K) NonClass: 58257K(58752K)->58257K(58752K) Class: 8426K(9088K)->8426K(9088K)
[74.485s][info][gc             ] GC(293) Pause Young (Allocation Failure) 370M->233M(936M) 34.721ms
[74.485s][info][gc,cpu         ] GC(293) User=1.03s Sys=0.00s Real=0.05s
[74.569s][info][gc,start       ] GC(294) Pause Young (Allocation Failure)
[74.603s][info][gc,heap        ] GC(294) PSYoungGen: 207296K(259584K)->24800K(247808K) Eden: 169984K(169984K)->0K(173568K) From: 37312K(89600K)->24800K(74240K)
[74.603s][info][gc,heap        ] GC(294) ParOldGen: 202300K(699392K)->236596K(699392K)
[74.603s][info][gc,metaspace   ] GC(294) Metaspace: 66684K(67840K)->66684K(67840K) NonClass: 58257K(58752K)->58257K(58752K) Class: 8426K(9088K)->8426K(9088K)
[74.603s][info][gc             ] GC(294) Pause Young (Allocation Failure) 399M->255M(925M) 34.012ms
[74.603s][info][gc,cpu         ] GC(294) User=0.69s Sys=0.00s Real=0.03s
[74.696s][info][gc,start       ] GC(295) Pause Young (Allocation Failure)
[74.720s][info][gc,heap        ] GC(295) PSYoungGen: 198368K(247808K)->15936K(255488K) Eden: 173568K(173568K)->0K(173568K) From: 24800K(74240K)->15936K(81920K)
[74.721s][info][gc,heap        ] GC(295) ParOldGen: 236596K(699392K)->260844K(699392K)
[74.721s][info][gc,metaspace   ] GC(295) Metaspace: 66684K(67840K)->66684K(67840K) NonClass: 58257K(58752K)->58257K(58752K) Class: 8426K(9088K)->8426K(9088K)
[74.721s][info][gc             ] GC(295) Pause Young (Allocation Failure) 424M->270M(932M) 24.208ms
[74.721s][info][gc,cpu         ] GC(295) User=0.69s Sys=0.00s Real=0.03s
[74.832s][info][gc,start       ] GC(296) Pause Young (Allocation Failure)
[74.867s][info][gc,heap        ] GC(296) PSYoungGen: 189504K(255488K)->26560K(256512K) Eden: 173568K(173568K)->0K(187904K) From: 15936K(81920K)->26560K(68608K)
[74.867s][info][gc,heap        ] GC(296) ParOldGen: 260844K(699392K)->275084K(699392K)
[74.867s][info][gc,metaspace   ] GC(296) Metaspace: 66684K(67840K)->66684K(67840K) NonClass: 58257K(58752K)->58257K(58752K) Class: 8426K(9088K)->8426K(9088K)
[74.867s][info][gc             ] GC(296) Pause Young (Allocation Failure) 439M->294M(933M) 35.085ms
[74.867s][info][gc,cpu         ] GC(296) User=0.69s Sys=0.00s Real=0.03s
[74.973s][info][gc,start       ] GC(297) Pause Young (Allocation Failure)
[75.000s][info][gc,heap        ] GC(297) PSYoungGen: 214464K(256512K)->14176K(263168K) Eden: 187904K(187904K)->0K(187904K) From: 26560K(68608K)->14176K(75264K)
[75.000s][info][gc,heap        ] GC(297) ParOldGen: 275084K(699392K)->299244K(699392K)
[75.000s][info][gc,metaspace   ] GC(297) Metaspace: 66685K(67840K)->66685K(67840K) NonClass: 58259K(58752K)->58259K(58752K) Class: 8426K(9088K)->8426K(9088K)
[75.000s][info][gc             ] GC(297) Pause Young (Allocation Failure) 478M->306M(940M) 27.522ms
[75.000s][info][gc,cpu         ] GC(297) User=0.69s Sys=0.00s Real=0.03s
[75.108s][info][gc,start       ] GC(298) Pause Young (Allocation Failure)
[75.180s][info][gc,heap        ] GC(298) PSYoungGen: 202080K(263168K)->13472K(267776K) Eden: 187904K(187904K)->0K(200704K) From: 14176K(75264K)->13472K(67072K)
[75.180s][info][gc,heap        ] GC(298) ParOldGen: 299244K(699392K)->310220K(699392K)
[75.180s][info][gc,metaspace   ] GC(298) Metaspace: 66686K(67840K)->66686K(67840K) NonClass: 58259K(58752K)->58259K(58752K) Class: 8426K(9088K)->8426K(9088K)
[75.180s][info][gc             ] GC(298) Pause Young (Allocation Failure) 489M->316M(944M) 71.774ms
[75.180s][info][gc,cpu         ] GC(298) User=1.38s Sys=0.00s Real=0.06s
[75.320s][info][gc,start       ] GC(299) Pause Young (Allocation Failure)
[75.379s][info][gc,heap        ] GC(299) PSYoungGen: 214176K(267776K)->15568K(271872K) Eden: 200704K(200704K)->0K(200704K) From: 13472K(67072K)->15568K(71168K)
[75.379s][info][gc,heap        ] GC(299) ParOldGen: 310220K(699392K)->320940K(699392K)
[75.379s][info][gc,metaspace   ] GC(299) Metaspace: 66686K(67840K)->66686K(67840K) NonClass: 58259K(58752K)->58259K(58752K) Class: 8426K(9088K)->8426K(9088K)
[75.379s][info][gc             ] GC(299) Pause Young (Allocation Failure) 512M->328M(948M) 59.752ms
[75.379s][info][gc,cpu         ] GC(299) User=1.38s Sys=0.00s Real=0.06s
[75.565s][info][gc,start       ] GC(300) Pause Young (Allocation Failure)
[75.615s][info][gc,heap        ] GC(300) PSYoungGen: 216272K(271872K)->15072K(271360K) Eden: 200704K(200704K)->0K(209408K) From: 15568K(71168K)->15072K(61952K)
[75.615s][info][gc,heap        ] GC(300) ParOldGen: 320940K(699392K)->334332K(699392K)
[75.615s][info][gc,metaspace   ] GC(300) Metaspace: 66686K(67840K)->66686K(67840K) NonClass: 58259K(58752K)->58259K(58752K) Class: 8426K(9088K)->8426K(9088K)
[75.615s][info][gc             ] GC(300) Pause Young (Allocation Failure) 524M->341M(948M) 49.253ms
[75.615s][info][gc,cpu         ] GC(300) User=1.03s Sys=0.00s Real=0.05s
[75.926s][info][gc,start       ] GC(301) Pause Young (Allocation Failure)
[75.975s][info][gc,heap        ] GC(301) PSYoungGen: 224480K(271360K)->14720K(275456K) Eden: 209408K(209408K)->0K(209408K) From: 15072K(61952K)->14720K(66048K)
[75.975s][info][gc,heap        ] GC(301) ParOldGen: 334332K(699392K)->344140K(699392K)
[75.975s][info][gc,metaspace   ] GC(301) Metaspace: 66689K(67840K)->66689K(67840K) NonClass: 58262K(58752K)->58262K(58752K) Class: 8426K(9088K)->8426K(9088K)
[75.975s][info][gc             ] GC(301) Pause Young (Allocation Failure) 545M->350M(952M) 48.822ms
[75.975s][info][gc,cpu         ] GC(301) User=1.03s Sys=0.00s Real=0.05s
[76.352s][info][gc,start       ] GC(302) Pause Young (Allocation Failure)
[76.382s][info][gc,heap        ] GC(302) PSYoungGen: 224128K(275456K)->7808K(278528K) Eden: 209408K(209408K)->0K(219648K) From: 14720K(66048K)->7808K(58880K)
[76.382s][info][gc,heap        ] GC(302) ParOldGen: 344140K(699392K)->355084K(699392K)
[76.382s][info][gc,metaspace   ] GC(302) Metaspace: 66690K(67840K)->66690K(67840K) NonClass: 58264K(58752K)->58264K(58752K) Class: 8426K(9088K)->8426K(9088K)
[76.382s][info][gc             ] GC(302) Pause Young (Allocation Failure) 554M->354M(955M) 30.760ms
[76.382s][info][gc,cpu         ] GC(302) User=0.69s Sys=0.00s Real=0.03s
[77.063s][info][gc,start       ] GC(303) Pause Young (Allocation Failure)
[77.135s][info][gc,heap        ] GC(303) PSYoungGen: 227456K(278528K)->30687K(281600K) Eden: 219648K(219648K)->0K(219648K) From: 7808K(58880K)->30687K(61952K)
[77.135s][info][gc,heap        ] GC(303) ParOldGen: 355084K(699392K)->361380K(699392K)
[77.135s][info][gc,metaspace   ] GC(303) Metaspace: 66707K(67840K)->66707K(67840K) NonClass: 58280K(58752K)->58280K(58752K) Class: 8427K(9088K)->8427K(9088K)
[77.135s][info][gc             ] GC(303) Pause Young (Allocation Failure) 568M->382M(958M) 71.408ms
[77.135s][info][gc,cpu         ] GC(303) User=1.38s Sys=0.00s Real=0.06s
[77.318s][info][gc,start       ] GC(304) Pause Young (Allocation Failure)
[77.352s][info][gc,heap        ] GC(304) PSYoungGen: 250335K(281600K)->61408K(244736K) Eden: 219648K(219648K)->0K(183296K) From: 30687K(61952K)->61408K(61440K)
[77.352s][info][gc,heap        ] GC(304) ParOldGen: 361380K(699392K)->391515K(699392K)
[77.352s][info][gc,metaspace   ] GC(304) Metaspace: 66714K(67840K)->66714K(67840K) NonClass: 58287K(58752K)->58287K(58752K) Class: 8427K(9088K)->8427K(9088K)
[77.352s][info][gc             ] GC(304) Pause Young (Allocation Failure) 597M->442M(922M) 34.302ms
[77.352s][info][gc,cpu         ] GC(304) User=0.69s Sys=0.03s Real=0.03s
[77.429s][info][gc,start       ] GC(305) Pause Young (Allocation Failure)
[77.472s][info][gc,heap        ] GC(305) PSYoungGen: 244704K(244736K)->38848K(266240K) Eden: 183296K(183296K)->0K(183296K) From: 61408K(61440K)->38848K(82944K)
[77.472s][info][gc,heap        ] GC(305) ParOldGen: 391515K(699392K)->449027K(699392K)
[77.472s][info][gc,metaspace   ] GC(305) Metaspace: 66714K(67840K)->66714K(67840K) NonClass: 58287K(58752K)->58287K(58752K) Class: 8427K(9088K)->8427K(9088K)
[77.472s][info][gc             ] GC(305) Pause Young (Allocation Failure) 621M->476M(943M) 43.253ms
[77.472s][info][gc,cpu         ] GC(305) User=1.03s Sys=0.00s Real=0.05s
[77.549s][info][gc,start       ] GC(306) Pause Young (Allocation Failure)
[77.589s][info][gc,heap        ] GC(306) PSYoungGen: 220401K(266240K)->26816K(256000K) Eden: 181553K(183296K)->0K(185344K) From: 38848K(82944K)->26816K(70656K)
[77.589s][info][gc,heap        ] GC(306) ParOldGen: 449027K(699392K)->485771K(699392K)
[77.589s][info][gc,metaspace   ] GC(306) Metaspace: 66714K(67840K)->66714K(67840K) NonClass: 58287K(58752K)->58287K(58752K) Class: 8427K(9088K)->8427K(9088K)
[77.589s][info][gc             ] GC(306) Pause Young (Allocation Failure) 653M->500M(933M) 39.788ms
[77.589s][info][gc,cpu         ] GC(306) User=0.69s Sys=0.00s Real=0.03s
[77.670s][info][gc,start       ] GC(307) Pause Young (Allocation Failure)
[77.697s][info][gc,heap        ] GC(307) PSYoungGen: 212160K(256000K)->26496K(262144K) Eden: 185344K(185344K)->0K(185344K) From: 26816K(70656K)->26496K(76800K)
[77.697s][info][gc,heap        ] GC(307) ParOldGen: 485771K(699392K)->508587K(699392K)
[77.697s][info][gc,metaspace   ] GC(307) Metaspace: 66714K(67840K)->66714K(67840K) NonClass: 58287K(58752K)->58287K(58752K) Class: 8427K(9088K)->8427K(9088K)
[77.697s][info][gc             ] GC(307) Pause Young (Allocation Failure) 681M->522M(939M) 27.239ms
[77.697s][info][gc,cpu         ] GC(307) User=0.34s Sys=0.00s Real=0.02s
[77.800s][info][gc,start       ] GC(308) Pause Young (Allocation Failure)
[77.843s][info][gc,heap        ] GC(308) PSYoungGen: 211840K(262144K)->32576K(264192K) Eden: 185344K(185344K)->0K(199680K) From: 26496K(76800K)->32576K(64512K)
[77.882s][info][gc,heap        ] GC(308) ParOldGen: 508587K(699392K)->524267K(699392K)
[77.882s][info][gc,metaspace   ] GC(308) Metaspace: 66714K(67840K)->66714K(67840K) NonClass: 58287K(58752K)->58287K(58752K) Class: 8427K(9088K)->8427K(9088K)
[77.882s][info][gc             ] GC(308) Pause Young (Allocation Failure) 703M->543M(941M) 81.704ms
[77.882s][info][gc,cpu         ] GC(308) User=1.03s Sys=0.00s Real=0.08s
[77.983s][info][gc,start       ] GC(309) Pause Young (Allocation Failure)
[78.014s][info][gc,heap        ] GC(309) PSYoungGen: 232256K(264192K)->17184K(269312K) Eden: 199680K(199680K)->0K(199680K) From: 32576K(64512K)->17184K(69632K)
[78.014s][info][gc,heap        ] GC(309) ParOldGen: 524267K(699392K)->554259K(699392K)
[78.014s][info][gc,metaspace   ] GC(309) Metaspace: 66714K(67840K)->66714K(67840K) NonClass: 58287K(58752K)->58287K(58752K) Class: 8427K(9088K)->8427K(9088K)
[78.014s][info][gc             ] GC(309) Pause Young (Allocation Failure) 738M->558M(946M) 31.287ms
[78.014s][info][gc,cpu         ] GC(309) User=0.66s Sys=0.00s Real=0.03s
[78.107s][info][gc,start       ] GC(310) Pause Young (Allocation Failure)
[78.163s][info][gc,heap        ] GC(310) PSYoungGen: 216864K(269312K)->15968K(274432K) Eden: 199680K(199680K)->0K(211968K) From: 17184K(69632K)->15968K(62464K)
[78.163s][info][gc,heap        ] GC(310) ParOldGen: 554259K(699392K)->567851K(699392K)
[78.163s][info][gc,metaspace   ] GC(310) Metaspace: 66714K(67840K)->66714K(67840K) NonClass: 58287K(58752K)->58287K(58752K) Class: 8427K(9088K)->8427K(9088K)
[78.163s][info][gc             ] GC(310) Pause Young (Allocation Failure) 753M->570M(951M) 56.245ms
[78.163s][info][gc,cpu         ] GC(310) User=1.03s Sys=0.02s Real=0.06s
[78.283s][info][gc,start       ] GC(311) Pause Young (Allocation Failure)
[78.357s][info][gc,heap        ] GC(311) PSYoungGen: 227936K(274432K)->15408K(278016K) Eden: 211968K(211968K)->0K(211968K) From: 15968K(62464K)->15408K(66048K)
[78.357s][info][gc,heap        ] GC(311) ParOldGen: 567851K(699392K)->580451K(699392K)
[78.357s][info][gc,metaspace   ] GC(311) Metaspace: 66714K(67840K)->66714K(67840K) NonClass: 58287K(58752K)->58287K(58752K) Class: 8427K(9088K)->8427K(9088K)
[78.357s][info][gc             ] GC(311) Pause Young (Allocation Failure) 777M->581M(954M) 73.825ms
[78.357s][info][gc,cpu         ] GC(311) User=1.38s Sys=0.00s Real=0.06s
[78.781s][info][gc,start       ] GC(312) Pause Young (Allocation Failure)
[78.836s][info][gc,heap        ] GC(312) PSYoungGen: 227376K(278016K)->11712K(278528K) Eden: 211968K(211968K)->0K(218624K) From: 15408K(66048K)->11712K(59904K)
[78.836s][info][gc,heap        ] GC(312) ParOldGen: 580451K(699392K)->593139K(699392K)
[78.836s][info][gc,metaspace   ] GC(312) Metaspace: 66714K(67840K)->66714K(67840K) NonClass: 58287K(58752K)->58287K(58752K) Class: 8427K(9088K)->8427K(9088K)
[78.836s][info][gc             ] GC(312) Pause Young (Allocation Failure) 788M->590M(955M) 55.337ms
[78.836s][info][gc,cpu         ] GC(312) User=1.03s Sys=0.00s Real=0.05s
[79.266s][info][gc,start       ] GC(313) Pause Young (Allocation Failure)
[79.302s][info][gc,heap        ] GC(313) PSYoungGen: 230336K(278528K)->32393K(281600K) Eden: 218624K(218624K)->0K(218624K) From: 11712K(59904K)->32393K(62976K)
[79.302s][info][gc,heap        ] GC(313) ParOldGen: 593139K(699392K)->603235K(699392K)
[79.302s][info][gc,metaspace   ] GC(313) Metaspace: 66732K(67968K)->66732K(67968K) NonClass: 58304K(58880K)->58304K(58880K) Class: 8427K(9088K)->8427K(9088K)
[79.302s][info][gc             ] GC(313) Pause Young (Allocation Failure) 804M->620M(958M) 36.677ms
[79.302s][info][gc,cpu         ] GC(313) User=1.03s Sys=0.00s Real=0.05s
[79.498s][info][gc,start       ] GC(314) Pause Young (Allocation Failure)
[79.522s][info][gc,heap        ] GC(314) PSYoungGen: 251017K(281600K)->31956K(283136K) Eden: 218624K(218624K)->0K(224256K) From: 32393K(62976K)->31956K(58880K)
[79.522s][info][gc,heap        ] GC(314) ParOldGen: 603235K(699392K)->603370K(699392K)
[79.522s][info][gc,metaspace   ] GC(314) Metaspace: 66748K(67968K)->66748K(67968K) NonClass: 58320K(58880K)->58320K(58880K) Class: 8427K(9088K)->8427K(9088K)
[79.522s][info][gc             ] GC(314) Pause Young (Allocation Failure) 834M->620M(959M) 23.604ms
[79.522s][info][gc,cpu         ] GC(314) User=0.36s Sys=0.00s Real=0.02s
[79.677s][info][gc,start       ] GC(315) Pause Young (Allocation Failure)
[79.697s][info][gc,heap        ] GC(315) PSYoungGen: 256212K(283136K)->27631K(285184K) Eden: 224256K(224256K)->0K(224256K) From: 31956K(58880K)->27631K(60928K)
[79.697s][info][gc,heap        ] GC(315) ParOldGen: 603370K(699392K)->603473K(699392K)
[79.697s][info][gc,metaspace   ] GC(315) Metaspace: 66763K(67968K)->66763K(67968K) NonClass: 58334K(58880K)->58334K(58880K) Class: 8428K(9088K)->8428K(9088K)
[79.697s][info][gc             ] GC(315) Pause Young (Allocation Failure) 839M->616M(961M) 20.457ms
[79.698s][info][gc,cpu         ] GC(315) User=0.72s Sys=0.00s Real=0.03s
[80.095s][info][gc,start       ] GC(316) Pause Young (Allocation Failure)
[80.105s][info][gc,heap        ] GC(316) PSYoungGen: 251887K(285184K)->928K(286208K) Eden: 224256K(224256K)->0K(228352K) From: 27631K(60928K)->928K(57856K)
[80.105s][info][gc,heap        ] GC(316) ParOldGen: 603473K(699392K)->603576K(699392K)
[80.105s][info][gc,metaspace   ] GC(316) Metaspace: 66874K(68096K)->66874K(68096K) NonClass: 58445K(59008K)->58445K(59008K) Class: 8429K(9088K)->8429K(9088K)
[80.105s][info][gc             ] GC(316) Pause Young (Allocation Failure) 835M->590M(962M) 9.911ms
[80.105s][info][gc,cpu         ] GC(316) User=0.00s Sys=0.00s Real=0.00s
[80.196s][info][gc,start       ] GC(317) Pause Young (Allocation Failure)
[80.211s][info][gc,heap        ] GC(317) PSYoungGen: 229280K(286208K)->28851K(287232K) Eden: 228352K(228352K)->0K(228352K) From: 928K(57856K)->28851K(58880K)
[80.212s][info][gc,heap        ] GC(317) ParOldGen: 603576K(699392K)->604187K(699392K)
[80.212s][info][gc,metaspace   ] GC(317) Metaspace: 66874K(68096K)->66874K(68096K) NonClass: 58445K(59008K)->58445K(59008K) Class: 8429K(9088K)->8429K(9088K)
[80.212s][info][gc             ] GC(317) Pause Young (Allocation Failure) 813M->618M(963M) 15.160ms
[80.212s][info][gc,cpu         ] GC(317) User=0.36s Sys=0.00s Real=0.02s
[80.304s][info][gc,start       ] GC(318) Pause Young (Allocation Failure)
[80.336s][info][gc,heap        ] GC(318) PSYoungGen: 255613K(287232K)->38176K(287744K) Eden: 226761K(228352K)->0K(230400K) From: 28851K(58880K)->38176K(57344K)
[80.336s][info][gc,heap        ] GC(318) ParOldGen: 604187K(699392K)->630579K(699392K)
[80.336s][info][gc,metaspace   ] GC(318) Metaspace: 66874K(68096K)->66874K(68096K) NonClass: 58445K(59008K)->58445K(59008K) Class: 8429K(9088K)->8429K(9088K)
[80.336s][info][gc             ] GC(318) Pause Young (Allocation Failure) 839M->653M(964M) 32.227ms
[80.336s][info][gc,cpu         ] GC(318) User=0.72s Sys=0.00s Real=0.03s
[80.594s][info][gc,start       ] GC(319) Pause Young (Allocation Failure)
[80.629s][info][gc,heap        ] GC(319) PSYoungGen: 266074K(287744K)->52187K(282624K) Eden: 227898K(230400K)->0K(230400K) From: 38176K(57344K)->52187K(52224K)
[80.629s][info][gc,heap        ] GC(319) ParOldGen: 630579K(699392K)->667323K(699392K)
[80.629s][info][gc,metaspace   ] GC(319) Metaspace: 66891K(68096K)->66891K(68096K) NonClass: 58462K(59008K)->58462K(59008K) Class: 8429K(9088K)->8429K(9088K)
[80.629s][info][gc             ] GC(319) Pause Young (Allocation Failure) 875M->702M(959M) 35.586ms
[80.629s][info][gc,cpu         ] GC(319) User=0.72s Sys=0.00s Real=0.03s
[80.629s][info][gc,start       ] GC(320) Pause Full (Ergonomics)
[80.629s][info][gc,phases,start] GC(320) Marking Phase
[80.687s][info][gc,phases      ] GC(320) Marking Phase 57.925ms
[80.687s][info][gc,phases,start] GC(320) Summary Phase
[80.687s][info][gc,phases      ] GC(320) Summary Phase 0.029ms
[80.687s][info][gc,phases,start] GC(320) Adjust Roots
[80.698s][info][gc,phases      ] GC(320) Adjust Roots 10.688ms
[80.698s][info][gc,phases,start] GC(320) Compaction Phase
[80.752s][info][gc,phases      ] GC(320) Compaction Phase 53.978ms
[80.752s][info][gc,phases,start] GC(320) Post Compact
[80.757s][info][gc,phases      ] GC(320) Post Compact 4.396ms
[80.757s][info][gc,heap        ] GC(320) PSYoungGen: 52187K(282624K)->0K(283648K) Eden: 0K(230400K)->0K(218112K) From: 52187K(52224K)->0K(65536K)
[80.757s][info][gc,heap        ] GC(320) ParOldGen: 667323K(699392K)->221407K(699392K)
[80.757s][info][gc,metaspace   ] GC(320) Metaspace: 66891K(68096K)->66891K(68096K) NonClass: 58462K(59008K)->58462K(59008K) Class: 8429K(9088K)->8429K(9088K)
[80.757s][info][gc             ] GC(320) Pause Full (Ergonomics) 702M->216M(960M) 127.391ms
[80.757s][info][gc,cpu         ] GC(320) User=1.63s Sys=0.00s Real=0.12s
[80.904s][info][gc,start       ] GC(321) Pause Young (Allocation Failure)
[80.919s][info][gc,heap        ] GC(321) PSYoungGen: 218112K(283648K)->65534K(283648K) Eden: 218112K(218112K)->0K(218112K) From: 0K(65536K)->65534K(65536K)
[80.919s][info][gc,heap        ] GC(321) ParOldGen: 221407K(699392K)->223391K(699392K)
[80.919s][info][gc,metaspace   ] GC(321) Metaspace: 66913K(68096K)->66913K(68096K) NonClass: 58483K(59008K)->58483K(59008K) Class: 8429K(9088K)->8429K(9088K)
[80.919s][info][gc             ] GC(321) Pause Young (Allocation Failure) 429M->282M(960M) 14.613ms
[80.919s][info][gc,cpu         ] GC(321) User=0.31s Sys=0.00s Real=0.02s
[81.135s][info][gc,start       ] GC(322) Pause Young (Allocation Failure)
[81.165s][info][gc,heap        ] GC(322) PSYoungGen: 283646K(283648K)->45262K(261120K) Eden: 218112K(218112K)->0K(195584K) From: 65534K(65536K)->45262K(65536K)
[81.165s][info][gc,heap        ] GC(322) ParOldGen: 223391K(699392K)->267983K(699392K)
[81.165s][info][gc,metaspace   ] GC(322) Metaspace: 66925K(68096K)->66925K(68096K) NonClass: 58496K(59008K)->58496K(59008K) Class: 8429K(9088K)->8429K(9088K)
[81.165s][info][gc             ] GC(322) Pause Young (Allocation Failure) 495M->305M(938M) 30.691ms
[81.165s][info][gc,cpu         ] GC(322) User=0.72s Sys=0.00s Real=0.03s
[81.241s][info][gc,start       ] GC(323) Pause Young (Allocation Failure)
[81.274s][info][gc,heap        ] GC(323) PSYoungGen: 240846K(261120K)->96K(196096K) Eden: 195584K(195584K)->0K(195584K) From: 45262K(65536K)->96K(512K)
[81.274s][info][gc,heap        ] GC(323) ParOldGen: 267983K(699392K)->312973K(699392K)
[81.274s][info][gc,metaspace   ] GC(323) Metaspace: 66925K(68096K)->66925K(68096K) NonClass: 58496K(59008K)->58496K(59008K) Class: 8429K(9088K)->8429K(9088K)
[81.275s][info][gc             ] GC(323) Pause Young (Allocation Failure) 496M->305M(874M) 33.193ms
[81.275s][info][gc,cpu         ] GC(323) User=0.69s Sys=0.00s Real=0.03s
[81.358s][info][gc,start       ] GC(324) Pause Young (Allocation Failure)
[81.382s][info][gc,heap        ] GC(324) PSYoungGen: 195680K(196096K)->26946K(274944K) Eden: 195584K(195584K)->0K(196608K) From: 96K(512K)->26946K(78336K)
[81.382s][info][gc,heap        ] GC(324) ParOldGen: 312973K(699392K)->312973K(699392K)
[81.382s][info][gc,metaspace   ] GC(324) Metaspace: 66925K(68096K)->66925K(68096K) NonClass: 58496K(59008K)->58496K(59008K) Class: 8429K(9088K)->8429K(9088K)
[81.382s][info][gc             ] GC(324) Pause Young (Allocation Failure) 496M->331M(951M) 24.539ms
[81.382s][info][gc,cpu         ] GC(324) User=0.50s Sys=0.03s Real=0.03s
[81.493s][info][gc,start       ] GC(325) Pause Young (System.gc())
[81.496s][info][gc,heap        ] GC(325) PSYoungGen: 191598K(274944K)->96K(270848K) Eden: 164651K(196608K)->0K(196608K) From: 26946K(78336K)->96K(74240K)
[81.496s][info][gc,heap        ] GC(325) ParOldGen: 312973K(699392K)->313013K(699392K)
[81.496s][info][gc,metaspace   ] GC(325) Metaspace: 66926K(68096K)->66926K(68096K) NonClass: 58497K(59008K)->58497K(59008K) Class: 8429K(9088K)->8429K(9088K)
[81.496s][info][gc             ] GC(325) Pause Young (System.gc()) 492M->305M(947M) 2.856ms
[81.496s][info][gc,cpu         ] GC(325) User=0.00s Sys=0.00s Real=0.00s
[81.496s][info][gc,start       ] GC(326) Pause Full (System.gc())
[81.496s][info][gc,phases,start] GC(326) Marking Phase
[81.553s][info][gc,phases      ] GC(326) Marking Phase 56.758ms
[81.553s][info][gc,phases,start] GC(326) Summary Phase
[81.553s][info][gc,phases      ] GC(326) Summary Phase 0.016ms
[81.553s][info][gc,phases,start] GC(326) Adjust Roots
[81.564s][info][gc,phases      ] GC(326) Adjust Roots 11.067ms
[81.564s][info][gc,phases,start] GC(326) Compaction Phase
[81.595s][info][gc,phases      ] GC(326) Compaction Phase 30.867ms
[81.595s][info][gc,phases,start] GC(326) Post Compact
[81.597s][info][gc,phases      ] GC(326) Post Compact 1.692ms
[81.597s][info][gc,heap        ] GC(326) PSYoungGen: 96K(270848K)->0K(270848K) Eden: 0K(196608K)->0K(196608K) From: 96K(74240K)->0K(74240K)
[81.597s][info][gc,heap        ] GC(326) ParOldGen: 313013K(699392K)->147963K(699392K)
[81.597s][info][gc,metaspace   ] GC(326) Metaspace: 66926K(68096K)->66926K(68096K) NonClass: 58497K(59008K)->58497K(59008K) Class: 8429K(9088K)->8429K(9088K)
[81.597s][info][gc             ] GC(326) Pause Full (System.gc()) 305M->144M(947M) 100.672ms
[81.597s][info][gc,cpu         ] GC(326) User=1.17s Sys=0.00s Real=0.11s
[81.744s][info][gc,start       ] GC(327) Pause Young (Allocation Failure)
[81.769s][info][gc,heap        ] GC(327) PSYoungGen: 196608K(270848K)->61920K(258048K) Eden: 196608K(196608K)->0K(183296K) From: 0K(74240K)->61920K(74752K)
[81.769s][info][gc,heap        ] GC(327) ParOldGen: 147963K(699392K)->147971K(699392K)
[81.769s][info][gc,metaspace   ] GC(327) Metaspace: 66937K(68096K)->66937K(68096K) NonClass: 58508K(59008K)->58508K(59008K) Class: 8429K(9088K)->8429K(9088K)
[81.769s][info][gc             ] GC(327) Pause Young (Allocation Failure) 336M->204M(935M) 25.302ms
[81.769s][info][gc,cpu         ] GC(327) User=0.63s Sys=0.00s Real=0.03s
[81.858s][info][gc,start       ] GC(328) Pause Young (Allocation Failure)
[81.894s][info][gc,heap        ] GC(328) PSYoungGen: 245216K(258048K)->34560K(266240K) Eden: 183296K(183296K)->0K(183296K) From: 61920K(74752K)->34560K(82944K)
[81.895s][info][gc,heap        ] GC(328) ParOldGen: 147971K(699392K)->209772K(699392K)
[81.895s][info][gc,metaspace   ] GC(328) Metaspace: 66938K(68096K)->66938K(68096K) NonClass: 58509K(59008K)->58509K(59008K) Class: 8429K(9088K)->8429K(9088K)
[81.895s][info][gc             ] GC(328) Pause Young (Allocation Failure) 383M->238M(943M) 36.880ms
[81.895s][info][gc,cpu         ] GC(328) User=1.03s Sys=0.00s Real=0.05s
[81.988s][info][gc,start       ] GC(329) Pause Young (Allocation Failure)
[82.020s][info][gc,heap        ] GC(329) PSYoungGen: 217856K(266240K)->25408K(254464K) Eden: 183296K(183296K)->0K(186880K) From: 34560K(82944K)->25408K(67584K)
[82.020s][info][gc,heap        ] GC(329) ParOldGen: 209772K(699392K)->239516K(699392K)
[82.020s][info][gc,metaspace   ] GC(329) Metaspace: 66938K(68096K)->66938K(68096K) NonClass: 58509K(59008K)->58509K(59008K) Class: 8429K(9088K)->8429K(9088K)
[82.020s][info][gc             ] GC(329) Pause Young (Allocation Failure) 417M->258M(931M) 31.814ms
[82.020s][info][gc,cpu         ] GC(329) User=0.69s Sys=0.00s Real=0.03s
[82.124s][info][gc,start       ] GC(330) Pause Young (Allocation Failure)
[82.148s][info][gc,heap        ] GC(330) PSYoungGen: 212288K(254464K)->16336K(262144K) Eden: 186880K(186880K)->0K(186880K) From: 25408K(67584K)->16336K(75264K)
[82.148s][info][gc,heap        ] GC(330) ParOldGen: 239516K(699392K)->262052K(699392K)
[82.148s][info][gc,metaspace   ] GC(330) Metaspace: 66938K(68096K)->66938K(68096K) NonClass: 58509K(59008K)->58509K(59008K) Class: 8429K(9088K)->8429K(9088K)
[82.148s][info][gc             ] GC(330) Pause Young (Allocation Failure) 441M->271M(939M) 24.422ms
[82.148s][info][gc,cpu         ] GC(330) User=0.69s Sys=0.00s Real=0.03s
[82.268s][info][gc,start       ] GC(331) Pause Young (Allocation Failure)
[82.326s][info][gc,heap        ] GC(331) PSYoungGen: 203216K(262144K)->25952K(263680K) Eden: 186880K(186880K)->0K(200704K) From: 16336K(75264K)->25952K(62976K)
[82.326s][info][gc,heap        ] GC(331) ParOldGen: 262052K(699392K)->277988K(699392K)
[82.326s][info][gc,metaspace   ] GC(331) Metaspace: 66938K(68096K)->66938K(68096K) NonClass: 58509K(59008K)->58509K(59008K) Class: 8429K(9088K)->8429K(9088K)
[82.326s][info][gc             ] GC(331) Pause Young (Allocation Failure) 454M->296M(940M) 58.464ms
[82.327s][info][gc,cpu         ] GC(331) User=1.38s Sys=0.00s Real=0.06s
[82.441s][info][gc,start       ] GC(332) Pause Young (Allocation Failure)
[82.468s][info][gc,heap        ] GC(332) PSYoungGen: 226656K(263680K)->14624K(269824K) Eden: 200704K(200704K)->0K(200704K) From: 25952K(62976K)->14624K(69120K)
[82.468s][info][gc,heap        ] GC(332) ParOldGen: 277988K(699392K)->300804K(699392K)
[82.468s][info][gc,metaspace   ] GC(332) Metaspace: 66938K(68096K)->66938K(68096K) NonClass: 58509K(59008K)->58509K(59008K) Class: 8429K(9088K)->8429K(9088K)
[82.468s][info][gc             ] GC(332) Pause Young (Allocation Failure) 492M->308M(946M) 26.780ms
[82.468s][info][gc,cpu         ] GC(332) User=0.63s Sys=0.00s Real=0.03s
[82.584s][info][gc,start       ] GC(333) Pause Young (Allocation Failure)
[82.651s][info][gc,heap        ] GC(333) PSYoungGen: 215328K(269824K)->16032K(274432K) Eden: 200704K(200704K)->0K(212480K) From: 14624K(69120K)->16032K(61952K)
[82.651s][info][gc,heap        ] GC(333) ParOldGen: 300804K(699392K)->312300K(699392K)
[82.651s][info][gc,metaspace   ] GC(333) Metaspace: 66938K(68096K)->66938K(68096K) NonClass: 58509K(59008K)->58509K(59008K) Class: 8429K(9088K)->8429K(9088K)
[82.651s][info][gc             ] GC(333) Pause Young (Allocation Failure) 504M->320M(951M) 66.794ms
[82.651s][info][gc,cpu         ] GC(333) User=1.72s Sys=0.00s Real=0.08s
[82.795s][info][gc,start       ] GC(334) Pause Young (Allocation Failure)
[82.862s][info][gc,heap        ] GC(334) PSYoungGen: 228512K(274432K)->13568K(278016K) Eden: 212480K(212480K)->0K(212480K) From: 16032K(61952K)->13568K(65536K)
[82.862s][info][gc,heap        ] GC(334) ParOldGen: 312300K(699392K)->325660K(699392K)
[82.862s][info][gc,metaspace   ] GC(334) Metaspace: 66938K(68096K)->66938K(68096K) NonClass: 58509K(59008K)->58509K(59008K) Class: 8429K(9088K)->8429K(9088K)
[82.862s][info][gc             ] GC(334) Pause Young (Allocation Failure) 528M->331M(954M) 67.829ms
[82.862s][info][gc,cpu         ] GC(334) User=1.38s Sys=0.00s Real=0.06s
[83.105s][info][gc,start       ] GC(335) Pause Young (Allocation Failure)
[83.168s][info][gc,heap        ] GC(335) PSYoungGen: 226048K(278016K)->17029K(276992K) Eden: 212480K(212480K)->0K(219648K) From: 13568K(65536K)->17029K(57344K)
[83.168s][info][gc,heap        ] GC(335) ParOldGen: 325660K(699392K)->337420K(699392K)
[83.168s][info][gc,metaspace   ] GC(335) Metaspace: 66938K(68096K)->66938K(68096K) NonClass: 58509K(59008K)->58509K(59008K) Class: 8429K(9088K)->8429K(9088K)
[83.168s][info][gc             ] GC(335) Pause Young (Allocation Failure) 538M->346M(953M) 63.201ms
[83.168s][info][gc,cpu         ] GC(335) User=1.03s Sys=0.00s Real=0.05s
[83.539s][info][gc,start       ] GC(336) Pause Young (Allocation Failure)
[83.574s][info][gc,heap        ] GC(336) PSYoungGen: 236677K(276992K)->7968K(281088K) Eden: 219648K(219648K)->0K(219648K) From: 17029K(57344K)->7968K(61440K)
[83.574s][info][gc,heap        ] GC(336) ParOldGen: 337420K(699392K)->351631K(699392K)
[83.574s][info][gc,metaspace   ] GC(336) Metaspace: 66938K(68096K)->66938K(68096K) NonClass: 58509K(59008K)->58509K(59008K) Class: 8429K(9088K)->8429K(9088K)
[83.574s][info][gc             ] GC(336) Pause Young (Allocation Failure) 560M->351M(957M) 35.309ms
[83.574s][info][gc,cpu         ] GC(336) User=0.69s Sys=0.00s Real=0.03s
[84.368s][info][gc,start       ] GC(337) Pause Young (Allocation Failure)
[84.462s][info][gc,heap        ] GC(337) PSYoungGen: 227616K(281088K)->8885K(283648K) Eden: 219648K(219648K)->0K(227328K) From: 7968K(61440K)->8885K(56320K)
[84.462s][info][gc,heap        ] GC(337) ParOldGen: 351631K(699392K)->357663K(699392K)
[84.462s][info][gc,metaspace   ] GC(337) Metaspace: 66950K(68160K)->66950K(68160K) NonClass: 58520K(59072K)->58520K(59072K) Class: 8430K(9088K)->8430K(9088K)
[84.462s][info][gc             ] GC(337) Pause Young (Allocation Failure) 565M->357M(960M) 94.142ms
[84.462s][info][gc,cpu         ] GC(337) User=2.16s Sys=0.00s Real=0.09s
[84.684s][info][gc,start       ] GC(338) Pause Young (Allocation Failure)
[84.755s][info][gc,heap        ] GC(338) PSYoungGen: 236213K(283648K)->47808K(275456K) Eden: 227328K(227328K)->0K(227328K) From: 8885K(56320K)->47808K(48128K)
[84.756s][info][gc,heap        ] GC(338) ParOldGen: 357663K(699392K)->365037K(699392K)
[84.756s][info][gc,metaspace   ] GC(338) Metaspace: 66950K(68160K)->66950K(68160K) NonClass: 58520K(59072K)->58520K(59072K) Class: 8430K(9088K)->8430K(9088K)
[84.756s][info][gc             ] GC(338) Pause Young (Allocation Failure) 579M->403M(952M) 71.917ms
[84.756s][info][gc,cpu         ] GC(338) User=1.88s Sys=0.00s Real=0.08s
[84.854s][info][gc,start       ] GC(339) Pause Young (Allocation Failure)
[84.893s][info][gc,heap        ] GC(339) PSYoungGen: 275136K(275456K)->64992K(224768K) Eden: 227328K(227328K)->0K(159744K) From: 47808K(48128K)->64992K(65024K)
[84.893s][info][gc,heap        ] GC(339) ParOldGen: 365037K(699392K)->415653K(699392K)
[84.893s][info][gc,metaspace   ] GC(339) Metaspace: 66950K(68160K)->66950K(68160K) NonClass: 58520K(59072K)->58520K(59072K) Class: 8430K(9088K)->8430K(9088K)
[84.893s][info][gc             ] GC(339) Pause Young (Allocation Failure) 625M->469M(902M) 39.058ms
[84.893s][info][gc,cpu         ] GC(339) User=1.03s Sys=0.00s Real=0.05s
[84.960s][info][gc,start       ] GC(340) Pause Young (Allocation Failure)
[84.997s][info][gc,heap        ] GC(340) PSYoungGen: 224736K(224768K)->22656K(254464K) Eden: 159744K(159744K)->0K(159744K) From: 64992K(65024K)->22656K(94720K)
[84.997s][info][gc,heap        ] GC(340) ParOldGen: 415653K(699392K)->480013K(699392K)
[84.997s][info][gc,metaspace   ] GC(340) Metaspace: 66950K(68160K)->66950K(68160K) NonClass: 58520K(59072K)->58520K(59072K) Class: 8430K(9088K)->8430K(9088K)
[84.997s][info][gc             ] GC(340) Pause Young (Allocation Failure) 625M->490M(931M) 36.960ms
[84.997s][info][gc,cpu         ] GC(340) User=0.63s Sys=0.00s Real=0.03s
[85.072s][info][gc,start       ] GC(341) Pause Young (Allocation Failure)
[85.098s][info][gc,heap        ] GC(341) PSYoungGen: 182400K(254464K)->24416K(241152K) Eden: 159744K(159744K)->0K(163840K) From: 22656K(94720K)->24416K(77312K)
[85.098s][info][gc,heap        ] GC(341) ParOldGen: 480013K(699392K)->495077K(699392K)
[85.098s][info][gc,metaspace   ] GC(341) Metaspace: 66950K(68160K)->66950K(68160K) NonClass: 58520K(59072K)->58520K(59072K) Class: 8430K(9088K)->8430K(9088K)
[85.098s][info][gc             ] GC(341) Pause Young (Allocation Failure) 646M->507M(918M) 25.874ms
[85.098s][info][gc,cpu         ] GC(341) User=0.31s Sys=0.00s Real=0.02s
[85.173s][info][gc,start       ] GC(342) Pause Young (Allocation Failure)
[85.197s][info][gc,heap        ] GC(342) PSYoungGen: 188256K(241152K)->16384K(249856K) Eden: 163840K(163840K)->0K(163840K) From: 24416K(77312K)->16384K(86016K)
[85.197s][info][gc,heap        ] GC(342) ParOldGen: 495077K(699392K)->518742K(699392K)
[85.197s][info][gc,metaspace   ] GC(342) Metaspace: 66950K(68160K)->66950K(68160K) NonClass: 58520K(59072K)->58520K(59072K) Class: 8430K(9088K)->8430K(9088K)
[85.197s][info][gc             ] GC(342) Pause Young (Allocation Failure) 667M->522M(927M) 23.982ms
[85.197s][info][gc,cpu         ] GC(342) User=0.56s Sys=0.00s Real=0.03s
[85.284s][info][gc,start       ] GC(343) Pause Young (Allocation Failure)
[85.316s][info][gc,heap        ] GC(343) PSYoungGen: 180224K(249856K)->30112K(249856K) Eden: 163840K(163840K)->0K(180224K) From: 16384K(86016K)->30112K(69632K)
[85.316s][info][gc,heap        ] GC(343) ParOldGen: 518742K(699392K)->534102K(699392K)
[85.316s][info][gc,metaspace   ] GC(343) Metaspace: 66950K(68160K)->66950K(68160K) NonClass: 58520K(59072K)->58520K(59072K) Class: 8430K(9088K)->8430K(9088K)
[85.316s][info][gc             ] GC(343) Pause Young (Allocation Failure) 682M->550M(927M) 31.894ms
[85.316s][info][gc,cpu         ] GC(343) User=0.69s Sys=0.00s Real=0.03s
[85.402s][info][gc,start       ] GC(344) Pause Young (Allocation Failure)
[85.430s][info][gc,heap        ] GC(344) PSYoungGen: 210336K(249856K)->15616K(258048K) Eden: 180224K(180224K)->0K(180224K) From: 30112K(69632K)->15616K(77824K)
[85.430s][info][gc,heap        ] GC(344) ParOldGen: 534102K(699392K)->561646K(699392K)
[85.430s][info][gc,metaspace   ] GC(344) Metaspace: 66950K(68160K)->66950K(68160K) NonClass: 58520K(59072K)->58520K(59072K) Class: 8430K(9088K)->8430K(9088K)
[85.430s][info][gc             ] GC(344) Pause Young (Allocation Failure) 726M->563M(935M) 28.267ms
[85.430s][info][gc,cpu         ] GC(344) User=0.69s Sys=0.00s Real=0.03s
[85.515s][info][gc,start       ] GC(345) Pause Young (Allocation Failure)
[85.573s][info][gc,heap        ] GC(345) PSYoungGen: 195840K(258048K)->14592K(264704K) Eden: 180224K(180224K)->0K(196096K) From: 15616K(77824K)->14592K(68608K)
[85.573s][info][gc,heap        ] GC(345) ParOldGen: 561646K(699392K)->573974K(699392K)
[85.573s][info][gc,metaspace   ] GC(345) Metaspace: 66950K(68160K)->66950K(68160K) NonClass: 58520K(59072K)->58520K(59072K) Class: 8430K(9088K)->8430K(9088K)
[85.573s][info][gc             ] GC(345) Pause Young (Allocation Failure) 739M->574M(941M) 57.220ms
[85.573s][info][gc,cpu         ] GC(345) User=1.03s Sys=0.00s Real=0.05s
[85.684s][info][gc,start       ] GC(346) Pause Young (Allocation Failure)
[85.744s][info][gc,heap        ] GC(346) PSYoungGen: 210688K(264704K)->14400K(269312K) Eden: 196096K(196096K)->0K(196096K) From: 14592K(68608K)->14400K(73216K)
[85.744s][info][gc,heap        ] GC(346) ParOldGen: 573974K(699392K)->585414K(699392K)
[85.744s][info][gc,metaspace   ] GC(346) Metaspace: 66950K(68160K)->66950K(68160K) NonClass: 58520K(59072K)->58520K(59072K) Class: 8430K(9088K)->8430K(9088K)
[85.744s][info][gc             ] GC(346) Pause Young (Allocation Failure) 766M->585M(946M) 60.386ms
[85.744s][info][gc,cpu         ] GC(346) User=1.38s Sys=0.00s Real=0.06s
[86.182s][info][gc,start       ] GC(347) Pause Young (Allocation Failure)
[86.247s][info][gc,heap        ] GC(347) PSYoungGen: 210496K(269312K)->11680K(269824K) Eden: 196096K(196096K)->0K(205312K) From: 14400K(73216K)->11680K(64512K)
[86.247s][info][gc,heap        ] GC(347) ParOldGen: 585414K(699392K)->597430K(699392K)
[86.247s][info][gc,metaspace   ] GC(347) Metaspace: 66950K(68160K)->66950K(68160K) NonClass: 58520K(59072K)->58520K(59072K) Class: 8430K(9088K)->8430K(9088K)
[86.247s][info][gc             ] GC(347) Pause Young (Allocation Failure) 777M->594M(946M) 64.982ms
[86.247s][info][gc,cpu         ] GC(347) User=1.38s Sys=0.00s Real=0.06s
[86.680s][info][gc,start       ] GC(348) Pause Young (Allocation Failure)
[86.719s][info][gc,heap        ] GC(348) PSYoungGen: 216992K(269824K)->32205K(273920K) Eden: 205312K(205312K)->0K(205312K) From: 11680K(64512K)->32205K(68608K)
[86.719s][info][gc,heap        ] GC(348) ParOldGen: 597430K(699392K)->606710K(699392K)
[86.719s][info][gc,metaspace   ] GC(348) Metaspace: 66962K(68160K)->66962K(68160K) NonClass: 58532K(59072K)->58532K(59072K) Class: 8430K(9088K)->8430K(9088K)
[86.719s][info][gc             ] GC(348) Pause Young (Allocation Failure) 795M->623M(950M) 38.827ms
[86.719s][info][gc,cpu         ] GC(348) User=0.69s Sys=0.00s Real=0.03s
[86.887s][info][gc,start       ] GC(349) Pause Young (Allocation Failure)
[86.909s][info][gc,heap        ] GC(349) PSYoungGen: 237517K(273920K)->29394K(273920K) Eden: 205312K(205312K)->0K(213504K) From: 32205K(68608K)->29394K(60416K)
[86.909s][info][gc,heap        ] GC(349) ParOldGen: 606710K(699392K)->606814K(699392K)
[86.909s][info][gc,metaspace   ] GC(349) Metaspace: 66985K(68160K)->66985K(68160K) NonClass: 58555K(59072K)->58555K(59072K) Class: 8430K(9088K)->8430K(9088K)
[86.909s][info][gc             ] GC(349) Pause Young (Allocation Failure) 824M->621M(950M) 22.128ms
[86.909s][info][gc,cpu         ] GC(349) User=0.69s Sys=0.00s Real=0.03s
[87.077s][info][gc,start       ] GC(350) Pause Young (Allocation Failure)
[87.090s][info][gc,heap        ] GC(350) PSYoungGen: 242898K(273920K)->16048K(278016K) Eden: 213504K(213504K)->0K(213504K) From: 29394K(60416K)->16048K(64512K)
[87.090s][info][gc,heap        ] GC(350) ParOldGen: 606814K(699392K)->606921K(699392K)
[87.090s][info][gc,metaspace   ] GC(350) Metaspace: 67036K(68224K)->67036K(68224K) NonClass: 58605K(59136K)->58605K(59136K) Class: 8431K(9088K)->8431K(9088K)
[87.090s][info][gc             ] GC(350) Pause Young (Allocation Failure) 829M->608M(954M) 13.351ms
[87.090s][info][gc,cpu         ] GC(350) User=0.00s Sys=0.00s Real=0.00s
[87.353s][info][gc,start       ] GC(351) Pause Young (Allocation Failure)
[87.376s][info][gc,heap        ] GC(351) PSYoungGen: 229552K(278016K)->28387K(277504K) Eden: 213504K(213504K)->0K(222208K) From: 16048K(64512K)->28387K(55296K)
[87.376s][info][gc,heap        ] GC(351) ParOldGen: 606921K(699392K)->612841K(699392K)
[87.376s][info][gc,metaspace   ] GC(351) Metaspace: 67036K(68224K)->67036K(68224K) NonClass: 58605K(59136K)->58605K(59136K) Class: 8431K(9088K)->8431K(9088K)
[87.376s][info][gc             ] GC(351) Pause Young (Allocation Failure) 816M->626M(954M) 23.930ms
[87.377s][info][gc,cpu         ] GC(351) User=0.34s Sys=0.00s Real=0.02s
[87.612s][info][gc,start       ] GC(352) Pause Young (Allocation Failure)
[87.638s][info][gc,heap        ] GC(352) PSYoungGen: 250595K(277504K)->20135K(282112K) Eden: 222208K(222208K)->0K(222208K) From: 28387K(55296K)->20135K(59904K)
[87.638s][info][gc,heap        ] GC(352) ParOldGen: 612841K(699392K)->639305K(699392K)
[87.638s][info][gc,metaspace   ] GC(352) Metaspace: 67081K(68224K)->67081K(68224K) NonClass: 58649K(59136K)->58649K(59136K) Class: 8431K(9088K)->8431K(9088K)
[87.638s][info][gc             ] GC(352) Pause Young (Allocation Failure) 843M->643M(958M) 25.973ms
[87.638s][info][gc,cpu         ] GC(352) User=0.34s Sys=0.00s Real=0.02s
[87.741s][info][gc,start       ] GC(353) Pause Young (Allocation Failure)
[87.768s][info][gc,heap        ] GC(353) PSYoungGen: 242343K(282112K)->36864K(289280K) Eden: 222208K(222208K)->0K(231936K) From: 20135K(59904K)->36864K(57344K)
[87.769s][info][gc,heap        ] GC(353) ParOldGen: 639305K(699392K)->656939K(699392K)
[87.769s][info][gc,metaspace   ] GC(353) Metaspace: 67081K(68224K)->67081K(68224K) NonClass: 58649K(59136K)->58649K(59136K) Class: 8431K(9088K)->8431K(9088K)
[87.769s][info][gc             ] GC(353) Pause Young (Allocation Failure) 860M->677M(965M) 27.223ms
[87.769s][info][gc,cpu         ] GC(353) User=0.72s Sys=0.00s Real=0.03s
[87.769s][info][gc,start       ] GC(354) Pause Full (Ergonomics)
[87.769s][info][gc,phases,start] GC(354) Marking Phase
[87.835s][info][gc,phases      ] GC(354) Marking Phase 66.208ms
[87.835s][info][gc,phases,start] GC(354) Summary Phase
[87.835s][info][gc,phases      ] GC(354) Summary Phase 0.027ms
[87.835s][info][gc,phases,start] GC(354) Adjust Roots
[87.846s][info][gc,phases      ] GC(354) Adjust Roots 10.748ms
[87.846s][info][gc,phases,start] GC(354) Compaction Phase
[87.888s][info][gc,phases      ] GC(354) Compaction Phase 41.655ms
[87.888s][info][gc,phases,start] GC(354) Post Compact
[87.891s][info][gc,phases      ] GC(354) Post Compact 3.378ms
[87.891s][info][gc,heap        ] GC(354) PSYoungGen: 36864K(289280K)->0K(290304K) Eden: 0K(231936K)->0K(231936K) From: 36864K(57344K)->0K(58368K)
[87.891s][info][gc,heap        ] GC(354) ParOldGen: 656939K(699392K)->202101K(695296K)
[87.891s][info][gc,metaspace   ] GC(354) Metaspace: 67081K(68224K)->67081K(68224K) NonClass: 58649K(59136K)->58649K(59136K) Class: 8431K(9088K)->8431K(9088K)
[87.891s][info][gc             ] GC(354) Pause Full (Ergonomics) 677M->197M(962M) 122.324ms
[87.891s][info][gc,cpu         ] GC(354) User=1.80s Sys=0.00s Real=0.13s
[88.155s][info][gc,start       ] GC(355) Pause Young (Allocation Failure)
[88.172s][info][gc,heap        ] GC(355) PSYoungGen: 231274K(290304K)->56214K(274432K) Eden: 231274K(231936K)->0K(216064K) From: 0K(58368K)->56214K(58368K)
[88.172s][info][gc,heap        ] GC(355) ParOldGen: 202101K(695296K)->202101K(695296K)
[88.172s][info][gc,metaspace   ] GC(355) Metaspace: 67088K(68224K)->67088K(68224K) NonClass: 58657K(59136K)->58657K(59136K) Class: 8431K(9088K)->8431K(9088K)
[88.172s][info][gc             ] GC(355) Pause Young (Allocation Failure) 423M->252M(947M) 17.310ms
[88.172s][info][gc,cpu         ] GC(355) User=0.30s Sys=0.03s Real=0.01s
[88.303s][info][gc,start       ] GC(356) Pause Young (Allocation Failure)
[88.323s][info][gc,heap        ] GC(356) PSYoungGen: 270114K(274432K)->66559K(282624K) Eden: 213900K(216064K)->0K(216064K) From: 56214K(58368K)->66559K(66560K)
[88.323s][info][gc,heap        ] GC(356) ParOldGen: 202101K(695296K)->232030K(695296K)
[88.323s][info][gc,metaspace   ] GC(356) Metaspace: 67139K(68288K)->67139K(68288K) NonClass: 58708K(59200K)->58708K(59200K) Class: 8431K(9088K)->8431K(9088K)
[88.323s][info][gc             ] GC(356) Pause Young (Allocation Failure) 461M->291M(955M) 19.740ms
[88.323s][info][gc,cpu         ] GC(356) User=0.36s Sys=0.02s Real=0.03s
[88.381s][info][gc,start       ] GC(357) Pause Young (Allocation Failure)
[88.402s][info][gc,heap        ] GC(357) PSYoungGen: 282623K(282624K)->43179K(244736K) Eden: 216064K(216064K)->0K(178176K) From: 66559K(66560K)->43179K(66560K)
[88.403s][info][gc,heap        ] GC(357) ParOldGen: 232030K(695296K)->282839K(695296K)
[88.403s][info][gc,metaspace   ] GC(357) Metaspace: 67140K(68288K)->67140K(68288K) NonClass: 58709K(59200K)->58709K(59200K) Class: 8431K(9088K)->8431K(9088K)
[88.403s][info][gc             ] GC(357) Pause Young (Allocation Failure) 502M->318M(918M) 21.954ms
[88.403s][info][gc,cpu         ] GC(357) User=0.69s Sys=0.00s Real=0.03s
[88.486s][info][gc,start       ] GC(358) Pause Young (Allocation Failure)
[88.531s][info][gc,heap        ] GC(358) PSYoungGen: 221355K(244736K)->39367K(263680K) Eden: 178176K(178176K)->0K(178176K) From: 43179K(66560K)->39367K(85504K)
[88.531s][info][gc,heap        ] GC(358) ParOldGen: 282839K(695296K)->315108K(695296K)
[88.531s][info][gc,metaspace   ] GC(358) Metaspace: 67146K(68288K)->67146K(68288K) NonClass: 58715K(59200K)->58715K(59200K) Class: 8431K(9088K)->8431K(9088K)
[88.531s][info][gc             ] GC(358) Pause Young (Allocation Failure) 492M->346M(936M) 44.917ms
[88.531s][info][gc,cpu         ] GC(358) User=1.03s Sys=0.00s Real=0.05s
[88.601s][info][gc,start       ] GC(359) Pause Young (Allocation Failure)
[88.635s][info][gc,heap        ] GC(359) PSYoungGen: 217543K(263680K)->384K(263168K) Eden: 178176K(178176K)->0K(181760K) From: 39367K(85504K)->384K(81408K)
[88.635s][info][gc,heap        ] GC(359) ParOldGen: 315108K(695296K)->354299K(695296K)
[88.635s][info][gc,metaspace   ] GC(359) Metaspace: 67146K(68288K)->67146K(68288K) NonClass: 58715K(59200K)->58715K(59200K) Class: 8431K(9088K)->8431K(9088K)
[88.635s][info][gc             ] GC(359) Pause Young (Allocation Failure) 520M->346M(936M) 34.165ms
[88.635s][info][gc,cpu         ] GC(359) User=0.53s Sys=0.00s Real=0.03s
[88.726s][info][gc,start       ] GC(360) Pause Young (Allocation Failure)
[89.016s][info][gc,heap        ] GC(360) PSYoungGen: 182144K(263168K)->42496K(265216K) Eden: 181760K(181760K)->0K(181760K) From: 384K(81408K)->42496K(83456K)
[89.017s][info][gc,heap        ] GC(360) ParOldGen: 354299K(695296K)->354403K(695296K)
[89.017s][info][gc,metaspace   ] GC(360) Metaspace: 67146K(68288K)->67146K(68288K) NonClass: 58715K(59200K)->58715K(59200K) Class: 8431K(9088K)->8431K(9088K)
[89.017s][info][gc             ] GC(360) Pause Young (Allocation Failure) 523M->387M(938M) 290.412ms
[89.017s][info][gc,cpu         ] GC(360) User=1.97s Sys=0.03s Real=0.30s
[89.106s][info][gc,start       ] GC(361) Pause Young (System.gc())
[89.108s][info][gc,heap        ] GC(361) PSYoungGen: 155393K(265216K)->128K(265216K) Eden: 112897K(181760K)->0K(183296K) From: 42496K(83456K)->128K(81920K)
[89.108s][info][gc,heap        ] GC(361) ParOldGen: 354403K(695296K)->354451K(695296K)
[89.109s][info][gc,metaspace   ] GC(361) Metaspace: 67146K(68288K)->67146K(68288K) NonClass: 58715K(59200K)->58715K(59200K) Class: 8431K(9088K)->8431K(9088K)
[89.109s][info][gc             ] GC(361) Pause Young (System.gc()) 497M->346M(938M) 2.527ms
[89.109s][info][gc,cpu         ] GC(361) User=0.00s Sys=0.00s Real=0.00s
[89.109s][info][gc,start       ] GC(362) Pause Full (System.gc())
[89.109s][info][gc,phases,start] GC(362) Marking Phase
[89.168s][info][gc,phases      ] GC(362) Marking Phase 59.368ms
[89.168s][info][gc,phases,start] GC(362) Summary Phase
[89.168s][info][gc,phases      ] GC(362) Summary Phase 0.017ms
[89.168s][info][gc,phases,start] GC(362) Adjust Roots
[89.178s][info][gc,phases      ] GC(362) Adjust Roots 9.880ms
[89.178s][info][gc,phases,start] GC(362) Compaction Phase
[89.206s][info][gc,phases      ] GC(362) Compaction Phase 28.135ms
[89.206s][info][gc,phases,start] GC(362) Post Compact
[89.208s][info][gc,phases      ] GC(362) Post Compact 2.002ms
[89.208s][info][gc,heap        ] GC(362) PSYoungGen: 128K(265216K)->0K(265216K) Eden: 0K(183296K)->0K(183296K) From: 128K(81920K)->0K(81920K)
[89.208s][info][gc,heap        ] GC(362) ParOldGen: 354451K(695296K)->148075K(695296K)
[89.209s][info][gc,metaspace   ] GC(362) Metaspace: 67146K(68288K)->67146K(68288K) NonClass: 58715K(59200K)->58715K(59200K) Class: 8431K(9088K)->8431K(9088K)
[89.209s][info][gc             ] GC(362) Pause Full (System.gc()) 346M->144M(938M) 99.720ms
[89.209s][info][gc,cpu         ] GC(362) User=1.42s Sys=0.00s Real=0.10s
[89.355s][info][gc,start       ] GC(363) Pause Young (Allocation Failure)
[89.378s][info][gc,heap        ] GC(363) PSYoungGen: 183296K(265216K)->57312K(240640K) Eden: 183296K(183296K)->0K(183296K) From: 0K(81920K)->57312K(57344K)
[89.378s][info][gc,heap        ] GC(363) ParOldGen: 148075K(695296K)->148083K(695296K)
[89.378s][info][gc,metaspace   ] GC(363) Metaspace: 67162K(68352K)->67162K(68352K) NonClass: 58730K(59264K)->58730K(59264K) Class: 8432K(9088K)->8432K(9088K)
[89.379s][info][gc             ] GC(363) Pause Young (Allocation Failure) 323M->200M(914M) 23.274ms
[89.379s][info][gc,cpu         ] GC(363) User=0.09s Sys=0.00s Real=0.02s
[89.464s][info][gc,start       ] GC(364) Pause Young (Allocation Failure)
[89.503s][info][gc,heap        ] GC(364) PSYoungGen: 240608K(240640K)->38496K(265216K) Eden: 183296K(183296K)->0K(177664K) From: 57312K(57344K)->38496K(87552K)
[89.503s][info][gc,heap        ] GC(364) ParOldGen: 148083K(695296K)->203284K(695296K)
[89.503s][info][gc,metaspace   ] GC(364) Metaspace: 67162K(68352K)->67162K(68352K) NonClass: 58730K(59264K)->58730K(59264K) Class: 8432K(9088K)->8432K(9088K)
[89.503s][info][gc             ] GC(364) Pause Young (Allocation Failure) 379M->236M(938M) 38.226ms
[89.503s][info][gc,cpu         ] GC(364) User=0.66s Sys=0.00s Real=0.03s
[89.595s][info][gc,start       ] GC(365) Pause Young (Allocation Failure)
[89.626s][info][gc,heap        ] GC(365) PSYoungGen: 216160K(265216K)->24800K(202752K) Eden: 177664K(177664K)->0K(177664K) From: 38496K(87552K)->24800K(25088K)
[89.626s][info][gc,heap        ] GC(365) ParOldGen: 203284K(695296K)->238540K(695296K)
[89.626s][info][gc,metaspace   ] GC(365) Metaspace: 67162K(68352K)->67162K(68352K) NonClass: 58730K(59264K)->58730K(59264K) Class: 8432K(9088K)->8432K(9088K)
[89.626s][info][gc             ] GC(365) Pause Young (Allocation Failure) 409M->257M(877M) 31.322ms
[89.626s][info][gc,cpu         ] GC(365) User=0.69s Sys=0.00s Real=0.03s
[89.724s][info][gc,start       ] GC(366) Pause Young (Allocation Failure)
[89.749s][info][gc,heap        ] GC(366) PSYoungGen: 202464K(202752K)->16016K(260608K) Eden: 177664K(177664K)->0K(179712K) From: 24800K(25088K)->16016K(80896K)
[89.749s][info][gc,heap        ] GC(366) ParOldGen: 238540K(695296K)->264732K(695296K)
[89.749s][info][gc,metaspace   ] GC(366) Metaspace: 67162K(68352K)->67162K(68352K) NonClass: 58730K(59264K)->58730K(59264K) Class: 8432K(9088K)->8432K(9088K)
[89.749s][info][gc             ] GC(366) Pause Young (Allocation Failure) 430M->274M(933M) 25.499ms
[89.749s][info][gc,cpu         ] GC(366) User=0.33s Sys=0.00s Real=0.01s
[89.861s][info][gc,start       ] GC(367) Pause Young (Allocation Failure)
[89.897s][info][gc,heap        ] GC(367) PSYoungGen: 195728K(260608K)->26368K(258560K) Eden: 179712K(179712K)->0K(179712K) From: 16016K(80896K)->26368K(78848K)
[89.897s][info][gc,heap        ] GC(367) ParOldGen: 264732K(695296K)->279516K(695296K)
[89.897s][info][gc,metaspace   ] GC(367) Metaspace: 67162K(68352K)->67162K(68352K) NonClass: 58730K(59264K)->58730K(59264K) Class: 8432K(9088K)->8432K(9088K)
[89.897s][info][gc             ] GC(367) Pause Young (Allocation Failure) 449M->298M(931M) 36.392ms
[89.897s][info][gc,cpu         ] GC(367) User=0.69s Sys=0.00s Real=0.03s
[89.998s][info][gc,start       ] GC(368) Pause Young (Allocation Failure)
[90.025s][info][gc,heap        ] GC(368) PSYoungGen: 206080K(258560K)->13600K(265728K) Eden: 179712K(179712K)->0K(190976K) From: 26368K(78848K)->13600K(74752K)
[90.025s][info][gc,heap        ] GC(368) ParOldGen: 279516K(695296K)->303236K(695296K)
[90.025s][info][gc,metaspace   ] GC(368) Metaspace: 67162K(68352K)->67162K(68352K) NonClass: 58730K(59264K)->58730K(59264K) Class: 8432K(9088K)->8432K(9088K)
[90.025s][info][gc             ] GC(368) Pause Young (Allocation Failure) 474M->309M(938M) 26.981ms
[90.025s][info][gc,cpu         ] GC(368) User=0.69s Sys=0.00s Real=0.03s
[90.134s][info][gc,start       ] GC(369) Pause Young (Allocation Failure)
[90.198s][info][gc,heap        ] GC(369) PSYoungGen: 204576K(265728K)->13792K(264192K) Eden: 190976K(190976K)->0K(190976K) From: 13600K(74752K)->13792K(73216K)
[90.198s][info][gc,heap        ] GC(369) ParOldGen: 303236K(695296K)->313684K(695296K)
[90.198s][info][gc,metaspace   ] GC(369) Metaspace: 67162K(68352K)->67162K(68352K) NonClass: 58730K(59264K)->58730K(59264K) Class: 8432K(9088K)->8432K(9088K)
[90.198s][info][gc             ] GC(369) Pause Young (Allocation Failure) 495M->319M(937M) 64.013ms
[90.198s][info][gc,cpu         ] GC(369) User=1.38s Sys=0.00s Real=0.06s
[90.312s][info][gc,start       ] GC(370) Pause Young (Allocation Failure)
[90.371s][info][gc,heap        ] GC(370) PSYoungGen: 204768K(264192K)->14816K(273408K) Eden: 190976K(190976K)->0K(203776K) From: 13792K(73216K)->14816K(69632K)
[90.371s][info][gc,heap        ] GC(370) ParOldGen: 313684K(695296K)->324756K(695296K)
[90.371s][info][gc,metaspace   ] GC(370) Metaspace: 67162K(68352K)->67162K(68352K) NonClass: 58730K(59264K)->58730K(59264K) Class: 8432K(9088K)->8432K(9088K)
[90.371s][info][gc             ] GC(370) Pause Young (Allocation Failure) 506M->331M(946M) 59.347ms
[90.372s][info][gc,cpu         ] GC(370) User=1.38s Sys=0.00s Real=0.07s
[90.573s][info][gc,start       ] GC(371) Pause Young (Allocation Failure)
[90.617s][info][gc,heap        ] GC(371) PSYoungGen: 218592K(273408K)->17664K(272896K) Eden: 203776K(203776K)->0K(203776K) From: 14816K(69632K)->17664K(69120K)
[90.617s][info][gc,heap        ] GC(371) ParOldGen: 324756K(695296K)->337644K(695296K)
[90.617s][info][gc,metaspace   ] GC(371) Metaspace: 67162K(68352K)->67162K(68352K) NonClass: 58730K(59264K)->58730K(59264K) Class: 8432K(9088K)->8432K(9088K)
[90.617s][info][gc             ] GC(371) Pause Young (Allocation Failure) 530M->346M(945M) 43.962ms
[90.617s][info][gc,cpu         ] GC(371) User=1.20s Sys=0.00s Real=0.05s
[90.890s][info][gc,start       ] GC(372) Pause Young (Allocation Failure)
[90.955s][info][gc,heap        ] GC(372) PSYoungGen: 221440K(272896K)->9248K(278528K) Eden: 203776K(203776K)->0K(211968K) From: 17664K(69120K)->9248K(66560K)
[90.955s][info][gc,heap        ] GC(372) ParOldGen: 337644K(695296K)->355420K(695296K)
[90.955s][info][gc,metaspace   ] GC(372) Metaspace: 67163K(68352K)->67163K(68352K) NonClass: 58731K(59264K)->58731K(59264K) Class: 8432K(9088K)->8432K(9088K)
[90.955s][info][gc             ] GC(372) Pause Young (Allocation Failure) 545M->356M(951M) 64.742ms
[90.955s][info][gc,cpu         ] GC(372) User=1.38s Sys=0.00s Real=0.07s
[91.354s][info][gc,start       ] GC(373) Pause Young (Allocation Failure)
[91.438s][info][gc,heap        ] GC(373) PSYoungGen: 221216K(278528K)->7776K(276992K) Eden: 211968K(211968K)->0K(211968K) From: 9248K(66560K)->7776K(65024K)
[91.438s][info][gc,heap        ] GC(373) ParOldGen: 355420K(695296K)->361812K(695296K)
[91.438s][info][gc,metaspace   ] GC(373) Metaspace: 67163K(68352K)->67163K(68352K) NonClass: 58731K(59264K)->58731K(59264K) Class: 8432K(9088K)->8432K(9088K)
[91.438s][info][gc             ] GC(373) Pause Young (Allocation Failure) 563M->360M(949M) 83.334ms
[91.438s][info][gc,cpu         ] GC(373) User=1.72s Sys=0.00s Real=0.08s
[92.096s][info][gc,start       ] GC(374) Pause Young (Allocation Failure)
[92.164s][info][gc,heap        ] GC(374) PSYoungGen: 219744K(276992K)->31850K(281600K) Eden: 211968K(211968K)->0K(218112K) From: 7776K(65024K)->31850K(63488K)
[92.165s][info][gc,heap        ] GC(374) ParOldGen: 361812K(695296K)->368268K(695296K)
[92.165s][info][gc,metaspace   ] GC(374) Metaspace: 67173K(68352K)->67173K(68352K) NonClass: 58741K(59264K)->58741K(59264K) Class: 8432K(9088K)->8432K(9088K)
[92.165s][info][gc             ] GC(374) Pause Young (Allocation Failure) 567M->390M(954M) 69.035ms
[92.165s][info][gc,cpu         ] GC(374) User=1.38s Sys=0.00s Real=0.07s
[92.323s][info][gc,start       ] GC(375) Pause Young (Allocation Failure)
[92.358s][info][gc,heap        ] GC(375) PSYoungGen: 249962K(281600K)->62944K(281088K) Eden: 218112K(218112K)->0K(218112K) From: 31850K(63488K)->62944K(62976K)
[92.358s][info][gc,heap        ] GC(375) ParOldGen: 368268K(695296K)->407203K(695296K)
[92.358s][info][gc,metaspace   ] GC(375) Metaspace: 67173K(68352K)->67173K(68352K) NonClass: 58741K(59264K)->58741K(59264K) Class: 8432K(9088K)->8432K(9088K)
[92.358s][info][gc             ] GC(375) Pause Young (Allocation Failure) 603M->459M(953M) 35.672ms
[92.358s][info][gc,cpu         ] GC(375) User=1.03s Sys=0.00s Real=0.05s
[92.464s][info][gc,start       ] GC(376) Pause Young (Allocation Failure)
[92.507s][info][gc,heap        ] GC(376) PSYoungGen: 281056K(281088K)->40960K(244224K) Eden: 218112K(218112K)->0K(176128K) From: 62944K(62976K)->40960K(68096K)
[92.507s][info][gc,heap        ] GC(376) ParOldGen: 407203K(695296K)->460107K(695296K)
[92.507s][info][gc,metaspace   ] GC(376) Metaspace: 67173K(68352K)->67173K(68352K) NonClass: 58741K(59264K)->58741K(59264K) Class: 8432K(9088K)->8432K(9088K)
[92.507s][info][gc             ] GC(376) Pause Young (Allocation Failure) 672M->489M(917M) 43.149ms
[92.507s][info][gc,cpu         ] GC(376) User=1.03s Sys=0.00s Real=0.05s
[92.587s][info][gc,start       ] GC(377) Pause Young (Allocation Failure)
[92.627s][info][gc,heap        ] GC(377) PSYoungGen: 217088K(244224K)->27648K(262656K) Eden: 176128K(176128K)->0K(176128K) From: 40960K(68096K)->27648K(86528K)
[92.627s][info][gc,heap        ] GC(377) ParOldGen: 460107K(695296K)->496091K(695296K)
[92.627s][info][gc,metaspace   ] GC(377) Metaspace: 67173K(68352K)->67173K(68352K) NonClass: 58741K(59264K)->58741K(59264K) Class: 8432K(9088K)->8432K(9088K)
[92.627s][info][gc             ] GC(377) Pause Young (Allocation Failure) 661M->511M(935M) 40.371ms
[92.627s][info][gc,cpu         ] GC(377) User=1.03s Sys=0.00s Real=0.05s
[92.706s][info][gc,start       ] GC(378) Pause Young (Allocation Failure)
[92.734s][info][gc,heap        ] GC(378) PSYoungGen: 203776K(262656K)->17824K(252416K) Eden: 176128K(176128K)->0K(181248K) From: 27648K(86528K)->17824K(71168K)
[92.734s][info][gc,heap        ] GC(378) ParOldGen: 496091K(695296K)->519859K(695296K)
[92.734s][info][gc,metaspace   ] GC(378) Metaspace: 67173K(68352K)->67173K(68352K) NonClass: 58741K(59264K)->58741K(59264K) Class: 8432K(9088K)->8432K(9088K)
[92.734s][info][gc             ] GC(378) Pause Young (Allocation Failure) 683M->525M(925M) 27.731ms
[92.734s][info][gc,cpu         ] GC(378) User=0.34s Sys=0.00s Real=0.03s
[92.832s][info][gc,start       ] GC(379) Pause Young (Allocation Failure)
[92.877s][info][gc,heap        ] GC(379) PSYoungGen: 199072K(252416K)->32448K(260096K) Eden: 181248K(181248K)->0K(181248K) From: 17824K(71168K)->32448K(78848K)
[92.877s][info][gc,heap        ] GC(379) ParOldGen: 519859K(695296K)->535595K(695296K)
[92.877s][info][gc,metaspace   ] GC(379) Metaspace: 67173K(68352K)->67173K(68352K) NonClass: 58741K(59264K)->58741K(59264K) Class: 8432K(9088K)->8432K(9088K)
[92.877s][info][gc             ] GC(379) Pause Young (Allocation Failure) 702M->554M(933M) 45.351ms
[92.877s][info][gc,cpu         ] GC(379) User=1.03s Sys=0.00s Real=0.05s
[92.958s][info][gc,start       ] GC(380) Pause Young (Allocation Failure)
[92.990s][info][gc,heap        ] GC(380) PSYoungGen: 213696K(260096K)->15808K(263680K) Eden: 181248K(181248K)->0K(195584K) From: 32448K(78848K)->15808K(68096K)
[92.990s][info][gc,heap        ] GC(380) ParOldGen: 535595K(695296K)->566003K(695296K)
[92.990s][info][gc,metaspace   ] GC(380) Metaspace: 67173K(68352K)->67173K(68352K) NonClass: 58741K(59264K)->58741K(59264K) Class: 8432K(9088K)->8432K(9088K)
[92.990s][info][gc             ] GC(380) Pause Young (Allocation Failure) 731M->568M(936M) 32.719ms
[92.991s][info][gc,cpu         ] GC(380) User=0.69s Sys=0.00s Real=0.03s
[93.082s][info][gc,start       ] GC(381) Pause Young (Allocation Failure)
[93.145s][info][gc,heap        ] GC(381) PSYoungGen: 211392K(263680K)->15840K(268800K) Eden: 195584K(195584K)->0K(195584K) From: 15808K(68096K)->15840K(73216K)
[93.145s][info][gc,heap        ] GC(381) ParOldGen: 566003K(695296K)->578379K(695296K)
[93.145s][info][gc,metaspace   ] GC(381) Metaspace: 67173K(68352K)->67173K(68352K) NonClass: 58741K(59264K)->58741K(59264K) Class: 8432K(9088K)->8432K(9088K)
[93.145s][info][gc             ] GC(381) Pause Young (Allocation Failure) 759M->580M(941M) 63.636ms
[93.145s][info][gc,cpu         ] GC(381) User=1.38s Sys=0.00s Real=0.06s
[93.253s][info][gc,start       ] GC(382) Pause Young (Allocation Failure)
[93.314s][info][gc,heap        ] GC(382) PSYoungGen: 211424K(268800K)->14656K(269312K) Eden: 195584K(195584K)->0K(205312K) From: 15840K(73216K)->14656K(64000K)
[93.314s][info][gc,heap        ] GC(382) ParOldGen: 578379K(695296K)->590891K(695296K)
[93.314s][info][gc,metaspace   ] GC(382) Metaspace: 67173K(68352K)->67173K(68352K) NonClass: 58741K(59264K)->58741K(59264K) Class: 8432K(9088K)->8432K(9088K)
[93.314s][info][gc             ] GC(382) Pause Young (Allocation Failure) 771M->591M(942M) 60.914ms
[93.314s][info][gc,cpu         ] GC(382) User=1.38s Sys=0.00s Real=0.06s
[93.661s][info][gc,start       ] GC(383) Pause Young (Allocation Failure)
[93.728s][info][gc,heap        ] GC(383) PSYoungGen: 219968K(269312K)->12736K(273920K) Eden: 205312K(205312K)->0K(205312K) From: 14656K(64000K)->12736K(68608K)
[93.728s][info][gc,heap        ] GC(383) ParOldGen: 590891K(695296K)->602811K(695296K)
[93.728s][info][gc,metaspace   ] GC(383) Metaspace: 67173K(68352K)->67173K(68352K) NonClass: 58741K(59264K)->58741K(59264K) Class: 8432K(9088K)->8432K(9088K)
[93.728s][info][gc             ] GC(383) Pause Young (Allocation Failure) 791M->601M(946M) 66.948ms
[93.728s][info][gc,cpu         ] GC(383) User=1.31s Sys=0.00s Real=0.06s
[94.230s][info][gc,start       ] GC(384) Pause Young (Allocation Failure)
[94.268s][info][gc,heap        ] GC(384) PSYoungGen: 218048K(273920K)->31540K(274944K) Eden: 205312K(205312K)->0K(213504K) From: 12736K(68608K)->31540K(61440K)
[94.268s][info][gc,heap        ] GC(384) ParOldGen: 602811K(695296K)->613523K(695296K)
[94.268s][info][gc,metaspace   ] GC(384) Metaspace: 67192K(68416K)->67192K(68416K) NonClass: 58760K(59328K)->58760K(59328K) Class: 8432K(9088K)->8432K(9088K)
[94.268s][info][gc             ] GC(384) Pause Young (Allocation Failure) 801M->629M(947M) 38.511ms
[94.268s][info][gc,cpu         ] GC(384) User=0.69s Sys=0.00s Real=0.05s
[94.444s][info][gc,start       ] GC(385) Pause Young (Allocation Failure)
[94.465s][info][gc,heap        ] GC(385) PSYoungGen: 245044K(274944K)->29074K(278528K) Eden: 213504K(213504K)->0K(213504K) From: 31540K(61440K)->29074K(65024K)
[94.465s][info][gc,heap        ] GC(385) ParOldGen: 613523K(695296K)->613641K(695296K)
[94.465s][info][gc,metaspace   ] GC(385) Metaspace: 67195K(68416K)->67195K(68416K) NonClass: 58762K(59328K)->58762K(59328K) Class: 8432K(9088K)->8432K(9088K)
[94.465s][info][gc             ] GC(385) Pause Young (Allocation Failure) 838M->627M(951M) 20.807ms
[94.465s][info][gc,cpu         ] GC(385) User=0.34s Sys=0.00s Real=0.01s
[94.634s][info][gc,start       ] GC(386) Pause Young (Allocation Failure)
[94.648s][info][gc,heap        ] GC(386) PSYoungGen: 242578K(278528K)->14156K(280064K) Eden: 213504K(213504K)->0K(221696K) From: 29074K(65024K)->14156K(58368K)
[94.648s][info][gc,heap        ] GC(386) ParOldGen: 613641K(695296K)->613777K(695296K)
[94.648s][info][gc,metaspace   ] GC(386) Metaspace: 67230K(68416K)->67230K(68416K) NonClass: 58798K(59328K)->58798K(59328K) Class: 8432K(9088K)->8432K(9088K)
[94.648s][info][gc             ] GC(386) Pause Young (Allocation Failure) 836M->613M(952M) 13.849ms
[94.648s][info][gc,cpu         ] GC(386) User=0.34s Sys=0.00s Real=0.02s
[94.908s][info][gc,start       ] GC(387) Pause Young (Allocation Failure)
[94.932s][info][gc,heap        ] GC(387) PSYoungGen: 235852K(280064K)->29027K(282624K) Eden: 221696K(221696K)->0K(221696K) From: 14156K(58368K)->29027K(60928K)
[94.932s][info][gc,heap        ] GC(387) ParOldGen: 613777K(695296K)->619034K(695296K)
[94.932s][info][gc,metaspace   ] GC(387) Metaspace: 67230K(68416K)->67230K(68416K) NonClass: 58798K(59328K)->58798K(59328K) Class: 8432K(9088K)->8432K(9088K)
[94.932s][info][gc             ] GC(387) Pause Young (Allocation Failure) 829M->632M(955M) 23.544ms
[94.932s][info][gc,cpu         ] GC(387) User=0.36s Sys=0.00s Real=0.03s
[95.157s][info][gc,start       ] GC(388) Pause Young (Allocation Failure)
[95.183s][info][gc,heap        ] GC(388) PSYoungGen: 250723K(282624K)->20704K(282624K) Eden: 221696K(221696K)->0K(229376K) From: 29027K(60928K)->20704K(53248K)
[95.183s][info][gc,heap        ] GC(388) ParOldGen: 619034K(695296K)->646154K(695296K)
[95.183s][info][gc,metaspace   ] GC(388) Metaspace: 67232K(68416K)->67232K(68416K) NonClass: 58800K(59328K)->58800K(59328K) Class: 8432K(9088K)->8432K(9088K)
[95.183s][info][gc             ] GC(388) Pause Young (Allocation Failure) 849M->651M(955M) 26.194ms
[95.183s][info][gc,cpu         ] GC(388) User=0.69s Sys=0.00s Real=0.03s
[95.183s][info][gc,start       ] GC(389) Pause Full (Ergonomics)
[95.183s][info][gc,phases,start] GC(389) Marking Phase
[95.234s][info][gc,phases      ] GC(389) Marking Phase 50.799ms
[95.234s][info][gc,phases,start] GC(389) Summary Phase
[95.234s][info][gc,phases      ] GC(389) Summary Phase 0.026ms
[95.234s][info][gc,phases,start] GC(389) Adjust Roots
[95.245s][info][gc,phases      ] GC(389) Adjust Roots 11.096ms
[95.245s][info][gc,phases,start] GC(389) Compaction Phase
[95.289s][info][gc,phases      ] GC(389) Compaction Phase 43.775ms
[95.289s][info][gc,phases,start] GC(389) Post Compact
[95.293s][info][gc,phases      ] GC(389) Post Compact 4.170ms
[95.293s][info][gc,heap        ] GC(389) PSYoungGen: 20704K(282624K)->0K(285696K) Eden: 0K(229376K)->0K(229376K) From: 20704K(53248K)->0K(56320K)
[95.293s][info][gc,heap        ] GC(389) ParOldGen: 646154K(695296K)->168628K(672768K)
[95.293s][info][gc,metaspace   ] GC(389) Metaspace: 67232K(68416K)->67232K(68416K) NonClass: 58800K(59328K)->58800K(59328K) Class: 8432K(9088K)->8432K(9088K)
[95.294s][info][gc             ] GC(389) Pause Full (Ergonomics) 651M->164M(936M) 110.547ms
[95.294s][info][gc,cpu         ] GC(389) User=1.16s Sys=0.00s Real=0.11s
[95.412s][info][gc,start       ] GC(390) Pause Young (Allocation Failure)
[95.430s][info][gc,heap        ] GC(390) PSYoungGen: 229376K(285696K)->41920K(286720K) Eden: 229376K(229376K)->0K(230400K) From: 0K(56320K)->41920K(56320K)
[95.430s][info][gc,heap        ] GC(390) ParOldGen: 168628K(672768K)->168628K(672768K)
[95.430s][info][gc,metaspace   ] GC(390) Metaspace: 67237K(68416K)->67237K(68416K) NonClass: 58805K(59328K)->58805K(59328K) Class: 8432K(9088K)->8432K(9088K)
[95.430s][info][gc             ] GC(390) Pause Young (Allocation Failure) 388M->205M(937M) 18.573ms
[95.430s][info][gc,cpu         ] GC(390) User=0.34s Sys=0.00s Real=0.01s
[95.709s][info][gc,start       ] GC(391) Pause Young (Allocation Failure)
[95.739s][info][gc,heap        ] GC(391) PSYoungGen: 270303K(286720K)->49575K(280064K) Eden: 228383K(230400K)->0K(230400K) From: 41920K(56320K)->49575K(49664K)
[95.739s][info][gc,heap        ] GC(391) ParOldGen: 168628K(672768K)->203936K(672768K)
[95.739s][info][gc,metaspace   ] GC(391) Metaspace: 67237K(68416K)->67237K(68416K) NonClass: 58805K(59328K)->58805K(59328K) Class: 8432K(9088K)->8432K(9088K)
[95.739s][info][gc             ] GC(391) Pause Young (Allocation Failure) 428M->247M(930M) 30.883ms
[95.740s][info][gc,cpu         ] GC(391) User=0.69s Sys=0.00s Real=0.03s
[95.863s][info][gc,start       ] GC(392) Pause Young (Allocation Failure)
[95.884s][info][gc,heap        ] GC(392) PSYoungGen: 279975K(280064K)->59723K(268800K) Eden: 230400K(230400K)->0K(203776K) From: 49575K(49664K)->59723K(65024K)
[95.884s][info][gc,heap        ] GC(392) ParOldGen: 203936K(672768K)->224477K(672768K)
[95.884s][info][gc,metaspace   ] GC(392) Metaspace: 67246K(68416K)->67246K(68416K) NonClass: 58814K(59328K)->58814K(59328K) Class: 8432K(9088K)->8432K(9088K)
[95.884s][info][gc             ] GC(392) Pause Young (Allocation Failure) 472M->277M(919M) 21.196ms
[95.884s][info][gc,cpu         ] GC(392) User=0.34s Sys=0.00s Real=0.02s
[95.948s][info][gc,start       ] GC(393) Pause Young (Allocation Failure)
[95.968s][info][gc,heap        ] GC(393) PSYoungGen: 263499K(268800K)->43089K(276480K) Eden: 203776K(203776K)->0K(203776K) From: 59723K(65024K)->43089K(72704K)
[95.968s][info][gc,heap        ] GC(393) ParOldGen: 224477K(672768K)->237322K(672768K)
[95.968s][info][gc,metaspace   ] GC(393) Metaspace: 67249K(68480K)->67249K(68480K) NonClass: 58816K(59392K)->58816K(59392K) Class: 8432K(9088K)->8432K(9088K)
[95.968s][info][gc             ] GC(393) Pause Young (Allocation Failure) 476M->273M(927M) 20.139ms
[95.968s][info][gc,cpu         ] GC(393) User=0.53s Sys=0.00s Real=0.03s
[96.091s][info][gc,start       ] GC(394) Pause Young (Allocation Failure)
[96.123s][info][gc,heap        ] GC(394) PSYoungGen: 246865K(276480K)->31975K(269312K) Eden: 203776K(203776K)->0K(203776K) From: 43089K(72704K)->31975K(65536K)
[96.123s][info][gc,heap        ] GC(394) ParOldGen: 237322K(672768K)->258703K(672768K)
[96.123s][info][gc,metaspace   ] GC(394) Metaspace: 67249K(68480K)->67249K(68480K) NonClass: 58816K(59392K)->58816K(59392K) Class: 8432K(9088K)->8432K(9088K)
[96.123s][info][gc             ] GC(394) Pause Young (Allocation Failure) 472M->283M(920M) 31.752ms
[96.123s][info][gc,cpu         ] GC(394) User=0.69s Sys=0.00s Real=0.03s
[96.203s][info][gc,start       ] GC(395) Pause Young (Allocation Failure)
[96.238s][info][gc,heap        ] GC(395) PSYoungGen: 235751K(269312K)->80K(272896K) Eden: 203776K(203776K)->0K(203776K) From: 31975K(65536K)->80K(69120K)
[96.238s][info][gc,heap        ] GC(395) ParOldGen: 258703K(672768K)->292769K(672768K)
[96.238s][info][gc,metaspace   ] GC(395) Metaspace: 67249K(68480K)->67249K(68480K) NonClass: 58816K(59392K)->58816K(59392K) Class: 8432K(9088K)->8432K(9088K)
[96.238s][info][gc             ] GC(395) Pause Young (Allocation Failure) 482M->285M(923M) 35.314ms
[96.239s][info][gc,cpu         ] GC(395) User=0.45s Sys=0.00s Real=0.03s
[96.360s][info][gc,start       ] GC(396) Pause Young (Allocation Failure)
[96.683s][info][gc,heap        ] GC(396) PSYoungGen: 203856K(272896K)->42528K(276992K) Eden: 203776K(203776K)->0K(205824K) From: 80K(69120K)->42528K(71168K)
[96.683s][info][gc,heap        ] GC(396) ParOldGen: 292769K(672768K)->292769K(672768K)
[96.683s][info][gc,metaspace   ] GC(396) Metaspace: 67249K(68480K)->67249K(68480K) NonClass: 58816K(59392K)->58816K(59392K) Class: 8432K(9088K)->8432K(9088K)
[96.683s][info][gc             ] GC(396) Pause Young (Allocation Failure) 484M->327M(927M) 323.087ms
[96.683s][info][gc,cpu         ] GC(396) User=1.97s Sys=0.05s Real=0.31s
[96.716s][info][gc,start       ] GC(397) Pause Young (System.gc())
[96.719s][info][gc,heap        ] GC(397) PSYoungGen: 67554K(276992K)->160K(206336K) Eden: 25026K(205824K)->0K(205824K) From: 42528K(71168K)->160K(512K)
[96.719s][info][gc,heap        ] GC(397) ParOldGen: 292769K(672768K)->292809K(672768K)
[96.719s][info][gc,metaspace   ] GC(397) Metaspace: 67249K(68480K)->67249K(68480K) NonClass: 58816K(59392K)->58816K(59392K) Class: 8432K(9088K)->8432K(9088K)
[96.719s][info][gc             ] GC(397) Pause Young (System.gc()) 351M->286M(858M) 3.479ms
[96.720s][info][gc,cpu         ] GC(397) User=0.03s Sys=0.00s Real=0.02s
[96.720s][info][gc,start       ] GC(398) Pause Full (System.gc())
[96.720s][info][gc,phases,start] GC(398) Marking Phase
[96.784s][info][gc,phases      ] GC(398) Marking Phase 64.028ms
[96.784s][info][gc,phases,start] GC(398) Summary Phase
[96.784s][info][gc,phases      ] GC(398) Summary Phase 0.017ms
[96.784s][info][gc,phases,start] GC(398) Adjust Roots
[96.797s][info][gc,phases      ] GC(398) Adjust Roots 12.642ms
[96.797s][info][gc,phases,start] GC(398) Compaction Phase
[96.836s][info][gc,phases      ] GC(398) Compaction Phase 39.507ms
[96.836s][info][gc,phases,start] GC(398) Post Compact
[96.838s][info][gc,phases      ] GC(398) Post Compact 1.757ms
[96.838s][info][gc,heap        ] GC(398) PSYoungGen: 160K(206336K)->0K(206336K) Eden: 0K(205824K)->0K(205824K) From: 160K(512K)->0K(512K)
[96.838s][info][gc,heap        ] GC(398) ParOldGen: 292809K(672768K)->148185K(672768K)
[96.838s][info][gc,metaspace   ] GC(398) Metaspace: 67249K(68480K)->67249K(68480K) NonClass: 58816K(59392K)->58816K(59392K) Class: 8432K(9088K)->8432K(9088K)
[96.838s][info][gc             ] GC(398) Pause Full (System.gc()) 286M->144M(858M) 118.299ms
[96.838s][info][gc,cpu         ] GC(398) User=1.11s Sys=0.00s Real=0.11s
[96.986s][info][gc,start       ] GC(399) Pause Young (Allocation Failure)
[97.012s][info][gc,heap        ] GC(399) PSYoungGen: 205824K(206336K)->67648K(256000K) Eden: 205824K(205824K)->0K(183296K) From: 0K(512K)->67648K(72704K)
[97.012s][info][gc,heap        ] GC(399) ParOldGen: 148185K(672768K)->148185K(672768K)
[97.012s][info][gc,metaspace   ] GC(399) Metaspace: 67253K(68480K)->67253K(68480K) NonClass: 58820K(59392K)->58820K(59392K) Class: 8432K(9088K)->8432K(9088K)
[97.012s][info][gc             ] GC(399) Pause Young (Allocation Failure) 345M->210M(907M) 26.186ms
[97.012s][info][gc,cpu         ] GC(399) User=0.45s Sys=0.00s Real=0.03s
[97.103s][info][gc,start       ] GC(400) Pause Young (Allocation Failure)
[97.143s][info][gc,heap        ] GC(400) PSYoungGen: 250944K(256000K)->28992K(266240K) Eden: 183296K(183296K)->0K(183296K) From: 67648K(72704K)->28992K(82944K)
[97.143s][info][gc,heap        ] GC(400) ParOldGen: 148185K(672768K)->215810K(672768K)
[97.143s][info][gc,metaspace   ] GC(400) Metaspace: 67253K(68480K)->67253K(68480K) NonClass: 58820K(59392K)->58820K(59392K) Class: 8432K(9088K)->8432K(9088K)
[97.144s][info][gc             ] GC(400) Pause Young (Allocation Failure) 389M->239M(917M) 40.870ms
[97.144s][info][gc,cpu         ] GC(400) User=0.66s Sys=0.00s Real=0.03s
[97.238s][info][gc,start       ] GC(401) Pause Young (Allocation Failure)
[97.268s][info][gc,heap        ] GC(401) PSYoungGen: 212288K(266240K)->24736K(254464K) Eden: 183296K(183296K)->0K(187904K) From: 28992K(82944K)->24736K(66560K)
[97.268s][info][gc,heap        ] GC(401) ParOldGen: 215810K(672768K)->240938K(672768K)
[97.268s][info][gc,metaspace   ] GC(401) Metaspace: 67253K(68480K)->67253K(68480K) NonClass: 58820K(59392K)->58820K(59392K) Class: 8432K(9088K)->8432K(9088K)
[97.268s][info][gc             ] GC(401) Pause Young (Allocation Failure) 418M->259M(905M) 29.830ms
[97.268s][info][gc,cpu         ] GC(401) User=0.69s Sys=0.00s Real=0.03s
[97.368s][info][gc,start       ] GC(402) Pause Young (Allocation Failure)
[97.392s][info][gc,heap        ] GC(402) PSYoungGen: 209191K(254464K)->19840K(262656K) Eden: 184455K(187904K)->0K(187904K) From: 24736K(66560K)->19840K(74752K)
[97.392s][info][gc,heap        ] GC(402) ParOldGen: 240938K(672768K)->262930K(672768K)
[97.392s][info][gc,metaspace   ] GC(402) Metaspace: 67253K(68480K)->67253K(68480K) NonClass: 58820K(59392K)->58820K(59392K) Class: 8432K(9088K)->8432K(9088K)
[97.392s][info][gc             ] GC(402) Pause Young (Allocation Failure) 439M->276M(913M) 23.818ms
[97.392s][info][gc,cpu         ] GC(402) User=0.33s Sys=0.00s Real=0.02s
[97.506s][info][gc,start       ] GC(403) Pause Young (Allocation Failure)
[97.565s][info][gc,heap        ] GC(403) PSYoungGen: 207744K(262656K)->22176K(266752K) Eden: 187904K(187904K)->0K(202240K) From: 19840K(74752K)->22176K(64512K)
[97.565s][info][gc,heap        ] GC(403) ParOldGen: 262930K(672768K)->282474K(672768K)
[97.565s][info][gc,metaspace   ] GC(403) Metaspace: 67253K(68480K)->67253K(68480K) NonClass: 58820K(59392K)->58820K(59392K) Class: 8432K(9088K)->8432K(9088K)
[97.565s][info][gc             ] GC(403) Pause Young (Allocation Failure) 459M->297M(917M) 58.656ms
[97.565s][info][gc,cpu         ] GC(403) User=1.31s Sys=0.00s Real=0.07s
[97.680s][info][gc,start       ] GC(404) Pause Young (Allocation Failure)
[97.736s][info][gc,heap        ] GC(404) PSYoungGen: 224416K(266752K)->14592K(271872K) Eden: 202240K(202240K)->0K(202240K) From: 22176K(64512K)->14592K(69632K)
[97.736s][info][gc,heap        ] GC(404) ParOldGen: 282474K(672768K)->301466K(672768K)
[97.736s][info][gc,metaspace   ] GC(404) Metaspace: 67253K(68480K)->67253K(68480K) NonClass: 58820K(59392K)->58820K(59392K) Class: 8432K(9088K)->8432K(9088K)
[97.736s][info][gc             ] GC(404) Pause Young (Allocation Failure) 495M->308M(922M) 56.098ms
[97.736s][info][gc,cpu         ] GC(404) User=1.38s Sys=0.00s Real=0.06s
[97.854s][info][gc,start       ] GC(405) Pause Young (Allocation Failure)
[97.919s][info][gc,heap        ] GC(405) PSYoungGen: 216832K(271872K)->16128K(273920K) Eden: 202240K(202240K)->0K(211456K) From: 14592K(69632K)->16128K(62464K)
[97.919s][info][gc,heap        ] GC(405) ParOldGen: 301466K(672768K)->313034K(672768K)
[97.919s][info][gc,metaspace   ] GC(405) Metaspace: 67253K(68480K)->67253K(68480K) NonClass: 58820K(59392K)->58820K(59392K) Class: 8432K(9088K)->8432K(9088K)
[97.919s][info][gc             ] GC(405) Pause Young (Allocation Failure) 506M->321M(924M) 65.349ms
[97.919s][info][gc,cpu         ] GC(405) User=1.38s Sys=0.00s Real=0.06s
[98.073s][info][gc,start       ] GC(406) Pause Young (Allocation Failure)
[98.147s][info][gc,heap        ] GC(406) PSYoungGen: 227584K(273920K)->13568K(277504K) Eden: 211456K(211456K)->0K(211456K) From: 16128K(62464K)->13568K(66048K)
[98.147s][info][gc,heap        ] GC(406) ParOldGen: 313034K(672768K)->326370K(672768K)
[98.147s][info][gc,metaspace   ] GC(406) Metaspace: 67253K(68480K)->67253K(68480K) NonClass: 58820K(59392K)->58820K(59392K) Class: 8432K(9088K)->8432K(9088K)
[98.147s][info][gc             ] GC(406) Pause Young (Allocation Failure) 527M->331M(928M) 74.977ms
[98.148s][info][gc,cpu         ] GC(406) User=2.06s Sys=0.00s Real=0.09s
[98.394s][info][gc,start       ] GC(407) Pause Young (Allocation Failure)
[98.435s][info][gc,heap        ] GC(407) PSYoungGen: 225024K(277504K)->14336K(277504K) Eden: 211456K(211456K)->0K(219136K) From: 13568K(66048K)->14336K(58368K)
[98.435s][info][gc,heap        ] GC(407) ParOldGen: 326370K(672768K)->337938K(672768K)
[98.435s][info][gc,metaspace   ] GC(407) Metaspace: 67253K(68480K)->67253K(68480K) NonClass: 58820K(59392K)->58820K(59392K) Class: 8432K(9088K)->8432K(9088K)
[98.435s][info][gc             ] GC(407) Pause Young (Allocation Failure) 538M->344M(928M) 41.409ms
[98.435s][info][gc,cpu         ] GC(407) User=1.03s Sys=0.00s Real=0.05s
[98.794s][info][gc,start       ] GC(408) Pause Young (Allocation Failure)
[98.833s][info][gc,heap        ] GC(408) PSYoungGen: 233472K(277504K)->7808K(281088K) Eden: 219136K(219136K)->0K(219136K) From: 14336K(58368K)->7808K(61952K)
[98.833s][info][gc,heap        ] GC(408) ParOldGen: 337938K(672768K)->350706K(672768K)
[98.833s][info][gc,metaspace   ] GC(408) Metaspace: 67253K(68480K)->67253K(68480K) NonClass: 58821K(59392K)->58821K(59392K) Class: 8432K(9088K)->8432K(9088K)
[98.833s][info][gc             ] GC(408) Pause Young (Allocation Failure) 558M->350M(931M) 39.007ms
[98.833s][info][gc,cpu         ] GC(408) User=0.69s Sys=0.00s Real=0.03s
[99.616s][info][gc,start       ] GC(409) Pause Young (Allocation Failure)
[99.691s][info][gc,heap        ] GC(409) PSYoungGen: 226944K(281088K)->10333K(283136K) Eden: 219136K(219136K)->0K(226304K) From: 7808K(61952K)->10333K(56832K)
[99.691s][info][gc,heap        ] GC(409) ParOldGen: 350706K(672768K)->356626K(672768K)
[99.691s][info][gc,metaspace   ] GC(409) Metaspace: 67261K(68480K)->67261K(68480K) NonClass: 58828K(59392K)->58828K(59392K) Class: 8432K(9088K)->8432K(9088K)
[99.691s][info][gc             ] GC(409) Pause Young (Allocation Failure) 564M->358M(933M) 75.165ms
[99.691s][info][gc,cpu         ] GC(409) User=1.72s Sys=0.00s Real=0.08s
[99.906s][info][gc,start       ] GC(410) Pause Young (Allocation Failure)
[99.941s][info][gc,heap        ] GC(410) PSYoungGen: 236637K(283136K)->48512K(274944K) Eden: 226304K(226304K)->0K(226304K) From: 10333K(56832K)->48512K(48640K)
[99.941s][info][gc,heap        ] GC(410) ParOldGen: 356626K(672768K)->364201K(672768K)
[99.941s][info][gc,metaspace   ] GC(410) Metaspace: 67261K(68480K)->67261K(68480K) NonClass: 58828K(59392K)->58828K(59392K) Class: 8432K(9088K)->8432K(9088K)
[99.941s][info][gc             ] GC(410) Pause Young (Allocation Failure) 579M->403M(925M) 34.822ms
[99.941s][info][gc,cpu         ] GC(410) User=1.03s Sys=0.00s Real=0.04s
[100.036s][info][gc,start       ] GC(411) Pause Young (Allocation Failure)
[100.078s][info][gc,heap        ] GC(411) PSYoungGen: 274816K(274944K)->65504K(223232K) Eden: 226304K(226304K)->0K(157696K) From: 48512K(48640K)->65504K(65536K)
[100.078s][info][gc,heap        ] GC(411) ParOldGen: 364201K(672768K)->415201K(672768K)
[100.078s][info][gc,metaspace   ] GC(411) Metaspace: 67261K(68480K)->67261K(68480K) NonClass: 58828K(59392K)->58828K(59392K) Class: 8432K(9088K)->8432K(9088K)
[100.078s][info][gc             ] GC(411) Pause Young (Allocation Failure) 624M->469M(875M) 42.118ms
[100.078s][info][gc,cpu         ] GC(411) User=1.03s Sys=0.00s Real=0.05s
[100.142s][info][gc,start       ] GC(412) Pause Young (Allocation Failure)
[100.177s][info][gc,heap        ] GC(412) PSYoungGen: 223200K(223232K)->21632K(253440K) Eden: 157696K(157696K)->0K(157696K) From: 65504K(65536K)->21632K(95744K)
[100.177s][info][gc,heap        ] GC(412) ParOldGen: 415201K(672768K)->479209K(672768K)
[100.177s][info][gc,metaspace   ] GC(412) Metaspace: 67261K(68480K)->67261K(68480K) NonClass: 58828K(59392K)->58828K(59392K) Class: 8432K(9088K)->8432K(9088K)
[100.177s][info][gc             ] GC(412) Pause Young (Allocation Failure) 623M->489M(904M) 34.953ms
[100.177s][info][gc,cpu         ] GC(412) User=0.66s Sys=0.00s Real=0.03s
[100.250s][info][gc,start       ] GC(413) Pause Young (Allocation Failure)
[100.277s][info][gc,heap        ] GC(413) PSYoungGen: 179328K(253440K)->24192K(240128K) Eden: 157696K(157696K)->0K(161792K) From: 21632K(95744K)->24192K(78336K)
[100.277s][info][gc,heap        ] GC(413) ParOldGen: 479209K(672768K)->494233K(672768K)
[100.277s][info][gc,metaspace   ] GC(413) Metaspace: 67261K(68480K)->67261K(68480K) NonClass: 58828K(59392K)->58828K(59392K) Class: 8432K(9088K)->8432K(9088K)
[100.277s][info][gc             ] GC(413) Pause Young (Allocation Failure) 643M->506M(891M) 27.062ms
[100.278s][info][gc,cpu         ] GC(413) User=0.66s Sys=0.00s Real=0.03s
[100.352s][info][gc,start       ] GC(414) Pause Young (Allocation Failure)
[100.377s][info][gc,heap        ] GC(414) PSYoungGen: 185984K(240128K)->16128K(248832K) Eden: 161792K(161792K)->0K(161792K) From: 24192K(78336K)->16128K(87040K)
[100.377s][info][gc,heap        ] GC(414) ParOldGen: 494233K(672768K)->517729K(672768K)
[100.377s][info][gc,metaspace   ] GC(414) Metaspace: 67261K(68480K)->67261K(68480K) NonClass: 58828K(59392K)->58828K(59392K) Class: 8432K(9088K)->8432K(9088K)
[100.377s][info][gc             ] GC(414) Pause Young (Allocation Failure) 664M->521M(900M) 24.440ms
[100.377s][info][gc,cpu         ] GC(414) User=0.58s Sys=0.00s Real=0.03s
[100.472s][info][gc,start       ] GC(415) Pause Young (Allocation Failure)
[100.506s][info][gc,heap        ] GC(415) PSYoungGen: 177920K(248832K)->34048K(250880K) Eden: 161792K(161792K)->0K(178176K) From: 16128K(87040K)->34048K(72704K)
[100.506s][info][gc,heap        ] GC(415) ParOldGen: 517729K(672768K)->532913K(672768K)
[100.506s][info][gc,metaspace   ] GC(415) Metaspace: 67261K(68480K)->67261K(68480K) NonClass: 58828K(59392K)->58828K(59392K) Class: 8432K(9088K)->8432K(9088K)
[100.506s][info][gc             ] GC(415) Pause Young (Allocation Failure) 679M->553M(902M) 33.391ms
[100.506s][info][gc,cpu         ] GC(415) User=0.66s Sys=0.00s Real=0.03s
[100.588s][info][gc,start       ] GC(416) Pause Young (Allocation Failure)
[100.617s][info][gc,heap        ] GC(416) PSYoungGen: 212224K(250880K)->15392K(258048K) Eden: 178176K(178176K)->0K(178176K) From: 34048K(72704K)->15392K(79872K)
[100.617s][info][gc,heap        ] GC(416) ParOldGen: 532913K(672768K)->560337K(672768K)
[100.617s][info][gc,metaspace   ] GC(416) Metaspace: 67261K(68480K)->67261K(68480K) NonClass: 58828K(59392K)->58828K(59392K) Class: 8432K(9088K)->8432K(9088K)
[100.617s][info][gc             ] GC(416) Pause Young (Allocation Failure) 727M->562M(909M) 29.155ms
[100.617s][info][gc,cpu         ] GC(416) User=0.66s Sys=0.00s Real=0.03s
[100.701s][info][gc,start       ] GC(417) Pause Young (Allocation Failure)
[100.758s][info][gc,heap        ] GC(417) PSYoungGen: 193568K(258048K)->14464K(262144K) Eden: 178176K(178176K)->0K(191488K) From: 15392K(79872K)->14464K(70656K)
[100.758s][info][gc,heap        ] GC(417) ParOldGen: 560337K(672768K)->572545K(672768K)
[100.758s][info][gc,metaspace   ] GC(417) Metaspace: 67261K(68480K)->67261K(68480K) NonClass: 58828K(59392K)->58828K(59392K) Class: 8432K(9088K)->8432K(9088K)
[100.758s][info][gc             ] GC(417) Pause Young (Allocation Failure) 736M->573M(913M) 56.494ms
[100.758s][info][gc,cpu         ] GC(417) User=1.31s Sys=0.00s Real=0.06s
[100.865s][info][gc,start       ] GC(418) Pause Young (Allocation Failure)
[100.924s][info][gc,heap        ] GC(418) PSYoungGen: 205952K(262144K)->14016K(266752K) Eden: 191488K(191488K)->0K(191488K) From: 14464K(70656K)->14016K(75264K)
[100.924s][info][gc,heap        ] GC(418) ParOldGen: 572545K(672768K)->583929K(672768K)
[100.924s][info][gc,metaspace   ] GC(418) Metaspace: 67261K(68480K)->67261K(68480K) NonClass: 58828K(59392K)->58828K(59392K) Class: 8432K(9088K)->8432K(9088K)
[100.924s][info][gc             ] GC(418) Pause Young (Allocation Failure) 760M->583M(917M) 59.364ms
[100.924s][info][gc,cpu         ] GC(418) User=1.31s Sys=0.00s Real=0.06s
[101.266s][info][gc,start       ] GC(419) Pause Young (Allocation Failure)
[101.322s][info][gc,heap        ] GC(419) PSYoungGen: 205504K(266752K)->13319K(266752K) Eden: 191488K(191488K)->0K(201216K) From: 14016K(75264K)->13319K(65536K)
[101.322s][info][gc,heap        ] GC(419) ParOldGen: 583929K(672768K)->595553K(672768K)
[101.322s][info][gc,metaspace   ] GC(419) Metaspace: 67261K(68480K)->67261K(68480K) NonClass: 58828K(59392K)->58828K(59392K) Class: 8432K(9088K)->8432K(9088K)
[101.322s][info][gc             ] GC(419) Pause Young (Allocation Failure) 770M->594M(917M) 55.951ms
[101.322s][info][gc,cpu         ] GC(419) User=1.38s Sys=0.00s Real=0.06s
[101.829s][info][gc,start       ] GC(420) Pause Young (Allocation Failure)
[101.870s][info][gc,heap        ] GC(420) PSYoungGen: 214535K(266752K)->31220K(271360K) Eden: 201216K(201216K)->0K(201216K) From: 13319K(65536K)->31220K(70144K)
[101.870s][info][gc,heap        ] GC(420) ParOldGen: 595553K(672768K)->605449K(672768K)
[101.870s][info][gc,metaspace   ] GC(420) Metaspace: 67268K(68480K)->67268K(68480K) NonClass: 58835K(59392K)->58835K(59392K) Class: 8432K(9088K)->8432K(9088K)
[101.870s][info][gc             ] GC(420) Pause Young (Allocation Failure) 791M->621M(922M) 40.539ms
[101.870s][info][gc,cpu         ] GC(420) User=1.03s Sys=0.00s Real=0.05s
[102.031s][info][gc,start       ] GC(421) Pause Young (Allocation Failure)
[102.050s][info][gc,heap        ] GC(421) PSYoungGen: 232436K(271360K)->30419K(271872K) Eden: 201216K(201216K)->0K(210944K) From: 31220K(70144K)->30419K(60928K)
[102.050s][info][gc,heap        ] GC(421) ParOldGen: 605449K(672768K)->605569K(672768K)
[102.050s][info][gc,metaspace   ] GC(421) Metaspace: 67274K(68480K)->67274K(68480K) NonClass: 58841K(59392K)->58841K(59392K) Class: 8432K(9088K)->8432K(9088K)
[102.050s][info][gc             ] GC(421) Pause Young (Allocation Failure) 818M->621M(922M) 19.247ms
[102.050s][info][gc,cpu         ] GC(421) User=0.34s Sys=0.00s Real=0.02s
[102.218s][info][gc,start       ] GC(422) Pause Young (Allocation Failure)
[102.231s][info][gc,heap        ] GC(422) PSYoungGen: 241363K(271872K)->6995K(276480K) Eden: 210944K(210944K)->0K(210944K) From: 30419K(60928K)->6995K(65536K)
[102.231s][info][gc,heap        ] GC(422) ParOldGen: 605569K(672768K)->605697K(672768K)
[102.231s][info][gc,metaspace   ] GC(422) Metaspace: 67289K(68480K)->67289K(68480K) NonClass: 58856K(59392K)->58856K(59392K) Class: 8433K(9088K)->8433K(9088K)
[102.231s][info][gc             ] GC(422) Pause Young (Allocation Failure) 827M->598M(927M) 12.297ms
[102.231s][info][gc,cpu         ] GC(422) User=0.03s Sys=0.00s Real=0.02s
[102.483s][info][gc,start       ] GC(423) Pause Young (Allocation Failure)
[102.506s][info][gc,heap        ] GC(423) PSYoungGen: 217939K(276480K)->31523K(280064K) Eden: 210944K(210944K)->0K(218624K) From: 6995K(65536K)->31523K(61440K)
[102.506s][info][gc,heap        ] GC(423) ParOldGen: 605697K(672768K)->608420K(672768K)
[102.506s][info][gc,metaspace   ] GC(423) Metaspace: 67289K(68480K)->67289K(68480K) NonClass: 58856K(59392K)->58856K(59392K) Class: 8433K(9088K)->8433K(9088K)
[102.506s][info][gc             ] GC(423) Pause Young (Allocation Failure) 804M->624M(930M) 23.419ms
[102.506s][info][gc,cpu         ] GC(423) User=0.34s Sys=0.00s Real=0.02s
[102.746s][info][gc,start       ] GC(424) Pause Young (Allocation Failure)
[102.772s][info][gc,heap        ] GC(424) PSYoungGen: 250147K(280064K)->15687K(282112K) Eden: 218624K(218624K)->0K(218624K) From: 31523K(61440K)->15687K(63488K)
[102.772s][info][gc,heap        ] GC(424) ParOldGen: 608420K(672768K)->638060K(672768K)
[102.772s][info][gc,metaspace   ] GC(424) Metaspace: 67292K(68480K)->67292K(68480K) NonClass: 58859K(59392K)->58859K(59392K) Class: 8433K(9088K)->8433K(9088K)
[102.772s][info][gc             ] GC(424) Pause Young (Allocation Failure) 838M->638M(932M) 25.666ms
[102.772s][info][gc,cpu         ] GC(424) User=0.69s Sys=0.00s Real=0.03s
[102.772s][info][gc,start       ] GC(425) Pause Full (Ergonomics)
[102.772s][info][gc,phases,start] GC(425) Marking Phase
[102.829s][info][gc,phases      ] GC(425) Marking Phase 56.660ms
[102.829s][info][gc,phases,start] GC(425) Summary Phase
[102.829s][info][gc,phases      ] GC(425) Summary Phase 0.025ms
[102.829s][info][gc,phases,start] GC(425) Adjust Roots
[102.838s][info][gc,phases      ] GC(425) Adjust Roots 9.840ms
[102.839s][info][gc,phases,start] GC(425) Compaction Phase
[102.867s][info][gc,phases      ] GC(425) Compaction Phase 28.549ms
[102.867s][info][gc,phases,start] GC(425) Post Compact
[102.871s][info][gc,phases      ] GC(425) Post Compact 3.405ms
[102.871s][info][gc,heap        ] GC(425) PSYoungGen: 15687K(282112K)->0K(285696K) Eden: 0K(218624K)->0K(224256K) From: 15687K(63488K)->0K(61440K)
[102.871s][info][gc,heap        ] GC(425) ParOldGen: 638060K(672768K)->163733K(676352K)
[102.871s][info][gc,metaspace   ] GC(425) Metaspace: 67292K(68480K)->67292K(68480K) NonClass: 58859K(59392K)->58859K(59392K) Class: 8433K(9088K)->8433K(9088K)
[102.871s][info][gc             ] GC(425) Pause Full (Ergonomics) 638M->159M(939M) 98.833ms
[102.871s][info][gc,cpu         ] GC(425) User=1.47s Sys=0.00s Real=0.09s
[102.982s][info][gc,start       ] GC(426) Pause Young (Allocation Failure)
[102.996s][info][gc,heap        ] GC(426) PSYoungGen: 224256K(285696K)->34528K(285696K) Eden: 224256K(224256K)->0K(224256K) From: 0K(61440K)->34528K(61440K)
[102.996s][info][gc,heap        ] GC(426) ParOldGen: 163733K(676352K)->163733K(676352K)
[102.996s][info][gc,metaspace   ] GC(426) Metaspace: 67298K(68480K)->67298K(68480K) NonClass: 58864K(59392K)->58864K(59392K) Class: 8433K(9088K)->8433K(9088K)
[102.996s][info][gc             ] GC(426) Pause Young (Allocation Failure) 378M->193M(939M) 14.557ms
[102.996s][info][gc,cpu         ] GC(426) User=0.00s Sys=0.00s Real=0.00s
[103.239s][info][gc,start       ] GC(427) Pause Young (Allocation Failure)
[103.269s][info][gc,heap        ] GC(427) PSYoungGen: 258784K(285696K)->44415K(280576K) Eden: 224256K(224256K)->0K(219136K) From: 34528K(61440K)->44415K(61440K)
[103.269s][info][gc,heap        ] GC(427) ParOldGen: 163733K(676352K)->193717K(676352K)
[103.269s][info][gc,metaspace   ] GC(427) Metaspace: 67298K(68480K)->67298K(68480K) NonClass: 58864K(59392K)->58864K(59392K) Class: 8433K(9088K)->8433K(9088K)
[103.269s][info][gc             ] GC(427) Pause Young (Allocation Failure) 412M->232M(934M) 30.357ms
[103.269s][info][gc,cpu         ] GC(427) User=0.69s Sys=0.00s Real=0.03s
[103.421s][info][gc,start       ] GC(428) Pause Young (Allocation Failure)
[103.444s][info][gc,heap        ] GC(428) PSYoungGen: 259611K(280576K)->63826K(283136K) Eden: 215195K(219136K)->0K(219136K) From: 44415K(61440K)->63826K(64000K)
[103.444s][info][gc,heap        ] GC(428) ParOldGen: 193717K(676352K)->223941K(676352K)
[103.444s][info][gc,metaspace   ] GC(428) Metaspace: 67299K(68480K)->67299K(68480K) NonClass: 58866K(59392K)->58866K(59392K) Class: 8433K(9088K)->8433K(9088K)
[103.444s][info][gc             ] GC(428) Pause Young (Allocation Failure) 442M->281M(937M) 22.615ms
[103.444s][info][gc,cpu         ] GC(428) User=0.34s Sys=0.00s Real=0.02s
[103.525s][info][gc,start       ] GC(429) Pause Young (Allocation Failure)
[103.548s][info][gc,heap        ] GC(429) PSYoungGen: 282962K(283136K)->56625K(254464K) Eden: 219136K(219136K)->0K(188416K) From: 63826K(64000K)->56625K(66048K)
[103.548s][info][gc,heap        ] GC(429) ParOldGen: 223941K(676352K)->237015K(676352K)
[103.548s][info][gc,metaspace   ] GC(429) Metaspace: 67304K(68480K)->67304K(68480K) NonClass: 58871K(59392K)->58871K(59392K) Class: 8433K(9088K)->8433K(9088K)
[103.548s][info][gc             ] GC(429) Pause Young (Allocation Failure) 495M->286M(909M) 23.319ms
[103.548s][info][gc,cpu         ] GC(429) User=0.25s Sys=0.00s Real=0.02s
[103.683s][info][gc,start       ] GC(430) Pause Young (Allocation Failure)
[103.718s][info][gc,heap        ] GC(430) PSYoungGen: 245041K(254464K)->36007K(268800K) Eden: 188416K(188416K)->0K(188416K) From: 56625K(66048K)->36007K(80384K)
[103.718s][info][gc,heap        ] GC(430) ParOldGen: 237015K(676352K)->258427K(676352K)
[103.718s][info][gc,metaspace   ] GC(430) Metaspace: 67336K(68544K)->67336K(68544K) NonClass: 58903K(59456K)->58903K(59456K) Class: 8433K(9088K)->8433K(9088K)
[103.718s][info][gc             ] GC(430) Pause Young (Allocation Failure) 470M->287M(923M) 35.004ms
[103.718s][info][gc,cpu         ] GC(430) User=0.48s Sys=0.00s Real=0.03s
[103.793s][info][gc,start       ] GC(431) Pause Young (Allocation Failure)
[103.822s][info][gc,heap        ] GC(431) PSYoungGen: 224423K(268800K)->48K(267264K) Eden: 188416K(188416K)->0K(192000K) From: 36007K(80384K)->48K(75264K)
[103.822s][info][gc,heap        ] GC(431) ParOldGen: 258427K(676352K)->294235K(676352K)
[103.822s][info][gc,metaspace   ] GC(431) Metaspace: 67336K(68544K)->67336K(68544K) NonClass: 58903K(59456K)->58903K(59456K) Class: 8433K(9088K)->8433K(9088K)
[103.822s][info][gc             ] GC(431) Pause Young (Allocation Failure) 471M->287M(921M) 29.406ms
[103.822s][info][gc,cpu         ] GC(431) User=0.69s Sys=0.00s Real=0.03s
[103.922s][info][gc,start       ] GC(432) Pause Young (Allocation Failure)
[104.149s][info][gc,heap        ] GC(432) PSYoungGen: 192048K(267264K)->42496K(269824K) Eden: 192000K(192000K)->0K(192000K) From: 48K(75264K)->42496K(77824K)
[104.149s][info][gc,heap        ] GC(432) ParOldGen: 294235K(676352K)->294235K(676352K)
[104.149s][info][gc,metaspace   ] GC(432) Metaspace: 67336K(68544K)->67336K(68544K) NonClass: 58903K(59456K)->58903K(59456K) Class: 8433K(9088K)->8433K(9088K)
[104.149s][info][gc             ] GC(432) Pause Young (Allocation Failure) 474M->328M(924M) 227.029ms
[104.149s][info][gc,cpu         ] GC(432) User=1.78s Sys=0.05s Real=0.23s
[104.232s][info][gc,start       ] GC(433) Pause Young (System.gc())
[104.234s][info][gc,heap        ] GC(433) PSYoungGen: 142794K(269824K)->160K(270336K) Eden: 100298K(192000K)->0K(192512K) From: 42496K(77824K)->160K(77824K)
[104.234s][info][gc,heap        ] GC(433) ParOldGen: 294235K(676352K)->294291K(676352K)
[104.234s][info][gc,metaspace   ] GC(433) Metaspace: 67336K(68544K)->67336K(68544K) NonClass: 58903K(59456K)->58903K(59456K) Class: 8433K(9088K)->8433K(9088K)
[104.234s][info][gc             ] GC(433) Pause Young (System.gc()) 426M->287M(924M) 1.657ms
[104.234s][info][gc,cpu         ] GC(433) User=0.00s Sys=0.00s Real=0.00s
[104.234s][info][gc,start       ] GC(434) Pause Full (System.gc())
[104.234s][info][gc,phases,start] GC(434) Marking Phase
[104.292s][info][gc,phases      ] GC(434) Marking Phase 57.739ms
[104.292s][info][gc,phases,start] GC(434) Summary Phase
[104.292s][info][gc,phases      ] GC(434) Summary Phase 0.016ms
[104.292s][info][gc,phases,start] GC(434) Adjust Roots
[104.305s][info][gc,phases      ] GC(434) Adjust Roots 12.608ms
[104.305s][info][gc,phases,start] GC(434) Compaction Phase
[104.334s][info][gc,phases      ] GC(434) Compaction Phase 29.251ms
[104.334s][info][gc,phases,start] GC(434) Post Compact
[104.336s][info][gc,phases      ] GC(434) Post Compact 1.672ms
[104.336s][info][gc,heap        ] GC(434) PSYoungGen: 160K(270336K)->0K(270336K) Eden: 0K(192512K)->0K(192512K) From: 160K(77824K)->0K(77824K)
[104.336s][info][gc,heap        ] GC(434) ParOldGen: 294291K(676352K)->148288K(676352K)
[104.336s][info][gc,metaspace   ] GC(434) Metaspace: 67336K(68544K)->67336K(68544K) NonClass: 58903K(59456K)->58903K(59456K) Class: 8433K(9088K)->8433K(9088K)
[104.336s][info][gc             ] GC(434) Pause Full (System.gc()) 287M->144M(924M) 101.600ms
[104.336s][info][gc,cpu         ] GC(434) User=1.42s Sys=0.00s Real=0.11s
[104.477s][info][gc,start       ] GC(435) Pause Young (Allocation Failure)
[104.501s][info][gc,heap        ] GC(435) PSYoungGen: 192512K(270336K)->59744K(252416K) Eden: 192512K(192512K)->0K(192512K) From: 0K(77824K)->59744K(59904K)
[104.501s][info][gc,heap        ] GC(435) ParOldGen: 148288K(676352K)->148288K(676352K)
[104.501s][info][gc,metaspace   ] GC(435) Metaspace: 67342K(68544K)->67342K(68544K) NonClass: 58909K(59456K)->58909K(59456K) Class: 8433K(9088K)->8433K(9088K)
[104.501s][info][gc             ] GC(435) Pause Young (Allocation Failure) 332M->203M(907M) 23.967ms
[104.501s][info][gc,cpu         ] GC(435) User=0.69s Sys=0.00s Real=0.03s
[104.592s][info][gc,start       ] GC(436) Pause Young (Allocation Failure)
[104.635s][info][gc,heap        ] GC(436) PSYoungGen: 252256K(252416K)->38848K(266752K) Eden: 192512K(192512K)->0K(181760K) From: 59744K(59904K)->38848K(84992K)
[104.635s][info][gc,heap        ] GC(436) ParOldGen: 148288K(676352K)->205825K(676352K)
[104.635s][info][gc,metaspace   ] GC(436) Metaspace: 67342K(68544K)->67342K(68544K) NonClass: 58909K(59456K)->58909K(59456K) Class: 8433K(9088K)->8433K(9088K)
[104.635s][info][gc             ] GC(436) Pause Young (Allocation Failure) 391M->238M(921M) 42.558ms
[104.635s][info][gc,cpu         ] GC(436) User=0.50s Sys=0.00s Real=0.03s
[104.727s][info][gc,start       ] GC(437) Pause Young (Allocation Failure)
[104.761s][info][gc,heap        ] GC(437) PSYoungGen: 220608K(266752K)->25408K(207360K) Eden: 181760K(181760K)->0K(181760K) From: 38848K(84992K)->25408K(25600K)
[104.761s][info][gc,heap        ] GC(437) ParOldGen: 205825K(676352K)->239873K(676352K)
[104.761s][info][gc,metaspace   ] GC(437) Metaspace: 67342K(68544K)->67342K(68544K) NonClass: 58909K(59456K)->58909K(59456K) Class: 8433K(9088K)->8433K(9088K)
[104.761s][info][gc             ] GC(437) Pause Young (Allocation Failure) 416M->259M(863M) 34.282ms
[104.761s][info][gc,cpu         ] GC(437) User=0.69s Sys=0.00s Real=0.03s
[104.861s][info][gc,start       ] GC(438) Pause Young (Allocation Failure)
[104.886s][info][gc,heap        ] GC(438) PSYoungGen: 206917K(207360K)->19760K(263680K) Eden: 181509K(181760K)->0K(184832K) From: 25408K(25600K)->19760K(78848K)
[104.887s][info][gc,heap        ] GC(438) ParOldGen: 239873K(676352K)->264609K(676352K)
[104.887s][info][gc,metaspace   ] GC(438) Metaspace: 67342K(68544K)->67342K(68544K) NonClass: 58909K(59456K)->58909K(59456K) Class: 8433K(9088K)->8433K(9088K)
[104.887s][info][gc             ] GC(438) Pause Young (Allocation Failure) 436M->277M(918M) 25.167ms
[104.887s][info][gc,cpu         ] GC(438) User=0.30s Sys=0.02s Real=0.03s
[105.005s][info][gc,start       ] GC(439) Pause Young (Allocation Failure)
[105.041s][info][gc,heap        ] GC(439) PSYoungGen: 204592K(263680K)->22208K(260608K) Eden: 184832K(184832K)->0K(184832K) From: 19760K(78848K)->22208K(75776K)
[105.041s][info][gc,heap        ] GC(439) ParOldGen: 264609K(676352K)->283769K(676352K)
[105.041s][info][gc,metaspace   ] GC(439) Metaspace: 67342K(68544K)->67342K(68544K) NonClass: 58909K(59456K)->58909K(59456K) Class: 8433K(9088K)->8433K(9088K)
[105.041s][info][gc             ] GC(439) Pause Young (Allocation Failure) 458M->298M(915M) 35.631ms
[105.041s][info][gc,cpu         ] GC(439) User=0.69s Sys=0.00s Real=0.03s
[105.144s][info][gc,start       ] GC(440) Pause Young (Allocation Failure)
[105.200s][info][gc,heap        ] GC(440) PSYoungGen: 207040K(260608K)->13728K(268800K) Eden: 184832K(184832K)->0K(196096K) From: 22208K(75776K)->13728K(72704K)
[105.200s][info][gc,heap        ] GC(440) ParOldGen: 283769K(676352K)->303033K(676352K)
[105.200s][info][gc,metaspace   ] GC(440) Metaspace: 67342K(68544K)->67342K(68544K) NonClass: 58909K(59456K)->58909K(59456K) Class: 8433K(9088K)->8433K(9088K)
[105.200s][info][gc             ] GC(440) Pause Young (Allocation Failure) 479M->309M(923M) 55.517ms
[105.200s][info][gc,cpu         ] GC(440) User=1.31s Sys=0.00s Real=0.06s
[105.311s][info][gc,start       ] GC(441) Pause Young (Allocation Failure)
[105.401s][info][gc,heap        ] GC(441) PSYoungGen: 209824K(268800K)->13952K(267264K) Eden: 196096K(196096K)->0K(196096K) From: 13728K(72704K)->13952K(71168K)
[105.401s][info][gc,heap        ] GC(441) ParOldGen: 303033K(676352K)->313721K(676352K)
[105.401s][info][gc,metaspace   ] GC(441) Metaspace: 67343K(68544K)->67343K(68544K) NonClass: 58909K(59456K)->58909K(59456K) Class: 8433K(9088K)->8433K(9088K)
[105.401s][info][gc             ] GC(441) Pause Young (Allocation Failure) 500M->319M(921M) 89.725ms
[105.401s][info][gc,cpu         ] GC(441) User=1.72s Sys=0.00s Real=0.08s
[105.543s][info][gc,start       ] GC(442) Pause Young (Allocation Failure)
[105.603s][info][gc,heap        ] GC(442) PSYoungGen: 210048K(267264K)->14496K(275968K) Eden: 196096K(196096K)->0K(207360K) From: 13952K(71168K)->14496K(68608K)
[105.603s][info][gc,heap        ] GC(442) ParOldGen: 313721K(676352K)->325137K(676352K)
[105.603s][info][gc,metaspace   ] GC(442) Metaspace: 67343K(68544K)->67343K(68544K) NonClass: 58909K(59456K)->58909K(59456K) Class: 8433K(9088K)->8433K(9088K)
[105.603s][info][gc             ] GC(442) Pause Young (Allocation Failure) 511M->331M(930M) 60.222ms
[105.603s][info][gc,cpu         ] GC(442) User=1.03s Sys=0.00s Real=0.05s
[105.820s][info][gc,start       ] GC(443) Pause Young (Allocation Failure)
[105.862s][info][gc,heap        ] GC(443) PSYoungGen: 221856K(275968K)->16768K(274432K) Eden: 207360K(207360K)->0K(207360K) From: 14496K(68608K)->16768K(67072K)
[105.862s][info][gc,heap        ] GC(443) ParOldGen: 325137K(676352K)->336185K(676352K)
[105.862s][info][gc,metaspace   ] GC(443) Metaspace: 67343K(68544K)->67343K(68544K) NonClass: 58910K(59456K)->58910K(59456K) Class: 8433K(9088K)->8433K(9088K)
[105.862s][info][gc             ] GC(443) Pause Young (Allocation Failure) 534M->344M(928M) 42.070ms
[105.862s][info][gc,cpu         ] GC(443) User=1.03s Sys=0.00s Real=0.05s
[106.189s][info][gc,start       ] GC(444) Pause Young (Allocation Failure)
[106.229s][info][gc,heap        ] GC(444) PSYoungGen: 224128K(274432K)->9491K(279552K) Eden: 207360K(207360K)->0K(215040K) From: 16768K(67072K)->9491K(64512K)
[106.229s][info][gc,heap        ] GC(444) ParOldGen: 336185K(676352K)->348089K(676352K)
[106.229s][info][gc,metaspace   ] GC(444) Metaspace: 67345K(68544K)->67345K(68544K) NonClass: 58912K(59456K)->58912K(59456K) Class: 8433K(9088K)->8433K(9088K)
[106.229s][info][gc             ] GC(444) Pause Young (Allocation Failure) 547M->349M(933M) 39.827ms
[106.229s][info][gc,cpu         ] GC(444) User=0.69s Sys=0.00s Real=0.03s
[106.637s][info][gc,start       ] GC(445) Pause Young (Allocation Failure)
[106.728s][info][gc,heap        ] GC(445) PSYoungGen: 224531K(279552K)->7840K(278016K) Eden: 215040K(215040K)->0K(215040K) From: 9491K(64512K)->7840K(62976K)
[106.728s][info][gc,heap        ] GC(445) ParOldGen: 348089K(676352K)->355556K(676352K)
[106.728s][info][gc,metaspace   ] GC(445) Metaspace: 67347K(68544K)->67347K(68544K) NonClass: 58913K(59456K)->58913K(59456K) Class: 8433K(9088K)->8433K(9088K)
[106.728s][info][gc             ] GC(445) Pause Young (Allocation Failure) 559M->354M(932M) 91.194ms
[106.728s][info][gc,cpu         ] GC(445) User=1.72s Sys=0.00s Real=0.08s
[107.351s][info][gc,start       ] GC(446) Pause Young (Allocation Failure)
[107.410s][info][gc,heap        ] GC(446) PSYoungGen: 222880K(278016K)->33919K(282624K) Eden: 215040K(215040K)->0K(221184K) From: 7840K(62976K)->33919K(61440K)
[107.410s][info][gc,heap        ] GC(446) ParOldGen: 355556K(676352K)->362700K(676352K)
[107.410s][info][gc,metaspace   ] GC(446) Metaspace: 67363K(68544K)->67363K(68544K) NonClass: 58929K(59456K)->58929K(59456K) Class: 8434K(9088K)->8434K(9088K)
[107.410s][info][gc             ] GC(446) Pause Young (Allocation Failure) 564M->387M(936M) 58.611ms
[107.410s][info][gc,cpu         ] GC(446) User=1.38s Sys=0.00s Real=0.06s
[107.520s][info][gc,start       ] GC(447) Pause Young (Allocation Failure)
[107.556s][info][gc,heap        ] GC(447) PSYoungGen: 255103K(282624K)->61920K(283136K) Eden: 221184K(221184K)->0K(221184K) From: 33919K(61440K)->61920K(61952K)
[107.556s][info][gc,heap        ] GC(447) ParOldGen: 362700K(676352K)->407904K(676352K)
[107.556s][info][gc,metaspace   ] GC(447) Metaspace: 67366K(68544K)->67366K(68544K) NonClass: 58932K(59456K)->58932K(59456K) Class: 8434K(9088K)->8434K(9088K)
[107.556s][info][gc             ] GC(447) Pause Young (Allocation Failure) 603M->458M(937M) 36.542ms
[107.556s][info][gc,cpu         ] GC(447) User=0.69s Sys=0.00s Real=0.03s
[107.655s][info][gc,start       ] GC(448) Pause Young (Allocation Failure)
[107.693s][info][gc,heap        ] GC(448) PSYoungGen: 283104K(283136K)->28544K(247296K) Eden: 221184K(221184K)->0K(181248K) From: 61920K(61952K)->28544K(66048K)
[107.693s][info][gc,heap        ] GC(448) ParOldGen: 407904K(676352K)->470072K(676352K)
[107.693s][info][gc,metaspace   ] GC(448) Metaspace: 67370K(68544K)->67370K(68544K) NonClass: 58936K(59456K)->58936K(59456K) Class: 8434K(9088K)->8434K(9088K)
[107.693s][info][gc             ] GC(448) Pause Young (Allocation Failure) 674M->486M(902M) 38.368ms
[107.693s][info][gc,cpu         ] GC(448) User=0.69s Sys=0.00s Real=0.03s
[107.775s][info][gc,start       ] GC(449) Pause Young (Allocation Failure)
[107.807s][info][gc,heap        ] GC(449) PSYoungGen: 209792K(247296K)->26464K(265216K) Eden: 181248K(181248K)->0K(181248K) From: 28544K(66048K)->26464K(83968K)
[107.807s][info][gc,heap        ] GC(449) ParOldGen: 470072K(676352K)->492640K(676352K)
[107.807s][info][gc,metaspace   ] GC(449) Metaspace: 67370K(68544K)->67370K(68544K) NonClass: 58936K(59456K)->58936K(59456K) Class: 8434K(9088K)->8434K(9088K)
[107.807s][info][gc             ] GC(449) Pause Young (Allocation Failure) 663M->506M(919M) 31.429ms
[107.807s][info][gc,cpu         ] GC(449) User=0.66s Sys=0.00s Real=0.03s
[107.895s][info][gc,start       ] GC(450) Pause Young (Allocation Failure)
[107.926s][info][gc,heap        ] GC(450) PSYoungGen: 207712K(265216K)->25120K(253440K) Eden: 181248K(181248K)->0K(185856K) From: 26464K(83968K)->25120K(67584K)
[107.926s][info][gc,heap        ] GC(450) ParOldGen: 492640K(676352K)->516064K(676352K)
[107.926s][info][gc,metaspace   ] GC(450) Metaspace: 67370K(68544K)->67370K(68544K) NonClass: 58936K(59456K)->58936K(59456K) Class: 8434K(9088K)->8434K(9088K)
[107.926s][info][gc             ] GC(450) Pause Young (Allocation Failure) 683M->528M(908M) 30.996ms
[107.926s][info][gc,cpu         ] GC(450) User=0.69s Sys=0.00s Real=0.03s
[108.017s][info][gc,start       ] GC(451) Pause Young (Allocation Failure)
[108.052s][info][gc,heap        ] GC(451) PSYoungGen: 210976K(253440K)->24160K(261632K) Eden: 185856K(185856K)->0K(185856K) From: 25120K(67584K)->24160K(75776K)
[108.052s][info][gc,heap        ] GC(451) ParOldGen: 516064K(676352K)->540528K(676352K)
[108.052s][info][gc,metaspace   ] GC(451) Metaspace: 67370K(68544K)->67370K(68544K) NonClass: 58936K(59456K)->58936K(59456K) Class: 8434K(9088K)->8434K(9088K)
[108.053s][info][gc             ] GC(451) Pause Young (Allocation Failure) 710M->551M(916M) 35.943ms
[108.053s][info][gc,cpu         ] GC(451) User=0.66s Sys=0.00s Real=0.03s
[108.137s][info][gc,start       ] GC(452) Pause Young (Allocation Failure)
[108.204s][info][gc,heap        ] GC(452) PSYoungGen: 210016K(261632K)->15744K(265728K) Eden: 185856K(185856K)->0K(201216K) From: 24160K(75776K)->15744K(64512K)
[108.204s][info][gc,heap        ] GC(452) ParOldGen: 540528K(676352K)->561592K(676352K)
[108.204s][info][gc,metaspace   ] GC(452) Metaspace: 67370K(68544K)->67370K(68544K) NonClass: 58936K(59456K)->58936K(59456K) Class: 8434K(9088K)->8434K(9088K)
[108.204s][info][gc             ] GC(452) Pause Young (Allocation Failure) 732M->563M(920M) 67.428ms
[108.205s][info][gc,cpu         ] GC(452) User=1.38s Sys=0.00s Real=0.06s
[108.304s][info][gc,start       ] GC(453) Pause Young (Allocation Failure)
[108.359s][info][gc,heap        ] GC(453) PSYoungGen: 216960K(265728K)->15712K(271360K) Eden: 201216K(201216K)->0K(201216K) From: 15744K(64512K)->15712K(70144K)
[108.359s][info][gc,heap        ] GC(453) ParOldGen: 561592K(676352K)->573832K(676352K)
[108.359s][info][gc,metaspace   ] GC(453) Metaspace: 67370K(68544K)->67370K(68544K) NonClass: 58936K(59456K)->58936K(59456K) Class: 8434K(9088K)->8434K(9088K)
[108.359s][info][gc             ] GC(453) Pause Young (Allocation Failure) 760M->575M(925M) 55.865ms
[108.360s][info][gc,cpu         ] GC(453) User=1.38s Sys=0.00s Real=0.06s
[108.479s][info][gc,start       ] GC(454) Pause Young (Allocation Failure)
[108.547s][info][gc,heap        ] GC(454) PSYoungGen: 216928K(271360K)->14016K(272896K) Eden: 201216K(201216K)->0K(210944K) From: 15712K(70144K)->14016K(61952K)
[108.547s][info][gc,heap        ] GC(454) ParOldGen: 573832K(676352K)->586136K(676352K)
[108.547s][info][gc,metaspace   ] GC(454) Metaspace: 67370K(68544K)->67370K(68544K) NonClass: 58936K(59456K)->58936K(59456K) Class: 8434K(9088K)->8434K(9088K)
[108.547s][info][gc             ] GC(454) Pause Young (Allocation Failure) 772M->586M(927M) 68.124ms
[108.547s][info][gc,cpu         ] GC(454) User=1.72s Sys=0.00s Real=0.08s
[109.202s][info][gc,start       ] GC(455) Pause Young (Allocation Failure)
[109.254s][info][gc,heap        ] GC(455) PSYoungGen: 224960K(272896K)->12883K(276992K) Eden: 210944K(210944K)->0K(210944K) From: 14016K(61952K)->12883K(66048K)
[109.254s][info][gc,heap        ] GC(455) ParOldGen: 586136K(676352K)->599000K(676352K)
[109.254s][info][gc,metaspace   ] GC(455) Metaspace: 67386K(68544K)->67386K(68544K) NonClass: 58952K(59456K)->58952K(59456K) Class: 8434K(9088K)->8434K(9088K)
[109.254s][info][gc             ] GC(455) Pause Young (Allocation Failure) 792M->597M(931M) 52.405ms
[109.254s][info][gc,cpu         ] GC(455) User=1.03s Sys=0.00s Real=0.05s
[109.502s][info][gc,start       ] GC(456) Pause Young (Allocation Failure)
[109.545s][info][gc,heap        ] GC(456) PSYoungGen: 223827K(276992K)->1473K(281088K) Eden: 210944K(210944K)->0K(219136K) From: 12883K(66048K)->1473K(61952K)
[109.545s][info][gc,heap        ] GC(456) ParOldGen: 599000K(676352K)->603670K(676352K)
[109.545s][info][gc,metaspace   ] GC(456) Metaspace: 67414K(68608K)->67414K(68608K) NonClass: 58980K(59520K)->58980K(59520K) Class: 8434K(9088K)->8434K(9088K)
[109.545s][info][gc             ] GC(456) Pause Young (Allocation Failure) 803M->590M(935M) 43.196ms
[109.545s][info][gc,cpu         ] GC(456) User=1.03s Sys=0.00s Real=0.05s
[109.713s][info][gc,start       ] GC(457) Pause Young (Allocation Failure)
[109.736s][info][gc,heap        ] GC(457) PSYoungGen: 220609K(281088K)->33856K(283136K) Eden: 219136K(219136K)->0K(219136K) From: 1473K(61952K)->33856K(64000K)
[109.736s][info][gc,heap        ] GC(457) ParOldGen: 603670K(676352K)->604427K(676352K)
[109.736s][info][gc,metaspace   ] GC(457) Metaspace: 67416K(68608K)->67416K(68608K) NonClass: 58981K(59520K)->58981K(59520K) Class: 8434K(9088K)->8434K(9088K)
[109.736s][info][gc             ] GC(457) Pause Young (Allocation Failure) 804M->623M(937M) 23.051ms
[109.736s][info][gc,cpu         ] GC(457) User=0.69s Sys=0.00s Real=0.03s
[109.951s][info][gc,start       ] GC(458) Pause Young (Allocation Failure)
[109.984s][info][gc,heap        ] GC(458) PSYoungGen: 252992K(283136K)->35458K(284672K) Eden: 219136K(219136K)->0K(220160K) From: 33856K(64000K)->35458K(64512K)
[109.984s][info][gc,heap        ] GC(458) ParOldGen: 604427K(676352K)->636035K(676352K)
[109.984s][info][gc,metaspace   ] GC(458) Metaspace: 67430K(68608K)->67430K(68608K) NonClass: 58996K(59520K)->58996K(59520K) Class: 8434K(9088K)->8434K(9088K)
[109.984s][info][gc             ] GC(458) Pause Young (Allocation Failure) 837M->655M(938M) 32.908ms
[109.984s][info][gc,cpu         ] GC(458) User=0.69s Sys=0.00s Real=0.03s
[109.984s][info][gc,start       ] GC(459) Pause Full (Ergonomics)
[109.984s][info][gc,phases,start] GC(459) Marking Phase
[110.041s][info][gc,phases      ] GC(459) Marking Phase 56.889ms
[110.041s][info][gc,phases,start] GC(459) Summary Phase
[110.041s][info][gc,phases      ] GC(459) Summary Phase 0.026ms
[110.041s][info][gc,phases,start] GC(459) Adjust Roots
[110.054s][info][gc,phases      ] GC(459) Adjust Roots 12.501ms
[110.054s][info][gc,phases,start] GC(459) Compaction Phase
[110.118s][info][gc,phases      ] GC(459) Compaction Phase 64.597ms
[110.118s][info][gc,phases,start] GC(459) Post Compact
[110.123s][info][gc,phases      ] GC(459) Post Compact 4.301ms
[110.123s][info][gc,heap        ] GC(459) PSYoungGen: 35458K(284672K)->0K(284672K) Eden: 0K(220160K)->0K(220160K) From: 35458K(64512K)->0K(64512K)
[110.123s][info][gc,heap        ] GC(459) ParOldGen: 636035K(676352K)->181676K(699392K)
[110.123s][info][gc,metaspace   ] GC(459) Metaspace: 67430K(68608K)->67430K(68608K) NonClass: 58996K(59520K)->58996K(59520K) Class: 8434K(9088K)->8434K(9088K)
[110.123s][info][gc             ] GC(459) Pause Full (Ergonomics) 655M->177M(961M) 138.959ms
[110.123s][info][gc,cpu         ] GC(459) User=1.27s Sys=0.00s Real=0.14s
[110.444s][info][gc,start       ] GC(460) Pause Young (Allocation Failure)
[110.448s][info][gc,heap        ] GC(460) PSYoungGen: 220160K(284672K)->5716K(283648K) Eden: 220160K(220160K)->0K(220160K) From: 0K(64512K)->5716K(63488K)
[110.448s][info][gc,heap        ] GC(460) ParOldGen: 181676K(699392K)->181676K(699392K)
[110.448s][info][gc,metaspace   ] GC(460) Metaspace: 67440K(68608K)->67440K(68608K) NonClass: 59006K(59520K)->59006K(59520K) Class: 8434K(9088K)->8434K(9088K)
[110.448s][info][gc             ] GC(460) Pause Young (Allocation Failure) 392M->183M(960M) 3.653ms
[110.448s][info][gc,cpu         ] GC(460) User=0.00s Sys=0.00s Real=0.00s
[110.551s][info][gc,start       ] GC(461) Pause Young (Allocation Failure)
[110.567s][info][gc,heap        ] GC(461) PSYoungGen: 225876K(283648K)->32928K(284160K) Eden: 220160K(220160K)->0K(220160K) From: 5716K(63488K)->32928K(64000K)
[110.567s][info][gc,heap        ] GC(461) ParOldGen: 181676K(699392K)->186140K(699392K)
[110.567s][info][gc,metaspace   ] GC(461) Metaspace: 67440K(68608K)->67440K(68608K) NonClass: 59006K(59520K)->59006K(59520K) Class: 8434K(9088K)->8434K(9088K)
[110.567s][info][gc             ] GC(461) Pause Young (Allocation Failure) 398M->213M(960M) 16.126ms
[110.567s][info][gc,cpu         ] GC(461) User=0.36s Sys=0.00s Real=0.02s
[110.661s][info][gc,start       ] GC(462) Pause Young (Allocation Failure)
[110.694s][info][gc,heap        ] GC(462) PSYoungGen: 253088K(284160K)->41984K(279552K) Eden: 220160K(220160K)->0K(216064K) From: 32928K(64000K)->41984K(63488K)
[110.694s][info][gc,heap        ] GC(462) ParOldGen: 186140K(699392K)->214676K(699392K)
[110.694s][info][gc,metaspace   ] GC(462) Metaspace: 67440K(68608K)->67440K(68608K) NonClass: 59006K(59520K)->59006K(59520K) Class: 8434K(9088K)->8434K(9088K)
[110.694s][info][gc             ] GC(462) Pause Young (Allocation Failure) 428M->250M(956M) 33.111ms
[110.694s][info][gc,cpu         ] GC(462) User=0.69s Sys=0.00s Real=0.03s
[110.998s][info][gc,start       ] GC(463) Pause Young (Allocation Failure)
[111.026s][info][gc,heap        ] GC(463) PSYoungGen: 258048K(279552K)->66557K(282624K) Eden: 216064K(216064K)->0K(216064K) From: 41984K(63488K)->66557K(66560K)
[111.026s][info][gc,heap        ] GC(463) ParOldGen: 214676K(699392K)->254908K(699392K)
[111.026s][info][gc,metaspace   ] GC(463) Metaspace: 67440K(68608K)->67440K(68608K) NonClass: 59006K(59520K)->59006K(59520K) Class: 8434K(9088K)->8434K(9088K)
[111.026s][info][gc             ] GC(463) Pause Young (Allocation Failure) 461M->313M(959M) 28.074ms
[111.026s][info][gc,cpu         ] GC(463) User=0.69s Sys=0.00s Real=0.03s
[111.082s][info][gc,start       ] GC(464) Pause Young (Allocation Failure)
[111.102s][info][gc,heap        ] GC(464) PSYoungGen: 282621K(282624K)->66539K(196608K) Eden: 216064K(216064K)->0K(130048K) From: 66557K(66560K)->66539K(66560K)
[111.102s][info][gc,heap        ] GC(464) ParOldGen: 254908K(699392K)->283170K(699392K)
[111.102s][info][gc,metaspace   ] GC(464) Metaspace: 67447K(68608K)->67447K(68608K) NonClass: 59012K(59520K)->59012K(59520K) Class: 8434K(9088K)->8434K(9088K)
[111.102s][info][gc             ] GC(464) Pause Young (Allocation Failure) 524M->341M(875M) 20.206ms
[111.102s][info][gc,cpu         ] GC(464) User=0.36s Sys=0.00s Real=0.02s
[111.141s][info][gc,start       ] GC(465) Pause Young (Allocation Failure)
[111.160s][info][gc,heap        ] GC(465) PSYoungGen: 196587K(196608K)->29248K(239616K) Eden: 130048K(130048K)->0K(130048K) From: 66539K(66560K)->29248K(109568K)
[111.160s][info][gc,heap        ] GC(465) ParOldGen: 283170K(699392K)->345829K(699392K)
[111.160s][info][gc,metaspace   ] GC(465) Metaspace: 67447K(68608K)->67447K(68608K) NonClass: 59012K(59520K)->59012K(59520K) Class: 8434K(9088K)->8434K(9088K)
[111.160s][info][gc             ] GC(465) Pause Young (Allocation Failure) 468M->366M(917M) 18.911ms
[111.160s][info][gc,cpu         ] GC(465) User=0.69s Sys=0.00s Real=0.03s
[111.234s][info][gc,start       ] GC(466) Pause Young (Allocation Failure)
[111.271s][info][gc,heap        ] GC(466) PSYoungGen: 159296K(239616K)->44999K(225792K) Eden: 130048K(130048K)->0K(135680K) From: 29248K(109568K)->44999K(90112K)
[111.271s][info][gc,heap        ] GC(466) ParOldGen: 345829K(699392K)->368493K(699392K)
[111.272s][info][gc,metaspace   ] GC(466) Metaspace: 67447K(68608K)->67447K(68608K) NonClass: 59012K(59520K)->59012K(59520K) Class: 8434K(9088K)->8434K(9088K)
[111.272s][info][gc             ] GC(466) Pause Young (Allocation Failure) 493M->403M(903M) 37.502ms
[111.272s][info][gc,cpu         ] GC(466) User=1.03s Sys=0.00s Real=0.05s
[111.324s][info][gc,start       ] GC(467) Pause Young (Allocation Failure)
[111.354s][info][gc,heap        ] GC(467) PSYoungGen: 180679K(225792K)->96K(235520K) Eden: 135680K(135680K)->0K(135680K) From: 44999K(90112K)->96K(99840K)
[111.354s][info][gc,heap        ] GC(467) ParOldGen: 368493K(699392K)->415671K(699392K)
[111.354s][info][gc,metaspace   ] GC(467) Metaspace: 67447K(68608K)->67447K(68608K) NonClass: 59012K(59520K)->59012K(59520K) Class: 8434K(9088K)->8434K(9088K)
[111.354s][info][gc             ] GC(467) Pause Young (Allocation Failure) 536M->406M(913M) 29.155ms
[111.354s][info][gc,cpu         ] GC(467) User=0.66s Sys=0.00s Real=0.03s
[111.407s][info][gc,start       ] GC(468) Pause Young (Allocation Failure)
[111.411s][info][gc,heap        ] GC(468) PSYoungGen: 135776K(235520K)->64K(248832K) Eden: 135680K(135680K)->0K(148992K) From: 96K(99840K)->64K(99840K)
[111.411s][info][gc,heap        ] GC(468) ParOldGen: 415671K(699392K)->415671K(699392K)
[111.411s][info][gc,metaspace   ] GC(468) Metaspace: 67447K(68608K)->67447K(68608K) NonClass: 59012K(59520K)->59012K(59520K) Class: 8434K(9088K)->8434K(9088K)
[111.411s][info][gc             ] GC(468) Pause Young (Allocation Failure) 538M->405M(926M) 3.516ms
[111.411s][info][gc,cpu         ] GC(468) User=0.00s Sys=0.00s Real=0.00s
[111.509s][info][gc,start       ] GC(469) Pause Young (Allocation Failure)
[111.718s][info][gc,heap        ] GC(469) PSYoungGen: 149056K(248832K)->42560K(192000K) Eden: 148992K(148992K)->0K(148992K) From: 64K(99840K)->42560K(43008K)
[111.718s][info][gc,heap        ] GC(469) ParOldGen: 415671K(699392K)->415671K(699392K)
[111.718s][info][gc,metaspace   ] GC(469) Metaspace: 67447K(68608K)->67447K(68608K) NonClass: 59012K(59520K)->59012K(59520K) Class: 8434K(9088K)->8434K(9088K)
[111.718s][info][gc             ] GC(469) Pause Young (Allocation Failure) 551M->447M(870M) 208.452ms
[111.718s][info][gc,cpu         ] GC(469) User=1.77s Sys=0.06s Real=0.21s
[111.796s][info][gc,start       ] GC(470) Pause Young (System.gc())
[111.800s][info][gc,heap        ] GC(470) PSYoungGen: 138180K(192000K)->128K(244736K) Eden: 95620K(148992K)->0K(149504K) From: 42560K(43008K)->128K(95232K)
[111.800s][info][gc,heap        ] GC(470) ParOldGen: 415671K(699392K)->415719K(699392K)
[111.800s][info][gc,metaspace   ] GC(470) Metaspace: 67447K(68608K)->67447K(68608K) NonClass: 59012K(59520K)->59012K(59520K) Class: 8434K(9088K)->8434K(9088K)
[111.800s][info][gc             ] GC(470) Pause Young (System.gc()) 540M->406M(922M) 3.527ms
[111.800s][info][gc,cpu         ] GC(470) User=0.00s Sys=0.00s Real=0.00s
[111.800s][info][gc,start       ] GC(471) Pause Full (System.gc())
[111.800s][info][gc,phases,start] GC(471) Marking Phase
[111.860s][info][gc,phases      ] GC(471) Marking Phase 59.566ms
[111.860s][info][gc,phases,start] GC(471) Summary Phase
[111.860s][info][gc,phases      ] GC(471) Summary Phase 0.017ms
[111.860s][info][gc,phases,start] GC(471) Adjust Roots
[111.873s][info][gc,phases      ] GC(471) Adjust Roots 12.908ms
[111.873s][info][gc,phases,start] GC(471) Compaction Phase
[111.904s][info][gc,phases      ] GC(471) Compaction Phase 31.091ms
[111.904s][info][gc,phases,start] GC(471) Post Compact
[111.906s][info][gc,phases      ] GC(471) Post Compact 2.260ms
[111.906s][info][gc,heap        ] GC(471) PSYoungGen: 128K(244736K)->0K(244736K) Eden: 0K(149504K)->0K(149504K) From: 128K(95232K)->0K(95232K)
[111.906s][info][gc,heap        ] GC(471) ParOldGen: 415719K(699392K)->148403K(699392K)
[111.906s][info][gc,metaspace   ] GC(471) Metaspace: 67447K(68608K)->67447K(68608K) NonClass: 59012K(59520K)->59012K(59520K) Class: 8434K(9088K)->8434K(9088K)
[111.906s][info][gc             ] GC(471) Pause Full (System.gc()) 406M->144M(922M) 106.183ms
[111.907s][info][gc,cpu         ] GC(471) User=1.20s Sys=0.00s Real=0.11s
[112.013s][info][gc,start       ] GC(472) Pause Young (Allocation Failure)
[112.028s][info][gc,heap        ] GC(472) PSYoungGen: 149504K(244736K)->44128K(245760K) Eden: 149504K(149504K)->0K(149504K) From: 0K(95232K)->44128K(96256K)
[112.028s][info][gc,heap        ] GC(472) ParOldGen: 148403K(699392K)->148403K(699392K)
[112.028s][info][gc,metaspace   ] GC(472) Metaspace: 67457K(68608K)->67457K(68608K) NonClass: 59023K(59520K)->59023K(59520K) Class: 8434K(9088K)->8434K(9088K)
[112.028s][info][gc             ] GC(472) Pause Young (Allocation Failure) 290M->188M(923M) 15.227ms
[112.028s][info][gc,cpu         ] GC(472) User=0.36s Sys=0.00s Real=0.02s
[112.106s][info][gc,start       ] GC(473) Pause Young (Allocation Failure)
[112.141s][info][gc,heap        ] GC(473) PSYoungGen: 193632K(245760K)->49728K(252416K) Eden: 149504K(149504K)->0K(157184K) From: 44128K(96256K)->49728K(95232K)
[112.141s][info][gc,heap        ] GC(473) ParOldGen: 148403K(699392K)->184214K(699392K)
[112.141s][info][gc,metaspace   ] GC(473) Metaspace: 67457K(68608K)->67457K(68608K) NonClass: 59023K(59520K)->59023K(59520K) Class: 8434K(9088K)->8434K(9088K)
[112.141s][info][gc             ] GC(473) Pause Young (Allocation Failure) 334M->228M(929M) 34.808ms
[112.141s][info][gc,cpu         ] GC(473) User=0.72s Sys=0.00s Real=0.02s
[112.206s][info][gc,start       ] GC(474) Pause Young (Allocation Failure)
[112.243s][info][gc,heap        ] GC(474) PSYoungGen: 206912K(252416K)->20480K(178176K) Eden: 157184K(157184K)->0K(157184K) From: 49728K(95232K)->20480K(20992K)
[112.244s][info][gc,heap        ] GC(474) ParOldGen: 184214K(699392K)->232894K(699392K)
[112.244s][info][gc,metaspace   ] GC(474) Metaspace: 67457K(68608K)->67457K(68608K) NonClass: 59023K(59520K)->59023K(59520K) Class: 8434K(9088K)->8434K(9088K)
[112.244s][info][gc             ] GC(474) Pause Young (Allocation Failure) 381M->247M(857M) 37.822ms
[112.244s][info][gc,cpu         ] GC(474) User=1.03s Sys=0.00s Real=0.05s
[112.339s][info][gc,start       ] GC(475) Pause Young (Allocation Failure)
[112.362s][info][gc,heap        ] GC(475) PSYoungGen: 177664K(178176K)->24736K(254976K) Eden: 157184K(157184K)->0K(163328K) From: 20480K(20992K)->24736K(91648K)
[112.362s][info][gc,heap        ] GC(475) ParOldGen: 232894K(699392K)->248326K(699392K)
[112.362s][info][gc,metaspace   ] GC(475) Metaspace: 67457K(68608K)->67457K(68608K) NonClass: 59023K(59520K)->59023K(59520K) Class: 8434K(9088K)->8434K(9088K)
[112.362s][info][gc             ] GC(475) Pause Young (Allocation Failure) 400M->266M(932M) 23.697ms
[112.362s][info][gc,cpu         ] GC(475) User=0.33s Sys=0.00s Real=0.02s
[112.460s][info][gc,start       ] GC(476) Pause Young (Allocation Failure)
[112.489s][info][gc,heap        ] GC(476) PSYoungGen: 187486K(254976K)->21632K(249856K) Eden: 162750K(163328K)->0K(163328K) From: 24736K(91648K)->21632K(86528K)
[112.489s][info][gc,heap        ] GC(476) ParOldGen: 248326K(699392K)->264382K(699392K)
[112.489s][info][gc,metaspace   ] GC(476) Metaspace: 67457K(68608K)->67457K(68608K) NonClass: 59023K(59520K)->59023K(59520K) Class: 8434K(9088K)->8434K(9088K)
[112.489s][info][gc             ] GC(476) Pause Young (Allocation Failure) 425M->279M(927M) 28.445ms
[112.489s][info][gc,cpu         ] GC(476) User=0.61s Sys=0.05s Real=0.03s
[112.586s][info][gc,start       ] GC(477) Pause Young (Allocation Failure)
[112.616s][info][gc,heap        ] GC(477) PSYoungGen: 184960K(249856K)->16768K(257024K) Eden: 163328K(163328K)->0K(174080K) From: 21632K(86528K)->16768K(82944K)
[112.616s][info][gc,heap        ] GC(477) ParOldGen: 264382K(699392K)->284926K(699392K)
[112.616s][info][gc,metaspace   ] GC(477) Metaspace: 67457K(68608K)->67457K(68608K) NonClass: 59023K(59520K)->59023K(59520K) Class: 8434K(9088K)->8434K(9088K)
[112.616s][info][gc             ] GC(477) Pause Young (Allocation Failure) 438M->294M(934M) 30.692ms
[112.616s][info][gc,cpu         ] GC(477) User=0.69s Sys=0.00s Real=0.03s
[112.715s][info][gc,start       ] GC(478) Pause Young (Allocation Failure)
[112.770s][info][gc,heap        ] GC(478) PSYoungGen: 190848K(257024K)->13152K(253952K) Eden: 174080K(174080K)->0K(174080K) From: 16768K(82944K)->13152K(79872K)
[112.770s][info][gc,heap        ] GC(478) ParOldGen: 284926K(699392K)->302950K(699392K)
[112.770s][info][gc,metaspace   ] GC(478) Metaspace: 67457K(68608K)->67457K(68608K) NonClass: 59023K(59520K)->59023K(59520K) Class: 8434K(9088K)->8434K(9088K)
[112.770s][info][gc             ] GC(478) Pause Young (Allocation Failure) 464M->308M(931M) 55.368ms
[112.770s][info][gc,cpu         ] GC(478) User=1.03s Sys=0.00s Real=0.05s
[112.865s][info][gc,start       ] GC(479) Pause Young (Allocation Failure)
[112.920s][info][gc,heap        ] GC(479) PSYoungGen: 187232K(253952K)->12864K(266240K) Eden: 174080K(174080K)->0K(188928K) From: 13152K(79872K)->12864K(77312K)
[112.920s][info][gc,heap        ] GC(479) ParOldGen: 302950K(699392K)->313166K(699392K)
[112.920s][info][gc,metaspace   ] GC(479) Metaspace: 67457K(68608K)->67457K(68608K) NonClass: 59023K(59520K)->59023K(59520K) Class: 8434K(9088K)->8434K(9088K)
[112.920s][info][gc             ] GC(479) Pause Young (Allocation Failure) 478M->318M(943M) 54.963ms
[112.920s][info][gc,cpu         ] GC(479) User=1.38s Sys=0.00s Real=0.06s
[113.058s][info][gc,start       ] GC(480) Pause Young (Allocation Failure)
[113.116s][info][gc,heap        ] GC(480) PSYoungGen: 201792K(266240K)->14240K(263680K) Eden: 188928K(188928K)->0K(188928K) From: 12864K(77312K)->14240K(74752K)
[113.116s][info][gc,heap        ] GC(480) ParOldGen: 313166K(699392K)->323734K(699392K)
[113.116s][info][gc,metaspace   ] GC(480) Metaspace: 67457K(68608K)->67457K(68608K) NonClass: 59023K(59520K)->59023K(59520K) Class: 8434K(9088K)->8434K(9088K)
[113.116s][info][gc             ] GC(480) Pause Young (Allocation Failure) 502M->330M(940M) 58.260ms
[113.116s][info][gc,cpu         ] GC(480) User=1.03s Sys=0.00s Real=0.05s
[113.286s][info][gc,start       ] GC(481) Pause Young (Allocation Failure)
[113.328s][info][gc,heap        ] GC(481) PSYoungGen: 203168K(263680K)->16416K(271360K) Eden: 188928K(188928K)->0K(200192K) From: 14240K(74752K)->16416K(71168K)
[113.328s][info][gc,heap        ] GC(481) ParOldGen: 323734K(699392K)->336318K(699392K)
[113.328s][info][gc,metaspace   ] GC(481) Metaspace: 67457K(68608K)->67457K(68608K) NonClass: 59023K(59520K)->59023K(59520K) Class: 8434K(9088K)->8434K(9088K)
[113.328s][info][gc             ] GC(481) Pause Young (Allocation Failure) 514M->344M(948M) 42.120ms
[113.328s][info][gc,cpu         ] GC(481) User=1.03s Sys=0.00s Real=0.05s
[113.598s][info][gc,start       ] GC(482) Pause Young (Allocation Failure)
[113.645s][info][gc,heap        ] GC(482) PSYoungGen: 216608K(271360K)->11795K(268800K) Eden: 200192K(200192K)->0K(200192K) From: 16416K(71168K)->11795K(68608K)
[113.645s][info][gc,heap        ] GC(482) ParOldGen: 336318K(699392K)->349270K(699392K)
[113.645s][info][gc,metaspace   ] GC(482) Metaspace: 67457K(68608K)->67457K(68608K) NonClass: 59023K(59520K)->59023K(59520K) Class: 8434K(9088K)->8434K(9088K)
[113.645s][info][gc             ] GC(482) Pause Young (Allocation Failure) 539M->352M(945M) 46.490ms
[113.645s][info][gc,cpu         ] GC(482) User=1.03s Sys=0.00s Real=0.05s
[114.018s][info][gc,start       ] GC(483) Pause Young (Allocation Failure)
[114.120s][info][gc,heap        ] GC(483) PSYoungGen: 211987K(268800K)->7392K(276992K) Eden: 200192K(200192K)->0K(210944K) From: 11795K(68608K)->7392K(66048K)
[114.121s][info][gc,heap        ] GC(483) ParOldGen: 349270K(699392K)->357185K(699392K)
[114.121s][info][gc,metaspace   ] GC(483) Metaspace: 67458K(68608K)->67458K(68608K) NonClass: 59023K(59520K)->59023K(59520K) Class: 8434K(9088K)->8434K(9088K)
[114.121s][info][gc             ] GC(483) Pause Young (Allocation Failure) 548M->356M(953M) 102.510ms
[114.121s][info][gc,cpu         ] GC(483) User=2.06s Sys=0.00s Real=0.09s
[114.800s][info][gc,start       ] GC(484) Pause Young (Allocation Failure)
[114.877s][info][gc,heap        ] GC(484) PSYoungGen: 218336K(276992K)->30101K(275456K) Eden: 210944K(210944K)->0K(210944K) From: 7392K(66048K)->30101K(64512K)
[114.877s][info][gc,heap        ] GC(484) ParOldGen: 357185K(699392K)->363129K(699392K)
[114.877s][info][gc,metaspace   ] GC(484) Metaspace: 67485K(68672K)->67485K(68672K) NonClass: 59050K(59584K)->59050K(59584K) Class: 8434K(9088K)->8434K(9088K)
[114.877s][info][gc             ] GC(484) Pause Young (Allocation Failure) 562M->384M(952M) 76.511ms
[114.877s][info][gc,cpu         ] GC(484) User=1.72s Sys=0.00s Real=0.08s
[115.053s][info][gc,start       ] GC(485) Pause Young (Allocation Failure)
[115.090s][info][gc,heap        ] GC(485) PSYoungGen: 241045K(275456K)->57056K(268288K) Eden: 210944K(210944K)->0K(204800K) From: 30101K(64512K)->57056K(63488K)
[115.090s][info][gc,heap        ] GC(485) ParOldGen: 363129K(699392K)->383896K(699392K)
[115.090s][info][gc,metaspace   ] GC(485) Metaspace: 67485K(68672K)->67485K(68672K) NonClass: 59050K(59584K)->59050K(59584K) Class: 8434K(9088K)->8434K(9088K)
[115.090s][info][gc             ] GC(485) Pause Young (Allocation Failure) 590M->430M(945M) 36.991ms
[115.090s][info][gc,cpu         ] GC(485) User=1.03s Sys=0.00s Real=0.05s
[115.178s][info][gc,start       ] GC(486) Pause Young (Allocation Failure)
[115.237s][info][gc,heap        ] GC(486) PSYoungGen: 261856K(268288K)->49792K(254976K) Eden: 204800K(204800K)->0K(204800K) From: 57056K(63488K)->49792K(50176K)
[115.237s][info][gc,heap        ] GC(486) ParOldGen: 383896K(699392K)->438664K(699392K)
[115.237s][info][gc,metaspace   ] GC(486) Metaspace: 67485K(68672K)->67485K(68672K) NonClass: 59050K(59584K)->59050K(59584K) Class: 8434K(9088K)->8434K(9088K)
[115.237s][info][gc             ] GC(486) Pause Young (Allocation Failure) 630M->477M(932M) 58.969ms
[115.237s][info][gc,cpu         ] GC(486) User=1.38s Sys=0.00s Real=0.06s
[115.331s][info][gc,start       ] GC(487) Pause Young (Allocation Failure)
[115.368s][info][gc,heap        ] GC(487) PSYoungGen: 254592K(254976K)->30528K(276480K) Eden: 204800K(204800K)->0K(199680K) From: 49792K(50176K)->30528K(76800K)
[115.368s][info][gc,heap        ] GC(487) ParOldGen: 438664K(699392K)->485592K(699392K)
[115.368s][info][gc,metaspace   ] GC(487) Metaspace: 67485K(68672K)->67485K(68672K) NonClass: 59050K(59584K)->59050K(59584K) Class: 8434K(9088K)->8434K(9088K)
[115.368s][info][gc             ] GC(487) Pause Young (Allocation Failure) 677M->504M(953M) 36.810ms
[115.368s][info][gc,cpu         ] GC(487) User=0.69s Sys=0.00s Real=0.03s
[115.455s][info][gc,start       ] GC(488) Pause Young (Allocation Failure)
[115.485s][info][gc,heap        ] GC(488) PSYoungGen: 230208K(276480K)->19872K(219648K) Eden: 199680K(199680K)->0K(199680K) From: 30528K(76800K)->19872K(19968K)
[115.485s][info][gc,heap        ] GC(488) ParOldGen: 485592K(699392K)->511736K(699392K)
[115.485s][info][gc,metaspace   ] GC(488) Metaspace: 67485K(68672K)->67485K(68672K) NonClass: 59050K(59584K)->59050K(59584K) Class: 8434K(9088K)->8434K(9088K)
[115.486s][info][gc             ] GC(488) Pause Young (Allocation Failure) 699M->519M(897M) 30.878ms
[115.486s][info][gc,cpu         ] GC(488) User=0.34s Sys=0.00s Real=0.02s
[115.592s][info][gc,start       ] GC(489) Pause Young (Allocation Failure)
[115.669s][info][gc,heap        ] GC(489) PSYoungGen: 219552K(219648K)->38016K(269312K) Eden: 199680K(199680K)->0K(199680K) From: 19872K(19968K)->38016K(69632K)
[115.669s][info][gc,heap        ] GC(489) ParOldGen: 511736K(699392K)->529648K(699392K)
[115.669s][info][gc,metaspace   ] GC(489) Metaspace: 67485K(68672K)->67485K(68672K) NonClass: 59050K(59584K)->59050K(59584K) Class: 8434K(9088K)->8434K(9088K)
[115.669s][info][gc             ] GC(489) Pause Young (Allocation Failure) 714M->554M(946M) 76.277ms
[115.669s][info][gc,cpu         ] GC(489) User=1.64s Sys=0.00s Real=0.08s
[115.762s][info][gc,start       ] GC(490) Pause Young (Allocation Failure)
[115.796s][info][gc,heap        ] GC(490) PSYoungGen: 237696K(269312K)->16960K(269312K) Eden: 199680K(199680K)->0K(199680K) From: 38016K(69632K)->16960K(69632K)
[115.796s][info][gc,heap        ] GC(490) ParOldGen: 529648K(699392K)->561008K(699392K)
[115.796s][info][gc,metaspace   ] GC(490) Metaspace: 67485K(68672K)->67485K(68672K) NonClass: 59050K(59584K)->59050K(59584K) Class: 8434K(9088K)->8434K(9088K)
[115.796s][info][gc             ] GC(490) Pause Young (Allocation Failure) 749M->564M(946M) 33.966ms
[115.796s][info][gc,cpu         ] GC(490) User=0.69s Sys=0.00s Real=0.03s
[115.889s][info][gc,start       ] GC(491) Pause Young (Allocation Failure)
[115.947s][info][gc,heap        ] GC(491) PSYoungGen: 216640K(269312K)->15840K(277504K) Eden: 199680K(199680K)->0K(211968K) From: 16960K(69632K)->15840K(65536K)
[115.947s][info][gc,heap        ] GC(491) ParOldGen: 561008K(699392K)->574416K(699392K)
[115.947s][info][gc,metaspace   ] GC(491) Metaspace: 67485K(68672K)->67485K(68672K) NonClass: 59050K(59584K)->59050K(59584K) Class: 8434K(9088K)->8434K(9088K)
[115.947s][info][gc             ] GC(491) Pause Young (Allocation Failure) 759M->576M(954M) 58.278ms
[115.947s][info][gc,cpu         ] GC(491) User=1.38s Sys=0.00s Real=0.06s
[116.076s][info][gc,start       ] GC(492) Pause Young (Allocation Failure)
[116.145s][info][gc,heap        ] GC(492) PSYoungGen: 227808K(277504K)->14688K(277504K) Eden: 211968K(211968K)->0K(211968K) From: 15840K(65536K)->14688K(65536K)
[116.145s][info][gc,heap        ] GC(492) ParOldGen: 574416K(699392K)->587064K(699392K)
[116.145s][info][gc,metaspace   ] GC(492) Metaspace: 67485K(68672K)->67485K(68672K) NonClass: 59050K(59584K)->59050K(59584K) Class: 8434K(9088K)->8434K(9088K)
[116.145s][info][gc             ] GC(492) Pause Young (Allocation Failure) 783M->587M(954M) 69.033ms
[116.145s][info][gc,cpu         ] GC(492) User=1.38s Sys=0.00s Real=0.06s
[116.823s][info][gc,start       ] GC(493) Pause Young (Allocation Failure)
[116.883s][info][gc,heap        ] GC(493) PSYoungGen: 226656K(277504K)->8167K(282624K) Eden: 211968K(211968K)->0K(219136K) From: 14688K(65536K)->8167K(63488K)
[116.883s][info][gc,heap        ] GC(493) ParOldGen: 587064K(699392K)->600752K(699392K)
[116.883s][info][gc,metaspace   ] GC(493) Metaspace: 67504K(68672K)->67504K(68672K) NonClass: 59068K(59584K)->59068K(59584K) Class: 8435K(9088K)->8435K(9088K)
[116.883s][info][gc             ] GC(493) Pause Young (Allocation Failure) 794M->594M(959M) 59.979ms
[116.883s][info][gc,cpu         ] GC(493) User=1.38s Sys=0.00s Real=0.06s
[117.096s][info][gc,start       ] GC(494) Pause Young (Allocation Failure)
[117.144s][info][gc,heap        ] GC(494) PSYoungGen: 225063K(282624K)->384K(281600K) Eden: 216895K(219136K)->0K(219136K) From: 8167K(63488K)->384K(62464K)
[117.144s][info][gc,heap        ] GC(494) ParOldGen: 600752K(699392K)->606638K(699392K)
[117.144s][info][gc,metaspace   ] GC(494) Metaspace: 67508K(68672K)->67508K(68672K) NonClass: 59073K(59584K)->59073K(59584K) Class: 8435K(9088K)->8435K(9088K)
[117.144s][info][gc             ] GC(494) Pause Young (Allocation Failure) 806M->592M(958M) 48.662ms
[117.145s][info][gc,cpu         ] GC(494) User=1.08s Sys=0.00s Real=0.05s
[117.319s][info][gc,start       ] GC(495) Pause Young (Allocation Failure)
[117.341s][info][gc,heap        ] GC(495) PSYoungGen: 219520K(281600K)->32480K(285696K) Eden: 219136K(219136K)->0K(223232K) From: 384K(62464K)->32480K(62464K)
[117.341s][info][gc,heap        ] GC(495) ParOldGen: 606638K(699392K)->606742K(699392K)
[117.341s][info][gc,metaspace   ] GC(495) Metaspace: 67516K(68672K)->67516K(68672K) NonClass: 59080K(59584K)->59080K(59584K) Class: 8435K(9088K)->8435K(9088K)
[117.341s][info][gc             ] GC(495) Pause Young (Allocation Failure) 806M->624M(962M) 22.669ms
[117.341s][info][gc,cpu         ] GC(495) User=0.72s Sys=0.00s Real=0.03s
[117.521s][info][gc,start       ] GC(496) Pause Young (Allocation Failure)
[117.543s][info][gc,heap        ] GC(496) PSYoungGen: 255712K(285696K)->32148K(285696K) Eden: 223232K(223232K)->0K(223232K) From: 32480K(62464K)->32148K(62464K)
[117.543s][info][gc,heap        ] GC(496) ParOldGen: 606742K(699392K)->606830K(699392K)
[117.543s][info][gc,metaspace   ] GC(496) Metaspace: 67544K(68736K)->67544K(68736K) NonClass: 59109K(59648K)->59109K(59648K) Class: 8435K(9088K)->8435K(9088K)
[117.543s][info][gc             ] GC(496) Pause Young (Allocation Failure) 842M->624M(962M) 22.333ms
[117.543s][info][gc,cpu         ] GC(496) User=0.72s Sys=0.00s Real=0.03s
[117.873s][info][gc,start       ] GC(497) Pause Young (Allocation Failure)
[117.883s][info][gc,heap        ] GC(497) PSYoungGen: 255380K(285696K)->4436K(284672K) Eden: 223232K(223232K)->0K(224256K) From: 32148K(62464K)->4436K(60416K)
[117.883s][info][gc,heap        ] GC(497) ParOldGen: 606830K(699392K)->606973K(699392K)
[117.883s][info][gc,metaspace   ] GC(497) Metaspace: 67551K(68736K)->67551K(68736K) NonClass: 59115K(59648K)->59115K(59648K) Class: 8435K(9088K)->8435K(9088K)
[117.883s][info][gc             ] GC(497) Pause Young (Allocation Failure) 842M->597M(961M) 10.212ms
[117.883s][info][gc,cpu         ] GC(497) User=0.17s Sys=0.00s Real=0.02s
[117.975s][info][gc,start       ] GC(498) Pause Young (Allocation Failure)
[117.993s][info][gc,heap        ] GC(498) PSYoungGen: 228692K(284672K)->32980K(285696K) Eden: 224256K(224256K)->0K(224256K) From: 4436K(60416K)->32980K(61440K)
[117.993s][info][gc,heap        ] GC(498) ParOldGen: 606973K(699392K)->610765K(699392K)
[117.993s][info][gc,metaspace   ] GC(498) Metaspace: 67551K(68736K)->67551K(68736K) NonClass: 59115K(59648K)->59115K(59648K) Class: 8435K(9088K)->8435K(9088K)
[117.993s][info][gc             ] GC(498) Pause Young (Allocation Failure) 816M->628M(962M) 17.693ms
[117.993s][info][gc,cpu         ] GC(498) User=0.36s Sys=0.00s Real=0.02s
[118.082s][info][gc,start       ] GC(499) Pause Young (Allocation Failure)
[118.118s][info][gc,heap        ] GC(499) PSYoungGen: 257236K(285696K)->41216K(281088K) Eden: 224256K(224256K)->0K(219136K) From: 32980K(61440K)->41216K(61952K)
[118.118s][info][gc,heap        ] GC(499) ParOldGen: 610765K(699392K)->640245K(699392K)
[118.118s][info][gc,metaspace   ] GC(499) Metaspace: 67551K(68736K)->67551K(68736K) NonClass: 59115K(59648K)->59115K(59648K) Class: 8435K(9088K)->8435K(9088K)
[118.118s][info][gc             ] GC(499) Pause Young (Allocation Failure) 847M->665M(957M) 35.992ms
[118.118s][info][gc,cpu         ] GC(499) User=0.67s Sys=0.00s Real=0.03s
[118.423s][info][gc,start       ] GC(500) Pause Young (Allocation Failure)
[118.453s][info][gc,heap        ] GC(500) PSYoungGen: 260352K(281088K)->60900K(280064K) Eden: 219136K(219136K)->0K(219136K) From: 41216K(61952K)->60900K(60928K)
[118.453s][info][gc,heap        ] GC(500) ParOldGen: 640245K(699392K)->679029K(699392K)
[118.453s][info][gc,metaspace   ] GC(500) Metaspace: 67554K(68736K)->67554K(68736K) NonClass: 59118K(59648K)->59118K(59648K) Class: 8435K(9088K)->8435K(9088K)
[118.453s][info][gc             ] GC(500) Pause Young (Allocation Failure) 879M->722M(956M) 29.920ms
[118.453s][info][gc,cpu         ] GC(500) User=0.36s Sys=0.00s Real=0.02s
[118.453s][info][gc,start       ] GC(501) Pause Full (Ergonomics)
[118.453s][info][gc,phases,start] GC(501) Marking Phase
[118.511s][info][gc,phases      ] GC(501) Marking Phase 57.808ms
[118.511s][info][gc,phases,start] GC(501) Summary Phase
[118.511s][info][gc,phases      ] GC(501) Summary Phase 0.029ms
[118.511s][info][gc,phases,start] GC(501) Adjust Roots
[118.523s][info][gc,phases      ] GC(501) Adjust Roots 11.952ms
[118.523s][info][gc,phases,start] GC(501) Compaction Phase
[118.591s][info][gc,phases      ] GC(501) Compaction Phase 68.091ms
[118.591s][info][gc,phases,start] GC(501) Post Compact
[118.596s][info][gc,phases      ] GC(501) Post Compact 4.693ms
[118.596s][info][gc,heap        ] GC(501) PSYoungGen: 60900K(280064K)->0K(269824K) Eden: 0K(219136K)->0K(200704K) From: 60900K(60928K)->0K(69120K)
[118.596s][info][gc,heap        ] GC(501) ParOldGen: 679029K(699392K)->223849K(699392K)
[118.596s][info][gc,metaspace   ] GC(501) Metaspace: 67554K(68736K)->67554K(68736K) NonClass: 59118K(59648K)->59118K(59648K) Class: 8435K(9088K)->8435K(9088K)
[118.596s][info][gc             ] GC(501) Pause Full (Ergonomics) 722M->218M(946M) 142.968ms
[118.596s][info][gc,cpu         ] GC(501) User=1.52s Sys=0.00s Real=0.16s
[118.666s][info][gc,start       ] GC(502) Pause Young (Allocation Failure)
[118.685s][info][gc,heap        ] GC(502) PSYoungGen: 200704K(269824K)->71867K(272896K) Eden: 200704K(200704K)->0K(200704K) From: 0K(69120K)->71867K(72192K)
[118.685s][info][gc,heap        ] GC(502) ParOldGen: 223849K(699392K)->223849K(699392K)
[118.685s][info][gc,metaspace   ] GC(502) Metaspace: 67555K(68736K)->67555K(68736K) NonClass: 59120K(59648K)->59120K(59648K) Class: 8435K(9088K)->8435K(9088K)
[118.685s][info][gc             ] GC(502) Pause Young (Allocation Failure) 414M->288M(949M) 19.127ms
[118.685s][info][gc,cpu         ] GC(502) User=0.34s Sys=0.00s Real=0.02s
[118.806s][info][gc,start       ] GC(503) Pause Young (Allocation Failure)
[118.841s][info][gc,heap        ] GC(503) PSYoungGen: 272571K(272896K)->49265K(251392K) Eden: 200704K(200704K)->0K(175104K) From: 71867K(72192K)->49265K(76288K)
[118.841s][info][gc,heap        ] GC(503) ParOldGen: 223849K(699392K)->254475K(699392K)
[118.841s][info][gc,metaspace   ] GC(503) Metaspace: 67562K(68736K)->67562K(68736K) NonClass: 59126K(59648K)->59126K(59648K) Class: 8435K(9088K)->8435K(9088K)
[118.841s][info][gc             ] GC(503) Pause Young (Allocation Failure) 484M->296M(928M) 35.197ms
[118.841s][info][gc,cpu         ] GC(503) User=0.69s Sys=0.00s Real=0.03s
[118.910s][info][gc,start       ] GC(504) Pause Young (Allocation Failure)
[118.945s][info][gc,heap        ] GC(504) PSYoungGen: 224369K(251392K)->4642K(262144K) Eden: 175104K(175104K)->0K(175104K) From: 49265K(76288K)->4642K(87040K)
[118.945s][info][gc,heap        ] GC(504) ParOldGen: 254475K(699392K)->303597K(699392K)
[118.945s][info][gc,metaspace   ] GC(504) Metaspace: 67562K(68736K)->67562K(68736K) NonClass: 59126K(59648K)->59126K(59648K) Class: 8435K(9088K)->8435K(9088K)
[118.945s][info][gc             ] GC(504) Pause Young (Allocation Failure) 467M->301M(939M) 35.060ms
[118.945s][info][gc,cpu         ] GC(504) User=0.69s Sys=0.00s Real=0.03s
[119.017s][info][gc,start       ] GC(505) Pause Young (Allocation Failure)
[119.035s][info][gc,heap        ] GC(505) PSYoungGen: 179746K(262144K)->64K(261632K) Eden: 175104K(175104K)->0K(175616K) From: 4642K(87040K)->64K(86016K)
[119.035s][info][gc,heap        ] GC(505) ParOldGen: 303597K(699392K)->307920K(699392K)
[119.035s][info][gc,metaspace   ] GC(505) Metaspace: 67562K(68736K)->67562K(68736K) NonClass: 59126K(59648K)->59126K(59648K) Class: 8435K(9088K)->8435K(9088K)
[119.035s][info][gc             ] GC(505) Pause Young (Allocation Failure) 472M->300M(938M) 17.449ms
[119.035s][info][gc,cpu         ] GC(505) User=0.34s Sys=0.00s Real=0.02s
[119.141s][info][gc,start       ] GC(506) Pause Young (Allocation Failure)
[119.393s][info][gc,heap        ] GC(506) PSYoungGen: 175680K(261632K)->42528K(262144K) Eden: 175616K(175616K)->0K(175616K) From: 64K(86016K)->42528K(86528K)
[119.393s][info][gc,heap        ] GC(506) ParOldGen: 307920K(699392K)->307952K(699392K)
[119.393s][info][gc,metaspace   ] GC(506) Metaspace: 67562K(68736K)->67562K(68736K) NonClass: 59126K(59648K)->59126K(59648K) Class: 8435K(9088K)->8435K(9088K)
[119.393s][info][gc             ] GC(506) Pause Young (Allocation Failure) 472M->342M(939M) 251.594ms
[119.393s][info][gc,cpu         ] GC(506) User=2.03s Sys=0.03s Real=0.24s
[119.438s][info][gc,start       ] GC(507) Pause Young (System.gc())
[119.444s][info][gc,heap        ] GC(507) PSYoungGen: 83849K(262144K)->512K(261632K) Eden: 41321K(175616K)->0K(176640K) From: 42528K(86528K)->512K(84992K)
[119.444s][info][gc,heap        ] GC(507) ParOldGen: 307952K(699392K)->307968K(699392K)
[119.444s][info][gc,metaspace   ] GC(507) Metaspace: 67562K(68736K)->67562K(68736K) NonClass: 59127K(59648K)->59127K(59648K) Class: 8435K(9088K)->8435K(9088K)
[119.444s][info][gc             ] GC(507) Pause Young (System.gc()) 382M->301M(938M) 5.708ms
[119.444s][info][gc,cpu         ] GC(507) User=0.02s Sys=0.00s Real=0.02s
[119.444s][info][gc,start       ] GC(508) Pause Full (System.gc())
[119.444s][info][gc,phases,start] GC(508) Marking Phase
[119.508s][info][gc,phases      ] GC(508) Marking Phase 63.969ms
[119.508s][info][gc,phases,start] GC(508) Summary Phase
[119.508s][info][gc,phases      ] GC(508) Summary Phase 0.018ms
[119.508s][info][gc,phases,start] GC(508) Adjust Roots
[119.522s][info][gc,phases      ] GC(508) Adjust Roots 13.929ms
[119.522s][info][gc,phases,start] GC(508) Compaction Phase
[119.550s][info][gc,phases      ] GC(508) Compaction Phase 27.902ms
[119.550s][info][gc,phases,start] GC(508) Post Compact
[119.552s][info][gc,phases      ] GC(508) Post Compact 1.824ms
[119.552s][info][gc,heap        ] GC(508) PSYoungGen: 512K(261632K)->0K(261632K) Eden: 0K(176640K)->0K(176640K) From: 512K(84992K)->0K(84992K)
[119.552s][info][gc,heap        ] GC(508) ParOldGen: 307968K(699392K)->148454K(699392K)
[119.552s][info][gc,metaspace   ] GC(508) Metaspace: 67562K(68736K)->67562K(68736K) NonClass: 59127K(59648K)->59127K(59648K) Class: 8435K(9088K)->8435K(9088K)
[119.552s][info][gc             ] GC(508) Pause Full (System.gc()) 301M->144M(938M) 107.986ms
[119.552s][info][gc,cpu         ] GC(508) User=1.41s Sys=0.00s Real=0.09s
[119.684s][info][gc,start       ] GC(509) Pause Young (Allocation Failure)
[119.706s][info][gc,heap        ] GC(509) PSYoungGen: 176640K(261632K)->52128K(228864K) Eden: 176640K(176640K)->0K(176640K) From: 0K(84992K)->52128K(52224K)
[119.706s][info][gc,heap        ] GC(509) ParOldGen: 148454K(699392K)->148462K(699392K)
[119.706s][info][gc,metaspace   ] GC(509) Metaspace: 67575K(68736K)->67575K(68736K) NonClass: 59139K(59648K)->59139K(59648K) Class: 8435K(9088K)->8435K(9088K)
[119.706s][info][gc             ] GC(509) Pause Young (Allocation Failure) 317M->195M(906M) 22.313ms
[119.706s][info][gc,cpu         ] GC(509) User=0.44s Sys=0.00s Real=0.03s
[119.795s][info][gc,start       ] GC(510) Pause Young (Allocation Failure)
[119.832s][info][gc,heap        ] GC(510) PSYoungGen: 228768K(228864K)->40960K(261632K) Eden: 176640K(176640K)->0K(172544K) From: 52128K(52224K)->40960K(89088K)
[119.832s][info][gc,heap        ] GC(510) ParOldGen: 148462K(699392K)->199328K(699392K)
[119.832s][info][gc,metaspace   ] GC(510) Metaspace: 67575K(68736K)->67575K(68736K) NonClass: 59139K(59648K)->59139K(59648K) Class: 8435K(9088K)->8435K(9088K)
[119.832s][info][gc             ] GC(510) Pause Young (Allocation Failure) 368M->234M(938M) 37.256ms
[119.832s][info][gc,cpu         ] GC(510) User=0.66s Sys=0.02s Real=0.03s
[119.919s][info][gc,start       ] GC(511) Pause Young (Allocation Failure)
[119.960s][info][gc,heap        ] GC(511) PSYoungGen: 213504K(261632K)->25632K(198656K) Eden: 172544K(172544K)->0K(172544K) From: 40960K(89088K)->25632K(26112K)
[119.960s][info][gc,heap        ] GC(511) ParOldGen: 199328K(699392K)->237408K(699392K)
[119.960s][info][gc,metaspace   ] GC(511) Metaspace: 67575K(68736K)->67575K(68736K) NonClass: 59139K(59648K)->59139K(59648K) Class: 8435K(9088K)->8435K(9088K)
[119.960s][info][gc             ] GC(511) Pause Young (Allocation Failure) 403M->256M(877M) 41.289ms
[119.960s][info][gc,cpu         ] GC(511) User=1.03s Sys=0.00s Real=0.05s
[120.053s][info][gc,start       ] GC(512) Pause Young (Allocation Failure)
[120.076s][info][gc,heap        ] GC(512) PSYoungGen: 198176K(198656K)->15776K(258048K) Eden: 172544K(172544K)->0K(175616K) From: 25632K(26112K)->15776K(82432K)
[120.077s][info][gc,heap        ] GC(512) ParOldGen: 237408K(699392K)->259496K(699392K)
[120.077s][info][gc,metaspace   ] GC(512) Metaspace: 67575K(68736K)->67575K(68736K) NonClass: 59139K(59648K)->59139K(59648K) Class: 8435K(9088K)->8435K(9088K)
[120.077s][info][gc             ] GC(512) Pause Young (Allocation Failure) 425M->268M(935M) 23.084ms
[120.077s][info][gc,cpu         ] GC(512) User=0.66s Sys=0.00s Real=0.03s
[120.188s][info][gc,start       ] GC(513) Pause Young (Allocation Failure)
[120.234s][info][gc,heap        ] GC(513) PSYoungGen: 191392K(258048K)->30752K(254976K) Eden: 175616K(175616K)->0K(175616K) From: 15776K(82432K)->30752K(79360K)
[120.234s][info][gc,heap        ] GC(513) ParOldGen: 259496K(699392K)->273512K(699392K)
[120.234s][info][gc,metaspace   ] GC(513) Metaspace: 67575K(68736K)->67575K(68736K) NonClass: 59139K(59648K)->59139K(59648K) Class: 8435K(9088K)->8435K(9088K)
[120.234s][info][gc             ] GC(513) Pause Young (Allocation Failure) 440M->297M(932M) 46.499ms
[120.234s][info][gc,cpu         ] GC(513) User=0.78s Sys=0.00s Real=0.05s
[120.336s][info][gc,start       ] GC(514) Pause Young (Allocation Failure)
[120.365s][info][gc,heap        ] GC(514) PSYoungGen: 206368K(254976K)->13440K(264704K) Eden: 175616K(175616K)->0K(189440K) From: 30752K(79360K)->13440K(75264K)
[120.365s][info][gc,heap        ] GC(514) ParOldGen: 273512K(699392K)->297857K(699392K)
[120.365s][info][gc,metaspace   ] GC(514) Metaspace: 67575K(68736K)->67575K(68736K) NonClass: 59139K(59648K)->59139K(59648K) Class: 8435K(9088K)->8435K(9088K)
[120.365s][info][gc             ] GC(514) Pause Young (Allocation Failure) 468M->304M(941M) 29.262ms
[120.365s][info][gc,cpu         ] GC(514) User=0.69s Sys=0.00s Real=0.03s
[120.475s][info][gc,start       ] GC(515) Pause Young (Allocation Failure)
[120.545s][info][gc,heap        ] GC(515) PSYoungGen: 202880K(264704K)->13728K(262656K) Eden: 189440K(189440K)->0K(189440K) From: 13440K(75264K)->13728K(73216K)
[120.546s][info][gc,heap        ] GC(515) ParOldGen: 297857K(699392K)->308225K(699392K)
[120.546s][info][gc,metaspace   ] GC(515) Metaspace: 67575K(68736K)->67575K(68736K) NonClass: 59139K(59648K)->59139K(59648K) Class: 8435K(9088K)->8435K(9088K)
[120.546s][info][gc             ] GC(515) Pause Young (Allocation Failure) 489M->314M(939M) 70.536ms
[120.546s][info][gc,cpu         ] GC(515) User=1.72s Sys=0.00s Real=0.07s
[120.660s][info][gc,start       ] GC(516) Pause Young (Allocation Failure)
[120.723s][info][gc,heap        ] GC(516) PSYoungGen: 203168K(262656K)->14784K(273408K) Eden: 189440K(189440K)->0K(203264K) From: 13728K(73216K)->14784K(70144K)
[120.723s][info][gc,heap        ] GC(516) ParOldGen: 308225K(699392K)->319345K(699392K)
[120.723s][info][gc,metaspace   ] GC(516) Metaspace: 67575K(68736K)->67575K(68736K) NonClass: 59139K(59648K)->59139K(59648K) Class: 8435K(9088K)->8435K(9088K)
[120.723s][info][gc             ] GC(516) Pause Young (Allocation Failure) 499M->326M(950M) 63.072ms
[120.723s][info][gc,cpu         ] GC(516) User=1.38s Sys=0.00s Real=0.06s
[120.875s][info][gc,start       ] GC(517) Pause Young (Allocation Failure)
[120.944s][info][gc,heap        ] GC(517) PSYoungGen: 218048K(273408K)->13248K(271872K) Eden: 203264K(203264K)->0K(203264K) From: 14784K(70144K)->13248K(68608K)
[120.944s][info][gc,heap        ] GC(517) ParOldGen: 319345K(699392K)->331793K(699392K)
[120.944s][info][gc,metaspace   ] GC(517) Metaspace: 67575K(68736K)->67575K(68736K) NonClass: 59139K(59648K)->59139K(59648K) Class: 8435K(9088K)->8435K(9088K)
[120.944s][info][gc             ] GC(517) Pause Young (Allocation Failure) 524M->336M(948M) 68.274ms
[120.944s][info][gc,cpu         ] GC(517) User=1.72s Sys=0.00s Real=0.08s
[121.228s][info][gc,start       ] GC(518) Pause Young (Allocation Failure)
[121.293s][info][gc,heap        ] GC(518) PSYoungGen: 216512K(271872K)->15056K(277504K) Eden: 203264K(203264K)->0K(213504K) From: 13248K(68608K)->15056K(64000K)
[121.293s][info][gc,heap        ] GC(518) ParOldGen: 331793K(699392K)->342193K(699392K)
[121.293s][info][gc,metaspace   ] GC(518) Metaspace: 67617K(68800K)->67617K(68800K) NonClass: 59181K(59712K)->59181K(59712K) Class: 8435K(9088K)->8435K(9088K)
[121.293s][info][gc             ] GC(518) Pause Young (Allocation Failure) 535M->348M(954M) 64.868ms
[121.293s][info][gc,cpu         ] GC(518) User=1.39s Sys=0.00s Real=0.08s
[121.665s][info][gc,start       ] GC(519) Pause Young (Allocation Failure)
[121.707s][info][gc,heap        ] GC(519) PSYoungGen: 228560K(277504K)->7840K(276480K) Eden: 213504K(213504K)->0K(213504K) From: 15056K(64000K)->7840K(62976K)
[121.707s][info][gc,heap        ] GC(519) ParOldGen: 342193K(699392K)->353457K(699392K)
[121.707s][info][gc,metaspace   ] GC(519) Metaspace: 67618K(68800K)->67618K(68800K) NonClass: 59183K(59712K)->59183K(59712K) Class: 8435K(9088K)->8435K(9088K)
[121.707s][info][gc             ] GC(519) Pause Young (Allocation Failure) 557M->352M(953M) 41.590ms
[121.707s][info][gc,cpu         ] GC(519) User=1.03s Sys=0.00s Real=0.05s
[122.408s][info][gc,start       ] GC(520) Pause Young (Allocation Failure)
[122.487s][info][gc,heap        ] GC(520) PSYoungGen: 221344K(276480K)->26527K(283136K) Eden: 213504K(213504K)->0K(224256K) From: 7840K(62976K)->26527K(58880K)
[122.487s][info][gc,heap        ] GC(520) ParOldGen: 353457K(699392K)->359633K(699392K)
[122.488s][info][gc,metaspace   ] GC(520) Metaspace: 67684K(68864K)->67684K(68864K) NonClass: 59249K(59776K)->59249K(59776K) Class: 8435K(9088K)->8435K(9088K)
[122.488s][info][gc             ] GC(520) Pause Young (Allocation Failure) 561M->377M(959M) 79.568ms
[122.488s][info][gc,cpu         ] GC(520) User=1.72s Sys=0.00s Real=0.08s
[122.690s][info][gc,start       ] GC(521) Pause Young (Allocation Failure)
[122.722s][info][gc,heap        ] GC(521) PSYoungGen: 250783K(283136K)->59360K(283648K) Eden: 224256K(224256K)->0K(224256K) From: 26527K(58880K)->59360K(59392K)
[122.722s][info][gc,heap        ] GC(521) ParOldGen: 359633K(699392K)->380213K(699392K)
[122.722s][info][gc,metaspace   ] GC(521) Metaspace: 67684K(68864K)->67684K(68864K) NonClass: 59249K(59776K)->59249K(59776K) Class: 8435K(9088K)->8435K(9088K)
[122.722s][info][gc             ] GC(521) Pause Young (Allocation Failure) 596M->429M(960M) 32.504ms
[122.722s][info][gc,cpu         ] GC(521) User=0.72s Sys=0.00s Real=0.03s
[122.819s][info][gc,start       ] GC(522) Pause Young (Allocation Failure)
[122.861s][info][gc,heap        ] GC(522) PSYoungGen: 283616K(283648K)->51488K(251904K) Eden: 224256K(224256K)->0K(186368K) From: 59360K(59392K)->51488K(65536K)
[122.861s][info][gc,heap        ] GC(522) ParOldGen: 380213K(699392K)->436733K(699392K)
[122.861s][info][gc,metaspace   ] GC(522) Metaspace: 67685K(68864K)->67685K(68864K) NonClass: 59249K(59776K)->59249K(59776K) Class: 8435K(9088K)->8435K(9088K)
[122.861s][info][gc             ] GC(522) Pause Young (Allocation Failure) 648M->476M(929M) 41.951ms
[122.861s][info][gc,cpu         ] GC(522) User=1.08s Sys=0.00s Real=0.05s
[122.950s][info][gc,start       ] GC(523) Pause Young (Allocation Failure)
[122.988s][info][gc,heap        ] GC(523) PSYoungGen: 237856K(251904K)->28704K(267776K) Eden: 186368K(186368K)->0K(186368K) From: 51488K(65536K)->28704K(81408K)
[122.988s][info][gc,heap        ] GC(523) ParOldGen: 436733K(699392K)->484765K(699392K)
[122.988s][info][gc,metaspace   ] GC(523) Metaspace: 67685K(68864K)->67685K(68864K) NonClass: 59249K(59776K)->59249K(59776K) Class: 8435K(9088K)->8435K(9088K)
[122.988s][info][gc             ] GC(523) Pause Young (Allocation Failure) 658M->501M(944M) 37.238ms
[122.988s][info][gc,cpu         ] GC(523) User=1.03s Sys=0.00s Real=0.05s
[123.069s][info][gc,start       ] GC(524) Pause Young (Allocation Failure)
[123.097s][info][gc,heap        ] GC(524) PSYoungGen: 215072K(267776K)->18848K(257536K) Eden: 186368K(186368K)->0K(191488K) From: 28704K(81408K)->18848K(66048K)
[123.097s][info][gc,heap        ] GC(524) ParOldGen: 484765K(699392K)->509373K(699392K)
[123.097s][info][gc,metaspace   ] GC(524) Metaspace: 67685K(68864K)->67685K(68864K) NonClass: 59249K(59776K)->59249K(59776K) Class: 8435K(9088K)->8435K(9088K)
[123.097s][info][gc             ] GC(524) Pause Young (Allocation Failure) 683M->515M(934M) 27.304ms
[123.097s][info][gc,cpu         ] GC(524) User=0.69s Sys=0.00s Real=0.03s
[123.199s][info][gc,start       ] GC(525) Pause Young (Allocation Failure)
[123.237s][info][gc,heap        ] GC(525) PSYoungGen: 210336K(257536K)->33408K(265216K) Eden: 191488K(191488K)->0K(191488K) From: 18848K(66048K)->33408K(73728K)
[123.237s][info][gc,heap        ] GC(525) ParOldGen: 509373K(699392K)->526157K(699392K)
[123.237s][info][gc,metaspace   ] GC(525) Metaspace: 67685K(68864K)->67685K(68864K) NonClass: 59249K(59776K)->59249K(59776K) Class: 8435K(9088K)->8435K(9088K)
[123.237s][info][gc             ] GC(525) Pause Young (Allocation Failure) 702M->546M(942M) 37.687ms
[123.237s][info][gc,cpu         ] GC(525) User=1.03s Sys=0.00s Real=0.05s
[123.323s][info][gc,start       ] GC(526) Pause Young (Allocation Failure)
[123.356s][info][gc,heap        ] GC(526) PSYoungGen: 224896K(265216K)->16480K(269312K) Eden: 191488K(191488K)->0K(204800K) From: 33408K(73728K)->16480K(64512K)
[123.356s][info][gc,heap        ] GC(526) ParOldGen: 526157K(699392K)->561326K(699392K)
[123.356s][info][gc,metaspace   ] GC(526) Metaspace: 67685K(68864K)->67685K(68864K) NonClass: 59249K(59776K)->59249K(59776K) Class: 8435K(9088K)->8435K(9088K)
[123.356s][info][gc             ] GC(526) Pause Young (Allocation Failure) 733M->564M(946M) 33.307ms
[123.356s][info][gc,cpu         ] GC(526) User=0.69s Sys=0.00s Real=0.03s
[123.451s][info][gc,start       ] GC(527) Pause Young (Allocation Failure)
[123.506s][info][gc,heap        ] GC(527) PSYoungGen: 221280K(269312K)->16288K(273920K) Eden: 204800K(204800K)->0K(204800K) From: 16480K(64512K)->16288K(69120K)
[123.506s][info][gc,heap        ] GC(527) ParOldGen: 561326K(699392K)->574278K(699392K)
[123.506s][info][gc,metaspace   ] GC(527) Metaspace: 67685K(68864K)->67685K(68864K) NonClass: 59249K(59776K)->59249K(59776K) Class: 8435K(9088K)->8435K(9088K)
[123.506s][info][gc             ] GC(527) Pause Young (Allocation Failure) 764M->576M(950M) 55.239ms
[123.506s][info][gc,cpu         ] GC(527) User=1.38s Sys=0.00s Real=0.06s
[123.632s][info][gc,start       ] GC(528) Pause Young (Allocation Failure)
[123.692s][info][gc,heap        ] GC(528) PSYoungGen: 221088K(273920K)->14496K(273920K) Eden: 204800K(204800K)->0K(212992K) From: 16288K(69120K)->14496K(60928K)
[123.692s][info][gc,heap        ] GC(528) ParOldGen: 574278K(699392K)->587286K(699392K)
[123.692s][info][gc,metaspace   ] GC(528) Metaspace: 67685K(68864K)->67685K(68864K) NonClass: 59249K(59776K)->59249K(59776K) Class: 8435K(9088K)->8435K(9088K)
[123.692s][info][gc             ] GC(528) Pause Young (Allocation Failure) 776M->587M(950M) 59.699ms
[123.692s][info][gc,cpu         ] GC(528) User=1.03s Sys=0.00s Real=0.05s
[124.312s][info][gc,start       ] GC(529) Pause Young (Allocation Failure)
[124.394s][info][gc,heap        ] GC(529) PSYoungGen: 227488K(273920K)->8640K(278016K) Eden: 212992K(212992K)->0K(212992K) From: 14496K(60928K)->8640K(65024K)
[124.394s][info][gc,heap        ] GC(529) ParOldGen: 587286K(699392K)->599886K(699392K)
[124.394s][info][gc,metaspace   ] GC(529) Metaspace: 67690K(68864K)->67690K(68864K) NonClass: 59254K(59776K)->59254K(59776K) Class: 8435K(9088K)->8435K(9088K)
[124.394s][info][gc             ] GC(529) Pause Young (Allocation Failure) 795M->594M(954M) 82.231ms
[124.394s][info][gc,cpu         ] GC(529) User=1.72s Sys=0.00s Real=0.08s
[124.630s][info][gc,start       ] GC(530) Pause Young (Allocation Failure)
[124.667s][info][gc,heap        ] GC(530) PSYoungGen: 221632K(278016K)->24288K(274944K) Eden: 212992K(212992K)->0K(220160K) From: 8640K(65024K)->24288K(54784K)
[124.667s][info][gc,heap        ] GC(530) ParOldGen: 599886K(699392K)->608208K(699392K)
[124.667s][info][gc,metaspace   ] GC(530) Metaspace: 67699K(68864K)->67699K(68864K) NonClass: 59263K(59776K)->59263K(59776K) Class: 8435K(9088K)->8435K(9088K)
[124.667s][info][gc             ] GC(530) Pause Young (Allocation Failure) 802M->617M(951M) 36.917ms
[124.667s][info][gc,cpu         ] GC(530) User=0.69s Sys=0.00s Real=0.03s
[124.861s][info][gc,start       ] GC(531) Pause Young (Allocation Failure)
[124.885s][info][gc,heap        ] GC(531) PSYoungGen: 244448K(274944K)->32480K(280064K) Eden: 220160K(220160K)->0K(220160K) From: 24288K(54784K)->32480K(59904K)
[124.885s][info][gc,heap        ] GC(531) ParOldGen: 608208K(699392K)->608328K(699392K)
[124.885s][info][gc,metaspace   ] GC(531) Metaspace: 67736K(68864K)->67736K(68864K) NonClass: 59300K(59776K)->59300K(59776K) Class: 8436K(9088K)->8436K(9088K)
[124.885s][info][gc             ] GC(531) Pause Young (Allocation Failure) 832M->625M(956M) 23.788ms
[124.885s][info][gc,cpu         ] GC(531) User=0.69s Sys=0.00s Real=0.03s
[125.042s][info][gc,start       ] GC(532) Pause Young (Allocation Failure)
[125.064s][info][gc,heap        ] GC(532) PSYoungGen: 252640K(280064K)->29649K(285184K) Eden: 220160K(220160K)->0K(229376K) From: 32480K(59904K)->29649K(55808K)
[125.064s][info][gc,heap        ] GC(532) ParOldGen: 608328K(699392K)->608464K(699392K)
[125.064s][info][gc,metaspace   ] GC(532) Metaspace: 67770K(68928K)->67770K(68928K) NonClass: 59333K(59840K)->59333K(59840K) Class: 8436K(9088K)->8436K(9088K)
[125.064s][info][gc             ] GC(532) Pause Young (Allocation Failure) 840M->623M(961M) 22.068ms
[125.064s][info][gc,cpu         ] GC(532) User=0.34s Sys=0.00s Real=0.02s
[125.426s][info][gc,start       ] GC(533) Pause Young (Allocation Failure)
[125.436s][info][gc,heap        ] GC(533) PSYoungGen: 259025K(285184K)->1768K(287232K) Eden: 229376K(229376K)->0K(229376K) From: 29649K(55808K)->1768K(57856K)
[125.436s][info][gc,heap        ] GC(533) ParOldGen: 608464K(699392K)->608592K(699392K)
[125.436s][info][gc,metaspace   ] GC(533) Metaspace: 67804K(68928K)->67804K(68928K) NonClass: 59367K(59840K)->59367K(59840K) Class: 8436K(9088K)->8436K(9088K)
[125.436s][info][gc             ] GC(533) Pause Young (Allocation Failure) 847M->596M(963M) 9.686ms
[125.436s][info][gc,cpu         ] GC(533) User=0.00s Sys=0.00s Real=0.00s
[125.526s][info][gc,start       ] GC(534) Pause Young (Allocation Failure)
[125.556s][info][gc,heap        ] GC(534) PSYoungGen: 231144K(287232K)->33888K(289280K) Eden: 229376K(229376K)->0K(230400K) From: 1768K(57856K)->33888K(58880K)
[125.556s][info][gc,heap        ] GC(534) ParOldGen: 608592K(699392K)->609922K(699392K)
[125.556s][info][gc,metaspace   ] GC(534) Metaspace: 67804K(68928K)->67804K(68928K) NonClass: 59367K(59840K)->59367K(59840K) Class: 8436K(9088K)->8436K(9088K)
[125.556s][info][gc             ] GC(534) Pause Young (Allocation Failure) 820M->628M(965M) 29.816ms
[125.556s][info][gc,cpu         ] GC(534) User=0.36s Sys=0.00s Real=0.03s
[125.648s][info][gc,start       ] GC(535) Pause Young (Allocation Failure)
[125.686s][info][gc,heap        ] GC(535) PSYoungGen: 264288K(289280K)->40788K(271360K) Eden: 230400K(230400K)->0K(230400K) From: 33888K(58880K)->40788K(40960K)
[125.686s][info][gc,heap        ] GC(535) ParOldGen: 609922K(699392K)->637762K(699392K)
[125.686s][info][gc,metaspace   ] GC(535) Metaspace: 67804K(68928K)->67804K(68928K) NonClass: 59367K(59840K)->59367K(59840K) Class: 8436K(9088K)->8436K(9088K)
[125.686s][info][gc             ] GC(535) Pause Young (Allocation Failure) 853M->662M(948M) 37.706ms
[125.686s][info][gc,cpu         ] GC(535) User=0.59s Sys=0.00s Real=0.03s
[125.977s][info][gc,start       ] GC(536) Pause Young (Allocation Failure)
[126.008s][info][gc,heap        ] GC(536) PSYoungGen: 268452K(271360K)->57420K(270848K) Eden: 227663K(230400K)->0K(208896K) From: 40788K(40960K)->57420K(61952K)
[126.008s][info][gc,heap        ] GC(536) ParOldGen: 637762K(699392K)->678098K(699392K)
[126.008s][info][gc,metaspace   ] GC(536) Metaspace: 67805K(68928K)->67805K(68928K) NonClass: 59368K(59840K)->59368K(59840K) Class: 8436K(9088K)->8436K(9088K)
[126.008s][info][gc             ] GC(536) Pause Young (Allocation Failure) 884M->718M(947M) 31.811ms
[126.008s][info][gc,cpu         ] GC(536) User=0.66s Sys=0.03s Real=0.03s
[126.009s][info][gc,start       ] GC(537) Pause Full (Ergonomics)
[126.009s][info][gc,phases,start] GC(537) Marking Phase
[126.065s][info][gc,phases      ] GC(537) Marking Phase 56.328ms
[126.065s][info][gc,phases,start] GC(537) Summary Phase
[126.065s][info][gc,phases      ] GC(537) Summary Phase 0.029ms
[126.065s][info][gc,phases,start] GC(537) Adjust Roots
[126.078s][info][gc,phases      ] GC(537) Adjust Roots 13.134ms
[126.078s][info][gc,phases,start] GC(537) Compaction Phase
[126.171s][info][gc,phases      ] GC(537) Compaction Phase 92.391ms
[126.171s][info][gc,phases,start] GC(537) Post Compact
[126.175s][info][gc,phases      ] GC(537) Post Compact 4.660ms
[126.175s][info][gc,heap        ] GC(537) PSYoungGen: 57420K(270848K)->0K(279040K) Eden: 0K(208896K)->0K(208896K) From: 57420K(61952K)->0K(70144K)
[126.175s][info][gc,heap        ] GC(537) ParOldGen: 678098K(699392K)->229359K(699392K)
[126.175s][info][gc,metaspace   ] GC(537) Metaspace: 67805K(68928K)->67805K(68928K) NonClass: 59368K(59840K)->59368K(59840K) Class: 8436K(9088K)->8436K(9088K)
[126.176s][info][gc             ] GC(537) Pause Full (Ergonomics) 718M->223M(955M) 166.949ms
[126.176s][info][gc,cpu         ] GC(537) User=1.55s Sys=0.00s Real=0.17s
[126.277s][info][gc,start       ] GC(538) Pause Young (Allocation Failure)
[126.299s][info][gc,heap        ] GC(538) PSYoungGen: 208896K(279040K)->69115K(257536K) Eden: 208896K(208896K)->0K(187392K) From: 0K(70144K)->69115K(70144K)
[126.299s][info][gc,heap        ] GC(538) ParOldGen: 229359K(699392K)->229359K(699392K)
[126.299s][info][gc,metaspace   ] GC(538) Metaspace: 67824K(68992K)->67824K(68992K) NonClass: 59387K(59904K)->59387K(59904K) Class: 8436K(9088K)->8436K(9088K)
[126.299s][info][gc             ] GC(538) Pause Young (Allocation Failure) 427M->291M(934M) 22.155ms
[126.299s][info][gc,cpu         ] GC(538) User=0.53s Sys=0.06s Real=0.03s
[126.470s][info][gc,start       ] GC(539) Pause Young (Allocation Failure)
[126.511s][info][gc,heap        ] GC(539) PSYoungGen: 256507K(257536K)->36181K(268288K) Eden: 187392K(187392K)->0K(187392K) From: 69115K(70144K)->36181K(80896K)
[126.511s][info][gc,heap        ] GC(539) ParOldGen: 229359K(699392K)->277237K(699392K)
[126.511s][info][gc,metaspace   ] GC(539) Metaspace: 67834K(68992K)->67834K(68992K) NonClass: 59397K(59904K)->59397K(59904K) Class: 8436K(9088K)->8436K(9088K)
[126.511s][info][gc             ] GC(539) Pause Young (Allocation Failure) 474M->306M(945M) 40.576ms
[126.511s][info][gc,cpu         ] GC(539) User=1.03s Sys=0.00s Real=0.05s
[126.588s][info][gc,start       ] GC(540) Pause Young (Allocation Failure)
[126.626s][info][gc,heap        ] GC(540) PSYoungGen: 223573K(268288K)->11237K(263680K) Eden: 187392K(187392K)->0K(190976K) From: 36181K(80896K)->11237K(72704K)
[126.626s][info][gc,heap        ] GC(540) ParOldGen: 277237K(699392K)->313274K(699392K)
[126.626s][info][gc,metaspace   ] GC(540) Metaspace: 67834K(68992K)->67834K(68992K) NonClass: 59397K(59904K)->59397K(59904K) Class: 8436K(9088K)->8436K(9088K)
[126.626s][info][gc             ] GC(540) Pause Young (Allocation Failure) 489M->316M(940M) 37.799ms
[126.626s][info][gc,cpu         ] GC(540) User=0.84s Sys=0.00s Real=0.05s
[126.701s][info][gc,start       ] GC(541) Pause Young (Allocation Failure)
[126.731s][info][gc,heap        ] GC(541) PSYoungGen: 202213K(263680K)->96K(267776K) Eden: 190976K(190976K)->0K(190976K) From: 11237K(72704K)->96K(76800K)
[126.731s][info][gc,heap        ] GC(541) ParOldGen: 313274K(699392K)->324215K(699392K)
[126.731s][info][gc,metaspace   ] GC(541) Metaspace: 67834K(68992K)->67834K(68992K) NonClass: 59397K(59904K)->59397K(59904K) Class: 8436K(9088K)->8436K(9088K)
[126.731s][info][gc             ] GC(541) Pause Young (Allocation Failure) 503M->316M(944M) 29.754ms
[126.731s][info][gc,cpu         ] GC(541) User=0.48s Sys=0.00s Real=0.03s
[126.853s][info][gc,start       ] GC(542) Pause Young (Allocation Failure)
[127.301s][info][gc,heap        ] GC(542) PSYoungGen: 191072K(267776K)->42496K(270848K) Eden: 190976K(190976K)->0K(193536K) From: 96K(76800K)->42496K(77312K)
[127.301s][info][gc,heap        ] GC(542) ParOldGen: 324215K(699392K)->324247K(699392K)
[127.301s][info][gc,metaspace   ] GC(542) Metaspace: 67834K(68992K)->67834K(68992K) NonClass: 59397K(59904K)->59397K(59904K) Class: 8436K(9088K)->8436K(9088K)
[127.301s][info][gc             ] GC(542) Pause Young (Allocation Failure) 503M->358M(947M) 447.793ms
[127.301s][info][gc,cpu         ] GC(542) User=2.25s Sys=0.05s Real=0.46s
[127.306s][info][gc,start       ] GC(543) Pause Young (System.gc())
[127.311s][info][gc,heap        ] GC(543) PSYoungGen: 45508K(270848K)->192K(271360K) Eden: 3012K(193536K)->0K(193536K) From: 42496K(77312K)->192K(77824K)
[127.311s][info][gc,heap        ] GC(543) ParOldGen: 324247K(699392K)->324263K(699392K)
[127.311s][info][gc,metaspace   ] GC(543) Metaspace: 67834K(68992K)->67834K(68992K) NonClass: 59397K(59904K)->59397K(59904K) Class: 8436K(9088K)->8436K(9088K)
[127.311s][info][gc             ] GC(543) Pause Young (System.gc()) 361M->316M(948M) 4.818ms
[127.311s][info][gc,cpu         ] GC(543) User=0.00s Sys=0.00s Real=0.00s
[127.311s][info][gc,start       ] GC(544) Pause Full (System.gc())
[127.311s][info][gc,phases,start] GC(544) Marking Phase
[127.377s][info][gc,phases      ] GC(544) Marking Phase 65.433ms
[127.377s][info][gc,phases,start] GC(544) Summary Phase
[127.377s][info][gc,phases      ] GC(544) Summary Phase 0.017ms
[127.377s][info][gc,phases,start] GC(544) Adjust Roots
[127.390s][info][gc,phases      ] GC(544) Adjust Roots 13.130ms
[127.390s][info][gc,phases,start] GC(544) Compaction Phase
[127.417s][info][gc,phases      ] GC(544) Compaction Phase 27.474ms
[127.417s][info][gc,phases,start] GC(544) Post Compact
[127.420s][info][gc,phases      ] GC(544) Post Compact 2.192ms
[127.420s][info][gc,heap        ] GC(544) PSYoungGen: 192K(271360K)->0K(271360K) Eden: 0K(193536K)->0K(193536K) From: 192K(77824K)->0K(77824K)
[127.420s][info][gc,heap        ] GC(544) ParOldGen: 324263K(699392K)->148506K(699392K)
[127.420s][info][gc,metaspace   ] GC(544) Metaspace: 67834K(68992K)->67834K(68992K) NonClass: 59397K(59904K)->59397K(59904K) Class: 8436K(9088K)->8436K(9088K)
[127.420s][info][gc             ] GC(544) Pause Full (System.gc()) 316M->145M(948M) 108.546ms
[127.420s][info][gc,cpu         ] GC(544) User=1.70s Sys=0.05s Real=0.11s
[127.547s][info][gc,start       ] GC(545) Pause Young (Allocation Failure)
[127.573s][info][gc,heap        ] GC(545) PSYoungGen: 193536K(271360K)->60320K(256000K) Eden: 193536K(193536K)->0K(178176K) From: 0K(77824K)->60320K(77824K)
[127.573s][info][gc,heap        ] GC(545) ParOldGen: 148506K(699392K)->148506K(699392K)
[127.573s][info][gc,metaspace   ] GC(545) Metaspace: 67846K(68992K)->67846K(68992K) NonClass: 59409K(59904K)->59409K(59904K) Class: 8437K(9088K)->8437K(9088K)
[127.573s][info][gc             ] GC(545) Pause Young (Allocation Failure) 334M->203M(933M) 26.006ms
[127.573s][info][gc,cpu         ] GC(545) User=0.42s Sys=0.00s Real=0.03s
[127.665s][info][gc,start       ] GC(546) Pause Young (Allocation Failure)
[127.704s][info][gc,heap        ] GC(546) PSYoungGen: 238496K(256000K)->34944K(263680K) Eden: 178176K(178176K)->0K(178176K) From: 60320K(77824K)->34944K(85504K)
[127.704s][info][gc,heap        ] GC(546) ParOldGen: 148506K(699392K)->208751K(699392K)
[127.704s][info][gc,metaspace   ] GC(546) Metaspace: 67846K(68992K)->67846K(68992K) NonClass: 59409K(59904K)->59409K(59904K) Class: 8437K(9088K)->8437K(9088K)
[127.704s][info][gc             ] GC(546) Pause Young (Allocation Failure) 377M->237M(940M) 39.039ms
[127.705s][info][gc,cpu         ] GC(546) User=1.03s Sys=0.00s Real=0.05s
[127.801s][info][gc,start       ] GC(547) Pause Young (Allocation Failure)
[127.834s][info][gc,heap        ] GC(547) PSYoungGen: 213120K(263680K)->23808K(251904K) Eden: 178176K(178176K)->0K(181760K) From: 34944K(85504K)->23808K(70144K)
[127.834s][info][gc,heap        ] GC(547) ParOldGen: 208751K(699392K)->240167K(699392K)
[127.834s][info][gc,metaspace   ] GC(547) Metaspace: 67846K(68992K)->67846K(68992K) NonClass: 59409K(59904K)->59409K(59904K) Class: 8437K(9088K)->8437K(9088K)
[127.834s][info][gc             ] GC(547) Pause Young (Allocation Failure) 411M->257M(929M) 32.394ms
[127.834s][info][gc,cpu         ] GC(547) User=0.69s Sys=0.00s Real=0.03s
[127.933s][info][gc,start       ] GC(548) Pause Young (Allocation Failure)
[127.957s][info][gc,heap        ] GC(548) PSYoungGen: 205568K(251904K)->16192K(259584K) Eden: 181760K(181760K)->0K(181760K) From: 23808K(70144K)->16192K(77824K)
[127.957s][info][gc,heap        ] GC(548) ParOldGen: 240167K(699392K)->261223K(699392K)
[127.957s][info][gc,metaspace   ] GC(548) Metaspace: 67846K(68992K)->67846K(68992K) NonClass: 59409K(59904K)->59409K(59904K) Class: 8437K(9088K)->8437K(9088K)
[127.957s][info][gc             ] GC(548) Pause Young (Allocation Failure) 435M->270M(936M) 24.719ms
[127.957s][info][gc,cpu         ] GC(548) User=0.34s Sys=0.00s Real=0.01s
[128.074s][info][gc,start       ] GC(549) Pause Young (Allocation Failure)
[128.111s][info][gc,heap        ] GC(549) PSYoungGen: 197952K(259584K)->26336K(260608K) Eden: 181760K(181760K)->0K(196096K) From: 16192K(77824K)->26336K(64512K)
[128.111s][info][gc,heap        ] GC(549) ParOldGen: 261223K(699392K)->276399K(699392K)
[128.111s][info][gc,metaspace   ] GC(549) Metaspace: 67846K(68992K)->67846K(68992K) NonClass: 59409K(59904K)->59409K(59904K) Class: 8437K(9088K)->8437K(9088K)
[128.111s][info][gc             ] GC(549) Pause Young (Allocation Failure) 448M->295M(937M) 37.199ms
[128.111s][info][gc,cpu         ] GC(549) User=0.69s Sys=0.00s Real=0.03s
[128.221s][info][gc,start       ] GC(550) Pause Young (Allocation Failure)
[128.250s][info][gc,heap        ] GC(550) PSYoungGen: 222432K(260608K)->14528K(267264K) Eden: 196096K(196096K)->0K(196096K) From: 26336K(64512K)->14528K(71168K)
[128.250s][info][gc,heap        ] GC(550) ParOldGen: 276399K(699392K)->299951K(699392K)
[128.250s][info][gc,metaspace   ] GC(550) Metaspace: 67846K(68992K)->67846K(68992K) NonClass: 59409K(59904K)->59409K(59904K) Class: 8437K(9088K)->8437K(9088K)
[128.250s][info][gc             ] GC(550) Pause Young (Allocation Failure) 487M->307M(944M) 29.130ms
[128.250s][info][gc,cpu         ] GC(550) User=0.69s Sys=0.00s Real=0.03s
[128.355s][info][gc,start       ] GC(551) Pause Young (Allocation Failure)
[128.429s][info][gc,heap        ] GC(551) PSYoungGen: 210624K(267264K)->14112K(271872K) Eden: 196096K(196096K)->0K(208896K) From: 14528K(71168K)->14112K(62976K)
[128.429s][info][gc,heap        ] GC(551) ParOldGen: 299951K(699392K)->311287K(699392K)
[128.429s][info][gc,metaspace   ] GC(551) Metaspace: 67846K(68992K)->67846K(68992K) NonClass: 59409K(59904K)->59409K(59904K) Class: 8437K(9088K)->8437K(9088K)
[128.429s][info][gc             ] GC(551) Pause Young (Allocation Failure) 498M->317M(948M) 73.359ms
[128.429s][info][gc,cpu         ] GC(551) User=1.72s Sys=0.00s Real=0.08s
[128.578s][info][gc,start       ] GC(552) Pause Young (Allocation Failure)
[128.673s][info][gc,heap        ] GC(552) PSYoungGen: 223008K(271872K)->15328K(275968K) Eden: 208896K(208896K)->0K(208896K) From: 14112K(62976K)->15328K(67072K)
[128.673s][info][gc,heap        ] GC(552) ParOldGen: 311287K(699392K)->322935K(699392K)
[128.673s][info][gc,metaspace   ] GC(552) Metaspace: 67846K(68992K)->67846K(68992K) NonClass: 59409K(59904K)->59409K(59904K) Class: 8437K(9088K)->8437K(9088K)
[128.673s][info][gc             ] GC(552) Pause Young (Allocation Failure) 521M->330M(952M) 95.224ms
[128.673s][info][gc,cpu         ] GC(552) User=2.06s Sys=0.00s Real=0.09s
[128.894s][info][gc,start       ] GC(553) Pause Young (Allocation Failure)
[128.939s][info][gc,heap        ] GC(553) PSYoungGen: 224224K(275968K)->17536K(275456K) Eden: 208896K(208896K)->0K(217600K) From: 15328K(67072K)->17536K(57856K)
[128.939s][info][gc,heap        ] GC(553) ParOldGen: 322935K(699392K)->334799K(699392K)
[128.939s][info][gc,metaspace   ] GC(553) Metaspace: 67846K(68992K)->67846K(68992K) NonClass: 59409K(59904K)->59409K(59904K) Class: 8437K(9088K)->8437K(9088K)
[128.939s][info][gc             ] GC(553) Pause Young (Allocation Failure) 534M->344M(952M) 44.786ms
[128.939s][info][gc,cpu         ] GC(553) User=1.03s Sys=0.00s Real=0.05s
[129.269s][info][gc,start       ] GC(554) Pause Young (Allocation Failure)
[129.309s][info][gc,heap        ] GC(554) PSYoungGen: 235136K(275456K)->11427K(279552K) Eden: 217600K(217600K)->0K(217600K) From: 17536K(57856K)->11427K(61952K)
[129.309s][info][gc,heap        ] GC(554) ParOldGen: 334799K(699392K)->346367K(699392K)
[129.309s][info][gc,metaspace   ] GC(554) Metaspace: 67857K(68992K)->67857K(68992K) NonClass: 59420K(59904K)->59420K(59904K) Class: 8437K(9088K)->8437K(9088K)
[129.309s][info][gc             ] GC(554) Pause Young (Allocation Failure) 556M->349M(956M) 39.809ms
[129.309s][info][gc,cpu         ] GC(554) User=1.03s Sys=0.00s Real=0.05s
[129.984s][info][gc,start       ] GC(555) Pause Young (Allocation Failure)
[130.090s][info][gc,heap        ] GC(555) PSYoungGen: 229027K(279552K)->7680K(283136K) Eden: 217600K(217600K)->0K(227328K) From: 11427K(61952K)->7680K(55808K)
[130.090s][info][gc,heap        ] GC(555) ParOldGen: 346367K(699392K)->355626K(699392K)
[130.090s][info][gc,metaspace   ] GC(555) Metaspace: 67858K(68992K)->67858K(68992K) NonClass: 59421K(59904K)->59421K(59904K) Class: 8437K(9088K)->8437K(9088K)
[130.090s][info][gc             ] GC(555) Pause Young (Allocation Failure) 561M->354M(959M) 106.070ms
[130.090s][info][gc,cpu         ] GC(555) User=2.05s Sys=0.02s Real=0.09s
[130.442s][info][gc,start       ] GC(556) Pause Young (Allocation Failure)
[130.496s][info][gc,heap        ] GC(556) PSYoungGen: 235008K(283136K)->35456K(286208K) Eden: 227328K(227328K)->0K(227328K) From: 7680K(55808K)->35456K(58880K)
[130.496s][info][gc,heap        ] GC(556) ParOldGen: 355626K(699392K)->363002K(699392K)
[130.496s][info][gc,metaspace   ] GC(556) Metaspace: 67866K(68992K)->67866K(68992K) NonClass: 59429K(59904K)->59429K(59904K) Class: 8437K(9088K)->8437K(9088K)
[130.496s][info][gc             ] GC(556) Pause Young (Allocation Failure) 576M->389M(962M) 54.112ms
[130.496s][info][gc,cpu         ] GC(556) User=1.44s Sys=0.00s Real=0.06s
[130.596s][info][gc,start       ] GC(557) Pause Young (Allocation Failure)
[130.638s][info][gc,heap        ] GC(557) PSYoungGen: 262784K(286208K)->60384K(235520K) Eden: 227328K(227328K)->0K(175104K) From: 35456K(58880K)->60384K(60416K)
[130.638s][info][gc,heap        ] GC(557) ParOldGen: 363002K(699392K)->407061K(699392K)
[130.638s][info][gc,metaspace   ] GC(557) Metaspace: 67866K(68992K)->67866K(68992K) NonClass: 59429K(59904K)->59429K(59904K) Class: 8437K(9088K)->8437K(9088K)
[130.638s][info][gc             ] GC(557) Pause Young (Allocation Failure) 611M->456M(913M) 41.851ms
[130.638s][info][gc,cpu         ] GC(557) User=0.98s Sys=0.00s Real=0.05s
[130.709s][info][gc,start       ] GC(558) Pause Young (Allocation Failure)
[130.743s][info][gc,heap        ] GC(558) PSYoungGen: 235488K(235520K)->21632K(262144K) Eden: 175104K(175104K)->0K(175104K) From: 60384K(60416K)->21632K(87040K)
[130.743s][info][gc,heap        ] GC(558) ParOldGen: 407061K(699392K)->467621K(699392K)
[130.743s][info][gc,metaspace   ] GC(558) Metaspace: 67866K(68992K)->67866K(68992K) NonClass: 59429K(59904K)->59429K(59904K) Class: 8437K(9088K)->8437K(9088K)
[130.743s][info][gc             ] GC(558) Pause Young (Allocation Failure) 627M->477M(939M) 34.429ms
[130.743s][info][gc,cpu         ] GC(558) User=0.69s Sys=0.00s Real=0.03s
[130.824s][info][gc,start       ] GC(559) Pause Young (Allocation Failure)
[130.852s][info][gc,heap        ] GC(559) PSYoungGen: 196736K(262144K)->26144K(248832K) Eden: 175104K(175104K)->0K(179200K) From: 21632K(87040K)->26144K(69632K)
[130.852s][info][gc,heap        ] GC(559) ParOldGen: 467621K(699392K)->482901K(699392K)
[130.852s][info][gc,metaspace   ] GC(559) Metaspace: 67866K(68992K)->67866K(68992K) NonClass: 59429K(59904K)->59429K(59904K) Class: 8437K(9088K)->8437K(9088K)
[130.852s][info][gc             ] GC(559) Pause Young (Allocation Failure) 648M->497M(926M) 27.822ms
[130.852s][info][gc,cpu         ] GC(559) User=0.34s Sys=0.00s Real=0.02s
[130.934s][info][gc,start       ] GC(560) Pause Young (Allocation Failure)
[130.959s][info][gc,heap        ] GC(560) PSYoungGen: 205344K(248832K)->17664K(257536K) Eden: 179200K(179200K)->0K(179200K) From: 26144K(69632K)->17664K(78336K)
[130.959s][info][gc,heap        ] GC(560) ParOldGen: 482901K(699392K)->506125K(699392K)
[130.959s][info][gc,metaspace   ] GC(560) Metaspace: 67866K(68992K)->67866K(68992K) NonClass: 59429K(59904K)->59429K(59904K) Class: 8437K(9088K)->8437K(9088K)
[130.959s][info][gc             ] GC(560) Pause Young (Allocation Failure) 672M->511M(934M) 25.518ms
[130.959s][info][gc,cpu         ] GC(560) User=0.34s Sys=0.00s Real=0.02s
[131.053s][info][gc,start       ] GC(561) Pause Young (Allocation Failure)
[131.114s][info][gc,heap        ] GC(561) PSYoungGen: 196864K(257536K)->31488K(260608K) Eden: 179200K(179200K)->0K(195584K) From: 17664K(78336K)->31488K(65024K)
[131.114s][info][gc,heap        ] GC(561) ParOldGen: 506125K(699392K)->522853K(699392K)
[131.114s][info][gc,metaspace   ] GC(561) Metaspace: 67866K(68992K)->67866K(68992K) NonClass: 59429K(59904K)->59429K(59904K) Class: 8437K(9088K)->8437K(9088K)
[131.115s][info][gc             ] GC(561) Pause Young (Allocation Failure) 686M->541M(937M) 61.513ms
[131.115s][info][gc,cpu         ] GC(561) User=1.38s Sys=0.00s Real=0.06s
[131.205s][info][gc,start       ] GC(562) Pause Young (Allocation Failure)
[131.235s][info][gc,heap        ] GC(562) PSYoungGen: 227072K(260608K)->16576K(267264K) Eden: 195584K(195584K)->0K(195584K) From: 31488K(65024K)->16576K(71680K)
[131.235s][info][gc,heap        ] GC(562) ParOldGen: 522853K(699392K)->551358K(699392K)
[131.235s][info][gc,metaspace   ] GC(562) Metaspace: 67866K(68992K)->67866K(68992K) NonClass: 59429K(59904K)->59429K(59904K) Class: 8437K(9088K)->8437K(9088K)
[131.235s][info][gc             ] GC(562) Pause Young (Allocation Failure) 732M->554M(944M) 30.559ms
[131.235s][info][gc,cpu         ] GC(562) User=0.69s Sys=0.00s Real=0.03s
[131.327s][info][gc,start       ] GC(563) Pause Young (Allocation Failure)
[131.393s][info][gc,heap        ] GC(563) PSYoungGen: 212160K(267264K)->15392K(271360K) Eden: 195584K(195584K)->0K(207872K) From: 16576K(71680K)->15392K(63488K)
[131.393s][info][gc,heap        ] GC(563) ParOldGen: 551358K(699392K)->564454K(699392K)
[131.393s][info][gc,metaspace   ] GC(563) Metaspace: 67866K(68992K)->67866K(68992K) NonClass: 59429K(59904K)->59429K(59904K) Class: 8437K(9088K)->8437K(9088K)
[131.393s][info][gc             ] GC(563) Pause Young (Allocation Failure) 745M->566M(948M) 65.872ms
[131.393s][info][gc,cpu         ] GC(563) User=1.38s Sys=0.00s Real=0.06s
[131.525s][info][gc,start       ] GC(564) Pause Young (Allocation Failure)
[131.597s][info][gc,heap        ] GC(564) PSYoungGen: 223264K(271360K)->14528K(275456K) Eden: 207872K(207872K)->0K(207872K) From: 15392K(63488K)->14528K(67584K)
[131.597s][info][gc,heap        ] GC(564) ParOldGen: 564454K(699392K)->576638K(699392K)
[131.597s][info][gc,metaspace   ] GC(564) Metaspace: 67866K(68992K)->67866K(68992K) NonClass: 59429K(59904K)->59429K(59904K) Class: 8437K(9088K)->8437K(9088K)
[131.597s][info][gc             ] GC(564) Pause Young (Allocation Failure) 769M->577M(952M) 71.463ms
[131.597s][info][gc,cpu         ] GC(564) User=1.38s Sys=0.00s Real=0.06s
[132.284s][info][gc,start       ] GC(565) Pause Young (Allocation Failure)
[132.335s][info][gc,heap        ] GC(565) PSYoungGen: 222400K(275456K)->9459K(276480K) Eden: 207872K(207872K)->0K(216064K) From: 14528K(67584K)->9459K(60416K)
[132.335s][info][gc,heap        ] GC(565) ParOldGen: 576638K(699392K)->590382K(699392K)
[132.335s][info][gc,metaspace   ] GC(565) Metaspace: 67879K(69056K)->67879K(69056K) NonClass: 59442K(59968K)->59442K(59968K) Class: 8437K(9088K)->8437K(9088K)
[132.335s][info][gc             ] GC(565) Pause Young (Allocation Failure) 780M->585M(953M) 50.544ms
[132.335s][info][gc,cpu         ] GC(565) User=1.03s Sys=0.00s Real=0.05s
[132.558s][info][gc,start       ] GC(566) Pause Young (Allocation Failure)
[132.608s][info][gc,heap        ] GC(566) PSYoungGen: 225523K(276480K)->1185K(280064K) Eden: 216064K(216064K)->0K(216064K) From: 9459K(60416K)->1185K(64000K)
[132.608s][info][gc,heap        ] GC(566) ParOldGen: 590382K(699392K)->595100K(699392K)
[132.608s][info][gc,metaspace   ] GC(566) Metaspace: 67901K(69056K)->67901K(69056K) NonClass: 59464K(59968K)->59464K(59968K) Class: 8437K(9088K)->8437K(9088K)
[132.608s][info][gc             ] GC(566) Pause Young (Allocation Failure) 796M->582M(956M) 49.965ms
[132.608s][info][gc,cpu         ] GC(566) User=1.03s Sys=0.00s Real=0.05s
[132.776s][info][gc,start       ] GC(567) Pause Young (Allocation Failure)
[132.800s][info][gc,heap        ] GC(567) PSYoungGen: 217249K(280064K)->31904K(284160K) Eden: 216064K(216064K)->0K(221184K) From: 1185K(64000K)->31904K(62976K)
[132.800s][info][gc,heap        ] GC(567) ParOldGen: 595100K(699392K)->595822K(699392K)
[132.800s][info][gc,metaspace   ] GC(567) Metaspace: 67901K(69056K)->67901K(69056K) NonClass: 59464K(59968K)->59464K(59968K) Class: 8437K(9088K)->8437K(9088K)
[132.800s][info][gc             ] GC(567) Pause Young (Allocation Failure) 793M->613M(960M) 24.478ms
[132.800s][info][gc,cpu         ] GC(567) User=0.69s Sys=0.00s Real=0.03s
[133.133s][info][gc,start       ] GC(568) Pause Young (Allocation Failure)
[133.168s][info][gc,heap        ] GC(568) PSYoungGen: 253088K(284160K)->33666K(284672K) Eden: 221184K(221184K)->0K(221184K) From: 31904K(62976K)->33666K(63488K)
[133.168s][info][gc,heap        ] GC(568) ParOldGen: 595822K(699392K)->627534K(699392K)
[133.168s][info][gc,metaspace   ] GC(568) Metaspace: 67910K(69056K)->67910K(69056K) NonClass: 59473K(59968K)->59473K(59968K) Class: 8437K(9088K)->8437K(9088K)
[133.168s][info][gc             ] GC(568) Pause Young (Allocation Failure) 829M->645M(961M) 34.772ms
[133.168s][info][gc,cpu         ] GC(568) User=0.72s Sys=0.00s Real=0.03s
[133.476s][info][gc,start       ] GC(569) Pause Young (Allocation Failure)
[133.489s][info][gc,heap        ] GC(569) PSYoungGen: 254850K(284672K)->5256K(283648K) Eden: 221184K(221184K)->0K(222208K) From: 33666K(63488K)->5256K(61440K)
[133.489s][info][gc,heap        ] GC(569) ParOldGen: 627534K(699392K)->627709K(699392K)
[133.489s][info][gc,metaspace   ] GC(569) Metaspace: 67912K(69056K)->67912K(69056K) NonClass: 59475K(59968K)->59475K(59968K) Class: 8437K(9088K)->8437K(9088K)
[133.489s][info][gc             ] GC(569) Pause Young (Allocation Failure) 861M->618M(960M) 12.882ms
[133.489s][info][gc,cpu         ] GC(569) User=0.00s Sys=0.00s Real=0.00s
[133.578s][info][gc,start       ] GC(570) Pause Young (Allocation Failure)
[133.597s][info][gc,heap        ] GC(570) PSYoungGen: 227464K(283648K)->33344K(284672K) Eden: 222208K(222208K)->0K(222208K) From: 5256K(61440K)->33344K(62464K)
[133.597s][info][gc,heap        ] GC(570) ParOldGen: 627709K(699392K)->631935K(699392K)
[133.597s][info][gc,metaspace   ] GC(570) Metaspace: 67912K(69056K)->67912K(69056K) NonClass: 59475K(59968K)->59475K(59968K) Class: 8437K(9088K)->8437K(9088K)
[133.597s][info][gc             ] GC(570) Pause Young (Allocation Failure) 835M->649M(961M) 18.875ms
[133.597s][info][gc,cpu         ] GC(570) User=0.34s Sys=0.00s Real=0.02s
[133.688s][info][gc,start       ] GC(571) Pause Young (Allocation Failure)
[133.727s][info][gc,heap        ] GC(571) PSYoungGen: 255552K(284672K)->40640K(281088K) Eden: 222208K(222208K)->0K(218112K) From: 33344K(62464K)->40640K(62976K)
[133.727s][info][gc,heap        ] GC(571) ParOldGen: 631935K(699392K)->661255K(699392K)
[133.727s][info][gc,metaspace   ] GC(571) Metaspace: 67912K(69056K)->67912K(69056K) NonClass: 59475K(59968K)->59475K(59968K) Class: 8437K(9088K)->8437K(9088K)
[133.727s][info][gc             ] GC(571) Pause Young (Allocation Failure) 866M->685M(957M) 38.758ms
[133.727s][info][gc,cpu         ] GC(571) User=0.97s Sys=0.00s Real=0.05s
[133.727s][info][gc,start       ] GC(572) Pause Full (Ergonomics)
[133.727s][info][gc,phases,start] GC(572) Marking Phase
[133.795s][info][gc,phases      ] GC(572) Marking Phase 68.210ms
[133.795s][info][gc,phases,start] GC(572) Summary Phase
[133.795s][info][gc,phases      ] GC(572) Summary Phase 0.030ms
[133.795s][info][gc,phases,start] GC(572) Adjust Roots
[133.807s][info][gc,phases      ] GC(572) Adjust Roots 12.073ms
[133.807s][info][gc,phases,start] GC(572) Compaction Phase
[133.866s][info][gc,phases      ] GC(572) Compaction Phase 58.121ms
[133.866s][info][gc,phases,start] GC(572) Post Compact
[133.870s][info][gc,phases      ] GC(572) Post Compact 4.183ms
[133.870s][info][gc,heap        ] GC(572) PSYoungGen: 40640K(281088K)->0K(283648K) Eden: 0K(218112K)->0K(218112K) From: 40640K(62976K)->0K(65536K)
[133.870s][info][gc,heap        ] GC(572) ParOldGen: 661255K(699392K)->221280K(699392K)
[133.870s][info][gc,metaspace   ] GC(572) Metaspace: 67912K(69056K)->67912K(69056K) NonClass: 59475K(59968K)->59475K(59968K) Class: 8437K(9088K)->8437K(9088K)
[133.870s][info][gc             ] GC(572) Pause Full (Ergonomics) 685M->216M(960M) 143.012ms
[133.870s][info][gc,cpu         ] GC(572) User=1.91s Sys=0.00s Real=0.14s
[134.155s][info][gc,start       ] GC(573) Pause Young (Allocation Failure)
[134.168s][info][gc,heap        ] GC(573) PSYoungGen: 216348K(283648K)->57752K(267264K) Eden: 216348K(218112K)->0K(201728K) From: 0K(65536K)->57752K(65536K)
[134.168s][info][gc,heap        ] GC(573) ParOldGen: 221280K(699392K)->221280K(699392K)
[134.168s][info][gc,metaspace   ] GC(573) Metaspace: 67913K(69056K)->67913K(69056K) NonClass: 59476K(59968K)->59476K(59968K) Class: 8437K(9088K)->8437K(9088K)
[134.168s][info][gc             ] GC(573) Pause Young (Allocation Failure) 427M->272M(944M) 13.601ms
[134.168s][info][gc,cpu         ] GC(573) User=0.34s Sys=0.02s Real=0.01s
[134.268s][info][gc,start       ] GC(574) Pause Young (Allocation Failure)
[134.289s][info][gc,heap        ] GC(574) PSYoungGen: 259480K(267264K)->71789K(273920K) Eden: 201728K(201728K)->0K(201728K) From: 57752K(65536K)->71789K(72192K)
[134.289s][info][gc,heap        ] GC(574) ParOldGen: 221280K(699392K)->230566K(699392K)
[134.289s][info][gc,metaspace   ] GC(574) Metaspace: 67913K(69056K)->67913K(69056K) NonClass: 59476K(59968K)->59476K(59968K) Class: 8437K(9088K)->8437K(9088K)
[134.289s][info][gc             ] GC(574) Pause Young (Allocation Failure) 469M->295M(950M) 20.813ms
[134.289s][info][gc,cpu         ] GC(574) User=0.34s Sys=0.00s Real=0.02s
[134.477s][info][gc,start       ] GC(575) Pause Young (Allocation Failure)
[134.508s][info][gc,heap        ] GC(575) PSYoungGen: 273517K(273920K)->45610K(254464K) Eden: 201728K(201728K)->0K(179200K) From: 71789K(72192K)->45610K(75264K)
[134.508s][info][gc,heap        ] GC(575) ParOldGen: 230566K(699392K)->261763K(699392K)
[134.508s][info][gc,metaspace   ] GC(575) Metaspace: 67915K(69056K)->67915K(69056K) NonClass: 59477K(59968K)->59477K(59968K) Class: 8437K(9088K)->8437K(9088K)
[134.508s][info][gc             ] GC(575) Pause Young (Allocation Failure) 492M->300M(931M) 30.781ms
[134.508s][info][gc,cpu         ] GC(575) User=0.69s Sys=0.00s Real=0.03s
[134.578s][info][gc,start       ] GC(576) Pause Young (Allocation Failure)
[134.609s][info][gc,heap        ] GC(576) PSYoungGen: 224810K(254464K)->64K(179712K) Eden: 179200K(179200K)->0K(179200K) From: 45610K(75264K)->64K(512K)
[134.609s][info][gc,heap        ] GC(576) ParOldGen: 261763K(699392K)->307269K(699392K)
[134.609s][info][gc,metaspace   ] GC(576) Metaspace: 67915K(69056K)->67915K(69056K) NonClass: 59477K(59968K)->59477K(59968K) Class: 8437K(9088K)->8437K(9088K)
[134.609s][info][gc             ] GC(576) Pause Young (Allocation Failure) 475M->300M(858M) 31.582ms
[134.609s][info][gc,cpu         ] GC(576) User=0.48s Sys=0.00s Real=0.03s
[134.681s][info][gc,start       ] GC(577) Pause Young (Allocation Failure)
[134.687s][info][gc,heap        ] GC(577) PSYoungGen: 179264K(179712K)->96K(263680K) Eden: 179200K(179200K)->0K(178176K) From: 64K(512K)->96K(85504K)
[134.687s][info][gc,heap        ] GC(577) ParOldGen: 307269K(699392K)->307269K(699392K)
[134.687s][info][gc,metaspace   ] GC(577) Metaspace: 67915K(69056K)->67915K(69056K) NonClass: 59477K(59968K)->59477K(59968K) Class: 8437K(9088K)->8437K(9088K)
[134.687s][info][gc             ] GC(577) Pause Young (Allocation Failure) 475M->300M(940M) 5.363ms
[134.687s][info][gc,cpu         ] GC(577) User=0.00s Sys=0.00s Real=0.00s
[134.801s][info][gc,start       ] GC(578) Pause Young (Allocation Failure)
[135.153s][info][gc,heap        ] GC(578) PSYoungGen: 178272K(263680K)->42496K(220672K) Eden: 178176K(178176K)->0K(178176K) From: 96K(85504K)->42496K(42496K)
[135.153s][info][gc,heap        ] GC(578) ParOldGen: 307269K(699392K)->307301K(699392K)
[135.153s][info][gc,metaspace   ] GC(578) Metaspace: 67915K(69056K)->67915K(69056K) NonClass: 59477K(59968K)->59477K(59968K) Class: 8437K(9088K)->8437K(9088K)
[135.153s][info][gc             ] GC(578) Pause Young (Allocation Failure) 474M->341M(898M) 352.092ms
[135.153s][info][gc,cpu         ] GC(578) User=2.02s Sys=0.00s Real=0.34s
[135.184s][info][gc,start       ] GC(579) Pause Young (System.gc())
[135.187s][info][gc,heap        ] GC(579) PSYoungGen: 64795K(220672K)->160K(262144K) Eden: 22299K(178176K)->0K(178176K) From: 42496K(42496K)->160K(83968K)
[135.187s][info][gc,heap        ] GC(579) ParOldGen: 307301K(699392K)->307309K(699392K)
[135.187s][info][gc,metaspace   ] GC(579) Metaspace: 67915K(69056K)->67915K(69056K) NonClass: 59477K(59968K)->59477K(59968K) Class: 8437K(9088K)->8437K(9088K)
[135.187s][info][gc             ] GC(579) Pause Young (System.gc()) 363M->300M(939M) 3.049ms
[135.187s][info][gc,cpu         ] GC(579) User=0.00s Sys=0.00s Real=0.00s
[135.187s][info][gc,start       ] GC(580) Pause Full (System.gc())
[135.187s][info][gc,phases,start] GC(580) Marking Phase
[135.255s][info][gc,phases      ] GC(580) Marking Phase 67.751ms
[135.255s][info][gc,phases,start] GC(580) Summary Phase
[135.255s][info][gc,phases      ] GC(580) Summary Phase 0.018ms
[135.255s][info][gc,phases,start] GC(580) Adjust Roots
[135.266s][info][gc,phases      ] GC(580) Adjust Roots 11.058ms
[135.266s][info][gc,phases,start] GC(580) Compaction Phase
[135.291s][info][gc,phases      ] GC(580) Compaction Phase 24.917ms
[135.291s][info][gc,phases,start] GC(580) Post Compact
[135.293s][info][gc,phases      ] GC(580) Post Compact 1.953ms
[135.293s][info][gc,heap        ] GC(580) PSYoungGen: 160K(262144K)->0K(262144K) Eden: 0K(178176K)->0K(178176K) From: 160K(83968K)->0K(83968K)
[135.293s][info][gc,heap        ] GC(580) ParOldGen: 307309K(699392K)->148564K(699392K)
[135.293s][info][gc,metaspace   ] GC(580) Metaspace: 67915K(69056K)->67915K(69056K) NonClass: 59477K(59968K)->59477K(59968K) Class: 8437K(9088K)->8437K(9088K)
[135.293s][info][gc             ] GC(580) Pause Full (System.gc()) 300M->145M(939M) 106.032ms
[135.293s][info][gc,cpu         ] GC(580) User=1.75s Sys=0.00s Real=0.11s
[135.422s][info][gc,start       ] GC(581) Pause Young (Allocation Failure)
[135.442s][info][gc,heap        ] GC(581) PSYoungGen: 178176K(262144K)->53760K(232448K) Eden: 178176K(178176K)->0K(178176K) From: 0K(83968K)->53760K(54272K)
[135.442s][info][gc,heap        ] GC(581) ParOldGen: 148564K(699392K)->148564K(699392K)
[135.442s][info][gc,metaspace   ] GC(581) Metaspace: 67941K(69056K)->67941K(69056K) NonClass: 59503K(59968K)->59503K(59968K) Class: 8438K(9088K)->8438K(9088K)
[135.442s][info][gc             ] GC(581) Pause Young (Allocation Failure) 319M->197M(910M) 20.489ms
[135.442s][info][gc,cpu         ] GC(581) User=0.52s Sys=0.00s Real=0.03s
[135.528s][info][gc,start       ] GC(582) Pause Young (Allocation Failure)
[135.565s][info][gc,heap        ] GC(582) PSYoungGen: 231936K(232448K)->39872K(262144K) Eden: 178176K(178176K)->0K(173056K) From: 53760K(54272K)->39872K(89088K)
[135.565s][info][gc,heap        ] GC(582) ParOldGen: 148564K(699392K)->201133K(699392K)
[135.565s][info][gc,metaspace   ] GC(582) Metaspace: 67941K(69056K)->67941K(69056K) NonClass: 59503K(59968K)->59503K(59968K) Class: 8438K(9088K)->8438K(9088K)
[135.565s][info][gc             ] GC(582) Pause Young (Allocation Failure) 371M->235M(939M) 37.038ms
[135.565s][info][gc,cpu         ] GC(582) User=0.98s Sys=0.00s Real=0.05s
[135.654s][info][gc,start       ] GC(583) Pause Young (Allocation Failure)
[135.686s][info][gc,heap        ] GC(583) PSYoungGen: 212928K(262144K)->26624K(200192K) Eden: 173056K(173056K)->0K(173056K) From: 39872K(89088K)->26624K(27136K)
[135.686s][info][gc,heap        ] GC(583) ParOldGen: 201133K(699392K)->237885K(699392K)
[135.686s][info][gc,metaspace   ] GC(583) Metaspace: 67941K(69056K)->67941K(69056K) NonClass: 59503K(59968K)->59503K(59968K) Class: 8438K(9088K)->8438K(9088K)
[135.686s][info][gc             ] GC(583) Pause Young (Allocation Failure) 404M->258M(878M) 32.231ms
[135.686s][info][gc,cpu         ] GC(583) User=0.69s Sys=0.00s Real=0.03s
[135.779s][info][gc,start       ] GC(584) Pause Young (Allocation Failure)
[135.805s][info][gc,heap        ] GC(584) PSYoungGen: 199680K(200192K)->15808K(258048K) Eden: 173056K(173056K)->0K(176128K) From: 26624K(27136K)->15808K(81920K)
[135.805s][info][gc,heap        ] GC(584) ParOldGen: 237885K(699392K)->261973K(699392K)
[135.805s][info][gc,metaspace   ] GC(584) Metaspace: 67941K(69056K)->67941K(69056K) NonClass: 59503K(59968K)->59503K(59968K) Class: 8438K(9088K)->8438K(9088K)
[135.805s][info][gc             ] GC(584) Pause Young (Allocation Failure) 427M->271M(935M) 25.942ms
[135.805s][info][gc,cpu         ] GC(584) User=0.66s Sys=0.00s Real=0.03s
[135.917s][info][gc,start       ] GC(585) Pause Young (Allocation Failure)
[135.975s][info][gc,heap        ] GC(585) PSYoungGen: 191936K(258048K)->26656K(254976K) Eden: 176128K(176128K)->0K(176128K) From: 15808K(81920K)->26656K(78848K)
[135.975s][info][gc,heap        ] GC(585) ParOldGen: 261973K(699392K)->276189K(699392K)
[135.976s][info][gc,metaspace   ] GC(585) Metaspace: 67941K(69056K)->67941K(69056K) NonClass: 59503K(59968K)->59503K(59968K) Class: 8438K(9088K)->8438K(9088K)
[135.976s][info][gc             ] GC(585) Pause Young (Allocation Failure) 443M->295M(932M) 58.703ms
[135.976s][info][gc,cpu         ] GC(585) User=1.38s Sys=0.00s Real=0.06s
[136.073s][info][gc,start       ] GC(586) Pause Young (Allocation Failure)
[136.102s][info][gc,heap        ] GC(586) PSYoungGen: 202784K(254976K)->13536K(264704K) Eden: 176128K(176128K)->0K(190464K) From: 26656K(78848K)->13536K(74240K)
[136.102s][info][gc,heap        ] GC(586) ParOldGen: 276189K(699392K)->300469K(699392K)
[136.102s][info][gc,metaspace   ] GC(586) Metaspace: 67941K(69056K)->67941K(69056K) NonClass: 59503K(59968K)->59503K(59968K) Class: 8438K(9088K)->8438K(9088K)
[136.102s][info][gc             ] GC(586) Pause Young (Allocation Failure) 467M->306M(941M) 29.140ms
[136.102s][info][gc,cpu         ] GC(586) User=0.69s Sys=0.00s Real=0.03s
[136.212s][info][gc,start       ] GC(587) Pause Young (Allocation Failure)
[136.287s][info][gc,heap        ] GC(587) PSYoungGen: 204000K(264704K)->13632K(262656K) Eden: 190464K(190464K)->0K(190464K) From: 13536K(74240K)->13632K(72192K)
[136.287s][info][gc,heap        ] GC(587) ParOldGen: 300469K(699392K)->310829K(699392K)
[136.287s][info][gc,metaspace   ] GC(587) Metaspace: 67941K(69056K)->67941K(69056K) NonClass: 59503K(59968K)->59503K(59968K) Class: 8438K(9088K)->8438K(9088K)
[136.287s][info][gc             ] GC(587) Pause Young (Allocation Failure) 492M->316M(939M) 74.981ms
[136.288s][info][gc,cpu         ] GC(587) User=1.72s Sys=0.00s Real=0.08s
[136.402s][info][gc,start       ] GC(588) Pause Young (Allocation Failure)
[136.461s][info][gc,heap        ] GC(588) PSYoungGen: 204096K(262656K)->14592K(274432K) Eden: 190464K(190464K)->0K(205312K) From: 13632K(72192K)->14592K(69120K)
[136.461s][info][gc,heap        ] GC(588) ParOldGen: 310829K(699392K)->321973K(699392K)
[136.461s][info][gc,metaspace   ] GC(588) Metaspace: 67941K(69056K)->67941K(69056K) NonClass: 59503K(59968K)->59503K(59968K) Class: 8438K(9088K)->8438K(9088K)
[136.461s][info][gc             ] GC(588) Pause Young (Allocation Failure) 502M->328M(951M) 58.512ms
[136.461s][info][gc,cpu         ] GC(588) User=1.38s Sys=0.00s Real=0.06s
[136.621s][info][gc,start       ] GC(589) Pause Young (Allocation Failure)
[136.676s][info][gc,heap        ] GC(589) PSYoungGen: 219904K(274432K)->14656K(272384K) Eden: 205312K(205312K)->0K(205312K) From: 14592K(69120K)->14656K(67072K)
[136.676s][info][gc,heap        ] GC(589) ParOldGen: 321973K(699392K)->334461K(699392K)
[136.676s][info][gc,metaspace   ] GC(589) Metaspace: 67941K(69056K)->67941K(69056K) NonClass: 59503K(59968K)->59503K(59968K) Class: 8438K(9088K)->8438K(9088K)
[136.676s][info][gc             ] GC(589) Pause Young (Allocation Failure) 529M->340M(949M) 55.720ms
[136.676s][info][gc,cpu         ] GC(589) User=1.38s Sys=0.00s Real=0.06s
[136.977s][info][gc,start       ] GC(590) Pause Young (Allocation Failure)
[137.010s][info][gc,heap        ] GC(590) PSYoungGen: 219968K(272384K)->13952K(279552K) Eden: 205312K(205312K)->0K(215552K) From: 14656K(67072K)->13952K(64000K)
[137.010s][info][gc,heap        ] GC(590) ParOldGen: 334461K(699392K)->344813K(699392K)
[137.010s][info][gc,metaspace   ] GC(590) Metaspace: 67941K(69056K)->67941K(69056K) NonClass: 59503K(59968K)->59503K(59968K) Class: 8438K(9088K)->8438K(9088K)
[137.010s][info][gc             ] GC(590) Pause Young (Allocation Failure) 541M->350M(956M) 33.720ms
[137.010s][info][gc,cpu         ] GC(590) User=0.69s Sys=0.00s Real=0.03s
[137.391s][info][gc,start       ] GC(591) Pause Young (Allocation Failure)
[137.418s][info][gc,heap        ] GC(591) PSYoungGen: 229504K(279552K)->7808K(277504K) Eden: 215552K(215552K)->0K(215552K) From: 13952K(64000K)->7808K(61952K)
[137.418s][info][gc,heap        ] GC(591) ParOldGen: 344813K(699392K)->355965K(699392K)
[137.418s][info][gc,metaspace   ] GC(591) Metaspace: 67941K(69056K)->67941K(69056K) NonClass: 59503K(59968K)->59503K(59968K) Class: 8438K(9088K)->8438K(9088K)
[137.418s][info][gc             ] GC(591) Pause Young (Allocation Failure) 560M->355M(954M) 26.817ms
[137.418s][info][gc,cpu         ] GC(591) User=0.34s Sys=0.00s Real=0.01s
[138.097s][info][gc,start       ] GC(592) Pause Young (Allocation Failure)
[138.183s][info][gc,heap        ] GC(592) PSYoungGen: 223360K(277504K)->30357K(284160K) Eden: 215552K(215552K)->0K(223744K) From: 7808K(61952K)->30357K(60416K)
[138.183s][info][gc,heap        ] GC(592) ParOldGen: 355965K(699392K)->362333K(699392K)
[138.183s][info][gc,metaspace   ] GC(592) Metaspace: 67947K(69120K)->67947K(69120K) NonClass: 59509K(60032K)->59509K(60032K) Class: 8438K(9088K)->8438K(9088K)
[138.183s][info][gc             ] GC(592) Pause Young (Allocation Failure) 565M->383M(960M) 85.633ms
[138.183s][info][gc,cpu         ] GC(592) User=2.06s Sys=0.00s Real=0.09s
[138.368s][info][gc,start       ] GC(593) Pause Young (Allocation Failure)
[138.411s][info][gc,heap        ] GC(593) PSYoungGen: 254101K(284160K)->59872K(283648K) Eden: 223744K(223744K)->0K(223744K) From: 30357K(60416K)->59872K(59904K)
[138.411s][info][gc,heap        ] GC(593) ParOldGen: 362333K(699392K)->387919K(699392K)
[138.411s][info][gc,metaspace   ] GC(593) Metaspace: 67947K(69120K)->67947K(69120K) NonClass: 59509K(60032K)->59509K(60032K) Class: 8438K(9088K)->8438K(9088K)
[138.411s][info][gc             ] GC(593) Pause Young (Allocation Failure) 601M->437M(960M) 42.791ms
[138.411s][info][gc,cpu         ] GC(593) User=0.72s Sys=0.00s Real=0.03s
[138.505s][info][gc,start       ] GC(594) Pause Young (Allocation Failure)
[138.548s][info][gc,heap        ] GC(594) PSYoungGen: 283616K(283648K)->44992K(252928K) Eden: 223744K(223744K)->0K(187392K) From: 59872K(59904K)->44992K(65536K)
[138.548s][info][gc,heap        ] GC(594) ParOldGen: 387919K(699392K)->447007K(699392K)
[138.548s][info][gc,metaspace   ] GC(594) Metaspace: 67947K(69120K)->67947K(69120K) NonClass: 59509K(60032K)->59509K(60032K) Class: 8438K(9088K)->8438K(9088K)
[138.548s][info][gc             ] GC(594) Pause Young (Allocation Failure) 655M->480M(930M) 43.011ms
[138.548s][info][gc,cpu         ] GC(594) User=1.08s Sys=0.00s Real=0.05s
[138.634s][info][gc,start       ] GC(595) Pause Young (Allocation Failure)
[138.672s][info][gc,heap        ] GC(595) PSYoungGen: 232384K(252928K)->28416K(268288K) Eden: 187392K(187392K)->0K(187392K) From: 44992K(65536K)->28416K(80896K)
[138.672s][info][gc,heap        ] GC(595) ParOldGen: 447007K(699392K)->488695K(699392K)
[138.672s][info][gc,metaspace   ] GC(595) Metaspace: 67947K(69120K)->67947K(69120K) NonClass: 59509K(60032K)->59509K(60032K) Class: 8438K(9088K)->8438K(9088K)
[138.672s][info][gc             ] GC(595) Pause Young (Allocation Failure) 663M->504M(945M) 37.587ms
[138.672s][info][gc,cpu         ] GC(595) User=0.69s Sys=0.00s Real=0.03s
[138.755s][info][gc,start       ] GC(596) Pause Young (Allocation Failure)
[138.782s][info][gc,heap        ] GC(596) PSYoungGen: 215808K(268288K)->18784K(257536K) Eden: 187392K(187392K)->0K(192000K) From: 28416K(80896K)->18784K(65536K)
[138.782s][info][gc,heap        ] GC(596) ParOldGen: 488695K(699392K)->512983K(699392K)
[138.782s][info][gc,metaspace   ] GC(596) Metaspace: 67947K(69120K)->67947K(69120K) NonClass: 59509K(60032K)->59509K(60032K) Class: 8438K(9088K)->8438K(9088K)
[138.782s][info][gc             ] GC(596) Pause Young (Allocation Failure) 687M->519M(934M) 27.359ms
[138.782s][info][gc,cpu         ] GC(596) User=0.69s Sys=0.00s Real=0.03s
[138.883s][info][gc,start       ] GC(597) Pause Young (Allocation Failure)
[138.929s][info][gc,heap        ] GC(597) PSYoungGen: 210784K(257536K)->33376K(265216K) Eden: 192000K(192000K)->0K(192000K) From: 18784K(65536K)->33376K(73216K)
[138.929s][info][gc,heap        ] GC(597) ParOldGen: 512983K(699392K)->529935K(699392K)
[138.929s][info][gc,metaspace   ] GC(597) Metaspace: 67947K(69120K)->67947K(69120K) NonClass: 59509K(60032K)->59509K(60032K) Class: 8438K(9088K)->8438K(9088K)
[138.929s][info][gc             ] GC(597) Pause Young (Allocation Failure) 706M->550M(942M) 45.741ms
[138.929s][info][gc,cpu         ] GC(597) User=0.69s Sys=0.00s Real=0.03s
[139.022s][info][gc,start       ] GC(598) Pause Young (Allocation Failure)
[139.054s][info][gc,heap        ] GC(598) PSYoungGen: 225376K(265216K)->16448K(269312K) Eden: 192000K(192000K)->0K(205312K) From: 33376K(73216K)->16448K(64000K)
[139.054s][info][gc,heap        ] GC(598) ParOldGen: 529935K(699392K)->560719K(699392K)
[139.054s][info][gc,metaspace   ] GC(598) Metaspace: 67947K(69120K)->67947K(69120K) NonClass: 59509K(60032K)->59509K(60032K) Class: 8438K(9088K)->8438K(9088K)
[139.054s][info][gc             ] GC(598) Pause Young (Allocation Failure) 737M->563M(946M) 31.928ms
[139.054s][info][gc,cpu         ] GC(598) User=0.69s Sys=0.00s Real=0.03s
[139.152s][info][gc,start       ] GC(599) Pause Young (Allocation Failure)
[139.215s][info][gc,heap        ] GC(599) PSYoungGen: 221760K(269312K)->16224K(273920K) Eden: 205312K(205312K)->0K(205312K) From: 16448K(64000K)->16224K(68608K)
[139.215s][info][gc,heap        ] GC(599) ParOldGen: 560719K(699392K)->573559K(699392K)
[139.215s][info][gc,metaspace   ] GC(599) Metaspace: 67947K(69120K)->67947K(69120K) NonClass: 59509K(60032K)->59509K(60032K) Class: 8438K(9088K)->8438K(9088K)
[139.215s][info][gc             ] GC(599) Pause Young (Allocation Failure) 764M->575M(950M) 63.368ms
[139.215s][info][gc,cpu         ] GC(599) User=1.36s Sys=0.00s Real=0.06s
[139.352s][info][gc,start       ] GC(600) Pause Young (Allocation Failure)
[139.421s][info][gc,heap        ] GC(600) PSYoungGen: 221536K(273920K)->14386K(274432K) Eden: 205312K(205312K)->0K(214016K) From: 16224K(68608K)->14386K(60416K)
[139.421s][info][gc,heap        ] GC(600) ParOldGen: 573559K(699392K)->586511K(699392K)
[139.421s][info][gc,metaspace   ] GC(600) Metaspace: 67947K(69120K)->67947K(69120K) NonClass: 59509K(60032K)->59509K(60032K) Class: 8438K(9088K)->8438K(9088K)
[139.421s][info][gc             ] GC(600) Pause Young (Allocation Failure) 776M->586M(951M) 68.311ms
[139.421s][info][gc,cpu         ] GC(600) User=1.38s Sys=0.00s Real=0.06s
[140.112s][info][gc,start       ] GC(601) Pause Young (Allocation Failure)
[140.167s][info][gc,heap        ] GC(601) PSYoungGen: 228402K(274432K)->8209K(278528K) Eden: 214016K(214016K)->0K(214016K) From: 14386K(60416K)->8209K(64512K)
[140.167s][info][gc,heap        ] GC(601) ParOldGen: 586511K(699392K)->599503K(699392K)
[140.167s][info][gc,metaspace   ] GC(601) Metaspace: 67950K(69120K)->67950K(69120K) NonClass: 59511K(60032K)->59511K(60032K) Class: 8438K(9088K)->8438K(9088K)
[140.167s][info][gc             ] GC(601) Pause Young (Allocation Failure) 795M->593M(955M) 54.483ms
[140.167s][info][gc,cpu         ] GC(601) User=1.02s Sys=0.00s Real=0.05s
[140.372s][info][gc,start       ] GC(602) Pause Young (Allocation Failure)
[140.407s][info][gc,heap        ] GC(602) PSYoungGen: 222225K(278528K)->8256K(281600K) Eden: 214016K(214016K)->0K(221184K) From: 8209K(64512K)->8256K(60416K)
[140.407s][info][gc,heap        ] GC(602) ParOldGen: 599503K(699392K)->606420K(699392K)
[140.407s][info][gc,metaspace   ] GC(602) Metaspace: 67950K(69120K)->67950K(69120K) NonClass: 59511K(60032K)->59511K(60032K) Class: 8438K(9088K)->8438K(9088K)
[140.407s][info][gc             ] GC(602) Pause Young (Allocation Failure) 802M->600M(958M) 35.524ms
[140.407s][info][gc,cpu         ] GC(602) User=0.69s Sys=0.00s Real=0.03s
[140.596s][info][gc,start       ] GC(603) Pause Young (Allocation Failure)
[140.621s][info][gc,heap        ] GC(603) PSYoungGen: 229440K(281600K)->32480K(283648K) Eden: 221184K(221184K)->0K(221184K) From: 8256K(60416K)->32480K(62464K)
[140.621s][info][gc,heap        ] GC(603) ParOldGen: 606420K(699392K)->614420K(699392K)
[140.621s][info][gc,metaspace   ] GC(603) Metaspace: 67951K(69120K)->67951K(69120K) NonClass: 59512K(60032K)->59512K(60032K) Class: 8438K(9088K)->8438K(9088K)
[140.621s][info][gc             ] GC(603) Pause Young (Allocation Failure) 816M->631M(960M) 25.438ms
[140.621s][info][gc,cpu         ] GC(603) User=0.36s Sys=0.00s Real=0.02s
[140.792s][info][gc,start       ] GC(604) Pause Young (Allocation Failure)
[140.816s][info][gc,heap        ] GC(604) PSYoungGen: 253664K(283648K)->31636K(285184K) Eden: 221184K(221184K)->0K(224768K) From: 32480K(62464K)->31636K(60416K)
[140.816s][info][gc,heap        ] GC(604) ParOldGen: 614420K(699392K)->614556K(699392K)
[140.816s][info][gc,metaspace   ] GC(604) Metaspace: 67952K(69120K)->67952K(69120K) NonClass: 59513K(60032K)->59513K(60032K) Class: 8438K(9088K)->8438K(9088K)
[140.816s][info][gc             ] GC(604) Pause Young (Allocation Failure) 847M->631M(961M) 23.355ms
[140.816s][info][gc,cpu         ] GC(604) User=0.72s Sys=0.00s Real=0.03s
[141.170s][info][gc,start       ] GC(605) Pause Young (Allocation Failure)
[141.182s][info][gc,heap        ] GC(605) PSYoungGen: 256404K(285184K)->3280K(286208K) Eden: 224768K(224768K)->0K(224768K) From: 31636K(60416K)->3280K(61440K)
[141.182s][info][gc,heap        ] GC(605) ParOldGen: 614556K(699392K)->614692K(699392K)
[141.182s][info][gc,metaspace   ] GC(605) Metaspace: 67983K(69184K)->67983K(69184K) NonClass: 59544K(60096K)->59544K(60096K) Class: 8438K(9088K)->8438K(9088K)
[141.182s][info][gc             ] GC(605) Pause Young (Allocation Failure) 850M->603M(962M) 11.890ms
[141.182s][info][gc,cpu         ] GC(605) User=0.13s Sys=0.00s Real=0.02s
[141.276s][info][gc,start       ] GC(606) Pause Young (Allocation Failure)
[141.294s][info][gc,heap        ] GC(606) PSYoungGen: 228048K(286208K)->32487K(287744K) Eden: 224768K(224768K)->0K(226304K) From: 3280K(61440K)->32487K(61440K)
[141.316s][info][gc,heap        ] GC(606) ParOldGen: 614692K(699392K)->617356K(699392K)
[141.316s][info][gc,metaspace   ] GC(606) Metaspace: 67983K(69184K)->67983K(69184K) NonClass: 59544K(60096K)->59544K(60096K) Class: 8438K(9088K)->8438K(9088K)
[141.316s][info][gc             ] GC(606) Pause Young (Allocation Failure) 822M->634M(964M) 40.217ms
[141.316s][info][gc,cpu         ] GC(606) User=0.36s Sys=0.00s Real=0.03s
[141.418s][info][gc,start       ] GC(607) Pause Young (Allocation Failure)
[141.471s][info][gc,heap        ] GC(607) PSYoungGen: 258791K(287744K)->40256K(266752K) Eden: 226304K(226304K)->0K(226304K) From: 32487K(61440K)->40256K(40448K)
[141.471s][info][gc,heap        ] GC(607) ParOldGen: 617356K(699392K)->645876K(699392K)
[141.471s][info][gc,metaspace   ] GC(607) Metaspace: 67983K(69184K)->67983K(69184K) NonClass: 59544K(60096K)->59544K(60096K) Class: 8438K(9088K)->8438K(9088K)
[141.471s][info][gc             ] GC(607) Pause Young (Allocation Failure) 855M->670M(943M) 53.070ms
[141.471s][info][gc,cpu         ] GC(607) User=0.50s Sys=0.00s Real=0.05s
[141.776s][info][gc,start       ] GC(608) Pause Young (Allocation Failure)
[141.806s][info][gc,heap        ] GC(608) PSYoungGen: 264651K(266752K)->50547K(273920K) Eden: 224395K(226304K)->0K(209920K) From: 40256K(40448K)->50547K(64000K)
[141.806s][info][gc,heap        ] GC(608) ParOldGen: 645876K(699392K)->685652K(699392K)
[141.806s][info][gc,metaspace   ] GC(608) Metaspace: 67983K(69184K)->67983K(69184K) NonClass: 59544K(60096K)->59544K(60096K) Class: 8438K(9088K)->8438K(9088K)
[141.806s][info][gc             ] GC(608) Pause Young (Allocation Failure) 889M->718M(950M) 29.781ms
[141.806s][info][gc,cpu         ] GC(608) User=0.69s Sys=0.00s Real=0.03s
[141.806s][info][gc,start       ] GC(609) Pause Full (Ergonomics)
[141.806s][info][gc,phases,start] GC(609) Marking Phase
[141.867s][info][gc,phases      ] GC(609) Marking Phase 61.275ms
[141.867s][info][gc,phases,start] GC(609) Summary Phase
[141.867s][info][gc,phases      ] GC(609) Summary Phase 0.028ms
[141.867s][info][gc,phases,start] GC(609) Adjust Roots
[141.878s][info][gc,phases      ] GC(609) Adjust Roots 10.153ms
[141.878s][info][gc,phases,start] GC(609) Compaction Phase
[141.942s][info][gc,phases      ] GC(609) Compaction Phase 64.422ms
[141.942s][info][gc,phases,start] GC(609) Post Compact
[141.947s][info][gc,phases      ] GC(609) Post Compact 4.438ms
[141.947s][info][gc,heap        ] GC(609) PSYoungGen: 50547K(273920K)->0K(279552K) Eden: 0K(209920K)->0K(209920K) From: 50547K(64000K)->0K(69632K)
[141.947s][info][gc,heap        ] GC(609) ParOldGen: 685652K(699392K)->225996K(699392K)
[141.947s][info][gc,metaspace   ] GC(609) Metaspace: 67983K(69184K)->67983K(69184K) NonClass: 59544K(60096K)->59544K(60096K) Class: 8438K(9088K)->8438K(9088K)
[141.947s][info][gc             ] GC(609) Pause Full (Ergonomics) 718M->220M(956M) 140.718ms
[141.947s][info][gc,cpu         ] GC(609) User=1.50s Sys=0.00s Real=0.14s
[142.019s][info][gc,start       ] GC(610) Pause Young (Allocation Failure)
[142.040s][info][gc,heap        ] GC(610) PSYoungGen: 209920K(279552K)->69631K(239616K) Eden: 209920K(209920K)->0K(169984K) From: 0K(69632K)->69631K(69632K)
[142.040s][info][gc,heap        ] GC(610) ParOldGen: 225996K(699392K)->249960K(699392K)
[142.040s][info][gc,metaspace   ] GC(610) Metaspace: 68000K(69184K)->68000K(69184K) NonClass: 59561K(60096K)->59561K(60096K) Class: 8438K(9088K)->8438K(9088K)
[142.040s][info][gc             ] GC(610) Pause Young (Allocation Failure) 425M->312M(917M) 20.608ms
[142.040s][info][gc,cpu         ] GC(610) User=0.34s Sys=0.00s Real=0.02s
[142.139s][info][gc,start       ] GC(611) Pause Young (Allocation Failure)
[142.162s][info][gc,heap        ] GC(611) PSYoungGen: 239615K(239616K)->36016K(259584K) Eden: 169984K(169984K)->0K(169984K) From: 69631K(69632K)->36016K(89600K)
[142.162s][info][gc,heap        ] GC(611) ParOldGen: 249960K(699392K)->304151K(699392K)
[142.162s][info][gc,metaspace   ] GC(611) Metaspace: 68000K(69184K)->68000K(69184K) NonClass: 59561K(60096K)->59561K(60096K) Class: 8438K(9088K)->8438K(9088K)
[142.162s][info][gc             ] GC(611) Pause Young (Allocation Failure) 478M->332M(936M) 23.005ms
[142.162s][info][gc,cpu         ] GC(611) User=0.34s Sys=0.00s Real=0.02s
[142.246s][info][gc,start       ] GC(612) Pause Young (Allocation Failure)
[142.277s][info][gc,heap        ] GC(612) PSYoungGen: 206000K(259584K)->26919K(247808K) Eden: 169984K(169984K)->0K(174592K) From: 36016K(89600K)->26919K(73216K)
[142.277s][info][gc,heap        ] GC(612) ParOldGen: 304151K(699392K)->323328K(699392K)
[142.277s][info][gc,metaspace   ] GC(612) Metaspace: 68000K(69184K)->68000K(69184K) NonClass: 59561K(60096K)->59561K(60096K) Class: 8438K(9088K)->8438K(9088K)
[142.277s][info][gc             ] GC(612) Pause Young (Allocation Failure) 498M->342M(925M) 31.498ms
[142.278s][info][gc,cpu         ] GC(612) User=0.69s Sys=0.00s Real=0.03s
[142.347s][info][gc,start       ] GC(613) Pause Young (Allocation Failure)
[142.370s][info][gc,heap        ] GC(613) PSYoungGen: 201511K(247808K)->64K(256000K) Eden: 174592K(174592K)->0K(174592K) From: 26919K(73216K)->64K(81408K)
[142.370s][info][gc,heap        ] GC(613) ParOldGen: 323328K(699392K)->352442K(699392K)
[142.370s][info][gc,metaspace   ] GC(613) Metaspace: 68000K(69184K)->68000K(69184K) NonClass: 59561K(60096K)->59561K(60096K) Class: 8438K(9088K)->8438K(9088K)
[142.370s][info][gc             ] GC(613) Pause Young (Allocation Failure) 512M->344M(933M) 23.448ms
[142.370s][info][gc,cpu         ] GC(613) User=0.34s Sys=0.00s Real=0.02s
[142.467s][info][gc,start       ] GC(614) Pause Young (Allocation Failure)
[142.623s][info][gc,heap        ] GC(614) PSYoungGen: 174656K(256000K)->42560K(267264K) Eden: 174592K(174592K)->0K(185856K) From: 64K(81408K)->42560K(81408K)
[142.623s][info][gc,heap        ] GC(614) ParOldGen: 352442K(699392K)->352442K(699392K)
[142.623s][info][gc,metaspace   ] GC(614) Metaspace: 68000K(69184K)->68000K(69184K) NonClass: 59561K(60096K)->59561K(60096K) Class: 8438K(9088K)->8438K(9088K)
[142.623s][info][gc             ] GC(614) Pause Young (Allocation Failure) 514M->385M(944M) 155.398ms
[142.623s][info][gc,cpu         ] GC(614) User=2.39s Sys=0.06s Real=0.16s
[142.678s][info][gc,start       ] GC(615) Pause Young (System.gc())
[142.681s][info][gc,heap        ] GC(615) PSYoungGen: 121408K(267264K)->96K(267264K) Eden: 78848K(185856K)->0K(185856K) From: 42560K(81408K)->96K(81408K)
[142.682s][info][gc,heap        ] GC(615) ParOldGen: 352442K(699392K)->352482K(699392K)
[142.682s][info][gc,metaspace   ] GC(615) Metaspace: 68003K(69184K)->68003K(69184K) NonClass: 59565K(60096K)->59565K(60096K) Class: 8438K(9088K)->8438K(9088K)
[142.682s][info][gc             ] GC(615) Pause Young (System.gc()) 462M->344M(944M) 3.757ms
[142.682s][info][gc,cpu         ] GC(615) User=0.00s Sys=0.00s Real=0.00s
[142.682s][info][gc,start       ] GC(616) Pause Full (System.gc())
[142.682s][info][gc,phases,start] GC(616) Marking Phase
[142.747s][info][gc,phases      ] GC(616) Marking Phase 65.409ms
[142.747s][info][gc,phases,start] GC(616) Summary Phase
[142.747s][info][gc,phases      ] GC(616) Summary Phase 0.016ms
[142.747s][info][gc,phases,start] GC(616) Adjust Roots
[142.758s][info][gc,phases      ] GC(616) Adjust Roots 11.066ms
[142.759s][info][gc,phases,start] GC(616) Compaction Phase
[142.785s][info][gc,phases      ] GC(616) Compaction Phase 26.024ms
[142.785s][info][gc,phases,start] GC(616) Post Compact
[142.787s][info][gc,phases      ] GC(616) Post Compact 2.157ms
[142.787s][info][gc,heap        ] GC(616) PSYoungGen: 96K(267264K)->0K(267264K) Eden: 0K(185856K)->0K(185856K) From: 96K(81408K)->0K(81408K)
[142.787s][info][gc,heap        ] GC(616) ParOldGen: 352482K(699392K)->148620K(699392K)
[142.787s][info][gc,metaspace   ] GC(616) Metaspace: 68003K(69184K)->68003K(69184K) NonClass: 59565K(60096K)->59565K(60096K) Class: 8438K(9088K)->8438K(9088K)
[142.787s][info][gc             ] GC(616) Pause Full (System.gc()) 344M->145M(944M) 104.983ms
[142.787s][info][gc,cpu         ] GC(616) User=1.44s Sys=0.00s Real=0.11s
[142.917s][info][gc,start       ] GC(617) Pause Young (Allocation Failure)
[142.941s][info][gc,heap        ] GC(617) PSYoungGen: 185856K(267264K)->55296K(258048K) Eden: 185856K(185856K)->0K(176128K) From: 0K(81408K)->55296K(81920K)
[142.941s][info][gc,heap        ] GC(617) ParOldGen: 148620K(699392K)->148620K(699392K)
[142.941s][info][gc,metaspace   ] GC(617) Metaspace: 68023K(69184K)->68023K(69184K) NonClass: 59581K(60096K)->59581K(60096K) Class: 8441K(9088K)->8441K(9088K)
[142.941s][info][gc             ] GC(617) Pause Young (Allocation Failure) 326M->199M(935M) 24.508ms
[142.941s][info][gc,cpu         ] GC(617) User=0.23s Sys=0.00s Real=0.01s
[143.026s][info][gc,start       ] GC(618) Pause Young (Allocation Failure)
[143.064s][info][gc,heap        ] GC(618) PSYoungGen: 231424K(258048K)->38144K(262656K) Eden: 176128K(176128K)->0K(176128K) From: 55296K(81920K)->38144K(86528K)
[143.064s][info][gc,heap        ] GC(618) ParOldGen: 148620K(699392K)->203765K(699392K)
[143.064s][info][gc,metaspace   ] GC(618) Metaspace: 68023K(69184K)->68023K(69184K) NonClass: 59581K(60096K)->59581K(60096K) Class: 8441K(9088K)->8441K(9088K)
[143.064s][info][gc             ] GC(618) Pause Young (Allocation Failure) 371M->236M(939M) 38.175ms
[143.064s][info][gc,cpu         ] GC(618) User=0.69s Sys=0.00s Real=0.03s
[143.156s][info][gc,start       ] GC(619) Pause Young (Allocation Failure)
[143.193s][info][gc,heap        ] GC(619) PSYoungGen: 214272K(262656K)->24896K(253952K) Eden: 176128K(176128K)->0K(179200K) From: 38144K(86528K)->24896K(74752K)
[143.193s][info][gc,heap        ] GC(619) ParOldGen: 203765K(699392K)->238253K(699392K)
[143.193s][info][gc,metaspace   ] GC(619) Metaspace: 68023K(69184K)->68023K(69184K) NonClass: 59581K(60096K)->59581K(60096K) Class: 8441K(9088K)->8441K(9088K)
[143.193s][info][gc             ] GC(619) Pause Young (Allocation Failure) 408M->256M(931M) 37.632ms
[143.193s][info][gc,cpu         ] GC(619) User=0.69s Sys=0.00s Real=0.03s
[143.290s][info][gc,start       ] GC(620) Pause Young (Allocation Failure)
[143.319s][info][gc,heap        ] GC(620) PSYoungGen: 204096K(253952K)->16128K(259072K) Eden: 179200K(179200K)->0K(179200K) From: 24896K(74752K)->16128K(79872K)
[143.319s][info][gc,heap        ] GC(620) ParOldGen: 238253K(699392K)->260445K(699392K)
[143.319s][info][gc,metaspace   ] GC(620) Metaspace: 68023K(69184K)->68023K(69184K) NonClass: 59581K(60096K)->59581K(60096K) Class: 8441K(9088K)->8441K(9088K)
[143.319s][info][gc             ] GC(620) Pause Young (Allocation Failure) 431M->270M(936M) 28.629ms
[143.319s][info][gc,cpu         ] GC(620) User=0.23s Sys=0.00s Real=0.03s
[143.430s][info][gc,start       ] GC(621) Pause Young (Allocation Failure)
[143.470s][info][gc,heap        ] GC(621) PSYoungGen: 195328K(259072K)->26640K(258560K) Eden: 179200K(179200K)->0K(192000K) From: 16128K(79872K)->26640K(66560K)
[143.470s][info][gc,heap        ] GC(621) ParOldGen: 260445K(699392K)->275229K(699392K)
[143.470s][info][gc,metaspace   ] GC(621) Metaspace: 68023K(69184K)->68023K(69184K) NonClass: 59581K(60096K)->59581K(60096K) Class: 8441K(9088K)->8441K(9088K)
[143.470s][info][gc             ] GC(621) Pause Young (Allocation Failure) 445M->294M(935M) 39.812ms
[143.470s][info][gc,cpu         ] GC(621) User=1.03s Sys=0.00s Real=0.05s
[143.577s][info][gc,start       ] GC(622) Pause Young (Allocation Failure)
[143.606s][info][gc,heap        ] GC(622) PSYoungGen: 218640K(258560K)->14432K(265216K) Eden: 192000K(192000K)->0K(192000K) From: 26640K(66560K)->14432K(73216K)
[143.606s][info][gc,heap        ] GC(622) ParOldGen: 275229K(699392K)->299181K(699392K)
[143.606s][info][gc,metaspace   ] GC(622) Metaspace: 68023K(69184K)->68023K(69184K) NonClass: 59581K(60096K)->59581K(60096K) Class: 8441K(9088K)->8441K(9088K)
[143.606s][info][gc             ] GC(622) Pause Young (Allocation Failure) 482M->306M(942M) 29.191ms
[143.606s][info][gc,cpu         ] GC(622) User=0.69s Sys=0.00s Real=0.03s
[143.714s][info][gc,start       ] GC(623) Pause Young (Allocation Failure)
[143.780s][info][gc,heap        ] GC(623) PSYoungGen: 206432K(265216K)->13920K(269824K) Eden: 192000K(192000K)->0K(204800K) From: 14432K(73216K)->13920K(65024K)
[143.781s][info][gc,heap        ] GC(623) ParOldGen: 299181K(699392K)->310365K(699392K)
[143.781s][info][gc,metaspace   ] GC(623) Metaspace: 68023K(69184K)->68023K(69184K) NonClass: 59581K(60096K)->59581K(60096K) Class: 8441K(9088K)->8441K(9088K)
[143.781s][info][gc             ] GC(623) Pause Young (Allocation Failure) 493M->316M(946M) 66.630ms
[143.781s][info][gc,cpu         ] GC(623) User=1.38s Sys=0.00s Real=0.06s
[143.906s][info][gc,start       ] GC(624) Pause Young (Allocation Failure)
[143.977s][info][gc,heap        ] GC(624) PSYoungGen: 218720K(269824K)->15232K(273920K) Eden: 204800K(204800K)->0K(204800K) From: 13920K(65024K)->15232K(69120K)
[143.977s][info][gc,heap        ] GC(624) ParOldGen: 310365K(699392K)->321573K(699392K)
[143.977s][info][gc,metaspace   ] GC(624) Metaspace: 68023K(69184K)->68023K(69184K) NonClass: 59581K(60096K)->59581K(60096K) Class: 8441K(9088K)->8441K(9088K)
[143.977s][info][gc             ] GC(624) Pause Young (Allocation Failure) 516M->328M(950M) 71.132ms
[143.977s][info][gc,cpu         ] GC(624) User=1.38s Sys=0.00s Real=0.06s
[144.177s][info][gc,start       ] GC(625) Pause Young (Allocation Failure)
[144.214s][info][gc,heap        ] GC(625) PSYoungGen: 220032K(273920K)->17408K(271872K) Eden: 204800K(204800K)->0K(212992K) From: 15232K(69120K)->17408K(58880K)
[144.214s][info][gc,heap        ] GC(625) ParOldGen: 321573K(699392K)->335029K(699392K)
[144.214s][info][gc,metaspace   ] GC(625) Metaspace: 68023K(69184K)->68023K(69184K) NonClass: 59581K(60096K)->59581K(60096K) Class: 8441K(9088K)->8441K(9088K)
[144.214s][info][gc             ] GC(625) Pause Young (Allocation Failure) 528M->344M(948M) 37.141ms
[144.214s][info][gc,cpu         ] GC(625) User=0.69s Sys=0.00s Real=0.03s
[144.532s][info][gc,start       ] GC(626) Pause Young (Allocation Failure)
[144.572s][info][gc,heap        ] GC(626) PSYoungGen: 230400K(271872K)->11143K(276992K) Eden: 212992K(212992K)->0K(212992K) From: 17408K(58880K)->11143K(64000K)
[144.572s][info][gc,heap        ] GC(626) ParOldGen: 335029K(699392K)->348525K(699392K)
[144.572s][info][gc,metaspace   ] GC(626) Metaspace: 68023K(69184K)->68023K(69184K) NonClass: 59581K(60096K)->59581K(60096K) Class: 8441K(9088K)->8441K(9088K)
[144.572s][info][gc             ] GC(626) Pause Young (Allocation Failure) 552M->351M(953M) 39.646ms
[144.572s][info][gc,cpu         ] GC(626) User=1.03s Sys=0.00s Real=0.05s
[144.966s][info][gc,start       ] GC(627) Pause Young (Allocation Failure)
[145.061s][info][gc,heap        ] GC(627) PSYoungGen: 224135K(276992K)->7808K(280576K) Eden: 212992K(212992K)->0K(222720K) From: 11143K(64000K)->7808K(57856K)
[145.061s][info][gc,heap        ] GC(627) ParOldGen: 348525K(699392K)->354925K(699392K)
[145.061s][info][gc,metaspace   ] GC(627) Metaspace: 68023K(69184K)->68023K(69184K) NonClass: 59581K(60096K)->59581K(60096K) Class: 8441K(9088K)->8441K(9088K)
[145.061s][info][gc             ] GC(627) Pause Young (Allocation Failure) 559M->354M(957M) 95.964ms
[145.062s][info][gc,cpu         ] GC(627) User=2.06s Sys=0.00s Real=0.09s
[145.752s][info][gc,start       ] GC(628) Pause Young (Allocation Failure)
[145.830s][info][gc,heap        ] GC(628) PSYoungGen: 230528K(280576K)->34132K(283648K) Eden: 222720K(222720K)->0K(222720K) From: 7808K(57856K)->34132K(60928K)
[145.830s][info][gc,heap        ] GC(628) ParOldGen: 354925K(699392K)->361701K(699392K)
[145.830s][info][gc,metaspace   ] GC(628) Metaspace: 68036K(69184K)->68036K(69184K) NonClass: 59593K(60096K)->59593K(60096K) Class: 8443K(9088K)->8443K(9088K)
[145.830s][info][gc             ] GC(628) Pause Young (Allocation Failure) 571M->386M(960M) 77.765ms
[145.830s][info][gc,cpu         ] GC(628) User=1.80s Sys=0.00s Real=0.08s
[145.948s][info][gc,start       ] GC(629) Pause Young (Allocation Failure)
[145.988s][info][gc,heap        ] GC(629) PSYoungGen: 256852K(283648K)->61920K(233984K) Eden: 222720K(222720K)->0K(172032K) From: 34132K(60928K)->61920K(61952K)
[145.988s][info][gc,heap        ] GC(629) ParOldGen: 361701K(699392K)->405302K(699392K)
[145.988s][info][gc,metaspace   ] GC(629) Metaspace: 68036K(69184K)->68036K(69184K) NonClass: 59593K(60096K)->59593K(60096K) Class: 8443K(9088K)->8443K(9088K)
[145.988s][info][gc             ] GC(629) Pause Young (Allocation Failure) 604M->456M(911M) 39.527ms
[145.988s][info][gc,cpu         ] GC(629) User=0.63s Sys=0.03s Real=0.03s
[146.059s][info][gc,start       ] GC(630) Pause Young (Allocation Failure)
[146.097s][info][gc,heap        ] GC(630) PSYoungGen: 233217K(233984K)->25120K(260608K) Eden: 171297K(172032K)->0K(172032K) From: 61920K(61952K)->25120K(88576K)
[146.097s][info][gc,heap        ] GC(630) ParOldGen: 405302K(699392K)->467455K(699392K)
[146.097s][info][gc,metaspace   ] GC(630) Metaspace: 68036K(69184K)->68036K(69184K) NonClass: 59593K(60096K)->59593K(60096K) Class: 8443K(9088K)->8443K(9088K)
[146.097s][info][gc             ] GC(630) Pause Young (Allocation Failure) 623M->481M(937M) 38.261ms
[146.097s][info][gc,cpu         ] GC(630) User=0.69s Sys=0.00s Real=0.03s
[146.178s][info][gc,start       ] GC(631) Pause Young (Allocation Failure)
[146.208s][info][gc,heap        ] GC(631) PSYoungGen: 197152K(260608K)->26080K(246784K) Eden: 172032K(172032K)->0K(176640K) From: 25120K(88576K)->26080K(70144K)
[146.208s][info][gc,heap        ] GC(631) ParOldGen: 467455K(699392K)->486263K(699392K)
[146.208s][info][gc,metaspace   ] GC(631) Metaspace: 68036K(69184K)->68036K(69184K) NonClass: 59593K(60096K)->59593K(60096K) Class: 8443K(9088K)->8443K(9088K)
[146.208s][info][gc             ] GC(631) Pause Young (Allocation Failure) 649M->500M(924M) 29.418ms
[146.208s][info][gc,cpu         ] GC(631) User=0.69s Sys=0.00s Real=0.03s
[146.284s][info][gc,start       ] GC(632) Pause Young (Allocation Failure)
[146.311s][info][gc,heap        ] GC(632) PSYoungGen: 202720K(246784K)->18240K(256000K) Eden: 176640K(176640K)->0K(176640K) From: 26080K(70144K)->18240K(79360K)
[146.311s][info][gc,heap        ] GC(632) ParOldGen: 486263K(699392K)->509519K(699392K)
[146.311s][info][gc,metaspace   ] GC(632) Metaspace: 68036K(69184K)->68036K(69184K) NonClass: 59593K(60096K)->59593K(60096K) Class: 8443K(9088K)->8443K(9088K)
[146.311s][info][gc             ] GC(632) Pause Young (Allocation Failure) 672M->515M(933M) 26.446ms
[146.311s][info][gc,cpu         ] GC(632) User=0.69s Sys=0.00s Real=0.03s
[146.407s][info][gc,start       ] GC(633) Pause Young (Allocation Failure)
[146.447s][info][gc,heap        ] GC(633) PSYoungGen: 194880K(256000K)->32192K(259584K) Eden: 176640K(176640K)->0K(193536K) From: 18240K(79360K)->32192K(66048K)
[146.447s][info][gc,heap        ] GC(633) ParOldGen: 509519K(699392K)->525471K(699392K)
[146.447s][info][gc,metaspace   ] GC(633) Metaspace: 68036K(69184K)->68036K(69184K) NonClass: 59593K(60096K)->59593K(60096K) Class: 8443K(9088K)->8443K(9088K)
[146.447s][info][gc             ] GC(633) Pause Young (Allocation Failure) 687M->544M(936M) 40.390ms
[146.447s][info][gc,cpu         ] GC(633) User=1.03s Sys=0.00s Real=0.05s
[146.535s][info][gc,start       ] GC(634) Pause Young (Allocation Failure)
[146.570s][info][gc,heap        ] GC(634) PSYoungGen: 225728K(259584K)->16640K(266240K) Eden: 193536K(193536K)->0K(193536K) From: 32192K(66048K)->16640K(72704K)
[146.570s][info][gc,heap        ] GC(634) ParOldGen: 525471K(699392K)->555679K(699392K)
[146.570s][info][gc,metaspace   ] GC(634) Metaspace: 68036K(69184K)->68036K(69184K) NonClass: 59593K(60096K)->59593K(60096K) Class: 8443K(9088K)->8443K(9088K)
[146.570s][info][gc             ] GC(634) Pause Young (Allocation Failure) 733M->558M(943M) 34.861ms
[146.570s][info][gc,cpu         ] GC(634) User=0.69s Sys=0.00s Real=0.03s
[146.660s][info][gc,start       ] GC(635) Pause Young (Allocation Failure)
[146.715s][info][gc,heap        ] GC(635) PSYoungGen: 210176K(266240K)->15712K(270336K) Eden: 193536K(193536K)->0K(205824K) From: 16640K(72704K)->15712K(64512K)
[146.715s][info][gc,heap        ] GC(635) ParOldGen: 555679K(699392K)->568887K(699392K)
[146.715s][info][gc,metaspace   ] GC(635) Metaspace: 68036K(69184K)->68036K(69184K) NonClass: 59593K(60096K)->59593K(60096K) Class: 8443K(9088K)->8443K(9088K)
[146.715s][info][gc             ] GC(635) Pause Young (Allocation Failure) 747M->570M(947M) 55.249ms
[146.715s][info][gc,cpu         ] GC(635) User=1.03s Sys=0.00s Real=0.05s
[146.834s][info][gc,start       ] GC(636) Pause Young (Allocation Failure)
[146.896s][info][gc,heap        ] GC(636) PSYoungGen: 221536K(270336K)->15040K(274432K) Eden: 205824K(205824K)->0K(205824K) From: 15712K(64512K)->15040K(68608K)
[146.896s][info][gc,heap        ] GC(636) ParOldGen: 568887K(699392K)->581223K(699392K)
[146.896s][info][gc,metaspace   ] GC(636) Metaspace: 68036K(69184K)->68036K(69184K) NonClass: 59593K(60096K)->59593K(60096K) Class: 8443K(9088K)->8443K(9088K)
[146.896s][info][gc             ] GC(636) Pause Young (Allocation Failure) 771M->582M(951M) 62.580ms
[146.896s][info][gc,cpu         ] GC(636) User=1.38s Sys=0.00s Real=0.06s
[147.293s][info][gc,start       ] GC(637) Pause Young (Allocation Failure)
[147.352s][info][gc,heap        ] GC(637) PSYoungGen: 220864K(274432K)->11504K(274432K) Eden: 205824K(205824K)->0K(214016K) From: 15040K(68608K)->11504K(60416K)
[147.352s][info][gc,heap        ] GC(637) ParOldGen: 581223K(699392K)->593703K(699392K)
[147.352s][info][gc,metaspace   ] GC(637) Metaspace: 68036K(69184K)->68036K(69184K) NonClass: 59593K(60096K)->59593K(60096K) Class: 8443K(9088K)->8443K(9088K)
[147.352s][info][gc             ] GC(637) Pause Young (Allocation Failure) 783M->591M(951M) 58.610ms
[147.352s][info][gc,cpu         ] GC(637) User=1.38s Sys=0.00s Real=0.06s
[147.809s][info][gc,start       ] GC(638) Pause Young (Allocation Failure)
[147.854s][info][gc,heap        ] GC(638) PSYoungGen: 225520K(274432K)->32329K(278528K) Eden: 214016K(214016K)->0K(214016K) From: 11504K(60416K)->32329K(64512K)
[147.854s][info][gc,heap        ] GC(638) ParOldGen: 593703K(699392K)->603655K(699392K)
[147.854s][info][gc,metaspace   ] GC(638) Metaspace: 68036K(69184K)->68036K(69184K) NonClass: 59593K(60096K)->59593K(60096K) Class: 8443K(9088K)->8443K(9088K)
[147.854s][info][gc             ] GC(638) Pause Young (Allocation Failure) 800M->621M(955M) 44.777ms
[147.854s][info][gc,cpu         ] GC(638) User=1.03s Sys=0.00s Real=0.05s
[148.040s][info][gc,start       ] GC(639) Pause Young (Allocation Failure)
[148.064s][info][gc,heap        ] GC(639) PSYoungGen: 246345K(278528K)->30833K(280576K) Eden: 214016K(214016K)->0K(221184K) From: 32329K(64512K)->30833K(59392K)
[148.064s][info][gc,heap        ] GC(639) ParOldGen: 603655K(699392K)->603773K(699392K)
[148.064s][info][gc,metaspace   ] GC(639) Metaspace: 68053K(69248K)->68053K(69248K) NonClass: 59610K(60160K)->59610K(60160K) Class: 8443K(9088K)->8443K(9088K)
[148.064s][info][gc             ] GC(639) Pause Young (Allocation Failure) 830M->619M(957M) 23.714ms
[148.064s][info][gc,cpu         ] GC(639) User=0.69s Sys=0.00s Real=0.03s
[148.244s][info][gc,start       ] GC(640) Pause Young (Allocation Failure)
[148.263s][info][gc,heap        ] GC(640) PSYoungGen: 252017K(280576K)->28819K(283136K) Eden: 221184K(221184K)->0K(221184K) From: 30833K(59392K)->28819K(61952K)
[148.263s][info][gc,heap        ] GC(640) ParOldGen: 603773K(699392K)->603901K(699392K)
[148.263s][info][gc,metaspace   ] GC(640) Metaspace: 68094K(69248K)->68094K(69248K) NonClass: 59650K(60160K)->59650K(60160K) Class: 8444K(9088K)->8444K(9088K)
[148.263s][info][gc             ] GC(640) Pause Young (Allocation Failure) 835M->617M(959M) 19.690ms
[148.263s][info][gc,cpu         ] GC(640) User=0.36s Sys=0.00s Real=0.02s
[148.538s][info][gc,start       ] GC(641) Pause Young (Allocation Failure)
[148.556s][info][gc,heap        ] GC(641) PSYoungGen: 250003K(283136K)->8993K(286208K) Eden: 221184K(221184K)->0K(227840K) From: 28819K(61952K)->8993K(58368K)
[148.556s][info][gc,heap        ] GC(641) ParOldGen: 603901K(699392K)->612554K(699392K)
[148.556s][info][gc,metaspace   ] GC(641) Metaspace: 68096K(69248K)->68096K(69248K) NonClass: 59651K(60160K)->59651K(60160K) Class: 8444K(9088K)->8444K(9088K)
[148.556s][info][gc             ] GC(641) Pause Young (Allocation Failure) 833M->606M(962M) 18.374ms
[148.556s][info][gc,cpu         ] GC(641) User=0.36s Sys=0.00s Real=0.02s
[148.764s][info][gc,start       ] GC(642) Pause Young (Allocation Failure)
[148.804s][info][gc,heap        ] GC(642) PSYoungGen: 236833K(286208K)->25787K(286720K) Eden: 227840K(227840K)->0K(227840K) From: 8993K(58368K)->25787K(58880K)
[148.804s][info][gc,heap        ] GC(642) ParOldGen: 612554K(699392K)->620482K(699392K)
[148.804s][info][gc,metaspace   ] GC(642) Metaspace: 68134K(69312K)->68134K(69312K) NonClass: 59689K(60224K)->59689K(60224K) Class: 8445K(9088K)->8445K(9088K)
[148.804s][info][gc             ] GC(642) Pause Young (Allocation Failure) 829M->631M(963M) 40.795ms
[148.805s][info][gc,cpu         ] GC(642) User=0.72s Sys=0.00s Real=0.03s
[148.896s][info][gc,start       ] GC(643) Pause Young (Allocation Failure)
[148.927s][info][gc,heap        ] GC(643) PSYoungGen: 253627K(286720K)->38419K(286208K) Eden: 227840K(227840K)->0K(229888K) From: 25787K(58880K)->38419K(56320K)
[148.927s][info][gc,heap        ] GC(643) ParOldGen: 620482K(699392K)->643749K(699392K)
[148.927s][info][gc,metaspace   ] GC(643) Metaspace: 68134K(69312K)->68134K(69312K) NonClass: 59689K(60224K)->59689K(60224K) Class: 8445K(9088K)->8445K(9088K)
[148.927s][info][gc             ] GC(643) Pause Young (Allocation Failure) 853M->666M(962M) 30.207ms
[148.927s][info][gc,cpu         ] GC(643) User=1.08s Sys=0.00s Real=0.04s
[149.206s][info][gc,start       ] GC(644) Pause Young (Allocation Failure)
[149.240s][info][gc,heap        ] GC(644) PSYoungGen: 268307K(286208K)->53039K(283136K) Eden: 229888K(229888K)->0K(229888K) From: 38419K(56320K)->53039K(53248K)
[149.240s][info][gc,heap        ] GC(644) ParOldGen: 643749K(699392K)->680725K(699392K)
[149.240s][info][gc,metaspace   ] GC(644) Metaspace: 68140K(69312K)->68140K(69312K) NonClass: 59695K(60224K)->59695K(60224K) Class: 8445K(9088K)->8445K(9088K)
[149.240s][info][gc             ] GC(644) Pause Young (Allocation Failure) 890M->716M(959M) 34.507ms
[149.241s][info][gc,cpu         ] GC(644) User=0.72s Sys=0.00s Real=0.03s
[149.241s][info][gc,start       ] GC(645) Pause Full (Ergonomics)
[149.241s][info][gc,phases,start] GC(645) Marking Phase
[149.292s][info][gc,phases      ] GC(645) Marking Phase 51.228ms
[149.292s][info][gc,phases,start] GC(645) Summary Phase
[149.292s][info][gc,phases      ] GC(645) Summary Phase 0.029ms
[149.292s][info][gc,phases,start] GC(645) Adjust Roots
[149.301s][info][gc,phases      ] GC(645) Adjust Roots 8.843ms
[149.301s][info][gc,phases,start] GC(645) Compaction Phase
[149.370s][info][gc,phases      ] GC(645) Compaction Phase 68.768ms
[149.370s][info][gc,phases,start] GC(645) Post Compact
[149.373s][info][gc,phases      ] GC(645) Post Compact 3.742ms
[149.373s][info][gc,heap        ] GC(645) PSYoungGen: 53039K(283136K)->0K(284160K) Eden: 0K(229888K)->0K(219136K) From: 53039K(53248K)->0K(65024K)
[149.373s][info][gc,heap        ] GC(645) ParOldGen: 680725K(699392K)->218969K(699392K)
[149.373s][info][gc,metaspace   ] GC(645) Metaspace: 68140K(69312K)->68140K(69312K) NonClass: 59695K(60224K)->59695K(60224K) Class: 8445K(9088K)->8445K(9088K)
[149.373s][info][gc             ] GC(645) Pause Full (Ergonomics) 716M->213M(960M) 132.871ms
[149.374s][info][gc,cpu         ] GC(645) User=1.92s Sys=0.00s Real=0.14s
[149.514s][info][gc,start       ] GC(646) Pause Young (Allocation Failure)
[149.533s][info][gc,heap        ] GC(646) PSYoungGen: 219136K(284160K)->65019K(284160K) Eden: 219136K(219136K)->0K(219136K) From: 0K(65024K)->65019K(65024K)
[149.533s][info][gc,heap        ] GC(646) ParOldGen: 218969K(699392K)->269881K(699392K)
[149.533s][info][gc,metaspace   ] GC(646) Metaspace: 68181K(69312K)->68181K(69312K) NonClass: 59736K(60224K)->59736K(60224K) Class: 8445K(9088K)->8445K(9088K)
[149.533s][info][gc             ] GC(646) Pause Young (Allocation Failure) 427M->327M(960M) 19.200ms
[149.533s][info][gc,cpu         ] GC(646) User=0.72s Sys=0.00s Real=0.02s
[149.634s][info][gc,start       ] GC(647) Pause Young (Allocation Failure)
[149.658s][info][gc,heap        ] GC(647) PSYoungGen: 284155K(284160K)->38191K(237056K) Eden: 219136K(219136K)->0K(172032K) From: 65019K(65024K)->38191K(65024K)
[149.659s][info][gc,heap        ] GC(647) ParOldGen: 269881K(699392K)->286406K(699392K)
[149.659s][info][gc,metaspace   ] GC(647) Metaspace: 68195K(69376K)->68195K(69376K) NonClass: 59750K(60288K)->59750K(60288K) Class: 8445K(9088K)->8445K(9088K)
[149.659s][info][gc             ] GC(647) Pause Young (Allocation Failure) 541M->316M(914M) 24.720ms
[149.659s][info][gc,cpu         ] GC(647) User=0.36s Sys=0.00s Real=0.02s
[149.735s][info][gc,start       ] GC(648) Pause Young (Allocation Failure)
[149.770s][info][gc,heap        ] GC(648) PSYoungGen: 210223K(237056K)->13986K(260608K) Eden: 172032K(172032K)->0K(172032K) From: 38191K(65024K)->13986K(88576K)
[149.770s][info][gc,heap        ] GC(648) ParOldGen: 286406K(699392K)->324397K(699392K)
[149.770s][info][gc,metaspace   ] GC(648) Metaspace: 68195K(69376K)->68195K(69376K) NonClass: 59750K(60288K)->59750K(60288K) Class: 8445K(9088K)->8445K(9088K)
[149.770s][info][gc             ] GC(648) Pause Young (Allocation Failure) 484M->330M(937M) 35.433ms
[149.770s][info][gc,cpu         ] GC(648) User=1.03s Sys=0.00s Real=0.05s
[149.838s][info][gc,start       ] GC(649) Pause Young (Allocation Failure)
[149.859s][info][gc,heap        ] GC(649) PSYoungGen: 186018K(260608K)->112K(260608K) Eden: 172032K(172032K)->0K(173056K) From: 13986K(88576K)->112K(87552K)
[149.859s][info][gc,heap        ] GC(649) ParOldGen: 324397K(699392K)->340522K(699392K)
[149.859s][info][gc,metaspace   ] GC(649) Metaspace: 68195K(69376K)->68195K(69376K) NonClass: 59750K(60288K)->59750K(60288K) Class: 8445K(9088K)->8445K(9088K)
[149.859s][info][gc             ] GC(649) Pause Young (Allocation Failure) 498M->332M(937M) 21.502ms
[149.859s][info][gc,cpu         ] GC(649) User=0.34s Sys=0.00s Real=0.02s
[149.960s][info][gc,start       ] GC(650) Pause Young (Allocation Failure)
[150.134s][info][gc,heap        ] GC(650) PSYoungGen: 173168K(260608K)->42528K(216064K) Eden: 173056K(173056K)->0K(173056K) From: 112K(87552K)->42528K(43008K)
[150.134s][info][gc,heap        ] GC(650) ParOldGen: 340522K(699392K)->340530K(699392K)
[150.134s][info][gc,metaspace   ] GC(650) Metaspace: 68195K(69376K)->68195K(69376K) NonClass: 59750K(60288K)->59750K(60288K) Class: 8445K(9088K)->8445K(9088K)
[150.134s][info][gc             ] GC(650) Pause Young (Allocation Failure) 501M->374M(894M) 173.847ms
[150.134s][info][gc,cpu         ] GC(650) User=2.33s Sys=0.06s Real=0.18s
[150.191s][info][gc,start       ] GC(651) Pause Young (System.gc())
[150.194s][info][gc,heap        ] GC(651) PSYoungGen: 104117K(216064K)->128K(260096K) Eden: 61589K(173056K)->0K(173568K) From: 42528K(43008K)->128K(86528K)
[150.194s][info][gc,heap        ] GC(651) ParOldGen: 340530K(699392K)->340570K(699392K)
[150.194s][info][gc,metaspace   ] GC(651) Metaspace: 68195K(69376K)->68195K(69376K) NonClass: 59750K(60288K)->59750K(60288K) Class: 8445K(9088K)->8445K(9088K)
[150.194s][info][gc             ] GC(651) Pause Young (System.gc()) 434M->332M(937M) 2.876ms
[150.194s][info][gc,cpu         ] GC(651) User=0.00s Sys=0.00s Real=0.00s
[150.194s][info][gc,start       ] GC(652) Pause Full (System.gc())
[150.194s][info][gc,phases,start] GC(652) Marking Phase
[150.255s][info][gc,phases      ] GC(652) Marking Phase 60.999ms
[150.256s][info][gc,phases,start] GC(652) Summary Phase
[150.256s][info][gc,phases      ] GC(652) Summary Phase 0.019ms
[150.256s][info][gc,phases,start] GC(652) Adjust Roots
[150.266s][info][gc,phases      ] GC(652) Adjust Roots 10.088ms
[150.266s][info][gc,phases,start] GC(652) Compaction Phase
[150.293s][info][gc,phases      ] GC(652) Compaction Phase 26.867ms
[150.293s][info][gc,phases,start] GC(652) Post Compact
[150.295s][info][gc,phases      ] GC(652) Post Compact 2.017ms
[150.295s][info][gc,heap        ] GC(652) PSYoungGen: 128K(260096K)->0K(260096K) Eden: 0K(173568K)->0K(173568K) From: 128K(86528K)->0K(86528K)
[150.295s][info][gc,heap        ] GC(652) ParOldGen: 340570K(699392K)->148681K(699392K)
[150.295s][info][gc,metaspace   ] GC(652) Metaspace: 68195K(69376K)->68195K(69376K) NonClass: 59750K(60288K)->59750K(60288K) Class: 8445K(9088K)->8445K(9088K)
[150.295s][info][gc             ] GC(652) Pause Full (System.gc()) 332M->145M(937M) 100.334ms
[150.295s][info][gc,cpu         ] GC(652) User=1.42s Sys=0.00s Real=0.11s
[150.419s][info][gc,start       ] GC(653) Pause Young (Allocation Failure)
[150.442s][info][gc,heap        ] GC(653) PSYoungGen: 173568K(260096K)->51232K(260096K) Eden: 173568K(173568K)->0K(173568K) From: 0K(86528K)->51232K(86528K)
[150.442s][info][gc,heap        ] GC(653) ParOldGen: 148681K(699392K)->148681K(699392K)
[150.442s][info][gc,metaspace   ] GC(653) Metaspace: 68208K(69376K)->68208K(69376K) NonClass: 59761K(60288K)->59761K(60288K) Class: 8446K(9088K)->8446K(9088K)
[150.442s][info][gc             ] GC(653) Pause Young (Allocation Failure) 314M->195M(937M) 22.886ms
[150.442s][info][gc,cpu         ] GC(653) User=0.53s Sys=0.00s Real=0.03s
[150.527s][info][gc,start       ] GC(654) Pause Young (Allocation Failure)
[150.563s][info][gc,heap        ] GC(654) PSYoungGen: 224800K(260096K)->45536K(260608K) Eden: 173568K(173568K)->0K(171520K) From: 51232K(86528K)->45536K(89088K)
[150.563s][info][gc,heap        ] GC(654) ParOldGen: 148681K(699392K)->197736K(699392K)
[150.563s][info][gc,metaspace   ] GC(654) Metaspace: 68208K(69376K)->68208K(69376K) NonClass: 59761K(60288K)->59761K(60288K) Class: 8446K(9088K)->8446K(9088K)
[150.563s][info][gc             ] GC(654) Pause Young (Allocation Failure) 364M->237M(937M) 35.851ms
[150.563s][info][gc,cpu         ] GC(654) User=0.69s Sys=0.02s Real=0.05s
[150.650s][info][gc,start       ] GC(655) Pause Young (Allocation Failure)
[150.691s][info][gc,heap        ] GC(655) PSYoungGen: 217056K(260608K)->24896K(196608K) Eden: 171520K(171520K)->0K(171520K) From: 45536K(89088K)->24896K(25088K)
[150.691s][info][gc,heap        ] GC(655) ParOldGen: 197736K(699392K)->236944K(699392K)
[150.691s][info][gc,metaspace   ] GC(655) Metaspace: 68208K(69376K)->68208K(69376K) NonClass: 59761K(60288K)->59761K(60288K) Class: 8446K(9088K)->8446K(9088K)
[150.691s][info][gc             ] GC(655) Pause Young (Allocation Failure) 405M->255M(875M) 41.150ms
[150.691s][info][gc,cpu         ] GC(655) User=1.03s Sys=0.00s Real=0.05s
[150.791s][info][gc,start       ] GC(656) Pause Young (Allocation Failure)
[150.813s][info][gc,heap        ] GC(656) PSYoungGen: 196416K(196608K)->15872K(258560K) Eden: 171520K(171520K)->0K(174080K) From: 24896K(25088K)->15872K(84480K)
[150.813s][info][gc,heap        ] GC(656) ParOldGen: 236944K(699392K)->261304K(699392K)
[150.813s][info][gc,metaspace   ] GC(656) Metaspace: 68208K(69376K)->68208K(69376K) NonClass: 59761K(60288K)->59761K(60288K) Class: 8446K(9088K)->8446K(9088K)
[150.813s][info][gc             ] GC(656) Pause Young (Allocation Failure) 423M->270M(935M) 22.670ms
[150.813s][info][gc,cpu         ] GC(656) User=0.33s Sys=0.00s Real=0.02s
[150.923s][info][gc,start       ] GC(657) Pause Young (Allocation Failure)
[150.962s][info][gc,heap        ] GC(657) PSYoungGen: 189952K(258560K)->26576K(256000K) Eden: 174080K(174080K)->0K(174080K) From: 15872K(84480K)->26576K(81920K)
[150.962s][info][gc,heap        ] GC(657) ParOldGen: 261304K(699392K)->275424K(699392K)
[150.962s][info][gc,metaspace   ] GC(657) Metaspace: 68208K(69376K)->68208K(69376K) NonClass: 59761K(60288K)->59761K(60288K) Class: 8446K(9088K)->8446K(9088K)
[150.962s][info][gc             ] GC(657) Pause Young (Allocation Failure) 440M->294M(933M) 38.730ms
[150.962s][info][gc,cpu         ] GC(657) User=1.03s Sys=0.00s Real=0.05s
[151.058s][info][gc,start       ] GC(658) Pause Young (Allocation Failure)
[151.087s][info][gc,heap        ] GC(658) PSYoungGen: 200656K(256000K)->13344K(261632K) Eden: 174080K(174080K)->0K(184320K) From: 26576K(81920K)->13344K(77312K)
[151.087s][info][gc,heap        ] GC(658) ParOldGen: 275424K(699392K)->303832K(699392K)
[151.087s][info][gc,metaspace   ] GC(658) Metaspace: 68208K(69376K)->68208K(69376K) NonClass: 59761K(60288K)->59761K(60288K) Class: 8446K(9088K)->8446K(9088K)
[151.087s][info][gc             ] GC(658) Pause Young (Allocation Failure) 464M->309M(938M) 28.795ms
[151.087s][info][gc,cpu         ] GC(658) User=0.69s Sys=0.00s Real=0.03s
[151.196s][info][gc,start       ] GC(659) Pause Young (Allocation Failure)
[151.256s][info][gc,heap        ] GC(659) PSYoungGen: 197664K(261632K)->13376K(260096K) Eden: 184320K(184320K)->0K(184320K) From: 13344K(77312K)->13376K(75776K)
[151.256s][info][gc,heap        ] GC(659) ParOldGen: 303832K(699392K)->314136K(699392K)
[151.256s][info][gc,metaspace   ] GC(659) Metaspace: 68208K(69376K)->68208K(69376K) NonClass: 59761K(60288K)->59761K(60288K) Class: 8446K(9088K)->8446K(9088K)
[151.256s][info][gc             ] GC(659) Pause Young (Allocation Failure) 489M->319M(937M) 60.684ms
[151.256s][info][gc,cpu         ] GC(659) User=1.38s Sys=0.00s Real=0.06s
[151.377s][info][gc,start       ] GC(660) Pause Young (Allocation Failure)
[151.439s][info][gc,heap        ] GC(660) PSYoungGen: 197696K(260096K)->14432K(270848K) Eden: 184320K(184320K)->0K(198656K) From: 13376K(75776K)->14432K(72192K)
[151.439s][info][gc,heap        ] GC(660) ParOldGen: 314136K(699392K)->324800K(699392K)
[151.439s][info][gc,metaspace   ] GC(660) Metaspace: 68208K(69376K)->68208K(69376K) NonClass: 59761K(60288K)->59761K(60288K) Class: 8446K(9088K)->8446K(9088K)
[151.439s][info][gc             ] GC(660) Pause Young (Allocation Failure) 499M->331M(947M) 62.253ms
[151.439s][info][gc,cpu         ] GC(660) User=1.38s Sys=0.00s Real=0.06s
[151.611s][info][gc,start       ] GC(661) Pause Young (Allocation Failure)
[151.662s][info][gc,heap        ] GC(661) PSYoungGen: 213088K(270848K)->15488K(269824K) Eden: 198656K(198656K)->0K(198656K) From: 14432K(72192K)->15488K(71168K)
[151.662s][info][gc,heap        ] GC(661) ParOldGen: 324800K(699392K)->337168K(699392K)
[151.662s][info][gc,metaspace   ] GC(661) Metaspace: 68208K(69376K)->68208K(69376K) NonClass: 59761K(60288K)->59761K(60288K) Class: 8446K(9088K)->8446K(9088K)
[151.662s][info][gc             ] GC(661) Pause Young (Allocation Failure) 525M->344M(946M) 51.205ms
[151.662s][info][gc,cpu         ] GC(661) User=1.03s Sys=0.00s Real=0.05s
[151.928s][info][gc,start       ] GC(662) Pause Young (Allocation Failure)
[151.978s][info][gc,heap        ] GC(662) PSYoungGen: 214144K(269824K)->14016K(275456K) Eden: 198656K(198656K)->0K(208384K) From: 15488K(71168K)->14016K(67072K)
[151.978s][info][gc,heap        ] GC(662) ParOldGen: 337168K(699392K)->347072K(699392K)
[151.978s][info][gc,metaspace   ] GC(662) Metaspace: 68208K(69376K)->68208K(69376K) NonClass: 59761K(60288K)->59761K(60288K) Class: 8446K(9088K)->8446K(9088K)
[151.978s][info][gc             ] GC(662) Pause Young (Allocation Failure) 538M->352M(952M) 50.411ms
[151.978s][info][gc,cpu         ] GC(662) User=1.03s Sys=0.00s Real=0.04s
[152.342s][info][gc,start       ] GC(663) Pause Young (Allocation Failure)
[152.371s][info][gc,heap        ] GC(663) PSYoungGen: 222400K(275456K)->7872K(273920K) Eden: 208384K(208384K)->0K(208384K) From: 14016K(67072K)->7872K(65536K)
[152.371s][info][gc,heap        ] GC(663) ParOldGen: 347072K(699392K)->358632K(699392K)
[152.371s][info][gc,metaspace   ] GC(663) Metaspace: 68208K(69376K)->68208K(69376K) NonClass: 59761K(60288K)->59761K(60288K) Class: 8446K(9088K)->8446K(9088K)
[152.371s][info][gc             ] GC(663) Pause Young (Allocation Failure) 556M->357M(950M) 29.131ms
[152.371s][info][gc,cpu         ] GC(663) User=0.69s Sys=0.00s Real=0.03s
[153.139s][info][gc,start       ] GC(664) Pause Young (Allocation Failure)
[153.265s][info][gc,heap        ] GC(664) PSYoungGen: 216256K(273920K)->13107K(281088K) Eden: 208384K(208384K)->0K(219136K) From: 7872K(65536K)->13107K(61952K)
[153.265s][info][gc,heap        ] GC(664) ParOldGen: 358632K(699392K)->364736K(699392K)
[153.265s][info][gc,metaspace   ] GC(664) Metaspace: 68220K(69376K)->68220K(69376K) NonClass: 59772K(60288K)->59772K(60288K) Class: 8447K(9088K)->8447K(9088K)
[153.265s][info][gc             ] GC(664) Pause Young (Allocation Failure) 561M->368M(957M) 126.374ms
[153.265s][info][gc,cpu         ] GC(664) User=2.44s Sys=0.00s Real=0.13s
[153.472s][info][gc,start       ] GC(665) Pause Young (Allocation Failure)
[153.518s][info][gc,heap        ] GC(665) PSYoungGen: 232243K(281088K)->53376K(272896K) Eden: 219136K(219136K)->0K(219136K) From: 13107K(61952K)->53376K(53760K)
[153.518s][info][gc,heap        ] GC(665) ParOldGen: 364736K(699392K)->372855K(699392K)
[153.518s][info][gc,metaspace   ] GC(665) Metaspace: 68220K(69376K)->68220K(69376K) NonClass: 59772K(60288K)->59772K(60288K) Class: 8447K(9088K)->8447K(9088K)
[153.518s][info][gc             ] GC(665) Pause Young (Allocation Failure) 582M->416M(949M) 45.505ms
[153.518s][info][gc,cpu         ] GC(665) User=1.08s Sys=0.00s Real=0.05s
[153.610s][info][gc,start       ] GC(666) Pause Young (Allocation Failure)
[153.650s][info][gc,heap        ] GC(666) PSYoungGen: 272512K(272896K)->68000K(257024K) Eden: 219136K(219136K)->0K(187392K) From: 53376K(53760K)->68000K(69632K)
[153.650s][info][gc,heap        ] GC(666) ParOldGen: 372855K(699392K)->419871K(699392K)
[153.650s][info][gc,metaspace   ] GC(666) Metaspace: 68220K(69376K)->68220K(69376K) NonClass: 59772K(60288K)->59772K(60288K) Class: 8447K(9088K)->8447K(9088K)
[153.650s][info][gc             ] GC(666) Pause Young (Allocation Failure) 630M->476M(934M) 39.994ms
[153.650s][info][gc,cpu         ] GC(666) User=0.69s Sys=0.00s Real=0.03s
[153.731s][info][gc,start       ] GC(667) Pause Young (Allocation Failure)
[153.770s][info][gc,heap        ] GC(667) PSYoungGen: 255392K(257024K)->27968K(268288K) Eden: 187392K(187392K)->0K(187392K) From: 68000K(69632K)->27968K(80896K)
[153.770s][info][gc,heap        ] GC(667) ParOldGen: 419871K(699392K)->486719K(699392K)
[153.770s][info][gc,metaspace   ] GC(667) Metaspace: 68220K(69376K)->68220K(69376K) NonClass: 59772K(60288K)->59772K(60288K) Class: 8447K(9088K)->8447K(9088K)
[153.770s][info][gc             ] GC(667) Pause Young (Allocation Failure) 659M->502M(945M) 39.164ms
[153.770s][info][gc,cpu         ] GC(667) User=0.69s Sys=0.00s Real=0.03s
[153.859s][info][gc,start       ] GC(668) Pause Young (Allocation Failure)
[153.889s][info][gc,heap        ] GC(668) PSYoungGen: 215360K(268288K)->22656K(256000K) Eden: 187392K(187392K)->0K(192512K) From: 27968K(80896K)->22656K(63488K)
[153.889s][info][gc,heap        ] GC(668) ParOldGen: 486719K(699392K)->507719K(699392K)
[153.889s][info][gc,metaspace   ] GC(668) Metaspace: 68220K(69376K)->68220K(69376K) NonClass: 59772K(60288K)->59772K(60288K) Class: 8447K(9088K)->8447K(9088K)
[153.889s][info][gc             ] GC(668) Pause Young (Allocation Failure) 685M->517M(933M) 29.501ms
[153.889s][info][gc,cpu         ] GC(668) User=0.69s Sys=0.00s Real=0.03s
[153.995s][info][gc,start       ] GC(669) Pause Young (Allocation Failure)
[154.031s][info][gc,heap        ] GC(669) PSYoungGen: 215168K(256000K)->33312K(264704K) Eden: 192512K(192512K)->0K(192512K) From: 22656K(63488K)->33312K(72192K)
[154.031s][info][gc,heap        ] GC(669) ParOldGen: 507719K(699392K)->523567K(699392K)
[154.031s][info][gc,metaspace   ] GC(669) Metaspace: 68220K(69376K)->68220K(69376K) NonClass: 59772K(60288K)->59772K(60288K) Class: 8447K(9088K)->8447K(9088K)
[154.031s][info][gc             ] GC(669) Pause Young (Allocation Failure) 705M->543M(941M) 35.488ms
[154.031s][info][gc,cpu         ] GC(669) User=0.69s Sys=0.00s Real=0.03s
[154.117s][info][gc,start       ] GC(670) Pause Young (Allocation Failure)
[154.148s][info][gc,heap        ] GC(670) PSYoungGen: 225824K(264704K)->16800K(270336K) Eden: 192512K(192512K)->0K(207360K) From: 33312K(72192K)->16800K(62976K)
[154.148s][info][gc,heap        ] GC(670) ParOldGen: 523567K(699392K)->554287K(699392K)
[154.148s][info][gc,metaspace   ] GC(670) Metaspace: 68220K(69376K)->68220K(69376K) NonClass: 59772K(60288K)->59772K(60288K) Class: 8447K(9088K)->8447K(9088K)
[154.148s][info][gc             ] GC(670) Pause Young (Allocation Failure) 731M->557M(947M) 30.929ms
[154.148s][info][gc,cpu         ] GC(670) User=0.69s Sys=0.00s Real=0.03s
[154.245s][info][gc,start       ] GC(671) Pause Young (Allocation Failure)
[154.300s][info][gc,heap        ] GC(671) PSYoungGen: 224160K(270336K)->16640K(274944K) Eden: 207360K(207360K)->0K(207360K) From: 16800K(62976K)->16640K(67584K)
[154.300s][info][gc,heap        ] GC(671) ParOldGen: 554287K(699392K)->567487K(699392K)
[154.300s][info][gc,metaspace   ] GC(671) Metaspace: 68220K(69376K)->68220K(69376K) NonClass: 59772K(60288K)->59772K(60288K) Class: 8447K(9088K)->8447K(9088K)
[154.300s][info][gc             ] GC(671) Pause Young (Allocation Failure) 760M->570M(951M) 54.795ms
[154.300s][info][gc,cpu         ] GC(671) User=1.03s Sys=0.00s Real=0.05s
[154.412s][info][gc,start       ] GC(672) Pause Young (Allocation Failure)
[154.467s][info][gc,heap        ] GC(672) PSYoungGen: 224000K(274944K)->15232K(275456K) Eden: 207360K(207360K)->0K(216064K) From: 16640K(67584K)->15232K(59392K)
[154.518s][info][gc,heap        ] GC(672) ParOldGen: 567487K(699392K)->580591K(699392K)
[154.518s][info][gc,metaspace   ] GC(672) Metaspace: 68220K(69376K)->68220K(69376K) NonClass: 59772K(60288K)->59772K(60288K) Class: 8447K(9088K)->8447K(9088K)
[154.518s][info][gc             ] GC(672) Pause Young (Allocation Failure) 772M->581M(952M) 106.113ms
[154.518s][info][gc,cpu         ] GC(672) User=1.38s Sys=0.00s Real=0.11s
[154.935s][info][gc,start       ] GC(673) Pause Young (Allocation Failure)
[154.995s][info][gc,heap        ] GC(673) PSYoungGen: 231296K(275456K)->12464K(279552K) Eden: 216064K(216064K)->0K(216064K) From: 15232K(59392K)->12464K(63488K)
[154.995s][info][gc,heap        ] GC(673) ParOldGen: 580591K(699392K)->593007K(699392K)
[154.995s][info][gc,metaspace   ] GC(673) Metaspace: 68220K(69376K)->68220K(69376K) NonClass: 59772K(60288K)->59772K(60288K) Class: 8447K(9088K)->8447K(9088K)
[154.995s][info][gc             ] GC(673) Pause Young (Allocation Failure) 792M->591M(956M) 60.017ms
[154.995s][info][gc,cpu         ] GC(673) User=1.38s Sys=0.00s Real=0.05s
[155.473s][info][gc,start       ] GC(674) Pause Young (Allocation Failure)
[155.510s][info][gc,heap        ] GC(674) PSYoungGen: 228528K(279552K)->34313K(284160K) Eden: 216064K(216064K)->0K(223744K) From: 12464K(63488K)->34313K(60416K)
[155.510s][info][gc,heap        ] GC(674) ParOldGen: 593007K(699392K)->603863K(699392K)
[155.510s][info][gc,metaspace   ] GC(674) Metaspace: 68220K(69376K)->68220K(69376K) NonClass: 59772K(60288K)->59772K(60288K) Class: 8447K(9088K)->8447K(9088K)
[155.510s][info][gc             ] GC(674) Pause Young (Allocation Failure) 802M->623M(960M) 36.685ms
[155.510s][info][gc,cpu         ] GC(674) User=0.69s Sys=0.00s Real=0.03s
[155.692s][info][gc,start       ] GC(675) Pause Young (Allocation Failure)
[155.715s][info][gc,heap        ] GC(675) PSYoungGen: 258057K(284160K)->31604K(285696K) Eden: 223744K(223744K)->0K(223744K) From: 34313K(60416K)->31604K(61952K)
[155.715s][info][gc,heap        ] GC(675) ParOldGen: 603863K(699392K)->603997K(699392K)
[155.715s][info][gc,metaspace   ] GC(675) Metaspace: 68228K(69376K)->68228K(69376K) NonClass: 59780K(60288K)->59780K(60288K) Class: 8448K(9088K)->8448K(9088K)
[155.715s][info][gc             ] GC(675) Pause Young (Allocation Failure) 841M->620M(962M) 23.134ms
[155.715s][info][gc,cpu         ] GC(675) User=0.72s Sys=0.00s Real=0.03s
[155.891s][info][gc,start       ] GC(676) Pause Young (Allocation Failure)
[155.912s][info][gc,heap        ] GC(676) PSYoungGen: 255348K(285696K)->32551K(284672K) Eden: 223744K(223744K)->0K(226304K) From: 31604K(61952K)->32551K(58368K)
[155.912s][info][gc,heap        ] GC(676) ParOldGen: 603997K(699392K)->604093K(699392K)
[155.912s][info][gc,metaspace   ] GC(676) Metaspace: 68232K(69376K)->68232K(69376K) NonClass: 59784K(60288K)->59784K(60288K) Class: 8448K(9088K)->8448K(9088K)
[155.912s][info][gc             ] GC(676) Pause Young (Allocation Failure) 839M->621M(961M) 20.887ms
[155.912s][info][gc,cpu         ] GC(676) User=0.36s Sys=0.00s Real=0.02s
[156.270s][info][gc,start       ] GC(677) Pause Young (Allocation Failure)
[156.281s][info][gc,heap        ] GC(677) PSYoungGen: 258855K(284672K)->800K(286208K) Eden: 226304K(226304K)->0K(226304K) From: 32551K(58368K)->800K(59904K)
[156.281s][info][gc,heap        ] GC(677) ParOldGen: 604093K(699392K)->604196K(699392K)
[156.281s][info][gc,metaspace   ] GC(677) Metaspace: 68239K(69376K)->68239K(69376K) NonClass: 59791K(60288K)->59791K(60288K) Class: 8448K(9088K)->8448K(9088K)
[156.281s][info][gc             ] GC(677) Pause Young (Allocation Failure) 842M->590M(962M) 10.771ms
[156.281s][info][gc,cpu         ] GC(677) User=0.06s Sys=0.00s Real=0.02s
[156.379s][info][gc,start       ] GC(678) Pause Young (Allocation Failure)
[156.394s][info][gc,heap        ] GC(678) PSYoungGen: 227104K(286208K)->28583K(286208K) Eden: 226304K(226304K)->0K(228352K) From: 800K(59904K)->28583K(57856K)
[156.394s][info][gc,heap        ] GC(678) ParOldGen: 604196K(699392K)->604652K(699392K)
[156.394s][info][gc,metaspace   ] GC(678) Metaspace: 68239K(69376K)->68239K(69376K) NonClass: 59791K(60288K)->59791K(60288K) Class: 8448K(9088K)->8448K(9088K)
[156.394s][info][gc             ] GC(678) Pause Young (Allocation Failure) 811M->618M(962M) 14.669ms
[156.394s][info][gc,cpu         ] GC(678) User=0.36s Sys=0.00s Real=0.02s
[156.495s][info][gc,start       ] GC(679) Pause Young (Allocation Failure)
[156.530s][info][gc,heap        ] GC(679) PSYoungGen: 256935K(286208K)->39296K(287232K) Eden: 228352K(228352K)->0K(228352K) From: 28583K(57856K)->39296K(58880K)
[156.530s][info][gc,heap        ] GC(679) ParOldGen: 604652K(699392K)->629708K(699392K)
[156.530s][info][gc,metaspace   ] GC(679) Metaspace: 68239K(69376K)->68239K(69376K) NonClass: 59791K(60288K)->59791K(60288K) Class: 8448K(9088K)->8448K(9088K)
[156.530s][info][gc             ] GC(679) Pause Young (Allocation Failure) 841M->653M(963M) 35.130ms
[156.530s][info][gc,cpu         ] GC(679) User=0.95s Sys=0.00s Real=0.05s
[156.846s][info][gc,start       ] GC(680) Pause Young (Allocation Failure)
[156.877s][info][gc,heap        ] GC(680) PSYoungGen: 267648K(287232K)->55571K(272896K) Eden: 228352K(228352K)->0K(211968K) From: 39296K(58880K)->55571K(60928K)
[156.877s][info][gc,heap        ] GC(680) ParOldGen: 629708K(699392K)->668612K(699392K)
[156.877s][info][gc,metaspace   ] GC(680) Metaspace: 68244K(69376K)->68244K(69376K) NonClass: 59796K(60288K)->59796K(60288K) Class: 8448K(9088K)->8448K(9088K)
[156.877s][info][gc             ] GC(680) Pause Young (Allocation Failure) 876M->707M(949M) 31.108ms
[156.877s][info][gc,cpu         ] GC(680) User=0.72s Sys=0.00s Real=0.03s
[156.877s][info][gc,start       ] GC(681) Pause Full (Ergonomics)
[156.877s][info][gc,phases,start] GC(681) Marking Phase
[156.931s][info][gc,phases      ] GC(681) Marking Phase 54.670ms
[156.932s][info][gc,phases,start] GC(681) Summary Phase
[156.932s][info][gc,phases      ] GC(681) Summary Phase 0.028ms
[156.932s][info][gc,phases,start] GC(681) Adjust Roots
[156.940s][info][gc,phases      ] GC(681) Adjust Roots 8.878ms
[156.940s][info][gc,phases,start] GC(681) Compaction Phase
[157.017s][info][gc,phases      ] GC(681) Compaction Phase 76.903ms
[157.017s][info][gc,phases,start] GC(681) Post Compact
[157.022s][info][gc,phases      ] GC(681) Post Compact 4.617ms
[157.022s][info][gc,heap        ] GC(681) PSYoungGen: 55571K(272896K)->0K(280576K) Eden: 0K(211968K)->0K(211968K) From: 55571K(60928K)->0K(68608K)
[157.022s][info][gc,heap        ] GC(681) ParOldGen: 668612K(699392K)->225247K(699392K)
[157.022s][info][gc,metaspace   ] GC(681) Metaspace: 68244K(69376K)->68244K(69376K) NonClass: 59796K(60288K)->59796K(60288K) Class: 8448K(9088K)->8448K(9088K)
[157.022s][info][gc             ] GC(681) Pause Full (Ergonomics) 707M->219M(957M) 145.480ms
[157.022s][info][gc,cpu         ] GC(681) User=1.86s Sys=0.00s Real=0.16s
[157.116s][info][gc,start       ] GC(682) Pause Young (Allocation Failure)
[157.135s][info][gc,heap        ] GC(682) PSYoungGen: 211527K(280576K)->68595K(237568K) Eden: 211527K(211968K)->0K(168960K) From: 0K(68608K)->68595K(68608K)
[157.135s][info][gc,heap        ] GC(682) ParOldGen: 225247K(699392K)->253962K(699392K)
[157.136s][info][gc,metaspace   ] GC(682) Metaspace: 68245K(69376K)->68245K(69376K) NonClass: 59797K(60288K)->59797K(60288K) Class: 8448K(9088K)->8448K(9088K)
[157.136s][info][gc             ] GC(682) Pause Young (Allocation Failure) 426M->314M(915M) 19.497ms
[157.136s][info][gc,cpu         ] GC(682) User=0.36s Sys=0.00s Real=0.01s
[157.203s][info][gc,start       ] GC(683) Pause Young (Allocation Failure)
[157.220s][info][gc,heap        ] GC(683) PSYoungGen: 237555K(237568K)->48021K(259072K) Eden: 168960K(168960K)->0K(168960K) From: 68595K(68608K)->48021K(90112K)
[157.220s][info][gc,heap        ] GC(683) ParOldGen: 253962K(699392K)->282903K(699392K)
[157.220s][info][gc,metaspace   ] GC(683) Metaspace: 68245K(69376K)->68245K(69376K) NonClass: 59797K(60288K)->59797K(60288K) Class: 8448K(9088K)->8448K(9088K)
[157.220s][info][gc             ] GC(683) Pause Young (Allocation Failure) 479M->323M(936M) 16.901ms
[157.220s][info][gc,cpu         ] GC(683) User=0.34s Sys=0.00s Real=0.02s
[157.331s][info][gc,start       ] GC(684) Pause Young (Allocation Failure)
[157.363s][info][gc,heap        ] GC(684) PSYoungGen: 216981K(259072K)->31015K(249856K) Eden: 168960K(168960K)->0K(169984K) From: 48021K(90112K)->31015K(79872K)
[157.363s][info][gc,heap        ] GC(684) ParOldGen: 282903K(699392K)->308760K(699392K)
[157.363s][info][gc,metaspace   ] GC(684) Metaspace: 68245K(69376K)->68245K(69376K) NonClass: 59797K(60288K)->59797K(60288K) Class: 8448K(9088K)->8448K(9088K)
[157.363s][info][gc             ] GC(684) Pause Young (Allocation Failure) 488M->331M(927M) 32.113ms
[157.363s][info][gc,cpu         ] GC(684) User=0.69s Sys=0.00s Real=0.03s
[157.430s][info][gc,start       ] GC(685) Pause Young (Allocation Failure)
[157.458s][info][gc,heap        ] GC(685) PSYoungGen: 200999K(249856K)->80K(254976K) Eden: 169984K(169984K)->0K(169984K) From: 31015K(79872K)->80K(84992K)
[157.458s][info][gc,heap        ] GC(685) ParOldGen: 308760K(699392K)->339672K(699392K)
[157.458s][info][gc,metaspace   ] GC(685) Metaspace: 68245K(69376K)->68245K(69376K) NonClass: 59797K(60288K)->59797K(60288K) Class: 8448K(9088K)->8448K(9088K)
[157.458s][info][gc             ] GC(685) Pause Young (Allocation Failure) 497M->331M(932M) 28.275ms
[157.458s][info][gc,cpu         ] GC(685) User=0.69s Sys=0.00s Real=0.03s
[157.544s][info][gc,start       ] GC(686) Pause Young (Allocation Failure)
[157.882s][info][gc,heap        ] GC(686) PSYoungGen: 170064K(254976K)->42528K(261632K) Eden: 169984K(169984K)->0K(177664K) From: 80K(84992K)->42528K(83968K)
[157.882s][info][gc,heap        ] GC(686) ParOldGen: 339672K(699392K)->339672K(699392K)
[157.882s][info][gc,metaspace   ] GC(686) Metaspace: 68245K(69376K)->68245K(69376K) NonClass: 59797K(60288K)->59797K(60288K) Class: 8448K(9088K)->8448K(9088K)
[157.882s][info][gc             ] GC(686) Pause Young (Allocation Failure) 497M->373M(938M) 338.663ms
[157.882s][info][gc,cpu         ] GC(686) User=2.53s Sys=0.06s Real=0.34s
[157.979s][info][gc,start       ] GC(687) Pause Young (System.gc())
[157.984s][info][gc,heap        ] GC(687) PSYoungGen: 165839K(261632K)->128K(262144K) Eden: 123311K(177664K)->0K(177664K) From: 42528K(83968K)->128K(84480K)
[157.984s][info][gc,heap        ] GC(687) ParOldGen: 339672K(699392K)->339720K(699392K)
[157.984s][info][gc,metaspace   ] GC(687) Metaspace: 68245K(69376K)->68245K(69376K) NonClass: 59797K(60288K)->59797K(60288K) Class: 8448K(9088K)->8448K(9088K)
[157.984s][info][gc             ] GC(687) Pause Young (System.gc()) 493M->331M(939M) 4.998ms
[157.984s][info][gc,cpu         ] GC(687) User=0.00s Sys=0.00s Real=0.00s
[157.985s][info][gc,start       ] GC(688) Pause Full (System.gc())
[157.985s][info][gc,phases,start] GC(688) Marking Phase
[158.041s][info][gc,phases      ] GC(688) Marking Phase 56.683ms
[158.041s][info][gc,phases,start] GC(688) Summary Phase
[158.041s][info][gc,phases      ] GC(688) Summary Phase 0.022ms
[158.041s][info][gc,phases,start] GC(688) Adjust Roots
[158.050s][info][gc,phases      ] GC(688) Adjust Roots 9.091ms
[158.050s][info][gc,phases,start] GC(688) Compaction Phase
[158.084s][info][gc,phases      ] GC(688) Compaction Phase 33.388ms
[158.084s][info][gc,phases,start] GC(688) Post Compact
[158.086s][info][gc,phases      ] GC(688) Post Compact 2.327ms
[158.086s][info][gc,heap        ] GC(688) PSYoungGen: 128K(262144K)->0K(262144K) Eden: 0K(177664K)->0K(177664K) From: 128K(84480K)->0K(84480K)
[158.086s][info][gc,heap        ] GC(688) ParOldGen: 339720K(699392K)->148752K(699392K)
[158.086s][info][gc,metaspace   ] GC(688) Metaspace: 68245K(69376K)->68245K(69376K) NonClass: 59797K(60288K)->59797K(60288K) Class: 8448K(9088K)->8448K(9088K)
[158.086s][info][gc             ] GC(688) Pause Full (System.gc()) 331M->145M(939M) 101.925ms
[158.087s][info][gc,cpu         ] GC(688) User=1.36s Sys=0.08s Real=0.11s
[158.214s][info][gc,start       ] GC(689) Pause Young (Allocation Failure)
[158.236s][info][gc,heap        ] GC(689) PSYoungGen: 177664K(262144K)->52480K(258048K) Eden: 177664K(177664K)->0K(173056K) From: 0K(84480K)->52480K(84992K)
[158.236s][info][gc,heap        ] GC(689) ParOldGen: 148752K(699392K)->148752K(699392K)
[158.236s][info][gc,metaspace   ] GC(689) Metaspace: 68246K(69376K)->68246K(69376K) NonClass: 59797K(60288K)->59797K(60288K) Class: 8448K(9088K)->8448K(9088K)
[158.236s][info][gc             ] GC(689) Pause Young (Allocation Failure) 318M->196M(935M) 22.435ms
[158.236s][info][gc,cpu         ] GC(689) User=0.45s Sys=0.00s Real=0.03s
[158.323s][info][gc,start       ] GC(690) Pause Young (Allocation Failure)
[158.359s][info][gc,heap        ] GC(690) PSYoungGen: 225536K(258048K)->41120K(261120K) Eden: 173056K(173056K)->0K(173056K) From: 52480K(84992K)->41120K(88064K)
[158.359s][info][gc,heap        ] GC(690) ParOldGen: 148752K(699392K)->199098K(699392K)
[158.359s][info][gc,metaspace   ] GC(690) Metaspace: 68246K(69376K)->68246K(69376K) NonClass: 59797K(60288K)->59797K(60288K) Class: 8448K(9088K)->8448K(9088K)
[158.359s][info][gc             ] GC(690) Pause Young (Allocation Failure) 365M->234M(938M) 35.833ms
[158.359s][info][gc,cpu         ] GC(690) User=0.78s Sys=0.02s Real=0.05s
[158.445s][info][gc,start       ] GC(691) Pause Young (Allocation Failure)
[158.491s][info][gc,heap        ] GC(691) PSYoungGen: 214176K(261120K)->25984K(253440K) Eden: 173056K(173056K)->0K(175616K) From: 41120K(88064K)->25984K(77824K)
[158.491s][info][gc,heap        ] GC(691) ParOldGen: 199098K(699392K)->237266K(699392K)
[158.491s][info][gc,metaspace   ] GC(691) Metaspace: 68246K(69376K)->68246K(69376K) NonClass: 59797K(60288K)->59797K(60288K) Class: 8448K(9088K)->8448K(9088K)
[158.491s][info][gc             ] GC(691) Pause Young (Allocation Failure) 403M->257M(930M) 46.655ms
[158.491s][info][gc,cpu         ] GC(691) User=1.03s Sys=0.00s Real=0.05s
[158.589s][info][gc,start       ] GC(692) Pause Young (Allocation Failure)
[158.613s][info][gc,heap        ] GC(692) PSYoungGen: 201600K(253440K)->15904K(257536K) Eden: 175616K(175616K)->0K(175616K) From: 25984K(77824K)->15904K(81920K)
[158.613s][info][gc,heap        ] GC(692) ParOldGen: 237266K(699392K)->259634K(699392K)
[158.613s][info][gc,metaspace   ] GC(692) Metaspace: 68247K(69376K)->68247K(69376K) NonClass: 59798K(60288K)->59798K(60288K) Class: 8448K(9088K)->8448K(9088K)
[158.613s][info][gc             ] GC(692) Pause Young (Allocation Failure) 428M->269M(934M) 24.326ms
[158.613s][info][gc,cpu         ] GC(692) User=0.58s Sys=0.00s Real=0.03s
[158.725s][info][gc,start       ] GC(693) Pause Young (Allocation Failure)
[158.757s][info][gc,heap        ] GC(693) PSYoungGen: 191520K(257536K)->26560K(257024K) Eden: 175616K(175616K)->0K(187392K) From: 15904K(81920K)->26560K(69632K)
[158.757s][info][gc,heap        ] GC(693) ParOldGen: 259634K(699392K)->273874K(699392K)
[158.757s][info][gc,metaspace   ] GC(693) Metaspace: 68247K(69376K)->68247K(69376K) NonClass: 59798K(60288K)->59798K(60288K) Class: 8448K(9088K)->8448K(9088K)
[158.757s][info][gc             ] GC(693) Pause Young (Allocation Failure) 440M->293M(934M) 32.553ms
[158.757s][info][gc,cpu         ] GC(693) User=0.69s Sys=0.00s Real=0.03s
[158.865s][info][gc,start       ] GC(694) Pause Young (Allocation Failure)
[158.893s][info][gc,heap        ] GC(694) PSYoungGen: 213952K(257024K)->14080K(263168K) Eden: 187392K(187392K)->0K(187392K) From: 26560K(69632K)->14080K(75776K)
[158.893s][info][gc,heap        ] GC(694) ParOldGen: 273874K(699392K)->298074K(699392K)
[158.893s][info][gc,metaspace   ] GC(694) Metaspace: 68247K(69376K)->68247K(69376K) NonClass: 59798K(60288K)->59798K(60288K) Class: 8448K(9088K)->8448K(9088K)
[158.893s][info][gc             ] GC(694) Pause Young (Allocation Failure) 476M->304M(940M) 28.482ms
[158.893s][info][gc,cpu         ] GC(694) User=0.69s Sys=0.00s Real=0.03s
[159.000s][info][gc,start       ] GC(695) Pause Young (Allocation Failure)
[159.060s][info][gc,heap        ] GC(695) PSYoungGen: 201472K(263168K)->13632K(268288K) Eden: 187392K(187392K)->0K(199680K) From: 14080K(75776K)->13632K(68608K)
[159.060s][info][gc,heap        ] GC(695) ParOldGen: 298074K(699392K)->309066K(699392K)
[159.060s][info][gc,metaspace   ] GC(695) Metaspace: 68247K(69376K)->68247K(69376K) NonClass: 59798K(60288K)->59798K(60288K) Class: 8448K(9088K)->8448K(9088K)
[159.060s][info][gc             ] GC(695) Pause Young (Allocation Failure) 487M->315M(945M) 60.518ms
[159.060s][info][gc,cpu         ] GC(695) User=1.03s Sys=0.00s Real=0.05s
[159.174s][info][gc,start       ] GC(696) Pause Young (Allocation Failure)
[159.243s][info][gc,heap        ] GC(696) PSYoungGen: 213312K(268288K)->15520K(271872K) Eden: 199680K(199680K)->0K(199680K) From: 13632K(68608K)->15520K(72192K)
[159.243s][info][gc,heap        ] GC(696) ParOldGen: 309066K(699392K)->319986K(699392K)
[159.243s][info][gc,metaspace   ] GC(696) Metaspace: 68247K(69376K)->68247K(69376K) NonClass: 59798K(60288K)->59798K(60288K) Class: 8448K(9088K)->8448K(9088K)
[159.243s][info][gc             ] GC(696) Pause Young (Allocation Failure) 510M->327M(948M) 69.382ms
[159.244s][info][gc,cpu         ] GC(696) User=1.72s Sys=0.00s Real=0.08s
[159.421s][info][gc,start       ] GC(697) Pause Young (Allocation Failure)
[159.476s][info][gc,heap        ] GC(697) PSYoungGen: 215200K(271872K)->13152K(271872K) Eden: 199680K(199680K)->0K(207360K) From: 15520K(72192K)->13152K(64512K)
[159.476s][info][gc,heap        ] GC(697) ParOldGen: 319986K(699392K)->333122K(699392K)
[159.476s][info][gc,metaspace   ] GC(697) Metaspace: 68247K(69376K)->68247K(69376K) NonClass: 59798K(60288K)->59798K(60288K) Class: 8448K(9088K)->8448K(9088K)
[159.476s][info][gc             ] GC(697) Pause Young (Allocation Failure) 522M->338M(948M) 54.474ms
[159.476s][info][gc,cpu         ] GC(697) User=1.38s Sys=0.00s Real=0.06s
[159.752s][info][gc,start       ] GC(698) Pause Young (Allocation Failure)
[159.792s][info][gc,heap        ] GC(698) PSYoungGen: 220512K(271872K)->13632K(274944K) Eden: 207360K(207360K)->0K(207360K) From: 13152K(64512K)->13632K(67584K)
[159.792s][info][gc,heap        ] GC(698) ParOldGen: 333122K(699392K)->343210K(699392K)
[159.792s][info][gc,metaspace   ] GC(698) Metaspace: 68247K(69376K)->68247K(69376K) NonClass: 59798K(60288K)->59798K(60288K) Class: 8448K(9088K)->8448K(9088K)
[159.792s][info][gc             ] GC(698) Pause Young (Allocation Failure) 540M->348M(951M) 40.382ms
[159.792s][info][gc,cpu         ] GC(698) User=1.03s Sys=0.00s Real=0.04s
[160.174s][info][gc,start       ] GC(699) Pause Young (Allocation Failure)
[160.205s][info][gc,heap        ] GC(699) PSYoungGen: 220992K(274944K)->7616K(279040K) Eden: 207360K(207360K)->0K(216576K) From: 13632K(67584K)->7616K(62464K)
[160.205s][info][gc,heap        ] GC(699) ParOldGen: 343210K(699392K)->354034K(699392K)
[160.205s][info][gc,metaspace   ] GC(699) Metaspace: 68247K(69376K)->68247K(69376K) NonClass: 59799K(60288K)->59799K(60288K) Class: 8448K(9088K)->8448K(9088K)
[160.205s][info][gc             ] GC(699) Pause Young (Allocation Failure) 550M->353M(955M) 31.611ms
[160.205s][info][gc,cpu         ] GC(699) User=0.69s Sys=0.00s Real=0.03s
[160.882s][info][gc,start       ] GC(700) Pause Young (Allocation Failure)
[160.955s][info][gc,heap        ] GC(700) PSYoungGen: 224192K(279040K)->31999K(280576K) Eden: 216576K(216576K)->0K(216576K) From: 7616K(62464K)->31999K(64000K)
[160.955s][info][gc,heap        ] GC(700) ParOldGen: 354034K(699392K)->360138K(699392K)
[160.955s][info][gc,metaspace   ] GC(700) Metaspace: 68250K(69440K)->68250K(69440K) NonClass: 59801K(60352K)->59801K(60352K) Class: 8448K(9088K)->8448K(9088K)
[160.955s][info][gc             ] GC(700) Pause Young (Allocation Failure) 564M->382M(957M) 73.633ms
[160.955s][info][gc,cpu         ] GC(700) User=1.38s Sys=0.00s Real=0.07s
[161.135s][info][gc,start       ] GC(701) Pause Young (Allocation Failure)
[161.166s][info][gc,heap        ] GC(701) PSYoungGen: 248575K(280576K)->61728K(265216K) Eden: 216576K(216576K)->0K(201728K) From: 31999K(64000K)->61728K(63488K)
[161.166s][info][gc,heap        ] GC(701) ParOldGen: 360138K(699392K)->381460K(699392K)
[161.166s][info][gc,metaspace   ] GC(701) Metaspace: 68250K(69440K)->68250K(69440K) NonClass: 59801K(60352K)->59801K(60352K) Class: 8448K(9088K)->8448K(9088K)
[161.166s][info][gc             ] GC(701) Pause Young (Allocation Failure) 594M->432M(942M) 30.427ms
[161.166s][info][gc,cpu         ] GC(701) User=0.72s Sys=0.00s Real=0.03s
[161.250s][info][gc,start       ] GC(702) Pause Young (Allocation Failure)
[161.299s][info][gc,heap        ] GC(702) PSYoungGen: 263456K(265216K)->44896K(246784K) Eden: 201728K(201728K)->0K(201728K) From: 61728K(63488K)->44896K(45056K)
[161.299s][info][gc,heap        ] GC(702) ParOldGen: 381460K(699392K)->440996K(699392K)
[161.299s][info][gc,metaspace   ] GC(702) Metaspace: 68250K(69440K)->68250K(69440K) NonClass: 59801K(60352K)->59801K(60352K) Class: 8448K(9088K)->8448K(9088K)
[161.299s][info][gc             ] GC(702) Pause Young (Allocation Failure) 629M->474M(924M) 49.889ms
[161.300s][info][gc,cpu         ] GC(702) User=1.03s Sys=0.00s Real=0.05s
[161.392s][info][gc,start       ] GC(703) Pause Young (Allocation Failure)
[161.427s][info][gc,heap        ] GC(703) PSYoungGen: 246624K(246784K)->30048K(278016K) Eden: 201728K(201728K)->0K(202240K) From: 44896K(45056K)->30048K(75776K)
[161.427s][info][gc,heap        ] GC(703) ParOldGen: 440996K(699392K)->483452K(699392K)
[161.427s][info][gc,metaspace   ] GC(703) Metaspace: 68250K(69440K)->68250K(69440K) NonClass: 59801K(60352K)->59801K(60352K) Class: 8448K(9088K)->8448K(9088K)
[161.427s][info][gc             ] GC(703) Pause Young (Allocation Failure) 671M->501M(954M) 35.103ms
[161.427s][info][gc,cpu         ] GC(703) User=0.69s Sys=0.00s Real=0.03s
[161.515s][info][gc,start       ] GC(704) Pause Young (Allocation Failure)
[161.543s][info][gc,heap        ] GC(704) PSYoungGen: 232288K(278016K)->20064K(222720K) Eden: 202240K(202240K)->0K(202240K) From: 30048K(75776K)->20064K(20480K)
[161.543s][info][gc,heap        ] GC(704) ParOldGen: 483452K(699392K)->509244K(699392K)
[161.543s][info][gc,metaspace   ] GC(704) Metaspace: 68250K(69440K)->68250K(69440K) NonClass: 59801K(60352K)->59801K(60352K) Class: 8448K(9088K)->8448K(9088K)
[161.543s][info][gc             ] GC(704) Pause Young (Allocation Failure) 698M->516M(900M) 27.719ms
[161.543s][info][gc,cpu         ] GC(704) User=0.69s Sys=0.00s Real=0.03s
[161.649s][info][gc,start       ] GC(705) Pause Young (Allocation Failure)
[161.688s][info][gc,heap        ] GC(705) PSYoungGen: 222304K(222720K)->34016K(272384K) Eden: 202240K(202240K)->0K(203776K) From: 20064K(20480K)->34016K(68608K)
[161.688s][info][gc,heap        ] GC(705) ParOldGen: 509244K(699392K)->527476K(699392K)
[161.688s][info][gc,metaspace   ] GC(705) Metaspace: 68250K(69440K)->68250K(69440K) NonClass: 59801K(60352K)->59801K(60352K) Class: 8448K(9088K)->8448K(9088K)
[161.688s][info][gc             ] GC(705) Pause Young (Allocation Failure) 714M->548M(949M) 39.012ms
[161.688s][info][gc,cpu         ] GC(705) User=0.66s Sys=0.00s Real=0.03s
[161.780s][info][gc,start       ] GC(706) Pause Young (Allocation Failure)
[161.813s][info][gc,heap        ] GC(706) PSYoungGen: 237792K(272384K)->17216K(270848K) Eden: 203776K(203776K)->0K(203776K) From: 34016K(68608K)->17216K(67072K)
[161.813s][info][gc,heap        ] GC(706) ParOldGen: 527476K(699392K)->558764K(699392K)
[161.813s][info][gc,metaspace   ] GC(706) Metaspace: 68250K(69440K)->68250K(69440K) NonClass: 59801K(60352K)->59801K(60352K) Class: 8448K(9088K)->8448K(9088K)
[161.813s][info][gc             ] GC(706) Pause Young (Allocation Failure) 747M->562M(947M) 32.799ms
[161.813s][info][gc,cpu         ] GC(706) User=0.69s Sys=0.00s Real=0.03s
[161.921s][info][gc,start       ] GC(707) Pause Young (Allocation Failure)
[162.031s][info][gc,heap        ] GC(707) PSYoungGen: 220992K(270848K)->16032K(280064K) Eden: 203776K(203776K)->0K(215552K) From: 17216K(67072K)->16032K(64512K)
[162.031s][info][gc,heap        ] GC(707) ParOldGen: 558764K(699392K)->572300K(699392K)
[162.031s][info][gc,metaspace   ] GC(707) Metaspace: 68250K(69440K)->68250K(69440K) NonClass: 59801K(60352K)->59801K(60352K) Class: 8448K(9088K)->8448K(9088K)
[162.031s][info][gc             ] GC(707) Pause Young (Allocation Failure) 761M->574M(956M) 110.288ms
[162.031s][info][gc,cpu         ] GC(707) User=2.41s Sys=0.00s Real=0.11s
[162.181s][info][gc,start       ] GC(708) Pause Young (Allocation Failure)
[162.273s][info][gc,heap        ] GC(708) PSYoungGen: 231584K(280064K)->14752K(278528K) Eden: 215552K(215552K)->0K(215552K) From: 16032K(64512K)->14752K(62976K)
[162.273s][info][gc,heap        ] GC(708) ParOldGen: 572300K(699392K)->585092K(699392K)
[162.273s][info][gc,metaspace   ] GC(708) Metaspace: 68250K(69440K)->68250K(69440K) NonClass: 59801K(60352K)->59801K(60352K) Class: 8448K(9088K)->8448K(9088K)
[162.273s][info][gc             ] GC(708) Pause Young (Allocation Failure) 785M->585M(955M) 92.907ms
[162.273s][info][gc,cpu         ] GC(708) User=1.72s Sys=0.00s Real=0.08s
[163.038s][info][gc,start       ] GC(709) Pause Young (Allocation Failure)
[163.118s][info][gc,heap        ] GC(709) PSYoungGen: 230304K(278528K)->11987K(284672K) Eden: 215552K(215552K)->0K(223232K) From: 14752K(62976K)->11987K(61440K)
[163.118s][info][gc,heap        ] GC(709) ParOldGen: 585092K(699392K)->599388K(699392K)
[163.118s][info][gc,metaspace   ] GC(709) Metaspace: 68251K(69440K)->68251K(69440K) NonClass: 59803K(60352K)->59803K(60352K) Class: 8448K(9088K)->8448K(9088K)
[163.118s][info][gc             ] GC(709) Pause Young (Allocation Failure) 796M->597M(961M) 80.420ms
[163.118s][info][gc,cpu         ] GC(709) User=1.72s Sys=0.00s Real=0.08s
[163.348s][info][gc,start       ] GC(710) Pause Young (Allocation Failure)
[163.395s][info][gc,heap        ] GC(710) PSYoungGen: 235219K(284672K)->2662K(283136K) Eden: 223232K(223232K)->0K(223232K) From: 11987K(61440K)->2662K(59904K)
[163.395s][info][gc,heap        ] GC(710) ParOldGen: 599388K(699392K)->603634K(699392K)
[163.395s][info][gc,metaspace   ] GC(710) Metaspace: 68256K(69440K)->68256K(69440K) NonClass: 59807K(60352K)->59807K(60352K) Class: 8448K(9088K)->8448K(9088K)
[163.395s][info][gc             ] GC(710) Pause Young (Allocation Failure) 815M->592M(959M) 46.645ms
[163.395s][info][gc,cpu         ] GC(710) User=1.08s Sys=0.00s Real=0.05s
[163.616s][info][gc,start       ] GC(711) Pause Young (Allocation Failure)
[163.635s][info][gc,heap        ] GC(711) PSYoungGen: 225894K(283136K)->16064K(285696K) Eden: 223232K(223232K)->0K(229376K) From: 2662K(59904K)->16064K(56320K)
[163.635s][info][gc,heap        ] GC(711) ParOldGen: 603634K(699392K)->604174K(699392K)
[163.635s][info][gc,metaspace   ] GC(711) Metaspace: 68256K(69440K)->68256K(69440K) NonClass: 59807K(60352K)->59807K(60352K) Class: 8448K(9088K)->8448K(9088K)
[163.635s][info][gc             ] GC(711) Pause Young (Allocation Failure) 810M->605M(962M) 18.607ms
[163.635s][info][gc,cpu         ] GC(711) User=0.36s Sys=0.00s Real=0.01s
[163.875s][info][gc,start       ] GC(712) Pause Young (Allocation Failure)
[163.906s][info][gc,heap        ] GC(712) PSYoungGen: 245440K(285696K)->34115K(286720K) Eden: 229376K(229376K)->0K(229376K) From: 16064K(56320K)->34115K(57344K)
[163.906s][info][gc,heap        ] GC(712) ParOldGen: 604174K(699392K)->619982K(699392K)
[163.906s][info][gc,metaspace   ] GC(712) Metaspace: 68262K(69440K)->68262K(69440K) NonClass: 59812K(60352K)->59812K(60352K) Class: 8449K(9088K)->8449K(9088K)
[163.906s][info][gc             ] GC(712) Pause Young (Allocation Failure) 829M->638M(963M) 31.966ms
[163.907s][info][gc,cpu         ] GC(712) User=0.72s Sys=0.00s Real=0.03s
[164.194s][info][gc,start       ] GC(713) Pause Young (Allocation Failure)
[164.204s][info][gc,heap        ] GC(713) PSYoungGen: 263491K(286720K)->10236K(289792K) Eden: 229376K(229376K)->0K(233472K) From: 34115K(57344K)->10236K(56320K)
[164.204s][info][gc,heap        ] GC(713) ParOldGen: 619982K(699392K)->620141K(699392K)
[164.204s][info][gc,metaspace   ] GC(713) Metaspace: 68262K(69440K)->68262K(69440K) NonClass: 59812K(60352K)->59812K(60352K) Class: 8449K(9088K)->8449K(9088K)
[164.204s][info][gc             ] GC(713) Pause Young (Allocation Failure) 862M->615M(966M) 10.187ms
[164.204s][info][gc,cpu         ] GC(713) User=0.36s Sys=0.00s Real=0.02s
[164.298s][info][gc,start       ] GC(714) Pause Young (Allocation Failure)
[164.319s][info][gc,heap        ] GC(714) PSYoungGen: 243708K(289792K)->36640K(270336K) Eden: 233472K(233472K)->0K(233472K) From: 10236K(56320K)->36640K(36864K)
[164.319s][info][gc,heap        ] GC(714) ParOldGen: 620141K(699392K)->629120K(699392K)
[164.319s][info][gc,metaspace   ] GC(714) Metaspace: 68262K(69440K)->68262K(69440K) NonClass: 59812K(60352K)->59812K(60352K) Class: 8449K(9088K)->8449K(9088K)
[164.319s][info][gc             ] GC(714) Pause Young (Allocation Failure) 843M->650M(947M) 21.744ms
[164.319s][info][gc,cpu         ] GC(714) User=0.36s Sys=0.00s Real=0.02s
[164.559s][info][gc,start       ] GC(715) Pause Young (Allocation Failure)
[164.595s][info][gc,heap        ] GC(715) PSYoungGen: 270112K(270336K)->41911K(283648K) Eden: 233472K(233472K)->0K(224256K) From: 36640K(36864K)->41911K(59392K)
[164.595s][info][gc,heap        ] GC(715) ParOldGen: 629120K(699392K)->662176K(699392K)
[164.595s][info][gc,metaspace   ] GC(715) Metaspace: 68262K(69440K)->68262K(69440K) NonClass: 59812K(60352K)->59812K(60352K) Class: 8449K(9088K)->8449K(9088K)
[164.595s][info][gc             ] GC(715) Pause Young (Allocation Failure) 878M->687M(960M) 35.867ms
[164.595s][info][gc,cpu         ] GC(715) User=0.69s Sys=0.00s Real=0.03s
[164.595s][info][gc,start       ] GC(716) Pause Full (Ergonomics)
[164.595s][info][gc,phases,start] GC(716) Marking Phase
[164.653s][info][gc,phases      ] GC(716) Marking Phase 57.910ms
[164.653s][info][gc,phases,start] GC(716) Summary Phase
[164.653s][info][gc,phases      ] GC(716) Summary Phase 0.028ms
[164.653s][info][gc,phases,start] GC(716) Adjust Roots
[164.662s][info][gc,phases      ] GC(716) Adjust Roots 8.337ms
[164.662s][info][gc,phases,start] GC(716) Compaction Phase
[164.727s][info][gc,phases      ] GC(716) Compaction Phase 65.506ms
[164.727s][info][gc,phases,start] GC(716) Post Compact
[164.731s][info][gc,phases      ] GC(716) Post Compact 3.864ms
[164.731s][info][gc,heap        ] GC(716) PSYoungGen: 41911K(283648K)->0K(286720K) Eden: 0K(224256K)->0K(224256K) From: 41911K(59392K)->0K(62464K)
[164.731s][info][gc,heap        ] GC(716) ParOldGen: 662176K(699392K)->207660K(699392K)
[164.731s][info][gc,metaspace   ] GC(716) Metaspace: 68262K(69440K)->68262K(69440K) NonClass: 59812K(60352K)->59812K(60352K) Class: 8449K(9088K)->8449K(9088K)
[164.731s][info][gc             ] GC(716) Pause Full (Ergonomics) 687M->202M(963M) 135.950ms
[164.731s][info][gc,cpu         ] GC(716) User=1.92s Sys=0.00s Real=0.14s
[164.906s][info][gc,start       ] GC(717) Pause Young (Allocation Failure)
[164.922s][info][gc,heap        ] GC(717) PSYoungGen: 224256K(286720K)->62449K(241664K) Eden: 224256K(224256K)->0K(179200K) From: 0K(62464K)->62449K(62464K)
[164.922s][info][gc,heap        ] GC(717) ParOldGen: 207660K(699392K)->240004K(699392K)
[164.922s][info][gc,metaspace   ] GC(717) Metaspace: 68263K(69440K)->68263K(69440K) NonClass: 59813K(60352K)->59813K(60352K) Class: 8449K(9088K)->8449K(9088K)
[164.922s][info][gc             ] GC(717) Pause Young (Allocation Failure) 421M->295M(919M) 15.925ms
[164.922s][info][gc,cpu         ] GC(717) User=0.36s Sys=0.00s Real=0.02s
[165.014s][info][gc,start       ] GC(718) Pause Young (Allocation Failure)
[165.031s][info][gc,heap        ] GC(718) PSYoungGen: 241251K(241664K)->55227K(234496K) Eden: 178801K(179200K)->0K(179200K) From: 62449K(62464K)->55227K(55296K)
[165.031s][info][gc,heap        ] GC(718) ParOldGen: 240004K(699392K)->271104K(699392K)
[165.031s][info][gc,metaspace   ] GC(718) Metaspace: 68265K(69440K)->68265K(69440K) NonClass: 59815K(60352K)->59815K(60352K) Class: 8449K(9088K)->8449K(9088K)
[165.031s][info][gc             ] GC(718) Pause Young (Allocation Failure) 469M->318M(912M) 16.355ms
[165.031s][info][gc,cpu         ] GC(718) User=0.34s Sys=0.00s Real=0.02s
[165.166s][info][gc,start       ] GC(719) Pause Young (Allocation Failure)
[165.197s][info][gc,heap        ] GC(719) PSYoungGen: 234427K(234496K)->41426K(263680K) Eden: 179200K(179200K)->0K(175616K) From: 55227K(55296K)->41426K(88064K)
[165.197s][info][gc,heap        ] GC(719) ParOldGen: 271104K(699392K)->285331K(699392K)
[165.197s][info][gc,metaspace   ] GC(719) Metaspace: 68265K(69440K)->68265K(69440K) NonClass: 59815K(60352K)->59815K(60352K) Class: 8449K(9088K)->8449K(9088K)
[165.197s][info][gc             ] GC(719) Pause Young (Allocation Failure) 493M->319M(940M) 31.116ms
[165.197s][info][gc,cpu         ] GC(719) User=0.66s Sys=0.00s Real=0.03s
[165.267s][info][gc,start       ] GC(720) Pause Young (Allocation Failure)
[165.297s][info][gc,heap        ] GC(720) PSYoungGen: 217042K(263680K)->96K(261120K) Eden: 175616K(175616K)->0K(175616K) From: 41426K(88064K)->96K(85504K)
[165.297s][info][gc,heap        ] GC(720) ParOldGen: 285331K(699392K)->329000K(699392K)
[165.297s][info][gc,metaspace   ] GC(720) Metaspace: 68265K(69440K)->68265K(69440K) NonClass: 59815K(60352K)->59815K(60352K) Class: 8449K(9088K)->8449K(9088K)
[165.298s][info][gc             ] GC(720) Pause Young (Allocation Failure) 490M->321M(938M) 30.890ms
[165.298s][info][gc,cpu         ] GC(720) User=0.69s Sys=0.00s Real=0.03s
[165.369s][info][gc,start       ] GC(721) Pause Young (Allocation Failure)
[165.379s][info][gc,heap        ] GC(721) PSYoungGen: 175712K(261120K)->10210K(261120K) Eden: 175616K(175616K)->0K(177152K) From: 96K(85504K)->10210K(83968K)
[165.379s][info][gc,heap        ] GC(721) ParOldGen: 329000K(699392K)->329000K(699392K)
[165.379s][info][gc,metaspace   ] GC(721) Metaspace: 68265K(69440K)->68265K(69440K) NonClass: 59815K(60352K)->59815K(60352K) Class: 8449K(9088K)->8449K(9088K)
[165.379s][info][gc             ] GC(721) Pause Young (Allocation Failure) 492M->331M(938M) 10.408ms
[165.379s][info][gc,cpu         ] GC(721) User=0.34s Sys=0.00s Real=0.02s
[165.496s][info][gc,start       ] GC(722) Pause Young (Allocation Failure)
[165.957s][info][gc,heap        ] GC(722) PSYoungGen: 187362K(261120K)->34944K(261632K) Eden: 177152K(177152K)->0K(177152K) From: 10210K(83968K)->34944K(84480K)
[165.957s][info][gc,heap        ] GC(722) ParOldGen: 329000K(699392K)->336624K(699392K)
[165.957s][info][gc,metaspace   ] GC(722) Metaspace: 68265K(69440K)->68265K(69440K) NonClass: 59815K(60352K)->59815K(60352K) Class: 8449K(9088K)->8449K(9088K)
[165.957s][info][gc             ] GC(722) Pause Young (Allocation Failure) 504M->362M(938M) 461.141ms
[165.957s][info][gc,cpu         ] GC(722) User=2.36s Sys=0.05s Real=0.47s
[165.963s][info][gc,start       ] GC(723) Pause Young (System.gc())
[165.967s][info][gc,heap        ] GC(723) PSYoungGen: 37785K(261632K)->128K(261632K) Eden: 2841K(177152K)->0K(180736K) From: 34944K(84480K)->128K(80896K)
[165.967s][info][gc,heap        ] GC(723) ParOldGen: 336624K(699392K)->336624K(699392K)
[165.967s][info][gc,metaspace   ] GC(723) Metaspace: 68265K(69440K)->68265K(69440K) NonClass: 59815K(60352K)->59815K(60352K) Class: 8449K(9088K)->8449K(9088K)
[165.967s][info][gc             ] GC(723) Pause Young (System.gc()) 365M->328M(938M) 3.993ms
[165.967s][info][gc,cpu         ] GC(723) User=0.02s Sys=0.00s Real=0.02s
[165.967s][info][gc,start       ] GC(724) Pause Full (System.gc())
[165.967s][info][gc,phases,start] GC(724) Marking Phase
[166.029s][info][gc,phases      ] GC(724) Marking Phase 61.067ms
[166.029s][info][gc,phases,start] GC(724) Summary Phase
[166.029s][info][gc,phases      ] GC(724) Summary Phase 0.023ms
[166.029s][info][gc,phases,start] GC(724) Adjust Roots
[166.041s][info][gc,phases      ] GC(724) Adjust Roots 12.025ms
[166.041s][info][gc,phases,start] GC(724) Compaction Phase
[166.069s][info][gc,phases      ] GC(724) Compaction Phase 28.295ms
[166.069s][info][gc,phases,start] GC(724) Post Compact
[166.071s][info][gc,phases      ] GC(724) Post Compact 2.159ms
[166.071s][info][gc,heap        ] GC(724) PSYoungGen: 128K(261632K)->0K(261632K) Eden: 0K(180736K)->0K(180736K) From: 128K(80896K)->0K(80896K)
[166.071s][info][gc,heap        ] GC(724) ParOldGen: 336624K(699392K)->148813K(699392K)
[166.071s][info][gc,metaspace   ] GC(724) Metaspace: 68265K(69440K)->68265K(69440K) NonClass: 59815K(60352K)->59815K(60352K) Class: 8449K(9088K)->8449K(9088K)
[166.071s][info][gc             ] GC(724) Pause Full (System.gc()) 328M->145M(938M) 103.909ms
[166.071s][info][gc,cpu         ] GC(724) User=1.58s Sys=0.00s Real=0.09s
[166.198s][info][gc,start       ] GC(725) Pause Young (Allocation Failure)
[166.220s][info][gc,heap        ] GC(725) PSYoungGen: 180736K(261632K)->57120K(261632K) Eden: 180736K(180736K)->0K(180736K) From: 0K(80896K)->57120K(80896K)
[166.220s][info][gc,heap        ] GC(725) ParOldGen: 148813K(699392K)->148813K(699392K)
[166.220s][info][gc,metaspace   ] GC(725) Metaspace: 68269K(69440K)->68269K(69440K) NonClass: 59818K(60352K)->59818K(60352K) Class: 8450K(9088K)->8450K(9088K)
[166.220s][info][gc             ] GC(725) Pause Young (Allocation Failure) 321M->201M(938M) 22.075ms
[166.220s][info][gc,cpu         ] GC(725) User=0.44s Sys=0.00s Real=0.03s
[166.306s][info][gc,start       ] GC(726) Pause Young (Allocation Failure)
[166.343s][info][gc,heap        ] GC(726) PSYoungGen: 237856K(261632K)->41728K(263680K) Eden: 180736K(180736K)->0K(176640K) From: 57120K(80896K)->41728K(87040K)
[166.343s][info][gc,heap        ] GC(726) ParOldGen: 148813K(699392K)->201696K(699392K)
[166.343s][info][gc,metaspace   ] GC(726) Metaspace: 68269K(69440K)->68269K(69440K) NonClass: 59818K(60352K)->59818K(60352K) Class: 8450K(9088K)->8450K(9088K)
[166.343s][info][gc             ] GC(726) Pause Young (Allocation Failure) 377M->237M(940M) 36.296ms
[166.343s][info][gc,cpu         ] GC(726) User=1.03s Sys=0.00s Real=0.05s
[166.435s][info][gc,start       ] GC(727) Pause Young (Allocation Failure)
[166.470s][info][gc,heap        ] GC(727) PSYoungGen: 218368K(263680K)->24992K(201728K) Eden: 176640K(176640K)->0K(176640K) From: 41728K(87040K)->24992K(25088K)
[166.470s][info][gc,heap        ] GC(727) ParOldGen: 201696K(699392K)->238496K(699392K)
[166.470s][info][gc,metaspace   ] GC(727) Metaspace: 68269K(69440K)->68269K(69440K) NonClass: 59818K(60352K)->59818K(60352K) Class: 8450K(9088K)->8450K(9088K)
[166.470s][info][gc             ] GC(727) Pause Young (Allocation Failure) 410M->257M(880M) 34.896ms
[166.470s][info][gc,cpu         ] GC(727) User=0.69s Sys=0.00s Real=0.03s
[166.565s][info][gc,start       ] GC(728) Pause Young (Allocation Failure)
[166.594s][info][gc,heap        ] GC(728) PSYoungGen: 201632K(201728K)->16032K(261120K) Eden: 176640K(176640K)->0K(179712K) From: 24992K(25088K)->16032K(81408K)
[166.594s][info][gc,heap        ] GC(728) ParOldGen: 238496K(699392K)->260696K(699392K)
[166.594s][info][gc,metaspace   ] GC(728) Metaspace: 68269K(69440K)->68269K(69440K) NonClass: 59818K(60352K)->59818K(60352K) Class: 8450K(9088K)->8450K(9088K)
[166.594s][info][gc             ] GC(728) Pause Young (Allocation Failure) 429M->270M(938M) 29.289ms
[166.594s][info][gc,cpu         ] GC(728) User=0.53s Sys=0.00s Real=0.03s
[166.711s][info][gc,start       ] GC(729) Pause Young (Allocation Failure)
[166.749s][info][gc,heap        ] GC(729) PSYoungGen: 195744K(261120K)->30624K(258048K) Eden: 179712K(179712K)->0K(179712K) From: 16032K(81408K)->30624K(78336K)
[166.749s][info][gc,heap        ] GC(729) ParOldGen: 260696K(699392K)->275304K(699392K)
[166.749s][info][gc,metaspace   ] GC(729) Metaspace: 68269K(69440K)->68269K(69440K) NonClass: 59818K(60352K)->59818K(60352K) Class: 8450K(9088K)->8450K(9088K)
[166.750s][info][gc             ] GC(729) Pause Young (Allocation Failure) 445M->298M(935M) 38.097ms
[166.750s][info][gc,cpu         ] GC(729) User=1.03s Sys=0.00s Real=0.05s
[166.850s][info][gc,start       ] GC(730) Pause Young (Allocation Failure)
[166.879s][info][gc,heap        ] GC(730) PSYoungGen: 210336K(258048K)->13664K(265728K) Eden: 179712K(179712K)->0K(191488K) From: 30624K(78336K)->13664K(74240K)
[166.879s][info][gc,heap        ] GC(730) ParOldGen: 275304K(699392K)->299280K(699392K)
[166.879s][info][gc,metaspace   ] GC(730) Metaspace: 68269K(69440K)->68269K(69440K) NonClass: 59818K(60352K)->59818K(60352K) Class: 8450K(9088K)->8450K(9088K)
[166.879s][info][gc             ] GC(730) Pause Young (Allocation Failure) 474M->305M(942M) 29.298ms
[166.879s][info][gc,cpu         ] GC(730) User=0.69s Sys=0.00s Real=0.03s
[166.984s][info][gc,start       ] GC(731) Pause Young (Allocation Failure)
[167.184s][info][gc,heap        ] GC(731) PSYoungGen: 205152K(265728K)->13856K(263680K) Eden: 191488K(191488K)->0K(191488K) From: 13664K(74240K)->13856K(72192K)
[167.184s][info][gc,heap        ] GC(731) ParOldGen: 299280K(699392K)->309880K(699392K)
[167.184s][info][gc,metaspace   ] GC(731) Metaspace: 68269K(69440K)->68269K(69440K) NonClass: 59818K(60352K)->59818K(60352K) Class: 8450K(9088K)->8450K(9088K)
[167.184s][info][gc             ] GC(731) Pause Young (Allocation Failure) 492M->316M(940M) 199.767ms
[167.184s][info][gc,cpu         ] GC(731) User=4.47s Sys=0.00s Real=0.20s
[167.297s][info][gc,start       ] GC(732) Pause Young (Allocation Failure)
[167.400s][info][gc,heap        ] GC(732) PSYoungGen: 205344K(263680K)->14720K(274944K) Eden: 191488K(191488K)->0K(204800K) From: 13856K(72192K)->14720K(70144K)
[167.401s][info][gc,heap        ] GC(732) ParOldGen: 309880K(699392K)->321128K(699392K)
[167.401s][info][gc,metaspace   ] GC(732) Metaspace: 68269K(69440K)->68269K(69440K) NonClass: 59818K(60352K)->59818K(60352K) Class: 8450K(9088K)->8450K(9088K)
[167.401s][info][gc             ] GC(732) Pause Young (Allocation Failure) 503M->327M(951M) 103.319ms
[167.401s][info][gc,cpu         ] GC(732) User=2.06s Sys=0.00s Real=0.09s
[167.571s][info][gc,start       ] GC(733) Pause Young (Allocation Failure)
[167.657s][info][gc,heap        ] GC(733) PSYoungGen: 219520K(274944K)->15200K(272896K) Eden: 204800K(204800K)->0K(204800K) From: 14720K(70144K)->15200K(68096K)
[167.657s][info][gc,heap        ] GC(733) ParOldGen: 321128K(699392K)->333696K(699392K)
[167.657s][info][gc,metaspace   ] GC(733) Metaspace: 68269K(69440K)->68269K(69440K) NonClass: 59818K(60352K)->59818K(60352K) Class: 8450K(9088K)->8450K(9088K)
[167.657s][info][gc             ] GC(733) Pause Young (Allocation Failure) 527M->340M(949M) 85.897ms
[167.657s][info][gc,cpu         ] GC(733) User=2.06s Sys=0.00s Real=0.09s
[167.950s][info][gc,start       ] GC(734) Pause Young (Allocation Failure)
[168.012s][info][gc,heap        ] GC(734) PSYoungGen: 220000K(272896K)->13600K(278528K) Eden: 204800K(204800K)->0K(213504K) From: 15200K(68096K)->13600K(65024K)
[168.012s][info][gc,heap        ] GC(734) ParOldGen: 333696K(699392K)->343856K(699392K)
[168.012s][info][gc,metaspace   ] GC(734) Metaspace: 68269K(69440K)->68269K(69440K) NonClass: 59818K(60352K)->59818K(60352K) Class: 8450K(9088K)->8450K(9088K)
[168.012s][info][gc             ] GC(734) Pause Young (Allocation Failure) 540M->349M(955M) 61.577ms
[168.012s][info][gc,cpu         ] GC(734) User=1.05s Sys=0.03s Real=0.06s
[168.400s][info][gc,start       ] GC(735) Pause Young (Allocation Failure)
[168.429s][info][gc,heap        ] GC(735) PSYoungGen: 227104K(278528K)->7712K(276480K) Eden: 213504K(213504K)->0K(213504K) From: 13600K(65024K)->7712K(62976K)
[168.429s][info][gc,heap        ] GC(735) ParOldGen: 343856K(699392K)->354552K(699392K)
[168.429s][info][gc,metaspace   ] GC(735) Metaspace: 68269K(69440K)->68269K(69440K) NonClass: 59818K(60352K)->59818K(60352K) Class: 8450K(9088K)->8450K(9088K)
[168.429s][info][gc             ] GC(735) Pause Young (Allocation Failure) 557M->353M(953M) 28.808ms
[168.429s][info][gc,cpu         ] GC(735) User=0.31s Sys=0.00s Real=0.03s
[169.115s][info][gc,start       ] GC(736) Pause Young (Allocation Failure)
[169.182s][info][gc,heap        ] GC(736) PSYoungGen: 221216K(276480K)->31712K(282624K) Eden: 213504K(213504K)->0K(221184K) From: 7712K(62976K)->31712K(61440K)
[169.182s][info][gc,heap        ] GC(736) ParOldGen: 354552K(699392K)->360872K(699392K)
[169.182s][info][gc,metaspace   ] GC(736) Metaspace: 68277K(69440K)->68277K(69440K) NonClass: 59826K(60352K)->59826K(60352K) Class: 8450K(9088K)->8450K(9088K)
[169.182s][info][gc             ] GC(736) Pause Young (Allocation Failure) 562M->383M(959M) 67.318ms
[169.182s][info][gc,cpu         ] GC(736) User=1.72s Sys=0.00s Real=0.08s
[169.347s][info][gc,start       ] GC(737) Pause Young (Allocation Failure)
[169.382s][info][gc,heap        ] GC(737) PSYoungGen: 252896K(282624K)->61408K(282624K) Eden: 221184K(221184K)->0K(221184K) From: 31712K(61440K)->61408K(61440K)
[169.382s][info][gc,heap        ] GC(737) ParOldGen: 360872K(699392K)->389172K(699392K)
[169.382s][info][gc,metaspace   ] GC(737) Metaspace: 68277K(69440K)->68277K(69440K) NonClass: 59826K(60352K)->59826K(60352K) Class: 8450K(9088K)->8450K(9088K)
[169.382s][info][gc             ] GC(737) Pause Young (Allocation Failure) 599M->440M(959M) 34.318ms
[169.382s][info][gc,cpu         ] GC(737) User=0.72s Sys=0.00s Real=0.03s
[169.473s][info][gc,start       ] GC(738) Pause Young (Allocation Failure)
[169.516s][info][gc,heap        ] GC(738) PSYoungGen: 282592K(282624K)->40800K(252928K) Eden: 221184K(221184K)->0K(186368K) From: 61408K(61440K)->40800K(66560K)
[169.516s][info][gc,heap        ] GC(738) ParOldGen: 389172K(699392K)->450796K(699392K)
[169.516s][info][gc,metaspace   ] GC(738) Metaspace: 68277K(69440K)->68277K(69440K) NonClass: 59826K(60352K)->59826K(60352K) Class: 8450K(9088K)->8450K(9088K)
[169.516s][info][gc             ] GC(738) Pause Young (Allocation Failure) 656M->480M(930M) 43.089ms
[169.516s][info][gc,cpu         ] GC(738) User=1.08s Sys=0.00s Real=0.05s
[169.602s][info][gc,start       ] GC(739) Pause Young (Allocation Failure)
[169.637s][info][gc,heap        ] GC(739) PSYoungGen: 227168K(252928K)->27520K(267776K) Eden: 186368K(186368K)->0K(186368K) From: 40800K(66560K)->27520K(81408K)
[169.638s][info][gc,heap        ] GC(739) ParOldGen: 450796K(699392K)->487276K(699392K)
[169.638s][info][gc,metaspace   ] GC(739) Metaspace: 68277K(69440K)->68277K(69440K) NonClass: 59826K(60352K)->59826K(60352K) Class: 8450K(9088K)->8450K(9088K)
[169.638s][info][gc             ] GC(739) Pause Young (Allocation Failure) 662M->502M(944M) 35.529ms
[169.638s][info][gc,cpu         ] GC(739) User=1.03s Sys=0.00s Real=0.05s
[169.721s][info][gc,start       ] GC(740) Pause Young (Allocation Failure)
[169.749s][info][gc,heap        ] GC(740) PSYoungGen: 213888K(267776K)->18656K(258048K) Eden: 186368K(186368K)->0K(190976K) From: 27520K(81408K)->18656K(67072K)
[169.749s][info][gc,heap        ] GC(740) ParOldGen: 487276K(699392K)->511708K(699392K)
[169.749s][info][gc,metaspace   ] GC(740) Metaspace: 68277K(69440K)->68277K(69440K) NonClass: 59826K(60352K)->59826K(60352K) Class: 8450K(9088K)->8450K(9088K)
[169.749s][info][gc             ] GC(740) Pause Young (Allocation Failure) 684M->517M(935M) 28.139ms
[169.749s][info][gc,cpu         ] GC(740) User=0.56s Sys=0.00s Real=0.03s
[169.849s][info][gc,start       ] GC(741) Pause Young (Allocation Failure)
[169.992s][info][gc,heap        ] GC(741) PSYoungGen: 209632K(258048K)->33024K(265216K) Eden: 190976K(190976K)->0K(190976K) From: 18656K(67072K)->33024K(74240K)
[169.992s][info][gc,heap        ] GC(741) ParOldGen: 511708K(699392K)->528620K(699392K)
[169.992s][info][gc,metaspace   ] GC(741) Metaspace: 68277K(69440K)->68277K(69440K) NonClass: 59826K(60352K)->59826K(60352K) Class: 8450K(9088K)->8450K(9088K)
[169.992s][info][gc             ] GC(741) Pause Young (Allocation Failure) 704M->548M(942M) 142.552ms
[169.992s][info][gc,cpu         ] GC(741) User=1.03s Sys=0.00s Real=0.14s
[170.079s][info][gc,start       ] GC(742) Pause Young (Allocation Failure)
[170.116s][info][gc,heap        ] GC(742) PSYoungGen: 224000K(265216K)->16224K(267776K) Eden: 190976K(190976K)->0K(203776K) From: 33024K(74240K)->16224K(64000K)
[170.116s][info][gc,heap        ] GC(742) ParOldGen: 528620K(699392K)->559084K(699392K)
[170.116s][info][gc,metaspace   ] GC(742) Metaspace: 68277K(69440K)->68277K(69440K) NonClass: 59826K(60352K)->59826K(60352K) Class: 8450K(9088K)->8450K(9088K)
[170.116s][info][gc             ] GC(742) Pause Young (Allocation Failure) 734M->561M(944M) 36.263ms
[170.116s][info][gc,cpu         ] GC(742) User=0.69s Sys=0.00s Real=0.03s
[170.211s][info][gc,start       ] GC(743) Pause Young (Allocation Failure)
[170.273s][info][gc,heap        ] GC(743) PSYoungGen: 220000K(267776K)->16032K(272896K) Eden: 203776K(203776K)->0K(203776K) From: 16224K(64000K)->16032K(69120K)
[170.273s][info][gc,heap        ] GC(743) ParOldGen: 559084K(699392K)->571828K(699392K)
[170.273s][info][gc,metaspace   ] GC(743) Metaspace: 68277K(69440K)->68277K(69440K) NonClass: 59826K(60352K)->59826K(60352K) Class: 8450K(9088K)->8450K(9088K)
[170.273s][info][gc             ] GC(743) Pause Young (Allocation Failure) 760M->574M(949M) 61.611ms
[170.273s][info][gc,cpu         ] GC(743) User=1.38s Sys=0.00s Real=0.06s
[170.397s][info][gc,start       ] GC(744) Pause Young (Allocation Failure)
[170.462s][info][gc,heap        ] GC(744) PSYoungGen: 219808K(272896K)->14592K(273920K) Eden: 203776K(203776K)->0K(212992K) From: 16032K(69120K)->14592K(60928K)
[170.462s][info][gc,heap        ] GC(744) ParOldGen: 571828K(699392K)->584532K(699392K)
[170.462s][info][gc,metaspace   ] GC(744) Metaspace: 68277K(69440K)->68277K(69440K) NonClass: 59826K(60352K)->59826K(60352K) Class: 8450K(9088K)->8450K(9088K)
[170.462s][info][gc             ] GC(744) Pause Young (Allocation Failure) 773M->585M(950M) 65.601ms
[170.462s][info][gc,cpu         ] GC(744) User=1.38s Sys=0.00s Real=0.06s
[171.152s][info][gc,start       ] GC(745) Pause Young (Allocation Failure)
[171.210s][info][gc,heap        ] GC(745) PSYoungGen: 227584K(273920K)->8145K(278016K) Eden: 212992K(212992K)->0K(212992K) From: 14592K(60928K)->8145K(65024K)
[171.210s][info][gc,heap        ] GC(745) ParOldGen: 584532K(699392K)->597612K(699392K)
[171.210s][info][gc,metaspace   ] GC(745) Metaspace: 68294K(69440K)->68294K(69440K) NonClass: 59843K(60352K)->59843K(60352K) Class: 8450K(9088K)->8450K(9088K)
[171.210s][info][gc             ] GC(745) Pause Young (Allocation Failure) 793M->591M(954M) 58.039ms
[171.210s][info][gc,cpu         ] GC(745) User=1.03s Sys=0.00s Real=0.05s
[171.421s][info][gc,start       ] GC(746) Pause Young (Allocation Failure)
[171.462s][info][gc,heap        ] GC(746) PSYoungGen: 221137K(278016K)->320K(283648K) Eden: 212992K(212992K)->0K(219648K) From: 8145K(65024K)->320K(64000K)
[171.462s][info][gc,heap        ] GC(746) ParOldGen: 597612K(699392K)->604092K(699392K)
[171.462s][info][gc,metaspace   ] GC(746) Metaspace: 68294K(69440K)->68294K(69440K) NonClass: 59843K(60352K)->59843K(60352K) Class: 8450K(9088K)->8450K(9088K)
[171.462s][info][gc             ] GC(746) Pause Young (Allocation Failure) 799M->590M(960M) 41.083ms
[171.462s][info][gc,cpu         ] GC(746) User=0.69s Sys=0.00s Real=0.03s
[171.644s][info][gc,start       ] GC(747) Pause Young (Allocation Failure)
[171.668s][info][gc,heap        ] GC(747) PSYoungGen: 219968K(283648K)->32480K(284160K) Eden: 219648K(219648K)->0K(219648K) From: 320K(64000K)->32480K(64512K)
[171.668s][info][gc,heap        ] GC(747) ParOldGen: 604092K(699392K)->604172K(699392K)
[171.668s][info][gc,metaspace   ] GC(747) Metaspace: 68335K(69504K)->68335K(69504K) NonClass: 59884K(60416K)->59884K(60416K) Class: 8450K(9088K)->8450K(9088K)
[171.668s][info][gc             ] GC(747) Pause Young (Allocation Failure) 804M->621M(960M) 23.857ms
[171.668s][info][gc,cpu         ] GC(747) User=0.72s Sys=0.00s Real=0.03s
[171.830s][info][gc,start       ] GC(748) Pause Young (Allocation Failure)
[171.854s][info][gc,heap        ] GC(748) PSYoungGen: 252128K(284160K)->31604K(283648K) Eden: 219648K(219648K)->0K(220672K) From: 32480K(64512K)->31604K(62976K)
[171.854s][info][gc,heap        ] GC(748) ParOldGen: 604172K(699392K)->604276K(699392K)
[171.854s][info][gc,metaspace   ] GC(748) Metaspace: 68339K(69504K)->68339K(69504K) NonClass: 59888K(60416K)->59888K(60416K) Class: 8450K(9088K)->8450K(9088K)
[171.854s][info][gc             ] GC(748) Pause Young (Allocation Failure) 836M->620M(960M) 23.258ms
[171.854s][info][gc,cpu         ] GC(748) User=0.72s Sys=0.00s Real=0.03s
[172.207s][info][gc,start       ] GC(749) Pause Young (Allocation Failure)
[172.219s][info][gc,heap        ] GC(749) PSYoungGen: 252276K(283648K)->2963K(284160K) Eden: 220672K(220672K)->0K(220672K) From: 31604K(62976K)->2963K(63488K)
[172.219s][info][gc,heap        ] GC(749) ParOldGen: 604276K(699392K)->604394K(699392K)
[172.219s][info][gc,metaspace   ] GC(749) Metaspace: 68347K(69504K)->68347K(69504K) NonClass: 59896K(60416K)->59896K(60416K) Class: 8450K(9088K)->8450K(9088K)
[172.219s][info][gc             ] GC(749) Pause Young (Allocation Failure) 836M->593M(960M) 12.118ms
[172.219s][info][gc,cpu         ] GC(749) User=0.03s Sys=0.00s Real=0.02s
[172.317s][info][gc,start       ] GC(750) Pause Young (Allocation Failure)
[172.334s][info][gc,heap        ] GC(750) PSYoungGen: 223635K(284160K)->33108K(285696K) Eden: 220672K(220672K)->0K(222720K) From: 2963K(63488K)->33108K(62976K)
[172.334s][info][gc,heap        ] GC(750) ParOldGen: 604394K(699392K)->606784K(699392K)
[172.334s][info][gc,metaspace   ] GC(750) Metaspace: 68347K(69504K)->68347K(69504K) NonClass: 59896K(60416K)->59896K(60416K) Class: 8450K(9088K)->8450K(9088K)
[172.334s][info][gc             ] GC(750) Pause Young (Allocation Failure) 808M->624M(962M) 16.935ms
[172.334s][info][gc,cpu         ] GC(750) User=0.36s Sys=0.00s Real=0.02s
[172.438s][info][gc,start       ] GC(751) Pause Young (Allocation Failure)
[172.470s][info][gc,heap        ] GC(751) PSYoungGen: 255828K(285696K)->39392K(262144K) Eden: 222720K(222720K)->0K(222720K) From: 33108K(62976K)->39392K(39424K)
[172.470s][info][gc,heap        ] GC(751) ParOldGen: 606784K(699392K)->634808K(699392K)
[172.470s][info][gc,metaspace   ] GC(751) Metaspace: 68347K(69504K)->68347K(69504K) NonClass: 59896K(60416K)->59896K(60416K) Class: 8450K(9088K)->8450K(9088K)
[172.470s][info][gc             ] GC(751) Pause Young (Allocation Failure) 842M->658M(939M) 32.606ms
[172.470s][info][gc,cpu         ] GC(751) User=0.72s Sys=0.00s Real=0.03s
[172.758s][info][gc,start       ] GC(752) Pause Young (Allocation Failure)
[172.792s][info][gc,heap        ] GC(752) PSYoungGen: 262112K(262144K)->55725K(268800K) Eden: 222720K(222720K)->0K(203776K) From: 39392K(39424K)->55725K(65024K)
[172.792s][info][gc,heap        ] GC(752) ParOldGen: 634808K(699392K)->673752K(699392K)
[172.792s][info][gc,metaspace   ] GC(752) Metaspace: 68348K(69504K)->68348K(69504K) NonClass: 59897K(60416K)->59897K(60416K) Class: 8450K(9088K)->8450K(9088K)
[172.792s][info][gc             ] GC(752) Pause Young (Allocation Failure) 875M->712M(945M) 34.272ms
[172.792s][info][gc,cpu         ] GC(752) User=0.69s Sys=0.00s Real=0.03s
[172.792s][info][gc,start       ] GC(753) Pause Full (Ergonomics)
[172.792s][info][gc,phases,start] GC(753) Marking Phase
[172.849s][info][gc,phases      ] GC(753) Marking Phase 56.703ms
[172.849s][info][gc,phases,start] GC(753) Summary Phase
[172.849s][info][gc,phases      ] GC(753) Summary Phase 0.031ms
[172.849s][info][gc,phases,start] GC(753) Adjust Roots
[172.859s][info][gc,phases      ] GC(753) Adjust Roots 9.509ms
[172.859s][info][gc,phases,start] GC(753) Compaction Phase
[172.942s][info][gc,phases      ] GC(753) Compaction Phase 83.383ms
[172.942s][info][gc,phases,start] GC(753) Post Compact
[172.947s][info][gc,phases      ] GC(753) Post Compact 4.626ms
[172.947s][info][gc,heap        ] GC(753) PSYoungGen: 55725K(268800K)->0K(276480K) Eden: 0K(203776K)->0K(203776K) From: 55725K(65024K)->0K(72704K)
[172.947s][info][gc,heap        ] GC(753) ParOldGen: 673752K(699392K)->230691K(699392K)
[172.947s][info][gc,metaspace   ] GC(753) Metaspace: 68348K(69504K)->68348K(69504K) NonClass: 59897K(60416K)->59897K(60416K) Class: 8450K(9088K)->8450K(9088K)
[172.947s][info][gc             ] GC(753) Pause Full (Ergonomics) 712M->225M(953M) 154.674ms
[172.947s][info][gc,cpu         ] GC(753) User=1.89s Sys=0.00s Real=0.16s
[173.049s][info][gc,start       ] GC(754) Pause Young (Allocation Failure)
[173.064s][info][gc,heap        ] GC(754) PSYoungGen: 200085K(276480K)->72693K(237568K) Eden: 200085K(203776K)->0K(164864K) From: 0K(72704K)->72693K(72704K)
[173.064s][info][gc,heap        ] GC(754) ParOldGen: 230691K(699392K)->250129K(699392K)
[173.064s][info][gc,metaspace   ] GC(754) Metaspace: 68348K(69504K)->68348K(69504K) NonClass: 59897K(60416K)->59897K(60416K) Class: 8450K(9088K)->8450K(9088K)
[173.064s][info][gc             ] GC(754) Pause Young (Allocation Failure) 420M->315M(915M) 15.373ms
[173.064s][info][gc,cpu         ] GC(754) User=0.34s Sys=0.00s Real=0.02s
[173.134s][info][gc,start       ] GC(755) Pause Young (Allocation Failure)
[173.153s][info][gc,heap        ] GC(755) PSYoungGen: 237557K(237568K)->32704K(257024K) Eden: 164864K(164864K)->0K(164864K) From: 72693K(72704K)->32704K(92160K)
[173.153s][info][gc,heap        ] GC(755) ParOldGen: 250129K(699392K)->285522K(699392K)
[173.153s][info][gc,metaspace   ] GC(755) Metaspace: 68348K(69504K)->68348K(69504K) NonClass: 59897K(60416K)->59897K(60416K) Class: 8450K(9088K)->8450K(9088K)
[173.153s][info][gc             ] GC(755) Pause Young (Allocation Failure) 476M->310M(934M) 19.237ms
[173.153s][info][gc,cpu         ] GC(755) User=0.27s Sys=0.00s Real=0.02s
[173.249s][info][gc,start       ] GC(756) Pause Young (Allocation Failure)
[173.283s][info][gc,heap        ] GC(756) PSYoungGen: 197568K(257024K)->29095K(242176K) Eden: 164864K(164864K)->0K(170496K) From: 32704K(92160K)->29095K(71680K)
[173.283s][info][gc,heap        ] GC(756) ParOldGen: 285522K(699392K)->305011K(699392K)
[173.283s][info][gc,metaspace   ] GC(756) Metaspace: 68348K(69504K)->68348K(69504K) NonClass: 59897K(60416K)->59897K(60416K) Class: 8450K(9088K)->8450K(9088K)
[173.283s][info][gc             ] GC(756) Pause Young (Allocation Failure) 471M->326M(919M) 33.857ms
[173.283s][info][gc,cpu         ] GC(756) User=0.67s Sys=0.00s Real=0.03s
[173.350s][info][gc,start       ] GC(757) Pause Young (Allocation Failure)
[173.378s][info][gc,heap        ] GC(757) PSYoungGen: 199591K(242176K)->96K(252416K) Eden: 170496K(170496K)->0K(170496K) From: 29095K(71680K)->96K(81920K)
[173.378s][info][gc,heap        ] GC(757) ParOldGen: 305011K(699392K)->336301K(699392K)
[173.378s][info][gc,metaspace   ] GC(757) Metaspace: 68348K(69504K)->68348K(69504K) NonClass: 59897K(60416K)->59897K(60416K) Class: 8450K(9088K)->8450K(9088K)
[173.378s][info][gc             ] GC(757) Pause Young (Allocation Failure) 492M->328M(929M) 27.864ms
[173.378s][info][gc,cpu         ] GC(757) User=0.34s Sys=0.00s Real=0.02s
[173.466s][info][gc,start       ] GC(758) Pause Young (Allocation Failure)
[173.750s][info][gc,heap        ] GC(758) PSYoungGen: 170592K(252416K)->42560K(266752K) Eden: 170496K(170496K)->0K(183808K) From: 96K(81920K)->42560K(82944K)
[173.750s][info][gc,heap        ] GC(758) ParOldGen: 336301K(699392K)->336309K(699392K)
[173.750s][info][gc,metaspace   ] GC(758) Metaspace: 68348K(69504K)->68348K(69504K) NonClass: 59897K(60416K)->59897K(60416K) Class: 8450K(9088K)->8450K(9088K)
[173.750s][info][gc             ] GC(758) Pause Young (Allocation Failure) 495M->369M(943M) 284.496ms
[173.750s][info][gc,cpu         ] GC(758) User=2.00s Sys=0.06s Real=0.29s
[173.840s][info][gc,start       ] GC(759) Pause Young (System.gc())
[173.844s][info][gc,heap        ] GC(759) PSYoungGen: 154878K(266752K)->128K(266240K) Eden: 112318K(183808K)->0K(183808K) From: 42560K(82944K)->128K(82432K)
[173.844s][info][gc,heap        ] GC(759) ParOldGen: 336309K(699392K)->336349K(699392K)
[173.844s][info][gc,metaspace   ] GC(759) Metaspace: 68348K(69504K)->68348K(69504K) NonClass: 59897K(60416K)->59897K(60416K) Class: 8450K(9088K)->8450K(9088K)
[173.844s][info][gc             ] GC(759) Pause Young (System.gc()) 479M->328M(943M) 4.390ms
[173.844s][info][gc,cpu         ] GC(759) User=0.00s Sys=0.00s Real=0.00s
[173.844s][info][gc,start       ] GC(760) Pause Full (System.gc())
[173.844s][info][gc,phases,start] GC(760) Marking Phase
[173.905s][info][gc,phases      ] GC(760) Marking Phase 61.144ms
[173.905s][info][gc,phases,start] GC(760) Summary Phase
[173.905s][info][gc,phases      ] GC(760) Summary Phase 0.016ms
[173.905s][info][gc,phases,start] GC(760) Adjust Roots
[173.915s][info][gc,phases      ] GC(760) Adjust Roots 10.194ms
[173.916s][info][gc,phases,start] GC(760) Compaction Phase
[173.947s][info][gc,phases      ] GC(760) Compaction Phase 31.868ms
[173.947s][info][gc,phases,start] GC(760) Post Compact
[173.949s][info][gc,phases      ] GC(760) Post Compact 1.955ms
[173.949s][info][gc,heap        ] GC(760) PSYoungGen: 128K(266240K)->0K(266240K) Eden: 0K(183808K)->0K(183808K) From: 128K(82432K)->0K(82432K)
[173.949s][info][gc,heap        ] GC(760) ParOldGen: 336349K(699392K)->148870K(699392K)
[173.949s][info][gc,metaspace   ] GC(760) Metaspace: 68348K(69504K)->68348K(69504K) NonClass: 59897K(60416K)->59897K(60416K) Class: 8450K(9088K)->8450K(9088K)
[173.950s][info][gc             ] GC(760) Pause Full (System.gc()) 328M->145M(943M) 105.443ms
[173.950s][info][gc,cpu         ] GC(760) User=1.73s Sys=0.02s Real=0.11s
[174.087s][info][gc,start       ] GC(761) Pause Young (Allocation Failure)
[174.111s][info][gc,heap        ] GC(761) PSYoungGen: 183808K(266240K)->62112K(252416K) Eden: 183808K(183808K)->0K(169984K) From: 0K(82432K)->62112K(82432K)
[174.111s][info][gc,heap        ] GC(761) ParOldGen: 148870K(699392K)->148870K(699392K)
[174.111s][info][gc,metaspace   ] GC(761) Metaspace: 68350K(69504K)->68350K(69504K) NonClass: 59899K(60416K)->59899K(60416K) Class: 8450K(9088K)->8450K(9088K)
[174.111s][info][gc             ] GC(761) Pause Young (Allocation Failure) 324M->206M(929M) 24.634ms
[174.111s][info][gc,cpu         ] GC(761) User=0.13s Sys=0.00s Real=0.02s
[174.192s][info][gc,start       ] GC(762) Pause Young (Allocation Failure)
[174.228s][info][gc,heap        ] GC(762) PSYoungGen: 232096K(252416K)->37440K(259584K) Eden: 169984K(169984K)->0K(169984K) From: 62112K(82432K)->37440K(89600K)
[174.228s][info][gc,heap        ] GC(762) ParOldGen: 148870K(699392K)->204697K(699392K)
[174.228s][info][gc,metaspace   ] GC(762) Metaspace: 68350K(69504K)->68350K(69504K) NonClass: 59899K(60416K)->59899K(60416K) Class: 8450K(9088K)->8450K(9088K)
[174.228s][info][gc             ] GC(762) Pause Young (Allocation Failure) 372M->236M(936M) 36.303ms
[174.228s][info][gc,cpu         ] GC(762) User=0.69s Sys=0.00s Real=0.03s
[174.313s][info][gc,start       ] GC(763) Pause Young (Allocation Failure)
[174.352s][info][gc,heap        ] GC(763) PSYoungGen: 207424K(259584K)->25376K(247808K) Eden: 169984K(169984K)->0K(173568K) From: 37440K(89600K)->25376K(74240K)
[174.352s][info][gc,heap        ] GC(763) ParOldGen: 204697K(699392K)->238177K(699392K)
[174.352s][info][gc,metaspace   ] GC(763) Metaspace: 68350K(69504K)->68350K(69504K) NonClass: 59899K(60416K)->59899K(60416K) Class: 8450K(9088K)->8450K(9088K)
[174.352s][info][gc             ] GC(763) Pause Young (Allocation Failure) 402M->257M(925M) 39.599ms
[174.352s][info][gc,cpu         ] GC(763) User=1.03s Sys=0.00s Real=0.05s
[174.445s][info][gc,start       ] GC(764) Pause Young (Allocation Failure)
[174.469s][info][gc,heap        ] GC(764) PSYoungGen: 198944K(247808K)->15808K(255488K) Eden: 173568K(173568K)->0K(173568K) From: 25376K(74240K)->15808K(81920K)
[174.470s][info][gc,heap        ] GC(764) ParOldGen: 238177K(699392K)->262129K(699392K)
[174.470s][info][gc,metaspace   ] GC(764) Metaspace: 68350K(69504K)->68350K(69504K) NonClass: 59899K(60416K)->59899K(60416K) Class: 8450K(9088K)->8450K(9088K)
[174.470s][info][gc             ] GC(764) Pause Young (Allocation Failure) 426M->271M(932M) 24.093ms
[174.470s][info][gc,cpu         ] GC(764) User=0.34s Sys=0.00s Real=0.02s
[174.580s][info][gc,start       ] GC(765) Pause Young (Allocation Failure)
[174.613s][info][gc,heap        ] GC(765) PSYoungGen: 189376K(255488K)->26528K(256512K) Eden: 173568K(173568K)->0K(187904K) From: 15808K(81920K)->26528K(68608K)
[174.613s][info][gc,heap        ] GC(765) ParOldGen: 262129K(699392K)->276233K(699392K)
[174.613s][info][gc,metaspace   ] GC(765) Metaspace: 68350K(69504K)->68350K(69504K) NonClass: 59899K(60416K)->59899K(60416K) Class: 8450K(9088K)->8450K(9088K)
[174.614s][info][gc             ] GC(765) Pause Young (Allocation Failure) 440M->295M(933M) 33.903ms
[174.614s][info][gc,cpu         ] GC(765) User=1.03s Sys=0.00s Real=0.05s
[174.718s][info][gc,start       ] GC(766) Pause Young (Allocation Failure)
[174.748s][info][gc,heap        ] GC(766) PSYoungGen: 214432K(256512K)->14176K(263168K) Eden: 187904K(187904K)->0K(187904K) From: 26528K(68608K)->14176K(75264K)
[174.748s][info][gc,heap        ] GC(766) ParOldGen: 276233K(699392K)->300273K(699392K)
[174.748s][info][gc,metaspace   ] GC(766) Metaspace: 68350K(69504K)->68350K(69504K) NonClass: 59899K(60416K)->59899K(60416K) Class: 8450K(9088K)->8450K(9088K)
[174.748s][info][gc             ] GC(766) Pause Young (Allocation Failure) 479M->307M(940M) 30.069ms
[174.748s][info][gc,cpu         ] GC(766) User=0.69s Sys=0.00s Real=0.03s
[174.857s][info][gc,start       ] GC(767) Pause Young (Allocation Failure)
[174.919s][info][gc,heap        ] GC(767) PSYoungGen: 202080K(263168K)->13408K(267776K) Eden: 187904K(187904K)->0K(200704K) From: 14176K(75264K)->13408K(67072K)
[174.920s][info][gc,heap        ] GC(767) ParOldGen: 300273K(699392K)->311329K(699392K)
[174.920s][info][gc,metaspace   ] GC(767) Metaspace: 68350K(69504K)->68350K(69504K) NonClass: 59899K(60416K)->59899K(60416K) Class: 8450K(9088K)->8450K(9088K)
[174.920s][info][gc             ] GC(767) Pause Young (Allocation Failure) 490M->317M(944M) 62.062ms
[174.920s][info][gc,cpu         ] GC(767) User=1.38s Sys=0.00s Real=0.06s
[175.039s][info][gc,start       ] GC(768) Pause Young (Allocation Failure)
[175.098s][info][gc,heap        ] GC(768) PSYoungGen: 214112K(267776K)->15136K(271872K) Eden: 200704K(200704K)->0K(200704K) From: 13408K(67072K)->15136K(71168K)
[175.098s][info][gc,heap        ] GC(768) ParOldGen: 311329K(699392K)->322241K(699392K)
[175.098s][info][gc,metaspace   ] GC(768) Metaspace: 68350K(69504K)->68350K(69504K) NonClass: 59899K(60416K)->59899K(60416K) Class: 8450K(9088K)->8450K(9088K)
[175.098s][info][gc             ] GC(768) Pause Young (Allocation Failure) 513M->329M(948M) 58.966ms
[175.098s][info][gc,cpu         ] GC(768) User=1.38s Sys=0.00s Real=0.06s
[175.261s][info][gc,start       ] GC(769) Pause Young (Allocation Failure)
[175.312s][info][gc,heap        ] GC(769) PSYoungGen: 214976K(271872K)->13696K(272384K) Eden: 199840K(200704K)->0K(209408K) From: 15136K(71168K)->13696K(62976K)
[175.312s][info][gc,heap        ] GC(769) ParOldGen: 322241K(699392K)->335337K(699392K)
[175.312s][info][gc,metaspace   ] GC(769) Metaspace: 68350K(69504K)->68350K(69504K) NonClass: 59899K(60416K)->59899K(60416K) Class: 8450K(9088K)->8450K(9088K)
[175.312s][info][gc             ] GC(769) Pause Young (Allocation Failure) 524M->340M(949M) 50.672ms
[175.312s][info][gc,cpu         ] GC(769) User=1.03s Sys=0.00s Real=0.05s
[175.596s][info][gc,start       ] GC(770) Pause Young (Allocation Failure)
[175.642s][info][gc,heap        ] GC(770) PSYoungGen: 223104K(272384K)->15136K(275968K) Eden: 209408K(209408K)->0K(209408K) From: 13696K(62976K)->15136K(66560K)
[175.642s][info][gc,heap        ] GC(770) ParOldGen: 335337K(699392K)->345273K(699392K)
[175.642s][info][gc,metaspace   ] GC(770) Metaspace: 68352K(69504K)->68352K(69504K) NonClass: 59901K(60416K)->59901K(60416K) Class: 8450K(9088K)->8450K(9088K)
[175.642s][info][gc             ] GC(770) Pause Young (Allocation Failure) 545M->351M(952M) 45.954ms
[175.642s][info][gc,cpu         ] GC(770) User=1.03s Sys=0.00s Real=0.05s
[176.008s][info][gc,start       ] GC(771) Pause Young (Allocation Failure)
[176.034s][info][gc,heap        ] GC(771) PSYoungGen: 224544K(275968K)->7584K(278528K) Eden: 209408K(209408K)->0K(218624K) From: 15136K(66560K)->7584K(59904K)
[176.034s][info][gc,heap        ] GC(771) ParOldGen: 345273K(699392K)->356441K(699392K)
[176.034s][info][gc,metaspace   ] GC(771) Metaspace: 68352K(69504K)->68352K(69504K) NonClass: 59901K(60416K)->59901K(60416K) Class: 8450K(9088K)->8450K(9088K)
[176.034s][info][gc             ] GC(771) Pause Young (Allocation Failure) 556M->355M(955M) 26.274ms
[176.035s][info][gc,cpu         ] GC(771) User=0.69s Sys=0.00s Real=0.03s
[176.726s][info][gc,start       ] GC(772) Pause Young (Allocation Failure)
[176.803s][info][gc,heap        ] GC(772) PSYoungGen: 226208K(278528K)->30367K(281088K) Eden: 218624K(218624K)->0K(218624K) From: 7584K(59904K)->30367K(62464K)
[176.803s][info][gc,heap        ] GC(772) ParOldGen: 356441K(699392K)->362561K(699392K)
[176.803s][info][gc,metaspace   ] GC(772) Metaspace: 68369K(69504K)->68369K(69504K) NonClass: 59918K(60416K)->59918K(60416K) Class: 8450K(9088K)->8450K(9088K)
[176.803s][info][gc             ] GC(772) Pause Young (Allocation Failure) 568M->383M(957M) 77.121ms
[176.803s][info][gc,cpu         ] GC(772) User=1.41s Sys=0.00s Real=0.06s
[176.975s][info][gc,start       ] GC(773) Pause Young (Allocation Failure)
[177.013s][info][gc,heap        ] GC(773) PSYoungGen: 247634K(281088K)->61408K(247808K) Eden: 217267K(218624K)->0K(186368K) From: 30367K(62464K)->61408K(61440K)
[177.013s][info][gc,heap        ] GC(773) ParOldGen: 362561K(699392K)->387899K(699392K)
[177.013s][info][gc,metaspace   ] GC(773) Metaspace: 68369K(69504K)->68369K(69504K) NonClass: 59918K(60416K)->59918K(60416K) Class: 8450K(9088K)->8450K(9088K)
[177.013s][info][gc             ] GC(773) Pause Young (Allocation Failure) 595M->438M(925M) 38.709ms
[177.013s][info][gc,cpu         ] GC(773) User=1.08s Sys=0.00s Real=0.05s
[177.092s][info][gc,start       ] GC(774) Pause Young (Allocation Failure)
[177.135s][info][gc,heap        ] GC(774) PSYoungGen: 247776K(247808K)->41280K(267776K) Eden: 186368K(186368K)->0K(186368K) From: 61408K(61440K)->41280K(81408K)
[177.135s][info][gc,heap        ] GC(774) ParOldGen: 387899K(699392K)->446459K(699392K)
[177.135s][info][gc,metaspace   ] GC(774) Metaspace: 68369K(69504K)->68369K(69504K) NonClass: 59918K(60416K)->59918K(60416K) Class: 8450K(9088K)->8450K(9088K)
[177.135s][info][gc             ] GC(774) Pause Young (Allocation Failure) 620M->476M(944M) 42.282ms
[177.135s][info][gc,cpu         ] GC(774) User=1.03s Sys=0.00s Real=0.05s
[177.224s][info][gc,start       ] GC(775) Pause Young (Allocation Failure)
[177.260s][info][gc,heap        ] GC(775) PSYoungGen: 227648K(267776K)->28160K(258048K) Eden: 186368K(186368K)->0K(186880K) From: 41280K(81408K)->28160K(71168K)
[177.260s][info][gc,heap        ] GC(775) ParOldGen: 446459K(699392K)->484931K(699392K)
[177.260s][info][gc,metaspace   ] GC(775) Metaspace: 68369K(69504K)->68369K(69504K) NonClass: 59918K(60416K)->59918K(60416K) Class: 8450K(9088K)->8450K(9088K)
[177.260s][info][gc             ] GC(775) Pause Young (Allocation Failure) 658M->501M(935M) 36.108ms
[177.261s][info][gc,cpu         ] GC(775) User=1.03s Sys=0.00s Real=0.05s
[177.347s][info][gc,start       ] GC(776) Pause Young (Allocation Failure)
[177.374s][info][gc,heap        ] GC(776) PSYoungGen: 215040K(258048K)->20672K(263168K) Eden: 186880K(186880K)->0K(186880K) From: 28160K(71168K)->20672K(76288K)
[177.374s][info][gc,heap        ] GC(776) ParOldGen: 484931K(699392K)->508051K(699392K)
[177.374s][info][gc,metaspace   ] GC(776) Metaspace: 68369K(69504K)->68369K(69504K) NonClass: 59918K(60416K)->59918K(60416K) Class: 8450K(9088K)->8450K(9088K)
[177.374s][info][gc             ] GC(776) Pause Young (Allocation Failure) 683M->516M(940M) 27.185ms
[177.374s][info][gc,cpu         ] GC(776) User=0.34s Sys=0.00s Real=0.02s
[177.475s][info][gc,start       ] GC(777) Pause Young (Allocation Failure)
[177.515s][info][gc,heap        ] GC(777) PSYoungGen: 207552K(263168K)->33088K(264704K) Eden: 186880K(186880K)->0K(199680K) From: 20672K(76288K)->33088K(65024K)
[177.515s][info][gc,heap        ] GC(777) ParOldGen: 508051K(699392K)->524235K(699392K)
[177.515s][info][gc,metaspace   ] GC(777) Metaspace: 68369K(69504K)->68369K(69504K) NonClass: 59918K(60416K)->59918K(60416K) Class: 8450K(9088K)->8450K(9088K)
[177.515s][info][gc             ] GC(777) Pause Young (Allocation Failure) 698M->544M(941M) 40.541ms
[177.515s][info][gc,cpu         ] GC(777) User=0.69s Sys=0.00s Real=0.03s
[177.604s][info][gc,start       ] GC(778) Pause Young (Allocation Failure)
[177.637s][info][gc,heap        ] GC(778) PSYoungGen: 232768K(264704K)->17184K(269824K) Eden: 199680K(199680K)->0K(199680K) From: 33088K(65024K)->17184K(70144K)
[177.637s][info][gc,heap        ] GC(778) ParOldGen: 524235K(699392K)->554819K(699392K)
[177.637s][info][gc,metaspace   ] GC(778) Metaspace: 68369K(69504K)->68369K(69504K) NonClass: 59918K(60416K)->59918K(60416K) Class: 8450K(9088K)->8450K(9088K)
[177.637s][info][gc             ] GC(778) Pause Young (Allocation Failure) 739M->558M(946M) 32.715ms
[177.637s][info][gc,cpu         ] GC(778) User=0.69s Sys=0.00s Real=0.03s
[177.729s][info][gc,start       ] GC(779) Pause Young (Allocation Failure)
[177.836s][info][gc,heap        ] GC(779) PSYoungGen: 216864K(269824K)->16032K(273920K) Eden: 199680K(199680K)->0K(210944K) From: 17184K(70144K)->16032K(62976K)
[177.836s][info][gc,heap        ] GC(779) ParOldGen: 554819K(699392K)->568419K(699392K)
[177.836s][info][gc,metaspace   ] GC(779) Metaspace: 68369K(69504K)->68369K(69504K) NonClass: 59918K(60416K)->59918K(60416K) Class: 8450K(9088K)->8450K(9088K)
[177.836s][info][gc             ] GC(779) Pause Young (Allocation Failure) 753M->570M(950M) 106.881ms
[177.836s][info][gc,cpu         ] GC(779) User=2.41s Sys=0.00s Real=0.11s
[177.958s][info][gc,start       ] GC(780) Pause Young (Allocation Failure)
[178.064s][info][gc,heap        ] GC(780) PSYoungGen: 226976K(273920K)->15104K(277504K) Eden: 210944K(210944K)->0K(210944K) From: 16032K(62976K)->15104K(66560K)
[178.064s][info][gc,heap        ] GC(780) ParOldGen: 568419K(699392K)->581059K(699392K)
[178.064s][info][gc,metaspace   ] GC(780) Metaspace: 68369K(69504K)->68369K(69504K) NonClass: 59918K(60416K)->59918K(60416K) Class: 8450K(9088K)->8450K(9088K)
[178.064s][info][gc             ] GC(780) Pause Young (Allocation Failure) 776M->582M(954M) 106.031ms
[178.064s][info][gc,cpu         ] GC(780) User=2.41s Sys=0.00s Real=0.11s
[178.537s][info][gc,start       ] GC(781) Pause Young (Allocation Failure)
[178.633s][info][gc,heap        ] GC(781) PSYoungGen: 226048K(277504K)->10912K(278016K) Eden: 210944K(210944K)->0K(218112K) From: 15104K(66560K)->10912K(59904K)
[178.633s][info][gc,heap        ] GC(781) ParOldGen: 581059K(699392K)->593819K(699392K)
[178.633s][info][gc,metaspace   ] GC(781) Metaspace: 68369K(69504K)->68369K(69504K) NonClass: 59918K(60416K)->59918K(60416K) Class: 8450K(9088K)->8450K(9088K)
[178.633s][info][gc             ] GC(781) Pause Young (Allocation Failure) 788M->590M(954M) 95.897ms
[178.633s][info][gc,cpu         ] GC(781) User=2.06s Sys=0.00s Real=0.09s
[179.013s][info][gc,start       ] GC(782) Pause Young (Allocation Failure)
[179.063s][info][gc,heap        ] GC(782) PSYoungGen: 229024K(278016K)->32448K(281088K) Eden: 218112K(218112K)->0K(218112K) From: 10912K(59904K)->32448K(62976K)
[179.063s][info][gc,heap        ] GC(782) ParOldGen: 593819K(699392K)->603235K(699392K)
[179.063s][info][gc,metaspace   ] GC(782) Metaspace: 68373K(69504K)->68373K(69504K) NonClass: 59922K(60416K)->59922K(60416K) Class: 8450K(9088K)->8450K(9088K)
[179.063s][info][gc             ] GC(782) Pause Young (Allocation Failure) 803M->620M(957M) 49.461ms
[179.063s][info][gc,cpu         ] GC(782) User=1.03s Sys=0.00s Real=0.06s
[179.244s][info][gc,start       ] GC(783) Pause Young (Allocation Failure)
[179.267s][info][gc,heap        ] GC(783) PSYoungGen: 250560K(281088K)->32340K(283648K) Eden: 218112K(218112K)->0K(223744K) From: 32448K(62976K)->32340K(59904K)
[179.267s][info][gc,heap        ] GC(783) ParOldGen: 603235K(699392K)->603387K(699392K)
[179.267s][info][gc,metaspace   ] GC(783) Metaspace: 68377K(69504K)->68377K(69504K) NonClass: 59926K(60416K)->59926K(60416K) Class: 8450K(9088K)->8450K(9088K)
[179.267s][info][gc             ] GC(783) Pause Young (Allocation Failure) 833M->620M(960M) 23.214ms
[179.267s][info][gc,cpu         ] GC(783) User=0.36s Sys=0.00s Real=0.02s
[179.428s][info][gc,start       ] GC(784) Pause Young (Allocation Failure)
[179.449s][info][gc,heap        ] GC(784) PSYoungGen: 256084K(283648K)->28629K(285184K) Eden: 223744K(223744K)->0K(223744K) From: 32340K(59904K)->28629K(61440K)
[179.449s][info][gc,heap        ] GC(784) ParOldGen: 603387K(699392K)->603491K(699392K)
[179.449s][info][gc,metaspace   ] GC(784) Metaspace: 68394K(69504K)->68394K(69504K) NonClass: 59943K(60416K)->59943K(60416K) Class: 8450K(9088K)->8450K(9088K)
[179.449s][info][gc             ] GC(784) Pause Young (Allocation Failure) 839M->617M(961M) 20.714ms
[179.449s][info][gc,cpu         ] GC(784) User=0.36s Sys=0.00s Real=0.02s
[179.806s][info][gc,start       ] GC(785) Pause Young (Allocation Failure)
[179.817s][info][gc,heap        ] GC(785) PSYoungGen: 252373K(285184K)->928K(285696K) Eden: 223744K(223744K)->0K(226816K) From: 28629K(61440K)->928K(58880K)
[179.817s][info][gc,heap        ] GC(785) ParOldGen: 603491K(699392K)->603601K(699392K)
[179.817s][info][gc,metaspace   ] GC(785) Metaspace: 68401K(69504K)->68401K(69504K) NonClass: 59950K(60416K)->59950K(60416K) Class: 8450K(9088K)->8450K(9088K)
[179.817s][info][gc             ] GC(785) Pause Young (Allocation Failure) 835M->590M(962M) 10.511ms
[179.817s][info][gc,cpu         ] GC(785) User=0.00s Sys=0.00s Real=0.00s
[179.913s][info][gc,start       ] GC(786) Pause Young (Allocation Failure)
[179.928s][info][gc,heap        ] GC(786) PSYoungGen: 227744K(285696K)->29076K(286720K) Eden: 226816K(226816K)->0K(226816K) From: 928K(58880K)->29076K(59904K)
[179.928s][info][gc,heap        ] GC(786) ParOldGen: 603601K(699392K)->604217K(699392K)
[179.928s][info][gc,metaspace   ] GC(786) Metaspace: 68401K(69504K)->68401K(69504K) NonClass: 59950K(60416K)->59950K(60416K) Class: 8450K(9088K)->8450K(9088K)
[179.928s][info][gc             ] GC(786) Pause Young (Allocation Failure) 811M->618M(963M) 15.113ms
[179.928s][info][gc,cpu         ] GC(786) User=0.52s Sys=0.00s Real=0.02s
[180.015s][info][gc,start       ] GC(787) Pause Young (Allocation Failure)
[180.047s][info][gc,heap        ] GC(787) PSYoungGen: 255892K(286720K)->38432K(287232K) Eden: 226816K(226816K)->0K(228864K) From: 29076K(59904K)->38432K(58368K)
[180.047s][info][gc,heap        ] GC(787) ParOldGen: 604217K(699392K)->630785K(699392K)
[180.047s][info][gc,metaspace   ] GC(787) Metaspace: 68401K(69504K)->68401K(69504K) NonClass: 59950K(60416K)->59950K(60416K) Class: 8450K(9088K)->8450K(9088K)
[180.047s][info][gc             ] GC(787) Pause Young (Allocation Failure) 839M->653M(963M) 32.021ms
[180.047s][info][gc,cpu         ] GC(787) User=0.72s Sys=0.00s Real=0.03s
[180.314s][info][gc,start       ] GC(788) Pause Young (Allocation Failure)
[180.348s][info][gc,heap        ] GC(788) PSYoungGen: 267296K(287232K)->55463K(284672K) Eden: 228864K(228864K)->0K(228864K) From: 38432K(58368K)->55463K(55808K)
[180.348s][info][gc,heap        ] GC(788) ParOldGen: 630785K(699392K)->667841K(699392K)
[180.348s][info][gc,metaspace   ] GC(788) Metaspace: 68401K(69504K)->68401K(69504K) NonClass: 59950K(60416K)->59950K(60416K) Class: 8450K(9088K)->8450K(9088K)
[180.348s][info][gc             ] GC(788) Pause Young (Allocation Failure) 877M->706M(961M) 33.521ms
[180.348s][info][gc,cpu         ] GC(788) User=0.72s Sys=0.00s Real=0.02s
[180.348s][info][gc,start       ] GC(789) Pause Full (Ergonomics)
[180.348s][info][gc,phases,start] GC(789) Marking Phase
[180.407s][info][gc,phases      ] GC(789) Marking Phase 59.419ms
[180.407s][info][gc,phases,start] GC(789) Summary Phase
[180.408s][info][gc,phases      ] GC(789) Summary Phase 0.029ms
[180.408s][info][gc,phases,start] GC(789) Adjust Roots
[180.416s][info][gc,phases      ] GC(789) Adjust Roots 8.967ms
[180.417s][info][gc,phases,start] GC(789) Compaction Phase
[180.474s][info][gc,phases      ] GC(789) Compaction Phase 57.705ms
[180.474s][info][gc,phases,start] GC(789) Post Compact
[180.479s][info][gc,phases      ] GC(789) Post Compact 4.314ms
[180.479s][info][gc,heap        ] GC(789) PSYoungGen: 55463K(284672K)->0K(278528K) Eden: 0K(228864K)->0K(214016K) From: 55463K(55808K)->0K(64512K)
[180.479s][info][gc,heap        ] GC(789) ParOldGen: 667841K(699392K)->222549K(699392K)
[180.479s][info][gc,metaspace   ] GC(789) Metaspace: 68401K(69504K)->68401K(69504K) NonClass: 59950K(60416K)->59950K(60416K) Class: 8450K(9088K)->8450K(9088K)
[180.479s][info][gc             ] GC(789) Pause Full (Ergonomics) 706M->217M(955M) 130.800ms
[180.479s][info][gc,cpu         ] GC(789) User=1.72s Sys=0.00s Real=0.13s
[180.589s][info][gc,start       ] GC(790) Pause Young (Allocation Failure)
[180.612s][info][gc,heap        ] GC(790) PSYoungGen: 214016K(278528K)->61009K(275456K) Eden: 214016K(214016K)->0K(214016K) From: 0K(64512K)->61009K(61440K)
[180.612s][info][gc,heap        ] GC(790) ParOldGen: 222549K(699392K)->222549K(699392K)
[180.612s][info][gc,metaspace   ] GC(790) Metaspace: 68403K(69504K)->68403K(69504K) NonClass: 59952K(60416K)->59952K(60416K) Class: 8450K(9088K)->8450K(9088K)
[180.612s][info][gc             ] GC(790) Pause Young (Allocation Failure) 426M->276M(952M) 23.489ms
[180.613s][info][gc,cpu         ] GC(790) User=0.69s Sys=0.00s Real=0.03s
[180.835s][info][gc,start       ] GC(791) Pause Young (Allocation Failure)
[180.869s][info][gc,heap        ] GC(791) PSYoungGen: 275025K(275456K)->48510K(267264K) Eden: 214016K(214016K)->0K(193536K) From: 61009K(61440K)->48510K(73728K)
[180.869s][info][gc,heap        ] GC(791) ParOldGen: 222549K(699392K)->261599K(699392K)
[180.869s][info][gc,metaspace   ] GC(791) Metaspace: 68431K(69568K)->68431K(69568K) NonClass: 59980K(60480K)->59980K(60480K) Class: 8450K(9088K)->8450K(9088K)
[180.870s][info][gc             ] GC(791) Pause Young (Allocation Failure) 485M->302M(944M) 34.104ms
[180.870s][info][gc,cpu         ] GC(791) User=0.69s Sys=0.00s Real=0.03s
[180.945s][info][gc,start       ] GC(792) Pause Young (Allocation Failure)
[180.977s][info][gc,heap        ] GC(792) PSYoungGen: 242046K(267264K)->96K(194048K) Eden: 193536K(193536K)->0K(193536K) From: 48510K(73728K)->96K(512K)
[180.977s][info][gc,heap        ] GC(792) ParOldGen: 261599K(699392K)->307595K(699392K)
[180.977s][info][gc,metaspace   ] GC(792) Metaspace: 68431K(69568K)->68431K(69568K) NonClass: 59980K(60480K)->59980K(60480K) Class: 8450K(9088K)->8450K(9088K)
[180.977s][info][gc             ] GC(792) Pause Young (Allocation Failure) 491M->300M(872M) 32.058ms
[180.977s][info][gc,cpu         ] GC(792) User=0.69s Sys=0.00s Real=0.03s
[181.071s][info][gc,start       ] GC(793) Pause Young (Allocation Failure)
[181.090s][info][gc,heap        ] GC(793) PSYoungGen: 193632K(194048K)->20738K(273408K) Eden: 193536K(193536K)->0K(194560K) From: 96K(512K)->20738K(78848K)
[181.090s][info][gc,heap        ] GC(793) ParOldGen: 307595K(699392K)->307595K(699392K)
[181.090s][info][gc,metaspace   ] GC(793) Metaspace: 68431K(69568K)->68431K(69568K) NonClass: 59980K(60480K)->59980K(60480K) Class: 8450K(9088K)->8450K(9088K)
[181.090s][info][gc             ] GC(793) Pause Young (Allocation Failure) 489M->320M(950M) 18.796ms
[181.090s][info][gc,cpu         ] GC(793) User=0.66s Sys=0.00s Real=0.03s
[181.243s][info][gc,start       ] GC(794) Pause Young (Allocation Failure)
[181.247s][info][gc,heap        ] GC(794) PSYoungGen: 215298K(273408K)->512K(270336K) Eden: 194560K(194560K)->0K(194560K) From: 20738K(78848K)->512K(75776K)
[181.247s][info][gc,heap        ] GC(794) ParOldGen: 307595K(699392K)->307643K(699392K)
[181.247s][info][gc,metaspace   ] GC(794) Metaspace: 68673K(69824K)->68673K(69824K) NonClass: 60166K(60736K)->60166K(60736K) Class: 8506K(9088K)->8506K(9088K)
[181.247s][info][gc             ] GC(794) Pause Young (Allocation Failure) 510M->300M(947M) 3.728ms
[181.247s][info][gc,cpu         ] GC(794) User=0.00s Sys=0.00s Real=0.00s
[181.424s][info][gc,heap,exit   ] Heap
[181.424s][info][gc,heap,exit   ]  PSYoungGen      total 270336K, used 31147K [0x00000000eab00000, 0x00000000ffd00000, 0x0000000100000000)
[181.424s][info][gc,heap,exit   ]   eden space 194560K, 15% used [0x00000000eab00000,0x00000000ec8eacf8,0x00000000f6900000)
[181.424s][info][gc,heap,exit   ]   from space 75776K, 0% used [0x00000000f6900000,0x00000000f6980000,0x00000000fb300000)
[181.424s][info][gc,heap,exit   ]   to   space 75776K, 0% used [0x00000000fb300000,0x00000000fb300000,0x00000000ffd00000)
[181.425s][info][gc,heap,exit   ]  ParOldGen       total 699392K, used 307643K [0x00000000c0000000, 0x00000000eab00000, 0x00000000eab00000)
[181.425s][info][gc,heap,exit   ]   object space 699392K, 43% used [0x00000000c0000000,0x00000000d2c6ec78,0x00000000eab00000)
[181.425s][info][gc,heap,exit   ]  Metaspace       used 68817K, committed 69888K, reserved 1114112K
[181.425s][info][gc,heap,exit   ]   class space    used 8539K, committed 9088K, reserved 1048576K
