[0.017s][info][gc,init] CardTable entry size: 512
[0.018s][info][gc     ] Using Serial
[0.022s][info][gc,init] Version: 20+36-2344 (release)
[0.022s][info][gc,init] CPUs: 48 total, 48 available
[0.022s][info][gc,init] Memory: 382G
[0.022s][info][gc,init] Large Page Support: Disabled
[0.022s][info][gc,init] NUMA Support: Disabled
[0.022s][info][gc,init] Compressed Oops: Enabled (32-bit)
[0.022s][info][gc,init] Heap Min Capacity: 8M
[0.022s][info][gc,init] Heap Initial Capacity: 1G
[0.022s][info][gc,init] Heap Max Capacity: 1G
[0.022s][info][gc,init] Pre-touch: Disabled
[0.034s][info][gc,metaspace] CDS archive(s) mapped at: [0x0000000800000000-0x0000000800c60000-0x0000000800c60000), size 12976128, SharedBaseAddress: 0x0000000800000000, ArchiveRelocationMode: 0.
[0.034s][info][gc,metaspace] Compressed class space mapped at: 0x0000000801000000-0x0000000841000000, reserved size: 1073741824
[0.034s][info][gc,metaspace] Narrow klass base: 0x0000000800000000, Narrow klass shift: 0, Narrow klass range: 0x100000000
[9.805s][info][gc,start    ] GC(0) Pause Full (Metadata GC Threshold)
[9.805s][info][gc,phases,start] GC(0) Phase 1: Mark live objects
[9.827s][info][gc,phases      ] GC(0) Phase 1: Mark live objects 21.797ms
[9.827s][info][gc,phases,start] GC(0) Phase 2: Compute new object addresses
[9.838s][info][gc,phases      ] GC(0) Phase 2: Compute new object addresses 10.495ms
[9.838s][info][gc,phases,start] GC(0) Phase 3: Adjust pointers
[9.845s][info][gc,phases      ] GC(0) Phase 3: Adjust pointers 7.450ms
[9.845s][info][gc,phases,start] GC(0) Phase 4: Move objects
[9.856s][info][gc,phases      ] GC(0) Phase 4: Move objects 11.070ms
[9.858s][info][gc,heap        ] GC(0) DefNew: 154184K(314560K)->0K(314560K) Eden: 154184K(279616K)->0K(279616K) From: 0K(34944K)->0K(34944K)
[9.858s][info][gc,heap        ] GC(0) Tenured: 0K(699072K)->18046K(699072K)
[9.858s][info][gc,metaspace   ] GC(0) Metaspace: 21271K(21504K)->21271K(21504K) NonClass: 18551K(18688K)->18551K(18688K) Class: 2719K(2816K)->2719K(2816K)
[9.858s][info][gc             ] GC(0) Pause Full (Metadata GC Threshold) 150M->17M(989M) 52.667ms
[9.858s][info][gc,cpu         ] GC(0) User=0.03s Sys=0.02s Real=0.05s
[10.833s][info][gc,start       ] GC(1) Pause Full (Metadata GC Threshold)
[10.833s][info][gc,phases,start] GC(1) Phase 1: Mark live objects
[10.864s][info][gc,phases      ] GC(1) Phase 1: Mark live objects 30.952ms
[10.864s][info][gc,phases,start] GC(1) Phase 2: Compute new object addresses
[10.874s][info][gc,phases      ] GC(1) Phase 2: Compute new object addresses 10.058ms
[10.874s][info][gc,phases,start] GC(1) Phase 3: Adjust pointers
[10.884s][info][gc,phases      ] GC(1) Phase 3: Adjust pointers 9.980ms
[10.884s][info][gc,phases,start] GC(1) Phase 4: Move objects
[10.887s][info][gc,phases      ] GC(1) Phase 4: Move objects 3.309ms
[10.888s][info][gc,heap        ] GC(1) DefNew: 113557K(314560K)->0K(314560K) Eden: 113557K(279616K)->0K(279616K) From: 0K(34944K)->0K(34944K)
[10.888s][info][gc,heap        ] GC(1) Tenured: 18046K(699072K)->22734K(699072K)
[10.888s][info][gc,metaspace   ] GC(1) Metaspace: 35451K(35840K)->35451K(35840K) NonClass: 30971K(31168K)->30971K(31168K) Class: 4479K(4672K)->4479K(4672K)
[10.888s][info][gc             ] GC(1) Pause Full (Metadata GC Threshold) 128M->22M(989M) 55.202ms
[10.888s][info][gc,cpu         ] GC(1) User=0.06s Sys=0.00s Real=0.06s
[11.652s][info][gc,start       ] GC(2) Pause Young (Allocation Failure)
[11.961s][info][gc,heap        ] GC(2) DefNew: 279616K(314560K)->34943K(314560K) Eden: 279616K(279616K)->0K(279616K) From: 0K(34944K)->34943K(34944K)
[11.961s][info][gc,heap        ] GC(2) Tenured: 22734K(699072K)->208742K(699072K)
[11.961s][info][gc,metaspace   ] GC(2) Metaspace: 42261K(42688K)->42261K(42688K) NonClass: 36955K(37184K)->36955K(37184K) Class: 5306K(5504K)->5306K(5504K)
[11.962s][info][gc             ] GC(2) Pause Young (Allocation Failure) 295M->237M(989M) 309.890ms
[11.962s][info][gc,cpu         ] GC(2) User=0.25s Sys=0.06s Real=0.31s
[12.369s][info][gc,start       ] GC(3) Pause Young (Allocation Failure)
[12.793s][info][gc,heap        ] GC(3) DefNew: 314559K(314560K)->34943K(314560K) Eden: 279616K(279616K)->0K(279616K) From: 34943K(34944K)->34943K(34944K)
[12.793s][info][gc,heap        ] GC(3) Tenured: 208742K(699072K)->480356K(699072K)
[12.793s][info][gc,metaspace   ] GC(3) Metaspace: 42268K(42688K)->42268K(42688K) NonClass: 36962K(37184K)->36962K(37184K) Class: 5306K(5504K)->5306K(5504K)
[12.794s][info][gc             ] GC(3) Pause Young (Allocation Failure) 511M->503M(989M) 424.117ms
[12.794s][info][gc,cpu         ] GC(3) User=0.38s Sys=0.06s Real=0.43s
[14.122s][info][gc,start       ] GC(4) Pause Full (System.gc())
[14.122s][info][gc,phases,start] GC(4) Phase 1: Mark live objects
[14.155s][info][gc,phases      ] GC(4) Phase 1: Mark live objects 32.581ms
[14.155s][info][gc,phases,start] GC(4) Phase 2: Compute new object addresses
[14.332s][info][gc,phases      ] GC(4) Phase 2: Compute new object addresses 176.739ms
[14.332s][info][gc,phases,start] GC(4) Phase 3: Adjust pointers
[14.346s][info][gc,phases      ] GC(4) Phase 3: Adjust pointers 13.899ms
[14.346s][info][gc,phases,start] GC(4) Phase 4: Move objects
[14.347s][info][gc,phases      ] GC(4) Phase 4: Move objects 1.644ms
[14.348s][info][gc,heap        ] GC(4) DefNew: 191215K(314560K)->0K(314560K) Eden: 156271K(279616K)->0K(279616K) From: 34943K(34944K)->0K(34944K)
[14.348s][info][gc,heap        ] GC(4) Tenured: 480356K(699072K)->26239K(699072K)
[14.348s][info][gc,metaspace   ] GC(4) Metaspace: 49984K(50496K)->49984K(50496K) NonClass: 43679K(43968K)->43679K(43968K) Class: 6305K(6528K)->6305K(6528K)
[14.348s][info][gc             ] GC(4) Pause Full (System.gc()) 655M->25M(989M) 225.763ms
[14.348s][info][gc,cpu         ] GC(4) User=0.22s Sys=0.00s Real=0.22s
[15.335s][info][gc,start       ] GC(5) Pause Young (Allocation Failure)
[15.358s][info][gc,heap        ] GC(5) DefNew: 279616K(314560K)->5880K(314560K) Eden: 279616K(279616K)->0K(279616K) From: 0K(34944K)->5880K(34944K)
[15.358s][info][gc,heap        ] GC(5) Tenured: 26239K(699072K)->26239K(699072K)
[15.358s][info][gc,metaspace   ] GC(5) Metaspace: 59020K(59840K)->59020K(59840K) NonClass: 51521K(51968K)->51521K(51968K) Class: 7498K(7872K)->7498K(7872K)
[15.358s][info][gc             ] GC(5) Pause Young (Allocation Failure) 298M->31M(989M) 22.788ms
[15.358s][info][gc,cpu         ] GC(5) User=0.02s Sys=0.00s Real=0.02s
[15.454s][info][gc,start       ] GC(6) Pause Young (Allocation Failure)
[15.471s][info][gc,heap        ] GC(6) DefNew: 285496K(314560K)->5837K(314560K) Eden: 279616K(279616K)->0K(279616K) From: 5880K(34944K)->5837K(34944K)
[15.471s][info][gc,heap        ] GC(6) Tenured: 26239K(699072K)->26239K(699072K)
[15.471s][info][gc,metaspace   ] GC(6) Metaspace: 59021K(59840K)->59021K(59840K) NonClass: 51523K(51968K)->51523K(51968K) Class: 7498K(7872K)->7498K(7872K)
[15.471s][info][gc             ] GC(6) Pause Young (Allocation Failure) 304M->31M(989M) 16.643ms
[15.471s][info][gc,cpu         ] GC(6) User=0.02s Sys=0.00s Real=0.02s
[15.553s][info][gc,start       ] GC(7) Pause Young (Allocation Failure)
[15.568s][info][gc,heap        ] GC(7) DefNew: 285453K(314560K)->5837K(314560K) Eden: 279616K(279616K)->0K(279616K) From: 5837K(34944K)->5837K(34944K)
[15.568s][info][gc,heap        ] GC(7) Tenured: 26239K(699072K)->26239K(699072K)
[15.568s][info][gc,metaspace   ] GC(7) Metaspace: 59032K(59840K)->59032K(59840K) NonClass: 51534K(51968K)->51534K(51968K) Class: 7498K(7872K)->7498K(7872K)
[15.568s][info][gc             ] GC(7) Pause Young (Allocation Failure) 304M->31M(989M) 15.159ms
[15.568s][info][gc,cpu         ] GC(7) User=0.00s Sys=0.00s Real=0.00s
[15.649s][info][gc,start       ] GC(8) Pause Young (Allocation Failure)
[15.665s][info][gc,heap        ] GC(8) DefNew: 285453K(314560K)->5838K(314560K) Eden: 279616K(279616K)->0K(279616K) From: 5837K(34944K)->5838K(34944K)
[15.665s][info][gc,heap        ] GC(8) Tenured: 26239K(699072K)->26239K(699072K)
[15.665s][info][gc,metaspace   ] GC(8) Metaspace: 59051K(59904K)->59051K(59904K) NonClass: 51553K(52032K)->51553K(52032K) Class: 7498K(7872K)->7498K(7872K)
[15.665s][info][gc             ] GC(8) Pause Young (Allocation Failure) 304M->31M(989M) 16.554ms
[15.665s][info][gc,cpu         ] GC(8) User=0.02s Sys=0.00s Real=0.02s
[15.741s][info][gc,start       ] GC(9) Pause Young (Allocation Failure)
[15.757s][info][gc,heap        ] GC(9) DefNew: 285454K(314560K)->5838K(314560K) Eden: 279616K(279616K)->0K(279616K) From: 5838K(34944K)->5838K(34944K)
[15.757s][info][gc,heap        ] GC(9) Tenured: 26239K(699072K)->26239K(699072K)
[15.757s][info][gc,metaspace   ] GC(9) Metaspace: 59051K(59904K)->59051K(59904K) NonClass: 51553K(52032K)->51553K(52032K) Class: 7498K(7872K)->7498K(7872K)
[15.757s][info][gc             ] GC(9) Pause Young (Allocation Failure) 304M->31M(989M) 15.676ms
[15.757s][info][gc,cpu         ] GC(9) User=0.00s Sys=0.00s Real=0.01s
[15.835s][info][gc,start       ] GC(10) Pause Young (Allocation Failure)
[15.851s][info][gc,heap        ] GC(10) DefNew: 285454K(314560K)->5838K(314560K) Eden: 279616K(279616K)->0K(279616K) From: 5838K(34944K)->5838K(34944K)
[15.851s][info][gc,heap        ] GC(10) Tenured: 26239K(699072K)->26239K(699072K)
[15.851s][info][gc,metaspace   ] GC(10) Metaspace: 59051K(59904K)->59051K(59904K) NonClass: 51553K(52032K)->51553K(52032K) Class: 7498K(7872K)->7498K(7872K)
[15.851s][info][gc             ] GC(10) Pause Young (Allocation Failure) 304M->31M(989M) 15.853ms
[15.851s][info][gc,cpu         ] GC(10) User=0.02s Sys=0.00s Real=0.02s
[15.965s][info][gc,start       ] GC(11) Pause Young (Allocation Failure)
[15.981s][info][gc,heap        ] GC(11) DefNew: 285454K(314560K)->5308K(314560K) Eden: 279616K(279616K)->0K(279616K) From: 5838K(34944K)->5308K(34944K)
[15.981s][info][gc,heap        ] GC(11) Tenured: 26239K(699072K)->26239K(699072K)
[15.981s][info][gc,metaspace   ] GC(11) Metaspace: 59187K(60096K)->59187K(60096K) NonClass: 51667K(52160K)->51667K(52160K) Class: 7519K(7936K)->7519K(7936K)
[15.981s][info][gc             ] GC(11) Pause Young (Allocation Failure) 304M->30M(989M) 15.967ms
[15.981s][info][gc,cpu         ] GC(11) User=0.03s Sys=0.00s Real=0.02s
[16.088s][info][gc,start       ] GC(12) Pause Young (Allocation Failure)
[16.106s][info][gc,heap        ] GC(12) DefNew: 284924K(314560K)->5136K(314560K) Eden: 279616K(279616K)->0K(279616K) From: 5308K(34944K)->5136K(34944K)
[16.106s][info][gc,heap        ] GC(12) Tenured: 26239K(699072K)->26239K(699072K)
[16.106s][info][gc,metaspace   ] GC(12) Metaspace: 59609K(60480K)->59609K(60480K) NonClass: 51999K(52480K)->51999K(52480K) Class: 7609K(8000K)->7609K(8000K)
[16.106s][info][gc             ] GC(12) Pause Young (Allocation Failure) 303M->30M(989M) 17.900ms
[16.106s][info][gc,cpu         ] GC(12) User=0.02s Sys=0.00s Real=0.02s
[16.209s][info][gc,start       ] GC(13) Pause Young (Allocation Failure)
[16.226s][info][gc,heap        ] GC(13) DefNew: 284752K(314560K)->5131K(314560K) Eden: 279616K(279616K)->0K(279616K) From: 5136K(34944K)->5131K(34944K)
[16.226s][info][gc,heap        ] GC(13) Tenured: 26239K(699072K)->26239K(699072K)
[16.226s][info][gc,metaspace   ] GC(13) Metaspace: 59609K(60480K)->59609K(60480K) NonClass: 51999K(52480K)->51999K(52480K) Class: 7609K(8000K)->7609K(8000K)
[16.226s][info][gc             ] GC(13) Pause Young (Allocation Failure) 303M->30M(989M) 16.699ms
[16.226s][info][gc,cpu         ] GC(13) User=0.02s Sys=0.00s Real=0.02s
[16.331s][info][gc,start       ] GC(14) Pause Young (Allocation Failure)
[16.347s][info][gc,heap        ] GC(14) DefNew: 284747K(314560K)->5132K(314560K) Eden: 279616K(279616K)->0K(279616K) From: 5131K(34944K)->5132K(34944K)
[16.348s][info][gc,heap        ] GC(14) Tenured: 26239K(699072K)->26239K(699072K)
[16.348s][info][gc,metaspace   ] GC(14) Metaspace: 59609K(60480K)->59609K(60480K) NonClass: 52000K(52480K)->52000K(52480K) Class: 7609K(8000K)->7609K(8000K)
[16.348s][info][gc             ] GC(14) Pause Young (Allocation Failure) 303M->30M(989M) 16.568ms
[16.348s][info][gc,cpu         ] GC(14) User=0.03s Sys=0.00s Real=0.02s
[16.450s][info][gc,start       ] GC(15) Pause Young (Allocation Failure)
[16.467s][info][gc,heap        ] GC(15) DefNew: 284748K(314560K)->5131K(314560K) Eden: 279616K(279616K)->0K(279616K) From: 5132K(34944K)->5131K(34944K)
[16.467s][info][gc,heap        ] GC(15) Tenured: 26239K(699072K)->26239K(699072K)
[16.467s][info][gc,metaspace   ] GC(15) Metaspace: 59610K(60480K)->59610K(60480K) NonClass: 52000K(52480K)->52000K(52480K) Class: 7609K(8000K)->7609K(8000K)
[16.467s][info][gc             ] GC(15) Pause Young (Allocation Failure) 303M->30M(989M) 16.762ms
[16.467s][info][gc,cpu         ] GC(15) User=0.02s Sys=0.00s Real=0.01s
[16.571s][info][gc,start       ] GC(16) Pause Young (Allocation Failure)
[16.588s][info][gc,heap        ] GC(16) DefNew: 284747K(314560K)->5132K(314560K) Eden: 279616K(279616K)->0K(279616K) From: 5131K(34944K)->5132K(34944K)
[16.588s][info][gc,heap        ] GC(16) Tenured: 26239K(699072K)->26239K(699072K)
[16.588s][info][gc,metaspace   ] GC(16) Metaspace: 59610K(60480K)->59610K(60480K) NonClass: 52000K(52480K)->52000K(52480K) Class: 7609K(8000K)->7609K(8000K)
[16.588s][info][gc             ] GC(16) Pause Young (Allocation Failure) 303M->30M(989M) 16.682ms
[16.588s][info][gc,cpu         ] GC(16) User=0.02s Sys=0.00s Real=0.01s
[16.691s][info][gc,start       ] GC(17) Pause Young (Allocation Failure)
[16.706s][info][gc,heap        ] GC(17) DefNew: 284748K(314560K)->5131K(314560K) Eden: 279616K(279616K)->0K(279616K) From: 5132K(34944K)->5131K(34944K)
[16.706s][info][gc,heap        ] GC(17) Tenured: 26239K(699072K)->26239K(699072K)
[16.706s][info][gc,metaspace   ] GC(17) Metaspace: 59610K(60480K)->59610K(60480K) NonClass: 52000K(52480K)->52000K(52480K) Class: 7609K(8000K)->7609K(8000K)
[16.706s][info][gc             ] GC(17) Pause Young (Allocation Failure) 303M->30M(989M) 15.623ms
[16.706s][info][gc,cpu         ] GC(17) User=0.03s Sys=0.00s Real=0.02s
[16.811s][info][gc,start       ] GC(18) Pause Young (Allocation Failure)
[16.827s][info][gc,heap        ] GC(18) DefNew: 284747K(314560K)->5131K(314560K) Eden: 279616K(279616K)->0K(279616K) From: 5131K(34944K)->5131K(34944K)
[16.827s][info][gc,heap        ] GC(18) Tenured: 26239K(699072K)->26239K(699072K)
[16.827s][info][gc,metaspace   ] GC(18) Metaspace: 59610K(60480K)->59610K(60480K) NonClass: 52000K(52480K)->52000K(52480K) Class: 7609K(8000K)->7609K(8000K)
[16.827s][info][gc             ] GC(18) Pause Young (Allocation Failure) 303M->30M(989M) 15.664ms
[16.827s][info][gc,cpu         ] GC(18) User=0.02s Sys=0.00s Real=0.02s
[16.929s][info][gc,start       ] GC(19) Pause Young (Allocation Failure)
[16.944s][info][gc,heap        ] GC(19) DefNew: 284747K(314560K)->5131K(314560K) Eden: 279616K(279616K)->0K(279616K) From: 5131K(34944K)->5131K(34944K)
[16.944s][info][gc,heap        ] GC(19) Tenured: 26239K(699072K)->26239K(699072K)
[16.944s][info][gc,metaspace   ] GC(19) Metaspace: 59611K(60480K)->59611K(60480K) NonClass: 52001K(52480K)->52001K(52480K) Class: 7609K(8000K)->7609K(8000K)
[16.944s][info][gc             ] GC(19) Pause Young (Allocation Failure) 303M->30M(989M) 15.118ms
[16.944s][info][gc,cpu         ] GC(19) User=0.02s Sys=0.00s Real=0.01s
[17.050s][info][gc,start       ] GC(20) Pause Young (Allocation Failure)
[17.067s][info][gc,heap        ] GC(20) DefNew: 284747K(314560K)->193K(314560K) Eden: 279616K(279616K)->0K(279616K) From: 5131K(34944K)->193K(34944K)
[17.067s][info][gc,heap        ] GC(20) Tenured: 26239K(699072K)->31179K(699072K)
[17.067s][info][gc,metaspace   ] GC(20) Metaspace: 59611K(60480K)->59611K(60480K) NonClass: 52001K(52480K)->52001K(52480K) Class: 7609K(8000K)->7609K(8000K)
[17.067s][info][gc             ] GC(20) Pause Young (Allocation Failure) 303M->30M(989M) 16.382ms
[17.067s][info][gc,cpu         ] GC(20) User=0.02s Sys=0.00s Real=0.02s
[17.195s][info][gc,start       ] GC(21) Pause Young (Allocation Failure)
[17.199s][info][gc,heap        ] GC(21) DefNew: 279809K(314560K)->193K(314560K) Eden: 279616K(279616K)->0K(279616K) From: 193K(34944K)->193K(34944K)
[17.199s][info][gc,heap        ] GC(21) Tenured: 31179K(699072K)->31179K(699072K)
[17.199s][info][gc,metaspace   ] GC(21) Metaspace: 59611K(60480K)->59611K(60480K) NonClass: 52001K(52480K)->52001K(52480K) Class: 7609K(8000K)->7609K(8000K)
[17.199s][info][gc             ] GC(21) Pause Young (Allocation Failure) 303M->30M(989M) 3.939ms
[17.199s][info][gc,cpu         ] GC(21) User=0.02s Sys=0.00s Real=0.02s
[17.301s][info][gc,start       ] GC(22) Pause Young (Allocation Failure)
[17.305s][info][gc,heap        ] GC(22) DefNew: 279809K(314560K)->195K(314560K) Eden: 279616K(279616K)->0K(279616K) From: 193K(34944K)->195K(34944K)
[17.305s][info][gc,heap        ] GC(22) Tenured: 31179K(699072K)->31179K(699072K)
[17.305s][info][gc,metaspace   ] GC(22) Metaspace: 59611K(60480K)->59611K(60480K) NonClass: 52001K(52480K)->52001K(52480K) Class: 7609K(8000K)->7609K(8000K)
[17.305s][info][gc             ] GC(22) Pause Young (Allocation Failure) 303M->30M(989M) 3.687ms
[17.305s][info][gc,cpu         ] GC(22) User=0.00s Sys=0.00s Real=0.00s
[17.966s][info][gc,start       ] GC(23) Pause Young (Allocation Failure)
[17.992s][info][gc,heap        ] GC(23) DefNew: 279811K(314560K)->8016K(314560K) Eden: 279616K(279616K)->0K(279616K) From: 195K(34944K)->8016K(34944K)
[17.992s][info][gc,heap        ] GC(23) Tenured: 31179K(699072K)->31180K(699072K)
[17.992s][info][gc,metaspace   ] GC(23) Metaspace: 61199K(62208K)->61199K(62208K) NonClass: 53320K(53888K)->53320K(53888K) Class: 7879K(8320K)->7879K(8320K)
[17.992s][info][gc             ] GC(23) Pause Young (Allocation Failure) 303M->38M(989M) 26.487ms
[17.992s][info][gc,cpu         ] GC(23) User=0.03s Sys=0.00s Real=0.03s
[18.298s][info][gc,start       ] GC(24) Pause Young (Allocation Failure)
[18.474s][info][gc,heap        ] GC(24) DefNew: 287632K(314560K)->34944K(314560K) Eden: 279616K(279616K)->0K(279616K) From: 8016K(34944K)->34944K(34944K)
[18.474s][info][gc,heap        ] GC(24) Tenured: 31180K(699072K)->61512K(699072K)
[18.474s][info][gc,metaspace   ] GC(24) Metaspace: 61285K(62272K)->61285K(62272K) NonClass: 53397K(53952K)->53397K(53952K) Class: 7887K(8320K)->7887K(8320K)
[18.474s][info][gc             ] GC(24) Pause Young (Allocation Failure) 311M->94M(989M) 175.803ms
[18.474s][info][gc,cpu         ] GC(24) User=0.17s Sys=0.00s Real=0.17s
[18.818s][info][gc,start       ] GC(25) Pause Young (Allocation Failure)
[19.017s][info][gc,heap        ] GC(25) DefNew: 314560K(314560K)->34944K(314560K) Eden: 279616K(279616K)->0K(279616K) From: 34944K(34944K)->34944K(34944K)
[19.056s][info][gc,heap        ] GC(25) Tenured: 61512K(699072K)->105045K(699072K)
[19.056s][info][gc,metaspace   ] GC(25) Metaspace: 61422K(62400K)->61422K(62400K) NonClass: 53519K(54080K)->53519K(54080K) Class: 7902K(8320K)->7902K(8320K)
[19.056s][info][gc             ] GC(25) Pause Young (Allocation Failure) 367M->136M(989M) 237.776ms
[19.056s][info][gc,cpu         ] GC(25) User=0.20s Sys=0.00s Real=0.23s
[19.419s][info][gc,start       ] GC(26) Pause Young (Allocation Failure)
[19.575s][info][gc,heap        ] GC(26) DefNew: 314560K(314560K)->34944K(314560K) Eden: 279616K(279616K)->0K(279616K) From: 34944K(34944K)->34944K(34944K)
[19.575s][info][gc,heap        ] GC(26) Tenured: 105045K(699072K)->174360K(699072K)
[19.575s][info][gc,metaspace   ] GC(26) Metaspace: 61665K(62656K)->61665K(62656K) NonClass: 53709K(54272K)->53709K(54272K) Class: 7955K(8384K)->7955K(8384K)
[19.575s][info][gc             ] GC(26) Pause Young (Allocation Failure) 409M->204M(989M) 155.512ms
[19.575s][info][gc,cpu         ] GC(26) User=0.16s Sys=0.00s Real=0.16s
[19.843s][info][gc,start       ] GC(27) Pause Young (Allocation Failure)
[20.011s][info][gc,heap        ] GC(27) DefNew: 314560K(314560K)->34944K(314560K) Eden: 279616K(279616K)->0K(279616K) From: 34944K(34944K)->34944K(34944K)
[20.011s][info][gc,heap        ] GC(27) Tenured: 174360K(699072K)->227224K(699072K)
[20.011s][info][gc,metaspace   ] GC(27) Metaspace: 61892K(62976K)->61892K(62976K) NonClass: 53907K(54528K)->53907K(54528K) Class: 7984K(8448K)->7984K(8448K)
[20.011s][info][gc             ] GC(27) Pause Young (Allocation Failure) 477M->256M(989M) 168.689ms
[20.011s][info][gc,cpu         ] GC(27) User=0.17s Sys=0.00s Real=0.17s
[20.203s][info][gc,start       ] GC(28) Pause Young (Allocation Failure)
[20.377s][info][gc,heap        ] GC(28) DefNew: 314560K(314560K)->29894K(314560K) Eden: 279616K(279616K)->0K(279616K) From: 34944K(34944K)->29894K(34944K)
[20.377s][info][gc,heap        ] GC(28) Tenured: 227224K(699072K)->256649K(699072K)
[20.377s][info][gc,metaspace   ] GC(28) Metaspace: 61943K(62976K)->61943K(62976K) NonClass: 53953K(54528K)->53953K(54528K) Class: 7990K(8448K)->7990K(8448K)
[20.377s][info][gc             ] GC(28) Pause Young (Allocation Failure) 529M->279M(989M) 173.474ms
[20.377s][info][gc,cpu         ] GC(28) User=0.27s Sys=0.00s Real=0.17s
[20.578s][info][gc,start       ] GC(29) Pause Young (Allocation Failure)
[20.727s][info][gc,heap        ] GC(29) DefNew: 309510K(314560K)->31392K(314560K) Eden: 279616K(279616K)->0K(279616K) From: 29894K(34944K)->31392K(34944K)
[20.727s][info][gc,heap        ] GC(29) Tenured: 256649K(699072K)->276262K(699072K)
[20.727s][info][gc,metaspace   ] GC(29) Metaspace: 61988K(63040K)->61988K(63040K) NonClass: 53995K(54592K)->53995K(54592K) Class: 7992K(8448K)->7992K(8448K)
[20.727s][info][gc             ] GC(29) Pause Young (Allocation Failure) 552M->300M(989M) 148.311ms
[20.727s][info][gc,cpu         ] GC(29) User=0.16s Sys=0.00s Real=0.16s
[20.914s][info][gc,start       ] GC(30) Pause Young (Allocation Failure)
[21.062s][info][gc,heap        ] GC(30) DefNew: 311008K(314560K)->17841K(314560K) Eden: 279616K(279616K)->0K(279616K) From: 31392K(34944K)->17841K(34944K)
[21.062s][info][gc,heap        ] GC(30) Tenured: 276262K(699072K)->303477K(699072K)
[21.062s][info][gc,metaspace   ] GC(30) Metaspace: 61988K(63040K)->61988K(63040K) NonClass: 53996K(54592K)->53996K(54592K) Class: 7992K(8448K)->7992K(8448K)
[21.062s][info][gc             ] GC(30) Pause Young (Allocation Failure) 573M->313M(989M) 147.297ms
[21.062s][info][gc,cpu         ] GC(30) User=0.14s Sys=0.00s Real=0.14s
[21.434s][info][gc,start       ] GC(31) Pause Young (Allocation Failure)
[21.573s][info][gc,heap        ] GC(31) DefNew: 297457K(314560K)->18745K(314560K) Eden: 279616K(279616K)->0K(279616K) From: 17841K(34944K)->18745K(34944K)
[21.573s][info][gc,heap        ] GC(31) Tenured: 303477K(699072K)->318061K(699072K)
[21.573s][info][gc,metaspace   ] GC(31) Metaspace: 62123K(63168K)->62123K(63168K) NonClass: 54119K(54720K)->54119K(54720K) Class: 8003K(8448K)->8003K(8448K)
[21.573s][info][gc             ] GC(31) Pause Young (Allocation Failure) 586M->328M(989M) 138.392ms
[21.573s][info][gc,cpu         ] GC(31) User=0.13s Sys=0.02s Real=0.14s
[22.025s][info][gc,start       ] GC(32) Pause Young (Allocation Failure)
[22.136s][info][gc,heap        ] GC(32) DefNew: 298361K(314560K)->14919K(314560K) Eden: 279616K(279616K)->0K(279616K) From: 18745K(34944K)->14919K(34944K)
[22.136s][info][gc,heap        ] GC(32) Tenured: 318061K(699072K)->332115K(699072K)
[22.136s][info][gc,metaspace   ] GC(32) Metaspace: 62222K(63232K)->62222K(63232K) NonClass: 54207K(54784K)->54207K(54784K) Class: 8014K(8448K)->8014K(8448K)
[22.136s][info][gc             ] GC(32) Pause Young (Allocation Failure) 601M->338M(989M) 111.016ms
[22.136s][info][gc,cpu         ] GC(32) User=0.11s Sys=0.00s Real=0.11s
[22.676s][info][gc,start       ] GC(33) Pause Young (Allocation Failure)
[22.755s][info][gc,heap        ] GC(33) DefNew: 294535K(314560K)->22064K(314560K) Eden: 279616K(279616K)->0K(279616K) From: 14919K(34944K)->22064K(34944K)
[22.755s][info][gc,heap        ] GC(33) Tenured: 332115K(699072K)->332115K(699072K)
[22.755s][info][gc,metaspace   ] GC(33) Metaspace: 62253K(63296K)->62253K(63296K) NonClass: 54234K(54848K)->54234K(54848K) Class: 8018K(8448K)->8018K(8448K)
[22.755s][info][gc             ] GC(33) Pause Young (Allocation Failure) 611M->345M(989M) 79.207ms
[22.755s][info][gc,cpu         ] GC(33) User=0.08s Sys=0.00s Real=0.08s
[23.760s][info][gc,start       ] GC(34) Pause Young (Allocation Failure)
[23.969s][info][gc,heap        ] GC(34) DefNew: 301680K(314560K)->34944K(314560K) Eden: 279616K(279616K)->0K(279616K) From: 22064K(34944K)->34944K(34944K)
[23.969s][info][gc,heap        ] GC(34) Tenured: 332115K(699072K)->355504K(699072K)
[23.969s][info][gc,metaspace   ] GC(34) Metaspace: 62656K(63680K)->62656K(63680K) NonClass: 54579K(55168K)->54579K(55168K) Class: 8076K(8512K)->8076K(8512K)
[23.969s][info][gc             ] GC(34) Pause Young (Allocation Failure) 618M->381M(989M) 208.956ms
[23.969s][info][gc,cpu         ] GC(34) User=0.20s Sys=0.00s Real=0.20s
[24.103s][info][gc,start       ] GC(35) Pause Young (Allocation Failure)
[24.229s][info][gc,heap        ] GC(35) DefNew: 314560K(314560K)->34943K(314560K) Eden: 279616K(279616K)->0K(279616K) From: 34944K(34944K)->34943K(34944K)
[24.229s][info][gc,heap        ] GC(35) Tenured: 355504K(699072K)->406114K(699072K)
[24.229s][info][gc,metaspace   ] GC(35) Metaspace: 62671K(63680K)->62671K(63680K) NonClass: 54594K(55168K)->54594K(55168K) Class: 8076K(8512K)->8076K(8512K)
[24.229s][info][gc             ] GC(35) Pause Young (Allocation Failure) 654M->430M(989M) 125.611ms
[24.229s][info][gc,cpu         ] GC(35) User=0.13s Sys=0.00s Real=0.13s
[24.392s][info][gc,start       ] GC(36) Pause Young (Allocation Failure)
[24.588s][info][gc,heap        ] GC(36) DefNew: 314559K(314560K)->34944K(314560K) Eden: 279616K(279616K)->0K(279616K) From: 34943K(34944K)->34944K(34944K)
[24.588s][info][gc,heap        ] GC(36) Tenured: 406114K(699072K)->440493K(699072K)
[24.588s][info][gc,metaspace   ] GC(36) Metaspace: 62674K(63680K)->62674K(63680K) NonClass: 54597K(55168K)->54597K(55168K) Class: 8076K(8512K)->8076K(8512K)
[24.588s][info][gc             ] GC(36) Pause Young (Allocation Failure) 703M->464M(989M) 196.001ms
[24.588s][info][gc,cpu         ] GC(36) User=0.20s Sys=0.00s Real=0.20s
[24.746s][info][gc,start       ] GC(37) Pause Young (Allocation Failure)
[24.921s][info][gc,heap        ] GC(37) DefNew: 314560K(314560K)->34944K(314560K) Eden: 279616K(279616K)->0K(279616K) From: 34944K(34944K)->34944K(34944K)
[24.922s][info][gc,heap        ] GC(37) Tenured: 440493K(699072K)->467942K(699072K)
[24.922s][info][gc,metaspace   ] GC(37) Metaspace: 62674K(63680K)->62674K(63680K) NonClass: 54597K(55168K)->54597K(55168K) Class: 8076K(8512K)->8076K(8512K)
[24.922s][info][gc             ] GC(37) Pause Young (Allocation Failure) 737M->491M(989M) 175.751ms
[24.922s][info][gc,cpu         ] GC(37) User=0.17s Sys=0.00s Real=0.17s
[25.066s][info][gc,start       ] GC(38) Pause Young (Allocation Failure)
[25.247s][info][gc,heap        ] GC(38) DefNew: 314560K(314560K)->22226K(314560K) Eden: 279616K(279616K)->0K(279616K) From: 34944K(34944K)->22226K(34944K)
[25.247s][info][gc,heap        ] GC(38) Tenured: 467942K(699072K)->498378K(699072K)
[25.247s][info][gc,metaspace   ] GC(38) Metaspace: 62674K(63680K)->62674K(63680K) NonClass: 54597K(55168K)->54597K(55168K) Class: 8076K(8512K)->8076K(8512K)
[25.247s][info][gc             ] GC(38) Pause Young (Allocation Failure) 764M->508M(989M) 180.410ms
[25.247s][info][gc,cpu         ] GC(38) User=0.19s Sys=0.00s Real=0.19s
[25.412s][info][gc,start       ] GC(39) Pause Young (Allocation Failure)
[25.593s][info][gc,heap        ] GC(39) DefNew: 301842K(314560K)->20132K(314560K) Eden: 279616K(279616K)->0K(279616K) From: 22226K(34944K)->20132K(34944K)
[25.594s][info][gc,heap        ] GC(39) Tenured: 498378K(699072K)->515968K(699072K)
[25.594s][info][gc,metaspace   ] GC(39) Metaspace: 62679K(63680K)->62679K(63680K) NonClass: 54602K(55168K)->54602K(55168K) Class: 8076K(8512K)->8076K(8512K)
[25.594s][info][gc             ] GC(39) Pause Young (Allocation Failure) 781M->523M(989M) 181.464ms
[25.594s][info][gc,cpu         ] GC(39) User=0.16s Sys=0.02s Real=0.17s
[26.124s][info][gc,start       ] GC(40) Pause Young (Allocation Failure)
[26.283s][info][gc,heap        ] GC(40) DefNew: 299748K(314560K)->14712K(314560K) Eden: 279616K(279616K)->0K(279616K) From: 20132K(34944K)->14712K(34944K)
[26.283s][info][gc,heap        ] GC(40) Tenured: 515968K(699072K)->532351K(699072K)
[26.283s][info][gc,metaspace   ] GC(40) Metaspace: 62686K(63680K)->62686K(63680K) NonClass: 54609K(55168K)->54609K(55168K) Class: 8076K(8512K)->8076K(8512K)
[26.283s][info][gc             ] GC(40) Pause Young (Allocation Failure) 796M->534M(989M) 159.514ms
[26.283s][info][gc,cpu         ] GC(40) User=0.16s Sys=0.00s Real=0.16s
[26.859s][info][gc,start       ] GC(41) Pause Young (Allocation Failure)
[26.915s][info][gc,heap        ] GC(41) DefNew: 294328K(314560K)->14534K(314560K) Eden: 279616K(279616K)->0K(279616K) From: 14712K(34944K)->14534K(34944K)
[26.915s][info][gc,heap        ] GC(41) Tenured: 532351K(699072K)->532351K(699072K)
[26.915s][info][gc,metaspace   ] GC(41) Metaspace: 63287K(64448K)->63287K(64448K) NonClass: 55114K(55744K)->55114K(55744K) Class: 8172K(8704K)->8172K(8704K)
[26.915s][info][gc             ] GC(41) Pause Young (Allocation Failure) 807M->534M(989M) 56.386ms
[26.915s][info][gc,cpu         ] GC(41) User=0.08s Sys=0.00s Real=0.06s
[27.217s][info][gc,start       ] GC(42) Pause Young (Allocation Failure)
[27.271s][info][gc,heap        ] GC(42) DefNew: 294150K(314560K)->14674K(314560K) Eden: 279616K(279616K)->0K(279616K) From: 14534K(34944K)->14674K(34944K)
[27.271s][info][gc,heap        ] GC(42) Tenured: 532351K(699072K)->532351K(699072K)
[27.271s][info][gc,metaspace   ] GC(42) Metaspace: 63658K(64896K)->63658K(64896K) NonClass: 55412K(56128K)->55412K(56128K) Class: 8245K(8768K)->8245K(8768K)
[27.271s][info][gc             ] GC(42) Pause Young (Allocation Failure) 807M->534M(989M) 53.927ms
[27.271s][info][gc,cpu         ] GC(42) User=0.06s Sys=0.00s Real=0.06s
[27.644s][info][gc,start       ] GC(43) Pause Young (Allocation Failure)
[27.819s][info][gc,heap        ] GC(43) DefNew: 294290K(314560K)->34944K(314560K) Eden: 279616K(279616K)->0K(279616K) From: 14674K(34944K)->34944K(34944K)
[27.819s][info][gc,heap        ] GC(43) Tenured: 532351K(699072K)->545064K(699072K)
[27.819s][info][gc,metaspace   ] GC(43) Metaspace: 63672K(64896K)->63672K(64896K) NonClass: 55424K(56128K)->55424K(56128K) Class: 8247K(8768K)->8247K(8768K)
[27.819s][info][gc             ] GC(43) Pause Young (Allocation Failure) 807M->566M(989M) 175.885ms
[27.820s][info][gc,cpu         ] GC(43) User=0.19s Sys=0.00s Real=0.19s
[28.233s][info][gc,start       ] GC(44) Pause Young (Allocation Failure)
[28.356s][info][gc,heap        ] GC(44) DefNew: 314560K(314560K)->27530K(314560K) Eden: 279616K(279616K)->0K(279616K) From: 34944K(34944K)->27530K(34944K)
[28.356s][info][gc,heap        ] GC(44) Tenured: 545064K(699072K)->558955K(699072K)
[28.356s][info][gc,metaspace   ] GC(44) Metaspace: 63747K(64960K)->63747K(64960K) NonClass: 55495K(56192K)->55495K(56192K) Class: 8252K(8768K)->8252K(8768K)
[28.357s][info][gc             ] GC(44) Pause Young (Allocation Failure) 839M->572M(989M) 124.003ms
[28.357s][info][gc,cpu         ] GC(44) User=0.14s Sys=0.02s Real=0.13s
[28.496s][info][gc,start       ] GC(45) Pause Young (Allocation Failure)
[28.651s][info][gc,heap        ] GC(45) DefNew: 307146K(314560K)->34944K(314560K) Eden: 279616K(279616K)->0K(279616K) From: 27530K(34944K)->34944K(34944K)
[28.651s][info][gc,heap        ] GC(45) Tenured: 558955K(699072K)->596395K(699072K)
[28.651s][info][gc,metaspace   ] GC(45) Metaspace: 63750K(64960K)->63750K(64960K) NonClass: 55498K(56192K)->55498K(56192K) Class: 8252K(8768K)->8252K(8768K)
[28.651s][info][gc             ] GC(45) Pause Young (Allocation Failure) 845M->616M(989M) 154.592ms
[28.651s][info][gc,cpu         ] GC(45) User=0.14s Sys=0.02s Real=0.16s
[29.234s][info][gc,start       ] GC(46) Pause Young (Allocation Failure)
[29.353s][info][gc,heap        ] GC(46) DefNew: 312505K(314560K)->34944K(314560K) Eden: 277561K(279616K)->0K(279616K) From: 34944K(34944K)->34944K(34944K)
[29.353s][info][gc,heap        ] GC(46) Tenured: 596395K(699072K)->649045K(699072K)
[29.353s][info][gc,metaspace   ] GC(46) Metaspace: 65358K(66496K)->65358K(66496K) NonClass: 56873K(57536K)->56873K(57536K) Class: 8484K(8960K)->8484K(8960K)
[29.353s][info][gc             ] GC(46) Pause Young (Allocation Failure) 887M->667M(989M) 118.923ms
[29.353s][info][gc,cpu         ] GC(46) User=0.14s Sys=0.00s Real=0.13s
[29.443s][info][gc,start       ] GC(47) Pause Young (Allocation Failure)
[29.444s][info][gc             ] GC(47) Pause Young (Allocation Failure) 941M->941M(989M) 0.226ms
[29.444s][info][gc,cpu         ] GC(47) User=0.00s Sys=0.00s Real=0.00s
[29.444s][info][gc,start       ] GC(48) Pause Full (Allocation Failure)
[29.444s][info][gc,phases,start] GC(48) Phase 1: Mark live objects
[29.638s][info][gc,phases      ] GC(48) Phase 1: Mark live objects 194.149ms
[29.638s][info][gc,phases,start] GC(48) Phase 2: Compute new object addresses
[29.889s][info][gc,phases      ] GC(48) Phase 2: Compute new object addresses 251.371ms
[29.889s][info][gc,phases,start] GC(48) Phase 3: Adjust pointers
[30.034s][info][gc,phases      ] GC(48) Phase 3: Adjust pointers 144.755ms
[30.034s][info][gc,phases,start] GC(48) Phase 4: Move objects
[30.142s][info][gc,phases      ] GC(48) Phase 4: Move objects 107.432ms
[30.149s][info][gc,heap        ] GC(48) DefNew: 314560K(314560K)->0K(314560K) Eden: 279616K(279616K)->0K(279616K) From: 34944K(34944K)->0K(34944K)
[30.149s][info][gc,heap        ] GC(48) Tenured: 649045K(699072K)->227714K(699072K)
[30.149s][info][gc,metaspace   ] GC(48) Metaspace: 65449K(66688K)->65057K(66688K) NonClass: 56962K(57664K)->56681K(57664K) Class: 8487K(9024K)->8376K(9024K)
[30.149s][info][gc             ] GC(48) Pause Full (Allocation Failure) 941M->222M(989M) 705.194ms
[30.149s][info][gc,cpu         ] GC(48) User=0.70s Sys=0.00s Real=0.70s
[30.354s][info][gc,start       ] GC(49) Pause Young (Allocation Failure)
[30.412s][info][gc,heap        ] GC(49) DefNew: 279616K(314560K)->34944K(314560K) Eden: 279616K(279616K)->0K(279616K) From: 0K(34944K)->34944K(34944K)
[30.412s][info][gc,heap        ] GC(49) Tenured: 227714K(699072K)->230154K(699072K)
[30.412s][info][gc,metaspace   ] GC(49) Metaspace: 65089K(66688K)->65089K(66688K) NonClass: 56710K(57664K)->56710K(57664K) Class: 8379K(9024K)->8379K(9024K)
[30.412s][info][gc             ] GC(49) Pause Young (Allocation Failure) 495M->258M(989M) 58.185ms
[30.412s][info][gc,cpu         ] GC(49) User=0.06s Sys=0.00s Real=0.06s
[30.597s][info][gc,start       ] GC(50) Pause Young (Allocation Failure)
[30.695s][info][gc,heap        ] GC(50) DefNew: 314560K(314560K)->34944K(314560K) Eden: 279616K(279616K)->0K(279616K) From: 34944K(34944K)->34944K(34944K)
[30.695s][info][gc,heap        ] GC(50) Tenured: 230154K(699072K)->269920K(699072K)
[30.695s][info][gc,metaspace   ] GC(50) Metaspace: 65193K(66816K)->65193K(66816K) NonClass: 56800K(57728K)->56800K(57728K) Class: 8393K(9088K)->8393K(9088K)
[30.695s][info][gc             ] GC(50) Pause Young (Allocation Failure) 531M->297M(989M) 97.939ms
[30.695s][info][gc,cpu         ] GC(50) User=0.09s Sys=0.00s Real=0.09s
[30.755s][info][gc,start       ] GC(51) Pause Full (System.gc())
[30.755s][info][gc,phases,start] GC(51) Phase 1: Mark live objects
[30.870s][info][gc,phases      ] GC(51) Phase 1: Mark live objects 114.441ms
[30.870s][info][gc,phases,start] GC(51) Phase 2: Compute new object addresses
[30.972s][info][gc,phases      ] GC(51) Phase 2: Compute new object addresses 102.505ms
[30.972s][info][gc,phases,start] GC(51) Phase 3: Adjust pointers
[31.047s][info][gc,phases      ] GC(51) Phase 3: Adjust pointers 74.694ms
[31.047s][info][gc,phases,start] GC(51) Phase 4: Move objects
[31.047s][info][gc,phases      ] GC(51) Phase 4: Move objects 0.188ms
[31.053s][info][gc,heap        ] GC(51) DefNew: 118348K(314560K)->0K(314560K) Eden: 83404K(279616K)->0K(279616K) From: 34944K(34944K)->0K(34944K)
[31.053s][info][gc,heap        ] GC(51) Tenured: 269920K(699072K)->177827K(699072K)
[31.053s][info][gc,metaspace   ] GC(51) Metaspace: 65196K(66816K)->65196K(66816K) NonClass: 56801K(57728K)->56801K(57728K) Class: 8394K(9088K)->8394K(9088K)
[31.053s][info][gc             ] GC(51) Pause Full (System.gc()) 379M->173M(989M) 298.228ms
[31.053s][info][gc,cpu         ] GC(51) User=0.30s Sys=0.00s Real=0.30s
[31.221s][info][gc,start       ] GC(52) Pause Young (Allocation Failure)
[31.332s][info][gc,heap        ] GC(52) DefNew: 279616K(314560K)->34943K(314560K) Eden: 279616K(279616K)->0K(279616K) From: 0K(34944K)->34943K(34944K)
[31.332s][info][gc,heap        ] GC(52) Tenured: 177827K(699072K)->223669K(699072K)
[31.332s][info][gc,metaspace   ] GC(52) Metaspace: 65264K(66816K)->65264K(66816K) NonClass: 56858K(57728K)->56858K(57728K) Class: 8405K(9088K)->8405K(9088K)
[31.332s][info][gc             ] GC(52) Pause Young (Allocation Failure) 446M->252M(989M) 110.462ms
[31.332s][info][gc,cpu         ] GC(52) User=0.11s Sys=0.00s Real=0.11s
[31.484s][info][gc,start       ] GC(53) Pause Young (Allocation Failure)
[31.670s][info][gc,heap        ] GC(53) DefNew: 314559K(314560K)->34455K(314560K) Eden: 279616K(279616K)->0K(279616K) From: 34943K(34944K)->34455K(34944K)
[31.670s][info][gc,heap        ] GC(53) Tenured: 223669K(699072K)->258351K(699072K)
[31.670s][info][gc,metaspace   ] GC(53) Metaspace: 65264K(66816K)->65264K(66816K) NonClass: 56858K(57728K)->56858K(57728K) Class: 8405K(9088K)->8405K(9088K)
[31.670s][info][gc             ] GC(53) Pause Young (Allocation Failure) 525M->285M(989M) 186.451ms
[31.670s][info][gc,cpu         ] GC(53) User=0.39s Sys=0.00s Real=0.19s
[31.862s][info][gc,start       ] GC(54) Pause Young (Allocation Failure)
[32.027s][info][gc,heap        ] GC(54) DefNew: 314071K(314560K)->33239K(314560K) Eden: 279616K(279616K)->0K(279616K) From: 34455K(34944K)->33239K(34944K)
[32.027s][info][gc,heap        ] GC(54) Tenured: 258351K(699072K)->283343K(699072K)
[32.027s][info][gc,metaspace   ] GC(54) Metaspace: 65264K(66816K)->65264K(66816K) NonClass: 56858K(57728K)->56858K(57728K) Class: 8405K(9088K)->8405K(9088K)
[32.027s][info][gc             ] GC(54) Pause Young (Allocation Failure) 559M->309M(989M) 164.412ms
[32.027s][info][gc,cpu         ] GC(54) User=0.16s Sys=0.00s Real=0.16s
[32.205s][info][gc,start       ] GC(55) Pause Young (Allocation Failure)
[32.361s][info][gc,heap        ] GC(55) DefNew: 312855K(314560K)->19316K(314560K) Eden: 279616K(279616K)->0K(279616K) From: 33239K(34944K)->19316K(34944K)
[32.361s][info][gc,heap        ] GC(55) Tenured: 283343K(699072K)->312428K(699072K)
[32.361s][info][gc,metaspace   ] GC(55) Metaspace: 65264K(66816K)->65264K(66816K) NonClass: 56858K(57728K)->56858K(57728K) Class: 8405K(9088K)->8405K(9088K)
[32.361s][info][gc             ] GC(55) Pause Young (Allocation Failure) 582M->323M(989M) 155.618ms
[32.361s][info][gc,cpu         ] GC(55) User=0.16s Sys=0.00s Real=0.16s
[32.528s][info][gc,start       ] GC(56) Pause Young (Allocation Failure)
[32.697s][info][gc,heap        ] GC(56) DefNew: 298932K(314560K)->20611K(314560K) Eden: 279616K(279616K)->0K(279616K) From: 19316K(34944K)->20611K(34944K)
[32.697s][info][gc,heap        ] GC(56) Tenured: 312428K(699072K)->327863K(699072K)
[32.697s][info][gc,metaspace   ] GC(56) Metaspace: 65264K(66816K)->65264K(66816K) NonClass: 56858K(57728K)->56858K(57728K) Class: 8405K(9088K)->8405K(9088K)
[32.697s][info][gc             ] GC(56) Pause Young (Allocation Failure) 597M->340M(989M) 168.627ms
[32.697s][info][gc,cpu         ] GC(56) User=0.17s Sys=0.00s Real=0.17s
[32.962s][info][gc,start       ] GC(57) Pause Young (Allocation Failure)
[33.103s][info][gc,heap        ] GC(57) DefNew: 300227K(314560K)->20770K(314560K) Eden: 279616K(279616K)->0K(279616K) From: 20611K(34944K)->20770K(34944K)
[33.103s][info][gc,heap        ] GC(57) Tenured: 327863K(699072K)->343097K(699072K)
[33.103s][info][gc,metaspace   ] GC(57) Metaspace: 65275K(66880K)->65275K(66880K) NonClass: 56869K(57792K)->56869K(57792K) Class: 8405K(9088K)->8405K(9088K)
[33.103s][info][gc             ] GC(57) Pause Young (Allocation Failure) 613M->355M(989M) 141.052ms
[33.103s][info][gc,cpu         ] GC(57) User=0.14s Sys=0.00s Real=0.14s
[33.536s][info][gc,start       ] GC(58) Pause Young (Allocation Failure)
[33.644s][info][gc,heap        ] GC(58) DefNew: 300386K(314560K)->10450K(314560K) Eden: 279616K(279616K)->0K(279616K) From: 20770K(34944K)->10450K(34944K)
[33.644s][info][gc,heap        ] GC(58) Tenured: 343097K(699072K)->359796K(699072K)
[33.644s][info][gc,metaspace   ] GC(58) Metaspace: 65278K(66880K)->65278K(66880K) NonClass: 56872K(57792K)->56872K(57792K) Class: 8405K(9088K)->8405K(9088K)
[33.644s][info][gc             ] GC(58) Pause Young (Allocation Failure) 628M->361M(989M) 108.716ms
[33.644s][info][gc,cpu         ] GC(58) User=0.11s Sys=0.00s Real=0.09s
[34.543s][info][gc,start       ] GC(59) Pause Young (Allocation Failure)
[34.633s][info][gc,heap        ] GC(59) DefNew: 290066K(314560K)->24792K(314560K) Eden: 279616K(279616K)->0K(279616K) From: 10450K(34944K)->24792K(34944K)
[34.633s][info][gc,heap        ] GC(59) Tenured: 359796K(699072K)->359796K(699072K)
[34.633s][info][gc,metaspace   ] GC(59) Metaspace: 65308K(66880K)->65308K(66880K) NonClass: 56901K(57792K)->56901K(57792K) Class: 8406K(9088K)->8406K(9088K)
[34.633s][info][gc             ] GC(59) Pause Young (Allocation Failure) 634M->375M(989M) 90.328ms
[34.633s][info][gc,cpu         ] GC(59) User=0.11s Sys=0.00s Real=0.09s
[34.873s][info][gc,start       ] GC(60) Pause Young (Allocation Failure)
[35.109s][info][gc,heap        ] GC(60) DefNew: 304408K(314560K)->34944K(314560K) Eden: 279616K(279616K)->0K(279616K) From: 24792K(34944K)->34944K(34944K)
[35.109s][info][gc,heap        ] GC(60) Tenured: 359796K(699072K)->423591K(699072K)
[35.109s][info][gc,metaspace   ] GC(60) Metaspace: 65308K(66880K)->65308K(66880K) NonClass: 56901K(57792K)->56901K(57792K) Class: 8406K(9088K)->8406K(9088K)
[35.110s][info][gc             ] GC(60) Pause Young (Allocation Failure) 648M->447M(989M) 236.241ms
[35.110s][info][gc,cpu         ] GC(60) User=0.23s Sys=0.00s Real=0.23s
[35.225s][info][gc,start       ] GC(61) Pause Young (Allocation Failure)
[35.400s][info][gc,heap        ] GC(61) DefNew: 314560K(314560K)->34944K(314560K) Eden: 279616K(279616K)->0K(279616K) From: 34944K(34944K)->34944K(34944K)
[35.400s][info][gc,heap        ] GC(61) Tenured: 423591K(699072K)->473956K(699072K)
[35.400s][info][gc,metaspace   ] GC(61) Metaspace: 65309K(66880K)->65309K(66880K) NonClass: 56903K(57792K)->56903K(57792K) Class: 8406K(9088K)->8406K(9088K)
[35.400s][info][gc             ] GC(61) Pause Young (Allocation Failure) 720M->496M(989M) 174.668ms
[35.400s][info][gc,cpu         ] GC(61) User=0.17s Sys=0.00s Real=0.17s
[35.544s][info][gc,start       ] GC(62) Pause Young (Allocation Failure)
[35.747s][info][gc,heap        ] GC(62) DefNew: 314560K(314560K)->34714K(314560K) Eden: 279616K(279616K)->0K(279616K) From: 34944K(34944K)->34714K(34944K)
[35.747s][info][gc,heap        ] GC(62) Tenured: 473956K(699072K)->502209K(699072K)
[35.747s][info][gc,metaspace   ] GC(62) Metaspace: 65312K(66880K)->65312K(66880K) NonClass: 56905K(57792K)->56905K(57792K) Class: 8406K(9088K)->8406K(9088K)
[35.747s][info][gc             ] GC(62) Pause Young (Allocation Failure) 770M->524M(989M) 202.416ms
[35.747s][info][gc,cpu         ] GC(62) User=0.20s Sys=0.00s Real=0.21s
[35.902s][info][gc,start       ] GC(63) Pause Young (Allocation Failure)
[36.070s][info][gc,heap        ] GC(63) DefNew: 314330K(314560K)->34944K(314560K) Eden: 279616K(279616K)->0K(279616K) From: 34714K(34944K)->34944K(34944K)
[36.071s][info][gc,heap        ] GC(63) Tenured: 502209K(699072K)->527795K(699072K)
[36.071s][info][gc,metaspace   ] GC(63) Metaspace: 65312K(66880K)->65312K(66880K) NonClass: 56905K(57792K)->56905K(57792K) Class: 8406K(9088K)->8406K(9088K)
[36.071s][info][gc             ] GC(63) Pause Young (Allocation Failure) 797M->549M(989M) 168.425ms
[36.071s][info][gc,cpu         ] GC(63) User=0.16s Sys=0.00s Real=0.16s
[36.221s][info][gc,start       ] GC(64) Pause Young (Allocation Failure)
[36.390s][info][gc,heap        ] GC(64) DefNew: 314560K(314560K)->21355K(314560K) Eden: 279616K(279616K)->0K(279616K) From: 34944K(34944K)->21355K(34944K)
[36.390s][info][gc,heap        ] GC(64) Tenured: 527795K(699072K)->558252K(699072K)
[36.390s][info][gc,metaspace   ] GC(64) Metaspace: 65312K(66880K)->65312K(66880K) NonClass: 56905K(57792K)->56905K(57792K) Class: 8406K(9088K)->8406K(9088K)
[36.390s][info][gc             ] GC(64) Pause Young (Allocation Failure) 822M->566M(989M) 168.654ms
[36.390s][info][gc,cpu         ] GC(64) User=0.16s Sys=0.00s Real=0.16s
[36.581s][info][gc,start       ] GC(65) Pause Young (Allocation Failure)
[36.744s][info][gc,heap        ] GC(65) DefNew: 300971K(314560K)->18734K(314560K) Eden: 279616K(279616K)->0K(279616K) From: 21355K(34944K)->18734K(34944K)
[36.744s][info][gc,heap        ] GC(65) Tenured: 558252K(699072K)->575189K(699072K)
[36.744s][info][gc,metaspace   ] GC(65) Metaspace: 65312K(66880K)->65312K(66880K) NonClass: 56905K(57792K)->56905K(57792K) Class: 8406K(9088K)->8406K(9088K)
[36.744s][info][gc             ] GC(65) Pause Young (Allocation Failure) 839M->580M(989M) 162.996ms
[36.744s][info][gc,cpu         ] GC(65) User=0.16s Sys=0.00s Real=0.16s
[37.526s][info][gc,start       ] GC(66) Pause Young (Allocation Failure)
[37.681s][info][gc,heap        ] GC(66) DefNew: 298350K(314560K)->30924K(314560K) Eden: 279616K(279616K)->0K(279616K) From: 18734K(34944K)->30924K(34944K)
[37.681s][info][gc,heap        ] GC(66) Tenured: 575189K(699072K)->592456K(699072K)
[37.681s][info][gc,metaspace   ] GC(66) Metaspace: 65345K(66880K)->65345K(66880K) NonClass: 56938K(57792K)->56938K(57792K) Class: 8406K(9088K)->8406K(9088K)
[37.681s][info][gc             ] GC(66) Pause Young (Allocation Failure) 853M->608M(989M) 155.226ms
[37.681s][info][gc,cpu         ] GC(66) User=0.16s Sys=0.00s Real=0.16s
[37.987s][info][gc,start       ] GC(67) Pause Young (Allocation Failure)
[38.111s][info][gc,heap        ] GC(67) DefNew: 310540K(314560K)->28776K(314560K) Eden: 279616K(279616K)->0K(279616K) From: 30924K(34944K)->28776K(34944K)
[38.111s][info][gc,heap        ] GC(67) Tenured: 592456K(699072K)->598310K(699072K)
[38.111s][info][gc,metaspace   ] GC(67) Metaspace: 65384K(66880K)->65384K(66880K) NonClass: 56977K(57792K)->56977K(57792K) Class: 8406K(9088K)->8406K(9088K)
[38.111s][info][gc             ] GC(67) Pause Young (Allocation Failure) 881M->612M(989M) 123.636ms
[38.111s][info][gc,cpu         ] GC(67) User=0.13s Sys=0.00s Real=0.13s
[38.408s][info][gc,start       ] GC(68) Pause Young (Allocation Failure)
[38.506s][info][gc,heap        ] GC(68) DefNew: 308392K(314560K)->29432K(314560K) Eden: 279616K(279616K)->0K(279616K) From: 28776K(34944K)->29432K(34944K)
[38.506s][info][gc,heap        ] GC(68) Tenured: 598310K(699072K)->598352K(699072K)
[38.506s][info][gc,metaspace   ] GC(68) Metaspace: 65428K(66880K)->65428K(66880K) NonClass: 57020K(57792K)->57020K(57792K) Class: 8407K(9088K)->8407K(9088K)
[38.506s][info][gc             ] GC(68) Pause Young (Allocation Failure) 885M->613M(989M) 98.568ms
[38.506s][info][gc,cpu         ] GC(68) User=0.09s Sys=0.00s Real=0.09s
[38.900s][info][gc,start       ] GC(69) Pause Young (Allocation Failure)
[38.927s][info][gc,heap        ] GC(69) DefNew: 309048K(314560K)->7019K(314560K) Eden: 279616K(279616K)->0K(279616K) From: 29432K(34944K)->7019K(34944K)
[38.927s][info][gc,heap        ] GC(69) Tenured: 598352K(699072K)->598421K(699072K)
[38.927s][info][gc,metaspace   ] GC(69) Metaspace: 65452K(66880K)->65452K(66880K) NonClass: 57044K(57792K)->57044K(57792K) Class: 8407K(9088K)->8407K(9088K)
[38.927s][info][gc             ] GC(69) Pause Young (Allocation Failure) 886M->591M(989M) 26.394ms
[38.927s][info][gc,cpu         ] GC(69) User=0.03s Sys=0.00s Real=0.03s
[39.057s][info][gc,start       ] GC(70) Pause Young (Allocation Failure)
[39.175s][info][gc,heap        ] GC(70) DefNew: 286635K(314560K)->34944K(314560K) Eden: 279616K(279616K)->0K(279616K) From: 7019K(34944K)->34944K(34944K)
[39.175s][info][gc,heap        ] GC(70) Tenured: 598421K(699072K)->611751K(699072K)
[39.175s][info][gc,metaspace   ] GC(70) Metaspace: 65452K(66880K)->65452K(66880K) NonClass: 57044K(57792K)->57044K(57792K) Class: 8407K(9088K)->8407K(9088K)
[39.175s][info][gc             ] GC(70) Pause Young (Allocation Failure) 864M->631M(989M) 118.172ms
[39.175s][info][gc,cpu         ] GC(70) User=0.13s Sys=0.00s Real=0.13s
[39.629s][info][gc,start       ] GC(71) Pause Young (Allocation Failure)
[39.793s][info][gc,heap        ] GC(71) DefNew: 313858K(314560K)->34944K(314560K) Eden: 278914K(279616K)->0K(279616K) From: 34944K(34944K)->34944K(34944K)
[39.793s][info][gc,heap        ] GC(71) Tenured: 611751K(699072K)->640399K(699072K)
[39.793s][info][gc,metaspace   ] GC(71) Metaspace: 65464K(66944K)->65464K(66944K) NonClass: 57056K(57856K)->57056K(57856K) Class: 8407K(9088K)->8407K(9088K)
[39.793s][info][gc             ] GC(71) Pause Young (Allocation Failure) 903M->659M(989M) 163.780ms
[39.793s][info][gc,cpu         ] GC(71) User=0.17s Sys=0.00s Real=0.17s
[39.916s][info][gc,start       ] GC(72) Pause Young (Allocation Failure)
[40.092s][info][gc,promotion   ] GC(72) Promotion failed
[40.093s][info][gc             ] GC(72) Pause Young (Allocation Failure) 932M->988M(989M) 176.207ms
[40.093s][info][gc,cpu         ] GC(72) User=0.16s Sys=0.00s Real=0.17s
[40.093s][info][gc,start       ] GC(73) Pause Full (Allocation Failure)
[40.093s][info][gc,phases,start] GC(73) Phase 1: Mark live objects
[40.259s][info][gc,phases      ] GC(73) Phase 1: Mark live objects 166.131ms
[40.259s][info][gc,phases,start] GC(73) Phase 2: Compute new object addresses
[40.495s][info][gc,phases      ] GC(73) Phase 2: Compute new object addresses 236.143ms
[40.495s][info][gc,phases,start] GC(73) Phase 3: Adjust pointers
[40.620s][info][gc,phases      ] GC(73) Phase 3: Adjust pointers 124.712ms
[40.620s][info][gc,phases,start] GC(73) Phase 4: Move objects
[40.648s][info][gc,phases      ] GC(73) Phase 4: Move objects 28.421ms
[40.666s][info][gc,heap        ] GC(73) DefNew: 314560K(314560K)->0K(314560K) Eden: 279616K(279616K)->0K(279616K) From: 34944K(34944K)->0K(34944K)
[40.666s][info][gc,heap        ] GC(73) Tenured: 640399K(699072K)->280361K(699072K)
[40.666s][info][gc,metaspace   ] GC(73) Metaspace: 65503K(66944K)->65503K(66944K) NonClass: 57095K(57856K)->57095K(57856K) Class: 8407K(9088K)->8407K(9088K)
[40.666s][info][gc             ] GC(73) Pause Full (Allocation Failure) 988M->273M(989M) 573.168ms
[40.666s][info][gc,cpu         ] GC(73) User=0.58s Sys=0.02s Real=0.59s
[40.894s][info][gc,start       ] GC(74) Pause Young (Allocation Failure)
[40.990s][info][gc,heap        ] GC(74) DefNew: 279616K(314560K)->34944K(314560K) Eden: 279616K(279616K)->0K(279616K) From: 0K(34944K)->34944K(34944K)
[40.990s][info][gc,heap        ] GC(74) Tenured: 280361K(699072K)->301042K(699072K)
[40.990s][info][gc,metaspace   ] GC(74) Metaspace: 65540K(67008K)->65540K(67008K) NonClass: 57132K(57920K)->57132K(57920K) Class: 8407K(9088K)->8407K(9088K)
[40.990s][info][gc             ] GC(74) Pause Young (Allocation Failure) 546M->328M(989M) 95.811ms
[40.990s][info][gc,cpu         ] GC(74) User=0.11s Sys=0.00s Real=0.09s
[41.155s][info][gc,start       ] GC(75) Pause Young (Allocation Failure)
[41.205s][info][gc,heap        ] GC(75) DefNew: 314560K(314560K)->32K(314560K) Eden: 279616K(279616K)->0K(279616K) From: 34944K(34944K)->32K(34944K)
[41.205s][info][gc,heap        ] GC(75) Tenured: 301042K(699072K)->335986K(699072K)
[41.205s][info][gc,metaspace   ] GC(75) Metaspace: 65540K(67008K)->65540K(67008K) NonClass: 57132K(57920K)->57132K(57920K) Class: 8407K(9088K)->8407K(9088K)
[41.205s][info][gc             ] GC(75) Pause Young (Allocation Failure) 601M->328M(989M) 50.040ms
[41.205s][info][gc,cpu         ] GC(75) User=0.05s Sys=0.00s Real=0.05s
[41.352s][info][gc,start       ] GC(76) Pause Full (System.gc())
[41.352s][info][gc,phases,start] GC(76) Phase 1: Mark live objects
[41.464s][info][gc,phases      ] GC(76) Phase 1: Mark live objects 111.925ms
[41.464s][info][gc,phases,start] GC(76) Phase 2: Compute new object addresses
[41.595s][info][gc,phases      ] GC(76) Phase 2: Compute new object addresses 130.672ms
[41.595s][info][gc,phases,start] GC(76) Phase 3: Adjust pointers
[41.682s][info][gc,phases      ] GC(76) Phase 3: Adjust pointers 86.847ms
[41.682s][info][gc,phases,start] GC(76) Phase 4: Move objects
[41.682s][info][gc,phases      ] GC(76) Phase 4: Move objects 0.039ms
[41.688s][info][gc,heap        ] GC(76) DefNew: 220153K(314560K)->0K(314560K) Eden: 220121K(279616K)->0K(279616K) From: 32K(34944K)->0K(34944K)
[41.688s][info][gc,heap        ] GC(76) Tenured: 335986K(699072K)->181301K(699072K)
[41.688s][info][gc,metaspace   ] GC(76) Metaspace: 65540K(67008K)->65540K(67008K) NonClass: 57132K(57920K)->57132K(57920K) Class: 8407K(9088K)->8407K(9088K)
[41.688s][info][gc             ] GC(76) Pause Full (System.gc()) 543M->177M(989M) 335.753ms
[41.688s][info][gc,cpu         ] GC(76) User=0.34s Sys=0.00s Real=0.34s
[41.872s][info][gc,start       ] GC(77) Pause Young (Allocation Failure)
[41.983s][info][gc,heap        ] GC(77) DefNew: 279616K(314560K)->34944K(314560K) Eden: 279616K(279616K)->0K(279616K) From: 0K(34944K)->34944K(34944K)
[41.983s][info][gc,heap        ] GC(77) Tenured: 181301K(699072K)->229166K(699072K)
[41.983s][info][gc,metaspace   ] GC(77) Metaspace: 65618K(67008K)->65618K(67008K) NonClass: 57209K(57920K)->57209K(57920K) Class: 8408K(9088K)->8408K(9088K)
[41.983s][info][gc             ] GC(77) Pause Young (Allocation Failure) 450M->257M(989M) 111.101ms
[41.983s][info][gc,cpu         ] GC(77) User=0.22s Sys=0.00s Real=0.11s
[42.131s][info][gc,start       ] GC(78) Pause Young (Allocation Failure)
[42.308s][info][gc,heap        ] GC(78) DefNew: 314560K(314560K)->32574K(314560K) Eden: 279616K(279616K)->0K(279616K) From: 34944K(34944K)->32574K(34944K)
[42.308s][info][gc,heap        ] GC(78) Tenured: 229166K(699072K)->264017K(699072K)
[42.308s][info][gc,metaspace   ] GC(78) Metaspace: 65627K(67008K)->65627K(67008K) NonClass: 57218K(57920K)->57218K(57920K) Class: 8408K(9088K)->8408K(9088K)
[42.308s][info][gc             ] GC(78) Pause Young (Allocation Failure) 530M->289M(989M) 177.370ms
[42.308s][info][gc,cpu         ] GC(78) User=0.17s Sys=0.00s Real=0.17s
[42.494s][info][gc,start       ] GC(79) Pause Young (Allocation Failure)
[42.651s][info][gc,heap        ] GC(79) DefNew: 312190K(314560K)->33277K(314560K) Eden: 279616K(279616K)->0K(279616K) From: 32574K(34944K)->33277K(34944K)
[42.651s][info][gc,heap        ] GC(79) Tenured: 264017K(699072K)->287064K(699072K)
[42.651s][info][gc,metaspace   ] GC(79) Metaspace: 65627K(67008K)->65627K(67008K) NonClass: 57218K(57920K)->57218K(57920K) Class: 8408K(9088K)->8408K(9088K)
[42.651s][info][gc             ] GC(79) Pause Young (Allocation Failure) 562M->312M(989M) 157.108ms
[42.651s][info][gc,cpu         ] GC(79) User=0.16s Sys=0.00s Real=0.16s
[42.831s][info][gc,start       ] GC(80) Pause Young (Allocation Failure)
[42.986s][info][gc,heap        ] GC(80) DefNew: 312893K(314560K)->19426K(314560K) Eden: 279616K(279616K)->0K(279616K) From: 33277K(34944K)->19426K(34944K)
[42.986s][info][gc,heap        ] GC(80) Tenured: 287064K(699072K)->316147K(699072K)
[42.986s][info][gc,metaspace   ] GC(80) Metaspace: 65632K(67008K)->65632K(67008K) NonClass: 57223K(57920K)->57223K(57920K) Class: 8408K(9088K)->8408K(9088K)
[42.986s][info][gc             ] GC(80) Pause Young (Allocation Failure) 585M->327M(989M) 154.738ms
[42.986s][info][gc,cpu         ] GC(80) User=0.16s Sys=0.00s Real=0.15s
[43.168s][info][gc,start       ] GC(81) Pause Young (Allocation Failure)
[43.311s][info][gc,heap        ] GC(81) DefNew: 299042K(314560K)->20185K(314560K) Eden: 279616K(279616K)->0K(279616K) From: 19426K(34944K)->20185K(34944K)
[43.311s][info][gc,heap        ] GC(81) Tenured: 316147K(699072K)->331691K(699072K)
[43.311s][info][gc,metaspace   ] GC(81) Metaspace: 65632K(67008K)->65632K(67008K) NonClass: 57223K(57920K)->57223K(57920K) Class: 8408K(9088K)->8408K(9088K)
[43.311s][info][gc             ] GC(81) Pause Young (Allocation Failure) 600M->343M(989M) 143.382ms
[43.311s][info][gc,cpu         ] GC(81) User=0.14s Sys=0.00s Real=0.14s
[43.560s][info][gc,start       ] GC(82) Pause Young (Allocation Failure)
[43.705s][info][gc,heap        ] GC(82) DefNew: 299801K(314560K)->20731K(314560K) Eden: 279616K(279616K)->0K(279616K) From: 20185K(34944K)->20731K(34944K)
[43.705s][info][gc,heap        ] GC(82) Tenured: 331691K(699072K)->348706K(699072K)
[43.705s][info][gc,metaspace   ] GC(82) Metaspace: 65632K(67008K)->65632K(67008K) NonClass: 57223K(57920K)->57223K(57920K) Class: 8408K(9088K)->8408K(9088K)
[43.705s][info][gc             ] GC(82) Pause Young (Allocation Failure) 616M->360M(989M) 145.386ms
[43.706s][info][gc,cpu         ] GC(82) User=0.14s Sys=0.00s Real=0.14s
[44.167s][info][gc,start       ] GC(83) Pause Young (Allocation Failure)
[44.275s][info][gc,heap        ] GC(83) DefNew: 300347K(314560K)->10169K(314560K) Eden: 279616K(279616K)->0K(279616K) From: 20731K(34944K)->10169K(34944K)
[44.275s][info][gc,heap        ] GC(83) Tenured: 348706K(699072K)->366737K(699072K)
[44.275s][info][gc,metaspace   ] GC(83) Metaspace: 65645K(67008K)->65645K(67008K) NonClass: 57236K(57920K)->57236K(57920K) Class: 8408K(9088K)->8408K(9088K)
[44.275s][info][gc             ] GC(83) Pause Young (Allocation Failure) 633M->368M(989M) 108.335ms
[44.275s][info][gc,cpu         ] GC(83) User=0.11s Sys=0.00s Real=0.11s
[45.184s][info][gc,start       ] GC(84) Pause Young (Allocation Failure)
[45.289s][info][gc,heap        ] GC(84) DefNew: 289785K(314560K)->26915K(314560K) Eden: 279616K(279616K)->0K(279616K) From: 10169K(34944K)->26915K(34944K)
[45.289s][info][gc,heap        ] GC(84) Tenured: 366737K(699072K)->366737K(699072K)
[45.289s][info][gc,metaspace   ] GC(84) Metaspace: 65683K(67072K)->65683K(67072K) NonClass: 57274K(57984K)->57274K(57984K) Class: 8408K(9088K)->8408K(9088K)
[45.289s][info][gc             ] GC(84) Pause Young (Allocation Failure) 641M->384M(989M) 104.838ms
[45.289s][info][gc,cpu         ] GC(84) User=0.11s Sys=0.00s Real=0.11s
[45.535s][info][gc,start       ] GC(85) Pause Young (Allocation Failure)
[45.771s][info][gc,heap        ] GC(85) DefNew: 306531K(314560K)->34944K(314560K) Eden: 279616K(279616K)->0K(279616K) From: 26915K(34944K)->34944K(34944K)
[45.771s][info][gc,heap        ] GC(85) Tenured: 366737K(699072K)->433813K(699072K)
[45.771s][info][gc,metaspace   ] GC(85) Metaspace: 65688K(67072K)->65688K(67072K) NonClass: 57279K(57984K)->57279K(57984K) Class: 8408K(9088K)->8408K(9088K)
[45.771s][info][gc             ] GC(85) Pause Young (Allocation Failure) 657M->457M(989M) 236.418ms
[45.771s][info][gc,cpu         ] GC(85) User=0.23s Sys=0.00s Real=0.23s
[45.889s][info][gc,start       ] GC(86) Pause Young (Allocation Failure)
[46.080s][info][gc,heap        ] GC(86) DefNew: 314560K(314560K)->34944K(314560K) Eden: 279616K(279616K)->0K(279616K) From: 34944K(34944K)->34944K(34944K)
[46.080s][info][gc,heap        ] GC(86) Tenured: 433813K(699072K)->481172K(699072K)
[46.080s][info][gc,metaspace   ] GC(86) Metaspace: 65694K(67072K)->65694K(67072K) NonClass: 57285K(57984K)->57285K(57984K) Class: 8408K(9088K)->8408K(9088K)
[46.080s][info][gc             ] GC(86) Pause Young (Allocation Failure) 730M->504M(989M) 191.713ms
[46.080s][info][gc,cpu         ] GC(86) User=0.20s Sys=0.00s Real=0.19s
[46.223s][info][gc,start       ] GC(87) Pause Young (Allocation Failure)
[46.426s][info][gc,heap        ] GC(87) DefNew: 314560K(314560K)->34663K(314560K) Eden: 279616K(279616K)->0K(279616K) From: 34944K(34944K)->34663K(34944K)
[46.426s][info][gc,heap        ] GC(87) Tenured: 481172K(699072K)->509337K(699072K)
[46.426s][info][gc,metaspace   ] GC(87) Metaspace: 65694K(67072K)->65694K(67072K) NonClass: 57285K(57984K)->57285K(57984K) Class: 8408K(9088K)->8408K(9088K)
[46.426s][info][gc             ] GC(87) Pause Young (Allocation Failure) 777M->531M(989M) 202.360ms
[46.426s][info][gc,cpu         ] GC(87) User=0.20s Sys=0.00s Real=0.20s
[46.589s][info][gc,start       ] GC(88) Pause Young (Allocation Failure)
[46.758s][info][gc,heap        ] GC(88) DefNew: 314279K(314560K)->34944K(314560K) Eden: 279616K(279616K)->0K(279616K) From: 34663K(34944K)->34944K(34944K)
[46.758s][info][gc,heap        ] GC(88) Tenured: 509337K(699072K)->534797K(699072K)
[46.758s][info][gc,metaspace   ] GC(88) Metaspace: 65694K(67072K)->65694K(67072K) NonClass: 57285K(57984K)->57285K(57984K) Class: 8408K(9088K)->8408K(9088K)
[46.759s][info][gc             ] GC(88) Pause Young (Allocation Failure) 804M->556M(989M) 169.293ms
[46.759s][info][gc,cpu         ] GC(88) User=0.17s Sys=0.00s Real=0.17s
[46.918s][info][gc,start       ] GC(89) Pause Young (Allocation Failure)
[47.092s][info][gc,heap        ] GC(89) DefNew: 314560K(314560K)->21280K(314560K) Eden: 279616K(279616K)->0K(279616K) From: 34944K(34944K)->21280K(34944K)
[47.092s][info][gc,heap        ] GC(89) Tenured: 534797K(699072K)->565249K(699072K)
[47.092s][info][gc,metaspace   ] GC(89) Metaspace: 65695K(67072K)->65695K(67072K) NonClass: 57286K(57984K)->57286K(57984K) Class: 8408K(9088K)->8408K(9088K)
[47.092s][info][gc             ] GC(89) Pause Young (Allocation Failure) 829M->572M(989M) 173.421ms
[47.092s][info][gc,cpu         ] GC(89) User=0.19s Sys=0.00s Real=0.19s
[47.277s][info][gc,start       ] GC(90) Pause Young (Allocation Failure)
[47.433s][info][gc,heap        ] GC(90) DefNew: 300896K(314560K)->18829K(314560K) Eden: 279616K(279616K)->0K(279616K) From: 21280K(34944K)->18829K(34944K)
[47.433s][info][gc,heap        ] GC(90) Tenured: 565249K(699072K)->582085K(699072K)
[47.433s][info][gc,metaspace   ] GC(90) Metaspace: 65701K(67136K)->65701K(67136K) NonClass: 57292K(58048K)->57292K(58048K) Class: 8408K(9088K)->8408K(9088K)
[47.433s][info][gc             ] GC(90) Pause Young (Allocation Failure) 845M->586M(989M) 156.358ms
[47.433s][info][gc,cpu         ] GC(90) User=0.16s Sys=0.00s Real=0.16s
[48.188s][info][gc,start       ] GC(91) Pause Young (Allocation Failure)
[48.355s][info][gc,heap        ] GC(91) DefNew: 298445K(314560K)->29056K(314560K) Eden: 279616K(279616K)->0K(279616K) From: 18829K(34944K)->29056K(34944K)
[48.355s][info][gc,heap        ] GC(91) Tenured: 582085K(699072K)->599744K(699072K)
[48.355s][info][gc,metaspace   ] GC(91) Metaspace: 65736K(67136K)->65736K(67136K) NonClass: 57327K(58048K)->57327K(58048K) Class: 8408K(9088K)->8408K(9088K)
[48.355s][info][gc             ] GC(91) Pause Young (Allocation Failure) 859M->614M(989M) 167.058ms
[48.355s][info][gc,cpu         ] GC(91) User=0.16s Sys=0.00s Real=0.17s
[48.655s][info][gc,start       ] GC(92) Pause Young (Allocation Failure)
[48.765s][info][gc,heap        ] GC(92) DefNew: 308672K(314560K)->29326K(314560K) Eden: 279616K(279616K)->0K(279616K) From: 29056K(34944K)->29326K(34944K)
[48.765s][info][gc,heap        ] GC(92) Tenured: 599744K(699072K)->604902K(699072K)
[48.765s][info][gc,metaspace   ] GC(92) Metaspace: 65780K(67136K)->65780K(67136K) NonClass: 57371K(58048K)->57371K(58048K) Class: 8409K(9088K)->8409K(9088K)
[48.765s][info][gc             ] GC(92) Pause Young (Allocation Failure) 887M->619M(989M) 110.520ms
[48.766s][info][gc,cpu         ] GC(92) User=0.11s Sys=0.00s Real=0.11s
[49.013s][info][gc,start       ] GC(93) Pause Young (Allocation Failure)
[49.117s][info][gc,heap        ] GC(93) DefNew: 308942K(314560K)->30097K(314560K) Eden: 279616K(279616K)->0K(279616K) From: 29326K(34944K)->30097K(34944K)
[49.117s][info][gc,heap        ] GC(93) Tenured: 604902K(699072K)->604946K(699072K)
[49.117s][info][gc,metaspace   ] GC(93) Metaspace: 65812K(67200K)->65812K(67200K) NonClass: 57403K(58112K)->57403K(58112K) Class: 8409K(9088K)->8409K(9088K)
[49.117s][info][gc             ] GC(93) Pause Young (Allocation Failure) 892M->620M(989M) 103.943ms
[49.117s][info][gc,cpu         ] GC(93) User=0.09s Sys=0.00s Real=0.09s
[49.521s][info][gc,start       ] GC(94) Pause Young (Allocation Failure)
[49.550s][info][gc,heap        ] GC(94) DefNew: 309713K(314560K)->8278K(314560K) Eden: 279616K(279616K)->0K(279616K) From: 30097K(34944K)->8278K(34944K)
[49.551s][info][gc,heap        ] GC(94) Tenured: 604946K(699072K)->605012K(699072K)
[49.551s][info][gc,metaspace   ] GC(94) Metaspace: 65848K(67200K)->65848K(67200K) NonClass: 57438K(58112K)->57438K(58112K) Class: 8409K(9088K)->8409K(9088K)
[49.551s][info][gc             ] GC(94) Pause Young (Allocation Failure) 893M->598M(989M) 30.088ms
[49.551s][info][gc,cpu         ] GC(94) User=0.03s Sys=0.00s Real=0.04s
[49.698s][info][gc,start       ] GC(95) Pause Young (Allocation Failure)
[49.811s][info][gc,heap        ] GC(95) DefNew: 287894K(314560K)->34943K(314560K) Eden: 279616K(279616K)->0K(279616K) From: 8278K(34944K)->34943K(34944K)
[49.811s][info][gc,heap        ] GC(95) Tenured: 605012K(699072K)->619791K(699072K)
[49.811s][info][gc,metaspace   ] GC(95) Metaspace: 65848K(67200K)->65848K(67200K) NonClass: 57439K(58112K)->57439K(58112K) Class: 8409K(9088K)->8409K(9088K)
[49.811s][info][gc             ] GC(95) Pause Young (Allocation Failure) 871M->639M(989M) 112.928ms
[49.811s][info][gc,cpu         ] GC(95) User=0.11s Sys=0.00s Real=0.11s
[50.183s][info][gc,start       ] GC(96) Pause Young (Allocation Failure)
[50.333s][info][gc,heap        ] GC(96) DefNew: 314401K(314560K)->34944K(314560K) Eden: 279457K(279616K)->0K(279616K) From: 34943K(34944K)->34944K(34944K)
[50.333s][info][gc,heap        ] GC(96) Tenured: 619791K(699072K)->644758K(699072K)
[50.333s][info][gc,metaspace   ] GC(96) Metaspace: 65895K(67264K)->65895K(67264K) NonClass: 57483K(58176K)->57483K(58176K) Class: 8411K(9088K)->8411K(9088K)
[50.333s][info][gc             ] GC(96) Pause Young (Allocation Failure) 912M->663M(989M) 150.427ms
[50.333s][info][gc,cpu         ] GC(96) User=0.14s Sys=0.00s Real=0.14s
[50.433s][info][gc,start       ] GC(97) Pause Young (Allocation Failure)
[50.550s][info][gc,promotion   ] GC(97) Promotion failed
[50.550s][info][gc             ] GC(97) Pause Young (Allocation Failure) 936M->983M(989M) 116.782ms
[50.550s][info][gc,cpu         ] GC(97) User=0.11s Sys=0.00s Real=0.11s
[50.550s][info][gc,start       ] GC(98) Pause Full (Allocation Failure)
[50.550s][info][gc,phases,start] GC(98) Phase 1: Mark live objects
[50.683s][info][gc,phases      ] GC(98) Phase 1: Mark live objects 133.250ms
[50.683s][info][gc,phases,start] GC(98) Phase 2: Compute new object addresses
[50.899s][info][gc,phases      ] GC(98) Phase 2: Compute new object addresses 216.293ms
[50.899s][info][gc,phases,start] GC(98) Phase 3: Adjust pointers
[51.004s][info][gc,phases      ] GC(98) Phase 3: Adjust pointers 104.436ms
[51.004s][info][gc,phases,start] GC(98) Phase 4: Move objects
[51.073s][info][gc,phases      ] GC(98) Phase 4: Move objects 68.834ms
[51.086s][info][gc,heap        ] GC(98) DefNew: 314560K(314560K)->0K(314560K) Eden: 279616K(279616K)->0K(279616K) From: 34944K(34944K)->0K(34944K)
[51.086s][info][gc,heap        ] GC(98) Tenured: 644758K(699072K)->244216K(699072K)
[51.086s][info][gc,metaspace   ] GC(98) Metaspace: 65906K(67264K)->65906K(67264K) NonClass: 57495K(58176K)->57495K(58176K) Class: 8411K(9088K)->8411K(9088K)
[51.086s][info][gc             ] GC(98) Pause Full (Allocation Failure) 983M->238M(989M) 535.925ms
[51.086s][info][gc,cpu         ] GC(98) User=0.53s Sys=0.00s Real=0.54s
[51.229s][info][gc,start       ] GC(99) Pause Young (Allocation Failure)
[51.364s][info][gc,heap        ] GC(99) DefNew: 279616K(314560K)->34944K(314560K) Eden: 279616K(279616K)->0K(279616K) From: 0K(34944K)->34944K(34944K)
[51.364s][info][gc,heap        ] GC(99) Tenured: 244216K(699072K)->277253K(699072K)
[51.364s][info][gc,metaspace   ] GC(99) Metaspace: 65927K(67264K)->65927K(67264K) NonClass: 57516K(58176K)->57516K(58176K) Class: 8411K(9088K)->8411K(9088K)
[51.364s][info][gc             ] GC(99) Pause Young (Allocation Failure) 511M->304M(989M) 134.642ms
[51.364s][info][gc,cpu         ] GC(99) User=0.16s Sys=0.00s Real=0.13s
[51.492s][info][gc,start       ] GC(100) Pause Young (Allocation Failure)
[51.540s][info][gc,heap        ] GC(100) DefNew: 314560K(314560K)->16K(314560K) Eden: 279616K(279616K)->0K(279616K) From: 34944K(34944K)->16K(34944K)
[51.540s][info][gc,heap        ] GC(100) Tenured: 277253K(699072K)->312196K(699072K)
[51.540s][info][gc,metaspace   ] GC(100) Metaspace: 65927K(67264K)->65927K(67264K) NonClass: 57516K(58176K)->57516K(58176K) Class: 8411K(9088K)->8411K(9088K)
[51.540s][info][gc             ] GC(100) Pause Young (Allocation Failure) 577M->304M(989M) 47.692ms
[51.540s][info][gc,cpu         ] GC(100) User=0.06s Sys=0.00s Real=0.06s
[51.688s][info][gc,start       ] GC(101) Pause Full (System.gc())
[51.688s][info][gc,phases,start] GC(101) Phase 1: Mark live objects
[51.817s][info][gc,phases      ] GC(101) Phase 1: Mark live objects 128.402ms
[51.817s][info][gc,phases,start] GC(101) Phase 2: Compute new object addresses
[51.947s][info][gc,phases      ] GC(101) Phase 2: Compute new object addresses 129.913ms
[51.947s][info][gc,phases,start] GC(101) Phase 3: Adjust pointers
[52.023s][info][gc,phases      ] GC(101) Phase 3: Adjust pointers 76.603ms
[52.023s][info][gc,phases,start] GC(101) Phase 4: Move objects
[52.023s][info][gc,phases      ] GC(101) Phase 4: Move objects 0.028ms
[52.029s][info][gc,heap        ] GC(101) DefNew: 233792K(314560K)->0K(314560K) Eden: 233776K(279616K)->0K(279616K) From: 16K(34944K)->0K(34944K)
[52.029s][info][gc,heap        ] GC(101) Tenured: 312196K(699072K)->161071K(699072K)
[52.029s][info][gc,metaspace   ] GC(101) Metaspace: 65927K(67264K)->65927K(67264K) NonClass: 57516K(58176K)->57516K(58176K) Class: 8411K(9088K)->8411K(9088K)
[52.029s][info][gc             ] GC(101) Pause Full (System.gc()) 533M->157M(989M) 341.145ms
[52.029s][info][gc,cpu         ] GC(101) User=0.33s Sys=0.00s Real=0.34s
[52.193s][info][gc,start       ] GC(102) Pause Young (Allocation Failure)
[52.308s][info][gc,heap        ] GC(102) DefNew: 279616K(314560K)->34944K(314560K) Eden: 279616K(279616K)->0K(279616K) From: 0K(34944K)->34944K(34944K)
[52.308s][info][gc,heap        ] GC(102) Tenured: 161071K(699072K)->209226K(699072K)
[52.308s][info][gc,metaspace   ] GC(102) Metaspace: 65969K(67264K)->65969K(67264K) NonClass: 57555K(58176K)->57555K(58176K) Class: 8413K(9088K)->8413K(9088K)
[52.308s][info][gc             ] GC(102) Pause Young (Allocation Failure) 430M->238M(989M) 114.799ms
[52.308s][info][gc,cpu         ] GC(102) User=0.11s Sys=0.00s Real=0.11s
[52.454s][info][gc,start       ] GC(103) Pause Young (Allocation Failure)
[52.609s][info][gc,heap        ] GC(103) DefNew: 314560K(314560K)->32616K(314560K) Eden: 279616K(279616K)->0K(279616K) From: 34944K(34944K)->32616K(34944K)
[52.609s][info][gc,heap        ] GC(103) Tenured: 209226K(699072K)->243940K(699072K)
[52.609s][info][gc,metaspace   ] GC(103) Metaspace: 65985K(67264K)->65985K(67264K) NonClass: 57572K(58176K)->57572K(58176K) Class: 8413K(9088K)->8413K(9088K)
[52.609s][info][gc             ] GC(103) Pause Young (Allocation Failure) 511M->270M(989M) 155.943ms
[52.610s][info][gc,cpu         ] GC(103) User=0.17s Sys=0.00s Real=0.16s
[52.799s][info][gc,start       ] GC(104) Pause Young (Allocation Failure)
[52.953s][info][gc,heap        ] GC(104) DefNew: 312232K(314560K)->33175K(314560K) Eden: 279616K(279616K)->0K(279616K) From: 32616K(34944K)->33175K(34944K)
[52.953s][info][gc,heap        ] GC(104) Tenured: 243940K(699072K)->267035K(699072K)
[52.953s][info][gc,metaspace   ] GC(104) Metaspace: 65992K(67264K)->65992K(67264K) NonClass: 57579K(58176K)->57579K(58176K) Class: 8413K(9088K)->8413K(9088K)
[52.953s][info][gc             ] GC(104) Pause Young (Allocation Failure) 543M->293M(989M) 154.592ms
[52.953s][info][gc,cpu         ] GC(104) User=0.16s Sys=0.00s Real=0.16s
[53.128s][info][gc,start       ] GC(105) Pause Young (Allocation Failure)
[53.281s][info][gc,heap        ] GC(105) DefNew: 312791K(314560K)->19209K(314560K) Eden: 279616K(279616K)->0K(279616K) From: 33175K(34944K)->19209K(34944K)
[53.281s][info][gc,heap        ] GC(105) Tenured: 267035K(699072K)->296035K(699072K)
[53.281s][info][gc,metaspace   ] GC(105) Metaspace: 65992K(67264K)->65992K(67264K) NonClass: 57579K(58176K)->57579K(58176K) Class: 8413K(9088K)->8413K(9088K)
[53.281s][info][gc             ] GC(105) Pause Young (Allocation Failure) 566M->307M(989M) 153.152ms
[53.281s][info][gc,cpu         ] GC(105) User=0.16s Sys=0.00s Real=0.16s
[53.454s][info][gc,start       ] GC(106) Pause Young (Allocation Failure)
[53.598s][info][gc,heap        ] GC(106) DefNew: 298825K(314560K)->20324K(314560K) Eden: 279616K(279616K)->0K(279616K) From: 19209K(34944K)->20324K(34944K)
[53.598s][info][gc,heap        ] GC(106) Tenured: 296035K(699072K)->311446K(699072K)
[53.598s][info][gc,metaspace   ] GC(106) Metaspace: 65992K(67264K)->65992K(67264K) NonClass: 57579K(58176K)->57579K(58176K) Class: 8413K(9088K)->8413K(9088K)
[53.598s][info][gc             ] GC(106) Pause Young (Allocation Failure) 580M->323M(989M) 143.615ms
[53.598s][info][gc,cpu         ] GC(106) User=0.14s Sys=0.00s Real=0.14s
[53.857s][info][gc,start       ] GC(107) Pause Young (Allocation Failure)
[53.997s][info][gc,heap        ] GC(107) DefNew: 299940K(314560K)->20829K(314560K) Eden: 279616K(279616K)->0K(279616K) From: 20324K(34944K)->20829K(34944K)
[53.997s][info][gc,heap        ] GC(107) Tenured: 311446K(699072K)->326420K(699072K)
[53.997s][info][gc,metaspace   ] GC(107) Metaspace: 65993K(67264K)->65993K(67264K) NonClass: 57580K(58176K)->57580K(58176K) Class: 8413K(9088K)->8413K(9088K)
[53.997s][info][gc             ] GC(107) Pause Young (Allocation Failure) 597M->339M(989M) 140.174ms
[53.997s][info][gc,cpu         ] GC(107) User=0.14s Sys=0.00s Real=0.14s
[54.456s][info][gc,start       ] GC(108) Pause Young (Allocation Failure)
[54.562s][info][gc,heap        ] GC(108) DefNew: 300445K(314560K)->10242K(314560K) Eden: 279616K(279616K)->0K(279616K) From: 20829K(34944K)->10242K(34944K)
[54.562s][info][gc,heap        ] GC(108) Tenured: 326420K(699072K)->343231K(699072K)
[54.562s][info][gc,metaspace   ] GC(108) Metaspace: 66034K(67328K)->66034K(67328K) NonClass: 57620K(58240K)->57620K(58240K) Class: 8413K(9088K)->8413K(9088K)
[54.562s][info][gc             ] GC(108) Pause Young (Allocation Failure) 612M->345M(989M) 106.890ms
[54.562s][info][gc,cpu         ] GC(108) User=0.11s Sys=0.00s Real=0.11s
[55.463s][info][gc,start       ] GC(109) Pause Young (Allocation Failure)
[55.563s][info][gc,heap        ] GC(109) DefNew: 289290K(314560K)->25919K(314560K) Eden: 279047K(279616K)->0K(279616K) From: 10242K(34944K)->25919K(34944K)
[55.563s][info][gc,heap        ] GC(109) Tenured: 343231K(699072K)->343231K(699072K)
[55.563s][info][gc,metaspace   ] GC(109) Metaspace: 66078K(67392K)->66078K(67392K) NonClass: 57664K(58304K)->57664K(58304K) Class: 8413K(9088K)->8413K(9088K)
[55.563s][info][gc             ] GC(109) Pause Young (Allocation Failure) 617M->360M(989M) 100.444ms
[55.563s][info][gc,cpu         ] GC(109) User=0.09s Sys=0.02s Real=0.11s
[55.808s][info][gc,start       ] GC(110) Pause Young (Allocation Failure)
[56.044s][info][gc,heap        ] GC(110) DefNew: 305535K(314560K)->34944K(314560K) Eden: 279616K(279616K)->0K(279616K) From: 25919K(34944K)->34944K(34944K)
[56.044s][info][gc,heap        ] GC(110) Tenured: 343231K(699072K)->407734K(699072K)
[56.044s][info][gc,metaspace   ] GC(110) Metaspace: 66080K(67392K)->66080K(67392K) NonClass: 57667K(58304K)->57667K(58304K) Class: 8413K(9088K)->8413K(9088K)
[56.044s][info][gc             ] GC(110) Pause Young (Allocation Failure) 633M->432M(989M) 235.434ms
[56.044s][info][gc,cpu         ] GC(110) User=0.23s Sys=0.00s Real=0.23s
[56.161s][info][gc,start       ] GC(111) Pause Young (Allocation Failure)
[56.339s][info][gc,heap        ] GC(111) DefNew: 314560K(314560K)->34943K(314560K) Eden: 279616K(279616K)->0K(279616K) From: 34944K(34944K)->34943K(34944K)
[56.339s][info][gc,heap        ] GC(111) Tenured: 407734K(699072K)->457718K(699072K)
[56.339s][info][gc,metaspace   ] GC(111) Metaspace: 66080K(67392K)->66080K(67392K) NonClass: 57667K(58304K)->57667K(58304K) Class: 8413K(9088K)->8413K(9088K)
[56.339s][info][gc             ] GC(111) Pause Young (Allocation Failure) 705M->481M(989M) 178.403ms
[56.339s][info][gc,cpu         ] GC(111) User=0.19s Sys=0.00s Real=0.19s
[56.479s][info][gc,start       ] GC(112) Pause Young (Allocation Failure)
[56.674s][info][gc,heap        ] GC(112) DefNew: 314559K(314560K)->34511K(314560K) Eden: 279616K(279616K)->0K(279616K) From: 34943K(34944K)->34511K(34944K)
[56.674s][info][gc,heap        ] GC(112) Tenured: 457718K(699072K)->485907K(699072K)
[56.674s][info][gc,metaspace   ] GC(112) Metaspace: 66080K(67392K)->66080K(67392K) NonClass: 57667K(58304K)->57667K(58304K) Class: 8413K(9088K)->8413K(9088K)
[56.674s][info][gc             ] GC(112) Pause Young (Allocation Failure) 754M->508M(989M) 195.058ms
[56.674s][info][gc,cpu         ] GC(112) User=0.19s Sys=0.00s Real=0.19s
[56.854s][info][gc,start       ] GC(113) Pause Young (Allocation Failure)
[57.022s][info][gc,heap        ] GC(113) DefNew: 314127K(314560K)->34944K(314560K) Eden: 279616K(279616K)->0K(279616K) From: 34511K(34944K)->34944K(34944K)
[57.022s][info][gc,heap        ] GC(113) Tenured: 485907K(699072K)->511191K(699072K)
[57.022s][info][gc,metaspace   ] GC(113) Metaspace: 66080K(67392K)->66080K(67392K) NonClass: 57667K(58304K)->57667K(58304K) Class: 8413K(9088K)->8413K(9088K)
[57.022s][info][gc             ] GC(113) Pause Young (Allocation Failure) 781M->533M(989M) 167.787ms
[57.022s][info][gc,cpu         ] GC(113) User=0.16s Sys=0.00s Real=0.16s
[57.194s][info][gc,start       ] GC(114) Pause Young (Allocation Failure)
[57.360s][info][gc,heap        ] GC(114) DefNew: 314560K(314560K)->21337K(314560K) Eden: 279616K(279616K)->0K(279616K) From: 34944K(34944K)->21337K(34944K)
[57.360s][info][gc,heap        ] GC(114) Tenured: 511191K(699072K)->541669K(699072K)
[57.360s][info][gc,metaspace   ] GC(114) Metaspace: 66080K(67392K)->66080K(67392K) NonClass: 57667K(58304K)->57667K(58304K) Class: 8413K(9088K)->8413K(9088K)
[57.360s][info][gc             ] GC(114) Pause Young (Allocation Failure) 806M->549M(989M) 166.475ms
[57.360s][info][gc,cpu         ] GC(114) User=0.17s Sys=0.00s Real=0.17s
[57.566s][info][gc,start       ] GC(115) Pause Young (Allocation Failure)
[57.718s][info][gc,heap        ] GC(115) DefNew: 300953K(314560K)->18327K(314560K) Eden: 279616K(279616K)->0K(279616K) From: 21337K(34944K)->18327K(34944K)
[57.719s][info][gc,heap        ] GC(115) Tenured: 541669K(699072K)->558752K(699072K)
[57.719s][info][gc,metaspace   ] GC(115) Metaspace: 66080K(67392K)->66080K(67392K) NonClass: 57667K(58304K)->57667K(58304K) Class: 8413K(9088K)->8413K(9088K)
[57.719s][info][gc             ] GC(115) Pause Young (Allocation Failure) 822M->563M(989M) 152.880ms
[57.719s][info][gc,cpu         ] GC(115) User=0.16s Sys=0.00s Real=0.16s
[58.435s][info][gc,start       ] GC(116) Pause Young (Allocation Failure)
[58.605s][info][gc,heap        ] GC(116) DefNew: 296727K(314560K)->30880K(314560K) Eden: 278399K(279616K)->0K(279616K) From: 18327K(34944K)->30880K(34944K)
[58.605s][info][gc,heap        ] GC(116) Tenured: 558752K(699072K)->575510K(699072K)
[58.605s][info][gc,metaspace   ] GC(116) Metaspace: 66101K(67392K)->66101K(67392K) NonClass: 57688K(58304K)->57688K(58304K) Class: 8413K(9088K)->8413K(9088K)
[58.605s][info][gc             ] GC(116) Pause Young (Allocation Failure) 835M->592M(989M) 170.213ms
[58.605s][info][gc,cpu         ] GC(116) User=0.17s Sys=0.00s Real=0.17s
[58.888s][info][gc,start       ] GC(117) Pause Young (Allocation Failure)
[59.027s][info][gc,heap        ] GC(117) DefNew: 310496K(314560K)->28997K(314560K) Eden: 279616K(279616K)->0K(279616K) From: 30880K(34944K)->28997K(34944K)
[59.027s][info][gc,heap        ] GC(117) Tenured: 575510K(699072K)->581721K(699072K)
[59.027s][info][gc,metaspace   ] GC(117) Metaspace: 66120K(67392K)->66120K(67392K) NonClass: 57707K(58304K)->57707K(58304K) Class: 8413K(9088K)->8413K(9088K)
[59.027s][info][gc             ] GC(117) Pause Young (Allocation Failure) 865M->596M(989M) 139.423ms
[59.028s][info][gc,cpu         ] GC(117) User=0.14s Sys=0.00s Real=0.14s
[59.259s][info][gc,start       ] GC(118) Pause Young (Allocation Failure)
[59.360s][info][gc,heap        ] GC(118) DefNew: 308613K(314560K)->29685K(314560K) Eden: 279616K(279616K)->0K(279616K) From: 28997K(34944K)->29685K(34944K)
[59.360s][info][gc,heap        ] GC(118) Tenured: 581721K(699072K)->581766K(699072K)
[59.360s][info][gc,metaspace   ] GC(118) Metaspace: 66170K(67392K)->66170K(67392K) NonClass: 57755K(58304K)->57755K(58304K) Class: 8414K(9088K)->8414K(9088K)
[59.360s][info][gc             ] GC(118) Pause Young (Allocation Failure) 869M->597M(989M) 101.776ms
[59.360s][info][gc,cpu         ] GC(118) User=0.11s Sys=0.00s Real=0.11s
[59.755s][info][gc,start       ] GC(119) Pause Young (Allocation Failure)
[59.781s][info][gc,heap        ] GC(119) DefNew: 309301K(314560K)->7317K(314560K) Eden: 279616K(279616K)->0K(279616K) From: 29685K(34944K)->7317K(34944K)
[59.781s][info][gc,heap        ] GC(119) Tenured: 581766K(699072K)->581835K(699072K)
[59.781s][info][gc,metaspace   ] GC(119) Metaspace: 66178K(67392K)->66178K(67392K) NonClass: 57763K(58304K)->57763K(58304K) Class: 8415K(9088K)->8415K(9088K)
[59.781s][info][gc             ] GC(119) Pause Young (Allocation Failure) 870M->575M(989M) 26.775ms
[59.781s][info][gc,cpu         ] GC(119) User=0.03s Sys=0.00s Real=0.03s
[59.917s][info][gc,start       ] GC(120) Pause Young (Allocation Failure)
[60.034s][info][gc,heap        ] GC(120) DefNew: 286933K(314560K)->34943K(314560K) Eden: 279616K(279616K)->0K(279616K) From: 7317K(34944K)->34943K(34944K)
[60.034s][info][gc,heap        ] GC(120) Tenured: 581835K(699072K)->595778K(699072K)
[60.034s][info][gc,metaspace   ] GC(120) Metaspace: 66179K(67392K)->66179K(67392K) NonClass: 57764K(58304K)->57764K(58304K) Class: 8415K(9088K)->8415K(9088K)
[60.034s][info][gc             ] GC(120) Pause Young (Allocation Failure) 848M->615M(989M) 117.674ms
[60.034s][info][gc,cpu         ] GC(120) User=0.13s Sys=0.00s Real=0.13s
[60.402s][info][gc,start       ] GC(121) Pause Young (Allocation Failure)
[60.570s][info][gc,heap        ] GC(121) DefNew: 314121K(314560K)->34943K(314560K) Eden: 279177K(279616K)->0K(279616K) From: 34943K(34944K)->34943K(34944K)
[60.570s][info][gc,heap        ] GC(121) Tenured: 595778K(699072K)->626504K(699072K)
[60.570s][info][gc,metaspace   ] GC(121) Metaspace: 66179K(67392K)->66179K(67392K) NonClass: 57764K(58304K)->57764K(58304K) Class: 8415K(9088K)->8415K(9088K)
[60.570s][info][gc             ] GC(121) Pause Young (Allocation Failure) 888M->645M(989M) 167.401ms
[60.570s][info][gc,cpu         ] GC(121) User=0.16s Sys=0.00s Real=0.16s
[60.690s][info][gc,start       ] GC(122) Pause Young (Allocation Failure)
[60.820s][info][gc,promotion   ] GC(122) Promotion failed
[60.820s][info][gc             ] GC(122) Pause Young (Allocation Failure) 919M->987M(989M) 129.459ms
[60.820s][info][gc,cpu         ] GC(122) User=0.13s Sys=0.00s Real=0.13s
[60.820s][info][gc,start       ] GC(123) Pause Full (Allocation Failure)
[60.820s][info][gc,phases,start] GC(123) Phase 1: Mark live objects
[60.947s][info][gc,phases      ] GC(123) Phase 1: Mark live objects 127.201ms
[60.947s][info][gc,phases,start] GC(123) Phase 2: Compute new object addresses
[61.184s][info][gc,phases      ] GC(123) Phase 2: Compute new object addresses 237.081ms
[61.184s][info][gc,phases,start] GC(123) Phase 3: Adjust pointers
[61.275s][info][gc,phases      ] GC(123) Phase 3: Adjust pointers 90.583ms
[61.275s][info][gc,phases,start] GC(123) Phase 4: Move objects
[61.296s][info][gc,phases      ] GC(123) Phase 4: Move objects 21.175ms
[61.306s][info][gc,heap        ] GC(123) DefNew: 314559K(314560K)->0K(314560K) Eden: 279616K(279616K)->0K(279616K) From: 34943K(34944K)->0K(34944K)
[61.306s][info][gc,heap        ] GC(123) Tenured: 626504K(699072K)->259564K(699072K)
[61.306s][info][gc,metaspace   ] GC(123) Metaspace: 66189K(67392K)->66189K(67392K) NonClass: 57773K(58304K)->57773K(58304K) Class: 8415K(9088K)->8415K(9088K)
[61.306s][info][gc             ] GC(123) Pause Full (Allocation Failure) 987M->253M(989M) 486.051ms
[61.306s][info][gc,cpu         ] GC(123) User=0.48s Sys=0.00s Real=0.48s
[61.475s][info][gc,start       ] GC(124) Pause Young (Allocation Failure)
[61.603s][info][gc,heap        ] GC(124) DefNew: 279616K(314560K)->34943K(314560K) Eden: 279616K(279616K)->0K(279616K) From: 0K(34944K)->34943K(34944K)
[61.603s][info][gc,heap        ] GC(124) Tenured: 259564K(699072K)->296025K(699072K)
[61.603s][info][gc,metaspace   ] GC(124) Metaspace: 66202K(67392K)->66202K(67392K) NonClass: 57786K(58304K)->57786K(58304K) Class: 8415K(9088K)->8415K(9088K)
[61.603s][info][gc             ] GC(124) Pause Young (Allocation Failure) 526M->323M(989M) 127.520ms
[61.603s][info][gc,cpu         ] GC(124) User=0.13s Sys=0.00s Real=0.13s
[61.732s][info][gc,start       ] GC(125) Pause Young (Allocation Failure)
[61.786s][info][gc,heap        ] GC(125) DefNew: 314559K(314560K)->16K(314560K) Eden: 279616K(279616K)->0K(279616K) From: 34943K(34944K)->16K(34944K)
[61.786s][info][gc,heap        ] GC(125) Tenured: 296025K(699072K)->330969K(699072K)
[61.786s][info][gc,metaspace   ] GC(125) Metaspace: 66202K(67392K)->66202K(67392K) NonClass: 57786K(58304K)->57786K(58304K) Class: 8415K(9088K)->8415K(9088K)
[61.786s][info][gc             ] GC(125) Pause Young (Allocation Failure) 596M->323M(989M) 54.379ms
[61.786s][info][gc,cpu         ] GC(125) User=0.06s Sys=0.00s Real=0.06s
[61.935s][info][gc,start       ] GC(126) Pause Full (System.gc())
[61.935s][info][gc,phases,start] GC(126) Phase 1: Mark live objects
[62.049s][info][gc,phases      ] GC(126) Phase 1: Mark live objects 113.762ms
[62.049s][info][gc,phases,start] GC(126) Phase 2: Compute new object addresses
[62.180s][info][gc,phases      ] GC(126) Phase 2: Compute new object addresses 131.259ms
[62.180s][info][gc,phases,start] GC(126) Phase 3: Adjust pointers
[62.257s][info][gc,phases      ] GC(126) Phase 3: Adjust pointers 76.658ms
[62.257s][info][gc,phases,start] GC(126) Phase 4: Move objects
[62.257s][info][gc,phases      ] GC(126) Phase 4: Move objects 0.025ms
[62.263s][info][gc,heap        ] GC(126) DefNew: 235497K(314560K)->0K(314560K) Eden: 235481K(279616K)->0K(279616K) From: 16K(34944K)->0K(34944K)
[62.263s][info][gc,heap        ] GC(126) Tenured: 330969K(699072K)->180268K(699072K)
[62.263s][info][gc,metaspace   ] GC(126) Metaspace: 66202K(67392K)->66202K(67392K) NonClass: 57786K(58304K)->57786K(58304K) Class: 8415K(9088K)->8415K(9088K)
[62.263s][info][gc             ] GC(126) Pause Full (System.gc()) 553M->176M(989M) 327.866ms
[62.263s][info][gc,cpu         ] GC(126) User=0.33s Sys=0.00s Real=0.33s
[62.418s][info][gc,start       ] GC(127) Pause Young (Allocation Failure)
[62.528s][info][gc,heap        ] GC(127) DefNew: 279616K(314560K)->34944K(314560K) Eden: 279616K(279616K)->0K(279616K) From: 0K(34944K)->34944K(34944K)
[62.528s][info][gc,heap        ] GC(127) Tenured: 180268K(699072K)->227951K(699072K)
[62.528s][info][gc,metaspace   ] GC(127) Metaspace: 66228K(67456K)->66228K(67456K) NonClass: 57812K(58368K)->57812K(58368K) Class: 8415K(9088K)->8415K(9088K)
[62.529s][info][gc             ] GC(127) Pause Young (Allocation Failure) 449M->256M(989M) 110.817ms
[62.529s][info][gc,cpu         ] GC(127) User=0.11s Sys=0.00s Real=0.11s
[62.673s][info][gc,start       ] GC(128) Pause Young (Allocation Failure)
[62.831s][info][gc,heap        ] GC(128) DefNew: 314560K(314560K)->33053K(314560K) Eden: 279616K(279616K)->0K(279616K) From: 34944K(34944K)->33053K(34944K)
[62.831s][info][gc,heap        ] GC(128) Tenured: 227951K(699072K)->262709K(699072K)
[62.831s][info][gc,metaspace   ] GC(128) Metaspace: 66230K(67456K)->66230K(67456K) NonClass: 57815K(58368K)->57815K(58368K) Class: 8415K(9088K)->8415K(9088K)
[62.831s][info][gc             ] GC(128) Pause Young (Allocation Failure) 529M->288M(989M) 158.318ms
[62.831s][info][gc,cpu         ] GC(128) User=0.16s Sys=0.00s Real=0.16s
[63.012s][info][gc,start       ] GC(129) Pause Young (Allocation Failure)
[63.170s][info][gc,heap        ] GC(129) DefNew: 312669K(314560K)->33309K(314560K) Eden: 279616K(279616K)->0K(279616K) From: 33053K(34944K)->33309K(34944K)
[63.170s][info][gc,heap        ] GC(129) Tenured: 262709K(699072K)->286210K(699072K)
[63.170s][info][gc,metaspace   ] GC(129) Metaspace: 66234K(67456K)->66234K(67456K) NonClass: 57818K(58368K)->57818K(58368K) Class: 8415K(9088K)->8415K(9088K)
[63.170s][info][gc             ] GC(129) Pause Young (Allocation Failure) 561M->312M(989M) 157.817ms
[63.170s][info][gc,cpu         ] GC(129) User=0.17s Sys=0.00s Real=0.17s
[63.344s][info][gc,start       ] GC(130) Pause Young (Allocation Failure)
[63.509s][info][gc,heap        ] GC(130) DefNew: 312925K(314560K)->19309K(314560K) Eden: 279616K(279616K)->0K(279616K) From: 33309K(34944K)->19309K(34944K)
[63.509s][info][gc,heap        ] GC(130) Tenured: 286210K(699072K)->315328K(699072K)
[63.509s][info][gc,metaspace   ] GC(130) Metaspace: 66234K(67456K)->66234K(67456K) NonClass: 57818K(58368K)->57818K(58368K) Class: 8415K(9088K)->8415K(9088K)
[63.509s][info][gc             ] GC(130) Pause Young (Allocation Failure) 585M->326M(989M) 165.503ms
[63.509s][info][gc,cpu         ] GC(130) User=0.17s Sys=0.00s Real=0.17s
[63.690s][info][gc,start       ] GC(131) Pause Young (Allocation Failure)
[63.834s][info][gc,heap        ] GC(131) DefNew: 298925K(314560K)->19965K(314560K) Eden: 279616K(279616K)->0K(279616K) From: 19309K(34944K)->19965K(34944K)
[63.834s][info][gc,heap        ] GC(131) Tenured: 315328K(699072K)->330889K(699072K)
[63.834s][info][gc,metaspace   ] GC(131) Metaspace: 66234K(67456K)->66234K(67456K) NonClass: 57818K(58368K)->57818K(58368K) Class: 8415K(9088K)->8415K(9088K)
[63.834s][info][gc             ] GC(131) Pause Young (Allocation Failure) 599M->342M(989M) 144.059ms
[63.834s][info][gc,cpu         ] GC(131) User=0.14s Sys=0.00s Real=0.14s
[64.063s][info][gc,start       ] GC(132) Pause Young (Allocation Failure)
[64.201s][info][gc,heap        ] GC(132) DefNew: 299581K(314560K)->15900K(314560K) Eden: 279616K(279616K)->0K(279616K) From: 19965K(34944K)->15900K(34944K)
[64.201s][info][gc,heap        ] GC(132) Tenured: 330889K(699072K)->347686K(699072K)
[64.201s][info][gc,metaspace   ] GC(132) Metaspace: 66234K(67456K)->66234K(67456K) NonClass: 57818K(58368K)->57818K(58368K) Class: 8415K(9088K)->8415K(9088K)
[64.201s][info][gc             ] GC(132) Pause Young (Allocation Failure) 615M->355M(989M) 137.684ms
[64.201s][info][gc,cpu         ] GC(132) User=0.16s Sys=0.00s Real=0.15s
[64.661s][info][gc,start       ] GC(133) Pause Young (Allocation Failure)
[64.767s][info][gc,heap        ] GC(133) DefNew: 295516K(314560K)->28156K(314560K) Eden: 279616K(279616K)->0K(279616K) From: 15900K(34944K)->28156K(34944K)
[64.767s][info][gc,heap        ] GC(133) Tenured: 347686K(699072K)->347686K(699072K)
[64.767s][info][gc,metaspace   ] GC(133) Metaspace: 66248K(67456K)->66248K(67456K) NonClass: 57832K(58368K)->57832K(58368K) Class: 8416K(9088K)->8416K(9088K)
[64.767s][info][gc             ] GC(133) Pause Young (Allocation Failure) 628M->367M(989M) 105.718ms
[64.767s][info][gc,cpu         ] GC(133) User=0.09s Sys=0.00s Real=0.09s
[65.650s][info][gc,start       ] GC(134) Pause Young (Allocation Failure)
[65.800s][info][gc,heap        ] GC(134) DefNew: 307772K(314560K)->31880K(314560K) Eden: 279616K(279616K)->0K(279616K) From: 28156K(34944K)->31880K(34944K)
[65.801s][info][gc,heap        ] GC(134) Tenured: 347686K(699072K)->361909K(699072K)
[65.801s][info][gc,metaspace   ] GC(134) Metaspace: 66272K(67456K)->66272K(67456K) NonClass: 57855K(58368K)->57855K(58368K) Class: 8417K(9088K)->8417K(9088K)
[65.801s][info][gc             ] GC(134) Pause Young (Allocation Failure) 640M->384M(989M) 150.944ms
[65.801s][info][gc,cpu         ] GC(134) User=0.16s Sys=0.00s Real=0.16s
[66.070s][info][gc,start       ] GC(135) Pause Young (Allocation Failure)
[66.305s][info][gc,heap        ] GC(135) DefNew: 311496K(314560K)->34943K(314560K) Eden: 279616K(279616K)->0K(279616K) From: 31880K(34944K)->34943K(34944K)
[66.305s][info][gc,heap        ] GC(135) Tenured: 361909K(699072K)->432418K(699072K)
[66.305s][info][gc,metaspace   ] GC(135) Metaspace: 66273K(67456K)->66273K(67456K) NonClass: 57856K(58368K)->57856K(58368K) Class: 8417K(9088K)->8417K(9088K)
[66.306s][info][gc             ] GC(135) Pause Young (Allocation Failure) 657M->456M(989M) 235.349ms
[66.306s][info][gc,cpu         ] GC(135) User=0.23s Sys=0.00s Real=0.23s
[66.422s][info][gc,start       ] GC(136) Pause Young (Allocation Failure)
[66.583s][info][gc,heap        ] GC(136) DefNew: 314559K(314560K)->34944K(314560K) Eden: 279616K(279616K)->0K(279616K) From: 34943K(34944K)->34944K(34944K)
[66.583s][info][gc,heap        ] GC(136) Tenured: 432418K(699072K)->480419K(699072K)
[66.583s][info][gc,metaspace   ] GC(136) Metaspace: 66273K(67456K)->66273K(67456K) NonClass: 57856K(58368K)->57856K(58368K) Class: 8417K(9088K)->8417K(9088K)
[66.583s][info][gc             ] GC(136) Pause Young (Allocation Failure) 729M->503M(989M) 161.132ms
[66.583s][info][gc,cpu         ] GC(136) User=0.16s Sys=0.00s Real=0.16s
[66.721s][info][gc,start       ] GC(137) Pause Young (Allocation Failure)
[66.927s][info][gc,heap        ] GC(137) DefNew: 314560K(314560K)->34221K(314560K) Eden: 279616K(279616K)->0K(279616K) From: 34944K(34944K)->34221K(34944K)
[66.927s][info][gc,heap        ] GC(137) Tenured: 480419K(699072K)->509039K(699072K)
[66.927s][info][gc,metaspace   ] GC(137) Metaspace: 66273K(67456K)->66273K(67456K) NonClass: 57856K(58368K)->57856K(58368K) Class: 8417K(9088K)->8417K(9088K)
[66.927s][info][gc             ] GC(137) Pause Young (Allocation Failure) 776M->530M(989M) 206.084ms
[66.927s][info][gc,cpu         ] GC(137) User=0.20s Sys=0.00s Real=0.20s
[67.086s][info][gc,start       ] GC(138) Pause Young (Allocation Failure)
[67.260s][info][gc,heap        ] GC(138) DefNew: 313837K(314560K)->34944K(314560K) Eden: 279616K(279616K)->0K(279616K) From: 34221K(34944K)->34944K(34944K)
[67.260s][info][gc,heap        ] GC(138) Tenured: 509039K(699072K)->533890K(699072K)
[67.260s][info][gc,metaspace   ] GC(138) Metaspace: 66273K(67456K)->66273K(67456K) NonClass: 57856K(58368K)->57856K(58368K) Class: 8417K(9088K)->8417K(9088K)
[67.260s][info][gc             ] GC(138) Pause Young (Allocation Failure) 803M->555M(989M) 174.196ms
[67.260s][info][gc,cpu         ] GC(138) User=0.19s Sys=0.00s Real=0.18s
[67.413s][info][gc,start       ] GC(139) Pause Young (Allocation Failure)
[67.581s][info][gc,heap        ] GC(139) DefNew: 314560K(314560K)->21200K(314560K) Eden: 279616K(279616K)->0K(279616K) From: 34944K(34944K)->21200K(34944K)
[67.581s][info][gc,heap        ] GC(139) Tenured: 533890K(699072K)->564380K(699072K)
[67.581s][info][gc,metaspace   ] GC(139) Metaspace: 66273K(67456K)->66273K(67456K) NonClass: 57856K(58368K)->57856K(58368K) Class: 8417K(9088K)->8417K(9088K)
[67.581s][info][gc             ] GC(139) Pause Young (Allocation Failure) 828M->571M(989M) 167.804ms
[67.581s][info][gc,cpu         ] GC(139) User=0.17s Sys=0.00s Real=0.17s
[67.782s][info][gc,start       ] GC(140) Pause Young (Allocation Failure)
[67.932s][info][gc,heap        ] GC(140) DefNew: 300816K(314560K)->18466K(314560K) Eden: 279616K(279616K)->0K(279616K) From: 21200K(34944K)->18466K(34944K)
[67.932s][info][gc,heap        ] GC(140) Tenured: 564380K(699072K)->581246K(699072K)
[67.932s][info][gc,metaspace   ] GC(140) Metaspace: 66273K(67456K)->66273K(67456K) NonClass: 57856K(58368K)->57856K(58368K) Class: 8417K(9088K)->8417K(9088K)
[67.932s][info][gc             ] GC(140) Pause Young (Allocation Failure) 844M->585M(989M) 149.717ms
[67.932s][info][gc,cpu         ] GC(140) User=0.14s Sys=0.00s Real=0.14s
[68.677s][info][gc,start       ] GC(141) Pause Young (Allocation Failure)
[68.850s][info][gc,heap        ] GC(141) DefNew: 298082K(314560K)->31505K(314560K) Eden: 279616K(279616K)->0K(279616K) From: 18466K(34944K)->31505K(34944K)
[68.850s][info][gc,heap        ] GC(141) Tenured: 581246K(699072K)->598426K(699072K)
[68.850s][info][gc,metaspace   ] GC(141) Metaspace: 66280K(67456K)->66280K(67456K) NonClass: 57863K(58368K)->57863K(58368K) Class: 8417K(9088K)->8417K(9088K)
[68.850s][info][gc             ] GC(141) Pause Young (Allocation Failure) 858M->615M(989M) 173.275ms
[68.850s][info][gc,cpu         ] GC(141) User=0.17s Sys=0.00s Real=0.17s
[69.160s][info][gc,start       ] GC(142) Pause Young (Allocation Failure)
[69.287s][info][gc,heap        ] GC(142) DefNew: 311121K(314560K)->29451K(314560K) Eden: 279616K(279616K)->0K(279616K) From: 31505K(34944K)->29451K(34944K)
[69.287s][info][gc,heap        ] GC(142) Tenured: 598426K(699072K)->604095K(699072K)
[69.287s][info][gc,metaspace   ] GC(142) Metaspace: 66324K(67584K)->66324K(67584K) NonClass: 57907K(58496K)->57907K(58496K) Class: 8417K(9088K)->8417K(9088K)
[69.287s][info][gc             ] GC(142) Pause Young (Allocation Failure) 888M->618M(989M) 126.405ms
[69.287s][info][gc,cpu         ] GC(142) User=0.13s Sys=0.00s Real=0.13s
[69.522s][info][gc,start       ] GC(143) Pause Young (Allocation Failure)
[69.628s][info][gc,heap        ] GC(143) DefNew: 309067K(314560K)->30090K(314560K) Eden: 279616K(279616K)->0K(279616K) From: 29451K(34944K)->30090K(34944K)
[69.628s][info][gc,heap        ] GC(143) Tenured: 604095K(699072K)->604142K(699072K)
[69.628s][info][gc,metaspace   ] GC(143) Metaspace: 66370K(67584K)->66370K(67584K) NonClass: 57952K(58496K)->57952K(58496K) Class: 8417K(9088K)->8417K(9088K)
[69.628s][info][gc             ] GC(143) Pause Young (Allocation Failure) 891M->619M(989M) 105.368ms
[69.628s][info][gc,cpu         ] GC(143) User=0.09s Sys=0.00s Real=0.10s
[70.059s][info][gc,start       ] GC(144) Pause Young (Allocation Failure)
[70.088s][info][gc,heap        ] GC(144) DefNew: 309706K(314560K)->8239K(314560K) Eden: 279616K(279616K)->0K(279616K) From: 30090K(34944K)->8239K(34944K)
[70.088s][info][gc,heap        ] GC(144) Tenured: 604142K(699072K)->604208K(699072K)
[70.088s][info][gc,metaspace   ] GC(144) Metaspace: 66390K(67584K)->66390K(67584K) NonClass: 57972K(58496K)->57972K(58496K) Class: 8417K(9088K)->8417K(9088K)
[70.088s][info][gc             ] GC(144) Pause Young (Allocation Failure) 892M->598M(989M) 28.863ms
[70.088s][info][gc,cpu         ] GC(144) User=0.03s Sys=0.00s Real=0.03s
[70.212s][info][gc,start       ] GC(145) Pause Young (Allocation Failure)
[70.346s][info][gc,heap        ] GC(145) DefNew: 287855K(314560K)->34943K(314560K) Eden: 279616K(279616K)->0K(279616K) From: 8239K(34944K)->34943K(34944K)
[70.346s][info][gc,heap        ] GC(145) Tenured: 604208K(699072K)->619218K(699072K)
[70.346s][info][gc,metaspace   ] GC(145) Metaspace: 66390K(67584K)->66390K(67584K) NonClass: 57972K(58496K)->57972K(58496K) Class: 8417K(9088K)->8417K(9088K)
[70.346s][info][gc             ] GC(145) Pause Young (Allocation Failure) 871M->638M(989M) 134.424ms
[70.346s][info][gc,cpu         ] GC(145) User=0.14s Sys=0.00s Real=0.14s
[70.719s][info][gc,start       ] GC(146) Pause Young (Allocation Failure)
[70.839s][info][gc,heap        ] GC(146) DefNew: 313858K(314560K)->33693K(314560K) Eden: 278914K(279616K)->0K(279616K) From: 34943K(34944K)->33693K(34944K)
[70.839s][info][gc,heap        ] GC(146) Tenured: 619218K(699072K)->635672K(699072K)
[70.839s][info][gc,metaspace   ] GC(146) Metaspace: 66393K(67584K)->66393K(67584K) NonClass: 57976K(58496K)->57976K(58496K) Class: 8417K(9088K)->8417K(9088K)
[70.839s][info][gc             ] GC(146) Pause Young (Allocation Failure) 911M->653M(989M) 119.639ms
[70.839s][info][gc,cpu         ] GC(146) User=0.13s Sys=0.00s Real=0.12s
[70.961s][info][gc,start       ] GC(147) Pause Young (Allocation Failure)
[71.031s][info][gc,heap        ] GC(147) DefNew: 313309K(314560K)->34943K(314560K) Eden: 279616K(279616K)->0K(279616K) From: 33693K(34944K)->34943K(34944K)
[71.031s][info][gc,heap        ] GC(147) Tenured: 635672K(699072K)->673326K(699072K)
[71.031s][info][gc,metaspace   ] GC(147) Metaspace: 66426K(67648K)->66426K(67648K) NonClass: 58008K(58560K)->58008K(58560K) Class: 8417K(9088K)->8417K(9088K)
[71.031s][info][gc             ] GC(147) Pause Young (Allocation Failure) 926M->691M(989M) 70.563ms
[71.032s][info][gc,cpu         ] GC(147) User=0.06s Sys=0.02s Real=0.08s
[71.191s][info][gc,start       ] GC(148) Pause Young (Allocation Failure)
[71.191s][info][gc             ] GC(148) Pause Young (Allocation Failure) 964M->964M(989M) 0.248ms
[71.191s][info][gc,cpu         ] GC(148) User=0.00s Sys=0.00s Real=0.00s
[71.191s][info][gc,start       ] GC(149) Pause Full (Allocation Failure)
[71.192s][info][gc,phases,start] GC(149) Phase 1: Mark live objects
[71.401s][info][gc,phases      ] GC(149) Phase 1: Mark live objects 209.635ms
[71.401s][info][gc,phases,start] GC(149) Phase 2: Compute new object addresses
[71.672s][info][gc,phases      ] GC(149) Phase 2: Compute new object addresses 270.539ms
[71.672s][info][gc,phases,start] GC(149) Phase 3: Adjust pointers
[71.806s][info][gc,phases      ] GC(149) Phase 3: Adjust pointers 134.596ms
[71.807s][info][gc,phases,start] GC(149) Phase 4: Move objects
[71.911s][info][gc,phases      ] GC(149) Phase 4: Move objects 104.564ms
[71.917s][info][gc,heap        ] GC(149) DefNew: 314559K(314560K)->0K(314560K) Eden: 279616K(279616K)->0K(279616K) From: 34943K(34944K)->0K(34944K)
[71.918s][info][gc,heap        ] GC(149) Tenured: 673326K(699072K)->210975K(699072K)
[71.918s][info][gc,metaspace   ] GC(149) Metaspace: 66430K(67648K)->66430K(67648K) NonClass: 58012K(58560K)->58012K(58560K) Class: 8417K(9088K)->8417K(9088K)
[71.918s][info][gc             ] GC(149) Pause Full (Allocation Failure) 964M->206M(989M) 726.121ms
[71.918s][info][gc,cpu         ] GC(149) User=0.72s Sys=0.00s Real=0.72s
[72.044s][info][gc,start       ] GC(150) Pause Young (Allocation Failure)
[72.049s][info][gc,heap        ] GC(150) DefNew: 279616K(314560K)->42K(314560K) Eden: 279616K(279616K)->0K(279616K) From: 0K(34944K)->42K(34944K)
[72.049s][info][gc,heap        ] GC(150) Tenured: 210975K(699072K)->210975K(699072K)
[72.049s][info][gc,metaspace   ] GC(150) Metaspace: 66436K(67648K)->66436K(67648K) NonClass: 58019K(58560K)->58019K(58560K) Class: 8417K(9088K)->8417K(9088K)
[72.049s][info][gc             ] GC(150) Pause Young (Allocation Failure) 479M->206M(989M) 4.970ms
[72.049s][info][gc,cpu         ] GC(150) User=0.00s Sys=0.00s Real=0.00s
[72.178s][info][gc,start       ] GC(151) Pause Full (System.gc())
[72.178s][info][gc,phases,start] GC(151) Phase 1: Mark live objects
[72.292s][info][gc,phases      ] GC(151) Phase 1: Mark live objects 114.072ms
[72.292s][info][gc,phases,start] GC(151) Phase 2: Compute new object addresses
[72.416s][info][gc,phases      ] GC(151) Phase 2: Compute new object addresses 123.593ms
[72.416s][info][gc,phases,start] GC(151) Phase 3: Adjust pointers
[72.493s][info][gc,phases      ] GC(151) Phase 3: Adjust pointers 76.716ms
[72.493s][info][gc,phases,start] GC(151) Phase 4: Move objects
[72.493s][info][gc,phases      ] GC(151) Phase 4: Move objects 0.021ms
[72.499s][info][gc,heap        ] GC(151) DefNew: 215795K(314560K)->0K(314560K) Eden: 215752K(279616K)->0K(279616K) From: 42K(34944K)->0K(34944K)
[72.499s][info][gc,heap        ] GC(151) Tenured: 210975K(699072K)->174877K(699072K)
[72.499s][info][gc,metaspace   ] GC(151) Metaspace: 66436K(67648K)->66436K(67648K) NonClass: 58019K(58560K)->58019K(58560K) Class: 8417K(9088K)->8417K(9088K)
[72.499s][info][gc             ] GC(151) Pause Full (System.gc()) 416M->170M(989M) 320.508ms
[72.499s][info][gc,cpu         ] GC(151) User=0.31s Sys=0.00s Real=0.31s
[72.665s][info][gc,start       ] GC(152) Pause Young (Allocation Failure)
[72.775s][info][gc,heap        ] GC(152) DefNew: 279616K(314560K)->34943K(314560K) Eden: 279616K(279616K)->0K(279616K) From: 0K(34944K)->34943K(34944K)
[72.775s][info][gc,heap        ] GC(152) Tenured: 174877K(699072K)->223237K(699072K)
[72.775s][info][gc,metaspace   ] GC(152) Metaspace: 66461K(67648K)->66461K(67648K) NonClass: 58044K(58560K)->58044K(58560K) Class: 8417K(9088K)->8417K(9088K)
[72.775s][info][gc             ] GC(152) Pause Young (Allocation Failure) 443M->252M(989M) 110.217ms
[72.776s][info][gc,cpu         ] GC(152) User=0.14s Sys=0.00s Real=0.11s
[72.928s][info][gc,start       ] GC(153) Pause Young (Allocation Failure)
[73.093s][info][gc,heap        ] GC(153) DefNew: 314559K(314560K)->32521K(314560K) Eden: 279616K(279616K)->0K(279616K) From: 34943K(34944K)->32521K(34944K)
[73.093s][info][gc,heap        ] GC(153) Tenured: 223237K(699072K)->258012K(699072K)
[73.093s][info][gc,metaspace   ] GC(153) Metaspace: 66468K(67648K)->66468K(67648K) NonClass: 58051K(58560K)->58051K(58560K) Class: 8417K(9088K)->8417K(9088K)
[73.093s][info][gc             ] GC(153) Pause Young (Allocation Failure) 525M->283M(989M) 165.323ms
[73.093s][info][gc,cpu         ] GC(153) User=0.19s Sys=0.00s Real=0.16s
[73.285s][info][gc,start       ] GC(154) Pause Young (Allocation Failure)
[73.439s][info][gc,heap        ] GC(154) DefNew: 312137K(314560K)->33187K(314560K) Eden: 279616K(279616K)->0K(279616K) From: 32521K(34944K)->33187K(34944K)
[73.440s][info][gc,heap        ] GC(154) Tenured: 258012K(699072K)->280974K(699072K)
[73.440s][info][gc,metaspace   ] GC(154) Metaspace: 66470K(67648K)->66470K(67648K) NonClass: 58053K(58560K)->58053K(58560K) Class: 8417K(9088K)->8417K(9088K)
[73.440s][info][gc             ] GC(154) Pause Young (Allocation Failure) 556M->306M(989M) 154.863ms
[73.440s][info][gc,cpu         ] GC(154) User=0.14s Sys=0.00s Real=0.14s
[73.619s][info][gc,start       ] GC(155) Pause Young (Allocation Failure)
[73.769s][info][gc,heap        ] GC(155) DefNew: 312803K(314560K)->19200K(314560K) Eden: 279616K(279616K)->0K(279616K) From: 33187K(34944K)->19200K(34944K)
[73.769s][info][gc,heap        ] GC(155) Tenured: 280974K(699072K)->309998K(699072K)
[73.769s][info][gc,metaspace   ] GC(155) Metaspace: 66470K(67648K)->66470K(67648K) NonClass: 58053K(58560K)->58053K(58560K) Class: 8417K(9088K)->8417K(9088K)
[73.769s][info][gc             ] GC(155) Pause Young (Allocation Failure) 579M->321M(989M) 150.303ms
[73.769s][info][gc,cpu         ] GC(155) User=0.14s Sys=0.00s Real=0.15s
[73.928s][info][gc,start       ] GC(156) Pause Young (Allocation Failure)
[74.071s][info][gc,heap        ] GC(156) DefNew: 298816K(314560K)->20531K(314560K) Eden: 279616K(279616K)->0K(279616K) From: 19200K(34944K)->20531K(34944K)
[74.071s][info][gc,heap        ] GC(156) Tenured: 309998K(699072K)->325568K(699072K)
[74.071s][info][gc,metaspace   ] GC(156) Metaspace: 66470K(67648K)->66470K(67648K) NonClass: 58053K(58560K)->58053K(58560K) Class: 8417K(9088K)->8417K(9088K)
[74.072s][info][gc             ] GC(156) Pause Young (Allocation Failure) 594M->337M(989M) 143.395ms
[74.072s][info][gc,cpu         ] GC(156) User=0.14s Sys=0.00s Real=0.14s
[74.331s][info][gc,start       ] GC(157) Pause Young (Allocation Failure)
[74.472s][info][gc,heap        ] GC(157) DefNew: 300147K(314560K)->20820K(314560K) Eden: 279616K(279616K)->0K(279616K) From: 20531K(34944K)->20820K(34944K)
[74.472s][info][gc,heap        ] GC(157) Tenured: 325568K(699072K)->340612K(699072K)
[74.472s][info][gc,metaspace   ] GC(157) Metaspace: 66470K(67648K)->66470K(67648K) NonClass: 58053K(58560K)->58053K(58560K) Class: 8417K(9088K)->8417K(9088K)
[74.472s][info][gc             ] GC(157) Pause Young (Allocation Failure) 611M->352M(989M) 141.163ms
[74.472s][info][gc,cpu         ] GC(157) User=0.14s Sys=0.00s Real=0.14s
[74.903s][info][gc,start       ] GC(158) Pause Young (Allocation Failure)
[75.007s][info][gc,heap        ] GC(158) DefNew: 300436K(314560K)->10427K(314560K) Eden: 279616K(279616K)->0K(279616K) From: 20820K(34944K)->10427K(34944K)
[75.007s][info][gc,heap        ] GC(158) Tenured: 340612K(699072K)->357387K(699072K)
[75.007s][info][gc,metaspace   ] GC(158) Metaspace: 66470K(67648K)->66470K(67648K) NonClass: 58053K(58560K)->58053K(58560K) Class: 8417K(9088K)->8417K(9088K)
[75.007s][info][gc             ] GC(158) Pause Young (Allocation Failure) 626M->359M(989M) 104.611ms
[75.007s][info][gc,cpu         ] GC(158) User=0.11s Sys=0.00s Real=0.10s
[75.876s][info][gc,start       ] GC(159) Pause Young (Allocation Failure)
[75.982s][info][gc,heap        ] GC(159) DefNew: 290043K(314560K)->28536K(314560K) Eden: 279616K(279616K)->0K(279616K) From: 10427K(34944K)->28536K(34944K)
[75.982s][info][gc,heap        ] GC(159) Tenured: 357387K(699072K)->357387K(699072K)
[75.982s][info][gc,metaspace   ] GC(159) Metaspace: 66484K(67648K)->66484K(67648K) NonClass: 58066K(58560K)->58066K(58560K) Class: 8418K(9088K)->8418K(9088K)
[75.982s][info][gc             ] GC(159) Pause Young (Allocation Failure) 632M->376M(989M) 106.115ms
[75.982s][info][gc,cpu         ] GC(159) User=0.09s Sys=0.00s Real=0.09s
[76.229s][info][gc,start       ] GC(160) Pause Young (Allocation Failure)
[76.467s][info][gc,heap        ] GC(160) DefNew: 308152K(314560K)->34944K(314560K) Eden: 279616K(279616K)->0K(279616K) From: 28536K(34944K)->34944K(34944K)
[76.467s][info][gc,heap        ] GC(160) Tenured: 357387K(699072K)->427661K(699072K)
[76.467s][info][gc,metaspace   ] GC(160) Metaspace: 66485K(67648K)->66485K(67648K) NonClass: 58067K(58560K)->58067K(58560K) Class: 8418K(9088K)->8418K(9088K)
[76.467s][info][gc             ] GC(160) Pause Young (Allocation Failure) 649M->451M(989M) 237.948ms
[76.467s][info][gc,cpu         ] GC(160) User=0.23s Sys=0.00s Real=0.24s
[76.585s][info][gc,start       ] GC(161) Pause Young (Allocation Failure)
[76.749s][info][gc,heap        ] GC(161) DefNew: 314560K(314560K)->34944K(314560K) Eden: 279616K(279616K)->0K(279616K) From: 34944K(34944K)->34944K(34944K)
[76.749s][info][gc,heap        ] GC(161) Tenured: 427661K(699072K)->472447K(699072K)
[76.749s][info][gc,metaspace   ] GC(161) Metaspace: 66485K(67648K)->66485K(67648K) NonClass: 58067K(58560K)->58067K(58560K) Class: 8418K(9088K)->8418K(9088K)
[76.749s][info][gc             ] GC(161) Pause Young (Allocation Failure) 724M->495M(989M) 163.525ms
[76.749s][info][gc,cpu         ] GC(161) User=0.16s Sys=0.00s Real=0.16s
[76.904s][info][gc,start       ] GC(162) Pause Young (Allocation Failure)
[77.099s][info][gc,heap        ] GC(162) DefNew: 314560K(314560K)->34440K(314560K) Eden: 279616K(279616K)->0K(279616K) From: 34944K(34944K)->34440K(34944K)
[77.099s][info][gc,heap        ] GC(162) Tenured: 472447K(699072K)->500541K(699072K)
[77.099s][info][gc,metaspace   ] GC(162) Metaspace: 66485K(67648K)->66485K(67648K) NonClass: 58067K(58560K)->58067K(58560K) Class: 8418K(9088K)->8418K(9088K)
[77.099s][info][gc             ] GC(162) Pause Young (Allocation Failure) 768M->522M(989M) 195.118ms
[77.099s][info][gc,cpu         ] GC(162) User=0.20s Sys=0.00s Real=0.20s
[77.261s][info][gc,start       ] GC(163) Pause Young (Allocation Failure)
[77.431s][info][gc,heap        ] GC(163) DefNew: 314056K(314560K)->34943K(314560K) Eden: 279616K(279616K)->0K(279616K) From: 34440K(34944K)->34943K(34944K)
[77.431s][info][gc,heap        ] GC(163) Tenured: 500541K(699072K)->525726K(699072K)
[77.431s][info][gc,metaspace   ] GC(163) Metaspace: 66485K(67648K)->66485K(67648K) NonClass: 58067K(58560K)->58067K(58560K) Class: 8418K(9088K)->8418K(9088K)
[77.431s][info][gc             ] GC(163) Pause Young (Allocation Failure) 795M->547M(989M) 170.422ms
[77.431s][info][gc,cpu         ] GC(163) User=0.19s Sys=0.00s Real=0.18s
[77.592s][info][gc,start       ] GC(164) Pause Young (Allocation Failure)
[77.760s][info][gc,heap        ] GC(164) DefNew: 314559K(314560K)->21203K(314560K) Eden: 279616K(279616K)->0K(279616K) From: 34943K(34944K)->21203K(34944K)
[77.760s][info][gc,heap        ] GC(164) Tenured: 525726K(699072K)->556179K(699072K)
[77.760s][info][gc,metaspace   ] GC(164) Metaspace: 66485K(67648K)->66485K(67648K) NonClass: 58067K(58560K)->58067K(58560K) Class: 8418K(9088K)->8418K(9088K)
[77.760s][info][gc             ] GC(164) Pause Young (Allocation Failure) 820M->563M(989M) 168.243ms
[77.760s][info][gc,cpu         ] GC(164) User=0.17s Sys=0.00s Real=0.17s
[77.950s][info][gc,start       ] GC(165) Pause Young (Allocation Failure)
[78.103s][info][gc,heap        ] GC(165) DefNew: 300819K(314560K)->18407K(314560K) Eden: 279616K(279616K)->0K(279616K) From: 21203K(34944K)->18407K(34944K)
[78.104s][info][gc,heap        ] GC(165) Tenured: 556179K(699072K)->573084K(699072K)
[78.104s][info][gc,metaspace   ] GC(165) Metaspace: 66485K(67648K)->66485K(67648K) NonClass: 58067K(58560K)->58067K(58560K) Class: 8418K(9088K)->8418K(9088K)
[78.104s][info][gc             ] GC(165) Pause Young (Allocation Failure) 836M->577M(989M) 154.021ms
[78.104s][info][gc,cpu         ] GC(165) User=0.14s Sys=0.00s Real=0.14s
[78.835s][info][gc,start       ] GC(166) Pause Young (Allocation Failure)
[79.015s][info][gc,heap        ] GC(166) DefNew: 298023K(314560K)->31699K(314560K) Eden: 279616K(279616K)->0K(279616K) From: 18407K(34944K)->31699K(34944K)
[79.015s][info][gc,heap        ] GC(166) Tenured: 573084K(699072K)->590189K(699072K)
[79.015s][info][gc,metaspace   ] GC(166) Metaspace: 66543K(67712K)->66543K(67712K) NonClass: 58114K(58624K)->58114K(58624K) Class: 8428K(9088K)->8428K(9088K)
[79.015s][info][gc             ] GC(166) Pause Young (Allocation Failure) 850M->607M(989M) 180.479ms
[79.015s][info][gc,cpu         ] GC(166) User=0.19s Sys=0.00s Real=0.19s
[79.322s][info][gc,start       ] GC(167) Pause Young (Allocation Failure)
[79.458s][info][gc,heap        ] GC(167) DefNew: 311315K(314560K)->29588K(314560K) Eden: 279616K(279616K)->0K(279616K) From: 31699K(34944K)->29588K(34944K)
[79.458s][info][gc,heap        ] GC(167) Tenured: 590189K(699072K)->595702K(699072K)
[79.458s][info][gc,metaspace   ] GC(167) Metaspace: 66552K(67712K)->66552K(67712K) NonClass: 58123K(58624K)->58123K(58624K) Class: 8428K(9088K)->8428K(9088K)
[79.458s][info][gc             ] GC(167) Pause Young (Allocation Failure) 880M->610M(989M) 136.264ms
[79.458s][info][gc,cpu         ] GC(167) User=0.14s Sys=0.00s Real=0.14s
[79.683s][info][gc,start       ] GC(168) Pause Young (Allocation Failure)
[79.788s][info][gc,heap        ] GC(168) DefNew: 309204K(314560K)->30172K(314560K) Eden: 279616K(279616K)->0K(279616K) From: 29588K(34944K)->30172K(34944K)
[79.788s][info][gc,heap        ] GC(168) Tenured: 595702K(699072K)->595746K(699072K)
[79.788s][info][gc,metaspace   ] GC(168) Metaspace: 66636K(67776K)->66636K(67776K) NonClass: 58207K(58688K)->58207K(58688K) Class: 8428K(9088K)->8428K(9088K)
[79.788s][info][gc             ] GC(168) Pause Young (Allocation Failure) 883M->611M(989M) 104.702ms
[79.788s][info][gc,cpu         ] GC(168) User=0.11s Sys=0.00s Real=0.11s
[80.160s][info][gc,start       ] GC(169) Pause Young (Allocation Failure)
[80.190s][info][gc,heap        ] GC(169) DefNew: 309788K(314560K)->8424K(314560K) Eden: 279616K(279616K)->0K(279616K) From: 30172K(34944K)->8424K(34944K)
[80.190s][info][gc,heap        ] GC(169) Tenured: 595746K(699072K)->595811K(699072K)
[80.190s][info][gc,metaspace   ] GC(169) Metaspace: 66652K(67840K)->66652K(67840K) NonClass: 58222K(58752K)->58222K(58752K) Class: 8429K(9088K)->8429K(9088K)
[80.190s][info][gc             ] GC(169) Pause Young (Allocation Failure) 884M->590M(989M) 30.089ms
[80.190s][info][gc,cpu         ] GC(169) User=0.03s Sys=0.00s Real=0.03s
[80.319s][info][gc,start       ] GC(170) Pause Young (Allocation Failure)
[80.438s][info][gc,heap        ] GC(170) DefNew: 288040K(314560K)->34944K(314560K) Eden: 279616K(279616K)->0K(279616K) From: 8424K(34944K)->34944K(34944K)
[80.438s][info][gc,heap        ] GC(170) Tenured: 595811K(699072K)->610804K(699072K)
[80.438s][info][gc,metaspace   ] GC(170) Metaspace: 66652K(67840K)->66652K(67840K) NonClass: 58222K(58752K)->58222K(58752K) Class: 8429K(9088K)->8429K(9088K)
[80.438s][info][gc             ] GC(170) Pause Young (Allocation Failure) 863M->630M(989M) 119.278ms
[80.438s][info][gc,cpu         ] GC(170) User=0.13s Sys=0.00s Real=0.12s
[80.808s][info][gc,start       ] GC(171) Pause Young (Allocation Failure)
[80.928s][info][gc,heap        ] GC(171) DefNew: 313886K(314560K)->34944K(314560K) Eden: 278942K(279616K)->0K(279616K) From: 34944K(34944K)->34944K(34944K)
[80.928s][info][gc,heap        ] GC(171) Tenured: 610804K(699072K)->627862K(699072K)
[80.928s][info][gc,metaspace   ] GC(171) Metaspace: 66652K(67840K)->66652K(67840K) NonClass: 58223K(58752K)->58223K(58752K) Class: 8429K(9088K)->8429K(9088K)
[80.928s][info][gc             ] GC(171) Pause Young (Allocation Failure) 903M->647M(989M) 120.175ms
[80.928s][info][gc,cpu         ] GC(171) User=0.14s Sys=0.00s Real=0.13s
[81.053s][info][gc,start       ] GC(172) Pause Young (Allocation Failure)
[81.123s][info][gc,heap        ] GC(172) DefNew: 313367K(314560K)->31756K(314560K) Eden: 278423K(279616K)->0K(279616K) From: 34944K(34944K)->31756K(34944K)
[81.123s][info][gc,heap        ] GC(172) Tenured: 627862K(699072K)->653544K(699072K)
[81.123s][info][gc,metaspace   ] GC(172) Metaspace: 66676K(67840K)->66676K(67840K) NonClass: 58247K(58752K)->58247K(58752K) Class: 8429K(9088K)->8429K(9088K)
[81.123s][info][gc             ] GC(172) Pause Young (Allocation Failure) 919M->669M(989M) 70.128ms
[81.123s][info][gc,cpu         ] GC(172) User=0.08s Sys=0.00s Real=0.08s
[81.304s][info][gc,start       ] GC(173) Pause Young (Allocation Failure)
[81.304s][info][gc             ] GC(173) Pause Young (Allocation Failure) 942M->942M(989M) 0.208ms
[81.304s][info][gc,cpu         ] GC(173) User=0.00s Sys=0.00s Real=0.00s
[81.304s][info][gc,start       ] GC(174) Pause Full (Allocation Failure)
[81.304s][info][gc,phases,start] GC(174) Phase 1: Mark live objects
[81.483s][info][gc,phases      ] GC(174) Phase 1: Mark live objects 178.859ms
[81.483s][info][gc,phases,start] GC(174) Phase 2: Compute new object addresses
[81.751s][info][gc,phases      ] GC(174) Phase 2: Compute new object addresses 267.278ms
[81.751s][info][gc,phases,start] GC(174) Phase 3: Adjust pointers
[81.890s][info][gc,phases      ] GC(174) Phase 3: Adjust pointers 139.103ms
[81.890s][info][gc,phases,start] GC(174) Phase 4: Move objects
[81.926s][info][gc,phases      ] GC(174) Phase 4: Move objects 36.447ms
[81.933s][info][gc,heap        ] GC(174) DefNew: 311372K(314560K)->0K(314560K) Eden: 279616K(279616K)->0K(279616K) From: 31756K(34944K)->0K(34944K)
[81.933s][info][gc,heap        ] GC(174) Tenured: 653544K(699072K)->238274K(699072K)
[81.933s][info][gc,metaspace   ] GC(174) Metaspace: 66679K(67840K)->66679K(67840K) NonClass: 58249K(58752K)->58249K(58752K) Class: 8429K(9088K)->8429K(9088K)
[81.933s][info][gc             ] GC(174) Pause Full (Allocation Failure) 942M->232M(989M) 628.386ms
[81.933s][info][gc,cpu         ] GC(174) User=0.64s Sys=0.00s Real=0.64s
[82.058s][info][gc,start       ] GC(175) Pause Young (Allocation Failure)
[82.063s][info][gc,heap        ] GC(175) DefNew: 279616K(314560K)->39K(314560K) Eden: 279616K(279616K)->0K(279616K) From: 0K(34944K)->39K(34944K)
[82.063s][info][gc,heap        ] GC(175) Tenured: 238274K(699072K)->238274K(699072K)
[82.063s][info][gc,metaspace   ] GC(175) Metaspace: 66682K(67840K)->66682K(67840K) NonClass: 58253K(58752K)->58253K(58752K) Class: 8429K(9088K)->8429K(9088K)
[82.063s][info][gc             ] GC(175) Pause Young (Allocation Failure) 505M->232M(989M) 5.011ms
[82.063s][info][gc,cpu         ] GC(175) User=0.00s Sys=0.00s Real=0.00s
[82.186s][info][gc,start       ] GC(176) Pause Full (System.gc())
[82.186s][info][gc,phases,start] GC(176) Phase 1: Mark live objects
[82.318s][info][gc,phases      ] GC(176) Phase 1: Mark live objects 131.787ms
[82.318s][info][gc,phases,start] GC(176) Phase 2: Compute new object addresses
[82.437s][info][gc,phases      ] GC(176) Phase 2: Compute new object addresses 119.372ms
[82.437s][info][gc,phases,start] GC(176) Phase 3: Adjust pointers
[82.515s][info][gc,phases      ] GC(176) Phase 3: Adjust pointers 77.277ms
[82.515s][info][gc,phases,start] GC(176) Phase 4: Move objects
[82.515s][info][gc,phases      ] GC(176) Phase 4: Move objects 0.023ms
[82.520s][info][gc,heap        ] GC(176) DefNew: 201188K(314560K)->0K(314560K) Eden: 201149K(279616K)->0K(279616K) From: 39K(34944K)->0K(34944K)
[82.521s][info][gc,heap        ] GC(176) Tenured: 238274K(699072K)->175207K(699072K)
[82.521s][info][gc,metaspace   ] GC(176) Metaspace: 66682K(67840K)->66682K(67840K) NonClass: 58253K(58752K)->58253K(58752K) Class: 8429K(9088K)->8429K(9088K)
[82.521s][info][gc             ] GC(176) Pause Full (System.gc()) 429M->171M(989M) 334.595ms
[82.521s][info][gc,cpu         ] GC(176) User=0.34s Sys=0.02s Real=0.34s
[82.684s][info][gc,start       ] GC(177) Pause Young (Allocation Failure)
[82.795s][info][gc,heap        ] GC(177) DefNew: 279616K(314560K)->34944K(314560K) Eden: 279616K(279616K)->0K(279616K) From: 0K(34944K)->34944K(34944K)
[82.795s][info][gc,heap        ] GC(177) Tenured: 175207K(699072K)->222188K(699072K)
[82.795s][info][gc,metaspace   ] GC(177) Metaspace: 66695K(67840K)->66695K(67840K) NonClass: 58265K(58752K)->58265K(58752K) Class: 8429K(9088K)->8429K(9088K)
[82.795s][info][gc             ] GC(177) Pause Young (Allocation Failure) 444M->251M(989M) 111.281ms
[82.795s][info][gc,cpu         ] GC(177) User=0.11s Sys=0.00s Real=0.11s
[82.942s][info][gc,start       ] GC(178) Pause Young (Allocation Failure)
[83.104s][info][gc,heap        ] GC(178) DefNew: 314560K(314560K)->34307K(314560K) Eden: 279616K(279616K)->0K(279616K) From: 34944K(34944K)->34307K(34944K)
[83.104s][info][gc,heap        ] GC(178) Tenured: 222188K(699072K)->256730K(699072K)
[83.104s][info][gc,metaspace   ] GC(178) Metaspace: 66696K(67840K)->66696K(67840K) NonClass: 58266K(58752K)->58266K(58752K) Class: 8429K(9088K)->8429K(9088K)
[83.104s][info][gc             ] GC(178) Pause Young (Allocation Failure) 524M->284M(989M) 161.772ms
[83.104s][info][gc,cpu         ] GC(178) User=0.17s Sys=0.00s Real=0.17s
[83.288s][info][gc,start       ] GC(179) Pause Young (Allocation Failure)
[83.449s][info][gc,heap        ] GC(179) DefNew: 313923K(314560K)->33104K(314560K) Eden: 279616K(279616K)->0K(279616K) From: 34307K(34944K)->33104K(34944K)
[83.449s][info][gc,heap        ] GC(179) Tenured: 256730K(699072K)->281490K(699072K)
[83.449s][info][gc,metaspace   ] GC(179) Metaspace: 66696K(67840K)->66696K(67840K) NonClass: 58266K(58752K)->58266K(58752K) Class: 8429K(9088K)->8429K(9088K)
[83.449s][info][gc             ] GC(179) Pause Young (Allocation Failure) 557M->307M(989M) 161.516ms
[83.449s][info][gc,cpu         ] GC(179) User=0.16s Sys=0.00s Real=0.16s
[83.625s][info][gc,start       ] GC(180) Pause Young (Allocation Failure)
[83.783s][info][gc,heap        ] GC(180) DefNew: 312720K(314560K)->19282K(314560K) Eden: 279616K(279616K)->0K(279616K) From: 33104K(34944K)->19282K(34944K)
[83.783s][info][gc,heap        ] GC(180) Tenured: 281490K(699072K)->310416K(699072K)
[83.783s][info][gc,metaspace   ] GC(180) Metaspace: 66697K(67840K)->66697K(67840K) NonClass: 58267K(58752K)->58267K(58752K) Class: 8429K(9088K)->8429K(9088K)
[83.783s][info][gc             ] GC(180) Pause Young (Allocation Failure) 580M->321M(989M) 157.995ms
[83.783s][info][gc,cpu         ] GC(180) User=0.16s Sys=0.00s Real=0.16s
[83.959s][info][gc,start       ] GC(181) Pause Young (Allocation Failure)
[84.117s][info][gc,heap        ] GC(181) DefNew: 298898K(314560K)->20232K(314560K) Eden: 279616K(279616K)->0K(279616K) From: 19282K(34944K)->20232K(34944K)
[84.117s][info][gc,heap        ] GC(181) Tenured: 310416K(699072K)->325915K(699072K)
[84.117s][info][gc,metaspace   ] GC(181) Metaspace: 66697K(67840K)->66697K(67840K) NonClass: 58268K(58752K)->58268K(58752K) Class: 8429K(9088K)->8429K(9088K)
[84.117s][info][gc             ] GC(181) Pause Young (Allocation Failure) 595M->338M(989M) 158.193ms
[84.117s][info][gc,cpu         ] GC(181) User=0.16s Sys=0.00s Real=0.16s
[84.385s][info][gc,start       ] GC(182) Pause Young (Allocation Failure)
[84.527s][info][gc,heap        ] GC(182) DefNew: 299848K(314560K)->20677K(314560K) Eden: 279616K(279616K)->0K(279616K) From: 20232K(34944K)->20677K(34944K)
[84.527s][info][gc,heap        ] GC(182) Tenured: 325915K(699072K)->340848K(699072K)
[84.527s][info][gc,metaspace   ] GC(182) Metaspace: 66697K(67840K)->66697K(67840K) NonClass: 58268K(58752K)->58268K(58752K) Class: 8429K(9088K)->8429K(9088K)
[84.528s][info][gc             ] GC(182) Pause Young (Allocation Failure) 611M->353M(989M) 142.191ms
[84.528s][info][gc,cpu         ] GC(182) User=0.14s Sys=0.00s Real=0.14s
[84.971s][info][gc,start       ] GC(183) Pause Young (Allocation Failure)
[85.077s][info][gc,heap        ] GC(183) DefNew: 300293K(314560K)->10174K(314560K) Eden: 279616K(279616K)->0K(279616K) From: 20677K(34944K)->10174K(34944K)
[85.077s][info][gc,heap        ] GC(183) Tenured: 340848K(699072K)->357553K(699072K)
[85.077s][info][gc,metaspace   ] GC(183) Metaspace: 66697K(67840K)->66697K(67840K) NonClass: 58268K(58752K)->58268K(58752K) Class: 8429K(9088K)->8429K(9088K)
[85.077s][info][gc             ] GC(183) Pause Young (Allocation Failure) 626M->359M(989M) 106.226ms
[85.077s][info][gc,cpu         ] GC(183) User=0.11s Sys=0.00s Real=0.11s
[85.973s][info][gc,start       ] GC(184) Pause Young (Allocation Failure)
[86.078s][info][gc,heap        ] GC(184) DefNew: 289790K(314560K)->28259K(314560K) Eden: 279616K(279616K)->0K(279616K) From: 10174K(34944K)->28259K(34944K)
[86.078s][info][gc,heap        ] GC(184) Tenured: 357553K(699072K)->357553K(699072K)
[86.078s][info][gc,metaspace   ] GC(184) Metaspace: 66714K(67840K)->66714K(67840K) NonClass: 58283K(58752K)->58283K(58752K) Class: 8430K(9088K)->8430K(9088K)
[86.078s][info][gc             ] GC(184) Pause Young (Allocation Failure) 632M->376M(989M) 104.763ms
[86.078s][info][gc,cpu         ] GC(184) User=0.11s Sys=0.00s Real=0.11s
[86.322s][info][gc,start       ] GC(185) Pause Young (Allocation Failure)
[86.556s][info][gc,heap        ] GC(185) DefNew: 307875K(314560K)->34944K(314560K) Eden: 279616K(279616K)->0K(279616K) From: 28259K(34944K)->34944K(34944K)
[86.556s][info][gc,heap        ] GC(185) Tenured: 357553K(699072K)->426251K(699072K)
[86.556s][info][gc,metaspace   ] GC(185) Metaspace: 66720K(67904K)->66720K(67904K) NonClass: 58290K(58816K)->58290K(58816K) Class: 8430K(9088K)->8430K(9088K)
[86.556s][info][gc             ] GC(185) Pause Young (Allocation Failure) 649M->450M(989M) 234.296ms
[86.556s][info][gc,cpu         ] GC(185) User=0.23s Sys=0.00s Real=0.23s
[86.673s][info][gc,start       ] GC(186) Pause Young (Allocation Failure)
[86.863s][info][gc,heap        ] GC(186) DefNew: 314560K(314560K)->34943K(314560K) Eden: 279616K(279616K)->0K(279616K) From: 34944K(34944K)->34943K(34944K)
[86.863s][info][gc,heap        ] GC(186) Tenured: 426251K(699072K)->472627K(699072K)
[86.863s][info][gc,metaspace   ] GC(186) Metaspace: 66720K(67904K)->66720K(67904K) NonClass: 58290K(58816K)->58290K(58816K) Class: 8430K(9088K)->8430K(9088K)
[86.863s][info][gc             ] GC(186) Pause Young (Allocation Failure) 723M->495M(989M) 190.654ms
[86.863s][info][gc,cpu         ] GC(186) User=0.19s Sys=0.00s Real=0.19s
[87.005s][info][gc,start       ] GC(187) Pause Young (Allocation Failure)
[87.201s][info][gc,heap        ] GC(187) DefNew: 314559K(314560K)->34533K(314560K) Eden: 279616K(279616K)->0K(279616K) From: 34943K(34944K)->34533K(34944K)
[87.201s][info][gc,heap        ] GC(187) Tenured: 472627K(699072K)->500687K(699072K)
[87.201s][info][gc,metaspace   ] GC(187) Metaspace: 66720K(67904K)->66720K(67904K) NonClass: 58290K(58816K)->58290K(58816K) Class: 8430K(9088K)->8430K(9088K)
[87.201s][info][gc             ] GC(187) Pause Young (Allocation Failure) 768M->522M(989M) 195.623ms
[87.201s][info][gc,cpu         ] GC(187) User=0.20s Sys=0.00s Real=0.20s
[87.364s][info][gc,start       ] GC(188) Pause Young (Allocation Failure)
[87.545s][info][gc,heap        ] GC(188) DefNew: 314149K(314560K)->34943K(314560K) Eden: 279616K(279616K)->0K(279616K) From: 34533K(34944K)->34943K(34944K)
[87.545s][info][gc,heap        ] GC(188) Tenured: 500687K(699072K)->525791K(699072K)
[87.545s][info][gc,metaspace   ] GC(188) Metaspace: 66720K(67904K)->66720K(67904K) NonClass: 58290K(58816K)->58290K(58816K) Class: 8430K(9088K)->8430K(9088K)
[87.545s][info][gc             ] GC(188) Pause Young (Allocation Failure) 795M->547M(989M) 181.281ms
[87.545s][info][gc,cpu         ] GC(188) User=0.19s Sys=0.00s Real=0.19s
[87.708s][info][gc,start       ] GC(189) Pause Young (Allocation Failure)
[87.875s][info][gc,heap        ] GC(189) DefNew: 314559K(314560K)->21185K(314560K) Eden: 279616K(279616K)->0K(279616K) From: 34943K(34944K)->21185K(34944K)
[87.875s][info][gc,heap        ] GC(189) Tenured: 525791K(699072K)->556281K(699072K)
[87.875s][info][gc,metaspace   ] GC(189) Metaspace: 66720K(67904K)->66720K(67904K) NonClass: 58290K(58816K)->58290K(58816K) Class: 8430K(9088K)->8430K(9088K)
[87.875s][info][gc             ] GC(189) Pause Young (Allocation Failure) 820M->563M(989M) 167.391ms
[87.875s][info][gc,cpu         ] GC(189) User=0.17s Sys=0.00s Real=0.17s
[88.079s][info][gc,start       ] GC(190) Pause Young (Allocation Failure)
[88.237s][info][gc,heap        ] GC(190) DefNew: 300801K(314560K)->18906K(314560K) Eden: 279616K(279616K)->0K(279616K) From: 21185K(34944K)->18906K(34944K)
[88.237s][info][gc,heap        ] GC(190) Tenured: 556281K(699072K)->573077K(699072K)
[88.237s][info][gc,metaspace   ] GC(190) Metaspace: 66720K(67904K)->66720K(67904K) NonClass: 58290K(58816K)->58290K(58816K) Class: 8430K(9088K)->8430K(9088K)
[88.237s][info][gc             ] GC(190) Pause Young (Allocation Failure) 836M->578M(989M) 157.966ms
[88.237s][info][gc,cpu         ] GC(190) User=0.16s Sys=0.00s Real=0.16s
[88.976s][info][gc,start       ] GC(191) Pause Young (Allocation Failure)
[89.145s][info][gc,heap        ] GC(191) DefNew: 298522K(314560K)->30640K(314560K) Eden: 279616K(279616K)->0K(279616K) From: 18906K(34944K)->30640K(34944K)
[89.145s][info][gc,heap        ] GC(191) Tenured: 573077K(699072K)->590444K(699072K)
[89.146s][info][gc,metaspace   ] GC(191) Metaspace: 66738K(67904K)->66738K(67904K) NonClass: 58307K(58816K)->58307K(58816K) Class: 8430K(9088K)->8430K(9088K)
[89.146s][info][gc             ] GC(191) Pause Young (Allocation Failure) 851M->606M(989M) 169.521ms
[89.146s][info][gc,cpu         ] GC(191) User=0.17s Sys=0.00s Real=0.17s
[89.417s][info][gc,start       ] GC(192) Pause Young (Allocation Failure)
[89.552s][info][gc,heap        ] GC(192) DefNew: 310256K(314560K)->29797K(314560K) Eden: 279616K(279616K)->0K(279616K) From: 30640K(34944K)->29797K(34944K)
[89.615s][info][gc,heap        ] GC(192) Tenured: 590444K(699072K)->595660K(699072K)
[89.615s][info][gc,metaspace   ] GC(192) Metaspace: 66765K(67968K)->66765K(67968K) NonClass: 58334K(58880K)->58334K(58880K) Class: 8431K(9088K)->8431K(9088K)
[89.615s][info][gc             ] GC(192) Pause Young (Allocation Failure) 879M->610M(989M) 197.918ms
[89.615s][info][gc,cpu         ] GC(192) User=0.14s Sys=0.00s Real=0.20s
[89.851s][info][gc,start       ] GC(193) Pause Young (Allocation Failure)
[89.959s][info][gc,heap        ] GC(193) DefNew: 309413K(314560K)->30549K(314560K) Eden: 279616K(279616K)->0K(279616K) From: 29797K(34944K)->30549K(34944K)
[89.959s][info][gc,heap        ] GC(193) Tenured: 595660K(699072K)->595703K(699072K)
[89.959s][info][gc,metaspace   ] GC(193) Metaspace: 66774K(67968K)->66774K(67968K) NonClass: 58342K(58880K)->58342K(58880K) Class: 8431K(9088K)->8431K(9088K)
[89.960s][info][gc             ] GC(193) Pause Young (Allocation Failure) 883M->611M(989M) 108.372ms
[89.960s][info][gc,cpu         ] GC(193) User=0.11s Sys=0.00s Real=0.11s
[90.330s][info][gc,start       ] GC(194) Pause Young (Allocation Failure)
[90.361s][info][gc,heap        ] GC(194) DefNew: 310165K(314560K)->8887K(314560K) Eden: 279616K(279616K)->0K(279616K) From: 30549K(34944K)->8887K(34944K)
[90.361s][info][gc,heap        ] GC(194) Tenured: 595703K(699072K)->595772K(699072K)
[90.361s][info][gc,metaspace   ] GC(194) Metaspace: 66833K(68032K)->66833K(68032K) NonClass: 58401K(58944K)->58401K(58944K) Class: 8431K(9088K)->8431K(9088K)
[90.361s][info][gc             ] GC(194) Pause Young (Allocation Failure) 884M->590M(989M) 31.383ms
[90.361s][info][gc,cpu         ] GC(194) User=0.03s Sys=0.00s Real=0.03s
[90.488s][info][gc,start       ] GC(195) Pause Young (Allocation Failure)
[90.608s][info][gc,heap        ] GC(195) DefNew: 288503K(314560K)->34944K(314560K) Eden: 279616K(279616K)->0K(279616K) From: 8887K(34944K)->34944K(34944K)
[90.608s][info][gc,heap        ] GC(195) Tenured: 595772K(699072K)->611197K(699072K)
[90.608s][info][gc,metaspace   ] GC(195) Metaspace: 66833K(68032K)->66833K(68032K) NonClass: 58401K(58944K)->58401K(58944K) Class: 8431K(9088K)->8431K(9088K)
[90.608s][info][gc             ] GC(195) Pause Young (Allocation Failure) 863M->630M(989M) 120.370ms
[90.608s][info][gc,cpu         ] GC(195) User=0.13s Sys=0.00s Real=0.13s
[90.910s][info][gc,start       ] GC(196) Pause Young (Allocation Failure)
[91.022s][info][gc,heap        ] GC(196) DefNew: 314560K(314560K)->32512K(314560K) Eden: 279616K(279616K)->0K(279616K) From: 34944K(34944K)->32512K(34944K)
[91.022s][info][gc,heap        ] GC(196) Tenured: 611197K(699072K)->633610K(699072K)
[91.022s][info][gc,metaspace   ] GC(196) Metaspace: 66890K(68096K)->66890K(68096K) NonClass: 58458K(59008K)->58458K(59008K) Class: 8431K(9088K)->8431K(9088K)
[91.022s][info][gc             ] GC(196) Pause Young (Allocation Failure) 904M->650M(989M) 112.347ms
[91.022s][info][gc,cpu         ] GC(196) User=0.11s Sys=0.00s Real=0.11s
[91.216s][info][gc,start       ] GC(197) Pause Young (Allocation Failure)
[91.309s][info][gc,heap        ] GC(197) DefNew: 310829K(314560K)->34943K(314560K) Eden: 278317K(279616K)->0K(279616K) From: 32512K(34944K)->34943K(34944K)
[91.309s][info][gc,heap        ] GC(197) Tenured: 633610K(699072K)->668524K(699072K)
[91.309s][info][gc,metaspace   ] GC(197) Metaspace: 66932K(68096K)->66932K(68096K) NonClass: 58500K(59008K)->58500K(59008K) Class: 8431K(9088K)->8431K(9088K)
[91.309s][info][gc             ] GC(197) Pause Young (Allocation Failure) 922M->686M(989M) 92.702ms
[91.309s][info][gc,cpu         ] GC(197) User=0.09s Sys=0.00s Real=0.09s
[91.581s][info][gc,start       ] GC(198) Pause Young (Allocation Failure)
[91.581s][info][gc             ] GC(198) Pause Young (Allocation Failure) 960M->960M(989M) 0.255ms
[91.581s][info][gc,cpu         ] GC(198) User=0.00s Sys=0.00s Real=0.00s
[91.581s][info][gc,start       ] GC(199) Pause Full (Allocation Failure)
[91.581s][info][gc,phases,start] GC(199) Phase 1: Mark live objects
[91.755s][info][gc,phases      ] GC(199) Phase 1: Mark live objects 173.219ms
[91.755s][info][gc,phases,start] GC(199) Phase 2: Compute new object addresses
[92.022s][info][gc,phases      ] GC(199) Phase 2: Compute new object addresses 267.117ms
[92.022s][info][gc,phases,start] GC(199) Phase 3: Adjust pointers
[92.149s][info][gc,phases      ] GC(199) Phase 3: Adjust pointers 127.251ms
[92.149s][info][gc,phases,start] GC(199) Phase 4: Move objects
[92.227s][info][gc,phases      ] GC(199) Phase 4: Move objects 78.382ms
[92.234s][info][gc,heap        ] GC(199) DefNew: 314559K(314560K)->0K(314560K) Eden: 279616K(279616K)->0K(279616K) From: 34943K(34944K)->0K(34944K)
[92.234s][info][gc,heap        ] GC(199) Tenured: 668524K(699072K)->211199K(699072K)
[92.234s][info][gc,metaspace   ] GC(199) Metaspace: 66937K(68096K)->66937K(68096K) NonClass: 58505K(59008K)->58505K(59008K) Class: 8431K(9088K)->8431K(9088K)
[92.234s][info][gc             ] GC(199) Pause Full (Allocation Failure) 960M->206M(989M) 652.670ms
[92.234s][info][gc,cpu         ] GC(199) User=0.66s Sys=0.00s Real=0.66s
[92.360s][info][gc,start       ] GC(200) Pause Young (Allocation Failure)
[92.364s][info][gc,heap        ] GC(200) DefNew: 279616K(314560K)->41K(314560K) Eden: 279616K(279616K)->0K(279616K) From: 0K(34944K)->41K(34944K)
[92.365s][info][gc,heap        ] GC(200) Tenured: 211199K(699072K)->211199K(699072K)
[92.365s][info][gc,metaspace   ] GC(200) Metaspace: 66950K(68160K)->66950K(68160K) NonClass: 58518K(59072K)->58518K(59072K) Class: 8432K(9088K)->8432K(9088K)
[92.365s][info][gc             ] GC(200) Pause Young (Allocation Failure) 479M->206M(989M) 5.112ms
[92.365s][info][gc,cpu         ] GC(200) User=0.00s Sys=0.00s Real=0.00s
[92.484s][info][gc,start       ] GC(201) Pause Full (System.gc())
[92.484s][info][gc,phases,start] GC(201) Phase 1: Mark live objects
[92.600s][info][gc,phases      ] GC(201) Phase 1: Mark live objects 115.420ms
[92.600s][info][gc,phases,start] GC(201) Phase 2: Compute new object addresses
[92.718s][info][gc,phases      ] GC(201) Phase 2: Compute new object addresses 118.344ms
[92.718s][info][gc,phases,start] GC(201) Phase 3: Adjust pointers
[92.795s][info][gc,phases      ] GC(201) Phase 3: Adjust pointers 77.472ms
[92.796s][info][gc,phases,start] GC(201) Phase 4: Move objects
[92.796s][info][gc,phases      ] GC(201) Phase 4: Move objects 0.022ms
[92.801s][info][gc,heap        ] GC(201) DefNew: 189932K(314560K)->0K(314560K) Eden: 189890K(279616K)->0K(279616K) From: 41K(34944K)->0K(34944K)
[92.801s][info][gc,heap        ] GC(201) Tenured: 211199K(699072K)->170098K(699072K)
[92.801s][info][gc,metaspace   ] GC(201) Metaspace: 66950K(68160K)->66950K(68160K) NonClass: 58518K(59072K)->58518K(59072K) Class: 8432K(9088K)->8432K(9088K)
[92.801s][info][gc             ] GC(201) Pause Full (System.gc()) 391M->166M(989M) 317.347ms
[92.801s][info][gc,cpu         ] GC(201) User=0.31s Sys=0.00s Real=0.32s
[92.966s][info][gc,start       ] GC(202) Pause Young (Allocation Failure)
[93.074s][info][gc,heap        ] GC(202) DefNew: 279616K(314560K)->34943K(314560K) Eden: 279616K(279616K)->0K(279616K) From: 0K(34944K)->34943K(34944K)
[93.074s][info][gc,heap        ] GC(202) Tenured: 170098K(699072K)->216263K(699072K)
[93.074s][info][gc,metaspace   ] GC(202) Metaspace: 66966K(68160K)->66966K(68160K) NonClass: 58533K(59072K)->58533K(59072K) Class: 8432K(9088K)->8432K(9088K)
[93.074s][info][gc             ] GC(202) Pause Young (Allocation Failure) 439M->245M(989M) 108.785ms
[93.074s][info][gc,cpu         ] GC(202) User=0.11s Sys=0.00s Real=0.11s
[93.221s][info][gc,start       ] GC(203) Pause Young (Allocation Failure)
[93.383s][info][gc,heap        ] GC(203) DefNew: 314559K(314560K)->34944K(314560K) Eden: 279616K(279616K)->0K(279616K) From: 34943K(34944K)->34944K(34944K)
[93.383s][info][gc,heap        ] GC(203) Tenured: 216263K(699072K)->250835K(699072K)
[93.383s][info][gc,metaspace   ] GC(203) Metaspace: 66966K(68160K)->66966K(68160K) NonClass: 58533K(59072K)->58533K(59072K) Class: 8432K(9088K)->8432K(9088K)
[93.383s][info][gc             ] GC(203) Pause Young (Allocation Failure) 518M->279M(989M) 162.072ms
[93.383s][info][gc,cpu         ] GC(203) User=0.16s Sys=0.00s Real=0.16s
[93.571s][info][gc,start       ] GC(204) Pause Young (Allocation Failure)
[93.751s][info][gc,heap        ] GC(204) DefNew: 314560K(314560K)->33305K(314560K) Eden: 279616K(279616K)->0K(279616K) From: 34944K(34944K)->33305K(34944K)
[93.751s][info][gc,heap        ] GC(204) Tenured: 250835K(699072K)->276229K(699072K)
[93.751s][info][gc,metaspace   ] GC(204) Metaspace: 66966K(68160K)->66966K(68160K) NonClass: 58533K(59072K)->58533K(59072K) Class: 8432K(9088K)->8432K(9088K)
[93.751s][info][gc             ] GC(204) Pause Young (Allocation Failure) 552M->302M(989M) 180.282ms
[93.751s][info][gc,cpu         ] GC(204) User=0.17s Sys=0.00s Real=0.18s
[93.931s][info][gc,start       ] GC(205) Pause Young (Allocation Failure)
[94.075s][info][gc,heap        ] GC(205) DefNew: 312921K(314560K)->19263K(314560K) Eden: 279616K(279616K)->0K(279616K) From: 33305K(34944K)->19263K(34944K)
[94.075s][info][gc,heap        ] GC(205) Tenured: 276229K(699072K)->305341K(699072K)
[94.075s][info][gc,metaspace   ] GC(205) Metaspace: 66966K(68160K)->66966K(68160K) NonClass: 58533K(59072K)->58533K(59072K) Class: 8432K(9088K)->8432K(9088K)
[94.075s][info][gc             ] GC(205) Pause Young (Allocation Failure) 575M->316M(989M) 144.106ms
[94.075s][info][gc,cpu         ] GC(205) User=0.14s Sys=0.00s Real=0.14s
[94.256s][info][gc,start       ] GC(206) Pause Young (Allocation Failure)
[94.420s][info][gc,heap        ] GC(206) DefNew: 298879K(314560K)->19980K(314560K) Eden: 279616K(279616K)->0K(279616K) From: 19263K(34944K)->19980K(34944K)
[94.420s][info][gc,heap        ] GC(206) Tenured: 305341K(699072K)->320897K(699072K)
[94.420s][info][gc,metaspace   ] GC(206) Metaspace: 66966K(68160K)->66966K(68160K) NonClass: 58533K(59072K)->58533K(59072K) Class: 8432K(9088K)->8432K(9088K)
[94.420s][info][gc             ] GC(206) Pause Young (Allocation Failure) 590M->332M(989M) 164.199ms
[94.420s][info][gc,cpu         ] GC(206) User=0.17s Sys=0.00s Real=0.16s
[94.644s][info][gc,start       ] GC(207) Pause Young (Allocation Failure)
[94.787s][info][gc,heap        ] GC(207) DefNew: 299596K(314560K)->20789K(314560K) Eden: 279616K(279616K)->0K(279616K) From: 19980K(34944K)->20789K(34944K)
[94.787s][info][gc,heap        ] GC(207) Tenured: 320897K(699072K)->337721K(699072K)
[94.787s][info][gc,metaspace   ] GC(207) Metaspace: 66966K(68160K)->66966K(68160K) NonClass: 58533K(59072K)->58533K(59072K) Class: 8432K(9088K)->8432K(9088K)
[94.787s][info][gc             ] GC(207) Pause Young (Allocation Failure) 605M->350M(989M) 142.779ms
[94.787s][info][gc,cpu         ] GC(207) User=0.16s Sys=0.00s Real=0.16s
[95.237s][info][gc,start       ] GC(208) Pause Young (Allocation Failure)
[95.346s][info][gc,heap        ] GC(208) DefNew: 300405K(314560K)->10077K(314560K) Eden: 279616K(279616K)->0K(279616K) From: 20789K(34944K)->10077K(34944K)
[95.346s][info][gc,heap        ] GC(208) Tenured: 337721K(699072K)->355859K(699072K)
[95.346s][info][gc,metaspace   ] GC(208) Metaspace: 66966K(68160K)->66966K(68160K) NonClass: 58534K(59072K)->58534K(59072K) Class: 8432K(9088K)->8432K(9088K)
[95.346s][info][gc             ] GC(208) Pause Young (Allocation Failure) 623M->357M(989M) 109.186ms
[95.346s][info][gc,cpu         ] GC(208) User=0.11s Sys=0.00s Real=0.11s
[96.257s][info][gc,start       ] GC(209) Pause Young (Allocation Failure)
[96.365s][info][gc,heap        ] GC(209) DefNew: 289693K(314560K)->28688K(314560K) Eden: 279616K(279616K)->0K(279616K) From: 10077K(34944K)->28688K(34944K)
[96.365s][info][gc,heap        ] GC(209) Tenured: 355859K(699072K)->355859K(699072K)
[96.365s][info][gc,metaspace   ] GC(209) Metaspace: 66981K(68160K)->66981K(68160K) NonClass: 58548K(59072K)->58548K(59072K) Class: 8432K(9088K)->8432K(9088K)
[96.365s][info][gc             ] GC(209) Pause Young (Allocation Failure) 630M->375M(989M) 107.596ms
[96.365s][info][gc,cpu         ] GC(209) User=0.11s Sys=0.00s Real=0.11s
[96.592s][info][gc,start       ] GC(210) Pause Young (Allocation Failure)
[96.840s][info][gc,heap        ] GC(210) DefNew: 308304K(314560K)->34943K(314560K) Eden: 279616K(279616K)->0K(279616K) From: 28688K(34944K)->34943K(34944K)
[96.840s][info][gc,heap        ] GC(210) Tenured: 355859K(699072K)->426420K(699072K)
[96.840s][info][gc,metaspace   ] GC(210) Metaspace: 66981K(68160K)->66981K(68160K) NonClass: 58548K(59072K)->58548K(59072K) Class: 8432K(9088K)->8432K(9088K)
[96.840s][info][gc             ] GC(210) Pause Young (Allocation Failure) 648M->450M(989M) 247.923ms
[96.840s][info][gc,cpu         ] GC(210) User=0.25s Sys=0.00s Real=0.26s
[96.967s][info][gc,start       ] GC(211) Pause Young (Allocation Failure)
[97.131s][info][gc,heap        ] GC(211) DefNew: 314559K(314560K)->34943K(314560K) Eden: 279616K(279616K)->0K(279616K) From: 34943K(34944K)->34943K(34944K)
[97.131s][info][gc,heap        ] GC(211) Tenured: 426420K(699072K)->471093K(699072K)
[97.131s][info][gc,metaspace   ] GC(211) Metaspace: 66981K(68160K)->66981K(68160K) NonClass: 58548K(59072K)->58548K(59072K) Class: 8432K(9088K)->8432K(9088K)
[97.131s][info][gc             ] GC(211) Pause Young (Allocation Failure) 723M->494M(989M) 163.556ms
[97.131s][info][gc,cpu         ] GC(211) User=0.16s Sys=0.00s Real=0.16s
[97.273s][info][gc,start       ] GC(212) Pause Young (Allocation Failure)
[97.471s][info][gc,heap        ] GC(212) DefNew: 314559K(314560K)->34424K(314560K) Eden: 279616K(279616K)->0K(279616K) From: 34943K(34944K)->34424K(34944K)
[97.471s][info][gc,heap        ] GC(212) Tenured: 471093K(699072K)->499127K(699072K)
[97.471s][info][gc,metaspace   ] GC(212) Metaspace: 66981K(68160K)->66981K(68160K) NonClass: 58548K(59072K)->58548K(59072K) Class: 8432K(9088K)->8432K(9088K)
[97.471s][info][gc             ] GC(212) Pause Young (Allocation Failure) 767M->521M(989M) 197.806ms
[97.471s][info][gc,cpu         ] GC(212) User=0.20s Sys=0.00s Real=0.19s
[97.640s][info][gc,start       ] GC(213) Pause Young (Allocation Failure)
[97.807s][info][gc,heap        ] GC(213) DefNew: 314040K(314560K)->34944K(314560K) Eden: 279616K(279616K)->0K(279616K) From: 34424K(34944K)->34944K(34944K)
[97.807s][info][gc,heap        ] GC(213) Tenured: 499127K(699072K)->524190K(699072K)
[97.807s][info][gc,metaspace   ] GC(213) Metaspace: 66981K(68160K)->66981K(68160K) NonClass: 58548K(59072K)->58548K(59072K) Class: 8432K(9088K)->8432K(9088K)
[97.807s][info][gc             ] GC(213) Pause Young (Allocation Failure) 794M->546M(989M) 167.103ms
[97.807s][info][gc,cpu         ] GC(213) User=0.17s Sys=0.00s Real=0.17s
[97.982s][info][gc,start       ] GC(214) Pause Young (Allocation Failure)
[98.148s][info][gc,heap        ] GC(214) DefNew: 314560K(314560K)->21178K(314560K) Eden: 279616K(279616K)->0K(279616K) From: 34944K(34944K)->21178K(34944K)
[98.148s][info][gc,heap        ] GC(214) Tenured: 524190K(699072K)->554659K(699072K)
[98.148s][info][gc,metaspace   ] GC(214) Metaspace: 66981K(68160K)->66981K(68160K) NonClass: 58548K(59072K)->58548K(59072K) Class: 8432K(9088K)->8432K(9088K)
[98.148s][info][gc             ] GC(214) Pause Young (Allocation Failure) 819M->562M(989M) 166.261ms
[98.148s][info][gc,cpu         ] GC(214) User=0.16s Sys=0.00s Real=0.16s
[98.370s][info][gc,start       ] GC(215) Pause Young (Allocation Failure)
[98.528s][info][gc,heap        ] GC(215) DefNew: 300794K(314560K)->18578K(314560K) Eden: 279616K(279616K)->0K(279616K) From: 21178K(34944K)->18578K(34944K)
[98.528s][info][gc,heap        ] GC(215) Tenured: 554659K(699072K)->571550K(699072K)
[98.528s][info][gc,metaspace   ] GC(215) Metaspace: 66981K(68160K)->66981K(68160K) NonClass: 58548K(59072K)->58548K(59072K) Class: 8432K(9088K)->8432K(9088K)
[98.529s][info][gc             ] GC(215) Pause Young (Allocation Failure) 835M->576M(989M) 158.625ms
[98.529s][info][gc,cpu         ] GC(215) User=0.16s Sys=0.00s Real=0.16s
[99.279s][info][gc,start       ] GC(216) Pause Young (Allocation Failure)
[99.455s][info][gc,heap        ] GC(216) DefNew: 298194K(314560K)->32394K(314560K) Eden: 279616K(279616K)->0K(279616K) From: 18578K(34944K)->32394K(34944K)
[99.455s][info][gc,heap        ] GC(216) Tenured: 571550K(699072K)->588662K(699072K)
[99.455s][info][gc,metaspace   ] GC(216) Metaspace: 66999K(68160K)->66999K(68160K) NonClass: 58566K(59072K)->58566K(59072K) Class: 8432K(9088K)->8432K(9088K)
[99.455s][info][gc             ] GC(216) Pause Young (Allocation Failure) 849M->606M(989M) 175.751ms
[99.455s][info][gc,cpu         ] GC(216) User=0.17s Sys=0.00s Real=0.17s
[99.749s][info][gc,start       ] GC(217) Pause Young (Allocation Failure)
[99.874s][info][gc,heap        ] GC(217) DefNew: 312010K(314560K)->29959K(314560K) Eden: 279616K(279616K)->0K(279616K) From: 32394K(34944K)->29959K(34944K)
[99.874s][info][gc,heap        ] GC(217) Tenured: 588662K(699072K)->593916K(699072K)
[99.874s][info][gc,metaspace   ] GC(217) Metaspace: 67029K(68224K)->67029K(68224K) NonClass: 58596K(59136K)->58596K(59136K) Class: 8433K(9088K)->8433K(9088K)
[99.874s][info][gc             ] GC(217) Pause Young (Allocation Failure) 879M->609M(989M) 124.817ms
[99.874s][info][gc,cpu         ] GC(217) User=0.13s Sys=0.00s Real=0.13s
[100.112s][info][gc,start       ] GC(218) Pause Young (Allocation Failure)
[100.218s][info][gc,heap        ] GC(218) DefNew: 309575K(314560K)->30561K(314560K) Eden: 279616K(279616K)->0K(279616K) From: 29959K(34944K)->30561K(34944K)
[100.219s][info][gc,heap        ] GC(218) Tenured: 593916K(699072K)->593961K(699072K)
[100.219s][info][gc,metaspace   ] GC(218) Metaspace: 67072K(68224K)->67072K(68224K) NonClass: 58638K(59136K)->58638K(59136K) Class: 8433K(9088K)->8433K(9088K)
[100.219s][info][gc             ] GC(218) Pause Young (Allocation Failure) 882M->609M(989M) 106.131ms
[100.219s][info][gc,cpu         ] GC(218) User=0.09s Sys=0.00s Real=0.09s
[100.622s][info][gc,start       ] GC(219) Pause Young (Allocation Failure)
[100.653s][info][gc,heap        ] GC(219) DefNew: 310177K(314560K)->8964K(314560K) Eden: 279616K(279616K)->0K(279616K) From: 30561K(34944K)->8964K(34944K)
[100.653s][info][gc,heap        ] GC(219) Tenured: 593961K(699072K)->594030K(699072K)
[100.653s][info][gc,metaspace   ] GC(219) Metaspace: 67104K(68288K)->67104K(68288K) NonClass: 58670K(59200K)->58670K(59200K) Class: 8433K(9088K)->8433K(9088K)
[100.653s][info][gc             ] GC(219) Pause Young (Allocation Failure) 882M->588M(989M) 31.287ms
[100.653s][info][gc,cpu         ] GC(219) User=0.03s Sys=0.00s Real=0.03s
[100.787s][info][gc,start       ] GC(220) Pause Young (Allocation Failure)
[100.925s][info][gc,heap        ] GC(220) DefNew: 288580K(314560K)->34943K(314560K) Eden: 279616K(279616K)->0K(279616K) From: 8964K(34944K)->34943K(34944K)
[100.925s][info][gc,heap        ] GC(220) Tenured: 594030K(699072K)->609652K(699072K)
[100.925s][info][gc,metaspace   ] GC(220) Metaspace: 67104K(68288K)->67104K(68288K) NonClass: 58670K(59200K)->58670K(59200K) Class: 8433K(9088K)->8433K(9088K)
[100.925s][info][gc             ] GC(220) Pause Young (Allocation Failure) 861M->629M(989M) 137.725ms
[100.925s][info][gc,cpu         ] GC(220) User=0.14s Sys=0.00s Real=0.14s
[101.296s][info][gc,start       ] GC(221) Pause Young (Allocation Failure)
[101.468s][info][gc,heap        ] GC(221) DefNew: 313161K(314560K)->34944K(314560K) Eden: 278217K(279616K)->0K(279616K) From: 34943K(34944K)->34944K(34944K)
[101.468s][info][gc,heap        ] GC(221) Tenured: 609652K(699072K)->642497K(699072K)
[101.468s][info][gc,metaspace   ] GC(221) Metaspace: 67104K(68288K)->67104K(68288K) NonClass: 58670K(59200K)->58670K(59200K) Class: 8433K(9088K)->8433K(9088K)
[101.468s][info][gc             ] GC(221) Pause Young (Allocation Failure) 901M->661M(989M) 172.418ms
[101.468s][info][gc,cpu         ] GC(221) User=0.17s Sys=0.00s Real=0.17s
[101.572s][info][gc,start       ] GC(222) Pause Young (Allocation Failure)
[101.690s][info][gc,promotion   ] GC(222) Promotion failed
[101.691s][info][gc             ] GC(222) Pause Young (Allocation Failure) 934M->986M(989M) 118.126ms
[101.691s][info][gc,cpu         ] GC(222) User=0.11s Sys=0.00s Real=0.11s
[101.691s][info][gc,start       ] GC(223) Pause Full (Allocation Failure)
[101.691s][info][gc,phases,start] GC(223) Phase 1: Mark live objects
[101.820s][info][gc,phases      ] GC(223) Phase 1: Mark live objects 128.994ms
[101.820s][info][gc,phases,start] GC(223) Phase 2: Compute new object addresses
[102.037s][info][gc,phases      ] GC(223) Phase 2: Compute new object addresses 217.664ms
[102.037s][info][gc,phases,start] GC(223) Phase 3: Adjust pointers
[102.129s][info][gc,phases      ] GC(223) Phase 3: Adjust pointers 91.949ms
[102.129s][info][gc,phases,start] GC(223) Phase 4: Move objects
[102.153s][info][gc,phases      ] GC(223) Phase 4: Move objects 23.570ms
[102.163s][info][gc,heap        ] GC(223) DefNew: 314560K(314560K)->0K(314560K) Eden: 279616K(279616K)->0K(279616K) From: 34944K(34944K)->0K(34944K)
[102.163s][info][gc,heap        ] GC(223) Tenured: 642497K(699072K)->266310K(699072K)
[102.163s][info][gc,metaspace   ] GC(223) Metaspace: 67120K(68288K)->67120K(68288K) NonClass: 58687K(59200K)->58687K(59200K) Class: 8433K(9088K)->8433K(9088K)
[102.163s][info][gc             ] GC(223) Pause Full (Allocation Failure) 986M->260M(989M) 472.135ms
[102.163s][info][gc,cpu         ] GC(223) User=0.47s Sys=0.00s Real=0.48s
[102.306s][info][gc,start       ] GC(224) Pause Young (Allocation Failure)
[102.436s][info][gc,heap        ] GC(224) DefNew: 279616K(314560K)->34944K(314560K) Eden: 279616K(279616K)->0K(279616K) From: 0K(34944K)->34944K(34944K)
[102.436s][info][gc,heap        ] GC(224) Tenured: 266310K(699072K)->298361K(699072K)
[102.436s][info][gc,metaspace   ] GC(224) Metaspace: 67141K(68352K)->67141K(68352K) NonClass: 58707K(59264K)->58707K(59264K) Class: 8433K(9088K)->8433K(9088K)
[102.437s][info][gc             ] GC(224) Pause Young (Allocation Failure) 533M->325M(989M) 130.807ms
[102.437s][info][gc,cpu         ] GC(224) User=0.13s Sys=0.02s Real=0.14s
[102.569s][info][gc,start       ] GC(225) Pause Young (Allocation Failure)
[102.620s][info][gc,heap        ] GC(225) DefNew: 314560K(314560K)->16K(314560K) Eden: 279616K(279616K)->0K(279616K) From: 34944K(34944K)->16K(34944K)
[102.621s][info][gc,heap        ] GC(225) Tenured: 298361K(699072K)->333305K(699072K)
[102.621s][info][gc,metaspace   ] GC(225) Metaspace: 67141K(68352K)->67141K(68352K) NonClass: 58707K(59264K)->58707K(59264K) Class: 8433K(9088K)->8433K(9088K)
[102.621s][info][gc             ] GC(225) Pause Young (Allocation Failure) 598M->325M(989M) 52.086ms
[102.621s][info][gc,cpu         ] GC(225) User=0.05s Sys=0.00s Real=0.05s
[102.768s][info][gc,start       ] GC(226) Pause Full (System.gc())
[102.768s][info][gc,phases,start] GC(226) Phase 1: Mark live objects
[102.885s][info][gc,phases      ] GC(226) Phase 1: Mark live objects 117.044ms
[102.885s][info][gc,phases,start] GC(226) Phase 2: Compute new object addresses
[103.014s][info][gc,phases      ] GC(226) Phase 2: Compute new object addresses 128.789ms
[103.014s][info][gc,phases,start] GC(226) Phase 3: Adjust pointers
[103.093s][info][gc,phases      ] GC(226) Phase 3: Adjust pointers 78.202ms
[103.093s][info][gc,phases,start] GC(226) Phase 4: Move objects
[103.093s][info][gc,phases      ] GC(226) Phase 4: Move objects 0.035ms
[103.098s][info][gc,heap        ] GC(226) DefNew: 225908K(314560K)->0K(314560K) Eden: 225891K(279616K)->0K(279616K) From: 16K(34944K)->0K(34944K)
[103.098s][info][gc,heap        ] GC(226) Tenured: 333305K(699072K)->172707K(699072K)
[103.098s][info][gc,metaspace   ] GC(226) Metaspace: 67141K(68352K)->67141K(68352K) NonClass: 58707K(59264K)->58707K(59264K) Class: 8433K(9088K)->8433K(9088K)
[103.098s][info][gc             ] GC(226) Pause Full (System.gc()) 546M->168M(989M) 330.250ms
[103.099s][info][gc,cpu         ] GC(226) User=0.33s Sys=0.00s Real=0.33s
[103.252s][info][gc,start       ] GC(227) Pause Young (Allocation Failure)
[103.365s][info][gc,heap        ] GC(227) DefNew: 279616K(314560K)->34944K(314560K) Eden: 279616K(279616K)->0K(279616K) From: 0K(34944K)->34944K(34944K)
[103.365s][info][gc,heap        ] GC(227) Tenured: 172707K(699072K)->220721K(699072K)
[103.365s][info][gc,metaspace   ] GC(227) Metaspace: 67161K(68352K)->67161K(68352K) NonClass: 58727K(59264K)->58727K(59264K) Class: 8434K(9088K)->8434K(9088K)
[103.366s][info][gc             ] GC(227) Pause Young (Allocation Failure) 441M->249M(989M) 113.557ms
[103.366s][info][gc,cpu         ] GC(227) User=0.11s Sys=0.00s Real=0.12s
[103.511s][info][gc,start       ] GC(228) Pause Young (Allocation Failure)
[103.675s][info][gc,heap        ] GC(228) DefNew: 314560K(314560K)->32727K(314560K) Eden: 279616K(279616K)->0K(279616K) From: 34944K(34944K)->32727K(34944K)
[103.675s][info][gc,heap        ] GC(228) Tenured: 220721K(699072K)->255510K(699072K)
[103.675s][info][gc,metaspace   ] GC(228) Metaspace: 67161K(68352K)->67161K(68352K) NonClass: 58727K(59264K)->58727K(59264K) Class: 8434K(9088K)->8434K(9088K)
[103.675s][info][gc             ] GC(228) Pause Young (Allocation Failure) 522M->281M(989M) 164.109ms
[103.675s][info][gc,cpu         ] GC(228) User=0.17s Sys=0.00s Real=0.17s
[103.861s][info][gc,start       ] GC(229) Pause Young (Allocation Failure)
[104.025s][info][gc,heap        ] GC(229) DefNew: 312343K(314560K)->33181K(314560K) Eden: 279616K(279616K)->0K(279616K) From: 32727K(34944K)->33181K(34944K)
[104.025s][info][gc,heap        ] GC(229) Tenured: 255510K(699072K)->278675K(699072K)
[104.025s][info][gc,metaspace   ] GC(229) Metaspace: 67161K(68352K)->67161K(68352K) NonClass: 58727K(59264K)->58727K(59264K) Class: 8434K(9088K)->8434K(9088K)
[104.025s][info][gc             ] GC(229) Pause Young (Allocation Failure) 554M->304M(989M) 164.268ms
[104.025s][info][gc,cpu         ] GC(229) User=0.17s Sys=0.00s Real=0.16s
[104.200s][info][gc,start       ] GC(230) Pause Young (Allocation Failure)
[104.352s][info][gc,heap        ] GC(230) DefNew: 312797K(314560K)->19297K(314560K) Eden: 279615K(279616K)->0K(279616K) From: 33181K(34944K)->19297K(34944K)
[104.352s][info][gc,heap        ] GC(230) Tenured: 278675K(699072K)->307679K(699072K)
[104.352s][info][gc,metaspace   ] GC(230) Metaspace: 67161K(68352K)->67161K(68352K) NonClass: 58727K(59264K)->58727K(59264K) Class: 8434K(9088K)->8434K(9088K)
[104.352s][info][gc             ] GC(230) Pause Young (Allocation Failure) 577M->319M(989M) 151.766ms
[104.352s][info][gc,cpu         ] GC(230) User=0.16s Sys=0.00s Real=0.16s
[104.525s][info][gc,start       ] GC(231) Pause Young (Allocation Failure)
[104.669s][info][gc,heap        ] GC(231) DefNew: 298913K(314560K)->20323K(314560K) Eden: 279616K(279616K)->0K(279616K) From: 19297K(34944K)->20323K(34944K)
[104.669s][info][gc,heap        ] GC(231) Tenured: 307679K(699072K)->323172K(699072K)
[104.669s][info][gc,metaspace   ] GC(231) Metaspace: 67161K(68352K)->67161K(68352K) NonClass: 58727K(59264K)->58727K(59264K) Class: 8434K(9088K)->8434K(9088K)
[104.669s][info][gc             ] GC(231) Pause Young (Allocation Failure) 592M->335M(989M) 144.440ms
[104.669s][info][gc,cpu         ] GC(231) User=0.14s Sys=0.00s Real=0.14s
[104.935s][info][gc,start       ] GC(232) Pause Young (Allocation Failure)
[105.075s][info][gc,heap        ] GC(232) DefNew: 299939K(314560K)->20812K(314560K) Eden: 279616K(279616K)->0K(279616K) From: 20323K(34944K)->20812K(34944K)
[105.075s][info][gc,heap        ] GC(232) Tenured: 323172K(699072K)->338148K(699072K)
[105.075s][info][gc,metaspace   ] GC(232) Metaspace: 67161K(68352K)->67161K(68352K) NonClass: 58727K(59264K)->58727K(59264K) Class: 8434K(9088K)->8434K(9088K)
[105.075s][info][gc             ] GC(232) Pause Young (Allocation Failure) 608M->350M(989M) 139.562ms
[105.075s][info][gc,cpu         ] GC(232) User=0.14s Sys=0.00s Real=0.14s
[105.544s][info][gc,start       ] GC(233) Pause Young (Allocation Failure)
[105.647s][info][gc,heap        ] GC(233) DefNew: 300428K(314560K)->10270K(314560K) Eden: 279616K(279616K)->0K(279616K) From: 20812K(34944K)->10270K(34944K)
[105.647s][info][gc,heap        ] GC(233) Tenured: 338148K(699072K)->354914K(699072K)
[105.647s][info][gc,metaspace   ] GC(233) Metaspace: 67162K(68352K)->67162K(68352K) NonClass: 58727K(59264K)->58727K(59264K) Class: 8434K(9088K)->8434K(9088K)
[105.647s][info][gc             ] GC(233) Pause Young (Allocation Failure) 623M->356M(989M) 103.095ms
[105.647s][info][gc,cpu         ] GC(233) User=0.11s Sys=0.00s Real=0.11s
[106.512s][info][gc,start       ] GC(234) Pause Young (Allocation Failure)
[106.618s][info][gc,heap        ] GC(234) DefNew: 289886K(314560K)->29260K(314560K) Eden: 279616K(279616K)->0K(279616K) From: 10270K(34944K)->29260K(34944K)
[106.618s][info][gc,heap        ] GC(234) Tenured: 354914K(699072K)->354914K(699072K)
[106.618s][info][gc,metaspace   ] GC(234) Metaspace: 67170K(68352K)->67170K(68352K) NonClass: 58735K(59264K)->58735K(59264K) Class: 8434K(9088K)->8434K(9088K)
[106.618s][info][gc             ] GC(234) Pause Young (Allocation Failure) 629M->375M(989M) 105.880ms
[106.618s][info][gc,cpu         ] GC(234) User=0.11s Sys=0.00s Real=0.11s
[106.862s][info][gc,start       ] GC(235) Pause Young (Allocation Failure)
[107.109s][info][gc,heap        ] GC(235) DefNew: 308876K(314560K)->34944K(314560K) Eden: 279616K(279616K)->0K(279616K) From: 29260K(34944K)->34944K(34944K)
[107.109s][info][gc,heap        ] GC(235) Tenured: 354914K(699072K)->423932K(699072K)
[107.109s][info][gc,metaspace   ] GC(235) Metaspace: 67170K(68352K)->67170K(68352K) NonClass: 58735K(59264K)->58735K(59264K) Class: 8434K(9088K)->8434K(9088K)
[107.109s][info][gc             ] GC(235) Pause Young (Allocation Failure) 648M->448M(989M) 247.430ms
[107.109s][info][gc,cpu         ] GC(235) User=0.25s Sys=0.00s Real=0.25s
[107.228s][info][gc,start       ] GC(236) Pause Young (Allocation Failure)
[107.394s][info][gc,heap        ] GC(236) DefNew: 314560K(314560K)->34944K(314560K) Eden: 279616K(279616K)->0K(279616K) From: 34944K(34944K)->34944K(34944K)
[107.394s][info][gc,heap        ] GC(236) Tenured: 423932K(699072K)->469837K(699072K)
[107.394s][info][gc,metaspace   ] GC(236) Metaspace: 67170K(68352K)->67170K(68352K) NonClass: 58735K(59264K)->58735K(59264K) Class: 8434K(9088K)->8434K(9088K)
[107.394s][info][gc             ] GC(236) Pause Young (Allocation Failure) 721M->492M(989M) 166.338ms
[107.394s][info][gc,cpu         ] GC(236) User=0.16s Sys=0.00s Real=0.16s
[107.537s][info][gc,start       ] GC(237) Pause Young (Allocation Failure)
[107.739s][info][gc,heap        ] GC(237) DefNew: 314560K(314560K)->34484K(314560K) Eden: 279616K(279616K)->0K(279616K) From: 34944K(34944K)->34484K(34944K)
[107.739s][info][gc,heap        ] GC(237) Tenured: 469837K(699072K)->497947K(699072K)
[107.739s][info][gc,metaspace   ] GC(237) Metaspace: 67170K(68352K)->67170K(68352K) NonClass: 58735K(59264K)->58735K(59264K) Class: 8434K(9088K)->8434K(9088K)
[107.739s][info][gc             ] GC(237) Pause Young (Allocation Failure) 766M->519M(989M) 201.414ms
[107.739s][info][gc,cpu         ] GC(237) User=0.19s Sys=0.00s Real=0.20s
[107.900s][info][gc,start       ] GC(238) Pause Young (Allocation Failure)
[108.077s][info][gc,heap        ] GC(238) DefNew: 314100K(314560K)->34943K(314560K) Eden: 279616K(279616K)->0K(279616K) From: 34484K(34944K)->34943K(34944K)
[108.077s][info][gc,heap        ] GC(238) Tenured: 497947K(699072K)->523138K(699072K)
[108.077s][info][gc,metaspace   ] GC(238) Metaspace: 67170K(68352K)->67170K(68352K) NonClass: 58735K(59264K)->58735K(59264K) Class: 8434K(9088K)->8434K(9088K)
[108.077s][info][gc             ] GC(238) Pause Young (Allocation Failure) 793M->545M(989M) 176.826ms
[108.077s][info][gc,cpu         ] GC(238) User=0.19s Sys=0.00s Real=0.19s
[108.238s][info][gc,start       ] GC(239) Pause Young (Allocation Failure)
[108.406s][info][gc,heap        ] GC(239) DefNew: 314559K(314560K)->21268K(314560K) Eden: 279616K(279616K)->0K(279616K) From: 34943K(34944K)->21268K(34944K)
[108.406s][info][gc,heap        ] GC(239) Tenured: 523138K(699072K)->553604K(699072K)
[108.406s][info][gc,metaspace   ] GC(239) Metaspace: 67170K(68352K)->67170K(68352K) NonClass: 58735K(59264K)->58735K(59264K) Class: 8434K(9088K)->8434K(9088K)
[108.406s][info][gc             ] GC(239) Pause Young (Allocation Failure) 818M->561M(989M) 167.934ms
[108.406s][info][gc,cpu         ] GC(239) User=0.17s Sys=0.00s Real=0.17s
[108.606s][info][gc,start       ] GC(240) Pause Young (Allocation Failure)
[108.762s][info][gc,heap        ] GC(240) DefNew: 300884K(314560K)->18500K(314560K) Eden: 279616K(279616K)->0K(279616K) From: 21268K(34944K)->18500K(34944K)
[108.762s][info][gc,heap        ] GC(240) Tenured: 553604K(699072K)->570517K(699072K)
[108.762s][info][gc,metaspace   ] GC(240) Metaspace: 67170K(68352K)->67170K(68352K) NonClass: 58735K(59264K)->58735K(59264K) Class: 8434K(9088K)->8434K(9088K)
[108.762s][info][gc             ] GC(240) Pause Young (Allocation Failure) 834M->575M(989M) 156.457ms
[108.762s][info][gc,cpu         ] GC(240) User=0.16s Sys=0.00s Real=0.16s
[109.482s][info][gc,start       ] GC(241) Pause Young (Allocation Failure)
[109.656s][info][gc,heap        ] GC(241) DefNew: 298116K(314560K)->31832K(314560K) Eden: 279616K(279616K)->0K(279616K) From: 18500K(34944K)->31832K(34944K)
[109.656s][info][gc,heap        ] GC(241) Tenured: 570517K(699072K)->587625K(699072K)
[109.656s][info][gc,metaspace   ] GC(241) Metaspace: 67186K(68416K)->67186K(68416K) NonClass: 58751K(59328K)->58751K(59328K) Class: 8434K(9088K)->8434K(9088K)
[109.656s][info][gc             ] GC(241) Pause Young (Allocation Failure) 848M->604M(989M) 173.941ms
[109.656s][info][gc,cpu         ] GC(241) User=0.17s Sys=0.00s Real=0.17s
[109.948s][info][gc,start       ] GC(242) Pause Young (Allocation Failure)
[110.067s][info][gc,heap        ] GC(242) DefNew: 311448K(314560K)->29697K(314560K) Eden: 279616K(279616K)->0K(279616K) From: 31832K(34944K)->29697K(34944K)
[110.067s][info][gc,heap        ] GC(242) Tenured: 587625K(699072K)->593235K(699072K)
[110.067s][info][gc,metaspace   ] GC(242) Metaspace: 67197K(68416K)->67197K(68416K) NonClass: 58762K(59328K)->58762K(59328K) Class: 8434K(9088K)->8434K(9088K)
[110.067s][info][gc             ] GC(242) Pause Young (Allocation Failure) 878M->608M(989M) 118.994ms
[110.067s][info][gc,cpu         ] GC(242) User=0.11s Sys=0.00s Real=0.11s
[110.309s][info][gc,start       ] GC(243) Pause Young (Allocation Failure)
[110.414s][info][gc,heap        ] GC(243) DefNew: 309313K(314560K)->30250K(314560K) Eden: 279616K(279616K)->0K(279616K) From: 29697K(34944K)->30250K(34944K)
[110.414s][info][gc,heap        ] GC(243) Tenured: 593235K(699072K)->593278K(699072K)
[110.414s][info][gc,metaspace   ] GC(243) Metaspace: 67239K(68416K)->67239K(68416K) NonClass: 58804K(59328K)->58804K(59328K) Class: 8434K(9088K)->8434K(9088K)
[110.414s][info][gc             ] GC(243) Pause Young (Allocation Failure) 881M->608M(989M) 105.191ms
[110.414s][info][gc,cpu         ] GC(243) User=0.11s Sys=0.00s Real=0.11s
[110.805s][info][gc,start       ] GC(244) Pause Young (Allocation Failure)
[110.836s][info][gc,heap        ] GC(244) DefNew: 309866K(314560K)->8726K(314560K) Eden: 279616K(279616K)->0K(279616K) From: 30250K(34944K)->8726K(34944K)
[110.836s][info][gc,heap        ] GC(244) Tenured: 593278K(699072K)->593343K(699072K)
[110.836s][info][gc,metaspace   ] GC(244) Metaspace: 67239K(68416K)->67239K(68416K) NonClass: 58804K(59328K)->58804K(59328K) Class: 8434K(9088K)->8434K(9088K)
[110.836s][info][gc             ] GC(244) Pause Young (Allocation Failure) 881M->587M(989M) 30.259ms
[110.836s][info][gc,cpu         ] GC(244) User=0.03s Sys=0.00s Real=0.03s
[110.968s][info][gc,start       ] GC(245) Pause Young (Allocation Failure)
[111.089s][info][gc,heap        ] GC(245) DefNew: 288342K(314560K)->34943K(314560K) Eden: 279616K(279616K)->0K(279616K) From: 8726K(34944K)->34943K(34944K)
[111.090s][info][gc,heap        ] GC(245) Tenured: 593343K(699072K)->608625K(699072K)
[111.090s][info][gc,metaspace   ] GC(245) Metaspace: 67239K(68416K)->67239K(68416K) NonClass: 58804K(59328K)->58804K(59328K) Class: 8434K(9088K)->8434K(9088K)
[111.090s][info][gc             ] GC(245) Pause Young (Allocation Failure) 861M->628M(989M) 121.709ms
[111.090s][info][gc,cpu         ] GC(245) User=0.11s Sys=0.00s Real=0.11s
[111.452s][info][gc,start       ] GC(246) Pause Young (Allocation Failure)
[111.568s][info][gc,heap        ] GC(246) DefNew: 313724K(314560K)->34944K(314560K) Eden: 278780K(279616K)->0K(279616K) From: 34943K(34944K)->34944K(34944K)
[111.568s][info][gc,heap        ] GC(246) Tenured: 608625K(699072K)->626746K(699072K)
[111.568s][info][gc,metaspace   ] GC(246) Metaspace: 67241K(68416K)->67241K(68416K) NonClass: 58806K(59328K)->58806K(59328K) Class: 8434K(9088K)->8434K(9088K)
[111.568s][info][gc             ] GC(246) Pause Young (Allocation Failure) 900M->646M(989M) 116.184ms
[111.568s][info][gc,cpu         ] GC(246) User=0.11s Sys=0.00s Real=0.11s
[111.694s][info][gc,start       ] GC(247) Pause Young (Allocation Failure)
[111.765s][info][gc,heap        ] GC(247) DefNew: 314270K(314560K)->34943K(314560K) Eden: 279326K(279616K)->0K(279616K) From: 34944K(34944K)->34943K(34944K)
[111.765s][info][gc,heap        ] GC(247) Tenured: 626746K(699072K)->668086K(699072K)
[111.765s][info][gc,metaspace   ] GC(247) Metaspace: 67247K(68416K)->67247K(68416K) NonClass: 58812K(59328K)->58812K(59328K) Class: 8434K(9088K)->8434K(9088K)
[111.765s][info][gc             ] GC(247) Pause Young (Allocation Failure) 918M->686M(989M) 70.844ms
[111.765s][info][gc,cpu         ] GC(247) User=0.06s Sys=0.00s Real=0.06s
[111.929s][info][gc,start       ] GC(248) Pause Young (Allocation Failure)
[111.929s][info][gc             ] GC(248) Pause Young (Allocation Failure) 959M->959M(989M) 0.226ms
[111.929s][info][gc,cpu         ] GC(248) User=0.00s Sys=0.00s Real=0.00s
[111.929s][info][gc,start       ] GC(249) Pause Full (Allocation Failure)
[111.929s][info][gc,phases,start] GC(249) Phase 1: Mark live objects
[112.128s][info][gc,phases      ] GC(249) Phase 1: Mark live objects 199.138ms
[112.128s][info][gc,phases,start] GC(249) Phase 2: Compute new object addresses
[112.384s][info][gc,phases      ] GC(249) Phase 2: Compute new object addresses 255.171ms
[112.384s][info][gc,phases,start] GC(249) Phase 3: Adjust pointers
[112.514s][info][gc,phases      ] GC(249) Phase 3: Adjust pointers 130.789ms
[112.514s][info][gc,phases,start] GC(249) Phase 4: Move objects
[112.554s][info][gc,phases      ] GC(249) Phase 4: Move objects 39.927ms
[112.561s][info][gc,heap        ] GC(249) DefNew: 314559K(314560K)->0K(314560K) Eden: 279616K(279616K)->0K(279616K) From: 34943K(34944K)->0K(34944K)
[112.561s][info][gc,heap        ] GC(249) Tenured: 668086K(699072K)->211419K(699072K)
[112.561s][info][gc,metaspace   ] GC(249) Metaspace: 67247K(68416K)->67247K(68416K) NonClass: 58812K(59328K)->58812K(59328K) Class: 8434K(9088K)->8434K(9088K)
[112.561s][info][gc             ] GC(249) Pause Full (Allocation Failure) 959M->206M(989M) 631.699ms
[112.561s][info][gc,cpu         ] GC(249) User=0.64s Sys=0.00s Real=0.63s
[112.673s][info][gc,start       ] GC(250) Pause Young (Allocation Failure)
[112.678s][info][gc,heap        ] GC(250) DefNew: 279616K(314560K)->45K(314560K) Eden: 279616K(279616K)->0K(279616K) From: 0K(34944K)->45K(34944K)
[112.678s][info][gc,heap        ] GC(250) Tenured: 211419K(699072K)->211419K(699072K)
[112.678s][info][gc,metaspace   ] GC(250) Metaspace: 67247K(68416K)->67247K(68416K) NonClass: 58812K(59328K)->58812K(59328K) Class: 8434K(9088K)->8434K(9088K)
[112.678s][info][gc             ] GC(250) Pause Young (Allocation Failure) 479M->206M(989M) 5.058ms
[112.678s][info][gc,cpu         ] GC(250) User=0.00s Sys=0.00s Real=0.00s
[112.823s][info][gc,start       ] GC(251) Pause Full (System.gc())
[112.823s][info][gc,phases,start] GC(251) Phase 1: Mark live objects
[112.938s][info][gc,phases      ] GC(251) Phase 1: Mark live objects 115.398ms
[112.939s][info][gc,phases,start] GC(251) Phase 2: Compute new object addresses
[113.065s][info][gc,phases      ] GC(251) Phase 2: Compute new object addresses 126.194ms
[113.065s][info][gc,phases,start] GC(251) Phase 3: Adjust pointers
[113.143s][info][gc,phases      ] GC(251) Phase 3: Adjust pointers 78.636ms
[113.143s][info][gc,phases,start] GC(251) Phase 4: Move objects
[113.143s][info][gc,phases      ] GC(251) Phase 4: Move objects 0.025ms
[113.149s][info][gc,heap        ] GC(251) DefNew: 220998K(314560K)->0K(314560K) Eden: 220952K(279616K)->0K(279616K) From: 45K(34944K)->0K(34944K)
[113.149s][info][gc,heap        ] GC(251) Tenured: 211419K(699072K)->174732K(699072K)
[113.149s][info][gc,metaspace   ] GC(251) Metaspace: 67247K(68416K)->67247K(68416K) NonClass: 58812K(59328K)->58812K(59328K) Class: 8434K(9088K)->8434K(9088K)
[113.149s][info][gc             ] GC(251) Pause Full (System.gc()) 422M->170M(989M) 326.396ms
[113.149s][info][gc,cpu         ] GC(251) User=0.31s Sys=0.00s Real=0.32s
[113.307s][info][gc,start       ] GC(252) Pause Young (Allocation Failure)
[113.419s][info][gc,heap        ] GC(252) DefNew: 279616K(314560K)->34944K(314560K) Eden: 279616K(279616K)->0K(279616K) From: 0K(34944K)->34944K(34944K)
[113.419s][info][gc,heap        ] GC(252) Tenured: 174732K(699072K)->223072K(699072K)
[113.419s][info][gc,metaspace   ] GC(252) Metaspace: 67252K(68416K)->67252K(68416K) NonClass: 58817K(59328K)->58817K(59328K) Class: 8434K(9088K)->8434K(9088K)
[113.419s][info][gc             ] GC(252) Pause Young (Allocation Failure) 443M->251M(989M) 112.042ms
[113.419s][info][gc,cpu         ] GC(252) User=0.11s Sys=0.00s Real=0.11s
[113.572s][info][gc,start       ] GC(253) Pause Young (Allocation Failure)
[113.733s][info][gc,heap        ] GC(253) DefNew: 314560K(314560K)->32637K(314560K) Eden: 279616K(279616K)->0K(279616K) From: 34944K(34944K)->32637K(34944K)
[113.733s][info][gc,heap        ] GC(253) Tenured: 223072K(699072K)->257727K(699072K)
[113.733s][info][gc,metaspace   ] GC(253) Metaspace: 67252K(68416K)->67252K(68416K) NonClass: 58817K(59328K)->58817K(59328K) Class: 8434K(9088K)->8434K(9088K)
[113.733s][info][gc             ] GC(253) Pause Young (Allocation Failure) 525M->283M(989M) 161.075ms
[113.733s][info][gc,cpu         ] GC(253) User=0.16s Sys=0.00s Real=0.16s
[113.918s][info][gc,start       ] GC(254) Pause Young (Allocation Failure)
[114.082s][info][gc,heap        ] GC(254) DefNew: 312253K(314560K)->33218K(314560K) Eden: 279616K(279616K)->0K(279616K) From: 32637K(34944K)->33218K(34944K)
[114.146s][info][gc,heap        ] GC(254) Tenured: 257727K(699072K)->280816K(699072K)
[114.146s][info][gc,metaspace   ] GC(254) Metaspace: 67252K(68416K)->67252K(68416K) NonClass: 58817K(59328K)->58817K(59328K) Class: 8434K(9088K)->8434K(9088K)
[114.146s][info][gc             ] GC(254) Pause Young (Allocation Failure) 556M->306M(989M) 228.183ms
[114.146s][info][gc,cpu         ] GC(254) User=0.16s Sys=0.00s Real=0.22s
[114.323s][info][gc,start       ] GC(255) Pause Young (Allocation Failure)
[114.477s][info][gc,heap        ] GC(255) DefNew: 312834K(314560K)->19313K(314560K) Eden: 279616K(279616K)->0K(279616K) From: 33218K(34944K)->19313K(34944K)
[114.477s][info][gc,heap        ] GC(255) Tenured: 280816K(699072K)->309846K(699072K)
[114.477s][info][gc,metaspace   ] GC(255) Metaspace: 67252K(68416K)->67252K(68416K) NonClass: 58817K(59328K)->58817K(59328K) Class: 8434K(9088K)->8434K(9088K)
[114.477s][info][gc             ] GC(255) Pause Young (Allocation Failure) 579M->321M(989M) 154.258ms
[114.477s][info][gc,cpu         ] GC(255) User=0.16s Sys=0.00s Real=0.16s
[114.652s][info][gc,start       ] GC(256) Pause Young (Allocation Failure)
[114.801s][info][gc,heap        ] GC(256) DefNew: 298929K(314560K)->20343K(314560K) Eden: 279616K(279616K)->0K(279616K) From: 19313K(34944K)->20343K(34944K)
[114.801s][info][gc,heap        ] GC(256) Tenured: 309846K(699072K)->325368K(699072K)
[114.801s][info][gc,metaspace   ] GC(256) Metaspace: 67252K(68416K)->67252K(68416K) NonClass: 58817K(59328K)->58817K(59328K) Class: 8434K(9088K)->8434K(9088K)
[114.801s][info][gc             ] GC(256) Pause Young (Allocation Failure) 594M->337M(989M) 149.792ms
[114.801s][info][gc,cpu         ] GC(256) User=0.14s Sys=0.00s Real=0.14s
[115.054s][info][gc,start       ] GC(257) Pause Young (Allocation Failure)
[115.193s][info][gc,heap        ] GC(257) DefNew: 299959K(314560K)->20642K(314560K) Eden: 279616K(279616K)->0K(279616K) From: 20343K(34944K)->20642K(34944K)
[115.193s][info][gc,heap        ] GC(257) Tenured: 325368K(699072K)->340385K(699072K)
[115.193s][info][gc,metaspace   ] GC(257) Metaspace: 67252K(68416K)->67252K(68416K) NonClass: 58817K(59328K)->58817K(59328K) Class: 8434K(9088K)->8434K(9088K)
[115.193s][info][gc             ] GC(257) Pause Young (Allocation Failure) 610M->352M(989M) 139.470ms
[115.193s][info][gc,cpu         ] GC(257) User=0.14s Sys=0.00s Real=0.14s
[115.642s][info][gc,start       ] GC(258) Pause Young (Allocation Failure)
[115.745s][info][gc,heap        ] GC(258) DefNew: 300258K(314560K)->10201K(314560K) Eden: 279616K(279616K)->0K(279616K) From: 20642K(34944K)->10201K(34944K)
[115.745s][info][gc,heap        ] GC(258) Tenured: 340385K(699072K)->357028K(699072K)
[115.745s][info][gc,metaspace   ] GC(258) Metaspace: 67252K(68416K)->67252K(68416K) NonClass: 58817K(59328K)->58817K(59328K) Class: 8434K(9088K)->8434K(9088K)
[115.745s][info][gc             ] GC(258) Pause Young (Allocation Failure) 625M->358M(989M) 102.953ms
[115.745s][info][gc,cpu         ] GC(258) User=0.11s Sys=0.00s Real=0.11s
[116.621s][info][gc,start       ] GC(259) Pause Young (Allocation Failure)
[116.724s][info][gc,heap        ] GC(259) DefNew: 289817K(314560K)->28068K(314560K) Eden: 279616K(279616K)->0K(279616K) From: 10201K(34944K)->28068K(34944K)
[116.725s][info][gc,heap        ] GC(259) Tenured: 357028K(699072K)->357028K(699072K)
[116.725s][info][gc,metaspace   ] GC(259) Metaspace: 67257K(68480K)->67257K(68480K) NonClass: 58822K(59392K)->58822K(59392K) Class: 8434K(9088K)->8434K(9088K)
[116.725s][info][gc             ] GC(259) Pause Young (Allocation Failure) 631M->376M(989M) 103.668ms
[116.725s][info][gc,cpu         ] GC(259) User=0.11s Sys=0.00s Real=0.11s
[116.973s][info][gc,start       ] GC(260) Pause Young (Allocation Failure)
[117.197s][info][gc,heap        ] GC(260) DefNew: 307684K(314560K)->34944K(314560K) Eden: 279616K(279616K)->0K(279616K) From: 28068K(34944K)->34944K(34944K)
[117.197s][info][gc,heap        ] GC(260) Tenured: 357028K(699072K)->426047K(699072K)
[117.197s][info][gc,metaspace   ] GC(260) Metaspace: 67257K(68480K)->67257K(68480K) NonClass: 58822K(59392K)->58822K(59392K) Class: 8434K(9088K)->8434K(9088K)
[117.197s][info][gc             ] GC(260) Pause Young (Allocation Failure) 649M->450M(989M) 224.048ms
[117.198s][info][gc,cpu         ] GC(260) User=0.22s Sys=0.02s Real=0.23s
[117.318s][info][gc,start       ] GC(261) Pause Young (Allocation Failure)
[117.490s][info][gc,heap        ] GC(261) DefNew: 314560K(314560K)->34943K(314560K) Eden: 279616K(279616K)->0K(279616K) From: 34944K(34944K)->34943K(34944K)
[117.490s][info][gc,heap        ] GC(261) Tenured: 426047K(699072K)->471864K(699072K)
[117.490s][info][gc,metaspace   ] GC(261) Metaspace: 67258K(68480K)->67258K(68480K) NonClass: 58823K(59392K)->58823K(59392K) Class: 8434K(9088K)->8434K(9088K)
[117.490s][info][gc             ] GC(261) Pause Young (Allocation Failure) 723M->494M(989M) 172.232ms
[117.490s][info][gc,cpu         ] GC(261) User=0.17s Sys=0.00s Real=0.17s
[117.633s][info][gc,start       ] GC(262) Pause Young (Allocation Failure)
[117.835s][info][gc,heap        ] GC(262) DefNew: 314559K(314560K)->34541K(314560K) Eden: 279616K(279616K)->0K(279616K) From: 34943K(34944K)->34541K(34944K)
[117.835s][info][gc,heap        ] GC(262) Tenured: 471864K(699072K)->499962K(699072K)
[117.835s][info][gc,metaspace   ] GC(262) Metaspace: 67258K(68480K)->67258K(68480K) NonClass: 58823K(59392K)->58823K(59392K) Class: 8434K(9088K)->8434K(9088K)
[117.835s][info][gc             ] GC(262) Pause Young (Allocation Failure) 767M->521M(989M) 202.748ms
[117.835s][info][gc,cpu         ] GC(262) User=0.20s Sys=0.00s Real=0.20s
[118.002s][info][gc,start       ] GC(263) Pause Young (Allocation Failure)
[118.172s][info][gc,heap        ] GC(263) DefNew: 314157K(314560K)->34944K(314560K) Eden: 279616K(279616K)->0K(279616K) From: 34541K(34944K)->34944K(34944K)
[118.172s][info][gc,heap        ] GC(263) Tenured: 499962K(699072K)->525266K(699072K)
[118.172s][info][gc,metaspace   ] GC(263) Metaspace: 67258K(68480K)->67258K(68480K) NonClass: 58823K(59392K)->58823K(59392K) Class: 8434K(9088K)->8434K(9088K)
[118.173s][info][gc             ] GC(263) Pause Young (Allocation Failure) 795M->547M(989M) 170.584ms
[118.173s][info][gc,cpu         ] GC(263) User=0.17s Sys=0.00s Real=0.17s
[118.332s][info][gc,start       ] GC(264) Pause Young (Allocation Failure)
[118.501s][info][gc,heap        ] GC(264) DefNew: 314560K(314560K)->21288K(314560K) Eden: 279616K(279616K)->0K(279616K) From: 34944K(34944K)->21288K(34944K)
[118.501s][info][gc,heap        ] GC(264) Tenured: 525266K(699072K)->555706K(699072K)
[118.501s][info][gc,metaspace   ] GC(264) Metaspace: 67258K(68480K)->67258K(68480K) NonClass: 58823K(59392K)->58823K(59392K) Class: 8434K(9088K)->8434K(9088K)
[118.501s][info][gc             ] GC(264) Pause Young (Allocation Failure) 820M->563M(989M) 169.849ms
[118.501s][info][gc,cpu         ] GC(264) User=0.17s Sys=0.00s Real=0.17s
[118.685s][info][gc,start       ] GC(265) Pause Young (Allocation Failure)
[118.839s][info][gc,heap        ] GC(265) DefNew: 300904K(314560K)->18613K(314560K) Eden: 279616K(279616K)->0K(279616K) From: 21288K(34944K)->18613K(34944K)
[118.839s][info][gc,heap        ] GC(265) Tenured: 555706K(699072K)->572619K(699072K)
[118.839s][info][gc,metaspace   ] GC(265) Metaspace: 67258K(68480K)->67258K(68480K) NonClass: 58823K(59392K)->58823K(59392K) Class: 8434K(9088K)->8434K(9088K)
[118.840s][info][gc             ] GC(265) Pause Young (Allocation Failure) 836M->577M(989M) 154.124ms
[118.840s][info][gc,cpu         ] GC(265) User=0.16s Sys=0.00s Real=0.16s
[119.573s][info][gc,start       ] GC(266) Pause Young (Allocation Failure)
[119.752s][info][gc,heap        ] GC(266) DefNew: 297991K(314560K)->29948K(314560K) Eden: 279377K(279616K)->0K(279616K) From: 18613K(34944K)->29948K(34944K)
[119.752s][info][gc,heap        ] GC(266) Tenured: 572619K(699072K)->589944K(699072K)
[119.752s][info][gc,metaspace   ] GC(266) Metaspace: 67266K(68480K)->67266K(68480K) NonClass: 58831K(59392K)->58831K(59392K) Class: 8434K(9088K)->8434K(9088K)
[119.752s][info][gc             ] GC(266) Pause Young (Allocation Failure) 850M->605M(989M) 179.077ms
[119.752s][info][gc,cpu         ] GC(266) User=0.17s Sys=0.00s Real=0.17s
[120.031s][info][gc,start       ] GC(267) Pause Young (Allocation Failure)
[120.169s][info][gc,heap        ] GC(267) DefNew: 309564K(314560K)->29755K(314560K) Eden: 279616K(279616K)->0K(279616K) From: 29948K(34944K)->29755K(34944K)
[120.169s][info][gc,heap        ] GC(267) Tenured: 589944K(699072K)->595185K(699072K)
[120.169s][info][gc,metaspace   ] GC(267) Metaspace: 67278K(68480K)->67278K(68480K) NonClass: 58844K(59392K)->58844K(59392K) Class: 8434K(9088K)->8434K(9088K)
[120.169s][info][gc             ] GC(267) Pause Young (Allocation Failure) 878M->610M(989M) 138.434ms
[120.169s][info][gc,cpu         ] GC(267) User=0.14s Sys=0.00s Real=0.14s
[120.409s][info][gc,start       ] GC(268) Pause Young (Allocation Failure)
[120.516s][info][gc,heap        ] GC(268) DefNew: 309371K(314560K)->30488K(314560K) Eden: 279616K(279616K)->0K(279616K) From: 29755K(34944K)->30488K(34944K)
[120.516s][info][gc,heap        ] GC(268) Tenured: 595185K(699072K)->595228K(699072K)
[120.516s][info][gc,metaspace   ] GC(268) Metaspace: 67288K(68480K)->67288K(68480K) NonClass: 58852K(59392K)->58852K(59392K) Class: 8435K(9088K)->8435K(9088K)
[120.516s][info][gc             ] GC(268) Pause Young (Allocation Failure) 883M->611M(989M) 106.968ms
[120.516s][info][gc,cpu         ] GC(268) User=0.11s Sys=0.00s Real=0.11s
[120.881s][info][gc,start       ] GC(269) Pause Young (Allocation Failure)
[120.910s][info][gc,heap        ] GC(269) DefNew: 310104K(314560K)->8477K(314560K) Eden: 279616K(279616K)->0K(279616K) From: 30488K(34944K)->8477K(34944K)
[120.910s][info][gc,heap        ] GC(269) Tenured: 595228K(699072K)->595293K(699072K)
[120.910s][info][gc,metaspace   ] GC(269) Metaspace: 67294K(68480K)->67294K(68480K) NonClass: 58859K(59392K)->58859K(59392K) Class: 8435K(9088K)->8435K(9088K)
[120.910s][info][gc             ] GC(269) Pause Young (Allocation Failure) 884M->589M(989M) 29.456ms
[120.910s][info][gc,cpu         ] GC(269) User=0.03s Sys=0.00s Real=0.03s
[121.057s][info][gc,start       ] GC(270) Pause Young (Allocation Failure)
[121.177s][info][gc,heap        ] GC(270) DefNew: 288093K(314560K)->34944K(314560K) Eden: 279616K(279616K)->0K(279616K) From: 8477K(34944K)->34944K(34944K)
[121.177s][info][gc,heap        ] GC(270) Tenured: 595293K(699072K)->610428K(699072K)
[121.177s][info][gc,metaspace   ] GC(270) Metaspace: 67294K(68480K)->67294K(68480K) NonClass: 58859K(59392K)->58859K(59392K) Class: 8435K(9088K)->8435K(9088K)
[121.177s][info][gc             ] GC(270) Pause Young (Allocation Failure) 862M->630M(989M) 120.811ms
[121.177s][info][gc,cpu         ] GC(270) User=0.13s Sys=0.00s Real=0.13s
[121.531s][info][gc,start       ] GC(271) Pause Young (Allocation Failure)
[121.685s][info][gc,heap        ] GC(271) DefNew: 314560K(314560K)->34944K(314560K) Eden: 279616K(279616K)->0K(279616K) From: 34944K(34944K)->34944K(34944K)
[121.685s][info][gc,heap        ] GC(271) Tenured: 610428K(699072K)->638054K(699072K)
[121.685s][info][gc,metaspace   ] GC(271) Metaspace: 67294K(68480K)->67294K(68480K) NonClass: 58859K(59392K)->58859K(59392K) Class: 8435K(9088K)->8435K(9088K)
[121.685s][info][gc             ] GC(271) Pause Young (Allocation Failure) 903M->657M(989M) 154.839ms
[121.685s][info][gc,cpu         ] GC(271) User=0.16s Sys=0.00s Real=0.16s
[121.821s][info][gc,start       ] GC(272) Pause Young (Allocation Failure)
[121.905s][info][gc,heap        ] GC(272) DefNew: 314560K(314560K)->34943K(314560K) Eden: 279616K(279616K)->0K(279616K) From: 34944K(34944K)->34943K(34944K)
[121.905s][info][gc,heap        ] GC(272) Tenured: 638054K(699072K)->681122K(699072K)
[121.905s][info][gc,metaspace   ] GC(272) Metaspace: 67300K(68480K)->67300K(68480K) NonClass: 58865K(59392K)->58865K(59392K) Class: 8435K(9088K)->8435K(9088K)
[121.905s][info][gc             ] GC(272) Pause Young (Allocation Failure) 930M->699M(989M) 84.236ms
[121.905s][info][gc,cpu         ] GC(272) User=0.08s Sys=0.00s Real=0.08s
[122.083s][info][gc,start       ] GC(273) Pause Young (Allocation Failure)
[122.083s][info][gc             ] GC(273) Pause Young (Allocation Failure) 972M->972M(989M) 0.283ms
[122.083s][info][gc,cpu         ] GC(273) User=0.02s Sys=0.00s Real=0.02s
[122.083s][info][gc,start       ] GC(274) Pause Full (Allocation Failure)
[122.083s][info][gc,phases,start] GC(274) Phase 1: Mark live objects
[122.293s][info][gc,phases      ] GC(274) Phase 1: Mark live objects 209.820ms
[122.293s][info][gc,phases,start] GC(274) Phase 2: Compute new object addresses
[122.549s][info][gc,phases      ] GC(274) Phase 2: Compute new object addresses 256.486ms
[122.549s][info][gc,phases,start] GC(274) Phase 3: Adjust pointers
[122.678s][info][gc,phases      ] GC(274) Phase 3: Adjust pointers 128.514ms
[122.678s][info][gc,phases,start] GC(274) Phase 4: Move objects
[122.715s][info][gc,phases      ] GC(274) Phase 4: Move objects 36.978ms
[122.721s][info][gc,heap        ] GC(274) DefNew: 314559K(314560K)->0K(314560K) Eden: 279616K(279616K)->0K(279616K) From: 34943K(34944K)->0K(34944K)
[122.721s][info][gc,heap        ] GC(274) Tenured: 681122K(699072K)->242586K(699072K)
[122.721s][info][gc,metaspace   ] GC(274) Metaspace: 67333K(68544K)->67333K(68544K) NonClass: 58897K(59456K)->58897K(59456K) Class: 8435K(9088K)->8435K(9088K)
[122.722s][info][gc             ] GC(274) Pause Full (Allocation Failure) 972M->236M(989M) 638.512ms
[122.722s][info][gc,cpu         ] GC(274) User=0.63s Sys=0.00s Real=0.63s
[122.834s][info][gc,start       ] GC(275) Pause Young (Allocation Failure)
[122.839s][info][gc,heap        ] GC(275) DefNew: 279616K(314560K)->48K(314560K) Eden: 279616K(279616K)->0K(279616K) From: 0K(34944K)->48K(34944K)
[122.839s][info][gc,heap        ] GC(275) Tenured: 242586K(699072K)->242586K(699072K)
[122.839s][info][gc,metaspace   ] GC(275) Metaspace: 67333K(68544K)->67333K(68544K) NonClass: 58897K(59456K)->58897K(59456K) Class: 8435K(9088K)->8435K(9088K)
[122.839s][info][gc             ] GC(275) Pause Young (Allocation Failure) 509M->236M(989M) 5.312ms
[122.839s][info][gc,cpu         ] GC(275) User=0.00s Sys=0.00s Real=0.00s
[122.977s][info][gc,start       ] GC(276) Pause Full (System.gc())
[122.978s][info][gc,phases,start] GC(276) Phase 1: Mark live objects
[123.095s][info][gc,phases      ] GC(276) Phase 1: Mark live objects 117.708ms
[123.095s][info][gc,phases,start] GC(276) Phase 2: Compute new object addresses
[123.217s][info][gc,phases      ] GC(276) Phase 2: Compute new object addresses 122.117ms
[123.217s][info][gc,phases,start] GC(276) Phase 3: Adjust pointers
[123.296s][info][gc,phases      ] GC(276) Phase 3: Adjust pointers 78.709ms
[123.296s][info][gc,phases,start] GC(276) Phase 4: Move objects
[123.296s][info][gc,phases      ] GC(276) Phase 4: Move objects 0.030ms
[123.302s][info][gc,heap        ] GC(276) DefNew: 207022K(314560K)->0K(314560K) Eden: 206973K(279616K)->0K(279616K) From: 48K(34944K)->0K(34944K)
[123.302s][info][gc,heap        ] GC(276) Tenured: 242586K(699072K)->179459K(699072K)
[123.302s][info][gc,metaspace   ] GC(276) Metaspace: 67333K(68544K)->67333K(68544K) NonClass: 58897K(59456K)->58897K(59456K) Class: 8435K(9088K)->8435K(9088K)
[123.302s][info][gc             ] GC(276) Pause Full (System.gc()) 439M->175M(989M) 324.826ms
[123.302s][info][gc,cpu         ] GC(276) User=0.34s Sys=0.00s Real=0.33s
[123.465s][info][gc,start       ] GC(277) Pause Young (Allocation Failure)
[123.575s][info][gc,heap        ] GC(277) DefNew: 279616K(314560K)->34944K(314560K) Eden: 279616K(279616K)->0K(279616K) From: 0K(34944K)->34944K(34944K)
[123.575s][info][gc,heap        ] GC(277) Tenured: 179459K(699072K)->227071K(699072K)
[123.575s][info][gc,metaspace   ] GC(277) Metaspace: 67340K(68544K)->67340K(68544K) NonClass: 58905K(59456K)->58905K(59456K) Class: 8435K(9088K)->8435K(9088K)
[123.575s][info][gc             ] GC(277) Pause Young (Allocation Failure) 448M->255M(989M) 109.950ms
[123.575s][info][gc,cpu         ] GC(277) User=0.11s Sys=0.00s Real=0.11s
[123.720s][info][gc,start       ] GC(278) Pause Young (Allocation Failure)
[123.900s][info][gc,heap        ] GC(278) DefNew: 314560K(314560K)->33180K(314560K) Eden: 279616K(279616K)->0K(279616K) From: 34944K(34944K)->33180K(34944K)
[123.900s][info][gc,heap        ] GC(278) Tenured: 227071K(699072K)->261811K(699072K)
[123.900s][info][gc,metaspace   ] GC(278) Metaspace: 67340K(68544K)->67340K(68544K) NonClass: 58905K(59456K)->58905K(59456K) Class: 8435K(9088K)->8435K(9088K)
[123.900s][info][gc             ] GC(278) Pause Young (Allocation Failure) 528M->288M(989M) 179.777ms
[123.900s][info][gc,cpu         ] GC(278) User=0.19s Sys=0.00s Real=0.19s
[124.090s][info][gc,start       ] GC(279) Pause Young (Allocation Failure)
[124.245s][info][gc,heap        ] GC(279) DefNew: 312796K(314560K)->33192K(314560K) Eden: 279616K(279616K)->0K(279616K) From: 33180K(34944K)->33192K(34944K)
[124.245s][info][gc,heap        ] GC(279) Tenured: 261811K(699072K)->285428K(699072K)
[124.245s][info][gc,metaspace   ] GC(279) Metaspace: 67340K(68544K)->67340K(68544K) NonClass: 58905K(59456K)->58905K(59456K) Class: 8435K(9088K)->8435K(9088K)
[124.245s][info][gc             ] GC(279) Pause Young (Allocation Failure) 561M->311M(989M) 155.083ms
[124.245s][info][gc,cpu         ] GC(279) User=0.14s Sys=0.00s Real=0.14s
[124.425s][info][gc,start       ] GC(280) Pause Young (Allocation Failure)
[124.767s][info][gc,heap        ] GC(280) DefNew: 312808K(314560K)->19198K(314560K) Eden: 279616K(279616K)->0K(279616K) From: 33192K(34944K)->19198K(34944K)
[124.767s][info][gc,heap        ] GC(280) Tenured: 285428K(699072K)->314448K(699072K)
[124.767s][info][gc,metaspace   ] GC(280) Metaspace: 67341K(68544K)->67341K(68544K) NonClass: 58905K(59456K)->58905K(59456K) Class: 8435K(9088K)->8435K(9088K)
[124.767s][info][gc             ] GC(280) Pause Young (Allocation Failure) 584M->325M(989M) 342.621ms
[124.767s][info][gc,cpu         ] GC(280) User=0.16s Sys=0.02s Real=0.34s
[124.933s][info][gc,start       ] GC(281) Pause Young (Allocation Failure)
[125.071s][info][gc,heap        ] GC(281) DefNew: 298814K(314560K)->20489K(314560K) Eden: 279616K(279616K)->0K(279616K) From: 19198K(34944K)->20489K(34944K)
[125.071s][info][gc,heap        ] GC(281) Tenured: 314448K(699072K)->329987K(699072K)
[125.071s][info][gc,metaspace   ] GC(281) Metaspace: 67341K(68544K)->67341K(68544K) NonClass: 58905K(59456K)->58905K(59456K) Class: 8435K(9088K)->8435K(9088K)
[125.071s][info][gc             ] GC(281) Pause Young (Allocation Failure) 598M->342M(989M) 138.859ms
[125.071s][info][gc,cpu         ] GC(281) User=0.14s Sys=0.00s Real=0.14s
[125.322s][info][gc,start       ] GC(282) Pause Young (Allocation Failure)
[125.462s][info][gc,heap        ] GC(282) DefNew: 300105K(314560K)->20821K(314560K) Eden: 279616K(279616K)->0K(279616K) From: 20489K(34944K)->20821K(34944K)
[125.462s][info][gc,heap        ] GC(282) Tenured: 329987K(699072K)->345032K(699072K)
[125.462s][info][gc,metaspace   ] GC(282) Metaspace: 67342K(68544K)->67342K(68544K) NonClass: 58906K(59456K)->58906K(59456K) Class: 8435K(9088K)->8435K(9088K)
[125.463s][info][gc             ] GC(282) Pause Young (Allocation Failure) 615M->357M(989M) 140.882ms
[125.463s][info][gc,cpu         ] GC(282) User=0.14s Sys=0.00s Real=0.14s
[125.887s][info][gc,start       ] GC(283) Pause Young (Allocation Failure)
[125.989s][info][gc,heap        ] GC(283) DefNew: 300437K(314560K)->10309K(314560K) Eden: 279616K(279616K)->0K(279616K) From: 20821K(34944K)->10309K(34944K)
[125.989s][info][gc,heap        ] GC(283) Tenured: 345032K(699072K)->361846K(699072K)
[125.989s][info][gc,metaspace   ] GC(283) Metaspace: 67347K(68544K)->67347K(68544K) NonClass: 58911K(59456K)->58911K(59456K) Class: 8435K(9088K)->8435K(9088K)
[125.989s][info][gc             ] GC(283) Pause Young (Allocation Failure) 630M->363M(989M) 102.358ms
[125.989s][info][gc,cpu         ] GC(283) User=0.09s Sys=0.00s Real=0.09s
[126.878s][info][gc,start       ] GC(284) Pause Young (Allocation Failure)
[126.983s][info][gc,heap        ] GC(284) DefNew: 289925K(314560K)->28124K(314560K) Eden: 279616K(279616K)->0K(279616K) From: 10309K(34944K)->28124K(34944K)
[126.983s][info][gc,heap        ] GC(284) Tenured: 361846K(699072K)->361846K(699072K)
[126.983s][info][gc,metaspace   ] GC(284) Metaspace: 67366K(68544K)->67366K(68544K) NonClass: 58930K(59456K)->58930K(59456K) Class: 8436K(9088K)->8436K(9088K)
[126.983s][info][gc             ] GC(284) Pause Young (Allocation Failure) 636M->380M(989M) 105.023ms
[126.983s][info][gc,cpu         ] GC(284) User=0.11s Sys=0.00s Real=0.10s
[127.236s][info][gc,start       ] GC(285) Pause Young (Allocation Failure)
[127.479s][info][gc,heap        ] GC(285) DefNew: 307740K(314560K)->34943K(314560K) Eden: 279616K(279616K)->0K(279616K) From: 28124K(34944K)->34943K(34944K)
[127.479s][info][gc,heap        ] GC(285) Tenured: 361846K(699072K)->431080K(699072K)
[127.479s][info][gc,metaspace   ] GC(285) Metaspace: 67368K(68544K)->67368K(68544K) NonClass: 58931K(59456K)->58931K(59456K) Class: 8436K(9088K)->8436K(9088K)
[127.479s][info][gc             ] GC(285) Pause Young (Allocation Failure) 653M->455M(989M) 243.558ms
[127.480s][info][gc,cpu         ] GC(285) User=0.25s Sys=0.00s Real=0.25s
[127.603s][info][gc,start       ] GC(286) Pause Young (Allocation Failure)
[127.767s][info][gc,heap        ] GC(286) DefNew: 314559K(314560K)->34944K(314560K) Eden: 279616K(279616K)->0K(279616K) From: 34943K(34944K)->34944K(34944K)
[127.767s][info][gc,heap        ] GC(286) Tenured: 431080K(699072K)->476526K(699072K)
[127.767s][info][gc,metaspace   ] GC(286) Metaspace: 67373K(68544K)->67373K(68544K) NonClass: 58936K(59456K)->58936K(59456K) Class: 8436K(9088K)->8436K(9088K)
[127.767s][info][gc             ] GC(286) Pause Young (Allocation Failure) 728M->499M(989M) 164.154ms
[127.767s][info][gc,cpu         ] GC(286) User=0.17s Sys=0.00s Real=0.17s
[127.907s][info][gc,start       ] GC(287) Pause Young (Allocation Failure)
[128.115s][info][gc,heap        ] GC(287) DefNew: 314560K(314560K)->34612K(314560K) Eden: 279616K(279616K)->0K(279616K) From: 34944K(34944K)->34612K(34944K)
[128.115s][info][gc,heap        ] GC(287) Tenured: 476526K(699072K)->504658K(699072K)
[128.115s][info][gc,metaspace   ] GC(287) Metaspace: 67373K(68544K)->67373K(68544K) NonClass: 58936K(59456K)->58936K(59456K) Class: 8436K(9088K)->8436K(9088K)
[128.115s][info][gc             ] GC(287) Pause Young (Allocation Failure) 772M->526M(989M) 207.723ms
[128.115s][info][gc,cpu         ] GC(287) User=0.20s Sys=0.00s Real=0.20s
[128.294s][info][gc,start       ] GC(288) Pause Young (Allocation Failure)
[128.462s][info][gc,heap        ] GC(288) DefNew: 314228K(314560K)->34943K(314560K) Eden: 279616K(279616K)->0K(279616K) From: 34612K(34944K)->34943K(34944K)
[128.462s][info][gc,heap        ] GC(288) Tenured: 504658K(699072K)->530016K(699072K)
[128.462s][info][gc,metaspace   ] GC(288) Metaspace: 67373K(68544K)->67373K(68544K) NonClass: 58936K(59456K)->58936K(59456K) Class: 8436K(9088K)->8436K(9088K)
[128.462s][info][gc             ] GC(288) Pause Young (Allocation Failure) 799M->551M(989M) 168.312ms
[128.462s][info][gc,cpu         ] GC(288) User=0.17s Sys=0.00s Real=0.17s
[128.636s][info][gc,start       ] GC(289) Pause Young (Allocation Failure)
[128.799s][info][gc,heap        ] GC(289) DefNew: 314559K(314560K)->21245K(314560K) Eden: 279616K(279616K)->0K(279616K) From: 34943K(34944K)->21245K(34944K)
[128.799s][info][gc,heap        ] GC(289) Tenured: 530016K(699072K)->560494K(699072K)
[128.799s][info][gc,metaspace   ] GC(289) Metaspace: 67373K(68544K)->67373K(68544K) NonClass: 58936K(59456K)->58936K(59456K) Class: 8436K(9088K)->8436K(9088K)
[128.799s][info][gc             ] GC(289) Pause Young (Allocation Failure) 824M->568M(989M) 162.894ms
[128.799s][info][gc,cpu         ] GC(289) User=0.16s Sys=0.00s Real=0.16s
[128.995s][info][gc,start       ] GC(290) Pause Young (Allocation Failure)
[129.161s][info][gc,heap        ] GC(290) DefNew: 300861K(314560K)->18487K(314560K) Eden: 279616K(279616K)->0K(279616K) From: 21245K(34944K)->18487K(34944K)
[129.161s][info][gc,heap        ] GC(290) Tenured: 560494K(699072K)->577416K(699072K)
[129.161s][info][gc,metaspace   ] GC(290) Metaspace: 67373K(68544K)->67373K(68544K) NonClass: 58936K(59456K)->58936K(59456K) Class: 8436K(9088K)->8436K(9088K)
[129.161s][info][gc             ] GC(290) Pause Young (Allocation Failure) 841M->581M(989M) 165.951ms
[129.161s][info][gc,cpu         ] GC(290) User=0.17s Sys=0.00s Real=0.17s
[129.857s][info][gc,start       ] GC(291) Pause Young (Allocation Failure)
[130.031s][info][gc,heap        ] GC(291) DefNew: 298103K(314560K)->32020K(314560K) Eden: 279616K(279616K)->0K(279616K) From: 18487K(34944K)->32020K(34944K)
[130.031s][info][gc,heap        ] GC(291) Tenured: 577416K(699072K)->594249K(699072K)
[130.031s][info][gc,metaspace   ] GC(291) Metaspace: 67390K(68544K)->67390K(68544K) NonClass: 58953K(59456K)->58953K(59456K) Class: 8436K(9088K)->8436K(9088K)
[130.031s][info][gc             ] GC(291) Pause Young (Allocation Failure) 854M->611M(989M) 173.283ms
[130.031s][info][gc,cpu         ] GC(291) User=0.17s Sys=0.00s Real=0.18s
[130.327s][info][gc,start       ] GC(292) Pause Young (Allocation Failure)
[130.450s][info][gc,heap        ] GC(292) DefNew: 311636K(314560K)->29308K(314560K) Eden: 279616K(279616K)->0K(279616K) From: 32020K(34944K)->29308K(34944K)
[130.450s][info][gc,heap        ] GC(292) Tenured: 594249K(699072K)->600156K(699072K)
[130.450s][info][gc,metaspace   ] GC(292) Metaspace: 67434K(68608K)->67434K(68608K) NonClass: 58998K(59520K)->58998K(59520K) Class: 8436K(9088K)->8436K(9088K)
[130.450s][info][gc             ] GC(292) Pause Young (Allocation Failure) 884M->614M(989M) 123.223ms
[130.450s][info][gc,cpu         ] GC(292) User=0.13s Sys=0.00s Real=0.13s
[130.680s][info][gc,start       ] GC(293) Pause Young (Allocation Failure)
[130.783s][info][gc,heap        ] GC(293) DefNew: 308924K(314560K)->30095K(314560K) Eden: 279616K(279616K)->0K(279616K) From: 29308K(34944K)->30095K(34944K)
[130.783s][info][gc,heap        ] GC(293) Tenured: 600156K(699072K)->600198K(699072K)
[130.783s][info][gc,metaspace   ] GC(293) Metaspace: 67456K(68608K)->67456K(68608K) NonClass: 59019K(59520K)->59019K(59520K) Class: 8436K(9088K)->8436K(9088K)
[130.783s][info][gc             ] GC(293) Pause Young (Allocation Failure) 887M->615M(989M) 103.304ms
[130.783s][info][gc,cpu         ] GC(293) User=0.11s Sys=0.00s Real=0.11s
[131.161s][info][gc,start       ] GC(294) Pause Young (Allocation Failure)
[131.190s][info][gc,heap        ] GC(294) DefNew: 309711K(314560K)->8110K(314560K) Eden: 279616K(279616K)->0K(279616K) From: 30095K(34944K)->8110K(34944K)
[131.190s][info][gc,heap        ] GC(294) Tenured: 600198K(699072K)->600265K(699072K)
[131.190s][info][gc,metaspace   ] GC(294) Metaspace: 67468K(68672K)->67468K(68672K) NonClass: 59031K(59584K)->59031K(59584K) Class: 8437K(9088K)->8437K(9088K)
[131.190s][info][gc             ] GC(294) Pause Young (Allocation Failure) 888M->594M(989M) 28.685ms
[131.190s][info][gc,cpu         ] GC(294) User=0.03s Sys=0.00s Real=0.03s
[131.325s][info][gc,start       ] GC(295) Pause Young (Allocation Failure)
[131.443s][info][gc,heap        ] GC(295) DefNew: 287726K(314560K)->34944K(314560K) Eden: 279616K(279616K)->0K(279616K) From: 8110K(34944K)->34944K(34944K)
[131.443s][info][gc,heap        ] GC(295) Tenured: 600265K(699072K)->614944K(699072K)
[131.443s][info][gc,metaspace   ] GC(295) Metaspace: 67468K(68672K)->67468K(68672K) NonClass: 59031K(59584K)->59031K(59584K) Class: 8437K(9088K)->8437K(9088K)
[131.443s][info][gc             ] GC(295) Pause Young (Allocation Failure) 867M->634M(989M) 117.955ms
[131.443s][info][gc,cpu         ] GC(295) User=0.11s Sys=0.00s Real=0.11s
[131.818s][info][gc,start       ] GC(296) Pause Young (Allocation Failure)
[131.978s][info][gc,heap        ] GC(296) DefNew: 313395K(314560K)->34943K(314560K) Eden: 278451K(279616K)->0K(279616K) From: 34944K(34944K)->34943K(34944K)
[131.978s][info][gc,heap        ] GC(296) Tenured: 614944K(699072K)->645562K(699072K)
[131.978s][info][gc,metaspace   ] GC(296) Metaspace: 67468K(68672K)->67468K(68672K) NonClass: 59031K(59584K)->59031K(59584K) Class: 8437K(9088K)->8437K(9088K)
[131.978s][info][gc             ] GC(296) Pause Young (Allocation Failure) 906M->664M(989M) 159.644ms
[131.978s][info][gc,cpu         ] GC(296) User=0.16s Sys=0.00s Real=0.16s
[132.093s][info][gc,start       ] GC(297) Pause Young (Allocation Failure)
[132.094s][info][gc             ] GC(297) Pause Young (Allocation Failure) 937M->937M(989M) 0.263ms
[132.094s][info][gc,cpu         ] GC(297) User=0.00s Sys=0.00s Real=0.00s
[132.094s][info][gc,start       ] GC(298) Pause Full (Allocation Failure)
[132.094s][info][gc,phases,start] GC(298) Phase 1: Mark live objects
[132.249s][info][gc,phases      ] GC(298) Phase 1: Mark live objects 154.709ms
[132.249s][info][gc,phases,start] GC(298) Phase 2: Compute new object addresses
[132.456s][info][gc,phases      ] GC(298) Phase 2: Compute new object addresses 207.028ms
[132.456s][info][gc,phases,start] GC(298) Phase 3: Adjust pointers
[132.570s][info][gc,phases      ] GC(298) Phase 3: Adjust pointers 114.535ms
[132.570s][info][gc,phases,start] GC(298) Phase 4: Move objects
[132.605s][info][gc,phases      ] GC(298) Phase 4: Move objects 34.288ms
[132.611s][info][gc,heap        ] GC(298) DefNew: 314554K(314560K)->0K(314560K) Eden: 279610K(279616K)->0K(279616K) From: 34943K(34944K)->0K(34944K)
[132.611s][info][gc,heap        ] GC(298) Tenured: 645562K(699072K)->239935K(699072K)
[132.611s][info][gc,metaspace   ] GC(298) Metaspace: 67475K(68672K)->67475K(68672K) NonClass: 59038K(59584K)->59038K(59584K) Class: 8437K(9088K)->8437K(9088K)
[132.611s][info][gc             ] GC(298) Pause Full (Allocation Failure) 937M->234M(989M) 517.252ms
[132.611s][info][gc,cpu         ] GC(298) User=0.52s Sys=0.00s Real=0.51s
[132.739s][info][gc,start       ] GC(299) Pause Young (Allocation Failure)
[132.897s][info][gc,heap        ] GC(299) DefNew: 279616K(314560K)->34944K(314560K) Eden: 279616K(279616K)->0K(279616K) From: 0K(34944K)->34944K(34944K)
[132.897s][info][gc,heap        ] GC(299) Tenured: 239935K(699072K)->279916K(699072K)
[132.897s][info][gc,metaspace   ] GC(299) Metaspace: 67475K(68672K)->67475K(68672K) NonClass: 59038K(59584K)->59038K(59584K) Class: 8437K(9088K)->8437K(9088K)
[132.897s][info][gc             ] GC(299) Pause Young (Allocation Failure) 507M->307M(989M) 158.643ms
[132.897s][info][gc,cpu         ] GC(299) User=0.16s Sys=0.00s Real=0.16s
[133.027s][info][gc,start       ] GC(300) Pause Young (Allocation Failure)
[133.089s][info][gc,heap        ] GC(300) DefNew: 314560K(314560K)->16K(314560K) Eden: 279616K(279616K)->0K(279616K) From: 34944K(34944K)->16K(34944K)
[133.089s][info][gc,heap        ] GC(300) Tenured: 279916K(699072K)->314860K(699072K)
[133.089s][info][gc,metaspace   ] GC(300) Metaspace: 67475K(68672K)->67475K(68672K) NonClass: 59038K(59584K)->59038K(59584K) Class: 8437K(9088K)->8437K(9088K)
[133.089s][info][gc             ] GC(300) Pause Young (Allocation Failure) 580M->307M(989M) 62.044ms
[133.089s][info][gc,cpu         ] GC(300) User=0.06s Sys=0.00s Real=0.06s
[133.239s][info][gc,start       ] GC(301) Pause Full (System.gc())
[133.240s][info][gc,phases,start] GC(301) Phase 1: Mark live objects
[133.357s][info][gc,phases      ] GC(301) Phase 1: Mark live objects 117.855ms
[133.357s][info][gc,phases,start] GC(301) Phase 2: Compute new object addresses
[133.488s][info][gc,phases      ] GC(301) Phase 2: Compute new object addresses 130.460ms
[133.540s][info][gc,phases,start] GC(301) Phase 3: Adjust pointers
[133.632s][info][gc,phases      ] GC(301) Phase 3: Adjust pointers 91.171ms
[133.632s][info][gc,phases,start] GC(301) Phase 4: Move objects
[133.632s][info][gc,phases      ] GC(301) Phase 4: Move objects 0.026ms
[133.637s][info][gc,heap        ] GC(301) DefNew: 237755K(314560K)->0K(314560K) Eden: 237739K(279616K)->0K(279616K) From: 16K(34944K)->0K(34944K)
[133.637s][info][gc,heap        ] GC(301) Tenured: 314860K(699072K)->170430K(699072K)
[133.637s][info][gc,metaspace   ] GC(301) Metaspace: 67475K(68672K)->67475K(68672K) NonClass: 59038K(59584K)->59038K(59584K) Class: 8437K(9088K)->8437K(9088K)
[133.637s][info][gc             ] GC(301) Pause Full (System.gc()) 539M->166M(989M) 398.053ms
[133.638s][info][gc,cpu         ] GC(301) User=0.34s Sys=0.00s Real=0.40s
[133.807s][info][gc,start       ] GC(302) Pause Young (Allocation Failure)
[133.918s][info][gc,heap        ] GC(302) DefNew: 279616K(314560K)->34944K(314560K) Eden: 279616K(279616K)->0K(279616K) From: 0K(34944K)->34944K(34944K)
[133.918s][info][gc,heap        ] GC(302) Tenured: 170430K(699072K)->217278K(699072K)
[133.918s][info][gc,metaspace   ] GC(302) Metaspace: 67487K(68672K)->67487K(68672K) NonClass: 59050K(59584K)->59050K(59584K) Class: 8437K(9088K)->8437K(9088K)
[133.918s][info][gc             ] GC(302) Pause Young (Allocation Failure) 439M->246M(989M) 111.139ms
[133.918s][info][gc,cpu         ] GC(302) User=0.16s Sys=0.00s Real=0.11s
[134.057s][info][gc,start       ] GC(303) Pause Young (Allocation Failure)
[134.222s][info][gc,heap        ] GC(303) DefNew: 314560K(314560K)->34323K(314560K) Eden: 279616K(279616K)->0K(279616K) From: 34944K(34944K)->34323K(34944K)
[134.222s][info][gc,heap        ] GC(303) Tenured: 217278K(699072K)->251874K(699072K)
[134.222s][info][gc,metaspace   ] GC(303) Metaspace: 67487K(68672K)->67487K(68672K) NonClass: 59050K(59584K)->59050K(59584K) Class: 8437K(9088K)->8437K(9088K)
[134.222s][info][gc             ] GC(303) Pause Young (Allocation Failure) 519M->279M(989M) 165.198ms
[134.222s][info][gc,cpu         ] GC(303) User=0.17s Sys=0.00s Real=0.17s
[134.414s][info][gc,start       ] GC(304) Pause Young (Allocation Failure)
[134.577s][info][gc,heap        ] GC(304) DefNew: 313939K(314560K)->33226K(314560K) Eden: 279616K(279616K)->0K(279616K) From: 34323K(34944K)->33226K(34944K)
[134.577s][info][gc,heap        ] GC(304) Tenured: 251874K(699072K)->276636K(699072K)
[134.577s][info][gc,metaspace   ] GC(304) Metaspace: 67487K(68672K)->67487K(68672K) NonClass: 59050K(59584K)->59050K(59584K) Class: 8437K(9088K)->8437K(9088K)
[134.577s][info][gc             ] GC(304) Pause Young (Allocation Failure) 552M->302M(989M) 162.860ms
[134.577s][info][gc,cpu         ] GC(304) User=0.16s Sys=0.00s Real=0.16s
[134.753s][info][gc,start       ] GC(305) Pause Young (Allocation Failure)
[134.908s][info][gc,heap        ] GC(305) DefNew: 312842K(314560K)->19123K(314560K) Eden: 279616K(279616K)->0K(279616K) From: 33226K(34944K)->19123K(34944K)
[134.908s][info][gc,heap        ] GC(305) Tenured: 276636K(699072K)->305680K(699072K)
[134.908s][info][gc,metaspace   ] GC(305) Metaspace: 67487K(68672K)->67487K(68672K) NonClass: 59050K(59584K)->59050K(59584K) Class: 8437K(9088K)->8437K(9088K)
[134.908s][info][gc             ] GC(305) Pause Young (Allocation Failure) 575M->317M(989M) 154.896ms
[134.908s][info][gc,cpu         ] GC(305) User=0.16s Sys=0.00s Real=0.16s
[135.083s][info][gc,start       ] GC(306) Pause Young (Allocation Failure)
[135.251s][info][gc,heap        ] GC(306) DefNew: 298739K(314560K)->20125K(314560K) Eden: 279616K(279616K)->0K(279616K) From: 19123K(34944K)->20125K(34944K)
[135.251s][info][gc,heap        ] GC(306) Tenured: 305680K(699072K)->321046K(699072K)
[135.251s][info][gc,metaspace   ] GC(306) Metaspace: 67487K(68672K)->67487K(68672K) NonClass: 59050K(59584K)->59050K(59584K) Class: 8437K(9088K)->8437K(9088K)
[135.251s][info][gc             ] GC(306) Pause Young (Allocation Failure) 590M->333M(989M) 168.824ms
[135.252s][info][gc,cpu         ] GC(306) User=0.17s Sys=0.00s Real=0.17s
[135.501s][info][gc,start       ] GC(307) Pause Young (Allocation Failure)
[135.641s][info][gc,heap        ] GC(307) DefNew: 299741K(314560K)->20814K(314560K) Eden: 279616K(279616K)->0K(279616K) From: 20125K(34944K)->20814K(34944K)
[135.641s][info][gc,heap        ] GC(307) Tenured: 321046K(699072K)->335848K(699072K)
[135.641s][info][gc,metaspace   ] GC(307) Metaspace: 67487K(68672K)->67487K(68672K) NonClass: 59050K(59584K)->59050K(59584K) Class: 8437K(9088K)->8437K(9088K)
[135.641s][info][gc             ] GC(307) Pause Young (Allocation Failure) 606M->348M(989M) 140.816ms
[135.641s][info][gc,cpu         ] GC(307) User=0.14s Sys=0.00s Real=0.14s
[136.085s][info][gc,start       ] GC(308) Pause Young (Allocation Failure)
[136.189s][info][gc,heap        ] GC(308) DefNew: 300430K(314560K)->10173K(314560K) Eden: 279616K(279616K)->0K(279616K) From: 20814K(34944K)->10173K(34944K)
[136.189s][info][gc,heap        ] GC(308) Tenured: 335848K(699072K)->352694K(699072K)
[136.189s][info][gc,metaspace   ] GC(308) Metaspace: 67488K(68672K)->67488K(68672K) NonClass: 59051K(59584K)->59051K(59584K) Class: 8437K(9088K)->8437K(9088K)
[136.189s][info][gc             ] GC(308) Pause Young (Allocation Failure) 621M->354M(989M) 103.922ms
[136.189s][info][gc,cpu         ] GC(308) User=0.11s Sys=0.00s Real=0.11s
[137.072s][info][gc,start       ] GC(309) Pause Young (Allocation Failure)
[137.178s][info][gc,heap        ] GC(309) DefNew: 289789K(314560K)->27348K(314560K) Eden: 279616K(279616K)->0K(279616K) From: 10173K(34944K)->27348K(34944K)
[137.178s][info][gc,heap        ] GC(309) Tenured: 352694K(699072K)->352694K(699072K)
[137.178s][info][gc,metaspace   ] GC(309) Metaspace: 67490K(68672K)->67490K(68672K) NonClass: 59053K(59584K)->59053K(59584K) Class: 8437K(9088K)->8437K(9088K)
[137.178s][info][gc             ] GC(309) Pause Young (Allocation Failure) 627M->371M(989M) 106.058ms
[137.178s][info][gc,cpu         ] GC(309) User=0.11s Sys=0.00s Real=0.11s
[137.422s][info][gc,start       ] GC(310) Pause Young (Allocation Failure)
[137.658s][info][gc,heap        ] GC(310) DefNew: 306964K(314560K)->34944K(314560K) Eden: 279616K(279616K)->0K(279616K) From: 27348K(34944K)->34944K(34944K)
[137.658s][info][gc,heap        ] GC(310) Tenured: 352694K(699072K)->420342K(699072K)
[137.658s][info][gc,metaspace   ] GC(310) Metaspace: 67490K(68672K)->67490K(68672K) NonClass: 59053K(59584K)->59053K(59584K) Class: 8437K(9088K)->8437K(9088K)
[137.658s][info][gc             ] GC(310) Pause Young (Allocation Failure) 644M->444M(989M) 235.663ms
[137.658s][info][gc,cpu         ] GC(310) User=0.23s Sys=0.00s Real=0.25s
[137.773s][info][gc,start       ] GC(311) Pause Young (Allocation Failure)
[137.937s][info][gc,heap        ] GC(311) DefNew: 314560K(314560K)->34944K(314560K) Eden: 279616K(279616K)->0K(279616K) From: 34944K(34944K)->34944K(34944K)
[137.937s][info][gc,heap        ] GC(311) Tenured: 420342K(699072K)->467411K(699072K)
[137.937s][info][gc,metaspace   ] GC(311) Metaspace: 67490K(68672K)->67490K(68672K) NonClass: 59053K(59584K)->59053K(59584K) Class: 8437K(9088K)->8437K(9088K)
[137.937s][info][gc             ] GC(311) Pause Young (Allocation Failure) 717M->490M(989M) 164.389ms
[137.938s][info][gc,cpu         ] GC(311) User=0.17s Sys=0.00s Real=0.17s
[138.076s][info][gc,start       ] GC(312) Pause Young (Allocation Failure)
[138.276s][info][gc,heap        ] GC(312) DefNew: 314560K(314560K)->34944K(314560K) Eden: 279616K(279616K)->0K(279616K) From: 34944K(34944K)->34944K(34944K)
[138.276s][info][gc,heap        ] GC(312) Tenured: 467411K(699072K)->498960K(699072K)
[138.276s][info][gc,metaspace   ] GC(312) Metaspace: 67490K(68672K)->67490K(68672K) NonClass: 59053K(59584K)->59053K(59584K) Class: 8437K(9088K)->8437K(9088K)
[138.276s][info][gc             ] GC(312) Pause Young (Allocation Failure) 763M->521M(989M) 200.533ms
[138.276s][info][gc,cpu         ] GC(312) User=0.19s Sys=0.00s Real=0.19s
[138.435s][info][gc,start       ] GC(313) Pause Young (Allocation Failure)
[138.613s][info][gc,heap        ] GC(313) DefNew: 314560K(314560K)->34436K(314560K) Eden: 279616K(279616K)->0K(279616K) From: 34944K(34944K)->34436K(34944K)
[138.613s][info][gc,heap        ] GC(313) Tenured: 498960K(699072K)->521366K(699072K)
[138.613s][info][gc,metaspace   ] GC(313) Metaspace: 67490K(68672K)->67490K(68672K) NonClass: 59053K(59584K)->59053K(59584K) Class: 8437K(9088K)->8437K(9088K)
[138.613s][info][gc             ] GC(313) Pause Young (Allocation Failure) 794M->542M(989M) 178.135ms
[138.613s][info][gc,cpu         ] GC(313) User=0.19s Sys=0.00s Real=0.19s
[138.771s][info][gc,start       ] GC(314) Pause Young (Allocation Failure)
[138.941s][info][gc,heap        ] GC(314) DefNew: 314052K(314560K)->21215K(314560K) Eden: 279616K(279616K)->0K(279616K) From: 34436K(34944K)->21215K(34944K)
[138.941s][info][gc,heap        ] GC(314) Tenured: 521366K(699072K)->551311K(699072K)
[138.941s][info][gc,metaspace   ] GC(314) Metaspace: 67490K(68672K)->67490K(68672K) NonClass: 59053K(59584K)->59053K(59584K) Class: 8437K(9088K)->8437K(9088K)
[138.941s][info][gc             ] GC(314) Pause Young (Allocation Failure) 815M->559M(989M) 169.547ms
[138.941s][info][gc,cpu         ] GC(314) User=0.16s Sys=0.00s Real=0.17s
[139.124s][info][gc,start       ] GC(315) Pause Young (Allocation Failure)
[139.297s][info][gc,heap        ] GC(315) DefNew: 300831K(314560K)->19077K(314560K) Eden: 279616K(279616K)->0K(279616K) From: 21215K(34944K)->19077K(34944K)
[139.297s][info][gc,heap        ] GC(315) Tenured: 551311K(699072K)->568055K(699072K)
[139.297s][info][gc,metaspace   ] GC(315) Metaspace: 67490K(68672K)->67490K(68672K) NonClass: 59053K(59584K)->59053K(59584K) Class: 8437K(9088K)->8437K(9088K)
[139.297s][info][gc             ] GC(315) Pause Young (Allocation Failure) 832M->573M(989M) 173.164ms
[139.297s][info][gc,cpu         ] GC(315) User=0.17s Sys=0.00s Real=0.17s
[140.035s][info][gc,start       ] GC(316) Pause Young (Allocation Failure)
[140.210s][info][gc,heap        ] GC(316) DefNew: 298693K(314560K)->30418K(314560K) Eden: 279616K(279616K)->0K(279616K) From: 19077K(34944K)->30418K(34944K)
[140.210s][info][gc,heap        ] GC(316) Tenured: 568055K(699072K)->585923K(699072K)
[140.210s][info][gc,metaspace   ] GC(316) Metaspace: 67503K(68672K)->67503K(68672K) NonClass: 59065K(59584K)->59065K(59584K) Class: 8437K(9088K)->8437K(9088K)
[140.210s][info][gc             ] GC(316) Pause Young (Allocation Failure) 846M->601M(989M) 175.941ms
[140.210s][info][gc,cpu         ] GC(316) User=0.17s Sys=0.00s Real=0.18s
[140.498s][info][gc,start       ] GC(317) Pause Young (Allocation Failure)
[140.624s][info][gc,heap        ] GC(317) DefNew: 310034K(314560K)->29940K(314560K) Eden: 279616K(279616K)->0K(279616K) From: 30418K(34944K)->29940K(34944K)
[140.624s][info][gc,heap        ] GC(317) Tenured: 585923K(699072K)->590739K(699072K)
[140.624s][info][gc,metaspace   ] GC(317) Metaspace: 67510K(68672K)->67510K(68672K) NonClass: 59072K(59584K)->59072K(59584K) Class: 8437K(9088K)->8437K(9088K)
[140.624s][info][gc             ] GC(317) Pause Young (Allocation Failure) 874M->606M(989M) 125.981ms
[140.624s][info][gc,cpu         ] GC(317) User=0.13s Sys=0.02s Real=0.14s
[140.874s][info][gc,start       ] GC(318) Pause Young (Allocation Failure)
[140.985s][info][gc,heap        ] GC(318) DefNew: 309556K(314560K)->30784K(314560K) Eden: 279616K(279616K)->0K(279616K) From: 29940K(34944K)->30784K(34944K)
[140.985s][info][gc,heap        ] GC(318) Tenured: 590739K(699072K)->590784K(699072K)
[140.985s][info][gc,metaspace   ] GC(318) Metaspace: 67552K(68736K)->67552K(68736K) NonClass: 59114K(59648K)->59114K(59648K) Class: 8438K(9088K)->8438K(9088K)
[140.985s][info][gc             ] GC(318) Pause Young (Allocation Failure) 879M->607M(989M) 111.562ms
[140.985s][info][gc,cpu         ] GC(318) User=0.13s Sys=0.00s Real=0.13s
[141.374s][info][gc,start       ] GC(319) Pause Young (Allocation Failure)
[141.404s][info][gc,heap        ] GC(319) DefNew: 310400K(314560K)->8968K(314560K) Eden: 279616K(279616K)->0K(279616K) From: 30784K(34944K)->8968K(34944K)
[141.404s][info][gc,heap        ] GC(319) Tenured: 590784K(699072K)->590852K(699072K)
[141.404s][info][gc,metaspace   ] GC(319) Metaspace: 67559K(68736K)->67559K(68736K) NonClass: 59121K(59648K)->59121K(59648K) Class: 8438K(9088K)->8438K(9088K)
[141.404s][info][gc             ] GC(319) Pause Young (Allocation Failure) 880M->585M(989M) 30.866ms
[141.405s][info][gc,cpu         ] GC(319) User=0.03s Sys=0.00s Real=0.03s
[141.541s][info][gc,start       ] GC(320) Pause Young (Allocation Failure)
[141.661s][info][gc,heap        ] GC(320) DefNew: 288584K(314560K)->34943K(314560K) Eden: 279616K(279616K)->0K(279616K) From: 8968K(34944K)->34943K(34944K)
[141.661s][info][gc,heap        ] GC(320) Tenured: 590852K(699072K)->606844K(699072K)
[141.661s][info][gc,metaspace   ] GC(320) Metaspace: 67559K(68736K)->67559K(68736K) NonClass: 59121K(59648K)->59121K(59648K) Class: 8438K(9088K)->8438K(9088K)
[141.661s][info][gc             ] GC(320) Pause Young (Allocation Failure) 858M->626M(989M) 119.936ms
[141.661s][info][gc,cpu         ] GC(320) User=0.11s Sys=0.00s Real=0.11s
[142.033s][info][gc,start       ] GC(321) Pause Young (Allocation Failure)
[142.161s][info][gc,heap        ] GC(321) DefNew: 314170K(314560K)->34944K(314560K) Eden: 279226K(279616K)->0K(279616K) From: 34943K(34944K)->34944K(34944K)
[142.161s][info][gc,heap        ] GC(321) Tenured: 606844K(699072K)->626944K(699072K)
[142.161s][info][gc,metaspace   ] GC(321) Metaspace: 67559K(68736K)->67559K(68736K) NonClass: 59121K(59648K)->59121K(59648K) Class: 8438K(9088K)->8438K(9088K)
[142.161s][info][gc             ] GC(321) Pause Young (Allocation Failure) 899M->646M(989M) 127.499ms
[142.161s][info][gc,cpu         ] GC(321) User=0.13s Sys=0.00s Real=0.13s
[142.273s][info][gc,start       ] GC(322) Pause Young (Allocation Failure)
[142.340s][info][gc,heap        ] GC(322) DefNew: 312560K(314560K)->34542K(314560K) Eden: 277616K(279616K)->0K(279616K) From: 34944K(34944K)->34542K(34944K)
[142.340s][info][gc,heap        ] GC(322) Tenured: 626944K(699072K)->649277K(699072K)
[142.340s][info][gc,metaspace   ] GC(322) Metaspace: 67562K(68736K)->67562K(68736K) NonClass: 59124K(59648K)->59124K(59648K) Class: 8438K(9088K)->8438K(9088K)
[142.340s][info][gc             ] GC(322) Pause Young (Allocation Failure) 917M->667M(989M) 66.499ms
[142.340s][info][gc,cpu         ] GC(322) User=0.06s Sys=0.00s Real=0.06s
[142.518s][info][gc,start       ] GC(323) Pause Young (Allocation Failure)
[142.518s][info][gc             ] GC(323) Pause Young (Allocation Failure) 940M->940M(989M) 0.205ms
[142.518s][info][gc,cpu         ] GC(323) User=0.00s Sys=0.00s Real=0.00s
[142.518s][info][gc,start       ] GC(324) Pause Full (Allocation Failure)
[142.518s][info][gc,phases,start] GC(324) Phase 1: Mark live objects
[142.698s][info][gc,phases      ] GC(324) Phase 1: Mark live objects 179.956ms
[142.698s][info][gc,phases,start] GC(324) Phase 2: Compute new object addresses
[142.971s][info][gc,phases      ] GC(324) Phase 2: Compute new object addresses 272.921ms
[142.971s][info][gc,phases,start] GC(324) Phase 3: Adjust pointers
[143.103s][info][gc,phases      ] GC(324) Phase 3: Adjust pointers 132.012ms
[143.103s][info][gc,phases,start] GC(324) Phase 4: Move objects
[143.154s][info][gc,phases      ] GC(324) Phase 4: Move objects 50.853ms
[143.160s][info][gc,heap        ] GC(324) DefNew: 314158K(314560K)->0K(314560K) Eden: 279616K(279616K)->0K(279616K) From: 34542K(34944K)->0K(34944K)
[143.160s][info][gc,heap        ] GC(324) Tenured: 649277K(699072K)->236796K(699072K)
[143.160s][info][gc,metaspace   ] GC(324) Metaspace: 67568K(68736K)->67568K(68736K) NonClass: 59130K(59648K)->59130K(59648K) Class: 8438K(9088K)->8438K(9088K)
[143.161s][info][gc             ] GC(324) Pause Full (Allocation Failure) 940M->231M(989M) 642.737ms
[143.161s][info][gc,cpu         ] GC(324) User=0.64s Sys=0.00s Real=0.64s
[143.301s][info][gc,start       ] GC(325) Pause Young (Allocation Failure)
[143.307s][info][gc,heap        ] GC(325) DefNew: 279616K(314560K)->46K(314560K) Eden: 279616K(279616K)->0K(279616K) From: 0K(34944K)->46K(34944K)
[143.307s][info][gc,heap        ] GC(325) Tenured: 236796K(699072K)->236796K(699072K)
[143.307s][info][gc,metaspace   ] GC(325) Metaspace: 67571K(68736K)->67571K(68736K) NonClass: 59132K(59648K)->59132K(59648K) Class: 8438K(9088K)->8438K(9088K)
[143.307s][info][gc             ] GC(325) Pause Young (Allocation Failure) 504M->231M(989M) 5.263ms
[143.307s][info][gc,cpu         ] GC(325) User=0.00s Sys=0.00s Real=0.00s
[143.443s][info][gc,start       ] GC(326) Pause Full (System.gc())
[143.444s][info][gc,phases,start] GC(326) Phase 1: Mark live objects
[143.561s][info][gc,phases      ] GC(326) Phase 1: Mark live objects 117.172ms
[143.561s][info][gc,phases,start] GC(326) Phase 2: Compute new object addresses
[143.696s][info][gc,phases      ] GC(326) Phase 2: Compute new object addresses 135.362ms
[143.696s][info][gc,phases,start] GC(326) Phase 3: Adjust pointers
[143.775s][info][gc,phases      ] GC(326) Phase 3: Adjust pointers 79.193ms
[143.776s][info][gc,phases,start] GC(326) Phase 4: Move objects
[143.776s][info][gc,phases      ] GC(326) Phase 4: Move objects 0.027ms
[143.781s][info][gc,heap        ] GC(326) DefNew: 203455K(314560K)->0K(314560K) Eden: 203408K(279616K)->0K(279616K) From: 46K(34944K)->0K(34944K)
[143.781s][info][gc,heap        ] GC(326) Tenured: 236796K(699072K)->173816K(699072K)
[143.781s][info][gc,metaspace   ] GC(326) Metaspace: 67571K(68736K)->67571K(68736K) NonClass: 59132K(59648K)->59132K(59648K) Class: 8438K(9088K)->8438K(9088K)
[143.781s][info][gc             ] GC(326) Pause Full (System.gc()) 429M->169M(989M) 337.951ms
[143.781s][info][gc,cpu         ] GC(326) User=0.34s Sys=0.00s Real=0.34s
[143.951s][info][gc,start       ] GC(327) Pause Young (Allocation Failure)
[144.065s][info][gc,heap        ] GC(327) DefNew: 279616K(314560K)->34944K(314560K) Eden: 279616K(279616K)->0K(279616K) From: 0K(34944K)->34944K(34944K)
[144.065s][info][gc,heap        ] GC(327) Tenured: 173816K(699072K)->221632K(699072K)
[144.065s][info][gc,metaspace   ] GC(327) Metaspace: 67581K(68736K)->67581K(68736K) NonClass: 59143K(59648K)->59143K(59648K) Class: 8438K(9088K)->8438K(9088K)
[144.065s][info][gc             ] GC(327) Pause Young (Allocation Failure) 442M->250M(989M) 114.226ms
[144.065s][info][gc,cpu         ] GC(327) User=0.13s Sys=0.00s Real=0.13s
[144.212s][info][gc,start       ] GC(328) Pause Young (Allocation Failure)
[144.378s][info][gc,heap        ] GC(328) DefNew: 314560K(314560K)->33438K(314560K) Eden: 279616K(279616K)->0K(279616K) From: 34944K(34944K)->33438K(34944K)
[144.378s][info][gc,heap        ] GC(328) Tenured: 221632K(699072K)->256226K(699072K)
[144.378s][info][gc,metaspace   ] GC(328) Metaspace: 67581K(68736K)->67581K(68736K) NonClass: 59143K(59648K)->59143K(59648K) Class: 8438K(9088K)->8438K(9088K)
[144.378s][info][gc             ] GC(328) Pause Young (Allocation Failure) 523M->282M(989M) 166.094ms
[144.378s][info][gc,cpu         ] GC(328) User=0.17s Sys=0.00s Real=0.17s
[144.563s][info][gc,start       ] GC(329) Pause Young (Allocation Failure)
[144.723s][info][gc,heap        ] GC(329) DefNew: 313054K(314560K)->33245K(314560K) Eden: 279616K(279616K)->0K(279616K) From: 33438K(34944K)->33245K(34944K)
[144.723s][info][gc,heap        ] GC(329) Tenured: 256226K(699072K)->280081K(699072K)
[144.723s][info][gc,metaspace   ] GC(329) Metaspace: 67581K(68736K)->67581K(68736K) NonClass: 59143K(59648K)->59143K(59648K) Class: 8438K(9088K)->8438K(9088K)
[144.723s][info][gc             ] GC(329) Pause Young (Allocation Failure) 555M->305M(989M) 160.357ms
[144.723s][info][gc,cpu         ] GC(329) User=0.16s Sys=0.00s Real=0.16s
[144.903s][info][gc,start       ] GC(330) Pause Young (Allocation Failure)
[145.055s][info][gc,heap        ] GC(330) DefNew: 312861K(314560K)->19150K(314560K) Eden: 279616K(279616K)->0K(279616K) From: 33245K(34944K)->19150K(34944K)
[145.055s][info][gc,heap        ] GC(330) Tenured: 280081K(699072K)->309145K(699072K)
[145.055s][info][gc,metaspace   ] GC(330) Metaspace: 67581K(68736K)->67581K(68736K) NonClass: 59143K(59648K)->59143K(59648K) Class: 8438K(9088K)->8438K(9088K)
[145.055s][info][gc             ] GC(330) Pause Young (Allocation Failure) 579M->320M(989M) 152.097ms
[145.055s][info][gc,cpu         ] GC(330) User=0.14s Sys=0.00s Real=0.14s
[145.236s][info][gc,start       ] GC(331) Pause Young (Allocation Failure)
[145.381s][info][gc,heap        ] GC(331) DefNew: 298766K(314560K)->20185K(314560K) Eden: 279616K(279616K)->0K(279616K) From: 19150K(34944K)->20185K(34944K)
[145.381s][info][gc,heap        ] GC(331) Tenured: 309145K(699072K)->324554K(699072K)
[145.381s][info][gc,metaspace   ] GC(331) Metaspace: 67581K(68736K)->67581K(68736K) NonClass: 59143K(59648K)->59143K(59648K) Class: 8438K(9088K)->8438K(9088K)
[145.381s][info][gc             ] GC(331) Pause Young (Allocation Failure) 593M->336M(989M) 144.564ms
[145.381s][info][gc,cpu         ] GC(331) User=0.14s Sys=0.00s Real=0.14s
[145.632s][info][gc,start       ] GC(332) Pause Young (Allocation Failure)
[145.773s][info][gc,heap        ] GC(332) DefNew: 299801K(314560K)->20728K(314560K) Eden: 279616K(279616K)->0K(279616K) From: 20185K(34944K)->20728K(34944K)
[145.774s][info][gc,heap        ] GC(332) Tenured: 324554K(699072K)->339429K(699072K)
[145.774s][info][gc,metaspace   ] GC(332) Metaspace: 67581K(68736K)->67581K(68736K) NonClass: 59143K(59648K)->59143K(59648K) Class: 8438K(9088K)->8438K(9088K)
[145.774s][info][gc             ] GC(332) Pause Young (Allocation Failure) 609M->351M(989M) 141.970ms
[145.774s][info][gc,cpu         ] GC(332) User=0.14s Sys=0.00s Real=0.14s
[146.221s][info][gc,start       ] GC(333) Pause Young (Allocation Failure)
[146.324s][info][gc,heap        ] GC(333) DefNew: 300344K(314560K)->10058K(314560K) Eden: 279616K(279616K)->0K(279616K) From: 20728K(34944K)->10058K(34944K)
[146.324s][info][gc,heap        ] GC(333) Tenured: 339429K(699072K)->356227K(699072K)
[146.324s][info][gc,metaspace   ] GC(333) Metaspace: 67603K(68736K)->67603K(68736K) NonClass: 59164K(59648K)->59164K(59648K) Class: 8438K(9088K)->8438K(9088K)
[146.324s][info][gc             ] GC(333) Pause Young (Allocation Failure) 624M->357M(989M) 102.608ms
[146.324s][info][gc,cpu         ] GC(333) User=0.11s Sys=0.00s Real=0.11s
[147.201s][info][gc,start       ] GC(334) Pause Young (Allocation Failure)
[147.309s][info][gc,heap        ] GC(334) DefNew: 289674K(314560K)->28712K(314560K) Eden: 279616K(279616K)->0K(279616K) From: 10058K(34944K)->28712K(34944K)
[147.309s][info][gc,heap        ] GC(334) Tenured: 356227K(699072K)->356227K(699072K)
[147.309s][info][gc,metaspace   ] GC(334) Metaspace: 67664K(68800K)->67664K(68800K) NonClass: 59226K(59712K)->59226K(59712K) Class: 8438K(9088K)->8438K(9088K)
[147.309s][info][gc             ] GC(334) Pause Young (Allocation Failure) 630M->375M(989M) 107.941ms
[147.309s][info][gc,cpu         ] GC(334) User=0.11s Sys=0.00s Real=0.11s
[147.548s][info][gc,start       ] GC(335) Pause Young (Allocation Failure)
[147.784s][info][gc,heap        ] GC(335) DefNew: 308328K(314560K)->34943K(314560K) Eden: 279616K(279616K)->0K(279616K) From: 28712K(34944K)->34943K(34944K)
[147.784s][info][gc,heap        ] GC(335) Tenured: 356227K(699072K)->425521K(699072K)
[147.784s][info][gc,metaspace   ] GC(335) Metaspace: 67664K(68800K)->67664K(68800K) NonClass: 59226K(59712K)->59226K(59712K) Class: 8438K(9088K)->8438K(9088K)
[147.784s][info][gc             ] GC(335) Pause Young (Allocation Failure) 648M->449M(989M) 236.127ms
[147.784s][info][gc,cpu         ] GC(335) User=0.23s Sys=0.00s Real=0.23s
[147.902s][info][gc,start       ] GC(336) Pause Young (Allocation Failure)
[148.064s][info][gc,heap        ] GC(336) DefNew: 314559K(314560K)->34944K(314560K) Eden: 279616K(279616K)->0K(279616K) From: 34943K(34944K)->34944K(34944K)
[148.064s][info][gc,heap        ] GC(336) Tenured: 425521K(699072K)->471266K(699072K)
[148.064s][info][gc,metaspace   ] GC(336) Metaspace: 67664K(68800K)->67664K(68800K) NonClass: 59226K(59712K)->59226K(59712K) Class: 8438K(9088K)->8438K(9088K)
[148.064s][info][gc             ] GC(336) Pause Young (Allocation Failure) 722M->494M(989M) 161.968ms
[148.064s][info][gc,cpu         ] GC(336) User=0.16s Sys=0.00s Real=0.16s
[148.212s][info][gc,start       ] GC(337) Pause Young (Allocation Failure)
[148.412s][info][gc,heap        ] GC(337) DefNew: 314560K(314560K)->34433K(314560K) Eden: 279616K(279616K)->0K(279616K) From: 34944K(34944K)->34433K(34944K)
[148.412s][info][gc,heap        ] GC(337) Tenured: 471266K(699072K)->499338K(699072K)
[148.412s][info][gc,metaspace   ] GC(337) Metaspace: 67664K(68800K)->67664K(68800K) NonClass: 59226K(59712K)->59226K(59712K) Class: 8438K(9088K)->8438K(9088K)
[148.412s][info][gc             ] GC(337) Pause Young (Allocation Failure) 767M->521M(989M) 199.805ms
[148.412s][info][gc,cpu         ] GC(337) User=0.20s Sys=0.00s Real=0.20s
[148.578s][info][gc,start       ] GC(338) Pause Young (Allocation Failure)
[148.745s][info][gc,heap        ] GC(338) DefNew: 314049K(314560K)->34943K(314560K) Eden: 279616K(279616K)->0K(279616K) From: 34433K(34944K)->34943K(34944K)
[148.745s][info][gc,heap        ] GC(338) Tenured: 499338K(699072K)->524509K(699072K)
[148.745s][info][gc,metaspace   ] GC(338) Metaspace: 67664K(68800K)->67664K(68800K) NonClass: 59226K(59712K)->59226K(59712K) Class: 8438K(9088K)->8438K(9088K)
[148.745s][info][gc             ] GC(338) Pause Young (Allocation Failure) 794M->546M(989M) 167.275ms
[148.746s][info][gc,cpu         ] GC(338) User=0.17s Sys=0.00s Real=0.17s
[148.908s][info][gc,start       ] GC(339) Pause Young (Allocation Failure)
[149.074s][info][gc,heap        ] GC(339) DefNew: 314559K(314560K)->21182K(314560K) Eden: 279616K(279616K)->0K(279616K) From: 34943K(34944K)->21182K(34944K)
[149.074s][info][gc,heap        ] GC(339) Tenured: 524509K(699072K)->554961K(699072K)
[149.074s][info][gc,metaspace   ] GC(339) Metaspace: 67664K(68800K)->67664K(68800K) NonClass: 59226K(59712K)->59226K(59712K) Class: 8438K(9088K)->8438K(9088K)
[149.074s][info][gc             ] GC(339) Pause Young (Allocation Failure) 819M->562M(989M) 165.990ms
[149.074s][info][gc,cpu         ] GC(339) User=0.17s Sys=0.00s Real=0.17s
[149.269s][info][gc,start       ] GC(340) Pause Young (Allocation Failure)
[149.423s][info][gc,heap        ] GC(340) DefNew: 300798K(314560K)->18752K(314560K) Eden: 279616K(279616K)->0K(279616K) From: 21182K(34944K)->18752K(34944K)
[149.423s][info][gc,heap        ] GC(340) Tenured: 554961K(699072K)->571719K(699072K)
[149.423s][info][gc,metaspace   ] GC(340) Metaspace: 67665K(68800K)->67665K(68800K) NonClass: 59227K(59712K)->59227K(59712K) Class: 8438K(9088K)->8438K(9088K)
[149.423s][info][gc             ] GC(340) Pause Young (Allocation Failure) 835M->576M(989M) 154.663ms
[149.423s][info][gc,cpu         ] GC(340) User=0.16s Sys=0.00s Real=0.16s
[150.182s][info][gc,start       ] GC(341) Pause Young (Allocation Failure)
[150.365s][info][gc,heap        ] GC(341) DefNew: 298368K(314560K)->31336K(314560K) Eden: 279616K(279616K)->0K(279616K) From: 18752K(34944K)->31336K(34944K)
[150.366s][info][gc,heap        ] GC(341) Tenured: 571719K(699072K)->589310K(699072K)
[150.366s][info][gc,metaspace   ] GC(341) Metaspace: 67679K(68864K)->67679K(68864K) NonClass: 59241K(59776K)->59241K(59776K) Class: 8438K(9088K)->8438K(9088K)
[150.366s][info][gc             ] GC(341) Pause Young (Allocation Failure) 849M->606M(989M) 183.439ms
[150.366s][info][gc,cpu         ] GC(341) User=0.17s Sys=0.00s Real=0.17s
[150.633s][info][gc,start       ] GC(342) Pause Young (Allocation Failure)
[150.765s][info][gc,heap        ] GC(342) DefNew: 310952K(314560K)->29734K(314560K) Eden: 279616K(279616K)->0K(279616K) From: 31336K(34944K)->29734K(34944K)
[150.765s][info][gc,heap        ] GC(342) Tenured: 589310K(699072K)->594194K(699072K)
[150.765s][info][gc,metaspace   ] GC(342) Metaspace: 67702K(68864K)->67702K(68864K) NonClass: 59263K(59776K)->59263K(59776K) Class: 8439K(9088K)->8439K(9088K)
[150.765s][info][gc             ] GC(342) Pause Young (Allocation Failure) 879M->609M(989M) 132.031ms
[150.765s][info][gc,cpu         ] GC(342) User=0.14s Sys=0.00s Real=0.14s
[151.005s][info][gc,start       ] GC(343) Pause Young (Allocation Failure)
[151.120s][info][gc,heap        ] GC(343) DefNew: 309350K(314560K)->30435K(314560K) Eden: 279616K(279616K)->0K(279616K) From: 29734K(34944K)->30435K(34944K)
[151.120s][info][gc,heap        ] GC(343) Tenured: 594194K(699072K)->594239K(699072K)
[151.120s][info][gc,metaspace   ] GC(343) Metaspace: 67755K(68928K)->67755K(68928K) NonClass: 59316K(59840K)->59316K(59840K) Class: 8439K(9088K)->8439K(9088K)
[151.120s][info][gc             ] GC(343) Pause Young (Allocation Failure) 882M->610M(989M) 114.864ms
[151.120s][info][gc,cpu         ] GC(343) User=0.13s Sys=0.00s Real=0.13s
[151.495s][info][gc,start       ] GC(344) Pause Young (Allocation Failure)
[151.526s][info][gc,heap        ] GC(344) DefNew: 310051K(314560K)->8722K(314560K) Eden: 279616K(279616K)->0K(279616K) From: 30435K(34944K)->8722K(34944K)
[151.526s][info][gc,heap        ] GC(344) Tenured: 594239K(699072K)->594307K(699072K)
[151.526s][info][gc,metaspace   ] GC(344) Metaspace: 67785K(68928K)->67785K(68928K) NonClass: 59346K(59840K)->59346K(59840K) Class: 8439K(9088K)->8439K(9088K)
[151.526s][info][gc             ] GC(344) Pause Young (Allocation Failure) 883M->588M(989M) 31.284ms
[151.526s][info][gc,cpu         ] GC(344) User=0.03s Sys=0.00s Real=0.03s
[151.657s][info][gc,start       ] GC(345) Pause Young (Allocation Failure)
[151.775s][info][gc,heap        ] GC(345) DefNew: 288338K(314560K)->34944K(314560K) Eden: 279616K(279616K)->0K(279616K) From: 8722K(34944K)->34944K(34944K)
[151.775s][info][gc,heap        ] GC(345) Tenured: 594307K(699072K)->609259K(699072K)
[151.775s][info][gc,metaspace   ] GC(345) Metaspace: 67785K(68928K)->67785K(68928K) NonClass: 59346K(59840K)->59346K(59840K) Class: 8439K(9088K)->8439K(9088K)
[151.776s][info][gc             ] GC(345) Pause Young (Allocation Failure) 861M->629M(989M) 118.752ms
[151.776s][info][gc,cpu         ] GC(345) User=0.11s Sys=0.00s Real=0.11s
[152.135s][info][gc,start       ] GC(346) Pause Young (Allocation Failure)
[152.267s][info][gc,heap        ] GC(346) DefNew: 312984K(314560K)->33172K(314560K) Eden: 278040K(279616K)->0K(279616K) From: 34944K(34944K)->33172K(34944K)
[152.267s][info][gc,heap        ] GC(346) Tenured: 609259K(699072K)->635402K(699072K)
[152.267s][info][gc,metaspace   ] GC(346) Metaspace: 67786K(68928K)->67786K(68928K) NonClass: 59347K(59840K)->59347K(59840K) Class: 8439K(9088K)->8439K(9088K)
[152.267s][info][gc             ] GC(346) Pause Young (Allocation Failure) 900M->652M(989M) 131.804ms
[152.267s][info][gc,cpu         ] GC(346) User=0.14s Sys=0.00s Real=0.14s
[152.423s][info][gc,start       ] GC(347) Pause Young (Allocation Failure)
[152.519s][info][gc,heap        ] GC(347) DefNew: 312501K(314560K)->34944K(314560K) Eden: 279329K(279616K)->0K(279616K) From: 33172K(34944K)->34944K(34944K)
[152.519s][info][gc,heap        ] GC(347) Tenured: 635402K(699072K)->678167K(699072K)
[152.519s][info][gc,metaspace   ] GC(347) Metaspace: 67798K(68928K)->67798K(68928K) NonClass: 59358K(59840K)->59358K(59840K) Class: 8439K(9088K)->8439K(9088K)
[152.519s][info][gc             ] GC(347) Pause Young (Allocation Failure) 925M->696M(989M) 96.013ms
[152.519s][info][gc,cpu         ] GC(347) User=0.09s Sys=0.00s Real=0.09s
[152.719s][info][gc,start       ] GC(348) Pause Young (Allocation Failure)
[152.719s][info][gc             ] GC(348) Pause Young (Allocation Failure) 969M->969M(989M) 0.264ms
[152.719s][info][gc,cpu         ] GC(348) User=0.00s Sys=0.00s Real=0.00s
[152.719s][info][gc,start       ] GC(349) Pause Full (Allocation Failure)
[152.719s][info][gc,phases,start] GC(349) Phase 1: Mark live objects
[152.900s][info][gc,phases      ] GC(349) Phase 1: Mark live objects 181.241ms
[152.900s][info][gc,phases,start] GC(349) Phase 2: Compute new object addresses
[153.152s][info][gc,phases      ] GC(349) Phase 2: Compute new object addresses 251.957ms
[153.152s][info][gc,phases,start] GC(349) Phase 3: Adjust pointers
[153.284s][info][gc,phases      ] GC(349) Phase 3: Adjust pointers 131.370ms
[153.284s][info][gc,phases,start] GC(349) Phase 4: Move objects
[153.364s][info][gc,phases      ] GC(349) Phase 4: Move objects 79.838ms
[153.370s][info][gc,heap        ] GC(349) DefNew: 314560K(314560K)->0K(314560K) Eden: 279616K(279616K)->0K(279616K) From: 34944K(34944K)->0K(34944K)
[153.370s][info][gc,heap        ] GC(349) Tenured: 678167K(699072K)->211741K(699072K)
[153.370s][info][gc,metaspace   ] GC(349) Metaspace: 67810K(68992K)->67810K(68992K) NonClass: 59371K(59904K)->59371K(59904K) Class: 8439K(9088K)->8439K(9088K)
[153.370s][info][gc             ] GC(349) Pause Full (Allocation Failure) 969M->206M(989M) 651.195ms
[153.370s][info][gc,cpu         ] GC(349) User=0.66s Sys=0.00s Real=0.66s
[153.495s][info][gc,start       ] GC(350) Pause Young (Allocation Failure)
[153.500s][info][gc,heap        ] GC(350) DefNew: 279616K(314560K)->43K(314560K) Eden: 279616K(279616K)->0K(279616K) From: 0K(34944K)->43K(34944K)
[153.500s][info][gc,heap        ] GC(350) Tenured: 211741K(699072K)->211741K(699072K)
[153.500s][info][gc,metaspace   ] GC(350) Metaspace: 67810K(68992K)->67810K(68992K) NonClass: 59371K(59904K)->59371K(59904K) Class: 8439K(9088K)->8439K(9088K)
[153.501s][info][gc             ] GC(350) Pause Young (Allocation Failure) 479M->206M(989M) 5.115ms
[153.501s][info][gc,cpu         ] GC(350) User=0.00s Sys=0.00s Real=0.00s
[153.625s][info][gc,start       ] GC(351) Pause Full (System.gc())
[153.625s][info][gc,phases,start] GC(351) Phase 1: Mark live objects
[153.745s][info][gc,phases      ] GC(351) Phase 1: Mark live objects 120.541ms
[153.745s][info][gc,phases,start] GC(351) Phase 2: Compute new object addresses
[153.866s][info][gc,phases      ] GC(351) Phase 2: Compute new object addresses 120.524ms
[153.866s][info][gc,phases,start] GC(351) Phase 3: Adjust pointers
[153.945s][info][gc,phases      ] GC(351) Phase 3: Adjust pointers 79.154ms
[153.945s][info][gc,phases,start] GC(351) Phase 4: Move objects
[153.945s][info][gc,phases      ] GC(351) Phase 4: Move objects 0.023ms
[153.951s][info][gc,heap        ] GC(351) DefNew: 203146K(314560K)->0K(314560K) Eden: 203103K(279616K)->0K(279616K) From: 43K(34944K)->0K(34944K)
[153.951s][info][gc,heap        ] GC(351) Tenured: 211741K(699072K)->178358K(699072K)
[153.951s][info][gc,metaspace   ] GC(351) Metaspace: 67810K(68992K)->67810K(68992K) NonClass: 59371K(59904K)->59371K(59904K) Class: 8439K(9088K)->8439K(9088K)
[153.951s][info][gc             ] GC(351) Pause Full (System.gc()) 405M->174M(989M) 326.344ms
[153.951s][info][gc,cpu         ] GC(351) User=0.33s Sys=0.00s Real=0.33s
[154.105s][info][gc,start       ] GC(352) Pause Young (Allocation Failure)
[154.217s][info][gc,heap        ] GC(352) DefNew: 279616K(314560K)->34944K(314560K) Eden: 279616K(279616K)->0K(279616K) From: 0K(34944K)->34944K(34944K)
[154.217s][info][gc,heap        ] GC(352) Tenured: 178358K(699072K)->226936K(699072K)
[154.217s][info][gc,metaspace   ] GC(352) Metaspace: 67818K(68992K)->67818K(68992K) NonClass: 59379K(59904K)->59379K(59904K) Class: 8439K(9088K)->8439K(9088K)
[154.217s][info][gc             ] GC(352) Pause Young (Allocation Failure) 447M->255M(989M) 111.863ms
[154.217s][info][gc,cpu         ] GC(352) User=0.11s Sys=0.00s Real=0.11s
[154.366s][info][gc,start       ] GC(353) Pause Young (Allocation Failure)
[154.542s][info][gc,heap        ] GC(353) DefNew: 314560K(314560K)->32492K(314560K) Eden: 279616K(279616K)->0K(279616K) From: 34944K(34944K)->32492K(34944K)
[154.542s][info][gc,heap        ] GC(353) Tenured: 226936K(699072K)->261628K(699072K)
[154.542s][info][gc,metaspace   ] GC(353) Metaspace: 67818K(68992K)->67818K(68992K) NonClass: 59379K(59904K)->59379K(59904K) Class: 8439K(9088K)->8439K(9088K)
[154.542s][info][gc             ] GC(353) Pause Young (Allocation Failure) 528M->287M(989M) 175.561ms
[154.542s][info][gc,cpu         ] GC(353) User=0.19s Sys=0.00s Real=0.19s
[154.726s][info][gc,start       ] GC(354) Pause Young (Allocation Failure)
[154.881s][info][gc,heap        ] GC(354) DefNew: 312108K(314560K)->33263K(314560K) Eden: 279616K(279616K)->0K(279616K) From: 32492K(34944K)->33263K(34944K)
[154.881s][info][gc,heap        ] GC(354) Tenured: 261628K(699072K)->284546K(699072K)
[154.881s][info][gc,metaspace   ] GC(354) Metaspace: 67818K(68992K)->67818K(68992K) NonClass: 59379K(59904K)->59379K(59904K) Class: 8439K(9088K)->8439K(9088K)
[154.881s][info][gc             ] GC(354) Pause Young (Allocation Failure) 560M->310M(989M) 155.212ms
[154.881s][info][gc,cpu         ] GC(354) User=0.16s Sys=0.00s Real=0.16s
[155.065s][info][gc,start       ] GC(355) Pause Young (Allocation Failure)
[155.217s][info][gc,heap        ] GC(355) DefNew: 312879K(314560K)->19166K(314560K) Eden: 279616K(279616K)->0K(279616K) From: 33263K(34944K)->19166K(34944K)
[155.217s][info][gc,heap        ] GC(355) Tenured: 284546K(699072K)->313629K(699072K)
[155.217s][info][gc,metaspace   ] GC(355) Metaspace: 67818K(68992K)->67818K(68992K) NonClass: 59379K(59904K)->59379K(59904K) Class: 8439K(9088K)->8439K(9088K)
[155.217s][info][gc             ] GC(355) Pause Young (Allocation Failure) 583M->324M(989M) 152.184ms
[155.217s][info][gc,cpu         ] GC(355) User=0.14s Sys=0.00s Real=0.14s
[155.382s][info][gc,start       ] GC(356) Pause Young (Allocation Failure)
[155.542s][info][gc,heap        ] GC(356) DefNew: 298782K(314560K)->20536K(314560K) Eden: 279616K(279616K)->0K(279616K) From: 19166K(34944K)->20536K(34944K)
[155.542s][info][gc,heap        ] GC(356) Tenured: 313629K(699072K)->328990K(699072K)
[155.542s][info][gc,metaspace   ] GC(356) Metaspace: 67818K(68992K)->67818K(68992K) NonClass: 59379K(59904K)->59379K(59904K) Class: 8439K(9088K)->8439K(9088K)
[155.543s][info][gc             ] GC(356) Pause Young (Allocation Failure) 598M->341M(989M) 160.523ms
[155.543s][info][gc,cpu         ] GC(356) User=0.16s Sys=0.00s Real=0.16s
[155.807s][info][gc,start       ] GC(357) Pause Young (Allocation Failure)
[155.947s][info][gc,heap        ] GC(357) DefNew: 300152K(314560K)->20617K(314560K) Eden: 279616K(279616K)->0K(279616K) From: 20536K(34944K)->20617K(34944K)
[155.947s][info][gc,heap        ] GC(357) Tenured: 328990K(699072K)->344149K(699072K)
[155.947s][info][gc,metaspace   ] GC(357) Metaspace: 67818K(68992K)->67818K(68992K) NonClass: 59379K(59904K)->59379K(59904K) Class: 8439K(9088K)->8439K(9088K)
[155.947s][info][gc             ] GC(357) Pause Young (Allocation Failure) 614M->356M(989M) 140.037ms
[155.947s][info][gc,cpu         ] GC(357) User=0.16s Sys=0.00s Real=0.15s
[156.383s][info][gc,start       ] GC(358) Pause Young (Allocation Failure)
[156.484s][info][gc,heap        ] GC(358) DefNew: 300233K(314560K)->10284K(314560K) Eden: 279616K(279616K)->0K(279616K) From: 20617K(34944K)->10284K(34944K)
[156.484s][info][gc,heap        ] GC(358) Tenured: 344149K(699072K)->360710K(699072K)
[156.484s][info][gc,metaspace   ] GC(358) Metaspace: 67819K(68992K)->67819K(68992K) NonClass: 59380K(59904K)->59380K(59904K) Class: 8439K(9088K)->8439K(9088K)
[156.484s][info][gc             ] GC(358) Pause Young (Allocation Failure) 629M->362M(989M) 100.575ms
[156.484s][info][gc,cpu         ] GC(358) User=0.09s Sys=0.00s Real=0.09s
[157.348s][info][gc,start       ] GC(359) Pause Young (Allocation Failure)
[157.454s][info][gc,heap        ] GC(359) DefNew: 289900K(314560K)->28790K(314560K) Eden: 279616K(279616K)->0K(279616K) From: 10284K(34944K)->28790K(34944K)
[157.454s][info][gc,heap        ] GC(359) Tenured: 360710K(699072K)->360710K(699072K)
[157.454s][info][gc,metaspace   ] GC(359) Metaspace: 67844K(68992K)->67844K(68992K) NonClass: 59405K(59904K)->59405K(59904K) Class: 8439K(9088K)->8439K(9088K)
[157.454s][info][gc             ] GC(359) Pause Young (Allocation Failure) 635M->380M(989M) 105.343ms
[157.454s][info][gc,cpu         ] GC(359) User=0.09s Sys=0.00s Real=0.09s
[157.712s][info][gc,start       ] GC(360) Pause Young (Allocation Failure)
[157.948s][info][gc,heap        ] GC(360) DefNew: 308406K(314560K)->34944K(314560K) Eden: 279616K(279616K)->0K(279616K) From: 28790K(34944K)->34944K(34944K)
[157.948s][info][gc,heap        ] GC(360) Tenured: 360710K(699072K)->430391K(699072K)
[157.948s][info][gc,metaspace   ] GC(360) Metaspace: 67844K(68992K)->67844K(68992K) NonClass: 59405K(59904K)->59405K(59904K) Class: 8439K(9088K)->8439K(9088K)
[157.948s][info][gc             ] GC(360) Pause Young (Allocation Failure) 653M->454M(989M) 236.094ms
[157.948s][info][gc,cpu         ] GC(360) User=0.23s Sys=0.00s Real=0.23s
[158.066s][info][gc,start       ] GC(361) Pause Young (Allocation Failure)
[158.229s][info][gc,heap        ] GC(361) DefNew: 314560K(314560K)->34944K(314560K) Eden: 279616K(279616K)->0K(279616K) From: 34944K(34944K)->34944K(34944K)
[158.229s][info][gc,heap        ] GC(361) Tenured: 430391K(699072K)->475709K(699072K)
[158.229s][info][gc,metaspace   ] GC(361) Metaspace: 67844K(68992K)->67844K(68992K) NonClass: 59405K(59904K)->59405K(59904K) Class: 8439K(9088K)->8439K(9088K)
[158.229s][info][gc             ] GC(361) Pause Young (Allocation Failure) 727M->498M(989M) 163.246ms
[158.229s][info][gc,cpu         ] GC(361) User=0.16s Sys=0.00s Real=0.16s
[158.381s][info][gc,start       ] GC(362) Pause Young (Allocation Failure)
[158.576s][info][gc,heap        ] GC(362) DefNew: 314560K(314560K)->34431K(314560K) Eden: 279616K(279616K)->0K(279616K) From: 34944K(34944K)->34431K(34944K)
[158.576s][info][gc,heap        ] GC(362) Tenured: 475709K(699072K)->503803K(699072K)
[158.576s][info][gc,metaspace   ] GC(362) Metaspace: 67844K(68992K)->67844K(68992K) NonClass: 59405K(59904K)->59405K(59904K) Class: 8439K(9088K)->8439K(9088K)
[158.576s][info][gc             ] GC(362) Pause Young (Allocation Failure) 771M->525M(989M) 195.797ms
[158.576s][info][gc,cpu         ] GC(362) User=0.19s Sys=0.00s Real=0.19s
[158.731s][info][gc,start       ] GC(363) Pause Young (Allocation Failure)
[158.900s][info][gc,heap        ] GC(363) DefNew: 314047K(314560K)->34943K(314560K) Eden: 279616K(279616K)->0K(279616K) From: 34431K(34944K)->34943K(34944K)
[158.900s][info][gc,heap        ] GC(363) Tenured: 503803K(699072K)->528915K(699072K)
[158.900s][info][gc,metaspace   ] GC(363) Metaspace: 67844K(68992K)->67844K(68992K) NonClass: 59405K(59904K)->59405K(59904K) Class: 8439K(9088K)->8439K(9088K)
[158.900s][info][gc             ] GC(363) Pause Young (Allocation Failure) 798M->550M(989M) 169.009ms
[158.900s][info][gc,cpu         ] GC(363) User=0.17s Sys=0.00s Real=0.17s
[159.051s][info][gc,start       ] GC(364) Pause Young (Allocation Failure)
[159.220s][info][gc,heap        ] GC(364) DefNew: 314559K(314560K)->21185K(314560K) Eden: 279616K(279616K)->0K(279616K) From: 34943K(34944K)->21185K(34944K)
[159.220s][info][gc,heap        ] GC(364) Tenured: 528915K(699072K)->559379K(699072K)
[159.220s][info][gc,metaspace   ] GC(364) Metaspace: 67845K(68992K)->67845K(68992K) NonClass: 59406K(59904K)->59406K(59904K) Class: 8439K(9088K)->8439K(9088K)
[159.220s][info][gc             ] GC(364) Pause Young (Allocation Failure) 823M->566M(989M) 169.138ms
[159.220s][info][gc,cpu         ] GC(364) User=0.17s Sys=0.00s Real=0.17s
[159.420s][info][gc,start       ] GC(365) Pause Young (Allocation Failure)
[159.577s][info][gc,heap        ] GC(365) DefNew: 300801K(314560K)->18814K(314560K) Eden: 279616K(279616K)->0K(279616K) From: 21185K(34944K)->18814K(34944K)
[159.577s][info][gc,heap        ] GC(365) Tenured: 559379K(699072K)->576116K(699072K)
[159.577s][info][gc,metaspace   ] GC(365) Metaspace: 67845K(68992K)->67845K(68992K) NonClass: 59406K(59904K)->59406K(59904K) Class: 8439K(9088K)->8439K(9088K)
[159.577s][info][gc             ] GC(365) Pause Young (Allocation Failure) 840M->580M(989M) 156.932ms
[159.577s][info][gc,cpu         ] GC(365) User=0.16s Sys=0.00s Real=0.15s
[160.327s][info][gc,start       ] GC(366) Pause Young (Allocation Failure)
[160.501s][info][gc,heap        ] GC(366) DefNew: 298430K(314560K)->30786K(314560K) Eden: 279616K(279616K)->0K(279616K) From: 18814K(34944K)->30786K(34944K)
[160.501s][info][gc,heap        ] GC(366) Tenured: 576116K(699072K)->593545K(699072K)
[160.501s][info][gc,metaspace   ] GC(366) Metaspace: 67847K(68992K)->67847K(68992K) NonClass: 59408K(59904K)->59408K(59904K) Class: 8439K(9088K)->8439K(9088K)
[160.501s][info][gc             ] GC(366) Pause Young (Allocation Failure) 854M->609M(989M) 174.466ms
[160.501s][info][gc,cpu         ] GC(366) User=0.17s Sys=0.00s Real=0.17s
[160.786s][info][gc,start       ] GC(367) Pause Young (Allocation Failure)
[160.913s][info][gc,heap        ] GC(367) DefNew: 310402K(314560K)->29794K(314560K) Eden: 279616K(279616K)->0K(279616K) From: 30786K(34944K)->29794K(34944K)
[160.913s][info][gc,heap        ] GC(367) Tenured: 593545K(699072K)->598904K(699072K)
[160.913s][info][gc,metaspace   ] GC(367) Metaspace: 67874K(68992K)->67874K(68992K) NonClass: 59435K(59904K)->59435K(59904K) Class: 8439K(9088K)->8439K(9088K)
[160.913s][info][gc             ] GC(367) Pause Young (Allocation Failure) 882M->613M(989M) 127.387ms
[160.913s][info][gc,cpu         ] GC(367) User=0.13s Sys=0.00s Real=0.13s
[161.136s][info][gc,start       ] GC(368) Pause Young (Allocation Failure)
[161.242s][info][gc,heap        ] GC(368) DefNew: 309410K(314560K)->30524K(314560K) Eden: 279616K(279616K)->0K(279616K) From: 29794K(34944K)->30524K(34944K)
[161.242s][info][gc,heap        ] GC(368) Tenured: 598904K(699072K)->598948K(699072K)
[161.242s][info][gc,metaspace   ] GC(368) Metaspace: 67883K(69056K)->67883K(69056K) NonClass: 59444K(59968K)->59444K(59968K) Class: 8439K(9088K)->8439K(9088K)
[161.242s][info][gc             ] GC(368) Pause Young (Allocation Failure) 887M->614M(989M) 106.306ms
[161.242s][info][gc,cpu         ] GC(368) User=0.11s Sys=0.00s Real=0.11s
[161.644s][info][gc,start       ] GC(369) Pause Young (Allocation Failure)
[161.675s][info][gc,heap        ] GC(369) DefNew: 310140K(314560K)->8754K(314560K) Eden: 279616K(279616K)->0K(279616K) From: 30524K(34944K)->8754K(34944K)
[161.675s][info][gc,heap        ] GC(369) Tenured: 598948K(699072K)->599017K(699072K)
[161.675s][info][gc,metaspace   ] GC(369) Metaspace: 67884K(69056K)->67884K(69056K) NonClass: 59445K(59968K)->59445K(59968K) Class: 8439K(9088K)->8439K(9088K)
[161.675s][info][gc             ] GC(369) Pause Young (Allocation Failure) 887M->593M(989M) 31.133ms
[161.675s][info][gc,cpu         ] GC(369) User=0.03s Sys=0.00s Real=0.03s
[161.803s][info][gc,start       ] GC(370) Pause Young (Allocation Failure)
[161.924s][info][gc,heap        ] GC(370) DefNew: 288370K(314560K)->34943K(314560K) Eden: 279616K(279616K)->0K(279616K) From: 8754K(34944K)->34943K(34944K)
[161.924s][info][gc,heap        ] GC(370) Tenured: 599017K(699072K)->614365K(699072K)
[161.924s][info][gc,metaspace   ] GC(370) Metaspace: 67884K(69056K)->67884K(69056K) NonClass: 59445K(59968K)->59445K(59968K) Class: 8439K(9088K)->8439K(9088K)
[161.924s][info][gc             ] GC(370) Pause Young (Allocation Failure) 866M->634M(989M) 120.879ms
[161.924s][info][gc,cpu         ] GC(370) User=0.13s Sys=0.00s Real=0.13s
[162.273s][info][gc,start       ] GC(371) Pause Young (Allocation Failure)
[162.400s][info][gc,heap        ] GC(371) DefNew: 314559K(314560K)->34675K(314560K) Eden: 279616K(279616K)->0K(279616K) From: 34943K(34944K)->34675K(34944K)
[162.401s][info][gc,heap        ] GC(371) Tenured: 614365K(699072K)->640418K(699072K)
[162.401s][info][gc,metaspace   ] GC(371) Metaspace: 67885K(69056K)->67885K(69056K) NonClass: 59446K(59968K)->59446K(59968K) Class: 8439K(9088K)->8439K(9088K)
[162.401s][info][gc             ] GC(371) Pause Young (Allocation Failure) 907M->659M(989M) 127.155ms
[162.401s][info][gc,cpu         ] GC(371) User=0.13s Sys=0.00s Real=0.13s
[162.556s][info][gc,start       ] GC(372) Pause Young (Allocation Failure)
[162.626s][info][gc,heap        ] GC(372) DefNew: 309555K(314560K)->34944K(314560K) Eden: 274879K(279616K)->0K(279616K) From: 34675K(34944K)->34944K(34944K)
[162.626s][info][gc,heap        ] GC(372) Tenured: 640418K(699072K)->654742K(699072K)
[162.626s][info][gc,metaspace   ] GC(372) Metaspace: 67885K(69056K)->67885K(69056K) NonClass: 59446K(59968K)->59446K(59968K) Class: 8439K(9088K)->8439K(9088K)
[162.626s][info][gc             ] GC(372) Pause Young (Allocation Failure) 927M->673M(989M) 69.269ms
[162.626s][info][gc,cpu         ] GC(372) User=0.06s Sys=0.00s Real=0.06s
[162.808s][info][gc,start       ] GC(373) Pause Young (Allocation Failure)
[162.808s][info][gc             ] GC(373) Pause Young (Allocation Failure) 946M->946M(989M) 0.259ms
[162.808s][info][gc,cpu         ] GC(373) User=0.00s Sys=0.00s Real=0.00s
[162.808s][info][gc,start       ] GC(374) Pause Full (Allocation Failure)
[162.809s][info][gc,phases,start] GC(374) Phase 1: Mark live objects
[162.991s][info][gc,phases      ] GC(374) Phase 1: Mark live objects 182.647ms
[162.991s][info][gc,phases,start] GC(374) Phase 2: Compute new object addresses
[163.247s][info][gc,phases      ] GC(374) Phase 2: Compute new object addresses 255.616ms
[163.247s][info][gc,phases,start] GC(374) Phase 3: Adjust pointers
[163.377s][info][gc,phases      ] GC(374) Phase 3: Adjust pointers 129.786ms
[163.377s][info][gc,phases,start] GC(374) Phase 4: Move objects
[163.413s][info][gc,phases      ] GC(374) Phase 4: Move objects 36.611ms
[163.420s][info][gc,heap        ] GC(374) DefNew: 314560K(314560K)->0K(314560K) Eden: 279616K(279616K)->0K(279616K) From: 34944K(34944K)->0K(34944K)
[163.420s][info][gc,heap        ] GC(374) Tenured: 654742K(699072K)->241753K(699072K)
[163.420s][info][gc,metaspace   ] GC(374) Metaspace: 67887K(69056K)->67887K(69056K) NonClass: 59448K(59968K)->59448K(59968K) Class: 8439K(9088K)->8439K(9088K)
[163.420s][info][gc             ] GC(374) Pause Full (Allocation Failure) 946M->236M(989M) 611.337ms
[163.420s][info][gc,cpu         ] GC(374) User=0.61s Sys=0.00s Real=0.61s
[163.546s][info][gc,start       ] GC(375) Pause Young (Allocation Failure)
[163.551s][info][gc,heap        ] GC(375) DefNew: 279616K(314560K)->45K(314560K) Eden: 279616K(279616K)->0K(279616K) From: 0K(34944K)->45K(34944K)
[163.551s][info][gc,heap        ] GC(375) Tenured: 241753K(699072K)->241753K(699072K)
[163.551s][info][gc,metaspace   ] GC(375) Metaspace: 67888K(69056K)->67888K(69056K) NonClass: 59448K(59968K)->59448K(59968K) Class: 8439K(9088K)->8439K(9088K)
[163.551s][info][gc             ] GC(375) Pause Young (Allocation Failure) 509M->236M(989M) 5.133ms
[163.551s][info][gc,cpu         ] GC(375) User=0.02s Sys=0.00s Real=0.02s
[163.690s][info][gc,start       ] GC(376) Pause Full (System.gc())
[163.690s][info][gc,phases,start] GC(376) Phase 1: Mark live objects
[163.809s][info][gc,phases      ] GC(376) Phase 1: Mark live objects 118.734ms
[163.809s][info][gc,phases,start] GC(376) Phase 2: Compute new object addresses
[163.930s][info][gc,phases      ] GC(376) Phase 2: Compute new object addresses 121.290ms
[163.930s][info][gc,phases,start] GC(376) Phase 3: Adjust pointers
[164.011s][info][gc,phases      ] GC(376) Phase 3: Adjust pointers 80.796ms
[164.011s][info][gc,phases,start] GC(376) Phase 4: Move objects
[164.011s][info][gc,phases      ] GC(376) Phase 4: Move objects 0.028ms
[164.017s][info][gc,heap        ] GC(376) DefNew: 203239K(314560K)->0K(314560K) Eden: 203194K(279616K)->0K(279616K) From: 45K(34944K)->0K(34944K)
[164.017s][info][gc,heap        ] GC(376) Tenured: 241753K(699072K)->179208K(699072K)
[164.017s][info][gc,metaspace   ] GC(376) Metaspace: 67888K(69056K)->67888K(69056K) NonClass: 59448K(59968K)->59448K(59968K) Class: 8439K(9088K)->8439K(9088K)
[164.017s][info][gc             ] GC(376) Pause Full (System.gc()) 434M->175M(989M) 327.074ms
[164.017s][info][gc,cpu         ] GC(376) User=0.33s Sys=0.00s Real=0.32s
[164.174s][info][gc,start       ] GC(377) Pause Young (Allocation Failure)
[164.297s][info][gc,heap        ] GC(377) DefNew: 279616K(314560K)->34944K(314560K) Eden: 279616K(279616K)->0K(279616K) From: 0K(34944K)->34944K(34944K)
[164.297s][info][gc,heap        ] GC(377) Tenured: 179208K(699072K)->227258K(699072K)
[164.297s][info][gc,metaspace   ] GC(377) Metaspace: 67899K(69056K)->67899K(69056K) NonClass: 59458K(59968K)->59458K(59968K) Class: 8440K(9088K)->8440K(9088K)
[164.297s][info][gc             ] GC(377) Pause Young (Allocation Failure) 448M->256M(989M) 122.767ms
[164.297s][info][gc,cpu         ] GC(377) User=0.11s Sys=0.00s Real=0.13s
[164.448s][info][gc,start       ] GC(378) Pause Young (Allocation Failure)
[164.613s][info][gc,heap        ] GC(378) DefNew: 314560K(314560K)->33012K(314560K) Eden: 279616K(279616K)->0K(279616K) From: 34944K(34944K)->33012K(34944K)
[164.614s][info][gc,heap        ] GC(378) Tenured: 227258K(699072K)->261899K(699072K)
[164.614s][info][gc,metaspace   ] GC(378) Metaspace: 67899K(69056K)->67899K(69056K) NonClass: 59458K(59968K)->59458K(59968K) Class: 8440K(9088K)->8440K(9088K)
[164.614s][info][gc             ] GC(378) Pause Young (Allocation Failure) 529M->287M(989M) 165.219ms
[164.614s][info][gc,cpu         ] GC(378) User=0.17s Sys=0.00s Real=0.17s
[164.798s][info][gc,start       ] GC(379) Pause Young (Allocation Failure)
[164.955s][info][gc,heap        ] GC(379) DefNew: 312628K(314560K)->33069K(314560K) Eden: 279616K(279616K)->0K(279616K) From: 33012K(34944K)->33069K(34944K)
[164.955s][info][gc,heap        ] GC(379) Tenured: 261899K(699072K)->285345K(699072K)
[164.955s][info][gc,metaspace   ] GC(379) Metaspace: 67899K(69056K)->67899K(69056K) NonClass: 59458K(59968K)->59458K(59968K) Class: 8440K(9088K)->8440K(9088K)
[164.955s][info][gc             ] GC(379) Pause Young (Allocation Failure) 561M->310M(989M) 157.223ms
[164.955s][info][gc,cpu         ] GC(379) User=0.16s Sys=0.00s Real=0.15s
[165.129s][info][gc,start       ] GC(380) Pause Young (Allocation Failure)
[165.284s][info][gc,heap        ] GC(380) DefNew: 312685K(314560K)->19270K(314560K) Eden: 279616K(279616K)->0K(279616K) From: 33069K(34944K)->19270K(34944K)
[165.284s][info][gc,heap        ] GC(380) Tenured: 285345K(699072K)->314241K(699072K)
[165.284s][info][gc,metaspace   ] GC(380) Metaspace: 67899K(69056K)->67899K(69056K) NonClass: 59458K(59968K)->59458K(59968K) Class: 8440K(9088K)->8440K(9088K)
[165.284s][info][gc             ] GC(380) Pause Young (Allocation Failure) 584M->325M(989M) 154.640ms
[165.284s][info][gc,cpu         ] GC(380) User=0.16s Sys=0.00s Real=0.16s
[165.445s][info][gc,start       ] GC(381) Pause Young (Allocation Failure)
[165.590s][info][gc,heap        ] GC(381) DefNew: 298886K(314560K)->20560K(314560K) Eden: 279616K(279616K)->0K(279616K) From: 19270K(34944K)->20560K(34944K)
[165.590s][info][gc,heap        ] GC(381) Tenured: 314241K(699072K)->329870K(699072K)
[165.590s][info][gc,metaspace   ] GC(381) Metaspace: 67899K(69056K)->67899K(69056K) NonClass: 59458K(59968K)->59458K(59968K) Class: 8440K(9088K)->8440K(9088K)
[165.590s][info][gc             ] GC(381) Pause Young (Allocation Failure) 598M->342M(989M) 144.757ms
[165.590s][info][gc,cpu         ] GC(381) User=0.13s Sys=0.00s Real=0.13s
[165.837s][info][gc,start       ] GC(382) Pause Young (Allocation Failure)
[165.975s][info][gc,heap        ] GC(382) DefNew: 300176K(314560K)->20793K(314560K) Eden: 279616K(279616K)->0K(279616K) From: 20560K(34944K)->20793K(34944K)
[165.975s][info][gc,heap        ] GC(382) Tenured: 329870K(699072K)->344931K(699072K)
[165.975s][info][gc,metaspace   ] GC(382) Metaspace: 67899K(69056K)->67899K(69056K) NonClass: 59458K(59968K)->59458K(59968K) Class: 8440K(9088K)->8440K(9088K)
[165.975s][info][gc             ] GC(382) Pause Young (Allocation Failure) 615M->357M(989M) 137.968ms
[165.975s][info][gc,cpu         ] GC(382) User=0.14s Sys=0.00s Real=0.14s
[166.405s][info][gc,start       ] GC(383) Pause Young (Allocation Failure)
[166.511s][info][gc,heap        ] GC(383) DefNew: 300409K(314560K)->10394K(314560K) Eden: 279616K(279616K)->0K(279616K) From: 20793K(34944K)->10394K(34944K)
[166.511s][info][gc,heap        ] GC(383) Tenured: 344931K(699072K)->361716K(699072K)
[166.511s][info][gc,metaspace   ] GC(383) Metaspace: 67899K(69056K)->67899K(69056K) NonClass: 59458K(59968K)->59458K(59968K) Class: 8440K(9088K)->8440K(9088K)
[166.511s][info][gc             ] GC(383) Pause Young (Allocation Failure) 630M->363M(989M) 106.227ms
[166.511s][info][gc,cpu         ] GC(383) User=0.11s Sys=0.00s Real=0.11s
[167.362s][info][gc,start       ] GC(384) Pause Young (Allocation Failure)
[167.471s][info][gc,heap        ] GC(384) DefNew: 290010K(314560K)->29458K(314560K) Eden: 279616K(279616K)->0K(279616K) From: 10394K(34944K)->29458K(34944K)
[167.471s][info][gc,heap        ] GC(384) Tenured: 361716K(699072K)->361716K(699072K)
[167.471s][info][gc,metaspace   ] GC(384) Metaspace: 67901K(69056K)->67901K(69056K) NonClass: 59460K(59968K)->59460K(59968K) Class: 8440K(9088K)->8440K(9088K)
[167.471s][info][gc             ] GC(384) Pause Young (Allocation Failure) 636M->382M(989M) 109.522ms
[167.471s][info][gc,cpu         ] GC(384) User=0.11s Sys=0.00s Real=0.11s
[167.702s][info][gc,start       ] GC(385) Pause Young (Allocation Failure)
[167.949s][info][gc,heap        ] GC(385) DefNew: 309074K(314560K)->34944K(314560K) Eden: 279616K(279616K)->0K(279616K) From: 29458K(34944K)->34944K(34944K)
[167.949s][info][gc,heap        ] GC(385) Tenured: 361716K(699072K)->430826K(699072K)
[167.949s][info][gc,metaspace   ] GC(385) Metaspace: 67901K(69056K)->67901K(69056K) NonClass: 59460K(59968K)->59460K(59968K) Class: 8440K(9088K)->8440K(9088K)
[167.949s][info][gc             ] GC(385) Pause Young (Allocation Failure) 655M->454M(989M) 247.419ms
[167.949s][info][gc,cpu         ] GC(385) User=0.25s Sys=0.00s Real=0.26s
[168.065s][info][gc,start       ] GC(386) Pause Young (Allocation Failure)
[168.236s][info][gc,heap        ] GC(386) DefNew: 314560K(314560K)->34944K(314560K) Eden: 279616K(279616K)->0K(279616K) From: 34944K(34944K)->34944K(34944K)
[168.236s][info][gc,heap        ] GC(386) Tenured: 430826K(699072K)->476840K(699072K)
[168.236s][info][gc,metaspace   ] GC(386) Metaspace: 67901K(69056K)->67901K(69056K) NonClass: 59460K(59968K)->59460K(59968K) Class: 8440K(9088K)->8440K(9088K)
[168.236s][info][gc             ] GC(386) Pause Young (Allocation Failure) 727M->499M(989M) 171.034ms
[168.236s][info][gc,cpu         ] GC(386) User=0.17s Sys=0.00s Real=0.17s
[168.387s][info][gc,start       ] GC(387) Pause Young (Allocation Failure)
[168.584s][info][gc,heap        ] GC(387) DefNew: 314560K(314560K)->34377K(314560K) Eden: 279616K(279616K)->0K(279616K) From: 34944K(34944K)->34377K(34944K)
[168.584s][info][gc,heap        ] GC(387) Tenured: 476840K(699072K)->504911K(699072K)
[168.584s][info][gc,metaspace   ] GC(387) Metaspace: 67901K(69056K)->67901K(69056K) NonClass: 59460K(59968K)->59460K(59968K) Class: 8440K(9088K)->8440K(9088K)
[168.584s][info][gc             ] GC(387) Pause Young (Allocation Failure) 772M->526M(989M) 197.032ms
[168.584s][info][gc,cpu         ] GC(387) User=0.19s Sys=0.00s Real=0.19s
[168.742s][info][gc,start       ] GC(388) Pause Young (Allocation Failure)
[168.923s][info][gc,heap        ] GC(388) DefNew: 313993K(314560K)->34944K(314560K) Eden: 279616K(279616K)->0K(279616K) From: 34377K(34944K)->34944K(34944K)
[168.923s][info][gc,heap        ] GC(388) Tenured: 504911K(699072K)->530008K(699072K)
[168.923s][info][gc,metaspace   ] GC(388) Metaspace: 67901K(69056K)->67901K(69056K) NonClass: 59460K(59968K)->59460K(59968K) Class: 8440K(9088K)->8440K(9088K)
[168.923s][info][gc             ] GC(388) Pause Young (Allocation Failure) 799M->551M(989M) 181.266ms
[168.923s][info][gc,cpu         ] GC(388) User=0.17s Sys=0.00s Real=0.17s
[169.078s][info][gc,start       ] GC(389) Pause Young (Allocation Failure)
[169.246s][info][gc,heap        ] GC(389) DefNew: 314560K(314560K)->21286K(314560K) Eden: 279616K(279616K)->0K(279616K) From: 34944K(34944K)->21286K(34944K)
[169.246s][info][gc,heap        ] GC(389) Tenured: 530008K(699072K)->560469K(699072K)
[169.246s][info][gc,metaspace   ] GC(389) Metaspace: 67901K(69056K)->67901K(69056K) NonClass: 59460K(59968K)->59460K(59968K) Class: 8440K(9088K)->8440K(9088K)
[169.246s][info][gc             ] GC(389) Pause Young (Allocation Failure) 824M->568M(989M) 168.272ms
[169.246s][info][gc,cpu         ] GC(389) User=0.19s Sys=0.00s Real=0.18s
[169.441s][info][gc,start       ] GC(390) Pause Young (Allocation Failure)
[169.596s][info][gc,heap        ] GC(390) DefNew: 300902K(314560K)->18582K(314560K) Eden: 279616K(279616K)->0K(279616K) From: 21286K(34944K)->18582K(34944K)
[169.596s][info][gc,heap        ] GC(390) Tenured: 560469K(699072K)->577372K(699072K)
[169.596s][info][gc,metaspace   ] GC(390) Metaspace: 67901K(69056K)->67901K(69056K) NonClass: 59460K(59968K)->59460K(59968K) Class: 8440K(9088K)->8440K(9088K)
[169.596s][info][gc             ] GC(390) Pause Young (Allocation Failure) 841M->581M(989M) 155.655ms
[169.596s][info][gc,cpu         ] GC(390) User=0.16s Sys=0.00s Real=0.16s
[170.331s][info][gc,start       ] GC(391) Pause Young (Allocation Failure)
[170.505s][info][gc,heap        ] GC(391) DefNew: 298198K(314560K)->30889K(314560K) Eden: 279616K(279616K)->0K(279616K) From: 18582K(34944K)->30889K(34944K)
[170.505s][info][gc,heap        ] GC(391) Tenured: 577372K(699072K)->594698K(699072K)
[170.505s][info][gc,metaspace   ] GC(391) Metaspace: 67906K(69056K)->67906K(69056K) NonClass: 59465K(59968K)->59465K(59968K) Class: 8440K(9088K)->8440K(9088K)
[170.505s][info][gc             ] GC(391) Pause Young (Allocation Failure) 855M->610M(989M) 174.132ms
[170.505s][info][gc,cpu         ] GC(391) User=0.17s Sys=0.00s Real=0.17s
[170.802s][info][gc,start       ] GC(392) Pause Young (Allocation Failure)
[170.930s][info][gc,heap        ] GC(392) DefNew: 310505K(314560K)->30027K(314560K) Eden: 279616K(279616K)->0K(279616K) From: 30889K(34944K)->30027K(34944K)
[170.930s][info][gc,heap        ] GC(392) Tenured: 594698K(699072K)->599913K(699072K)
[170.930s][info][gc,metaspace   ] GC(392) Metaspace: 67912K(69056K)->67912K(69056K) NonClass: 59472K(59968K)->59472K(59968K) Class: 8440K(9088K)->8440K(9088K)
[170.930s][info][gc             ] GC(392) Pause Young (Allocation Failure) 883M->615M(989M) 128.710ms
[170.930s][info][gc,cpu         ] GC(392) User=0.14s Sys=0.00s Real=0.14s
[171.185s][info][gc,start       ] GC(393) Pause Young (Allocation Failure)
[171.292s][info][gc,heap        ] GC(393) DefNew: 309643K(314560K)->30569K(314560K) Eden: 279616K(279616K)->0K(279616K) From: 30027K(34944K)->30569K(34944K)
[171.292s][info][gc,heap        ] GC(393) Tenured: 599913K(699072K)->599958K(699072K)
[171.292s][info][gc,metaspace   ] GC(393) Metaspace: 67912K(69056K)->67912K(69056K) NonClass: 59472K(59968K)->59472K(59968K) Class: 8440K(9088K)->8440K(9088K)
[171.292s][info][gc             ] GC(393) Pause Young (Allocation Failure) 888M->615M(989M) 106.981ms
[171.292s][info][gc,cpu         ] GC(393) User=0.11s Sys=0.00s Real=0.11s
[171.667s][info][gc,start       ] GC(394) Pause Young (Allocation Failure)
[171.696s][info][gc,heap        ] GC(394) DefNew: 310185K(314560K)->8764K(314560K) Eden: 279616K(279616K)->0K(279616K) From: 30569K(34944K)->8764K(34944K)
[171.696s][info][gc,heap        ] GC(394) Tenured: 599958K(699072K)->600030K(699072K)
[171.696s][info][gc,metaspace   ] GC(394) Metaspace: 67940K(69120K)->67940K(69120K) NonClass: 59499K(60032K)->59499K(60032K) Class: 8440K(9088K)->8440K(9088K)
[171.696s][info][gc             ] GC(394) Pause Young (Allocation Failure) 888M->594M(989M) 29.738ms
[171.696s][info][gc,cpu         ] GC(394) User=0.02s Sys=0.00s Real=0.02s
[171.829s][info][gc,start       ] GC(395) Pause Young (Allocation Failure)
[171.948s][info][gc,heap        ] GC(395) DefNew: 288380K(314560K)->34944K(314560K) Eden: 279616K(279616K)->0K(279616K) From: 8764K(34944K)->34944K(34944K)
[171.948s][info][gc,heap        ] GC(395) Tenured: 600030K(699072K)->615478K(699072K)
[171.948s][info][gc,metaspace   ] GC(395) Metaspace: 67940K(69120K)->67940K(69120K) NonClass: 59499K(60032K)->59499K(60032K) Class: 8440K(9088K)->8440K(9088K)
[171.948s][info][gc             ] GC(395) Pause Young (Allocation Failure) 867M->635M(989M) 118.969ms
[171.948s][info][gc,cpu         ] GC(395) User=0.13s Sys=0.00s Real=0.13s
[172.314s][info][gc,start       ] GC(396) Pause Young (Allocation Failure)
[172.449s][info][gc,heap        ] GC(396) DefNew: 311286K(314560K)->34944K(314560K) Eden: 276342K(279616K)->0K(279616K) From: 34944K(34944K)->34944K(34944K)
[172.449s][info][gc,heap        ] GC(396) Tenured: 615478K(699072K)->634745K(699072K)
[172.449s][info][gc,metaspace   ] GC(396) Metaspace: 67940K(69120K)->67940K(69120K) NonClass: 59499K(60032K)->59499K(60032K) Class: 8440K(9088K)->8440K(9088K)
[172.449s][info][gc             ] GC(396) Pause Young (Allocation Failure) 905M->653M(989M) 135.291ms
[172.449s][info][gc,cpu         ] GC(396) User=0.14s Sys=0.00s Real=0.14s
[172.569s][info][gc,start       ] GC(397) Pause Young (Allocation Failure)
[172.662s][info][gc,heap        ] GC(397) DefNew: 313766K(314560K)->34943K(314560K) Eden: 278822K(279616K)->0K(279616K) From: 34944K(34944K)->34943K(34944K)
[172.662s][info][gc,heap        ] GC(397) Tenured: 634745K(699072K)->680118K(699072K)
[172.662s][info][gc,metaspace   ] GC(397) Metaspace: 67949K(69120K)->67949K(69120K) NonClass: 59508K(60032K)->59508K(60032K) Class: 8440K(9088K)->8440K(9088K)
[172.662s][info][gc             ] GC(397) Pause Young (Allocation Failure) 926M->698M(989M) 92.507ms
[172.662s][info][gc,cpu         ] GC(397) User=0.09s Sys=0.00s Real=0.09s
[172.836s][info][gc,start       ] GC(398) Pause Young (Allocation Failure)
[172.836s][info][gc             ] GC(398) Pause Young (Allocation Failure) 971M->971M(989M) 0.258ms
[172.836s][info][gc,cpu         ] GC(398) User=0.00s Sys=0.00s Real=0.00s
[172.836s][info][gc,start       ] GC(399) Pause Full (Allocation Failure)
[172.836s][info][gc,phases,start] GC(399) Phase 1: Mark live objects
[173.020s][info][gc,phases      ] GC(399) Phase 1: Mark live objects 183.258ms
[173.020s][info][gc,phases,start] GC(399) Phase 2: Compute new object addresses
[173.289s][info][gc,phases      ] GC(399) Phase 2: Compute new object addresses 269.720ms
[173.303s][info][gc,phases,start] GC(399) Phase 3: Adjust pointers
[173.451s][info][gc,phases      ] GC(399) Phase 3: Adjust pointers 147.515ms
[173.451s][info][gc,phases,start] GC(399) Phase 4: Move objects
[173.533s][info][gc,phases      ] GC(399) Phase 4: Move objects 82.136ms
[173.539s][info][gc,heap        ] GC(399) DefNew: 314559K(314560K)->0K(314560K) Eden: 279616K(279616K)->0K(279616K) From: 34943K(34944K)->0K(34944K)
[173.539s][info][gc,heap        ] GC(399) Tenured: 680118K(699072K)->211850K(699072K)
[173.539s][info][gc,metaspace   ] GC(399) Metaspace: 67949K(69120K)->67949K(69120K) NonClass: 59508K(60032K)->59508K(60032K) Class: 8440K(9088K)->8440K(9088K)
[173.539s][info][gc             ] GC(399) Pause Full (Allocation Failure) 971M->206M(989M) 703.106ms
[173.539s][info][gc,cpu         ] GC(399) User=0.69s Sys=0.00s Real=0.70s
[173.677s][info][gc,start       ] GC(400) Pause Young (Allocation Failure)
[173.682s][info][gc,heap        ] GC(400) DefNew: 279616K(314560K)->43K(314560K) Eden: 279616K(279616K)->0K(279616K) From: 0K(34944K)->43K(34944K)
[173.682s][info][gc,heap        ] GC(400) Tenured: 211850K(699072K)->211850K(699072K)
[173.682s][info][gc,metaspace   ] GC(400) Metaspace: 67953K(69120K)->67953K(69120K) NonClass: 59512K(60032K)->59512K(60032K) Class: 8440K(9088K)->8440K(9088K)
[173.682s][info][gc             ] GC(400) Pause Young (Allocation Failure) 479M->206M(989M) 5.085ms
[173.682s][info][gc,cpu         ] GC(400) User=0.02s Sys=0.00s Real=0.01s
[173.825s][info][gc,start       ] GC(401) Pause Full (System.gc())
[173.825s][info][gc,phases,start] GC(401) Phase 1: Mark live objects
[173.944s][info][gc,phases      ] GC(401) Phase 1: Mark live objects 119.317ms
[173.944s][info][gc,phases,start] GC(401) Phase 2: Compute new object addresses
[174.067s][info][gc,phases      ] GC(401) Phase 2: Compute new object addresses 123.180ms
[174.068s][info][gc,phases,start] GC(401) Phase 3: Adjust pointers
[174.147s][info][gc,phases      ] GC(401) Phase 3: Adjust pointers 79.487ms
[174.147s][info][gc,phases,start] GC(401) Phase 4: Move objects
[174.147s][info][gc,phases      ] GC(401) Phase 4: Move objects 0.022ms
[174.153s][info][gc,heap        ] GC(401) DefNew: 211969K(314560K)->0K(314560K) Eden: 211925K(279616K)->0K(279616K) From: 43K(34944K)->0K(34944K)
[174.153s][info][gc,heap        ] GC(401) Tenured: 211850K(699072K)->176603K(699072K)
[174.153s][info][gc,metaspace   ] GC(401) Metaspace: 67956K(69120K)->67956K(69120K) NonClass: 59516K(60032K)->59516K(60032K) Class: 8440K(9088K)->8440K(9088K)
[174.153s][info][gc             ] GC(401) Pause Full (System.gc()) 413M->172M(989M) 328.151ms
[174.153s][info][gc,cpu         ] GC(401) User=0.33s Sys=0.00s Real=0.33s
[174.321s][info][gc,start       ] GC(402) Pause Young (Allocation Failure)
[174.445s][info][gc,heap        ] GC(402) DefNew: 279616K(314560K)->34944K(314560K) Eden: 279616K(279616K)->0K(279616K) From: 0K(34944K)->34944K(34944K)
[174.445s][info][gc,heap        ] GC(402) Tenured: 176603K(699072K)->223864K(699072K)
[174.445s][info][gc,metaspace   ] GC(402) Metaspace: 67974K(69120K)->67974K(69120K) NonClass: 59531K(60032K)->59531K(60032K) Class: 8443K(9088K)->8443K(9088K)
[174.445s][info][gc             ] GC(402) Pause Young (Allocation Failure) 445M->252M(989M) 124.223ms
[174.445s][info][gc,cpu         ] GC(402) User=0.13s Sys=0.00s Real=0.13s
[174.593s][info][gc,start       ] GC(403) Pause Young (Allocation Failure)
[174.754s][info][gc,heap        ] GC(403) DefNew: 314560K(314560K)->33556K(314560K) Eden: 279616K(279616K)->0K(279616K) From: 34944K(34944K)->33556K(34944K)
[174.754s][info][gc,heap        ] GC(403) Tenured: 223864K(699072K)->258564K(699072K)
[174.754s][info][gc,metaspace   ] GC(403) Metaspace: 67974K(69120K)->67974K(69120K) NonClass: 59531K(60032K)->59531K(60032K) Class: 8443K(9088K)->8443K(9088K)
[174.754s][info][gc             ] GC(403) Pause Young (Allocation Failure) 525M->285M(989M) 160.657ms
[174.754s][info][gc,cpu         ] GC(403) User=0.16s Sys=0.00s Real=0.16s
[174.935s][info][gc,start       ] GC(404) Pause Young (Allocation Failure)
[175.090s][info][gc,heap        ] GC(404) DefNew: 313172K(314560K)->33221K(314560K) Eden: 279616K(279616K)->0K(279616K) From: 33556K(34944K)->33221K(34944K)
[175.090s][info][gc,heap        ] GC(404) Tenured: 258564K(699072K)->282566K(699072K)
[175.090s][info][gc,metaspace   ] GC(404) Metaspace: 67974K(69120K)->67974K(69120K) NonClass: 59531K(60032K)->59531K(60032K) Class: 8443K(9088K)->8443K(9088K)
[175.090s][info][gc             ] GC(404) Pause Young (Allocation Failure) 558M->308M(989M) 155.665ms
[175.090s][info][gc,cpu         ] GC(404) User=0.16s Sys=0.00s Real=0.16s
[175.268s][info][gc,start       ] GC(405) Pause Young (Allocation Failure)
[175.420s][info][gc,heap        ] GC(405) DefNew: 312837K(314560K)->19243K(314560K) Eden: 279616K(279616K)->0K(279616K) From: 33221K(34944K)->19243K(34944K)
[175.420s][info][gc,heap        ] GC(405) Tenured: 282566K(699072K)->311623K(699072K)
[175.420s][info][gc,metaspace   ] GC(405) Metaspace: 67974K(69120K)->67974K(69120K) NonClass: 59531K(60032K)->59531K(60032K) Class: 8443K(9088K)->8443K(9088K)
[175.420s][info][gc             ] GC(405) Pause Young (Allocation Failure) 581M->323M(989M) 152.204ms
[175.420s][info][gc,cpu         ] GC(405) User=0.16s Sys=0.00s Real=0.16s
[175.587s][info][gc,start       ] GC(406) Pause Young (Allocation Failure)
[175.731s][info][gc,heap        ] GC(406) DefNew: 298859K(314560K)->20527K(314560K) Eden: 279616K(279616K)->0K(279616K) From: 19243K(34944K)->20527K(34944K)
[175.731s][info][gc,heap        ] GC(406) Tenured: 311623K(699072K)->327066K(699072K)
[175.731s][info][gc,metaspace   ] GC(406) Metaspace: 67974K(69120K)->67974K(69120K) NonClass: 59531K(60032K)->59531K(60032K) Class: 8443K(9088K)->8443K(9088K)
[175.731s][info][gc             ] GC(406) Pause Young (Allocation Failure) 596M->339M(989M) 143.571ms
[175.731s][info][gc,cpu         ] GC(406) User=0.16s Sys=0.00s Real=0.16s
[176.007s][info][gc,start       ] GC(407) Pause Young (Allocation Failure)
[176.150s][info][gc,heap        ] GC(407) DefNew: 300143K(314560K)->20724K(314560K) Eden: 279616K(279616K)->0K(279616K) From: 20527K(34944K)->20724K(34944K)
[176.150s][info][gc,heap        ] GC(407) Tenured: 327066K(699072K)->342189K(699072K)
[176.150s][info][gc,metaspace   ] GC(407) Metaspace: 67974K(69120K)->67974K(69120K) NonClass: 59531K(60032K)->59531K(60032K) Class: 8443K(9088K)->8443K(9088K)
[176.150s][info][gc             ] GC(407) Pause Young (Allocation Failure) 612M->354M(989M) 143.222ms
[176.150s][info][gc,cpu         ] GC(407) User=0.16s Sys=0.00s Real=0.16s
[176.587s][info][gc,start       ] GC(408) Pause Young (Allocation Failure)
[176.690s][info][gc,heap        ] GC(408) DefNew: 300340K(314560K)->10277K(314560K) Eden: 279616K(279616K)->0K(279616K) From: 20724K(34944K)->10277K(34944K)
[176.690s][info][gc,heap        ] GC(408) Tenured: 342189K(699072K)->358898K(699072K)
[176.690s][info][gc,metaspace   ] GC(408) Metaspace: 67974K(69120K)->67974K(69120K) NonClass: 59531K(60032K)->59531K(60032K) Class: 8443K(9088K)->8443K(9088K)
[176.690s][info][gc             ] GC(408) Pause Young (Allocation Failure) 627M->360M(989M) 103.832ms
[176.690s][info][gc,cpu         ] GC(408) User=0.11s Sys=0.00s Real=0.11s
[177.557s][info][gc,start       ] GC(409) Pause Young (Allocation Failure)
[177.660s][info][gc,heap        ] GC(409) DefNew: 289893K(314560K)->27879K(314560K) Eden: 279616K(279616K)->0K(279616K) From: 10277K(34944K)->27879K(34944K)
[177.660s][info][gc,heap        ] GC(409) Tenured: 358898K(699072K)->358898K(699072K)
[177.660s][info][gc,metaspace   ] GC(409) Metaspace: 67999K(69184K)->67999K(69184K) NonClass: 59551K(60096K)->59551K(60096K) Class: 8447K(9088K)->8447K(9088K)
[177.660s][info][gc             ] GC(409) Pause Young (Allocation Failure) 633M->377M(989M) 103.332ms
[177.660s][info][gc,cpu         ] GC(409) User=0.09s Sys=0.00s Real=0.09s
[177.901s][info][gc,start       ] GC(410) Pause Young (Allocation Failure)
[178.136s][info][gc,heap        ] GC(410) DefNew: 307495K(314560K)->34944K(314560K) Eden: 279616K(279616K)->0K(279616K) From: 27879K(34944K)->34944K(34944K)
[178.136s][info][gc,heap        ] GC(410) Tenured: 358898K(699072K)->426953K(699072K)
[178.136s][info][gc,metaspace   ] GC(410) Metaspace: 67999K(69184K)->67999K(69184K) NonClass: 59551K(60096K)->59551K(60096K) Class: 8447K(9088K)->8447K(9088K)
[178.136s][info][gc             ] GC(410) Pause Young (Allocation Failure) 650M->451M(989M) 235.134ms
[178.137s][info][gc,cpu         ] GC(410) User=0.23s Sys=0.00s Real=0.23s
[178.255s][info][gc,start       ] GC(411) Pause Young (Allocation Failure)
[178.431s][info][gc,heap        ] GC(411) DefNew: 314560K(314560K)->34943K(314560K) Eden: 279616K(279616K)->0K(279616K) From: 34944K(34944K)->34943K(34944K)
[178.431s][info][gc,heap        ] GC(411) Tenured: 426953K(699072K)->473770K(699072K)
[178.431s][info][gc,metaspace   ] GC(411) Metaspace: 68002K(69184K)->68002K(69184K) NonClass: 59554K(60096K)->59554K(60096K) Class: 8447K(9088K)->8447K(9088K)
[178.431s][info][gc             ] GC(411) Pause Young (Allocation Failure) 724M->496M(989M) 176.395ms
[178.431s][info][gc,cpu         ] GC(411) User=0.19s Sys=0.00s Real=0.19s
[178.575s][info][gc,start       ] GC(412) Pause Young (Allocation Failure)
[178.769s][info][gc,heap        ] GC(412) DefNew: 314559K(314560K)->34517K(314560K) Eden: 279616K(279616K)->0K(279616K) From: 34943K(34944K)->34517K(34944K)
[178.769s][info][gc,heap        ] GC(412) Tenured: 473770K(699072K)->501881K(699072K)
[178.769s][info][gc,metaspace   ] GC(412) Metaspace: 68002K(69184K)->68002K(69184K) NonClass: 59554K(60096K)->59554K(60096K) Class: 8447K(9088K)->8447K(9088K)
[178.769s][info][gc             ] GC(412) Pause Young (Allocation Failure) 769M->523M(989M) 194.310ms
[178.769s][info][gc,cpu         ] GC(412) User=0.19s Sys=0.00s Real=0.19s
[178.935s][info][gc,start       ] GC(413) Pause Young (Allocation Failure)
[179.117s][info][gc,heap        ] GC(413) DefNew: 314133K(314560K)->34943K(314560K) Eden: 279616K(279616K)->0K(279616K) From: 34517K(34944K)->34943K(34944K)
[179.117s][info][gc,heap        ] GC(413) Tenured: 501881K(699072K)->527185K(699072K)
[179.117s][info][gc,metaspace   ] GC(413) Metaspace: 68002K(69184K)->68002K(69184K) NonClass: 59554K(60096K)->59554K(60096K) Class: 8447K(9088K)->8447K(9088K)
[179.117s][info][gc             ] GC(413) Pause Young (Allocation Failure) 796M->548M(989M) 182.197ms
[179.117s][info][gc,cpu         ] GC(413) User=0.17s Sys=0.00s Real=0.17s
[179.281s][info][gc,start       ] GC(414) Pause Young (Allocation Failure)
[179.449s][info][gc,heap        ] GC(414) DefNew: 314559K(314560K)->21239K(314560K) Eden: 279616K(279616K)->0K(279616K) From: 34943K(34944K)->21239K(34944K)
[179.449s][info][gc,heap        ] GC(414) Tenured: 527185K(699072K)->557639K(699072K)
[179.449s][info][gc,metaspace   ] GC(414) Metaspace: 68002K(69184K)->68002K(69184K) NonClass: 59555K(60096K)->59555K(60096K) Class: 8447K(9088K)->8447K(9088K)
[179.449s][info][gc             ] GC(414) Pause Young (Allocation Failure) 822M->565M(989M) 168.298ms
[179.449s][info][gc,cpu         ] GC(414) User=0.17s Sys=0.00s Real=0.17s
[179.665s][info][gc,start       ] GC(415) Pause Young (Allocation Failure)
[179.817s][info][gc,heap        ] GC(415) DefNew: 300855K(314560K)->18524K(314560K) Eden: 279616K(279616K)->0K(279616K) From: 21239K(34944K)->18524K(34944K)
[179.817s][info][gc,heap        ] GC(415) Tenured: 557639K(699072K)->574492K(699072K)
[179.817s][info][gc,metaspace   ] GC(415) Metaspace: 68002K(69184K)->68002K(69184K) NonClass: 59555K(60096K)->59555K(60096K) Class: 8447K(9088K)->8447K(9088K)
[179.817s][info][gc             ] GC(415) Pause Young (Allocation Failure) 838M->579M(989M) 152.047ms
[179.817s][info][gc,cpu         ] GC(415) User=0.14s Sys=0.00s Real=0.14s
[180.543s][info][gc,start       ] GC(416) Pause Young (Allocation Failure)
[180.726s][info][gc,heap        ] GC(416) DefNew: 298140K(314560K)->32792K(314560K) Eden: 279616K(279616K)->0K(279616K) From: 18524K(34944K)->32792K(34944K)
[180.726s][info][gc,heap        ] GC(416) Tenured: 574492K(699072K)->591730K(699072K)
[180.726s][info][gc,metaspace   ] GC(416) Metaspace: 68002K(69184K)->68002K(69184K) NonClass: 59555K(60096K)->59555K(60096K) Class: 8447K(9088K)->8447K(9088K)
[180.726s][info][gc             ] GC(416) Pause Young (Allocation Failure) 852M->609M(989M) 183.571ms
[180.727s][info][gc,cpu         ] GC(416) User=0.19s Sys=0.00s Real=0.19s
[181.017s][info][gc,start       ] GC(417) Pause Young (Allocation Failure)
[181.143s][info][gc,heap        ] GC(417) DefNew: 312408K(314560K)->29708K(314560K) Eden: 279616K(279616K)->0K(279616K) From: 32792K(34944K)->29708K(34944K)
[181.143s][info][gc,heap        ] GC(417) Tenured: 591730K(699072K)->597180K(699072K)
[181.144s][info][gc,metaspace   ] GC(417) Metaspace: 68016K(69184K)->68016K(69184K) NonClass: 59568K(60096K)->59568K(60096K) Class: 8447K(9088K)->8447K(9088K)
[181.144s][info][gc             ] GC(417) Pause Young (Allocation Failure) 882M->612M(989M) 126.367ms
[181.144s][info][gc,cpu         ] GC(417) User=0.13s Sys=0.00s Real=0.13s
[181.406s][info][gc,start       ] GC(418) Pause Young (Allocation Failure)
[181.513s][info][gc,heap        ] GC(418) DefNew: 309324K(314560K)->30323K(314560K) Eden: 279616K(279616K)->0K(279616K) From: 29708K(34944K)->30323K(34944K)
[181.513s][info][gc,heap        ] GC(418) Tenured: 597180K(699072K)->597224K(699072K)
[181.513s][info][gc,metaspace   ] GC(418) Metaspace: 68059K(69248K)->68059K(69248K) NonClass: 59609K(60160K)->59609K(60160K) Class: 8449K(9088K)->8449K(9088K)
[181.513s][info][gc             ] GC(418) Pause Young (Allocation Failure) 885M->612M(989M) 107.026ms
[181.513s][info][gc,cpu         ] GC(418) User=0.11s Sys=0.00s Real=0.11s
[181.891s][info][gc,start       ] GC(419) Pause Young (Allocation Failure)
[181.920s][info][gc,heap        ] GC(419) DefNew: 309939K(314560K)->8733K(314560K) Eden: 279616K(279616K)->0K(279616K) From: 30323K(34944K)->8733K(34944K)
[181.920s][info][gc,heap        ] GC(419) Tenured: 597224K(699072K)->597300K(699072K)
[181.920s][info][gc,metaspace   ] GC(419) Metaspace: 68088K(69248K)->68088K(69248K) NonClass: 59638K(60160K)->59638K(60160K) Class: 8450K(9088K)->8450K(9088K)
[181.920s][info][gc             ] GC(419) Pause Young (Allocation Failure) 885M->591M(989M) 29.381ms
[181.920s][info][gc,cpu         ] GC(419) User=0.03s Sys=0.00s Real=0.03s
[182.048s][info][gc,start       ] GC(420) Pause Young (Allocation Failure)
[182.180s][info][gc,heap        ] GC(420) DefNew: 288349K(314560K)->34944K(314560K) Eden: 279616K(279616K)->0K(279616K) From: 8733K(34944K)->34944K(34944K)
[182.180s][info][gc,heap        ] GC(420) Tenured: 597300K(699072K)->612410K(699072K)
[182.180s][info][gc,metaspace   ] GC(420) Metaspace: 68088K(69248K)->68088K(69248K) NonClass: 59638K(60160K)->59638K(60160K) Class: 8450K(9088K)->8450K(9088K)
[182.180s][info][gc             ] GC(420) Pause Young (Allocation Failure) 864M->632M(989M) 131.848ms
[182.180s][info][gc,cpu         ] GC(420) User=0.13s Sys=0.00s Real=0.13s
[182.495s][info][gc,start       ] GC(421) Pause Young (Allocation Failure)
[182.628s][info][gc,heap        ] GC(421) DefNew: 314560K(314560K)->34094K(314560K) Eden: 279616K(279616K)->0K(279616K) From: 34944K(34944K)->34094K(34944K)
[182.628s][info][gc,heap        ] GC(421) Tenured: 612410K(699072K)->638278K(699072K)
[182.628s][info][gc,metaspace   ] GC(421) Metaspace: 68090K(69248K)->68090K(69248K) NonClass: 59639K(60160K)->59639K(60160K) Class: 8450K(9088K)->8450K(9088K)
[182.628s][info][gc             ] GC(421) Pause Young (Allocation Failure) 905M->656M(989M) 133.118ms
[182.628s][info][gc,cpu         ] GC(421) User=0.14s Sys=0.00s Real=0.15s
[182.789s][info][gc,start       ] GC(422) Pause Young (Allocation Failure)
[182.869s][info][gc,heap        ] GC(422) DefNew: 313710K(314560K)->34944K(314560K) Eden: 279616K(279616K)->0K(279616K) From: 34094K(34944K)->34944K(34944K)
[182.869s][info][gc,heap        ] GC(422) Tenured: 638278K(699072K)->682016K(699072K)
[182.869s][info][gc,metaspace   ] GC(422) Metaspace: 68137K(69312K)->68137K(69312K) NonClass: 59686K(60224K)->59686K(60224K) Class: 8450K(9088K)->8450K(9088K)
[182.869s][info][gc             ] GC(422) Pause Young (Allocation Failure) 929M->700M(989M) 80.918ms
[182.870s][info][gc,cpu         ] GC(422) User=0.09s Sys=0.00s Real=0.08s
[183.041s][info][gc,start       ] GC(423) Pause Young (Allocation Failure)
[183.041s][info][gc             ] GC(423) Pause Young (Allocation Failure) 973M->973M(989M) 0.261ms
[183.041s][info][gc,cpu         ] GC(423) User=0.00s Sys=0.00s Real=0.00s
[183.041s][info][gc,start       ] GC(424) Pause Full (Allocation Failure)
[183.041s][info][gc,phases,start] GC(424) Phase 1: Mark live objects
[183.227s][info][gc,phases      ] GC(424) Phase 1: Mark live objects 185.918ms
[183.227s][info][gc,phases,start] GC(424) Phase 2: Compute new object addresses
[183.487s][info][gc,phases      ] GC(424) Phase 2: Compute new object addresses 259.889ms
[183.487s][info][gc,phases,start] GC(424) Phase 3: Adjust pointers
[183.635s][info][gc,phases      ] GC(424) Phase 3: Adjust pointers 147.831ms
[183.635s][info][gc,phases,start] GC(424) Phase 4: Move objects
[183.673s][info][gc,phases      ] GC(424) Phase 4: Move objects 38.114ms
[183.680s][info][gc,heap        ] GC(424) DefNew: 314560K(314560K)->0K(314560K) Eden: 279616K(279616K)->0K(279616K) From: 34944K(34944K)->0K(34944K)
[183.680s][info][gc,heap        ] GC(424) Tenured: 682016K(699072K)->243398K(699072K)
[183.680s][info][gc,metaspace   ] GC(424) Metaspace: 68139K(69312K)->68139K(69312K) NonClass: 59689K(60224K)->59689K(60224K) Class: 8450K(9088K)->8450K(9088K)
[183.680s][info][gc             ] GC(424) Pause Full (Allocation Failure) 973M->237M(989M) 638.544ms
[183.680s][info][gc,cpu         ] GC(424) User=0.64s Sys=0.00s Real=0.64s
[183.804s][info][gc,start       ] GC(425) Pause Young (Allocation Failure)
[183.809s][info][gc,heap        ] GC(425) DefNew: 279616K(314560K)->45K(314560K) Eden: 279616K(279616K)->0K(279616K) From: 0K(34944K)->45K(34944K)
[183.809s][info][gc,heap        ] GC(425) Tenured: 243398K(699072K)->243398K(699072K)
[183.809s][info][gc,metaspace   ] GC(425) Metaspace: 68156K(69312K)->68156K(69312K) NonClass: 59706K(60224K)->59706K(60224K) Class: 8450K(9088K)->8450K(9088K)
[183.809s][info][gc             ] GC(425) Pause Young (Allocation Failure) 510M->237M(989M) 5.203ms
[183.809s][info][gc,cpu         ] GC(425) User=0.00s Sys=0.02s Real=0.02s
[183.931s][info][gc,start       ] GC(426) Pause Full (System.gc())
[183.931s][info][gc,phases,start] GC(426) Phase 1: Mark live objects
[184.050s][info][gc,phases      ] GC(426) Phase 1: Mark live objects 119.342ms
[184.050s][info][gc,phases,start] GC(426) Phase 2: Compute new object addresses
[184.170s][info][gc,phases      ] GC(426) Phase 2: Compute new object addresses 119.998ms
[184.171s][info][gc,phases,start] GC(426) Phase 3: Adjust pointers
[184.251s][info][gc,phases      ] GC(426) Phase 3: Adjust pointers 80.869ms
[184.251s][info][gc,phases,start] GC(426) Phase 4: Move objects
[184.251s][info][gc,phases      ] GC(426) Phase 4: Move objects 0.030ms
[184.257s][info][gc,heap        ] GC(426) DefNew: 199084K(314560K)->0K(314560K) Eden: 199038K(279616K)->0K(279616K) From: 45K(34944K)->0K(34944K)
[184.257s][info][gc,heap        ] GC(426) Tenured: 243398K(699072K)->182405K(699072K)
[184.257s][info][gc,metaspace   ] GC(426) Metaspace: 68156K(69312K)->68156K(69312K) NonClass: 59706K(60224K)->59706K(60224K) Class: 8450K(9088K)->8450K(9088K)
[184.257s][info][gc             ] GC(426) Pause Full (System.gc()) 432M->178M(989M) 326.504ms
[184.257s][info][gc,cpu         ] GC(426) User=0.33s Sys=0.00s Real=0.33s
[184.446s][info][gc,start       ] GC(427) Pause Young (Allocation Failure)
[184.576s][info][gc,heap        ] GC(427) DefNew: 279616K(314560K)->34944K(314560K) Eden: 279616K(279616K)->0K(279616K) From: 0K(34944K)->34944K(34944K)
[184.576s][info][gc,heap        ] GC(427) Tenured: 182405K(699072K)->230703K(699072K)
[184.576s][info][gc,metaspace   ] GC(427) Metaspace: 68171K(69312K)->68171K(69312K) NonClass: 59720K(60224K)->59720K(60224K) Class: 8450K(9088K)->8450K(9088K)
[184.576s][info][gc             ] GC(427) Pause Young (Allocation Failure) 451M->259M(989M) 130.170ms
[184.576s][info][gc,cpu         ] GC(427) User=0.13s Sys=0.00s Real=0.13s
[184.725s][info][gc,start       ] GC(428) Pause Young (Allocation Failure)
[184.881s][info][gc,heap        ] GC(428) DefNew: 314560K(314560K)->32472K(314560K) Eden: 279616K(279616K)->0K(279616K) From: 34944K(34944K)->32472K(34944K)
[184.881s][info][gc,heap        ] GC(428) Tenured: 230703K(699072K)->265498K(699072K)
[184.881s][info][gc,metaspace   ] GC(428) Metaspace: 68171K(69312K)->68171K(69312K) NonClass: 59720K(60224K)->59720K(60224K) Class: 8450K(9088K)->8450K(9088K)
[184.881s][info][gc             ] GC(428) Pause Young (Allocation Failure) 532M->290M(989M) 156.361ms
[184.881s][info][gc,cpu         ] GC(428) User=0.16s Sys=0.00s Real=0.16s
[185.067s][info][gc,start       ] GC(429) Pause Young (Allocation Failure)
[185.224s][info][gc,heap        ] GC(429) DefNew: 312088K(314560K)->33245K(314560K) Eden: 279616K(279616K)->0K(279616K) From: 32472K(34944K)->33245K(34944K)
[185.224s][info][gc,heap        ] GC(429) Tenured: 265498K(699072K)->288419K(699072K)
[185.224s][info][gc,metaspace   ] GC(429) Metaspace: 68171K(69312K)->68171K(69312K) NonClass: 59720K(60224K)->59720K(60224K) Class: 8450K(9088K)->8450K(9088K)
[185.224s][info][gc             ] GC(429) Pause Young (Allocation Failure) 564M->314M(989M) 156.535ms
[185.224s][info][gc,cpu         ] GC(429) User=0.16s Sys=0.00s Real=0.16s
[185.399s][info][gc,start       ] GC(430) Pause Young (Allocation Failure)
[185.555s][info][gc,heap        ] GC(430) DefNew: 312861K(314560K)->19290K(314560K) Eden: 279616K(279616K)->0K(279616K) From: 33245K(34944K)->19290K(34944K)
[185.555s][info][gc,heap        ] GC(430) Tenured: 288419K(699072K)->317468K(699072K)
[185.555s][info][gc,metaspace   ] GC(430) Metaspace: 68171K(69312K)->68171K(69312K) NonClass: 59720K(60224K)->59720K(60224K) Class: 8450K(9088K)->8450K(9088K)
[185.555s][info][gc             ] GC(430) Pause Young (Allocation Failure) 587M->328M(989M) 156.282ms
[185.555s][info][gc,cpu         ] GC(430) User=0.16s Sys=0.00s Real=0.16s
[185.729s][info][gc,start       ] GC(431) Pause Young (Allocation Failure)
[185.872s][info][gc,heap        ] GC(431) DefNew: 298906K(314560K)->20276K(314560K) Eden: 279616K(279616K)->0K(279616K) From: 19290K(34944K)->20276K(34944K)
[185.872s][info][gc,heap        ] GC(431) Tenured: 317468K(699072K)->332926K(699072K)
[185.872s][info][gc,metaspace   ] GC(431) Metaspace: 68171K(69312K)->68171K(69312K) NonClass: 59720K(60224K)->59720K(60224K) Class: 8450K(9088K)->8450K(9088K)
[185.872s][info][gc             ] GC(431) Pause Young (Allocation Failure) 601M->344M(989M) 143.078ms
[185.872s][info][gc,cpu         ] GC(431) User=0.14s Sys=0.00s Real=0.14s
[186.144s][info][gc,start       ] GC(432) Pause Young (Allocation Failure)
[186.285s][info][gc,heap        ] GC(432) DefNew: 299892K(314560K)->20640K(314560K) Eden: 279616K(279616K)->0K(279616K) From: 20276K(34944K)->20640K(34944K)
[186.285s][info][gc,heap        ] GC(432) Tenured: 332926K(699072K)->347926K(699072K)
[186.285s][info][gc,metaspace   ] GC(432) Metaspace: 68171K(69312K)->68171K(69312K) NonClass: 59720K(60224K)->59720K(60224K) Class: 8450K(9088K)->8450K(9088K)
[186.285s][info][gc             ] GC(432) Pause Young (Allocation Failure) 617M->359M(989M) 141.402ms
[186.285s][info][gc,cpu         ] GC(432) User=0.14s Sys=0.00s Real=0.14s
[186.727s][info][gc,start       ] GC(433) Pause Young (Allocation Failure)
[186.834s][info][gc,heap        ] GC(433) DefNew: 300256K(314560K)->10180K(314560K) Eden: 279616K(279616K)->0K(279616K) From: 20640K(34944K)->10180K(34944K)
[186.834s][info][gc,heap        ] GC(433) Tenured: 347926K(699072K)->364599K(699072K)
[186.834s][info][gc,metaspace   ] GC(433) Metaspace: 68190K(69376K)->68190K(69376K) NonClass: 59740K(60288K)->59740K(60288K) Class: 8450K(9088K)->8450K(9088K)
[186.834s][info][gc             ] GC(433) Pause Young (Allocation Failure) 632M->365M(989M) 106.208ms
[186.834s][info][gc,cpu         ] GC(433) User=0.11s Sys=0.00s Real=0.12s
[187.701s][info][gc,start       ] GC(434) Pause Young (Allocation Failure)
[187.804s][info][gc,heap        ] GC(434) DefNew: 289796K(314560K)->27533K(314560K) Eden: 279616K(279616K)->0K(279616K) From: 10180K(34944K)->27533K(34944K)
[187.804s][info][gc,heap        ] GC(434) Tenured: 364599K(699072K)->364599K(699072K)
[187.804s][info][gc,metaspace   ] GC(434) Metaspace: 68193K(69376K)->68193K(69376K) NonClass: 59742K(60288K)->59742K(60288K) Class: 8450K(9088K)->8450K(9088K)
[187.804s][info][gc             ] GC(434) Pause Young (Allocation Failure) 639M->382M(989M) 102.998ms
[187.804s][info][gc,cpu         ] GC(434) User=0.09s Sys=0.00s Real=0.09s
[188.044s][info][gc,start       ] GC(435) Pause Young (Allocation Failure)
[188.279s][info][gc,heap        ] GC(435) DefNew: 307149K(314560K)->34944K(314560K) Eden: 279616K(279616K)->0K(279616K) From: 27533K(34944K)->34944K(34944K)
[188.279s][info][gc,heap        ] GC(435) Tenured: 364599K(699072K)->431253K(699072K)
[188.279s][info][gc,metaspace   ] GC(435) Metaspace: 68193K(69376K)->68193K(69376K) NonClass: 59742K(60288K)->59742K(60288K) Class: 8450K(9088K)->8450K(9088K)
[188.279s][info][gc             ] GC(435) Pause Young (Allocation Failure) 656M->455M(989M) 235.613ms
[188.280s][info][gc,cpu         ] GC(435) User=0.23s Sys=0.00s Real=0.23s
[188.394s][info][gc,start       ] GC(436) Pause Young (Allocation Failure)
[188.572s][info][gc,heap        ] GC(436) DefNew: 314560K(314560K)->34943K(314560K) Eden: 279616K(279616K)->0K(279616K) From: 34944K(34944K)->34943K(34944K)
[188.572s][info][gc,heap        ] GC(436) Tenured: 431253K(699072K)->479367K(699072K)
[188.572s][info][gc,metaspace   ] GC(436) Metaspace: 68193K(69376K)->68193K(69376K) NonClass: 59742K(60288K)->59742K(60288K) Class: 8450K(9088K)->8450K(9088K)
[188.572s][info][gc             ] GC(436) Pause Young (Allocation Failure) 728M->502M(989M) 178.310ms
[188.572s][info][gc,cpu         ] GC(436) User=0.19s Sys=0.00s Real=0.18s
[188.711s][info][gc,start       ] GC(437) Pause Young (Allocation Failure)
[188.906s][info][gc,heap        ] GC(437) DefNew: 314559K(314560K)->34483K(314560K) Eden: 279616K(279616K)->0K(279616K) From: 34943K(34944K)->34483K(34944K)
[188.906s][info][gc,heap        ] GC(437) Tenured: 479367K(699072K)->507485K(699072K)
[188.906s][info][gc,metaspace   ] GC(437) Metaspace: 68193K(69376K)->68193K(69376K) NonClass: 59742K(60288K)->59742K(60288K) Class: 8450K(9088K)->8450K(9088K)
[188.907s][info][gc             ] GC(437) Pause Young (Allocation Failure) 775M->529M(989M) 195.083ms
[188.907s][info][gc,cpu         ] GC(437) User=0.19s Sys=0.00s Real=0.19s
[189.075s][info][gc,start       ] GC(438) Pause Young (Allocation Failure)
[189.245s][info][gc,heap        ] GC(438) DefNew: 314099K(314560K)->34943K(314560K) Eden: 279616K(279616K)->0K(279616K) From: 34483K(34944K)->34943K(34944K)
[189.245s][info][gc,heap        ] GC(438) Tenured: 507485K(699072K)->532777K(699072K)
[189.245s][info][gc,metaspace   ] GC(438) Metaspace: 68193K(69376K)->68193K(69376K) NonClass: 59742K(60288K)->59742K(60288K) Class: 8450K(9088K)->8450K(9088K)
[189.245s][info][gc             ] GC(438) Pause Young (Allocation Failure) 802M->554M(989M) 170.272ms
[189.245s][info][gc,cpu         ] GC(438) User=0.16s Sys=0.00s Real=0.16s
[189.409s][info][gc,start       ] GC(439) Pause Young (Allocation Failure)
[189.587s][info][gc,heap        ] GC(439) DefNew: 314559K(314560K)->21220K(314560K) Eden: 279616K(279616K)->0K(279616K) From: 34943K(34944K)->21220K(34944K)
[189.587s][info][gc,heap        ] GC(439) Tenured: 532777K(699072K)->563240K(699072K)
[189.587s][info][gc,metaspace   ] GC(439) Metaspace: 68193K(69376K)->68193K(69376K) NonClass: 59742K(60288K)->59742K(60288K) Class: 8450K(9088K)->8450K(9088K)
[189.588s][info][gc             ] GC(439) Pause Young (Allocation Failure) 827M->570M(989M) 178.774ms
[189.588s][info][gc,cpu         ] GC(439) User=0.19s Sys=0.00s Real=0.18s
[189.784s][info][gc,start       ] GC(440) Pause Young (Allocation Failure)
[189.942s][info][gc,heap        ] GC(440) DefNew: 300836K(314560K)->18600K(314560K) Eden: 279616K(279616K)->0K(279616K) From: 21220K(34944K)->18600K(34944K)
[189.942s][info][gc,heap        ] GC(440) Tenured: 563240K(699072K)->580116K(699072K)
[189.942s][info][gc,metaspace   ] GC(440) Metaspace: 68193K(69376K)->68193K(69376K) NonClass: 59742K(60288K)->59742K(60288K) Class: 8450K(9088K)->8450K(9088K)
[189.942s][info][gc             ] GC(440) Pause Young (Allocation Failure) 843M->584M(989M) 157.681ms
[189.942s][info][gc,cpu         ] GC(440) User=0.16s Sys=0.00s Real=0.16s
[190.647s][info][gc,start       ] GC(441) Pause Young (Allocation Failure)
[190.818s][info][gc,heap        ] GC(441) DefNew: 298216K(314560K)->31048K(314560K) Eden: 279616K(279616K)->0K(279616K) From: 18600K(34944K)->31048K(34944K)
[190.818s][info][gc,heap        ] GC(441) Tenured: 580116K(699072K)->596856K(699072K)
[190.818s][info][gc,metaspace   ] GC(441) Metaspace: 68194K(69376K)->68194K(69376K) NonClass: 59744K(60288K)->59744K(60288K) Class: 8450K(9088K)->8450K(9088K)
[190.818s][info][gc             ] GC(441) Pause Young (Allocation Failure) 857M->613M(989M) 170.956ms
[190.818s][info][gc,cpu         ] GC(441) User=0.17s Sys=0.00s Real=0.17s
[191.123s][info][gc,start       ] GC(442) Pause Young (Allocation Failure)
[191.253s][info][gc,heap        ] GC(442) DefNew: 310664K(314560K)->29478K(314560K) Eden: 279616K(279616K)->0K(279616K) From: 31048K(34944K)->29478K(34944K)
[191.253s][info][gc,heap        ] GC(442) Tenured: 596856K(699072K)->602767K(699072K)
[191.253s][info][gc,metaspace   ] GC(442) Metaspace: 68202K(69376K)->68202K(69376K) NonClass: 59751K(60288K)->59751K(60288K) Class: 8451K(9088K)->8451K(9088K)
[191.253s][info][gc             ] GC(442) Pause Young (Allocation Failure) 886M->617M(989M) 129.377ms
[191.253s][info][gc,cpu         ] GC(442) User=0.13s Sys=0.00s Real=0.13s
[191.498s][info][gc,start       ] GC(443) Pause Young (Allocation Failure)
[191.603s][info][gc,heap        ] GC(443) DefNew: 309094K(314560K)->30294K(314560K) Eden: 279616K(279616K)->0K(279616K) From: 29478K(34944K)->30294K(34944K)
[191.604s][info][gc,heap        ] GC(443) Tenured: 602767K(699072K)->602814K(699072K)
[191.604s][info][gc,metaspace   ] GC(443) Metaspace: 68204K(69376K)->68204K(69376K) NonClass: 59753K(60288K)->59753K(60288K) Class: 8451K(9088K)->8451K(9088K)
[191.604s][info][gc             ] GC(443) Pause Young (Allocation Failure) 890M->618M(989M) 105.835ms
[191.604s][info][gc,cpu         ] GC(443) User=0.09s Sys=0.00s Real=0.10s
[191.974s][info][gc,start       ] GC(444) Pause Young (Allocation Failure)
[192.004s][info][gc,heap        ] GC(444) DefNew: 309910K(314560K)->7928K(314560K) Eden: 279616K(279616K)->0K(279616K) From: 30294K(34944K)->7928K(34944K)
[192.004s][info][gc,heap        ] GC(444) Tenured: 602814K(699072K)->602882K(699072K)
[192.004s][info][gc,metaspace   ] GC(444) Metaspace: 68208K(69376K)->68208K(69376K) NonClass: 59756K(60288K)->59756K(60288K) Class: 8452K(9088K)->8452K(9088K)
[192.004s][info][gc             ] GC(444) Pause Young (Allocation Failure) 891M->596M(989M) 30.354ms
[192.004s][info][gc,cpu         ] GC(444) User=0.03s Sys=0.00s Real=0.03s
[192.133s][info][gc,start       ] GC(445) Pause Young (Allocation Failure)
[192.251s][info][gc,heap        ] GC(445) DefNew: 287544K(314560K)->34944K(314560K) Eden: 279616K(279616K)->0K(279616K) From: 7928K(34944K)->34944K(34944K)
[192.251s][info][gc,heap        ] GC(445) Tenured: 602882K(699072K)->617457K(699072K)
[192.251s][info][gc,metaspace   ] GC(445) Metaspace: 68208K(69376K)->68208K(69376K) NonClass: 59756K(60288K)->59756K(60288K) Class: 8452K(9088K)->8452K(9088K)
[192.251s][info][gc             ] GC(445) Pause Young (Allocation Failure) 869M->637M(989M) 117.842ms
[192.251s][info][gc,cpu         ] GC(445) User=0.11s Sys=0.00s Real=0.11s
[192.588s][info][gc,start       ] GC(446) Pause Young (Allocation Failure)
[192.717s][info][gc,heap        ] GC(446) DefNew: 311714K(314560K)->34115K(314560K) Eden: 276770K(279616K)->0K(279616K) From: 34944K(34944K)->34115K(34944K)
[192.717s][info][gc,heap        ] GC(446) Tenured: 617457K(699072K)->640298K(699072K)
[192.717s][info][gc,metaspace   ] GC(446) Metaspace: 68215K(69376K)->68215K(69376K) NonClass: 59763K(60288K)->59763K(60288K) Class: 8452K(9088K)->8452K(9088K)
[192.717s][info][gc             ] GC(446) Pause Young (Allocation Failure) 907M->658M(989M) 128.853ms
[192.717s][info][gc,cpu         ] GC(446) User=0.13s Sys=0.00s Real=0.13s
[192.861s][info][gc,start       ] GC(447) Pause Young (Allocation Failure)
[192.934s][info][gc,heap        ] GC(447) DefNew: 313731K(314560K)->34943K(314560K) Eden: 279616K(279616K)->0K(279616K) From: 34115K(34944K)->34943K(34944K)
[192.934s][info][gc,heap        ] GC(447) Tenured: 640298K(699072K)->686178K(699072K)
[192.935s][info][gc,metaspace   ] GC(447) Metaspace: 68217K(69376K)->68217K(69376K) NonClass: 59764K(60288K)->59764K(60288K) Class: 8452K(9088K)->8452K(9088K)
[192.935s][info][gc             ] GC(447) Pause Young (Allocation Failure) 931M->704M(989M) 73.763ms
[192.935s][info][gc,cpu         ] GC(447) User=0.08s Sys=0.00s Real=0.08s
[193.098s][info][gc,start       ] GC(448) Pause Young (Allocation Failure)
[193.098s][info][gc             ] GC(448) Pause Young (Allocation Failure) 977M->977M(989M) 0.249ms
[193.098s][info][gc,cpu         ] GC(448) User=0.00s Sys=0.00s Real=0.00s
[193.098s][info][gc,start       ] GC(449) Pause Full (Allocation Failure)
[193.098s][info][gc,phases,start] GC(449) Phase 1: Mark live objects
[193.284s][info][gc,phases      ] GC(449) Phase 1: Mark live objects 185.563ms
[193.284s][info][gc,phases,start] GC(449) Phase 2: Compute new object addresses
[193.544s][info][gc,phases      ] GC(449) Phase 2: Compute new object addresses 260.054ms
[193.544s][info][gc,phases,start] GC(449) Phase 3: Adjust pointers
[193.681s][info][gc,phases      ] GC(449) Phase 3: Adjust pointers 136.515ms
[193.681s][info][gc,phases,start] GC(449) Phase 4: Move objects
[193.764s][info][gc,phases      ] GC(449) Phase 4: Move objects 83.683ms
[193.771s][info][gc,heap        ] GC(449) DefNew: 314559K(314560K)->0K(314560K) Eden: 279616K(279616K)->0K(279616K) From: 34943K(34944K)->0K(34944K)
[193.771s][info][gc,heap        ] GC(449) Tenured: 686178K(699072K)->211988K(699072K)
[193.771s][info][gc,metaspace   ] GC(449) Metaspace: 68217K(69376K)->68217K(69376K) NonClass: 59764K(60288K)->59764K(60288K) Class: 8452K(9088K)->8452K(9088K)
[193.771s][info][gc             ] GC(449) Pause Full (Allocation Failure) 977M->207M(989M) 672.495ms
[193.771s][info][gc,cpu         ] GC(449) User=0.67s Sys=0.00s Real=0.67s
[193.897s][info][gc,start       ] GC(450) Pause Young (Allocation Failure)
[193.901s][info][gc,heap        ] GC(450) DefNew: 279616K(314560K)->46K(314560K) Eden: 279616K(279616K)->0K(279616K) From: 0K(34944K)->46K(34944K)
[193.901s][info][gc,heap        ] GC(450) Tenured: 211988K(699072K)->211988K(699072K)
[193.902s][info][gc,metaspace   ] GC(450) Metaspace: 68217K(69376K)->68217K(69376K) NonClass: 59764K(60288K)->59764K(60288K) Class: 8452K(9088K)->8452K(9088K)
[193.902s][info][gc             ] GC(450) Pause Young (Allocation Failure) 480M->207M(989M) 5.040ms
[193.902s][info][gc,cpu         ] GC(450) User=0.00s Sys=0.00s Real=0.00s
[194.044s][info][gc,start       ] GC(451) Pause Full (System.gc())
[194.044s][info][gc,phases,start] GC(451) Phase 1: Mark live objects
[194.165s][info][gc,phases      ] GC(451) Phase 1: Mark live objects 120.954ms
[194.165s][info][gc,phases,start] GC(451) Phase 2: Compute new object addresses
[194.288s][info][gc,phases      ] GC(451) Phase 2: Compute new object addresses 123.242ms
[194.288s][info][gc,phases,start] GC(451) Phase 3: Adjust pointers
[194.368s][info][gc,phases      ] GC(451) Phase 3: Adjust pointers 79.694ms
[194.368s][info][gc,phases,start] GC(451) Phase 4: Move objects
[194.368s][info][gc,phases      ] GC(451) Phase 4: Move objects 0.024ms
[194.374s][info][gc,heap        ] GC(451) DefNew: 214514K(314560K)->0K(314560K) Eden: 214467K(279616K)->0K(279616K) From: 46K(34944K)->0K(34944K)
[194.374s][info][gc,heap        ] GC(451) Tenured: 211988K(699072K)->172198K(699072K)
[194.374s][info][gc,metaspace   ] GC(451) Metaspace: 68217K(69376K)->68217K(69376K) NonClass: 59764K(60288K)->59764K(60288K) Class: 8452K(9088K)->8452K(9088K)
[194.374s][info][gc             ] GC(451) Pause Full (System.gc()) 416M->168M(989M) 330.021ms
[194.374s][info][gc,cpu         ] GC(451) User=0.33s Sys=0.00s Real=0.33s
[194.555s][info][gc,start       ] GC(452) Pause Young (Allocation Failure)
[194.681s][info][gc,heap        ] GC(452) DefNew: 279616K(314560K)->34943K(314560K) Eden: 279616K(279616K)->0K(279616K) From: 0K(34944K)->34943K(34944K)
[194.681s][info][gc,heap        ] GC(452) Tenured: 172198K(699072K)->219828K(699072K)
[194.681s][info][gc,metaspace   ] GC(452) Metaspace: 68218K(69376K)->68218K(69376K) NonClass: 59766K(60288K)->59766K(60288K) Class: 8452K(9088K)->8452K(9088K)
[194.681s][info][gc             ] GC(452) Pause Young (Allocation Failure) 441M->248M(989M) 125.726ms
[194.681s][info][gc,cpu         ] GC(452) User=0.13s Sys=0.00s Real=0.13s
[194.827s][info][gc,start       ] GC(453) Pause Young (Allocation Failure)
[194.988s][info][gc,heap        ] GC(453) DefNew: 314559K(314560K)->33629K(314560K) Eden: 279616K(279616K)->0K(279616K) From: 34943K(34944K)->33629K(34944K)
[194.988s][info][gc,heap        ] GC(453) Tenured: 219828K(699072K)->254292K(699072K)
[194.988s][info][gc,metaspace   ] GC(453) Metaspace: 68218K(69376K)->68218K(69376K) NonClass: 59766K(60288K)->59766K(60288K) Class: 8452K(9088K)->8452K(9088K)
[194.988s][info][gc             ] GC(453) Pause Young (Allocation Failure) 521M->281M(989M) 161.597ms
[194.988s][info][gc,cpu         ] GC(453) User=0.17s Sys=0.00s Real=0.17s
[195.174s][info][gc,start       ] GC(454) Pause Young (Allocation Failure)
[195.331s][info][gc,heap        ] GC(454) DefNew: 313245K(314560K)->33235K(314560K) Eden: 279616K(279616K)->0K(279616K) From: 33629K(34944K)->33235K(34944K)
[195.331s][info][gc,heap        ] GC(454) Tenured: 254292K(699072K)->278366K(699072K)
[195.331s][info][gc,metaspace   ] GC(454) Metaspace: 68218K(69376K)->68218K(69376K) NonClass: 59766K(60288K)->59766K(60288K) Class: 8452K(9088K)->8452K(9088K)
[195.331s][info][gc             ] GC(454) Pause Young (Allocation Failure) 554M->304M(989M) 156.987ms
[195.331s][info][gc,cpu         ] GC(454) User=0.16s Sys=0.00s Real=0.16s
[195.506s][info][gc,start       ] GC(455) Pause Young (Allocation Failure)
[195.688s][info][gc,heap        ] GC(455) DefNew: 312851K(314560K)->19168K(314560K) Eden: 279616K(279616K)->0K(279616K) From: 33235K(34944K)->19168K(34944K)
[195.688s][info][gc,heap        ] GC(455) Tenured: 278366K(699072K)->307427K(699072K)
[195.688s][info][gc,metaspace   ] GC(455) Metaspace: 68218K(69376K)->68218K(69376K) NonClass: 59766K(60288K)->59766K(60288K) Class: 8452K(9088K)->8452K(9088K)
[195.689s][info][gc             ] GC(455) Pause Young (Allocation Failure) 577M->318M(989M) 182.886ms
[195.689s][info][gc,cpu         ] GC(455) User=0.19s Sys=0.00s Real=0.19s
[195.859s][info][gc,start       ] GC(456) Pause Young (Allocation Failure)
[196.004s][info][gc,heap        ] GC(456) DefNew: 298784K(314560K)->20535K(314560K) Eden: 279616K(279616K)->0K(279616K) From: 19168K(34944K)->20535K(34944K)
[196.004s][info][gc,heap        ] GC(456) Tenured: 307427K(699072K)->322733K(699072K)
[196.004s][info][gc,metaspace   ] GC(456) Metaspace: 68218K(69376K)->68218K(69376K) NonClass: 59766K(60288K)->59766K(60288K) Class: 8452K(9088K)->8452K(9088K)
[196.004s][info][gc             ] GC(456) Pause Young (Allocation Failure) 592M->335M(989M) 144.431ms
[196.004s][info][gc,cpu         ] GC(456) User=0.14s Sys=0.00s Real=0.14s
[196.273s][info][gc,start       ] GC(457) Pause Young (Allocation Failure)
[196.413s][info][gc,heap        ] GC(457) DefNew: 300151K(314560K)->20583K(314560K) Eden: 279616K(279616K)->0K(279616K) From: 20535K(34944K)->20583K(34944K)
[196.413s][info][gc,heap        ] GC(457) Tenured: 322733K(699072K)->337964K(699072K)
[196.413s][info][gc,metaspace   ] GC(457) Metaspace: 68218K(69376K)->68218K(69376K) NonClass: 59766K(60288K)->59766K(60288K) Class: 8452K(9088K)->8452K(9088K)
[196.413s][info][gc             ] GC(457) Pause Young (Allocation Failure) 608M->350M(989M) 140.410ms
[196.413s][info][gc,cpu         ] GC(457) User=0.16s Sys=0.00s Real=0.15s
[196.845s][info][gc,start       ] GC(458) Pause Young (Allocation Failure)
[196.947s][info][gc,heap        ] GC(458) DefNew: 300199K(314560K)->10280K(314560K) Eden: 279616K(279616K)->0K(279616K) From: 20583K(34944K)->10280K(34944K)
[196.947s][info][gc,heap        ] GC(458) Tenured: 337964K(699072K)->354490K(699072K)
[196.947s][info][gc,metaspace   ] GC(458) Metaspace: 68218K(69376K)->68218K(69376K) NonClass: 59766K(60288K)->59766K(60288K) Class: 8452K(9088K)->8452K(9088K)
[196.947s][info][gc             ] GC(458) Pause Young (Allocation Failure) 623M->356M(989M) 101.572ms
[196.947s][info][gc,cpu         ] GC(458) User=0.11s Sys=0.00s Real=0.11s
[197.817s][info][gc,start       ] GC(459) Pause Young (Allocation Failure)
[197.926s][info][gc,heap        ] GC(459) DefNew: 289896K(314560K)->29392K(314560K) Eden: 279616K(279616K)->0K(279616K) From: 10280K(34944K)->29392K(34944K)
[197.926s][info][gc,heap        ] GC(459) Tenured: 354490K(699072K)->354490K(699072K)
[197.926s][info][gc,metaspace   ] GC(459) Metaspace: 68218K(69376K)->68218K(69376K) NonClass: 59766K(60288K)->59766K(60288K) Class: 8452K(9088K)->8452K(9088K)
[197.926s][info][gc             ] GC(459) Pause Young (Allocation Failure) 629M->374M(989M) 109.416ms
[197.926s][info][gc,cpu         ] GC(459) User=0.11s Sys=0.00s Real=0.11s
[198.164s][info][gc,start       ] GC(460) Pause Young (Allocation Failure)
[198.406s][info][gc,heap        ] GC(460) DefNew: 309008K(314560K)->34944K(314560K) Eden: 279616K(279616K)->0K(279616K) From: 29392K(34944K)->34944K(34944K)
[198.406s][info][gc,heap        ] GC(460) Tenured: 354490K(699072K)->427596K(699072K)
[198.406s][info][gc,metaspace   ] GC(460) Metaspace: 68218K(69376K)->68218K(69376K) NonClass: 59766K(60288K)->59766K(60288K) Class: 8452K(9088K)->8452K(9088K)
[198.406s][info][gc             ] GC(460) Pause Young (Allocation Failure) 647M->451M(989M) 242.336ms
[198.406s][info][gc,cpu         ] GC(460) User=0.25s Sys=0.00s Real=0.25s
[198.524s][info][gc,start       ] GC(461) Pause Young (Allocation Failure)
[198.693s][info][gc,heap        ] GC(461) DefNew: 314560K(314560K)->34944K(314560K) Eden: 279616K(279616K)->0K(279616K) From: 34944K(34944K)->34944K(34944K)
[198.693s][info][gc,heap        ] GC(461) Tenured: 427596K(699072K)->470026K(699072K)
[198.693s][info][gc,metaspace   ] GC(461) Metaspace: 68218K(69376K)->68218K(69376K) NonClass: 59766K(60288K)->59766K(60288K) Class: 8452K(9088K)->8452K(9088K)
[198.693s][info][gc             ] GC(461) Pause Young (Allocation Failure) 724M->493M(989M) 168.266ms
[198.693s][info][gc,cpu         ] GC(461) User=0.17s Sys=0.00s Real=0.17s
[198.835s][info][gc,start       ] GC(462) Pause Young (Allocation Failure)
[199.036s][info][gc,heap        ] GC(462) DefNew: 314560K(314560K)->34131K(314560K) Eden: 279616K(279616K)->0K(279616K) From: 34944K(34944K)->34131K(34944K)
[199.037s][info][gc,heap        ] GC(462) Tenured: 470026K(699072K)->498055K(699072K)
[199.037s][info][gc,metaspace   ] GC(462) Metaspace: 68218K(69376K)->68218K(69376K) NonClass: 59766K(60288K)->59766K(60288K) Class: 8452K(9088K)->8452K(9088K)
[199.037s][info][gc             ] GC(462) Pause Young (Allocation Failure) 766M->519M(989M) 201.884ms
[199.037s][info][gc,cpu         ] GC(462) User=0.19s Sys=0.00s Real=0.20s
[199.203s][info][gc,start       ] GC(463) Pause Young (Allocation Failure)
[199.371s][info][gc,heap        ] GC(463) DefNew: 313747K(314560K)->34943K(314560K) Eden: 279616K(279616K)->0K(279616K) From: 34131K(34944K)->34943K(34944K)
[199.371s][info][gc,heap        ] GC(463) Tenured: 498055K(699072K)->522931K(699072K)
[199.371s][info][gc,metaspace   ] GC(463) Metaspace: 68218K(69376K)->68218K(69376K) NonClass: 59766K(60288K)->59766K(60288K) Class: 8452K(9088K)->8452K(9088K)
[199.371s][info][gc             ] GC(463) Pause Young (Allocation Failure) 792M->544M(989M) 167.753ms
[199.371s][info][gc,cpu         ] GC(463) User=0.19s Sys=0.00s Real=0.18s
[199.536s][info][gc,start       ] GC(464) Pause Young (Allocation Failure)
[199.703s][info][gc,heap        ] GC(464) DefNew: 314559K(314560K)->21183K(314560K) Eden: 279616K(279616K)->0K(279616K) From: 34943K(34944K)->21183K(34944K)
[199.703s][info][gc,heap        ] GC(464) Tenured: 522931K(699072K)->553376K(699072K)
[199.703s][info][gc,metaspace   ] GC(464) Metaspace: 68218K(69376K)->68218K(69376K) NonClass: 59766K(60288K)->59766K(60288K) Class: 8452K(9088K)->8452K(9088K)
[199.703s][info][gc             ] GC(464) Pause Young (Allocation Failure) 817M->561M(989M) 167.179ms
[199.703s][info][gc,cpu         ] GC(464) User=0.17s Sys=0.00s Real=0.17s
[199.903s][info][gc,start       ] GC(465) Pause Young (Allocation Failure)
[200.064s][info][gc,heap        ] GC(465) DefNew: 300799K(314560K)->19059K(314560K) Eden: 279616K(279616K)->0K(279616K) From: 21183K(34944K)->19059K(34944K)
[200.064s][info][gc,heap        ] GC(465) Tenured: 553376K(699072K)->570105K(699072K)
[200.064s][info][gc,metaspace   ] GC(465) Metaspace: 68218K(69376K)->68218K(69376K) NonClass: 59766K(60288K)->59766K(60288K) Class: 8452K(9088K)->8452K(9088K)
[200.064s][info][gc             ] GC(465) Pause Young (Allocation Failure) 834M->575M(989M) 160.225ms
[200.064s][info][gc,cpu         ] GC(465) User=0.14s Sys=0.00s Real=0.15s
[200.832s][info][gc,start       ] GC(466) Pause Young (Allocation Failure)
[201.005s][info][gc,heap        ] GC(466) DefNew: 298675K(314560K)->31855K(314560K) Eden: 279616K(279616K)->0K(279616K) From: 19059K(34944K)->31855K(34944K)
[201.005s][info][gc,heap        ] GC(466) Tenured: 570105K(699072K)->587737K(699072K)
[201.005s][info][gc,metaspace   ] GC(466) Metaspace: 68218K(69376K)->68218K(69376K) NonClass: 59766K(60288K)->59766K(60288K) Class: 8452K(9088K)->8452K(9088K)
[201.005s][info][gc             ] GC(466) Pause Young (Allocation Failure) 848M->605M(989M) 173.735ms
[201.005s][info][gc,cpu         ] GC(466) User=0.17s Sys=0.00s Real=0.17s
[201.277s][info][gc,start       ] GC(467) Pause Young (Allocation Failure)
[201.406s][info][gc,heap        ] GC(467) DefNew: 311471K(314560K)->29799K(314560K) Eden: 279616K(279616K)->0K(279616K) From: 31855K(34944K)->29799K(34944K)
[201.406s][info][gc,heap        ] GC(467) Tenured: 587737K(699072K)->592583K(699072K)
[201.406s][info][gc,metaspace   ] GC(467) Metaspace: 68221K(69376K)->68221K(69376K) NonClass: 59769K(60288K)->59769K(60288K) Class: 8452K(9088K)->8452K(9088K)
[201.406s][info][gc             ] GC(467) Pause Young (Allocation Failure) 878M->607M(989M) 128.929ms
[201.406s][info][gc,cpu         ] GC(467) User=0.13s Sys=0.00s Real=0.13s
[201.635s][info][gc,start       ] GC(468) Pause Young (Allocation Failure)
[201.742s][info][gc,heap        ] GC(468) DefNew: 309415K(314560K)->30564K(314560K) Eden: 279616K(279616K)->0K(279616K) From: 29799K(34944K)->30564K(34944K)
[201.742s][info][gc,heap        ] GC(468) Tenured: 592583K(699072K)->592628K(699072K)
[201.742s][info][gc,metaspace   ] GC(468) Metaspace: 68225K(69376K)->68225K(69376K) NonClass: 59773K(60288K)->59773K(60288K) Class: 8452K(9088K)->8452K(9088K)
[201.743s][info][gc             ] GC(468) Pause Young (Allocation Failure) 880M->608M(989M) 107.207ms
[201.743s][info][gc,cpu         ] GC(468) User=0.11s Sys=0.00s Real=0.11s
[202.103s][info][gc,start       ] GC(469) Pause Young (Allocation Failure)
[202.135s][info][gc,heap        ] GC(469) DefNew: 310180K(314560K)->8876K(314560K) Eden: 279616K(279616K)->0K(279616K) From: 30564K(34944K)->8876K(34944K)
[202.135s][info][gc,heap        ] GC(469) Tenured: 592628K(699072K)->592696K(699072K)
[202.135s][info][gc,metaspace   ] GC(469) Metaspace: 68225K(69376K)->68225K(69376K) NonClass: 59773K(60288K)->59773K(60288K) Class: 8452K(9088K)->8452K(9088K)
[202.135s][info][gc             ] GC(469) Pause Young (Allocation Failure) 881M->587M(989M) 32.262ms
[202.135s][info][gc,cpu         ] GC(469) User=0.05s Sys=0.00s Real=0.05s
[202.266s][info][gc,start       ] GC(470) Pause Young (Allocation Failure)
[202.387s][info][gc,heap        ] GC(470) DefNew: 288492K(314560K)->34944K(314560K) Eden: 279616K(279616K)->0K(279616K) From: 8876K(34944K)->34944K(34944K)
[202.387s][info][gc,heap        ] GC(470) Tenured: 592696K(699072K)->608420K(699072K)
[202.387s][info][gc,metaspace   ] GC(470) Metaspace: 68225K(69376K)->68225K(69376K) NonClass: 59773K(60288K)->59773K(60288K) Class: 8452K(9088K)->8452K(9088K)
[202.387s][info][gc             ] GC(470) Pause Young (Allocation Failure) 860M->628M(989M) 121.122ms
[202.387s][info][gc,cpu         ] GC(470) User=0.13s Sys=0.00s Real=0.13s
[202.724s][info][gc,start       ] GC(471) Pause Young (Allocation Failure)
[202.853s][info][gc,heap        ] GC(471) DefNew: 312537K(314560K)->34944K(314560K) Eden: 277593K(279616K)->0K(279616K) From: 34944K(34944K)->34944K(34944K)
[202.853s][info][gc,heap        ] GC(471) Tenured: 608420K(699072K)->634897K(699072K)
[202.853s][info][gc,metaspace   ] GC(471) Metaspace: 68227K(69376K)->68227K(69376K) NonClass: 59774K(60288K)->59774K(60288K) Class: 8452K(9088K)->8452K(9088K)
[202.853s][info][gc             ] GC(471) Pause Young (Allocation Failure) 899M->654M(989M) 128.752ms
[202.853s][info][gc,cpu         ] GC(471) User=0.13s Sys=0.00s Real=0.13s
[203.023s][info][gc,start       ] GC(472) Pause Young (Allocation Failure)
[203.116s][info][gc,heap        ] GC(472) DefNew: 314560K(314560K)->34943K(314560K) Eden: 279616K(279616K)->0K(279616K) From: 34944K(34944K)->34943K(34944K)
[203.116s][info][gc,heap        ] GC(472) Tenured: 634897K(699072K)->661531K(699072K)
[203.116s][info][gc,metaspace   ] GC(472) Metaspace: 68227K(69376K)->68227K(69376K) NonClass: 59774K(60288K)->59774K(60288K) Class: 8452K(9088K)->8452K(9088K)
[203.116s][info][gc             ] GC(472) Pause Young (Allocation Failure) 927M->680M(989M) 92.666ms
[203.116s][info][gc,cpu         ] GC(472) User=0.09s Sys=0.00s Real=0.09s
[203.314s][info][gc,start       ] GC(473) Pause Young (Allocation Failure)
[203.314s][info][gc             ] GC(473) Pause Young (Allocation Failure) 953M->953M(989M) 0.253ms
[203.314s][info][gc,cpu         ] GC(473) User=0.00s Sys=0.00s Real=0.00s
[203.314s][info][gc,start       ] GC(474) Pause Full (Allocation Failure)
[203.314s][info][gc,phases,start] GC(474) Phase 1: Mark live objects
[203.492s][info][gc,phases      ] GC(474) Phase 1: Mark live objects 178.365ms
[203.492s][info][gc,phases,start] GC(474) Phase 2: Compute new object addresses
[203.759s][info][gc,phases      ] GC(474) Phase 2: Compute new object addresses 266.897ms
[203.759s][info][gc,phases,start] GC(474) Phase 3: Adjust pointers
[203.887s][info][gc,phases      ] GC(474) Phase 3: Adjust pointers 127.498ms
[203.887s][info][gc,phases,start] GC(474) Phase 4: Move objects
[203.921s][info][gc,phases      ] GC(474) Phase 4: Move objects 34.390ms
[203.928s][info][gc,heap        ] GC(474) DefNew: 314559K(314560K)->0K(314560K) Eden: 279616K(279616K)->0K(279616K) From: 34943K(34944K)->0K(34944K)
[203.928s][info][gc,heap        ] GC(474) Tenured: 661531K(699072K)->239342K(699072K)
[203.928s][info][gc,metaspace   ] GC(474) Metaspace: 68227K(69376K)->68227K(69376K) NonClass: 59774K(60288K)->59774K(60288K) Class: 8452K(9088K)->8452K(9088K)
[203.928s][info][gc             ] GC(474) Pause Full (Allocation Failure) 953M->233M(989M) 613.856ms
[203.928s][info][gc,cpu         ] GC(474) User=0.61s Sys=0.00s Real=0.61s
[204.051s][info][gc,start       ] GC(475) Pause Young (Allocation Failure)
[204.056s][info][gc,heap        ] GC(475) DefNew: 279616K(314560K)->43K(314560K) Eden: 279616K(279616K)->0K(279616K) From: 0K(34944K)->43K(34944K)
[204.056s][info][gc,heap        ] GC(475) Tenured: 239342K(699072K)->239342K(699072K)
[204.056s][info][gc,metaspace   ] GC(475) Metaspace: 68229K(69376K)->68229K(69376K) NonClass: 59776K(60288K)->59776K(60288K) Class: 8452K(9088K)->8452K(9088K)
[204.056s][info][gc             ] GC(475) Pause Young (Allocation Failure) 506M->233M(989M) 5.136ms
[204.056s][info][gc,cpu         ] GC(475) User=0.00s Sys=0.00s Real=0.00s
[204.179s][info][gc,start       ] GC(476) Pause Full (System.gc())
[204.179s][info][gc,phases,start] GC(476) Phase 1: Mark live objects
[204.310s][info][gc,phases      ] GC(476) Phase 1: Mark live objects 130.912ms
[204.310s][info][gc,phases,start] GC(476) Phase 2: Compute new object addresses
[204.430s][info][gc,phases      ] GC(476) Phase 2: Compute new object addresses 120.163ms
[204.430s][info][gc,phases,start] GC(476) Phase 3: Adjust pointers
[204.511s][info][gc,phases      ] GC(476) Phase 3: Adjust pointers 80.633ms
[204.511s][info][gc,phases,start] GC(476) Phase 4: Move objects
[204.511s][info][gc,phases      ] GC(476) Phase 4: Move objects 0.024ms
[204.518s][info][gc,heap        ] GC(476) DefNew: 198514K(314560K)->0K(314560K) Eden: 198470K(279616K)->0K(279616K) From: 43K(34944K)->0K(34944K)
[204.519s][info][gc,heap        ] GC(476) Tenured: 239342K(699072K)->181501K(699072K)
[204.519s][info][gc,metaspace   ] GC(476) Metaspace: 68229K(69376K)->68229K(69376K) NonClass: 59776K(60288K)->59776K(60288K) Class: 8452K(9088K)->8452K(9088K)
[204.519s][info][gc             ] GC(476) Pause Full (System.gc()) 427M->177M(989M) 339.554ms
[204.519s][info][gc,cpu         ] GC(476) User=0.34s Sys=0.00s Real=0.34s
[204.675s][info][gc,start       ] GC(477) Pause Young (Allocation Failure)
[204.790s][info][gc,heap        ] GC(477) DefNew: 279616K(314560K)->34944K(314560K) Eden: 279616K(279616K)->0K(279616K) From: 0K(34944K)->34944K(34944K)
[204.790s][info][gc,heap        ] GC(477) Tenured: 181501K(699072K)->229990K(699072K)
[204.790s][info][gc,metaspace   ] GC(477) Metaspace: 68231K(69376K)->68231K(69376K) NonClass: 59778K(60288K)->59778K(60288K) Class: 8453K(9088K)->8453K(9088K)
[204.790s][info][gc             ] GC(477) Pause Young (Allocation Failure) 450M->258M(989M) 114.378ms
[204.790s][info][gc,cpu         ] GC(477) User=0.11s Sys=0.00s Real=0.11s
[204.935s][info][gc,start       ] GC(478) Pause Young (Allocation Failure)
[205.096s][info][gc,heap        ] GC(478) DefNew: 314560K(314560K)->32612K(314560K) Eden: 279616K(279616K)->0K(279616K) From: 34944K(34944K)->32612K(34944K)
[205.096s][info][gc,heap        ] GC(478) Tenured: 229990K(699072K)->264671K(699072K)
[205.096s][info][gc,metaspace   ] GC(478) Metaspace: 68231K(69376K)->68231K(69376K) NonClass: 59778K(60288K)->59778K(60288K) Class: 8453K(9088K)->8453K(9088K)
[205.097s][info][gc             ] GC(478) Pause Young (Allocation Failure) 531M->290M(989M) 161.371ms
[205.097s][info][gc,cpu         ] GC(478) User=0.17s Sys=0.00s Real=0.17s
[205.295s][info][gc,start       ] GC(479) Pause Young (Allocation Failure)
[205.451s][info][gc,heap        ] GC(479) DefNew: 312228K(314560K)->33238K(314560K) Eden: 279616K(279616K)->0K(279616K) From: 32612K(34944K)->33238K(34944K)
[205.451s][info][gc,heap        ] GC(479) Tenured: 264671K(699072K)->287701K(699072K)
[205.451s][info][gc,metaspace   ] GC(479) Metaspace: 68231K(69376K)->68231K(69376K) NonClass: 59778K(60288K)->59778K(60288K) Class: 8453K(9088K)->8453K(9088K)
[205.451s][info][gc             ] GC(479) Pause Young (Allocation Failure) 563M->313M(989M) 155.612ms
[205.451s][info][gc,cpu         ] GC(479) User=0.16s Sys=0.00s Real=0.16s
[205.625s][info][gc,start       ] GC(480) Pause Young (Allocation Failure)
[205.787s][info][gc,heap        ] GC(480) DefNew: 312854K(314560K)->19247K(314560K) Eden: 279616K(279616K)->0K(279616K) From: 33238K(34944K)->19247K(34944K)
[205.787s][info][gc,heap        ] GC(480) Tenured: 287701K(699072K)->316749K(699072K)
[205.787s][info][gc,metaspace   ] GC(480) Metaspace: 68231K(69376K)->68231K(69376K) NonClass: 59778K(60288K)->59778K(60288K) Class: 8453K(9088K)->8453K(9088K)
[205.787s][info][gc             ] GC(480) Pause Young (Allocation Failure) 586M->328M(989M) 162.225ms
[205.787s][info][gc,cpu         ] GC(480) User=0.16s Sys=0.00s Real=0.16s
[205.965s][info][gc,start       ] GC(481) Pause Young (Allocation Failure)
[206.109s][info][gc,heap        ] GC(481) DefNew: 298863K(314560K)->20240K(314560K) Eden: 279616K(279616K)->0K(279616K) From: 19247K(34944K)->20240K(34944K)
[206.109s][info][gc,heap        ] GC(481) Tenured: 316749K(699072K)->332191K(699072K)
[206.109s][info][gc,metaspace   ] GC(481) Metaspace: 68231K(69376K)->68231K(69376K) NonClass: 59778K(60288K)->59778K(60288K) Class: 8453K(9088K)->8453K(9088K)
[206.109s][info][gc             ] GC(481) Pause Young (Allocation Failure) 601M->344M(989M) 143.798ms
[206.109s][info][gc,cpu         ] GC(481) User=0.16s Sys=0.00s Real=0.16s
[206.372s][info][gc,start       ] GC(482) Pause Young (Allocation Failure)
[206.511s][info][gc,heap        ] GC(482) DefNew: 299856K(314560K)->20667K(314560K) Eden: 279616K(279616K)->0K(279616K) From: 20240K(34944K)->20667K(34944K)
[206.511s][info][gc,heap        ] GC(482) Tenured: 332191K(699072K)->347156K(699072K)
[206.511s][info][gc,metaspace   ] GC(482) Metaspace: 68231K(69376K)->68231K(69376K) NonClass: 59778K(60288K)->59778K(60288K) Class: 8453K(9088K)->8453K(9088K)
[206.511s][info][gc             ] GC(482) Pause Young (Allocation Failure) 617M->359M(989M) 139.663ms
[206.511s][info][gc,cpu         ] GC(482) User=0.14s Sys=0.00s Real=0.14s
[206.969s][info][gc,start       ] GC(483) Pause Young (Allocation Failure)
[207.072s][info][gc,heap        ] GC(483) DefNew: 300283K(314560K)->10283K(314560K) Eden: 279616K(279616K)->0K(279616K) From: 20667K(34944K)->10283K(34944K)
[207.072s][info][gc,heap        ] GC(483) Tenured: 347156K(699072K)->363791K(699072K)
[207.072s][info][gc,metaspace   ] GC(483) Metaspace: 68231K(69376K)->68231K(69376K) NonClass: 59778K(60288K)->59778K(60288K) Class: 8453K(9088K)->8453K(9088K)
[207.072s][info][gc             ] GC(483) Pause Young (Allocation Failure) 632M->365M(989M) 102.804ms
[207.072s][info][gc,cpu         ] GC(483) User=0.11s Sys=0.00s Real=0.11s
[207.937s][info][gc,start       ] GC(484) Pause Young (Allocation Failure)
[208.043s][info][gc,heap        ] GC(484) DefNew: 289899K(314560K)->28322K(314560K) Eden: 279616K(279616K)->0K(279616K) From: 10283K(34944K)->28322K(34944K)
[208.043s][info][gc,heap        ] GC(484) Tenured: 363791K(699072K)->363791K(699072K)
[208.043s][info][gc,metaspace   ] GC(484) Metaspace: 68240K(69376K)->68240K(69376K) NonClass: 59786K(60288K)->59786K(60288K) Class: 8453K(9088K)->8453K(9088K)
[208.043s][info][gc             ] GC(484) Pause Young (Allocation Failure) 638M->382M(989M) 106.209ms
[208.043s][info][gc,cpu         ] GC(484) User=0.11s Sys=0.00s Real=0.11s
[208.293s][info][gc,start       ] GC(485) Pause Young (Allocation Failure)
[208.530s][info][gc,heap        ] GC(485) DefNew: 307938K(314560K)->34943K(314560K) Eden: 279616K(279616K)->0K(279616K) From: 28322K(34944K)->34943K(34944K)
[208.530s][info][gc,heap        ] GC(485) Tenured: 363791K(699072K)->432779K(699072K)
[208.530s][info][gc,metaspace   ] GC(485) Metaspace: 68240K(69376K)->68240K(69376K) NonClass: 59786K(60288K)->59786K(60288K) Class: 8453K(9088K)->8453K(9088K)
[208.530s][info][gc             ] GC(485) Pause Young (Allocation Failure) 655M->456M(989M) 236.870ms
[208.530s][info][gc,cpu         ] GC(485) User=0.23s Sys=0.00s Real=0.24s
[208.644s][info][gc,start       ] GC(486) Pause Young (Allocation Failure)
[208.811s][info][gc,heap        ] GC(486) DefNew: 314559K(314560K)->34943K(314560K) Eden: 279616K(279616K)->0K(279616K) From: 34943K(34944K)->34943K(34944K)
[208.811s][info][gc,heap        ] GC(486) Tenured: 432779K(699072K)->479005K(699072K)
[208.811s][info][gc,metaspace   ] GC(486) Metaspace: 68240K(69376K)->68240K(69376K) NonClass: 59786K(60288K)->59786K(60288K) Class: 8453K(9088K)->8453K(9088K)
[208.811s][info][gc             ] GC(486) Pause Young (Allocation Failure) 729M->501M(989M) 167.252ms
[208.811s][info][gc,cpu         ] GC(486) User=0.17s Sys=0.00s Real=0.17s
[208.951s][info][gc,start       ] GC(487) Pause Young (Allocation Failure)
[209.143s][info][gc,heap        ] GC(487) DefNew: 314559K(314560K)->34414K(314560K) Eden: 279616K(279616K)->0K(279616K) From: 34943K(34944K)->34414K(34944K)
[209.143s][info][gc,heap        ] GC(487) Tenured: 479005K(699072K)->507061K(699072K)
[209.143s][info][gc,metaspace   ] GC(487) Metaspace: 68240K(69376K)->68240K(69376K) NonClass: 59786K(60288K)->59786K(60288K) Class: 8453K(9088K)->8453K(9088K)
[209.143s][info][gc             ] GC(487) Pause Young (Allocation Failure) 774M->528M(989M) 192.202ms
[209.143s][info][gc,cpu         ] GC(487) User=0.19s Sys=0.00s Real=0.18s
[209.296s][info][gc,start       ] GC(488) Pause Young (Allocation Failure)
[209.466s][info][gc,heap        ] GC(488) DefNew: 314030K(314560K)->34944K(314560K) Eden: 279616K(279616K)->0K(279616K) From: 34414K(34944K)->34944K(34944K)
[209.466s][info][gc,heap        ] GC(488) Tenured: 507061K(699072K)->532179K(699072K)
[209.466s][info][gc,metaspace   ] GC(488) Metaspace: 68240K(69376K)->68240K(69376K) NonClass: 59787K(60288K)->59787K(60288K) Class: 8453K(9088K)->8453K(9088K)
[209.466s][info][gc             ] GC(488) Pause Young (Allocation Failure) 801M->553M(989M) 170.061ms
[209.466s][info][gc,cpu         ] GC(488) User=0.17s Sys=0.00s Real=0.17s
[209.617s][info][gc,start       ] GC(489) Pause Young (Allocation Failure)
[209.798s][info][gc,heap        ] GC(489) DefNew: 314560K(314560K)->21161K(314560K) Eden: 279616K(279616K)->0K(279616K) From: 34944K(34944K)->21161K(34944K)
[209.798s][info][gc,heap        ] GC(489) Tenured: 532179K(699072K)->562645K(699072K)
[209.798s][info][gc,metaspace   ] GC(489) Metaspace: 68240K(69376K)->68240K(69376K) NonClass: 59787K(60288K)->59787K(60288K) Class: 8453K(9088K)->8453K(9088K)
[209.798s][info][gc             ] GC(489) Pause Young (Allocation Failure) 826M->570M(989M) 180.666ms
[209.798s][info][gc,cpu         ] GC(489) User=0.17s Sys=0.00s Real=0.18s
[209.990s][info][gc,start       ] GC(490) Pause Young (Allocation Failure)
[210.147s][info][gc,heap        ] GC(490) DefNew: 300777K(314560K)->18786K(314560K) Eden: 279616K(279616K)->0K(279616K) From: 21161K(34944K)->18786K(34944K)
[210.147s][info][gc,heap        ] GC(490) Tenured: 562645K(699072K)->579456K(699072K)
[210.147s][info][gc,metaspace   ] GC(490) Metaspace: 68240K(69376K)->68240K(69376K) NonClass: 59787K(60288K)->59787K(60288K) Class: 8453K(9088K)->8453K(9088K)
[210.147s][info][gc             ] GC(490) Pause Young (Allocation Failure) 843M->584M(989M) 157.729ms
[210.147s][info][gc,cpu         ] GC(490) User=0.16s Sys=0.00s Real=0.16s
[210.872s][info][gc,start       ] GC(491) Pause Young (Allocation Failure)
[211.054s][info][gc,heap        ] GC(491) DefNew: 298402K(314560K)->30577K(314560K) Eden: 279616K(279616K)->0K(279616K) From: 18786K(34944K)->30577K(34944K)
[211.054s][info][gc,heap        ] GC(491) Tenured: 579456K(699072K)->597187K(699072K)
[211.054s][info][gc,metaspace   ] GC(491) Metaspace: 68284K(69440K)->68284K(69440K) NonClass: 59831K(60352K)->59831K(60352K) Class: 8453K(9088K)->8453K(9088K)
[211.054s][info][gc             ] GC(491) Pause Young (Allocation Failure) 857M->613M(989M) 182.665ms
[211.054s][info][gc,cpu         ] GC(491) User=0.17s Sys=0.00s Real=0.17s
[211.327s][info][gc,start       ] GC(492) Pause Young (Allocation Failure)
[211.457s][info][gc,heap        ] GC(492) DefNew: 310193K(314560K)->30103K(314560K) Eden: 279616K(279616K)->0K(279616K) From: 30577K(34944K)->30103K(34944K)
[211.457s][info][gc,heap        ] GC(492) Tenured: 597187K(699072K)->601956K(699072K)
[211.457s][info][gc,metaspace   ] GC(492) Metaspace: 68308K(69440K)->68308K(69440K) NonClass: 59854K(60352K)->59854K(60352K) Class: 8453K(9088K)->8453K(9088K)
[211.457s][info][gc             ] GC(492) Pause Young (Allocation Failure) 886M->617M(989M) 129.974ms
[211.457s][info][gc,cpu         ] GC(492) User=0.14s Sys=0.00s Real=0.14s
[211.716s][info][gc,start       ] GC(493) Pause Young (Allocation Failure)
[211.826s][info][gc,heap        ] GC(493) DefNew: 309719K(314560K)->30767K(314560K) Eden: 279616K(279616K)->0K(279616K) From: 30103K(34944K)->30767K(34944K)
[211.826s][info][gc,heap        ] GC(493) Tenured: 601956K(699072K)->602001K(699072K)
[211.826s][info][gc,metaspace   ] GC(493) Metaspace: 68315K(69440K)->68315K(69440K) NonClass: 59861K(60352K)->59861K(60352K) Class: 8453K(9088K)->8453K(9088K)
[211.826s][info][gc             ] GC(493) Pause Young (Allocation Failure) 890M->617M(989M) 110.110ms
[211.826s][info][gc,cpu         ] GC(493) User=0.11s Sys=0.00s Real=0.11s
[212.182s][info][gc,start       ] GC(494) Pause Young (Allocation Failure)
[212.215s][info][gc,heap        ] GC(494) DefNew: 310383K(314560K)->9161K(314560K) Eden: 279616K(279616K)->0K(279616K) From: 30767K(34944K)->9161K(34944K)
[212.215s][info][gc,heap        ] GC(494) Tenured: 602001K(699072K)->602070K(699072K)
[212.215s][info][gc,metaspace   ] GC(494) Metaspace: 68321K(69504K)->68321K(69504K) NonClass: 59868K(60416K)->59868K(60416K) Class: 8453K(9088K)->8453K(9088K)
[212.215s][info][gc             ] GC(494) Pause Young (Allocation Failure) 891M->596M(989M) 32.910ms
[212.215s][info][gc,cpu         ] GC(494) User=0.03s Sys=0.00s Real=0.03s
[212.341s][info][gc,start       ] GC(495) Pause Young (Allocation Failure)
[212.461s][info][gc,heap        ] GC(495) DefNew: 288777K(314560K)->34944K(314560K) Eden: 279616K(279616K)->0K(279616K) From: 9161K(34944K)->34944K(34944K)
[212.461s][info][gc,heap        ] GC(495) Tenured: 602070K(699072K)->617876K(699072K)
[212.461s][info][gc,metaspace   ] GC(495) Metaspace: 68321K(69504K)->68321K(69504K) NonClass: 59868K(60416K)->59868K(60416K) Class: 8453K(9088K)->8453K(9088K)
[212.461s][info][gc             ] GC(495) Pause Young (Allocation Failure) 869M->637M(989M) 120.333ms
[212.461s][info][gc,cpu         ] GC(495) User=0.13s Sys=0.00s Real=0.13s
[212.815s][info][gc,start       ] GC(496) Pause Young (Allocation Failure)
[212.930s][info][gc,heap        ] GC(496) DefNew: 314560K(314560K)->34943K(314560K) Eden: 279616K(279616K)->0K(279616K) From: 34944K(34944K)->34943K(34944K)
[212.931s][info][gc,heap        ] GC(496) Tenured: 617876K(699072K)->641113K(699072K)
[212.931s][info][gc,metaspace   ] GC(496) Metaspace: 68328K(69504K)->68328K(69504K) NonClass: 59874K(60416K)->59874K(60416K) Class: 8453K(9088K)->8453K(9088K)
[212.931s][info][gc             ] GC(496) Pause Young (Allocation Failure) 910M->660M(989M) 115.125ms
[212.931s][info][gc,cpu         ] GC(496) User=0.14s Sys=0.00s Real=0.13s
[213.077s][info][gc,start       ] GC(497) Pause Young (Allocation Failure)
[213.162s][info][gc,heap        ] GC(497) DefNew: 313439K(314560K)->34944K(314560K) Eden: 278495K(279616K)->0K(279616K) From: 34943K(34944K)->34944K(34944K)
[213.162s][info][gc,heap        ] GC(497) Tenured: 641113K(699072K)->686654K(699072K)
[213.162s][info][gc,metaspace   ] GC(497) Metaspace: 68330K(69504K)->68330K(69504K) NonClass: 59876K(60416K)->59876K(60416K) Class: 8453K(9088K)->8453K(9088K)
[213.162s][info][gc             ] GC(497) Pause Young (Allocation Failure) 932M->704M(989M) 84.499ms
[213.162s][info][gc,cpu         ] GC(497) User=0.09s Sys=0.00s Real=0.09s
[213.313s][info][gc,start       ] GC(498) Pause Young (Allocation Failure)
[213.313s][info][gc             ] GC(498) Pause Young (Allocation Failure) 977M->977M(989M) 0.247ms
[213.314s][info][gc,cpu         ] GC(498) User=0.00s Sys=0.00s Real=0.00s
[213.314s][info][gc,start       ] GC(499) Pause Full (Allocation Failure)
[213.314s][info][gc,phases,start] GC(499) Phase 1: Mark live objects
[213.497s][info][gc,phases      ] GC(499) Phase 1: Mark live objects 183.523ms
[213.497s][info][gc,phases,start] GC(499) Phase 2: Compute new object addresses
[213.767s][info][gc,phases      ] GC(499) Phase 2: Compute new object addresses 269.404ms
[213.767s][info][gc,phases,start] GC(499) Phase 3: Adjust pointers
[213.902s][info][gc,phases      ] GC(499) Phase 3: Adjust pointers 135.387ms
[213.902s][info][gc,phases,start] GC(499) Phase 4: Move objects
[213.983s][info][gc,phases      ] GC(499) Phase 4: Move objects 81.065ms
[213.990s][info][gc,heap        ] GC(499) DefNew: 314560K(314560K)->0K(314560K) Eden: 279616K(279616K)->0K(279616K) From: 34944K(34944K)->0K(34944K)
[213.990s][info][gc,heap        ] GC(499) Tenured: 686654K(699072K)->212099K(699072K)
[213.990s][info][gc,metaspace   ] GC(499) Metaspace: 68330K(69504K)->68330K(69504K) NonClass: 59876K(60416K)->59876K(60416K) Class: 8453K(9088K)->8453K(9088K)
[213.990s][info][gc             ] GC(499) Pause Full (Allocation Failure) 977M->207M(989M) 676.071ms
[213.990s][info][gc,cpu         ] GC(499) User=0.69s Sys=0.00s Real=0.68s
[214.117s][info][gc,start       ] GC(500) Pause Young (Allocation Failure)
[214.121s][info][gc,heap        ] GC(500) DefNew: 279616K(314560K)->47K(314560K) Eden: 279616K(279616K)->0K(279616K) From: 0K(34944K)->47K(34944K)
[214.121s][info][gc,heap        ] GC(500) Tenured: 212099K(699072K)->212099K(699072K)
[214.121s][info][gc,metaspace   ] GC(500) Metaspace: 68336K(69504K)->68336K(69504K) NonClass: 59882K(60416K)->59882K(60416K) Class: 8453K(9088K)->8453K(9088K)
[214.122s][info][gc             ] GC(500) Pause Young (Allocation Failure) 480M->207M(989M) 5.066ms
[214.122s][info][gc,cpu         ] GC(500) User=0.00s Sys=0.00s Real=0.00s
[214.259s][info][gc,start       ] GC(501) Pause Full (System.gc())
[214.259s][info][gc,phases,start] GC(501) Phase 1: Mark live objects
[214.382s][info][gc,phases      ] GC(501) Phase 1: Mark live objects 122.769ms
[214.382s][info][gc,phases,start] GC(501) Phase 2: Compute new object addresses
[214.503s][info][gc,phases      ] GC(501) Phase 2: Compute new object addresses 121.354ms
[214.503s][info][gc,phases,start] GC(501) Phase 3: Adjust pointers
[214.582s][info][gc,phases      ] GC(501) Phase 3: Adjust pointers 78.480ms
[214.582s][info][gc,phases,start] GC(501) Phase 4: Move objects
[214.582s][info][gc,phases      ] GC(501) Phase 4: Move objects 0.025ms
[214.588s][info][gc,heap        ] GC(501) DefNew: 200944K(314560K)->0K(314560K) Eden: 200896K(279616K)->0K(279616K) From: 47K(34944K)->0K(34944K)
[214.588s][info][gc,heap        ] GC(501) Tenured: 212099K(699072K)->175238K(699072K)
[214.588s][info][gc,metaspace   ] GC(501) Metaspace: 68336K(69504K)->68336K(69504K) NonClass: 59882K(60416K)->59882K(60416K) Class: 8453K(9088K)->8453K(9088K)
[214.588s][info][gc             ] GC(501) Pause Full (System.gc()) 403M->171M(989M) 329.006ms
[214.588s][info][gc,cpu         ] GC(501) User=0.31s Sys=0.00s Real=0.32s
[214.761s][info][gc,start       ] GC(502) Pause Young (Allocation Failure)
[214.871s][info][gc,heap        ] GC(502) DefNew: 279616K(314560K)->34944K(314560K) Eden: 279616K(279616K)->0K(279616K) From: 0K(34944K)->34944K(34944K)
[214.871s][info][gc,heap        ] GC(502) Tenured: 175238K(699072K)->222402K(699072K)
[214.871s][info][gc,metaspace   ] GC(502) Metaspace: 68337K(69504K)->68337K(69504K) NonClass: 59883K(60416K)->59883K(60416K) Class: 8453K(9088K)->8453K(9088K)
[214.871s][info][gc             ] GC(502) Pause Young (Allocation Failure) 444M->251M(989M) 110.221ms
[214.872s][info][gc,cpu         ] GC(502) User=0.11s Sys=0.00s Real=0.11s
[215.019s][info][gc,start       ] GC(503) Pause Young (Allocation Failure)
[215.180s][info][gc,heap        ] GC(503) DefNew: 314560K(314560K)->33763K(314560K) Eden: 279616K(279616K)->0K(279616K) From: 34944K(34944K)->33763K(34944K)
[215.180s][info][gc,heap        ] GC(503) Tenured: 222402K(699072K)->257065K(699072K)
[215.180s][info][gc,metaspace   ] GC(503) Metaspace: 68337K(69504K)->68337K(69504K) NonClass: 59883K(60416K)->59883K(60416K) Class: 8453K(9088K)->8453K(9088K)
[215.180s][info][gc             ] GC(503) Pause Young (Allocation Failure) 524M->284M(989M) 161.994ms
[215.181s][info][gc,cpu         ] GC(503) User=0.17s Sys=0.00s Real=0.17s
[215.362s][info][gc,start       ] GC(504) Pause Young (Allocation Failure)
[215.518s][info][gc,heap        ] GC(504) DefNew: 313379K(314560K)->33208K(314560K) Eden: 279616K(279616K)->0K(279616K) From: 33763K(34944K)->33208K(34944K)
[215.518s][info][gc,heap        ] GC(504) Tenured: 257065K(699072K)->281284K(699072K)
[215.518s][info][gc,metaspace   ] GC(504) Metaspace: 68337K(69504K)->68337K(69504K) NonClass: 59883K(60416K)->59883K(60416K) Class: 8453K(9088K)->8453K(9088K)
[215.518s][info][gc             ] GC(504) Pause Young (Allocation Failure) 557M->307M(989M) 155.995ms
[215.518s][info][gc,cpu         ] GC(504) User=0.16s Sys=0.00s Real=0.16s
[215.694s][info][gc,start       ] GC(505) Pause Young (Allocation Failure)
[215.865s][info][gc,heap        ] GC(505) DefNew: 312824K(314560K)->19328K(314560K) Eden: 279616K(279616K)->0K(279616K) From: 33208K(34944K)->19328K(34944K)
[215.865s][info][gc,heap        ] GC(505) Tenured: 281284K(699072K)->310302K(699072K)
[215.865s][info][gc,metaspace   ] GC(505) Metaspace: 68337K(69504K)->68337K(69504K) NonClass: 59883K(60416K)->59883K(60416K) Class: 8453K(9088K)->8453K(9088K)
[215.865s][info][gc             ] GC(505) Pause Young (Allocation Failure) 580M->321M(989M) 171.401ms
[215.865s][info][gc,cpu         ] GC(505) User=0.16s Sys=0.00s Real=0.16s
[216.036s][info][gc,start       ] GC(506) Pause Young (Allocation Failure)
[216.179s][info][gc,heap        ] GC(506) DefNew: 298944K(314560K)->20269K(314560K) Eden: 279616K(279616K)->0K(279616K) From: 19328K(34944K)->20269K(34944K)
[216.179s][info][gc,heap        ] GC(506) Tenured: 310302K(699072K)->325781K(699072K)
[216.179s][info][gc,metaspace   ] GC(506) Metaspace: 68337K(69504K)->68337K(69504K) NonClass: 59883K(60416K)->59883K(60416K) Class: 8453K(9088K)->8453K(9088K)
[216.179s][info][gc             ] GC(506) Pause Young (Allocation Failure) 594M->337M(989M) 142.838ms
[216.179s][info][gc,cpu         ] GC(506) User=0.14s Sys=0.00s Real=0.14s
[216.451s][info][gc,start       ] GC(507) Pause Young (Allocation Failure)
[216.593s][info][gc,heap        ] GC(507) DefNew: 299885K(314560K)->20585K(314560K) Eden: 279616K(279616K)->0K(279616K) From: 20269K(34944K)->20585K(34944K)
[216.593s][info][gc,heap        ] GC(507) Tenured: 325781K(699072K)->340772K(699072K)
[216.593s][info][gc,metaspace   ] GC(507) Metaspace: 68337K(69504K)->68337K(69504K) NonClass: 59883K(60416K)->59883K(60416K) Class: 8453K(9088K)->8453K(9088K)
[216.593s][info][gc             ] GC(507) Pause Young (Allocation Failure) 611M->352M(989M) 142.151ms
[216.593s][info][gc,cpu         ] GC(507) User=0.14s Sys=0.00s Real=0.14s
[217.064s][info][gc,start       ] GC(508) Pause Young (Allocation Failure)
[217.171s][info][gc,heap        ] GC(508) DefNew: 300201K(314560K)->10180K(314560K) Eden: 279616K(279616K)->0K(279616K) From: 20585K(34944K)->10180K(34944K)
[217.171s][info][gc,heap        ] GC(508) Tenured: 340772K(699072K)->357372K(699072K)
[217.171s][info][gc,metaspace   ] GC(508) Metaspace: 68337K(69504K)->68337K(69504K) NonClass: 59883K(60416K)->59883K(60416K) Class: 8453K(9088K)->8453K(9088K)
[217.171s][info][gc             ] GC(508) Pause Young (Allocation Failure) 625M->358M(989M) 106.332ms
[217.171s][info][gc,cpu         ] GC(508) User=0.11s Sys=0.00s Real=0.11s
[218.048s][info][gc,start       ] GC(509) Pause Young (Allocation Failure)
[218.150s][info][gc,heap        ] GC(509) DefNew: 289796K(314560K)->27411K(314560K) Eden: 279616K(279616K)->0K(279616K) From: 10180K(34944K)->27411K(34944K)
[218.151s][info][gc,heap        ] GC(509) Tenured: 357372K(699072K)->357372K(699072K)
[218.151s][info][gc,metaspace   ] GC(509) Metaspace: 68364K(69504K)->68364K(69504K) NonClass: 59911K(60416K)->59911K(60416K) Class: 8453K(9088K)->8453K(9088K)
[218.151s][info][gc             ] GC(509) Pause Young (Allocation Failure) 632M->375M(989M) 102.456ms
[218.151s][info][gc,cpu         ] GC(509) User=0.09s Sys=0.00s Real=0.09s
[218.405s][info][gc,start       ] GC(510) Pause Young (Allocation Failure)
[218.642s][info][gc,heap        ] GC(510) DefNew: 307027K(314560K)->34943K(314560K) Eden: 279616K(279616K)->0K(279616K) From: 27411K(34944K)->34943K(34944K)
[218.642s][info][gc,heap        ] GC(510) Tenured: 357372K(699072K)->423809K(699072K)
[218.642s][info][gc,metaspace   ] GC(510) Metaspace: 68364K(69504K)->68364K(69504K) NonClass: 59911K(60416K)->59911K(60416K) Class: 8453K(9088K)->8453K(9088K)
[218.642s][info][gc             ] GC(510) Pause Young (Allocation Failure) 648M->448M(989M) 237.309ms
[218.642s][info][gc,cpu         ] GC(510) User=0.23s Sys=0.00s Real=0.23s
[218.762s][info][gc,start       ] GC(511) Pause Young (Allocation Failure)
[218.925s][info][gc,heap        ] GC(511) DefNew: 314559K(314560K)->34944K(314560K) Eden: 279616K(279616K)->0K(279616K) From: 34943K(34944K)->34944K(34944K)
[218.925s][info][gc,heap        ] GC(511) Tenured: 423809K(699072K)->472086K(699072K)
[218.925s][info][gc,metaspace   ] GC(511) Metaspace: 68364K(69504K)->68364K(69504K) NonClass: 59911K(60416K)->59911K(60416K) Class: 8453K(9088K)->8453K(9088K)
[218.925s][info][gc             ] GC(511) Pause Young (Allocation Failure) 721M->495M(989M) 162.486ms
[218.925s][info][gc,cpu         ] GC(511) User=0.17s Sys=0.00s Real=0.17s
[219.067s][info][gc,start       ] GC(512) Pause Young (Allocation Failure)
[219.261s][info][gc,heap        ] GC(512) DefNew: 314560K(314560K)->34629K(314560K) Eden: 279616K(279616K)->0K(279616K) From: 34944K(34944K)->34629K(34944K)
[219.261s][info][gc,heap        ] GC(512) Tenured: 472086K(699072K)->500203K(699072K)
[219.261s][info][gc,metaspace   ] GC(512) Metaspace: 68364K(69504K)->68364K(69504K) NonClass: 59911K(60416K)->59911K(60416K) Class: 8453K(9088K)->8453K(9088K)
[219.261s][info][gc             ] GC(512) Pause Young (Allocation Failure) 768M->522M(989M) 193.852ms
[219.261s][info][gc,cpu         ] GC(512) User=0.19s Sys=0.00s Real=0.19s
[219.432s][info][gc,start       ] GC(513) Pause Young (Allocation Failure)
[219.600s][info][gc,heap        ] GC(513) DefNew: 314245K(314560K)->34944K(314560K) Eden: 279616K(279616K)->0K(279616K) From: 34629K(34944K)->34944K(34944K)
[219.600s][info][gc,heap        ] GC(513) Tenured: 500203K(699072K)->525606K(699072K)
[219.600s][info][gc,metaspace   ] GC(513) Metaspace: 68364K(69504K)->68364K(69504K) NonClass: 59911K(60416K)->59911K(60416K) Class: 8453K(9088K)->8453K(9088K)
[219.600s][info][gc             ] GC(513) Pause Young (Allocation Failure) 795M->547M(989M) 168.361ms
[219.600s][info][gc,cpu         ] GC(513) User=0.16s Sys=0.00s Real=0.16s
[219.764s][info][gc,start       ] GC(514) Pause Young (Allocation Failure)
[219.928s][info][gc,heap        ] GC(514) DefNew: 314560K(314560K)->21225K(314560K) Eden: 279616K(279616K)->0K(279616K) From: 34944K(34944K)->21225K(34944K)
[219.928s][info][gc,heap        ] GC(514) Tenured: 525606K(699072K)->556070K(699072K)
[219.928s][info][gc,metaspace   ] GC(514) Metaspace: 68364K(69504K)->68364K(69504K) NonClass: 59911K(60416K)->59911K(60416K) Class: 8453K(9088K)->8453K(9088K)
[219.928s][info][gc             ] GC(514) Pause Young (Allocation Failure) 820M->563M(989M) 163.846ms
[219.928s][info][gc,cpu         ] GC(514) User=0.16s Sys=0.00s Real=0.16s
[220.127s][info][gc,start       ] GC(515) Pause Young (Allocation Failure)
[220.281s][info][gc,heap        ] GC(515) DefNew: 300841K(314560K)->18408K(314560K) Eden: 279616K(279616K)->0K(279616K) From: 21225K(34944K)->18408K(34944K)
[220.281s][info][gc,heap        ] GC(515) Tenured: 556070K(699072K)->572953K(699072K)
[220.281s][info][gc,metaspace   ] GC(515) Metaspace: 68364K(69504K)->68364K(69504K) NonClass: 59911K(60416K)->59911K(60416K) Class: 8453K(9088K)->8453K(9088K)
[220.281s][info][gc             ] GC(515) Pause Young (Allocation Failure) 836M->577M(989M) 154.363ms
[220.281s][info][gc,cpu         ] GC(515) User=0.14s Sys=0.00s Real=0.14s
[221.003s][info][gc,start       ] GC(516) Pause Young (Allocation Failure)
[221.179s][info][gc,heap        ] GC(516) DefNew: 298024K(314560K)->32971K(314560K) Eden: 279616K(279616K)->0K(279616K) From: 18408K(34944K)->32971K(34944K)
[221.179s][info][gc,heap        ] GC(516) Tenured: 572953K(699072K)->589895K(699072K)
[221.179s][info][gc,metaspace   ] GC(516) Metaspace: 68371K(69504K)->68371K(69504K) NonClass: 59917K(60416K)->59917K(60416K) Class: 8453K(9088K)->8453K(9088K)
[221.179s][info][gc             ] GC(516) Pause Young (Allocation Failure) 850M->608M(989M) 175.922ms
[221.179s][info][gc,cpu         ] GC(516) User=0.17s Sys=0.00s Real=0.18s
[221.451s][info][gc,start       ] GC(517) Pause Young (Allocation Failure)
[221.578s][info][gc,heap        ] GC(517) DefNew: 312587K(314560K)->29433K(314560K) Eden: 279616K(279616K)->0K(279616K) From: 32971K(34944K)->29433K(34944K)
[221.578s][info][gc,heap        ] GC(517) Tenured: 589895K(699072K)->595627K(699072K)
[221.578s][info][gc,metaspace   ] GC(517) Metaspace: 68373K(69504K)->68373K(69504K) NonClass: 59919K(60416K)->59919K(60416K) Class: 8453K(9088K)->8453K(9088K)
[221.578s][info][gc             ] GC(517) Pause Young (Allocation Failure) 881M->610M(989M) 127.373ms
[221.578s][info][gc,cpu         ] GC(517) User=0.14s Sys=0.00s Real=0.14s
[221.832s][info][gc,start       ] GC(518) Pause Young (Allocation Failure)
[221.936s][info][gc,heap        ] GC(518) DefNew: 309049K(314560K)->30226K(314560K) Eden: 279616K(279616K)->0K(279616K) From: 29433K(34944K)->30226K(34944K)
[221.936s][info][gc,heap        ] GC(518) Tenured: 595627K(699072K)->595671K(699072K)
[221.936s][info][gc,metaspace   ] GC(518) Metaspace: 68393K(69504K)->68393K(69504K) NonClass: 59939K(60416K)->59939K(60416K) Class: 8453K(9088K)->8453K(9088K)
[221.936s][info][gc             ] GC(518) Pause Young (Allocation Failure) 883M->611M(989M) 104.084ms
[221.936s][info][gc,cpu         ] GC(518) User=0.11s Sys=0.00s Real=0.11s
[222.287s][info][gc,start       ] GC(519) Pause Young (Allocation Failure)
[222.314s][info][gc,heap        ] GC(519) DefNew: 309842K(314560K)->7865K(314560K) Eden: 279616K(279616K)->0K(279616K) From: 30226K(34944K)->7865K(34944K)
[222.314s][info][gc,heap        ] GC(519) Tenured: 595671K(699072K)->595740K(699072K)
[222.314s][info][gc,metaspace   ] GC(519) Metaspace: 68395K(69504K)->68395K(69504K) NonClass: 59941K(60416K)->59941K(60416K) Class: 8453K(9088K)->8453K(9088K)
[222.315s][info][gc             ] GC(519) Pause Young (Allocation Failure) 884M->589M(989M) 27.659ms
[222.315s][info][gc,cpu         ] GC(519) User=0.03s Sys=0.00s Real=0.03s
[222.439s][info][gc,start       ] GC(520) Pause Young (Allocation Failure)
[222.556s][info][gc,heap        ] GC(520) DefNew: 287481K(314560K)->34944K(314560K) Eden: 279616K(279616K)->0K(279616K) From: 7865K(34944K)->34944K(34944K)
[222.556s][info][gc,heap        ] GC(520) Tenured: 595740K(699072K)->610146K(699072K)
[222.556s][info][gc,metaspace   ] GC(520) Metaspace: 68395K(69504K)->68395K(69504K) NonClass: 59941K(60416K)->59941K(60416K) Class: 8453K(9088K)->8453K(9088K)
[222.556s][info][gc             ] GC(520) Pause Young (Allocation Failure) 862M->629M(989M) 117.063ms
[222.556s][info][gc,cpu         ] GC(520) User=0.11s Sys=0.00s Real=0.11s
[222.890s][info][gc,start       ] GC(521) Pause Young (Allocation Failure)
[223.005s][info][gc,heap        ] GC(521) DefNew: 314560K(314560K)->32710K(314560K) Eden: 279616K(279616K)->0K(279616K) From: 34944K(34944K)->32710K(34944K)
[223.005s][info][gc,heap        ] GC(521) Tenured: 610146K(699072K)->632899K(699072K)
[223.005s][info][gc,metaspace   ] GC(521) Metaspace: 68397K(69504K)->68397K(69504K) NonClass: 59943K(60416K)->59943K(60416K) Class: 8453K(9088K)->8453K(9088K)
[223.005s][info][gc             ] GC(521) Pause Young (Allocation Failure) 903M->650M(989M) 115.622ms
[223.005s][info][gc,cpu         ] GC(521) User=0.13s Sys=0.00s Real=0.12s
[223.216s][info][gc,start       ] GC(522) Pause Young (Allocation Failure)
[223.289s][info][gc,heap        ] GC(522) DefNew: 312326K(314560K)->34944K(314560K) Eden: 279616K(279616K)->0K(279616K) From: 32710K(34944K)->34944K(34944K)
[223.289s][info][gc,heap        ] GC(522) Tenured: 632899K(699072K)->649552K(699072K)
[223.289s][info][gc,metaspace   ] GC(522) Metaspace: 68400K(69568K)->68400K(69568K) NonClass: 59946K(60480K)->59946K(60480K) Class: 8453K(9088K)->8453K(9088K)
[223.289s][info][gc             ] GC(522) Pause Young (Allocation Failure) 923M->668M(989M) 72.995ms
[223.289s][info][gc,cpu         ] GC(522) User=0.06s Sys=0.00s Real=0.06s
[223.490s][info][gc,start       ] GC(523) Pause Young (Allocation Failure)
[223.599s][info][gc,heap        ] GC(523) DefNew: 314560K(314560K)->34944K(314560K) Eden: 279616K(279616K)->0K(279616K) From: 34944K(34944K)->34944K(34944K)
[223.599s][info][gc,heap        ] GC(523) Tenured: 649552K(699072K)->676801K(699072K)
[223.599s][info][gc,metaspace   ] GC(523) Metaspace: 68408K(69568K)->68408K(69568K) NonClass: 59955K(60480K)->59955K(60480K) Class: 8453K(9088K)->8453K(9088K)
[223.599s][info][gc             ] GC(523) Pause Young (Allocation Failure) 941M->695M(989M) 109.451ms
[223.600s][info][gc,cpu         ] GC(523) User=0.11s Sys=0.00s Real=0.11s
[223.742s][info][gc,start       ] GC(524) Pause Young (Allocation Failure)
[223.742s][info][gc             ] GC(524) Pause Young (Allocation Failure) 966M->966M(989M) 0.226ms
[223.742s][info][gc,cpu         ] GC(524) User=0.00s Sys=0.00s Real=0.00s
[223.742s][info][gc,start       ] GC(525) Pause Full (Allocation Failure)
[223.742s][info][gc,phases,start] GC(525) Phase 1: Mark live objects
[223.899s][info][gc,phases      ] GC(525) Phase 1: Mark live objects 157.138ms
[223.899s][info][gc,phases,start] GC(525) Phase 2: Compute new object addresses
[224.175s][info][gc,phases      ] GC(525) Phase 2: Compute new object addresses 275.665ms
[224.175s][info][gc,phases,start] GC(525) Phase 3: Adjust pointers
[224.293s][info][gc,phases      ] GC(525) Phase 3: Adjust pointers 117.722ms
[224.293s][info][gc,phases,start] GC(525) Phase 4: Move objects
[224.314s][info][gc,phases      ] GC(525) Phase 4: Move objects 21.812ms
[224.321s][info][gc,heap        ] GC(525) DefNew: 313390K(314560K)->0K(314560K) Eden: 278446K(279616K)->0K(279616K) From: 34944K(34944K)->0K(34944K)
[224.321s][info][gc,heap        ] GC(525) Tenured: 676801K(699072K)->239576K(699072K)
[224.321s][info][gc,metaspace   ] GC(525) Metaspace: 68408K(69568K)->68408K(69568K) NonClass: 59955K(60480K)->59955K(60480K) Class: 8453K(9088K)->8453K(9088K)
[224.321s][info][gc             ] GC(525) Pause Full (Allocation Failure) 966M->233M(989M) 578.917ms
[224.321s][info][gc,cpu         ] GC(525) User=0.59s Sys=0.00s Real=0.58s
[224.671s][info][gc,heap,exit   ] Heap
[224.671s][info][gc,heap,exit   ]  def new generation   total 314560K, used 267882K [0x00000000c0000000, 0x00000000d5550000, 0x00000000d5550000)
[224.671s][info][gc,heap,exit   ]   eden space 279616K,  95% used [0x00000000c0000000, 0x00000000d059a848, 0x00000000d1110000)
[224.671s][info][gc,heap,exit   ]   from space 34944K,   0% used [0x00000000d1110000, 0x00000000d1110000, 0x00000000d3330000)
[224.671s][info][gc,heap,exit   ]   to   space 34944K,   0% used [0x00000000d3330000, 0x00000000d3330000, 0x00000000d5550000)
[224.671s][info][gc,heap,exit   ]  tenured generation   total 699072K, used 239576K [0x00000000d5550000, 0x0000000100000000, 0x0000000100000000)
[224.671s][info][gc,heap,exit   ]    the space 699072K,  34% used [0x00000000d5550000, 0x00000000e3f46348, 0x00000000e3f46400, 0x0000000100000000)
[224.671s][info][gc,heap,exit   ]  Metaspace       used 68812K, committed 69888K, reserved 1114112K
[224.671s][info][gc,heap,exit   ]   class space    used 8538K, committed 9088K, reserved 1048576K
