[0.018s][info][gc,init] CardTable entry size: 512
[0.018s][info][gc     ] Using Serial
[0.030s][info][gc,init] Version: 20+36-2344 (release)
[0.030s][info][gc,init] CPUs: 48 total, 48 available
[0.030s][info][gc,init] Memory: 382G
[0.030s][info][gc,init] Large Page Support: Disabled
[0.030s][info][gc,init] NUMA Support: Disabled
[0.030s][info][gc,init] Compressed Oops: Enabled (Zero based)
[0.030s][info][gc,init] Heap Min Capacity: 8M
[0.030s][info][gc,init] Heap Initial Capacity: 2G
[0.030s][info][gc,init] Heap Max Capacity: 4G
[0.030s][info][gc,init] Pre-touch: Disabled
[0.050s][info][gc,metaspace] CDS archive(s) mapped at: [0x0000000800000000-0x0000000800c60000-0x0000000800c60000), size 12976128, SharedBaseAddress: 0x0000000800000000, ArchiveRelocationMode: 0.
[0.050s][info][gc,metaspace] Compressed class space mapped at: 0x0000000801000000-0x0000000841000000, reserved size: 1073741824
[0.050s][info][gc,metaspace] Narrow klass base: 0x0000000800000000, Narrow klass shift: 0, Narrow klass range: 0x100000000
[9.846s][info][gc,start    ] GC(0) Pause Full (Metadata GC Threshold)
[9.846s][info][gc,phases,start] GC(0) Phase 1: Mark live objects
[9.868s][info][gc,phases      ] GC(0) Phase 1: Mark live objects 22.052ms
[9.868s][info][gc,phases,start] GC(0) Phase 2: Compute new object addresses
[9.879s][info][gc,phases      ] GC(0) Phase 2: Compute new object addresses 10.544ms
[9.879s][info][gc,phases,start] GC(0) Phase 3: Adjust pointers
[9.886s][info][gc,phases      ] GC(0) Phase 3: Adjust pointers 7.666ms
[9.886s][info][gc,phases,start] GC(0) Phase 4: Move objects
[9.897s][info][gc,phases      ] GC(0) Phase 4: Move objects 10.759ms
[9.899s][info][gc,heap        ] GC(0) DefNew: 235049K(629120K)->0K(629248K) Eden: 235049K(559232K)->0K(559360K) From: 0K(69888K)->0K(69888K)
[9.899s][info][gc,heap        ] GC(0) Tenured: 0K(1398144K)->18047K(1398144K)
[9.899s][info][gc,metaspace   ] GC(0) Metaspace: 21267K(21504K)->21267K(21504K) NonClass: 18547K(18688K)->18547K(18688K) Class: 2719K(2816K)->2719K(2816K)
[9.899s][info][gc             ] GC(0) Pause Full (Metadata GC Threshold) 229M->17M(1979M) 52.983ms
[9.899s][info][gc,cpu         ] GC(0) User=0.05s Sys=0.00s Real=0.05s
[10.795s][info][gc,start       ] GC(1) Pause Full (Metadata GC Threshold)
[10.795s][info][gc,phases,start] GC(1) Phase 1: Mark live objects
[10.826s][info][gc,phases      ] GC(1) Phase 1: Mark live objects 31.306ms
[10.826s][info][gc,phases,start] GC(1) Phase 2: Compute new object addresses
[10.836s][info][gc,phases      ] GC(1) Phase 2: Compute new object addresses 10.352ms
[10.836s][info][gc,phases,start] GC(1) Phase 3: Adjust pointers
[10.847s][info][gc,phases      ] GC(1) Phase 3: Adjust pointers 10.362ms
[10.847s][info][gc,phases,start] GC(1) Phase 4: Move objects
[10.850s][info][gc,phases      ] GC(1) Phase 4: Move objects 3.630ms
[10.851s][info][gc,heap        ] GC(1) DefNew: 230494K(629248K)->0K(629248K) Eden: 230494K(559360K)->0K(559360K) From: 0K(69888K)->0K(69888K)
[10.851s][info][gc,heap        ] GC(1) Tenured: 18047K(1398144K)->23218K(1398144K)
[10.851s][info][gc,metaspace   ] GC(1) Metaspace: 35455K(35840K)->35455K(35840K) NonClass: 30976K(31168K)->30976K(31168K) Class: 4479K(4672K)->4479K(4672K)
[10.851s][info][gc             ] GC(1) Pause Full (Metadata GC Threshold) 242M->22M(1979M) 56.628ms
[10.851s][info][gc,cpu         ] GC(1) User=0.06s Sys=0.00s Real=0.06s
[12.070s][info][gc,start       ] GC(2) Pause Young (Allocation Failure)
[12.644s][info][gc,heap        ] GC(2) DefNew: 559360K(629248K)->69887K(629248K) Eden: 559360K(559360K)->0K(559360K) From: 0K(69888K)->69887K(69888K)
[12.644s][info][gc,heap        ] GC(2) Tenured: 23218K(1398144K)->383104K(1398144K)
[12.644s][info][gc,metaspace   ] GC(2) Metaspace: 42273K(42688K)->42273K(42688K) NonClass: 36968K(37184K)->36968K(37184K) Class: 5305K(5504K)->5305K(5504K)
[12.644s][info][gc             ] GC(2) Pause Young (Allocation Failure) 568M->442M(1979M) 573.904ms
[12.644s][info][gc,cpu         ] GC(2) User=0.47s Sys=0.11s Real=0.58s
[14.153s][info][gc,start       ] GC(3) Pause Full (System.gc())
[14.153s][info][gc,phases,start] GC(3) Phase 1: Mark live objects
[14.186s][info][gc,phases      ] GC(3) Phase 1: Mark live objects 32.919ms
[14.186s][info][gc,phases,start] GC(3) Phase 2: Compute new object addresses
[14.368s][info][gc,phases      ] GC(3) Phase 2: Compute new object addresses 182.261ms
[14.368s][info][gc,phases,start] GC(3) Phase 3: Adjust pointers
[14.382s][info][gc,phases      ] GC(3) Phase 3: Adjust pointers 13.798ms
[14.382s][info][gc,phases,start] GC(3) Phase 4: Move objects
[14.384s][info][gc,phases      ] GC(3) Phase 4: Move objects 1.667ms
[14.384s][info][gc,heap        ] GC(3) DefNew: 317790K(629248K)->0K(629248K) Eden: 247902K(559360K)->0K(559360K) From: 69887K(69888K)->0K(69888K)
[14.384s][info][gc,heap        ] GC(3) Tenured: 383104K(1398144K)->26723K(1398144K)
[14.384s][info][gc,metaspace   ] GC(3) Metaspace: 49990K(50496K)->49990K(50496K) NonClass: 43684K(43968K)->43684K(43968K) Class: 6306K(6528K)->6306K(6528K)
[14.384s][info][gc             ] GC(3) Pause Full (System.gc()) 684M->26M(1979M) 231.680ms
[14.384s][info][gc,cpu         ] GC(3) User=0.25s Sys=0.00s Real=0.23s
[15.658s][info][gc,start       ] GC(4) Pause Young (Allocation Failure)
[15.684s][info][gc,heap        ] GC(4) DefNew: 559360K(629248K)->5874K(629248K) Eden: 559360K(559360K)->0K(559360K) From: 0K(69888K)->5874K(69888K)
[15.685s][info][gc,heap        ] GC(4) Tenured: 26723K(1398144K)->26723K(1398144K)
[15.685s][info][gc,metaspace   ] GC(4) Metaspace: 59009K(59840K)->59009K(59840K) NonClass: 51516K(51968K)->51516K(51968K) Class: 7492K(7872K)->7492K(7872K)
[15.685s][info][gc             ] GC(4) Pause Young (Allocation Failure) 572M->31M(1979M) 26.854ms
[15.685s][info][gc,cpu         ] GC(4) User=0.06s Sys=0.00s Real=0.03s
[15.853s][info][gc,start       ] GC(5) Pause Young (Allocation Failure)
[15.869s][info][gc,heap        ] GC(5) DefNew: 565234K(629248K)->5832K(629248K) Eden: 559360K(559360K)->0K(559360K) From: 5874K(69888K)->5832K(69888K)
[15.869s][info][gc,heap        ] GC(5) Tenured: 26723K(1398144K)->26723K(1398144K)
[15.869s][info][gc,metaspace   ] GC(5) Metaspace: 59034K(59840K)->59034K(59840K) NonClass: 51541K(51968K)->51541K(51968K) Class: 7492K(7872K)->7492K(7872K)
[15.869s][info][gc             ] GC(5) Pause Young (Allocation Failure) 578M->31M(1979M) 15.495ms
[15.869s][info][gc,cpu         ] GC(5) User=0.02s Sys=0.00s Real=0.01s
[16.036s][info][gc,start       ] GC(6) Pause Young (Allocation Failure)
[16.052s][info][gc,heap        ] GC(6) DefNew: 565192K(629248K)->5833K(629248K) Eden: 559360K(559360K)->0K(559360K) From: 5832K(69888K)->5833K(69888K)
[16.052s][info][gc,heap        ] GC(6) Tenured: 26723K(1398144K)->26723K(1398144K)
[16.052s][info][gc,metaspace   ] GC(6) Metaspace: 59039K(59840K)->59039K(59840K) NonClass: 51546K(51968K)->51546K(51968K) Class: 7492K(7872K)->7492K(7872K)
[16.052s][info][gc             ] GC(6) Pause Young (Allocation Failure) 578M->31M(1979M) 16.235ms
[16.052s][info][gc,cpu         ] GC(6) User=0.02s Sys=0.00s Real=0.02s
[16.256s][info][gc,start       ] GC(7) Pause Young (Allocation Failure)
[16.271s][info][gc,heap        ] GC(7) DefNew: 565193K(629248K)->5133K(629248K) Eden: 559360K(559360K)->0K(559360K) From: 5833K(69888K)->5133K(69888K)
[16.271s][info][gc,heap        ] GC(7) Tenured: 26723K(1398144K)->26723K(1398144K)
[16.271s][info][gc,metaspace   ] GC(7) Metaspace: 59592K(60480K)->59592K(60480K) NonClass: 51989K(52480K)->51989K(52480K) Class: 7603K(8000K)->7603K(8000K)
[16.271s][info][gc             ] GC(7) Pause Young (Allocation Failure) 578M->31M(1979M) 15.689ms
[16.271s][info][gc,cpu         ] GC(7) User=0.02s Sys=0.00s Real=0.02s
[16.481s][info][gc,start       ] GC(8) Pause Young (Allocation Failure)
[16.498s][info][gc,heap        ] GC(8) DefNew: 564493K(629248K)->5127K(629248K) Eden: 559360K(559360K)->0K(559360K) From: 5133K(69888K)->5127K(69888K)
[16.498s][info][gc,heap        ] GC(8) Tenured: 26723K(1398144K)->26723K(1398144K)
[16.498s][info][gc,metaspace   ] GC(8) Metaspace: 59593K(60480K)->59593K(60480K) NonClass: 51990K(52480K)->51990K(52480K) Class: 7603K(8000K)->7603K(8000K)
[16.498s][info][gc             ] GC(8) Pause Young (Allocation Failure) 577M->31M(1979M) 16.775ms
[16.498s][info][gc,cpu         ] GC(8) User=0.02s Sys=0.00s Real=0.02s
[16.713s][info][gc,start       ] GC(9) Pause Young (Allocation Failure)
[16.729s][info][gc,heap        ] GC(9) DefNew: 564487K(629248K)->5127K(629248K) Eden: 559360K(559360K)->0K(559360K) From: 5127K(69888K)->5127K(69888K)
[16.729s][info][gc,heap        ] GC(9) Tenured: 26723K(1398144K)->26723K(1398144K)
[16.729s][info][gc,metaspace   ] GC(9) Metaspace: 59594K(60480K)->59594K(60480K) NonClass: 51990K(52480K)->51990K(52480K) Class: 7603K(8000K)->7603K(8000K)
[16.730s][info][gc             ] GC(9) Pause Young (Allocation Failure) 577M->31M(1979M) 16.626ms
[16.730s][info][gc,cpu         ] GC(9) User=0.02s Sys=0.00s Real=0.01s
[16.940s][info][gc,start       ] GC(10) Pause Young (Allocation Failure)
[16.955s][info][gc,heap        ] GC(10) DefNew: 564487K(629248K)->5143K(629248K) Eden: 559360K(559360K)->0K(559360K) From: 5127K(69888K)->5143K(69888K)
[16.955s][info][gc,heap        ] GC(10) Tenured: 26723K(1398144K)->26723K(1398144K)
[16.955s][info][gc,metaspace   ] GC(10) Metaspace: 59594K(60480K)->59594K(60480K) NonClass: 51990K(52480K)->51990K(52480K) Class: 7603K(8000K)->7603K(8000K)
[16.955s][info][gc             ] GC(10) Pause Young (Allocation Failure) 577M->31M(1979M) 15.158ms
[16.955s][info][gc,cpu         ] GC(10) User=0.02s Sys=0.00s Real=0.02s
[17.175s][info][gc,start       ] GC(11) Pause Young (GCLocker Initiated GC)
[17.191s][info][gc,heap        ] GC(11) DefNew: 564503K(629248K)->5131K(629248K) Eden: 559360K(559360K)->0K(559360K) From: 5143K(69888K)->5131K(69888K)
[17.191s][info][gc,heap        ] GC(11) Tenured: 26723K(1398144K)->26723K(1398144K)
[17.191s][info][gc,metaspace   ] GC(11) Metaspace: 59594K(60480K)->59594K(60480K) NonClass: 51990K(52480K)->51990K(52480K) Class: 7603K(8000K)->7603K(8000K)
[17.192s][info][gc             ] GC(11) Pause Young (GCLocker Initiated GC) 577M->31M(1979M) 16.956ms
[17.192s][info][gc,cpu         ] GC(11) User=0.02s Sys=0.00s Real=0.02s
[17.431s][info][gc,start       ] GC(12) Pause Young (Allocation Failure)
[17.447s][info][gc,heap        ] GC(12) DefNew: 564491K(629248K)->5131K(629248K) Eden: 559360K(559360K)->0K(559360K) From: 5131K(69888K)->5131K(69888K)
[17.447s][info][gc,heap        ] GC(12) Tenured: 26723K(1398144K)->26723K(1398144K)
[17.447s][info][gc,metaspace   ] GC(12) Metaspace: 59594K(60480K)->59594K(60480K) NonClass: 51990K(52480K)->51990K(52480K) Class: 7603K(8000K)->7603K(8000K)
[17.447s][info][gc             ] GC(12) Pause Young (Allocation Failure) 577M->31M(1979M) 15.294ms
[17.447s][info][gc,cpu         ] GC(12) User=0.02s Sys=0.00s Real=0.02s
[18.321s][info][gc,start       ] GC(13) Pause Young (Allocation Failure)
[18.468s][info][gc,heap        ] GC(13) DefNew: 564491K(629248K)->49194K(629248K) Eden: 559360K(559360K)->0K(559360K) From: 5131K(69888K)->49194K(69888K)
[18.468s][info][gc,heap        ] GC(13) Tenured: 26723K(1398144K)->26723K(1398144K)
[18.468s][info][gc,metaspace   ] GC(13) Metaspace: 61319K(62336K)->61319K(62336K) NonClass: 53421K(54016K)->53421K(54016K) Class: 7898K(8320K)->7898K(8320K)
[18.468s][info][gc             ] GC(13) Pause Young (Allocation Failure) 577M->74M(1979M) 146.446ms
[18.468s][info][gc,cpu         ] GC(13) User=0.16s Sys=0.00s Real=0.16s
[19.176s][info][gc,start       ] GC(14) Pause Young (Allocation Failure)
[19.515s][info][gc,heap        ] GC(14) DefNew: 608554K(629248K)->69888K(629248K) Eden: 559360K(559360K)->0K(559360K) From: 49194K(69888K)->69888K(69888K)
[19.515s][info][gc,heap        ] GC(14) Tenured: 26723K(1398144K)->96333K(1398144K)
[19.515s][info][gc,metaspace   ] GC(14) Metaspace: 61840K(62848K)->61840K(62848K) NonClass: 53853K(54400K)->53853K(54400K) Class: 7986K(8448K)->7986K(8448K)
[19.515s][info][gc             ] GC(14) Pause Young (Allocation Failure) 620M->162M(1979M) 339.494ms
[19.516s][info][gc,cpu         ] GC(14) User=0.33s Sys=0.03s Real=0.34s
[19.925s][info][gc,start       ] GC(15) Pause Young (Allocation Failure)
[20.248s][info][gc,heap        ] GC(15) DefNew: 629248K(629248K)->69888K(629248K) Eden: 559360K(559360K)->0K(559360K) From: 69888K(69888K)->69888K(69888K)
[20.248s][info][gc,heap        ] GC(15) Tenured: 96333K(1398144K)->201178K(1398144K)
[20.248s][info][gc,metaspace   ] GC(15) Metaspace: 62105K(63168K)->62105K(63168K) NonClass: 54078K(54656K)->54078K(54656K) Class: 8026K(8512K)->8026K(8512K)
[20.248s][info][gc             ] GC(15) Pause Young (Allocation Failure) 708M->264M(1979M) 323.432ms
[20.248s][info][gc,cpu         ] GC(15) User=0.31s Sys=0.00s Real=0.31s
[20.520s][info][gc,start       ] GC(16) Pause Young (Allocation Failure)
[20.829s][info][gc,heap        ] GC(16) DefNew: 629248K(629248K)->52751K(629248K) Eden: 559360K(559360K)->0K(559360K) From: 69888K(69888K)->52751K(69888K)
[20.829s][info][gc,heap        ] GC(16) Tenured: 201178K(1398144K)->256996K(1398144K)
[20.829s][info][gc,metaspace   ] GC(16) Metaspace: 62106K(63168K)->62106K(63168K) NonClass: 54080K(54656K)->54080K(54656K) Class: 8026K(8512K)->8026K(8512K)
[20.829s][info][gc             ] GC(16) Pause Young (Allocation Failure) 810M->302M(1979M) 309.307ms
[20.829s][info][gc,cpu         ] GC(16) User=0.31s Sys=0.00s Real=0.31s
[21.126s][info][gc,start       ] GC(17) Pause Young (Allocation Failure)
[21.402s][info][gc,heap        ] GC(17) DefNew: 612111K(629248K)->31392K(629248K) Eden: 559360K(559360K)->0K(559360K) From: 52751K(69888K)->31392K(69888K)
[21.402s][info][gc,heap        ] GC(17) Tenured: 256996K(1398144K)->301992K(1398144K)
[21.402s][info][gc,metaspace   ] GC(17) Metaspace: 62107K(63168K)->62107K(63168K) NonClass: 54080K(54656K)->54080K(54656K) Class: 8026K(8512K)->8026K(8512K)
[21.402s][info][gc             ] GC(17) Pause Young (Allocation Failure) 848M->325M(1979M) 275.965ms
[21.402s][info][gc,cpu         ] GC(17) User=0.27s Sys=0.00s Real=0.27s
[22.762s][info][gc,start       ] GC(18) Pause Young (Allocation Failure)
[23.132s][info][gc,heap        ] GC(18) DefNew: 590752K(629248K)->69888K(629248K) Eden: 559360K(559360K)->0K(559360K) From: 31392K(69888K)->69888K(69888K)
[23.133s][info][gc,heap        ] GC(18) Tenured: 301992K(1398144K)->354138K(1398144K)
[23.133s][info][gc,metaspace   ] GC(18) Metaspace: 62438K(63488K)->62438K(63488K) NonClass: 54384K(54976K)->54384K(54976K) Class: 8054K(8512K)->8054K(8512K)
[23.133s][info][gc             ] GC(18) Pause Young (Allocation Failure) 871M->414M(1979M) 370.748ms
[23.133s][info][gc,cpu         ] GC(18) User=0.36s Sys=0.00s Real=0.36s
[23.410s][info][gc,start       ] GC(19) Pause Young (Allocation Failure)
[23.809s][info][gc,heap        ] GC(19) DefNew: 629248K(629248K)->69887K(629248K) Eden: 559360K(559360K)->0K(559360K) From: 69888K(69888K)->69887K(69888K)
[23.809s][info][gc,heap        ] GC(19) Tenured: 354138K(1398144K)->431281K(1398144K)
[23.809s][info][gc,metaspace   ] GC(19) Metaspace: 62441K(63488K)->62441K(63488K) NonClass: 54387K(54976K)->54387K(54976K) Class: 8054K(8512K)->8054K(8512K)
[23.809s][info][gc             ] GC(19) Pause Young (Allocation Failure) 960M->489M(1979M) 399.029ms
[23.809s][info][gc,cpu         ] GC(19) User=0.39s Sys=0.02s Real=0.41s
[24.105s][info][gc,start       ] GC(20) Pause Young (Allocation Failure)
[24.445s][info][gc,heap        ] GC(20) DefNew: 629247K(629248K)->54628K(629248K) Eden: 559360K(559360K)->0K(559360K) From: 69887K(69888K)->54628K(69888K)
[24.445s][info][gc,heap        ] GC(20) Tenured: 431281K(1398144K)->485779K(1398144K)
[24.445s][info][gc,metaspace   ] GC(20) Metaspace: 62758K(63808K)->62758K(63808K) NonClass: 54653K(55232K)->54653K(55232K) Class: 8105K(8576K)->8105K(8576K)
[24.445s][info][gc             ] GC(20) Pause Young (Allocation Failure) 1035M->527M(1979M) 339.892ms
[24.445s][info][gc,cpu         ] GC(20) User=0.34s Sys=0.00s Real=0.34s
[25.415s][info][gc,start       ] GC(21) Pause Young (Allocation Failure)
[25.790s][info][gc,heap        ] GC(21) DefNew: 613988K(629248K)->52560K(629248K) Eden: 559360K(559360K)->0K(559360K) From: 54628K(69888K)->52560K(69888K)
[25.791s][info][gc,heap        ] GC(21) Tenured: 485779K(1398144K)->533430K(1398144K)
[25.791s][info][gc,metaspace   ] GC(21) Metaspace: 62864K(63872K)->62864K(63872K) NonClass: 54752K(55296K)->54752K(55296K) Class: 8112K(8576K)->8112K(8576K)
[25.791s][info][gc             ] GC(21) Pause Young (Allocation Failure) 1073M->572M(1979M) 375.229ms
[25.791s][info][gc,cpu         ] GC(21) User=0.34s Sys=0.03s Real=0.38s
[26.505s][info][gc,start       ] GC(22) Pause Young (Allocation Failure)
[26.710s][info][gc,heap        ] GC(22) DefNew: 611920K(629248K)->31936K(629248K) Eden: 559360K(559360K)->0K(559360K) From: 52560K(69888K)->31936K(69888K)
[26.710s][info][gc,heap        ] GC(22) Tenured: 533430K(1398144K)->556874K(1398144K)
[26.710s][info][gc,metaspace   ] GC(22) Metaspace: 63500K(64768K)->63500K(64768K) NonClass: 55272K(56000K)->55272K(56000K) Class: 8227K(8768K)->8227K(8768K)
[26.710s][info][gc             ] GC(22) Pause Young (Allocation Failure) 1118M->575M(1979M) 205.234ms
[26.710s][info][gc,cpu         ] GC(22) User=0.31s Sys=0.00s Real=0.20s
[27.561s][info][gc,start       ] GC(23) Pause Young (Allocation Failure)
[27.693s][info][gc,heap        ] GC(23) DefNew: 591296K(629248K)->51538K(629248K) Eden: 559360K(559360K)->0K(559360K) From: 31936K(69888K)->51538K(69888K)
[27.693s][info][gc,heap        ] GC(23) Tenured: 556874K(1398144K)->556874K(1398144K)
[27.693s][info][gc,metaspace   ] GC(23) Metaspace: 63588K(64832K)->63588K(64832K) NonClass: 55355K(56064K)->55355K(56064K) Class: 8233K(8768K)->8233K(8768K)
[27.693s][info][gc             ] GC(23) Pause Young (Allocation Failure) 1121M->594M(1979M) 132.651ms
[27.693s][info][gc,cpu         ] GC(23) User=0.13s Sys=0.00s Real=0.12s
[28.432s][info][gc,start       ] GC(24) Pause Young (Allocation Failure)
[28.526s][info][gc,heap        ] GC(24) DefNew: 610898K(629248K)->69659K(629248K) Eden: 559360K(559360K)->0K(559360K) From: 51538K(69888K)->69659K(69888K)
[28.526s][info][gc,heap        ] GC(24) Tenured: 556874K(1398144K)->579113K(1398144K)
[28.526s][info][gc,metaspace   ] GC(24) Metaspace: 65224K(66368K)->65224K(66368K) NonClass: 56761K(57408K)->56761K(57408K) Class: 8462K(8960K)->8462K(8960K)
[28.526s][info][gc             ] GC(24) Pause Young (Allocation Failure) 1140M->633M(1979M) 94.369ms
[28.526s][info][gc,cpu         ] GC(24) User=0.09s Sys=0.00s Real=0.09s
[28.854s][info][gc,start       ] GC(25) Pause Young (Allocation Failure)
[28.978s][info][gc,heap        ] GC(25) DefNew: 629019K(629248K)->45434K(629248K) Eden: 559360K(559360K)->0K(559360K) From: 69659K(69888K)->45434K(69888K)
[28.978s][info][gc,heap        ] GC(25) Tenured: 579113K(1398144K)->599693K(1398144K)
[28.978s][info][gc,metaspace   ] GC(25) Metaspace: 65300K(66496K)->65300K(66496K) NonClass: 56831K(57536K)->56831K(57536K) Class: 8468K(8960K)->8468K(8960K)
[28.978s][info][gc             ] GC(25) Pause Young (Allocation Failure) 1179M->630M(1979M) 123.424ms
[28.978s][info][gc,cpu         ] GC(25) User=0.13s Sys=0.00s Real=0.13s
[29.145s][info][gc,start       ] GC(26) Pause Full (System.gc())
[29.145s][info][gc,phases,start] GC(26) Phase 1: Mark live objects
[29.262s][info][gc,phases      ] GC(26) Phase 1: Mark live objects 116.950ms
[29.262s][info][gc,phases,start] GC(26) Phase 2: Compute new object addresses
[29.491s][info][gc,phases      ] GC(26) Phase 2: Compute new object addresses 228.282ms
[29.491s][info][gc,phases,start] GC(26) Phase 3: Adjust pointers
[29.565s][info][gc,phases      ] GC(26) Phase 3: Adjust pointers 74.283ms
[29.565s][info][gc,phases,start] GC(26) Phase 4: Move objects
[29.615s][info][gc,phases      ] GC(26) Phase 4: Move objects 50.185ms
[29.618s][info][gc,heap        ] GC(26) DefNew: 254316K(629248K)->0K(629248K) Eden: 208882K(559360K)->0K(559360K) From: 45434K(69888K)->0K(69888K)
[29.618s][info][gc,heap        ] GC(26) Tenured: 599693K(1398144K)->147707K(1398144K)
[29.618s][info][gc,metaspace   ] GC(26) Metaspace: 65412K(66688K)->64996K(66688K) NonClass: 56927K(57664K)->56629K(57664K) Class: 8484K(9024K)->8367K(9024K)
[29.618s][info][gc             ] GC(26) Pause Full (System.gc()) 833M->144M(1979M) 472.389ms
[29.618s][info][gc,cpu         ] GC(26) User=0.47s Sys=0.00s Real=0.48s
[29.914s][info][gc,start       ] GC(27) Pause Young (Allocation Failure)
[30.127s][info][gc,heap        ] GC(27) DefNew: 559360K(629248K)->69887K(629248K) Eden: 559360K(559360K)->0K(559360K) From: 0K(69888K)->69887K(69888K)
[30.127s][info][gc,heap        ] GC(27) Tenured: 147707K(1398144K)->192913K(1398144K)
[30.127s][info][gc,metaspace   ] GC(27) Metaspace: 65068K(66688K)->65068K(66688K) NonClass: 56687K(57664K)->56687K(57664K) Class: 8380K(9024K)->8380K(9024K)
[30.127s][info][gc             ] GC(27) Pause Young (Allocation Failure) 690M->256M(1979M) 213.117ms
[30.128s][info][gc,cpu         ] GC(27) User=0.22s Sys=0.00s Real=0.20s
[30.423s][info][gc,start       ] GC(28) Pause Young (Allocation Failure)
[30.739s][info][gc,heap        ] GC(28) DefNew: 629247K(629248K)->57610K(629248K) Eden: 559360K(559360K)->0K(559360K) From: 69887K(69888K)->57610K(69888K)
[30.739s][info][gc,heap        ] GC(28) Tenured: 192913K(1398144K)->249739K(1398144K)
[30.739s][info][gc,metaspace   ] GC(28) Metaspace: 65068K(66688K)->65068K(66688K) NonClass: 56687K(57664K)->56687K(57664K) Class: 8380K(9024K)->8380K(9024K)
[30.739s][info][gc             ] GC(28) Pause Young (Allocation Failure) 802M->300M(1979M) 315.989ms
[30.739s][info][gc,cpu         ] GC(28) User=0.33s Sys=0.02s Real=0.32s
[31.033s][info][gc,start       ] GC(29) Pause Young (Allocation Failure)
[31.307s][info][gc,heap        ] GC(29) DefNew: 616970K(629248K)->34515K(629248K) Eden: 559360K(559360K)->0K(559360K) From: 57610K(69888K)->34515K(69888K)
[31.307s][info][gc,heap        ] GC(29) Tenured: 249739K(1398144K)->298824K(1398144K)
[31.307s][info][gc,metaspace   ] GC(29) Metaspace: 65069K(66688K)->65069K(66688K) NonClass: 56688K(57664K)->56688K(57664K) Class: 8381K(9024K)->8381K(9024K)
[31.307s][info][gc             ] GC(29) Pause Young (Allocation Failure) 846M->325M(1979M) 273.784ms
[31.307s][info][gc,cpu         ] GC(29) User=0.27s Sys=0.00s Real=0.27s
[32.229s][info][gc,start       ] GC(30) Pause Young (Allocation Failure)
[32.618s][info][gc,heap        ] GC(30) DefNew: 593875K(629248K)->69887K(629248K) Eden: 559360K(559360K)->0K(559360K) From: 34515K(69888K)->69887K(69888K)
[32.618s][info][gc,heap        ] GC(30) Tenured: 298824K(1398144K)->370827K(1398144K)
[32.618s][info][gc,metaspace   ] GC(30) Metaspace: 65109K(66688K)->65109K(66688K) NonClass: 56727K(57664K)->56727K(57664K) Class: 8382K(9024K)->8382K(9024K)
[32.618s][info][gc             ] GC(30) Pause Young (Allocation Failure) 871M->430M(1979M) 388.198ms
[32.618s][info][gc,cpu         ] GC(30) User=0.39s Sys=0.00s Real=0.39s
[32.883s][info][gc,start       ] GC(31) Pause Young (Allocation Failure)
[33.252s][info][gc,heap        ] GC(31) DefNew: 629247K(629248K)->62744K(629248K) Eden: 559360K(559360K)->0K(559360K) From: 69887K(69888K)->62744K(69888K)
[33.252s][info][gc,heap        ] GC(31) Tenured: 370827K(1398144K)->432657K(1398144K)
[33.252s][info][gc,metaspace   ] GC(31) Metaspace: 65112K(66688K)->65112K(66688K) NonClass: 56730K(57664K)->56730K(57664K) Class: 8382K(9024K)->8382K(9024K)
[33.252s][info][gc             ] GC(31) Pause Young (Allocation Failure) 976M->483M(1979M) 369.145ms
[33.252s][info][gc,cpu         ] GC(31) User=0.38s Sys=0.00s Real=0.37s
[33.561s][info][gc,start       ] GC(32) Pause Young (Allocation Failure)
[33.883s][info][gc,heap        ] GC(32) DefNew: 622104K(629248K)->54402K(629248K) Eden: 559360K(559360K)->0K(559360K) From: 62744K(69888K)->54402K(69888K)
[33.883s][info][gc,heap        ] GC(32) Tenured: 432657K(1398144K)->479597K(1398144K)
[33.883s][info][gc,metaspace   ] GC(32) Metaspace: 65115K(66688K)->65115K(66688K) NonClass: 56733K(57664K)->56733K(57664K) Class: 8382K(9024K)->8382K(9024K)
[33.883s][info][gc             ] GC(32) Pause Young (Allocation Failure) 1030M->521M(1979M) 322.238ms
[33.883s][info][gc,cpu         ] GC(32) User=0.31s Sys=0.00s Real=0.31s
[34.865s][info][gc,start       ] GC(33) Pause Young (Allocation Failure)
[35.234s][info][gc,heap        ] GC(33) DefNew: 613762K(629248K)->52800K(629248K) Eden: 559360K(559360K)->0K(559360K) From: 54402K(69888K)->52800K(69888K)
[35.234s][info][gc,heap        ] GC(33) Tenured: 479597K(1398144K)->527519K(1398144K)
[35.234s][info][gc,metaspace   ] GC(33) Metaspace: 65150K(66752K)->65150K(66752K) NonClass: 56768K(57728K)->56768K(57728K) Class: 8382K(9024K)->8382K(9024K)
[35.234s][info][gc             ] GC(33) Pause Young (Allocation Failure) 1067M->566M(1979M) 369.443ms
[35.234s][info][gc,cpu         ] GC(33) User=0.38s Sys=0.00s Real=0.38s
[35.881s][info][gc,start       ] GC(34) Pause Young (Allocation Failure)
[36.072s][info][gc,heap        ] GC(34) DefNew: 612160K(629248K)->33848K(629248K) Eden: 559360K(559360K)->0K(559360K) From: 52800K(69888K)->33848K(69888K)
[36.072s][info][gc,heap        ] GC(34) Tenured: 527519K(1398144K)->548251K(1398144K)
[36.072s][info][gc,metaspace   ] GC(34) Metaspace: 65256K(66752K)->65256K(66752K) NonClass: 56872K(57728K)->56872K(57728K) Class: 8383K(9024K)->8383K(9024K)
[36.072s][info][gc             ] GC(34) Pause Young (Allocation Failure) 1112M->568M(1979M) 191.687ms
[36.072s][info][gc,cpu         ] GC(34) User=0.33s Sys=0.00s Real=0.20s
[36.538s][info][gc,start       ] GC(35) Pause Young (Allocation Failure)
[36.717s][info][gc,heap        ] GC(35) DefNew: 593208K(629248K)->63261K(629248K) Eden: 559360K(559360K)->0K(559360K) From: 33848K(69888K)->63261K(69888K)
[36.717s][info][gc,heap        ] GC(35) Tenured: 548251K(1398144K)->548251K(1398144K)
[36.717s][info][gc,metaspace   ] GC(35) Metaspace: 65287K(66752K)->65287K(66752K) NonClass: 56903K(57728K)->56903K(57728K) Class: 8384K(9024K)->8384K(9024K)
[36.717s][info][gc             ] GC(35) Pause Young (Allocation Failure) 1114M->597M(1979M) 179.547ms
[36.717s][info][gc,cpu         ] GC(35) User=0.14s Sys=0.02s Real=0.18s
[37.319s][info][gc,start       ] GC(36) Pause Young (Allocation Failure)
[37.406s][info][gc,heap        ] GC(36) DefNew: 622621K(629248K)->49645K(629248K) Eden: 559360K(559360K)->0K(559360K) From: 63261K(69888K)->49645K(69888K)
[37.406s][info][gc,heap        ] GC(36) Tenured: 548251K(1398144K)->548388K(1398144K)
[37.406s][info][gc,metaspace   ] GC(36) Metaspace: 65357K(66816K)->65357K(66816K) NonClass: 56973K(57792K)->56973K(57792K) Class: 8384K(9024K)->8384K(9024K)
[37.406s][info][gc             ] GC(36) Pause Young (Allocation Failure) 1143M->584M(1979M) 87.272ms
[37.407s][info][gc,cpu         ] GC(36) User=0.09s Sys=0.00s Real=0.09s
[37.773s][info][gc,start       ] GC(37) Pause Young (Allocation Failure)
[37.913s][info][gc,heap        ] GC(37) DefNew: 609005K(629248K)->69888K(629248K) Eden: 559360K(559360K)->0K(559360K) From: 49645K(69888K)->69888K(69888K)
[37.913s][info][gc,heap        ] GC(37) Tenured: 548388K(1398144K)->583777K(1398144K)
[37.913s][info][gc,metaspace   ] GC(37) Metaspace: 65364K(66816K)->65364K(66816K) NonClass: 56980K(57792K)->56980K(57792K) Class: 8384K(9024K)->8384K(9024K)
[37.913s][info][gc             ] GC(37) Pause Young (Allocation Failure) 1130M->638M(1979M) 139.373ms
[37.913s][info][gc,cpu         ] GC(37) User=0.13s Sys=0.00s Real=0.13s
[38.004s][info][gc,start       ] GC(38) Pause Full (System.gc())
[38.004s][info][gc,phases,start] GC(38) Phase 1: Mark live objects
[38.125s][info][gc,phases      ] GC(38) Phase 1: Mark live objects 120.356ms
[38.125s][info][gc,phases,start] GC(38) Phase 2: Compute new object addresses
[38.338s][info][gc,phases      ] GC(38) Phase 2: Compute new object addresses 213.202ms
[38.338s][info][gc,phases,start] GC(38) Phase 3: Adjust pointers
[38.421s][info][gc,phases      ] GC(38) Phase 3: Adjust pointers 83.220ms
[38.421s][info][gc,phases,start] GC(38) Phase 4: Move objects
[38.421s][info][gc,phases      ] GC(38) Phase 4: Move objects 0.078ms
[38.423s][info][gc,heap        ] GC(38) DefNew: 188413K(629248K)->0K(629248K) Eden: 118525K(559360K)->0K(559360K) From: 69888K(69888K)->0K(69888K)
[38.423s][info][gc,heap        ] GC(38) Tenured: 583777K(1398144K)->206401K(1398144K)
[38.423s][info][gc,metaspace   ] GC(38) Metaspace: 65364K(66816K)->65362K(66816K) NonClass: 56980K(57792K)->56978K(57792K) Class: 8384K(9024K)->8383K(9024K)
[38.423s][info][gc             ] GC(38) Pause Full (System.gc()) 754M->201M(1979M) 418.753ms
[38.423s][info][gc,cpu         ] GC(38) User=0.42s Sys=0.00s Real=0.41s
[38.744s][info][gc,start       ] GC(39) Pause Young (Allocation Failure)
[38.965s][info][gc,heap        ] GC(39) DefNew: 559360K(629248K)->69887K(629248K) Eden: 559360K(559360K)->0K(559360K) From: 0K(69888K)->69887K(69888K)
[38.965s][info][gc,heap        ] GC(39) Tenured: 206401K(1398144K)->251520K(1398144K)
[38.965s][info][gc,metaspace   ] GC(39) Metaspace: 65468K(66816K)->65468K(66816K) NonClass: 57084K(57792K)->57084K(57792K) Class: 8384K(9024K)->8384K(9024K)
[38.965s][info][gc             ] GC(39) Pause Young (Allocation Failure) 747M->313M(1979M) 220.599ms
[38.965s][info][gc,cpu         ] GC(39) User=0.22s Sys=0.00s Real=0.22s
[39.266s][info][gc,start       ] GC(40) Pause Young (Allocation Failure)
[39.591s][info][gc,heap        ] GC(40) DefNew: 629247K(629248K)->57617K(629248K) Eden: 559360K(559360K)->0K(559360K) From: 69887K(69888K)->57617K(69888K)
[39.591s][info][gc,heap        ] GC(40) Tenured: 251520K(1398144K)->308346K(1398144K)
[39.591s][info][gc,metaspace   ] GC(40) Metaspace: 65470K(66816K)->65470K(66816K) NonClass: 57086K(57792K)->57086K(57792K) Class: 8384K(9024K)->8384K(9024K)
[39.591s][info][gc             ] GC(40) Pause Young (Allocation Failure) 860M->357M(1979M) 325.294ms
[39.591s][info][gc,cpu         ] GC(40) User=0.33s Sys=0.00s Real=0.32s
[39.890s][info][gc,start       ] GC(41) Pause Young (Allocation Failure)
[40.179s][info][gc,heap        ] GC(41) DefNew: 616977K(629248K)->34558K(629248K) Eden: 559360K(559360K)->0K(559360K) From: 57617K(69888K)->34558K(69888K)
[40.179s][info][gc,heap        ] GC(41) Tenured: 308346K(1398144K)->357431K(1398144K)
[40.179s][info][gc,metaspace   ] GC(41) Metaspace: 65498K(66816K)->65498K(66816K) NonClass: 57114K(57792K)->57114K(57792K) Class: 8384K(9024K)->8384K(9024K)
[40.179s][info][gc             ] GC(41) Pause Young (Allocation Failure) 903M->382M(1979M) 289.332ms
[40.179s][info][gc,cpu         ] GC(41) User=0.30s Sys=0.00s Real=0.30s
[41.025s][info][gc,start       ] GC(42) Pause Young (Allocation Failure)
[41.418s][info][gc,heap        ] GC(42) DefNew: 593918K(629248K)->69887K(629248K) Eden: 559360K(559360K)->0K(559360K) From: 34558K(69888K)->69887K(69888K)
[41.418s][info][gc,heap        ] GC(42) Tenured: 357431K(1398144K)->429350K(1398144K)
[41.418s][info][gc,metaspace   ] GC(42) Metaspace: 65566K(66880K)->65566K(66880K) NonClass: 57181K(57856K)->57181K(57856K) Class: 8385K(9024K)->8385K(9024K)
[41.418s][info][gc             ] GC(42) Pause Young (Allocation Failure) 929M->487M(1979M) 392.839ms
[41.418s][info][gc,cpu         ] GC(42) User=0.41s Sys=0.00s Real=0.40s
[41.682s][info][gc,start       ] GC(43) Pause Young (Allocation Failure)
[42.063s][info][gc,heap        ] GC(43) DefNew: 629247K(629248K)->62875K(629248K) Eden: 559360K(559360K)->0K(559360K) From: 69887K(69888K)->62875K(69888K)
[42.063s][info][gc,heap        ] GC(43) Tenured: 429350K(1398144K)->497187K(1398144K)
[42.063s][info][gc,metaspace   ] GC(43) Metaspace: 65573K(66880K)->65573K(66880K) NonClass: 57187K(57856K)->57187K(57856K) Class: 8385K(9024K)->8385K(9024K)
[42.063s][info][gc             ] GC(43) Pause Young (Allocation Failure) 1033M->546M(1979M) 381.089ms
[42.063s][info][gc,cpu         ] GC(43) User=0.38s Sys=0.00s Real=0.38s
[42.364s][info][gc,start       ] GC(44) Pause Young (Allocation Failure)
[42.695s][info][gc,heap        ] GC(44) DefNew: 622235K(629248K)->54310K(629248K) Eden: 559360K(559360K)->0K(559360K) From: 62875K(69888K)->54310K(69888K)
[42.695s][info][gc,heap        ] GC(44) Tenured: 497187K(1398144K)->544266K(1398144K)
[42.695s][info][gc,metaspace   ] GC(44) Metaspace: 65573K(66880K)->65573K(66880K) NonClass: 57187K(57856K)->57187K(57856K) Class: 8385K(9024K)->8385K(9024K)
[42.696s][info][gc             ] GC(44) Pause Young (Allocation Failure) 1093M->584M(1979M) 331.409ms
[42.696s][info][gc,cpu         ] GC(44) User=0.33s Sys=0.00s Real=0.32s
[43.617s][info][gc,start       ] GC(45) Pause Young (Allocation Failure)
[43.985s][info][gc,heap        ] GC(45) DefNew: 613670K(629248K)->52935K(629248K) Eden: 559360K(559360K)->0K(559360K) From: 54310K(69888K)->52935K(69888K)
[43.985s][info][gc,heap        ] GC(45) Tenured: 544266K(1398144K)->592066K(1398144K)
[43.985s][info][gc,metaspace   ] GC(45) Metaspace: 65607K(66880K)->65607K(66880K) NonClass: 57221K(57856K)->57221K(57856K) Class: 8385K(9024K)->8385K(9024K)
[43.985s][info][gc             ] GC(45) Pause Young (Allocation Failure) 1130M->629M(1979M) 368.169ms
[43.985s][info][gc,cpu         ] GC(45) User=0.38s Sys=0.00s Real=0.38s
[44.525s][info][gc,start       ] GC(46) Pause Young (Allocation Failure)
[44.723s][info][gc,heap        ] GC(46) DefNew: 612295K(629248K)->33832K(629248K) Eden: 559360K(559360K)->0K(559360K) From: 52935K(69888K)->33832K(69888K)
[44.723s][info][gc,heap        ] GC(46) Tenured: 592066K(1398144K)->612922K(1398144K)
[44.723s][info][gc,metaspace   ] GC(46) Metaspace: 65677K(66944K)->65677K(66944K) NonClass: 57291K(57920K)->57291K(57920K) Class: 8385K(9024K)->8385K(9024K)
[44.723s][info][gc             ] GC(46) Pause Young (Allocation Failure) 1176M->631M(1979M) 198.070ms
[44.723s][info][gc,cpu         ] GC(46) User=0.20s Sys=0.00s Real=0.20s
[45.397s][info][gc,start       ] GC(47) Pause Young (Allocation Failure)
[45.564s][info][gc,heap        ] GC(47) DefNew: 593192K(629248K)->63335K(629248K) Eden: 559360K(559360K)->0K(559360K) From: 33832K(69888K)->63335K(69888K)
[45.564s][info][gc,heap        ] GC(47) Tenured: 612922K(1398144K)->612922K(1398144K)
[45.564s][info][gc,metaspace   ] GC(47) Metaspace: 65764K(67008K)->65764K(67008K) NonClass: 57376K(57984K)->57376K(57984K) Class: 8387K(9024K)->8387K(9024K)
[45.564s][info][gc             ] GC(47) Pause Young (Allocation Failure) 1177M->660M(1979M) 167.200ms
[45.564s][info][gc,cpu         ] GC(47) User=0.17s Sys=0.00s Real=0.17s
[46.008s][info][gc,start       ] GC(48) Pause Young (Allocation Failure)
[46.115s][info][gc,heap        ] GC(48) DefNew: 622695K(629248K)->69888K(629248K) Eden: 559360K(559360K)->0K(559360K) From: 63335K(69888K)->69888K(69888K)
[46.115s][info][gc,heap        ] GC(48) Tenured: 612922K(1398144K)->633130K(1398144K)
[46.115s][info][gc,metaspace   ] GC(48) Metaspace: 65774K(67008K)->65774K(67008K) NonClass: 57386K(57984K)->57386K(57984K) Class: 8387K(9024K)->8387K(9024K)
[46.115s][info][gc             ] GC(48) Pause Young (Allocation Failure) 1206M->686M(1979M) 107.186ms
[46.115s][info][gc,cpu         ] GC(48) User=0.09s Sys=0.02s Real=0.11s
[46.376s][info][gc,start       ] GC(49) Pause Young (Allocation Failure)
[46.536s][info][gc,heap        ] GC(49) DefNew: 629248K(629248K)->69888K(629248K) Eden: 559360K(559360K)->0K(559360K) From: 69888K(69888K)->69888K(69888K)
[46.536s][info][gc,heap        ] GC(49) Tenured: 633130K(1398144K)->665933K(1398144K)
[46.536s][info][gc,metaspace   ] GC(49) Metaspace: 65781K(67008K)->65781K(67008K) NonClass: 57393K(57984K)->57393K(57984K) Class: 8387K(9024K)->8387K(9024K)
[46.536s][info][gc             ] GC(49) Pause Young (Allocation Failure) 1232M->718M(1979M) 160.328ms
[46.536s][info][gc,cpu         ] GC(49) User=0.16s Sys=0.00s Real=0.16s
[46.643s][info][gc,start       ] GC(50) Pause Full (System.gc())
[46.643s][info][gc,phases,start] GC(50) Phase 1: Mark live objects
[46.752s][info][gc,phases      ] GC(50) Phase 1: Mark live objects 108.224ms
[46.752s][info][gc,phases,start] GC(50) Phase 2: Compute new object addresses
[46.975s][info][gc,phases      ] GC(50) Phase 2: Compute new object addresses 223.044ms
[46.975s][info][gc,phases,start] GC(50) Phase 3: Adjust pointers
[47.045s][info][gc,phases      ] GC(50) Phase 3: Adjust pointers 70.573ms
[47.045s][info][gc,phases,start] GC(50) Phase 4: Move objects
[47.045s][info][gc,phases      ] GC(50) Phase 4: Move objects 0.095ms
[47.047s][info][gc,heap        ] GC(50) DefNew: 211663K(629248K)->0K(629248K) Eden: 141775K(559360K)->0K(559360K) From: 69888K(69888K)->0K(69888K)
[47.047s][info][gc,heap        ] GC(50) Tenured: 665933K(1398144K)->206639K(1398144K)
[47.047s][info][gc,metaspace   ] GC(50) Metaspace: 65781K(67008K)->65781K(67008K) NonClass: 57393K(57984K)->57393K(57984K) Class: 8387K(9024K)->8387K(9024K)
[47.047s][info][gc             ] GC(50) Pause Full (System.gc()) 857M->201M(1979M) 403.753ms
[47.047s][info][gc,cpu         ] GC(50) User=0.41s Sys=0.00s Real=0.41s
[47.354s][info][gc,start       ] GC(51) Pause Young (Allocation Failure)
[47.586s][info][gc,heap        ] GC(51) DefNew: 559360K(629248K)->69888K(629248K) Eden: 559360K(559360K)->0K(559360K) From: 0K(69888K)->69888K(69888K)
[47.586s][info][gc,heap        ] GC(51) Tenured: 206639K(1398144K)->252355K(1398144K)
[47.586s][info][gc,metaspace   ] GC(51) Metaspace: 65837K(67072K)->65837K(67072K) NonClass: 57448K(58048K)->57448K(58048K) Class: 8389K(9024K)->8389K(9024K)
[47.587s][info][gc             ] GC(51) Pause Young (Allocation Failure) 748M->314M(1979M) 232.158ms
[47.587s][info][gc,cpu         ] GC(51) User=0.23s Sys=0.00s Real=0.23s
[47.882s][info][gc,start       ] GC(52) Pause Young (Allocation Failure)
[48.186s][info][gc,heap        ] GC(52) DefNew: 629248K(629248K)->57520K(629248K) Eden: 559360K(559360K)->0K(559360K) From: 69888K(69888K)->57520K(69888K)
[48.186s][info][gc,heap        ] GC(52) Tenured: 252355K(1398144K)->309088K(1398144K)
[48.186s][info][gc,metaspace   ] GC(52) Metaspace: 65842K(67072K)->65842K(67072K) NonClass: 57452K(58048K)->57452K(58048K) Class: 8389K(9024K)->8389K(9024K)
[48.186s][info][gc             ] GC(52) Pause Young (Allocation Failure) 860M->358M(1979M) 303.512ms
[48.186s][info][gc,cpu         ] GC(52) User=0.30s Sys=0.00s Real=0.30s
[48.481s][info][gc,start       ] GC(53) Pause Young (Allocation Failure)
[48.748s][info][gc,heap        ] GC(53) DefNew: 616880K(629248K)->34356K(629248K) Eden: 559360K(559360K)->0K(559360K) From: 57520K(69888K)->34356K(69888K)
[48.748s][info][gc,heap        ] GC(53) Tenured: 309088K(1398144K)->358085K(1398144K)
[48.748s][info][gc,metaspace   ] GC(53) Metaspace: 65863K(67072K)->65863K(67072K) NonClass: 57473K(58048K)->57473K(58048K) Class: 8389K(9024K)->8389K(9024K)
[48.748s][info][gc             ] GC(53) Pause Young (Allocation Failure) 904M->383M(1979M) 266.747ms
[48.748s][info][gc,cpu         ] GC(53) User=0.27s Sys=0.00s Real=0.26s
[49.586s][info][gc,start       ] GC(54) Pause Young (Allocation Failure)
[49.976s][info][gc,heap        ] GC(54) DefNew: 593716K(629248K)->69888K(629248K) Eden: 559360K(559360K)->0K(559360K) From: 34356K(69888K)->69888K(69888K)
[49.976s][info][gc,heap        ] GC(54) Tenured: 358085K(1398144K)->430916K(1398144K)
[49.976s][info][gc,metaspace   ] GC(54) Metaspace: 65907K(67136K)->65907K(67136K) NonClass: 57517K(58112K)->57517K(58112K) Class: 8389K(9024K)->8389K(9024K)
[49.976s][info][gc             ] GC(54) Pause Young (Allocation Failure) 929M->489M(1979M) 389.725ms
[49.976s][info][gc,cpu         ] GC(54) User=0.39s Sys=0.00s Real=0.39s
[50.236s][info][gc,start       ] GC(55) Pause Young (Allocation Failure)
[50.623s][info][gc,heap        ] GC(55) DefNew: 629248K(629248K)->62136K(629248K) Eden: 559360K(559360K)->0K(559360K) From: 69888K(69888K)->62136K(69888K)
[50.623s][info][gc,heap        ] GC(55) Tenured: 430916K(1398144K)->500802K(1398144K)
[50.623s][info][gc,metaspace   ] GC(55) Metaspace: 65907K(67136K)->65907K(67136K) NonClass: 57517K(58112K)->57517K(58112K) Class: 8389K(9024K)->8389K(9024K)
[50.623s][info][gc             ] GC(55) Pause Young (Allocation Failure) 1035M->549M(1979M) 387.651ms
[50.623s][info][gc,cpu         ] GC(55) User=0.39s Sys=0.00s Real=0.39s
[50.925s][info][gc,start       ] GC(56) Pause Young (Allocation Failure)
[51.242s][info][gc,heap        ] GC(56) DefNew: 621496K(629248K)->54305K(629248K) Eden: 559360K(559360K)->0K(559360K) From: 62136K(69888K)->54305K(69888K)
[51.242s][info][gc,heap        ] GC(56) Tenured: 500802K(1398144K)->547049K(1398144K)
[51.242s][info][gc,metaspace   ] GC(56) Metaspace: 65907K(67136K)->65907K(67136K) NonClass: 57517K(58112K)->57517K(58112K) Class: 8389K(9024K)->8389K(9024K)
[51.242s][info][gc             ] GC(56) Pause Young (Allocation Failure) 1095M->587M(1979M) 316.704ms
[51.242s][info][gc,cpu         ] GC(56) User=0.33s Sys=0.00s Real=0.33s
[52.166s][info][gc,start       ] GC(57) Pause Young (Allocation Failure)
[52.544s][info][gc,heap        ] GC(57) DefNew: 613665K(629248K)->52302K(629248K) Eden: 559360K(559360K)->0K(559360K) From: 54305K(69888K)->52302K(69888K)
[52.544s][info][gc,heap        ] GC(57) Tenured: 547049K(1398144K)->594949K(1398144K)
[52.544s][info][gc,metaspace   ] GC(57) Metaspace: 65926K(67200K)->65926K(67200K) NonClass: 57536K(58176K)->57536K(58176K) Class: 8389K(9024K)->8389K(9024K)
[52.544s][info][gc             ] GC(57) Pause Young (Allocation Failure) 1133M->632M(1979M) 377.915ms
[52.544s][info][gc,cpu         ] GC(57) User=0.38s Sys=0.00s Real=0.38s
[53.124s][info][gc,start       ] GC(58) Pause Young (Allocation Failure)
[53.304s][info][gc,heap        ] GC(58) DefNew: 611662K(629248K)->33846K(629248K) Eden: 559360K(559360K)->0K(559360K) From: 52302K(69888K)->33846K(69888K)
[53.304s][info][gc,heap        ] GC(58) Tenured: 594949K(1398144K)->615182K(1398144K)
[53.304s][info][gc,metaspace   ] GC(58) Metaspace: 65998K(67200K)->65998K(67200K) NonClass: 57607K(58176K)->57607K(58176K) Class: 8390K(9024K)->8390K(9024K)
[53.305s][info][gc             ] GC(58) Pause Young (Allocation Failure) 1178M->633M(1979M) 180.406ms
[53.305s][info][gc,cpu         ] GC(58) User=0.19s Sys=0.00s Real=0.19s
[53.723s][info][gc,start       ] GC(59) Pause Young (Allocation Failure)
[53.892s][info][gc,heap        ] GC(59) DefNew: 593206K(629248K)->68422K(629248K) Eden: 559360K(559360K)->0K(559360K) From: 33846K(69888K)->68422K(69888K)
[53.892s][info][gc,heap        ] GC(59) Tenured: 615182K(1398144K)->615182K(1398144K)
[53.892s][info][gc,metaspace   ] GC(59) Metaspace: 66008K(67200K)->66008K(67200K) NonClass: 57616K(58176K)->57616K(58176K) Class: 8391K(9024K)->8391K(9024K)
[53.892s][info][gc             ] GC(59) Pause Young (Allocation Failure) 1180M->667M(1979M) 168.952ms
[53.892s][info][gc,cpu         ] GC(59) User=0.16s Sys=0.00s Real=0.16s
[54.370s][info][gc,start       ] GC(60) Pause Young (Allocation Failure)
[54.454s][info][gc,heap        ] GC(60) DefNew: 624238K(629248K)->42571K(629248K) Eden: 555816K(559360K)->0K(559360K) From: 68422K(69888K)->42571K(69888K)
[54.454s][info][gc,heap        ] GC(60) Tenured: 615182K(1398144K)->615322K(1398144K)
[54.454s][info][gc,metaspace   ] GC(60) Metaspace: 66030K(67200K)->66030K(67200K) NonClass: 57638K(58176K)->57638K(58176K) Class: 8391K(9024K)->8391K(9024K)
[54.454s][info][gc             ] GC(60) Pause Young (Allocation Failure) 1210M->642M(1979M) 83.918ms
[54.454s][info][gc,cpu         ] GC(60) User=0.09s Sys=0.00s Real=0.09s
[54.775s][info][gc,start       ] GC(61) Pause Young (Allocation Failure)
[54.910s][info][gc,heap        ] GC(61) DefNew: 601931K(629248K)->69887K(629248K) Eden: 559360K(559360K)->0K(559360K) From: 42571K(69888K)->69887K(69888K)
[54.910s][info][gc,heap        ] GC(61) Tenured: 615322K(1398144K)->650700K(1398144K)
[54.910s][info][gc,metaspace   ] GC(61) Metaspace: 66033K(67200K)->66033K(67200K) NonClass: 57641K(58176K)->57641K(58176K) Class: 8391K(9024K)->8391K(9024K)
[54.910s][info][gc             ] GC(61) Pause Young (Allocation Failure) 1188M->703M(1979M) 135.049ms
[54.910s][info][gc,cpu         ] GC(61) User=0.14s Sys=0.00s Real=0.14s
[55.005s][info][gc,start       ] GC(62) Pause Full (System.gc())
[55.005s][info][gc,phases,start] GC(62) Phase 1: Mark live objects
[55.114s][info][gc,phases      ] GC(62) Phase 1: Mark live objects 109.420ms
[55.114s][info][gc,phases,start] GC(62) Phase 2: Compute new object addresses
[55.334s][info][gc,phases      ] GC(62) Phase 2: Compute new object addresses 219.515ms
[55.334s][info][gc,phases,start] GC(62) Phase 3: Adjust pointers
[55.405s][info][gc,phases      ] GC(62) Phase 3: Adjust pointers 70.700ms
[55.405s][info][gc,phases,start] GC(62) Phase 4: Move objects
[55.405s][info][gc,phases      ] GC(62) Phase 4: Move objects 0.097ms
[55.406s][info][gc,heap        ] GC(62) DefNew: 194081K(629248K)->0K(629248K) Eden: 124193K(559360K)->0K(559360K) From: 69887K(69888K)->0K(69888K)
[55.406s][info][gc,heap        ] GC(62) Tenured: 650700K(1398144K)->206860K(1398144K)
[55.406s][info][gc,metaspace   ] GC(62) Metaspace: 66037K(67200K)->66037K(67200K) NonClass: 57645K(58176K)->57645K(58176K) Class: 8391K(9024K)->8391K(9024K)
[55.406s][info][gc             ] GC(62) Pause Full (System.gc()) 824M->202M(1979M) 401.441ms
[55.406s][info][gc,cpu         ] GC(62) User=0.41s Sys=0.00s Real=0.40s
[55.716s][info][gc,start       ] GC(63) Pause Young (Allocation Failure)
[55.927s][info][gc,heap        ] GC(63) DefNew: 559360K(629248K)->69888K(629248K) Eden: 559360K(559360K)->0K(559360K) From: 0K(69888K)->69888K(69888K)
[55.927s][info][gc,heap        ] GC(63) Tenured: 206860K(1398144K)->253956K(1398144K)
[55.927s][info][gc,metaspace   ] GC(63) Metaspace: 66069K(67264K)->66069K(67264K) NonClass: 57677K(58240K)->57677K(58240K) Class: 8392K(9024K)->8392K(9024K)
[55.927s][info][gc             ] GC(63) Pause Young (Allocation Failure) 748M->316M(1979M) 211.732ms
[55.927s][info][gc,cpu         ] GC(63) User=0.22s Sys=0.00s Real=0.22s
[56.220s][info][gc,start       ] GC(64) Pause Young (Allocation Failure)
[56.547s][info][gc,heap        ] GC(64) DefNew: 629248K(629248K)->57262K(629248K) Eden: 559360K(559360K)->0K(559360K) From: 69888K(69888K)->57262K(69888K)
[56.547s][info][gc,heap        ] GC(64) Tenured: 253956K(1398144K)->309611K(1398144K)
[56.547s][info][gc,metaspace   ] GC(64) Metaspace: 66069K(67264K)->66069K(67264K) NonClass: 57677K(58240K)->57677K(58240K) Class: 8392K(9024K)->8392K(9024K)
[56.547s][info][gc             ] GC(64) Pause Young (Allocation Failure) 862M->358M(1979M) 327.198ms
[56.547s][info][gc,cpu         ] GC(64) User=0.33s Sys=0.00s Real=0.33s
[56.842s][info][gc,start       ] GC(65) Pause Young (Allocation Failure)
[57.134s][info][gc,heap        ] GC(65) DefNew: 616622K(629248K)->34462K(629248K) Eden: 559360K(559360K)->0K(559360K) From: 57262K(69888K)->34462K(69888K)
[57.134s][info][gc,heap        ] GC(65) Tenured: 309611K(1398144K)->358364K(1398144K)
[57.134s][info][gc,metaspace   ] GC(65) Metaspace: 66069K(67264K)->66069K(67264K) NonClass: 57677K(58240K)->57677K(58240K) Class: 8392K(9024K)->8392K(9024K)
[57.134s][info][gc             ] GC(65) Pause Young (Allocation Failure) 904M->383M(1979M) 291.565ms
[57.134s][info][gc,cpu         ] GC(65) User=0.28s Sys=0.00s Real=0.28s
[58.053s][info][gc,start       ] GC(66) Pause Young (Allocation Failure)
[58.447s][info][gc,heap        ] GC(66) DefNew: 593822K(629248K)->69888K(629248K) Eden: 559360K(559360K)->0K(559360K) From: 34462K(69888K)->69888K(69888K)
[58.452s][info][gc,heap        ] GC(66) Tenured: 358364K(1398144K)->431696K(1398144K)
[58.452s][info][gc,metaspace   ] GC(66) Metaspace: 66104K(67264K)->66104K(67264K) NonClass: 57710K(58240K)->57710K(58240K) Class: 8393K(9024K)->8393K(9024K)
[58.452s][info][gc             ] GC(66) Pause Young (Allocation Failure) 929M->489M(1979M) 399.694ms
[58.452s][info][gc,cpu         ] GC(66) User=0.39s Sys=0.00s Real=0.40s
[58.721s][info][gc,start       ] GC(67) Pause Young (Allocation Failure)
[59.108s][info][gc,heap        ] GC(67) DefNew: 629248K(629248K)->61772K(629248K) Eden: 559360K(559360K)->0K(559360K) From: 69888K(69888K)->61772K(69888K)
[59.108s][info][gc,heap        ] GC(67) Tenured: 431696K(1398144K)->501582K(1398144K)
[59.108s][info][gc,metaspace   ] GC(67) Metaspace: 66104K(67264K)->66104K(67264K) NonClass: 57710K(58240K)->57710K(58240K) Class: 8393K(9024K)->8393K(9024K)
[59.109s][info][gc             ] GC(67) Pause Young (Allocation Failure) 1036M->550M(1979M) 387.310ms
[59.109s][info][gc,cpu         ] GC(67) User=0.41s Sys=0.00s Real=0.40s
[59.402s][info][gc,start       ] GC(68) Pause Young (Allocation Failure)
[59.710s][info][gc,heap        ] GC(68) DefNew: 621132K(629248K)->54253K(629248K) Eden: 559360K(559360K)->0K(559360K) From: 61772K(69888K)->54253K(69888K)
[59.711s][info][gc,heap        ] GC(68) Tenured: 501582K(1398144K)->547438K(1398144K)
[59.711s][info][gc,metaspace   ] GC(68) Metaspace: 66104K(67264K)->66104K(67264K) NonClass: 57710K(58240K)->57710K(58240K) Class: 8393K(9024K)->8393K(9024K)
[59.711s][info][gc             ] GC(68) Pause Young (Allocation Failure) 1096M->587M(1979M) 309.094ms
[59.711s][info][gc,cpu         ] GC(68) User=0.31s Sys=0.00s Real=0.32s
[60.780s][info][gc,start       ] GC(69) Pause Young (Allocation Failure)
[61.144s][info][gc,heap        ] GC(69) DefNew: 613613K(629248K)->52139K(629248K) Eden: 559360K(559360K)->0K(559360K) From: 54253K(69888K)->52139K(69888K)
[61.144s][info][gc,heap        ] GC(69) Tenured: 547438K(1398144K)->595331K(1398144K)
[61.144s][info][gc,metaspace   ] GC(69) Metaspace: 66120K(67264K)->66120K(67264K) NonClass: 57727K(58240K)->57727K(58240K) Class: 8393K(9024K)->8393K(9024K)
[61.144s][info][gc             ] GC(69) Pause Young (Allocation Failure) 1133M->632M(1979M) 364.512ms
[61.144s][info][gc,cpu         ] GC(69) User=0.38s Sys=0.00s Real=0.38s
[61.737s][info][gc,start       ] GC(70) Pause Young (Allocation Failure)
[61.939s][info][gc,heap        ] GC(70) DefNew: 611499K(629248K)->33840K(629248K) Eden: 559360K(559360K)->0K(559360K) From: 52139K(69888K)->33840K(69888K)
[61.939s][info][gc,heap        ] GC(70) Tenured: 595331K(1398144K)->615401K(1398144K)
[61.939s][info][gc,metaspace   ] GC(70) Metaspace: 66194K(67392K)->66194K(67392K) NonClass: 57800K(58368K)->57800K(58368K) Class: 8394K(9024K)->8394K(9024K)
[61.939s][info][gc             ] GC(70) Pause Young (Allocation Failure) 1178M->634M(1979M) 201.780ms
[61.939s][info][gc,cpu         ] GC(70) User=0.20s Sys=0.00s Real=0.20s
[62.357s][info][gc,start       ] GC(71) Pause Young (Allocation Failure)
[62.533s][info][gc,heap        ] GC(71) DefNew: 593200K(629248K)->67174K(629248K) Eden: 559360K(559360K)->0K(559360K) From: 33840K(69888K)->67174K(69888K)
[62.533s][info][gc,heap        ] GC(71) Tenured: 615401K(1398144K)->615401K(1398144K)
[62.533s][info][gc,metaspace   ] GC(71) Metaspace: 66221K(67392K)->66221K(67392K) NonClass: 57827K(58368K)->57827K(58368K) Class: 8394K(9024K)->8394K(9024K)
[62.533s][info][gc             ] GC(71) Pause Young (Allocation Failure) 1180M->666M(1979M) 176.069ms
[62.534s][info][gc,cpu         ] GC(71) User=0.17s Sys=0.00s Real=0.17s
[62.990s][info][gc,start       ] GC(72) Pause Young (Allocation Failure)
[63.106s][info][gc,heap        ] GC(72) DefNew: 626534K(629248K)->69888K(629248K) Eden: 559360K(559360K)->0K(559360K) From: 67174K(69888K)->69888K(69888K)
[63.106s][info][gc,heap        ] GC(72) Tenured: 615401K(1398144K)->638386K(1398144K)
[63.106s][info][gc,metaspace   ] GC(72) Metaspace: 66259K(67392K)->66259K(67392K) NonClass: 57864K(58368K)->57864K(58368K) Class: 8394K(9024K)->8394K(9024K)
[63.106s][info][gc             ] GC(72) Pause Young (Allocation Failure) 1212M->691M(1979M) 116.520ms
[63.106s][info][gc,cpu         ] GC(72) User=0.11s Sys=0.00s Real=0.11s
[63.421s][info][gc,start       ] GC(73) Pause Young (Allocation Failure)
[63.552s][info][gc,heap        ] GC(73) DefNew: 629248K(629248K)->69887K(629248K) Eden: 559360K(559360K)->0K(559360K) From: 69888K(69888K)->69887K(69888K)
[63.552s][info][gc,heap        ] GC(73) Tenured: 638386K(1398144K)->668406K(1398144K)
[63.552s][info][gc,metaspace   ] GC(73) Metaspace: 66259K(67392K)->66259K(67392K) NonClass: 57865K(58368K)->57865K(58368K) Class: 8394K(9024K)->8394K(9024K)
[63.552s][info][gc             ] GC(73) Pause Young (Allocation Failure) 1237M->720M(1979M) 131.339ms
[63.552s][info][gc,cpu         ] GC(73) User=0.13s Sys=0.00s Real=0.13s
[63.640s][info][gc,start       ] GC(74) Pause Full (System.gc())
[63.640s][info][gc,phases,start] GC(74) Phase 1: Mark live objects
[63.764s][info][gc,phases      ] GC(74) Phase 1: Mark live objects 124.666ms
[63.764s][info][gc,phases,start] GC(74) Phase 2: Compute new object addresses
[63.980s][info][gc,phases      ] GC(74) Phase 2: Compute new object addresses 215.298ms
[63.980s][info][gc,phases,start] GC(74) Phase 3: Adjust pointers
[64.054s][info][gc,phases      ] GC(74) Phase 3: Adjust pointers 74.177ms
[64.054s][info][gc,phases,start] GC(74) Phase 4: Move objects
[64.098s][info][gc,phases      ] GC(74) Phase 4: Move objects 44.066ms
[64.100s][info][gc,heap        ] GC(74) DefNew: 183245K(629248K)->0K(629248K) Eden: 113357K(559360K)->0K(559360K) From: 69887K(69888K)->0K(69888K)
[64.100s][info][gc,heap        ] GC(74) Tenured: 668406K(1398144K)->148250K(1398144K)
[64.100s][info][gc,metaspace   ] GC(74) Metaspace: 66261K(67392K)->66261K(67392K) NonClass: 57867K(58368K)->57867K(58368K) Class: 8394K(9024K)->8394K(9024K)
[64.100s][info][gc             ] GC(74) Pause Full (System.gc()) 831M->144M(1979M) 460.013ms
[64.100s][info][gc,cpu         ] GC(74) User=0.47s Sys=0.00s Real=0.46s
[64.406s][info][gc,start       ] GC(75) Pause Young (Allocation Failure)
[64.642s][info][gc,heap        ] GC(75) DefNew: 559360K(629248K)->69887K(629248K) Eden: 559360K(559360K)->0K(559360K) From: 0K(69888K)->69887K(69888K)
[64.642s][info][gc,heap        ] GC(75) Tenured: 148250K(1398144K)->195525K(1398144K)
[64.642s][info][gc,metaspace   ] GC(75) Metaspace: 66286K(67392K)->66286K(67392K) NonClass: 57892K(58368K)->57892K(58368K) Class: 8394K(9024K)->8394K(9024K)
[64.642s][info][gc             ] GC(75) Pause Young (Allocation Failure) 691M->259M(1979M) 236.535ms
[64.642s][info][gc,cpu         ] GC(75) User=0.23s Sys=0.00s Real=0.23s
[64.940s][info][gc,start       ] GC(76) Pause Young (Allocation Failure)
[65.265s][info][gc,heap        ] GC(76) DefNew: 629247K(629248K)->57244K(629248K) Eden: 559360K(559360K)->0K(559360K) From: 69887K(69888K)->57244K(69888K)
[65.265s][info][gc,heap        ] GC(76) Tenured: 195525K(1398144K)->251156K(1398144K)
[65.265s][info][gc,metaspace   ] GC(76) Metaspace: 66286K(67392K)->66286K(67392K) NonClass: 57892K(58368K)->57892K(58368K) Class: 8394K(9024K)->8394K(9024K)
[65.265s][info][gc             ] GC(76) Pause Young (Allocation Failure) 805M->301M(1979M) 325.548ms
[65.265s][info][gc,cpu         ] GC(76) User=0.31s Sys=0.00s Real=0.32s
[65.562s][info][gc,start       ] GC(77) Pause Young (Allocation Failure)
[65.843s][info][gc,heap        ] GC(77) DefNew: 616604K(629248K)->34388K(629248K) Eden: 559360K(559360K)->0K(559360K) From: 57244K(69888K)->34388K(69888K)
[65.843s][info][gc,heap        ] GC(77) Tenured: 251156K(1398144K)->299897K(1398144K)
[65.843s][info][gc,metaspace   ] GC(77) Metaspace: 66286K(67392K)->66286K(67392K) NonClass: 57892K(58368K)->57892K(58368K) Class: 8394K(9024K)->8394K(9024K)
[65.843s][info][gc             ] GC(77) Pause Young (Allocation Failure) 847M->326M(1979M) 281.419ms
[65.843s][info][gc,cpu         ] GC(77) User=0.28s Sys=0.00s Real=0.28s
[66.739s][info][gc,start       ] GC(78) Pause Young (Allocation Failure)
[67.227s][info][gc,heap        ] GC(78) DefNew: 593748K(629248K)->69888K(629248K) Eden: 559360K(559360K)->0K(559360K) From: 34388K(69888K)->69888K(69888K)
[67.227s][info][gc,heap        ] GC(78) Tenured: 299897K(1398144K)->373450K(1398144K)
[67.228s][info][gc,metaspace   ] GC(78) Metaspace: 66309K(67456K)->66309K(67456K) NonClass: 57914K(58432K)->57914K(58432K) Class: 8395K(9024K)->8395K(9024K)
[67.228s][info][gc             ] GC(78) Pause Young (Allocation Failure) 872M->432M(1979M) 488.230ms
[67.228s][info][gc,cpu         ] GC(78) User=0.50s Sys=0.00s Real=0.49s
[67.491s][info][gc,start       ] GC(79) Pause Young (Allocation Failure)
[67.865s][info][gc,heap        ] GC(79) DefNew: 629248K(629248K)->61492K(629248K) Eden: 559360K(559360K)->0K(559360K) From: 69888K(69888K)->61492K(69888K)
[67.865s][info][gc,heap        ] GC(79) Tenured: 373450K(1398144K)->435279K(1398144K)
[67.865s][info][gc,metaspace   ] GC(79) Metaspace: 66309K(67456K)->66309K(67456K) NonClass: 57914K(58432K)->57914K(58432K) Class: 8395K(9024K)->8395K(9024K)
[67.865s][info][gc             ] GC(79) Pause Young (Allocation Failure) 979M->485M(1979M) 374.177ms
[67.865s][info][gc,cpu         ] GC(79) User=0.38s Sys=0.00s Real=0.38s
[68.155s][info][gc,start       ] GC(80) Pause Young (Allocation Failure)
[68.473s][info][gc,heap        ] GC(80) DefNew: 620852K(629248K)->54232K(629248K) Eden: 559360K(559360K)->0K(559360K) From: 61492K(69888K)->54232K(69888K)
[68.473s][info][gc,heap        ] GC(80) Tenured: 435279K(1398144K)->480844K(1398144K)
[68.473s][info][gc,metaspace   ] GC(80) Metaspace: 66309K(67456K)->66309K(67456K) NonClass: 57914K(58432K)->57914K(58432K) Class: 8395K(9024K)->8395K(9024K)
[68.473s][info][gc             ] GC(80) Pause Young (Allocation Failure) 1031M->522M(1979M) 318.057ms
[68.473s][info][gc,cpu         ] GC(80) User=0.31s Sys=0.00s Real=0.31s
[69.554s][info][gc,start       ] GC(81) Pause Young (Allocation Failure)
[69.932s][info][gc,heap        ] GC(81) DefNew: 613592K(629248K)->52082K(629248K) Eden: 559360K(559360K)->0K(559360K) From: 54232K(69888K)->52082K(69888K)
[69.932s][info][gc,heap        ] GC(81) Tenured: 480844K(1398144K)->528718K(1398144K)
[69.932s][info][gc,metaspace   ] GC(81) Metaspace: 66385K(67520K)->66385K(67520K) NonClass: 57979K(58496K)->57979K(58496K) Class: 8405K(9024K)->8405K(9024K)
[69.932s][info][gc             ] GC(81) Pause Young (Allocation Failure) 1068M->567M(1979M) 377.688ms
[69.932s][info][gc,cpu         ] GC(81) User=0.38s Sys=0.00s Real=0.37s
[70.491s][info][gc,start       ] GC(82) Pause Young (Allocation Failure)
[70.680s][info][gc,heap        ] GC(82) DefNew: 611442K(629248K)->33843K(629248K) Eden: 559360K(559360K)->0K(559360K) From: 52082K(69888K)->33843K(69888K)
[70.680s][info][gc,heap        ] GC(82) Tenured: 528718K(1398144K)->548731K(1398144K)
[70.680s][info][gc,metaspace   ] GC(82) Metaspace: 66492K(67648K)->66492K(67648K) NonClass: 58086K(58624K)->58086K(58624K) Class: 8405K(9024K)->8405K(9024K)
[70.680s][info][gc             ] GC(82) Pause Young (Allocation Failure) 1113M->568M(1979M) 189.390ms
[70.680s][info][gc,cpu         ] GC(82) User=0.19s Sys=0.00s Real=0.19s
[71.130s][info][gc,start       ] GC(83) Pause Young (Allocation Failure)
[71.295s][info][gc,heap        ] GC(83) DefNew: 593203K(629248K)->66514K(629248K) Eden: 559360K(559360K)->0K(559360K) From: 33843K(69888K)->66514K(69888K)
[71.295s][info][gc,heap        ] GC(83) Tenured: 548731K(1398144K)->548731K(1398144K)
[71.295s][info][gc,metaspace   ] GC(83) Metaspace: 66505K(67648K)->66505K(67648K) NonClass: 58100K(58624K)->58100K(58624K) Class: 8405K(9024K)->8405K(9024K)
[71.295s][info][gc             ] GC(83) Pause Young (Allocation Failure) 1115M->600M(1979M) 165.195ms
[71.295s][info][gc,cpu         ] GC(83) User=0.17s Sys=0.00s Real=0.17s
[71.779s][info][gc,start       ] GC(84) Pause Young (Allocation Failure)
[71.888s][info][gc,heap        ] GC(84) DefNew: 625874K(629248K)->69887K(629248K) Eden: 559360K(559360K)->0K(559360K) From: 66514K(69888K)->69887K(69888K)
[71.888s][info][gc,heap        ] GC(84) Tenured: 548731K(1398144K)->557714K(1398144K)
[71.888s][info][gc,metaspace   ] GC(84) Metaspace: 66532K(67648K)->66532K(67648K) NonClass: 58126K(58624K)->58126K(58624K) Class: 8405K(9024K)->8405K(9024K)
[71.889s][info][gc             ] GC(84) Pause Young (Allocation Failure) 1147M->612M(1979M) 109.773ms
[71.889s][info][gc,cpu         ] GC(84) User=0.13s Sys=0.00s Real=0.13s
[72.217s][info][gc,start       ] GC(85) Pause Young (Allocation Failure)
[72.338s][info][gc,heap        ] GC(85) DefNew: 629247K(629248K)->69887K(629248K) Eden: 559360K(559360K)->0K(559360K) From: 69887K(69888K)->69887K(69888K)
[72.338s][info][gc,heap        ] GC(85) Tenured: 557714K(1398144K)->584237K(1398144K)
[72.338s][info][gc,metaspace   ] GC(85) Metaspace: 66533K(67648K)->66533K(67648K) NonClass: 58127K(58624K)->58127K(58624K) Class: 8405K(9024K)->8405K(9024K)
[72.338s][info][gc             ] GC(85) Pause Young (Allocation Failure) 1159M->638M(1979M) 121.177ms
[72.338s][info][gc,cpu         ] GC(85) User=0.13s Sys=0.00s Real=0.13s
[72.411s][info][gc,start       ] GC(86) Pause Full (System.gc())
[72.412s][info][gc,phases,start] GC(86) Phase 1: Mark live objects
[72.522s][info][gc,phases      ] GC(86) Phase 1: Mark live objects 110.671ms
[72.522s][info][gc,phases,start] GC(86) Phase 2: Compute new object addresses
[72.729s][info][gc,phases      ] GC(86) Phase 2: Compute new object addresses 206.615ms
[72.729s][info][gc,phases,start] GC(86) Phase 3: Adjust pointers
[72.801s][info][gc,phases      ] GC(86) Phase 3: Adjust pointers 71.875ms
[72.801s][info][gc,phases,start] GC(86) Phase 4: Move objects
[72.801s][info][gc,phases      ] GC(86) Phase 4: Move objects 0.071ms
[72.802s][info][gc,heap        ] GC(86) DefNew: 162434K(629248K)->0K(629248K) Eden: 92546K(559360K)->0K(559360K) From: 69887K(69888K)->0K(69888K)
[72.802s][info][gc,heap        ] GC(86) Tenured: 584237K(1398144K)->209178K(1398144K)
[72.802s][info][gc,metaspace   ] GC(86) Metaspace: 66533K(67648K)->66533K(67648K) NonClass: 58127K(58624K)->58127K(58624K) Class: 8405K(9024K)->8405K(9024K)
[72.802s][info][gc             ] GC(86) Pause Full (System.gc()) 729M->204M(1979M) 390.906ms
[72.802s][info][gc,cpu         ] GC(86) User=0.39s Sys=0.00s Real=0.40s
[73.093s][info][gc,start       ] GC(87) Pause Young (Allocation Failure)
[73.317s][info][gc,heap        ] GC(87) DefNew: 559360K(629248K)->69887K(629248K) Eden: 559360K(559360K)->0K(559360K) From: 0K(69888K)->69887K(69888K)
[73.317s][info][gc,heap        ] GC(87) Tenured: 209178K(1398144K)->255513K(1398144K)
[73.317s][info][gc,metaspace   ] GC(87) Metaspace: 66545K(67648K)->66545K(67648K) NonClass: 58139K(58624K)->58139K(58624K) Class: 8405K(9024K)->8405K(9024K)
[73.317s][info][gc             ] GC(87) Pause Young (Allocation Failure) 750M->317M(1979M) 223.993ms
[73.317s][info][gc,cpu         ] GC(87) User=0.22s Sys=0.00s Real=0.22s
[73.622s][info][gc,start       ] GC(88) Pause Young (Allocation Failure)
[73.941s][info][gc,heap        ] GC(88) DefNew: 629247K(629248K)->57378K(629248K) Eden: 559360K(559360K)->0K(559360K) From: 69887K(69888K)->57378K(69888K)
[73.941s][info][gc,heap        ] GC(88) Tenured: 255513K(1398144K)->312143K(1398144K)
[73.941s][info][gc,metaspace   ] GC(88) Metaspace: 66545K(67648K)->66545K(67648K) NonClass: 58139K(58624K)->58139K(58624K) Class: 8405K(9024K)->8405K(9024K)
[73.941s][info][gc             ] GC(88) Pause Young (Allocation Failure) 864M->360M(1979M) 319.451ms
[73.941s][info][gc,cpu         ] GC(88) User=0.31s Sys=0.00s Real=0.31s
[74.237s][info][gc,start       ] GC(89) Pause Young (Allocation Failure)
[74.511s][info][gc,heap        ] GC(89) DefNew: 616738K(629248K)->34352K(629248K) Eden: 559360K(559360K)->0K(559360K) From: 57378K(69888K)->34352K(69888K)
[74.511s][info][gc,heap        ] GC(89) Tenured: 312143K(1398144K)->360995K(1398144K)
[74.511s][info][gc,metaspace   ] GC(89) Metaspace: 66545K(67648K)->66545K(67648K) NonClass: 58139K(58624K)->58139K(58624K) Class: 8405K(9024K)->8405K(9024K)
[74.511s][info][gc             ] GC(89) Pause Young (Allocation Failure) 907M->386M(1979M) 273.946ms
[74.511s][info][gc,cpu         ] GC(89) User=0.27s Sys=0.00s Real=0.27s
[75.383s][info][gc,start       ] GC(90) Pause Young (Allocation Failure)
[75.796s][info][gc,heap        ] GC(90) DefNew: 593712K(629248K)->69888K(629248K) Eden: 559360K(559360K)->0K(559360K) From: 34352K(69888K)->69888K(69888K)
[75.797s][info][gc,heap        ] GC(90) Tenured: 360995K(1398144K)->434999K(1398144K)
[75.797s][info][gc,metaspace   ] GC(90) Metaspace: 66572K(67712K)->66572K(67712K) NonClass: 58164K(58688K)->58164K(58688K) Class: 8407K(9024K)->8407K(9024K)
[75.797s][info][gc             ] GC(90) Pause Young (Allocation Failure) 932M->493M(1979M) 413.147ms
[75.797s][info][gc,cpu         ] GC(90) User=0.41s Sys=0.00s Real=0.41s
[76.060s][info][gc,start       ] GC(91) Pause Young (Allocation Failure)
[76.435s][info][gc,heap        ] GC(91) DefNew: 629248K(629248K)->61367K(629248K) Eden: 559360K(559360K)->0K(559360K) From: 69888K(69888K)->61367K(69888K)
[76.435s][info][gc,heap        ] GC(91) Tenured: 434999K(1398144K)->504884K(1398144K)
[76.435s][info][gc,metaspace   ] GC(91) Metaspace: 66572K(67712K)->66572K(67712K) NonClass: 58164K(58688K)->58164K(58688K) Class: 8407K(9024K)->8407K(9024K)
[76.435s][info][gc             ] GC(91) Pause Young (Allocation Failure) 1039M->552M(1979M) 374.793ms
[76.435s][info][gc,cpu         ] GC(91) User=0.39s Sys=0.00s Real=0.38s
[76.738s][info][gc,start       ] GC(92) Pause Young (Allocation Failure)
[77.054s][info][gc,heap        ] GC(92) DefNew: 620727K(629248K)->54140K(629248K) Eden: 559360K(559360K)->0K(559360K) From: 61367K(69888K)->54140K(69888K)
[77.054s][info][gc,heap        ] GC(92) Tenured: 504884K(1398144K)->550257K(1398144K)
[77.054s][info][gc,metaspace   ] GC(92) Metaspace: 66572K(67712K)->66572K(67712K) NonClass: 58164K(58688K)->58164K(58688K) Class: 8407K(9024K)->8407K(9024K)
[77.055s][info][gc             ] GC(92) Pause Young (Allocation Failure) 1099M->590M(1979M) 316.132ms
[77.055s][info][gc,cpu         ] GC(92) User=0.31s Sys=0.00s Real=0.32s
[77.998s][info][gc,start       ] GC(93) Pause Young (Allocation Failure)
[78.358s][info][gc,heap        ] GC(93) DefNew: 613500K(629248K)->51621K(629248K) Eden: 559360K(559360K)->0K(559360K) From: 54140K(69888K)->51621K(69888K)
[78.358s][info][gc,heap        ] GC(93) Tenured: 550257K(1398144K)->598142K(1398144K)
[78.358s][info][gc,metaspace   ] GC(93) Metaspace: 66587K(67712K)->66587K(67712K) NonClass: 58179K(58688K)->58179K(58688K) Class: 8408K(9024K)->8408K(9024K)
[78.358s][info][gc             ] GC(93) Pause Young (Allocation Failure) 1136M->634M(1979M) 360.344ms
[78.358s][info][gc,cpu         ] GC(93) User=0.36s Sys=0.00s Real=0.36s
[79.063s][info][gc,start       ] GC(94) Pause Young (Allocation Failure)
[79.252s][info][gc,heap        ] GC(94) DefNew: 610981K(629248K)->33837K(629248K) Eden: 559360K(559360K)->0K(559360K) From: 51621K(69888K)->33837K(69888K)
[79.252s][info][gc,heap        ] GC(94) Tenured: 598142K(1398144K)->617693K(1398144K)
[79.252s][info][gc,metaspace   ] GC(94) Metaspace: 66608K(67776K)->66608K(67776K) NonClass: 58200K(58752K)->58200K(58752K) Class: 8408K(9024K)->8408K(9024K)
[79.252s][info][gc             ] GC(94) Pause Young (Allocation Failure) 1180M->636M(1979M) 188.875ms
[79.252s][info][gc,cpu         ] GC(94) User=0.19s Sys=0.00s Real=0.19s
[79.677s][info][gc,start       ] GC(95) Pause Young (Allocation Failure)
[79.845s][info][gc,heap        ] GC(95) DefNew: 591546K(629248K)->67177K(629248K) Eden: 557709K(559360K)->0K(559360K) From: 33837K(69888K)->67177K(69888K)
[79.845s][info][gc,heap        ] GC(95) Tenured: 617693K(1398144K)->617693K(1398144K)
[79.845s][info][gc,metaspace   ] GC(95) Metaspace: 66729K(67904K)->66729K(67904K) NonClass: 58320K(58880K)->58320K(58880K) Class: 8409K(9024K)->8409K(9024K)
[79.845s][info][gc             ] GC(95) Pause Young (Allocation Failure) 1180M->668M(1979M) 168.312ms
[79.845s][info][gc,cpu         ] GC(95) User=0.17s Sys=0.00s Real=0.17s
[80.451s][info][gc,start       ] GC(96) Pause Young (Allocation Failure)
[80.550s][info][gc,heap        ] GC(96) DefNew: 626537K(629248K)->57437K(629248K) Eden: 559360K(559360K)->0K(559360K) From: 67177K(69888K)->57437K(69888K)
[80.550s][info][gc,heap        ] GC(96) Tenured: 617693K(1398144K)->617828K(1398144K)
[80.550s][info][gc,metaspace   ] GC(96) Metaspace: 66786K(67968K)->66786K(67968K) NonClass: 58377K(58944K)->58377K(58944K) Class: 8409K(9024K)->8409K(9024K)
[80.550s][info][gc             ] GC(96) Pause Young (Allocation Failure) 1215M->659M(1979M) 99.884ms
[80.551s][info][gc,cpu         ] GC(96) User=0.09s Sys=0.00s Real=0.09s
[80.874s][info][gc,start       ] GC(97) Pause Young (Allocation Failure)
[81.004s][info][gc,heap        ] GC(97) DefNew: 616797K(629248K)->69888K(629248K) Eden: 559360K(559360K)->0K(559360K) From: 57437K(69888K)->69888K(69888K)
[81.004s][info][gc,heap        ] GC(97) Tenured: 617828K(1398144K)->653208K(1398144K)
[81.004s][info][gc,metaspace   ] GC(97) Metaspace: 66788K(67968K)->66788K(67968K) NonClass: 58379K(58944K)->58379K(58944K) Class: 8409K(9024K)->8409K(9024K)
[81.004s][info][gc             ] GC(97) Pause Young (Allocation Failure) 1205M->706M(1979M) 130.235ms
[81.004s][info][gc,cpu         ] GC(97) User=0.13s Sys=0.00s Real=0.13s
[81.070s][info][gc,start       ] GC(98) Pause Full (System.gc())
[81.070s][info][gc,phases,start] GC(98) Phase 1: Mark live objects
[81.181s][info][gc,phases      ] GC(98) Phase 1: Mark live objects 111.047ms
[81.182s][info][gc,phases,start] GC(98) Phase 2: Compute new object addresses
[81.388s][info][gc,phases      ] GC(98) Phase 2: Compute new object addresses 206.526ms
[81.388s][info][gc,phases,start] GC(98) Phase 3: Adjust pointers
[81.460s][info][gc,phases      ] GC(98) Phase 3: Adjust pointers 72.274ms
[81.460s][info][gc,phases,start] GC(98) Phase 4: Move objects
[81.461s][info][gc,phases      ] GC(98) Phase 4: Move objects 0.088ms
[81.462s][info][gc,heap        ] GC(98) DefNew: 150113K(629248K)->0K(629248K) Eden: 80225K(559360K)->0K(559360K) From: 69888K(69888K)->0K(69888K)
[81.462s][info][gc,heap        ] GC(98) Tenured: 653208K(1398144K)->209388K(1398144K)
[81.462s][info][gc,metaspace   ] GC(98) Metaspace: 66789K(67968K)->66789K(67968K) NonClass: 58379K(58944K)->58379K(58944K) Class: 8409K(9024K)->8409K(9024K)
[81.462s][info][gc             ] GC(98) Pause Full (System.gc()) 784M->204M(1979M) 391.652ms
[81.462s][info][gc,cpu         ] GC(98) User=0.39s Sys=0.00s Real=0.39s
[81.770s][info][gc,start       ] GC(99) Pause Young (Allocation Failure)
[81.996s][info][gc,heap        ] GC(99) DefNew: 559360K(629248K)->69887K(629248K) Eden: 559360K(559360K)->0K(559360K) From: 0K(69888K)->69887K(69888K)
[81.996s][info][gc,heap        ] GC(99) Tenured: 209388K(1398144K)->257165K(1398144K)
[81.996s][info][gc,metaspace   ] GC(99) Metaspace: 66808K(67968K)->66808K(67968K) NonClass: 58399K(58944K)->58399K(58944K) Class: 8409K(9024K)->8409K(9024K)
[81.996s][info][gc             ] GC(99) Pause Young (Allocation Failure) 750M->319M(1979M) 225.891ms
[81.996s][info][gc,cpu         ] GC(99) User=0.23s Sys=0.00s Real=0.23s
[82.296s][info][gc,start       ] GC(100) Pause Young (Allocation Failure)
[82.614s][info][gc,heap        ] GC(100) DefNew: 629247K(629248K)->57131K(629248K) Eden: 559360K(559360K)->0K(559360K) From: 69887K(69888K)->57131K(69888K)
[82.614s][info][gc,heap        ] GC(100) Tenured: 257165K(1398144K)->312727K(1398144K)
[82.614s][info][gc,metaspace   ] GC(100) Metaspace: 66808K(67968K)->66808K(67968K) NonClass: 58399K(58944K)->58399K(58944K) Class: 8409K(9024K)->8409K(9024K)
[82.614s][info][gc             ] GC(100) Pause Young (Allocation Failure) 865M->361M(1979M) 318.291ms
[82.614s][info][gc,cpu         ] GC(100) User=0.31s Sys=0.00s Real=0.31s
[82.915s][info][gc,start       ] GC(101) Pause Young (Allocation Failure)
[83.208s][info][gc,heap        ] GC(101) DefNew: 616491K(629248K)->34374K(629248K) Eden: 559360K(559360K)->0K(559360K) From: 57131K(69888K)->34374K(69888K)
[83.208s][info][gc,heap        ] GC(101) Tenured: 312727K(1398144K)->361324K(1398144K)
[83.208s][info][gc,metaspace   ] GC(101) Metaspace: 66808K(67968K)->66808K(67968K) NonClass: 58399K(58944K)->58399K(58944K) Class: 8409K(9024K)->8409K(9024K)
[83.208s][info][gc             ] GC(101) Pause Young (Allocation Failure) 907M->386M(1979M) 292.932ms
[83.208s][info][gc,cpu         ] GC(101) User=0.30s Sys=0.00s Real=0.30s
[84.038s][info][gc,start       ] GC(102) Pause Young (Allocation Failure)
[84.436s][info][gc,heap        ] GC(102) DefNew: 593734K(629248K)->69888K(629248K) Eden: 559360K(559360K)->0K(559360K) From: 34374K(69888K)->69888K(69888K)
[84.437s][info][gc,heap        ] GC(102) Tenured: 361324K(1398144K)->435513K(1398144K)
[84.437s][info][gc,metaspace   ] GC(102) Metaspace: 66823K(67968K)->66823K(67968K) NonClass: 58413K(58944K)->58413K(58944K) Class: 8410K(9024K)->8410K(9024K)
[84.437s][info][gc             ] GC(102) Pause Young (Allocation Failure) 932M->493M(1979M) 398.365ms
[84.437s][info][gc,cpu         ] GC(102) User=0.41s Sys=0.00s Real=0.41s
[84.699s][info][gc,start       ] GC(103) Pause Young (Allocation Failure)
[85.077s][info][gc,heap        ] GC(103) DefNew: 629248K(629248K)->61036K(629248K) Eden: 559360K(559360K)->0K(559360K) From: 69888K(69888K)->61036K(69888K)
[85.077s][info][gc,heap        ] GC(103) Tenured: 435513K(1398144K)->505399K(1398144K)
[85.078s][info][gc,metaspace   ] GC(103) Metaspace: 66823K(67968K)->66823K(67968K) NonClass: 58413K(58944K)->58413K(58944K) Class: 8410K(9024K)->8410K(9024K)
[85.078s][info][gc             ] GC(103) Pause Young (Allocation Failure) 1039M->553M(1979M) 378.107ms
[85.078s][info][gc,cpu         ] GC(103) User=0.39s Sys=0.00s Real=0.39s
[85.371s][info][gc,start       ] GC(104) Pause Young (Allocation Failure)
[85.685s][info][gc,heap        ] GC(104) DefNew: 620396K(629248K)->53946K(629248K) Eden: 559360K(559360K)->0K(559360K) From: 61036K(69888K)->53946K(69888K)
[85.685s][info][gc,heap        ] GC(104) Tenured: 505399K(1398144K)->550464K(1398144K)
[85.685s][info][gc,metaspace   ] GC(104) Metaspace: 66823K(67968K)->66823K(67968K) NonClass: 58413K(58944K)->58413K(58944K) Class: 8410K(9024K)->8410K(9024K)
[85.685s][info][gc             ] GC(104) Pause Young (Allocation Failure) 1099M->590M(1979M) 314.249ms
[85.685s][info][gc,cpu         ] GC(104) User=0.33s Sys=0.00s Real=0.33s
[86.587s][info][gc,start       ] GC(105) Pause Young (Allocation Failure)
[86.955s][info][gc,heap        ] GC(105) DefNew: 613306K(629248K)->51853K(629248K) Eden: 559360K(559360K)->0K(559360K) From: 53946K(69888K)->51853K(69888K)
[86.955s][info][gc,heap        ] GC(105) Tenured: 550464K(1398144K)->598136K(1398144K)
[86.956s][info][gc,metaspace   ] GC(105) Metaspace: 66843K(67968K)->66843K(67968K) NonClass: 58433K(58944K)->58433K(58944K) Class: 8410K(9024K)->8410K(9024K)
[86.956s][info][gc             ] GC(105) Pause Young (Allocation Failure) 1136M->634M(1979M) 368.464ms
[86.956s][info][gc,cpu         ] GC(105) User=0.38s Sys=0.00s Real=0.38s
[87.533s][info][gc,start       ] GC(106) Pause Young (Allocation Failure)
[87.731s][info][gc,heap        ] GC(106) DefNew: 611213K(629248K)->33854K(629248K) Eden: 559360K(559360K)->0K(559360K) From: 51853K(69888K)->33854K(69888K)
[87.731s][info][gc,heap        ] GC(106) Tenured: 598136K(1398144K)->617919K(1398144K)
[87.731s][info][gc,metaspace   ] GC(106) Metaspace: 66911K(68032K)->66911K(68032K) NonClass: 58500K(59008K)->58500K(59008K) Class: 8411K(9024K)->8411K(9024K)
[87.731s][info][gc             ] GC(106) Pause Young (Allocation Failure) 1181M->636M(1979M) 198.585ms
[87.731s][info][gc,cpu         ] GC(106) User=0.19s Sys=0.02s Real=0.20s
[88.158s][info][gc,start       ] GC(107) Pause Young (Allocation Failure)
[88.322s][info][gc,heap        ] GC(107) DefNew: 593214K(629248K)->67065K(629248K) Eden: 559360K(559360K)->0K(559360K) From: 33854K(69888K)->67065K(69888K)
[88.322s][info][gc,heap        ] GC(107) Tenured: 617919K(1398144K)->617919K(1398144K)
[88.322s][info][gc,metaspace   ] GC(107) Metaspace: 66953K(68096K)->66953K(68096K) NonClass: 58542K(59072K)->58542K(59072K) Class: 8411K(9024K)->8411K(9024K)
[88.322s][info][gc             ] GC(107) Pause Young (Allocation Failure) 1182M->668M(1979M) 163.675ms
[88.322s][info][gc,cpu         ] GC(107) User=0.17s Sys=0.00s Real=0.17s
[88.795s][info][gc,start       ] GC(108) Pause Young (Allocation Failure)
[88.908s][info][gc,heap        ] GC(108) DefNew: 626425K(629248K)->69888K(629248K) Eden: 559360K(559360K)->0K(559360K) From: 67065K(69888K)->69888K(69888K)
[88.908s][info][gc,heap        ] GC(108) Tenured: 617919K(1398144K)->643601K(1398144K)
[88.908s][info][gc,metaspace   ] GC(108) Metaspace: 66974K(68096K)->66974K(68096K) NonClass: 58563K(59072K)->58563K(59072K) Class: 8411K(9024K)->8411K(9024K)
[88.908s][info][gc             ] GC(108) Pause Young (Allocation Failure) 1215M->696M(1979M) 113.868ms
[88.909s][info][gc,cpu         ] GC(108) User=0.11s Sys=0.00s Real=0.11s
[89.189s][info][gc,start       ] GC(109) Pause Young (Allocation Failure)
[89.318s][info][gc,heap        ] GC(109) DefNew: 629248K(629248K)->69887K(629248K) Eden: 559360K(559360K)->0K(559360K) From: 69888K(69888K)->69887K(69888K)
[89.319s][info][gc,heap        ] GC(109) Tenured: 643601K(1398144K)->670928K(1398144K)
[89.319s][info][gc,metaspace   ] GC(109) Metaspace: 66989K(68096K)->66989K(68096K) NonClass: 58578K(59072K)->58578K(59072K) Class: 8411K(9024K)->8411K(9024K)
[89.319s][info][gc             ] GC(109) Pause Young (Allocation Failure) 1243M->723M(1979M) 129.722ms
[89.319s][info][gc,cpu         ] GC(109) User=0.14s Sys=0.00s Real=0.14s
[89.412s][info][gc,start       ] GC(110) Pause Full (System.gc())
[89.413s][info][gc,phases,start] GC(110) Phase 1: Mark live objects
[89.524s][info][gc,phases      ] GC(110) Phase 1: Mark live objects 111.766ms
[89.524s][info][gc,phases,start] GC(110) Phase 2: Compute new object addresses
[89.756s][info][gc,phases      ] GC(110) Phase 2: Compute new object addresses 231.431ms
[89.756s][info][gc,phases,start] GC(110) Phase 3: Adjust pointers
[89.828s][info][gc,phases      ] GC(110) Phase 3: Adjust pointers 72.231ms
[89.828s][info][gc,phases,start] GC(110) Phase 4: Move objects
[89.828s][info][gc,phases      ] GC(110) Phase 4: Move objects 0.090ms
[89.830s][info][gc,heap        ] GC(110) DefNew: 188790K(629248K)->0K(629248K) Eden: 118902K(559360K)->0K(559360K) From: 69887K(69888K)->0K(69888K)
[89.830s][info][gc,heap        ] GC(110) Tenured: 670928K(1398144K)->209602K(1398144K)
[89.830s][info][gc,metaspace   ] GC(110) Metaspace: 66989K(68096K)->66989K(68096K) NonClass: 58578K(59072K)->58578K(59072K) Class: 8411K(9024K)->8411K(9024K)
[89.830s][info][gc             ] GC(110) Pause Full (System.gc()) 839M->204M(1979M) 417.257ms
[89.830s][info][gc,cpu         ] GC(110) User=0.42s Sys=0.00s Real=0.42s
[90.134s][info][gc,start       ] GC(111) Pause Young (Allocation Failure)
[90.364s][info][gc,heap        ] GC(111) DefNew: 559360K(629248K)->69888K(629248K) Eden: 559360K(559360K)->0K(559360K) From: 0K(69888K)->69888K(69888K)
[90.364s][info][gc,heap        ] GC(111) Tenured: 209602K(1398144K)->256572K(1398144K)
[90.364s][info][gc,metaspace   ] GC(111) Metaspace: 67014K(68160K)->67014K(68160K) NonClass: 58602K(59136K)->58602K(59136K) Class: 8411K(9024K)->8411K(9024K)
[90.364s][info][gc             ] GC(111) Pause Young (Allocation Failure) 750M->318M(1979M) 229.944ms
[90.364s][info][gc,cpu         ] GC(111) User=0.23s Sys=0.00s Real=0.23s
[90.663s][info][gc,start       ] GC(112) Pause Young (Allocation Failure)
[90.984s][info][gc,heap        ] GC(112) DefNew: 629248K(629248K)->57373K(629248K) Eden: 559360K(559360K)->0K(559360K) From: 69888K(69888K)->57373K(69888K)
[90.984s][info][gc,heap        ] GC(112) Tenured: 256572K(1398144K)->312245K(1398144K)
[90.984s][info][gc,metaspace   ] GC(112) Metaspace: 67014K(68160K)->67014K(68160K) NonClass: 58602K(59136K)->58602K(59136K) Class: 8411K(9024K)->8411K(9024K)
[90.984s][info][gc             ] GC(112) Pause Young (Allocation Failure) 865M->360M(1979M) 321.111ms
[90.984s][info][gc,cpu         ] GC(112) User=0.31s Sys=0.00s Real=0.32s
[91.281s][info][gc,start       ] GC(113) Pause Young (Allocation Failure)
[91.562s][info][gc,heap        ] GC(113) DefNew: 616733K(629248K)->34445K(629248K) Eden: 559360K(559360K)->0K(559360K) From: 57373K(69888K)->34445K(69888K)
[91.562s][info][gc,heap        ] GC(113) Tenured: 312245K(1398144K)->361099K(1398144K)
[91.562s][info][gc,metaspace   ] GC(113) Metaspace: 67014K(68160K)->67014K(68160K) NonClass: 58602K(59136K)->58602K(59136K) Class: 8411K(9024K)->8411K(9024K)
[91.563s][info][gc             ] GC(113) Pause Young (Allocation Failure) 907M->386M(1979M) 281.864ms
[91.563s][info][gc,cpu         ] GC(113) User=0.28s Sys=0.00s Real=0.28s
[92.392s][info][gc,start       ] GC(114) Pause Young (Allocation Failure)
[92.775s][info][gc,heap        ] GC(114) DefNew: 593805K(629248K)->69888K(629248K) Eden: 559360K(559360K)->0K(559360K) From: 34445K(69888K)->69888K(69888K)
[92.775s][info][gc,heap        ] GC(114) Tenured: 361099K(1398144K)->434183K(1398144K)
[92.775s][info][gc,metaspace   ] GC(114) Metaspace: 67025K(68160K)->67025K(68160K) NonClass: 58613K(59136K)->58613K(59136K) Class: 8412K(9024K)->8412K(9024K)
[92.775s][info][gc             ] GC(114) Pause Young (Allocation Failure) 932M->492M(1979M) 383.180ms
[92.775s][info][gc,cpu         ] GC(114) User=0.39s Sys=0.00s Real=0.38s
[93.036s][info][gc,start       ] GC(115) Pause Young (Allocation Failure)
[93.425s][info][gc,heap        ] GC(115) DefNew: 629248K(629248K)->61901K(629248K) Eden: 559360K(559360K)->0K(559360K) From: 69888K(69888K)->61901K(69888K)
[93.425s][info][gc,heap        ] GC(115) Tenured: 434183K(1398144K)->502020K(1398144K)
[93.425s][info][gc,metaspace   ] GC(115) Metaspace: 67025K(68160K)->67025K(68160K) NonClass: 58613K(59136K)->58613K(59136K) Class: 8412K(9024K)->8412K(9024K)
[93.426s][info][gc             ] GC(115) Pause Young (Allocation Failure) 1038M->550M(1979M) 389.660ms
[93.426s][info][gc,cpu         ] GC(115) User=0.39s Sys=0.00s Real=0.40s
[93.735s][info][gc,start       ] GC(116) Pause Young (Allocation Failure)
[94.052s][info][gc,heap        ] GC(116) DefNew: 621261K(629248K)->54238K(629248K) Eden: 559360K(559360K)->0K(559360K) From: 61901K(69888K)->54238K(69888K)
[94.052s][info][gc,heap        ] GC(116) Tenured: 502020K(1398144K)->548024K(1398144K)
[94.052s][info][gc,metaspace   ] GC(116) Metaspace: 67029K(68160K)->67029K(68160K) NonClass: 58617K(59136K)->58617K(59136K) Class: 8412K(9024K)->8412K(9024K)
[94.052s][info][gc             ] GC(116) Pause Young (Allocation Failure) 1096M->588M(1979M) 316.887ms
[94.052s][info][gc,cpu         ] GC(116) User=0.33s Sys=0.00s Real=0.32s
[94.927s][info][gc,start       ] GC(117) Pause Young (Allocation Failure)
[95.265s][info][gc,heap        ] GC(117) DefNew: 613598K(629248K)->44356K(629248K) Eden: 559360K(559360K)->0K(559360K) From: 54238K(69888K)->44356K(69888K)
[95.265s][info][gc,heap        ] GC(117) Tenured: 548024K(1398144K)->595848K(1398144K)
[95.265s][info][gc,metaspace   ] GC(117) Metaspace: 67049K(68224K)->67049K(68224K) NonClass: 58637K(59200K)->58637K(59200K) Class: 8412K(9024K)->8412K(9024K)
[95.265s][info][gc             ] GC(117) Pause Young (Allocation Failure) 1134M->625M(1979M) 337.871ms
[95.265s][info][gc,cpu         ] GC(117) User=0.34s Sys=0.00s Real=0.35s
[95.797s][info][gc,start       ] GC(118) Pause Young (Allocation Failure)
[95.987s][info][gc,heap        ] GC(118) DefNew: 603716K(629248K)->33850K(629248K) Eden: 559360K(559360K)->0K(559360K) From: 44356K(69888K)->33850K(69888K)
[95.987s][info][gc,heap        ] GC(118) Tenured: 595848K(1398144K)->616096K(1398144K)
[95.987s][info][gc,metaspace   ] GC(118) Metaspace: 67104K(68288K)->67104K(68288K) NonClass: 58692K(59264K)->58692K(59264K) Class: 8412K(9024K)->8412K(9024K)
[95.988s][info][gc             ] GC(118) Pause Young (Allocation Failure) 1171M->634M(1979M) 190.384ms
[95.988s][info][gc,cpu         ] GC(118) User=0.20s Sys=0.00s Real=0.20s
[96.403s][info][gc,start       ] GC(119) Pause Young (Allocation Failure)
[96.568s][info][gc,heap        ] GC(119) DefNew: 593210K(629248K)->67027K(629248K) Eden: 559360K(559360K)->0K(559360K) From: 33850K(69888K)->67027K(69888K)
[96.568s][info][gc,heap        ] GC(119) Tenured: 616096K(1398144K)->616096K(1398144K)
[96.568s][info][gc,metaspace   ] GC(119) Metaspace: 67106K(68288K)->67106K(68288K) NonClass: 58694K(59264K)->58694K(59264K) Class: 8412K(9024K)->8412K(9024K)
[96.568s][info][gc             ] GC(119) Pause Young (Allocation Failure) 1180M->667M(1979M) 165.282ms
[96.568s][info][gc,cpu         ] GC(119) User=0.16s Sys=0.00s Real=0.16s
[97.049s][info][gc,start       ] GC(120) Pause Young (Allocation Failure)
[97.152s][info][gc,heap        ] GC(120) DefNew: 626387K(629248K)->69887K(629248K) Eden: 559360K(559360K)->0K(559360K) From: 67027K(69888K)->69887K(69888K)
[97.152s][info][gc,heap        ] GC(120) Tenured: 616096K(1398144K)->619211K(1398144K)
[97.152s][info][gc,metaspace   ] GC(120) Metaspace: 67120K(68288K)->67120K(68288K) NonClass: 58708K(59264K)->58708K(59264K) Class: 8412K(9024K)->8412K(9024K)
[97.152s][info][gc             ] GC(120) Pause Young (Allocation Failure) 1213M->672M(1979M) 102.666ms
[97.152s][info][gc,cpu         ] GC(120) User=0.09s Sys=0.00s Real=0.09s
[97.439s][info][gc,start       ] GC(121) Pause Young (Allocation Failure)
[97.574s][info][gc,heap        ] GC(121) DefNew: 629247K(629248K)->69887K(629248K) Eden: 559360K(559360K)->0K(559360K) From: 69887K(69888K)->69887K(69888K)
[97.574s][info][gc,heap        ] GC(121) Tenured: 619211K(1398144K)->651611K(1398144K)
[97.574s][info][gc,metaspace   ] GC(121) Metaspace: 67120K(68288K)->67120K(68288K) NonClass: 58708K(59264K)->58708K(59264K) Class: 8412K(9024K)->8412K(9024K)
[97.574s][info][gc             ] GC(121) Pause Young (Allocation Failure) 1219M->704M(1979M) 134.642ms
[97.574s][info][gc,cpu         ] GC(121) User=0.14s Sys=0.00s Real=0.13s
[97.659s][info][gc,start       ] GC(122) Pause Full (System.gc())
[97.659s][info][gc,phases,start] GC(122) Phase 1: Mark live objects
[97.774s][info][gc,phases      ] GC(122) Phase 1: Mark live objects 114.655ms
[97.774s][info][gc,phases,start] GC(122) Phase 2: Compute new object addresses
[97.987s][info][gc,phases      ] GC(122) Phase 2: Compute new object addresses 213.511ms
[97.987s][info][gc,phases,start] GC(122) Phase 3: Adjust pointers
[98.064s][info][gc,phases      ] GC(122) Phase 3: Adjust pointers 76.114ms
[98.064s][info][gc,phases,start] GC(122) Phase 4: Move objects
[98.108s][info][gc,phases      ] GC(122) Phase 4: Move objects 44.632ms
[98.110s][info][gc,heap        ] GC(122) DefNew: 179202K(629248K)->0K(629248K) Eden: 109314K(559360K)->0K(559360K) From: 69887K(69888K)->0K(69888K)
[98.110s][info][gc,heap        ] GC(122) Tenured: 651611K(1398144K)->148696K(1398144K)
[98.110s][info][gc,metaspace   ] GC(122) Metaspace: 67120K(68288K)->67120K(68288K) NonClass: 58708K(59264K)->58708K(59264K) Class: 8412K(9024K)->8412K(9024K)
[98.110s][info][gc             ] GC(122) Pause Full (System.gc()) 811M->145M(1979M) 450.680ms
[98.110s][info][gc,cpu         ] GC(122) User=0.45s Sys=0.00s Real=0.45s
[98.400s][info][gc,start       ] GC(123) Pause Young (Allocation Failure)
[98.615s][info][gc,heap        ] GC(123) DefNew: 559360K(629248K)->69887K(629248K) Eden: 559360K(559360K)->0K(559360K) From: 0K(69888K)->69887K(69888K)
[98.615s][info][gc,heap        ] GC(123) Tenured: 148696K(1398144K)->194864K(1398144K)
[98.615s][info][gc,metaspace   ] GC(123) Metaspace: 67124K(68288K)->67124K(68288K) NonClass: 58712K(59264K)->58712K(59264K) Class: 8412K(9024K)->8412K(9024K)
[98.615s][info][gc             ] GC(123) Pause Young (Allocation Failure) 691M->258M(1979M) 215.131ms
[98.615s][info][gc,cpu         ] GC(123) User=0.22s Sys=0.00s Real=0.22s
[98.917s][info][gc,start       ] GC(124) Pause Young (Allocation Failure)
[99.237s][info][gc,heap        ] GC(124) DefNew: 629247K(629248K)->57320K(629248K) Eden: 559360K(559360K)->0K(559360K) From: 69887K(69888K)->57320K(69888K)
[99.237s][info][gc,heap        ] GC(124) Tenured: 194864K(1398144K)->251529K(1398144K)
[99.237s][info][gc,metaspace   ] GC(124) Metaspace: 67124K(68288K)->67124K(68288K) NonClass: 58712K(59264K)->58712K(59264K) Class: 8412K(9024K)->8412K(9024K)
[99.237s][info][gc             ] GC(124) Pause Young (Allocation Failure) 804M->301M(1979M) 320.481ms
[99.237s][info][gc,cpu         ] GC(124) User=0.31s Sys=0.00s Real=0.31s
[99.535s][info][gc,start       ] GC(125) Pause Young (Allocation Failure)
[99.817s][info][gc,heap        ] GC(125) DefNew: 616680K(629248K)->34460K(629248K) Eden: 559360K(559360K)->0K(559360K) From: 57320K(69888K)->34460K(69888K)
[99.817s][info][gc,heap        ] GC(125) Tenured: 251529K(1398144K)->300319K(1398144K)
[99.817s][info][gc,metaspace   ] GC(125) Metaspace: 67124K(68288K)->67124K(68288K) NonClass: 58712K(59264K)->58712K(59264K) Class: 8412K(9024K)->8412K(9024K)
[99.817s][info][gc             ] GC(125) Pause Young (Allocation Failure) 847M->326M(1979M) 282.347ms
[99.817s][info][gc,cpu         ] GC(125) User=0.28s Sys=0.00s Real=0.28s
[100.682s][info][gc,start       ] GC(126) Pause Young (Allocation Failure)
[101.077s][info][gc,heap        ] GC(126) DefNew: 593820K(629248K)->69887K(629248K) Eden: 559360K(559360K)->0K(559360K) From: 34460K(69888K)->69887K(69888K)
[101.077s][info][gc,heap        ] GC(126) Tenured: 300319K(1398144K)->374301K(1398144K)
[101.077s][info][gc,metaspace   ] GC(126) Metaspace: 67132K(68288K)->67132K(68288K) NonClass: 58720K(59264K)->58720K(59264K) Class: 8412K(9024K)->8412K(9024K)
[101.077s][info][gc             ] GC(126) Pause Young (Allocation Failure) 873M->433M(1979M) 394.794ms
[101.077s][info][gc,cpu         ] GC(126) User=0.41s Sys=0.00s Real=0.41s
[101.342s][info][gc,start       ] GC(127) Pause Young (Allocation Failure)
[101.717s][info][gc,heap        ] GC(127) DefNew: 629247K(629248K)->61359K(629248K) Eden: 559360K(559360K)->0K(559360K) From: 69887K(69888K)->61359K(69888K)
[101.717s][info][gc,heap        ] GC(127) Tenured: 374301K(1398144K)->444186K(1398144K)
[101.717s][info][gc,metaspace   ] GC(127) Metaspace: 67133K(68288K)->67133K(68288K) NonClass: 58721K(59264K)->58721K(59264K) Class: 8412K(9024K)->8412K(9024K)
[101.717s][info][gc             ] GC(127) Pause Young (Allocation Failure) 980M->493M(1979M) 375.043ms
[101.717s][info][gc,cpu         ] GC(127) User=0.38s Sys=0.00s Real=0.37s
[102.016s][info][gc,start       ] GC(128) Pause Young (Allocation Failure)
[102.326s][info][gc,heap        ] GC(128) DefNew: 620719K(629248K)->54193K(629248K) Eden: 559360K(559360K)->0K(559360K) From: 61359K(69888K)->54193K(69888K)
[102.326s][info][gc,heap        ] GC(128) Tenured: 444186K(1398144K)->489572K(1398144K)
[102.326s][info][gc,metaspace   ] GC(128) Metaspace: 67133K(68288K)->67133K(68288K) NonClass: 58721K(59264K)->58721K(59264K) Class: 8412K(9024K)->8412K(9024K)
[102.326s][info][gc             ] GC(128) Pause Young (Allocation Failure) 1039M->531M(1979M) 310.360ms
[102.326s][info][gc,cpu         ] GC(128) User=0.31s Sys=0.00s Real=0.31s
[103.238s][info][gc,start       ] GC(129) Pause Young (Allocation Failure)
[103.574s][info][gc,heap        ] GC(129) DefNew: 613553K(629248K)->43797K(629248K) Eden: 559360K(559360K)->0K(559360K) From: 54193K(69888K)->43797K(69888K)
[103.574s][info][gc,heap        ] GC(129) Tenured: 489572K(1398144K)->537463K(1398144K)
[103.574s][info][gc,metaspace   ] GC(129) Metaspace: 67147K(68288K)->67147K(68288K) NonClass: 58735K(59264K)->58735K(59264K) Class: 8412K(9024K)->8412K(9024K)
[103.574s][info][gc             ] GC(129) Pause Young (Allocation Failure) 1077M->567M(1979M) 335.719ms
[103.574s][info][gc,cpu         ] GC(129) User=0.34s Sys=0.00s Real=0.35s
[104.126s][info][gc,start       ] GC(130) Pause Young (Allocation Failure)
[104.315s][info][gc,heap        ] GC(130) DefNew: 603157K(629248K)->33842K(629248K) Eden: 559360K(559360K)->0K(559360K) From: 43797K(69888K)->33842K(69888K)
[104.315s][info][gc,heap        ] GC(130) Tenured: 537463K(1398144K)->557195K(1398144K)
[104.315s][info][gc,metaspace   ] GC(130) Metaspace: 67166K(68288K)->67166K(68288K) NonClass: 58753K(59264K)->58753K(59264K) Class: 8413K(9024K)->8413K(9024K)
[104.315s][info][gc             ] GC(130) Pause Young (Allocation Failure) 1113M->577M(1979M) 188.998ms
[104.315s][info][gc,cpu         ] GC(130) User=0.17s Sys=0.00s Real=0.18s
[104.715s][info][gc,start       ] GC(131) Pause Young (Allocation Failure)
[104.881s][info][gc,heap        ] GC(131) DefNew: 593202K(629248K)->67884K(629248K) Eden: 559360K(559360K)->0K(559360K) From: 33842K(69888K)->67884K(69888K)
[104.881s][info][gc,heap        ] GC(131) Tenured: 557195K(1398144K)->557195K(1398144K)
[104.881s][info][gc,metaspace   ] GC(131) Metaspace: 67177K(68288K)->67177K(68288K) NonClass: 58764K(59264K)->58764K(59264K) Class: 8413K(9024K)->8413K(9024K)
[104.882s][info][gc             ] GC(131) Pause Young (Allocation Failure) 1123M->610M(1979M) 166.898ms
[104.882s][info][gc,cpu         ] GC(131) User=0.16s Sys=0.00s Real=0.16s
[105.364s][info][gc,start       ] GC(132) Pause Young (Allocation Failure)
[105.460s][info][gc,heap        ] GC(132) DefNew: 627244K(629248K)->53105K(629248K) Eden: 559360K(559360K)->0K(559360K) From: 67884K(69888K)->53105K(69888K)
[105.460s][info][gc,heap        ] GC(132) Tenured: 557195K(1398144K)->557328K(1398144K)
[105.460s][info][gc,metaspace   ] GC(132) Metaspace: 67183K(68352K)->67183K(68352K) NonClass: 58770K(59328K)->58770K(59328K) Class: 8413K(9024K)->8413K(9024K)
[105.460s][info][gc             ] GC(132) Pause Young (Allocation Failure) 1156M->596M(1979M) 96.877ms
[105.461s][info][gc,cpu         ] GC(132) User=0.09s Sys=0.00s Real=0.09s
[105.759s][info][gc,start       ] GC(133) Pause Young (Allocation Failure)
[105.894s][info][gc,heap        ] GC(133) DefNew: 612465K(629248K)->69888K(629248K) Eden: 559360K(559360K)->0K(559360K) From: 53105K(69888K)->69888K(69888K)
[105.894s][info][gc,heap        ] GC(133) Tenured: 557328K(1398144K)->592705K(1398144K)
[105.894s][info][gc,metaspace   ] GC(133) Metaspace: 67214K(68352K)->67214K(68352K) NonClass: 58801K(59328K)->58801K(59328K) Class: 8413K(9024K)->8413K(9024K)
[105.894s][info][gc             ] GC(133) Pause Young (Allocation Failure) 1142M->647M(1979M) 134.850ms
[105.894s][info][gc,cpu         ] GC(133) User=0.14s Sys=0.00s Real=0.14s
[105.967s][info][gc,start       ] GC(134) Pause Full (System.gc())
[105.968s][info][gc,phases,start] GC(134) Phase 1: Mark live objects
[106.079s][info][gc,phases      ] GC(134) Phase 1: Mark live objects 111.424ms
[106.079s][info][gc,phases,start] GC(134) Phase 2: Compute new object addresses
[106.289s][info][gc,phases      ] GC(134) Phase 2: Compute new object addresses 210.078ms
[106.289s][info][gc,phases,start] GC(134) Phase 3: Adjust pointers
[106.362s][info][gc,phases      ] GC(134) Phase 3: Adjust pointers 72.470ms
[106.362s][info][gc,phases,start] GC(134) Phase 4: Move objects
[106.362s][info][gc,phases      ] GC(134) Phase 4: Move objects 0.075ms
[106.363s][info][gc,heap        ] GC(134) DefNew: 162801K(629248K)->0K(629248K) Eden: 92913K(559360K)->0K(559360K) From: 69888K(69888K)->0K(69888K)
[106.363s][info][gc,heap        ] GC(134) Tenured: 592705K(1398144K)->203531K(1398144K)
[106.363s][info][gc,metaspace   ] GC(134) Metaspace: 67214K(68352K)->67214K(68352K) NonClass: 58801K(59328K)->58801K(59328K) Class: 8413K(9024K)->8413K(9024K)
[106.363s][info][gc             ] GC(134) Pause Full (System.gc()) 737M->198M(1979M) 395.786ms
[106.363s][info][gc,cpu         ] GC(134) User=0.39s Sys=0.00s Real=0.39s
[106.656s][info][gc,start       ] GC(135) Pause Young (Allocation Failure)
[106.905s][info][gc,heap        ] GC(135) DefNew: 559360K(629248K)->69887K(629248K) Eden: 559360K(559360K)->0K(559360K) From: 0K(69888K)->69887K(69888K)
[106.905s][info][gc,heap        ] GC(135) Tenured: 203531K(1398144K)->249754K(1398144K)
[106.905s][info][gc,metaspace   ] GC(135) Metaspace: 67221K(68352K)->67221K(68352K) NonClass: 58808K(59328K)->58808K(59328K) Class: 8413K(9024K)->8413K(9024K)
[106.905s][info][gc             ] GC(135) Pause Young (Allocation Failure) 745M->312M(1979M) 248.833ms
[106.905s][info][gc,cpu         ] GC(135) User=0.25s Sys=0.00s Real=0.25s
[107.203s][info][gc,start       ] GC(136) Pause Young (Allocation Failure)
[107.532s][info][gc,heap        ] GC(136) DefNew: 629247K(629248K)->57275K(629248K) Eden: 559360K(559360K)->0K(559360K) From: 69887K(69888K)->57275K(69888K)
[107.532s][info][gc,heap        ] GC(136) Tenured: 249754K(1398144K)->306410K(1398144K)
[107.532s][info][gc,metaspace   ] GC(136) Metaspace: 67221K(68352K)->67221K(68352K) NonClass: 58808K(59328K)->58808K(59328K) Class: 8413K(9024K)->8413K(9024K)
[107.532s][info][gc             ] GC(136) Pause Young (Allocation Failure) 858M->355M(1979M) 329.036ms
[107.532s][info][gc,cpu         ] GC(136) User=0.33s Sys=0.00s Real=0.33s
[107.831s][info][gc,start       ] GC(137) Pause Young (Allocation Failure)
[108.111s][info][gc,heap        ] GC(137) DefNew: 616635K(629248K)->34297K(629248K) Eden: 559360K(559360K)->0K(559360K) From: 57275K(69888K)->34297K(69888K)
[108.111s][info][gc,heap        ] GC(137) Tenured: 306410K(1398144K)->355185K(1398144K)
[108.111s][info][gc,metaspace   ] GC(137) Metaspace: 67221K(68352K)->67221K(68352K) NonClass: 58808K(59328K)->58808K(59328K) Class: 8413K(9024K)->8413K(9024K)
[108.111s][info][gc             ] GC(137) Pause Young (Allocation Failure) 901M->380M(1979M) 279.985ms
[108.112s][info][gc,cpu         ] GC(137) User=0.28s Sys=0.00s Real=0.28s
[108.966s][info][gc,start       ] GC(138) Pause Young (Allocation Failure)
[109.357s][info][gc,heap        ] GC(138) DefNew: 593657K(629248K)->69888K(629248K) Eden: 559360K(559360K)->0K(559360K) From: 34297K(69888K)->69888K(69888K)
[109.357s][info][gc,heap        ] GC(138) Tenured: 355185K(1398144K)->428250K(1398144K)
[109.357s][info][gc,metaspace   ] GC(138) Metaspace: 67241K(68352K)->67241K(68352K) NonClass: 58827K(59328K)->58827K(59328K) Class: 8414K(9024K)->8414K(9024K)
[109.358s][info][gc             ] GC(138) Pause Young (Allocation Failure) 926M->486M(1979M) 392.035ms
[109.358s][info][gc,cpu         ] GC(138) User=0.39s Sys=0.00s Real=0.39s
[109.630s][info][gc,start       ] GC(139) Pause Young (Allocation Failure)
[110.002s][info][gc,heap        ] GC(139) DefNew: 629248K(629248K)->61754K(629248K) Eden: 559360K(559360K)->0K(559360K) From: 69888K(69888K)->61754K(69888K)
[110.002s][info][gc,heap        ] GC(139) Tenured: 428250K(1398144K)->498136K(1398144K)
[110.002s][info][gc,metaspace   ] GC(139) Metaspace: 67245K(68352K)->67245K(68352K) NonClass: 58831K(59328K)->58831K(59328K) Class: 8414K(9024K)->8414K(9024K)
[110.002s][info][gc             ] GC(139) Pause Young (Allocation Failure) 1032M->546M(1979M) 371.877ms
[110.002s][info][gc,cpu         ] GC(139) User=0.34s Sys=0.00s Real=0.36s
[110.298s][info][gc,start       ] GC(140) Pause Young (Allocation Failure)
[110.609s][info][gc,heap        ] GC(140) DefNew: 621114K(629248K)->54218K(629248K) Eden: 559360K(559360K)->0K(559360K) From: 61754K(69888K)->54218K(69888K)
[110.609s][info][gc,heap        ] GC(140) Tenured: 498136K(1398144K)->544008K(1398144K)
[110.609s][info][gc,metaspace   ] GC(140) Metaspace: 67245K(68352K)->67245K(68352K) NonClass: 58831K(59328K)->58831K(59328K) Class: 8414K(9024K)->8414K(9024K)
[110.610s][info][gc             ] GC(140) Pause Young (Allocation Failure) 1093M->584M(1979M) 311.151ms
[110.610s][info][gc,cpu         ] GC(140) User=0.31s Sys=0.00s Real=0.31s
[111.500s][info][gc,start       ] GC(141) Pause Young (Allocation Failure)
[111.885s][info][gc,heap        ] GC(141) DefNew: 613578K(629248K)->52364K(629248K) Eden: 559360K(559360K)->0K(559360K) From: 54218K(69888K)->52364K(69888K)
[111.885s][info][gc,heap        ] GC(141) Tenured: 544008K(1398144K)->591812K(1398144K)
[111.885s][info][gc,metaspace   ] GC(141) Metaspace: 67256K(68416K)->67256K(68416K) NonClass: 58842K(59392K)->58842K(59392K) Class: 8414K(9024K)->8414K(9024K)
[111.885s][info][gc             ] GC(141) Pause Young (Allocation Failure) 1130M->629M(1979M) 385.071ms
[111.885s][info][gc,cpu         ] GC(141) User=0.39s Sys=0.00s Real=0.39s
[112.431s][info][gc,start       ] GC(142) Pause Young (Allocation Failure)
[112.624s][info][gc,heap        ] GC(142) DefNew: 611724K(629248K)->33843K(629248K) Eden: 559360K(559360K)->0K(559360K) From: 52364K(69888K)->33843K(69888K)
[112.624s][info][gc,heap        ] GC(142) Tenured: 591812K(1398144K)->612105K(1398144K)
[112.624s][info][gc,metaspace   ] GC(142) Metaspace: 67311K(68416K)->67311K(68416K) NonClass: 58897K(59392K)->58897K(59392K) Class: 8414K(9024K)->8414K(9024K)
[112.624s][info][gc             ] GC(142) Pause Young (Allocation Failure) 1175M->630M(1979M) 193.001ms
[112.624s][info][gc,cpu         ] GC(142) User=0.19s Sys=0.00s Real=0.19s
[113.100s][info][gc,start       ] GC(143) Pause Young (Allocation Failure)
[113.261s][info][gc,heap        ] GC(143) DefNew: 593203K(629248K)->66983K(629248K) Eden: 559360K(559360K)->0K(559360K) From: 33843K(69888K)->66983K(69888K)
[113.261s][info][gc,heap        ] GC(143) Tenured: 612105K(1398144K)->612105K(1398144K)
[113.261s][info][gc,metaspace   ] GC(143) Metaspace: 67323K(68480K)->67323K(68480K) NonClass: 58909K(59456K)->58909K(59456K) Class: 8414K(9024K)->8414K(9024K)
[113.261s][info][gc             ] GC(143) Pause Young (Allocation Failure) 1177M->663M(1979M) 161.736ms
[113.262s][info][gc,cpu         ] GC(143) User=0.17s Sys=0.00s Real=0.17s
[113.713s][info][gc,start       ] GC(144) Pause Young (Allocation Failure)
[113.819s][info][gc,heap        ] GC(144) DefNew: 626343K(629248K)->69887K(629248K) Eden: 559360K(559360K)->0K(559360K) From: 66983K(69888K)->69887K(69888K)
[113.819s][info][gc,heap        ] GC(144) Tenured: 612105K(1398144K)->633262K(1398144K)
[113.819s][info][gc,metaspace   ] GC(144) Metaspace: 67332K(68480K)->67332K(68480K) NonClass: 58917K(59456K)->58917K(59456K) Class: 8414K(9024K)->8414K(9024K)
[113.819s][info][gc             ] GC(144) Pause Young (Allocation Failure) 1209M->686M(1979M) 105.709ms
[113.819s][info][gc,cpu         ] GC(144) User=0.11s Sys=0.00s Real=0.11s
[114.096s][info][gc,start       ] GC(145) Pause Young (Allocation Failure)
[114.230s][info][gc,heap        ] GC(145) DefNew: 629247K(629248K)->69888K(629248K) Eden: 559360K(559360K)->0K(559360K) From: 69887K(69888K)->69888K(69888K)
[114.230s][info][gc,heap        ] GC(145) Tenured: 633262K(1398144K)->665106K(1398144K)
[114.230s][info][gc,metaspace   ] GC(145) Metaspace: 67332K(68480K)->67332K(68480K) NonClass: 58918K(59456K)->58918K(59456K) Class: 8414K(9024K)->8414K(9024K)
[114.231s][info][gc             ] GC(145) Pause Young (Allocation Failure) 1232M->717M(1979M) 134.771ms
[114.231s][info][gc,cpu         ] GC(145) User=0.14s Sys=0.00s Real=0.14s
[114.332s][info][gc,start       ] GC(146) Pause Full (System.gc())
[114.332s][info][gc,phases,start] GC(146) Phase 1: Mark live objects
[114.446s][info][gc,phases      ] GC(146) Phase 1: Mark live objects 113.781ms
[114.446s][info][gc,phases,start] GC(146) Phase 2: Compute new object addresses
[114.667s][info][gc,phases      ] GC(146) Phase 2: Compute new object addresses 221.242ms
[114.667s][info][gc,phases,start] GC(146) Phase 3: Adjust pointers
[114.741s][info][gc,phases      ] GC(146) Phase 3: Adjust pointers 73.456ms
[114.741s][info][gc,phases,start] GC(146) Phase 4: Move objects
[114.741s][info][gc,phases      ] GC(146) Phase 4: Move objects 0.088ms
[114.742s][info][gc,heap        ] GC(146) DefNew: 200213K(629248K)->0K(629248K) Eden: 130325K(559360K)->0K(559360K) From: 69888K(69888K)->0K(69888K)
[114.742s][info][gc,heap        ] GC(146) Tenured: 665106K(1398144K)->203739K(1398144K)
[114.742s][info][gc,metaspace   ] GC(146) Metaspace: 67332K(68480K)->67332K(68480K) NonClass: 58918K(59456K)->58918K(59456K) Class: 8414K(9024K)->8414K(9024K)
[114.742s][info][gc             ] GC(146) Pause Full (System.gc()) 845M->198M(1979M) 410.267ms
[114.742s][info][gc,cpu         ] GC(146) User=0.41s Sys=0.00s Real=0.41s
[115.056s][info][gc,start       ] GC(147) Pause Young (Allocation Failure)
[115.285s][info][gc,heap        ] GC(147) DefNew: 559360K(629248K)->69887K(629248K) Eden: 559360K(559360K)->0K(559360K) From: 0K(69888K)->69887K(69888K)
[115.285s][info][gc,heap        ] GC(147) Tenured: 203739K(1398144K)->250212K(1398144K)
[115.285s][info][gc,metaspace   ] GC(147) Metaspace: 67350K(68480K)->67350K(68480K) NonClass: 58935K(59456K)->58935K(59456K) Class: 8414K(9024K)->8414K(9024K)
[115.285s][info][gc             ] GC(147) Pause Young (Allocation Failure) 745M->312M(1979M) 229.157ms
[115.285s][info][gc,cpu         ] GC(147) User=0.23s Sys=0.00s Real=0.23s
[115.589s][info][gc,start       ] GC(148) Pause Young (Allocation Failure)
[115.908s][info][gc,heap        ] GC(148) DefNew: 629247K(629248K)->57193K(629248K) Eden: 559360K(559360K)->0K(559360K) From: 69887K(69888K)->57193K(69888K)
[115.909s][info][gc,heap        ] GC(148) Tenured: 250212K(1398144K)->306836K(1398144K)
[115.909s][info][gc,metaspace   ] GC(148) Metaspace: 67350K(68480K)->67350K(68480K) NonClass: 58935K(59456K)->58935K(59456K) Class: 8414K(9024K)->8414K(9024K)
[115.909s][info][gc             ] GC(148) Pause Young (Allocation Failure) 858M->355M(1979M) 319.097ms
[115.909s][info][gc,cpu         ] GC(148) User=0.33s Sys=0.00s Real=0.33s
[116.207s][info][gc,start       ] GC(149) Pause Young (Allocation Failure)
[116.485s][info][gc,heap        ] GC(149) DefNew: 616553K(629248K)->34370K(629248K) Eden: 559360K(559360K)->0K(559360K) From: 57193K(69888K)->34370K(69888K)
[116.486s][info][gc,heap        ] GC(149) Tenured: 306836K(1398144K)->355515K(1398144K)
[116.486s][info][gc,metaspace   ] GC(149) Metaspace: 67350K(68480K)->67350K(68480K) NonClass: 58935K(59456K)->58935K(59456K) Class: 8414K(9024K)->8414K(9024K)
[116.486s][info][gc             ] GC(149) Pause Young (Allocation Failure) 901M->380M(1979M) 279.056ms
[116.486s][info][gc,cpu         ] GC(149) User=0.28s Sys=0.00s Real=0.28s
[117.336s][info][gc,start       ] GC(150) Pause Young (Allocation Failure)
[117.732s][info][gc,heap        ] GC(150) DefNew: 593730K(629248K)->69888K(629248K) Eden: 559360K(559360K)->0K(559360K) From: 34370K(69888K)->69888K(69888K)
[117.732s][info][gc,heap        ] GC(150) Tenured: 355515K(1398144K)->429368K(1398144K)
[117.732s][info][gc,metaspace   ] GC(150) Metaspace: 67357K(68480K)->67357K(68480K) NonClass: 58942K(59456K)->58942K(59456K) Class: 8414K(9024K)->8414K(9024K)
[117.732s][info][gc             ] GC(150) Pause Young (Allocation Failure) 926M->487M(1979M) 396.232ms
[117.732s][info][gc,cpu         ] GC(150) User=0.41s Sys=0.00s Real=0.41s
[117.998s][info][gc,start       ] GC(151) Pause Young (Allocation Failure)
[118.385s][info][gc,heap        ] GC(151) DefNew: 629248K(629248K)->61476K(629248K) Eden: 559360K(559360K)->0K(559360K) From: 69888K(69888K)->61476K(69888K)
[118.385s][info][gc,heap        ] GC(151) Tenured: 429368K(1398144K)->499255K(1398144K)
[118.385s][info][gc,metaspace   ] GC(151) Metaspace: 67357K(68480K)->67357K(68480K) NonClass: 58942K(59456K)->58942K(59456K) Class: 8414K(9024K)->8414K(9024K)
[118.385s][info][gc             ] GC(151) Pause Young (Allocation Failure) 1033M->547M(1979M) 387.236ms
[118.385s][info][gc,cpu         ] GC(151) User=0.39s Sys=0.00s Real=0.39s
[118.692s][info][gc,start       ] GC(152) Pause Young (Allocation Failure)
[119.000s][info][gc,heap        ] GC(152) DefNew: 620836K(629248K)->54008K(629248K) Eden: 559360K(559360K)->0K(559360K) From: 61476K(69888K)->54008K(69888K)
[119.001s][info][gc,heap        ] GC(152) Tenured: 499255K(1398144K)->544764K(1398144K)
[119.001s][info][gc,metaspace   ] GC(152) Metaspace: 67357K(68480K)->67357K(68480K) NonClass: 58942K(59456K)->58942K(59456K) Class: 8414K(9024K)->8414K(9024K)
[119.001s][info][gc             ] GC(152) Pause Young (Allocation Failure) 1093M->584M(1979M) 308.888ms
[119.001s][info][gc,cpu         ] GC(152) User=0.31s Sys=0.00s Real=0.31s
[119.960s][info][gc,start       ] GC(153) Pause Young (Allocation Failure)
[120.297s][info][gc,heap        ] GC(153) DefNew: 613368K(629248K)->43849K(629248K) Eden: 559360K(559360K)->0K(559360K) From: 54008K(69888K)->43849K(69888K)
[120.297s][info][gc,heap        ] GC(153) Tenured: 544764K(1398144K)->592502K(1398144K)
[120.297s][info][gc,metaspace   ] GC(153) Metaspace: 67374K(68480K)->67374K(68480K) NonClass: 58959K(59456K)->58959K(59456K) Class: 8414K(9024K)->8414K(9024K)
[120.297s][info][gc             ] GC(153) Pause Young (Allocation Failure) 1130M->621M(1979M) 336.721ms
[120.297s][info][gc,cpu         ] GC(153) User=0.34s Sys=0.00s Real=0.34s
[121.023s][info][gc,start       ] GC(154) Pause Young (Allocation Failure)
[121.217s][info][gc,heap        ] GC(154) DefNew: 603209K(629248K)->33861K(629248K) Eden: 559360K(559360K)->0K(559360K) From: 43849K(69888K)->33861K(69888K)
[121.217s][info][gc,heap        ] GC(154) Tenured: 592502K(1398144K)->612288K(1398144K)
[121.217s][info][gc,metaspace   ] GC(154) Metaspace: 67411K(68544K)->67411K(68544K) NonClass: 58996K(59520K)->58996K(59520K) Class: 8415K(9024K)->8415K(9024K)
[121.218s][info][gc             ] GC(154) Pause Young (Allocation Failure) 1167M->631M(1979M) 194.906ms
[121.218s][info][gc,cpu         ] GC(154) User=0.19s Sys=0.00s Real=0.19s
[121.682s][info][gc,start       ] GC(155) Pause Young (Allocation Failure)
[121.847s][info][gc,heap        ] GC(155) DefNew: 593221K(629248K)->67013K(629248K) Eden: 559360K(559360K)->0K(559360K) From: 33861K(69888K)->67013K(69888K)
[121.848s][info][gc,heap        ] GC(155) Tenured: 612288K(1398144K)->612288K(1398144K)
[121.848s][info][gc,metaspace   ] GC(155) Metaspace: 67416K(68544K)->67416K(68544K) NonClass: 59000K(59520K)->59000K(59520K) Class: 8415K(9024K)->8415K(9024K)
[121.848s][info][gc             ] GC(155) Pause Young (Allocation Failure) 1177M->663M(1979M) 166.093ms
[121.848s][info][gc,cpu         ] GC(155) User=0.16s Sys=0.00s Real=0.17s
[122.325s][info][gc,start       ] GC(156) Pause Young (Allocation Failure)
[122.440s][info][gc,heap        ] GC(156) DefNew: 626373K(629248K)->69888K(629248K) Eden: 559360K(559360K)->0K(559360K) From: 67013K(69888K)->69888K(69888K)
[122.440s][info][gc,heap        ] GC(156) Tenured: 612288K(1398144K)->618416K(1398144K)
[122.440s][info][gc,metaspace   ] GC(156) Metaspace: 67416K(68544K)->67416K(68544K) NonClass: 59001K(59520K)->59001K(59520K) Class: 8415K(9024K)->8415K(9024K)
[122.440s][info][gc             ] GC(156) Pause Young (Allocation Failure) 1209M->672M(1979M) 115.284ms
[122.440s][info][gc,cpu         ] GC(156) User=0.13s Sys=0.00s Real=0.11s
[122.730s][info][gc,start       ] GC(157) Pause Young (Allocation Failure)
[122.858s][info][gc,heap        ] GC(157) DefNew: 629248K(629248K)->69887K(629248K) Eden: 559360K(559360K)->0K(559360K) From: 69888K(69888K)->69887K(69888K)
[122.858s][info][gc,heap        ] GC(157) Tenured: 618416K(1398144K)->647808K(1398144K)
[122.858s][info][gc,metaspace   ] GC(157) Metaspace: 67422K(68544K)->67422K(68544K) NonClass: 59007K(59520K)->59007K(59520K) Class: 8415K(9024K)->8415K(9024K)
[122.858s][info][gc             ] GC(157) Pause Young (Allocation Failure) 1218M->700M(1979M) 128.016ms
[122.858s][info][gc,cpu         ] GC(157) User=0.13s Sys=0.00s Real=0.13s
[122.933s][info][gc,start       ] GC(158) Pause Full (System.gc())
[122.933s][info][gc,phases,start] GC(158) Phase 1: Mark live objects
[123.048s][info][gc,phases      ] GC(158) Phase 1: Mark live objects 115.036ms
[123.048s][info][gc,phases,start] GC(158) Phase 2: Compute new object addresses
[123.259s][info][gc,phases      ] GC(158) Phase 2: Compute new object addresses 210.881ms
[123.259s][info][gc,phases,start] GC(158) Phase 3: Adjust pointers
[123.333s][info][gc,phases      ] GC(158) Phase 3: Adjust pointers 73.909ms
[123.333s][info][gc,phases,start] GC(158) Phase 4: Move objects
[123.333s][info][gc,phases      ] GC(158) Phase 4: Move objects 0.091ms
[123.335s][info][gc,heap        ] GC(158) DefNew: 166628K(629248K)->0K(629248K) Eden: 96740K(559360K)->0K(559360K) From: 69887K(69888K)->0K(69888K)
[123.335s][info][gc,heap        ] GC(158) Tenured: 647808K(1398144K)->203951K(1398144K)
[123.335s][info][gc,metaspace   ] GC(158) Metaspace: 67422K(68544K)->67422K(68544K) NonClass: 59007K(59520K)->59007K(59520K) Class: 8415K(9024K)->8415K(9024K)
[123.335s][info][gc             ] GC(158) Pause Full (System.gc()) 795M->199M(1979M) 401.677ms
[123.335s][info][gc,cpu         ] GC(158) User=0.39s Sys=0.00s Real=0.40s
[123.647s][info][gc,start       ] GC(159) Pause Young (Allocation Failure)
[123.883s][info][gc,heap        ] GC(159) DefNew: 559360K(629248K)->69887K(629248K) Eden: 559360K(559360K)->0K(559360K) From: 0K(69888K)->69887K(69888K)
[123.883s][info][gc,heap        ] GC(159) Tenured: 203951K(1398144K)->250261K(1398144K)
[123.883s][info][gc,metaspace   ] GC(159) Metaspace: 67434K(68544K)->67434K(68544K) NonClass: 59018K(59520K)->59018K(59520K) Class: 8415K(9024K)->8415K(9024K)
[123.883s][info][gc             ] GC(159) Pause Young (Allocation Failure) 745M->312M(1979M) 236.122ms
[123.883s][info][gc,cpu         ] GC(159) User=0.23s Sys=0.00s Real=0.23s
[124.178s][info][gc,start       ] GC(160) Pause Young (Allocation Failure)
[124.499s][info][gc,heap        ] GC(160) DefNew: 629247K(629248K)->57314K(629248K) Eden: 559360K(559360K)->0K(559360K) From: 69887K(69888K)->57314K(69888K)
[124.499s][info][gc,heap        ] GC(160) Tenured: 250261K(1398144K)->306902K(1398144K)
[124.499s][info][gc,metaspace   ] GC(160) Metaspace: 67434K(68544K)->67434K(68544K) NonClass: 59018K(59520K)->59018K(59520K) Class: 8415K(9024K)->8415K(9024K)
[124.499s][info][gc             ] GC(160) Pause Young (Allocation Failure) 858M->355M(1979M) 321.355ms
[124.499s][info][gc,cpu         ] GC(160) User=0.31s Sys=0.00s Real=0.31s
[124.797s][info][gc,start       ] GC(161) Pause Young (Allocation Failure)
[125.071s][info][gc,heap        ] GC(161) DefNew: 616674K(629248K)->34392K(629248K) Eden: 559360K(559360K)->0K(559360K) From: 57314K(69888K)->34392K(69888K)
[125.071s][info][gc,heap        ] GC(161) Tenured: 306902K(1398144K)->355691K(1398144K)
[125.071s][info][gc,metaspace   ] GC(161) Metaspace: 67434K(68544K)->67434K(68544K) NonClass: 59018K(59520K)->59018K(59520K) Class: 8415K(9024K)->8415K(9024K)
[125.071s][info][gc             ] GC(161) Pause Young (Allocation Failure) 901M->380M(1979M) 273.781ms
[125.071s][info][gc,cpu         ] GC(161) User=0.27s Sys=0.00s Real=0.27s
[125.903s][info][gc,start       ] GC(162) Pause Young (Allocation Failure)
[126.283s][info][gc,heap        ] GC(162) DefNew: 593752K(629248K)->69887K(629248K) Eden: 559360K(559360K)->0K(559360K) From: 34392K(69888K)->69887K(69888K)
[126.283s][info][gc,heap        ] GC(162) Tenured: 355691K(1398144K)->429347K(1398144K)
[126.283s][info][gc,metaspace   ] GC(162) Metaspace: 67554K(68672K)->67554K(68672K) NonClass: 59139K(59648K)->59139K(59648K) Class: 8415K(9024K)->8415K(9024K)
[126.284s][info][gc             ] GC(162) Pause Young (Allocation Failure) 927M->487M(1979M) 380.090ms
[126.284s][info][gc,cpu         ] GC(162) User=0.39s Sys=0.00s Real=0.38s
[126.548s][info][gc,start       ] GC(163) Pause Young (Allocation Failure)
[126.916s][info][gc,heap        ] GC(163) DefNew: 629247K(629248K)->61436K(629248K) Eden: 559360K(559360K)->0K(559360K) From: 69887K(69888K)->61436K(69888K)
[126.916s][info][gc,heap        ] GC(163) Tenured: 429347K(1398144K)->499233K(1398144K)
[126.916s][info][gc,metaspace   ] GC(163) Metaspace: 67555K(68672K)->67555K(68672K) NonClass: 59139K(59648K)->59139K(59648K) Class: 8415K(9024K)->8415K(9024K)
[126.916s][info][gc             ] GC(163) Pause Young (Allocation Failure) 1033M->547M(1979M) 368.411ms
[126.916s][info][gc,cpu         ] GC(163) User=0.36s Sys=0.00s Real=0.37s
[127.209s][info][gc,start       ] GC(164) Pause Young (Allocation Failure)
[127.515s][info][gc,heap        ] GC(164) DefNew: 620796K(629248K)->54097K(629248K) Eden: 559360K(559360K)->0K(559360K) From: 61436K(69888K)->54097K(69888K)
[127.515s][info][gc,heap        ] GC(164) Tenured: 499233K(1398144K)->544734K(1398144K)
[127.515s][info][gc,metaspace   ] GC(164) Metaspace: 67555K(68672K)->67555K(68672K) NonClass: 59139K(59648K)->59139K(59648K) Class: 8415K(9024K)->8415K(9024K)
[127.515s][info][gc             ] GC(164) Pause Young (Allocation Failure) 1093M->584M(1979M) 305.968ms
[127.515s][info][gc,cpu         ] GC(164) User=0.31s Sys=0.00s Real=0.31s
[128.404s][info][gc,start       ] GC(165) Pause Young (Allocation Failure)
[128.777s][info][gc,heap        ] GC(165) DefNew: 613457K(629248K)->52072K(629248K) Eden: 559360K(559360K)->0K(559360K) From: 54097K(69888K)->52072K(69888K)
[128.777s][info][gc,heap        ] GC(165) Tenured: 544734K(1398144K)->592495K(1398144K)
[128.777s][info][gc,metaspace   ] GC(165) Metaspace: 67576K(68672K)->67576K(68672K) NonClass: 59160K(59648K)->59160K(59648K) Class: 8415K(9024K)->8415K(9024K)
[128.777s][info][gc             ] GC(165) Pause Young (Allocation Failure) 1131M->629M(1979M) 373.528ms
[128.777s][info][gc,cpu         ] GC(165) User=0.38s Sys=0.00s Real=0.38s
[129.329s][info][gc,start       ] GC(166) Pause Young (Allocation Failure)
[129.512s][info][gc,heap        ] GC(166) DefNew: 611432K(629248K)->33857K(629248K) Eden: 559360K(559360K)->0K(559360K) From: 52072K(69888K)->33857K(69888K)
[129.512s][info][gc,heap        ] GC(166) Tenured: 592495K(1398144K)->612497K(1398144K)
[129.512s][info][gc,metaspace   ] GC(166) Metaspace: 67674K(68800K)->67674K(68800K) NonClass: 59257K(59776K)->59257K(59776K) Class: 8416K(9024K)->8416K(9024K)
[129.512s][info][gc             ] GC(166) Pause Young (Allocation Failure) 1175M->631M(1979M) 182.868ms
[129.512s][info][gc,cpu         ] GC(166) User=0.19s Sys=0.00s Real=0.19s
[129.942s][info][gc,start       ] GC(167) Pause Young (Allocation Failure)
[130.106s][info][gc,heap        ] GC(167) DefNew: 593217K(629248K)->66879K(629248K) Eden: 559360K(559360K)->0K(559360K) From: 33857K(69888K)->66879K(69888K)
[130.106s][info][gc,heap        ] GC(167) Tenured: 612497K(1398144K)->612497K(1398144K)
[130.106s][info][gc,metaspace   ] GC(167) Metaspace: 67691K(68800K)->67691K(68800K) NonClass: 59274K(59776K)->59274K(59776K) Class: 8416K(9024K)->8416K(9024K)
[130.106s][info][gc             ] GC(167) Pause Young (Allocation Failure) 1177M->663M(1979M) 163.612ms
[130.106s][info][gc,cpu         ] GC(167) User=0.17s Sys=0.00s Real=0.17s
[130.661s][info][gc,start       ] GC(168) Pause Young (Allocation Failure)
[130.758s][info][gc,heap        ] GC(168) DefNew: 624892K(629248K)->53532K(629248K) Eden: 558012K(559360K)->0K(559360K) From: 66879K(69888K)->53532K(69888K)
[130.758s][info][gc,heap        ] GC(168) Tenured: 612497K(1398144K)->612634K(1398144K)
[130.758s][info][gc,metaspace   ] GC(168) Metaspace: 67722K(68800K)->67722K(68800K) NonClass: 59305K(59776K)->59305K(59776K) Class: 8416K(9024K)->8416K(9024K)
[130.758s][info][gc             ] GC(168) Pause Young (Allocation Failure) 1208M->650M(1979M) 97.676ms
[130.758s][info][gc,cpu         ] GC(168) User=0.09s Sys=0.00s Real=0.09s
[131.060s][info][gc,start       ] GC(169) Pause Young (Allocation Failure)
[131.194s][info][gc,heap        ] GC(169) DefNew: 612892K(629248K)->69888K(629248K) Eden: 559360K(559360K)->0K(559360K) From: 53532K(69888K)->69888K(69888K)
[131.194s][info][gc,heap        ] GC(169) Tenured: 612634K(1398144K)->648014K(1398144K)
[131.194s][info][gc,metaspace   ] GC(169) Metaspace: 67722K(68800K)->67722K(68800K) NonClass: 59305K(59776K)->59305K(59776K) Class: 8416K(9024K)->8416K(9024K)
[131.194s][info][gc             ] GC(169) Pause Young (Allocation Failure) 1196M->701M(1979M) 133.227ms
[131.194s][info][gc,cpu         ] GC(169) User=0.14s Sys=0.00s Real=0.14s
[131.273s][info][gc,start       ] GC(170) Pause Full (System.gc())
[131.273s][info][gc,phases,start] GC(170) Phase 1: Mark live objects
[131.385s][info][gc,phases      ] GC(170) Phase 1: Mark live objects 112.270ms
[131.385s][info][gc,phases,start] GC(170) Phase 2: Compute new object addresses
[131.595s][info][gc,phases      ] GC(170) Phase 2: Compute new object addresses 209.853ms
[131.595s][info][gc,phases,start] GC(170) Phase 3: Adjust pointers
[131.672s][info][gc,phases      ] GC(170) Phase 3: Adjust pointers 76.678ms
[131.672s][info][gc,phases,start] GC(170) Phase 4: Move objects
[131.715s][info][gc,phases      ] GC(170) Phase 4: Move objects 43.485ms
[131.717s][info][gc,heap        ] GC(170) DefNew: 162745K(629248K)->0K(629248K) Eden: 92857K(559360K)->0K(559360K) From: 69888K(69888K)->0K(69888K)
[131.717s][info][gc,heap        ] GC(170) Tenured: 648014K(1398144K)->149019K(1398144K)
[131.717s][info][gc,metaspace   ] GC(170) Metaspace: 67722K(68800K)->67722K(68800K) NonClass: 59305K(59776K)->59305K(59776K) Class: 8416K(9024K)->8416K(9024K)
[131.717s][info][gc             ] GC(170) Pause Full (System.gc()) 791M->145M(1979M) 444.110ms
[131.717s][info][gc,cpu         ] GC(170) User=0.45s Sys=0.00s Real=0.44s
[132.042s][info][gc,start       ] GC(171) Pause Young (Allocation Failure)
[132.271s][info][gc,heap        ] GC(171) DefNew: 559360K(629248K)->69887K(629248K) Eden: 559360K(559360K)->0K(559360K) From: 0K(69888K)->69887K(69888K)
[132.271s][info][gc,heap        ] GC(171) Tenured: 149019K(1398144K)->196421K(1398144K)
[132.271s][info][gc,metaspace   ] GC(171) Metaspace: 67730K(68864K)->67730K(68864K) NonClass: 59313K(59840K)->59313K(59840K) Class: 8416K(9024K)->8416K(9024K)
[132.271s][info][gc             ] GC(171) Pause Young (Allocation Failure) 691M->260M(1979M) 229.357ms
[132.271s][info][gc,cpu         ] GC(171) User=0.23s Sys=0.00s Real=0.23s
[132.568s][info][gc,start       ] GC(172) Pause Young (Allocation Failure)
[132.886s][info][gc,heap        ] GC(172) DefNew: 629247K(629248K)->57165K(629248K) Eden: 559360K(559360K)->0K(559360K) From: 69887K(69888K)->57165K(69888K)
[132.886s][info][gc,heap        ] GC(172) Tenured: 196421K(1398144K)->252029K(1398144K)
[132.886s][info][gc,metaspace   ] GC(172) Metaspace: 67730K(68864K)->67730K(68864K) NonClass: 59313K(59840K)->59313K(59840K) Class: 8416K(9024K)->8416K(9024K)
[132.886s][info][gc             ] GC(172) Pause Young (Allocation Failure) 806M->301M(1979M) 317.526ms
[132.886s][info][gc,cpu         ] GC(172) User=0.31s Sys=0.00s Real=0.32s
[133.178s][info][gc,start       ] GC(173) Pause Young (Allocation Failure)
[133.460s][info][gc,heap        ] GC(173) DefNew: 616525K(629248K)->34333K(629248K) Eden: 559360K(559360K)->0K(559360K) From: 57165K(69888K)->34333K(69888K)
[133.460s][info][gc,heap        ] GC(173) Tenured: 252029K(1398144K)->300708K(1398144K)
[133.460s][info][gc,metaspace   ] GC(173) Metaspace: 67730K(68864K)->67730K(68864K) NonClass: 59313K(59840K)->59313K(59840K) Class: 8416K(9024K)->8416K(9024K)
[133.460s][info][gc             ] GC(173) Pause Young (Allocation Failure) 848M->327M(1979M) 282.151ms
[133.460s][info][gc,cpu         ] GC(173) User=0.28s Sys=0.00s Real=0.28s
[134.289s][info][gc,start       ] GC(174) Pause Young (Allocation Failure)
[134.686s][info][gc,heap        ] GC(174) DefNew: 593693K(629248K)->69888K(629248K) Eden: 559360K(559360K)->0K(559360K) From: 34333K(69888K)->69888K(69888K)
[134.686s][info][gc,heap        ] GC(174) Tenured: 300708K(1398144K)->373849K(1398144K)
[134.686s][info][gc,metaspace   ] GC(174) Metaspace: 67746K(68864K)->67746K(68864K) NonClass: 59329K(59840K)->59329K(59840K) Class: 8416K(9024K)->8416K(9024K)
[134.686s][info][gc             ] GC(174) Pause Young (Allocation Failure) 873M->433M(1979M) 397.493ms
[134.686s][info][gc,cpu         ] GC(174) User=0.39s Sys=0.00s Real=0.40s
[134.945s][info][gc,start       ] GC(175) Pause Young (Allocation Failure)
[135.322s][info][gc,heap        ] GC(175) DefNew: 629248K(629248K)->61661K(629248K) Eden: 559360K(559360K)->0K(559360K) From: 69888K(69888K)->61661K(69888K)
[135.323s][info][gc,heap        ] GC(175) Tenured: 373849K(1398144K)->443735K(1398144K)
[135.323s][info][gc,metaspace   ] GC(175) Metaspace: 67746K(68864K)->67746K(68864K) NonClass: 59329K(59840K)->59329K(59840K) Class: 8416K(9024K)->8416K(9024K)
[135.323s][info][gc             ] GC(175) Pause Young (Allocation Failure) 979M->493M(1979M) 378.047ms
[135.323s][info][gc,cpu         ] GC(175) User=0.39s Sys=0.00s Real=0.38s
[135.619s][info][gc,start       ] GC(176) Pause Young (Allocation Failure)
[135.937s][info][gc,heap        ] GC(176) DefNew: 621021K(629248K)->54251K(629248K) Eden: 559360K(559360K)->0K(559360K) From: 61661K(69888K)->54251K(69888K)
[135.937s][info][gc,heap        ] GC(176) Tenured: 443735K(1398144K)->489501K(1398144K)
[135.937s][info][gc,metaspace   ] GC(176) Metaspace: 67746K(68864K)->67746K(68864K) NonClass: 59329K(59840K)->59329K(59840K) Class: 8416K(9024K)->8416K(9024K)
[135.937s][info][gc             ] GC(176) Pause Young (Allocation Failure) 1039M->531M(1979M) 318.209ms
[135.937s][info][gc,cpu         ] GC(176) User=0.33s Sys=0.00s Real=0.33s
[136.845s][info][gc,start       ] GC(177) Pause Young (Allocation Failure)
[137.216s][info][gc,heap        ] GC(177) DefNew: 613611K(629248K)->52300K(629248K) Eden: 559360K(559360K)->0K(559360K) From: 54251K(69888K)->52300K(69888K)
[137.217s][info][gc,heap        ] GC(177) Tenured: 489501K(1398144K)->537353K(1398144K)
[137.217s][info][gc,metaspace   ] GC(177) Metaspace: 67750K(68864K)->67750K(68864K) NonClass: 59333K(59840K)->59333K(59840K) Class: 8416K(9024K)->8416K(9024K)
[137.217s][info][gc             ] GC(177) Pause Young (Allocation Failure) 1077M->575M(1979M) 371.792ms
[137.217s][info][gc,cpu         ] GC(177) User=0.38s Sys=0.00s Real=0.38s
[137.802s][info][gc,start       ] GC(178) Pause Young (Allocation Failure)
[138.009s][info][gc,heap        ] GC(178) DefNew: 611660K(629248K)->33839K(629248K) Eden: 559360K(559360K)->0K(559360K) From: 52300K(69888K)->33839K(69888K)
[138.009s][info][gc,heap        ] GC(178) Tenured: 537353K(1398144K)->557583K(1398144K)
[138.009s][info][gc,metaspace   ] GC(178) Metaspace: 67776K(68864K)->67776K(68864K) NonClass: 59359K(59840K)->59359K(59840K) Class: 8416K(9024K)->8416K(9024K)
[138.009s][info][gc             ] GC(178) Pause Young (Allocation Failure) 1122M->577M(1979M) 206.581ms
[138.009s][info][gc,cpu         ] GC(178) User=0.22s Sys=0.00s Real=0.21s
[138.456s][info][gc,start       ] GC(179) Pause Young (Allocation Failure)
[138.619s][info][gc,heap        ] GC(179) DefNew: 593199K(629248K)->65950K(629248K) Eden: 559360K(559360K)->0K(559360K) From: 33839K(69888K)->65950K(69888K)
[138.619s][info][gc,heap        ] GC(179) Tenured: 557583K(1398144K)->557583K(1398144K)
[138.619s][info][gc,metaspace   ] GC(179) Metaspace: 67798K(68928K)->67798K(68928K) NonClass: 59381K(59904K)->59381K(59904K) Class: 8416K(9024K)->8416K(9024K)
[138.619s][info][gc             ] GC(179) Pause Young (Allocation Failure) 1123M->608M(1979M) 163.314ms
[138.619s][info][gc,cpu         ] GC(179) User=0.17s Sys=0.00s Real=0.17s
[139.168s][info][gc,start       ] GC(180) Pause Young (Allocation Failure)
[139.269s][info][gc,heap        ] GC(180) DefNew: 625310K(629248K)->52782K(629248K) Eden: 559360K(559360K)->0K(559360K) From: 65950K(69888K)->52782K(69888K)
[139.269s][info][gc,heap        ] GC(180) Tenured: 557583K(1398144K)->557721K(1398144K)
[139.269s][info][gc,metaspace   ] GC(180) Metaspace: 67798K(68928K)->67798K(68928K) NonClass: 59381K(59904K)->59381K(59904K) Class: 8416K(9024K)->8416K(9024K)
[139.269s][info][gc             ] GC(180) Pause Young (Allocation Failure) 1155M->596M(1979M) 101.416ms
[139.269s][info][gc,cpu         ] GC(180) User=0.09s Sys=0.00s Real=0.09s
[139.568s][info][gc,start       ] GC(181) Pause Young (Allocation Failure)
[139.704s][info][gc,heap        ] GC(181) DefNew: 612142K(629248K)->69888K(629248K) Eden: 559360K(559360K)->0K(559360K) From: 52782K(69888K)->69888K(69888K)
[139.704s][info][gc,heap        ] GC(181) Tenured: 557721K(1398144K)->593100K(1398144K)
[139.704s][info][gc,metaspace   ] GC(181) Metaspace: 67800K(68928K)->67800K(68928K) NonClass: 59383K(59904K)->59383K(59904K) Class: 8417K(9024K)->8417K(9024K)
[139.704s][info][gc             ] GC(181) Pause Young (Allocation Failure) 1142M->647M(1979M) 135.279ms
[139.704s][info][gc,cpu         ] GC(181) User=0.13s Sys=0.00s Real=0.13s
[139.779s][info][gc,start       ] GC(182) Pause Full (System.gc())
[139.779s][info][gc,phases,start] GC(182) Phase 1: Mark live objects
[139.894s][info][gc,phases      ] GC(182) Phase 1: Mark live objects 114.111ms
[139.894s][info][gc,phases,start] GC(182) Phase 2: Compute new object addresses
[140.120s][info][gc,phases      ] GC(182) Phase 2: Compute new object addresses 226.242ms
[140.120s][info][gc,phases,start] GC(182) Phase 3: Adjust pointers
[140.195s][info][gc,phases      ] GC(182) Phase 3: Adjust pointers 74.768ms
[140.195s][info][gc,phases,start] GC(182) Phase 4: Move objects
[140.195s][info][gc,phases      ] GC(182) Phase 4: Move objects 0.073ms
[140.196s][info][gc,heap        ] GC(182) DefNew: 167966K(629248K)->0K(629248K) Eden: 98078K(559360K)->0K(559360K) From: 69888K(69888K)->0K(69888K)
[140.196s][info][gc,heap        ] GC(182) Tenured: 593100K(1398144K)->205087K(1398144K)
[140.196s][info][gc,metaspace   ] GC(182) Metaspace: 67800K(68928K)->67800K(68928K) NonClass: 59383K(59904K)->59383K(59904K) Class: 8417K(9024K)->8417K(9024K)
[140.196s][info][gc             ] GC(182) Pause Full (System.gc()) 743M->200M(1979M) 416.926ms
[140.196s][info][gc,cpu         ] GC(182) User=0.41s Sys=0.00s Real=0.41s
[140.498s][info][gc,start       ] GC(183) Pause Young (Allocation Failure)
[140.714s][info][gc,heap        ] GC(183) DefNew: 559360K(629248K)->69888K(629248K) Eden: 559360K(559360K)->0K(559360K) From: 0K(69888K)->69888K(69888K)
[140.714s][info][gc,heap        ] GC(183) Tenured: 205087K(1398144K)->251367K(1398144K)
[140.714s][info][gc,metaspace   ] GC(183) Metaspace: 67811K(68928K)->67811K(68928K) NonClass: 59392K(59904K)->59392K(59904K) Class: 8418K(9024K)->8418K(9024K)
[140.714s][info][gc             ] GC(183) Pause Young (Allocation Failure) 746M->313M(1979M) 216.619ms
[140.714s][info][gc,cpu         ] GC(183) User=0.22s Sys=0.00s Real=0.22s
[141.011s][info][gc,start       ] GC(184) Pause Young (Allocation Failure)
[141.330s][info][gc,heap        ] GC(184) DefNew: 629248K(629248K)->57325K(629248K) Eden: 559360K(559360K)->0K(559360K) From: 69888K(69888K)->57325K(69888K)
[141.330s][info][gc,heap        ] GC(184) Tenured: 251367K(1398144K)->308009K(1398144K)
[141.330s][info][gc,metaspace   ] GC(184) Metaspace: 67812K(68928K)->67812K(68928K) NonClass: 59393K(59904K)->59393K(59904K) Class: 8418K(9024K)->8418K(9024K)
[141.330s][info][gc             ] GC(184) Pause Young (Allocation Failure) 859M->356M(1979M) 318.901ms
[141.330s][info][gc,cpu         ] GC(184) User=0.31s Sys=0.00s Real=0.31s
[141.624s][info][gc,start       ] GC(185) Pause Young (Allocation Failure)
[141.907s][info][gc,heap        ] GC(185) DefNew: 616685K(629248K)->34374K(629248K) Eden: 559360K(559360K)->0K(559360K) From: 57325K(69888K)->34374K(69888K)
[141.907s][info][gc,heap        ] GC(185) Tenured: 308009K(1398144K)->356811K(1398144K)
[141.907s][info][gc,metaspace   ] GC(185) Metaspace: 67812K(68928K)->67812K(68928K) NonClass: 59393K(59904K)->59393K(59904K) Class: 8418K(9024K)->8418K(9024K)
[141.907s][info][gc             ] GC(185) Pause Young (Allocation Failure) 903M->382M(1979M) 283.177ms
[141.907s][info][gc,cpu         ] GC(185) User=0.28s Sys=0.00s Real=0.28s
[142.749s][info][gc,start       ] GC(186) Pause Young (Allocation Failure)
[143.142s][info][gc,heap        ] GC(186) DefNew: 593734K(629248K)->69887K(629248K) Eden: 559360K(559360K)->0K(559360K) From: 34374K(69888K)->69887K(69888K)
[143.142s][info][gc,heap        ] GC(186) Tenured: 356811K(1398144K)->430696K(1398144K)
[143.142s][info][gc,metaspace   ] GC(186) Metaspace: 67821K(68928K)->67821K(68928K) NonClass: 59402K(59904K)->59402K(59904K) Class: 8418K(9024K)->8418K(9024K)
[143.142s][info][gc             ] GC(186) Pause Young (Allocation Failure) 928M->488M(1979M) 393.182ms
[143.142s][info][gc,cpu         ] GC(186) User=0.39s Sys=0.00s Real=0.38s
[143.402s][info][gc,start       ] GC(187) Pause Young (Allocation Failure)
[143.783s][info][gc,heap        ] GC(187) DefNew: 629247K(629248K)->61401K(629248K) Eden: 559360K(559360K)->0K(559360K) From: 69887K(69888K)->61401K(69888K)
[143.783s][info][gc,heap        ] GC(187) Tenured: 430696K(1398144K)->500582K(1398144K)
[143.783s][info][gc,metaspace   ] GC(187) Metaspace: 67821K(68928K)->67821K(68928K) NonClass: 59402K(59904K)->59402K(59904K) Class: 8418K(9024K)->8418K(9024K)
[143.783s][info][gc             ] GC(187) Pause Young (Allocation Failure) 1035M->548M(1979M) 381.415ms
[143.783s][info][gc,cpu         ] GC(187) User=0.38s Sys=0.00s Real=0.38s
[144.078s][info][gc,start       ] GC(188) Pause Young (Allocation Failure)
[144.392s][info][gc,heap        ] GC(188) DefNew: 620761K(629248K)->54029K(629248K) Eden: 559360K(559360K)->0K(559360K) From: 61401K(69888K)->54029K(69888K)
[144.392s][info][gc,heap        ] GC(188) Tenured: 500582K(1398144K)->546033K(1398144K)
[144.392s][info][gc,metaspace   ] GC(188) Metaspace: 67828K(68928K)->67828K(68928K) NonClass: 59409K(59904K)->59409K(59904K) Class: 8418K(9024K)->8418K(9024K)
[144.392s][info][gc             ] GC(188) Pause Young (Allocation Failure) 1095M->585M(1979M) 313.567ms
[144.392s][info][gc,cpu         ] GC(188) User=0.31s Sys=0.00s Real=0.31s
[145.314s][info][gc,start       ] GC(189) Pause Young (Allocation Failure)
[145.650s][info][gc,heap        ] GC(189) DefNew: 613389K(629248K)->44020K(629248K) Eden: 559360K(559360K)->0K(559360K) From: 54029K(69888K)->44020K(69888K)
[145.650s][info][gc,heap        ] GC(189) Tenured: 546033K(1398144K)->593719K(1398144K)
[145.650s][info][gc,metaspace   ] GC(189) Metaspace: 67831K(68928K)->67831K(68928K) NonClass: 59412K(59904K)->59412K(59904K) Class: 8418K(9024K)->8418K(9024K)
[145.650s][info][gc             ] GC(189) Pause Young (Allocation Failure) 1132M->622M(1979M) 335.576ms
[145.650s][info][gc,cpu         ] GC(189) User=0.33s Sys=0.00s Real=0.33s
[146.206s][info][gc,start       ] GC(190) Pause Young (Allocation Failure)
[146.392s][info][gc,heap        ] GC(190) DefNew: 603380K(629248K)->33849K(629248K) Eden: 559360K(559360K)->0K(559360K) From: 44020K(69888K)->33849K(69888K)
[146.392s][info][gc,heap        ] GC(190) Tenured: 593719K(1398144K)->613641K(1398144K)
[146.392s][info][gc,metaspace   ] GC(190) Metaspace: 67832K(68928K)->67832K(68928K) NonClass: 59413K(59904K)->59413K(59904K) Class: 8418K(9024K)->8418K(9024K)
[146.392s][info][gc             ] GC(190) Pause Young (Allocation Failure) 1169M->632M(1979M) 186.135ms
[146.392s][info][gc,cpu         ] GC(190) User=0.19s Sys=0.00s Real=0.19s
[146.817s][info][gc,start       ] GC(191) Pause Young (Allocation Failure)
[146.981s][info][gc,heap        ] GC(191) DefNew: 593209K(629248K)->66868K(629248K) Eden: 559360K(559360K)->0K(559360K) From: 33849K(69888K)->66868K(69888K)
[146.981s][info][gc,heap        ] GC(191) Tenured: 613641K(1398144K)->613641K(1398144K)
[146.981s][info][gc,metaspace   ] GC(191) Metaspace: 67866K(68992K)->67866K(68992K) NonClass: 59448K(59968K)->59448K(59968K) Class: 8418K(9024K)->8418K(9024K)
[146.981s][info][gc             ] GC(191) Pause Young (Allocation Failure) 1178M->664M(1979M) 163.672ms
[146.981s][info][gc,cpu         ] GC(191) User=0.17s Sys=0.00s Real=0.17s
[147.458s][info][gc,start       ] GC(192) Pause Young (Allocation Failure)
[147.549s][info][gc,heap        ] GC(192) DefNew: 626228K(629248K)->51451K(629248K) Eden: 559360K(559360K)->0K(559360K) From: 66868K(69888K)->51451K(69888K)
[147.549s][info][gc,heap        ] GC(192) Tenured: 613641K(1398144K)->613783K(1398144K)
[147.549s][info][gc,metaspace   ] GC(192) Metaspace: 67869K(68992K)->67869K(68992K) NonClass: 59451K(59968K)->59451K(59968K) Class: 8418K(9024K)->8418K(9024K)
[147.549s][info][gc             ] GC(192) Pause Young (Allocation Failure) 1210M->649M(1979M) 90.764ms
[147.549s][info][gc,cpu         ] GC(192) User=0.09s Sys=0.00s Real=0.09s
[147.854s][info][gc,start       ] GC(193) Pause Young (Allocation Failure)
[147.991s][info][gc,heap        ] GC(193) DefNew: 610811K(629248K)->69888K(629248K) Eden: 559360K(559360K)->0K(559360K) From: 51451K(69888K)->69888K(69888K)
[147.991s][info][gc,heap        ] GC(193) Tenured: 613783K(1398144K)->649160K(1398144K)
[147.991s][info][gc,metaspace   ] GC(193) Metaspace: 67869K(68992K)->67869K(68992K) NonClass: 59451K(59968K)->59451K(59968K) Class: 8418K(9024K)->8418K(9024K)
[147.991s][info][gc             ] GC(193) Pause Young (Allocation Failure) 1195M->702M(1979M) 137.162ms
[147.991s][info][gc,cpu         ] GC(193) User=0.13s Sys=0.00s Real=0.13s
[148.084s][info][gc,start       ] GC(194) Pause Full (System.gc())
[148.084s][info][gc,phases,start] GC(194) Phase 1: Mark live objects
[148.198s][info][gc,phases      ] GC(194) Phase 1: Mark live objects 114.073ms
[148.198s][info][gc,phases,start] GC(194) Phase 2: Compute new object addresses
[148.410s][info][gc,phases      ] GC(194) Phase 2: Compute new object addresses 212.010ms
[148.411s][info][gc,phases,start] GC(194) Phase 3: Adjust pointers
[148.484s][info][gc,phases      ] GC(194) Phase 3: Adjust pointers 73.662ms
[148.484s][info][gc,phases,start] GC(194) Phase 4: Move objects
[148.484s][info][gc,phases      ] GC(194) Phase 4: Move objects 0.089ms
[148.486s][info][gc,heap        ] GC(194) DefNew: 171839K(629248K)->0K(629248K) Eden: 101951K(559360K)->0K(559360K) From: 69888K(69888K)->0K(69888K)
[148.486s][info][gc,heap        ] GC(194) Tenured: 649160K(1398144K)->205297K(1398144K)
[148.486s][info][gc,metaspace   ] GC(194) Metaspace: 67873K(68992K)->67873K(68992K) NonClass: 59454K(59968K)->59454K(59968K) Class: 8418K(9024K)->8418K(9024K)
[148.486s][info][gc             ] GC(194) Pause Full (System.gc()) 801M->200M(1979M) 401.501ms
[148.486s][info][gc,cpu         ] GC(194) User=0.41s Sys=0.00s Real=0.41s
[148.814s][info][gc,start       ] GC(195) Pause Young (Allocation Failure)
[149.040s][info][gc,heap        ] GC(195) DefNew: 559360K(629248K)->69888K(629248K) Eden: 559360K(559360K)->0K(559360K) From: 0K(69888K)->69888K(69888K)
[149.040s][info][gc,heap        ] GC(195) Tenured: 205297K(1398144K)->252867K(1398144K)
[149.040s][info][gc,metaspace   ] GC(195) Metaspace: 67881K(68992K)->67881K(68992K) NonClass: 59462K(59968K)->59462K(59968K) Class: 8418K(9024K)->8418K(9024K)
[149.040s][info][gc             ] GC(195) Pause Young (Allocation Failure) 746M->315M(1979M) 226.029ms
[149.040s][info][gc,cpu         ] GC(195) User=0.23s Sys=0.00s Real=0.23s
[149.328s][info][gc,start       ] GC(196) Pause Young (Allocation Failure)
[149.659s][info][gc,heap        ] GC(196) DefNew: 629248K(629248K)->56503K(629248K) Eden: 559360K(559360K)->0K(559360K) From: 69888K(69888K)->56503K(69888K)
[149.659s][info][gc,heap        ] GC(196) Tenured: 252867K(1398144K)->308501K(1398144K)
[149.659s][info][gc,metaspace   ] GC(196) Metaspace: 67881K(68992K)->67881K(68992K) NonClass: 59462K(59968K)->59462K(59968K) Class: 8418K(9024K)->8418K(9024K)
[149.659s][info][gc             ] GC(196) Pause Young (Allocation Failure) 861M->356M(1979M) 330.608ms
[149.659s][info][gc,cpu         ] GC(196) User=0.33s Sys=0.00s Real=0.34s
[149.953s][info][gc,start       ] GC(197) Pause Young (Allocation Failure)
[150.236s][info][gc,heap        ] GC(197) DefNew: 615863K(629248K)->34485K(629248K) Eden: 559360K(559360K)->0K(559360K) From: 56503K(69888K)->34485K(69888K)
[150.236s][info][gc,heap        ] GC(197) Tenured: 308501K(1398144K)->356574K(1398144K)
[150.236s][info][gc,metaspace   ] GC(197) Metaspace: 67881K(68992K)->67881K(68992K) NonClass: 59462K(59968K)->59462K(59968K) Class: 8418K(9024K)->8418K(9024K)
[150.236s][info][gc             ] GC(197) Pause Young (Allocation Failure) 902M->381M(1979M) 282.980ms
[150.236s][info][gc,cpu         ] GC(197) User=0.28s Sys=0.00s Real=0.28s
[151.077s][info][gc,start       ] GC(198) Pause Young (Allocation Failure)
[151.471s][info][gc,heap        ] GC(198) DefNew: 593845K(629248K)->69888K(629248K) Eden: 559360K(559360K)->0K(559360K) From: 34485K(69888K)->69888K(69888K)
[151.472s][info][gc,heap        ] GC(198) Tenured: 356574K(1398144K)->429158K(1398144K)
[151.472s][info][gc,metaspace   ] GC(198) Metaspace: 67900K(69056K)->67900K(69056K) NonClass: 59477K(60032K)->59477K(60032K) Class: 8422K(9024K)->8422K(9024K)
[151.472s][info][gc             ] GC(198) Pause Young (Allocation Failure) 928M->487M(1979M) 394.555ms
[151.472s][info][gc,cpu         ] GC(198) User=0.41s Sys=0.00s Real=0.41s
[151.741s][info][gc,start       ] GC(199) Pause Young (Allocation Failure)
[152.132s][info][gc,heap        ] GC(199) DefNew: 629248K(629248K)->62313K(629248K) Eden: 559360K(559360K)->0K(559360K) From: 69888K(69888K)->62313K(69888K)
[152.132s][info][gc,heap        ] GC(199) Tenured: 429158K(1398144K)->499043K(1398144K)
[152.132s][info][gc,metaspace   ] GC(199) Metaspace: 67900K(69056K)->67900K(69056K) NonClass: 59477K(60032K)->59477K(60032K) Class: 8422K(9024K)->8422K(9024K)
[152.132s][info][gc             ] GC(199) Pause Young (Allocation Failure) 1033M->548M(1979M) 391.009ms
[152.132s][info][gc,cpu         ] GC(199) User=0.39s Sys=0.00s Real=0.39s
[152.424s][info][gc,start       ] GC(200) Pause Young (Allocation Failure)
[152.738s][info][gc,heap        ] GC(200) DefNew: 621673K(629248K)->54280K(629248K) Eden: 559360K(559360K)->0K(559360K) From: 62313K(69888K)->54280K(69888K)
[152.738s][info][gc,heap        ] GC(200) Tenured: 499043K(1398144K)->545529K(1398144K)
[152.738s][info][gc,metaspace   ] GC(200) Metaspace: 67900K(69056K)->67900K(69056K) NonClass: 59477K(60032K)->59477K(60032K) Class: 8422K(9024K)->8422K(9024K)
[152.738s][info][gc             ] GC(200) Pause Young (Allocation Failure) 1094M->585M(1979M) 314.409ms
[152.738s][info][gc,cpu         ] GC(200) User=0.33s Sys=0.00s Real=0.33s
[153.650s][info][gc,start       ] GC(201) Pause Young (Allocation Failure)
[154.017s][info][gc,heap        ] GC(201) DefNew: 613640K(629248K)->52712K(629248K) Eden: 559360K(559360K)->0K(559360K) From: 54280K(69888K)->52712K(69888K)
[154.017s][info][gc,heap        ] GC(201) Tenured: 545529K(1398144K)->593331K(1398144K)
[154.017s][info][gc,metaspace   ] GC(201) Metaspace: 67906K(69056K)->67906K(69056K) NonClass: 59484K(60032K)->59484K(60032K) Class: 8422K(9024K)->8422K(9024K)
[154.017s][info][gc             ] GC(201) Pause Young (Allocation Failure) 1132M->630M(1979M) 367.444ms
[154.017s][info][gc,cpu         ] GC(201) User=0.36s Sys=0.00s Real=0.36s
[154.552s][info][gc,start       ] GC(202) Pause Young (Allocation Failure)
[154.747s][info][gc,heap        ] GC(202) DefNew: 612072K(629248K)->33859K(629248K) Eden: 559360K(559360K)->0K(559360K) From: 52712K(69888K)->33859K(69888K)
[154.747s][info][gc,heap        ] GC(202) Tenured: 593331K(1398144K)->613962K(1398144K)
[154.747s][info][gc,metaspace   ] GC(202) Metaspace: 68029K(69184K)->68029K(69184K) NonClass: 59605K(60160K)->59605K(60160K) Class: 8423K(9024K)->8423K(9024K)
[154.747s][info][gc             ] GC(202) Pause Young (Allocation Failure) 1177M->632M(1979M) 194.980ms
[154.747s][info][gc,cpu         ] GC(202) User=0.20s Sys=0.00s Real=0.20s
[155.181s][info][gc,start       ] GC(203) Pause Young (Allocation Failure)
[155.341s][info][gc,heap        ] GC(203) DefNew: 593219K(629248K)->64245K(629248K) Eden: 559360K(559360K)->0K(559360K) From: 33859K(69888K)->64245K(69888K)
[155.341s][info][gc,heap        ] GC(203) Tenured: 613962K(1398144K)->613962K(1398144K)
[155.341s][info][gc,metaspace   ] GC(203) Metaspace: 68058K(69184K)->68058K(69184K) NonClass: 59634K(60160K)->59634K(60160K) Class: 8424K(9024K)->8424K(9024K)
[155.341s][info][gc             ] GC(203) Pause Young (Allocation Failure) 1178M->662M(1979M) 159.938ms
[155.341s][info][gc,cpu         ] GC(203) User=0.16s Sys=0.00s Real=0.16s
[155.832s][info][gc,start       ] GC(204) Pause Young (Allocation Failure)
[155.937s][info][gc,heap        ] GC(204) DefNew: 622285K(629248K)->69887K(629248K) Eden: 558039K(559360K)->0K(559360K) From: 64245K(69888K)->69887K(69888K)
[155.937s][info][gc,heap        ] GC(204) Tenured: 613962K(1398144K)->621300K(1398144K)
[155.937s][info][gc,metaspace   ] GC(204) Metaspace: 68132K(69248K)->68132K(69248K) NonClass: 59707K(60224K)->59707K(60224K) Class: 8424K(9024K)->8424K(9024K)
[155.938s][info][gc             ] GC(204) Pause Young (Allocation Failure) 1207M->674M(1979M) 105.456ms
[155.938s][info][gc,cpu         ] GC(204) User=0.11s Sys=0.00s Real=0.11s
[156.243s][info][gc,start       ] GC(205) Pause Young (Allocation Failure)
[156.370s][info][gc,heap        ] GC(205) DefNew: 629247K(629248K)->69887K(629248K) Eden: 559360K(559360K)->0K(559360K) From: 69887K(69888K)->69887K(69888K)
[156.370s][info][gc,heap        ] GC(205) Tenured: 621300K(1398144K)->649495K(1398144K)
[156.370s][info][gc,metaspace   ] GC(205) Metaspace: 68134K(69248K)->68134K(69248K) NonClass: 59710K(60224K)->59710K(60224K) Class: 8424K(9024K)->8424K(9024K)
[156.370s][info][gc             ] GC(205) Pause Young (Allocation Failure) 1221M->702M(1979M) 127.098ms
[156.370s][info][gc,cpu         ] GC(205) User=0.13s Sys=0.00s Real=0.13s
[156.456s][info][gc,start       ] GC(206) Pause Full (System.gc())
[156.457s][info][gc,phases,start] GC(206) Phase 1: Mark live objects
[156.561s][info][gc,phases      ] GC(206) Phase 1: Mark live objects 103.973ms
[156.561s][info][gc,phases,start] GC(206) Phase 2: Compute new object addresses
[156.777s][info][gc,phases      ] GC(206) Phase 2: Compute new object addresses 216.042ms
[156.777s][info][gc,phases,start] GC(206) Phase 3: Adjust pointers
[156.851s][info][gc,phases      ] GC(206) Phase 3: Adjust pointers 74.564ms
[156.851s][info][gc,phases,start] GC(206) Phase 4: Move objects
[156.851s][info][gc,phases      ] GC(206) Phase 4: Move objects 0.095ms
[156.853s][info][gc,heap        ] GC(206) DefNew: 180373K(629248K)->0K(629248K) Eden: 110485K(559360K)->0K(559360K) From: 69887K(69888K)->0K(69888K)
[156.853s][info][gc,heap        ] GC(206) Tenured: 649495K(1398144K)->205518K(1398144K)
[156.853s][info][gc,metaspace   ] GC(206) Metaspace: 68134K(69248K)->68134K(69248K) NonClass: 59710K(60224K)->59710K(60224K) Class: 8424K(9024K)->8424K(9024K)
[156.853s][info][gc             ] GC(206) Pause Full (System.gc()) 810M->200M(1979M) 396.297ms
[156.853s][info][gc,cpu         ] GC(206) User=0.41s Sys=0.00s Real=0.41s
[157.178s][info][gc,start       ] GC(207) Pause Young (Allocation Failure)
[157.407s][info][gc,heap        ] GC(207) DefNew: 559360K(629248K)->69888K(629248K) Eden: 559360K(559360K)->0K(559360K) From: 0K(69888K)->69888K(69888K)
[157.407s][info][gc,heap        ] GC(207) Tenured: 205518K(1398144K)->251911K(1398144K)
[157.407s][info][gc,metaspace   ] GC(207) Metaspace: 68161K(69248K)->68161K(69248K) NonClass: 59735K(60224K)->59735K(60224K) Class: 8425K(9024K)->8425K(9024K)
[157.407s][info][gc             ] GC(207) Pause Young (Allocation Failure) 746M->314M(1979M) 228.296ms
[157.407s][info][gc,cpu         ] GC(207) User=0.23s Sys=0.00s Real=0.23s
[157.700s][info][gc,start       ] GC(208) Pause Young (Allocation Failure)
[158.011s][info][gc,heap        ] GC(208) DefNew: 629248K(629248K)->57159K(629248K) Eden: 559360K(559360K)->0K(559360K) From: 69888K(69888K)->57159K(69888K)
[158.011s][info][gc,heap        ] GC(208) Tenured: 251911K(1398144K)->308550K(1398144K)
[158.011s][info][gc,metaspace   ] GC(208) Metaspace: 68161K(69248K)->68161K(69248K) NonClass: 59735K(60224K)->59735K(60224K) Class: 8425K(9024K)->8425K(9024K)
[158.011s][info][gc             ] GC(208) Pause Young (Allocation Failure) 860M->357M(1979M) 311.581ms
[158.011s][info][gc,cpu         ] GC(208) User=0.30s Sys=0.00s Real=0.30s
[158.312s][info][gc,start       ] GC(209) Pause Young (Allocation Failure)
[158.587s][info][gc,heap        ] GC(209) DefNew: 616519K(629248K)->34412K(629248K) Eden: 559360K(559360K)->0K(559360K) From: 57159K(69888K)->34412K(69888K)
[158.587s][info][gc,heap        ] GC(209) Tenured: 308550K(1398144K)->357194K(1398144K)
[158.587s][info][gc,metaspace   ] GC(209) Metaspace: 68161K(69248K)->68161K(69248K) NonClass: 59735K(60224K)->59735K(60224K) Class: 8425K(9024K)->8425K(9024K)
[158.587s][info][gc             ] GC(209) Pause Young (Allocation Failure) 903M->382M(1979M) 275.098ms
[158.587s][info][gc,cpu         ] GC(209) User=0.27s Sys=0.00s Real=0.27s
[159.512s][info][gc,start       ] GC(210) Pause Young (Allocation Failure)
[159.894s][info][gc,heap        ] GC(210) DefNew: 593772K(629248K)->69888K(629248K) Eden: 559360K(559360K)->0K(559360K) From: 34412K(69888K)->69888K(69888K)
[159.894s][info][gc,heap        ] GC(210) Tenured: 357194K(1398144K)->430865K(1398144K)
[159.894s][info][gc,metaspace   ] GC(210) Metaspace: 68178K(69312K)->68178K(69312K) NonClass: 59751K(60288K)->59751K(60288K) Class: 8426K(9024K)->8426K(9024K)
[159.894s][info][gc             ] GC(210) Pause Young (Allocation Failure) 928M->489M(1979M) 381.582ms
[159.894s][info][gc,cpu         ] GC(210) User=0.39s Sys=0.00s Real=0.39s
[160.158s][info][gc,start       ] GC(211) Pause Young (Allocation Failure)
[160.545s][info][gc,heap        ] GC(211) DefNew: 629248K(629248K)->61543K(629248K) Eden: 559360K(559360K)->0K(559360K) From: 69888K(69888K)->61543K(69888K)
[160.545s][info][gc,heap        ] GC(211) Tenured: 430865K(1398144K)->500751K(1398144K)
[160.545s][info][gc,metaspace   ] GC(211) Metaspace: 68178K(69312K)->68178K(69312K) NonClass: 59751K(60288K)->59751K(60288K) Class: 8426K(9024K)->8426K(9024K)
[160.545s][info][gc             ] GC(211) Pause Young (Allocation Failure) 1035M->549M(1979M) 387.447ms
[160.545s][info][gc,cpu         ] GC(211) User=0.38s Sys=0.00s Real=0.38s
[160.838s][info][gc,start       ] GC(212) Pause Young (Allocation Failure)
[161.157s][info][gc,heap        ] GC(212) DefNew: 620903K(629248K)->54184K(629248K) Eden: 559360K(559360K)->0K(559360K) From: 61543K(69888K)->54184K(69888K)
[161.157s][info][gc,heap        ] GC(212) Tenured: 500751K(1398144K)->546347K(1398144K)
[161.157s][info][gc,metaspace   ] GC(212) Metaspace: 68178K(69312K)->68178K(69312K) NonClass: 59751K(60288K)->59751K(60288K) Class: 8426K(9024K)->8426K(9024K)
[161.157s][info][gc             ] GC(212) Pause Young (Allocation Failure) 1095M->586M(1979M) 318.856ms
[161.157s][info][gc,cpu         ] GC(212) User=0.33s Sys=0.00s Real=0.32s
[162.042s][info][gc,start       ] GC(213) Pause Young (Allocation Failure)
[162.375s][info][gc,heap        ] GC(213) DefNew: 613544K(629248K)->43985K(629248K) Eden: 559360K(559360K)->0K(559360K) From: 54184K(69888K)->43985K(69888K)
[162.375s][info][gc,heap        ] GC(213) Tenured: 546347K(1398144K)->594202K(1398144K)
[162.375s][info][gc,metaspace   ] GC(213) Metaspace: 68178K(69312K)->68178K(69312K) NonClass: 59751K(60288K)->59751K(60288K) Class: 8426K(9024K)->8426K(9024K)
[162.375s][info][gc             ] GC(213) Pause Young (Allocation Failure) 1132M->623M(1979M) 333.183ms
[162.375s][info][gc,cpu         ] GC(213) User=0.33s Sys=0.00s Real=0.33s
[162.916s][info][gc,start       ] GC(214) Pause Young (Allocation Failure)
[163.104s][info][gc,heap        ] GC(214) DefNew: 603345K(629248K)->33839K(629248K) Eden: 559360K(559360K)->0K(559360K) From: 43985K(69888K)->33839K(69888K)
[163.104s][info][gc,heap        ] GC(214) Tenured: 594202K(1398144K)->614074K(1398144K)
[163.104s][info][gc,metaspace   ] GC(214) Metaspace: 68201K(69312K)->68201K(69312K) NonClass: 59772K(60288K)->59772K(60288K) Class: 8428K(9024K)->8428K(9024K)
[163.104s][info][gc             ] GC(214) Pause Young (Allocation Failure) 1169M->632M(1979M) 187.501ms
[163.104s][info][gc,cpu         ] GC(214) User=0.19s Sys=0.00s Real=0.19s
[163.533s][info][gc,start       ] GC(215) Pause Young (Allocation Failure)
[163.698s][info][gc,heap        ] GC(215) DefNew: 593199K(629248K)->66920K(629248K) Eden: 559360K(559360K)->0K(559360K) From: 33839K(69888K)->66920K(69888K)
[163.698s][info][gc,heap        ] GC(215) Tenured: 614074K(1398144K)->614074K(1398144K)
[163.698s][info][gc,metaspace   ] GC(215) Metaspace: 68206K(69312K)->68206K(69312K) NonClass: 59777K(60288K)->59777K(60288K) Class: 8429K(9024K)->8429K(9024K)
[163.698s][info][gc             ] GC(215) Pause Young (Allocation Failure) 1178M->665M(1979M) 164.617ms
[163.698s][info][gc,cpu         ] GC(215) User=0.17s Sys=0.00s Real=0.17s
[164.172s][info][gc,start       ] GC(216) Pause Young (Allocation Failure)
[164.260s][info][gc,heap        ] GC(216) DefNew: 626280K(629248K)->51690K(629248K) Eden: 559360K(559360K)->0K(559360K) From: 66920K(69888K)->51690K(69888K)
[164.260s][info][gc,heap        ] GC(216) Tenured: 614074K(1398144K)->614213K(1398144K)
[164.260s][info][gc,metaspace   ] GC(216) Metaspace: 68214K(69312K)->68214K(69312K) NonClass: 59784K(60288K)->59784K(60288K) Class: 8429K(9024K)->8429K(9024K)
[164.260s][info][gc             ] GC(216) Pause Young (Allocation Failure) 1211M->650M(1979M) 88.133ms
[164.260s][info][gc,cpu         ] GC(216) User=0.08s Sys=0.00s Real=0.08s
[164.565s][info][gc,start       ] GC(217) Pause Young (Allocation Failure)
[164.699s][info][gc,heap        ] GC(217) DefNew: 611050K(629248K)->69888K(629248K) Eden: 559360K(559360K)->0K(559360K) From: 51690K(69888K)->69888K(69888K)
[164.699s][info][gc,heap        ] GC(217) Tenured: 614213K(1398144K)->649597K(1398144K)
[164.699s][info][gc,metaspace   ] GC(217) Metaspace: 68214K(69312K)->68214K(69312K) NonClass: 59784K(60288K)->59784K(60288K) Class: 8429K(9024K)->8429K(9024K)
[164.699s][info][gc             ] GC(217) Pause Young (Allocation Failure) 1196M->702M(1979M) 134.805ms
[164.699s][info][gc,cpu         ] GC(217) User=0.13s Sys=0.00s Real=0.13s
[164.781s][info][gc,start       ] GC(218) Pause Full (System.gc())
[164.781s][info][gc,phases,start] GC(218) Phase 1: Mark live objects
[164.914s][info][gc,phases      ] GC(218) Phase 1: Mark live objects 132.391ms
[164.914s][info][gc,phases,start] GC(218) Phase 2: Compute new object addresses
[165.124s][info][gc,phases      ] GC(218) Phase 2: Compute new object addresses 210.593ms
[165.124s][info][gc,phases,start] GC(218) Phase 3: Adjust pointers
[165.215s][info][gc,phases      ] GC(218) Phase 3: Adjust pointers 90.154ms
[165.215s][info][gc,phases,start] GC(218) Phase 4: Move objects
[165.258s][info][gc,phases      ] GC(218) Phase 4: Move objects 43.763ms
[165.260s][info][gc,heap        ] GC(218) DefNew: 171650K(629248K)->0K(629248K) Eden: 101762K(559360K)->0K(559360K) From: 69888K(69888K)->0K(69888K)
[165.260s][info][gc,heap        ] GC(218) Tenured: 649597K(1398144K)->149260K(1398144K)
[165.260s][info][gc,metaspace   ] GC(218) Metaspace: 68214K(69312K)->68214K(69312K) NonClass: 59784K(60288K)->59784K(60288K) Class: 8429K(9024K)->8429K(9024K)
[165.260s][info][gc             ] GC(218) Pause Full (System.gc()) 802M->145M(1979M) 478.728ms
[165.260s][info][gc,cpu         ] GC(218) User=0.48s Sys=0.00s Real=0.48s
[165.565s][info][gc,start       ] GC(219) Pause Young (Allocation Failure)
[165.795s][info][gc,heap        ] GC(219) DefNew: 559360K(629248K)->69888K(629248K) Eden: 559360K(559360K)->0K(559360K) From: 0K(69888K)->69888K(69888K)
[165.795s][info][gc,heap        ] GC(219) Tenured: 149260K(1398144K)->195359K(1398144K)
[165.795s][info][gc,metaspace   ] GC(219) Metaspace: 68217K(69312K)->68217K(69312K) NonClass: 59788K(60288K)->59788K(60288K) Class: 8429K(9024K)->8429K(9024K)
[165.795s][info][gc             ] GC(219) Pause Young (Allocation Failure) 692M->259M(1979M) 229.723ms
[165.795s][info][gc,cpu         ] GC(219) User=0.22s Sys=0.00s Real=0.23s
[166.091s][info][gc,start       ] GC(220) Pause Young (Allocation Failure)
[166.418s][info][gc,heap        ] GC(220) DefNew: 629248K(629248K)->57317K(629248K) Eden: 559360K(559360K)->0K(559360K) From: 69888K(69888K)->57317K(69888K)
[166.418s][info][gc,heap        ] GC(220) Tenured: 195359K(1398144K)->252028K(1398144K)
[166.418s][info][gc,metaspace   ] GC(220) Metaspace: 68217K(69312K)->68217K(69312K) NonClass: 59788K(60288K)->59788K(60288K) Class: 8429K(9024K)->8429K(9024K)
[166.418s][info][gc             ] GC(220) Pause Young (Allocation Failure) 805M->302M(1979M) 327.433ms
[166.418s][info][gc,cpu         ] GC(220) User=0.34s Sys=0.00s Real=0.34s
[166.713s][info][gc,start       ] GC(221) Pause Young (Allocation Failure)
[166.988s][info][gc,heap        ] GC(221) DefNew: 616677K(629248K)->34514K(629248K) Eden: 559360K(559360K)->0K(559360K) From: 57317K(69888K)->34514K(69888K)
[166.989s][info][gc,heap        ] GC(221) Tenured: 252028K(1398144K)->300813K(1398144K)
[166.989s][info][gc,metaspace   ] GC(221) Metaspace: 68217K(69312K)->68217K(69312K) NonClass: 59788K(60288K)->59788K(60288K) Class: 8429K(9024K)->8429K(9024K)
[166.989s][info][gc             ] GC(221) Pause Young (Allocation Failure) 848M->327M(1979M) 275.505ms
[166.989s][info][gc,cpu         ] GC(221) User=0.28s Sys=0.00s Real=0.29s
[167.853s][info][gc,start       ] GC(222) Pause Young (Allocation Failure)
[168.251s][info][gc,heap        ] GC(222) DefNew: 593874K(629248K)->69888K(629248K) Eden: 559360K(559360K)->0K(559360K) From: 34514K(69888K)->69888K(69888K)
[168.251s][info][gc,heap        ] GC(222) Tenured: 300813K(1398144K)->374677K(1398144K)
[168.251s][info][gc,metaspace   ] GC(222) Metaspace: 68220K(69312K)->68220K(69312K) NonClass: 59790K(60288K)->59790K(60288K) Class: 8429K(9024K)->8429K(9024K)
[168.251s][info][gc             ] GC(222) Pause Young (Allocation Failure) 873M->434M(1979M) 397.973ms
[168.251s][info][gc,cpu         ] GC(222) User=0.39s Sys=0.00s Real=0.40s
[168.515s][info][gc,start       ] GC(223) Pause Young (Allocation Failure)
[168.888s][info][gc,heap        ] GC(223) DefNew: 629248K(629248K)->61275K(629248K) Eden: 559360K(559360K)->0K(559360K) From: 69888K(69888K)->61275K(69888K)
[168.888s][info][gc,heap        ] GC(223) Tenured: 374677K(1398144K)->444562K(1398144K)
[168.888s][info][gc,metaspace   ] GC(223) Metaspace: 68220K(69312K)->68220K(69312K) NonClass: 59790K(60288K)->59790K(60288K) Class: 8429K(9024K)->8429K(9024K)
[168.888s][info][gc             ] GC(223) Pause Young (Allocation Failure) 980M->493M(1979M) 373.242ms
[168.888s][info][gc,cpu         ] GC(223) User=0.39s Sys=0.00s Real=0.38s
[169.183s][info][gc,start       ] GC(224) Pause Young (Allocation Failure)
[169.498s][info][gc,heap        ] GC(224) DefNew: 620635K(629248K)->54215K(629248K) Eden: 559360K(559360K)->0K(559360K) From: 61275K(69888K)->54215K(69888K)
[169.498s][info][gc,heap        ] GC(224) Tenured: 444562K(1398144K)->489900K(1398144K)
[169.498s][info][gc,metaspace   ] GC(224) Metaspace: 68220K(69312K)->68220K(69312K) NonClass: 59790K(60288K)->59790K(60288K) Class: 8429K(9024K)->8429K(9024K)
[169.499s][info][gc             ] GC(224) Pause Young (Allocation Failure) 1040M->531M(1979M) 315.118ms
[169.499s][info][gc,cpu         ] GC(224) User=0.30s Sys=0.00s Real=0.30s
[170.393s][info][gc,start       ] GC(225) Pause Young (Allocation Failure)
[170.762s][info][gc,heap        ] GC(225) DefNew: 613575K(629248K)->52066K(629248K) Eden: 559360K(559360K)->0K(559360K) From: 54215K(69888K)->52066K(69888K)
[170.762s][info][gc,heap        ] GC(225) Tenured: 489900K(1398144K)->537778K(1398144K)
[170.762s][info][gc,metaspace   ] GC(225) Metaspace: 68220K(69312K)->68220K(69312K) NonClass: 59790K(60288K)->59790K(60288K) Class: 8429K(9024K)->8429K(9024K)
[170.762s][info][gc             ] GC(225) Pause Young (Allocation Failure) 1077M->576M(1979M) 368.348ms
[170.762s][info][gc,cpu         ] GC(225) User=0.36s Sys=0.00s Real=0.37s
[171.306s][info][gc,start       ] GC(226) Pause Young (Allocation Failure)
[171.495s][info][gc,heap        ] GC(226) DefNew: 611426K(629248K)->33864K(629248K) Eden: 559360K(559360K)->0K(559360K) From: 52066K(69888K)->33864K(69888K)
[171.495s][info][gc,heap        ] GC(226) Tenured: 537778K(1398144K)->557775K(1398144K)
[171.495s][info][gc,metaspace   ] GC(226) Metaspace: 68227K(69312K)->68227K(69312K) NonClass: 59797K(60288K)->59797K(60288K) Class: 8429K(9024K)->8429K(9024K)
[171.495s][info][gc             ] GC(226) Pause Young (Allocation Failure) 1122M->577M(1979M) 189.016ms
[171.496s][info][gc,cpu         ] GC(226) User=0.19s Sys=0.00s Real=0.19s
[171.909s][info][gc,start       ] GC(227) Pause Young (Allocation Failure)
[172.074s][info][gc,heap        ] GC(227) DefNew: 593224K(629248K)->66049K(629248K) Eden: 559360K(559360K)->0K(559360K) From: 33864K(69888K)->66049K(69888K)
[172.074s][info][gc,heap        ] GC(227) Tenured: 557775K(1398144K)->557775K(1398144K)
[172.074s][info][gc,metaspace   ] GC(227) Metaspace: 68228K(69312K)->68228K(69312K) NonClass: 59798K(60288K)->59798K(60288K) Class: 8430K(9024K)->8430K(9024K)
[172.074s][info][gc             ] GC(227) Pause Young (Allocation Failure) 1124M->609M(1979M) 164.433ms
[172.074s][info][gc,cpu         ] GC(227) User=0.17s Sys=0.00s Real=0.17s
[172.606s][info][gc,start       ] GC(228) Pause Young (Allocation Failure)
[172.700s][info][gc,heap        ] GC(228) DefNew: 625409K(629248K)->52957K(629248K) Eden: 559360K(559360K)->0K(559360K) From: 66049K(69888K)->52957K(69888K)
[172.701s][info][gc,heap        ] GC(228) Tenured: 557775K(1398144K)->557918K(1398144K)
[172.701s][info][gc,metaspace   ] GC(228) Metaspace: 68229K(69312K)->68229K(69312K) NonClass: 59799K(60288K)->59799K(60288K) Class: 8430K(9024K)->8430K(9024K)
[172.701s][info][gc             ] GC(228) Pause Young (Allocation Failure) 1155M->596M(1979M) 94.642ms
[172.701s][info][gc,cpu         ] GC(228) User=0.09s Sys=0.00s Real=0.09s
[173.004s][info][gc,start       ] GC(229) Pause Young (Allocation Failure)
[173.138s][info][gc,heap        ] GC(229) DefNew: 612317K(629248K)->69887K(629248K) Eden: 559360K(559360K)->0K(559360K) From: 52957K(69888K)->69887K(69888K)
[173.138s][info][gc,heap        ] GC(229) Tenured: 557918K(1398144K)->593298K(1398144K)
[173.138s][info][gc,metaspace   ] GC(229) Metaspace: 68229K(69312K)->68229K(69312K) NonClass: 59799K(60288K)->59799K(60288K) Class: 8430K(9024K)->8430K(9024K)
[173.138s][info][gc             ] GC(229) Pause Young (Allocation Failure) 1142M->647M(1979M) 133.782ms
[173.138s][info][gc,cpu         ] GC(229) User=0.14s Sys=0.00s Real=0.14s
[173.214s][info][gc,start       ] GC(230) Pause Full (System.gc())
[173.214s][info][gc,phases,start] GC(230) Phase 1: Mark live objects
[173.330s][info][gc,phases      ] GC(230) Phase 1: Mark live objects 116.395ms
[173.330s][info][gc,phases,start] GC(230) Phase 2: Compute new object addresses
[173.541s][info][gc,phases      ] GC(230) Phase 2: Compute new object addresses 210.613ms
[173.541s][info][gc,phases,start] GC(230) Phase 3: Adjust pointers
[173.617s][info][gc,phases      ] GC(230) Phase 3: Adjust pointers 75.390ms
[173.617s][info][gc,phases,start] GC(230) Phase 4: Move objects
[173.617s][info][gc,phases      ] GC(230) Phase 4: Move objects 0.081ms
[173.618s][info][gc,heap        ] GC(230) DefNew: 167478K(629248K)->0K(629248K) Eden: 97590K(559360K)->0K(559360K) From: 69887K(69888K)->0K(69888K)
[173.618s][info][gc,heap        ] GC(230) Tenured: 593298K(1398144K)->208780K(1398144K)
[173.618s][info][gc,metaspace   ] GC(230) Metaspace: 68229K(69312K)->68229K(69312K) NonClass: 59799K(60288K)->59799K(60288K) Class: 8430K(9024K)->8430K(9024K)
[173.618s][info][gc             ] GC(230) Pause Full (System.gc()) 742M->203M(1979M) 404.163ms
[173.618s][info][gc,cpu         ] GC(230) User=0.39s Sys=0.00s Real=0.40s
[173.911s][info][gc,start       ] GC(231) Pause Young (Allocation Failure)
[174.129s][info][gc,heap        ] GC(231) DefNew: 559360K(629248K)->69888K(629248K) Eden: 559360K(559360K)->0K(559360K) From: 0K(69888K)->69888K(69888K)
[174.129s][info][gc,heap        ] GC(231) Tenured: 208780K(1398144K)->255153K(1398144K)
[174.129s][info][gc,metaspace   ] GC(231) Metaspace: 68234K(69312K)->68234K(69312K) NonClass: 59804K(60288K)->59804K(60288K) Class: 8430K(9024K)->8430K(9024K)
[174.129s][info][gc             ] GC(231) Pause Young (Allocation Failure) 750M->317M(1979M) 217.940ms
[174.129s][info][gc,cpu         ] GC(231) User=0.22s Sys=0.00s Real=0.22s
[174.425s][info][gc,start       ] GC(232) Pause Young (Allocation Failure)
[174.749s][info][gc,heap        ] GC(232) DefNew: 629248K(629248K)->57381K(629248K) Eden: 559360K(559360K)->0K(559360K) From: 69888K(69888K)->57381K(69888K)
[174.749s][info][gc,heap        ] GC(232) Tenured: 255153K(1398144K)->311763K(1398144K)
[174.749s][info][gc,metaspace   ] GC(232) Metaspace: 68234K(69312K)->68234K(69312K) NonClass: 59804K(60288K)->59804K(60288K) Class: 8430K(9024K)->8430K(9024K)
[174.750s][info][gc             ] GC(232) Pause Young (Allocation Failure) 863M->360M(1979M) 324.598ms
[174.750s][info][gc,cpu         ] GC(232) User=0.33s Sys=0.00s Real=0.33s
[175.045s][info][gc,start       ] GC(233) Pause Young (Allocation Failure)
[175.337s][info][gc,heap        ] GC(233) DefNew: 616741K(629248K)->34329K(629248K) Eden: 559360K(559360K)->0K(559360K) From: 57381K(69888K)->34329K(69888K)
[175.337s][info][gc,heap        ] GC(233) Tenured: 311763K(1398144K)->360610K(1398144K)
[175.337s][info][gc,metaspace   ] GC(233) Metaspace: 68234K(69312K)->68234K(69312K) NonClass: 59804K(60288K)->59804K(60288K) Class: 8430K(9024K)->8430K(9024K)
[175.337s][info][gc             ] GC(233) Pause Young (Allocation Failure) 906M->385M(1979M) 292.148ms
[175.337s][info][gc,cpu         ] GC(233) User=0.30s Sys=0.00s Real=0.30s
[176.187s][info][gc,start       ] GC(234) Pause Young (Allocation Failure)
[176.576s][info][gc,heap        ] GC(234) DefNew: 593689K(629248K)->69888K(629248K) Eden: 559360K(559360K)->0K(559360K) From: 34329K(69888K)->69888K(69888K)
[176.576s][info][gc,heap        ] GC(234) Tenured: 360610K(1398144K)->434530K(1398144K)
[176.576s][info][gc,metaspace   ] GC(234) Metaspace: 68246K(69376K)->68246K(69376K) NonClass: 59815K(60352K)->59815K(60352K) Class: 8430K(9024K)->8430K(9024K)
[176.576s][info][gc             ] GC(234) Pause Young (Allocation Failure) 931M->492M(1979M) 389.450ms
[176.576s][info][gc,cpu         ] GC(234) User=0.39s Sys=0.00s Real=0.39s
[176.837s][info][gc,start       ] GC(235) Pause Young (Allocation Failure)
[177.220s][info][gc,heap        ] GC(235) DefNew: 629248K(629248K)->61119K(629248K) Eden: 559360K(559360K)->0K(559360K) From: 69888K(69888K)->61119K(69888K)
[177.220s][info][gc,heap        ] GC(235) Tenured: 434530K(1398144K)->496360K(1398144K)
[177.220s][info][gc,metaspace   ] GC(235) Metaspace: 68246K(69376K)->68246K(69376K) NonClass: 59815K(60352K)->59815K(60352K) Class: 8430K(9024K)->8430K(9024K)
[177.220s][info][gc             ] GC(235) Pause Young (Allocation Failure) 1038M->544M(1979M) 383.042ms
[177.220s][info][gc,cpu         ] GC(235) User=0.39s Sys=0.00s Real=0.38s
[177.519s][info][gc,start       ] GC(236) Pause Young (Allocation Failure)
[177.834s][info][gc,heap        ] GC(236) DefNew: 620479K(629248K)->54233K(629248K) Eden: 559360K(559360K)->0K(559360K) From: 61119K(69888K)->54233K(69888K)
[177.834s][info][gc,heap        ] GC(236) Tenured: 496360K(1398144K)->541517K(1398144K)
[177.834s][info][gc,metaspace   ] GC(236) Metaspace: 68246K(69376K)->68246K(69376K) NonClass: 59815K(60352K)->59815K(60352K) Class: 8430K(9024K)->8430K(9024K)
[177.834s][info][gc             ] GC(236) Pause Young (Allocation Failure) 1090M->581M(1979M) 314.519ms
[177.834s][info][gc,cpu         ] GC(236) User=0.31s Sys=0.00s Real=0.32s
[178.722s][info][gc,start       ] GC(237) Pause Young (Allocation Failure)
[179.086s][info][gc,heap        ] GC(237) DefNew: 613593K(629248K)->43853K(629248K) Eden: 559360K(559360K)->0K(559360K) From: 54233K(69888K)->43853K(69888K)
[179.086s][info][gc,heap        ] GC(237) Tenured: 541517K(1398144K)->589440K(1398144K)
[179.086s][info][gc,metaspace   ] GC(237) Metaspace: 68275K(69376K)->68275K(69376K) NonClass: 59844K(60352K)->59844K(60352K) Class: 8430K(9024K)->8430K(9024K)
[179.086s][info][gc             ] GC(237) Pause Young (Allocation Failure) 1128M->618M(1979M) 363.577ms
[179.086s][info][gc,cpu         ] GC(237) User=0.36s Sys=0.02s Real=0.37s
[179.625s][info][gc,start       ] GC(238) Pause Young (Allocation Failure)
[179.816s][info][gc,heap        ] GC(238) DefNew: 603213K(629248K)->33846K(629248K) Eden: 559360K(559360K)->0K(559360K) From: 43853K(69888K)->33846K(69888K)
[179.817s][info][gc,heap        ] GC(238) Tenured: 589440K(1398144K)->609230K(1398144K)
[179.817s][info][gc,metaspace   ] GC(238) Metaspace: 68292K(69376K)->68292K(69376K) NonClass: 59861K(60352K)->59861K(60352K) Class: 8431K(9024K)->8431K(9024K)
[179.817s][info][gc             ] GC(238) Pause Young (Allocation Failure) 1164M->628M(1979M) 191.854ms
[179.817s][info][gc,cpu         ] GC(238) User=0.19s Sys=0.00s Real=0.19s
[180.249s][info][gc,start       ] GC(239) Pause Young (Allocation Failure)
[180.413s][info][gc,heap        ] GC(239) DefNew: 593206K(629248K)->66733K(629248K) Eden: 559360K(559360K)->0K(559360K) From: 33846K(69888K)->66733K(69888K)
[180.413s][info][gc,heap        ] GC(239) Tenured: 609230K(1398144K)->609230K(1398144K)
[180.413s][info][gc,metaspace   ] GC(239) Metaspace: 68300K(69376K)->68300K(69376K) NonClass: 59869K(60352K)->59869K(60352K) Class: 8431K(9024K)->8431K(9024K)
[180.413s][info][gc             ] GC(239) Pause Young (Allocation Failure) 1174M->660M(1979M) 164.144ms
[180.413s][info][gc,cpu         ] GC(239) User=0.16s Sys=0.00s Real=0.16s
[180.890s][info][gc,start       ] GC(240) Pause Young (Allocation Failure)
[180.999s][info][gc,heap        ] GC(240) DefNew: 626093K(629248K)->69887K(629248K) Eden: 559360K(559360K)->0K(559360K) From: 66733K(69888K)->69887K(69888K)
[180.999s][info][gc,heap        ] GC(240) Tenured: 609230K(1398144K)->614286K(1398144K)
[180.999s][info][gc,metaspace   ] GC(240) Metaspace: 68301K(69376K)->68301K(69376K) NonClass: 59870K(60352K)->59870K(60352K) Class: 8431K(9024K)->8431K(9024K)
[181.000s][info][gc             ] GC(240) Pause Young (Allocation Failure) 1206M->668M(1979M) 109.900ms
[181.000s][info][gc,cpu         ] GC(240) User=0.11s Sys=0.00s Real=0.11s
[181.300s][info][gc,start       ] GC(241) Pause Young (Allocation Failure)
[181.430s][info][gc,heap        ] GC(241) DefNew: 629247K(629248K)->69888K(629248K) Eden: 559360K(559360K)->0K(559360K) From: 69887K(69888K)->69888K(69888K)
[181.430s][info][gc,heap        ] GC(241) Tenured: 614286K(1398144K)->644748K(1398144K)
[181.430s][info][gc,metaspace   ] GC(241) Metaspace: 68302K(69376K)->68302K(69376K) NonClass: 59871K(60352K)->59871K(60352K) Class: 8431K(9024K)->8431K(9024K)
[181.430s][info][gc             ] GC(241) Pause Young (Allocation Failure) 1214M->697M(1979M) 130.175ms
[181.430s][info][gc,cpu         ] GC(241) User=0.13s Sys=0.00s Real=0.12s
[181.511s][info][gc,start       ] GC(242) Pause Full (System.gc())
[181.511s][info][gc,phases,start] GC(242) Phase 1: Mark live objects
[181.626s][info][gc,phases      ] GC(242) Phase 1: Mark live objects 114.659ms
[181.626s][info][gc,phases,start] GC(242) Phase 2: Compute new object addresses
[181.836s][info][gc,phases      ] GC(242) Phase 2: Compute new object addresses 210.283ms
[181.836s][info][gc,phases,start] GC(242) Phase 3: Adjust pointers
[181.911s][info][gc,phases      ] GC(242) Phase 3: Adjust pointers 75.234ms
[181.911s][info][gc,phases,start] GC(242) Phase 4: Move objects
[181.911s][info][gc,phases      ] GC(242) Phase 4: Move objects 0.088ms
[181.913s][info][gc,heap        ] GC(242) DefNew: 171804K(629248K)->0K(629248K) Eden: 101916K(559360K)->0K(559360K) From: 69888K(69888K)->0K(69888K)
[181.913s][info][gc,heap        ] GC(242) Tenured: 644748K(1398144K)->208987K(1398144K)
[181.913s][info][gc,metaspace   ] GC(242) Metaspace: 68302K(69376K)->68302K(69376K) NonClass: 59871K(60352K)->59871K(60352K) Class: 8431K(9024K)->8431K(9024K)
[181.913s][info][gc             ] GC(242) Pause Full (System.gc()) 797M->204M(1979M) 401.966ms
[181.913s][info][gc,cpu         ] GC(242) User=0.41s Sys=0.00s Real=0.41s
[182.206s][info][gc,start       ] GC(243) Pause Young (Allocation Failure)
[182.431s][info][gc,heap        ] GC(243) DefNew: 559360K(629248K)->69887K(629248K) Eden: 559360K(559360K)->0K(559360K) From: 0K(69888K)->69887K(69888K)
[182.431s][info][gc,heap        ] GC(243) Tenured: 208987K(1398144K)->255312K(1398144K)
[182.431s][info][gc,metaspace   ] GC(243) Metaspace: 68303K(69376K)->68303K(69376K) NonClass: 59872K(60352K)->59872K(60352K) Class: 8431K(9024K)->8431K(9024K)
[182.431s][info][gc             ] GC(243) Pause Young (Allocation Failure) 750M->317M(1979M) 225.283ms
[182.431s][info][gc,cpu         ] GC(243) User=0.23s Sys=0.00s Real=0.23s
[182.738s][info][gc,start       ] GC(244) Pause Young (Allocation Failure)
[183.049s][info][gc,heap        ] GC(244) DefNew: 629247K(629248K)->57345K(629248K) Eden: 559360K(559360K)->0K(559360K) From: 69887K(69888K)->57345K(69888K)
[183.049s][info][gc,heap        ] GC(244) Tenured: 255312K(1398144K)->311947K(1398144K)
[183.049s][info][gc,metaspace   ] GC(244) Metaspace: 68303K(69376K)->68303K(69376K) NonClass: 59872K(60352K)->59872K(60352K) Class: 8431K(9024K)->8431K(9024K)
[183.049s][info][gc             ] GC(244) Pause Young (Allocation Failure) 863M->360M(1979M) 311.163ms
[183.049s][info][gc,cpu         ] GC(244) User=0.30s Sys=0.00s Real=0.30s
[183.346s][info][gc,start       ] GC(245) Pause Young (Allocation Failure)
[183.619s][info][gc,heap        ] GC(245) DefNew: 616705K(629248K)->34354K(629248K) Eden: 559360K(559360K)->0K(559360K) From: 57345K(69888K)->34354K(69888K)
[183.619s][info][gc,heap        ] GC(245) Tenured: 311947K(1398144K)->360769K(1398144K)
[183.619s][info][gc,metaspace   ] GC(245) Metaspace: 68303K(69376K)->68303K(69376K) NonClass: 59872K(60352K)->59872K(60352K) Class: 8431K(9024K)->8431K(9024K)
[183.619s][info][gc             ] GC(245) Pause Young (Allocation Failure) 906M->385M(1979M) 273.471ms
[183.619s][info][gc,cpu         ] GC(245) User=0.28s Sys=0.00s Real=0.28s
[184.504s][info][gc,start       ] GC(246) Pause Young (Allocation Failure)
[184.898s][info][gc,heap        ] GC(246) DefNew: 593714K(629248K)->69888K(629248K) Eden: 559360K(559360K)->0K(559360K) From: 34354K(69888K)->69888K(69888K)
[184.898s][info][gc,heap        ] GC(246) Tenured: 360769K(1398144K)->434806K(1398144K)
[184.898s][info][gc,metaspace   ] GC(246) Metaspace: 68314K(69376K)->68314K(69376K) NonClass: 59883K(60352K)->59883K(60352K) Class: 8431K(9024K)->8431K(9024K)
[184.898s][info][gc             ] GC(246) Pause Young (Allocation Failure) 932M->492M(1979M) 393.663ms
[184.898s][info][gc,cpu         ] GC(246) User=0.39s Sys=0.00s Real=0.39s
[185.160s][info][gc,start       ] GC(247) Pause Young (Allocation Failure)
[185.552s][info][gc,heap        ] GC(247) DefNew: 629248K(629248K)->61190K(629248K) Eden: 559360K(559360K)->0K(559360K) From: 69888K(69888K)->61190K(69888K)
[185.552s][info][gc,heap        ] GC(247) Tenured: 434806K(1398144K)->504692K(1398144K)
[185.552s][info][gc,metaspace   ] GC(247) Metaspace: 68314K(69376K)->68314K(69376K) NonClass: 59883K(60352K)->59883K(60352K) Class: 8431K(9024K)->8431K(9024K)
[185.552s][info][gc             ] GC(247) Pause Young (Allocation Failure) 1039M->552M(1979M) 392.004ms
[185.552s][info][gc,cpu         ] GC(247) User=0.39s Sys=0.00s Real=0.39s
[185.848s][info][gc,start       ] GC(248) Pause Young (Allocation Failure)
[186.162s][info][gc,heap        ] GC(248) DefNew: 620550K(629248K)->54103K(629248K) Eden: 559360K(559360K)->0K(559360K) From: 61190K(69888K)->54103K(69888K)
[186.162s][info][gc,heap        ] GC(248) Tenured: 504692K(1398144K)->549921K(1398144K)
[186.162s][info][gc,metaspace   ] GC(248) Metaspace: 68314K(69376K)->68314K(69376K) NonClass: 59883K(60352K)->59883K(60352K) Class: 8431K(9024K)->8431K(9024K)
[186.162s][info][gc             ] GC(248) Pause Young (Allocation Failure) 1098M->589M(1979M) 314.042ms
[186.162s][info][gc,cpu         ] GC(248) User=0.31s Sys=0.00s Real=0.31s
[187.068s][info][gc,start       ] GC(249) Pause Young (Allocation Failure)
[187.404s][info][gc,heap        ] GC(249) DefNew: 613463K(629248K)->43904K(629248K) Eden: 559360K(559360K)->0K(559360K) From: 54103K(69888K)->43904K(69888K)
[187.404s][info][gc,heap        ] GC(249) Tenured: 549921K(1398144K)->597725K(1398144K)
[187.404s][info][gc,metaspace   ] GC(249) Metaspace: 68316K(69376K)->68316K(69376K) NonClass: 59885K(60352K)->59885K(60352K) Class: 8431K(9024K)->8431K(9024K)
[187.404s][info][gc             ] GC(249) Pause Young (Allocation Failure) 1136M->626M(1979M) 336.042ms
[187.405s][info][gc,cpu         ] GC(249) User=0.33s Sys=0.00s Real=0.33s
[187.948s][info][gc,start       ] GC(250) Pause Young (Allocation Failure)
[188.138s][info][gc,heap        ] GC(250) DefNew: 603264K(629248K)->33849K(629248K) Eden: 559360K(559360K)->0K(559360K) From: 43904K(69888K)->33849K(69888K)
[188.138s][info][gc,heap        ] GC(250) Tenured: 597725K(1398144K)->617517K(1398144K)
[188.138s][info][gc,metaspace   ] GC(250) Metaspace: 68335K(69440K)->68335K(69440K) NonClass: 59904K(60416K)->59904K(60416K) Class: 8431K(9024K)->8431K(9024K)
[188.138s][info][gc             ] GC(250) Pause Young (Allocation Failure) 1172M->636M(1979M) 190.353ms
[188.138s][info][gc,cpu         ] GC(250) User=0.19s Sys=0.00s Real=0.19s
[188.551s][info][gc,start       ] GC(251) Pause Young (Allocation Failure)
[188.717s][info][gc,heap        ] GC(251) DefNew: 593209K(629248K)->66995K(629248K) Eden: 559360K(559360K)->0K(559360K) From: 33849K(69888K)->66995K(69888K)
[188.717s][info][gc,heap        ] GC(251) Tenured: 617517K(1398144K)->617517K(1398144K)
[188.717s][info][gc,metaspace   ] GC(251) Metaspace: 68336K(69440K)->68336K(69440K) NonClass: 59904K(60416K)->59904K(60416K) Class: 8431K(9024K)->8431K(9024K)
[188.717s][info][gc             ] GC(251) Pause Young (Allocation Failure) 1182M->668M(1979M) 165.530ms
[188.717s][info][gc,cpu         ] GC(251) User=0.17s Sys=0.00s Real=0.17s
[189.307s][info][gc,start       ] GC(252) Pause Young (Allocation Failure)
[189.410s][info][gc,heap        ] GC(252) DefNew: 626355K(629248K)->57109K(629248K) Eden: 559360K(559360K)->0K(559360K) From: 66995K(69888K)->57109K(69888K)
[189.410s][info][gc,heap        ] GC(252) Tenured: 617517K(1398144K)->617656K(1398144K)
[189.410s][info][gc,metaspace   ] GC(252) Metaspace: 68340K(69440K)->68340K(69440K) NonClass: 59908K(60416K)->59908K(60416K) Class: 8431K(9024K)->8431K(9024K)
[189.410s][info][gc             ] GC(252) Pause Young (Allocation Failure) 1214M->658M(1979M) 103.718ms
[189.410s][info][gc,cpu         ] GC(252) User=0.11s Sys=0.00s Real=0.11s
[189.705s][info][gc,start       ] GC(253) Pause Young (Allocation Failure)
[189.837s][info][gc,heap        ] GC(253) DefNew: 616469K(629248K)->69888K(629248K) Eden: 559360K(559360K)->0K(559360K) From: 57109K(69888K)->69888K(69888K)
[189.837s][info][gc,heap        ] GC(253) Tenured: 617656K(1398144K)->653039K(1398144K)
[189.837s][info][gc,metaspace   ] GC(253) Metaspace: 68348K(69440K)->68348K(69440K) NonClass: 59917K(60416K)->59917K(60416K) Class: 8431K(9024K)->8431K(9024K)
[189.837s][info][gc             ] GC(253) Pause Young (Allocation Failure) 1205M->705M(1979M) 131.535ms
[189.837s][info][gc,cpu         ] GC(253) User=0.13s Sys=0.00s Real=0.13s
[190.064s][info][gc,heap,exit   ] Heap
[190.064s][info][gc,heap,exit   ]  def new generation   total 629248K, used 263108K [0x0000000700000000, 0x000000072aac0000, 0x0000000755550000)
[190.064s][info][gc,heap,exit   ]   eden space 559360K,  34% used [0x0000000700000000, 0x000000070bcb10f8, 0x0000000722240000)
[190.064s][info][gc,heap,exit   ]   from space 69888K, 100% used [0x0000000722240000, 0x0000000726680000, 0x0000000726680000)
[190.064s][info][gc,heap,exit   ]   to   space 69888K,   0% used [0x0000000726680000, 0x0000000726680000, 0x000000072aac0000)
[190.064s][info][gc,heap,exit   ]  tenured generation   total 1398144K, used 653039K [0x0000000755550000, 0x00000007aaab0000, 0x0000000800000000)
[190.064s][info][gc,heap,exit   ]    the space 1398144K,  46% used [0x0000000755550000, 0x000000077d30be78, 0x000000077d30c000, 0x00000007aaab0000)
[190.064s][info][gc,heap,exit   ]  Metaspace       used 68737K, committed 69760K, reserved 1114112K
[190.064s][info][gc,heap,exit   ]   class space    used 8517K, committed 9024K, reserved 1048576K
