[0.018s][info][gc,init] Initializing The Z Garbage Collector
[0.018s][info][gc,init] Version: 20+36-2344 (release)
[0.018s][info][gc,init] NUMA Support: Disabled
[0.018s][info][gc,init] CPUs: 48 total, 48 available
[0.019s][info][gc,init] Memory: 391843M
[0.019s][info][gc,init] Large Page Support: Disabled
[0.019s][info][gc,init] GC Workers: 12 (dynamic)
[0.020s][info][gc,init] Address Space Type: Contiguous/Unrestricted/Complete
[0.020s][info][gc,init] Address Space Size: 65536M x 3 = 196608M
[0.021s][info][gc,init] Min Capacity: 8M
[0.021s][info][gc,init] Initial Capacity: 2048M
[0.031s][info][gc,init] Max Capacity: 4096M
[0.031s][info][gc,init] Medium Page Size: 32M
[0.031s][info][gc,init] Pre-touch: Disabled
[0.031s][info][gc,init] Uncommit: Enabled
[0.031s][info][gc,init] Uncommit Delay: 300s
[0.112s][info][gc,init] Runtime Workers: 29
[0.114s][info][gc     ] Using The Z Garbage Collector
[0.116s][info][gc,metaspace] CDS archive(s) mapped at: [0x0000000800000000-0x0000000800c60000-0x0000000800c60000), size 12976128, SharedBaseAddress: 0x0000000800000000, ArchiveRelocationMode: 0.
[0.116s][info][gc,metaspace] Compressed class space mapped at: 0x0000000801000000-0x0000000841000000, reserved size: 1073741824
[0.116s][info][gc,metaspace] Narrow klass base: 0x0000000800000000, Narrow klass shift: 0, Narrow klass range: 0x100000000
[9.505s][info][gc,start    ] GC(0) Garbage Collection (Metadata GC Threshold)
[9.505s][info][gc,task     ] GC(0) Using 12 workers
[9.505s][info][gc,phases   ] GC(0) Pause Mark Start 0.012ms
[9.531s][info][gc,phases   ] GC(0) Concurrent Mark 26.192ms
[9.532s][info][gc,phases   ] GC(0) Pause Mark End 0.026ms
[9.532s][info][gc,phases   ] GC(0) Concurrent Mark Free 0.001ms
[9.534s][info][gc,phases   ] GC(0) Concurrent Process Non-Strong References 2.299ms
[9.534s][info][gc,phases   ] GC(0) Concurrent Reset Relocation Set 0.001ms
[9.549s][info][gc,phases   ] GC(0) Concurrent Select Relocation Set 14.800ms
[9.549s][info][gc,phases   ] GC(0) Pause Relocate Start 0.009ms
[9.554s][info][gc,phases   ] GC(0) Concurrent Relocate 4.837ms
[9.554s][info][gc,load     ] GC(0) Load: 0.00/0.00/0.00
[9.554s][info][gc,mmu      ] GC(0) MMU: 2ms/98.7%, 5ms/99.5%, 10ms/99.7%, 20ms/99.8%, 50ms/99.9%, 100ms/100.0%
[9.554s][info][gc,marking  ] GC(0) Mark: 8 stripe(s), 2 proactive flush(es), 2 terminate flush(es), 0 completion(s), 0 continuation(s) 
[9.554s][info][gc,marking  ] GC(0) Mark Stack Usage: 32M
[9.554s][info][gc,nmethod  ] GC(0) NMethods: 1862 registered, 324 unregistered
[9.554s][info][gc,metaspace] GC(0) Metaspace: 21M used, 21M committed, 1088M reserved
[9.555s][info][gc,ref      ] GC(0) Soft: 3531 encountered, 0 discovered, 0 enqueued
[9.555s][info][gc,ref      ] GC(0) Weak: 1704 encountered, 679 discovered, 502 enqueued
[9.555s][info][gc,ref      ] GC(0) Final: 1 encountered, 1 discovered, 0 enqueued
[9.555s][info][gc,ref      ] GC(0) Phantom: 958 encountered, 878 discovered, 377 enqueued
[9.555s][info][gc,reloc    ] GC(0) Small Pages: 50 / 100M, Empty: 0M, Relocated: 8M, In-Place: 0
[9.555s][info][gc,reloc    ] GC(0) Medium Pages: 1 / 32M, Empty: 0M, Relocated: 0M, In-Place: 0
[9.555s][info][gc,reloc    ] GC(0) Large Pages: 0 / 0M, Empty: 0M, Relocated: 0M, In-Place: 0
[9.555s][info][gc,reloc    ] GC(0) Forwarding Usage: 2M
[9.555s][info][gc,heap     ] GC(0) Min Capacity: 8M(0%)
[9.555s][info][gc,heap     ] GC(0) Max Capacity: 4096M(100%)
[9.555s][info][gc,heap     ] GC(0) Soft Max Capacity: 4096M(100%)
[9.555s][info][gc,heap     ] GC(0)                Mark Start          Mark End        Relocate Start      Relocate End           High               Low         
[9.555s][info][gc,heap     ] GC(0)  Capacity:     2048M (50%)        2048M (50%)        2048M (50%)        2048M (50%)        2048M (50%)        2048M (50%)    
[9.555s][info][gc,heap     ] GC(0)      Free:     3964M (97%)        3958M (97%)        3954M (97%)        4022M (98%)        4022M (98%)        3940M (96%)    
[9.555s][info][gc,heap     ] GC(0)      Used:      132M (3%)          138M (3%)          142M (3%)           74M (2%)          156M (4%)           74M (2%)     
[9.555s][info][gc,heap     ] GC(0)      Live:         -                19M (0%)           19M (0%)           19M (0%)             -                  -          
[9.555s][info][gc,heap     ] GC(0) Allocated:         -                 6M (0%)           10M (0%)            9M (0%)             -                  -          
[9.555s][info][gc,heap     ] GC(0)   Garbage:         -               112M (3%)          112M (3%)           44M (1%)             -                  -          
[9.555s][info][gc,heap     ] GC(0) Reclaimed:         -                  -                 0M (0%)           67M (2%)             -                  -          
[9.555s][info][gc          ] GC(0) Garbage Collection (Metadata GC Threshold) 132M(3%)->74M(2%)
[10.156s][info][gc,stats    ] === Garbage Collection Statistics =======================================================================================================================
[10.157s][info][gc,stats    ]                                                              Last 10s              Last 10m              Last 10h                Total
[10.157s][info][gc,stats    ]                                                              Avg / Max             Avg / Max             Avg / Max             Avg / Max
[10.157s][info][gc,stats    ]   Collector: Garbage Collection Cycle                     49.676 / 49.676       49.676 / 49.676       49.676 / 49.676       49.676 / 49.676      ms
[10.157s][info][gc,stats    ]  Contention: Mark Segment Reset Contention                     0 / 0                 0 / 0                 0 / 0                 0 / 0           ops/s
[10.157s][info][gc,stats    ]  Contention: Mark SeqNum Reset Contention                      0 / 2                 0 / 2                 0 / 2                 0 / 2           ops/s
[10.157s][info][gc,stats    ]    Critical: Allocation Stall                                  0 / 0                 0 / 0                 0 / 0                 0 / 0           ops/s
[10.157s][info][gc,stats    ]    Critical: Allocation Stall                              0.000 / 0.000         0.000 / 0.000         0.000 / 0.000         0.000 / 0.000       ms
[10.157s][info][gc,stats    ]    Critical: GC Locker Stall                                   0 / 0                 0 / 0                 0 / 0                 0 / 0           ops/s
[10.157s][info][gc,stats    ]    Critical: GC Locker Stall                               0.000 / 0.000         0.000 / 0.000         0.000 / 0.000         0.000 / 0.000       ms
[10.157s][info][gc,stats    ]    Critical: Relocation Stall                                  0 / 0                 0 / 0                 0 / 0                 0 / 0           ops/s
[10.157s][info][gc,stats    ]    Critical: Relocation Stall                              0.000 / 0.000         0.000 / 0.000         0.000 / 0.000         0.000 / 0.000       ms
[10.157s][info][gc,stats    ]      Memory: Allocation Rate                                  19 / 82               19 / 82               19 / 82               19 / 82          MB/s
[10.157s][info][gc,stats    ]      Memory: Defragment                                        0 / 0                 0 / 0                 0 / 0                 0 / 0           ops/s
[10.157s][info][gc,stats    ]      Memory: Out Of Memory                                     0 / 0                 0 / 0                 0 / 0                 0 / 0           ops/s
[10.157s][info][gc,stats    ]      Memory: Page Cache Flush                                  0 / 0                 0 / 0                 0 / 0                 0 / 0           MB/s
[10.157s][info][gc,stats    ]      Memory: Page Cache Hit L1                                 3 / 32                3 / 32                3 / 32                3 / 32          ops/s
[10.157s][info][gc,stats    ]      Memory: Page Cache Hit L2                                 0 / 0                 0 / 0                 0 / 0                 0 / 0           ops/s
[10.157s][info][gc,stats    ]      Memory: Page Cache Hit L3                                 6 / 21                6 / 21                6 / 21                6 / 21          ops/s
[10.157s][info][gc,stats    ]      Memory: Page Cache Miss                                   0 / 1                 0 / 1                 0 / 1                 0 / 1           ops/s
[10.157s][info][gc,stats    ]      Memory: Uncommit                                          0 / 0                 0 / 0                 0 / 0                 0 / 0           MB/s
[10.157s][info][gc,stats    ]      Memory: Undo Object Allocation Failed                     0 / 0                 0 / 0                 0 / 0                 0 / 0           ops/s
[10.157s][info][gc,stats    ]      Memory: Undo Object Allocation Succeeded                  0 / 0                 0 / 0                 0 / 0                 0 / 0           ops/s
[10.157s][info][gc,stats    ]      Memory: Undo Page Allocation                              0 / 0                 0 / 0                 0 / 0                 0 / 0           ops/s
[10.157s][info][gc,stats    ]       Phase: Concurrent Mark                              26.192 / 26.192       26.192 / 26.192       26.192 / 26.192       26.192 / 26.192      ms
[10.157s][info][gc,stats    ]       Phase: Concurrent Mark Continue                      0.000 / 0.000         0.000 / 0.000         0.000 / 0.000         0.000 / 0.000       ms
[10.157s][info][gc,stats    ]       Phase: Concurrent Mark Free                          0.001 / 0.001         0.001 / 0.001         0.001 / 0.001         0.001 / 0.001       ms
[10.158s][info][gc,stats    ]       Phase: Concurrent Process Non-Strong References      2.299 / 2.299         2.299 / 2.299         2.299 / 2.299         2.299 / 2.299       ms
[10.158s][info][gc,stats    ]       Phase: Concurrent Relocate                           4.837 / 4.837         4.837 / 4.837         4.837 / 4.837         4.837 / 4.837       ms
[10.158s][info][gc,stats    ]       Phase: Concurrent Reset Relocation Set               0.001 / 0.001         0.001 / 0.001         0.001 / 0.001         0.001 / 0.001       ms
[10.158s][info][gc,stats    ]       Phase: Concurrent Select Relocation Set             14.800 / 14.800       14.800 / 14.800       14.800 / 14.800       14.800 / 14.800      ms
[10.158s][info][gc,stats    ]       Phase: Pause Mark End                                0.026 / 0.026         0.026 / 0.026         0.026 / 0.026         0.026 / 0.026       ms
[10.158s][info][gc,stats    ]       Phase: Pause Mark Start                              0.012 / 0.012         0.012 / 0.012         0.012 / 0.012         0.012 / 0.012       ms
[10.158s][info][gc,stats    ]       Phase: Pause Relocate Start                          0.009 / 0.009         0.009 / 0.009         0.009 / 0.009         0.009 / 0.009       ms
[10.158s][info][gc,stats    ]    Subphase: Concurrent Classes Purge                      1.289 / 1.289         1.289 / 1.289         1.289 / 1.289         1.289 / 1.289       ms
[10.158s][info][gc,stats    ]    Subphase: Concurrent Classes Unlink                     0.711 / 0.711         0.711 / 0.711         0.711 / 0.711         0.711 / 0.711       ms
[10.158s][info][gc,stats    ]    Subphase: Concurrent Mark                              22.563 / 23.556       22.563 / 23.556       22.563 / 23.556       22.563 / 23.556      ms
[10.158s][info][gc,stats    ]    Subphase: Concurrent Mark Try Flush                     0.059 / 0.134         0.059 / 0.134         0.059 / 0.134         0.059 / 0.134       ms
[10.158s][info][gc,stats    ]    Subphase: Concurrent Mark Try Terminate                10.204 / 14.577       10.204 / 14.577       10.204 / 14.577       10.204 / 14.577      ms
[10.158s][info][gc,stats    ]    Subphase: Concurrent References Enqueue                 0.004 / 0.004         0.004 / 0.004         0.004 / 0.004         0.004 / 0.004       ms
[10.158s][info][gc,stats    ]    Subphase: Concurrent References Process                 0.107 / 0.107         0.107 / 0.107         0.107 / 0.107         0.107 / 0.107       ms
[10.158s][info][gc,stats    ]    Subphase: Concurrent Roots ClassLoaderDataGraph         0.075 / 0.464         0.075 / 0.464         0.075 / 0.464         0.075 / 0.464       ms
[10.158s][info][gc,stats    ]    Subphase: Concurrent Roots CodeCache                    0.000 / 0.000         0.000 / 0.000         0.000 / 0.000         0.000 / 0.000       ms
[10.158s][info][gc,stats    ]    Subphase: Concurrent Roots JavaThreads                  0.552 / 2.320         0.552 / 2.320         0.552 / 2.320         0.552 / 2.320       ms
[10.158s][info][gc,stats    ]    Subphase: Concurrent Roots OopStorageSet                0.146 / 0.272         0.146 / 0.272         0.146 / 0.272         0.146 / 0.272       ms
[10.158s][info][gc,stats    ]    Subphase: Concurrent Weak Roots OopStorageSet           0.099 / 0.105         0.099 / 0.105         0.099 / 0.105         0.099 / 0.105       ms
[10.158s][info][gc,stats    ]    Subphase: Pause Mark Try Complete                       0.000 / 0.000         0.000 / 0.000         0.000 / 0.000         0.000 / 0.000       ms
[10.158s][info][gc,stats    ]      System: Java Threads                                     18 / 18               18 / 18               18 / 18               18 / 18          threads
[10.158s][info][gc,stats    ] =========================================================================================================================================================
[10.591s][info][gc,start    ] GC(1) Garbage Collection (Metadata GC Threshold)
[10.591s][info][gc,task     ] GC(1) Using 12 workers
[10.591s][info][gc,phases   ] GC(1) Pause Mark Start 0.014ms
[10.618s][info][gc,phases   ] GC(1) Concurrent Mark 26.294ms
[10.618s][info][gc,phases   ] GC(1) Pause Mark End 0.046ms
[10.618s][info][gc,phases   ] GC(1) Concurrent Mark Free 0.001ms
[10.620s][info][gc,phases   ] GC(1) Concurrent Process Non-Strong References 1.557ms
[10.620s][info][gc,phases   ] GC(1) Concurrent Reset Relocation Set 0.005ms
[10.627s][info][gc,phases   ] GC(1) Concurrent Select Relocation Set 7.837ms
[10.628s][info][gc,phases   ] GC(1) Pause Relocate Start 0.009ms
[10.633s][info][gc,phases   ] GC(1) Concurrent Relocate 5.583ms
[10.633s][info][gc,load     ] GC(1) Load: 0.00/0.00/0.00
[10.633s][info][gc,mmu      ] GC(1) MMU: 2ms/97.7%, 5ms/99.1%, 10ms/99.4%, 20ms/99.7%, 50ms/99.9%, 100ms/99.9%
[10.633s][info][gc,marking  ] GC(1) Mark: 8 stripe(s), 2 proactive flush(es), 1 terminate flush(es), 1 completion(s), 0 continuation(s) 
[10.633s][info][gc,marking  ] GC(1) Mark Stack Usage: 32M
[10.633s][info][gc,nmethod  ] GC(1) NMethods: 2720 registered, 144 unregistered
[10.633s][info][gc,metaspace] GC(1) Metaspace: 35M used, 36M committed, 1088M reserved
[10.633s][info][gc,ref      ] GC(1) Soft: 3853 encountered, 0 discovered, 0 enqueued
[10.633s][info][gc,ref      ] GC(1) Weak: 2830 encountered, 1128 discovered, 488 enqueued
[10.633s][info][gc,ref      ] GC(1) Final: 124 encountered, 5 discovered, 0 enqueued
[10.633s][info][gc,ref      ] GC(1) Phantom: 958 encountered, 834 discovered, 367 enqueued
[10.633s][info][gc,reloc    ] GC(1) Small Pages: 65 / 130M, Empty: 0M, Relocated: 15M, In-Place: 0
[10.633s][info][gc,reloc    ] GC(1) Medium Pages: 1 / 32M, Empty: 0M, Relocated: 0M, In-Place: 0
[10.633s][info][gc,reloc    ] GC(1) Large Pages: 0 / 0M, Empty: 0M, Relocated: 0M, In-Place: 0
[10.634s][info][gc,reloc    ] GC(1) Forwarding Usage: 5M
[10.634s][info][gc,heap     ] GC(1) Min Capacity: 8M(0%)
[10.634s][info][gc,heap     ] GC(1) Max Capacity: 4096M(100%)
[10.634s][info][gc,heap     ] GC(1) Soft Max Capacity: 4096M(100%)
[10.634s][info][gc,heap     ] GC(1)                Mark Start          Mark End        Relocate Start      Relocate End           High               Low         
[10.634s][info][gc,heap     ] GC(1)  Capacity:     2048M (50%)        2048M (50%)        2048M (50%)        2048M (50%)        2048M (50%)        2048M (50%)    
[10.634s][info][gc,heap     ] GC(1)      Free:     3934M (96%)        3928M (96%)        3924M (96%)        4014M (98%)        4014M (98%)        3914M (96%)    
[10.634s][info][gc,heap     ] GC(1)      Used:      162M (4%)          168M (4%)          172M (4%)           82M (2%)          182M (4%)           82M (2%)     
[10.634s][info][gc,heap     ] GC(1)      Live:         -                26M (1%)           26M (1%)           26M (1%)             -                  -          
[10.634s][info][gc,heap     ] GC(1) Allocated:         -                 6M (0%)           10M (0%)           17M (0%)             -                  -          
[10.634s][info][gc,heap     ] GC(1)   Garbage:         -               135M (3%)          135M (3%)           37M (1%)             -                  -          
[10.634s][info][gc,heap     ] GC(1) Reclaimed:         -                  -                 0M (0%)           97M (2%)             -                  -          
[10.634s][info][gc          ] GC(1) Garbage Collection (Metadata GC Threshold) 162M(4%)->82M(2%)
[11.452s][info][gc,start    ] GC(2) Garbage Collection (Warmup)
[11.452s][info][gc,task     ] GC(2) Using 12 workers
[11.453s][info][gc,phases   ] GC(2) Pause Mark Start 0.017ms
[12.162s][info][gc,phases   ] GC(2) Concurrent Mark 709.165ms
[12.162s][info][gc,phases   ] GC(2) Pause Mark End 0.027ms
[12.162s][info][gc,phases   ] GC(2) Concurrent Mark Free 0.001ms
[12.164s][info][gc,phases   ] GC(2) Concurrent Process Non-Strong References 2.234ms
[12.164s][info][gc,phases   ] GC(2) Concurrent Reset Relocation Set 0.008ms
[12.168s][info][gc,phases   ] GC(2) Concurrent Select Relocation Set 3.893ms
[12.169s][info][gc,phases   ] GC(2) Pause Relocate Start 0.006ms
[12.174s][info][gc,phases   ] GC(2) Concurrent Relocate 4.881ms
[12.174s][info][gc,load     ] GC(2) Load: 0.00/0.00/0.00
[12.174s][info][gc,mmu      ] GC(2) MMU: 2ms/97.7%, 5ms/99.1%, 10ms/99.4%, 20ms/99.7%, 50ms/99.9%, 100ms/99.9%
[12.174s][info][gc,marking  ] GC(2) Mark: 8 stripe(s), 10 proactive flush(es), 1 terminate flush(es), 0 completion(s), 0 continuation(s) 
[12.174s][info][gc,marking  ] GC(2) Mark Stack Usage: 32M
[12.174s][info][gc,nmethod  ] GC(2) NMethods: 2929 registered, 78 unregistered
[12.174s][info][gc,metaspace] GC(2) Metaspace: 41M used, 41M committed, 1088M reserved
[12.174s][info][gc,ref      ] GC(2) Soft: 3890 encountered, 0 discovered, 0 enqueued
[12.174s][info][gc,ref      ] GC(2) Weak: 2769 encountered, 1083 discovered, 245 enqueued
[12.174s][info][gc,ref      ] GC(2) Final: 124 encountered, 0 discovered, 0 enqueued
[12.174s][info][gc,ref      ] GC(2) Phantom: 794 encountered, 531 discovered, 199 enqueued
[12.174s][info][gc,reloc    ] GC(2) Small Pages: 204 / 408M, Empty: 2M, Relocated: 8M, In-Place: 0
[12.174s][info][gc,reloc    ] GC(2) Medium Pages: 1 / 32M, Empty: 0M, Relocated: 0M, In-Place: 0
[12.174s][info][gc,reloc    ] GC(2) Large Pages: 0 / 0M, Empty: 0M, Relocated: 0M, In-Place: 0
[12.174s][info][gc,reloc    ] GC(2) Forwarding Usage: 3M
[12.174s][info][gc,heap     ] GC(2) Min Capacity: 8M(0%)
[12.174s][info][gc,heap     ] GC(2) Max Capacity: 4096M(100%)
[12.174s][info][gc,heap     ] GC(2) Soft Max Capacity: 4096M(100%)
[12.174s][info][gc,heap     ] GC(2)                Mark Start          Mark End        Relocate Start      Relocate End           High               Low         
[12.174s][info][gc,heap     ] GC(2)  Capacity:     2048M (50%)        2048M (50%)        2048M (50%)        2048M (50%)        2048M (50%)        2048M (50%)    
[12.174s][info][gc,heap     ] GC(2)      Free:     3656M (89%)        3268M (80%)        3268M (80%)        3304M (81%)        3656M (89%)        3252M (79%)    
[12.174s][info][gc,heap     ] GC(2)      Used:      440M (11%)         828M (20%)         828M (20%)         792M (19%)         844M (21%)         440M (11%)    
[12.174s][info][gc,heap     ] GC(2)      Live:         -               345M (8%)          345M (8%)          345M (8%)             -                  -          
[12.174s][info][gc,heap     ] GC(2) Allocated:         -               388M (9%)          390M (10%)         393M (10%)            -                  -          
[12.174s][info][gc,heap     ] GC(2)   Garbage:         -                94M (2%)           92M (2%)           52M (1%)             -                  -          
[12.174s][info][gc,heap     ] GC(2) Reclaimed:         -                  -                 2M (0%)           41M (1%)             -                  -          
[12.174s][info][gc          ] GC(2) Garbage Collection (Warmup) 440M(11%)->792M(19%)
[13.755s][info][gc,start    ] GC(3) Garbage Collection (Warmup)
[13.755s][info][gc,task     ] GC(3) Using 12 workers
[13.755s][info][gc,phases   ] GC(3) Pause Mark Start 0.015ms
[13.802s][info][gc,phases   ] GC(3) Concurrent Mark 46.413ms
[13.802s][info][gc,phases   ] GC(3) Pause Mark End 0.067ms
[13.802s][info][gc,phases   ] GC(3) Concurrent Mark Free 0.001ms
[13.818s][info][gc,phases   ] GC(3) Concurrent Process Non-Strong References 15.578ms
[13.818s][info][gc,phases   ] GC(3) Concurrent Reset Relocation Set 0.005ms
[13.822s][info][gc,phases   ] GC(3) Concurrent Select Relocation Set 3.786ms
[13.822s][info][gc,phases   ] GC(3) Pause Relocate Start 0.009ms
[13.825s][info][gc,phases   ] GC(3) Concurrent Relocate 3.206ms
[13.826s][info][gc,load     ] GC(3) Load: 0.00/0.00/0.00
[13.826s][info][gc,mmu      ] GC(3) MMU: 2ms/96.7%, 5ms/98.7%, 10ms/99.3%, 20ms/99.6%, 50ms/99.8%, 100ms/99.9%
[13.826s][info][gc,marking  ] GC(3) Mark: 8 stripe(s), 2 proactive flush(es), 2 terminate flush(es), 1 completion(s), 0 continuation(s) 
[13.826s][info][gc,marking  ] GC(3) Mark Stack Usage: 32M
[13.826s][info][gc,nmethod  ] GC(3) NMethods: 3315 registered, 217 unregistered
[13.826s][info][gc,metaspace] GC(3) Metaspace: 48M used, 48M committed, 1088M reserved
[13.826s][info][gc,ref      ] GC(3) Soft: 4057 encountered, 0 discovered, 0 enqueued
[13.826s][info][gc,ref      ] GC(3) Weak: 3434 encountered, 1286 discovered, 315 enqueued
[13.826s][info][gc,ref      ] GC(3) Final: 124 encountered, 4 discovered, 0 enqueued
[13.826s][info][gc,ref      ] GC(3) Phantom: 811 encountered, 748 discovered, 214 enqueued
[13.826s][info][gc,reloc    ] GC(3) Small Pages: 402 / 804M, Empty: 692M, Relocated: 6M, In-Place: 0
[13.826s][info][gc,reloc    ] GC(3) Medium Pages: 2 / 64M, Empty: 32M, Relocated: 0M, In-Place: 0
[13.826s][info][gc,reloc    ] GC(3) Large Pages: 1 / 6M, Empty: 6M, Relocated: 0M, In-Place: 0
[13.826s][info][gc,reloc    ] GC(3) Forwarding Usage: 2M
[13.826s][info][gc,heap     ] GC(3) Min Capacity: 8M(0%)
[13.826s][info][gc,heap     ] GC(3) Max Capacity: 4096M(100%)
[13.826s][info][gc,heap     ] GC(3) Soft Max Capacity: 4096M(100%)
[13.826s][info][gc,heap     ] GC(3)                Mark Start          Mark End        Relocate Start      Relocate End           High               Low         
[13.826s][info][gc,heap     ] GC(3)  Capacity:     2048M (50%)        2048M (50%)        2048M (50%)        2048M (50%)        2048M (50%)        2048M (50%)    
[13.826s][info][gc,heap     ] GC(3)      Free:     3222M (79%)        3218M (79%)        3940M (96%)        4004M (98%)        4004M (98%)        3214M (78%)    
[13.826s][info][gc,heap     ] GC(3)      Used:      874M (21%)         878M (21%)         156M (4%)           92M (2%)          882M (22%)          92M (2%)     
[13.826s][info][gc,heap     ] GC(3)      Live:         -                29M (1%)           29M (1%)           29M (1%)             -                  -          
[13.826s][info][gc,heap     ] GC(3) Allocated:         -                 4M (0%)           12M (0%)           13M (0%)             -                  -          
[13.826s][info][gc,heap     ] GC(3)   Garbage:         -               844M (21%)         114M (3%)           49M (1%)             -                  -          
[13.826s][info][gc,heap     ] GC(3) Reclaimed:         -                  -               730M (18%)         795M (19%)            -                  -          
[13.826s][info][gc          ] GC(3) Garbage Collection (Warmup) 874M(21%)->92M(2%)
[13.888s][info][gc,start    ] GC(4) Garbage Collection (System.gc())
[13.888s][info][gc,task     ] GC(4) Using 12 workers
[13.888s][info][gc,phases   ] GC(4) Pause Mark Start 0.011ms
[13.911s][info][gc,phases   ] GC(4) Concurrent Mark 22.771ms
[13.911s][info][gc,phases   ] GC(4) Pause Mark End 0.024ms
[13.911s][info][gc,phases   ] GC(4) Concurrent Mark Free 0.001ms
[13.913s][info][gc,phases   ] GC(4) Concurrent Process Non-Strong References 1.548ms
[13.913s][info][gc,phases   ] GC(4) Concurrent Reset Relocation Set 0.005ms
[13.920s][info][gc,phases   ] GC(4) Concurrent Select Relocation Set 6.685ms
[13.920s][info][gc,phases   ] GC(4) Pause Relocate Start 0.007ms
[13.924s][info][gc,phases   ] GC(4) Concurrent Relocate 3.558ms
[13.924s][info][gc,load     ] GC(4) Load: 0.00/0.00/0.00
[13.924s][info][gc,mmu      ] GC(4) MMU: 2ms/96.7%, 5ms/98.7%, 10ms/99.3%, 20ms/99.6%, 50ms/99.8%, 100ms/99.9%
[13.924s][info][gc,marking  ] GC(4) Mark: 8 stripe(s), 2 proactive flush(es), 1 terminate flush(es), 0 completion(s), 0 continuation(s) 
[13.924s][info][gc,marking  ] GC(4) Mark Stack Usage: 32M
[13.924s][info][gc,nmethod  ] GC(4) NMethods: 3375 registered, 241 unregistered
[13.924s][info][gc,metaspace] GC(4) Metaspace: 48M used, 49M committed, 1088M reserved
[13.924s][info][gc,ref      ] GC(4) Soft: 4193 encountered, 0 discovered, 0 enqueued
[13.924s][info][gc,ref      ] GC(4) Weak: 3438 encountered, 919 discovered, 88 enqueued
[13.924s][info][gc,ref      ] GC(4) Final: 124 encountered, 2 discovered, 0 enqueued
[13.924s][info][gc,ref      ] GC(4) Phantom: 639 encountered, 546 discovered, 42 enqueued
[13.924s][info][gc,reloc    ] GC(4) Small Pages: 34 / 68M, Empty: 2M, Relocated: 6M, In-Place: 0
[13.924s][info][gc,reloc    ] GC(4) Medium Pages: 1 / 32M, Empty: 0M, Relocated: 0M, In-Place: 0
[13.924s][info][gc,reloc    ] GC(4) Large Pages: 0 / 0M, Empty: 0M, Relocated: 0M, In-Place: 0
[13.924s][info][gc,reloc    ] GC(4) Forwarding Usage: 2M
[13.924s][info][gc,heap     ] GC(4) Min Capacity: 8M(0%)
[13.924s][info][gc,heap     ] GC(4) Max Capacity: 4096M(100%)
[13.924s][info][gc,heap     ] GC(4) Soft Max Capacity: 4096M(100%)
[13.924s][info][gc,heap     ] GC(4)                Mark Start          Mark End        Relocate Start      Relocate End           High               Low         
[13.924s][info][gc,heap     ] GC(4)  Capacity:     2048M (50%)        2048M (50%)        2048M (50%)        2048M (50%)        2048M (50%)        2048M (50%)    
[13.924s][info][gc,heap     ] GC(4)      Free:     3996M (98%)        3996M (98%)        3996M (98%)        4014M (98%)        4014M (98%)        3978M (97%)    
[13.924s][info][gc,heap     ] GC(4)      Used:      100M (2%)          100M (2%)          100M (2%)           82M (2%)          118M (3%)           82M (2%)     
[13.924s][info][gc,heap     ] GC(4)      Live:         -                30M (1%)           30M (1%)           30M (1%)             -                  -          
[13.924s][info][gc,heap     ] GC(4) Allocated:         -                 0M (0%)            2M (0%)            2M (0%)             -                  -          
[13.924s][info][gc,heap     ] GC(4)   Garbage:         -                69M (2%)           67M (2%)           49M (1%)             -                  -          
[13.924s][info][gc,heap     ] GC(4) Reclaimed:         -                  -                 2M (0%)           20M (0%)             -                  -          
[13.924s][info][gc          ] GC(4) Garbage Collection (System.gc()) 100M(2%)->82M(2%)
[15.254s][info][gc,start    ] GC(5) Garbage Collection (Warmup)
[15.254s][info][gc,task     ] GC(5) Using 12 workers
[15.254s][info][gc,phases   ] GC(5) Pause Mark Start 0.016ms
[15.285s][info][gc,phases   ] GC(5) Concurrent Mark 30.778ms
[15.285s][info][gc,phases   ] GC(5) Pause Mark End 0.022ms
[15.285s][info][gc,phases   ] GC(5) Concurrent Mark Free 0.001ms
[15.299s][info][gc,phases   ] GC(5) Concurrent Process Non-Strong References 13.687ms
[15.299s][info][gc,phases   ] GC(5) Concurrent Reset Relocation Set 0.004ms
[15.310s][info][gc,phases   ] GC(5) Concurrent Select Relocation Set 11.187ms
[15.311s][info][gc,phases   ] GC(5) Pause Relocate Start 0.008ms
[15.316s][info][gc,phases   ] GC(5) Concurrent Relocate 5.381ms
[15.316s][info][gc,load     ] GC(5) Load: 0.00/0.00/0.00
[15.316s][info][gc,mmu      ] GC(5) MMU: 2ms/96.7%, 5ms/98.7%, 10ms/99.3%, 20ms/99.6%, 50ms/99.8%, 100ms/99.9%
[15.316s][info][gc,marking  ] GC(5) Mark: 8 stripe(s), 4 proactive flush(es), 1 terminate flush(es), 0 completion(s), 0 continuation(s) 
[15.316s][info][gc,marking  ] GC(5) Mark Stack Usage: 32M
[15.316s][info][gc,nmethod  ] GC(5) NMethods: 4413 registered, 474 unregistered
[15.316s][info][gc,metaspace] GC(5) Metaspace: 57M used, 58M committed, 1088M reserved
[15.316s][info][gc,ref      ] GC(5) Soft: 4618 encountered, 0 discovered, 0 enqueued
[15.316s][info][gc,ref      ] GC(5) Weak: 5620 encountered, 1950 discovered, 779 enqueued
[15.316s][info][gc,ref      ] GC(5) Final: 124 encountered, 13 discovered, 0 enqueued
[15.316s][info][gc,ref      ] GC(5) Phantom: 1181 encountered, 947 discovered, 555 enqueued
[15.316s][info][gc,reloc    ] GC(5) Small Pages: 684 / 1368M, Empty: 1184M, Relocated: 11M, In-Place: 0
[15.317s][info][gc,reloc    ] GC(5) Medium Pages: 2 / 64M, Empty: 32M, Relocated: 0M, In-Place: 0
[15.317s][info][gc,reloc    ] GC(5) Large Pages: 1 / 6M, Empty: 6M, Relocated: 0M, In-Place: 0
[15.317s][info][gc,reloc    ] GC(5) Forwarding Usage: 3M
[15.317s][info][gc,heap     ] GC(5) Min Capacity: 8M(0%)
[15.317s][info][gc,heap     ] GC(5) Max Capacity: 4096M(100%)
[15.317s][info][gc,heap     ] GC(5) Soft Max Capacity: 4096M(100%)
[15.317s][info][gc,heap     ] GC(5)                Mark Start          Mark End        Relocate Start      Relocate End           High               Low         
[15.317s][info][gc,heap     ] GC(5)  Capacity:     2048M (50%)        2048M (50%)        2048M (50%)        2048M (50%)        2048M (50%)        2048M (50%)    
[15.317s][info][gc,heap     ] GC(5)      Free:     2658M (65%)        2600M (63%)        3774M (92%)        3908M (95%)        3908M (95%)        2572M (63%)    
[15.317s][info][gc,heap     ] GC(5)      Used:     1438M (35%)        1496M (37%)         322M (8%)          188M (5%)         1524M (37%)         188M (5%)     
[15.317s][info][gc,heap     ] GC(5)      Live:         -                37M (1%)           37M (1%)           37M (1%)             -                  -          
[15.317s][info][gc,heap     ] GC(5) Allocated:         -                58M (1%)          106M (3%)          105M (3%)             -                  -          
[15.317s][info][gc,heap     ] GC(5)   Garbage:         -              1400M (34%)         178M (4%)           44M (1%)             -                  -          
[15.317s][info][gc,heap     ] GC(5) Reclaimed:         -                  -              1222M (30%)        1355M (33%)            -                  -          
[15.317s][info][gc          ] GC(5) Garbage Collection (Warmup) 1438M(35%)->188M(5%)
[15.543s][info][gc,start    ] GC(6) Garbage Collection (Allocation Rate)
[15.543s][info][gc,task     ] GC(6) Using 12 workers
[15.543s][info][gc,phases   ] GC(6) Pause Mark Start 0.011ms
[15.574s][info][gc,phases   ] GC(6) Concurrent Mark 30.921ms
[15.574s][info][gc,phases   ] GC(6) Pause Mark End 0.024ms
[15.574s][info][gc,phases   ] GC(6) Concurrent Mark Free 0.001ms
[15.577s][info][gc,phases   ] GC(6) Concurrent Process Non-Strong References 2.101ms
[15.577s][info][gc,phases   ] GC(6) Concurrent Reset Relocation Set 0.007ms
[15.580s][info][gc,phases   ] GC(6) Concurrent Select Relocation Set 3.406ms
[15.580s][info][gc,phases   ] GC(6) Pause Relocate Start 0.008ms
[15.585s][info][gc,phases   ] GC(6) Concurrent Relocate 5.023ms
[15.585s][info][gc,load     ] GC(6) Load: 0.00/0.00/0.00
[15.585s][info][gc,mmu      ] GC(6) MMU: 2ms/96.7%, 5ms/98.7%, 10ms/99.3%, 20ms/99.6%, 50ms/99.8%, 100ms/99.9%
[15.585s][info][gc,marking  ] GC(6) Mark: 8 stripe(s), 3 proactive flush(es), 1 terminate flush(es), 0 completion(s), 0 continuation(s) 
[15.585s][info][gc,marking  ] GC(6) Mark Stack Usage: 32M
[15.585s][info][gc,nmethod  ] GC(6) NMethods: 4430 registered, 500 unregistered
[15.586s][info][gc,metaspace] GC(6) Metaspace: 57M used, 58M committed, 1088M reserved
[15.586s][info][gc,ref      ] GC(6) Soft: 4645 encountered, 0 discovered, 0 enqueued
[15.586s][info][gc,ref      ] GC(6) Weak: 4908 encountered, 962 discovered, 23 enqueued
[15.586s][info][gc,ref      ] GC(6) Final: 124 encountered, 2 discovered, 0 enqueued
[15.586s][info][gc,ref      ] GC(6) Phantom: 632 encountered, 624 discovered, 10 enqueued
[15.586s][info][gc,reloc    ] GC(6) Small Pages: 505 / 1010M, Empty: 928M, Relocated: 6M, In-Place: 0
[15.586s][info][gc,reloc    ] GC(6) Medium Pages: 1 / 32M, Empty: 0M, Relocated: 0M, In-Place: 0
[15.586s][info][gc,reloc    ] GC(6) Large Pages: 0 / 0M, Empty: 0M, Relocated: 0M, In-Place: 0
[15.586s][info][gc,reloc    ] GC(6) Forwarding Usage: 2M
[15.586s][info][gc,heap     ] GC(6) Min Capacity: 8M(0%)
[15.586s][info][gc,heap     ] GC(6) Max Capacity: 4096M(100%)
[15.586s][info][gc,heap     ] GC(6) Soft Max Capacity: 4096M(100%)
[15.586s][info][gc,heap     ] GC(6)                Mark Start          Mark End        Relocate Start      Relocate End           High               Low         
[15.586s][info][gc,heap     ] GC(6)  Capacity:     2048M (50%)        2048M (50%)        2048M (50%)        2048M (50%)        2048M (50%)        2048M (50%)    
[15.586s][info][gc,heap     ] GC(6)      Free:     3054M (75%)        2958M (72%)        3870M (94%)        3886M (95%)        3888M (95%)        2952M (72%)    
[15.586s][info][gc,heap     ] GC(6)      Used:     1042M (25%)        1138M (28%)         226M (6%)          210M (5%)         1144M (28%)         208M (5%)     
[15.586s][info][gc,heap     ] GC(6)      Live:         -                36M (1%)           36M (1%)           36M (1%)             -                  -          
[15.586s][info][gc,heap     ] GC(6) Allocated:         -                96M (2%)          112M (3%)          123M (3%)             -                  -          
[15.586s][info][gc,heap     ] GC(6)   Garbage:         -              1005M (25%)          77M (2%)           49M (1%)             -                  -          
[15.586s][info][gc,heap     ] GC(6) Reclaimed:         -                  -               928M (23%)         955M (23%)            -                  -          
[15.586s][info][gc          ] GC(6) Garbage Collection (Allocation Rate) 1042M(25%)->210M(5%)
[15.855s][info][gc,start    ] GC(7) Garbage Collection (Allocation Rate)
[15.855s][info][gc,task     ] GC(7) Using 12 workers
[15.856s][info][gc,phases   ] GC(7) Pause Mark Start 0.017ms
[15.887s][info][gc,phases   ] GC(7) Concurrent Mark 30.876ms
[15.887s][info][gc,phases   ] GC(7) Pause Mark End 0.018ms
[15.887s][info][gc,phases   ] GC(7) Concurrent Mark Free 0.002ms
[15.889s][info][gc,phases   ] GC(7) Concurrent Process Non-Strong References 1.856ms
[15.889s][info][gc,phases   ] GC(7) Concurrent Reset Relocation Set 0.004ms
[15.893s][info][gc,phases   ] GC(7) Concurrent Select Relocation Set 3.818ms
[15.893s][info][gc,phases   ] GC(7) Pause Relocate Start 0.007ms
[15.896s][info][gc,phases   ] GC(7) Concurrent Relocate 2.956ms
[15.896s][info][gc,load     ] GC(7) Load: 0.00/0.00/0.00
[15.896s][info][gc,mmu      ] GC(7) MMU: 2ms/96.7%, 5ms/98.7%, 10ms/99.3%, 20ms/99.6%, 50ms/99.8%, 100ms/99.9%
[15.896s][info][gc,marking  ] GC(7) Mark: 8 stripe(s), 2 proactive flush(es), 1 terminate flush(es), 0 completion(s), 0 continuation(s) 
[15.896s][info][gc,marking  ] GC(7) Mark Stack Usage: 32M
[15.896s][info][gc,nmethod  ] GC(7) NMethods: 4495 registered, 509 unregistered
[15.896s][info][gc,metaspace] GC(7) Metaspace: 57M used, 58M committed, 1088M reserved
[15.896s][info][gc,ref      ] GC(7) Soft: 4663 encountered, 0 discovered, 0 enqueued
[15.896s][info][gc,ref      ] GC(7) Weak: 5179 encountered, 624 discovered, 176 enqueued
[15.896s][info][gc,ref      ] GC(7) Final: 124 encountered, 0 discovered, 0 enqueued
[15.896s][info][gc,ref      ] GC(7) Phantom: 688 encountered, 415 discovered, 67 enqueued
[15.896s][info][gc,reloc    ] GC(7) Small Pages: 528 / 1056M, Empty: 964M, Relocated: 5M, In-Place: 0
[15.896s][info][gc,reloc    ] GC(7) Medium Pages: 1 / 32M, Empty: 0M, Relocated: 0M, In-Place: 0
[15.896s][info][gc,reloc    ] GC(7) Large Pages: 0 / 0M, Empty: 0M, Relocated: 0M, In-Place: 0
[15.896s][info][gc,reloc    ] GC(7) Forwarding Usage: 1M
[15.896s][info][gc,heap     ] GC(7) Min Capacity: 8M(0%)
[15.896s][info][gc,heap     ] GC(7) Max Capacity: 4096M(100%)
[15.896s][info][gc,heap     ] GC(7) Soft Max Capacity: 4096M(100%)
[15.896s][info][gc,heap     ] GC(7)                Mark Start          Mark End        Relocate Start      Relocate End           High               Low         
[15.896s][info][gc,heap     ] GC(7)  Capacity:     2048M (50%)        2048M (50%)        2048M (50%)        2048M (50%)        2048M (50%)        2048M (50%)    
[15.896s][info][gc,heap     ] GC(7)      Free:     3008M (73%)        2940M (72%)        3892M (95%)        3918M (96%)        3918M (96%)        2934M (72%)    
[15.896s][info][gc,heap     ] GC(7)      Used:     1088M (27%)        1156M (28%)         204M (5%)          178M (4%)         1162M (28%)         178M (4%)     
[15.896s][info][gc,heap     ] GC(7)      Live:         -                36M (1%)           36M (1%)           36M (1%)             -                  -          
[15.897s][info][gc,heap     ] GC(7) Allocated:         -                68M (2%)           80M (2%)           87M (2%)             -                  -          
[15.897s][info][gc,heap     ] GC(7)   Garbage:         -              1051M (26%)          87M (2%)           53M (1%)             -                  -          
[15.897s][info][gc,heap     ] GC(7) Reclaimed:         -                  -               964M (24%)         997M (24%)            -                  -          
[15.897s][info][gc          ] GC(7) Garbage Collection (Allocation Rate) 1088M(27%)->178M(4%)
[16.457s][info][gc,start    ] GC(8) Garbage Collection (Allocation Rate)
[16.457s][info][gc,task     ] GC(8) Using 4 workers
[16.457s][info][gc,phases   ] GC(8) Pause Mark Start 0.011ms
[16.488s][info][gc,phases   ] GC(8) Concurrent Mark 30.887ms
[16.488s][info][gc,phases   ] GC(8) Pause Mark End 0.026ms
[16.488s][info][gc,phases   ] GC(8) Concurrent Mark Free 0.001ms
[16.492s][info][gc,phases   ] GC(8) Concurrent Process Non-Strong References 3.597ms
[16.492s][info][gc,phases   ] GC(8) Concurrent Reset Relocation Set 0.004ms
[16.496s][info][gc,phases   ] GC(8) Concurrent Select Relocation Set 4.061ms
[16.496s][info][gc,phases   ] GC(8) Pause Relocate Start 0.006ms
[16.500s][info][gc,phases   ] GC(8) Concurrent Relocate 3.423ms
[16.500s][info][gc,load     ] GC(8) Load: 0.00/0.00/0.00
[16.500s][info][gc,mmu      ] GC(8) MMU: 2ms/96.7%, 5ms/98.7%, 10ms/99.3%, 20ms/99.6%, 50ms/99.8%, 100ms/99.9%
[16.500s][info][gc,marking  ] GC(8) Mark: 4 stripe(s), 2 proactive flush(es), 1 terminate flush(es), 0 completion(s), 0 continuation(s) 
[16.500s][info][gc,marking  ] GC(8) Mark Stack Usage: 32M
[16.500s][info][gc,nmethod  ] GC(8) NMethods: 4498 registered, 518 unregistered
[16.500s][info][gc,metaspace] GC(8) Metaspace: 57M used, 58M committed, 1088M reserved
[16.500s][info][gc,ref      ] GC(8) Soft: 4663 encountered, 0 discovered, 0 enqueued
[16.500s][info][gc,ref      ] GC(8) Weak: 5003 encountered, 1995 discovered, 0 enqueued
[16.500s][info][gc,ref      ] GC(8) Final: 124 encountered, 2 discovered, 0 enqueued
[16.500s][info][gc,ref      ] GC(8) Phantom: 621 encountered, 553 discovered, 0 enqueued
[16.500s][info][gc,reloc    ] GC(8) Small Pages: 859 / 1718M, Empty: 1636M, Relocated: 5M, In-Place: 0
[16.500s][info][gc,reloc    ] GC(8) Medium Pages: 1 / 32M, Empty: 0M, Relocated: 0M, In-Place: 0
[16.500s][info][gc,reloc    ] GC(8) Large Pages: 0 / 0M, Empty: 0M, Relocated: 0M, In-Place: 0
[16.500s][info][gc,reloc    ] GC(8) Forwarding Usage: 1M
[16.500s][info][gc,heap     ] GC(8) Min Capacity: 8M(0%)
[16.500s][info][gc,heap     ] GC(8) Max Capacity: 4096M(100%)
[16.500s][info][gc,heap     ] GC(8) Soft Max Capacity: 4096M(100%)
[16.500s][info][gc,heap     ] GC(8)                Mark Start          Mark End        Relocate Start      Relocate End           High               Low         
[16.500s][info][gc,heap     ] GC(8)  Capacity:     2048M (50%)        2048M (50%)        2048M (50%)        2048M (50%)        2048M (50%)        2048M (50%)    
[16.500s][info][gc,heap     ] GC(8)      Free:     2346M (57%)        2300M (56%)        3924M (96%)        3952M (96%)        3954M (97%)        2294M (56%)    
[16.500s][info][gc,heap     ] GC(8)      Used:     1750M (43%)        1796M (44%)         172M (4%)          144M (4%)         1802M (44%)         142M (3%)     
[16.500s][info][gc,heap     ] GC(8)      Live:         -                36M (1%)           36M (1%)           36M (1%)             -                  -          
[16.500s][info][gc,heap     ] GC(8) Allocated:         -                46M (1%)           58M (1%)           69M (2%)             -                  -          
[16.500s][info][gc,heap     ] GC(8)   Garbage:         -              1713M (42%)          77M (2%)           37M (1%)             -                  -          
[16.500s][info][gc,heap     ] GC(8) Reclaimed:         -                  -              1636M (40%)        1675M (41%)            -                  -          
[16.500s][info][gc          ] GC(8) Garbage Collection (Allocation Rate) 1750M(43%)->144M(4%)
[17.253s][info][gc,start    ] GC(9) Garbage Collection (Allocation Rate)
[17.253s][info][gc,task     ] GC(9) Using 6 workers
[17.253s][info][gc,phases   ] GC(9) Pause Mark Start 0.009ms
[17.284s][info][gc,phases   ] GC(9) Concurrent Mark 30.692ms
[17.284s][info][gc,phases   ] GC(9) Pause Mark End 0.017ms
[17.284s][info][gc,phases   ] GC(9) Concurrent Mark Free 0.001ms
[17.295s][info][gc,phases   ] GC(9) Concurrent Process Non-Strong References 11.132ms
[17.295s][info][gc,phases   ] GC(9) Concurrent Reset Relocation Set 0.003ms
[17.300s][info][gc,phases   ] GC(9) Concurrent Select Relocation Set 4.563ms
[17.300s][info][gc,phases   ] GC(9) Pause Relocate Start 0.006ms
[17.304s][info][gc,phases   ] GC(9) Concurrent Relocate 3.227ms
[17.304s][info][gc,load     ] GC(9) Load: 0.00/0.00/0.00
[17.304s][info][gc,mmu      ] GC(9) MMU: 2ms/96.7%, 5ms/98.7%, 10ms/99.3%, 20ms/99.6%, 50ms/99.8%, 100ms/99.9%
[17.304s][info][gc,marking  ] GC(9) Mark: 4 stripe(s), 2 proactive flush(es), 1 terminate flush(es), 0 completion(s), 0 continuation(s) 
[17.304s][info][gc,marking  ] GC(9) Mark Stack Usage: 32M
[17.304s][info][gc,nmethod  ] GC(9) NMethods: 5047 registered, 668 unregistered
[17.304s][info][gc,metaspace] GC(9) Metaspace: 59M used, 60M committed, 1088M reserved
[17.304s][info][gc,ref      ] GC(9) Soft: 4738 encountered, 0 discovered, 0 enqueued
[17.304s][info][gc,ref      ] GC(9) Weak: 5783 encountered, 846 discovered, 387 enqueued
[17.304s][info][gc,ref      ] GC(9) Final: 124 encountered, 0 discovered, 0 enqueued
[17.304s][info][gc,ref      ] GC(9) Phantom: 829 encountered, 719 discovered, 215 enqueued
[17.304s][info][gc,reloc    ] GC(9) Small Pages: 585 / 1170M, Empty: 1072M, Relocated: 5M, In-Place: 0
[17.304s][info][gc,reloc    ] GC(9) Medium Pages: 1 / 32M, Empty: 0M, Relocated: 0M, In-Place: 0
[17.304s][info][gc,reloc    ] GC(9) Large Pages: 1 / 6M, Empty: 6M, Relocated: 0M, In-Place: 0
[17.304s][info][gc,reloc    ] GC(9) Forwarding Usage: 1M
[17.304s][info][gc,heap     ] GC(9) Min Capacity: 8M(0%)
[17.304s][info][gc,heap     ] GC(9) Max Capacity: 4096M(100%)
[17.304s][info][gc,heap     ] GC(9) Soft Max Capacity: 4096M(100%)
[17.304s][info][gc,heap     ] GC(9)                Mark Start          Mark End        Relocate Start      Relocate End           High               Low         
[17.304s][info][gc,heap     ] GC(9)  Capacity:     2048M (50%)        2048M (50%)        2048M (50%)        2048M (50%)        2048M (50%)        2048M (50%)    
[17.304s][info][gc,heap     ] GC(9)      Free:     2888M (71%)        2880M (70%)        3940M (96%)        3984M (97%)        3984M (97%)        2870M (70%)    
[17.304s][info][gc,heap     ] GC(9)      Used:     1208M (29%)        1216M (30%)         156M (4%)          112M (3%)         1226M (30%)         112M (3%)     
[17.304s][info][gc,heap     ] GC(9)      Live:         -                34M (1%)           34M (1%)           34M (1%)             -                  -          
[17.304s][info][gc,heap     ] GC(9) Allocated:         -                 8M (0%)           26M (1%)           35M (1%)             -                  -          
[17.304s][info][gc,heap     ] GC(9)   Garbage:         -              1173M (29%)          95M (2%)           41M (1%)             -                  -          
[17.304s][info][gc,heap     ] GC(9) Reclaimed:         -                  -              1078M (26%)        1131M (28%)            -                  -          
[17.304s][info][gc          ] GC(9) Garbage Collection (Allocation Rate) 1208M(29%)->112M(3%)
[19.258s][info][gc,start    ] GC(10) Garbage Collection (Allocation Rate)
[19.258s][info][gc,task     ] GC(10) Using 1 workers
[19.258s][info][gc,phases   ] GC(10) Pause Mark Start 0.012ms
[20.151s][info][gc,stats    ] === Garbage Collection Statistics =======================================================================================================================
[20.151s][info][gc,stats    ]                                                              Last 10s              Last 10m              Last 10h                Total
[20.151s][info][gc,stats    ]                                                              Avg / Max             Avg / Max             Avg / Max             Avg / Max
[20.151s][info][gc,stats    ]   Collector: Garbage Collection Cycle                    123.220 / 721.410     115.866 / 721.410     115.866 / 721.410     115.866 / 721.410     ms
[20.151s][info][gc,stats    ]  Contention: Mark Segment Reset Contention                     1 / 8                 0 / 8                 0 / 8                 0 / 8           ops/s
[20.151s][info][gc,stats    ]  Contention: Mark SeqNum Reset Contention                      0 / 1                 0 / 2                 0 / 2                 0 / 2           ops/s
[20.151s][info][gc,stats    ]    Critical: Allocation Stall                                  0 / 0                 0 / 0                 0 / 0                 0 / 0           ops/s
[20.151s][info][gc,stats    ]    Critical: Allocation Stall                              0.000 / 0.000         0.000 / 0.000         0.000 / 0.000         0.000 / 0.000       ms
[20.151s][info][gc,stats    ]    Critical: GC Locker Stall                                   0 / 0                 0 / 0                 0 / 0                 0 / 0           ops/s
[20.151s][info][gc,stats    ]    Critical: GC Locker Stall                               0.000 / 0.000         0.000 / 0.000         0.000 / 0.000         0.000 / 0.000       ms
[20.151s][info][gc,stats    ]    Critical: Relocation Stall                                  0 / 0                 0 / 0                 0 / 0                 0 / 0           ops/s
[20.151s][info][gc,stats    ]    Critical: Relocation Stall                              0.000 / 0.000         0.000 / 0.000         0.000 / 0.000         0.000 / 0.000       ms
[20.151s][info][gc,stats    ]      Memory: Allocation Rate                                1035 / 3096            527 / 3096            527 / 3096            527 / 3096        MB/s
[20.151s][info][gc,stats    ]      Memory: Defragment                                        0 / 0                 0 / 0                 0 / 0                 0 / 0           ops/s
[20.151s][info][gc,stats    ]      Memory: Out Of Memory                                     0 / 0                 0 / 0                 0 / 0                 0 / 0           ops/s
[20.151s][info][gc,stats    ]      Memory: Page Cache Flush                                  0 / 0                 0 / 0                 0 / 0                 0 / 0           MB/s
[20.151s][info][gc,stats    ]      Memory: Page Cache Hit L1                               361 / 1402            182 / 1402            182 / 1402            182 / 1402        ops/s
[20.151s][info][gc,stats    ]      Memory: Page Cache Hit L2                                 0 / 0                 0 / 0                 0 / 0                 0 / 0           ops/s
[20.151s][info][gc,stats    ]      Memory: Page Cache Hit L3                                87 / 286              46 / 286              46 / 286              46 / 286         ops/s
[20.151s][info][gc,stats    ]      Memory: Page Cache Miss                                  66 / 558              33 / 558              33 / 558              33 / 558         ops/s
[20.151s][info][gc,stats    ]      Memory: Uncommit                                          0 / 0                 0 / 0                 0 / 0                 0 / 0           MB/s
[20.151s][info][gc,stats    ]      Memory: Undo Object Allocation Failed                     0 / 0                 0 / 0                 0 / 0                 0 / 0           ops/s
[20.151s][info][gc,stats    ]      Memory: Undo Object Allocation Succeeded                  3 / 28                1 / 28                1 / 28                1 / 28          ops/s
[20.151s][info][gc,stats    ]      Memory: Undo Page Allocation                              0 / 0                 0 / 0                 0 / 0                 0 / 0           ops/s
[20.151s][info][gc,stats    ]       Phase: Concurrent Mark                             106.533 / 709.165      98.499 / 709.165      98.499 / 709.165      98.499 / 709.165     ms
[20.151s][info][gc,stats    ]       Phase: Concurrent Mark Continue                      0.000 / 0.000         0.000 / 0.000         0.000 / 0.000         0.000 / 0.000       ms
[20.151s][info][gc,stats    ]       Phase: Concurrent Mark Free                          0.001 / 0.002         0.001 / 0.002         0.001 / 0.002         0.001 / 0.002       ms
[20.151s][info][gc,stats    ]       Phase: Concurrent Process Non-Strong References      5.921 / 15.578        5.559 / 15.578        5.559 / 15.578        5.559 / 15.578      ms
[20.151s][info][gc,stats    ]       Phase: Concurrent Relocate                           4.137 / 5.583         4.207 / 5.583         4.207 / 5.583         4.207 / 5.583       ms
[20.151s][info][gc,stats    ]       Phase: Concurrent Reset Relocation Set               0.005 / 0.008         0.005 / 0.008         0.005 / 0.008         0.005 / 0.008       ms
[20.151s][info][gc,stats    ]       Phase: Concurrent Select Relocation Set              5.471 / 11.187        6.404 / 14.800        6.404 / 14.800        6.404 / 14.800      ms
[20.151s][info][gc,stats    ]       Phase: Pause Mark End                                0.030 / 0.067         0.030 / 0.067         0.030 / 0.067         0.030 / 0.067       ms
[20.151s][info][gc,stats    ]       Phase: Pause Mark Start                              0.013 / 0.017         0.013 / 0.017         0.013 / 0.017         0.013 / 0.017       ms
[20.151s][info][gc,stats    ]       Phase: Pause Relocate Start                          0.007 / 0.009         0.007 / 0.009         0.007 / 0.009         0.007 / 0.009       ms
[20.151s][info][gc,stats    ]    Subphase: Concurrent Classes Purge                      0.380 / 1.159         0.471 / 1.289         0.471 / 1.289         0.471 / 1.289       ms
[20.151s][info][gc,stats    ]    Subphase: Concurrent Classes Unlink                     3.384 / 11.908        3.117 / 11.908        3.117 / 11.908        3.117 / 11.908      ms
[20.151s][info][gc,stats    ]    Subphase: Concurrent Mark                             112.686 / 705.699     102.483 / 705.699     102.483 / 705.699     102.483 / 705.699     ms
[20.151s][info][gc,stats    ]    Subphase: Concurrent Mark Try Flush                     0.505 / 16.605        0.463 / 16.605        0.463 / 16.605        0.463 / 16.605      ms
[20.151s][info][gc,stats    ]    Subphase: Concurrent Mark Try Terminate                13.602 / 16.803       13.530 / 16.803       13.530 / 16.803       13.530 / 16.803      ms
[20.152s][info][gc,stats    ]    Subphase: Concurrent References Enqueue                 0.003 / 0.004         0.003 / 0.004         0.003 / 0.004         0.003 / 0.004       ms
[20.152s][info][gc,stats    ]    Subphase: Concurrent References Process                 0.138 / 0.226         0.135 / 0.226         0.135 / 0.226         0.135 / 0.226       ms
[20.152s][info][gc,stats    ]    Subphase: Concurrent Roots ClassLoaderDataGraph         0.082 / 0.947         0.081 / 0.947         0.081 / 0.947         0.081 / 0.947       ms
[20.152s][info][gc,stats    ]    Subphase: Concurrent Roots CodeCache                    0.000 / 0.000         0.000 / 0.000         0.000 / 0.000         0.000 / 0.000       ms
[20.152s][info][gc,stats    ]    Subphase: Concurrent Roots JavaThreads                  3.212 / 10.679        3.030 / 10.679        3.030 / 10.679        3.030 / 10.679      ms
[20.152s][info][gc,stats    ]    Subphase: Concurrent Roots OopStorageSet                0.028 / 0.129         0.037 / 0.272         0.037 / 0.272         0.037 / 0.272       ms
[20.152s][info][gc,stats    ]    Subphase: Concurrent Weak Roots OopStorageSet           0.325 / 0.660         0.299 / 0.660         0.299 / 0.660         0.299 / 0.660       ms
[20.152s][info][gc,stats    ]    Subphase: Pause Mark Try Complete                       0.001 / 0.004         0.001 / 0.004         0.001 / 0.004         0.001 / 0.004       ms
[20.152s][info][gc,stats    ]      System: Java Threads                                     74 / 86               68 / 86               68 / 86               68 / 86          threads
[20.152s][info][gc,stats    ] =========================================================================================================================================================
[20.859s][info][gc,phases   ] GC(10) Concurrent Mark 1600.769ms
[20.859s][info][gc,phases   ] GC(10) Pause Mark End 0.016ms
[20.860s][info][gc,phases   ] GC(10) Concurrent Mark Free 0.002ms
[20.895s][info][gc,phases   ] GC(10) Concurrent Process Non-Strong References 35.438ms
[20.895s][info][gc,phases   ] GC(10) Concurrent Reset Relocation Set 0.007ms
[21.026s][info][gc,phases   ] GC(10) Concurrent Select Relocation Set 130.936ms
[21.026s][info][gc,phases   ] GC(10) Pause Relocate Start 0.010ms
[21.729s][info][gc,phases   ] GC(10) Concurrent Relocate 702.452ms
[21.729s][info][gc,load     ] GC(10) Load: 0.00/0.00/0.00
[21.729s][info][gc,mmu      ] GC(10) MMU: 2ms/96.7%, 5ms/98.7%, 10ms/99.3%, 20ms/99.6%, 50ms/99.8%, 100ms/99.9%
[21.729s][info][gc,marking  ] GC(10) Mark: 1 stripe(s), 2 proactive flush(es), 1 terminate flush(es), 0 completion(s), 0 continuation(s) 
[21.729s][info][gc,marking  ] GC(10) Mark Stack Usage: 64M
[21.729s][info][gc,nmethod  ] GC(10) NMethods: 5758 registered, 289 unregistered
[21.729s][info][gc,metaspace] GC(10) Metaspace: 60M used, 61M committed, 1088M reserved
[21.729s][info][gc,ref      ] GC(10) Soft: 4778 encountered, 0 discovered, 0 enqueued
[21.729s][info][gc,ref      ] GC(10) Weak: 5719 encountered, 1017 discovered, 117 enqueued
[21.729s][info][gc,ref      ] GC(10) Final: 124 encountered, 0 discovered, 0 enqueued
[21.729s][info][gc,ref      ] GC(10) Phantom: 693 encountered, 678 discovered, 83 enqueued
[21.729s][info][gc,reloc    ] GC(10) Small Pages: 1079 / 2158M, Empty: 2M, Relocated: 281M, In-Place: 0
[21.729s][info][gc,reloc    ] GC(10) Medium Pages: 4 / 128M, Empty: 32M, Relocated: 10M, In-Place: 0
[21.729s][info][gc,reloc    ] GC(10) Large Pages: 16 / 112M, Empty: 48M, Relocated: 0M, In-Place: 0
[21.729s][info][gc,reloc    ] GC(10) Forwarding Usage: 185M
[21.729s][info][gc,heap     ] GC(10) Min Capacity: 8M(0%)
[21.729s][info][gc,heap     ] GC(10) Max Capacity: 4096M(100%)
[21.729s][info][gc,heap     ] GC(10) Soft Max Capacity: 4096M(100%)
[21.729s][info][gc,heap     ] GC(10)                Mark Start          Mark End        Relocate Start      Relocate End           High               Low         
[21.730s][info][gc,heap     ] GC(10)  Capacity:     2398M (59%)        3474M (85%)        3490M (85%)        3522M (86%)        3522M (86%)        2398M (59%)    
[21.730s][info][gc,heap     ] GC(10)      Free:     1698M (41%)         622M (15%)         644M (16%)        1682M (41%)        1930M (47%)         606M (15%)    
[21.730s][info][gc,heap     ] GC(10)      Used:     2398M (59%)        3474M (85%)        3452M (84%)        2414M (59%)        3490M (85%)        2166M (53%)    
[21.730s][info][gc,heap     ] GC(10)      Live:         -               384M (9%)          384M (9%)          384M (9%)             -                  -          
[21.730s][info][gc,heap     ] GC(10) Allocated:         -              1076M (26%)        1136M (28%)        1997M (49%)            -                  -          
[21.730s][info][gc,heap     ] GC(10)   Garbage:         -              2013M (49%)        1931M (47%)          32M (1%)             -                  -          
[21.730s][info][gc,heap     ] GC(10) Reclaimed:         -                  -                82M (2%)         1981M (48%)            -                  -          
[21.730s][info][gc          ] GC(10) Garbage Collection (Allocation Rate) 2398M(59%)->2414M(59%)
[21.756s][info][gc,start    ] GC(11) Garbage Collection (Allocation Rate)
[21.756s][info][gc,task     ] GC(11) Using 10 workers
[21.756s][info][gc,phases   ] GC(11) Pause Mark Start 0.010ms
[21.943s][info][gc,phases   ] GC(11) Concurrent Mark 187.034ms
[21.943s][info][gc,phases   ] GC(11) Pause Mark End 0.021ms
[21.944s][info][gc,phases   ] GC(11) Concurrent Mark Free 0.412ms
[21.955s][info][gc,phases   ] GC(11) Concurrent Process Non-Strong References 11.159ms
[21.955s][info][gc,phases   ] GC(11) Concurrent Reset Relocation Set 0.236ms
[21.974s][info][gc,phases   ] GC(11) Concurrent Select Relocation Set 18.846ms
[21.974s][info][gc,phases   ] GC(11) Pause Relocate Start 0.013ms
[22.025s][info][gc,phases   ] GC(11) Concurrent Relocate 50.279ms
[22.025s][info][gc,load     ] GC(11) Load: 0.00/0.00/0.00
[22.025s][info][gc,mmu      ] GC(11) MMU: 2ms/96.7%, 5ms/98.7%, 10ms/99.3%, 20ms/99.6%, 50ms/99.8%, 100ms/99.9%
[22.025s][info][gc,marking  ] GC(11) Mark: 8 stripe(s), 3 proactive flush(es), 1 terminate flush(es), 0 completion(s), 0 continuation(s) 
[22.025s][info][gc,marking  ] GC(11) Mark Stack Usage: 32M
[22.025s][info][gc,nmethod  ] GC(11) NMethods: 5643 registered, 428 unregistered
[22.025s][info][gc,metaspace] GC(11) Metaspace: 60M used, 61M committed, 1088M reserved
[22.025s][info][gc,ref      ] GC(11) Soft: 4786 encountered, 0 discovered, 0 enqueued
[22.025s][info][gc,ref      ] GC(11) Weak: 5845 encountered, 2942 discovered, 187 enqueued
[22.025s][info][gc,ref      ] GC(11) Final: 124 encountered, 2 discovered, 0 enqueued
[22.025s][info][gc,ref      ] GC(11) Phantom: 633 encountered, 479 discovered, 23 enqueued
[22.025s][info][gc,reloc    ] GC(11) Small Pages: 1108 / 2216M, Empty: 1162M, Relocated: 124M, In-Place: 0
[22.025s][info][gc,reloc    ] GC(11) Medium Pages: 4 / 128M, Empty: 64M, Relocated: 18M, In-Place: 0
[22.025s][info][gc,reloc    ] GC(11) Large Pages: 17 / 118M, Empty: 94M, Relocated: 0M, In-Place: 0
[22.025s][info][gc,reloc    ] GC(11) Forwarding Usage: 82M
[22.025s][info][gc,heap     ] GC(11) Min Capacity: 8M(0%)
[22.025s][info][gc,heap     ] GC(11) Max Capacity: 4096M(100%)
[22.025s][info][gc,heap     ] GC(11) Soft Max Capacity: 4096M(100%)
[22.025s][info][gc,heap     ] GC(11)                Mark Start          Mark End        Relocate Start      Relocate End           High               Low         
[22.025s][info][gc,heap     ] GC(11)  Capacity:     3522M (86%)        3534M (86%)        3534M (86%)        3534M (86%)        3534M (86%)        3522M (86%)    
[22.025s][info][gc,heap     ] GC(11)      Free:     1634M (40%)        1384M (34%)        2634M (64%)        3356M (82%)        3356M (82%)        1354M (33%)    
[22.025s][info][gc,heap     ] GC(11)      Used:     2462M (60%)        2712M (66%)        1462M (36%)         740M (18%)        2742M (67%)         740M (18%)    
[22.025s][info][gc,heap     ] GC(11)      Live:         -               314M (8%)          314M (8%)          314M (8%)             -                  -          
[22.025s][info][gc,heap     ] GC(11) Allocated:         -               250M (6%)          320M (8%)          365M (9%)             -                  -          
[22.025s][info][gc,heap     ] GC(11)   Garbage:         -              2147M (52%)         827M (20%)          60M (1%)             -                  -          
[22.025s][info][gc,heap     ] GC(11) Reclaimed:         -                  -              1320M (32%)        2087M (51%)            -                  -          
[22.025s][info][gc          ] GC(11) Garbage Collection (Allocation Rate) 2462M(60%)->740M(18%)
[22.754s][info][gc,start    ] GC(12) Garbage Collection (Allocation Rate)
[22.754s][info][gc,task     ] GC(12) Using 6 workers
[22.754s][info][gc,phases   ] GC(12) Pause Mark Start 0.012ms
[23.020s][info][gc,phases   ] GC(12) Concurrent Mark 265.177ms
[23.020s][info][gc,phases   ] GC(12) Pause Mark End 0.019ms
[23.020s][info][gc,phases   ] GC(12) Concurrent Mark Free 0.002ms
[23.023s][info][gc,phases   ] GC(12) Concurrent Process Non-Strong References 2.909ms
[23.023s][info][gc,phases   ] GC(12) Concurrent Reset Relocation Set 0.102ms
[23.117s][info][gc,phases   ] GC(12) Concurrent Select Relocation Set 93.998ms
[23.117s][info][gc,phases   ] GC(12) Pause Relocate Start 0.008ms
[23.196s][info][gc,phases   ] GC(12) Concurrent Relocate 78.437ms
[23.196s][info][gc,load     ] GC(12) Load: 0.00/0.00/0.00
[23.196s][info][gc,mmu      ] GC(12) MMU: 2ms/96.7%, 5ms/98.7%, 10ms/99.3%, 20ms/99.6%, 50ms/99.8%, 100ms/99.9%
[23.196s][info][gc,marking  ] GC(12) Mark: 4 stripe(s), 4 proactive flush(es), 1 terminate flush(es), 0 completion(s), 0 continuation(s) 
[23.196s][info][gc,marking  ] GC(12) Mark Stack Usage: 32M
[23.196s][info][gc,nmethod  ] GC(12) NMethods: 5661 registered, 435 unregistered
[23.196s][info][gc,metaspace] GC(12) Metaspace: 60M used, 61M committed, 1088M reserved
[23.196s][info][gc,ref      ] GC(12) Soft: 4786 encountered, 0 discovered, 0 enqueued
[23.196s][info][gc,ref      ] GC(12) Weak: 5667 encountered, 1444 discovered, 8 enqueued
[23.196s][info][gc,ref      ] GC(12) Final: 124 encountered, 2 discovered, 0 enqueued
[23.196s][info][gc,ref      ] GC(12) Phantom: 610 encountered, 523 discovered, 0 enqueued
[23.196s][info][gc,reloc    ] GC(12) Small Pages: 851 / 1702M, Empty: 0M, Relocated: 132M, In-Place: 0
[23.196s][info][gc,reloc    ] GC(12) Medium Pages: 2 / 64M, Empty: 0M, Relocated: 15M, In-Place: 0
[23.196s][info][gc,reloc    ] GC(12) Large Pages: 12 / 88M, Empty: 48M, Relocated: 0M, In-Place: 0
[23.196s][info][gc,reloc    ] GC(12) Forwarding Usage: 119M
[23.196s][info][gc,heap     ] GC(12) Min Capacity: 8M(0%)
[23.196s][info][gc,heap     ] GC(12) Max Capacity: 4096M(100%)
[23.196s][info][gc,heap     ] GC(12) Soft Max Capacity: 4096M(100%)
[23.196s][info][gc,heap     ] GC(12)                Mark Start          Mark End        Relocate Start      Relocate End           High               Low         
[23.196s][info][gc,heap     ] GC(12)  Capacity:     3534M (86%)        3534M (86%)        3534M (86%)        3534M (86%)        3534M (86%)        3534M (86%)    
[23.196s][info][gc,heap     ] GC(12)      Free:     2242M (55%)        2208M (54%)        2236M (55%)        3674M (90%)        3674M (90%)        2192M (54%)    
[23.196s][info][gc,heap     ] GC(12)      Used:     1854M (45%)        1888M (46%)        1860M (45%)         422M (10%)        1904M (46%)         422M (10%)    
[23.196s][info][gc,heap     ] GC(12)      Live:         -               306M (7%)          306M (7%)          306M (7%)             -                  -          
[23.196s][info][gc,heap     ] GC(12) Allocated:         -                34M (1%)           54M (1%)           72M (2%)             -                  -          
[23.196s][info][gc,heap     ] GC(12)   Garbage:         -              1547M (38%)        1499M (37%)          42M (1%)             -                  -          
[23.196s][info][gc,heap     ] GC(12) Reclaimed:         -                  -                48M (1%)         1504M (37%)            -                  -          
[23.196s][info][gc          ] GC(12) Garbage Collection (Allocation Rate) 1854M(45%)->422M(10%)
[24.945s][info][gc,start    ] GC(13) Garbage Collection (Allocation Rate)
[24.945s][info][gc,task     ] GC(13) Using 2 workers
[24.945s][info][gc,phases   ] GC(13) Pause Mark Start 0.015ms
[25.298s][info][gc,phases   ] GC(13) Concurrent Mark 353.234ms
[25.299s][info][gc,phases   ] GC(13) Pause Mark End 0.018ms
[25.299s][info][gc,phases   ] GC(13) Concurrent Mark Free 0.001ms
[25.320s][info][gc,phases   ] GC(13) Concurrent Process Non-Strong References 20.869ms
[25.320s][info][gc,phases   ] GC(13) Concurrent Reset Relocation Set 0.193ms
[25.343s][info][gc,phases   ] GC(13) Concurrent Select Relocation Set 23.291ms
[25.343s][info][gc,phases   ] GC(13) Pause Relocate Start 0.012ms
[25.364s][info][gc,phases   ] GC(13) Concurrent Relocate 20.261ms
[25.364s][info][gc,load     ] GC(13) Load: 0.00/0.00/0.00
[25.364s][info][gc,mmu      ] GC(13) MMU: 2ms/96.7%, 5ms/98.7%, 10ms/99.3%, 20ms/99.6%, 50ms/99.8%, 100ms/99.9%
[25.364s][info][gc,marking  ] GC(13) Mark: 2 stripe(s), 2 proactive flush(es), 1 terminate flush(es), 0 completion(s), 0 continuation(s) 
[25.364s][info][gc,marking  ] GC(13) Mark Stack Usage: 32M
[25.364s][info][gc,nmethod  ] GC(13) NMethods: 6358 registered, 644 unregistered
[25.364s][info][gc,metaspace] GC(13) Metaspace: 61M used, 62M committed, 1088M reserved
[25.364s][info][gc,ref      ] GC(13) Soft: 4886 encountered, 0 discovered, 0 enqueued
[25.364s][info][gc,ref      ] GC(13) Weak: 6367 encountered, 1260 discovered, 438 enqueued
[25.364s][info][gc,ref      ] GC(13) Final: 124 encountered, 0 discovered, 0 enqueued
[25.364s][info][gc,ref      ] GC(13) Phantom: 691 encountered, 518 discovered, 77 enqueued
[25.364s][info][gc,reloc    ] GC(13) Small Pages: 706 / 1412M, Empty: 976M, Relocated: 13M, In-Place: 0
[25.364s][info][gc,reloc    ] GC(13) Medium Pages: 4 / 128M, Empty: 96M, Relocated: 0M, In-Place: 0
[25.364s][info][gc,reloc    ] GC(13) Large Pages: 20 / 136M, Empty: 136M, Relocated: 0M, In-Place: 0
[25.364s][info][gc,reloc    ] GC(13) Forwarding Usage: 8M
[25.364s][info][gc,heap     ] GC(13) Min Capacity: 8M(0%)
[25.364s][info][gc,heap     ] GC(13) Max Capacity: 4096M(100%)
[25.364s][info][gc,heap     ] GC(13) Soft Max Capacity: 4096M(100%)
[25.364s][info][gc,heap     ] GC(13)                Mark Start          Mark End        Relocate Start      Relocate End           High               Low         
[25.364s][info][gc,heap     ] GC(13)  Capacity:     3534M (86%)        3662M (89%)        3662M (89%)        3662M (89%)        3662M (89%)        3534M (86%)    
[25.364s][info][gc,heap     ] GC(13)      Free:     2420M (59%)        1720M (42%)        2916M (71%)        3154M (77%)        3156M (77%)        1716M (42%)    
[25.364s][info][gc,heap     ] GC(13)      Used:     1676M (41%)        2376M (58%)        1180M (29%)         942M (23%)        2380M (58%)         940M (23%)    
[25.364s][info][gc,heap     ] GC(13)      Live:         -               170M (4%)          170M (4%)          170M (4%)             -                  -          
[25.364s][info][gc,heap     ] GC(13) Allocated:         -               700M (17%)         712M (17%)         725M (18%)            -                  -          
[25.364s][info][gc,heap     ] GC(13)   Garbage:         -              1505M (37%)         297M (7%)           45M (1%)             -                  -          
[25.364s][info][gc,heap     ] GC(13) Reclaimed:         -                  -              1208M (29%)        1459M (36%)            -                  -          
[25.364s][info][gc          ] GC(13) Garbage Collection (Allocation Rate) 1676M(41%)->942M(23%)
[25.455s][info][gc,start    ] GC(14) Garbage Collection (Allocation Rate)
[25.455s][info][gc,task     ] GC(14) Using 6 workers
[25.455s][info][gc,phases   ] GC(14) Pause Mark Start 0.018ms
[25.631s][info][gc,phases   ] GC(14) Concurrent Mark 175.947ms
[25.631s][info][gc,phases   ] GC(14) Pause Mark End 0.013ms
[25.631s][info][gc,phases   ] GC(14) Concurrent Mark Free 0.001ms
[25.634s][info][gc,phases   ] GC(14) Concurrent Process Non-Strong References 3.266ms
[25.635s][info][gc,phases   ] GC(14) Concurrent Reset Relocation Set 0.020ms
[25.670s][info][gc,phases   ] GC(14) Concurrent Select Relocation Set 35.198ms
[25.670s][info][gc,phases   ] GC(14) Pause Relocate Start 0.009ms
[25.735s][info][gc,phases   ] GC(14) Concurrent Relocate 64.968ms
[25.735s][info][gc,load     ] GC(14) Load: 0.00/0.00/0.00
[25.735s][info][gc,mmu      ] GC(14) MMU: 2ms/96.7%, 5ms/98.7%, 10ms/99.3%, 20ms/99.6%, 50ms/99.8%, 100ms/99.9%
[25.735s][info][gc,marking  ] GC(14) Mark: 4 stripe(s), 2 proactive flush(es), 1 terminate flush(es), 0 completion(s), 0 continuation(s) 
[25.735s][info][gc,marking  ] GC(14) Mark Stack Usage: 32M
[25.735s][info][gc,nmethod  ] GC(14) NMethods: 6354 registered, 698 unregistered
[25.735s][info][gc,metaspace] GC(14) Metaspace: 61M used, 62M committed, 1088M reserved
[25.735s][info][gc,ref      ] GC(14) Soft: 4886 encountered, 0 discovered, 0 enqueued
[25.735s][info][gc,ref      ] GC(14) Weak: 5977 encountered, 624 discovered, 11 enqueued
[25.735s][info][gc,ref      ] GC(14) Final: 124 encountered, 0 discovered, 0 enqueued
[25.735s][info][gc,ref      ] GC(14) Phantom: 616 encountered, 385 discovered, 6 enqueued
[25.735s][info][gc,reloc    ] GC(14) Small Pages: 427 / 854M, Empty: 2M, Relocated: 74M, In-Place: 0
[25.735s][info][gc,reloc    ] GC(14) Medium Pages: 2 / 64M, Empty: 0M, Relocated: 14M, In-Place: 0
[25.735s][info][gc,reloc    ] GC(14) Large Pages: 4 / 24M, Empty: 0M, Relocated: 0M, In-Place: 0
[25.735s][info][gc,reloc    ] GC(14) Forwarding Usage: 73M
[25.735s][info][gc,heap     ] GC(14) Min Capacity: 8M(0%)
[25.735s][info][gc,heap     ] GC(14) Max Capacity: 4096M(100%)
[25.735s][info][gc,heap     ] GC(14) Soft Max Capacity: 4096M(100%)
[25.735s][info][gc,heap     ] GC(14)                Mark Start          Mark End        Relocate Start      Relocate End           High               Low         
[25.735s][info][gc,heap     ] GC(14)  Capacity:     3662M (89%)        3662M (89%)        3662M (89%)        3662M (89%)        3662M (89%)        3662M (89%)    
[25.735s][info][gc,heap     ] GC(14)      Free:     3154M (77%)        3118M (76%)        3100M (76%)        3712M (91%)        3712M (91%)        3062M (75%)    
[25.735s][info][gc,heap     ] GC(14)      Used:      942M (23%)         978M (24%)         996M (24%)         384M (9%)         1034M (25%)         384M (9%)     
[25.735s][info][gc,heap     ] GC(14)      Live:         -               269M (7%)          269M (7%)          269M (7%)             -                  -          
[25.735s][info][gc,heap     ] GC(14) Allocated:         -                36M (1%)           56M (1%)           72M (2%)             -                  -          
[25.735s][info][gc,heap     ] GC(14)   Garbage:         -               672M (16%)         670M (16%)          42M (1%)             -                  -          
[25.735s][info][gc,heap     ] GC(14) Reclaimed:         -                  -                 2M (0%)          630M (15%)            -                  -          
[25.735s][info][gc          ] GC(14) Garbage Collection (Allocation Rate) 942M(23%)->384M(9%)
[26.816s][info][gc,start    ] GC(15) Garbage Collection (System.gc())
[26.816s][info][gc,task     ] GC(15) Using 12 workers
[26.816s][info][gc,phases   ] GC(15) Pause Mark Start 0.015ms
[26.882s][info][gc,phases   ] GC(15) Concurrent Mark 65.746ms
[26.882s][info][gc,phases   ] GC(15) Pause Mark End 0.021ms
[26.882s][info][gc,phases   ] GC(15) Concurrent Mark Free 0.001ms
[26.893s][info][gc,phases   ] GC(15) Concurrent Process Non-Strong References 11.153ms
[26.893s][info][gc,phases   ] GC(15) Concurrent Reset Relocation Set 0.074ms
[26.903s][info][gc,phases   ] GC(15) Concurrent Select Relocation Set 9.765ms
[26.903s][info][gc,phases   ] GC(15) Pause Relocate Start 0.009ms
[26.910s][info][gc,phases   ] GC(15) Concurrent Relocate 6.183ms
[26.910s][info][gc,load     ] GC(15) Load: 0.00/0.00/0.00
[26.910s][info][gc,mmu      ] GC(15) MMU: 2ms/96.7%, 5ms/98.7%, 10ms/99.3%, 20ms/99.6%, 50ms/99.8%, 100ms/99.9%
[26.910s][info][gc,marking  ] GC(15) Mark: 8 stripe(s), 2 proactive flush(es), 1 terminate flush(es), 0 completion(s), 0 continuation(s) 
[26.910s][info][gc,marking  ] GC(15) Mark Stack Usage: 32M
[26.910s][info][gc,nmethod  ] GC(15) NMethods: 6673 registered, 860 unregistered
[26.910s][info][gc,metaspace] GC(15) Metaspace: 63M used, 64M committed, 1088M reserved
[26.910s][info][gc,ref      ] GC(15) Soft: 4941 encountered, 0 discovered, 0 enqueued
[26.910s][info][gc,ref      ] GC(15) Weak: 6356 encountered, 635 discovered, 319 enqueued
[26.910s][info][gc,ref      ] GC(15) Final: 126 encountered, 0 discovered, 0 enqueued
[26.910s][info][gc,ref      ] GC(15) Phantom: 715 encountered, 654 discovered, 98 enqueued
[26.910s][info][gc,reloc    ] GC(15) Small Pages: 683 / 1366M, Empty: 1094M, Relocated: 8M, In-Place: 0
[26.910s][info][gc,reloc    ] GC(15) Medium Pages: 7 / 224M, Empty: 192M, Relocated: 0M, In-Place: 0
[26.910s][info][gc,reloc    ] GC(15) Large Pages: 40 / 256M, Empty: 256M, Relocated: 0M, In-Place: 0
[26.910s][info][gc,reloc    ] GC(15) Forwarding Usage: 5M
[26.910s][info][gc,heap     ] GC(15) Min Capacity: 8M(0%)
[26.910s][info][gc,heap     ] GC(15) Max Capacity: 4096M(100%)
[26.910s][info][gc,heap     ] GC(15) Soft Max Capacity: 4096M(100%)
[26.910s][info][gc,heap     ] GC(15)                Mark Start          Mark End        Relocate Start      Relocate End           High               Low         
[26.910s][info][gc,heap     ] GC(15)  Capacity:     3748M (92%)        3748M (92%)        3748M (92%)        3748M (92%)        3748M (92%)        3748M (92%)    
[26.910s][info][gc,heap     ] GC(15)      Free:     2250M (55%)        2248M (55%)        3778M (92%)        3852M (94%)        3852M (94%)        2248M (55%)    
[26.910s][info][gc,heap     ] GC(15)      Used:     1846M (45%)        1848M (45%)         318M (8%)          244M (6%)         1848M (45%)         244M (6%)     
[26.910s][info][gc,heap     ] GC(15)      Live:         -               168M (4%)          168M (4%)          168M (4%)             -                  -          
[26.910s][info][gc,heap     ] GC(15) Allocated:         -                 2M (0%)           14M (0%)           19M (0%)             -                  -          
[26.910s][info][gc,heap     ] GC(15)   Garbage:         -              1677M (41%)         135M (3%)           55M (1%)             -                  -          
[26.910s][info][gc,heap     ] GC(15) Reclaimed:         -                  -              1542M (38%)        1621M (40%)            -                  -          
[26.910s][info][gc          ] GC(15) Garbage Collection (System.gc()) 1846M(45%)->244M(6%)
[27.858s][info][gc,start    ] GC(16) Garbage Collection (Allocation Rate)
[27.858s][info][gc,task     ] GC(16) Using 5 workers
[27.858s][info][gc,phases   ] GC(16) Pause Mark Start 0.012ms
[28.193s][info][gc,phases   ] GC(16) Concurrent Mark 334.758ms
[28.193s][info][gc,phases   ] GC(16) Pause Mark End 0.021ms
[28.193s][info][gc,phases   ] GC(16) Concurrent Mark Free 0.001ms
[28.210s][info][gc,phases   ] GC(16) Concurrent Process Non-Strong References 16.476ms
[28.210s][info][gc,phases   ] GC(16) Concurrent Reset Relocation Set 0.007ms
[28.278s][info][gc,phases   ] GC(16) Concurrent Select Relocation Set 68.119ms
[28.278s][info][gc,phases   ] GC(16) Pause Relocate Start 0.009ms
[28.393s][info][gc,phases   ] GC(16) Concurrent Relocate 115.224ms
[28.393s][info][gc,load     ] GC(16) Load: 0.00/0.00/0.00
[28.393s][info][gc,mmu      ] GC(16) MMU: 2ms/96.7%, 5ms/98.7%, 10ms/99.3%, 20ms/99.6%, 50ms/99.8%, 100ms/99.9%
[28.394s][info][gc,marking  ] GC(16) Mark: 4 stripe(s), 2 proactive flush(es), 1 terminate flush(es), 0 completion(s), 0 continuation(s) 
[28.394s][info][gc,marking  ] GC(16) Mark Stack Usage: 32M
[28.394s][info][gc,nmethod  ] GC(16) NMethods: 6805 registered, 884 unregistered
[28.394s][info][gc,metaspace] GC(16) Metaspace: 63M used, 64M committed, 1088M reserved
[28.394s][info][gc,ref      ] GC(16) Soft: 4946 encountered, 0 discovered, 0 enqueued
[28.394s][info][gc,ref      ] GC(16) Weak: 6169 encountered, 1177 discovered, 34 enqueued
[28.394s][info][gc,ref      ] GC(16) Final: 126 encountered, 27 discovered, 0 enqueued
[28.394s][info][gc,ref      ] GC(16) Phantom: 629 encountered, 435 discovered, 12 enqueued
[28.394s][info][gc,reloc    ] GC(16) Small Pages: 1060 / 2120M, Empty: 0M, Relocated: 188M, In-Place: 0
[28.394s][info][gc,reloc    ] GC(16) Medium Pages: 2 / 64M, Empty: 32M, Relocated: 0M, In-Place: 0
[28.394s][info][gc,reloc    ] GC(16) Large Pages: 13 / 94M, Empty: 30M, Relocated: 0M, In-Place: 0
[28.394s][info][gc,reloc    ] GC(16) Forwarding Usage: 149M
[28.394s][info][gc,heap     ] GC(16) Min Capacity: 8M(0%)
[28.394s][info][gc,heap     ] GC(16) Max Capacity: 4096M(100%)
[28.394s][info][gc,heap     ] GC(16) Soft Max Capacity: 4096M(100%)
[28.394s][info][gc,heap     ] GC(16)                Mark Start          Mark End        Relocate Start      Relocate End           High               Low         
[28.394s][info][gc,heap     ] GC(16)  Capacity:     3748M (92%)        3748M (92%)        3748M (92%)        3748M (92%)        3748M (92%)        3748M (92%)    
[28.394s][info][gc,heap     ] GC(16)      Free:     1818M (44%)        1562M (38%)        1620M (40%)        3362M (82%)        3362M (82%)        1560M (38%)    
[28.394s][info][gc,heap     ] GC(16)      Used:     2278M (56%)        2534M (62%)        2476M (60%)         734M (18%)        2536M (62%)         734M (18%)    
[28.394s][info][gc,heap     ] GC(16)      Live:         -               421M (10%)         421M (10%)         421M (10%)            -                  -          
[28.394s][info][gc,heap     ] GC(16) Allocated:         -               256M (6%)          260M (6%)          260M (6%)             -                  -          
[28.394s][info][gc,heap     ] GC(16)   Garbage:         -              1856M (45%)        1794M (44%)          51M (1%)             -                  -          
[28.394s][info][gc,heap     ] GC(16) Reclaimed:         -                  -                62M (2%)         1804M (44%)            -                  -          
[28.394s][info][gc          ] GC(16) Garbage Collection (Allocation Rate) 2278M(56%)->734M(18%)
[28.458s][info][gc,start    ] GC(17) Garbage Collection (Allocation Rate)
[28.458s][info][gc,task     ] GC(17) Using 6 workers
[28.459s][info][gc,phases   ] GC(17) Pause Mark Start 0.018ms
[28.747s][info][gc,phases   ] GC(17) Concurrent Mark 287.842ms
[28.747s][info][gc,phases   ] GC(17) Pause Mark End 0.017ms
[28.747s][info][gc,phases   ] GC(17) Concurrent Mark Free 0.002ms
[28.750s][info][gc,phases   ] GC(17) Concurrent Process Non-Strong References 3.078ms
[28.750s][info][gc,phases   ] GC(17) Concurrent Reset Relocation Set 0.246ms
[28.774s][info][gc,phases   ] GC(17) Concurrent Select Relocation Set 23.443ms
[28.774s][info][gc,phases   ] GC(17) Pause Relocate Start 0.011ms
[28.802s][info][gc,phases   ] GC(17) Concurrent Relocate 27.668ms
[28.802s][info][gc,load     ] GC(17) Load: 0.00/0.00/0.00
[28.802s][info][gc,mmu      ] GC(17) MMU: 2ms/96.7%, 5ms/98.7%, 10ms/99.3%, 20ms/99.6%, 50ms/99.8%, 100ms/99.9%
[28.802s][info][gc,marking  ] GC(17) Mark: 4 stripe(s), 2 proactive flush(es), 1 terminate flush(es), 0 completion(s), 0 continuation(s) 
[28.802s][info][gc,marking  ] GC(17) Mark Stack Usage: 32M
[28.802s][info][gc,nmethod  ] GC(17) NMethods: 6842 registered, 887 unregistered
[28.802s][info][gc,metaspace] GC(17) Metaspace: 63M used, 64M committed, 1088M reserved
[28.802s][info][gc,ref      ] GC(17) Soft: 4946 encountered, 0 discovered, 0 enqueued
[28.802s][info][gc,ref      ] GC(17) Weak: 6135 encountered, 2461 discovered, 0 enqueued
[28.802s][info][gc,ref      ] GC(17) Final: 126 encountered, 2 discovered, 0 enqueued
[28.802s][info][gc,ref      ] GC(17) Phantom: 617 encountered, 514 discovered, 0 enqueued
[28.802s][info][gc,reloc    ] GC(17) Small Pages: 303 / 606M, Empty: 88M, Relocated: 24M, In-Place: 0
[28.802s][info][gc,reloc    ] GC(17) Medium Pages: 2 / 64M, Empty: 0M, Relocated: 18M, In-Place: 0
[28.802s][info][gc,reloc    ] GC(17) Large Pages: 8 / 64M, Empty: 24M, Relocated: 0M, In-Place: 0
[28.802s][info][gc,reloc    ] GC(17) Forwarding Usage: 21M
[28.802s][info][gc,heap     ] GC(17) Min Capacity: 8M(0%)
[28.802s][info][gc,heap     ] GC(17) Max Capacity: 4096M(100%)
[28.802s][info][gc,heap     ] GC(17) Soft Max Capacity: 4096M(100%)
[28.802s][info][gc,heap     ] GC(17)                Mark Start          Mark End        Relocate Start      Relocate End           High               Low         
[28.802s][info][gc,heap     ] GC(17)  Capacity:     3748M (92%)        3748M (92%)        3748M (92%)        3748M (92%)        3748M (92%)        3748M (92%)    
[28.802s][info][gc,heap     ] GC(17)      Free:     3362M (82%)        3288M (80%)        3398M (83%)        3644M (89%)        3644M (89%)        3286M (80%)    
[28.802s][info][gc,heap     ] GC(17)      Used:      734M (18%)         808M (20%)         698M (17%)         452M (11%)         810M (20%)         452M (11%)    
[28.802s][info][gc,heap     ] GC(17)      Live:         -               314M (8%)          314M (8%)          314M (8%)             -                  -          
[28.802s][info][gc,heap     ] GC(17) Allocated:         -                74M (2%)           76M (2%)           87M (2%)             -                  -          
[28.802s][info][gc,heap     ] GC(17)   Garbage:         -               419M (10%)         307M (8%)           49M (1%)             -                  -          
[28.802s][info][gc,heap     ] GC(17) Reclaimed:         -                  -               112M (3%)          369M (9%)             -                  -          
[28.802s][info][gc          ] GC(17) Garbage Collection (Allocation Rate) 734M(18%)->452M(11%)
[29.644s][info][gc,start    ] GC(18) Garbage Collection (Allocation Rate)
[29.644s][info][gc,task     ] GC(18) Using 7 workers
[29.644s][info][gc,phases   ] GC(18) Pause Mark Start 0.019ms
[29.828s][info][gc,phases   ] GC(18) Concurrent Mark 183.558ms
[29.828s][info][gc,phases   ] GC(18) Pause Mark End 0.019ms
[29.828s][info][gc,phases   ] GC(18) Concurrent Mark Free 0.001ms
[29.831s][info][gc,phases   ] GC(18) Concurrent Process Non-Strong References 2.559ms
[29.831s][info][gc,phases   ] GC(18) Concurrent Reset Relocation Set 0.029ms
[29.884s][info][gc,phases   ] GC(18) Concurrent Select Relocation Set 52.549ms
[29.884s][info][gc,phases   ] GC(18) Pause Relocate Start 0.012ms
[29.945s][info][gc,phases   ] GC(18) Concurrent Relocate 61.330ms
[29.945s][info][gc,load     ] GC(18) Load: 0.00/0.00/0.00
[29.945s][info][gc,mmu      ] GC(18) MMU: 2ms/96.7%, 5ms/98.7%, 10ms/99.3%, 20ms/99.6%, 50ms/99.8%, 100ms/99.9%
[29.945s][info][gc,marking  ] GC(18) Mark: 4 stripe(s), 2 proactive flush(es), 1 terminate flush(es), 0 completion(s), 0 continuation(s) 
[29.945s][info][gc,marking  ] GC(18) Mark Stack Usage: 32M
[29.945s][info][gc,nmethod  ] GC(18) NMethods: 6906 registered, 915 unregistered
[29.945s][info][gc,metaspace] GC(18) Metaspace: 63M used, 64M committed, 1088M reserved
[29.945s][info][gc,ref      ] GC(18) Soft: 4950 encountered, 0 discovered, 0 enqueued
[29.945s][info][gc,ref      ] GC(18) Weak: 6358 encountered, 2376 discovered, 88 enqueued
[29.945s][info][gc,ref      ] GC(18) Final: 126 encountered, 5 discovered, 0 enqueued
[29.945s][info][gc,ref      ] GC(18) Phantom: 617 encountered, 416 discovered, 0 enqueued
[29.945s][info][gc,reloc    ] GC(18) Small Pages: 796 / 1592M, Empty: 164M, Relocated: 146M, In-Place: 0
[29.945s][info][gc,reloc    ] GC(18) Medium Pages: 3 / 96M, Empty: 64M, Relocated: 0M, In-Place: 0
[29.945s][info][gc,reloc    ] GC(18) Large Pages: 18 / 128M, Empty: 70M, Relocated: 0M, In-Place: 0
[29.945s][info][gc,reloc    ] GC(18) Forwarding Usage: 98M
[29.945s][info][gc,heap     ] GC(18) Min Capacity: 8M(0%)
[29.945s][info][gc,heap     ] GC(18) Max Capacity: 4096M(100%)
[29.945s][info][gc,heap     ] GC(18) Soft Max Capacity: 4096M(100%)
[29.945s][info][gc,heap     ] GC(18)                Mark Start          Mark End        Relocate Start      Relocate End           High               Low         
[29.945s][info][gc,heap     ] GC(18)  Capacity:     3748M (92%)        3748M (92%)        3748M (92%)        3748M (92%)        3748M (92%)        3748M (92%)    
[29.945s][info][gc,heap     ] GC(18)      Free:     2280M (56%)        2000M (49%)        2164M (53%)        3174M (77%)        3174M (77%)        1992M (49%)    
[29.945s][info][gc,heap     ] GC(18)      Used:     1816M (44%)        2096M (51%)        1932M (47%)         922M (23%)        2104M (51%)         922M (23%)    
[29.945s][info][gc,heap     ] GC(18)      Live:         -               374M (9%)          374M (9%)          374M (9%)             -                  -          
[29.945s][info][gc,heap     ] GC(18) Allocated:         -               280M (7%)          414M (10%)         495M (12%)            -                  -          
[29.945s][info][gc,heap     ] GC(18)   Garbage:         -              1441M (35%)        1143M (28%)          51M (1%)             -                  -          
[29.945s][info][gc,heap     ] GC(18) Reclaimed:         -                  -               298M (7%)         1389M (34%)            -                  -          
[29.946s][info][gc          ] GC(18) Garbage Collection (Allocation Rate) 1816M(44%)->922M(23%)
[30.151s][info][gc,stats    ] === Garbage Collection Statistics =======================================================================================================================
[30.151s][info][gc,stats    ]                                                              Last 10s              Last 10m              Last 10h                Total
[30.151s][info][gc,stats    ]                                                              Avg / Max             Avg / Max             Avg / Max             Avg / Max
[30.151s][info][gc,stats    ]   Collector: Garbage Collection Cycle                    572.864 / 2470.825    332.339 / 2470.825    332.339 / 2470.825    332.339 / 2470.825    ms
[30.151s][info][gc,stats    ]  Contention: Mark Segment Reset Contention                    35 / 255              12 / 255              12 / 255              12 / 255         ops/s
[30.151s][info][gc,stats    ]  Contention: Mark SeqNum Reset Contention                      0 / 2                 0 / 2                 0 / 2                 0 / 2           ops/s
[30.151s][info][gc,stats    ]    Critical: Allocation Stall                                  0 / 0                 0 / 0                 0 / 0                 0 / 0           ops/s
[30.151s][info][gc,stats    ]    Critical: Allocation Stall                              0.000 / 0.000         0.000 / 0.000         0.000 / 0.000         0.000 / 0.000       ms
[30.151s][info][gc,stats    ]    Critical: GC Locker Stall                                   0 / 0                 0 / 0                 0 / 0                 0 / 0           ops/s
[30.151s][info][gc,stats    ]    Critical: GC Locker Stall                               0.000 / 0.000         0.000 / 0.000         0.000 / 0.000         0.000 / 0.000       ms
[30.151s][info][gc,stats    ]    Critical: Relocation Stall                                  0 / 0                 0 / 0                 0 / 0                 0 / 0           ops/s
[30.151s][info][gc,stats    ]    Critical: Relocation Stall                              0.000 / 0.000         0.000 / 0.000         0.000 / 0.000         0.000 / 0.000       ms
[30.151s][info][gc,stats    ]      Memory: Allocation Rate                                1089 / 1998            714 / 3096            714 / 3096            714 / 3096        MB/s
[30.151s][info][gc,stats    ]      Memory: Defragment                                        0 / 2                 0 / 2                 0 / 2                 0 / 2           ops/s
[30.151s][info][gc,stats    ]      Memory: Out Of Memory                                     0 / 0                 0 / 0                 0 / 0                 0 / 0           ops/s
[30.152s][info][gc,stats    ]      Memory: Page Cache Flush                                  0 / 4                 0 / 4                 0 / 4                 0 / 4           MB/s
[30.152s][info][gc,stats    ]      Memory: Page Cache Hit L1                               531 / 1022            298 / 1402            298 / 1402            298 / 1402        ops/s
[30.152s][info][gc,stats    ]      Memory: Page Cache Hit L2                                 0 / 0                 0 / 0                 0 / 0                 0 / 0           ops/s
[30.152s][info][gc,stats    ]      Memory: Page Cache Hit L3                                 3 / 14               32 / 286              32 / 286              32 / 286         ops/s
[30.152s][info][gc,stats    ]      Memory: Page Cache Miss                                   4 / 24               23 / 558              23 / 558              23 / 558         ops/s
[30.152s][info][gc,stats    ]      Memory: Uncommit                                          0 / 0                 0 / 0                 0 / 0                 0 / 0           MB/s
[30.152s][info][gc,stats    ]      Memory: Undo Object Allocation Failed                     0 / 0                 0 / 0                 0 / 0                 0 / 0           ops/s
[30.152s][info][gc,stats    ]      Memory: Undo Object Allocation Succeeded                159 / 1568             54 / 1568             54 / 1568             54 / 1568        ops/s
[30.152s][info][gc,stats    ]      Memory: Undo Page Allocation                              0 / 3                 0 / 3                 0 / 3                 0 / 3           ops/s
[30.152s][info][gc,stats    ]       Phase: Concurrent Mark                             383.785 / 1600.769    233.634 / 1600.769    233.634 / 1600.769    233.634 / 1600.769    ms
[30.152s][info][gc,stats    ]       Phase: Concurrent Mark Continue                      0.000 / 0.000         0.000 / 0.000         0.000 / 0.000         0.000 / 0.000       ms
[30.152s][info][gc,stats    ]       Phase: Concurrent Mark Free                          0.047 / 0.412         0.023 / 0.412         0.023 / 0.412         0.023 / 0.412       ms
[30.152s][info][gc,stats    ]       Phase: Concurrent Process Non-Strong References     11.879 / 35.438        8.552 / 35.438        8.552 / 35.438        8.552 / 35.438      ms
[30.152s][info][gc,stats    ]       Phase: Concurrent Relocate                         125.200 / 702.452      61.520 / 702.452      61.520 / 702.452      61.520 / 702.452     ms
[30.152s][info][gc,stats    ]       Phase: Concurrent Reset Relocation Set               0.102 / 0.246         0.051 / 0.246         0.051 / 0.246         0.051 / 0.246       ms
[30.152s][info][gc,stats    ]       Phase: Concurrent Select Relocation Set             50.683 / 130.936      27.378 / 130.936      27.378 / 130.936      27.378 / 130.936     ms
[30.152s][info][gc,stats    ]       Phase: Pause Mark End                                0.018 / 0.021         0.024 / 0.067         0.024 / 0.067         0.024 / 0.067       ms
[30.152s][info][gc,stats    ]       Phase: Pause Mark Start                              0.015 / 0.019         0.014 / 0.019         0.014 / 0.019         0.014 / 0.019       ms
[30.152s][info][gc,stats    ]       Phase: Pause Relocate Start                          0.010 / 0.013         0.009 / 0.013         0.009 / 0.013         0.009 / 0.013       ms
[30.152s][info][gc,stats    ]    Subphase: Concurrent Classes Purge                      0.458 / 1.276         0.465 / 1.289         0.465 / 1.289         0.465 / 1.289       ms
[30.152s][info][gc,stats    ]    Subphase: Concurrent Classes Unlink                    10.220 / 29.134        6.482 / 29.134        6.482 / 29.134        6.482 / 29.134      ms
[30.152s][info][gc,stats    ]    Subphase: Concurrent Mark                             216.787 / 1589.527    141.531 / 1589.527    141.531 / 1589.527    141.531 / 1589.527    ms
[30.152s][info][gc,stats    ]    Subphase: Concurrent Mark Try Flush                     0.073 / 0.153         0.303 / 16.605        0.303 / 16.605        0.303 / 16.605      ms
[30.152s][info][gc,stats    ]    Subphase: Concurrent Mark Try Terminate                 6.519 / 15.090       12.835 / 16.803       12.835 / 16.803       12.835 / 16.803      ms
[30.152s][info][gc,stats    ]    Subphase: Concurrent References Enqueue                 0.003 / 0.005         0.003 / 0.005         0.003 / 0.005         0.003 / 0.005       ms
[30.152s][info][gc,stats    ]    Subphase: Concurrent References Process                 0.136 / 0.271         0.135 / 0.271         0.135 / 0.271         0.135 / 0.271       ms
[30.152s][info][gc,stats    ]    Subphase: Concurrent Roots ClassLoaderDataGraph         0.114 / 0.583         0.093 / 0.947         0.093 / 0.947         0.093 / 0.947       ms
[30.152s][info][gc,stats    ]    Subphase: Concurrent Roots CodeCache                    0.000 / 0.000         0.000 / 0.000         0.000 / 0.000         0.000 / 0.000       ms
[30.153s][info][gc,stats    ]    Subphase: Concurrent Roots JavaThreads                  5.198 / 10.883        3.780 / 10.883        3.780 / 10.883        3.780 / 10.883      ms
[30.153s][info][gc,stats    ]    Subphase: Concurrent Roots OopStorageSet                0.034 / 0.090         0.036 / 0.272         0.036 / 0.272         0.036 / 0.272       ms
[30.153s][info][gc,stats    ]    Subphase: Concurrent Weak Roots OopStorageSet           0.403 / 4.541         0.335 / 4.541         0.335 / 4.541         0.335 / 4.541       ms
[30.153s][info][gc,stats    ]    Subphase: Pause Mark Try Complete                       0.000 / 0.000         0.001 / 0.004         0.001 / 0.004         0.001 / 0.004       ms
[30.153s][info][gc,stats    ]      System: Java Threads                                    114 / 148              89 / 148              89 / 148              89 / 148         threads
[30.153s][info][gc,stats    ] =========================================================================================================================================================
[32.244s][info][gc,start    ] GC(19) Garbage Collection (Allocation Rate)
[32.244s][info][gc,task     ] GC(19) Using 8 workers
[32.245s][info][gc,phases   ] GC(19) Pause Mark Start 0.011ms
[32.416s][info][gc,phases   ] GC(19) Concurrent Mark 171.483ms
[32.416s][info][gc,phases   ] GC(19) Pause Mark End 0.025ms
[32.416s][info][gc,phases   ] GC(19) Concurrent Mark Free 0.001ms
[32.419s][info][gc,phases   ] GC(19) Concurrent Process Non-Strong References 2.694ms
[32.419s][info][gc,phases   ] GC(19) Concurrent Reset Relocation Set 0.119ms
[32.429s][info][gc,phases   ] GC(19) Concurrent Select Relocation Set 9.706ms
[32.429s][info][gc,phases   ] GC(19) Pause Relocate Start 0.010ms
[32.470s][info][gc,phases   ] GC(19) Concurrent Relocate 40.547ms
[32.470s][info][gc,load     ] GC(19) Load: 0.00/0.00/0.00
[32.470s][info][gc,mmu      ] GC(19) MMU: 2ms/96.7%, 5ms/98.7%, 10ms/99.3%, 20ms/99.6%, 50ms/99.8%, 100ms/99.9%
[32.470s][info][gc,marking  ] GC(19) Mark: 8 stripe(s), 2 proactive flush(es), 1 terminate flush(es), 0 completion(s), 0 continuation(s) 
[32.470s][info][gc,marking  ] GC(19) Mark Stack Usage: 32M
[32.470s][info][gc,nmethod  ] GC(19) NMethods: 7311 registered, 970 unregistered
[32.470s][info][gc,metaspace] GC(19) Metaspace: 63M used, 64M committed, 1088M reserved
[32.470s][info][gc,ref      ] GC(19) Soft: 4946 encountered, 0 discovered, 0 enqueued
[32.470s][info][gc,ref      ] GC(19) Weak: 6577 encountered, 1798 discovered, 286 enqueued
[32.470s][info][gc,ref      ] GC(19) Final: 126 encountered, 0 discovered, 0 enqueued
[32.470s][info][gc,ref      ] GC(19) Phantom: 620 encountered, 375 discovered, 1 enqueued
[32.470s][info][gc,reloc    ] GC(19) Small Pages: 1417 / 2834M, Empty: 1964M, Relocated: 57M, In-Place: 0
[32.470s][info][gc,reloc    ] GC(19) Medium Pages: 4 / 128M, Empty: 64M, Relocated: 18M, In-Place: 0
[32.470s][info][gc,reloc    ] GC(19) Large Pages: 28 / 184M, Empty: 184M, Relocated: 0M, In-Place: 0
[32.470s][info][gc,reloc    ] GC(19) Forwarding Usage: 51M
[32.470s][info][gc,heap     ] GC(19) Min Capacity: 8M(0%)
[32.470s][info][gc,heap     ] GC(19) Max Capacity: 4096M(100%)
[32.470s][info][gc,heap     ] GC(19) Soft Max Capacity: 4096M(100%)
[32.470s][info][gc,heap     ] GC(19)                Mark Start          Mark End        Relocate Start      Relocate End           High               Low         
[32.470s][info][gc,heap     ] GC(19)  Capacity:     3748M (92%)        3748M (92%)        3748M (92%)        3748M (92%)        3748M (92%)        3748M (92%)    
[32.470s][info][gc,heap     ] GC(19)      Free:      950M (23%)         698M (17%)        2892M (71%)        3540M (86%)        3540M (86%)         696M (17%)    
[32.471s][info][gc,heap     ] GC(19)      Used:     3146M (77%)        3398M (83%)        1204M (29%)         556M (14%)        3400M (83%)         556M (14%)    
[32.471s][info][gc,heap     ] GC(19)      Live:         -               225M (6%)          225M (6%)          225M (6%)             -                  -          
[32.471s][info][gc,heap     ] GC(19) Allocated:         -               252M (6%)          270M (7%)          291M (7%)             -                  -          
[32.471s][info][gc,heap     ] GC(19)   Garbage:         -              2920M (71%)         708M (17%)          39M (1%)             -                  -          
[32.471s][info][gc,heap     ] GC(19) Reclaimed:         -                  -              2212M (54%)        2881M (70%)            -                  -          
[32.471s][info][gc          ] GC(19) Garbage Collection (Allocation Rate) 3146M(77%)->556M(14%)
[33.534s][info][gc,start    ] GC(20) Garbage Collection (System.gc())
[33.534s][info][gc,task     ] GC(20) Using 12 workers
[33.534s][info][gc,phases   ] GC(20) Pause Mark Start 0.017ms
[33.603s][info][gc,phases   ] GC(20) Concurrent Mark 68.791ms
[33.604s][info][gc,phases   ] GC(20) Pause Mark End 0.025ms
[33.604s][info][gc,phases   ] GC(20) Concurrent Mark Free 0.002ms
[33.606s][info][gc,phases   ] GC(20) Concurrent Process Non-Strong References 2.158ms
[33.606s][info][gc,phases   ] GC(20) Concurrent Reset Relocation Set 0.084ms
[33.619s][info][gc,phases   ] GC(20) Concurrent Select Relocation Set 13.453ms
[33.620s][info][gc,phases   ] GC(20) Pause Relocate Start 0.008ms
[33.623s][info][gc,phases   ] GC(20) Concurrent Relocate 2.911ms
[33.623s][info][gc,load     ] GC(20) Load: 0.00/0.00/0.00
[33.623s][info][gc,mmu      ] GC(20) MMU: 2ms/96.7%, 5ms/98.7%, 10ms/99.3%, 20ms/99.6%, 50ms/99.8%, 100ms/99.9%
[33.623s][info][gc,marking  ] GC(20) Mark: 8 stripe(s), 3 proactive flush(es), 1 terminate flush(es), 0 completion(s), 0 continuation(s) 
[33.623s][info][gc,marking  ] GC(20) Mark Stack Usage: 32M
[33.623s][info][gc,nmethod  ] GC(20) NMethods: 7474 registered, 993 unregistered
[33.623s][info][gc,metaspace] GC(20) Metaspace: 63M used, 64M committed, 1088M reserved
[33.623s][info][gc,ref      ] GC(20) Soft: 4942 encountered, 0 discovered, 0 enqueued
[33.623s][info][gc,ref      ] GC(20) Weak: 6363 encountered, 637 discovered, 198 enqueued
[33.623s][info][gc,ref      ] GC(20) Final: 126 encountered, 1 discovered, 0 enqueued
[33.623s][info][gc,ref      ] GC(20) Phantom: 617 encountered, 427 discovered, 0 enqueued
[33.623s][info][gc,reloc    ] GC(20) Small Pages: 774 / 1548M, Empty: 1270M, Relocated: 4M, In-Place: 0
[33.623s][info][gc,reloc    ] GC(20) Medium Pages: 7 / 224M, Empty: 192M, Relocated: 0M, In-Place: 0
[33.623s][info][gc,reloc    ] GC(20) Large Pages: 37 / 234M, Empty: 234M, Relocated: 0M, In-Place: 0
[33.623s][info][gc,reloc    ] GC(20) Forwarding Usage: 2M
[33.623s][info][gc,heap     ] GC(20) Min Capacity: 8M(0%)
[33.623s][info][gc,heap     ] GC(20) Max Capacity: 4096M(100%)
[33.623s][info][gc,heap     ] GC(20) Soft Max Capacity: 4096M(100%)
[33.624s][info][gc,heap     ] GC(20)                Mark Start          Mark End        Relocate Start      Relocate End           High               Low         
[33.624s][info][gc,heap     ] GC(20)  Capacity:     3812M (93%)        3812M (93%)        3812M (93%)        3812M (93%)        3812M (93%)        3812M (93%)    
[33.624s][info][gc,heap     ] GC(20)      Free:     2090M (51%)        2090M (51%)        3766M (92%)        3836M (94%)        3836M (94%)        2088M (51%)    
[33.624s][info][gc,heap     ] GC(20)      Used:     2006M (49%)        2006M (49%)         330M (8%)          260M (6%)         2008M (49%)         260M (6%)     
[33.624s][info][gc,heap     ] GC(20)      Live:         -               168M (4%)          168M (4%)          168M (4%)             -                  -          
[33.624s][info][gc,heap     ] GC(20) Allocated:         -                 0M (0%)           20M (0%)           31M (1%)             -                  -          
[33.624s][info][gc,heap     ] GC(20)   Garbage:         -              1837M (45%)         141M (3%)           59M (1%)             -                  -          
[33.624s][info][gc,heap     ] GC(20) Reclaimed:         -                  -              1696M (41%)        1777M (43%)            -                  -          
[33.624s][info][gc          ] GC(20) Garbage Collection (System.gc()) 2006M(49%)->260M(6%)
[34.446s][info][gc,start    ] GC(21) Garbage Collection (Allocation Rate)
[34.446s][info][gc,task     ] GC(21) Using 4 workers
[34.447s][info][gc,phases   ] GC(21) Pause Mark Start 0.013ms
[34.837s][info][gc,phases   ] GC(21) Concurrent Mark 390.104ms
[34.837s][info][gc,phases   ] GC(21) Pause Mark End 0.027ms
[34.837s][info][gc,phases   ] GC(21) Concurrent Mark Free 0.001ms
[34.841s][info][gc,phases   ] GC(21) Concurrent Process Non-Strong References 4.228ms
[34.841s][info][gc,phases   ] GC(21) Concurrent Reset Relocation Set 0.006ms
[34.896s][info][gc,phases   ] GC(21) Concurrent Select Relocation Set 55.148ms
[34.897s][info][gc,phases   ] GC(21) Pause Relocate Start 0.009ms
[35.025s][info][gc,phases   ] GC(21) Concurrent Relocate 127.763ms
[35.025s][info][gc,load     ] GC(21) Load: 0.00/0.00/0.00
[35.025s][info][gc,mmu      ] GC(21) MMU: 2ms/96.7%, 5ms/98.7%, 10ms/99.3%, 20ms/99.6%, 50ms/99.8%, 100ms/99.9%
[35.025s][info][gc,marking  ] GC(21) Mark: 4 stripe(s), 2 proactive flush(es), 1 terminate flush(es), 0 completion(s), 0 continuation(s) 
[35.025s][info][gc,marking  ] GC(21) Mark Stack Usage: 32M
[35.025s][info][gc,nmethod  ] GC(21) NMethods: 7579 registered, 1002 unregistered
[35.025s][info][gc,metaspace] GC(21) Metaspace: 63M used, 64M committed, 1088M reserved
[35.025s][info][gc,ref      ] GC(21) Soft: 4946 encountered, 0 discovered, 0 enqueued
[35.025s][info][gc,ref      ] GC(21) Weak: 6262 encountered, 394 discovered, 21 enqueued
[35.025s][info][gc,ref      ] GC(21) Final: 126 encountered, 0 discovered, 0 enqueued
[35.025s][info][gc,ref      ] GC(21) Phantom: 617 encountered, 425 discovered, 0 enqueued
[35.025s][info][gc,reloc    ] GC(21) Small Pages: 887 / 1774M, Empty: 0M, Relocated: 176M, In-Place: 0
[35.025s][info][gc,reloc    ] GC(21) Medium Pages: 2 / 64M, Empty: 32M, Relocated: 0M, In-Place: 0
[35.025s][info][gc,reloc    ] GC(21) Large Pages: 13 / 94M, Empty: 30M, Relocated: 0M, In-Place: 0
[35.025s][info][gc,reloc    ] GC(21) Forwarding Usage: 128M
[35.025s][info][gc,heap     ] GC(21) Min Capacity: 8M(0%)
[35.025s][info][gc,heap     ] GC(21) Max Capacity: 4096M(100%)
[35.025s][info][gc,heap     ] GC(21) Soft Max Capacity: 4096M(100%)
[35.025s][info][gc,heap     ] GC(21)                Mark Start          Mark End        Relocate Start      Relocate End           High               Low         
[35.025s][info][gc,heap     ] GC(21)  Capacity:     3812M (93%)        3812M (93%)        3812M (93%)        3812M (93%)        3812M (93%)        3812M (93%)    
[35.025s][info][gc,heap     ] GC(21)      Free:     2164M (53%)        1574M (38%)        1618M (40%)        3032M (74%)        3032M (74%)        1572M (38%)    
[35.025s][info][gc,heap     ] GC(21)      Used:     1932M (47%)        2522M (62%)        2478M (60%)        1064M (26%)        2524M (62%)        1064M (26%)    
[35.025s][info][gc,heap     ] GC(21)      Live:         -               407M (10%)         407M (10%)         407M (10%)            -                  -          
[35.025s][info][gc,heap     ] GC(21) Allocated:         -               590M (14%)         608M (15%)         608M (15%)            -                  -          
[35.025s][info][gc,heap     ] GC(21)   Garbage:         -              1524M (37%)        1462M (36%)          48M (1%)             -                  -          
[35.025s][info][gc,heap     ] GC(21) Reclaimed:         -                  -                62M (2%)         1476M (36%)            -                  -          
[35.025s][info][gc          ] GC(21) Garbage Collection (Allocation Rate) 1932M(47%)->1064M(26%)
[35.149s][info][gc,start    ] GC(22) Garbage Collection (Allocation Rate)
[35.149s][info][gc,task     ] GC(22) Using 4 workers
[35.149s][info][gc,phases   ] GC(22) Pause Mark Start 0.018ms
[35.493s][info][gc,phases   ] GC(22) Concurrent Mark 343.239ms
[35.493s][info][gc,phases   ] GC(22) Pause Mark End 0.023ms
[35.493s][info][gc,phases   ] GC(22) Concurrent Mark Free 0.001ms
[35.500s][info][gc,phases   ] GC(22) Concurrent Process Non-Strong References 6.674ms
[35.500s][info][gc,phases   ] GC(22) Concurrent Reset Relocation Set 0.135ms
[35.514s][info][gc,phases   ] GC(22) Concurrent Select Relocation Set 13.853ms
[35.514s][info][gc,phases   ] GC(22) Pause Relocate Start 0.011ms
[35.559s][info][gc,phases   ] GC(22) Concurrent Relocate 44.910ms
[35.559s][info][gc,load     ] GC(22) Load: 0.00/0.00/0.00
[35.559s][info][gc,mmu      ] GC(22) MMU: 2ms/96.7%, 5ms/98.7%, 10ms/99.3%, 20ms/99.6%, 50ms/99.8%, 100ms/99.9%
[35.559s][info][gc,marking  ] GC(22) Mark: 4 stripe(s), 4 proactive flush(es), 1 terminate flush(es), 0 completion(s), 0 continuation(s) 
[35.559s][info][gc,marking  ] GC(22) Mark Stack Usage: 32M
[35.559s][info][gc,nmethod  ] GC(22) NMethods: 7599 registered, 1002 unregistered
[35.559s][info][gc,metaspace] GC(22) Metaspace: 63M used, 64M committed, 1088M reserved
[35.559s][info][gc,ref      ] GC(22) Soft: 4946 encountered, 0 discovered, 0 enqueued
[35.559s][info][gc,ref      ] GC(22) Weak: 6241 encountered, 405 discovered, 0 enqueued
[35.559s][info][gc,ref      ] GC(22) Final: 126 encountered, 1 discovered, 0 enqueued
[35.559s][info][gc,ref      ] GC(22) Phantom: 617 encountered, 522 discovered, 0 enqueued
[35.559s][info][gc,reloc    ] GC(22) Small Pages: 468 / 936M, Empty: 80M, Relocated: 40M, In-Place: 0
[35.560s][info][gc,reloc    ] GC(22) Medium Pages: 2 / 64M, Empty: 0M, Relocated: 18M, In-Place: 0
[35.560s][info][gc,reloc    ] GC(22) Large Pages: 8 / 64M, Empty: 24M, Relocated: 0M, In-Place: 0
[35.560s][info][gc,reloc    ] GC(22) Forwarding Usage: 39M
[35.560s][info][gc,heap     ] GC(22) Min Capacity: 8M(0%)
[35.560s][info][gc,heap     ] GC(22) Max Capacity: 4096M(100%)
[35.560s][info][gc,heap     ] GC(22) Soft Max Capacity: 4096M(100%)
[35.560s][info][gc,heap     ] GC(22)                Mark Start          Mark End        Relocate Start      Relocate End           High               Low         
[35.560s][info][gc,heap     ] GC(22)  Capacity:     3812M (93%)        3812M (93%)        3812M (93%)        3812M (93%)        3812M (93%)        3812M (93%)    
[35.560s][info][gc,heap     ] GC(22)      Free:     3032M (74%)        2950M (72%)        3046M (74%)        3632M (89%)        3632M (89%)        2944M (72%)    
[35.560s][info][gc,heap     ] GC(22)      Used:     1064M (26%)        1146M (28%)        1050M (26%)         464M (11%)        1152M (28%)         464M (11%)    
[35.560s][info][gc,heap     ] GC(22)      Live:         -               314M (8%)          314M (8%)          314M (8%)             -                  -          
[35.560s][info][gc,heap     ] GC(22) Allocated:         -                82M (2%)           90M (2%)           98M (2%)             -                  -          
[35.560s][info][gc,heap     ] GC(22)   Garbage:         -               749M (18%)         645M (16%)          50M (1%)             -                  -          
[35.560s][info][gc,heap     ] GC(22) Reclaimed:         -                  -               104M (3%)          698M (17%)            -                  -          
[35.560s][info][gc          ] GC(22) Garbage Collection (Allocation Rate) 1064M(26%)->464M(11%)
[35.651s][info][gc,start    ] GC(23) Garbage Collection (Allocation Rate)
[35.651s][info][gc,task     ] GC(23) Using 6 workers
[35.651s][info][gc,phases   ] GC(23) Pause Mark Start 0.016ms
[35.790s][info][gc,phases   ] GC(23) Concurrent Mark 138.965ms
[35.790s][info][gc,phases   ] GC(23) Pause Mark End 0.027ms
[35.790s][info][gc,phases   ] GC(23) Concurrent Mark Free 0.001ms
[35.793s][info][gc,phases   ] GC(23) Concurrent Process Non-Strong References 2.995ms
[35.793s][info][gc,phases   ] GC(23) Concurrent Reset Relocation Set 0.065ms
[35.801s][info][gc,phases   ] GC(23) Concurrent Select Relocation Set 7.151ms
[35.801s][info][gc,phases   ] GC(23) Pause Relocate Start 0.011ms
[35.822s][info][gc,phases   ] GC(23) Concurrent Relocate 21.500ms
[35.822s][info][gc,load     ] GC(23) Load: 0.00/0.00/0.00
[35.823s][info][gc,mmu      ] GC(23) MMU: 2ms/96.7%, 5ms/98.7%, 10ms/99.3%, 20ms/99.6%, 50ms/99.8%, 100ms/99.9%
[35.823s][info][gc,marking  ] GC(23) Mark: 4 stripe(s), 2 proactive flush(es), 1 terminate flush(es), 0 completion(s), 0 continuation(s) 
[35.823s][info][gc,marking  ] GC(23) Mark Stack Usage: 32M
[35.823s][info][gc,nmethod  ] GC(23) NMethods: 7666 registered, 1012 unregistered
[35.823s][info][gc,metaspace] GC(23) Metaspace: 63M used, 64M committed, 1088M reserved
[35.823s][info][gc,ref      ] GC(23) Soft: 4943 encountered, 0 discovered, 0 enqueued
[35.823s][info][gc,ref      ] GC(23) Weak: 6339 encountered, 1429 discovered, 0 enqueued
[35.823s][info][gc,ref      ] GC(23) Final: 126 encountered, 0 discovered, 0 enqueued
[35.823s][info][gc,ref      ] GC(23) Phantom: 617 encountered, 369 discovered, 0 enqueued
[35.823s][info][gc,reloc    ] GC(23) Small Pages: 186 / 372M, Empty: 42M, Relocated: 29M, In-Place: 0
[35.823s][info][gc,reloc    ] GC(23) Medium Pages: 2 / 64M, Empty: 32M, Relocated: 0M, In-Place: 0
[35.823s][info][gc,reloc    ] GC(23) Large Pages: 4 / 40M, Empty: 30M, Relocated: 0M, In-Place: 0
[35.823s][info][gc,reloc    ] GC(23) Forwarding Usage: 25M
[35.823s][info][gc,heap     ] GC(23) Min Capacity: 8M(0%)
[35.823s][info][gc,heap     ] GC(23) Max Capacity: 4096M(100%)
[35.823s][info][gc,heap     ] GC(23) Soft Max Capacity: 4096M(100%)
[35.823s][info][gc,heap     ] GC(23)                Mark Start          Mark End        Relocate Start      Relocate End           High               Low         
[35.823s][info][gc,heap     ] GC(23)  Capacity:     3812M (93%)        3812M (93%)        3812M (93%)        3812M (93%)        3812M (93%)        3812M (93%)    
[35.823s][info][gc,heap     ] GC(23)      Free:     3620M (88%)        3410M (83%)        3508M (86%)        3622M (88%)        3622M (88%)        3408M (83%)    
[35.823s][info][gc,heap     ] GC(23)      Used:      476M (12%)         686M (17%)         588M (14%)         474M (12%)         688M (17%)         474M (12%)    
[35.823s][info][gc,heap     ] GC(23)      Live:         -               203M (5%)          203M (5%)          203M (5%)             -                  -          
[35.823s][info][gc,heap     ] GC(23) Allocated:         -               210M (5%)          216M (5%)          225M (6%)             -                  -          
[35.823s][info][gc,heap     ] GC(23)   Garbage:         -               272M (7%)          168M (4%)           44M (1%)             -                  -          
[35.823s][info][gc,heap     ] GC(23) Reclaimed:         -                  -               104M (3%)          227M (6%)             -                  -          
[35.823s][info][gc          ] GC(23) Garbage Collection (Allocation Rate) 476M(12%)->474M(12%)
[36.556s][info][gc,start    ] GC(24) Garbage Collection (Allocation Rate)
[36.556s][info][gc,task     ] GC(24) Using 7 workers
[36.556s][info][gc,phases   ] GC(24) Pause Mark Start 0.011ms
[36.774s][info][gc,phases   ] GC(24) Concurrent Mark 218.305ms
[36.774s][info][gc,phases   ] GC(24) Pause Mark End 0.020ms
[36.774s][info][gc,phases   ] GC(24) Concurrent Mark Free 0.001ms
[36.777s][info][gc,phases   ] GC(24) Concurrent Process Non-Strong References 2.877ms
[36.777s][info][gc,phases   ] GC(24) Concurrent Reset Relocation Set 0.018ms
[36.842s][info][gc,phases   ] GC(24) Concurrent Select Relocation Set 64.158ms
[36.842s][info][gc,phases   ] GC(24) Pause Relocate Start 0.009ms
[36.913s][info][gc,phases   ] GC(24) Concurrent Relocate 71.385ms
[36.913s][info][gc,load     ] GC(24) Load: 0.00/0.00/0.00
[36.913s][info][gc,mmu      ] GC(24) MMU: 2ms/96.7%, 5ms/98.7%, 10ms/99.3%, 20ms/99.6%, 50ms/99.8%, 100ms/99.9%
[36.914s][info][gc,marking  ] GC(24) Mark: 4 stripe(s), 2 proactive flush(es), 1 terminate flush(es), 0 completion(s), 0 continuation(s) 
[36.914s][info][gc,marking  ] GC(24) Mark Stack Usage: 32M
[36.914s][info][gc,nmethod  ] GC(24) NMethods: 7721 registered, 1031 unregistered
[36.914s][info][gc,metaspace] GC(24) Metaspace: 64M used, 64M committed, 1088M reserved
[36.914s][info][gc,ref      ] GC(24) Soft: 4955 encountered, 0 discovered, 0 enqueued
[36.914s][info][gc,ref      ] GC(24) Weak: 6499 encountered, 1535 discovered, 178 enqueued
[36.914s][info][gc,ref      ] GC(24) Final: 126 encountered, 88 discovered, 0 enqueued
[36.914s][info][gc,ref      ] GC(24) Phantom: 624 encountered, 425 discovered, 7 enqueued
[36.914s][info][gc,reloc    ] GC(24) Small Pages: 867 / 1734M, Empty: 44M, Relocated: 162M, In-Place: 0
[36.914s][info][gc,reloc    ] GC(24) Medium Pages: 3 / 96M, Empty: 64M, Relocated: 0M, In-Place: 0
[36.914s][info][gc,reloc    ] GC(24) Large Pages: 18 / 128M, Empty: 64M, Relocated: 0M, In-Place: 0
[36.914s][info][gc,reloc    ] GC(24) Forwarding Usage: 110M
[36.914s][info][gc,heap     ] GC(24) Min Capacity: 8M(0%)
[36.914s][info][gc,heap     ] GC(24) Max Capacity: 4096M(100%)
[36.914s][info][gc,heap     ] GC(24) Soft Max Capacity: 4096M(100%)
[36.914s][info][gc,heap     ] GC(24)                Mark Start          Mark End        Relocate Start      Relocate End           High               Low         
[36.914s][info][gc,heap     ] GC(24)  Capacity:     3812M (93%)        3812M (93%)        3812M (93%)        3812M (93%)        3812M (93%)        3812M (93%)    
[36.914s][info][gc,heap     ] GC(24)      Free:     2138M (52%)        1738M (42%)        1752M (43%)        3002M (73%)        3002M (73%)        1704M (42%)    
[36.914s][info][gc,heap     ] GC(24)      Used:     1958M (48%)        2358M (58%)        2344M (57%)        1094M (27%)        2392M (58%)        1094M (27%)    
[36.914s][info][gc,heap     ] GC(24)      Live:         -               396M (10%)         396M (10%)         396M (10%)            -                  -          
[36.914s][info][gc,heap     ] GC(24) Allocated:         -               400M (10%)         558M (14%)         644M (16%)            -                  -          
[36.914s][info][gc,heap     ] GC(24)   Garbage:         -              1561M (38%)        1389M (34%)          53M (1%)             -                  -          
[36.914s][info][gc,heap     ] GC(24) Reclaimed:         -                  -               172M (4%)         1508M (37%)            -                  -          
[36.914s][info][gc          ] GC(24) Garbage Collection (Allocation Rate) 1958M(48%)->1094M(27%)
[36.946s][info][gc,start    ] GC(25) Garbage Collection (Allocation Rate)
[36.946s][info][gc,task     ] GC(25) Using 8 workers
[36.946s][info][gc,phases   ] GC(25) Pause Mark Start 0.009ms
[37.165s][info][gc,phases   ] GC(25) Concurrent Mark 218.326ms
[37.165s][info][gc,phases   ] GC(25) Pause Mark End 0.030ms
[37.165s][info][gc,phases   ] GC(25) Concurrent Mark Free 0.001ms
[37.167s][info][gc,phases   ] GC(25) Concurrent Process Non-Strong References 2.372ms
[37.168s][info][gc,phases   ] GC(25) Concurrent Reset Relocation Set 0.126ms
[37.177s][info][gc,phases   ] GC(25) Concurrent Select Relocation Set 9.198ms
[37.177s][info][gc,phases   ] GC(25) Pause Relocate Start 0.010ms
[37.216s][info][gc,phases   ] GC(25) Concurrent Relocate 39.192ms
[37.216s][info][gc,load     ] GC(25) Load: 0.00/0.00/0.00
[37.216s][info][gc,mmu      ] GC(25) MMU: 2ms/96.7%, 5ms/98.7%, 10ms/99.3%, 20ms/99.6%, 50ms/99.8%, 100ms/99.9%
[37.216s][info][gc,marking  ] GC(25) Mark: 8 stripe(s), 2 proactive flush(es), 1 terminate flush(es), 0 completion(s), 0 continuation(s) 
[37.216s][info][gc,marking  ] GC(25) Mark Stack Usage: 32M
[37.216s][info][gc,nmethod  ] GC(25) NMethods: 7723 registered, 1031 unregistered
[37.216s][info][gc,metaspace] GC(25) Metaspace: 64M used, 64M committed, 1088M reserved
[37.216s][info][gc,ref      ] GC(25) Soft: 4955 encountered, 0 discovered, 0 enqueued
[37.217s][info][gc,ref      ] GC(25) Weak: 6330 encountered, 361 discovered, 1 enqueued
[37.217s][info][gc,ref      ] GC(25) Final: 126 encountered, 0 discovered, 0 enqueued
[37.217s][info][gc,ref      ] GC(25) Phantom: 617 encountered, 512 discovered, 0 enqueued
[37.217s][info][gc,reloc    ] GC(25) Small Pages: 517 / 1034M, Empty: 22M, Relocated: 69M, In-Place: 0
[37.217s][info][gc,reloc    ] GC(25) Medium Pages: 1 / 32M, Empty: 0M, Relocated: 0M, In-Place: 0
[37.217s][info][gc,reloc    ] GC(25) Large Pages: 8 / 64M, Empty: 12M, Relocated: 0M, In-Place: 0
[37.217s][info][gc,reloc    ] GC(25) Forwarding Usage: 60M
[37.217s][info][gc,heap     ] GC(25) Min Capacity: 8M(0%)
[37.217s][info][gc,heap     ] GC(25) Max Capacity: 4096M(100%)
[37.217s][info][gc,heap     ] GC(25) Soft Max Capacity: 4096M(100%)
[37.217s][info][gc,heap     ] GC(25)                Mark Start          Mark End        Relocate Start      Relocate End           High               Low         
[37.217s][info][gc,heap     ] GC(25)  Capacity:     3812M (93%)        3812M (93%)        3812M (93%)        3812M (93%)        3812M (93%)        3812M (93%)    
[37.217s][info][gc,heap     ] GC(25)      Free:     2966M (72%)        2924M (71%)        2958M (72%)        3628M (89%)        3628M (89%)        2924M (71%)    
[37.217s][info][gc,heap     ] GC(25)      Used:     1130M (28%)        1172M (29%)        1138M (28%)         468M (11%)        1172M (29%)         468M (11%)    
[37.217s][info][gc,heap     ] GC(25)      Live:         -               363M (9%)          363M (9%)          363M (9%)             -                  -          
[37.217s][info][gc,heap     ] GC(25) Allocated:         -                42M (1%)           42M (1%)           40M (1%)             -                  -          
[37.217s][info][gc,heap     ] GC(25)   Garbage:         -               766M (19%)         732M (18%)          63M (2%)             -                  -          
[37.217s][info][gc,heap     ] GC(25) Reclaimed:         -                  -                34M (1%)          702M (17%)            -                  -          
[37.217s][info][gc          ] GC(25) Garbage Collection (Allocation Rate) 1130M(28%)->468M(11%)
[39.244s][info][gc,start    ] GC(26) Garbage Collection (Allocation Rate)
[39.244s][info][gc,task     ] GC(26) Using 5 workers
[39.244s][info][gc,phases   ] GC(26) Pause Mark Start 0.011ms
[39.478s][info][gc,phases   ] GC(26) Concurrent Mark 233.977ms
[39.478s][info][gc,phases   ] GC(26) Pause Mark End 0.027ms
[39.478s][info][gc,phases   ] GC(26) Concurrent Mark Free 0.002ms
[39.483s][info][gc,phases   ] GC(26) Concurrent Process Non-Strong References 4.444ms
[39.483s][info][gc,phases   ] GC(26) Concurrent Reset Relocation Set 0.098ms
[39.545s][info][gc,phases   ] GC(26) Concurrent Select Relocation Set 62.376ms
[39.546s][info][gc,phases   ] GC(26) Pause Relocate Start 0.013ms
[39.613s][info][gc,phases   ] GC(26) Concurrent Relocate 66.896ms
[39.613s][info][gc,load     ] GC(26) Load: 0.00/0.00/0.00
[39.613s][info][gc,mmu      ] GC(26) MMU: 2ms/96.7%, 5ms/98.7%, 10ms/99.3%, 20ms/99.6%, 50ms/99.8%, 100ms/99.9%
[39.613s][info][gc,marking  ] GC(26) Mark: 4 stripe(s), 2 proactive flush(es), 1 terminate flush(es), 0 completion(s), 0 continuation(s) 
[39.613s][info][gc,marking  ] GC(26) Mark Stack Usage: 32M
[39.613s][info][gc,nmethod  ] GC(26) NMethods: 8062 registered, 1060 unregistered
[39.613s][info][gc,metaspace] GC(26) Metaspace: 64M used, 65M committed, 1088M reserved
[39.613s][info][gc,ref      ] GC(26) Soft: 4951 encountered, 0 discovered, 0 enqueued
[39.613s][info][gc,ref      ] GC(26) Weak: 6697 encountered, 2642 discovered, 283 enqueued
[39.613s][info][gc,ref      ] GC(26) Final: 126 encountered, 3 discovered, 0 enqueued
[39.613s][info][gc,ref      ] GC(26) Phantom: 617 encountered, 507 discovered, 0 enqueued
[39.613s][info][gc,reloc    ] GC(26) Small Pages: 1069 / 2138M, Empty: 1060M, Relocated: 71M, In-Place: 0
[39.613s][info][gc,reloc    ] GC(26) Medium Pages: 5 / 160M, Empty: 96M, Relocated: 15M, In-Place: 0
[39.613s][info][gc,reloc    ] GC(26) Large Pages: 26 / 172M, Empty: 154M, Relocated: 0M, In-Place: 0
[39.614s][info][gc,reloc    ] GC(26) Forwarding Usage: 66M
[39.614s][info][gc,heap     ] GC(26) Min Capacity: 8M(0%)
[39.614s][info][gc,heap     ] GC(26) Max Capacity: 4096M(100%)
[39.614s][info][gc,heap     ] GC(26) Soft Max Capacity: 4096M(100%)
[39.614s][info][gc,heap     ] GC(26)                Mark Start          Mark End        Relocate Start      Relocate End           High               Low         
[39.614s][info][gc,heap     ] GC(26)  Capacity:     3812M (93%)        3812M (93%)        3812M (93%)        3812M (93%)        3812M (93%)        3812M (93%)    
[39.614s][info][gc,heap     ] GC(26)      Free:     1626M (40%)        1496M (37%)        2668M (65%)        3300M (81%)        3300M (81%)        1490M (36%)    
[39.614s][info][gc,heap     ] GC(26)      Used:     2470M (60%)        2600M (63%)        1428M (35%)         796M (19%)        2606M (64%)         796M (19%)    
[39.614s][info][gc,heap     ] GC(26)      Live:         -               257M (6%)          257M (6%)          257M (6%)             -                  -          
[39.614s][info][gc,heap     ] GC(26) Allocated:         -               130M (3%)          268M (7%)          499M (12%)            -                  -          
[39.614s][info][gc,heap     ] GC(26)   Garbage:         -              2212M (54%)         902M (22%)          38M (1%)             -                  -          
[39.614s][info][gc,heap     ] GC(26) Reclaimed:         -                  -              1310M (32%)        2173M (53%)            -                  -          
[39.614s][info][gc          ] GC(26) Garbage Collection (Allocation Rate) 2470M(60%)->796M(19%)
[40.053s][info][gc,start    ] GC(27) Garbage Collection (Allocation Rate)
[40.053s][info][gc,task     ] GC(27) Using 4 workers
[40.053s][info][gc,phases   ] GC(27) Pause Mark Start 0.011ms
[40.146s][info][gc,stats    ] === Garbage Collection Statistics =======================================================================================================================
[40.146s][info][gc,stats    ]                                                              Last 10s              Last 10m              Last 10h                Total
[40.147s][info][gc,stats    ]                                                              Avg / Max             Avg / Max             Avg / Max             Avg / Max
[40.147s][info][gc,stats    ]   Collector: Garbage Collection Cycle                    309.014 / 578.385     325.428 / 2470.825    325.428 / 2470.825    325.428 / 2470.825    ms
[40.147s][info][gc,stats    ]  Contention: Mark Segment Reset Contention                     9 / 46               11 / 255              11 / 255              11 / 255         ops/s
[40.147s][info][gc,stats    ]  Contention: Mark SeqNum Reset Contention                      0 / 2                 0 / 2                 0 / 2                 0 / 2           ops/s
[40.147s][info][gc,stats    ]    Critical: Allocation Stall                                  0 / 0                 0 / 0                 0 / 0                 0 / 0           ops/s
[40.147s][info][gc,stats    ]    Critical: Allocation Stall                              0.000 / 0.000         0.000 / 0.000         0.000 / 0.000         0.000 / 0.000       ms
[40.147s][info][gc,stats    ]    Critical: GC Locker Stall                                   0 / 0                 0 / 0                 0 / 0                 0 / 0           ops/s
[40.147s][info][gc,stats    ]    Critical: GC Locker Stall                               0.000 / 0.000         0.000 / 0.000         0.000 / 0.000         0.000 / 0.000       ms
[40.147s][info][gc,stats    ]    Critical: Relocation Stall                                  0 / 0                 0 / 0                 0 / 0                 0 / 0           ops/s
[40.147s][info][gc,stats    ]    Critical: Relocation Stall                              0.000 / 0.000         0.000 / 0.000         0.000 / 0.000         0.000 / 0.000       ms
[40.147s][info][gc,stats    ]      Memory: Allocation Rate                                1200 / 1758            836 / 3096            836 / 3096            836 / 3096        MB/s
[40.147s][info][gc,stats    ]      Memory: Defragment                                        0 / 0                 0 / 2                 0 / 2                 0 / 2           ops/s
[40.147s][info][gc,stats    ]      Memory: Out Of Memory                                     0 / 0                 0 / 0                 0 / 0                 0 / 0           ops/s
[40.147s][info][gc,stats    ]      Memory: Page Cache Flush                                  0 / 0                 0 / 4                 0 / 4                 0 / 4           MB/s
[40.147s][info][gc,stats    ]      Memory: Page Cache Hit L1                               564 / 855             365 / 1402            365 / 1402            365 / 1402        ops/s
[40.147s][info][gc,stats    ]      Memory: Page Cache Hit L2                                 0 / 0                 0 / 0                 0 / 0                 0 / 0           ops/s
[40.147s][info][gc,stats    ]      Memory: Page Cache Hit L3                                 0 / 0                24 / 286              24 / 286              24 / 286         ops/s
[40.147s][info][gc,stats    ]      Memory: Page Cache Miss                                   0 / 2                17 / 558              17 / 558              17 / 558         ops/s
[40.147s][info][gc,stats    ]      Memory: Uncommit                                          0 / 0                 0 / 0                 0 / 0                 0 / 0           MB/s
[40.147s][info][gc,stats    ]      Memory: Undo Object Allocation Failed                     0 / 0                 0 / 0                 0 / 0                 0 / 0           ops/s
[40.147s][info][gc,stats    ]      Memory: Undo Object Allocation Succeeded                  2 / 11               41 / 1568             41 / 1568             41 / 1568        ops/s
[40.147s][info][gc,stats    ]      Memory: Undo Page Allocation                              0 / 1                 0 / 3                 0 / 3                 0 / 3           ops/s
[40.147s][info][gc,stats    ]       Phase: Concurrent Mark                             222.899 / 390.104     230.453 / 1600.769    230.453 / 1600.769    230.453 / 1600.769    ms
[40.147s][info][gc,stats    ]       Phase: Concurrent Mark Continue                      0.000 / 0.000         0.000 / 0.000         0.000 / 0.000         0.000 / 0.000       ms
[40.147s][info][gc,stats    ]       Phase: Concurrent Mark Free                          0.001 / 0.002         0.016 / 0.412         0.016 / 0.412         0.016 / 0.412       ms
[40.147s][info][gc,stats    ]       Phase: Concurrent Process Non-Strong References      3.555 / 6.674         7.072 / 35.438        7.072 / 35.438        7.072 / 35.438      ms
[40.147s][info][gc,stats    ]       Phase: Concurrent Relocate                          51.888 / 127.763      58.666 / 702.452      58.666 / 702.452      58.666 / 702.452     ms
[40.147s][info][gc,stats    ]       Phase: Concurrent Reset Relocation Set               0.081 / 0.135         0.060 / 0.246         0.060 / 0.246         0.060 / 0.246       ms
[40.147s][info][gc,stats    ]       Phase: Concurrent Select Relocation Set             29.380 / 64.158       27.971 / 130.936      27.971 / 130.936      27.971 / 130.936     ms
[40.147s][info][gc,stats    ]       Phase: Pause Mark End                                0.025 / 0.030         0.025 / 0.067         0.025 / 0.067         0.025 / 0.067       ms
[40.148s][info][gc,stats    ]       Phase: Pause Mark Start                              0.013 / 0.018         0.014 / 0.019         0.014 / 0.019         0.014 / 0.019       ms
[40.148s][info][gc,stats    ]       Phase: Pause Relocate Start                          0.010 / 0.013         0.009 / 0.013         0.009 / 0.013         0.009 / 0.013       ms
[40.148s][info][gc,stats    ]    Subphase: Concurrent Classes Purge                      0.086 / 0.199         0.352 / 1.289         0.352 / 1.289         0.352 / 1.289       ms
[40.148s][info][gc,stats    ]    Subphase: Concurrent Classes Unlink                     2.767 / 5.564         5.381 / 29.134        5.381 / 29.134        5.381 / 29.134      ms
[40.148s][info][gc,stats    ]    Subphase: Concurrent Mark                             183.508 / 380.228     152.074 / 1589.527    152.074 / 1589.527    152.074 / 1589.527    ms
[40.148s][info][gc,stats    ]    Subphase: Concurrent Mark Try Flush                     0.145 / 0.260         0.260 / 16.605        0.260 / 16.605        0.260 / 16.605      ms
[40.148s][info][gc,stats    ]    Subphase: Concurrent Mark Try Terminate                 6.931 / 15.666       12.317 / 16.803       12.317 / 16.803       12.317 / 16.803      ms
[40.148s][info][gc,stats    ]    Subphase: Concurrent References Enqueue                 0.002 / 0.004         0.003 / 0.005         0.003 / 0.005         0.003 / 0.005       ms
[40.148s][info][gc,stats    ]    Subphase: Concurrent References Process                 0.113 / 0.179         0.129 / 0.271         0.129 / 0.271         0.129 / 0.271       ms
[40.148s][info][gc,stats    ]    Subphase: Concurrent Roots ClassLoaderDataGraph         0.126 / 0.607         0.103 / 0.947         0.103 / 0.947         0.103 / 0.947       ms
[40.148s][info][gc,stats    ]    Subphase: Concurrent Roots CodeCache                    0.000 / 0.000         0.000 / 0.000         0.000 / 0.000         0.000 / 0.000       ms
[40.148s][info][gc,stats    ]    Subphase: Concurrent Roots JavaThreads                  8.275 / 13.491        4.998 / 13.491        4.998 / 13.491        4.998 / 13.491      ms
[40.148s][info][gc,stats    ]    Subphase: Concurrent Roots OopStorageSet                0.042 / 0.078         0.038 / 0.272         0.038 / 0.272         0.038 / 0.272       ms
[40.148s][info][gc,stats    ]    Subphase: Concurrent Weak Roots OopStorageSet           0.329 / 0.768         0.333 / 4.541         0.333 / 4.541         0.333 / 4.541       ms
[40.148s][info][gc,stats    ]    Subphase: Pause Mark Try Complete                       0.000 / 0.000         0.001 / 0.004         0.001 / 0.004         0.001 / 0.004       ms
[40.148s][info][gc,stats    ]      System: Java Threads                                    200 / 239             123 / 239             123 / 239             123 / 239         threads
[40.148s][info][gc,stats    ] =========================================================================================================================================================
[40.280s][info][gc,phases   ] GC(27) Concurrent Mark 227.276ms
[40.281s][info][gc,phases   ] GC(27) Pause Mark End 0.033ms
[40.281s][info][gc,phases   ] GC(27) Concurrent Mark Free 0.001ms
[40.286s][info][gc,phases   ] GC(27) Concurrent Process Non-Strong References 5.139ms
[40.286s][info][gc,phases   ] GC(27) Concurrent Reset Relocation Set 0.106ms
[40.296s][info][gc,phases   ] GC(27) Concurrent Select Relocation Set 9.917ms
[40.296s][info][gc,phases   ] GC(27) Pause Relocate Start 0.013ms
[40.349s][info][gc,phases   ] GC(27) Concurrent Relocate 52.913ms
[40.349s][info][gc,load     ] GC(27) Load: 0.00/0.00/0.00
[40.349s][info][gc,mmu      ] GC(27) MMU: 2ms/96.7%, 5ms/98.7%, 10ms/99.3%, 20ms/99.6%, 50ms/99.8%, 100ms/99.9%
[40.349s][info][gc,marking  ] GC(27) Mark: 4 stripe(s), 2 proactive flush(es), 1 terminate flush(es), 0 completion(s), 0 continuation(s) 
[40.349s][info][gc,marking  ] GC(27) Mark Stack Usage: 32M
[40.349s][info][gc,nmethod  ] GC(27) NMethods: 8089 registered, 1068 unregistered
[40.350s][info][gc,metaspace] GC(27) Metaspace: 64M used, 65M committed, 1088M reserved
[40.350s][info][gc,ref      ] GC(27) Soft: 4947 encountered, 0 discovered, 0 enqueued
[40.350s][info][gc,ref      ] GC(27) Weak: 6482 encountered, 1589 discovered, 197 enqueued
[40.350s][info][gc,ref      ] GC(27) Final: 126 encountered, 18 discovered, 0 enqueued
[40.350s][info][gc,ref      ] GC(27) Phantom: 617 encountered, 449 discovered, 0 enqueued
[40.350s][info][gc,reloc    ] GC(27) Small Pages: 653 / 1306M, Empty: 642M, Relocated: 48M, In-Place: 0
[40.350s][info][gc,reloc    ] GC(27) Medium Pages: 6 / 192M, Empty: 160M, Relocated: 0M, In-Place: 0
[40.350s][info][gc,reloc    ] GC(27) Large Pages: 42 / 276M, Empty: 264M, Relocated: 0M, In-Place: 0
[40.350s][info][gc,reloc    ] GC(27) Forwarding Usage: 47M
[40.350s][info][gc,heap     ] GC(27) Min Capacity: 8M(0%)
[40.350s][info][gc,heap     ] GC(27) Max Capacity: 4096M(100%)
[40.350s][info][gc,heap     ] GC(27) Soft Max Capacity: 4096M(100%)
[40.350s][info][gc,heap     ] GC(27)                Mark Start          Mark End        Relocate Start      Relocate End           High               Low         
[40.350s][info][gc,heap     ] GC(27)  Capacity:     3812M (93%)        3812M (93%)        3812M (93%)        3812M (93%)        3812M (93%)        3812M (93%)    
[40.350s][info][gc,heap     ] GC(27)      Free:     2322M (57%)        2298M (56%)        3346M (82%)        3714M (91%)        3714M (91%)        2298M (56%)    
[40.350s][info][gc,heap     ] GC(27)      Used:     1774M (43%)        1798M (44%)         750M (18%)         382M (9%)         1798M (44%)         382M (9%)     
[40.350s][info][gc,heap     ] GC(27)      Live:         -               294M (7%)          294M (7%)          294M (7%)             -                  -          
[40.350s][info][gc,heap     ] GC(27) Allocated:         -                24M (1%)           42M (1%)           41M (1%)             -                  -          
[40.350s][info][gc,heap     ] GC(27)   Garbage:         -              1479M (36%)         413M (10%)          45M (1%)             -                  -          
[40.350s][info][gc,heap     ] GC(27) Reclaimed:         -                  -              1066M (26%)        1433M (35%)            -                  -          
[40.350s][info][gc          ] GC(27) Garbage Collection (Allocation Rate) 1774M(43%)->382M(9%)
[40.350s][info][gc,start    ] GC(28) Garbage Collection (System.gc())
[40.350s][info][gc,task     ] GC(28) Using 12 workers
[40.350s][info][gc,phases   ] GC(28) Pause Mark Start 0.015ms
[40.421s][info][gc,phases   ] GC(28) Concurrent Mark 70.384ms
[40.421s][info][gc,phases   ] GC(28) Pause Mark End 0.032ms
[40.421s][info][gc,phases   ] GC(28) Concurrent Mark Free 0.001ms
[40.423s][info][gc,phases   ] GC(28) Concurrent Process Non-Strong References 2.054ms
[40.423s][info][gc,phases   ] GC(28) Concurrent Reset Relocation Set 0.053ms
[40.436s][info][gc,phases   ] GC(28) Concurrent Select Relocation Set 12.421ms
[40.436s][info][gc,phases   ] GC(28) Pause Relocate Start 0.009ms
[40.440s][info][gc,phases   ] GC(28) Concurrent Relocate 3.526ms
[40.440s][info][gc,load     ] GC(28) Load: 0.00/0.00/0.00
[40.440s][info][gc,mmu      ] GC(28) MMU: 2ms/96.7%, 5ms/98.7%, 10ms/99.3%, 20ms/99.6%, 50ms/99.8%, 100ms/99.9%
[40.440s][info][gc,marking  ] GC(28) Mark: 8 stripe(s), 1 proactive flush(es), 1 terminate flush(es), 0 completion(s), 0 continuation(s) 
[40.440s][info][gc,marking  ] GC(28) Mark Stack Usage: 32M
[40.440s][info][gc,nmethod  ] GC(28) NMethods: 8089 registered, 1069 unregistered
[40.440s][info][gc,metaspace] GC(28) Metaspace: 64M used, 65M committed, 1088M reserved
[40.440s][info][gc,ref      ] GC(28) Soft: 4947 encountered, 0 discovered, 0 enqueued
[40.440s][info][gc,ref      ] GC(28) Weak: 6293 encountered, 627 discovered, 12 enqueued
[40.440s][info][gc,ref      ] GC(28) Final: 126 encountered, 0 discovered, 0 enqueued
[40.440s][info][gc,ref      ] GC(28) Phantom: 617 encountered, 463 discovered, 0 enqueued
[40.440s][info][gc,reloc    ] GC(28) Small Pages: 169 / 338M, Empty: 122M, Relocated: 4M, In-Place: 0
[40.440s][info][gc,reloc    ] GC(28) Medium Pages: 1 / 32M, Empty: 0M, Relocated: 0M, In-Place: 0
[40.440s][info][gc,reloc    ] GC(28) Large Pages: 2 / 12M, Empty: 12M, Relocated: 0M, In-Place: 0
[40.440s][info][gc,reloc    ] GC(28) Forwarding Usage: 3M
[40.440s][info][gc,heap     ] GC(28) Min Capacity: 8M(0%)
[40.440s][info][gc,heap     ] GC(28) Max Capacity: 4096M(100%)
[40.440s][info][gc,heap     ] GC(28) Soft Max Capacity: 4096M(100%)
[40.440s][info][gc,heap     ] GC(28)                Mark Start          Mark End        Relocate Start      Relocate End           High               Low         
[40.440s][info][gc,heap     ] GC(28)  Capacity:     3812M (93%)        3812M (93%)        3812M (93%)        3812M (93%)        3812M (93%)        3812M (93%)    
[40.440s][info][gc,heap     ] GC(28)      Free:     3714M (91%)        3712M (91%)        3830M (94%)        3844M (94%)        3844M (94%)        3702M (90%)    
[40.440s][info][gc,heap     ] GC(28)      Used:      382M (9%)          384M (9%)          266M (6%)          252M (6%)          394M (10%)         252M (6%)     
[40.441s][info][gc,heap     ] GC(28)      Live:         -               168M (4%)          168M (4%)          168M (4%)             -                  -          
[40.441s][info][gc,heap     ] GC(28) Allocated:         -                 2M (0%)           18M (0%)           23M (1%)             -                  -          
[40.441s][info][gc,heap     ] GC(28)   Garbage:         -               213M (5%)           79M (2%)           59M (1%)             -                  -          
[40.441s][info][gc,heap     ] GC(28) Reclaimed:         -                  -               134M (3%)          153M (4%)             -                  -          
[40.441s][info][gc          ] GC(28) Garbage Collection (System.gc()) 382M(9%)->252M(6%)
[42.255s][info][gc,start    ] GC(29) Garbage Collection (Allocation Rate)
[42.255s][info][gc,task     ] GC(29) Using 12 workers
[42.255s][info][gc,phases   ] GC(29) Pause Mark Start 0.013ms
[42.348s][info][gc,phases   ] GC(29) Concurrent Mark 93.287ms
[42.349s][info][gc,phases   ] GC(29) Pause Mark End 0.052ms
[42.349s][info][gc,phases   ] GC(29) Concurrent Mark Free 0.001ms
[42.351s][info][gc,phases   ] GC(29) Concurrent Process Non-Strong References 2.195ms
[42.351s][info][gc,phases   ] GC(29) Concurrent Reset Relocation Set 0.003ms
[42.367s][info][gc,phases   ] GC(29) Concurrent Select Relocation Set 16.398ms
[42.368s][info][gc,phases   ] GC(29) Pause Relocate Start 0.009ms
[42.384s][info][gc,phases   ] GC(29) Concurrent Relocate 16.185ms
[42.384s][info][gc,load     ] GC(29) Load: 0.00/0.00/0.00
[42.384s][info][gc,mmu      ] GC(29) MMU: 2ms/96.7%, 5ms/98.7%, 10ms/99.3%, 20ms/99.6%, 50ms/99.8%, 100ms/99.9%
[42.384s][info][gc,marking  ] GC(29) Mark: 8 stripe(s), 2 proactive flush(es), 1 terminate flush(es), 1 completion(s), 0 continuation(s) 
[42.384s][info][gc,marking  ] GC(29) Mark Stack Usage: 32M
[42.384s][info][gc,nmethod  ] GC(29) NMethods: 8203 registered, 1083 unregistered
[42.384s][info][gc,metaspace] GC(29) Metaspace: 64M used, 65M committed, 1088M reserved
[42.384s][info][gc,ref      ] GC(29) Soft: 4951 encountered, 0 discovered, 0 enqueued
[42.384s][info][gc,ref      ] GC(29) Weak: 6578 encountered, 2022 discovered, 103 enqueued
[42.384s][info][gc,ref      ] GC(29) Final: 126 encountered, 0 discovered, 0 enqueued
[42.384s][info][gc,ref      ] GC(29) Phantom: 620 encountered, 391 discovered, 0 enqueued
[42.384s][info][gc,reloc    ] GC(29) Small Pages: 1280 / 2560M, Empty: 2130M, Relocated: 27M, In-Place: 0
[42.384s][info][gc,reloc    ] GC(29) Medium Pages: 4 / 128M, Empty: 96M, Relocated: 0M, In-Place: 0
[42.384s][info][gc,reloc    ] GC(29) Large Pages: 18 / 124M, Empty: 100M, Relocated: 0M, In-Place: 0
[42.384s][info][gc,reloc    ] GC(29) Forwarding Usage: 27M
[42.384s][info][gc,heap     ] GC(29) Min Capacity: 8M(0%)
[42.385s][info][gc,heap     ] GC(29) Max Capacity: 4096M(100%)
[42.385s][info][gc,heap     ] GC(29) Soft Max Capacity: 4096M(100%)
[42.385s][info][gc,heap     ] GC(29)                Mark Start          Mark End        Relocate Start      Relocate End           High               Low         
[42.385s][info][gc,heap     ] GC(29)  Capacity:     3812M (93%)        3812M (93%)        3812M (93%)        3812M (93%)        3812M (93%)        3812M (93%)    
[42.385s][info][gc,heap     ] GC(29)      Free:     1284M (31%)        1232M (30%)        3514M (86%)        3676M (90%)        3712M (91%)        1232M (30%)    
[42.385s][info][gc,heap     ] GC(29)      Used:     2812M (69%)        2864M (70%)         582M (14%)         420M (10%)        2864M (70%)         384M (9%)     
[42.385s][info][gc,heap     ] GC(29)      Live:         -               214M (5%)          214M (5%)          214M (5%)             -                  -          
[42.385s][info][gc,heap     ] GC(29) Allocated:         -                52M (1%)           96M (2%)          153M (4%)             -                  -          
[42.385s][info][gc,heap     ] GC(29)   Garbage:         -              2597M (63%)         271M (7%)           51M (1%)             -                  -          
[42.385s][info][gc,heap     ] GC(29) Reclaimed:         -                  -              2326M (57%)        2545M (62%)            -                  -          
[42.385s][info][gc          ] GC(29) Garbage Collection (Allocation Rate) 2812M(69%)->420M(10%)
[43.743s][info][gc,start    ] GC(30) Garbage Collection (Allocation Rate)
[43.743s][info][gc,task     ] GC(30) Using 4 workers
[43.743s][info][gc,phases   ] GC(30) Pause Mark Start 0.011ms
[44.055s][info][gc,phases   ] GC(30) Concurrent Mark 311.451ms
[44.055s][info][gc,phases   ] GC(30) Pause Mark End 0.024ms
[44.055s][info][gc,phases   ] GC(30) Concurrent Mark Free 0.001ms
[44.060s][info][gc,phases   ] GC(30) Concurrent Process Non-Strong References 4.445ms
[44.060s][info][gc,phases   ] GC(30) Concurrent Reset Relocation Set 0.023ms
[44.112s][info][gc,phases   ] GC(30) Concurrent Select Relocation Set 52.542ms
[44.112s][info][gc,phases   ] GC(30) Pause Relocate Start 0.009ms
[44.220s][info][gc,phases   ] GC(30) Concurrent Relocate 107.678ms
[44.220s][info][gc,load     ] GC(30) Load: 0.00/0.00/0.00
[44.220s][info][gc,mmu      ] GC(30) MMU: 2ms/96.7%, 5ms/98.7%, 10ms/99.3%, 20ms/99.6%, 50ms/99.8%, 100ms/99.9%
[44.220s][info][gc,marking  ] GC(30) Mark: 4 stripe(s), 2 proactive flush(es), 1 terminate flush(es), 0 completion(s), 0 continuation(s) 
[44.220s][info][gc,marking  ] GC(30) Mark Stack Usage: 32M
[44.220s][info][gc,nmethod  ] GC(30) NMethods: 8260 registered, 1083 unregistered
[44.220s][info][gc,metaspace] GC(30) Metaspace: 64M used, 65M committed, 1088M reserved
[44.221s][info][gc,ref      ] GC(30) Soft: 4951 encountered, 0 discovered, 0 enqueued
[44.221s][info][gc,ref      ] GC(30) Weak: 6468 encountered, 701 discovered, 1 enqueued
[44.221s][info][gc,ref      ] GC(30) Final: 126 encountered, 0 discovered, 0 enqueued
[44.221s][info][gc,ref      ] GC(30) Phantom: 621 encountered, 396 discovered, 0 enqueued
[44.221s][info][gc,reloc    ] GC(30) Small Pages: 1119 / 2238M, Empty: 390M, Relocated: 101M, In-Place: 0
[44.221s][info][gc,reloc    ] GC(30) Medium Pages: 3 / 96M, Empty: 64M, Relocated: 0M, In-Place: 0
[44.221s][info][gc,reloc    ] GC(30) Large Pages: 16 / 112M, Empty: 72M, Relocated: 0M, In-Place: 0
[44.221s][info][gc,reloc    ] GC(30) Forwarding Usage: 99M
[44.221s][info][gc,heap     ] GC(30) Min Capacity: 8M(0%)
[44.221s][info][gc,heap     ] GC(30) Max Capacity: 4096M(100%)
[44.221s][info][gc,heap     ] GC(30) Soft Max Capacity: 4096M(100%)
[44.221s][info][gc,heap     ] GC(30)                Mark Start          Mark End        Relocate Start      Relocate End           High               Low         
[44.221s][info][gc,heap     ] GC(30)  Capacity:     3812M (93%)        3812M (93%)        3812M (93%)        3812M (93%)        3812M (93%)        3812M (93%)    
[44.221s][info][gc,heap     ] GC(30)      Free:     1650M (40%)        1438M (35%)        1910M (47%)        3382M (83%)        3384M (83%)        1430M (35%)    
[44.221s][info][gc,heap     ] GC(30)      Used:     2446M (60%)        2658M (65%)        2186M (53%)         714M (17%)        2666M (65%)         712M (17%)    
[44.221s][info][gc,heap     ] GC(30)      Live:         -               303M (7%)          303M (7%)          303M (7%)             -                  -          
[44.221s][info][gc,heap     ] GC(30) Allocated:         -               212M (5%)          266M (6%)          367M (9%)             -                  -          
[44.221s][info][gc,heap     ] GC(30)   Garbage:         -              2142M (52%)        1616M (39%)          42M (1%)             -                  -          
[44.221s][info][gc,heap     ] GC(30) Reclaimed:         -                  -               526M (13%)        2099M (51%)            -                  -          
[44.221s][info][gc          ] GC(30) Garbage Collection (Allocation Rate) 2446M(60%)->714M(17%)
[44.256s][info][gc,start    ] GC(31) Garbage Collection (Allocation Rate)
[44.256s][info][gc,task     ] GC(31) Using 6 workers
[44.256s][info][gc,phases   ] GC(31) Pause Mark Start 0.013ms
[44.362s][info][gc,phases   ] GC(31) Concurrent Mark 105.950ms
[44.362s][info][gc,phases   ] GC(31) Pause Mark End 0.027ms
[44.362s][info][gc,phases   ] GC(31) Concurrent Mark Free 0.001ms
[44.366s][info][gc,phases   ] GC(31) Concurrent Process Non-Strong References 3.253ms
[44.366s][info][gc,phases   ] GC(31) Concurrent Reset Relocation Set 0.157ms
[44.379s][info][gc,phases   ] GC(31) Concurrent Select Relocation Set 13.573ms
[44.379s][info][gc,phases   ] GC(31) Pause Relocate Start 0.007ms
[44.383s][info][gc,phases   ] GC(31) Concurrent Relocate 3.872ms
[44.383s][info][gc,load     ] GC(31) Load: 0.00/0.00/0.00
[44.383s][info][gc,mmu      ] GC(31) MMU: 2ms/96.7%, 5ms/98.7%, 10ms/99.3%, 20ms/99.6%, 50ms/99.8%, 100ms/99.9%
[44.383s][info][gc,marking  ] GC(31) Mark: 4 stripe(s), 2 proactive flush(es), 1 terminate flush(es), 0 completion(s), 0 continuation(s) 
[44.383s][info][gc,marking  ] GC(31) Mark Stack Usage: 32M
[44.383s][info][gc,nmethod  ] GC(31) NMethods: 8306 registered, 1091 unregistered
[44.383s][info][gc,metaspace] GC(31) Metaspace: 64M used, 65M committed, 1088M reserved
[44.383s][info][gc,ref      ] GC(31) Soft: 4947 encountered, 0 discovered, 0 enqueued
[44.384s][info][gc,ref      ] GC(31) Weak: 6585 encountered, 1692 discovered, 157 enqueued
[44.384s][info][gc,ref      ] GC(31) Final: 126 encountered, 1 discovered, 0 enqueued
[44.384s][info][gc,ref      ] GC(31) Phantom: 617 encountered, 505 discovered, 0 enqueued
[44.384s][info][gc,reloc    ] GC(31) Small Pages: 307 / 614M, Empty: 360M, Relocated: 5M, In-Place: 0
[44.384s][info][gc,reloc    ] GC(31) Medium Pages: 2 / 64M, Empty: 32M, Relocated: 0M, In-Place: 0
[44.384s][info][gc,reloc    ] GC(31) Large Pages: 9 / 70M, Empty: 70M, Relocated: 0M, In-Place: 0
[44.384s][info][gc,reloc    ] GC(31) Forwarding Usage: 2M
[44.384s][info][gc,heap     ] GC(31) Min Capacity: 8M(0%)
[44.384s][info][gc,heap     ] GC(31) Max Capacity: 4096M(100%)
[44.384s][info][gc,heap     ] GC(31) Soft Max Capacity: 4096M(100%)
[44.384s][info][gc,heap     ] GC(31)                Mark Start          Mark End        Relocate Start      Relocate End           High               Low         
[44.384s][info][gc,heap     ] GC(31)  Capacity:     3812M (93%)        3812M (93%)        3812M (93%)        3812M (93%)        3812M (93%)        3812M (93%)    
[44.384s][info][gc,heap     ] GC(31)      Free:     3348M (82%)        3162M (77%)        3604M (88%)        3670M (90%)        3670M (90%)        3158M (77%)    
[44.384s][info][gc,heap     ] GC(31)      Used:      748M (18%)         934M (23%)         492M (12%)         426M (10%)         938M (23%)         426M (10%)    
[44.384s][info][gc,heap     ] GC(31)      Live:         -               169M (4%)          169M (4%)          169M (4%)             -                  -          
[44.384s][info][gc,heap     ] GC(31) Allocated:         -               186M (5%)          206M (5%)          209M (5%)             -                  -          
[44.384s][info][gc,heap     ] GC(31)   Garbage:         -               578M (14%)         116M (3%)           46M (1%)             -                  -          
[44.384s][info][gc,heap     ] GC(31) Reclaimed:         -                  -               462M (11%)         531M (13%)            -                  -          
[44.384s][info][gc          ] GC(31) Garbage Collection (Allocation Rate) 748M(18%)->426M(10%)
[45.856s][info][gc,start    ] GC(32) Garbage Collection (Allocation Rate)
[45.856s][info][gc,task     ] GC(32) Using 3 workers
[45.857s][info][gc,phases   ] GC(32) Pause Mark Start 0.017ms
[46.135s][info][gc,phases   ] GC(32) Concurrent Mark 278.198ms
[46.135s][info][gc,phases   ] GC(32) Pause Mark End 0.030ms
[46.135s][info][gc,phases   ] GC(32) Concurrent Mark Free 0.001ms
[46.144s][info][gc,phases   ] GC(32) Concurrent Process Non-Strong References 8.992ms
[46.144s][info][gc,phases   ] GC(32) Concurrent Reset Relocation Set 0.006ms
[46.173s][info][gc,phases   ] GC(32) Concurrent Select Relocation Set 28.337ms
[46.173s][info][gc,phases   ] GC(32) Pause Relocate Start 0.009ms
[46.251s][info][gc,phases   ] GC(32) Concurrent Relocate 77.522ms
[46.251s][info][gc,load     ] GC(32) Load: 0.00/0.00/0.00
[46.251s][info][gc,mmu      ] GC(32) MMU: 2ms/96.7%, 5ms/98.7%, 10ms/99.3%, 20ms/99.6%, 50ms/99.8%, 100ms/99.9%
[46.251s][info][gc,marking  ] GC(32) Mark: 2 stripe(s), 2 proactive flush(es), 1 terminate flush(es), 0 completion(s), 0 continuation(s) 
[46.251s][info][gc,marking  ] GC(32) Mark Stack Usage: 32M
[46.251s][info][gc,nmethod  ] GC(32) NMethods: 8475 registered, 1112 unregistered
[46.251s][info][gc,metaspace] GC(32) Metaspace: 64M used, 65M committed, 1088M reserved
[46.251s][info][gc,ref      ] GC(32) Soft: 4949 encountered, 0 discovered, 0 enqueued
[46.251s][info][gc,ref      ] GC(32) Weak: 6630 encountered, 3188 discovered, 200 enqueued
[46.251s][info][gc,ref      ] GC(32) Final: 126 encountered, 2 discovered, 0 enqueued
[46.251s][info][gc,ref      ] GC(32) Phantom: 617 encountered, 446 discovered, 0 enqueued
[46.251s][info][gc,reloc    ] GC(32) Small Pages: 927 / 1854M, Empty: 1034M, Relocated: 43M, In-Place: 0
[46.251s][info][gc,reloc    ] GC(32) Medium Pages: 7 / 224M, Empty: 96M, Relocated: 21M, In-Place: 0
[46.251s][info][gc,reloc    ] GC(32) Large Pages: 39 / 250M, Empty: 212M, Relocated: 0M, In-Place: 0
[46.251s][info][gc,reloc    ] GC(32) Forwarding Usage: 40M
[46.251s][info][gc,heap     ] GC(32) Min Capacity: 8M(0%)
[46.251s][info][gc,heap     ] GC(32) Max Capacity: 4096M(100%)
[46.251s][info][gc,heap     ] GC(32) Soft Max Capacity: 4096M(100%)
[46.251s][info][gc,heap     ] GC(32)                Mark Start          Mark End        Relocate Start      Relocate End           High               Low         
[46.251s][info][gc,heap     ] GC(32)  Capacity:     3812M (93%)        3932M (96%)        3932M (96%)        3932M (96%)        3932M (96%)        3812M (93%)    
[46.251s][info][gc,heap     ] GC(32)      Free:     1768M (43%)        1252M (31%)        2494M (61%)        3028M (74%)        3030M (74%)        1230M (30%)    
[46.251s][info][gc,heap     ] GC(32)      Used:     2328M (57%)        2844M (69%)        1602M (39%)        1068M (26%)        2866M (70%)        1066M (26%)    
[46.251s][info][gc,heap     ] GC(32)      Live:         -               259M (6%)          259M (6%)          259M (6%)             -                  -          
[46.251s][info][gc,heap     ] GC(32) Allocated:         -               516M (13%)         616M (15%)         775M (19%)            -                  -          
[46.251s][info][gc,heap     ] GC(32)   Garbage:         -              2068M (50%)         726M (18%)          32M (1%)             -                  -          
[46.251s][info][gc,heap     ] GC(32) Reclaimed:         -                  -              1342M (33%)        2035M (50%)            -                  -          
[46.252s][info][gc          ] GC(32) Garbage Collection (Allocation Rate) 2328M(57%)->1068M(26%)
[46.402s][info][gc,start    ] GC(33) Garbage Collection (System.gc())
[46.402s][info][gc,task     ] GC(33) Using 12 workers
[46.402s][info][gc,phases   ] GC(33) Pause Mark Start 0.017ms
[46.467s][info][gc,phases   ] GC(33) Concurrent Mark 64.506ms
[46.467s][info][gc,phases   ] GC(33) Pause Mark End 0.031ms
[46.467s][info][gc,phases   ] GC(33) Concurrent Mark Free 0.001ms
[46.469s][info][gc,phases   ] GC(33) Concurrent Process Non-Strong References 2.006ms
[46.469s][info][gc,phases   ] GC(33) Concurrent Reset Relocation Set 0.074ms
[46.480s][info][gc,phases   ] GC(33) Concurrent Select Relocation Set 11.145ms
[46.480s][info][gc,phases   ] GC(33) Pause Relocate Start 0.008ms
[46.484s][info][gc,phases   ] GC(33) Concurrent Relocate 3.967ms
[46.484s][info][gc,load     ] GC(33) Load: 0.00/0.00/0.00
[46.485s][info][gc,mmu      ] GC(33) MMU: 2ms/96.7%, 5ms/98.7%, 10ms/99.3%, 20ms/99.6%, 50ms/99.8%, 100ms/99.9%
[46.485s][info][gc,marking  ] GC(33) Mark: 8 stripe(s), 1 proactive flush(es), 1 terminate flush(es), 0 completion(s), 0 continuation(s) 
[46.485s][info][gc,marking  ] GC(33) Mark Stack Usage: 32M
[46.485s][info][gc,nmethod  ] GC(33) NMethods: 8479 registered, 1118 unregistered
[46.485s][info][gc,metaspace] GC(33) Metaspace: 64M used, 65M committed, 1088M reserved
[46.485s][info][gc,ref      ] GC(33) Soft: 4947 encountered, 0 discovered, 0 enqueued
[46.485s][info][gc,ref      ] GC(33) Weak: 6462 encountered, 1639 discovered, 135 enqueued
[46.485s][info][gc,ref      ] GC(33) Final: 126 encountered, 0 discovered, 0 enqueued
[46.485s][info][gc,ref      ] GC(33) Phantom: 617 encountered, 455 discovered, 0 enqueued
[46.485s][info][gc,reloc    ] GC(33) Small Pages: 552 / 1104M, Empty: 864M, Relocated: 3M, In-Place: 0
[46.485s][info][gc,reloc    ] GC(33) Medium Pages: 3 / 96M, Empty: 64M, Relocated: 0M, In-Place: 0
[46.485s][info][gc,reloc    ] GC(33) Large Pages: 23 / 154M, Empty: 154M, Relocated: 0M, In-Place: 0
[46.485s][info][gc,reloc    ] GC(33) Forwarding Usage: 1M
[46.485s][info][gc,heap     ] GC(33) Min Capacity: 8M(0%)
[46.485s][info][gc,heap     ] GC(33) Max Capacity: 4096M(100%)
[46.485s][info][gc,heap     ] GC(33) Soft Max Capacity: 4096M(100%)
[46.485s][info][gc,heap     ] GC(33)                Mark Start          Mark End        Relocate Start      Relocate End           High               Low         
[46.485s][info][gc,heap     ] GC(33)  Capacity:     3932M (96%)        3932M (96%)        3932M (96%)        3932M (96%)        3932M (96%)        3932M (96%)    
[46.485s][info][gc,heap     ] GC(33)      Free:     2742M (67%)        2742M (67%)        3794M (93%)        3834M (94%)        3834M (94%)        2740M (67%)    
[46.485s][info][gc,heap     ] GC(33)      Used:     1354M (33%)        1354M (33%)         302M (7%)          262M (6%)         1356M (33%)         262M (6%)     
[46.485s][info][gc,heap     ] GC(33)      Live:         -               168M (4%)          168M (4%)          168M (4%)             -                  -          
[46.485s][info][gc,heap     ] GC(33) Allocated:         -                 0M (0%)           30M (1%)           31M (1%)             -                  -          
[46.485s][info][gc,heap     ] GC(33)   Garbage:         -              1185M (29%)         103M (3%)           61M (1%)             -                  -          
[46.485s][info][gc,heap     ] GC(33) Reclaimed:         -                  -              1082M (26%)        1123M (27%)            -                  -          
[46.485s][info][gc          ] GC(33) Garbage Collection (System.gc()) 1354M(33%)->262M(6%)
[47.545s][info][gc,start    ] GC(34) Garbage Collection (Allocation Rate)
[47.545s][info][gc,task     ] GC(34) Using 3 workers
[47.545s][info][gc,phases   ] GC(34) Pause Mark Start 0.011ms
[48.053s][info][gc,phases   ] GC(34) Concurrent Mark 507.251ms
[48.053s][info][gc,phases   ] GC(34) Pause Mark End 0.022ms
[48.053s][info][gc,phases   ] GC(34) Concurrent Mark Free 0.001ms
[48.060s][info][gc,phases   ] GC(34) Concurrent Process Non-Strong References 7.034ms
[48.060s][info][gc,phases   ] GC(34) Concurrent Reset Relocation Set 0.005ms
[48.128s][info][gc,phases   ] GC(34) Concurrent Select Relocation Set 67.191ms
[48.128s][info][gc,phases   ] GC(34) Pause Relocate Start 0.009ms
[48.279s][info][gc,phases   ] GC(34) Concurrent Relocate 151.408ms
[48.279s][info][gc,load     ] GC(34) Load: 0.00/0.00/0.00
[48.279s][info][gc,mmu      ] GC(34) MMU: 2ms/96.7%, 5ms/98.7%, 10ms/99.3%, 20ms/99.6%, 50ms/99.8%, 100ms/99.9%
[48.279s][info][gc,marking  ] GC(34) Mark: 2 stripe(s), 3 proactive flush(es), 2 terminate flush(es), 0 completion(s), 0 continuation(s) 
[48.279s][info][gc,marking  ] GC(34) Mark Stack Usage: 32M
[48.280s][info][gc,nmethod  ] GC(34) NMethods: 8545 registered, 1128 unregistered
[48.280s][info][gc,metaspace] GC(34) Metaspace: 64M used, 65M committed, 1088M reserved
[48.280s][info][gc,ref      ] GC(34) Soft: 4951 encountered, 0 discovered, 0 enqueued
[48.280s][info][gc,ref      ] GC(34) Weak: 6409 encountered, 2563 discovered, 16 enqueued
[48.280s][info][gc,ref      ] GC(34) Final: 126 encountered, 89 discovered, 0 enqueued
[48.280s][info][gc,ref      ] GC(34) Phantom: 617 encountered, 491 discovered, 0 enqueued
[48.280s][info][gc,reloc    ] GC(34) Small Pages: 1171 / 2342M, Empty: 248M, Relocated: 122M, In-Place: 0
[48.280s][info][gc,reloc    ] GC(34) Medium Pages: 2 / 64M, Empty: 32M, Relocated: 0M, In-Place: 0
[48.280s][info][gc,reloc    ] GC(34) Large Pages: 13 / 94M, Empty: 48M, Relocated: 0M, In-Place: 0
[48.280s][info][gc,reloc    ] GC(34) Forwarding Usage: 114M
[48.280s][info][gc,heap     ] GC(34) Min Capacity: 8M(0%)
[48.280s][info][gc,heap     ] GC(34) Max Capacity: 4096M(100%)
[48.280s][info][gc,heap     ] GC(34) Soft Max Capacity: 4096M(100%)
[48.280s][info][gc,heap     ] GC(34)                Mark Start          Mark End        Relocate Start      Relocate End           High               Low         
[48.280s][info][gc,heap     ] GC(34)  Capacity:     3932M (96%)        3932M (96%)        3932M (96%)        3932M (96%)        3932M (96%)        3932M (96%)    
[48.280s][info][gc,heap     ] GC(34)      Free:     1596M (39%)        1550M (38%)        1866M (46%)        3630M (89%)        3630M (89%)        1550M (38%)    
[48.280s][info][gc,heap     ] GC(34)      Used:     2500M (61%)        2546M (62%)        2230M (54%)         466M (11%)        2546M (62%)         466M (11%)    
[48.280s][info][gc,heap     ] GC(34)      Live:         -               337M (8%)          337M (8%)          337M (8%)             -                  -          
[48.280s][info][gc,heap     ] GC(34) Allocated:         -                46M (1%)           58M (1%)           82M (2%)             -                  -          
[48.280s][info][gc,heap     ] GC(34)   Garbage:         -              2162M (53%)        1834M (45%)          45M (1%)             -                  -          
[48.280s][info][gc,heap     ] GC(34) Reclaimed:         -                  -               328M (8%)         2116M (52%)            -                  -          
[48.280s][info][gc          ] GC(34) Garbage Collection (Allocation Rate) 2500M(61%)->466M(11%)
[48.345s][info][gc,start    ] GC(35) Garbage Collection (Allocation Rate)
[48.345s][info][gc,task     ] GC(35) Using 6 workers
[48.345s][info][gc,phases   ] GC(35) Pause Mark Start 0.012ms
[48.475s][info][gc,phases   ] GC(35) Concurrent Mark 130.346ms
[48.475s][info][gc,phases   ] GC(35) Pause Mark End 0.031ms
[48.475s][info][gc,phases   ] GC(35) Concurrent Mark Free 0.001ms
[48.479s][info][gc,phases   ] GC(35) Concurrent Process Non-Strong References 3.441ms
[48.479s][info][gc,phases   ] GC(35) Concurrent Reset Relocation Set 0.185ms
[48.491s][info][gc,phases   ] GC(35) Concurrent Select Relocation Set 12.359ms
[48.492s][info][gc,phases   ] GC(35) Pause Relocate Start 0.009ms
[48.509s][info][gc,phases   ] GC(35) Concurrent Relocate 16.828ms
[48.509s][info][gc,load     ] GC(35) Load: 0.00/0.00/0.00
[48.509s][info][gc,mmu      ] GC(35) MMU: 2ms/96.7%, 5ms/98.7%, 10ms/99.3%, 20ms/99.6%, 50ms/99.8%, 100ms/99.9%
[48.509s][info][gc,marking  ] GC(35) Mark: 4 stripe(s), 2 proactive flush(es), 1 terminate flush(es), 0 completion(s), 0 continuation(s) 
[48.509s][info][gc,marking  ] GC(35) Mark Stack Usage: 32M
[48.509s][info][gc,nmethod  ] GC(35) NMethods: 8578 registered, 1132 unregistered
[48.509s][info][gc,metaspace] GC(35) Metaspace: 64M used, 65M committed, 1088M reserved
[48.509s][info][gc,ref      ] GC(35) Soft: 4948 encountered, 0 discovered, 0 enqueued
[48.509s][info][gc,ref      ] GC(35) Weak: 6531 encountered, 2578 discovered, 5 enqueued
[48.509s][info][gc,ref      ] GC(35) Final: 126 encountered, 0 discovered, 0 enqueued
[48.509s][info][gc,ref      ] GC(35) Phantom: 618 encountered, 484 discovered, 0 enqueued
[48.509s][info][gc,reloc    ] GC(35) Small Pages: 191 / 382M, Empty: 68M, Relocated: 22M, In-Place: 0
[48.509s][info][gc,reloc    ] GC(35) Medium Pages: 2 / 64M, Empty: 32M, Relocated: 0M, In-Place: 0
[48.509s][info][gc,reloc    ] GC(35) Large Pages: 5 / 46M, Empty: 36M, Relocated: 0M, In-Place: 0
[48.509s][info][gc,reloc    ] GC(35) Forwarding Usage: 18M
[48.509s][info][gc,heap     ] GC(35) Min Capacity: 8M(0%)
[48.509s][info][gc,heap     ] GC(35) Max Capacity: 4096M(100%)
[48.509s][info][gc,heap     ] GC(35) Soft Max Capacity: 4096M(100%)
[48.509s][info][gc,heap     ] GC(35)                Mark Start          Mark End        Relocate Start      Relocate End           High               Low         
[48.509s][info][gc,heap     ] GC(35)  Capacity:     3932M (96%)        3932M (96%)        3932M (96%)        3932M (96%)        3932M (96%)        3932M (96%)    
[48.509s][info][gc,heap     ] GC(35)      Free:     3604M (88%)        3504M (86%)        3622M (88%)        3702M (90%)        3708M (91%)        3488M (85%)    
[48.509s][info][gc,heap     ] GC(35)      Used:      492M (12%)         592M (14%)         474M (12%)         394M (10%)         608M (15%)         388M (9%)     
[48.509s][info][gc,heap     ] GC(35)      Live:         -               203M (5%)          203M (5%)          203M (5%)             -                  -          
[48.509s][info][gc,heap     ] GC(35) Allocated:         -               100M (2%)          118M (3%)          141M (3%)             -                  -          
[48.509s][info][gc,heap     ] GC(35)   Garbage:         -               288M (7%)          152M (4%)           48M (1%)             -                  -          
[48.509s][info][gc,heap     ] GC(35) Reclaimed:         -                  -               136M (3%)          239M (6%)             -                  -          
[48.509s][info][gc          ] GC(35) Garbage Collection (Allocation Rate) 492M(12%)->394M(10%)
[49.255s][info][gc,start    ] GC(36) Garbage Collection (Allocation Rate)
[49.255s][info][gc,task     ] GC(36) Using 7 workers
[49.255s][info][gc,phases   ] GC(36) Pause Mark Start 0.013ms
[49.458s][info][gc,phases   ] GC(36) Concurrent Mark 202.656ms
[49.458s][info][gc,phases   ] GC(36) Pause Mark End 0.025ms
[49.458s][info][gc,phases   ] GC(36) Concurrent Mark Free 0.001ms
[49.462s][info][gc,phases   ] GC(36) Concurrent Process Non-Strong References 3.419ms
[49.462s][info][gc,phases   ] GC(36) Concurrent Reset Relocation Set 0.014ms
[49.512s][info][gc,phases   ] GC(36) Concurrent Select Relocation Set 50.441ms
[49.512s][info][gc,phases   ] GC(36) Pause Relocate Start 0.012ms
[49.581s][info][gc,phases   ] GC(36) Concurrent Relocate 68.335ms
[49.581s][info][gc,load     ] GC(36) Load: 0.00/0.00/0.00
[49.581s][info][gc,mmu      ] GC(36) MMU: 2ms/96.7%, 5ms/98.7%, 10ms/99.3%, 20ms/99.6%, 50ms/99.8%, 100ms/99.9%
[49.581s][info][gc,marking  ] GC(36) Mark: 4 stripe(s), 2 proactive flush(es), 1 terminate flush(es), 0 completion(s), 0 continuation(s) 
[49.581s][info][gc,marking  ] GC(36) Mark Stack Usage: 32M
[49.581s][info][gc,nmethod  ] GC(36) NMethods: 8576 registered, 1139 unregistered
[49.581s][info][gc,metaspace] GC(36) Metaspace: 64M used, 65M committed, 1088M reserved
[49.581s][info][gc,ref      ] GC(36) Soft: 4955 encountered, 0 discovered, 0 enqueued
[49.581s][info][gc,ref      ] GC(36) Weak: 6616 encountered, 2716 discovered, 90 enqueued
[49.581s][info][gc,ref      ] GC(36) Final: 126 encountered, 4 discovered, 0 enqueued
[49.581s][info][gc,ref      ] GC(36) Phantom: 617 encountered, 479 discovered, 0 enqueued
[49.581s][info][gc,reloc    ] GC(36) Small Pages: 775 / 1550M, Empty: 54M, Relocated: 150M, In-Place: 0
[49.581s][info][gc,reloc    ] GC(36) Medium Pages: 3 / 96M, Empty: 64M, Relocated: 0M, In-Place: 0
[49.581s][info][gc,reloc    ] GC(36) Large Pages: 18 / 128M, Empty: 64M, Relocated: 0M, In-Place: 0
[49.581s][info][gc,reloc    ] GC(36) Forwarding Usage: 99M
[49.581s][info][gc,heap     ] GC(36) Min Capacity: 8M(0%)
[49.581s][info][gc,heap     ] GC(36) Max Capacity: 4096M(100%)
[49.581s][info][gc,heap     ] GC(36) Soft Max Capacity: 4096M(100%)
[49.581s][info][gc,heap     ] GC(36)                Mark Start          Mark End        Relocate Start      Relocate End           High               Low         
[49.581s][info][gc,heap     ] GC(36)  Capacity:     3932M (96%)        3932M (96%)        3932M (96%)        3932M (96%)        3932M (96%)        3932M (96%)    
[49.581s][info][gc,heap     ] GC(36)      Free:     2322M (57%)        1914M (47%)        1970M (48%)        3036M (74%)        3036M (74%)        1890M (46%)    
[49.581s][info][gc,heap     ] GC(36)      Used:     1774M (43%)        2182M (53%)        2126M (52%)        1060M (26%)        2206M (54%)        1060M (26%)    
[49.582s][info][gc,heap     ] GC(36)      Live:         -               386M (9%)          386M (9%)          386M (9%)             -                  -          
[49.582s][info][gc,heap     ] GC(36) Allocated:         -               408M (10%)         534M (13%)         621M (15%)            -                  -          
[49.582s][info][gc,heap     ] GC(36)   Garbage:         -              1387M (34%)        1205M (29%)          52M (1%)             -                  -          
[49.582s][info][gc,heap     ] GC(36) Reclaimed:         -                  -               182M (4%)         1335M (33%)            -                  -          
[49.582s][info][gc          ] GC(36) Garbage Collection (Allocation Rate) 1774M(43%)->1060M(26%)
[49.645s][info][gc,start    ] GC(37) Garbage Collection (Allocation Rate)
[49.645s][info][gc,task     ] GC(37) Using 8 workers
[49.646s][info][gc,phases   ] GC(37) Pause Mark Start 0.017ms
[49.919s][info][gc,phases   ] GC(37) Concurrent Mark 272.798ms
[49.919s][info][gc,phases   ] GC(37) Pause Mark End 0.038ms
[49.919s][info][gc,phases   ] GC(37) Concurrent Mark Free 0.001ms
[49.922s][info][gc,phases   ] GC(37) Concurrent Process Non-Strong References 3.050ms
[49.922s][info][gc,phases   ] GC(37) Concurrent Reset Relocation Set 0.157ms
[49.933s][info][gc,phases   ] GC(37) Concurrent Select Relocation Set 11.046ms
[49.933s][info][gc,phases   ] GC(37) Pause Relocate Start 0.009ms
[49.966s][info][gc,phases   ] GC(37) Concurrent Relocate 32.657ms
[49.966s][info][gc,load     ] GC(37) Load: 0.00/0.00/0.00
[49.966s][info][gc,mmu      ] GC(37) MMU: 2ms/96.7%, 5ms/98.7%, 10ms/99.3%, 20ms/99.6%, 50ms/99.8%, 100ms/99.9%
[49.966s][info][gc,marking  ] GC(37) Mark: 8 stripe(s), 3 proactive flush(es), 1 terminate flush(es), 0 completion(s), 0 continuation(s) 
[49.966s][info][gc,marking  ] GC(37) Mark Stack Usage: 32M
[49.966s][info][gc,nmethod  ] GC(37) NMethods: 8576 registered, 1139 unregistered
[49.966s][info][gc,metaspace] GC(37) Metaspace: 64M used, 65M committed, 1088M reserved
[49.966s][info][gc,ref      ] GC(37) Soft: 4955 encountered, 0 discovered, 0 enqueued
[49.966s][info][gc,ref      ] GC(37) Weak: 6530 encountered, 1945 discovered, 79 enqueued
[49.966s][info][gc,ref      ] GC(37) Final: 126 encountered, 1 discovered, 0 enqueued
[49.966s][info][gc,ref      ] GC(37) Phantom: 617 encountered, 495 discovered, 0 enqueued
[49.966s][info][gc,reloc    ] GC(37) Small Pages: 538 / 1076M, Empty: 0M, Relocated: 57M, In-Place: 0
[49.966s][info][gc,reloc    ] GC(37) Medium Pages: 1 / 32M, Empty: 0M, Relocated: 0M, In-Place: 0
[49.966s][info][gc,reloc    ] GC(37) Large Pages: 8 / 64M, Empty: 0M, Relocated: 0M, In-Place: 0
[49.966s][info][gc,reloc    ] GC(37) Forwarding Usage: 52M
[49.966s][info][gc,heap     ] GC(37) Min Capacity: 8M(0%)
[49.966s][info][gc,heap     ] GC(37) Max Capacity: 4096M(100%)
[49.966s][info][gc,heap     ] GC(37) Soft Max Capacity: 4096M(100%)
[49.966s][info][gc,heap     ] GC(37)                Mark Start          Mark End        Relocate Start      Relocate End           High               Low         
[49.966s][info][gc,heap     ] GC(37)  Capacity:     3932M (96%)        3932M (96%)        3932M (96%)        3932M (96%)        3932M (96%)        3932M (96%)    
[49.966s][info][gc,heap     ] GC(37)      Free:     2924M (71%)        2760M (67%)        2760M (67%)        3454M (84%)        3454M (84%)        2744M (67%)    
[49.966s][info][gc,heap     ] GC(37)      Used:     1172M (29%)        1336M (33%)        1336M (33%)         642M (16%)        1352M (33%)         642M (16%)    
[49.966s][info][gc,heap     ] GC(37)      Live:         -               420M (10%)         420M (10%)         420M (10%)            -                  -          
[49.966s][info][gc,heap     ] GC(37) Allocated:         -               164M (4%)          164M (4%)          161M (4%)             -                  -          
[49.966s][info][gc,heap     ] GC(37)   Garbage:         -               751M (18%)         751M (18%)          60M (1%)             -                  -          
[49.966s][info][gc,heap     ] GC(37) Reclaimed:         -                  -                 0M (0%)          691M (17%)            -                  -          
[49.966s][info][gc          ] GC(37) Garbage Collection (Allocation Rate) 1172M(29%)->642M(16%)
[50.153s][info][gc,stats    ] === Garbage Collection Statistics =======================================================================================================================
[50.153s][info][gc,stats    ]                                                              Last 10s              Last 10m              Last 10h                Total
[50.153s][info][gc,stats    ]                                                              Avg / Max             Avg / Max             Avg / Max             Avg / Max
[50.153s][info][gc,stats    ]   Collector: Garbage Collection Cycle                    285.692 / 734.267     313.925 / 2470.825    313.925 / 2470.825    313.925 / 2470.825    ms
[50.153s][info][gc,stats    ]  Contention: Mark Segment Reset Contention                     7 / 28               10 / 255              10 / 255              10 / 255         ops/s
[50.153s][info][gc,stats    ]  Contention: Mark SeqNum Reset Contention                      0 / 3                 0 / 3                 0 / 3                 0 / 3           ops/s
[50.153s][info][gc,stats    ]    Critical: Allocation Stall                                  0 / 0                 0 / 0                 0 / 0                 0 / 0           ops/s
[50.153s][info][gc,stats    ]    Critical: Allocation Stall                              0.000 / 0.000         0.000 / 0.000         0.000 / 0.000         0.000 / 0.000       ms
[50.153s][info][gc,stats    ]    Critical: GC Locker Stall                                   0 / 0                 0 / 0                 0 / 0                 0 / 0           ops/s
[50.153s][info][gc,stats    ]    Critical: GC Locker Stall                               0.000 / 0.000         0.000 / 0.000         0.000 / 0.000         0.000 / 0.000       ms
[50.153s][info][gc,stats    ]    Critical: Relocation Stall                                  0 / 0                 0 / 0                 0 / 0                 0 / 0           ops/s
[50.153s][info][gc,stats    ]    Critical: Relocation Stall                              0.000 / 0.000         0.000 / 0.000         0.000 / 0.000         0.000 / 0.000       ms
[50.153s][info][gc,stats    ]      Memory: Allocation Rate                                1321 / 1912            933 / 3096            933 / 3096            933 / 3096        MB/s
[50.153s][info][gc,stats    ]      Memory: Defragment                                        0 / 1                 0 / 2                 0 / 2                 0 / 2           ops/s
[50.153s][info][gc,stats    ]      Memory: Out Of Memory                                     0 / 0                 0 / 0                 0 / 0                 0 / 0           ops/s
[50.154s][info][gc,stats    ]      Memory: Page Cache Flush                                  0 / 2                 0 / 4                 0 / 4                 0 / 4           MB/s
[50.154s][info][gc,stats    ]      Memory: Page Cache Hit L1                               633 / 940             418 / 1402            418 / 1402            418 / 1402        ops/s
[50.154s][info][gc,stats    ]      Memory: Page Cache Hit L2                                 0 / 0                 0 / 0                 0 / 0                 0 / 0           ops/s
[50.154s][info][gc,stats    ]      Memory: Page Cache Hit L3                                 1 / 10               19 / 286              19 / 286              19 / 286         ops/s
[50.154s][info][gc,stats    ]      Memory: Page Cache Miss                                   0 / 7                14 / 558              14 / 558              14 / 558         ops/s
[50.154s][info][gc,stats    ]      Memory: Uncommit                                          0 / 0                 0 / 0                 0 / 0                 0 / 0           MB/s
[50.154s][info][gc,stats    ]      Memory: Undo Object Allocation Failed                     0 / 0                 0 / 0                 0 / 0                 0 / 0           ops/s
[50.154s][info][gc,stats    ]      Memory: Undo Object Allocation Succeeded                  2 / 8                33 / 1568             33 / 1568             33 / 1568        ops/s
[50.154s][info][gc,stats    ]      Memory: Undo Page Allocation                              0 / 1                 0 / 3                 0 / 3                 0 / 3           ops/s
[50.154s][info][gc,stats    ]       Phase: Concurrent Mark                             205.827 / 507.251     223.325 / 1600.769    223.325 / 1600.769    223.325 / 1600.769    ms
[50.154s][info][gc,stats    ]       Phase: Concurrent Mark Continue                      0.000 / 0.000         0.000 / 0.000         0.000 / 0.000         0.000 / 0.000       ms
[50.154s][info][gc,stats    ]       Phase: Concurrent Mark Free                          0.001 / 0.001         0.012 / 0.412         0.012 / 0.412         0.012 / 0.412       ms
[50.154s][info][gc,stats    ]       Phase: Concurrent Process Non-Strong References      4.093 / 8.992         6.210 / 35.438        6.210 / 35.438        6.210 / 35.438      ms
[50.154s][info][gc,stats    ]       Phase: Concurrent Relocate                          48.627 / 151.408      55.760 / 702.452      55.760 / 702.452      55.760 / 702.452     ms
[50.154s][info][gc,stats    ]       Phase: Concurrent Reset Relocation Set               0.071 / 0.185         0.063 / 0.246         0.063 / 0.246         0.063 / 0.246       ms
[50.154s][info][gc,stats    ]       Phase: Concurrent Select Relocation Set             25.943 / 67.191       27.384 / 130.936      27.384 / 130.936      27.384 / 130.936     ms
[50.154s][info][gc,stats    ]       Phase: Pause Mark End                                0.031 / 0.052         0.026 / 0.067         0.026 / 0.067         0.026 / 0.067       ms
[50.154s][info][gc,stats    ]       Phase: Pause Mark Start                              0.014 / 0.017         0.014 / 0.019         0.014 / 0.019         0.014 / 0.019       ms
[50.154s][info][gc,stats    ]       Phase: Pause Relocate Start                          0.009 / 0.013         0.009 / 0.013         0.009 / 0.013         0.009 / 0.013       ms
[50.154s][info][gc,stats    ]    Subphase: Concurrent Classes Purge                      0.044 / 0.121         0.263 / 1.289         0.263 / 1.289         0.263 / 1.289       ms
[50.154s][info][gc,stats    ]    Subphase: Concurrent Classes Unlink                     3.178 / 7.000         4.743 / 29.134        4.743 / 29.134        4.743 / 29.134      ms
[50.154s][info][gc,stats    ]    Subphase: Concurrent Mark                             148.584 / 495.423     151.154 / 1589.527    151.154 / 1589.527    151.154 / 1589.527    ms
[50.154s][info][gc,stats    ]    Subphase: Concurrent Mark Try Flush                     0.166 / 0.340         0.236 / 16.605        0.236 / 16.605        0.236 / 16.605      ms
[50.154s][info][gc,stats    ]    Subphase: Concurrent Mark Try Terminate                 6.866 / 16.197       11.725 / 16.803       11.725 / 16.803       11.725 / 16.803      ms
[50.154s][info][gc,stats    ]    Subphase: Concurrent References Enqueue                 0.003 / 0.004         0.003 / 0.005         0.003 / 0.005         0.003 / 0.005       ms
[50.154s][info][gc,stats    ]    Subphase: Concurrent References Process                 0.154 / 0.284         0.136 / 0.284         0.136 / 0.284         0.136 / 0.284       ms
[50.154s][info][gc,stats    ]    Subphase: Concurrent Roots ClassLoaderDataGraph         0.126 / 0.761         0.109 / 0.947         0.109 / 0.947         0.109 / 0.947       ms
[50.154s][info][gc,stats    ]    Subphase: Concurrent Roots CodeCache                    0.000 / 0.000         0.000 / 0.000         0.000 / 0.000         0.000 / 0.000       ms
[50.154s][info][gc,stats    ]    Subphase: Concurrent Roots JavaThreads                  9.316 / 16.167        6.097 / 16.167        6.097 / 16.167        6.097 / 16.167      ms
[50.155s][info][gc,stats    ]    Subphase: Concurrent Roots OopStorageSet                0.041 / 0.087         0.039 / 0.272         0.039 / 0.272         0.039 / 0.272       ms
[50.155s][info][gc,stats    ]    Subphase: Concurrent Weak Roots OopStorageSet           0.337 / 1.397         0.334 / 4.541         0.334 / 4.541         0.334 / 4.541       ms
[50.155s][info][gc,stats    ]    Subphase: Pause Mark Try Complete                       0.001 / 0.004         0.001 / 0.004         0.001 / 0.004         0.001 / 0.004       ms
[50.155s][info][gc,stats    ]      System: Java Threads                                    255 / 268             160 / 268             160 / 268             160 / 268         threads
[50.155s][info][gc,stats    ] =========================================================================================================================================================
[51.752s][info][gc,start    ] GC(38) Garbage Collection (Allocation Rate)
[51.752s][info][gc,task     ] GC(38) Using 8 workers
[51.752s][info][gc,phases   ] GC(38) Pause Mark Start 0.012ms
[51.908s][info][gc,phases   ] GC(38) Concurrent Mark 155.706ms
[51.908s][info][gc,phases   ] GC(38) Pause Mark End 0.031ms
[51.908s][info][gc,phases   ] GC(38) Concurrent Mark Free 0.002ms
[51.912s][info][gc,phases   ] GC(38) Concurrent Process Non-Strong References 3.562ms
[51.912s][info][gc,phases   ] GC(38) Concurrent Reset Relocation Set 0.105ms
[51.974s][info][gc,phases   ] GC(38) Concurrent Select Relocation Set 61.444ms
[51.974s][info][gc,phases   ] GC(38) Pause Relocate Start 0.014ms
[52.022s][info][gc,phases   ] GC(38) Concurrent Relocate 47.906ms
[52.022s][info][gc,load     ] GC(38) Load: 0.00/0.00/0.00
[52.022s][info][gc,mmu      ] GC(38) MMU: 2ms/96.7%, 5ms/98.7%, 10ms/99.3%, 20ms/99.6%, 50ms/99.8%, 100ms/99.9%
[52.022s][info][gc,marking  ] GC(38) Mark: 8 stripe(s), 2 proactive flush(es), 1 terminate flush(es), 0 completion(s), 0 continuation(s) 
[52.022s][info][gc,marking  ] GC(38) Mark Stack Usage: 32M
[52.022s][info][gc,nmethod  ] GC(38) NMethods: 8844 registered, 1166 unregistered
[52.022s][info][gc,metaspace] GC(38) Metaspace: 64M used, 65M committed, 1088M reserved
[52.022s][info][gc,ref      ] GC(38) Soft: 4951 encountered, 0 discovered, 0 enqueued
[52.022s][info][gc,ref      ] GC(38) Weak: 6827 encountered, 848 discovered, 284 enqueued
[52.022s][info][gc,ref      ] GC(38) Final: 126 encountered, 4 discovered, 0 enqueued
[52.022s][info][gc,ref      ] GC(38) Phantom: 618 encountered, 418 discovered, 0 enqueued
[52.022s][info][gc,reloc    ] GC(38) Small Pages: 1117 / 2234M, Empty: 1224M, Relocated: 72M, In-Place: 0
[52.022s][info][gc,reloc    ] GC(38) Medium Pages: 4 / 128M, Empty: 96M, Relocated: 0M, In-Place: 0
[52.022s][info][gc,reloc    ] GC(38) Large Pages: 28 / 184M, Empty: 160M, Relocated: 0M, In-Place: 0
[52.022s][info][gc,reloc    ] GC(38) Forwarding Usage: 69M
[52.022s][info][gc,heap     ] GC(38) Min Capacity: 8M(0%)
[52.022s][info][gc,heap     ] GC(38) Max Capacity: 4096M(100%)
[52.023s][info][gc,heap     ] GC(38) Soft Max Capacity: 4096M(100%)
[52.023s][info][gc,heap     ] GC(38)                Mark Start          Mark End        Relocate Start      Relocate End           High               Low         
[52.023s][info][gc,heap     ] GC(38)  Capacity:     3932M (96%)        3932M (96%)        3932M (96%)        3932M (96%)        3932M (96%)        3932M (96%)    
[52.023s][info][gc,heap     ] GC(38)      Free:     1550M (38%)        1472M (36%)        2926M (71%)        3670M (90%)        3670M (90%)        1472M (36%)    
[52.023s][info][gc,heap     ] GC(38)      Used:     2546M (62%)        2624M (64%)        1170M (29%)         426M (10%)        2624M (64%)         426M (10%)    
[52.023s][info][gc,heap     ] GC(38)      Live:         -               262M (6%)          262M (6%)          262M (6%)             -                  -          
[52.023s][info][gc,heap     ] GC(38) Allocated:         -                78M (2%)          104M (3%)          112M (3%)             -                  -          
[52.023s][info][gc,heap     ] GC(38)   Garbage:         -              2283M (56%)         803M (20%)          50M (1%)             -                  -          
[52.023s][info][gc,heap     ] GC(38) Reclaimed:         -                  -              1480M (36%)        2232M (55%)            -                  -          
[52.023s][info][gc          ] GC(38) Garbage Collection (Allocation Rate) 2546M(62%)->426M(10%)
[52.743s][info][gc,start    ] GC(39) Garbage Collection (Allocation Rate)
[52.744s][info][gc,task     ] GC(39) Using 4 workers
[52.744s][info][gc,phases   ] GC(39) Pause Mark Start 0.018ms
[52.985s][info][gc,phases   ] GC(39) Concurrent Mark 240.746ms
[52.985s][info][gc,phases   ] GC(39) Pause Mark End 0.033ms
[52.985s][info][gc,phases   ] GC(39) Concurrent Mark Free 0.001ms
[52.991s][info][gc,phases   ] GC(39) Concurrent Process Non-Strong References 5.722ms
[52.991s][info][gc,phases   ] GC(39) Concurrent Reset Relocation Set 0.096ms
[53.001s][info][gc,phases   ] GC(39) Concurrent Select Relocation Set 10.362ms
[53.001s][info][gc,phases   ] GC(39) Pause Relocate Start 0.014ms
[53.060s][info][gc,phases   ] GC(39) Concurrent Relocate 57.933ms
[53.060s][info][gc,load     ] GC(39) Load: 0.00/0.00/0.00
[53.060s][info][gc,mmu      ] GC(39) MMU: 2ms/96.7%, 5ms/98.7%, 10ms/99.3%, 20ms/99.6%, 50ms/99.8%, 100ms/99.9%
[53.060s][info][gc,marking  ] GC(39) Mark: 4 stripe(s), 2 proactive flush(es), 1 terminate flush(es), 0 completion(s), 0 continuation(s) 
[53.060s][info][gc,marking  ] GC(39) Mark Stack Usage: 32M
[53.060s][info][gc,nmethod  ] GC(39) NMethods: 8886 registered, 1178 unregistered
[53.060s][info][gc,metaspace] GC(39) Metaspace: 64M used, 65M committed, 1088M reserved
[53.060s][info][gc,ref      ] GC(39) Soft: 4947 encountered, 0 discovered, 0 enqueued
[53.060s][info][gc,ref      ] GC(39) Weak: 6572 encountered, 937 discovered, 197 enqueued
[53.060s][info][gc,ref      ] GC(39) Final: 126 encountered, 16 discovered, 0 enqueued
[53.060s][info][gc,ref      ] GC(39) Phantom: 617 encountered, 418 discovered, 0 enqueued
[53.060s][info][gc,reloc    ] GC(39) Small Pages: 636 / 1272M, Empty: 600M, Relocated: 48M, In-Place: 0
[53.060s][info][gc,reloc    ] GC(39) Medium Pages: 7 / 224M, Empty: 192M, Relocated: 0M, In-Place: 0
[53.060s][info][gc,reloc    ] GC(39) Large Pages: 42 / 272M, Empty: 260M, Relocated: 0M, In-Place: 0
[53.060s][info][gc,reloc    ] GC(39) Forwarding Usage: 47M
[53.060s][info][gc,heap     ] GC(39) Min Capacity: 8M(0%)
[53.060s][info][gc,heap     ] GC(39) Max Capacity: 4096M(100%)
[53.060s][info][gc,heap     ] GC(39) Soft Max Capacity: 4096M(100%)
[53.060s][info][gc,heap     ] GC(39)                Mark Start          Mark End        Relocate Start      Relocate End           High               Low         
[53.060s][info][gc,heap     ] GC(39)  Capacity:     3932M (96%)        3932M (96%)        3932M (96%)        3932M (96%)        3932M (96%)        3932M (96%)    
[53.060s][info][gc,heap     ] GC(39)      Free:     2328M (57%)        2196M (54%)        3228M (79%)        3606M (88%)        3606M (88%)        2196M (54%)    
[53.060s][info][gc,heap     ] GC(39)      Used:     1768M (43%)        1900M (46%)         868M (21%)         490M (12%)        1900M (46%)         490M (12%)    
[53.060s][info][gc,heap     ] GC(39)      Live:         -               295M (7%)          295M (7%)          295M (7%)             -                  -          
[53.060s][info][gc,heap     ] GC(39) Allocated:         -               132M (3%)          152M (4%)          152M (4%)             -                  -          
[53.060s][info][gc,heap     ] GC(39)   Garbage:         -              1472M (36%)         420M (10%)          42M (1%)             -                  -          
[53.060s][info][gc,heap     ] GC(39) Reclaimed:         -                  -              1052M (26%)        1430M (35%)            -                  -          
[53.060s][info][gc          ] GC(39) Garbage Collection (Allocation Rate) 1768M(43%)->490M(12%)
[53.060s][info][gc,start    ] GC(40) Garbage Collection (System.gc())
[53.060s][info][gc,task     ] GC(40) Using 12 workers
[53.061s][info][gc,phases   ] GC(40) Pause Mark Start 0.014ms
[53.141s][info][gc,phases   ] GC(40) Concurrent Mark 80.096ms
[53.141s][info][gc,phases   ] GC(40) Pause Mark End 0.024ms
[53.141s][info][gc,phases   ] GC(40) Concurrent Mark Free 0.001ms
[53.144s][info][gc,phases   ] GC(40) Concurrent Process Non-Strong References 2.439ms
[53.144s][info][gc,phases   ] GC(40) Concurrent Reset Relocation Set 0.052ms
[53.157s][info][gc,phases   ] GC(40) Concurrent Select Relocation Set 12.902ms
[53.157s][info][gc,phases   ] GC(40) Pause Relocate Start 0.010ms
[53.161s][info][gc,phases   ] GC(40) Concurrent Relocate 3.785ms
[53.161s][info][gc,load     ] GC(40) Load: 0.00/0.00/0.00
[53.161s][info][gc,mmu      ] GC(40) MMU: 2ms/96.7%, 5ms/98.7%, 10ms/99.3%, 20ms/99.6%, 50ms/99.8%, 100ms/99.9%
[53.161s][info][gc,marking  ] GC(40) Mark: 8 stripe(s), 2 proactive flush(es), 1 terminate flush(es), 0 completion(s), 0 continuation(s) 
[53.161s][info][gc,marking  ] GC(40) Mark Stack Usage: 32M
[53.161s][info][gc,nmethod  ] GC(40) NMethods: 8891 registered, 1178 unregistered
[53.161s][info][gc,metaspace] GC(40) Metaspace: 64M used, 65M committed, 1088M reserved
[53.161s][info][gc,ref      ] GC(40) Soft: 4947 encountered, 0 discovered, 0 enqueued
[53.161s][info][gc,ref      ] GC(40) Weak: 6380 encountered, 1328 discovered, 12 enqueued
[53.161s][info][gc,ref      ] GC(40) Final: 126 encountered, 1 discovered, 0 enqueued
[53.161s][info][gc,ref      ] GC(40) Phantom: 617 encountered, 602 discovered, 0 enqueued
[53.161s][info][gc,reloc    ] GC(40) Small Pages: 223 / 446M, Empty: 230M, Relocated: 3M, In-Place: 0
[53.161s][info][gc,reloc    ] GC(40) Medium Pages: 1 / 32M, Empty: 0M, Relocated: 0M, In-Place: 0
[53.161s][info][gc,reloc    ] GC(40) Large Pages: 2 / 12M, Empty: 12M, Relocated: 0M, In-Place: 0
[53.161s][info][gc,reloc    ] GC(40) Forwarding Usage: 1M
[53.161s][info][gc,heap     ] GC(40) Min Capacity: 8M(0%)
[53.161s][info][gc,heap     ] GC(40) Max Capacity: 4096M(100%)
[53.161s][info][gc,heap     ] GC(40) Soft Max Capacity: 4096M(100%)
[53.161s][info][gc,heap     ] GC(40)                Mark Start          Mark End        Relocate Start      Relocate End           High               Low         
[53.161s][info][gc,heap     ] GC(40)  Capacity:     3932M (96%)        3932M (96%)        3932M (96%)        3932M (96%)        3932M (96%)        3932M (96%)    
[53.161s][info][gc,heap     ] GC(40)      Free:     3606M (88%)        3604M (88%)        3826M (93%)        3844M (94%)        3844M (94%)        3604M (88%)    
[53.161s][info][gc,heap     ] GC(40)      Used:      490M (12%)         492M (12%)         270M (7%)          252M (6%)          492M (12%)         252M (6%)     
[53.161s][info][gc,heap     ] GC(40)      Live:         -               168M (4%)          168M (4%)          168M (4%)             -                  -          
[53.161s][info][gc,heap     ] GC(40) Allocated:         -                 2M (0%)           22M (1%)           22M (1%)             -                  -          
[53.161s][info][gc,heap     ] GC(40)   Garbage:         -               321M (8%)           79M (2%)           61M (1%)             -                  -          
[53.161s][info][gc,heap     ] GC(40) Reclaimed:         -                  -               242M (6%)          260M (6%)             -                  -          
[53.161s][info][gc          ] GC(40) Garbage Collection (System.gc()) 490M(12%)->252M(6%)
[54.045s][info][gc,start    ] GC(41) Garbage Collection (Allocation Rate)
[54.045s][info][gc,task     ] GC(41) Using 3 workers
[54.045s][info][gc,phases   ] GC(41) Pause Mark Start 0.011ms
[54.677s][info][gc,phases   ] GC(41) Concurrent Mark 631.311ms
[54.677s][info][gc,phases   ] GC(41) Pause Mark End 0.025ms
[54.677s][info][gc,phases   ] GC(41) Concurrent Mark Free 0.002ms
[54.686s][info][gc,phases   ] GC(41) Concurrent Process Non-Strong References 9.114ms
[54.686s][info][gc,phases   ] GC(41) Concurrent Reset Relocation Set 0.003ms
[54.755s][info][gc,phases   ] GC(41) Concurrent Select Relocation Set 68.502ms
[54.755s][info][gc,phases   ] GC(41) Pause Relocate Start 0.008ms
[54.942s][info][gc,phases   ] GC(41) Concurrent Relocate 187.191ms
[54.943s][info][gc,load     ] GC(41) Load: 0.00/0.00/0.00
[54.943s][info][gc,mmu      ] GC(41) MMU: 2ms/96.7%, 5ms/98.7%, 10ms/99.3%, 20ms/99.6%, 50ms/99.8%, 100ms/99.9%
[54.943s][info][gc,marking  ] GC(41) Mark: 2 stripe(s), 2 proactive flush(es), 1 terminate flush(es), 0 completion(s), 0 continuation(s) 
[54.943s][info][gc,marking  ] GC(41) Mark Stack Usage: 32M
[54.943s][info][gc,nmethod  ] GC(41) NMethods: 8968 registered, 1188 unregistered
[54.943s][info][gc,metaspace] GC(41) Metaspace: 64M used, 65M committed, 1088M reserved
[54.943s][info][gc,ref      ] GC(41) Soft: 4951 encountered, 0 discovered, 0 enqueued
[54.943s][info][gc,ref      ] GC(41) Weak: 6439 encountered, 2252 discovered, 15 enqueued
[54.943s][info][gc,ref      ] GC(41) Final: 126 encountered, 0 discovered, 0 enqueued
[54.943s][info][gc,ref      ] GC(41) Phantom: 617 encountered, 495 discovered, 0 enqueued
[54.943s][info][gc,reloc    ] GC(41) Small Pages: 992 / 1984M, Empty: 4M, Relocated: 188M, In-Place: 0
[54.943s][info][gc,reloc    ] GC(41) Medium Pages: 2 / 64M, Empty: 32M, Relocated: 0M, In-Place: 0
[54.943s][info][gc,reloc    ] GC(41) Large Pages: 13 / 94M, Empty: 30M, Relocated: 0M, In-Place: 0
[54.943s][info][gc,reloc    ] GC(41) Forwarding Usage: 144M
[54.943s][info][gc,heap     ] GC(41) Min Capacity: 8M(0%)
[54.943s][info][gc,heap     ] GC(41) Max Capacity: 4096M(100%)
[54.943s][info][gc,heap     ] GC(41) Soft Max Capacity: 4096M(100%)
[54.943s][info][gc,heap     ] GC(41)                Mark Start          Mark End        Relocate Start      Relocate End           High               Low         
[54.943s][info][gc,heap     ] GC(41)  Capacity:     3932M (96%)        3932M (96%)        3932M (96%)        3932M (96%)        3932M (96%)        3932M (96%)    
[54.943s][info][gc,heap     ] GC(41)      Free:     1954M (48%)        1554M (38%)        1606M (39%)        3192M (78%)        3192M (78%)        1552M (38%)    
[54.943s][info][gc,heap     ] GC(41)      Used:     2142M (52%)        2542M (62%)        2490M (61%)         904M (22%)        2544M (62%)         904M (22%)    
[54.943s][info][gc,heap     ] GC(41)      Live:         -               417M (10%)         417M (10%)         417M (10%)            -                  -          
[54.943s][info][gc,heap     ] GC(41) Allocated:         -               400M (10%)         414M (10%)         443M (11%)            -                  -          
[54.943s][info][gc,heap     ] GC(41)   Garbage:         -              1724M (42%)        1658M (40%)          43M (1%)             -                  -          
[54.943s][info][gc,heap     ] GC(41) Reclaimed:         -                  -                66M (2%)         1681M (41%)            -                  -          
[54.943s][info][gc          ] GC(41) Garbage Collection (Allocation Rate) 2142M(52%)->904M(22%)
[54.958s][info][gc,start    ] GC(42) Garbage Collection (Allocation Rate)
[54.958s][info][gc,task     ] GC(42) Using 7 workers
[54.958s][info][gc,phases   ] GC(42) Pause Mark Start 0.017ms
[55.111s][info][gc,phases   ] GC(42) Concurrent Mark 152.494ms
[55.111s][info][gc,phases   ] GC(42) Pause Mark End 0.066ms
[55.111s][info][gc,phases   ] GC(42) Concurrent Mark Free 0.001ms
[55.115s][info][gc,phases   ] GC(42) Concurrent Process Non-Strong References 3.704ms
[55.115s][info][gc,phases   ] GC(42) Concurrent Reset Relocation Set 0.186ms
[55.133s][info][gc,phases   ] GC(42) Concurrent Select Relocation Set 17.438ms
[55.133s][info][gc,phases   ] GC(42) Pause Relocate Start 0.014ms
[55.174s][info][gc,phases   ] GC(42) Concurrent Relocate 41.044ms
[55.174s][info][gc,load     ] GC(42) Load: 0.00/0.00/0.00
[55.174s][info][gc,mmu      ] GC(42) MMU: 2ms/96.7%, 5ms/98.7%, 10ms/99.3%, 20ms/99.6%, 50ms/99.8%, 100ms/99.9%
[55.174s][info][gc,marking  ] GC(42) Mark: 4 stripe(s), 3 proactive flush(es), 1 terminate flush(es), 1 completion(s), 0 continuation(s) 
[55.174s][info][gc,marking  ] GC(42) Mark Stack Usage: 32M
[55.174s][info][gc,nmethod  ] GC(42) NMethods: 9069 registered, 1194 unregistered
[55.174s][info][gc,metaspace] GC(42) Metaspace: 64M used, 65M committed, 1088M reserved
[55.174s][info][gc,ref      ] GC(42) Soft: 4949 encountered, 0 discovered, 0 enqueued
[55.174s][info][gc,ref      ] GC(42) Weak: 6568 encountered, 1692 discovered, 62 enqueued
[55.174s][info][gc,ref      ] GC(42) Final: 126 encountered, 1 discovered, 0 enqueued
[55.174s][info][gc,ref      ] GC(42) Phantom: 619 encountered, 445 discovered, 0 enqueued
[55.174s][info][gc,reloc    ] GC(42) Small Pages: 389 / 778M, Empty: 250M, Relocated: 50M, In-Place: 0
[55.174s][info][gc,reloc    ] GC(42) Medium Pages: 2 / 64M, Empty: 32M, Relocated: 0M, In-Place: 0
[55.174s][info][gc,reloc    ] GC(42) Large Pages: 8 / 64M, Empty: 44M, Relocated: 0M, In-Place: 0
[55.174s][info][gc,reloc    ] GC(42) Forwarding Usage: 48M
[55.174s][info][gc,heap     ] GC(42) Min Capacity: 8M(0%)
[55.174s][info][gc,heap     ] GC(42) Max Capacity: 4096M(100%)
[55.174s][info][gc,heap     ] GC(42) Soft Max Capacity: 4096M(100%)
[55.174s][info][gc,heap     ] GC(42)                Mark Start          Mark End        Relocate Start      Relocate End           High               Low         
[55.174s][info][gc,heap     ] GC(42)  Capacity:     3932M (96%)        3932M (96%)        3932M (96%)        3932M (96%)        3932M (96%)        3932M (96%)    
[55.174s][info][gc,heap     ] GC(42)      Free:     3190M (78%)        3144M (77%)        3468M (85%)        3660M (89%)        3684M (90%)        3144M (77%)    
[55.174s][info][gc,heap     ] GC(42)      Used:      906M (22%)         952M (23%)         628M (15%)         436M (11%)         952M (23%)         412M (10%)    
[55.174s][info][gc,heap     ] GC(42)      Live:         -               238M (6%)          238M (6%)          238M (6%)             -                  -          
[55.175s][info][gc,heap     ] GC(42) Allocated:         -                46M (1%)           48M (1%)          149M (4%)             -                  -          
[55.175s][info][gc,heap     ] GC(42)   Garbage:         -               667M (16%)         341M (8%)           47M (1%)             -                  -          
[55.175s][info][gc,heap     ] GC(42) Reclaimed:         -                  -               326M (8%)          619M (15%)            -                  -          
[55.175s][info][gc          ] GC(42) Garbage Collection (Allocation Rate) 906M(22%)->436M(11%)
[55.847s][info][gc,start    ] GC(43) Garbage Collection (Allocation Rate)
[55.847s][info][gc,task     ] GC(43) Using 7 workers
[55.847s][info][gc,phases   ] GC(43) Pause Mark Start 0.013ms
[56.050s][info][gc,phases   ] GC(43) Concurrent Mark 202.658ms
[56.050s][info][gc,phases   ] GC(43) Pause Mark End 0.020ms
[56.050s][info][gc,phases   ] GC(43) Concurrent Mark Free 0.001ms
[56.054s][info][gc,phases   ] GC(43) Concurrent Process Non-Strong References 3.433ms
[56.054s][info][gc,phases   ] GC(43) Concurrent Reset Relocation Set 0.036ms
[56.120s][info][gc,phases   ] GC(43) Concurrent Select Relocation Set 65.762ms
[56.120s][info][gc,phases   ] GC(43) Pause Relocate Start 0.011ms
[56.189s][info][gc,phases   ] GC(43) Concurrent Relocate 68.928ms
[56.189s][info][gc,load     ] GC(43) Load: 0.00/0.00/0.00
[56.189s][info][gc,mmu      ] GC(43) MMU: 2ms/96.7%, 5ms/98.7%, 10ms/99.3%, 20ms/99.6%, 50ms/99.8%, 100ms/99.9%
[56.189s][info][gc,marking  ] GC(43) Mark: 4 stripe(s), 2 proactive flush(es), 1 terminate flush(es), 0 completion(s), 0 continuation(s) 
[56.189s][info][gc,marking  ] GC(43) Mark Stack Usage: 32M
[56.189s][info][gc,nmethod  ] GC(43) NMethods: 9064 registered, 1203 unregistered
[56.189s][info][gc,metaspace] GC(43) Metaspace: 64M used, 65M committed, 1088M reserved
[56.189s][info][gc,ref      ] GC(43) Soft: 4955 encountered, 0 discovered, 0 enqueued
[56.189s][info][gc,ref      ] GC(43) Weak: 6642 encountered, 1256 discovered, 159 enqueued
[56.189s][info][gc,ref      ] GC(43) Final: 126 encountered, 1 discovered, 0 enqueued
[56.189s][info][gc,ref      ] GC(43) Phantom: 617 encountered, 444 discovered, 0 enqueued
[56.189s][info][gc,reloc    ] GC(43) Small Pages: 748 / 1496M, Empty: 74M, Relocated: 146M, In-Place: 0
[56.189s][info][gc,reloc    ] GC(43) Medium Pages: 3 / 96M, Empty: 64M, Relocated: 0M, In-Place: 0
[56.189s][info][gc,reloc    ] GC(43) Large Pages: 18 / 128M, Empty: 50M, Relocated: 0M, In-Place: 0
[56.190s][info][gc,reloc    ] GC(43) Forwarding Usage: 98M
[56.190s][info][gc,heap     ] GC(43) Min Capacity: 8M(0%)
[56.190s][info][gc,heap     ] GC(43) Max Capacity: 4096M(100%)
[56.190s][info][gc,heap     ] GC(43) Soft Max Capacity: 4096M(100%)
[56.190s][info][gc,heap     ] GC(43)                Mark Start          Mark End        Relocate Start      Relocate End           High               Low         
[56.190s][info][gc,heap     ] GC(43)  Capacity:     3932M (96%)        3932M (96%)        3932M (96%)        3932M (96%)        3932M (96%)        3932M (96%)    
[56.190s][info][gc,heap     ] GC(43)      Free:     2376M (58%)        2050M (50%)        2070M (51%)        3066M (75%)        3068M (75%)        2022M (49%)    
[56.190s][info][gc,heap     ] GC(43)      Used:     1720M (42%)        2046M (50%)        2026M (49%)        1030M (25%)        2074M (51%)        1028M (25%)    
[56.190s][info][gc,heap     ] GC(43)      Live:         -               395M (10%)         395M (10%)         395M (10%)            -                  -          
[56.190s][info][gc,heap     ] GC(43) Allocated:         -               326M (8%)          494M (12%)         582M (14%)            -                  -          
[56.190s][info][gc,heap     ] GC(43)   Garbage:         -              1324M (32%)        1136M (28%)          51M (1%)             -                  -          
[56.190s][info][gc,heap     ] GC(43) Reclaimed:         -                  -               188M (5%)         1272M (31%)            -                  -          
[56.190s][info][gc          ] GC(43) Garbage Collection (Allocation Rate) 1720M(42%)->1030M(25%)
[56.253s][info][gc,start    ] GC(44) Garbage Collection (Allocation Rate)
[56.253s][info][gc,task     ] GC(44) Using 8 workers
[56.254s][info][gc,phases   ] GC(44) Pause Mark Start 0.010ms
[56.510s][info][gc,phases   ] GC(44) Concurrent Mark 256.483ms
[56.510s][info][gc,phases   ] GC(44) Pause Mark End 0.023ms
[56.510s][info][gc,phases   ] GC(44) Concurrent Mark Free 0.001ms
[56.513s][info][gc,phases   ] GC(44) Concurrent Process Non-Strong References 3.063ms
[56.514s][info][gc,phases   ] GC(44) Concurrent Reset Relocation Set 0.135ms
[56.525s][info][gc,phases   ] GC(44) Concurrent Select Relocation Set 10.834ms
[56.525s][info][gc,phases   ] GC(44) Pause Relocate Start 0.009ms
[56.557s][info][gc,phases   ] GC(44) Concurrent Relocate 32.413ms
[56.557s][info][gc,load     ] GC(44) Load: 0.00/0.00/0.00
[56.557s][info][gc,mmu      ] GC(44) MMU: 2ms/96.7%, 5ms/98.7%, 10ms/99.3%, 20ms/99.6%, 50ms/99.8%, 100ms/99.9%
[56.557s][info][gc,marking  ] GC(44) Mark: 8 stripe(s), 2 proactive flush(es), 1 terminate flush(es), 0 completion(s), 0 continuation(s) 
[56.557s][info][gc,marking  ] GC(44) Mark Stack Usage: 32M
[56.557s][info][gc,nmethod  ] GC(44) NMethods: 9065 registered, 1203 unregistered
[56.557s][info][gc,metaspace] GC(44) Metaspace: 64M used, 65M committed, 1088M reserved
[56.557s][info][gc,ref      ] GC(44) Soft: 4955 encountered, 0 discovered, 0 enqueued
[56.557s][info][gc,ref      ] GC(44) Weak: 6485 encountered, 346 discovered, 6 enqueued
[56.557s][info][gc,ref      ] GC(44) Final: 126 encountered, 1 discovered, 0 enqueued
[56.557s][info][gc,ref      ] GC(44) Phantom: 617 encountered, 501 discovered, 0 enqueued
[56.557s][info][gc,reloc    ] GC(44) Small Pages: 514 / 1028M, Empty: 0M, Relocated: 52M, In-Place: 0
[56.557s][info][gc,reloc    ] GC(44) Medium Pages: 1 / 32M, Empty: 0M, Relocated: 0M, In-Place: 0
[56.557s][info][gc,reloc    ] GC(44) Large Pages: 12 / 88M, Empty: 24M, Relocated: 0M, In-Place: 0
[56.557s][info][gc,reloc    ] GC(44) Forwarding Usage: 47M
[56.557s][info][gc,heap     ] GC(44) Min Capacity: 8M(0%)
[56.557s][info][gc,heap     ] GC(44) Max Capacity: 4096M(100%)
[56.557s][info][gc,heap     ] GC(44) Soft Max Capacity: 4096M(100%)
[56.557s][info][gc,heap     ] GC(44)                Mark Start          Mark End        Relocate Start      Relocate End           High               Low         
[56.557s][info][gc,heap     ] GC(44)  Capacity:     3932M (96%)        3932M (96%)        3932M (96%)        3932M (96%)        3932M (96%)        3932M (96%)    
[56.557s][info][gc,heap     ] GC(44)      Free:     2948M (72%)        2630M (64%)        2654M (65%)        3302M (81%)        3302M (81%)        2630M (64%)    
[56.557s][info][gc,heap     ] GC(44)      Used:     1148M (28%)        1466M (36%)        1442M (35%)         794M (19%)        1466M (36%)         794M (19%)    
[56.557s][info][gc,heap     ] GC(44)      Live:         -               415M (10%)         415M (10%)         415M (10%)            -                  -          
[56.557s][info][gc,heap     ] GC(44) Allocated:         -               318M (8%)          318M (8%)          319M (8%)             -                  -          
[56.558s][info][gc,heap     ] GC(44)   Garbage:         -               732M (18%)         708M (17%)          59M (1%)             -                  -          
[56.558s][info][gc,heap     ] GC(44) Reclaimed:         -                  -                24M (1%)          673M (16%)            -                  -          
[56.558s][info][gc          ] GC(44) Garbage Collection (Allocation Rate) 1148M(28%)->794M(19%)
[58.346s][info][gc,start    ] GC(45) Garbage Collection (Allocation Rate)
[58.346s][info][gc,task     ] GC(45) Using 8 workers
[58.346s][info][gc,phases   ] GC(45) Pause Mark Start 0.011ms
[58.471s][info][gc,phases   ] GC(45) Concurrent Mark 124.654ms
[58.471s][info][gc,phases   ] GC(45) Pause Mark End 0.031ms
[58.471s][info][gc,phases   ] GC(45) Concurrent Mark Free 0.001ms
[58.474s][info][gc,phases   ] GC(45) Concurrent Process Non-Strong References 3.354ms
[58.475s][info][gc,phases   ] GC(45) Concurrent Reset Relocation Set 0.094ms
[58.530s][info][gc,phases   ] GC(45) Concurrent Select Relocation Set 55.801ms
[58.531s][info][gc,phases   ] GC(45) Pause Relocate Start 0.013ms
[58.577s][info][gc,phases   ] GC(45) Concurrent Relocate 45.771ms
[58.577s][info][gc,load     ] GC(45) Load: 0.00/0.00/0.00
[58.577s][info][gc,mmu      ] GC(45) MMU: 2ms/96.7%, 5ms/98.7%, 10ms/99.3%, 20ms/99.6%, 50ms/99.8%, 100ms/99.9%
[58.577s][info][gc,marking  ] GC(45) Mark: 8 stripe(s), 2 proactive flush(es), 1 terminate flush(es), 0 completion(s), 0 continuation(s) 
[58.577s][info][gc,marking  ] GC(45) Mark Stack Usage: 32M
[58.577s][info][gc,nmethod  ] GC(45) NMethods: 9235 registered, 1227 unregistered
[58.577s][info][gc,metaspace] GC(45) Metaspace: 64M used, 65M committed, 1088M reserved
[58.577s][info][gc,ref      ] GC(45) Soft: 4951 encountered, 0 discovered, 0 enqueued
[58.577s][info][gc,ref      ] GC(45) Weak: 6852 encountered, 1068 discovered, 283 enqueued
[58.577s][info][gc,ref      ] GC(45) Final: 126 encountered, 0 discovered, 0 enqueued
[58.577s][info][gc,ref      ] GC(45) Phantom: 621 encountered, 512 discovered, 0 enqueued
[58.577s][info][gc,reloc    ] GC(45) Small Pages: 1153 / 2306M, Empty: 1354M, Relocated: 66M, In-Place: 0
[58.577s][info][gc,reloc    ] GC(45) Medium Pages: 4 / 128M, Empty: 64M, Relocated: 14M, In-Place: 0
[58.577s][info][gc,reloc    ] GC(45) Large Pages: 26 / 172M, Empty: 160M, Relocated: 0M, In-Place: 0
[58.577s][info][gc,reloc    ] GC(45) Forwarding Usage: 62M
[58.577s][info][gc,heap     ] GC(45) Min Capacity: 8M(0%)
[58.577s][info][gc,heap     ] GC(45) Max Capacity: 4096M(100%)
[58.577s][info][gc,heap     ] GC(45) Soft Max Capacity: 4096M(100%)
[58.577s][info][gc,heap     ] GC(45)                Mark Start          Mark End        Relocate Start      Relocate End           High               Low         
[58.577s][info][gc,heap     ] GC(45)  Capacity:     3932M (96%)        3932M (96%)        3932M (96%)        3932M (96%)        3932M (96%)        3932M (96%)    
[58.577s][info][gc,heap     ] GC(45)      Free:     1490M (36%)        1346M (33%)        2894M (71%)        3624M (88%)        3624M (88%)        1344M (33%)    
[58.577s][info][gc,heap     ] GC(45)      Used:     2606M (64%)        2750M (67%)        1202M (29%)         472M (12%)        2752M (67%)         472M (12%)    
[58.577s][info][gc,heap     ] GC(45)      Live:         -               246M (6%)          246M (6%)          246M (6%)             -                  -          
[58.577s][info][gc,heap     ] GC(45) Allocated:         -               144M (4%)          174M (4%)          181M (4%)             -                  -          
[58.577s][info][gc,heap     ] GC(45)   Garbage:         -              2359M (58%)         781M (19%)          43M (1%)             -                  -          
[58.577s][info][gc,heap     ] GC(45) Reclaimed:         -                  -              1578M (39%)        2315M (57%)            -                  -          
[58.577s][info][gc          ] GC(45) Garbage Collection (Allocation Rate) 2606M(64%)->472M(12%)
[59.439s][info][gc,start    ] GC(46) Garbage Collection (System.gc())
[59.439s][info][gc,task     ] GC(46) Using 12 workers
[59.439s][info][gc,phases   ] GC(46) Pause Mark Start 0.015ms
[59.501s][info][gc,phases   ] GC(46) Concurrent Mark 62.283ms
[59.501s][info][gc,phases   ] GC(46) Pause Mark End 0.020ms
[59.502s][info][gc,phases   ] GC(46) Concurrent Mark Free 0.001ms
[59.504s][info][gc,phases   ] GC(46) Concurrent Process Non-Strong References 2.088ms
[59.504s][info][gc,phases   ] GC(46) Concurrent Reset Relocation Set 0.094ms
[59.518s][info][gc,phases   ] GC(46) Concurrent Select Relocation Set 13.964ms
[59.518s][info][gc,phases   ] GC(46) Pause Relocate Start 0.008ms
[59.520s][info][gc,phases   ] GC(46) Concurrent Relocate 2.043ms
[59.520s][info][gc,load     ] GC(46) Load: 0.00/0.00/0.00
[59.520s][info][gc,mmu      ] GC(46) MMU: 2ms/96.7%, 5ms/98.7%, 10ms/99.3%, 20ms/99.6%, 50ms/99.8%, 100ms/99.9%
[59.520s][info][gc,marking  ] GC(46) Mark: 8 stripe(s), 2 proactive flush(es), 1 terminate flush(es), 0 completion(s), 0 continuation(s) 
[59.520s][info][gc,marking  ] GC(46) Mark Stack Usage: 32M
[59.520s][info][gc,nmethod  ] GC(46) NMethods: 9259 registered, 1237 unregistered
[59.520s][info][gc,metaspace] GC(46) Metaspace: 64M used, 65M committed, 1088M reserved
[59.520s][info][gc,ref      ] GC(46) Soft: 4947 encountered, 0 discovered, 0 enqueued
[59.520s][info][gc,ref      ] GC(46) Weak: 6589 encountered, 899 discovered, 198 enqueued
[59.520s][info][gc,ref      ] GC(46) Final: 126 encountered, 2 discovered, 0 enqueued
[59.520s][info][gc,ref      ] GC(46) Phantom: 617 encountered, 504 discovered, 0 enqueued
[59.520s][info][gc,reloc    ] GC(46) Small Pages: 728 / 1456M, Empty: 1180M, Relocated: 4M, In-Place: 0
[59.520s][info][gc,reloc    ] GC(46) Medium Pages: 7 / 224M, Empty: 192M, Relocated: 0M, In-Place: 0
[59.520s][info][gc,reloc    ] GC(46) Large Pages: 37 / 238M, Empty: 238M, Relocated: 0M, In-Place: 0
[59.520s][info][gc,reloc    ] GC(46) Forwarding Usage: 2M
[59.520s][info][gc,heap     ] GC(46) Min Capacity: 8M(0%)
[59.520s][info][gc,heap     ] GC(46) Max Capacity: 4096M(100%)
[59.520s][info][gc,heap     ] GC(46) Soft Max Capacity: 4096M(100%)
[59.520s][info][gc,heap     ] GC(46)                Mark Start          Mark End        Relocate Start      Relocate End           High               Low         
[59.520s][info][gc,heap     ] GC(46)  Capacity:     3932M (96%)        3932M (96%)        3932M (96%)        3932M (96%)        3932M (96%)        3932M (96%)    
[59.520s][info][gc,heap     ] GC(46)      Free:     2178M (53%)        2178M (53%)        3758M (92%)        3838M (94%)        3838M (94%)        2172M (53%)    
[59.521s][info][gc,heap     ] GC(46)      Used:     1918M (47%)        1918M (47%)         338M (8%)          258M (6%)         1924M (47%)         258M (6%)     
[59.521s][info][gc,heap     ] GC(46)      Live:         -               169M (4%)          169M (4%)          169M (4%)             -                  -          
[59.521s][info][gc,heap     ] GC(46) Allocated:         -                 0M (0%)           30M (1%)           30M (1%)             -                  -          
[59.521s][info][gc,heap     ] GC(46)   Garbage:         -              1748M (43%)         138M (3%)           58M (1%)             -                  -          
[59.521s][info][gc,heap     ] GC(46) Reclaimed:         -                  -              1610M (39%)        1690M (41%)            -                  -          
[59.521s][info][gc          ] GC(46) Garbage Collection (System.gc()) 1918M(47%)->258M(6%)
[60.147s][info][gc,stats    ] === Garbage Collection Statistics =======================================================================================================================
[60.147s][info][gc,stats    ]                                                              Last 10s              Last 10m              Last 10h                Total
[60.147s][info][gc,stats    ]                                                              Avg / Max             Avg / Max             Avg / Max             Avg / Max
[60.147s][info][gc,stats    ]   Collector: Garbage Collection Cycle                    306.506 / 897.393     312.505 / 2470.825    312.505 / 2470.825    312.505 / 2470.825    ms
[60.147s][info][gc,stats    ]  Contention: Mark Segment Reset Contention                    11 / 37               10 / 255              10 / 255              10 / 255         ops/s
[60.147s][info][gc,stats    ]  Contention: Mark SeqNum Reset Contention                      0 / 2                 0 / 3                 0 / 3                 0 / 3           ops/s
[60.147s][info][gc,stats    ]    Critical: Allocation Stall                                  0 / 0                 0 / 0                 0 / 0                 0 / 0           ops/s
[60.147s][info][gc,stats    ]    Critical: Allocation Stall                              0.000 / 0.000         0.000 / 0.000         0.000 / 0.000         0.000 / 0.000       ms
[60.147s][info][gc,stats    ]    Critical: GC Locker Stall                                   0 / 0                 0 / 0                 0 / 0                 0 / 0           ops/s
[60.148s][info][gc,stats    ]    Critical: GC Locker Stall                               0.000 / 0.000         0.000 / 0.000         0.000 / 0.000         0.000 / 0.000       ms
[60.148s][info][gc,stats    ]    Critical: Relocation Stall                                  0 / 0                 0 / 0                 0 / 0                 0 / 0           ops/s
[60.148s][info][gc,stats    ]    Critical: Relocation Stall                              0.000 / 0.000         0.000 / 0.000         0.000 / 0.000         0.000 / 0.000       ms
[60.148s][info][gc,stats    ]      Memory: Allocation Rate                                1315 / 2080            997 / 3096            997 / 3096            997 / 3096        MB/s
[60.148s][info][gc,stats    ]      Memory: Defragment                                        0 / 0                 0 / 2                 0 / 2                 0 / 2           ops/s
[60.148s][info][gc,stats    ]      Memory: Out Of Memory                                     0 / 0                 0 / 0                 0 / 0                 0 / 0           ops/s
[60.148s][info][gc,stats    ]      Memory: Page Cache Flush                                  0 / 0                 0 / 4                 0 / 4                 0 / 4           MB/s
[60.148s][info][gc,stats    ]      Memory: Page Cache Hit L1                               623 / 1003            452 / 1402            452 / 1402            452 / 1402        ops/s
[60.148s][info][gc,stats    ]      Memory: Page Cache Hit L2                                 0 / 0                 0 / 0                 0 / 0                 0 / 0           ops/s
[60.148s][info][gc,stats    ]      Memory: Page Cache Hit L3                                 0 / 0                16 / 286              16 / 286              16 / 286         ops/s
[60.148s][info][gc,stats    ]      Memory: Page Cache Miss                                   0 / 0                11 / 558              11 / 558              11 / 558         ops/s
[60.148s][info][gc,stats    ]      Memory: Uncommit                                          0 / 0                 0 / 0                 0 / 0                 0 / 0           MB/s
[60.148s][info][gc,stats    ]      Memory: Undo Object Allocation Failed                     0 / 0                 0 / 0                 0 / 0                 0 / 0           ops/s
[60.148s][info][gc,stats    ]      Memory: Undo Object Allocation Succeeded                  1 / 7                28 / 1568             28 / 1568             28 / 1568        ops/s
[60.148s][info][gc,stats    ]      Memory: Undo Page Allocation                              0 / 0                 0 / 3                 0 / 3                 0 / 3           ops/s
[60.148s][info][gc,stats    ]       Phase: Concurrent Mark                             211.826 / 631.311     221.123 / 1600.769    221.123 / 1600.769    221.123 / 1600.769    ms
[60.148s][info][gc,stats    ]       Phase: Concurrent Mark Continue                      0.000 / 0.000         0.000 / 0.000         0.000 / 0.000         0.000 / 0.000       ms
[60.148s][info][gc,stats    ]       Phase: Concurrent Mark Free                          0.001 / 0.002         0.010 / 0.412         0.010 / 0.412         0.010 / 0.412       ms
[60.148s][info][gc,stats    ]       Phase: Concurrent Process Non-Strong References      4.053 / 9.114         5.797 / 35.438        5.797 / 35.438        5.797 / 35.438      ms
[60.148s][info][gc,stats    ]       Phase: Concurrent Relocate                          54.113 / 187.191      55.444 / 702.452      55.444 / 702.452      55.444 / 702.452     ms
[60.148s][info][gc,stats    ]       Phase: Concurrent Reset Relocation Set               0.089 / 0.186         0.068 / 0.246         0.068 / 0.246         0.068 / 0.246       ms
[60.148s][info][gc,stats    ]       Phase: Concurrent Select Relocation Set             35.223 / 68.502       28.885 / 130.936      28.885 / 130.936      28.885 / 130.936     ms
[60.148s][info][gc,stats    ]       Phase: Pause Mark End                                0.030 / 0.066         0.027 / 0.067         0.027 / 0.067         0.027 / 0.067       ms
[60.148s][info][gc,stats    ]       Phase: Pause Mark Start                              0.013 / 0.018         0.014 / 0.019         0.014 / 0.019         0.014 / 0.019       ms
[60.148s][info][gc,stats    ]       Phase: Pause Relocate Start                          0.011 / 0.014         0.009 / 0.014         0.009 / 0.014         0.009 / 0.014       ms
[60.148s][info][gc,stats    ]    Subphase: Concurrent Classes Purge                      0.062 / 0.143         0.225 / 1.289         0.225 / 1.289         0.225 / 1.289       ms
[60.148s][info][gc,stats    ]    Subphase: Concurrent Classes Unlink                     3.213 / 7.753         4.450 / 29.134        4.450 / 29.134        4.450 / 29.134      ms
[60.148s][info][gc,stats    ]    Subphase: Concurrent Mark                             153.694 / 613.558     151.639 / 1589.527    151.639 / 1589.527    151.639 / 1589.527    ms
[60.148s][info][gc,stats    ]    Subphase: Concurrent Mark Try Flush                     0.149 / 0.319         0.221 / 16.605        0.221 / 16.605        0.221 / 16.605      ms
[60.149s][info][gc,stats    ]    Subphase: Concurrent Mark Try Terminate                 7.345 / 16.513       11.321 / 16.803       11.321 / 16.803       11.321 / 16.803      ms
[60.149s][info][gc,stats    ]    Subphase: Concurrent References Enqueue                 0.004 / 0.005         0.003 / 0.005         0.003 / 0.005         0.003 / 0.005       ms
[60.149s][info][gc,stats    ]    Subphase: Concurrent References Process                 0.132 / 0.308         0.135 / 0.308         0.135 / 0.308         0.135 / 0.308       ms
[60.149s][info][gc,stats    ]    Subphase: Concurrent Roots ClassLoaderDataGraph         0.114 / 0.573         0.110 / 0.947         0.110 / 0.947         0.110 / 0.947       ms
[60.149s][info][gc,stats    ]    Subphase: Concurrent Roots CodeCache                    0.000 / 0.000         0.000 / 0.000         0.000 / 0.000         0.000 / 0.000       ms
[60.149s][info][gc,stats    ]    Subphase: Concurrent Roots JavaThreads                  8.101 / 17.424        6.485 / 17.424        6.485 / 17.424        6.485 / 17.424      ms
[60.149s][info][gc,stats    ]    Subphase: Concurrent Roots OopStorageSet                0.038 / 0.089         0.039 / 0.272         0.039 / 0.272         0.039 / 0.272       ms
[60.149s][info][gc,stats    ]    Subphase: Concurrent Weak Roots OopStorageSet           0.298 / 0.704         0.327 / 4.541         0.327 / 4.541         0.327 / 4.541       ms
[60.149s][info][gc,stats    ]    Subphase: Pause Mark Try Complete                       0.002 / 0.006         0.001 / 0.006         0.001 / 0.006         0.001 / 0.006       ms
[60.149s][info][gc,stats    ]      System: Java Threads                                    278 / 281             183 / 281             183 / 281             183 / 281         threads
[60.149s][info][gc,stats    ] =========================================================================================================================================================
[60.256s][info][gc,start    ] GC(47) Garbage Collection (Allocation Rate)
[60.257s][info][gc,task     ] GC(47) Using 4 workers
[60.257s][info][gc,phases   ] GC(47) Pause Mark Start 0.017ms
[60.616s][info][gc,phases   ] GC(47) Concurrent Mark 358.870ms
[60.616s][info][gc,phases   ] GC(47) Pause Mark End 0.036ms
[60.616s][info][gc,phases   ] GC(47) Concurrent Mark Free 0.001ms
[60.623s][info][gc,phases   ] GC(47) Concurrent Process Non-Strong References 6.481ms
[60.623s][info][gc,phases   ] GC(47) Concurrent Reset Relocation Set 0.005ms
[60.664s][info][gc,phases   ] GC(47) Concurrent Select Relocation Set 41.124ms
[60.664s][info][gc,phases   ] GC(47) Pause Relocate Start 0.009ms
[60.790s][info][gc,phases   ] GC(47) Concurrent Relocate 126.413ms
[60.791s][info][gc,load     ] GC(47) Load: 0.00/0.00/0.00
[60.791s][info][gc,mmu      ] GC(47) MMU: 2ms/96.7%, 5ms/98.7%, 10ms/99.3%, 20ms/99.6%, 50ms/99.8%, 100ms/99.9%
[60.791s][info][gc,marking  ] GC(47) Mark: 4 stripe(s), 2 proactive flush(es), 1 terminate flush(es), 0 completion(s), 0 continuation(s) 
[60.791s][info][gc,marking  ] GC(47) Mark Stack Usage: 32M
[60.791s][info][gc,nmethod  ] GC(47) NMethods: 9283 registered, 1245 unregistered
[60.791s][info][gc,metaspace] GC(47) Metaspace: 65M used, 65M committed, 1088M reserved
[60.791s][info][gc,ref      ] GC(47) Soft: 4951 encountered, 0 discovered, 0 enqueued
[60.791s][info][gc,ref      ] GC(47) Weak: 6460 encountered, 2505 discovered, 21 enqueued
[60.791s][info][gc,ref      ] GC(47) Final: 126 encountered, 3 discovered, 0 enqueued
[60.791s][info][gc,ref      ] GC(47) Phantom: 617 encountered, 501 discovered, 0 enqueued
[60.791s][info][gc,reloc    ] GC(47) Small Pages: 842 / 1684M, Empty: 0M, Relocated: 174M, In-Place: 0
[60.791s][info][gc,reloc    ] GC(47) Medium Pages: 2 / 64M, Empty: 32M, Relocated: 0M, In-Place: 0
[60.791s][info][gc,reloc    ] GC(47) Large Pages: 13 / 94M, Empty: 30M, Relocated: 0M, In-Place: 0
[60.791s][info][gc,reloc    ] GC(47) Forwarding Usage: 125M
[60.791s][info][gc,heap     ] GC(47) Min Capacity: 8M(0%)
[60.791s][info][gc,heap     ] GC(47) Max Capacity: 4096M(100%)
[60.791s][info][gc,heap     ] GC(47) Soft Max Capacity: 4096M(100%)
[60.791s][info][gc,heap     ] GC(47)                Mark Start          Mark End        Relocate Start      Relocate End           High               Low         
[60.791s][info][gc,heap     ] GC(47)  Capacity:     3932M (96%)        3932M (96%)        3932M (96%)        3932M (96%)        3932M (96%)        3932M (96%)    
[60.791s][info][gc,heap     ] GC(47)      Free:     2254M (55%)        1556M (38%)        1614M (39%)        2946M (72%)        2946M (72%)        1552M (38%)    
[60.791s][info][gc,heap     ] GC(47)      Used:     1842M (45%)        2540M (62%)        2482M (61%)        1150M (28%)        2544M (62%)        1150M (28%)    
[60.791s][info][gc,heap     ] GC(47)      Live:         -               404M (10%)         404M (10%)         404M (10%)            -                  -          
[60.791s][info][gc,heap     ] GC(47) Allocated:         -               698M (17%)         702M (17%)         701M (17%)            -                  -          
[60.791s][info][gc,heap     ] GC(47)   Garbage:         -              1437M (35%)        1375M (34%)          43M (1%)             -                  -          
[60.791s][info][gc,heap     ] GC(47) Reclaimed:         -                  -                62M (2%)         1393M (34%)            -                  -          
[60.791s][info][gc          ] GC(47) Garbage Collection (Allocation Rate) 1842M(45%)->1150M(28%)
[60.944s][info][gc,start    ] GC(48) Garbage Collection (Allocation Rate)
[60.944s][info][gc,task     ] GC(48) Using 4 workers
[60.944s][info][gc,phases   ] GC(48) Pause Mark Start 0.017ms
[61.287s][info][gc,phases   ] GC(48) Concurrent Mark 343.278ms
[61.288s][info][gc,phases   ] GC(48) Pause Mark End 0.030ms
[61.288s][info][gc,phases   ] GC(48) Concurrent Mark Free 0.001ms
[61.294s][info][gc,phases   ] GC(48) Concurrent Process Non-Strong References 6.605ms
[61.294s][info][gc,phases   ] GC(48) Concurrent Reset Relocation Set 0.120ms
[61.307s][info][gc,phases   ] GC(48) Concurrent Select Relocation Set 12.852ms
[61.308s][info][gc,phases   ] GC(48) Pause Relocate Start 0.010ms
[61.368s][info][gc,phases   ] GC(48) Concurrent Relocate 60.039ms
[61.368s][info][gc,load     ] GC(48) Load: 0.00/0.00/0.00
[61.368s][info][gc,mmu      ] GC(48) MMU: 2ms/96.7%, 5ms/98.7%, 10ms/99.3%, 20ms/99.6%, 50ms/99.8%, 100ms/99.9%
[61.368s][info][gc,marking  ] GC(48) Mark: 4 stripe(s), 3 proactive flush(es), 1 terminate flush(es), 0 completion(s), 0 continuation(s) 
[61.368s][info][gc,marking  ] GC(48) Mark Stack Usage: 32M
[61.368s][info][gc,nmethod  ] GC(48) NMethods: 9288 registered, 1245 unregistered
[61.368s][info][gc,metaspace] GC(48) Metaspace: 65M used, 65M committed, 1088M reserved
[61.368s][info][gc,ref      ] GC(48) Soft: 4951 encountered, 0 discovered, 0 enqueued
[61.368s][info][gc,ref      ] GC(48) Weak: 6438 encountered, 387 discovered, 1 enqueued
[61.368s][info][gc,ref      ] GC(48) Final: 126 encountered, 2 discovered, 0 enqueued
[61.368s][info][gc,ref      ] GC(48) Phantom: 617 encountered, 463 discovered, 0 enqueued
[61.368s][info][gc,reloc    ] GC(48) Small Pages: 511 / 1022M, Empty: 84M, Relocated: 41M, In-Place: 0
[61.368s][info][gc,reloc    ] GC(48) Medium Pages: 2 / 64M, Empty: 0M, Relocated: 18M, In-Place: 0
[61.368s][info][gc,reloc    ] GC(48) Large Pages: 8 / 64M, Empty: 24M, Relocated: 0M, In-Place: 0
[61.368s][info][gc,reloc    ] GC(48) Forwarding Usage: 42M
[61.368s][info][gc,heap     ] GC(48) Min Capacity: 8M(0%)
[61.368s][info][gc,heap     ] GC(48) Max Capacity: 4096M(100%)
[61.368s][info][gc,heap     ] GC(48) Soft Max Capacity: 4096M(100%)
[61.368s][info][gc,heap     ] GC(48)                Mark Start          Mark End        Relocate Start      Relocate End           High               Low         
[61.368s][info][gc,heap     ] GC(48)  Capacity:     3932M (96%)        3932M (96%)        3932M (96%)        3932M (96%)        3932M (96%)        3932M (96%)    
[61.368s][info][gc,heap     ] GC(48)      Free:     2946M (72%)        2852M (70%)        2960M (72%)        3626M (89%)        3626M (89%)        2852M (70%)    
[61.368s][info][gc,heap     ] GC(48)      Used:     1150M (28%)        1244M (30%)        1136M (28%)         470M (11%)        1244M (30%)         470M (11%)    
[61.368s][info][gc,heap     ] GC(48)      Live:         -               315M (8%)          315M (8%)          315M (8%)             -                  -          
[61.368s][info][gc,heap     ] GC(48) Allocated:         -                94M (2%)           94M (2%)          101M (2%)             -                  -          
[61.368s][info][gc,heap     ] GC(48)   Garbage:         -               834M (20%)         726M (18%)          52M (1%)             -                  -          
[61.369s][info][gc,heap     ] GC(48) Reclaimed:         -                  -               108M (3%)          781M (19%)            -                  -          
[61.369s][info][gc          ] GC(48) Garbage Collection (Allocation Rate) 1150M(28%)->470M(11%)
[61.451s][info][gc,start    ] GC(49) Garbage Collection (Allocation Rate)
[61.451s][info][gc,task     ] GC(49) Using 6 workers
[61.451s][info][gc,phases   ] GC(49) Pause Mark Start 0.012ms
[61.560s][info][gc,phases   ] GC(49) Concurrent Mark 108.951ms
[61.560s][info][gc,phases   ] GC(49) Pause Mark End 0.028ms
[61.560s][info][gc,phases   ] GC(49) Concurrent Mark Free 0.001ms
[61.564s][info][gc,phases   ] GC(49) Concurrent Process Non-Strong References 3.810ms
[61.564s][info][gc,phases   ] GC(49) Concurrent Reset Relocation Set 0.104ms
[61.573s][info][gc,phases   ] GC(49) Concurrent Select Relocation Set 8.651ms
[61.573s][info][gc,phases   ] GC(49) Pause Relocate Start 0.008ms
[61.581s][info][gc,phases   ] GC(49) Concurrent Relocate 7.913ms
[61.581s][info][gc,load     ] GC(49) Load: 0.00/0.00/0.00
[61.581s][info][gc,mmu      ] GC(49) MMU: 2ms/96.7%, 5ms/98.7%, 10ms/99.3%, 20ms/99.6%, 50ms/99.8%, 100ms/99.9%
[61.581s][info][gc,marking  ] GC(49) Mark: 4 stripe(s), 2 proactive flush(es), 1 terminate flush(es), 0 completion(s), 0 continuation(s) 
[61.581s][info][gc,marking  ] GC(49) Mark Stack Usage: 32M
[61.581s][info][gc,nmethod  ] GC(49) NMethods: 9303 registered, 1253 unregistered
[61.581s][info][gc,metaspace] GC(49) Metaspace: 65M used, 65M committed, 1088M reserved
[61.581s][info][gc,ref      ] GC(49) Soft: 4951 encountered, 0 discovered, 0 enqueued
[61.581s][info][gc,ref      ] GC(49) Weak: 6662 encountered, 1527 discovered, 89 enqueued
[61.581s][info][gc,ref      ] GC(49) Final: 126 encountered, 0 discovered, 0 enqueued
[61.581s][info][gc,ref      ] GC(49) Phantom: 621 encountered, 474 discovered, 0 enqueued
[61.581s][info][gc,reloc    ] GC(49) Small Pages: 220 / 440M, Empty: 134M, Relocated: 8M, In-Place: 0
[61.581s][info][gc,reloc    ] GC(49) Medium Pages: 2 / 64M, Empty: 0M, Relocated: 12M, In-Place: 0
[61.581s][info][gc,reloc    ] GC(49) Large Pages: 5 / 46M, Empty: 46M, Relocated: 0M, In-Place: 0
[61.581s][info][gc,reloc    ] GC(49) Forwarding Usage: 5M
[61.581s][info][gc,heap     ] GC(49) Min Capacity: 8M(0%)
[61.581s][info][gc,heap     ] GC(49) Max Capacity: 4096M(100%)
[61.581s][info][gc,heap     ] GC(49) Soft Max Capacity: 4096M(100%)
[61.581s][info][gc,heap     ] GC(49)                Mark Start          Mark End        Relocate Start      Relocate End           High               Low         
[61.581s][info][gc,heap     ] GC(49)  Capacity:     3932M (96%)        3932M (96%)        3932M (96%)        3932M (96%)        3932M (96%)        3932M (96%)    
[61.582s][info][gc,heap     ] GC(49)      Free:     3546M (87%)        3400M (83%)        3560M (87%)        3708M (91%)        3708M (91%)        3394M (83%)    
[61.582s][info][gc,heap     ] GC(49)      Used:      550M (13%)         696M (17%)         536M (13%)         388M (9%)          702M (17%)         388M (9%)     
[61.582s][info][gc,heap     ] GC(49)      Live:         -               174M (4%)          174M (4%)          174M (4%)             -                  -          
[61.582s][info][gc,heap     ] GC(49) Allocated:         -               146M (4%)          166M (4%)          169M (4%)             -                  -          
[61.582s][info][gc,heap     ] GC(49)   Garbage:         -               375M (9%)          195M (5%)           43M (1%)             -                  -          
[61.582s][info][gc,heap     ] GC(49) Reclaimed:         -                  -               180M (4%)          331M (8%)             -                  -          
[61.582s][info][gc          ] GC(49) Garbage Collection (Allocation Rate) 550M(13%)->388M(9%)
[62.247s][info][gc,start    ] GC(50) Garbage Collection (Allocation Rate)
[62.248s][info][gc,task     ] GC(50) Using 6 workers
[62.248s][info][gc,phases   ] GC(50) Pause Mark Start 0.010ms
[62.544s][info][gc,phases   ] GC(50) Concurrent Mark 296.401ms
[62.544s][info][gc,phases   ] GC(50) Pause Mark End 0.031ms
[62.545s][info][gc,phases   ] GC(50) Concurrent Mark Free 0.001ms
[62.549s][info][gc,phases   ] GC(50) Concurrent Process Non-Strong References 4.836ms
[62.549s][info][gc,phases   ] GC(50) Concurrent Reset Relocation Set 0.014ms
[62.593s][info][gc,phases   ] GC(50) Concurrent Select Relocation Set 43.420ms
[62.593s][info][gc,phases   ] GC(50) Pause Relocate Start 0.010ms
[62.672s][info][gc,phases   ] GC(50) Concurrent Relocate 78.855ms
[62.672s][info][gc,load     ] GC(50) Load: 0.00/0.00/0.00
[62.672s][info][gc,mmu      ] GC(50) MMU: 2ms/96.7%, 5ms/98.7%, 10ms/99.3%, 20ms/99.6%, 50ms/99.8%, 100ms/99.9%
[62.672s][info][gc,marking  ] GC(50) Mark: 4 stripe(s), 2 proactive flush(es), 1 terminate flush(es), 0 completion(s), 0 continuation(s) 
[62.672s][info][gc,marking  ] GC(50) Mark Stack Usage: 32M
[62.672s][info][gc,nmethod  ] GC(50) NMethods: 9309 registered, 1254 unregistered
[62.672s][info][gc,metaspace] GC(50) Metaspace: 65M used, 65M committed, 1088M reserved
[62.672s][info][gc,ref      ] GC(50) Soft: 4955 encountered, 0 discovered, 0 enqueued
[62.672s][info][gc,ref      ] GC(50) Weak: 6575 encountered, 2090 discovered, 78 enqueued
[62.672s][info][gc,ref      ] GC(50) Final: 126 encountered, 1 discovered, 0 enqueued
[62.672s][info][gc,ref      ] GC(50) Phantom: 617 encountered, 468 discovered, 0 enqueued
[62.672s][info][gc,reloc    ] GC(50) Small Pages: 778 / 1556M, Empty: 6M, Relocated: 157M, In-Place: 0
[62.672s][info][gc,reloc    ] GC(50) Medium Pages: 3 / 96M, Empty: 64M, Relocated: 0M, In-Place: 0
[62.672s][info][gc,reloc    ] GC(50) Large Pages: 16 / 112M, Empty: 48M, Relocated: 0M, In-Place: 0
[62.672s][info][gc,reloc    ] GC(50) Forwarding Usage: 106M
[62.673s][info][gc,heap     ] GC(50) Min Capacity: 8M(0%)
[62.673s][info][gc,heap     ] GC(50) Max Capacity: 4096M(100%)
[62.673s][info][gc,heap     ] GC(50) Soft Max Capacity: 4096M(100%)
[62.673s][info][gc,heap     ] GC(50)                Mark Start          Mark End        Relocate Start      Relocate End           High               Low         
[62.673s][info][gc,heap     ] GC(50)  Capacity:     3932M (96%)        3932M (96%)        3932M (96%)        3932M (96%)        3932M (96%)        3932M (96%)    
[62.673s][info][gc,heap     ] GC(50)      Free:     2332M (57%)        1800M (44%)        1820M (44%)        2950M (72%)        2950M (72%)        1784M (44%)    
[62.673s][info][gc,heap     ] GC(50)      Used:     1764M (43%)        2296M (56%)        2276M (56%)        1146M (28%)        2312M (56%)        1146M (28%)    
[62.673s][info][gc,heap     ] GC(50)      Live:         -               392M (10%)         392M (10%)         392M (10%)            -                  -          
[62.673s][info][gc,heap     ] GC(50) Allocated:         -               532M (13%)         630M (15%)         705M (17%)            -                  -          
[62.673s][info][gc,heap     ] GC(50)   Garbage:         -              1371M (33%)        1253M (31%)          48M (1%)             -                  -          
[62.673s][info][gc,heap     ] GC(50) Reclaimed:         -                  -               118M (3%)         1323M (32%)            -                  -          
[62.673s][info][gc          ] GC(50) Garbage Collection (Allocation Rate) 1764M(43%)->1146M(28%)
[62.747s][info][gc,start    ] GC(51) Garbage Collection (Allocation Rate)
[62.747s][info][gc,task     ] GC(51) Using 8 workers
[62.748s][info][gc,phases   ] GC(51) Pause Mark Start 0.017ms
[62.950s][info][gc,phases   ] GC(51) Concurrent Mark 202.561ms
[62.951s][info][gc,phases   ] GC(51) Pause Mark End 0.036ms
[62.951s][info][gc,phases   ] GC(51) Concurrent Mark Free 0.001ms
[62.954s][info][gc,phases   ] GC(51) Concurrent Process Non-Strong References 3.254ms
[62.954s][info][gc,phases   ] GC(51) Concurrent Reset Relocation Set 0.160ms
[62.969s][info][gc,phases   ] GC(51) Concurrent Select Relocation Set 15.209ms
[62.970s][info][gc,phases   ] GC(51) Pause Relocate Start 0.011ms
[63.008s][info][gc,phases   ] GC(51) Concurrent Relocate 38.102ms
[63.008s][info][gc,load     ] GC(51) Load: 0.00/0.00/0.00
[63.008s][info][gc,mmu      ] GC(51) MMU: 2ms/96.7%, 5ms/98.7%, 10ms/99.3%, 20ms/99.6%, 50ms/99.8%, 100ms/99.9%
[63.008s][info][gc,marking  ] GC(51) Mark: 8 stripe(s), 2 proactive flush(es), 1 terminate flush(es), 0 completion(s), 0 continuation(s) 
[63.008s][info][gc,marking  ] GC(51) Mark Stack Usage: 32M
[63.008s][info][gc,nmethod  ] GC(51) NMethods: 9309 registered, 1254 unregistered
[63.008s][info][gc,metaspace] GC(51) Metaspace: 65M used, 65M committed, 1088M reserved
[63.008s][info][gc,ref      ] GC(51) Soft: 4955 encountered, 0 discovered, 0 enqueued
[63.008s][info][gc,ref      ] GC(51) Weak: 6497 encountered, 460 discovered, 0 enqueued
[63.008s][info][gc,ref      ] GC(51) Final: 126 encountered, 0 discovered, 0 enqueued
[63.008s][info][gc,ref      ] GC(51) Phantom: 617 encountered, 465 discovered, 0 enqueued
[63.008s][info][gc,reloc    ] GC(51) Small Pages: 547 / 1094M, Empty: 78M, Relocated: 52M, In-Place: 0
[63.008s][info][gc,reloc    ] GC(51) Medium Pages: 2 / 64M, Empty: 0M, Relocated: 11M, In-Place: 0
[63.008s][info][gc,reloc    ] GC(51) Large Pages: 8 / 64M, Empty: 24M, Relocated: 0M, In-Place: 0
[63.008s][info][gc,reloc    ] GC(51) Forwarding Usage: 53M
[63.008s][info][gc,heap     ] GC(51) Min Capacity: 8M(0%)
[63.008s][info][gc,heap     ] GC(51) Max Capacity: 4096M(100%)
[63.008s][info][gc,heap     ] GC(51) Soft Max Capacity: 4096M(100%)
[63.008s][info][gc,heap     ] GC(51)                Mark Start          Mark End        Relocate Start      Relocate End           High               Low         
[63.008s][info][gc,heap     ] GC(51)  Capacity:     3932M (96%)        3932M (96%)        3932M (96%)        3932M (96%)        3932M (96%)        3932M (96%)    
[63.008s][info][gc,heap     ] GC(51)      Free:     2874M (70%)        2836M (69%)        2938M (72%)        3692M (90%)        3692M (90%)        2836M (69%)    
[63.009s][info][gc,heap     ] GC(51)      Used:     1222M (30%)        1260M (31%)        1158M (28%)         404M (10%)        1260M (31%)         404M (10%)    
[63.009s][info][gc,heap     ] GC(51)      Live:         -               304M (7%)          304M (7%)          304M (7%)             -                  -          
[63.009s][info][gc,heap     ] GC(51) Allocated:         -                38M (1%)           38M (1%)           37M (1%)             -                  -          
[63.009s][info][gc,heap     ] GC(51)   Garbage:         -               917M (22%)         815M (20%)          62M (2%)             -                  -          
[63.009s][info][gc,heap     ] GC(51) Reclaimed:         -                  -               102M (2%)          855M (21%)            -                  -          
[63.009s][info][gc          ] GC(51) Garbage Collection (Allocation Rate) 1222M(30%)->404M(10%)
[64.956s][info][gc,start    ] GC(52) Garbage Collection (Allocation Rate)
[64.956s][info][gc,task     ] GC(52) Using 5 workers
[64.956s][info][gc,phases   ] GC(52) Pause Mark Start 0.013ms
[65.175s][info][gc,phases   ] GC(52) Concurrent Mark 218.133ms
[65.175s][info][gc,phases   ] GC(52) Pause Mark End 0.030ms
[65.175s][info][gc,phases   ] GC(52) Concurrent Mark Free 0.001ms
[65.181s][info][gc,phases   ] GC(52) Concurrent Process Non-Strong References 5.735ms
[65.181s][info][gc,phases   ] GC(52) Concurrent Reset Relocation Set 0.080ms
[65.187s][info][gc,phases   ] GC(52) Concurrent Select Relocation Set 5.439ms
[65.187s][info][gc,phases   ] GC(52) Pause Relocate Start 0.011ms
[65.243s][info][gc,phases   ] GC(52) Concurrent Relocate 55.864ms
[65.243s][info][gc,load     ] GC(52) Load: 0.00/0.00/0.00
[65.243s][info][gc,mmu      ] GC(52) MMU: 2ms/96.7%, 5ms/98.7%, 10ms/99.3%, 20ms/99.6%, 50ms/99.8%, 100ms/99.9%
[65.243s][info][gc,marking  ] GC(52) Mark: 4 stripe(s), 2 proactive flush(es), 1 terminate flush(es), 0 completion(s), 0 continuation(s) 
[65.243s][info][gc,marking  ] GC(52) Mark Stack Usage: 32M
[65.243s][info][gc,nmethod  ] GC(52) NMethods: 9492 registered, 1277 unregistered
[65.243s][info][gc,metaspace] GC(52) Metaspace: 65M used, 66M committed, 1088M reserved
[65.243s][info][gc,ref      ] GC(52) Soft: 4951 encountered, 0 discovered, 0 enqueued
[65.243s][info][gc,ref      ] GC(52) Weak: 6862 encountered, 1761 discovered, 279 enqueued
[65.243s][info][gc,ref      ] GC(52) Final: 126 encountered, 2 discovered, 0 enqueued
[65.243s][info][gc,ref      ] GC(52) Phantom: 617 encountered, 510 discovered, 0 enqueued
[65.243s][info][gc,reloc    ] GC(52) Small Pages: 1046 / 2092M, Empty: 1062M, Relocated: 55M, In-Place: 0
[65.243s][info][gc,reloc    ] GC(52) Medium Pages: 6 / 192M, Empty: 96M, Relocated: 18M, In-Place: 0
[65.243s][info][gc,reloc    ] GC(52) Large Pages: 24 / 160M, Empty: 148M, Relocated: 0M, In-Place: 0
[65.243s][info][gc,reloc    ] GC(52) Forwarding Usage: 51M
[65.243s][info][gc,heap     ] GC(52) Min Capacity: 8M(0%)
[65.243s][info][gc,heap     ] GC(52) Max Capacity: 4096M(100%)
[65.243s][info][gc,heap     ] GC(52) Soft Max Capacity: 4096M(100%)
[65.243s][info][gc,heap     ] GC(52)                Mark Start          Mark End        Relocate Start      Relocate End           High               Low         
[65.243s][info][gc,heap     ] GC(52)  Capacity:     3932M (96%)        3932M (96%)        3932M (96%)        3932M (96%)        3932M (96%)        3932M (96%)    
[65.243s][info][gc,heap     ] GC(52)      Free:     1652M (40%)        1362M (33%)        2640M (64%)        3378M (82%)        3378M (82%)        1354M (33%)    
[65.243s][info][gc,heap     ] GC(52)      Used:     2444M (60%)        2734M (67%)        1456M (36%)         718M (18%)        2742M (67%)         718M (18%)    
[65.243s][info][gc,heap     ] GC(52)      Live:         -               253M (6%)          253M (6%)          253M (6%)             -                  -          
[65.243s][info][gc,heap     ] GC(52) Allocated:         -               290M (7%)          318M (8%)          407M (10%)            -                  -          
[65.244s][info][gc,heap     ] GC(52)   Garbage:         -              2190M (53%)         884M (22%)          57M (1%)             -                  -          
[65.244s][info][gc,heap     ] GC(52) Reclaimed:         -                  -              1306M (32%)        2133M (52%)            -                  -          
[65.244s][info][gc          ] GC(52) Garbage Collection (Allocation Rate) 2444M(60%)->718M(18%)
[65.926s][info][gc,start    ] GC(53) Garbage Collection (System.gc())
[65.927s][info][gc,task     ] GC(53) Using 12 workers
[65.927s][info][gc,phases   ] GC(53) Pause Mark Start 0.016ms
[65.988s][info][gc,phases   ] GC(53) Concurrent Mark 60.908ms
[65.988s][info][gc,phases   ] GC(53) Pause Mark End 0.022ms
[65.988s][info][gc,phases   ] GC(53) Concurrent Mark Free 0.001ms
[65.990s][info][gc,phases   ] GC(53) Concurrent Process Non-Strong References 2.286ms
[65.990s][info][gc,phases   ] GC(53) Concurrent Reset Relocation Set 0.097ms
[66.004s][info][gc,phases   ] GC(53) Concurrent Select Relocation Set 13.566ms
[66.004s][info][gc,phases   ] GC(53) Pause Relocate Start 0.007ms
[66.007s][info][gc,phases   ] GC(53) Concurrent Relocate 2.957ms
[66.007s][info][gc,load     ] GC(53) Load: 0.00/0.00/0.00
[66.007s][info][gc,mmu      ] GC(53) MMU: 2ms/96.7%, 5ms/98.7%, 10ms/99.3%, 20ms/99.6%, 50ms/99.8%, 100ms/99.9%
[66.007s][info][gc,marking  ] GC(53) Mark: 8 stripe(s), 1 proactive flush(es), 1 terminate flush(es), 0 completion(s), 0 continuation(s) 
[66.007s][info][gc,marking  ] GC(53) Mark Stack Usage: 32M
[66.007s][info][gc,nmethod  ] GC(53) NMethods: 9509 registered, 1284 unregistered
[66.007s][info][gc,metaspace] GC(53) Metaspace: 65M used, 66M committed, 1088M reserved
[66.007s][info][gc,ref      ] GC(53) Soft: 4947 encountered, 0 discovered, 0 enqueued
[66.007s][info][gc,ref      ] GC(53) Weak: 6604 encountered, 1497 discovered, 198 enqueued
[66.007s][info][gc,ref      ] GC(53) Final: 126 encountered, 0 discovered, 0 enqueued
[66.007s][info][gc,ref      ] GC(53) Phantom: 617 encountered, 604 discovered, 0 enqueued
[66.007s][info][gc,reloc    ] GC(53) Small Pages: 652 / 1304M, Empty: 1048M, Relocated: 3M, In-Place: 0
[66.007s][info][gc,reloc    ] GC(53) Medium Pages: 6 / 192M, Empty: 160M, Relocated: 0M, In-Place: 0
[66.008s][info][gc,reloc    ] GC(53) Large Pages: 34 / 220M, Empty: 220M, Relocated: 0M, In-Place: 0
[66.008s][info][gc,reloc    ] GC(53) Forwarding Usage: 2M
[66.008s][info][gc,heap     ] GC(53) Min Capacity: 8M(0%)
[66.008s][info][gc,heap     ] GC(53) Max Capacity: 4096M(100%)
[66.008s][info][gc,heap     ] GC(53) Soft Max Capacity: 4096M(100%)
[66.008s][info][gc,heap     ] GC(53)                Mark Start          Mark End        Relocate Start      Relocate End           High               Low         
[66.008s][info][gc,heap     ] GC(53)  Capacity:     3932M (96%)        3932M (96%)        3932M (96%)        3932M (96%)        3932M (96%)        3932M (96%)    
[66.008s][info][gc,heap     ] GC(53)      Free:     2380M (58%)        2378M (58%)        3774M (92%)        3832M (94%)        3832M (94%)        2374M (58%)    
[66.008s][info][gc,heap     ] GC(53)      Used:     1716M (42%)        1718M (42%)         322M (8%)          264M (6%)         1722M (42%)         264M (6%)     
[66.008s][info][gc,heap     ] GC(53)      Live:         -               169M (4%)          169M (4%)          169M (4%)             -                  -          
[66.008s][info][gc,heap     ] GC(53) Allocated:         -                 2M (0%)           34M (1%)           34M (1%)             -                  -          
[66.008s][info][gc,heap     ] GC(53)   Garbage:         -              1546M (38%)         118M (3%)           60M (1%)             -                  -          
[66.008s][info][gc,heap     ] GC(53) Reclaimed:         -                  -              1428M (35%)        1486M (36%)            -                  -          
[66.008s][info][gc          ] GC(53) Garbage Collection (System.gc()) 1716M(42%)->264M(6%)
[66.958s][info][gc,start    ] GC(54) Garbage Collection (Allocation Rate)
[66.958s][info][gc,task     ] GC(54) Using 6 workers
[66.959s][info][gc,phases   ] GC(54) Pause Mark Start 0.017ms
[67.255s][info][gc,phases   ] GC(54) Concurrent Mark 296.379ms
[67.255s][info][gc,phases   ] GC(54) Pause Mark End 0.033ms
[67.255s][info][gc,phases   ] GC(54) Concurrent Mark Free 0.001ms
[67.260s][info][gc,phases   ] GC(54) Concurrent Process Non-Strong References 4.449ms
[67.260s][info][gc,phases   ] GC(54) Concurrent Reset Relocation Set 0.005ms
[67.314s][info][gc,phases   ] GC(54) Concurrent Select Relocation Set 54.423ms
[67.315s][info][gc,phases   ] GC(54) Pause Relocate Start 0.014ms
[67.415s][info][gc,phases   ] GC(54) Concurrent Relocate 100.277ms
[67.415s][info][gc,load     ] GC(54) Load: 0.00/0.00/0.00
[67.415s][info][gc,mmu      ] GC(54) MMU: 2ms/96.7%, 5ms/98.7%, 10ms/99.3%, 20ms/99.6%, 50ms/99.8%, 100ms/99.9%
[67.415s][info][gc,marking  ] GC(54) Mark: 4 stripe(s), 3 proactive flush(es), 1 terminate flush(es), 0 completion(s), 0 continuation(s) 
[67.415s][info][gc,marking  ] GC(54) Mark Stack Usage: 32M
[67.415s][info][gc,nmethod  ] GC(54) NMethods: 9531 registered, 1290 unregistered
[67.415s][info][gc,metaspace] GC(54) Metaspace: 65M used, 66M committed, 1088M reserved
[67.415s][info][gc,ref      ] GC(54) Soft: 4951 encountered, 0 discovered, 0 enqueued
[67.415s][info][gc,ref      ] GC(54) Weak: 6483 encountered, 1007 discovered, 24 enqueued
[67.415s][info][gc,ref      ] GC(54) Final: 126 encountered, 0 discovered, 0 enqueued
[67.415s][info][gc,ref      ] GC(54) Phantom: 617 encountered, 510 discovered, 0 enqueued
[67.415s][info][gc,reloc    ] GC(54) Small Pages: 1087 / 2174M, Empty: 0M, Relocated: 195M, In-Place: 0
[67.415s][info][gc,reloc    ] GC(54) Medium Pages: 2 / 64M, Empty: 32M, Relocated: 0M, In-Place: 0
[67.415s][info][gc,reloc    ] GC(54) Large Pages: 13 / 94M, Empty: 30M, Relocated: 0M, In-Place: 0
[67.415s][info][gc,reloc    ] GC(54) Forwarding Usage: 154M
[67.415s][info][gc,heap     ] GC(54) Min Capacity: 8M(0%)
[67.415s][info][gc,heap     ] GC(54) Max Capacity: 4096M(100%)
[67.415s][info][gc,heap     ] GC(54) Soft Max Capacity: 4096M(100%)
[67.415s][info][gc,heap     ] GC(54)                Mark Start          Mark End        Relocate Start      Relocate End           High               Low         
[67.415s][info][gc,heap     ] GC(54)  Capacity:     3932M (96%)        3932M (96%)        3932M (96%)        3932M (96%)        3932M (96%)        3932M (96%)    
[67.415s][info][gc,heap     ] GC(54)      Free:     1764M (43%)        1550M (38%)        1612M (39%)        3414M (83%)        3414M (83%)        1550M (38%)    
[67.415s][info][gc,heap     ] GC(54)      Used:     2332M (57%)        2546M (62%)        2484M (61%)         682M (17%)        2546M (62%)         682M (17%)    
[67.415s][info][gc,heap     ] GC(54)      Live:         -               424M (10%)         424M (10%)         424M (10%)            -                  -          
[67.415s][info][gc,heap     ] GC(54) Allocated:         -               214M (5%)          214M (5%)          213M (5%)             -                  -          
[67.415s][info][gc,heap     ] GC(54)   Garbage:         -              1907M (47%)        1845M (45%)          44M (1%)             -                  -          
[67.415s][info][gc,heap     ] GC(54) Reclaimed:         -                  -                62M (2%)         1863M (45%)            -                  -          
[67.415s][info][gc          ] GC(54) Garbage Collection (Allocation Rate) 2332M(57%)->682M(17%)
[67.646s][info][gc,start    ] GC(55) Garbage Collection (Allocation Rate)
[67.646s][info][gc,task     ] GC(55) Using 6 workers
[67.646s][info][gc,phases   ] GC(55) Pause Mark Start 0.014ms
[67.860s][info][gc,phases   ] GC(55) Concurrent Mark 214.344ms
[67.861s][info][gc,phases   ] GC(55) Pause Mark End 0.030ms
[67.861s][info][gc,phases   ] GC(55) Concurrent Mark Free 0.000ms
[67.864s][info][gc,phases   ] GC(55) Concurrent Process Non-Strong References 3.641ms
[67.865s][info][gc,phases   ] GC(55) Concurrent Reset Relocation Set 0.182ms
[67.882s][info][gc,phases   ] GC(55) Concurrent Select Relocation Set 17.374ms
[67.882s][info][gc,phases   ] GC(55) Pause Relocate Start 0.009ms
[67.907s][info][gc,phases   ] GC(55) Concurrent Relocate 24.976ms
[67.907s][info][gc,load     ] GC(55) Load: 0.00/0.00/0.00
[67.907s][info][gc,mmu      ] GC(55) MMU: 2ms/96.7%, 5ms/98.7%, 10ms/99.3%, 20ms/99.6%, 50ms/99.8%, 100ms/99.9%
[67.907s][info][gc,marking  ] GC(55) Mark: 4 stripe(s), 2 proactive flush(es), 1 terminate flush(es), 0 completion(s), 0 continuation(s) 
[67.907s][info][gc,marking  ] GC(55) Mark Stack Usage: 32M
[67.907s][info][gc,nmethod  ] GC(55) NMethods: 9560 registered, 1292 unregistered
[67.907s][info][gc,metaspace] GC(55) Metaspace: 65M used, 66M committed, 1088M reserved
[67.907s][info][gc,ref      ] GC(55) Soft: 4951 encountered, 0 discovered, 0 enqueued
[67.907s][info][gc,ref      ] GC(55) Weak: 6598 encountered, 1983 discovered, 0 enqueued
[67.907s][info][gc,ref      ] GC(55) Final: 126 encountered, 0 discovered, 0 enqueued
[67.907s][info][gc,ref      ] GC(55) Phantom: 619 encountered, 443 discovered, 0 enqueued
[67.908s][info][gc,reloc    ] GC(55) Small Pages: 281 / 562M, Empty: 86M, Relocated: 22M, In-Place: 0
[67.908s][info][gc,reloc    ] GC(55) Medium Pages: 2 / 64M, Empty: 0M, Relocated: 12M, In-Place: 0
[67.908s][info][gc,reloc    ] GC(55) Large Pages: 8 / 64M, Empty: 24M, Relocated: 0M, In-Place: 0
[67.908s][info][gc,reloc    ] GC(55) Forwarding Usage: 19M
[67.908s][info][gc,heap     ] GC(55) Min Capacity: 8M(0%)
[67.908s][info][gc,heap     ] GC(55) Max Capacity: 4096M(100%)
[67.908s][info][gc,heap     ] GC(55) Soft Max Capacity: 4096M(100%)
[67.908s][info][gc,heap     ] GC(55)                Mark Start          Mark End        Relocate Start      Relocate End           High               Low         
[67.908s][info][gc,heap     ] GC(55)  Capacity:     3932M (96%)        3932M (96%)        3932M (96%)        3932M (96%)        3932M (96%)        3932M (96%)    
[67.908s][info][gc,heap     ] GC(55)      Free:     3406M (83%)        3324M (81%)        3366M (82%)        3546M (87%)        3552M (87%)        3310M (81%)    
[67.908s][info][gc,heap     ] GC(55)      Used:      690M (17%)         772M (19%)         730M (18%)         550M (13%)         786M (19%)         544M (13%)    
[67.908s][info][gc,heap     ] GC(55)      Live:         -               310M (8%)          310M (8%)          310M (8%)             -                  -          
[67.908s][info][gc,heap     ] GC(55) Allocated:         -                82M (2%)          150M (4%)          185M (5%)             -                  -          
[67.908s][info][gc,heap     ] GC(55)   Garbage:         -               379M (9%)          269M (7%)           53M (1%)             -                  -          
[67.908s][info][gc,heap     ] GC(55) Reclaimed:         -                  -               110M (3%)          325M (8%)             -                  -          
[67.908s][info][gc          ] GC(55) Garbage Collection (Allocation Rate) 690M(17%)->550M(13%)
[68.657s][info][gc,start    ] GC(56) Garbage Collection (Allocation Rate)
[68.657s][info][gc,task     ] GC(56) Using 7 workers
[68.657s][info][gc,phases   ] GC(56) Pause Mark Start 0.012ms
[68.876s][info][gc,phases   ] GC(56) Concurrent Mark 218.281ms
[68.876s][info][gc,phases   ] GC(56) Pause Mark End 0.019ms
[68.876s][info][gc,phases   ] GC(56) Concurrent Mark Free 0.001ms
[68.879s][info][gc,phases   ] GC(56) Concurrent Process Non-Strong References 3.167ms
[68.879s][info][gc,phases   ] GC(56) Concurrent Reset Relocation Set 0.019ms
[68.922s][info][gc,phases   ] GC(56) Concurrent Select Relocation Set 43.015ms
[68.922s][info][gc,phases   ] GC(56) Pause Relocate Start 0.009ms
[68.986s][info][gc,phases   ] GC(56) Concurrent Relocate 63.656ms
[68.986s][info][gc,load     ] GC(56) Load: 0.00/0.00/0.00
[68.986s][info][gc,mmu      ] GC(56) MMU: 2ms/96.7%, 5ms/98.7%, 10ms/99.3%, 20ms/99.6%, 50ms/99.8%, 100ms/99.9%
[68.986s][info][gc,marking  ] GC(56) Mark: 4 stripe(s), 2 proactive flush(es), 1 terminate flush(es), 0 completion(s), 0 continuation(s) 
[68.986s][info][gc,marking  ] GC(56) Mark Stack Usage: 32M
[68.986s][info][gc,nmethod  ] GC(56) NMethods: 9553 registered, 1299 unregistered
[68.986s][info][gc,metaspace] GC(56) Metaspace: 65M used, 66M committed, 1088M reserved
[68.986s][info][gc,ref      ] GC(56) Soft: 4955 encountered, 0 discovered, 0 enqueued
[68.986s][info][gc,ref      ] GC(56) Weak: 6682 encountered, 1075 discovered, 90 enqueued
[68.986s][info][gc,ref      ] GC(56) Final: 126 encountered, 0 discovered, 0 enqueued
[68.986s][info][gc,ref      ] GC(56) Phantom: 617 encountered, 472 discovered, 0 enqueued
[68.986s][info][gc,reloc    ] GC(56) Small Pages: 846 / 1692M, Empty: 162M, Relocated: 150M, In-Place: 0
[68.986s][info][gc,reloc    ] GC(56) Medium Pages: 3 / 96M, Empty: 64M, Relocated: 0M, In-Place: 0
[68.986s][info][gc,reloc    ] GC(56) Large Pages: 21 / 158M, Empty: 88M, Relocated: 0M, In-Place: 0
[68.986s][info][gc,reloc    ] GC(56) Forwarding Usage: 101M
[68.986s][info][gc,heap     ] GC(56) Min Capacity: 8M(0%)
[68.986s][info][gc,heap     ] GC(56) Max Capacity: 4096M(100%)
[68.986s][info][gc,heap     ] GC(56) Soft Max Capacity: 4096M(100%)
[68.986s][info][gc,heap     ] GC(56)                Mark Start          Mark End        Relocate Start      Relocate End           High               Low         
[68.986s][info][gc,heap     ] GC(56)  Capacity:     3932M (96%)        3932M (96%)        3932M (96%)        3932M (96%)        3932M (96%)        3932M (96%)    
[68.986s][info][gc,heap     ] GC(56)      Free:     2150M (52%)        1724M (42%)        1926M (47%)        3032M (74%)        3032M (74%)        1718M (42%)    
[68.986s][info][gc,heap     ] GC(56)      Used:     1946M (48%)        2372M (58%)        2170M (53%)        1064M (26%)        2378M (58%)        1064M (26%)    
[68.986s][info][gc,heap     ] GC(56)      Live:         -               393M (10%)         393M (10%)         393M (10%)            -                  -          
[68.986s][info][gc,heap     ] GC(56) Allocated:         -               426M (10%)         538M (13%)         617M (15%)            -                  -          
[68.986s][info][gc,heap     ] GC(56)   Garbage:         -              1552M (38%)        1238M (30%)          52M (1%)             -                  -          
[68.986s][info][gc,heap     ] GC(56) Reclaimed:         -                  -               314M (8%)         1499M (37%)            -                  -          
[68.986s][info][gc          ] GC(56) Garbage Collection (Allocation Rate) 1946M(48%)->1064M(26%)
[69.048s][info][gc,start    ] GC(57) Garbage Collection (Allocation Rate)
[69.048s][info][gc,task     ] GC(57) Using 7 workers
[69.048s][info][gc,phases   ] GC(57) Pause Mark Start 0.017ms
[69.312s][info][gc,phases   ] GC(57) Concurrent Mark 263.585ms
[69.312s][info][gc,phases   ] GC(57) Pause Mark End 0.032ms
[69.312s][info][gc,phases   ] GC(57) Concurrent Mark Free 0.001ms
[69.315s][info][gc,phases   ] GC(57) Concurrent Process Non-Strong References 3.420ms
[69.315s][info][gc,phases   ] GC(57) Concurrent Reset Relocation Set 0.124ms
[69.328s][info][gc,phases   ] GC(57) Concurrent Select Relocation Set 12.641ms
[69.328s][info][gc,phases   ] GC(57) Pause Relocate Start 0.011ms
[69.368s][info][gc,phases   ] GC(57) Concurrent Relocate 39.467ms
[69.368s][info][gc,load     ] GC(57) Load: 0.00/0.00/0.00
[69.368s][info][gc,mmu      ] GC(57) MMU: 2ms/96.7%, 5ms/98.7%, 10ms/99.3%, 20ms/99.6%, 50ms/99.8%, 100ms/99.9%
[69.368s][info][gc,marking  ] GC(57) Mark: 4 stripe(s), 2 proactive flush(es), 1 terminate flush(es), 0 completion(s), 0 continuation(s) 
[69.368s][info][gc,marking  ] GC(57) Mark Stack Usage: 32M
[69.368s][info][gc,nmethod  ] GC(57) NMethods: 9553 registered, 1299 unregistered
[69.368s][info][gc,metaspace] GC(57) Metaspace: 65M used, 66M committed, 1088M reserved
[69.368s][info][gc,ref      ] GC(57) Soft: 4955 encountered, 0 discovered, 0 enqueued
[69.368s][info][gc,ref      ] GC(57) Weak: 6595 encountered, 1570 discovered, 79 enqueued
[69.368s][info][gc,ref      ] GC(57) Final: 126 encountered, 2 discovered, 0 enqueued
[69.368s][info][gc,ref      ] GC(57) Phantom: 617 encountered, 352 discovered, 0 enqueued
[69.368s][info][gc,reloc    ] GC(57) Small Pages: 534 / 1068M, Empty: 6M, Relocated: 59M, In-Place: 0
[69.368s][info][gc,reloc    ] GC(57) Medium Pages: 1 / 32M, Empty: 0M, Relocated: 0M, In-Place: 0
[69.369s][info][gc,reloc    ] GC(57) Large Pages: 9 / 70M, Empty: 12M, Relocated: 0M, In-Place: 0
[69.369s][info][gc,reloc    ] GC(57) Forwarding Usage: 53M
[69.369s][info][gc,heap     ] GC(57) Min Capacity: 8M(0%)
[69.369s][info][gc,heap     ] GC(57) Max Capacity: 4096M(100%)
[69.369s][info][gc,heap     ] GC(57) Soft Max Capacity: 4096M(100%)
[69.369s][info][gc,heap     ] GC(57)                Mark Start          Mark End        Relocate Start      Relocate End           High               Low         
[69.369s][info][gc,heap     ] GC(57)  Capacity:     3932M (96%)        3932M (96%)        3932M (96%)        3932M (96%)        3932M (96%)        3932M (96%)    
[69.369s][info][gc,heap     ] GC(57)      Free:     2926M (71%)        2758M (67%)        2776M (68%)        3472M (85%)        3472M (85%)        2758M (67%)    
[69.369s][info][gc,heap     ] GC(57)      Used:     1170M (29%)        1338M (33%)        1320M (32%)         624M (15%)        1338M (33%)         624M (15%)    
[69.369s][info][gc,heap     ] GC(57)      Live:         -               390M (10%)         390M (10%)         390M (10%)            -                  -          
[69.369s][info][gc,heap     ] GC(57) Allocated:         -               168M (4%)          168M (4%)          166M (4%)             -                  -          
[69.369s][info][gc,heap     ] GC(57)   Garbage:         -               779M (19%)         761M (19%)          67M (2%)             -                  -          
[69.369s][info][gc,heap     ] GC(57) Reclaimed:         -                  -                18M (0%)          712M (17%)            -                  -          
[69.369s][info][gc          ] GC(57) Garbage Collection (Allocation Rate) 1170M(29%)->624M(15%)
[70.148s][info][gc,stats    ] === Garbage Collection Statistics =======================================================================================================================
[70.148s][info][gc,stats    ]                                                              Last 10s              Last 10m              Last 10h                Total
[70.148s][info][gc,stats    ]                                                              Avg / Max             Avg / Max             Avg / Max             Avg / Max
[70.148s][info][gc,stats    ]   Collector: Garbage Collection Cycle                    319.044 / 534.137     313.745 / 2470.825    313.745 / 2470.825    313.745 / 2470.825    ms
[70.148s][info][gc,stats    ]  Contention: Mark Segment Reset Contention                    15 / 36               11 / 255              11 / 255              11 / 255         ops/s
[70.148s][info][gc,stats    ]  Contention: Mark SeqNum Reset Contention                      0 / 2                 0 / 3                 0 / 3                 0 / 3           ops/s
[70.148s][info][gc,stats    ]    Critical: Allocation Stall                                  0 / 0                 0 / 0                 0 / 0                 0 / 0           ops/s
[70.148s][info][gc,stats    ]    Critical: Allocation Stall                              0.000 / 0.000         0.000 / 0.000         0.000 / 0.000         0.000 / 0.000       ms
[70.148s][info][gc,stats    ]    Critical: GC Locker Stall                                   0 / 0                 0 / 0                 0 / 0                 0 / 0           ops/s
[70.148s][info][gc,stats    ]    Critical: GC Locker Stall                               0.000 / 0.000         0.000 / 0.000         0.000 / 0.000         0.000 / 0.000       ms
[70.148s][info][gc,stats    ]    Critical: Relocation Stall                                  0 / 0                 0 / 0                 0 / 0                 0 / 0           ops/s
[70.148s][info][gc,stats    ]    Critical: Relocation Stall                              0.000 / 0.000         0.000 / 0.000         0.000 / 0.000         0.000 / 0.000       ms
[70.149s][info][gc,stats    ]      Memory: Allocation Rate                                1221 / 2056           1029 / 3096           1029 / 3096           1029 / 3096        MB/s
[70.149s][info][gc,stats    ]      Memory: Defragment                                        0 / 0                 0 / 2                 0 / 2                 0 / 2           ops/s
[70.149s][info][gc,stats    ]      Memory: Out Of Memory                                     0 / 0                 0 / 0                 0 / 0                 0 / 0           ops/s
[70.149s][info][gc,stats    ]      Memory: Page Cache Flush                                  0 / 0                 0 / 4                 0 / 4                 0 / 4           MB/s
[70.149s][info][gc,stats    ]      Memory: Page Cache Hit L1                               604 / 988             474 / 1402            474 / 1402            474 / 1402        ops/s
[70.149s][info][gc,stats    ]      Memory: Page Cache Hit L2                                 0 / 0                 0 / 0                 0 / 0                 0 / 0           ops/s
[70.149s][info][gc,stats    ]      Memory: Page Cache Hit L3                                 0 / 2                14 / 286              14 / 286              14 / 286         ops/s
[70.149s][info][gc,stats    ]      Memory: Page Cache Miss                                   0 / 0                10 / 558              10 / 558              10 / 558         ops/s
[70.149s][info][gc,stats    ]      Memory: Uncommit                                          0 / 0                 0 / 0                 0 / 0                 0 / 0           MB/s
[70.149s][info][gc,stats    ]      Memory: Undo Object Allocation Failed                     0 / 0                 0 / 0                 0 / 0                 0 / 0           ops/s
[70.149s][info][gc,stats    ]      Memory: Undo Object Allocation Succeeded                  1 / 4                24 / 1568             24 / 1568             24 / 1568        ops/s
[70.149s][info][gc,stats    ]      Memory: Undo Page Allocation                              0 / 0                 0 / 3                 0 / 3                 0 / 3           ops/s
[70.149s][info][gc,stats    ]       Phase: Concurrent Mark                             234.699 / 358.870     223.698 / 1600.769    223.698 / 1600.769    223.698 / 1600.769    ms
[70.149s][info][gc,stats    ]       Phase: Concurrent Mark Continue                      0.000 / 0.000         0.000 / 0.000         0.000 / 0.000         0.000 / 0.000       ms
[70.149s][info][gc,stats    ]       Phase: Concurrent Mark Free                          0.001 / 0.001         0.008 / 0.412         0.008 / 0.412         0.008 / 0.412       ms
[70.149s][info][gc,stats    ]       Phase: Concurrent Process Non-Strong References      4.335 / 6.605         5.519 / 35.438        5.519 / 35.438        5.519 / 35.438      ms
[70.149s][info][gc,stats    ]       Phase: Concurrent Relocate                          54.411 / 126.413      55.248 / 702.452      55.248 / 702.452      55.248 / 702.452     ms
[70.149s][info][gc,stats    ]       Phase: Concurrent Reset Relocation Set               0.083 / 0.182         0.071 / 0.246         0.071 / 0.246         0.071 / 0.246       ms
[70.149s][info][gc,stats    ]       Phase: Concurrent Select Relocation Set             24.338 / 54.423       28.023 / 130.936      28.023 / 130.936      28.023 / 130.936     ms
[70.149s][info][gc,stats    ]       Phase: Pause Mark End                                0.030 / 0.036         0.028 / 0.067         0.028 / 0.067         0.028 / 0.067       ms
[70.149s][info][gc,stats    ]       Phase: Pause Mark Start                              0.015 / 0.017         0.014 / 0.019         0.014 / 0.019         0.014 / 0.019       ms
[70.149s][info][gc,stats    ]       Phase: Pause Relocate Start                          0.010 / 0.014         0.010 / 0.014         0.010 / 0.014         0.010 / 0.014       ms
[70.149s][info][gc,stats    ]    Subphase: Concurrent Classes Purge                      0.029 / 0.083         0.188 / 1.289         0.188 / 1.289         0.188 / 1.289       ms
[70.149s][info][gc,stats    ]    Subphase: Concurrent Classes Unlink                     3.553 / 5.588         4.280 / 29.134        4.280 / 29.134        4.280 / 29.134      ms
[70.149s][info][gc,stats    ]    Subphase: Concurrent Mark                             203.788 / 350.047     160.210 / 1589.527    160.210 / 1589.527    160.210 / 1589.527    ms
[70.150s][info][gc,stats    ]    Subphase: Concurrent Mark Try Flush                     0.179 / 0.332         0.214 / 16.605        0.214 / 16.605        0.214 / 16.605      ms
[70.150s][info][gc,stats    ]    Subphase: Concurrent Mark Try Terminate                 7.417 / 16.459       10.987 / 16.803       10.987 / 16.803       10.987 / 16.803      ms
[70.150s][info][gc,stats    ]    Subphase: Concurrent References Enqueue                 0.002 / 0.004         0.003 / 0.005         0.003 / 0.005         0.003 / 0.005       ms
[70.150s][info][gc,stats    ]    Subphase: Concurrent References Process                 0.120 / 0.185         0.132 / 0.308         0.132 / 0.308         0.132 / 0.308       ms
[70.150s][info][gc,stats    ]    Subphase: Concurrent Roots ClassLoaderDataGraph         0.124 / 0.659         0.112 / 0.947         0.112 / 0.947         0.112 / 0.947       ms
[70.150s][info][gc,stats    ]    Subphase: Concurrent Roots CodeCache                    0.000 / 0.000         0.000 / 0.000         0.000 / 0.000         0.000 / 0.000       ms
[70.150s][info][gc,stats    ]    Subphase: Concurrent Roots JavaThreads                  7.431 / 12.723        6.642 / 17.424        6.642 / 17.424        6.642 / 17.424      ms
[70.150s][info][gc,stats    ]    Subphase: Concurrent Roots OopStorageSet                0.044 / 0.080         0.039 / 0.272         0.039 / 0.272         0.039 / 0.272       ms
[70.150s][info][gc,stats    ]    Subphase: Concurrent Weak Roots OopStorageSet           0.345 / 0.718         0.330 / 4.541         0.330 / 4.541         0.330 / 4.541       ms
[70.150s][info][gc,stats    ]    Subphase: Pause Mark Try Complete                       0.000 / 0.000         0.001 / 0.006         0.001 / 0.006         0.001 / 0.006       ms
[70.150s][info][gc,stats    ]      System: Java Threads                                    276 / 278             201 / 281             201 / 281             201 / 281         threads
[70.150s][info][gc,stats    ] =========================================================================================================================================================
[71.348s][info][gc,start    ] GC(58) Garbage Collection (Allocation Rate)
[71.348s][info][gc,task     ] GC(58) Using 4 workers
[71.348s][info][gc,phases   ] GC(58) Pause Mark Start 0.012ms
[71.634s][info][gc,phases   ] GC(58) Concurrent Mark 285.740ms
[71.634s][info][gc,phases   ] GC(58) Pause Mark End 0.029ms
[71.634s][info][gc,phases   ] GC(58) Concurrent Mark Free 0.001ms
[71.641s][info][gc,phases   ] GC(58) Concurrent Process Non-Strong References 6.842ms
[71.641s][info][gc,phases   ] GC(58) Concurrent Reset Relocation Set 0.096ms
[71.705s][info][gc,phases   ] GC(58) Concurrent Select Relocation Set 63.632ms
[71.705s][info][gc,phases   ] GC(58) Pause Relocate Start 0.014ms
[71.789s][info][gc,phases   ] GC(58) Concurrent Relocate 83.499ms
[71.789s][info][gc,load     ] GC(58) Load: 0.00/0.00/0.00
[71.789s][info][gc,mmu      ] GC(58) MMU: 2ms/96.7%, 5ms/98.7%, 10ms/99.3%, 20ms/99.6%, 50ms/99.8%, 100ms/99.9%
[71.789s][info][gc,marking  ] GC(58) Mark: 4 stripe(s), 2 proactive flush(es), 1 terminate flush(es), 0 completion(s), 0 continuation(s) 
[71.789s][info][gc,marking  ] GC(58) Mark Stack Usage: 32M
[71.789s][info][gc,nmethod  ] GC(58) NMethods: 9787 registered, 1325 unregistered
[71.789s][info][gc,metaspace] GC(58) Metaspace: 65M used, 66M committed, 1088M reserved
[71.789s][info][gc,ref      ] GC(58) Soft: 4951 encountered, 0 discovered, 0 enqueued
[71.789s][info][gc,ref      ] GC(58) Weak: 6882 encountered, 3470 discovered, 283 enqueued
[71.789s][info][gc,ref      ] GC(58) Final: 126 encountered, 20 discovered, 0 enqueued
[71.789s][info][gc,ref      ] GC(58) Phantom: 617 encountered, 344 discovered, 0 enqueued
[71.789s][info][gc,reloc    ] GC(58) Small Pages: 1129 / 2258M, Empty: 1200M, Relocated: 78M, In-Place: 0
[71.789s][info][gc,reloc    ] GC(58) Medium Pages: 5 / 160M, Empty: 64M, Relocated: 14M, In-Place: 0
[71.789s][info][gc,reloc    ] GC(58) Large Pages: 27 / 178M, Empty: 154M, Relocated: 0M, In-Place: 0
[71.789s][info][gc,reloc    ] GC(58) Forwarding Usage: 74M
[71.789s][info][gc,heap     ] GC(58) Min Capacity: 8M(0%)
[71.789s][info][gc,heap     ] GC(58) Max Capacity: 4096M(100%)
[71.789s][info][gc,heap     ] GC(58) Soft Max Capacity: 4096M(100%)
[71.789s][info][gc,heap     ] GC(58)                Mark Start          Mark End        Relocate Start      Relocate End           High               Low         
[71.789s][info][gc,heap     ] GC(58)  Capacity:     3932M (96%)        3932M (96%)        3932M (96%)        3932M (96%)        3932M (96%)        3932M (96%)    
[71.789s][info][gc,heap     ] GC(58)      Free:     1500M (37%)        1318M (32%)        2696M (66%)        3462M (85%)        3462M (85%)        1318M (32%)    
[71.789s][info][gc,heap     ] GC(58)      Used:     2596M (63%)        2778M (68%)        1400M (34%)         634M (15%)        2778M (68%)         634M (15%)    
[71.789s][info][gc,heap     ] GC(58)      Live:         -               270M (7%)          270M (7%)          270M (7%)             -                  -          
[71.789s][info][gc,heap     ] GC(58) Allocated:         -               182M (4%)          222M (5%)          325M (8%)             -                  -          
[71.789s][info][gc,heap     ] GC(58)   Garbage:         -              2325M (57%)         907M (22%)          37M (1%)             -                  -          
[71.789s][info][gc,heap     ] GC(58) Reclaimed:         -                  -              1418M (35%)        2287M (56%)            -                  -          
[71.789s][info][gc          ] GC(58) Garbage Collection (Allocation Rate) 2596M(63%)->634M(15%)
[72.057s][info][gc,start    ] GC(59) Garbage Collection (Allocation Rate)
[72.057s][info][gc,task     ] GC(59) Using 6 workers
[72.057s][info][gc,phases   ] GC(59) Pause Mark Start 0.016ms
[72.201s][info][gc,phases   ] GC(59) Concurrent Mark 143.687ms
[72.201s][info][gc,phases   ] GC(59) Pause Mark End 0.017ms
[72.201s][info][gc,phases   ] GC(59) Concurrent Mark Free 0.001ms
[72.206s][info][gc,phases   ] GC(59) Concurrent Process Non-Strong References 4.868ms
[72.206s][info][gc,phases   ] GC(59) Concurrent Reset Relocation Set 0.083ms
[72.213s][info][gc,phases   ] GC(59) Concurrent Select Relocation Set 7.512ms
[72.214s][info][gc,phases   ] GC(59) Pause Relocate Start 0.009ms
[72.251s][info][gc,phases   ] GC(59) Concurrent Relocate 37.379ms
[72.259s][info][gc,load     ] GC(59) Load: 0.00/0.00/0.00
[72.260s][info][gc,mmu      ] GC(59) MMU: 2ms/96.7%, 5ms/98.7%, 10ms/99.3%, 20ms/99.6%, 50ms/99.8%, 100ms/99.9%
[72.260s][info][gc,marking  ] GC(59) Mark: 4 stripe(s), 2 proactive flush(es), 1 terminate flush(es), 0 completion(s), 0 continuation(s) 
[72.260s][info][gc,marking  ] GC(59) Mark Stack Usage: 32M
[72.260s][info][gc,nmethod  ] GC(59) NMethods: 9843 registered, 1330 unregistered
[72.260s][info][gc,metaspace] GC(59) Metaspace: 65M used, 66M committed, 1088M reserved
[72.260s][info][gc,ref      ] GC(59) Soft: 4947 encountered, 0 discovered, 0 enqueued
[72.260s][info][gc,ref      ] GC(59) Weak: 6628 encountered, 2460 discovered, 114 enqueued
[72.260s][info][gc,ref      ] GC(59) Final: 126 encountered, 0 discovered, 0 enqueued
[72.260s][info][gc,ref      ] GC(59) Phantom: 617 encountered, 468 discovered, 0 enqueued
[72.260s][info][gc,reloc    ] GC(59) Small Pages: 401 / 802M, Empty: 196M, Relocated: 43M, In-Place: 0
[72.260s][info][gc,reloc    ] GC(59) Medium Pages: 7 / 224M, Empty: 192M, Relocated: 0M, In-Place: 0
[72.260s][info][gc,reloc    ] GC(59) Large Pages: 42 / 276M, Empty: 258M, Relocated: 0M, In-Place: 0
[72.260s][info][gc,reloc    ] GC(59) Forwarding Usage: 44M
[72.260s][info][gc,heap     ] GC(59) Min Capacity: 8M(0%)
[72.260s][info][gc,heap     ] GC(59) Max Capacity: 4096M(100%)
[72.260s][info][gc,heap     ] GC(59) Soft Max Capacity: 4096M(100%)
[72.260s][info][gc,heap     ] GC(59)                Mark Start          Mark End        Relocate Start      Relocate End           High               Low         
[72.260s][info][gc,heap     ] GC(59)  Capacity:     3932M (96%)        3932M (96%)        3932M (96%)        3932M (96%)        3932M (96%)        3932M (96%)    
[72.260s][info][gc,heap     ] GC(59)      Free:     2794M (68%)        2432M (59%)        3036M (74%)        3350M (82%)        3350M (82%)        2424M (59%)    
[72.260s][info][gc,heap     ] GC(59)      Used:     1302M (32%)        1664M (41%)        1060M (26%)         746M (18%)        1672M (41%)         746M (18%)    
[72.260s][info][gc,heap     ] GC(59)      Live:         -               251M (6%)          251M (6%)          251M (6%)             -                  -          
[72.260s][info][gc,heap     ] GC(59) Allocated:         -               362M (9%)          404M (10%)         445M (11%)            -                  -          
[72.260s][info][gc,heap     ] GC(59)   Garbage:         -              1050M (26%)         404M (10%)          48M (1%)             -                  -          
[72.260s][info][gc,heap     ] GC(59) Reclaimed:         -                  -               646M (16%)        1001M (24%)            -                  -          
[72.260s][info][gc          ] GC(59) Garbage Collection (Allocation Rate) 1302M(32%)->746M(18%)
[72.337s][info][gc,start    ] GC(60) Garbage Collection (System.gc())
[72.337s][info][gc,task     ] GC(60) Using 12 workers
[72.337s][info][gc,phases   ] GC(60) Pause Mark Start 0.015ms
[72.407s][info][gc,phases   ] GC(60) Concurrent Mark 69.974ms
[72.407s][info][gc,phases   ] GC(60) Pause Mark End 0.020ms
[72.407s][info][gc,phases   ] GC(60) Concurrent Mark Free 0.001ms
[72.410s][info][gc,phases   ] GC(60) Concurrent Process Non-Strong References 2.410ms
[72.410s][info][gc,phases   ] GC(60) Concurrent Reset Relocation Set 0.051ms
[72.421s][info][gc,phases   ] GC(60) Concurrent Select Relocation Set 11.449ms
[72.421s][info][gc,phases   ] GC(60) Pause Relocate Start 0.010ms
[72.424s][info][gc,phases   ] GC(60) Concurrent Relocate 2.727ms
[72.424s][info][gc,load     ] GC(60) Load: 0.00/0.00/0.00
[72.424s][info][gc,mmu      ] GC(60) MMU: 2ms/96.7%, 5ms/98.7%, 10ms/99.3%, 20ms/99.6%, 50ms/99.8%, 100ms/99.9%
[72.424s][info][gc,marking  ] GC(60) Mark: 8 stripe(s), 1 proactive flush(es), 1 terminate flush(es), 0 completion(s), 0 continuation(s) 
[72.424s][info][gc,marking  ] GC(60) Mark Stack Usage: 32M
[72.424s][info][gc,nmethod  ] GC(60) NMethods: 9843 registered, 1330 unregistered
[72.424s][info][gc,metaspace] GC(60) Metaspace: 65M used, 66M committed, 1088M reserved
[72.424s][info][gc,ref      ] GC(60) Soft: 4947 encountered, 0 discovered, 0 enqueued
[72.424s][info][gc,ref      ] GC(60) Weak: 6518 encountered, 817 discovered, 93 enqueued
[72.424s][info][gc,ref      ] GC(60) Final: 126 encountered, 1 discovered, 0 enqueued
[72.424s][info][gc,ref      ] GC(60) Phantom: 617 encountered, 484 discovered, 0 enqueued
[72.424s][info][gc,reloc    ] GC(60) Small Pages: 421 / 842M, Empty: 610M, Relocated: 3M, In-Place: 0
[72.424s][info][gc,reloc    ] GC(60) Medium Pages: 1 / 32M, Empty: 0M, Relocated: 0M, In-Place: 0
[72.424s][info][gc,reloc    ] GC(60) Large Pages: 4 / 24M, Empty: 24M, Relocated: 0M, In-Place: 0
[72.424s][info][gc,reloc    ] GC(60) Forwarding Usage: 2M
[72.424s][info][gc,heap     ] GC(60) Min Capacity: 8M(0%)
[72.424s][info][gc,heap     ] GC(60) Max Capacity: 4096M(100%)
[72.424s][info][gc,heap     ] GC(60) Soft Max Capacity: 4096M(100%)
[72.425s][info][gc,heap     ] GC(60)                Mark Start          Mark End        Relocate Start      Relocate End           High               Low         
[72.425s][info][gc,heap     ] GC(60)  Capacity:     3932M (96%)        3932M (96%)        3932M (96%)        3932M (96%)        3932M (96%)        3932M (96%)    
[72.425s][info][gc,heap     ] GC(60)      Free:     3198M (78%)        3198M (78%)        3814M (93%)        3848M (94%)        3848M (94%)        3196M (78%)    
[72.425s][info][gc,heap     ] GC(60)      Used:      898M (22%)         898M (22%)         282M (7%)          248M (6%)          900M (22%)         248M (6%)     
[72.425s][info][gc,heap     ] GC(60)      Live:         -               169M (4%)          169M (4%)          169M (4%)             -                  -          
[72.425s][info][gc,heap     ] GC(60) Allocated:         -                 0M (0%)           18M (0%)           18M (0%)             -                  -          
[72.425s][info][gc,heap     ] GC(60)   Garbage:         -               728M (18%)          94M (2%)           60M (1%)             -                  -          
[72.425s][info][gc,heap     ] GC(60) Reclaimed:         -                  -               634M (15%)         668M (16%)            -                  -          
[72.425s][info][gc          ] GC(60) Garbage Collection (System.gc()) 898M(22%)->248M(6%)
[73.247s][info][gc,start    ] GC(61) Garbage Collection (Allocation Rate)
[73.247s][info][gc,task     ] GC(61) Using 3 workers
[73.247s][info][gc,phases   ] GC(61) Pause Mark Start 0.012ms
[73.770s][info][gc,phases   ] GC(61) Concurrent Mark 522.846ms
[73.770s][info][gc,phases   ] GC(61) Pause Mark End 0.028ms
[73.771s][info][gc,phases   ] GC(61) Concurrent Mark Free 0.001ms
[73.778s][info][gc,phases   ] GC(61) Concurrent Process Non-Strong References 7.764ms
[73.778s][info][gc,phases   ] GC(61) Concurrent Reset Relocation Set 0.004ms
[73.833s][info][gc,phases   ] GC(61) Concurrent Select Relocation Set 54.090ms
[73.833s][info][gc,phases   ] GC(61) Pause Relocate Start 0.013ms
[74.005s][info][gc,phases   ] GC(61) Concurrent Relocate 172.469ms
[74.006s][info][gc,load     ] GC(61) Load: 0.00/0.00/0.00
[74.006s][info][gc,mmu      ] GC(61) MMU: 2ms/96.7%, 5ms/98.7%, 10ms/99.3%, 20ms/99.6%, 50ms/99.8%, 100ms/99.9%
[74.006s][info][gc,marking  ] GC(61) Mark: 2 stripe(s), 2 proactive flush(es), 1 terminate flush(es), 0 completion(s), 0 continuation(s) 
[74.006s][info][gc,marking  ] GC(61) Mark Stack Usage: 32M
[74.006s][info][gc,nmethod  ] GC(61) NMethods: 9891 registered, 1337 unregistered
[74.006s][info][gc,metaspace] GC(61) Metaspace: 65M used, 66M committed, 1088M reserved
[74.006s][info][gc,ref      ] GC(61) Soft: 4951 encountered, 0 discovered, 0 enqueued
[74.006s][info][gc,ref      ] GC(61) Weak: 6494 encountered, 2719 discovered, 16 enqueued
[74.006s][info][gc,ref      ] GC(61) Final: 126 encountered, 1 discovered, 0 enqueued
[74.006s][info][gc,ref      ] GC(61) Phantom: 617 encountered, 505 discovered, 0 enqueued
[74.006s][info][gc,reloc    ] GC(61) Small Pages: 926 / 1852M, Empty: 0M, Relocated: 178M, In-Place: 0
[74.006s][info][gc,reloc    ] GC(61) Medium Pages: 2 / 64M, Empty: 32M, Relocated: 0M, In-Place: 0
[74.006s][info][gc,reloc    ] GC(61) Large Pages: 13 / 94M, Empty: 30M, Relocated: 0M, In-Place: 0
[74.006s][info][gc,reloc    ] GC(61) Forwarding Usage: 133M
[74.006s][info][gc,heap     ] GC(61) Min Capacity: 8M(0%)
[74.006s][info][gc,heap     ] GC(61) Max Capacity: 4096M(100%)
[74.006s][info][gc,heap     ] GC(61) Soft Max Capacity: 4096M(100%)
[74.006s][info][gc,heap     ] GC(61)                Mark Start          Mark End        Relocate Start      Relocate End           High               Low         
[74.006s][info][gc,heap     ] GC(61)  Capacity:     3932M (96%)        3932M (96%)        3932M (96%)        3932M (96%)        3932M (96%)        3932M (96%)    
[74.006s][info][gc,heap     ] GC(61)      Free:     2086M (51%)        1558M (38%)        1620M (40%)        3110M (76%)        3110M (76%)        1558M (38%)    
[74.006s][info][gc,heap     ] GC(61)      Used:     2010M (49%)        2538M (62%)        2476M (60%)         986M (24%)        2538M (62%)         986M (24%)    
[74.006s][info][gc,heap     ] GC(61)      Live:         -               412M (10%)         412M (10%)         412M (10%)            -                  -          
[74.006s][info][gc,heap     ] GC(61) Allocated:         -               528M (13%)         528M (13%)         528M (13%)            -                  -          
[74.006s][info][gc,heap     ] GC(61)   Garbage:         -              1597M (39%)        1535M (37%)          44M (1%)             -                  -          
[74.006s][info][gc,heap     ] GC(61) Reclaimed:         -                  -                62M (2%)         1552M (38%)            -                  -          
[74.006s][info][gc          ] GC(61) Garbage Collection (Allocation Rate) 2010M(49%)->986M(24%)
[74.043s][info][gc,start    ] GC(62) Garbage Collection (Allocation Rate)
[74.043s][info][gc,task     ] GC(62) Using 6 workers
[74.044s][info][gc,phases   ] GC(62) Pause Mark Start 0.015ms
[74.288s][info][gc,phases   ] GC(62) Concurrent Mark 244.674ms
[74.289s][info][gc,phases   ] GC(62) Pause Mark End 0.037ms
[74.289s][info][gc,phases   ] GC(62) Concurrent Mark Free 0.001ms
[74.293s][info][gc,phases   ] GC(62) Concurrent Process Non-Strong References 4.560ms
[74.294s][info][gc,phases   ] GC(62) Concurrent Reset Relocation Set 0.184ms
[74.314s][info][gc,phases   ] GC(62) Concurrent Select Relocation Set 20.456ms
[74.314s][info][gc,phases   ] GC(62) Pause Relocate Start 0.011ms
[74.349s][info][gc,phases   ] GC(62) Concurrent Relocate 34.342ms
[74.349s][info][gc,load     ] GC(62) Load: 0.00/0.00/0.00
[74.349s][info][gc,mmu      ] GC(62) MMU: 2ms/96.7%, 5ms/98.7%, 10ms/99.3%, 20ms/99.6%, 50ms/99.8%, 100ms/99.9%
[74.349s][info][gc,marking  ] GC(62) Mark: 4 stripe(s), 10 proactive flush(es), 2 terminate flush(es), 0 completion(s), 0 continuation(s) 
[74.349s][info][gc,marking  ] GC(62) Mark Stack Usage: 32M
[74.349s][info][gc,nmethod  ] GC(62) NMethods: 9925 registered, 1337 unregistered
[74.349s][info][gc,metaspace] GC(62) Metaspace: 65M used, 66M committed, 1088M reserved
[74.349s][info][gc,ref      ] GC(62) Soft: 4951 encountered, 0 discovered, 0 enqueued
[74.349s][info][gc,ref      ] GC(62) Weak: 6478 encountered, 2010 discovered, 0 enqueued
[74.349s][info][gc,ref      ] GC(62) Final: 126 encountered, 0 discovered, 0 enqueued
[74.349s][info][gc,ref      ] GC(62) Phantom: 617 encountered, 508 discovered, 0 enqueued
[74.349s][info][gc,reloc    ] GC(62) Small Pages: 429 / 858M, Empty: 84M, Relocated: 33M, In-Place: 0
[74.349s][info][gc,reloc    ] GC(62) Medium Pages: 2 / 64M, Empty: 0M, Relocated: 21M, In-Place: 0
[74.349s][info][gc,reloc    ] GC(62) Large Pages: 8 / 64M, Empty: 24M, Relocated: 0M, In-Place: 0
[74.349s][info][gc,reloc    ] GC(62) Forwarding Usage: 34M
[74.349s][info][gc,heap     ] GC(62) Min Capacity: 8M(0%)
[74.349s][info][gc,heap     ] GC(62) Max Capacity: 4096M(100%)
[74.349s][info][gc,heap     ] GC(62) Soft Max Capacity: 4096M(100%)
[74.349s][info][gc,heap     ] GC(62)                Mark Start          Mark End        Relocate Start      Relocate End           High               Low         
[74.349s][info][gc,heap     ] GC(62)  Capacity:     3932M (96%)        3932M (96%)        3932M (96%)        3932M (96%)        3932M (96%)        3932M (96%)    
[74.349s][info][gc,heap     ] GC(62)      Free:     3110M (76%)        3030M (74%)        3128M (76%)        3618M (88%)        3624M (88%)        3022M (74%)    
[74.349s][info][gc,heap     ] GC(62)      Used:      986M (24%)        1066M (26%)         968M (24%)         478M (12%)        1074M (26%)         472M (12%)    
[74.349s][info][gc,heap     ] GC(62)      Live:         -               318M (8%)          318M (8%)          318M (8%)             -                  -          
[74.349s][info][gc,heap     ] GC(62) Allocated:         -                80M (2%)           90M (2%)          107M (3%)             -                  -          
[74.349s][info][gc,heap     ] GC(62)   Garbage:         -               667M (16%)         559M (14%)          51M (1%)             -                  -          
[74.349s][info][gc,heap     ] GC(62) Reclaimed:         -                  -               108M (3%)          615M (15%)            -                  -          
[74.349s][info][gc          ] GC(62) Garbage Collection (Allocation Rate) 986M(24%)->478M(12%)
[75.147s][info][gc,start    ] GC(63) Garbage Collection (Allocation Rate)
[75.147s][info][gc,task     ] GC(63) Using 7 workers
[75.148s][info][gc,phases   ] GC(63) Pause Mark Start 0.012ms
[75.354s][info][gc,phases   ] GC(63) Concurrent Mark 206.128ms
[75.354s][info][gc,phases   ] GC(63) Pause Mark End 0.033ms
[75.354s][info][gc,phases   ] GC(63) Concurrent Mark Free 0.001ms
[75.358s][info][gc,phases   ] GC(63) Concurrent Process Non-Strong References 3.819ms
[75.358s][info][gc,phases   ] GC(63) Concurrent Reset Relocation Set 0.057ms
[75.410s][info][gc,phases   ] GC(63) Concurrent Select Relocation Set 51.959ms
[75.410s][info][gc,phases   ] GC(63) Pause Relocate Start 0.009ms
[75.482s][info][gc,phases   ] GC(63) Concurrent Relocate 71.301ms
[75.482s][info][gc,load     ] GC(63) Load: 0.00/0.00/0.00
[75.482s][info][gc,mmu      ] GC(63) MMU: 2ms/96.7%, 5ms/98.7%, 10ms/99.3%, 20ms/99.6%, 50ms/99.8%, 100ms/99.9%
[75.482s][info][gc,marking  ] GC(63) Mark: 4 stripe(s), 2 proactive flush(es), 1 terminate flush(es), 0 completion(s), 0 continuation(s) 
[75.482s][info][gc,marking  ] GC(63) Mark Stack Usage: 32M
[75.482s][info][gc,nmethod  ] GC(63) NMethods: 9928 registered, 1348 unregistered
[75.482s][info][gc,metaspace] GC(63) Metaspace: 65M used, 66M committed, 1088M reserved
[75.482s][info][gc,ref      ] GC(63) Soft: 4955 encountered, 0 discovered, 0 enqueued
[75.482s][info][gc,ref      ] GC(63) Weak: 6701 encountered, 1602 discovered, 88 enqueued
[75.482s][info][gc,ref      ] GC(63) Final: 126 encountered, 1 discovered, 0 enqueued
[75.482s][info][gc,ref      ] GC(63) Phantom: 617 encountered, 507 discovered, 0 enqueued
[75.482s][info][gc,reloc    ] GC(63) Small Pages: 884 / 1768M, Empty: 182M, Relocated: 153M, In-Place: 0
[75.482s][info][gc,reloc    ] GC(63) Medium Pages: 3 / 96M, Empty: 64M, Relocated: 0M, In-Place: 0
[75.482s][info][gc,reloc    ] GC(63) Large Pages: 21 / 158M, Empty: 94M, Relocated: 0M, In-Place: 0
[75.482s][info][gc,reloc    ] GC(63) Forwarding Usage: 104M
[75.482s][info][gc,heap     ] GC(63) Min Capacity: 8M(0%)
[75.482s][info][gc,heap     ] GC(63) Max Capacity: 4096M(100%)
[75.482s][info][gc,heap     ] GC(63) Soft Max Capacity: 4096M(100%)
[75.482s][info][gc,heap     ] GC(63)                Mark Start          Mark End        Relocate Start      Relocate End           High               Low         
[75.482s][info][gc,heap     ] GC(63)  Capacity:     3932M (96%)        3932M (96%)        3932M (96%)        3932M (96%)        3932M (96%)        3932M (96%)    
[75.482s][info][gc,heap     ] GC(63)      Free:     2074M (51%)        1678M (41%)        1898M (46%)        3048M (74%)        3048M (74%)        1668M (41%)    
[75.482s][info][gc,heap     ] GC(63)      Used:     2022M (49%)        2418M (59%)        2198M (54%)        1048M (26%)        2428M (59%)        1048M (26%)    
[75.482s][info][gc,heap     ] GC(63)      Live:         -               391M (10%)         391M (10%)         391M (10%)            -                  -          
[75.482s][info][gc,heap     ] GC(63) Allocated:         -               396M (10%)         516M (13%)         604M (15%)            -                  -          
[75.482s][info][gc,heap     ] GC(63)   Garbage:         -              1630M (40%)        1290M (32%)          51M (1%)             -                  -          
[75.482s][info][gc,heap     ] GC(63) Reclaimed:         -                  -               340M (8%)         1578M (39%)            -                  -          
[75.483s][info][gc          ] GC(63) Garbage Collection (Allocation Rate) 2022M(49%)->1048M(26%)
[75.557s][info][gc,start    ] GC(64) Garbage Collection (Allocation Rate)
[75.557s][info][gc,task     ] GC(64) Using 7 workers
[75.557s][info][gc,phases   ] GC(64) Pause Mark Start 0.011ms
[75.830s][info][gc,phases   ] GC(64) Concurrent Mark 272.713ms
[75.830s][info][gc,phases   ] GC(64) Pause Mark End 0.025ms
[75.830s][info][gc,phases   ] GC(64) Concurrent Mark Free 0.001ms
[75.834s][info][gc,phases   ] GC(64) Concurrent Process Non-Strong References 3.354ms
[75.834s][info][gc,phases   ] GC(64) Concurrent Reset Relocation Set 0.122ms
[75.844s][info][gc,phases   ] GC(64) Concurrent Select Relocation Set 10.304ms
[75.844s][info][gc,phases   ] GC(64) Pause Relocate Start 0.009ms
[75.878s][info][gc,phases   ] GC(64) Concurrent Relocate 33.199ms
[75.878s][info][gc,load     ] GC(64) Load: 0.00/0.00/0.00
[75.878s][info][gc,mmu      ] GC(64) MMU: 2ms/96.7%, 5ms/98.7%, 10ms/99.3%, 20ms/99.6%, 50ms/99.8%, 100ms/99.9%
[75.878s][info][gc,marking  ] GC(64) Mark: 4 stripe(s), 2 proactive flush(es), 1 terminate flush(es), 0 completion(s), 0 continuation(s) 
[75.878s][info][gc,marking  ] GC(64) Mark Stack Usage: 32M
[75.878s][info][gc,nmethod  ] GC(64) NMethods: 9928 registered, 1348 unregistered
[75.878s][info][gc,metaspace] GC(64) Metaspace: 65M used, 66M committed, 1088M reserved
[75.878s][info][gc,ref      ] GC(64) Soft: 4955 encountered, 0 discovered, 0 enqueued
[75.878s][info][gc,ref      ] GC(64) Weak: 6615 encountered, 1412 discovered, 79 enqueued
[75.878s][info][gc,ref      ] GC(64) Final: 126 encountered, 1 discovered, 0 enqueued
[75.878s][info][gc,ref      ] GC(64) Phantom: 617 encountered, 468 discovered, 0 enqueued
[75.878s][info][gc,reloc    ] GC(64) Small Pages: 541 / 1082M, Empty: 0M, Relocated: 50M, In-Place: 0
[75.878s][info][gc,reloc    ] GC(64) Medium Pages: 1 / 32M, Empty: 0M, Relocated: 0M, In-Place: 0
[75.878s][info][gc,reloc    ] GC(64) Large Pages: 8 / 64M, Empty: 0M, Relocated: 0M, In-Place: 0
[75.878s][info][gc,reloc    ] GC(64) Forwarding Usage: 49M
[75.878s][info][gc,heap     ] GC(64) Min Capacity: 8M(0%)
[75.878s][info][gc,heap     ] GC(64) Max Capacity: 4096M(100%)
[75.878s][info][gc,heap     ] GC(64) Soft Max Capacity: 4096M(100%)
[75.878s][info][gc,heap     ] GC(64)                Mark Start          Mark End        Relocate Start      Relocate End           High               Low         
[75.878s][info][gc,heap     ] GC(64)  Capacity:     3932M (96%)        3932M (96%)        3932M (96%)        3932M (96%)        3932M (96%)        3932M (96%)    
[75.878s][info][gc,heap     ] GC(64)      Free:     2918M (71%)        2830M (69%)        2830M (69%)        3524M (86%)        3524M (86%)        2816M (69%)    
[75.878s][info][gc,heap     ] GC(64)      Used:     1178M (29%)        1266M (31%)        1266M (31%)         572M (14%)        1280M (31%)         572M (14%)    
[75.878s][info][gc,heap     ] GC(64)      Live:         -               424M (10%)         424M (10%)         424M (10%)            -                  -          
[75.878s][info][gc,heap     ] GC(64) Allocated:         -                88M (2%)           88M (2%)           86M (2%)             -                  -          
[75.878s][info][gc,heap     ] GC(64)   Garbage:         -               753M (18%)         753M (18%)          61M (1%)             -                  -          
[75.879s][info][gc,heap     ] GC(64) Reclaimed:         -                  -                 0M (0%)          692M (17%)            -                  -          
[75.879s][info][gc          ] GC(64) Garbage Collection (Allocation Rate) 1178M(29%)->572M(14%)
[77.543s][info][gc,start    ] GC(65) Garbage Collection (Allocation Rate)
[77.543s][info][gc,task     ] GC(65) Using 7 workers
[77.543s][info][gc,phases   ] GC(65) Pause Mark Start 0.013ms
[77.695s][info][gc,phases   ] GC(65) Concurrent Mark 151.824ms
[77.695s][info][gc,phases   ] GC(65) Pause Mark End 0.019ms
[77.696s][info][gc,phases   ] GC(65) Concurrent Mark Free 0.001ms
[77.699s][info][gc,phases   ] GC(65) Concurrent Process Non-Strong References 3.435ms
[77.699s][info][gc,phases   ] GC(65) Concurrent Reset Relocation Set 0.074ms
[77.751s][info][gc,phases   ] GC(65) Concurrent Select Relocation Set 51.612ms
[77.751s][info][gc,phases   ] GC(65) Pause Relocate Start 0.011ms
[77.803s][info][gc,phases   ] GC(65) Concurrent Relocate 51.943ms
[77.803s][info][gc,load     ] GC(65) Load: 0.00/0.00/0.00
[77.803s][info][gc,mmu      ] GC(65) MMU: 2ms/96.7%, 5ms/98.7%, 10ms/99.3%, 20ms/99.6%, 50ms/99.8%, 100ms/99.9%
[77.803s][info][gc,marking  ] GC(65) Mark: 4 stripe(s), 2 proactive flush(es), 1 terminate flush(es), 0 completion(s), 0 continuation(s) 
[77.803s][info][gc,marking  ] GC(65) Mark Stack Usage: 32M
[77.803s][info][gc,nmethod  ] GC(65) NMethods: 9990 registered, 1367 unregistered
[77.803s][info][gc,metaspace] GC(65) Metaspace: 65M used, 66M committed, 1088M reserved
[77.803s][info][gc,ref      ] GC(65) Soft: 4951 encountered, 0 discovered, 0 enqueued
[77.803s][info][gc,ref      ] GC(65) Weak: 6912 encountered, 1642 discovered, 284 enqueued
[77.803s][info][gc,ref      ] GC(65) Final: 126 encountered, 3 discovered, 0 enqueued
[77.803s][info][gc,ref      ] GC(65) Phantom: 617 encountered, 465 discovered, 0 enqueued
[77.803s][info][gc,reloc    ] GC(65) Small Pages: 1096 / 2192M, Empty: 1146M, Relocated: 78M, In-Place: 0
[77.803s][info][gc,reloc    ] GC(65) Medium Pages: 4 / 128M, Empty: 64M, Relocated: 14M, In-Place: 0
[77.803s][info][gc,reloc    ] GC(65) Large Pages: 27 / 178M, Empty: 160M, Relocated: 0M, In-Place: 0
[77.803s][info][gc,reloc    ] GC(65) Forwarding Usage: 75M
[77.803s][info][gc,heap     ] GC(65) Min Capacity: 8M(0%)
[77.803s][info][gc,heap     ] GC(65) Max Capacity: 4096M(100%)
[77.803s][info][gc,heap     ] GC(65) Soft Max Capacity: 4096M(100%)
[77.803s][info][gc,heap     ] GC(65)                Mark Start          Mark End        Relocate Start      Relocate End           High               Low         
[77.803s][info][gc,heap     ] GC(65)  Capacity:     3932M (96%)        3932M (96%)        3932M (96%)        3932M (96%)        3932M (96%)        3932M (96%)    
[77.803s][info][gc,heap     ] GC(65)      Free:     1598M (39%)        1550M (38%)        2872M (70%)        3656M (89%)        3656M (89%)        1550M (38%)    
[77.803s][info][gc,heap     ] GC(65)      Used:     2498M (61%)        2546M (62%)        1224M (30%)         440M (11%)        2546M (62%)         440M (11%)    
[77.803s][info][gc,heap     ] GC(65)      Live:         -               265M (6%)          265M (6%)          265M (6%)             -                  -          
[77.803s][info][gc,heap     ] GC(65) Allocated:         -                48M (1%)           96M (2%)          134M (3%)             -                  -          
[77.803s][info][gc,heap     ] GC(65)   Garbage:         -              2232M (55%)         862M (21%)          40M (1%)             -                  -          
[77.803s][info][gc,heap     ] GC(65) Reclaimed:         -                  -              1370M (33%)        2192M (54%)            -                  -          
[77.803s][info][gc          ] GC(65) Garbage Collection (Allocation Rate) 2498M(61%)->440M(11%)
[78.492s][info][gc,start    ] GC(66) Garbage Collection (System.gc())
[78.493s][info][gc,task     ] GC(66) Using 12 workers
[78.493s][info][gc,phases   ] GC(66) Pause Mark Start 0.018ms
[78.562s][info][gc,phases   ] GC(66) Concurrent Mark 69.201ms
[78.562s][info][gc,phases   ] GC(66) Pause Mark End 0.024ms
[78.562s][info][gc,phases   ] GC(66) Concurrent Mark Free 0.001ms
[78.565s][info][gc,phases   ] GC(66) Concurrent Process Non-Strong References 2.557ms
[78.565s][info][gc,phases   ] GC(66) Concurrent Reset Relocation Set 0.077ms
[78.578s][info][gc,phases   ] GC(66) Concurrent Select Relocation Set 13.206ms
[78.578s][info][gc,phases   ] GC(66) Pause Relocate Start 0.009ms
[78.581s][info][gc,phases   ] GC(66) Concurrent Relocate 2.859ms
[78.581s][info][gc,load     ] GC(66) Load: 0.00/0.00/0.00
[78.581s][info][gc,mmu      ] GC(66) MMU: 2ms/96.7%, 5ms/98.7%, 10ms/99.3%, 20ms/99.6%, 50ms/99.8%, 100ms/99.9%
[78.581s][info][gc,marking  ] GC(66) Mark: 8 stripe(s), 1 proactive flush(es), 1 terminate flush(es), 0 completion(s), 0 continuation(s) 
[78.581s][info][gc,marking  ] GC(66) Mark Stack Usage: 32M
[78.581s][info][gc,nmethod  ] GC(66) NMethods: 10001 registered, 1381 unregistered
[78.581s][info][gc,metaspace] GC(66) Metaspace: 65M used, 66M committed, 1088M reserved
[78.581s][info][gc,ref      ] GC(66) Soft: 4947 encountered, 0 discovered, 0 enqueued
[78.581s][info][gc,ref      ] GC(66) Weak: 6644 encountered, 1303 discovered, 199 enqueued
[78.581s][info][gc,ref      ] GC(66) Final: 126 encountered, 0 discovered, 0 enqueued
[78.581s][info][gc,ref      ] GC(66) Phantom: 617 encountered, 542 discovered, 0 enqueued
[78.581s][info][gc,reloc    ] GC(66) Small Pages: 681 / 1362M, Empty: 1094M, Relocated: 5M, In-Place: 0
[78.581s][info][gc,reloc    ] GC(66) Medium Pages: 7 / 224M, Empty: 192M, Relocated: 0M, In-Place: 0
[78.581s][info][gc,reloc    ] GC(66) Large Pages: 42 / 276M, Empty: 276M, Relocated: 0M, In-Place: 0
[78.581s][info][gc,reloc    ] GC(66) Forwarding Usage: 2M
[78.581s][info][gc,heap     ] GC(66) Min Capacity: 8M(0%)
[78.582s][info][gc,heap     ] GC(66) Max Capacity: 4096M(100%)
[78.582s][info][gc,heap     ] GC(66) Soft Max Capacity: 4096M(100%)
[78.582s][info][gc,heap     ] GC(66)                Mark Start          Mark End        Relocate Start      Relocate End           High               Low         
[78.582s][info][gc,heap     ] GC(66)  Capacity:     3932M (96%)        3932M (96%)        3932M (96%)        3932M (96%)        3932M (96%)        3932M (96%)    
[78.582s][info][gc,heap     ] GC(66)      Free:     2234M (55%)        2234M (55%)        3766M (92%)        3838M (94%)        3838M (94%)        2232M (54%)    
[78.582s][info][gc,heap     ] GC(66)      Used:     1862M (45%)        1862M (45%)         330M (8%)          258M (6%)         1864M (46%)         258M (6%)     
[78.582s][info][gc,heap     ] GC(66)      Live:         -               169M (4%)          169M (4%)          169M (4%)             -                  -          
[78.582s][info][gc,heap     ] GC(66) Allocated:         -                 0M (0%)           30M (1%)           30M (1%)             -                  -          
[78.582s][info][gc,heap     ] GC(66)   Garbage:         -              1692M (41%)         130M (3%)           58M (1%)             -                  -          
[78.582s][info][gc,heap     ] GC(66) Reclaimed:         -                  -              1562M (38%)        1634M (40%)            -                  -          
[78.582s][info][gc          ] GC(66) Garbage Collection (System.gc()) 1862M(45%)->258M(6%)
[79.350s][info][gc,start    ] GC(67) Garbage Collection (Allocation Rate)
[79.350s][info][gc,task     ] GC(67) Using 4 workers
[79.350s][info][gc,phases   ] GC(67) Pause Mark Start 0.019ms
[79.732s][info][gc,phases   ] GC(67) Concurrent Mark 382.002ms
[79.733s][info][gc,phases   ] GC(67) Pause Mark End 0.033ms
[79.733s][info][gc,phases   ] GC(67) Concurrent Mark Free 0.002ms
[79.741s][info][gc,phases   ] GC(67) Concurrent Process Non-Strong References 8.142ms
[79.741s][info][gc,phases   ] GC(67) Concurrent Reset Relocation Set 0.007ms
[79.792s][info][gc,phases   ] GC(67) Concurrent Select Relocation Set 50.740ms
[79.792s][info][gc,phases   ] GC(67) Pause Relocate Start 0.009ms
[79.926s][info][gc,phases   ] GC(67) Concurrent Relocate 134.010ms
[79.926s][info][gc,load     ] GC(67) Load: 0.00/0.00/0.00
[79.926s][info][gc,mmu      ] GC(67) MMU: 2ms/96.7%, 5ms/98.7%, 10ms/99.3%, 20ms/99.6%, 50ms/99.8%, 100ms/99.9%
[79.926s][info][gc,marking  ] GC(67) Mark: 4 stripe(s), 4 proactive flush(es), 1 terminate flush(es), 0 completion(s), 0 continuation(s) 
[79.926s][info][gc,marking  ] GC(67) Mark Stack Usage: 32M
[79.926s][info][gc,nmethod  ] GC(67) NMethods: 10012 registered, 1387 unregistered
[79.926s][info][gc,metaspace] GC(67) Metaspace: 65M used, 66M committed, 1088M reserved
[79.926s][info][gc,ref      ] GC(67) Soft: 4951 encountered, 0 discovered, 0 enqueued
[79.926s][info][gc,ref      ] GC(67) Weak: 6513 encountered, 559 discovered, 21 enqueued
[79.926s][info][gc,ref      ] GC(67) Final: 126 encountered, 1 discovered, 0 enqueued
[79.926s][info][gc,ref      ] GC(67) Phantom: 617 encountered, 449 discovered, 0 enqueued
[79.926s][info][gc,reloc    ] GC(67) Small Pages: 882 / 1764M, Empty: 0M, Relocated: 180M, In-Place: 0
[79.926s][info][gc,reloc    ] GC(67) Medium Pages: 2 / 64M, Empty: 32M, Relocated: 0M, In-Place: 0
[79.926s][info][gc,reloc    ] GC(67) Large Pages: 13 / 94M, Empty: 30M, Relocated: 0M, In-Place: 0
[79.926s][info][gc,reloc    ] GC(67) Forwarding Usage: 131M
[79.926s][info][gc,heap     ] GC(67) Min Capacity: 8M(0%)
[79.926s][info][gc,heap     ] GC(67) Max Capacity: 4096M(100%)
[79.926s][info][gc,heap     ] GC(67) Soft Max Capacity: 4096M(100%)
[79.926s][info][gc,heap     ] GC(67)                Mark Start          Mark End        Relocate Start      Relocate End           High               Low         
[79.926s][info][gc,heap     ] GC(67)  Capacity:     3932M (96%)        3932M (96%)        3932M (96%)        3932M (96%)        3932M (96%)        3932M (96%)    
[79.926s][info][gc,heap     ] GC(67)      Free:     2174M (53%)        1560M (38%)        1622M (40%)        3032M (74%)        3032M (74%)        1560M (38%)    
[79.926s][info][gc,heap     ] GC(67)      Used:     1922M (47%)        2536M (62%)        2474M (60%)        1064M (26%)        2536M (62%)        1064M (26%)    
[79.926s][info][gc,heap     ] GC(67)      Live:         -               408M (10%)         408M (10%)         408M (10%)            -                  -          
[79.926s][info][gc,heap     ] GC(67) Allocated:         -               614M (15%)         614M (15%)         612M (15%)            -                  -          
[79.926s][info][gc,heap     ] GC(67)   Garbage:         -              1513M (37%)        1451M (35%)          42M (1%)             -                  -          
[79.927s][info][gc,heap     ] GC(67) Reclaimed:         -                  -                62M (2%)         1470M (36%)            -                  -          
[79.927s][info][gc          ] GC(67) Garbage Collection (Allocation Rate) 1922M(47%)->1064M(26%)
[80.052s][info][gc,start    ] GC(68) Garbage Collection (Allocation Rate)
[80.052s][info][gc,task     ] GC(68) Using 5 workers
[80.052s][info][gc,phases   ] GC(68) Pause Mark Start 0.017ms
[80.146s][info][gc,stats    ] === Garbage Collection Statistics =======================================================================================================================
[80.146s][info][gc,stats    ]                                                              Last 10s              Last 10m              Last 10h                Total
[80.146s][info][gc,stats    ]                                                              Avg / Max             Avg / Max             Avg / Max             Avg / Max
[80.146s][info][gc,stats    ]   Collector: Garbage Collection Cycle                    337.576 / 758.588     317.249 / 2470.825    317.249 / 2470.825    317.249 / 2470.825    ms
[80.146s][info][gc,stats    ]  Contention: Mark Segment Reset Contention                    13 / 37               11 / 255              11 / 255              11 / 255         ops/s
[80.146s][info][gc,stats    ]  Contention: Mark SeqNum Reset Contention                      0 / 2                 0 / 3                 0 / 3                 0 / 3           ops/s
[80.146s][info][gc,stats    ]    Critical: Allocation Stall                                  0 / 0                 0 / 0                 0 / 0                 0 / 0           ops/s
[80.146s][info][gc,stats    ]    Critical: Allocation Stall                              0.000 / 0.000         0.000 / 0.000         0.000 / 0.000         0.000 / 0.000       ms
[80.146s][info][gc,stats    ]    Critical: GC Locker Stall                                   0 / 0                 0 / 0                 0 / 0                 0 / 0           ops/s
[80.146s][info][gc,stats    ]    Critical: GC Locker Stall                               0.000 / 0.000         0.000 / 0.000         0.000 / 0.000         0.000 / 0.000       ms
[80.146s][info][gc,stats    ]    Critical: Relocation Stall                                  0 / 0                 0 / 0                 0 / 0                 0 / 0           ops/s
[80.146s][info][gc,stats    ]    Critical: Relocation Stall                              0.000 / 0.000         0.000 / 0.000         0.000 / 0.000         0.000 / 0.000       ms
[80.146s][info][gc,stats    ]      Memory: Allocation Rate                                1376 / 1920           1072 / 3096           1072 / 3096           1072 / 3096        MB/s
[80.146s][info][gc,stats    ]      Memory: Defragment                                        0 / 0                 0 / 2                 0 / 2                 0 / 2           ops/s
[80.146s][info][gc,stats    ]      Memory: Out Of Memory                                     0 / 0                 0 / 0                 0 / 0                 0 / 0           ops/s
[80.146s][info][gc,stats    ]      Memory: Page Cache Flush                                  0 / 0                 0 / 4                 0 / 4                 0 / 4           MB/s
[80.146s][info][gc,stats    ]      Memory: Page Cache Hit L1                               660 / 944             497 / 1402            497 / 1402            497 / 1402        ops/s
[80.146s][info][gc,stats    ]      Memory: Page Cache Hit L2                                 0 / 0                 0 / 0                 0 / 0                 0 / 0           ops/s
[80.146s][info][gc,stats    ]      Memory: Page Cache Hit L3                                 0 / 0                12 / 286              12 / 286              12 / 286         ops/s
[80.146s][info][gc,stats    ]      Memory: Page Cache Miss                                   0 / 0                 8 / 558               8 / 558               8 / 558         ops/s
[80.146s][info][gc,stats    ]      Memory: Uncommit                                          0 / 0                 0 / 0                 0 / 0                 0 / 0           MB/s
[80.146s][info][gc,stats    ]      Memory: Undo Object Allocation Failed                     0 / 0                 0 / 0                 0 / 0                 0 / 0           ops/s
[80.146s][info][gc,stats    ]      Memory: Undo Object Allocation Succeeded                 46 / 442              27 / 1568             27 / 1568             27 / 1568        ops/s
[80.147s][info][gc,stats    ]      Memory: Undo Page Allocation                              0 / 0                 0 / 3                 0 / 3                 0 / 3           ops/s
[80.147s][info][gc,stats    ]       Phase: Concurrent Mark                             234.879 / 522.846     225.342 / 1600.769    225.342 / 1600.769    225.342 / 1600.769    ms
[80.147s][info][gc,stats    ]       Phase: Concurrent Mark Continue                      0.000 / 0.000         0.000 / 0.000         0.000 / 0.000         0.000 / 0.000       ms
[80.147s][info][gc,stats    ]       Phase: Concurrent Mark Free                          0.001 / 0.002         0.007 / 0.412         0.007 / 0.412         0.007 / 0.412       ms
[80.147s][info][gc,stats    ]       Phase: Concurrent Process Non-Strong References      4.775 / 8.142         5.410 / 35.438        5.410 / 35.438        5.410 / 35.438      ms
[80.147s][info][gc,stats    ]       Phase: Concurrent Relocate                          62.372 / 172.469      56.296 / 702.452      56.296 / 702.452      56.296 / 702.452     ms
[80.147s][info][gc,stats    ]       Phase: Concurrent Reset Relocation Set               0.076 / 0.184         0.071 / 0.246         0.071 / 0.246         0.071 / 0.246       ms
[80.147s][info][gc,stats    ]       Phase: Concurrent Select Relocation Set             33.496 / 63.632       28.828 / 130.936      28.828 / 130.936      28.828 / 130.936     ms
[80.147s][info][gc,stats    ]       Phase: Pause Mark End                                0.026 / 0.037         0.028 / 0.067         0.028 / 0.067         0.028 / 0.067       ms
[80.147s][info][gc,stats    ]       Phase: Pause Mark Start                              0.015 / 0.019         0.014 / 0.019         0.014 / 0.019         0.014 / 0.019       ms
[80.147s][info][gc,stats    ]       Phase: Pause Relocate Start                          0.010 / 0.014         0.010 / 0.014         0.010 / 0.014         0.010 / 0.014       ms
[80.147s][info][gc,stats    ]    Subphase: Concurrent Classes Purge                      0.049 / 0.175         0.167 / 1.289         0.167 / 1.289         0.167 / 1.289       ms
[80.147s][info][gc,stats    ]    Subphase: Concurrent Classes Unlink                     3.934 / 6.934         4.229 / 29.134        4.229 / 29.134        4.229 / 29.134      ms
[80.147s][info][gc,stats    ]    Subphase: Concurrent Mark                             177.785 / 513.565     162.600 / 1589.527    162.600 / 1589.527    162.600 / 1589.527    ms
[80.147s][info][gc,stats    ]    Subphase: Concurrent Mark Try Flush                     0.156 / 0.326         0.204 / 16.605        0.204 / 16.605        0.204 / 16.605      ms
[80.147s][info][gc,stats    ]    Subphase: Concurrent Mark Try Terminate                 7.377 / 16.582       10.709 / 16.803       10.709 / 16.803       10.709 / 16.803      ms
[80.147s][info][gc,stats    ]    Subphase: Concurrent References Enqueue                 0.003 / 0.005         0.003 / 0.005         0.003 / 0.005         0.003 / 0.005       ms
[80.147s][info][gc,stats    ]    Subphase: Concurrent References Process                 0.136 / 0.290         0.133 / 0.308         0.133 / 0.308         0.133 / 0.308       ms
[80.147s][info][gc,stats    ]    Subphase: Concurrent Roots ClassLoaderDataGraph         0.126 / 0.632         0.115 / 0.947         0.115 / 0.947         0.115 / 0.947       ms
[80.147s][info][gc,stats    ]    Subphase: Concurrent Roots CodeCache                    0.000 / 0.000         0.000 / 0.000         0.000 / 0.000         0.000 / 0.000       ms
[80.147s][info][gc,stats    ]    Subphase: Concurrent Roots JavaThreads                  6.865 / 11.365        6.675 / 17.424        6.675 / 17.424        6.675 / 17.424      ms
[80.147s][info][gc,stats    ]    Subphase: Concurrent Roots OopStorageSet                0.043 / 0.077         0.040 / 0.272         0.040 / 0.272         0.040 / 0.272       ms
[80.147s][info][gc,stats    ]    Subphase: Concurrent Weak Roots OopStorageSet           0.313 / 0.707         0.328 / 4.541         0.328 / 4.541         0.328 / 4.541       ms
[80.147s][info][gc,stats    ]    Subphase: Pause Mark Try Complete                       0.000 / 0.000         0.001 / 0.006         0.001 / 0.006         0.001 / 0.006       ms
[80.147s][info][gc,stats    ]      System: Java Threads                                    278 / 279             212 / 281             212 / 281             212 / 281         threads
[80.147s][info][gc,stats    ] =========================================================================================================================================================
[80.349s][info][gc,phases   ] GC(68) Concurrent Mark 296.283ms
[80.349s][info][gc,phases   ] GC(68) Pause Mark End 0.028ms
[80.349s][info][gc,phases   ] GC(68) Concurrent Mark Free 0.001ms
[80.355s][info][gc,phases   ] GC(68) Concurrent Process Non-Strong References 6.096ms
[80.355s][info][gc,phases   ] GC(68) Concurrent Reset Relocation Set 0.181ms
[80.375s][info][gc,phases   ] GC(68) Concurrent Select Relocation Set 19.797ms
[80.375s][info][gc,phases   ] GC(68) Pause Relocate Start 0.010ms
[80.419s][info][gc,phases   ] GC(68) Concurrent Relocate 43.926ms
[80.419s][info][gc,load     ] GC(68) Load: 0.00/0.00/0.00
[80.419s][info][gc,mmu      ] GC(68) MMU: 2ms/96.7%, 5ms/98.7%, 10ms/99.3%, 20ms/99.6%, 50ms/99.8%, 100ms/99.9%
[80.419s][info][gc,marking  ] GC(68) Mark: 4 stripe(s), 2 proactive flush(es), 1 terminate flush(es), 0 completion(s), 0 continuation(s) 
[80.419s][info][gc,marking  ] GC(68) Mark Stack Usage: 32M
[80.419s][info][gc,nmethod  ] GC(68) NMethods: 10013 registered, 1387 unregistered
[80.419s][info][gc,metaspace] GC(68) Metaspace: 65M used, 66M committed, 1088M reserved
[80.419s][info][gc,ref      ] GC(68) Soft: 4951 encountered, 0 discovered, 0 enqueued
[80.420s][info][gc,ref      ] GC(68) Weak: 6492 encountered, 2235 discovered, 0 enqueued
[80.420s][info][gc,ref      ] GC(68) Final: 126 encountered, 1 discovered, 0 enqueued
[80.420s][info][gc,ref      ] GC(68) Phantom: 617 encountered, 417 discovered, 0 enqueued
[80.420s][info][gc,reloc    ] GC(68) Small Pages: 468 / 936M, Empty: 78M, Relocated: 41M, In-Place: 0
[80.420s][info][gc,reloc    ] GC(68) Medium Pages: 2 / 64M, Empty: 0M, Relocated: 18M, In-Place: 0
[80.420s][info][gc,reloc    ] GC(68) Large Pages: 8 / 64M, Empty: 24M, Relocated: 0M, In-Place: 0
[80.420s][info][gc,reloc    ] GC(68) Forwarding Usage: 42M
[80.420s][info][gc,heap     ] GC(68) Min Capacity: 8M(0%)
[80.420s][info][gc,heap     ] GC(68) Max Capacity: 4096M(100%)
[80.420s][info][gc,heap     ] GC(68) Soft Max Capacity: 4096M(100%)
[80.420s][info][gc,heap     ] GC(68)                Mark Start          Mark End        Relocate Start      Relocate End           High               Low         
[80.420s][info][gc,heap     ] GC(68)  Capacity:     3932M (96%)        3932M (96%)        3932M (96%)        3932M (96%)        3932M (96%)        3932M (96%)    
[80.420s][info][gc,heap     ] GC(68)      Free:     3032M (74%)        2950M (72%)        3040M (74%)        3628M (89%)        3628M (89%)        2938M (72%)    
[80.420s][info][gc,heap     ] GC(68)      Used:     1064M (26%)        1146M (28%)        1056M (26%)         468M (11%)        1158M (28%)         468M (11%)    
[80.420s][info][gc,heap     ] GC(68)      Live:         -               315M (8%)          315M (8%)          315M (8%)             -                  -          
[80.420s][info][gc,heap     ] GC(68) Allocated:         -                82M (2%)           94M (2%)          102M (3%)             -                  -          
[80.420s][info][gc,heap     ] GC(68)   Garbage:         -               748M (18%)         646M (16%)          49M (1%)             -                  -          
[80.420s][info][gc,heap     ] GC(68) Reclaimed:         -                  -               102M (2%)          698M (17%)            -                  -          
[80.420s][info][gc          ] GC(68) Garbage Collection (Allocation Rate) 1064M(26%)->468M(11%)
[80.445s][info][gc,start    ] GC(69) Garbage Collection (Allocation Rate)
[80.445s][info][gc,task     ] GC(69) Using 6 workers
[80.445s][info][gc,phases   ] GC(69) Pause Mark Start 0.012ms
[80.581s][info][gc,phases   ] GC(69) Concurrent Mark 136.325ms
[80.582s][info][gc,phases   ] GC(69) Pause Mark End 0.021ms
[80.582s][info][gc,phases   ] GC(69) Concurrent Mark Free 0.001ms
[80.586s][info][gc,phases   ] GC(69) Concurrent Process Non-Strong References 4.064ms
[80.586s][info][gc,phases   ] GC(69) Concurrent Reset Relocation Set 0.062ms
[80.591s][info][gc,phases   ] GC(69) Concurrent Select Relocation Set 5.041ms
[80.591s][info][gc,phases   ] GC(69) Pause Relocate Start 0.009ms
[80.609s][info][gc,phases   ] GC(69) Concurrent Relocate 17.847ms
[80.609s][info][gc,load     ] GC(69) Load: 0.00/0.00/0.00
[80.609s][info][gc,mmu      ] GC(69) MMU: 2ms/96.7%, 5ms/98.7%, 10ms/99.3%, 20ms/99.6%, 50ms/99.8%, 100ms/99.9%
[80.609s][info][gc,marking  ] GC(69) Mark: 4 stripe(s), 2 proactive flush(es), 1 terminate flush(es), 0 completion(s), 0 continuation(s) 
[80.609s][info][gc,marking  ] GC(69) Mark Stack Usage: 32M
[80.609s][info][gc,nmethod  ] GC(69) NMethods: 10025 registered, 1388 unregistered
[80.609s][info][gc,metaspace] GC(69) Metaspace: 65M used, 66M committed, 1088M reserved
[80.609s][info][gc,ref      ] GC(69) Soft: 4948 encountered, 0 discovered, 0 enqueued
[80.609s][info][gc,ref      ] GC(69) Weak: 6581 encountered, 2340 discovered, 0 enqueued
[80.609s][info][gc,ref      ] GC(69) Final: 126 encountered, 1 discovered, 0 enqueued
[80.609s][info][gc,ref      ] GC(69) Phantom: 617 encountered, 488 discovered, 0 enqueued
[80.609s][info][gc,reloc    ] GC(69) Small Pages: 184 / 368M, Empty: 48M, Relocated: 25M, In-Place: 0
[80.609s][info][gc,reloc    ] GC(69) Medium Pages: 2 / 64M, Empty: 32M, Relocated: 0M, In-Place: 0
[80.609s][info][gc,reloc    ] GC(69) Large Pages: 4 / 40M, Empty: 30M, Relocated: 0M, In-Place: 0
[80.609s][info][gc,reloc    ] GC(69) Forwarding Usage: 23M
[80.609s][info][gc,heap     ] GC(69) Min Capacity: 8M(0%)
[80.609s][info][gc,heap     ] GC(69) Max Capacity: 4096M(100%)
[80.609s][info][gc,heap     ] GC(69) Soft Max Capacity: 4096M(100%)
[80.609s][info][gc,heap     ] GC(69)                Mark Start          Mark End        Relocate Start      Relocate End           High               Low         
[80.610s][info][gc,heap     ] GC(69)  Capacity:     3932M (96%)        3932M (96%)        3932M (96%)        3932M (96%)        3932M (96%)        3932M (96%)    
[80.610s][info][gc,heap     ] GC(69)      Free:     3624M (88%)        3470M (85%)        3568M (87%)        3664M (89%)        3664M (89%)        3458M (84%)    
[80.610s][info][gc,heap     ] GC(69)      Used:      472M (12%)         626M (15%)         528M (13%)         432M (11%)         638M (16%)         432M (11%)    
[80.610s][info][gc,heap     ] GC(69)      Live:         -               204M (5%)          204M (5%)          204M (5%)             -                  -          
[80.610s][info][gc,heap     ] GC(69) Allocated:         -               154M (4%)          166M (4%)          179M (4%)             -                  -          
[80.610s][info][gc,heap     ] GC(69)   Garbage:         -               267M (7%)          157M (4%)           47M (1%)             -                  -          
[80.610s][info][gc,heap     ] GC(69) Reclaimed:         -                  -               110M (3%)          219M (5%)             -                  -          
[80.610s][info][gc          ] GC(69) Garbage Collection (Allocation Rate) 472M(12%)->432M(11%)
[81.347s][info][gc,start    ] GC(70) Garbage Collection (Allocation Rate)
[81.348s][info][gc,task     ] GC(70) Using 7 workers
[81.348s][info][gc,phases   ] GC(70) Pause Mark Start 0.013ms
[81.566s][info][gc,phases   ] GC(70) Concurrent Mark 218.327ms
[81.566s][info][gc,phases   ] GC(70) Pause Mark End 0.025ms
[81.566s][info][gc,phases   ] GC(70) Concurrent Mark Free 0.001ms
[81.570s][info][gc,phases   ] GC(70) Concurrent Process Non-Strong References 3.917ms
[81.570s][info][gc,phases   ] GC(70) Concurrent Reset Relocation Set 0.013ms
[81.621s][info][gc,phases   ] GC(70) Concurrent Select Relocation Set 51.044ms
[81.622s][info][gc,phases   ] GC(70) Pause Relocate Start 0.010ms
[81.691s][info][gc,phases   ] GC(70) Concurrent Relocate 69.139ms
[81.691s][info][gc,load     ] GC(70) Load: 0.00/0.00/0.00
[81.691s][info][gc,mmu      ] GC(70) MMU: 2ms/96.7%, 5ms/98.7%, 10ms/99.3%, 20ms/99.6%, 50ms/99.8%, 100ms/99.9%
[81.691s][info][gc,marking  ] GC(70) Mark: 4 stripe(s), 3 proactive flush(es), 1 terminate flush(es), 0 completion(s), 0 continuation(s) 
[81.691s][info][gc,marking  ] GC(70) Mark Stack Usage: 32M
[81.691s][info][gc,nmethod  ] GC(70) NMethods: 10025 registered, 1390 unregistered
[81.691s][info][gc,metaspace] GC(70) Metaspace: 65M used, 66M committed, 1088M reserved
[81.691s][info][gc,ref      ] GC(70) Soft: 4955 encountered, 0 discovered, 0 enqueued
[81.691s][info][gc,ref      ] GC(70) Weak: 6716 encountered, 1421 discovered, 89 enqueued
[81.691s][info][gc,ref      ] GC(70) Final: 126 encountered, 0 discovered, 0 enqueued
[81.691s][info][gc,ref      ] GC(70) Phantom: 617 encountered, 488 discovered, 0 enqueued
[81.691s][info][gc,reloc    ] GC(70) Small Pages: 825 / 1650M, Empty: 48M, Relocated: 162M, In-Place: 0
[81.691s][info][gc,reloc    ] GC(70) Medium Pages: 3 / 96M, Empty: 64M, Relocated: 0M, In-Place: 0
[81.691s][info][gc,reloc    ] GC(70) Large Pages: 18 / 128M, Empty: 64M, Relocated: 0M, In-Place: 0
[81.691s][info][gc,reloc    ] GC(70) Forwarding Usage: 108M
[81.691s][info][gc,heap     ] GC(70) Min Capacity: 8M(0%)
[81.691s][info][gc,heap     ] GC(70) Max Capacity: 4096M(100%)
[81.691s][info][gc,heap     ] GC(70) Soft Max Capacity: 4096M(100%)
[81.691s][info][gc,heap     ] GC(70)                Mark Start          Mark End        Relocate Start      Relocate End           High               Low         
[81.691s][info][gc,heap     ] GC(70)  Capacity:     3932M (96%)        3932M (96%)        3932M (96%)        3932M (96%)        3932M (96%)        3932M (96%)    
[81.691s][info][gc,heap     ] GC(70)      Free:     2222M (54%)        1828M (45%)        1872M (46%)        3044M (74%)        3044M (74%)        1798M (44%)    
[81.692s][info][gc,heap     ] GC(70)      Used:     1874M (46%)        2268M (55%)        2224M (54%)        1052M (26%)        2298M (56%)        1052M (26%)    
[81.692s][info][gc,heap     ] GC(70)      Live:         -               393M (10%)         393M (10%)         393M (10%)            -                  -          
[81.692s][info][gc,heap     ] GC(70) Allocated:         -               394M (10%)         526M (13%)         610M (15%)            -                  -          
[81.692s][info][gc,heap     ] GC(70)   Garbage:         -              1480M (36%)        1304M (32%)          47M (1%)             -                  -          
[81.692s][info][gc,heap     ] GC(70) Reclaimed:         -                  -               176M (4%)         1432M (35%)            -                  -          
[81.692s][info][gc          ] GC(70) Garbage Collection (Allocation Rate) 1874M(46%)->1052M(26%)
[81.754s][info][gc,start    ] GC(71) Garbage Collection (Allocation Rate)
[81.754s][info][gc,task     ] GC(71) Using 8 workers
[81.754s][info][gc,phases   ] GC(71) Pause Mark Start 0.015ms
[82.001s][info][gc,phases   ] GC(71) Concurrent Mark 247.117ms
[82.001s][info][gc,phases   ] GC(71) Pause Mark End 0.024ms
[82.001s][info][gc,phases   ] GC(71) Concurrent Mark Free 0.001ms
[82.005s][info][gc,phases   ] GC(71) Concurrent Process Non-Strong References 3.363ms
[82.005s][info][gc,phases   ] GC(71) Concurrent Reset Relocation Set 0.176ms
[82.017s][info][gc,phases   ] GC(71) Concurrent Select Relocation Set 11.803ms
[82.017s][info][gc,phases   ] GC(71) Pause Relocate Start 0.010ms
[82.049s][info][gc,phases   ] GC(71) Concurrent Relocate 32.249ms
[82.049s][info][gc,load     ] GC(71) Load: 0.00/0.00/0.00
[82.049s][info][gc,mmu      ] GC(71) MMU: 2ms/96.7%, 5ms/98.7%, 10ms/99.3%, 20ms/99.6%, 50ms/99.8%, 100ms/99.9%
[82.049s][info][gc,marking  ] GC(71) Mark: 8 stripe(s), 2 proactive flush(es), 1 terminate flush(es), 0 completion(s), 0 continuation(s) 
[82.049s][info][gc,marking  ] GC(71) Mark Stack Usage: 32M
[82.049s][info][gc,nmethod  ] GC(71) NMethods: 10024 registered, 1391 unregistered
[82.049s][info][gc,metaspace] GC(71) Metaspace: 65M used, 66M committed, 1088M reserved
[82.049s][info][gc,ref      ] GC(71) Soft: 4955 encountered, 0 discovered, 0 enqueued
[82.049s][info][gc,ref      ] GC(71) Weak: 6629 encountered, 767 discovered, 79 enqueued
[82.049s][info][gc,ref      ] GC(71) Final: 126 encountered, 1 discovered, 0 enqueued
[82.049s][info][gc,ref      ] GC(71) Phantom: 617 encountered, 509 discovered, 0 enqueued
[82.049s][info][gc,reloc    ] GC(71) Small Pages: 528 / 1056M, Empty: 8M, Relocated: 57M, In-Place: 0
[82.049s][info][gc,reloc    ] GC(71) Medium Pages: 1 / 32M, Empty: 0M, Relocated: 0M, In-Place: 0
[82.049s][info][gc,reloc    ] GC(71) Large Pages: 8 / 64M, Empty: 6M, Relocated: 0M, In-Place: 0
[82.049s][info][gc,reloc    ] GC(71) Forwarding Usage: 53M
[82.049s][info][gc,heap     ] GC(71) Min Capacity: 8M(0%)
[82.050s][info][gc,heap     ] GC(71) Max Capacity: 4096M(100%)
[82.050s][info][gc,heap     ] GC(71) Soft Max Capacity: 4096M(100%)
[82.050s][info][gc,heap     ] GC(71)                Mark Start          Mark End        Relocate Start      Relocate End           High               Low         
[82.050s][info][gc,heap     ] GC(71)  Capacity:     3932M (96%)        3932M (96%)        3932M (96%)        3932M (96%)        3932M (96%)        3932M (96%)    
[82.050s][info][gc,heap     ] GC(71)      Free:     2944M (72%)        2864M (70%)        2878M (70%)        3554M (87%)        3554M (87%)        2862M (70%)    
[82.050s][info][gc,heap     ] GC(71)      Used:     1152M (28%)        1232M (30%)        1218M (30%)         542M (13%)        1234M (30%)         542M (13%)    
[82.050s][info][gc,heap     ] GC(71)      Live:         -               393M (10%)         393M (10%)         393M (10%)            -                  -          
[82.050s][info][gc,heap     ] GC(71) Allocated:         -                80M (2%)           80M (2%)           81M (2%)             -                  -          
[82.050s][info][gc,heap     ] GC(71)   Garbage:         -               758M (19%)         744M (18%)          66M (2%)             -                  -          
[82.050s][info][gc,heap     ] GC(71) Reclaimed:         -                  -                14M (0%)          691M (17%)            -                  -          
[82.050s][info][gc          ] GC(71) Garbage Collection (Allocation Rate) 1152M(28%)->542M(13%)
[84.049s][info][gc,start    ] GC(72) Garbage Collection (Allocation Rate)
[84.049s][info][gc,task     ] GC(72) Using 6 workers
[84.049s][info][gc,phases   ] GC(72) Pause Mark Start 0.012ms
[84.205s][info][gc,phases   ] GC(72) Concurrent Mark 155.730ms
[84.205s][info][gc,phases   ] GC(72) Pause Mark End 0.021ms
[84.205s][info][gc,phases   ] GC(72) Concurrent Mark Free 0.001ms
[84.209s][info][gc,phases   ] GC(72) Concurrent Process Non-Strong References 4.226ms
[84.209s][info][gc,phases   ] GC(72) Concurrent Reset Relocation Set 0.072ms
[84.215s][info][gc,phases   ] GC(72) Concurrent Select Relocation Set 5.769ms
[84.216s][info][gc,phases   ] GC(72) Pause Relocate Start 0.009ms
[84.255s][info][gc,phases   ] GC(72) Concurrent Relocate 39.500ms
[84.255s][info][gc,load     ] GC(72) Load: 0.00/0.00/0.00
[84.255s][info][gc,mmu      ] GC(72) MMU: 2ms/96.7%, 5ms/98.7%, 10ms/99.3%, 20ms/99.6%, 50ms/99.8%, 100ms/99.9%
[84.255s][info][gc,marking  ] GC(72) Mark: 4 stripe(s), 4 proactive flush(es), 1 terminate flush(es), 0 completion(s), 0 continuation(s) 
[84.255s][info][gc,marking  ] GC(72) Mark Stack Usage: 32M
[84.255s][info][gc,nmethod  ] GC(72) NMethods: 10095 registered, 19 unregistered
[84.255s][info][gc,metaspace] GC(72) Metaspace: 65M used, 66M committed, 1088M reserved
[84.255s][info][gc,ref      ] GC(72) Soft: 4951 encountered, 0 discovered, 0 enqueued
[84.255s][info][gc,ref      ] GC(72) Weak: 6914 encountered, 2237 discovered, 282 enqueued
[84.255s][info][gc,ref      ] GC(72) Final: 126 encountered, 1 discovered, 0 enqueued
[84.255s][info][gc,ref      ] GC(72) Phantom: 617 encountered, 507 discovered, 0 enqueued
[84.255s][info][gc,reloc    ] GC(72) Small Pages: 1111 / 2222M, Empty: 1158M, Relocated: 46M, In-Place: 0
[84.255s][info][gc,reloc    ] GC(72) Medium Pages: 6 / 192M, Empty: 96M, Relocated: 13M, In-Place: 0
[84.255s][info][gc,reloc    ] GC(72) Large Pages: 27 / 178M, Empty: 178M, Relocated: 0M, In-Place: 0
[84.255s][info][gc,reloc    ] GC(72) Forwarding Usage: 41M
[84.255s][info][gc,heap     ] GC(72) Min Capacity: 8M(0%)
[84.255s][info][gc,heap     ] GC(72) Max Capacity: 4096M(100%)
[84.255s][info][gc,heap     ] GC(72) Soft Max Capacity: 4096M(100%)
[84.256s][info][gc,heap     ] GC(72)                Mark Start          Mark End        Relocate Start      Relocate End           High               Low         
[84.256s][info][gc,heap     ] GC(72)  Capacity:     3932M (96%)        3932M (96%)        3932M (96%)        3932M (96%)        3932M (96%)        3932M (96%)    
[84.256s][info][gc,heap     ] GC(72)      Free:     1504M (37%)        1424M (35%)        2786M (68%)        3626M (89%)        3626M (89%)        1424M (35%)    
[84.256s][info][gc,heap     ] GC(72)      Used:     2592M (63%)        2672M (65%)        1310M (32%)         470M (11%)        2672M (65%)         470M (11%)    
[84.256s][info][gc,heap     ] GC(72)      Live:         -               230M (6%)          230M (6%)          230M (6%)             -                  -          
[84.256s][info][gc,heap     ] GC(72) Allocated:         -                80M (2%)          150M (4%)          179M (4%)             -                  -          
[84.256s][info][gc,heap     ] GC(72)   Garbage:         -              2361M (58%)         929M (23%)          59M (1%)             -                  -          
[84.256s][info][gc,heap     ] GC(72) Reclaimed:         -                  -              1432M (35%)        2301M (56%)            -                  -          
[84.256s][info][gc          ] GC(72) Garbage Collection (Allocation Rate) 2592M(63%)->470M(11%)
[84.873s][info][gc,start    ] GC(73) Garbage Collection (System.gc())
[84.873s][info][gc,task     ] GC(73) Using 12 workers
[84.873s][info][gc,phases   ] GC(73) Pause Mark Start 0.018ms
[84.937s][info][gc,phases   ] GC(73) Concurrent Mark 64.138ms
[84.937s][info][gc,phases   ] GC(73) Pause Mark End 0.020ms
[84.937s][info][gc,phases   ] GC(73) Concurrent Mark Free 0.001ms
[84.940s][info][gc,phases   ] GC(73) Concurrent Process Non-Strong References 2.225ms
[84.940s][info][gc,phases   ] GC(73) Concurrent Reset Relocation Set 0.076ms
[84.948s][info][gc,phases   ] GC(73) Concurrent Select Relocation Set 7.700ms
[84.948s][info][gc,phases   ] GC(73) Pause Relocate Start 0.008ms
[84.950s][info][gc,phases   ] GC(73) Concurrent Relocate 2.433ms
[84.950s][info][gc,load     ] GC(73) Load: 0.00/0.00/0.00
[84.950s][info][gc,mmu      ] GC(73) MMU: 2ms/96.7%, 5ms/98.7%, 10ms/99.3%, 20ms/99.6%, 50ms/99.8%, 100ms/99.9%
[84.950s][info][gc,marking  ] GC(73) Mark: 8 stripe(s), 2 proactive flush(es), 1 terminate flush(es), 0 completion(s), 0 continuation(s) 
[84.950s][info][gc,marking  ] GC(73) Mark Stack Usage: 32M
[84.950s][info][gc,nmethod  ] GC(73) NMethods: 10135 registered, 24 unregistered
[84.950s][info][gc,metaspace] GC(73) Metaspace: 65M used, 66M committed, 1088M reserved
[84.950s][info][gc,ref      ] GC(73) Soft: 4947 encountered, 0 discovered, 0 enqueued
[84.950s][info][gc,ref      ] GC(73) Weak: 6652 encountered, 1057 discovered, 198 enqueued
[84.950s][info][gc,ref      ] GC(73) Final: 126 encountered, 0 discovered, 0 enqueued
[84.950s][info][gc,ref      ] GC(73) Phantom: 617 encountered, 464 discovered, 0 enqueued
[84.950s][info][gc,reloc    ] GC(73) Small Pages: 644 / 1288M, Empty: 1026M, Relocated: 5M, In-Place: 0
[84.950s][info][gc,reloc    ] GC(73) Medium Pages: 6 / 192M, Empty: 160M, Relocated: 0M, In-Place: 0
[84.950s][info][gc,reloc    ] GC(73) Large Pages: 37 / 238M, Empty: 238M, Relocated: 0M, In-Place: 0
[84.950s][info][gc,reloc    ] GC(73) Forwarding Usage: 3M
[84.950s][info][gc,heap     ] GC(73) Min Capacity: 8M(0%)
[84.950s][info][gc,heap     ] GC(73) Max Capacity: 4096M(100%)
[84.950s][info][gc,heap     ] GC(73) Soft Max Capacity: 4096M(100%)
[84.950s][info][gc,heap     ] GC(73)                Mark Start          Mark End        Relocate Start      Relocate End           High               Low         
[84.950s][info][gc,heap     ] GC(73)  Capacity:     3932M (96%)        3932M (96%)        3932M (96%)        3932M (96%)        3932M (96%)        3932M (96%)    
[84.950s][info][gc,heap     ] GC(73)      Free:     2378M (58%)        2378M (58%)        3780M (92%)        3836M (94%)        3838M (94%)        2376M (58%)    
[84.950s][info][gc,heap     ] GC(73)      Used:     1718M (42%)        1718M (42%)         316M (8%)          260M (6%)         1720M (42%)         258M (6%)     
[84.951s][info][gc,heap     ] GC(73)      Live:         -               169M (4%)          169M (4%)          169M (4%)             -                  -          
[84.951s][info][gc,heap     ] GC(73) Allocated:         -                 0M (0%)           22M (1%)           31M (1%)             -                  -          
[84.951s][info][gc,heap     ] GC(73)   Garbage:         -              1548M (38%)         124M (3%)           58M (1%)             -                  -          
[84.951s][info][gc,heap     ] GC(73) Reclaimed:         -                  -              1424M (35%)        1489M (36%)            -                  -          
[84.951s][info][gc          ] GC(73) Garbage Collection (System.gc()) 1718M(42%)->260M(6%)
[85.648s][info][gc,start    ] GC(74) Garbage Collection (Allocation Rate)
[85.648s][info][gc,task     ] GC(74) Using 4 workers
[85.648s][info][gc,phases   ] GC(74) Pause Mark Start 0.020ms
[86.007s][info][gc,phases   ] GC(74) Concurrent Mark 358.810ms
[86.008s][info][gc,phases   ] GC(74) Pause Mark End 0.022ms
[86.008s][info][gc,phases   ] GC(74) Concurrent Mark Free 0.001ms
[86.014s][info][gc,phases   ] GC(74) Concurrent Process Non-Strong References 6.649ms
[86.014s][info][gc,phases   ] GC(74) Concurrent Reset Relocation Set 0.006ms
[86.064s][info][gc,phases   ] GC(74) Concurrent Select Relocation Set 49.938ms
[86.065s][info][gc,phases   ] GC(74) Pause Relocate Start 0.008ms
[86.186s][info][gc,phases   ] GC(74) Concurrent Relocate 120.898ms
[86.186s][info][gc,load     ] GC(74) Load: 0.00/0.00/0.00
[86.186s][info][gc,mmu      ] GC(74) MMU: 2ms/96.7%, 5ms/98.7%, 10ms/99.3%, 20ms/99.6%, 50ms/99.8%, 100ms/99.9%
[86.186s][info][gc,marking  ] GC(74) Mark: 4 stripe(s), 2 proactive flush(es), 1 terminate flush(es), 0 completion(s), 0 continuation(s) 
[86.186s][info][gc,marking  ] GC(74) Mark Stack Usage: 32M
[86.186s][info][gc,nmethod  ] GC(74) NMethods: 10150 registered, 25 unregistered
[86.186s][info][gc,metaspace] GC(74) Metaspace: 65M used, 66M committed, 1088M reserved
[86.186s][info][gc,ref      ] GC(74) Soft: 4951 encountered, 0 discovered, 0 enqueued
[86.186s][info][gc,ref      ] GC(74) Weak: 6519 encountered, 2379 discovered, 21 enqueued
[86.186s][info][gc,ref      ] GC(74) Final: 126 encountered, 0 discovered, 0 enqueued
[86.186s][info][gc,ref      ] GC(74) Phantom: 617 encountered, 508 discovered, 0 enqueued
[86.186s][info][gc,reloc    ] GC(74) Small Pages: 811 / 1622M, Empty: 0M, Relocated: 171M, In-Place: 0
[86.186s][info][gc,reloc    ] GC(74) Medium Pages: 2 / 64M, Empty: 32M, Relocated: 0M, In-Place: 0
[86.186s][info][gc,reloc    ] GC(74) Large Pages: 13 / 94M, Empty: 30M, Relocated: 0M, In-Place: 0
[86.186s][info][gc,reloc    ] GC(74) Forwarding Usage: 121M
[86.186s][info][gc,heap     ] GC(74) Min Capacity: 8M(0%)
[86.186s][info][gc,heap     ] GC(74) Max Capacity: 4096M(100%)
[86.186s][info][gc,heap     ] GC(74) Soft Max Capacity: 4096M(100%)
[86.186s][info][gc,heap     ] GC(74)                Mark Start          Mark End        Relocate Start      Relocate End           High               Low         
[86.186s][info][gc,heap     ] GC(74)  Capacity:     3932M (96%)        3932M (96%)        3932M (96%)        3932M (96%)        3932M (96%)        3932M (96%)    
[86.186s][info][gc,heap     ] GC(74)      Free:     2316M (57%)        1618M (40%)        1620M (40%)        2890M (71%)        2890M (71%)        1576M (38%)    
[86.186s][info][gc,heap     ] GC(74)      Used:     1780M (43%)        2478M (60%)        2476M (60%)        1206M (29%)        2520M (62%)        1206M (29%)    
[86.186s][info][gc,heap     ] GC(74)      Live:         -               402M (10%)         402M (10%)         402M (10%)            -                  -          
[86.186s][info][gc,heap     ] GC(74) Allocated:         -               698M (17%)         758M (19%)         758M (19%)            -                  -          
[86.186s][info][gc,heap     ] GC(74)   Garbage:         -              1377M (34%)        1315M (32%)          45M (1%)             -                  -          
[86.186s][info][gc,heap     ] GC(74) Reclaimed:         -                  -                62M (2%)         1332M (33%)            -                  -          
[86.186s][info][gc          ] GC(74) Garbage Collection (Allocation Rate) 1780M(43%)->1206M(29%)
[86.358s][info][gc,start    ] GC(75) Garbage Collection (Allocation Rate)
[86.358s][info][gc,task     ] GC(75) Using 4 workers
[86.358s][info][gc,phases   ] GC(75) Pause Mark Start 0.013ms
[86.724s][info][gc,phases   ] GC(75) Concurrent Mark 365.860ms
[86.725s][info][gc,phases   ] GC(75) Pause Mark End 0.021ms
[86.725s][info][gc,phases   ] GC(75) Concurrent Mark Free 0.001ms
[86.732s][info][gc,phases   ] GC(75) Concurrent Process Non-Strong References 6.904ms
[86.732s][info][gc,phases   ] GC(75) Concurrent Reset Relocation Set 0.180ms
[86.750s][info][gc,phases   ] GC(75) Concurrent Select Relocation Set 18.070ms
[86.750s][info][gc,phases   ] GC(75) Pause Relocate Start 0.010ms
[86.805s][info][gc,phases   ] GC(75) Concurrent Relocate 55.054ms
[86.805s][info][gc,load     ] GC(75) Load: 0.00/0.00/0.00
[86.805s][info][gc,mmu      ] GC(75) MMU: 2ms/96.7%, 5ms/98.7%, 10ms/99.3%, 20ms/99.6%, 50ms/99.8%, 100ms/99.9%
[86.805s][info][gc,marking  ] GC(75) Mark: 4 stripe(s), 4 proactive flush(es), 1 terminate flush(es), 0 completion(s), 0 continuation(s) 
[86.806s][info][gc,marking  ] GC(75) Mark Stack Usage: 32M
[86.806s][info][gc,nmethod  ] GC(75) NMethods: 10154 registered, 27 unregistered
[86.806s][info][gc,metaspace] GC(75) Metaspace: 65M used, 66M committed, 1088M reserved
[86.806s][info][gc,ref      ] GC(75) Soft: 4951 encountered, 0 discovered, 0 enqueued
[86.806s][info][gc,ref      ] GC(75) Weak: 6504 encountered, 950 discovered, 3 enqueued
[86.806s][info][gc,ref      ] GC(75) Final: 126 encountered, 0 discovered, 0 enqueued
[86.806s][info][gc,ref      ] GC(75) Phantom: 617 encountered, 475 discovered, 0 enqueued
[86.806s][info][gc,reloc    ] GC(75) Small Pages: 543 / 1086M, Empty: 80M, Relocated: 50M, In-Place: 0
[86.806s][info][gc,reloc    ] GC(75) Medium Pages: 2 / 64M, Empty: 0M, Relocated: 18M, In-Place: 0
[86.806s][info][gc,reloc    ] GC(75) Large Pages: 8 / 64M, Empty: 24M, Relocated: 0M, In-Place: 0
[86.806s][info][gc,reloc    ] GC(75) Forwarding Usage: 49M
[86.806s][info][gc,heap     ] GC(75) Min Capacity: 8M(0%)
[86.806s][info][gc,heap     ] GC(75) Max Capacity: 4096M(100%)
[86.806s][info][gc,heap     ] GC(75) Soft Max Capacity: 4096M(100%)
[86.806s][info][gc,heap     ] GC(75)                Mark Start          Mark End        Relocate Start      Relocate End           High               Low         
[86.806s][info][gc,heap     ] GC(75)  Capacity:     3932M (96%)        3932M (96%)        3932M (96%)        3932M (96%)        3932M (96%)        3932M (96%)    
[86.806s][info][gc,heap     ] GC(75)      Free:     2882M (70%)        2810M (69%)        2912M (71%)        3636M (89%)        3636M (89%)        2810M (69%)    
[86.806s][info][gc,heap     ] GC(75)      Used:     1214M (30%)        1286M (31%)        1184M (29%)         460M (11%)        1286M (31%)         460M (11%)    
[86.806s][info][gc,heap     ] GC(75)      Live:         -               316M (8%)          316M (8%)          316M (8%)             -                  -          
[86.806s][info][gc,heap     ] GC(75) Allocated:         -                72M (2%)           74M (2%)           96M (2%)             -                  -          
[86.806s][info][gc,heap     ] GC(75)   Garbage:         -               897M (22%)         793M (19%)          47M (1%)             -                  -          
[86.806s][info][gc,heap     ] GC(75) Reclaimed:         -                  -               104M (3%)          850M (21%)            -                  -          
[86.806s][info][gc          ] GC(75) Garbage Collection (Allocation Rate) 1214M(30%)->460M(11%)
[86.849s][info][gc,start    ] GC(76) Garbage Collection (Allocation Rate)
[86.849s][info][gc,task     ] GC(76) Using 6 workers
[86.850s][info][gc,phases   ] GC(76) Pause Mark Start 0.015ms
[87.025s][info][gc,phases   ] GC(76) Concurrent Mark 175.097ms
[87.025s][info][gc,phases   ] GC(76) Pause Mark End 0.027ms
[87.025s][info][gc,phases   ] GC(76) Concurrent Mark Free 0.001ms
[87.040s][info][gc,phases   ] GC(76) Concurrent Process Non-Strong References 14.934ms
[87.040s][info][gc,phases   ] GC(76) Concurrent Reset Relocation Set 0.075ms
[87.045s][info][gc,phases   ] GC(76) Concurrent Select Relocation Set 4.390ms
[87.045s][info][gc,phases   ] GC(76) Pause Relocate Start 0.009ms
[87.079s][info][gc,phases   ] GC(76) Concurrent Relocate 34.268ms
[87.079s][info][gc,load     ] GC(76) Load: 0.00/0.00/0.00
[87.079s][info][gc,mmu      ] GC(76) MMU: 2ms/96.7%, 5ms/98.7%, 10ms/99.3%, 20ms/99.6%, 50ms/99.8%, 100ms/99.9%
[87.079s][info][gc,marking  ] GC(76) Mark: 4 stripe(s), 2 proactive flush(es), 1 terminate flush(es), 0 completion(s), 0 continuation(s) 
[87.079s][info][gc,marking  ] GC(76) Mark Stack Usage: 32M
[87.079s][info][gc,nmethod  ] GC(76) NMethods: 6933 registered, 3288 unregistered
[87.079s][info][gc,metaspace] GC(76) Metaspace: 65M used, 66M committed, 1088M reserved
[87.079s][info][gc,ref      ] GC(76) Soft: 4949 encountered, 0 discovered, 0 enqueued
[87.079s][info][gc,ref      ] GC(76) Weak: 6573 encountered, 2181 discovered, 0 enqueued
[87.079s][info][gc,ref      ] GC(76) Final: 126 encountered, 0 discovered, 0 enqueued
[87.079s][info][gc,ref      ] GC(76) Phantom: 618 encountered, 445 discovered, 0 enqueued
[87.079s][info][gc,reloc    ] GC(76) Small Pages: 182 / 364M, Empty: 30M, Relocated: 41M, In-Place: 0
[87.080s][info][gc,reloc    ] GC(76) Medium Pages: 2 / 64M, Empty: 32M, Relocated: 0M, In-Place: 0
[87.080s][info][gc,reloc    ] GC(76) Large Pages: 4 / 40M, Empty: 20M, Relocated: 0M, In-Place: 0
[87.080s][info][gc,reloc    ] GC(76) Forwarding Usage: 40M
[87.080s][info][gc,heap     ] GC(76) Min Capacity: 8M(0%)
[87.080s][info][gc,heap     ] GC(76) Max Capacity: 4096M(100%)
[87.080s][info][gc,heap     ] GC(76) Soft Max Capacity: 4096M(100%)
[87.080s][info][gc,heap     ] GC(76)                Mark Start          Mark End        Relocate Start      Relocate End           High               Low         
[87.080s][info][gc,heap     ] GC(76)  Capacity:     3932M (96%)        3932M (96%)        3932M (96%)        3932M (96%)        3932M (96%)        3932M (96%)    
[87.080s][info][gc,heap     ] GC(76)      Free:     3628M (89%)        3398M (83%)        3474M (85%)        3550M (87%)        3628M (89%)        3392M (83%)    
[87.080s][info][gc,heap     ] GC(76)      Used:      468M (11%)         698M (17%)         622M (15%)         546M (13%)         704M (17%)         468M (11%)    
[87.080s][info][gc,heap     ] GC(76)      Live:         -               239M (6%)          239M (6%)          239M (6%)             -                  -          
[87.080s][info][gc,heap     ] GC(76) Allocated:         -               230M (6%)          236M (6%)          257M (6%)             -                  -          
[87.080s][info][gc,heap     ] GC(76)   Garbage:         -               228M (6%)          146M (4%)           48M (1%)             -                  -          
[87.080s][info][gc,heap     ] GC(76) Reclaimed:         -                  -                82M (2%)          179M (4%)             -                  -          
[87.080s][info][gc          ] GC(76) Garbage Collection (Allocation Rate) 468M(11%)->546M(13%)
[87.748s][info][gc,start    ] GC(77) Garbage Collection (Allocation Rate)
[87.748s][info][gc,task     ] GC(77) Using 6 workers
[87.748s][info][gc,phases   ] GC(77) Pause Mark Start 0.011ms
[87.989s][info][gc,phases   ] GC(77) Concurrent Mark 240.845ms
[87.989s][info][gc,phases   ] GC(77) Pause Mark End 0.024ms
[87.989s][info][gc,phases   ] GC(77) Concurrent Mark Free 0.001ms
[87.993s][info][gc,phases   ] GC(77) Concurrent Process Non-Strong References 3.666ms
[87.993s][info][gc,phases   ] GC(77) Concurrent Reset Relocation Set 0.018ms
[88.057s][info][gc,phases   ] GC(77) Concurrent Select Relocation Set 64.125ms
[88.057s][info][gc,phases   ] GC(77) Pause Relocate Start 0.012ms
[88.137s][info][gc,phases   ] GC(77) Concurrent Relocate 79.695ms
[88.137s][info][gc,load     ] GC(77) Load: 0.00/0.00/0.00
[88.137s][info][gc,mmu      ] GC(77) MMU: 2ms/96.7%, 5ms/98.7%, 10ms/99.3%, 20ms/99.6%, 50ms/99.8%, 100ms/99.9%
[88.137s][info][gc,marking  ] GC(77) Mark: 4 stripe(s), 2 proactive flush(es), 1 terminate flush(es), 0 completion(s), 0 continuation(s) 
[88.137s][info][gc,marking  ] GC(77) Mark Stack Usage: 32M
[88.137s][info][gc,nmethod  ] GC(77) NMethods: 6950 registered, 3293 unregistered
[88.137s][info][gc,metaspace] GC(77) Metaspace: 65M used, 66M committed, 1088M reserved
[88.137s][info][gc,ref      ] GC(77) Soft: 4955 encountered, 0 discovered, 0 enqueued
[88.137s][info][gc,ref      ] GC(77) Weak: 6716 encountered, 2341 discovered, 90 enqueued
[88.137s][info][gc,ref      ] GC(77) Final: 126 encountered, 1 discovered, 0 enqueued
[88.137s][info][gc,ref      ] GC(77) Phantom: 617 encountered, 501 discovered, 0 enqueued
[88.137s][info][gc,reloc    ] GC(77) Small Pages: 835 / 1670M, Empty: 72M, Relocated: 157M, In-Place: 0
[88.138s][info][gc,reloc    ] GC(77) Medium Pages: 3 / 96M, Empty: 64M, Relocated: 0M, In-Place: 0
[88.138s][info][gc,reloc    ] GC(77) Large Pages: 19 / 138M, Empty: 74M, Relocated: 0M, In-Place: 0
[88.138s][info][gc,reloc    ] GC(77) Forwarding Usage: 106M
[88.138s][info][gc,heap     ] GC(77) Min Capacity: 8M(0%)
[88.138s][info][gc,heap     ] GC(77) Max Capacity: 4096M(100%)
[88.138s][info][gc,heap     ] GC(77) Soft Max Capacity: 4096M(100%)
[88.138s][info][gc,heap     ] GC(77)                Mark Start          Mark End        Relocate Start      Relocate End           High               Low         
[88.138s][info][gc,heap     ] GC(77)  Capacity:     3932M (96%)        3932M (96%)        3932M (96%)        3932M (96%)        3932M (96%)        3932M (96%)    
[88.138s][info][gc,heap     ] GC(77)      Free:     2192M (54%)        1722M (42%)        1770M (43%)        2930M (72%)        2932M (72%)        1688M (41%)    
[88.138s][info][gc,heap     ] GC(77)      Used:     1904M (46%)        2374M (58%)        2326M (57%)        1166M (28%)        2408M (59%)        1164M (28%)    
[88.138s][info][gc,heap     ] GC(77)      Live:         -               392M (10%)         392M (10%)         392M (10%)            -                  -          
[88.138s][info][gc,heap     ] GC(77) Allocated:         -               470M (11%)         632M (15%)         725M (18%)            -                  -          
[88.138s][info][gc,heap     ] GC(77)   Garbage:         -              1511M (37%)        1301M (32%)          48M (1%)             -                  -          
[88.138s][info][gc,heap     ] GC(77) Reclaimed:         -                  -               210M (5%)         1463M (36%)            -                  -          
[88.138s][info][gc          ] GC(77) Garbage Collection (Allocation Rate) 1904M(46%)->1166M(28%)
[88.145s][info][gc,start    ] GC(78) Garbage Collection (Allocation Rate)
[88.145s][info][gc,task     ] GC(78) Using 7 workers
[88.145s][info][gc,phases   ] GC(78) Pause Mark Start 0.016ms
[88.411s][info][gc,phases   ] GC(78) Concurrent Mark 265.150ms
[88.411s][info][gc,phases   ] GC(78) Pause Mark End 0.018ms
[88.411s][info][gc,phases   ] GC(78) Concurrent Mark Free 0.002ms
[88.414s][info][gc,phases   ] GC(78) Concurrent Process Non-Strong References 2.747ms
[88.414s][info][gc,phases   ] GC(78) Concurrent Reset Relocation Set 0.164ms
[88.426s][info][gc,phases   ] GC(78) Concurrent Select Relocation Set 12.317ms
[88.426s][info][gc,phases   ] GC(78) Pause Relocate Start 0.010ms
[88.470s][info][gc,phases   ] GC(78) Concurrent Relocate 43.773ms
[88.470s][info][gc,load     ] GC(78) Load: 0.00/0.00/0.00
[88.471s][info][gc,mmu      ] GC(78) MMU: 2ms/96.7%, 5ms/98.7%, 10ms/99.3%, 20ms/99.6%, 50ms/99.8%, 100ms/99.9%
[88.471s][info][gc,marking  ] GC(78) Mark: 4 stripe(s), 2 proactive flush(es), 1 terminate flush(es), 0 completion(s), 0 continuation(s) 
[88.471s][info][gc,marking  ] GC(78) Mark Stack Usage: 32M
[88.471s][info][gc,nmethod  ] GC(78) NMethods: 6955 registered, 3293 unregistered
[88.471s][info][gc,metaspace] GC(78) Metaspace: 65M used, 66M committed, 1088M reserved
[88.471s][info][gc,ref      ] GC(78) Soft: 4955 encountered, 0 discovered, 0 enqueued
[88.471s][info][gc,ref      ] GC(78) Weak: 6632 encountered, 1265 discovered, 79 enqueued
[88.471s][info][gc,ref      ] GC(78) Final: 126 encountered, 0 discovered, 0 enqueued
[88.471s][info][gc,ref      ] GC(78) Phantom: 617 encountered, 472 discovered, 0 enqueued
[88.471s][info][gc,reloc    ] GC(78) Small Pages: 540 / 1080M, Empty: 8M, Relocated: 61M, In-Place: 0
[88.471s][info][gc,reloc    ] GC(78) Medium Pages: 1 / 32M, Empty: 0M, Relocated: 0M, In-Place: 0
[88.471s][info][gc,reloc    ] GC(78) Large Pages: 8 / 64M, Empty: 6M, Relocated: 0M, In-Place: 0
[88.471s][info][gc,reloc    ] GC(78) Forwarding Usage: 57M
[88.471s][info][gc,heap     ] GC(78) Min Capacity: 8M(0%)
[88.471s][info][gc,heap     ] GC(78) Max Capacity: 4096M(100%)
[88.471s][info][gc,heap     ] GC(78) Soft Max Capacity: 4096M(100%)
[88.471s][info][gc,heap     ] GC(78)                Mark Start          Mark End        Relocate Start      Relocate End           High               Low         
[88.471s][info][gc,heap     ] GC(78)  Capacity:     3932M (96%)        3932M (96%)        3932M (96%)        3932M (96%)        3932M (96%)        3932M (96%)    
[88.471s][info][gc,heap     ] GC(78)      Free:     2920M (71%)        2838M (69%)        2852M (70%)        3550M (87%)        3550M (87%)        2838M (69%)    
[88.471s][info][gc,heap     ] GC(78)      Used:     1176M (29%)        1258M (31%)        1244M (30%)         546M (13%)        1258M (31%)         546M (13%)    
[88.471s][info][gc,heap     ] GC(78)      Live:         -               394M (10%)         394M (10%)         394M (10%)            -                  -          
[88.471s][info][gc,heap     ] GC(78) Allocated:         -                82M (2%)           82M (2%)           82M (2%)             -                  -          
[88.471s][info][gc,heap     ] GC(78)   Garbage:         -               781M (19%)         767M (19%)          69M (2%)             -                  -          
[88.471s][info][gc,heap     ] GC(78) Reclaimed:         -                  -                14M (0%)          712M (17%)            -                  -          
[88.471s][info][gc          ] GC(78) Garbage Collection (Allocation Rate) 1176M(29%)->546M(13%)
[90.151s][info][gc,stats    ] === Garbage Collection Statistics =======================================================================================================================
[90.152s][info][gc,stats    ]                                                              Last 10s              Last 10m              Last 10h                Total
[90.152s][info][gc,stats    ]                                                              Avg / Max             Avg / Max             Avg / Max             Avg / Max
[90.152s][info][gc,stats    ]   Collector: Garbage Collection Cycle                    307.725 / 537.666     315.923 / 2470.825    315.923 / 2470.825    315.923 / 2470.825    ms
[90.152s][info][gc,stats    ]  Contention: Mark Segment Reset Contention                    12 / 29               11 / 255              11 / 255              11 / 255         ops/s
[90.152s][info][gc,stats    ]  Contention: Mark SeqNum Reset Contention                      0 / 1                 0 / 3                 0 / 3                 0 / 3           ops/s
[90.152s][info][gc,stats    ]    Critical: Allocation Stall                                  0 / 0                 0 / 0                 0 / 0                 0 / 0           ops/s
[90.152s][info][gc,stats    ]    Critical: Allocation Stall                              0.000 / 0.000         0.000 / 0.000         0.000 / 0.000         0.000 / 0.000       ms
[90.152s][info][gc,stats    ]    Critical: GC Locker Stall                                   0 / 0                 0 / 0                 0 / 0                 0 / 0           ops/s
[90.152s][info][gc,stats    ]    Critical: GC Locker Stall                               0.000 / 0.000         0.000 / 0.000         0.000 / 0.000         0.000 / 0.000       ms
[90.152s][info][gc,stats    ]    Critical: Relocation Stall                                  0 / 0                 0 / 0                 0 / 0                 0 / 0           ops/s
[90.152s][info][gc,stats    ]    Critical: Relocation Stall                              0.000 / 0.000         0.000 / 0.000         0.000 / 0.000         0.000 / 0.000       ms
[90.152s][info][gc,stats    ]      Memory: Allocation Rate                                1250 / 2062           1092 / 3096           1092 / 3096           1092 / 3096        MB/s
[90.152s][info][gc,stats    ]      Memory: Defragment                                        0 / 0                 0 / 2                 0 / 2                 0 / 2           ops/s
[90.152s][info][gc,stats    ]      Memory: Out Of Memory                                     0 / 0                 0 / 0                 0 / 0                 0 / 0           ops/s
[90.152s][info][gc,stats    ]      Memory: Page Cache Flush                                  0 / 0                 0 / 4                 0 / 4                 0 / 4           MB/s
[90.152s][info][gc,stats    ]      Memory: Page Cache Hit L1                               611 / 1062            510 / 1402            510 / 1402            510 / 1402        ops/s
[90.152s][info][gc,stats    ]      Memory: Page Cache Hit L2                                 0 / 0                 0 / 0                 0 / 0                 0 / 0           ops/s
[90.152s][info][gc,stats    ]      Memory: Page Cache Hit L3                                 0 / 0                10 / 286              10 / 286              10 / 286         ops/s
[90.152s][info][gc,stats    ]      Memory: Page Cache Miss                                   0 / 0                 7 / 558               7 / 558               7 / 558         ops/s
[90.152s][info][gc,stats    ]      Memory: Uncommit                                          0 / 0                 0 / 0                 0 / 0                 0 / 0           MB/s
[90.152s][info][gc,stats    ]      Memory: Undo Object Allocation Failed                     0 / 0                 0 / 0                 0 / 0                 0 / 0           ops/s
[90.152s][info][gc,stats    ]      Memory: Undo Object Allocation Succeeded                  2 / 10               24 / 1568             24 / 1568             24 / 1568        ops/s
[90.152s][info][gc,stats    ]      Memory: Undo Page Allocation                              0 / 1                 0 / 3                 0 / 3                 0 / 3           ops/s
[90.152s][info][gc,stats    ]       Phase: Concurrent Mark                             229.426 / 365.860     225.911 / 1600.769    225.911 / 1600.769    225.911 / 1600.769    ms
[90.152s][info][gc,stats    ]       Phase: Concurrent Mark Continue                      0.000 / 0.000         0.000 / 0.000         0.000 / 0.000         0.000 / 0.000       ms
[90.152s][info][gc,stats    ]       Phase: Concurrent Mark Free                          0.001 / 0.002         0.006 / 0.412         0.006 / 0.412         0.006 / 0.412       ms
[90.152s][info][gc,stats    ]       Phase: Concurrent Process Non-Strong References      5.345 / 14.934        5.401 / 35.438        5.401 / 35.438        5.401 / 35.438      ms
[90.153s][info][gc,stats    ]       Phase: Concurrent Relocate                          48.980 / 120.898      55.277 / 702.452      55.277 / 702.452      55.277 / 702.452     ms
[90.153s][info][gc,stats    ]       Phase: Concurrent Reset Relocation Set               0.093 / 0.181         0.074 / 0.246         0.074 / 0.246         0.074 / 0.246       ms
[90.153s][info][gc,stats    ]       Phase: Concurrent Select Relocation Set             22.727 / 64.125       27.978 / 130.936      27.978 / 130.936      27.978 / 130.936     ms
[90.153s][info][gc,stats    ]       Phase: Pause Mark End                                0.023 / 0.028         0.027 / 0.067         0.027 / 0.067         0.027 / 0.067       ms
[90.153s][info][gc,stats    ]       Phase: Pause Mark Start                              0.015 / 0.020         0.014 / 0.020         0.014 / 0.020         0.014 / 0.020       ms
[90.153s][info][gc,stats    ]       Phase: Pause Relocate Start                          0.009 / 0.012         0.010 / 0.014         0.010 / 0.014         0.010 / 0.014       ms
[90.153s][info][gc,stats    ]    Subphase: Concurrent Classes Purge                      1.038 / 11.088        0.288 / 11.088        0.288 / 11.088        0.288 / 11.088      ms
[90.153s][info][gc,stats    ]    Subphase: Concurrent Classes Unlink                     3.546 / 5.919         4.134 / 29.134        4.134 / 29.134        4.134 / 29.134      ms
[90.153s][info][gc,stats    ]    Subphase: Concurrent Mark                             200.469 / 357.826     167.309 / 1589.527    167.309 / 1589.527    167.309 / 1589.527    ms
[90.153s][info][gc,stats    ]    Subphase: Concurrent Mark Try Flush                     0.147 / 0.332         0.196 / 16.605        0.196 / 16.605        0.196 / 16.605      ms
[90.153s][info][gc,stats    ]    Subphase: Concurrent Mark Try Terminate                 7.559 / 15.670       10.465 / 16.803       10.465 / 16.803       10.465 / 16.803      ms
[90.153s][info][gc,stats    ]    Subphase: Concurrent References Enqueue                 0.002 / 0.005         0.003 / 0.005         0.003 / 0.005         0.003 / 0.005       ms
[90.153s][info][gc,stats    ]    Subphase: Concurrent References Process                 0.132 / 0.181         0.133 / 0.308         0.133 / 0.308         0.133 / 0.308       ms
[90.153s][info][gc,stats    ]    Subphase: Concurrent Roots ClassLoaderDataGraph         0.118 / 0.430         0.115 / 0.947         0.115 / 0.947         0.115 / 0.947       ms
[90.153s][info][gc,stats    ]    Subphase: Concurrent Roots CodeCache                    0.000 / 0.000         0.000 / 0.000         0.000 / 0.000         0.000 / 0.000       ms
[90.153s][info][gc,stats    ]    Subphase: Concurrent Roots JavaThreads                  5.766 / 7.804         6.569 / 17.424        6.569 / 17.424        6.569 / 17.424      ms
[90.153s][info][gc,stats    ]    Subphase: Concurrent Roots OopStorageSet                0.040 / 0.071         0.040 / 0.272         0.040 / 0.272         0.040 / 0.272       ms
[90.153s][info][gc,stats    ]    Subphase: Concurrent Weak Roots OopStorageSet           0.329 / 0.606         0.328 / 4.541         0.328 / 4.541         0.328 / 4.541       ms
[90.153s][info][gc,stats    ]    Subphase: Pause Mark Try Complete                       0.000 / 0.000         0.001 / 0.006         0.001 / 0.006         0.001 / 0.006       ms
[90.153s][info][gc,stats    ]      System: Java Threads                                    275 / 280             221 / 281             221 / 281             221 / 281         threads
[90.153s][info][gc,stats    ] =========================================================================================================================================================
[90.454s][info][gc,start    ] GC(79) Garbage Collection (Allocation Rate)
[90.469s][info][gc,task     ] GC(79) Using 5 workers
[90.469s][info][gc,phases   ] GC(79) Pause Mark Start 0.017ms
[90.689s][info][gc,phases   ] GC(79) Concurrent Mark 219.431ms
[90.689s][info][gc,phases   ] GC(79) Pause Mark End 0.024ms
[90.689s][info][gc,phases   ] GC(79) Concurrent Mark Free 0.001ms
[90.699s][info][gc,phases   ] GC(79) Concurrent Process Non-Strong References 10.390ms
[90.700s][info][gc,phases   ] GC(79) Concurrent Reset Relocation Set 0.109ms
[90.706s][info][gc,phases   ] GC(79) Concurrent Select Relocation Set 6.311ms
[90.706s][info][gc,phases   ] GC(79) Pause Relocate Start 0.009ms
[90.763s][info][gc,phases   ] GC(79) Concurrent Relocate 56.640ms
[90.763s][info][gc,load     ] GC(79) Load: 0.00/0.00/0.00
[90.763s][info][gc,mmu      ] GC(79) MMU: 2ms/96.7%, 5ms/98.7%, 10ms/99.3%, 20ms/99.6%, 50ms/99.8%, 100ms/99.9%
[90.763s][info][gc,marking  ] GC(79) Mark: 4 stripe(s), 10 proactive flush(es), 2 terminate flush(es), 0 completion(s), 0 continuation(s) 
[90.763s][info][gc,marking  ] GC(79) Mark Stack Usage: 32M
[90.763s][info][gc,nmethod  ] GC(79) NMethods: 6588 registered, 3826 unregistered
[90.763s][info][gc,metaspace] GC(79) Metaspace: 65M used, 66M committed, 1088M reserved
[90.763s][info][gc,ref      ] GC(79) Soft: 4951 encountered, 0 discovered, 0 enqueued
[90.763s][info][gc,ref      ] GC(79) Weak: 6920 encountered, 1111 discovered, 283 enqueued
[90.763s][info][gc,ref      ] GC(79) Final: 126 encountered, 2 discovered, 0 enqueued
[90.763s][info][gc,ref      ] GC(79) Phantom: 617 encountered, 508 discovered, 0 enqueued
[90.763s][info][gc,reloc    ] GC(79) Small Pages: 1109 / 2218M, Empty: 1156M, Relocated: 61M, In-Place: 0
[90.763s][info][gc,reloc    ] GC(79) Medium Pages: 5 / 160M, Empty: 96M, Relocated: 19M, In-Place: 0
[90.763s][info][gc,reloc    ] GC(79) Large Pages: 27 / 178M, Empty: 166M, Relocated: 0M, In-Place: 0
[90.763s][info][gc,reloc    ] GC(79) Forwarding Usage: 56M
[90.763s][info][gc,heap     ] GC(79) Min Capacity: 8M(0%)
[90.763s][info][gc,heap     ] GC(79) Max Capacity: 4096M(100%)
[90.763s][info][gc,heap     ] GC(79) Soft Max Capacity: 4096M(100%)
[90.763s][info][gc,heap     ] GC(79)                Mark Start          Mark End        Relocate Start      Relocate End           High               Low         
[90.764s][info][gc,heap     ] GC(79)  Capacity:     3932M (96%)        3932M (96%)        3932M (96%)        3932M (96%)        3932M (96%)        3932M (96%)    
[90.764s][info][gc,heap     ] GC(79)      Free:     1540M (38%)        1404M (34%)        2780M (68%)        3504M (86%)        3518M (86%)        1388M (34%)    
[90.764s][info][gc,heap     ] GC(79)      Used:     2556M (62%)        2692M (66%)        1316M (32%)         592M (14%)        2708M (66%)         578M (14%)    
[90.764s][info][gc,heap     ] GC(79)      Live:         -               249M (6%)          249M (6%)          249M (6%)             -                  -          
[90.764s][info][gc,heap     ] GC(79) Allocated:         -               136M (3%)          178M (4%)          305M (7%)             -                  -          
[90.764s][info][gc,heap     ] GC(79)   Garbage:         -              2306M (56%)         888M (22%)          37M (1%)             -                  -          
[90.764s][info][gc,heap     ] GC(79) Reclaimed:         -                  -              1418M (35%)        2269M (55%)            -                  -          
[90.764s][info][gc          ] GC(79) Garbage Collection (Allocation Rate) 2556M(62%)->592M(14%)
[91.239s][info][gc,start    ] GC(80) Garbage Collection (System.gc())
[91.239s][info][gc,task     ] GC(80) Using 12 workers
[91.239s][info][gc,phases   ] GC(80) Pause Mark Start 0.017ms
[91.305s][info][gc,phases   ] GC(80) Concurrent Mark 65.690ms
[91.305s][info][gc,phases   ] GC(80) Pause Mark End 0.021ms
[91.305s][info][gc,phases   ] GC(80) Concurrent Mark Free 0.001ms
[91.307s][info][gc,phases   ] GC(80) Concurrent Process Non-Strong References 1.651ms
[91.307s][info][gc,phases   ] GC(80) Concurrent Reset Relocation Set 0.082ms
[91.316s][info][gc,phases   ] GC(80) Concurrent Select Relocation Set 9.286ms
[91.316s][info][gc,phases   ] GC(80) Pause Relocate Start 0.008ms
[91.319s][info][gc,phases   ] GC(80) Concurrent Relocate 3.295ms
[91.319s][info][gc,load     ] GC(80) Load: 0.00/0.00/0.00
[91.320s][info][gc,mmu      ] GC(80) MMU: 2ms/96.7%, 5ms/98.7%, 10ms/99.3%, 20ms/99.6%, 50ms/99.8%, 100ms/99.9%
[91.320s][info][gc,marking  ] GC(80) Mark: 8 stripe(s), 2 proactive flush(es), 1 terminate flush(es), 0 completion(s), 0 continuation(s) 
[91.320s][info][gc,marking  ] GC(80) Mark Stack Usage: 32M
[91.320s][info][gc,nmethod  ] GC(80) NMethods: 6614 registered, 3828 unregistered
[91.320s][info][gc,metaspace] GC(80) Metaspace: 65M used, 66M committed, 1088M reserved
[91.320s][info][gc,ref      ] GC(80) Soft: 4947 encountered, 0 discovered, 0 enqueued
[91.320s][info][gc,ref      ] GC(80) Weak: 6668 encountered, 1438 discovered, 200 enqueued
[91.320s][info][gc,ref      ] GC(80) Final: 126 encountered, 0 discovered, 0 enqueued
[91.320s][info][gc,ref      ] GC(80) Phantom: 617 encountered, 450 discovered, 0 enqueued
[91.320s][info][gc,reloc    ] GC(80) Small Pages: 655 / 1310M, Empty: 1048M, Relocated: 6M, In-Place: 0
[91.320s][info][gc,reloc    ] GC(80) Medium Pages: 5 / 160M, Empty: 128M, Relocated: 0M, In-Place: 0
[91.320s][info][gc,reloc    ] GC(80) Large Pages: 45 / 298M, Empty: 298M, Relocated: 0M, In-Place: 0
[91.320s][info][gc,reloc    ] GC(80) Forwarding Usage: 4M
[91.320s][info][gc,heap     ] GC(80) Min Capacity: 8M(0%)
[91.320s][info][gc,heap     ] GC(80) Max Capacity: 4096M(100%)
[91.320s][info][gc,heap     ] GC(80) Soft Max Capacity: 4096M(100%)
[91.320s][info][gc,heap     ] GC(80)                Mark Start          Mark End        Relocate Start      Relocate End           High               Low         
[91.320s][info][gc,heap     ] GC(80)  Capacity:     3932M (96%)        3932M (96%)        3932M (96%)        3932M (96%)        3932M (96%)        3932M (96%)    
[91.320s][info][gc,heap     ] GC(80)      Free:     2328M (57%)        2326M (57%)        3774M (92%)        3838M (94%)        3838M (94%)        2326M (57%)    
[91.320s][info][gc,heap     ] GC(80)      Used:     1768M (43%)        1770M (43%)         322M (8%)          258M (6%)         1770M (43%)         258M (6%)     
[91.320s][info][gc,heap     ] GC(80)      Live:         -               169M (4%)          169M (4%)          169M (4%)             -                  -          
[91.320s][info][gc,heap     ] GC(80) Allocated:         -                 2M (0%)           28M (1%)           31M (1%)             -                  -          
[91.320s][info][gc,heap     ] GC(80)   Garbage:         -              1598M (39%)         124M (3%)           56M (1%)             -                  -          
[91.320s][info][gc,heap     ] GC(80) Reclaimed:         -                  -              1474M (36%)        1541M (38%)            -                  -          
[91.320s][info][gc          ] GC(80) Garbage Collection (System.gc()) 1768M(43%)->258M(6%)
[92.053s][info][gc,start    ] GC(81) Garbage Collection (Allocation Rate)
[92.053s][info][gc,task     ] GC(81) Using 4 workers
[92.054s][info][gc,phases   ] GC(81) Pause Mark Start 0.012ms
[92.413s][info][gc,phases   ] GC(81) Concurrent Mark 358.853ms
[92.413s][info][gc,phases   ] GC(81) Pause Mark End 0.031ms
[92.413s][info][gc,phases   ] GC(81) Concurrent Mark Free 0.001ms
[92.419s][info][gc,phases   ] GC(81) Concurrent Process Non-Strong References 6.046ms
[92.419s][info][gc,phases   ] GC(81) Concurrent Reset Relocation Set 0.004ms
[92.468s][info][gc,phases   ] GC(81) Concurrent Select Relocation Set 48.501ms
[92.468s][info][gc,phases   ] GC(81) Pause Relocate Start 0.009ms
[92.595s][info][gc,phases   ] GC(81) Concurrent Relocate 127.329ms
[92.595s][info][gc,load     ] GC(81) Load: 0.00/0.00/0.00
[92.595s][info][gc,mmu      ] GC(81) MMU: 2ms/96.7%, 5ms/98.7%, 10ms/99.3%, 20ms/99.6%, 50ms/99.8%, 100ms/99.9%
[92.595s][info][gc,marking  ] GC(81) Mark: 4 stripe(s), 2 proactive flush(es), 1 terminate flush(es), 0 completion(s), 0 continuation(s) 
[92.595s][info][gc,marking  ] GC(81) Mark Stack Usage: 32M
[92.595s][info][gc,nmethod  ] GC(81) NMethods: 6639 registered, 3832 unregistered
[92.595s][info][gc,metaspace] GC(81) Metaspace: 65M used, 66M committed, 1088M reserved
[92.595s][info][gc,ref      ] GC(81) Soft: 4951 encountered, 0 discovered, 0 enqueued
[92.595s][info][gc,ref      ] GC(81) Weak: 6538 encountered, 2200 discovered, 24 enqueued
[92.595s][info][gc,ref      ] GC(81) Final: 126 encountered, 89 discovered, 0 enqueued
[92.596s][info][gc,ref      ] GC(81) Phantom: 617 encountered, 453 discovered, 0 enqueued
[92.596s][info][gc,reloc    ] GC(81) Small Pages: 837 / 1674M, Empty: 0M, Relocated: 174M, In-Place: 0
[92.596s][info][gc,reloc    ] GC(81) Medium Pages: 2 / 64M, Empty: 32M, Relocated: 0M, In-Place: 0
[92.596s][info][gc,reloc    ] GC(81) Large Pages: 13 / 94M, Empty: 30M, Relocated: 0M, In-Place: 0
[92.596s][info][gc,reloc    ] GC(81) Forwarding Usage: 124M
[92.596s][info][gc,heap     ] GC(81) Min Capacity: 8M(0%)
[92.596s][info][gc,heap     ] GC(81) Max Capacity: 4096M(100%)
[92.596s][info][gc,heap     ] GC(81) Soft Max Capacity: 4096M(100%)
[92.596s][info][gc,heap     ] GC(81)                Mark Start          Mark End        Relocate Start      Relocate End           High               Low         
[92.596s][info][gc,heap     ] GC(81)  Capacity:     3932M (96%)        3932M (96%)        3932M (96%)        3932M (96%)        3932M (96%)        3932M (96%)    
[92.596s][info][gc,heap     ] GC(81)      Free:     2264M (55%)        1596M (39%)        1620M (40%)        2938M (72%)        2938M (72%)        1594M (39%)    
[92.596s][info][gc,heap     ] GC(81)      Used:     1832M (45%)        2500M (61%)        2476M (60%)        1158M (28%)        2502M (61%)        1158M (28%)    
[92.596s][info][gc,heap     ] GC(81)      Live:         -               404M (10%)         404M (10%)         404M (10%)            -                  -          
[92.596s][info][gc,heap     ] GC(81) Allocated:         -               668M (16%)         706M (17%)         709M (17%)            -                  -          
[92.596s][info][gc,heap     ] GC(81)   Garbage:         -              1427M (35%)        1365M (33%)          43M (1%)             -                  -          
[92.596s][info][gc,heap     ] GC(81) Reclaimed:         -                  -                62M (2%)         1383M (34%)            -                  -          
[92.596s][info][gc          ] GC(81) Garbage Collection (Allocation Rate) 1832M(45%)->1158M(28%)
[92.748s][info][gc,start    ] GC(82) Garbage Collection (Allocation Rate)
[92.748s][info][gc,task     ] GC(82) Using 4 workers
[92.748s][info][gc,phases   ] GC(82) Pause Mark Start 0.018ms
[93.107s][info][gc,phases   ] GC(82) Concurrent Mark 358.882ms
[93.107s][info][gc,phases   ] GC(82) Pause Mark End 0.032ms
[93.107s][info][gc,phases   ] GC(82) Concurrent Mark Free 0.001ms
[93.113s][info][gc,phases   ] GC(82) Concurrent Process Non-Strong References 5.300ms
[93.113s][info][gc,phases   ] GC(82) Concurrent Reset Relocation Set 0.166ms
[93.132s][info][gc,phases   ] GC(82) Concurrent Select Relocation Set 19.548ms
[93.133s][info][gc,phases   ] GC(82) Pause Relocate Start 0.012ms
[93.185s][info][gc,phases   ] GC(82) Concurrent Relocate 51.754ms
[93.185s][info][gc,load     ] GC(82) Load: 0.00/0.00/0.00
[93.185s][info][gc,mmu      ] GC(82) MMU: 2ms/96.7%, 5ms/98.7%, 10ms/99.3%, 20ms/99.6%, 50ms/99.8%, 100ms/99.9%
[93.185s][info][gc,marking  ] GC(82) Mark: 4 stripe(s), 4 proactive flush(es), 1 terminate flush(es), 0 completion(s), 0 continuation(s) 
[93.185s][info][gc,marking  ] GC(82) Mark Stack Usage: 32M
[93.185s][info][gc,nmethod  ] GC(82) NMethods: 6646 registered, 3832 unregistered
[93.185s][info][gc,metaspace] GC(82) Metaspace: 65M used, 66M committed, 1088M reserved
[93.185s][info][gc,ref      ] GC(82) Soft: 4951 encountered, 0 discovered, 0 enqueued
[93.185s][info][gc,ref      ] GC(82) Weak: 6508 encountered, 617 discovered, 0 enqueued
[93.185s][info][gc,ref      ] GC(82) Final: 126 encountered, 0 discovered, 0 enqueued
[93.185s][info][gc,ref      ] GC(82) Phantom: 617 encountered, 463 discovered, 0 enqueued
[93.185s][info][gc,reloc    ] GC(82) Small Pages: 515 / 1030M, Empty: 82M, Relocated: 41M, In-Place: 0
[93.185s][info][gc,reloc    ] GC(82) Medium Pages: 2 / 64M, Empty: 0M, Relocated: 18M, In-Place: 0
[93.185s][info][gc,reloc    ] GC(82) Large Pages: 8 / 64M, Empty: 24M, Relocated: 0M, In-Place: 0
[93.185s][info][gc,reloc    ] GC(82) Forwarding Usage: 43M
[93.185s][info][gc,heap     ] GC(82) Min Capacity: 8M(0%)
[93.185s][info][gc,heap     ] GC(82) Max Capacity: 4096M(100%)
[93.185s][info][gc,heap     ] GC(82) Soft Max Capacity: 4096M(100%)
[93.185s][info][gc,heap     ] GC(82)                Mark Start          Mark End        Relocate Start      Relocate End           High               Low         
[93.185s][info][gc,heap     ] GC(82)  Capacity:     3932M (96%)        3932M (96%)        3932M (96%)        3932M (96%)        3932M (96%)        3932M (96%)    
[93.185s][info][gc,heap     ] GC(82)      Free:     2938M (72%)        2838M (69%)        2938M (72%)        3616M (88%)        3616M (88%)        2832M (69%)    
[93.185s][info][gc,heap     ] GC(82)      Used:     1158M (28%)        1258M (31%)        1158M (28%)         480M (12%)        1264M (31%)         480M (12%)    
[93.185s][info][gc,heap     ] GC(82)      Live:         -               316M (8%)          316M (8%)          316M (8%)             -                  -          
[93.185s][info][gc,heap     ] GC(82) Allocated:         -               100M (2%)          106M (3%)          112M (3%)             -                  -          
[93.185s][info][gc,heap     ] GC(82)   Garbage:         -               841M (21%)         735M (18%)          51M (1%)             -                  -          
[93.185s][info][gc,heap     ] GC(82) Reclaimed:         -                  -               106M (3%)          790M (19%)            -                  -          
[93.185s][info][gc          ] GC(82) Garbage Collection (Allocation Rate) 1158M(28%)->480M(12%)
[93.255s][info][gc,start    ] GC(83) Garbage Collection (Allocation Rate)
[93.255s][info][gc,task     ] GC(83) Using 6 workers
[93.256s][info][gc,phases   ] GC(83) Pause Mark Start 0.013ms
[93.365s][info][gc,phases   ] GC(83) Concurrent Mark 108.927ms
[93.365s][info][gc,phases   ] GC(83) Pause Mark End 0.027ms
[93.365s][info][gc,phases   ] GC(83) Concurrent Mark Free 0.001ms
[93.368s][info][gc,phases   ] GC(83) Concurrent Process Non-Strong References 3.197ms
[93.368s][info][gc,phases   ] GC(83) Concurrent Reset Relocation Set 0.086ms
[93.378s][info][gc,phases   ] GC(83) Concurrent Select Relocation Set 9.376ms
[93.378s][info][gc,phases   ] GC(83) Pause Relocate Start 0.009ms
[93.386s][info][gc,phases   ] GC(83) Concurrent Relocate 8.014ms
[93.386s][info][gc,load     ] GC(83) Load: 0.00/0.00/0.00
[93.386s][info][gc,mmu      ] GC(83) MMU: 2ms/96.7%, 5ms/98.7%, 10ms/99.3%, 20ms/99.6%, 50ms/99.8%, 100ms/99.9%
[93.386s][info][gc,marking  ] GC(83) Mark: 4 stripe(s), 2 proactive flush(es), 1 terminate flush(es), 0 completion(s), 0 continuation(s) 
[93.386s][info][gc,marking  ] GC(83) Mark Stack Usage: 32M
[93.386s][info][gc,nmethod  ] GC(83) NMethods: 6654 registered, 3837 unregistered
[93.386s][info][gc,metaspace] GC(83) Metaspace: 65M used, 66M committed, 1088M reserved
[93.386s][info][gc,ref      ] GC(83) Soft: 4951 encountered, 0 discovered, 0 enqueued
[93.386s][info][gc,ref      ] GC(83) Weak: 6729 encountered, 1712 discovered, 89 enqueued
[93.386s][info][gc,ref      ] GC(83) Final: 126 encountered, 0 discovered, 0 enqueued
[93.386s][info][gc,ref      ] GC(83) Phantom: 620 encountered, 457 discovered, 0 enqueued
[93.386s][info][gc,reloc    ] GC(83) Small Pages: 215 / 430M, Empty: 136M, Relocated: 6M, In-Place: 0
[93.386s][info][gc,reloc    ] GC(83) Medium Pages: 2 / 64M, Empty: 0M, Relocated: 11M, In-Place: 0
[93.386s][info][gc,reloc    ] GC(83) Large Pages: 5 / 46M, Empty: 46M, Relocated: 0M, In-Place: 0
[93.386s][info][gc,reloc    ] GC(83) Forwarding Usage: 4M
[93.386s][info][gc,heap     ] GC(83) Min Capacity: 8M(0%)
[93.386s][info][gc,heap     ] GC(83) Max Capacity: 4096M(100%)
[93.386s][info][gc,heap     ] GC(83) Soft Max Capacity: 4096M(100%)
[93.386s][info][gc,heap     ] GC(83)                Mark Start          Mark End        Relocate Start      Relocate End           High               Low         
[93.386s][info][gc,heap     ] GC(83)  Capacity:     3932M (96%)        3932M (96%)        3932M (96%)        3932M (96%)        3932M (96%)        3932M (96%)    
[93.386s][info][gc,heap     ] GC(83)      Free:     3556M (87%)        3398M (83%)        3566M (87%)        3700M (90%)        3700M (90%)        3396M (83%)    
[93.386s][info][gc,heap     ] GC(83)      Used:      540M (13%)         698M (17%)         530M (13%)         396M (10%)         700M (17%)         396M (10%)    
[93.386s][info][gc,heap     ] GC(83)      Live:         -               173M (4%)          173M (4%)          173M (4%)             -                  -          
[93.386s][info][gc,heap     ] GC(83) Allocated:         -               158M (4%)          172M (4%)          177M (4%)             -                  -          
[93.386s][info][gc,heap     ] GC(83)   Garbage:         -               366M (9%)          184M (4%)           44M (1%)             -                  -          
[93.386s][info][gc,heap     ] GC(83) Reclaimed:         -                  -               182M (4%)          321M (8%)             -                  -          
[93.386s][info][gc          ] GC(83) Garbage Collection (Allocation Rate) 540M(13%)->396M(10%)
[94.052s][info][gc,start    ] GC(84) Garbage Collection (Allocation Rate)
[94.052s][info][gc,task     ] GC(84) Using 6 workers
[94.052s][info][gc,phases   ] GC(84) Pause Mark Start 0.016ms
[94.286s][info][gc,phases   ] GC(84) Concurrent Mark 233.855ms
[94.286s][info][gc,phases   ] GC(84) Pause Mark End 0.031ms
[94.287s][info][gc,phases   ] GC(84) Concurrent Mark Free 0.001ms
[94.290s][info][gc,phases   ] GC(84) Concurrent Process Non-Strong References 3.026ms
[94.290s][info][gc,phases   ] GC(84) Concurrent Reset Relocation Set 0.008ms
[94.326s][info][gc,phases   ] GC(84) Concurrent Select Relocation Set 36.513ms
[94.326s][info][gc,phases   ] GC(84) Pause Relocate Start 0.009ms
[94.401s][info][gc,phases   ] GC(84) Concurrent Relocate 74.584ms
[94.401s][info][gc,load     ] GC(84) Load: 0.00/0.00/0.00
[94.401s][info][gc,mmu      ] GC(84) MMU: 2ms/96.7%, 5ms/98.7%, 10ms/99.3%, 20ms/99.6%, 50ms/99.8%, 100ms/99.9%
[94.401s][info][gc,marking  ] GC(84) Mark: 4 stripe(s), 2 proactive flush(es), 1 terminate flush(es), 0 completion(s), 0 continuation(s) 
[94.401s][info][gc,marking  ] GC(84) Mark Stack Usage: 32M
[94.401s][info][gc,nmethod  ] GC(84) NMethods: 6654 registered, 3837 unregistered
[94.401s][info][gc,metaspace] GC(84) Metaspace: 65M used, 66M committed, 1088M reserved
[94.401s][info][gc,ref      ] GC(84) Soft: 4955 encountered, 0 discovered, 0 enqueued
[94.401s][info][gc,ref      ] GC(84) Weak: 6638 encountered, 2239 discovered, 78 enqueued
[94.401s][info][gc,ref      ] GC(84) Final: 126 encountered, 8 discovered, 0 enqueued
[94.401s][info][gc,ref      ] GC(84) Phantom: 617 encountered, 438 discovered, 0 enqueued
[94.401s][info][gc,reloc    ] GC(84) Small Pages: 774 / 1548M, Empty: 2M, Relocated: 155M, In-Place: 0
[94.401s][info][gc,reloc    ] GC(84) Medium Pages: 3 / 96M, Empty: 64M, Relocated: 0M, In-Place: 0
[94.402s][info][gc,reloc    ] GC(84) Large Pages: 16 / 112M, Empty: 48M, Relocated: 0M, In-Place: 0
[94.402s][info][gc,reloc    ] GC(84) Forwarding Usage: 105M
[94.402s][info][gc,heap     ] GC(84) Min Capacity: 8M(0%)
[94.402s][info][gc,heap     ] GC(84) Max Capacity: 4096M(100%)
[94.402s][info][gc,heap     ] GC(84) Soft Max Capacity: 4096M(100%)
[94.402s][info][gc,heap     ] GC(84)                Mark Start          Mark End        Relocate Start      Relocate End           High               Low         
[94.402s][info][gc,heap     ] GC(84)  Capacity:     3932M (96%)        3932M (96%)        3932M (96%)        3932M (96%)        3932M (96%)        3932M (96%)    
[94.402s][info][gc,heap     ] GC(84)      Free:     2340M (57%)        1874M (46%)        1912M (47%)        3018M (74%)        3018M (74%)        1864M (46%)    
[94.402s][info][gc,heap     ] GC(84)      Used:     1756M (43%)        2222M (54%)        2184M (53%)        1078M (26%)        2232M (54%)        1078M (26%)    
[94.402s][info][gc,heap     ] GC(84)      Live:         -               391M (10%)         391M (10%)         391M (10%)            -                  -          
[94.402s][info][gc,heap     ] GC(84) Allocated:         -               466M (11%)         542M (13%)         635M (16%)            -                  -          
[94.402s][info][gc,heap     ] GC(84)   Garbage:         -              1364M (33%)        1250M (31%)          50M (1%)             -                  -          
[94.402s][info][gc,heap     ] GC(84) Reclaimed:         -                  -               114M (3%)         1313M (32%)            -                  -          
[94.402s][info][gc          ] GC(84) Garbage Collection (Allocation Rate) 1756M(43%)->1078M(26%)
[94.458s][info][gc,start    ] GC(85) Garbage Collection (Allocation Rate)
[94.458s][info][gc,task     ] GC(85) Using 7 workers
[94.458s][info][gc,phases   ] GC(85) Pause Mark Start 0.016ms
[94.755s][info][gc,phases   ] GC(85) Concurrent Mark 296.358ms
[94.755s][info][gc,phases   ] GC(85) Pause Mark End 0.022ms
[94.755s][info][gc,phases   ] GC(85) Concurrent Mark Free 0.001ms
[94.758s][info][gc,phases   ] GC(85) Concurrent Process Non-Strong References 3.074ms
[94.758s][info][gc,phases   ] GC(85) Concurrent Reset Relocation Set 0.176ms
[94.770s][info][gc,phases   ] GC(85) Concurrent Select Relocation Set 11.767ms
[94.770s][info][gc,phases   ] GC(85) Pause Relocate Start 0.011ms
[94.810s][info][gc,phases   ] GC(85) Concurrent Relocate 39.906ms
[94.811s][info][gc,load     ] GC(85) Load: 0.00/0.00/0.00
[94.811s][info][gc,mmu      ] GC(85) MMU: 2ms/96.7%, 5ms/98.7%, 10ms/99.3%, 20ms/99.6%, 50ms/99.8%, 100ms/99.9%
[94.811s][info][gc,marking  ] GC(85) Mark: 4 stripe(s), 3 proactive flush(es), 1 terminate flush(es), 0 completion(s), 0 continuation(s) 
[94.811s][info][gc,marking  ] GC(85) Mark Stack Usage: 32M
[94.811s][info][gc,nmethod  ] GC(85) NMethods: 6654 registered, 3837 unregistered
[94.811s][info][gc,metaspace] GC(85) Metaspace: 65M used, 66M committed, 1088M reserved
[94.811s][info][gc,ref      ] GC(85) Soft: 4955 encountered, 0 discovered, 0 enqueued
[94.811s][info][gc,ref      ] GC(85) Weak: 6560 encountered, 801 discovered, 0 enqueued
[94.811s][info][gc,ref      ] GC(85) Final: 126 encountered, 3 discovered, 0 enqueued
[94.811s][info][gc,ref      ] GC(85) Phantom: 617 encountered, 433 discovered, 0 enqueued
[94.811s][info][gc,reloc    ] GC(85) Small Pages: 536 / 1072M, Empty: 6M, Relocated: 62M, In-Place: 0
[94.811s][info][gc,reloc    ] GC(85) Medium Pages: 1 / 32M, Empty: 0M, Relocated: 0M, In-Place: 0
[94.811s][info][gc,reloc    ] GC(85) Large Pages: 8 / 64M, Empty: 6M, Relocated: 0M, In-Place: 0
[94.811s][info][gc,reloc    ] GC(85) Forwarding Usage: 56M
[94.811s][info][gc,heap     ] GC(85) Min Capacity: 8M(0%)
[94.811s][info][gc,heap     ] GC(85) Max Capacity: 4096M(100%)
[94.811s][info][gc,heap     ] GC(85) Soft Max Capacity: 4096M(100%)
[94.811s][info][gc,heap     ] GC(85)                Mark Start          Mark End        Relocate Start      Relocate End           High               Low         
[94.811s][info][gc,heap     ] GC(85)  Capacity:     3932M (96%)        3932M (96%)        3932M (96%)        3932M (96%)        3932M (96%)        3932M (96%)    
[94.811s][info][gc,heap     ] GC(85)      Free:     2928M (71%)        2848M (70%)        2860M (70%)        3554M (87%)        3554M (87%)        2844M (69%)    
[94.811s][info][gc,heap     ] GC(85)      Used:     1168M (29%)        1248M (30%)        1236M (30%)         542M (13%)        1252M (31%)         542M (13%)    
[94.811s][info][gc,heap     ] GC(85)      Live:         -               394M (10%)         394M (10%)         394M (10%)            -                  -          
[94.811s][info][gc,heap     ] GC(85) Allocated:         -                80M (2%)           80M (2%)           78M (2%)             -                  -          
[94.811s][info][gc,heap     ] GC(85)   Garbage:         -               773M (19%)         761M (19%)          68M (2%)             -                  -          
[94.811s][info][gc,heap     ] GC(85) Reclaimed:         -                  -                12M (0%)          704M (17%)            -                  -          
[94.811s][info][gc          ] GC(85) Garbage Collection (Allocation Rate) 1168M(29%)->542M(13%)
[96.848s][info][gc,start    ] GC(86) Garbage Collection (Allocation Rate)
[96.848s][info][gc,task     ] GC(86) Using 5 workers
[96.848s][info][gc,phases   ] GC(86) Pause Mark Start 0.017ms
[97.082s][info][gc,phases   ] GC(86) Concurrent Mark 233.853ms
[97.082s][info][gc,phases   ] GC(86) Pause Mark End 0.026ms
[97.082s][info][gc,phases   ] GC(86) Concurrent Mark Free 0.001ms
[97.086s][info][gc,phases   ] GC(86) Concurrent Process Non-Strong References 4.022ms
[97.086s][info][gc,phases   ] GC(86) Concurrent Reset Relocation Set 0.095ms
[97.148s][info][gc,phases   ] GC(86) Concurrent Select Relocation Set 61.838ms
[97.148s][info][gc,phases   ] GC(86) Pause Relocate Start 0.010ms
[97.216s][info][gc,phases   ] GC(86) Concurrent Relocate 67.748ms
[97.216s][info][gc,load     ] GC(86) Load: 0.00/0.00/0.00
[97.217s][info][gc,mmu      ] GC(86) MMU: 2ms/96.7%, 5ms/98.7%, 10ms/99.3%, 20ms/99.6%, 50ms/99.8%, 100ms/99.9%
[97.217s][info][gc,marking  ] GC(86) Mark: 4 stripe(s), 2 proactive flush(es), 1 terminate flush(es), 0 completion(s), 0 continuation(s) 
[97.217s][info][gc,marking  ] GC(86) Mark Stack Usage: 32M
[97.217s][info][gc,nmethod  ] GC(86) NMethods: 6759 registered, 3847 unregistered
[97.217s][info][gc,metaspace] GC(86) Metaspace: 65M used, 66M committed, 1088M reserved
[97.217s][info][gc,ref      ] GC(86) Soft: 4951 encountered, 0 discovered, 0 enqueued
[97.217s][info][gc,ref      ] GC(86) Weak: 6921 encountered, 2132 discovered, 356 enqueued
[97.217s][info][gc,ref      ] GC(86) Final: 126 encountered, 2 discovered, 0 enqueued
[97.217s][info][gc,ref      ] GC(86) Phantom: 617 encountered, 470 discovered, 0 enqueued
[97.217s][info][gc,reloc    ] GC(86) Small Pages: 1087 / 2174M, Empty: 1146M, Relocated: 74M, In-Place: 0
[97.217s][info][gc,reloc    ] GC(86) Medium Pages: 5 / 160M, Empty: 64M, Relocated: 13M, In-Place: 0
[97.217s][info][gc,reloc    ] GC(86) Large Pages: 27 / 178M, Empty: 154M, Relocated: 0M, In-Place: 0
[97.217s][info][gc,reloc    ] GC(86) Forwarding Usage: 72M
[97.217s][info][gc,heap     ] GC(86) Min Capacity: 8M(0%)
[97.217s][info][gc,heap     ] GC(86) Max Capacity: 4096M(100%)
[97.217s][info][gc,heap     ] GC(86) Soft Max Capacity: 4096M(100%)
[97.217s][info][gc,heap     ] GC(86)                Mark Start          Mark End        Relocate Start      Relocate End           High               Low         
[97.217s][info][gc,heap     ] GC(86)  Capacity:     3932M (96%)        3932M (96%)        3932M (96%)        3932M (96%)        3932M (96%)        3932M (96%)    
[97.217s][info][gc,heap     ] GC(86)      Free:     1584M (39%)        1416M (35%)        2730M (67%)        3438M (84%)        3438M (84%)        1410M (34%)    
[97.217s][info][gc,heap     ] GC(86)      Used:     2512M (61%)        2680M (65%)        1366M (33%)         658M (16%)        2686M (66%)         658M (16%)    
[97.217s][info][gc,heap     ] GC(86)      Live:         -               270M (7%)          270M (7%)          270M (7%)             -                  -          
[97.217s][info][gc,heap     ] GC(86) Allocated:         -               168M (4%)          218M (5%)          344M (8%)             -                  -          
[97.217s][info][gc,heap     ] GC(86)   Garbage:         -              2241M (55%)         877M (21%)          42M (1%)             -                  -          
[97.217s][info][gc,heap     ] GC(86) Reclaimed:         -                  -              1364M (33%)        2198M (54%)            -                  -          
[97.217s][info][gc          ] GC(86) Garbage Collection (Allocation Rate) 2512M(61%)->658M(16%)
[97.758s][info][gc,start    ] GC(87) Garbage Collection (Allocation Rate)
[97.758s][info][gc,task     ] GC(87) Using 4 workers
[97.759s][info][gc,phases   ] GC(87) Pause Mark Start 0.017ms
[98.008s][info][gc,phases   ] GC(87) Concurrent Mark 249.476ms
[98.009s][info][gc,phases   ] GC(87) Pause Mark End 0.033ms
[98.009s][info][gc,phases   ] GC(87) Concurrent Mark Free 0.001ms
[98.015s][info][gc,phases   ] GC(87) Concurrent Process Non-Strong References 6.479ms
[98.015s][info][gc,phases   ] GC(87) Concurrent Reset Relocation Set 0.105ms
[98.027s][info][gc,phases   ] GC(87) Concurrent Select Relocation Set 11.538ms
[98.027s][info][gc,phases   ] GC(87) Pause Relocate Start 0.012ms
[98.081s][info][gc,phases   ] GC(87) Concurrent Relocate 53.482ms
[98.081s][info][gc,load     ] GC(87) Load: 0.00/0.00/0.00
[98.081s][info][gc,mmu      ] GC(87) MMU: 2ms/96.7%, 5ms/98.7%, 10ms/99.3%, 20ms/99.6%, 50ms/99.8%, 100ms/99.9%
[98.081s][info][gc,marking  ] GC(87) Mark: 4 stripe(s), 2 proactive flush(es), 1 terminate flush(es), 0 completion(s), 0 continuation(s) 
[98.081s][info][gc,marking  ] GC(87) Mark Stack Usage: 32M
[98.081s][info][gc,nmethod  ] GC(87) NMethods: 6760 registered, 3856 unregistered
[98.081s][info][gc,metaspace] GC(87) Metaspace: 65M used, 66M committed, 1088M reserved
[98.081s][info][gc,ref      ] GC(87) Soft: 4947 encountered, 0 discovered, 0 enqueued
[98.081s][info][gc,ref      ] GC(87) Weak: 6598 encountered, 1636 discovered, 124 enqueued
[98.081s][info][gc,ref      ] GC(87) Final: 126 encountered, 1 discovered, 0 enqueued
[98.081s][info][gc,ref      ] GC(87) Phantom: 617 encountered, 452 discovered, 0 enqueued
[98.081s][info][gc,reloc    ] GC(87) Small Pages: 656 / 1312M, Empty: 654M, Relocated: 43M, In-Place: 0
[98.081s][info][gc,reloc    ] GC(87) Medium Pages: 7 / 224M, Empty: 192M, Relocated: 0M, In-Place: 0
[98.081s][info][gc,reloc    ] GC(87) Large Pages: 38 / 244M, Empty: 232M, Relocated: 0M, In-Place: 0
[98.081s][info][gc,reloc    ] GC(87) Forwarding Usage: 44M
[98.081s][info][gc,heap     ] GC(87) Min Capacity: 8M(0%)
[98.081s][info][gc,heap     ] GC(87) Max Capacity: 4096M(100%)
[98.081s][info][gc,heap     ] GC(87) Soft Max Capacity: 4096M(100%)
[98.081s][info][gc,heap     ] GC(87)                Mark Start          Mark End        Relocate Start      Relocate End           High               Low         
[98.081s][info][gc,heap     ] GC(87)  Capacity:     3932M (96%)        3932M (96%)        3932M (96%)        3932M (96%)        3932M (96%)        3932M (96%)    
[98.081s][info][gc,heap     ] GC(87)      Free:     2316M (57%)        2262M (55%)        3316M (81%)        3674M (90%)        3674M (90%)        2262M (55%)    
[98.081s][info][gc,heap     ] GC(87)      Used:     1780M (43%)        1834M (45%)         780M (19%)         422M (10%)        1834M (45%)         422M (10%)    
[98.081s][info][gc,heap     ] GC(87)      Live:         -               296M (7%)          296M (7%)          296M (7%)             -                  -          
[98.082s][info][gc,heap     ] GC(87) Allocated:         -                54M (1%)           78M (2%)           79M (2%)             -                  -          
[98.082s][info][gc,heap     ] GC(87)   Garbage:         -              1483M (36%)         405M (10%)          45M (1%)             -                  -          
[98.082s][info][gc,heap     ] GC(87) Reclaimed:         -                  -              1078M (26%)        1437M (35%)            -                  -          
[98.082s][info][gc          ] GC(87) Garbage Collection (Allocation Rate) 1780M(43%)->422M(10%)
[98.082s][info][gc,start    ] GC(88) Garbage Collection (System.gc())
[98.082s][info][gc,task     ] GC(88) Using 12 workers
[98.082s][info][gc,phases   ] GC(88) Pause Mark Start 0.013ms
[98.149s][info][gc,phases   ] GC(88) Concurrent Mark 66.903ms
[98.149s][info][gc,phases   ] GC(88) Pause Mark End 0.028ms
[98.149s][info][gc,phases   ] GC(88) Concurrent Mark Free 0.001ms
[98.151s][info][gc,phases   ] GC(88) Concurrent Process Non-Strong References 1.613ms
[98.151s][info][gc,phases   ] GC(88) Concurrent Reset Relocation Set 0.042ms
[98.159s][info][gc,phases   ] GC(88) Concurrent Select Relocation Set 7.995ms
[98.159s][info][gc,phases   ] GC(88) Pause Relocate Start 0.008ms
[98.160s][info][gc,phases   ] GC(88) Concurrent Relocate 1.425ms
[98.160s][info][gc,load     ] GC(88) Load: 0.00/0.00/0.00
[98.160s][info][gc,mmu      ] GC(88) MMU: 2ms/96.7%, 5ms/98.7%, 10ms/99.3%, 20ms/99.6%, 50ms/99.8%, 100ms/99.9%
[98.160s][info][gc,marking  ] GC(88) Mark: 8 stripe(s), 2 proactive flush(es), 1 terminate flush(es), 0 completion(s), 0 continuation(s) 
[98.160s][info][gc,marking  ] GC(88) Mark Stack Usage: 32M
[98.160s][info][gc,nmethod  ] GC(88) NMethods: 6760 registered, 3856 unregistered
[98.160s][info][gc,metaspace] GC(88) Metaspace: 65M used, 66M committed, 1088M reserved
[98.160s][info][gc,ref      ] GC(88) Soft: 4947 encountered, 0 discovered, 0 enqueued
[98.160s][info][gc,ref      ] GC(88) Weak: 6478 encountered, 594 discovered, 12 enqueued
[98.160s][info][gc,ref      ] GC(88) Final: 126 encountered, 2 discovered, 0 enqueued
[98.161s][info][gc,ref      ] GC(88) Phantom: 617 encountered, 458 discovered, 0 enqueued
[98.161s][info][gc,reloc    ] GC(88) Small Pages: 189 / 378M, Empty: 156M, Relocated: 1M, In-Place: 0
[98.161s][info][gc,reloc    ] GC(88) Medium Pages: 1 / 32M, Empty: 0M, Relocated: 0M, In-Place: 0
[98.161s][info][gc,reloc    ] GC(88) Large Pages: 2 / 12M, Empty: 12M, Relocated: 0M, In-Place: 0
[98.161s][info][gc,reloc    ] GC(88) Forwarding Usage: 0M
[98.161s][info][gc,heap     ] GC(88) Min Capacity: 8M(0%)
[98.161s][info][gc,heap     ] GC(88) Max Capacity: 4096M(100%)
[98.161s][info][gc,heap     ] GC(88) Soft Max Capacity: 4096M(100%)
[98.161s][info][gc,heap     ] GC(88)                Mark Start          Mark End        Relocate Start      Relocate End           High               Low         
[98.161s][info][gc,heap     ] GC(88)  Capacity:     3932M (96%)        3932M (96%)        3932M (96%)        3932M (96%)        3932M (96%)        3932M (96%)    
[98.161s][info][gc,heap     ] GC(88)      Free:     3674M (90%)        3672M (90%)        3830M (94%)        3838M (94%)        3846M (94%)        3672M (90%)    
[98.161s][info][gc,heap     ] GC(88)      Used:      422M (10%)         424M (10%)         266M (6%)          258M (6%)          424M (10%)         250M (6%)     
[98.161s][info][gc,heap     ] GC(88)      Live:         -               169M (4%)          169M (4%)          169M (4%)             -                  -          
[98.161s][info][gc,heap     ] GC(88) Allocated:         -                 2M (0%)           12M (0%)           23M (1%)             -                  -          
[98.161s][info][gc,heap     ] GC(88)   Garbage:         -               252M (6%)           84M (2%)           64M (2%)             -                  -          
[98.161s][info][gc,heap     ] GC(88) Reclaimed:         -                  -               168M (4%)          187M (5%)             -                  -          
[98.161s][info][gc          ] GC(88) Garbage Collection (System.gc()) 422M(10%)->258M(6%)
[99.948s][info][gc,start    ] GC(89) Garbage Collection (Allocation Rate)
[99.948s][info][gc,task     ] GC(89) Using 12 workers
[99.949s][info][gc,phases   ] GC(89) Pause Mark Start 0.011ms
[100.026s][info][gc,phases   ] GC(89) Concurrent Mark 77.662ms
[100.026s][info][gc,phases   ] GC(89) Pause Mark End 0.031ms
[100.027s][info][gc,phases   ] GC(89) Concurrent Mark Free 0.001ms
[100.030s][info][gc,phases   ] GC(89) Concurrent Process Non-Strong References 3.294ms
[100.030s][info][gc,phases   ] GC(89) Concurrent Reset Relocation Set 0.001ms
[100.039s][info][gc,phases   ] GC(89) Concurrent Select Relocation Set 9.322ms
[100.039s][info][gc,phases   ] GC(89) Pause Relocate Start 0.008ms
[100.052s][info][gc,phases   ] GC(89) Concurrent Relocate 12.770ms
[100.052s][info][gc,load     ] GC(89) Load: 0.00/0.00/0.00
[100.052s][info][gc,mmu      ] GC(89) MMU: 2ms/96.7%, 5ms/98.7%, 10ms/99.3%, 20ms/99.6%, 50ms/99.8%, 100ms/99.9%
[100.052s][info][gc,marking  ] GC(89) Mark: 8 stripe(s), 2 proactive flush(es), 1 terminate flush(es), 0 completion(s), 0 continuation(s) 
[100.052s][info][gc,marking  ] GC(89) Mark Stack Usage: 32M
[100.052s][info][gc,nmethod  ] GC(89) NMethods: 6493 registered, 4238 unregistered
[100.052s][info][gc,metaspace] GC(89) Metaspace: 65M used, 66M committed, 1088M reserved
[100.052s][info][gc,ref      ] GC(89) Soft: 4951 encountered, 0 discovered, 0 enqueued
[100.052s][info][gc,ref      ] GC(89) Weak: 6745 encountered, 1828 discovered, 103 enqueued
[100.052s][info][gc,ref      ] GC(89) Final: 126 encountered, 0 discovered, 0 enqueued
[100.052s][info][gc,ref      ] GC(89) Phantom: 620 encountered, 415 discovered, 0 enqueued
[100.052s][info][gc,reloc    ] GC(89) Small Pages: 1272 / 2544M, Empty: 2138M, Relocated: 22M, In-Place: 0
[100.052s][info][gc,reloc    ] GC(89) Medium Pages: 4 / 128M, Empty: 96M, Relocated: 0M, In-Place: 0
[100.052s][info][gc,reloc    ] GC(89) Large Pages: 18 / 124M, Empty: 100M, Relocated: 0M, In-Place: 0
[100.052s][info][gc,reloc    ] GC(89) Forwarding Usage: 22M
[100.052s][info][gc,heap     ] GC(89) Min Capacity: 8M(0%)
[100.052s][info][gc,heap     ] GC(89) Max Capacity: 4096M(100%)
[100.052s][info][gc,heap     ] GC(89) Soft Max Capacity: 4096M(100%)
[100.052s][info][gc,heap     ] GC(89)                Mark Start          Mark End        Relocate Start      Relocate End           High               Low         
[100.052s][info][gc,heap     ] GC(89)  Capacity:     3932M (96%)        3932M (96%)        3932M (96%)        3932M (96%)        3932M (96%)        3932M (96%)    
[100.052s][info][gc,heap     ] GC(89)      Free:     1300M (32%)        1250M (31%)        3560M (87%)        3754M (92%)        3754M (92%)        1248M (30%)    
[100.052s][info][gc,heap     ] GC(89)      Used:     2796M (68%)        2846M (69%)         536M (13%)         342M (8%)         2848M (70%)         342M (8%)     
[100.052s][info][gc,heap     ] GC(89)      Live:         -               213M (5%)          213M (5%)          213M (5%)             -                  -          
[100.053s][info][gc,heap     ] GC(89) Allocated:         -                50M (1%)           74M (2%)           79M (2%)             -                  -          
[100.053s][info][gc,heap     ] GC(89)   Garbage:         -              2582M (63%)         248M (6%)           48M (1%)             -                  -          
[100.053s][info][gc,heap     ] GC(89) Reclaimed:         -                  -              2334M (57%)        2533M (62%)            -                  -          
[100.053s][info][gc          ] GC(89) Garbage Collection (Allocation Rate) 2796M(68%)->342M(8%)
[100.151s][info][gc,stats    ] === Garbage Collection Statistics =======================================================================================================================
[100.151s][info][gc,stats    ]                                                              Last 10s              Last 10m              Last 10h                Total
[100.152s][info][gc,stats    ]                                                              Avg / Max             Avg / Max             Avg / Max             Avg / Max
[100.152s][info][gc,stats    ]   Collector: Garbage Collection Cycle                    279.525 / 541.961     311.474 / 2470.825    311.474 / 2470.825    311.474 / 2470.825    ms
[100.152s][info][gc,stats    ]  Contention: Mark Segment Reset Contention                    10 / 23               11 / 255              11 / 255              11 / 255         ops/s
[100.152s][info][gc,stats    ]  Contention: Mark SeqNum Reset Contention                      0 / 2                 0 / 3                 0 / 3                 0 / 3           ops/s
[100.152s][info][gc,stats    ]    Critical: Allocation Stall                                  0 / 0                 0 / 0                 0 / 0                 0 / 0           ops/s
[100.152s][info][gc,stats    ]    Critical: Allocation Stall                              0.000 / 0.000         0.000 / 0.000         0.000 / 0.000         0.000 / 0.000       ms
[100.152s][info][gc,stats    ]    Critical: GC Locker Stall                                   0 / 0                 0 / 0                 0 / 0                 0 / 0           ops/s
[100.152s][info][gc,stats    ]    Critical: GC Locker Stall                               0.000 / 0.000         0.000 / 0.000         0.000 / 0.000         0.000 / 0.000       ms
[100.152s][info][gc,stats    ]    Critical: Relocation Stall                                  0 / 0                 0 / 0                 0 / 0                 0 / 0           ops/s
[100.152s][info][gc,stats    ]    Critical: Relocation Stall                              0.000 / 0.000         0.000 / 0.000         0.000 / 0.000         0.000 / 0.000       ms
[100.152s][info][gc,stats    ]      Memory: Allocation Rate                                1314 / 2206           1114 / 3096           1114 / 3096           1114 / 3096        MB/s
[100.152s][info][gc,stats    ]      Memory: Defragment                                        0 / 0                 0 / 2                 0 / 2                 0 / 2           ops/s
[100.152s][info][gc,stats    ]      Memory: Out Of Memory                                     0 / 0                 0 / 0                 0 / 0                 0 / 0           ops/s
[100.152s][info][gc,stats    ]      Memory: Page Cache Flush                                  0 / 0                 0 / 4                 0 / 4                 0 / 4           MB/s
[100.152s][info][gc,stats    ]      Memory: Page Cache Hit L1                               622 / 1066            521 / 1402            521 / 1402            521 / 1402        ops/s
[100.152s][info][gc,stats    ]      Memory: Page Cache Hit L2                                 0 / 0                 0 / 0                 0 / 0                 0 / 0           ops/s
[100.152s][info][gc,stats    ]      Memory: Page Cache Hit L3                                 0 / 0                 9 / 286               9 / 286               9 / 286         ops/s
[100.152s][info][gc,stats    ]      Memory: Page Cache Miss                                   0 / 0                 7 / 558               7 / 558               7 / 558         ops/s
[100.152s][info][gc,stats    ]      Memory: Uncommit                                          0 / 0                 0 / 0                 0 / 0                 0 / 0           MB/s
[100.152s][info][gc,stats    ]      Memory: Undo Object Allocation Failed                     0 / 0                 0 / 0                 0 / 0                 0 / 0           ops/s
[100.152s][info][gc,stats    ]      Memory: Undo Object Allocation Succeeded                  0 / 2                22 / 1568             22 / 1568             22 / 1568        ops/s
[100.152s][info][gc,stats    ]      Memory: Undo Page Allocation                              0 / 0                 0 / 3                 0 / 3                 0 / 3           ops/s
[100.152s][info][gc,stats    ]       Phase: Concurrent Mark                             206.354 / 358.882     223.520 / 1600.769    223.520 / 1600.769    223.520 / 1600.769    ms
[100.152s][info][gc,stats    ]       Phase: Concurrent Mark Continue                      0.000 / 0.000         0.000 / 0.000         0.000 / 0.000         0.000 / 0.000       ms
[100.152s][info][gc,stats    ]       Phase: Concurrent Mark Free                          0.001 / 0.001         0.006 / 0.412         0.006 / 0.412         0.006 / 0.412       ms
[100.152s][info][gc,stats    ]       Phase: Concurrent Process Non-Strong References      4.372 / 10.390        5.275 / 35.438        5.275 / 35.438        5.275 / 35.438      ms
[100.152s][info][gc,stats    ]       Phase: Concurrent Relocate                          45.177 / 127.329      54.043 / 702.452      54.043 / 702.452      54.043 / 702.452     ms
[100.152s][info][gc,stats    ]       Phase: Concurrent Reset Relocation Set               0.080 / 0.176         0.075 / 0.246         0.075 / 0.246         0.075 / 0.246       ms
[100.152s][info][gc,stats    ]       Phase: Concurrent Select Relocation Set             21.091 / 61.838       27.136 / 130.936      27.136 / 130.936      27.136 / 130.936     ms
[100.153s][info][gc,stats    ]       Phase: Pause Mark End                                0.028 / 0.033         0.027 / 0.067         0.027 / 0.067         0.027 / 0.067       ms
[100.153s][info][gc,stats    ]       Phase: Pause Mark Start                              0.015 / 0.018         0.014 / 0.020         0.014 / 0.020         0.014 / 0.020       ms
[100.153s][info][gc,stats    ]       Phase: Pause Relocate Start                          0.009 / 0.012         0.010 / 0.014         0.010 / 0.014         0.010 / 0.014       ms
[100.153s][info][gc,stats    ]    Subphase: Concurrent Classes Purge                      0.709 / 5.642         0.340 / 11.088        0.340 / 11.088        0.340 / 11.088      ms
[100.153s][info][gc,stats    ]    Subphase: Concurrent Classes Unlink                     2.821 / 4.947         3.973 / 29.134        3.973 / 29.134        3.973 / 29.134      ms
[100.153s][info][gc,stats    ]    Subphase: Concurrent Mark                             158.595 / 351.540     166.273 / 1589.527    166.273 / 1589.527    166.273 / 1589.527    ms
[100.153s][info][gc,stats    ]    Subphase: Concurrent Mark Try Flush                     0.148 / 0.335         0.189 / 16.605        0.189 / 16.605        0.189 / 16.605      ms
[100.153s][info][gc,stats    ]    Subphase: Concurrent Mark Try Terminate                 8.139 / 16.279       10.274 / 16.803       10.274 / 16.803       10.274 / 16.803      ms
[100.153s][info][gc,stats    ]    Subphase: Concurrent References Enqueue                 0.002 / 0.005         0.003 / 0.005         0.003 / 0.005         0.003 / 0.005       ms
[100.153s][info][gc,stats    ]    Subphase: Concurrent References Process                 0.128 / 0.190         0.132 / 0.308         0.132 / 0.308         0.132 / 0.308       ms
[100.153s][info][gc,stats    ]    Subphase: Concurrent Roots ClassLoaderDataGraph         0.134 / 0.615         0.117 / 0.947         0.117 / 0.947         0.117 / 0.947       ms
[100.153s][info][gc,stats    ]    Subphase: Concurrent Roots CodeCache                    0.000 / 0.000         0.000 / 0.000         0.000 / 0.000         0.000 / 0.000       ms
[100.153s][info][gc,stats    ]    Subphase: Concurrent Roots JavaThreads                  6.106 / 10.724        6.513 / 17.424        6.513 / 17.424        6.513 / 17.424      ms
[100.153s][info][gc,stats    ]    Subphase: Concurrent Roots OopStorageSet                0.041 / 0.076         0.040 / 0.272         0.040 / 0.272         0.040 / 0.272       ms
[100.153s][info][gc,stats    ]    Subphase: Concurrent Weak Roots OopStorageSet           0.321 / 0.897         0.327 / 4.541         0.327 / 4.541         0.327 / 4.541       ms
[100.153s][info][gc,stats    ]    Subphase: Pause Mark Try Complete                       0.000 / 0.000         0.001 / 0.006         0.001 / 0.006         0.001 / 0.006       ms
[100.153s][info][gc,stats    ]      System: Java Threads                                    274 / 278             227 / 281             227 / 281             227 / 281         threads
[100.153s][info][gc,stats    ] =========================================================================================================================================================
[102.543s][info][gc,start    ] GC(90) Garbage Collection (Allocation Rate)
[102.543s][info][gc,task     ] GC(90) Using 12 workers
[102.543s][info][gc,phases   ] GC(90) Pause Mark Start 0.017ms
[102.611s][info][gc,phases   ] GC(90) Concurrent Mark 67.449ms
[102.612s][info][gc,phases   ] GC(90) Pause Mark End 0.058ms
[102.612s][info][gc,phases   ] GC(90) Concurrent Mark Free 0.001ms
[102.615s][info][gc,phases   ] GC(90) Concurrent Process Non-Strong References 3.620ms
[102.615s][info][gc,phases   ] GC(90) Concurrent Reset Relocation Set 0.045ms
[102.620s][info][gc,phases   ] GC(90) Concurrent Select Relocation Set 4.795ms
[102.620s][info][gc,phases   ] GC(90) Pause Relocate Start 0.007ms
[102.627s][info][gc,phases   ] GC(90) Concurrent Relocate 6.346ms
[102.627s][info][gc,load     ] GC(90) Load: 0.00/0.00/0.00
[102.627s][info][gc,mmu      ] GC(90) MMU: 2ms/96.7%, 5ms/98.7%, 10ms/99.3%, 20ms/99.6%, 50ms/99.8%, 100ms/99.9%
[102.627s][info][gc,marking  ] GC(90) Mark: 8 stripe(s), 3 proactive flush(es), 1 terminate flush(es), 1 completion(s), 0 continuation(s) 
[102.627s][info][gc,marking  ] GC(90) Mark Stack Usage: 32M
[102.627s][info][gc,nmethod  ] GC(90) NMethods: 6436 registered, 4505 unregistered
[102.627s][info][gc,metaspace] GC(90) Metaspace: 66M used, 67M committed, 1088M reserved
[102.627s][info][gc,ref      ] GC(90) Soft: 4955 encountered, 0 discovered, 0 enqueued
[102.627s][info][gc,ref      ] GC(90) Weak: 6895 encountered, 1021 discovered, 272 enqueued
[102.627s][info][gc,ref      ] GC(90) Final: 126 encountered, 0 discovered, 0 enqueued
[102.627s][info][gc,ref      ] GC(90) Phantom: 623 encountered, 608 discovered, 0 enqueued
[102.627s][info][gc,reloc    ] GC(90) Small Pages: 1626 / 3252M, Empty: 2882M, Relocated: 9M, In-Place: 0
[102.627s][info][gc,reloc    ] GC(90) Medium Pages: 5 / 160M, Empty: 128M, Relocated: 0M, In-Place: 0
[102.627s][info][gc,reloc    ] GC(90) Large Pages: 31 / 202M, Empty: 196M, Relocated: 0M, In-Place: 0
[102.627s][info][gc,reloc    ] GC(90) Forwarding Usage: 8M
[102.627s][info][gc,heap     ] GC(90) Min Capacity: 8M(0%)
[102.627s][info][gc,heap     ] GC(90) Max Capacity: 4096M(100%)
[102.627s][info][gc,heap     ] GC(90) Soft Max Capacity: 4096M(100%)
[102.627s][info][gc,heap     ] GC(90)                Mark Start          Mark End        Relocate Start      Relocate End           High               Low         
[102.627s][info][gc,heap     ] GC(90)  Capacity:     3932M (96%)        3932M (96%)        3932M (96%)        3932M (96%)        3932M (96%)        3932M (96%)    
[102.627s][info][gc,heap     ] GC(90)      Free:      482M (12%)         444M (11%)        3642M (89%)        3812M (93%)        3812M (93%)         440M (11%)    
[102.627s][info][gc,heap     ] GC(90)      Used:     3614M (88%)        3652M (89%)         454M (11%)         284M (7%)         3656M (89%)         284M (7%)     
[102.627s][info][gc,heap     ] GC(90)      Live:         -               183M (4%)          183M (4%)          183M (4%)             -                  -          
[102.627s][info][gc,heap     ] GC(90) Allocated:         -                38M (1%)           46M (1%)           46M (1%)             -                  -          
[102.627s][info][gc,heap     ] GC(90)   Garbage:         -              3430M (84%)         224M (5%)           54M (1%)             -                  -          
[102.627s][info][gc,heap     ] GC(90) Reclaimed:         -                  -              3206M (78%)        3376M (82%)            -                  -          
[102.627s][info][gc          ] GC(90) Garbage Collection (Allocation Rate) 3614M(88%)->284M(7%)
[103.932s][info][gc,start    ] GC(91) Garbage Collection (System.gc())
[103.932s][info][gc,task     ] GC(91) Using 12 workers
[103.932s][info][gc,phases   ] GC(91) Pause Mark Start 0.017ms
[103.993s][info][gc,phases   ] GC(91) Concurrent Mark 60.449ms
[103.993s][info][gc,phases   ] GC(91) Pause Mark End 0.022ms
[103.993s][info][gc,phases   ] GC(91) Concurrent Mark Free 0.002ms
[103.995s][info][gc,phases   ] GC(91) Concurrent Process Non-Strong References 1.806ms
[103.995s][info][gc,phases   ] GC(91) Concurrent Reset Relocation Set 0.018ms
[104.000s][info][gc,phases   ] GC(91) Concurrent Select Relocation Set 5.332ms
[104.000s][info][gc,phases   ] GC(91) Pause Relocate Start 0.007ms
[104.003s][info][gc,phases   ] GC(91) Concurrent Relocate 2.284ms
[104.003s][info][gc,load     ] GC(91) Load: 0.00/0.00/0.00
[104.003s][info][gc,mmu      ] GC(91) MMU: 2ms/96.7%, 5ms/98.7%, 10ms/99.3%, 20ms/99.6%, 50ms/99.8%, 100ms/99.9%
[104.003s][info][gc,marking  ] GC(91) Mark: 8 stripe(s), 1 proactive flush(es), 1 terminate flush(es), 0 completion(s), 0 continuation(s) 
[104.003s][info][gc,marking  ] GC(91) Mark Stack Usage: 32M
[104.003s][info][gc,nmethod  ] GC(91) NMethods: 6463 registered, 4512 unregistered
[104.003s][info][gc,metaspace] GC(91) Metaspace: 66M used, 67M committed, 1088M reserved
[104.003s][info][gc,ref      ] GC(91) Soft: 4947 encountered, 0 discovered, 0 enqueued
[104.003s][info][gc,ref      ] GC(91) Weak: 6682 encountered, 896 discovered, 206 enqueued
[104.003s][info][gc,ref      ] GC(91) Final: 126 encountered, 0 discovered, 0 enqueued
[104.003s][info][gc,ref      ] GC(91) Phantom: 617 encountered, 549 discovered, 0 enqueued
[104.003s][info][gc,reloc    ] GC(91) Small Pages: 1018 / 2036M, Empty: 1766M, Relocated: 2M, In-Place: 0
[104.003s][info][gc,reloc    ] GC(91) Medium Pages: 7 / 224M, Empty: 192M, Relocated: 0M, In-Place: 0
[104.003s][info][gc,reloc    ] GC(91) Large Pages: 40 / 260M, Empty: 260M, Relocated: 0M, In-Place: 0
[104.003s][info][gc,reloc    ] GC(91) Forwarding Usage: 1M
[104.003s][info][gc,heap     ] GC(91) Min Capacity: 8M(0%)
[104.003s][info][gc,heap     ] GC(91) Max Capacity: 4096M(100%)
[104.003s][info][gc,heap     ] GC(91) Soft Max Capacity: 4096M(100%)
[104.003s][info][gc,heap     ] GC(91)                Mark Start          Mark End        Relocate Start      Relocate End           High               Low         
[104.003s][info][gc,heap     ] GC(91)  Capacity:     3932M (96%)        3932M (96%)        3932M (96%)        3932M (96%)        3932M (96%)        3932M (96%)    
[104.003s][info][gc,heap     ] GC(91)      Free:     1576M (38%)        1576M (38%)        3764M (92%)        3832M (94%)        3832M (94%)        1574M (38%)    
[104.003s][info][gc,heap     ] GC(91)      Used:     2520M (62%)        2520M (62%)         332M (8%)          264M (6%)         2522M (62%)         264M (6%)     
[104.003s][info][gc,heap     ] GC(91)      Live:         -               169M (4%)          169M (4%)          169M (4%)             -                  -          
[104.003s][info][gc,heap     ] GC(91) Allocated:         -                 0M (0%)           30M (1%)           31M (1%)             -                  -          
[104.003s][info][gc,heap     ] GC(91)   Garbage:         -              2350M (57%)         132M (3%)           62M (2%)             -                  -          
[104.003s][info][gc,heap     ] GC(91) Reclaimed:         -                  -              2218M (54%)        2287M (56%)            -                  -          
[104.003s][info][gc          ] GC(91) Garbage Collection (System.gc()) 2520M(62%)->264M(6%)
[104.951s][info][gc,start    ] GC(92) Garbage Collection (Allocation Rate)
[104.952s][info][gc,task     ] GC(92) Using 3 workers
[104.952s][info][gc,phases   ] GC(92) Pause Mark Start 0.018ms
[105.537s][info][gc,phases   ] GC(92) Concurrent Mark 585.253ms
[105.537s][info][gc,phases   ] GC(92) Pause Mark End 0.022ms
[105.537s][info][gc,phases   ] GC(92) Concurrent Mark Free 0.001ms
[105.544s][info][gc,phases   ] GC(92) Concurrent Process Non-Strong References 6.426ms
[105.544s][info][gc,phases   ] GC(92) Concurrent Reset Relocation Set 0.004ms
[105.595s][info][gc,phases   ] GC(92) Concurrent Select Relocation Set 51.055ms
[105.595s][info][gc,phases   ] GC(92) Pause Relocate Start 0.013ms
[105.786s][info][gc,phases   ] GC(92) Concurrent Relocate 190.282ms
[105.786s][info][gc,load     ] GC(92) Load: 0.00/0.00/0.00
[105.786s][info][gc,mmu      ] GC(92) MMU: 2ms/96.7%, 5ms/98.7%, 10ms/99.3%, 20ms/99.6%, 50ms/99.8%, 100ms/99.9%
[105.786s][info][gc,marking  ] GC(92) Mark: 2 stripe(s), 2 proactive flush(es), 1 terminate flush(es), 0 completion(s), 0 continuation(s) 
[105.786s][info][gc,marking  ] GC(92) Mark Stack Usage: 32M
[105.786s][info][gc,nmethod  ] GC(92) NMethods: 6492 registered, 4517 unregistered
[105.786s][info][gc,metaspace] GC(92) Metaspace: 66M used, 67M committed, 1088M reserved
[105.786s][info][gc,ref      ] GC(92) Soft: 4951 encountered, 0 discovered, 0 enqueued
[105.786s][info][gc,ref      ] GC(92) Weak: 6542 encountered, 2151 discovered, 17 enqueued
[105.786s][info][gc,ref      ] GC(92) Final: 126 encountered, 0 discovered, 0 enqueued
[105.786s][info][gc,ref      ] GC(92) Phantom: 617 encountered, 522 discovered, 0 enqueued
[105.786s][info][gc,reloc    ] GC(92) Small Pages: 1112 / 2224M, Empty: 0M, Relocated: 190M, In-Place: 0
[105.786s][info][gc,reloc    ] GC(92) Medium Pages: 2 / 64M, Empty: 32M, Relocated: 0M, In-Place: 0
[105.786s][info][gc,reloc    ] GC(92) Large Pages: 13 / 94M, Empty: 30M, Relocated: 0M, In-Place: 0
[105.786s][info][gc,reloc    ] GC(92) Forwarding Usage: 153M
[105.786s][info][gc,heap     ] GC(92) Min Capacity: 8M(0%)
[105.786s][info][gc,heap     ] GC(92) Max Capacity: 4096M(100%)
[105.786s][info][gc,heap     ] GC(92) Soft Max Capacity: 4096M(100%)
[105.786s][info][gc,heap     ] GC(92)                Mark Start          Mark End        Relocate Start      Relocate End           High               Low         
[105.786s][info][gc,heap     ] GC(92)  Capacity:     3932M (96%)        3932M (96%)        3932M (96%)        3932M (96%)        3932M (96%)        3932M (96%)    
[105.786s][info][gc,heap     ] GC(92)      Free:     1714M (42%)        1548M (38%)        1596M (39%)        3394M (83%)        3398M (83%)        1548M (38%)    
[105.786s][info][gc,heap     ] GC(92)      Used:     2382M (58%)        2548M (62%)        2500M (61%)         702M (17%)        2548M (62%)         698M (17%)    
[105.786s][info][gc,heap     ] GC(92)      Live:         -               426M (10%)         426M (10%)         426M (10%)            -                  -          
[105.786s][info][gc,heap     ] GC(92) Allocated:         -               166M (4%)          180M (4%)          227M (6%)             -                  -          
[105.786s][info][gc,heap     ] GC(92)   Garbage:         -              1955M (48%)        1893M (46%)          47M (1%)             -                  -          
[105.786s][info][gc,heap     ] GC(92) Reclaimed:         -                  -                62M (2%)         1907M (47%)            -                  -          
[105.786s][info][gc          ] GC(92) Garbage Collection (Allocation Rate) 2382M(58%)->702M(17%)
[105.857s][info][gc,start    ] GC(93) Garbage Collection (Allocation Rate)
[105.857s][info][gc,task     ] GC(93) Using 7 workers
[105.857s][info][gc,phases   ] GC(93) Pause Mark Start 0.013ms
[105.950s][info][gc,phases   ] GC(93) Concurrent Mark 93.293ms
[105.950s][info][gc,phases   ] GC(93) Pause Mark End 0.025ms
[105.950s][info][gc,phases   ] GC(93) Concurrent Mark Free 0.001ms
[105.953s][info][gc,phases   ] GC(93) Concurrent Process Non-Strong References 2.587ms
[105.953s][info][gc,phases   ] GC(93) Concurrent Reset Relocation Set 0.200ms
[105.972s][info][gc,phases   ] GC(93) Concurrent Select Relocation Set 18.570ms
[105.972s][info][gc,phases   ] GC(93) Pause Relocate Start 0.009ms
[105.980s][info][gc,phases   ] GC(93) Concurrent Relocate 7.646ms
[105.980s][info][gc,load     ] GC(93) Load: 0.00/0.00/0.00
[105.980s][info][gc,mmu      ] GC(93) MMU: 2ms/96.7%, 5ms/98.7%, 10ms/99.3%, 20ms/99.6%, 50ms/99.8%, 100ms/99.9%
[105.980s][info][gc,marking  ] GC(93) Mark: 4 stripe(s), 2 proactive flush(es), 1 terminate flush(es), 0 completion(s), 0 continuation(s) 
[105.980s][info][gc,marking  ] GC(93) Mark Stack Usage: 32M
[105.980s][info][gc,nmethod  ] GC(93) NMethods: 6515 registered, 4522 unregistered
[105.980s][info][gc,metaspace] GC(93) Metaspace: 66M used, 67M committed, 1088M reserved
[105.980s][info][gc,ref      ] GC(93) Soft: 4951 encountered, 0 discovered, 0 enqueued
[105.980s][info][gc,ref      ] GC(93) Weak: 6743 encountered, 1004 discovered, 87 enqueued
[105.980s][info][gc,ref      ] GC(93) Final: 126 encountered, 1 discovered, 0 enqueued
[105.980s][info][gc,ref      ] GC(93) Phantom: 621 encountered, 472 discovered, 0 enqueued
[105.980s][info][gc,reloc    ] GC(93) Small Pages: 300 / 600M, Empty: 340M, Relocated: 6M, In-Place: 0
[105.980s][info][gc,reloc    ] GC(93) Medium Pages: 2 / 64M, Empty: 32M, Relocated: 0M, In-Place: 0
[105.980s][info][gc,reloc    ] GC(93) Large Pages: 9 / 70M, Empty: 70M, Relocated: 0M, In-Place: 0
[105.980s][info][gc,reloc    ] GC(93) Forwarding Usage: 4M
[105.980s][info][gc,heap     ] GC(93) Min Capacity: 8M(0%)
[105.980s][info][gc,heap     ] GC(93) Max Capacity: 4096M(100%)
[105.980s][info][gc,heap     ] GC(93) Soft Max Capacity: 4096M(100%)
[105.980s][info][gc,heap     ] GC(93)                Mark Start          Mark End        Relocate Start      Relocate End           High               Low         
[105.980s][info][gc,heap     ] GC(93)  Capacity:     3932M (96%)        3932M (96%)        3932M (96%)        3932M (96%)        3932M (96%)        3932M (96%)    
[105.980s][info][gc,heap     ] GC(93)      Free:     3362M (82%)        3194M (78%)        3620M (88%)        3690M (90%)        3690M (90%)        3188M (78%)    
[105.980s][info][gc,heap     ] GC(93)      Used:      734M (18%)         902M (22%)         476M (12%)         406M (10%)         908M (22%)         406M (10%)    
[105.980s][info][gc,heap     ] GC(93)      Live:         -               171M (4%)          171M (4%)          171M (4%)             -                  -          
[105.980s][info][gc,heap     ] GC(93) Allocated:         -               168M (4%)          184M (4%)          187M (5%)             -                  -          
[105.980s][info][gc,heap     ] GC(93)   Garbage:         -               562M (14%)         120M (3%)           46M (1%)             -                  -          
[105.980s][info][gc,heap     ] GC(93) Reclaimed:         -                  -               442M (11%)         515M (13%)            -                  -          
[105.980s][info][gc          ] GC(93) Garbage Collection (Allocation Rate) 734M(18%)->406M(10%)
[106.645s][info][gc,start    ] GC(94) Garbage Collection (Allocation Rate)
[106.645s][info][gc,task     ] GC(94) Using 7 workers
[106.646s][info][gc,phases   ] GC(94) Pause Mark Start 0.017ms
[106.848s][info][gc,phases   ] GC(94) Concurrent Mark 202.591ms
[106.848s][info][gc,phases   ] GC(94) Pause Mark End 0.024ms
[106.849s][info][gc,phases   ] GC(94) Concurrent Mark Free 0.001ms
[106.851s][info][gc,phases   ] GC(94) Concurrent Process Non-Strong References 2.746ms
[106.851s][info][gc,phases   ] GC(94) Concurrent Reset Relocation Set 0.007ms
[106.894s][info][gc,phases   ] GC(94) Concurrent Select Relocation Set 42.822ms
[106.894s][info][gc,phases   ] GC(94) Pause Relocate Start 0.008ms
[106.956s][info][gc,phases   ] GC(94) Concurrent Relocate 61.219ms
[106.956s][info][gc,load     ] GC(94) Load: 0.00/0.00/0.00
[106.956s][info][gc,mmu      ] GC(94) MMU: 2ms/96.7%, 5ms/98.7%, 10ms/99.3%, 20ms/99.6%, 50ms/99.8%, 100ms/99.9%
[106.956s][info][gc,marking  ] GC(94) Mark: 4 stripe(s), 2 proactive flush(es), 1 terminate flush(es), 0 completion(s), 0 continuation(s) 
[106.956s][info][gc,marking  ] GC(94) Mark Stack Usage: 32M
[106.956s][info][gc,nmethod  ] GC(94) NMethods: 6521 registered, 4523 unregistered
[106.956s][info][gc,metaspace] GC(94) Metaspace: 66M used, 67M committed, 1088M reserved
[106.956s][info][gc,ref      ] GC(94) Soft: 4955 encountered, 0 discovered, 0 enqueued
[106.956s][info][gc,ref      ] GC(94) Weak: 6660 encountered, 833 discovered, 83 enqueued
[106.956s][info][gc,ref      ] GC(94) Final: 126 encountered, 1 discovered, 0 enqueued
[106.956s][info][gc,ref      ] GC(94) Phantom: 617 encountered, 471 discovered, 0 enqueued
[106.956s][info][gc,reloc    ] GC(94) Small Pages: 750 / 1500M, Empty: 24M, Relocated: 150M, In-Place: 0
[106.956s][info][gc,reloc    ] GC(94) Medium Pages: 3 / 96M, Empty: 64M, Relocated: 0M, In-Place: 0
[106.956s][info][gc,reloc    ] GC(94) Large Pages: 16 / 112M, Empty: 48M, Relocated: 0M, In-Place: 0
[106.956s][info][gc,reloc    ] GC(94) Forwarding Usage: 99M
[106.956s][info][gc,heap     ] GC(94) Min Capacity: 8M(0%)
[106.956s][info][gc,heap     ] GC(94) Max Capacity: 4096M(100%)
[106.956s][info][gc,heap     ] GC(94) Soft Max Capacity: 4096M(100%)
[106.956s][info][gc,heap     ] GC(94)                Mark Start          Mark End        Relocate Start      Relocate End           High               Low         
[106.956s][info][gc,heap     ] GC(94)  Capacity:     3932M (96%)        3932M (96%)        3932M (96%)        3932M (96%)        3932M (96%)        3932M (96%)    
[106.956s][info][gc,heap     ] GC(94)      Free:     2388M (58%)        1982M (48%)        2016M (49%)        3072M (75%)        3078M (75%)        1966M (48%)    
[106.956s][info][gc,heap     ] GC(94)      Used:     1708M (42%)        2114M (52%)        2080M (51%)        1024M (25%)        2130M (52%)        1018M (25%)    
[106.956s][info][gc,heap     ] GC(94)      Live:         -               387M (9%)          387M (9%)          387M (9%)             -                  -          
[106.957s][info][gc,heap     ] GC(94) Allocated:         -               406M (10%)         508M (12%)         585M (14%)            -                  -          
[106.957s][info][gc,heap     ] GC(94)   Garbage:         -              1320M (32%)        1184M (29%)          51M (1%)             -                  -          
[106.957s][info][gc,heap     ] GC(94) Reclaimed:         -                  -               136M (3%)         1269M (31%)            -                  -          
[106.957s][info][gc          ] GC(94) Garbage Collection (Allocation Rate) 1708M(42%)->1024M(25%)
[106.958s][info][gc,start    ] GC(95) Garbage Collection (Allocation Rate)
[106.958s][info][gc,task     ] GC(95) Using 8 workers
[106.958s][info][gc,phases   ] GC(95) Pause Mark Start 0.009ms
[107.208s][info][gc,phases   ] GC(95) Concurrent Mark 249.691ms
[107.208s][info][gc,phases   ] GC(95) Pause Mark End 0.034ms
[107.208s][info][gc,phases   ] GC(95) Concurrent Mark Free 0.001ms
[107.210s][info][gc,phases   ] GC(95) Concurrent Process Non-Strong References 2.389ms
[107.210s][info][gc,phases   ] GC(95) Concurrent Reset Relocation Set 0.121ms
[107.221s][info][gc,phases   ] GC(95) Concurrent Select Relocation Set 10.230ms
[107.221s][info][gc,phases   ] GC(95) Pause Relocate Start 0.012ms
[107.251s][info][gc,phases   ] GC(95) Concurrent Relocate 29.647ms
[107.251s][info][gc,load     ] GC(95) Load: 0.00/0.00/0.00
[107.251s][info][gc,mmu      ] GC(95) MMU: 2ms/96.7%, 5ms/98.7%, 10ms/99.3%, 20ms/99.6%, 50ms/99.8%, 100ms/99.9%
[107.251s][info][gc,marking  ] GC(95) Mark: 8 stripe(s), 2 proactive flush(es), 1 terminate flush(es), 0 completion(s), 0 continuation(s) 
[107.251s][info][gc,marking  ] GC(95) Mark Stack Usage: 32M
[107.251s][info][gc,nmethod  ] GC(95) NMethods: 6521 registered, 4523 unregistered
[107.251s][info][gc,metaspace] GC(95) Metaspace: 66M used, 67M committed, 1088M reserved
[107.251s][info][gc,ref      ] GC(95) Soft: 4955 encountered, 0 discovered, 0 enqueued
[107.251s][info][gc,ref      ] GC(95) Weak: 6577 encountered, 1073 discovered, 0 enqueued
[107.251s][info][gc,ref      ] GC(95) Final: 126 encountered, 0 discovered, 0 enqueued
[107.251s][info][gc,ref      ] GC(95) Phantom: 617 encountered, 495 discovered, 0 enqueued
[107.251s][info][gc,reloc    ] GC(95) Small Pages: 465 / 930M, Empty: 0M, Relocated: 48M, In-Place: 0
[107.251s][info][gc,reloc    ] GC(95) Medium Pages: 1 / 32M, Empty: 0M, Relocated: 0M, In-Place: 0
[107.251s][info][gc,reloc    ] GC(95) Large Pages: 8 / 64M, Empty: 0M, Relocated: 0M, In-Place: 0
[107.251s][info][gc,reloc    ] GC(95) Forwarding Usage: 44M
[107.251s][info][gc,heap     ] GC(95) Min Capacity: 8M(0%)
[107.251s][info][gc,heap     ] GC(95) Max Capacity: 4096M(100%)
[107.251s][info][gc,heap     ] GC(95) Soft Max Capacity: 4096M(100%)
[107.251s][info][gc,heap     ] GC(95)                Mark Start          Mark End        Relocate Start      Relocate End           High               Low         
[107.251s][info][gc,heap     ] GC(95)  Capacity:     3932M (96%)        3932M (96%)        3932M (96%)        3932M (96%)        3932M (96%)        3932M (96%)    
[107.251s][info][gc,heap     ] GC(95)      Free:     3070M (75%)        2770M (68%)        2770M (68%)        3318M (81%)        3318M (81%)        2752M (67%)    
[107.251s][info][gc,heap     ] GC(95)      Used:     1026M (25%)        1326M (32%)        1326M (32%)         778M (19%)        1344M (33%)         778M (19%)    
[107.251s][info][gc,heap     ] GC(95)      Live:         -               416M (10%)         416M (10%)         416M (10%)            -                  -          
[107.251s][info][gc,heap     ] GC(95) Allocated:         -               300M (7%)          300M (7%)          301M (7%)             -                  -          
[107.251s][info][gc,heap     ] GC(95)   Garbage:         -               609M (15%)         609M (15%)          60M (1%)             -                  -          
[107.251s][info][gc,heap     ] GC(95) Reclaimed:         -                  -                 0M (0%)          549M (13%)            -                  -          
[107.251s][info][gc          ] GC(95) Garbage Collection (Allocation Rate) 1026M(25%)->778M(19%)
[108.957s][info][gc,start    ] GC(96) Garbage Collection (Allocation Rate)
[108.957s][info][gc,task     ] GC(96) Using 8 workers
[108.958s][info][gc,phases   ] GC(96) Pause Mark Start 0.012ms
[109.080s][info][gc,phases   ] GC(96) Concurrent Mark 122.616ms
[109.081s][info][gc,phases   ] GC(96) Pause Mark End 0.032ms
[109.081s][info][gc,phases   ] GC(96) Concurrent Mark Free 0.001ms
[109.083s][info][gc,phases   ] GC(96) Concurrent Process Non-Strong References 2.610ms
[109.083s][info][gc,phases   ] GC(96) Concurrent Reset Relocation Set 0.067ms
[109.128s][info][gc,phases   ] GC(96) Concurrent Select Relocation Set 44.428ms
[109.128s][info][gc,phases   ] GC(96) Pause Relocate Start 0.013ms
[109.172s][info][gc,phases   ] GC(96) Concurrent Relocate 44.156ms
[109.172s][info][gc,load     ] GC(96) Load: 0.00/0.00/0.00
[109.172s][info][gc,mmu      ] GC(96) MMU: 2ms/96.7%, 5ms/98.7%, 10ms/99.3%, 20ms/99.6%, 50ms/99.8%, 100ms/99.9%
[109.172s][info][gc,marking  ] GC(96) Mark: 8 stripe(s), 2 proactive flush(es), 1 terminate flush(es), 0 completion(s), 0 continuation(s) 
[109.172s][info][gc,marking  ] GC(96) Mark Stack Usage: 32M
[109.172s][info][gc,nmethod  ] GC(96) NMethods: 6604 registered, 4536 unregistered
[109.172s][info][gc,metaspace] GC(96) Metaspace: 66M used, 67M committed, 1088M reserved
[109.172s][info][gc,ref      ] GC(96) Soft: 4951 encountered, 0 discovered, 0 enqueued
[109.172s][info][gc,ref      ] GC(96) Weak: 6949 encountered, 667 discovered, 285 enqueued
[109.172s][info][gc,ref      ] GC(96) Final: 126 encountered, 2 discovered, 0 enqueued
[109.172s][info][gc,ref      ] GC(96) Phantom: 621 encountered, 470 discovered, 0 enqueued
[109.172s][info][gc,reloc    ] GC(96) Small Pages: 1133 / 2266M, Empty: 1370M, Relocated: 59M, In-Place: 0
[109.172s][info][gc,reloc    ] GC(96) Medium Pages: 4 / 128M, Empty: 64M, Relocated: 16M, In-Place: 0
[109.172s][info][gc,reloc    ] GC(96) Large Pages: 25 / 166M, Empty: 160M, Relocated: 0M, In-Place: 0
[109.172s][info][gc,reloc    ] GC(96) Forwarding Usage: 57M
[109.172s][info][gc,heap     ] GC(96) Min Capacity: 8M(0%)
[109.172s][info][gc,heap     ] GC(96) Max Capacity: 4096M(100%)
[109.172s][info][gc,heap     ] GC(96) Soft Max Capacity: 4096M(100%)
[109.172s][info][gc,heap     ] GC(96)                Mark Start          Mark End        Relocate Start      Relocate End           High               Low         
[109.172s][info][gc,heap     ] GC(96)  Capacity:     3932M (96%)        3932M (96%)        3932M (96%)        3932M (96%)        3932M (96%)        3932M (96%)    
[109.173s][info][gc,heap     ] GC(96)      Free:     1536M (38%)        1352M (33%)        2932M (72%)        3610M (88%)        3610M (88%)        1352M (33%)    
[109.173s][info][gc,heap     ] GC(96)      Used:     2560M (63%)        2744M (67%)        1164M (28%)         486M (12%)        2744M (67%)         486M (12%)    
[109.173s][info][gc,heap     ] GC(96)      Live:         -               239M (6%)          239M (6%)          239M (6%)             -                  -          
[109.173s][info][gc,heap     ] GC(96) Allocated:         -               184M (4%)          198M (5%)          201M (5%)             -                  -          
[109.173s][info][gc,heap     ] GC(96)   Garbage:         -              2320M (57%)         726M (18%)          45M (1%)             -                  -          
[109.173s][info][gc,heap     ] GC(96) Reclaimed:         -                  -              1594M (39%)        2275M (56%)            -                  -          
[109.173s][info][gc          ] GC(96) Garbage Collection (Allocation Rate) 2560M(63%)->486M(12%)
[110.133s][info][gc,start    ] GC(97) Garbage Collection (System.gc())
[110.134s][info][gc,task     ] GC(97) Using 12 workers
[110.134s][info][gc,phases   ] GC(97) Pause Mark Start 0.019ms
[110.150s][info][gc,stats    ] === Garbage Collection Statistics =======================================================================================================================
[110.150s][info][gc,stats    ]                                                              Last 10s              Last 10m              Last 10h                Total
[110.150s][info][gc,stats    ]                                                              Avg / Max             Avg / Max             Avg / Max             Avg / Max
[110.150s][info][gc,stats    ]   Collector: Garbage Collection Cycle                    275.824 / 834.204     308.902 / 2470.825    308.902 / 2470.825    308.902 / 2470.825    ms
[110.150s][info][gc,stats    ]  Contention: Mark Segment Reset Contention                    13 / 49               11 / 255              11 / 255              11 / 255         ops/s
[110.150s][info][gc,stats    ]  Contention: Mark SeqNum Reset Contention                      0 / 2                 0 / 3                 0 / 3                 0 / 3           ops/s
[110.150s][info][gc,stats    ]    Critical: Allocation Stall                                  0 / 0                 0 / 0                 0 / 0                 0 / 0           ops/s
[110.150s][info][gc,stats    ]    Critical: Allocation Stall                              0.000 / 0.000         0.000 / 0.000         0.000 / 0.000         0.000 / 0.000       ms
[110.150s][info][gc,stats    ]    Critical: GC Locker Stall                                   0 / 0                 0 / 0                 0 / 0                 0 / 0           ops/s
[110.150s][info][gc,stats    ]    Critical: GC Locker Stall                               0.000 / 0.000         0.000 / 0.000         0.000 / 0.000         0.000 / 0.000       ms
[110.150s][info][gc,stats    ]    Critical: Relocation Stall                                  0 / 0                 0 / 0                 0 / 0                 0 / 0           ops/s
[110.150s][info][gc,stats    ]    Critical: Relocation Stall                              0.000 / 0.000         0.000 / 0.000         0.000 / 0.000         0.000 / 0.000       ms
[110.150s][info][gc,stats    ]      Memory: Allocation Rate                                1359 / 2010           1136 / 3096           1136 / 3096           1136 / 3096        MB/s
[110.150s][info][gc,stats    ]      Memory: Defragment                                        0 / 8                 0 / 8                 0 / 8                 0 / 8           ops/s
[110.150s][info][gc,stats    ]      Memory: Out Of Memory                                     0 / 0                 0 / 0                 0 / 0                 0 / 0           ops/s
[110.150s][info][gc,stats    ]      Memory: Page Cache Flush                                  1 / 16                0 / 16                0 / 16                0 / 16          MB/s
[110.150s][info][gc,stats    ]      Memory: Page Cache Hit L1                               637 / 1010            532 / 1402            532 / 1402            532 / 1402        ops/s
[110.150s][info][gc,stats    ]      Memory: Page Cache Hit L2                                 0 / 0                 0 / 0                 0 / 0                 0 / 0           ops/s
[110.150s][info][gc,stats    ]      Memory: Page Cache Hit L3                                 0 / 6                 9 / 286               9 / 286               9 / 286         ops/s
[110.150s][info][gc,stats    ]      Memory: Page Cache Miss                                   0 / 0                 6 / 558               6 / 558               6 / 558         ops/s
[110.150s][info][gc,stats    ]      Memory: Uncommit                                          0 / 0                 0 / 0                 0 / 0                 0 / 0           MB/s
[110.150s][info][gc,stats    ]      Memory: Undo Object Allocation Failed                     0 / 0                 0 / 0                 0 / 0                 0 / 0           ops/s
[110.150s][info][gc,stats    ]      Memory: Undo Object Allocation Succeeded                  1 / 4                20 / 1568             20 / 1568             20 / 1568        ops/s
[110.150s][info][gc,stats    ]      Memory: Undo Page Allocation                              0 / 0                 0 / 3                 0 / 3                 0 / 3           ops/s
[110.151s][info][gc,stats    ]       Phase: Concurrent Mark                             197.334 / 585.253     221.631 / 1600.769    221.631 / 1600.769    221.631 / 1600.769    ms
[110.151s][info][gc,stats    ]       Phase: Concurrent Mark Continue                      0.000 / 0.000         0.000 / 0.000         0.000 / 0.000         0.000 / 0.000       ms
[110.151s][info][gc,stats    ]       Phase: Concurrent Mark Free                          0.001 / 0.002         0.005 / 0.412         0.005 / 0.412         0.005 / 0.412       ms
[110.151s][info][gc,stats    ]       Phase: Concurrent Process Non-Strong References      3.169 / 6.426         5.123 / 35.438        5.123 / 35.438        5.123 / 35.438      ms
[110.151s][info][gc,stats    ]       Phase: Concurrent Relocate                          48.797 / 190.282      53.664 / 702.452      53.664 / 702.452      53.664 / 702.452     ms
[110.151s][info][gc,stats    ]       Phase: Concurrent Reset Relocation Set               0.066 / 0.200         0.074 / 0.246         0.074 / 0.246         0.074 / 0.246       ms
[110.151s][info][gc,stats    ]       Phase: Concurrent Select Relocation Set             25.319 / 51.055       27.005 / 130.936      27.005 / 130.936      27.005 / 130.936     ms
[110.151s][info][gc,stats    ]       Phase: Pause Mark End                                0.031 / 0.058         0.027 / 0.067         0.027 / 0.067         0.027 / 0.067       ms
[110.151s][info][gc,stats    ]       Phase: Pause Mark Start                              0.015 / 0.019         0.014 / 0.020         0.014 / 0.020         0.014 / 0.020       ms
[110.151s][info][gc,stats    ]       Phase: Pause Relocate Start                          0.010 / 0.013         0.010 / 0.014         0.010 / 0.014         0.010 / 0.014       ms
[110.151s][info][gc,stats    ]    Subphase: Concurrent Classes Purge                      0.310 / 1.804         0.338 / 11.088        0.338 / 11.088        0.338 / 11.088      ms
[110.151s][info][gc,stats    ]    Subphase: Concurrent Classes Unlink                     2.221 / 5.302         3.847 / 29.134        3.847 / 29.134        3.847 / 29.134      ms
[110.151s][info][gc,stats    ]    Subphase: Concurrent Mark                             140.390 / 576.821     164.181 / 1589.527    164.181 / 1589.527    164.181 / 1589.527    ms
[110.151s][info][gc,stats    ]    Subphase: Concurrent Mark Try Flush                     0.141 / 0.252         0.186 / 16.605        0.186 / 16.605        0.186 / 16.605      ms
[110.151s][info][gc,stats    ]    Subphase: Concurrent Mark Try Terminate                 6.215 / 13.441       10.094 / 16.803       10.094 / 16.803       10.094 / 16.803      ms
[110.151s][info][gc,stats    ]    Subphase: Concurrent References Enqueue                 0.002 / 0.003         0.003 / 0.005         0.003 / 0.005         0.003 / 0.005       ms
[110.151s][info][gc,stats    ]    Subphase: Concurrent References Process                 0.121 / 0.217         0.131 / 0.308         0.131 / 0.308         0.131 / 0.308       ms
[110.151s][info][gc,stats    ]    Subphase: Concurrent Roots ClassLoaderDataGraph         0.117 / 0.771         0.117 / 0.947         0.117 / 0.947         0.117 / 0.947       ms
[110.151s][info][gc,stats    ]    Subphase: Concurrent Roots CodeCache                    0.000 / 0.000         0.000 / 0.000         0.000 / 0.000         0.000 / 0.000       ms
[110.151s][info][gc,stats    ]    Subphase: Concurrent Roots JavaThreads                  4.483 / 8.164         6.317 / 17.424        6.317 / 17.424        6.317 / 17.424      ms
[110.151s][info][gc,stats    ]    Subphase: Concurrent Roots OopStorageSet                0.034 / 0.077         0.039 / 0.272         0.039 / 0.272         0.039 / 0.272       ms
[110.151s][info][gc,stats    ]    Subphase: Concurrent Weak Roots OopStorageSet           0.229 / 0.666         0.319 / 4.541         0.319 / 4.541         0.319 / 4.541       ms
[110.151s][info][gc,stats    ]    Subphase: Pause Mark Try Complete                       0.001 / 0.004         0.001 / 0.006         0.001 / 0.006         0.001 / 0.006       ms
[110.151s][info][gc,stats    ]      System: Java Threads                                    275 / 280             231 / 281             231 / 281             231 / 281         threads
[110.152s][info][gc,stats    ] =========================================================================================================================================================
[110.196s][info][gc,phases   ] GC(97) Concurrent Mark 62.455ms
[110.197s][info][gc,phases   ] GC(97) Pause Mark End 0.025ms
[110.206s][info][gc,phases   ] GC(97) Concurrent Mark Free 0.001ms
[110.208s][info][gc,phases   ] GC(97) Concurrent Process Non-Strong References 2.046ms
[110.209s][info][gc,phases   ] GC(97) Concurrent Reset Relocation Set 0.061ms
[110.223s][info][gc,phases   ] GC(97) Concurrent Select Relocation Set 14.303ms
[110.223s][info][gc,phases   ] GC(97) Pause Relocate Start 0.009ms
[110.224s][info][gc,phases   ] GC(97) Concurrent Relocate 1.197ms
[110.224s][info][gc,load     ] GC(97) Load: 0.00/0.00/0.00
[110.224s][info][gc,mmu      ] GC(97) MMU: 2ms/96.7%, 5ms/98.7%, 10ms/99.3%, 20ms/99.6%, 50ms/99.8%, 100ms/99.9%
[110.224s][info][gc,marking  ] GC(97) Mark: 8 stripe(s), 2 proactive flush(es), 1 terminate flush(es), 0 completion(s), 0 continuation(s) 
[110.224s][info][gc,marking  ] GC(97) Mark Stack Usage: 32M
[110.224s][info][gc,nmethod  ] GC(97) NMethods: 6607 registered, 4542 unregistered
[110.224s][info][gc,metaspace] GC(97) Metaspace: 66M used, 67M committed, 1088M reserved
[110.225s][info][gc,ref      ] GC(97) Soft: 4947 encountered, 0 discovered, 0 enqueued
[110.225s][info][gc,ref      ] GC(97) Weak: 6678 encountered, 1381 discovered, 198 enqueued
[110.225s][info][gc,ref      ] GC(97) Final: 126 encountered, 0 discovered, 0 enqueued
[110.225s][info][gc,ref      ] GC(97) Phantom: 617 encountered, 458 discovered, 0 enqueued
[110.225s][info][gc,reloc    ] GC(97) Small Pages: 743 / 1486M, Empty: 1222M, Relocated: 1M, In-Place: 0
[110.225s][info][gc,reloc    ] GC(97) Medium Pages: 7 / 224M, Empty: 192M, Relocated: 0M, In-Place: 0
[110.225s][info][gc,reloc    ] GC(97) Large Pages: 38 / 248M, Empty: 248M, Relocated: 0M, In-Place: 0
[110.225s][info][gc,reloc    ] GC(97) Forwarding Usage: 1M
[110.225s][info][gc,heap     ] GC(97) Min Capacity: 8M(0%)
[110.225s][info][gc,heap     ] GC(97) Max Capacity: 4096M(100%)
[110.225s][info][gc,heap     ] GC(97) Soft Max Capacity: 4096M(100%)
[110.225s][info][gc,heap     ] GC(97)                Mark Start          Mark End        Relocate Start      Relocate End           High               Low         
[110.225s][info][gc,heap     ] GC(97)  Capacity:     3932M (96%)        3932M (96%)        3932M (96%)        3932M (96%)        3932M (96%)        3932M (96%)    
[110.225s][info][gc,heap     ] GC(97)      Free:     2138M (52%)        2136M (52%)        3774M (92%)        3834M (94%)        3834M (94%)        2136M (52%)    
[110.225s][info][gc,heap     ] GC(97)      Used:     1958M (48%)        1960M (48%)         322M (8%)          262M (6%)         1960M (48%)         262M (6%)     
[110.225s][info][gc,heap     ] GC(97)      Live:         -               169M (4%)          169M (4%)          169M (4%)             -                  -          
[110.225s][info][gc,heap     ] GC(97) Allocated:         -                 2M (0%)           26M (1%)           27M (1%)             -                  -          
[110.225s][info][gc,heap     ] GC(97)   Garbage:         -              1788M (44%)         126M (3%)           64M (2%)             -                  -          
[110.225s][info][gc,heap     ] GC(97) Reclaimed:         -                  -              1662M (41%)        1723M (42%)            -                  -          
[110.225s][info][gc          ] GC(97) Garbage Collection (System.gc()) 1958M(48%)->262M(6%)
[110.946s][info][gc,start    ] GC(98) Garbage Collection (Allocation Rate)
[110.946s][info][gc,task     ] GC(98) Using 4 workers
[110.946s][info][gc,phases   ] GC(98) Pause Mark Start 0.012ms
[111.305s][info][gc,phases   ] GC(98) Concurrent Mark 358.836ms
[111.305s][info][gc,phases   ] GC(98) Pause Mark End 0.034ms
[111.305s][info][gc,phases   ] GC(98) Concurrent Mark Free 0.002ms
[111.310s][info][gc,phases   ] GC(98) Concurrent Process Non-Strong References 4.462ms
[111.310s][info][gc,phases   ] GC(98) Concurrent Reset Relocation Set 0.005ms
[111.355s][info][gc,phases   ] GC(98) Concurrent Select Relocation Set 44.630ms
[111.355s][info][gc,phases   ] GC(98) Pause Relocate Start 0.009ms
[111.482s][info][gc,phases   ] GC(98) Concurrent Relocate 127.221ms
[111.482s][info][gc,load     ] GC(98) Load: 0.00/0.00/0.00
[111.482s][info][gc,mmu      ] GC(98) MMU: 2ms/96.7%, 5ms/98.7%, 10ms/99.3%, 20ms/99.6%, 50ms/99.8%, 100ms/99.9%
[111.482s][info][gc,marking  ] GC(98) Mark: 4 stripe(s), 10 proactive flush(es), 2 terminate flush(es), 0 completion(s), 0 continuation(s) 
[111.482s][info][gc,marking  ] GC(98) Mark Stack Usage: 32M
[111.482s][info][gc,nmethod  ] GC(98) NMethods: 6623 registered, 4546 unregistered
[111.482s][info][gc,metaspace] GC(98) Metaspace: 66M used, 67M committed, 1088M reserved
[111.482s][info][gc,ref      ] GC(98) Soft: 4951 encountered, 0 discovered, 0 enqueued
[111.482s][info][gc,ref      ] GC(98) Weak: 6545 encountered, 511 discovered, 22 enqueued
[111.482s][info][gc,ref      ] GC(98) Final: 126 encountered, 2 discovered, 0 enqueued
[111.482s][info][gc,ref      ] GC(98) Phantom: 617 encountered, 469 discovered, 0 enqueued
[111.482s][info][gc,reloc    ] GC(98) Small Pages: 821 / 1642M, Empty: 0M, Relocated: 167M, In-Place: 0
[111.482s][info][gc,reloc    ] GC(98) Medium Pages: 2 / 64M, Empty: 32M, Relocated: 0M, In-Place: 0
[111.482s][info][gc,reloc    ] GC(98) Large Pages: 13 / 94M, Empty: 30M, Relocated: 0M, In-Place: 0
[111.482s][info][gc,reloc    ] GC(98) Forwarding Usage: 120M
[111.482s][info][gc,heap     ] GC(98) Min Capacity: 8M(0%)
[111.482s][info][gc,heap     ] GC(98) Max Capacity: 4096M(100%)
[111.482s][info][gc,heap     ] GC(98) Soft Max Capacity: 4096M(100%)
[111.482s][info][gc,heap     ] GC(98)                Mark Start          Mark End        Relocate Start      Relocate End           High               Low         
[111.482s][info][gc,heap     ] GC(98)  Capacity:     3932M (96%)        3932M (96%)        3932M (96%)        3932M (96%)        3932M (96%)        3932M (96%)    
[111.482s][info][gc,heap     ] GC(98)      Free:     2296M (56%)        1622M (40%)        1626M (40%)        2906M (71%)        2906M (71%)        1618M (40%)    
[111.482s][info][gc,heap     ] GC(98)      Used:     1800M (44%)        2474M (60%)        2470M (60%)        1190M (29%)        2478M (60%)        1190M (29%)    
[111.482s][info][gc,heap     ] GC(98)      Live:         -               403M (10%)         403M (10%)         403M (10%)            -                  -          
[111.482s][info][gc,heap     ] GC(98) Allocated:         -               674M (16%)         732M (18%)         738M (18%)            -                  -          
[111.482s][info][gc,heap     ] GC(98)   Garbage:         -              1396M (34%)        1334M (33%)          48M (1%)             -                  -          
[111.482s][info][gc,heap     ] GC(98) Reclaimed:         -                  -                62M (2%)         1348M (33%)            -                  -          
[111.482s][info][gc          ] GC(98) Garbage Collection (Allocation Rate) 1800M(44%)->1190M(29%)
[111.657s][info][gc,start    ] GC(99) Garbage Collection (Allocation Rate)
[111.657s][info][gc,task     ] GC(99) Using 4 workers
[111.657s][info][gc,phases   ] GC(99) Pause Mark Start 0.011ms
[112.006s][info][gc,phases   ] GC(99) Concurrent Mark 349.274ms
[112.006s][info][gc,phases   ] GC(99) Pause Mark End 0.047ms
[112.007s][info][gc,phases   ] GC(99) Concurrent Mark Free 0.001ms
[112.012s][info][gc,phases   ] GC(99) Concurrent Process Non-Strong References 5.477ms
[112.012s][info][gc,phases   ] GC(99) Concurrent Reset Relocation Set 0.172ms
[112.030s][info][gc,phases   ] GC(99) Concurrent Select Relocation Set 17.976ms
[112.031s][info][gc,phases   ] GC(99) Pause Relocate Start 0.013ms
[112.085s][info][gc,phases   ] GC(99) Concurrent Relocate 54.081ms
[112.085s][info][gc,load     ] GC(99) Load: 0.00/0.00/0.00
[112.085s][info][gc,mmu      ] GC(99) MMU: 2ms/96.7%, 5ms/98.7%, 10ms/99.3%, 20ms/99.6%, 50ms/99.8%, 100ms/99.9%
[112.085s][info][gc,marking  ] GC(99) Mark: 4 stripe(s), 4 proactive flush(es), 1 terminate flush(es), 0 completion(s), 0 continuation(s) 
[112.085s][info][gc,marking  ] GC(99) Mark Stack Usage: 32M
[112.085s][info][gc,nmethod  ] GC(99) NMethods: 6630 registered, 4547 unregistered
[112.085s][info][gc,metaspace] GC(99) Metaspace: 66M used, 67M committed, 1088M reserved
[112.085s][info][gc,ref      ] GC(99) Soft: 4951 encountered, 0 discovered, 0 enqueued
[112.085s][info][gc,ref      ] GC(99) Weak: 6522 encountered, 732 discovered, 0 enqueued
[112.085s][info][gc,ref      ] GC(99) Final: 126 encountered, 2 discovered, 0 enqueued
[112.085s][info][gc,ref      ] GC(99) Phantom: 617 encountered, 471 discovered, 0 enqueued
[112.085s][info][gc,reloc    ] GC(99) Small Pages: 531 / 1062M, Empty: 82M, Relocated: 50M, In-Place: 0
[112.085s][info][gc,reloc    ] GC(99) Medium Pages: 2 / 64M, Empty: 0M, Relocated: 18M, In-Place: 0
[112.085s][info][gc,reloc    ] GC(99) Large Pages: 8 / 64M, Empty: 24M, Relocated: 0M, In-Place: 0
[112.085s][info][gc,reloc    ] GC(99) Forwarding Usage: 51M
[112.085s][info][gc,heap     ] GC(99) Min Capacity: 8M(0%)
[112.085s][info][gc,heap     ] GC(99) Max Capacity: 4096M(100%)
[112.085s][info][gc,heap     ] GC(99) Soft Max Capacity: 4096M(100%)
[112.085s][info][gc,heap     ] GC(99)                Mark Start          Mark End        Relocate Start      Relocate End           High               Low         
[112.085s][info][gc,heap     ] GC(99)  Capacity:     3932M (96%)        3932M (96%)        3932M (96%)        3932M (96%)        3932M (96%)        3932M (96%)    
[112.086s][info][gc,heap     ] GC(99)      Free:     2906M (71%)        2820M (69%)        2922M (71%)        3634M (89%)        3634M (89%)        2818M (69%)    
[112.086s][info][gc,heap     ] GC(99)      Used:     1190M (29%)        1276M (31%)        1174M (29%)         462M (11%)        1278M (31%)         462M (11%)    
[112.086s][info][gc,heap     ] GC(99)      Live:         -               316M (8%)          316M (8%)          316M (8%)             -                  -          
[112.086s][info][gc,heap     ] GC(99) Allocated:         -                86M (2%)           90M (2%)           96M (2%)             -                  -          
[112.086s][info][gc,heap     ] GC(99)   Garbage:         -               873M (21%)         767M (19%)          49M (1%)             -                  -          
[112.086s][info][gc,heap     ] GC(99) Reclaimed:         -                  -               106M (3%)          824M (20%)            -                  -          
[112.086s][info][gc          ] GC(99) Garbage Collection (Allocation Rate) 1190M(29%)->462M(11%)
[112.148s][info][gc,start    ] GC(100) Garbage Collection (Allocation Rate)
[112.148s][info][gc,task     ] GC(100) Using 6 workers
[112.148s][info][gc,phases   ] GC(100) Pause Mark Start 0.015ms
[112.288s][info][gc,phases   ] GC(100) Concurrent Mark 139.549ms
[112.288s][info][gc,phases   ] GC(100) Pause Mark End 0.019ms
[112.288s][info][gc,phases   ] GC(100) Concurrent Mark Free 0.002ms
[112.291s][info][gc,phases   ] GC(100) Concurrent Process Non-Strong References 3.193ms
[112.292s][info][gc,phases   ] GC(100) Concurrent Reset Relocation Set 0.098ms
[112.303s][info][gc,phases   ] GC(100) Concurrent Select Relocation Set 10.951ms
[112.303s][info][gc,phases   ] GC(100) Pause Relocate Start 0.010ms
[112.322s][info][gc,phases   ] GC(100) Concurrent Relocate 19.400ms
[112.322s][info][gc,load     ] GC(100) Load: 0.00/0.00/0.00
[112.322s][info][gc,mmu      ] GC(100) MMU: 2ms/96.7%, 5ms/98.7%, 10ms/99.3%, 20ms/99.6%, 50ms/99.8%, 100ms/99.9%
[112.322s][info][gc,marking  ] GC(100) Mark: 4 stripe(s), 2 proactive flush(es), 1 terminate flush(es), 0 completion(s), 0 continuation(s) 
[112.322s][info][gc,marking  ] GC(100) Mark Stack Usage: 32M
[112.322s][info][gc,nmethod  ] GC(100) NMethods: 6640 registered, 4551 unregistered
[112.322s][info][gc,metaspace] GC(100) Metaspace: 66M used, 67M committed, 1088M reserved
[112.322s][info][gc,ref      ] GC(100) Soft: 4948 encountered, 0 discovered, 0 enqueued
[112.323s][info][gc,ref      ] GC(100) Weak: 6606 encountered, 1783 discovered, 0 enqueued
[112.323s][info][gc,ref      ] GC(100) Final: 126 encountered, 0 discovered, 0 enqueued
[112.323s][info][gc,ref      ] GC(100) Phantom: 618 encountered, 481 discovered, 0 enqueued
[112.323s][info][gc,reloc    ] GC(100) Small Pages: 186 / 372M, Empty: 50M, Relocated: 25M, In-Place: 0
[112.323s][info][gc,reloc    ] GC(100) Medium Pages: 2 / 64M, Empty: 32M, Relocated: 0M, In-Place: 0
[112.323s][info][gc,reloc    ] GC(100) Large Pages: 4 / 40M, Empty: 30M, Relocated: 0M, In-Place: 0
[112.323s][info][gc,reloc    ] GC(100) Forwarding Usage: 25M
[112.323s][info][gc,heap     ] GC(100) Min Capacity: 8M(0%)
[112.323s][info][gc,heap     ] GC(100) Max Capacity: 4096M(100%)
[112.323s][info][gc,heap     ] GC(100) Soft Max Capacity: 4096M(100%)
[112.323s][info][gc,heap     ] GC(100)                Mark Start          Mark End        Relocate Start      Relocate End           High               Low         
[112.323s][info][gc,heap     ] GC(100)  Capacity:     3932M (96%)        3932M (96%)        3932M (96%)        3932M (96%)        3932M (96%)        3932M (96%)    
[112.323s][info][gc,heap     ] GC(100)      Free:     3620M (88%)        3416M (83%)        3520M (86%)        3620M (88%)        3620M (88%)        3412M (83%)    
[112.323s][info][gc,heap     ] GC(100)      Used:      476M (12%)         680M (17%)         576M (14%)         476M (12%)         684M (17%)         476M (12%)    
[112.323s][info][gc,heap     ] GC(100)      Live:         -               204M (5%)          204M (5%)          204M (5%)             -                  -          
[112.323s][info][gc,heap     ] GC(100) Allocated:         -               204M (5%)          212M (5%)          223M (5%)             -                  -          
[112.323s][info][gc,heap     ] GC(100)   Garbage:         -               271M (7%)          159M (4%)           47M (1%)             -                  -          
[112.323s][info][gc,heap     ] GC(100) Reclaimed:         -                  -               112M (3%)          223M (5%)             -                  -          
[112.323s][info][gc          ] GC(100) Garbage Collection (Allocation Rate) 476M(12%)->476M(12%)
[113.045s][info][gc,start    ] GC(101) Garbage Collection (Allocation Rate)
[113.046s][info][gc,task     ] GC(101) Using 6 workers
[113.046s][info][gc,phases   ] GC(101) Pause Mark Start 0.013ms
[113.287s][info][gc,phases   ] GC(101) Concurrent Mark 241.415ms
[113.287s][info][gc,phases   ] GC(101) Pause Mark End 0.026ms
[113.287s][info][gc,phases   ] GC(101) Concurrent Mark Free 0.001ms
[113.291s][info][gc,phases   ] GC(101) Concurrent Process Non-Strong References 3.207ms
[113.291s][info][gc,phases   ] GC(101) Concurrent Reset Relocation Set 0.014ms
[113.345s][info][gc,phases   ] GC(101) Concurrent Select Relocation Set 53.843ms
[113.345s][info][gc,phases   ] GC(101) Pause Relocate Start 0.010ms
[113.424s][info][gc,phases   ] GC(101) Concurrent Relocate 78.885ms
[113.424s][info][gc,load     ] GC(101) Load: 0.00/0.00/0.00
[113.424s][info][gc,mmu      ] GC(101) MMU: 2ms/96.7%, 5ms/98.7%, 10ms/99.3%, 20ms/99.6%, 50ms/99.8%, 100ms/99.9%
[113.424s][info][gc,marking  ] GC(101) Mark: 4 stripe(s), 2 proactive flush(es), 1 terminate flush(es), 0 completion(s), 0 continuation(s) 
[113.424s][info][gc,marking  ] GC(101) Mark Stack Usage: 32M
[113.424s][info][gc,nmethod  ] GC(101) NMethods: 6648 registered, 4554 unregistered
[113.424s][info][gc,metaspace] GC(101) Metaspace: 66M used, 67M committed, 1088M reserved
[113.424s][info][gc,ref      ] GC(101) Soft: 4955 encountered, 0 discovered, 0 enqueued
[113.424s][info][gc,ref      ] GC(101) Weak: 6734 encountered, 2093 discovered, 88 enqueued
[113.424s][info][gc,ref      ] GC(101) Final: 126 encountered, 0 discovered, 0 enqueued
[113.424s][info][gc,ref      ] GC(101) Phantom: 617 encountered, 370 discovered, 0 enqueued
[113.424s][info][gc,reloc    ] GC(101) Small Pages: 846 / 1692M, Empty: 50M, Relocated: 164M, In-Place: 0
[113.424s][info][gc,reloc    ] GC(101) Medium Pages: 3 / 96M, Empty: 64M, Relocated: 0M, In-Place: 0
[113.424s][info][gc,reloc    ] GC(101) Large Pages: 18 / 128M, Empty: 64M, Relocated: 0M, In-Place: 0
[113.424s][info][gc,reloc    ] GC(101) Forwarding Usage: 109M
[113.424s][info][gc,heap     ] GC(101) Min Capacity: 8M(0%)
[113.424s][info][gc,heap     ] GC(101) Max Capacity: 4096M(100%)
[113.424s][info][gc,heap     ] GC(101) Soft Max Capacity: 4096M(100%)
[113.424s][info][gc,heap     ] GC(101)                Mark Start          Mark End        Relocate Start      Relocate End           High               Low         
[113.425s][info][gc,heap     ] GC(101)  Capacity:     3932M (96%)        3932M (96%)        3932M (96%)        3932M (96%)        3932M (96%)        3932M (96%)    
[113.425s][info][gc,heap     ] GC(101)      Free:     2180M (53%)        1716M (42%)        1762M (43%)        2972M (73%)        2972M (73%)        1694M (41%)    
[113.425s][info][gc,heap     ] GC(101)      Used:     1916M (47%)        2380M (58%)        2334M (57%)        1124M (27%)        2402M (59%)        1124M (27%)    
[113.425s][info][gc,heap     ] GC(101)      Live:         -               395M (10%)         395M (10%)         395M (10%)            -                  -          
[113.425s][info][gc,heap     ] GC(101) Allocated:         -               464M (11%)         596M (15%)         679M (17%)            -                  -          
[113.425s][info][gc,heap     ] GC(101)   Garbage:         -              1520M (37%)        1342M (33%)          48M (1%)             -                  -          
[113.425s][info][gc,heap     ] GC(101) Reclaimed:         -                  -               178M (4%)         1471M (36%)            -                  -          
[113.425s][info][gc          ] GC(101) Garbage Collection (Allocation Rate) 1916M(47%)->1124M(27%)
[113.443s][info][gc,start    ] GC(102) Garbage Collection (Allocation Rate)
[113.444s][info][gc,task     ] GC(102) Using 7 workers
[113.444s][info][gc,phases   ] GC(102) Pause Mark Start 0.015ms
[113.693s][info][gc,phases   ] GC(102) Concurrent Mark 249.538ms
[113.694s][info][gc,phases   ] GC(102) Pause Mark End 0.038ms
[113.694s][info][gc,phases   ] GC(102) Concurrent Mark Free 0.001ms
[113.698s][info][gc,phases   ] GC(102) Concurrent Process Non-Strong References 3.800ms
[113.698s][info][gc,phases   ] GC(102) Concurrent Reset Relocation Set 0.163ms
[113.711s][info][gc,phases   ] GC(102) Concurrent Select Relocation Set 13.337ms
[113.711s][info][gc,phases   ] GC(102) Pause Relocate Start 0.013ms
[113.752s][info][gc,phases   ] GC(102) Concurrent Relocate 40.243ms
[113.752s][info][gc,load     ] GC(102) Load: 0.00/0.00/0.00
[113.752s][info][gc,mmu      ] GC(102) MMU: 2ms/96.7%, 5ms/98.7%, 10ms/99.3%, 20ms/99.6%, 50ms/99.8%, 100ms/99.9%
[113.752s][info][gc,marking  ] GC(102) Mark: 4 stripe(s), 10 proactive flush(es), 2 terminate flush(es), 0 completion(s), 0 continuation(s) 
[113.752s][info][gc,marking  ] GC(102) Mark Stack Usage: 32M
[113.752s][info][gc,nmethod  ] GC(102) NMethods: 6647 registered, 4555 unregistered
[113.752s][info][gc,metaspace] GC(102) Metaspace: 66M used, 67M committed, 1088M reserved
[113.752s][info][gc,ref      ] GC(102) Soft: 4955 encountered, 0 discovered, 0 enqueued
[113.752s][info][gc,ref      ] GC(102) Weak: 6650 encountered, 601 discovered, 79 enqueued
[113.752s][info][gc,ref      ] GC(102) Final: 126 encountered, 5 discovered, 0 enqueued
[113.752s][info][gc,ref      ] GC(102) Phantom: 617 encountered, 466 discovered, 0 enqueued
[113.752s][info][gc,reloc    ] GC(102) Small Pages: 522 / 1044M, Empty: 14M, Relocated: 62M, In-Place: 0
[113.752s][info][gc,reloc    ] GC(102) Medium Pages: 1 / 32M, Empty: 0M, Relocated: 0M, In-Place: 0
[113.752s][info][gc,reloc    ] GC(102) Large Pages: 8 / 64M, Empty: 12M, Relocated: 0M, In-Place: 0
[113.752s][info][gc,reloc    ] GC(102) Forwarding Usage: 57M
[113.752s][info][gc,heap     ] GC(102) Min Capacity: 8M(0%)
[113.752s][info][gc,heap     ] GC(102) Max Capacity: 4096M(100%)
[113.752s][info][gc,heap     ] GC(102) Soft Max Capacity: 4096M(100%)
[113.752s][info][gc,heap     ] GC(102)                Mark Start          Mark End        Relocate Start      Relocate End           High               Low         
[113.752s][info][gc,heap     ] GC(102)  Capacity:     3932M (96%)        3932M (96%)        3932M (96%)        3932M (96%)        3932M (96%)        3932M (96%)    
[113.753s][info][gc,heap     ] GC(102)      Free:     2956M (72%)        2900M (71%)        2926M (71%)        3608M (88%)        3608M (88%)        2900M (71%)    
[113.753s][info][gc,heap     ] GC(102)      Used:     1140M (28%)        1196M (29%)        1170M (29%)         488M (12%)        1196M (29%)         488M (12%)    
[113.753s][info][gc,heap     ] GC(102)      Live:         -               364M (9%)          364M (9%)          364M (9%)             -                  -          
[113.753s][info][gc,heap     ] GC(102) Allocated:         -                56M (1%)           56M (1%)           55M (1%)             -                  -          
[113.753s][info][gc,heap     ] GC(102)   Garbage:         -               775M (19%)         749M (18%)          67M (2%)             -                  -          
[113.753s][info][gc,heap     ] GC(102) Reclaimed:         -                  -                26M (1%)          707M (17%)            -                  -          
[113.753s][info][gc          ] GC(102) Garbage Collection (Allocation Rate) 1140M(28%)->488M(12%)
[115.846s][info][gc,start    ] GC(103) Garbage Collection (Allocation Rate)
[115.846s][info][gc,task     ] GC(103) Using 4 workers
[115.846s][info][gc,phases   ] GC(103) Pause Mark Start 0.017ms
[116.089s][info][gc,phases   ] GC(103) Concurrent Mark 242.296ms
[116.089s][info][gc,phases   ] GC(103) Pause Mark End 0.034ms
[116.089s][info][gc,phases   ] GC(103) Concurrent Mark Free 0.001ms
[116.094s][info][gc,phases   ] GC(103) Concurrent Process Non-Strong References 4.622ms
[116.094s][info][gc,phases   ] GC(103) Concurrent Reset Relocation Set 0.080ms
[116.101s][info][gc,phases   ] GC(103) Concurrent Select Relocation Set 6.750ms
[116.101s][info][gc,phases   ] GC(103) Pause Relocate Start 0.012ms
[116.163s][info][gc,phases   ] GC(103) Concurrent Relocate 61.399ms
[116.166s][info][gc,load     ] GC(103) Load: 0.00/0.00/0.00
[116.166s][info][gc,mmu      ] GC(103) MMU: 2ms/96.7%, 5ms/98.7%, 10ms/99.3%, 20ms/99.6%, 50ms/99.8%, 100ms/99.9%
[116.166s][info][gc,marking  ] GC(103) Mark: 4 stripe(s), 2 proactive flush(es), 1 terminate flush(es), 0 completion(s), 0 continuation(s) 
[116.166s][info][gc,marking  ] GC(103) Mark Stack Usage: 32M
[116.167s][info][gc,nmethod  ] GC(103) NMethods: 6708 registered, 4567 unregistered
[116.167s][info][gc,metaspace] GC(103) Metaspace: 66M used, 67M committed, 1088M reserved
[116.167s][info][gc,ref      ] GC(103) Soft: 4951 encountered, 0 discovered, 0 enqueued
[116.167s][info][gc,ref      ] GC(103) Weak: 6939 encountered, 835 discovered, 278 enqueued
[116.167s][info][gc,ref      ] GC(103) Final: 126 encountered, 0 discovered, 0 enqueued
[116.167s][info][gc,ref      ] GC(103) Phantom: 617 encountered, 505 discovered, 0 enqueued
[116.167s][info][gc,reloc    ] GC(103) Small Pages: 1088 / 2176M, Empty: 1126M, Relocated: 47M, In-Place: 0
[116.167s][info][gc,reloc    ] GC(103) Medium Pages: 7 / 224M, Empty: 96M, Relocated: 17M, In-Place: 0
[116.167s][info][gc,reloc    ] GC(103) Large Pages: 28 / 184M, Empty: 166M, Relocated: 0M, In-Place: 0
[116.167s][info][gc,reloc    ] GC(103) Forwarding Usage: 40M
[116.167s][info][gc,heap     ] GC(103) Min Capacity: 8M(0%)
[116.167s][info][gc,heap     ] GC(103) Max Capacity: 4096M(100%)
[116.167s][info][gc,heap     ] GC(103) Soft Max Capacity: 4096M(100%)
[116.167s][info][gc,heap     ] GC(103)                Mark Start          Mark End        Relocate Start      Relocate End           High               Low         
[116.167s][info][gc,heap     ] GC(103)  Capacity:     3932M (96%)        3996M (98%)        3996M (98%)        3996M (98%)        3996M (98%)        3932M (96%)    
[116.167s][info][gc,heap     ] GC(103)      Free:     1512M (37%)        1004M (25%)        2366M (58%)        3192M (78%)        3192M (78%)         998M (24%)    
[116.167s][info][gc,heap     ] GC(103)      Used:     2584M (63%)        3092M (75%)        1730M (42%)         904M (22%)        3098M (76%)         904M (22%)    
[116.167s][info][gc,heap     ] GC(103)      Live:         -               253M (6%)          253M (6%)          253M (6%)             -                  -          
[116.167s][info][gc,heap     ] GC(103) Allocated:         -               508M (12%)         534M (13%)         597M (15%)            -                  -          
[116.167s][info][gc,heap     ] GC(103)   Garbage:         -              2330M (57%)         942M (23%)          52M (1%)             -                  -          
[116.167s][info][gc,heap     ] GC(103) Reclaimed:         -                  -              1388M (34%)        2277M (56%)            -                  -          
[116.167s][info][gc          ] GC(103) Garbage Collection (Allocation Rate) 2584M(63%)->904M(22%)
[116.596s][info][gc,start    ] GC(104) Garbage Collection (System.gc())
[116.596s][info][gc,task     ] GC(104) Using 12 workers
[116.596s][info][gc,phases   ] GC(104) Pause Mark Start 0.016ms
[116.682s][info][gc,phases   ] GC(104) Concurrent Mark 85.598ms
[116.682s][info][gc,phases   ] GC(104) Pause Mark End 0.023ms
[116.682s][info][gc,phases   ] GC(104) Concurrent Mark Free 0.001ms
[116.684s][info][gc,phases   ] GC(104) Concurrent Process Non-Strong References 2.439ms
[116.684s][info][gc,phases   ] GC(104) Concurrent Reset Relocation Set 0.096ms
[116.700s][info][gc,phases   ] GC(104) Concurrent Select Relocation Set 15.341ms
[116.700s][info][gc,phases   ] GC(104) Pause Relocate Start 0.011ms
[116.703s][info][gc,phases   ] GC(104) Concurrent Relocate 2.517ms
[116.703s][info][gc,load     ] GC(104) Load: 0.00/0.00/0.00
[116.703s][info][gc,mmu      ] GC(104) MMU: 2ms/96.7%, 5ms/98.7%, 10ms/99.3%, 20ms/99.6%, 50ms/99.8%, 100ms/99.9%
[116.703s][info][gc,marking  ] GC(104) Mark: 8 stripe(s), 2 proactive flush(es), 1 terminate flush(es), 0 completion(s), 0 continuation(s) 
[116.703s][info][gc,marking  ] GC(104) Mark Stack Usage: 32M
[116.703s][info][gc,nmethod  ] GC(104) NMethods: 6718 registered, 4572 unregistered
[116.703s][info][gc,metaspace] GC(104) Metaspace: 66M used, 67M committed, 1088M reserved
[116.703s][info][gc,ref      ] GC(104) Soft: 4947 encountered, 0 discovered, 0 enqueued
[116.703s][info][gc,ref      ] GC(104) Weak: 6680 encountered, 1370 discovered, 208 enqueued
[116.703s][info][gc,ref      ] GC(104) Final: 126 encountered, 1 discovered, 0 enqueued
[116.703s][info][gc,ref      ] GC(104) Phantom: 617 encountered, 402 discovered, 0 enqueued
[116.703s][info][gc,reloc    ] GC(104) Small Pages: 642 / 1284M, Empty: 1026M, Relocated: 2M, In-Place: 0
[116.703s][info][gc,reloc    ] GC(104) Medium Pages: 6 / 192M, Empty: 160M, Relocated: 0M, In-Place: 0
[116.703s][info][gc,reloc    ] GC(104) Large Pages: 38 / 248M, Empty: 248M, Relocated: 0M, In-Place: 0
[116.703s][info][gc,reloc    ] GC(104) Forwarding Usage: 1M
[116.703s][info][gc,heap     ] GC(104) Min Capacity: 8M(0%)
[116.703s][info][gc,heap     ] GC(104) Max Capacity: 4096M(100%)
[116.703s][info][gc,heap     ] GC(104) Soft Max Capacity: 4096M(100%)
[116.703s][info][gc,heap     ] GC(104)                Mark Start          Mark End        Relocate Start      Relocate End           High               Low         
[116.703s][info][gc,heap     ] GC(104)  Capacity:     3996M (98%)        3996M (98%)        3996M (98%)        3996M (98%)        3996M (98%)        3996M (98%)    
[116.703s][info][gc,heap     ] GC(104)      Free:     2372M (58%)        2370M (58%)        3778M (92%)        3832M (94%)        3832M (94%)        2370M (58%)    
[116.703s][info][gc,heap     ] GC(104)      Used:     1724M (42%)        1726M (42%)         318M (8%)          264M (6%)         1726M (42%)         264M (6%)     
[116.703s][info][gc,heap     ] GC(104)      Live:         -               170M (4%)          170M (4%)          170M (4%)             -                  -          
[116.703s][info][gc,heap     ] GC(104) Allocated:         -                 2M (0%)           28M (1%)           31M (1%)             -                  -          
[116.703s][info][gc,heap     ] GC(104)   Garbage:         -              1553M (38%)         119M (3%)           61M (2%)             -                  -          
[116.703s][info][gc,heap     ] GC(104) Reclaimed:         -                  -              1434M (35%)        1491M (36%)            -                  -          
[116.703s][info][gc          ] GC(104) Garbage Collection (System.gc()) 1724M(42%)->264M(6%)
[117.445s][info][gc,start    ] GC(105) Garbage Collection (Allocation Rate)
[117.445s][info][gc,task     ] GC(105) Using 3 workers
[117.446s][info][gc,phases   ] GC(105) Pause Mark Start 0.013ms
[117.945s][info][gc,phases   ] GC(105) Concurrent Mark 499.470ms
[117.946s][info][gc,phases   ] GC(105) Pause Mark End 0.032ms
[117.946s][info][gc,phases   ] GC(105) Concurrent Mark Free 0.001ms
[117.954s][info][gc,phases   ] GC(105) Concurrent Process Non-Strong References 8.768ms
[117.954s][info][gc,phases   ] GC(105) Concurrent Reset Relocation Set 0.004ms
[118.010s][info][gc,phases   ] GC(105) Concurrent Select Relocation Set 55.046ms
[118.010s][info][gc,phases   ] GC(105) Pause Relocate Start 0.009ms
[118.176s][info][gc,phases   ] GC(105) Concurrent Relocate 166.427ms
[118.176s][info][gc,load     ] GC(105) Load: 0.00/0.00/0.00
[118.176s][info][gc,mmu      ] GC(105) MMU: 2ms/96.7%, 5ms/98.7%, 10ms/99.3%, 20ms/99.6%, 50ms/99.8%, 100ms/99.9%
[118.176s][info][gc,marking  ] GC(105) Mark: 2 stripe(s), 10 proactive flush(es), 1 terminate flush(es), 0 completion(s), 0 continuation(s) 
[118.176s][info][gc,marking  ] GC(105) Mark Stack Usage: 32M
[118.176s][info][gc,nmethod  ] GC(105) NMethods: 6724 registered, 4577 unregistered
[118.176s][info][gc,metaspace] GC(105) Metaspace: 66M used, 67M committed, 1088M reserved
[118.176s][info][gc,ref      ] GC(105) Soft: 4951 encountered, 0 discovered, 0 enqueued
[118.176s][info][gc,ref      ] GC(105) Weak: 6542 encountered, 2277 discovered, 18 enqueued
[118.176s][info][gc,ref      ] GC(105) Final: 126 encountered, 0 discovered, 0 enqueued
[118.176s][info][gc,ref      ] GC(105) Phantom: 617 encountered, 526 discovered, 0 enqueued
[118.176s][info][gc,reloc    ] GC(105) Small Pages: 851 / 1702M, Empty: 0M, Relocated: 169M, In-Place: 0
[118.176s][info][gc,reloc    ] GC(105) Medium Pages: 2 / 64M, Empty: 32M, Relocated: 0M, In-Place: 0
[118.176s][info][gc,reloc    ] GC(105) Large Pages: 13 / 94M, Empty: 30M, Relocated: 0M, In-Place: 0
[118.176s][info][gc,reloc    ] GC(105) Forwarding Usage: 123M
[118.176s][info][gc,heap     ] GC(105) Min Capacity: 8M(0%)
[118.176s][info][gc,heap     ] GC(105) Max Capacity: 4096M(100%)
[118.176s][info][gc,heap     ] GC(105) Soft Max Capacity: 4096M(100%)
[118.176s][info][gc,heap     ] GC(105)                Mark Start          Mark End        Relocate Start      Relocate End           High               Low         
[118.176s][info][gc,heap     ] GC(105)  Capacity:     3996M (98%)        3996M (98%)        3996M (98%)        3996M (98%)        3996M (98%)        3996M (98%)    
[118.176s][info][gc,heap     ] GC(105)      Free:     2236M (55%)        1554M (38%)        1614M (39%)        2962M (72%)        2962M (72%)        1554M (38%)    
[118.176s][info][gc,heap     ] GC(105)      Used:     1860M (45%)        2542M (62%)        2482M (61%)        1134M (28%)        2542M (62%)        1134M (28%)    
[118.176s][info][gc,heap     ] GC(105)      Live:         -               406M (10%)         406M (10%)         406M (10%)            -                  -          
[118.176s][info][gc,heap     ] GC(105) Allocated:         -               682M (17%)         684M (17%)         683M (17%)            -                  -          
[118.176s][info][gc,heap     ] GC(105)   Garbage:         -              1453M (35%)        1391M (34%)          44M (1%)             -                  -          
[118.176s][info][gc,heap     ] GC(105) Reclaimed:         -                  -                62M (2%)         1409M (34%)            -                  -          
[118.176s][info][gc          ] GC(105) Garbage Collection (Allocation Rate) 1860M(45%)->1134M(28%)
[118.249s][info][gc,start    ] GC(106) Garbage Collection (Allocation Rate)
[118.249s][info][gc,task     ] GC(106) Using 6 workers
[118.249s][info][gc,phases   ] GC(106) Pause Mark Start 0.018ms
[118.506s][info][gc,phases   ] GC(106) Concurrent Mark 256.236ms
[118.506s][info][gc,phases   ] GC(106) Pause Mark End 0.020ms
[118.506s][info][gc,phases   ] GC(106) Concurrent Mark Free 0.001ms
[118.509s][info][gc,phases   ] GC(106) Concurrent Process Non-Strong References 2.986ms
[118.509s][info][gc,phases   ] GC(106) Concurrent Reset Relocation Set 0.154ms
[118.521s][info][gc,phases   ] GC(106) Concurrent Select Relocation Set 11.470ms
[118.521s][info][gc,phases   ] GC(106) Pause Relocate Start 0.010ms
[118.557s][info][gc,phases   ] GC(106) Concurrent Relocate 36.375ms
[118.557s][info][gc,load     ] GC(106) Load: 0.00/0.00/0.00
[118.557s][info][gc,mmu      ] GC(106) MMU: 2ms/96.7%, 5ms/98.7%, 10ms/99.3%, 20ms/99.6%, 50ms/99.8%, 100ms/99.9%
[118.557s][info][gc,marking  ] GC(106) Mark: 4 stripe(s), 2 proactive flush(es), 1 terminate flush(es), 0 completion(s), 0 continuation(s) 
[118.557s][info][gc,marking  ] GC(106) Mark Stack Usage: 32M
[118.557s][info][gc,nmethod  ] GC(106) NMethods: 6724 registered, 4577 unregistered
[118.557s][info][gc,metaspace] GC(106) Metaspace: 66M used, 67M committed, 1088M reserved
[118.557s][info][gc,ref      ] GC(106) Soft: 4951 encountered, 0 discovered, 0 enqueued
[118.557s][info][gc,ref      ] GC(106) Weak: 6524 encountered, 593 discovered, 0 enqueued
[118.557s][info][gc,ref      ] GC(106) Final: 126 encountered, 3 discovered, 0 enqueued
[118.558s][info][gc,ref      ] GC(106) Phantom: 617 encountered, 455 discovered, 0 enqueued
[118.558s][info][gc,reloc    ] GC(106) Small Pages: 503 / 1006M, Empty: 82M, Relocated: 45M, In-Place: 0
[118.558s][info][gc,reloc    ] GC(106) Medium Pages: 2 / 64M, Empty: 0M, Relocated: 21M, In-Place: 0
[118.558s][info][gc,reloc    ] GC(106) Large Pages: 8 / 64M, Empty: 24M, Relocated: 0M, In-Place: 0
[118.558s][info][gc,reloc    ] GC(106) Forwarding Usage: 46M
[118.558s][info][gc,heap     ] GC(106) Min Capacity: 8M(0%)
[118.558s][info][gc,heap     ] GC(106) Max Capacity: 4096M(100%)
[118.558s][info][gc,heap     ] GC(106) Soft Max Capacity: 4096M(100%)
[118.558s][info][gc,heap     ] GC(106)                Mark Start          Mark End        Relocate Start      Relocate End           High               Low         
[118.558s][info][gc,heap     ] GC(106)  Capacity:     3996M (98%)        3996M (98%)        3996M (98%)        3996M (98%)        3996M (98%)        3996M (98%)    
[118.558s][info][gc,heap     ] GC(106)      Free:     2962M (72%)        2894M (71%)        2998M (73%)        3650M (89%)        3650M (89%)        2892M (71%)    
[118.558s][info][gc,heap     ] GC(106)      Used:     1134M (28%)        1202M (29%)        1098M (27%)         446M (11%)        1204M (29%)         446M (11%)    
[118.558s][info][gc,heap     ] GC(106)      Live:         -               319M (8%)          319M (8%)          319M (8%)             -                  -          
[118.558s][info][gc,heap     ] GC(106) Allocated:         -                68M (2%)           70M (2%)           80M (2%)             -                  -          
[118.558s][info][gc,heap     ] GC(106)   Garbage:         -               814M (20%)         708M (17%)          45M (1%)             -                  -          
[118.558s][info][gc,heap     ] GC(106) Reclaimed:         -                  -               106M (3%)          768M (19%)            -                  -          
[118.558s][info][gc          ] GC(106) Garbage Collection (Allocation Rate) 1134M(28%)->446M(11%)
[119.450s][info][gc,start    ] GC(107) Garbage Collection (Allocation Rate)
[119.451s][info][gc,task     ] GC(107) Using 7 workers
[119.451s][info][gc,phases   ] GC(107) Pause Mark Start 0.018ms
[119.653s][info][gc,phases   ] GC(107) Concurrent Mark 202.566ms
[119.654s][info][gc,phases   ] GC(107) Pause Mark End 0.026ms
[119.654s][info][gc,phases   ] GC(107) Concurrent Mark Free 0.001ms
[119.657s][info][gc,phases   ] GC(107) Concurrent Process Non-Strong References 2.787ms
[119.657s][info][gc,phases   ] GC(107) Concurrent Reset Relocation Set 0.076ms
[119.727s][info][gc,phases   ] GC(107) Concurrent Select Relocation Set 70.395ms
[119.727s][info][gc,phases   ] GC(107) Pause Relocate Start 0.011ms
[119.803s][info][gc,phases   ] GC(107) Concurrent Relocate 75.641ms
[119.803s][info][gc,load     ] GC(107) Load: 0.00/0.00/0.00
[119.803s][info][gc,mmu      ] GC(107) MMU: 2ms/96.7%, 5ms/98.7%, 10ms/99.3%, 20ms/99.6%, 50ms/99.8%, 100ms/99.9%
[119.803s][info][gc,marking  ] GC(107) Mark: 4 stripe(s), 2 proactive flush(es), 1 terminate flush(es), 0 completion(s), 0 continuation(s) 
[119.803s][info][gc,marking  ] GC(107) Mark Stack Usage: 32M
[119.803s][info][gc,nmethod  ] GC(107) NMethods: 6741 registered, 4577 unregistered
[119.803s][info][gc,metaspace] GC(107) Metaspace: 66M used, 67M committed, 1088M reserved
[119.803s][info][gc,ref      ] GC(107) Soft: 4955 encountered, 0 discovered, 0 enqueued
[119.803s][info][gc,ref      ] GC(107) Weak: 6740 encountered, 1176 discovered, 88 enqueued
[119.803s][info][gc,ref      ] GC(107) Final: 126 encountered, 1 discovered, 0 enqueued
[119.803s][info][gc,ref      ] GC(107) Phantom: 617 encountered, 512 discovered, 0 enqueued
[119.803s][info][gc,reloc    ] GC(107) Small Pages: 921 / 1842M, Empty: 184M, Relocated: 160M, In-Place: 0
[119.803s][info][gc,reloc    ] GC(107) Medium Pages: 3 / 96M, Empty: 64M, Relocated: 0M, In-Place: 0
[119.803s][info][gc,reloc    ] GC(107) Large Pages: 21 / 158M, Empty: 94M, Relocated: 0M, In-Place: 0
[119.803s][info][gc,reloc    ] GC(107) Forwarding Usage: 109M
[119.803s][info][gc,heap     ] GC(107) Min Capacity: 8M(0%)
[119.803s][info][gc,heap     ] GC(107) Max Capacity: 4096M(100%)
[119.803s][info][gc,heap     ] GC(107) Soft Max Capacity: 4096M(100%)
[119.803s][info][gc,heap     ] GC(107)                Mark Start          Mark End        Relocate Start      Relocate End           High               Low         
[119.803s][info][gc,heap     ] GC(107)  Capacity:     3996M (98%)        3996M (98%)        3996M (98%)        3996M (98%)        3996M (98%)        3996M (98%)    
[119.803s][info][gc,heap     ] GC(107)      Free:     2000M (49%)        1618M (40%)        1794M (44%)        3008M (73%)        3008M (73%)        1610M (39%)    
[119.803s][info][gc,heap     ] GC(107)      Used:     2096M (51%)        2478M (60%)        2302M (56%)        1088M (27%)        2486M (61%)        1088M (27%)    
[119.803s][info][gc,heap     ] GC(107)      Live:         -               396M (10%)         396M (10%)         396M (10%)            -                  -          
[119.803s][info][gc,heap     ] GC(107) Allocated:         -               382M (9%)          548M (13%)         640M (16%)            -                  -          
[119.803s][info][gc,heap     ] GC(107)   Garbage:         -              1699M (42%)        1357M (33%)          51M (1%)             -                  -          
[119.803s][info][gc,heap     ] GC(107) Reclaimed:         -                  -               342M (8%)         1648M (40%)            -                  -          
[119.803s][info][gc          ] GC(107) Garbage Collection (Allocation Rate) 2096M(51%)->1088M(27%)
[119.848s][info][gc,start    ] GC(108) Garbage Collection (Allocation Rate)
[119.848s][info][gc,task     ] GC(108) Using 7 workers
[119.848s][info][gc,phases   ] GC(108) Pause Mark Start 0.015ms
[120.098s][info][gc,phases   ] GC(108) Concurrent Mark 249.483ms
[120.098s][info][gc,phases   ] GC(108) Pause Mark End 0.027ms
[120.098s][info][gc,phases   ] GC(108) Concurrent Mark Free 0.001ms
[120.101s][info][gc,phases   ] GC(108) Concurrent Process Non-Strong References 3.239ms
[120.102s][info][gc,phases   ] GC(108) Concurrent Reset Relocation Set 0.176ms
[120.117s][info][gc,phases   ] GC(108) Concurrent Select Relocation Set 15.154ms
[120.117s][info][gc,phases   ] GC(108) Pause Relocate Start 0.012ms
[120.145s][info][gc,stats    ] === Garbage Collection Statistics =======================================================================================================================
[120.145s][info][gc,stats    ]                                                              Last 10s              Last 10m              Last 10h                Total
[120.145s][info][gc,stats    ]                                                              Avg / Max             Avg / Max             Avg / Max             Avg / Max
[120.145s][info][gc,stats    ]   Collector: Garbage Collection Cycle                    339.641 / 730.891     312.032 / 2470.825    312.032 / 2470.825    312.032 / 2470.825    ms
[120.145s][info][gc,stats    ]  Contention: Mark Segment Reset Contention                    17 / 44               12 / 255              12 / 255              12 / 255         ops/s
[120.145s][info][gc,stats    ]  Contention: Mark SeqNum Reset Contention                      0 / 2                 0 / 3                 0 / 3                 0 / 3           ops/s
[120.145s][info][gc,stats    ]    Critical: Allocation Stall                                  0 / 0                 0 / 0                 0 / 0                 0 / 0           ops/s
[120.145s][info][gc,stats    ]    Critical: Allocation Stall                              0.000 / 0.000         0.000 / 0.000         0.000 / 0.000         0.000 / 0.000       ms
[120.145s][info][gc,stats    ]    Critical: GC Locker Stall                                   0 / 0                 0 / 0                 0 / 0                 0 / 0           ops/s
[120.145s][info][gc,stats    ]    Critical: GC Locker Stall                               0.000 / 0.000         0.000 / 0.000         0.000 / 0.000         0.000 / 0.000       ms
[120.145s][info][gc,stats    ]    Critical: Relocation Stall                                  0 / 0                 0 / 0                 0 / 0                 0 / 0           ops/s
[120.145s][info][gc,stats    ]    Critical: Relocation Stall                              0.000 / 0.000         0.000 / 0.000         0.000 / 0.000         0.000 / 0.000       ms
[120.145s][info][gc,stats    ]      Memory: Allocation Rate                                1318 / 1936           1151 / 3096           1151 / 3096           1151 / 3096        MB/s
[120.145s][info][gc,stats    ]      Memory: Defragment                                        0 / 0                 0 / 8                 0 / 8                 0 / 8           ops/s
[120.145s][info][gc,stats    ]      Memory: Out Of Memory                                     0 / 0                 0 / 0                 0 / 0                 0 / 0           ops/s
[120.145s][info][gc,stats    ]      Memory: Page Cache Flush                                  0 / 0                 0 / 16                0 / 16                0 / 16          MB/s
[120.145s][info][gc,stats    ]      Memory: Page Cache Hit L1                               651 / 931             542 / 1402            542 / 1402            542 / 1402        ops/s
[120.145s][info][gc,stats    ]      Memory: Page Cache Hit L2                                 0 / 0                 0 / 0                 0 / 0                 0 / 0           ops/s
[120.145s][info][gc,stats    ]      Memory: Page Cache Hit L3                                 0 / 0                 8 / 286               8 / 286               8 / 286         ops/s
[120.145s][info][gc,stats    ]      Memory: Page Cache Miss                                   0 / 2                 5 / 558               5 / 558               5 / 558         ops/s
[120.145s][info][gc,stats    ]      Memory: Uncommit                                          0 / 0                 0 / 0                 0 / 0                 0 / 0           MB/s
[120.145s][info][gc,stats    ]      Memory: Undo Object Allocation Failed                     0 / 0                 0 / 0                 0 / 0                 0 / 0           ops/s
[120.145s][info][gc,stats    ]      Memory: Undo Object Allocation Succeeded                  0 / 3                18 / 1568             18 / 1568             18 / 1568        ops/s
[120.145s][info][gc,stats    ]      Memory: Undo Page Allocation                              0 / 0                 0 / 3                 0 / 3                 0 / 3           ops/s
[120.145s][info][gc,stats    ]       Phase: Concurrent Mark                             244.727 / 499.470     224.173 / 1600.769    224.173 / 1600.769    224.173 / 1600.769    ms
[120.145s][info][gc,stats    ]       Phase: Concurrent Mark Continue                      0.000 / 0.000         0.000 / 0.000         0.000 / 0.000         0.000 / 0.000       ms
[120.145s][info][gc,stats    ]       Phase: Concurrent Mark Free                          0.001 / 0.002         0.005 / 0.412         0.005 / 0.412         0.005 / 0.412       ms
[120.145s][info][gc,stats    ]       Phase: Concurrent Process Non-Strong References      3.919 / 8.768         4.990 / 35.438        4.990 / 35.438        4.990 / 35.438      ms
[120.145s][info][gc,stats    ]       Phase: Concurrent Relocate                          60.308 / 166.427      54.341 / 702.452      54.341 / 702.452      54.341 / 702.452     ms
[120.145s][info][gc,stats    ]       Phase: Concurrent Reset Relocation Set               0.092 / 0.176         0.076 / 0.246         0.076 / 0.246         0.076 / 0.246       ms
[120.145s][info][gc,stats    ]       Phase: Concurrent Select Relocation Set             27.433 / 70.395       27.052 / 130.936      27.052 / 130.936      27.052 / 130.936     ms
[120.145s][info][gc,stats    ]       Phase: Pause Mark End                                0.029 / 0.047         0.028 / 0.067         0.028 / 0.067         0.028 / 0.067       ms
[120.145s][info][gc,stats    ]       Phase: Pause Mark Start                              0.015 / 0.018         0.014 / 0.020         0.014 / 0.020         0.014 / 0.020       ms
[120.145s][info][gc,stats    ]       Phase: Pause Relocate Start                          0.011 / 0.013         0.010 / 0.014         0.010 / 0.014         0.010 / 0.014       ms
[120.145s][info][gc,stats    ]    Subphase: Concurrent Classes Purge                      0.046 / 0.094         0.305 / 11.088        0.305 / 11.088        0.305 / 11.088      ms
[120.145s][info][gc,stats    ]    Subphase: Concurrent Classes Unlink                     3.012 / 6.883         3.755 / 29.134        3.755 / 29.134        3.755 / 29.134      ms
[120.145s][info][gc,stats    ]    Subphase: Concurrent Mark                             195.670 / 491.220     167.318 / 1589.527    167.318 / 1589.527    167.318 / 1589.527    ms
[120.145s][info][gc,stats    ]    Subphase: Concurrent Mark Try Flush                     0.151 / 0.368         0.181 / 16.605        0.181 / 16.605        0.181 / 16.605      ms
[120.145s][info][gc,stats    ]    Subphase: Concurrent Mark Try Terminate                 7.761 / 16.323        9.919 / 16.803        9.919 / 16.803        9.919 / 16.803      ms
[120.145s][info][gc,stats    ]    Subphase: Concurrent References Enqueue                 0.002 / 0.004         0.003 / 0.005         0.003 / 0.005         0.003 / 0.005       ms
[120.145s][info][gc,stats    ]    Subphase: Concurrent References Process                 0.118 / 0.264         0.130 / 0.308         0.130 / 0.308         0.130 / 0.308       ms
[120.145s][info][gc,stats    ]    Subphase: Concurrent Roots ClassLoaderDataGraph         0.138 / 0.606         0.119 / 0.947         0.119 / 0.947         0.119 / 0.947       ms
[120.145s][info][gc,stats    ]    Subphase: Concurrent Roots CodeCache                    0.000 / 0.000         0.000 / 0.000         0.000 / 0.000         0.000 / 0.000       ms
[120.145s][info][gc,stats    ]    Subphase: Concurrent Roots JavaThreads                  5.670 / 9.932         6.262 / 17.424        6.262 / 17.424        6.262 / 17.424      ms
[120.145s][info][gc,stats    ]    Subphase: Concurrent Roots OopStorageSet                0.047 / 0.081         0.040 / 0.272         0.040 / 0.272         0.040 / 0.272       ms
[120.146s][info][gc,stats    ]    Subphase: Concurrent Weak Roots OopStorageSet           0.375 / 1.234         0.325 / 4.541         0.325 / 4.541         0.325 / 4.541       ms
[120.146s][info][gc,stats    ]    Subphase: Pause Mark Try Complete                       0.000 / 0.000         0.001 / 0.006         0.001 / 0.006         0.001 / 0.006       ms
[120.146s][info][gc,stats    ]      System: Java Threads                                    275 / 277             235 / 281             235 / 281             235 / 281         threads
[120.146s][info][gc,stats    ] =========================================================================================================================================================
[120.157s][info][gc,phases   ] GC(108) Concurrent Relocate 40.029ms
[120.157s][info][gc,load     ] GC(108) Load: 0.00/0.00/0.00
[120.157s][info][gc,mmu      ] GC(108) MMU: 2ms/96.7%, 5ms/98.7%, 10ms/99.3%, 20ms/99.6%, 50ms/99.8%, 100ms/99.9%
[120.157s][info][gc,marking  ] GC(108) Mark: 4 stripe(s), 3 proactive flush(es), 1 terminate flush(es), 0 completion(s), 0 continuation(s) 
[120.157s][info][gc,marking  ] GC(108) Mark Stack Usage: 32M
[120.157s][info][gc,nmethod  ] GC(108) NMethods: 6741 registered, 4577 unregistered
[120.157s][info][gc,metaspace] GC(108) Metaspace: 66M used, 67M committed, 1088M reserved
[120.158s][info][gc,ref      ] GC(108) Soft: 4955 encountered, 0 discovered, 0 enqueued
[120.158s][info][gc,ref      ] GC(108) Weak: 6655 encountered, 879 discovered, 79 enqueued
[120.158s][info][gc,ref      ] GC(108) Final: 126 encountered, 0 discovered, 0 enqueued
[120.158s][info][gc,ref      ] GC(108) Phantom: 617 encountered, 437 discovered, 0 enqueued
[120.158s][info][gc,reloc    ] GC(108) Small Pages: 524 / 1048M, Empty: 20M, Relocated: 62M, In-Place: 0
[120.158s][info][gc,reloc    ] GC(108) Medium Pages: 1 / 32M, Empty: 0M, Relocated: 0M, In-Place: 0
[120.158s][info][gc,reloc    ] GC(108) Large Pages: 8 / 64M, Empty: 12M, Relocated: 0M, In-Place: 0
[120.158s][info][gc,reloc    ] GC(108) Forwarding Usage: 57M
[120.158s][info][gc,heap     ] GC(108) Min Capacity: 8M(0%)
[120.158s][info][gc,heap     ] GC(108) Max Capacity: 4096M(100%)
[120.158s][info][gc,heap     ] GC(108) Soft Max Capacity: 4096M(100%)
[120.158s][info][gc,heap     ] GC(108)                Mark Start          Mark End        Relocate Start      Relocate End           High               Low         
[120.158s][info][gc,heap     ] GC(108)  Capacity:     3996M (98%)        3996M (98%)        3996M (98%)        3996M (98%)        3996M (98%)        3996M (98%)    
[120.158s][info][gc,heap     ] GC(108)      Free:     2952M (72%)        2896M (71%)        2928M (71%)        3606M (88%)        3606M (88%)        2896M (71%)    
[120.158s][info][gc,heap     ] GC(108)      Used:     1144M (28%)        1200M (29%)        1168M (29%)         490M (12%)        1200M (29%)         490M (12%)    
[120.158s][info][gc,heap     ] GC(108)      Live:         -               365M (9%)          365M (9%)          365M (9%)             -                  -          
[120.158s][info][gc,heap     ] GC(108) Allocated:         -                56M (1%)           56M (1%)           56M (1%)             -                  -          
[120.158s][info][gc,heap     ] GC(108)   Garbage:         -               778M (19%)         746M (18%)          68M (2%)             -                  -          
[120.158s][info][gc,heap     ] GC(108) Reclaimed:         -                  -                32M (1%)          710M (17%)            -                  -          
[120.158s][info][gc          ] GC(108) Garbage Collection (Allocation Rate) 1144M(28%)->490M(12%)
[122.147s][info][gc,start    ] GC(109) Garbage Collection (Allocation Rate)
[122.147s][info][gc,task     ] GC(109) Using 5 workers
[122.147s][info][gc,phases   ] GC(109) Pause Mark Start 0.012ms
[122.329s][info][gc,phases   ] GC(109) Concurrent Mark 181.422ms
[122.329s][info][gc,phases   ] GC(109) Pause Mark End 0.033ms
[122.329s][info][gc,phases   ] GC(109) Concurrent Mark Free 0.001ms
[122.334s][info][gc,phases   ] GC(109) Concurrent Process Non-Strong References 4.705ms
[122.334s][info][gc,phases   ] GC(109) Concurrent Reset Relocation Set 0.076ms
[122.341s][info][gc,phases   ] GC(109) Concurrent Select Relocation Set 6.806ms
[122.341s][info][gc,phases   ] GC(109) Pause Relocate Start 0.012ms
[122.378s][info][gc,phases   ] GC(109) Concurrent Relocate 37.073ms
[122.378s][info][gc,load     ] GC(109) Load: 0.00/0.00/0.00
[122.378s][info][gc,mmu      ] GC(109) MMU: 2ms/96.7%, 5ms/98.7%, 10ms/99.3%, 20ms/99.6%, 50ms/99.8%, 100ms/99.9%
[122.378s][info][gc,marking  ] GC(109) Mark: 4 stripe(s), 2 proactive flush(es), 1 terminate flush(es), 0 completion(s), 0 continuation(s) 
[122.379s][info][gc,marking  ] GC(109) Mark Stack Usage: 32M
[122.379s][info][gc,nmethod  ] GC(109) NMethods: 6905 registered, 14 unregistered
[122.379s][info][gc,metaspace] GC(109) Metaspace: 66M used, 67M committed, 1088M reserved
[122.379s][info][gc,ref      ] GC(109) Soft: 4950 encountered, 0 discovered, 0 enqueued
[122.379s][info][gc,ref      ] GC(109) Weak: 6940 encountered, 2567 discovered, 278 enqueued
[122.379s][info][gc,ref      ] GC(109) Final: 126 encountered, 17 discovered, 0 enqueued
[122.379s][info][gc,ref      ] GC(109) Phantom: 617 encountered, 478 discovered, 0 enqueued
[122.379s][info][gc,reloc    ] GC(109) Small Pages: 1087 / 2174M, Empty: 1260M, Relocated: 36M, In-Place: 0
[122.379s][info][gc,reloc    ] GC(109) Medium Pages: 7 / 224M, Empty: 96M, Relocated: 14M, In-Place: 0
[122.379s][info][gc,reloc    ] GC(109) Large Pages: 28 / 184M, Empty: 172M, Relocated: 0M, In-Place: 0
[122.379s][info][gc,reloc    ] GC(109) Forwarding Usage: 32M
[122.379s][info][gc,heap     ] GC(109) Min Capacity: 8M(0%)
[122.379s][info][gc,heap     ] GC(109) Max Capacity: 4096M(100%)
[122.379s][info][gc,heap     ] GC(109) Soft Max Capacity: 4096M(100%)
[122.379s][info][gc,heap     ] GC(109)                Mark Start          Mark End        Relocate Start      Relocate End           High               Low         
[122.379s][info][gc,heap     ] GC(109)  Capacity:     3996M (98%)        3996M (98%)        3996M (98%)        3996M (98%)        3996M (98%)        3996M (98%)    
[122.379s][info][gc,heap     ] GC(109)      Free:     1514M (37%)        1260M (31%)        2750M (67%)        3462M (85%)        3462M (85%)        1244M (30%)    
[122.379s][info][gc,heap     ] GC(109)      Used:     2582M (63%)        2836M (69%)        1346M (33%)         634M (15%)        2852M (70%)         634M (15%)    
[122.379s][info][gc,heap     ] GC(109)      Live:         -               234M (6%)          234M (6%)          234M (6%)             -                  -          
[122.379s][info][gc,heap     ] GC(109) Allocated:         -               254M (6%)          292M (7%)          340M (8%)             -                  -          
[122.379s][info][gc,heap     ] GC(109)   Garbage:         -              2347M (57%)         819M (20%)          58M (1%)             -                  -          
[122.379s][info][gc,heap     ] GC(109) Reclaimed:         -                  -              1528M (37%)        2288M (56%)            -                  -          
[122.379s][info][gc          ] GC(109) Garbage Collection (Allocation Rate) 2582M(63%)->634M(15%)
[122.904s][info][gc,start    ] GC(110) Garbage Collection (System.gc())
[122.904s][info][gc,task     ] GC(110) Using 12 workers
[122.905s][info][gc,phases   ] GC(110) Pause Mark Start 0.016ms
[122.977s][info][gc,phases   ] GC(110) Concurrent Mark 72.147ms
[122.977s][info][gc,phases   ] GC(110) Pause Mark End 0.024ms
[122.977s][info][gc,phases   ] GC(110) Concurrent Mark Free 0.001ms
[122.979s][info][gc,phases   ] GC(110) Concurrent Process Non-Strong References 2.141ms
[122.979s][info][gc,phases   ] GC(110) Concurrent Reset Relocation Set 0.077ms
[122.990s][info][gc,phases   ] GC(110) Concurrent Select Relocation Set 10.331ms
[122.990s][info][gc,phases   ] GC(110) Pause Relocate Start 0.008ms
[122.992s][info][gc,phases   ] GC(110) Concurrent Relocate 1.986ms
[122.992s][info][gc,load     ] GC(110) Load: 0.00/0.00/0.00
[122.992s][info][gc,mmu      ] GC(110) MMU: 2ms/96.7%, 5ms/98.7%, 10ms/99.3%, 20ms/99.6%, 50ms/99.8%, 100ms/99.9%
[122.992s][info][gc,marking  ] GC(110) Mark: 8 stripe(s), 1 proactive flush(es), 1 terminate flush(es), 0 completion(s), 0 continuation(s) 
[122.992s][info][gc,marking  ] GC(110) Mark Stack Usage: 32M
[122.992s][info][gc,nmethod  ] GC(110) NMethods: 6973 registered, 21 unregistered
[122.992s][info][gc,metaspace] GC(110) Metaspace: 66M used, 67M committed, 1088M reserved
[122.992s][info][gc,ref      ] GC(110) Soft: 4947 encountered, 0 discovered, 0 enqueued
[122.992s][info][gc,ref      ] GC(110) Weak: 6681 encountered, 954 discovered, 197 enqueued
[122.992s][info][gc,ref      ] GC(110) Final: 126 encountered, 0 discovered, 0 enqueued
[122.992s][info][gc,ref      ] GC(110) Phantom: 617 encountered, 383 discovered, 0 enqueued
[122.992s][info][gc,reloc    ] GC(110) Small Pages: 641 / 1282M, Empty: 1014M, Relocated: 2M, In-Place: 0
[122.992s][info][gc,reloc    ] GC(110) Medium Pages: 5 / 160M, Empty: 128M, Relocated: 0M, In-Place: 0
[122.992s][info][gc,reloc    ] GC(110) Large Pages: 34 / 224M, Empty: 224M, Relocated: 0M, In-Place: 0
[122.992s][info][gc,reloc    ] GC(110) Forwarding Usage: 1M
[122.992s][info][gc,heap     ] GC(110) Min Capacity: 8M(0%)
[122.993s][info][gc,heap     ] GC(110) Max Capacity: 4096M(100%)
[122.993s][info][gc,heap     ] GC(110) Soft Max Capacity: 4096M(100%)
[122.993s][info][gc,heap     ] GC(110)                Mark Start          Mark End        Relocate Start      Relocate End           High               Low         
[122.993s][info][gc,heap     ] GC(110)  Capacity:     3996M (98%)        3996M (98%)        3996M (98%)        3996M (98%)        3996M (98%)        3996M (98%)    
[122.993s][info][gc,heap     ] GC(110)      Free:     2430M (59%)        2430M (59%)        3762M (92%)        3826M (93%)        3826M (93%)        2426M (59%)    
[122.993s][info][gc,heap     ] GC(110)      Used:     1666M (41%)        1666M (41%)         334M (8%)          270M (7%)         1670M (41%)         270M (7%)     
[122.993s][info][gc,heap     ] GC(110)      Live:         -               170M (4%)          170M (4%)          170M (4%)             -                  -          
[122.993s][info][gc,heap     ] GC(110) Allocated:         -                 0M (0%)           34M (1%)           38M (1%)             -                  -          
[122.993s][info][gc,heap     ] GC(110)   Garbage:         -              1495M (37%)         129M (3%)           61M (2%)             -                  -          
[122.993s][info][gc,heap     ] GC(110) Reclaimed:         -                  -              1366M (33%)        1434M (35%)            -                  -          
[122.993s][info][gc          ] GC(110) Garbage Collection (System.gc()) 1666M(41%)->270M(7%)
[123.856s][info][gc,start    ] GC(111) Garbage Collection (Allocation Rate)
[123.856s][info][gc,task     ] GC(111) Using 4 workers
[123.856s][info][gc,phases   ] GC(111) Pause Mark Start 0.012ms
[124.246s][info][gc,phases   ] GC(111) Concurrent Mark 390.122ms
[124.247s][info][gc,phases   ] GC(111) Pause Mark End 0.032ms
[124.247s][info][gc,phases   ] GC(111) Concurrent Mark Free 0.002ms
[124.252s][info][gc,phases   ] GC(111) Concurrent Process Non-Strong References 5.233ms
[124.252s][info][gc,phases   ] GC(111) Concurrent Reset Relocation Set 0.006ms
[124.313s][info][gc,phases   ] GC(111) Concurrent Select Relocation Set 60.912ms
[124.313s][info][gc,phases   ] GC(111) Pause Relocate Start 0.009ms
[124.449s][info][gc,phases   ] GC(111) Concurrent Relocate 135.320ms
[124.449s][info][gc,load     ] GC(111) Load: 0.00/0.00/0.00
[124.449s][info][gc,mmu      ] GC(111) MMU: 2ms/96.7%, 5ms/98.7%, 10ms/99.3%, 20ms/99.6%, 50ms/99.8%, 100ms/99.9%
[124.449s][info][gc,marking  ] GC(111) Mark: 4 stripe(s), 2 proactive flush(es), 1 terminate flush(es), 0 completion(s), 0 continuation(s) 
[124.449s][info][gc,marking  ] GC(111) Mark Stack Usage: 32M
[124.449s][info][gc,nmethod  ] GC(111) NMethods: 6987 registered, 23 unregistered
[124.449s][info][gc,metaspace] GC(111) Metaspace: 66M used, 67M committed, 1088M reserved
[124.449s][info][gc,ref      ] GC(111) Soft: 4951 encountered, 0 discovered, 0 enqueued
[124.449s][info][gc,ref      ] GC(111) Weak: 6549 encountered, 1098 discovered, 21 enqueued
[124.449s][info][gc,ref      ] GC(111) Final: 126 encountered, 4 discovered, 0 enqueued
[124.449s][info][gc,ref      ] GC(111) Phantom: 617 encountered, 416 discovered, 0 enqueued
[124.449s][info][gc,reloc    ] GC(111) Small Pages: 991 / 1982M, Empty: 0M, Relocated: 180M, In-Place: 0
[124.449s][info][gc,reloc    ] GC(111) Medium Pages: 2 / 64M, Empty: 32M, Relocated: 0M, In-Place: 0
[124.449s][info][gc,reloc    ] GC(111) Large Pages: 13 / 94M, Empty: 30M, Relocated: 0M, In-Place: 0
[124.449s][info][gc,reloc    ] GC(111) Forwarding Usage: 139M
[124.449s][info][gc,heap     ] GC(111) Min Capacity: 8M(0%)
[124.449s][info][gc,heap     ] GC(111) Max Capacity: 4096M(100%)
[124.449s][info][gc,heap     ] GC(111) Soft Max Capacity: 4096M(100%)
[124.449s][info][gc,heap     ] GC(111)                Mark Start          Mark End        Relocate Start      Relocate End           High               Low         
[124.449s][info][gc,heap     ] GC(111)  Capacity:     3996M (98%)        3996M (98%)        3996M (98%)        3996M (98%)        3996M (98%)        3996M (98%)    
[124.449s][info][gc,heap     ] GC(111)      Free:     1956M (48%)        1546M (38%)        1608M (39%)        3222M (79%)        3222M (79%)        1546M (38%)    
[124.449s][info][gc,heap     ] GC(111)      Used:     2140M (52%)        2550M (62%)        2488M (61%)         874M (21%)        2550M (62%)         874M (21%)    
[124.449s][info][gc,heap     ] GC(111)      Live:         -               417M (10%)         417M (10%)         417M (10%)            -                  -          
[124.449s][info][gc,heap     ] GC(111) Allocated:         -               410M (10%)         410M (10%)         408M (10%)            -                  -          
[124.449s][info][gc,heap     ] GC(111)   Garbage:         -              1722M (42%)        1660M (41%)          47M (1%)             -                  -          
[124.449s][info][gc,heap     ] GC(111) Reclaimed:         -                  -                62M (2%)         1674M (41%)            -                  -          
[124.450s][info][gc          ] GC(111) Garbage Collection (Allocation Rate) 2140M(52%)->874M(21%)
[124.543s][info][gc,start    ] GC(112) Garbage Collection (Allocation Rate)
[124.543s][info][gc,task     ] GC(112) Using 6 workers
[124.543s][info][gc,phases   ] GC(112) Pause Mark Start 0.018ms
[124.809s][info][gc,phases   ] GC(112) Concurrent Mark 265.123ms
[124.809s][info][gc,phases   ] GC(112) Pause Mark End 0.017ms
[124.809s][info][gc,phases   ] GC(112) Concurrent Mark Free 0.001ms
[124.813s][info][gc,phases   ] GC(112) Concurrent Process Non-Strong References 3.721ms
[124.813s][info][gc,phases   ] GC(112) Concurrent Reset Relocation Set 0.215ms
[124.835s][info][gc,phases   ] GC(112) Concurrent Select Relocation Set 22.419ms
[124.836s][info][gc,phases   ] GC(112) Pause Relocate Start 0.012ms
[124.864s][info][gc,phases   ] GC(112) Concurrent Relocate 28.008ms
[124.864s][info][gc,load     ] GC(112) Load: 0.00/0.00/0.00
[124.864s][info][gc,mmu      ] GC(112) MMU: 2ms/96.7%, 5ms/98.7%, 10ms/99.3%, 20ms/99.6%, 50ms/99.8%, 100ms/99.9%
[124.864s][info][gc,marking  ] GC(112) Mark: 4 stripe(s), 2 proactive flush(es), 1 terminate flush(es), 0 completion(s), 0 continuation(s) 
[124.864s][info][gc,marking  ] GC(112) Mark Stack Usage: 32M
[124.864s][info][gc,nmethod  ] GC(112) NMethods: 6990 registered, 23 unregistered
[124.864s][info][gc,metaspace] GC(112) Metaspace: 66M used, 67M committed, 1088M reserved
[124.864s][info][gc,ref      ] GC(112) Soft: 4951 encountered, 0 discovered, 0 enqueued
[124.864s][info][gc,ref      ] GC(112) Weak: 6528 encountered, 1209 discovered, 0 enqueued
[124.864s][info][gc,ref      ] GC(112) Final: 126 encountered, 0 discovered, 0 enqueued
[124.864s][info][gc,ref      ] GC(112) Phantom: 617 encountered, 426 discovered, 0 enqueued
[124.864s][info][gc,reloc    ] GC(112) Small Pages: 373 / 746M, Empty: 86M, Relocated: 27M, In-Place: 0
[124.864s][info][gc,reloc    ] GC(112) Medium Pages: 2 / 64M, Empty: 0M, Relocated: 19M, In-Place: 0
[124.864s][info][gc,reloc    ] GC(112) Large Pages: 8 / 64M, Empty: 24M, Relocated: 0M, In-Place: 0
[124.864s][info][gc,reloc    ] GC(112) Forwarding Usage: 27M
[124.864s][info][gc,heap     ] GC(112) Min Capacity: 8M(0%)
[124.864s][info][gc,heap     ] GC(112) Max Capacity: 4096M(100%)
[124.864s][info][gc,heap     ] GC(112) Soft Max Capacity: 4096M(100%)
[124.864s][info][gc,heap     ] GC(112)                Mark Start          Mark End        Relocate Start      Relocate End           High               Low         
[124.864s][info][gc,heap     ] GC(112)  Capacity:     3996M (98%)        3996M (98%)        3996M (98%)        3996M (98%)        3996M (98%)        3996M (98%)    
[124.864s][info][gc,heap     ] GC(112)      Free:     3222M (79%)        3142M (77%)        3236M (79%)        3630M (89%)        3630M (89%)        3136M (77%)    
[124.864s][info][gc,heap     ] GC(112)      Used:      874M (21%)         954M (23%)         860M (21%)         466M (11%)         960M (23%)         466M (11%)    
[124.864s][info][gc,heap     ] GC(112)      Live:         -               317M (8%)          317M (8%)          317M (8%)             -                  -          
[124.865s][info][gc,heap     ] GC(112) Allocated:         -                80M (2%)           96M (2%)           97M (2%)             -                  -          
[124.865s][info][gc,heap     ] GC(112)   Garbage:         -               556M (14%)         446M (11%)          50M (1%)             -                  -          
[124.865s][info][gc,heap     ] GC(112) Reclaimed:         -                  -               110M (3%)          505M (12%)            -                  -          
[124.865s][info][gc          ] GC(112) Garbage Collection (Allocation Rate) 874M(21%)->466M(11%)
[125.746s][info][gc,start    ] GC(113) Garbage Collection (Allocation Rate)
[125.746s][info][gc,task     ] GC(113) Using 7 workers
[125.746s][info][gc,phases   ] GC(113) Pause Mark Start 0.013ms
[125.949s][info][gc,phases   ] GC(113) Concurrent Mark 202.690ms
[125.949s][info][gc,phases   ] GC(113) Pause Mark End 0.026ms
[125.949s][info][gc,phases   ] GC(113) Concurrent Mark Free 0.001ms
[125.953s][info][gc,phases   ] GC(113) Concurrent Process Non-Strong References 3.010ms
[125.953s][info][gc,phases   ] GC(113) Concurrent Reset Relocation Set 0.047ms
[126.010s][info][gc,phases   ] GC(113) Concurrent Select Relocation Set 57.591ms
[126.010s][info][gc,phases   ] GC(113) Pause Relocate Start 0.009ms
[126.081s][info][gc,phases   ] GC(113) Concurrent Relocate 69.993ms
[126.081s][info][gc,load     ] GC(113) Load: 0.00/0.00/0.00
[126.081s][info][gc,mmu      ] GC(113) MMU: 2ms/96.7%, 5ms/98.7%, 10ms/99.3%, 20ms/99.6%, 50ms/99.8%, 100ms/99.9%
[126.081s][info][gc,marking  ] GC(113) Mark: 4 stripe(s), 2 proactive flush(es), 1 terminate flush(es), 0 completion(s), 0 continuation(s) 
[126.081s][info][gc,marking  ] GC(113) Mark Stack Usage: 32M
[126.081s][info][gc,nmethod  ] GC(113) NMethods: 6998 registered, 28 unregistered
[126.081s][info][gc,metaspace] GC(113) Metaspace: 66M used, 67M committed, 1088M reserved
[126.081s][info][gc,ref      ] GC(113) Soft: 4955 encountered, 0 discovered, 0 enqueued
[126.081s][info][gc,ref      ] GC(113) Weak: 6746 encountered, 1222 discovered, 88 enqueued
[126.081s][info][gc,ref      ] GC(113) Final: 126 encountered, 0 discovered, 0 enqueued
[126.081s][info][gc,ref      ] GC(113) Phantom: 617 encountered, 477 discovered, 0 enqueued
[126.081s][info][gc,reloc    ] GC(113) Small Pages: 838 / 1676M, Empty: 176M, Relocated: 150M, In-Place: 0
[126.081s][info][gc,reloc    ] GC(113) Medium Pages: 3 / 96M, Empty: 64M, Relocated: 0M, In-Place: 0
[126.081s][info][gc,reloc    ] GC(113) Large Pages: 21 / 158M, Empty: 94M, Relocated: 0M, In-Place: 0
[126.081s][info][gc,reloc    ] GC(113) Forwarding Usage: 99M
[126.081s][info][gc,heap     ] GC(113) Min Capacity: 8M(0%)
[126.081s][info][gc,heap     ] GC(113) Max Capacity: 4096M(100%)
[126.081s][info][gc,heap     ] GC(113) Soft Max Capacity: 4096M(100%)
[126.081s][info][gc,heap     ] GC(113)                Mark Start          Mark End        Relocate Start      Relocate End           High               Low         
[126.081s][info][gc,heap     ] GC(113)  Capacity:     3996M (98%)        3996M (98%)        3996M (98%)        3996M (98%)        3996M (98%)        3996M (98%)    
[126.081s][info][gc,heap     ] GC(113)      Free:     2166M (53%)        1752M (43%)        1938M (47%)        3006M (73%)        3006M (73%)        1740M (42%)    
[126.081s][info][gc,heap     ] GC(113)      Used:     1930M (47%)        2344M (57%)        2158M (53%)        1090M (27%)        2356M (58%)        1090M (27%)    
[126.081s][info][gc,heap     ] GC(113)      Live:         -               386M (9%)          386M (9%)          386M (9%)             -                  -          
[126.081s][info][gc,heap     ] GC(113) Allocated:         -               414M (10%)         562M (14%)         652M (16%)            -                  -          
[126.081s][info][gc,heap     ] GC(113)   Garbage:         -              1543M (38%)        1209M (30%)          50M (1%)             -                  -          
[126.081s][info][gc,heap     ] GC(113) Reclaimed:         -                  -               334M (8%)         1492M (36%)            -                  -          
[126.081s][info][gc          ] GC(113) Garbage Collection (Allocation Rate) 1930M(47%)->1090M(27%)
[126.152s][info][gc,start    ] GC(114) Garbage Collection (Allocation Rate)
[126.152s][info][gc,task     ] GC(114) Using 7 workers
[126.153s][info][gc,phases   ] GC(114) Pause Mark Start 0.018ms
[126.433s][info][gc,phases   ] GC(114) Concurrent Mark 280.780ms
[126.434s][info][gc,phases   ] GC(114) Pause Mark End 0.025ms
[126.434s][info][gc,phases   ] GC(114) Concurrent Mark Free 0.001ms
[126.437s][info][gc,phases   ] GC(114) Concurrent Process Non-Strong References 3.064ms
[126.437s][info][gc,phases   ] GC(114) Concurrent Reset Relocation Set 0.127ms
[126.446s][info][gc,phases   ] GC(114) Concurrent Select Relocation Set 9.460ms
[126.447s][info][gc,phases   ] GC(114) Pause Relocate Start 0.009ms
[126.485s][info][gc,phases   ] GC(114) Concurrent Relocate 38.470ms
[126.485s][info][gc,load     ] GC(114) Load: 0.00/0.00/0.00
[126.485s][info][gc,mmu      ] GC(114) MMU: 2ms/96.7%, 5ms/98.7%, 10ms/99.3%, 20ms/99.6%, 50ms/99.8%, 100ms/99.9%
[126.485s][info][gc,marking  ] GC(114) Mark: 4 stripe(s), 2 proactive flush(es), 1 terminate flush(es), 0 completion(s), 0 continuation(s) 
[126.485s][info][gc,marking  ] GC(114) Mark Stack Usage: 32M
[126.485s][info][gc,nmethod  ] GC(114) NMethods: 6999 registered, 28 unregistered
[126.485s][info][gc,metaspace] GC(114) Metaspace: 66M used, 67M committed, 1088M reserved
[126.485s][info][gc,ref      ] GC(114) Soft: 4955 encountered, 0 discovered, 0 enqueued
[126.485s][info][gc,ref      ] GC(114) Weak: 6656 encountered, 730 discovered, 79 enqueued
[126.485s][info][gc,ref      ] GC(114) Final: 126 encountered, 0 discovered, 0 enqueued
[126.485s][info][gc,ref      ] GC(114) Phantom: 617 encountered, 456 discovered, 0 enqueued
[126.486s][info][gc,reloc    ] GC(114) Small Pages: 561 / 1122M, Empty: 0M, Relocated: 57M, In-Place: 0
[126.486s][info][gc,reloc    ] GC(114) Medium Pages: 1 / 32M, Empty: 0M, Relocated: 0M, In-Place: 0
[126.486s][info][gc,reloc    ] GC(114) Large Pages: 8 / 64M, Empty: 0M, Relocated: 0M, In-Place: 0
[126.486s][info][gc,reloc    ] GC(114) Forwarding Usage: 53M
[126.486s][info][gc,heap     ] GC(114) Min Capacity: 8M(0%)
[126.486s][info][gc,heap     ] GC(114) Max Capacity: 4096M(100%)
[126.486s][info][gc,heap     ] GC(114) Soft Max Capacity: 4096M(100%)
[126.486s][info][gc,heap     ] GC(114)                Mark Start          Mark End        Relocate Start      Relocate End           High               Low         
[126.486s][info][gc,heap     ] GC(114)  Capacity:     3996M (98%)        3996M (98%)        3996M (98%)        3996M (98%)        3996M (98%)        3996M (98%)    
[126.486s][info][gc,heap     ] GC(114)      Free:     2878M (70%)        2730M (67%)        2730M (67%)        3468M (85%)        3468M (85%)        2718M (66%)    
[126.486s][info][gc,heap     ] GC(114)      Used:     1218M (30%)        1366M (33%)        1366M (33%)         628M (15%)        1378M (34%)         628M (15%)    
[126.486s][info][gc,heap     ] GC(114)      Live:         -               422M (10%)         422M (10%)         422M (10%)            -                  -          
[126.486s][info][gc,heap     ] GC(114) Allocated:         -               148M (4%)          148M (4%)          146M (4%)             -                  -          
[126.486s][info][gc,heap     ] GC(114)   Garbage:         -               795M (19%)         795M (19%)          58M (1%)             -                  -          
[126.486s][info][gc,heap     ] GC(114) Reclaimed:         -                  -                 0M (0%)          736M (18%)            -                  -          
[126.486s][info][gc          ] GC(114) Garbage Collection (Allocation Rate) 1218M(30%)->628M(15%)
[128.252s][info][gc,start    ] GC(115) Garbage Collection (Allocation Rate)
[128.252s][info][gc,task     ] GC(115) Using 7 workers
[128.252s][info][gc,phases   ] GC(115) Pause Mark Start 0.012ms
[128.424s][info][gc,phases   ] GC(115) Concurrent Mark 171.394ms
[128.424s][info][gc,phases   ] GC(115) Pause Mark End 0.029ms
[128.424s][info][gc,phases   ] GC(115) Concurrent Mark Free 0.001ms
[128.427s][info][gc,phases   ] GC(115) Concurrent Process Non-Strong References 3.219ms
[128.427s][info][gc,phases   ] GC(115) Concurrent Reset Relocation Set 0.113ms
[128.488s][info][gc,phases   ] GC(115) Concurrent Select Relocation Set 60.303ms
[128.488s][info][gc,phases   ] GC(115) Pause Relocate Start 0.013ms
[128.549s][info][gc,phases   ] GC(115) Concurrent Relocate 61.086ms
[128.549s][info][gc,load     ] GC(115) Load: 0.00/0.00/0.00
[128.549s][info][gc,mmu      ] GC(115) MMU: 2ms/96.7%, 5ms/98.7%, 10ms/99.3%, 20ms/99.6%, 50ms/99.8%, 100ms/99.9%
[128.549s][info][gc,marking  ] GC(115) Mark: 4 stripe(s), 2 proactive flush(es), 1 terminate flush(es), 0 completion(s), 0 continuation(s) 
[128.549s][info][gc,marking  ] GC(115) Mark Stack Usage: 32M
[128.549s][info][gc,nmethod  ] GC(115) NMethods: 7029 registered, 43 unregistered
[128.549s][info][gc,metaspace] GC(115) Metaspace: 66M used, 67M committed, 1088M reserved
[128.549s][info][gc,ref      ] GC(115) Soft: 4951 encountered, 0 discovered, 0 enqueued
[128.550s][info][gc,ref      ] GC(115) Weak: 6960 encountered, 1308 discovered, 288 enqueued
[128.550s][info][gc,ref      ] GC(115) Final: 126 encountered, 85 discovered, 0 enqueued
[128.550s][info][gc,ref      ] GC(115) Phantom: 619 encountered, 500 discovered, 0 enqueued
[128.550s][info][gc,reloc    ] GC(115) Small Pages: 1107 / 2214M, Empty: 1202M, Relocated: 72M, In-Place: 0
[128.550s][info][gc,reloc    ] GC(115) Medium Pages: 4 / 128M, Empty: 64M, Relocated: 12M, In-Place: 0
[128.550s][info][gc,reloc    ] GC(115) Large Pages: 27 / 178M, Empty: 160M, Relocated: 0M, In-Place: 0
[128.550s][info][gc,reloc    ] GC(115) Forwarding Usage: 69M
[128.550s][info][gc,heap     ] GC(115) Min Capacity: 8M(0%)
[128.550s][info][gc,heap     ] GC(115) Max Capacity: 4096M(100%)
[128.550s][info][gc,heap     ] GC(115) Soft Max Capacity: 4096M(100%)
[128.550s][info][gc,heap     ] GC(115)                Mark Start          Mark End        Relocate Start      Relocate End           High               Low         
[128.550s][info][gc,heap     ] GC(115)  Capacity:     3996M (98%)        3996M (98%)        3996M (98%)        3996M (98%)        3996M (98%)        3996M (98%)    
[128.550s][info][gc,heap     ] GC(115)      Free:     1576M (38%)        1500M (37%)        2884M (70%)        3630M (89%)        3630M (89%)        1496M (37%)    
[128.550s][info][gc,heap     ] GC(115)      Used:     2520M (62%)        2596M (63%)        1212M (30%)         466M (11%)        2600M (63%)         466M (11%)    
[128.550s][info][gc,heap     ] GC(115)      Live:         -               260M (6%)          260M (6%)          260M (6%)             -                  -          
[128.550s][info][gc,heap     ] GC(115) Allocated:         -                76M (2%)          118M (3%)          159M (4%)             -                  -          
[128.550s][info][gc,heap     ] GC(115)   Garbage:         -              2259M (55%)         833M (20%)          45M (1%)             -                  -          
[128.550s][info][gc,heap     ] GC(115) Reclaimed:         -                  -              1426M (35%)        2213M (54%)            -                  -          
[128.550s][info][gc          ] GC(115) Garbage Collection (Allocation Rate) 2520M(62%)->466M(11%)
[129.277s][info][gc,start    ] GC(116) Garbage Collection (System.gc())
[129.277s][info][gc,task     ] GC(116) Using 12 workers
[129.277s][info][gc,phases   ] GC(116) Pause Mark Start 0.016ms
[129.351s][info][gc,phases   ] GC(116) Concurrent Mark 73.097ms
[129.351s][info][gc,phases   ] GC(116) Pause Mark End 0.032ms
[129.351s][info][gc,phases   ] GC(116) Concurrent Mark Free 0.001ms
[129.353s][info][gc,phases   ] GC(116) Concurrent Process Non-Strong References 2.116ms
[129.353s][info][gc,phases   ] GC(116) Concurrent Reset Relocation Set 0.072ms
[129.366s][info][gc,phases   ] GC(116) Concurrent Select Relocation Set 12.873ms
[129.366s][info][gc,phases   ] GC(116) Pause Relocate Start 0.011ms
[129.369s][info][gc,phases   ] GC(116) Concurrent Relocate 2.529ms
[129.369s][info][gc,load     ] GC(116) Load: 0.00/0.00/0.00
[129.369s][info][gc,mmu      ] GC(116) MMU: 2ms/96.7%, 5ms/98.7%, 10ms/99.3%, 20ms/99.6%, 50ms/99.8%, 100ms/99.9%
[129.369s][info][gc,marking  ] GC(116) Mark: 8 stripe(s), 2 proactive flush(es), 1 terminate flush(es), 0 completion(s), 0 continuation(s) 
[129.369s][info][gc,marking  ] GC(116) Mark Stack Usage: 32M
[129.369s][info][gc,nmethod  ] GC(116) NMethods: 7051 registered, 48 unregistered
[129.369s][info][gc,metaspace] GC(116) Metaspace: 66M used, 67M committed, 1088M reserved
[129.369s][info][gc,ref      ] GC(116) Soft: 4947 encountered, 0 discovered, 0 enqueued
[129.369s][info][gc,ref      ] GC(116) Weak: 6690 encountered, 1832 discovered, 199 enqueued
[129.369s][info][gc,ref      ] GC(116) Final: 126 encountered, 0 discovered, 0 enqueued
[129.369s][info][gc,ref      ] GC(116) Phantom: 617 encountered, 465 discovered, 0 enqueued
[129.369s][info][gc,reloc    ] GC(116) Small Pages: 695 / 1390M, Empty: 1128M, Relocated: 2M, In-Place: 0
[129.369s][info][gc,reloc    ] GC(116) Medium Pages: 7 / 224M, Empty: 192M, Relocated: 0M, In-Place: 0
[129.369s][info][gc,reloc    ] GC(116) Large Pages: 39 / 258M, Empty: 258M, Relocated: 0M, In-Place: 0
[129.369s][info][gc,reloc    ] GC(116) Forwarding Usage: 1M
[129.369s][info][gc,heap     ] GC(116) Min Capacity: 8M(0%)
[129.369s][info][gc,heap     ] GC(116) Max Capacity: 4096M(100%)
[129.369s][info][gc,heap     ] GC(116) Soft Max Capacity: 4096M(100%)
[129.369s][info][gc,heap     ] GC(116)                Mark Start          Mark End        Relocate Start      Relocate End           High               Low         
[129.369s][info][gc,heap     ] GC(116)  Capacity:     3996M (98%)        3996M (98%)        3996M (98%)        3996M (98%)        3996M (98%)        3996M (98%)    
[129.369s][info][gc,heap     ] GC(116)      Free:     2224M (54%)        2222M (54%)        3778M (92%)        3836M (94%)        3836M (94%)        2222M (54%)    
[129.369s][info][gc,heap     ] GC(116)      Used:     1872M (46%)        1874M (46%)         318M (8%)          260M (6%)         1874M (46%)         260M (6%)     
[129.369s][info][gc,heap     ] GC(116)      Live:         -               170M (4%)          170M (4%)          170M (4%)             -                  -          
[129.369s][info][gc,heap     ] GC(116) Allocated:         -                 2M (0%)           24M (1%)           28M (1%)             -                  -          
[129.369s][info][gc,heap     ] GC(116)   Garbage:         -              1701M (42%)         123M (3%)           61M (2%)             -                  -          
[129.369s][info][gc,heap     ] GC(116) Reclaimed:         -                  -              1578M (39%)        1640M (40%)            -                  -          
[129.369s][info][gc          ] GC(116) Garbage Collection (System.gc()) 1872M(46%)->260M(6%)
[130.044s][info][gc,start    ] GC(117) Garbage Collection (Allocation Rate)
[130.044s][info][gc,task     ] GC(117) Using 4 workers
[130.044s][info][gc,phases   ] GC(117) Pause Mark Start 0.011ms
[130.153s][info][gc,stats    ] === Garbage Collection Statistics =======================================================================================================================
[130.153s][info][gc,stats    ]                                                              Last 10s              Last 10m              Last 10h                Total
[130.153s][info][gc,stats    ]                                                              Avg / Max             Avg / Max             Avg / Max             Avg / Max
[130.153s][info][gc,stats    ]   Collector: Garbage Collection Cycle                    288.723 / 592.906     310.240 / 2470.825    310.240 / 2470.825    310.240 / 2470.825    ms
[130.153s][info][gc,stats    ]  Contention: Mark Segment Reset Contention                    10 / 28               12 / 255              12 / 255              12 / 255         ops/s
[130.153s][info][gc,stats    ]  Contention: Mark SeqNum Reset Contention                      0 / 1                 0 / 3                 0 / 3                 0 / 3           ops/s
[130.153s][info][gc,stats    ]    Critical: Allocation Stall                                  0 / 0                 0 / 0                 0 / 0                 0 / 0           ops/s
[130.153s][info][gc,stats    ]    Critical: Allocation Stall                              0.000 / 0.000         0.000 / 0.000         0.000 / 0.000         0.000 / 0.000       ms
[130.153s][info][gc,stats    ]    Critical: GC Locker Stall                                   0 / 0                 0 / 0                 0 / 0                 0 / 0           ops/s
[130.153s][info][gc,stats    ]    Critical: GC Locker Stall                               0.000 / 0.000         0.000 / 0.000         0.000 / 0.000         0.000 / 0.000       ms
[130.153s][info][gc,stats    ]    Critical: Relocation Stall                                  0 / 0                 0 / 0                 0 / 0                 0 / 0           ops/s
[130.153s][info][gc,stats    ]    Critical: Relocation Stall                              0.000 / 0.000         0.000 / 0.000         0.000 / 0.000         0.000 / 0.000       ms
[130.153s][info][gc,stats    ]      Memory: Allocation Rate                                1341 / 2024           1166 / 3096           1166 / 3096           1166 / 3096        MB/s
[130.154s][info][gc,stats    ]      Memory: Defragment                                        0 / 0                 0 / 8                 0 / 8                 0 / 8           ops/s
[130.154s][info][gc,stats    ]      Memory: Out Of Memory                                     0 / 0                 0 / 0                 0 / 0                 0 / 0           ops/s
[130.154s][info][gc,stats    ]      Memory: Page Cache Flush                                  0 / 0                 0 / 16                0 / 16                0 / 16          MB/s
[130.154s][info][gc,stats    ]      Memory: Page Cache Hit L1                               632 / 1040            549 / 1402            549 / 1402            549 / 1402        ops/s
[130.154s][info][gc,stats    ]      Memory: Page Cache Hit L2                                 0 / 0                 0 / 0                 0 / 0                 0 / 0           ops/s
[130.154s][info][gc,stats    ]      Memory: Page Cache Hit L3                                 0 / 0                 7 / 286               7 / 286               7 / 286         ops/s
[130.154s][info][gc,stats    ]      Memory: Page Cache Miss                                   0 / 0                 5 / 558               5 / 558               5 / 558         ops/s
[130.154s][info][gc,stats    ]      Memory: Uncommit                                          0 / 0                 0 / 0                 0 / 0                 0 / 0           MB/s
[130.154s][info][gc,stats    ]      Memory: Undo Object Allocation Failed                     0 / 0                 0 / 0                 0 / 0                 0 / 0           ops/s
[130.154s][info][gc,stats    ]      Memory: Undo Object Allocation Succeeded                  1 / 3                17 / 1568             17 / 1568             17 / 1568        ops/s
[130.154s][info][gc,stats    ]      Memory: Undo Page Allocation                              0 / 0                 0 / 3                 0 / 3                 0 / 3           ops/s
[130.154s][info][gc,stats    ]       Phase: Concurrent Mark                             204.597 / 390.122     222.835 / 1600.769    222.835 / 1600.769    222.835 / 1600.769    ms
[130.154s][info][gc,stats    ]       Phase: Concurrent Mark Continue                      0.000 / 0.000         0.000 / 0.000         0.000 / 0.000         0.000 / 0.000       ms
[130.154s][info][gc,stats    ]       Phase: Concurrent Mark Free                          0.001 / 0.002         0.005 / 0.412         0.005 / 0.412         0.005 / 0.412       ms
[130.154s][info][gc,stats    ]       Phase: Concurrent Process Non-Strong References      3.401 / 5.233         4.882 / 35.438        4.882 / 35.438        4.882 / 35.438      ms
[130.154s][info][gc,stats    ]       Phase: Concurrent Relocate                          46.055 / 135.320      53.703 / 702.452      53.703 / 702.452      53.703 / 702.452     ms
[130.154s][info][gc,stats    ]       Phase: Concurrent Reset Relocation Set               0.091 / 0.215         0.077 / 0.246         0.077 / 0.246         0.077 / 0.246       ms
[130.154s][info][gc,stats    ]       Phase: Concurrent Select Relocation Set             30.087 / 60.912       27.260 / 130.936      27.260 / 130.936      27.260 / 130.936     ms
[130.154s][info][gc,stats    ]       Phase: Pause Mark End                                0.027 / 0.033         0.027 / 0.067         0.027 / 0.067         0.027 / 0.067       ms
[130.154s][info][gc,stats    ]       Phase: Pause Mark Start                              0.014 / 0.018         0.014 / 0.020         0.014 / 0.020         0.014 / 0.020       ms
[130.154s][info][gc,stats    ]       Phase: Pause Relocate Start                          0.010 / 0.013         0.010 / 0.014         0.010 / 0.014         0.010 / 0.014       ms
[130.154s][info][gc,stats    ]    Subphase: Concurrent Classes Purge                      0.058 / 0.139         0.289 / 11.088        0.289 / 11.088        0.289 / 11.088      ms
[130.154s][info][gc,stats    ]    Subphase: Concurrent Classes Unlink                     2.626 / 4.346         3.678 / 29.134        3.678 / 29.134        3.678 / 29.134      ms
[130.154s][info][gc,stats    ]    Subphase: Concurrent Mark                             166.541 / 384.664     167.262 / 1589.527    167.262 / 1589.527    167.262 / 1589.527    ms
[130.154s][info][gc,stats    ]    Subphase: Concurrent Mark Try Flush                     0.162 / 0.332         0.180 / 16.605        0.180 / 16.605        0.180 / 16.605      ms
[130.154s][info][gc,stats    ]    Subphase: Concurrent Mark Try Terminate                 9.520 / 16.131        9.901 / 16.803        9.901 / 16.803        9.901 / 16.803      ms
[130.154s][info][gc,stats    ]    Subphase: Concurrent References Enqueue                 0.003 / 0.005         0.003 / 0.005         0.003 / 0.005         0.003 / 0.005       ms
[130.154s][info][gc,stats    ]    Subphase: Concurrent References Process                 0.115 / 0.202         0.129 / 0.308         0.129 / 0.308         0.129 / 0.308       ms
[130.154s][info][gc,stats    ]    Subphase: Concurrent Roots ClassLoaderDataGraph         0.134 / 0.606         0.120 / 0.947         0.120 / 0.947         0.120 / 0.947       ms
[130.155s][info][gc,stats    ]    Subphase: Concurrent Roots CodeCache                    0.000 / 0.000         0.000 / 0.000         0.000 / 0.000         0.000 / 0.000       ms
[130.155s][info][gc,stats    ]    Subphase: Concurrent Roots JavaThreads                  5.175 / 9.557         6.179 / 17.424        6.179 / 17.424        6.179 / 17.424      ms
[130.155s][info][gc,stats    ]    Subphase: Concurrent Roots OopStorageSet                0.043 / 0.080         0.040 / 0.272         0.040 / 0.272         0.040 / 0.272       ms
[130.155s][info][gc,stats    ]    Subphase: Concurrent Weak Roots OopStorageSet           0.292 / 0.468         0.322 / 4.541         0.322 / 4.541         0.322 / 4.541       ms
[130.155s][info][gc,stats    ]    Subphase: Pause Mark Try Complete                       0.000 / 0.000         0.001 / 0.006         0.001 / 0.006         0.001 / 0.006       ms
[130.155s][info][gc,stats    ]      System: Java Threads                                    277 / 280             238 / 281             238 / 281             238 / 281         threads
[130.155s][info][gc,stats    ] =========================================================================================================================================================
[130.387s][info][gc,phases   ] GC(117) Concurrent Mark 343.220ms
[130.387s][info][gc,phases   ] GC(117) Pause Mark End 0.028ms
[130.388s][info][gc,phases   ] GC(117) Concurrent Mark Free 0.001ms
[130.393s][info][gc,phases   ] GC(117) Concurrent Process Non-Strong References 5.341ms
[130.393s][info][gc,phases   ] GC(117) Concurrent Reset Relocation Set 0.005ms
[130.439s][info][gc,phases   ] GC(117) Concurrent Select Relocation Set 45.700ms
[130.439s][info][gc,phases   ] GC(117) Pause Relocate Start 0.009ms
[130.554s][info][gc,phases   ] GC(117) Concurrent Relocate 115.306ms
[130.554s][info][gc,load     ] GC(117) Load: 0.00/0.00/0.00
[130.554s][info][gc,mmu      ] GC(117) MMU: 2ms/96.7%, 5ms/98.7%, 10ms/99.3%, 20ms/99.6%, 50ms/99.8%, 100ms/99.9%
[130.555s][info][gc,marking  ] GC(117) Mark: 4 stripe(s), 2 proactive flush(es), 1 terminate flush(es), 0 completion(s), 0 continuation(s) 
[130.555s][info][gc,marking  ] GC(117) Mark Stack Usage: 32M
[130.555s][info][gc,nmethod  ] GC(117) NMethods: 7059 registered, 54 unregistered
[130.555s][info][gc,metaspace] GC(117) Metaspace: 66M used, 67M committed, 1088M reserved
[130.555s][info][gc,ref      ] GC(117) Soft: 4951 encountered, 0 discovered, 0 enqueued
[130.555s][info][gc,ref      ] GC(117) Weak: 6555 encountered, 441 discovered, 21 enqueued
[130.555s][info][gc,ref      ] GC(117) Final: 126 encountered, 1 discovered, 0 enqueued
[130.555s][info][gc,ref      ] GC(117) Phantom: 617 encountered, 470 discovered, 0 enqueued
[130.555s][info][gc,reloc    ] GC(117) Small Pages: 757 / 1514M, Empty: 0M, Relocated: 160M, In-Place: 0
[130.555s][info][gc,reloc    ] GC(117) Medium Pages: 2 / 64M, Empty: 32M, Relocated: 0M, In-Place: 0
[130.555s][info][gc,reloc    ] GC(117) Large Pages: 13 / 94M, Empty: 30M, Relocated: 0M, In-Place: 0
[130.555s][info][gc,reloc    ] GC(117) Forwarding Usage: 113M
[130.555s][info][gc,heap     ] GC(117) Min Capacity: 8M(0%)
[130.555s][info][gc,heap     ] GC(117) Max Capacity: 4096M(100%)
[130.555s][info][gc,heap     ] GC(117) Soft Max Capacity: 4096M(100%)
[130.555s][info][gc,heap     ] GC(117)                Mark Start          Mark End        Relocate Start      Relocate End           High               Low         
[130.555s][info][gc,heap     ] GC(117)  Capacity:     3996M (98%)        3996M (98%)        3996M (98%)        3996M (98%)        3996M (98%)        3996M (98%)    
[130.555s][info][gc,heap     ] GC(117)      Free:     2424M (59%)        1736M (42%)        1684M (41%)        2806M (69%)        2806M (69%)        1678M (41%)    
[130.555s][info][gc,heap     ] GC(117)      Used:     1672M (41%)        2360M (58%)        2412M (59%)        1290M (31%)        2418M (59%)        1290M (31%)    
[130.555s][info][gc,heap     ] GC(117)      Live:         -               397M (10%)         397M (10%)         397M (10%)            -                  -          
[130.555s][info][gc,heap     ] GC(117) Allocated:         -               688M (17%)         802M (20%)         846M (21%)            -                  -          
[130.555s][info][gc,heap     ] GC(117)   Garbage:         -              1274M (31%)        1212M (30%)          46M (1%)             -                  -          
[130.555s][info][gc,heap     ] GC(117) Reclaimed:         -                  -                62M (2%)         1228M (30%)            -                  -          
[130.555s][info][gc          ] GC(117) Garbage Collection (Allocation Rate) 1672M(41%)->1290M(31%)
[130.849s][info][gc,start    ] GC(118) Garbage Collection (Allocation Rate)
[130.849s][info][gc,task     ] GC(118) Using 4 workers
[130.850s][info][gc,phases   ] GC(118) Pause Mark Start 0.013ms
[131.162s][info][gc,phases   ] GC(118) Concurrent Mark 311.971ms
[131.162s][info][gc,phases   ] GC(118) Pause Mark End 0.024ms
[131.162s][info][gc,phases   ] GC(118) Concurrent Mark Free 0.001ms
[131.167s][info][gc,phases   ] GC(118) Concurrent Process Non-Strong References 5.251ms
[131.167s][info][gc,phases   ] GC(118) Concurrent Reset Relocation Set 0.121ms
[131.178s][info][gc,phases   ] GC(118) Concurrent Select Relocation Set 10.557ms
[131.178s][info][gc,phases   ] GC(118) Pause Relocate Start 0.011ms
[131.239s][info][gc,phases   ] GC(118) Concurrent Relocate 61.183ms
[131.240s][info][gc,load     ] GC(118) Load: 0.00/0.00/0.00
[131.240s][info][gc,mmu      ] GC(118) MMU: 2ms/96.7%, 5ms/98.7%, 10ms/99.3%, 20ms/99.6%, 50ms/99.8%, 100ms/99.9%
[131.240s][info][gc,marking  ] GC(118) Mark: 4 stripe(s), 3 proactive flush(es), 1 terminate flush(es), 0 completion(s), 0 continuation(s) 
[131.240s][info][gc,marking  ] GC(118) Mark Stack Usage: 32M
[131.240s][info][gc,nmethod  ] GC(118) NMethods: 7059 registered, 54 unregistered
[131.240s][info][gc,metaspace] GC(118) Metaspace: 66M used, 67M committed, 1088M reserved
[131.240s][info][gc,ref      ] GC(118) Soft: 4951 encountered, 0 discovered, 0 enqueued
[131.240s][info][gc,ref      ] GC(118) Weak: 6535 encountered, 2178 discovered, 1 enqueued
[131.240s][info][gc,ref      ] GC(118) Final: 126 encountered, 2 discovered, 0 enqueued
[131.240s][info][gc,ref      ] GC(118) Phantom: 617 encountered, 465 discovered, 0 enqueued
[131.240s][info][gc,reloc    ] GC(118) Small Pages: 597 / 1194M, Empty: 86M, Relocated: 55M, In-Place: 0
[131.240s][info][gc,reloc    ] GC(118) Medium Pages: 2 / 64M, Empty: 0M, Relocated: 18M, In-Place: 0
[131.240s][info][gc,reloc    ] GC(118) Large Pages: 8 / 64M, Empty: 24M, Relocated: 0M, In-Place: 0
[131.240s][info][gc,reloc    ] GC(118) Forwarding Usage: 56M
[131.240s][info][gc,heap     ] GC(118) Min Capacity: 8M(0%)
[131.240s][info][gc,heap     ] GC(118) Max Capacity: 4096M(100%)
[131.240s][info][gc,heap     ] GC(118) Soft Max Capacity: 4096M(100%)
[131.240s][info][gc,heap     ] GC(118)                Mark Start          Mark End        Relocate Start      Relocate End           High               Low         
[131.240s][info][gc,heap     ] GC(118)  Capacity:     3996M (98%)        3996M (98%)        3996M (98%)        3996M (98%)        3996M (98%)        3996M (98%)    
[131.240s][info][gc,heap     ] GC(118)      Free:     2774M (68%)        2692M (66%)        2798M (68%)        3626M (89%)        3626M (89%)        2690M (66%)    
[131.240s][info][gc,heap     ] GC(118)      Used:     1322M (32%)        1404M (34%)        1298M (32%)         470M (11%)        1406M (34%)         470M (11%)    
[131.240s][info][gc,heap     ] GC(118)      Live:         -               316M (8%)          316M (8%)          316M (8%)             -                  -          
[131.240s][info][gc,heap     ] GC(118) Allocated:         -                82M (2%)           86M (2%)          105M (3%)             -                  -          
[131.240s][info][gc,heap     ] GC(118)   Garbage:         -              1005M (25%)         895M (22%)          47M (1%)             -                  -          
[131.240s][info][gc,heap     ] GC(118) Reclaimed:         -                  -               110M (3%)          957M (23%)            -                  -          
[131.240s][info][gc          ] GC(118) Garbage Collection (Allocation Rate) 1322M(32%)->470M(11%)
[131.254s][info][gc,start    ] GC(119) Garbage Collection (Allocation Rate)
[131.254s][info][gc,task     ] GC(119) Using 6 workers
[131.254s][info][gc,phases   ] GC(119) Pause Mark Start 0.009ms
[131.390s][info][gc,phases   ] GC(119) Concurrent Mark 136.489ms
[131.390s][info][gc,phases   ] GC(119) Pause Mark End 0.037ms
[131.391s][info][gc,phases   ] GC(119) Concurrent Mark Free 0.002ms
[131.394s][info][gc,phases   ] GC(119) Concurrent Process Non-Strong References 3.172ms
[131.394s][info][gc,phases   ] GC(119) Concurrent Reset Relocation Set 0.110ms
[131.405s][info][gc,phases   ] GC(119) Concurrent Select Relocation Set 10.535ms
[131.405s][info][gc,phases   ] GC(119) Pause Relocate Start 0.008ms
[131.425s][info][gc,phases   ] GC(119) Concurrent Relocate 19.862ms
[131.425s][info][gc,load     ] GC(119) Load: 0.00/0.00/0.00
[131.425s][info][gc,mmu      ] GC(119) MMU: 2ms/96.7%, 5ms/98.7%, 10ms/99.3%, 20ms/99.6%, 50ms/99.8%, 100ms/99.9%
[131.425s][info][gc,marking  ] GC(119) Mark: 4 stripe(s), 2 proactive flush(es), 1 terminate flush(es), 0 completion(s), 0 continuation(s) 
[131.425s][info][gc,marking  ] GC(119) Mark Stack Usage: 32M
[131.425s][info][gc,nmethod  ] GC(119) NMethods: 7062 registered, 54 unregistered
[131.425s][info][gc,metaspace] GC(119) Metaspace: 66M used, 67M committed, 1088M reserved
[131.425s][info][gc,ref      ] GC(119) Soft: 4948 encountered, 0 discovered, 0 enqueued
[131.425s][info][gc,ref      ] GC(119) Weak: 6674 encountered, 1635 discovered, 0 enqueued
[131.425s][info][gc,ref      ] GC(119) Final: 126 encountered, 3 discovered, 0 enqueued
[131.425s][info][gc,ref      ] GC(119) Phantom: 618 encountered, 448 discovered, 0 enqueued
[131.425s][info][gc,reloc    ] GC(119) Small Pages: 184 / 368M, Empty: 42M, Relocated: 27M, In-Place: 0
[131.425s][info][gc,reloc    ] GC(119) Medium Pages: 2 / 64M, Empty: 32M, Relocated: 0M, In-Place: 0
[131.425s][info][gc,reloc    ] GC(119) Large Pages: 4 / 40M, Empty: 30M, Relocated: 0M, In-Place: 0
[131.425s][info][gc,reloc    ] GC(119) Forwarding Usage: 23M
[131.425s][info][gc,heap     ] GC(119) Min Capacity: 8M(0%)
[131.425s][info][gc,heap     ] GC(119) Max Capacity: 4096M(100%)
[131.425s][info][gc,heap     ] GC(119) Soft Max Capacity: 4096M(100%)
[131.425s][info][gc,heap     ] GC(119)                Mark Start          Mark End        Relocate Start      Relocate End           High               Low         
[131.425s][info][gc,heap     ] GC(119)  Capacity:     3996M (98%)        3996M (98%)        3996M (98%)        3996M (98%)        3996M (98%)        3996M (98%)    
[131.425s][info][gc,heap     ] GC(119)      Free:     3624M (88%)        3458M (84%)        3550M (87%)        3642M (89%)        3652M (89%)        3446M (84%)    
[131.425s][info][gc,heap     ] GC(119)      Used:      472M (12%)         638M (16%)         546M (13%)         454M (11%)         650M (16%)         444M (11%)    
[131.425s][info][gc,heap     ] GC(119)      Live:         -               205M (5%)          205M (5%)          205M (5%)             -                  -          
[131.425s][info][gc,heap     ] GC(119) Allocated:         -               166M (4%)          178M (4%)          201M (5%)             -                  -          
[131.425s][info][gc,heap     ] GC(119)   Garbage:         -               266M (7%)          162M (4%)           46M (1%)             -                  -          
[131.425s][info][gc,heap     ] GC(119) Reclaimed:         -                  -               104M (3%)          219M (5%)             -                  -          
[131.425s][info][gc          ] GC(119) Garbage Collection (Allocation Rate) 472M(12%)->454M(11%)
[132.158s][info][gc,start    ] GC(120) Garbage Collection (Allocation Rate)
[132.158s][info][gc,task     ] GC(120) Using 6 workers
[132.159s][info][gc,phases   ] GC(120) Pause Mark Start 0.017ms
[132.393s][info][gc,phases   ] GC(120) Concurrent Mark 233.877ms
[132.393s][info][gc,phases   ] GC(120) Pause Mark End 0.018ms
[132.393s][info][gc,phases   ] GC(120) Concurrent Mark Free 0.001ms
[132.396s][info][gc,phases   ] GC(120) Concurrent Process Non-Strong References 3.256ms
[132.396s][info][gc,phases   ] GC(120) Concurrent Reset Relocation Set 0.017ms
[132.456s][info][gc,phases   ] GC(120) Concurrent Select Relocation Set 59.470ms
[132.456s][info][gc,phases   ] GC(120) Pause Relocate Start 0.009ms
[132.534s][info][gc,phases   ] GC(120) Concurrent Relocate 77.774ms
[132.534s][info][gc,load     ] GC(120) Load: 0.00/0.00/0.00
[132.534s][info][gc,mmu      ] GC(120) MMU: 2ms/96.7%, 5ms/98.7%, 10ms/99.3%, 20ms/99.6%, 50ms/99.8%, 100ms/99.9%
[132.534s][info][gc,marking  ] GC(120) Mark: 4 stripe(s), 2 proactive flush(es), 1 terminate flush(es), 0 completion(s), 0 continuation(s) 
[132.534s][info][gc,marking  ] GC(120) Mark Stack Usage: 32M
[132.534s][info][gc,nmethod  ] GC(120) NMethods: 7060 registered, 58 unregistered
[132.534s][info][gc,metaspace] GC(120) Metaspace: 66M used, 67M committed, 1088M reserved
[132.534s][info][gc,ref      ] GC(120) Soft: 4955 encountered, 0 discovered, 0 enqueued
[132.534s][info][gc,ref      ] GC(120) Weak: 6749 encountered, 1564 discovered, 88 enqueued
[132.534s][info][gc,ref      ] GC(120) Final: 126 encountered, 2 discovered, 0 enqueued
[132.534s][info][gc,ref      ] GC(120) Phantom: 617 encountered, 449 discovered, 0 enqueued
[132.534s][info][gc,reloc    ] GC(120) Small Pages: 828 / 1656M, Empty: 48M, Relocated: 159M, In-Place: 0
[132.534s][info][gc,reloc    ] GC(120) Medium Pages: 3 / 96M, Empty: 64M, Relocated: 0M, In-Place: 0
[132.534s][info][gc,reloc    ] GC(120) Large Pages: 18 / 128M, Empty: 64M, Relocated: 0M, In-Place: 0
[132.534s][info][gc,reloc    ] GC(120) Forwarding Usage: 106M
[132.534s][info][gc,heap     ] GC(120) Min Capacity: 8M(0%)
[132.534s][info][gc,heap     ] GC(120) Max Capacity: 4096M(100%)
[132.534s][info][gc,heap     ] GC(120) Soft Max Capacity: 4096M(100%)
[132.534s][info][gc,heap     ] GC(120)                Mark Start          Mark End        Relocate Start      Relocate End           High               Low         
[132.535s][info][gc,heap     ] GC(120)  Capacity:     3996M (98%)        3996M (98%)        3996M (98%)        3996M (98%)        3996M (98%)        3996M (98%)    
[132.535s][info][gc,heap     ] GC(120)      Free:     2216M (54%)        1756M (43%)        1780M (43%)        2940M (72%)        2942M (72%)        1724M (42%)    
[132.535s][info][gc,heap     ] GC(120)      Used:     1880M (46%)        2340M (57%)        2316M (57%)        1156M (28%)        2372M (58%)        1154M (28%)    
[132.535s][info][gc,heap     ] GC(120)      Live:         -               394M (10%)         394M (10%)         394M (10%)            -                  -          
[132.535s][info][gc,heap     ] GC(120) Allocated:         -               460M (11%)         612M (15%)         712M (17%)            -                  -          
[132.535s][info][gc,heap     ] GC(120)   Garbage:         -              1485M (36%)        1309M (32%)          49M (1%)             -                  -          
[132.535s][info][gc,heap     ] GC(120) Reclaimed:         -                  -               176M (4%)         1436M (35%)            -                  -          
[132.535s][info][gc          ] GC(120) Garbage Collection (Allocation Rate) 1880M(46%)->1156M(28%)
[132.549s][info][gc,start    ] GC(121) Garbage Collection (Allocation Rate)
[132.549s][info][gc,task     ] GC(121) Using 7 workers
[132.549s][info][gc,phases   ] GC(121) Pause Mark Start 0.013ms
[132.768s][info][gc,phases   ] GC(121) Concurrent Mark 218.321ms
[132.768s][info][gc,phases   ] GC(121) Pause Mark End 0.032ms
[132.768s][info][gc,phases   ] GC(121) Concurrent Mark Free 0.001ms
[132.771s][info][gc,phases   ] GC(121) Concurrent Process Non-Strong References 2.672ms
[132.771s][info][gc,phases   ] GC(121) Concurrent Reset Relocation Set 0.144ms
[132.780s][info][gc,phases   ] GC(121) Concurrent Select Relocation Set 9.509ms
[132.780s][info][gc,phases   ] GC(121) Pause Relocate Start 0.010ms
[132.825s][info][gc,phases   ] GC(121) Concurrent Relocate 44.298ms
[132.825s][info][gc,load     ] GC(121) Load: 0.00/0.00/0.00
[132.825s][info][gc,mmu      ] GC(121) MMU: 2ms/96.7%, 5ms/98.7%, 10ms/99.3%, 20ms/99.6%, 50ms/99.8%, 100ms/99.9%
[132.825s][info][gc,marking  ] GC(121) Mark: 4 stripe(s), 3 proactive flush(es), 1 terminate flush(es), 0 completion(s), 0 continuation(s) 
[132.825s][info][gc,marking  ] GC(121) Mark Stack Usage: 32M
[132.825s][info][gc,nmethod  ] GC(121) NMethods: 7060 registered, 58 unregistered
[132.825s][info][gc,metaspace] GC(121) Metaspace: 66M used, 67M committed, 1088M reserved
[132.825s][info][gc,ref      ] GC(121) Soft: 4955 encountered, 0 discovered, 0 enqueued
[132.825s][info][gc,ref      ] GC(121) Weak: 6662 encountered, 542 discovered, 79 enqueued
[132.825s][info][gc,ref      ] GC(121) Final: 126 encountered, 5 discovered, 0 enqueued
[132.825s][info][gc,ref      ] GC(121) Phantom: 617 encountered, 504 discovered, 0 enqueued
[132.825s][info][gc,reloc    ] GC(121) Small Pages: 536 / 1072M, Empty: 34M, Relocated: 67M, In-Place: 0
[132.825s][info][gc,reloc    ] GC(121) Medium Pages: 1 / 32M, Empty: 0M, Relocated: 0M, In-Place: 0
[132.825s][info][gc,reloc    ] GC(121) Large Pages: 8 / 64M, Empty: 18M, Relocated: 0M, In-Place: 0
[132.825s][info][gc,reloc    ] GC(121) Forwarding Usage: 62M
[132.825s][info][gc,heap     ] GC(121) Min Capacity: 8M(0%)
[132.825s][info][gc,heap     ] GC(121) Max Capacity: 4096M(100%)
[132.825s][info][gc,heap     ] GC(121) Soft Max Capacity: 4096M(100%)
[132.825s][info][gc,heap     ] GC(121)                Mark Start          Mark End        Relocate Start      Relocate End           High               Low         
[132.825s][info][gc,heap     ] GC(121)  Capacity:     3996M (98%)        3996M (98%)        3996M (98%)        3996M (98%)        3996M (98%)        3996M (98%)    
[132.825s][info][gc,heap     ] GC(121)      Free:     2928M (71%)        2864M (70%)        2916M (71%)        3642M (89%)        3642M (89%)        2864M (70%)    
[132.825s][info][gc,heap     ] GC(121)      Used:     1168M (29%)        1232M (30%)        1180M (29%)         454M (11%)        1232M (30%)         454M (11%)    
[132.826s][info][gc,heap     ] GC(121)      Live:         -               334M (8%)          334M (8%)          334M (8%)             -                  -          
[132.826s][info][gc,heap     ] GC(121) Allocated:         -                64M (2%)           64M (2%)           59M (1%)             -                  -          
[132.826s][info][gc,heap     ] GC(121)   Garbage:         -               833M (20%)         781M (19%)          60M (1%)             -                  -          
[132.826s][info][gc,heap     ] GC(121) Reclaimed:         -                  -                52M (1%)          773M (19%)            -                  -          
[132.826s][info][gc          ] GC(121) Garbage Collection (Allocation Rate) 1168M(29%)->454M(11%)
[134.555s][info][gc,start    ] GC(122) Garbage Collection (Allocation Rate)
[134.555s][info][gc,task     ] GC(122) Using 7 workers
[134.555s][info][gc,phases   ] GC(122) Pause Mark Start 0.019ms
[134.745s][info][gc,phases   ] GC(122) Concurrent Mark 189.592ms
[134.745s][info][gc,phases   ] GC(122) Pause Mark End 0.035ms
[134.745s][info][gc,phases   ] GC(122) Concurrent Mark Free 0.002ms
[134.749s][info][gc,phases   ] GC(122) Concurrent Process Non-Strong References 3.359ms
[134.749s][info][gc,phases   ] GC(122) Concurrent Reset Relocation Set 0.110ms
[134.815s][info][gc,phases   ] GC(122) Concurrent Select Relocation Set 66.304ms
[134.815s][info][gc,phases   ] GC(122) Pause Relocate Start 0.013ms
[134.877s][info][gc,phases   ] GC(122) Concurrent Relocate 61.293ms
[134.877s][info][gc,load     ] GC(122) Load: 0.00/0.00/0.00
[134.877s][info][gc,mmu      ] GC(122) MMU: 2ms/96.7%, 5ms/98.7%, 10ms/99.3%, 20ms/99.6%, 50ms/99.8%, 100ms/99.9%
[134.877s][info][gc,marking  ] GC(122) Mark: 4 stripe(s), 2 proactive flush(es), 1 terminate flush(es), 0 completion(s), 0 continuation(s) 
[134.877s][info][gc,marking  ] GC(122) Mark Stack Usage: 32M
[134.877s][info][gc,nmethod  ] GC(122) NMethods: 7072 registered, 69 unregistered
[134.877s][info][gc,metaspace] GC(122) Metaspace: 66M used, 67M committed, 1088M reserved
[134.877s][info][gc,ref      ] GC(122) Soft: 4951 encountered, 0 discovered, 0 enqueued
[134.877s][info][gc,ref      ] GC(122) Weak: 6955 encountered, 1167 discovered, 282 enqueued
[134.877s][info][gc,ref      ] GC(122) Final: 126 encountered, 1 discovered, 0 enqueued
[134.877s][info][gc,ref      ] GC(122) Phantom: 617 encountered, 468 discovered, 0 enqueued
[134.877s][info][gc,reloc    ] GC(122) Small Pages: 1049 / 2098M, Empty: 1068M, Relocated: 76M, In-Place: 0
[134.877s][info][gc,reloc    ] GC(122) Medium Pages: 4 / 128M, Empty: 64M, Relocated: 12M, In-Place: 0
[134.877s][info][gc,reloc    ] GC(122) Large Pages: 24 / 160M, Empty: 142M, Relocated: 0M, In-Place: 0
[134.877s][info][gc,reloc    ] GC(122) Forwarding Usage: 73M
[134.877s][info][gc,heap     ] GC(122) Min Capacity: 8M(0%)
[134.877s][info][gc,heap     ] GC(122) Max Capacity: 4096M(100%)
[134.877s][info][gc,heap     ] GC(122) Soft Max Capacity: 4096M(100%)
[134.877s][info][gc,heap     ] GC(122)                Mark Start          Mark End        Relocate Start      Relocate End           High               Low         
[134.877s][info][gc,heap     ] GC(122)  Capacity:     3996M (98%)        3996M (98%)        3996M (98%)        3996M (98%)        3996M (98%)        3996M (98%)    
[134.877s][info][gc,heap     ] GC(122)      Free:     1710M (42%)        1654M (40%)        2844M (69%)        3646M (89%)        3646M (89%)        1646M (40%)    
[134.877s][info][gc,heap     ] GC(122)      Used:     2386M (58%)        2442M (60%)        1252M (31%)         450M (11%)        2450M (60%)         450M (11%)    
[134.877s][info][gc,heap     ] GC(122)      Live:         -               264M (6%)          264M (6%)          264M (6%)             -                  -          
[134.877s][info][gc,heap     ] GC(122) Allocated:         -                56M (1%)          140M (3%)          141M (3%)             -                  -          
[134.877s][info][gc,heap     ] GC(122)   Garbage:         -              2121M (52%)         847M (21%)          44M (1%)             -                  -          
[134.877s][info][gc,heap     ] GC(122) Reclaimed:         -                  -              1274M (31%)        2077M (51%)            -                  -          
[134.877s][info][gc          ] GC(122) Garbage Collection (Allocation Rate) 2386M(58%)->450M(11%)
[135.671s][info][gc,start    ] GC(123) Garbage Collection (System.gc())
[135.671s][info][gc,task     ] GC(123) Using 12 workers
[135.671s][info][gc,phases   ] GC(123) Pause Mark Start 0.018ms
[135.741s][info][gc,phases   ] GC(123) Concurrent Mark 70.125ms
[135.741s][info][gc,phases   ] GC(123) Pause Mark End 0.023ms
[135.742s][info][gc,phases   ] GC(123) Concurrent Mark Free 0.001ms
[135.744s][info][gc,phases   ] GC(123) Concurrent Process Non-Strong References 2.082ms
[135.744s][info][gc,phases   ] GC(123) Concurrent Reset Relocation Set 0.098ms
[135.761s][info][gc,phases   ] GC(123) Concurrent Select Relocation Set 16.914ms
[135.761s][info][gc,phases   ] GC(123) Pause Relocate Start 0.010ms
[135.763s][info][gc,phases   ] GC(123) Concurrent Relocate 1.751ms
[135.763s][info][gc,load     ] GC(123) Load: 0.00/0.00/0.00
[135.763s][info][gc,mmu      ] GC(123) MMU: 2ms/96.7%, 5ms/98.7%, 10ms/99.3%, 20ms/99.6%, 50ms/99.8%, 100ms/99.9%
[135.763s][info][gc,marking  ] GC(123) Mark: 8 stripe(s), 2 proactive flush(es), 1 terminate flush(es), 0 completion(s), 0 continuation(s) 
[135.763s][info][gc,marking  ] GC(123) Mark Stack Usage: 32M
[135.763s][info][gc,nmethod  ] GC(123) NMethods: 7082 registered, 75 unregistered
[135.763s][info][gc,metaspace] GC(123) Metaspace: 66M used, 67M committed, 1088M reserved
[135.763s][info][gc,ref      ] GC(123) Soft: 4947 encountered, 0 discovered, 0 enqueued
[135.763s][info][gc,ref      ] GC(123) Weak: 6685 encountered, 1321 discovered, 198 enqueued
[135.763s][info][gc,ref      ] GC(123) Final: 126 encountered, 2 discovered, 0 enqueued
[135.763s][info][gc,ref      ] GC(123) Phantom: 617 encountered, 378 discovered, 0 enqueued
[135.763s][info][gc,reloc    ] GC(123) Small Pages: 684 / 1368M, Empty: 1098M, Relocated: 2M, In-Place: 0
[135.763s][info][gc,reloc    ] GC(123) Medium Pages: 7 / 224M, Empty: 192M, Relocated: 0M, In-Place: 0
[135.763s][info][gc,reloc    ] GC(123) Large Pages: 38 / 248M, Empty: 248M, Relocated: 0M, In-Place: 0
[135.763s][info][gc,reloc    ] GC(123) Forwarding Usage: 2M
[135.763s][info][gc,heap     ] GC(123) Min Capacity: 8M(0%)
[135.763s][info][gc,heap     ] GC(123) Max Capacity: 4096M(100%)
[135.763s][info][gc,heap     ] GC(123) Soft Max Capacity: 4096M(100%)
[135.763s][info][gc,heap     ] GC(123)                Mark Start          Mark End        Relocate Start      Relocate End           High               Low         
[135.763s][info][gc,heap     ] GC(123)  Capacity:     3996M (98%)        3996M (98%)        3996M (98%)        3996M (98%)        3996M (98%)        3996M (98%)    
[135.763s][info][gc,heap     ] GC(123)      Free:     2256M (55%)        2254M (55%)        3760M (92%)        3830M (94%)        3830M (94%)        2250M (55%)    
[135.763s][info][gc,heap     ] GC(123)      Used:     1840M (45%)        1842M (45%)         336M (8%)          266M (6%)         1846M (45%)         266M (6%)     
[135.763s][info][gc,heap     ] GC(123)      Live:         -               170M (4%)          170M (4%)          170M (4%)             -                  -          
[135.763s][info][gc,heap     ] GC(123) Allocated:         -                 2M (0%)           34M (1%)           34M (1%)             -                  -          
[135.763s][info][gc,heap     ] GC(123)   Garbage:         -              1669M (41%)         131M (3%)           61M (2%)             -                  -          
[135.763s][info][gc,heap     ] GC(123) Reclaimed:         -                  -              1538M (38%)        1608M (39%)            -                  -          
[135.763s][info][gc          ] GC(123) Garbage Collection (System.gc()) 1840M(45%)->266M(6%)
[136.357s][info][gc,start    ] GC(124) Garbage Collection (Allocation Rate)
[136.358s][info][gc,task     ] GC(124) Using 4 workers
[136.358s][info][gc,phases   ] GC(124) Pause Mark Start 0.012ms
[136.685s][info][gc,phases   ] GC(124) Concurrent Mark 327.635ms
[136.686s][info][gc,phases   ] GC(124) Pause Mark End 0.030ms
[136.686s][info][gc,phases   ] GC(124) Concurrent Mark Free 0.001ms
[136.692s][info][gc,phases   ] GC(124) Concurrent Process Non-Strong References 6.066ms
[136.692s][info][gc,phases   ] GC(124) Concurrent Reset Relocation Set 0.005ms
[136.735s][info][gc,phases   ] GC(124) Concurrent Select Relocation Set 43.211ms
[136.735s][info][gc,phases   ] GC(124) Pause Relocate Start 0.008ms
[136.842s][info][gc,phases   ] GC(124) Concurrent Relocate 106.904ms
[136.843s][info][gc,load     ] GC(124) Load: 0.00/0.00/0.00
[136.843s][info][gc,mmu      ] GC(124) MMU: 2ms/96.7%, 5ms/98.7%, 10ms/99.3%, 20ms/99.6%, 50ms/99.8%, 100ms/99.9%
[136.843s][info][gc,marking  ] GC(124) Mark: 4 stripe(s), 2 proactive flush(es), 1 terminate flush(es), 0 completion(s), 0 continuation(s) 
[136.843s][info][gc,marking  ] GC(124) Mark Stack Usage: 32M
[136.843s][info][gc,nmethod  ] GC(124) NMethods: 7085 registered, 79 unregistered
[136.843s][info][gc,metaspace] GC(124) Metaspace: 66M used, 67M committed, 1088M reserved
[136.843s][info][gc,ref      ] GC(124) Soft: 4951 encountered, 0 discovered, 0 enqueued
[136.843s][info][gc,ref      ] GC(124) Weak: 6554 encountered, 1794 discovered, 25 enqueued
[136.843s][info][gc,ref      ] GC(124) Final: 126 encountered, 4 discovered, 0 enqueued
[136.843s][info][gc,ref      ] GC(124) Phantom: 617 encountered, 472 discovered, 0 enqueued
[136.843s][info][gc,reloc    ] GC(124) Small Pages: 679 / 1358M, Empty: 0M, Relocated: 155M, In-Place: 0
[136.843s][info][gc,reloc    ] GC(124) Medium Pages: 2 / 64M, Empty: 32M, Relocated: 0M, In-Place: 0
[136.843s][info][gc,reloc    ] GC(124) Large Pages: 13 / 94M, Empty: 30M, Relocated: 0M, In-Place: 0
[136.843s][info][gc,reloc    ] GC(124) Forwarding Usage: 106M
[136.843s][info][gc,heap     ] GC(124) Min Capacity: 8M(0%)
[136.843s][info][gc,heap     ] GC(124) Max Capacity: 4096M(100%)
[136.843s][info][gc,heap     ] GC(124) Soft Max Capacity: 4096M(100%)
[136.843s][info][gc,heap     ] GC(124)                Mark Start          Mark End        Relocate Start      Relocate End           High               Low         
[136.843s][info][gc,heap     ] GC(124)  Capacity:     3996M (98%)        3996M (98%)        3996M (98%)        3996M (98%)        3996M (98%)        3996M (98%)    
[136.843s][info][gc,heap     ] GC(124)      Free:     2580M (63%)        1910M (47%)        1868M (46%)        2750M (67%)        2752M (67%)        1862M (45%)    
[136.843s][info][gc,heap     ] GC(124)      Used:     1516M (37%)        2186M (53%)        2228M (54%)        1346M (33%)        2234M (55%)        1344M (33%)    
[136.843s][info][gc,heap     ] GC(124)      Live:         -               388M (9%)          388M (9%)          388M (9%)             -                  -          
[136.843s][info][gc,heap     ] GC(124) Allocated:         -               670M (16%)         774M (19%)         912M (22%)            -                  -          
[136.843s][info][gc,heap     ] GC(124)   Garbage:         -              1127M (28%)        1065M (26%)          44M (1%)             -                  -          
[136.843s][info][gc,heap     ] GC(124) Reclaimed:         -                  -                62M (2%)         1082M (26%)            -                  -          
[136.843s][info][gc          ] GC(124) Garbage Collection (Allocation Rate) 1516M(37%)->1346M(33%)
[137.255s][info][gc,start    ] GC(125) Garbage Collection (Allocation Rate)
[137.255s][info][gc,task     ] GC(125) Using 4 workers
[137.256s][info][gc,phases   ] GC(125) Pause Mark Start 0.012ms
[137.573s][info][gc,phases   ] GC(125) Concurrent Mark 317.512ms
[137.573s][info][gc,phases   ] GC(125) Pause Mark End 0.021ms
[137.574s][info][gc,phases   ] GC(125) Concurrent Mark Free 0.001ms
[137.578s][info][gc,phases   ] GC(125) Concurrent Process Non-Strong References 4.462ms
[137.578s][info][gc,phases   ] GC(125) Concurrent Reset Relocation Set 0.146ms
[137.592s][info][gc,phases   ] GC(125) Concurrent Select Relocation Set 14.165ms
[137.593s][info][gc,phases   ] GC(125) Pause Relocate Start 0.010ms
[137.656s][info][gc,phases   ] GC(125) Concurrent Relocate 63.767ms
[137.657s][info][gc,load     ] GC(125) Load: 0.00/0.00/0.00
[137.657s][info][gc,mmu      ] GC(125) MMU: 2ms/96.7%, 5ms/98.7%, 10ms/99.3%, 20ms/99.6%, 50ms/99.8%, 100ms/99.9%
[137.657s][info][gc,marking  ] GC(125) Mark: 4 stripe(s), 2 proactive flush(es), 1 terminate flush(es), 0 completion(s), 0 continuation(s) 
[137.657s][info][gc,marking  ] GC(125) Mark Stack Usage: 32M
[137.657s][info][gc,nmethod  ] GC(125) NMethods: 7090 registered, 79 unregistered
[137.657s][info][gc,metaspace] GC(125) Metaspace: 66M used, 67M committed, 1088M reserved
[137.657s][info][gc,ref      ] GC(125) Soft: 4951 encountered, 0 discovered, 0 enqueued
[137.657s][info][gc,ref      ] GC(125) Weak: 6527 encountered, 901 discovered, 0 enqueued
[137.657s][info][gc,ref      ] GC(125) Final: 126 encountered, 2 discovered, 0 enqueued
[137.657s][info][gc,ref      ] GC(125) Phantom: 617 encountered, 510 discovered, 0 enqueued
[137.657s][info][gc,reloc    ] GC(125) Small Pages: 669 / 1338M, Empty: 76M, Relocated: 61M, In-Place: 0
[137.657s][info][gc,reloc    ] GC(125) Medium Pages: 2 / 64M, Empty: 0M, Relocated: 18M, In-Place: 0
[137.657s][info][gc,reloc    ] GC(125) Large Pages: 8 / 64M, Empty: 24M, Relocated: 0M, In-Place: 0
[137.657s][info][gc,reloc    ] GC(125) Forwarding Usage: 63M
[137.657s][info][gc,heap     ] GC(125) Min Capacity: 8M(0%)
[137.657s][info][gc,heap     ] GC(125) Max Capacity: 4096M(100%)
[137.657s][info][gc,heap     ] GC(125) Soft Max Capacity: 4096M(100%)
[137.657s][info][gc,heap     ] GC(125)                Mark Start          Mark End        Relocate Start      Relocate End           High               Low         
[137.657s][info][gc,heap     ] GC(125)  Capacity:     3996M (98%)        3996M (98%)        3996M (98%)        3996M (98%)        3996M (98%)        3996M (98%)    
[137.657s][info][gc,heap     ] GC(125)      Free:     2630M (64%)        2532M (62%)        2626M (64%)        3612M (88%)        3612M (88%)        2530M (62%)    
[137.657s][info][gc,heap     ] GC(125)      Used:     1466M (36%)        1564M (38%)        1470M (36%)         484M (12%)        1566M (38%)         484M (12%)    
[137.657s][info][gc,heap     ] GC(125)      Live:         -               316M (8%)          316M (8%)          316M (8%)             -                  -          
[137.657s][info][gc,heap     ] GC(125) Allocated:         -                98M (2%)          104M (3%)          121M (3%)             -                  -          
[137.657s][info][gc,heap     ] GC(125)   Garbage:         -              1149M (28%)        1049M (26%)          46M (1%)             -                  -          
[137.657s][info][gc,heap     ] GC(125) Reclaimed:         -                  -               100M (2%)         1103M (27%)            -                  -          
[137.657s][info][gc          ] GC(125) Garbage Collection (Allocation Rate) 1466M(36%)->484M(12%)
[137.752s][info][gc,start    ] GC(126) Garbage Collection (Allocation Rate)
[137.752s][info][gc,task     ] GC(126) Using 6 workers
[137.753s][info][gc,phases   ] GC(126) Pause Mark Start 0.012ms
[137.877s][info][gc,phases   ] GC(126) Concurrent Mark 124.571ms
[137.877s][info][gc,phases   ] GC(126) Pause Mark End 0.030ms
[137.878s][info][gc,phases   ] GC(126) Concurrent Mark Free 0.001ms
[137.881s][info][gc,phases   ] GC(126) Concurrent Process Non-Strong References 3.745ms
[137.882s][info][gc,phases   ] GC(126) Concurrent Reset Relocation Set 0.134ms
[137.893s][info][gc,phases   ] GC(126) Concurrent Select Relocation Set 11.530ms
[137.893s][info][gc,phases   ] GC(126) Pause Relocate Start 0.010ms
[137.915s][info][gc,phases   ] GC(126) Concurrent Relocate 21.388ms
[137.915s][info][gc,load     ] GC(126) Load: 0.00/0.00/0.00
[137.915s][info][gc,mmu      ] GC(126) MMU: 2ms/96.7%, 5ms/98.7%, 10ms/99.3%, 20ms/99.6%, 50ms/99.8%, 100ms/99.9%
[137.915s][info][gc,marking  ] GC(126) Mark: 4 stripe(s), 2 proactive flush(es), 1 terminate flush(es), 0 completion(s), 0 continuation(s) 
[137.915s][info][gc,marking  ] GC(126) Mark Stack Usage: 32M
[137.915s][info][gc,nmethod  ] GC(126) NMethods: 7093 registered, 83 unregistered
[137.915s][info][gc,metaspace] GC(126) Metaspace: 66M used, 67M committed, 1088M reserved
[137.915s][info][gc,ref      ] GC(126) Soft: 4951 encountered, 0 discovered, 0 enqueued
[137.915s][info][gc,ref      ] GC(126) Weak: 6754 encountered, 2213 discovered, 88 enqueued
[137.915s][info][gc,ref      ] GC(126) Final: 126 encountered, 3 discovered, 0 enqueued
[137.915s][info][gc,ref      ] GC(126) Phantom: 620 encountered, 473 discovered, 0 enqueued
[137.915s][info][gc,reloc    ] GC(126) Small Pages: 250 / 500M, Empty: 110M, Relocated: 24M, In-Place: 0
[137.915s][info][gc,reloc    ] GC(126) Medium Pages: 2 / 64M, Empty: 32M, Relocated: 0M, In-Place: 0
[137.915s][info][gc,reloc    ] GC(126) Large Pages: 9 / 70M, Empty: 46M, Relocated: 0M, In-Place: 0
[137.915s][info][gc,reloc    ] GC(126) Forwarding Usage: 24M
[137.915s][info][gc,heap     ] GC(126) Min Capacity: 8M(0%)
[137.915s][info][gc,heap     ] GC(126) Max Capacity: 4096M(100%)
[137.915s][info][gc,heap     ] GC(126) Soft Max Capacity: 4096M(100%)
[137.915s][info][gc,heap     ] GC(126)                Mark Start          Mark End        Relocate Start      Relocate End           High               Low         
[137.915s][info][gc,heap     ] GC(126)  Capacity:     3996M (98%)        3996M (98%)        3996M (98%)        3996M (98%)        3996M (98%)        3996M (98%)    
[137.915s][info][gc,heap     ] GC(126)      Free:     3462M (85%)        3374M (82%)        3524M (86%)        3646M (89%)        3680M (90%)        3352M (82%)    
[137.915s][info][gc,heap     ] GC(126)      Used:      634M (15%)         722M (18%)         572M (14%)         450M (11%)         744M (18%)         416M (10%)    
[137.916s][info][gc,heap     ] GC(126)      Live:         -               211M (5%)          211M (5%)          211M (5%)             -                  -          
[137.916s][info][gc,heap     ] GC(126) Allocated:         -                88M (2%)          126M (3%)          195M (5%)             -                  -          
[137.916s][info][gc,heap     ] GC(126)   Garbage:         -               422M (10%)         234M (6%)           42M (1%)             -                  -          
[137.916s][info][gc,heap     ] GC(126) Reclaimed:         -                  -               188M (5%)          379M (9%)             -                  -          
[137.916s][info][gc          ] GC(126) Garbage Collection (Allocation Rate) 634M(15%)->450M(11%)
[138.551s][info][gc,start    ] GC(127) Garbage Collection (Allocation Rate)
[138.551s][info][gc,task     ] GC(127) Using 6 workers
[138.551s][info][gc,phases   ] GC(127) Pause Mark Start 0.019ms
[138.824s][info][gc,phases   ] GC(127) Concurrent Mark 272.605ms
[138.824s][info][gc,phases   ] GC(127) Pause Mark End 0.027ms
[138.824s][info][gc,phases   ] GC(127) Concurrent Mark Free 0.001ms
[138.829s][info][gc,phases   ] GC(127) Concurrent Process Non-Strong References 4.033ms
[138.829s][info][gc,phases   ] GC(127) Concurrent Reset Relocation Set 0.021ms
[138.889s][info][gc,phases   ] GC(127) Concurrent Select Relocation Set 60.009ms
[138.889s][info][gc,phases   ] GC(127) Pause Relocate Start 0.008ms
[138.972s][info][gc,phases   ] GC(127) Concurrent Relocate 83.118ms
[138.972s][info][gc,load     ] GC(127) Load: 0.00/0.00/0.00
[138.972s][info][gc,mmu      ] GC(127) MMU: 2ms/96.7%, 5ms/98.7%, 10ms/99.3%, 20ms/99.6%, 50ms/99.8%, 100ms/99.9%
[138.972s][info][gc,marking  ] GC(127) Mark: 4 stripe(s), 2 proactive flush(es), 1 terminate flush(es), 0 completion(s), 0 continuation(s) 
[138.972s][info][gc,marking  ] GC(127) Mark Stack Usage: 32M
[138.972s][info][gc,nmethod  ] GC(127) NMethods: 7096 registered, 83 unregistered
[138.972s][info][gc,metaspace] GC(127) Metaspace: 66M used, 67M committed, 1088M reserved
[138.972s][info][gc,ref      ] GC(127) Soft: 4955 encountered, 0 discovered, 0 enqueued
[138.972s][info][gc,ref      ] GC(127) Weak: 6661 encountered, 2271 discovered, 78 enqueued
[138.972s][info][gc,ref      ] GC(127) Final: 126 encountered, 0 discovered, 0 enqueued
[138.972s][info][gc,ref      ] GC(127) Phantom: 617 encountered, 466 discovered, 0 enqueued
[138.972s][info][gc,reloc    ] GC(127) Small Pages: 829 / 1658M, Empty: 0M, Relocated: 167M, In-Place: 0
[138.972s][info][gc,reloc    ] GC(127) Medium Pages: 2 / 64M, Empty: 32M, Relocated: 0M, In-Place: 0
[138.972s][info][gc,reloc    ] GC(127) Large Pages: 16 / 112M, Empty: 48M, Relocated: 0M, In-Place: 0
[138.972s][info][gc,reloc    ] GC(127) Forwarding Usage: 115M
[138.972s][info][gc,heap     ] GC(127) Min Capacity: 8M(0%)
[138.973s][info][gc,heap     ] GC(127) Max Capacity: 4096M(100%)
[138.973s][info][gc,heap     ] GC(127) Soft Max Capacity: 4096M(100%)
[138.973s][info][gc,heap     ] GC(127)                Mark Start          Mark End        Relocate Start      Relocate End           High               Low         
[138.973s][info][gc,heap     ] GC(127)  Capacity:     3996M (98%)        3996M (98%)        3996M (98%)        3996M (98%)        3996M (98%)        3996M (98%)    
[138.973s][info][gc,heap     ] GC(127)      Free:     2262M (55%)        1762M (43%)        1730M (42%)        3024M (74%)        3024M (74%)        1714M (42%)    
[138.973s][info][gc,heap     ] GC(127)      Used:     1834M (45%)        2334M (57%)        2366M (58%)        1072M (26%)        2382M (58%)        1072M (26%)    
[138.973s][info][gc,heap     ] GC(127)      Live:         -               401M (10%)         401M (10%)         401M (10%)            -                  -          
[138.973s][info][gc,heap     ] GC(127) Allocated:         -               500M (12%)         612M (15%)         624M (15%)            -                  -          
[138.973s][info][gc,heap     ] GC(127)   Garbage:         -              1432M (35%)        1352M (33%)          46M (1%)             -                  -          
[138.973s][info][gc,heap     ] GC(127) Reclaimed:         -                  -                80M (2%)         1386M (34%)            -                  -          
[138.973s][info][gc          ] GC(127) Garbage Collection (Allocation Rate) 1834M(45%)->1072M(26%)
[139.043s][info][gc,start    ] GC(128) Garbage Collection (Allocation Rate)
[139.043s][info][gc,task     ] GC(128) Using 6 workers
[139.043s][info][gc,phases   ] GC(128) Pause Mark Start 0.013ms
[139.300s][info][gc,phases   ] GC(128) Concurrent Mark 256.996ms
[139.301s][info][gc,phases   ] GC(128) Pause Mark End 0.033ms
[139.301s][info][gc,phases   ] GC(128) Concurrent Mark Free 0.002ms
[139.305s][info][gc,phases   ] GC(128) Concurrent Process Non-Strong References 4.480ms
[139.306s][info][gc,phases   ] GC(128) Concurrent Reset Relocation Set 0.182ms
[139.323s][info][gc,phases   ] GC(128) Concurrent Select Relocation Set 17.904ms
[139.324s][info][gc,phases   ] GC(128) Pause Relocate Start 0.012ms
[139.362s][info][gc,phases   ] GC(128) Concurrent Relocate 38.487ms
[139.362s][info][gc,load     ] GC(128) Load: 0.00/0.00/0.00
[139.362s][info][gc,mmu      ] GC(128) MMU: 2ms/96.7%, 5ms/98.7%, 10ms/99.3%, 20ms/99.6%, 50ms/99.8%, 100ms/99.9%
[139.362s][info][gc,marking  ] GC(128) Mark: 4 stripe(s), 3 proactive flush(es), 1 terminate flush(es), 0 completion(s), 0 continuation(s) 
[139.362s][info][gc,marking  ] GC(128) Mark Stack Usage: 32M
[139.362s][info][gc,nmethod  ] GC(128) NMethods: 7096 registered, 83 unregistered
[139.362s][info][gc,metaspace] GC(128) Metaspace: 66M used, 67M committed, 1088M reserved
[139.363s][info][gc,ref      ] GC(128) Soft: 4955 encountered, 0 discovered, 0 enqueued
[139.363s][info][gc,ref      ] GC(128) Weak: 6580 encountered, 1902 discovered, 0 enqueued
[139.363s][info][gc,ref      ] GC(128) Final: 126 encountered, 0 discovered, 0 enqueued
[139.363s][info][gc,ref      ] GC(128) Phantom: 617 encountered, 465 discovered, 0 enqueued
[139.363s][info][gc,reloc    ] GC(128) Small Pages: 472 / 944M, Empty: 82M, Relocated: 43M, In-Place: 0
[139.363s][info][gc,reloc    ] GC(128) Medium Pages: 2 / 64M, Empty: 0M, Relocated: 13M, In-Place: 0
[139.363s][info][gc,reloc    ] GC(128) Large Pages: 8 / 64M, Empty: 24M, Relocated: 0M, In-Place: 0
[139.363s][info][gc,reloc    ] GC(128) Forwarding Usage: 43M
[139.363s][info][gc,heap     ] GC(128) Min Capacity: 8M(0%)
[139.363s][info][gc,heap     ] GC(128) Max Capacity: 4096M(100%)
[139.363s][info][gc,heap     ] GC(128) Soft Max Capacity: 4096M(100%)
[139.363s][info][gc,heap     ] GC(128)                Mark Start          Mark End        Relocate Start      Relocate End           High               Low         
[139.363s][info][gc,heap     ] GC(128)  Capacity:     3996M (98%)        3996M (98%)        3996M (98%)        3996M (98%)        3996M (98%)        3996M (98%)    
[139.363s][info][gc,heap     ] GC(128)      Free:     3024M (74%)        2988M (73%)        3094M (76%)        3690M (90%)        3690M (90%)        2988M (73%)    
[139.363s][info][gc,heap     ] GC(128)      Used:     1072M (26%)        1108M (27%)        1002M (24%)         406M (10%)        1108M (27%)         406M (10%)    
[139.363s][info][gc,heap     ] GC(128)      Live:         -               308M (8%)          308M (8%)          308M (8%)             -                  -          
[139.363s][info][gc,heap     ] GC(128) Allocated:         -                36M (1%)           36M (1%)           38M (1%)             -                  -          
[139.363s][info][gc,heap     ] GC(128)   Garbage:         -               763M (19%)         657M (16%)          59M (1%)             -                  -          
[139.363s][info][gc,heap     ] GC(128) Reclaimed:         -                  -               106M (3%)          704M (17%)            -                  -          
[139.363s][info][gc          ] GC(128) Garbage Collection (Allocation Rate) 1072M(26%)->406M(10%)
[140.149s][info][gc,stats    ] === Garbage Collection Statistics =======================================================================================================================
[140.149s][info][gc,stats    ]                                                              Last 10s              Last 10m              Last 10h                Total
[140.149s][info][gc,stats    ]                                                              Avg / Max             Avg / Max             Avg / Max             Avg / Max
[140.149s][info][gc,stats    ]   Collector: Garbage Collection Cycle                    327.259 / 510.826     311.823 / 2470.825    311.823 / 2470.825    311.823 / 2470.825    ms
[140.149s][info][gc,stats    ]  Contention: Mark Segment Reset Contention                    15 / 58               12 / 255              12 / 255              12 / 255         ops/s
[140.149s][info][gc,stats    ]  Contention: Mark SeqNum Reset Contention                      0 / 3                 0 / 3                 0 / 3                 0 / 3           ops/s
[140.149s][info][gc,stats    ]    Critical: Allocation Stall                                  0 / 0                 0 / 0                 0 / 0                 0 / 0           ops/s
[140.149s][info][gc,stats    ]    Critical: Allocation Stall                              0.000 / 0.000         0.000 / 0.000         0.000 / 0.000         0.000 / 0.000       ms
[140.149s][info][gc,stats    ]    Critical: GC Locker Stall                                   0 / 0                 0 / 0                 0 / 0                 0 / 0           ops/s
[140.149s][info][gc,stats    ]    Critical: GC Locker Stall                               0.000 / 0.000         0.000 / 0.000         0.000 / 0.000         0.000 / 0.000       ms
[140.149s][info][gc,stats    ]    Critical: Relocation Stall                                  0 / 0                 0 / 0                 0 / 0                 0 / 0           ops/s
[140.149s][info][gc,stats    ]    Critical: Relocation Stall                              0.000 / 0.000         0.000 / 0.000         0.000 / 0.000         0.000 / 0.000       ms
[140.149s][info][gc,stats    ]      Memory: Allocation Rate                                1224 / 1726           1170 / 3096           1170 / 3096           1170 / 3096        MB/s
[140.149s][info][gc,stats    ]      Memory: Defragment                                        0 / 0                 0 / 8                 0 / 8                 0 / 8           ops/s
[140.149s][info][gc,stats    ]      Memory: Out Of Memory                                     0 / 0                 0 / 0                 0 / 0                 0 / 0           ops/s
[140.149s][info][gc,stats    ]      Memory: Page Cache Flush                                  0 / 0                 0 / 16                0 / 16                0 / 16          MB/s
[140.149s][info][gc,stats    ]      Memory: Page Cache Hit L1                               608 / 809             553 / 1402            553 / 1402            553 / 1402        ops/s
[140.149s][info][gc,stats    ]      Memory: Page Cache Hit L2                                 0 / 0                 0 / 0                 0 / 0                 0 / 0           ops/s
[140.149s][info][gc,stats    ]      Memory: Page Cache Hit L3                                 0 / 0                 7 / 286               7 / 286               7 / 286         ops/s
[140.149s][info][gc,stats    ]      Memory: Page Cache Miss                                   0 / 0                 5 / 558               5 / 558               5 / 558         ops/s
[140.150s][info][gc,stats    ]      Memory: Uncommit                                          0 / 0                 0 / 0                 0 / 0                 0 / 0           MB/s
[140.150s][info][gc,stats    ]      Memory: Undo Object Allocation Failed                     0 / 0                 0 / 0                 0 / 0                 0 / 0           ops/s
[140.150s][info][gc,stats    ]      Memory: Undo Object Allocation Succeeded                  4 / 18               16 / 1568             16 / 1568             16 / 1568        ops/s
[140.150s][info][gc,stats    ]      Memory: Undo Page Allocation                              0 / 0                 0 / 3                 0 / 3                 0 / 3           ops/s
[140.150s][info][gc,stats    ]       Phase: Concurrent Mark                             233.576 / 343.220     223.834 / 1600.769    223.834 / 1600.769    223.834 / 1600.769    ms
[140.150s][info][gc,stats    ]       Phase: Concurrent Mark Continue                      0.000 / 0.000         0.000 / 0.000         0.000 / 0.000         0.000 / 0.000       ms
[140.150s][info][gc,stats    ]       Phase: Concurrent Mark Free                          0.001 / 0.002         0.004 / 0.412         0.004 / 0.412         0.004 / 0.412       ms
[140.150s][info][gc,stats    ]       Phase: Concurrent Process Non-Strong References      3.993 / 6.066         4.799 / 35.438        4.799 / 35.438        4.799 / 35.438      ms
[140.150s][info][gc,stats    ]       Phase: Concurrent Relocate                          57.928 / 115.306      54.096 / 702.452      54.096 / 702.452      54.096 / 702.452     ms
[140.150s][info][gc,stats    ]       Phase: Concurrent Reset Relocation Set               0.091 / 0.182         0.079 / 0.246         0.079 / 0.246         0.079 / 0.246       ms
[140.150s][info][gc,stats    ]       Phase: Concurrent Select Relocation Set             30.484 / 66.304       27.560 / 130.936      27.560 / 130.936      27.560 / 130.936     ms
[140.150s][info][gc,stats    ]       Phase: Pause Mark End                                0.028 / 0.037         0.028 / 0.067         0.028 / 0.067         0.028 / 0.067       ms
[140.150s][info][gc,stats    ]       Phase: Pause Mark Start                              0.014 / 0.019         0.014 / 0.020         0.014 / 0.020         0.014 / 0.020       ms
[140.150s][info][gc,stats    ]       Phase: Pause Relocate Start                          0.010 / 0.013         0.010 / 0.014         0.010 / 0.014         0.010 / 0.014       ms
[140.150s][info][gc,stats    ]    Subphase: Concurrent Classes Purge                      0.037 / 0.112         0.265 / 11.088        0.265 / 11.088        0.265 / 11.088      ms
[140.150s][info][gc,stats    ]    Subphase: Concurrent Classes Unlink                     3.129 / 4.815         3.627 / 29.134        3.627 / 29.134        3.627 / 29.134      ms
[140.150s][info][gc,stats    ]    Subphase: Concurrent Mark                             201.823 / 333.402     169.982 / 1589.527    169.982 / 1589.527    169.982 / 1589.527    ms
[140.150s][info][gc,stats    ]    Subphase: Concurrent Mark Try Flush                     0.153 / 0.326         0.177 / 16.605        0.177 / 16.605        0.177 / 16.605      ms
[140.150s][info][gc,stats    ]    Subphase: Concurrent Mark Try Terminate                 7.490 / 16.174        9.767 / 16.803        9.767 / 16.803        9.767 / 16.803      ms
[140.150s][info][gc,stats    ]    Subphase: Concurrent References Enqueue                 0.003 / 0.005         0.003 / 0.005         0.003 / 0.005         0.003 / 0.005       ms
[140.150s][info][gc,stats    ]    Subphase: Concurrent References Process                 0.125 / 0.196         0.129 / 0.308         0.129 / 0.308         0.129 / 0.308       ms
[140.150s][info][gc,stats    ]    Subphase: Concurrent Roots ClassLoaderDataGraph         0.137 / 0.679         0.121 / 0.947         0.121 / 0.947         0.121 / 0.947       ms
[140.150s][info][gc,stats    ]    Subphase: Concurrent Roots CodeCache                    0.000 / 0.000         0.000 / 0.000         0.000 / 0.000         0.000 / 0.000       ms
[140.150s][info][gc,stats    ]    Subphase: Concurrent Roots JavaThreads                  4.953 / 6.810         6.088 / 17.424        6.088 / 17.424        6.088 / 17.424      ms
[140.151s][info][gc,stats    ]    Subphase: Concurrent Roots OopStorageSet                0.046 / 0.068         0.041 / 0.272         0.041 / 0.272         0.041 / 0.272       ms
[140.151s][info][gc,stats    ]    Subphase: Concurrent Weak Roots OopStorageSet           0.383 / 0.782         0.327 / 4.541         0.327 / 4.541         0.327 / 4.541       ms
[140.151s][info][gc,stats    ]    Subphase: Pause Mark Try Complete                       0.000 / 0.000         0.001 / 0.006         0.001 / 0.006         0.001 / 0.006       ms
[140.151s][info][gc,stats    ]      System: Java Threads                                    275 / 278             242 / 281             242 / 281             242 / 281         threads
[140.151s][info][gc,stats    ] =========================================================================================================================================================
[140.945s][info][gc,start    ] GC(129) Garbage Collection (Allocation Rate)
[140.945s][info][gc,task     ] GC(129) Using 6 workers
[140.945s][info][gc,phases   ] GC(129) Pause Mark Start 0.012ms
[141.120s][info][gc,phases   ] GC(129) Concurrent Mark 174.528ms
[141.120s][info][gc,phases   ] GC(129) Pause Mark End 0.024ms
[141.120s][info][gc,phases   ] GC(129) Concurrent Mark Free 0.001ms
[141.124s][info][gc,phases   ] GC(129) Concurrent Process Non-Strong References 3.729ms
[141.124s][info][gc,phases   ] GC(129) Concurrent Reset Relocation Set 0.078ms
[141.183s][info][gc,phases   ] GC(129) Concurrent Select Relocation Set 58.707ms
[141.183s][info][gc,phases   ] GC(129) Pause Relocate Start 0.011ms
[141.240s][info][gc,phases   ] GC(129) Concurrent Relocate 57.170ms
[141.240s][info][gc,load     ] GC(129) Load: 0.00/0.00/0.00
[141.240s][info][gc,mmu      ] GC(129) MMU: 2ms/96.7%, 5ms/98.7%, 10ms/99.3%, 20ms/99.6%, 50ms/99.8%, 100ms/99.9%
[141.240s][info][gc,marking  ] GC(129) Mark: 4 stripe(s), 4 proactive flush(es), 1 terminate flush(es), 0 completion(s), 0 continuation(s) 
[141.240s][info][gc,marking  ] GC(129) Mark Stack Usage: 32M
[141.240s][info][gc,nmethod  ] GC(129) NMethods: 7160 registered, 93 unregistered
[141.240s][info][gc,metaspace] GC(129) Metaspace: 66M used, 67M committed, 1088M reserved
[141.240s][info][gc,ref      ] GC(129) Soft: 4951 encountered, 0 discovered, 0 enqueued
[141.240s][info][gc,ref      ] GC(129) Weak: 6956 encountered, 793 discovered, 285 enqueued
[141.240s][info][gc,ref      ] GC(129) Final: 126 encountered, 0 discovered, 0 enqueued
[141.240s][info][gc,ref      ] GC(129) Phantom: 617 encountered, 494 discovered, 0 enqueued
[141.241s][info][gc,reloc    ] GC(129) Small Pages: 1025 / 2050M, Empty: 1044M, Relocated: 76M, In-Place: 0
[141.241s][info][gc,reloc    ] GC(129) Medium Pages: 4 / 128M, Empty: 64M, Relocated: 12M, In-Place: 0
[141.241s][info][gc,reloc    ] GC(129) Large Pages: 23 / 154M, Empty: 136M, Relocated: 0M, In-Place: 0
[141.241s][info][gc,reloc    ] GC(129) Forwarding Usage: 73M
[141.241s][info][gc,heap     ] GC(129) Min Capacity: 8M(0%)
[141.241s][info][gc,heap     ] GC(129) Max Capacity: 4096M(100%)
[141.241s][info][gc,heap     ] GC(129) Soft Max Capacity: 4096M(100%)
[141.241s][info][gc,heap     ] GC(129)                Mark Start          Mark End        Relocate Start      Relocate End           High               Low         
[141.241s][info][gc,heap     ] GC(129)  Capacity:     3996M (98%)        3996M (98%)        3996M (98%)        3996M (98%)        3996M (98%)        3996M (98%)    
[141.241s][info][gc,heap     ] GC(129)      Free:     1764M (43%)        1714M (42%)        2874M (70%)        3640M (89%)        3640M (89%)        1712M (42%)    
[141.241s][info][gc,heap     ] GC(129)      Used:     2332M (57%)        2382M (58%)        1222M (30%)         456M (11%)        2384M (58%)         456M (11%)    
[141.241s][info][gc,heap     ] GC(129)      Live:         -               263M (6%)          263M (6%)          263M (6%)             -                  -          
[141.241s][info][gc,heap     ] GC(129) Allocated:         -                50M (1%)          134M (3%)          149M (4%)             -                  -          
[141.241s][info][gc,heap     ] GC(129)   Garbage:         -              2068M (50%)         824M (20%)          42M (1%)             -                  -          
[141.241s][info][gc,heap     ] GC(129) Reclaimed:         -                  -              1244M (30%)        2025M (49%)            -                  -          
[141.241s][info][gc          ] GC(129) Garbage Collection (Allocation Rate) 2332M(57%)->456M(11%)
[141.962s][info][gc,start    ] GC(130) Garbage Collection (System.gc())
[141.962s][info][gc,task     ] GC(130) Using 12 workers
[141.962s][info][gc,phases   ] GC(130) Pause Mark Start 0.019ms
[142.033s][info][gc,phases   ] GC(130) Concurrent Mark 70.438ms
[142.033s][info][gc,phases   ] GC(130) Pause Mark End 0.033ms
[142.033s][info][gc,phases   ] GC(130) Concurrent Mark Free 0.001ms
[142.035s][info][gc,phases   ] GC(130) Concurrent Process Non-Strong References 2.300ms
[142.035s][info][gc,phases   ] GC(130) Concurrent Reset Relocation Set 0.112ms
[142.052s][info][gc,phases   ] GC(130) Concurrent Select Relocation Set 16.245ms
[142.052s][info][gc,phases   ] GC(130) Pause Relocate Start 0.009ms
[142.056s][info][gc,phases   ] GC(130) Concurrent Relocate 4.613ms
[142.056s][info][gc,load     ] GC(130) Load: 0.00/0.00/0.00
[142.056s][info][gc,mmu      ] GC(130) MMU: 2ms/96.7%, 5ms/98.7%, 10ms/99.3%, 20ms/99.6%, 50ms/99.8%, 100ms/99.9%
[142.057s][info][gc,marking  ] GC(130) Mark: 8 stripe(s), 2 proactive flush(es), 1 terminate flush(es), 0 completion(s), 0 continuation(s) 
[142.057s][info][gc,marking  ] GC(130) Mark Stack Usage: 32M
[142.057s][info][gc,nmethod  ] GC(130) NMethods: 7167 registered, 98 unregistered
[142.057s][info][gc,metaspace] GC(130) Metaspace: 66M used, 67M committed, 1088M reserved
[142.057s][info][gc,ref      ] GC(130) Soft: 4947 encountered, 0 discovered, 0 enqueued
[142.057s][info][gc,ref      ] GC(130) Weak: 6689 encountered, 1262 discovered, 199 enqueued
[142.057s][info][gc,ref      ] GC(130) Final: 126 encountered, 0 discovered, 0 enqueued
[142.057s][info][gc,ref      ] GC(130) Phantom: 617 encountered, 598 discovered, 0 enqueued
[142.057s][info][gc,reloc    ] GC(130) Small Pages: 685 / 1370M, Empty: 1112M, Relocated: 3M, In-Place: 0
[142.057s][info][gc,reloc    ] GC(130) Medium Pages: 7 / 224M, Empty: 192M, Relocated: 0M, In-Place: 0
[142.057s][info][gc,reloc    ] GC(130) Large Pages: 39 / 258M, Empty: 258M, Relocated: 0M, In-Place: 0
[142.057s][info][gc,reloc    ] GC(130) Forwarding Usage: 1M
[142.057s][info][gc,heap     ] GC(130) Min Capacity: 8M(0%)
[142.057s][info][gc,heap     ] GC(130) Max Capacity: 4096M(100%)
[142.057s][info][gc,heap     ] GC(130) Soft Max Capacity: 4096M(100%)
[142.057s][info][gc,heap     ] GC(130)                Mark Start          Mark End        Relocate Start      Relocate End           High               Low         
[142.057s][info][gc,heap     ] GC(130)  Capacity:     3996M (98%)        3996M (98%)        3996M (98%)        3996M (98%)        3996M (98%)        3996M (98%)    
[142.057s][info][gc,heap     ] GC(130)      Free:     2244M (55%)        2242M (55%)        3774M (92%)        3832M (94%)        3832M (94%)        2238M (55%)    
[142.057s][info][gc,heap     ] GC(130)      Used:     1852M (45%)        1854M (45%)         322M (8%)          264M (6%)         1858M (45%)         264M (6%)     
[142.057s][info][gc,heap     ] GC(130)      Live:         -               170M (4%)          170M (4%)          170M (4%)             -                  -          
[142.057s][info][gc,heap     ] GC(130) Allocated:         -                 2M (0%)           32M (1%)           32M (1%)             -                  -          
[142.057s][info][gc,heap     ] GC(130)   Garbage:         -              1681M (41%)         119M (3%)           61M (2%)             -                  -          
[142.057s][info][gc,heap     ] GC(130) Reclaimed:         -                  -              1562M (38%)        1620M (40%)            -                  -          
[142.057s][info][gc          ] GC(130) Garbage Collection (System.gc()) 1852M(45%)->264M(6%)
[142.953s][info][gc,start    ] GC(131) Garbage Collection (Allocation Rate)
[142.953s][info][gc,task     ] GC(131) Using 4 workers
[142.954s][info][gc,phases   ] GC(131) Pause Mark Start 0.012ms
[143.359s][info][gc,phases   ] GC(131) Concurrent Mark 405.738ms
[143.360s][info][gc,phases   ] GC(131) Pause Mark End 0.029ms
[143.360s][info][gc,phases   ] GC(131) Concurrent Mark Free 0.001ms
[143.365s][info][gc,phases   ] GC(131) Concurrent Process Non-Strong References 5.732ms
[143.366s][info][gc,phases   ] GC(131) Concurrent Reset Relocation Set 0.005ms
[143.414s][info][gc,phases   ] GC(131) Concurrent Select Relocation Set 48.283ms
[143.414s][info][gc,phases   ] GC(131) Pause Relocate Start 0.008ms
[143.555s][info][gc,phases   ] GC(131) Concurrent Relocate 141.183ms
[143.555s][info][gc,load     ] GC(131) Load: 0.00/0.00/0.00
[143.555s][info][gc,mmu      ] GC(131) MMU: 2ms/96.7%, 5ms/98.7%, 10ms/99.3%, 20ms/99.6%, 50ms/99.8%, 100ms/99.9%
[143.555s][info][gc,marking  ] GC(131) Mark: 4 stripe(s), 2 proactive flush(es), 1 terminate flush(es), 0 completion(s), 0 continuation(s) 
[143.556s][info][gc,marking  ] GC(131) Mark Stack Usage: 32M
[143.556s][info][gc,nmethod  ] GC(131) NMethods: 7172 registered, 99 unregistered
[143.556s][info][gc,metaspace] GC(131) Metaspace: 66M used, 67M committed, 1088M reserved
[143.556s][info][gc,ref      ] GC(131) Soft: 4951 encountered, 0 discovered, 0 enqueued
[143.556s][info][gc,ref      ] GC(131) Weak: 6555 encountered, 1372 discovered, 21 enqueued
[143.556s][info][gc,ref      ] GC(131) Final: 126 encountered, 2 discovered, 0 enqueued
[143.556s][info][gc,ref      ] GC(131) Phantom: 617 encountered, 462 discovered, 0 enqueued
[143.556s][info][gc,reloc    ] GC(131) Small Pages: 1028 / 2056M, Empty: 0M, Relocated: 187M, In-Place: 0
[143.556s][info][gc,reloc    ] GC(131) Medium Pages: 2 / 64M, Empty: 32M, Relocated: 0M, In-Place: 0
[143.556s][info][gc,reloc    ] GC(131) Large Pages: 13 / 94M, Empty: 30M, Relocated: 0M, In-Place: 0
[143.556s][info][gc,reloc    ] GC(131) Forwarding Usage: 146M
[143.556s][info][gc,heap     ] GC(131) Min Capacity: 8M(0%)
[143.556s][info][gc,heap     ] GC(131) Max Capacity: 4096M(100%)
[143.556s][info][gc,heap     ] GC(131) Soft Max Capacity: 4096M(100%)
[143.556s][info][gc,heap     ] GC(131)                Mark Start          Mark End        Relocate Start      Relocate End           High               Low         
[143.556s][info][gc,heap     ] GC(131)  Capacity:     3996M (98%)        3996M (98%)        3996M (98%)        3996M (98%)        3996M (98%)        3996M (98%)    
[143.556s][info][gc,heap     ] GC(131)      Free:     1882M (46%)        1554M (38%)        1616M (39%)        3300M (81%)        3300M (81%)        1554M (38%)    
[143.556s][info][gc,heap     ] GC(131)      Used:     2214M (54%)        2542M (62%)        2480M (61%)         796M (19%)        2542M (62%)         796M (19%)    
[143.556s][info][gc,heap     ] GC(131)      Live:         -               421M (10%)         421M (10%)         421M (10%)            -                  -          
[143.556s][info][gc,heap     ] GC(131) Allocated:         -               328M (8%)          328M (8%)          329M (8%)             -                  -          
[143.556s][info][gc,heap     ] GC(131)   Garbage:         -              1792M (44%)        1730M (42%)          45M (1%)             -                  -          
[143.556s][info][gc,heap     ] GC(131) Reclaimed:         -                  -                62M (2%)         1747M (43%)            -                  -          
[143.556s][info][gc          ] GC(131) Garbage Collection (Allocation Rate) 2214M(54%)->796M(19%)
[143.648s][info][gc,start    ] GC(132) Garbage Collection (Allocation Rate)
[143.648s][info][gc,task     ] GC(132) Using 6 workers
[143.648s][info][gc,phases   ] GC(132) Pause Mark Start 0.010ms
[143.909s][info][gc,phases   ] GC(132) Concurrent Mark 260.680ms
[143.909s][info][gc,phases   ] GC(132) Pause Mark End 0.032ms
[143.909s][info][gc,phases   ] GC(132) Concurrent Mark Free 0.001ms
[143.914s][info][gc,phases   ] GC(132) Concurrent Process Non-Strong References 4.457ms
[143.914s][info][gc,phases   ] GC(132) Concurrent Reset Relocation Set 0.206ms
[143.937s][info][gc,phases   ] GC(132) Concurrent Select Relocation Set 22.701ms
[143.937s][info][gc,phases   ] GC(132) Pause Relocate Start 0.008ms
[143.966s][info][gc,phases   ] GC(132) Concurrent Relocate 28.687ms
[143.966s][info][gc,load     ] GC(132) Load: 0.00/0.00/0.00
[143.966s][info][gc,mmu      ] GC(132) MMU: 2ms/96.7%, 5ms/98.7%, 10ms/99.3%, 20ms/99.6%, 50ms/99.8%, 100ms/99.9%
[143.966s][info][gc,marking  ] GC(132) Mark: 4 stripe(s), 10 proactive flush(es), 2 terminate flush(es), 0 completion(s), 0 continuation(s) 
[143.966s][info][gc,marking  ] GC(132) Mark Stack Usage: 32M
[143.966s][info][gc,nmethod  ] GC(132) NMethods: 7205 registered, 99 unregistered
[143.966s][info][gc,metaspace] GC(132) Metaspace: 66M used, 67M committed, 1088M reserved
[143.966s][info][gc,ref      ] GC(132) Soft: 4951 encountered, 0 discovered, 0 enqueued
[143.966s][info][gc,ref      ] GC(132) Weak: 6532 encountered, 2379 discovered, 0 enqueued
[143.966s][info][gc,ref      ] GC(132) Final: 126 encountered, 3 discovered, 0 enqueued
[143.966s][info][gc,ref      ] GC(132) Phantom: 617 encountered, 508 discovered, 0 enqueued
[143.966s][info][gc,reloc    ] GC(132) Small Pages: 334 / 668M, Empty: 84M, Relocated: 27M, In-Place: 0
[143.966s][info][gc,reloc    ] GC(132) Medium Pages: 2 / 64M, Empty: 0M, Relocated: 21M, In-Place: 0
[143.966s][info][gc,reloc    ] GC(132) Large Pages: 8 / 64M, Empty: 24M, Relocated: 0M, In-Place: 0
[143.966s][info][gc,reloc    ] GC(132) Forwarding Usage: 26M
[143.966s][info][gc,heap     ] GC(132) Min Capacity: 8M(0%)
[143.966s][info][gc,heap     ] GC(132) Max Capacity: 4096M(100%)
[143.966s][info][gc,heap     ] GC(132) Soft Max Capacity: 4096M(100%)
[143.966s][info][gc,heap     ] GC(132)                Mark Start          Mark End        Relocate Start      Relocate End           High               Low         
[143.966s][info][gc,heap     ] GC(132)  Capacity:     3996M (98%)        3996M (98%)        3996M (98%)        3996M (98%)        3996M (98%)        3996M (98%)    
[143.966s][info][gc,heap     ] GC(132)      Free:     3300M (81%)        3220M (79%)        3326M (81%)        3632M (89%)        3632M (89%)        3220M (79%)    
[143.966s][info][gc,heap     ] GC(132)      Used:      796M (19%)         876M (21%)         770M (19%)         464M (11%)         876M (21%)         464M (11%)    
[143.966s][info][gc,heap     ] GC(132)      Live:         -               319M (8%)          319M (8%)          319M (8%)             -                  -          
[143.966s][info][gc,heap     ] GC(132) Allocated:         -                80M (2%)           82M (2%)           95M (2%)             -                  -          
[143.966s][info][gc,heap     ] GC(132)   Garbage:         -               476M (12%)         368M (9%)           48M (1%)             -                  -          
[143.966s][info][gc,heap     ] GC(132) Reclaimed:         -                  -               108M (3%)          427M (10%)            -                  -          
[143.966s][info][gc          ] GC(132) Garbage Collection (Allocation Rate) 796M(19%)->464M(11%)
[144.756s][info][gc,start    ] GC(133) Garbage Collection (Allocation Rate)
[144.756s][info][gc,task     ] GC(133) Using 8 workers
[144.756s][info][gc,phases   ] GC(133) Pause Mark Start 0.019ms
[144.943s][info][gc,phases   ] GC(133) Concurrent Mark 186.966ms
[144.943s][info][gc,phases   ] GC(133) Pause Mark End 0.028ms
[144.943s][info][gc,phases   ] GC(133) Concurrent Mark Free 0.002ms
[144.946s][info][gc,phases   ] GC(133) Concurrent Process Non-Strong References 2.905ms
[144.947s][info][gc,phases   ] GC(133) Concurrent Reset Relocation Set 0.041ms
[145.002s][info][gc,phases   ] GC(133) Concurrent Select Relocation Set 55.522ms
[145.002s][info][gc,phases   ] GC(133) Pause Relocate Start 0.010ms
[145.063s][info][gc,phases   ] GC(133) Concurrent Relocate 60.553ms
[145.063s][info][gc,load     ] GC(133) Load: 0.00/0.00/0.00
[145.063s][info][gc,mmu      ] GC(133) MMU: 2ms/96.7%, 5ms/98.7%, 10ms/99.3%, 20ms/99.6%, 50ms/99.8%, 100ms/99.9%
[145.063s][info][gc,marking  ] GC(133) Mark: 8 stripe(s), 2 proactive flush(es), 1 terminate flush(es), 0 completion(s), 0 continuation(s) 
[145.063s][info][gc,marking  ] GC(133) Mark Stack Usage: 32M
[145.063s][info][gc,nmethod  ] GC(133) NMethods: 7215 registered, 101 unregistered
[145.063s][info][gc,metaspace] GC(133) Metaspace: 66M used, 67M committed, 1088M reserved
[145.063s][info][gc,ref      ] GC(133) Soft: 4955 encountered, 0 discovered, 0 enqueued
[145.063s][info][gc,ref      ] GC(133) Weak: 6743 encountered, 945 discovered, 88 enqueued
[145.063s][info][gc,ref      ] GC(133) Final: 126 encountered, 41 discovered, 0 enqueued
[145.063s][info][gc,ref      ] GC(133) Phantom: 617 encountered, 605 discovered, 0 enqueued
[145.063s][info][gc,reloc    ] GC(133) Small Pages: 866 / 1732M, Empty: 192M, Relocated: 152M, In-Place: 0
[145.063s][info][gc,reloc    ] GC(133) Medium Pages: 3 / 96M, Empty: 64M, Relocated: 0M, In-Place: 0
[145.063s][info][gc,reloc    ] GC(133) Large Pages: 21 / 158M, Empty: 94M, Relocated: 0M, In-Place: 0
[145.063s][info][gc,reloc    ] GC(133) Forwarding Usage: 101M
[145.063s][info][gc,heap     ] GC(133) Min Capacity: 8M(0%)
[145.063s][info][gc,heap     ] GC(133) Max Capacity: 4096M(100%)
[145.063s][info][gc,heap     ] GC(133) Soft Max Capacity: 4096M(100%)
[145.063s][info][gc,heap     ] GC(133)                Mark Start          Mark End        Relocate Start      Relocate End           High               Low         
[145.063s][info][gc,heap     ] GC(133)  Capacity:     3996M (98%)        3996M (98%)        3996M (98%)        3996M (98%)        3996M (98%)        3996M (98%)    
[145.063s][info][gc,heap     ] GC(133)      Free:     2110M (52%)        1728M (42%)        1942M (47%)        3062M (75%)        3062M (75%)        1716M (42%)    
[145.063s][info][gc,heap     ] GC(133)      Used:     1986M (48%)        2368M (58%)        2154M (53%)        1034M (25%)        2380M (58%)        1034M (25%)    
[145.063s][info][gc,heap     ] GC(133)      Live:         -               389M (10%)         389M (10%)         389M (10%)            -                  -          
[145.063s][info][gc,heap     ] GC(133) Allocated:         -               382M (9%)          518M (13%)         589M (14%)            -                  -          
[145.063s][info][gc,heap     ] GC(133)   Garbage:         -              1596M (39%)        1246M (30%)          54M (1%)             -                  -          
[145.063s][info][gc,heap     ] GC(133) Reclaimed:         -                  -               350M (9%)         1541M (38%)            -                  -          
[145.063s][info][gc          ] GC(133) Garbage Collection (Allocation Rate) 1986M(48%)->1034M(25%)
[147.050s][info][gc,start    ] GC(134) Garbage Collection (Allocation Rate)
[147.050s][info][gc,task     ] GC(134) Using 9 workers
[147.050s][info][gc,phases   ] GC(134) Pause Mark Start 0.012ms
[147.159s][info][gc,phases   ] GC(134) Concurrent Mark 108.924ms
[147.159s][info][gc,phases   ] GC(134) Pause Mark End 0.018ms
[147.159s][info][gc,phases   ] GC(134) Concurrent Mark Free 0.001ms
[147.162s][info][gc,phases   ] GC(134) Concurrent Process Non-Strong References 2.815ms
[147.162s][info][gc,phases   ] GC(134) Concurrent Reset Relocation Set 0.143ms
[147.173s][info][gc,phases   ] GC(134) Concurrent Select Relocation Set 11.029ms
[147.174s][info][gc,phases   ] GC(134) Pause Relocate Start 0.008ms
[147.211s][info][gc,phases   ] GC(134) Concurrent Relocate 36.913ms
[147.211s][info][gc,load     ] GC(134) Load: 0.00/0.00/0.00
[147.211s][info][gc,mmu      ] GC(134) MMU: 2ms/96.7%, 5ms/98.7%, 10ms/99.3%, 20ms/99.6%, 50ms/99.8%, 100ms/99.9%
[147.211s][info][gc,marking  ] GC(134) Mark: 8 stripe(s), 2 proactive flush(es), 1 terminate flush(es), 0 completion(s), 0 continuation(s) 
[147.211s][info][gc,marking  ] GC(134) Mark Stack Usage: 32M
[147.211s][info][gc,nmethod  ] GC(134) NMethods: 7255 registered, 114 unregistered
[147.211s][info][gc,metaspace] GC(134) Metaspace: 66M used, 67M committed, 1088M reserved
[147.211s][info][gc,ref      ] GC(134) Soft: 4951 encountered, 0 discovered, 0 enqueued
[147.211s][info][gc,ref      ] GC(134) Weak: 6958 encountered, 828 discovered, 289 enqueued
[147.211s][info][gc,ref      ] GC(134) Final: 126 encountered, 5 discovered, 0 enqueued
[147.211s][info][gc,ref      ] GC(134) Phantom: 621 encountered, 378 discovered, 0 enqueued
[147.211s][info][gc,reloc    ] GC(134) Small Pages: 1324 / 2648M, Empty: 1860M, Relocated: 47M, In-Place: 0
[147.211s][info][gc,reloc    ] GC(134) Medium Pages: 4 / 128M, Empty: 64M, Relocated: 18M, In-Place: 0
[147.211s][info][gc,reloc    ] GC(134) Large Pages: 24 / 160M, Empty: 160M, Relocated: 0M, In-Place: 0
[147.211s][info][gc,reloc    ] GC(134) Forwarding Usage: 43M
[147.211s][info][gc,heap     ] GC(134) Min Capacity: 8M(0%)
[147.211s][info][gc,heap     ] GC(134) Max Capacity: 4096M(100%)
[147.211s][info][gc,heap     ] GC(134) Soft Max Capacity: 4096M(100%)
[147.211s][info][gc,heap     ] GC(134)                Mark Start          Mark End        Relocate Start      Relocate End           High               Low         
[147.211s][info][gc,heap     ] GC(134)  Capacity:     3996M (98%)        3996M (98%)        3996M (98%)        3996M (98%)        3996M (98%)        3996M (98%)    
[147.211s][info][gc,heap     ] GC(134)      Free:     1160M (28%)         830M (20%)        2890M (71%)        3484M (85%)        3484M (85%)         830M (20%)    
[147.211s][info][gc,heap     ] GC(134)      Used:     2936M (72%)        3266M (80%)        1206M (29%)         612M (15%)        3266M (80%)         612M (15%)    
[147.211s][info][gc,heap     ] GC(134)      Live:         -               218M (5%)          218M (5%)          218M (5%)             -                  -          
[147.211s][info][gc,heap     ] GC(134) Allocated:         -               330M (8%)          354M (9%)          352M (9%)             -                  -          
[147.211s][info][gc,heap     ] GC(134)   Garbage:         -              2717M (66%)         633M (15%)          41M (1%)             -                  -          
[147.211s][info][gc,heap     ] GC(134) Reclaimed:         -                  -              2084M (51%)        2676M (65%)            -                  -          
[147.211s][info][gc          ] GC(134) Garbage Collection (Allocation Rate) 2936M(72%)->612M(15%)
[148.251s][info][gc,start    ] GC(135) Garbage Collection (Allocation Rate)
[148.251s][info][gc,task     ] GC(135) Using 3 workers
[148.252s][info][gc,phases   ] GC(135) Pause Mark Start 0.015ms
[148.441s][info][gc,phases   ] GC(135) Concurrent Mark 189.437ms
[148.442s][info][gc,phases   ] GC(135) Pause Mark End 0.018ms
[148.442s][info][gc,phases   ] GC(135) Concurrent Mark Free 0.002ms
[148.452s][info][gc,phases   ] GC(135) Concurrent Process Non-Strong References 10.220ms
[148.452s][info][gc,phases   ] GC(135) Concurrent Reset Relocation Set 0.067ms
[148.462s][info][gc,phases   ] GC(135) Concurrent Select Relocation Set 9.703ms
[148.463s][info][gc,phases   ] GC(135) Pause Relocate Start 0.008ms
[148.469s][info][gc,phases   ] GC(135) Concurrent Relocate 6.350ms
[148.469s][info][gc,load     ] GC(135) Load: 0.00/0.00/0.00
[148.469s][info][gc,mmu      ] GC(135) MMU: 2ms/96.7%, 5ms/98.7%, 10ms/99.3%, 20ms/99.6%, 50ms/99.8%, 100ms/99.9%
[148.469s][info][gc,marking  ] GC(135) Mark: 2 stripe(s), 2 proactive flush(es), 1 terminate flush(es), 0 completion(s), 0 continuation(s) 
[148.469s][info][gc,marking  ] GC(135) Mark Stack Usage: 32M
[148.469s][info][gc,nmethod  ] GC(135) NMethods: 7511 registered, 126 unregistered
[148.469s][info][gc,metaspace] GC(135) Metaspace: 67M used, 68M committed, 1088M reserved
[148.469s][info][gc,ref      ] GC(135) Soft: 4947 encountered, 0 discovered, 0 enqueued
[148.469s][info][gc,ref      ] GC(135) Weak: 6494 encountered, 3088 discovered, 207 enqueued
[148.469s][info][gc,ref      ] GC(135) Final: 126 encountered, 0 discovered, 0 enqueued
[148.469s][info][gc,ref      ] GC(135) Phantom: 613 encountered, 462 discovered, 9 enqueued
[148.470s][info][gc,reloc    ] GC(135) Small Pages: 806 / 1612M, Empty: 1334M, Relocated: 5M, In-Place: 0
[148.470s][info][gc,reloc    ] GC(135) Medium Pages: 7 / 224M, Empty: 192M, Relocated: 0M, In-Place: 0
[148.470s][info][gc,reloc    ] GC(135) Large Pages: 34 / 220M, Empty: 220M, Relocated: 0M, In-Place: 0
[148.470s][info][gc,reloc    ] GC(135) Forwarding Usage: 3M
[148.470s][info][gc,heap     ] GC(135) Min Capacity: 8M(0%)
[148.470s][info][gc,heap     ] GC(135) Max Capacity: 4096M(100%)
[148.470s][info][gc,heap     ] GC(135) Soft Max Capacity: 4096M(100%)
[148.470s][info][gc,heap     ] GC(135)                Mark Start          Mark End        Relocate Start      Relocate End           High               Low         
[148.470s][info][gc,heap     ] GC(135)  Capacity:     3996M (98%)        3996M (98%)        3996M (98%)        3996M (98%)        3996M (98%)        3996M (98%)    
[148.470s][info][gc,heap     ] GC(135)      Free:     2040M (50%)        1940M (47%)        3686M (90%)        3780M (92%)        3780M (92%)        1940M (47%)    
[148.470s][info][gc,heap     ] GC(135)      Used:     2056M (50%)        2156M (53%)         410M (10%)         316M (8%)         2156M (53%)         316M (8%)     
[148.470s][info][gc,heap     ] GC(135)      Live:         -               170M (4%)          170M (4%)          170M (4%)             -                  -          
[148.470s][info][gc,heap     ] GC(135) Allocated:         -               100M (2%)          100M (2%)          101M (2%)             -                  -          
[148.470s][info][gc,heap     ] GC(135)   Garbage:         -              1885M (46%)         139M (3%)           43M (1%)             -                  -          
[148.470s][info][gc,heap     ] GC(135) Reclaimed:         -                  -              1746M (43%)        1841M (45%)            -                  -          
[148.470s][info][gc          ] GC(135) Garbage Collection (Allocation Rate) 2056M(50%)->316M(8%)
[148.501s][info][gc,heap,exit] Heap
[148.501s][info][gc,heap,exit]  ZHeap           used 316M, capacity 3996M, max capacity 4096M
[148.501s][info][gc,heap,exit]  Metaspace       used 68757K, committed 69696K, reserved 1114112K
[148.501s][info][gc,heap,exit]   class space    used 8532K, committed 8960K, reserved 1048576K
