[0.012s][info][gc,init] Initializing The Z Garbage Collector
[0.012s][info][gc,init] Version: 20+36-2344 (release)
[0.012s][info][gc,init] NUMA Support: Disabled
[0.012s][info][gc,init] CPUs: 48 total, 48 available
[0.013s][info][gc,init] Memory: 391843M
[0.013s][info][gc,init] Large Page Support: Disabled
[0.013s][info][gc,init] GC Workers: 10 (dynamic)
[0.014s][info][gc,init] Address Space Type: Contiguous/Unrestricted/Complete
[0.014s][info][gc,init] Address Space Size: 16384M x 3 = 49152M
[0.014s][info][gc,init] Min Capacity: 8M
[0.014s][info][gc,init] Initial Capacity: 1024M
[0.032s][info][gc,init] Max Capacity: 1024M
[0.032s][info][gc,init] Medium Page Size: 32M
[0.032s][info][gc,init] Pre-touch: Disabled
[0.032s][info][gc,init] Uncommit: Enabled
[0.032s][info][gc,init] Uncommit Delay: 300s
[0.082s][info][gc,init] Runtime Workers: 10
[0.084s][info][gc     ] Using The Z Garbage Collector
[0.085s][info][gc,metaspace] CDS archive(s) mapped at: [0x0000000800000000-0x0000000800c60000-0x0000000800c60000), size 12976128, SharedBaseAddress: 0x0000000800000000, ArchiveRelocationMode: 0.
[0.085s][info][gc,metaspace] Compressed class space mapped at: 0x0000000801000000-0x0000000841000000, reserved size: 1073741824
[0.085s][info][gc,metaspace] Narrow klass base: 0x0000000800000000, Narrow klass shift: 0, Narrow klass range: 0x100000000
[9.814s][info][gc,start    ] GC(0) Garbage Collection (Warmup)
[9.814s][info][gc,task     ] GC(0) Using 10 workers
[9.814s][info][gc,phases   ] GC(0) Pause Mark Start 0.017ms
[9.845s][info][gc,phases   ] GC(0) Concurrent Mark 30.640ms
[9.845s][info][gc,phases   ] GC(0) Pause Mark End 0.022ms
[9.846s][info][gc,phases   ] GC(0) Concurrent Mark Free 0.001ms
[9.847s][info][gc,phases   ] GC(0) Concurrent Process Non-Strong References 1.638ms
[9.847s][info][gc,phases   ] GC(0) Concurrent Reset Relocation Set 0.000ms
[9.856s][info][gc,phases   ] GC(0) Concurrent Select Relocation Set 8.279ms
[9.856s][info][gc,phases   ] GC(0) Pause Relocate Start 0.019ms
[9.859s][info][gc,phases   ] GC(0) Concurrent Relocate 3.172ms
[9.859s][info][gc,load     ] GC(0) Load: 0.00/0.00/0.00
[9.859s][info][gc,mmu      ] GC(0) MMU: 2ms/98.9%, 5ms/99.6%, 10ms/99.8%, 20ms/99.8%, 50ms/99.9%, 100ms/99.9%
[9.859s][info][gc,marking  ] GC(0) Mark: 8 stripe(s), 2 proactive flush(es), 1 terminate flush(es), 0 completion(s), 0 continuation(s) 
[9.859s][info][gc,marking  ] GC(0) Mark Stack Usage: 32M
[9.859s][info][gc,nmethod  ] GC(0) NMethods: 1812 registered, 273 unregistered
[9.859s][info][gc,metaspace] GC(0) Metaspace: 19M used, 20M committed, 1088M reserved
[9.859s][info][gc,ref      ] GC(0) Soft: 3483 encountered, 0 discovered, 0 enqueued
[9.859s][info][gc,ref      ] GC(0) Weak: 1466 encountered, 620 discovered, 436 enqueued
[9.859s][info][gc,ref      ] GC(0) Final: 1 encountered, 1 discovered, 0 enqueued
[9.859s][info][gc,ref      ] GC(0) Phantom: 908 encountered, 770 discovered, 324 enqueued
[9.859s][info][gc,reloc    ] GC(0) Small Pages: 38 / 76M, Empty: 0M, Relocated: 8M, In-Place: 0
[9.859s][info][gc,reloc    ] GC(0) Medium Pages: 1 / 32M, Empty: 0M, Relocated: 0M, In-Place: 0
[9.859s][info][gc,reloc    ] GC(0) Large Pages: 0 / 0M, Empty: 0M, Relocated: 0M, In-Place: 0
[9.859s][info][gc,reloc    ] GC(0) Forwarding Usage: 2M
[9.859s][info][gc,heap     ] GC(0) Min Capacity: 8M(1%)
[9.859s][info][gc,heap     ] GC(0) Max Capacity: 1024M(100%)
[9.859s][info][gc,heap     ] GC(0) Soft Max Capacity: 1024M(100%)
[9.859s][info][gc,heap     ] GC(0)                Mark Start          Mark End        Relocate Start      Relocate End           High               Low         
[9.859s][info][gc,heap     ] GC(0)  Capacity:     1024M (100%)       1024M (100%)       1024M (100%)       1024M (100%)       1024M (100%)       1024M (100%)   
[9.859s][info][gc,heap     ] GC(0)      Free:      916M (89%)         914M (89%)         914M (89%)         960M (94%)         960M (94%)         894M (87%)    
[9.859s][info][gc,heap     ] GC(0)      Used:      108M (11%)         110M (11%)         110M (11%)          64M (6%)          130M (13%)          64M (6%)     
[9.859s][info][gc,heap     ] GC(0)      Live:         -                19M (2%)           19M (2%)           19M (2%)             -                  -          
[9.859s][info][gc,heap     ] GC(0) Allocated:         -                 2M (0%)            2M (0%)            3M (0%)             -                  -          
[9.859s][info][gc,heap     ] GC(0)   Garbage:         -                88M (9%)           88M (9%)           41M (4%)             -                  -          
[9.859s][info][gc,heap     ] GC(0) Reclaimed:         -                  -                 0M (0%)           47M (5%)             -                  -          
[9.859s][info][gc          ] GC(0) Garbage Collection (Warmup) 108M(11%)->64M(6%)
[10.118s][info][gc,stats    ] === Garbage Collection Statistics =======================================================================================================================
[10.118s][info][gc,stats    ]                                                              Last 10s              Last 10m              Last 10h                Total
[10.118s][info][gc,stats    ]                                                              Avg / Max             Avg / Max             Avg / Max             Avg / Max
[10.118s][info][gc,stats    ]   Collector: Garbage Collection Cycle                     45.059 / 45.059       45.059 / 45.059       45.059 / 45.059       45.059 / 45.059      ms
[10.118s][info][gc,stats    ]  Contention: Mark Segment Reset Contention                     0 / 1                 0 / 1                 0 / 1                 0 / 1           ops/s
[10.118s][info][gc,stats    ]  Contention: Mark SeqNum Reset Contention                      0 / 0                 0 / 0                 0 / 0                 0 / 0           ops/s
[10.118s][info][gc,stats    ]    Critical: Allocation Stall                                  0 / 0                 0 / 0                 0 / 0                 0 / 0           ops/s
[10.118s][info][gc,stats    ]    Critical: Allocation Stall                              0.000 / 0.000         0.000 / 0.000         0.000 / 0.000         0.000 / 0.000       ms
[10.118s][info][gc,stats    ]    Critical: GC Locker Stall                                   0 / 0                 0 / 0                 0 / 0                 0 / 0           ops/s
[10.118s][info][gc,stats    ]    Critical: GC Locker Stall                               0.000 / 0.000         0.000 / 0.000         0.000 / 0.000         0.000 / 0.000       ms
[10.118s][info][gc,stats    ]    Critical: Relocation Stall                                  0 / 0                 0 / 0                 0 / 0                 0 / 0           ops/s
[10.118s][info][gc,stats    ]    Critical: Relocation Stall                              0.000 / 0.000         0.000 / 0.000         0.000 / 0.000         0.000 / 0.000       ms
[10.118s][info][gc,stats    ]      Memory: Allocation Rate                                  12 / 46               12 / 46               12 / 46               12 / 46          MB/s
[10.118s][info][gc,stats    ]      Memory: Defragment                                        0 / 0                 0 / 0                 0 / 0                 0 / 0           ops/s
[10.118s][info][gc,stats    ]      Memory: Out Of Memory                                     0 / 0                 0 / 0                 0 / 0                 0 / 0           ops/s
[10.118s][info][gc,stats    ]      Memory: Page Cache Flush                                  0 / 0                 0 / 0                 0 / 0                 0 / 0           MB/s
[10.119s][info][gc,stats    ]      Memory: Page Cache Hit L1                                 0 / 9                 0 / 9                 0 / 9                 0 / 9           ops/s
[10.119s][info][gc,stats    ]      Memory: Page Cache Hit L2                                 0 / 0                 0 / 0                 0 / 0                 0 / 0           ops/s
[10.119s][info][gc,stats    ]      Memory: Page Cache Hit L3                                 5 / 24                5 / 24                5 / 24                5 / 24          ops/s
[10.119s][info][gc,stats    ]      Memory: Page Cache Miss                                   0 / 1                 0 / 1                 0 / 1                 0 / 1           ops/s
[10.119s][info][gc,stats    ]      Memory: Uncommit                                          0 / 0                 0 / 0                 0 / 0                 0 / 0           MB/s
[10.119s][info][gc,stats    ]      Memory: Undo Object Allocation Failed                     0 / 0                 0 / 0                 0 / 0                 0 / 0           ops/s
[10.119s][info][gc,stats    ]      Memory: Undo Object Allocation Succeeded                  0 / 0                 0 / 0                 0 / 0                 0 / 0           ops/s
[10.119s][info][gc,stats    ]      Memory: Undo Page Allocation                              0 / 0                 0 / 0                 0 / 0                 0 / 0           ops/s
[10.119s][info][gc,stats    ]       Phase: Concurrent Mark                              30.640 / 30.640       30.640 / 30.640       30.640 / 30.640       30.640 / 30.640      ms
[10.119s][info][gc,stats    ]       Phase: Concurrent Mark Continue                      0.000 / 0.000         0.000 / 0.000         0.000 / 0.000         0.000 / 0.000       ms
[10.119s][info][gc,stats    ]       Phase: Concurrent Mark Free                          0.001 / 0.001         0.001 / 0.001         0.001 / 0.001         0.001 / 0.001       ms
[10.119s][info][gc,stats    ]       Phase: Concurrent Process Non-Strong References      1.638 / 1.638         1.638 / 1.638         1.638 / 1.638         1.638 / 1.638       ms
[10.119s][info][gc,stats    ]       Phase: Concurrent Relocate                           3.172 / 3.172         3.172 / 3.172         3.172 / 3.172         3.172 / 3.172       ms
[10.119s][info][gc,stats    ]       Phase: Concurrent Reset Relocation Set               0.000 / 0.000         0.000 / 0.000         0.000 / 0.000         0.000 / 0.000       ms
[10.119s][info][gc,stats    ]       Phase: Concurrent Select Relocation Set              8.279 / 8.279         8.279 / 8.279         8.279 / 8.279         8.279 / 8.279       ms
[10.119s][info][gc,stats    ]       Phase: Pause Mark End                                0.022 / 0.022         0.022 / 0.022         0.022 / 0.022         0.022 / 0.022       ms
[10.119s][info][gc,stats    ]       Phase: Pause Mark Start                              0.017 / 0.017         0.017 / 0.017         0.017 / 0.017         0.017 / 0.017       ms
[10.119s][info][gc,stats    ]       Phase: Pause Relocate Start                          0.019 / 0.019         0.019 / 0.019         0.019 / 0.019         0.019 / 0.019       ms
[10.119s][info][gc,stats    ]    Subphase: Concurrent Classes Purge                      0.538 / 0.538         0.538 / 0.538         0.538 / 0.538         0.538 / 0.538       ms
[10.119s][info][gc,stats    ]    Subphase: Concurrent Classes Unlink                     0.714 / 0.714         0.714 / 0.714         0.714 / 0.714         0.714 / 0.714       ms
[10.119s][info][gc,stats    ]    Subphase: Concurrent Mark                              25.665 / 27.441       25.665 / 27.441       25.665 / 27.441       25.665 / 27.441      ms
[10.119s][info][gc,stats    ]    Subphase: Concurrent Mark Try Flush                     0.029 / 0.047         0.029 / 0.047         0.029 / 0.047         0.029 / 0.047       ms
[10.119s][info][gc,stats    ]    Subphase: Concurrent Mark Try Terminate                 9.407 / 15.633        9.407 / 15.633        9.407 / 15.633        9.407 / 15.633      ms
[10.119s][info][gc,stats    ]    Subphase: Concurrent References Enqueue                 0.002 / 0.002         0.002 / 0.002         0.002 / 0.002         0.002 / 0.002       ms
[10.120s][info][gc,stats    ]    Subphase: Concurrent References Process                 0.139 / 0.139         0.139 / 0.139         0.139 / 0.139         0.139 / 0.139       ms
[10.120s][info][gc,stats    ]    Subphase: Concurrent Roots ClassLoaderDataGraph         0.155 / 0.736         0.155 / 0.736         0.155 / 0.736         0.155 / 0.736       ms
[10.120s][info][gc,stats    ]    Subphase: Concurrent Roots CodeCache                    0.000 / 0.000         0.000 / 0.000         0.000 / 0.000         0.000 / 0.000       ms
[10.120s][info][gc,stats    ]    Subphase: Concurrent Roots JavaThreads                  0.638 / 2.983         0.638 / 2.983         0.638 / 2.983         0.638 / 2.983       ms
[10.120s][info][gc,stats    ]    Subphase: Concurrent Roots OopStorageSet                0.148 / 0.343         0.148 / 0.343         0.148 / 0.343         0.148 / 0.343       ms
[10.120s][info][gc,stats    ]    Subphase: Concurrent Weak Roots OopStorageSet           0.101 / 0.107         0.101 / 0.107         0.101 / 0.107         0.101 / 0.107       ms
[10.120s][info][gc,stats    ]    Subphase: Pause Mark Try Complete                       0.000 / 0.000         0.000 / 0.000         0.000 / 0.000         0.000 / 0.000       ms
[10.120s][info][gc,stats    ]      System: Java Threads                                     18 / 18               18 / 18               18 / 18               18 / 18          threads
[10.120s][info][gc,stats    ] =========================================================================================================================================================
[10.761s][info][gc,start    ] GC(1) Garbage Collection (Metadata GC Threshold)
[10.761s][info][gc,task     ] GC(1) Using 10 workers
[10.761s][info][gc,phases   ] GC(1) Pause Mark Start 0.016ms
[10.793s][info][gc,phases   ] GC(1) Concurrent Mark 32.258ms
[10.794s][info][gc,phases   ] GC(1) Pause Mark End 0.049ms
[10.794s][info][gc,phases   ] GC(1) Concurrent Mark Free 0.001ms
[10.796s][info][gc,phases   ] GC(1) Concurrent Process Non-Strong References 2.035ms
[10.796s][info][gc,phases   ] GC(1) Concurrent Reset Relocation Set 0.005ms
[10.805s][info][gc,phases   ] GC(1) Concurrent Select Relocation Set 8.995ms
[10.805s][info][gc,phases   ] GC(1) Pause Relocate Start 0.011ms
[10.813s][info][gc,phases   ] GC(1) Concurrent Relocate 7.603ms
[10.813s][info][gc,load     ] GC(1) Load: 0.00/0.00/0.00
[10.813s][info][gc,mmu      ] GC(1) MMU: 2ms/97.5%, 5ms/99.0%, 10ms/99.5%, 20ms/99.7%, 50ms/99.8%, 100ms/99.9%
[10.813s][info][gc,marking  ] GC(1) Mark: 8 stripe(s), 3 proactive flush(es), 1 terminate flush(es), 1 completion(s), 0 continuation(s) 
[10.813s][info][gc,marking  ] GC(1) Mark Stack Usage: 32M
[10.813s][info][gc,nmethod  ] GC(1) NMethods: 2454 registered, 155 unregistered
[10.813s][info][gc,metaspace] GC(1) Metaspace: 33M used, 34M committed, 1088M reserved
[10.813s][info][gc,ref      ] GC(1) Soft: 3732 encountered, 0 discovered, 0 enqueued
[10.813s][info][gc,ref      ] GC(1) Weak: 2390 encountered, 506 discovered, 461 enqueued
[10.813s][info][gc,ref      ] GC(1) Final: 60 encountered, 0 discovered, 0 enqueued
[10.813s][info][gc,ref      ] GC(1) Phantom: 930 encountered, 773 discovered, 340 enqueued
[10.813s][info][gc,reloc    ] GC(1) Small Pages: 46 / 92M, Empty: 0M, Relocated: 15M, In-Place: 0
[10.813s][info][gc,reloc    ] GC(1) Medium Pages: 1 / 32M, Empty: 0M, Relocated: 0M, In-Place: 0
[10.813s][info][gc,reloc    ] GC(1) Large Pages: 0 / 0M, Empty: 0M, Relocated: 0M, In-Place: 0
[10.813s][info][gc,reloc    ] GC(1) Forwarding Usage: 5M
[10.813s][info][gc,heap     ] GC(1) Min Capacity: 8M(1%)
[10.813s][info][gc,heap     ] GC(1) Max Capacity: 1024M(100%)
[10.813s][info][gc,heap     ] GC(1) Soft Max Capacity: 1024M(100%)
[10.814s][info][gc,heap     ] GC(1)                Mark Start          Mark End        Relocate Start      Relocate End           High               Low         
[10.814s][info][gc,heap     ] GC(1)  Capacity:     1024M (100%)       1024M (100%)       1024M (100%)       1024M (100%)       1024M (100%)       1024M (100%)   
[10.814s][info][gc,heap     ] GC(1)      Free:      900M (88%)         898M (88%)         896M (88%)         956M (93%)         956M (93%)         878M (86%)    
[10.814s][info][gc,heap     ] GC(1)      Used:      124M (12%)         126M (12%)         128M (13%)          68M (7%)          146M (14%)          68M (7%)     
[10.814s][info][gc,heap     ] GC(1)      Live:         -                24M (2%)           24M (2%)           24M (2%)             -                  -          
[10.814s][info][gc,heap     ] GC(1) Allocated:         -                 2M (0%)            4M (0%)            3M (0%)             -                  -          
[10.814s][info][gc,heap     ] GC(1)   Garbage:         -                99M (10%)          99M (10%)          39M (4%)             -                  -          
[10.814s][info][gc,heap     ] GC(1) Reclaimed:         -                  -                 0M (0%)           59M (6%)             -                  -          
[10.814s][info][gc          ] GC(1) Garbage Collection (Metadata GC Threshold) 124M(12%)->68M(7%)
[11.413s][info][gc,start    ] GC(2) Garbage Collection (Warmup)
[11.413s][info][gc,task     ] GC(2) Using 10 workers
[11.413s][info][gc,phases   ] GC(2) Pause Mark Start 0.014ms
[11.647s][info][gc,phases   ] GC(2) Concurrent Mark 233.884ms
[11.647s][info][gc,phases   ] GC(2) Pause Mark End 0.024ms
[11.647s][info][gc,phases   ] GC(2) Concurrent Mark Free 0.001ms
[11.650s][info][gc,phases   ] GC(2) Concurrent Process Non-Strong References 2.220ms
[11.650s][info][gc,phases   ] GC(2) Concurrent Reset Relocation Set 0.006ms
[11.654s][info][gc,phases   ] GC(2) Concurrent Select Relocation Set 4.314ms
[11.654s][info][gc,phases   ] GC(2) Pause Relocate Start 0.012ms
[11.659s][info][gc,phases   ] GC(2) Concurrent Relocate 4.808ms
[11.659s][info][gc,load     ] GC(2) Load: 0.00/0.00/0.00
[11.659s][info][gc,mmu      ] GC(2) MMU: 2ms/97.5%, 5ms/99.0%, 10ms/99.5%, 20ms/99.7%, 50ms/99.8%, 100ms/99.9%
[11.659s][info][gc,marking  ] GC(2) Mark: 8 stripe(s), 10 proactive flush(es), 1 terminate flush(es), 0 completion(s), 0 continuation(s) 
[11.659s][info][gc,marking  ] GC(2) Mark Stack Usage: 32M
[11.659s][info][gc,nmethod  ] GC(2) NMethods: 2911 registered, 103 unregistered
[11.659s][info][gc,metaspace] GC(2) Metaspace: 41M used, 41M committed, 1088M reserved
[11.659s][info][gc,ref      ] GC(2) Soft: 3889 encountered, 0 discovered, 0 enqueued
[11.659s][info][gc,ref      ] GC(2) Weak: 2867 encountered, 607 discovered, 349 enqueued
[11.659s][info][gc,ref      ] GC(2) Final: 60 encountered, 0 discovered, 0 enqueued
[11.660s][info][gc,ref      ] GC(2) Phantom: 872 encountered, 849 discovered, 277 enqueued
[11.660s][info][gc,reloc    ] GC(2) Small Pages: 88 / 176M, Empty: 0M, Relocated: 6M, In-Place: 0
[11.660s][info][gc,reloc    ] GC(2) Medium Pages: 1 / 32M, Empty: 0M, Relocated: 0M, In-Place: 0
[11.660s][info][gc,reloc    ] GC(2) Large Pages: 0 / 0M, Empty: 0M, Relocated: 0M, In-Place: 0
[11.660s][info][gc,reloc    ] GC(2) Forwarding Usage: 2M
[11.660s][info][gc,heap     ] GC(2) Min Capacity: 8M(1%)
[11.660s][info][gc,heap     ] GC(2) Max Capacity: 1024M(100%)
[11.660s][info][gc,heap     ] GC(2) Soft Max Capacity: 1024M(100%)
[11.660s][info][gc,heap     ] GC(2)                Mark Start          Mark End        Relocate Start      Relocate End           High               Low         
[11.660s][info][gc,heap     ] GC(2)  Capacity:     1024M (100%)       1024M (100%)       1024M (100%)       1024M (100%)       1024M (100%)       1024M (100%)   
[11.660s][info][gc,heap     ] GC(2)      Free:      816M (80%)         674M (66%)         672M (66%)         708M (69%)         816M (80%)         654M (64%)    
[11.660s][info][gc,heap     ] GC(2)      Used:      208M (20%)         350M (34%)         352M (34%)         316M (31%)         370M (36%)         208M (20%)    
[11.660s][info][gc,heap     ] GC(2)      Live:         -               127M (12%)         127M (12%)         127M (12%)            -                  -          
[11.660s][info][gc,heap     ] GC(2) Allocated:         -               142M (14%)         144M (14%)         143M (14%)            -                  -          
[11.660s][info][gc,heap     ] GC(2)   Garbage:         -                80M (8%)           80M (8%)           44M (4%)             -                  -          
[11.660s][info][gc,heap     ] GC(2) Reclaimed:         -                  -                 0M (0%)           35M (4%)             -                  -          
[11.660s][info][gc          ] GC(2) Garbage Collection (Warmup) 208M(20%)->316M(31%)
[11.710s][info][gc,start    ] GC(3) Garbage Collection (Warmup)
[11.710s][info][gc,task     ] GC(3) Using 10 workers
[11.710s][info][gc,phases   ] GC(3) Pause Mark Start 0.013ms
[12.357s][info][gc,phases   ] GC(3) Concurrent Mark 647.010ms
[12.357s][info][gc,phases   ] GC(3) Pause Mark End 0.026ms
[12.357s][info][gc,phases   ] GC(3) Concurrent Mark Free 0.001ms
[12.359s][info][gc,phases   ] GC(3) Concurrent Process Non-Strong References 1.545ms
[12.359s][info][gc,phases   ] GC(3) Concurrent Reset Relocation Set 0.003ms
[12.361s][info][gc,phases   ] GC(3) Concurrent Select Relocation Set 2.244ms
[12.361s][info][gc,phases   ] GC(3) Pause Relocate Start 0.011ms
[12.366s][info][gc,phases   ] GC(3) Concurrent Relocate 4.953ms
[12.366s][info][gc,load     ] GC(3) Load: 0.00/0.00/0.00
[12.366s][info][gc,mmu      ] GC(3) MMU: 2ms/97.5%, 5ms/99.0%, 10ms/99.5%, 20ms/99.7%, 50ms/99.8%, 100ms/99.9%
[12.366s][info][gc,marking  ] GC(3) Mark: 8 stripe(s), 10 proactive flush(es), 1 terminate flush(es), 0 completion(s), 0 continuation(s) 
[12.366s][info][gc,marking  ] GC(3) Mark Stack Usage: 32M
[12.366s][info][gc,nmethod  ] GC(3) NMethods: 2903 registered, 111 unregistered
[12.366s][info][gc,metaspace] GC(3) Metaspace: 41M used, 41M committed, 1088M reserved
[12.366s][info][gc,ref      ] GC(3) Soft: 3889 encountered, 0 discovered, 0 enqueued
[12.366s][info][gc,ref      ] GC(3) Weak: 2525 encountered, 242 discovered, 3 enqueued
[12.366s][info][gc,ref      ] GC(3) Final: 60 encountered, 3 discovered, 0 enqueued
[12.366s][info][gc,ref      ] GC(3) Phantom: 597 encountered, 569 discovered, 2 enqueued
[12.366s][info][gc,reloc    ] GC(3) Small Pages: 161 / 322M, Empty: 0M, Relocated: 6M, In-Place: 0
[12.366s][info][gc,reloc    ] GC(3) Medium Pages: 1 / 32M, Empty: 0M, Relocated: 0M, In-Place: 0
[12.366s][info][gc,reloc    ] GC(3) Large Pages: 0 / 0M, Empty: 0M, Relocated: 0M, In-Place: 0
[12.366s][info][gc,reloc    ] GC(3) Forwarding Usage: 2M
[12.366s][info][gc,heap     ] GC(3) Min Capacity: 8M(1%)
[12.366s][info][gc,heap     ] GC(3) Max Capacity: 1024M(100%)
[12.366s][info][gc,heap     ] GC(3) Soft Max Capacity: 1024M(100%)
[12.366s][info][gc,heap     ] GC(3)                Mark Start          Mark End        Relocate Start      Relocate End           High               Low         
[12.366s][info][gc,heap     ] GC(3)  Capacity:     1024M (100%)       1024M (100%)       1024M (100%)       1024M (100%)       1024M (100%)       1024M (100%)   
[12.366s][info][gc,heap     ] GC(3)      Free:      670M (65%)         280M (27%)         278M (27%)         278M (27%)         670M (65%)         258M (25%)    
[12.366s][info][gc,heap     ] GC(3)      Used:      354M (35%)         744M (73%)         746M (73%)         746M (73%)         766M (75%)         354M (35%)    
[12.366s][info][gc,heap     ] GC(3)      Live:         -               305M (30%)         305M (30%)         305M (30%)            -                  -          
[12.366s][info][gc,heap     ] GC(3) Allocated:         -               390M (38%)         392M (38%)         392M (38%)            -                  -          
[12.366s][info][gc,heap     ] GC(3)   Garbage:         -                48M (5%)           48M (5%)           48M (5%)             -                  -          
[12.366s][info][gc,heap     ] GC(3) Reclaimed:         -                  -                 0M (0%)            0M (0%)             -                  -          
[12.366s][info][gc          ] GC(3) Garbage Collection (Warmup) 354M(35%)->746M(73%)
[12.404s][info][gc,start    ] GC(4) Garbage Collection (Allocation Rate)
[12.404s][info][gc,task     ] GC(4) Using 10 workers
[12.404s][info][gc,phases   ] GC(4) Pause Mark Start 0.013ms
[13.940s][info][gc,phases   ] GC(4) Concurrent Mark 1535.632ms
[13.940s][info][gc,phases   ] GC(4) Pause Mark End 0.025ms
[13.940s][info][gc,phases   ] GC(4) Concurrent Mark Free 0.001ms
[13.942s][info][gc,phases   ] GC(4) Concurrent Process Non-Strong References 1.579ms
[13.942s][info][gc,phases   ] GC(4) Concurrent Reset Relocation Set 0.001ms
[13.944s][info][gc,phases   ] GC(4) Concurrent Select Relocation Set 2.428ms
[13.944s][info][gc,phases   ] GC(4) Pause Relocate Start 0.010ms
[13.950s][info][gc,phases   ] GC(4) Concurrent Relocate 5.593ms
[13.950s][info][gc,load     ] GC(4) Load: 0.00/0.00/0.00
[13.950s][info][gc,mmu      ] GC(4) MMU: 2ms/97.5%, 5ms/99.0%, 10ms/99.5%, 20ms/99.7%, 50ms/99.8%, 100ms/99.9%
[13.950s][info][gc,marking  ] GC(4) Mark: 8 stripe(s), 10 proactive flush(es), 2 terminate flush(es), 0 completion(s), 0 continuation(s) 
[13.950s][info][gc,marking  ] GC(4) Mark Stack Usage: 32M
[13.950s][info][gc,nmethod  ] GC(4) NMethods: 2968 registered, 111 unregistered
[13.950s][info][gc,metaspace] GC(4) Metaspace: 41M used, 41M committed, 1088M reserved
[13.950s][info][gc,ref      ] GC(4) Soft: 3889 encountered, 0 discovered, 0 enqueued
[13.950s][info][gc,ref      ] GC(4) Weak: 2522 encountered, 144 discovered, 0 enqueued
[13.950s][info][gc,ref      ] GC(4) Final: 60 encountered, 0 discovered, 0 enqueued
[13.950s][info][gc,ref      ] GC(4) Phantom: 595 encountered, 378 discovered, 0 enqueued
[13.950s][info][gc,reloc    ] GC(4) Small Pages: 367 / 734M, Empty: 0M, Relocated: 5M, In-Place: 0
[13.950s][info][gc,reloc    ] GC(4) Medium Pages: 1 / 32M, Empty: 0M, Relocated: 0M, In-Place: 0
[13.950s][info][gc,reloc    ] GC(4) Large Pages: 0 / 0M, Empty: 0M, Relocated: 0M, In-Place: 0
[13.950s][info][gc,reloc    ] GC(4) Forwarding Usage: 2M
[13.950s][info][gc,heap     ] GC(4) Min Capacity: 8M(1%)
[13.950s][info][gc,heap     ] GC(4) Max Capacity: 1024M(100%)
[13.950s][info][gc,heap     ] GC(4) Soft Max Capacity: 1024M(100%)
[13.950s][info][gc,heap     ] GC(4)                Mark Start          Mark End        Relocate Start      Relocate End           High               Low         
[13.950s][info][gc,heap     ] GC(4)  Capacity:     1024M (100%)       1024M (100%)       1024M (100%)       1024M (100%)       1024M (100%)       1024M (100%)   
[13.950s][info][gc,heap     ] GC(4)      Free:      258M (25%)         242M (24%)         242M (24%)         242M (24%)         258M (25%)         224M (22%)    
[13.950s][info][gc,heap     ] GC(4)      Used:      766M (75%)         782M (76%)         782M (76%)         782M (76%)         800M (78%)         766M (75%)    
[13.950s][info][gc,heap     ] GC(4)      Live:         -               709M (69%)         709M (69%)         709M (69%)            -                  -          
[13.950s][info][gc,heap     ] GC(4) Allocated:         -                16M (2%)           16M (2%)           16M (2%)             -                  -          
[13.950s][info][gc,heap     ] GC(4)   Garbage:         -                56M (5%)           56M (5%)           56M (5%)             -                  -          
[13.950s][info][gc,heap     ] GC(4) Reclaimed:         -                  -                 0M (0%)            0M (0%)             -                  -          
[13.950s][info][gc          ] GC(4) Garbage Collection (Allocation Rate) 766M(75%)->782M(76%)
[14.018s][info][gc,start    ] GC(5) Garbage Collection (Allocation Rate)
[14.018s][info][gc,task     ] GC(5) Using 10 workers
[14.034s][info][gc,phases   ] GC(5) Pause Mark Start 0.015ms
[14.065s][info][gc,phases   ] GC(5) Concurrent Mark 31.106ms
[14.065s][info][gc,phases   ] GC(5) Pause Mark End 0.057ms
[14.065s][info][gc,phases   ] GC(5) Concurrent Mark Free 0.001ms
[14.067s][info][gc,phases   ] GC(5) Concurrent Process Non-Strong References 1.841ms
[14.067s][info][gc,phases   ] GC(5) Concurrent Reset Relocation Set 0.002ms
[14.071s][info][gc,phases   ] GC(5) Concurrent Select Relocation Set 3.858ms
[14.071s][info][gc,phases   ] GC(5) Pause Relocate Start 0.010ms
[14.073s][info][gc,phases   ] GC(5) Concurrent Relocate 1.969ms
[14.073s][info][gc,load     ] GC(5) Load: 0.00/0.00/0.00
[14.073s][info][gc,mmu      ] GC(5) MMU: 2ms/97.2%, 5ms/98.9%, 10ms/99.3%, 20ms/99.7%, 50ms/99.8%, 100ms/99.9%
[14.073s][info][gc,marking  ] GC(5) Mark: 8 stripe(s), 4 proactive flush(es), 1 terminate flush(es), 1 completion(s), 0 continuation(s) 
[14.073s][info][gc,marking  ] GC(5) Mark Stack Usage: 32M
[14.073s][info][gc,nmethod  ] GC(5) NMethods: 2969 registered, 150 unregistered
[14.073s][info][gc,metaspace] GC(5) Metaspace: 42M used, 43M committed, 1088M reserved
[14.073s][info][gc,ref      ] GC(5) Soft: 3892 encountered, 0 discovered, 0 enqueued
[14.073s][info][gc,ref      ] GC(5) Weak: 2611 encountered, 152 discovered, 42 enqueued
[14.073s][info][gc,ref      ] GC(5) Final: 60 encountered, 0 discovered, 0 enqueued
[14.073s][info][gc,ref      ] GC(5) Phantom: 628 encountered, 546 discovered, 33 enqueued
[14.073s][info][gc,reloc    ] GC(5) Small Pages: 377 / 754M, Empty: 688M, Relocated: 3M, In-Place: 0
[14.074s][info][gc,reloc    ] GC(5) Medium Pages: 1 / 32M, Empty: 0M, Relocated: 0M, In-Place: 0
[14.074s][info][gc,reloc    ] GC(5) Large Pages: 0 / 0M, Empty: 0M, Relocated: 0M, In-Place: 0
[14.074s][info][gc,reloc    ] GC(5) Forwarding Usage: 1M
[14.074s][info][gc,heap     ] GC(5) Min Capacity: 8M(1%)
[14.074s][info][gc,heap     ] GC(5) Max Capacity: 1024M(100%)
[14.074s][info][gc,heap     ] GC(5) Soft Max Capacity: 1024M(100%)
[14.074s][info][gc,heap     ] GC(5)                Mark Start          Mark End        Relocate Start      Relocate End           High               Low         
[14.074s][info][gc,heap     ] GC(5)  Capacity:     1024M (100%)       1024M (100%)       1024M (100%)       1024M (100%)       1024M (100%)       1024M (100%)   
[14.074s][info][gc,heap     ] GC(5)      Free:      238M (23%)         236M (23%)         924M (90%)         944M (92%)         944M (92%)         236M (23%)    
[14.074s][info][gc,heap     ] GC(5)      Used:      786M (77%)         788M (77%)         100M (10%)          80M (8%)          788M (77%)          80M (8%)     
[14.074s][info][gc,heap     ] GC(5)      Live:         -                27M (3%)           27M (3%)           27M (3%)             -                  -          
[14.074s][info][gc,heap     ] GC(5) Allocated:         -                 2M (0%)            2M (0%)            3M (0%)             -                  -          
[14.074s][info][gc,heap     ] GC(5)   Garbage:         -               758M (74%)          70M (7%)           48M (5%)             -                  -          
[14.074s][info][gc,heap     ] GC(5) Reclaimed:         -                  -               688M (67%)         709M (69%)            -                  -          
[14.074s][info][gc          ] GC(5) Garbage Collection (Allocation Rate) 786M(77%)->80M(8%)
[14.112s][info][gc,start    ] GC(6) Garbage Collection (Allocation Rate)
[14.112s][info][gc,task     ] GC(6) Using 10 workers
[14.125s][info][gc,phases   ] GC(6) Pause Mark Start 0.010ms
[14.143s][info][gc,phases   ] GC(6) Concurrent Mark 17.988ms
[14.143s][info][gc,phases   ] GC(6) Pause Mark End 0.059ms
[14.143s][info][gc,phases   ] GC(6) Concurrent Mark Free 0.001ms
[14.145s][info][gc,phases   ] GC(6) Concurrent Process Non-Strong References 1.779ms
[14.145s][info][gc,phases   ] GC(6) Concurrent Reset Relocation Set 0.003ms
[14.149s][info][gc,phases   ] GC(6) Concurrent Select Relocation Set 3.857ms
[14.149s][info][gc,phases   ] GC(6) Pause Relocate Start 0.008ms
[14.151s][info][gc,phases   ] GC(6) Concurrent Relocate 1.985ms
[14.151s][info][gc,load     ] GC(6) Load: 0.00/0.00/0.00
[14.151s][info][gc,mmu      ] GC(6) MMU: 2ms/97.1%, 5ms/98.8%, 10ms/99.3%, 20ms/99.7%, 50ms/99.8%, 100ms/99.9%
[14.151s][info][gc,marking  ] GC(6) Mark: 8 stripe(s), 2 proactive flush(es), 1 terminate flush(es), 1 completion(s), 0 continuation(s) 
[14.151s][info][gc,marking  ] GC(6) Mark Stack Usage: 32M
[14.151s][info][gc,nmethod  ] GC(6) NMethods: 2977 registered, 176 unregistered
[14.151s][info][gc,metaspace] GC(6) Metaspace: 43M used, 43M committed, 1088M reserved
[14.151s][info][gc,ref      ] GC(6) Soft: 3908 encountered, 0 discovered, 0 enqueued
[14.151s][info][gc,ref      ] GC(6) Weak: 2731 encountered, 194 discovered, 69 enqueued
[14.151s][info][gc,ref      ] GC(6) Final: 60 encountered, 0 discovered, 0 enqueued
[14.151s][info][gc,ref      ] GC(6) Phantom: 653 encountered, 482 discovered, 58 enqueued
[14.151s][info][gc,reloc    ] GC(6) Small Pages: 25 / 50M, Empty: 0M, Relocated: 3M, In-Place: 0
[14.151s][info][gc,reloc    ] GC(6) Medium Pages: 1 / 32M, Empty: 0M, Relocated: 0M, In-Place: 0
[14.151s][info][gc,reloc    ] GC(6) Large Pages: 0 / 0M, Empty: 0M, Relocated: 0M, In-Place: 0
[14.151s][info][gc,reloc    ] GC(6) Forwarding Usage: 1M
[14.151s][info][gc,heap     ] GC(6) Min Capacity: 8M(1%)
[14.152s][info][gc,heap     ] GC(6) Max Capacity: 1024M(100%)
[14.152s][info][gc,heap     ] GC(6) Soft Max Capacity: 1024M(100%)
[14.152s][info][gc,heap     ] GC(6)                Mark Start          Mark End        Relocate Start      Relocate End           High               Low         
[14.152s][info][gc,heap     ] GC(6)  Capacity:     1024M (100%)       1024M (100%)       1024M (100%)       1024M (100%)       1024M (100%)       1024M (100%)   
[14.152s][info][gc,heap     ] GC(6)      Free:      942M (92%)         940M (92%)         940M (92%)         946M (92%)         946M (92%)         920M (90%)    
[14.152s][info][gc,heap     ] GC(6)      Used:       82M (8%)           84M (8%)           84M (8%)           78M (8%)          104M (10%)          78M (8%)     
[14.152s][info][gc,heap     ] GC(6)      Live:         -                27M (3%)           27M (3%)           27M (3%)             -                  -          
[14.152s][info][gc,heap     ] GC(6) Allocated:         -                 2M (0%)            2M (0%)            1M (0%)             -                  -          
[14.152s][info][gc,heap     ] GC(6)   Garbage:         -                54M (5%)           54M (5%)           48M (5%)             -                  -          
[14.152s][info][gc,heap     ] GC(6) Reclaimed:         -                  -                 0M (0%)            5M (1%)             -                  -          
[14.152s][info][gc          ] GC(6) Garbage Collection (Allocation Rate) 82M(8%)->78M(8%)
[14.608s][info][gc,start    ] GC(7) Garbage Collection (System.gc())
[14.608s][info][gc,task     ] GC(7) Using 10 workers
[14.608s][info][gc,phases   ] GC(7) Pause Mark Start 0.015ms
[14.634s][info][gc,phases   ] GC(7) Concurrent Mark 26.101ms
[14.634s][info][gc,phases   ] GC(7) Pause Mark End 0.025ms
[14.634s][info][gc,phases   ] GC(7) Concurrent Mark Free 0.001ms
[14.636s][info][gc,phases   ] GC(7) Concurrent Process Non-Strong References 2.042ms
[14.636s][info][gc,phases   ] GC(7) Concurrent Reset Relocation Set 0.002ms
[14.642s][info][gc,phases   ] GC(7) Concurrent Select Relocation Set 5.669ms
[14.642s][info][gc,phases   ] GC(7) Pause Relocate Start 0.009ms
[14.646s][info][gc,phases   ] GC(7) Concurrent Relocate 4.010ms
[14.646s][info][gc,load     ] GC(7) Load: 0.00/0.00/0.00
[14.646s][info][gc,mmu      ] GC(7) MMU: 2ms/97.1%, 5ms/98.8%, 10ms/99.3%, 20ms/99.7%, 50ms/99.8%, 100ms/99.9%
[14.646s][info][gc,marking  ] GC(7) Mark: 8 stripe(s), 3 proactive flush(es), 1 terminate flush(es), 0 completion(s), 0 continuation(s) 
[14.647s][info][gc,marking  ] GC(7) Mark Stack Usage: 32M
[14.647s][info][gc,nmethod  ] GC(7) NMethods: 3373 registered, 262 unregistered
[14.647s][info][gc,metaspace] GC(7) Metaspace: 48M used, 49M committed, 1088M reserved
[14.647s][info][gc,ref      ] GC(7) Soft: 4192 encountered, 0 discovered, 0 enqueued
[14.647s][info][gc,ref      ] GC(7) Weak: 3648 encountered, 428 discovered, 306 enqueued
[14.647s][info][gc,ref      ] GC(7) Final: 60 encountered, 2 discovered, 0 enqueued
[14.647s][info][gc,ref      ] GC(7) Phantom: 762 encountered, 744 discovered, 165 enqueued
[14.647s][info][gc,reloc    ] GC(7) Small Pages: 41 / 82M, Empty: 0M, Relocated: 6M, In-Place: 0
[14.647s][info][gc,reloc    ] GC(7) Medium Pages: 2 / 64M, Empty: 32M, Relocated: 0M, In-Place: 0
[14.647s][info][gc,reloc    ] GC(7) Large Pages: 1 / 6M, Empty: 6M, Relocated: 0M, In-Place: 0
[14.647s][info][gc,reloc    ] GC(7) Forwarding Usage: 2M
[14.647s][info][gc,heap     ] GC(7) Min Capacity: 8M(1%)
[14.647s][info][gc,heap     ] GC(7) Max Capacity: 1024M(100%)
[14.647s][info][gc,heap     ] GC(7) Soft Max Capacity: 1024M(100%)
[14.647s][info][gc,heap     ] GC(7)                Mark Start          Mark End        Relocate Start      Relocate End           High               Low         
[14.647s][info][gc,heap     ] GC(7)  Capacity:     1024M (100%)       1024M (100%)       1024M (100%)       1024M (100%)       1024M (100%)       1024M (100%)   
[14.647s][info][gc,heap     ] GC(7)      Free:      872M (85%)         872M (85%)         908M (89%)         948M (93%)         948M (93%)         870M (85%)    
[14.647s][info][gc,heap     ] GC(7)      Used:      152M (15%)         152M (15%)         116M (11%)          76M (7%)          154M (15%)          76M (7%)     
[14.647s][info][gc,heap     ] GC(7)      Live:         -                29M (3%)           29M (3%)           29M (3%)             -                  -          
[14.647s][info][gc,heap     ] GC(7) Allocated:         -                 0M (0%)            2M (0%)            2M (0%)             -                  -          
[14.647s][info][gc,heap     ] GC(7)   Garbage:         -               122M (12%)          84M (8%)           44M (4%)             -                  -          
[14.647s][info][gc,heap     ] GC(7) Reclaimed:         -                  -                38M (4%)           78M (8%)             -                  -          
[14.647s][info][gc          ] GC(7) Garbage Collection (System.gc()) 152M(15%)->76M(7%)
[15.617s][info][gc,start    ] GC(8) Garbage Collection (Allocation Rate)
[15.617s][info][gc,task     ] GC(8) Using 10 workers
[15.617s][info][gc,phases   ] GC(8) Pause Mark Start 0.012ms
[15.648s][info][gc,phases   ] GC(8) Concurrent Mark 30.895ms
[15.648s][info][gc,phases   ] GC(8) Pause Mark End 0.058ms
[15.648s][info][gc,phases   ] GC(8) Concurrent Mark Free 0.001ms
[15.665s][info][gc,phases   ] GC(8) Concurrent Process Non-Strong References 16.419ms
[15.665s][info][gc,phases   ] GC(8) Concurrent Reset Relocation Set 0.006ms
[15.674s][info][gc,phases   ] GC(8) Concurrent Select Relocation Set 8.790ms
[15.674s][info][gc,phases   ] GC(8) Pause Relocate Start 0.009ms
[15.679s][info][gc,phases   ] GC(8) Concurrent Relocate 4.870ms
[15.679s][info][gc,load     ] GC(8) Load: 0.00/0.00/0.00
[15.679s][info][gc,mmu      ] GC(8) MMU: 2ms/97.1%, 5ms/98.8%, 10ms/99.3%, 20ms/99.7%, 50ms/99.8%, 100ms/99.9%
[15.679s][info][gc,marking  ] GC(8) Mark: 8 stripe(s), 2 proactive flush(es), 1 terminate flush(es), 1 completion(s), 0 continuation(s) 
[15.679s][info][gc,marking  ] GC(8) Mark Stack Usage: 32M
[15.679s][info][gc,nmethod  ] GC(8) NMethods: 4393 registered, 496 unregistered
[15.679s][info][gc,metaspace] GC(8) Metaspace: 57M used, 58M committed, 1088M reserved
[15.679s][info][gc,ref      ] GC(8) Soft: 4615 encountered, 0 discovered, 0 enqueued
[15.679s][info][gc,ref      ] GC(8) Weak: 5624 encountered, 1257 discovered, 780 enqueued
[15.679s][info][gc,ref      ] GC(8) Final: 60 encountered, 1 discovered, 0 enqueued
[15.679s][info][gc,ref      ] GC(8) Phantom: 1187 encountered, 1111 discovered, 561 enqueued
[15.679s][info][gc,reloc    ] GC(8) Small Pages: 199 / 398M, Empty: 240M, Relocated: 13M, In-Place: 0
[15.679s][info][gc,reloc    ] GC(8) Medium Pages: 2 / 64M, Empty: 32M, Relocated: 0M, In-Place: 0
[15.679s][info][gc,reloc    ] GC(8) Large Pages: 1 / 6M, Empty: 6M, Relocated: 0M, In-Place: 0
[15.679s][info][gc,reloc    ] GC(8) Forwarding Usage: 4M
[15.679s][info][gc,heap     ] GC(8) Min Capacity: 8M(1%)
[15.679s][info][gc,heap     ] GC(8) Max Capacity: 1024M(100%)
[15.679s][info][gc,heap     ] GC(8) Soft Max Capacity: 1024M(100%)
[15.679s][info][gc,heap     ] GC(8)                Mark Start          Mark End        Relocate Start      Relocate End           High               Low         
[15.679s][info][gc,heap     ] GC(8)  Capacity:     1024M (100%)       1024M (100%)       1024M (100%)       1024M (100%)       1024M (100%)       1024M (100%)   
[15.679s][info][gc,heap     ] GC(8)      Free:      556M (54%)         440M (43%)         612M (60%)         714M (70%)         714M (70%)         372M (36%)    
[15.679s][info][gc,heap     ] GC(8)      Used:      468M (46%)         584M (57%)         412M (40%)         310M (30%)         652M (64%)         310M (30%)    
[15.679s][info][gc,heap     ] GC(8)      Live:         -                36M (4%)           36M (4%)           36M (4%)             -                  -          
[15.679s][info][gc,heap     ] GC(8) Allocated:         -               116M (11%)         222M (22%)         231M (23%)            -                  -          
[15.679s][info][gc,heap     ] GC(8)   Garbage:         -               431M (42%)         153M (15%)          42M (4%)             -                  -          
[15.679s][info][gc,heap     ] GC(8) Reclaimed:         -                  -               278M (27%)         389M (38%)            -                  -          
[15.679s][info][gc          ] GC(8) Garbage Collection (Allocation Rate) 468M(46%)->310M(30%)
[15.711s][info][gc,start    ] GC(9) Garbage Collection (Allocation Rate)
[15.711s][info][gc,task     ] GC(9) Using 10 workers
[15.711s][info][gc,phases   ] GC(9) Pause Mark Start 0.008ms
[15.742s][info][gc,phases   ] GC(9) Concurrent Mark 30.992ms
[15.742s][info][gc,phases   ] GC(9) Pause Mark End 0.015ms
[15.742s][info][gc,phases   ] GC(9) Concurrent Mark Free 0.001ms
[15.744s][info][gc,phases   ] GC(9) Concurrent Process Non-Strong References 2.270ms
[15.744s][info][gc,phases   ] GC(9) Concurrent Reset Relocation Set 0.009ms
[15.748s][info][gc,phases   ] GC(9) Concurrent Select Relocation Set 3.882ms
[15.748s][info][gc,phases   ] GC(9) Pause Relocate Start 0.006ms
[15.752s][info][gc,phases   ] GC(9) Concurrent Relocate 3.536ms
[15.752s][info][gc,load     ] GC(9) Load: 0.00/0.00/0.00
[15.752s][info][gc,mmu      ] GC(9) MMU: 2ms/97.1%, 5ms/98.8%, 10ms/99.3%, 20ms/99.7%, 50ms/99.8%, 100ms/99.9%
[15.752s][info][gc,marking  ] GC(9) Mark: 8 stripe(s), 4 proactive flush(es), 1 terminate flush(es), 0 completion(s), 0 continuation(s) 
[15.752s][info][gc,marking  ] GC(9) Mark Stack Usage: 32M
[15.752s][info][gc,nmethod  ] GC(9) NMethods: 4391 registered, 502 unregistered
[15.752s][info][gc,metaspace] GC(9) Metaspace: 57M used, 58M committed, 1088M reserved
[15.752s][info][gc,ref      ] GC(9) Soft: 4615 encountered, 0 discovered, 0 enqueued
[15.752s][info][gc,ref      ] GC(9) Weak: 4844 encountered, 794 discovered, 0 enqueued
[15.752s][info][gc,ref      ] GC(9) Final: 60 encountered, 1 discovered, 0 enqueued
[15.752s][info][gc,ref      ] GC(9) Phantom: 626 encountered, 546 discovered, 0 enqueued
[15.752s][info][gc,reloc    ] GC(9) Small Pages: 174 / 348M, Empty: 282M, Relocated: 8M, In-Place: 0
[15.752s][info][gc,reloc    ] GC(9) Medium Pages: 1 / 32M, Empty: 0M, Relocated: 0M, In-Place: 0
[15.752s][info][gc,reloc    ] GC(9) Large Pages: 0 / 0M, Empty: 0M, Relocated: 0M, In-Place: 0
[15.752s][info][gc,reloc    ] GC(9) Forwarding Usage: 2M
[15.752s][info][gc,heap     ] GC(9) Min Capacity: 8M(1%)
[15.752s][info][gc,heap     ] GC(9) Max Capacity: 1024M(100%)
[15.752s][info][gc,heap     ] GC(9) Soft Max Capacity: 1024M(100%)
[15.752s][info][gc,heap     ] GC(9)                Mark Start          Mark End        Relocate Start      Relocate End           High               Low         
[15.752s][info][gc,heap     ] GC(9)  Capacity:     1024M (100%)       1024M (100%)       1024M (100%)       1024M (100%)       1024M (100%)       1024M (100%)   
[15.752s][info][gc,heap     ] GC(9)      Free:      644M (63%)         570M (56%)         836M (82%)         842M (82%)         842M (82%)         564M (55%)    
[15.752s][info][gc,heap     ] GC(9)      Used:      380M (37%)         454M (44%)         188M (18%)         182M (18%)         460M (45%)         182M (18%)    
[15.752s][info][gc,heap     ] GC(9)      Live:         -                36M (4%)           36M (4%)           36M (4%)             -                  -          
[15.752s][info][gc,heap     ] GC(9) Allocated:         -                74M (7%)           90M (9%)          101M (10%)            -                  -          
[15.752s][info][gc,heap     ] GC(9)   Garbage:         -               343M (34%)          61M (6%)           43M (4%)             -                  -          
[15.752s][info][gc,heap     ] GC(9) Reclaimed:         -                  -               282M (28%)         299M (29%)            -                  -          
[15.752s][info][gc          ] GC(9) Garbage Collection (Allocation Rate) 380M(37%)->182M(18%)
[15.804s][info][gc,start    ] GC(10) Garbage Collection (Allocation Rate)
[15.804s][info][gc,task     ] GC(10) Using 10 workers
[15.804s][info][gc,phases   ] GC(10) Pause Mark Start 0.016ms
[15.836s][info][gc,phases   ] GC(10) Concurrent Mark 30.960ms
[15.836s][info][gc,phases   ] GC(10) Pause Mark End 0.016ms
[15.836s][info][gc,phases   ] GC(10) Concurrent Mark Free 0.001ms
[15.838s][info][gc,phases   ] GC(10) Concurrent Process Non-Strong References 2.188ms
[15.838s][info][gc,phases   ] GC(10) Concurrent Reset Relocation Set 0.002ms
[15.841s][info][gc,phases   ] GC(10) Concurrent Select Relocation Set 2.710ms
[15.841s][info][gc,phases   ] GC(10) Pause Relocate Start 0.006ms
[15.844s][info][gc,phases   ] GC(10) Concurrent Relocate 2.825ms
[15.844s][info][gc,load     ] GC(10) Load: 0.00/0.00/0.00
[15.844s][info][gc,mmu      ] GC(10) MMU: 2ms/97.1%, 5ms/98.8%, 10ms/99.3%, 20ms/99.7%, 50ms/99.8%, 100ms/99.9%
[15.844s][info][gc,marking  ] GC(10) Mark: 8 stripe(s), 3 proactive flush(es), 1 terminate flush(es), 0 completion(s), 0 continuation(s) 
[15.844s][info][gc,marking  ] GC(10) Mark Stack Usage: 32M
[15.844s][info][gc,nmethod  ] GC(10) NMethods: 4425 registered, 506 unregistered
[15.844s][info][gc,metaspace] GC(10) Metaspace: 57M used, 58M committed, 1088M reserved
[15.844s][info][gc,ref      ] GC(10) Soft: 4615 encountered, 0 discovered, 0 enqueued
[15.844s][info][gc,ref      ] GC(10) Weak: 4844 encountered, 2383 discovered, 0 enqueued
[15.844s][info][gc,ref      ] GC(10) Final: 60 encountered, 0 discovered, 0 enqueued
[15.844s][info][gc,ref      ] GC(10) Phantom: 626 encountered, 617 discovered, 0 enqueued
[15.844s][info][gc,reloc    ] GC(10) Small Pages: 151 / 302M, Empty: 240M, Relocated: 6M, In-Place: 0
[15.844s][info][gc,reloc    ] GC(10) Medium Pages: 1 / 32M, Empty: 0M, Relocated: 0M, In-Place: 0
[15.844s][info][gc,reloc    ] GC(10) Large Pages: 0 / 0M, Empty: 0M, Relocated: 0M, In-Place: 0
[15.844s][info][gc,reloc    ] GC(10) Forwarding Usage: 2M
[15.844s][info][gc,heap     ] GC(10) Min Capacity: 8M(1%)
[15.844s][info][gc,heap     ] GC(10) Max Capacity: 1024M(100%)
[15.844s][info][gc,heap     ] GC(10) Soft Max Capacity: 1024M(100%)
[15.844s][info][gc,heap     ] GC(10)                Mark Start          Mark End        Relocate Start      Relocate End           High               Low         
[15.844s][info][gc,heap     ] GC(10)  Capacity:     1024M (100%)       1024M (100%)       1024M (100%)       1024M (100%)       1024M (100%)       1024M (100%)   
[15.844s][info][gc,heap     ] GC(10)      Free:      690M (67%)         596M (58%)         818M (80%)         822M (80%)         822M (80%)         588M (57%)    
[15.844s][info][gc,heap     ] GC(10)      Used:      334M (33%)         428M (42%)         206M (20%)         202M (20%)         436M (43%)         202M (20%)    
[15.844s][info][gc,heap     ] GC(10)      Live:         -                36M (4%)           36M (4%)           36M (4%)             -                  -          
[15.844s][info][gc,heap     ] GC(10) Allocated:         -                94M (9%)          112M (11%)         119M (12%)            -                  -          
[15.845s][info][gc,heap     ] GC(10)   Garbage:         -               297M (29%)          57M (6%)           45M (4%)             -                  -          
[15.845s][info][gc,heap     ] GC(10) Reclaimed:         -                  -               240M (23%)         251M (25%)            -                  -          
[15.845s][info][gc          ] GC(10) Garbage Collection (Allocation Rate) 334M(33%)->202M(20%)
[15.914s][info][gc,start    ] GC(11) Garbage Collection (Allocation Rate)
[15.914s][info][gc,task     ] GC(11) Using 10 workers
[15.914s][info][gc,phases   ] GC(11) Pause Mark Start 0.011ms
[15.945s][info][gc,phases   ] GC(11) Concurrent Mark 30.929ms
[15.945s][info][gc,phases   ] GC(11) Pause Mark End 0.023ms
[15.945s][info][gc,phases   ] GC(11) Concurrent Mark Free 0.001ms
[15.947s][info][gc,phases   ] GC(11) Concurrent Process Non-Strong References 2.022ms
[15.947s][info][gc,phases   ] GC(11) Concurrent Reset Relocation Set 0.002ms
[15.951s][info][gc,phases   ] GC(11) Concurrent Select Relocation Set 3.311ms
[15.951s][info][gc,phases   ] GC(11) Pause Relocate Start 0.007ms
[15.954s][info][gc,phases   ] GC(11) Concurrent Relocate 3.705ms
[15.955s][info][gc,load     ] GC(11) Load: 0.00/0.00/0.00
[15.955s][info][gc,mmu      ] GC(11) MMU: 2ms/97.1%, 5ms/98.8%, 10ms/99.3%, 20ms/99.7%, 50ms/99.8%, 100ms/99.9%
[15.955s][info][gc,marking  ] GC(11) Mark: 8 stripe(s), 4 proactive flush(es), 1 terminate flush(es), 0 completion(s), 0 continuation(s) 
[15.955s][info][gc,marking  ] GC(11) Mark Stack Usage: 32M
[15.955s][info][gc,nmethod  ] GC(11) NMethods: 4425 registered, 507 unregistered
[15.955s][info][gc,metaspace] GC(11) Metaspace: 57M used, 58M committed, 1088M reserved
[15.955s][info][gc,ref      ] GC(11) Soft: 4615 encountered, 0 discovered, 0 enqueued
[15.955s][info][gc,ref      ] GC(11) Weak: 4844 encountered, 2321 discovered, 0 enqueued
[15.955s][info][gc,ref      ] GC(11) Final: 60 encountered, 25 discovered, 0 enqueued
[15.955s][info][gc,ref      ] GC(11) Phantom: 626 encountered, 547 discovered, 0 enqueued
[15.955s][info][gc,reloc    ] GC(11) Small Pages: 192 / 384M, Empty: 322M, Relocated: 6M, In-Place: 0
[15.955s][info][gc,reloc    ] GC(11) Medium Pages: 1 / 32M, Empty: 0M, Relocated: 0M, In-Place: 0
[15.955s][info][gc,reloc    ] GC(11) Large Pages: 0 / 0M, Empty: 0M, Relocated: 0M, In-Place: 0
[15.955s][info][gc,reloc    ] GC(11) Forwarding Usage: 2M
[15.955s][info][gc,heap     ] GC(11) Min Capacity: 8M(1%)
[15.955s][info][gc,heap     ] GC(11) Max Capacity: 1024M(100%)
[15.955s][info][gc,heap     ] GC(11) Soft Max Capacity: 1024M(100%)
[15.955s][info][gc,heap     ] GC(11)                Mark Start          Mark End        Relocate Start      Relocate End           High               Low         
[15.955s][info][gc,heap     ] GC(11)  Capacity:     1024M (100%)       1024M (100%)       1024M (100%)       1024M (100%)       1024M (100%)       1024M (100%)   
[15.955s][info][gc,heap     ] GC(11)      Free:      608M (59%)         514M (50%)         822M (80%)         824M (80%)         824M (80%)         508M (50%)    
[15.955s][info][gc,heap     ] GC(11)      Used:      416M (41%)         510M (50%)         202M (20%)         200M (20%)         516M (50%)         200M (20%)    
[15.955s][info][gc,heap     ] GC(11)      Live:         -                36M (4%)           36M (4%)           36M (4%)             -                  -          
[15.955s][info][gc,heap     ] GC(11) Allocated:         -                94M (9%)          108M (11%)         117M (12%)            -                  -          
[15.955s][info][gc,heap     ] GC(11)   Garbage:         -               379M (37%)          57M (6%)           45M (4%)             -                  -          
[15.955s][info][gc,heap     ] GC(11) Reclaimed:         -                  -               322M (31%)         333M (33%)            -                  -          
[15.955s][info][gc          ] GC(11) Garbage Collection (Allocation Rate) 416M(41%)->200M(20%)
[16.007s][info][gc,start    ] GC(12) Garbage Collection (Allocation Rate)
[16.007s][info][gc,task     ] GC(12) Using 10 workers
[16.008s][info][gc,phases   ] GC(12) Pause Mark Start 0.014ms
[16.039s][info][gc,phases   ] GC(12) Concurrent Mark 30.913ms
[16.039s][info][gc,phases   ] GC(12) Pause Mark End 0.023ms
[16.039s][info][gc,phases   ] GC(12) Concurrent Mark Free 0.001ms
[16.041s][info][gc,phases   ] GC(12) Concurrent Process Non-Strong References 1.913ms
[16.041s][info][gc,phases   ] GC(12) Concurrent Reset Relocation Set 0.002ms
[16.044s][info][gc,phases   ] GC(12) Concurrent Select Relocation Set 3.197ms
[16.044s][info][gc,phases   ] GC(12) Pause Relocate Start 0.014ms
[16.046s][info][gc,phases   ] GC(12) Concurrent Relocate 2.079ms
[16.046s][info][gc,load     ] GC(12) Load: 0.00/0.00/0.00
[16.046s][info][gc,mmu      ] GC(12) MMU: 2ms/97.1%, 5ms/98.8%, 10ms/99.3%, 20ms/99.7%, 50ms/99.8%, 100ms/99.9%
[16.046s][info][gc,marking  ] GC(12) Mark: 8 stripe(s), 2 proactive flush(es), 1 terminate flush(es), 0 completion(s), 0 continuation(s) 
[16.046s][info][gc,marking  ] GC(12) Mark Stack Usage: 32M
[16.046s][info][gc,nmethod  ] GC(12) NMethods: 4428 registered, 512 unregistered
[16.046s][info][gc,metaspace] GC(12) Metaspace: 57M used, 58M committed, 1088M reserved
[16.046s][info][gc,ref      ] GC(12) Soft: 4615 encountered, 0 discovered, 0 enqueued
[16.046s][info][gc,ref      ] GC(12) Weak: 4844 encountered, 2236 discovered, 0 enqueued
[16.046s][info][gc,ref      ] GC(12) Final: 60 encountered, 32 discovered, 0 enqueued
[16.046s][info][gc,ref      ] GC(12) Phantom: 626 encountered, 524 discovered, 0 enqueued
[16.046s][info][gc,reloc    ] GC(12) Small Pages: 164 / 328M, Empty: 262M, Relocated: 6M, In-Place: 0
[16.046s][info][gc,reloc    ] GC(12) Medium Pages: 1 / 32M, Empty: 0M, Relocated: 0M, In-Place: 0
[16.046s][info][gc,reloc    ] GC(12) Large Pages: 0 / 0M, Empty: 0M, Relocated: 0M, In-Place: 0
[16.046s][info][gc,reloc    ] GC(12) Forwarding Usage: 2M
[16.046s][info][gc,heap     ] GC(12) Min Capacity: 8M(1%)
[16.046s][info][gc,heap     ] GC(12) Max Capacity: 1024M(100%)
[16.046s][info][gc,heap     ] GC(12) Soft Max Capacity: 1024M(100%)
[16.046s][info][gc,heap     ] GC(12)                Mark Start          Mark End        Relocate Start      Relocate End           High               Low         
[16.047s][info][gc,heap     ] GC(12)  Capacity:     1024M (100%)       1024M (100%)       1024M (100%)       1024M (100%)       1024M (100%)       1024M (100%)   
[16.047s][info][gc,heap     ] GC(12)      Free:      664M (65%)         576M (56%)         824M (80%)         834M (81%)         834M (81%)         570M (56%)    
[16.047s][info][gc,heap     ] GC(12)      Used:      360M (35%)         448M (44%)         200M (20%)         190M (19%)         454M (44%)         190M (19%)    
[16.047s][info][gc,heap     ] GC(12)      Live:         -                36M (4%)           36M (4%)           36M (4%)             -                  -          
[16.047s][info][gc,heap     ] GC(12) Allocated:         -                88M (9%)          102M (10%)         107M (11%)            -                  -          
[16.047s][info][gc,heap     ] GC(12)   Garbage:         -               323M (32%)          61M (6%)           45M (4%)             -                  -          
[16.047s][info][gc,heap     ] GC(12) Reclaimed:         -                  -               262M (26%)         277M (27%)            -                  -          
[16.047s][info][gc          ] GC(12) Garbage Collection (Allocation Rate) 360M(35%)->190M(19%)
[16.117s][info][gc,start    ] GC(13) Garbage Collection (Allocation Rate)
[16.117s][info][gc,task     ] GC(13) Using 10 workers
[16.117s][info][gc,phases   ] GC(13) Pause Mark Start 0.014ms
[16.148s][info][gc,phases   ] GC(13) Concurrent Mark 30.956ms
[16.148s][info][gc,phases   ] GC(13) Pause Mark End 0.017ms
[16.148s][info][gc,phases   ] GC(13) Concurrent Mark Free 0.001ms
[16.150s][info][gc,phases   ] GC(13) Concurrent Process Non-Strong References 1.979ms
[16.150s][info][gc,phases   ] GC(13) Concurrent Reset Relocation Set 0.002ms
[16.154s][info][gc,phases   ] GC(13) Concurrent Select Relocation Set 3.431ms
[16.154s][info][gc,phases   ] GC(13) Pause Relocate Start 0.010ms
[16.157s][info][gc,phases   ] GC(13) Concurrent Relocate 3.029ms
[16.157s][info][gc,load     ] GC(13) Load: 0.00/0.00/0.00
[16.157s][info][gc,mmu      ] GC(13) MMU: 2ms/97.1%, 5ms/98.8%, 10ms/99.3%, 20ms/99.7%, 50ms/99.8%, 100ms/99.9%
[16.157s][info][gc,marking  ] GC(13) Mark: 8 stripe(s), 2 proactive flush(es), 1 terminate flush(es), 0 completion(s), 0 continuation(s) 
[16.157s][info][gc,marking  ] GC(13) Mark Stack Usage: 32M
[16.157s][info][gc,nmethod  ] GC(13) NMethods: 4433 registered, 516 unregistered
[16.157s][info][gc,metaspace] GC(13) Metaspace: 57M used, 58M committed, 1088M reserved
[16.157s][info][gc,ref      ] GC(13) Soft: 4615 encountered, 0 discovered, 0 enqueued
[16.157s][info][gc,ref      ] GC(13) Weak: 4844 encountered, 1446 discovered, 0 enqueued
[16.157s][info][gc,ref      ] GC(13) Final: 60 encountered, 4 discovered, 0 enqueued
[16.157s][info][gc,ref      ] GC(13) Phantom: 626 encountered, 498 discovered, 0 enqueued
[16.157s][info][gc,reloc    ] GC(13) Small Pages: 190 / 380M, Empty: 316M, Relocated: 6M, In-Place: 0
[16.157s][info][gc,reloc    ] GC(13) Medium Pages: 1 / 32M, Empty: 0M, Relocated: 0M, In-Place: 0
[16.157s][info][gc,reloc    ] GC(13) Large Pages: 0 / 0M, Empty: 0M, Relocated: 0M, In-Place: 0
[16.157s][info][gc,reloc    ] GC(13) Forwarding Usage: 2M
[16.157s][info][gc,heap     ] GC(13) Min Capacity: 8M(1%)
[16.157s][info][gc,heap     ] GC(13) Max Capacity: 1024M(100%)
[16.157s][info][gc,heap     ] GC(13) Soft Max Capacity: 1024M(100%)
[16.157s][info][gc,heap     ] GC(13)                Mark Start          Mark End        Relocate Start      Relocate End           High               Low         
[16.157s][info][gc,heap     ] GC(13)  Capacity:     1024M (100%)       1024M (100%)       1024M (100%)       1024M (100%)       1024M (100%)       1024M (100%)   
[16.157s][info][gc,heap     ] GC(13)      Free:      612M (60%)         518M (51%)         816M (80%)         822M (80%)         822M (80%)         512M (50%)    
[16.157s][info][gc,heap     ] GC(13)      Used:      412M (40%)         506M (49%)         208M (20%)         202M (20%)         512M (50%)         202M (20%)    
[16.157s][info][gc,heap     ] GC(13)      Live:         -                36M (4%)           36M (4%)           36M (4%)             -                  -          
[16.157s][info][gc,heap     ] GC(13) Allocated:         -                94M (9%)          112M (11%)         119M (12%)            -                  -          
[16.157s][info][gc,heap     ] GC(13)   Garbage:         -               375M (37%)          59M (6%)           45M (4%)             -                  -          
[16.157s][info][gc,heap     ] GC(13) Reclaimed:         -                  -               316M (31%)         329M (32%)            -                  -          
[16.157s][info][gc          ] GC(13) Garbage Collection (Allocation Rate) 412M(40%)->202M(20%)
[16.210s][info][gc,start    ] GC(14) Garbage Collection (Allocation Rate)
[16.211s][info][gc,task     ] GC(14) Using 10 workers
[16.211s][info][gc,phases   ] GC(14) Pause Mark Start 0.013ms
[16.242s][info][gc,phases   ] GC(14) Concurrent Mark 30.962ms
[16.242s][info][gc,phases   ] GC(14) Pause Mark End 0.019ms
[16.242s][info][gc,phases   ] GC(14) Concurrent Mark Free 0.001ms
[16.244s][info][gc,phases   ] GC(14) Concurrent Process Non-Strong References 2.034ms
[16.244s][info][gc,phases   ] GC(14) Concurrent Reset Relocation Set 0.002ms
[16.248s][info][gc,phases   ] GC(14) Concurrent Select Relocation Set 4.268ms
[16.248s][info][gc,phases   ] GC(14) Pause Relocate Start 0.009ms
[16.252s][info][gc,phases   ] GC(14) Concurrent Relocate 3.857ms
[16.252s][info][gc,load     ] GC(14) Load: 0.00/0.00/0.00
[16.252s][info][gc,mmu      ] GC(14) MMU: 2ms/97.1%, 5ms/98.8%, 10ms/99.3%, 20ms/99.7%, 50ms/99.8%, 100ms/99.9%
[16.252s][info][gc,marking  ] GC(14) Mark: 8 stripe(s), 3 proactive flush(es), 1 terminate flush(es), 0 completion(s), 0 continuation(s) 
[16.252s][info][gc,marking  ] GC(14) Mark Stack Usage: 32M
[16.252s][info][gc,nmethod  ] GC(14) NMethods: 4452 registered, 523 unregistered
[16.252s][info][gc,metaspace] GC(14) Metaspace: 57M used, 58M committed, 1088M reserved
[16.252s][info][gc,ref      ] GC(14) Soft: 4619 encountered, 0 discovered, 0 enqueued
[16.252s][info][gc,ref      ] GC(14) Weak: 4860 encountered, 1048 discovered, 9 enqueued
[16.252s][info][gc,ref      ] GC(14) Final: 60 encountered, 0 discovered, 0 enqueued
[16.252s][info][gc,ref      ] GC(14) Phantom: 628 encountered, 613 discovered, 6 enqueued
[16.252s][info][gc,reloc    ] GC(14) Small Pages: 154 / 308M, Empty: 244M, Relocated: 6M, In-Place: 0
[16.252s][info][gc,reloc    ] GC(14) Medium Pages: 1 / 32M, Empty: 0M, Relocated: 0M, In-Place: 0
[16.252s][info][gc,reloc    ] GC(14) Large Pages: 0 / 0M, Empty: 0M, Relocated: 0M, In-Place: 0
[16.252s][info][gc,reloc    ] GC(14) Forwarding Usage: 2M
[16.252s][info][gc,heap     ] GC(14) Min Capacity: 8M(1%)
[16.252s][info][gc,heap     ] GC(14) Max Capacity: 1024M(100%)
[16.252s][info][gc,heap     ] GC(14) Soft Max Capacity: 1024M(100%)
[16.252s][info][gc,heap     ] GC(14)                Mark Start          Mark End        Relocate Start      Relocate End           High               Low         
[16.253s][info][gc,heap     ] GC(14)  Capacity:     1024M (100%)       1024M (100%)       1024M (100%)       1024M (100%)       1024M (100%)       1024M (100%)   
[16.253s][info][gc,heap     ] GC(14)      Free:      684M (67%)         624M (61%)         854M (83%)         862M (84%)         862M (84%)         620M (61%)    
[16.253s][info][gc,heap     ] GC(14)      Used:      340M (33%)         400M (39%)         170M (17%)         162M (16%)         404M (39%)         162M (16%)    
[16.253s][info][gc,heap     ] GC(14)      Live:         -                35M (4%)           35M (4%)           35M (4%)             -                  -          
[16.253s][info][gc,heap     ] GC(14) Allocated:         -                60M (6%)           74M (7%)           79M (8%)             -                  -          
[16.253s][info][gc,heap     ] GC(14)   Garbage:         -               304M (30%)          60M (6%)           46M (4%)             -                  -          
[16.253s][info][gc,heap     ] GC(14) Reclaimed:         -                  -               244M (24%)         257M (25%)            -                  -          
[16.253s][info][gc          ] GC(14) Garbage Collection (Allocation Rate) 340M(33%)->162M(16%)
[16.304s][info][gc,start    ] GC(15) Garbage Collection (Allocation Rate)
[16.304s][info][gc,task     ] GC(15) Using 10 workers
[16.304s][info][gc,phases   ] GC(15) Pause Mark Start 0.015ms
[16.335s][info][gc,phases   ] GC(15) Concurrent Mark 30.834ms
[16.336s][info][gc,phases   ] GC(15) Pause Mark End 0.024ms
[16.336s][info][gc,phases   ] GC(15) Concurrent Mark Free 0.001ms
[16.338s][info][gc,phases   ] GC(15) Concurrent Process Non-Strong References 2.093ms
[16.338s][info][gc,phases   ] GC(15) Concurrent Reset Relocation Set 0.002ms
[16.344s][info][gc,phases   ] GC(15) Concurrent Select Relocation Set 6.288ms
[16.344s][info][gc,phases   ] GC(15) Pause Relocate Start 0.009ms
[16.348s][info][gc,phases   ] GC(15) Concurrent Relocate 3.379ms
[16.348s][info][gc,load     ] GC(15) Load: 0.00/0.00/0.00
[16.348s][info][gc,mmu      ] GC(15) MMU: 2ms/97.1%, 5ms/98.8%, 10ms/99.3%, 20ms/99.7%, 50ms/99.8%, 100ms/99.9%
[16.348s][info][gc,marking  ] GC(15) Mark: 8 stripe(s), 3 proactive flush(es), 1 terminate flush(es), 0 completion(s), 0 continuation(s) 
[16.348s][info][gc,marking  ] GC(15) Mark Stack Usage: 32M
[16.348s][info][gc,nmethod  ] GC(15) NMethods: 4505 registered, 540 unregistered
[16.348s][info][gc,metaspace] GC(15) Metaspace: 57M used, 58M committed, 1088M reserved
[16.348s][info][gc,ref      ] GC(15) Soft: 4644 encountered, 0 discovered, 0 enqueued
[16.348s][info][gc,ref      ] GC(15) Weak: 5094 encountered, 1826 discovered, 160 enqueued
[16.348s][info][gc,ref      ] GC(15) Final: 60 encountered, 3 discovered, 0 enqueued
[16.348s][info][gc,ref      ] GC(15) Phantom: 678 encountered, 610 discovered, 57 enqueued
[16.348s][info][gc,reloc    ] GC(15) Small Pages: 124 / 248M, Empty: 164M, Relocated: 10M, In-Place: 0
[16.348s][info][gc,reloc    ] GC(15) Medium Pages: 1 / 32M, Empty: 0M, Relocated: 0M, In-Place: 0
[16.348s][info][gc,reloc    ] GC(15) Large Pages: 0 / 0M, Empty: 0M, Relocated: 0M, In-Place: 0
[16.348s][info][gc,reloc    ] GC(15) Forwarding Usage: 3M
[16.348s][info][gc,heap     ] GC(15) Min Capacity: 8M(1%)
[16.348s][info][gc,heap     ] GC(15) Max Capacity: 1024M(100%)
[16.348s][info][gc,heap     ] GC(15) Soft Max Capacity: 1024M(100%)
[16.348s][info][gc,heap     ] GC(15)                Mark Start          Mark End        Relocate Start      Relocate End           High               Low         
[16.348s][info][gc,heap     ] GC(15)  Capacity:     1024M (100%)       1024M (100%)       1024M (100%)       1024M (100%)       1024M (100%)       1024M (100%)   
[16.348s][info][gc,heap     ] GC(15)      Free:      744M (73%)         670M (65%)         816M (80%)         848M (83%)         848M (83%)         666M (65%)    
[16.348s][info][gc,heap     ] GC(15)      Used:      280M (27%)         354M (35%)         208M (20%)         176M (17%)         358M (35%)         176M (17%)    
[16.348s][info][gc,heap     ] GC(15)      Live:         -                35M (3%)           35M (3%)           35M (3%)             -                  -          
[16.348s][info][gc,heap     ] GC(15) Allocated:         -                74M (7%)           92M (9%)           99M (10%)            -                  -          
[16.348s][info][gc,heap     ] GC(15)   Garbage:         -               244M (24%)          80M (8%)           40M (4%)             -                  -          
[16.348s][info][gc,heap     ] GC(15) Reclaimed:         -                  -               164M (16%)         203M (20%)            -                  -          
[16.348s][info][gc          ] GC(15) Garbage Collection (Allocation Rate) 280M(27%)->176M(17%)
[16.414s][info][gc,start    ] GC(16) Garbage Collection (Allocation Rate)
[16.414s][info][gc,task     ] GC(16) Using 10 workers
[16.414s][info][gc,phases   ] GC(16) Pause Mark Start 0.013ms
[16.445s][info][gc,phases   ] GC(16) Concurrent Mark 30.934ms
[16.445s][info][gc,phases   ] GC(16) Pause Mark End 0.025ms
[16.445s][info][gc,phases   ] GC(16) Concurrent Mark Free 0.001ms
[16.447s][info][gc,phases   ] GC(16) Concurrent Process Non-Strong References 2.373ms
[16.447s][info][gc,phases   ] GC(16) Concurrent Reset Relocation Set 0.004ms
[16.451s][info][gc,phases   ] GC(16) Concurrent Select Relocation Set 3.957ms
[16.452s][info][gc,phases   ] GC(16) Pause Relocate Start 0.009ms
[16.455s][info][gc,phases   ] GC(16) Concurrent Relocate 3.374ms
[16.455s][info][gc,load     ] GC(16) Load: 0.00/0.00/0.00
[16.455s][info][gc,mmu      ] GC(16) MMU: 2ms/97.1%, 5ms/98.8%, 10ms/99.3%, 20ms/99.7%, 50ms/99.8%, 100ms/99.9%
[16.455s][info][gc,marking  ] GC(16) Mark: 8 stripe(s), 2 proactive flush(es), 2 terminate flush(es), 0 completion(s), 0 continuation(s) 
[16.455s][info][gc,marking  ] GC(16) Mark Stack Usage: 32M
[16.455s][info][gc,nmethod  ] GC(16) NMethods: 4506 registered, 543 unregistered
[16.455s][info][gc,metaspace] GC(16) Metaspace: 57M used, 58M committed, 1088M reserved
[16.455s][info][gc,ref      ] GC(16) Soft: 4660 encountered, 0 discovered, 0 enqueued
[16.455s][info][gc,ref      ] GC(16) Weak: 5032 encountered, 2106 discovered, 29 enqueued
[16.455s][info][gc,ref      ] GC(16) Final: 60 encountered, 5 discovered, 0 enqueued
[16.455s][info][gc,ref      ] GC(16) Phantom: 635 encountered, 553 discovered, 14 enqueued
[16.455s][info][gc,reloc    ] GC(16) Small Pages: 162 / 324M, Empty: 254M, Relocated: 6M, In-Place: 0
[16.455s][info][gc,reloc    ] GC(16) Medium Pages: 1 / 32M, Empty: 0M, Relocated: 0M, In-Place: 0
[16.455s][info][gc,reloc    ] GC(16) Large Pages: 0 / 0M, Empty: 0M, Relocated: 0M, In-Place: 0
[16.455s][info][gc,reloc    ] GC(16) Forwarding Usage: 2M
[16.456s][info][gc,heap     ] GC(16) Min Capacity: 8M(1%)
[16.456s][info][gc,heap     ] GC(16) Max Capacity: 1024M(100%)
[16.456s][info][gc,heap     ] GC(16) Soft Max Capacity: 1024M(100%)
[16.456s][info][gc,heap     ] GC(16)                Mark Start          Mark End        Relocate Start      Relocate End           High               Low         
[16.456s][info][gc,heap     ] GC(16)  Capacity:     1024M (100%)       1024M (100%)       1024M (100%)       1024M (100%)       1024M (100%)       1024M (100%)   
[16.456s][info][gc,heap     ] GC(16)      Free:      668M (65%)         584M (57%)         820M (80%)         830M (81%)         830M (81%)         576M (56%)    
[16.456s][info][gc,heap     ] GC(16)      Used:      356M (35%)         440M (43%)         204M (20%)         194M (19%)         448M (44%)         194M (19%)    
[16.456s][info][gc,heap     ] GC(16)      Live:         -                35M (3%)           35M (3%)           35M (3%)             -                  -          
[16.456s][info][gc,heap     ] GC(16) Allocated:         -                84M (8%)          102M (10%)         111M (11%)            -                  -          
[16.456s][info][gc,heap     ] GC(16)   Garbage:         -               320M (31%)          66M (6%)           46M (5%)             -                  -          
[16.456s][info][gc,heap     ] GC(16) Reclaimed:         -                  -               254M (25%)         273M (27%)            -                  -          
[16.456s][info][gc          ] GC(16) Garbage Collection (Allocation Rate) 356M(35%)->194M(19%)
[16.507s][info][gc,start    ] GC(17) Garbage Collection (Allocation Rate)
[16.507s][info][gc,task     ] GC(17) Using 10 workers
[16.508s][info][gc,phases   ] GC(17) Pause Mark Start 0.016ms
[16.538s][info][gc,phases   ] GC(17) Concurrent Mark 30.856ms
[16.539s][info][gc,phases   ] GC(17) Pause Mark End 0.026ms
[16.539s][info][gc,phases   ] GC(17) Concurrent Mark Free 0.001ms
[16.541s][info][gc,phases   ] GC(17) Concurrent Process Non-Strong References 2.169ms
[16.541s][info][gc,phases   ] GC(17) Concurrent Reset Relocation Set 0.003ms
[16.545s][info][gc,phases   ] GC(17) Concurrent Select Relocation Set 3.675ms
[16.545s][info][gc,phases   ] GC(17) Pause Relocate Start 0.009ms
[16.547s][info][gc,phases   ] GC(17) Concurrent Relocate 2.416ms
[16.547s][info][gc,load     ] GC(17) Load: 0.00/0.00/0.00
[16.547s][info][gc,mmu      ] GC(17) MMU: 2ms/97.1%, 5ms/98.8%, 10ms/99.3%, 20ms/99.7%, 50ms/99.8%, 100ms/99.9%
[16.547s][info][gc,marking  ] GC(17) Mark: 8 stripe(s), 3 proactive flush(es), 1 terminate flush(es), 0 completion(s), 0 continuation(s) 
[16.547s][info][gc,marking  ] GC(17) Mark Stack Usage: 32M
[16.547s][info][gc,nmethod  ] GC(17) NMethods: 4503 registered, 548 unregistered
[16.548s][info][gc,metaspace] GC(17) Metaspace: 57M used, 58M committed, 1088M reserved
[16.548s][info][gc,ref      ] GC(17) Soft: 4660 encountered, 0 discovered, 0 enqueued
[16.548s][info][gc,ref      ] GC(17) Weak: 5003 encountered, 435 discovered, 0 enqueued
[16.548s][info][gc,ref      ] GC(17) Final: 60 encountered, 0 discovered, 0 enqueued
[16.548s][info][gc,ref      ] GC(17) Phantom: 621 encountered, 473 discovered, 0 enqueued
[16.548s][info][gc,reloc    ] GC(17) Small Pages: 156 / 312M, Empty: 250M, Relocated: 6M, In-Place: 0
[16.548s][info][gc,reloc    ] GC(17) Medium Pages: 1 / 32M, Empty: 0M, Relocated: 0M, In-Place: 0
[16.548s][info][gc,reloc    ] GC(17) Large Pages: 0 / 0M, Empty: 0M, Relocated: 0M, In-Place: 0
[16.548s][info][gc,reloc    ] GC(17) Forwarding Usage: 2M
[16.548s][info][gc,heap     ] GC(17) Min Capacity: 8M(1%)
[16.548s][info][gc,heap     ] GC(17) Max Capacity: 1024M(100%)
[16.548s][info][gc,heap     ] GC(17) Soft Max Capacity: 1024M(100%)
[16.548s][info][gc,heap     ] GC(17)                Mark Start          Mark End        Relocate Start      Relocate End           High               Low         
[16.548s][info][gc,heap     ] GC(17)  Capacity:     1024M (100%)       1024M (100%)       1024M (100%)       1024M (100%)       1024M (100%)       1024M (100%)   
[16.548s][info][gc,heap     ] GC(17)      Free:      680M (66%)         594M (58%)         828M (81%)         834M (81%)         834M (81%)         588M (57%)    
[16.548s][info][gc,heap     ] GC(17)      Used:      344M (34%)         430M (42%)         196M (19%)         190M (19%)         436M (43%)         190M (19%)    
[16.548s][info][gc,heap     ] GC(17)      Live:         -                35M (3%)           35M (3%)           35M (3%)             -                  -          
[16.548s][info][gc,heap     ] GC(17) Allocated:         -                86M (8%)          102M (10%)         107M (11%)            -                  -          
[16.548s][info][gc,heap     ] GC(17)   Garbage:         -               308M (30%)          58M (6%)           46M (5%)             -                  -          
[16.548s][info][gc,heap     ] GC(17) Reclaimed:         -                  -               250M (24%)         261M (26%)            -                  -          
[16.548s][info][gc          ] GC(17) Garbage Collection (Allocation Rate) 344M(34%)->190M(19%)
[16.617s][info][gc,start    ] GC(18) Garbage Collection (Allocation Rate)
[16.617s][info][gc,task     ] GC(18) Using 10 workers
[16.617s][info][gc,phases   ] GC(18) Pause Mark Start 0.013ms
[16.648s][info][gc,phases   ] GC(18) Concurrent Mark 30.937ms
[16.648s][info][gc,phases   ] GC(18) Pause Mark End 0.020ms
[16.648s][info][gc,phases   ] GC(18) Concurrent Mark Free 0.001ms
[16.650s][info][gc,phases   ] GC(18) Concurrent Process Non-Strong References 2.079ms
[16.650s][info][gc,phases   ] GC(18) Concurrent Reset Relocation Set 0.002ms
[16.653s][info][gc,phases   ] GC(18) Concurrent Select Relocation Set 3.134ms
[16.653s][info][gc,phases   ] GC(18) Pause Relocate Start 0.009ms
[16.657s][info][gc,phases   ] GC(18) Concurrent Relocate 3.038ms
[16.657s][info][gc,load     ] GC(18) Load: 0.00/0.00/0.00
[16.657s][info][gc,mmu      ] GC(18) MMU: 2ms/97.1%, 5ms/98.8%, 10ms/99.3%, 20ms/99.7%, 50ms/99.8%, 100ms/99.9%
[16.657s][info][gc,marking  ] GC(18) Mark: 8 stripe(s), 2 proactive flush(es), 1 terminate flush(es), 0 completion(s), 0 continuation(s) 
[16.657s][info][gc,marking  ] GC(18) Mark Stack Usage: 32M
[16.657s][info][gc,nmethod  ] GC(18) NMethods: 4508 registered, 548 unregistered
[16.657s][info][gc,metaspace] GC(18) Metaspace: 57M used, 58M committed, 1088M reserved
[16.657s][info][gc,ref      ] GC(18) Soft: 4660 encountered, 0 discovered, 0 enqueued
[16.657s][info][gc,ref      ] GC(18) Weak: 5003 encountered, 1832 discovered, 0 enqueued
[16.657s][info][gc,ref      ] GC(18) Final: 60 encountered, 0 discovered, 0 enqueued
[16.657s][info][gc,ref      ] GC(18) Phantom: 621 encountered, 581 discovered, 0 enqueued
[16.657s][info][gc,reloc    ] GC(18) Small Pages: 173 / 346M, Empty: 286M, Relocated: 6M, In-Place: 0
[16.657s][info][gc,reloc    ] GC(18) Medium Pages: 1 / 32M, Empty: 0M, Relocated: 0M, In-Place: 0
[16.657s][info][gc,reloc    ] GC(18) Large Pages: 0 / 0M, Empty: 0M, Relocated: 0M, In-Place: 0
[16.657s][info][gc,reloc    ] GC(18) Forwarding Usage: 2M
[16.657s][info][gc,heap     ] GC(18) Min Capacity: 8M(1%)
[16.657s][info][gc,heap     ] GC(18) Max Capacity: 1024M(100%)
[16.657s][info][gc,heap     ] GC(18) Soft Max Capacity: 1024M(100%)
[16.657s][info][gc,heap     ] GC(18)                Mark Start          Mark End        Relocate Start      Relocate End           High               Low         
[16.657s][info][gc,heap     ] GC(18)  Capacity:     1024M (100%)       1024M (100%)       1024M (100%)       1024M (100%)       1024M (100%)       1024M (100%)   
[16.657s][info][gc,heap     ] GC(18)      Free:      646M (63%)         564M (55%)         836M (82%)         838M (82%)         838M (82%)         556M (54%)    
[16.657s][info][gc,heap     ] GC(18)      Used:      378M (37%)         460M (45%)         188M (18%)         186M (18%)         468M (46%)         186M (18%)    
[16.657s][info][gc,heap     ] GC(18)      Live:         -                35M (3%)           35M (3%)           35M (3%)             -                  -          
[16.657s][info][gc,heap     ] GC(18) Allocated:         -                82M (8%)           96M (9%)          103M (10%)            -                  -          
[16.657s][info][gc,heap     ] GC(18)   Garbage:         -               342M (33%)          56M (5%)           46M (5%)             -                  -          
[16.657s][info][gc,heap     ] GC(18) Reclaimed:         -                  -               286M (28%)         295M (29%)            -                  -          
[16.657s][info][gc          ] GC(18) Garbage Collection (Allocation Rate) 378M(37%)->186M(18%)
[16.710s][info][gc,start    ] GC(19) Garbage Collection (Allocation Rate)
[16.710s][info][gc,task     ] GC(19) Using 10 workers
[16.711s][info][gc,phases   ] GC(19) Pause Mark Start 0.013ms
[16.742s][info][gc,phases   ] GC(19) Concurrent Mark 30.928ms
[16.742s][info][gc,phases   ] GC(19) Pause Mark End 0.024ms
[16.742s][info][gc,phases   ] GC(19) Concurrent Mark Free 0.001ms
[16.744s][info][gc,phases   ] GC(19) Concurrent Process Non-Strong References 2.131ms
[16.744s][info][gc,phases   ] GC(19) Concurrent Reset Relocation Set 0.002ms
[16.748s][info][gc,phases   ] GC(19) Concurrent Select Relocation Set 3.507ms
[16.748s][info][gc,phases   ] GC(19) Pause Relocate Start 0.010ms
[16.750s][info][gc,phases   ] GC(19) Concurrent Relocate 2.469ms
[16.750s][info][gc,load     ] GC(19) Load: 0.00/0.00/0.00
[16.750s][info][gc,mmu      ] GC(19) MMU: 2ms/97.1%, 5ms/98.8%, 10ms/99.3%, 20ms/99.7%, 50ms/99.8%, 100ms/99.9%
[16.750s][info][gc,marking  ] GC(19) Mark: 8 stripe(s), 2 proactive flush(es), 1 terminate flush(es), 0 completion(s), 0 continuation(s) 
[16.750s][info][gc,marking  ] GC(19) Mark Stack Usage: 32M
[16.750s][info][gc,nmethod  ] GC(19) NMethods: 4509 registered, 549 unregistered
[16.750s][info][gc,metaspace] GC(19) Metaspace: 57M used, 58M committed, 1088M reserved
[16.750s][info][gc,ref      ] GC(19) Soft: 4660 encountered, 0 discovered, 0 enqueued
[16.750s][info][gc,ref      ] GC(19) Weak: 5003 encountered, 262 discovered, 0 enqueued
[16.751s][info][gc,ref      ] GC(19) Final: 60 encountered, 0 discovered, 0 enqueued
[16.751s][info][gc,ref      ] GC(19) Phantom: 621 encountered, 418 discovered, 0 enqueued
[16.751s][info][gc,reloc    ] GC(19) Small Pages: 150 / 300M, Empty: 242M, Relocated: 6M, In-Place: 0
[16.751s][info][gc,reloc    ] GC(19) Medium Pages: 1 / 32M, Empty: 0M, Relocated: 0M, In-Place: 0
[16.751s][info][gc,reloc    ] GC(19) Large Pages: 0 / 0M, Empty: 0M, Relocated: 0M, In-Place: 0
[16.751s][info][gc,reloc    ] GC(19) Forwarding Usage: 2M
[16.751s][info][gc,heap     ] GC(19) Min Capacity: 8M(1%)
[16.751s][info][gc,heap     ] GC(19) Max Capacity: 1024M(100%)
[16.751s][info][gc,heap     ] GC(19) Soft Max Capacity: 1024M(100%)
[16.751s][info][gc,heap     ] GC(19)                Mark Start          Mark End        Relocate Start      Relocate End           High               Low         
[16.751s][info][gc,heap     ] GC(19)  Capacity:     1024M (100%)       1024M (100%)       1024M (100%)       1024M (100%)       1024M (100%)       1024M (100%)   
[16.751s][info][gc,heap     ] GC(19)      Free:      692M (68%)         606M (59%)         832M (81%)         834M (81%)         834M (81%)         600M (59%)    
[16.751s][info][gc,heap     ] GC(19)      Used:      332M (32%)         418M (41%)         192M (19%)         190M (19%)         424M (41%)         190M (19%)    
[16.751s][info][gc,heap     ] GC(19)      Live:         -                35M (3%)           35M (3%)           35M (3%)             -                  -          
[16.751s][info][gc,heap     ] GC(19) Allocated:         -                86M (8%)          102M (10%)         107M (11%)            -                  -          
[16.751s][info][gc,heap     ] GC(19)   Garbage:         -               296M (29%)          54M (5%)           46M (5%)             -                  -          
[16.751s][info][gc,heap     ] GC(19) Reclaimed:         -                  -               242M (24%)         249M (24%)            -                  -          
[16.751s][info][gc          ] GC(19) Garbage Collection (Allocation Rate) 332M(32%)->190M(19%)
[16.804s][info][gc,start    ] GC(20) Garbage Collection (Allocation Rate)
[16.804s][info][gc,task     ] GC(20) Using 10 workers
[16.804s][info][gc,phases   ] GC(20) Pause Mark Start 0.009ms
[16.835s][info][gc,phases   ] GC(20) Concurrent Mark 30.988ms
[16.835s][info][gc,phases   ] GC(20) Pause Mark End 0.017ms
[16.835s][info][gc,phases   ] GC(20) Concurrent Mark Free 0.001ms
[16.838s][info][gc,phases   ] GC(20) Concurrent Process Non-Strong References 2.077ms
[16.838s][info][gc,phases   ] GC(20) Concurrent Reset Relocation Set 0.002ms
[16.841s][info][gc,phases   ] GC(20) Concurrent Select Relocation Set 3.650ms
[16.841s][info][gc,phases   ] GC(20) Pause Relocate Start 0.009ms
[16.844s][info][gc,phases   ] GC(20) Concurrent Relocate 2.502ms
[16.844s][info][gc,load     ] GC(20) Load: 0.00/0.00/0.00
[16.844s][info][gc,mmu      ] GC(20) MMU: 2ms/97.1%, 5ms/98.8%, 10ms/99.3%, 20ms/99.7%, 50ms/99.8%, 100ms/99.9%
[16.844s][info][gc,marking  ] GC(20) Mark: 8 stripe(s), 4 proactive flush(es), 1 terminate flush(es), 0 completion(s), 0 continuation(s) 
[16.844s][info][gc,marking  ] GC(20) Mark Stack Usage: 32M
[16.844s][info][gc,nmethod  ] GC(20) NMethods: 4509 registered, 551 unregistered
[16.844s][info][gc,metaspace] GC(20) Metaspace: 57M used, 58M committed, 1088M reserved
[16.844s][info][gc,ref      ] GC(20) Soft: 4660 encountered, 0 discovered, 0 enqueued
[16.844s][info][gc,ref      ] GC(20) Weak: 5003 encountered, 762 discovered, 0 enqueued
[16.844s][info][gc,ref      ] GC(20) Final: 60 encountered, 0 discovered, 0 enqueued
[16.844s][info][gc,ref      ] GC(20) Phantom: 621 encountered, 545 discovered, 0 enqueued
[16.844s][info][gc,reloc    ] GC(20) Small Pages: 150 / 300M, Empty: 242M, Relocated: 6M, In-Place: 0
[16.844s][info][gc,reloc    ] GC(20) Medium Pages: 1 / 32M, Empty: 0M, Relocated: 0M, In-Place: 0
[16.844s][info][gc,reloc    ] GC(20) Large Pages: 0 / 0M, Empty: 0M, Relocated: 0M, In-Place: 0
[16.844s][info][gc,reloc    ] GC(20) Forwarding Usage: 2M
[16.844s][info][gc,heap     ] GC(20) Min Capacity: 8M(1%)
[16.845s][info][gc,heap     ] GC(20) Max Capacity: 1024M(100%)
[16.845s][info][gc,heap     ] GC(20) Soft Max Capacity: 1024M(100%)
[16.845s][info][gc,heap     ] GC(20)                Mark Start          Mark End        Relocate Start      Relocate End           High               Low         
[16.845s][info][gc,heap     ] GC(20)  Capacity:     1024M (100%)       1024M (100%)       1024M (100%)       1024M (100%)       1024M (100%)       1024M (100%)   
[16.845s][info][gc,heap     ] GC(20)      Free:      692M (68%)         610M (60%)         834M (81%)         836M (82%)         836M (82%)         602M (59%)    
[16.845s][info][gc,heap     ] GC(20)      Used:      332M (32%)         414M (40%)         190M (19%)         188M (18%)         422M (41%)         188M (18%)    
[16.845s][info][gc,heap     ] GC(20)      Live:         -                35M (3%)           35M (3%)           35M (3%)             -                  -          
[16.845s][info][gc,heap     ] GC(20) Allocated:         -                82M (8%)          100M (10%)         105M (10%)            -                  -          
[16.845s][info][gc,heap     ] GC(20)   Garbage:         -               296M (29%)          54M (5%)           46M (5%)             -                  -          
[16.845s][info][gc,heap     ] GC(20) Reclaimed:         -                  -               242M (24%)         249M (24%)            -                  -          
[16.845s][info][gc          ] GC(20) Garbage Collection (Allocation Rate) 332M(32%)->188M(18%)
[16.913s][info][gc,start    ] GC(21) Garbage Collection (Allocation Rate)
[16.913s][info][gc,task     ] GC(21) Using 10 workers
[16.914s][info][gc,phases   ] GC(21) Pause Mark Start 0.015ms
[16.945s][info][gc,phases   ] GC(21) Concurrent Mark 30.905ms
[16.945s][info][gc,phases   ] GC(21) Pause Mark End 0.020ms
[16.945s][info][gc,phases   ] GC(21) Concurrent Mark Free 0.001ms
[16.947s][info][gc,phases   ] GC(21) Concurrent Process Non-Strong References 2.194ms
[16.947s][info][gc,phases   ] GC(21) Concurrent Reset Relocation Set 0.003ms
[16.951s][info][gc,phases   ] GC(21) Concurrent Select Relocation Set 3.682ms
[16.951s][info][gc,phases   ] GC(21) Pause Relocate Start 0.009ms
[16.954s][info][gc,phases   ] GC(21) Concurrent Relocate 2.508ms
[16.954s][info][gc,load     ] GC(21) Load: 0.00/0.00/0.00
[16.954s][info][gc,mmu      ] GC(21) MMU: 2ms/97.1%, 5ms/98.8%, 10ms/99.3%, 20ms/99.7%, 50ms/99.8%, 100ms/99.9%
[16.954s][info][gc,marking  ] GC(21) Mark: 8 stripe(s), 3 proactive flush(es), 1 terminate flush(es), 0 completion(s), 0 continuation(s) 
[16.954s][info][gc,marking  ] GC(21) Mark Stack Usage: 32M
[16.954s][info][gc,nmethod  ] GC(21) NMethods: 4510 registered, 552 unregistered
[16.954s][info][gc,metaspace] GC(21) Metaspace: 57M used, 58M committed, 1088M reserved
[16.954s][info][gc,ref      ] GC(21) Soft: 4660 encountered, 0 discovered, 0 enqueued
[16.954s][info][gc,ref      ] GC(21) Weak: 5003 encountered, 138 discovered, 0 enqueued
[16.954s][info][gc,ref      ] GC(21) Final: 60 encountered, 2 discovered, 0 enqueued
[16.954s][info][gc,ref      ] GC(21) Phantom: 621 encountered, 504 discovered, 0 enqueued
[16.954s][info][gc,reloc    ] GC(21) Small Pages: 180 / 360M, Empty: 298M, Relocated: 6M, In-Place: 0
[16.954s][info][gc,reloc    ] GC(21) Medium Pages: 1 / 32M, Empty: 0M, Relocated: 0M, In-Place: 0
[16.954s][info][gc,reloc    ] GC(21) Large Pages: 0 / 0M, Empty: 0M, Relocated: 0M, In-Place: 0
[16.954s][info][gc,reloc    ] GC(21) Forwarding Usage: 2M
[16.954s][info][gc,heap     ] GC(21) Min Capacity: 8M(1%)
[16.954s][info][gc,heap     ] GC(21) Max Capacity: 1024M(100%)
[16.954s][info][gc,heap     ] GC(21) Soft Max Capacity: 1024M(100%)
[16.954s][info][gc,heap     ] GC(21)                Mark Start          Mark End        Relocate Start      Relocate End           High               Low         
[16.954s][info][gc,heap     ] GC(21)  Capacity:     1024M (100%)       1024M (100%)       1024M (100%)       1024M (100%)       1024M (100%)       1024M (100%)   
[16.954s][info][gc,heap     ] GC(21)      Free:      632M (62%)         544M (53%)         824M (80%)         830M (81%)         830M (81%)         536M (52%)    
[16.954s][info][gc,heap     ] GC(21)      Used:      392M (38%)         480M (47%)         200M (20%)         194M (19%)         488M (48%)         194M (19%)    
[16.954s][info][gc,heap     ] GC(21)      Live:         -                35M (3%)           35M (3%)           35M (3%)             -                  -          
[16.954s][info][gc,heap     ] GC(21) Allocated:         -                88M (9%)          106M (10%)         111M (11%)            -                  -          
[16.954s][info][gc,heap     ] GC(21)   Garbage:         -               356M (35%)          58M (6%)           46M (5%)             -                  -          
[16.954s][info][gc,heap     ] GC(21) Reclaimed:         -                  -               298M (29%)         309M (30%)            -                  -          
[16.954s][info][gc          ] GC(21) Garbage Collection (Allocation Rate) 392M(38%)->194M(19%)
[17.007s][info][gc,start    ] GC(22) Garbage Collection (Allocation Rate)
[17.007s][info][gc,task     ] GC(22) Using 10 workers
[17.007s][info][gc,phases   ] GC(22) Pause Mark Start 0.013ms
[17.038s][info][gc,phases   ] GC(22) Concurrent Mark 30.914ms
[17.038s][info][gc,phases   ] GC(22) Pause Mark End 0.017ms
[17.039s][info][gc,phases   ] GC(22) Concurrent Mark Free 0.002ms
[17.041s][info][gc,phases   ] GC(22) Concurrent Process Non-Strong References 2.044ms
[17.041s][info][gc,phases   ] GC(22) Concurrent Reset Relocation Set 0.003ms
[17.044s][info][gc,phases   ] GC(22) Concurrent Select Relocation Set 3.659ms
[17.044s][info][gc,phases   ] GC(22) Pause Relocate Start 0.007ms
[17.047s][info][gc,phases   ] GC(22) Concurrent Relocate 2.512ms
[17.047s][info][gc,load     ] GC(22) Load: 0.00/0.00/0.00
[17.047s][info][gc,mmu      ] GC(22) MMU: 2ms/97.1%, 5ms/98.8%, 10ms/99.3%, 20ms/99.7%, 50ms/99.8%, 100ms/99.9%
[17.047s][info][gc,marking  ] GC(22) Mark: 8 stripe(s), 2 proactive flush(es), 1 terminate flush(es), 0 completion(s), 0 continuation(s) 
[17.047s][info][gc,marking  ] GC(22) Mark Stack Usage: 32M
[17.047s][info][gc,nmethod  ] GC(22) NMethods: 4512 registered, 555 unregistered
[17.047s][info][gc,metaspace] GC(22) Metaspace: 57M used, 58M committed, 1088M reserved
[17.047s][info][gc,ref      ] GC(22) Soft: 4660 encountered, 0 discovered, 0 enqueued
[17.047s][info][gc,ref      ] GC(22) Weak: 5003 encountered, 812 discovered, 0 enqueued
[17.047s][info][gc,ref      ] GC(22) Final: 60 encountered, 1 discovered, 0 enqueued
[17.047s][info][gc,ref      ] GC(22) Phantom: 621 encountered, 333 discovered, 0 enqueued
[17.047s][info][gc,reloc    ] GC(22) Small Pages: 160 / 320M, Empty: 262M, Relocated: 6M, In-Place: 0
[17.047s][info][gc,reloc    ] GC(22) Medium Pages: 1 / 32M, Empty: 0M, Relocated: 0M, In-Place: 0
[17.047s][info][gc,reloc    ] GC(22) Large Pages: 0 / 0M, Empty: 0M, Relocated: 0M, In-Place: 0
[17.047s][info][gc,reloc    ] GC(22) Forwarding Usage: 2M
[17.048s][info][gc,heap     ] GC(22) Min Capacity: 8M(1%)
[17.048s][info][gc,heap     ] GC(22) Max Capacity: 1024M(100%)
[17.048s][info][gc,heap     ] GC(22) Soft Max Capacity: 1024M(100%)
[17.048s][info][gc,heap     ] GC(22)                Mark Start          Mark End        Relocate Start      Relocate End           High               Low         
[17.048s][info][gc,heap     ] GC(22)  Capacity:     1024M (100%)       1024M (100%)       1024M (100%)       1024M (100%)       1024M (100%)       1024M (100%)   
[17.048s][info][gc,heap     ] GC(22)      Free:      672M (66%)         580M (57%)         826M (81%)         828M (81%)         830M (81%)         574M (56%)    
[17.048s][info][gc,heap     ] GC(22)      Used:      352M (34%)         444M (43%)         198M (19%)         196M (19%)         450M (44%)         194M (19%)    
[17.048s][info][gc,heap     ] GC(22)      Live:         -                35M (3%)           35M (3%)           35M (3%)             -                  -          
[17.048s][info][gc,heap     ] GC(22) Allocated:         -                92M (9%)          108M (11%)         113M (11%)            -                  -          
[17.048s][info][gc,heap     ] GC(22)   Garbage:         -               316M (31%)          54M (5%)           46M (5%)             -                  -          
[17.048s][info][gc,heap     ] GC(22) Reclaimed:         -                  -               262M (26%)         269M (26%)            -                  -          
[17.048s][info][gc          ] GC(22) Garbage Collection (Allocation Rate) 352M(34%)->196M(19%)
[17.210s][info][gc,start    ] GC(23) Garbage Collection (Allocation Rate)
[17.210s][info][gc,task     ] GC(23) Using 4 workers
[17.210s][info][gc,phases   ] GC(23) Pause Mark Start 0.015ms
[17.257s][info][gc,phases   ] GC(23) Concurrent Mark 46.562ms
[17.257s][info][gc,phases   ] GC(23) Pause Mark End 0.015ms
[17.257s][info][gc,phases   ] GC(23) Concurrent Mark Free 0.001ms
[17.262s][info][gc,phases   ] GC(23) Concurrent Process Non-Strong References 4.334ms
[17.262s][info][gc,phases   ] GC(23) Concurrent Reset Relocation Set 0.003ms
[17.265s][info][gc,phases   ] GC(23) Concurrent Select Relocation Set 3.119ms
[17.265s][info][gc,phases   ] GC(23) Pause Relocate Start 0.007ms
[17.269s][info][gc,phases   ] GC(23) Concurrent Relocate 3.942ms
[17.269s][info][gc,load     ] GC(23) Load: 0.00/0.00/0.00
[17.269s][info][gc,mmu      ] GC(23) MMU: 2ms/97.1%, 5ms/98.8%, 10ms/99.3%, 20ms/99.7%, 50ms/99.8%, 100ms/99.9%
[17.269s][info][gc,marking  ] GC(23) Mark: 4 stripe(s), 2 proactive flush(es), 1 terminate flush(es), 0 completion(s), 0 continuation(s) 
[17.269s][info][gc,marking  ] GC(23) Mark Stack Usage: 32M
[17.269s][info][gc,nmethod  ] GC(23) NMethods: 4513 registered, 562 unregistered
[17.269s][info][gc,metaspace] GC(23) Metaspace: 57M used, 58M committed, 1088M reserved
[17.269s][info][gc,ref      ] GC(23) Soft: 4660 encountered, 0 discovered, 0 enqueued
[17.269s][info][gc,ref      ] GC(23) Weak: 5003 encountered, 3179 discovered, 0 enqueued
[17.269s][info][gc,ref      ] GC(23) Final: 60 encountered, 25 discovered, 0 enqueued
[17.269s][info][gc,ref      ] GC(23) Phantom: 621 encountered, 318 discovered, 0 enqueued
[17.269s][info][gc,reloc    ] GC(23) Small Pages: 292 / 584M, Empty: 518M, Relocated: 6M, In-Place: 0
[17.269s][info][gc,reloc    ] GC(23) Medium Pages: 1 / 32M, Empty: 0M, Relocated: 0M, In-Place: 0
[17.269s][info][gc,reloc    ] GC(23) Large Pages: 0 / 0M, Empty: 0M, Relocated: 0M, In-Place: 0
[17.269s][info][gc,reloc    ] GC(23) Forwarding Usage: 2M
[17.269s][info][gc,heap     ] GC(23) Min Capacity: 8M(1%)
[17.269s][info][gc,heap     ] GC(23) Max Capacity: 1024M(100%)
[17.269s][info][gc,heap     ] GC(23) Soft Max Capacity: 1024M(100%)
[17.269s][info][gc,heap     ] GC(23)                Mark Start          Mark End        Relocate Start      Relocate End           High               Low         
[17.269s][info][gc,heap     ] GC(23)  Capacity:     1024M (100%)       1024M (100%)       1024M (100%)       1024M (100%)       1024M (100%)       1024M (100%)   
[17.269s][info][gc,heap     ] GC(23)      Free:      408M (40%)         292M (29%)         794M (78%)         814M (79%)         814M (79%)         282M (28%)    
[17.269s][info][gc,heap     ] GC(23)      Used:      616M (60%)         732M (71%)         230M (22%)         210M (21%)         742M (72%)         210M (21%)    
[17.269s][info][gc,heap     ] GC(23)      Live:         -                35M (3%)           35M (3%)           35M (3%)             -                  -          
[17.269s][info][gc,heap     ] GC(23) Allocated:         -               116M (11%)         132M (13%)         139M (14%)            -                  -          
[17.269s][info][gc,heap     ] GC(23)   Garbage:         -               580M (57%)          62M (6%)           34M (3%)             -                  -          
[17.269s][info][gc,heap     ] GC(23) Reclaimed:         -                  -               518M (51%)         545M (53%)            -                  -          
[17.269s][info][gc          ] GC(23) Garbage Collection (Allocation Rate) 616M(60%)->210M(21%)
[17.304s][info][gc,start    ] GC(24) Garbage Collection (Allocation Rate)
[17.304s][info][gc,task     ] GC(24) Using 4 workers
[17.304s][info][gc,phases   ] GC(24) Pause Mark Start 0.010ms
[17.351s][info][gc,phases   ] GC(24) Concurrent Mark 46.591ms
[17.351s][info][gc,phases   ] GC(24) Pause Mark End 0.014ms
[17.351s][info][gc,phases   ] GC(24) Concurrent Mark Free 0.002ms
[17.355s][info][gc,phases   ] GC(24) Concurrent Process Non-Strong References 3.969ms
[17.355s][info][gc,phases   ] GC(24) Concurrent Reset Relocation Set 0.003ms
[17.359s][info][gc,phases   ] GC(24) Concurrent Select Relocation Set 3.708ms
[17.359s][info][gc,phases   ] GC(24) Pause Relocate Start 0.007ms
[17.361s][info][gc,phases   ] GC(24) Concurrent Relocate 2.575ms
[17.362s][info][gc,load     ] GC(24) Load: 0.00/0.00/0.00
[17.362s][info][gc,mmu      ] GC(24) MMU: 2ms/97.1%, 5ms/98.8%, 10ms/99.3%, 20ms/99.7%, 50ms/99.8%, 100ms/99.9%
[17.362s][info][gc,marking  ] GC(24) Mark: 4 stripe(s), 2 proactive flush(es), 1 terminate flush(es), 0 completion(s), 0 continuation(s) 
[17.362s][info][gc,marking  ] GC(24) Mark Stack Usage: 32M
[17.362s][info][gc,nmethod  ] GC(24) NMethods: 4512 registered, 566 unregistered
[17.362s][info][gc,metaspace] GC(24) Metaspace: 57M used, 58M committed, 1088M reserved
[17.362s][info][gc,ref      ] GC(24) Soft: 4660 encountered, 0 discovered, 0 enqueued
[17.362s][info][gc,ref      ] GC(24) Weak: 5003 encountered, 429 discovered, 0 enqueued
[17.362s][info][gc,ref      ] GC(24) Final: 60 encountered, 0 discovered, 0 enqueued
[17.362s][info][gc,ref      ] GC(24) Phantom: 621 encountered, 474 discovered, 0 enqueued
[17.362s][info][gc,reloc    ] GC(24) Small Pages: 134 / 268M, Empty: 216M, Relocated: 5M, In-Place: 0
[17.362s][info][gc,reloc    ] GC(24) Medium Pages: 1 / 32M, Empty: 0M, Relocated: 0M, In-Place: 0
[17.362s][info][gc,reloc    ] GC(24) Large Pages: 0 / 0M, Empty: 0M, Relocated: 0M, In-Place: 0
[17.362s][info][gc,reloc    ] GC(24) Forwarding Usage: 1M
[17.362s][info][gc,heap     ] GC(24) Min Capacity: 8M(1%)
[17.362s][info][gc,heap     ] GC(24) Max Capacity: 1024M(100%)
[17.362s][info][gc,heap     ] GC(24) Soft Max Capacity: 1024M(100%)
[17.362s][info][gc,heap     ] GC(24)                Mark Start          Mark End        Relocate Start      Relocate End           High               Low         
[17.362s][info][gc,heap     ] GC(24)  Capacity:     1024M (100%)       1024M (100%)       1024M (100%)       1024M (100%)       1024M (100%)       1024M (100%)   
[17.362s][info][gc,heap     ] GC(24)      Free:      724M (71%)         596M (58%)         802M (78%)         814M (79%)         814M (79%)         586M (57%)    
[17.362s][info][gc,heap     ] GC(24)      Used:      300M (29%)         428M (42%)         222M (22%)         210M (21%)         438M (43%)         210M (21%)    
[17.362s][info][gc,heap     ] GC(24)      Live:         -                35M (3%)           35M (3%)           35M (3%)             -                  -          
[17.362s][info][gc,heap     ] GC(24) Allocated:         -               128M (13%)         138M (13%)         139M (14%)            -                  -          
[17.362s][info][gc,heap     ] GC(24)   Garbage:         -               264M (26%)          48M (5%)           34M (3%)             -                  -          
[17.362s][info][gc,heap     ] GC(24) Reclaimed:         -                  -               216M (21%)         229M (22%)            -                  -          
[17.362s][info][gc          ] GC(24) Garbage Collection (Allocation Rate) 300M(29%)->210M(21%)
[17.507s][info][gc,start    ] GC(25) Garbage Collection (Allocation Rate)
[17.507s][info][gc,task     ] GC(25) Using 3 workers
[17.507s][info][gc,phases   ] GC(25) Pause Mark Start 0.011ms
[17.554s][info][gc,phases   ] GC(25) Concurrent Mark 46.507ms
[17.554s][info][gc,phases   ] GC(25) Pause Mark End 0.016ms
[17.554s][info][gc,phases   ] GC(25) Concurrent Mark Free 0.001ms
[17.559s][info][gc,phases   ] GC(25) Concurrent Process Non-Strong References 5.200ms
[17.559s][info][gc,phases   ] GC(25) Concurrent Reset Relocation Set 0.002ms
[17.563s][info][gc,phases   ] GC(25) Concurrent Select Relocation Set 3.768ms
[17.563s][info][gc,phases   ] GC(25) Pause Relocate Start 0.009ms
[17.565s][info][gc,phases   ] GC(25) Concurrent Relocate 1.423ms
[17.565s][info][gc,load     ] GC(25) Load: 0.00/0.00/0.00
[17.565s][info][gc,mmu      ] GC(25) MMU: 2ms/97.1%, 5ms/98.8%, 10ms/99.3%, 20ms/99.7%, 50ms/99.8%, 100ms/99.9%
[17.565s][info][gc,marking  ] GC(25) Mark: 2 stripe(s), 2 proactive flush(es), 1 terminate flush(es), 0 completion(s), 0 continuation(s) 
[17.565s][info][gc,marking  ] GC(25) Mark Stack Usage: 32M
[17.565s][info][gc,nmethod  ] GC(25) NMethods: 4509 registered, 571 unregistered
[17.565s][info][gc,metaspace] GC(25) Metaspace: 57M used, 58M committed, 1088M reserved
[17.565s][info][gc,ref      ] GC(25) Soft: 4660 encountered, 0 discovered, 0 enqueued
[17.565s][info][gc,ref      ] GC(25) Weak: 5003 encountered, 773 discovered, 0 enqueued
[17.565s][info][gc,ref      ] GC(25) Final: 60 encountered, 2 discovered, 0 enqueued
[17.565s][info][gc,ref      ] GC(25) Phantom: 621 encountered, 342 discovered, 0 enqueued
[17.565s][info][gc,reloc    ] GC(25) Small Pages: 255 / 510M, Empty: 464M, Relocated: 1M, In-Place: 0
[17.565s][info][gc,reloc    ] GC(25) Medium Pages: 1 / 32M, Empty: 0M, Relocated: 0M, In-Place: 0
[17.565s][info][gc,reloc    ] GC(25) Large Pages: 0 / 0M, Empty: 0M, Relocated: 0M, In-Place: 0
[17.565s][info][gc,reloc    ] GC(25) Forwarding Usage: 0M
[17.565s][info][gc,heap     ] GC(25) Min Capacity: 8M(1%)
[17.565s][info][gc,heap     ] GC(25) Max Capacity: 1024M(100%)
[17.565s][info][gc,heap     ] GC(25) Soft Max Capacity: 1024M(100%)
[17.565s][info][gc,heap     ] GC(25)                Mark Start          Mark End        Relocate Start      Relocate End           High               Low         
[17.565s][info][gc,heap     ] GC(25)  Capacity:     1024M (100%)       1024M (100%)       1024M (100%)       1024M (100%)       1024M (100%)       1024M (100%)   
[17.565s][info][gc,heap     ] GC(25)      Free:      482M (47%)         374M (37%)         814M (79%)         816M (80%)         816M (80%)         360M (35%)    
[17.565s][info][gc,heap     ] GC(25)      Used:      542M (53%)         650M (63%)         210M (21%)         208M (20%)         664M (65%)         208M (20%)    
[17.565s][info][gc,heap     ] GC(25)      Live:         -                35M (3%)           35M (3%)           35M (3%)             -                  -          
[17.565s][info][gc,heap     ] GC(25) Allocated:         -               108M (11%)         132M (13%)         133M (13%)            -                  -          
[17.565s][info][gc,heap     ] GC(25)   Garbage:         -               506M (49%)          42M (4%)           38M (4%)             -                  -          
[17.566s][info][gc,heap     ] GC(25) Reclaimed:         -                  -               464M (45%)         467M (46%)            -                  -          
[17.566s][info][gc          ] GC(25) Garbage Collection (Allocation Rate) 542M(53%)->208M(20%)
[17.710s][info][gc,start    ] GC(26) Garbage Collection (Allocation Rate)
[17.710s][info][gc,task     ] GC(26) Using 3 workers
[17.710s][info][gc,phases   ] GC(26) Pause Mark Start 0.015ms
[17.757s][info][gc,phases   ] GC(26) Concurrent Mark 46.549ms
[17.757s][info][gc,phases   ] GC(26) Pause Mark End 0.018ms
[17.757s][info][gc,phases   ] GC(26) Concurrent Mark Free 0.001ms
[17.761s][info][gc,phases   ] GC(26) Concurrent Process Non-Strong References 4.183ms
[17.761s][info][gc,phases   ] GC(26) Concurrent Reset Relocation Set 0.001ms
[17.766s][info][gc,phases   ] GC(26) Concurrent Select Relocation Set 4.597ms
[17.766s][info][gc,phases   ] GC(26) Pause Relocate Start 0.006ms
[17.768s][info][gc,phases   ] GC(26) Concurrent Relocate 2.147ms
[17.768s][info][gc,load     ] GC(26) Load: 0.00/0.00/0.00
[17.768s][info][gc,mmu      ] GC(26) MMU: 2ms/97.1%, 5ms/98.8%, 10ms/99.3%, 20ms/99.7%, 50ms/99.8%, 100ms/99.9%
[17.768s][info][gc,marking  ] GC(26) Mark: 2 stripe(s), 2 proactive flush(es), 1 terminate flush(es), 0 completion(s), 0 continuation(s) 
[17.768s][info][gc,marking  ] GC(26) Mark Stack Usage: 32M
[17.769s][info][gc,nmethod  ] GC(26) NMethods: 4524 registered, 573 unregistered
[17.769s][info][gc,metaspace] GC(26) Metaspace: 57M used, 58M committed, 1088M reserved
[17.769s][info][gc,ref      ] GC(26) Soft: 4662 encountered, 0 discovered, 0 enqueued
[17.769s][info][gc,ref      ] GC(26) Weak: 5006 encountered, 869 discovered, 3 enqueued
[17.769s][info][gc,ref      ] GC(26) Final: 60 encountered, 1 discovered, 0 enqueued
[17.769s][info][gc,ref      ] GC(26) Phantom: 612 encountered, 491 discovered, 0 enqueued
[17.769s][info][gc,reloc    ] GC(26) Small Pages: 227 / 454M, Empty: 396M, Relocated: 3M, In-Place: 0
[17.769s][info][gc,reloc    ] GC(26) Medium Pages: 1 / 32M, Empty: 0M, Relocated: 0M, In-Place: 0
[17.769s][info][gc,reloc    ] GC(26) Large Pages: 0 / 0M, Empty: 0M, Relocated: 0M, In-Place: 0
[17.769s][info][gc,reloc    ] GC(26) Forwarding Usage: 1M
[17.769s][info][gc,heap     ] GC(26) Min Capacity: 8M(1%)
[17.769s][info][gc,heap     ] GC(26) Max Capacity: 1024M(100%)
[17.769s][info][gc,heap     ] GC(26) Soft Max Capacity: 1024M(100%)
[17.769s][info][gc,heap     ] GC(26)                Mark Start          Mark End        Relocate Start      Relocate End           High               Low         
[17.769s][info][gc,heap     ] GC(26)  Capacity:     1024M (100%)       1024M (100%)       1024M (100%)       1024M (100%)       1024M (100%)       1024M (100%)   
[17.769s][info][gc,heap     ] GC(26)      Free:      538M (53%)         486M (47%)         872M (85%)         890M (87%)         890M (87%)         480M (47%)    
[17.769s][info][gc,heap     ] GC(26)      Used:      486M (47%)         538M (53%)         152M (15%)         134M (13%)         544M (53%)         134M (13%)    
[17.769s][info][gc,heap     ] GC(26)      Live:         -                34M (3%)           34M (3%)           34M (3%)             -                  -          
[17.769s][info][gc,heap     ] GC(26) Allocated:         -                52M (5%)           62M (6%)           63M (6%)             -                  -          
[17.769s][info][gc,heap     ] GC(26)   Garbage:         -               451M (44%)          55M (5%)           35M (3%)             -                  -          
[17.769s][info][gc,heap     ] GC(26) Reclaimed:         -                  -               396M (39%)         415M (41%)            -                  -          
[17.769s][info][gc          ] GC(26) Garbage Collection (Allocation Rate) 486M(47%)->134M(13%)
[17.913s][info][gc,start    ] GC(27) Garbage Collection (Allocation Rate)
[17.913s][info][gc,task     ] GC(27) Using 2 workers
[17.914s][info][gc,phases   ] GC(27) Pause Mark Start 0.016ms
[17.965s][info][gc,phases   ] GC(27) Concurrent Mark 51.386ms
[17.965s][info][gc,phases   ] GC(27) Pause Mark End 0.015ms
[17.965s][info][gc,phases   ] GC(27) Concurrent Mark Free 0.001ms
[17.971s][info][gc,phases   ] GC(27) Concurrent Process Non-Strong References 5.765ms
[17.971s][info][gc,phases   ] GC(27) Concurrent Reset Relocation Set 0.002ms
[17.975s][info][gc,phases   ] GC(27) Concurrent Select Relocation Set 3.596ms
[17.975s][info][gc,phases   ] GC(27) Pause Relocate Start 0.008ms
[17.977s][info][gc,phases   ] GC(27) Concurrent Relocate 2.286ms
[17.977s][info][gc,load     ] GC(27) Load: 0.00/0.00/0.00
[17.977s][info][gc,mmu      ] GC(27) MMU: 2ms/97.1%, 5ms/98.8%, 10ms/99.3%, 20ms/99.7%, 50ms/99.8%, 100ms/99.9%
[17.977s][info][gc,marking  ] GC(27) Mark: 2 stripe(s), 2 proactive flush(es), 1 terminate flush(es), 0 completion(s), 0 continuation(s) 
[17.977s][info][gc,marking  ] GC(27) Mark Stack Usage: 32M
[17.977s][info][gc,nmethod  ] GC(27) NMethods: 4642 registered, 575 unregistered
[17.977s][info][gc,metaspace] GC(27) Metaspace: 58M used, 58M committed, 1088M reserved
[17.977s][info][gc,ref      ] GC(27) Soft: 4654 encountered, 0 discovered, 0 enqueued
[17.977s][info][gc,ref      ] GC(27) Weak: 5010 encountered, 751 discovered, 1 enqueued
[17.978s][info][gc,ref      ] GC(27) Final: 60 encountered, 0 discovered, 0 enqueued
[17.978s][info][gc,ref      ] GC(27) Phantom: 606 encountered, 480 discovered, 0 enqueued
[17.978s][info][gc,reloc    ] GC(27) Small Pages: 87 / 174M, Empty: 118M, Relocated: 1M, In-Place: 0
[17.978s][info][gc,reloc    ] GC(27) Medium Pages: 1 / 32M, Empty: 0M, Relocated: 0M, In-Place: 0
[17.978s][info][gc,reloc    ] GC(27) Large Pages: 0 / 0M, Empty: 0M, Relocated: 0M, In-Place: 0
[17.978s][info][gc,reloc    ] GC(27) Forwarding Usage: 0M
[17.978s][info][gc,heap     ] GC(27) Min Capacity: 8M(1%)
[17.978s][info][gc,heap     ] GC(27) Max Capacity: 1024M(100%)
[17.978s][info][gc,heap     ] GC(27) Soft Max Capacity: 1024M(100%)
[17.978s][info][gc,heap     ] GC(27)                Mark Start          Mark End        Relocate Start      Relocate End           High               Low         
[17.978s][info][gc,heap     ] GC(27)  Capacity:     1024M (100%)       1024M (100%)       1024M (100%)       1024M (100%)       1024M (100%)       1024M (100%)   
[17.978s][info][gc,heap     ] GC(27)      Free:      818M (80%)         804M (79%)         922M (90%)         940M (92%)         940M (92%)         804M (79%)    
[17.978s][info][gc,heap     ] GC(27)      Used:      206M (20%)         220M (21%)         102M (10%)          84M (8%)          220M (21%)          84M (8%)     
[17.978s][info][gc,heap     ] GC(27)      Live:         -                32M (3%)           32M (3%)           32M (3%)             -                  -          
[17.978s][info][gc,heap     ] GC(27) Allocated:         -                14M (1%)           14M (1%)           13M (1%)             -                  -          
[17.978s][info][gc,heap     ] GC(27)   Garbage:         -               173M (17%)          55M (5%)           37M (4%)             -                  -          
[17.978s][info][gc,heap     ] GC(27) Reclaimed:         -                  -               118M (12%)         135M (13%)            -                  -          
[17.978s][info][gc          ] GC(27) Garbage Collection (Allocation Rate) 206M(20%)->84M(8%)
[18.117s][info][gc,start    ] GC(28) Garbage Collection (Allocation Rate)
[18.117s][info][gc,task     ] GC(28) Using 5 workers
[18.117s][info][gc,phases   ] GC(28) Pause Mark Start 0.009ms
[18.148s][info][gc,phases   ] GC(28) Concurrent Mark 30.826ms
[18.148s][info][gc,phases   ] GC(28) Pause Mark End 0.016ms
[18.148s][info][gc,phases   ] GC(28) Concurrent Mark Free 0.001ms
[18.159s][info][gc,phases   ] GC(28) Concurrent Process Non-Strong References 11.135ms
[18.159s][info][gc,phases   ] GC(28) Concurrent Reset Relocation Set 0.001ms
[18.163s][info][gc,phases   ] GC(28) Concurrent Select Relocation Set 3.365ms
[18.163s][info][gc,phases   ] GC(28) Pause Relocate Start 0.007ms
[18.166s][info][gc,phases   ] GC(28) Concurrent Relocate 2.989ms
[18.166s][info][gc,load     ] GC(28) Load: 0.00/0.00/0.00
[18.166s][info][gc,mmu      ] GC(28) MMU: 2ms/97.1%, 5ms/98.8%, 10ms/99.3%, 20ms/99.7%, 50ms/99.8%, 100ms/99.9%
[18.166s][info][gc,marking  ] GC(28) Mark: 4 stripe(s), 2 proactive flush(es), 1 terminate flush(es), 0 completion(s), 0 continuation(s) 
[18.166s][info][gc,marking  ] GC(28) Mark Stack Usage: 32M
[18.166s][info][gc,nmethod  ] GC(28) NMethods: 4987 registered, 639 unregistered
[18.166s][info][gc,metaspace] GC(28) Metaspace: 59M used, 60M committed, 1088M reserved
[18.166s][info][gc,ref      ] GC(28) Soft: 4734 encountered, 0 discovered, 0 enqueued
[18.166s][info][gc,ref      ] GC(28) Weak: 5775 encountered, 2895 discovered, 388 enqueued
[18.166s][info][gc,ref      ] GC(28) Final: 60 encountered, 26 discovered, 0 enqueued
[18.166s][info][gc,ref      ] GC(28) Phantom: 831 encountered, 669 discovered, 217 enqueued
[18.166s][info][gc,reloc    ] GC(28) Small Pages: 28 / 56M, Empty: 0M, Relocated: 6M, In-Place: 0
[18.166s][info][gc,reloc    ] GC(28) Medium Pages: 1 / 32M, Empty: 0M, Relocated: 0M, In-Place: 0
[18.166s][info][gc,reloc    ] GC(28) Large Pages: 1 / 6M, Empty: 6M, Relocated: 0M, In-Place: 0
[18.166s][info][gc,reloc    ] GC(28) Forwarding Usage: 2M
[18.166s][info][gc,heap     ] GC(28) Min Capacity: 8M(1%)
[18.166s][info][gc,heap     ] GC(28) Max Capacity: 1024M(100%)
[18.166s][info][gc,heap     ] GC(28) Soft Max Capacity: 1024M(100%)
[18.166s][info][gc,heap     ] GC(28)                Mark Start          Mark End        Relocate Start      Relocate End           High               Low         
[18.166s][info][gc,heap     ] GC(28)  Capacity:     1024M (100%)       1024M (100%)       1024M (100%)       1024M (100%)       1024M (100%)       1024M (100%)   
[18.166s][info][gc,heap     ] GC(28)      Free:      930M (91%)         926M (90%)         928M (91%)         946M (92%)         946M (92%)         918M (90%)    
[18.166s][info][gc,heap     ] GC(28)      Used:       94M (9%)           98M (10%)          96M (9%)           78M (8%)          106M (10%)          78M (8%)     
[18.166s][info][gc,heap     ] GC(28)      Live:         -                34M (3%)           34M (3%)           34M (3%)             -                  -          
[18.166s][info][gc,heap     ] GC(28) Allocated:         -                 4M (0%)            8M (1%)            7M (1%)             -                  -          
[18.166s][info][gc,heap     ] GC(28)   Garbage:         -                59M (6%)           53M (5%)           35M (4%)             -                  -          
[18.166s][info][gc,heap     ] GC(28) Reclaimed:         -                  -                 6M (1%)           23M (2%)             -                  -          
[18.166s][info][gc          ] GC(28) Garbage Collection (Allocation Rate) 94M(9%)->78M(8%)
[18.304s][info][gc,start    ] GC(29) Garbage Collection (Allocation Rate)
[18.304s][info][gc,task     ] GC(29) Using 5 workers
[18.304s][info][gc,phases   ] GC(29) Pause Mark Start 0.018ms
[18.335s][info][gc,phases   ] GC(29) Concurrent Mark 30.838ms
[18.335s][info][gc,phases   ] GC(29) Pause Mark End 0.016ms
[18.336s][info][gc,phases   ] GC(29) Concurrent Mark Free 0.001ms
[18.348s][info][gc,phases   ] GC(29) Concurrent Process Non-Strong References 12.845ms
[18.348s][info][gc,phases   ] GC(29) Concurrent Reset Relocation Set 0.002ms
[18.352s][info][gc,phases   ] GC(29) Concurrent Select Relocation Set 3.076ms
[18.352s][info][gc,phases   ] GC(29) Pause Relocate Start 0.011ms
[18.353s][info][gc,phases   ] GC(29) Concurrent Relocate 1.691ms
[18.354s][info][gc,load     ] GC(29) Load: 0.00/0.00/0.00
[18.354s][info][gc,mmu      ] GC(29) MMU: 2ms/97.1%, 5ms/98.8%, 10ms/99.3%, 20ms/99.7%, 50ms/99.8%, 100ms/99.9%
[18.354s][info][gc,marking  ] GC(29) Mark: 4 stripe(s), 2 proactive flush(es), 1 terminate flush(es), 0 completion(s), 0 continuation(s) 
[18.354s][info][gc,marking  ] GC(29) Mark Stack Usage: 32M
[18.354s][info][gc,nmethod  ] GC(29) NMethods: 5060 registered, 104 unregistered
[18.354s][info][gc,metaspace] GC(29) Metaspace: 59M used, 60M committed, 1088M reserved
[18.354s][info][gc,ref      ] GC(29) Soft: 4744 encountered, 0 discovered, 0 enqueued
[18.354s][info][gc,ref      ] GC(29) Weak: 5521 encountered, 604 discovered, 48 enqueued
[18.354s][info][gc,ref      ] GC(29) Final: 60 encountered, 0 discovered, 0 enqueued
[18.354s][info][gc,ref      ] GC(29) Phantom: 652 encountered, 532 discovered, 38 enqueued
[18.354s][info][gc,reloc    ] GC(29) Small Pages: 58 / 116M, Empty: 0M, Relocated: 3M, In-Place: 0
[18.354s][info][gc,reloc    ] GC(29) Medium Pages: 1 / 32M, Empty: 0M, Relocated: 0M, In-Place: 0
[18.354s][info][gc,reloc    ] GC(29) Large Pages: 0 / 0M, Empty: 0M, Relocated: 0M, In-Place: 0
[18.354s][info][gc,reloc    ] GC(29) Forwarding Usage: 1M
[18.354s][info][gc,heap     ] GC(29) Min Capacity: 8M(1%)
[18.354s][info][gc,heap     ] GC(29) Max Capacity: 1024M(100%)
[18.354s][info][gc,heap     ] GC(29) Soft Max Capacity: 1024M(100%)
[18.354s][info][gc,heap     ] GC(29)                Mark Start          Mark End        Relocate Start      Relocate End           High               Low         
[18.354s][info][gc,heap     ] GC(29)  Capacity:     1024M (100%)       1024M (100%)       1024M (100%)       1024M (100%)       1024M (100%)       1024M (100%)   
[18.354s][info][gc,heap     ] GC(29)      Free:      876M (86%)         860M (84%)         806M (79%)         876M (86%)         876M (86%)         796M (78%)    
[18.354s][info][gc,heap     ] GC(29)      Used:      148M (14%)         164M (16%)         218M (21%)         148M (14%)         228M (22%)         148M (14%)    
[18.354s][info][gc,heap     ] GC(29)      Live:         -                36M (4%)           36M (4%)           36M (4%)             -                  -          
[18.354s][info][gc,heap     ] GC(29) Allocated:         -                16M (2%)           70M (7%)           69M (7%)             -                  -          
[18.354s][info][gc,heap     ] GC(29)   Garbage:         -               111M (11%)         111M (11%)          41M (4%)             -                  -          
[18.354s][info][gc,heap     ] GC(29) Reclaimed:         -                  -                 0M (0%)           69M (7%)             -                  -          
[18.354s][info][gc          ] GC(29) Garbage Collection (Allocation Rate) 148M(14%)->148M(14%)
[18.413s][info][gc,start    ] GC(30) Garbage Collection (Allocation Rate)
[18.413s][info][gc,task     ] GC(30) Using 5 workers
[18.414s][info][gc,phases   ] GC(30) Pause Mark Start 0.016ms
[18.445s][info][gc,phases   ] GC(30) Concurrent Mark 30.893ms
[18.445s][info][gc,phases   ] GC(30) Pause Mark End 0.015ms
[18.445s][info][gc,phases   ] GC(30) Concurrent Mark Free 0.001ms
[18.448s][info][gc,phases   ] GC(30) Concurrent Process Non-Strong References 2.675ms
[18.448s][info][gc,phases   ] GC(30) Concurrent Reset Relocation Set 0.003ms
[18.452s][info][gc,phases   ] GC(30) Concurrent Select Relocation Set 4.486ms
[18.452s][info][gc,phases   ] GC(30) Pause Relocate Start 0.010ms
[18.459s][info][gc,phases   ] GC(30) Concurrent Relocate 7.050ms
[18.459s][info][gc,load     ] GC(30) Load: 0.00/0.00/0.00
[18.459s][info][gc,mmu      ] GC(30) MMU: 2ms/97.1%, 5ms/98.8%, 10ms/99.3%, 20ms/99.7%, 50ms/99.8%, 100ms/99.9%
[18.459s][info][gc,marking  ] GC(30) Mark: 4 stripe(s), 2 proactive flush(es), 1 terminate flush(es), 0 completion(s), 0 continuation(s) 
[18.459s][info][gc,marking  ] GC(30) Mark Stack Usage: 32M
[18.459s][info][gc,nmethod  ] GC(30) NMethods: 5066 registered, 108 unregistered
[18.459s][info][gc,metaspace] GC(30) Metaspace: 59M used, 60M committed, 1088M reserved
[18.459s][info][gc,ref      ] GC(30) Soft: 4744 encountered, 0 discovered, 0 enqueued
[18.459s][info][gc,ref      ] GC(30) Weak: 5473 encountered, 801 discovered, 0 enqueued
[18.459s][info][gc,ref      ] GC(30) Final: 60 encountered, 1 discovered, 0 enqueued
[18.459s][info][gc,ref      ] GC(30) Phantom: 614 encountered, 506 discovered, 0 enqueued
[18.459s][info][gc,reloc    ] GC(30) Small Pages: 55 / 110M, Empty: 0M, Relocated: 10M, In-Place: 0
[18.459s][info][gc,reloc    ] GC(30) Medium Pages: 2 / 64M, Empty: 0M, Relocated: 6M, In-Place: 0
[18.459s][info][gc,reloc    ] GC(30) Large Pages: 0 / 0M, Empty: 0M, Relocated: 0M, In-Place: 0
[18.460s][info][gc,reloc    ] GC(30) Forwarding Usage: 4M
[18.460s][info][gc,heap     ] GC(30) Min Capacity: 8M(1%)
[18.460s][info][gc,heap     ] GC(30) Max Capacity: 1024M(100%)
[18.460s][info][gc,heap     ] GC(30) Soft Max Capacity: 1024M(100%)
[18.460s][info][gc,heap     ] GC(30)                Mark Start          Mark End        Relocate Start      Relocate End           High               Low         
[18.460s][info][gc,heap     ] GC(30)  Capacity:     1024M (100%)       1024M (100%)       1024M (100%)       1024M (100%)       1024M (100%)       1024M (100%)   
[18.460s][info][gc,heap     ] GC(30)      Free:      850M (83%)         798M (78%)         796M (78%)         886M (87%)         886M (87%)         758M (74%)    
[18.460s][info][gc,heap     ] GC(30)      Used:      174M (17%)         226M (22%)         228M (22%)         138M (13%)         266M (26%)         138M (13%)    
[18.460s][info][gc,heap     ] GC(30)      Live:         -                43M (4%)           43M (4%)           43M (4%)             -                  -          
[18.460s][info][gc,heap     ] GC(30) Allocated:         -                52M (5%)           54M (5%)           56M (6%)             -                  -          
[18.460s][info][gc,heap     ] GC(30)   Garbage:         -               130M (13%)         130M (13%)          37M (4%)             -                  -          
[18.460s][info][gc,heap     ] GC(30) Reclaimed:         -                  -                 0M (0%)           92M (9%)             -                  -          
[18.460s][info][gc          ] GC(30) Garbage Collection (Allocation Rate) 174M(17%)->138M(13%)
[18.507s][info][gc,start    ] GC(31) Garbage Collection (Allocation Rate)
[18.507s][info][gc,task     ] GC(31) Using 5 workers
[18.523s][info][gc,phases   ] GC(31) Pause Mark Start 0.012ms
[18.570s][info][gc,phases   ] GC(31) Concurrent Mark 46.731ms
[18.570s][info][gc,phases   ] GC(31) Pause Mark End 0.013ms
[18.570s][info][gc,phases   ] GC(31) Concurrent Mark Free 0.001ms
[18.572s][info][gc,phases   ] GC(31) Concurrent Process Non-Strong References 2.609ms
[18.572s][info][gc,phases   ] GC(31) Concurrent Reset Relocation Set 0.007ms
[18.584s][info][gc,phases   ] GC(31) Concurrent Select Relocation Set 11.989ms
[18.585s][info][gc,phases   ] GC(31) Pause Relocate Start 0.007ms
[18.592s][info][gc,phases   ] GC(31) Concurrent Relocate 7.232ms
[18.592s][info][gc,load     ] GC(31) Load: 0.00/0.00/0.00
[18.592s][info][gc,mmu      ] GC(31) MMU: 2ms/97.1%, 5ms/98.8%, 10ms/99.3%, 20ms/99.7%, 50ms/99.8%, 100ms/99.9%
[18.592s][info][gc,marking  ] GC(31) Mark: 4 stripe(s), 3 proactive flush(es), 1 terminate flush(es), 0 completion(s), 0 continuation(s) 
[18.592s][info][gc,marking  ] GC(31) Mark Stack Usage: 32M
[18.592s][info][gc,nmethod  ] GC(31) NMethods: 5071 registered, 118 unregistered
[18.592s][info][gc,metaspace] GC(31) Metaspace: 59M used, 60M committed, 1088M reserved
[18.592s][info][gc,ref      ] GC(31) Soft: 4744 encountered, 0 discovered, 0 enqueued
[18.592s][info][gc,ref      ] GC(31) Weak: 5473 encountered, 984 discovered, 0 enqueued
[18.592s][info][gc,ref      ] GC(31) Final: 60 encountered, 5 discovered, 0 enqueued
[18.592s][info][gc,ref      ] GC(31) Phantom: 614 encountered, 383 discovered, 0 enqueued
[18.592s][info][gc,reloc    ] GC(31) Small Pages: 51 / 102M, Empty: 0M, Relocated: 10M, In-Place: 0
[18.592s][info][gc,reloc    ] GC(31) Medium Pages: 2 / 64M, Empty: 0M, Relocated: 7M, In-Place: 0
[18.592s][info][gc,reloc    ] GC(31) Large Pages: 0 / 0M, Empty: 0M, Relocated: 0M, In-Place: 0
[18.592s][info][gc,reloc    ] GC(31) Forwarding Usage: 5M
[18.592s][info][gc,heap     ] GC(31) Min Capacity: 8M(1%)
[18.592s][info][gc,heap     ] GC(31) Max Capacity: 1024M(100%)
[18.592s][info][gc,heap     ] GC(31) Soft Max Capacity: 1024M(100%)
[18.592s][info][gc,heap     ] GC(31)                Mark Start          Mark End        Relocate Start      Relocate End           High               Low         
[18.592s][info][gc,heap     ] GC(31)  Capacity:     1024M (100%)       1024M (100%)       1024M (100%)       1024M (100%)       1024M (100%)       1024M (100%)   
[18.592s][info][gc,heap     ] GC(31)      Free:      858M (84%)         840M (82%)         834M (81%)         878M (86%)         878M (86%)         764M (75%)    
[18.592s][info][gc,heap     ] GC(31)      Used:      166M (16%)         184M (18%)         190M (19%)         146M (14%)         260M (25%)         146M (14%)    
[18.592s][info][gc,heap     ] GC(31)      Live:         -                51M (5%)           51M (5%)           51M (5%)             -                  -          
[18.592s][info][gc,heap     ] GC(31) Allocated:         -                18M (2%)           24M (2%)           57M (6%)             -                  -          
[18.592s][info][gc,heap     ] GC(31)   Garbage:         -               114M (11%)         114M (11%)          37M (4%)             -                  -          
[18.593s][info][gc,heap     ] GC(31) Reclaimed:         -                  -                 0M (0%)           77M (8%)             -                  -          
[18.593s][info][gc          ] GC(31) Garbage Collection (Allocation Rate) 166M(16%)->146M(14%)
[18.616s][info][gc,start    ] GC(32) Garbage Collection (Allocation Rate)
[18.617s][info][gc,task     ] GC(32) Using 5 workers
[18.617s][info][gc,phases   ] GC(32) Pause Mark Start 0.014ms
[18.663s][info][gc,phases   ] GC(32) Concurrent Mark 46.514ms
[18.664s][info][gc,phases   ] GC(32) Pause Mark End 0.025ms
[18.664s][info][gc,phases   ] GC(32) Concurrent Mark Free 0.001ms
[18.667s][info][gc,phases   ] GC(32) Concurrent Process Non-Strong References 2.987ms
[18.667s][info][gc,phases   ] GC(32) Concurrent Reset Relocation Set 0.006ms
[18.679s][info][gc,phases   ] GC(32) Concurrent Select Relocation Set 12.031ms
[18.679s][info][gc,phases   ] GC(32) Pause Relocate Start 0.016ms
[18.687s][info][gc,phases   ] GC(32) Concurrent Relocate 8.469ms
[18.688s][info][gc,load     ] GC(32) Load: 0.00/0.00/0.00
[18.688s][info][gc,mmu      ] GC(32) MMU: 2ms/97.1%, 5ms/98.8%, 10ms/99.3%, 20ms/99.7%, 50ms/99.8%, 100ms/99.9%
[18.688s][info][gc,marking  ] GC(32) Mark: 4 stripe(s), 2 proactive flush(es), 1 terminate flush(es), 0 completion(s), 0 continuation(s) 
[18.688s][info][gc,marking  ] GC(32) Mark Stack Usage: 32M
[18.688s][info][gc,nmethod  ] GC(32) NMethods: 5075 registered, 125 unregistered
[18.688s][info][gc,metaspace] GC(32) Metaspace: 59M used, 60M committed, 1088M reserved
[18.688s][info][gc,ref      ] GC(32) Soft: 4750 encountered, 0 discovered, 0 enqueued
[18.688s][info][gc,ref      ] GC(32) Weak: 5504 encountered, 2516 discovered, 9 enqueued
[18.688s][info][gc,ref      ] GC(32) Final: 60 encountered, 0 discovered, 0 enqueued
[18.688s][info][gc,ref      ] GC(32) Phantom: 618 encountered, 525 discovered, 4 enqueued
[18.688s][info][gc,reloc    ] GC(32) Small Pages: 51 / 102M, Empty: 0M, Relocated: 12M, In-Place: 0
[18.688s][info][gc,reloc    ] GC(32) Medium Pages: 2 / 64M, Empty: 0M, Relocated: 8M, In-Place: 0
[18.688s][info][gc,reloc    ] GC(32) Large Pages: 0 / 0M, Empty: 0M, Relocated: 0M, In-Place: 0
[18.688s][info][gc,reloc    ] GC(32) Forwarding Usage: 6M
[18.688s][info][gc,heap     ] GC(32) Min Capacity: 8M(1%)
[18.688s][info][gc,heap     ] GC(32) Max Capacity: 1024M(100%)
[18.688s][info][gc,heap     ] GC(32) Soft Max Capacity: 1024M(100%)
[18.688s][info][gc,heap     ] GC(32)                Mark Start          Mark End        Relocate Start      Relocate End           High               Low         
[18.688s][info][gc,heap     ] GC(32)  Capacity:     1024M (100%)       1024M (100%)       1024M (100%)       1024M (100%)       1024M (100%)       1024M (100%)   
[18.688s][info][gc,heap     ] GC(32)      Free:      858M (84%)         786M (77%)         774M (76%)         842M (82%)         858M (84%)         736M (72%)    
[18.688s][info][gc,heap     ] GC(32)      Used:      166M (16%)         238M (23%)         250M (24%)         182M (18%)         288M (28%)         166M (16%)    
[18.688s][info][gc,heap     ] GC(32)      Live:         -                58M (6%)           58M (6%)           58M (6%)             -                  -          
[18.688s][info][gc,heap     ] GC(32) Allocated:         -                72M (7%)           84M (8%)           87M (9%)             -                  -          
[18.688s][info][gc,heap     ] GC(32)   Garbage:         -               107M (10%)         107M (10%)          35M (3%)             -                  -          
[18.688s][info][gc,heap     ] GC(32) Reclaimed:         -                  -                 0M (0%)           71M (7%)             -                  -          
[18.688s][info][gc          ] GC(32) Garbage Collection (Allocation Rate) 166M(16%)->182M(18%)
[18.710s][info][gc,start    ] GC(33) Garbage Collection (Allocation Rate)
[18.710s][info][gc,task     ] GC(33) Using 5 workers
[18.710s][info][gc,phases   ] GC(33) Pause Mark Start 0.010ms
[18.773s][info][gc,phases   ] GC(33) Concurrent Mark 62.179ms
[18.773s][info][gc,phases   ] GC(33) Pause Mark End 0.016ms
[18.773s][info][gc,phases   ] GC(33) Concurrent Mark Free 0.002ms
[18.775s][info][gc,phases   ] GC(33) Concurrent Process Non-Strong References 2.549ms
[18.775s][info][gc,phases   ] GC(33) Concurrent Reset Relocation Set 0.006ms
[18.789s][info][gc,phases   ] GC(33) Concurrent Select Relocation Set 13.853ms
[18.790s][info][gc,phases   ] GC(33) Pause Relocate Start 0.008ms
[18.803s][info][gc,phases   ] GC(33) Concurrent Relocate 13.316ms
[18.803s][info][gc,load     ] GC(33) Load: 0.00/0.00/0.00
[18.803s][info][gc,mmu      ] GC(33) MMU: 2ms/97.1%, 5ms/98.8%, 10ms/99.3%, 20ms/99.7%, 50ms/99.8%, 100ms/99.9%
[18.803s][info][gc,marking  ] GC(33) Mark: 4 stripe(s), 2 proactive flush(es), 1 terminate flush(es), 0 completion(s), 0 continuation(s) 
[18.803s][info][gc,marking  ] GC(33) Mark Stack Usage: 32M
[18.803s][info][gc,nmethod  ] GC(33) NMethods: 5080 registered, 129 unregistered
[18.803s][info][gc,metaspace] GC(33) Metaspace: 59M used, 60M committed, 1088M reserved
[18.803s][info][gc,ref      ] GC(33) Soft: 4750 encountered, 0 discovered, 0 enqueued
[18.803s][info][gc,ref      ] GC(33) Weak: 5495 encountered, 1850 discovered, 0 enqueued
[18.803s][info][gc,ref      ] GC(33) Final: 60 encountered, 1 discovered, 0 enqueued
[18.803s][info][gc,ref      ] GC(33) Phantom: 613 encountered, 538 discovered, 0 enqueued
[18.803s][info][gc,reloc    ] GC(33) Small Pages: 66 / 132M, Empty: 0M, Relocated: 15M, In-Place: 0
[18.803s][info][gc,reloc    ] GC(33) Medium Pages: 2 / 64M, Empty: 0M, Relocated: 12M, In-Place: 0
[18.803s][info][gc,reloc    ] GC(33) Large Pages: 0 / 0M, Empty: 0M, Relocated: 0M, In-Place: 0
[18.803s][info][gc,reloc    ] GC(33) Forwarding Usage: 10M
[18.803s][info][gc,heap     ] GC(33) Min Capacity: 8M(1%)
[18.803s][info][gc,heap     ] GC(33) Max Capacity: 1024M(100%)
[18.804s][info][gc,heap     ] GC(33) Soft Max Capacity: 1024M(100%)
[18.804s][info][gc,heap     ] GC(33)                Mark Start          Mark End        Relocate Start      Relocate End           High               Low         
[18.804s][info][gc,heap     ] GC(33)  Capacity:     1024M (100%)       1024M (100%)       1024M (100%)       1024M (100%)       1024M (100%)       1024M (100%)   
[18.804s][info][gc,heap     ] GC(33)      Free:      828M (81%)         774M (76%)         758M (74%)         844M (82%)         844M (82%)         720M (70%)    
[18.804s][info][gc,heap     ] GC(33)      Used:      196M (19%)         250M (24%)         266M (26%)         180M (18%)         304M (30%)         180M (18%)    
[18.804s][info][gc,heap     ] GC(33)      Live:         -                75M (7%)           75M (7%)           75M (7%)             -                  -          
[18.804s][info][gc,heap     ] GC(33) Allocated:         -                54M (5%)           70M (7%)           67M (7%)             -                  -          
[18.804s][info][gc,heap     ] GC(33)   Garbage:         -               120M (12%)         120M (12%)          36M (4%)             -                  -          
[18.804s][info][gc,heap     ] GC(33) Reclaimed:         -                  -                 0M (0%)           83M (8%)             -                  -          
[18.804s][info][gc          ] GC(33) Garbage Collection (Allocation Rate) 196M(19%)->180M(18%)
[18.913s][info][gc,start    ] GC(34) Garbage Collection (Allocation Rate)
[18.913s][info][gc,task     ] GC(34) Using 5 workers
[18.914s][info][gc,phases   ] GC(34) Pause Mark Start 0.013ms
[18.991s][info][gc,phases   ] GC(34) Concurrent Mark 77.779ms
[18.992s][info][gc,phases   ] GC(34) Pause Mark End 0.019ms
[18.992s][info][gc,phases   ] GC(34) Concurrent Mark Free 0.001ms
[18.994s][info][gc,phases   ] GC(34) Concurrent Process Non-Strong References 2.835ms
[18.995s][info][gc,phases   ] GC(34) Concurrent Reset Relocation Set 0.008ms
[19.013s][info][gc,phases   ] GC(34) Concurrent Select Relocation Set 18.333ms
[19.013s][info][gc,phases   ] GC(34) Pause Relocate Start 0.010ms
[19.031s][info][gc,phases   ] GC(34) Concurrent Relocate 17.863ms
[19.031s][info][gc,load     ] GC(34) Load: 0.00/0.00/0.00
[19.031s][info][gc,mmu      ] GC(34) MMU: 2ms/97.1%, 5ms/98.8%, 10ms/99.3%, 20ms/99.7%, 50ms/99.8%, 100ms/99.9%
[19.031s][info][gc,marking  ] GC(34) Mark: 4 stripe(s), 2 proactive flush(es), 1 terminate flush(es), 0 completion(s), 0 continuation(s) 
[19.031s][info][gc,marking  ] GC(34) Mark Stack Usage: 32M
[19.031s][info][gc,nmethod  ] GC(34) NMethods: 5077 registered, 132 unregistered
[19.031s][info][gc,metaspace] GC(34) Metaspace: 59M used, 60M committed, 1088M reserved
[19.031s][info][gc,ref      ] GC(34) Soft: 4750 encountered, 0 discovered, 0 enqueued
[19.031s][info][gc,ref      ] GC(34) Weak: 5495 encountered, 2366 discovered, 0 enqueued
[19.031s][info][gc,ref      ] GC(34) Final: 60 encountered, 6 discovered, 0 enqueued
[19.031s][info][gc,ref      ] GC(34) Phantom: 614 encountered, 350 discovered, 0 enqueued
[19.031s][info][gc,reloc    ] GC(34) Small Pages: 78 / 156M, Empty: 0M, Relocated: 17M, In-Place: 0
[19.031s][info][gc,reloc    ] GC(34) Medium Pages: 2 / 64M, Empty: 0M, Relocated: 13M, In-Place: 0
[19.031s][info][gc,reloc    ] GC(34) Large Pages: 0 / 0M, Empty: 0M, Relocated: 0M, In-Place: 0
[19.031s][info][gc,reloc    ] GC(34) Forwarding Usage: 10M
[19.031s][info][gc,heap     ] GC(34) Min Capacity: 8M(1%)
[19.031s][info][gc,heap     ] GC(34) Max Capacity: 1024M(100%)
[19.031s][info][gc,heap     ] GC(34) Soft Max Capacity: 1024M(100%)
[19.032s][info][gc,heap     ] GC(34)                Mark Start          Mark End        Relocate Start      Relocate End           High               Low         
[19.032s][info][gc,heap     ] GC(34)  Capacity:     1024M (100%)       1024M (100%)       1024M (100%)       1024M (100%)       1024M (100%)       1024M (100%)   
[19.032s][info][gc,heap     ] GC(34)      Free:      804M (79%)         766M (75%)         758M (74%)         814M (79%)         814M (79%)         688M (67%)    
[19.032s][info][gc,heap     ] GC(34)      Used:      220M (21%)         258M (25%)         266M (26%)         210M (21%)         336M (33%)         210M (21%)    
[19.032s][info][gc,heap     ] GC(34)      Live:         -                90M (9%)           90M (9%)           90M (9%)             -                  -          
[19.032s][info][gc,heap     ] GC(34) Allocated:         -                38M (4%)           46M (4%)           85M (8%)             -                  -          
[19.032s][info][gc,heap     ] GC(34)   Garbage:         -               129M (13%)         129M (13%)          34M (3%)             -                  -          
[19.032s][info][gc,heap     ] GC(34) Reclaimed:         -                  -                 0M (0%)           95M (9%)             -                  -          
[19.032s][info][gc          ] GC(34) Garbage Collection (Allocation Rate) 220M(21%)->210M(21%)
[19.804s][info][gc,start    ] GC(35) Garbage Collection (Allocation Rate)
[19.804s][info][gc,task     ] GC(35) Using 2 workers
[19.804s][info][gc,phases   ] GC(35) Pause Mark Start 0.013ms
[20.078s][info][gc,phases   ] GC(35) Concurrent Mark 273.580ms
[20.078s][info][gc,phases   ] GC(35) Pause Mark End 0.026ms
[20.078s][info][gc,phases   ] GC(35) Concurrent Mark Free 0.002ms
[20.086s][info][gc,phases   ] GC(35) Concurrent Process Non-Strong References 7.883ms
[20.086s][info][gc,phases   ] GC(35) Concurrent Reset Relocation Set 0.010ms
[20.109s][info][gc,stats    ] === Garbage Collection Statistics =======================================================================================================================
[20.109s][info][gc,stats    ]                                                              Last 10s              Last 10m              Last 10h                Total
[20.109s][info][gc,stats    ]                                                              Avg / Max             Avg / Max             Avg / Max             Avg / Max
[20.109s][info][gc,stats    ]   Collector: Garbage Collection Cycle                    119.808 / 1546.086    117.672 / 1546.086    117.672 / 1546.086    117.672 / 1546.086    ms
[20.109s][info][gc,stats    ]  Contention: Mark Segment Reset Contention                    60 / 443              30 / 443              30 / 443              30 / 443         ops/s
[20.109s][info][gc,stats    ]  Contention: Mark SeqNum Reset Contention                      1 / 4                 0 / 4                 0 / 4                 0 / 4           ops/s
[20.109s][info][gc,stats    ]    Critical: Allocation Stall                                  0 / 0                 0 / 0                 0 / 0                 0 / 0           ops/s
[20.109s][info][gc,stats    ]    Critical: Allocation Stall                              0.000 / 0.000         0.000 / 0.000         0.000 / 0.000         0.000 / 0.000       ms
[20.109s][info][gc,stats    ]    Critical: GC Locker Stall                                   0 / 1                 0 / 1                 0 / 1                 0 / 1           ops/s
[20.109s][info][gc,stats    ]    Critical: GC Locker Stall                               0.001 / 0.001         0.001 / 0.001         0.001 / 0.001         0.001 / 0.001       ms
[20.109s][info][gc,stats    ]    Critical: Relocation Stall                                  0 / 0                 0 / 0                 0 / 0                 0 / 0           ops/s
[20.109s][info][gc,stats    ]    Critical: Relocation Stall                              0.000 / 0.000         0.000 / 0.000         0.000 / 0.000         0.000 / 0.000       ms
[20.109s][info][gc,stats    ]      Memory: Allocation Rate                                 861 / 2754            437 / 2754            437 / 2754            437 / 2754        MB/s
[20.109s][info][gc,stats    ]      Memory: Defragment                                        0 / 0                 0 / 0                 0 / 0                 0 / 0           ops/s
[20.109s][info][gc,stats    ]      Memory: Out Of Memory                                     0 / 0                 0 / 0                 0 / 0                 0 / 0           ops/s
[20.109s][info][gc,stats    ]      Memory: Page Cache Flush                                  0 / 0                 0 / 0                 0 / 0                 0 / 0           MB/s
[20.110s][info][gc,stats    ]      Memory: Page Cache Hit L1                               405 / 1477            203 / 1477            203 / 1477            203 / 1477        ops/s
[20.110s][info][gc,stats    ]      Memory: Page Cache Hit L2                                 0 / 0                 0 / 0                 0 / 0                 0 / 0           ops/s
[20.110s][info][gc,stats    ]      Memory: Page Cache Hit L3                                39 / 226              22 / 226              22 / 226              22 / 226         ops/s
[20.110s][info][gc,stats    ]      Memory: Page Cache Miss                                   0 / 0                 0 / 1                 0 / 1                 0 / 1           ops/s
[20.110s][info][gc,stats    ]      Memory: Uncommit                                          0 / 0                 0 / 0                 0 / 0                 0 / 0           MB/s
[20.110s][info][gc,stats    ]      Memory: Undo Object Allocation Failed                     3 / 28                1 / 28                1 / 28                1 / 28          ops/s
[20.110s][info][gc,stats    ]      Memory: Undo Object Allocation Succeeded                  4 / 24                2 / 24                2 / 24                2 / 24          ops/s
[20.110s][info][gc,stats    ]      Memory: Undo Page Allocation                             10 / 38                5 / 38                5 / 38                5 / 38          ops/s
[20.110s][info][gc,stats    ]       Phase: Concurrent Mark                             109.280 / 1535.632    107.096 / 1535.632    107.096 / 1535.632    107.096 / 1535.632    ms
[20.110s][info][gc,stats    ]       Phase: Concurrent Mark Continue                      0.000 / 0.000         0.000 / 0.000         0.000 / 0.000         0.000 / 0.000       ms
[20.110s][info][gc,stats    ]       Phase: Concurrent Mark Free                          0.001 / 0.002         0.001 / 0.002         0.001 / 0.002         0.001 / 0.002       ms
[20.110s][info][gc,stats    ]       Phase: Concurrent Process Non-Strong References      3.657 / 16.419        3.601 / 16.419        3.601 / 16.419        3.601 / 16.419      ms
[20.110s][info][gc,stats    ]       Phase: Concurrent Relocate                           4.353 / 17.863        4.319 / 17.863        4.319 / 17.863        4.319 / 17.863      ms
[20.110s][info][gc,stats    ]       Phase: Concurrent Reset Relocation Set               0.004 / 0.010         0.003 / 0.010         0.003 / 0.010         0.003 / 0.010       ms
[20.110s][info][gc,stats    ]       Phase: Concurrent Select Relocation Set              5.248 / 18.333        5.334 / 18.333        5.334 / 18.333        5.334 / 18.333      ms
[20.110s][info][gc,stats    ]       Phase: Pause Mark End                                0.024 / 0.059         0.024 / 0.059         0.024 / 0.059         0.024 / 0.059       ms
[20.110s][info][gc,stats    ]       Phase: Pause Mark Start                              0.013 / 0.018         0.013 / 0.018         0.013 / 0.018         0.013 / 0.018       ms
[20.110s][info][gc,stats    ]       Phase: Pause Relocate Start                          0.009 / 0.016         0.009 / 0.019         0.009 / 0.019         0.009 / 0.019       ms
[20.110s][info][gc,stats    ]    Subphase: Concurrent Classes Purge                      0.150 / 1.663         0.161 / 1.663         0.161 / 1.663         0.161 / 1.663       ms
[20.110s][info][gc,stats    ]    Subphase: Concurrent Classes Unlink                     2.757 / 13.942        2.701 / 13.942        2.701 / 13.942        2.701 / 13.942      ms
[20.110s][info][gc,stats    ]    Subphase: Concurrent Mark                             113.617 / 1532.438    110.509 / 1532.438    110.509 / 1532.438    110.509 / 1532.438    ms
[20.110s][info][gc,stats    ]    Subphase: Concurrent Mark Try Flush                     0.088 / 0.460         0.086 / 0.460         0.086 / 0.460         0.086 / 0.460       ms
[20.110s][info][gc,stats    ]    Subphase: Concurrent Mark Try Terminate                11.450 / 17.022       11.431 / 17.022       11.431 / 17.022       11.431 / 17.022      ms
[20.110s][info][gc,stats    ]    Subphase: Concurrent References Enqueue                 0.002 / 0.005         0.002 / 0.005         0.002 / 0.005         0.002 / 0.005       ms
[20.110s][info][gc,stats    ]    Subphase: Concurrent References Process                 0.135 / 0.389         0.135 / 0.389         0.135 / 0.389         0.135 / 0.389       ms
[20.110s][info][gc,stats    ]    Subphase: Concurrent Roots ClassLoaderDataGraph         0.097 / 0.775         0.098 / 0.775         0.098 / 0.775         0.098 / 0.775       ms
[20.110s][info][gc,stats    ]    Subphase: Concurrent Roots CodeCache                    0.000 / 0.000         0.000 / 0.000         0.000 / 0.000         0.000 / 0.000       ms
[20.110s][info][gc,stats    ]    Subphase: Concurrent Roots JavaThreads                  4.004 / 12.049        3.920 / 12.049        3.920 / 12.049        3.920 / 12.049      ms
[20.110s][info][gc,stats    ]    Subphase: Concurrent Roots OopStorageSet                0.024 / 0.084         0.027 / 0.343         0.027 / 0.343         0.027 / 0.343       ms
[20.110s][info][gc,stats    ]    Subphase: Concurrent Weak Roots OopStorageSet           0.392 / 1.280         0.382 / 1.280         0.382 / 1.280         0.382 / 1.280       ms
[20.110s][info][gc,stats    ]    Subphase: Pause Mark Try Complete                       0.002 / 0.005         0.002 / 0.005         0.002 / 0.005         0.002 / 0.005       ms
[20.110s][info][gc,stats    ]      System: Java Threads                                     76 / 90               74 / 90               74 / 90               74 / 90          threads
[20.110s][info][gc,stats    ] =========================================================================================================================================================
[20.112s][info][gc,phases   ] GC(35) Concurrent Select Relocation Set 25.543ms
[20.112s][info][gc,phases   ] GC(35) Pause Relocate Start 0.007ms
[20.194s][info][gc,phases   ] GC(35) Concurrent Relocate 82.400ms
[20.195s][info][gc,load     ] GC(35) Load: 0.00/0.00/0.00
[20.195s][info][gc,mmu      ] GC(35) MMU: 2ms/97.1%, 5ms/98.8%, 10ms/99.3%, 20ms/99.7%, 50ms/99.8%, 100ms/99.9%
[20.195s][info][gc,marking  ] GC(35) Mark: 2 stripe(s), 2 proactive flush(es), 1 terminate flush(es), 0 completion(s), 0 continuation(s) 
[20.195s][info][gc,marking  ] GC(35) Mark Stack Usage: 32M
[20.195s][info][gc,nmethod  ] GC(35) NMethods: 5427 registered, 173 unregistered
[20.195s][info][gc,metaspace] GC(35) Metaspace: 60M used, 61M committed, 1088M reserved
[20.195s][info][gc,ref      ] GC(35) Soft: 4767 encountered, 0 discovered, 0 enqueued
[20.195s][info][gc,ref      ] GC(35) Weak: 5619 encountered, 2733 discovered, 37 enqueued
[20.195s][info][gc,ref      ] GC(35) Final: 60 encountered, 0 discovered, 0 enqueued
[20.195s][info][gc,ref      ] GC(35) Phantom: 637 encountered, 568 discovered, 25 enqueued
[20.195s][info][gc,reloc    ] GC(35) Small Pages: 257 / 514M, Empty: 0M, Relocated: 62M, In-Place: 0
[20.195s][info][gc,reloc    ] GC(35) Medium Pages: 2 / 64M, Empty: 0M, Relocated: 6M, In-Place: 1
[20.195s][info][gc,reloc    ] GC(35) Large Pages: 4 / 24M, Empty: 6M, Relocated: 0M, In-Place: 0
[20.195s][info][gc,reloc    ] GC(35) Forwarding Usage: 42M
[20.195s][info][gc,heap     ] GC(35) Min Capacity: 8M(1%)
[20.195s][info][gc,heap     ] GC(35) Max Capacity: 1024M(100%)
[20.195s][info][gc,heap     ] GC(35) Soft Max Capacity: 1024M(100%)
[20.195s][info][gc,heap     ] GC(35)                Mark Start          Mark End        Relocate Start      Relocate End           High               Low         
[20.195s][info][gc,heap     ] GC(35)  Capacity:     1024M (100%)       1024M (100%)       1024M (100%)       1024M (100%)       1024M (100%)       1024M (100%)   
[20.195s][info][gc,heap     ] GC(35)      Free:      422M (41%)          44M (4%)           16M (2%)          264M (26%)         422M (41%)          10M (1%)     
[20.195s][info][gc,heap     ] GC(35)      Used:      602M (59%)         980M (96%)        1008M (98%)         760M (74%)        1014M (99%)         602M (59%)    
[20.195s][info][gc,heap     ] GC(35)      Live:         -               163M (16%)         163M (16%)         163M (16%)            -                  -          
[20.195s][info][gc,heap     ] GC(35) Allocated:         -               378M (37%)         412M (40%)         562M (55%)            -                  -          
[20.195s][info][gc,heap     ] GC(35)   Garbage:         -               438M (43%)         432M (42%)          34M (3%)             -                  -          
[20.195s][info][gc,heap     ] GC(35) Reclaimed:         -                  -                 6M (1%)          404M (40%)            -                  -          
[20.195s][info][gc          ] GC(35) Garbage Collection (Allocation Rate) 602M(59%)->760M(74%)
[20.203s][info][gc,start    ] GC(36) Garbage Collection (Allocation Rate)
[20.203s][info][gc,task     ] GC(36) Using 10 workers
[20.203s][info][gc,phases   ] GC(36) Pause Mark Start 0.013ms
[20.343s][info][gc,phases   ] GC(36) Concurrent Mark 140.255ms
[20.344s][info][gc,phases   ] GC(36) Pause Mark End 0.017ms
[20.344s][info][gc,phases   ] GC(36) Concurrent Mark Free 0.001ms
[20.346s][info][gc,phases   ] GC(36) Concurrent Process Non-Strong References 2.068ms
[20.346s][info][gc,phases   ] GC(36) Concurrent Reset Relocation Set 0.053ms
[20.390s][info][gc,phases   ] GC(36) Concurrent Select Relocation Set 43.730ms
[20.390s][info][gc,phases   ] GC(36) Pause Relocate Start 0.008ms
[20.426s][info][gc,phases   ] GC(36) Concurrent Relocate 36.119ms
[20.426s][info][gc,load     ] GC(36) Load: 0.00/0.00/0.00
[20.426s][info][gc,mmu      ] GC(36) MMU: 2ms/97.1%, 5ms/98.8%, 10ms/99.3%, 20ms/99.7%, 50ms/99.8%, 100ms/99.9%
[20.426s][info][gc,marking  ] GC(36) Mark: 8 stripe(s), 6 proactive flush(es), 1 terminate flush(es), 0 completion(s), 0 continuation(s) 
[20.426s][info][gc,marking  ] GC(36) Mark Stack Usage: 32M
[20.426s][info][gc,nmethod  ] GC(36) NMethods: 5394 registered, 303 unregistered
[20.426s][info][gc,metaspace] GC(36) Metaspace: 60M used, 61M committed, 1088M reserved
[20.426s][info][gc,ref      ] GC(36) Soft: 4775 encountered, 0 discovered, 0 enqueued
[20.426s][info][gc,ref      ] GC(36) Weak: 5622 encountered, 2265 discovered, 22 enqueued
[20.426s][info][gc,ref      ] GC(36) Final: 60 encountered, 4 discovered, 0 enqueued
[20.426s][info][gc,ref      ] GC(36) Phantom: 622 encountered, 396 discovered, 12 enqueued
[20.426s][info][gc,reloc    ] GC(36) Small Pages: 323 / 646M, Empty: 0M, Relocated: 90M, In-Place: 0
[20.426s][info][gc,reloc    ] GC(36) Medium Pages: 3 / 96M, Empty: 0M, Relocated: 15M, In-Place: 0
[20.426s][info][gc,reloc    ] GC(36) Large Pages: 5 / 30M, Empty: 18M, Relocated: 0M, In-Place: 0
[20.426s][info][gc,reloc    ] GC(36) Forwarding Usage: 58M
[20.426s][info][gc,heap     ] GC(36) Min Capacity: 8M(1%)
[20.426s][info][gc,heap     ] GC(36) Max Capacity: 1024M(100%)
[20.426s][info][gc,heap     ] GC(36) Soft Max Capacity: 1024M(100%)
[20.426s][info][gc,heap     ] GC(36)                Mark Start          Mark End        Relocate Start      Relocate End           High               Low         
[20.426s][info][gc,heap     ] GC(36)  Capacity:     1024M (100%)       1024M (100%)       1024M (100%)       1024M (100%)       1024M (100%)       1024M (100%)   
[20.426s][info][gc,heap     ] GC(36)      Free:      252M (25%)          84M (8%)           56M (5%)          490M (48%)         490M (48%)          10M (1%)     
[20.426s][info][gc,heap     ] GC(36)      Used:      772M (75%)         940M (92%)         968M (95%)         534M (52%)        1014M (99%)         534M (52%)    
[20.426s][info][gc,heap     ] GC(36)      Live:         -               250M (24%)         250M (24%)         250M (24%)            -                  -          
[20.426s][info][gc,heap     ] GC(36) Allocated:         -               168M (16%)         214M (21%)         249M (24%)            -                  -          
[20.426s][info][gc,heap     ] GC(36)   Garbage:         -               521M (51%)         503M (49%)          33M (3%)             -                  -          
[20.426s][info][gc,heap     ] GC(36) Reclaimed:         -                  -                18M (2%)          487M (48%)            -                  -          
[20.426s][info][gc          ] GC(36) Garbage Collection (Allocation Rate) 772M(75%)->534M(52%)
[20.515s][info][gc,start    ] GC(37) Garbage Collection (Allocation Rate)
[20.515s][info][gc,task     ] GC(37) Using 10 workers
[20.515s][info][gc,phases   ] GC(37) Pause Mark Start 0.008ms
[20.671s][info][gc,phases   ] GC(37) Concurrent Mark 156.004ms
[20.672s][info][gc,phases   ] GC(37) Pause Mark End 0.017ms
[20.672s][info][gc,phases   ] GC(37) Concurrent Mark Free 0.001ms
[20.674s][info][gc,phases   ] GC(37) Concurrent Process Non-Strong References 1.941ms
[20.674s][info][gc,phases   ] GC(37) Concurrent Reset Relocation Set 0.035ms
[20.679s][info][gc,phases   ] GC(37) Concurrent Select Relocation Set 5.602ms
[20.679s][info][gc,phases   ] GC(37) Pause Relocate Start 0.009ms
[20.700s][info][gc,phases   ] GC(37) Concurrent Relocate 20.355ms
[20.700s][info][gc,load     ] GC(37) Load: 0.00/0.00/0.00
[20.700s][info][gc,mmu      ] GC(37) MMU: 2ms/97.1%, 5ms/98.8%, 10ms/99.3%, 20ms/99.7%, 50ms/99.8%, 100ms/99.9%
[20.700s][info][gc,marking  ] GC(37) Mark: 8 stripe(s), 2 proactive flush(es), 1 terminate flush(es), 0 completion(s), 0 continuation(s) 
[20.700s][info][gc,marking  ] GC(37) Mark Stack Usage: 32M
[20.700s][info][gc,nmethod  ] GC(37) NMethods: 5361 registered, 355 unregistered
[20.700s][info][gc,metaspace] GC(37) Metaspace: 60M used, 61M committed, 1088M reserved
[20.700s][info][gc,ref      ] GC(37) Soft: 4792 encountered, 0 discovered, 0 enqueued
[20.700s][info][gc,ref      ] GC(37) Weak: 5632 encountered, 2240 discovered, 7 enqueued
[20.700s][info][gc,ref      ] GC(37) Final: 60 encountered, 3 discovered, 0 enqueued
[20.700s][info][gc,ref      ] GC(37) Phantom: 616 encountered, 345 discovered, 2 enqueued
[20.700s][info][gc,reloc    ] GC(37) Small Pages: 241 / 482M, Empty: 0M, Relocated: 47M, In-Place: 0
[20.700s][info][gc,reloc    ] GC(37) Medium Pages: 2 / 64M, Empty: 0M, Relocated: 18M, In-Place: 0
[20.700s][info][gc,reloc    ] GC(37) Large Pages: 4 / 24M, Empty: 0M, Relocated: 0M, In-Place: 0
[20.700s][info][gc,reloc    ] GC(37) Forwarding Usage: 34M
[20.700s][info][gc,heap     ] GC(37) Min Capacity: 8M(1%)
[20.700s][info][gc,heap     ] GC(37) Max Capacity: 1024M(100%)
[20.700s][info][gc,heap     ] GC(37) Soft Max Capacity: 1024M(100%)
[20.700s][info][gc,heap     ] GC(37)                Mark Start          Mark End        Relocate Start      Relocate End           High               Low         
[20.700s][info][gc,heap     ] GC(37)  Capacity:     1024M (100%)       1024M (100%)       1024M (100%)       1024M (100%)       1024M (100%)       1024M (100%)   
[20.700s][info][gc,heap     ] GC(37)      Free:      454M (44%)         408M (40%)         406M (40%)         628M (61%)         628M (61%)         358M (35%)    
[20.700s][info][gc,heap     ] GC(37)      Used:      570M (56%)         616M (60%)         618M (60%)         396M (39%)         666M (65%)         396M (39%)    
[20.700s][info][gc,heap     ] GC(37)      Live:         -               311M (30%)         311M (30%)         311M (30%)            -                  -          
[20.700s][info][gc,heap     ] GC(37) Allocated:         -                46M (4%)           48M (5%)           51M (5%)             -                  -          
[20.700s][info][gc,heap     ] GC(37)   Garbage:         -               258M (25%)         258M (25%)          33M (3%)             -                  -          
[20.700s][info][gc,heap     ] GC(37) Reclaimed:         -                  -                 0M (0%)          225M (22%)            -                  -          
[20.700s][info][gc          ] GC(37) Garbage Collection (Allocation Rate) 570M(56%)->396M(39%)
[20.718s][info][gc,start    ] GC(38) Garbage Collection (Allocation Rate)
[20.718s][info][gc,task     ] GC(38) Using 10 workers
[20.718s][info][gc,phases   ] GC(38) Pause Mark Start 0.013ms
[20.843s][info][gc,phases   ] GC(38) Concurrent Mark 124.718ms
[20.843s][info][gc,phases   ] GC(38) Pause Mark End 0.015ms
[20.843s][info][gc,phases   ] GC(38) Concurrent Mark Free 0.001ms
[20.845s][info][gc,phases   ] GC(38) Concurrent Process Non-Strong References 1.581ms
[20.845s][info][gc,phases   ] GC(38) Concurrent Reset Relocation Set 0.015ms
[20.850s][info][gc,phases   ] GC(38) Concurrent Select Relocation Set 5.246ms
[20.850s][info][gc,phases   ] GC(38) Pause Relocate Start 0.007ms
[20.854s][info][gc,phases   ] GC(38) Concurrent Relocate 3.375ms
[20.854s][info][gc,load     ] GC(38) Load: 0.00/0.00/0.00
[20.854s][info][gc,mmu      ] GC(38) MMU: 2ms/97.1%, 5ms/98.8%, 10ms/99.3%, 20ms/99.7%, 50ms/99.8%, 100ms/99.9%
[20.854s][info][gc,marking  ] GC(38) Mark: 8 stripe(s), 2 proactive flush(es), 1 terminate flush(es), 0 completion(s), 0 continuation(s) 
[20.854s][info][gc,marking  ] GC(38) Mark Stack Usage: 32M
[20.854s][info][gc,nmethod  ] GC(38) NMethods: 5372 registered, 362 unregistered
[20.854s][info][gc,metaspace] GC(38) Metaspace: 60M used, 61M committed, 1088M reserved
[20.854s][info][gc,ref      ] GC(38) Soft: 4792 encountered, 0 discovered, 0 enqueued
[20.854s][info][gc,ref      ] GC(38) Weak: 5625 encountered, 872 discovered, 0 enqueued
[20.854s][info][gc,ref      ] GC(38) Final: 60 encountered, 5 discovered, 0 enqueued
[20.854s][info][gc,ref      ] GC(38) Phantom: 614 encountered, 568 discovered, 0 enqueued
[20.854s][info][gc,reloc    ] GC(38) Small Pages: 174 / 348M, Empty: 22M, Relocated: 4M, In-Place: 0
[20.854s][info][gc,reloc    ] GC(38) Medium Pages: 1 / 32M, Empty: 0M, Relocated: 0M, In-Place: 0
[20.854s][info][gc,reloc    ] GC(38) Large Pages: 4 / 24M, Empty: 0M, Relocated: 0M, In-Place: 0
[20.854s][info][gc,reloc    ] GC(38) Forwarding Usage: 2M
[20.854s][info][gc,heap     ] GC(38) Min Capacity: 8M(1%)
[20.854s][info][gc,heap     ] GC(38) Max Capacity: 1024M(100%)
[20.854s][info][gc,heap     ] GC(38) Soft Max Capacity: 1024M(100%)
[20.854s][info][gc,heap     ] GC(38)                Mark Start          Mark End        Relocate Start      Relocate End           High               Low         
[20.854s][info][gc,heap     ] GC(38)  Capacity:     1024M (100%)       1024M (100%)       1024M (100%)       1024M (100%)       1024M (100%)       1024M (100%)   
[20.854s][info][gc,heap     ] GC(38)      Free:      620M (61%)         578M (56%)         600M (59%)         628M (61%)         628M (61%)         578M (56%)    
[20.854s][info][gc,heap     ] GC(38)      Used:      404M (39%)         446M (44%)         424M (41%)         396M (39%)         446M (44%)         396M (39%)    
[20.854s][info][gc,heap     ] GC(38)      Live:         -               311M (30%)         311M (30%)         311M (30%)            -                  -          
[20.854s][info][gc,heap     ] GC(38) Allocated:         -                42M (4%)           42M (4%)           43M (4%)             -                  -          
[20.854s][info][gc,heap     ] GC(38)   Garbage:         -                92M (9%)           70M (7%)           40M (4%)             -                  -          
[20.854s][info][gc,heap     ] GC(38) Reclaimed:         -                  -                22M (2%)           51M (5%)             -                  -          
[20.854s][info][gc          ] GC(38) Garbage Collection (Allocation Rate) 404M(39%)->396M(39%)
[20.906s][info][gc,start    ] GC(39) Garbage Collection (Allocation Rate)
[20.906s][info][gc,task     ] GC(39) Using 10 workers
[20.906s][info][gc,phases   ] GC(39) Pause Mark Start 0.014ms
[21.031s][info][gc,phases   ] GC(39) Concurrent Mark 124.640ms
[21.031s][info][gc,phases   ] GC(39) Pause Mark End 0.019ms
[21.031s][info][gc,phases   ] GC(39) Concurrent Mark Free 0.001ms
[21.033s][info][gc,phases   ] GC(39) Concurrent Process Non-Strong References 1.688ms
[21.033s][info][gc,phases   ] GC(39) Concurrent Reset Relocation Set 0.003ms
[21.035s][info][gc,phases   ] GC(39) Concurrent Select Relocation Set 2.451ms
[21.035s][info][gc,phases   ] GC(39) Pause Relocate Start 0.006ms
[21.038s][info][gc,phases   ] GC(39) Concurrent Relocate 2.882ms
[21.038s][info][gc,load     ] GC(39) Load: 0.00/0.00/0.00
[21.038s][info][gc,mmu      ] GC(39) MMU: 2ms/97.1%, 5ms/98.8%, 10ms/99.3%, 20ms/99.7%, 50ms/99.8%, 100ms/99.9%
[21.038s][info][gc,marking  ] GC(39) Mark: 8 stripe(s), 2 proactive flush(es), 1 terminate flush(es), 0 completion(s), 0 continuation(s) 
[21.038s][info][gc,marking  ] GC(39) Mark Stack Usage: 32M
[21.038s][info][gc,nmethod  ] GC(39) NMethods: 5362 registered, 15 unregistered
[21.038s][info][gc,metaspace] GC(39) Metaspace: 60M used, 61M committed, 1088M reserved
[21.038s][info][gc,ref      ] GC(39) Soft: 4792 encountered, 0 discovered, 0 enqueued
[21.038s][info][gc,ref      ] GC(39) Weak: 5625 encountered, 1118 discovered, 0 enqueued
[21.038s][info][gc,ref      ] GC(39) Final: 60 encountered, 2 discovered, 0 enqueued
[21.038s][info][gc,ref      ] GC(39) Phantom: 614 encountered, 559 discovered, 0 enqueued
[21.038s][info][gc,reloc    ] GC(39) Small Pages: 179 / 358M, Empty: 30M, Relocated: 4M, In-Place: 0
[21.038s][info][gc,reloc    ] GC(39) Medium Pages: 1 / 32M, Empty: 0M, Relocated: 0M, In-Place: 0
[21.038s][info][gc,reloc    ] GC(39) Large Pages: 4 / 24M, Empty: 0M, Relocated: 0M, In-Place: 0
[21.038s][info][gc,reloc    ] GC(39) Forwarding Usage: 2M
[21.038s][info][gc,heap     ] GC(39) Min Capacity: 8M(1%)
[21.038s][info][gc,heap     ] GC(39) Max Capacity: 1024M(100%)
[21.038s][info][gc,heap     ] GC(39) Soft Max Capacity: 1024M(100%)
[21.038s][info][gc,heap     ] GC(39)                Mark Start          Mark End        Relocate Start      Relocate End           High               Low         
[21.038s][info][gc,heap     ] GC(39)  Capacity:     1024M (100%)       1024M (100%)       1024M (100%)       1024M (100%)       1024M (100%)       1024M (100%)   
[21.039s][info][gc,heap     ] GC(39)      Free:      610M (60%)         568M (55%)         598M (58%)         630M (62%)         630M (62%)         568M (55%)    
[21.039s][info][gc,heap     ] GC(39)      Used:      414M (40%)         456M (45%)         426M (42%)         394M (38%)         456M (45%)         394M (38%)    
[21.039s][info][gc,heap     ] GC(39)      Live:         -               311M (30%)         311M (30%)         311M (30%)            -                  -          
[21.039s][info][gc,heap     ] GC(39) Allocated:         -                42M (4%)           42M (4%)           41M (4%)             -                  -          
[21.039s][info][gc,heap     ] GC(39)   Garbage:         -               102M (10%)          72M (7%)           40M (4%)             -                  -          
[21.039s][info][gc,heap     ] GC(39) Reclaimed:         -                  -                30M (3%)           61M (6%)             -                  -          
[21.039s][info][gc          ] GC(39) Garbage Collection (Allocation Rate) 414M(40%)->394M(38%)
[21.218s][info][gc,start    ] GC(40) Garbage Collection (Allocation Rate)
[21.218s][info][gc,task     ] GC(40) Using 10 workers
[21.218s][info][gc,phases   ] GC(40) Pause Mark Start 0.016ms
[21.328s][info][gc,phases   ] GC(40) Concurrent Mark 109.037ms
[21.328s][info][gc,phases   ] GC(40) Pause Mark End 0.021ms
[21.328s][info][gc,phases   ] GC(40) Concurrent Mark Free 0.001ms
[21.330s][info][gc,phases   ] GC(40) Concurrent Process Non-Strong References 2.220ms
[21.330s][info][gc,phases   ] GC(40) Concurrent Reset Relocation Set 0.003ms
[21.346s][info][gc,phases   ] GC(40) Concurrent Select Relocation Set 15.834ms
[21.346s][info][gc,phases   ] GC(40) Pause Relocate Start 0.010ms
[21.370s][info][gc,phases   ] GC(40) Concurrent Relocate 23.418ms
[21.370s][info][gc,load     ] GC(40) Load: 0.00/0.00/0.00
[21.370s][info][gc,mmu      ] GC(40) MMU: 2ms/97.1%, 5ms/98.8%, 10ms/99.3%, 20ms/99.7%, 50ms/99.8%, 100ms/99.9%
[21.370s][info][gc,marking  ] GC(40) Mark: 8 stripe(s), 3 proactive flush(es), 1 terminate flush(es), 0 completion(s), 0 continuation(s) 
[21.370s][info][gc,marking  ] GC(40) Mark Stack Usage: 32M
[21.370s][info][gc,nmethod  ] GC(40) NMethods: 5460 registered, 98 unregistered
[21.370s][info][gc,metaspace] GC(40) Metaspace: 60M used, 61M committed, 1088M reserved
[21.370s][info][gc,ref      ] GC(40) Soft: 4792 encountered, 0 discovered, 0 enqueued
[21.370s][info][gc,ref      ] GC(40) Weak: 5639 encountered, 934 discovered, 5 enqueued
[21.370s][info][gc,ref      ] GC(40) Final: 60 encountered, 4 discovered, 0 enqueued
[21.370s][info][gc,ref      ] GC(40) Phantom: 617 encountered, 497 discovered, 4 enqueued
[21.370s][info][gc,reloc    ] GC(40) Small Pages: 235 / 470M, Empty: 42M, Relocated: 40M, In-Place: 0
[21.370s][info][gc,reloc    ] GC(40) Medium Pages: 1 / 32M, Empty: 0M, Relocated: 0M, In-Place: 0
[21.370s][info][gc,reloc    ] GC(40) Large Pages: 4 / 24M, Empty: 24M, Relocated: 0M, In-Place: 0
[21.370s][info][gc,reloc    ] GC(40) Forwarding Usage: 31M
[21.370s][info][gc,heap     ] GC(40) Min Capacity: 8M(1%)
[21.370s][info][gc,heap     ] GC(40) Max Capacity: 1024M(100%)
[21.370s][info][gc,heap     ] GC(40) Soft Max Capacity: 1024M(100%)
[21.370s][info][gc,heap     ] GC(40)                Mark Start          Mark End        Relocate Start      Relocate End           High               Low         
[21.370s][info][gc,heap     ] GC(40)  Capacity:     1024M (100%)       1024M (100%)       1024M (100%)       1024M (100%)       1024M (100%)       1024M (100%)   
[21.370s][info][gc,heap     ] GC(40)      Free:      498M (49%)         364M (36%)         398M (39%)         600M (59%)         600M (59%)         354M (35%)    
[21.370s][info][gc,heap     ] GC(40)      Used:      526M (51%)         660M (64%)         626M (61%)         424M (41%)         670M (65%)         424M (41%)    
[21.370s][info][gc,heap     ] GC(40)      Live:         -               193M (19%)         193M (19%)         193M (19%)            -                  -          
[21.370s][info][gc,heap     ] GC(40) Allocated:         -               134M (13%)         166M (16%)         200M (20%)            -                  -          
[21.370s][info][gc,heap     ] GC(40)   Garbage:         -               332M (32%)         266M (26%)          29M (3%)             -                  -          
[21.370s][info][gc,heap     ] GC(40) Reclaimed:         -                  -                66M (6%)          302M (30%)            -                  -          
[21.370s][info][gc          ] GC(40) Garbage Collection (Allocation Rate) 526M(51%)->424M(41%)
[21.406s][info][gc,start    ] GC(41) Garbage Collection (Allocation Rate)
[21.406s][info][gc,task     ] GC(41) Using 10 workers
[21.406s][info][gc,phases   ] GC(41) Pause Mark Start 0.016ms
[21.515s][info][gc,phases   ] GC(41) Concurrent Mark 109.040ms
[21.515s][info][gc,phases   ] GC(41) Pause Mark End 0.017ms
[21.515s][info][gc,phases   ] GC(41) Concurrent Mark Free 0.001ms
[21.517s][info][gc,phases   ] GC(41) Concurrent Process Non-Strong References 1.964ms
[21.517s][info][gc,phases   ] GC(41) Concurrent Reset Relocation Set 0.026ms
[21.523s][info][gc,phases   ] GC(41) Concurrent Select Relocation Set 5.849ms
[21.523s][info][gc,phases   ] GC(41) Pause Relocate Start 0.008ms
[21.537s][info][gc,phases   ] GC(41) Concurrent Relocate 13.803ms
[21.537s][info][gc,load     ] GC(41) Load: 0.00/0.00/0.00
[21.537s][info][gc,mmu      ] GC(41) MMU: 2ms/97.1%, 5ms/98.8%, 10ms/99.3%, 20ms/99.7%, 50ms/99.8%, 100ms/99.9%
[21.537s][info][gc,marking  ] GC(41) Mark: 8 stripe(s), 2 proactive flush(es), 1 terminate flush(es), 0 completion(s), 0 continuation(s) 
[21.537s][info][gc,marking  ] GC(41) Mark Stack Usage: 32M
[21.537s][info][gc,nmethod  ] GC(41) NMethods: 5502 registered, 115 unregistered
[21.537s][info][gc,metaspace] GC(41) Metaspace: 60M used, 61M committed, 1088M reserved
[21.537s][info][gc,ref      ] GC(41) Soft: 4792 encountered, 0 discovered, 0 enqueued
[21.537s][info][gc,ref      ] GC(41) Weak: 5634 encountered, 1759 discovered, 0 enqueued
[21.537s][info][gc,ref      ] GC(41) Final: 60 encountered, 2 discovered, 0 enqueued
[21.537s][info][gc,ref      ] GC(41) Phantom: 614 encountered, 609 discovered, 0 enqueued
[21.537s][info][gc,reloc    ] GC(41) Small Pages: 214 / 428M, Empty: 0M, Relocated: 17M, In-Place: 0
[21.537s][info][gc,reloc    ] GC(41) Medium Pages: 1 / 32M, Empty: 0M, Relocated: 0M, In-Place: 0
[21.537s][info][gc,reloc    ] GC(41) Large Pages: 4 / 24M, Empty: 0M, Relocated: 0M, In-Place: 0
[21.537s][info][gc,reloc    ] GC(41) Forwarding Usage: 17M
[21.537s][info][gc,heap     ] GC(41) Min Capacity: 8M(1%)
[21.537s][info][gc,heap     ] GC(41) Max Capacity: 1024M(100%)
[21.537s][info][gc,heap     ] GC(41) Soft Max Capacity: 1024M(100%)
[21.537s][info][gc,heap     ] GC(41)                Mark Start          Mark End        Relocate Start      Relocate End           High               Low         
[21.537s][info][gc,heap     ] GC(41)  Capacity:     1024M (100%)       1024M (100%)       1024M (100%)       1024M (100%)       1024M (100%)       1024M (100%)   
[21.537s][info][gc,heap     ] GC(41)      Free:      540M (53%)         360M (35%)         346M (34%)         546M (53%)         554M (54%)         326M (32%)    
[21.537s][info][gc,heap     ] GC(41)      Used:      484M (47%)         664M (65%)         678M (66%)         478M (47%)         698M (68%)         470M (46%)    
[21.537s][info][gc,heap     ] GC(41)      Live:         -               222M (22%)         222M (22%)         222M (22%)            -                  -          
[21.537s][info][gc,heap     ] GC(41) Allocated:         -               180M (18%)         194M (19%)         213M (21%)            -                  -          
[21.537s][info][gc,heap     ] GC(41)   Garbage:         -               261M (26%)         261M (26%)          41M (4%)             -                  -          
[21.537s][info][gc,heap     ] GC(41) Reclaimed:         -                  -                 0M (0%)          219M (21%)            -                  -          
[21.537s][info][gc          ] GC(41) Garbage Collection (Allocation Rate) 484M(47%)->478M(47%)
[21.609s][info][gc,start    ] GC(42) Garbage Collection (Allocation Rate)
[21.609s][info][gc,task     ] GC(42) Using 10 workers
[21.609s][info][gc,phases   ] GC(42) Pause Mark Start 0.015ms
[21.718s][info][gc,phases   ] GC(42) Concurrent Mark 109.002ms
[21.718s][info][gc,phases   ] GC(42) Pause Mark End 0.017ms
[21.718s][info][gc,phases   ] GC(42) Concurrent Mark Free 0.001ms
[21.720s][info][gc,phases   ] GC(42) Concurrent Process Non-Strong References 1.579ms
[21.720s][info][gc,phases   ] GC(42) Concurrent Reset Relocation Set 0.019ms
[21.738s][info][gc,phases   ] GC(42) Concurrent Select Relocation Set 18.466ms
[21.739s][info][gc,phases   ] GC(42) Pause Relocate Start 0.010ms
[21.755s][info][gc,phases   ] GC(42) Concurrent Relocate 16.765ms
[21.755s][info][gc,load     ] GC(42) Load: 0.00/0.00/0.00
[21.755s][info][gc,mmu      ] GC(42) MMU: 2ms/97.1%, 5ms/98.8%, 10ms/99.3%, 20ms/99.7%, 50ms/99.8%, 100ms/99.9%
[21.755s][info][gc,marking  ] GC(42) Mark: 8 stripe(s), 2 proactive flush(es), 1 terminate flush(es), 0 completion(s), 0 continuation(s) 
[21.755s][info][gc,marking  ] GC(42) Mark Stack Usage: 32M
[21.755s][info][gc,nmethod  ] GC(42) NMethods: 5489 registered, 133 unregistered
[21.755s][info][gc,metaspace] GC(42) Metaspace: 60M used, 61M committed, 1088M reserved
[21.756s][info][gc,ref      ] GC(42) Soft: 4804 encountered, 0 discovered, 0 enqueued
[21.756s][info][gc,ref      ] GC(42) Weak: 5797 encountered, 820 discovered, 54 enqueued
[21.756s][info][gc,ref      ] GC(42) Final: 60 encountered, 0 discovered, 0 enqueued
[21.756s][info][gc,ref      ] GC(42) Phantom: 658 encountered, 634 discovered, 43 enqueued
[21.756s][info][gc,reloc    ] GC(42) Small Pages: 272 / 544M, Empty: 0M, Relocated: 20M, In-Place: 0
[21.756s][info][gc,reloc    ] GC(42) Medium Pages: 1 / 32M, Empty: 0M, Relocated: 0M, In-Place: 0
[21.756s][info][gc,reloc    ] GC(42) Large Pages: 4 / 24M, Empty: 0M, Relocated: 0M, In-Place: 0
[21.756s][info][gc,reloc    ] GC(42) Forwarding Usage: 20M
[21.756s][info][gc,heap     ] GC(42) Min Capacity: 8M(1%)
[21.756s][info][gc,heap     ] GC(42) Max Capacity: 1024M(100%)
[21.756s][info][gc,heap     ] GC(42) Soft Max Capacity: 1024M(100%)
[21.756s][info][gc,heap     ] GC(42)                Mark Start          Mark End        Relocate Start      Relocate End           High               Low         
[21.756s][info][gc,heap     ] GC(42)  Capacity:     1024M (100%)       1024M (100%)       1024M (100%)       1024M (100%)       1024M (100%)       1024M (100%)   
[21.756s][info][gc,heap     ] GC(42)      Free:      424M (41%)         236M (23%)         206M (20%)         494M (48%)         500M (49%)         184M (18%)    
[21.756s][info][gc,heap     ] GC(42)      Used:      600M (59%)         788M (77%)         818M (80%)         530M (52%)         840M (82%)         524M (51%)    
[21.756s][info][gc,heap     ] GC(42)      Live:         -               234M (23%)         234M (23%)         234M (23%)            -                  -          
[21.756s][info][gc,heap     ] GC(42) Allocated:         -               188M (18%)         218M (21%)         245M (24%)            -                  -          
[21.756s][info][gc,heap     ] GC(42)   Garbage:         -               365M (36%)         365M (36%)          50M (5%)             -                  -          
[21.756s][info][gc,heap     ] GC(42) Reclaimed:         -                  -                 0M (0%)          315M (31%)            -                  -          
[21.756s][info][gc          ] GC(42) Garbage Collection (Allocation Rate) 600M(59%)->530M(52%)
[21.812s][info][gc,start    ] GC(43) Garbage Collection (Allocation Rate)
[21.812s][info][gc,task     ] GC(43) Using 10 workers
[21.812s][info][gc,phases   ] GC(43) Pause Mark Start 0.018ms
[21.952s][info][gc,phases   ] GC(43) Concurrent Mark 140.207ms
[21.953s][info][gc,phases   ] GC(43) Pause Mark End 0.018ms
[21.953s][info][gc,phases   ] GC(43) Concurrent Mark Free 0.001ms
[21.955s][info][gc,phases   ] GC(43) Concurrent Process Non-Strong References 2.019ms
[21.955s][info][gc,phases   ] GC(43) Concurrent Reset Relocation Set 0.037ms
[21.959s][info][gc,phases   ] GC(43) Concurrent Select Relocation Set 4.399ms
[21.959s][info][gc,phases   ] GC(43) Pause Relocate Start 0.008ms
[21.976s][info][gc,phases   ] GC(43) Concurrent Relocate 16.408ms
[21.976s][info][gc,load     ] GC(43) Load: 0.00/0.00/0.00
[21.976s][info][gc,mmu      ] GC(43) MMU: 2ms/97.1%, 5ms/98.8%, 10ms/99.3%, 20ms/99.7%, 50ms/99.8%, 100ms/99.9%
[21.976s][info][gc,marking  ] GC(43) Mark: 8 stripe(s), 3 proactive flush(es), 1 terminate flush(es), 0 completion(s), 0 continuation(s) 
[21.976s][info][gc,marking  ] GC(43) Mark Stack Usage: 32M
[21.976s][info][gc,nmethod  ] GC(43) NMethods: 5505 registered, 135 unregistered
[21.976s][info][gc,metaspace] GC(43) Metaspace: 60M used, 61M committed, 1088M reserved
[21.976s][info][gc,ref      ] GC(43) Soft: 4804 encountered, 0 discovered, 0 enqueued
[21.976s][info][gc,ref      ] GC(43) Weak: 5743 encountered, 1772 discovered, 0 enqueued
[21.976s][info][gc,ref      ] GC(43) Final: 60 encountered, 1 discovered, 0 enqueued
[21.976s][info][gc,ref      ] GC(43) Phantom: 615 encountered, 595 discovered, 0 enqueued
[21.976s][info][gc,reloc    ] GC(43) Small Pages: 262 / 524M, Empty: 0M, Relocated: 17M, In-Place: 0
[21.976s][info][gc,reloc    ] GC(43) Medium Pages: 1 / 32M, Empty: 0M, Relocated: 0M, In-Place: 0
[21.976s][info][gc,reloc    ] GC(43) Large Pages: 8 / 64M, Empty: 18M, Relocated: 0M, In-Place: 0
[21.976s][info][gc,reloc    ] GC(43) Forwarding Usage: 16M
[21.976s][info][gc,heap     ] GC(43) Min Capacity: 8M(1%)
[21.976s][info][gc,heap     ] GC(43) Max Capacity: 1024M(100%)
[21.976s][info][gc,heap     ] GC(43) Soft Max Capacity: 1024M(100%)
[21.976s][info][gc,heap     ] GC(43)                Mark Start          Mark End        Relocate Start      Relocate End           High               Low         
[21.976s][info][gc,heap     ] GC(43)  Capacity:     1024M (100%)       1024M (100%)       1024M (100%)       1024M (100%)       1024M (100%)       1024M (100%)   
[21.976s][info][gc,heap     ] GC(43)      Free:      404M (39%)         158M (15%)         164M (16%)         424M (41%)         432M (42%)         142M (14%)    
[21.976s][info][gc,heap     ] GC(43)      Used:      620M (61%)         866M (85%)         860M (84%)         600M (59%)         882M (86%)         592M (58%)    
[21.976s][info][gc,heap     ] GC(43)      Live:         -               266M (26%)         266M (26%)         266M (26%)            -                  -          
[21.976s][info][gc,heap     ] GC(43) Allocated:         -               246M (24%)         258M (25%)         281M (28%)            -                  -          
[21.976s][info][gc,heap     ] GC(43)   Garbage:         -               353M (35%)         335M (33%)          51M (5%)             -                  -          
[21.977s][info][gc,heap     ] GC(43) Reclaimed:         -                  -                18M (2%)          301M (29%)            -                  -          
[21.977s][info][gc          ] GC(43) Garbage Collection (Allocation Rate) 620M(61%)->600M(59%)
[22.015s][info][gc,start    ] GC(44) Garbage Collection (Allocation Rate)
[22.015s][info][gc,task     ] GC(44) Using 10 workers
[22.015s][info][gc,phases   ] GC(44) Pause Mark Start 0.017ms
[22.155s][info][gc,phases   ] GC(44) Concurrent Mark 140.153ms
[22.156s][info][gc,phases   ] GC(44) Pause Mark End 0.017ms
[22.156s][info][gc,phases   ] GC(44) Concurrent Mark Free 0.001ms
[22.158s][info][gc,phases   ] GC(44) Concurrent Process Non-Strong References 1.961ms
[22.158s][info][gc,phases   ] GC(44) Concurrent Reset Relocation Set 0.016ms
[22.179s][info][gc,phases   ] GC(44) Concurrent Select Relocation Set 21.083ms
[22.179s][info][gc,phases   ] GC(44) Pause Relocate Start 0.010ms
[22.197s][info][gc,phases   ] GC(44) Concurrent Relocate 18.542ms
[22.198s][info][gc,load     ] GC(44) Load: 0.00/0.00/0.00
[22.198s][info][gc,mmu      ] GC(44) MMU: 2ms/97.1%, 5ms/98.8%, 10ms/99.3%, 20ms/99.7%, 50ms/99.8%, 100ms/99.9%
[22.198s][info][gc,marking  ] GC(44) Mark: 8 stripe(s), 5 proactive flush(es), 1 terminate flush(es), 0 completion(s), 0 continuation(s) 
[22.198s][info][gc,marking  ] GC(44) Mark Stack Usage: 32M
[22.198s][info][gc,nmethod  ] GC(44) NMethods: 5492 registered, 151 unregistered
[22.198s][info][gc,metaspace] GC(44) Metaspace: 60M used, 61M committed, 1088M reserved
[22.198s][info][gc,ref      ] GC(44) Soft: 4804 encountered, 0 discovered, 0 enqueued
[22.198s][info][gc,ref      ] GC(44) Weak: 5743 encountered, 2339 discovered, 0 enqueued
[22.198s][info][gc,ref      ] GC(44) Final: 60 encountered, 1 discovered, 0 enqueued
[22.198s][info][gc,ref      ] GC(44) Phantom: 615 encountered, 521 discovered, 0 enqueued
[22.198s][info][gc,reloc    ] GC(44) Small Pages: 300 / 600M, Empty: 0M, Relocated: 24M, In-Place: 0
[22.198s][info][gc,reloc    ] GC(44) Medium Pages: 1 / 32M, Empty: 0M, Relocated: 0M, In-Place: 0
[22.198s][info][gc,reloc    ] GC(44) Large Pages: 5 / 46M, Empty: 6M, Relocated: 0M, In-Place: 0
[22.198s][info][gc,reloc    ] GC(44) Forwarding Usage: 21M
[22.198s][info][gc,heap     ] GC(44) Min Capacity: 8M(1%)
[22.198s][info][gc,heap     ] GC(44) Max Capacity: 1024M(100%)
[22.198s][info][gc,heap     ] GC(44) Soft Max Capacity: 1024M(100%)
[22.198s][info][gc,heap     ] GC(44)                Mark Start          Mark End        Relocate Start      Relocate End           High               Low         
[22.198s][info][gc,heap     ] GC(44)  Capacity:     1024M (100%)       1024M (100%)       1024M (100%)       1024M (100%)       1024M (100%)       1024M (100%)   
[22.198s][info][gc,heap     ] GC(44)      Free:      346M (34%)          92M (9%)           70M (7%)          384M (38%)         394M (38%)          48M (5%)     
[22.198s][info][gc,heap     ] GC(44)      Used:      678M (66%)         932M (91%)         954M (93%)         640M (63%)         976M (95%)         630M (62%)    
[22.198s][info][gc,heap     ] GC(44)      Live:         -               271M (26%)         271M (26%)         271M (26%)            -                  -          
[22.198s][info][gc,heap     ] GC(44) Allocated:         -               254M (25%)         282M (28%)         311M (30%)            -                  -          
[22.198s][info][gc,heap     ] GC(44)   Garbage:         -               406M (40%)         400M (39%)          57M (6%)             -                  -          
[22.198s][info][gc,heap     ] GC(44) Reclaimed:         -                  -                 6M (1%)          349M (34%)            -                  -          
[22.198s][info][gc          ] GC(44) Garbage Collection (Allocation Rate) 678M(66%)->640M(63%)
[22.218s][info][gc,start    ] GC(45) Garbage Collection (Allocation Rate)
[22.218s][info][gc,task     ] GC(45) Using 10 workers
[22.218s][info][gc,phases   ] GC(45) Pause Mark Start 0.014ms
[22.374s][info][gc,phases   ] GC(45) Concurrent Mark 155.913ms
[22.374s][info][gc,phases   ] GC(45) Pause Mark End 0.017ms
[22.374s][info][gc,phases   ] GC(45) Concurrent Mark Free 0.001ms
[22.376s][info][gc,phases   ] GC(45) Concurrent Process Non-Strong References 1.756ms
[22.376s][info][gc,phases   ] GC(45) Concurrent Reset Relocation Set 0.020ms
[22.380s][info][gc,phases   ] GC(45) Concurrent Select Relocation Set 3.356ms
[22.380s][info][gc,phases   ] GC(45) Pause Relocate Start 0.009ms
[22.396s][info][gc,phases   ] GC(45) Concurrent Relocate 16.287ms
[22.396s][info][gc,load     ] GC(45) Load: 0.00/0.00/0.00
[22.396s][info][gc,mmu      ] GC(45) MMU: 2ms/97.1%, 5ms/98.8%, 10ms/99.3%, 20ms/99.7%, 50ms/99.8%, 100ms/99.9%
[22.396s][info][gc,marking  ] GC(45) Mark: 8 stripe(s), 5 proactive flush(es), 1 terminate flush(es), 0 completion(s), 0 continuation(s) 
[22.396s][info][gc,marking  ] GC(45) Mark Stack Usage: 32M
[22.396s][info][gc,nmethod  ] GC(45) NMethods: 5493 registered, 152 unregistered
[22.396s][info][gc,metaspace] GC(45) Metaspace: 60M used, 61M committed, 1088M reserved
[22.396s][info][gc,ref      ] GC(45) Soft: 4804 encountered, 0 discovered, 0 enqueued
[22.396s][info][gc,ref      ] GC(45) Weak: 5743 encountered, 1125 discovered, 0 enqueued
[22.396s][info][gc,ref      ] GC(45) Final: 60 encountered, 3 discovered, 0 enqueued
[22.396s][info][gc,ref      ] GC(45) Phantom: 614 encountered, 505 discovered, 0 enqueued
[22.396s][info][gc,reloc    ] GC(45) Small Pages: 304 / 608M, Empty: 0M, Relocated: 22M, In-Place: 0
[22.396s][info][gc,reloc    ] GC(45) Medium Pages: 1 / 32M, Empty: 0M, Relocated: 0M, In-Place: 0
[22.396s][info][gc,reloc    ] GC(45) Large Pages: 4 / 40M, Empty: 0M, Relocated: 0M, In-Place: 0
[22.396s][info][gc,reloc    ] GC(45) Forwarding Usage: 19M
[22.396s][info][gc,heap     ] GC(45) Min Capacity: 8M(1%)
[22.396s][info][gc,heap     ] GC(45) Max Capacity: 1024M(100%)
[22.396s][info][gc,heap     ] GC(45) Soft Max Capacity: 1024M(100%)
[22.396s][info][gc,heap     ] GC(45)                Mark Start          Mark End        Relocate Start      Relocate End           High               Low         
[22.396s][info][gc,heap     ] GC(45)  Capacity:     1024M (100%)       1024M (100%)       1024M (100%)       1024M (100%)       1024M (100%)       1024M (100%)   
[22.396s][info][gc,heap     ] GC(45)      Free:      344M (34%)          40M (4%)           32M (3%)          346M (34%)         352M (34%)           8M (1%)     
[22.396s][info][gc,heap     ] GC(45)      Used:      680M (66%)         984M (96%)         992M (97%)         678M (66%)        1016M (99%)         672M (66%)    
[22.396s][info][gc,heap     ] GC(45)      Live:         -               280M (27%)         280M (27%)         280M (27%)            -                  -          
[22.396s][info][gc,heap     ] GC(45) Allocated:         -               304M (30%)         312M (30%)         337M (33%)            -                  -          
[22.396s][info][gc,heap     ] GC(45)   Garbage:         -               399M (39%)         399M (39%)          59M (6%)             -                  -          
[22.396s][info][gc,heap     ] GC(45) Reclaimed:         -                  -                 0M (0%)          339M (33%)            -                  -          
[22.396s][info][gc          ] GC(45) Garbage Collection (Allocation Rate) 680M(66%)->678M(66%)
[22.405s][info][gc,start    ] GC(46) Garbage Collection (Allocation Rate)
[22.405s][info][gc,task     ] GC(46) Using 10 workers
[22.406s][info][gc,phases   ] GC(46) Pause Mark Start 0.012ms
[22.593s][info][gc,phases   ] GC(46) Concurrent Mark 187.272ms
[22.593s][info][gc,phases   ] GC(46) Pause Mark End 0.021ms
[22.593s][info][gc,phases   ] GC(46) Concurrent Mark Free 0.001ms
[22.595s][info][gc,phases   ] GC(46) Concurrent Process Non-Strong References 1.960ms
[22.595s][info][gc,phases   ] GC(46) Concurrent Reset Relocation Set 0.047ms
[22.598s][info][gc,phases   ] GC(46) Concurrent Select Relocation Set 2.950ms
[22.598s][info][gc,phases   ] GC(46) Pause Relocate Start 0.007ms
[22.606s][info][gc          ] Relocation Stall (Executor task launch worker for task 2.0 in stage 1.0 (TID 6)) 6.829ms
[22.606s][info][gc          ] Relocation Stall (Executor task launch worker for task 3.0 in stage 1.0 (TID 7)) 6.821ms
[22.606s][info][gc          ] Relocation Stall (Executor task launch worker for task 1.0 in stage 1.0 (TID 5)) 7.011ms
[22.606s][info][gc          ] Relocation Stall (Executor task launch worker for task 0.0 in stage 1.0 (TID 4)) 6.868ms
[22.606s][info][gc          ] Allocation Stall (Executor task launch worker for task 2.0 in stage 1.0 (TID 6)) 10.598ms
[22.606s][info][gc          ] Allocation Stall (Executor task launch worker for task 3.0 in stage 1.0 (TID 7)) 10.155ms
[22.606s][info][gc          ] Allocation Stall (Executor task launch worker for task 1.0 in stage 1.0 (TID 5)) 10.937ms
[22.606s][info][gc          ] Allocation Stall (Executor task launch worker for task 0.0 in stage 1.0 (TID 4)) 10.884ms
[22.612s][info][gc,phases   ] GC(46) Concurrent Relocate 13.499ms
[22.612s][info][gc,load     ] GC(46) Load: 0.00/0.00/0.00
[22.612s][info][gc,mmu      ] GC(46) MMU: 2ms/97.1%, 5ms/98.8%, 10ms/99.3%, 20ms/99.7%, 50ms/99.8%, 100ms/99.9%
[22.612s][info][gc,marking  ] GC(46) Mark: 8 stripe(s), 2 proactive flush(es), 1 terminate flush(es), 0 completion(s), 0 continuation(s) 
[22.612s][info][gc,marking  ] GC(46) Mark Stack Usage: 32M
[22.612s][info][gc,nmethod  ] GC(46) NMethods: 5493 registered, 152 unregistered
[22.612s][info][gc,metaspace] GC(46) Metaspace: 60M used, 61M committed, 1088M reserved
[22.612s][info][gc,ref      ] GC(46) Soft: 4804 encountered, 0 discovered, 0 enqueued
[22.612s][info][gc,ref      ] GC(46) Weak: 5743 encountered, 826 discovered, 0 enqueued
[22.612s][info][gc,ref      ] GC(46) Final: 60 encountered, 1 discovered, 0 enqueued
[22.612s][info][gc,ref      ] GC(46) Phantom: 616 encountered, 562 discovered, 0 enqueued
[22.612s][info][gc,reloc    ] GC(46) Small Pages: 312 / 624M, Empty: 0M, Relocated: 20M, In-Place: 10
[22.612s][info][gc,reloc    ] GC(46) Medium Pages: 1 / 32M, Empty: 0M, Relocated: 0M, In-Place: 0
[22.612s][info][gc,reloc    ] GC(46) Large Pages: 4 / 40M, Empty: 0M, Relocated: 0M, In-Place: 0
[22.612s][info][gc,reloc    ] GC(46) Forwarding Usage: 18M
[22.612s][info][gc,heap     ] GC(46) Min Capacity: 8M(1%)
[22.612s][info][gc,heap     ] GC(46) Max Capacity: 1024M(100%)
[22.612s][info][gc,heap     ] GC(46) Soft Max Capacity: 1024M(100%)
[22.612s][info][gc,heap     ] GC(46)                Mark Start          Mark End        Relocate Start      Relocate End           High               Low         
[22.612s][info][gc,heap     ] GC(46)  Capacity:     1024M (100%)       1024M (100%)       1024M (100%)       1024M (100%)       1024M (100%)       1024M (100%)   
[22.612s][info][gc,heap     ] GC(46)      Free:      328M (32%)           2M (0%)            0M (0%)          336M (33%)         338M (33%)           0M (0%)     
[22.612s][info][gc,heap     ] GC(46)      Used:      696M (68%)        1022M (100%)       1024M (100%)        688M (67%)        1024M (100%)        686M (67%)    
[22.612s][info][gc,heap     ] GC(46)      Live:         -               289M (28%)         289M (28%)         289M (28%)            -                  -          
[22.612s][info][gc,heap     ] GC(46) Allocated:         -               326M (32%)         328M (32%)         333M (33%)            -                  -          
[22.612s][info][gc,heap     ] GC(46)   Garbage:         -               406M (40%)         406M (40%)          64M (6%)             -                  -          
[22.612s][info][gc,heap     ] GC(46) Reclaimed:         -                  -                 0M (0%)          341M (33%)            -                  -          
[22.612s][info][gc          ] GC(46) Garbage Collection (Allocation Rate) 696M(68%)->688M(67%)
[22.718s][info][gc,start    ] GC(47) Garbage Collection (Allocation Stall)
[22.718s][info][gc,ref      ] GC(47) Clearing All SoftReferences
[22.718s][info][gc,task     ] GC(47) Using 10 workers
[22.718s][info][gc,ref      ] GC(47) Clearing All SoftReferences
[22.718s][info][gc,phases   ] GC(47) Pause Mark Start 0.049ms
[22.874s][info][gc,phases   ] GC(47) Concurrent Mark 155.827ms
[22.874s][info][gc,phases   ] GC(47) Pause Mark End 0.012ms
[22.874s][info][gc,phases   ] GC(47) Concurrent Mark Free 0.001ms
[22.884s][info][gc,phases   ] GC(47) Concurrent Process Non-Strong References 10.225ms
[22.885s][info][gc,phases   ] GC(47) Concurrent Reset Relocation Set 0.029ms
[22.905s][info][gc,phases   ] GC(47) Concurrent Select Relocation Set 20.845ms
[22.906s][info][gc,phases   ] GC(47) Pause Relocate Start 0.011ms
[22.906s][info][gc          ] Allocation Stall (Executor task launch worker for task 2.0 in stage 1.0 (TID 6)) 37.002ms
[22.906s][info][gc          ] Allocation Stall (C1 CompilerThread3) 32.939ms
[22.906s][info][gc          ] Allocation Stall (C1 CompilerThread0) 26.666ms
[22.907s][info][gc          ] Allocation Stall (Executor task launch worker for task 1.0 in stage 1.0 (TID 5)) 9.416ms
[22.920s][info][gc          ] Relocation Stall (Executor task launch worker for task 3.0 in stage 1.0 (TID 7)) 14.172ms
[22.920s][info][gc          ] Allocation Stall (Executor task launch worker for task 3.0 in stage 1.0 (TID 7)) 64.878ms
[22.920s][info][gc          ] Allocation Stall (Executor task launch worker for task 0.0 in stage 1.0 (TID 4)) 64.602ms
[22.926s][info][gc,phases   ] GC(47) Concurrent Relocate 20.407ms
[22.926s][info][gc,load     ] GC(47) Load: 0.00/0.00/0.00
[22.926s][info][gc,mmu      ] GC(47) MMU: 2ms/97.1%, 5ms/98.8%, 10ms/99.3%, 20ms/99.7%, 50ms/99.8%, 100ms/99.9%
[22.926s][info][gc,marking  ] GC(47) Mark: 8 stripe(s), 2 proactive flush(es), 1 terminate flush(es), 0 completion(s), 0 continuation(s) 
[22.926s][info][gc,marking  ] GC(47) Mark Stack Usage: 32M
[22.926s][info][gc,nmethod  ] GC(47) NMethods: 5546 registered, 156 unregistered
[22.926s][info][gc,metaspace] GC(47) Metaspace: 60M used, 61M committed, 1088M reserved
[22.926s][info][gc,ref      ] GC(47) Soft: 4641 encountered, 3706 discovered, 1977 enqueued
[22.926s][info][gc,ref      ] GC(47) Weak: 5662 encountered, 1008 discovered, 101 enqueued
[22.926s][info][gc,ref      ] GC(47) Final: 60 encountered, 2 discovered, 0 enqueued
[22.926s][info][gc,ref      ] GC(47) Phantom: 615 encountered, 523 discovered, 0 enqueued
[22.926s][info][gc,reloc    ] GC(47) Small Pages: 402 / 804M, Empty: 0M, Relocated: 34M, In-Place: 10
[22.926s][info][gc,reloc    ] GC(47) Medium Pages: 1 / 32M, Empty: 0M, Relocated: 0M, In-Place: 0
[22.926s][info][gc,reloc    ] GC(47) Large Pages: 4 / 40M, Empty: 0M, Relocated: 0M, In-Place: 0
[22.926s][info][gc,reloc    ] GC(47) Forwarding Usage: 29M
[22.926s][info][gc,heap     ] GC(47) Min Capacity: 8M(1%)
[22.926s][info][gc,heap     ] GC(47) Max Capacity: 1024M(100%)
[22.926s][info][gc,heap     ] GC(47) Soft Max Capacity: 1024M(100%)
[22.926s][info][gc,heap     ] GC(47)                Mark Start          Mark End        Relocate Start      Relocate End           High               Low         
[22.926s][info][gc,heap     ] GC(47)  Capacity:     1024M (100%)       1024M (100%)       1024M (100%)       1024M (100%)       1024M (100%)       1024M (100%)   
[22.927s][info][gc,heap     ] GC(47)      Free:      148M (14%)           0M (0%)            0M (0%)          510M (50%)         510M (50%)           0M (0%)     
[22.927s][info][gc,heap     ] GC(47)      Used:      876M (86%)        1024M (100%)       1024M (100%)        514M (50%)        1024M (100%)        514M (50%)    
[22.927s][info][gc,heap     ] GC(47)      Live:         -               295M (29%)         295M (29%)         295M (29%)            -                  -          
[22.927s][info][gc,heap     ] GC(47) Allocated:         -               148M (14%)         148M (14%)         151M (15%)            -                  -          
[22.927s][info][gc,heap     ] GC(47)   Garbage:         -               580M (57%)         580M (57%)          66M (6%)             -                  -          
[22.927s][info][gc,heap     ] GC(47) Reclaimed:         -                  -                 0M (0%)          513M (50%)            -                  -          
[22.927s][info][gc          ] GC(47) Garbage Collection (Allocation Stall) 876M(86%)->514M(50%)
[23.017s][info][gc,start    ] GC(48) Garbage Collection (Allocation Stall)
[23.017s][info][gc,ref      ] GC(48) Clearing All SoftReferences
[23.017s][info][gc,task     ] GC(48) Using 10 workers
[23.017s][info][gc,ref      ] GC(48) Clearing All SoftReferences
[23.017s][info][gc,phases   ] GC(48) Pause Mark Start 0.049ms
[23.189s][info][gc,phases   ] GC(48) Concurrent Mark 171.470ms
[23.189s][info][gc,phases   ] GC(48) Pause Mark End 0.018ms
[23.189s][info][gc,phases   ] GC(48) Concurrent Mark Free 0.001ms
[23.191s][info][gc,phases   ] GC(48) Concurrent Process Non-Strong References 1.868ms
[23.191s][info][gc,phases   ] GC(48) Concurrent Reset Relocation Set 0.043ms
[23.195s][info][gc,phases   ] GC(48) Concurrent Select Relocation Set 4.526ms
[23.195s][info][gc,phases   ] GC(48) Pause Relocate Start 0.011ms
[23.209s][info][gc,phases   ] GC(48) Concurrent Relocate 13.469ms
[23.209s][info][gc,load     ] GC(48) Load: 0.00/0.00/0.00
[23.209s][info][gc,mmu      ] GC(48) MMU: 2ms/97.1%, 5ms/98.8%, 10ms/99.3%, 20ms/99.7%, 50ms/99.8%, 100ms/99.9%
[23.209s][info][gc,marking  ] GC(48) Mark: 8 stripe(s), 2 proactive flush(es), 1 terminate flush(es), 0 completion(s), 0 continuation(s) 
[23.209s][info][gc,marking  ] GC(48) Mark Stack Usage: 32M
[23.209s][info][gc,nmethod  ] GC(48) NMethods: 5549 registered, 180 unregistered
[23.209s][info][gc,metaspace] GC(48) Metaspace: 60M used, 61M committed, 1088M reserved
[23.209s][info][gc,ref      ] GC(48) Soft: 2664 encountered, 261 discovered, 3 enqueued
[23.209s][info][gc,ref      ] GC(48) Weak: 5291 encountered, 1903 discovered, 4 enqueued
[23.209s][info][gc,ref      ] GC(48) Final: 60 encountered, 1 discovered, 0 enqueued
[23.209s][info][gc,ref      ] GC(48) Phantom: 617 encountered, 388 discovered, 4 enqueued
[23.209s][info][gc,reloc    ] GC(48) Small Pages: 261 / 522M, Empty: 0M, Relocated: 15M, In-Place: 0
[23.209s][info][gc,reloc    ] GC(48) Medium Pages: 2 / 64M, Empty: 0M, Relocated: 10M, In-Place: 0
[23.209s][info][gc,reloc    ] GC(48) Large Pages: 4 / 40M, Empty: 0M, Relocated: 0M, In-Place: 0
[23.209s][info][gc,reloc    ] GC(48) Forwarding Usage: 12M
[23.209s][info][gc,heap     ] GC(48) Min Capacity: 8M(1%)
[23.209s][info][gc,heap     ] GC(48) Max Capacity: 1024M(100%)
[23.209s][info][gc,heap     ] GC(48) Soft Max Capacity: 1024M(100%)
[23.209s][info][gc,heap     ] GC(48)                Mark Start          Mark End        Relocate Start      Relocate End           High               Low         
[23.209s][info][gc,heap     ] GC(48)  Capacity:     1024M (100%)       1024M (100%)       1024M (100%)       1024M (100%)       1024M (100%)       1024M (100%)   
[23.209s][info][gc,heap     ] GC(48)      Free:      398M (39%)         308M (30%)         308M (30%)         566M (55%)         566M (55%)         260M (25%)    
[23.209s][info][gc,heap     ] GC(48)      Used:      626M (61%)         716M (70%)         716M (70%)         458M (45%)         764M (75%)         458M (45%)    
[23.209s][info][gc,heap     ] GC(48)      Live:         -               300M (29%)         300M (29%)         300M (29%)            -                  -          
[23.209s][info][gc,heap     ] GC(48) Allocated:         -                90M (9%)           90M (9%)           89M (9%)             -                  -          
[23.209s][info][gc,heap     ] GC(48)   Garbage:         -               325M (32%)         325M (32%)          67M (7%)             -                  -          
[23.209s][info][gc,heap     ] GC(48) Reclaimed:         -                  -                 0M (0%)          257M (25%)            -                  -          
[23.209s][info][gc          ] GC(48) Garbage Collection (Allocation Stall) 626M(61%)->458M(45%)
[23.314s][info][gc,start    ] GC(49) Garbage Collection (Allocation Rate)
[23.314s][info][gc,task     ] GC(49) Using 10 workers
[23.314s][info][gc,phases   ] GC(49) Pause Mark Start 0.013ms
[23.470s][info][gc,phases   ] GC(49) Concurrent Mark 155.852ms
[23.470s][info][gc,phases   ] GC(49) Pause Mark End 0.018ms
[23.470s][info][gc,phases   ] GC(49) Concurrent Mark Free 0.001ms
[23.472s][info][gc,phases   ] GC(49) Concurrent Process Non-Strong References 1.738ms
[23.472s][info][gc,phases   ] GC(49) Concurrent Reset Relocation Set 0.021ms
[23.476s][info][gc,phases   ] GC(49) Concurrent Select Relocation Set 3.809ms
[23.476s][info][gc,phases   ] GC(49) Pause Relocate Start 0.010ms
[23.485s][info][gc,phases   ] GC(49) Concurrent Relocate 8.748ms
[23.485s][info][gc,load     ] GC(49) Load: 0.00/0.00/0.00
[23.485s][info][gc,mmu      ] GC(49) MMU: 2ms/97.1%, 5ms/98.8%, 10ms/99.3%, 20ms/99.7%, 50ms/99.8%, 100ms/99.9%
[23.485s][info][gc,marking  ] GC(49) Mark: 8 stripe(s), 3 proactive flush(es), 1 terminate flush(es), 0 completion(s), 0 continuation(s) 
[23.485s][info][gc,marking  ] GC(49) Mark Stack Usage: 32M
[23.485s][info][gc,nmethod  ] GC(49) NMethods: 5533 registered, 197 unregistered
[23.485s][info][gc,metaspace] GC(49) Metaspace: 60M used, 61M committed, 1088M reserved
[23.485s][info][gc,ref      ] GC(49) Soft: 2661 encountered, 0 discovered, 0 enqueued
[23.485s][info][gc,ref      ] GC(49) Weak: 5287 encountered, 510 discovered, 0 enqueued
[23.485s][info][gc,ref      ] GC(49) Final: 60 encountered, 7 discovered, 0 enqueued
[23.485s][info][gc,ref      ] GC(49) Phantom: 612 encountered, 566 discovered, 0 enqueued
[23.485s][info][gc,reloc    ] GC(49) Small Pages: 177 / 354M, Empty: 0M, Relocated: 5M, In-Place: 0
[23.485s][info][gc,reloc    ] GC(49) Medium Pages: 2 / 64M, Empty: 0M, Relocated: 16M, In-Place: 0
[23.485s][info][gc,reloc    ] GC(49) Large Pages: 4 / 40M, Empty: 0M, Relocated: 0M, In-Place: 0
[23.485s][info][gc,reloc    ] GC(49) Forwarding Usage: 5M
[23.485s][info][gc,heap     ] GC(49) Min Capacity: 8M(1%)
[23.485s][info][gc,heap     ] GC(49) Max Capacity: 1024M(100%)
[23.485s][info][gc,heap     ] GC(49) Soft Max Capacity: 1024M(100%)
[23.485s][info][gc,heap     ] GC(49)                Mark Start          Mark End        Relocate Start      Relocate End           High               Low         
[23.485s][info][gc,heap     ] GC(49)  Capacity:     1024M (100%)       1024M (100%)       1024M (100%)       1024M (100%)       1024M (100%)       1024M (100%)   
[23.485s][info][gc,heap     ] GC(49)      Free:      566M (55%)         532M (52%)         532M (52%)         616M (60%)         616M (60%)         484M (47%)    
[23.485s][info][gc,heap     ] GC(49)      Used:      458M (45%)         492M (48%)         492M (48%)         408M (40%)         540M (53%)         408M (40%)    
[23.485s][info][gc,heap     ] GC(49)      Live:         -               306M (30%)         306M (30%)         306M (30%)            -                  -          
[23.485s][info][gc,heap     ] GC(49) Allocated:         -                34M (3%)           34M (3%)           31M (3%)             -                  -          
[23.485s][info][gc,heap     ] GC(49)   Garbage:         -               151M (15%)         151M (15%)          69M (7%)             -                  -          
[23.485s][info][gc,heap     ] GC(49) Reclaimed:         -                  -                 0M (0%)           81M (8%)             -                  -          
[23.485s][info][gc          ] GC(49) Garbage Collection (Allocation Rate) 458M(45%)->408M(40%)
[23.517s][info][gc,start    ] GC(50) Garbage Collection (Allocation Rate)
[23.517s][info][gc,task     ] GC(50) Using 10 workers
[23.517s][info][gc,phases   ] GC(50) Pause Mark Start 0.013ms
[23.673s][info][gc,phases   ] GC(50) Concurrent Mark 155.862ms
[23.673s][info][gc,phases   ] GC(50) Pause Mark End 0.018ms
[23.673s][info][gc,phases   ] GC(50) Concurrent Mark Free 0.001ms
[23.674s][info][gc,phases   ] GC(50) Concurrent Process Non-Strong References 1.450ms
[23.675s][info][gc,phases   ] GC(50) Concurrent Reset Relocation Set 0.006ms
[23.677s][info][gc,phases   ] GC(50) Concurrent Select Relocation Set 2.720ms
[23.677s][info][gc,phases   ] GC(50) Pause Relocate Start 0.006ms
[23.683s][info][gc,phases   ] GC(50) Concurrent Relocate 5.261ms
[23.683s][info][gc,load     ] GC(50) Load: 0.00/0.00/0.00
[23.683s][info][gc,mmu      ] GC(50) MMU: 2ms/97.1%, 5ms/98.8%, 10ms/99.3%, 20ms/99.7%, 50ms/99.8%, 100ms/99.9%
[23.683s][info][gc,marking  ] GC(50) Mark: 8 stripe(s), 2 proactive flush(es), 1 terminate flush(es), 0 completion(s), 0 continuation(s) 
[23.683s][info][gc,marking  ] GC(50) Mark Stack Usage: 32M
[23.683s][info][gc,nmethod  ] GC(50) NMethods: 5647 registered, 198 unregistered
[23.683s][info][gc,metaspace] GC(50) Metaspace: 60M used, 61M committed, 1088M reserved
[23.683s][info][gc,ref      ] GC(50) Soft: 2661 encountered, 0 discovered, 0 enqueued
[23.683s][info][gc,ref      ] GC(50) Weak: 5284 encountered, 1099 discovered, 0 enqueued
[23.683s][info][gc,ref      ] GC(50) Final: 60 encountered, 5 discovered, 0 enqueued
[23.683s][info][gc,ref      ] GC(50) Phantom: 612 encountered, 542 discovered, 0 enqueued
[23.683s][info][gc,reloc    ] GC(50) Small Pages: 152 / 304M, Empty: 0M, Relocated: 5M, In-Place: 0
[23.683s][info][gc,reloc    ] GC(50) Medium Pages: 2 / 64M, Empty: 0M, Relocated: 19M, In-Place: 0
[23.683s][info][gc,reloc    ] GC(50) Large Pages: 4 / 40M, Empty: 0M, Relocated: 0M, In-Place: 0
[23.683s][info][gc,reloc    ] GC(50) Forwarding Usage: 4M
[23.683s][info][gc,heap     ] GC(50) Min Capacity: 8M(1%)
[23.683s][info][gc,heap     ] GC(50) Max Capacity: 1024M(100%)
[23.683s][info][gc,heap     ] GC(50) Soft Max Capacity: 1024M(100%)
[23.683s][info][gc,heap     ] GC(50)                Mark Start          Mark End        Relocate Start      Relocate End           High               Low         
[23.683s][info][gc,heap     ] GC(50)  Capacity:     1024M (100%)       1024M (100%)       1024M (100%)       1024M (100%)       1024M (100%)       1024M (100%)   
[23.683s][info][gc,heap     ] GC(50)      Free:      616M (60%)         568M (55%)         566M (55%)         598M (58%)         616M (60%)         518M (51%)    
[23.683s][info][gc,heap     ] GC(50)      Used:      408M (40%)         456M (45%)         458M (45%)         426M (42%)         506M (49%)         408M (40%)    
[23.683s][info][gc,heap     ] GC(50)      Live:         -               310M (30%)         310M (30%)         310M (30%)            -                  -          
[23.683s][info][gc,heap     ] GC(50) Allocated:         -                48M (5%)           50M (5%)           51M (5%)             -                  -          
[23.683s][info][gc,heap     ] GC(50)   Garbage:         -                97M (10%)          97M (10%)          63M (6%)             -                  -          
[23.683s][info][gc,heap     ] GC(50) Reclaimed:         -                  -                 0M (0%)           33M (3%)             -                  -          
[23.683s][info][gc          ] GC(50) Garbage Collection (Allocation Rate) 408M(40%)->426M(42%)
[23.704s][info][gc,start    ] GC(51) Garbage Collection (Allocation Rate)
[23.704s][info][gc,task     ] GC(51) Using 10 workers
[23.704s][info][gc,phases   ] GC(51) Pause Mark Start 0.009ms
[23.852s][info][gc,phases   ] GC(51) Concurrent Mark 147.706ms
[23.852s][info][gc,phases   ] GC(51) Pause Mark End 0.015ms
[23.852s][info][gc,phases   ] GC(51) Concurrent Mark Free 0.001ms
[23.854s][info][gc,phases   ] GC(51) Concurrent Process Non-Strong References 1.751ms
[23.854s][info][gc,phases   ] GC(51) Concurrent Reset Relocation Set 0.002ms
[23.861s][info][gc,phases   ] GC(51) Concurrent Select Relocation Set 6.848ms
[23.861s][info][gc,phases   ] GC(51) Pause Relocate Start 0.008ms
[23.868s][info][gc,phases   ] GC(51) Concurrent Relocate 6.740ms
[23.868s][info][gc,load     ] GC(51) Load: 0.00/0.00/0.00
[23.868s][info][gc,mmu      ] GC(51) MMU: 2ms/97.1%, 5ms/98.8%, 10ms/99.3%, 20ms/99.7%, 50ms/99.8%, 100ms/99.9%
[23.868s][info][gc,marking  ] GC(51) Mark: 8 stripe(s), 2 proactive flush(es), 1 terminate flush(es), 0 completion(s), 0 continuation(s) 
[23.868s][info][gc,marking  ] GC(51) Mark Stack Usage: 32M
[23.868s][info][gc,nmethod  ] GC(51) NMethods: 5654 registered, 252 unregistered
[23.868s][info][gc,metaspace] GC(51) Metaspace: 60M used, 61M committed, 1088M reserved
[23.868s][info][gc,ref      ] GC(51) Soft: 2758 encountered, 0 discovered, 0 enqueued
[23.868s][info][gc,ref      ] GC(51) Weak: 5444 encountered, 1473 discovered, 95 enqueued
[23.868s][info][gc,ref      ] GC(51) Final: 60 encountered, 2 discovered, 0 enqueued
[23.868s][info][gc,ref      ] GC(51) Phantom: 626 encountered, 509 discovered, 10 enqueued
[23.868s][info][gc,reloc    ] GC(51) Small Pages: 165 / 330M, Empty: 12M, Relocated: 8M, In-Place: 0
[23.868s][info][gc,reloc    ] GC(51) Medium Pages: 2 / 64M, Empty: 32M, Relocated: 0M, In-Place: 0
[23.868s][info][gc,reloc    ] GC(51) Large Pages: 4 / 40M, Empty: 0M, Relocated: 0M, In-Place: 0
[23.868s][info][gc,reloc    ] GC(51) Forwarding Usage: 6M
[23.868s][info][gc,heap     ] GC(51) Min Capacity: 8M(1%)
[23.868s][info][gc,heap     ] GC(51) Max Capacity: 1024M(100%)
[23.868s][info][gc,heap     ] GC(51) Soft Max Capacity: 1024M(100%)
[23.868s][info][gc,heap     ] GC(51)                Mark Start          Mark End        Relocate Start      Relocate End           High               Low         
[23.868s][info][gc,heap     ] GC(51)  Capacity:     1024M (100%)       1024M (100%)       1024M (100%)       1024M (100%)       1024M (100%)       1024M (100%)   
[23.868s][info][gc,heap     ] GC(51)      Free:      590M (58%)         554M (54%)         598M (58%)         612M (60%)         612M (60%)         554M (54%)    
[23.868s][info][gc,heap     ] GC(51)      Used:      434M (42%)         470M (46%)         426M (42%)         412M (40%)         470M (46%)         412M (40%)    
[23.868s][info][gc,heap     ] GC(51)      Live:         -               301M (29%)         301M (29%)         301M (29%)            -                  -          
[23.868s][info][gc,heap     ] GC(51) Allocated:         -                36M (4%)           36M (4%)           37M (4%)             -                  -          
[23.868s][info][gc,heap     ] GC(51)   Garbage:         -               132M (13%)          88M (9%)           72M (7%)             -                  -          
[23.868s][info][gc,heap     ] GC(51) Reclaimed:         -                  -                44M (4%)           59M (6%)             -                  -          
[23.868s][info][gc          ] GC(51) Garbage Collection (Allocation Rate) 434M(42%)->412M(40%)
[23.915s][info][gc,start    ] GC(52) Garbage Collection (Allocation Rate)
[23.915s][info][gc,task     ] GC(52) Using 10 workers
[23.915s][info][gc,phases   ] GC(52) Pause Mark Start 0.010ms
[23.987s][info][gc,phases   ] GC(52) Concurrent Mark 72.429ms
[23.987s][info][gc,phases   ] GC(52) Pause Mark End 0.016ms
[23.987s][info][gc,phases   ] GC(52) Concurrent Mark Free 0.001ms
[23.997s][info][gc,phases   ] GC(52) Concurrent Process Non-Strong References 9.709ms
[23.997s][info][gc,phases   ] GC(52) Concurrent Reset Relocation Set 0.002ms
[24.006s][info][gc,phases   ] GC(52) Concurrent Select Relocation Set 8.689ms
[24.006s][info][gc,phases   ] GC(52) Pause Relocate Start 0.008ms
[24.015s][info][gc,phases   ] GC(52) Concurrent Relocate 8.658ms
[24.015s][info][gc,load     ] GC(52) Load: 0.00/0.00/0.00
[24.015s][info][gc,mmu      ] GC(52) MMU: 2ms/97.1%, 5ms/98.8%, 10ms/99.3%, 20ms/99.7%, 50ms/99.8%, 100ms/99.9%
[24.015s][info][gc,marking  ] GC(52) Mark: 8 stripe(s), 2 proactive flush(es), 1 terminate flush(es), 0 completion(s), 0 continuation(s) 
[24.015s][info][gc,marking  ] GC(52) Mark Stack Usage: 32M
[24.015s][info][gc,nmethod  ] GC(52) NMethods: 5842 registered, 277 unregistered
[24.015s][info][gc,metaspace] GC(52) Metaspace: 61M used, 61M committed, 1088M reserved
[24.015s][info][gc,ref      ] GC(52) Soft: 2998 encountered, 0 discovered, 0 enqueued
[24.015s][info][gc,ref      ] GC(52) Weak: 5769 encountered, 1652 discovered, 77 enqueued
[24.015s][info][gc,ref      ] GC(52) Final: 60 encountered, 0 discovered, 0 enqueued
[24.015s][info][gc,ref      ] GC(52) Phantom: 614 encountered, 426 discovered, 2 enqueued
[24.015s][info][gc,reloc    ] GC(52) Small Pages: 173 / 346M, Empty: 72M, Relocated: 20M, In-Place: 0
[24.015s][info][gc,reloc    ] GC(52) Medium Pages: 1 / 32M, Empty: 0M, Relocated: 0M, In-Place: 0
[24.015s][info][gc,reloc    ] GC(52) Large Pages: 4 / 40M, Empty: 40M, Relocated: 0M, In-Place: 0
[24.015s][info][gc,reloc    ] GC(52) Forwarding Usage: 12M
[24.015s][info][gc,heap     ] GC(52) Min Capacity: 8M(1%)
[24.015s][info][gc,heap     ] GC(52) Max Capacity: 1024M(100%)
[24.015s][info][gc,heap     ] GC(52) Soft Max Capacity: 1024M(100%)
[24.015s][info][gc,heap     ] GC(52)                Mark Start          Mark End        Relocate Start      Relocate End           High               Low         
[24.015s][info][gc,heap     ] GC(52)  Capacity:     1024M (100%)       1024M (100%)       1024M (100%)       1024M (100%)       1024M (100%)       1024M (100%)   
[24.015s][info][gc,heap     ] GC(52)      Free:      606M (59%)         564M (55%)         624M (61%)         714M (70%)         718M (70%)         520M (51%)    
[24.015s][info][gc,heap     ] GC(52)      Used:      418M (41%)         460M (45%)         400M (39%)         310M (30%)         504M (49%)         306M (30%)    
[24.015s][info][gc,heap     ] GC(52)      Live:         -               163M (16%)         163M (16%)         163M (16%)            -                  -          
[24.015s][info][gc,heap     ] GC(52) Allocated:         -                42M (4%)           94M (9%)          101M (10%)            -                  -          
[24.015s][info][gc,heap     ] GC(52)   Garbage:         -               254M (25%)         142M (14%)          44M (4%)             -                  -          
[24.015s][info][gc,heap     ] GC(52) Reclaimed:         -                  -               112M (11%)         209M (21%)            -                  -          
[24.015s][info][gc          ] GC(52) Garbage Collection (Allocation Rate) 418M(41%)->310M(30%)
[24.112s][info][gc,start    ] GC(53) Garbage Collection (Allocation Rate)
[24.112s][info][gc,task     ] GC(53) Using 10 workers
[24.113s][info][gc,phases   ] GC(53) Pause Mark Start 0.016ms
[24.206s][info][gc,phases   ] GC(53) Concurrent Mark 93.314ms
[24.206s][info][gc,phases   ] GC(53) Pause Mark End 0.013ms
[24.206s][info][gc,phases   ] GC(53) Concurrent Mark Free 0.001ms
[24.216s][info][gc,phases   ] GC(53) Concurrent Process Non-Strong References 9.492ms
[24.216s][info][gc,phases   ] GC(53) Concurrent Reset Relocation Set 0.012ms
[24.231s][info][gc,phases   ] GC(53) Concurrent Select Relocation Set 15.337ms
[24.231s][info][gc,phases   ] GC(53) Pause Relocate Start 0.013ms
[24.247s][info][gc,phases   ] GC(53) Concurrent Relocate 15.313ms
[24.247s][info][gc,load     ] GC(53) Load: 0.00/0.00/0.00
[24.247s][info][gc,mmu      ] GC(53) MMU: 2ms/97.1%, 5ms/98.8%, 10ms/99.3%, 20ms/99.7%, 50ms/99.8%, 100ms/99.9%
[24.247s][info][gc,marking  ] GC(53) Mark: 8 stripe(s), 2 proactive flush(es), 1 terminate flush(es), 0 completion(s), 0 continuation(s) 
[24.247s][info][gc,marking  ] GC(53) Mark Stack Usage: 32M
[24.247s][info][gc,nmethod  ] GC(53) NMethods: 5827 registered, 319 unregistered
[24.247s][info][gc,metaspace] GC(53) Metaspace: 61M used, 61M committed, 1088M reserved
[24.247s][info][gc,ref      ] GC(53) Soft: 3076 encountered, 0 discovered, 0 enqueued
[24.247s][info][gc,ref      ] GC(53) Weak: 5893 encountered, 1123 discovered, 181 enqueued
[24.247s][info][gc,ref      ] GC(53) Final: 60 encountered, 2 discovered, 0 enqueued
[24.247s][info][gc,ref      ] GC(53) Phantom: 622 encountered, 608 discovered, 8 enqueued
[24.247s][info][gc,reloc    ] GC(53) Small Pages: 159 / 318M, Empty: 0M, Relocated: 24M, In-Place: 0
[24.247s][info][gc,reloc    ] GC(53) Medium Pages: 2 / 64M, Empty: 32M, Relocated: 0M, In-Place: 0
[24.247s][info][gc,reloc    ] GC(53) Large Pages: 5 / 30M, Empty: 6M, Relocated: 0M, In-Place: 0
[24.247s][info][gc,reloc    ] GC(53) Forwarding Usage: 23M
[24.247s][info][gc,heap     ] GC(53) Min Capacity: 8M(1%)
[24.247s][info][gc,heap     ] GC(53) Max Capacity: 1024M(100%)
[24.247s][info][gc,heap     ] GC(53) Soft Max Capacity: 1024M(100%)
[24.247s][info][gc,heap     ] GC(53)                Mark Start          Mark End        Relocate Start      Relocate End           High               Low         
[24.247s][info][gc,heap     ] GC(53)  Capacity:     1024M (100%)       1024M (100%)       1024M (100%)       1024M (100%)       1024M (100%)       1024M (100%)   
[24.247s][info][gc,heap     ] GC(53)      Free:      612M (60%)         564M (55%)         580M (57%)         704M (69%)         704M (69%)         550M (54%)    
[24.247s][info][gc,heap     ] GC(53)      Used:      412M (40%)         460M (45%)         444M (43%)         320M (31%)         474M (46%)         320M (31%)    
[24.247s][info][gc,heap     ] GC(53)      Live:         -               206M (20%)         206M (20%)         206M (20%)            -                  -          
[24.247s][info][gc,heap     ] GC(53) Allocated:         -                48M (5%)           70M (7%)           73M (7%)             -                  -          
[24.247s][info][gc,heap     ] GC(53)   Garbage:         -               205M (20%)         167M (16%)          40M (4%)             -                  -          
[24.247s][info][gc,heap     ] GC(53) Reclaimed:         -                  -                38M (4%)          165M (16%)            -                  -          
[24.247s][info][gc          ] GC(53) Garbage Collection (Allocation Rate) 412M(40%)->320M(31%)
[24.409s][info][gc,start    ] GC(54) Garbage Collection (Allocation Rate)
[24.409s][info][gc,task     ] GC(54) Using 10 workers
[24.409s][info][gc,phases   ] GC(54) Pause Mark Start 0.016ms
[24.534s][info][gc,phases   ] GC(54) Concurrent Mark 124.578ms
[24.534s][info][gc,phases   ] GC(54) Pause Mark End 0.021ms
[24.534s][info][gc,phases   ] GC(54) Concurrent Mark Free 0.001ms
[24.536s][info][gc,phases   ] GC(54) Concurrent Process Non-Strong References 1.878ms
[24.536s][info][gc,phases   ] GC(54) Concurrent Reset Relocation Set 0.010ms
[24.572s][info][gc,phases   ] GC(54) Concurrent Select Relocation Set 35.428ms
[24.572s][info][gc,phases   ] GC(54) Pause Relocate Start 0.009ms
[24.610s][info][gc,phases   ] GC(54) Concurrent Relocate 38.601ms
[24.610s][info][gc,load     ] GC(54) Load: 0.00/0.00/0.00
[24.610s][info][gc,mmu      ] GC(54) MMU: 2ms/97.1%, 5ms/98.8%, 10ms/99.3%, 20ms/99.7%, 50ms/99.8%, 100ms/99.9%
[24.610s][info][gc,marking  ] GC(54) Mark: 8 stripe(s), 2 proactive flush(es), 1 terminate flush(es), 0 completion(s), 0 continuation(s) 
[24.610s][info][gc,marking  ] GC(54) Mark Stack Usage: 32M
[24.610s][info][gc,nmethod  ] GC(54) NMethods: 5897 registered, 322 unregistered
[24.610s][info][gc,metaspace] GC(54) Metaspace: 61M used, 61M committed, 1088M reserved
[24.610s][info][gc,ref      ] GC(54) Soft: 3079 encountered, 0 discovered, 0 enqueued
[24.611s][info][gc,ref      ] GC(54) Weak: 5722 encountered, 2770 discovered, 5 enqueued
[24.611s][info][gc,ref      ] GC(54) Final: 60 encountered, 7 discovered, 0 enqueued
[24.611s][info][gc,ref      ] GC(54) Phantom: 616 encountered, 526 discovered, 0 enqueued
[24.611s][info][gc,reloc    ] GC(54) Small Pages: 257 / 514M, Empty: 2M, Relocated: 90M, In-Place: 0
[24.611s][info][gc,reloc    ] GC(54) Medium Pages: 2 / 64M, Empty: 32M, Relocated: 0M, In-Place: 0
[24.611s][info][gc,reloc    ] GC(54) Large Pages: 8 / 48M, Empty: 0M, Relocated: 0M, In-Place: 0
[24.611s][info][gc,reloc    ] GC(54) Forwarding Usage: 61M
[24.611s][info][gc,heap     ] GC(54) Min Capacity: 8M(1%)
[24.611s][info][gc,heap     ] GC(54) Max Capacity: 1024M(100%)
[24.611s][info][gc,heap     ] GC(54) Soft Max Capacity: 1024M(100%)
[24.611s][info][gc,heap     ] GC(54)                Mark Start          Mark End        Relocate Start      Relocate End           High               Low         
[24.611s][info][gc,heap     ] GC(54)  Capacity:     1024M (100%)       1024M (100%)       1024M (100%)       1024M (100%)       1024M (100%)       1024M (100%)   
[24.611s][info][gc,heap     ] GC(54)      Free:      398M (39%)         338M (33%)         312M (30%)         494M (48%)         502M (49%)         290M (28%)    
[24.611s][info][gc,heap     ] GC(54)      Used:      626M (61%)         686M (67%)         712M (70%)         530M (52%)         734M (72%)         522M (51%)    
[24.611s][info][gc,heap     ] GC(54)      Live:         -               301M (29%)         301M (29%)         301M (29%)            -                  -          
[24.611s][info][gc,heap     ] GC(54) Allocated:         -                60M (6%)          120M (12%)         186M (18%)            -                  -          
[24.611s][info][gc,heap     ] GC(54)   Garbage:         -               324M (32%)         290M (28%)          41M (4%)             -                  -          
[24.611s][info][gc,heap     ] GC(54) Reclaimed:         -                  -                34M (3%)          282M (28%)            -                  -          
[24.611s][info][gc          ] GC(54) Garbage Collection (Allocation Rate) 626M(61%)->530M(52%)
[24.612s][info][gc,start    ] GC(55) Garbage Collection (Allocation Rate)
[24.612s][info][gc,task     ] GC(55) Using 10 workers
[24.612s][info][gc,phases   ] GC(55) Pause Mark Start 0.006ms
[24.721s][info][gc,phases   ] GC(55) Concurrent Mark 109.182ms
[24.722s][info][gc,phases   ] GC(55) Pause Mark End 0.018ms
[24.722s][info][gc,phases   ] GC(55) Concurrent Mark Free 0.001ms
[24.723s][info][gc,phases   ] GC(55) Concurrent Process Non-Strong References 1.765ms
[24.723s][info][gc,phases   ] GC(55) Concurrent Reset Relocation Set 0.030ms
[24.730s][info][gc,phases   ] GC(55) Concurrent Select Relocation Set 6.624ms
[24.730s][info][gc,phases   ] GC(55) Pause Relocate Start 0.011ms
[24.746s][info][gc,phases   ] GC(55) Concurrent Relocate 15.503ms
[24.746s][info][gc,load     ] GC(55) Load: 0.00/0.00/0.00
[24.746s][info][gc,mmu      ] GC(55) MMU: 2ms/97.1%, 5ms/98.8%, 10ms/99.3%, 20ms/99.7%, 50ms/99.8%, 100ms/99.9%
[24.746s][info][gc,marking  ] GC(55) Mark: 8 stripe(s), 2 proactive flush(es), 1 terminate flush(es), 0 completion(s), 0 continuation(s) 
[24.746s][info][gc,marking  ] GC(55) Mark Stack Usage: 32M
[24.746s][info][gc,nmethod  ] GC(55) NMethods: 5889 registered, 336 unregistered
[24.746s][info][gc,metaspace] GC(55) Metaspace: 61M used, 61M committed, 1088M reserved
[24.746s][info][gc,ref      ] GC(55) Soft: 3079 encountered, 0 discovered, 0 enqueued
[24.746s][info][gc,ref      ] GC(55) Weak: 5717 encountered, 1702 discovered, 0 enqueued
[24.746s][info][gc,ref      ] GC(55) Final: 60 encountered, 7 discovered, 0 enqueued
[24.746s][info][gc,ref      ] GC(55) Phantom: 615 encountered, 609 discovered, 0 enqueued
[24.746s][info][gc,reloc    ] GC(55) Small Pages: 227 / 454M, Empty: 30M, Relocated: 41M, In-Place: 0
[24.746s][info][gc,reloc    ] GC(55) Medium Pages: 1 / 32M, Empty: 0M, Relocated: 0M, In-Place: 0
[24.746s][info][gc,reloc    ] GC(55) Large Pages: 8 / 48M, Empty: 24M, Relocated: 0M, In-Place: 0
[24.746s][info][gc,reloc    ] GC(55) Forwarding Usage: 22M
[24.746s][info][gc,heap     ] GC(55) Min Capacity: 8M(1%)
[24.746s][info][gc,heap     ] GC(55) Max Capacity: 1024M(100%)
[24.746s][info][gc,heap     ] GC(55) Soft Max Capacity: 1024M(100%)
[24.746s][info][gc,heap     ] GC(55)                Mark Start          Mark End        Relocate Start      Relocate End           High               Low         
[24.746s][info][gc,heap     ] GC(55)  Capacity:     1024M (100%)       1024M (100%)       1024M (100%)       1024M (100%)       1024M (100%)       1024M (100%)   
[24.746s][info][gc,heap     ] GC(55)      Free:      490M (48%)         214M (21%)         250M (24%)         378M (37%)         490M (48%)         204M (20%)    
[24.746s][info][gc,heap     ] GC(55)      Used:      534M (52%)         810M (79%)         774M (76%)         646M (63%)         820M (80%)         534M (52%)    
[24.746s][info][gc,heap     ] GC(55)      Live:         -               276M (27%)         276M (27%)         276M (27%)            -                  -          
[24.746s][info][gc,heap     ] GC(55) Allocated:         -               276M (27%)         294M (29%)         323M (32%)            -                  -          
[24.746s][info][gc,heap     ] GC(55)   Garbage:         -               257M (25%)         203M (20%)          45M (4%)             -                  -          
[24.746s][info][gc,heap     ] GC(55) Reclaimed:         -                  -                54M (5%)          211M (21%)            -                  -          
[24.746s][info][gc          ] GC(55) Garbage Collection (Allocation Rate) 534M(52%)->646M(63%)
[24.815s][info][gc,start    ] GC(56) Garbage Collection (Allocation Rate)
[24.815s][info][gc,task     ] GC(56) Using 10 workers
[24.815s][info][gc,phases   ] GC(56) Pause Mark Start 0.010ms
[24.956s][info][gc,phases   ] GC(56) Concurrent Mark 140.279ms
[24.956s][info][gc,phases   ] GC(56) Pause Mark End 0.016ms
[24.956s][info][gc,phases   ] GC(56) Concurrent Mark Free 0.001ms
[24.958s][info][gc,phases   ] GC(56) Concurrent Process Non-Strong References 1.918ms
[24.958s][info][gc,phases   ] GC(56) Concurrent Reset Relocation Set 0.020ms
[24.961s][info][gc,phases   ] GC(56) Concurrent Select Relocation Set 3.215ms
[24.961s][info][gc,phases   ] GC(56) Pause Relocate Start 0.008ms
[24.979s][info][gc,phases   ] GC(56) Concurrent Relocate 17.691ms
[24.979s][info][gc,load     ] GC(56) Load: 0.00/0.00/0.00
[24.979s][info][gc,mmu      ] GC(56) MMU: 2ms/97.1%, 5ms/98.8%, 10ms/99.3%, 20ms/99.7%, 50ms/99.8%, 100ms/99.9%
[24.979s][info][gc,marking  ] GC(56) Mark: 8 stripe(s), 3 proactive flush(es), 1 terminate flush(es), 0 completion(s), 0 continuation(s) 
[24.979s][info][gc,marking  ] GC(56) Mark Stack Usage: 32M
[24.979s][info][gc,nmethod  ] GC(56) NMethods: 5917 registered, 339 unregistered
[24.979s][info][gc,metaspace] GC(56) Metaspace: 61M used, 61M committed, 1088M reserved
[24.979s][info][gc,ref      ] GC(56) Soft: 3079 encountered, 0 discovered, 0 enqueued
[24.979s][info][gc,ref      ] GC(56) Weak: 5717 encountered, 1170 discovered, 0 enqueued
[24.979s][info][gc,ref      ] GC(56) Final: 60 encountered, 4 discovered, 0 enqueued
[24.979s][info][gc,ref      ] GC(56) Phantom: 614 encountered, 515 discovered, 0 enqueued
[24.979s][info][gc,reloc    ] GC(56) Small Pages: 341 / 682M, Empty: 0M, Relocated: 22M, In-Place: 0
[24.979s][info][gc,reloc    ] GC(56) Medium Pages: 2 / 64M, Empty: 0M, Relocated: 15M, In-Place: 0
[24.979s][info][gc,reloc    ] GC(56) Large Pages: 4 / 24M, Empty: 0M, Relocated: 0M, In-Place: 0
[24.979s][info][gc,reloc    ] GC(56) Forwarding Usage: 20M
[24.979s][info][gc,heap     ] GC(56) Min Capacity: 8M(1%)
[24.979s][info][gc,heap     ] GC(56) Max Capacity: 1024M(100%)
[24.979s][info][gc,heap     ] GC(56) Soft Max Capacity: 1024M(100%)
[24.979s][info][gc,heap     ] GC(56)                Mark Start          Mark End        Relocate Start      Relocate End           High               Low         
[24.979s][info][gc,heap     ] GC(56)  Capacity:     1024M (100%)       1024M (100%)       1024M (100%)       1024M (100%)       1024M (100%)       1024M (100%)   
[24.979s][info][gc,heap     ] GC(56)      Free:      254M (25%)         166M (16%)         164M (16%)         574M (56%)         574M (56%)         116M (11%)    
[24.979s][info][gc,heap     ] GC(56)      Used:      770M (75%)         858M (84%)         860M (84%)         450M (44%)         908M (89%)         450M (44%)    
[24.979s][info][gc,heap     ] GC(56)      Live:         -               302M (30%)         302M (30%)         302M (30%)            -                  -          
[24.979s][info][gc,heap     ] GC(56) Allocated:         -                88M (9%)           90M (9%)           95M (9%)             -                  -          
[24.979s][info][gc,heap     ] GC(56)   Garbage:         -               467M (46%)         467M (46%)          51M (5%)             -                  -          
[24.979s][info][gc,heap     ] GC(56) Reclaimed:         -                  -                 0M (0%)          415M (41%)            -                  -          
[24.979s][info][gc          ] GC(56) Garbage Collection (Allocation Rate) 770M(75%)->450M(44%)
[25.018s][info][gc,start    ] GC(57) Garbage Collection (Allocation Rate)
[25.018s][info][gc,task     ] GC(57) Using 10 workers
[25.018s][info][gc,phases   ] GC(57) Pause Mark Start 0.015ms
[25.159s][info][gc,phases   ] GC(57) Concurrent Mark 140.257ms
[25.159s][info][gc,phases   ] GC(57) Pause Mark End 0.020ms
[25.159s][info][gc,phases   ] GC(57) Concurrent Mark Free 0.001ms
[25.161s][info][gc,phases   ] GC(57) Concurrent Process Non-Strong References 1.533ms
[25.161s][info][gc,phases   ] GC(57) Concurrent Reset Relocation Set 0.027ms
[25.164s][info][gc,phases   ] GC(57) Concurrent Select Relocation Set 3.142ms
[25.164s][info][gc,phases   ] GC(57) Pause Relocate Start 0.012ms
[25.172s][info][gc,phases   ] GC(57) Concurrent Relocate 8.157ms
[25.172s][info][gc,load     ] GC(57) Load: 0.00/0.00/0.00
[25.172s][info][gc,mmu      ] GC(57) MMU: 2ms/97.1%, 5ms/98.8%, 10ms/99.3%, 20ms/99.7%, 50ms/99.8%, 100ms/99.9%
[25.172s][info][gc,marking  ] GC(57) Mark: 8 stripe(s), 3 proactive flush(es), 1 terminate flush(es), 0 completion(s), 0 continuation(s) 
[25.172s][info][gc,marking  ] GC(57) Mark Stack Usage: 32M
[25.172s][info][gc,nmethod  ] GC(57) NMethods: 5916 registered, 345 unregistered
[25.172s][info][gc,metaspace] GC(57) Metaspace: 61M used, 61M committed, 1088M reserved
[25.172s][info][gc,ref      ] GC(57) Soft: 3079 encountered, 0 discovered, 0 enqueued
[25.172s][info][gc,ref      ] GC(57) Weak: 5717 encountered, 1466 discovered, 0 enqueued
[25.172s][info][gc,ref      ] GC(57) Final: 60 encountered, 3 discovered, 0 enqueued
[25.172s][info][gc,ref      ] GC(57) Phantom: 616 encountered, 333 discovered, 0 enqueued
[25.172s][info][gc,reloc    ] GC(57) Small Pages: 189 / 378M, Empty: 14M, Relocated: 13M, In-Place: 0
[25.172s][info][gc,reloc    ] GC(57) Medium Pages: 2 / 64M, Empty: 0M, Relocated: 17M, In-Place: 0
[25.172s][info][gc,reloc    ] GC(57) Large Pages: 4 / 24M, Empty: 0M, Relocated: 0M, In-Place: 0
[25.172s][info][gc,reloc    ] GC(57) Forwarding Usage: 10M
[25.172s][info][gc,heap     ] GC(57) Min Capacity: 8M(1%)
[25.172s][info][gc,heap     ] GC(57) Max Capacity: 1024M(100%)
[25.172s][info][gc,heap     ] GC(57) Soft Max Capacity: 1024M(100%)
[25.172s][info][gc,heap     ] GC(57)                Mark Start          Mark End        Relocate Start      Relocate End           High               Low         
[25.173s][info][gc,heap     ] GC(57)  Capacity:     1024M (100%)       1024M (100%)       1024M (100%)       1024M (100%)       1024M (100%)       1024M (100%)   
[25.173s][info][gc,heap     ] GC(57)      Free:      558M (54%)         506M (49%)         520M (51%)         626M (61%)         626M (61%)         474M (46%)    
[25.173s][info][gc,heap     ] GC(57)      Used:      466M (46%)         518M (51%)         504M (49%)         398M (39%)         550M (54%)         398M (39%)    
[25.173s][info][gc,heap     ] GC(57)      Live:         -               306M (30%)         306M (30%)         306M (30%)            -                  -          
[25.173s][info][gc,heap     ] GC(57) Allocated:         -                52M (5%)           52M (5%)           54M (5%)             -                  -          
[25.173s][info][gc,heap     ] GC(57)   Garbage:         -               159M (16%)         145M (14%)          37M (4%)             -                  -          
[25.173s][info][gc,heap     ] GC(57) Reclaimed:         -                  -                14M (1%)          122M (12%)            -                  -          
[25.173s][info][gc          ] GC(57) Garbage Collection (Allocation Rate) 466M(46%)->398M(39%)
[25.206s][info][gc,start    ] GC(58) Garbage Collection (Allocation Rate)
[25.206s][info][gc,task     ] GC(58) Using 10 workers
[25.206s][info][gc,phases   ] GC(58) Pause Mark Start 0.009ms
[25.331s][info][gc,phases   ] GC(58) Concurrent Mark 124.638ms
[25.331s][info][gc,phases   ] GC(58) Pause Mark End 0.018ms
[25.331s][info][gc,phases   ] GC(58) Concurrent Mark Free 0.001ms
[25.333s][info][gc,phases   ] GC(58) Concurrent Process Non-Strong References 1.752ms
[25.333s][info][gc,phases   ] GC(58) Concurrent Reset Relocation Set 0.005ms
[25.336s][info][gc,phases   ] GC(58) Concurrent Select Relocation Set 3.319ms
[25.336s][info][gc,phases   ] GC(58) Pause Relocate Start 0.005ms
[25.339s][info][gc,phases   ] GC(58) Concurrent Relocate 2.384ms
[25.339s][info][gc,load     ] GC(58) Load: 0.00/0.00/0.00
[25.339s][info][gc,mmu      ] GC(58) MMU: 2ms/97.1%, 5ms/98.8%, 10ms/99.3%, 20ms/99.7%, 50ms/99.8%, 100ms/99.9%
[25.339s][info][gc,marking  ] GC(58) Mark: 8 stripe(s), 2 proactive flush(es), 1 terminate flush(es), 0 completion(s), 0 continuation(s) 
[25.339s][info][gc,marking  ] GC(58) Mark Stack Usage: 32M
[25.339s][info][gc,nmethod  ] GC(58) NMethods: 5922 registered, 348 unregistered
[25.339s][info][gc,metaspace] GC(58) Metaspace: 61M used, 61M committed, 1088M reserved
[25.339s][info][gc,ref      ] GC(58) Soft: 3079 encountered, 0 discovered, 0 enqueued
[25.339s][info][gc,ref      ] GC(58) Weak: 5717 encountered, 2131 discovered, 0 enqueued
[25.339s][info][gc,ref      ] GC(58) Final: 60 encountered, 7 discovered, 0 enqueued
[25.339s][info][gc,ref      ] GC(58) Phantom: 616 encountered, 239 discovered, 0 enqueued
[25.339s][info][gc,reloc    ] GC(58) Small Pages: 176 / 352M, Empty: 26M, Relocated: 3M, In-Place: 0
[25.339s][info][gc,reloc    ] GC(58) Medium Pages: 1 / 32M, Empty: 0M, Relocated: 0M, In-Place: 0
[25.339s][info][gc,reloc    ] GC(58) Large Pages: 4 / 24M, Empty: 0M, Relocated: 0M, In-Place: 0
[25.339s][info][gc,reloc    ] GC(58) Forwarding Usage: 2M
[25.339s][info][gc,heap     ] GC(58) Min Capacity: 8M(1%)
[25.339s][info][gc,heap     ] GC(58) Max Capacity: 1024M(100%)
[25.339s][info][gc,heap     ] GC(58) Soft Max Capacity: 1024M(100%)
[25.339s][info][gc,heap     ] GC(58)                Mark Start          Mark End        Relocate Start      Relocate End           High               Low         
[25.339s][info][gc,heap     ] GC(58)  Capacity:     1024M (100%)       1024M (100%)       1024M (100%)       1024M (100%)       1024M (100%)       1024M (100%)   
[25.339s][info][gc,heap     ] GC(58)      Free:      616M (60%)         570M (56%)         594M (58%)         618M (60%)         618M (60%)         568M (55%)    
[25.339s][info][gc,heap     ] GC(58)      Used:      408M (40%)         454M (44%)         430M (42%)         406M (40%)         456M (45%)         406M (40%)    
[25.339s][info][gc,heap     ] GC(58)      Live:         -               306M (30%)         306M (30%)         306M (30%)            -                  -          
[25.339s][info][gc,heap     ] GC(58) Allocated:         -                46M (4%)           48M (5%)           47M (5%)             -                  -          
[25.339s][info][gc,heap     ] GC(58)   Garbage:         -               101M (10%)          75M (7%)           51M (5%)             -                  -          
[25.339s][info][gc,heap     ] GC(58) Reclaimed:         -                  -                26M (3%)           49M (5%)             -                  -          
[25.339s][info][gc          ] GC(58) Garbage Collection (Allocation Rate) 408M(40%)->406M(40%)
[25.409s][info][gc,start    ] GC(59) Garbage Collection (Allocation Rate)
[25.409s][info][gc,task     ] GC(59) Using 10 workers
[25.409s][info][gc,phases   ] GC(59) Pause Mark Start 0.008ms
[25.518s][info][gc,phases   ] GC(59) Concurrent Mark 109.086ms
[25.518s][info][gc,phases   ] GC(59) Pause Mark End 0.017ms
[25.518s][info][gc,phases   ] GC(59) Concurrent Mark Free 0.001ms
[25.520s][info][gc,phases   ] GC(59) Concurrent Process Non-Strong References 1.776ms
[25.520s][info][gc,phases   ] GC(59) Concurrent Reset Relocation Set 0.003ms
[25.530s][info][gc,phases   ] GC(59) Concurrent Select Relocation Set 10.331ms
[25.531s][info][gc,phases   ] GC(59) Pause Relocate Start 0.009ms
[25.545s][info][gc,phases   ] GC(59) Concurrent Relocate 13.994ms
[25.545s][info][gc,load     ] GC(59) Load: 0.00/0.00/0.00
[25.545s][info][gc,mmu      ] GC(59) MMU: 2ms/97.1%, 5ms/98.8%, 10ms/99.3%, 20ms/99.7%, 50ms/99.8%, 100ms/99.9%
[25.545s][info][gc,marking  ] GC(59) Mark: 8 stripe(s), 2 proactive flush(es), 1 terminate flush(es), 0 completion(s), 0 continuation(s) 
[25.545s][info][gc,marking  ] GC(59) Mark Stack Usage: 32M
[25.545s][info][gc,nmethod  ] GC(59) NMethods: 5938 registered, 348 unregistered
[25.545s][info][gc,metaspace] GC(59) Metaspace: 61M used, 61M committed, 1088M reserved
[25.545s][info][gc,ref      ] GC(59) Soft: 3079 encountered, 0 discovered, 0 enqueued
[25.545s][info][gc,ref      ] GC(59) Weak: 5717 encountered, 2397 discovered, 0 enqueued
[25.545s][info][gc,ref      ] GC(59) Final: 60 encountered, 1 discovered, 0 enqueued
[25.545s][info][gc,ref      ] GC(59) Phantom: 615 encountered, 236 discovered, 0 enqueued
[25.545s][info][gc,reloc    ] GC(59) Small Pages: 193 / 386M, Empty: 42M, Relocated: 33M, In-Place: 0
[25.545s][info][gc,reloc    ] GC(59) Medium Pages: 1 / 32M, Empty: 0M, Relocated: 0M, In-Place: 0
[25.545s][info][gc,reloc    ] GC(59) Large Pages: 4 / 24M, Empty: 12M, Relocated: 0M, In-Place: 0
[25.545s][info][gc,reloc    ] GC(59) Forwarding Usage: 19M
[25.545s][info][gc,heap     ] GC(59) Min Capacity: 8M(1%)
[25.545s][info][gc,heap     ] GC(59) Max Capacity: 1024M(100%)
[25.545s][info][gc,heap     ] GC(59) Soft Max Capacity: 1024M(100%)
[25.545s][info][gc,heap     ] GC(59)                Mark Start          Mark End        Relocate Start      Relocate End           High               Low         
[25.545s][info][gc,heap     ] GC(59)  Capacity:     1024M (100%)       1024M (100%)       1024M (100%)       1024M (100%)       1024M (100%)       1024M (100%)   
[25.545s][info][gc,heap     ] GC(59)      Free:      582M (57%)         420M (41%)         452M (44%)         522M (51%)         582M (57%)         412M (40%)    
[25.545s][info][gc,heap     ] GC(59)      Used:      442M (43%)         604M (59%)         572M (56%)         502M (49%)         612M (60%)         442M (43%)    
[25.545s][info][gc,heap     ] GC(59)      Live:         -               246M (24%)         246M (24%)         246M (24%)            -                  -          
[25.545s][info][gc,heap     ] GC(59) Allocated:         -               162M (16%)         184M (18%)         207M (20%)            -                  -          
[25.545s][info][gc,heap     ] GC(59)   Garbage:         -               195M (19%)         141M (14%)          47M (5%)             -                  -          
[25.545s][info][gc,heap     ] GC(59) Reclaimed:         -                  -                54M (5%)          147M (14%)            -                  -          
[25.545s][info][gc          ] GC(59) Garbage Collection (Allocation Rate) 442M(43%)->502M(49%)
[25.612s][info][gc,start    ] GC(60) Garbage Collection (Allocation Rate)
[25.612s][info][gc,task     ] GC(60) Using 10 workers
[25.612s][info][gc,phases   ] GC(60) Pause Mark Start 0.015ms
[25.721s][info][gc,phases   ] GC(60) Concurrent Mark 109.006ms
[25.721s][info][gc,phases   ] GC(60) Pause Mark End 0.017ms
[25.721s][info][gc,phases   ] GC(60) Concurrent Mark Free 0.001ms
[25.723s][info][gc,phases   ] GC(60) Concurrent Process Non-Strong References 1.941ms
[25.723s][info][gc,phases   ] GC(60) Concurrent Reset Relocation Set 0.012ms
[25.747s][info][gc,phases   ] GC(60) Concurrent Select Relocation Set 23.739ms
[25.747s][info][gc,phases   ] GC(60) Pause Relocate Start 0.009ms
[25.770s][info][gc,phases   ] GC(60) Concurrent Relocate 22.190ms
[25.770s][info][gc,load     ] GC(60) Load: 0.00/0.00/0.00
[25.770s][info][gc,mmu      ] GC(60) MMU: 2ms/97.1%, 5ms/98.8%, 10ms/99.3%, 20ms/99.7%, 50ms/99.8%, 100ms/99.9%
[25.770s][info][gc,marking  ] GC(60) Mark: 8 stripe(s), 2 proactive flush(es), 1 terminate flush(es), 0 completion(s), 0 continuation(s) 
[25.770s][info][gc,marking  ] GC(60) Mark Stack Usage: 32M
[25.770s][info][gc,nmethod  ] GC(60) NMethods: 5941 registered, 350 unregistered
[25.770s][info][gc,metaspace] GC(60) Metaspace: 61M used, 61M committed, 1088M reserved
[25.770s][info][gc,ref      ] GC(60) Soft: 3079 encountered, 0 discovered, 0 enqueued
[25.770s][info][gc,ref      ] GC(60) Weak: 5717 encountered, 951 discovered, 0 enqueued
[25.770s][info][gc,ref      ] GC(60) Final: 60 encountered, 4 discovered, 0 enqueued
[25.770s][info][gc,ref      ] GC(60) Phantom: 616 encountered, 534 discovered, 0 enqueued
[25.770s][info][gc,reloc    ] GC(60) Small Pages: 274 / 548M, Empty: 18M, Relocated: 29M, In-Place: 0
[25.770s][info][gc,reloc    ] GC(60) Medium Pages: 2 / 64M, Empty: 32M, Relocated: 0M, In-Place: 0
[25.770s][info][gc,reloc    ] GC(60) Large Pages: 5 / 30M, Empty: 12M, Relocated: 0M, In-Place: 0
[25.770s][info][gc,reloc    ] GC(60) Forwarding Usage: 26M
[25.770s][info][gc,heap     ] GC(60) Min Capacity: 8M(1%)
[25.770s][info][gc,heap     ] GC(60) Max Capacity: 1024M(100%)
[25.770s][info][gc,heap     ] GC(60) Soft Max Capacity: 1024M(100%)
[25.770s][info][gc,heap     ] GC(60)                Mark Start          Mark End        Relocate Start      Relocate End           High               Low         
[25.770s][info][gc,heap     ] GC(60)  Capacity:     1024M (100%)       1024M (100%)       1024M (100%)       1024M (100%)       1024M (100%)       1024M (100%)   
[25.770s][info][gc,heap     ] GC(60)      Free:      382M (37%)         162M (16%)         166M (16%)         460M (45%)         464M (45%)         150M (15%)    
[25.770s][info][gc,heap     ] GC(60)      Used:      642M (63%)         862M (84%)         858M (84%)         564M (55%)         874M (85%)         560M (55%)    
[25.770s][info][gc,heap     ] GC(60)      Live:         -               214M (21%)         214M (21%)         214M (21%)            -                  -          
[25.770s][info][gc,heap     ] GC(60) Allocated:         -               220M (21%)         278M (27%)         309M (30%)            -                  -          
[25.770s][info][gc,heap     ] GC(60)   Garbage:         -               427M (42%)         365M (36%)          40M (4%)             -                  -          
[25.770s][info][gc,heap     ] GC(60) Reclaimed:         -                  -                62M (6%)          387M (38%)            -                  -          
[25.770s][info][gc          ] GC(60) Garbage Collection (Allocation Rate) 642M(63%)->564M(55%)
[25.807s][info][gc,start    ] GC(61) Garbage Collection (Allocation Rate)
[25.807s][info][gc,task     ] GC(61) Using 10 workers
[25.808s][info][gc,phases   ] GC(61) Pause Mark Start 0.010ms
[25.932s][info][gc,phases   ] GC(61) Concurrent Mark 124.643ms
[25.932s][info][gc,phases   ] GC(61) Pause Mark End 0.017ms
[25.933s][info][gc,phases   ] GC(61) Concurrent Mark Free 0.001ms
[25.934s][info][gc,phases   ] GC(61) Concurrent Process Non-Strong References 1.797ms
[25.934s][info][gc,phases   ] GC(61) Concurrent Reset Relocation Set 0.039ms
[25.967s][info][gc,phases   ] GC(61) Concurrent Select Relocation Set 32.267ms
[25.967s][info][gc,phases   ] GC(61) Pause Relocate Start 0.015ms
[25.990s][info][gc,phases   ] GC(61) Concurrent Relocate 22.651ms
[25.990s][info][gc,load     ] GC(61) Load: 0.00/0.00/0.00
[25.990s][info][gc,mmu      ] GC(61) MMU: 2ms/97.1%, 5ms/98.8%, 10ms/99.3%, 20ms/99.7%, 50ms/99.8%, 100ms/99.9%
[25.990s][info][gc,marking  ] GC(61) Mark: 8 stripe(s), 2 proactive flush(es), 1 terminate flush(es), 0 completion(s), 0 continuation(s) 
[25.990s][info][gc,marking  ] GC(61) Mark Stack Usage: 32M
[25.990s][info][gc,nmethod  ] GC(61) NMethods: 5944 registered, 351 unregistered
[25.990s][info][gc,metaspace] GC(61) Metaspace: 61M used, 61M committed, 1088M reserved
[25.990s][info][gc,ref      ] GC(61) Soft: 3079 encountered, 0 discovered, 0 enqueued
[25.990s][info][gc,ref      ] GC(61) Weak: 5717 encountered, 521 discovered, 0 enqueued
[25.990s][info][gc,ref      ] GC(61) Final: 60 encountered, 4 discovered, 0 enqueued
[25.990s][info][gc,ref      ] GC(61) Phantom: 616 encountered, 572 discovered, 0 enqueued
[25.990s][info][gc,reloc    ] GC(61) Small Pages: 286 / 572M, Empty: 0M, Relocated: 27M, In-Place: 0
[25.990s][info][gc,reloc    ] GC(61) Medium Pages: 1 / 32M, Empty: 0M, Relocated: 0M, In-Place: 0
[25.990s][info][gc,reloc    ] GC(61) Large Pages: 4 / 24M, Empty: 0M, Relocated: 0M, In-Place: 0
[25.990s][info][gc,reloc    ] GC(61) Forwarding Usage: 26M
[25.990s][info][gc,heap     ] GC(61) Min Capacity: 8M(1%)
[25.990s][info][gc,heap     ] GC(61) Max Capacity: 1024M(100%)
[25.990s][info][gc,heap     ] GC(61) Soft Max Capacity: 1024M(100%)
[25.990s][info][gc,heap     ] GC(61)                Mark Start          Mark End        Relocate Start      Relocate End           High               Low         
[25.990s][info][gc,heap     ] GC(61)  Capacity:     1024M (100%)       1024M (100%)       1024M (100%)       1024M (100%)       1024M (100%)       1024M (100%)   
[25.990s][info][gc,heap     ] GC(61)      Free:      396M (39%)         172M (17%)         118M (12%)         432M (42%)         432M (42%)          98M (10%)    
[25.990s][info][gc,heap     ] GC(61)      Used:      628M (61%)         852M (83%)         906M (88%)         592M (58%)         926M (90%)         592M (58%)    
[25.990s][info][gc,heap     ] GC(61)      Live:         -               231M (23%)         231M (23%)         231M (23%)            -                  -          
[25.990s][info][gc,heap     ] GC(61) Allocated:         -               224M (22%)         278M (27%)         316M (31%)            -                  -          
[25.990s][info][gc,heap     ] GC(61)   Garbage:         -               396M (39%)         396M (39%)          43M (4%)             -                  -          
[25.990s][info][gc,heap     ] GC(61) Reclaimed:         -                  -                 0M (0%)          352M (34%)            -                  -          
[25.990s][info][gc          ] GC(61) Garbage Collection (Allocation Rate) 628M(61%)->592M(58%)
[26.010s][info][gc,start    ] GC(62) Garbage Collection (Allocation Rate)
[26.010s][info][gc,task     ] GC(62) Using 10 workers
[26.011s][info][gc,phases   ] GC(62) Pause Mark Start 0.015ms
[26.151s][info][gc,phases   ] GC(62) Concurrent Mark 140.279ms
[26.151s][info][gc,phases   ] GC(62) Pause Mark End 0.024ms
[26.151s][info][gc,phases   ] GC(62) Concurrent Mark Free 0.001ms
[26.153s][info][gc,phases   ] GC(62) Concurrent Process Non-Strong References 2.013ms
[26.153s][info][gc,phases   ] GC(62) Concurrent Reset Relocation Set 0.043ms
[26.158s][info][gc,phases   ] GC(62) Concurrent Select Relocation Set 4.164ms
[26.158s][info][gc,phases   ] GC(62) Pause Relocate Start 0.009ms
[26.168s][info][gc,phases   ] GC(62) Concurrent Relocate 10.426ms
[26.168s][info][gc,load     ] GC(62) Load: 0.00/0.00/0.00
[26.168s][info][gc,mmu      ] GC(62) MMU: 2ms/97.1%, 5ms/98.8%, 10ms/99.3%, 20ms/99.7%, 50ms/99.8%, 100ms/99.9%
[26.168s][info][gc,marking  ] GC(62) Mark: 8 stripe(s), 2 proactive flush(es), 1 terminate flush(es), 0 completion(s), 0 continuation(s) 
[26.168s][info][gc,marking  ] GC(62) Mark Stack Usage: 32M
[26.168s][info][gc,nmethod  ] GC(62) NMethods: 5948 registered, 354 unregistered
[26.168s][info][gc,metaspace] GC(62) Metaspace: 61M used, 61M committed, 1088M reserved
[26.168s][info][gc,ref      ] GC(62) Soft: 3079 encountered, 0 discovered, 0 enqueued
[26.168s][info][gc,ref      ] GC(62) Weak: 5717 encountered, 1690 discovered, 0 enqueued
[26.168s][info][gc,ref      ] GC(62) Final: 60 encountered, 3 discovered, 0 enqueued
[26.168s][info][gc,ref      ] GC(62) Phantom: 615 encountered, 493 discovered, 0 enqueued
[26.168s][info][gc,reloc    ] GC(62) Small Pages: 259 / 518M, Empty: 0M, Relocated: 17M, In-Place: 0
[26.168s][info][gc,reloc    ] GC(62) Medium Pages: 1 / 32M, Empty: 0M, Relocated: 0M, In-Place: 0
[26.168s][info][gc,reloc    ] GC(62) Large Pages: 8 / 64M, Empty: 12M, Relocated: 0M, In-Place: 0
[26.168s][info][gc,reloc    ] GC(62) Forwarding Usage: 15M
[26.168s][info][gc,heap     ] GC(62) Min Capacity: 8M(1%)
[26.168s][info][gc,heap     ] GC(62) Max Capacity: 1024M(100%)
[26.169s][info][gc,heap     ] GC(62) Soft Max Capacity: 1024M(100%)
[26.169s][info][gc,heap     ] GC(62)                Mark Start          Mark End        Relocate Start      Relocate End           High               Low         
[26.169s][info][gc,heap     ] GC(62)  Capacity:     1024M (100%)       1024M (100%)       1024M (100%)       1024M (100%)       1024M (100%)       1024M (100%)   
[26.169s][info][gc,heap     ] GC(62)      Free:      410M (40%)         160M (16%)         158M (15%)         428M (42%)         428M (42%)         136M (13%)    
[26.169s][info][gc,heap     ] GC(62)      Used:      614M (60%)         864M (84%)         866M (85%)         596M (58%)         888M (87%)         596M (58%)    
[26.169s][info][gc,heap     ] GC(62)      Live:         -               269M (26%)         269M (26%)         269M (26%)            -                  -          
[26.169s][info][gc,heap     ] GC(62) Allocated:         -               250M (24%)         264M (26%)         279M (27%)            -                  -          
[26.169s][info][gc,heap     ] GC(62)   Garbage:         -               344M (34%)         332M (32%)          46M (5%)             -                  -          
[26.169s][info][gc,heap     ] GC(62) Reclaimed:         -                  -                12M (1%)          297M (29%)            -                  -          
[26.169s][info][gc          ] GC(62) Garbage Collection (Allocation Rate) 614M(60%)->596M(58%)
[26.213s][info][gc,start    ] GC(63) Garbage Collection (Allocation Rate)
[26.214s][info][gc,task     ] GC(63) Using 10 workers
[26.214s][info][gc,phases   ] GC(63) Pause Mark Start 0.013ms
[26.354s][info][gc,phases   ] GC(63) Concurrent Mark 140.280ms
[26.354s][info][gc,phases   ] GC(63) Pause Mark End 0.020ms
[26.354s][info][gc,phases   ] GC(63) Concurrent Mark Free 0.001ms
[26.356s][info][gc,phases   ] GC(63) Concurrent Process Non-Strong References 1.607ms
[26.356s][info][gc,phases   ] GC(63) Concurrent Reset Relocation Set 0.021ms
[26.377s][info][gc,phases   ] GC(63) Concurrent Select Relocation Set 20.653ms
[26.377s][info][gc,phases   ] GC(63) Pause Relocate Start 0.011ms
[26.394s][info][gc,phases   ] GC(63) Concurrent Relocate 17.460ms
[26.394s][info][gc,load     ] GC(63) Load: 0.00/0.00/0.00
[26.394s][info][gc,mmu      ] GC(63) MMU: 2ms/97.1%, 5ms/98.8%, 10ms/99.3%, 20ms/99.7%, 50ms/99.8%, 100ms/99.9%
[26.394s][info][gc,marking  ] GC(63) Mark: 8 stripe(s), 2 proactive flush(es), 1 terminate flush(es), 0 completion(s), 0 continuation(s) 
[26.394s][info][gc,marking  ] GC(63) Mark Stack Usage: 32M
[26.394s][info][gc,nmethod  ] GC(63) NMethods: 5948 registered, 355 unregistered
[26.394s][info][gc,metaspace] GC(63) Metaspace: 61M used, 61M committed, 1088M reserved
[26.394s][info][gc,ref      ] GC(63) Soft: 3079 encountered, 0 discovered, 0 enqueued
[26.395s][info][gc,ref      ] GC(63) Weak: 5717 encountered, 968 discovered, 0 enqueued
[26.395s][info][gc,ref      ] GC(63) Final: 60 encountered, 55 discovered, 0 enqueued
[26.395s][info][gc,ref      ] GC(63) Phantom: 616 encountered, 516 discovered, 0 enqueued
[26.395s][info][gc,reloc    ] GC(63) Small Pages: 299 / 598M, Empty: 0M, Relocated: 22M, In-Place: 0
[26.395s][info][gc,reloc    ] GC(63) Medium Pages: 1 / 32M, Empty: 0M, Relocated: 0M, In-Place: 0
[26.395s][info][gc,reloc    ] GC(63) Large Pages: 6 / 52M, Empty: 12M, Relocated: 0M, In-Place: 0
[26.395s][info][gc,reloc    ] GC(63) Forwarding Usage: 19M
[26.395s][info][gc,heap     ] GC(63) Min Capacity: 8M(1%)
[26.395s][info][gc,heap     ] GC(63) Max Capacity: 1024M(100%)
[26.395s][info][gc,heap     ] GC(63) Soft Max Capacity: 1024M(100%)
[26.395s][info][gc,heap     ] GC(63)                Mark Start          Mark End        Relocate Start      Relocate End           High               Low         
[26.395s][info][gc,heap     ] GC(63)  Capacity:     1024M (100%)       1024M (100%)       1024M (100%)       1024M (100%)       1024M (100%)       1024M (100%)   
[26.395s][info][gc,heap     ] GC(63)      Free:      342M (33%)          78M (8%)           60M (6%)          386M (38%)         392M (38%)          40M (4%)     
[26.395s][info][gc,heap     ] GC(63)      Used:      682M (67%)         946M (92%)         964M (94%)         638M (62%)         984M (96%)         632M (62%)    
[26.395s][info][gc,heap     ] GC(63)      Live:         -               268M (26%)         268M (26%)         268M (26%)            -                  -          
[26.395s][info][gc,heap     ] GC(63) Allocated:         -               264M (26%)         294M (29%)         317M (31%)            -                  -          
[26.395s][info][gc,heap     ] GC(63)   Garbage:         -               413M (40%)         401M (39%)          51M (5%)             -                  -          
[26.395s][info][gc,heap     ] GC(63) Reclaimed:         -                  -                12M (1%)          361M (35%)            -                  -          
[26.395s][info][gc          ] GC(63) Garbage Collection (Allocation Rate) 682M(67%)->638M(62%)
[26.408s][info][gc,start    ] GC(64) Garbage Collection (Allocation Rate)
[26.408s][info][gc,task     ] GC(64) Using 10 workers
[26.408s][info][gc,phases   ] GC(64) Pause Mark Start 0.011ms
[26.548s][info][gc,phases   ] GC(64) Concurrent Mark 140.247ms
[26.549s][info][gc,phases   ] GC(64) Pause Mark End 0.021ms
[26.549s][info][gc,phases   ] GC(64) Concurrent Mark Free 0.001ms
[26.550s][info][gc,phases   ] GC(64) Concurrent Process Non-Strong References 1.656ms
[26.550s][info][gc,phases   ] GC(64) Concurrent Reset Relocation Set 0.033ms
[26.554s][info][gc,phases   ] GC(64) Concurrent Select Relocation Set 3.628ms
[26.554s][info][gc,phases   ] GC(64) Pause Relocate Start 0.011ms
[26.566s][info][gc,phases   ] GC(64) Concurrent Relocate 12.140ms
[26.566s][info][gc,load     ] GC(64) Load: 0.00/0.00/0.00
[26.566s][info][gc,mmu      ] GC(64) MMU: 2ms/97.1%, 5ms/98.8%, 10ms/99.3%, 20ms/99.7%, 50ms/99.8%, 100ms/99.9%
[26.566s][info][gc,marking  ] GC(64) Mark: 8 stripe(s), 2 proactive flush(es), 1 terminate flush(es), 0 completion(s), 0 continuation(s) 
[26.566s][info][gc,marking  ] GC(64) Mark Stack Usage: 32M
[26.566s][info][gc,nmethod  ] GC(64) NMethods: 5949 registered, 355 unregistered
[26.566s][info][gc,metaspace] GC(64) Metaspace: 61M used, 61M committed, 1088M reserved
[26.567s][info][gc,ref      ] GC(64) Soft: 3079 encountered, 0 discovered, 0 enqueued
[26.567s][info][gc,ref      ] GC(64) Weak: 5717 encountered, 1277 discovered, 0 enqueued
[26.567s][info][gc,ref      ] GC(64) Final: 60 encountered, 58 discovered, 0 enqueued
[26.567s][info][gc,ref      ] GC(64) Phantom: 616 encountered, 477 discovered, 0 enqueued
[26.567s][info][gc,reloc    ] GC(64) Small Pages: 296 / 592M, Empty: 0M, Relocated: 17M, In-Place: 0
[26.567s][info][gc,reloc    ] GC(64) Medium Pages: 1 / 32M, Empty: 0M, Relocated: 0M, In-Place: 0
[26.567s][info][gc,reloc    ] GC(64) Large Pages: 4 / 40M, Empty: 0M, Relocated: 0M, In-Place: 0
[26.567s][info][gc,reloc    ] GC(64) Forwarding Usage: 14M
[26.567s][info][gc,heap     ] GC(64) Min Capacity: 8M(1%)
[26.567s][info][gc,heap     ] GC(64) Max Capacity: 1024M(100%)
[26.567s][info][gc,heap     ] GC(64) Soft Max Capacity: 1024M(100%)
[26.567s][info][gc,heap     ] GC(64)                Mark Start          Mark End        Relocate Start      Relocate End           High               Low         
[26.567s][info][gc,heap     ] GC(64)  Capacity:     1024M (100%)       1024M (100%)       1024M (100%)       1024M (100%)       1024M (100%)       1024M (100%)   
[26.567s][info][gc,heap     ] GC(64)      Free:      360M (35%)         122M (12%)         112M (11%)         422M (41%)         424M (41%)          92M (9%)     
[26.567s][info][gc,heap     ] GC(64)      Used:      664M (65%)         902M (88%)         912M (89%)         602M (59%)         932M (91%)         600M (59%)    
[26.567s][info][gc,heap     ] GC(64)      Live:         -               277M (27%)         277M (27%)         277M (27%)            -                  -          
[26.567s][info][gc,heap     ] GC(64) Allocated:         -               238M (23%)         248M (24%)         265M (26%)            -                  -          
[26.567s][info][gc,heap     ] GC(64)   Garbage:         -               386M (38%)         386M (38%)          58M (6%)             -                  -          
[26.567s][info][gc,heap     ] GC(64) Reclaimed:         -                  -                 0M (0%)          327M (32%)            -                  -          
[26.567s][info][gc          ] GC(64) Garbage Collection (Allocation Rate) 664M(65%)->602M(59%)
[26.611s][info][gc,start    ] GC(65) Garbage Collection (Allocation Rate)
[26.611s][info][gc,task     ] GC(65) Using 10 workers
[26.611s][info][gc,phases   ] GC(65) Pause Mark Start 0.015ms
[26.767s][info][gc,phases   ] GC(65) Concurrent Mark 155.856ms
[26.767s][info][gc,phases   ] GC(65) Pause Mark End 0.016ms
[26.767s][info][gc,phases   ] GC(65) Concurrent Mark Free 0.001ms
[26.769s][info][gc,phases   ] GC(65) Concurrent Process Non-Strong References 1.970ms
[26.769s][info][gc,phases   ] GC(65) Concurrent Reset Relocation Set 0.021ms
[26.790s][info][gc,phases   ] GC(65) Concurrent Select Relocation Set 20.351ms
[26.790s][info][gc,phases   ] GC(65) Pause Relocate Start 0.009ms
[26.806s][info][gc,phases   ] GC(65) Concurrent Relocate 15.544ms
[26.806s][info][gc,load     ] GC(65) Load: 0.00/0.00/0.00
[26.806s][info][gc,mmu      ] GC(65) MMU: 2ms/97.1%, 5ms/98.8%, 10ms/99.3%, 20ms/99.7%, 50ms/99.8%, 100ms/99.9%
[26.806s][info][gc,marking  ] GC(65) Mark: 8 stripe(s), 4 proactive flush(es), 1 terminate flush(es), 0 completion(s), 0 continuation(s) 
[26.806s][info][gc,marking  ] GC(65) Mark Stack Usage: 32M
[26.806s][info][gc,nmethod  ] GC(65) NMethods: 5950 registered, 355 unregistered
[26.806s][info][gc,metaspace] GC(65) Metaspace: 61M used, 61M committed, 1088M reserved
[26.806s][info][gc,ref      ] GC(65) Soft: 3079 encountered, 0 discovered, 0 enqueued
[26.806s][info][gc,ref      ] GC(65) Weak: 5717 encountered, 1621 discovered, 0 enqueued
[26.806s][info][gc,ref      ] GC(65) Final: 60 encountered, 2 discovered, 0 enqueued
[26.806s][info][gc,ref      ] GC(65) Phantom: 616 encountered, 460 discovered, 0 enqueued
[26.806s][info][gc,reloc    ] GC(65) Small Pages: 306 / 612M, Empty: 0M, Relocated: 20M, In-Place: 0
[26.806s][info][gc,reloc    ] GC(65) Medium Pages: 1 / 32M, Empty: 0M, Relocated: 0M, In-Place: 0
[26.806s][info][gc,reloc    ] GC(65) Large Pages: 4 / 40M, Empty: 0M, Relocated: 0M, In-Place: 0
[26.806s][info][gc,reloc    ] GC(65) Forwarding Usage: 18M
[26.806s][info][gc,heap     ] GC(65) Min Capacity: 8M(1%)
[26.806s][info][gc,heap     ] GC(65) Max Capacity: 1024M(100%)
[26.806s][info][gc,heap     ] GC(65) Soft Max Capacity: 1024M(100%)
[26.806s][info][gc,heap     ] GC(65)                Mark Start          Mark End        Relocate Start      Relocate End           High               Low         
[26.806s][info][gc,heap     ] GC(65)  Capacity:     1024M (100%)       1024M (100%)       1024M (100%)       1024M (100%)       1024M (100%)       1024M (100%)   
[26.806s][info][gc,heap     ] GC(65)      Free:      340M (33%)          64M (6%)           22M (2%)          334M (33%)         340M (33%)           4M (0%)     
[26.806s][info][gc,heap     ] GC(65)      Used:      684M (67%)         960M (94%)        1002M (98%)         690M (67%)        1020M (100%)        684M (67%)    
[26.806s][info][gc,heap     ] GC(65)      Live:         -               285M (28%)         285M (28%)         285M (28%)            -                  -          
[26.806s][info][gc,heap     ] GC(65) Allocated:         -               276M (27%)         318M (31%)         343M (34%)            -                  -          
[26.806s][info][gc,heap     ] GC(65)   Garbage:         -               398M (39%)         398M (39%)          60M (6%)             -                  -          
[26.806s][info][gc,heap     ] GC(65) Reclaimed:         -                  -                 0M (0%)          337M (33%)            -                  -          
[26.806s][info][gc          ] GC(65) Garbage Collection (Allocation Rate) 684M(67%)->690M(67%)
[26.814s][info][gc,start    ] GC(66) Garbage Collection (Allocation Rate)
[26.814s][info][gc,task     ] GC(66) Using 10 workers
[26.814s][info][gc,phases   ] GC(66) Pause Mark Start 0.008ms
[26.970s][info][gc,phases   ] GC(66) Concurrent Mark 156.046ms
[26.970s][info][gc,phases   ] GC(66) Pause Mark End 0.016ms
[26.970s][info][gc,phases   ] GC(66) Concurrent Mark Free 0.001ms
[26.972s][info][gc,phases   ] GC(66) Concurrent Process Non-Strong References 1.658ms
[26.972s][info][gc,phases   ] GC(66) Concurrent Reset Relocation Set 0.033ms
[26.975s][info][gc,phases   ] GC(66) Concurrent Select Relocation Set 2.955ms
[26.975s][info][gc,phases   ] GC(66) Pause Relocate Start 0.009ms
[26.987s][info][gc,phases   ] GC(66) Concurrent Relocate 12.027ms
[26.987s][info][gc,load     ] GC(66) Load: 0.00/0.00/0.00
[26.987s][info][gc,mmu      ] GC(66) MMU: 2ms/97.1%, 5ms/98.8%, 10ms/99.3%, 20ms/99.7%, 50ms/99.8%, 100ms/99.9%
[26.988s][info][gc,marking  ] GC(66) Mark: 8 stripe(s), 2 proactive flush(es), 1 terminate flush(es), 0 completion(s), 0 continuation(s) 
[26.988s][info][gc,marking  ] GC(66) Mark Stack Usage: 32M
[26.988s][info][gc,nmethod  ] GC(66) NMethods: 5950 registered, 355 unregistered
[26.988s][info][gc,metaspace] GC(66) Metaspace: 61M used, 61M committed, 1088M reserved
[26.988s][info][gc,ref      ] GC(66) Soft: 3079 encountered, 0 discovered, 0 enqueued
[26.988s][info][gc,ref      ] GC(66) Weak: 5717 encountered, 2229 discovered, 0 enqueued
[26.988s][info][gc,ref      ] GC(66) Final: 60 encountered, 21 discovered, 0 enqueued
[26.988s][info][gc,ref      ] GC(66) Phantom: 615 encountered, 545 discovered, 0 enqueued
[26.988s][info][gc,reloc    ] GC(66) Small Pages: 316 / 632M, Empty: 0M, Relocated: 18M, In-Place: 0
[26.988s][info][gc,reloc    ] GC(66) Medium Pages: 1 / 32M, Empty: 0M, Relocated: 0M, In-Place: 0
[26.988s][info][gc,reloc    ] GC(66) Large Pages: 4 / 40M, Empty: 0M, Relocated: 0M, In-Place: 0
[26.988s][info][gc,reloc    ] GC(66) Forwarding Usage: 16M
[26.988s][info][gc,heap     ] GC(66) Min Capacity: 8M(1%)
[26.988s][info][gc,heap     ] GC(66) Max Capacity: 1024M(100%)
[26.988s][info][gc,heap     ] GC(66) Soft Max Capacity: 1024M(100%)
[26.988s][info][gc,heap     ] GC(66)                Mark Start          Mark End        Relocate Start      Relocate End           High               Low         
[26.988s][info][gc,heap     ] GC(66)  Capacity:     1024M (100%)       1024M (100%)       1024M (100%)       1024M (100%)       1024M (100%)       1024M (100%)   
[26.988s][info][gc,heap     ] GC(66)      Free:      320M (31%)          76M (7%)           70M (7%)          406M (40%)         406M (40%)          50M (5%)     
[26.988s][info][gc,heap     ] GC(66)      Used:      704M (69%)         948M (93%)         954M (93%)         618M (60%)         974M (95%)         618M (60%)    
[26.988s][info][gc,heap     ] GC(66)      Live:         -               293M (29%)         293M (29%)         293M (29%)            -                  -          
[26.988s][info][gc,heap     ] GC(66) Allocated:         -               244M (24%)         250M (24%)         257M (25%)            -                  -          
[26.988s][info][gc,heap     ] GC(66)   Garbage:         -               410M (40%)         410M (40%)          66M (7%)             -                  -          
[26.988s][info][gc,heap     ] GC(66) Reclaimed:         -                  -                 0M (0%)          343M (34%)            -                  -          
[26.988s][info][gc          ] GC(66) Garbage Collection (Allocation Rate) 704M(69%)->618M(60%)
[27.008s][info][gc,start    ] GC(67) Garbage Collection (Allocation Rate)
[27.008s][info][gc,task     ] GC(67) Using 10 workers
[27.008s][info][gc,phases   ] GC(67) Pause Mark Start 0.015ms
[27.164s][info][gc,phases   ] GC(67) Concurrent Mark 155.881ms
[27.164s][info][gc,phases   ] GC(67) Pause Mark End 0.016ms
[27.164s][info][gc,phases   ] GC(67) Concurrent Mark Free 0.001ms
[27.166s][info][gc,phases   ] GC(67) Concurrent Process Non-Strong References 1.656ms
[27.166s][info][gc,phases   ] GC(67) Concurrent Reset Relocation Set 0.027ms
[27.169s][info][gc,phases   ] GC(67) Concurrent Select Relocation Set 3.244ms
[27.169s][info][gc,phases   ] GC(67) Pause Relocate Start 0.011ms
[27.179s][info][gc,phases   ] GC(67) Concurrent Relocate 9.660ms
[27.179s][info][gc,load     ] GC(67) Load: 0.00/0.00/0.00
[27.179s][info][gc,mmu      ] GC(67) MMU: 2ms/97.1%, 5ms/98.8%, 10ms/99.3%, 20ms/99.7%, 50ms/99.8%, 100ms/99.9%
[27.179s][info][gc,marking  ] GC(67) Mark: 8 stripe(s), 2 proactive flush(es), 1 terminate flush(es), 0 completion(s), 0 continuation(s) 
[27.179s][info][gc,marking  ] GC(67) Mark Stack Usage: 32M
[27.179s][info][gc,nmethod  ] GC(67) NMethods: 5954 registered, 355 unregistered
[27.179s][info][gc,metaspace] GC(67) Metaspace: 61M used, 61M committed, 1088M reserved
[27.179s][info][gc,ref      ] GC(67) Soft: 3079 encountered, 0 discovered, 0 enqueued
[27.179s][info][gc,ref      ] GC(67) Weak: 5717 encountered, 2723 discovered, 0 enqueued
[27.179s][info][gc,ref      ] GC(67) Final: 60 encountered, 23 discovered, 0 enqueued
[27.179s][info][gc,ref      ] GC(67) Phantom: 613 encountered, 443 discovered, 0 enqueued
[27.179s][info][gc,reloc    ] GC(67) Small Pages: 267 / 534M, Empty: 0M, Relocated: 13M, In-Place: 0
[27.179s][info][gc,reloc    ] GC(67) Medium Pages: 2 / 64M, Empty: 0M, Relocated: 11M, In-Place: 0
[27.179s][info][gc,reloc    ] GC(67) Large Pages: 4 / 40M, Empty: 0M, Relocated: 0M, In-Place: 0
[27.179s][info][gc,reloc    ] GC(67) Forwarding Usage: 12M
[27.179s][info][gc,heap     ] GC(67) Min Capacity: 8M(1%)
[27.179s][info][gc,heap     ] GC(67) Max Capacity: 1024M(100%)
[27.179s][info][gc,heap     ] GC(67) Soft Max Capacity: 1024M(100%)
[27.179s][info][gc,heap     ] GC(67)                Mark Start          Mark End        Relocate Start      Relocate End           High               Low         
[27.179s][info][gc,heap     ] GC(67)  Capacity:     1024M (100%)       1024M (100%)       1024M (100%)       1024M (100%)       1024M (100%)       1024M (100%)   
[27.179s][info][gc,heap     ] GC(67)      Free:      386M (38%)         334M (33%)         334M (33%)         608M (59%)         608M (59%)         286M (28%)    
[27.179s][info][gc,heap     ] GC(67)      Used:      638M (62%)         690M (67%)         690M (67%)         416M (41%)         738M (72%)         416M (41%)    
[27.179s][info][gc,heap     ] GC(67)      Live:         -               299M (29%)         299M (29%)         299M (29%)            -                  -          
[27.179s][info][gc,heap     ] GC(67) Allocated:         -                52M (5%)           52M (5%)           51M (5%)             -                  -          
[27.179s][info][gc,heap     ] GC(67)   Garbage:         -               338M (33%)         338M (33%)          64M (6%)             -                  -          
[27.179s][info][gc,heap     ] GC(67) Reclaimed:         -                  -                 0M (0%)          273M (27%)            -                  -          
[27.179s][info][gc          ] GC(67) Garbage Collection (Allocation Rate) 638M(62%)->416M(41%)
[27.211s][info][gc,start    ] GC(68) Garbage Collection (Allocation Rate)
[27.211s][info][gc,task     ] GC(68) Using 10 workers
[27.211s][info][gc,phases   ] GC(68) Pause Mark Start 0.014ms
[27.382s][info][gc,phases   ] GC(68) Concurrent Mark 171.496ms
[27.383s][info][gc,phases   ] GC(68) Pause Mark End 0.021ms
[27.383s][info][gc,phases   ] GC(68) Concurrent Mark Free 0.001ms
[27.385s][info][gc,phases   ] GC(68) Concurrent Process Non-Strong References 1.858ms
[27.385s][info][gc,phases   ] GC(68) Concurrent Reset Relocation Set 0.029ms
[27.390s][info][gc,phases   ] GC(68) Concurrent Select Relocation Set 4.957ms
[27.390s][info][gc,phases   ] GC(68) Pause Relocate Start 0.014ms
[27.400s][info][gc,phases   ] GC(68) Concurrent Relocate 10.403ms
[27.400s][info][gc,load     ] GC(68) Load: 0.00/0.00/0.00
[27.400s][info][gc,mmu      ] GC(68) MMU: 2ms/97.1%, 5ms/98.8%, 10ms/99.3%, 20ms/99.7%, 50ms/99.8%, 100ms/99.9%
[27.400s][info][gc,marking  ] GC(68) Mark: 8 stripe(s), 2 proactive flush(es), 1 terminate flush(es), 0 completion(s), 0 continuation(s) 
[27.400s][info][gc,marking  ] GC(68) Mark Stack Usage: 32M
[27.400s][info][gc,nmethod  ] GC(68) NMethods: 5957 registered, 356 unregistered
[27.400s][info][gc,metaspace] GC(68) Metaspace: 61M used, 61M committed, 1088M reserved
[27.401s][info][gc,ref      ] GC(68) Soft: 3079 encountered, 0 discovered, 0 enqueued
[27.401s][info][gc,ref      ] GC(68) Weak: 5717 encountered, 1340 discovered, 0 enqueued
[27.401s][info][gc,ref      ] GC(68) Final: 60 encountered, 39 discovered, 0 enqueued
[27.401s][info][gc,ref      ] GC(68) Phantom: 612 encountered, 312 discovered, 0 enqueued
[27.401s][info][gc,reloc    ] GC(68) Small Pages: 156 / 312M, Empty: 0M, Relocated: 8M, In-Place: 0
[27.401s][info][gc,reloc    ] GC(68) Medium Pages: 2 / 64M, Empty: 0M, Relocated: 16M, In-Place: 0
[27.401s][info][gc,reloc    ] GC(68) Large Pages: 4 / 40M, Empty: 0M, Relocated: 0M, In-Place: 0
[27.401s][info][gc,reloc    ] GC(68) Forwarding Usage: 7M
[27.401s][info][gc,heap     ] GC(68) Min Capacity: 8M(1%)
[27.401s][info][gc,heap     ] GC(68) Max Capacity: 1024M(100%)
[27.401s][info][gc,heap     ] GC(68) Soft Max Capacity: 1024M(100%)
[27.401s][info][gc,heap     ] GC(68)                Mark Start          Mark End        Relocate Start      Relocate End           High               Low         
[27.401s][info][gc,heap     ] GC(68)  Capacity:     1024M (100%)       1024M (100%)       1024M (100%)       1024M (100%)       1024M (100%)       1024M (100%)   
[27.401s][info][gc,heap     ] GC(68)      Free:      608M (59%)         568M (55%)         566M (55%)         616M (60%)         616M (60%)         518M (51%)    
[27.401s][info][gc,heap     ] GC(68)      Used:      416M (41%)         456M (45%)         458M (45%)         408M (40%)         506M (49%)         408M (40%)    
[27.401s][info][gc,heap     ] GC(68)      Live:         -               304M (30%)         304M (30%)         304M (30%)            -                  -          
[27.401s][info][gc,heap     ] GC(68) Allocated:         -                40M (4%)           42M (4%)           41M (4%)             -                  -          
[27.401s][info][gc,heap     ] GC(68)   Garbage:         -               111M (11%)         111M (11%)          61M (6%)             -                  -          
[27.401s][info][gc,heap     ] GC(68) Reclaimed:         -                  -                 0M (0%)           49M (5%)             -                  -          
[27.401s][info][gc          ] GC(68) Garbage Collection (Allocation Rate) 416M(41%)->408M(40%)
[27.414s][info][gc,start    ] GC(69) Garbage Collection (Allocation Rate)
[27.414s][info][gc,task     ] GC(69) Using 10 workers
[27.414s][info][gc,phases   ] GC(69) Pause Mark Start 0.016ms
[27.577s][info][gc,phases   ] GC(69) Concurrent Mark 163.153ms
[27.577s][info][gc,phases   ] GC(69) Pause Mark End 0.017ms
[27.577s][info][gc,phases   ] GC(69) Concurrent Mark Free 0.001ms
[27.579s][info][gc,phases   ] GC(69) Concurrent Process Non-Strong References 1.699ms
[27.579s][info][gc,phases   ] GC(69) Concurrent Reset Relocation Set 0.003ms
[27.582s][info][gc,phases   ] GC(69) Concurrent Select Relocation Set 3.109ms
[27.582s][info][gc,phases   ] GC(69) Pause Relocate Start 0.007ms
[27.588s][info][gc,phases   ] GC(69) Concurrent Relocate 5.678ms
[27.588s][info][gc,load     ] GC(69) Load: 0.00/0.00/0.00
[27.588s][info][gc,mmu      ] GC(69) MMU: 2ms/97.1%, 5ms/98.8%, 10ms/99.3%, 20ms/99.7%, 50ms/99.8%, 100ms/99.9%
[27.588s][info][gc,marking  ] GC(69) Mark: 8 stripe(s), 2 proactive flush(es), 1 terminate flush(es), 0 completion(s), 0 continuation(s) 
[27.588s][info][gc,marking  ] GC(69) Mark Stack Usage: 32M
[27.588s][info][gc,nmethod  ] GC(69) NMethods: 6002 registered, 357 unregistered
[27.588s][info][gc,metaspace] GC(69) Metaspace: 61M used, 61M committed, 1088M reserved
[27.588s][info][gc,ref      ] GC(69) Soft: 3077 encountered, 0 discovered, 0 enqueued
[27.588s][info][gc,ref      ] GC(69) Weak: 5715 encountered, 856 discovered, 0 enqueued
[27.588s][info][gc,ref      ] GC(69) Final: 60 encountered, 57 discovered, 0 enqueued
[27.588s][info][gc,ref      ] GC(69) Phantom: 614 encountered, 582 discovered, 0 enqueued
[27.588s][info][gc,reloc    ] GC(69) Small Pages: 154 / 308M, Empty: 8M, Relocated: 3M, In-Place: 0
[27.588s][info][gc,reloc    ] GC(69) Medium Pages: 2 / 64M, Empty: 0M, Relocated: 14M, In-Place: 0
[27.588s][info][gc,reloc    ] GC(69) Large Pages: 4 / 40M, Empty: 0M, Relocated: 0M, In-Place: 0
[27.588s][info][gc,reloc    ] GC(69) Forwarding Usage: 3M
[27.588s][info][gc,heap     ] GC(69) Min Capacity: 8M(1%)
[27.588s][info][gc,heap     ] GC(69) Max Capacity: 1024M(100%)
[27.588s][info][gc,heap     ] GC(69) Soft Max Capacity: 1024M(100%)
[27.588s][info][gc,heap     ] GC(69)                Mark Start          Mark End        Relocate Start      Relocate End           High               Low         
[27.588s][info][gc,heap     ] GC(69)  Capacity:     1024M (100%)       1024M (100%)       1024M (100%)       1024M (100%)       1024M (100%)       1024M (100%)   
[27.588s][info][gc,heap     ] GC(69)      Free:      612M (60%)         556M (54%)         564M (55%)         596M (58%)         612M (60%)         518M (51%)    
[27.588s][info][gc,heap     ] GC(69)      Used:      412M (40%)         468M (46%)         460M (45%)         428M (42%)         506M (49%)         412M (40%)    
[27.588s][info][gc,heap     ] GC(69)      Live:         -               302M (30%)         302M (30%)         302M (30%)            -                  -          
[27.588s][info][gc,heap     ] GC(69) Allocated:         -                56M (5%)           56M (5%)           55M (5%)             -                  -          
[27.588s][info][gc,heap     ] GC(69)   Garbage:         -               109M (11%)         101M (10%)          69M (7%)             -                  -          
[27.588s][info][gc,heap     ] GC(69) Reclaimed:         -                  -                 8M (1%)           39M (4%)             -                  -          
[27.588s][info][gc          ] GC(69) Garbage Collection (Allocation Rate) 412M(40%)->428M(42%)
[27.607s][info][gc,start    ] GC(70) Garbage Collection (Allocation Rate)
[27.607s][info][gc,task     ] GC(70) Using 10 workers
[27.607s][info][gc,phases   ] GC(70) Pause Mark Start 0.012ms
[27.717s][info][gc,phases   ] GC(70) Concurrent Mark 109.074ms
[27.717s][info][gc,phases   ] GC(70) Pause Mark End 0.014ms
[27.717s][info][gc,phases   ] GC(70) Concurrent Mark Free 0.001ms
[27.718s][info][gc,phases   ] GC(70) Concurrent Process Non-Strong References 1.468ms
[27.718s][info][gc,phases   ] GC(70) Concurrent Reset Relocation Set 0.001ms
[27.734s][info][gc,phases   ] GC(70) Concurrent Select Relocation Set 16.062ms
[27.734s][info][gc,phases   ] GC(70) Pause Relocate Start 0.008ms
[27.757s][info][gc,phases   ] GC(70) Concurrent Relocate 23.017ms
[27.758s][info][gc,load     ] GC(70) Load: 0.00/0.00/0.00
[27.758s][info][gc,mmu      ] GC(70) MMU: 2ms/97.1%, 5ms/98.8%, 10ms/99.3%, 20ms/99.7%, 50ms/99.8%, 100ms/99.9%
[27.758s][info][gc,marking  ] GC(70) Mark: 8 stripe(s), 2 proactive flush(es), 1 terminate flush(es), 0 completion(s), 0 continuation(s) 
[27.758s][info][gc,marking  ] GC(70) Mark Stack Usage: 32M
[27.758s][info][gc,nmethod  ] GC(70) NMethods: 6098 registered, 362 unregistered
[27.758s][info][gc,metaspace] GC(70) Metaspace: 61M used, 61M committed, 1088M reserved
[27.758s][info][gc,ref      ] GC(70) Soft: 3073 encountered, 0 discovered, 0 enqueued
[27.758s][info][gc,ref      ] GC(70) Weak: 5721 encountered, 1841 discovered, 2 enqueued
[27.758s][info][gc,ref      ] GC(70) Final: 60 encountered, 6 discovered, 0 enqueued
[27.758s][info][gc,ref      ] GC(70) Phantom: 614 encountered, 484 discovered, 0 enqueued
[27.758s][info][gc,reloc    ] GC(70) Small Pages: 164 / 328M, Empty: 14M, Relocated: 50M, In-Place: 0
[27.758s][info][gc,reloc    ] GC(70) Medium Pages: 2 / 64M, Empty: 32M, Relocated: 0M, In-Place: 0
[27.758s][info][gc,reloc    ] GC(70) Large Pages: 4 / 40M, Empty: 20M, Relocated: 0M, In-Place: 0
[27.758s][info][gc,reloc    ] GC(70) Forwarding Usage: 45M
[27.758s][info][gc,heap     ] GC(70) Min Capacity: 8M(1%)
[27.758s][info][gc,heap     ] GC(70) Max Capacity: 1024M(100%)
[27.758s][info][gc,heap     ] GC(70) Soft Max Capacity: 1024M(100%)
[27.758s][info][gc,heap     ] GC(70)                Mark Start          Mark End        Relocate Start      Relocate End           High               Low         
[27.758s][info][gc,heap     ] GC(70)  Capacity:     1024M (100%)       1024M (100%)       1024M (100%)       1024M (100%)       1024M (100%)       1024M (100%)   
[27.758s][info][gc,heap     ] GC(70)      Free:      592M (58%)         574M (56%)         638M (62%)         720M (70%)         720M (70%)         572M (56%)    
[27.758s][info][gc,heap     ] GC(70)      Used:      432M (42%)         450M (44%)         386M (38%)         304M (30%)         452M (44%)         304M (30%)    
[27.758s][info][gc,heap     ] GC(70)      Live:         -               231M (23%)         231M (23%)         231M (23%)            -                  -          
[27.758s][info][gc,heap     ] GC(70) Allocated:         -                18M (2%)           20M (2%)           29M (3%)             -                  -          
[27.758s][info][gc,heap     ] GC(70)   Garbage:         -               200M (20%)         134M (13%)          42M (4%)             -                  -          
[27.758s][info][gc,heap     ] GC(70) Reclaimed:         -                  -                66M (6%)          157M (15%)            -                  -          
[27.758s][info][gc          ] GC(70) Garbage Collection (Allocation Rate) 432M(42%)->304M(30%)
[27.809s][info][gc,start    ] GC(71) Garbage Collection (Allocation Rate)
[27.809s][info][gc,task     ] GC(71) Using 10 workers
[27.810s][info][gc,phases   ] GC(71) Pause Mark Start 0.015ms
[27.887s][info][gc,phases   ] GC(71) Concurrent Mark 77.520ms
[27.887s][info][gc,phases   ] GC(71) Pause Mark End 0.022ms
[27.887s][info][gc,phases   ] GC(71) Concurrent Mark Free 0.001ms
[27.889s][info][gc,phases   ] GC(71) Concurrent Process Non-Strong References 1.751ms
[27.889s][info][gc,phases   ] GC(71) Concurrent Reset Relocation Set 0.017ms
[27.897s][info][gc,phases   ] GC(71) Concurrent Select Relocation Set 7.746ms
[27.897s][info][gc,phases   ] GC(71) Pause Relocate Start 0.012ms
[27.907s][info][gc,phases   ] GC(71) Concurrent Relocate 10.095ms
[27.907s][info][gc,load     ] GC(71) Load: 0.00/0.00/0.00
[27.907s][info][gc,mmu      ] GC(71) MMU: 2ms/97.1%, 5ms/98.8%, 10ms/99.3%, 20ms/99.7%, 50ms/99.8%, 100ms/99.9%
[27.907s][info][gc,marking  ] GC(71) Mark: 8 stripe(s), 2 proactive flush(es), 1 terminate flush(es), 0 completion(s), 0 continuation(s) 
[27.907s][info][gc,marking  ] GC(71) Mark Stack Usage: 32M
[27.907s][info][gc,nmethod  ] GC(71) NMethods: 6111 registered, 385 unregistered
[27.907s][info][gc,metaspace] GC(71) Metaspace: 61M used, 61M committed, 1088M reserved
[27.907s][info][gc,ref      ] GC(71) Soft: 3087 encountered, 0 discovered, 0 enqueued
[27.907s][info][gc,ref      ] GC(71) Weak: 5954 encountered, 875 discovered, 160 enqueued
[27.907s][info][gc,ref      ] GC(71) Final: 60 encountered, 0 discovered, 0 enqueued
[27.907s][info][gc,ref      ] GC(71) Phantom: 621 encountered, 481 discovered, 5 enqueued
[27.907s][info][gc,reloc    ] GC(71) Small Pages: 157 / 314M, Empty: 30M, Relocated: 10M, In-Place: 0
[27.907s][info][gc,reloc    ] GC(71) Medium Pages: 2 / 64M, Empty: 0M, Relocated: 13M, In-Place: 0
[27.907s][info][gc,reloc    ] GC(71) Large Pages: 3 / 26M, Empty: 26M, Relocated: 0M, In-Place: 0
[27.907s][info][gc,reloc    ] GC(71) Forwarding Usage: 8M
[27.907s][info][gc,heap     ] GC(71) Min Capacity: 8M(1%)
[27.907s][info][gc,heap     ] GC(71) Max Capacity: 1024M(100%)
[27.907s][info][gc,heap     ] GC(71) Soft Max Capacity: 1024M(100%)
[27.908s][info][gc,heap     ] GC(71)                Mark Start          Mark End        Relocate Start      Relocate End           High               Low         
[27.908s][info][gc,heap     ] GC(71)  Capacity:     1024M (100%)       1024M (100%)       1024M (100%)       1024M (100%)       1024M (100%)       1024M (100%)   
[27.908s][info][gc,heap     ] GC(71)      Free:      620M (61%)         508M (50%)         558M (54%)         694M (68%)         694M (68%)         502M (49%)    
[27.908s][info][gc,heap     ] GC(71)      Used:      404M (39%)         516M (50%)         466M (46%)         330M (32%)         522M (51%)         330M (32%)    
[27.908s][info][gc,heap     ] GC(71)      Live:         -               172M (17%)         172M (17%)         172M (17%)            -                  -          
[27.908s][info][gc,heap     ] GC(71) Allocated:         -               112M (11%)         118M (12%)         121M (12%)            -                  -          
[27.908s][info][gc,heap     ] GC(71)   Garbage:         -               231M (23%)         175M (17%)          35M (3%)             -                  -          
[27.908s][info][gc,heap     ] GC(71) Reclaimed:         -                  -                56M (5%)          195M (19%)            -                  -          
[27.908s][info][gc          ] GC(71) Garbage Collection (Allocation Rate) 404M(39%)->330M(32%)
[28.012s][info][gc,start    ] GC(72) Garbage Collection (Allocation Rate)
[28.012s][info][gc,task     ] GC(72) Using 10 workers
[28.012s][info][gc,phases   ] GC(72) Pause Mark Start 0.017ms
[28.106s][info][gc,phases   ] GC(72) Concurrent Mark 93.329ms
[28.106s][info][gc,phases   ] GC(72) Pause Mark End 0.012ms
[28.106s][info][gc,phases   ] GC(72) Concurrent Mark Free 0.001ms
[28.108s][info][gc,phases   ] GC(72) Concurrent Process Non-Strong References 1.600ms
[28.108s][info][gc,phases   ] GC(72) Concurrent Reset Relocation Set 0.008ms
[28.123s][info][gc,phases   ] GC(72) Concurrent Select Relocation Set 15.203ms
[28.123s][info][gc,phases   ] GC(72) Pause Relocate Start 0.009ms
[28.138s][info][gc,phases   ] GC(72) Concurrent Relocate 14.851ms
[28.138s][info][gc,load     ] GC(72) Load: 0.00/0.00/0.00
[28.138s][info][gc,mmu      ] GC(72) MMU: 2ms/97.1%, 5ms/98.8%, 10ms/99.3%, 20ms/99.7%, 50ms/99.8%, 100ms/99.9%
[28.138s][info][gc,marking  ] GC(72) Mark: 8 stripe(s), 2 proactive flush(es), 1 terminate flush(es), 0 completion(s), 0 continuation(s) 
[28.138s][info][gc,marking  ] GC(72) Mark Stack Usage: 32M
[28.138s][info][gc,nmethod  ] GC(72) NMethods: 6162 registered, 386 unregistered
[28.138s][info][gc,metaspace] GC(72) Metaspace: 61M used, 62M committed, 1088M reserved
[28.138s][info][gc,ref      ] GC(72) Soft: 3087 encountered, 0 discovered, 0 enqueued
[28.138s][info][gc,ref      ] GC(72) Weak: 5805 encountered, 1268 discovered, 2 enqueued
[28.138s][info][gc,ref      ] GC(72) Final: 60 encountered, 5 discovered, 0 enqueued
[28.138s][info][gc,ref      ] GC(72) Phantom: 616 encountered, 514 discovered, 0 enqueued
[28.138s][info][gc,reloc    ] GC(72) Small Pages: 146 / 292M, Empty: 0M, Relocated: 24M, In-Place: 0
[28.138s][info][gc,reloc    ] GC(72) Medium Pages: 2 / 64M, Empty: 32M, Relocated: 0M, In-Place: 0
[28.138s][info][gc,reloc    ] GC(72) Large Pages: 4 / 24M, Empty: 0M, Relocated: 0M, In-Place: 0
[28.138s][info][gc,reloc    ] GC(72) Forwarding Usage: 25M
[28.138s][info][gc,heap     ] GC(72) Min Capacity: 8M(1%)
[28.138s][info][gc,heap     ] GC(72) Max Capacity: 1024M(100%)
[28.138s][info][gc,heap     ] GC(72) Soft Max Capacity: 1024M(100%)
[28.138s][info][gc,heap     ] GC(72)                Mark Start          Mark End        Relocate Start      Relocate End           High               Low         
[28.138s][info][gc,heap     ] GC(72)  Capacity:     1024M (100%)       1024M (100%)       1024M (100%)       1024M (100%)       1024M (100%)       1024M (100%)   
[28.138s][info][gc,heap     ] GC(72)      Free:      644M (63%)         562M (55%)         582M (57%)         674M (66%)         674M (66%)         556M (54%)    
[28.138s][info][gc,heap     ] GC(72)      Used:      380M (37%)         462M (45%)         442M (43%)         350M (34%)         468M (46%)         350M (34%)    
[28.138s][info][gc,heap     ] GC(72)      Live:         -               210M (21%)         210M (21%)         210M (21%)            -                  -          
[28.138s][info][gc,heap     ] GC(72) Allocated:         -                82M (8%)           94M (9%)           95M (9%)             -                  -          
[28.138s][info][gc,heap     ] GC(72)   Garbage:         -               169M (17%)         137M (13%)          43M (4%)             -                  -          
[28.138s][info][gc,heap     ] GC(72) Reclaimed:         -                  -                32M (3%)          125M (12%)            -                  -          
[28.138s][info][gc          ] GC(72) Garbage Collection (Allocation Rate) 380M(37%)->350M(34%)
[28.208s][info][gc,start    ] GC(73) Garbage Collection (Allocation Rate)
[28.208s][info][gc,task     ] GC(73) Using 10 workers
[28.208s][info][gc,phases   ] GC(73) Pause Mark Start 0.015ms
[28.293s][info][gc,phases   ] GC(73) Concurrent Mark 85.213ms
[28.293s][info][gc,phases   ] GC(73) Pause Mark End 0.022ms
[28.293s][info][gc,phases   ] GC(73) Concurrent Mark Free 0.001ms
[28.295s][info][gc,phases   ] GC(73) Concurrent Process Non-Strong References 2.065ms
[28.296s][info][gc,phases   ] GC(73) Concurrent Reset Relocation Set 0.014ms
[28.301s][info][gc,phases   ] GC(73) Concurrent Select Relocation Set 5.462ms
[28.301s][info][gc,phases   ] GC(73) Pause Relocate Start 0.009ms
[28.305s][info][gc,phases   ] GC(73) Concurrent Relocate 3.449ms
[28.305s][info][gc,load     ] GC(73) Load: 0.00/0.00/0.00
[28.305s][info][gc,mmu      ] GC(73) MMU: 2ms/97.1%, 5ms/98.8%, 10ms/99.3%, 20ms/99.7%, 50ms/99.8%, 100ms/99.9%
[28.305s][info][gc,marking  ] GC(73) Mark: 8 stripe(s), 2 proactive flush(es), 1 terminate flush(es), 0 completion(s), 0 continuation(s) 
[28.305s][info][gc,marking  ] GC(73) Mark Stack Usage: 32M
[28.305s][info][gc,nmethod  ] GC(73) NMethods: 6338 registered, 414 unregistered
[28.305s][info][gc,metaspace] GC(73) Metaspace: 61M used, 62M committed, 1088M reserved
[28.305s][info][gc,ref      ] GC(73) Soft: 3147 encountered, 0 discovered, 0 enqueued
[28.305s][info][gc,ref      ] GC(73) Weak: 6039 encountered, 1915 discovered, 262 enqueued
[28.305s][info][gc,ref      ] GC(73) Final: 60 encountered, 56 discovered, 0 enqueued
[28.305s][info][gc,ref      ] GC(73) Phantom: 645 encountered, 514 discovered, 33 enqueued
[28.305s][info][gc,reloc    ] GC(73) Small Pages: 150 / 300M, Empty: 90M, Relocated: 5M, In-Place: 0
[28.305s][info][gc,reloc    ] GC(73) Medium Pages: 2 / 64M, Empty: 32M, Relocated: 0M, In-Place: 0
[28.305s][info][gc,reloc    ] GC(73) Large Pages: 4 / 24M, Empty: 24M, Relocated: 0M, In-Place: 0
[28.305s][info][gc,reloc    ] GC(73) Forwarding Usage: 2M
[28.305s][info][gc,heap     ] GC(73) Min Capacity: 8M(1%)
[28.305s][info][gc,heap     ] GC(73) Max Capacity: 1024M(100%)
[28.305s][info][gc,heap     ] GC(73) Soft Max Capacity: 1024M(100%)
[28.305s][info][gc,heap     ] GC(73)                Mark Start          Mark End        Relocate Start      Relocate End           High               Low         
[28.305s][info][gc,heap     ] GC(73)  Capacity:     1024M (100%)       1024M (100%)       1024M (100%)       1024M (100%)       1024M (100%)       1024M (100%)   
[28.305s][info][gc,heap     ] GC(73)      Free:      636M (62%)         508M (50%)         646M (63%)         674M (66%)         674M (66%)         504M (49%)    
[28.305s][info][gc,heap     ] GC(73)      Used:      388M (38%)         516M (50%)         378M (37%)         350M (34%)         520M (51%)         350M (34%)    
[28.305s][info][gc,heap     ] GC(73)      Live:         -               164M (16%)         164M (16%)         164M (16%)            -                  -          
[28.305s][info][gc,heap     ] GC(73) Allocated:         -               128M (13%)         136M (13%)         139M (14%)            -                  -          
[28.305s][info][gc,heap     ] GC(73)   Garbage:         -               223M (22%)          77M (8%)           45M (4%)             -                  -          
[28.305s][info][gc,heap     ] GC(73) Reclaimed:         -                  -               146M (14%)         177M (17%)            -                  -          
[28.305s][info][gc          ] GC(73) Garbage Collection (Allocation Rate) 388M(38%)->350M(34%)
[28.608s][info][gc,start    ] GC(74) Garbage Collection (Allocation Rate)
[28.608s][info][gc,task     ] GC(74) Using 10 workers
[28.608s][info][gc,phases   ] GC(74) Pause Mark Start 0.012ms
[28.686s][info][gc,phases   ] GC(74) Concurrent Mark 77.679ms
[28.686s][info][gc,phases   ] GC(74) Pause Mark End 0.028ms
[28.686s][info][gc,phases   ] GC(74) Concurrent Mark Free 0.001ms
[28.697s][info][gc,phases   ] GC(74) Concurrent Process Non-Strong References 10.838ms
[28.697s][info][gc,phases   ] GC(74) Concurrent Reset Relocation Set 0.004ms
[28.702s][info][gc,phases   ] GC(74) Concurrent Select Relocation Set 4.968ms
[28.702s][info][gc,phases   ] GC(74) Pause Relocate Start 0.008ms
[28.714s][info][gc,phases   ] GC(74) Concurrent Relocate 12.300ms
[28.714s][info][gc,load     ] GC(74) Load: 0.00/0.00/0.00
[28.714s][info][gc,mmu      ] GC(74) MMU: 2ms/97.1%, 5ms/98.8%, 10ms/99.3%, 20ms/99.7%, 50ms/99.8%, 100ms/99.9%
[28.715s][info][gc,marking  ] GC(74) Mark: 8 stripe(s), 2 proactive flush(es), 1 terminate flush(es), 0 completion(s), 0 continuation(s) 
[28.715s][info][gc,marking  ] GC(74) Mark Stack Usage: 32M
[28.715s][info][gc,nmethod  ] GC(74) NMethods: 6464 registered, 468 unregistered
[28.715s][info][gc,metaspace] GC(74) Metaspace: 61M used, 62M committed, 1088M reserved
[28.715s][info][gc,ref      ] GC(74) Soft: 3210 encountered, 0 discovered, 0 enqueued
[28.715s][info][gc,ref      ] GC(74) Weak: 6129 encountered, 2734 discovered, 181 enqueued
[28.715s][info][gc,ref      ] GC(74) Final: 60 encountered, 5 discovered, 0 enqueued
[28.715s][info][gc,ref      ] GC(74) Phantom: 656 encountered, 533 discovered, 40 enqueued
[28.715s][info][gc,reloc    ] GC(74) Small Pages: 276 / 552M, Empty: 286M, Relocated: 4M, In-Place: 0
[28.715s][info][gc,reloc    ] GC(74) Medium Pages: 2 / 64M, Empty: 0M, Relocated: 12M, In-Place: 0
[28.715s][info][gc,reloc    ] GC(74) Large Pages: 6 / 36M, Empty: 36M, Relocated: 0M, In-Place: 0
[28.715s][info][gc,reloc    ] GC(74) Forwarding Usage: 3M
[28.715s][info][gc,heap     ] GC(74) Min Capacity: 8M(1%)
[28.715s][info][gc,heap     ] GC(74) Max Capacity: 1024M(100%)
[28.715s][info][gc,heap     ] GC(74) Soft Max Capacity: 1024M(100%)
[28.715s][info][gc,heap     ] GC(74)                Mark Start          Mark End        Relocate Start      Relocate End           High               Low         
[28.715s][info][gc,heap     ] GC(74)  Capacity:     1024M (100%)       1024M (100%)       1024M (100%)       1024M (100%)       1024M (100%)       1024M (100%)   
[28.715s][info][gc,heap     ] GC(74)      Free:      372M (36%)         256M (25%)         558M (54%)         670M (65%)         670M (65%)         244M (24%)    
[28.715s][info][gc,heap     ] GC(74)      Used:      652M (64%)         768M (75%)         466M (46%)         354M (35%)         780M (76%)         354M (35%)    
[28.715s][info][gc,heap     ] GC(74)      Live:         -               169M (17%)         169M (17%)         169M (17%)            -                  -          
[28.715s][info][gc,heap     ] GC(74) Allocated:         -               116M (11%)         136M (13%)         141M (14%)            -                  -          
[28.715s][info][gc,heap     ] GC(74)   Garbage:         -               482M (47%)         160M (16%)          42M (4%)             -                  -          
[28.715s][info][gc,heap     ] GC(74) Reclaimed:         -                  -               322M (31%)         439M (43%)            -                  -          
[28.715s][info][gc          ] GC(74) Garbage Collection (Allocation Rate) 652M(64%)->354M(35%)
[28.908s][info][gc,start    ] GC(75) Garbage Collection (Allocation Rate)
[28.908s][info][gc,task     ] GC(75) Using 10 workers
[28.908s][info][gc,phases   ] GC(75) Pause Mark Start 0.018ms
[29.017s][info][gc,phases   ] GC(75) Concurrent Mark 108.975ms
[29.017s][info][gc,phases   ] GC(75) Pause Mark End 0.017ms
[29.017s][info][gc,phases   ] GC(75) Concurrent Mark Free 0.001ms
[29.019s][info][gc,phases   ] GC(75) Concurrent Process Non-Strong References 2.008ms
[29.019s][info][gc,phases   ] GC(75) Concurrent Reset Relocation Set 0.009ms
[29.030s][info][gc,phases   ] GC(75) Concurrent Select Relocation Set 10.727ms
[29.030s][info][gc,phases   ] GC(75) Pause Relocate Start 0.007ms
[29.046s][info][gc,phases   ] GC(75) Concurrent Relocate 15.554ms
[29.046s][info][gc,load     ] GC(75) Load: 0.00/0.00/0.00
[29.046s][info][gc,mmu      ] GC(75) MMU: 2ms/97.1%, 5ms/98.8%, 10ms/99.3%, 20ms/99.7%, 50ms/99.8%, 100ms/99.9%
[29.046s][info][gc,marking  ] GC(75) Mark: 8 stripe(s), 2 proactive flush(es), 1 terminate flush(es), 0 completion(s), 0 continuation(s) 
[29.046s][info][gc,marking  ] GC(75) Mark Stack Usage: 32M
[29.046s][info][gc,nmethod  ] GC(75) NMethods: 6485 registered, 477 unregistered
[29.046s][info][gc,metaspace] GC(75) Metaspace: 61M used, 62M committed, 1088M reserved
[29.046s][info][gc,ref      ] GC(75) Soft: 3214 encountered, 0 discovered, 0 enqueued
[29.046s][info][gc,ref      ] GC(75) Weak: 5960 encountered, 892 discovered, 2 enqueued
[29.046s][info][gc,ref      ] GC(75) Final: 60 encountered, 26 discovered, 0 enqueued
[29.046s][info][gc,ref      ] GC(75) Phantom: 628 encountered, 608 discovered, 0 enqueued
[29.046s][info][gc,reloc    ] GC(75) Small Pages: 190 / 380M, Empty: 36M, Relocated: 25M, In-Place: 0
[29.046s][info][gc,reloc    ] GC(75) Medium Pages: 2 / 64M, Empty: 32M, Relocated: 0M, In-Place: 0
[29.046s][info][gc,reloc    ] GC(75) Large Pages: 4 / 24M, Empty: 0M, Relocated: 0M, In-Place: 0
[29.046s][info][gc,reloc    ] GC(75) Forwarding Usage: 26M
[29.046s][info][gc,heap     ] GC(75) Min Capacity: 8M(1%)
[29.046s][info][gc,heap     ] GC(75) Max Capacity: 1024M(100%)
[29.046s][info][gc,heap     ] GC(75) Soft Max Capacity: 1024M(100%)
[29.046s][info][gc,heap     ] GC(75)                Mark Start          Mark End        Relocate Start      Relocate End           High               Low         
[29.046s][info][gc,heap     ] GC(75)  Capacity:     1024M (100%)       1024M (100%)       1024M (100%)       1024M (100%)       1024M (100%)       1024M (100%)   
[29.046s][info][gc,heap     ] GC(75)      Free:      556M (54%)         476M (46%)         534M (52%)         668M (65%)         668M (65%)         472M (46%)    
[29.046s][info][gc,heap     ] GC(75)      Used:      468M (46%)         548M (54%)         490M (48%)         356M (35%)         552M (54%)         356M (35%)    
[29.046s][info][gc,heap     ] GC(75)      Live:         -               214M (21%)         214M (21%)         214M (21%)            -                  -          
[29.046s][info][gc,heap     ] GC(75) Allocated:         -                80M (8%)           90M (9%)           96M (9%)             -                  -          
[29.046s][info][gc,heap     ] GC(75)   Garbage:         -               253M (25%)         185M (18%)          45M (4%)             -                  -          
[29.046s][info][gc,heap     ] GC(75) Reclaimed:         -                  -                68M (7%)          208M (20%)            -                  -          
[29.046s][info][gc          ] GC(75) Garbage Collection (Allocation Rate) 468M(46%)->356M(35%)
[29.313s][info][gc,start    ] GC(76) Garbage Collection (Allocation Rate)
[29.313s][info][gc,task     ] GC(76) Using 7 workers
[29.314s][info][gc,phases   ] GC(76) Pause Mark Start 0.015ms
[29.418s][info][gc,phases   ] GC(76) Concurrent Mark 104.213ms
[29.418s][info][gc,phases   ] GC(76) Pause Mark End 0.025ms
[29.418s][info][gc,phases   ] GC(76) Concurrent Mark Free 0.001ms
[29.421s][info][gc,phases   ] GC(76) Concurrent Process Non-Strong References 2.652ms
[29.421s][info][gc,phases   ] GC(76) Concurrent Reset Relocation Set 0.015ms
[29.426s][info][gc,phases   ] GC(76) Concurrent Select Relocation Set 4.894ms
[29.426s][info][gc,phases   ] GC(76) Pause Relocate Start 0.007ms
[29.434s][info][gc,phases   ] GC(76) Concurrent Relocate 7.523ms
[29.434s][info][gc,load     ] GC(76) Load: 0.00/0.00/0.00
[29.434s][info][gc,mmu      ] GC(76) MMU: 2ms/97.1%, 5ms/98.8%, 10ms/99.3%, 20ms/99.7%, 50ms/99.8%, 100ms/99.9%
[29.434s][info][gc,marking  ] GC(76) Mark: 4 stripe(s), 2 proactive flush(es), 1 terminate flush(es), 0 completion(s), 0 continuation(s) 
[29.434s][info][gc,marking  ] GC(76) Mark Stack Usage: 32M
[29.434s][info][gc,nmethod  ] GC(76) NMethods: 6612 registered, 535 unregistered
[29.434s][info][gc,metaspace] GC(76) Metaspace: 61M used, 62M committed, 1088M reserved
[29.434s][info][gc,ref      ] GC(76) Soft: 3212 encountered, 0 discovered, 0 enqueued
[29.434s][info][gc,ref      ] GC(76) Weak: 6020 encountered, 3288 discovered, 96 enqueued
[29.434s][info][gc,ref      ] GC(76) Final: 60 encountered, 26 discovered, 0 enqueued
[29.434s][info][gc,ref      ] GC(76) Phantom: 621 encountered, 566 discovered, 5 enqueued
[29.434s][info][gc,reloc    ] GC(76) Small Pages: 247 / 494M, Empty: 130M, Relocated: 10M, In-Place: 0
[29.434s][info][gc,reloc    ] GC(76) Medium Pages: 2 / 64M, Empty: 0M, Relocated: 12M, In-Place: 0
[29.434s][info][gc,reloc    ] GC(76) Large Pages: 5 / 30M, Empty: 30M, Relocated: 0M, In-Place: 0
[29.434s][info][gc,reloc    ] GC(76) Forwarding Usage: 7M
[29.434s][info][gc,heap     ] GC(76) Min Capacity: 8M(1%)
[29.434s][info][gc,heap     ] GC(76) Max Capacity: 1024M(100%)
[29.434s][info][gc,heap     ] GC(76) Soft Max Capacity: 1024M(100%)
[29.434s][info][gc,heap     ] GC(76)                Mark Start          Mark End        Relocate Start      Relocate End           High               Low         
[29.434s][info][gc,heap     ] GC(76)  Capacity:     1024M (100%)       1024M (100%)       1024M (100%)       1024M (100%)       1024M (100%)       1024M (100%)   
[29.434s][info][gc,heap     ] GC(76)      Free:      436M (43%)         154M (15%)         300M (29%)         494M (48%)         494M (48%)         150M (15%)    
[29.434s][info][gc,heap     ] GC(76)      Used:      588M (57%)         870M (85%)         724M (71%)         530M (52%)         874M (85%)         530M (52%)    
[29.434s][info][gc,heap     ] GC(76)      Live:         -               175M (17%)         175M (17%)         175M (17%)            -                  -          
[29.434s][info][gc,heap     ] GC(76) Allocated:         -               282M (28%)         296M (29%)         313M (31%)            -                  -          
[29.434s][info][gc,heap     ] GC(76)   Garbage:         -               412M (40%)         252M (25%)          40M (4%)             -                  -          
[29.434s][info][gc,heap     ] GC(76) Reclaimed:         -                  -               160M (16%)         371M (36%)            -                  -          
[29.434s][info][gc          ] GC(76) Garbage Collection (Allocation Rate) 588M(57%)->530M(52%)
[29.512s][info][gc,start    ] GC(77) Garbage Collection (Allocation Rate)
[29.512s][info][gc,task     ] GC(77) Using 10 workers
[29.512s][info][gc,phases   ] GC(77) Pause Mark Start 0.013ms
[29.637s][info][gc,phases   ] GC(77) Concurrent Mark 124.596ms
[29.637s][info][gc,phases   ] GC(77) Pause Mark End 0.022ms
[29.637s][info][gc,phases   ] GC(77) Concurrent Mark Free 0.001ms
[29.639s][info][gc,phases   ] GC(77) Concurrent Process Non-Strong References 2.029ms
[29.639s][info][gc,phases   ] GC(77) Concurrent Reset Relocation Set 0.018ms
[29.662s][info][gc,phases   ] GC(77) Concurrent Select Relocation Set 23.371ms
[29.662s][info][gc,phases   ] GC(77) Pause Relocate Start 0.008ms
[29.701s][info][gc,phases   ] GC(77) Concurrent Relocate 38.163ms
[29.701s][info][gc,load     ] GC(77) Load: 0.00/0.00/0.00
[29.701s][info][gc,mmu      ] GC(77) MMU: 2ms/97.1%, 5ms/98.8%, 10ms/99.3%, 20ms/99.7%, 50ms/99.8%, 100ms/99.9%
[29.701s][info][gc,marking  ] GC(77) Mark: 8 stripe(s), 4 proactive flush(es), 1 terminate flush(es), 0 completion(s), 0 continuation(s) 
[29.701s][info][gc,marking  ] GC(77) Mark Stack Usage: 32M
[29.701s][info][gc,nmethod  ] GC(77) NMethods: 6625 registered, 542 unregistered
[29.701s][info][gc,metaspace] GC(77) Metaspace: 61M used, 62M committed, 1088M reserved
[29.701s][info][gc,ref      ] GC(77) Soft: 3212 encountered, 0 discovered, 0 enqueued
[29.701s][info][gc,ref      ] GC(77) Weak: 5933 encountered, 1221 discovered, 1 enqueued
[29.701s][info][gc,ref      ] GC(77) Final: 60 encountered, 6 discovered, 0 enqueued
[29.701s][info][gc,ref      ] GC(77) Phantom: 616 encountered, 550 discovered, 0 enqueued
[29.701s][info][gc,reloc    ] GC(77) Small Pages: 327 / 654M, Empty: 0M, Relocated: 61M, In-Place: 0
[29.701s][info][gc,reloc    ] GC(77) Medium Pages: 2 / 64M, Empty: 0M, Relocated: 14M, In-Place: 0
[29.701s][info][gc,reloc    ] GC(77) Large Pages: 2 / 12M, Empty: 0M, Relocated: 0M, In-Place: 0
[29.701s][info][gc,reloc    ] GC(77) Forwarding Usage: 57M
[29.701s][info][gc,heap     ] GC(77) Min Capacity: 8M(1%)
[29.701s][info][gc,heap     ] GC(77) Max Capacity: 1024M(100%)
[29.701s][info][gc,heap     ] GC(77) Soft Max Capacity: 1024M(100%)
[29.701s][info][gc,heap     ] GC(77)                Mark Start          Mark End        Relocate Start      Relocate End           High               Low         
[29.701s][info][gc,heap     ] GC(77)  Capacity:     1024M (100%)       1024M (100%)       1024M (100%)       1024M (100%)       1024M (100%)       1024M (100%)   
[29.701s][info][gc,heap     ] GC(77)      Free:      294M (29%)         150M (15%)         150M (15%)         598M (58%)         598M (58%)         102M (10%)    
[29.701s][info][gc,heap     ] GC(77)      Used:      730M (71%)         874M (85%)         874M (85%)         426M (42%)         922M (90%)         426M (42%)    
[29.701s][info][gc,heap     ] GC(77)      Live:         -               243M (24%)         243M (24%)         243M (24%)            -                  -          
[29.701s][info][gc,heap     ] GC(77) Allocated:         -               144M (14%)         144M (14%)         145M (14%)            -                  -          
[29.701s][info][gc,heap     ] GC(77)   Garbage:         -               486M (48%)         486M (48%)          37M (4%)             -                  -          
[29.701s][info][gc,heap     ] GC(77) Reclaimed:         -                  -                 0M (0%)          449M (44%)            -                  -          
[29.701s][info][gc          ] GC(77) Garbage Collection (Allocation Rate) 730M(71%)->426M(42%)
[29.715s][info][gc,start    ] GC(78) Garbage Collection (Allocation Rate)
[29.715s][info][gc,task     ] GC(78) Using 10 workers
[29.715s][info][gc,phases   ] GC(78) Pause Mark Start 0.015ms
[29.840s][info][gc,phases   ] GC(78) Concurrent Mark 124.666ms
[29.840s][info][gc,phases   ] GC(78) Pause Mark End 0.017ms
[29.840s][info][gc,phases   ] GC(78) Concurrent Mark Free 0.001ms
[29.842s][info][gc,phases   ] GC(78) Concurrent Process Non-Strong References 1.957ms
[29.842s][info][gc,phases   ] GC(78) Concurrent Reset Relocation Set 0.053ms
[29.852s][info][gc,phases   ] GC(78) Concurrent Select Relocation Set 10.059ms
[29.852s][info][gc,phases   ] GC(78) Pause Relocate Start 0.009ms
[29.865s][info][gc,phases   ] GC(78) Concurrent Relocate 13.047ms
[29.865s][info][gc,load     ] GC(78) Load: 0.00/0.00/0.00
[29.865s][info][gc,mmu      ] GC(78) MMU: 2ms/97.1%, 5ms/98.8%, 10ms/99.3%, 20ms/99.7%, 50ms/99.8%, 100ms/99.9%
[29.865s][info][gc,marking  ] GC(78) Mark: 8 stripe(s), 3 proactive flush(es), 1 terminate flush(es), 0 completion(s), 0 continuation(s) 
[29.865s][info][gc,marking  ] GC(78) Mark Stack Usage: 32M
[29.865s][info][gc,nmethod  ] GC(78) NMethods: 6650 registered, 559 unregistered
[29.865s][info][gc,metaspace] GC(78) Metaspace: 61M used, 62M committed, 1088M reserved
[29.866s][info][gc,ref      ] GC(78) Soft: 3212 encountered, 0 discovered, 0 enqueued
[29.866s][info][gc,ref      ] GC(78) Weak: 5939 encountered, 1967 discovered, 4 enqueued
[29.866s][info][gc,ref      ] GC(78) Final: 60 encountered, 2 discovered, 0 enqueued
[29.866s][info][gc,ref      ] GC(78) Phantom: 616 encountered, 431 discovered, 4 enqueued
[29.866s][info][gc,reloc    ] GC(78) Small Pages: 169 / 338M, Empty: 0M, Relocated: 15M, In-Place: 0
[29.866s][info][gc,reloc    ] GC(78) Medium Pages: 2 / 64M, Empty: 0M, Relocated: 14M, In-Place: 0
[29.866s][info][gc,reloc    ] GC(78) Large Pages: 4 / 24M, Empty: 0M, Relocated: 0M, In-Place: 0
[29.866s][info][gc,reloc    ] GC(78) Forwarding Usage: 15M
[29.866s][info][gc,heap     ] GC(78) Min Capacity: 8M(1%)
[29.866s][info][gc,heap     ] GC(78) Max Capacity: 1024M(100%)
[29.866s][info][gc,heap     ] GC(78) Soft Max Capacity: 1024M(100%)
[29.866s][info][gc,heap     ] GC(78)                Mark Start          Mark End        Relocate Start      Relocate End           High               Low         
[29.866s][info][gc,heap     ] GC(78)  Capacity:     1024M (100%)       1024M (100%)       1024M (100%)       1024M (100%)       1024M (100%)       1024M (100%)   
[29.866s][info][gc,heap     ] GC(78)      Free:      598M (58%)         552M (54%)         544M (53%)         658M (64%)         658M (64%)         496M (48%)    
[29.866s][info][gc,heap     ] GC(78)      Used:      426M (42%)         472M (46%)         480M (47%)         366M (36%)         528M (52%)         366M (36%)    
[29.866s][info][gc,heap     ] GC(78)      Live:         -               266M (26%)         266M (26%)         266M (26%)            -                  -          
[29.866s][info][gc,heap     ] GC(78) Allocated:         -                46M (4%)           54M (5%)           61M (6%)             -                  -          
[29.866s][info][gc,heap     ] GC(78)   Garbage:         -               159M (16%)         159M (16%)          38M (4%)             -                  -          
[29.866s][info][gc,heap     ] GC(78) Reclaimed:         -                  -                 0M (0%)          121M (12%)            -                  -          
[29.866s][info][gc          ] GC(78) Garbage Collection (Allocation Rate) 426M(42%)->366M(36%)
[29.918s][info][gc,start    ] GC(79) Garbage Collection (Allocation Rate)
[29.918s][info][gc,task     ] GC(79) Using 10 workers
[29.918s][info][gc,phases   ] GC(79) Pause Mark Start 0.013ms
[30.035s][info][gc,phases   ] GC(79) Concurrent Mark 116.675ms
[30.036s][info][gc,phases   ] GC(79) Pause Mark End 0.024ms
[30.036s][info][gc,phases   ] GC(79) Concurrent Mark Free 0.001ms
[30.038s][info][gc,phases   ] GC(79) Concurrent Process Non-Strong References 2.143ms
[30.038s][info][gc,phases   ] GC(79) Concurrent Reset Relocation Set 0.009ms
[30.042s][info][gc,phases   ] GC(79) Concurrent Select Relocation Set 3.611ms
[30.042s][info][gc,phases   ] GC(79) Pause Relocate Start 0.009ms
[30.062s][info][gc,phases   ] GC(79) Concurrent Relocate 20.204ms
[30.062s][info][gc,load     ] GC(79) Load: 0.00/0.00/0.00
[30.062s][info][gc,mmu      ] GC(79) MMU: 2ms/97.1%, 5ms/98.8%, 10ms/99.3%, 20ms/99.7%, 50ms/99.8%, 100ms/99.9%
[30.062s][info][gc,marking  ] GC(79) Mark: 8 stripe(s), 2 proactive flush(es), 1 terminate flush(es), 0 completion(s), 0 continuation(s) 
[30.062s][info][gc,marking  ] GC(79) Mark Stack Usage: 32M
[30.062s][info][gc,nmethod  ] GC(79) NMethods: 6636 registered, 584 unregistered
[30.063s][info][gc,metaspace] GC(79) Metaspace: 61M used, 62M committed, 1088M reserved
[30.063s][info][gc,ref      ] GC(79) Soft: 3214 encountered, 0 discovered, 0 enqueued
[30.063s][info][gc,ref      ] GC(79) Weak: 5936 encountered, 570 discovered, 3 enqueued
[30.063s][info][gc,ref      ] GC(79) Final: 60 encountered, 0 discovered, 0 enqueued
[30.063s][info][gc,ref      ] GC(79) Phantom: 615 encountered, 513 discovered, 3 enqueued
[30.063s][info][gc,reloc    ] GC(79) Small Pages: 147 / 294M, Empty: 26M, Relocated: 8M, In-Place: 0
[30.063s][info][gc,reloc    ] GC(79) Medium Pages: 3 / 96M, Empty: 0M, Relocated: 27M, In-Place: 0
[30.063s][info][gc,reloc    ] GC(79) Large Pages: 4 / 24M, Empty: 18M, Relocated: 0M, In-Place: 0
[30.063s][info][gc,reloc    ] GC(79) Forwarding Usage: 7M
[30.063s][info][gc,heap     ] GC(79) Min Capacity: 8M(1%)
[30.063s][info][gc,heap     ] GC(79) Max Capacity: 1024M(100%)
[30.063s][info][gc,heap     ] GC(79) Soft Max Capacity: 1024M(100%)
[30.063s][info][gc,heap     ] GC(79)                Mark Start          Mark End        Relocate Start      Relocate End           High               Low         
[30.063s][info][gc,heap     ] GC(79)  Capacity:     1024M (100%)       1024M (100%)       1024M (100%)       1024M (100%)       1024M (100%)       1024M (100%)   
[30.063s][info][gc,heap     ] GC(79)      Free:      610M (60%)         542M (53%)         584M (57%)         636M (62%)         636M (62%)         540M (53%)    
[30.063s][info][gc,heap     ] GC(79)      Used:      414M (40%)         482M (47%)         440M (43%)         388M (38%)         484M (47%)         388M (38%)    
[30.063s][info][gc,heap     ] GC(79)      Live:         -               238M (23%)         238M (23%)         238M (23%)            -                  -          
[30.063s][info][gc,heap     ] GC(79) Allocated:         -                68M (7%)           70M (7%)          104M (10%)            -                  -          
[30.063s][info][gc,heap     ] GC(79)   Garbage:         -               175M (17%)         131M (13%)          44M (4%)             -                  -          
[30.063s][info][gc,heap     ] GC(79) Reclaimed:         -                  -                44M (4%)          130M (13%)            -                  -          
[30.063s][info][gc          ] GC(79) Garbage Collection (Allocation Rate) 414M(40%)->388M(38%)
[30.104s][info][gc,start    ] GC(80) Garbage Collection (Allocation Rate)
[30.104s][info][gc,stats    ] === Garbage Collection Statistics =======================================================================================================================
[30.104s][info][gc,task     ] GC(80) Using 10 workers
[30.104s][info][gc,stats    ]                                                              Last 10s              Last 10m              Last 10h                Total
[30.104s][info][gc,stats    ]                                                              Avg / Max             Avg / Max             Avg / Max             Avg / Max
[30.104s][info][gc,stats    ]   Collector: Garbage Collection Cycle                    163.263 / 390.853     143.317 / 1546.086    143.317 / 1546.086    143.317 / 1546.086    ms
[30.104s][info][gc,stats    ]  Contention: Mark Segment Reset Contention                    28 / 40               29 / 443              29 / 443              29 / 443         ops/s
[30.104s][info][gc,stats    ]  Contention: Mark SeqNum Reset Contention                      2 / 6                 1 / 6                 1 / 6                 1 / 6           ops/s
[30.104s][info][gc,stats    ]    Critical: Allocation Stall                                  1 / 10                0 / 10                0 / 10                0 / 10          ops/s
[30.104s][info][gc,stats    ]    Critical: Allocation Stall                             27.808 / 64.878       27.808 / 64.878       27.808 / 64.878       27.808 / 64.878      ms
[30.104s][info][gc,stats    ]    Critical: GC Locker Stall                                   0 / 0                 0 / 1                 0 / 1                 0 / 1           ops/s
[30.104s][info][gc,stats    ]    Critical: GC Locker Stall                               0.000 / 0.000         0.001 / 0.001         0.001 / 0.001         0.001 / 0.001       ms
[30.104s][info][gc,stats    ]    Critical: Relocation Stall                                  0 / 5                 0 / 5                 0 / 5                 0 / 5           ops/s
[30.104s][info][gc,stats    ]    Critical: Relocation Stall                              8.340 / 14.172        8.340 / 14.172        8.340 / 14.172        8.340 / 14.172      ms
[30.104s][info][gc,stats    ]      Memory: Allocation Rate                                1125 / 1734            666 / 2754            666 / 2754            666 / 2754        MB/s
[30.104s][info][gc,stats    ]      Memory: Defragment                                        5 / 32                1 / 32                1 / 32                1 / 32          ops/s
[30.104s][info][gc,stats    ]      Memory: Out Of Memory                                     0 / 0                 0 / 0                 0 / 0                 0 / 0           ops/s
[30.104s][info][gc,stats    ]      Memory: Page Cache Flush                                 50 / 128              16 / 128              16 / 128              16 / 128         MB/s
[30.104s][info][gc,stats    ]      Memory: Page Cache Hit L1                               571 / 870             325 / 1477            325 / 1477            325 / 1477        ops/s
[30.104s][info][gc,stats    ]      Memory: Page Cache Hit L2                                 0 / 0                 0 / 0                 0 / 0                 0 / 0           ops/s
[30.104s][info][gc,stats    ]      Memory: Page Cache Hit L3                                12 / 47               18 / 226              18 / 226              18 / 226         ops/s
[30.104s][info][gc,stats    ]      Memory: Page Cache Miss                                   1 / 4                 0 / 4                 0 / 4                 0 / 4           ops/s
[30.105s][info][gc,stats    ]      Memory: Uncommit                                          0 / 0                 0 / 0                 0 / 0                 0 / 0           MB/s
[30.105s][info][gc,stats    ]      Memory: Undo Object Allocation Failed                    25 / 134               9 / 134               9 / 134               9 / 134         ops/s
[30.105s][info][gc,stats    ]      Memory: Undo Object Allocation Succeeded                 27 / 158              10 / 158              10 / 158              10 / 158         ops/s
[30.105s][info][gc,stats    ]      Memory: Undo Page Allocation                             35 / 69               15 / 69               15 / 69               15 / 69          ops/s
[30.105s][info][gc,stats    ]       Phase: Concurrent Mark                             128.990 / 187.272     119.137 / 1535.632    119.137 / 1535.632    119.137 / 1535.632    ms
[30.105s][info][gc,stats    ]       Phase: Concurrent Mark Continue                      0.000 / 0.000         0.000 / 0.000         0.000 / 0.000         0.000 / 0.000       ms
[30.105s][info][gc,stats    ]       Phase: Concurrent Mark Free                          0.001 / 0.001         0.001 / 0.002         0.001 / 0.002         0.001 / 0.002       ms
[30.105s][info][gc,stats    ]       Phase: Concurrent Process Non-Strong References      2.590 / 10.838        3.045 / 16.419        3.045 / 16.419        3.045 / 16.419      ms
[30.105s][info][gc,stats    ]       Phase: Concurrent Relocate                          16.337 / 82.400       11.079 / 82.400       11.079 / 82.400       11.079 / 82.400      ms
[30.105s][info][gc,stats    ]       Phase: Concurrent Reset Relocation Set               0.020 / 0.053         0.013 / 0.053         0.013 / 0.053         0.013 / 0.053       ms
[30.105s][info][gc,phases   ] GC(80) Pause Mark Start 0.014ms
[30.105s][info][gc,stats    ]       Phase: Concurrent Select Relocation Set             11.122 / 43.730        8.590 / 43.730        8.590 / 43.730        8.590 / 43.730      ms
[30.105s][info][gc,stats    ]       Phase: Pause Mark End                                0.018 / 0.028         0.021 / 0.059         0.021 / 0.059         0.021 / 0.059       ms
[30.105s][info][gc,stats    ]       Phase: Pause Mark Start                              0.015 / 0.049         0.014 / 0.049         0.014 / 0.049         0.014 / 0.049       ms
[30.105s][info][gc,stats    ]       Phase: Pause Relocate Start                          0.009 / 0.015         0.009 / 0.019         0.009 / 0.019         0.009 / 0.019       ms
[30.105s][info][gc,stats    ]    Subphase: Concurrent Classes Purge                      0.084 / 0.607         0.119 / 1.663         0.119 / 1.663         0.119 / 1.663       ms
[30.105s][info][gc,stats    ]    Subphase: Concurrent Classes Unlink                     2.017 / 9.886         2.324 / 13.942        2.324 / 13.942        2.324 / 13.942      ms
[30.105s][info][gc,stats    ]    Subphase: Concurrent Mark                             123.748 / 184.257     118.545 / 1532.438    118.545 / 1532.438    118.545 / 1532.438    ms
[30.105s][info][gc,stats    ]    Subphase: Concurrent Mark Try Flush                     0.112 / 7.750         0.099 / 7.750         0.099 / 7.750         0.099 / 7.750       ms
[30.105s][info][gc,stats    ]    Subphase: Concurrent Mark Try Terminate                 7.461 / 16.637       10.546 / 17.022       10.546 / 17.022       10.546 / 17.022      ms
[30.105s][info][gc,stats    ]    Subphase: Concurrent References Enqueue                 0.001 / 0.004         0.001 / 0.005         0.001 / 0.005         0.001 / 0.005       ms
[30.105s][info][gc,stats    ]    Subphase: Concurrent References Process                 0.138 / 0.258         0.137 / 0.389         0.137 / 0.389         0.137 / 0.389       ms
[30.105s][info][gc,stats    ]    Subphase: Concurrent Roots ClassLoaderDataGraph         0.084 / 0.698         0.089 / 0.775         0.089 / 0.775         0.089 / 0.775       ms
[30.105s][info][gc,stats    ]    Subphase: Concurrent Roots CodeCache                    0.000 / 0.000         0.000 / 0.000         0.000 / 0.000         0.000 / 0.000       ms
[30.105s][info][gc,stats    ]    Subphase: Concurrent Roots JavaThreads                  3.717 / 5.638         3.796 / 12.049        3.796 / 12.049        3.796 / 12.049      ms
[30.105s][info][gc,stats    ]    Subphase: Concurrent Roots OopStorageSet                0.020 / 0.048         0.023 / 0.343         0.023 / 0.343         0.023 / 0.343       ms
[30.105s][info][gc,stats    ]    Subphase: Concurrent Weak Roots OopStorageSet           0.199 / 0.317         0.271 / 1.280         0.271 / 1.280         0.271 / 1.280       ms
[30.105s][info][gc,stats    ]    Subphase: Pause Mark Try Complete                       0.000 / 0.000         0.002 / 0.005         0.002 / 0.005         0.002 / 0.005       ms
[30.105s][info][gc,stats    ]      System: Java Threads                                     89 / 110              82 / 110              82 / 110              82 / 110         threads
[30.106s][info][gc,stats    ] =========================================================================================================================================================
[30.192s][info][gc,phases   ] GC(80) Concurrent Mark 86.837ms
[30.207s][info][gc,phases   ] GC(80) Pause Mark End 0.029ms
[30.208s][info][gc,phases   ] GC(80) Concurrent Mark Free 0.001ms
[30.210s][info][gc,phases   ] GC(80) Concurrent Process Non-Strong References 2.180ms
[30.210s][info][gc,phases   ] GC(80) Concurrent Reset Relocation Set 0.005ms
[30.228s][info][gc,phases   ] GC(80) Concurrent Select Relocation Set 17.748ms
[30.228s][info][gc,phases   ] GC(80) Pause Relocate Start 0.014ms
[30.248s][info][gc,phases   ] GC(80) Concurrent Relocate 19.994ms
[30.248s][info][gc,load     ] GC(80) Load: 0.00/0.00/0.00
[30.248s][info][gc,mmu      ] GC(80) MMU: 2ms/97.1%, 5ms/98.8%, 10ms/99.3%, 20ms/99.7%, 50ms/99.8%, 100ms/99.9%
[30.248s][info][gc,marking  ] GC(80) Mark: 8 stripe(s), 2 proactive flush(es), 1 terminate flush(es), 0 completion(s), 0 continuation(s) 
[30.248s][info][gc,marking  ] GC(80) Mark Stack Usage: 32M
[30.248s][info][gc,nmethod  ] GC(80) NMethods: 6690 registered, 587 unregistered
[30.248s][info][gc,metaspace] GC(80) Metaspace: 63M used, 64M committed, 1088M reserved
[30.248s][info][gc,ref      ] GC(80) Soft: 3226 encountered, 0 discovered, 0 enqueued
[30.248s][info][gc,ref      ] GC(80) Weak: 6016 encountered, 873 discovered, 27 enqueued
[30.248s][info][gc,ref      ] GC(80) Final: 60 encountered, 2 discovered, 0 enqueued
[30.248s][info][gc,ref      ] GC(80) Phantom: 631 encountered, 624 discovered, 19 enqueued
[30.248s][info][gc,reloc    ] GC(80) Small Pages: 131 / 262M, Empty: 6M, Relocated: 27M, In-Place: 0
[30.248s][info][gc,reloc    ] GC(80) Medium Pages: 3 / 96M, Empty: 0M, Relocated: 21M, In-Place: 0
[30.248s][info][gc,reloc    ] GC(80) Large Pages: 11 / 70M, Empty: 36M, Relocated: 0M, In-Place: 0
[30.248s][info][gc,reloc    ] GC(80) Forwarding Usage: 21M
[30.248s][info][gc,heap     ] GC(80) Min Capacity: 8M(1%)
[30.248s][info][gc,heap     ] GC(80) Max Capacity: 1024M(100%)
[30.248s][info][gc,heap     ] GC(80) Soft Max Capacity: 1024M(100%)
[30.248s][info][gc,heap     ] GC(80)                Mark Start          Mark End        Relocate Start      Relocate End           High               Low         
[30.248s][info][gc,heap     ] GC(80)  Capacity:     1024M (100%)       1024M (100%)       1024M (100%)       1024M (100%)       1024M (100%)       1024M (100%)   
[30.248s][info][gc,heap     ] GC(80)      Free:      596M (58%)         522M (51%)         564M (55%)         684M (67%)         684M (67%)         522M (51%)    
[30.248s][info][gc,heap     ] GC(80)      Used:      428M (42%)         502M (49%)         460M (45%)         340M (33%)         502M (49%)         340M (33%)    
[30.248s][info][gc,heap     ] GC(80)      Live:         -               232M (23%)         232M (23%)         232M (23%)            -                  -          
[30.248s][info][gc,heap     ] GC(80) Allocated:         -                74M (7%)           74M (7%)           73M (7%)             -                  -          
[30.248s][info][gc,heap     ] GC(80)   Garbage:         -               195M (19%)         153M (15%)          33M (3%)             -                  -          
[30.248s][info][gc,heap     ] GC(80) Reclaimed:         -                  -                42M (4%)          161M (16%)            -                  -          
[30.248s][info][gc          ] GC(80) Garbage Collection (Allocation Rate) 428M(42%)->340M(33%)
[30.407s][info][gc,start    ] GC(81) Garbage Collection (Allocation Rate)
[30.407s][info][gc,task     ] GC(81) Using 10 workers
[30.407s][info][gc,phases   ] GC(81) Pause Mark Start 0.009ms
[30.501s][info][gc,phases   ] GC(81) Concurrent Mark 93.454ms
[30.501s][info][gc,phases   ] GC(81) Pause Mark End 0.016ms
[30.501s][info][gc,phases   ] GC(81) Concurrent Mark Free 0.001ms
[30.503s][info][gc,phases   ] GC(81) Concurrent Process Non-Strong References 1.888ms
[30.503s][info][gc,phases   ] GC(81) Concurrent Reset Relocation Set 0.010ms
[30.531s][info][gc,phases   ] GC(81) Concurrent Select Relocation Set 28.563ms
[30.532s][info][gc,phases   ] GC(81) Pause Relocate Start 0.012ms
[30.562s][info][gc,phases   ] GC(81) Concurrent Relocate 30.508ms
[30.562s][info][gc,load     ] GC(81) Load: 0.00/0.00/0.00
[30.562s][info][gc,mmu      ] GC(81) MMU: 2ms/97.1%, 5ms/98.8%, 10ms/99.3%, 20ms/99.7%, 50ms/99.8%, 100ms/99.9%
[30.562s][info][gc,marking  ] GC(81) Mark: 8 stripe(s), 2 proactive flush(es), 1 terminate flush(es), 0 completion(s), 0 continuation(s) 
[30.562s][info][gc,marking  ] GC(81) Mark Stack Usage: 32M
[30.562s][info][gc,nmethod  ] GC(81) NMethods: 6895 registered, 630 unregistered
[30.562s][info][gc,metaspace] GC(81) Metaspace: 63M used, 64M committed, 1088M reserved
[30.562s][info][gc,ref      ] GC(81) Soft: 3267 encountered, 0 discovered, 0 enqueued
[30.562s][info][gc,ref      ] GC(81) Weak: 6118 encountered, 715 discovered, 35 enqueued
[30.562s][info][gc,ref      ] GC(81) Final: 62 encountered, 18 discovered, 0 enqueued
[30.562s][info][gc,ref      ] GC(81) Phantom: 640 encountered, 500 discovered, 23 enqueued
[30.562s][info][gc,reloc    ] GC(81) Small Pages: 266 / 532M, Empty: 8M, Relocated: 41M, In-Place: 0
[30.562s][info][gc,reloc    ] GC(81) Medium Pages: 4 / 128M, Empty: 0M, Relocated: 16M, In-Place: 0
[30.562s][info][gc,reloc    ] GC(81) Large Pages: 27 / 178M, Empty: 110M, Relocated: 0M, In-Place: 0
[30.562s][info][gc,reloc    ] GC(81) Forwarding Usage: 41M
[30.562s][info][gc,heap     ] GC(81) Min Capacity: 8M(1%)
[30.562s][info][gc,heap     ] GC(81) Max Capacity: 1024M(100%)
[30.562s][info][gc,heap     ] GC(81) Soft Max Capacity: 1024M(100%)
[30.562s][info][gc,heap     ] GC(81)                Mark Start          Mark End        Relocate Start      Relocate End           High               Low         
[30.562s][info][gc,heap     ] GC(81)  Capacity:     1024M (100%)       1024M (100%)       1024M (100%)       1024M (100%)       1024M (100%)       1024M (100%)   
[30.563s][info][gc,heap     ] GC(81)      Free:      186M (18%)         136M (13%)         240M (23%)         638M (62%)         638M (62%)         134M (13%)    
[30.563s][info][gc,heap     ] GC(81)      Used:      838M (82%)         888M (87%)         784M (77%)         386M (38%)         890M (87%)         386M (38%)    
[30.563s][info][gc,heap     ] GC(81)      Live:         -               277M (27%)         277M (27%)         277M (27%)            -                  -          
[30.563s][info][gc,heap     ] GC(81) Allocated:         -                50M (5%)           64M (6%)           73M (7%)             -                  -          
[30.563s][info][gc,heap     ] GC(81)   Garbage:         -               560M (55%)         442M (43%)          34M (3%)             -                  -          
[30.563s][info][gc,heap     ] GC(81) Reclaimed:         -                  -               118M (12%)         525M (51%)            -                  -          
[30.563s][info][gc          ] GC(81) Garbage Collection (Allocation Rate) 838M(82%)->386M(38%)
[30.713s][info][gc,start    ] GC(82) Garbage Collection (Allocation Rate)
[30.714s][info][gc,task     ] GC(82) Using 10 workers
[30.714s][info][gc,phases   ] GC(82) Pause Mark Start 0.013ms
[30.823s][info][gc,phases   ] GC(82) Concurrent Mark 108.972ms
[30.823s][info][gc,phases   ] GC(82) Pause Mark End 0.017ms
[30.823s][info][gc,phases   ] GC(82) Concurrent Mark Free 0.001ms
[30.825s][info][gc,phases   ] GC(82) Concurrent Process Non-Strong References 1.968ms
[30.825s][info][gc,phases   ] GC(82) Concurrent Reset Relocation Set 0.033ms
[30.831s][info][gc,phases   ] GC(82) Concurrent Select Relocation Set 6.195ms
[30.832s][info][gc,phases   ] GC(82) Pause Relocate Start 0.010ms
[30.839s][info][gc,phases   ] GC(82) Concurrent Relocate 7.507ms
[30.839s][info][gc,load     ] GC(82) Load: 0.00/0.00/0.00
[30.839s][info][gc,mmu      ] GC(82) MMU: 2ms/97.1%, 5ms/98.8%, 10ms/99.3%, 20ms/99.7%, 50ms/99.8%, 100ms/99.9%
[30.839s][info][gc,marking  ] GC(82) Mark: 8 stripe(s), 3 proactive flush(es), 1 terminate flush(es), 0 completion(s), 0 continuation(s) 
[30.839s][info][gc,marking  ] GC(82) Mark Stack Usage: 32M
[30.840s][info][gc,nmethod  ] GC(82) NMethods: 6981 registered, 667 unregistered
[30.840s][info][gc,metaspace] GC(82) Metaspace: 63M used, 64M committed, 1088M reserved
[30.840s][info][gc,ref      ] GC(82) Soft: 3271 encountered, 0 discovered, 0 enqueued
[30.840s][info][gc,ref      ] GC(82) Weak: 6108 encountered, 1085 discovered, 107 enqueued
[30.840s][info][gc,ref      ] GC(82) Final: 62 encountered, 0 discovered, 0 enqueued
[30.840s][info][gc,ref      ] GC(82) Phantom: 619 encountered, 555 discovered, 2 enqueued
[30.840s][info][gc,reloc    ] GC(82) Small Pages: 288 / 576M, Empty: 306M, Relocated: 12M, In-Place: 0
[30.840s][info][gc,reloc    ] GC(82) Medium Pages: 1 / 32M, Empty: 0M, Relocated: 0M, In-Place: 0
[30.840s][info][gc,reloc    ] GC(82) Large Pages: 13 / 86M, Empty: 68M, Relocated: 0M, In-Place: 0
[30.840s][info][gc,reloc    ] GC(82) Forwarding Usage: 10M
[30.840s][info][gc,heap     ] GC(82) Min Capacity: 8M(1%)
[30.840s][info][gc,heap     ] GC(82) Max Capacity: 1024M(100%)
[30.840s][info][gc,heap     ] GC(82) Soft Max Capacity: 1024M(100%)
[30.840s][info][gc,heap     ] GC(82)                Mark Start          Mark End        Relocate Start      Relocate End           High               Low         
[30.840s][info][gc,heap     ] GC(82)  Capacity:     1024M (100%)       1024M (100%)       1024M (100%)       1024M (100%)       1024M (100%)       1024M (100%)   
[30.840s][info][gc,heap     ] GC(82)      Free:      330M (32%)         172M (17%)         544M (53%)         572M (56%)         572M (56%)         172M (17%)    
[30.840s][info][gc,heap     ] GC(82)      Used:      694M (68%)         852M (83%)         480M (47%)         452M (44%)         852M (83%)         452M (44%)    
[30.840s][info][gc,heap     ] GC(82)      Live:         -               247M (24%)         247M (24%)         247M (24%)            -                  -          
[30.840s][info][gc,heap     ] GC(82) Allocated:         -               158M (15%)         160M (16%)         163M (16%)            -                  -          
[30.840s][info][gc,heap     ] GC(82)   Garbage:         -               446M (44%)          72M (7%)           40M (4%)             -                  -          
[30.840s][info][gc,heap     ] GC(82) Reclaimed:         -                  -               374M (37%)         405M (40%)            -                  -          
[30.840s][info][gc          ] GC(82) Garbage Collection (Allocation Rate) 694M(68%)->452M(44%)
[30.917s][info][gc,start    ] GC(83) Garbage Collection (Allocation Rate)
[30.917s][info][gc,task     ] GC(83) Using 10 workers
[30.917s][info][gc,phases   ] GC(83) Pause Mark Start 0.016ms
[31.027s][info][gc,phases   ] GC(83) Concurrent Mark 110.094ms
[31.027s][info][gc,phases   ] GC(83) Pause Mark End 0.016ms
[31.027s][info][gc,phases   ] GC(83) Concurrent Mark Free 0.001ms
[31.029s][info][gc,phases   ] GC(83) Concurrent Process Non-Strong References 2.184ms
[31.029s][info][gc,phases   ] GC(83) Concurrent Reset Relocation Set 0.005ms
[31.035s][info][gc,phases   ] GC(83) Concurrent Select Relocation Set 5.299ms
[31.035s][info][gc,phases   ] GC(83) Pause Relocate Start 0.007ms
[31.041s][info][gc,phases   ] GC(83) Concurrent Relocate 6.519ms
[31.042s][info][gc,load     ] GC(83) Load: 0.00/0.00/0.00
[31.042s][info][gc,mmu      ] GC(83) MMU: 2ms/97.1%, 5ms/98.8%, 10ms/99.3%, 20ms/99.7%, 50ms/99.8%, 100ms/99.9%
[31.042s][info][gc,marking  ] GC(83) Mark: 8 stripe(s), 3 proactive flush(es), 1 terminate flush(es), 0 completion(s), 0 continuation(s) 
[31.042s][info][gc,marking  ] GC(83) Mark Stack Usage: 32M
[31.042s][info][gc,nmethod  ] GC(83) NMethods: 6973 registered, 708 unregistered
[31.042s][info][gc,metaspace] GC(83) Metaspace: 63M used, 64M committed, 1088M reserved
[31.042s][info][gc,ref      ] GC(83) Soft: 3274 encountered, 0 discovered, 0 enqueued
[31.042s][info][gc,ref      ] GC(83) Weak: 6075 encountered, 2147 discovered, 25 enqueued
[31.042s][info][gc,ref      ] GC(83) Final: 62 encountered, 1 discovered, 0 enqueued
[31.042s][info][gc,ref      ] GC(83) Phantom: 635 encountered, 548 discovered, 18 enqueued
[31.042s][info][gc,reloc    ] GC(83) Small Pages: 257 / 514M, Empty: 212M, Relocated: 5M, In-Place: 0
[31.042s][info][gc,reloc    ] GC(83) Medium Pages: 1 / 32M, Empty: 0M, Relocated: 0M, In-Place: 0
[31.042s][info][gc,reloc    ] GC(83) Large Pages: 4 / 24M, Empty: 12M, Relocated: 0M, In-Place: 0
[31.042s][info][gc,reloc    ] GC(83) Forwarding Usage: 3M
[31.042s][info][gc,heap     ] GC(83) Min Capacity: 8M(1%)
[31.042s][info][gc,heap     ] GC(83) Max Capacity: 1024M(100%)
[31.042s][info][gc,heap     ] GC(83) Soft Max Capacity: 1024M(100%)
[31.042s][info][gc,heap     ] GC(83)                Mark Start          Mark End        Relocate Start      Relocate End           High               Low         
[31.042s][info][gc,heap     ] GC(83)  Capacity:     1024M (100%)       1024M (100%)       1024M (100%)       1024M (100%)       1024M (100%)       1024M (100%)   
[31.042s][info][gc,heap     ] GC(83)      Free:      454M (44%)         388M (38%)         612M (60%)         616M (60%)         616M (60%)         388M (38%)    
[31.042s][info][gc,heap     ] GC(83)      Used:      570M (56%)         636M (62%)         412M (40%)         408M (40%)         636M (62%)         408M (40%)    
[31.042s][info][gc,heap     ] GC(83)      Live:         -               292M (29%)         292M (29%)         292M (29%)            -                  -          
[31.042s][info][gc,heap     ] GC(83) Allocated:         -                66M (6%)           66M (6%)           66M (6%)             -                  -          
[31.042s][info][gc,heap     ] GC(83)   Garbage:         -               277M (27%)          53M (5%)           49M (5%)             -                  -          
[31.042s][info][gc,heap     ] GC(83) Reclaimed:         -                  -               224M (22%)         228M (22%)            -                  -          
[31.042s][info][gc          ] GC(83) Garbage Collection (Allocation Rate) 570M(56%)->408M(40%)
[31.042s][info][gc,start    ] GC(84) Garbage Collection (System.gc())
[31.042s][info][gc,task     ] GC(84) Using 10 workers
[31.042s][info][gc,phases   ] GC(84) Pause Mark Start 0.006ms
[31.116s][info][gc,phases   ] GC(84) Concurrent Mark 73.345ms
[31.116s][info][gc,phases   ] GC(84) Pause Mark End 0.019ms
[31.116s][info][gc,phases   ] GC(84) Concurrent Mark Free 0.001ms
[31.118s][info][gc,phases   ] GC(84) Concurrent Process Non-Strong References 2.054ms
[31.118s][info][gc,phases   ] GC(84) Concurrent Reset Relocation Set 0.002ms
[31.122s][info][gc,phases   ] GC(84) Concurrent Select Relocation Set 4.160ms
[31.123s][info][gc,phases   ] GC(84) Pause Relocate Start 0.008ms
[31.126s][info][gc,phases   ] GC(84) Concurrent Relocate 3.386ms
[31.126s][info][gc,load     ] GC(84) Load: 0.00/0.00/0.00
[31.126s][info][gc,mmu      ] GC(84) MMU: 2ms/97.1%, 5ms/98.8%, 10ms/99.3%, 20ms/99.7%, 50ms/99.8%, 100ms/99.9%
[31.126s][info][gc,marking  ] GC(84) Mark: 8 stripe(s), 2 proactive flush(es), 1 terminate flush(es), 0 completion(s), 0 continuation(s) 
[31.126s][info][gc,marking  ] GC(84) Mark Stack Usage: 32M
[31.126s][info][gc,nmethod  ] GC(84) NMethods: 6971 registered, 713 unregistered
[31.126s][info][gc,metaspace] GC(84) Metaspace: 63M used, 64M committed, 1088M reserved
[31.126s][info][gc,ref      ] GC(84) Soft: 3275 encountered, 0 discovered, 0 enqueued
[31.126s][info][gc,ref      ] GC(84) Weak: 6057 encountered, 2697 discovered, 4 enqueued
[31.126s][info][gc,ref      ] GC(84) Final: 62 encountered, 4 discovered, 0 enqueued
[31.126s][info][gc,ref      ] GC(84) Phantom: 618 encountered, 531 discovered, 1 enqueued
[31.126s][info][gc,reloc    ] GC(84) Small Pages: 182 / 364M, Empty: 152M, Relocated: 4M, In-Place: 0
[31.126s][info][gc,reloc    ] GC(84) Medium Pages: 1 / 32M, Empty: 0M, Relocated: 0M, In-Place: 0
[31.126s][info][gc,reloc    ] GC(84) Large Pages: 2 / 12M, Empty: 12M, Relocated: 0M, In-Place: 0
[31.126s][info][gc,reloc    ] GC(84) Forwarding Usage: 2M
[31.126s][info][gc,heap     ] GC(84) Min Capacity: 8M(1%)
[31.126s][info][gc,heap     ] GC(84) Max Capacity: 1024M(100%)
[31.126s][info][gc,heap     ] GC(84) Soft Max Capacity: 1024M(100%)
[31.126s][info][gc,heap     ] GC(84)                Mark Start          Mark End        Relocate Start      Relocate End           High               Low         
[31.126s][info][gc,heap     ] GC(84)  Capacity:     1024M (100%)       1024M (100%)       1024M (100%)       1024M (100%)       1024M (100%)       1024M (100%)   
[31.126s][info][gc,heap     ] GC(84)      Free:      616M (60%)         614M (60%)         778M (76%)         810M (79%)         810M (79%)         614M (60%)    
[31.126s][info][gc,heap     ] GC(84)      Used:      408M (40%)         410M (40%)         246M (24%)         214M (21%)         410M (40%)         214M (21%)    
[31.126s][info][gc,heap     ] GC(84)      Live:         -               165M (16%)         165M (16%)         165M (16%)            -                  -          
[31.126s][info][gc,heap     ] GC(84) Allocated:         -                 2M (0%)            2M (0%)            2M (0%)             -                  -          
[31.126s][info][gc,heap     ] GC(84)   Garbage:         -               242M (24%)          78M (8%)           46M (5%)             -                  -          
[31.126s][info][gc,heap     ] GC(84) Reclaimed:         -                  -               164M (16%)         196M (19%)            -                  -          
[31.126s][info][gc          ] GC(84) Garbage Collection (System.gc()) 408M(40%)->214M(21%)
[31.314s][info][gc,start    ] GC(85) Garbage Collection (Allocation Rate)
[31.314s][info][gc,task     ] GC(85) Using 9 workers
[31.314s][info][gc,phases   ] GC(85) Pause Mark Start 0.017ms
[31.423s][info][gc,phases   ] GC(85) Concurrent Mark 108.898ms
[31.462s][info][gc,phases   ] GC(85) Pause Mark End 0.036ms
[31.462s][info][gc,phases   ] GC(85) Concurrent Mark Free 0.002ms
[31.465s][info][gc,phases   ] GC(85) Concurrent Process Non-Strong References 3.176ms
[31.465s][info][gc,phases   ] GC(85) Concurrent Reset Relocation Set 0.005ms
[31.486s][info][gc,phases   ] GC(85) Concurrent Select Relocation Set 20.502ms
[31.486s][info][gc,phases   ] GC(85) Pause Relocate Start 0.013ms
[31.510s][info][gc,phases   ] GC(85) Concurrent Relocate 24.475ms
[31.510s][info][gc,load     ] GC(85) Load: 0.00/0.00/0.00
[31.510s][info][gc,mmu      ] GC(85) MMU: 2ms/97.1%, 5ms/98.8%, 10ms/99.3%, 20ms/99.7%, 50ms/99.8%, 100ms/99.9%
[31.510s][info][gc,marking  ] GC(85) Mark: 8 stripe(s), 2 proactive flush(es), 1 terminate flush(es), 0 completion(s), 0 continuation(s) 
[31.510s][info][gc,marking  ] GC(85) Mark Stack Usage: 32M
[31.510s][info][gc,nmethod  ] GC(85) NMethods: 7105 registered, 720 unregistered
[31.510s][info][gc,metaspace] GC(85) Metaspace: 63M used, 64M committed, 1088M reserved
[31.511s][info][gc,ref      ] GC(85) Soft: 3284 encountered, 0 discovered, 0 enqueued
[31.511s][info][gc,ref      ] GC(85) Weak: 6149 encountered, 2043 discovered, 27 enqueued
[31.511s][info][gc,ref      ] GC(85) Final: 62 encountered, 4 discovered, 0 enqueued
[31.511s][info][gc,ref      ] GC(85) Phantom: 617 encountered, 603 discovered, 0 enqueued
[31.511s][info][gc,reloc    ] GC(85) Small Pages: 229 / 458M, Empty: 0M, Relocated: 75M, In-Place: 0
[31.511s][info][gc,reloc    ] GC(85) Medium Pages: 2 / 64M, Empty: 32M, Relocated: 0M, In-Place: 0
[31.511s][info][gc,reloc    ] GC(85) Large Pages: 5 / 30M, Empty: 6M, Relocated: 0M, In-Place: 0
[31.511s][info][gc,reloc    ] GC(85) Forwarding Usage: 37M
[31.511s][info][gc,heap     ] GC(85) Min Capacity: 8M(1%)
[31.511s][info][gc,heap     ] GC(85) Max Capacity: 1024M(100%)
[31.511s][info][gc,heap     ] GC(85) Soft Max Capacity: 1024M(100%)
[31.511s][info][gc,heap     ] GC(85)                Mark Start          Mark End        Relocate Start      Relocate End           High               Low         
[31.511s][info][gc,heap     ] GC(85)  Capacity:     1024M (100%)       1024M (100%)       1024M (100%)       1024M (100%)       1024M (100%)       1024M (100%)   
[31.511s][info][gc,heap     ] GC(85)      Free:      472M (46%)         188M (18%)         210M (21%)         408M (40%)         472M (46%)         184M (18%)    
[31.511s][info][gc,heap     ] GC(85)      Used:      552M (54%)         836M (82%)         814M (79%)         616M (60%)         840M (82%)         552M (54%)    
[31.511s][info][gc,heap     ] GC(85)      Live:         -               263M (26%)         263M (26%)         263M (26%)            -                  -          
[31.511s][info][gc,heap     ] GC(85) Allocated:         -               284M (28%)         300M (29%)         309M (30%)            -                  -          
[31.511s][info][gc,heap     ] GC(85)   Garbage:         -               288M (28%)         250M (24%)          42M (4%)             -                  -          
[31.511s][info][gc,heap     ] GC(85) Reclaimed:         -                  -                38M (4%)          245M (24%)            -                  -          
[31.511s][info][gc          ] GC(85) Garbage Collection (Allocation Rate) 552M(54%)->616M(60%)
[31.517s][info][gc,start    ] GC(86) Garbage Collection (Allocation Rate)
[31.517s][info][gc,task     ] GC(86) Using 10 workers
[31.517s][info][gc,phases   ] GC(86) Pause Mark Start 0.010ms
[31.658s][info][gc,phases   ] GC(86) Concurrent Mark 140.416ms
[31.658s][info][gc,phases   ] GC(86) Pause Mark End 0.025ms
[31.658s][info][gc,phases   ] GC(86) Concurrent Mark Free 0.001ms
[31.661s][info][gc,phases   ] GC(86) Concurrent Process Non-Strong References 2.649ms
[31.661s][info][gc,phases   ] GC(86) Concurrent Reset Relocation Set 0.026ms
[31.665s][info][gc,phases   ] GC(86) Concurrent Select Relocation Set 3.885ms
[31.665s][info][gc,phases   ] GC(86) Pause Relocate Start 0.014ms
[31.691s][info][gc,phases   ] GC(86) Concurrent Relocate 26.469ms
[31.691s][info][gc,load     ] GC(86) Load: 0.00/0.00/0.00
[31.691s][info][gc,mmu      ] GC(86) MMU: 2ms/97.1%, 5ms/98.8%, 10ms/99.3%, 20ms/99.7%, 50ms/99.8%, 100ms/99.9%
[31.691s][info][gc,marking  ] GC(86) Mark: 8 stripe(s), 4 proactive flush(es), 1 terminate flush(es), 0 completion(s), 0 continuation(s) 
[31.691s][info][gc,marking  ] GC(86) Mark Stack Usage: 32M
[31.691s][info][gc,nmethod  ] GC(86) NMethods: 7104 registered, 722 unregistered
[31.691s][info][gc,metaspace] GC(86) Metaspace: 63M used, 64M committed, 1088M reserved
[31.691s][info][gc,ref      ] GC(86) Soft: 3284 encountered, 0 discovered, 0 enqueued
[31.691s][info][gc,ref      ] GC(86) Weak: 6122 encountered, 2008 discovered, 4 enqueued
[31.691s][info][gc,ref      ] GC(86) Final: 62 encountered, 21 discovered, 0 enqueued
[31.691s][info][gc,ref      ] GC(86) Phantom: 620 encountered, 363 discovered, 0 enqueued
[31.691s][info][gc,reloc    ] GC(86) Small Pages: 266 / 532M, Empty: 0M, Relocated: 43M, In-Place: 0
[31.691s][info][gc,reloc    ] GC(86) Medium Pages: 2 / 64M, Empty: 0M, Relocated: 17M, In-Place: 0
[31.691s][info][gc,reloc    ] GC(86) Large Pages: 4 / 24M, Empty: 0M, Relocated: 0M, In-Place: 0
[31.691s][info][gc,reloc    ] GC(86) Forwarding Usage: 35M
[31.691s][info][gc,heap     ] GC(86) Min Capacity: 8M(1%)
[31.691s][info][gc,heap     ] GC(86) Max Capacity: 1024M(100%)
[31.691s][info][gc,heap     ] GC(86) Soft Max Capacity: 1024M(100%)
[31.691s][info][gc,heap     ] GC(86)                Mark Start          Mark End        Relocate Start      Relocate End           High               Low         
[31.691s][info][gc,heap     ] GC(86)  Capacity:     1024M (100%)       1024M (100%)       1024M (100%)       1024M (100%)       1024M (100%)       1024M (100%)   
[31.691s][info][gc,heap     ] GC(86)      Free:      404M (39%)         318M (31%)         316M (31%)         582M (57%)         582M (57%)         268M (26%)    
[31.691s][info][gc,heap     ] GC(86)      Used:      620M (61%)         706M (69%)         708M (69%)         442M (43%)         756M (74%)         442M (43%)    
[31.692s][info][gc,heap     ] GC(86)      Live:         -               308M (30%)         308M (30%)         308M (30%)            -                  -          
[31.692s][info][gc,heap     ] GC(86) Allocated:         -                86M (8%)           88M (9%)           97M (9%)             -                  -          
[31.692s][info][gc,heap     ] GC(86)   Garbage:         -               311M (30%)         311M (30%)          36M (4%)             -                  -          
[31.692s][info][gc,heap     ] GC(86) Reclaimed:         -                  -                 0M (0%)          275M (27%)            -                  -          
[31.692s][info][gc          ] GC(86) Garbage Collection (Allocation Rate) 620M(61%)->442M(43%)
[31.705s][info][gc,start    ] GC(87) Garbage Collection (Allocation Rate)
[31.705s][info][gc,task     ] GC(87) Using 10 workers
[31.705s][info][gc,phases   ] GC(87) Pause Mark Start 0.009ms
[31.837s][info][gc,phases   ] GC(87) Concurrent Mark 132.253ms
[31.837s][info][gc,phases   ] GC(87) Pause Mark End 0.016ms
[31.837s][info][gc,phases   ] GC(87) Concurrent Mark Free 0.001ms
[31.839s][info][gc,phases   ] GC(87) Concurrent Process Non-Strong References 2.000ms
[31.839s][info][gc,phases   ] GC(87) Concurrent Reset Relocation Set 0.018ms
[31.845s][info][gc,phases   ] GC(87) Concurrent Select Relocation Set 5.935ms
[31.845s][info][gc,phases   ] GC(87) Pause Relocate Start 0.010ms
[31.851s][info][gc,phases   ] GC(87) Concurrent Relocate 5.205ms
[31.851s][info][gc,load     ] GC(87) Load: 0.00/0.00/0.00
[31.851s][info][gc,mmu      ] GC(87) MMU: 2ms/97.1%, 5ms/98.8%, 10ms/99.3%, 20ms/99.7%, 50ms/99.8%, 100ms/99.9%
[31.851s][info][gc,marking  ] GC(87) Mark: 8 stripe(s), 2 proactive flush(es), 1 terminate flush(es), 0 completion(s), 0 continuation(s) 
[31.851s][info][gc,marking  ] GC(87) Mark Stack Usage: 32M
[31.851s][info][gc,nmethod  ] GC(87) NMethods: 7111 registered, 722 unregistered
[31.851s][info][gc,metaspace] GC(87) Metaspace: 63M used, 64M committed, 1088M reserved
[31.851s][info][gc,ref      ] GC(87) Soft: 3284 encountered, 0 discovered, 0 enqueued
[31.851s][info][gc,ref      ] GC(87) Weak: 6118 encountered, 1185 discovered, 0 enqueued
[31.851s][info][gc,ref      ] GC(87) Final: 62 encountered, 1 discovered, 0 enqueued
[31.851s][info][gc,ref      ] GC(87) Phantom: 621 encountered, 602 discovered, 0 enqueued
[31.851s][info][gc,reloc    ] GC(87) Small Pages: 180 / 360M, Empty: 18M, Relocated: 5M, In-Place: 0
[31.851s][info][gc,reloc    ] GC(87) Medium Pages: 2 / 64M, Empty: 0M, Relocated: 18M, In-Place: 0
[31.851s][info][gc,reloc    ] GC(87) Large Pages: 4 / 24M, Empty: 0M, Relocated: 0M, In-Place: 0
[31.851s][info][gc,reloc    ] GC(87) Forwarding Usage: 3M
[31.851s][info][gc,heap     ] GC(87) Min Capacity: 8M(1%)
[31.851s][info][gc,heap     ] GC(87) Max Capacity: 1024M(100%)
[31.851s][info][gc,heap     ] GC(87) Soft Max Capacity: 1024M(100%)
[31.851s][info][gc,heap     ] GC(87)                Mark Start          Mark End        Relocate Start      Relocate End           High               Low         
[31.851s][info][gc,heap     ] GC(87)  Capacity:     1024M (100%)       1024M (100%)       1024M (100%)       1024M (100%)       1024M (100%)       1024M (100%)   
[31.851s][info][gc,heap     ] GC(87)      Free:      576M (56%)         524M (51%)         540M (53%)         620M (61%)         620M (61%)         498M (49%)    
[31.851s][info][gc,heap     ] GC(87)      Used:      448M (44%)         500M (49%)         484M (47%)         404M (39%)         526M (51%)         404M (39%)    
[31.851s][info][gc,heap     ] GC(87)      Live:         -               310M (30%)         310M (30%)         310M (30%)            -                  -          
[31.851s][info][gc,heap     ] GC(87) Allocated:         -                52M (5%)           54M (5%)           55M (5%)             -                  -          
[31.851s][info][gc,heap     ] GC(87)   Garbage:         -               137M (13%)         119M (12%)          37M (4%)             -                  -          
[31.851s][info][gc,heap     ] GC(87) Reclaimed:         -                  -                18M (2%)           99M (10%)            -                  -          
[31.851s][info][gc          ] GC(87) Garbage Collection (Allocation Rate) 448M(44%)->404M(39%)
[31.915s][info][gc,start    ] GC(88) Garbage Collection (Allocation Rate)
[31.915s][info][gc,task     ] GC(88) Using 10 workers
[31.915s][info][gc,phases   ] GC(88) Pause Mark Start 0.014ms
[32.040s][info][gc,phases   ] GC(88) Concurrent Mark 124.659ms
[32.040s][info][gc,phases   ] GC(88) Pause Mark End 0.022ms
[32.040s][info][gc,phases   ] GC(88) Concurrent Mark Free 0.001ms
[32.042s][info][gc,phases   ] GC(88) Concurrent Process Non-Strong References 2.093ms
[32.042s][info][gc,phases   ] GC(88) Concurrent Reset Relocation Set 0.004ms
[32.045s][info][gc,phases   ] GC(88) Concurrent Select Relocation Set 2.560ms
[32.045s][info][gc,phases   ] GC(88) Pause Relocate Start 0.006ms
[32.048s][info][gc,phases   ] GC(88) Concurrent Relocate 2.747ms
[32.048s][info][gc,load     ] GC(88) Load: 0.00/0.00/0.00
[32.048s][info][gc,mmu      ] GC(88) MMU: 2ms/97.1%, 5ms/98.8%, 10ms/99.3%, 20ms/99.7%, 50ms/99.8%, 100ms/99.9%
[32.048s][info][gc,marking  ] GC(88) Mark: 8 stripe(s), 2 proactive flush(es), 1 terminate flush(es), 0 completion(s), 0 continuation(s) 
[32.048s][info][gc,marking  ] GC(88) Mark Stack Usage: 32M
[32.048s][info][gc,nmethod  ] GC(88) NMethods: 7112 registered, 722 unregistered
[32.048s][info][gc,metaspace] GC(88) Metaspace: 63M used, 64M committed, 1088M reserved
[32.048s][info][gc,ref      ] GC(88) Soft: 3284 encountered, 0 discovered, 0 enqueued
[32.048s][info][gc,ref      ] GC(88) Weak: 6118 encountered, 3439 discovered, 0 enqueued
[32.048s][info][gc,ref      ] GC(88) Final: 62 encountered, 3 discovered, 0 enqueued
[32.048s][info][gc,ref      ] GC(88) Phantom: 621 encountered, 426 discovered, 0 enqueued
[32.048s][info][gc,reloc    ] GC(88) Small Pages: 187 / 374M, Empty: 38M, Relocated: 5M, In-Place: 0
[32.048s][info][gc,reloc    ] GC(88) Medium Pages: 1 / 32M, Empty: 0M, Relocated: 0M, In-Place: 0
[32.048s][info][gc,reloc    ] GC(88) Large Pages: 4 / 24M, Empty: 0M, Relocated: 0M, In-Place: 0
[32.048s][info][gc,reloc    ] GC(88) Forwarding Usage: 2M
[32.048s][info][gc,heap     ] GC(88) Min Capacity: 8M(1%)
[32.048s][info][gc,heap     ] GC(88) Max Capacity: 1024M(100%)
[32.048s][info][gc,heap     ] GC(88) Soft Max Capacity: 1024M(100%)
[32.048s][info][gc,heap     ] GC(88)                Mark Start          Mark End        Relocate Start      Relocate End           High               Low         
[32.048s][info][gc,heap     ] GC(88)  Capacity:     1024M (100%)       1024M (100%)       1024M (100%)       1024M (100%)       1024M (100%)       1024M (100%)   
[32.048s][info][gc,heap     ] GC(88)      Free:      594M (58%)         524M (51%)         556M (54%)         594M (58%)         594M (58%)         518M (51%)    
[32.048s][info][gc,heap     ] GC(88)      Used:      430M (42%)         500M (49%)         468M (46%)         430M (42%)         506M (49%)         430M (42%)    
[32.048s][info][gc,heap     ] GC(88)      Live:         -               310M (30%)         310M (30%)         310M (30%)            -                  -          
[32.048s][info][gc,heap     ] GC(88) Allocated:         -                70M (7%)           76M (7%)           77M (8%)             -                  -          
[32.048s][info][gc,heap     ] GC(88)   Garbage:         -               119M (12%)          81M (8%)           42M (4%)             -                  -          
[32.048s][info][gc,heap     ] GC(88) Reclaimed:         -                  -                38M (4%)           77M (8%)             -                  -          
[32.048s][info][gc          ] GC(88) Garbage Collection (Allocation Rate) 430M(42%)->430M(42%)
[32.118s][info][gc,start    ] GC(89) Garbage Collection (Allocation Rate)
[32.118s][info][gc,task     ] GC(89) Using 10 workers
[32.118s][info][gc,phases   ] GC(89) Pause Mark Start 0.015ms
[32.212s][info][gc,phases   ] GC(89) Concurrent Mark 93.379ms
[32.212s][info][gc,phases   ] GC(89) Pause Mark End 0.022ms
[32.212s][info][gc,phases   ] GC(89) Concurrent Mark Free 0.001ms
[32.214s][info][gc,phases   ] GC(89) Concurrent Process Non-Strong References 1.921ms
[32.214s][info][gc,phases   ] GC(89) Concurrent Reset Relocation Set 0.005ms
[32.223s][info][gc,phases   ] GC(89) Concurrent Select Relocation Set 9.242ms
[32.223s][info][gc,phases   ] GC(89) Pause Relocate Start 0.008ms
[32.237s][info][gc,phases   ] GC(89) Concurrent Relocate 13.753ms
[32.237s][info][gc,load     ] GC(89) Load: 0.00/0.00/0.00
[32.237s][info][gc,mmu      ] GC(89) MMU: 2ms/97.1%, 5ms/98.8%, 10ms/99.3%, 20ms/99.7%, 50ms/99.8%, 100ms/99.9%
[32.237s][info][gc,marking  ] GC(89) Mark: 8 stripe(s), 2 proactive flush(es), 1 terminate flush(es), 0 completion(s), 0 continuation(s) 
[32.237s][info][gc,marking  ] GC(89) Mark Stack Usage: 32M
[32.237s][info][gc,nmethod  ] GC(89) NMethods: 7116 registered, 722 unregistered
[32.237s][info][gc,metaspace] GC(89) Metaspace: 63M used, 64M committed, 1088M reserved
[32.237s][info][gc,ref      ] GC(89) Soft: 3284 encountered, 0 discovered, 0 enqueued
[32.237s][info][gc,ref      ] GC(89) Weak: 6118 encountered, 1452 discovered, 0 enqueued
[32.237s][info][gc,ref      ] GC(89) Final: 62 encountered, 4 discovered, 0 enqueued
[32.237s][info][gc,ref      ] GC(89) Phantom: 621 encountered, 382 discovered, 0 enqueued
[32.238s][info][gc,reloc    ] GC(89) Small Pages: 242 / 484M, Empty: 86M, Relocated: 24M, In-Place: 0
[32.238s][info][gc,reloc    ] GC(89) Medium Pages: 1 / 32M, Empty: 0M, Relocated: 0M, In-Place: 0
[32.238s][info][gc,reloc    ] GC(89) Large Pages: 5 / 30M, Empty: 24M, Relocated: 0M, In-Place: 0
[32.238s][info][gc,reloc    ] GC(89) Forwarding Usage: 20M
[32.238s][info][gc,heap     ] GC(89) Min Capacity: 8M(1%)
[32.238s][info][gc,heap     ] GC(89) Max Capacity: 1024M(100%)
[32.238s][info][gc,heap     ] GC(89) Soft Max Capacity: 1024M(100%)
[32.238s][info][gc,heap     ] GC(89)                Mark Start          Mark End        Relocate Start      Relocate End           High               Low         
[32.238s][info][gc,heap     ] GC(89)  Capacity:     1024M (100%)       1024M (100%)       1024M (100%)       1024M (100%)       1024M (100%)       1024M (100%)   
[32.238s][info][gc,heap     ] GC(89)      Free:      478M (47%)         308M (30%)         394M (38%)         576M (56%)         576M (56%)         300M (29%)    
[32.238s][info][gc,heap     ] GC(89)      Used:      546M (53%)         716M (70%)         630M (62%)         448M (44%)         724M (71%)         448M (44%)    
[32.238s][info][gc,heap     ] GC(89)      Live:         -               200M (20%)         200M (20%)         200M (20%)            -                  -          
[32.238s][info][gc,heap     ] GC(89) Allocated:         -               170M (17%)         194M (19%)         215M (21%)            -                  -          
[32.238s][info][gc,heap     ] GC(89)   Garbage:         -               345M (34%)         235M (23%)          31M (3%)             -                  -          
[32.238s][info][gc,heap     ] GC(89) Reclaimed:         -                  -               110M (11%)         313M (31%)            -                  -          
[32.238s][info][gc          ] GC(89) Garbage Collection (Allocation Rate) 546M(53%)->448M(44%)
[32.306s][info][gc,start    ] GC(90) Garbage Collection (Allocation Rate)
[32.306s][info][gc,task     ] GC(90) Using 10 workers
[32.306s][info][gc,phases   ] GC(90) Pause Mark Start 0.009ms
[32.423s][info][gc,phases   ] GC(90) Concurrent Mark 116.625ms
[32.423s][info][gc,phases   ] GC(90) Pause Mark End 0.016ms
[32.423s][info][gc,phases   ] GC(90) Concurrent Mark Free 0.001ms
[32.425s][info][gc,phases   ] GC(90) Concurrent Process Non-Strong References 2.046ms
[32.425s][info][gc,phases   ] GC(90) Concurrent Reset Relocation Set 0.017ms
[32.451s][info][gc,phases   ] GC(90) Concurrent Select Relocation Set 25.922ms
[32.451s][info][gc,phases   ] GC(90) Pause Relocate Start 0.010ms
[32.468s][info][gc,phases   ] GC(90) Concurrent Relocate 17.184ms
[32.468s][info][gc,load     ] GC(90) Load: 0.00/0.00/0.00
[32.468s][info][gc,mmu      ] GC(90) MMU: 2ms/97.1%, 5ms/98.8%, 10ms/99.3%, 20ms/99.7%, 50ms/99.8%, 100ms/99.9%
[32.468s][info][gc,marking  ] GC(90) Mark: 8 stripe(s), 4 proactive flush(es), 1 terminate flush(es), 0 completion(s), 0 continuation(s) 
[32.468s][info][gc,marking  ] GC(90) Mark Stack Usage: 32M
[32.468s][info][gc,nmethod  ] GC(90) NMethods: 7118 registered, 722 unregistered
[32.468s][info][gc,metaspace] GC(90) Metaspace: 63M used, 64M committed, 1088M reserved
[32.468s][info][gc,ref      ] GC(90) Soft: 3284 encountered, 0 discovered, 0 enqueued
[32.468s][info][gc,ref      ] GC(90) Weak: 6118 encountered, 2764 discovered, 0 enqueued
[32.468s][info][gc,ref      ] GC(90) Final: 62 encountered, 60 discovered, 0 enqueued
[32.469s][info][gc,ref      ] GC(90) Phantom: 621 encountered, 510 discovered, 0 enqueued
[32.469s][info][gc,reloc    ] GC(90) Small Pages: 259 / 518M, Empty: 0M, Relocated: 20M, In-Place: 0
[32.469s][info][gc,reloc    ] GC(90) Medium Pages: 1 / 32M, Empty: 0M, Relocated: 0M, In-Place: 0
[32.469s][info][gc,reloc    ] GC(90) Large Pages: 4 / 24M, Empty: 0M, Relocated: 0M, In-Place: 0
[32.469s][info][gc,reloc    ] GC(90) Forwarding Usage: 20M
[32.469s][info][gc,heap     ] GC(90) Min Capacity: 8M(1%)
[32.469s][info][gc,heap     ] GC(90) Max Capacity: 1024M(100%)
[32.469s][info][gc,heap     ] GC(90) Soft Max Capacity: 1024M(100%)
[32.469s][info][gc,heap     ] GC(90)                Mark Start          Mark End        Relocate Start      Relocate End           High               Low         
[32.469s][info][gc,heap     ] GC(90)  Capacity:     1024M (100%)       1024M (100%)       1024M (100%)       1024M (100%)       1024M (100%)       1024M (100%)   
[32.469s][info][gc,heap     ] GC(90)      Free:      450M (44%)         226M (22%)         190M (19%)         478M (47%)         482M (47%)         172M (17%)    
[32.469s][info][gc,heap     ] GC(90)      Used:      574M (56%)         798M (78%)         834M (81%)         546M (53%)         852M (83%)         542M (53%)    
[32.469s][info][gc,heap     ] GC(90)      Live:         -               225M (22%)         225M (22%)         225M (22%)            -                  -          
[32.469s][info][gc,heap     ] GC(90) Allocated:         -               224M (22%)         260M (25%)         279M (27%)            -                  -          
[32.469s][info][gc,heap     ] GC(90)   Garbage:         -               348M (34%)         348M (34%)          40M (4%)             -                  -          
[32.469s][info][gc,heap     ] GC(90) Reclaimed:         -                  -                 0M (0%)          307M (30%)            -                  -          
[32.469s][info][gc          ] GC(90) Garbage Collection (Allocation Rate) 574M(56%)->546M(53%)
[32.516s][info][gc,start    ] GC(91) Garbage Collection (Allocation Rate)
[32.516s][info][gc,task     ] GC(91) Using 10 workers
[32.517s][info][gc,phases   ] GC(91) Pause Mark Start 0.020ms
[32.657s][info][gc,phases   ] GC(91) Concurrent Mark 140.239ms
[32.657s][info][gc,phases   ] GC(91) Pause Mark End 0.028ms
[32.657s][info][gc,phases   ] GC(91) Concurrent Mark Free 0.001ms
[32.660s][info][gc,phases   ] GC(91) Concurrent Process Non-Strong References 2.447ms
[32.660s][info][gc,phases   ] GC(91) Concurrent Reset Relocation Set 0.034ms
[32.663s][info][gc,phases   ] GC(91) Concurrent Select Relocation Set 3.201ms
[32.663s][info][gc,phases   ] GC(91) Pause Relocate Start 0.008ms
[32.678s][info][gc,phases   ] GC(91) Concurrent Relocate 14.606ms
[32.678s][info][gc,load     ] GC(91) Load: 0.00/0.00/0.00
[32.678s][info][gc,mmu      ] GC(91) MMU: 2ms/97.1%, 5ms/98.8%, 10ms/99.3%, 20ms/99.7%, 50ms/99.8%, 100ms/99.9%
[32.678s][info][gc,marking  ] GC(91) Mark: 8 stripe(s), 3 proactive flush(es), 1 terminate flush(es), 0 completion(s), 0 continuation(s) 
[32.678s][info][gc,marking  ] GC(91) Mark Stack Usage: 32M
[32.678s][info][gc,nmethod  ] GC(91) NMethods: 7120 registered, 722 unregistered
[32.678s][info][gc,metaspace] GC(91) Metaspace: 63M used, 64M committed, 1088M reserved
[32.678s][info][gc,ref      ] GC(91) Soft: 3284 encountered, 0 discovered, 0 enqueued
[32.678s][info][gc,ref      ] GC(91) Weak: 6118 encountered, 1846 discovered, 0 enqueued
[32.678s][info][gc,ref      ] GC(91) Final: 62 encountered, 24 discovered, 0 enqueued
[32.678s][info][gc,ref      ] GC(91) Phantom: 620 encountered, 507 discovered, 0 enqueued
[32.678s][info][gc,reloc    ] GC(91) Small Pages: 277 / 554M, Empty: 0M, Relocated: 20M, In-Place: 0
[32.678s][info][gc,reloc    ] GC(91) Medium Pages: 1 / 32M, Empty: 0M, Relocated: 0M, In-Place: 0
[32.678s][info][gc,reloc    ] GC(91) Large Pages: 6 / 44M, Empty: 0M, Relocated: 0M, In-Place: 0
[32.678s][info][gc,reloc    ] GC(91) Forwarding Usage: 19M
[32.678s][info][gc,heap     ] GC(91) Min Capacity: 8M(1%)
[32.678s][info][gc,heap     ] GC(91) Max Capacity: 1024M(100%)
[32.678s][info][gc,heap     ] GC(91) Soft Max Capacity: 1024M(100%)
[32.678s][info][gc,heap     ] GC(91)                Mark Start          Mark End        Relocate Start      Relocate End           High               Low         
[32.678s][info][gc,heap     ] GC(91)  Capacity:     1024M (100%)       1024M (100%)       1024M (100%)       1024M (100%)       1024M (100%)       1024M (100%)   
[32.678s][info][gc,heap     ] GC(91)      Free:      394M (38%)         196M (19%)         188M (18%)         492M (48%)         492M (48%)         168M (16%)    
[32.678s][info][gc,heap     ] GC(91)      Used:      630M (62%)         828M (81%)         836M (82%)         532M (52%)         856M (84%)         532M (52%)    
[32.678s][info][gc,heap     ] GC(91)      Live:         -               258M (25%)         258M (25%)         258M (25%)            -                  -          
[32.678s][info][gc,heap     ] GC(91) Allocated:         -               198M (19%)         206M (20%)         223M (22%)            -                  -          
[32.678s][info][gc,heap     ] GC(91)   Garbage:         -               371M (36%)         371M (36%)          49M (5%)             -                  -          
[32.679s][info][gc,heap     ] GC(91) Reclaimed:         -                  -                 0M (0%)          321M (31%)            -                  -          
[32.679s][info][gc          ] GC(91) Garbage Collection (Allocation Rate) 630M(62%)->532M(52%)
[32.704s][info][gc,start    ] GC(92) Garbage Collection (Allocation Rate)
[32.704s][info][gc,task     ] GC(92) Using 10 workers
[32.704s][info][gc,phases   ] GC(92) Pause Mark Start 0.010ms
[32.844s][info][gc,phases   ] GC(92) Concurrent Mark 140.322ms
[32.844s][info][gc,phases   ] GC(92) Pause Mark End 0.021ms
[32.845s][info][gc,phases   ] GC(92) Concurrent Mark Free 0.001ms
[32.846s][info][gc,phases   ] GC(92) Concurrent Process Non-Strong References 1.907ms
[32.846s][info][gc,phases   ] GC(92) Concurrent Reset Relocation Set 0.017ms
[32.850s][info][gc,phases   ] GC(92) Concurrent Select Relocation Set 3.229ms
[32.850s][info][gc,phases   ] GC(92) Pause Relocate Start 0.014ms
[32.863s][info][gc,phases   ] GC(92) Concurrent Relocate 12.613ms
[32.863s][info][gc,load     ] GC(92) Load: 0.00/0.00/0.00
[32.863s][info][gc,mmu      ] GC(92) MMU: 2ms/97.1%, 5ms/98.8%, 10ms/99.3%, 20ms/99.7%, 50ms/99.8%, 100ms/99.9%
[32.863s][info][gc,marking  ] GC(92) Mark: 8 stripe(s), 4 proactive flush(es), 1 terminate flush(es), 0 completion(s), 0 continuation(s) 
[32.863s][info][gc,marking  ] GC(92) Mark Stack Usage: 32M
[32.863s][info][gc,nmethod  ] GC(92) NMethods: 7121 registered, 722 unregistered
[32.863s][info][gc,metaspace] GC(92) Metaspace: 63M used, 64M committed, 1088M reserved
[32.863s][info][gc,ref      ] GC(92) Soft: 3284 encountered, 0 discovered, 0 enqueued
[32.863s][info][gc,ref      ] GC(92) Weak: 6118 encountered, 1060 discovered, 0 enqueued
[32.863s][info][gc,ref      ] GC(92) Final: 62 encountered, 41 discovered, 0 enqueued
[32.863s][info][gc,ref      ] GC(92) Phantom: 619 encountered, 499 discovered, 0 enqueued
[32.863s][info][gc,reloc    ] GC(92) Small Pages: 240 / 480M, Empty: 0M, Relocated: 17M, In-Place: 0
[32.863s][info][gc,reloc    ] GC(92) Medium Pages: 1 / 32M, Empty: 0M, Relocated: 0M, In-Place: 0
[32.863s][info][gc,reloc    ] GC(92) Large Pages: 8 / 64M, Empty: 24M, Relocated: 0M, In-Place: 0
[32.863s][info][gc,reloc    ] GC(92) Forwarding Usage: 15M
[32.863s][info][gc,heap     ] GC(92) Min Capacity: 8M(1%)
[32.863s][info][gc,heap     ] GC(92) Max Capacity: 1024M(100%)
[32.863s][info][gc,heap     ] GC(92) Soft Max Capacity: 1024M(100%)
[32.863s][info][gc,heap     ] GC(92)                Mark Start          Mark End        Relocate Start      Relocate End           High               Low         
[32.863s][info][gc,heap     ] GC(92)  Capacity:     1024M (100%)       1024M (100%)       1024M (100%)       1024M (100%)       1024M (100%)       1024M (100%)   
[32.863s][info][gc,heap     ] GC(92)      Free:      448M (44%)         166M (16%)         180M (18%)         394M (38%)         448M (44%)         158M (15%)    
[32.863s][info][gc,heap     ] GC(92)      Used:      576M (56%)         858M (84%)         844M (82%)         630M (62%)         866M (85%)         576M (56%)    
[32.863s][info][gc,heap     ] GC(92)      Live:         -               262M (26%)         262M (26%)         262M (26%)            -                  -          
[32.863s][info][gc,heap     ] GC(92) Allocated:         -               282M (28%)         292M (29%)         313M (31%)            -                  -          
[32.863s][info][gc,heap     ] GC(92)   Garbage:         -               313M (31%)         289M (28%)          53M (5%)             -                  -          
[32.863s][info][gc,heap     ] GC(92) Reclaimed:         -                  -                24M (2%)          259M (25%)            -                  -          
[32.863s][info][gc          ] GC(92) Garbage Collection (Allocation Rate) 576M(56%)->630M(62%)
[32.907s][info][gc,start    ] GC(93) Garbage Collection (Allocation Rate)
[32.907s][info][gc,task     ] GC(93) Using 10 workers
[32.907s][info][gc,phases   ] GC(93) Pause Mark Start 0.016ms
[33.071s][info][gc,phases   ] GC(93) Concurrent Mark 163.519ms
[33.071s][info][gc,phases   ] GC(93) Pause Mark End 0.023ms
[33.071s][info][gc,phases   ] GC(93) Concurrent Mark Free 0.001ms
[33.074s][info][gc,phases   ] GC(93) Concurrent Process Non-Strong References 2.589ms
[33.074s][info][gc,phases   ] GC(93) Concurrent Reset Relocation Set 0.019ms
[33.104s][info][gc,phases   ] GC(93) Concurrent Select Relocation Set 30.364ms
[33.104s][info][gc,phases   ] GC(93) Pause Relocate Start 0.012ms
[33.124s][info][gc,phases   ] GC(93) Concurrent Relocate 20.165ms
[33.124s][info][gc,load     ] GC(93) Load: 0.00/0.00/0.00
[33.124s][info][gc,mmu      ] GC(93) MMU: 2ms/97.1%, 5ms/98.8%, 10ms/99.3%, 20ms/99.7%, 50ms/99.8%, 100ms/99.9%
[33.124s][info][gc,marking  ] GC(93) Mark: 8 stripe(s), 2 proactive flush(es), 1 terminate flush(es), 0 completion(s), 0 continuation(s) 
[33.124s][info][gc,marking  ] GC(93) Mark Stack Usage: 32M
[33.124s][info][gc,nmethod  ] GC(93) NMethods: 7120 registered, 723 unregistered
[33.124s][info][gc,metaspace] GC(93) Metaspace: 63M used, 64M committed, 1088M reserved
[33.124s][info][gc,ref      ] GC(93) Soft: 3284 encountered, 0 discovered, 0 enqueued
[33.124s][info][gc,ref      ] GC(93) Weak: 6118 encountered, 2147 discovered, 0 enqueued
[33.125s][info][gc,ref      ] GC(93) Final: 62 encountered, 61 discovered, 0 enqueued
[33.125s][info][gc,ref      ] GC(93) Phantom: 620 encountered, 448 discovered, 0 enqueued
[33.125s][info][gc,reloc    ] GC(93) Small Pages: 322 / 644M, Empty: 0M, Relocated: 24M, In-Place: 7
[33.125s][info][gc,reloc    ] GC(93) Medium Pages: 1 / 32M, Empty: 0M, Relocated: 0M, In-Place: 0
[33.125s][info][gc,reloc    ] GC(93) Large Pages: 4 / 40M, Empty: 0M, Relocated: 0M, In-Place: 0
[33.125s][info][gc,reloc    ] GC(93) Forwarding Usage: 22M
[33.125s][info][gc,heap     ] GC(93) Min Capacity: 8M(1%)
[33.125s][info][gc,heap     ] GC(93) Max Capacity: 1024M(100%)
[33.125s][info][gc,heap     ] GC(93) Soft Max Capacity: 1024M(100%)
[33.125s][info][gc,heap     ] GC(93)                Mark Start          Mark End        Relocate Start      Relocate End           High               Low         
[33.125s][info][gc,heap     ] GC(93)  Capacity:     1024M (100%)       1024M (100%)       1024M (100%)       1024M (100%)       1024M (100%)       1024M (100%)   
[33.125s][info][gc,heap     ] GC(93)      Free:      308M (30%)          50M (5%)           12M (1%)          366M (36%)         376M (37%)           0M (0%)     
[33.125s][info][gc,heap     ] GC(93)      Used:      716M (70%)         974M (95%)        1012M (99%)         658M (64%)        1024M (100%)        648M (63%)    
[33.125s][info][gc,heap     ] GC(93)      Live:         -               273M (27%)         273M (27%)         273M (27%)            -                  -          
[33.125s][info][gc,heap     ] GC(93) Allocated:         -               258M (25%)         296M (29%)         321M (31%)            -                  -          
[33.125s][info][gc,heap     ] GC(93)   Garbage:         -               442M (43%)         442M (43%)          62M (6%)             -                  -          
[33.125s][info][gc,heap     ] GC(93) Reclaimed:         -                  -                 0M (0%)          379M (37%)            -                  -          
[33.125s][info][gc          ] GC(93) Garbage Collection (Allocation Rate) 716M(70%)->658M(64%)
[33.211s][info][gc,start    ] GC(94) Garbage Collection (Allocation Rate)
[33.211s][info][gc,task     ] GC(94) Using 10 workers
[33.212s][info][gc,phases   ] GC(94) Pause Mark Start 0.011ms
[33.399s][info][gc,phases   ] GC(94) Concurrent Mark 187.148ms
[33.399s][info][gc,phases   ] GC(94) Pause Mark End 0.027ms
[33.399s][info][gc,phases   ] GC(94) Concurrent Mark Free 0.001ms
[33.401s][info][gc,phases   ] GC(94) Concurrent Process Non-Strong References 2.149ms
[33.401s][info][gc,phases   ] GC(94) Concurrent Reset Relocation Set 0.036ms
[33.404s][info][gc,phases   ] GC(94) Concurrent Select Relocation Set 3.076ms
[33.404s][info][gc,phases   ] GC(94) Pause Relocate Start 0.012ms
[33.405s][info][gc          ] Allocation Stall (Executor task launch worker for task 3.0 in stage 14.0 (TID 31)) 51.879ms
[33.420s][info][gc          ] Relocation Stall (Executor task launch worker for task 2.0 in stage 14.0 (TID 30)) 15.061ms
[33.420s][info][gc          ] Relocation Stall (Executor task launch worker for task 1.0 in stage 14.0 (TID 29)) 14.959ms
[33.420s][info][gc          ] Relocation Stall (Executor task launch worker for task 0.0 in stage 14.0 (TID 28)) 15.155ms
[33.420s][info][gc          ] Allocation Stall (Executor task launch worker for task 2.0 in stage 14.0 (TID 30)) 67.454ms
[33.420s][info][gc          ] Allocation Stall (Executor task launch worker for task 1.0 in stage 14.0 (TID 29)) 67.200ms
[33.420s][info][gc          ] Allocation Stall (Executor task launch worker for task 0.0 in stage 14.0 (TID 28)) 67.595ms
[33.425s][info][gc,phases   ] GC(94) Concurrent Relocate 20.597ms
[33.425s][info][gc,load     ] GC(94) Load: 0.00/0.00/0.00
[33.425s][info][gc,mmu      ] GC(94) MMU: 2ms/97.1%, 5ms/98.8%, 10ms/99.3%, 20ms/99.7%, 50ms/99.8%, 100ms/99.9%
[33.425s][info][gc,marking  ] GC(94) Mark: 8 stripe(s), 2 proactive flush(es), 1 terminate flush(es), 0 completion(s), 0 continuation(s) 
[33.425s][info][gc,marking  ] GC(94) Mark Stack Usage: 32M
[33.425s][info][gc,nmethod  ] GC(94) NMethods: 7125 registered, 723 unregistered
[33.425s][info][gc,metaspace] GC(94) Metaspace: 63M used, 64M committed, 1088M reserved
[33.425s][info][gc,ref      ] GC(94) Soft: 3284 encountered, 0 discovered, 0 enqueued
[33.425s][info][gc,ref      ] GC(94) Weak: 6118 encountered, 900 discovered, 0 enqueued
[33.425s][info][gc,ref      ] GC(94) Final: 62 encountered, 5 discovered, 0 enqueued
[33.425s][info][gc,ref      ] GC(94) Phantom: 621 encountered, 432 discovered, 0 enqueued
[33.425s][info][gc,reloc    ] GC(94) Small Pages: 371 / 742M, Empty: 0M, Relocated: 24M, In-Place: 10
[33.425s][info][gc,reloc    ] GC(94) Medium Pages: 1 / 32M, Empty: 0M, Relocated: 0M, In-Place: 0
[33.425s][info][gc,reloc    ] GC(94) Large Pages: 4 / 40M, Empty: 0M, Relocated: 0M, In-Place: 0
[33.426s][info][gc,reloc    ] GC(94) Forwarding Usage: 21M
[33.426s][info][gc,heap     ] GC(94) Min Capacity: 8M(1%)
[33.426s][info][gc,heap     ] GC(94) Max Capacity: 1024M(100%)
[33.426s][info][gc,heap     ] GC(94) Soft Max Capacity: 1024M(100%)
[33.426s][info][gc,heap     ] GC(94)                Mark Start          Mark End        Relocate Start      Relocate End           High               Low         
[33.426s][info][gc,heap     ] GC(94)  Capacity:     1024M (100%)       1024M (100%)       1024M (100%)       1024M (100%)       1024M (100%)       1024M (100%)   
[33.426s][info][gc,heap     ] GC(94)      Free:      210M (21%)           0M (0%)            0M (0%)          456M (45%)         458M (45%)           0M (0%)     
[33.426s][info][gc,heap     ] GC(94)      Used:      814M (79%)        1024M (100%)       1024M (100%)        568M (55%)        1024M (100%)        566M (55%)    
[33.426s][info][gc,heap     ] GC(94)      Live:         -               285M (28%)         285M (28%)         285M (28%)            -                  -          
[33.426s][info][gc,heap     ] GC(94) Allocated:         -               210M (21%)         210M (21%)         219M (21%)            -                  -          
[33.426s][info][gc,heap     ] GC(94)   Garbage:         -               528M (52%)         528M (52%)          62M (6%)             -                  -          
[33.426s][info][gc,heap     ] GC(94) Reclaimed:         -                  -                 0M (0%)          465M (46%)            -                  -          
[33.426s][info][gc          ] GC(94) Garbage Collection (Allocation Rate) 814M(79%)->568M(55%)
[33.508s][info][gc,start    ] GC(95) Garbage Collection (Allocation Stall)
[33.508s][info][gc,ref      ] GC(95) Clearing All SoftReferences
[33.508s][info][gc,task     ] GC(95) Using 10 workers
[33.508s][info][gc,ref      ] GC(95) Clearing All SoftReferences
[33.508s][info][gc,phases   ] GC(95) Pause Mark Start 0.050ms
[33.672s][info][gc,phases   ] GC(95) Concurrent Mark 163.498ms
[33.672s][info][gc,phases   ] GC(95) Pause Mark End 0.022ms
[33.672s][info][gc,phases   ] GC(95) Concurrent Mark Free 0.001ms
[33.686s][info][gc,phases   ] GC(95) Concurrent Process Non-Strong References 13.820ms
[33.686s][info][gc,phases   ] GC(95) Concurrent Reset Relocation Set 0.042ms
[33.705s][info][gc,phases   ] GC(95) Concurrent Select Relocation Set 19.086ms
[33.705s][info][gc,phases   ] GC(95) Pause Relocate Start 0.013ms
[33.706s][info][gc          ] Allocation Stall (RemoteBlock-temp-file-clean-thread) 3.090ms
[33.714s][info][gc          ] Relocation Stall (Executor task launch worker for task 3.0 in stage 14.0 (TID 31)) 8.585ms
[33.714s][info][gc          ] Allocation Stall (Executor task launch worker for task 3.0 in stage 14.0 (TID 31)) 33.931ms
[33.721s][info][gc          ] Relocation Stall (Executor task launch worker for task 0.0 in stage 14.0 (TID 28)) 14.638ms
[33.721s][info][gc          ] Relocation Stall (Executor task launch worker for task 1.0 in stage 14.0 (TID 29)) 14.686ms
[33.721s][info][gc          ] Relocation Stall (Executor task launch worker for task 2.0 in stage 14.0 (TID 30)) 14.735ms
[33.721s][info][gc          ] Allocation Stall (Executor task launch worker for task 0.0 in stage 14.0 (TID 28)) 40.149ms
[33.721s][info][gc          ] Allocation Stall (Executor task launch worker for task 1.0 in stage 14.0 (TID 29)) 40.225ms
[33.721s][info][gc          ] Allocation Stall (Executor task launch worker for task 2.0 in stage 14.0 (TID 30)) 40.316ms
[33.723s][info][gc,phases   ] GC(95) Concurrent Relocate 17.980ms
[33.723s][info][gc,load     ] GC(95) Load: 0.00/0.00/0.00
[33.723s][info][gc,mmu      ] GC(95) MMU: 2ms/97.1%, 5ms/98.8%, 10ms/99.3%, 20ms/99.7%, 50ms/99.8%, 100ms/99.9%
[33.724s][info][gc,marking  ] GC(95) Mark: 8 stripe(s), 2 proactive flush(es), 1 terminate flush(es), 0 completion(s), 0 continuation(s) 
[33.724s][info][gc,marking  ] GC(95) Mark Stack Usage: 32M
[33.724s][info][gc,nmethod  ] GC(95) NMethods: 7122 registered, 734 unregistered
[33.724s][info][gc,metaspace] GC(95) Metaspace: 63M used, 64M committed, 1088M reserved
[33.724s][info][gc,ref      ] GC(95) Soft: 3168 encountered, 734 discovered, 450 enqueued
[33.724s][info][gc,ref      ] GC(95) Weak: 6025 encountered, 2446 discovered, 45 enqueued
[33.724s][info][gc,ref      ] GC(95) Final: 62 encountered, 8 discovered, 0 enqueued
[33.724s][info][gc,ref      ] GC(95) Phantom: 621 encountered, 382 discovered, 0 enqueued
[33.724s][info][gc,reloc    ] GC(95) Small Pages: 323 / 646M, Empty: 0M, Relocated: 27M, In-Place: 10
[33.724s][info][gc,reloc    ] GC(95) Medium Pages: 1 / 32M, Empty: 0M, Relocated: 0M, In-Place: 0
[33.724s][info][gc,reloc    ] GC(95) Large Pages: 4 / 40M, Empty: 0M, Relocated: 0M, In-Place: 0
[33.724s][info][gc,reloc    ] GC(95) Forwarding Usage: 23M
[33.724s][info][gc,heap     ] GC(95) Min Capacity: 8M(1%)
[33.724s][info][gc,heap     ] GC(95) Max Capacity: 1024M(100%)
[33.724s][info][gc,heap     ] GC(95) Soft Max Capacity: 1024M(100%)
[33.724s][info][gc,heap     ] GC(95)                Mark Start          Mark End        Relocate Start      Relocate End           High               Low         
[33.724s][info][gc,heap     ] GC(95)  Capacity:     1024M (100%)       1024M (100%)       1024M (100%)       1024M (100%)       1024M (100%)       1024M (100%)   
[33.724s][info][gc,heap     ] GC(95)      Free:      306M (30%)          16M (2%)            0M (0%)          358M (35%)         358M (35%)           0M (0%)     
[33.724s][info][gc,heap     ] GC(95)      Used:      718M (70%)        1008M (98%)        1024M (100%)        666M (65%)        1024M (100%)        666M (65%)    
[33.724s][info][gc,heap     ] GC(95)      Live:         -               291M (29%)         291M (29%)         291M (29%)            -                  -          
[33.724s][info][gc,heap     ] GC(95) Allocated:         -               290M (28%)         306M (30%)         311M (30%)            -                  -          
[33.724s][info][gc,heap     ] GC(95)   Garbage:         -               426M (42%)         426M (42%)          62M (6%)             -                  -          
[33.724s][info][gc,heap     ] GC(95) Reclaimed:         -                  -                 0M (0%)          363M (36%)            -                  -          
[33.724s][info][gc          ] GC(95) Garbage Collection (Allocation Stall) 718M(70%)->666M(65%)
[33.813s][info][gc,start    ] GC(96) Garbage Collection (Allocation Stall)
[33.813s][info][gc,ref      ] GC(96) Clearing All SoftReferences
[33.813s][info][gc,task     ] GC(96) Using 10 workers
[33.813s][info][gc,ref      ] GC(96) Clearing All SoftReferences
[33.813s][info][gc,phases   ] GC(96) Pause Mark Start 0.054ms
[34.000s][info][gc,phases   ] GC(96) Concurrent Mark 187.133ms
[34.000s][info][gc,phases   ] GC(96) Pause Mark End 0.023ms
[34.000s][info][gc,phases   ] GC(96) Concurrent Mark Free 0.001ms
[34.003s][info][gc,phases   ] GC(96) Concurrent Process Non-Strong References 2.565ms
[34.003s][info][gc,phases   ] GC(96) Concurrent Reset Relocation Set 0.038ms
[34.007s][info][gc,phases   ] GC(96) Concurrent Select Relocation Set 4.466ms
[34.008s][info][gc,phases   ] GC(96) Pause Relocate Start 0.012ms
[34.024s][info][gc,phases   ] GC(96) Concurrent Relocate 16.643ms
[34.024s][info][gc,load     ] GC(96) Load: 0.00/0.00/0.00
[34.024s][info][gc,mmu      ] GC(96) MMU: 2ms/97.1%, 5ms/98.8%, 10ms/99.3%, 20ms/99.7%, 50ms/99.8%, 100ms/99.9%
[34.024s][info][gc,marking  ] GC(96) Mark: 8 stripe(s), 2 proactive flush(es), 1 terminate flush(es), 0 completion(s), 0 continuation(s) 
[34.024s][info][gc,marking  ] GC(96) Mark Stack Usage: 32M
[34.024s][info][gc,nmethod  ] GC(96) NMethods: 7129 registered, 736 unregistered
[34.024s][info][gc,metaspace] GC(96) Metaspace: 63M used, 64M committed, 1088M reserved
[34.024s][info][gc,ref      ] GC(96) Soft: 2718 encountered, 282 discovered, 0 enqueued
[34.024s][info][gc,ref      ] GC(96) Weak: 5646 encountered, 702 discovered, 0 enqueued
[34.025s][info][gc,ref      ] GC(96) Final: 62 encountered, 8 discovered, 0 enqueued
[34.025s][info][gc,ref      ] GC(96) Phantom: 619 encountered, 474 discovered, 0 enqueued
[34.025s][info][gc,reloc    ] GC(96) Small Pages: 349 / 698M, Empty: 0M, Relocated: 20M, In-Place: 0
[34.025s][info][gc,reloc    ] GC(96) Medium Pages: 1 / 32M, Empty: 0M, Relocated: 0M, In-Place: 0
[34.025s][info][gc,reloc    ] GC(96) Large Pages: 4 / 40M, Empty: 0M, Relocated: 0M, In-Place: 0
[34.025s][info][gc,reloc    ] GC(96) Forwarding Usage: 18M
[34.025s][info][gc,heap     ] GC(96) Min Capacity: 8M(1%)
[34.025s][info][gc,heap     ] GC(96) Max Capacity: 1024M(100%)
[34.025s][info][gc,heap     ] GC(96) Soft Max Capacity: 1024M(100%)
[34.025s][info][gc,heap     ] GC(96)                Mark Start          Mark End        Relocate Start      Relocate End           High               Low         
[34.025s][info][gc,heap     ] GC(96)  Capacity:     1024M (100%)       1024M (100%)       1024M (100%)       1024M (100%)       1024M (100%)       1024M (100%)   
[34.025s][info][gc,heap     ] GC(96)      Free:      254M (25%)         108M (11%)         106M (10%)         508M (50%)         508M (50%)          86M (8%)     
[34.025s][info][gc,heap     ] GC(96)      Used:      770M (75%)         916M (89%)         918M (90%)         516M (50%)         938M (92%)         516M (50%)    
[34.025s][info][gc,heap     ] GC(96)      Live:         -               299M (29%)         299M (29%)         299M (29%)            -                  -          
[34.025s][info][gc,heap     ] GC(96) Allocated:         -               146M (14%)         148M (14%)         147M (14%)            -                  -          
[34.025s][info][gc,heap     ] GC(96)   Garbage:         -               470M (46%)         470M (46%)          68M (7%)             -                  -          
[34.025s][info][gc,heap     ] GC(96) Reclaimed:         -                  -                 0M (0%)          401M (39%)            -                  -          
[34.025s][info][gc          ] GC(96) Garbage Collection (Allocation Stall) 770M(75%)->516M(50%)
[34.109s][info][gc,start    ] GC(97) Garbage Collection (Allocation Rate)
[34.109s][info][gc,task     ] GC(97) Using 10 workers
[34.110s][info][gc,phases   ] GC(97) Pause Mark Start 0.015ms
[34.304s][info][gc,phases   ] GC(97) Concurrent Mark 194.632ms
[34.305s][info][gc,phases   ] GC(97) Pause Mark End 0.024ms
[34.305s][info][gc,phases   ] GC(97) Concurrent Mark Free 0.001ms
[34.308s][info][gc,phases   ] GC(97) Concurrent Process Non-Strong References 3.051ms
[34.308s][info][gc,phases   ] GC(97) Concurrent Reset Relocation Set 0.046ms
[34.316s][info][gc,phases   ] GC(97) Concurrent Select Relocation Set 8.324ms
[34.316s][info][gc,phases   ] GC(97) Pause Relocate Start 0.009ms
[34.334s][info][gc,phases   ] GC(97) Concurrent Relocate 17.664ms
[34.334s][info][gc,load     ] GC(97) Load: 0.00/0.00/0.00
[34.334s][info][gc,mmu      ] GC(97) MMU: 2ms/97.1%, 5ms/98.8%, 10ms/99.3%, 20ms/99.7%, 50ms/99.8%, 100ms/99.9%
[34.334s][info][gc,marking  ] GC(97) Mark: 8 stripe(s), 10 proactive flush(es), 2 terminate flush(es), 0 completion(s), 0 continuation(s) 
[34.334s][info][gc,marking  ] GC(97) Mark Stack Usage: 32M
[34.334s][info][gc,nmethod  ] GC(97) NMethods: 7125 registered, 742 unregistered
[34.334s][info][gc,metaspace] GC(97) Metaspace: 63M used, 64M committed, 1088M reserved
[34.334s][info][gc,ref      ] GC(97) Soft: 2718 encountered, 0 discovered, 0 enqueued
[34.334s][info][gc,ref      ] GC(97) Weak: 5646 encountered, 2838 discovered, 0 enqueued
[34.334s][info][gc,ref      ] GC(97) Final: 62 encountered, 0 discovered, 0 enqueued
[34.335s][info][gc,ref      ] GC(97) Phantom: 617 encountered, 497 discovered, 0 enqueued
[34.335s][info][gc,reloc    ] GC(97) Small Pages: 206 / 412M, Empty: 0M, Relocated: 10M, In-Place: 0
[34.335s][info][gc,reloc    ] GC(97) Medium Pages: 2 / 64M, Empty: 0M, Relocated: 14M, In-Place: 0
[34.335s][info][gc,reloc    ] GC(97) Large Pages: 4 / 40M, Empty: 0M, Relocated: 0M, In-Place: 0
[34.335s][info][gc,reloc    ] GC(97) Forwarding Usage: 9M
[34.335s][info][gc,heap     ] GC(97) Min Capacity: 8M(1%)
[34.335s][info][gc,heap     ] GC(97) Max Capacity: 1024M(100%)
[34.335s][info][gc,heap     ] GC(97) Soft Max Capacity: 1024M(100%)
[34.335s][info][gc,heap     ] GC(97)                Mark Start          Mark End        Relocate Start      Relocate End           High               Low         
[34.335s][info][gc,heap     ] GC(97)  Capacity:     1024M (100%)       1024M (100%)       1024M (100%)       1024M (100%)       1024M (100%)       1024M (100%)   
[34.335s][info][gc,heap     ] GC(97)      Free:      508M (50%)         474M (46%)         474M (46%)         620M (61%)         620M (61%)         426M (42%)    
[34.335s][info][gc,heap     ] GC(97)      Used:      516M (50%)         550M (54%)         550M (54%)         404M (39%)         598M (58%)         404M (39%)    
[34.335s][info][gc,heap     ] GC(97)      Live:         -               305M (30%)         305M (30%)         305M (30%)            -                  -          
[34.335s][info][gc,heap     ] GC(97) Allocated:         -                34M (3%)           34M (3%)           33M (3%)             -                  -          
[34.335s][info][gc,heap     ] GC(97)   Garbage:         -               210M (21%)         210M (21%)          64M (6%)             -                  -          
[34.335s][info][gc,heap     ] GC(97) Reclaimed:         -                  -                 0M (0%)          145M (14%)            -                  -          
[34.335s][info][gc          ] GC(97) Garbage Collection (Allocation Rate) 516M(50%)->404M(39%)
[34.414s][info][gc,start    ] GC(98) Garbage Collection (Allocation Rate)
[34.414s][info][gc,task     ] GC(98) Using 10 workers
[34.414s][info][gc,phases   ] GC(98) Pause Mark Start 0.017ms
[34.570s][info][gc,phases   ] GC(98) Concurrent Mark 156.024ms
[34.570s][info][gc,phases   ] GC(98) Pause Mark End 0.026ms
[34.570s][info][gc,phases   ] GC(98) Concurrent Mark Free 0.001ms
[34.573s][info][gc,phases   ] GC(98) Concurrent Process Non-Strong References 2.254ms
[34.573s][info][gc,phases   ] GC(98) Concurrent Reset Relocation Set 0.014ms
[34.576s][info][gc,phases   ] GC(98) Concurrent Select Relocation Set 3.591ms
[34.576s][info][gc,phases   ] GC(98) Pause Relocate Start 0.008ms
[34.584s][info][gc,phases   ] GC(98) Concurrent Relocate 7.470ms
[34.584s][info][gc,load     ] GC(98) Load: 0.00/0.00/0.00
[34.584s][info][gc,mmu      ] GC(98) MMU: 2ms/97.1%, 5ms/98.8%, 10ms/99.3%, 20ms/99.7%, 50ms/99.8%, 100ms/99.9%
[34.584s][info][gc,marking  ] GC(98) Mark: 8 stripe(s), 2 proactive flush(es), 1 terminate flush(es), 0 completion(s), 0 continuation(s) 
[34.584s][info][gc,marking  ] GC(98) Mark Stack Usage: 32M
[34.584s][info][gc,nmethod  ] GC(98) NMethods: 7140 registered, 744 unregistered
[34.584s][info][gc,metaspace] GC(98) Metaspace: 63M used, 64M committed, 1088M reserved
[34.584s][info][gc,ref      ] GC(98) Soft: 2718 encountered, 0 discovered, 0 enqueued
[34.584s][info][gc,ref      ] GC(98) Weak: 5646 encountered, 2782 discovered, 0 enqueued
[34.584s][info][gc,ref      ] GC(98) Final: 62 encountered, 1 discovered, 0 enqueued
[34.584s][info][gc,ref      ] GC(98) Phantom: 617 encountered, 454 discovered, 0 enqueued
[34.584s][info][gc,reloc    ] GC(98) Small Pages: 150 / 300M, Empty: 0M, Relocated: 6M, In-Place: 0
[34.584s][info][gc,reloc    ] GC(98) Medium Pages: 2 / 64M, Empty: 0M, Relocated: 19M, In-Place: 0
[34.584s][info][gc,reloc    ] GC(98) Large Pages: 4 / 40M, Empty: 0M, Relocated: 0M, In-Place: 0
[34.584s][info][gc,reloc    ] GC(98) Forwarding Usage: 5M
[34.584s][info][gc,heap     ] GC(98) Min Capacity: 8M(1%)
[34.584s][info][gc,heap     ] GC(98) Max Capacity: 1024M(100%)
[34.584s][info][gc,heap     ] GC(98) Soft Max Capacity: 1024M(100%)
[34.584s][info][gc,heap     ] GC(98)                Mark Start          Mark End        Relocate Start      Relocate End           High               Low         
[34.584s][info][gc,heap     ] GC(98)  Capacity:     1024M (100%)       1024M (100%)       1024M (100%)       1024M (100%)       1024M (100%)       1024M (100%)   
[34.584s][info][gc,heap     ] GC(98)      Free:      620M (61%)         562M (55%)         560M (55%)         590M (58%)         620M (61%)         514M (50%)    
[34.584s][info][gc,heap     ] GC(98)      Used:      404M (39%)         462M (45%)         464M (45%)         434M (42%)         510M (50%)         404M (39%)    
[34.584s][info][gc,heap     ] GC(98)      Live:         -               311M (30%)         311M (30%)         311M (30%)            -                  -          
[34.584s][info][gc,heap     ] GC(98) Allocated:         -                58M (6%)           60M (6%)           61M (6%)             -                  -          
[34.584s][info][gc,heap     ] GC(98)   Garbage:         -                92M (9%)           92M (9%)           60M (6%)             -                  -          
[34.584s][info][gc,heap     ] GC(98) Reclaimed:         -                  -                 0M (0%)           31M (3%)             -                  -          
[34.584s][info][gc          ] GC(98) Garbage Collection (Allocation Rate) 404M(39%)->434M(42%)
[34.617s][info][gc,start    ] GC(99) Garbage Collection (Allocation Rate)
[34.617s][info][gc,task     ] GC(99) Using 10 workers
[34.617s][info][gc,phases   ] GC(99) Pause Mark Start 0.015ms
[34.794s][info][gc,phases   ] GC(99) Concurrent Mark 176.999ms
[34.794s][info][gc,phases   ] GC(99) Pause Mark End 0.025ms
[34.794s][info][gc,phases   ] GC(99) Concurrent Mark Free 0.001ms
[34.796s][info][gc,phases   ] GC(99) Concurrent Process Non-Strong References 2.151ms
[34.797s][info][gc,phases   ] GC(99) Concurrent Reset Relocation Set 0.002ms
[34.799s][info][gc,phases   ] GC(99) Concurrent Select Relocation Set 2.862ms
[34.800s][info][gc,phases   ] GC(99) Pause Relocate Start 0.008ms
[34.804s][info][gc,phases   ] GC(99) Concurrent Relocate 3.940ms
[34.804s][info][gc,load     ] GC(99) Load: 0.00/0.00/0.00
[34.804s][info][gc,mmu      ] GC(99) MMU: 2ms/97.1%, 5ms/98.8%, 10ms/99.3%, 20ms/99.7%, 50ms/99.8%, 100ms/99.9%
[34.804s][info][gc,marking  ] GC(99) Mark: 8 stripe(s), 3 proactive flush(es), 1 terminate flush(es), 0 completion(s), 0 continuation(s) 
[34.804s][info][gc,marking  ] GC(99) Mark Stack Usage: 32M
[34.804s][info][gc,nmethod  ] GC(99) NMethods: 7197 registered, 751 unregistered
[34.804s][info][gc,metaspace] GC(99) Metaspace: 63M used, 64M committed, 1088M reserved
[34.804s][info][gc,ref      ] GC(99) Soft: 2809 encountered, 0 discovered, 0 enqueued
[34.804s][info][gc,ref      ] GC(99) Weak: 5798 encountered, 1421 discovered, 75 enqueued
[34.804s][info][gc,ref      ] GC(99) Final: 62 encountered, 2 discovered, 0 enqueued
[34.804s][info][gc,ref      ] GC(99) Phantom: 620 encountered, 377 discovered, 0 enqueued
[34.804s][info][gc,reloc    ] GC(99) Small Pages: 171 / 342M, Empty: 24M, Relocated: 4M, In-Place: 0
[34.804s][info][gc,reloc    ] GC(99) Medium Pages: 2 / 64M, Empty: 32M, Relocated: 0M, In-Place: 0
[34.804s][info][gc,reloc    ] GC(99) Large Pages: 4 / 40M, Empty: 0M, Relocated: 0M, In-Place: 0
[34.804s][info][gc,reloc    ] GC(99) Forwarding Usage: 3M
[34.804s][info][gc,heap     ] GC(99) Min Capacity: 8M(1%)
[34.804s][info][gc,heap     ] GC(99) Max Capacity: 1024M(100%)
[34.804s][info][gc,heap     ] GC(99) Soft Max Capacity: 1024M(100%)
[34.804s][info][gc,heap     ] GC(99)                Mark Start          Mark End        Relocate Start      Relocate End           High               Low         
[34.804s][info][gc,heap     ] GC(99)  Capacity:     1024M (100%)       1024M (100%)       1024M (100%)       1024M (100%)       1024M (100%)       1024M (100%)   
[34.804s][info][gc,heap     ] GC(99)      Free:      578M (56%)         550M (54%)         600M (59%)         606M (59%)         606M (59%)         544M (53%)    
[34.804s][info][gc,heap     ] GC(99)      Used:      446M (44%)         474M (46%)         424M (41%)         418M (41%)         480M (47%)         418M (41%)    
[34.804s][info][gc,heap     ] GC(99)      Live:         -               302M (30%)         302M (30%)         302M (30%)            -                  -          
[34.804s][info][gc,heap     ] GC(99) Allocated:         -                28M (3%)           34M (3%)           36M (4%)             -                  -          
[34.804s][info][gc,heap     ] GC(99)   Garbage:         -               143M (14%)          87M (9%)           79M (8%)             -                  -          
[34.804s][info][gc,heap     ] GC(99) Reclaimed:         -                  -                56M (5%)           64M (6%)             -                  -          
[34.804s][info][gc          ] GC(99) Garbage Collection (Allocation Rate) 446M(44%)->418M(41%)
[34.902s][info][gc,start    ] GC(100) Garbage Collection (Allocation Rate)
[34.902s][info][gc,task     ] GC(100) Using 10 workers
[34.903s][info][gc,phases   ] GC(100) Pause Mark Start 0.013ms
[34.996s][info][gc,phases   ] GC(100) Concurrent Mark 93.370ms
[34.996s][info][gc,phases   ] GC(100) Pause Mark End 0.018ms
[34.996s][info][gc,phases   ] GC(100) Concurrent Mark Free 0.001ms
[35.008s][info][gc,phases   ] GC(100) Concurrent Process Non-Strong References 12.145ms
[35.008s][info][gc,phases   ] GC(100) Concurrent Reset Relocation Set 0.004ms
[35.020s][info][gc,phases   ] GC(100) Concurrent Select Relocation Set 12.024ms
[35.021s][info][gc,phases   ] GC(100) Pause Relocate Start 0.012ms
[35.036s][info][gc,phases   ] GC(100) Concurrent Relocate 15.335ms
[35.036s][info][gc,load     ] GC(100) Load: 0.00/0.00/0.00
[35.036s][info][gc,mmu      ] GC(100) MMU: 2ms/97.1%, 5ms/98.8%, 10ms/99.3%, 20ms/99.7%, 50ms/99.8%, 100ms/99.9%
[35.036s][info][gc,marking  ] GC(100) Mark: 8 stripe(s), 2 proactive flush(es), 1 terminate flush(es), 0 completion(s), 0 continuation(s) 
[35.036s][info][gc,marking  ] GC(100) Mark Stack Usage: 32M
[35.036s][info][gc,nmethod  ] GC(100) NMethods: 7247 registered, 769 unregistered
[35.036s][info][gc,metaspace] GC(100) Metaspace: 63M used, 64M committed, 1088M reserved
[35.036s][info][gc,ref      ] GC(100) Soft: 3122 encountered, 0 discovered, 0 enqueued
[35.036s][info][gc,ref      ] GC(100) Weak: 6329 encountered, 3000 discovered, 245 enqueued
[35.036s][info][gc,ref      ] GC(100) Final: 62 encountered, 0 discovered, 0 enqueued
[35.036s][info][gc,ref      ] GC(100) Phantom: 621 encountered, 355 discovered, 0 enqueued
[35.036s][info][gc,reloc    ] GC(100) Small Pages: 221 / 442M, Empty: 110M, Relocated: 24M, In-Place: 0
[35.036s][info][gc,reloc    ] GC(100) Medium Pages: 2 / 64M, Empty: 0M, Relocated: 18M, In-Place: 0
[35.036s][info][gc,reloc    ] GC(100) Large Pages: 6 / 52M, Empty: 46M, Relocated: 0M, In-Place: 0
[35.036s][info][gc,reloc    ] GC(100) Forwarding Usage: 21M
[35.036s][info][gc,heap     ] GC(100) Min Capacity: 8M(1%)
[35.036s][info][gc,heap     ] GC(100) Max Capacity: 1024M(100%)
[35.036s][info][gc,heap     ] GC(100) Soft Max Capacity: 1024M(100%)
[35.036s][info][gc,heap     ] GC(100)                Mark Start          Mark End        Relocate Start      Relocate End           High               Low         
[35.036s][info][gc,heap     ] GC(100)  Capacity:     1024M (100%)       1024M (100%)       1024M (100%)       1024M (100%)       1024M (100%)       1024M (100%)   
[35.036s][info][gc,heap     ] GC(100)      Free:      466M (46%)         394M (38%)         528M (52%)         706M (69%)         706M (69%)         380M (37%)    
[35.036s][info][gc,heap     ] GC(100)      Used:      558M (54%)         630M (62%)         496M (48%)         318M (31%)         644M (63%)         318M (31%)    
[35.036s][info][gc,heap     ] GC(100)      Live:         -               192M (19%)         192M (19%)         192M (19%)            -                  -          
[35.036s][info][gc,heap     ] GC(100) Allocated:         -                72M (7%)           94M (9%)           95M (9%)             -                  -          
[35.036s][info][gc,heap     ] GC(100)   Garbage:         -               365M (36%)         209M (20%)          29M (3%)             -                  -          
[35.036s][info][gc,heap     ] GC(100) Reclaimed:         -                  -               156M (15%)         335M (33%)            -                  -          
[35.036s][info][gc          ] GC(100) Garbage Collection (Allocation Rate) 558M(54%)->318M(31%)
[35.105s][info][gc,start    ] GC(101) Garbage Collection (Allocation Rate)
[35.105s][info][gc,task     ] GC(101) Using 10 workers
[35.106s][info][gc,phases   ] GC(101) Pause Mark Start 0.010ms
[35.215s][info][gc,phases   ] GC(101) Concurrent Mark 108.965ms
[35.215s][info][gc,phases   ] GC(101) Pause Mark End 0.024ms
[35.215s][info][gc,phases   ] GC(101) Concurrent Mark Free 0.001ms
[35.218s][info][gc,phases   ] GC(101) Concurrent Process Non-Strong References 2.584ms
[35.218s][info][gc,phases   ] GC(101) Concurrent Reset Relocation Set 0.015ms
[35.241s][info][gc,phases   ] GC(101) Concurrent Select Relocation Set 23.574ms
[35.241s][info][gc,phases   ] GC(101) Pause Relocate Start 0.012ms
[35.262s][info][gc,phases   ] GC(101) Concurrent Relocate 20.224ms
[35.262s][info][gc,load     ] GC(101) Load: 0.00/0.00/0.00
[35.262s][info][gc,mmu      ] GC(101) MMU: 2ms/97.1%, 5ms/98.8%, 10ms/99.3%, 20ms/99.7%, 50ms/99.8%, 100ms/99.9%
[35.262s][info][gc,marking  ] GC(101) Mark: 8 stripe(s), 2 proactive flush(es), 1 terminate flush(es), 0 completion(s), 0 continuation(s) 
[35.262s][info][gc,marking  ] GC(101) Mark Stack Usage: 32M
[35.262s][info][gc,nmethod  ] GC(101) NMethods: 7249 registered, 771 unregistered
[35.262s][info][gc,metaspace] GC(101) Metaspace: 63M used, 64M committed, 1088M reserved
[35.262s][info][gc,ref      ] GC(101) Soft: 3123 encountered, 0 discovered, 0 enqueued
[35.262s][info][gc,ref      ] GC(101) Weak: 6094 encountered, 3687 discovered, 5 enqueued
[35.262s][info][gc,ref      ] GC(101) Final: 62 encountered, 2 discovered, 0 enqueued
[35.262s][info][gc,ref      ] GC(101) Phantom: 619 encountered, 396 discovered, 0 enqueued
[35.262s][info][gc,reloc    ] GC(101) Small Pages: 150 / 300M, Empty: 0M, Relocated: 24M, In-Place: 0
[35.262s][info][gc,reloc    ] GC(101) Medium Pages: 1 / 32M, Empty: 0M, Relocated: 0M, In-Place: 0
[35.262s][info][gc,reloc    ] GC(101) Large Pages: 4 / 24M, Empty: 0M, Relocated: 0M, In-Place: 0
[35.262s][info][gc,reloc    ] GC(101) Forwarding Usage: 24M
[35.262s][info][gc,heap     ] GC(101) Min Capacity: 8M(1%)
[35.262s][info][gc,heap     ] GC(101) Max Capacity: 1024M(100%)
[35.262s][info][gc,heap     ] GC(101) Soft Max Capacity: 1024M(100%)
[35.262s][info][gc,heap     ] GC(101)                Mark Start          Mark End        Relocate Start      Relocate End           High               Low         
[35.262s][info][gc,heap     ] GC(101)  Capacity:     1024M (100%)       1024M (100%)       1024M (100%)       1024M (100%)       1024M (100%)       1024M (100%)   
[35.262s][info][gc,heap     ] GC(101)      Free:      668M (65%)         454M (44%)         406M (40%)         484M (47%)         668M (65%)         386M (38%)    
[35.262s][info][gc,heap     ] GC(101)      Used:      356M (35%)         570M (56%)         618M (60%)         540M (53%)         638M (62%)         356M (35%)    
[35.262s][info][gc,heap     ] GC(101)      Live:         -               213M (21%)         213M (21%)         213M (21%)            -                  -          
[35.262s][info][gc,heap     ] GC(101) Allocated:         -               214M (21%)         262M (26%)         285M (28%)            -                  -          
[35.262s][info][gc,heap     ] GC(101)   Garbage:         -               142M (14%)         142M (14%)          41M (4%)             -                  -          
[35.262s][info][gc,heap     ] GC(101) Reclaimed:         -                  -                 0M (0%)          101M (10%)            -                  -          
[35.262s][info][gc          ] GC(101) Garbage Collection (Allocation Rate) 356M(35%)->540M(53%)
[35.308s][info][gc,start    ] GC(102) Garbage Collection (Allocation Rate)
[35.309s][info][gc,task     ] GC(102) Using 10 workers
[35.309s][info][gc,phases   ] GC(102) Pause Mark Start 0.016ms
[35.444s][info][gc,phases   ] GC(102) Concurrent Mark 135.283ms
[35.444s][info][gc,phases   ] GC(102) Pause Mark End 0.019ms
[35.444s][info][gc,phases   ] GC(102) Concurrent Mark Free 0.001ms
[35.447s][info][gc,phases   ] GC(102) Concurrent Process Non-Strong References 2.277ms
[35.447s][info][gc,phases   ] GC(102) Concurrent Reset Relocation Set 0.014ms
[35.477s][info][gc,phases   ] GC(102) Concurrent Select Relocation Set 30.126ms
[35.477s][info][gc,phases   ] GC(102) Pause Relocate Start 0.012ms
[35.513s][info][gc,phases   ] GC(102) Concurrent Relocate 36.018ms
[35.513s][info][gc,load     ] GC(102) Load: 0.00/0.00/0.00
[35.513s][info][gc,mmu      ] GC(102) MMU: 2ms/97.1%, 5ms/98.8%, 10ms/99.3%, 20ms/99.7%, 50ms/99.8%, 100ms/99.9%
[35.513s][info][gc,marking  ] GC(102) Mark: 8 stripe(s), 2 proactive flush(es), 1 terminate flush(es), 0 completion(s), 0 continuation(s) 
[35.513s][info][gc,marking  ] GC(102) Mark Stack Usage: 32M
[35.513s][info][gc,nmethod  ] GC(102) NMethods: 7255 registered, 771 unregistered
[35.513s][info][gc,metaspace] GC(102) Metaspace: 63M used, 64M committed, 1088M reserved
[35.513s][info][gc,ref      ] GC(102) Soft: 3126 encountered, 0 discovered, 0 enqueued
[35.513s][info][gc,ref      ] GC(102) Weak: 6089 encountered, 326 discovered, 0 enqueued
[35.513s][info][gc,ref      ] GC(102) Final: 62 encountered, 0 discovered, 0 enqueued
[35.513s][info][gc,ref      ] GC(102) Phantom: 621 encountered, 548 discovered, 0 enqueued
[35.513s][info][gc,reloc    ] GC(102) Small Pages: 229 / 458M, Empty: 2M, Relocated: 76M, In-Place: 0
[35.513s][info][gc,reloc    ] GC(102) Medium Pages: 2 / 64M, Empty: 32M, Relocated: 0M, In-Place: 0
[35.513s][info][gc,reloc    ] GC(102) Large Pages: 8 / 48M, Empty: 0M, Relocated: 0M, In-Place: 0
[35.513s][info][gc,reloc    ] GC(102) Forwarding Usage: 45M
[35.514s][info][gc,heap     ] GC(102) Min Capacity: 8M(1%)
[35.514s][info][gc,heap     ] GC(102) Max Capacity: 1024M(100%)
[35.514s][info][gc,heap     ] GC(102) Soft Max Capacity: 1024M(100%)
[35.514s][info][gc,heap     ] GC(102)                Mark Start          Mark End        Relocate Start      Relocate End           High               Low         
[35.514s][info][gc,heap     ] GC(102)  Capacity:     1024M (100%)       1024M (100%)       1024M (100%)       1024M (100%)       1024M (100%)       1024M (100%)   
[35.514s][info][gc,heap     ] GC(102)      Free:      454M (44%)         344M (34%)         312M (30%)         438M (43%)         454M (44%)         292M (29%)    
[35.514s][info][gc,heap     ] GC(102)      Used:      570M (56%)         680M (66%)         712M (70%)         586M (57%)         732M (71%)         570M (56%)    
[35.514s][info][gc,heap     ] GC(102)      Live:         -               302M (30%)         302M (30%)         302M (30%)            -                  -          
[35.514s][info][gc,heap     ] GC(102) Allocated:         -               110M (11%)         176M (17%)         236M (23%)            -                  -          
[35.514s][info][gc,heap     ] GC(102)   Garbage:         -               267M (26%)         233M (23%)          46M (5%)             -                  -          
[35.514s][info][gc,heap     ] GC(102) Reclaimed:         -                  -                34M (3%)          220M (22%)            -                  -          
[35.514s][info][gc          ] GC(102) Garbage Collection (Allocation Rate) 570M(56%)->586M(57%)
[35.616s][info][gc,start    ] GC(103) Garbage Collection (Allocation Rate)
[35.616s][info][gc,task     ] GC(103) Using 10 workers
[35.616s][info][gc,phases   ] GC(103) Pause Mark Start 0.017ms
[35.757s][info][gc,phases   ] GC(103) Concurrent Mark 140.194ms
[35.757s][info][gc,phases   ] GC(103) Pause Mark End 0.018ms
[35.757s][info][gc,phases   ] GC(103) Concurrent Mark Free 0.001ms
[35.759s][info][gc,phases   ] GC(103) Concurrent Process Non-Strong References 2.128ms
[35.759s][info][gc,phases   ] GC(103) Concurrent Reset Relocation Set 0.027ms
[35.762s][info][gc          ] Allocation Stall (Executor task launch worker for task 0.0 in stage 15.0 (TID 32)) 34.882ms
[35.762s][info][gc          ] Allocation Stall (Executor task launch worker for task 3.0 in stage 15.0 (TID 35)) 36.358ms
[35.762s][info][gc          ] Allocation Stall (Executor task launch worker for task 2.0 in stage 15.0 (TID 34)) 33.840ms
[35.762s][info][gc          ] Allocation Stall (Executor task launch worker for task 1.0 in stage 15.0 (TID 33)) 34.049ms
[35.766s][info][gc,phases   ] GC(103) Concurrent Select Relocation Set 6.725ms
[35.766s][info][gc,phases   ] GC(103) Pause Relocate Start 0.009ms
[35.792s][info][gc,phases   ] GC(103) Concurrent Relocate 26.335ms
[35.792s][info][gc,load     ] GC(103) Load: 0.00/0.00/0.00
[35.792s][info][gc,mmu      ] GC(103) MMU: 2ms/97.1%, 5ms/98.8%, 10ms/99.3%, 20ms/99.7%, 50ms/99.8%, 100ms/99.9%
[35.792s][info][gc,marking  ] GC(103) Mark: 8 stripe(s), 2 proactive flush(es), 1 terminate flush(es), 0 completion(s), 0 continuation(s) 
[35.792s][info][gc,marking  ] GC(103) Mark Stack Usage: 32M
[35.793s][info][gc,nmethod  ] GC(103) NMethods: 7258 registered, 773 unregistered
[35.793s][info][gc,metaspace] GC(103) Metaspace: 63M used, 64M committed, 1088M reserved
[35.793s][info][gc,ref      ] GC(103) Soft: 3126 encountered, 0 discovered, 0 enqueued
[35.793s][info][gc,ref      ] GC(103) Weak: 6089 encountered, 1227 discovered, 0 enqueued
[35.793s][info][gc,ref      ] GC(103) Final: 62 encountered, 2 discovered, 0 enqueued
[35.793s][info][gc,ref      ] GC(103) Phantom: 618 encountered, 437 discovered, 0 enqueued
[35.793s][info][gc,reloc    ] GC(103) Small Pages: 354 / 708M, Empty: 16M, Relocated: 45M, In-Place: 5
[35.793s][info][gc,reloc    ] GC(103) Medium Pages: 2 / 64M, Empty: 0M, Relocated: 13M, In-Place: 0
[35.793s][info][gc,reloc    ] GC(103) Large Pages: 8 / 48M, Empty: 24M, Relocated: 0M, In-Place: 0
[35.793s][info][gc,reloc    ] GC(103) Forwarding Usage: 29M
[35.793s][info][gc,heap     ] GC(103) Min Capacity: 8M(1%)
[35.793s][info][gc,heap     ] GC(103) Max Capacity: 1024M(100%)
[35.793s][info][gc,heap     ] GC(103) Soft Max Capacity: 1024M(100%)
[35.793s][info][gc,heap     ] GC(103)                Mark Start          Mark End        Relocate Start      Relocate End           High               Low         
[35.793s][info][gc,heap     ] GC(103)  Capacity:     1024M (100%)       1024M (100%)       1024M (100%)       1024M (100%)       1024M (100%)       1024M (100%)   
[35.793s][info][gc,heap     ] GC(103)      Free:      204M (20%)           0M (0%)           38M (4%)          470M (46%)         470M (46%)           0M (0%)     
[35.793s][info][gc,heap     ] GC(103)      Used:      820M (80%)        1024M (100%)        986M (96%)         554M (54%)        1024M (100%)        554M (54%)    
[35.793s][info][gc,heap     ] GC(103)      Live:         -               292M (29%)         292M (29%)         292M (29%)            -                  -          
[35.793s][info][gc,heap     ] GC(103) Allocated:         -               204M (20%)         206M (20%)         213M (21%)            -                  -          
[35.793s][info][gc,heap     ] GC(103)   Garbage:         -               527M (52%)         487M (48%)          47M (5%)             -                  -          
[35.793s][info][gc,heap     ] GC(103) Reclaimed:         -                  -                40M (4%)          479M (47%)            -                  -          
[35.793s][info][gc          ] GC(103) Garbage Collection (Allocation Rate) 820M(80%)->554M(54%)
[35.803s][info][gc,start    ] GC(104) Garbage Collection (Allocation Stall)
[35.803s][info][gc,ref      ] GC(104) Clearing All SoftReferences
[35.803s][info][gc,task     ] GC(104) Using 10 workers
[35.804s][info][gc,ref      ] GC(104) Clearing All SoftReferences
[35.804s][info][gc,phases   ] GC(104) Pause Mark Start 0.070ms
[35.928s][info][gc,phases   ] GC(104) Concurrent Mark 124.626ms
[35.928s][info][gc,phases   ] GC(104) Pause Mark End 0.018ms
[35.929s][info][gc,phases   ] GC(104) Concurrent Mark Free 0.001ms
[35.941s][info][gc,phases   ] GC(104) Concurrent Process Non-Strong References 12.114ms
[35.941s][info][gc,phases   ] GC(104) Concurrent Reset Relocation Set 0.044ms
[35.945s][info][gc,phases   ] GC(104) Concurrent Select Relocation Set 4.352ms
[35.945s][info][gc,phases   ] GC(104) Pause Relocate Start 0.009ms
[35.957s][info][gc,phases   ] GC(104) Concurrent Relocate 11.914ms
[35.957s][info][gc,load     ] GC(104) Load: 0.00/0.00/0.00
[35.957s][info][gc,mmu      ] GC(104) MMU: 2ms/96.5%, 5ms/98.6%, 10ms/99.3%, 20ms/99.6%, 50ms/99.8%, 100ms/99.9%
[35.957s][info][gc,marking  ] GC(104) Mark: 8 stripe(s), 2 proactive flush(es), 1 terminate flush(es), 0 completion(s), 0 continuation(s) 
[35.957s][info][gc,marking  ] GC(104) Mark Stack Usage: 32M
[35.957s][info][gc,nmethod  ] GC(104) NMethods: 7260 registered, 775 unregistered
[35.957s][info][gc,metaspace] GC(104) Metaspace: 63M used, 64M committed, 1088M reserved
[35.957s][info][gc,ref      ] GC(104) Soft: 3044 encountered, 662 discovered, 333 enqueued
[35.957s][info][gc,ref      ] GC(104) Weak: 6017 encountered, 632 discovered, 33 enqueued
[35.957s][info][gc,ref      ] GC(104) Final: 62 encountered, 2 discovered, 0 enqueued
[35.957s][info][gc,ref      ] GC(104) Phantom: 620 encountered, 601 discovered, 0 enqueued
[35.957s][info][gc,reloc    ] GC(104) Small Pages: 236 / 472M, Empty: 0M, Relocated: 17M, In-Place: 0
[35.957s][info][gc,reloc    ] GC(104) Medium Pages: 2 / 64M, Empty: 0M, Relocated: 18M, In-Place: 0
[35.957s][info][gc,reloc    ] GC(104) Large Pages: 4 / 24M, Empty: 0M, Relocated: 0M, In-Place: 0
[35.957s][info][gc,reloc    ] GC(104) Forwarding Usage: 14M
[35.957s][info][gc,heap     ] GC(104) Min Capacity: 8M(1%)
[35.957s][info][gc,heap     ] GC(104) Max Capacity: 1024M(100%)
[35.957s][info][gc,heap     ] GC(104) Soft Max Capacity: 1024M(100%)
[35.957s][info][gc,heap     ] GC(104)                Mark Start          Mark End        Relocate Start      Relocate End           High               Low         
[35.958s][info][gc,heap     ] GC(104)  Capacity:     1024M (100%)       1024M (100%)       1024M (100%)       1024M (100%)       1024M (100%)       1024M (100%)   
[35.958s][info][gc,heap     ] GC(104)      Free:      464M (45%)         418M (41%)         414M (40%)         626M (61%)         626M (61%)         366M (36%)    
[35.958s][info][gc,heap     ] GC(104)      Used:      560M (55%)         606M (59%)         610M (60%)         398M (39%)         658M (64%)         398M (39%)    
[35.958s][info][gc,heap     ] GC(104)      Live:         -               306M (30%)         306M (30%)         306M (30%)            -                  -          
[35.958s][info][gc,heap     ] GC(104) Allocated:         -                46M (4%)           50M (5%)           51M (5%)             -                  -          
[35.958s][info][gc,heap     ] GC(104)   Garbage:         -               253M (25%)         253M (25%)          39M (4%)             -                  -          
[35.958s][info][gc,heap     ] GC(104) Reclaimed:         -                  -                 0M (0%)          213M (21%)            -                  -          
[35.958s][info][gc          ] GC(104) Garbage Collection (Allocation Stall) 560M(55%)->398M(39%)
[36.006s][info][gc,start    ] GC(105) Garbage Collection (Allocation Rate)
[36.007s][info][gc,task     ] GC(105) Using 10 workers
[36.007s][info][gc,phases   ] GC(105) Pause Mark Start 0.017ms
[36.139s][info][gc,phases   ] GC(105) Concurrent Mark 132.311ms
[36.139s][info][gc,phases   ] GC(105) Pause Mark End 0.022ms
[36.139s][info][gc,phases   ] GC(105) Concurrent Mark Free 0.001ms
[36.142s][info][gc,phases   ] GC(105) Concurrent Process Non-Strong References 2.252ms
[36.142s][info][gc,phases   ] GC(105) Concurrent Reset Relocation Set 0.014ms
[36.145s][info][gc,phases   ] GC(105) Concurrent Select Relocation Set 3.610ms
[36.145s][info][gc,phases   ] GC(105) Pause Relocate Start 0.007ms
[36.150s][info][gc,phases   ] GC(105) Concurrent Relocate 4.764ms
[36.150s][info][gc,load     ] GC(105) Load: 0.00/0.00/0.00
[36.150s][info][gc,mmu      ] GC(105) MMU: 2ms/96.5%, 5ms/98.6%, 10ms/99.3%, 20ms/99.6%, 50ms/99.8%, 100ms/99.9%
[36.150s][info][gc,marking  ] GC(105) Mark: 8 stripe(s), 2 proactive flush(es), 1 terminate flush(es), 0 completion(s), 0 continuation(s) 
[36.150s][info][gc,marking  ] GC(105) Mark Stack Usage: 32M
[36.150s][info][gc,nmethod  ] GC(105) NMethods: 7262 registered, 780 unregistered
[36.150s][info][gc,metaspace] GC(105) Metaspace: 63M used, 64M committed, 1088M reserved
[36.150s][info][gc,ref      ] GC(105) Soft: 2711 encountered, 0 discovered, 0 enqueued
[36.150s][info][gc,ref      ] GC(105) Weak: 5820 encountered, 484 discovered, 6 enqueued
[36.150s][info][gc,ref      ] GC(105) Final: 62 encountered, 1 discovered, 0 enqueued
[36.150s][info][gc,ref      ] GC(105) Phantom: 621 encountered, 531 discovered, 0 enqueued
[36.150s][info][gc,reloc    ] GC(105) Small Pages: 175 / 350M, Empty: 24M, Relocated: 5M, In-Place: 0
[36.150s][info][gc,reloc    ] GC(105) Medium Pages: 1 / 32M, Empty: 0M, Relocated: 0M, In-Place: 0
[36.150s][info][gc,reloc    ] GC(105) Large Pages: 4 / 24M, Empty: 0M, Relocated: 0M, In-Place: 0
[36.150s][info][gc,reloc    ] GC(105) Forwarding Usage: 3M
[36.150s][info][gc,heap     ] GC(105) Min Capacity: 8M(1%)
[36.151s][info][gc,heap     ] GC(105) Max Capacity: 1024M(100%)
[36.151s][info][gc,heap     ] GC(105) Soft Max Capacity: 1024M(100%)
[36.151s][info][gc,heap     ] GC(105)                Mark Start          Mark End        Relocate Start      Relocate End           High               Low         
[36.151s][info][gc,heap     ] GC(105)  Capacity:     1024M (100%)       1024M (100%)       1024M (100%)       1024M (100%)       1024M (100%)       1024M (100%)   
[36.151s][info][gc,heap     ] GC(105)      Free:      618M (60%)         572M (56%)         594M (58%)         620M (61%)         620M (61%)         570M (56%)    
[36.151s][info][gc,heap     ] GC(105)      Used:      406M (40%)         452M (44%)         430M (42%)         404M (39%)         454M (44%)         404M (39%)    
[36.151s][info][gc,heap     ] GC(105)      Live:         -               305M (30%)         305M (30%)         305M (30%)            -                  -          
[36.151s][info][gc,heap     ] GC(105) Allocated:         -                46M (4%)           48M (5%)           49M (5%)             -                  -          
[36.151s][info][gc,heap     ] GC(105)   Garbage:         -               100M (10%)          76M (7%)           48M (5%)             -                  -          
[36.151s][info][gc,heap     ] GC(105) Reclaimed:         -                  -                24M (2%)           51M (5%)             -                  -          
[36.151s][info][gc          ] GC(105) Garbage Collection (Allocation Rate) 406M(40%)->404M(39%)
[36.217s][info][gc,start    ] GC(106) Garbage Collection (Allocation Rate)
[36.217s][info][gc,task     ] GC(106) Using 10 workers
[36.217s][info][gc,phases   ] GC(106) Pause Mark Start 0.014ms
[36.342s][info][gc,phases   ] GC(106) Concurrent Mark 124.640ms
[36.342s][info][gc,phases   ] GC(106) Pause Mark End 0.018ms
[36.342s][info][gc,phases   ] GC(106) Concurrent Mark Free 0.001ms
[36.344s][info][gc,phases   ] GC(106) Concurrent Process Non-Strong References 2.050ms
[36.344s][info][gc,phases   ] GC(106) Concurrent Reset Relocation Set 0.002ms
[36.347s][info][gc,phases   ] GC(106) Concurrent Select Relocation Set 2.519ms
[36.347s][info][gc,phases   ] GC(106) Pause Relocate Start 0.008ms
[36.351s][info][gc,phases   ] GC(106) Concurrent Relocate 3.601ms
[36.351s][info][gc,load     ] GC(106) Load: 0.00/0.00/0.00
[36.351s][info][gc,mmu      ] GC(106) MMU: 2ms/96.5%, 5ms/98.6%, 10ms/99.3%, 20ms/99.6%, 50ms/99.8%, 100ms/99.9%
[36.351s][info][gc,marking  ] GC(106) Mark: 8 stripe(s), 2 proactive flush(es), 1 terminate flush(es), 0 completion(s), 0 continuation(s) 
[36.351s][info][gc,marking  ] GC(106) Mark Stack Usage: 32M
[36.351s][info][gc,nmethod  ] GC(106) NMethods: 7264 registered, 782 unregistered
[36.351s][info][gc,metaspace] GC(106) Metaspace: 63M used, 64M committed, 1088M reserved
[36.351s][info][gc,ref      ] GC(106) Soft: 2711 encountered, 0 discovered, 0 enqueued
[36.351s][info][gc,ref      ] GC(106) Weak: 5791 encountered, 546 discovered, 0 enqueued
[36.351s][info][gc,ref      ] GC(106) Final: 62 encountered, 1 discovered, 0 enqueued
[36.351s][info][gc,ref      ] GC(106) Phantom: 621 encountered, 370 discovered, 0 enqueued
[36.351s][info][gc,reloc    ] GC(106) Small Pages: 187 / 374M, Empty: 36M, Relocated: 5M, In-Place: 0
[36.351s][info][gc,reloc    ] GC(106) Medium Pages: 1 / 32M, Empty: 0M, Relocated: 0M, In-Place: 0
[36.351s][info][gc,reloc    ] GC(106) Large Pages: 4 / 24M, Empty: 0M, Relocated: 0M, In-Place: 0
[36.351s][info][gc,reloc    ] GC(106) Forwarding Usage: 3M
[36.351s][info][gc,heap     ] GC(106) Min Capacity: 8M(1%)
[36.351s][info][gc,heap     ] GC(106) Max Capacity: 1024M(100%)
[36.351s][info][gc,heap     ] GC(106) Soft Max Capacity: 1024M(100%)
[36.351s][info][gc,heap     ] GC(106)                Mark Start          Mark End        Relocate Start      Relocate End           High               Low         
[36.351s][info][gc,heap     ] GC(106)  Capacity:     1024M (100%)       1024M (100%)       1024M (100%)       1024M (100%)       1024M (100%)       1024M (100%)   
[36.351s][info][gc,heap     ] GC(106)      Free:      594M (58%)         516M (50%)         548M (54%)         586M (57%)         594M (58%)         512M (50%)    
[36.351s][info][gc,heap     ] GC(106)      Used:      430M (42%)         508M (50%)         476M (46%)         438M (43%)         512M (50%)         430M (42%)    
[36.351s][info][gc,heap     ] GC(106)      Live:         -               305M (30%)         305M (30%)         305M (30%)            -                  -          
[36.351s][info][gc,heap     ] GC(106) Allocated:         -                78M (8%)           82M (8%)           83M (8%)             -                  -          
[36.351s][info][gc,heap     ] GC(106)   Garbage:         -               124M (12%)          88M (9%)           48M (5%)             -                  -          
[36.351s][info][gc,heap     ] GC(106) Reclaimed:         -                  -                36M (4%)           75M (7%)             -                  -          
[36.351s][info][gc          ] GC(106) Garbage Collection (Allocation Rate) 430M(42%)->438M(43%)
[36.405s][info][gc,start    ] GC(107) Garbage Collection (Allocation Rate)
[36.405s][info][gc,task     ] GC(107) Using 10 workers
[36.405s][info][gc,phases   ] GC(107) Pause Mark Start 0.016ms
[36.498s][info][gc,phases   ] GC(107) Concurrent Mark 93.340ms
[36.499s][info][gc,phases   ] GC(107) Pause Mark End 0.015ms
[36.499s][info][gc,phases   ] GC(107) Concurrent Mark Free 0.001ms
[36.501s][info][gc,phases   ] GC(107) Concurrent Process Non-Strong References 1.895ms
[36.501s][info][gc,phases   ] GC(107) Concurrent Reset Relocation Set 0.002ms
[36.511s][info][gc,phases   ] GC(107) Concurrent Select Relocation Set 10.166ms
[36.511s][info][gc,phases   ] GC(107) Pause Relocate Start 0.008ms
[36.526s][info][gc,phases   ] GC(107) Concurrent Relocate 15.216ms
[36.526s][info][gc,load     ] GC(107) Load: 0.00/0.00/0.00
[36.526s][info][gc,mmu      ] GC(107) MMU: 2ms/96.5%, 5ms/98.6%, 10ms/99.3%, 20ms/99.6%, 50ms/99.8%, 100ms/99.9%
[36.526s][info][gc,marking  ] GC(107) Mark: 8 stripe(s), 2 proactive flush(es), 1 terminate flush(es), 0 completion(s), 0 continuation(s) 
[36.526s][info][gc,marking  ] GC(107) Mark Stack Usage: 32M
[36.526s][info][gc,nmethod  ] GC(107) NMethods: 7269 registered, 784 unregistered
[36.526s][info][gc,metaspace] GC(107) Metaspace: 63M used, 64M committed, 1088M reserved
[36.526s][info][gc,ref      ] GC(107) Soft: 2721 encountered, 0 discovered, 0 enqueued
[36.526s][info][gc,ref      ] GC(107) Weak: 5723 encountered, 218 discovered, 0 enqueued
[36.526s][info][gc,ref      ] GC(107) Final: 62 encountered, 0 discovered, 0 enqueued
[36.526s][info][gc,ref      ] GC(107) Phantom: 620 encountered, 607 discovered, 0 enqueued
[36.526s][info][gc,reloc    ] GC(107) Small Pages: 215 / 430M, Empty: 14M, Relocated: 36M, In-Place: 0
[36.526s][info][gc,reloc    ] GC(107) Medium Pages: 2 / 64M, Empty: 0M, Relocated: 16M, In-Place: 0
[36.526s][info][gc,reloc    ] GC(107) Large Pages: 5 / 30M, Empty: 18M, Relocated: 0M, In-Place: 0
[36.526s][info][gc,reloc    ] GC(107) Forwarding Usage: 24M
[36.526s][info][gc,heap     ] GC(107) Min Capacity: 8M(1%)
[36.526s][info][gc,heap     ] GC(107) Max Capacity: 1024M(100%)
[36.526s][info][gc,heap     ] GC(107) Soft Max Capacity: 1024M(100%)
[36.526s][info][gc,heap     ] GC(107)                Mark Start          Mark End        Relocate Start      Relocate End           High               Low         
[36.526s][info][gc,heap     ] GC(107)  Capacity:     1024M (100%)       1024M (100%)       1024M (100%)       1024M (100%)       1024M (100%)       1024M (100%)   
[36.526s][info][gc,heap     ] GC(107)      Free:      500M (49%)         304M (30%)         318M (31%)         490M (48%)         500M (49%)         226M (22%)    
[36.526s][info][gc,heap     ] GC(107)      Used:      524M (51%)         720M (70%)         706M (69%)         534M (52%)         798M (78%)         524M (51%)    
[36.526s][info][gc,heap     ] GC(107)      Live:         -               223M (22%)         223M (22%)         223M (22%)            -                  -          
[36.526s][info][gc,heap     ] GC(107) Allocated:         -               196M (19%)         214M (21%)         267M (26%)            -                  -          
[36.526s][info][gc,heap     ] GC(107)   Garbage:         -               300M (29%)         268M (26%)          42M (4%)             -                  -          
[36.526s][info][gc,heap     ] GC(107) Reclaimed:         -                  -                32M (3%)          257M (25%)            -                  -          
[36.526s][info][gc          ] GC(107) Garbage Collection (Allocation Rate) 524M(51%)->534M(52%)
[36.602s][info][gc,start    ] GC(108) Garbage Collection (Allocation Rate)
[36.603s][info][gc,task     ] GC(108) Using 10 workers
[36.603s][info][gc,phases   ] GC(108) Pause Mark Start 0.018ms
[36.724s][info][gc,phases   ] GC(108) Concurrent Mark 121.490ms
[36.724s][info][gc,phases   ] GC(108) Pause Mark End 0.018ms
[36.724s][info][gc,phases   ] GC(108) Concurrent Mark Free 0.001ms
[36.727s][info][gc,phases   ] GC(108) Concurrent Process Non-Strong References 2.135ms
[36.727s][info][gc,phases   ] GC(108) Concurrent Reset Relocation Set 0.023ms
[36.756s][info][gc,phases   ] GC(108) Concurrent Select Relocation Set 29.728ms
[36.757s][info][gc,phases   ] GC(108) Pause Relocate Start 0.010ms
[36.782s][info][gc,phases   ] GC(108) Concurrent Relocate 25.437ms
[36.782s][info][gc,load     ] GC(108) Load: 0.00/0.00/0.00
[36.782s][info][gc,mmu      ] GC(108) MMU: 2ms/96.5%, 5ms/98.6%, 10ms/99.3%, 20ms/99.6%, 50ms/99.8%, 100ms/99.9%
[36.782s][info][gc,marking  ] GC(108) Mark: 8 stripe(s), 2 proactive flush(es), 1 terminate flush(es), 0 completion(s), 0 continuation(s) 
[36.782s][info][gc,marking  ] GC(108) Mark Stack Usage: 32M
[36.782s][info][gc,nmethod  ] GC(108) NMethods: 7268 registered, 785 unregistered
[36.782s][info][gc,metaspace] GC(108) Metaspace: 63M used, 64M committed, 1088M reserved
[36.782s][info][gc,ref      ] GC(108) Soft: 2721 encountered, 0 discovered, 0 enqueued
[36.782s][info][gc,ref      ] GC(108) Weak: 5723 encountered, 1158 discovered, 0 enqueued
[36.782s][info][gc,ref      ] GC(108) Final: 62 encountered, 3 discovered, 0 enqueued
[36.782s][info][gc,ref      ] GC(108) Phantom: 621 encountered, 552 discovered, 0 enqueued
[36.782s][info][gc,reloc    ] GC(108) Small Pages: 282 / 564M, Empty: 6M, Relocated: 32M, In-Place: 0
[36.782s][info][gc,reloc    ] GC(108) Medium Pages: 2 / 64M, Empty: 32M, Relocated: 0M, In-Place: 0
[36.782s][info][gc,reloc    ] GC(108) Large Pages: 5 / 30M, Empty: 6M, Relocated: 0M, In-Place: 0
[36.782s][info][gc,reloc    ] GC(108) Forwarding Usage: 32M
[36.782s][info][gc,heap     ] GC(108) Min Capacity: 8M(1%)
[36.782s][info][gc,heap     ] GC(108) Max Capacity: 1024M(100%)
[36.783s][info][gc,heap     ] GC(108) Soft Max Capacity: 1024M(100%)
[36.783s][info][gc,heap     ] GC(108)                Mark Start          Mark End        Relocate Start      Relocate End           High               Low         
[36.783s][info][gc,heap     ] GC(108)  Capacity:     1024M (100%)       1024M (100%)       1024M (100%)       1024M (100%)       1024M (100%)       1024M (100%)   
[36.783s][info][gc,heap     ] GC(108)      Free:      366M (36%)         134M (13%)         116M (11%)         438M (43%)         438M (43%)          96M (9%)     
[36.783s][info][gc,heap     ] GC(108)      Used:      658M (64%)         890M (87%)         908M (89%)         586M (57%)         928M (91%)         586M (57%)    
[36.783s][info][gc,heap     ] GC(108)      Live:         -               221M (22%)         221M (22%)         221M (22%)            -                  -          
[36.783s][info][gc,heap     ] GC(108) Allocated:         -               232M (23%)         294M (29%)         320M (31%)            -                  -          
[36.783s][info][gc,heap     ] GC(108)   Garbage:         -               436M (43%)         392M (38%)          44M (4%)             -                  -          
[36.783s][info][gc,heap     ] GC(108) Reclaimed:         -                  -                44M (4%)          392M (38%)            -                  -          
[36.783s][info][gc          ] GC(108) Garbage Collection (Allocation Rate) 658M(64%)->586M(57%)
[36.818s][info][gc,start    ] GC(109) Garbage Collection (Allocation Rate)
[36.818s][info][gc,task     ] GC(109) Using 10 workers
[36.818s][info][gc,phases   ] GC(109) Pause Mark Start 0.016ms
[36.943s][info][gc,phases   ] GC(109) Concurrent Mark 124.626ms
[36.943s][info][gc,phases   ] GC(109) Pause Mark End 0.018ms
[36.943s][info][gc,phases   ] GC(109) Concurrent Mark Free 0.001ms
[36.945s][info][gc,phases   ] GC(109) Concurrent Process Non-Strong References 2.008ms
[36.945s][info][gc,phases   ] GC(109) Concurrent Reset Relocation Set 0.033ms
[36.949s][info][gc,phases   ] GC(109) Concurrent Select Relocation Set 4.136ms
[36.949s][info][gc,phases   ] GC(109) Pause Relocate Start 0.009ms
[36.963s][info][gc,phases   ] GC(109) Concurrent Relocate 13.458ms
[36.963s][info][gc,load     ] GC(109) Load: 0.00/0.00/0.00
[36.963s][info][gc,mmu      ] GC(109) MMU: 2ms/96.5%, 5ms/98.6%, 10ms/99.3%, 20ms/99.6%, 50ms/99.8%, 100ms/99.9%
[36.963s][info][gc,marking  ] GC(109) Mark: 8 stripe(s), 3 proactive flush(es), 1 terminate flush(es), 0 completion(s), 0 continuation(s) 
[36.963s][info][gc,marking  ] GC(109) Mark Stack Usage: 32M
[36.963s][info][gc,nmethod  ] GC(109) NMethods: 7268 registered, 785 unregistered
[36.963s][info][gc,metaspace] GC(109) Metaspace: 63M used, 64M committed, 1088M reserved
[36.963s][info][gc,ref      ] GC(109) Soft: 2721 encountered, 0 discovered, 0 enqueued
[36.963s][info][gc,ref      ] GC(109) Weak: 5723 encountered, 2073 discovered, 0 enqueued
[36.963s][info][gc,ref      ] GC(109) Final: 62 encountered, 0 discovered, 0 enqueued
[36.963s][info][gc,ref      ] GC(109) Phantom: 620 encountered, 550 discovered, 0 enqueued
[36.963s][info][gc,reloc    ] GC(109) Small Pages: 284 / 568M, Empty: 0M, Relocated: 25M, In-Place: 0
[36.963s][info][gc,reloc    ] GC(109) Medium Pages: 1 / 32M, Empty: 0M, Relocated: 0M, In-Place: 0
[36.963s][info][gc,reloc    ] GC(109) Large Pages: 5 / 34M, Empty: 0M, Relocated: 0M, In-Place: 0
[36.963s][info][gc,reloc    ] GC(109) Forwarding Usage: 24M
[36.963s][info][gc,heap     ] GC(109) Min Capacity: 8M(1%)
[36.963s][info][gc,heap     ] GC(109) Max Capacity: 1024M(100%)
[36.963s][info][gc,heap     ] GC(109) Soft Max Capacity: 1024M(100%)
[36.963s][info][gc,heap     ] GC(109)                Mark Start          Mark End        Relocate Start      Relocate End           High               Low         
[36.963s][info][gc,heap     ] GC(109)  Capacity:     1024M (100%)       1024M (100%)       1024M (100%)       1024M (100%)       1024M (100%)       1024M (100%)   
[36.963s][info][gc,heap     ] GC(109)      Free:      390M (38%)         174M (17%)         164M (16%)         496M (48%)         496M (48%)         144M (14%)    
[36.963s][info][gc,heap     ] GC(109)      Used:      634M (62%)         850M (83%)         860M (84%)         528M (52%)         880M (86%)         528M (52%)    
[36.963s][info][gc,heap     ] GC(109)      Live:         -               245M (24%)         245M (24%)         245M (24%)            -                  -          
[36.963s][info][gc,heap     ] GC(109) Allocated:         -               216M (21%)         226M (22%)         239M (23%)            -                  -          
[36.963s][info][gc,heap     ] GC(109)   Garbage:         -               388M (38%)         388M (38%)          43M (4%)             -                  -          
[36.963s][info][gc,heap     ] GC(109) Reclaimed:         -                  -                 0M (0%)          345M (34%)            -                  -          
[36.963s][info][gc          ] GC(109) Garbage Collection (Allocation Rate) 634M(62%)->528M(52%)
[37.005s][info][gc,start    ] GC(110) Garbage Collection (Allocation Rate)
[37.006s][info][gc,task     ] GC(110) Using 10 workers
[37.006s][info][gc,phases   ] GC(110) Pause Mark Start 0.016ms
[37.130s][info][gc,phases   ] GC(110) Concurrent Mark 124.609ms
[37.131s][info][gc,phases   ] GC(110) Pause Mark End 0.023ms
[37.131s][info][gc,phases   ] GC(110) Concurrent Mark Free 0.001ms
[37.133s][info][gc,phases   ] GC(110) Concurrent Process Non-Strong References 2.090ms
[37.133s][info][gc,phases   ] GC(110) Concurrent Reset Relocation Set 0.025ms
[37.137s][info][gc,phases   ] GC(110) Concurrent Select Relocation Set 4.622ms
[37.137s][info][gc,phases   ] GC(110) Pause Relocate Start 0.008ms
[37.148s][info][gc,phases   ] GC(110) Concurrent Relocate 10.618ms
[37.148s][info][gc,load     ] GC(110) Load: 0.00/0.00/0.00
[37.148s][info][gc,mmu      ] GC(110) MMU: 2ms/96.5%, 5ms/98.6%, 10ms/99.3%, 20ms/99.6%, 50ms/99.8%, 100ms/99.9%
[37.148s][info][gc,marking  ] GC(110) Mark: 8 stripe(s), 2 proactive flush(es), 1 terminate flush(es), 0 completion(s), 0 continuation(s) 
[37.148s][info][gc,marking  ] GC(110) Mark Stack Usage: 32M
[37.148s][info][gc,nmethod  ] GC(110) NMethods: 7270 registered, 785 unregistered
[37.148s][info][gc,metaspace] GC(110) Metaspace: 63M used, 64M committed, 1088M reserved
[37.148s][info][gc,ref      ] GC(110) Soft: 2721 encountered, 0 discovered, 0 enqueued
[37.148s][info][gc,ref      ] GC(110) Weak: 5723 encountered, 2429 discovered, 0 enqueued
[37.148s][info][gc,ref      ] GC(110) Final: 62 encountered, 0 discovered, 0 enqueued
[37.148s][info][gc,ref      ] GC(110) Phantom: 621 encountered, 383 discovered, 0 enqueued
[37.148s][info][gc,reloc    ] GC(110) Small Pages: 249 / 498M, Empty: 0M, Relocated: 17M, In-Place: 0
[37.148s][info][gc,reloc    ] GC(110) Medium Pages: 1 / 32M, Empty: 0M, Relocated: 0M, In-Place: 0
[37.148s][info][gc,reloc    ] GC(110) Large Pages: 8 / 64M, Empty: 24M, Relocated: 0M, In-Place: 0
[37.148s][info][gc,reloc    ] GC(110) Forwarding Usage: 15M
[37.148s][info][gc,heap     ] GC(110) Min Capacity: 8M(1%)
[37.148s][info][gc,heap     ] GC(110) Max Capacity: 1024M(100%)
[37.148s][info][gc,heap     ] GC(110) Soft Max Capacity: 1024M(100%)
[37.148s][info][gc,heap     ] GC(110)                Mark Start          Mark End        Relocate Start      Relocate End           High               Low         
[37.148s][info][gc,heap     ] GC(110)  Capacity:     1024M (100%)       1024M (100%)       1024M (100%)       1024M (100%)       1024M (100%)       1024M (100%)   
[37.149s][info][gc,heap     ] GC(110)      Free:      430M (42%)         222M (22%)         232M (23%)         474M (46%)         476M (46%)         212M (21%)    
[37.149s][info][gc,heap     ] GC(110)      Used:      594M (58%)         802M (78%)         792M (77%)         550M (54%)         812M (79%)         548M (54%)    
[37.149s][info][gc,heap     ] GC(110)      Live:         -               259M (25%)         259M (25%)         259M (25%)            -                  -          
[37.149s][info][gc,heap     ] GC(110) Allocated:         -               208M (20%)         222M (22%)         239M (23%)            -                  -          
[37.149s][info][gc,heap     ] GC(110)   Garbage:         -               334M (33%)         310M (30%)          50M (5%)             -                  -          
[37.149s][info][gc,heap     ] GC(110) Reclaimed:         -                  -                24M (2%)          283M (28%)            -                  -          
[37.149s][info][gc          ] GC(110) Garbage Collection (Allocation Rate) 594M(58%)->550M(54%)
[37.203s][info][gc,start    ] GC(111) Garbage Collection (Allocation Rate)
[37.203s][info][gc,task     ] GC(111) Using 10 workers
[37.203s][info][gc,phases   ] GC(111) Pause Mark Start 0.016ms
[37.340s][info][gc,phases   ] GC(111) Concurrent Mark 137.045ms
[37.340s][info][gc,phases   ] GC(111) Pause Mark End 0.017ms
[37.341s][info][gc,phases   ] GC(111) Concurrent Mark Free 0.001ms
[37.342s][info][gc,phases   ] GC(111) Concurrent Process Non-Strong References 1.936ms
[37.343s][info][gc,phases   ] GC(111) Concurrent Reset Relocation Set 0.014ms
[37.362s][info][gc,phases   ] GC(111) Concurrent Select Relocation Set 19.861ms
[37.363s][info][gc,phases   ] GC(111) Pause Relocate Start 0.010ms
[37.381s][info][gc,phases   ] GC(111) Concurrent Relocate 18.343ms
[37.381s][info][gc,load     ] GC(111) Load: 0.00/0.00/0.00
[37.381s][info][gc,mmu      ] GC(111) MMU: 2ms/96.5%, 5ms/98.6%, 10ms/99.3%, 20ms/99.6%, 50ms/99.8%, 100ms/99.9%
[37.381s][info][gc,marking  ] GC(111) Mark: 8 stripe(s), 2 proactive flush(es), 1 terminate flush(es), 0 completion(s), 0 continuation(s) 
[37.381s][info][gc,marking  ] GC(111) Mark Stack Usage: 32M
[37.381s][info][gc,nmethod  ] GC(111) NMethods: 7270 registered, 785 unregistered
[37.381s][info][gc,metaspace] GC(111) Metaspace: 63M used, 64M committed, 1088M reserved
[37.381s][info][gc,ref      ] GC(111) Soft: 2721 encountered, 0 discovered, 0 enqueued
[37.381s][info][gc,ref      ] GC(111) Weak: 5723 encountered, 272 discovered, 0 enqueued
[37.381s][info][gc,ref      ] GC(111) Final: 62 encountered, 0 discovered, 0 enqueued
[37.381s][info][gc,ref      ] GC(111) Phantom: 621 encountered, 607 discovered, 0 enqueued
[37.381s][info][gc,reloc    ] GC(111) Small Pages: 294 / 588M, Empty: 0M, Relocated: 22M, In-Place: 0
[37.381s][info][gc,reloc    ] GC(111) Medium Pages: 1 / 32M, Empty: 0M, Relocated: 0M, In-Place: 0
[37.381s][info][gc,reloc    ] GC(111) Large Pages: 4 / 40M, Empty: 0M, Relocated: 0M, In-Place: 0
[37.381s][info][gc,reloc    ] GC(111) Forwarding Usage: 20M
[37.381s][info][gc,heap     ] GC(111) Min Capacity: 8M(1%)
[37.381s][info][gc,heap     ] GC(111) Max Capacity: 1024M(100%)
[37.381s][info][gc,heap     ] GC(111) Soft Max Capacity: 1024M(100%)
[37.381s][info][gc,heap     ] GC(111)                Mark Start          Mark End        Relocate Start      Relocate End           High               Low         
[37.381s][info][gc,heap     ] GC(111)  Capacity:     1024M (100%)       1024M (100%)       1024M (100%)       1024M (100%)       1024M (100%)       1024M (100%)   
[37.382s][info][gc,heap     ] GC(111)      Free:      364M (36%)         108M (11%)          72M (7%)          380M (37%)         390M (38%)          56M (5%)     
[37.382s][info][gc,heap     ] GC(111)      Used:      660M (64%)         916M (89%)         952M (93%)         644M (63%)         968M (95%)         634M (62%)    
[37.382s][info][gc,heap     ] GC(111)      Live:         -               269M (26%)         269M (26%)         269M (26%)            -                  -          
[37.382s][info][gc,heap     ] GC(111) Allocated:         -               256M (25%)         292M (29%)         317M (31%)            -                  -          
[37.382s][info][gc,heap     ] GC(111)   Garbage:         -               390M (38%)         390M (38%)          56M (6%)             -                  -          
[37.382s][info][gc,heap     ] GC(111) Reclaimed:         -                  -                 0M (0%)          333M (33%)            -                  -          
[37.382s][info][gc          ] GC(111) Garbage Collection (Allocation Rate) 660M(64%)->644M(63%)
[37.403s][info][gc,start    ] GC(112) Garbage Collection (Allocation Rate)
[37.403s][info][gc,task     ] GC(112) Using 10 workers
[37.403s][info][gc,phases   ] GC(112) Pause Mark Start 0.009ms
[37.559s][info][gc,phases   ] GC(112) Concurrent Mark 155.950ms
[37.559s][info][gc,phases   ] GC(112) Pause Mark End 0.019ms
[37.559s][info][gc,phases   ] GC(112) Concurrent Mark Free 0.001ms
[37.561s][info][gc,phases   ] GC(112) Concurrent Process Non-Strong References 2.107ms
[37.561s][info][gc,phases   ] GC(112) Concurrent Reset Relocation Set 0.019ms
[37.565s][info][gc,phases   ] GC(112) Concurrent Select Relocation Set 3.722ms
[37.565s][info][gc,phases   ] GC(112) Pause Relocate Start 0.009ms
[37.582s][info][gc,phases   ] GC(112) Concurrent Relocate 16.196ms
[37.582s][info][gc,load     ] GC(112) Load: 0.00/0.00/0.00
[37.582s][info][gc,mmu      ] GC(112) MMU: 2ms/96.5%, 5ms/98.6%, 10ms/99.3%, 20ms/99.6%, 50ms/99.8%, 100ms/99.9%
[37.582s][info][gc,marking  ] GC(112) Mark: 8 stripe(s), 2 proactive flush(es), 1 terminate flush(es), 0 completion(s), 0 continuation(s) 
[37.582s][info][gc,marking  ] GC(112) Mark Stack Usage: 32M
[37.582s][info][gc,nmethod  ] GC(112) NMethods: 7270 registered, 785 unregistered
[37.582s][info][gc,metaspace] GC(112) Metaspace: 63M used, 64M committed, 1088M reserved
[37.582s][info][gc,ref      ] GC(112) Soft: 2721 encountered, 0 discovered, 0 enqueued
[37.582s][info][gc,ref      ] GC(112) Weak: 5723 encountered, 1830 discovered, 0 enqueued
[37.582s][info][gc,ref      ] GC(112) Final: 62 encountered, 1 discovered, 0 enqueued
[37.582s][info][gc,ref      ] GC(112) Phantom: 621 encountered, 605 discovered, 0 enqueued
[37.582s][info][gc,reloc    ] GC(112) Small Pages: 307 / 614M, Empty: 0M, Relocated: 19M, In-Place: 0
[37.582s][info][gc,reloc    ] GC(112) Medium Pages: 1 / 32M, Empty: 0M, Relocated: 0M, In-Place: 0
[37.582s][info][gc,reloc    ] GC(112) Large Pages: 4 / 40M, Empty: 0M, Relocated: 0M, In-Place: 0
[37.582s][info][gc,reloc    ] GC(112) Forwarding Usage: 16M
[37.582s][info][gc,heap     ] GC(112) Min Capacity: 8M(1%)
[37.582s][info][gc,heap     ] GC(112) Max Capacity: 1024M(100%)
[37.582s][info][gc,heap     ] GC(112) Soft Max Capacity: 1024M(100%)
[37.582s][info][gc,heap     ] GC(112)                Mark Start          Mark End        Relocate Start      Relocate End           High               Low         
[37.582s][info][gc,heap     ] GC(112)  Capacity:     1024M (100%)       1024M (100%)       1024M (100%)       1024M (100%)       1024M (100%)       1024M (100%)   
[37.582s][info][gc,heap     ] GC(112)      Free:      338M (33%)          40M (4%)           32M (3%)          360M (35%)         362M (35%)          14M (1%)     
[37.582s][info][gc,heap     ] GC(112)      Used:      686M (67%)         984M (96%)         992M (97%)         664M (65%)        1010M (99%)         662M (65%)    
[37.582s][info][gc,heap     ] GC(112)      Live:         -               279M (27%)         279M (27%)         279M (27%)            -                  -          
[37.582s][info][gc,heap     ] GC(112) Allocated:         -               298M (29%)         306M (30%)         325M (32%)            -                  -          
[37.582s][info][gc,heap     ] GC(112)   Garbage:         -               406M (40%)         406M (40%)          58M (6%)             -                  -          
[37.582s][info][gc,heap     ] GC(112) Reclaimed:         -                  -                 0M (0%)          347M (34%)            -                  -          
[37.582s][info][gc          ] GC(112) Garbage Collection (Allocation Rate) 686M(67%)->664M(65%)
[37.606s][info][gc,start    ] GC(113) Garbage Collection (Allocation Rate)
[37.606s][info][gc,task     ] GC(113) Using 10 workers
[37.606s][info][gc,phases   ] GC(113) Pause Mark Start 0.013ms
[37.762s][info][gc,phases   ] GC(113) Concurrent Mark 155.873ms
[37.762s][info][gc,phases   ] GC(113) Pause Mark End 0.017ms
[37.762s][info][gc,phases   ] GC(113) Concurrent Mark Free 0.001ms
[37.764s][info][gc,phases   ] GC(113) Concurrent Process Non-Strong References 1.968ms
[37.764s][info][gc,phases   ] GC(113) Concurrent Reset Relocation Set 0.032ms
[37.782s][info][gc,phases   ] GC(113) Concurrent Select Relocation Set 17.938ms
[37.782s][info][gc,phases   ] GC(113) Pause Relocate Start 0.009ms
[37.783s][info][gc          ] Relocation Stall (Executor task launch worker for task 2.0 in stage 15.0 (TID 34)) 0.310ms
[37.800s][info][gc,phases   ] GC(113) Concurrent Relocate 17.841ms
[37.800s][info][gc,load     ] GC(113) Load: 0.00/0.00/0.00
[37.801s][info][gc,mmu      ] GC(113) MMU: 2ms/96.5%, 5ms/98.6%, 10ms/99.3%, 20ms/99.6%, 50ms/99.8%, 100ms/99.9%
[37.801s][info][gc,marking  ] GC(113) Mark: 8 stripe(s), 2 proactive flush(es), 1 terminate flush(es), 0 completion(s), 0 continuation(s) 
[37.801s][info][gc,marking  ] GC(113) Mark Stack Usage: 32M
[37.801s][info][gc,nmethod  ] GC(113) NMethods: 7270 registered, 785 unregistered
[37.801s][info][gc,metaspace] GC(113) Metaspace: 63M used, 64M committed, 1088M reserved
[37.801s][info][gc,ref      ] GC(113) Soft: 2721 encountered, 0 discovered, 0 enqueued
[37.801s][info][gc,ref      ] GC(113) Weak: 5723 encountered, 1935 discovered, 0 enqueued
[37.801s][info][gc,ref      ] GC(113) Final: 62 encountered, 19 discovered, 0 enqueued
[37.801s][info][gc,ref      ] GC(113) Phantom: 621 encountered, 407 discovered, 0 enqueued
[37.801s][info][gc,reloc    ] GC(113) Small Pages: 319 / 638M, Empty: 0M, Relocated: 22M, In-Place: 4
[37.801s][info][gc,reloc    ] GC(113) Medium Pages: 1 / 32M, Empty: 0M, Relocated: 0M, In-Place: 0
[37.801s][info][gc,reloc    ] GC(113) Large Pages: 4 / 40M, Empty: 0M, Relocated: 0M, In-Place: 0
[37.801s][info][gc,reloc    ] GC(113) Forwarding Usage: 19M
[37.801s][info][gc,heap     ] GC(113) Min Capacity: 8M(1%)
[37.801s][info][gc,heap     ] GC(113) Max Capacity: 1024M(100%)
[37.801s][info][gc,heap     ] GC(113) Soft Max Capacity: 1024M(100%)
[37.801s][info][gc,heap     ] GC(113)                Mark Start          Mark End        Relocate Start      Relocate End           High               Low         
[37.801s][info][gc,heap     ] GC(113)  Capacity:     1024M (100%)       1024M (100%)       1024M (100%)       1024M (100%)       1024M (100%)       1024M (100%)   
[37.801s][info][gc,heap     ] GC(113)      Free:      314M (31%)          44M (4%)           12M (1%)          350M (34%)         354M (35%)           0M (0%)     
[37.801s][info][gc,heap     ] GC(113)      Used:      710M (69%)         980M (96%)        1012M (99%)         674M (66%)        1024M (100%)        670M (65%)    
[37.801s][info][gc,heap     ] GC(113)      Live:         -               287M (28%)         287M (28%)         287M (28%)            -                  -          
[37.801s][info][gc,heap     ] GC(113) Allocated:         -               270M (26%)         302M (29%)         321M (31%)            -                  -          
[37.801s][info][gc,heap     ] GC(113)   Garbage:         -               422M (41%)         422M (41%)          64M (6%)             -                  -          
[37.801s][info][gc,heap     ] GC(113) Reclaimed:         -                  -                 0M (0%)          357M (35%)            -                  -          
[37.801s][info][gc          ] GC(113) Garbage Collection (Allocation Rate) 710M(69%)->674M(66%)
[37.802s][info][gc,start    ] GC(114) Garbage Collection (Allocation Rate)
[37.803s][info][gc,task     ] GC(114) Using 10 workers
[37.803s][info][gc,phases   ] GC(114) Pause Mark Start 0.010ms
[37.957s][info][gc,phases   ] GC(114) Concurrent Mark 153.805ms
[37.957s][info][gc,phases   ] GC(114) Pause Mark End 0.023ms
[37.957s][info][gc,phases   ] GC(114) Concurrent Mark Free 0.001ms
[37.959s][info][gc,phases   ] GC(114) Concurrent Process Non-Strong References 1.815ms
[37.959s][info][gc,phases   ] GC(114) Concurrent Reset Relocation Set 0.034ms
[37.961s][info][gc,phases   ] GC(114) Concurrent Select Relocation Set 2.911ms
[37.962s][info][gc,phases   ] GC(114) Pause Relocate Start 0.008ms
[37.975s][info][gc,phases   ] GC(114) Concurrent Relocate 13.764ms
[37.975s][info][gc,load     ] GC(114) Load: 0.00/0.00/0.00
[37.976s][info][gc,mmu      ] GC(114) MMU: 2ms/96.5%, 5ms/98.6%, 10ms/99.3%, 20ms/99.6%, 50ms/99.8%, 100ms/99.9%
[37.976s][info][gc,marking  ] GC(114) Mark: 8 stripe(s), 3 proactive flush(es), 1 terminate flush(es), 0 completion(s), 0 continuation(s) 
[37.976s][info][gc,marking  ] GC(114) Mark Stack Usage: 32M
[37.976s][info][gc,nmethod  ] GC(114) NMethods: 7271 registered, 785 unregistered
[37.976s][info][gc,metaspace] GC(114) Metaspace: 63M used, 64M committed, 1088M reserved
[37.976s][info][gc,ref      ] GC(114) Soft: 2721 encountered, 0 discovered, 0 enqueued
[37.976s][info][gc,ref      ] GC(114) Weak: 5723 encountered, 440 discovered, 0 enqueued
[37.976s][info][gc,ref      ] GC(114) Final: 62 encountered, 1 discovered, 0 enqueued
[37.976s][info][gc,ref      ] GC(114) Phantom: 620 encountered, 491 discovered, 0 enqueued
[37.976s][info][gc,reloc    ] GC(114) Small Pages: 303 / 606M, Empty: 0M, Relocated: 20M, In-Place: 0
[37.976s][info][gc,reloc    ] GC(114) Medium Pages: 1 / 32M, Empty: 0M, Relocated: 0M, In-Place: 0
[37.976s][info][gc,reloc    ] GC(114) Large Pages: 4 / 40M, Empty: 0M, Relocated: 0M, In-Place: 0
[37.976s][info][gc,reloc    ] GC(114) Forwarding Usage: 18M
[37.976s][info][gc,heap     ] GC(114) Min Capacity: 8M(1%)
[37.976s][info][gc,heap     ] GC(114) Max Capacity: 1024M(100%)
[37.976s][info][gc,heap     ] GC(114) Soft Max Capacity: 1024M(100%)
[37.976s][info][gc,heap     ] GC(114)                Mark Start          Mark End        Relocate Start      Relocate End           High               Low         
[37.976s][info][gc,heap     ] GC(114)  Capacity:     1024M (100%)       1024M (100%)       1024M (100%)       1024M (100%)       1024M (100%)       1024M (100%)   
[37.976s][info][gc,heap     ] GC(114)      Free:      346M (34%)         172M (17%)         170M (17%)         482M (47%)         482M (47%)         150M (15%)    
[37.976s][info][gc,heap     ] GC(114)      Used:      678M (66%)         852M (83%)         854M (83%)         542M (53%)         874M (85%)         542M (53%)    
[37.976s][info][gc,heap     ] GC(114)      Live:         -               294M (29%)         294M (29%)         294M (29%)            -                  -          
[37.976s][info][gc,heap     ] GC(114) Allocated:         -               174M (17%)         176M (17%)         179M (18%)            -                  -          
[37.976s][info][gc,heap     ] GC(114)   Garbage:         -               383M (37%)         383M (37%)          67M (7%)             -                  -          
[37.976s][info][gc,heap     ] GC(114) Reclaimed:         -                  -                 0M (0%)          315M (31%)            -                  -          
[37.976s][info][gc          ] GC(114) Garbage Collection (Allocation Rate) 678M(66%)->542M(53%)
[38.003s][info][gc,start    ] GC(115) Garbage Collection (Allocation Rate)
[38.003s][info][gc,task     ] GC(115) Using 10 workers
[38.004s][info][gc,phases   ] GC(115) Pause Mark Start 0.010ms
[38.206s][info][gc,phases   ] GC(115) Concurrent Mark 202.760ms
[38.207s][info][gc,phases   ] GC(115) Pause Mark End 0.026ms
[38.207s][info][gc,phases   ] GC(115) Concurrent Mark Free 0.001ms
[38.209s][info][gc,phases   ] GC(115) Concurrent Process Non-Strong References 2.548ms
[38.209s][info][gc,phases   ] GC(115) Concurrent Reset Relocation Set 0.047ms
[38.214s][info][gc,phases   ] GC(115) Concurrent Select Relocation Set 4.762ms
[38.214s][info][gc,phases   ] GC(115) Pause Relocate Start 0.011ms
[38.233s][info][gc,phases   ] GC(115) Concurrent Relocate 18.296ms
[38.233s][info][gc,load     ] GC(115) Load: 0.00/0.00/0.00
[38.233s][info][gc,mmu      ] GC(115) MMU: 2ms/96.5%, 5ms/98.6%, 10ms/99.3%, 20ms/99.6%, 50ms/99.8%, 100ms/99.9%
[38.233s][info][gc,marking  ] GC(115) Mark: 8 stripe(s), 7 proactive flush(es), 1 terminate flush(es), 0 completion(s), 0 continuation(s) 
[38.233s][info][gc,marking  ] GC(115) Mark Stack Usage: 32M
[38.233s][info][gc,nmethod  ] GC(115) NMethods: 7273 registered, 787 unregistered
[38.233s][info][gc,metaspace] GC(115) Metaspace: 63M used, 64M committed, 1088M reserved
[38.233s][info][gc,ref      ] GC(115) Soft: 2721 encountered, 0 discovered, 0 enqueued
[38.233s][info][gc,ref      ] GC(115) Weak: 5723 encountered, 884 discovered, 0 enqueued
[38.233s][info][gc,ref      ] GC(115) Final: 62 encountered, 0 discovered, 0 enqueued
[38.233s][info][gc,ref      ] GC(115) Phantom: 618 encountered, 543 discovered, 0 enqueued
[38.233s][info][gc,reloc    ] GC(115) Small Pages: 223 / 446M, Empty: 0M, Relocated: 15M, In-Place: 0
[38.233s][info][gc,reloc    ] GC(115) Medium Pages: 2 / 64M, Empty: 0M, Relocated: 12M, In-Place: 0
[38.233s][info][gc,reloc    ] GC(115) Large Pages: 4 / 40M, Empty: 0M, Relocated: 0M, In-Place: 0
[38.233s][info][gc,reloc    ] GC(115) Forwarding Usage: 13M
[38.233s][info][gc,heap     ] GC(115) Min Capacity: 8M(1%)
[38.233s][info][gc,heap     ] GC(115) Max Capacity: 1024M(100%)
[38.233s][info][gc,heap     ] GC(115) Soft Max Capacity: 1024M(100%)
[38.233s][info][gc,heap     ] GC(115)                Mark Start          Mark End        Relocate Start      Relocate End           High               Low         
[38.233s][info][gc,heap     ] GC(115)  Capacity:     1024M (100%)       1024M (100%)       1024M (100%)       1024M (100%)       1024M (100%)       1024M (100%)   
[38.233s][info][gc,heap     ] GC(115)      Free:      474M (46%)         416M (41%)         416M (41%)         602M (59%)         602M (59%)         368M (36%)    
[38.233s][info][gc,heap     ] GC(115)      Used:      550M (54%)         608M (59%)         608M (59%)         422M (41%)         656M (64%)         422M (41%)    
[38.233s][info][gc,heap     ] GC(115)      Live:         -               299M (29%)         299M (29%)         299M (29%)            -                  -          
[38.233s][info][gc,heap     ] GC(115) Allocated:         -                58M (6%)           58M (6%)           59M (6%)             -                  -          
[38.233s][info][gc,heap     ] GC(115)   Garbage:         -               250M (24%)         250M (24%)          62M (6%)             -                  -          
[38.233s][info][gc,heap     ] GC(115) Reclaimed:         -                  -                 0M (0%)          187M (18%)            -                  -          
[38.233s][info][gc          ] GC(115) Garbage Collection (Allocation Rate) 550M(54%)->422M(41%)
[38.316s][info][gc,start    ] GC(116) Garbage Collection (Allocation Rate)
[38.316s][info][gc,task     ] GC(116) Using 10 workers
[38.316s][info][gc,phases   ] GC(116) Pause Mark Start 0.018ms
[38.479s][info][gc,phases   ] GC(116) Concurrent Mark 162.754ms
[38.479s][info][gc,phases   ] GC(116) Pause Mark End 0.020ms
[38.479s][info][gc,phases   ] GC(116) Concurrent Mark Free 0.001ms
[38.481s][info][gc,phases   ] GC(116) Concurrent Process Non-Strong References 1.975ms
[38.481s][info][gc,phases   ] GC(116) Concurrent Reset Relocation Set 0.016ms
[38.485s][info][gc,phases   ] GC(116) Concurrent Select Relocation Set 3.546ms
[38.485s][info][gc,phases   ] GC(116) Pause Relocate Start 0.012ms
[38.492s][info][gc,phases   ] GC(116) Concurrent Relocate 7.303ms
[38.492s][info][gc,load     ] GC(116) Load: 0.00/0.00/0.00
[38.492s][info][gc,mmu      ] GC(116) MMU: 2ms/96.5%, 5ms/98.6%, 10ms/99.3%, 20ms/99.6%, 50ms/99.8%, 100ms/99.9%
[38.492s][info][gc,marking  ] GC(116) Mark: 8 stripe(s), 2 proactive flush(es), 1 terminate flush(es), 0 completion(s), 0 continuation(s) 
[38.492s][info][gc,marking  ] GC(116) Mark Stack Usage: 32M
[38.492s][info][gc,nmethod  ] GC(116) NMethods: 7284 registered, 789 unregistered
[38.492s][info][gc,metaspace] GC(116) Metaspace: 63M used, 64M committed, 1088M reserved
[38.492s][info][gc,ref      ] GC(116) Soft: 2721 encountered, 0 discovered, 0 enqueued
[38.492s][info][gc,ref      ] GC(116) Weak: 5723 encountered, 1327 discovered, 0 enqueued
[38.492s][info][gc,ref      ] GC(116) Final: 62 encountered, 0 discovered, 0 enqueued
[38.492s][info][gc,ref      ] GC(116) Phantom: 617 encountered, 545 discovered, 0 enqueued
[38.492s][info][gc,reloc    ] GC(116) Small Pages: 159 / 318M, Empty: 0M, Relocated: 4M, In-Place: 0
[38.492s][info][gc,reloc    ] GC(116) Medium Pages: 2 / 64M, Empty: 0M, Relocated: 18M, In-Place: 0
[38.492s][info][gc,reloc    ] GC(116) Large Pages: 4 / 40M, Empty: 0M, Relocated: 0M, In-Place: 0
[38.492s][info][gc,reloc    ] GC(116) Forwarding Usage: 4M
[38.492s][info][gc,heap     ] GC(116) Min Capacity: 8M(1%)
[38.492s][info][gc,heap     ] GC(116) Max Capacity: 1024M(100%)
[38.492s][info][gc,heap     ] GC(116) Soft Max Capacity: 1024M(100%)
[38.492s][info][gc,heap     ] GC(116)                Mark Start          Mark End        Relocate Start      Relocate End           High               Low         
[38.493s][info][gc,heap     ] GC(116)  Capacity:     1024M (100%)       1024M (100%)       1024M (100%)       1024M (100%)       1024M (100%)       1024M (100%)   
[38.493s][info][gc,heap     ] GC(116)      Free:      602M (59%)         542M (53%)         540M (53%)         594M (58%)         602M (59%)         492M (48%)    
[38.493s][info][gc,heap     ] GC(116)      Used:      422M (41%)         482M (47%)         484M (47%)         430M (42%)         532M (52%)         422M (41%)    
[38.493s][info][gc,heap     ] GC(116)      Live:         -               305M (30%)         305M (30%)         305M (30%)            -                  -          
[38.493s][info][gc,heap     ] GC(116) Allocated:         -                60M (6%)           62M (6%)           63M (6%)             -                  -          
[38.493s][info][gc,heap     ] GC(116)   Garbage:         -               116M (11%)         116M (11%)          60M (6%)             -                  -          
[38.493s][info][gc,heap     ] GC(116) Reclaimed:         -                  -                 0M (0%)           55M (5%)             -                  -          
[38.493s][info][gc          ] GC(116) Garbage Collection (Allocation Rate) 422M(41%)->430M(42%)
[38.510s][info][gc,start    ] GC(117) Garbage Collection (Allocation Rate)
[38.510s][info][gc,task     ] GC(117) Using 10 workers
[38.510s][info][gc,phases   ] GC(117) Pause Mark Start 0.009ms
[38.651s][info][gc,phases   ] GC(117) Concurrent Mark 140.325ms
[38.651s][info][gc,phases   ] GC(117) Pause Mark End 0.018ms
[38.651s][info][gc,phases   ] GC(117) Concurrent Mark Free 0.001ms
[38.653s][info][gc,phases   ] GC(117) Concurrent Process Non-Strong References 1.963ms
[38.653s][info][gc,phases   ] GC(117) Concurrent Reset Relocation Set 0.005ms
[38.672s][info][gc,phases   ] GC(117) Concurrent Select Relocation Set 18.636ms
[38.672s][info][gc,phases   ] GC(117) Pause Relocate Start 0.010ms
[38.697s][info][gc,phases   ] GC(117) Concurrent Relocate 24.925ms
[38.697s][info][gc,load     ] GC(117) Load: 0.00/0.00/0.00
[38.697s][info][gc,mmu      ] GC(117) MMU: 2ms/96.5%, 5ms/98.6%, 10ms/99.3%, 20ms/99.6%, 50ms/99.8%, 100ms/99.9%
[38.697s][info][gc,marking  ] GC(117) Mark: 8 stripe(s), 2 proactive flush(es), 1 terminate flush(es), 0 completion(s), 0 continuation(s) 
[38.697s][info][gc,marking  ] GC(117) Mark Stack Usage: 32M
[38.697s][info][gc,nmethod  ] GC(117) NMethods: 7296 registered, 796 unregistered
[38.697s][info][gc,metaspace] GC(117) Metaspace: 63M used, 64M committed, 1088M reserved
[38.697s][info][gc,ref      ] GC(117) Soft: 2833 encountered, 0 discovered, 0 enqueued
[38.697s][info][gc,ref      ] GC(117) Weak: 5886 encountered, 418 discovered, 18 enqueued
[38.697s][info][gc,ref      ] GC(117) Final: 62 encountered, 0 discovered, 0 enqueued
[38.697s][info][gc,ref      ] GC(117) Phantom: 618 encountered, 318 discovered, 0 enqueued
[38.697s][info][gc,reloc    ] GC(117) Small Pages: 165 / 330M, Empty: 16M, Relocated: 52M, In-Place: 0
[38.697s][info][gc,reloc    ] GC(117) Medium Pages: 2 / 64M, Empty: 0M, Relocated: 12M, In-Place: 0
[38.697s][info][gc,reloc    ] GC(117) Large Pages: 4 / 40M, Empty: 10M, Relocated: 0M, In-Place: 0
[38.697s][info][gc,reloc    ] GC(117) Forwarding Usage: 47M
[38.697s][info][gc,heap     ] GC(117) Min Capacity: 8M(1%)
[38.697s][info][gc,heap     ] GC(117) Max Capacity: 1024M(100%)
[38.697s][info][gc,heap     ] GC(117) Soft Max Capacity: 1024M(100%)
[38.697s][info][gc,heap     ] GC(117)                Mark Start          Mark End        Relocate Start      Relocate End           High               Low         
[38.697s][info][gc,heap     ] GC(117)  Capacity:     1024M (100%)       1024M (100%)       1024M (100%)       1024M (100%)       1024M (100%)       1024M (100%)   
[38.697s][info][gc,heap     ] GC(117)      Free:      590M (58%)         546M (53%)         570M (56%)         662M (65%)         662M (65%)         522M (51%)    
[38.697s][info][gc,heap     ] GC(117)      Used:      434M (42%)         478M (47%)         454M (44%)         362M (35%)         502M (49%)         362M (35%)    
[38.697s][info][gc,heap     ] GC(117)      Live:         -               266M (26%)         266M (26%)         266M (26%)            -                  -          
[38.697s][info][gc,heap     ] GC(117) Allocated:         -                44M (4%)           46M (4%)           47M (5%)             -                  -          
[38.697s][info][gc,heap     ] GC(117)   Garbage:         -               167M (16%)         141M (14%)          47M (5%)             -                  -          
[38.697s][info][gc,heap     ] GC(117) Reclaimed:         -                  -                26M (3%)          119M (12%)            -                  -          
[38.697s][info][gc          ] GC(117) Garbage Collection (Allocation Rate) 434M(42%)->362M(35%)
[38.713s][info][gc,start    ] GC(118) Garbage Collection (Allocation Rate)
[38.713s][info][gc,task     ] GC(118) Using 10 workers
[38.713s][info][gc,phases   ] GC(118) Pause Mark Start 0.012ms
[38.807s][info][gc,phases   ] GC(118) Concurrent Mark 93.443ms
[38.807s][info][gc,phases   ] GC(118) Pause Mark End 0.020ms
[38.807s][info][gc,phases   ] GC(118) Concurrent Mark Free 0.001ms
[38.809s][info][gc,phases   ] GC(118) Concurrent Process Non-Strong References 1.979ms
[38.809s][info][gc,phases   ] GC(118) Concurrent Reset Relocation Set 0.010ms
[38.815s][info][gc,phases   ] GC(118) Concurrent Select Relocation Set 5.341ms
[38.815s][info][gc,phases   ] GC(118) Pause Relocate Start 0.013ms
[38.830s][info][gc,phases   ] GC(118) Concurrent Relocate 15.267ms
[38.830s][info][gc,load     ] GC(118) Load: 0.00/0.00/0.00
[38.830s][info][gc,mmu      ] GC(118) MMU: 2ms/96.5%, 5ms/98.6%, 10ms/99.3%, 20ms/99.6%, 50ms/99.8%, 100ms/99.9%
[38.830s][info][gc,marking  ] GC(118) Mark: 8 stripe(s), 2 proactive flush(es), 1 terminate flush(es), 0 completion(s), 0 continuation(s) 
[38.830s][info][gc,marking  ] GC(118) Mark Stack Usage: 32M
[38.830s][info][gc,nmethod  ] GC(118) NMethods: 7302 registered, 797 unregistered
[38.830s][info][gc,metaspace] GC(118) Metaspace: 63M used, 64M committed, 1088M reserved
[38.830s][info][gc,ref      ] GC(118) Soft: 2831 encountered, 0 discovered, 0 enqueued
[38.830s][info][gc,ref      ] GC(118) Weak: 5884 encountered, 541 discovered, 68 enqueued
[38.830s][info][gc,ref      ] GC(118) Final: 62 encountered, 0 discovered, 0 enqueued
[38.830s][info][gc,ref      ] GC(118) Phantom: 618 encountered, 308 discovered, 0 enqueued
[38.830s][info][gc,reloc    ] GC(118) Small Pages: 134 / 268M, Empty: 2M, Relocated: 33M, In-Place: 0
[38.830s][info][gc,reloc    ] GC(118) Medium Pages: 2 / 64M, Empty: 32M, Relocated: 0M, In-Place: 0
[38.830s][info][gc,reloc    ] GC(118) Large Pages: 3 / 30M, Empty: 20M, Relocated: 0M, In-Place: 0
[38.830s][info][gc,reloc    ] GC(118) Forwarding Usage: 26M
[38.830s][info][gc,heap     ] GC(118) Min Capacity: 8M(1%)
[38.830s][info][gc,heap     ] GC(118) Max Capacity: 1024M(100%)
[38.830s][info][gc,heap     ] GC(118) Soft Max Capacity: 1024M(100%)
[38.830s][info][gc,heap     ] GC(118)                Mark Start          Mark End        Relocate Start      Relocate End           High               Low         
[38.830s][info][gc,heap     ] GC(118)  Capacity:     1024M (100%)       1024M (100%)       1024M (100%)       1024M (100%)       1024M (100%)       1024M (100%)   
[38.830s][info][gc,heap     ] GC(118)      Free:      662M (65%)         654M (64%)         706M (69%)         778M (76%)         778M (76%)         652M (64%)    
[38.830s][info][gc,heap     ] GC(118)      Used:      362M (35%)         370M (36%)         318M (31%)         246M (24%)         372M (36%)         246M (24%)    
[38.830s][info][gc,heap     ] GC(118)      Live:         -               197M (19%)         197M (19%)         197M (19%)            -                  -          
[38.830s][info][gc,heap     ] GC(118) Allocated:         -                 8M (1%)           10M (1%)            9M (1%)             -                  -          
[38.830s][info][gc,heap     ] GC(118)   Garbage:         -               164M (16%)         110M (11%)          38M (4%)             -                  -          
[38.830s][info][gc,heap     ] GC(118) Reclaimed:         -                  -                54M (5%)          125M (12%)            -                  -          
[38.830s][info][gc          ] GC(118) Garbage Collection (Allocation Rate) 362M(35%)->246M(24%)
[38.903s][info][gc,start    ] GC(119) Garbage Collection (Allocation Rate)
[38.903s][info][gc,task     ] GC(119) Using 10 workers
[38.903s][info][gc,phases   ] GC(119) Pause Mark Start 0.014ms
[38.998s][info][gc,phases   ] GC(119) Concurrent Mark 94.316ms
[38.998s][info][gc,phases   ] GC(119) Pause Mark End 0.021ms
[38.998s][info][gc,phases   ] GC(119) Concurrent Mark Free 0.001ms
[39.010s][info][gc,phases   ] GC(119) Concurrent Process Non-Strong References 11.681ms
[39.010s][info][gc,phases   ] GC(119) Concurrent Reset Relocation Set 0.011ms
[39.015s][info][gc,phases   ] GC(119) Concurrent Select Relocation Set 5.666ms
[39.016s][info][gc,phases   ] GC(119) Pause Relocate Start 0.010ms
[39.020s][info][gc,phases   ] GC(119) Concurrent Relocate 3.892ms
[39.020s][info][gc,load     ] GC(119) Load: 0.00/0.00/0.00
[39.020s][info][gc,mmu      ] GC(119) MMU: 2ms/96.5%, 5ms/98.6%, 10ms/99.3%, 20ms/99.6%, 50ms/99.8%, 100ms/99.9%
[39.020s][info][gc,marking  ] GC(119) Mark: 8 stripe(s), 2 proactive flush(es), 1 terminate flush(es), 0 completion(s), 0 continuation(s) 
[39.020s][info][gc,marking  ] GC(119) Mark Stack Usage: 32M
[39.020s][info][gc,nmethod  ] GC(119) NMethods: 7355 registered, 810 unregistered
[39.020s][info][gc,metaspace] GC(119) Metaspace: 63M used, 64M committed, 1088M reserved
[39.020s][info][gc,ref      ] GC(119) Soft: 3041 encountered, 0 discovered, 0 enqueued
[39.020s][info][gc,ref      ] GC(119) Weak: 6222 encountered, 1011 discovered, 186 enqueued
[39.020s][info][gc,ref      ] GC(119) Final: 62 encountered, 29 discovered, 0 enqueued
[39.020s][info][gc,ref      ] GC(119) Phantom: 621 encountered, 386 discovered, 0 enqueued
[39.020s][info][gc,reloc    ] GC(119) Small Pages: 108 / 216M, Empty: 4M, Relocated: 6M, In-Place: 0
[39.020s][info][gc,reloc    ] GC(119) Medium Pages: 1 / 32M, Empty: 0M, Relocated: 0M, In-Place: 0
[39.020s][info][gc,reloc    ] GC(119) Large Pages: 2 / 16M, Empty: 16M, Relocated: 0M, In-Place: 0
[39.020s][info][gc,reloc    ] GC(119) Forwarding Usage: 2M
[39.020s][info][gc,heap     ] GC(119) Min Capacity: 8M(1%)
[39.020s][info][gc,heap     ] GC(119) Max Capacity: 1024M(100%)
[39.020s][info][gc,heap     ] GC(119) Soft Max Capacity: 1024M(100%)
[39.020s][info][gc,heap     ] GC(119)                Mark Start          Mark End        Relocate Start      Relocate End           High               Low         
[39.020s][info][gc,heap     ] GC(119)  Capacity:     1024M (100%)       1024M (100%)       1024M (100%)       1024M (100%)       1024M (100%)       1024M (100%)   
[39.020s][info][gc,heap     ] GC(119)      Free:      760M (74%)         598M (58%)         602M (59%)         632M (62%)         760M (74%)         582M (57%)    
[39.020s][info][gc,heap     ] GC(119)      Used:      264M (26%)         426M (42%)         422M (41%)         392M (38%)         442M (43%)         264M (26%)    
[39.020s][info][gc,heap     ] GC(119)      Live:         -               165M (16%)         165M (16%)         165M (16%)            -                  -          
[39.020s][info][gc,heap     ] GC(119) Allocated:         -               162M (16%)         178M (17%)         181M (18%)            -                  -          
[39.020s][info][gc,heap     ] GC(119)   Garbage:         -                98M (10%)          78M (8%)           44M (4%)             -                  -          
[39.020s][info][gc,heap     ] GC(119) Reclaimed:         -                  -                20M (2%)           53M (5%)             -                  -          
[39.020s][info][gc          ] GC(119) Garbage Collection (Allocation Rate) 264M(26%)->392M(38%)
[39.111s][info][gc,start    ] GC(120) Garbage Collection (Allocation Rate)
[39.111s][info][gc,task     ] GC(120) Using 10 workers
[39.112s][info][gc,phases   ] GC(120) Pause Mark Start 0.016ms
[39.220s][info][gc,phases   ] GC(120) Concurrent Mark 108.169ms
[39.220s][info][gc,phases   ] GC(120) Pause Mark End 0.025ms
[39.220s][info][gc,phases   ] GC(120) Concurrent Mark Free 0.001ms
[39.222s][info][gc,phases   ] GC(120) Concurrent Process Non-Strong References 2.214ms
[39.222s][info][gc,phases   ] GC(120) Concurrent Reset Relocation Set 0.003ms
[39.235s][info][gc,phases   ] GC(120) Concurrent Select Relocation Set 12.483ms
[39.235s][info][gc,phases   ] GC(120) Pause Relocate Start 0.012ms
[39.250s][info][gc,phases   ] GC(120) Concurrent Relocate 15.323ms
[39.251s][info][gc,load     ] GC(120) Load: 0.00/0.00/0.00
[39.251s][info][gc,mmu      ] GC(120) MMU: 2ms/96.5%, 5ms/98.6%, 10ms/99.3%, 20ms/99.6%, 50ms/99.8%, 100ms/99.9%
[39.251s][info][gc,marking  ] GC(120) Mark: 8 stripe(s), 2 proactive flush(es), 1 terminate flush(es), 0 completion(s), 0 continuation(s) 
[39.251s][info][gc,marking  ] GC(120) Mark Stack Usage: 32M
[39.251s][info][gc,nmethod  ] GC(120) NMethods: 7430 registered, 811 unregistered
[39.251s][info][gc,metaspace] GC(120) Metaspace: 63M used, 64M committed, 1088M reserved
[39.251s][info][gc,ref      ] GC(120) Soft: 3044 encountered, 0 discovered, 0 enqueued
[39.251s][info][gc,ref      ] GC(120) Weak: 6054 encountered, 2094 discovered, 11 enqueued
[39.251s][info][gc,ref      ] GC(120) Final: 62 encountered, 0 discovered, 0 enqueued
[39.251s][info][gc,ref      ] GC(120) Phantom: 620 encountered, 454 discovered, 0 enqueued
[39.251s][info][gc,reloc    ] GC(120) Small Pages: 175 / 350M, Empty: 0M, Relocated: 27M, In-Place: 0
[39.251s][info][gc,reloc    ] GC(120) Medium Pages: 2 / 64M, Empty: 32M, Relocated: 0M, In-Place: 0
[39.251s][info][gc,reloc    ] GC(120) Large Pages: 4 / 24M, Empty: 0M, Relocated: 0M, In-Place: 0
[39.251s][info][gc,reloc    ] GC(120) Forwarding Usage: 25M
[39.251s][info][gc,heap     ] GC(120) Min Capacity: 8M(1%)
[39.251s][info][gc,heap     ] GC(120) Max Capacity: 1024M(100%)
[39.251s][info][gc,heap     ] GC(120) Soft Max Capacity: 1024M(100%)
[39.251s][info][gc,heap     ] GC(120)                Mark Start          Mark End        Relocate Start      Relocate End           High               Low         
[39.251s][info][gc,heap     ] GC(120)  Capacity:     1024M (100%)       1024M (100%)       1024M (100%)       1024M (100%)       1024M (100%)       1024M (100%)   
[39.251s][info][gc,heap     ] GC(120)      Free:      586M (57%)         480M (47%)         476M (46%)         622M (61%)         622M (61%)         446M (44%)    
[39.251s][info][gc,heap     ] GC(120)      Used:      438M (43%)         544M (53%)         548M (54%)         402M (39%)         578M (56%)         402M (39%)    
[39.251s][info][gc,heap     ] GC(120)      Live:         -               210M (21%)         210M (21%)         210M (21%)            -                  -          
[39.251s][info][gc,heap     ] GC(120) Allocated:         -               106M (10%)         142M (14%)         151M (15%)            -                  -          
[39.251s][info][gc,heap     ] GC(120)   Garbage:         -               227M (22%)         195M (19%)          39M (4%)             -                  -          
[39.251s][info][gc,heap     ] GC(120) Reclaimed:         -                  -                32M (3%)          187M (18%)            -                  -          
[39.251s][info][gc          ] GC(120) Garbage Collection (Allocation Rate) 438M(43%)->402M(39%)
[39.307s][info][gc,start    ] GC(121) Garbage Collection (Allocation Rate)
[39.307s][info][gc,task     ] GC(121) Using 10 workers
[39.307s][info][gc,phases   ] GC(121) Pause Mark Start 0.014ms
[39.401s][info][gc,phases   ] GC(121) Concurrent Mark 93.296ms
[39.401s][info][gc,phases   ] GC(121) Pause Mark End 0.026ms
[39.401s][info][gc,phases   ] GC(121) Concurrent Mark Free 0.001ms
[39.413s][info][gc,phases   ] GC(121) Concurrent Process Non-Strong References 11.612ms
[39.413s][info][gc,phases   ] GC(121) Concurrent Reset Relocation Set 0.019ms
[39.417s][info][gc,phases   ] GC(121) Concurrent Select Relocation Set 4.329ms
[39.417s][info][gc,phases   ] GC(121) Pause Relocate Start 0.010ms
[39.429s][info][gc,phases   ] GC(121) Concurrent Relocate 12.020ms
[39.429s][info][gc,load     ] GC(121) Load: 0.00/0.00/0.00
[39.429s][info][gc,mmu      ] GC(121) MMU: 2ms/96.5%, 5ms/98.6%, 10ms/99.3%, 20ms/99.6%, 50ms/99.8%, 100ms/99.9%
[39.429s][info][gc,marking  ] GC(121) Mark: 8 stripe(s), 2 proactive flush(es), 1 terminate flush(es), 0 completion(s), 0 continuation(s) 
[39.429s][info][gc,marking  ] GC(121) Mark Stack Usage: 32M
[39.429s][info][gc,nmethod  ] GC(121) NMethods: 7470 registered, 824 unregistered
[39.429s][info][gc,metaspace] GC(121) Metaspace: 63M used, 64M committed, 1088M reserved
[39.429s][info][gc,ref      ] GC(121) Soft: 3099 encountered, 0 discovered, 0 enqueued
[39.429s][info][gc,ref      ] GC(121) Weak: 6328 encountered, 2874 discovered, 322 enqueued
[39.429s][info][gc,ref      ] GC(121) Final: 62 encountered, 13 discovered, 0 enqueued
[39.430s][info][gc,ref      ] GC(121) Phantom: 620 encountered, 455 discovered, 0 enqueued
[39.430s][info][gc,reloc    ] GC(121) Small Pages: 202 / 404M, Empty: 100M, Relocated: 17M, In-Place: 0
[39.430s][info][gc,reloc    ] GC(121) Medium Pages: 2 / 64M, Empty: 0M, Relocated: 18M, In-Place: 0
[39.430s][info][gc,reloc    ] GC(121) Large Pages: 5 / 30M, Empty: 30M, Relocated: 0M, In-Place: 0
[39.430s][info][gc,reloc    ] GC(121) Forwarding Usage: 16M
[39.430s][info][gc,heap     ] GC(121) Min Capacity: 8M(1%)
[39.430s][info][gc,heap     ] GC(121) Max Capacity: 1024M(100%)
[39.430s][info][gc,heap     ] GC(121) Soft Max Capacity: 1024M(100%)
[39.430s][info][gc,heap     ] GC(121)                Mark Start          Mark End        Relocate Start      Relocate End           High               Low         
[39.430s][info][gc,heap     ] GC(121)  Capacity:     1024M (100%)       1024M (100%)       1024M (100%)       1024M (100%)       1024M (100%)       1024M (100%)   
[39.430s][info][gc,heap     ] GC(121)      Free:      526M (51%)         434M (42%)         550M (54%)         700M (68%)         700M (68%)         420M (41%)    
[39.430s][info][gc,heap     ] GC(121)      Used:      498M (49%)         590M (58%)         474M (46%)         324M (32%)         604M (59%)         324M (32%)    
[39.430s][info][gc,heap     ] GC(121)      Live:         -               184M (18%)         184M (18%)         184M (18%)            -                  -          
[39.430s][info][gc,heap     ] GC(121) Allocated:         -                92M (9%)          106M (10%)         111M (11%)            -                  -          
[39.430s][info][gc,heap     ] GC(121)   Garbage:         -               313M (31%)         183M (18%)          27M (3%)             -                  -          
[39.430s][info][gc,heap     ] GC(121) Reclaimed:         -                  -               130M (13%)         285M (28%)            -                  -          
[39.430s][info][gc          ] GC(121) Garbage Collection (Allocation Rate) 498M(49%)->324M(32%)
[39.603s][info][gc,start    ] GC(122) Garbage Collection (Allocation Rate)
[39.603s][info][gc,task     ] GC(122) Using 10 workers
[39.603s][info][gc,phases   ] GC(122) Pause Mark Start 0.012ms
[39.681s][info][gc,phases   ] GC(122) Concurrent Mark 77.538ms
[39.681s][info][gc,phases   ] GC(122) Pause Mark End 0.024ms
[39.681s][info][gc,phases   ] GC(122) Concurrent Mark Free 0.001ms
[39.683s][info][gc,phases   ] GC(122) Concurrent Process Non-Strong References 2.211ms
[39.683s][info][gc,phases   ] GC(122) Concurrent Reset Relocation Set 0.012ms
[39.687s][info][gc,phases   ] GC(122) Concurrent Select Relocation Set 4.075ms
[39.687s][info][gc,phases   ] GC(122) Pause Relocate Start 0.008ms
[39.690s][info][gc,phases   ] GC(122) Concurrent Relocate 2.140ms
[39.690s][info][gc,load     ] GC(122) Load: 0.00/0.00/0.00
[39.690s][info][gc,mmu      ] GC(122) MMU: 2ms/96.5%, 5ms/98.6%, 10ms/99.3%, 20ms/99.6%, 50ms/99.8%, 100ms/99.9%
[39.690s][info][gc,marking  ] GC(122) Mark: 8 stripe(s), 2 proactive flush(es), 1 terminate flush(es), 0 completion(s), 0 continuation(s) 
[39.690s][info][gc,marking  ] GC(122) Mark Stack Usage: 32M
[39.690s][info][gc,nmethod  ] GC(122) NMethods: 7592 registered, 832 unregistered
[39.690s][info][gc,metaspace] GC(122) Metaspace: 63M used, 64M committed, 1088M reserved
[39.690s][info][gc,ref      ] GC(122) Soft: 3122 encountered, 0 discovered, 0 enqueued
[39.690s][info][gc,ref      ] GC(122) Weak: 6118 encountered, 2777 discovered, 73 enqueued
[39.690s][info][gc,ref      ] GC(122) Final: 62 encountered, 0 discovered, 0 enqueued
[39.690s][info][gc,ref      ] GC(122) Phantom: 617 encountered, 288 discovered, 0 enqueued
[39.690s][info][gc,reloc    ] GC(122) Small Pages: 201 / 402M, Empty: 200M, Relocated: 5M, In-Place: 0
[39.690s][info][gc,reloc    ] GC(122) Medium Pages: 2 / 64M, Empty: 32M, Relocated: 0M, In-Place: 0
[39.690s][info][gc,reloc    ] GC(122) Large Pages: 5 / 30M, Empty: 30M, Relocated: 0M, In-Place: 0
[39.690s][info][gc,reloc    ] GC(122) Forwarding Usage: 2M
[39.690s][info][gc,heap     ] GC(122) Min Capacity: 8M(1%)
[39.690s][info][gc,heap     ] GC(122) Max Capacity: 1024M(100%)
[39.690s][info][gc,heap     ] GC(122) Soft Max Capacity: 1024M(100%)
[39.690s][info][gc,heap     ] GC(122)                Mark Start          Mark End        Relocate Start      Relocate End           High               Low         
[39.690s][info][gc,heap     ] GC(122)  Capacity:     1024M (100%)       1024M (100%)       1024M (100%)       1024M (100%)       1024M (100%)       1024M (100%)   
[39.690s][info][gc,heap     ] GC(122)      Free:      528M (52%)         382M (37%)         630M (62%)         652M (64%)         652M (64%)         380M (37%)    
[39.690s][info][gc,heap     ] GC(122)      Used:      496M (48%)         642M (63%)         394M (38%)         372M (36%)         644M (63%)         372M (36%)    
[39.690s][info][gc,heap     ] GC(122)      Live:         -               165M (16%)         165M (16%)         165M (16%)            -                  -          
[39.690s][info][gc,heap     ] GC(122) Allocated:         -               146M (14%)         160M (16%)         159M (16%)            -                  -          
[39.690s][info][gc,heap     ] GC(122)   Garbage:         -               330M (32%)          68M (7%)           46M (5%)             -                  -          
[39.690s][info][gc,heap     ] GC(122) Reclaimed:         -                  -               262M (26%)         283M (28%)            -                  -          
[39.690s][info][gc          ] GC(122) Garbage Collection (Allocation Rate) 496M(48%)->372M(36%)
[39.712s][info][gc,start    ] GC(123) Garbage Collection (Allocation Rate)
[39.712s][info][gc,task     ] GC(123) Using 10 workers
[39.712s][info][gc,phases   ] GC(123) Pause Mark Start 0.011ms
[39.806s][info][gc,phases   ] GC(123) Concurrent Mark 93.442ms
[39.806s][info][gc,phases   ] GC(123) Pause Mark End 0.022ms
[39.806s][info][gc,phases   ] GC(123) Concurrent Mark Free 0.001ms
[39.808s][info][gc,phases   ] GC(123) Concurrent Process Non-Strong References 2.421ms
[39.808s][info][gc,phases   ] GC(123) Concurrent Reset Relocation Set 0.004ms
[39.821s][info][gc,phases   ] GC(123) Concurrent Select Relocation Set 12.161ms
[39.821s][info][gc,phases   ] GC(123) Pause Relocate Start 0.010ms
[39.838s][info][gc,phases   ] GC(123) Concurrent Relocate 16.916ms
[39.838s][info][gc,load     ] GC(123) Load: 0.00/0.00/0.00
[39.838s][info][gc,mmu      ] GC(123) MMU: 2ms/96.5%, 5ms/98.6%, 10ms/99.3%, 20ms/99.6%, 50ms/99.8%, 100ms/99.9%
[39.838s][info][gc,marking  ] GC(123) Mark: 8 stripe(s), 3 proactive flush(es), 1 terminate flush(es), 0 completion(s), 0 continuation(s) 
[39.838s][info][gc,marking  ] GC(123) Mark Stack Usage: 32M
[39.838s][info][gc,nmethod  ] GC(123) NMethods: 7594 registered, 834 unregistered
[39.838s][info][gc,metaspace] GC(123) Metaspace: 63M used, 64M committed, 1088M reserved
[39.838s][info][gc,ref      ] GC(123) Soft: 3122 encountered, 0 discovered, 0 enqueued
[39.838s][info][gc,ref      ] GC(123) Weak: 6197 encountered, 3710 discovered, 143 enqueued
[39.838s][info][gc,ref      ] GC(123) Final: 62 encountered, 2 discovered, 0 enqueued
[39.838s][info][gc,ref      ] GC(123) Phantom: 617 encountered, 521 discovered, 0 enqueued
[39.838s][info][gc,reloc    ] GC(123) Small Pages: 154 / 308M, Empty: 0M, Relocated: 20M, In-Place: 0
[39.838s][info][gc,reloc    ] GC(123) Medium Pages: 2 / 64M, Empty: 32M, Relocated: 0M, In-Place: 0
[39.838s][info][gc,reloc    ] GC(123) Large Pages: 4 / 24M, Empty: 0M, Relocated: 0M, In-Place: 0
[39.838s][info][gc,reloc    ] GC(123) Forwarding Usage: 20M
[39.838s][info][gc,heap     ] GC(123) Min Capacity: 8M(1%)
[39.838s][info][gc,heap     ] GC(123) Max Capacity: 1024M(100%)
[39.838s][info][gc,heap     ] GC(123) Soft Max Capacity: 1024M(100%)
[39.838s][info][gc,heap     ] GC(123)                Mark Start          Mark End        Relocate Start      Relocate End           High               Low         
[39.838s][info][gc,heap     ] GC(123)  Capacity:     1024M (100%)       1024M (100%)       1024M (100%)       1024M (100%)       1024M (100%)       1024M (100%)   
[39.838s][info][gc,heap     ] GC(123)      Free:      628M (61%)         564M (55%)         584M (57%)         696M (68%)         696M (68%)         560M (55%)    
[39.838s][info][gc,heap     ] GC(123)      Used:      396M (39%)         460M (45%)         440M (43%)         328M (32%)         464M (45%)         328M (32%)    
[39.838s][info][gc,heap     ] GC(123)      Live:         -               206M (20%)         206M (20%)         206M (20%)            -                  -          
[39.838s][info][gc,heap     ] GC(123) Allocated:         -                64M (6%)           76M (7%)           81M (8%)             -                  -          
[39.839s][info][gc,heap     ] GC(123)   Garbage:         -               189M (19%)         157M (15%)          40M (4%)             -                  -          
[39.839s][info][gc,heap     ] GC(123) Reclaimed:         -                  -                32M (3%)          149M (15%)            -                  -          
[39.839s][info][gc          ] GC(123) Garbage Collection (Allocation Rate) 396M(39%)->328M(32%)
[39.915s][info][gc,start    ] GC(124) Garbage Collection (Allocation Rate)
[39.915s][info][gc,task     ] GC(124) Using 10 workers
[39.915s][info][gc,phases   ] GC(124) Pause Mark Start 0.017ms
[40.024s][info][gc,phases   ] GC(124) Concurrent Mark 108.983ms
[40.025s][info][gc,phases   ] GC(124) Pause Mark End 0.020ms
[40.025s][info][gc,phases   ] GC(124) Concurrent Mark Free 0.001ms
[40.027s][info][gc,phases   ] GC(124) Concurrent Process Non-Strong References 2.178ms
[40.027s][info][gc,phases   ] GC(124) Concurrent Reset Relocation Set 0.012ms
[40.049s][info][gc,phases   ] GC(124) Concurrent Select Relocation Set 22.323ms
[40.049s][info][gc,phases   ] GC(124) Pause Relocate Start 0.012ms
[40.071s][info][gc,phases   ] GC(124) Concurrent Relocate 22.067ms
[40.071s][info][gc,load     ] GC(124) Load: 0.00/0.00/0.00
[40.071s][info][gc,mmu      ] GC(124) MMU: 2ms/96.5%, 5ms/98.6%, 10ms/99.3%, 20ms/99.6%, 50ms/99.8%, 100ms/99.9%
[40.071s][info][gc,marking  ] GC(124) Mark: 8 stripe(s), 2 proactive flush(es), 1 terminate flush(es), 0 completion(s), 0 continuation(s) 
[40.072s][info][gc,marking  ] GC(124) Mark Stack Usage: 32M
[40.072s][info][gc,nmethod  ] GC(124) NMethods: 7606 registered, 836 unregistered
[40.072s][info][gc,metaspace] GC(124) Metaspace: 63M used, 64M committed, 1088M reserved
[40.072s][info][gc,ref      ] GC(124) Soft: 3126 encountered, 0 discovered, 0 enqueued
[40.072s][info][gc,ref      ] GC(124) Weak: 6054 encountered, 1682 discovered, 0 enqueued
[40.072s][info][gc,ref      ] GC(124) Final: 62 encountered, 1 discovered, 0 enqueued
[40.072s][info][gc,ref      ] GC(124) Phantom: 633 encountered, 616 discovered, 0 enqueued
[40.072s][info][gc,reloc    ] GC(124) Small Pages: 164 / 328M, Empty: 34M, Relocated: 24M, In-Place: 0
[40.072s][info][gc,reloc    ] GC(124) Medium Pages: 1 / 32M, Empty: 0M, Relocated: 0M, In-Place: 0
[40.072s][info][gc,reloc    ] GC(124) Large Pages: 4 / 24M, Empty: 0M, Relocated: 0M, In-Place: 0
[40.072s][info][gc,reloc    ] GC(124) Forwarding Usage: 23M
[40.072s][info][gc,heap     ] GC(124) Min Capacity: 8M(1%)
[40.072s][info][gc,heap     ] GC(124) Max Capacity: 1024M(100%)
[40.072s][info][gc,heap     ] GC(124) Soft Max Capacity: 1024M(100%)
[40.072s][info][gc,heap     ] GC(124)                Mark Start          Mark End        Relocate Start      Relocate End           High               Low         
[40.072s][info][gc,heap     ] GC(124)  Capacity:     1024M (100%)       1024M (100%)       1024M (100%)       1024M (100%)       1024M (100%)       1024M (100%)   
[40.072s][info][gc,heap     ] GC(124)      Free:      640M (63%)         552M (54%)         572M (56%)         658M (64%)         658M (64%)         550M (54%)    
[40.072s][info][gc,heap     ] GC(124)      Used:      384M (38%)         472M (46%)         452M (44%)         366M (36%)         474M (46%)         366M (36%)    
[40.072s][info][gc,heap     ] GC(124)      Live:         -               214M (21%)         214M (21%)         214M (21%)            -                  -          
[40.072s][info][gc,heap     ] GC(124) Allocated:         -                88M (9%)          102M (10%)         108M (11%)            -                  -          
[40.072s][info][gc,heap     ] GC(124)   Garbage:         -               169M (17%)         135M (13%)          43M (4%)             -                  -          
[40.072s][info][gc,heap     ] GC(124) Reclaimed:         -                  -                34M (3%)          126M (12%)            -                  -          
[40.072s][info][gc          ] GC(124) Garbage Collection (Allocation Rate) 384M(38%)->366M(36%)
[40.103s][info][gc,stats    ] === Garbage Collection Statistics =======================================================================================================================
[40.103s][info][gc,stats    ]                                                              Last 10s              Last 10m              Last 10h                Total
[40.103s][info][gc,stats    ]                                                              Avg / Max             Avg / Max             Avg / Max             Avg / Max
[40.103s][info][gc,stats    ]   Collector: Garbage Collection Cycle                    159.968 / 229.375     149.311 / 1546.086    149.311 / 1546.086    149.311 / 1546.086    ms
[40.103s][info][gc,stats    ]  Contention: Mark Segment Reset Contention                    33 / 48               30 / 443              30 / 443              30 / 443         ops/s
[40.103s][info][gc,stats    ]  Contention: Mark SeqNum Reset Contention                      2 / 5                 1 / 6                 1 / 6                 1 / 6           ops/s
[40.103s][info][gc,stats    ]    Critical: Allocation Stall                                  1 / 9                 0 / 10                0 / 10                0 / 10          ops/s
[40.103s][info][gc,stats    ]    Critical: Allocation Stall                             42.382 / 67.595       36.046 / 67.595       36.046 / 67.595       36.046 / 67.595      ms
[40.103s][info][gc,stats    ]    Critical: GC Locker Stall                                   0 / 1                 0 / 1                 0 / 1                 0 / 1           ops/s
[40.103s][info][gc,stats    ]    Critical: GC Locker Stall                               0.001 / 0.001         0.001 / 0.001         0.001 / 0.001         0.001 / 0.001       ms
[40.103s][info][gc,stats    ]    Critical: Relocation Stall                                  0 / 7                 0 / 7                 0 / 7                 0 / 7           ops/s
[40.103s][info][gc,stats    ]    Critical: Relocation Stall                             12.266 / 15.155       10.756 / 15.155       10.756 / 15.155       10.756 / 15.155      ms
[40.103s][info][gc,stats    ]      Memory: Allocation Rate                                1161 / 1920            790 / 2754            790 / 2754            790 / 2754        MB/s
[40.103s][info][gc,stats    ]      Memory: Defragment                                       19 / 105               6 / 105               6 / 105               6 / 105         ops/s
[40.103s][info][gc,stats    ]      Memory: Out Of Memory                                     0 / 0                 0 / 0                 0 / 0                 0 / 0           ops/s
[40.103s][info][gc,stats    ]      Memory: Page Cache Flush                                 90 / 258              35 / 258              35 / 258              35 / 258         MB/s
[40.103s][info][gc,stats    ]      Memory: Page Cache Hit L1                               577 / 916             388 / 1477            388 / 1477            388 / 1477        ops/s
[40.103s][info][gc,stats    ]      Memory: Page Cache Hit L2                                 0 / 0                 0 / 0                 0 / 0                 0 / 0           ops/s
[40.103s][info][gc,stats    ]      Memory: Page Cache Hit L3                                18 / 86               18 / 226              18 / 226              18 / 226         ops/s
[40.103s][info][gc,stats    ]      Memory: Page Cache Miss                                   2 / 15                1 / 15                1 / 15                1 / 15          ops/s
[40.103s][info][gc,stats    ]      Memory: Uncommit                                          0 / 0                 0 / 0                 0 / 0                 0 / 0           MB/s
[40.103s][info][gc,stats    ]      Memory: Undo Object Allocation Failed                     5 / 39                8 / 134               8 / 134               8 / 134         ops/s
[40.103s][info][gc,stats    ]      Memory: Undo Object Allocation Succeeded                  7 / 47                9 / 158               9 / 158               9 / 158         ops/s
[40.103s][info][gc,stats    ]      Memory: Undo Page Allocation                             31 / 116              19 / 116              19 / 116              19 / 116         ops/s
[40.103s][info][gc,stats    ]       Phase: Concurrent Mark                             128.880 / 202.760     122.645 / 1535.632    122.645 / 1535.632    122.645 / 1535.632    ms
[40.103s][info][gc,stats    ]       Phase: Concurrent Mark Continue                      0.000 / 0.000         0.000 / 0.000         0.000 / 0.000         0.000 / 0.000       ms
[40.104s][info][gc,stats    ]       Phase: Concurrent Mark Free                          0.001 / 0.002         0.001 / 0.002         0.001 / 0.002         0.001 / 0.002       ms
[40.104s][info][gc,stats    ]       Phase: Concurrent Process Non-Strong References      3.319 / 13.820        3.144 / 16.419        3.144 / 16.419        3.144 / 16.419      ms
[40.104s][info][gc,stats    ]       Phase: Concurrent Relocate                          15.036 / 36.018       12.504 / 82.400       12.504 / 82.400       12.504 / 82.400      ms
[40.104s][info][gc,stats    ]       Phase: Concurrent Reset Relocation Set               0.018 / 0.047         0.015 / 0.053         0.015 / 0.053         0.015 / 0.053       ms
[40.104s][info][gc,stats    ]       Phase: Concurrent Select Relocation Set             10.612 / 30.364        9.318 / 43.730        9.318 / 43.730        9.318 / 43.730      ms
[40.104s][info][gc,stats    ]       Phase: Pause Mark End                                0.021 / 0.036         0.021 / 0.059         0.021 / 0.059         0.021 / 0.059       ms
[40.104s][info][gc,stats    ]       Phase: Pause Mark Start                              0.017 / 0.070         0.015 / 0.070         0.015 / 0.070         0.015 / 0.070       ms
[40.104s][info][gc,stats    ]       Phase: Pause Relocate Start                          0.010 / 0.014         0.010 / 0.019         0.010 / 0.019         0.010 / 0.019       ms
[40.104s][info][gc,stats    ]    Subphase: Concurrent Classes Purge                      0.054 / 0.576         0.095 / 1.663         0.095 / 1.663         0.095 / 1.663       ms
[40.104s][info][gc,stats    ]    Subphase: Concurrent Classes Unlink                     2.705 / 12.625        2.461 / 13.942        2.461 / 13.942        2.461 / 13.942      ms
[40.104s][info][gc,stats    ]    Subphase: Concurrent Mark                             121.406 / 196.751     119.644 / 1532.438    119.644 / 1532.438    119.644 / 1532.438    ms
[40.104s][info][gc,stats    ]    Subphase: Concurrent Mark Try Flush                     0.093 / 0.268         0.097 / 7.750         0.097 / 7.750         0.097 / 7.750       ms
[40.104s][info][gc,stats    ]    Subphase: Concurrent Mark Try Terminate                 7.802 / 16.629       10.017 / 17.022       10.017 / 17.022       10.017 / 17.022      ms
[40.104s][info][gc,stats    ]    Subphase: Concurrent References Enqueue                 0.002 / 0.015         0.002 / 0.015         0.002 / 0.015         0.002 / 0.015       ms
[40.104s][info][gc,stats    ]    Subphase: Concurrent References Process                 0.142 / 0.308         0.139 / 0.389         0.139 / 0.389         0.139 / 0.389       ms
[40.104s][info][gc,stats    ]    Subphase: Concurrent Roots ClassLoaderDataGraph         0.091 / 0.786         0.090 / 0.786         0.090 / 0.786         0.090 / 0.786       ms
[40.104s][info][gc,stats    ]    Subphase: Concurrent Roots CodeCache                    0.000 / 0.000         0.000 / 0.000         0.000 / 0.000         0.000 / 0.000       ms
[40.104s][info][gc,stats    ]    Subphase: Concurrent Roots JavaThreads                  6.058 / 8.821         4.667 / 12.049        4.667 / 12.049        4.667 / 12.049      ms
[40.104s][info][gc,stats    ]    Subphase: Concurrent Roots OopStorageSet                0.025 / 0.128         0.024 / 0.343         0.024 / 0.343         0.024 / 0.343       ms
[40.104s][info][gc,stats    ]    Subphase: Concurrent Weak Roots OopStorageSet           0.222 / 0.409         0.252 / 1.280         0.252 / 1.280         0.252 / 1.280       ms
[40.104s][info][gc,stats    ]    Subphase: Pause Mark Try Complete                       0.000 / 0.000         0.002 / 0.005         0.002 / 0.005         0.002 / 0.005       ms
[40.104s][info][gc,stats    ]      System: Java Threads                                    146 / 164             105 / 164             105 / 164             105 / 164         threads
[40.104s][info][gc,stats    ] =========================================================================================================================================================
[40.118s][info][gc,start    ] GC(125) Garbage Collection (Allocation Rate)
[40.118s][info][gc,task     ] GC(125) Using 10 workers
[40.118s][info][gc,phases   ] GC(125) Pause Mark Start 0.016ms
[40.191s][info][gc,phases   ] GC(125) Concurrent Mark 72.061ms
[40.191s][info][gc,phases   ] GC(125) Pause Mark End 0.017ms
[40.191s][info][gc,phases   ] GC(125) Concurrent Mark Free 0.001ms
[40.193s][info][gc,phases   ] GC(125) Concurrent Process Non-Strong References 1.943ms
[40.193s][info][gc,phases   ] GC(125) Concurrent Reset Relocation Set 0.011ms
[40.197s][info][gc,phases   ] GC(125) Concurrent Select Relocation Set 4.634ms
[40.197s][info][gc,phases   ] GC(125) Pause Relocate Start 0.009ms
[40.201s][info][gc,phases   ] GC(125) Concurrent Relocate 3.214ms
[40.201s][info][gc,load     ] GC(125) Load: 0.00/0.00/0.00
[40.201s][info][gc,mmu      ] GC(125) MMU: 2ms/96.5%, 5ms/98.6%, 10ms/99.3%, 20ms/99.6%, 50ms/99.8%, 100ms/99.9%
[40.201s][info][gc,marking  ] GC(125) Mark: 8 stripe(s), 2 proactive flush(es), 1 terminate flush(es), 0 completion(s), 0 continuation(s) 
[40.201s][info][gc,marking  ] GC(125) Mark Stack Usage: 32M
[40.201s][info][gc,nmethod  ] GC(125) NMethods: 7645 registered, 838 unregistered
[40.201s][info][gc,metaspace] GC(125) Metaspace: 63M used, 64M committed, 1088M reserved
[40.201s][info][gc,ref      ] GC(125) Soft: 3122 encountered, 0 discovered, 0 enqueued
[40.201s][info][gc,ref      ] GC(125) Weak: 6057 encountered, 1151 discovered, 0 enqueued
[40.201s][info][gc,ref      ] GC(125) Final: 62 encountered, 3 discovered, 0 enqueued
[40.201s][info][gc,ref      ] GC(125) Phantom: 618 encountered, 470 discovered, 0 enqueued
[40.201s][info][gc,reloc    ] GC(125) Small Pages: 157 / 314M, Empty: 96M, Relocated: 5M, In-Place: 0
[40.201s][info][gc,reloc    ] GC(125) Medium Pages: 1 / 32M, Empty: 0M, Relocated: 0M, In-Place: 0
[40.201s][info][gc,reloc    ] GC(125) Large Pages: 4 / 24M, Empty: 24M, Relocated: 0M, In-Place: 0
[40.201s][info][gc,reloc    ] GC(125) Forwarding Usage: 2M
[40.201s][info][gc,heap     ] GC(125) Min Capacity: 8M(1%)
[40.201s][info][gc,heap     ] GC(125) Max Capacity: 1024M(100%)
[40.201s][info][gc,heap     ] GC(125) Soft Max Capacity: 1024M(100%)
[40.201s][info][gc,heap     ] GC(125)                Mark Start          Mark End        Relocate Start      Relocate End           High               Low         
[40.201s][info][gc,heap     ] GC(125)  Capacity:     1024M (100%)       1024M (100%)       1024M (100%)       1024M (100%)       1024M (100%)       1024M (100%)   
[40.201s][info][gc,heap     ] GC(125)      Free:      654M (64%)         624M (61%)         732M (71%)         764M (75%)         764M (75%)         616M (60%)    
[40.201s][info][gc,heap     ] GC(125)      Used:      370M (36%)         400M (39%)         292M (29%)         260M (25%)         408M (40%)         260M (25%)    
[40.201s][info][gc,heap     ] GC(125)      Live:         -               165M (16%)         165M (16%)         165M (16%)            -                  -          
[40.201s][info][gc,heap     ] GC(125) Allocated:         -                30M (3%)           42M (4%)           47M (5%)             -                  -          
[40.201s][info][gc,heap     ] GC(125)   Garbage:         -               204M (20%)          84M (8%)           46M (5%)             -                  -          
[40.201s][info][gc,heap     ] GC(125) Reclaimed:         -                  -               120M (12%)         157M (15%)            -                  -          
[40.201s][info][gc          ] GC(125) Garbage Collection (Allocation Rate) 370M(36%)->260M(25%)
[40.313s][info][gc,start    ] GC(126) Garbage Collection (Allocation Rate)
[40.313s][info][gc,task     ] GC(126) Using 10 workers
[40.313s][info][gc,phases   ] GC(126) Pause Mark Start 0.010ms
[40.407s][info][gc,phases   ] GC(126) Concurrent Mark 93.362ms
[40.407s][info][gc,phases   ] GC(126) Pause Mark End 0.016ms
[40.407s][info][gc,phases   ] GC(126) Concurrent Mark Free 0.001ms
[40.409s][info][gc,phases   ] GC(126) Concurrent Process Non-Strong References 2.070ms
[40.409s][info][gc,phases   ] GC(126) Concurrent Reset Relocation Set 0.002ms
[40.420s][info][gc,phases   ] GC(126) Concurrent Select Relocation Set 10.574ms
[40.420s][info][gc,phases   ] GC(126) Pause Relocate Start 0.009ms
[40.439s][info][gc,phases   ] GC(126) Concurrent Relocate 19.626ms
[40.440s][info][gc,load     ] GC(126) Load: 0.00/0.00/0.00
[40.440s][info][gc,mmu      ] GC(126) MMU: 2ms/96.5%, 5ms/98.6%, 10ms/99.3%, 20ms/99.6%, 50ms/99.8%, 100ms/99.9%
[40.440s][info][gc,marking  ] GC(126) Mark: 8 stripe(s), 2 proactive flush(es), 1 terminate flush(es), 0 completion(s), 0 continuation(s) 
[40.440s][info][gc,marking  ] GC(126) Mark Stack Usage: 32M
[40.440s][info][gc,nmethod  ] GC(126) NMethods: 7644 registered, 846 unregistered
[40.440s][info][gc,metaspace] GC(126) Metaspace: 63M used, 64M committed, 1088M reserved
[40.440s][info][gc,ref      ] GC(126) Soft: 3122 encountered, 0 discovered, 0 enqueued
[40.440s][info][gc,ref      ] GC(126) Weak: 6128 encountered, 2563 discovered, 28 enqueued
[40.440s][info][gc,ref      ] GC(126) Final: 62 encountered, 0 discovered, 0 enqueued
[40.440s][info][gc,ref      ] GC(126) Phantom: 620 encountered, 428 discovered, 0 enqueued
[40.440s][info][gc,reloc    ] GC(126) Small Pages: 255 / 510M, Empty: 0M, Relocated: 29M, In-Place: 0
[40.440s][info][gc,reloc    ] GC(126) Medium Pages: 2 / 64M, Empty: 0M, Relocated: 14M, In-Place: 0
[40.440s][info][gc,reloc    ] GC(126) Large Pages: 1 / 6M, Empty: 6M, Relocated: 0M, In-Place: 0
[40.440s][info][gc,reloc    ] GC(126) Forwarding Usage: 25M
[40.440s][info][gc,heap     ] GC(126) Min Capacity: 8M(1%)
[40.440s][info][gc,heap     ] GC(126) Max Capacity: 1024M(100%)
[40.440s][info][gc,heap     ] GC(126) Soft Max Capacity: 1024M(100%)
[40.440s][info][gc,heap     ] GC(126)                Mark Start          Mark End        Relocate Start      Relocate End           High               Low         
[40.440s][info][gc,heap     ] GC(126)  Capacity:     1024M (100%)       1024M (100%)       1024M (100%)       1024M (100%)       1024M (100%)       1024M (100%)   
[40.440s][info][gc,heap     ] GC(126)      Free:      444M (43%)         214M (21%)         190M (19%)         482M (47%)         482M (47%)         144M (14%)    
[40.440s][info][gc,heap     ] GC(126)      Used:      580M (57%)         810M (79%)         834M (81%)         542M (53%)         880M (86%)         542M (53%)    
[40.440s][info][gc,heap     ] GC(126)      Live:         -               195M (19%)         195M (19%)         195M (19%)            -                  -          
[40.440s][info][gc,heap     ] GC(126) Allocated:         -               230M (22%)         260M (25%)         307M (30%)            -                  -          
[40.440s][info][gc,heap     ] GC(126)   Garbage:         -               384M (38%)         378M (37%)          38M (4%)             -                  -          
[40.440s][info][gc,heap     ] GC(126) Reclaimed:         -                  -                 6M (1%)          345M (34%)            -                  -          
[40.440s][info][gc          ] GC(126) Garbage Collection (Allocation Rate) 580M(57%)->542M(53%)
[40.516s][info][gc,start    ] GC(127) Garbage Collection (Allocation Rate)
[40.516s][info][gc,task     ] GC(127) Using 10 workers
[40.516s][info][gc,phases   ] GC(127) Pause Mark Start 0.018ms
[40.641s][info][gc,phases   ] GC(127) Concurrent Mark 124.573ms
[40.656s][info][gc,phases   ] GC(127) Pause Mark End 0.044ms
[40.656s][info][gc,phases   ] GC(127) Concurrent Mark Free 0.001ms
[40.659s][info][gc,phases   ] GC(127) Concurrent Process Non-Strong References 2.808ms
[40.659s][info][gc,phases   ] GC(127) Concurrent Reset Relocation Set 0.034ms
[40.696s][info][gc,phases   ] GC(127) Concurrent Select Relocation Set 36.762ms
[40.696s][info][gc,phases   ] GC(127) Pause Relocate Start 0.013ms
[40.730s][info][gc,phases   ] GC(127) Concurrent Relocate 34.405ms
[40.730s][info][gc,load     ] GC(127) Load: 0.00/0.00/0.00
[40.730s][info][gc,mmu      ] GC(127) MMU: 2ms/96.5%, 5ms/98.6%, 10ms/99.3%, 20ms/99.6%, 50ms/99.8%, 100ms/99.9%
[40.730s][info][gc,marking  ] GC(127) Mark: 8 stripe(s), 2 proactive flush(es), 1 terminate flush(es), 0 completion(s), 0 continuation(s) 
[40.730s][info][gc,marking  ] GC(127) Mark Stack Usage: 32M
[40.730s][info][gc,nmethod  ] GC(127) NMethods: 7650 registered, 846 unregistered
[40.730s][info][gc,metaspace] GC(127) Metaspace: 63M used, 64M committed, 1088M reserved
[40.730s][info][gc,ref      ] GC(127) Soft: 3122 encountered, 0 discovered, 0 enqueued
[40.731s][info][gc,ref      ] GC(127) Weak: 6109 encountered, 2905 discovered, 2 enqueued
[40.731s][info][gc,ref      ] GC(127) Final: 62 encountered, 0 discovered, 0 enqueued
[40.731s][info][gc,ref      ] GC(127) Phantom: 617 encountered, 307 discovered, 0 enqueued
[40.731s][info][gc,reloc    ] GC(127) Small Pages: 295 / 590M, Empty: 0M, Relocated: 54M, In-Place: 0
[40.731s][info][gc,reloc    ] GC(127) Medium Pages: 2 / 64M, Empty: 0M, Relocated: 12M, In-Place: 0
[40.731s][info][gc,reloc    ] GC(127) Large Pages: 4 / 24M, Empty: 0M, Relocated: 0M, In-Place: 0
[40.731s][info][gc,reloc    ] GC(127) Forwarding Usage: 49M
[40.731s][info][gc,heap     ] GC(127) Min Capacity: 8M(1%)
[40.731s][info][gc,heap     ] GC(127) Max Capacity: 1024M(100%)
[40.731s][info][gc,heap     ] GC(127) Soft Max Capacity: 1024M(100%)
[40.731s][info][gc,heap     ] GC(127)                Mark Start          Mark End        Relocate Start      Relocate End           High               Low         
[40.731s][info][gc,heap     ] GC(127)  Capacity:     1024M (100%)       1024M (100%)       1024M (100%)       1024M (100%)       1024M (100%)       1024M (100%)   
[40.731s][info][gc,heap     ] GC(127)      Free:      346M (34%)         296M (29%)         282M (28%)         650M (63%)         650M (63%)         234M (23%)    
[40.731s][info][gc,heap     ] GC(127)      Used:      678M (66%)         728M (71%)         742M (72%)         374M (37%)         790M (77%)         374M (37%)    
[40.731s][info][gc,heap     ] GC(127)      Live:         -               262M (26%)         262M (26%)         262M (26%)            -                  -          
[40.731s][info][gc,heap     ] GC(127) Allocated:         -                50M (5%)           64M (6%)           71M (7%)             -                  -          
[40.731s][info][gc,heap     ] GC(127)   Garbage:         -               415M (41%)         415M (41%)          39M (4%)             -                  -          
[40.731s][info][gc,heap     ] GC(127) Reclaimed:         -                  -                 0M (0%)          375M (37%)            -                  -          
[40.731s][info][gc          ] GC(127) Garbage Collection (Allocation Rate) 678M(66%)->374M(37%)
[40.804s][info][gc,start    ] GC(128) Garbage Collection (Allocation Rate)
[40.804s][info][gc,task     ] GC(128) Using 10 workers
[40.804s][info][gc,phases   ] GC(128) Pause Mark Start 0.016ms
[40.929s][info][gc,phases   ] GC(128) Concurrent Mark 125.367ms
[40.930s][info][gc,phases   ] GC(128) Pause Mark End 0.022ms
[40.930s][info][gc,phases   ] GC(128) Concurrent Mark Free 0.001ms
[40.933s][info][gc,phases   ] GC(128) Concurrent Process Non-Strong References 3.058ms
[40.933s][info][gc,phases   ] GC(128) Concurrent Reset Relocation Set 0.051ms
[40.948s][info][gc,phases   ] GC(128) Concurrent Select Relocation Set 14.892ms
[40.948s][info][gc,phases   ] GC(128) Pause Relocate Start 0.012ms
[40.963s][info][gc,phases   ] GC(128) Concurrent Relocate 14.797ms
[40.963s][info][gc,load     ] GC(128) Load: 0.00/0.00/0.00
[40.963s][info][gc,mmu      ] GC(128) MMU: 2ms/96.5%, 5ms/98.6%, 10ms/99.3%, 20ms/99.6%, 50ms/99.8%, 100ms/99.9%
[40.963s][info][gc,marking  ] GC(128) Mark: 8 stripe(s), 2 proactive flush(es), 1 terminate flush(es), 0 completion(s), 0 continuation(s) 
[40.963s][info][gc,marking  ] GC(128) Mark Stack Usage: 32M
[40.963s][info][gc,nmethod  ] GC(128) NMethods: 7671 registered, 848 unregistered
[40.963s][info][gc,metaspace] GC(128) Metaspace: 63M used, 64M committed, 1088M reserved
[40.963s][info][gc,ref      ] GC(128) Soft: 3124 encountered, 0 discovered, 0 enqueued
[40.964s][info][gc,ref      ] GC(128) Weak: 6103 encountered, 951 discovered, 0 enqueued
[40.964s][info][gc,ref      ] GC(128) Final: 62 encountered, 10 discovered, 0 enqueued
[40.964s][info][gc,ref      ] GC(128) Phantom: 617 encountered, 544 discovered, 0 enqueued
[40.964s][info][gc,reloc    ] GC(128) Small Pages: 149 / 298M, Empty: 20M, Relocated: 13M, In-Place: 0
[40.964s][info][gc,reloc    ] GC(128) Medium Pages: 3 / 96M, Empty: 0M, Relocated: 16M, In-Place: 0
[40.964s][info][gc,reloc    ] GC(128) Large Pages: 4 / 24M, Empty: 18M, Relocated: 0M, In-Place: 0
[40.964s][info][gc,reloc    ] GC(128) Forwarding Usage: 11M
[40.964s][info][gc,heap     ] GC(128) Min Capacity: 8M(1%)
[40.964s][info][gc,heap     ] GC(128) Max Capacity: 1024M(100%)
[40.964s][info][gc,heap     ] GC(128) Soft Max Capacity: 1024M(100%)
[40.964s][info][gc,heap     ] GC(128)                Mark Start          Mark End        Relocate Start      Relocate End           High               Low         
[40.964s][info][gc,heap     ] GC(128)  Capacity:     1024M (100%)       1024M (100%)       1024M (100%)       1024M (100%)       1024M (100%)       1024M (100%)   
[40.964s][info][gc,heap     ] GC(128)      Free:      606M (59%)         524M (51%)         518M (51%)         580M (57%)         606M (59%)         472M (46%)    
[40.964s][info][gc,heap     ] GC(128)      Used:      418M (41%)         500M (49%)         506M (49%)         444M (43%)         552M (54%)         418M (41%)    
[40.964s][info][gc,heap     ] GC(128)      Live:         -               241M (24%)         241M (24%)         241M (24%)            -                  -          
[40.964s][info][gc,heap     ] GC(128) Allocated:         -                82M (8%)          126M (12%)         130M (13%)            -                  -          
[40.964s][info][gc,heap     ] GC(128)   Garbage:         -               176M (17%)         138M (14%)          71M (7%)             -                  -          
[40.964s][info][gc,heap     ] GC(128) Reclaimed:         -                  -                38M (4%)          104M (10%)            -                  -          
[40.964s][info][gc          ] GC(128) Garbage Collection (Allocation Rate) 418M(41%)->444M(43%)
[41.005s][info][gc,start    ] GC(129) Garbage Collection (Allocation Rate)
[41.005s][info][gc,task     ] GC(129) Using 10 workers
[41.005s][info][gc,phases   ] GC(129) Pause Mark Start 0.010ms
[41.107s][info][gc,phases   ] GC(129) Concurrent Mark 102.386ms
[41.108s][info][gc,phases   ] GC(129) Pause Mark End 0.023ms
[41.108s][info][gc,phases   ] GC(129) Concurrent Mark Free 0.001ms
[41.110s][info][gc,phases   ] GC(129) Concurrent Process Non-Strong References 2.176ms
[41.110s][info][gc,phases   ] GC(129) Concurrent Reset Relocation Set 0.005ms
[41.127s][info][gc,phases   ] GC(129) Concurrent Select Relocation Set 16.752ms
[41.127s][info][gc,phases   ] GC(129) Pause Relocate Start 0.011ms
[41.149s][info][gc,phases   ] GC(129) Concurrent Relocate 22.113ms
[41.149s][info][gc,load     ] GC(129) Load: 0.00/0.00/0.00
[41.149s][info][gc,mmu      ] GC(129) MMU: 2ms/96.5%, 5ms/98.6%, 10ms/99.3%, 20ms/99.6%, 50ms/99.8%, 100ms/99.9%
[41.149s][info][gc,marking  ] GC(129) Mark: 8 stripe(s), 2 proactive flush(es), 1 terminate flush(es), 0 completion(s), 0 continuation(s) 
[41.149s][info][gc,marking  ] GC(129) Mark Stack Usage: 32M
[41.149s][info][gc,nmethod  ] GC(129) NMethods: 7752 registered, 849 unregistered
[41.149s][info][gc,metaspace] GC(129) Metaspace: 63M used, 64M committed, 1088M reserved
[41.149s][info][gc,ref      ] GC(129) Soft: 3130 encountered, 0 discovered, 0 enqueued
[41.149s][info][gc,ref      ] GC(129) Weak: 6129 encountered, 1847 discovered, 3 enqueued
[41.149s][info][gc,ref      ] GC(129) Final: 62 encountered, 7 discovered, 0 enqueued
[41.149s][info][gc,ref      ] GC(129) Phantom: 617 encountered, 453 discovered, 0 enqueued
[41.149s][info][gc,reloc    ] GC(129) Small Pages: 158 / 316M, Empty: 16M, Relocated: 32M, In-Place: 0
[41.150s][info][gc,reloc    ] GC(129) Medium Pages: 5 / 160M, Empty: 32M, Relocated: 27M, In-Place: 0
[41.150s][info][gc,reloc    ] GC(129) Large Pages: 10 / 64M, Empty: 36M, Relocated: 0M, In-Place: 0
[41.150s][info][gc,reloc    ] GC(129) Forwarding Usage: 27M
[41.150s][info][gc,heap     ] GC(129) Min Capacity: 8M(1%)
[41.150s][info][gc,heap     ] GC(129) Max Capacity: 1024M(100%)
[41.150s][info][gc,heap     ] GC(129) Soft Max Capacity: 1024M(100%)
[41.150s][info][gc,heap     ] GC(129)                Mark Start          Mark End        Relocate Start      Relocate End           High               Low         
[41.150s][info][gc,heap     ] GC(129)  Capacity:     1024M (100%)       1024M (100%)       1024M (100%)       1024M (100%)       1024M (100%)       1024M (100%)   
[41.150s][info][gc,heap     ] GC(129)      Free:      484M (47%)         206M (20%)         270M (26%)         404M (39%)         484M (47%)         202M (20%)    
[41.150s][info][gc,heap     ] GC(129)      Used:      540M (53%)         818M (80%)         754M (74%)         620M (61%)         822M (80%)         540M (53%)    
[41.150s][info][gc,heap     ] GC(129)      Live:         -               255M (25%)         255M (25%)         255M (25%)            -                  -          
[41.150s][info][gc,heap     ] GC(129) Allocated:         -               278M (27%)         298M (29%)         323M (32%)            -                  -          
[41.150s][info][gc,heap     ] GC(129)   Garbage:         -               284M (28%)         200M (20%)          40M (4%)             -                  -          
[41.150s][info][gc,heap     ] GC(129) Reclaimed:         -                  -                84M (8%)          243M (24%)            -                  -          
[41.150s][info][gc          ] GC(129) Garbage Collection (Allocation Rate) 540M(53%)->620M(61%)
[41.217s][info][gc,start    ] GC(130) Garbage Collection (Allocation Rate)
[41.217s][info][gc,task     ] GC(130) Using 10 workers
[41.217s][info][gc,phases   ] GC(130) Pause Mark Start 0.013ms
[41.329s][info][gc,phases   ] GC(130) Concurrent Mark 111.820ms
[41.329s][info][gc,phases   ] GC(130) Pause Mark End 0.056ms
[41.329s][info][gc,phases   ] GC(130) Concurrent Mark Free 0.001ms
[41.332s][info][gc,phases   ] GC(130) Concurrent Process Non-Strong References 2.502ms
[41.332s][info][gc,phases   ] GC(130) Concurrent Reset Relocation Set 0.017ms
[41.364s][info][gc,phases   ] GC(130) Concurrent Select Relocation Set 32.287ms
[41.364s][info][gc,phases   ] GC(130) Pause Relocate Start 0.014ms
[41.387s][info][gc,phases   ] GC(130) Concurrent Relocate 22.173ms
[41.387s][info][gc,load     ] GC(130) Load: 0.00/0.00/0.00
[41.387s][info][gc,mmu      ] GC(130) MMU: 2ms/96.5%, 5ms/98.6%, 10ms/99.3%, 20ms/99.6%, 50ms/99.8%, 100ms/99.9%
[41.387s][info][gc,marking  ] GC(130) Mark: 8 stripe(s), 3 proactive flush(es), 2 terminate flush(es), 1 completion(s), 0 continuation(s) 
[41.387s][info][gc,marking  ] GC(130) Mark Stack Usage: 32M
[41.387s][info][gc,nmethod  ] GC(130) NMethods: 7771 registered, 850 unregistered
[41.387s][info][gc,metaspace] GC(130) Metaspace: 63M used, 64M committed, 1088M reserved
[41.387s][info][gc,ref      ] GC(130) Soft: 3129 encountered, 0 discovered, 0 enqueued
[41.387s][info][gc,ref      ] GC(130) Weak: 6148 encountered, 1377 discovered, 0 enqueued
[41.387s][info][gc,ref      ] GC(130) Final: 62 encountered, 7 discovered, 0 enqueued
[41.387s][info][gc,ref      ] GC(130) Phantom: 617 encountered, 608 discovered, 0 enqueued
[41.387s][info][gc,reloc    ] GC(130) Small Pages: 204 / 408M, Empty: 0M, Relocated: 29M, In-Place: 0
[41.387s][info][gc,reloc    ] GC(130) Medium Pages: 4 / 128M, Empty: 0M, Relocated: 18M, In-Place: 0
[41.387s][info][gc,reloc    ] GC(130) Large Pages: 17 / 110M, Empty: 94M, Relocated: 0M, In-Place: 0
[41.387s][info][gc,reloc    ] GC(130) Forwarding Usage: 29M
[41.387s][info][gc,heap     ] GC(130) Min Capacity: 8M(1%)
[41.387s][info][gc,heap     ] GC(130) Max Capacity: 1024M(100%)
[41.387s][info][gc,heap     ] GC(130) Soft Max Capacity: 1024M(100%)
[41.387s][info][gc,heap     ] GC(130)                Mark Start          Mark End        Relocate Start      Relocate End           High               Low         
[41.387s][info][gc,heap     ] GC(130)  Capacity:     1024M (100%)       1024M (100%)       1024M (100%)       1024M (100%)       1024M (100%)       1024M (100%)   
[41.387s][info][gc,heap     ] GC(130)      Free:      378M (37%)         308M (30%)         372M (36%)         630M (62%)         630M (62%)         306M (30%)    
[41.387s][info][gc,heap     ] GC(130)      Used:      646M (63%)         716M (70%)         652M (64%)         394M (38%)         718M (70%)         394M (38%)    
[41.387s][info][gc,heap     ] GC(130)      Live:         -               230M (22%)         230M (22%)         230M (22%)            -                  -          
[41.387s][info][gc,heap     ] GC(130) Allocated:         -                70M (7%)          100M (10%)         119M (12%)            -                  -          
[41.387s][info][gc,heap     ] GC(130)   Garbage:         -               415M (41%)         321M (31%)          43M (4%)             -                  -          
[41.387s][info][gc,heap     ] GC(130) Reclaimed:         -                  -                94M (9%)          371M (36%)            -                  -          
[41.387s][info][gc          ] GC(130) Garbage Collection (Allocation Rate) 646M(63%)->394M(38%)
[41.403s][info][gc,start    ] GC(131) Garbage Collection (Allocation Rate)
[41.403s][info][gc,task     ] GC(131) Using 10 workers
[41.403s][info][gc,phases   ] GC(131) Pause Mark Start 0.014ms
[41.499s][info][gc,phases   ] GC(131) Concurrent Mark 96.094ms
[41.499s][info][gc,phases   ] GC(131) Pause Mark End 0.024ms
[41.499s][info][gc,phases   ] GC(131) Concurrent Mark Free 0.002ms
[41.502s][info][gc,phases   ] GC(131) Concurrent Process Non-Strong References 2.423ms
[41.502s][info][gc,phases   ] GC(131) Concurrent Reset Relocation Set 0.027ms
[41.507s][info][gc,phases   ] GC(131) Concurrent Select Relocation Set 5.189ms
[41.507s][info][gc,phases   ] GC(131) Pause Relocate Start 0.009ms
[41.522s][info][gc,phases   ] GC(131) Concurrent Relocate 15.212ms
[41.523s][info][gc,load     ] GC(131) Load: 0.00/0.00/0.00
[41.523s][info][gc,mmu      ] GC(131) MMU: 2ms/96.5%, 5ms/98.6%, 10ms/99.3%, 20ms/99.6%, 50ms/99.8%, 100ms/99.9%
[41.523s][info][gc,marking  ] GC(131) Mark: 8 stripe(s), 2 proactive flush(es), 1 terminate flush(es), 0 completion(s), 0 continuation(s) 
[41.523s][info][gc,marking  ] GC(131) Mark Stack Usage: 32M
[41.523s][info][gc,nmethod  ] GC(131) NMethods: 7786 registered, 851 unregistered
[41.523s][info][gc,metaspace] GC(131) Metaspace: 63M used, 64M committed, 1088M reserved
[41.523s][info][gc,ref      ] GC(131) Soft: 3128 encountered, 0 discovered, 0 enqueued
[41.523s][info][gc,ref      ] GC(131) Weak: 6149 encountered, 764 discovered, 7 enqueued
[41.523s][info][gc,ref      ] GC(131) Final: 62 encountered, 1 discovered, 0 enqueued
[41.523s][info][gc,ref      ] GC(131) Phantom: 617 encountered, 549 discovered, 0 enqueued
[41.523s][info][gc,reloc    ] GC(131) Small Pages: 149 / 298M, Empty: 2M, Relocated: 20M, In-Place: 0
[41.523s][info][gc,reloc    ] GC(131) Medium Pages: 2 / 64M, Empty: 0M, Relocated: 20M, In-Place: 0
[41.523s][info][gc,reloc    ] GC(131) Large Pages: 7 / 50M, Empty: 28M, Relocated: 0M, In-Place: 0
[41.523s][info][gc,reloc    ] GC(131) Forwarding Usage: 16M
[41.523s][info][gc,heap     ] GC(131) Min Capacity: 8M(1%)
[41.523s][info][gc,heap     ] GC(131) Max Capacity: 1024M(100%)
[41.523s][info][gc,heap     ] GC(131) Soft Max Capacity: 1024M(100%)
[41.523s][info][gc,heap     ] GC(131)                Mark Start          Mark End        Relocate Start      Relocate End           High               Low         
[41.523s][info][gc,heap     ] GC(131)  Capacity:     1024M (100%)       1024M (100%)       1024M (100%)       1024M (100%)       1024M (100%)       1024M (100%)   
[41.523s][info][gc,heap     ] GC(131)      Free:      612M (60%)         496M (48%)         512M (50%)         618M (60%)         618M (60%)         464M (45%)    
[41.523s][info][gc,heap     ] GC(131)      Used:      412M (40%)         528M (52%)         512M (50%)         406M (40%)         560M (55%)         406M (40%)    
[41.523s][info][gc,heap     ] GC(131)      Live:         -               233M (23%)         233M (23%)         233M (23%)            -                  -          
[41.523s][info][gc,heap     ] GC(131) Allocated:         -               116M (11%)         130M (13%)         141M (14%)            -                  -          
[41.523s][info][gc,heap     ] GC(131)   Garbage:         -               178M (17%)         148M (14%)          30M (3%)             -                  -          
[41.523s][info][gc,heap     ] GC(131) Reclaimed:         -                  -                30M (3%)          147M (14%)            -                  -          
[41.523s][info][gc          ] GC(131) Garbage Collection (Allocation Rate) 412M(40%)->406M(40%)
[41.608s][info][gc,start    ] GC(132) Garbage Collection (Allocation Rate)
[41.608s][info][gc,task     ] GC(132) Using 10 workers
[41.609s][info][gc,phases   ] GC(132) Pause Mark Start 0.013ms
[41.718s][info][gc,phases   ] GC(132) Concurrent Mark 108.966ms
[41.718s][info][gc,phases   ] GC(132) Pause Mark End 0.019ms
[41.718s][info][gc,phases   ] GC(132) Concurrent Mark Free 0.001ms
[41.720s][info][gc,phases   ] GC(132) Concurrent Process Non-Strong References 2.292ms
[41.720s][info][gc,phases   ] GC(132) Concurrent Reset Relocation Set 0.015ms
[41.727s][info][gc,phases   ] GC(132) Concurrent Select Relocation Set 6.536ms
[41.727s][info][gc,phases   ] GC(132) Pause Relocate Start 0.011ms
[41.732s][info][gc,phases   ] GC(132) Concurrent Relocate 5.050ms
[41.732s][info][gc,load     ] GC(132) Load: 0.00/0.00/0.00
[41.732s][info][gc,mmu      ] GC(132) MMU: 2ms/96.5%, 5ms/98.6%, 10ms/99.3%, 20ms/99.6%, 50ms/99.8%, 100ms/99.9%
[41.732s][info][gc,marking  ] GC(132) Mark: 8 stripe(s), 2 proactive flush(es), 1 terminate flush(es), 0 completion(s), 0 continuation(s) 
[41.732s][info][gc,marking  ] GC(132) Mark Stack Usage: 32M
[41.732s][info][gc,nmethod  ] GC(132) NMethods: 7794 registered, 857 unregistered
[41.732s][info][gc,metaspace] GC(132) Metaspace: 63M used, 64M committed, 1088M reserved
[41.732s][info][gc,ref      ] GC(132) Soft: 3128 encountered, 0 discovered, 0 enqueued
[41.732s][info][gc,ref      ] GC(132) Weak: 6158 encountered, 1367 discovered, 105 enqueued
[41.732s][info][gc,ref      ] GC(132) Final: 62 encountered, 48 discovered, 0 enqueued
[41.732s][info][gc,ref      ] GC(132) Phantom: 617 encountered, 608 discovered, 0 enqueued
[41.732s][info][gc,reloc    ] GC(132) Small Pages: 234 / 468M, Empty: 186M, Relocated: 8M, In-Place: 0
[41.732s][info][gc,reloc    ] GC(132) Medium Pages: 2 / 64M, Empty: 32M, Relocated: 0M, In-Place: 0
[41.732s][info][gc,reloc    ] GC(132) Large Pages: 8 / 52M, Empty: 34M, Relocated: 0M, In-Place: 0
[41.732s][info][gc,reloc    ] GC(132) Forwarding Usage: 7M
[41.732s][info][gc,heap     ] GC(132) Min Capacity: 8M(1%)
[41.732s][info][gc,heap     ] GC(132) Max Capacity: 1024M(100%)
[41.732s][info][gc,heap     ] GC(132) Soft Max Capacity: 1024M(100%)
[41.732s][info][gc,heap     ] GC(132)                Mark Start          Mark End        Relocate Start      Relocate End           High               Low         
[41.732s][info][gc,heap     ] GC(132)  Capacity:     1024M (100%)       1024M (100%)       1024M (100%)       1024M (100%)       1024M (100%)       1024M (100%)   
[41.733s][info][gc,heap     ] GC(132)      Free:      440M (43%)         234M (23%)         460M (45%)         494M (48%)         494M (48%)         228M (22%)    
[41.733s][info][gc,heap     ] GC(132)      Used:      584M (57%)         790M (77%)         564M (55%)         530M (52%)         796M (78%)         530M (52%)    
[41.733s][info][gc,heap     ] GC(132)      Live:         -               246M (24%)         246M (24%)         246M (24%)            -                  -          
[41.733s][info][gc,heap     ] GC(132) Allocated:         -               206M (20%)         232M (23%)         237M (23%)            -                  -          
[41.733s][info][gc,heap     ] GC(132)   Garbage:         -               337M (33%)          85M (8%)           45M (4%)             -                  -          
[41.733s][info][gc,heap     ] GC(132) Reclaimed:         -                  -               252M (25%)         291M (29%)            -                  -          
[41.733s][info][gc          ] GC(132) Garbage Collection (Allocation Rate) 584M(57%)->530M(52%)
[41.811s][info][gc,start    ] GC(133) Garbage Collection (Allocation Rate)
[41.812s][info][gc,task     ] GC(133) Using 10 workers
[41.812s][info][gc,phases   ] GC(133) Pause Mark Start 0.012ms
[41.952s][info][gc,phases   ] GC(133) Concurrent Mark 140.277ms
[41.952s][info][gc,phases   ] GC(133) Pause Mark End 0.030ms
[41.952s][info][gc,phases   ] GC(133) Concurrent Mark Free 0.001ms
[41.956s][info][gc,phases   ] GC(133) Concurrent Process Non-Strong References 3.206ms
[41.956s][info][gc,phases   ] GC(133) Concurrent Reset Relocation Set 0.008ms
[41.960s][info][gc,phases   ] GC(133) Concurrent Select Relocation Set 3.927ms
[41.960s][info][gc,phases   ] GC(133) Pause Relocate Start 0.013ms
[41.966s][info][gc,phases   ] GC(133) Concurrent Relocate 5.818ms
[41.966s][info][gc,load     ] GC(133) Load: 0.00/0.00/0.00
[41.966s][info][gc,mmu      ] GC(133) MMU: 2ms/96.5%, 5ms/98.6%, 10ms/99.3%, 20ms/99.6%, 50ms/99.8%, 100ms/99.9%
[41.966s][info][gc,marking  ] GC(133) Mark: 8 stripe(s), 5 proactive flush(es), 1 terminate flush(es), 0 completion(s), 0 continuation(s) 
[41.966s][info][gc,marking  ] GC(133) Mark Stack Usage: 32M
[41.966s][info][gc,nmethod  ] GC(133) NMethods: 7793 registered, 862 unregistered
[41.966s][info][gc,metaspace] GC(133) Metaspace: 63M used, 64M committed, 1088M reserved
[41.966s][info][gc,ref      ] GC(133) Soft: 3128 encountered, 0 discovered, 0 enqueued
[41.966s][info][gc,ref      ] GC(133) Weak: 6074 encountered, 790 discovered, 2 enqueued
[41.966s][info][gc,ref      ] GC(133) Final: 62 encountered, 0 discovered, 0 enqueued
[41.966s][info][gc,ref      ] GC(133) Phantom: 617 encountered, 548 discovered, 0 enqueued
[41.966s][info][gc,reloc    ] GC(133) Small Pages: 296 / 592M, Empty: 284M, Relocated: 6M, In-Place: 0
[41.966s][info][gc,reloc    ] GC(133) Medium Pages: 1 / 32M, Empty: 0M, Relocated: 0M, In-Place: 0
[41.966s][info][gc,reloc    ] GC(133) Large Pages: 4 / 24M, Empty: 12M, Relocated: 0M, In-Place: 0
[41.966s][info][gc,reloc    ] GC(133) Forwarding Usage: 5M
[41.966s][info][gc,heap     ] GC(133) Min Capacity: 8M(1%)
[41.966s][info][gc,heap     ] GC(133) Max Capacity: 1024M(100%)
[41.966s][info][gc,heap     ] GC(133) Soft Max Capacity: 1024M(100%)
[41.966s][info][gc,heap     ] GC(133)                Mark Start          Mark End        Relocate Start      Relocate End           High               Low         
[41.966s][info][gc,heap     ] GC(133)  Capacity:     1024M (100%)       1024M (100%)       1024M (100%)       1024M (100%)       1024M (100%)       1024M (100%)   
[41.966s][info][gc,heap     ] GC(133)      Free:      376M (37%)         268M (26%)         564M (55%)         576M (56%)         576M (56%)         268M (26%)    
[41.966s][info][gc,heap     ] GC(133)      Used:      648M (63%)         756M (74%)         460M (45%)         448M (44%)         756M (74%)         448M (44%)    
[41.967s][info][gc,heap     ] GC(133)      Live:         -               291M (28%)         291M (28%)         291M (28%)            -                  -          
[41.967s][info][gc,heap     ] GC(133) Allocated:         -               108M (11%)         108M (11%)         108M (11%)            -                  -          
[41.967s][info][gc,heap     ] GC(133)   Garbage:         -               356M (35%)          60M (6%)           48M (5%)             -                  -          
[41.967s][info][gc,heap     ] GC(133) Reclaimed:         -                  -               296M (29%)         308M (30%)            -                  -          
[41.967s][info][gc          ] GC(133) Garbage Collection (Allocation Rate) 648M(63%)->448M(44%)
[41.967s][info][gc,start    ] GC(134) Garbage Collection (System.gc())
[41.967s][info][gc,task     ] GC(134) Using 10 workers
[41.967s][info][gc,phases   ] GC(134) Pause Mark Start 0.012ms
[42.053s][info][gc,phases   ] GC(134) Concurrent Mark 85.836ms
[42.053s][info][gc,phases   ] GC(134) Pause Mark End 0.025ms
[42.053s][info][gc,phases   ] GC(134) Concurrent Mark Free 0.001ms
[42.055s][info][gc,phases   ] GC(134) Concurrent Process Non-Strong References 2.251ms
[42.055s][info][gc,phases   ] GC(134) Concurrent Reset Relocation Set 0.003ms
[42.060s][info][gc,phases   ] GC(134) Concurrent Select Relocation Set 4.414ms
[42.060s][info][gc,phases   ] GC(134) Pause Relocate Start 0.008ms
[42.062s][info][gc,phases   ] GC(134) Concurrent Relocate 1.886ms
[42.062s][info][gc,load     ] GC(134) Load: 0.00/0.00/0.00
[42.062s][info][gc,mmu      ] GC(134) MMU: 2ms/96.5%, 5ms/98.6%, 10ms/99.3%, 20ms/99.6%, 50ms/99.8%, 100ms/99.9%
[42.062s][info][gc,marking  ] GC(134) Mark: 8 stripe(s), 1 proactive flush(es), 1 terminate flush(es), 0 completion(s), 0 continuation(s) 
[42.062s][info][gc,marking  ] GC(134) Mark Stack Usage: 32M
[42.062s][info][gc,nmethod  ] GC(134) NMethods: 7799 registered, 862 unregistered
[42.062s][info][gc,metaspace] GC(134) Metaspace: 63M used, 64M committed, 1088M reserved
[42.062s][info][gc,ref      ] GC(134) Soft: 3128 encountered, 0 discovered, 0 enqueued
[42.062s][info][gc,ref      ] GC(134) Weak: 6072 encountered, 963 discovered, 2 enqueued
[42.062s][info][gc,ref      ] GC(134) Final: 62 encountered, 6 discovered, 0 enqueued
[42.062s][info][gc,ref      ] GC(134) Phantom: 617 encountered, 606 discovered, 0 enqueued
[42.062s][info][gc,reloc    ] GC(134) Small Pages: 202 / 404M, Empty: 174M, Relocated: 6M, In-Place: 0
[42.062s][info][gc,reloc    ] GC(134) Medium Pages: 1 / 32M, Empty: 0M, Relocated: 0M, In-Place: 0
[42.062s][info][gc,reloc    ] GC(134) Large Pages: 2 / 12M, Empty: 12M, Relocated: 0M, In-Place: 0
[42.062s][info][gc,reloc    ] GC(134) Forwarding Usage: 2M
[42.062s][info][gc,heap     ] GC(134) Min Capacity: 8M(1%)
[42.062s][info][gc,heap     ] GC(134) Max Capacity: 1024M(100%)
[42.062s][info][gc,heap     ] GC(134) Soft Max Capacity: 1024M(100%)
[42.062s][info][gc,heap     ] GC(134)                Mark Start          Mark End        Relocate Start      Relocate End           High               Low         
[42.062s][info][gc,heap     ] GC(134)  Capacity:     1024M (100%)       1024M (100%)       1024M (100%)       1024M (100%)       1024M (100%)       1024M (100%)   
[42.062s][info][gc,heap     ] GC(134)      Free:      576M (56%)         574M (56%)         760M (74%)         810M (79%)         810M (79%)         574M (56%)    
[42.062s][info][gc,heap     ] GC(134)      Used:      448M (44%)         450M (44%)         264M (26%)         214M (21%)         450M (44%)         214M (21%)    
[42.062s][info][gc,heap     ] GC(134)      Live:         -               165M (16%)         165M (16%)         165M (16%)            -                  -          
[42.062s][info][gc,heap     ] GC(134) Allocated:         -                 2M (0%)            2M (0%)            1M (0%)             -                  -          
[42.062s][info][gc,heap     ] GC(134)   Garbage:         -               282M (28%)          96M (9%)           46M (5%)             -                  -          
[42.062s][info][gc,heap     ] GC(134) Reclaimed:         -                  -               186M (18%)         235M (23%)            -                  -          
[42.062s][info][gc          ] GC(134) Garbage Collection (System.gc()) 448M(44%)->214M(21%)
[42.207s][info][gc,start    ] GC(135) Garbage Collection (Allocation Rate)
[42.207s][info][gc,task     ] GC(135) Using 9 workers
[42.208s][info][gc,phases   ] GC(135) Pause Mark Start 0.012ms
[42.301s][info][gc,phases   ] GC(135) Concurrent Mark 93.298ms
[42.301s][info][gc,phases   ] GC(135) Pause Mark End 0.023ms
[42.301s][info][gc,phases   ] GC(135) Concurrent Mark Free 0.001ms
[42.304s][info][gc,phases   ] GC(135) Concurrent Process Non-Strong References 2.396ms
[42.304s][info][gc,phases   ] GC(135) Concurrent Reset Relocation Set 0.004ms
[42.313s][info][gc,phases   ] GC(135) Concurrent Select Relocation Set 8.954ms
[42.313s][info][gc,phases   ] GC(135) Pause Relocate Start 0.009ms
[42.325s][info][gc,phases   ] GC(135) Concurrent Relocate 12.602ms
[42.325s][info][gc,load     ] GC(135) Load: 0.00/0.00/0.00
[42.325s][info][gc,mmu      ] GC(135) MMU: 2ms/96.5%, 5ms/98.6%, 10ms/99.3%, 20ms/99.6%, 50ms/99.8%, 100ms/99.9%
[42.325s][info][gc,marking  ] GC(135) Mark: 8 stripe(s), 3 proactive flush(es), 1 terminate flush(es), 0 completion(s), 0 continuation(s) 
[42.325s][info][gc,marking  ] GC(135) Mark Stack Usage: 32M
[42.325s][info][gc,nmethod  ] GC(135) NMethods: 7909 registered, 871 unregistered
[42.325s][info][gc,metaspace] GC(135) Metaspace: 64M used, 64M committed, 1088M reserved
[42.325s][info][gc,ref      ] GC(135) Soft: 3205 encountered, 0 discovered, 0 enqueued
[42.325s][info][gc,ref      ] GC(135) Weak: 6281 encountered, 489 discovered, 48 enqueued
[42.325s][info][gc,ref      ] GC(135) Final: 62 encountered, 5 discovered, 0 enqueued
[42.325s][info][gc,ref      ] GC(135) Phantom: 617 encountered, 599 discovered, 0 enqueued
[42.326s][info][gc,reloc    ] GC(135) Small Pages: 176 / 352M, Empty: 0M, Relocated: 31M, In-Place: 0
[42.326s][info][gc,reloc    ] GC(135) Medium Pages: 2 / 64M, Empty: 0M, Relocated: 20M, In-Place: 0
[42.326s][info][gc,reloc    ] GC(135) Large Pages: 1 / 6M, Empty: 6M, Relocated: 0M, In-Place: 0
[42.326s][info][gc,reloc    ] GC(135) Forwarding Usage: 16M
[42.326s][info][gc,heap     ] GC(135) Min Capacity: 8M(1%)
[42.326s][info][gc,heap     ] GC(135) Max Capacity: 1024M(100%)
[42.326s][info][gc,heap     ] GC(135) Soft Max Capacity: 1024M(100%)
[42.326s][info][gc,heap     ] GC(135)                Mark Start          Mark End        Relocate Start      Relocate End           High               Low         
[42.326s][info][gc,heap     ] GC(135)  Capacity:     1024M (100%)       1024M (100%)       1024M (100%)       1024M (100%)       1024M (100%)       1024M (100%)   
[42.326s][info][gc,heap     ] GC(135)      Free:      602M (59%)         442M (43%)         430M (42%)         576M (56%)         602M (59%)         300M (29%)    
[42.326s][info][gc,heap     ] GC(135)      Used:      422M (41%)         582M (57%)         594M (58%)         448M (44%)         724M (71%)         422M (41%)    
[42.326s][info][gc,heap     ] GC(135)      Live:         -               199M (19%)         199M (19%)         199M (19%)            -                  -          
[42.326s][info][gc,heap     ] GC(135) Allocated:         -               160M (16%)         178M (17%)         214M (21%)            -                  -          
[42.326s][info][gc,heap     ] GC(135)   Garbage:         -               222M (22%)         216M (21%)          34M (3%)             -                  -          
[42.326s][info][gc,heap     ] GC(135) Reclaimed:         -                  -                 6M (1%)          188M (18%)            -                  -          
[42.326s][info][gc          ] GC(135) Garbage Collection (Allocation Rate) 422M(41%)->448M(44%)
[42.410s][info][gc,start    ] GC(136) Garbage Collection (Allocation Rate)
[42.410s][info][gc,task     ] GC(136) Using 10 workers
[42.411s][info][gc,phases   ] GC(136) Pause Mark Start 0.010ms
[42.551s][info][gc,phases   ] GC(136) Concurrent Mark 140.198ms
[42.551s][info][gc,phases   ] GC(136) Pause Mark End 0.023ms
[42.551s][info][gc,phases   ] GC(136) Concurrent Mark Free 0.001ms
[42.554s][info][gc,phases   ] GC(136) Concurrent Process Non-Strong References 2.774ms
[42.554s][info][gc,phases   ] GC(136) Concurrent Reset Relocation Set 0.020ms
[42.591s][info][gc,phases   ] GC(136) Concurrent Select Relocation Set 37.402ms
[42.592s][info][gc,phases   ] GC(136) Pause Relocate Start 0.011ms
[42.626s][info][gc,phases   ] GC(136) Concurrent Relocate 34.430ms
[42.626s][info][gc,load     ] GC(136) Load: 0.00/0.00/0.00
[42.626s][info][gc,mmu      ] GC(136) MMU: 2ms/96.5%, 5ms/98.6%, 10ms/99.3%, 20ms/99.6%, 50ms/99.8%, 100ms/99.9%
[42.626s][info][gc,marking  ] GC(136) Mark: 8 stripe(s), 3 proactive flush(es), 1 terminate flush(es), 0 completion(s), 0 continuation(s) 
[42.626s][info][gc,marking  ] GC(136) Mark Stack Usage: 32M
[42.626s][info][gc,nmethod  ] GC(136) NMethods: 7910 registered, 873 unregistered
[42.626s][info][gc,metaspace] GC(136) Metaspace: 64M used, 64M committed, 1088M reserved
[42.626s][info][gc,ref      ] GC(136) Soft: 3205 encountered, 0 discovered, 0 enqueued
[42.626s][info][gc,ref      ] GC(136) Weak: 6233 encountered, 2514 discovered, 0 enqueued
[42.626s][info][gc,ref      ] GC(136) Final: 62 encountered, 19 discovered, 0 enqueued
[42.627s][info][gc,ref      ] GC(136) Phantom: 618 encountered, 479 discovered, 0 enqueued
[42.627s][info][gc,reloc    ] GC(136) Small Pages: 267 / 534M, Empty: 0M, Relocated: 87M, In-Place: 0
[42.627s][info][gc,reloc    ] GC(136) Medium Pages: 2 / 64M, Empty: 0M, Relocated: 14M, In-Place: 0
[42.627s][info][gc,reloc    ] GC(136) Large Pages: 4 / 24M, Empty: 0M, Relocated: 0M, In-Place: 0
[42.627s][info][gc,reloc    ] GC(136) Forwarding Usage: 55M
[42.627s][info][gc,heap     ] GC(136) Min Capacity: 8M(1%)
[42.627s][info][gc,heap     ] GC(136) Max Capacity: 1024M(100%)
[42.627s][info][gc,heap     ] GC(136) Soft Max Capacity: 1024M(100%)
[42.627s][info][gc,heap     ] GC(136)                Mark Start          Mark End        Relocate Start      Relocate End           High               Low         
[42.627s][info][gc,heap     ] GC(136)  Capacity:     1024M (100%)       1024M (100%)       1024M (100%)       1024M (100%)       1024M (100%)       1024M (100%)   
[42.627s][info][gc,heap     ] GC(136)      Free:      402M (39%)         298M (29%)         282M (28%)         550M (54%)         550M (54%)         226M (22%)    
[42.627s][info][gc,heap     ] GC(136)      Used:      622M (61%)         726M (71%)         742M (72%)         474M (46%)         798M (78%)         474M (46%)    
[42.627s][info][gc,heap     ] GC(136)      Live:         -               302M (29%)         302M (29%)         302M (29%)            -                  -          
[42.627s][info][gc,heap     ] GC(136) Allocated:         -               104M (10%)         120M (12%)         132M (13%)            -                  -          
[42.627s][info][gc,heap     ] GC(136)   Garbage:         -               319M (31%)         319M (31%)          39M (4%)             -                  -          
[42.627s][info][gc,heap     ] GC(136) Reclaimed:         -                  -                 0M (0%)          280M (27%)            -                  -          
[42.627s][info][gc          ] GC(136) Garbage Collection (Allocation Rate) 622M(61%)->474M(46%)
[42.716s][info][gc,start    ] GC(137) Garbage Collection (Allocation Rate)
[42.716s][info][gc,task     ] GC(137) Using 10 workers
[42.716s][info][gc,phases   ] GC(137) Pause Mark Start 0.016ms
[42.857s][info][gc,phases   ] GC(137) Concurrent Mark 140.185ms
[42.857s][info][gc,phases   ] GC(137) Pause Mark End 0.021ms
[42.857s][info][gc,phases   ] GC(137) Concurrent Mark Free 0.001ms
[42.859s][info][gc,phases   ] GC(137) Concurrent Process Non-Strong References 2.261ms
[42.859s][info][gc,phases   ] GC(137) Concurrent Reset Relocation Set 0.029ms
[42.867s][info][gc,phases   ] GC(137) Concurrent Select Relocation Set 7.552ms
[42.867s][info][gc,phases   ] GC(137) Pause Relocate Start 0.008ms
[42.873s][info][gc,phases   ] GC(137) Concurrent Relocate 6.515ms
[42.873s][info][gc,load     ] GC(137) Load: 0.00/0.00/0.00
[42.873s][info][gc,mmu      ] GC(137) MMU: 2ms/96.5%, 5ms/98.6%, 10ms/99.3%, 20ms/99.6%, 50ms/99.8%, 100ms/99.9%
[42.873s][info][gc,marking  ] GC(137) Mark: 8 stripe(s), 2 proactive flush(es), 1 terminate flush(es), 0 completion(s), 0 continuation(s) 
[42.873s][info][gc,marking  ] GC(137) Mark Stack Usage: 32M
[42.873s][info][gc,nmethod  ] GC(137) NMethods: 7909 registered, 874 unregistered
[42.873s][info][gc,metaspace] GC(137) Metaspace: 64M used, 64M committed, 1088M reserved
[42.873s][info][gc,ref      ] GC(137) Soft: 3205 encountered, 0 discovered, 0 enqueued
[42.873s][info][gc,ref      ] GC(137) Weak: 6233 encountered, 2110 discovered, 0 enqueued
[42.873s][info][gc,ref      ] GC(137) Final: 62 encountered, 2 discovered, 0 enqueued
[42.873s][info][gc,ref      ] GC(137) Phantom: 621 encountered, 464 discovered, 0 enqueued
[42.873s][info][gc,reloc    ] GC(137) Small Pages: 209 / 418M, Empty: 34M, Relocated: 12M, In-Place: 0
[42.873s][info][gc,reloc    ] GC(137) Medium Pages: 2 / 64M, Empty: 0M, Relocated: 18M, In-Place: 0
[42.873s][info][gc,reloc    ] GC(137) Large Pages: 4 / 24M, Empty: 0M, Relocated: 0M, In-Place: 0
[42.873s][info][gc,reloc    ] GC(137) Forwarding Usage: 7M
[42.873s][info][gc,heap     ] GC(137) Min Capacity: 8M(1%)
[42.873s][info][gc,heap     ] GC(137) Max Capacity: 1024M(100%)
[42.873s][info][gc,heap     ] GC(137) Soft Max Capacity: 1024M(100%)
[42.874s][info][gc,heap     ] GC(137)                Mark Start          Mark End        Relocate Start      Relocate End           High               Low         
[42.874s][info][gc,heap     ] GC(137)  Capacity:     1024M (100%)       1024M (100%)       1024M (100%)       1024M (100%)       1024M (100%)       1024M (100%)   
[42.874s][info][gc,heap     ] GC(137)      Free:      518M (51%)         466M (46%)         498M (49%)         626M (61%)         626M (61%)         452M (44%)    
[42.874s][info][gc,heap     ] GC(137)      Used:      506M (49%)         558M (54%)         526M (51%)         398M (39%)         572M (56%)         398M (39%)    
[42.874s][info][gc,heap     ] GC(137)      Live:         -               309M (30%)         309M (30%)         309M (30%)            -                  -          
[42.874s][info][gc,heap     ] GC(137) Allocated:         -                52M (5%)           54M (5%)           55M (5%)             -                  -          
[42.874s][info][gc,heap     ] GC(137)   Garbage:         -               196M (19%)         162M (16%)          32M (3%)             -                  -          
[42.874s][info][gc,heap     ] GC(137) Reclaimed:         -                  -                34M (3%)          163M (16%)            -                  -          
[42.874s][info][gc          ] GC(137) Garbage Collection (Allocation Rate) 506M(49%)->398M(39%)
[42.903s][info][gc,start    ] GC(138) Garbage Collection (Allocation Rate)
[42.904s][info][gc,task     ] GC(138) Using 10 workers
[42.904s][info][gc,phases   ] GC(138) Pause Mark Start 0.012ms
[43.044s][info][gc,phases   ] GC(138) Concurrent Mark 140.260ms
[43.044s][info][gc,phases   ] GC(138) Pause Mark End 0.026ms
[43.044s][info][gc,phases   ] GC(138) Concurrent Mark Free 0.001ms
[43.046s][info][gc,phases   ] GC(138) Concurrent Process Non-Strong References 2.039ms
[43.046s][info][gc,phases   ] GC(138) Concurrent Reset Relocation Set 0.012ms
[43.049s][info][gc,phases   ] GC(138) Concurrent Select Relocation Set 2.748ms
[43.049s][info][gc,phases   ] GC(138) Pause Relocate Start 0.009ms
[43.053s][info][gc,phases   ] GC(138) Concurrent Relocate 3.553ms
[43.053s][info][gc,load     ] GC(138) Load: 0.00/0.00/0.00
[43.053s][info][gc,mmu      ] GC(138) MMU: 2ms/96.5%, 5ms/98.6%, 10ms/99.3%, 20ms/99.6%, 50ms/99.8%, 100ms/99.9%
[43.053s][info][gc,marking  ] GC(138) Mark: 8 stripe(s), 2 proactive flush(es), 1 terminate flush(es), 0 completion(s), 0 continuation(s) 
[43.053s][info][gc,marking  ] GC(138) Mark Stack Usage: 32M
[43.053s][info][gc,nmethod  ] GC(138) NMethods: 7921 registered, 874 unregistered
[43.053s][info][gc,metaspace] GC(138) Metaspace: 64M used, 64M committed, 1088M reserved
[43.053s][info][gc,ref      ] GC(138) Soft: 3205 encountered, 0 discovered, 0 enqueued
[43.053s][info][gc,ref      ] GC(138) Weak: 6233 encountered, 1198 discovered, 0 enqueued
[43.053s][info][gc,ref      ] GC(138) Final: 62 encountered, 2 discovered, 0 enqueued
[43.053s][info][gc,ref      ] GC(138) Phantom: 621 encountered, 298 discovered, 0 enqueued
[43.053s][info][gc,reloc    ] GC(138) Small Pages: 177 / 354M, Empty: 26M, Relocated: 6M, In-Place: 0
[43.053s][info][gc,reloc    ] GC(138) Medium Pages: 1 / 32M, Empty: 0M, Relocated: 0M, In-Place: 0
[43.053s][info][gc,reloc    ] GC(138) Large Pages: 4 / 24M, Empty: 0M, Relocated: 0M, In-Place: 0
[43.053s][info][gc,reloc    ] GC(138) Forwarding Usage: 4M
[43.053s][info][gc,heap     ] GC(138) Min Capacity: 8M(1%)
[43.053s][info][gc,heap     ] GC(138) Max Capacity: 1024M(100%)
[43.053s][info][gc,heap     ] GC(138) Soft Max Capacity: 1024M(100%)
[43.053s][info][gc,heap     ] GC(138)                Mark Start          Mark End        Relocate Start      Relocate End           High               Low         
[43.053s][info][gc,heap     ] GC(138)  Capacity:     1024M (100%)       1024M (100%)       1024M (100%)       1024M (100%)       1024M (100%)       1024M (100%)   
[43.053s][info][gc,heap     ] GC(138)      Free:      614M (60%)         518M (51%)         538M (53%)         570M (56%)         614M (60%)         512M (50%)    
[43.053s][info][gc,heap     ] GC(138)      Used:      410M (40%)         506M (49%)         486M (47%)         454M (44%)         512M (50%)         410M (40%)    
[43.053s][info][gc,heap     ] GC(138)      Live:         -               309M (30%)         309M (30%)         309M (30%)            -                  -          
[43.053s][info][gc,heap     ] GC(138) Allocated:         -                96M (9%)          102M (10%)         105M (10%)            -                  -          
[43.053s][info][gc,heap     ] GC(138)   Garbage:         -               100M (10%)          74M (7%)           38M (4%)             -                  -          
[43.053s][info][gc,heap     ] GC(138) Reclaimed:         -                  -                26M (3%)           61M (6%)             -                  -          
[43.053s][info][gc          ] GC(138) Garbage Collection (Allocation Rate) 410M(40%)->454M(44%)
[43.107s][info][gc,start    ] GC(139) Garbage Collection (Allocation Rate)
[43.107s][info][gc,task     ] GC(139) Using 10 workers
[43.107s][info][gc,phases   ] GC(139) Pause Mark Start 0.016ms
[43.196s][info][gc,phases   ] GC(139) Concurrent Mark 89.049ms
[43.196s][info][gc,phases   ] GC(139) Pause Mark End 0.024ms
[43.196s][info][gc,phases   ] GC(139) Concurrent Mark Free 0.001ms
[43.198s][info][gc,phases   ] GC(139) Concurrent Process Non-Strong References 2.141ms
[43.198s][info][gc,phases   ] GC(139) Concurrent Reset Relocation Set 0.005ms
[43.209s][info][gc,phases   ] GC(139) Concurrent Select Relocation Set 10.416ms
[43.209s][info][gc,phases   ] GC(139) Pause Relocate Start 0.008ms
[43.222s][info][gc,phases   ] GC(139) Concurrent Relocate 12.604ms
[43.222s][info][gc,load     ] GC(139) Load: 0.00/0.00/0.00
[43.222s][info][gc,mmu      ] GC(139) MMU: 2ms/96.5%, 5ms/98.6%, 10ms/99.3%, 20ms/99.6%, 50ms/99.8%, 100ms/99.9%
[43.222s][info][gc,marking  ] GC(139) Mark: 8 stripe(s), 2 proactive flush(es), 1 terminate flush(es), 0 completion(s), 0 continuation(s) 
[43.222s][info][gc,marking  ] GC(139) Mark Stack Usage: 32M
[43.222s][info][gc,nmethod  ] GC(139) NMethods: 7918 registered, 877 unregistered
[43.222s][info][gc,metaspace] GC(139) Metaspace: 64M used, 64M committed, 1088M reserved
[43.222s][info][gc,ref      ] GC(139) Soft: 3205 encountered, 0 discovered, 0 enqueued
[43.222s][info][gc,ref      ] GC(139) Weak: 6233 encountered, 536 discovered, 0 enqueued
[43.222s][info][gc,ref      ] GC(139) Final: 62 encountered, 0 discovered, 0 enqueued
[43.222s][info][gc,ref      ] GC(139) Phantom: 621 encountered, 548 discovered, 0 enqueued
[43.222s][info][gc,reloc    ] GC(139) Small Pages: 254 / 508M, Empty: 86M, Relocated: 25M, In-Place: 0
[43.222s][info][gc,reloc    ] GC(139) Medium Pages: 1 / 32M, Empty: 0M, Relocated: 0M, In-Place: 0
[43.222s][info][gc,reloc    ] GC(139) Large Pages: 4 / 24M, Empty: 24M, Relocated: 0M, In-Place: 0
[43.222s][info][gc,reloc    ] GC(139) Forwarding Usage: 22M
[43.222s][info][gc,heap     ] GC(139) Min Capacity: 8M(1%)
[43.222s][info][gc,heap     ] GC(139) Max Capacity: 1024M(100%)
[43.222s][info][gc,heap     ] GC(139) Soft Max Capacity: 1024M(100%)
[43.222s][info][gc,heap     ] GC(139)                Mark Start          Mark End        Relocate Start      Relocate End           High               Low         
[43.222s][info][gc,heap     ] GC(139)  Capacity:     1024M (100%)       1024M (100%)       1024M (100%)       1024M (100%)       1024M (100%)       1024M (100%)   
[43.222s][info][gc,heap     ] GC(139)      Free:      460M (45%)         314M (31%)         404M (39%)         610M (60%)         610M (60%)         308M (30%)    
[43.222s][info][gc,heap     ] GC(139)      Used:      564M (55%)         710M (69%)         620M (61%)         414M (40%)         716M (70%)         414M (40%)    
[43.222s][info][gc,heap     ] GC(139)      Live:         -               195M (19%)         195M (19%)         195M (19%)            -                  -          
[43.222s][info][gc,heap     ] GC(139) Allocated:         -               146M (14%)         166M (16%)         183M (18%)            -                  -          
[43.222s][info][gc,heap     ] GC(139)   Garbage:         -               368M (36%)         258M (25%)          34M (3%)             -                  -          
[43.222s][info][gc,heap     ] GC(139) Reclaimed:         -                  -               110M (11%)         333M (33%)            -                  -          
[43.222s][info][gc          ] GC(139) Garbage Collection (Allocation Rate) 564M(55%)->414M(40%)
[43.318s][info][gc,start    ] GC(140) Garbage Collection (Allocation Rate)
[43.318s][info][gc,task     ] GC(140) Using 10 workers
[43.318s][info][gc,phases   ] GC(140) Pause Mark Start 0.014ms
[43.443s][info][gc,phases   ] GC(140) Concurrent Mark 124.569ms
[43.443s][info][gc,phases   ] GC(140) Pause Mark End 0.025ms
[43.443s][info][gc,phases   ] GC(140) Concurrent Mark Free 0.001ms
[43.446s][info][gc,phases   ] GC(140) Concurrent Process Non-Strong References 2.472ms
[43.446s][info][gc,phases   ] GC(140) Concurrent Reset Relocation Set 0.022ms
[43.476s][info][gc,phases   ] GC(140) Concurrent Select Relocation Set 30.680ms
[43.477s][info][gc,phases   ] GC(140) Pause Relocate Start 0.013ms
[43.496s][info][gc,phases   ] GC(140) Concurrent Relocate 19.170ms
[43.496s][info][gc,load     ] GC(140) Load: 0.00/0.00/0.00
[43.496s][info][gc,mmu      ] GC(140) MMU: 2ms/96.5%, 5ms/98.6%, 10ms/99.3%, 20ms/99.6%, 50ms/99.8%, 100ms/99.9%
[43.496s][info][gc,marking  ] GC(140) Mark: 8 stripe(s), 2 proactive flush(es), 1 terminate flush(es), 0 completion(s), 0 continuation(s) 
[43.496s][info][gc,marking  ] GC(140) Mark Stack Usage: 32M
[43.496s][info][gc,nmethod  ] GC(140) NMethods: 7918 registered, 877 unregistered
[43.496s][info][gc,metaspace] GC(140) Metaspace: 64M used, 64M committed, 1088M reserved
[43.496s][info][gc,ref      ] GC(140) Soft: 3205 encountered, 0 discovered, 0 enqueued
[43.496s][info][gc,ref      ] GC(140) Weak: 6233 encountered, 629 discovered, 0 enqueued
[43.496s][info][gc,ref      ] GC(140) Final: 62 encountered, 0 discovered, 0 enqueued
[43.496s][info][gc,ref      ] GC(140) Phantom: 621 encountered, 610 discovered, 0 enqueued
[43.496s][info][gc,reloc    ] GC(140) Small Pages: 276 / 552M, Empty: 0M, Relocated: 22M, In-Place: 0
[43.496s][info][gc,reloc    ] GC(140) Medium Pages: 1 / 32M, Empty: 0M, Relocated: 0M, In-Place: 0
[43.496s][info][gc,reloc    ] GC(140) Large Pages: 4 / 24M, Empty: 0M, Relocated: 0M, In-Place: 0
[43.496s][info][gc,reloc    ] GC(140) Forwarding Usage: 22M
[43.496s][info][gc,heap     ] GC(140) Min Capacity: 8M(1%)
[43.496s][info][gc,heap     ] GC(140) Max Capacity: 1024M(100%)
[43.496s][info][gc,heap     ] GC(140) Soft Max Capacity: 1024M(100%)
[43.496s][info][gc,heap     ] GC(140)                Mark Start          Mark End        Relocate Start      Relocate End           High               Low         
[43.496s][info][gc,heap     ] GC(140)  Capacity:     1024M (100%)       1024M (100%)       1024M (100%)       1024M (100%)       1024M (100%)       1024M (100%)   
[43.496s][info][gc,heap     ] GC(140)      Free:      416M (41%)         204M (20%)         160M (16%)         476M (46%)         476M (46%)         142M (14%)    
[43.496s][info][gc,heap     ] GC(140)      Used:      608M (59%)         820M (80%)         864M (84%)         548M (54%)         882M (86%)         548M (54%)    
[43.496s][info][gc,heap     ] GC(140)      Live:         -               227M (22%)         227M (22%)         227M (22%)            -                  -          
[43.496s][info][gc,heap     ] GC(140) Allocated:         -               212M (21%)         256M (25%)         277M (27%)            -                  -          
[43.496s][info][gc,heap     ] GC(140)   Garbage:         -               380M (37%)         380M (37%)          43M (4%)             -                  -          
[43.496s][info][gc,heap     ] GC(140) Reclaimed:         -                  -                 0M (0%)          337M (33%)            -                  -          
[43.496s][info][gc          ] GC(140) Garbage Collection (Allocation Rate) 608M(59%)->548M(54%)
[43.506s][info][gc,start    ] GC(141) Garbage Collection (Allocation Rate)
[43.506s][info][gc,task     ] GC(141) Using 10 workers
[43.506s][info][gc,phases   ] GC(141) Pause Mark Start 0.014ms
[43.662s][info][gc,phases   ] GC(141) Concurrent Mark 155.930ms
[43.662s][info][gc,phases   ] GC(141) Pause Mark End 0.024ms
[43.662s][info][gc,phases   ] GC(141) Concurrent Mark Free 0.001ms
[43.664s][info][gc,phases   ] GC(141) Concurrent Process Non-Strong References 2.457ms
[43.665s][info][gc,phases   ] GC(141) Concurrent Reset Relocation Set 0.044ms
[43.668s][info][gc,phases   ] GC(141) Concurrent Select Relocation Set 3.519ms
[43.668s][info][gc,phases   ] GC(141) Pause Relocate Start 0.009ms
[43.688s][info][gc,phases   ] GC(141) Concurrent Relocate 19.476ms
[43.688s][info][gc,load     ] GC(141) Load: 0.00/0.00/0.00
[43.688s][info][gc,mmu      ] GC(141) MMU: 2ms/96.5%, 5ms/98.6%, 10ms/99.3%, 20ms/99.6%, 50ms/99.8%, 100ms/99.9%
[43.688s][info][gc,marking  ] GC(141) Mark: 8 stripe(s), 2 proactive flush(es), 1 terminate flush(es), 0 completion(s), 0 continuation(s) 
[43.688s][info][gc,marking  ] GC(141) Mark Stack Usage: 32M
[43.688s][info][gc,nmethod  ] GC(141) NMethods: 7918 registered, 877 unregistered
[43.688s][info][gc,metaspace] GC(141) Metaspace: 64M used, 64M committed, 1088M reserved
[43.688s][info][gc,ref      ] GC(141) Soft: 3205 encountered, 0 discovered, 0 enqueued
[43.688s][info][gc,ref      ] GC(141) Weak: 6233 encountered, 672 discovered, 0 enqueued
[43.688s][info][gc,ref      ] GC(141) Final: 62 encountered, 0 discovered, 0 enqueued
[43.688s][info][gc,ref      ] GC(141) Phantom: 621 encountered, 610 discovered, 0 enqueued
[43.688s][info][gc,reloc    ] GC(141) Small Pages: 251 / 502M, Empty: 0M, Relocated: 22M, In-Place: 0
[43.688s][info][gc,reloc    ] GC(141) Medium Pages: 1 / 32M, Empty: 0M, Relocated: 0M, In-Place: 0
[43.688s][info][gc,reloc    ] GC(141) Large Pages: 6 / 44M, Empty: 0M, Relocated: 0M, In-Place: 0
[43.688s][info][gc,reloc    ] GC(141) Forwarding Usage: 21M
[43.688s][info][gc,heap     ] GC(141) Min Capacity: 8M(1%)
[43.688s][info][gc,heap     ] GC(141) Max Capacity: 1024M(100%)
[43.688s][info][gc,heap     ] GC(141) Soft Max Capacity: 1024M(100%)
[43.688s][info][gc,heap     ] GC(141)                Mark Start          Mark End        Relocate Start      Relocate End           High               Low         
[43.688s][info][gc,heap     ] GC(141)  Capacity:     1024M (100%)       1024M (100%)       1024M (100%)       1024M (100%)       1024M (100%)       1024M (100%)   
[43.688s][info][gc,heap     ] GC(141)      Free:      446M (44%)         228M (22%)         218M (21%)         464M (45%)         468M (46%)         196M (19%)    
[43.688s][info][gc,heap     ] GC(141)      Used:      578M (56%)         796M (78%)         806M (79%)         560M (55%)         828M (81%)         556M (54%)    
[43.688s][info][gc,heap     ] GC(141)      Live:         -               258M (25%)         258M (25%)         258M (25%)            -                  -          
[43.688s][info][gc,heap     ] GC(141) Allocated:         -               218M (21%)         228M (22%)         251M (25%)            -                  -          
[43.688s][info][gc,heap     ] GC(141)   Garbage:         -               319M (31%)         319M (31%)          50M (5%)             -                  -          
[43.688s][info][gc,heap     ] GC(141) Reclaimed:         -                  -                 0M (0%)          269M (26%)            -                  -          
[43.688s][info][gc          ] GC(141) Garbage Collection (Allocation Rate) 578M(56%)->560M(55%)
[43.709s][info][gc,start    ] GC(142) Garbage Collection (Allocation Rate)
[43.709s][info][gc,task     ] GC(142) Using 10 workers
[43.709s][info][gc,phases   ] GC(142) Pause Mark Start 0.013ms
[43.856s][info][gc,phases   ] GC(142) Concurrent Mark 147.381ms
[43.856s][info][gc,phases   ] GC(142) Pause Mark End 0.019ms
[43.856s][info][gc,phases   ] GC(142) Concurrent Mark Free 0.001ms
[43.859s][info][gc,phases   ] GC(142) Concurrent Process Non-Strong References 2.331ms
[43.859s][info][gc,phases   ] GC(142) Concurrent Reset Relocation Set 0.017ms
[43.862s][info][gc,phases   ] GC(142) Concurrent Select Relocation Set 3.423ms
[43.862s][info][gc,phases   ] GC(142) Pause Relocate Start 0.010ms
[43.874s][info][gc,phases   ] GC(142) Concurrent Relocate 11.106ms
[43.874s][info][gc,load     ] GC(142) Load: 0.00/0.00/0.00
[43.874s][info][gc,mmu      ] GC(142) MMU: 2ms/96.5%, 5ms/98.6%, 10ms/99.3%, 20ms/99.6%, 50ms/99.8%, 100ms/99.9%
[43.874s][info][gc,marking  ] GC(142) Mark: 8 stripe(s), 3 proactive flush(es), 1 terminate flush(es), 0 completion(s), 0 continuation(s) 
[43.874s][info][gc,marking  ] GC(142) Mark Stack Usage: 32M
[43.874s][info][gc,nmethod  ] GC(142) NMethods: 7919 registered, 877 unregistered
[43.874s][info][gc,metaspace] GC(142) Metaspace: 64M used, 64M committed, 1088M reserved
[43.874s][info][gc,ref      ] GC(142) Soft: 3205 encountered, 0 discovered, 0 enqueued
[43.874s][info][gc,ref      ] GC(142) Weak: 6233 encountered, 1319 discovered, 0 enqueued
[43.874s][info][gc,ref      ] GC(142) Final: 62 encountered, 2 discovered, 0 enqueued
[43.874s][info][gc,ref      ] GC(142) Phantom: 621 encountered, 607 discovered, 0 enqueued
[43.874s][info][gc,reloc    ] GC(142) Small Pages: 252 / 504M, Empty: 0M, Relocated: 17M, In-Place: 0
[43.874s][info][gc,reloc    ] GC(142) Medium Pages: 1 / 32M, Empty: 0M, Relocated: 0M, In-Place: 0
[43.874s][info][gc,reloc    ] GC(142) Large Pages: 8 / 64M, Empty: 24M, Relocated: 0M, In-Place: 0
[43.874s][info][gc,reloc    ] GC(142) Forwarding Usage: 15M
[43.874s][info][gc,heap     ] GC(142) Min Capacity: 8M(1%)
[43.874s][info][gc,heap     ] GC(142) Max Capacity: 1024M(100%)
[43.874s][info][gc,heap     ] GC(142) Soft Max Capacity: 1024M(100%)
[43.874s][info][gc,heap     ] GC(142)                Mark Start          Mark End        Relocate Start      Relocate End           High               Low         
[43.874s][info][gc,heap     ] GC(142)  Capacity:     1024M (100%)       1024M (100%)       1024M (100%)       1024M (100%)       1024M (100%)       1024M (100%)   
[43.874s][info][gc,heap     ] GC(142)      Free:      424M (41%)         150M (15%)         162M (16%)         410M (40%)         424M (41%)         140M (14%)    
[43.874s][info][gc,heap     ] GC(142)      Used:      600M (59%)         874M (85%)         862M (84%)         614M (60%)         884M (86%)         600M (59%)    
[43.874s][info][gc,heap     ] GC(142)      Live:         -               262M (26%)         262M (26%)         262M (26%)            -                  -          
[43.874s][info][gc,heap     ] GC(142) Allocated:         -               274M (27%)         286M (28%)         299M (29%)            -                  -          
[43.874s][info][gc,heap     ] GC(142)   Garbage:         -               337M (33%)         313M (31%)          51M (5%)             -                  -          
[43.874s][info][gc,heap     ] GC(142) Reclaimed:         -                  -                24M (2%)          285M (28%)            -                  -          
[43.874s][info][gc          ] GC(142) Garbage Collection (Allocation Rate) 600M(59%)->614M(60%)
[43.903s][info][gc,start    ] GC(143) Garbage Collection (Allocation Rate)
[43.903s][info][gc,task     ] GC(143) Using 10 workers
[43.903s][info][gc,phases   ] GC(143) Pause Mark Start 0.016ms
[44.059s][info][gc,phases   ] GC(143) Concurrent Mark 155.866ms
[44.059s][info][gc,phases   ] GC(143) Pause Mark End 0.028ms
[44.060s][info][gc,phases   ] GC(143) Concurrent Mark Free 0.002ms
[44.062s][info][gc,phases   ] GC(143) Concurrent Process Non-Strong References 2.418ms
[44.062s][info][gc,phases   ] GC(143) Concurrent Reset Relocation Set 0.024ms
[44.085s][info][gc,phases   ] GC(143) Concurrent Select Relocation Set 22.646ms
[44.085s][info][gc,phases   ] GC(143) Pause Relocate Start 0.009ms
[44.104s][info][gc,phases   ] GC(143) Concurrent Relocate 19.283ms
[44.104s][info][gc,load     ] GC(143) Load: 0.00/0.00/0.00
[44.104s][info][gc,mmu      ] GC(143) MMU: 2ms/96.5%, 5ms/98.6%, 10ms/99.3%, 20ms/99.6%, 50ms/99.8%, 100ms/99.9%
[44.104s][info][gc,marking  ] GC(143) Mark: 8 stripe(s), 2 proactive flush(es), 1 terminate flush(es), 0 completion(s), 0 continuation(s) 
[44.104s][info][gc,marking  ] GC(143) Mark Stack Usage: 32M
[44.104s][info][gc,nmethod  ] GC(143) NMethods: 7918 registered, 878 unregistered
[44.104s][info][gc,metaspace] GC(143) Metaspace: 64M used, 64M committed, 1088M reserved
[44.104s][info][gc,ref      ] GC(143) Soft: 3205 encountered, 0 discovered, 0 enqueued
[44.104s][info][gc,ref      ] GC(143) Weak: 6233 encountered, 558 discovered, 0 enqueued
[44.104s][info][gc,ref      ] GC(143) Final: 62 encountered, 0 discovered, 0 enqueued
[44.104s][info][gc,ref      ] GC(143) Phantom: 621 encountered, 398 discovered, 0 enqueued
[44.104s][info][gc,reloc    ] GC(143) Small Pages: 299 / 598M, Empty: 0M, Relocated: 22M, In-Place: 0
[44.105s][info][gc,reloc    ] GC(143) Medium Pages: 1 / 32M, Empty: 0M, Relocated: 0M, In-Place: 0
[44.105s][info][gc,reloc    ] GC(143) Large Pages: 4 / 40M, Empty: 0M, Relocated: 0M, In-Place: 0
[44.105s][info][gc,reloc    ] GC(143) Forwarding Usage: 19M
[44.105s][info][gc,heap     ] GC(143) Min Capacity: 8M(1%)
[44.105s][info][gc,heap     ] GC(143) Max Capacity: 1024M(100%)
[44.105s][info][gc,heap     ] GC(143) Soft Max Capacity: 1024M(100%)
[44.105s][info][gc,heap     ] GC(143)                Mark Start          Mark End        Relocate Start      Relocate End           High               Low         
[44.105s][info][gc,heap     ] GC(143)  Capacity:     1024M (100%)       1024M (100%)       1024M (100%)       1024M (100%)       1024M (100%)       1024M (100%)   
[44.105s][info][gc,heap     ] GC(143)      Free:      354M (35%)          84M (8%)           50M (5%)          366M (36%)         370M (36%)          32M (3%)     
[44.105s][info][gc,heap     ] GC(143)      Used:      670M (65%)         940M (92%)         974M (95%)         658M (64%)         992M (97%)         654M (64%)    
[44.105s][info][gc,heap     ] GC(143)      Live:         -               272M (27%)         272M (27%)         272M (27%)            -                  -          
[44.105s][info][gc,heap     ] GC(143) Allocated:         -               270M (26%)         304M (30%)         329M (32%)            -                  -          
[44.105s][info][gc,heap     ] GC(143)   Garbage:         -               397M (39%)         397M (39%)          55M (5%)             -                  -          
[44.105s][info][gc,heap     ] GC(143) Reclaimed:         -                  -                 0M (0%)          341M (33%)            -                  -          
[44.105s][info][gc          ] GC(143) Garbage Collection (Allocation Rate) 670M(65%)->658M(64%)
[44.106s][info][gc,start    ] GC(144) Garbage Collection (Allocation Rate)
[44.106s][info][gc,task     ] GC(144) Using 10 workers
[44.106s][info][gc,phases   ] GC(144) Pause Mark Start 0.009ms
[44.278s][info][gc,phases   ] GC(144) Concurrent Mark 171.530ms
[44.278s][info][gc,phases   ] GC(144) Pause Mark End 0.018ms
[44.278s][info][gc,phases   ] GC(144) Concurrent Mark Free 0.001ms
[44.280s][info][gc,phases   ] GC(144) Concurrent Process Non-Strong References 2.242ms
[44.281s][info][gc,phases   ] GC(144) Concurrent Reset Relocation Set 0.046ms
[44.284s][info][gc,phases   ] GC(144) Concurrent Select Relocation Set 3.004ms
[44.284s][info][gc,phases   ] GC(144) Pause Relocate Start 0.007ms
[44.306s][info][gc,phases   ] GC(144) Concurrent Relocate 22.750ms
[44.307s][info][gc,load     ] GC(144) Load: 0.00/0.00/0.00
[44.307s][info][gc,mmu      ] GC(144) MMU: 2ms/96.5%, 5ms/98.6%, 10ms/99.3%, 20ms/99.6%, 50ms/99.8%, 100ms/99.9%
[44.307s][info][gc,marking  ] GC(144) Mark: 8 stripe(s), 2 proactive flush(es), 1 terminate flush(es), 0 completion(s), 0 continuation(s) 
[44.307s][info][gc,marking  ] GC(144) Mark Stack Usage: 32M
[44.307s][info][gc,nmethod  ] GC(144) NMethods: 7918 registered, 878 unregistered
[44.307s][info][gc,metaspace] GC(144) Metaspace: 64M used, 64M committed, 1088M reserved
[44.307s][info][gc,ref      ] GC(144) Soft: 3205 encountered, 0 discovered, 0 enqueued
[44.307s][info][gc,ref      ] GC(144) Weak: 6233 encountered, 664 discovered, 0 enqueued
[44.307s][info][gc,ref      ] GC(144) Final: 62 encountered, 0 discovered, 0 enqueued
[44.307s][info][gc,ref      ] GC(144) Phantom: 620 encountered, 608 discovered, 0 enqueued
[44.307s][info][gc,reloc    ] GC(144) Small Pages: 295 / 590M, Empty: 0M, Relocated: 20M, In-Place: 0
[44.307s][info][gc,reloc    ] GC(144) Medium Pages: 1 / 32M, Empty: 0M, Relocated: 0M, In-Place: 0
[44.307s][info][gc,reloc    ] GC(144) Large Pages: 4 / 40M, Empty: 0M, Relocated: 0M, In-Place: 0
[44.307s][info][gc,reloc    ] GC(144) Forwarding Usage: 18M
[44.307s][info][gc,heap     ] GC(144) Min Capacity: 8M(1%)
[44.307s][info][gc,heap     ] GC(144) Max Capacity: 1024M(100%)
[44.307s][info][gc,heap     ] GC(144) Soft Max Capacity: 1024M(100%)
[44.307s][info][gc,heap     ] GC(144)                Mark Start          Mark End        Relocate Start      Relocate End           High               Low         
[44.307s][info][gc,heap     ] GC(144)  Capacity:     1024M (100%)       1024M (100%)       1024M (100%)       1024M (100%)       1024M (100%)       1024M (100%)   
[44.307s][info][gc,heap     ] GC(144)      Free:      362M (35%)          32M (3%)           26M (3%)          320M (31%)         362M (35%)           6M (1%)     
[44.307s][info][gc,heap     ] GC(144)      Used:      662M (65%)         992M (97%)         998M (97%)         704M (69%)        1018M (99%)         662M (65%)    
[44.307s][info][gc,heap     ] GC(144)      Live:         -               281M (27%)         281M (27%)         281M (27%)            -                  -          
[44.307s][info][gc,heap     ] GC(144) Allocated:         -               330M (32%)         336M (33%)         365M (36%)            -                  -          
[44.307s][info][gc,heap     ] GC(144)   Garbage:         -               380M (37%)         380M (37%)          56M (6%)             -                  -          
[44.307s][info][gc,heap     ] GC(144) Reclaimed:         -                  -                 0M (0%)          323M (32%)            -                  -          
[44.307s][info][gc          ] GC(144) Garbage Collection (Allocation Rate) 662M(65%)->704M(69%)
[44.309s][info][gc,start    ] GC(145) Garbage Collection (Allocation Rate)
[44.309s][info][gc,task     ] GC(145) Using 10 workers
[44.309s][info][gc,phases   ] GC(145) Pause Mark Start 0.006ms
[44.457s][info][gc,phases   ] GC(145) Concurrent Mark 147.410ms
[44.457s][info][gc,phases   ] GC(145) Pause Mark End 0.020ms
[44.457s][info][gc,phases   ] GC(145) Concurrent Mark Free 0.001ms
[44.459s][info][gc,phases   ] GC(145) Concurrent Process Non-Strong References 2.218ms
[44.459s][info][gc,phases   ] GC(145) Concurrent Reset Relocation Set 0.024ms
[44.463s][info][gc,phases   ] GC(145) Concurrent Select Relocation Set 3.225ms
[44.463s][info][gc,phases   ] GC(145) Pause Relocate Start 0.008ms
[44.475s][info][gc,phases   ] GC(145) Concurrent Relocate 11.973ms
[44.475s][info][gc,load     ] GC(145) Load: 0.00/0.00/0.00
[44.475s][info][gc,mmu      ] GC(145) MMU: 2ms/96.5%, 5ms/98.6%, 10ms/99.3%, 20ms/99.6%, 50ms/99.8%, 100ms/99.9%
[44.475s][info][gc,marking  ] GC(145) Mark: 8 stripe(s), 2 proactive flush(es), 1 terminate flush(es), 0 completion(s), 0 continuation(s) 
[44.475s][info][gc,marking  ] GC(145) Mark Stack Usage: 32M
[44.475s][info][gc,nmethod  ] GC(145) NMethods: 7918 registered, 878 unregistered
[44.475s][info][gc,metaspace] GC(145) Metaspace: 64M used, 64M committed, 1088M reserved
[44.475s][info][gc,ref      ] GC(145) Soft: 3205 encountered, 0 discovered, 0 enqueued
[44.475s][info][gc,ref      ] GC(145) Weak: 6233 encountered, 2434 discovered, 0 enqueued
[44.475s][info][gc,ref      ] GC(145) Final: 62 encountered, 2 discovered, 0 enqueued
[44.475s][info][gc,ref      ] GC(145) Phantom: 621 encountered, 604 discovered, 0 enqueued
[44.475s][info][gc,reloc    ] GC(145) Small Pages: 318 / 636M, Empty: 0M, Relocated: 18M, In-Place: 0
[44.475s][info][gc,reloc    ] GC(145) Medium Pages: 1 / 32M, Empty: 0M, Relocated: 0M, In-Place: 0
[44.475s][info][gc,reloc    ] GC(145) Large Pages: 4 / 40M, Empty: 0M, Relocated: 0M, In-Place: 0
[44.475s][info][gc,reloc    ] GC(145) Forwarding Usage: 16M
[44.475s][info][gc,heap     ] GC(145) Min Capacity: 8M(1%)
[44.475s][info][gc,heap     ] GC(145) Max Capacity: 1024M(100%)
[44.475s][info][gc,heap     ] GC(145) Soft Max Capacity: 1024M(100%)
[44.475s][info][gc,heap     ] GC(145)                Mark Start          Mark End        Relocate Start      Relocate End           High               Low         
[44.475s][info][gc,heap     ] GC(145)  Capacity:     1024M (100%)       1024M (100%)       1024M (100%)       1024M (100%)       1024M (100%)       1024M (100%)   
[44.475s][info][gc,heap     ] GC(145)      Free:      316M (31%)          58M (6%)           48M (5%)          390M (38%)         392M (38%)          28M (3%)     
[44.475s][info][gc,heap     ] GC(145)      Used:      708M (69%)         966M (94%)         976M (95%)         634M (62%)         996M (97%)         632M (62%)    
[44.475s][info][gc,heap     ] GC(145)      Live:         -               290M (28%)         290M (28%)         290M (28%)            -                  -          
[44.475s][info][gc,heap     ] GC(145) Allocated:         -               258M (25%)         268M (26%)         283M (28%)            -                  -          
[44.475s][info][gc,heap     ] GC(145)   Garbage:         -               417M (41%)         417M (41%)          60M (6%)             -                  -          
[44.475s][info][gc,heap     ] GC(145) Reclaimed:         -                  -                 0M (0%)          357M (35%)            -                  -          
[44.475s][info][gc          ] GC(145) Garbage Collection (Allocation Rate) 708M(69%)->634M(62%)
[44.504s][info][gc,start    ] GC(146) Garbage Collection (Allocation Rate)
[44.504s][info][gc,task     ] GC(146) Using 10 workers
[44.504s][info][gc,phases   ] GC(146) Pause Mark Start 0.013ms
[44.676s][info][gc,phases   ] GC(146) Concurrent Mark 171.588ms
[44.676s][info][gc,phases   ] GC(146) Pause Mark End 0.022ms
[44.676s][info][gc,phases   ] GC(146) Concurrent Mark Free 0.001ms
[44.678s][info][gc,phases   ] GC(146) Concurrent Process Non-Strong References 2.081ms
[44.678s][info][gc,phases   ] GC(146) Concurrent Reset Relocation Set 0.029ms
[44.681s][info][gc,phases   ] GC(146) Concurrent Select Relocation Set 3.069ms
[44.681s][info][gc,phases   ] GC(146) Pause Relocate Start 0.010ms
[44.693s][info][gc,phases   ] GC(146) Concurrent Relocate 12.149ms
[44.693s][info][gc,load     ] GC(146) Load: 0.00/0.00/0.00
[44.693s][info][gc,mmu      ] GC(146) MMU: 2ms/96.5%, 5ms/98.6%, 10ms/99.3%, 20ms/99.6%, 50ms/99.8%, 100ms/99.9%
[44.693s][info][gc,marking  ] GC(146) Mark: 8 stripe(s), 2 proactive flush(es), 1 terminate flush(es), 0 completion(s), 0 continuation(s) 
[44.693s][info][gc,marking  ] GC(146) Mark Stack Usage: 32M
[44.693s][info][gc,nmethod  ] GC(146) NMethods: 7919 registered, 878 unregistered
[44.693s][info][gc,metaspace] GC(146) Metaspace: 64M used, 64M committed, 1088M reserved
[44.693s][info][gc,ref      ] GC(146) Soft: 3205 encountered, 0 discovered, 0 enqueued
[44.693s][info][gc,ref      ] GC(146) Weak: 6233 encountered, 1595 discovered, 0 enqueued
[44.693s][info][gc,ref      ] GC(146) Final: 62 encountered, 2 discovered, 0 enqueued
[44.693s][info][gc,ref      ] GC(146) Phantom: 621 encountered, 426 discovered, 0 enqueued
[44.693s][info][gc,reloc    ] GC(146) Small Pages: 305 / 610M, Empty: 0M, Relocated: 17M, In-Place: 0
[44.694s][info][gc,reloc    ] GC(146) Medium Pages: 1 / 32M, Empty: 0M, Relocated: 0M, In-Place: 0
[44.694s][info][gc,reloc    ] GC(146) Large Pages: 4 / 40M, Empty: 0M, Relocated: 0M, In-Place: 0
[44.694s][info][gc,reloc    ] GC(146) Forwarding Usage: 15M
[44.694s][info][gc,heap     ] GC(146) Min Capacity: 8M(1%)
[44.694s][info][gc,heap     ] GC(146) Max Capacity: 1024M(100%)
[44.694s][info][gc,heap     ] GC(146) Soft Max Capacity: 1024M(100%)
[44.694s][info][gc,heap     ] GC(146)                Mark Start          Mark End        Relocate Start      Relocate End           High               Low         
[44.694s][info][gc,heap     ] GC(146)  Capacity:     1024M (100%)       1024M (100%)       1024M (100%)       1024M (100%)       1024M (100%)       1024M (100%)   
[44.694s][info][gc,heap     ] GC(146)      Free:      342M (33%)          34M (3%)           26M (3%)          334M (33%)         342M (33%)           6M (1%)     
[44.694s][info][gc,heap     ] GC(146)      Used:      682M (67%)         990M (97%)         998M (97%)         690M (67%)        1018M (99%)         682M (67%)    
[44.694s][info][gc,heap     ] GC(146)      Live:         -               297M (29%)         297M (29%)         297M (29%)            -                  -          
[44.694s][info][gc,heap     ] GC(146) Allocated:         -               308M (30%)         316M (31%)         323M (32%)            -                  -          
[44.694s][info][gc,heap     ] GC(146)   Garbage:         -               384M (38%)         384M (38%)          69M (7%)             -                  -          
[44.694s][info][gc,heap     ] GC(146) Reclaimed:         -                  -                 0M (0%)          315M (31%)            -                  -          
[44.694s][info][gc          ] GC(146) Garbage Collection (Allocation Rate) 682M(67%)->690M(67%)
[44.707s][info][gc,start    ] GC(147) Garbage Collection (Allocation Rate)
[44.707s][info][gc,task     ] GC(147) Using 10 workers
[44.707s][info][gc,phases   ] GC(147) Pause Mark Start 0.014ms
[44.910s][info][gc,phases   ] GC(147) Concurrent Mark 202.838ms
[44.910s][info][gc,phases   ] GC(147) Pause Mark End 0.020ms
[44.910s][info][gc,phases   ] GC(147) Concurrent Mark Free 0.001ms
[44.913s][info][gc,phases   ] GC(147) Concurrent Process Non-Strong References 2.418ms
[44.913s][info][gc,phases   ] GC(147) Concurrent Reset Relocation Set 0.045ms
[44.929s][info][gc,phases   ] GC(147) Concurrent Select Relocation Set 16.627ms
[44.929s][info][gc,phases   ] GC(147) Pause Relocate Start 0.009ms
[44.949s][info][gc,phases   ] GC(147) Concurrent Relocate 19.283ms
[44.949s][info][gc,load     ] GC(147) Load: 0.00/0.00/0.00
[44.949s][info][gc,mmu      ] GC(147) MMU: 2ms/96.5%, 5ms/98.6%, 10ms/99.3%, 20ms/99.6%, 50ms/99.8%, 100ms/99.9%
[44.949s][info][gc,marking  ] GC(147) Mark: 8 stripe(s), 2 proactive flush(es), 1 terminate flush(es), 0 completion(s), 0 continuation(s) 
[44.949s][info][gc,marking  ] GC(147) Mark Stack Usage: 32M
[44.949s][info][gc,nmethod  ] GC(147) NMethods: 7919 registered, 878 unregistered
[44.949s][info][gc,metaspace] GC(147) Metaspace: 64M used, 64M committed, 1088M reserved
[44.949s][info][gc,ref      ] GC(147) Soft: 3205 encountered, 0 discovered, 0 enqueued
[44.949s][info][gc,ref      ] GC(147) Weak: 6233 encountered, 2134 discovered, 0 enqueued
[44.949s][info][gc,ref      ] GC(147) Final: 62 encountered, 32 discovered, 0 enqueued
[44.949s][info][gc,ref      ] GC(147) Phantom: 618 encountered, 319 discovered, 0 enqueued
[44.949s][info][gc,reloc    ] GC(147) Small Pages: 298 / 596M, Empty: 0M, Relocated: 26M, In-Place: 0
[44.949s][info][gc,reloc    ] GC(147) Medium Pages: 2 / 64M, Empty: 0M, Relocated: 10M, In-Place: 0
[44.949s][info][gc,reloc    ] GC(147) Large Pages: 4 / 40M, Empty: 0M, Relocated: 0M, In-Place: 0
[44.949s][info][gc,reloc    ] GC(147) Forwarding Usage: 22M
[44.949s][info][gc,heap     ] GC(147) Min Capacity: 8M(1%)
[44.949s][info][gc,heap     ] GC(147) Max Capacity: 1024M(100%)
[44.949s][info][gc,heap     ] GC(147) Soft Max Capacity: 1024M(100%)
[44.949s][info][gc,heap     ] GC(147)                Mark Start          Mark End        Relocate Start      Relocate End           High               Low         
[44.949s][info][gc,heap     ] GC(147)  Capacity:     1024M (100%)       1024M (100%)       1024M (100%)       1024M (100%)       1024M (100%)       1024M (100%)   
[44.949s][info][gc,heap     ] GC(147)      Free:      324M (32%)         234M (23%)         234M (23%)         562M (55%)         562M (55%)         186M (18%)    
[44.949s][info][gc,heap     ] GC(147)      Used:      700M (68%)         790M (77%)         790M (77%)         462M (45%)         838M (82%)         462M (45%)    
[44.949s][info][gc,heap     ] GC(147)      Live:         -               303M (30%)         303M (30%)         303M (30%)            -                  -          
[44.949s][info][gc,heap     ] GC(147) Allocated:         -                90M (9%)           90M (9%)           90M (9%)             -                  -          
[44.949s][info][gc,heap     ] GC(147)   Garbage:         -               396M (39%)         396M (39%)          68M (7%)             -                  -          
[44.949s][info][gc,heap     ] GC(147) Reclaimed:         -                  -                 0M (0%)          328M (32%)            -                  -          
[44.949s][info][gc          ] GC(147) Garbage Collection (Allocation Rate) 700M(68%)->462M(45%)
[45.004s][info][gc,start    ] GC(148) Garbage Collection (Allocation Rate)
[45.004s][info][gc,task     ] GC(148) Using 10 workers
[45.004s][info][gc,phases   ] GC(148) Pause Mark Start 0.016ms
[45.167s][info][gc,phases   ] GC(148) Concurrent Mark 162.801ms
[45.167s][info][gc,phases   ] GC(148) Pause Mark End 0.026ms
[45.167s][info][gc,phases   ] GC(148) Concurrent Mark Free 0.001ms
[45.169s][info][gc,phases   ] GC(148) Concurrent Process Non-Strong References 1.989ms
[45.169s][info][gc,phases   ] GC(148) Concurrent Reset Relocation Set 0.025ms
[45.174s][info][gc,phases   ] GC(148) Concurrent Select Relocation Set 4.497ms
[45.174s][info][gc,phases   ] GC(148) Pause Relocate Start 0.010ms
[45.183s][info][gc,phases   ] GC(148) Concurrent Relocate 9.716ms
[45.184s][info][gc,load     ] GC(148) Load: 0.00/0.00/0.00
[45.184s][info][gc,mmu      ] GC(148) MMU: 2ms/96.5%, 5ms/98.6%, 10ms/99.3%, 20ms/99.6%, 50ms/99.8%, 100ms/99.9%
[45.184s][info][gc,marking  ] GC(148) Mark: 8 stripe(s), 2 proactive flush(es), 1 terminate flush(es), 0 completion(s), 0 continuation(s) 
[45.184s][info][gc,marking  ] GC(148) Mark Stack Usage: 32M
[45.184s][info][gc,nmethod  ] GC(148) NMethods: 7922 registered, 878 unregistered
[45.184s][info][gc,metaspace] GC(148) Metaspace: 64M used, 64M committed, 1088M reserved
[45.184s][info][gc,ref      ] GC(148) Soft: 3205 encountered, 0 discovered, 0 enqueued
[45.184s][info][gc,ref      ] GC(148) Weak: 6233 encountered, 1158 discovered, 0 enqueued
[45.184s][info][gc,ref      ] GC(148) Final: 62 encountered, 16 discovered, 0 enqueued
[45.184s][info][gc,ref      ] GC(148) Phantom: 617 encountered, 355 discovered, 0 enqueued
[45.184s][info][gc,reloc    ] GC(148) Small Pages: 179 / 358M, Empty: 0M, Relocated: 8M, In-Place: 0
[45.184s][info][gc,reloc    ] GC(148) Medium Pages: 2 / 64M, Empty: 0M, Relocated: 17M, In-Place: 0
[45.184s][info][gc,reloc    ] GC(148) Large Pages: 4 / 40M, Empty: 0M, Relocated: 0M, In-Place: 0
[45.184s][info][gc,reloc    ] GC(148) Forwarding Usage: 7M
[45.184s][info][gc,heap     ] GC(148) Min Capacity: 8M(1%)
[45.184s][info][gc,heap     ] GC(148) Max Capacity: 1024M(100%)
[45.184s][info][gc,heap     ] GC(148) Soft Max Capacity: 1024M(100%)
[45.184s][info][gc,heap     ] GC(148)                Mark Start          Mark End        Relocate Start      Relocate End           High               Low         
[45.184s][info][gc,heap     ] GC(148)  Capacity:     1024M (100%)       1024M (100%)       1024M (100%)       1024M (100%)       1024M (100%)       1024M (100%)   
[45.184s][info][gc,heap     ] GC(148)      Free:      562M (55%)         526M (51%)         526M (51%)         616M (60%)         616M (60%)         476M (46%)    
[45.184s][info][gc,heap     ] GC(148)      Used:      462M (45%)         498M (49%)         498M (49%)         408M (40%)         548M (54%)         408M (40%)    
[45.184s][info][gc,heap     ] GC(148)      Live:         -               310M (30%)         310M (30%)         310M (30%)            -                  -          
[45.184s][info][gc,heap     ] GC(148) Allocated:         -                36M (4%)           36M (4%)           35M (3%)             -                  -          
[45.184s][info][gc,heap     ] GC(148)   Garbage:         -               151M (15%)         151M (15%)          61M (6%)             -                  -          
[45.184s][info][gc,heap     ] GC(148) Reclaimed:         -                  -                 0M (0%)           89M (9%)             -                  -          
[45.184s][info][gc          ] GC(148) Garbage Collection (Allocation Rate) 462M(45%)->408M(40%)
[45.207s][info][gc,start    ] GC(149) Garbage Collection (Allocation Rate)
[45.207s][info][gc,task     ] GC(149) Using 10 workers
[45.208s][info][gc,phases   ] GC(149) Pause Mark Start 0.015ms
[45.379s][info][gc,phases   ] GC(149) Concurrent Mark 171.484ms
[45.379s][info][gc,phases   ] GC(149) Pause Mark End 0.022ms
[45.379s][info][gc,phases   ] GC(149) Concurrent Mark Free 0.001ms
[45.381s][info][gc,phases   ] GC(149) Concurrent Process Non-Strong References 2.058ms
[45.381s][info][gc,phases   ] GC(149) Concurrent Reset Relocation Set 0.008ms
[45.384s][info][gc,phases   ] GC(149) Concurrent Select Relocation Set 2.996ms
[45.385s][info][gc,phases   ] GC(149) Pause Relocate Start 0.005ms
[45.390s][info][gc,phases   ] GC(149) Concurrent Relocate 5.131ms
[45.390s][info][gc,load     ] GC(149) Load: 0.00/0.00/0.00
[45.390s][info][gc,mmu      ] GC(149) MMU: 2ms/96.5%, 5ms/98.6%, 10ms/99.3%, 20ms/99.6%, 50ms/99.8%, 100ms/99.9%
[45.390s][info][gc,marking  ] GC(149) Mark: 8 stripe(s), 3 proactive flush(es), 1 terminate flush(es), 0 completion(s), 0 continuation(s) 
[45.390s][info][gc,marking  ] GC(149) Mark Stack Usage: 32M
[45.390s][info][gc,nmethod  ] GC(149) NMethods: 7933 registered, 879 unregistered
[45.390s][info][gc,metaspace] GC(149) Metaspace: 64M used, 64M committed, 1088M reserved
[45.390s][info][gc,ref      ] GC(149) Soft: 3205 encountered, 0 discovered, 0 enqueued
[45.390s][info][gc,ref      ] GC(149) Weak: 6192 encountered, 748 discovered, 3 enqueued
[45.390s][info][gc,ref      ] GC(149) Final: 62 encountered, 24 discovered, 0 enqueued
[45.390s][info][gc,ref      ] GC(149) Phantom: 618 encountered, 439 discovered, 0 enqueued
[45.390s][info][gc,reloc    ] GC(149) Small Pages: 153 / 306M, Empty: 4M, Relocated: 3M, In-Place: 0
[45.390s][info][gc,reloc    ] GC(149) Medium Pages: 2 / 64M, Empty: 0M, Relocated: 16M, In-Place: 0
[45.390s][info][gc,reloc    ] GC(149) Large Pages: 4 / 40M, Empty: 0M, Relocated: 0M, In-Place: 0
[45.390s][info][gc,reloc    ] GC(149) Forwarding Usage: 2M
[45.390s][info][gc,heap     ] GC(149) Min Capacity: 8M(1%)
[45.390s][info][gc,heap     ] GC(149) Max Capacity: 1024M(100%)
[45.390s][info][gc,heap     ] GC(149) Soft Max Capacity: 1024M(100%)
[45.390s][info][gc,heap     ] GC(149)                Mark Start          Mark End        Relocate Start      Relocate End           High               Low         
[45.390s][info][gc,heap     ] GC(149)  Capacity:     1024M (100%)       1024M (100%)       1024M (100%)       1024M (100%)       1024M (100%)       1024M (100%)   
[45.390s][info][gc,heap     ] GC(149)      Free:      614M (60%)         550M (54%)         554M (54%)         584M (57%)         614M (60%)         510M (50%)    
[45.390s][info][gc,heap     ] GC(149)      Used:      410M (40%)         474M (46%)         470M (46%)         440M (43%)         514M (50%)         410M (40%)    
[45.390s][info][gc,heap     ] GC(149)      Live:         -               310M (30%)         310M (30%)         310M (30%)            -                  -          
[45.390s][info][gc,heap     ] GC(149) Allocated:         -                64M (6%)           64M (6%)           65M (6%)             -                  -          
[45.390s][info][gc,heap     ] GC(149)   Garbage:         -                99M (10%)          95M (9%)           63M (6%)             -                  -          
[45.390s][info][gc,heap     ] GC(149) Reclaimed:         -                  -                 4M (0%)           35M (4%)             -                  -          
[45.390s][info][gc          ] GC(149) Garbage Collection (Allocation Rate) 410M(40%)->440M(43%)
[45.410s][info][gc,start    ] GC(150) Garbage Collection (Allocation Rate)
[45.411s][info][gc,task     ] GC(150) Using 10 workers
[45.411s][info][gc,phases   ] GC(150) Pause Mark Start 0.009ms
[45.514s][info][gc,phases   ] GC(150) Concurrent Mark 103.541ms
[45.514s][info][gc,phases   ] GC(150) Pause Mark End 0.052ms
[45.514s][info][gc,phases   ] GC(150) Concurrent Mark Free 0.001ms
[45.517s][info][gc,phases   ] GC(150) Concurrent Process Non-Strong References 2.056ms
[45.517s][info][gc,phases   ] GC(150) Concurrent Reset Relocation Set 0.002ms
[45.530s][info][gc,phases   ] GC(150) Concurrent Select Relocation Set 13.697ms
[45.530s][info][gc,phases   ] GC(150) Pause Relocate Start 0.009ms
[45.553s][info][gc,phases   ] GC(150) Concurrent Relocate 22.557ms
[45.553s][info][gc,load     ] GC(150) Load: 0.00/0.00/0.00
[45.553s][info][gc,mmu      ] GC(150) MMU: 2ms/96.5%, 5ms/98.6%, 10ms/99.3%, 20ms/99.6%, 50ms/99.8%, 100ms/99.9%
[45.553s][info][gc,marking  ] GC(150) Mark: 8 stripe(s), 2 proactive flush(es), 1 terminate flush(es), 1 completion(s), 0 continuation(s) 
[45.553s][info][gc,marking  ] GC(150) Mark Stack Usage: 32M
[45.553s][info][gc,nmethod  ] GC(150) NMethods: 7992 registered, 884 unregistered
[45.553s][info][gc,metaspace] GC(150) Metaspace: 64M used, 64M committed, 1088M reserved
[45.553s][info][gc,ref      ] GC(150) Soft: 3203 encountered, 0 discovered, 0 enqueued
[45.553s][info][gc,ref      ] GC(150) Weak: 6373 encountered, 1546 discovered, 62 enqueued
[45.553s][info][gc,ref      ] GC(150) Final: 62 encountered, 6 discovered, 0 enqueued
[45.553s][info][gc,ref      ] GC(150) Phantom: 619 encountered, 434 discovered, 0 enqueued
[45.553s][info][gc,reloc    ] GC(150) Small Pages: 170 / 340M, Empty: 16M, Relocated: 48M, In-Place: 0
[45.553s][info][gc,reloc    ] GC(150) Medium Pages: 2 / 64M, Empty: 32M, Relocated: 0M, In-Place: 0
[45.553s][info][gc,reloc    ] GC(150) Large Pages: 4 / 40M, Empty: 20M, Relocated: 0M, In-Place: 0
[45.553s][info][gc,reloc    ] GC(150) Forwarding Usage: 46M
[45.553s][info][gc,heap     ] GC(150) Min Capacity: 8M(1%)
[45.553s][info][gc,heap     ] GC(150) Max Capacity: 1024M(100%)
[45.553s][info][gc,heap     ] GC(150) Soft Max Capacity: 1024M(100%)
[45.553s][info][gc,heap     ] GC(150)                Mark Start          Mark End        Relocate Start      Relocate End           High               Low         
[45.553s][info][gc,heap     ] GC(150)  Capacity:     1024M (100%)       1024M (100%)       1024M (100%)       1024M (100%)       1024M (100%)       1024M (100%)   
[45.553s][info][gc,heap     ] GC(150)      Free:      580M (57%)         552M (54%)         620M (61%)         642M (63%)         676M (66%)         552M (54%)    
[45.553s][info][gc,heap     ] GC(150)      Used:      444M (43%)         472M (46%)         404M (39%)         382M (37%)         472M (46%)         348M (34%)    
[45.553s][info][gc,heap     ] GC(150)      Live:         -               234M (23%)         234M (23%)         234M (23%)            -                  -          
[45.553s][info][gc,heap     ] GC(150) Allocated:         -                28M (3%)           28M (3%)          105M (10%)            -                  -          
[45.553s][info][gc,heap     ] GC(150)   Garbage:         -               209M (20%)         141M (14%)          41M (4%)             -                  -          
[45.553s][info][gc,heap     ] GC(150) Reclaimed:         -                  -                68M (7%)          167M (16%)            -                  -          
[45.553s][info][gc          ] GC(150) Garbage Collection (Allocation Rate) 444M(43%)->382M(37%)
[45.603s][info][gc,start    ] GC(151) Garbage Collection (Allocation Rate)
[45.603s][info][gc,task     ] GC(151) Using 10 workers
[45.603s][info][gc,phases   ] GC(151) Pause Mark Start 0.011ms
[45.690s][info][gc,phases   ] GC(151) Concurrent Mark 86.593ms
[45.690s][info][gc,phases   ] GC(151) Pause Mark End 0.031ms
[45.690s][info][gc,phases   ] GC(151) Concurrent Mark Free 0.002ms
[45.692s][info][gc,phases   ] GC(151) Concurrent Process Non-Strong References 2.149ms
[45.692s][info][gc,phases   ] GC(151) Concurrent Reset Relocation Set 0.021ms
[45.702s][info][gc,phases   ] GC(151) Concurrent Select Relocation Set 9.375ms
[45.702s][info][gc,phases   ] GC(151) Pause Relocate Start 0.015ms
[45.715s][info][gc,phases   ] GC(151) Concurrent Relocate 13.498ms
[45.716s][info][gc,load     ] GC(151) Load: 0.00/0.00/0.00
[45.716s][info][gc,mmu      ] GC(151) MMU: 2ms/96.5%, 5ms/98.6%, 10ms/99.3%, 20ms/99.6%, 50ms/99.8%, 100ms/99.9%
[45.716s][info][gc,marking  ] GC(151) Mark: 8 stripe(s), 2 proactive flush(es), 1 terminate flush(es), 0 completion(s), 0 continuation(s) 
[45.716s][info][gc,marking  ] GC(151) Mark Stack Usage: 32M
[45.716s][info][gc,nmethod  ] GC(151) NMethods: 7996 registered, 887 unregistered
[45.716s][info][gc,metaspace] GC(151) Metaspace: 64M used, 64M committed, 1088M reserved
[45.716s][info][gc,ref      ] GC(151) Soft: 3205 encountered, 0 discovered, 0 enqueued
[45.716s][info][gc,ref      ] GC(151) Weak: 6434 encountered, 751 discovered, 149 enqueued
[45.716s][info][gc,ref      ] GC(151) Final: 62 encountered, 0 discovered, 0 enqueued
[45.716s][info][gc,ref      ] GC(151) Phantom: 619 encountered, 505 discovered, 0 enqueued
[45.716s][info][gc,reloc    ] GC(151) Small Pages: 174 / 348M, Empty: 40M, Relocated: 17M, In-Place: 0
[45.716s][info][gc,reloc    ] GC(151) Medium Pages: 2 / 64M, Empty: 0M, Relocated: 14M, In-Place: 0
[45.716s][info][gc,reloc    ] GC(151) Large Pages: 5 / 38M, Empty: 26M, Relocated: 0M, In-Place: 0
[45.716s][info][gc,reloc    ] GC(151) Forwarding Usage: 17M
[45.716s][info][gc,heap     ] GC(151) Min Capacity: 8M(1%)
[45.716s][info][gc,heap     ] GC(151) Max Capacity: 1024M(100%)
[45.716s][info][gc,heap     ] GC(151) Soft Max Capacity: 1024M(100%)
[45.716s][info][gc,heap     ] GC(151)                Mark Start          Mark End        Relocate Start      Relocate End           High               Low         
[45.716s][info][gc,heap     ] GC(151)  Capacity:     1024M (100%)       1024M (100%)       1024M (100%)       1024M (100%)       1024M (100%)       1024M (100%)   
[45.716s][info][gc,heap     ] GC(151)      Free:      574M (56%)         510M (50%)         568M (55%)         716M (70%)         716M (70%)         502M (49%)    
[45.716s][info][gc,heap     ] GC(151)      Used:      450M (44%)         514M (50%)         456M (45%)         308M (30%)         522M (51%)         308M (30%)    
[45.716s][info][gc,heap     ] GC(151)      Live:         -               195M (19%)         195M (19%)         195M (19%)            -                  -          
[45.716s][info][gc,heap     ] GC(151) Allocated:         -                64M (6%)           72M (7%)           75M (7%)             -                  -          
[45.716s][info][gc,heap     ] GC(151)   Garbage:         -               254M (25%)         188M (18%)          37M (4%)             -                  -          
[45.716s][info][gc,heap     ] GC(151) Reclaimed:         -                  -                66M (6%)          217M (21%)            -                  -          
[45.716s][info][gc          ] GC(151) Garbage Collection (Allocation Rate) 450M(44%)->308M(30%)
[45.815s][info][gc,start    ] GC(152) Garbage Collection (Allocation Rate)
[45.815s][info][gc,task     ] GC(152) Using 10 workers
[45.815s][info][gc,phases   ] GC(152) Pause Mark Start 0.016ms
[45.924s][info][gc,phases   ] GC(152) Concurrent Mark 108.974ms
[45.924s][info][gc,phases   ] GC(152) Pause Mark End 0.029ms
[45.924s][info][gc,phases   ] GC(152) Concurrent Mark Free 0.001ms
[45.927s][info][gc,phases   ] GC(152) Concurrent Process Non-Strong References 2.495ms
[45.927s][info][gc,phases   ] GC(152) Concurrent Reset Relocation Set 0.011ms
[45.948s][info][gc,phases   ] GC(152) Concurrent Select Relocation Set 21.381ms
[45.948s][info][gc,phases   ] GC(152) Pause Relocate Start 0.015ms
[45.970s][info][gc,phases   ] GC(152) Concurrent Relocate 21.412ms
[45.970s][info][gc,load     ] GC(152) Load: 0.00/0.00/0.00
[45.970s][info][gc,mmu      ] GC(152) MMU: 2ms/96.5%, 5ms/98.6%, 10ms/99.3%, 20ms/99.6%, 50ms/99.8%, 100ms/99.9%
[45.970s][info][gc,marking  ] GC(152) Mark: 8 stripe(s), 3 proactive flush(es), 1 terminate flush(es), 0 completion(s), 0 continuation(s) 
[45.970s][info][gc,marking  ] GC(152) Mark Stack Usage: 32M
[45.970s][info][gc,nmethod  ] GC(152) NMethods: 8004 registered, 890 unregistered
[45.970s][info][gc,metaspace] GC(152) Metaspace: 64M used, 64M committed, 1088M reserved
[45.970s][info][gc,ref      ] GC(152) Soft: 3205 encountered, 0 discovered, 0 enqueued
[45.970s][info][gc,ref      ] GC(152) Weak: 6294 encountered, 1928 discovered, 5 enqueued
[45.970s][info][gc,ref      ] GC(152) Final: 62 encountered, 0 discovered, 0 enqueued
[45.970s][info][gc,ref      ] GC(152) Phantom: 621 encountered, 553 discovered, 0 enqueued
[45.970s][info][gc,reloc    ] GC(152) Small Pages: 137 / 274M, Empty: 0M, Relocated: 24M, In-Place: 0
[45.970s][info][gc,reloc    ] GC(152) Medium Pages: 1 / 32M, Empty: 0M, Relocated: 0M, In-Place: 0
[45.970s][info][gc,reloc    ] GC(152) Large Pages: 4 / 24M, Empty: 0M, Relocated: 0M, In-Place: 0
[45.970s][info][gc,reloc    ] GC(152) Forwarding Usage: 23M
[45.970s][info][gc,heap     ] GC(152) Min Capacity: 8M(1%)
[45.970s][info][gc,heap     ] GC(152) Max Capacity: 1024M(100%)
[45.970s][info][gc,heap     ] GC(152) Soft Max Capacity: 1024M(100%)
[45.970s][info][gc,heap     ] GC(152)                Mark Start          Mark End        Relocate Start      Relocate End           High               Low         
[45.970s][info][gc,heap     ] GC(152)  Capacity:     1024M (100%)       1024M (100%)       1024M (100%)       1024M (100%)       1024M (100%)       1024M (100%)   
[45.970s][info][gc,heap     ] GC(152)      Free:      694M (68%)         562M (55%)         506M (49%)         542M (53%)         694M (68%)         486M (47%)    
[45.970s][info][gc,heap     ] GC(152)      Used:      330M (32%)         462M (45%)         518M (51%)         482M (47%)         538M (53%)         330M (32%)    
[45.970s][info][gc,heap     ] GC(152)      Live:         -               212M (21%)         212M (21%)         212M (21%)            -                  -          
[45.970s][info][gc,heap     ] GC(152) Allocated:         -               132M (13%)         188M (18%)         227M (22%)            -                  -          
[45.970s][info][gc,heap     ] GC(152)   Garbage:         -               117M (11%)         117M (11%)          41M (4%)             -                  -          
[45.970s][info][gc,heap     ] GC(152) Reclaimed:         -                  -                 0M (0%)           75M (7%)             -                  -          
[45.970s][info][gc          ] GC(152) Garbage Collection (Allocation Rate) 330M(32%)->482M(47%)
[46.018s][info][gc,start    ] GC(153) Garbage Collection (Allocation Rate)
[46.018s][info][gc,task     ] GC(153) Using 10 workers
[46.018s][info][gc,phases   ] GC(153) Pause Mark Start 0.019ms
[46.143s][info][gc,phases   ] GC(153) Concurrent Mark 124.579ms
[46.143s][info][gc,phases   ] GC(153) Pause Mark End 0.019ms
[46.143s][info][gc,phases   ] GC(153) Concurrent Mark Free 0.001ms
[46.145s][info][gc,phases   ] GC(153) Concurrent Process Non-Strong References 1.983ms
[46.145s][info][gc,phases   ] GC(153) Concurrent Reset Relocation Set 0.010ms
[46.173s][info][gc,phases   ] GC(153) Concurrent Select Relocation Set 27.650ms
[46.173s][info][gc,phases   ] GC(153) Pause Relocate Start 0.009ms
[46.203s][info][gc,phases   ] GC(153) Concurrent Relocate 30.448ms
[46.203s][info][gc,load     ] GC(153) Load: 0.00/0.00/0.00
[46.203s][info][gc,mmu      ] GC(153) MMU: 2ms/96.5%, 5ms/98.6%, 10ms/99.3%, 20ms/99.6%, 50ms/99.8%, 100ms/99.9%
[46.203s][info][gc,marking  ] GC(153) Mark: 8 stripe(s), 2 proactive flush(es), 1 terminate flush(es), 0 completion(s), 0 continuation(s) 
[46.203s][info][gc,marking  ] GC(153) Mark Stack Usage: 32M
[46.203s][info][gc,nmethod  ] GC(153) NMethods: 8014 registered, 890 unregistered
[46.203s][info][gc,metaspace] GC(153) Metaspace: 64M used, 65M committed, 1088M reserved
[46.203s][info][gc,ref      ] GC(153) Soft: 3209 encountered, 0 discovered, 0 enqueued
[46.203s][info][gc,ref      ] GC(153) Weak: 6290 encountered, 1125 discovered, 0 enqueued
[46.203s][info][gc,ref      ] GC(153) Final: 62 encountered, 20 discovered, 0 enqueued
[46.203s][info][gc,ref      ] GC(153) Phantom: 620 encountered, 593 discovered, 0 enqueued
[46.203s][info][gc,reloc    ] GC(153) Small Pages: 227 / 454M, Empty: 0M, Relocated: 73M, In-Place: 0
[46.203s][info][gc,reloc    ] GC(153) Medium Pages: 2 / 64M, Empty: 0M, Relocated: 12M, In-Place: 0
[46.203s][info][gc,reloc    ] GC(153) Large Pages: 8 / 48M, Empty: 0M, Relocated: 0M, In-Place: 0
[46.203s][info][gc,reloc    ] GC(153) Forwarding Usage: 44M
[46.203s][info][gc,heap     ] GC(153) Min Capacity: 8M(1%)
[46.203s][info][gc,heap     ] GC(153) Max Capacity: 1024M(100%)
[46.203s][info][gc,heap     ] GC(153) Soft Max Capacity: 1024M(100%)
[46.203s][info][gc,heap     ] GC(153)                Mark Start          Mark End        Relocate Start      Relocate End           High               Low         
[46.203s][info][gc,heap     ] GC(153)  Capacity:     1024M (100%)       1024M (100%)       1024M (100%)       1024M (100%)       1024M (100%)       1024M (100%)   
[46.203s][info][gc,heap     ] GC(153)      Free:      458M (45%)         384M (38%)         338M (33%)         512M (50%)         514M (50%)         288M (28%)    
[46.203s][info][gc,heap     ] GC(153)      Used:      566M (55%)         640M (63%)         686M (67%)         512M (50%)         736M (72%)         510M (50%)    
[46.203s][info][gc,heap     ] GC(153)      Live:         -               300M (29%)         300M (29%)         300M (29%)            -                  -          
[46.203s][info][gc,heap     ] GC(153) Allocated:         -                74M (7%)          120M (12%)         166M (16%)            -                  -          
[46.203s][info][gc,heap     ] GC(153)   Garbage:         -               265M (26%)         265M (26%)          45M (4%)             -                  -          
[46.204s][info][gc,heap     ] GC(153) Reclaimed:         -                  -                 0M (0%)          220M (22%)            -                  -          
[46.204s][info][gc          ] GC(153) Garbage Collection (Allocation Rate) 566M(55%)->512M(50%)
[46.205s][info][gc,start    ] GC(154) Garbage Collection (Allocation Rate)
[46.205s][info][gc,task     ] GC(154) Using 10 workers
[46.205s][info][gc,phases   ] GC(154) Pause Mark Start 0.008ms
[46.321s][info][gc,phases   ] GC(154) Concurrent Mark 116.114ms
[46.322s][info][gc,phases   ] GC(154) Pause Mark End 0.024ms
[46.322s][info][gc,phases   ] GC(154) Concurrent Mark Free 0.001ms
[46.324s][info][gc,phases   ] GC(154) Concurrent Process Non-Strong References 2.278ms
[46.324s][info][gc,phases   ] GC(154) Concurrent Reset Relocation Set 0.023ms
[46.330s][info][gc,phases   ] GC(154) Concurrent Select Relocation Set 6.211ms
[46.330s][info][gc,phases   ] GC(154) Pause Relocate Start 0.011ms
[46.345s][info][gc,phases   ] GC(154) Concurrent Relocate 14.130ms
[46.345s][info][gc,load     ] GC(154) Load: 0.00/0.00/0.00
[46.345s][info][gc,mmu      ] GC(154) MMU: 2ms/96.5%, 5ms/98.6%, 10ms/99.3%, 20ms/99.6%, 50ms/99.8%, 100ms/99.9%
[46.345s][info][gc,marking  ] GC(154) Mark: 8 stripe(s), 2 proactive flush(es), 1 terminate flush(es), 0 completion(s), 0 continuation(s) 
[46.345s][info][gc,marking  ] GC(154) Mark Stack Usage: 32M
[46.345s][info][gc,nmethod  ] GC(154) NMethods: 8015 registered, 893 unregistered
[46.345s][info][gc,metaspace] GC(154) Metaspace: 64M used, 65M committed, 1088M reserved
[46.345s][info][gc,ref      ] GC(154) Soft: 3209 encountered, 0 discovered, 0 enqueued
[46.345s][info][gc,ref      ] GC(154) Weak: 6290 encountered, 861 discovered, 0 enqueued
[46.345s][info][gc,ref      ] GC(154) Final: 62 encountered, 2 discovered, 0 enqueued
[46.345s][info][gc,ref      ] GC(154) Phantom: 618 encountered, 463 discovered, 0 enqueued
[46.345s][info][gc,reloc    ] GC(154) Small Pages: 218 / 436M, Empty: 24M, Relocated: 33M, In-Place: 0
[46.345s][info][gc,reloc    ] GC(154) Medium Pages: 1 / 32M, Empty: 0M, Relocated: 0M, In-Place: 0
[46.345s][info][gc,reloc    ] GC(154) Large Pages: 8 / 48M, Empty: 24M, Relocated: 0M, In-Place: 0
[46.345s][info][gc,reloc    ] GC(154) Forwarding Usage: 17M
[46.345s][info][gc,heap     ] GC(154) Min Capacity: 8M(1%)
[46.345s][info][gc,heap     ] GC(154) Max Capacity: 1024M(100%)
[46.345s][info][gc,heap     ] GC(154) Soft Max Capacity: 1024M(100%)
[46.345s][info][gc,heap     ] GC(154)                Mark Start          Mark End        Relocate Start      Relocate End           High               Low         
[46.345s][info][gc,heap     ] GC(154)  Capacity:     1024M (100%)       1024M (100%)       1024M (100%)       1024M (100%)       1024M (100%)       1024M (100%)   
[46.345s][info][gc,heap     ] GC(154)      Free:      508M (50%)         282M (28%)         312M (30%)         392M (38%)         508M (50%)         272M (27%)    
[46.345s][info][gc,heap     ] GC(154)      Used:      516M (50%)         742M (72%)         712M (70%)         632M (62%)         752M (73%)         516M (50%)    
[46.345s][info][gc,heap     ] GC(154)      Live:         -               271M (27%)         271M (27%)         271M (27%)            -                  -          
[46.345s][info][gc,heap     ] GC(154) Allocated:         -               226M (22%)         244M (24%)         309M (30%)            -                  -          
[46.345s][info][gc,heap     ] GC(154)   Garbage:         -               244M (24%)         196M (19%)          50M (5%)             -                  -          
[46.345s][info][gc,heap     ] GC(154) Reclaimed:         -                  -                48M (5%)          193M (19%)            -                  -          
[46.345s][info][gc          ] GC(154) Garbage Collection (Allocation Rate) 516M(50%)->632M(62%)
[46.415s][info][gc,start    ] GC(155) Garbage Collection (Allocation Rate)
[46.415s][info][gc,task     ] GC(155) Using 10 workers
[46.415s][info][gc,phases   ] GC(155) Pause Mark Start 0.017ms
[46.556s][info][gc,phases   ] GC(155) Concurrent Mark 140.205ms
[46.556s][info][gc,phases   ] GC(155) Pause Mark End 0.019ms
[46.556s][info][gc,phases   ] GC(155) Concurrent Mark Free 0.001ms
[46.558s][info][gc,phases   ] GC(155) Concurrent Process Non-Strong References 2.474ms
[46.558s][info][gc,phases   ] GC(155) Concurrent Reset Relocation Set 0.016ms
[46.577s][info][gc,phases   ] GC(155) Concurrent Select Relocation Set 18.319ms
[46.577s][info][gc,phases   ] GC(155) Pause Relocate Start 0.009ms
[46.601s][info][gc,phases   ] GC(155) Concurrent Relocate 23.861ms
[46.601s][info][gc,load     ] GC(155) Load: 0.00/0.00/0.00
[46.601s][info][gc,mmu      ] GC(155) MMU: 2ms/96.5%, 5ms/98.6%, 10ms/99.3%, 20ms/99.6%, 50ms/99.8%, 100ms/99.9%
[46.601s][info][gc,marking  ] GC(155) Mark: 8 stripe(s), 2 proactive flush(es), 1 terminate flush(es), 0 completion(s), 0 continuation(s) 
[46.601s][info][gc,marking  ] GC(155) Mark Stack Usage: 32M
[46.601s][info][gc,nmethod  ] GC(155) NMethods: 8020 registered, 893 unregistered
[46.601s][info][gc,metaspace] GC(155) Metaspace: 64M used, 65M committed, 1088M reserved
[46.601s][info][gc,ref      ] GC(155) Soft: 3209 encountered, 0 discovered, 0 enqueued
[46.601s][info][gc,ref      ] GC(155) Weak: 6290 encountered, 1718 discovered, 0 enqueued
[46.601s][info][gc,ref      ] GC(155) Final: 62 encountered, 3 discovered, 0 enqueued
[46.601s][info][gc,ref      ] GC(155) Phantom: 620 encountered, 479 discovered, 0 enqueued
[46.601s][info][gc,reloc    ] GC(155) Small Pages: 347 / 694M, Empty: 0M, Relocated: 32M, In-Place: 0
[46.601s][info][gc,reloc    ] GC(155) Medium Pages: 2 / 64M, Empty: 0M, Relocated: 15M, In-Place: 0
[46.601s][info][gc,reloc    ] GC(155) Large Pages: 4 / 24M, Empty: 0M, Relocated: 0M, In-Place: 0
[46.601s][info][gc,reloc    ] GC(155) Forwarding Usage: 25M
[46.601s][info][gc,heap     ] GC(155) Min Capacity: 8M(1%)
[46.601s][info][gc,heap     ] GC(155) Max Capacity: 1024M(100%)
[46.601s][info][gc,heap     ] GC(155) Soft Max Capacity: 1024M(100%)
[46.601s][info][gc,heap     ] GC(155)                Mark Start          Mark End        Relocate Start      Relocate End           High               Low         
[46.601s][info][gc,heap     ] GC(155)  Capacity:     1024M (100%)       1024M (100%)       1024M (100%)       1024M (100%)       1024M (100%)       1024M (100%)   
[46.601s][info][gc,heap     ] GC(155)      Free:      242M (24%)         122M (12%)         114M (11%)         544M (53%)         544M (53%)          66M (6%)     
[46.601s][info][gc,heap     ] GC(155)      Used:      782M (76%)         902M (88%)         910M (89%)         480M (47%)         958M (94%)         480M (47%)    
[46.601s][info][gc,heap     ] GC(155)      Live:         -               302M (30%)         302M (30%)         302M (30%)            -                  -          
[46.601s][info][gc,heap     ] GC(155) Allocated:         -               120M (12%)         128M (13%)         135M (13%)            -                  -          
[46.601s][info][gc,heap     ] GC(155)   Garbage:         -               479M (47%)         479M (47%)          41M (4%)             -                  -          
[46.601s][info][gc,heap     ] GC(155) Reclaimed:         -                  -                 0M (0%)          437M (43%)            -                  -          
[46.601s][info][gc          ] GC(155) Garbage Collection (Allocation Rate) 782M(76%)->480M(47%)
[46.618s][info][gc,start    ] GC(156) Garbage Collection (Allocation Rate)
[46.618s][info][gc,task     ] GC(156) Using 10 workers
[46.618s][info][gc,phases   ] GC(156) Pause Mark Start 0.009ms
[46.759s][info][gc,phases   ] GC(156) Concurrent Mark 140.339ms
[46.759s][info][gc,phases   ] GC(156) Pause Mark End 0.022ms
[46.759s][info][gc,phases   ] GC(156) Concurrent Mark Free 0.000ms
[46.761s][info][gc,phases   ] GC(156) Concurrent Process Non-Strong References 2.034ms
[46.761s][info][gc,phases   ] GC(156) Concurrent Reset Relocation Set 0.027ms
[46.766s][info][gc,phases   ] GC(156) Concurrent Select Relocation Set 4.561ms
[46.766s][info][gc,phases   ] GC(156) Pause Relocate Start 0.008ms
[46.770s][info][gc,phases   ] GC(156) Concurrent Relocate 4.487ms
[46.770s][info][gc,load     ] GC(156) Load: 0.00/0.00/0.00
[46.770s][info][gc,mmu      ] GC(156) MMU: 2ms/96.5%, 5ms/98.6%, 10ms/99.3%, 20ms/99.6%, 50ms/99.8%, 100ms/99.9%
[46.770s][info][gc,marking  ] GC(156) Mark: 8 stripe(s), 2 proactive flush(es), 1 terminate flush(es), 0 completion(s), 0 continuation(s) 
[46.770s][info][gc,marking  ] GC(156) Mark Stack Usage: 32M
[46.770s][info][gc,nmethod  ] GC(156) NMethods: 8021 registered, 894 unregistered
[46.770s][info][gc,metaspace] GC(156) Metaspace: 64M used, 65M committed, 1088M reserved
[46.770s][info][gc,ref      ] GC(156) Soft: 3209 encountered, 0 discovered, 0 enqueued
[46.770s][info][gc,ref      ] GC(156) Weak: 6290 encountered, 1337 discovered, 0 enqueued
[46.770s][info][gc,ref      ] GC(156) Final: 62 encountered, 2 discovered, 0 enqueued
[46.771s][info][gc,ref      ] GC(156) Phantom: 621 encountered, 564 discovered, 0 enqueued
[46.771s][info][gc,reloc    ] GC(156) Small Pages: 199 / 398M, Empty: 20M, Relocated: 6M, In-Place: 0
[46.771s][info][gc,reloc    ] GC(156) Medium Pages: 2 / 64M, Empty: 0M, Relocated: 17M, In-Place: 0
[46.771s][info][gc,reloc    ] GC(156) Large Pages: 4 / 24M, Empty: 0M, Relocated: 0M, In-Place: 0
[46.771s][info][gc,reloc    ] GC(156) Forwarding Usage: 4M
[46.771s][info][gc,heap     ] GC(156) Min Capacity: 8M(1%)
[46.771s][info][gc,heap     ] GC(156) Max Capacity: 1024M(100%)
[46.771s][info][gc,heap     ] GC(156) Soft Max Capacity: 1024M(100%)
[46.771s][info][gc,heap     ] GC(156)                Mark Start          Mark End        Relocate Start      Relocate End           High               Low         
[46.771s][info][gc,heap     ] GC(156)  Capacity:     1024M (100%)       1024M (100%)       1024M (100%)       1024M (100%)       1024M (100%)       1024M (100%)   
[46.771s][info][gc,heap     ] GC(156)      Free:      538M (53%)         488M (48%)         506M (49%)         618M (60%)         618M (60%)         460M (45%)    
[46.771s][info][gc,heap     ] GC(156)      Used:      486M (47%)         536M (52%)         518M (51%)         406M (40%)         564M (55%)         406M (40%)    
[46.771s][info][gc,heap     ] GC(156)      Live:         -               307M (30%)         307M (30%)         307M (30%)            -                  -          
[46.771s][info][gc,heap     ] GC(156) Allocated:         -                50M (5%)           52M (5%)           53M (5%)             -                  -          
[46.771s][info][gc,heap     ] GC(156)   Garbage:         -               178M (17%)         158M (15%)          44M (4%)             -                  -          
[46.771s][info][gc,heap     ] GC(156) Reclaimed:         -                  -                20M (2%)          133M (13%)            -                  -          
[46.771s][info][gc          ] GC(156) Garbage Collection (Allocation Rate) 486M(47%)->406M(40%)
[46.806s][info][gc,start    ] GC(157) Garbage Collection (Allocation Rate)
[46.806s][info][gc,task     ] GC(157) Using 10 workers
[46.806s][info][gc,phases   ] GC(157) Pause Mark Start 0.012ms
[46.938s][info][gc,phases   ] GC(157) Concurrent Mark 131.604ms
[46.938s][info][gc,phases   ] GC(157) Pause Mark End 0.025ms
[46.938s][info][gc,phases   ] GC(157) Concurrent Mark Free 0.001ms
[46.940s][info][gc,phases   ] GC(157) Concurrent Process Non-Strong References 2.280ms
[46.940s][info][gc,phases   ] GC(157) Concurrent Reset Relocation Set 0.007ms
[46.947s][info][gc,phases   ] GC(157) Concurrent Select Relocation Set 7.206ms
[46.948s][info][gc,phases   ] GC(157) Pause Relocate Start 0.010ms
[46.950s][info][gc,phases   ] GC(157) Concurrent Relocate 2.635ms
[46.950s][info][gc,load     ] GC(157) Load: 0.00/0.00/0.00
[46.950s][info][gc,mmu      ] GC(157) MMU: 2ms/96.5%, 5ms/98.6%, 10ms/99.3%, 20ms/99.6%, 50ms/99.8%, 100ms/99.9%
[46.950s][info][gc,marking  ] GC(157) Mark: 8 stripe(s), 2 proactive flush(es), 1 terminate flush(es), 0 completion(s), 0 continuation(s) 
[46.950s][info][gc,marking  ] GC(157) Mark Stack Usage: 32M
[46.950s][info][gc,nmethod  ] GC(157) NMethods: 8020 registered, 897 unregistered
[46.950s][info][gc,metaspace] GC(157) Metaspace: 64M used, 65M committed, 1088M reserved
[46.950s][info][gc,ref      ] GC(157) Soft: 3209 encountered, 0 discovered, 0 enqueued
[46.950s][info][gc,ref      ] GC(157) Weak: 6290 encountered, 900 discovered, 0 enqueued
[46.950s][info][gc,ref      ] GC(157) Final: 62 encountered, 21 discovered, 0 enqueued
[46.950s][info][gc,ref      ] GC(157) Phantom: 621 encountered, 594 discovered, 0 enqueued
[46.950s][info][gc,reloc    ] GC(157) Small Pages: 181 / 362M, Empty: 26M, Relocated: 6M, In-Place: 0
[46.950s][info][gc,reloc    ] GC(157) Medium Pages: 1 / 32M, Empty: 0M, Relocated: 0M, In-Place: 0
[46.950s][info][gc,reloc    ] GC(157) Large Pages: 4 / 24M, Empty: 0M, Relocated: 0M, In-Place: 0
[46.950s][info][gc,reloc    ] GC(157) Forwarding Usage: 6M
[46.950s][info][gc,heap     ] GC(157) Min Capacity: 8M(1%)
[46.951s][info][gc,heap     ] GC(157) Max Capacity: 1024M(100%)
[46.951s][info][gc,heap     ] GC(157) Soft Max Capacity: 1024M(100%)
[46.951s][info][gc,heap     ] GC(157)                Mark Start          Mark End        Relocate Start      Relocate End           High               Low         
[46.951s][info][gc,heap     ] GC(157)  Capacity:     1024M (100%)       1024M (100%)       1024M (100%)       1024M (100%)       1024M (100%)       1024M (100%)   
[46.951s][info][gc,heap     ] GC(157)      Free:      606M (59%)         558M (54%)         582M (57%)         620M (61%)         620M (61%)         558M (54%)    
[46.951s][info][gc,heap     ] GC(157)      Used:      418M (41%)         466M (46%)         442M (43%)         404M (39%)         466M (46%)         404M (39%)    
[46.951s][info][gc,heap     ] GC(157)      Live:         -               307M (30%)         307M (30%)         307M (30%)            -                  -          
[46.951s][info][gc,heap     ] GC(157) Allocated:         -                48M (5%)           50M (5%)           49M (5%)             -                  -          
[46.951s][info][gc,heap     ] GC(157)   Garbage:         -               110M (11%)          84M (8%)           46M (5%)             -                  -          
[46.951s][info][gc,heap     ] GC(157) Reclaimed:         -                  -                26M (3%)           63M (6%)             -                  -          
[46.951s][info][gc          ] GC(157) Garbage Collection (Allocation Rate) 418M(41%)->404M(39%)
[47.016s][info][gc,start    ] GC(158) Garbage Collection (Allocation Rate)
[47.016s][info][gc,task     ] GC(158) Using 10 workers
[47.016s][info][gc,phases   ] GC(158) Pause Mark Start 0.018ms
[47.125s][info][gc,phases   ] GC(158) Concurrent Mark 108.977ms
[47.125s][info][gc,phases   ] GC(158) Pause Mark End 0.028ms
[47.125s][info][gc,phases   ] GC(158) Concurrent Mark Free 0.001ms
[47.132s][info][gc,phases   ] GC(158) Concurrent Process Non-Strong References 7.044ms
[47.132s][info][gc,phases   ] GC(158) Concurrent Reset Relocation Set 0.005ms
[47.147s][info][gc,phases   ] GC(158) Concurrent Select Relocation Set 14.307ms
[47.147s][info][gc,phases   ] GC(158) Pause Relocate Start 0.013ms
[47.166s][info][gc,phases   ] GC(158) Concurrent Relocate 18.671ms
[47.166s][info][gc,load     ] GC(158) Load: 0.00/0.00/0.00
[47.166s][info][gc,mmu      ] GC(158) MMU: 2ms/96.5%, 5ms/98.6%, 10ms/99.3%, 20ms/99.6%, 50ms/99.8%, 100ms/99.9%
[47.166s][info][gc,marking  ] GC(158) Mark: 8 stripe(s), 2 proactive flush(es), 1 terminate flush(es), 0 completion(s), 0 continuation(s) 
[47.166s][info][gc,marking  ] GC(158) Mark Stack Usage: 32M
[47.166s][info][gc,nmethod  ] GC(158) NMethods: 6417 registered, 2523 unregistered
[47.166s][info][gc,metaspace] GC(158) Metaspace: 64M used, 65M committed, 1088M reserved
[47.166s][info][gc,ref      ] GC(158) Soft: 3209 encountered, 0 discovered, 0 enqueued
[47.166s][info][gc,ref      ] GC(158) Weak: 6290 encountered, 691 discovered, 0 enqueued
[47.166s][info][gc,ref      ] GC(158) Final: 62 encountered, 21 discovered, 0 enqueued
[47.166s][info][gc,ref      ] GC(158) Phantom: 619 encountered, 539 discovered, 0 enqueued
[47.166s][info][gc,reloc    ] GC(158) Small Pages: 211 / 422M, Empty: 38M, Relocated: 36M, In-Place: 0
[47.166s][info][gc,reloc    ] GC(158) Medium Pages: 1 / 32M, Empty: 0M, Relocated: 0M, In-Place: 0
[47.166s][info][gc,reloc    ] GC(158) Large Pages: 4 / 24M, Empty: 18M, Relocated: 0M, In-Place: 0
[47.166s][info][gc,reloc    ] GC(158) Forwarding Usage: 26M
[47.166s][info][gc,heap     ] GC(158) Min Capacity: 8M(1%)
[47.166s][info][gc,heap     ] GC(158) Max Capacity: 1024M(100%)
[47.166s][info][gc,heap     ] GC(158) Soft Max Capacity: 1024M(100%)
[47.166s][info][gc,heap     ] GC(158)                Mark Start          Mark End        Relocate Start      Relocate End           High               Low         
[47.166s][info][gc,heap     ] GC(158)  Capacity:     1024M (100%)       1024M (100%)       1024M (100%)       1024M (100%)       1024M (100%)       1024M (100%)   
[47.166s][info][gc,heap     ] GC(158)      Free:      546M (53%)         314M (31%)         322M (31%)         452M (44%)         546M (53%)         292M (29%)    
[47.166s][info][gc,heap     ] GC(158)      Used:      478M (47%)         710M (69%)         702M (69%)         572M (56%)         732M (71%)         478M (47%)    
[47.166s][info][gc,heap     ] GC(158)      Live:         -               219M (21%)         219M (21%)         219M (21%)            -                  -          
[47.166s][info][gc,heap     ] GC(158) Allocated:         -               232M (23%)         280M (27%)         315M (31%)            -                  -          
[47.166s][info][gc,heap     ] GC(158)   Garbage:         -               258M (25%)         202M (20%)          37M (4%)             -                  -          
[47.166s][info][gc,heap     ] GC(158) Reclaimed:         -                  -                56M (5%)          221M (22%)            -                  -          
[47.166s][info][gc          ] GC(158) Garbage Collection (Allocation Rate) 478M(47%)->572M(56%)
[47.203s][info][gc,start    ] GC(159) Garbage Collection (Allocation Rate)
[47.203s][info][gc,task     ] GC(159) Using 10 workers
[47.203s][info][gc,phases   ] GC(159) Pause Mark Start 0.014ms
[47.313s][info][gc,phases   ] GC(159) Concurrent Mark 109.022ms
[47.313s][info][gc,phases   ] GC(159) Pause Mark End 0.022ms
[47.313s][info][gc,phases   ] GC(159) Concurrent Mark Free 0.001ms
[47.315s][info][gc,phases   ] GC(159) Concurrent Process Non-Strong References 1.823ms
[47.315s][info][gc,phases   ] GC(159) Concurrent Reset Relocation Set 0.017ms
[47.341s][info][gc,phases   ] GC(159) Concurrent Select Relocation Set 26.046ms
[47.341s][info][gc,phases   ] GC(159) Pause Relocate Start 0.013ms
[47.365s][info][gc,phases   ] GC(159) Concurrent Relocate 23.637ms
[47.365s][info][gc,load     ] GC(159) Load: 0.00/0.00/0.00
[47.365s][info][gc,mmu      ] GC(159) MMU: 2ms/96.5%, 5ms/98.6%, 10ms/99.3%, 20ms/99.6%, 50ms/99.8%, 100ms/99.9%
[47.365s][info][gc,marking  ] GC(159) Mark: 8 stripe(s), 2 proactive flush(es), 1 terminate flush(es), 0 completion(s), 0 continuation(s) 
[47.365s][info][gc,marking  ] GC(159) Mark Stack Usage: 32M
[47.365s][info][gc,nmethod  ] GC(159) NMethods: 6417 registered, 2523 unregistered
[47.365s][info][gc,metaspace] GC(159) Metaspace: 64M used, 65M committed, 1088M reserved
[47.365s][info][gc,ref      ] GC(159) Soft: 3209 encountered, 0 discovered, 0 enqueued
[47.365s][info][gc,ref      ] GC(159) Weak: 6290 encountered, 948 discovered, 0 enqueued
[47.365s][info][gc,ref      ] GC(159) Final: 62 encountered, 8 discovered, 0 enqueued
[47.365s][info][gc,ref      ] GC(159) Phantom: 621 encountered, 432 discovered, 0 enqueued
[47.365s][info][gc,reloc    ] GC(159) Small Pages: 270 / 540M, Empty: 2M, Relocated: 34M, In-Place: 0
[47.365s][info][gc,reloc    ] GC(159) Medium Pages: 2 / 64M, Empty: 32M, Relocated: 0M, In-Place: 0
[47.365s][info][gc,reloc    ] GC(159) Large Pages: 5 / 30M, Empty: 6M, Relocated: 0M, In-Place: 0
[47.365s][info][gc,reloc    ] GC(159) Forwarding Usage: 31M
[47.365s][info][gc,heap     ] GC(159) Min Capacity: 8M(1%)
[47.365s][info][gc,heap     ] GC(159) Max Capacity: 1024M(100%)
[47.365s][info][gc,heap     ] GC(159) Soft Max Capacity: 1024M(100%)
[47.365s][info][gc,heap     ] GC(159)                Mark Start          Mark End        Relocate Start      Relocate End           High               Low         
[47.365s][info][gc,heap     ] GC(159)  Capacity:     1024M (100%)       1024M (100%)       1024M (100%)       1024M (100%)       1024M (100%)       1024M (100%)   
[47.365s][info][gc,heap     ] GC(159)      Free:      390M (38%)         168M (16%)         150M (15%)         446M (44%)         446M (44%)         128M (13%)    
[47.365s][info][gc,heap     ] GC(159)      Used:      634M (62%)         856M (84%)         874M (85%)         578M (56%)         896M (88%)         578M (56%)    
[47.365s][info][gc,heap     ] GC(159)      Live:         -               221M (22%)         221M (22%)         221M (22%)            -                  -          
[47.365s][info][gc,heap     ] GC(159) Allocated:         -               222M (22%)         280M (27%)         312M (31%)            -                  -          
[47.365s][info][gc,heap     ] GC(159)   Garbage:         -               412M (40%)         372M (36%)          44M (4%)             -                  -          
[47.365s][info][gc,heap     ] GC(159) Reclaimed:         -                  -                40M (4%)          368M (36%)            -                  -          
[47.365s][info][gc          ] GC(159) Garbage Collection (Allocation Rate) 634M(62%)->578M(56%)
[47.406s][info][gc,start    ] GC(160) Garbage Collection (Allocation Rate)
[47.406s][info][gc,task     ] GC(160) Using 10 workers
[47.407s][info][gc,phases   ] GC(160) Pause Mark Start 0.009ms
[47.538s][info][gc,phases   ] GC(160) Concurrent Mark 131.590ms
[47.538s][info][gc,phases   ] GC(160) Pause Mark End 0.023ms
[47.538s][info][gc,phases   ] GC(160) Concurrent Mark Free 0.001ms
[47.541s][info][gc,phases   ] GC(160) Concurrent Process Non-Strong References 2.071ms
[47.541s][info][gc,phases   ] GC(160) Concurrent Reset Relocation Set 0.030ms
[47.545s][info][gc,phases   ] GC(160) Concurrent Select Relocation Set 4.350ms
[47.545s][info][gc,phases   ] GC(160) Pause Relocate Start 0.009ms
[47.560s][info][gc,phases   ] GC(160) Concurrent Relocate 14.665ms
[47.560s][info][gc,load     ] GC(160) Load: 0.00/0.00/0.00
[47.560s][info][gc,mmu      ] GC(160) MMU: 2ms/96.5%, 5ms/98.6%, 10ms/99.3%, 20ms/99.6%, 50ms/99.8%, 100ms/99.9%
[47.560s][info][gc,marking  ] GC(160) Mark: 8 stripe(s), 2 proactive flush(es), 1 terminate flush(es), 0 completion(s), 0 continuation(s) 
[47.560s][info][gc,marking  ] GC(160) Mark Stack Usage: 32M
[47.560s][info][gc,nmethod  ] GC(160) NMethods: 6417 registered, 2523 unregistered
[47.560s][info][gc,metaspace] GC(160) Metaspace: 64M used, 65M committed, 1088M reserved
[47.560s][info][gc,ref      ] GC(160) Soft: 3209 encountered, 0 discovered, 0 enqueued
[47.560s][info][gc,ref      ] GC(160) Weak: 6290 encountered, 473 discovered, 0 enqueued
[47.560s][info][gc,ref      ] GC(160) Final: 62 encountered, 0 discovered, 0 enqueued
[47.560s][info][gc,ref      ] GC(160) Phantom: 620 encountered, 608 discovered, 0 enqueued
[47.560s][info][gc,reloc    ] GC(160) Small Pages: 295 / 590M, Empty: 0M, Relocated: 22M, In-Place: 0
[47.560s][info][gc,reloc    ] GC(160) Medium Pages: 1 / 32M, Empty: 0M, Relocated: 0M, In-Place: 0
[47.560s][info][gc,reloc    ] GC(160) Large Pages: 4 / 24M, Empty: 0M, Relocated: 0M, In-Place: 0
[47.560s][info][gc,reloc    ] GC(160) Forwarding Usage: 21M
[47.560s][info][gc,heap     ] GC(160) Min Capacity: 8M(1%)
[47.560s][info][gc,heap     ] GC(160) Max Capacity: 1024M(100%)
[47.560s][info][gc,heap     ] GC(160) Soft Max Capacity: 1024M(100%)
[47.560s][info][gc,heap     ] GC(160)                Mark Start          Mark End        Relocate Start      Relocate End           High               Low         
[47.560s][info][gc,heap     ] GC(160)  Capacity:     1024M (100%)       1024M (100%)       1024M (100%)       1024M (100%)       1024M (100%)       1024M (100%)   
[47.560s][info][gc,heap     ] GC(160)      Free:      378M (37%)         172M (17%)         168M (16%)         522M (51%)         522M (51%)         146M (14%)    
[47.560s][info][gc,heap     ] GC(160)      Used:      646M (63%)         852M (83%)         856M (84%)         502M (49%)         878M (86%)         502M (49%)    
[47.560s][info][gc,heap     ] GC(160)      Live:         -               236M (23%)         236M (23%)         236M (23%)            -                  -          
[47.560s][info][gc,heap     ] GC(160) Allocated:         -               206M (20%)         210M (21%)         221M (22%)            -                  -          
[47.560s][info][gc,heap     ] GC(160)   Garbage:         -               409M (40%)         409M (40%)          44M (4%)             -                  -          
[47.560s][info][gc,heap     ] GC(160) Reclaimed:         -                  -                 0M (0%)          365M (36%)            -                  -          
[47.561s][info][gc          ] GC(160) Garbage Collection (Allocation Rate) 646M(63%)->502M(49%)
[47.616s][info][gc,start    ] GC(161) Garbage Collection (Allocation Rate)
[47.617s][info][gc,task     ] GC(161) Using 10 workers
[47.617s][info][gc,phases   ] GC(161) Pause Mark Start 0.009ms
[47.757s][info][gc,phases   ] GC(161) Concurrent Mark 140.203ms
[47.757s][info][gc,phases   ] GC(161) Pause Mark End 0.025ms
[47.757s][info][gc,phases   ] GC(161) Concurrent Mark Free 0.001ms
[47.759s][info][gc,phases   ] GC(161) Concurrent Process Non-Strong References 2.233ms
[47.759s][info][gc,phases   ] GC(161) Concurrent Reset Relocation Set 0.022ms
[47.763s][info][gc,phases   ] GC(161) Concurrent Select Relocation Set 3.819ms
[47.763s][info][gc,phases   ] GC(161) Pause Relocate Start 0.009ms
[47.774s][info][gc,phases   ] GC(161) Concurrent Relocate 10.574ms
[47.774s][info][gc,load     ] GC(161) Load: 0.00/0.00/0.00
[47.774s][info][gc,mmu      ] GC(161) MMU: 2ms/96.5%, 5ms/98.6%, 10ms/99.3%, 20ms/99.6%, 50ms/99.8%, 100ms/99.9%
[47.774s][info][gc,marking  ] GC(161) Mark: 8 stripe(s), 2 proactive flush(es), 1 terminate flush(es), 0 completion(s), 0 continuation(s) 
[47.774s][info][gc,marking  ] GC(161) Mark Stack Usage: 32M
[47.774s][info][gc,nmethod  ] GC(161) NMethods: 6419 registered, 2523 unregistered
[47.774s][info][gc,metaspace] GC(161) Metaspace: 64M used, 65M committed, 1088M reserved
[47.774s][info][gc,ref      ] GC(161) Soft: 3209 encountered, 0 discovered, 0 enqueued
[47.774s][info][gc,ref      ] GC(161) Weak: 6290 encountered, 1022 discovered, 0 enqueued
[47.774s][info][gc,ref      ] GC(161) Final: 62 encountered, 18 discovered, 0 enqueued
[47.774s][info][gc,ref      ] GC(161) Phantom: 620 encountered, 603 discovered, 0 enqueued
[47.774s][info][gc,reloc    ] GC(161) Small Pages: 253 / 506M, Empty: 0M, Relocated: 16M, In-Place: 0
[47.774s][info][gc,reloc    ] GC(161) Medium Pages: 1 / 32M, Empty: 0M, Relocated: 0M, In-Place: 0
[47.774s][info][gc,reloc    ] GC(161) Large Pages: 8 / 64M, Empty: 24M, Relocated: 0M, In-Place: 0
[47.774s][info][gc,reloc    ] GC(161) Forwarding Usage: 14M
[47.774s][info][gc,heap     ] GC(161) Min Capacity: 8M(1%)
[47.774s][info][gc,heap     ] GC(161) Max Capacity: 1024M(100%)
[47.774s][info][gc,heap     ] GC(161) Soft Max Capacity: 1024M(100%)
[47.774s][info][gc,heap     ] GC(161)                Mark Start          Mark End        Relocate Start      Relocate End           High               Low         
[47.774s][info][gc,heap     ] GC(161)  Capacity:     1024M (100%)       1024M (100%)       1024M (100%)       1024M (100%)       1024M (100%)       1024M (100%)   
[47.774s][info][gc,heap     ] GC(161)      Free:      422M (41%)         164M (16%)         174M (17%)         426M (42%)         426M (42%)         154M (15%)    
[47.774s][info][gc,heap     ] GC(161)      Used:      602M (59%)         860M (84%)         850M (83%)         598M (58%)         870M (85%)         598M (58%)    
[47.774s][info][gc,heap     ] GC(161)      Live:         -               261M (26%)         261M (26%)         261M (26%)            -                  -          
[47.775s][info][gc,heap     ] GC(161) Allocated:         -               258M (25%)         272M (27%)         287M (28%)            -                  -          
[47.775s][info][gc,heap     ] GC(161)   Garbage:         -               340M (33%)         316M (31%)          49M (5%)             -                  -          
[47.775s][info][gc,heap     ] GC(161) Reclaimed:         -                  -                24M (2%)          291M (28%)            -                  -          
[47.775s][info][gc          ] GC(161) Garbage Collection (Allocation Rate) 602M(59%)->598M(58%)
[47.804s][info][gc,start    ] GC(162) Garbage Collection (Allocation Rate)
[47.804s][info][gc,task     ] GC(162) Using 10 workers
[47.804s][info][gc,phases   ] GC(162) Pause Mark Start 0.014ms
[47.960s][info][gc,phases   ] GC(162) Concurrent Mark 155.894ms
[48.089s][info][gc,phases   ] GC(162) Pause Mark End 0.043ms
[48.089s][info][gc,phases   ] GC(162) Concurrent Mark Free 0.002ms
[48.092s][info][gc,phases   ] GC(162) Concurrent Process Non-Strong References 3.086ms
[48.092s][info][gc,phases   ] GC(162) Concurrent Reset Relocation Set 0.039ms
[48.116s][info][gc,phases   ] GC(162) Concurrent Select Relocation Set 23.451ms
[48.116s][info][gc,phases   ] GC(162) Pause Relocate Start 0.015ms
[48.117s][info][gc          ] Allocation Stall (Executor task launch worker for task 0.0 in stage 28.0 (TID 56)) 95.151ms
[48.126s][info][gc          ] Relocation Stall (Executor task launch worker for task 1.0 in stage 28.0 (TID 57)) 9.563ms
[48.126s][info][gc          ] Relocation Stall (Executor task launch worker for task 3.0 in stage 28.0 (TID 59)) 9.736ms
[48.126s][info][gc          ] Relocation Stall (Executor task launch worker for task 2.0 in stage 28.0 (TID 58)) 9.883ms
[48.126s][info][gc          ] Allocation Stall (Executor task launch worker for task 1.0 in stage 28.0 (TID 57)) 104.727ms
[48.126s][info][gc          ] Allocation Stall (Executor task launch worker for task 3.0 in stage 28.0 (TID 59)) 104.923ms
[48.126s][info][gc          ] Allocation Stall (Executor task launch worker for task 2.0 in stage 28.0 (TID 58)) 105.181ms
[48.132s][info][gc,phases   ] GC(162) Concurrent Relocate 16.026ms
[48.132s][info][gc,load     ] GC(162) Load: 0.00/0.00/0.00
[48.132s][info][gc,mmu      ] GC(162) MMU: 2ms/96.5%, 5ms/98.6%, 10ms/99.3%, 20ms/99.6%, 50ms/99.8%, 100ms/99.9%
[48.132s][info][gc,marking  ] GC(162) Mark: 8 stripe(s), 5 proactive flush(es), 1 terminate flush(es), 0 completion(s), 0 continuation(s) 
[48.132s][info][gc,marking  ] GC(162) Mark Stack Usage: 32M
[48.132s][info][gc,nmethod  ] GC(162) NMethods: 6419 registered, 2523 unregistered
[48.132s][info][gc,metaspace] GC(162) Metaspace: 64M used, 65M committed, 1088M reserved
[48.132s][info][gc,ref      ] GC(162) Soft: 3209 encountered, 0 discovered, 0 enqueued
[48.132s][info][gc,ref      ] GC(162) Weak: 6290 encountered, 1553 discovered, 0 enqueued
[48.132s][info][gc,ref      ] GC(162) Final: 62 encountered, 30 discovered, 0 enqueued
[48.132s][info][gc,ref      ] GC(162) Phantom: 619 encountered, 550 discovered, 0 enqueued
[48.132s][info][gc,reloc    ] GC(162) Small Pages: 293 / 586M, Empty: 0M, Relocated: 20M, In-Place: 10
[48.132s][info][gc,reloc    ] GC(162) Medium Pages: 1 / 32M, Empty: 0M, Relocated: 0M, In-Place: 0
[48.132s][info][gc,reloc    ] GC(162) Large Pages: 4 / 40M, Empty: 0M, Relocated: 0M, In-Place: 0
[48.132s][info][gc,reloc    ] GC(162) Forwarding Usage: 18M
[48.132s][info][gc,heap     ] GC(162) Min Capacity: 8M(1%)
[48.132s][info][gc,heap     ] GC(162) Max Capacity: 1024M(100%)
[48.132s][info][gc,heap     ] GC(162) Soft Max Capacity: 1024M(100%)
[48.132s][info][gc,heap     ] GC(162)                Mark Start          Mark End        Relocate Start      Relocate End           High               Low         
[48.132s][info][gc,heap     ] GC(162)  Capacity:     1024M (100%)       1024M (100%)       1024M (100%)       1024M (100%)       1024M (100%)       1024M (100%)   
[48.132s][info][gc,heap     ] GC(162)      Free:      366M (36%)           0M (0%)            0M (0%)          330M (32%)         366M (36%)           0M (0%)     
[48.132s][info][gc,heap     ] GC(162)      Used:      658M (64%)        1024M (100%)       1024M (100%)        694M (68%)        1024M (100%)        658M (64%)    
[48.132s][info][gc,heap     ] GC(162)      Live:         -               271M (27%)         271M (27%)         271M (27%)            -                  -          
[48.132s][info][gc,heap     ] GC(162) Allocated:         -               366M (36%)         366M (36%)         369M (36%)            -                  -          
[48.132s][info][gc,heap     ] GC(162)   Garbage:         -               386M (38%)         386M (38%)          52M (5%)             -                  -          
[48.133s][info][gc,heap     ] GC(162) Reclaimed:         -                  -                 0M (0%)          333M (33%)            -                  -          
[48.133s][info][gc          ] GC(162) Garbage Collection (Allocation Rate) 658M(64%)->694M(68%)
[48.217s][info][gc,start    ] GC(163) Garbage Collection (Allocation Stall)
[48.217s][info][gc,ref      ] GC(163) Clearing All SoftReferences
[48.217s][info][gc,task     ] GC(163) Using 10 workers
[48.217s][info][gc,ref      ] GC(163) Clearing All SoftReferences
[48.217s][info][gc,phases   ] GC(163) Pause Mark Start 0.044ms
[48.373s][info][gc,phases   ] GC(163) Concurrent Mark 155.805ms
[48.373s][info][gc,phases   ] GC(163) Pause Mark End 0.018ms
[48.373s][info][gc,phases   ] GC(163) Concurrent Mark Free 0.001ms
[48.392s][info][gc,phases   ] GC(163) Concurrent Process Non-Strong References 18.230ms
[48.392s][info][gc,phases   ] GC(163) Concurrent Reset Relocation Set 0.026ms
[48.415s][info][gc,phases   ] GC(163) Concurrent Select Relocation Set 22.980ms
[48.415s][info][gc,phases   ] GC(163) Pause Relocate Start 0.015ms
[48.416s][info][gc          ] Allocation Stall (Executor task launch worker for task 0.0 in stage 28.0 (TID 56)) 89.611ms
[48.430s][info][gc          ] Relocation Stall (Executor task launch worker for task 3.0 in stage 28.0 (TID 59)) 14.394ms
[48.430s][info][gc          ] Relocation Stall (Executor task launch worker for task 2.0 in stage 28.0 (TID 58)) 14.639ms
[48.430s][info][gc          ] Allocation Stall (Executor task launch worker for task 1.0 in stage 28.0 (TID 57)) 104.311ms
[48.430s][info][gc          ] Allocation Stall (Executor task launch worker for task 2.0 in stage 28.0 (TID 58)) 104.500ms
[48.430s][info][gc          ] Allocation Stall (Executor task launch worker for task 3.0 in stage 28.0 (TID 59)) 104.398ms
[48.438s][info][gc,phases   ] GC(163) Concurrent Relocate 22.910ms
[48.438s][info][gc,load     ] GC(163) Load: 0.00/0.00/0.00
[48.438s][info][gc,mmu      ] GC(163) MMU: 2ms/96.5%, 5ms/98.6%, 10ms/99.3%, 20ms/99.6%, 50ms/99.8%, 100ms/99.9%
[48.438s][info][gc,marking  ] GC(163) Mark: 8 stripe(s), 2 proactive flush(es), 1 terminate flush(es), 0 completion(s), 0 continuation(s) 
[48.438s][info][gc,marking  ] GC(163) Mark Stack Usage: 32M
[48.438s][info][gc,nmethod  ] GC(163) NMethods: 6406 registered, 2536 unregistered
[48.438s][info][gc,metaspace] GC(163) Metaspace: 63M used, 65M committed, 1088M reserved
[48.438s][info][gc,ref      ] GC(163) Soft: 3109 encountered, 1538 discovered, 391 enqueued
[48.438s][info][gc,ref      ] GC(163) Weak: 6197 encountered, 1169 discovered, 45 enqueued
[48.438s][info][gc,ref      ] GC(163) Final: 62 encountered, 50 discovered, 0 enqueued
[48.438s][info][gc,ref      ] GC(163) Phantom: 621 encountered, 613 discovered, 0 enqueued
[48.438s][info][gc,reloc    ] GC(163) Small Pages: 381 / 762M, Empty: 0M, Relocated: 31M, In-Place: 10
[48.438s][info][gc,reloc    ] GC(163) Medium Pages: 1 / 32M, Empty: 0M, Relocated: 0M, In-Place: 0
[48.438s][info][gc,reloc    ] GC(163) Large Pages: 4 / 40M, Empty: 0M, Relocated: 0M, In-Place: 0
[48.438s][info][gc,reloc    ] GC(163) Forwarding Usage: 27M
[48.438s][info][gc,heap     ] GC(163) Min Capacity: 8M(1%)
[48.438s][info][gc,heap     ] GC(163) Max Capacity: 1024M(100%)
[48.438s][info][gc,heap     ] GC(163) Soft Max Capacity: 1024M(100%)
[48.438s][info][gc,heap     ] GC(163)                Mark Start          Mark End        Relocate Start      Relocate End           High               Low         
[48.438s][info][gc,heap     ] GC(163)  Capacity:     1024M (100%)       1024M (100%)       1024M (100%)       1024M (100%)       1024M (100%)       1024M (100%)   
[48.438s][info][gc,heap     ] GC(163)      Free:      190M (19%)           0M (0%)            0M (0%)          488M (48%)         488M (48%)           0M (0%)     
[48.438s][info][gc,heap     ] GC(163)      Used:      834M (81%)        1024M (100%)       1024M (100%)        536M (52%)        1024M (100%)        536M (52%)    
[48.438s][info][gc,heap     ] GC(163)      Live:         -               282M (28%)         282M (28%)         282M (28%)            -                  -          
[48.438s][info][gc,heap     ] GC(163) Allocated:         -               190M (19%)         190M (19%)         197M (19%)            -                  -          
[48.438s][info][gc,heap     ] GC(163)   Garbage:         -               551M (54%)         551M (54%)          55M (5%)             -                  -          
[48.438s][info][gc,heap     ] GC(163) Reclaimed:         -                  -                 0M (0%)          495M (48%)            -                  -          
[48.438s][info][gc          ] GC(163) Garbage Collection (Allocation Stall) 834M(81%)->536M(52%)
[48.514s][info][gc,start    ] GC(164) Garbage Collection (Allocation Stall)
[48.514s][info][gc,ref      ] GC(164) Clearing All SoftReferences
[48.514s][info][gc,task     ] GC(164) Using 10 workers
[48.514s][info][gc,ref      ] GC(164) Clearing All SoftReferences
[48.514s][info][gc,phases   ] GC(164) Pause Mark Start 0.040ms
[48.686s][info][gc,phases   ] GC(164) Concurrent Mark 171.454ms
[48.686s][info][gc,phases   ] GC(164) Pause Mark End 0.024ms
[48.686s][info][gc,phases   ] GC(164) Concurrent Mark Free 0.001ms
[48.688s][info][gc,phases   ] GC(164) Concurrent Process Non-Strong References 2.343ms
[48.688s][info][gc,phases   ] GC(164) Concurrent Reset Relocation Set 0.049ms
[48.692s][info][gc,phases   ] GC(164) Concurrent Select Relocation Set 4.124ms
[48.693s][info][gc,phases   ] GC(164) Pause Relocate Start 0.014ms
[48.713s][info][gc,phases   ] GC(164) Concurrent Relocate 20.013ms
[48.713s][info][gc,load     ] GC(164) Load: 0.00/0.00/0.00
[48.713s][info][gc,mmu      ] GC(164) MMU: 2ms/96.5%, 5ms/98.6%, 10ms/99.3%, 20ms/99.6%, 50ms/99.8%, 100ms/99.9%
[48.713s][info][gc,marking  ] GC(164) Mark: 8 stripe(s), 2 proactive flush(es), 1 terminate flush(es), 0 completion(s), 0 continuation(s) 
[48.713s][info][gc,marking  ] GC(164) Mark Stack Usage: 32M
[48.713s][info][gc,nmethod  ] GC(164) NMethods: 6406 registered, 2536 unregistered
[48.713s][info][gc,metaspace] GC(164) Metaspace: 63M used, 65M committed, 1088M reserved
[48.713s][info][gc,ref      ] GC(164) Soft: 2718 encountered, 412 discovered, 0 enqueued
[48.713s][info][gc,ref      ] GC(164) Weak: 5818 encountered, 324 discovered, 0 enqueued
[48.713s][info][gc,ref      ] GC(164) Final: 62 encountered, 0 discovered, 0 enqueued
[48.713s][info][gc,ref      ] GC(164) Phantom: 620 encountered, 611 discovered, 0 enqueued
[48.713s][info][gc,reloc    ] GC(164) Small Pages: 298 / 596M, Empty: 0M, Relocated: 22M, In-Place: 0
[48.713s][info][gc,reloc    ] GC(164) Medium Pages: 1 / 32M, Empty: 0M, Relocated: 0M, In-Place: 0
[48.713s][info][gc,reloc    ] GC(164) Large Pages: 4 / 40M, Empty: 0M, Relocated: 0M, In-Place: 0
[48.713s][info][gc,reloc    ] GC(164) Forwarding Usage: 19M
[48.713s][info][gc,heap     ] GC(164) Min Capacity: 8M(1%)
[48.713s][info][gc,heap     ] GC(164) Max Capacity: 1024M(100%)
[48.713s][info][gc,heap     ] GC(164) Soft Max Capacity: 1024M(100%)
[48.713s][info][gc,heap     ] GC(164)                Mark Start          Mark End        Relocate Start      Relocate End           High               Low         
[48.713s][info][gc,heap     ] GC(164)  Capacity:     1024M (100%)       1024M (100%)       1024M (100%)       1024M (100%)       1024M (100%)       1024M (100%)   
[48.713s][info][gc,heap     ] GC(164)      Free:      356M (35%)          76M (7%)           62M (6%)          350M (34%)         360M (35%)          42M (4%)     
[48.713s][info][gc,heap     ] GC(164)      Used:      668M (65%)         948M (93%)         962M (94%)         674M (66%)         982M (96%)         664M (65%)    
[48.713s][info][gc,heap     ] GC(164)      Live:         -               289M (28%)         289M (28%)         289M (28%)            -                  -          
[48.713s][info][gc,heap     ] GC(164) Allocated:         -               280M (27%)         294M (29%)         319M (31%)            -                  -          
[48.713s][info][gc,heap     ] GC(164)   Garbage:         -               378M (37%)         378M (37%)          64M (6%)             -                  -          
[48.713s][info][gc,heap     ] GC(164) Reclaimed:         -                  -                 0M (0%)          313M (31%)            -                  -          
[48.713s][info][gc          ] GC(164) Garbage Collection (Allocation Stall) 668M(65%)->674M(66%)
[48.717s][info][gc,start    ] GC(165) Garbage Collection (Allocation Rate)
[48.717s][info][gc,task     ] GC(165) Using 10 workers
[48.717s][info][gc,phases   ] GC(165) Pause Mark Start 0.009ms
[48.873s][info][gc,phases   ] GC(165) Concurrent Mark 155.850ms
[48.873s][info][gc,phases   ] GC(165) Pause Mark End 0.019ms
[48.873s][info][gc,phases   ] GC(165) Concurrent Mark Free 0.001ms
[48.875s][info][gc,phases   ] GC(165) Concurrent Process Non-Strong References 1.843ms
[48.875s][info][gc,phases   ] GC(165) Concurrent Reset Relocation Set 0.023ms
[48.879s][info][gc,phases   ] GC(165) Concurrent Select Relocation Set 3.745ms
[48.879s][info][gc,phases   ] GC(165) Pause Relocate Start 0.009ms
[48.891s][info][gc,phases   ] GC(165) Concurrent Relocate 11.853ms
[48.891s][info][gc,load     ] GC(165) Load: 0.00/0.00/0.00
[48.891s][info][gc,mmu      ] GC(165) MMU: 2ms/96.5%, 5ms/98.6%, 10ms/99.3%, 20ms/99.6%, 50ms/99.8%, 100ms/99.9%
[48.891s][info][gc,marking  ] GC(165) Mark: 8 stripe(s), 2 proactive flush(es), 1 terminate flush(es), 0 completion(s), 0 continuation(s) 
[48.891s][info][gc,marking  ] GC(165) Mark Stack Usage: 32M
[48.891s][info][gc,nmethod  ] GC(165) NMethods: 6406 registered, 2536 unregistered
[48.891s][info][gc,metaspace] GC(165) Metaspace: 63M used, 65M committed, 1088M reserved
[48.891s][info][gc,ref      ] GC(165) Soft: 2718 encountered, 0 discovered, 0 enqueued
[48.891s][info][gc,ref      ] GC(165) Weak: 5818 encountered, 603 discovered, 0 enqueued
[48.891s][info][gc,ref      ] GC(165) Final: 62 encountered, 1 discovered, 0 enqueued
[48.891s][info][gc,ref      ] GC(165) Phantom: 619 encountered, 607 discovered, 0 enqueued
[48.891s][info][gc,reloc    ] GC(165) Small Pages: 304 / 608M, Empty: 0M, Relocated: 17M, In-Place: 0
[48.891s][info][gc,reloc    ] GC(165) Medium Pages: 1 / 32M, Empty: 0M, Relocated: 0M, In-Place: 0
[48.891s][info][gc,reloc    ] GC(165) Large Pages: 4 / 40M, Empty: 0M, Relocated: 0M, In-Place: 0
[48.891s][info][gc,reloc    ] GC(165) Forwarding Usage: 15M
[48.891s][info][gc,heap     ] GC(165) Min Capacity: 8M(1%)
[48.891s][info][gc,heap     ] GC(165) Max Capacity: 1024M(100%)
[48.891s][info][gc,heap     ] GC(165) Soft Max Capacity: 1024M(100%)
[48.891s][info][gc,heap     ] GC(165)                Mark Start          Mark End        Relocate Start      Relocate End           High               Low         
[48.891s][info][gc,heap     ] GC(165)  Capacity:     1024M (100%)       1024M (100%)       1024M (100%)       1024M (100%)       1024M (100%)       1024M (100%)   
[48.891s][info][gc,heap     ] GC(165)      Free:      344M (34%)         214M (21%)         214M (21%)         536M (52%)         536M (52%)         194M (19%)    
[48.891s][info][gc,heap     ] GC(165)      Used:      680M (66%)         810M (79%)         810M (79%)         488M (48%)         830M (81%)         488M (48%)    
[48.891s][info][gc,heap     ] GC(165)      Live:         -               296M (29%)         296M (29%)         296M (29%)            -                  -          
[48.891s][info][gc,heap     ] GC(165) Allocated:         -               130M (13%)         130M (13%)         129M (13%)            -                  -          
[48.891s][info][gc,heap     ] GC(165)   Garbage:         -               383M (37%)         383M (37%)          62M (6%)             -                  -          
[48.891s][info][gc,heap     ] GC(165) Reclaimed:         -                  -                 0M (0%)          321M (31%)            -                  -          
[48.891s][info][gc          ] GC(165) Garbage Collection (Allocation Rate) 680M(66%)->488M(48%)
[48.904s][info][gc,start    ] GC(166) Garbage Collection (Allocation Rate)
[48.904s][info][gc,task     ] GC(166) Using 10 workers
[48.904s][info][gc,phases   ] GC(166) Pause Mark Start 0.009ms
[49.076s][info][gc,phases   ] GC(166) Concurrent Mark 171.554ms
[49.076s][info][gc,phases   ] GC(166) Pause Mark End 0.028ms
[49.076s][info][gc,phases   ] GC(166) Concurrent Mark Free 0.001ms
[49.078s][info][gc,phases   ] GC(166) Concurrent Process Non-Strong References 1.992ms
[49.078s][info][gc,phases   ] GC(166) Concurrent Reset Relocation Set 0.026ms
[49.082s][info][gc,phases   ] GC(166) Concurrent Select Relocation Set 3.864ms
[49.082s][info][gc,phases   ] GC(166) Pause Relocate Start 0.010ms
[49.094s][info][gc,phases   ] GC(166) Concurrent Relocate 11.953ms
[49.094s][info][gc,load     ] GC(166) Load: 0.00/0.00/0.00
[49.095s][info][gc,mmu      ] GC(166) MMU: 2ms/96.5%, 5ms/98.6%, 10ms/99.3%, 20ms/99.6%, 50ms/99.8%, 100ms/99.9%
[49.095s][info][gc,marking  ] GC(166) Mark: 8 stripe(s), 4 proactive flush(es), 1 terminate flush(es), 0 completion(s), 0 continuation(s) 
[49.095s][info][gc,marking  ] GC(166) Mark Stack Usage: 32M
[49.095s][info][gc,nmethod  ] GC(166) NMethods: 6406 registered, 2536 unregistered
[49.095s][info][gc,metaspace] GC(166) Metaspace: 63M used, 65M committed, 1088M reserved
[49.095s][info][gc,ref      ] GC(166) Soft: 2718 encountered, 0 discovered, 0 enqueued
[49.095s][info][gc,ref      ] GC(166) Weak: 5818 encountered, 507 discovered, 0 enqueued
[49.095s][info][gc,ref      ] GC(166) Final: 62 encountered, 20 discovered, 0 enqueued
[49.095s][info][gc,ref      ] GC(166) Phantom: 617 encountered, 514 discovered, 0 enqueued
[49.095s][info][gc,reloc    ] GC(166) Small Pages: 192 / 384M, Empty: 0M, Relocated: 10M, In-Place: 0
[49.095s][info][gc,reloc    ] GC(166) Medium Pages: 2 / 64M, Empty: 0M, Relocated: 13M, In-Place: 0
[49.095s][info][gc,reloc    ] GC(166) Large Pages: 4 / 40M, Empty: 0M, Relocated: 0M, In-Place: 0
[49.095s][info][gc,reloc    ] GC(166) Forwarding Usage: 8M
[49.095s][info][gc,heap     ] GC(166) Min Capacity: 8M(1%)
[49.095s][info][gc,heap     ] GC(166) Max Capacity: 1024M(100%)
[49.095s][info][gc,heap     ] GC(166) Soft Max Capacity: 1024M(100%)
[49.095s][info][gc,heap     ] GC(166)                Mark Start          Mark End        Relocate Start      Relocate End           High               Low         
[49.095s][info][gc,heap     ] GC(166)  Capacity:     1024M (100%)       1024M (100%)       1024M (100%)       1024M (100%)       1024M (100%)       1024M (100%)   
[49.095s][info][gc,heap     ] GC(166)      Free:      536M (52%)         502M (49%)         502M (49%)         630M (62%)         630M (62%)         454M (44%)    
[49.095s][info][gc,heap     ] GC(166)      Used:      488M (48%)         522M (51%)         522M (51%)         394M (38%)         570M (56%)         394M (38%)    
[49.095s][info][gc,heap     ] GC(166)      Live:         -               300M (29%)         300M (29%)         300M (29%)            -                  -          
[49.095s][info][gc,heap     ] GC(166) Allocated:         -                34M (3%)           34M (3%)           33M (3%)             -                  -          
[49.095s][info][gc,heap     ] GC(166)   Garbage:         -               187M (18%)         187M (18%)          59M (6%)             -                  -          
[49.095s][info][gc,heap     ] GC(166) Reclaimed:         -                  -                 0M (0%)          127M (12%)            -                  -          
[49.095s][info][gc          ] GC(166) Garbage Collection (Allocation Rate) 488M(48%)->394M(38%)
[49.107s][info][gc,start    ] GC(167) Garbage Collection (Allocation Rate)
[49.107s][info][gc,task     ] GC(167) Using 10 workers
[49.108s][info][gc,phases   ] GC(167) Pause Mark Start 0.014ms
[49.279s][info][gc,phases   ] GC(167) Concurrent Mark 171.515ms
[49.279s][info][gc,phases   ] GC(167) Pause Mark End 0.024ms
[49.279s][info][gc,phases   ] GC(167) Concurrent Mark Free 0.002ms
[49.282s][info][gc,phases   ] GC(167) Concurrent Process Non-Strong References 2.296ms
[49.282s][info][gc,phases   ] GC(167) Concurrent Reset Relocation Set 0.013ms
[49.285s][info][gc,phases   ] GC(167) Concurrent Select Relocation Set 3.366ms
[49.285s][info][gc,phases   ] GC(167) Pause Relocate Start 0.010ms
[49.298s][info][gc,phases   ] GC(167) Concurrent Relocate 12.277ms
[49.298s][info][gc,load     ] GC(167) Load: 0.00/0.00/0.00
[49.298s][info][gc,mmu      ] GC(167) MMU: 2ms/96.5%, 5ms/98.6%, 10ms/99.3%, 20ms/99.6%, 50ms/99.8%, 100ms/99.9%
[49.298s][info][gc,marking  ] GC(167) Mark: 8 stripe(s), 4 proactive flush(es), 1 terminate flush(es), 0 completion(s), 0 continuation(s) 
[49.298s][info][gc,marking  ] GC(167) Mark Stack Usage: 32M
[49.298s][info][gc,nmethod  ] GC(167) NMethods: 6412 registered, 2536 unregistered
[49.298s][info][gc,metaspace] GC(167) Metaspace: 63M used, 65M committed, 1088M reserved
[49.298s][info][gc,ref      ] GC(167) Soft: 2718 encountered, 0 discovered, 0 enqueued
[49.298s][info][gc,ref      ] GC(167) Weak: 5818 encountered, 980 discovered, 0 enqueued
[49.298s][info][gc,ref      ] GC(167) Final: 62 encountered, 1 discovered, 0 enqueued
[49.298s][info][gc,ref      ] GC(167) Phantom: 617 encountered, 515 discovered, 0 enqueued
[49.298s][info][gc,reloc    ] GC(167) Small Pages: 145 / 290M, Empty: 0M, Relocated: 6M, In-Place: 0
[49.298s][info][gc,reloc    ] GC(167) Medium Pages: 2 / 64M, Empty: 0M, Relocated: 18M, In-Place: 0
[49.298s][info][gc,reloc    ] GC(167) Large Pages: 4 / 40M, Empty: 0M, Relocated: 0M, In-Place: 0
[49.298s][info][gc,reloc    ] GC(167) Forwarding Usage: 6M
[49.298s][info][gc,heap     ] GC(167) Min Capacity: 8M(1%)
[49.298s][info][gc,heap     ] GC(167) Max Capacity: 1024M(100%)
[49.298s][info][gc,heap     ] GC(167) Soft Max Capacity: 1024M(100%)
[49.298s][info][gc,heap     ] GC(167)                Mark Start          Mark End        Relocate Start      Relocate End           High               Low         
[49.298s][info][gc,heap     ] GC(167)  Capacity:     1024M (100%)       1024M (100%)       1024M (100%)       1024M (100%)       1024M (100%)       1024M (100%)   
[49.298s][info][gc,heap     ] GC(167)      Free:      630M (62%)         584M (57%)         582M (57%)         612M (60%)         630M (62%)         532M (52%)    
[49.298s][info][gc,heap     ] GC(167)      Used:      394M (38%)         440M (43%)         442M (43%)         412M (40%)         492M (48%)         394M (38%)    
[49.298s][info][gc,heap     ] GC(167)      Live:         -               305M (30%)         305M (30%)         305M (30%)            -                  -          
[49.299s][info][gc,heap     ] GC(167) Allocated:         -                46M (4%)           48M (5%)           47M (5%)             -                  -          
[49.299s][info][gc,heap     ] GC(167)   Garbage:         -                88M (9%)           88M (9%)           58M (6%)             -                  -          
[49.299s][info][gc,heap     ] GC(167) Reclaimed:         -                  -                 0M (0%)           29M (3%)             -                  -          
[49.299s][info][gc          ] GC(167) Garbage Collection (Allocation Rate) 394M(38%)->412M(40%)
[49.310s][info][gc,start    ] GC(168) Garbage Collection (Allocation Rate)
[49.311s][info][gc,task     ] GC(168) Using 10 workers
[49.311s][info][gc,phases   ] GC(168) Pause Mark Start 0.014ms
[49.467s][info][gc,phases   ] GC(168) Concurrent Mark 155.845ms
[49.467s][info][gc,phases   ] GC(168) Pause Mark End 0.031ms
[49.467s][info][gc,phases   ] GC(168) Concurrent Mark Free 0.001ms
[49.469s][info][gc,phases   ] GC(168) Concurrent Process Non-Strong References 2.207ms
[49.469s][info][gc,phases   ] GC(168) Concurrent Reset Relocation Set 0.002ms
[49.477s][info][gc,phases   ] GC(168) Concurrent Select Relocation Set 7.523ms
[49.477s][info][gc,phases   ] GC(168) Pause Relocate Start 0.008ms
[49.485s][info][gc,phases   ] GC(168) Concurrent Relocate 8.113ms
[49.485s][info][gc,load     ] GC(168) Load: 0.00/0.00/0.00
[49.485s][info][gc,mmu      ] GC(168) MMU: 2ms/96.5%, 5ms/98.6%, 10ms/99.3%, 20ms/99.6%, 50ms/99.8%, 100ms/99.9%
[49.485s][info][gc,marking  ] GC(168) Mark: 8 stripe(s), 2 proactive flush(es), 1 terminate flush(es), 0 completion(s), 0 continuation(s) 
[49.485s][info][gc,marking  ] GC(168) Mark Stack Usage: 32M
[49.485s][info][gc,nmethod  ] GC(168) NMethods: 6306 registered, 2659 unregistered
[49.485s][info][gc,metaspace] GC(168) Metaspace: 63M used, 65M committed, 1088M reserved
[49.485s][info][gc,ref      ] GC(168) Soft: 2810 encountered, 0 discovered, 0 enqueued
[49.485s][info][gc,ref      ] GC(168) Weak: 5940 encountered, 547 discovered, 14 enqueued
[49.485s][info][gc,ref      ] GC(168) Final: 62 encountered, 0 discovered, 0 enqueued
[49.485s][info][gc,ref      ] GC(168) Phantom: 619 encountered, 492 discovered, 0 enqueued
[49.485s][info][gc,reloc    ] GC(168) Small Pages: 155 / 310M, Empty: 10M, Relocated: 8M, In-Place: 0
[49.485s][info][gc,reloc    ] GC(168) Medium Pages: 2 / 64M, Empty: 0M, Relocated: 15M, In-Place: 0
[49.485s][info][gc,reloc    ] GC(168) Large Pages: 4 / 40M, Empty: 0M, Relocated: 0M, In-Place: 0
[49.485s][info][gc,reloc    ] GC(168) Forwarding Usage: 7M
[49.485s][info][gc,heap     ] GC(168) Min Capacity: 8M(1%)
[49.485s][info][gc,heap     ] GC(168) Max Capacity: 1024M(100%)
[49.485s][info][gc,heap     ] GC(168) Soft Max Capacity: 1024M(100%)
[49.485s][info][gc,heap     ] GC(168)                Mark Start          Mark End        Relocate Start      Relocate End           High               Low         
[49.485s][info][gc,heap     ] GC(168)  Capacity:     1024M (100%)       1024M (100%)       1024M (100%)       1024M (100%)       1024M (100%)       1024M (100%)   
[49.485s][info][gc,heap     ] GC(168)      Free:      610M (60%)         576M (56%)         586M (57%)         626M (61%)         626M (61%)         538M (53%)    
[49.485s][info][gc,heap     ] GC(168)      Used:      414M (40%)         448M (44%)         438M (43%)         398M (39%)         486M (47%)         398M (39%)    
[49.485s][info][gc,heap     ] GC(168)      Live:         -               303M (30%)         303M (30%)         303M (30%)            -                  -          
[49.485s][info][gc,heap     ] GC(168) Allocated:         -                34M (3%)           34M (3%)           35M (4%)             -                  -          
[49.485s][info][gc,heap     ] GC(168)   Garbage:         -               110M (11%)         100M (10%)          58M (6%)             -                  -          
[49.485s][info][gc,heap     ] GC(168) Reclaimed:         -                  -                10M (1%)           51M (5%)             -                  -          
[49.485s][info][gc          ] GC(168) Garbage Collection (Allocation Rate) 414M(40%)->398M(39%)
[49.514s][info][gc,start    ] GC(169) Garbage Collection (Allocation Rate)
[49.514s][info][gc,task     ] GC(169) Using 10 workers
[49.514s][info][gc,phases   ] GC(169) Pause Mark Start 0.009ms
[49.608s][info][gc,phases   ] GC(169) Concurrent Mark 94.233ms
[49.608s][info][gc,phases   ] GC(169) Pause Mark End 0.049ms
[49.608s][info][gc,phases   ] GC(169) Concurrent Mark Free 0.001ms
[49.617s][info][gc,phases   ] GC(169) Concurrent Process Non-Strong References 8.220ms
[49.617s][info][gc,phases   ] GC(169) Concurrent Reset Relocation Set 0.004ms
[49.630s][info][gc,phases   ] GC(169) Concurrent Select Relocation Set 13.063ms
[49.630s][info][gc,phases   ] GC(169) Pause Relocate Start 0.011ms
[49.646s][info][gc,phases   ] GC(169) Concurrent Relocate 15.974ms
[49.646s][info][gc,load     ] GC(169) Load: 0.00/0.00/0.00
[49.646s][info][gc,mmu      ] GC(169) MMU: 2ms/96.5%, 5ms/98.6%, 10ms/99.3%, 20ms/99.6%, 50ms/99.8%, 100ms/99.9%
[49.646s][info][gc,marking  ] GC(169) Mark: 8 stripe(s), 2 proactive flush(es), 1 terminate flush(es), 1 completion(s), 0 continuation(s) 
[49.646s][info][gc,marking  ] GC(169) Mark Stack Usage: 32M
[49.646s][info][gc,nmethod  ] GC(169) NMethods: 5080 registered, 3998 unregistered
[49.646s][info][gc,metaspace] GC(169) Metaspace: 64M used, 65M committed, 1088M reserved
[49.646s][info][gc,ref      ] GC(169) Soft: 2830 encountered, 0 discovered, 0 enqueued
[49.646s][info][gc,ref      ] GC(169) Weak: 5986 encountered, 1947 discovered, 67 enqueued
[49.646s][info][gc,ref      ] GC(169) Final: 62 encountered, 0 discovered, 0 enqueued
[49.646s][info][gc,ref      ] GC(169) Phantom: 618 encountered, 605 discovered, 0 enqueued
[49.646s][info][gc,reloc    ] GC(169) Small Pages: 164 / 328M, Empty: 22M, Relocated: 29M, In-Place: 0
[49.646s][info][gc,reloc    ] GC(169) Medium Pages: 1 / 32M, Empty: 0M, Relocated: 0M, In-Place: 0
[49.646s][info][gc,reloc    ] GC(169) Large Pages: 4 / 40M, Empty: 30M, Relocated: 0M, In-Place: 0
[49.646s][info][gc,reloc    ] GC(169) Forwarding Usage: 25M
[49.646s][info][gc,heap     ] GC(169) Min Capacity: 8M(1%)
[49.646s][info][gc,heap     ] GC(169) Max Capacity: 1024M(100%)
[49.646s][info][gc,heap     ] GC(169) Soft Max Capacity: 1024M(100%)
[49.646s][info][gc,heap     ] GC(169)                Mark Start          Mark End        Relocate Start      Relocate End           High               Low         
[49.646s][info][gc,heap     ] GC(169)  Capacity:     1024M (100%)       1024M (100%)       1024M (100%)       1024M (100%)       1024M (100%)       1024M (100%)   
[49.646s][info][gc,heap     ] GC(169)      Free:      624M (61%)         604M (59%)         654M (64%)         748M (73%)         752M (73%)         602M (59%)    
[49.646s][info][gc,heap     ] GC(169)      Used:      400M (39%)         420M (41%)         370M (36%)         276M (27%)         422M (41%)         272M (27%)    
[49.646s][info][gc,heap     ] GC(169)      Live:         -               197M (19%)         197M (19%)         197M (19%)            -                  -          
[49.646s][info][gc,heap     ] GC(169) Allocated:         -                20M (2%)           22M (2%)           35M (4%)             -                  -          
[49.646s][info][gc,heap     ] GC(169)   Garbage:         -               202M (20%)         150M (15%)          42M (4%)             -                  -          
[49.646s][info][gc,heap     ] GC(169) Reclaimed:         -                  -                52M (5%)          159M (16%)            -                  -          
[49.646s][info][gc          ] GC(169) Garbage Collection (Allocation Rate) 400M(39%)->276M(27%)
[49.716s][info][gc,start    ] GC(170) Garbage Collection (Allocation Rate)
[49.716s][info][gc,task     ] GC(170) Using 10 workers
[49.716s][info][gc,phases   ] GC(170) Pause Mark Start 0.011ms
[49.810s][info][gc,phases   ] GC(170) Concurrent Mark 93.382ms
[49.810s][info][gc,phases   ] GC(170) Pause Mark End 0.024ms
[49.810s][info][gc,phases   ] GC(170) Concurrent Mark Free 0.001ms
[49.821s][info][gc,phases   ] GC(170) Concurrent Process Non-Strong References 10.769ms
[49.821s][info][gc,phases   ] GC(170) Concurrent Reset Relocation Set 0.020ms
[49.826s][info][gc,phases   ] GC(170) Concurrent Select Relocation Set 5.501ms
[49.826s][info][gc,phases   ] GC(170) Pause Relocate Start 0.009ms
[49.842s][info][gc,phases   ] GC(170) Concurrent Relocate 15.301ms
[49.842s][info][gc,load     ] GC(170) Load: 0.00/0.00/0.00
[49.842s][info][gc,mmu      ] GC(170) MMU: 2ms/96.5%, 5ms/98.6%, 10ms/99.3%, 20ms/99.6%, 50ms/99.8%, 100ms/99.9%
[49.842s][info][gc,marking  ] GC(170) Mark: 8 stripe(s), 2 proactive flush(es), 1 terminate flush(es), 0 completion(s), 0 continuation(s) 
[49.842s][info][gc,marking  ] GC(170) Mark Stack Usage: 32M
[49.842s][info][gc,nmethod  ] GC(170) NMethods: 5083 registered, 4004 unregistered
[49.842s][info][gc,metaspace] GC(170) Metaspace: 64M used, 65M committed, 1088M reserved
[49.842s][info][gc,ref      ] GC(170) Soft: 3051 encountered, 0 discovered, 0 enqueued
[49.842s][info][gc,ref      ] GC(170) Weak: 6348 encountered, 2002 discovered, 203 enqueued
[49.842s][info][gc,ref      ] GC(170) Final: 62 encountered, 7 discovered, 0 enqueued
[49.842s][info][gc,ref      ] GC(170) Phantom: 620 encountered, 521 discovered, 0 enqueued
[49.842s][info][gc,reloc    ] GC(170) Small Pages: 163 / 326M, Empty: 6M, Relocated: 20M, In-Place: 0
[49.842s][info][gc,reloc    ] GC(170) Medium Pages: 2 / 64M, Empty: 0M, Relocated: 14M, In-Place: 0
[49.842s][info][gc,reloc    ] GC(170) Large Pages: 4 / 28M, Empty: 16M, Relocated: 0M, In-Place: 0
[49.842s][info][gc,reloc    ] GC(170) Forwarding Usage: 18M
[49.842s][info][gc,heap     ] GC(170) Min Capacity: 8M(1%)
[49.842s][info][gc,heap     ] GC(170) Max Capacity: 1024M(100%)
[49.842s][info][gc,heap     ] GC(170) Soft Max Capacity: 1024M(100%)
[49.842s][info][gc,heap     ] GC(170)                Mark Start          Mark End        Relocate Start      Relocate End           High               Low         
[49.842s][info][gc,heap     ] GC(170)  Capacity:     1024M (100%)       1024M (100%)       1024M (100%)       1024M (100%)       1024M (100%)       1024M (100%)   
[49.842s][info][gc,heap     ] GC(170)      Free:      606M (59%)         536M (52%)         550M (54%)         708M (69%)         708M (69%)         504M (49%)    
[49.842s][info][gc,heap     ] GC(170)      Used:      418M (41%)         488M (48%)         474M (46%)         316M (31%)         520M (51%)         316M (31%)    
[49.843s][info][gc,heap     ] GC(170)      Live:         -               196M (19%)         196M (19%)         196M (19%)            -                  -          
[49.843s][info][gc,heap     ] GC(170) Allocated:         -                70M (7%)           78M (8%)           81M (8%)             -                  -          
[49.843s][info][gc,heap     ] GC(170)   Garbage:         -               221M (22%)         199M (19%)          37M (4%)             -                  -          
[49.843s][info][gc,heap     ] GC(170) Reclaimed:         -                  -                22M (2%)          183M (18%)            -                  -          
[49.843s][info][gc          ] GC(170) Garbage Collection (Allocation Rate) 418M(41%)->316M(31%)
[50.013s][info][gc,start    ] GC(171) Garbage Collection (Allocation Rate)
[50.013s][info][gc,task     ] GC(171) Using 10 workers
[50.013s][info][gc,phases   ] GC(171) Pause Mark Start 0.011ms
[50.106s][info][gc,phases   ] GC(171) Concurrent Mark 93.329ms
[50.106s][info][gc,stats    ] === Garbage Collection Statistics =======================================================================================================================
[50.107s][info][gc,stats    ]                                                              Last 10s              Last 10m              Last 10h                Total
[50.107s][info][gc,stats    ]                                                              Avg / Max             Avg / Max             Avg / Max             Avg / Max
[50.107s][info][gc,stats    ]   Collector: Garbage Collection Cycle                    165.416 / 328.056     153.643 / 1546.086    153.643 / 1546.086    153.643 / 1546.086    ms
[50.107s][info][gc,stats    ]  Contention: Mark Segment Reset Contention                    41 / 70               32 / 443              32 / 443              32 / 443         ops/s
[50.107s][info][gc,stats    ]  Contention: Mark SeqNum Reset Contention                      4 / 7                 2 / 7                 2 / 7                 2 / 7           ops/s
[50.107s][info][gc,phases   ] GC(171) Pause Mark End 0.037ms
[50.107s][info][gc,stats    ]    Critical: Allocation Stall                                  0 / 8                 0 / 10                0 / 10                0 / 10          ops/s
[50.107s][info][gc,stats    ]    Critical: Allocation Stall                            101.600 / 105.181      52.963 / 105.181      52.963 / 105.181      52.963 / 105.181     ms
[50.107s][info][gc,phases   ] GC(171) Concurrent Mark Free 0.001ms
[50.107s][info][gc,stats    ]    Critical: GC Locker Stall                                   0 / 0                 0 / 1                 0 / 1                 0 / 1           ops/s
[50.107s][info][gc,stats    ]    Critical: GC Locker Stall                               0.000 / 0.000         0.001 / 0.001         0.001 / 0.001         0.001 / 0.001       ms
[50.107s][info][gc,stats    ]    Critical: Relocation Stall                                  0 / 5                 0 / 7                 0 / 7                 0 / 7           ops/s
[50.107s][info][gc,stats    ]    Critical: Relocation Stall                             11.643 / 14.639       11.002 / 15.155       11.002 / 15.155       11.002 / 15.155      ms
[50.107s][info][gc,stats    ]      Memory: Allocation Rate                                1213 / 1850            874 / 2754            874 / 2754            874 / 2754        MB/s
[50.107s][info][gc,stats    ]      Memory: Defragment                                       18 / 110               8 / 110               8 / 110               8 / 110         ops/s
[50.107s][info][gc,stats    ]      Memory: Out Of Memory                                     0 / 0                 0 / 0                 0 / 0                 0 / 0           ops/s
[50.107s][info][gc,stats    ]      Memory: Page Cache Flush                                 83 / 246              44 / 258              44 / 258              44 / 258         MB/s
[50.107s][info][gc,stats    ]      Memory: Page Cache Hit L1                               597 / 893             430 / 1477            430 / 1477            430 / 1477        ops/s
[50.107s][info][gc,stats    ]      Memory: Page Cache Hit L2                                 0 / 0                 0 / 0                 0 / 0                 0 / 0           ops/s
[50.107s][info][gc,stats    ]      Memory: Page Cache Hit L3                                17 / 90               18 / 226              18 / 226              18 / 226         ops/s
[50.107s][info][gc,stats    ]      Memory: Page Cache Miss                                   2 / 19                1 / 19                1 / 19                1 / 19          ops/s
[50.107s][info][gc,stats    ]      Memory: Uncommit                                          0 / 0                 0 / 0                 0 / 0                 0 / 0           MB/s
[50.107s][info][gc,stats    ]      Memory: Undo Object Allocation Failed                    21 / 105              11 / 134              11 / 134              11 / 134         ops/s
[50.107s][info][gc,stats    ]      Memory: Undo Object Allocation Succeeded                 17 / 55               11 / 158              11 / 158              11 / 158         ops/s
[50.107s][info][gc,stats    ]      Memory: Undo Page Allocation                             33 / 91               22 / 116              22 / 116              22 / 116         ops/s
[50.107s][info][gc,stats    ]       Phase: Concurrent Mark                             130.547 / 202.838     124.804 / 1535.632    124.804 / 1535.632    124.804 / 1535.632    ms
[50.107s][info][gc,stats    ]       Phase: Concurrent Mark Continue                      0.000 / 0.000         0.000 / 0.000         0.000 / 0.000         0.000 / 0.000       ms
[50.107s][info][gc,stats    ]       Phase: Concurrent Mark Free                          0.001 / 0.002         0.001 / 0.002         0.001 / 0.002         0.001 / 0.002       ms
[50.107s][info][gc,stats    ]       Phase: Concurrent Process Non-Strong References      3.064 / 18.230        3.122 / 18.230        3.122 / 18.230        3.122 / 18.230      ms
[50.107s][info][gc,stats    ]       Phase: Concurrent Relocate                          15.196 / 34.430       13.228 / 82.400       13.228 / 82.400       13.228 / 82.400      ms
[50.107s][info][gc,stats    ]       Phase: Concurrent Reset Relocation Set               0.020 / 0.051         0.016 / 0.053         0.016 / 0.053         0.016 / 0.053       ms
[50.107s][info][gc,stats    ]       Phase: Concurrent Select Relocation Set             11.766 / 37.402        9.977 / 43.730        9.977 / 43.730        9.977 / 43.730      ms
[50.107s][info][gc,stats    ]       Phase: Pause Mark End                                0.026 / 0.056         0.022 / 0.059         0.022 / 0.059         0.022 / 0.059       ms
[50.107s][info][gc,stats    ]       Phase: Pause Mark Start                              0.014 / 0.044         0.015 / 0.070         0.015 / 0.070         0.015 / 0.070       ms
[50.107s][info][gc,stats    ]       Phase: Pause Relocate Start                          0.010 / 0.015         0.010 / 0.019         0.010 / 0.019         0.010 / 0.019       ms
[50.107s][info][gc,stats    ]    Subphase: Concurrent Classes Purge                      0.281 / 6.129         0.145 / 6.129         0.145 / 6.129         0.145 / 6.129       ms
[50.107s][info][gc,stats    ]    Subphase: Concurrent Classes Unlink                     2.204 / 16.835        2.392 / 16.835        2.392 / 16.835        2.392 / 16.835      ms
[50.107s][info][gc,stats    ]    Subphase: Concurrent Mark                             120.871 / 194.757     119.995 / 1532.438    119.995 / 1532.438    119.995 / 1532.438    ms
[50.107s][info][gc,stats    ]    Subphase: Concurrent Mark Try Flush                     0.131 / 3.297         0.105 / 7.750         0.105 / 7.750         0.105 / 7.750       ms
[50.107s][info][gc,stats    ]    Subphase: Concurrent Mark Try Terminate                 8.455 / 16.551        9.762 / 17.022        9.762 / 17.022        9.762 / 17.022      ms
[50.107s][info][gc,stats    ]    Subphase: Concurrent References Enqueue                 0.001 / 0.004         0.001 / 0.015         0.001 / 0.015         0.001 / 0.015       ms
[50.107s][info][gc,stats    ]    Subphase: Concurrent References Process                 0.121 / 0.237         0.134 / 0.389         0.134 / 0.389         0.134 / 0.389       ms
[50.107s][info][gc,stats    ]    Subphase: Concurrent Roots ClassLoaderDataGraph         0.097 / 0.677         0.092 / 0.786         0.092 / 0.786         0.092 / 0.786       ms
[50.107s][info][gc,stats    ]    Subphase: Concurrent Roots CodeCache                    0.000 / 0.000         0.000 / 0.000         0.000 / 0.000         0.000 / 0.000       ms
[50.107s][info][gc,stats    ]    Subphase: Concurrent Roots JavaThreads                  8.292 / 10.386        5.707 / 12.049        5.707 / 12.049        5.707 / 12.049      ms
[50.107s][info][gc,stats    ]    Subphase: Concurrent Roots OopStorageSet                0.028 / 0.048         0.025 / 0.343         0.025 / 0.343         0.025 / 0.343       ms
[50.107s][info][gc,stats    ]    Subphase: Concurrent Weak Roots OopStorageSet           0.226 / 0.408         0.245 / 1.280         0.245 / 1.280         0.245 / 1.280       ms
[50.107s][info][gc,stats    ]    Subphase: Pause Mark Try Complete                       0.001 / 0.004         0.002 / 0.005         0.002 / 0.005         0.002 / 0.005       ms
[50.107s][info][gc,stats    ]      System: Java Threads                                    201 / 216             131 / 216             131 / 216             131 / 216         threads
[50.107s][info][gc,stats    ] =========================================================================================================================================================
[50.120s][info][gc,phases   ] GC(171) Concurrent Process Non-Strong References 12.850ms
[50.120s][info][gc,phases   ] GC(171) Concurrent Reset Relocation Set 0.016ms
[50.124s][info][gc,phases   ] GC(171) Concurrent Select Relocation Set 4.378ms
[50.124s][info][gc,phases   ] GC(171) Pause Relocate Start 0.012ms
[50.127s][info][gc,phases   ] GC(171) Concurrent Relocate 2.738ms
[50.127s][info][gc,load     ] GC(171) Load: 0.00/0.00/0.00
[50.127s][info][gc,mmu      ] GC(171) MMU: 2ms/96.5%, 5ms/98.6%, 10ms/99.3%, 20ms/99.6%, 50ms/99.8%, 100ms/99.9%
[50.127s][info][gc,marking  ] GC(171) Mark: 8 stripe(s), 2 proactive flush(es), 1 terminate flush(es), 0 completion(s), 0 continuation(s) 
[50.127s][info][gc,marking  ] GC(171) Mark Stack Usage: 32M
[50.127s][info][gc,nmethod  ] GC(171) NMethods: 5108 registered, 4073 unregistered
[50.127s][info][gc,metaspace] GC(171) Metaspace: 64M used, 65M committed, 1088M reserved
[50.128s][info][gc,ref      ] GC(171) Soft: 3104 encountered, 0 discovered, 0 enqueued
[50.128s][info][gc,ref      ] GC(171) Weak: 6443 encountered, 1435 discovered, 251 enqueued
[50.128s][info][gc,ref      ] GC(171) Final: 62 encountered, 1 discovered, 0 enqueued
[50.128s][info][gc,ref      ] GC(171) Phantom: 621 encountered, 540 discovered, 0 enqueued
[50.128s][info][gc,reloc    ] GC(171) Small Pages: 191 / 382M, Empty: 150M, Relocated: 6M, In-Place: 0
[50.128s][info][gc,reloc    ] GC(171) Medium Pages: 2 / 64M, Empty: 32M, Relocated: 0M, In-Place: 0
[50.128s][info][gc,reloc    ] GC(171) Large Pages: 5 / 30M, Empty: 30M, Relocated: 0M, In-Place: 0
[50.128s][info][gc,reloc    ] GC(171) Forwarding Usage: 2M
[50.128s][info][gc,heap     ] GC(171) Min Capacity: 8M(1%)
[50.128s][info][gc,heap     ] GC(171) Max Capacity: 1024M(100%)
[50.128s][info][gc,heap     ] GC(171) Soft Max Capacity: 1024M(100%)
[50.128s][info][gc,heap     ] GC(171)                Mark Start          Mark End        Relocate Start      Relocate End           High               Low         
[50.128s][info][gc,heap     ] GC(171)  Capacity:     1024M (100%)       1024M (100%)       1024M (100%)       1024M (100%)       1024M (100%)       1024M (100%)   
[50.128s][info][gc,heap     ] GC(171)      Free:      548M (54%)         380M (37%)         580M (57%)         632M (62%)         632M (62%)         370M (36%)    
[50.128s][info][gc,heap     ] GC(171)      Used:      476M (46%)         644M (63%)         444M (43%)         392M (38%)         654M (64%)         392M (38%)    
[50.128s][info][gc,heap     ] GC(171)      Live:         -               166M (16%)         166M (16%)         166M (16%)            -                  -          
[50.128s][info][gc,heap     ] GC(171) Allocated:         -               168M (16%)         180M (18%)         181M (18%)            -                  -          
[50.128s][info][gc,heap     ] GC(171)   Garbage:         -               309M (30%)          97M (10%)          43M (4%)             -                  -          
[50.128s][info][gc,heap     ] GC(171) Reclaimed:         -                  -               212M (21%)         265M (26%)            -                  -          
[50.128s][info][gc          ] GC(171) Garbage Collection (Allocation Rate) 476M(46%)->392M(38%)
[50.411s][info][gc,start    ] GC(172) Garbage Collection (Allocation Rate)
[50.411s][info][gc,task     ] GC(172) Using 10 workers
[50.412s][info][gc,phases   ] GC(172) Pause Mark Start 0.017ms
[50.505s][info][gc,phases   ] GC(172) Concurrent Mark 93.311ms
[50.505s][info][gc,phases   ] GC(172) Pause Mark End 0.022ms
[50.505s][info][gc,phases   ] GC(172) Concurrent Mark Free 0.001ms
[50.507s][info][gc,phases   ] GC(172) Concurrent Process Non-Strong References 1.994ms
[50.507s][info][gc,phases   ] GC(172) Concurrent Reset Relocation Set 0.014ms
[50.516s][info][gc,phases   ] GC(172) Concurrent Select Relocation Set 8.883ms
[50.516s][info][gc,phases   ] GC(172) Pause Relocate Start 0.010ms
[50.529s][info][gc,phases   ] GC(172) Concurrent Relocate 12.533ms
[50.529s][info][gc,load     ] GC(172) Load: 0.00/0.00/0.00
[50.529s][info][gc,mmu      ] GC(172) MMU: 2ms/96.5%, 5ms/98.6%, 10ms/99.3%, 20ms/99.6%, 50ms/99.8%, 100ms/99.9%
[50.529s][info][gc,marking  ] GC(172) Mark: 8 stripe(s), 2 proactive flush(es), 1 terminate flush(es), 0 completion(s), 0 continuation(s) 
[50.529s][info][gc,marking  ] GC(172) Mark Stack Usage: 32M
[50.529s][info][gc,nmethod  ] GC(172) NMethods: 5188 registered, 4082 unregistered
[50.529s][info][gc,metaspace] GC(172) Metaspace: 64M used, 65M committed, 1088M reserved
[50.529s][info][gc,ref      ] GC(172) Soft: 3127 encountered, 0 discovered, 0 enqueued
[50.529s][info][gc,ref      ] GC(172) Weak: 6370 encountered, 1716 discovered, 174 enqueued
[50.529s][info][gc,ref      ] GC(172) Final: 62 encountered, 1 discovered, 0 enqueued
[50.529s][info][gc,ref      ] GC(172) Phantom: 620 encountered, 602 discovered, 0 enqueued
[50.529s][info][gc,reloc    ] GC(172) Small Pages: 290 / 580M, Empty: 268M, Relocated: 17M, In-Place: 0
[50.529s][info][gc,reloc    ] GC(172) Medium Pages: 2 / 64M, Empty: 0M, Relocated: 18M, In-Place: 0
[50.529s][info][gc,reloc    ] GC(172) Large Pages: 6 / 36M, Empty: 30M, Relocated: 0M, In-Place: 0
[50.529s][info][gc,reloc    ] GC(172) Forwarding Usage: 16M
[50.529s][info][gc,heap     ] GC(172) Min Capacity: 8M(1%)
[50.529s][info][gc,heap     ] GC(172) Max Capacity: 1024M(100%)
[50.529s][info][gc,heap     ] GC(172) Soft Max Capacity: 1024M(100%)
[50.529s][info][gc,heap     ] GC(172)                Mark Start          Mark End        Relocate Start      Relocate End           High               Low         
[50.529s][info][gc,heap     ] GC(172)  Capacity:     1024M (100%)       1024M (100%)       1024M (100%)       1024M (100%)       1024M (100%)       1024M (100%)   
[50.529s][info][gc,heap     ] GC(172)      Free:      344M (34%)         260M (25%)         546M (53%)         698M (68%)         698M (68%)         258M (25%)    
[50.529s][info][gc,heap     ] GC(172)      Used:      680M (66%)         764M (75%)         478M (47%)         326M (32%)         766M (75%)         326M (32%)    
[50.530s][info][gc,heap     ] GC(172)      Live:         -               193M (19%)         193M (19%)         193M (19%)            -                  -          
[50.530s][info][gc,heap     ] GC(172) Allocated:         -                84M (8%)           96M (9%)           99M (10%)            -                  -          
[50.530s][info][gc,heap     ] GC(172)   Garbage:         -               486M (48%)         188M (18%)          33M (3%)             -                  -          
[50.530s][info][gc,heap     ] GC(172) Reclaimed:         -                  -               298M (29%)         453M (44%)            -                  -          
[50.530s][info][gc          ] GC(172) Garbage Collection (Allocation Rate) 680M(66%)->326M(32%)
[50.614s][info][gc,start    ] GC(173) Garbage Collection (Allocation Rate)
[50.614s][info][gc,task     ] GC(173) Using 10 workers
[50.615s][info][gc,phases   ] GC(173) Pause Mark Start 0.015ms
[50.724s][info][gc,phases   ] GC(173) Concurrent Mark 108.981ms
[50.724s][info][gc,phases   ] GC(173) Pause Mark End 0.025ms
[50.724s][info][gc,phases   ] GC(173) Concurrent Mark Free 0.001ms
[50.726s][info][gc,phases   ] GC(173) Concurrent Process Non-Strong References 1.744ms
[50.726s][info][gc,phases   ] GC(173) Concurrent Reset Relocation Set 0.011ms
[50.743s][info][gc,phases   ] GC(173) Concurrent Select Relocation Set 16.885ms
[50.743s][info][gc,phases   ] GC(173) Pause Relocate Start 0.011ms
[50.760s][info][gc,phases   ] GC(173) Concurrent Relocate 17.565ms
[50.760s][info][gc,load     ] GC(173) Load: 0.00/0.00/0.00
[50.760s][info][gc,mmu      ] GC(173) MMU: 2ms/96.5%, 5ms/98.6%, 10ms/99.3%, 20ms/99.6%, 50ms/99.8%, 100ms/99.9%
[50.760s][info][gc,marking  ] GC(173) Mark: 8 stripe(s), 2 proactive flush(es), 1 terminate flush(es), 0 completion(s), 0 continuation(s) 
[50.760s][info][gc,marking  ] GC(173) Mark Stack Usage: 32M
[50.760s][info][gc,nmethod  ] GC(173) NMethods: 5193 registered, 4082 unregistered
[50.760s][info][gc,metaspace] GC(173) Metaspace: 64M used, 65M committed, 1088M reserved
[50.761s][info][gc,ref      ] GC(173) Soft: 3131 encountered, 0 discovered, 0 enqueued
[50.761s][info][gc,ref      ] GC(173) Weak: 6209 encountered, 825 discovered, 2 enqueued
[50.761s][info][gc,ref      ] GC(173) Final: 62 encountered, 0 discovered, 0 enqueued
[50.761s][info][gc,ref      ] GC(173) Phantom: 630 encountered, 562 discovered, 0 enqueued
[50.761s][info][gc,reloc    ] GC(173) Small Pages: 156 / 312M, Empty: 0M, Relocated: 25M, In-Place: 0
[50.761s][info][gc,reloc    ] GC(173) Medium Pages: 1 / 32M, Empty: 0M, Relocated: 0M, In-Place: 0
[50.761s][info][gc,reloc    ] GC(173) Large Pages: 4 / 24M, Empty: 0M, Relocated: 0M, In-Place: 0
[50.761s][info][gc,reloc    ] GC(173) Forwarding Usage: 24M
[50.761s][info][gc,heap     ] GC(173) Min Capacity: 8M(1%)
[50.761s][info][gc,heap     ] GC(173) Max Capacity: 1024M(100%)
[50.761s][info][gc,heap     ] GC(173) Soft Max Capacity: 1024M(100%)
[50.761s][info][gc,heap     ] GC(173)                Mark Start          Mark End        Relocate Start      Relocate End           High               Low         
[50.761s][info][gc,heap     ] GC(173)  Capacity:     1024M (100%)       1024M (100%)       1024M (100%)       1024M (100%)       1024M (100%)       1024M (100%)   
[50.761s][info][gc,heap     ] GC(173)      Free:      656M (64%)         596M (58%)         588M (57%)         690M (67%)         690M (67%)         568M (55%)    
[50.761s][info][gc,heap     ] GC(173)      Used:      368M (36%)         428M (42%)         436M (43%)         334M (33%)         456M (45%)         334M (33%)    
[50.761s][info][gc,heap     ] GC(173)      Live:         -               214M (21%)         214M (21%)         214M (21%)            -                  -          
[50.761s][info][gc,heap     ] GC(173) Allocated:         -                60M (6%)           68M (7%)           74M (7%)             -                  -          
[50.761s][info][gc,heap     ] GC(173)   Garbage:         -               153M (15%)         153M (15%)          45M (4%)             -                  -          
[50.761s][info][gc,heap     ] GC(173) Reclaimed:         -                  -                 0M (0%)          108M (11%)            -                  -          
[50.761s][info][gc          ] GC(173) Garbage Collection (Allocation Rate) 368M(36%)->334M(33%)
[50.817s][info][gc,start    ] GC(174) Garbage Collection (Allocation Rate)
[50.818s][info][gc,task     ] GC(174) Using 10 workers
[50.818s][info][gc,phases   ] GC(174) Pause Mark Start 0.013ms
[50.905s][info][gc,phases   ] GC(174) Concurrent Mark 87.646ms
[50.906s][info][gc,phases   ] GC(174) Pause Mark End 0.030ms
[50.906s][info][gc,phases   ] GC(174) Concurrent Mark Free 0.001ms
[50.907s][info][gc,phases   ] GC(174) Concurrent Process Non-Strong References 1.557ms
[50.907s][info][gc,phases   ] GC(174) Concurrent Reset Relocation Set 0.010ms
[50.911s][info][gc,phases   ] GC(174) Concurrent Select Relocation Set 3.783ms
[50.911s][info][gc,phases   ] GC(174) Pause Relocate Start 0.008ms
[50.920s][info][gc,phases   ] GC(174) Concurrent Relocate 9.184ms
[50.921s][info][gc,load     ] GC(174) Load: 0.00/0.00/0.00
[50.921s][info][gc,mmu      ] GC(174) MMU: 2ms/96.5%, 5ms/98.6%, 10ms/99.3%, 20ms/99.6%, 50ms/99.8%, 100ms/99.9%
[50.921s][info][gc,marking  ] GC(174) Mark: 8 stripe(s), 2 proactive flush(es), 1 terminate flush(es), 0 completion(s), 0 continuation(s) 
[50.921s][info][gc,marking  ] GC(174) Mark Stack Usage: 32M
[50.921s][info][gc,nmethod  ] GC(174) NMethods: 5199 registered, 4082 unregistered
[50.921s][info][gc,metaspace] GC(174) Metaspace: 64M used, 65M committed, 1088M reserved
[50.921s][info][gc,ref      ] GC(174) Soft: 3131 encountered, 0 discovered, 0 enqueued
[50.921s][info][gc,ref      ] GC(174) Weak: 6207 encountered, 832 discovered, 0 enqueued
[50.921s][info][gc,ref      ] GC(174) Final: 62 encountered, 0 discovered, 0 enqueued
[50.921s][info][gc,ref      ] GC(174) Phantom: 627 encountered, 556 discovered, 0 enqueued
[50.921s][info][gc,reloc    ] GC(174) Small Pages: 152 / 304M, Empty: 68M, Relocated: 15M, In-Place: 0
[50.921s][info][gc,reloc    ] GC(174) Medium Pages: 1 / 32M, Empty: 0M, Relocated: 0M, In-Place: 0
[50.921s][info][gc,reloc    ] GC(174) Large Pages: 4 / 24M, Empty: 12M, Relocated: 0M, In-Place: 0
[50.921s][info][gc,reloc    ] GC(174) Forwarding Usage: 12M
[50.921s][info][gc,heap     ] GC(174) Min Capacity: 8M(1%)
[50.921s][info][gc,heap     ] GC(174) Max Capacity: 1024M(100%)
[50.921s][info][gc,heap     ] GC(174) Soft Max Capacity: 1024M(100%)
[50.921s][info][gc,heap     ] GC(174)                Mark Start          Mark End        Relocate Start      Relocate End           High               Low         
[50.921s][info][gc,heap     ] GC(174)  Capacity:     1024M (100%)       1024M (100%)       1024M (100%)       1024M (100%)       1024M (100%)       1024M (100%)   
[50.921s][info][gc,heap     ] GC(174)      Free:      664M (65%)         636M (62%)         714M (70%)         758M (74%)         760M (74%)         634M (62%)    
[50.921s][info][gc,heap     ] GC(174)      Used:      360M (35%)         388M (38%)         310M (30%)         266M (26%)         390M (38%)         264M (26%)    
[50.921s][info][gc,heap     ] GC(174)      Live:         -               190M (19%)         190M (19%)         190M (19%)            -                  -          
[50.921s][info][gc,heap     ] GC(174) Allocated:         -                28M (3%)           30M (3%)           33M (3%)             -                  -          
[50.921s][info][gc,heap     ] GC(174)   Garbage:         -               169M (17%)          89M (9%)           41M (4%)             -                  -          
[50.921s][info][gc,heap     ] GC(174) Reclaimed:         -                  -                80M (8%)          127M (12%)            -                  -          
[50.921s][info][gc          ] GC(174) Garbage Collection (Allocation Rate) 360M(35%)->266M(26%)
[51.215s][info][gc,start    ] GC(175) Garbage Collection (Allocation Rate)
[51.215s][info][gc,task     ] GC(175) Using 5 workers
[51.215s][info][gc,phases   ] GC(175) Pause Mark Start 0.013ms
[51.340s][info][gc,phases   ] GC(175) Concurrent Mark 124.625ms
[51.340s][info][gc,phases   ] GC(175) Pause Mark End 0.023ms
[51.340s][info][gc,phases   ] GC(175) Concurrent Mark Free 0.001ms
[51.343s][info][gc,phases   ] GC(175) Concurrent Process Non-Strong References 3.270ms
[51.343s][info][gc,phases   ] GC(175) Concurrent Reset Relocation Set 0.006ms
[51.347s][info][gc,phases   ] GC(175) Concurrent Select Relocation Set 3.504ms
[51.347s][info][gc,phases   ] GC(175) Pause Relocate Start 0.008ms
[51.361s][info][gc,phases   ] GC(175) Concurrent Relocate 14.420ms
[51.361s][info][gc,load     ] GC(175) Load: 0.00/0.00/0.00
[51.362s][info][gc,mmu      ] GC(175) MMU: 2ms/96.5%, 5ms/98.6%, 10ms/99.3%, 20ms/99.6%, 50ms/99.8%, 100ms/99.9%
[51.362s][info][gc,marking  ] GC(175) Mark: 4 stripe(s), 2 proactive flush(es), 1 terminate flush(es), 0 completion(s), 0 continuation(s) 
[51.362s][info][gc,marking  ] GC(175) Mark Stack Usage: 32M
[51.362s][info][gc,nmethod  ] GC(175) NMethods: 5236 registered, 4086 unregistered
[51.362s][info][gc,metaspace] GC(175) Metaspace: 64M used, 65M committed, 1088M reserved
[51.362s][info][gc,ref      ] GC(175) Soft: 3127 encountered, 0 discovered, 0 enqueued
[51.362s][info][gc,ref      ] GC(175) Weak: 6274 encountered, 2207 discovered, 64 enqueued
[51.362s][info][gc,ref      ] GC(175) Final: 62 encountered, 2 discovered, 0 enqueued
[51.362s][info][gc,ref      ] GC(175) Phantom: 621 encountered, 555 discovered, 0 enqueued
[51.362s][info][gc,reloc    ] GC(175) Small Pages: 205 / 410M, Empty: 42M, Relocated: 12M, In-Place: 0
[51.362s][info][gc,reloc    ] GC(175) Medium Pages: 2 / 64M, Empty: 0M, Relocated: 12M, In-Place: 0
[51.362s][info][gc,reloc    ] GC(175) Large Pages: 3 / 18M, Empty: 18M, Relocated: 0M, In-Place: 0
[51.362s][info][gc,reloc    ] GC(175) Forwarding Usage: 8M
[51.362s][info][gc,heap     ] GC(175) Min Capacity: 8M(1%)
[51.362s][info][gc,heap     ] GC(175) Max Capacity: 1024M(100%)
[51.362s][info][gc,heap     ] GC(175) Soft Max Capacity: 1024M(100%)
[51.362s][info][gc,heap     ] GC(175)                Mark Start          Mark End        Relocate Start      Relocate End           High               Low         
[51.362s][info][gc,heap     ] GC(175)  Capacity:     1024M (100%)       1024M (100%)       1024M (100%)       1024M (100%)       1024M (100%)       1024M (100%)   
[51.362s][info][gc,heap     ] GC(175)      Free:      532M (52%)         182M (18%)         222M (22%)         414M (40%)         532M (52%)         166M (16%)    
[51.362s][info][gc,heap     ] GC(175)      Used:      492M (48%)         842M (82%)         802M (78%)         610M (60%)         858M (84%)         492M (48%)    
[51.362s][info][gc,heap     ] GC(175)      Live:         -               175M (17%)         175M (17%)         175M (17%)            -                  -          
[51.362s][info][gc,heap     ] GC(175) Allocated:         -               350M (34%)         370M (36%)         397M (39%)            -                  -          
[51.362s][info][gc,heap     ] GC(175)   Garbage:         -               316M (31%)         256M (25%)          36M (4%)             -                  -          
[51.362s][info][gc,heap     ] GC(175) Reclaimed:         -                  -                60M (6%)          279M (27%)            -                  -          
[51.362s][info][gc          ] GC(175) Garbage Collection (Allocation Rate) 492M(48%)->610M(60%)
[51.418s][info][gc,start    ] GC(176) Garbage Collection (Allocation Rate)
[51.418s][info][gc,task     ] GC(176) Using 10 workers
[51.433s][info][gc,phases   ] GC(176) Pause Mark Start 0.013ms
[51.558s][info][gc,phases   ] GC(176) Concurrent Mark 124.812ms
[51.559s][info][gc,phases   ] GC(176) Pause Mark End 0.022ms
[51.559s][info][gc,phases   ] GC(176) Concurrent Mark Free 0.001ms
[51.560s][info][gc,phases   ] GC(176) Concurrent Process Non-Strong References 1.849ms
[51.561s][info][gc,phases   ] GC(176) Concurrent Reset Relocation Set 0.018ms
[51.583s][info][gc,phases   ] GC(176) Concurrent Select Relocation Set 22.567ms
[51.583s][info][gc,phases   ] GC(176) Pause Relocate Start 0.009ms
[51.618s][info][gc,phases   ] GC(176) Concurrent Relocate 34.738ms
[51.618s][info][gc,load     ] GC(176) Load: 0.00/0.00/0.00
[51.618s][info][gc,mmu      ] GC(176) MMU: 2ms/96.5%, 5ms/98.6%, 10ms/99.3%, 20ms/99.6%, 50ms/99.8%, 100ms/99.9%
[51.618s][info][gc,marking  ] GC(176) Mark: 8 stripe(s), 2 proactive flush(es), 1 terminate flush(es), 0 completion(s), 0 continuation(s) 
[51.618s][info][gc,marking  ] GC(176) Mark Stack Usage: 32M
[51.618s][info][gc,nmethod  ] GC(176) NMethods: 5250 registered, 4091 unregistered
[51.618s][info][gc,metaspace] GC(176) Metaspace: 64M used, 65M committed, 1088M reserved
[51.618s][info][gc,ref      ] GC(176) Soft: 3127 encountered, 0 discovered, 0 enqueued
[51.618s][info][gc,ref      ] GC(176) Weak: 6219 encountered, 790 discovered, 2 enqueued
[51.618s][info][gc,ref      ] GC(176) Final: 62 encountered, 1 discovered, 0 enqueued
[51.618s][info][gc,ref      ] GC(176) Phantom: 617 encountered, 590 discovered, 0 enqueued
[51.618s][info][gc,reloc    ] GC(176) Small Pages: 332 / 664M, Empty: 0M, Relocated: 61M, In-Place: 0
[51.618s][info][gc,reloc    ] GC(176) Medium Pages: 2 / 64M, Empty: 0M, Relocated: 12M, In-Place: 0
[51.618s][info][gc,reloc    ] GC(176) Large Pages: 4 / 24M, Empty: 0M, Relocated: 0M, In-Place: 0
[51.618s][info][gc,reloc    ] GC(176) Forwarding Usage: 57M
[51.618s][info][gc,heap     ] GC(176) Min Capacity: 8M(1%)
[51.618s][info][gc,heap     ] GC(176) Max Capacity: 1024M(100%)
[51.618s][info][gc,heap     ] GC(176) Soft Max Capacity: 1024M(100%)
[51.618s][info][gc,heap     ] GC(176)                Mark Start          Mark End        Relocate Start      Relocate End           High               Low         
[51.618s][info][gc,heap     ] GC(176)  Capacity:     1024M (100%)       1024M (100%)       1024M (100%)       1024M (100%)       1024M (100%)       1024M (100%)   
[51.618s][info][gc,heap     ] GC(176)      Free:      272M (27%)         158M (15%)         158M (15%)         614M (60%)         614M (60%)         110M (11%)    
[51.618s][info][gc,heap     ] GC(176)      Used:      752M (73%)         866M (85%)         866M (85%)         410M (40%)         914M (89%)         410M (40%)    
[51.618s][info][gc,heap     ] GC(176)      Live:         -               256M (25%)         256M (25%)         256M (25%)            -                  -          
[51.618s][info][gc,heap     ] GC(176) Allocated:         -               114M (11%)         114M (11%)         113M (11%)            -                  -          
[51.618s][info][gc,heap     ] GC(176)   Garbage:         -               495M (48%)         495M (48%)          40M (4%)             -                  -          
[51.618s][info][gc,heap     ] GC(176) Reclaimed:         -                  -                 0M (0%)          455M (44%)            -                  -          
[51.618s][info][gc          ] GC(176) Garbage Collection (Allocation Rate) 752M(73%)->410M(40%)
[51.715s][info][gc,start    ] GC(177) Garbage Collection (Allocation Rate)
[51.715s][info][gc,task     ] GC(177) Using 10 workers
[51.715s][info][gc,phases   ] GC(177) Pause Mark Start 0.013ms
[51.855s][info][gc,phases   ] GC(177) Concurrent Mark 140.182ms
[51.855s][info][gc,phases   ] GC(177) Pause Mark End 0.029ms
[51.855s][info][gc,phases   ] GC(177) Concurrent Mark Free 0.001ms
[51.857s][info][gc,phases   ] GC(177) Concurrent Process Non-Strong References 1.957ms
[51.857s][info][gc,phases   ] GC(177) Concurrent Reset Relocation Set 0.049ms
[51.867s][info][gc,phases   ] GC(177) Concurrent Select Relocation Set 9.331ms
[51.867s][info][gc,phases   ] GC(177) Pause Relocate Start 0.011ms
[51.882s][info][gc,phases   ] GC(177) Concurrent Relocate 14.915ms
[51.882s][info][gc,load     ] GC(177) Load: 0.00/0.00/0.00
[51.882s][info][gc,mmu      ] GC(177) MMU: 2ms/96.5%, 5ms/98.6%, 10ms/99.3%, 20ms/99.6%, 50ms/99.8%, 100ms/99.9%
[51.882s][info][gc,marking  ] GC(177) Mark: 8 stripe(s), 2 proactive flush(es), 1 terminate flush(es), 0 completion(s), 0 continuation(s) 
[51.882s][info][gc,marking  ] GC(177) Mark Stack Usage: 32M
[51.882s][info][gc,nmethod  ] GC(177) NMethods: 5252 registered, 4092 unregistered
[51.882s][info][gc,metaspace] GC(177) Metaspace: 64M used, 65M committed, 1088M reserved
[51.882s][info][gc,ref      ] GC(177) Soft: 3127 encountered, 0 discovered, 0 enqueued
[51.882s][info][gc,ref      ] GC(177) Weak: 6209 encountered, 590 discovered, 2 enqueued
[51.882s][info][gc,ref      ] GC(177) Final: 62 encountered, 0 discovered, 0 enqueued
[51.882s][info][gc,ref      ] GC(177) Phantom: 617 encountered, 541 discovered, 0 enqueued
[51.882s][info][gc,reloc    ] GC(177) Small Pages: 172 / 344M, Empty: 20M, Relocated: 11M, In-Place: 0
[51.882s][info][gc,reloc    ] GC(177) Medium Pages: 2 / 64M, Empty: 0M, Relocated: 13M, In-Place: 0
[51.882s][info][gc,reloc    ] GC(177) Large Pages: 4 / 24M, Empty: 0M, Relocated: 0M, In-Place: 0
[51.882s][info][gc,reloc    ] GC(177) Forwarding Usage: 10M
[51.882s][info][gc,heap     ] GC(177) Min Capacity: 8M(1%)
[51.882s][info][gc,heap     ] GC(177) Max Capacity: 1024M(100%)
[51.882s][info][gc,heap     ] GC(177) Soft Max Capacity: 1024M(100%)
[51.882s][info][gc,heap     ] GC(177)                Mark Start          Mark End        Relocate Start      Relocate End           High               Low         
[51.882s][info][gc,heap     ] GC(177)  Capacity:     1024M (100%)       1024M (100%)       1024M (100%)       1024M (100%)       1024M (100%)       1024M (100%)   
[51.883s][info][gc,heap     ] GC(177)      Free:      592M (58%)         478M (47%)         498M (49%)         608M (59%)         608M (59%)         450M (44%)    
[51.883s][info][gc,heap     ] GC(177)      Used:      432M (42%)         546M (53%)         526M (51%)         416M (41%)         574M (56%)         416M (41%)    
[51.883s][info][gc,heap     ] GC(177)      Live:         -               265M (26%)         265M (26%)         265M (26%)            -                  -          
[51.883s][info][gc,heap     ] GC(177) Allocated:         -               114M (11%)         114M (11%)         113M (11%)            -                  -          
[51.883s][info][gc,heap     ] GC(177)   Garbage:         -               166M (16%)         146M (14%)          36M (4%)             -                  -          
[51.883s][info][gc,heap     ] GC(177) Reclaimed:         -                  -                20M (2%)          129M (13%)            -                  -          
[51.883s][info][gc          ] GC(177) Garbage Collection (Allocation Rate) 432M(42%)->416M(41%)
[51.918s][info][gc,start    ] GC(178) Garbage Collection (Allocation Rate)
[51.918s][info][gc,task     ] GC(178) Using 10 workers
[51.918s][info][gc,phases   ] GC(178) Pause Mark Start 0.016ms
[52.056s][info][gc,phases   ] GC(178) Concurrent Mark 138.165ms
[52.057s][info][gc,phases   ] GC(178) Pause Mark End 0.029ms
[52.057s][info][gc,phases   ] GC(178) Concurrent Mark Free 0.002ms
[52.059s][info][gc,phases   ] GC(178) Concurrent Process Non-Strong References 2.043ms
[52.059s][info][gc,phases   ] GC(178) Concurrent Reset Relocation Set 0.011ms
[52.091s][info][gc,phases   ] GC(178) Concurrent Select Relocation Set 32.643ms
[52.103s][info][gc,phases   ] GC(178) Pause Relocate Start 0.014ms
[52.133s][info][gc,phases   ] GC(178) Concurrent Relocate 29.547ms
[52.133s][info][gc,load     ] GC(178) Load: 0.00/0.00/0.00
[52.133s][info][gc,mmu      ] GC(178) MMU: 2ms/96.5%, 5ms/98.6%, 10ms/99.3%, 20ms/99.6%, 50ms/99.8%, 100ms/99.9%
[52.133s][info][gc,marking  ] GC(178) Mark: 8 stripe(s), 2 proactive flush(es), 1 terminate flush(es), 0 completion(s), 0 continuation(s) 
[52.133s][info][gc,marking  ] GC(178) Mark Stack Usage: 32M
[52.133s][info][gc,nmethod  ] GC(178) NMethods: 5287 registered, 4092 unregistered
[52.133s][info][gc,metaspace] GC(178) Metaspace: 64M used, 65M committed, 1088M reserved
[52.133s][info][gc,ref      ] GC(178) Soft: 3129 encountered, 0 discovered, 0 enqueued
[52.133s][info][gc,ref      ] GC(178) Weak: 6209 encountered, 469 discovered, 0 enqueued
[52.133s][info][gc,ref      ] GC(178) Final: 62 encountered, 1 discovered, 0 enqueued
[52.133s][info][gc,ref      ] GC(178) Phantom: 617 encountered, 546 discovered, 0 enqueued
[52.133s][info][gc,reloc    ] GC(178) Small Pages: 141 / 282M, Empty: 20M, Relocated: 38M, In-Place: 0
[52.133s][info][gc,reloc    ] GC(178) Medium Pages: 3 / 96M, Empty: 0M, Relocated: 14M, In-Place: 0
[52.133s][info][gc,reloc    ] GC(178) Large Pages: 8 / 48M, Empty: 24M, Relocated: 0M, In-Place: 0
[52.133s][info][gc,reloc    ] GC(178) Forwarding Usage: 33M
[52.133s][info][gc,heap     ] GC(178) Min Capacity: 8M(1%)
[52.133s][info][gc,heap     ] GC(178) Max Capacity: 1024M(100%)
[52.133s][info][gc,heap     ] GC(178) Soft Max Capacity: 1024M(100%)
[52.133s][info][gc,heap     ] GC(178)                Mark Start          Mark End        Relocate Start      Relocate End           High               Low         
[52.133s][info][gc,heap     ] GC(178)  Capacity:     1024M (100%)       1024M (100%)       1024M (100%)       1024M (100%)       1024M (100%)       1024M (100%)   
[52.133s][info][gc,heap     ] GC(178)      Free:      598M (58%)         340M (33%)         258M (25%)         264M (26%)         598M (58%)         212M (21%)    
[52.133s][info][gc,heap     ] GC(178)      Used:      426M (42%)         684M (67%)         766M (75%)         760M (74%)         812M (79%)         426M (42%)    
[52.133s][info][gc,heap     ] GC(178)      Live:         -               254M (25%)         254M (25%)         254M (25%)            -                  -          
[52.133s][info][gc,heap     ] GC(178) Allocated:         -               258M (25%)         384M (38%)         454M (44%)            -                  -          
[52.133s][info][gc,heap     ] GC(178)   Garbage:         -               171M (17%)         127M (12%)          50M (5%)             -                  -          
[52.133s][info][gc,heap     ] GC(178) Reclaimed:         -                  -                44M (4%)          120M (12%)            -                  -          
[52.133s][info][gc          ] GC(178) Garbage Collection (Allocation Rate) 426M(42%)->760M(74%)
[52.205s][info][gc,start    ] GC(179) Garbage Collection (Allocation Rate)
[52.205s][info][gc,task     ] GC(179) Using 10 workers
[52.205s][info][gc,phases   ] GC(179) Pause Mark Start 0.017ms
[52.299s][info][gc,phases   ] GC(179) Concurrent Mark 93.287ms
[52.299s][info][gc,phases   ] GC(179) Pause Mark End 0.025ms
[52.299s][info][gc,phases   ] GC(179) Concurrent Mark Free 0.001ms
[52.300s][info][gc,phases   ] GC(179) Concurrent Process Non-Strong References 1.603ms
[52.300s][info][gc,phases   ] GC(179) Concurrent Reset Relocation Set 0.011ms
[52.303s][info][gc          ] Allocation Stall (main) 14.760ms
[52.332s][info][gc,phases   ] GC(179) Concurrent Select Relocation Set 31.593ms
[52.332s][info][gc,phases   ] GC(179) Pause Relocate Start 0.014ms
[52.360s][info][gc,phases   ] GC(179) Concurrent Relocate 27.557ms
[52.360s][info][gc,load     ] GC(179) Load: 0.00/0.00/0.00
[52.360s][info][gc,mmu      ] GC(179) MMU: 2ms/96.5%, 5ms/98.6%, 10ms/99.3%, 20ms/99.6%, 50ms/99.8%, 100ms/99.9%
[52.360s][info][gc,marking  ] GC(179) Mark: 8 stripe(s), 2 proactive flush(es), 1 terminate flush(es), 0 completion(s), 0 continuation(s) 
[52.360s][info][gc,marking  ] GC(179) Mark Stack Usage: 32M
[52.360s][info][gc,nmethod  ] GC(179) NMethods: 5298 registered, 4101 unregistered
[52.360s][info][gc,metaspace] GC(179) Metaspace: 64M used, 65M committed, 1088M reserved
[52.360s][info][gc,ref      ] GC(179) Soft: 3133 encountered, 0 discovered, 0 enqueued
[52.360s][info][gc,ref      ] GC(179) Weak: 6252 encountered, 2659 discovered, 9 enqueued
[52.360s][info][gc,ref      ] GC(179) Final: 62 encountered, 26 discovered, 0 enqueued
[52.360s][info][gc,ref      ] GC(179) Phantom: 617 encountered, 504 discovered, 0 enqueued
[52.360s][info][gc,reloc    ] GC(179) Small Pages: 270 / 540M, Empty: 28M, Relocated: 40M, In-Place: 0
[52.360s][info][gc,reloc    ] GC(179) Medium Pages: 5 / 160M, Empty: 64M, Relocated: 20M, In-Place: 0
[52.360s][info][gc,reloc    ] GC(179) Large Pages: 33 / 222M, Empty: 200M, Relocated: 0M, In-Place: 0
[52.360s][info][gc,reloc    ] GC(179) Forwarding Usage: 39M
[52.360s][info][gc,heap     ] GC(179) Min Capacity: 8M(1%)
[52.360s][info][gc,heap     ] GC(179) Max Capacity: 1024M(100%)
[52.360s][info][gc,heap     ] GC(179) Soft Max Capacity: 1024M(100%)
[52.360s][info][gc,heap     ] GC(179)                Mark Start          Mark End        Relocate Start      Relocate End           High               Low         
[52.360s][info][gc,heap     ] GC(179)  Capacity:     1024M (100%)       1024M (100%)       1024M (100%)       1024M (100%)       1024M (100%)       1024M (100%)   
[52.360s][info][gc,heap     ] GC(179)      Free:      102M (10%)           0M (0%)          278M (27%)         606M (59%)         606M (59%)           0M (0%)     
[52.360s][info][gc,heap     ] GC(179)      Used:      922M (90%)        1024M (100%)        746M (73%)         418M (41%)        1024M (100%)        418M (41%)    
[52.360s][info][gc,heap     ] GC(179)      Live:         -               234M (23%)         234M (23%)         234M (23%)            -                  -          
[52.360s][info][gc,heap     ] GC(179) Allocated:         -               102M (10%)         116M (11%)         149M (15%)            -                  -          
[52.360s][info][gc,heap     ] GC(179)   Garbage:         -               687M (67%)         395M (39%)          34M (3%)             -                  -          
[52.360s][info][gc,heap     ] GC(179) Reclaimed:         -                  -               292M (29%)         653M (64%)            -                  -          
[52.360s][info][gc          ] GC(179) Garbage Collection (Allocation Rate) 922M(90%)->418M(41%)
[52.408s][info][gc,start    ] GC(180) Garbage Collection (Allocation Stall)
[52.408s][info][gc,ref      ] GC(180) Clearing All SoftReferences
[52.408s][info][gc,task     ] GC(180) Using 10 workers
[52.408s][info][gc,ref      ] GC(180) Clearing All SoftReferences
[52.408s][info][gc,phases   ] GC(180) Pause Mark Start 0.079ms
[52.517s][info][gc,phases   ] GC(180) Concurrent Mark 108.900ms
[52.517s][info][gc,phases   ] GC(180) Pause Mark End 0.019ms
[52.517s][info][gc,phases   ] GC(180) Concurrent Mark Free 0.001ms
[52.531s][info][gc,phases   ] GC(180) Concurrent Process Non-Strong References 14.008ms
[52.532s][info][gc,phases   ] GC(180) Concurrent Reset Relocation Set 0.025ms
[52.538s][info][gc,phases   ] GC(180) Concurrent Select Relocation Set 6.468ms
[52.538s][info][gc,phases   ] GC(180) Pause Relocate Start 0.010ms
[52.545s][info][gc,phases   ] GC(180) Concurrent Relocate 7.048ms
[52.545s][info][gc,load     ] GC(180) Load: 0.00/0.00/0.00
[52.545s][info][gc,mmu      ] GC(180) MMU: 2ms/96.1%, 5ms/98.4%, 10ms/99.2%, 20ms/99.6%, 50ms/99.8%, 100ms/99.9%
[52.546s][info][gc,marking  ] GC(180) Mark: 8 stripe(s), 2 proactive flush(es), 1 terminate flush(es), 0 completion(s), 0 continuation(s) 
[52.546s][info][gc,marking  ] GC(180) Mark Stack Usage: 32M
[52.546s][info][gc,nmethod  ] GC(180) NMethods: 5277 registered, 4127 unregistered
[52.546s][info][gc,metaspace] GC(180) Metaspace: 64M used, 65M committed, 1088M reserved
[52.546s][info][gc,ref      ] GC(180) Soft: 3050 encountered, 1521 discovered, 365 enqueued
[52.546s][info][gc,ref      ] GC(180) Weak: 6158 encountered, 683 discovered, 142 enqueued
[52.546s][info][gc,ref      ] GC(180) Final: 62 encountered, 0 discovered, 0 enqueued
[52.546s][info][gc,ref      ] GC(180) Phantom: 617 encountered, 594 discovered, 0 enqueued
[52.546s][info][gc,reloc    ] GC(180) Small Pages: 212 / 424M, Empty: 146M, Relocated: 8M, In-Place: 0
[52.546s][info][gc,reloc    ] GC(180) Medium Pages: 2 / 64M, Empty: 32M, Relocated: 0M, In-Place: 0
[52.546s][info][gc,reloc    ] GC(180) Large Pages: 8 / 52M, Empty: 34M, Relocated: 0M, In-Place: 0
[52.546s][info][gc,reloc    ] GC(180) Forwarding Usage: 7M
[52.546s][info][gc,heap     ] GC(180) Min Capacity: 8M(1%)
[52.546s][info][gc,heap     ] GC(180) Max Capacity: 1024M(100%)
[52.546s][info][gc,heap     ] GC(180) Soft Max Capacity: 1024M(100%)
[52.546s][info][gc,heap     ] GC(180)                Mark Start          Mark End        Relocate Start      Relocate End           High               Low         
[52.546s][info][gc,heap     ] GC(180)  Capacity:     1024M (100%)       1024M (100%)       1024M (100%)       1024M (100%)       1024M (100%)       1024M (100%)   
[52.546s][info][gc,heap     ] GC(180)      Free:      484M (47%)         270M (26%)         446M (44%)         462M (45%)         484M (47%)         252M (25%)    
[52.546s][info][gc,heap     ] GC(180)      Used:      540M (53%)         754M (74%)         578M (56%)         562M (55%)         772M (75%)         540M (53%)    
[52.546s][info][gc,heap     ] GC(180)      Live:         -               245M (24%)         245M (24%)         245M (24%)            -                  -          
[52.546s][info][gc,heap     ] GC(180) Allocated:         -               214M (21%)         250M (24%)         271M (27%)            -                  -          
[52.546s][info][gc,heap     ] GC(180)   Garbage:         -               294M (29%)          82M (8%)           44M (4%)             -                  -          
[52.546s][info][gc,heap     ] GC(180) Reclaimed:         -                  -               212M (21%)         249M (24%)            -                  -          
[52.546s][info][gc          ] GC(180) Garbage Collection (Allocation Stall) 540M(53%)->562M(55%)
[52.611s][info][gc,start    ] GC(181) Garbage Collection (Allocation Rate)
[52.611s][info][gc,task     ] GC(181) Using 10 workers
[52.611s][info][gc,phases   ] GC(181) Pause Mark Start 0.014ms
[52.736s][info][gc,phases   ] GC(181) Concurrent Mark 124.623ms
[52.736s][info][gc,phases   ] GC(181) Pause Mark End 0.026ms
[52.736s][info][gc,phases   ] GC(181) Concurrent Mark Free 0.001ms
[52.738s][info][gc,phases   ] GC(181) Concurrent Process Non-Strong References 1.914ms
[52.738s][info][gc,phases   ] GC(181) Concurrent Reset Relocation Set 0.003ms
[52.741s][info][gc,phases   ] GC(181) Concurrent Select Relocation Set 2.722ms
[52.741s][info][gc,phases   ] GC(181) Pause Relocate Start 0.009ms
[52.746s][info][gc,phases   ] GC(181) Concurrent Relocate 4.457ms
[52.746s][info][gc,load     ] GC(181) Load: 0.00/0.00/0.00
[52.746s][info][gc,mmu      ] GC(181) MMU: 2ms/96.1%, 5ms/98.4%, 10ms/99.2%, 20ms/99.6%, 50ms/99.8%, 100ms/99.9%
[52.746s][info][gc,marking  ] GC(181) Mark: 8 stripe(s), 2 proactive flush(es), 1 terminate flush(es), 0 completion(s), 0 continuation(s) 
[52.746s][info][gc,marking  ] GC(181) Mark Stack Usage: 32M
[52.746s][info][gc,nmethod  ] GC(181) NMethods: 5277 registered, 4127 unregistered
[52.746s][info][gc,metaspace] GC(181) Metaspace: 64M used, 65M committed, 1088M reserved
[52.746s][info][gc,ref      ] GC(181) Soft: 2685 encountered, 0 discovered, 0 enqueued
[52.746s][info][gc,ref      ] GC(181) Weak: 6027 encountered, 687 discovered, 2 enqueued
[52.746s][info][gc,ref      ] GC(181) Final: 62 encountered, 0 discovered, 0 enqueued
[52.746s][info][gc,ref      ] GC(181) Phantom: 617 encountered, 279 discovered, 0 enqueued
[52.746s][info][gc,reloc    ] GC(181) Small Pages: 300 / 600M, Empty: 284M, Relocated: 6M, In-Place: 0
[52.746s][info][gc,reloc    ] GC(181) Medium Pages: 1 / 32M, Empty: 0M, Relocated: 0M, In-Place: 0
[52.746s][info][gc,reloc    ] GC(181) Large Pages: 4 / 24M, Empty: 12M, Relocated: 0M, In-Place: 0
[52.746s][info][gc,reloc    ] GC(181) Forwarding Usage: 6M
[52.746s][info][gc,heap     ] GC(181) Min Capacity: 8M(1%)
[52.746s][info][gc,heap     ] GC(181) Max Capacity: 1024M(100%)
[52.746s][info][gc,heap     ] GC(181) Soft Max Capacity: 1024M(100%)
[52.746s][info][gc,heap     ] GC(181)                Mark Start          Mark End        Relocate Start      Relocate End           High               Low         
[52.746s][info][gc,heap     ] GC(181)  Capacity:     1024M (100%)       1024M (100%)       1024M (100%)       1024M (100%)       1024M (100%)       1024M (100%)   
[52.746s][info][gc,heap     ] GC(181)      Free:      368M (36%)         262M (26%)         552M (54%)         568M (55%)         568M (55%)         260M (25%)    
[52.746s][info][gc,heap     ] GC(181)      Used:      656M (64%)         762M (74%)         472M (46%)         456M (45%)         764M (75%)         456M (45%)    
[52.746s][info][gc,heap     ] GC(181)      Live:         -               290M (28%)         290M (28%)         290M (28%)            -                  -          
[52.746s][info][gc,heap     ] GC(181) Allocated:         -               106M (10%)         112M (11%)         117M (12%)            -                  -          
[52.746s][info][gc,heap     ] GC(181)   Garbage:         -               365M (36%)          69M (7%)           47M (5%)             -                  -          
[52.746s][info][gc,heap     ] GC(181) Reclaimed:         -                  -               296M (29%)         317M (31%)            -                  -          
[52.746s][info][gc          ] GC(181) Garbage Collection (Allocation Rate) 656M(64%)->456M(45%)
[52.764s][info][gc,start    ] GC(182) Garbage Collection (System.gc())
[52.764s][info][gc,task     ] GC(182) Using 10 workers
[52.764s][info][gc,phases   ] GC(182) Pause Mark Start 0.012ms
[52.845s][info][gc,phases   ] GC(182) Concurrent Mark 81.444ms
[52.845s][info][gc,phases   ] GC(182) Pause Mark End 0.016ms
[52.845s][info][gc,phases   ] GC(182) Concurrent Mark Free 0.001ms
[52.847s][info][gc,phases   ] GC(182) Concurrent Process Non-Strong References 1.666ms
[52.847s][info][gc,phases   ] GC(182) Concurrent Reset Relocation Set 0.003ms
[52.851s][info][gc,phases   ] GC(182) Concurrent Select Relocation Set 3.402ms
[52.851s][info][gc,phases   ] GC(182) Pause Relocate Start 0.008ms
[52.853s][info][gc,phases   ] GC(182) Concurrent Relocate 1.907ms
[52.853s][info][gc,load     ] GC(182) Load: 0.00/0.00/0.00
[52.853s][info][gc,mmu      ] GC(182) MMU: 2ms/96.1%, 5ms/98.4%, 10ms/99.2%, 20ms/99.6%, 50ms/99.8%, 100ms/99.9%
[52.853s][info][gc,marking  ] GC(182) Mark: 8 stripe(s), 2 proactive flush(es), 1 terminate flush(es), 0 completion(s), 0 continuation(s) 
[52.853s][info][gc,marking  ] GC(182) Mark Stack Usage: 32M
[52.853s][info][gc,nmethod  ] GC(182) NMethods: 5277 registered, 4127 unregistered
[52.853s][info][gc,metaspace] GC(182) Metaspace: 64M used, 65M committed, 1088M reserved
[52.853s][info][gc,ref      ] GC(182) Soft: 2685 encountered, 0 discovered, 0 enqueued
[52.853s][info][gc,ref      ] GC(182) Weak: 6025 encountered, 640 discovered, 2 enqueued
[52.853s][info][gc,ref      ] GC(182) Final: 62 encountered, 0 discovered, 0 enqueued
[52.853s][info][gc,ref      ] GC(182) Phantom: 617 encountered, 325 discovered, 0 enqueued
[52.853s][info][gc,reloc    ] GC(182) Small Pages: 217 / 434M, Empty: 214M, Relocated: 3M, In-Place: 0
[52.853s][info][gc,reloc    ] GC(182) Medium Pages: 1 / 32M, Empty: 0M, Relocated: 0M, In-Place: 0
[52.853s][info][gc,reloc    ] GC(182) Large Pages: 2 / 12M, Empty: 12M, Relocated: 0M, In-Place: 0
[52.853s][info][gc,reloc    ] GC(182) Forwarding Usage: 1M
[52.853s][info][gc,heap     ] GC(182) Min Capacity: 8M(1%)
[52.853s][info][gc,heap     ] GC(182) Max Capacity: 1024M(100%)
[52.853s][info][gc,heap     ] GC(182) Soft Max Capacity: 1024M(100%)
[52.853s][info][gc,heap     ] GC(182)                Mark Start          Mark End        Relocate Start      Relocate End           High               Low         
[52.853s][info][gc,heap     ] GC(182)  Capacity:     1024M (100%)       1024M (100%)       1024M (100%)       1024M (100%)       1024M (100%)       1024M (100%)   
[52.853s][info][gc,heap     ] GC(182)      Free:      546M (53%)         546M (53%)         770M (75%)         810M (79%)         810M (79%)         544M (53%)    
[52.853s][info][gc,heap     ] GC(182)      Used:      478M (47%)         478M (47%)         254M (25%)         214M (21%)         480M (47%)         214M (21%)    
[52.853s][info][gc,heap     ] GC(182)      Live:         -               163M (16%)         163M (16%)         163M (16%)            -                  -          
[52.853s][info][gc,heap     ] GC(182) Allocated:         -                 0M (0%)            2M (0%)            1M (0%)             -                  -          
[52.853s][info][gc,heap     ] GC(182)   Garbage:         -               314M (31%)          88M (9%)           48M (5%)             -                  -          
[52.853s][info][gc,heap     ] GC(182) Reclaimed:         -                  -               226M (22%)         265M (26%)            -                  -          
[52.853s][info][gc          ] GC(182) Garbage Collection (System.gc()) 478M(47%)->214M(21%)
[53.010s][info][gc,start    ] GC(183) Garbage Collection (Allocation Rate)
[53.010s][info][gc,task     ] GC(183) Using 8 workers
[53.010s][info][gc,phases   ] GC(183) Pause Mark Start 0.012ms
[53.103s][info][gc,phases   ] GC(183) Concurrent Mark 93.348ms
[53.104s][info][gc,phases   ] GC(183) Pause Mark End 0.024ms
[53.104s][info][gc,phases   ] GC(183) Concurrent Mark Free 0.001ms
[53.115s][info][gc,phases   ] GC(183) Concurrent Process Non-Strong References 11.185ms
[53.115s][info][gc,phases   ] GC(183) Concurrent Reset Relocation Set 0.003ms
[53.120s][info][gc,phases   ] GC(183) Concurrent Select Relocation Set 5.117ms
[53.120s][info][gc,phases   ] GC(183) Pause Relocate Start 0.008ms
[53.124s][info][gc,phases   ] GC(183) Concurrent Relocate 4.239ms
[53.125s][info][gc,load     ] GC(183) Load: 0.00/0.00/0.00
[53.125s][info][gc,mmu      ] GC(183) MMU: 2ms/96.1%, 5ms/98.4%, 10ms/99.2%, 20ms/99.6%, 50ms/99.8%, 100ms/99.9%
[53.125s][info][gc,marking  ] GC(183) Mark: 8 stripe(s), 2 proactive flush(es), 1 terminate flush(es), 0 completion(s), 0 continuation(s) 
[53.125s][info][gc,marking  ] GC(183) Mark Stack Usage: 32M
[53.125s][info][gc,nmethod  ] GC(183) NMethods: 5238 registered, 4221 unregistered
[53.125s][info][gc,metaspace] GC(183) Metaspace: 64M used, 65M committed, 1088M reserved
[53.125s][info][gc,ref      ] GC(183) Soft: 3059 encountered, 0 discovered, 0 enqueued
[53.125s][info][gc,ref      ] GC(183) Weak: 6306 encountered, 2125 discovered, 118 enqueued
[53.125s][info][gc,ref      ] GC(183) Final: 62 encountered, 2 discovered, 0 enqueued
[53.125s][info][gc,ref      ] GC(183) Phantom: 617 encountered, 221 discovered, 0 enqueued
[53.125s][info][gc,reloc    ] GC(183) Small Pages: 142 / 284M, Empty: 0M, Relocated: 8M, In-Place: 0
[53.125s][info][gc,reloc    ] GC(183) Medium Pages: 2 / 64M, Empty: 0M, Relocated: 11M, In-Place: 0
[53.125s][info][gc,reloc    ] GC(183) Large Pages: 1 / 6M, Empty: 6M, Relocated: 0M, In-Place: 0
[53.125s][info][gc,reloc    ] GC(183) Forwarding Usage: 3M
[53.125s][info][gc,heap     ] GC(183) Min Capacity: 8M(1%)
[53.125s][info][gc,heap     ] GC(183) Max Capacity: 1024M(100%)
[53.125s][info][gc,heap     ] GC(183) Soft Max Capacity: 1024M(100%)
[53.125s][info][gc,heap     ] GC(183)                Mark Start          Mark End        Relocate Start      Relocate End           High               Low         
[53.125s][info][gc,heap     ] GC(183)  Capacity:     1024M (100%)       1024M (100%)       1024M (100%)       1024M (100%)       1024M (100%)       1024M (100%)   
[53.125s][info][gc,heap     ] GC(183)      Free:      670M (65%)         442M (43%)         416M (41%)         552M (54%)         670M (65%)         370M (36%)    
[53.125s][info][gc,heap     ] GC(183)      Used:      354M (35%)         582M (57%)         608M (59%)         472M (46%)         654M (64%)         354M (35%)    
[53.125s][info][gc,heap     ] GC(183)      Live:         -               169M (17%)         169M (17%)         169M (17%)            -                  -          
[53.125s][info][gc,heap     ] GC(183) Allocated:         -               228M (22%)         260M (25%)         260M (25%)            -                  -          
[53.125s][info][gc,heap     ] GC(183)   Garbage:         -               184M (18%)         178M (17%)          42M (4%)             -                  -          
[53.125s][info][gc,heap     ] GC(183) Reclaimed:         -                  -                 6M (1%)          142M (14%)            -                  -          
[53.125s][info][gc          ] GC(183) Garbage Collection (Allocation Rate) 354M(35%)->472M(46%)
[53.213s][info][gc,start    ] GC(184) Garbage Collection (Allocation Rate)
[53.213s][info][gc,task     ] GC(184) Using 8 workers
[53.213s][info][gc,phases   ] GC(184) Pause Mark Start 0.012ms
[53.369s][info][gc,phases   ] GC(184) Concurrent Mark 155.861ms
[53.369s][info][gc,phases   ] GC(184) Pause Mark End 0.033ms
[53.369s][info][gc,phases   ] GC(184) Concurrent Mark Free 0.001ms
[53.372s][info][gc,phases   ] GC(184) Concurrent Process Non-Strong References 2.373ms
[53.372s][info][gc,phases   ] GC(184) Concurrent Reset Relocation Set 0.011ms
[53.396s][info][gc,phases   ] GC(184) Concurrent Select Relocation Set 24.038ms
[53.396s][info][gc,phases   ] GC(184) Pause Relocate Start 0.011ms
[53.433s][info][gc,phases   ] GC(184) Concurrent Relocate 37.026ms
[53.433s][info][gc,load     ] GC(184) Load: 0.00/0.00/0.00
[53.433s][info][gc,mmu      ] GC(184) MMU: 2ms/96.1%, 5ms/98.4%, 10ms/99.2%, 20ms/99.6%, 50ms/99.8%, 100ms/99.9%
[53.433s][info][gc,marking  ] GC(184) Mark: 8 stripe(s), 5 proactive flush(es), 1 terminate flush(es), 0 completion(s), 0 continuation(s) 
[53.433s][info][gc,marking  ] GC(184) Mark Stack Usage: 32M
[53.433s][info][gc,nmethod  ] GC(184) NMethods: 5250 registered, 4221 unregistered
[53.433s][info][gc,metaspace] GC(184) Metaspace: 64M used, 65M committed, 1088M reserved
[53.433s][info][gc,ref      ] GC(184) Soft: 3064 encountered, 0 discovered, 0 enqueued
[53.433s][info][gc,ref      ] GC(184) Weak: 6190 encountered, 798 discovered, 2 enqueued
[53.434s][info][gc,ref      ] GC(184) Final: 62 encountered, 14 discovered, 0 enqueued
[53.434s][info][gc,ref      ] GC(184) Phantom: 617 encountered, 236 discovered, 0 enqueued
[53.434s][info][gc,reloc    ] GC(184) Small Pages: 245 / 490M, Empty: 0M, Relocated: 99M, In-Place: 0
[53.434s][info][gc,reloc    ] GC(184) Medium Pages: 2 / 64M, Empty: 0M, Relocated: 10M, In-Place: 0
[53.434s][info][gc,reloc    ] GC(184) Large Pages: 4 / 24M, Empty: 0M, Relocated: 0M, In-Place: 0
[53.434s][info][gc,reloc    ] GC(184) Forwarding Usage: 57M
[53.434s][info][gc,heap     ] GC(184) Min Capacity: 8M(1%)
[53.434s][info][gc,heap     ] GC(184) Max Capacity: 1024M(100%)
[53.434s][info][gc,heap     ] GC(184) Soft Max Capacity: 1024M(100%)
[53.434s][info][gc,heap     ] GC(184)                Mark Start          Mark End        Relocate Start      Relocate End           High               Low         
[53.434s][info][gc,heap     ] GC(184)  Capacity:     1024M (100%)       1024M (100%)       1024M (100%)       1024M (100%)       1024M (100%)       1024M (100%)   
[53.434s][info][gc,heap     ] GC(184)      Free:      446M (44%)         244M (24%)         234M (23%)         470M (46%)         470M (46%)         190M (19%)    
[53.434s][info][gc,heap     ] GC(184)      Used:      578M (56%)         780M (76%)         790M (77%)         554M (54%)         834M (81%)         554M (54%)    
[53.434s][info][gc,heap     ] GC(184)      Live:         -               289M (28%)         289M (28%)         289M (28%)            -                  -          
[53.434s][info][gc,heap     ] GC(184) Allocated:         -               202M (20%)         212M (21%)         221M (22%)            -                  -          
[53.434s][info][gc,heap     ] GC(184)   Garbage:         -               288M (28%)         288M (28%)          42M (4%)             -                  -          
[53.434s][info][gc,heap     ] GC(184) Reclaimed:         -                  -                 0M (0%)          245M (24%)            -                  -          
[53.434s][info][gc          ] GC(184) Garbage Collection (Allocation Rate) 578M(56%)->554M(54%)
[53.510s][info][gc,start    ] GC(185) Garbage Collection (Allocation Rate)
[53.510s][info][gc,task     ] GC(185) Using 10 workers
[53.510s][info][gc,phases   ] GC(185) Pause Mark Start 0.015ms
[53.682s][info][gc,phases   ] GC(185) Concurrent Mark 171.484ms
[53.682s][info][gc,phases   ] GC(185) Pause Mark End 0.029ms
[53.682s][info][gc,phases   ] GC(185) Concurrent Mark Free 0.001ms
[53.684s][info][gc,phases   ] GC(185) Concurrent Process Non-Strong References 2.393ms
[53.684s][info][gc,phases   ] GC(185) Concurrent Reset Relocation Set 0.036ms
[53.695s][info][gc,phases   ] GC(185) Concurrent Select Relocation Set 10.820ms
[53.695s][info][gc,phases   ] GC(185) Pause Relocate Start 0.015ms
[53.712s][info][gc,phases   ] GC(185) Concurrent Relocate 16.536ms
[53.712s][info][gc,load     ] GC(185) Load: 0.00/0.00/0.00
[53.712s][info][gc,mmu      ] GC(185) MMU: 2ms/96.1%, 5ms/98.4%, 10ms/99.2%, 20ms/99.6%, 50ms/99.8%, 100ms/99.9%
[53.712s][info][gc,marking  ] GC(185) Mark: 8 stripe(s), 4 proactive flush(es), 1 terminate flush(es), 0 completion(s), 0 continuation(s) 
[53.712s][info][gc,marking  ] GC(185) Mark Stack Usage: 32M
[53.712s][info][gc,nmethod  ] GC(185) NMethods: 5239 registered, 4236 unregistered
[53.712s][info][gc,metaspace] GC(185) Metaspace: 64M used, 65M committed, 1088M reserved
[53.712s][info][gc,ref      ] GC(185) Soft: 3082 encountered, 0 discovered, 0 enqueued
[53.712s][info][gc,ref      ] GC(185) Weak: 6214 encountered, 1611 discovered, 4 enqueued
[53.712s][info][gc,ref      ] GC(185) Final: 62 encountered, 3 discovered, 0 enqueued
[53.712s][info][gc,ref      ] GC(185) Phantom: 621 encountered, 490 discovered, 0 enqueued
[53.712s][info][gc,reloc    ] GC(185) Small Pages: 247 / 494M, Empty: 40M, Relocated: 20M, In-Place: 0
[53.712s][info][gc,reloc    ] GC(185) Medium Pages: 2 / 64M, Empty: 0M, Relocated: 18M, In-Place: 0
[53.712s][info][gc,reloc    ] GC(185) Large Pages: 4 / 24M, Empty: 0M, Relocated: 0M, In-Place: 0
[53.712s][info][gc,reloc    ] GC(185) Forwarding Usage: 16M
[53.712s][info][gc,heap     ] GC(185) Min Capacity: 8M(1%)
[53.712s][info][gc,heap     ] GC(185) Max Capacity: 1024M(100%)
[53.712s][info][gc,heap     ] GC(185) Soft Max Capacity: 1024M(100%)
[53.712s][info][gc,heap     ] GC(185)                Mark Start          Mark End        Relocate Start      Relocate End           High               Low         
[53.713s][info][gc,heap     ] GC(185)  Capacity:     1024M (100%)       1024M (100%)       1024M (100%)       1024M (100%)       1024M (100%)       1024M (100%)   
[53.713s][info][gc,heap     ] GC(185)      Free:      442M (43%)         376M (37%)         412M (40%)         606M (59%)         606M (59%)         370M (36%)    
[53.713s][info][gc,heap     ] GC(185)      Used:      582M (57%)         648M (63%)         612M (60%)         418M (41%)         654M (64%)         418M (41%)    
[53.713s][info][gc,heap     ] GC(185)      Live:         -               309M (30%)         309M (30%)         309M (30%)            -                  -          
[53.713s][info][gc,heap     ] GC(185) Allocated:         -                66M (6%)           70M (7%)           73M (7%)             -                  -          
[53.713s][info][gc,heap     ] GC(185)   Garbage:         -               272M (27%)         232M (23%)          34M (3%)             -                  -          
[53.713s][info][gc,heap     ] GC(185) Reclaimed:         -                  -                40M (4%)          237M (23%)            -                  -          
[53.713s][info][gc          ] GC(185) Garbage Collection (Allocation Rate) 582M(57%)->418M(41%)
[53.806s][info][gc,start    ] GC(186) Garbage Collection (Allocation Rate)
[53.807s][info][gc,task     ] GC(186) Using 10 workers
[53.807s][info][gc,phases   ] GC(186) Pause Mark Start 0.015ms
[53.947s][info][gc,phases   ] GC(186) Concurrent Mark 140.214ms
[53.947s][info][gc,phases   ] GC(186) Pause Mark End 0.027ms
[53.947s][info][gc,phases   ] GC(186) Concurrent Mark Free 0.001ms
[53.949s][info][gc,phases   ] GC(186) Concurrent Process Non-Strong References 1.754ms
[53.949s][info][gc,phases   ] GC(186) Concurrent Reset Relocation Set 0.013ms
[53.953s][info][gc,phases   ] GC(186) Concurrent Select Relocation Set 4.031ms
[53.953s][info][gc,phases   ] GC(186) Pause Relocate Start 0.009ms
[53.954s][info][gc,phases   ] GC(186) Concurrent Relocate 1.036ms
[53.954s][info][gc,load     ] GC(186) Load: 0.00/0.00/0.00
[53.954s][info][gc,mmu      ] GC(186) MMU: 2ms/96.1%, 5ms/98.4%, 10ms/99.2%, 20ms/99.6%, 50ms/99.8%, 100ms/99.9%
[53.954s][info][gc,marking  ] GC(186) Mark: 8 stripe(s), 2 proactive flush(es), 1 terminate flush(es), 0 completion(s), 0 continuation(s) 
[53.954s][info][gc,marking  ] GC(186) Mark Stack Usage: 32M
[53.954s][info][gc,nmethod  ] GC(186) NMethods: 5258 registered, 4240 unregistered
[53.954s][info][gc,metaspace] GC(186) Metaspace: 64M used, 65M committed, 1088M reserved
[53.954s][info][gc,ref      ] GC(186) Soft: 3082 encountered, 0 discovered, 0 enqueued
[53.954s][info][gc,ref      ] GC(186) Weak: 6210 encountered, 1728 discovered, 0 enqueued
[53.954s][info][gc,ref      ] GC(186) Final: 62 encountered, 4 discovered, 0 enqueued
[53.954s][info][gc,ref      ] GC(186) Phantom: 619 encountered, 603 discovered, 0 enqueued
[53.954s][info][gc,reloc    ] GC(186) Small Pages: 199 / 398M, Empty: 50M, Relocated: 1M, In-Place: 0
[53.954s][info][gc,reloc    ] GC(186) Medium Pages: 1 / 32M, Empty: 0M, Relocated: 0M, In-Place: 0
[53.954s][info][gc,reloc    ] GC(186) Large Pages: 4 / 24M, Empty: 0M, Relocated: 0M, In-Place: 0
[53.954s][info][gc,reloc    ] GC(186) Forwarding Usage: 0M
[53.954s][info][gc,heap     ] GC(186) Min Capacity: 8M(1%)
[53.955s][info][gc,heap     ] GC(186) Max Capacity: 1024M(100%)
[53.955s][info][gc,heap     ] GC(186) Soft Max Capacity: 1024M(100%)
[53.955s][info][gc,heap     ] GC(186)                Mark Start          Mark End        Relocate Start      Relocate End           High               Low         
[53.955s][info][gc,heap     ] GC(186)  Capacity:     1024M (100%)       1024M (100%)       1024M (100%)       1024M (100%)       1024M (100%)       1024M (100%)   
[53.955s][info][gc,heap     ] GC(186)      Free:      570M (56%)         372M (36%)         412M (40%)         462M (45%)         570M (56%)         364M (36%)    
[53.955s][info][gc,heap     ] GC(186)      Used:      454M (44%)         652M (64%)         612M (60%)         562M (55%)         660M (64%)         454M (44%)    
[53.955s][info][gc,heap     ] GC(186)      Live:         -               309M (30%)         309M (30%)         309M (30%)            -                  -          
[53.955s][info][gc,heap     ] GC(186) Allocated:         -               198M (19%)         208M (20%)         207M (20%)            -                  -          
[53.955s][info][gc,heap     ] GC(186)   Garbage:         -               144M (14%)          94M (9%)           44M (4%)             -                  -          
[53.955s][info][gc,heap     ] GC(186) Reclaimed:         -                  -                50M (5%)           99M (10%)            -                  -          
[53.955s][info][gc          ] GC(186) Garbage Collection (Allocation Rate) 454M(44%)->562M(55%)
[54.010s][info][gc,start    ] GC(187) Garbage Collection (Allocation Rate)
[54.010s][info][gc,task     ] GC(187) Using 10 workers
[54.010s][info][gc,phases   ] GC(187) Pause Mark Start 0.009ms
[54.119s][info][gc,phases   ] GC(187) Concurrent Mark 108.962ms
[54.119s][info][gc,phases   ] GC(187) Pause Mark End 0.022ms
[54.119s][info][gc,phases   ] GC(187) Concurrent Mark Free 0.001ms
[54.121s][info][gc,phases   ] GC(187) Concurrent Process Non-Strong References 1.788ms
[54.121s][info][gc,phases   ] GC(187) Concurrent Reset Relocation Set 0.003ms
[54.134s][info][gc,phases   ] GC(187) Concurrent Select Relocation Set 12.771ms
[54.134s][info][gc,phases   ] GC(187) Pause Relocate Start 0.008ms
[54.150s][info][gc,phases   ] GC(187) Concurrent Relocate 15.786ms
[54.150s][info][gc,load     ] GC(187) Load: 0.00/0.00/0.00
[54.150s][info][gc,mmu      ] GC(187) MMU: 2ms/96.1%, 5ms/98.4%, 10ms/99.2%, 20ms/99.6%, 50ms/99.8%, 100ms/99.9%
[54.150s][info][gc,marking  ] GC(187) Mark: 8 stripe(s), 2 proactive flush(es), 1 terminate flush(es), 0 completion(s), 0 continuation(s) 
[54.150s][info][gc,marking  ] GC(187) Mark Stack Usage: 32M
[54.150s][info][gc,nmethod  ] GC(187) NMethods: 5255 registered, 4246 unregistered
[54.150s][info][gc,metaspace] GC(187) Metaspace: 64M used, 65M committed, 1088M reserved
[54.150s][info][gc,ref      ] GC(187) Soft: 3082 encountered, 0 discovered, 0 enqueued
[54.150s][info][gc,ref      ] GC(187) Weak: 6211 encountered, 1090 discovered, 0 enqueued
[54.150s][info][gc,ref      ] GC(187) Final: 62 encountered, 4 discovered, 0 enqueued
[54.150s][info][gc,ref      ] GC(187) Phantom: 621 encountered, 488 discovered, 0 enqueued
[54.150s][info][gc,reloc    ] GC(187) Small Pages: 293 / 586M, Empty: 72M, Relocated: 27M, In-Place: 0
[54.150s][info][gc,reloc    ] GC(187) Medium Pages: 1 / 32M, Empty: 0M, Relocated: 0M, In-Place: 0
[54.150s][info][gc,reloc    ] GC(187) Large Pages: 8 / 48M, Empty: 24M, Relocated: 0M, In-Place: 0
[54.150s][info][gc,reloc    ] GC(187) Forwarding Usage: 25M
[54.150s][info][gc,heap     ] GC(187) Min Capacity: 8M(1%)
[54.150s][info][gc,heap     ] GC(187) Max Capacity: 1024M(100%)
[54.150s][info][gc,heap     ] GC(187) Soft Max Capacity: 1024M(100%)
[54.150s][info][gc,heap     ] GC(187)                Mark Start          Mark End        Relocate Start      Relocate End           High               Low         
[54.150s][info][gc,heap     ] GC(187)  Capacity:     1024M (100%)       1024M (100%)       1024M (100%)       1024M (100%)       1024M (100%)       1024M (100%)   
[54.150s][info][gc,heap     ] GC(187)      Free:      358M (35%)         182M (18%)         250M (24%)         540M (53%)         544M (53%)         174M (17%)    
[54.150s][info][gc,heap     ] GC(187)      Used:      666M (65%)         842M (82%)         774M (76%)         484M (47%)         850M (83%)         480M (47%)    
[54.150s][info][gc,heap     ] GC(187)      Live:         -               218M (21%)         218M (21%)         218M (21%)            -                  -          
[54.150s][info][gc,heap     ] GC(187) Allocated:         -               176M (17%)         204M (20%)         223M (22%)            -                  -          
[54.150s][info][gc,heap     ] GC(187)   Garbage:         -               447M (44%)         351M (34%)          42M (4%)             -                  -          
[54.150s][info][gc,heap     ] GC(187) Reclaimed:         -                  -                96M (9%)          405M (40%)            -                  -          
[54.150s][info][gc          ] GC(187) Garbage Collection (Allocation Rate) 666M(65%)->484M(47%)
[54.213s][info][gc,start    ] GC(188) Garbage Collection (Allocation Rate)
[54.213s][info][gc,task     ] GC(188) Using 10 workers
[54.213s][info][gc,phases   ] GC(188) Pause Mark Start 0.015ms
[54.353s][info][gc,phases   ] GC(188) Concurrent Mark 140.213ms
[54.353s][info][gc,phases   ] GC(188) Pause Mark End 0.031ms
[54.353s][info][gc,phases   ] GC(188) Concurrent Mark Free 0.001ms
[54.356s][info][gc,phases   ] GC(188) Concurrent Process Non-Strong References 2.278ms
[54.356s][info][gc,phases   ] GC(188) Concurrent Reset Relocation Set 0.037ms
[54.360s][info][gc,phases   ] GC(188) Concurrent Select Relocation Set 4.374ms
[54.360s][info][gc,phases   ] GC(188) Pause Relocate Start 0.009ms
[54.382s][info][gc,phases   ] GC(188) Concurrent Relocate 21.451ms
[54.382s][info][gc,load     ] GC(188) Load: 0.00/0.00/0.00
[54.382s][info][gc,mmu      ] GC(188) MMU: 2ms/96.1%, 5ms/98.4%, 10ms/99.2%, 20ms/99.6%, 50ms/99.8%, 100ms/99.9%
[54.382s][info][gc,marking  ] GC(188) Mark: 8 stripe(s), 2 proactive flush(es), 1 terminate flush(es), 0 completion(s), 0 continuation(s) 
[54.382s][info][gc,marking  ] GC(188) Mark Stack Usage: 32M
[54.382s][info][gc,nmethod  ] GC(188) NMethods: 5254 registered, 4249 unregistered
[54.382s][info][gc,metaspace] GC(188) Metaspace: 64M used, 65M committed, 1088M reserved
[54.382s][info][gc,ref      ] GC(188) Soft: 3082 encountered, 0 discovered, 0 enqueued
[54.382s][info][gc,ref      ] GC(188) Weak: 6211 encountered, 846 discovered, 0 enqueued
[54.382s][info][gc,ref      ] GC(188) Final: 62 encountered, 1 discovered, 0 enqueued
[54.382s][info][gc,ref      ] GC(188) Phantom: 621 encountered, 608 discovered, 0 enqueued
[54.382s][info][gc,reloc    ] GC(188) Small Pages: 270 / 540M, Empty: 0M, Relocated: 26M, In-Place: 0
[54.382s][info][gc,reloc    ] GC(188) Medium Pages: 1 / 32M, Empty: 0M, Relocated: 0M, In-Place: 0
[54.382s][info][gc,reloc    ] GC(188) Large Pages: 4 / 24M, Empty: 0M, Relocated: 0M, In-Place: 0
[54.382s][info][gc,reloc    ] GC(188) Forwarding Usage: 25M
[54.382s][info][gc,heap     ] GC(188) Min Capacity: 8M(1%)
[54.382s][info][gc,heap     ] GC(188) Max Capacity: 1024M(100%)
[54.382s][info][gc,heap     ] GC(188) Soft Max Capacity: 1024M(100%)
[54.382s][info][gc,heap     ] GC(188)                Mark Start          Mark End        Relocate Start      Relocate End           High               Low         
[54.382s][info][gc,heap     ] GC(188)  Capacity:     1024M (100%)       1024M (100%)       1024M (100%)       1024M (100%)       1024M (100%)       1024M (100%)   
[54.382s][info][gc,heap     ] GC(188)      Free:      428M (42%)         172M (17%)         166M (16%)         468M (46%)         472M (46%)         146M (14%)    
[54.382s][info][gc,heap     ] GC(188)      Used:      596M (58%)         852M (83%)         858M (84%)         556M (54%)         878M (86%)         552M (54%)    
[54.382s][info][gc,heap     ] GC(188)      Live:         -               230M (23%)         230M (23%)         230M (23%)            -                  -          
[54.382s][info][gc,heap     ] GC(188) Allocated:         -               256M (25%)         262M (26%)         280M (27%)            -                  -          
[54.382s][info][gc,heap     ] GC(188)   Garbage:         -               365M (36%)         365M (36%)          44M (4%)             -                  -          
[54.382s][info][gc,heap     ] GC(188) Reclaimed:         -                  -                 0M (0%)          320M (31%)            -                  -          
[54.382s][info][gc          ] GC(188) Garbage Collection (Allocation Rate) 596M(58%)->556M(54%)
[54.416s][info][gc,start    ] GC(189) Garbage Collection (Allocation Rate)
[54.416s][info][gc,task     ] GC(189) Using 10 workers
[54.416s][info][gc,phases   ] GC(189) Pause Mark Start 0.015ms
[54.556s][info][gc,phases   ] GC(189) Concurrent Mark 140.214ms
[54.556s][info][gc,phases   ] GC(189) Pause Mark End 0.019ms
[54.556s][info][gc,phases   ] GC(189) Concurrent Mark Free 0.001ms
[54.558s][info][gc,phases   ] GC(189) Concurrent Process Non-Strong References 1.860ms
[54.558s][info][gc,phases   ] GC(189) Concurrent Reset Relocation Set 0.021ms
[54.563s][info][gc,phases   ] GC(189) Concurrent Select Relocation Set 4.149ms
[54.563s][info][gc,phases   ] GC(189) Pause Relocate Start 0.009ms
[54.574s][info][gc,phases   ] GC(189) Concurrent Relocate 11.394ms
[54.574s][info][gc,load     ] GC(189) Load: 0.00/0.00/0.00
[54.574s][info][gc,mmu      ] GC(189) MMU: 2ms/96.1%, 5ms/98.4%, 10ms/99.2%, 20ms/99.6%, 50ms/99.8%, 100ms/99.9%
[54.574s][info][gc,marking  ] GC(189) Mark: 8 stripe(s), 4 proactive flush(es), 1 terminate flush(es), 0 completion(s), 0 continuation(s) 
[54.574s][info][gc,marking  ] GC(189) Mark Stack Usage: 32M
[54.574s][info][gc,nmethod  ] GC(189) NMethods: 5253 registered, 4250 unregistered
[54.574s][info][gc,metaspace] GC(189) Metaspace: 64M used, 65M committed, 1088M reserved
[54.574s][info][gc,ref      ] GC(189) Soft: 3082 encountered, 0 discovered, 0 enqueued
[54.574s][info][gc,ref      ] GC(189) Weak: 6211 encountered, 888 discovered, 0 enqueued
[54.574s][info][gc,ref      ] GC(189) Final: 62 encountered, 1 discovered, 0 enqueued
[54.574s][info][gc,ref      ] GC(189) Phantom: 620 encountered, 550 discovered, 0 enqueued
[54.574s][info][gc,reloc    ] GC(189) Small Pages: 246 / 492M, Empty: 0M, Relocated: 17M, In-Place: 0
[54.574s][info][gc,reloc    ] GC(189) Medium Pages: 1 / 32M, Empty: 0M, Relocated: 0M, In-Place: 0
[54.574s][info][gc,reloc    ] GC(189) Large Pages: 7 / 54M, Empty: 12M, Relocated: 0M, In-Place: 0
[54.574s][info][gc,reloc    ] GC(189) Forwarding Usage: 16M
[54.574s][info][gc,heap     ] GC(189) Min Capacity: 8M(1%)
[54.574s][info][gc,heap     ] GC(189) Max Capacity: 1024M(100%)
[54.574s][info][gc,heap     ] GC(189) Soft Max Capacity: 1024M(100%)
[54.574s][info][gc,heap     ] GC(189)                Mark Start          Mark End        Relocate Start      Relocate End           High               Low         
[54.574s][info][gc,heap     ] GC(189)  Capacity:     1024M (100%)       1024M (100%)       1024M (100%)       1024M (100%)       1024M (100%)       1024M (100%)   
[54.575s][info][gc,heap     ] GC(189)      Free:      446M (44%)         212M (21%)         212M (21%)         456M (45%)         456M (45%)         192M (19%)    
[54.575s][info][gc,heap     ] GC(189)      Used:      578M (56%)         812M (79%)         812M (79%)         568M (55%)         832M (81%)         568M (55%)    
[54.575s][info][gc,heap     ] GC(189)      Live:         -               258M (25%)         258M (25%)         258M (25%)            -                  -          
[54.575s][info][gc,heap     ] GC(189) Allocated:         -               234M (23%)         246M (24%)         261M (26%)            -                  -          
[54.575s][info][gc,heap     ] GC(189)   Garbage:         -               319M (31%)         307M (30%)          47M (5%)             -                  -          
[54.575s][info][gc,heap     ] GC(189) Reclaimed:         -                  -                12M (1%)          271M (27%)            -                  -          
[54.575s][info][gc          ] GC(189) Garbage Collection (Allocation Rate) 578M(56%)->568M(55%)
[54.603s][info][gc,start    ] GC(190) Garbage Collection (Allocation Rate)
[54.603s][info][gc,task     ] GC(190) Using 10 workers
[54.603s][info][gc,phases   ] GC(190) Pause Mark Start 0.016ms
[54.744s][info][gc,phases   ] GC(190) Concurrent Mark 140.271ms
[54.744s][info][gc,phases   ] GC(190) Pause Mark End 0.023ms
[54.744s][info][gc,phases   ] GC(190) Concurrent Mark Free 0.001ms
[54.746s][info][gc,phases   ] GC(190) Concurrent Process Non-Strong References 1.726ms
[54.746s][info][gc,phases   ] GC(190) Concurrent Reset Relocation Set 0.026ms
[54.770s][info][gc,phases   ] GC(190) Concurrent Select Relocation Set 24.312ms
[54.770s][info][gc,phases   ] GC(190) Pause Relocate Start 0.009ms
[54.790s][info][gc,phases   ] GC(190) Concurrent Relocate 19.690ms
[54.790s][info][gc,load     ] GC(190) Load: 0.00/0.00/0.00
[54.790s][info][gc,mmu      ] GC(190) MMU: 2ms/96.1%, 5ms/98.4%, 10ms/99.2%, 20ms/99.6%, 50ms/99.8%, 100ms/99.9%
[54.790s][info][gc,marking  ] GC(190) Mark: 8 stripe(s), 2 proactive flush(es), 1 terminate flush(es), 0 completion(s), 0 continuation(s) 
[54.790s][info][gc,marking  ] GC(190) Mark Stack Usage: 32M
[54.790s][info][gc,nmethod  ] GC(190) NMethods: 5261 registered, 4250 unregistered
[54.790s][info][gc,metaspace] GC(190) Metaspace: 64M used, 65M committed, 1088M reserved
[54.790s][info][gc,ref      ] GC(190) Soft: 3082 encountered, 0 discovered, 0 enqueued
[54.790s][info][gc,ref      ] GC(190) Weak: 6211 encountered, 3089 discovered, 0 enqueued
[54.790s][info][gc,ref      ] GC(190) Final: 62 encountered, 50 discovered, 0 enqueued
[54.790s][info][gc,ref      ] GC(190) Phantom: 620 encountered, 556 discovered, 0 enqueued
[54.790s][info][gc,reloc    ] GC(190) Small Pages: 270 / 540M, Empty: 0M, Relocated: 22M, In-Place: 0
[54.790s][info][gc,reloc    ] GC(190) Medium Pages: 1 / 32M, Empty: 0M, Relocated: 0M, In-Place: 0
[54.790s][info][gc,reloc    ] GC(190) Large Pages: 6 / 52M, Empty: 12M, Relocated: 0M, In-Place: 0
[54.790s][info][gc,reloc    ] GC(190) Forwarding Usage: 19M
[54.790s][info][gc,heap     ] GC(190) Min Capacity: 8M(1%)
[54.790s][info][gc,heap     ] GC(190) Max Capacity: 1024M(100%)
[54.790s][info][gc,heap     ] GC(190) Soft Max Capacity: 1024M(100%)
[54.790s][info][gc,heap     ] GC(190)                Mark Start          Mark End        Relocate Start      Relocate End           High               Low         
[54.790s][info][gc,heap     ] GC(190)  Capacity:     1024M (100%)       1024M (100%)       1024M (100%)       1024M (100%)       1024M (100%)       1024M (100%)   
[54.790s][info][gc,heap     ] GC(190)      Free:      400M (39%)         148M (14%)         124M (12%)         392M (38%)         400M (39%)         104M (10%)    
[54.790s][info][gc,heap     ] GC(190)      Used:      624M (61%)         876M (86%)         900M (88%)         632M (62%)         920M (90%)         624M (61%)    
[54.790s][info][gc,heap     ] GC(190)      Live:         -               265M (26%)         265M (26%)         265M (26%)            -                  -          
[54.790s][info][gc,heap     ] GC(190) Allocated:         -               252M (25%)         288M (28%)         315M (31%)            -                  -          
[54.790s][info][gc,heap     ] GC(190)   Garbage:         -               358M (35%)         346M (34%)          50M (5%)             -                  -          
[54.790s][info][gc,heap     ] GC(190) Reclaimed:         -                  -                12M (1%)          307M (30%)            -                  -          
[54.790s][info][gc          ] GC(190) Garbage Collection (Allocation Rate) 624M(61%)->632M(62%)
[54.806s][info][gc,start    ] GC(191) Garbage Collection (Allocation Rate)
[54.806s][info][gc,task     ] GC(191) Using 10 workers
[54.806s][info][gc,phases   ] GC(191) Pause Mark Start 0.018ms
[54.962s][info][gc,phases   ] GC(191) Concurrent Mark 155.927ms
[54.963s][info][gc,phases   ] GC(191) Pause Mark End 0.026ms
[54.963s][info][gc,phases   ] GC(191) Concurrent Mark Free 0.001ms
[54.965s][info][gc,phases   ] GC(191) Concurrent Process Non-Strong References 1.875ms
[54.965s][info][gc,phases   ] GC(191) Concurrent Reset Relocation Set 0.027ms
[54.969s][info][gc,phases   ] GC(191) Concurrent Select Relocation Set 4.320ms
[54.969s][info][gc,phases   ] GC(191) Pause Relocate Start 0.009ms
[54.987s][info][gc,phases   ] GC(191) Concurrent Relocate 17.797ms
[54.987s][info][gc,load     ] GC(191) Load: 0.00/0.00/0.00
[54.987s][info][gc,mmu      ] GC(191) MMU: 2ms/96.1%, 5ms/98.4%, 10ms/99.2%, 20ms/99.6%, 50ms/99.8%, 100ms/99.9%
[54.987s][info][gc,marking  ] GC(191) Mark: 8 stripe(s), 2 proactive flush(es), 1 terminate flush(es), 0 completion(s), 0 continuation(s) 
[54.987s][info][gc,marking  ] GC(191) Mark Stack Usage: 32M
[54.987s][info][gc,nmethod  ] GC(191) NMethods: 5253 registered, 4258 unregistered
[54.987s][info][gc,metaspace] GC(191) Metaspace: 64M used, 65M committed, 1088M reserved
[54.987s][info][gc,ref      ] GC(191) Soft: 3082 encountered, 0 discovered, 0 enqueued
[54.987s][info][gc,ref      ] GC(191) Weak: 6211 encountered, 900 discovered, 0 enqueued
[54.987s][info][gc,ref      ] GC(191) Final: 62 encountered, 1 discovered, 0 enqueued
[54.987s][info][gc,ref      ] GC(191) Phantom: 619 encountered, 514 discovered, 0 enqueued
[54.987s][info][gc,reloc    ] GC(191) Small Pages: 295 / 590M, Empty: 0M, Relocated: 20M, In-Place: 0
[54.987s][info][gc,reloc    ] GC(191) Medium Pages: 1 / 32M, Empty: 0M, Relocated: 0M, In-Place: 0
[54.987s][info][gc,reloc    ] GC(191) Large Pages: 4 / 40M, Empty: 0M, Relocated: 0M, In-Place: 0
[54.987s][info][gc,reloc    ] GC(191) Forwarding Usage: 19M
[54.987s][info][gc,heap     ] GC(191) Min Capacity: 8M(1%)
[54.987s][info][gc,heap     ] GC(191) Max Capacity: 1024M(100%)
[54.987s][info][gc,heap     ] GC(191) Soft Max Capacity: 1024M(100%)
[54.987s][info][gc,heap     ] GC(191)                Mark Start          Mark End        Relocate Start      Relocate End           High               Low         
[54.987s][info][gc,heap     ] GC(191)  Capacity:     1024M (100%)       1024M (100%)       1024M (100%)       1024M (100%)       1024M (100%)       1024M (100%)   
[54.987s][info][gc,heap     ] GC(191)      Free:      362M (35%)          74M (7%)           64M (6%)          374M (37%)         374M (37%)          38M (4%)     
[54.987s][info][gc,heap     ] GC(191)      Used:      662M (65%)         950M (93%)         960M (94%)         650M (63%)         986M (96%)         650M (63%)    
[54.987s][info][gc,heap     ] GC(191)      Live:         -               275M (27%)         275M (27%)         275M (27%)            -                  -          
[54.987s][info][gc,heap     ] GC(191) Allocated:         -               288M (28%)         298M (29%)         319M (31%)            -                  -          
[54.987s][info][gc,heap     ] GC(191)   Garbage:         -               386M (38%)         386M (38%)          54M (5%)             -                  -          
[54.987s][info][gc,heap     ] GC(191) Reclaimed:         -                  -                 0M (0%)          331M (32%)            -                  -          
[54.987s][info][gc          ] GC(191) Garbage Collection (Allocation Rate) 662M(65%)->650M(63%)
[55.009s][info][gc,start    ] GC(192) Garbage Collection (Allocation Rate)
[55.009s][info][gc,task     ] GC(192) Using 10 workers
[55.009s][info][gc,phases   ] GC(192) Pause Mark Start 0.016ms
[55.165s][info][gc,phases   ] GC(192) Concurrent Mark 155.877ms
[55.166s][info][gc,phases   ] GC(192) Pause Mark End 0.017ms
[55.166s][info][gc,phases   ] GC(192) Concurrent Mark Free 0.001ms
[55.167s][info][gc,phases   ] GC(192) Concurrent Process Non-Strong References 1.640ms
[55.167s][info][gc,phases   ] GC(192) Concurrent Reset Relocation Set 0.032ms
[55.170s][info][gc,phases   ] GC(192) Concurrent Select Relocation Set 3.087ms
[55.171s][info][gc,phases   ] GC(192) Pause Relocate Start 0.009ms
[55.189s][info][gc,phases   ] GC(192) Concurrent Relocate 18.482ms
[55.189s][info][gc,load     ] GC(192) Load: 0.00/0.00/0.00
[55.189s][info][gc,mmu      ] GC(192) MMU: 2ms/96.1%, 5ms/98.4%, 10ms/99.2%, 20ms/99.6%, 50ms/99.8%, 100ms/99.9%
[55.189s][info][gc,marking  ] GC(192) Mark: 8 stripe(s), 2 proactive flush(es), 1 terminate flush(es), 0 completion(s), 0 continuation(s) 
[55.189s][info][gc,marking  ] GC(192) Mark Stack Usage: 32M
[55.189s][info][gc,nmethod  ] GC(192) NMethods: 5253 registered, 4258 unregistered
[55.189s][info][gc,metaspace] GC(192) Metaspace: 64M used, 65M committed, 1088M reserved
[55.189s][info][gc,ref      ] GC(192) Soft: 3082 encountered, 0 discovered, 0 enqueued
[55.189s][info][gc,ref      ] GC(192) Weak: 6211 encountered, 734 discovered, 0 enqueued
[55.189s][info][gc,ref      ] GC(192) Final: 62 encountered, 18 discovered, 0 enqueued
[55.189s][info][gc,ref      ] GC(192) Phantom: 619 encountered, 548 discovered, 0 enqueued
[55.189s][info][gc,reloc    ] GC(192) Small Pages: 309 / 618M, Empty: 0M, Relocated: 20M, In-Place: 0
[55.189s][info][gc,reloc    ] GC(192) Medium Pages: 1 / 32M, Empty: 0M, Relocated: 0M, In-Place: 0
[55.189s][info][gc,reloc    ] GC(192) Large Pages: 4 / 40M, Empty: 0M, Relocated: 0M, In-Place: 0
[55.189s][info][gc,reloc    ] GC(192) Forwarding Usage: 18M
[55.189s][info][gc,heap     ] GC(192) Min Capacity: 8M(1%)
[55.189s][info][gc,heap     ] GC(192) Max Capacity: 1024M(100%)
[55.189s][info][gc,heap     ] GC(192) Soft Max Capacity: 1024M(100%)
[55.189s][info][gc,heap     ] GC(192)                Mark Start          Mark End        Relocate Start      Relocate End           High               Low         
[55.189s][info][gc,heap     ] GC(192)  Capacity:     1024M (100%)       1024M (100%)       1024M (100%)       1024M (100%)       1024M (100%)       1024M (100%)   
[55.189s][info][gc,heap     ] GC(192)      Free:      334M (33%)          40M (4%)           34M (3%)          354M (35%)         360M (35%)          14M (1%)     
[55.189s][info][gc,heap     ] GC(192)      Used:      690M (67%)         984M (96%)         990M (97%)         670M (65%)        1010M (99%)         664M (65%)    
[55.189s][info][gc,heap     ] GC(192)      Live:         -               284M (28%)         284M (28%)         284M (28%)            -                  -          
[55.189s][info][gc,heap     ] GC(192) Allocated:         -               294M (29%)         300M (29%)         325M (32%)            -                  -          
[55.190s][info][gc,heap     ] GC(192)   Garbage:         -               405M (40%)         405M (40%)          59M (6%)             -                  -          
[55.190s][info][gc,heap     ] GC(192) Reclaimed:         -                  -                 0M (0%)          345M (34%)            -                  -          
[55.190s][info][gc          ] GC(192) Garbage Collection (Allocation Rate) 690M(67%)->670M(65%)
[55.212s][info][gc,start    ] GC(193) Garbage Collection (Allocation Rate)
[55.212s][info][gc,task     ] GC(193) Using 10 workers
[55.213s][info][gc,phases   ] GC(193) Pause Mark Start 0.011ms
[55.384s][info][gc,phases   ] GC(193) Concurrent Mark 171.567ms
[55.384s][info][gc,phases   ] GC(193) Pause Mark End 0.023ms
[55.384s][info][gc,phases   ] GC(193) Concurrent Mark Free 0.001ms
[55.386s][info][gc,phases   ] GC(193) Concurrent Process Non-Strong References 1.976ms
[55.386s][info][gc,phases   ] GC(193) Concurrent Reset Relocation Set 0.020ms
[55.390s][info][gc,phases   ] GC(193) Concurrent Select Relocation Set 3.063ms
[55.390s][info][gc,phases   ] GC(193) Pause Relocate Start 0.009ms
[55.398s][info][gc          ] Relocation Stall (Executor task launch worker for task 0.0 in stage 40.0 (TID 76)) 8.121ms
[55.404s][info][gc,phases   ] GC(193) Concurrent Relocate 14.392ms
[55.404s][info][gc,load     ] GC(193) Load: 0.00/0.00/0.00
[55.404s][info][gc,mmu      ] GC(193) MMU: 2ms/96.1%, 5ms/98.4%, 10ms/99.2%, 20ms/99.6%, 50ms/99.8%, 100ms/99.9%
[55.404s][info][gc,marking  ] GC(193) Mark: 8 stripe(s), 4 proactive flush(es), 1 terminate flush(es), 0 completion(s), 0 continuation(s) 
[55.404s][info][gc,marking  ] GC(193) Mark Stack Usage: 32M
[55.404s][info][gc,nmethod  ] GC(193) NMethods: 5253 registered, 4258 unregistered
[55.404s][info][gc,metaspace] GC(193) Metaspace: 64M used, 65M committed, 1088M reserved
[55.404s][info][gc,ref      ] GC(193) Soft: 3082 encountered, 0 discovered, 0 enqueued
[55.404s][info][gc,ref      ] GC(193) Weak: 6211 encountered, 903 discovered, 0 enqueued
[55.404s][info][gc,ref      ] GC(193) Final: 62 encountered, 0 discovered, 0 enqueued
[55.404s][info][gc,ref      ] GC(193) Phantom: 620 encountered, 579 discovered, 0 enqueued
[55.404s][info][gc,reloc    ] GC(193) Small Pages: 320 / 640M, Empty: 0M, Relocated: 20M, In-Place: 9
[55.404s][info][gc,reloc    ] GC(193) Medium Pages: 1 / 32M, Empty: 0M, Relocated: 0M, In-Place: 0
[55.404s][info][gc,reloc    ] GC(193) Large Pages: 4 / 40M, Empty: 0M, Relocated: 0M, In-Place: 0
[55.404s][info][gc,reloc    ] GC(193) Forwarding Usage: 18M
[55.404s][info][gc,heap     ] GC(193) Min Capacity: 8M(1%)
[55.404s][info][gc,heap     ] GC(193) Max Capacity: 1024M(100%)
[55.404s][info][gc,heap     ] GC(193) Soft Max Capacity: 1024M(100%)
[55.404s][info][gc,heap     ] GC(193)                Mark Start          Mark End        Relocate Start      Relocate End           High               Low         
[55.404s][info][gc,heap     ] GC(193)  Capacity:     1024M (100%)       1024M (100%)       1024M (100%)       1024M (100%)       1024M (100%)       1024M (100%)   
[55.404s][info][gc,heap     ] GC(193)      Free:      312M (30%)          14M (1%)            8M (1%)          352M (34%)         354M (35%)           0M (0%)     
[55.404s][info][gc,heap     ] GC(193)      Used:      712M (70%)        1010M (99%)        1016M (99%)         672M (66%)        1024M (100%)        670M (65%)    
[55.404s][info][gc,heap     ] GC(193)      Live:         -               292M (29%)         292M (29%)         292M (29%)            -                  -          
[55.404s][info][gc,heap     ] GC(193) Allocated:         -               298M (29%)         304M (30%)         311M (30%)            -                  -          
[55.404s][info][gc,heap     ] GC(193)   Garbage:         -               419M (41%)         419M (41%)          67M (7%)             -                  -          
[55.404s][info][gc,heap     ] GC(193) Reclaimed:         -                  -                 0M (0%)          351M (34%)            -                  -          
[55.404s][info][gc          ] GC(193) Garbage Collection (Allocation Rate) 712M(70%)->672M(66%)
[55.415s][info][gc,start    ] GC(194) Garbage Collection (Allocation Rate)
[55.415s][info][gc,task     ] GC(194) Using 10 workers
[55.416s][info][gc,phases   ] GC(194) Pause Mark Start 0.014ms
[55.603s][info][gc,phases   ] GC(194) Concurrent Mark 187.176ms
[55.603s][info][gc,phases   ] GC(194) Pause Mark End 0.051ms
[55.603s][info][gc,phases   ] GC(194) Concurrent Mark Free 0.001ms
[55.606s][info][gc,phases   ] GC(194) Concurrent Process Non-Strong References 2.508ms
[55.606s][info][gc,phases   ] GC(194) Concurrent Reset Relocation Set 0.043ms
[55.611s][info][gc,phases   ] GC(194) Concurrent Select Relocation Set 4.929ms
[55.611s][info][gc,phases   ] GC(194) Pause Relocate Start 0.012ms
[55.625s][info][gc,phases   ] GC(194) Concurrent Relocate 13.659ms
[55.625s][info][gc,load     ] GC(194) Load: 0.00/0.00/0.00
[55.625s][info][gc,mmu      ] GC(194) MMU: 2ms/96.1%, 5ms/98.4%, 10ms/99.2%, 20ms/99.6%, 50ms/99.8%, 100ms/99.9%
[55.625s][info][gc,marking  ] GC(194) Mark: 8 stripe(s), 2 proactive flush(es), 1 terminate flush(es), 0 completion(s), 0 continuation(s) 
[55.625s][info][gc,marking  ] GC(194) Mark Stack Usage: 32M
[55.625s][info][gc,nmethod  ] GC(194) NMethods: 5254 registered, 4258 unregistered
[55.625s][info][gc,metaspace] GC(194) Metaspace: 64M used, 65M committed, 1088M reserved
[55.625s][info][gc,ref      ] GC(194) Soft: 3082 encountered, 0 discovered, 0 enqueued
[55.625s][info][gc,ref      ] GC(194) Weak: 6211 encountered, 744 discovered, 0 enqueued
[55.625s][info][gc,ref      ] GC(194) Final: 62 encountered, 5 discovered, 0 enqueued
[55.625s][info][gc,ref      ] GC(194) Phantom: 620 encountered, 609 discovered, 0 enqueued
[55.625s][info][gc,reloc    ] GC(194) Small Pages: 310 / 620M, Empty: 0M, Relocated: 15M, In-Place: 0
[55.625s][info][gc,reloc    ] GC(194) Medium Pages: 1 / 32M, Empty: 0M, Relocated: 0M, In-Place: 0
[55.625s][info][gc,reloc    ] GC(194) Large Pages: 4 / 40M, Empty: 0M, Relocated: 0M, In-Place: 0
[55.625s][info][gc,reloc    ] GC(194) Forwarding Usage: 14M
[55.625s][info][gc,heap     ] GC(194) Min Capacity: 8M(1%)
[55.625s][info][gc,heap     ] GC(194) Max Capacity: 1024M(100%)
[55.625s][info][gc,heap     ] GC(194) Soft Max Capacity: 1024M(100%)
[55.625s][info][gc,heap     ] GC(194)                Mark Start          Mark End        Relocate Start      Relocate End           High               Low         
[55.625s][info][gc,heap     ] GC(194)  Capacity:     1024M (100%)       1024M (100%)       1024M (100%)       1024M (100%)       1024M (100%)       1024M (100%)   
[55.625s][info][gc,heap     ] GC(194)      Free:      332M (32%)         108M (11%)         104M (10%)         422M (41%)         422M (41%)          82M (8%)     
[55.625s][info][gc,heap     ] GC(194)      Used:      692M (68%)         916M (89%)         920M (90%)         602M (59%)         942M (92%)         602M (59%)    
[55.625s][info][gc,heap     ] GC(194)      Live:         -               299M (29%)         299M (29%)         299M (29%)            -                  -          
[55.625s][info][gc,heap     ] GC(194) Allocated:         -               224M (22%)         228M (22%)         233M (23%)            -                  -          
[55.625s][info][gc,heap     ] GC(194)   Garbage:         -               392M (38%)         392M (38%)          69M (7%)             -                  -          
[55.625s][info][gc,heap     ] GC(194) Reclaimed:         -                  -                 0M (0%)          323M (32%)            -                  -          
[55.625s][info][gc          ] GC(194) Garbage Collection (Allocation Rate) 692M(68%)->602M(59%)
[55.712s][info][gc,start    ] GC(195) Garbage Collection (Allocation Rate)
[55.712s][info][gc,task     ] GC(195) Using 10 workers
[55.712s][info][gc,phases   ] GC(195) Pause Mark Start 0.016ms
[55.884s][info][gc,phases   ] GC(195) Concurrent Mark 171.442ms
[55.884s][info][gc,phases   ] GC(195) Pause Mark End 0.041ms
[55.884s][info][gc,phases   ] GC(195) Concurrent Mark Free 0.001ms
[55.886s][info][gc,phases   ] GC(195) Concurrent Process Non-Strong References 1.697ms
[55.886s][info][gc,phases   ] GC(195) Concurrent Reset Relocation Set 0.028ms
[55.900s][info][gc,phases   ] GC(195) Concurrent Select Relocation Set 14.267ms
[55.901s][info][gc,phases   ] GC(195) Pause Relocate Start 0.012ms
[55.917s][info][gc,phases   ] GC(195) Concurrent Relocate 16.783ms
[55.917s][info][gc,load     ] GC(195) Load: 0.00/0.00/0.00
[55.917s][info][gc,mmu      ] GC(195) MMU: 2ms/96.1%, 5ms/98.4%, 10ms/99.2%, 20ms/99.6%, 50ms/99.8%, 100ms/99.9%
[55.917s][info][gc,marking  ] GC(195) Mark: 8 stripe(s), 2 proactive flush(es), 1 terminate flush(es), 0 completion(s), 0 continuation(s) 
[55.917s][info][gc,marking  ] GC(195) Mark Stack Usage: 32M
[55.918s][info][gc,nmethod  ] GC(195) NMethods: 5255 registered, 4258 unregistered
[55.918s][info][gc,metaspace] GC(195) Metaspace: 64M used, 65M committed, 1088M reserved
[55.918s][info][gc,ref      ] GC(195) Soft: 3082 encountered, 0 discovered, 0 enqueued
[55.918s][info][gc,ref      ] GC(195) Weak: 6211 encountered, 611 discovered, 0 enqueued
[55.918s][info][gc,ref      ] GC(195) Final: 62 encountered, 38 discovered, 0 enqueued
[55.918s][info][gc,ref      ] GC(195) Phantom: 617 encountered, 417 discovered, 0 enqueued
[55.918s][info][gc,reloc    ] GC(195) Small Pages: 269 / 538M, Empty: 0M, Relocated: 20M, In-Place: 0
[55.918s][info][gc,reloc    ] GC(195) Medium Pages: 2 / 64M, Empty: 0M, Relocated: 15M, In-Place: 0
[55.918s][info][gc,reloc    ] GC(195) Large Pages: 4 / 40M, Empty: 0M, Relocated: 0M, In-Place: 0
[55.918s][info][gc,reloc    ] GC(195) Forwarding Usage: 18M
[55.918s][info][gc,heap     ] GC(195) Min Capacity: 8M(1%)
[55.918s][info][gc,heap     ] GC(195) Max Capacity: 1024M(100%)
[55.918s][info][gc,heap     ] GC(195) Soft Max Capacity: 1024M(100%)
[55.918s][info][gc,heap     ] GC(195)                Mark Start          Mark End        Relocate Start      Relocate End           High               Low         
[55.918s][info][gc,heap     ] GC(195)  Capacity:     1024M (100%)       1024M (100%)       1024M (100%)       1024M (100%)       1024M (100%)       1024M (100%)   
[55.918s][info][gc,heap     ] GC(195)      Free:      382M (37%)         348M (34%)         348M (34%)         618M (60%)         618M (60%)         300M (29%)    
[55.918s][info][gc,heap     ] GC(195)      Used:      642M (63%)         676M (66%)         676M (66%)         406M (40%)         724M (71%)         406M (40%)    
[55.918s][info][gc,heap     ] GC(195)      Live:         -               308M (30%)         308M (30%)         308M (30%)            -                  -          
[55.918s][info][gc,heap     ] GC(195) Allocated:         -                34M (3%)           34M (3%)           29M (3%)             -                  -          
[55.918s][info][gc,heap     ] GC(195)   Garbage:         -               333M (33%)         333M (33%)          67M (7%)             -                  -          
[55.918s][info][gc,heap     ] GC(195) Reclaimed:         -                  -                 0M (0%)          265M (26%)            -                  -          
[55.918s][info][gc          ] GC(195) Garbage Collection (Allocation Rate) 642M(63%)->406M(40%)
[56.009s][info][gc,start    ] GC(196) Garbage Collection (Allocation Rate)
[56.009s][info][gc,task     ] GC(196) Using 10 workers
[56.009s][info][gc,phases   ] GC(196) Pause Mark Start 0.014ms
[56.177s][info][gc,phases   ] GC(196) Concurrent Mark 167.121ms
[56.177s][info][gc,phases   ] GC(196) Pause Mark End 0.030ms
[56.177s][info][gc,phases   ] GC(196) Concurrent Mark Free 0.001ms
[56.179s][info][gc,phases   ] GC(196) Concurrent Process Non-Strong References 1.754ms
[56.179s][info][gc,phases   ] GC(196) Concurrent Reset Relocation Set 0.023ms
[56.183s][info][gc,phases   ] GC(196) Concurrent Select Relocation Set 4.889ms
[56.184s][info][gc,phases   ] GC(196) Pause Relocate Start 0.008ms
[56.189s][info][gc,phases   ] GC(196) Concurrent Relocate 5.440ms
[56.189s][info][gc,load     ] GC(196) Load: 0.00/0.00/0.00
[56.189s][info][gc,mmu      ] GC(196) MMU: 2ms/96.1%, 5ms/98.4%, 10ms/99.2%, 20ms/99.6%, 50ms/99.8%, 100ms/99.9%
[56.189s][info][gc,marking  ] GC(196) Mark: 8 stripe(s), 2 proactive flush(es), 1 terminate flush(es), 0 completion(s), 0 continuation(s) 
[56.189s][info][gc,marking  ] GC(196) Mark Stack Usage: 32M
[56.189s][info][gc,nmethod  ] GC(196) NMethods: 5261 registered, 4258 unregistered
[56.189s][info][gc,metaspace] GC(196) Metaspace: 64M used, 65M committed, 1088M reserved
[56.189s][info][gc,ref      ] GC(196) Soft: 3161 encountered, 0 discovered, 0 enqueued
[56.189s][info][gc,ref      ] GC(196) Weak: 6189 encountered, 722 discovered, 14 enqueued
[56.189s][info][gc,ref      ] GC(196) Final: 62 encountered, 4 discovered, 0 enqueued
[56.189s][info][gc,ref      ] GC(196) Phantom: 618 encountered, 490 discovered, 0 enqueued
[56.189s][info][gc,reloc    ] GC(196) Small Pages: 152 / 304M, Empty: 0M, Relocated: 3M, In-Place: 0
[56.189s][info][gc,reloc    ] GC(196) Medium Pages: 2 / 64M, Empty: 0M, Relocated: 17M, In-Place: 0
[56.189s][info][gc,reloc    ] GC(196) Large Pages: 4 / 40M, Empty: 0M, Relocated: 0M, In-Place: 0
[56.189s][info][gc,reloc    ] GC(196) Forwarding Usage: 3M
[56.189s][info][gc,heap     ] GC(196) Min Capacity: 8M(1%)
[56.189s][info][gc,heap     ] GC(196) Max Capacity: 1024M(100%)
[56.189s][info][gc,heap     ] GC(196) Soft Max Capacity: 1024M(100%)
[56.189s][info][gc,heap     ] GC(196)                Mark Start          Mark End        Relocate Start      Relocate End           High               Low         
[56.189s][info][gc,heap     ] GC(196)  Capacity:     1024M (100%)       1024M (100%)       1024M (100%)       1024M (100%)       1024M (100%)       1024M (100%)   
[56.189s][info][gc,heap     ] GC(196)      Free:      616M (60%)         578M (56%)         578M (56%)         576M (56%)         616M (60%)         500M (49%)    
[56.189s][info][gc,heap     ] GC(196)      Used:      408M (40%)         446M (44%)         446M (44%)         448M (44%)         524M (51%)         408M (40%)    
[56.189s][info][gc,heap     ] GC(196)      Live:         -               311M (30%)         311M (30%)         311M (30%)            -                  -          
[56.189s][info][gc,heap     ] GC(196) Allocated:         -                38M (4%)           38M (4%)           69M (7%)             -                  -          
[56.190s][info][gc,heap     ] GC(196)   Garbage:         -                96M (9%)           96M (9%)           66M (7%)             -                  -          
[56.190s][info][gc,heap     ] GC(196) Reclaimed:         -                  -                 0M (0%)           29M (3%)             -                  -          
[56.190s][info][gc          ] GC(196) Garbage Collection (Allocation Rate) 408M(40%)->448M(44%)
[56.208s][info][gc,start    ] GC(197) Garbage Collection (Allocation Rate)
[56.208s][info][gc,task     ] GC(197) Using 10 workers
[56.208s][info][gc,phases   ] GC(197) Pause Mark Start 0.013ms
[56.333s][info][gc,phases   ] GC(197) Concurrent Mark 124.613ms
[56.333s][info][gc,phases   ] GC(197) Pause Mark End 0.023ms
[56.333s][info][gc,phases   ] GC(197) Concurrent Mark Free 0.001ms
[56.335s][info][gc,phases   ] GC(197) Concurrent Process Non-Strong References 1.780ms
[56.335s][info][gc,phases   ] GC(197) Concurrent Reset Relocation Set 0.001ms
[56.352s][info][gc,phases   ] GC(197) Concurrent Select Relocation Set 17.239ms
[56.352s][info][gc,phases   ] GC(197) Pause Relocate Start 0.013ms
[56.379s][info][gc,phases   ] GC(197) Concurrent Relocate 27.221ms
[56.380s][info][gc,load     ] GC(197) Load: 0.00/0.00/0.00
[56.380s][info][gc,mmu      ] GC(197) MMU: 2ms/96.1%, 5ms/98.4%, 10ms/99.2%, 20ms/99.6%, 50ms/99.8%, 100ms/99.9%
[56.380s][info][gc,marking  ] GC(197) Mark: 8 stripe(s), 3 proactive flush(es), 1 terminate flush(es), 0 completion(s), 0 continuation(s) 
[56.380s][info][gc,marking  ] GC(197) Mark Stack Usage: 32M
[56.380s][info][gc,nmethod  ] GC(197) NMethods: 5267 registered, 4261 unregistered
[56.380s][info][gc,metaspace] GC(197) Metaspace: 64M used, 65M committed, 1088M reserved
[56.380s][info][gc,ref      ] GC(197) Soft: 3162 encountered, 0 discovered, 0 enqueued
[56.380s][info][gc,ref      ] GC(197) Weak: 6357 encountered, 2944 discovered, 2 enqueued
[56.380s][info][gc,ref      ] GC(197) Final: 62 encountered, 0 discovered, 0 enqueued
[56.380s][info][gc,ref      ] GC(197) Phantom: 618 encountered, 594 discovered, 0 enqueued
[56.380s][info][gc,reloc    ] GC(197) Small Pages: 173 / 346M, Empty: 24M, Relocated: 50M, In-Place: 0
[56.380s][info][gc,reloc    ] GC(197) Medium Pages: 2 / 64M, Empty: 0M, Relocated: 12M, In-Place: 0
[56.380s][info][gc,reloc    ] GC(197) Large Pages: 4 / 40M, Empty: 20M, Relocated: 0M, In-Place: 0
[56.380s][info][gc,reloc    ] GC(197) Forwarding Usage: 46M
[56.380s][info][gc,heap     ] GC(197) Min Capacity: 8M(1%)
[56.380s][info][gc,heap     ] GC(197) Max Capacity: 1024M(100%)
[56.380s][info][gc,heap     ] GC(197) Soft Max Capacity: 1024M(100%)
[56.380s][info][gc,heap     ] GC(197)                Mark Start          Mark End        Relocate Start      Relocate End           High               Low         
[56.380s][info][gc,heap     ] GC(197)  Capacity:     1024M (100%)       1024M (100%)       1024M (100%)       1024M (100%)       1024M (100%)       1024M (100%)   
[56.380s][info][gc,heap     ] GC(197)      Free:      574M (56%)         564M (55%)         606M (59%)         736M (72%)         736M (72%)         560M (55%)    
[56.380s][info][gc,heap     ] GC(197)      Used:      450M (44%)         460M (45%)         418M (41%)         288M (28%)         464M (45%)         288M (28%)    
[56.380s][info][gc,heap     ] GC(197)      Live:         -               237M (23%)         237M (23%)         237M (23%)            -                  -          
[56.380s][info][gc,heap     ] GC(197) Allocated:         -                10M (1%)           12M (1%)           13M (1%)             -                  -          
[56.380s][info][gc,heap     ] GC(197)   Garbage:         -               212M (21%)         168M (16%)          37M (4%)             -                  -          
[56.380s][info][gc,heap     ] GC(197) Reclaimed:         -                  -                44M (4%)          175M (17%)            -                  -          
[56.380s][info][gc          ] GC(197) Garbage Collection (Allocation Rate) 450M(44%)->288M(28%)
[56.411s][info][gc,start    ] GC(198) Garbage Collection (Allocation Rate)
[56.411s][info][gc,task     ] GC(198) Using 10 workers
[56.411s][info][gc,phases   ] GC(198) Pause Mark Start 0.014ms
[56.515s][info][gc,phases   ] GC(198) Concurrent Mark 103.924ms
[56.515s][info][gc,phases   ] GC(198) Pause Mark End 0.031ms
[56.515s][info][gc,phases   ] GC(198) Concurrent Mark Free 0.001ms
[56.517s][info][gc,phases   ] GC(198) Concurrent Process Non-Strong References 1.653ms
[56.517s][info][gc,phases   ] GC(198) Concurrent Reset Relocation Set 0.014ms
[56.523s][info][gc,phases   ] GC(198) Concurrent Select Relocation Set 6.086ms
[56.523s][info][gc,phases   ] GC(198) Pause Relocate Start 0.009ms
[56.540s][info][gc,phases   ] GC(198) Concurrent Relocate 17.104ms
[56.541s][info][gc,load     ] GC(198) Load: 0.00/0.00/0.00
[56.541s][info][gc,mmu      ] GC(198) MMU: 2ms/96.1%, 5ms/98.4%, 10ms/99.2%, 20ms/99.6%, 50ms/99.8%, 100ms/99.9%
[56.541s][info][gc,marking  ] GC(198) Mark: 8 stripe(s), 2 proactive flush(es), 3 terminate flush(es), 0 completion(s), 0 continuation(s) 
[56.541s][info][gc,marking  ] GC(198) Mark Stack Usage: 32M
[56.541s][info][gc,nmethod  ] GC(198) NMethods: 5318 registered, 4265 unregistered
[56.541s][info][gc,metaspace] GC(198) Metaspace: 64M used, 65M committed, 1088M reserved
[56.541s][info][gc,ref      ] GC(198) Soft: 3161 encountered, 0 discovered, 0 enqueued
[56.541s][info][gc,ref      ] GC(198) Weak: 6356 encountered, 1205 discovered, 0 enqueued
[56.541s][info][gc,ref      ] GC(198) Final: 62 encountered, 2 discovered, 0 enqueued
[56.541s][info][gc,ref      ] GC(198) Phantom: 618 encountered, 485 discovered, 0 enqueued
[56.541s][info][gc,reloc    ] GC(198) Small Pages: 119 / 238M, Empty: 4M, Relocated: 26M, In-Place: 0
[56.541s][info][gc,reloc    ] GC(198) Medium Pages: 1 / 32M, Empty: 0M, Relocated: 0M, In-Place: 0
[56.541s][info][gc,reloc    ] GC(198) Large Pages: 2 / 20M, Empty: 10M, Relocated: 0M, In-Place: 0
[56.541s][info][gc,reloc    ] GC(198) Forwarding Usage: 25M
[56.541s][info][gc,heap     ] GC(198) Min Capacity: 8M(1%)
[56.541s][info][gc,heap     ] GC(198) Max Capacity: 1024M(100%)
[56.541s][info][gc,heap     ] GC(198) Soft Max Capacity: 1024M(100%)
[56.541s][info][gc,heap     ] GC(198)                Mark Start          Mark End        Relocate Start      Relocate End           High               Low         
[56.541s][info][gc,heap     ] GC(198)  Capacity:     1024M (100%)       1024M (100%)       1024M (100%)       1024M (100%)       1024M (100%)       1024M (100%)   
[56.541s][info][gc,heap     ] GC(198)      Free:      734M (72%)         682M (67%)         650M (63%)         658M (64%)         734M (72%)         630M (62%)    
[56.541s][info][gc,heap     ] GC(198)      Used:      290M (28%)         342M (33%)         374M (37%)         366M (36%)         394M (38%)         290M (28%)    
[56.541s][info][gc,heap     ] GC(198)      Live:         -               200M (20%)         200M (20%)         200M (20%)            -                  -          
[56.541s][info][gc,heap     ] GC(198) Allocated:         -                52M (5%)           98M (10%)         123M (12%)            -                  -          
[56.541s][info][gc,heap     ] GC(198)   Garbage:         -                89M (9%)           75M (7%)           41M (4%)             -                  -          
[56.541s][info][gc,heap     ] GC(198) Reclaimed:         -                  -                14M (1%)           47M (5%)             -                  -          
[56.541s][info][gc          ] GC(198) Garbage Collection (Allocation Rate) 290M(28%)->366M(36%)
[56.607s][info][gc,start    ] GC(199) Garbage Collection (Allocation Rate)
[56.607s][info][gc,task     ] GC(199) Using 10 workers
[56.608s][info][gc,phases   ] GC(199) Pause Mark Start 0.016ms
[56.701s][info][gc,phases   ] GC(199) Concurrent Mark 93.301ms
[56.701s][info][gc,phases   ] GC(199) Pause Mark End 0.026ms
[56.701s][info][gc,phases   ] GC(199) Concurrent Mark Free 0.001ms
[56.703s][info][gc,phases   ] GC(199) Concurrent Process Non-Strong References 1.850ms
[56.703s][info][gc,phases   ] GC(199) Concurrent Reset Relocation Set 0.005ms
[56.707s][info][gc,phases   ] GC(199) Concurrent Select Relocation Set 3.683ms
[56.707s][info][gc,phases   ] GC(199) Pause Relocate Start 0.008ms
[56.722s][info][gc,phases   ] GC(199) Concurrent Relocate 14.596ms
[56.722s][info][gc,load     ] GC(199) Load: 0.00/0.00/0.00
[56.722s][info][gc,mmu      ] GC(199) MMU: 2ms/96.1%, 5ms/98.4%, 10ms/99.2%, 20ms/99.6%, 50ms/99.8%, 100ms/99.9%
[56.722s][info][gc,marking  ] GC(199) Mark: 8 stripe(s), 2 proactive flush(es), 1 terminate flush(es), 0 completion(s), 0 continuation(s) 
[56.722s][info][gc,marking  ] GC(199) Mark Stack Usage: 32M
[56.722s][info][gc,nmethod  ] GC(199) NMethods: 5326 registered, 4273 unregistered
[56.722s][info][gc,metaspace] GC(199) Metaspace: 64M used, 65M committed, 1088M reserved
[56.722s][info][gc,ref      ] GC(199) Soft: 3168 encountered, 0 discovered, 0 enqueued
[56.722s][info][gc,ref      ] GC(199) Weak: 6443 encountered, 2499 discovered, 89 enqueued
[56.722s][info][gc,ref      ] GC(199) Final: 62 encountered, 0 discovered, 0 enqueued
[56.722s][info][gc,ref      ] GC(199) Phantom: 618 encountered, 502 discovered, 0 enqueued
[56.722s][info][gc,reloc    ] GC(199) Small Pages: 171 / 342M, Empty: 12M, Relocated: 20M, In-Place: 0
[56.722s][info][gc,reloc    ] GC(199) Medium Pages: 2 / 64M, Empty: 32M, Relocated: 0M, In-Place: 0
[56.722s][info][gc,reloc    ] GC(199) Large Pages: 6 / 40M, Empty: 16M, Relocated: 0M, In-Place: 0
[56.722s][info][gc,reloc    ] GC(199) Forwarding Usage: 21M
[56.722s][info][gc,heap     ] GC(199) Min Capacity: 8M(1%)
[56.722s][info][gc,heap     ] GC(199) Max Capacity: 1024M(100%)
[56.722s][info][gc,heap     ] GC(199) Soft Max Capacity: 1024M(100%)
[56.722s][info][gc,heap     ] GC(199)                Mark Start          Mark End        Relocate Start      Relocate End           High               Low         
[56.722s][info][gc,heap     ] GC(199)  Capacity:     1024M (100%)       1024M (100%)       1024M (100%)       1024M (100%)       1024M (100%)       1024M (100%)   
[56.722s][info][gc,heap     ] GC(199)      Free:      578M (56%)         522M (51%)         574M (56%)         704M (69%)         704M (69%)         516M (50%)    
[56.722s][info][gc,heap     ] GC(199)      Used:      446M (44%)         502M (49%)         450M (44%)         320M (31%)         508M (50%)         320M (31%)    
[56.722s][info][gc,heap     ] GC(199)      Live:         -               207M (20%)         207M (20%)         207M (20%)            -                  -          
[56.722s][info][gc,heap     ] GC(199) Allocated:         -                56M (5%)           64M (6%)           67M (7%)             -                  -          
[56.722s][info][gc,heap     ] GC(199)   Garbage:         -               238M (23%)         178M (17%)          44M (4%)             -                  -          
[56.722s][info][gc,heap     ] GC(199) Reclaimed:         -                  -                60M (6%)          193M (19%)            -                  -          
[56.722s][info][gc          ] GC(199) Garbage Collection (Allocation Rate) 446M(44%)->320M(31%)
[56.810s][info][gc,start    ] GC(200) Garbage Collection (Allocation Rate)
[56.810s][info][gc,task     ] GC(200) Using 10 workers
[56.811s][info][gc,phases   ] GC(200) Pause Mark Start 0.012ms
[56.935s][info][gc,phases   ] GC(200) Concurrent Mark 124.577ms
[56.935s][info][gc,phases   ] GC(200) Pause Mark End 0.022ms
[56.935s][info][gc,phases   ] GC(200) Concurrent Mark Free 0.001ms
[56.937s][info][gc,phases   ] GC(200) Concurrent Process Non-Strong References 1.888ms
[56.937s][info][gc,phases   ] GC(200) Concurrent Reset Relocation Set 0.012ms
[56.964s][info][gc,phases   ] GC(200) Concurrent Select Relocation Set 26.075ms
[56.964s][info][gc,phases   ] GC(200) Pause Relocate Start 0.015ms
[56.989s][info][gc,phases   ] GC(200) Concurrent Relocate 24.924ms
[56.989s][info][gc,load     ] GC(200) Load: 0.00/0.00/0.00
[56.989s][info][gc,mmu      ] GC(200) MMU: 2ms/96.1%, 5ms/98.4%, 10ms/99.2%, 20ms/99.6%, 50ms/99.8%, 100ms/99.9%
[56.989s][info][gc,marking  ] GC(200) Mark: 8 stripe(s), 2 proactive flush(es), 1 terminate flush(es), 0 completion(s), 0 continuation(s) 
[56.989s][info][gc,marking  ] GC(200) Mark Stack Usage: 32M
[56.989s][info][gc,nmethod  ] GC(200) NMethods: 5336 registered, 4273 unregistered
[56.989s][info][gc,metaspace] GC(200) Metaspace: 64M used, 65M committed, 1088M reserved
[56.989s][info][gc,ref      ] GC(200) Soft: 3172 encountered, 0 discovered, 0 enqueued
[56.989s][info][gc,ref      ] GC(200) Weak: 6359 encountered, 2180 discovered, 78 enqueued
[56.989s][info][gc,ref      ] GC(200) Final: 62 encountered, 0 discovered, 0 enqueued
[56.989s][info][gc,ref      ] GC(200) Phantom: 617 encountered, 486 discovered, 0 enqueued
[56.989s][info][gc,reloc    ] GC(200) Small Pages: 210 / 420M, Empty: 0M, Relocated: 41M, In-Place: 0
[56.989s][info][gc,reloc    ] GC(200) Medium Pages: 2 / 64M, Empty: 0M, Relocated: 21M, In-Place: 0
[56.989s][info][gc,reloc    ] GC(200) Large Pages: 4 / 24M, Empty: 0M, Relocated: 0M, In-Place: 0
[56.989s][info][gc,reloc    ] GC(200) Forwarding Usage: 32M
[56.989s][info][gc,heap     ] GC(200) Min Capacity: 8M(1%)
[56.989s][info][gc,heap     ] GC(200) Max Capacity: 1024M(100%)
[56.989s][info][gc,heap     ] GC(200) Soft Max Capacity: 1024M(100%)
[56.989s][info][gc,heap     ] GC(200)                Mark Start          Mark End        Relocate Start      Relocate End           High               Low         
[56.989s][info][gc,heap     ] GC(200)  Capacity:     1024M (100%)       1024M (100%)       1024M (100%)       1024M (100%)       1024M (100%)       1024M (100%)   
[56.989s][info][gc,heap     ] GC(200)      Free:      516M (50%)         370M (36%)         358M (35%)         574M (56%)         574M (56%)         308M (30%)    
[56.989s][info][gc,heap     ] GC(200)      Used:      508M (50%)         654M (64%)         666M (65%)         450M (44%)         716M (70%)         450M (44%)    
[56.989s][info][gc,heap     ] GC(200)      Live:         -               247M (24%)         247M (24%)         247M (24%)            -                  -          
[56.989s][info][gc,heap     ] GC(200) Allocated:         -               146M (14%)         158M (15%)         166M (16%)            -                  -          
[56.989s][info][gc,heap     ] GC(200)   Garbage:         -               260M (25%)         260M (25%)          35M (3%)             -                  -          
[56.989s][info][gc,heap     ] GC(200) Reclaimed:         -                  -                 0M (0%)          224M (22%)            -                  -          
[56.989s][info][gc          ] GC(200) Garbage Collection (Allocation Rate) 508M(50%)->450M(44%)
[57.013s][info][gc,start    ] GC(201) Garbage Collection (Allocation Rate)
[57.013s][info][gc,task     ] GC(201) Using 10 workers
[57.014s][info][gc,phases   ] GC(201) Pause Mark Start 0.013ms
[57.123s][info][gc,phases   ] GC(201) Concurrent Mark 109.064ms
[57.123s][info][gc,phases   ] GC(201) Pause Mark End 0.027ms
[57.123s][info][gc,phases   ] GC(201) Concurrent Mark Free 0.001ms
[57.125s][info][gc,phases   ] GC(201) Concurrent Process Non-Strong References 1.938ms
[57.125s][info][gc,phases   ] GC(201) Concurrent Reset Relocation Set 0.022ms
[57.158s][info][gc,phases   ] GC(201) Concurrent Select Relocation Set 32.963ms
[57.158s][info][gc,phases   ] GC(201) Pause Relocate Start 0.014ms
[57.184s][info][gc,phases   ] GC(201) Concurrent Relocate 26.022ms
[57.184s][info][gc,load     ] GC(201) Load: 0.00/0.00/0.00
[57.184s][info][gc,mmu      ] GC(201) MMU: 2ms/96.1%, 5ms/98.4%, 10ms/99.2%, 20ms/99.6%, 50ms/99.8%, 100ms/99.9%
[57.184s][info][gc,marking  ] GC(201) Mark: 8 stripe(s), 2 proactive flush(es), 1 terminate flush(es), 0 completion(s), 0 continuation(s) 
[57.184s][info][gc,marking  ] GC(201) Mark Stack Usage: 32M
[57.184s][info][gc,nmethod  ] GC(201) NMethods: 5338 registered, 4275 unregistered
[57.184s][info][gc,metaspace] GC(201) Metaspace: 64M used, 65M committed, 1088M reserved
[57.184s][info][gc,ref      ] GC(201) Soft: 3172 encountered, 0 discovered, 0 enqueued
[57.184s][info][gc,ref      ] GC(201) Weak: 6281 encountered, 2309 discovered, 0 enqueued
[57.184s][info][gc,ref      ] GC(201) Final: 62 encountered, 36 discovered, 0 enqueued
[57.184s][info][gc,ref      ] GC(201) Phantom: 617 encountered, 325 discovered, 0 enqueued
[57.184s][info][gc,reloc    ] GC(201) Small Pages: 198 / 396M, Empty: 42M, Relocated: 73M, In-Place: 0
[57.184s][info][gc,reloc    ] GC(201) Medium Pages: 1 / 32M, Empty: 0M, Relocated: 0M, In-Place: 0
[57.184s][info][gc,reloc    ] GC(201) Large Pages: 8 / 48M, Empty: 24M, Relocated: 0M, In-Place: 0
[57.184s][info][gc,reloc    ] GC(201) Forwarding Usage: 35M
[57.184s][info][gc,heap     ] GC(201) Min Capacity: 8M(1%)
[57.184s][info][gc,heap     ] GC(201) Max Capacity: 1024M(100%)
[57.184s][info][gc,heap     ] GC(201) Soft Max Capacity: 1024M(100%)
[57.185s][info][gc,heap     ] GC(201)                Mark Start          Mark End        Relocate Start      Relocate End           High               Low         
[57.185s][info][gc,heap     ] GC(201)  Capacity:     1024M (100%)       1024M (100%)       1024M (100%)       1024M (100%)       1024M (100%)       1024M (100%)   
[57.185s][info][gc,heap     ] GC(201)      Free:      548M (54%)         364M (36%)         348M (34%)         404M (39%)         548M (54%)         330M (32%)    
[57.185s][info][gc,heap     ] GC(201)      Used:      476M (46%)         660M (64%)         676M (66%)         620M (61%)         694M (68%)         476M (46%)    
[57.185s][info][gc,heap     ] GC(201)      Live:         -               269M (26%)         269M (26%)         269M (26%)            -                  -          
[57.185s][info][gc,heap     ] GC(201) Allocated:         -               184M (18%)         266M (26%)         303M (30%)            -                  -          
[57.185s][info][gc,heap     ] GC(201)   Garbage:         -               206M (20%)         140M (14%)          46M (5%)             -                  -          
[57.185s][info][gc,heap     ] GC(201) Reclaimed:         -                  -                66M (6%)          159M (16%)            -                  -          
[57.185s][info][gc          ] GC(201) Garbage Collection (Allocation Rate) 476M(46%)->620M(61%)
[57.208s][info][gc,start    ] GC(202) Garbage Collection (Allocation Rate)
[57.208s][info][gc,task     ] GC(202) Using 10 workers
[57.208s][info][gc,phases   ] GC(202) Pause Mark Start 0.012ms
[57.349s][info][gc,phases   ] GC(202) Concurrent Mark 140.292ms
[57.349s][info][gc,phases   ] GC(202) Pause Mark End 0.019ms
[57.349s][info][gc,phases   ] GC(202) Concurrent Mark Free 0.001ms
[57.351s][info][gc,phases   ] GC(202) Concurrent Process Non-Strong References 1.919ms
[57.351s][info][gc,phases   ] GC(202) Concurrent Reset Relocation Set 0.016ms
[57.356s][info][gc,phases   ] GC(202) Concurrent Select Relocation Set 5.548ms
[57.356s][info][gc,phases   ] GC(202) Pause Relocate Start 0.010ms
[57.373s][info][gc,phases   ] GC(202) Concurrent Relocate 16.722ms
[57.373s][info][gc,load     ] GC(202) Load: 0.00/0.00/0.00
[57.373s][info][gc,mmu      ] GC(202) MMU: 2ms/96.1%, 5ms/98.4%, 10ms/99.2%, 20ms/99.6%, 50ms/99.8%, 100ms/99.9%
[57.373s][info][gc,marking  ] GC(202) Mark: 8 stripe(s), 2 proactive flush(es), 1 terminate flush(es), 0 completion(s), 0 continuation(s) 
[57.373s][info][gc,marking  ] GC(202) Mark Stack Usage: 32M
[57.373s][info][gc,nmethod  ] GC(202) NMethods: 5346 registered, 4276 unregistered
[57.373s][info][gc,metaspace] GC(202) Metaspace: 64M used, 65M committed, 1088M reserved
[57.373s][info][gc,ref      ] GC(202) Soft: 3172 encountered, 0 discovered, 0 enqueued
[57.373s][info][gc,ref      ] GC(202) Weak: 6281 encountered, 2604 discovered, 0 enqueued
[57.373s][info][gc,ref      ] GC(202) Final: 62 encountered, 16 discovered, 0 enqueued
[57.373s][info][gc,ref      ] GC(202) Phantom: 617 encountered, 593 discovered, 0 enqueued
[57.373s][info][gc,reloc    ] GC(202) Small Pages: 308 / 616M, Empty: 0M, Relocated: 22M, In-Place: 0
[57.373s][info][gc,reloc    ] GC(202) Medium Pages: 2 / 64M, Empty: 0M, Relocated: 11M, In-Place: 0
[57.373s][info][gc,reloc    ] GC(202) Large Pages: 4 / 24M, Empty: 0M, Relocated: 0M, In-Place: 0
[57.373s][info][gc,reloc    ] GC(202) Forwarding Usage: 16M
[57.373s][info][gc,heap     ] GC(202) Min Capacity: 8M(1%)
[57.373s][info][gc,heap     ] GC(202) Max Capacity: 1024M(100%)
[57.373s][info][gc,heap     ] GC(202) Soft Max Capacity: 1024M(100%)
[57.373s][info][gc,heap     ] GC(202)                Mark Start          Mark End        Relocate Start      Relocate End           High               Low         
[57.373s][info][gc,heap     ] GC(202)  Capacity:     1024M (100%)       1024M (100%)       1024M (100%)       1024M (100%)       1024M (100%)       1024M (100%)   
[57.373s][info][gc,heap     ] GC(202)      Free:      320M (31%)          78M (8%)           76M (7%)          444M (43%)         444M (43%)          28M (3%)     
[57.374s][info][gc,heap     ] GC(202)      Used:      704M (69%)         946M (92%)         948M (93%)         580M (57%)         996M (97%)         580M (57%)    
[57.374s][info][gc,heap     ] GC(202)      Live:         -               287M (28%)         287M (28%)         287M (28%)            -                  -          
[57.374s][info][gc,heap     ] GC(202) Allocated:         -               242M (24%)         244M (24%)         247M (24%)            -                  -          
[57.374s][info][gc,heap     ] GC(202)   Garbage:         -               416M (41%)         416M (41%)          44M (4%)             -                  -          
[57.374s][info][gc,heap     ] GC(202) Reclaimed:         -                  -                 0M (0%)          371M (36%)            -                  -          
[57.374s][info][gc          ] GC(202) Garbage Collection (Allocation Rate) 704M(69%)->580M(57%)
[57.411s][info][gc,start    ] GC(203) Garbage Collection (Allocation Rate)
[57.411s][info][gc,task     ] GC(203) Using 10 workers
[57.411s][info][gc,phases   ] GC(203) Pause Mark Start 0.013ms
[57.552s][info][gc,phases   ] GC(203) Concurrent Mark 140.229ms
[57.552s][info][gc,phases   ] GC(203) Pause Mark End 0.025ms
[57.552s][info][gc,phases   ] GC(203) Concurrent Mark Free 0.001ms
[57.554s][info][gc,phases   ] GC(203) Concurrent Process Non-Strong References 1.827ms
[57.554s][info][gc,phases   ] GC(203) Concurrent Reset Relocation Set 0.030ms
[57.557s][info][gc,phases   ] GC(203) Concurrent Select Relocation Set 3.171ms
[57.557s][info][gc,phases   ] GC(203) Pause Relocate Start 0.009ms
[57.569s][info][gc,phases   ] GC(203) Concurrent Relocate 11.414ms
[57.569s][info][gc,load     ] GC(203) Load: 0.00/0.00/0.00
[57.569s][info][gc,mmu      ] GC(203) MMU: 2ms/96.1%, 5ms/98.4%, 10ms/99.2%, 20ms/99.6%, 50ms/99.8%, 100ms/99.9%
[57.569s][info][gc,marking  ] GC(203) Mark: 8 stripe(s), 2 proactive flush(es), 1 terminate flush(es), 0 completion(s), 0 continuation(s) 
[57.569s][info][gc,marking  ] GC(203) Mark Stack Usage: 32M
[57.569s][info][gc,nmethod  ] GC(203) NMethods: 5347 registered, 4276 unregistered
[57.569s][info][gc,metaspace] GC(203) Metaspace: 64M used, 65M committed, 1088M reserved
[57.569s][info][gc,ref      ] GC(203) Soft: 3172 encountered, 0 discovered, 0 enqueued
[57.569s][info][gc,ref      ] GC(203) Weak: 6281 encountered, 1212 discovered, 0 enqueued
[57.569s][info][gc,ref      ] GC(203) Final: 62 encountered, 1 discovered, 0 enqueued
[57.569s][info][gc,ref      ] GC(203) Phantom: 621 encountered, 495 discovered, 0 enqueued
[57.569s][info][gc,reloc    ] GC(203) Small Pages: 253 / 506M, Empty: 8M, Relocated: 19M, In-Place: 0
[57.569s][info][gc,reloc    ] GC(203) Medium Pages: 2 / 64M, Empty: 0M, Relocated: 17M, In-Place: 0
[57.569s][info][gc,reloc    ] GC(203) Large Pages: 4 / 24M, Empty: 0M, Relocated: 0M, In-Place: 0
[57.569s][info][gc,reloc    ] GC(203) Forwarding Usage: 16M
[57.569s][info][gc,heap     ] GC(203) Min Capacity: 8M(1%)
[57.569s][info][gc,heap     ] GC(203) Max Capacity: 1024M(100%)
[57.569s][info][gc,heap     ] GC(203) Soft Max Capacity: 1024M(100%)
[57.569s][info][gc,heap     ] GC(203)                Mark Start          Mark End        Relocate Start      Relocate End           High               Low         
[57.569s][info][gc,heap     ] GC(203)  Capacity:     1024M (100%)       1024M (100%)       1024M (100%)       1024M (100%)       1024M (100%)       1024M (100%)   
[57.569s][info][gc,heap     ] GC(203)      Free:      430M (42%)         374M (37%)         380M (37%)         616M (60%)         618M (60%)         332M (32%)    
[57.569s][info][gc,heap     ] GC(203)      Used:      594M (58%)         650M (63%)         644M (63%)         408M (40%)         692M (68%)         406M (40%)    
[57.569s][info][gc,heap     ] GC(203)      Live:         -               308M (30%)         308M (30%)         308M (30%)            -                  -          
[57.569s][info][gc,heap     ] GC(203) Allocated:         -                56M (5%)           58M (6%)           61M (6%)             -                  -          
[57.569s][info][gc,heap     ] GC(203)   Garbage:         -               285M (28%)         277M (27%)          38M (4%)             -                  -          
[57.569s][info][gc,heap     ] GC(203) Reclaimed:         -                  -                 8M (1%)          247M (24%)            -                  -          
[57.569s][info][gc          ] GC(203) Garbage Collection (Allocation Rate) 594M(58%)->408M(40%)
[57.614s][info][gc,start    ] GC(204) Garbage Collection (Allocation Rate)
[57.614s][info][gc,task     ] GC(204) Using 10 workers
[57.614s][info][gc,phases   ] GC(204) Pause Mark Start 0.012ms
[57.739s][info][gc,phases   ] GC(204) Concurrent Mark 124.606ms
[57.739s][info][gc,phases   ] GC(204) Pause Mark End 0.019ms
[57.739s][info][gc,phases   ] GC(204) Concurrent Mark Free 0.001ms
[57.741s][info][gc,phases   ] GC(204) Concurrent Process Non-Strong References 1.815ms
[57.741s][info][gc,phases   ] GC(204) Concurrent Reset Relocation Set 0.012ms
[57.745s][info][gc,phases   ] GC(204) Concurrent Select Relocation Set 3.709ms
[57.745s][info][gc,phases   ] GC(204) Pause Relocate Start 0.008ms
[57.746s][info][gc,phases   ] GC(204) Concurrent Relocate 1.027ms
[57.746s][info][gc,load     ] GC(204) Load: 0.00/0.00/0.00
[57.746s][info][gc,mmu      ] GC(204) MMU: 2ms/96.1%, 5ms/98.4%, 10ms/99.2%, 20ms/99.6%, 50ms/99.8%, 100ms/99.9%
[57.746s][info][gc,marking  ] GC(204) Mark: 8 stripe(s), 2 proactive flush(es), 1 terminate flush(es), 0 completion(s), 0 continuation(s) 
[57.746s][info][gc,marking  ] GC(204) Mark Stack Usage: 32M
[57.746s][info][gc,nmethod  ] GC(204) NMethods: 5346 registered, 4277 unregistered
[57.746s][info][gc,metaspace] GC(204) Metaspace: 64M used, 65M committed, 1088M reserved
[57.746s][info][gc,ref      ] GC(204) Soft: 3172 encountered, 0 discovered, 0 enqueued
[57.746s][info][gc,ref      ] GC(204) Weak: 6281 encountered, 902 discovered, 0 enqueued
[57.746s][info][gc,ref      ] GC(204) Final: 62 encountered, 2 discovered, 0 enqueued
[57.746s][info][gc,ref      ] GC(204) Phantom: 621 encountered, 471 discovered, 0 enqueued
[57.746s][info][gc,reloc    ] GC(204) Small Pages: 184 / 368M, Empty: 38M, Relocated: 1M, In-Place: 0
[57.746s][info][gc,reloc    ] GC(204) Medium Pages: 1 / 32M, Empty: 0M, Relocated: 0M, In-Place: 0
[57.746s][info][gc,reloc    ] GC(204) Large Pages: 4 / 24M, Empty: 0M, Relocated: 0M, In-Place: 0
[57.746s][info][gc,reloc    ] GC(204) Forwarding Usage: 0M
[57.746s][info][gc,heap     ] GC(204) Min Capacity: 8M(1%)
[57.746s][info][gc,heap     ] GC(204) Max Capacity: 1024M(100%)
[57.746s][info][gc,heap     ] GC(204) Soft Max Capacity: 1024M(100%)
[57.746s][info][gc,heap     ] GC(204)                Mark Start          Mark End        Relocate Start      Relocate End           High               Low         
[57.746s][info][gc,heap     ] GC(204)  Capacity:     1024M (100%)       1024M (100%)       1024M (100%)       1024M (100%)       1024M (100%)       1024M (100%)   
[57.746s][info][gc,heap     ] GC(204)      Free:      600M (59%)         580M (57%)         616M (60%)         644M (63%)         644M (63%)         578M (56%)    
[57.746s][info][gc,heap     ] GC(204)      Used:      424M (41%)         444M (43%)         408M (40%)         380M (37%)         446M (44%)         380M (37%)    
[57.746s][info][gc,heap     ] GC(204)      Live:         -               308M (30%)         308M (30%)         308M (30%)            -                  -          
[57.746s][info][gc,heap     ] GC(204) Allocated:         -                20M (2%)           22M (2%)           21M (2%)             -                  -          
[57.746s][info][gc,heap     ] GC(204)   Garbage:         -               115M (11%)          77M (8%)           49M (5%)             -                  -          
[57.746s][info][gc,heap     ] GC(204) Reclaimed:         -                  -                38M (4%)           65M (6%)             -                  -          
[57.746s][info][gc          ] GC(204) Garbage Collection (Allocation Rate) 424M(41%)->380M(37%)
[57.807s][info][gc,start    ] GC(205) Garbage Collection (Allocation Rate)
[57.807s][info][gc,task     ] GC(205) Using 10 workers
[57.808s][info][gc,phases   ] GC(205) Pause Mark Start 0.009ms
[57.948s][info][gc,phases   ] GC(205) Concurrent Mark 140.298ms
[57.948s][info][gc,phases   ] GC(205) Pause Mark End 0.025ms
[57.948s][info][gc,phases   ] GC(205) Concurrent Mark Free 0.001ms
[57.950s][info][gc,phases   ] GC(205) Concurrent Process Non-Strong References 1.836ms
[57.950s][info][gc,phases   ] GC(205) Concurrent Reset Relocation Set 0.002ms
[57.952s][info][gc,phases   ] GC(205) Concurrent Select Relocation Set 2.328ms
[57.952s][info][gc,phases   ] GC(205) Pause Relocate Start 0.006ms
[57.954s][info][gc,phases   ] GC(205) Concurrent Relocate 1.256ms
[57.954s][info][gc,load     ] GC(205) Load: 0.00/0.00/0.00
[57.954s][info][gc,mmu      ] GC(205) MMU: 2ms/96.1%, 5ms/98.4%, 10ms/99.2%, 20ms/99.6%, 50ms/99.8%, 100ms/99.9%
[57.954s][info][gc,marking  ] GC(205) Mark: 8 stripe(s), 2 proactive flush(es), 1 terminate flush(es), 0 completion(s), 0 continuation(s) 
[57.954s][info][gc,marking  ] GC(205) Mark Stack Usage: 32M
[57.954s][info][gc,nmethod  ] GC(205) NMethods: 5346 registered, 4277 unregistered
[57.954s][info][gc,metaspace] GC(205) Metaspace: 64M used, 65M committed, 1088M reserved
[57.954s][info][gc,ref      ] GC(205) Soft: 3172 encountered, 0 discovered, 0 enqueued
[57.954s][info][gc,ref      ] GC(205) Weak: 6281 encountered, 1029 discovered, 0 enqueued
[57.954s][info][gc,ref      ] GC(205) Final: 62 encountered, 1 discovered, 0 enqueued
[57.954s][info][gc,ref      ] GC(205) Phantom: 621 encountered, 384 discovered, 0 enqueued
[57.954s][info][gc,reloc    ] GC(205) Small Pages: 174 / 348M, Empty: 24M, Relocated: 1M, In-Place: 0
[57.954s][info][gc,reloc    ] GC(205) Medium Pages: 1 / 32M, Empty: 0M, Relocated: 0M, In-Place: 0
[57.954s][info][gc,reloc    ] GC(205) Large Pages: 4 / 24M, Empty: 0M, Relocated: 0M, In-Place: 0
[57.954s][info][gc,reloc    ] GC(205) Forwarding Usage: 0M
[57.954s][info][gc,heap     ] GC(205) Min Capacity: 8M(1%)
[57.954s][info][gc,heap     ] GC(205) Max Capacity: 1024M(100%)
[57.954s][info][gc,heap     ] GC(205) Soft Max Capacity: 1024M(100%)
[57.954s][info][gc,heap     ] GC(205)                Mark Start          Mark End        Relocate Start      Relocate End           High               Low         
[57.954s][info][gc,heap     ] GC(205)  Capacity:     1024M (100%)       1024M (100%)       1024M (100%)       1024M (100%)       1024M (100%)       1024M (100%)   
[57.954s][info][gc,heap     ] GC(205)      Free:      620M (61%)         532M (52%)         550M (54%)         572M (56%)         620M (61%)         526M (51%)    
[57.954s][info][gc,heap     ] GC(205)      Used:      404M (39%)         492M (48%)         474M (46%)         452M (44%)         498M (49%)         404M (39%)    
[57.954s][info][gc,heap     ] GC(205)      Live:         -               308M (30%)         308M (30%)         308M (30%)            -                  -          
[57.954s][info][gc,heap     ] GC(205) Allocated:         -                88M (9%)           94M (9%)           93M (9%)             -                  -          
[57.954s][info][gc,heap     ] GC(205)   Garbage:         -                95M (9%)           71M (7%)           49M (5%)             -                  -          
[57.954s][info][gc,heap     ] GC(205) Reclaimed:         -                  -                24M (2%)           45M (4%)             -                  -          
[57.954s][info][gc          ] GC(205) Garbage Collection (Allocation Rate) 404M(39%)->452M(44%)
[58.010s][info][gc,start    ] GC(206) Garbage Collection (Allocation Rate)
[58.011s][info][gc,task     ] GC(206) Using 10 workers
[58.011s][info][gc,phases   ] GC(206) Pause Mark Start 0.010ms
[58.120s][info][gc,phases   ] GC(206) Concurrent Mark 108.994ms
[58.120s][info][gc,phases   ] GC(206) Pause Mark End 0.025ms
[58.120s][info][gc,phases   ] GC(206) Concurrent Mark Free 0.001ms
[58.122s][info][gc,phases   ] GC(206) Concurrent Process Non-Strong References 1.981ms
[58.122s][info][gc,phases   ] GC(206) Concurrent Reset Relocation Set 0.002ms
[58.131s][info][gc,phases   ] GC(206) Concurrent Select Relocation Set 8.967ms
[58.131s][info][gc,phases   ] GC(206) Pause Relocate Start 0.007ms
[58.144s][info][gc,phases   ] GC(206) Concurrent Relocate 13.203ms
[58.144s][info][gc,load     ] GC(206) Load: 0.00/0.00/0.00
[58.144s][info][gc,mmu      ] GC(206) MMU: 2ms/96.1%, 5ms/98.4%, 10ms/99.2%, 20ms/99.6%, 50ms/99.8%, 100ms/99.9%
[58.144s][info][gc,marking  ] GC(206) Mark: 8 stripe(s), 2 proactive flush(es), 1 terminate flush(es), 0 completion(s), 0 continuation(s) 
[58.144s][info][gc,marking  ] GC(206) Mark Stack Usage: 32M
[58.144s][info][gc,nmethod  ] GC(206) NMethods: 5346 registered, 4277 unregistered
[58.144s][info][gc,metaspace] GC(206) Metaspace: 64M used, 65M committed, 1088M reserved
[58.144s][info][gc,ref      ] GC(206) Soft: 3172 encountered, 0 discovered, 0 enqueued
[58.145s][info][gc,ref      ] GC(206) Weak: 6281 encountered, 747 discovered, 0 enqueued
[58.145s][info][gc,ref      ] GC(206) Final: 62 encountered, 1 discovered, 0 enqueued
[58.145s][info][gc,ref      ] GC(206) Phantom: 621 encountered, 310 discovered, 0 enqueued
[58.145s][info][gc,reloc    ] GC(206) Small Pages: 230 / 460M, Empty: 84M, Relocated: 19M, In-Place: 0
[58.145s][info][gc,reloc    ] GC(206) Medium Pages: 2 / 64M, Empty: 0M, Relocated: 18M, In-Place: 0
[58.145s][info][gc,reloc    ] GC(206) Large Pages: 4 / 24M, Empty: 24M, Relocated: 0M, In-Place: 0
[58.145s][info][gc,reloc    ] GC(206) Forwarding Usage: 16M
[58.145s][info][gc,heap     ] GC(206) Min Capacity: 8M(1%)
[58.145s][info][gc,heap     ] GC(206) Max Capacity: 1024M(100%)
[58.145s][info][gc,heap     ] GC(206) Soft Max Capacity: 1024M(100%)
[58.145s][info][gc,heap     ] GC(206)                Mark Start          Mark End        Relocate Start      Relocate End           High               Low         
[58.145s][info][gc,heap     ] GC(206)  Capacity:     1024M (100%)       1024M (100%)       1024M (100%)       1024M (100%)       1024M (100%)       1024M (100%)   
[58.145s][info][gc,heap     ] GC(206)      Free:      476M (46%)         284M (28%)         376M (37%)         544M (53%)         544M (53%)         278M (27%)    
[58.145s][info][gc,heap     ] GC(206)      Used:      548M (54%)         740M (72%)         648M (63%)         480M (47%)         746M (73%)         480M (47%)    
[58.145s][info][gc,heap     ] GC(206)      Live:         -               192M (19%)         192M (19%)         192M (19%)            -                  -          
[58.145s][info][gc,heap     ] GC(206) Allocated:         -               192M (19%)         208M (20%)         251M (25%)            -                  -          
[58.145s][info][gc,heap     ] GC(206)   Garbage:         -               355M (35%)         247M (24%)          35M (3%)             -                  -          
[58.145s][info][gc,heap     ] GC(206) Reclaimed:         -                  -               108M (11%)         319M (31%)            -                  -          
[58.145s][info][gc          ] GC(206) Garbage Collection (Allocation Rate) 548M(54%)->480M(47%)
[58.214s][info][gc,start    ] GC(207) Garbage Collection (Allocation Rate)
[58.214s][info][gc,task     ] GC(207) Using 10 workers
[58.214s][info][gc,phases   ] GC(207) Pause Mark Start 0.017ms
[58.323s][info][gc,phases   ] GC(207) Concurrent Mark 108.904ms
[58.323s][info][gc,phases   ] GC(207) Pause Mark End 0.016ms
[58.323s][info][gc,phases   ] GC(207) Concurrent Mark Free 0.001ms
[58.325s][info][gc,phases   ] GC(207) Concurrent Process Non-Strong References 1.674ms
[58.325s][info][gc,phases   ] GC(207) Concurrent Reset Relocation Set 0.015ms
[58.344s][info][gc,phases   ] GC(207) Concurrent Select Relocation Set 19.052ms
[58.344s][info][gc,phases   ] GC(207) Pause Relocate Start 0.009ms
[58.363s][info][gc,phases   ] GC(207) Concurrent Relocate 19.109ms
[58.363s][info][gc,load     ] GC(207) Load: 0.00/0.00/0.00
[58.363s][info][gc,mmu      ] GC(207) MMU: 2ms/96.1%, 5ms/98.4%, 10ms/99.2%, 20ms/99.6%, 50ms/99.8%, 100ms/99.9%
[58.363s][info][gc,marking  ] GC(207) Mark: 8 stripe(s), 2 proactive flush(es), 1 terminate flush(es), 0 completion(s), 0 continuation(s) 
[58.363s][info][gc,marking  ] GC(207) Mark Stack Usage: 32M
[58.363s][info][gc,nmethod  ] GC(207) NMethods: 5346 registered, 4277 unregistered
[58.363s][info][gc,metaspace] GC(207) Metaspace: 64M used, 65M committed, 1088M reserved
[58.363s][info][gc,ref      ] GC(207) Soft: 3172 encountered, 0 discovered, 0 enqueued
[58.363s][info][gc,ref      ] GC(207) Weak: 6281 encountered, 977 discovered, 0 enqueued
[58.363s][info][gc,ref      ] GC(207) Final: 62 encountered, 14 discovered, 0 enqueued
[58.363s][info][gc,ref      ] GC(207) Phantom: 621 encountered, 610 discovered, 0 enqueued
[58.363s][info][gc,reloc    ] GC(207) Small Pages: 256 / 512M, Empty: 0M, Relocated: 20M, In-Place: 0
[58.363s][info][gc,reloc    ] GC(207) Medium Pages: 2 / 64M, Empty: 32M, Relocated: 0M, In-Place: 0
[58.363s][info][gc,reloc    ] GC(207) Large Pages: 4 / 24M, Empty: 0M, Relocated: 0M, In-Place: 0
[58.363s][info][gc,reloc    ] GC(207) Forwarding Usage: 22M
[58.363s][info][gc,heap     ] GC(207) Min Capacity: 8M(1%)
[58.363s][info][gc,heap     ] GC(207) Max Capacity: 1024M(100%)
[58.363s][info][gc,heap     ] GC(207) Soft Max Capacity: 1024M(100%)
[58.363s][info][gc,heap     ] GC(207)                Mark Start          Mark End        Relocate Start      Relocate End           High               Low         
[58.363s][info][gc,heap     ] GC(207)  Capacity:     1024M (100%)       1024M (100%)       1024M (100%)       1024M (100%)       1024M (100%)       1024M (100%)   
[58.363s][info][gc,heap     ] GC(207)      Free:      424M (41%)         224M (22%)         214M (21%)         484M (47%)         492M (48%)         194M (19%)    
[58.364s][info][gc,heap     ] GC(207)      Used:      600M (59%)         800M (78%)         810M (79%)         540M (53%)         830M (81%)         532M (52%)    
[58.364s][info][gc,heap     ] GC(207)      Live:         -               223M (22%)         223M (22%)         223M (22%)            -                  -          
[58.364s][info][gc,heap     ] GC(207) Allocated:         -               200M (20%)         242M (24%)         269M (26%)            -                  -          
[58.364s][info][gc,heap     ] GC(207)   Garbage:         -               376M (37%)         344M (34%)          47M (5%)             -                  -          
[58.364s][info][gc,heap     ] GC(207) Reclaimed:         -                  -                32M (3%)          329M (32%)            -                  -          
[58.364s][info][gc          ] GC(207) Garbage Collection (Allocation Rate) 600M(59%)->540M(53%)
[58.408s][info][gc,start    ] GC(208) Garbage Collection (Allocation Rate)
[58.408s][info][gc,task     ] GC(208) Using 10 workers
[58.408s][info][gc,phases   ] GC(208) Pause Mark Start 0.014ms
[58.533s][info][gc,phases   ] GC(208) Concurrent Mark 124.581ms
[58.533s][info][gc,phases   ] GC(208) Pause Mark End 0.017ms
[58.533s][info][gc,phases   ] GC(208) Concurrent Mark Free 0.001ms
[58.534s][info][gc,phases   ] GC(208) Concurrent Process Non-Strong References 1.616ms
[58.534s][info][gc,phases   ] GC(208) Concurrent Reset Relocation Set 0.035ms
[58.557s][info][gc,phases   ] GC(208) Concurrent Select Relocation Set 22.797ms
[58.557s][info][gc,phases   ] GC(208) Pause Relocate Start 0.009ms
[58.575s][info][gc,phases   ] GC(208) Concurrent Relocate 17.565ms
[58.575s][info][gc,load     ] GC(208) Load: 0.00/0.00/0.00
[58.575s][info][gc,mmu      ] GC(208) MMU: 2ms/96.1%, 5ms/98.4%, 10ms/99.2%, 20ms/99.6%, 50ms/99.8%, 100ms/99.9%
[58.575s][info][gc,marking  ] GC(208) Mark: 8 stripe(s), 2 proactive flush(es), 1 terminate flush(es), 0 completion(s), 0 continuation(s) 
[58.575s][info][gc,marking  ] GC(208) Mark Stack Usage: 32M
[58.575s][info][gc,nmethod  ] GC(208) NMethods: 5346 registered, 4277 unregistered
[58.575s][info][gc,metaspace] GC(208) Metaspace: 64M used, 65M committed, 1088M reserved
[58.575s][info][gc,ref      ] GC(208) Soft: 3172 encountered, 0 discovered, 0 enqueued
[58.575s][info][gc,ref      ] GC(208) Weak: 6281 encountered, 414 discovered, 0 enqueued
[58.575s][info][gc,ref      ] GC(208) Final: 62 encountered, 0 discovered, 0 enqueued
[58.575s][info][gc,ref      ] GC(208) Phantom: 620 encountered, 480 discovered, 0 enqueued
[58.575s][info][gc,reloc    ] GC(208) Small Pages: 282 / 564M, Empty: 0M, Relocated: 24M, In-Place: 0
[58.575s][info][gc,reloc    ] GC(208) Medium Pages: 1 / 32M, Empty: 0M, Relocated: 0M, In-Place: 0
[58.576s][info][gc,reloc    ] GC(208) Large Pages: 5 / 34M, Empty: 0M, Relocated: 0M, In-Place: 0
[58.576s][info][gc,reloc    ] GC(208) Forwarding Usage: 23M
[58.576s][info][gc,heap     ] GC(208) Min Capacity: 8M(1%)
[58.576s][info][gc,heap     ] GC(208) Max Capacity: 1024M(100%)
[58.576s][info][gc,heap     ] GC(208) Soft Max Capacity: 1024M(100%)
[58.576s][info][gc,heap     ] GC(208)                Mark Start          Mark End        Relocate Start      Relocate End           High               Low         
[58.576s][info][gc,heap     ] GC(208)  Capacity:     1024M (100%)       1024M (100%)       1024M (100%)       1024M (100%)       1024M (100%)       1024M (100%)   
[58.576s][info][gc,heap     ] GC(208)      Free:      394M (38%)         206M (20%)         160M (16%)         474M (46%)         478M (47%)         140M (14%)    
[58.576s][info][gc,heap     ] GC(208)      Used:      630M (62%)         818M (80%)         864M (84%)         550M (54%)         884M (86%)         546M (53%)    
[58.576s][info][gc,heap     ] GC(208)      Live:         -               247M (24%)         247M (24%)         247M (24%)            -                  -          
[58.576s][info][gc,heap     ] GC(208) Allocated:         -               188M (18%)         234M (23%)         255M (25%)            -                  -          
[58.576s][info][gc,heap     ] GC(208)   Garbage:         -               382M (37%)         382M (37%)          47M (5%)             -                  -          
[58.576s][info][gc,heap     ] GC(208) Reclaimed:         -                  -                 0M (0%)          335M (33%)            -                  -          
[58.576s][info][gc          ] GC(208) Garbage Collection (Allocation Rate) 630M(62%)->550M(54%)
[58.611s][info][gc,start    ] GC(209) Garbage Collection (Allocation Rate)
[58.611s][info][gc,task     ] GC(209) Using 10 workers
[58.611s][info][gc,phases   ] GC(209) Pause Mark Start 0.013ms
[58.767s][info][gc,phases   ] GC(209) Concurrent Mark 155.841ms
[58.767s][info][gc,phases   ] GC(209) Pause Mark End 0.028ms
[58.767s][info][gc,phases   ] GC(209) Concurrent Mark Free 0.001ms
[58.769s][info][gc,phases   ] GC(209) Concurrent Process Non-Strong References 1.987ms
[58.769s][info][gc,phases   ] GC(209) Concurrent Reset Relocation Set 0.039ms
[58.773s][info][gc,phases   ] GC(209) Concurrent Select Relocation Set 3.939ms
[58.773s][info][gc,phases   ] GC(209) Pause Relocate Start 0.013ms
[58.793s][info][gc,phases   ] GC(209) Concurrent Relocate 19.154ms
[58.793s][info][gc,load     ] GC(209) Load: 0.00/0.00/0.00
[58.793s][info][gc,mmu      ] GC(209) MMU: 2ms/96.1%, 5ms/98.4%, 10ms/99.2%, 20ms/99.6%, 50ms/99.8%, 100ms/99.9%
[58.793s][info][gc,marking  ] GC(209) Mark: 8 stripe(s), 2 proactive flush(es), 1 terminate flush(es), 0 completion(s), 0 continuation(s) 
[58.793s][info][gc,marking  ] GC(209) Mark Stack Usage: 32M
[58.793s][info][gc,nmethod  ] GC(209) NMethods: 5346 registered, 4277 unregistered
[58.793s][info][gc,metaspace] GC(209) Metaspace: 64M used, 65M committed, 1088M reserved
[58.793s][info][gc,ref      ] GC(209) Soft: 3172 encountered, 0 discovered, 0 enqueued
[58.793s][info][gc,ref      ] GC(209) Weak: 6281 encountered, 1556 discovered, 0 enqueued
[58.793s][info][gc,ref      ] GC(209) Final: 62 encountered, 23 discovered, 0 enqueued
[58.793s][info][gc,ref      ] GC(209) Phantom: 621 encountered, 552 discovered, 0 enqueued
[58.793s][info][gc,reloc    ] GC(209) Small Pages: 259 / 518M, Empty: 0M, Relocated: 22M, In-Place: 0
[58.793s][info][gc,reloc    ] GC(209) Medium Pages: 1 / 32M, Empty: 0M, Relocated: 0M, In-Place: 0
[58.793s][info][gc,reloc    ] GC(209) Large Pages: 8 / 64M, Empty: 24M, Relocated: 0M, In-Place: 0
[58.793s][info][gc,reloc    ] GC(209) Forwarding Usage: 20M
[58.793s][info][gc,heap     ] GC(209) Min Capacity: 8M(1%)
[58.793s][info][gc,heap     ] GC(209) Max Capacity: 1024M(100%)
[58.793s][info][gc,heap     ] GC(209) Soft Max Capacity: 1024M(100%)
[58.793s][info][gc,heap     ] GC(209)                Mark Start          Mark End        Relocate Start      Relocate End           High               Low         
[58.793s][info][gc,heap     ] GC(209)  Capacity:     1024M (100%)       1024M (100%)       1024M (100%)       1024M (100%)       1024M (100%)       1024M (100%)   
[58.793s][info][gc,heap     ] GC(209)      Free:      410M (40%)         108M (11%)         122M (12%)         374M (37%)         410M (40%)         100M (10%)    
[58.793s][info][gc,heap     ] GC(209)      Used:      614M (60%)         916M (89%)         902M (88%)         650M (63%)         924M (90%)         614M (60%)    
[58.793s][info][gc,heap     ] GC(209)      Live:         -               262M (26%)         262M (26%)         262M (26%)            -                  -          
[58.793s][info][gc,heap     ] GC(209) Allocated:         -               302M (29%)         312M (30%)         339M (33%)            -                  -          
[58.793s][info][gc,heap     ] GC(209)   Garbage:         -               351M (34%)         327M (32%)          48M (5%)             -                  -          
[58.793s][info][gc,heap     ] GC(209) Reclaimed:         -                  -                24M (2%)          303M (30%)            -                  -          
[58.793s][info][gc          ] GC(209) Garbage Collection (Allocation Rate) 614M(60%)->650M(63%)
[58.814s][info][gc,start    ] GC(210) Garbage Collection (Allocation Rate)
[58.814s][info][gc,task     ] GC(210) Using 10 workers
[58.814s][info][gc,phases   ] GC(210) Pause Mark Start 0.013ms
[58.970s][info][gc,phases   ] GC(210) Concurrent Mark 155.934ms
[58.970s][info][gc,phases   ] GC(210) Pause Mark End 0.023ms
[58.970s][info][gc,phases   ] GC(210) Concurrent Mark Free 0.001ms
[58.972s][info][gc,phases   ] GC(210) Concurrent Process Non-Strong References 1.724ms
[58.972s][info][gc,phases   ] GC(210) Concurrent Reset Relocation Set 0.018ms
[58.975s][info][gc,phases   ] GC(210) Concurrent Select Relocation Set 3.431ms
[58.975s][info][gc,phases   ] GC(210) Pause Relocate Start 0.009ms
[58.993s][info][gc,phases   ] GC(210) Concurrent Relocate 17.052ms
[58.993s][info][gc,load     ] GC(210) Load: 0.00/0.00/0.00
[58.993s][info][gc,mmu      ] GC(210) MMU: 2ms/96.1%, 5ms/98.4%, 10ms/99.2%, 20ms/99.6%, 50ms/99.8%, 100ms/99.9%
[58.993s][info][gc,marking  ] GC(210) Mark: 8 stripe(s), 3 proactive flush(es), 1 terminate flush(es), 0 completion(s), 0 continuation(s) 
[58.993s][info][gc,marking  ] GC(210) Mark Stack Usage: 32M
[58.993s][info][gc,nmethod  ] GC(210) NMethods: 5346 registered, 4277 unregistered
[58.993s][info][gc,metaspace] GC(210) Metaspace: 64M used, 65M committed, 1088M reserved
[58.993s][info][gc,ref      ] GC(210) Soft: 3172 encountered, 0 discovered, 0 enqueued
[58.993s][info][gc,ref      ] GC(210) Weak: 6281 encountered, 910 discovered, 0 enqueued
[58.993s][info][gc,ref      ] GC(210) Final: 62 encountered, 15 discovered, 0 enqueued
[58.993s][info][gc,ref      ] GC(210) Phantom: 621 encountered, 466 discovered, 0 enqueued
[58.993s][info][gc,reloc    ] GC(210) Small Pages: 309 / 618M, Empty: 0M, Relocated: 20M, In-Place: 0
[58.993s][info][gc,reloc    ] GC(210) Medium Pages: 1 / 32M, Empty: 0M, Relocated: 0M, In-Place: 0
[58.993s][info][gc,reloc    ] GC(210) Large Pages: 4 / 40M, Empty: 0M, Relocated: 0M, In-Place: 0
[58.993s][info][gc,reloc    ] GC(210) Forwarding Usage: 17M
[58.993s][info][gc,heap     ] GC(210) Min Capacity: 8M(1%)
[58.993s][info][gc,heap     ] GC(210) Max Capacity: 1024M(100%)
[58.993s][info][gc,heap     ] GC(210) Soft Max Capacity: 1024M(100%)
[58.993s][info][gc,heap     ] GC(210)                Mark Start          Mark End        Relocate Start      Relocate End           High               Low         
[58.993s][info][gc,heap     ] GC(210)  Capacity:     1024M (100%)       1024M (100%)       1024M (100%)       1024M (100%)       1024M (100%)       1024M (100%)   
[58.993s][info][gc,heap     ] GC(210)      Free:      334M (33%)          50M (5%)           40M (4%)          378M (37%)         390M (38%)          20M (2%)     
[58.993s][info][gc,heap     ] GC(210)      Used:      690M (67%)         974M (95%)         984M (96%)         646M (63%)        1004M (98%)         634M (62%)    
[58.993s][info][gc,heap     ] GC(210)      Live:         -               273M (27%)         273M (27%)         273M (27%)            -                  -          
[58.993s][info][gc,heap     ] GC(210) Allocated:         -               284M (28%)         294M (29%)         319M (31%)            -                  -          
[58.993s][info][gc,heap     ] GC(210)   Garbage:         -               416M (41%)         416M (41%)          53M (5%)             -                  -          
[58.993s][info][gc,heap     ] GC(210) Reclaimed:         -                  -                 0M (0%)          363M (36%)            -                  -          
[58.993s][info][gc          ] GC(210) Garbage Collection (Allocation Rate) 690M(67%)->646M(63%)
[59.017s][info][gc,start    ] GC(211) Garbage Collection (Allocation Rate)
[59.017s][info][gc,task     ] GC(211) Using 10 workers
[59.017s][info][gc,phases   ] GC(211) Pause Mark Start 0.014ms
[59.173s][info][gc,phases   ] GC(211) Concurrent Mark 155.877ms
[59.173s][info][gc,phases   ] GC(211) Pause Mark End 0.016ms
[59.173s][info][gc,phases   ] GC(211) Concurrent Mark Free 0.001ms
[59.175s][info][gc,phases   ] GC(211) Concurrent Process Non-Strong References 1.682ms
[59.175s][info][gc,phases   ] GC(211) Concurrent Reset Relocation Set 0.023ms
[59.178s][info][gc,phases   ] GC(211) Concurrent Select Relocation Set 2.931ms
[59.178s][info][gc,phases   ] GC(211) Pause Relocate Start 0.008ms
[59.192s][info][gc,phases   ] GC(211) Concurrent Relocate 13.576ms
[59.192s][info][gc,load     ] GC(211) Load: 0.00/0.00/0.00
[59.192s][info][gc,mmu      ] GC(211) MMU: 2ms/96.1%, 5ms/98.4%, 10ms/99.2%, 20ms/99.6%, 50ms/99.8%, 100ms/99.9%
[59.192s][info][gc,marking  ] GC(211) Mark: 8 stripe(s), 2 proactive flush(es), 1 terminate flush(es), 0 completion(s), 0 continuation(s) 
[59.192s][info][gc,marking  ] GC(211) Mark Stack Usage: 32M
[59.192s][info][gc,nmethod  ] GC(211) NMethods: 5346 registered, 4277 unregistered
[59.192s][info][gc,metaspace] GC(211) Metaspace: 64M used, 65M committed, 1088M reserved
[59.192s][info][gc,ref      ] GC(211) Soft: 3172 encountered, 0 discovered, 0 enqueued
[59.192s][info][gc,ref      ] GC(211) Weak: 6281 encountered, 795 discovered, 0 enqueued
[59.192s][info][gc,ref      ] GC(211) Final: 62 encountered, 1 discovered, 0 enqueued
[59.192s][info][gc,ref      ] GC(211) Phantom: 620 encountered, 544 discovered, 0 enqueued
[59.192s][info][gc,reloc    ] GC(211) Small Pages: 308 / 616M, Empty: 0M, Relocated: 18M, In-Place: 0
[59.192s][info][gc,reloc    ] GC(211) Medium Pages: 1 / 32M, Empty: 0M, Relocated: 0M, In-Place: 0
[59.192s][info][gc,reloc    ] GC(211) Large Pages: 4 / 40M, Empty: 0M, Relocated: 0M, In-Place: 0
[59.192s][info][gc,reloc    ] GC(211) Forwarding Usage: 16M
[59.192s][info][gc,heap     ] GC(211) Min Capacity: 8M(1%)
[59.192s][info][gc,heap     ] GC(211) Max Capacity: 1024M(100%)
[59.192s][info][gc,heap     ] GC(211) Soft Max Capacity: 1024M(100%)
[59.192s][info][gc,heap     ] GC(211)                Mark Start          Mark End        Relocate Start      Relocate End           High               Low         
[59.192s][info][gc,heap     ] GC(211)  Capacity:     1024M (100%)       1024M (100%)       1024M (100%)       1024M (100%)       1024M (100%)       1024M (100%)   
[59.192s][info][gc,heap     ] GC(211)      Free:      336M (33%)          50M (5%)           40M (4%)          368M (36%)         372M (36%)          20M (2%)     
[59.192s][info][gc,heap     ] GC(211)      Used:      688M (67%)         974M (95%)         984M (96%)         656M (64%)        1004M (98%)         652M (64%)    
[59.192s][info][gc,heap     ] GC(211)      Live:         -               282M (28%)         282M (28%)         282M (28%)            -                  -          
[59.192s][info][gc,heap     ] GC(211) Allocated:         -               286M (28%)         296M (29%)         315M (31%)            -                  -          
[59.192s][info][gc,heap     ] GC(211)   Garbage:         -               405M (40%)         405M (40%)          57M (6%)             -                  -          
[59.192s][info][gc,heap     ] GC(211) Reclaimed:         -                  -                 0M (0%)          347M (34%)            -                  -          
[59.192s][info][gc          ] GC(211) Garbage Collection (Allocation Rate) 688M(67%)->656M(64%)
[59.204s][info][gc,start    ] GC(212) Garbage Collection (Allocation Rate)
[59.204s][info][gc,task     ] GC(212) Using 10 workers
[59.204s][info][gc,phases   ] GC(212) Pause Mark Start 0.009ms
[59.376s][info][gc,phases   ] GC(212) Concurrent Mark 171.590ms
[59.376s][info][gc,phases   ] GC(212) Pause Mark End 0.030ms
[59.376s][info][gc,phases   ] GC(212) Concurrent Mark Free 0.001ms
[59.378s][info][gc,phases   ] GC(212) Concurrent Process Non-Strong References 1.830ms
[59.378s][info][gc,phases   ] GC(212) Concurrent Reset Relocation Set 0.036ms
[59.381s][info][gc,phases   ] GC(212) Concurrent Select Relocation Set 3.055ms
[59.381s][info][gc,phases   ] GC(212) Pause Relocate Start 0.008ms
[59.393s][info][gc,phases   ] GC(212) Concurrent Relocate 11.813ms
[59.393s][info][gc,load     ] GC(212) Load: 0.00/0.00/0.00
[59.393s][info][gc,mmu      ] GC(212) MMU: 2ms/96.1%, 5ms/98.4%, 10ms/99.2%, 20ms/99.6%, 50ms/99.8%, 100ms/99.9%
[59.393s][info][gc,marking  ] GC(212) Mark: 8 stripe(s), 4 proactive flush(es), 1 terminate flush(es), 0 completion(s), 0 continuation(s) 
[59.393s][info][gc,marking  ] GC(212) Mark Stack Usage: 32M
[59.393s][info][gc,nmethod  ] GC(212) NMethods: 5349 registered, 4277 unregistered
[59.393s][info][gc,metaspace] GC(212) Metaspace: 64M used, 65M committed, 1088M reserved
[59.393s][info][gc,ref      ] GC(212) Soft: 3172 encountered, 0 discovered, 0 enqueued
[59.393s][info][gc,ref      ] GC(212) Weak: 6281 encountered, 1342 discovered, 0 enqueued
[59.393s][info][gc,ref      ] GC(212) Final: 62 encountered, 38 discovered, 0 enqueued
[59.393s][info][gc,ref      ] GC(212) Phantom: 621 encountered, 611 discovered, 0 enqueued
[59.393s][info][gc,reloc    ] GC(212) Small Pages: 303 / 606M, Empty: 0M, Relocated: 15M, In-Place: 0
[59.393s][info][gc,reloc    ] GC(212) Medium Pages: 1 / 32M, Empty: 0M, Relocated: 0M, In-Place: 0
[59.393s][info][gc,reloc    ] GC(212) Large Pages: 4 / 40M, Empty: 0M, Relocated: 0M, In-Place: 0
[59.393s][info][gc,reloc    ] GC(212) Forwarding Usage: 14M
[59.394s][info][gc,heap     ] GC(212) Min Capacity: 8M(1%)
[59.394s][info][gc,heap     ] GC(212) Max Capacity: 1024M(100%)
[59.394s][info][gc,heap     ] GC(212) Soft Max Capacity: 1024M(100%)
[59.394s][info][gc,heap     ] GC(212)                Mark Start          Mark End        Relocate Start      Relocate End           High               Low         
[59.394s][info][gc,heap     ] GC(212)  Capacity:     1024M (100%)       1024M (100%)       1024M (100%)       1024M (100%)       1024M (100%)       1024M (100%)   
[59.394s][info][gc,heap     ] GC(212)      Free:      346M (34%)          50M (5%)           42M (4%)          348M (34%)         352M (34%)          22M (2%)     
[59.394s][info][gc,heap     ] GC(212)      Used:      678M (66%)         974M (95%)         982M (96%)         676M (66%)        1002M (98%)         672M (66%)    
[59.394s][info][gc,heap     ] GC(212)      Live:         -               290M (28%)         290M (28%)         290M (28%)            -                  -          
[59.394s][info][gc,heap     ] GC(212) Allocated:         -               296M (29%)         304M (30%)         319M (31%)            -                  -          
[59.394s][info][gc,heap     ] GC(212)   Garbage:         -               387M (38%)         387M (38%)          66M (6%)             -                  -          
[59.394s][info][gc,heap     ] GC(212) Reclaimed:         -                  -                 0M (0%)          321M (31%)            -                  -          
[59.394s][info][gc          ] GC(212) Garbage Collection (Allocation Rate) 678M(66%)->676M(66%)
[59.407s][info][gc,start    ] GC(213) Garbage Collection (Allocation Rate)
[59.407s][info][gc,task     ] GC(213) Using 10 workers
[59.408s][info][gc,phases   ] GC(213) Pause Mark Start 0.010ms
[59.564s][info][gc,phases   ] GC(213) Concurrent Mark 155.944ms
[59.564s][info][gc,phases   ] GC(213) Pause Mark End 0.018ms
[59.564s][info][gc,phases   ] GC(213) Concurrent Mark Free 0.001ms
[59.566s][info][gc,phases   ] GC(213) Concurrent Process Non-Strong References 1.819ms
[59.566s][info][gc,phases   ] GC(213) Concurrent Reset Relocation Set 0.032ms
[59.581s][info][gc,phases   ] GC(213) Concurrent Select Relocation Set 15.078ms
[59.581s][info][gc,phases   ] GC(213) Pause Relocate Start 0.012ms
[59.596s][info][gc,phases   ] GC(213) Concurrent Relocate 14.834ms
[59.596s][info][gc,load     ] GC(213) Load: 0.00/0.00/0.00
[59.596s][info][gc,mmu      ] GC(213) MMU: 2ms/96.1%, 5ms/98.4%, 10ms/99.2%, 20ms/99.6%, 50ms/99.8%, 100ms/99.9%
[59.596s][info][gc,marking  ] GC(213) Mark: 8 stripe(s), 2 proactive flush(es), 1 terminate flush(es), 0 completion(s), 0 continuation(s) 
[59.596s][info][gc,marking  ] GC(213) Mark Stack Usage: 32M
[59.596s][info][gc,nmethod  ] GC(213) NMethods: 5349 registered, 4277 unregistered
[59.596s][info][gc,metaspace] GC(213) Metaspace: 64M used, 65M committed, 1088M reserved
[59.596s][info][gc,ref      ] GC(213) Soft: 3174 encountered, 0 discovered, 0 enqueued
[59.596s][info][gc,ref      ] GC(213) Weak: 6282 encountered, 618 discovered, 1 enqueued
[59.596s][info][gc,ref      ] GC(213) Final: 62 encountered, 2 discovered, 0 enqueued
[59.596s][info][gc,ref      ] GC(213) Phantom: 621 encountered, 601 discovered, 0 enqueued
[59.596s][info][gc,reloc    ] GC(213) Small Pages: 314 / 628M, Empty: 0M, Relocated: 17M, In-Place: 0
[59.596s][info][gc,reloc    ] GC(213) Medium Pages: 1 / 32M, Empty: 0M, Relocated: 0M, In-Place: 0
[59.596s][info][gc,reloc    ] GC(213) Large Pages: 4 / 40M, Empty: 0M, Relocated: 0M, In-Place: 0
[59.596s][info][gc,reloc    ] GC(213) Forwarding Usage: 15M
[59.596s][info][gc,heap     ] GC(213) Min Capacity: 8M(1%)
[59.596s][info][gc,heap     ] GC(213) Max Capacity: 1024M(100%)
[59.596s][info][gc,heap     ] GC(213) Soft Max Capacity: 1024M(100%)
[59.596s][info][gc,heap     ] GC(213)                Mark Start          Mark End        Relocate Start      Relocate End           High               Low         
[59.596s][info][gc,heap     ] GC(213)  Capacity:     1024M (100%)       1024M (100%)       1024M (100%)       1024M (100%)       1024M (100%)       1024M (100%)   
[59.596s][info][gc,heap     ] GC(213)      Free:      324M (32%)         144M (14%)         136M (13%)         466M (46%)         466M (46%)         116M (11%)    
[59.596s][info][gc,heap     ] GC(213)      Used:      700M (68%)         880M (86%)         888M (87%)         558M (54%)         908M (89%)         558M (54%)    
[59.596s][info][gc,heap     ] GC(213)      Live:         -               297M (29%)         297M (29%)         297M (29%)            -                  -          
[59.596s][info][gc,heap     ] GC(213) Allocated:         -               180M (18%)         188M (18%)         193M (19%)            -                  -          
[59.596s][info][gc,heap     ] GC(213)   Garbage:         -               402M (39%)         402M (39%)          67M (7%)             -                  -          
[59.596s][info][gc,heap     ] GC(213) Reclaimed:         -                  -                 0M (0%)          335M (33%)            -                  -          
[59.596s][info][gc          ] GC(213) Garbage Collection (Allocation Rate) 700M(68%)->558M(54%)
[59.618s][info][gc,start    ] GC(214) Garbage Collection (Allocation Rate)
[59.618s][info][gc,task     ] GC(214) Using 10 workers
[59.618s][info][gc,phases   ] GC(214) Pause Mark Start 0.015ms
[59.790s][info][gc,phases   ] GC(214) Concurrent Mark 171.449ms
[59.790s][info][gc,phases   ] GC(214) Pause Mark End 0.020ms
[59.790s][info][gc,phases   ] GC(214) Concurrent Mark Free 0.001ms
[59.792s][info][gc,phases   ] GC(214) Concurrent Process Non-Strong References 1.813ms
[59.792s][info][gc,phases   ] GC(214) Concurrent Reset Relocation Set 0.027ms
[59.795s][info][gc,phases   ] GC(214) Concurrent Select Relocation Set 3.069ms
[59.795s][info][gc,phases   ] GC(214) Pause Relocate Start 0.010ms
[59.810s][info][gc,phases   ] GC(214) Concurrent Relocate 14.349ms
[59.810s][info][gc,load     ] GC(214) Load: 0.00/0.00/0.00
[59.810s][info][gc,mmu      ] GC(214) MMU: 2ms/96.1%, 5ms/98.4%, 10ms/99.2%, 20ms/99.6%, 50ms/99.8%, 100ms/99.9%
[59.810s][info][gc,marking  ] GC(214) Mark: 8 stripe(s), 2 proactive flush(es), 1 terminate flush(es), 0 completion(s), 0 continuation(s) 
[59.810s][info][gc,marking  ] GC(214) Mark Stack Usage: 32M
[59.810s][info][gc,nmethod  ] GC(214) NMethods: 5349 registered, 4277 unregistered
[59.810s][info][gc,metaspace] GC(214) Metaspace: 64M used, 65M committed, 1088M reserved
[59.810s][info][gc,ref      ] GC(214) Soft: 3174 encountered, 0 discovered, 0 enqueued
[59.810s][info][gc,ref      ] GC(214) Weak: 6281 encountered, 774 discovered, 0 enqueued
[59.810s][info][gc,ref      ] GC(214) Final: 62 encountered, 0 discovered, 0 enqueued
[59.810s][info][gc,ref      ] GC(214) Phantom: 617 encountered, 516 discovered, 0 enqueued
[59.810s][info][gc,reloc    ] GC(214) Small Pages: 227 / 454M, Empty: 0M, Relocated: 15M, In-Place: 0
[59.810s][info][gc,reloc    ] GC(214) Medium Pages: 2 / 64M, Empty: 0M, Relocated: 12M, In-Place: 0
[59.810s][info][gc,reloc    ] GC(214) Large Pages: 4 / 40M, Empty: 0M, Relocated: 0M, In-Place: 0
[59.810s][info][gc,reloc    ] GC(214) Forwarding Usage: 13M
[59.810s][info][gc,heap     ] GC(214) Min Capacity: 8M(1%)
[59.810s][info][gc,heap     ] GC(214) Max Capacity: 1024M(100%)
[59.810s][info][gc,heap     ] GC(214) Soft Max Capacity: 1024M(100%)
[59.810s][info][gc,heap     ] GC(214)                Mark Start          Mark End        Relocate Start      Relocate End           High               Low         
[59.810s][info][gc,heap     ] GC(214)  Capacity:     1024M (100%)       1024M (100%)       1024M (100%)       1024M (100%)       1024M (100%)       1024M (100%)   
[59.810s][info][gc,heap     ] GC(214)      Free:      466M (46%)         432M (42%)         432M (42%)         624M (61%)         624M (61%)         384M (38%)    
[59.810s][info][gc,heap     ] GC(214)      Used:      558M (54%)         592M (58%)         592M (58%)         400M (39%)         640M (63%)         400M (39%)    
[59.810s][info][gc,heap     ] GC(214)      Live:         -               302M (30%)         302M (30%)         302M (30%)            -                  -          
[59.810s][info][gc,heap     ] GC(214) Allocated:         -                34M (3%)           34M (3%)           33M (3%)             -                  -          
[59.810s][info][gc,heap     ] GC(214)   Garbage:         -               255M (25%)         255M (25%)          64M (6%)             -                  -          
[59.810s][info][gc,heap     ] GC(214) Reclaimed:         -                  -                 0M (0%)          191M (19%)            -                  -          
[59.810s][info][gc          ] GC(214) Garbage Collection (Allocation Rate) 558M(54%)->400M(39%)
[59.915s][info][gc,start    ] GC(215) Garbage Collection (Allocation Rate)
[59.915s][info][gc,task     ] GC(215) Using 10 workers
[59.915s][info][gc,phases   ] GC(215) Pause Mark Start 0.012ms
[60.071s][info][gc,phases   ] GC(215) Concurrent Mark 155.986ms
[60.071s][info][gc,phases   ] GC(215) Pause Mark End 0.025ms
[60.071s][info][gc,phases   ] GC(215) Concurrent Mark Free 0.001ms
[60.073s][info][gc,phases   ] GC(215) Concurrent Process Non-Strong References 1.837ms
[60.073s][info][gc,phases   ] GC(215) Concurrent Reset Relocation Set 0.011ms
[60.077s][info][gc,phases   ] GC(215) Concurrent Select Relocation Set 3.530ms
[60.077s][info][gc,phases   ] GC(215) Pause Relocate Start 0.010ms
[60.086s][info][gc,phases   ] GC(215) Concurrent Relocate 8.499ms
[60.086s][info][gc,load     ] GC(215) Load: 0.00/0.00/0.00
[60.086s][info][gc,mmu      ] GC(215) MMU: 2ms/96.1%, 5ms/98.4%, 10ms/99.2%, 20ms/99.6%, 50ms/99.8%, 100ms/99.9%
[60.086s][info][gc,marking  ] GC(215) Mark: 8 stripe(s), 2 proactive flush(es), 1 terminate flush(es), 0 completion(s), 0 continuation(s) 
[60.086s][info][gc,marking  ] GC(215) Mark Stack Usage: 32M
[60.086s][info][gc,nmethod  ] GC(215) NMethods: 5350 registered, 4277 unregistered
[60.086s][info][gc,metaspace] GC(215) Metaspace: 64M used, 65M committed, 1088M reserved
[60.086s][info][gc,ref      ] GC(215) Soft: 3174 encountered, 0 discovered, 0 enqueued
[60.086s][info][gc,ref      ] GC(215) Weak: 6281 encountered, 449 discovered, 0 enqueued
[60.086s][info][gc,ref      ] GC(215) Final: 62 encountered, 2 discovered, 0 enqueued
[60.086s][info][gc,ref      ] GC(215) Phantom: 617 encountered, 467 discovered, 0 enqueued
[60.086s][info][gc,reloc    ] GC(215) Small Pages: 148 / 296M, Empty: 0M, Relocated: 8M, In-Place: 0
[60.086s][info][gc,reloc    ] GC(215) Medium Pages: 2 / 64M, Empty: 0M, Relocated: 19M, In-Place: 0
[60.086s][info][gc,reloc    ] GC(215) Large Pages: 4 / 40M, Empty: 0M, Relocated: 0M, In-Place: 0
[60.086s][info][gc,reloc    ] GC(215) Forwarding Usage: 7M
[60.086s][info][gc,heap     ] GC(215) Min Capacity: 8M(1%)
[60.086s][info][gc,heap     ] GC(215) Max Capacity: 1024M(100%)
[60.086s][info][gc,heap     ] GC(215) Soft Max Capacity: 1024M(100%)
[60.086s][info][gc,heap     ] GC(215)                Mark Start          Mark End        Relocate Start      Relocate End           High               Low         
[60.086s][info][gc,heap     ] GC(215)  Capacity:     1024M (100%)       1024M (100%)       1024M (100%)       1024M (100%)       1024M (100%)       1024M (100%)   
[60.086s][info][gc,heap     ] GC(215)      Free:      624M (61%)         568M (55%)         568M (55%)         600M (59%)         624M (61%)         512M (50%)    
[60.086s][info][gc,heap     ] GC(215)      Used:      400M (39%)         456M (45%)         456M (45%)         424M (41%)         512M (50%)         400M (39%)    
[60.086s][info][gc,heap     ] GC(215)      Live:         -               309M (30%)         309M (30%)         309M (30%)            -                  -          
[60.086s][info][gc,heap     ] GC(215) Allocated:         -                56M (5%)           56M (5%)           57M (6%)             -                  -          
[60.086s][info][gc,heap     ] GC(215)   Garbage:         -                90M (9%)           90M (9%)           56M (6%)             -                  -          
[60.086s][info][gc,heap     ] GC(215) Reclaimed:         -                  -                 0M (0%)           33M (3%)             -                  -          
[60.086s][info][gc          ] GC(215) Garbage Collection (Allocation Rate) 400M(39%)->424M(41%)
[60.118s][info][gc,start    ] GC(216) Garbage Collection (Allocation Rate)
[60.118s][info][gc,stats    ] === Garbage Collection Statistics =======================================================================================================================
[60.118s][info][gc,task     ] GC(216) Using 10 workers
[60.118s][info][gc,stats    ]                                                              Last 10s              Last 10m              Last 10h                Total
[60.118s][info][gc,stats    ]                                                              Avg / Max             Avg / Max             Avg / Max             Avg / Max
[60.118s][info][gc,stats    ]   Collector: Garbage Collection Cycle                    162.381 / 220.401     155.464 / 1546.086    155.464 / 1546.086    155.464 / 1546.086    ms
[60.118s][info][gc,phases   ] GC(216) Pause Mark Start 0.015ms
[60.118s][info][gc,stats    ]  Contention: Mark Segment Reset Contention                    41 / 73               34 / 443              34 / 443              34 / 443         ops/s
[60.118s][info][gc,stats    ]  Contention: Mark SeqNum Reset Contention                      4 / 7                 2 / 7                 2 / 7                 2 / 7           ops/s
[60.118s][info][gc,stats    ]    Critical: Allocation Stall                                  0 / 1                 0 / 10                0 / 10                0 / 10          ops/s
[60.119s][info][gc,stats    ]    Critical: Allocation Stall                             14.760 / 14.760       51.769 / 105.181      51.769 / 105.181      51.769 / 105.181     ms
[60.119s][info][gc,stats    ]    Critical: GC Locker Stall                                   0 / 0                 0 / 1                 0 / 1                 0 / 1           ops/s
[60.119s][info][gc,stats    ]    Critical: GC Locker Stall                               0.000 / 0.000         0.001 / 0.001         0.001 / 0.001         0.001 / 0.001       ms
[60.119s][info][gc,stats    ]    Critical: Relocation Stall                                  0 / 1                 0 / 7                 0 / 7                 0 / 7           ops/s
[60.119s][info][gc,stats    ]    Critical: Relocation Stall                              8.121 / 8.121        10.851 / 15.155       10.851 / 15.155       10.851 / 15.155      ms
[60.119s][info][gc,stats    ]      Memory: Allocation Rate                                1199 / 1962            928 / 2754            928 / 2754            928 / 2754        MB/s
[60.119s][info][gc,stats    ]      Memory: Defragment                                       22 / 86               10 / 110              10 / 110              10 / 110         ops/s
[60.119s][info][gc,stats    ]      Memory: Out Of Memory                                     0 / 0                 0 / 0                 0 / 0                 0 / 0           ops/s
[60.119s][info][gc,stats    ]      Memory: Page Cache Flush                                109 / 262              55 / 262              55 / 262              55 / 262         MB/s
[60.119s][info][gc,stats    ]      Memory: Page Cache Hit L1                               593 / 966             457 / 1477            457 / 1477            457 / 1477        ops/s
[60.119s][info][gc,stats    ]      Memory: Page Cache Hit L2                                 0 / 0                 0 / 0                 0 / 0                 0 / 0           ops/s
[60.119s][info][gc,stats    ]      Memory: Page Cache Hit L3                                20 / 73               18 / 226              18 / 226              18 / 226         ops/s
[60.119s][info][gc,stats    ]      Memory: Page Cache Miss                                   3 / 22                1 / 22                1 / 22                1 / 22          ops/s
[60.119s][info][gc,stats    ]      Memory: Uncommit                                          0 / 0                 0 / 0                 0 / 0                 0 / 0           MB/s
[60.119s][info][gc,stats    ]      Memory: Undo Object Allocation Failed                    19 / 78               12 / 134              12 / 134              12 / 134         ops/s
[60.119s][info][gc,stats    ]      Memory: Undo Object Allocation Succeeded                 28 / 154              14 / 158              14 / 158              14 / 158         ops/s
[60.119s][info][gc,stats    ]      Memory: Undo Page Allocation                             30 / 80               23 / 116              23 / 116              23 / 116         ops/s
[60.119s][info][gc,stats    ]       Phase: Concurrent Mark                             133.901 / 187.176     126.657 / 1535.632    126.657 / 1535.632    126.657 / 1535.632    ms
[60.119s][info][gc,stats    ]       Phase: Concurrent Mark Continue                      0.000 / 0.000         0.000 / 0.000         0.000 / 0.000         0.000 / 0.000       ms
[60.119s][info][gc,stats    ]       Phase: Concurrent Mark Free                          0.001 / 0.002         0.001 / 0.002         0.001 / 0.002         0.001 / 0.002       ms
[60.119s][info][gc,stats    ]       Phase: Concurrent Process Non-Strong References      2.616 / 14.008        3.017 / 18.230        3.017 / 18.230        3.017 / 18.230      ms
[60.119s][info][gc,stats    ]       Phase: Concurrent Relocate                          15.106 / 37.026       13.619 / 82.400       13.619 / 82.400       13.619 / 82.400      ms
[60.119s][info][gc,stats    ]       Phase: Concurrent Reset Relocation Set               0.019 / 0.049         0.017 / 0.053         0.017 / 0.053         0.017 / 0.053       ms
[60.120s][info][gc,stats    ]       Phase: Concurrent Select Relocation Set             10.155 / 32.963       10.014 / 43.730       10.014 / 43.730       10.014 / 43.730      ms
[60.120s][info][gc,stats    ]       Phase: Pause Mark End                                0.025 / 0.051         0.023 / 0.059         0.023 / 0.059         0.023 / 0.059       ms
[60.120s][info][gc,stats    ]       Phase: Pause Mark Start                              0.015 / 0.079         0.015 / 0.079         0.015 / 0.079         0.015 / 0.079       ms
[60.120s][info][gc,stats    ]       Phase: Pause Relocate Start                          0.010 / 0.015         0.010 / 0.019         0.010 / 0.019         0.010 / 0.019       ms
[60.120s][info][gc,stats    ]    Subphase: Concurrent Classes Purge                      0.072 / 0.849         0.130 / 6.129         0.130 / 6.129         0.130 / 6.129       ms
[60.120s][info][gc,stats    ]    Subphase: Concurrent Classes Unlink                     1.975 / 12.520        2.305 / 16.835        2.305 / 16.835        2.305 / 16.835      ms
[60.120s][info][gc,stats    ]    Subphase: Concurrent Mark                             122.999 / 179.163     120.621 / 1532.438    120.621 / 1532.438    120.621 / 1532.438    ms
[60.120s][info][gc,stats    ]    Subphase: Concurrent Mark Try Flush                     0.173 / 6.744         0.118 / 7.750         0.118 / 7.750         0.118 / 7.750       ms
[60.120s][info][gc,stats    ]    Subphase: Concurrent Mark Try Terminate                 8.340 / 16.187        9.579 / 17.022        9.579 / 17.022        9.579 / 17.022      ms
[60.120s][info][gc,stats    ]    Subphase: Concurrent References Enqueue                 0.001 / 0.004         0.001 / 0.015         0.001 / 0.015         0.001 / 0.015       ms
[60.120s][info][gc,stats    ]    Subphase: Concurrent References Process                 0.111 / 0.234         0.129 / 0.389         0.129 / 0.389         0.129 / 0.389       ms
[60.120s][info][gc,stats    ]    Subphase: Concurrent Roots ClassLoaderDataGraph         0.096 / 0.652         0.093 / 0.786         0.093 / 0.786         0.093 / 0.786       ms
[60.120s][info][gc,stats    ]    Subphase: Concurrent Roots CodeCache                    0.000 / 0.000         0.000 / 0.000         0.000 / 0.000         0.000 / 0.000       ms
[60.120s][info][gc,stats    ]    Subphase: Concurrent Roots JavaThreads                  9.910 / 12.055        6.584 / 12.055        6.584 / 12.055        6.584 / 12.055      ms
[60.120s][info][gc,stats    ]    Subphase: Concurrent Roots OopStorageSet                0.031 / 0.057         0.026 / 0.343         0.026 / 0.343         0.026 / 0.343       ms
[60.120s][info][gc,stats    ]    Subphase: Concurrent Weak Roots OopStorageSet           0.220 / 0.454         0.239 / 1.280         0.239 / 1.280         0.239 / 1.280       ms
[60.120s][info][gc,stats    ]    Subphase: Pause Mark Try Complete                       0.000 / 0.000         0.002 / 0.005         0.002 / 0.005         0.002 / 0.005       ms
[60.120s][info][gc,stats    ]      System: Java Threads                                    241 / 247             154 / 247             154 / 247             154 / 247         threads
[60.120s][info][gc,stats    ] =========================================================================================================================================================
[60.267s][info][gc,phases   ] GC(216) Concurrent Mark 148.502ms
[60.267s][info][gc,phases   ] GC(216) Pause Mark End 0.020ms
[60.267s][info][gc,phases   ] GC(216) Concurrent Mark Free 0.001ms
[60.269s][info][gc,phases   ] GC(216) Concurrent Process Non-Strong References 1.728ms
[60.269s][info][gc,phases   ] GC(216) Concurrent Reset Relocation Set 0.002ms
[60.272s][info][gc,phases   ] GC(216) Concurrent Select Relocation Set 3.109ms
[60.272s][info][gc,phases   ] GC(216) Pause Relocate Start 0.007ms
[60.275s][info][gc,phases   ] GC(216) Concurrent Relocate 2.894ms
[60.275s][info][gc,load     ] GC(216) Load: 0.00/0.00/0.00
[60.275s][info][gc,mmu      ] GC(216) MMU: 2ms/96.1%, 5ms/98.4%, 10ms/99.2%, 20ms/99.6%, 50ms/99.8%, 100ms/99.9%
[60.275s][info][gc,marking  ] GC(216) Mark: 8 stripe(s), 4 proactive flush(es), 2 terminate flush(es), 0 completion(s), 0 continuation(s) 
[60.275s][info][gc,marking  ] GC(216) Mark Stack Usage: 32M
[60.275s][info][gc,nmethod  ] GC(216) NMethods: 5359 registered, 4278 unregistered
[60.275s][info][gc,metaspace] GC(216) Metaspace: 64M used, 65M committed, 1088M reserved
[60.275s][info][gc,ref      ] GC(216) Soft: 3170 encountered, 0 discovered, 0 enqueued
[60.275s][info][gc,ref      ] GC(216) Weak: 6275 encountered, 1858 discovered, 0 enqueued
[60.275s][info][gc,ref      ] GC(216) Final: 62 encountered, 4 discovered, 0 enqueued
[60.275s][info][gc,ref      ] GC(216) Phantom: 621 encountered, 372 discovered, 0 enqueued
[60.275s][info][gc,reloc    ] GC(216) Small Pages: 166 / 332M, Empty: 20M, Relocated: 3M, In-Place: 0
[60.275s][info][gc,reloc    ] GC(216) Medium Pages: 2 / 64M, Empty: 32M, Relocated: 0M, In-Place: 0
[60.275s][info][gc,reloc    ] GC(216) Large Pages: 4 / 40M, Empty: 0M, Relocated: 0M, In-Place: 0
[60.275s][info][gc,reloc    ] GC(216) Forwarding Usage: 3M
[60.275s][info][gc,heap     ] GC(216) Min Capacity: 8M(1%)
[60.275s][info][gc,heap     ] GC(216) Max Capacity: 1024M(100%)
[60.275s][info][gc,heap     ] GC(216) Soft Max Capacity: 1024M(100%)
[60.275s][info][gc,heap     ] GC(216)                Mark Start          Mark End        Relocate Start      Relocate End           High               Low         
[60.275s][info][gc,heap     ] GC(216)  Capacity:     1024M (100%)       1024M (100%)       1024M (100%)       1024M (100%)       1024M (100%)       1024M (100%)   
[60.275s][info][gc,heap     ] GC(216)      Free:      588M (57%)         568M (55%)         618M (60%)         624M (61%)         624M (61%)         566M (55%)    
[60.275s][info][gc,heap     ] GC(216)      Used:      436M (43%)         456M (45%)         406M (40%)         400M (39%)         458M (45%)         400M (39%)    
[60.275s][info][gc,heap     ] GC(216)      Live:         -               300M (29%)         300M (29%)         300M (29%)            -                  -          
[60.275s][info][gc,heap     ] GC(216) Allocated:         -                20M (2%)           22M (2%)           21M (2%)             -                  -          
[60.275s][info][gc,heap     ] GC(216)   Garbage:         -               135M (13%)          83M (8%)           77M (8%)             -                  -          
[60.275s][info][gc,heap     ] GC(216) Reclaimed:         -                  -                52M (5%)           57M (6%)             -                  -          
[60.275s][info][gc          ] GC(216) Garbage Collection (Allocation Rate) 436M(43%)->400M(39%)
[60.305s][info][gc,start    ] GC(217) Garbage Collection (Allocation Rate)
[60.305s][info][gc,task     ] GC(217) Using 10 workers
[60.305s][info][gc,phases   ] GC(217) Pause Mark Start 0.013ms
[60.398s][info][gc,phases   ] GC(217) Concurrent Mark 92.788ms
[60.398s][info][gc,phases   ] GC(217) Pause Mark End 0.024ms
[60.398s][info][gc,phases   ] GC(217) Concurrent Mark Free 0.001ms
[60.400s][info][gc,phases   ] GC(217) Concurrent Process Non-Strong References 1.925ms
[60.400s][info][gc,phases   ] GC(217) Concurrent Reset Relocation Set 0.005ms
[60.403s][info][gc,phases   ] GC(217) Concurrent Select Relocation Set 3.277ms
[60.403s][info][gc,phases   ] GC(217) Pause Relocate Start 0.007ms
[60.407s][info][gc,phases   ] GC(217) Concurrent Relocate 3.036ms
[60.407s][info][gc,load     ] GC(217) Load: 0.00/0.00/0.00
[60.407s][info][gc,mmu      ] GC(217) MMU: 2ms/96.1%, 5ms/98.4%, 10ms/99.2%, 20ms/99.6%, 50ms/99.8%, 100ms/99.9%
[60.407s][info][gc,marking  ] GC(217) Mark: 8 stripe(s), 2 proactive flush(es), 1 terminate flush(es), 0 completion(s), 0 continuation(s) 
[60.407s][info][gc,marking  ] GC(217) Mark Stack Usage: 32M
[60.407s][info][gc,nmethod  ] GC(217) NMethods: 5390 registered, 4278 unregistered
[60.407s][info][gc,metaspace] GC(217) Metaspace: 64M used, 65M committed, 1088M reserved
[60.407s][info][gc,ref      ] GC(217) Soft: 3174 encountered, 0 discovered, 0 enqueued
[60.407s][info][gc,ref      ] GC(217) Weak: 6352 encountered, 573 discovered, 13 enqueued
[60.407s][info][gc,ref      ] GC(217) Final: 62 encountered, 0 discovered, 0 enqueued
[60.407s][info][gc,ref      ] GC(217) Phantom: 617 encountered, 597 discovered, 0 enqueued
[60.407s][info][gc,reloc    ] GC(217) Small Pages: 166 / 332M, Empty: 120M, Relocated: 3M, In-Place: 0
[60.407s][info][gc,reloc    ] GC(217) Medium Pages: 1 / 32M, Empty: 0M, Relocated: 0M, In-Place: 0
[60.407s][info][gc,reloc    ] GC(217) Large Pages: 5 / 46M, Empty: 46M, Relocated: 0M, In-Place: 0
[60.407s][info][gc,reloc    ] GC(217) Forwarding Usage: 1M
[60.407s][info][gc,heap     ] GC(217) Min Capacity: 8M(1%)
[60.407s][info][gc,heap     ] GC(217) Max Capacity: 1024M(100%)
[60.407s][info][gc,heap     ] GC(217) Soft Max Capacity: 1024M(100%)
[60.407s][info][gc,heap     ] GC(217)                Mark Start          Mark End        Relocate Start      Relocate End           High               Low         
[60.407s][info][gc,heap     ] GC(217)  Capacity:     1024M (100%)       1024M (100%)       1024M (100%)       1024M (100%)       1024M (100%)       1024M (100%)   
[60.407s][info][gc,heap     ] GC(217)      Free:      614M (60%)         466M (46%)         624M (61%)         652M (64%)         652M (64%)         464M (45%)    
[60.407s][info][gc,heap     ] GC(217)      Used:      410M (40%)         558M (54%)         400M (39%)         372M (36%)         560M (55%)         372M (36%)    
[60.407s][info][gc,heap     ] GC(217)      Live:         -               165M (16%)         165M (16%)         165M (16%)            -                  -          
[60.407s][info][gc,heap     ] GC(217) Allocated:         -               148M (14%)         156M (15%)         157M (15%)            -                  -          
[60.407s][info][gc,heap     ] GC(217)   Garbage:         -               244M (24%)          78M (8%)           48M (5%)             -                  -          
[60.407s][info][gc,heap     ] GC(217) Reclaimed:         -                  -               166M (16%)         195M (19%)            -                  -          
[60.407s][info][gc          ] GC(217) Garbage Collection (Allocation Rate) 410M(40%)->372M(36%)
[60.413s][info][gc,start    ] GC(218) Garbage Collection (Allocation Rate)
[60.413s][info][gc,task     ] GC(218) Using 10 workers
[60.414s][info][gc,phases   ] GC(218) Pause Mark Start 0.008ms
[60.507s][info][gc,phases   ] GC(218) Concurrent Mark 93.525ms
[60.507s][info][gc,phases   ] GC(218) Pause Mark End 0.024ms
[60.507s][info][gc,phases   ] GC(218) Concurrent Mark Free 0.001ms
[60.509s][info][gc,phases   ] GC(218) Concurrent Process Non-Strong References 1.537ms
[60.509s][info][gc,phases   ] GC(218) Concurrent Reset Relocation Set 0.002ms
[60.516s][info][gc,phases   ] GC(218) Concurrent Select Relocation Set 7.331ms
[60.516s][info][gc,phases   ] GC(218) Pause Relocate Start 0.009ms
[60.530s][info][gc,phases   ] GC(218) Concurrent Relocate 13.136ms
[60.530s][info][gc,load     ] GC(218) Load: 0.00/0.00/0.00
[60.530s][info][gc,mmu      ] GC(218) MMU: 2ms/96.1%, 5ms/98.4%, 10ms/99.2%, 20ms/99.6%, 50ms/99.8%, 100ms/99.9%
[60.530s][info][gc,marking  ] GC(218) Mark: 8 stripe(s), 2 proactive flush(es), 1 terminate flush(es), 0 completion(s), 0 continuation(s) 
[60.530s][info][gc,marking  ] GC(218) Mark Stack Usage: 32M
[60.530s][info][gc,nmethod  ] GC(218) NMethods: 5389 registered, 4279 unregistered
[60.530s][info][gc,metaspace] GC(218) Metaspace: 64M used, 65M committed, 1088M reserved
[60.530s][info][gc,ref      ] GC(218) Soft: 3174 encountered, 0 discovered, 0 enqueued
[60.530s][info][gc,ref      ] GC(218) Weak: 6472 encountered, 1139 discovered, 135 enqueued
[60.530s][info][gc,ref      ] GC(218) Final: 62 encountered, 6 discovered, 0 enqueued
[60.530s][info][gc,ref      ] GC(218) Phantom: 621 encountered, 239 discovered, 0 enqueued
[60.530s][info][gc,reloc    ] GC(218) Small Pages: 151 / 302M, Empty: 0M, Relocated: 17M, In-Place: 0
[60.530s][info][gc,reloc    ] GC(218) Medium Pages: 2 / 64M, Empty: 0M, Relocated: 14M, In-Place: 0
[60.530s][info][gc,reloc    ] GC(218) Large Pages: 3 / 18M, Empty: 0M, Relocated: 0M, In-Place: 0
[60.530s][info][gc,reloc    ] GC(218) Forwarding Usage: 17M
[60.530s][info][gc,heap     ] GC(218) Min Capacity: 8M(1%)
[60.530s][info][gc,heap     ] GC(218) Max Capacity: 1024M(100%)
[60.530s][info][gc,heap     ] GC(218) Soft Max Capacity: 1024M(100%)
[60.530s][info][gc,heap     ] GC(218)                Mark Start          Mark End        Relocate Start      Relocate End           High               Low         
[60.530s][info][gc,heap     ] GC(218)  Capacity:     1024M (100%)       1024M (100%)       1024M (100%)       1024M (100%)       1024M (100%)       1024M (100%)   
[60.530s][info][gc,heap     ] GC(218)      Free:      640M (63%)         580M (57%)         574M (56%)         718M (70%)         718M (70%)         526M (51%)    
[60.530s][info][gc,heap     ] GC(218)      Used:      384M (38%)         444M (43%)         450M (44%)         306M (30%)         498M (49%)         306M (30%)    
[60.530s][info][gc,heap     ] GC(218)      Live:         -               203M (20%)         203M (20%)         203M (20%)            -                  -          
[60.530s][info][gc,heap     ] GC(218) Allocated:         -                60M (6%)           66M (6%)           67M (7%)             -                  -          
[60.530s][info][gc,heap     ] GC(218)   Garbage:         -               180M (18%)         180M (18%)          34M (3%)             -                  -          
[60.530s][info][gc,heap     ] GC(218) Reclaimed:         -                  -                 0M (0%)          145M (14%)            -                  -          
[60.530s][info][gc          ] GC(218) Garbage Collection (Allocation Rate) 384M(38%)->306M(30%)
[60.617s][info][gc,start    ] GC(219) Garbage Collection (Allocation Rate)
[60.617s][info][gc,task     ] GC(219) Using 10 workers
[60.617s][info][gc,phases   ] GC(219) Pause Mark Start 0.015ms
[60.715s][info][gc,phases   ] GC(219) Concurrent Mark 98.322ms
[60.754s][info][gc,phases   ] GC(219) Pause Mark End 0.052ms
[60.754s][info][gc,phases   ] GC(219) Concurrent Mark Free 0.002ms
[60.757s][info][gc,phases   ] GC(219) Concurrent Process Non-Strong References 2.386ms
[60.757s][info][gc,phases   ] GC(219) Concurrent Reset Relocation Set 0.014ms
[60.781s][info][gc,phases   ] GC(219) Concurrent Select Relocation Set 24.658ms
[60.782s][info][gc,phases   ] GC(219) Pause Relocate Start 0.012ms
[60.805s][info][gc,phases   ] GC(219) Concurrent Relocate 22.804ms
[60.805s][info][gc,load     ] GC(219) Load: 0.00/0.00/0.00
[60.805s][info][gc,mmu      ] GC(219) MMU: 2ms/96.1%, 5ms/98.4%, 10ms/99.2%, 20ms/99.6%, 50ms/99.8%, 100ms/99.9%
[60.805s][info][gc,marking  ] GC(219) Mark: 8 stripe(s), 2 proactive flush(es), 1 terminate flush(es), 0 completion(s), 0 continuation(s) 
[60.805s][info][gc,marking  ] GC(219) Mark Stack Usage: 32M
[60.805s][info][gc,nmethod  ] GC(219) NMethods: 5436 registered, 4279 unregistered
[60.805s][info][gc,metaspace] GC(219) Metaspace: 64M used, 65M committed, 1088M reserved
[60.805s][info][gc,ref      ] GC(219) Soft: 3176 encountered, 0 discovered, 0 enqueued
[60.805s][info][gc,ref      ] GC(219) Weak: 6331 encountered, 740 discovered, 0 enqueued
[60.805s][info][gc,ref      ] GC(219) Final: 62 encountered, 2 discovered, 0 enqueued
[60.805s][info][gc,ref      ] GC(219) Phantom: 617 encountered, 580 discovered, 0 enqueued
[60.805s][info][gc,reloc    ] GC(219) Small Pages: 147 / 294M, Empty: 0M, Relocated: 26M, In-Place: 0
[60.805s][info][gc,reloc    ] GC(219) Medium Pages: 1 / 32M, Empty: 0M, Relocated: 0M, In-Place: 0
[60.805s][info][gc,reloc    ] GC(219) Large Pages: 4 / 24M, Empty: 0M, Relocated: 0M, In-Place: 0
[60.805s][info][gc,reloc    ] GC(219) Forwarding Usage: 24M
[60.805s][info][gc,heap     ] GC(219) Min Capacity: 8M(1%)
[60.805s][info][gc,heap     ] GC(219) Max Capacity: 1024M(100%)
[60.805s][info][gc,heap     ] GC(219) Soft Max Capacity: 1024M(100%)
[60.805s][info][gc,heap     ] GC(219)                Mark Start          Mark End        Relocate Start      Relocate End           High               Low         
[60.805s][info][gc,heap     ] GC(219)  Capacity:     1024M (100%)       1024M (100%)       1024M (100%)       1024M (100%)       1024M (100%)       1024M (100%)   
[60.805s][info][gc,heap     ] GC(219)      Free:      674M (66%)         482M (47%)         446M (44%)         526M (51%)         674M (66%)         426M (42%)    
[60.805s][info][gc,heap     ] GC(219)      Used:      350M (34%)         542M (53%)         578M (56%)         498M (49%)         598M (58%)         350M (34%)    
[60.805s][info][gc,heap     ] GC(219)      Live:         -               213M (21%)         213M (21%)         213M (21%)            -                  -          
[60.805s][info][gc,heap     ] GC(219) Allocated:         -               192M (19%)         228M (22%)         241M (24%)            -                  -          
[60.805s][info][gc,heap     ] GC(219)   Garbage:         -               136M (13%)         136M (13%)          42M (4%)             -                  -          
[60.805s][info][gc,heap     ] GC(219) Reclaimed:         -                  -                 0M (0%)           93M (9%)             -                  -          
[60.805s][info][gc          ] GC(219) Garbage Collection (Allocation Rate) 350M(34%)->498M(49%)
[60.915s][info][gc,start    ] GC(220) Garbage Collection (Allocation Rate)
[60.916s][info][gc,task     ] GC(220) Using 10 workers
[60.916s][info][gc,phases   ] GC(220) Pause Mark Start 0.018ms
[61.020s][info][gc,phases   ] GC(220) Concurrent Mark 104.011ms
[61.020s][info][gc,phases   ] GC(220) Pause Mark End 0.025ms
[61.020s][info][gc,phases   ] GC(220) Concurrent Mark Free 0.001ms
[61.031s][info][gc,phases   ] GC(220) Concurrent Process Non-Strong References 11.181ms
[61.031s][info][gc,phases   ] GC(220) Concurrent Reset Relocation Set 0.012ms
[61.056s][info][gc,phases   ] GC(220) Concurrent Select Relocation Set 24.839ms
[61.056s][info][gc,phases   ] GC(220) Pause Relocate Start 0.009ms
[61.075s][info][gc,phases   ] GC(220) Concurrent Relocate 18.710ms
[61.075s][info][gc,load     ] GC(220) Load: 0.00/0.00/0.00
[61.075s][info][gc,mmu      ] GC(220) MMU: 2ms/96.1%, 5ms/98.4%, 10ms/99.2%, 20ms/99.6%, 50ms/99.8%, 100ms/99.9%
[61.075s][info][gc,marking  ] GC(220) Mark: 8 stripe(s), 2 proactive flush(es), 1 terminate flush(es), 0 completion(s), 0 continuation(s) 
[61.075s][info][gc,marking  ] GC(220) Mark Stack Usage: 32M
[61.075s][info][gc,nmethod  ] GC(220) NMethods: 5506 registered, 4285 unregistered
[61.075s][info][gc,metaspace] GC(220) Metaspace: 64M used, 65M committed, 1088M reserved
[61.075s][info][gc,ref      ] GC(220) Soft: 3217 encountered, 0 discovered, 0 enqueued
[61.075s][info][gc,ref      ] GC(220) Weak: 6611 encountered, 1119 discovered, 162 enqueued
[61.075s][info][gc,ref      ] GC(220) Final: 62 encountered, 3 discovered, 0 enqueued
[61.075s][info][gc,ref      ] GC(220) Phantom: 617 encountered, 413 discovered, 0 enqueued
[61.075s][info][gc,reloc    ] GC(220) Small Pages: 249 / 498M, Empty: 56M, Relocated: 27M, In-Place: 0
[61.075s][info][gc,reloc    ] GC(220) Medium Pages: 2 / 64M, Empty: 32M, Relocated: 0M, In-Place: 0
[61.075s][info][gc,reloc    ] GC(220) Large Pages: 9 / 54M, Empty: 30M, Relocated: 0M, In-Place: 0
[61.075s][info][gc,reloc    ] GC(220) Forwarding Usage: 28M
[61.075s][info][gc,heap     ] GC(220) Min Capacity: 8M(1%)
[61.075s][info][gc,heap     ] GC(220) Max Capacity: 1024M(100%)
[61.075s][info][gc,heap     ] GC(220) Soft Max Capacity: 1024M(100%)
[61.075s][info][gc,heap     ] GC(220)                Mark Start          Mark End        Relocate Start      Relocate End           High               Low         
[61.075s][info][gc,heap     ] GC(220)  Capacity:     1024M (100%)       1024M (100%)       1024M (100%)       1024M (100%)       1024M (100%)       1024M (100%)   
[61.075s][info][gc,heap     ] GC(220)      Free:      408M (40%)         250M (24%)         312M (30%)         532M (52%)         536M (52%)         220M (21%)    
[61.075s][info][gc,heap     ] GC(220)      Used:      616M (60%)         774M (76%)         712M (70%)         492M (48%)         804M (79%)         488M (48%)    
[61.076s][info][gc,heap     ] GC(220)      Live:         -               213M (21%)         213M (21%)         213M (21%)            -                  -          
[61.076s][info][gc,heap     ] GC(220) Allocated:         -               158M (15%)         214M (21%)         235M (23%)            -                  -          
[61.076s][info][gc,heap     ] GC(220)   Garbage:         -               402M (39%)         284M (28%)          42M (4%)             -                  -          
[61.076s][info][gc,heap     ] GC(220) Reclaimed:         -                  -               118M (12%)         359M (35%)            -                  -          
[61.076s][info][gc          ] GC(220) Garbage Collection (Allocation Rate) 616M(60%)->492M(48%)
[61.114s][info][gc,start    ] GC(221) Garbage Collection (Allocation Rate)
[61.114s][info][gc,task     ] GC(221) Using 10 workers
[61.114s][info][gc,phases   ] GC(221) Pause Mark Start 0.012ms
[61.207s][info][gc,phases   ] GC(221) Concurrent Mark 93.345ms
[61.207s][info][gc,phases   ] GC(221) Pause Mark End 0.024ms
[61.207s][info][gc,phases   ] GC(221) Concurrent Mark Free 0.001ms
[61.209s][info][gc,phases   ] GC(221) Concurrent Process Non-Strong References 1.701ms
[61.209s][info][gc,phases   ] GC(221) Concurrent Reset Relocation Set 0.022ms
[61.213s][info][gc,phases   ] GC(221) Concurrent Select Relocation Set 3.610ms
[61.213s][info][gc,phases   ] GC(221) Pause Relocate Start 0.010ms
[61.226s][info][gc,phases   ] GC(221) Concurrent Relocate 12.681ms
[61.226s][info][gc,load     ] GC(221) Load: 0.00/0.00/0.00
[61.226s][info][gc,mmu      ] GC(221) MMU: 2ms/96.1%, 5ms/98.4%, 10ms/99.2%, 20ms/99.6%, 50ms/99.8%, 100ms/99.9%
[61.226s][info][gc,marking  ] GC(221) Mark: 8 stripe(s), 2 proactive flush(es), 1 terminate flush(es), 0 completion(s), 0 continuation(s) 
[61.226s][info][gc,marking  ] GC(221) Mark Stack Usage: 32M
[61.226s][info][gc,nmethod  ] GC(221) NMethods: 5505 registered, 4291 unregistered
[61.226s][info][gc,metaspace] GC(221) Metaspace: 64M used, 65M committed, 1088M reserved
[61.226s][info][gc,ref      ] GC(221) Soft: 3226 encountered, 0 discovered, 0 enqueued
[61.226s][info][gc,ref      ] GC(221) Weak: 6527 encountered, 1377 discovered, 218 enqueued
[61.226s][info][gc,ref      ] GC(221) Final: 62 encountered, 2 discovered, 0 enqueued
[61.226s][info][gc,ref      ] GC(221) Phantom: 619 encountered, 289 discovered, 0 enqueued
[61.226s][info][gc,reloc    ] GC(221) Small Pages: 210 / 420M, Empty: 70M, Relocated: 22M, In-Place: 0
[61.226s][info][gc,reloc    ] GC(221) Medium Pages: 2 / 64M, Empty: 32M, Relocated: 0M, In-Place: 0
[61.226s][info][gc,reloc    ] GC(221) Large Pages: 9 / 54M, Empty: 30M, Relocated: 0M, In-Place: 0
[61.226s][info][gc,reloc    ] GC(221) Forwarding Usage: 21M
[61.226s][info][gc,heap     ] GC(221) Min Capacity: 8M(1%)
[61.226s][info][gc,heap     ] GC(221) Max Capacity: 1024M(100%)
[61.226s][info][gc,heap     ] GC(221) Soft Max Capacity: 1024M(100%)
[61.226s][info][gc,heap     ] GC(221)                Mark Start          Mark End        Relocate Start      Relocate End           High               Low         
[61.226s][info][gc,heap     ] GC(221)  Capacity:     1024M (100%)       1024M (100%)       1024M (100%)       1024M (100%)       1024M (100%)       1024M (100%)   
[61.226s][info][gc,heap     ] GC(221)      Free:      486M (47%)         420M (41%)         544M (53%)         694M (68%)         694M (68%)         414M (40%)    
[61.226s][info][gc,heap     ] GC(221)      Used:      538M (53%)         604M (59%)         480M (47%)         330M (32%)         610M (60%)         330M (32%)    
[61.226s][info][gc,heap     ] GC(221)      Live:         -               208M (20%)         208M (20%)         208M (20%)            -                  -          
[61.226s][info][gc,heap     ] GC(221) Allocated:         -                66M (6%)           74M (7%)           81M (8%)             -                  -          
[61.226s][info][gc,heap     ] GC(221)   Garbage:         -               329M (32%)         197M (19%)          39M (4%)             -                  -          
[61.226s][info][gc,heap     ] GC(221) Reclaimed:         -                  -               132M (13%)         289M (28%)            -                  -          
[61.226s][info][gc          ] GC(221) Garbage Collection (Allocation Rate) 538M(53%)->330M(32%)
[61.317s][info][gc,start    ] GC(222) Garbage Collection (Allocation Rate)
[61.317s][info][gc,task     ] GC(222) Using 10 workers
[61.317s][info][gc,phases   ] GC(222) Pause Mark Start 0.017ms
[61.439s][info][gc,phases   ] GC(222) Concurrent Mark 121.692ms
[61.439s][info][gc,phases   ] GC(222) Pause Mark End 0.019ms
[61.439s][info][gc,phases   ] GC(222) Concurrent Mark Free 0.001ms
[61.441s][info][gc,phases   ] GC(222) Concurrent Process Non-Strong References 1.890ms
[61.441s][info][gc,phases   ] GC(222) Concurrent Reset Relocation Set 0.021ms
[61.444s][info][gc,phases   ] GC(222) Concurrent Select Relocation Set 2.892ms
[61.444s][info][gc,phases   ] GC(222) Pause Relocate Start 0.007ms
[61.457s][info][gc,phases   ] GC(222) Concurrent Relocate 13.241ms
[61.457s][info][gc,load     ] GC(222) Load: 0.00/0.00/0.00
[61.457s][info][gc,mmu      ] GC(222) MMU: 2ms/96.1%, 5ms/98.4%, 10ms/99.2%, 20ms/99.6%, 50ms/99.8%, 100ms/99.9%
[61.457s][info][gc,marking  ] GC(222) Mark: 8 stripe(s), 2 proactive flush(es), 1 terminate flush(es), 0 completion(s), 0 continuation(s) 
[61.457s][info][gc,marking  ] GC(222) Mark Stack Usage: 32M
[61.457s][info][gc,nmethod  ] GC(222) NMethods: 5521 registered, 4291 unregistered
[61.457s][info][gc,metaspace] GC(222) Metaspace: 64M used, 65M committed, 1088M reserved
[61.457s][info][gc,ref      ] GC(222) Soft: 3230 encountered, 0 discovered, 0 enqueued
[61.457s][info][gc,ref      ] GC(222) Weak: 6316 encountered, 431 discovered, 2 enqueued
[61.457s][info][gc,ref      ] GC(222) Final: 62 encountered, 0 discovered, 0 enqueued
[61.457s][info][gc,ref      ] GC(222) Phantom: 633 encountered, 378 discovered, 0 enqueued
[61.457s][info][gc,reloc    ] GC(222) Small Pages: 172 / 344M, Empty: 48M, Relocated: 22M, In-Place: 0
[61.457s][info][gc,reloc    ] GC(222) Medium Pages: 1 / 32M, Empty: 0M, Relocated: 0M, In-Place: 0
[61.457s][info][gc,reloc    ] GC(222) Large Pages: 4 / 24M, Empty: 0M, Relocated: 0M, In-Place: 0
[61.457s][info][gc,reloc    ] GC(222) Forwarding Usage: 20M
[61.457s][info][gc,heap     ] GC(222) Min Capacity: 8M(1%)
[61.457s][info][gc,heap     ] GC(222) Max Capacity: 1024M(100%)
[61.457s][info][gc,heap     ] GC(222) Soft Max Capacity: 1024M(100%)
[61.457s][info][gc,heap     ] GC(222)                Mark Start          Mark End        Relocate Start      Relocate End           High               Low         
[61.457s][info][gc,heap     ] GC(222)  Capacity:     1024M (100%)       1024M (100%)       1024M (100%)       1024M (100%)       1024M (100%)       1024M (100%)   
[61.457s][info][gc,heap     ] GC(222)      Free:      624M (61%)         540M (53%)         586M (57%)         678M (66%)         678M (66%)         538M (53%)    
[61.457s][info][gc,heap     ] GC(222)      Used:      400M (39%)         484M (47%)         438M (43%)         346M (34%)         486M (47%)         346M (34%)    
[61.457s][info][gc,heap     ] GC(222)      Live:         -               214M (21%)         214M (21%)         214M (21%)            -                  -          
[61.457s][info][gc,heap     ] GC(222) Allocated:         -                84M (8%)           86M (8%)           87M (9%)             -                  -          
[61.457s][info][gc,heap     ] GC(222)   Garbage:         -               185M (18%)         137M (13%)          44M (4%)             -                  -          
[61.457s][info][gc,heap     ] GC(222) Reclaimed:         -                  -                48M (5%)          141M (14%)            -                  -          
[61.457s][info][gc          ] GC(222) Garbage Collection (Allocation Rate) 400M(39%)->346M(34%)
[61.503s][info][gc,start    ] GC(223) Garbage Collection (Allocation Rate)
[61.503s][info][gc,task     ] GC(223) Using 10 workers
[61.503s][info][gc,phases   ] GC(223) Pause Mark Start 0.016ms
[61.587s][info][gc,phases   ] GC(223) Concurrent Mark 83.137ms
[61.587s][info][gc,phases   ] GC(223) Pause Mark End 0.028ms
[61.587s][info][gc,phases   ] GC(223) Concurrent Mark Free 0.001ms
[61.589s][info][gc,phases   ] GC(223) Concurrent Process Non-Strong References 1.861ms
[61.589s][info][gc,phases   ] GC(223) Concurrent Reset Relocation Set 0.013ms
[61.593s][info][gc,phases   ] GC(223) Concurrent Select Relocation Set 4.644ms
[61.594s][info][gc,phases   ] GC(223) Pause Relocate Start 0.007ms
[61.596s][info][gc,phases   ] GC(223) Concurrent Relocate 2.322ms
[61.596s][info][gc,load     ] GC(223) Load: 0.00/0.00/0.00
[61.596s][info][gc,mmu      ] GC(223) MMU: 2ms/96.1%, 5ms/98.4%, 10ms/99.2%, 20ms/99.6%, 50ms/99.8%, 100ms/99.9%
[61.596s][info][gc,marking  ] GC(223) Mark: 8 stripe(s), 2 proactive flush(es), 1 terminate flush(es), 0 completion(s), 0 continuation(s) 
[61.596s][info][gc,marking  ] GC(223) Mark Stack Usage: 32M
[61.596s][info][gc,nmethod  ] GC(223) NMethods: 5542 registered, 4291 unregistered
[61.596s][info][gc,metaspace] GC(223) Metaspace: 64M used, 65M committed, 1088M reserved
[61.596s][info][gc,ref      ] GC(223) Soft: 3230 encountered, 0 discovered, 0 enqueued
[61.596s][info][gc,ref      ] GC(223) Weak: 6315 encountered, 747 discovered, 3 enqueued
[61.596s][info][gc,ref      ] GC(223) Final: 62 encountered, 0 discovered, 0 enqueued
[61.596s][info][gc,ref      ] GC(223) Phantom: 618 encountered, 547 discovered, 0 enqueued
[61.596s][info][gc,reloc    ] GC(223) Small Pages: 145 / 290M, Empty: 82M, Relocated: 5M, In-Place: 0
[61.596s][info][gc,reloc    ] GC(223) Medium Pages: 1 / 32M, Empty: 0M, Relocated: 0M, In-Place: 0
[61.596s][info][gc,reloc    ] GC(223) Large Pages: 4 / 24M, Empty: 24M, Relocated: 0M, In-Place: 0
[61.596s][info][gc,reloc    ] GC(223) Forwarding Usage: 2M
[61.596s][info][gc,heap     ] GC(223) Min Capacity: 8M(1%)
[61.596s][info][gc,heap     ] GC(223) Max Capacity: 1024M(100%)
[61.596s][info][gc,heap     ] GC(223) Soft Max Capacity: 1024M(100%)
[61.596s][info][gc,heap     ] GC(223)                Mark Start          Mark End        Relocate Start      Relocate End           High               Low         
[61.596s][info][gc,heap     ] GC(223)  Capacity:     1024M (100%)       1024M (100%)       1024M (100%)       1024M (100%)       1024M (100%)       1024M (100%)   
[61.596s][info][gc,heap     ] GC(223)      Free:      678M (66%)         632M (62%)         728M (71%)         750M (73%)         750M (73%)         626M (61%)    
[61.596s][info][gc,heap     ] GC(223)      Used:      346M (34%)         392M (38%)         296M (29%)         274M (27%)         398M (39%)         274M (27%)    
[61.596s][info][gc,heap     ] GC(223)      Live:         -               166M (16%)         166M (16%)         166M (16%)            -                  -          
[61.596s][info][gc,heap     ] GC(223) Allocated:         -                46M (4%)           56M (5%)           61M (6%)             -                  -          
[61.596s][info][gc,heap     ] GC(223)   Garbage:         -               179M (18%)          73M (7%)           45M (4%)             -                  -          
[61.596s][info][gc,heap     ] GC(223) Reclaimed:         -                  -               106M (10%)         133M (13%)            -                  -          
[61.596s][info][gc          ] GC(223) Garbage Collection (Allocation Rate) 346M(34%)->274M(27%)
[61.712s][info][gc,start    ] GC(224) Garbage Collection (Allocation Rate)
[61.712s][info][gc,task     ] GC(224) Using 10 workers
[61.712s][info][gc,phases   ] GC(224) Pause Mark Start 0.011ms
[61.805s][info][gc,phases   ] GC(224) Concurrent Mark 93.364ms
[61.805s][info][gc,phases   ] GC(224) Pause Mark End 0.018ms
[61.806s][info][gc,phases   ] GC(224) Concurrent Mark Free 0.001ms
[61.807s][info][gc,phases   ] GC(224) Concurrent Process Non-Strong References 1.618ms
[61.807s][info][gc,phases   ] GC(224) Concurrent Reset Relocation Set 0.002ms
[61.818s][info][gc,phases   ] GC(224) Concurrent Select Relocation Set 10.749ms
[61.818s][info][gc,phases   ] GC(224) Pause Relocate Start 0.010ms
[61.836s][info][gc,phases   ] GC(224) Concurrent Relocate 17.931ms
[61.836s][info][gc,load     ] GC(224) Load: 0.00/0.00/0.00
[61.836s][info][gc,mmu      ] GC(224) MMU: 2ms/96.1%, 5ms/98.4%, 10ms/99.2%, 20ms/99.6%, 50ms/99.8%, 100ms/99.9%
[61.836s][info][gc,marking  ] GC(224) Mark: 8 stripe(s), 2 proactive flush(es), 1 terminate flush(es), 0 completion(s), 0 continuation(s) 
[61.836s][info][gc,marking  ] GC(224) Mark Stack Usage: 32M
[61.836s][info][gc,nmethod  ] GC(224) NMethods: 5541 registered, 4297 unregistered
[61.836s][info][gc,metaspace] GC(224) Metaspace: 64M used, 65M committed, 1088M reserved
[61.836s][info][gc,ref      ] GC(224) Soft: 3226 encountered, 0 discovered, 0 enqueued
[61.836s][info][gc,ref      ] GC(224) Weak: 6385 encountered, 782 discovered, 22 enqueued
[61.836s][info][gc,ref      ] GC(224) Final: 62 encountered, 3 discovered, 0 enqueued
[61.836s][info][gc,ref      ] GC(224) Phantom: 618 encountered, 355 discovered, 0 enqueued
[61.836s][info][gc,reloc    ] GC(224) Small Pages: 268 / 536M, Empty: 0M, Relocated: 31M, In-Place: 0
[61.836s][info][gc,reloc    ] GC(224) Medium Pages: 2 / 64M, Empty: 0M, Relocated: 14M, In-Place: 0
[61.836s][info][gc,reloc    ] GC(224) Large Pages: 1 / 6M, Empty: 6M, Relocated: 0M, In-Place: 0
[61.836s][info][gc,reloc    ] GC(224) Forwarding Usage: 28M
[61.836s][info][gc,heap     ] GC(224) Min Capacity: 8M(1%)
[61.836s][info][gc,heap     ] GC(224) Max Capacity: 1024M(100%)
[61.836s][info][gc,heap     ] GC(224) Soft Max Capacity: 1024M(100%)
[61.836s][info][gc,heap     ] GC(224)                Mark Start          Mark End        Relocate Start      Relocate End           High               Low         
[61.836s][info][gc,heap     ] GC(224)  Capacity:     1024M (100%)       1024M (100%)       1024M (100%)       1024M (100%)       1024M (100%)       1024M (100%)   
[61.836s][info][gc,heap     ] GC(224)      Free:      418M (41%)         166M (16%)         162M (16%)         488M (48%)         488M (48%)         114M (11%)    
[61.836s][info][gc,heap     ] GC(224)      Used:      606M (59%)         858M (84%)         862M (84%)         536M (52%)         910M (89%)         536M (52%)    
[61.836s][info][gc,heap     ] GC(224)      Live:         -               198M (19%)         198M (19%)         198M (19%)            -                  -          
[61.836s][info][gc,heap     ] GC(224) Allocated:         -               252M (25%)         262M (26%)         297M (29%)            -                  -          
[61.836s][info][gc,heap     ] GC(224)   Garbage:         -               407M (40%)         401M (39%)          39M (4%)             -                  -          
[61.836s][info][gc,heap     ] GC(224) Reclaimed:         -                  -                 6M (1%)          367M (36%)            -                  -          
[61.836s][info][gc          ] GC(224) Garbage Collection (Allocation Rate) 606M(59%)->536M(52%)
[61.915s][info][gc,start    ] GC(225) Garbage Collection (Allocation Rate)
[61.915s][info][gc,task     ] GC(225) Using 10 workers
[61.915s][info][gc,phases   ] GC(225) Pause Mark Start 0.013ms
[62.040s][info][gc,phases   ] GC(225) Concurrent Mark 124.652ms
[62.040s][info][gc,phases   ] GC(225) Pause Mark End 0.026ms
[62.040s][info][gc,phases   ] GC(225) Concurrent Mark Free 0.001ms
[62.042s][info][gc,phases   ] GC(225) Concurrent Process Non-Strong References 1.645ms
[62.042s][info][gc,phases   ] GC(225) Concurrent Reset Relocation Set 0.028ms
[62.072s][info][gc,phases   ] GC(225) Concurrent Select Relocation Set 30.603ms
[62.073s][info][gc,phases   ] GC(225) Pause Relocate Start 0.008ms
[62.105s][info][gc,phases   ] GC(225) Concurrent Relocate 32.204ms
[62.105s][info][gc,load     ] GC(225) Load: 0.00/0.00/0.00
[62.105s][info][gc,mmu      ] GC(225) MMU: 2ms/96.1%, 5ms/98.4%, 10ms/99.2%, 20ms/99.6%, 50ms/99.8%, 100ms/99.9%
[62.105s][info][gc,marking  ] GC(225) Mark: 8 stripe(s), 2 proactive flush(es), 1 terminate flush(es), 0 completion(s), 0 continuation(s) 
[62.105s][info][gc,marking  ] GC(225) Mark Stack Usage: 32M
[62.105s][info][gc,nmethod  ] GC(225) NMethods: 5546 registered, 4297 unregistered
[62.105s][info][gc,metaspace] GC(225) Metaspace: 64M used, 65M committed, 1088M reserved
[62.105s][info][gc,ref      ] GC(225) Soft: 3226 encountered, 0 discovered, 0 enqueued
[62.105s][info][gc,ref      ] GC(225) Weak: 6367 encountered, 383 discovered, 2 enqueued
[62.105s][info][gc,ref      ] GC(225) Final: 62 encountered, 1 discovered, 0 enqueued
[62.105s][info][gc,ref      ] GC(225) Phantom: 617 encountered, 393 discovered, 0 enqueued
[62.105s][info][gc,reloc    ] GC(225) Small Pages: 293 / 586M, Empty: 0M, Relocated: 48M, In-Place: 0
[62.105s][info][gc,reloc    ] GC(225) Medium Pages: 2 / 64M, Empty: 0M, Relocated: 11M, In-Place: 0
[62.105s][info][gc,reloc    ] GC(225) Large Pages: 4 / 24M, Empty: 0M, Relocated: 0M, In-Place: 0
[62.105s][info][gc,reloc    ] GC(225) Forwarding Usage: 45M
[62.105s][info][gc,heap     ] GC(225) Min Capacity: 8M(1%)
[62.105s][info][gc,heap     ] GC(225) Max Capacity: 1024M(100%)
[62.105s][info][gc,heap     ] GC(225) Soft Max Capacity: 1024M(100%)
[62.105s][info][gc,heap     ] GC(225)                Mark Start          Mark End        Relocate Start      Relocate End           High               Low         
[62.105s][info][gc,heap     ] GC(225)  Capacity:     1024M (100%)       1024M (100%)       1024M (100%)       1024M (100%)       1024M (100%)       1024M (100%)   
[62.105s][info][gc,heap     ] GC(225)      Free:      350M (34%)         314M (31%)         308M (30%)         678M (66%)         678M (66%)         260M (25%)    
[62.105s][info][gc,heap     ] GC(225)      Used:      674M (66%)         710M (69%)         716M (70%)         346M (34%)         764M (75%)         346M (34%)    
[62.105s][info][gc,heap     ] GC(225)      Live:         -               264M (26%)         264M (26%)         264M (26%)            -                  -          
[62.105s][info][gc,heap     ] GC(225) Allocated:         -                36M (4%)           42M (4%)           43M (4%)             -                  -          
[62.105s][info][gc,heap     ] GC(225)   Garbage:         -               409M (40%)         409M (40%)          37M (4%)             -                  -          
[62.105s][info][gc,heap     ] GC(225) Reclaimed:         -                  -                 0M (0%)          371M (36%)            -                  -          
[62.105s][info][gc          ] GC(225) Garbage Collection (Allocation Rate) 674M(66%)->346M(34%)
[62.212s][info][gc,start    ] GC(226) Garbage Collection (Allocation Rate)
[62.212s][info][gc,task     ] GC(226) Using 10 workers
[62.212s][info][gc,phases   ] GC(226) Pause Mark Start 0.016ms
[62.342s][info][gc,phases   ] GC(226) Concurrent Mark 129.741ms
[62.342s][info][gc,phases   ] GC(226) Pause Mark End 0.032ms
[62.342s][info][gc,phases   ] GC(226) Concurrent Mark Free 0.001ms
[62.344s][info][gc,phases   ] GC(226) Concurrent Process Non-Strong References 1.853ms
[62.344s][info][gc,phases   ] GC(226) Concurrent Reset Relocation Set 0.037ms
[62.350s][info][gc,phases   ] GC(226) Concurrent Select Relocation Set 6.323ms
[62.351s][info][gc,phases   ] GC(226) Pause Relocate Start 0.010ms
[62.367s][info][gc,phases   ] GC(226) Concurrent Relocate 16.534ms
[62.367s][info][gc,load     ] GC(226) Load: 0.00/0.00/0.00
[62.367s][info][gc,mmu      ] GC(226) MMU: 2ms/96.1%, 5ms/98.4%, 10ms/99.2%, 20ms/99.6%, 50ms/99.8%, 100ms/99.9%
[62.367s][info][gc,marking  ] GC(226) Mark: 8 stripe(s), 2 proactive flush(es), 1 terminate flush(es), 0 completion(s), 0 continuation(s) 
[62.367s][info][gc,marking  ] GC(226) Mark Stack Usage: 32M
[62.367s][info][gc,nmethod  ] GC(226) NMethods: 5560 registered, 4300 unregistered
[62.367s][info][gc,metaspace] GC(226) Metaspace: 64M used, 65M committed, 1088M reserved
[62.367s][info][gc,ref      ] GC(226) Soft: 3228 encountered, 0 discovered, 0 enqueued
[62.367s][info][gc,ref      ] GC(226) Weak: 6359 encountered, 1801 discovered, 0 enqueued
[62.367s][info][gc,ref      ] GC(226) Final: 62 encountered, 1 discovered, 0 enqueued
[62.367s][info][gc,ref      ] GC(226) Phantom: 617 encountered, 579 discovered, 0 enqueued
[62.367s][info][gc,reloc    ] GC(226) Small Pages: 146 / 292M, Empty: 30M, Relocated: 15M, In-Place: 0
[62.367s][info][gc,reloc    ] GC(226) Medium Pages: 3 / 96M, Empty: 0M, Relocated: 22M, In-Place: 0
[62.367s][info][gc,reloc    ] GC(226) Large Pages: 5 / 30M, Empty: 18M, Relocated: 0M, In-Place: 0
[62.367s][info][gc,reloc    ] GC(226) Forwarding Usage: 13M
[62.367s][info][gc,heap     ] GC(226) Min Capacity: 8M(1%)
[62.367s][info][gc,heap     ] GC(226) Max Capacity: 1024M(100%)
[62.367s][info][gc,heap     ] GC(226) Soft Max Capacity: 1024M(100%)
[62.367s][info][gc,heap     ] GC(226)                Mark Start          Mark End        Relocate Start      Relocate End           High               Low         
[62.367s][info][gc,heap     ] GC(226)  Capacity:     1024M (100%)       1024M (100%)       1024M (100%)       1024M (100%)       1024M (100%)       1024M (100%)   
[62.367s][info][gc,heap     ] GC(226)      Free:      606M (59%)         486M (47%)         522M (51%)         596M (58%)         606M (59%)         476M (46%)    
[62.367s][info][gc,heap     ] GC(226)      Used:      418M (41%)         538M (53%)         502M (49%)         428M (42%)         548M (54%)         418M (41%)    
[62.367s][info][gc,heap     ] GC(226)      Live:         -               240M (24%)         240M (24%)         240M (24%)            -                  -          
[62.367s][info][gc,heap     ] GC(226) Allocated:         -               120M (12%)         132M (13%)         140M (14%)            -                  -          
[62.367s][info][gc,heap     ] GC(226)   Garbage:         -               177M (17%)         129M (13%)          46M (5%)             -                  -          
[62.367s][info][gc,heap     ] GC(226) Reclaimed:         -                  -                48M (5%)          130M (13%)            -                  -          
[62.367s][info][gc          ] GC(226) Garbage Collection (Allocation Rate) 418M(41%)->428M(42%)
[62.405s][info][gc,start    ] GC(227) Garbage Collection (Allocation Rate)
[62.405s][info][gc,task     ] GC(227) Using 10 workers
[62.405s][info][gc,phases   ] GC(227) Pause Mark Start 0.015ms
[62.528s][info][gc,phases   ] GC(227) Concurrent Mark 122.863ms
[62.528s][info][gc,phases   ] GC(227) Pause Mark End 0.032ms
[62.528s][info][gc,phases   ] GC(227) Concurrent Mark Free 0.001ms
[62.530s][info][gc,phases   ] GC(227) Concurrent Process Non-Strong References 1.761ms
[62.530s][info][gc,phases   ] GC(227) Concurrent Reset Relocation Set 0.005ms
[62.554s][info][gc,phases   ] GC(227) Concurrent Select Relocation Set 24.072ms
[62.554s][info][gc,phases   ] GC(227) Pause Relocate Start 0.009ms
[62.579s][info][gc,phases   ] GC(227) Concurrent Relocate 25.069ms
[62.579s][info][gc,load     ] GC(227) Load: 0.00/0.00/0.00
[62.579s][info][gc,mmu      ] GC(227) MMU: 2ms/96.1%, 5ms/98.4%, 10ms/99.2%, 20ms/99.6%, 50ms/99.8%, 100ms/99.9%
[62.579s][info][gc,marking  ] GC(227) Mark: 8 stripe(s), 2 proactive flush(es), 1 terminate flush(es), 0 completion(s), 0 continuation(s) 
[62.579s][info][gc,marking  ] GC(227) Mark Stack Usage: 32M
[62.579s][info][gc,nmethod  ] GC(227) NMethods: 5579 registered, 4305 unregistered
[62.579s][info][gc,metaspace] GC(227) Metaspace: 64M used, 65M committed, 1088M reserved
[62.579s][info][gc,ref      ] GC(227) Soft: 3235 encountered, 0 discovered, 0 enqueued
[62.579s][info][gc,ref      ] GC(227) Weak: 6372 encountered, 1388 discovered, 3 enqueued
[62.579s][info][gc,ref      ] GC(227) Final: 62 encountered, 3 discovered, 0 enqueued
[62.579s][info][gc,ref      ] GC(227) Phantom: 617 encountered, 309 discovered, 0 enqueued
[62.579s][info][gc,reloc    ] GC(227) Small Pages: 148 / 296M, Empty: 6M, Relocated: 33M, In-Place: 0
[62.579s][info][gc,reloc    ] GC(227) Medium Pages: 3 / 96M, Empty: 0M, Relocated: 16M, In-Place: 0
[62.579s][info][gc,reloc    ] GC(227) Large Pages: 12 / 76M, Empty: 34M, Relocated: 0M, In-Place: 0
[62.580s][info][gc,reloc    ] GC(227) Forwarding Usage: 34M
[62.580s][info][gc,heap     ] GC(227) Min Capacity: 8M(1%)
[62.580s][info][gc,heap     ] GC(227) Max Capacity: 1024M(100%)
[62.580s][info][gc,heap     ] GC(227) Soft Max Capacity: 1024M(100%)
[62.580s][info][gc,heap     ] GC(227)                Mark Start          Mark End        Relocate Start      Relocate End           High               Low         
[62.580s][info][gc,heap     ] GC(227)  Capacity:     1024M (100%)       1024M (100%)       1024M (100%)       1024M (100%)       1024M (100%)       1024M (100%)   
[62.580s][info][gc,heap     ] GC(227)      Free:      556M (54%)         304M (30%)         244M (24%)         310M (30%)         556M (54%)         196M (19%)    
[62.580s][info][gc,heap     ] GC(227)      Used:      468M (46%)         720M (70%)         780M (76%)         714M (70%)         828M (81%)         468M (46%)    
[62.580s][info][gc,heap     ] GC(227)      Live:         -               267M (26%)         267M (26%)         267M (26%)            -                  -          
[62.580s][info][gc,heap     ] GC(227) Allocated:         -               252M (25%)         352M (34%)         395M (39%)            -                  -          
[62.580s][info][gc,heap     ] GC(227)   Garbage:         -               200M (20%)         160M (16%)          51M (5%)             -                  -          
[62.580s][info][gc,heap     ] GC(227) Reclaimed:         -                  -                40M (4%)          149M (15%)            -                  -          
[62.580s][info][gc          ] GC(227) Garbage Collection (Allocation Rate) 468M(46%)->714M(70%)
[62.603s][info][gc,start    ] GC(228) Garbage Collection (Allocation Rate)
[62.603s][info][gc,task     ] GC(228) Using 10 workers
[62.603s][info][gc,phases   ] GC(228) Pause Mark Start 0.013ms
[62.703s][info][gc,phases   ] GC(228) Concurrent Mark 99.876ms
[62.703s][info][gc,phases   ] GC(228) Pause Mark End 0.026ms
[62.703s][info][gc,phases   ] GC(228) Concurrent Mark Free 0.001ms
[62.705s][info][gc,phases   ] GC(228) Concurrent Process Non-Strong References 2.123ms
[62.705s][info][gc,phases   ] GC(228) Concurrent Reset Relocation Set 0.014ms
[62.744s][info][gc,phases   ] GC(228) Concurrent Select Relocation Set 38.572ms
[62.744s][info][gc,phases   ] GC(228) Pause Relocate Start 0.016ms
[62.772s][info][gc,phases   ] GC(228) Concurrent Relocate 28.011ms
[62.772s][info][gc,load     ] GC(228) Load: 0.00/0.00/0.00
[62.772s][info][gc,mmu      ] GC(228) MMU: 2ms/96.1%, 5ms/98.4%, 10ms/99.2%, 20ms/99.6%, 50ms/99.8%, 100ms/99.9%
[62.772s][info][gc,marking  ] GC(228) Mark: 8 stripe(s), 2 proactive flush(es), 1 terminate flush(es), 0 completion(s), 0 continuation(s) 
[62.772s][info][gc,marking  ] GC(228) Mark Stack Usage: 32M
[62.772s][info][gc,nmethod  ] GC(228) NMethods: 5586 registered, 4312 unregistered
[62.772s][info][gc,metaspace] GC(228) Metaspace: 64M used, 65M committed, 1088M reserved
[62.772s][info][gc,ref      ] GC(228) Soft: 3232 encountered, 0 discovered, 0 enqueued
[62.773s][info][gc,ref      ] GC(228) Weak: 6392 encountered, 1741 discovered, 7 enqueued
[62.773s][info][gc,ref      ] GC(228) Final: 62 encountered, 4 discovered, 0 enqueued
[62.773s][info][gc,ref      ] GC(228) Phantom: 617 encountered, 603 discovered, 0 enqueued
[62.773s][info][gc,reloc    ] GC(228) Small Pages: 226 / 452M, Empty: 6M, Relocated: 36M, In-Place: 0
[62.773s][info][gc,reloc    ] GC(228) Medium Pages: 4 / 128M, Empty: 0M, Relocated: 23M, In-Place: 0
[62.773s][info][gc,reloc    ] GC(228) Large Pages: 30 / 200M, Empty: 160M, Relocated: 0M, In-Place: 0
[62.773s][info][gc,reloc    ] GC(228) Forwarding Usage: 34M
[62.773s][info][gc,heap     ] GC(228) Min Capacity: 8M(1%)
[62.773s][info][gc,heap     ] GC(228) Max Capacity: 1024M(100%)
[62.773s][info][gc,heap     ] GC(228) Soft Max Capacity: 1024M(100%)
[62.773s][info][gc,heap     ] GC(228)                Mark Start          Mark End        Relocate Start      Relocate End           High               Low         
[62.773s][info][gc,heap     ] GC(228)  Capacity:     1024M (100%)       1024M (100%)       1024M (100%)       1024M (100%)       1024M (100%)       1024M (100%)   
[62.773s][info][gc,heap     ] GC(228)      Free:      244M (24%)          88M (9%)          220M (21%)         490M (48%)         490M (48%)          86M (8%)     
[62.773s][info][gc,heap     ] GC(228)      Used:      780M (76%)         936M (91%)         804M (79%)         534M (52%)         938M (92%)         534M (52%)    
[62.773s][info][gc,heap     ] GC(228)      Live:         -               250M (24%)         250M (24%)         250M (24%)            -                  -          
[62.773s][info][gc,heap     ] GC(228) Allocated:         -               156M (15%)         190M (19%)         255M (25%)            -                  -          
[62.773s][info][gc,heap     ] GC(228)   Garbage:         -               529M (52%)         363M (35%)          27M (3%)             -                  -          
[62.773s][info][gc,heap     ] GC(228) Reclaimed:         -                  -               166M (16%)         501M (49%)            -                  -          
[62.773s][info][gc          ] GC(228) Garbage Collection (Allocation Rate) 780M(76%)->534M(52%)
[62.812s][info][gc,start    ] GC(229) Garbage Collection (Allocation Rate)
[62.812s][info][gc,task     ] GC(229) Using 10 workers
[62.812s][info][gc,phases   ] GC(229) Pause Mark Start 0.013ms
[62.921s][info][gc,phases   ] GC(229) Concurrent Mark 108.945ms
[62.922s][info][gc,phases   ] GC(229) Pause Mark End 0.025ms
[62.922s][info][gc,phases   ] GC(229) Concurrent Mark Free 0.001ms
[62.924s][info][gc,phases   ] GC(229) Concurrent Process Non-Strong References 1.838ms
[62.924s][info][gc,phases   ] GC(229) Concurrent Reset Relocation Set 0.037ms
[62.932s][info][gc,phases   ] GC(229) Concurrent Select Relocation Set 7.845ms
[62.932s][info][gc,phases   ] GC(229) Pause Relocate Start 0.009ms
[62.943s][info][gc,phases   ] GC(229) Concurrent Relocate 11.319ms
[62.943s][info][gc,load     ] GC(229) Load: 0.00/0.00/0.00
[62.943s][info][gc,mmu      ] GC(229) MMU: 2ms/96.1%, 5ms/98.4%, 10ms/99.2%, 20ms/99.6%, 50ms/99.8%, 100ms/99.9%
[62.943s][info][gc,marking  ] GC(229) Mark: 8 stripe(s), 2 proactive flush(es), 1 terminate flush(es), 0 completion(s), 0 continuation(s) 
[62.943s][info][gc,marking  ] GC(229) Mark Stack Usage: 32M
[62.943s][info][gc,nmethod  ] GC(229) NMethods: 5589 registered, 4314 unregistered
[62.943s][info][gc,metaspace] GC(229) Metaspace: 64M used, 65M committed, 1088M reserved
[62.943s][info][gc,ref      ] GC(229) Soft: 3232 encountered, 0 discovered, 0 enqueued
[62.943s][info][gc,ref      ] GC(229) Weak: 6390 encountered, 862 discovered, 102 enqueued
[62.943s][info][gc,ref      ] GC(229) Final: 62 encountered, 30 discovered, 0 enqueued
[62.943s][info][gc,ref      ] GC(229) Phantom: 617 encountered, 474 discovered, 0 enqueued
[62.943s][info][gc,reloc    ] GC(229) Small Pages: 244 / 488M, Empty: 170M, Relocated: 17M, In-Place: 0
[62.943s][info][gc,reloc    ] GC(229) Medium Pages: 2 / 64M, Empty: 32M, Relocated: 0M, In-Place: 0
[62.943s][info][gc,reloc    ] GC(229) Large Pages: 13 / 82M, Empty: 64M, Relocated: 0M, In-Place: 0
[62.943s][info][gc,reloc    ] GC(229) Forwarding Usage: 16M
[62.943s][info][gc,heap     ] GC(229) Min Capacity: 8M(1%)
[62.943s][info][gc,heap     ] GC(229) Max Capacity: 1024M(100%)
[62.944s][info][gc,heap     ] GC(229) Soft Max Capacity: 1024M(100%)
[62.944s][info][gc,heap     ] GC(229)                Mark Start          Mark End        Relocate Start      Relocate End           High               Low         
[62.944s][info][gc,heap     ] GC(229)  Capacity:     1024M (100%)       1024M (100%)       1024M (100%)       1024M (100%)       1024M (100%)       1024M (100%)   
[62.944s][info][gc,heap     ] GC(229)      Free:      390M (38%)         190M (19%)         432M (42%)         496M (48%)         496M (48%)         188M (18%)    
[62.944s][info][gc,heap     ] GC(229)      Used:      634M (62%)         834M (81%)         592M (58%)         528M (52%)         836M (82%)         528M (52%)    
[62.944s][info][gc,heap     ] GC(229)      Live:         -               247M (24%)         247M (24%)         247M (24%)            -                  -          
[62.944s][info][gc,heap     ] GC(229) Allocated:         -               200M (20%)         224M (22%)         238M (23%)            -                  -          
[62.944s][info][gc,heap     ] GC(229)   Garbage:         -               386M (38%)         120M (12%)          41M (4%)             -                  -          
[62.944s][info][gc,heap     ] GC(229) Reclaimed:         -                  -               266M (26%)         344M (34%)            -                  -          
[62.944s][info][gc          ] GC(229) Garbage Collection (Allocation Rate) 634M(62%)->528M(52%)
[63.015s][info][gc,start    ] GC(230) Garbage Collection (Allocation Rate)
[63.015s][info][gc,task     ] GC(230) Using 10 workers
[63.015s][info][gc,phases   ] GC(230) Pause Mark Start 0.015ms
[63.140s][info][gc,phases   ] GC(230) Concurrent Mark 124.631ms
[63.140s][info][gc,phases   ] GC(230) Pause Mark End 0.020ms
[63.140s][info][gc,phases   ] GC(230) Concurrent Mark Free 0.001ms
[63.142s][info][gc,phases   ] GC(230) Concurrent Process Non-Strong References 2.008ms
[63.143s][info][gc,phases   ] GC(230) Concurrent Reset Relocation Set 0.013ms
[63.150s][info][gc,phases   ] GC(230) Concurrent Select Relocation Set 7.198ms
[63.150s][info][gc,phases   ] GC(230) Pause Relocate Start 0.010ms
[63.154s][info][gc,phases   ] GC(230) Concurrent Relocate 3.718ms
[63.154s][info][gc,load     ] GC(230) Load: 0.00/0.00/0.00
[63.154s][info][gc,mmu      ] GC(230) MMU: 2ms/96.1%, 5ms/98.4%, 10ms/99.2%, 20ms/99.6%, 50ms/99.8%, 100ms/99.9%
[63.154s][info][gc,marking  ] GC(230) Mark: 8 stripe(s), 4 proactive flush(es), 1 terminate flush(es), 0 completion(s), 0 continuation(s) 
[63.154s][info][gc,marking  ] GC(230) Mark Stack Usage: 32M
[63.154s][info][gc,nmethod  ] GC(230) NMethods: 5589 registered, 4315 unregistered
[63.154s][info][gc,metaspace] GC(230) Metaspace: 64M used, 65M committed, 1088M reserved
[63.154s][info][gc,ref      ] GC(230) Soft: 3232 encountered, 0 discovered, 0 enqueued
[63.154s][info][gc,ref      ] GC(230) Weak: 6300 encountered, 634 discovered, 2 enqueued
[63.154s][info][gc,ref      ] GC(230) Final: 62 encountered, 3 discovered, 0 enqueued
[63.154s][info][gc,ref      ] GC(230) Phantom: 617 encountered, 340 discovered, 0 enqueued
[63.154s][info][gc,reloc    ] GC(230) Small Pages: 290 / 580M, Empty: 260M, Relocated: 3M, In-Place: 0
[63.154s][info][gc,reloc    ] GC(230) Medium Pages: 1 / 32M, Empty: 0M, Relocated: 0M, In-Place: 0
[63.154s][info][gc,reloc    ] GC(230) Large Pages: 4 / 24M, Empty: 12M, Relocated: 0M, In-Place: 0
[63.154s][info][gc,reloc    ] GC(230) Forwarding Usage: 2M
[63.154s][info][gc,heap     ] GC(230) Min Capacity: 8M(1%)
[63.154s][info][gc,heap     ] GC(230) Max Capacity: 1024M(100%)
[63.154s][info][gc,heap     ] GC(230) Soft Max Capacity: 1024M(100%)
[63.154s][info][gc,heap     ] GC(230)                Mark Start          Mark End        Relocate Start      Relocate End           High               Low         
[63.154s][info][gc,heap     ] GC(230)  Capacity:     1024M (100%)       1024M (100%)       1024M (100%)       1024M (100%)       1024M (100%)       1024M (100%)   
[63.154s][info][gc,heap     ] GC(230)      Free:      388M (38%)         256M (25%)         528M (52%)         548M (54%)         548M (54%)         256M (25%)    
[63.154s][info][gc,heap     ] GC(230)      Used:      636M (62%)         768M (75%)         496M (48%)         476M (46%)         768M (75%)         476M (46%)    
[63.154s][info][gc,heap     ] GC(230)      Live:         -               291M (28%)         291M (28%)         291M (28%)            -                  -          
[63.154s][info][gc,heap     ] GC(230) Allocated:         -               132M (13%)         132M (13%)         132M (13%)            -                  -          
[63.154s][info][gc,heap     ] GC(230)   Garbage:         -               344M (34%)          72M (7%)           52M (5%)             -                  -          
[63.154s][info][gc,heap     ] GC(230) Reclaimed:         -                  -               272M (27%)         292M (29%)            -                  -          
[63.155s][info][gc          ] GC(230) Garbage Collection (Allocation Rate) 636M(62%)->476M(46%)
[63.155s][info][gc,start    ] GC(231) Garbage Collection (System.gc())
[63.155s][info][gc,task     ] GC(231) Using 10 workers
[63.155s][info][gc,phases   ] GC(231) Pause Mark Start 0.008ms
[63.226s][info][gc,phases   ] GC(231) Concurrent Mark 71.100ms
[63.226s][info][gc,phases   ] GC(231) Pause Mark End 0.019ms
[63.226s][info][gc,phases   ] GC(231) Concurrent Mark Free 0.001ms
[63.228s][info][gc,phases   ] GC(231) Concurrent Process Non-Strong References 1.646ms
[63.228s][info][gc,phases   ] GC(231) Concurrent Reset Relocation Set 0.002ms
[63.230s][info][gc,phases   ] GC(231) Concurrent Select Relocation Set 2.530ms
[63.230s][info][gc,phases   ] GC(231) Pause Relocate Start 0.007ms
[63.231s][info][gc,phases   ] GC(231) Concurrent Relocate 0.640ms
[63.231s][info][gc,load     ] GC(231) Load: 0.00/0.00/0.00
[63.231s][info][gc,mmu      ] GC(231) MMU: 2ms/96.1%, 5ms/98.4%, 10ms/99.2%, 20ms/99.6%, 50ms/99.8%, 100ms/99.9%
[63.231s][info][gc,marking  ] GC(231) Mark: 8 stripe(s), 1 proactive flush(es), 1 terminate flush(es), 0 completion(s), 0 continuation(s) 
[63.231s][info][gc,marking  ] GC(231) Mark Stack Usage: 32M
[63.231s][info][gc,nmethod  ] GC(231) NMethods: 5594 registered, 4315 unregistered
[63.231s][info][gc,metaspace] GC(231) Metaspace: 64M used, 65M committed, 1088M reserved
[63.231s][info][gc,ref      ] GC(231) Soft: 3232 encountered, 0 discovered, 0 enqueued
[63.231s][info][gc,ref      ] GC(231) Weak: 6298 encountered, 477 discovered, 2 enqueued
[63.231s][info][gc,ref      ] GC(231) Final: 62 encountered, 3 discovered, 0 enqueued
[63.231s][info][gc,ref      ] GC(231) Phantom: 617 encountered, 546 discovered, 0 enqueued
[63.231s][info][gc,reloc    ] GC(231) Small Pages: 216 / 432M, Empty: 212M, Relocated: 2M, In-Place: 0
[63.231s][info][gc,reloc    ] GC(231) Medium Pages: 1 / 32M, Empty: 0M, Relocated: 0M, In-Place: 0
[63.231s][info][gc,reloc    ] GC(231) Large Pages: 2 / 12M, Empty: 12M, Relocated: 0M, In-Place: 0
[63.231s][info][gc,reloc    ] GC(231) Forwarding Usage: 1M
[63.231s][info][gc,heap     ] GC(231) Min Capacity: 8M(1%)
[63.231s][info][gc,heap     ] GC(231) Max Capacity: 1024M(100%)
[63.231s][info][gc,heap     ] GC(231) Soft Max Capacity: 1024M(100%)
[63.231s][info][gc,heap     ] GC(231)                Mark Start          Mark End        Relocate Start      Relocate End           High               Low         
[63.231s][info][gc,heap     ] GC(231)  Capacity:     1024M (100%)       1024M (100%)       1024M (100%)       1024M (100%)       1024M (100%)       1024M (100%)   
[63.231s][info][gc,heap     ] GC(231)      Free:      548M (54%)         548M (54%)         770M (75%)         808M (79%)         808M (79%)         546M (53%)    
[63.231s][info][gc,heap     ] GC(231)      Used:      476M (46%)         476M (46%)         254M (25%)         216M (21%)         478M (47%)         216M (21%)    
[63.231s][info][gc,heap     ] GC(231)      Live:         -               165M (16%)         165M (16%)         165M (16%)            -                  -          
[63.231s][info][gc,heap     ] GC(231) Allocated:         -                 0M (0%)            2M (0%)            1M (0%)             -                  -          
[63.231s][info][gc,heap     ] GC(231)   Garbage:         -               310M (30%)          86M (8%)           48M (5%)             -                  -          
[63.231s][info][gc,heap     ] GC(231) Reclaimed:         -                  -               224M (22%)         261M (26%)            -                  -          
[63.231s][info][gc          ] GC(231) Garbage Collection (System.gc()) 476M(46%)->216M(21%)
[63.413s][info][gc,start    ] GC(232) Garbage Collection (Allocation Rate)
[63.413s][info][gc,task     ] GC(232) Using 10 workers
[63.413s][info][gc,phases   ] GC(232) Pause Mark Start 0.012ms
[63.538s][info][gc,phases   ] GC(232) Concurrent Mark 124.546ms
[63.538s][info][gc,phases   ] GC(232) Pause Mark End 0.033ms
[63.538s][info][gc,phases   ] GC(232) Concurrent Mark Free 0.002ms
[63.541s][info][gc,phases   ] GC(232) Concurrent Process Non-Strong References 2.379ms
[63.541s][info][gc,phases   ] GC(232) Concurrent Reset Relocation Set 0.007ms
[63.560s][info][gc,phases   ] GC(232) Concurrent Select Relocation Set 19.078ms
[63.560s][info][gc,phases   ] GC(232) Pause Relocate Start 0.011ms
[63.590s][info][gc,phases   ] GC(232) Concurrent Relocate 29.434ms
[63.590s][info][gc,load     ] GC(232) Load: 0.00/0.00/0.00
[63.590s][info][gc,mmu      ] GC(232) MMU: 2ms/96.1%, 5ms/98.4%, 10ms/99.2%, 20ms/99.6%, 50ms/99.8%, 100ms/99.9%
[63.590s][info][gc,marking  ] GC(232) Mark: 8 stripe(s), 2 proactive flush(es), 1 terminate flush(es), 0 completion(s), 0 continuation(s) 
[63.590s][info][gc,marking  ] GC(232) Mark Stack Usage: 32M
[63.590s][info][gc,nmethod  ] GC(232) NMethods: 5644 registered, 4323 unregistered
[63.590s][info][gc,metaspace] GC(232) Metaspace: 64M used, 65M committed, 1088M reserved
[63.590s][info][gc,ref      ] GC(232) Soft: 3236 encountered, 0 discovered, 0 enqueued
[63.590s][info][gc,ref      ] GC(232) Weak: 6381 encountered, 1616 discovered, 28 enqueued
[63.590s][info][gc,ref      ] GC(232) Final: 62 encountered, 3 discovered, 0 enqueued
[63.590s][info][gc,ref      ] GC(232) Phantom: 617 encountered, 585 discovered, 0 enqueued
[63.590s][info][gc,reloc    ] GC(232) Small Pages: 236 / 472M, Empty: 0M, Relocated: 80M, In-Place: 0
[63.590s][info][gc,reloc    ] GC(232) Medium Pages: 2 / 64M, Empty: 32M, Relocated: 0M, In-Place: 0
[63.590s][info][gc,reloc    ] GC(232) Large Pages: 5 / 30M, Empty: 6M, Relocated: 0M, In-Place: 0
[63.590s][info][gc,reloc    ] GC(232) Forwarding Usage: 39M
[63.590s][info][gc,heap     ] GC(232) Min Capacity: 8M(1%)
[63.590s][info][gc,heap     ] GC(232) Max Capacity: 1024M(100%)
[63.590s][info][gc,heap     ] GC(232) Soft Max Capacity: 1024M(100%)
[63.590s][info][gc,heap     ] GC(232)                Mark Start          Mark End        Relocate Start      Relocate End           High               Low         
[63.590s][info][gc,heap     ] GC(232)  Capacity:     1024M (100%)       1024M (100%)       1024M (100%)       1024M (100%)       1024M (100%)       1024M (100%)   
[63.590s][info][gc,heap     ] GC(232)      Free:      458M (45%)         272M (27%)         268M (26%)         444M (43%)         458M (45%)         250M (24%)    
[63.590s][info][gc,heap     ] GC(232)      Used:      566M (55%)         752M (73%)         756M (74%)         580M (57%)         774M (76%)         566M (55%)    
[63.590s][info][gc,heap     ] GC(232)      Live:         -               271M (26%)         271M (26%)         271M (26%)            -                  -          
[63.591s][info][gc,heap     ] GC(232) Allocated:         -               186M (18%)         228M (22%)         265M (26%)            -                  -          
[63.591s][info][gc,heap     ] GC(232)   Garbage:         -               294M (29%)         256M (25%)          42M (4%)             -                  -          
[63.591s][info][gc,heap     ] GC(232) Reclaimed:         -                  -                38M (4%)          251M (25%)            -                  -          
[63.591s][info][gc          ] GC(232) Garbage Collection (Allocation Rate) 566M(55%)->580M(57%)
[63.616s][info][gc,start    ] GC(233) Garbage Collection (Allocation Rate)
[63.616s][info][gc,task     ] GC(233) Using 10 workers
[63.616s][info][gc,phases   ] GC(233) Pause Mark Start 0.017ms
[63.788s][info][gc,phases   ] GC(233) Concurrent Mark 171.470ms
[63.788s][info][gc,phases   ] GC(233) Pause Mark End 0.034ms
[63.788s][info][gc,phases   ] GC(233) Concurrent Mark Free 0.001ms
[63.791s][info][gc,phases   ] GC(233) Concurrent Process Non-Strong References 2.418ms
[63.791s][info][gc,phases   ] GC(233) Concurrent Reset Relocation Set 0.028ms
[63.796s][info][gc,phases   ] GC(233) Concurrent Select Relocation Set 4.740ms
[63.796s][info][gc,phases   ] GC(233) Pause Relocate Start 0.011ms
[63.818s][info][gc,phases   ] GC(233) Concurrent Relocate 22.610ms
[63.818s][info][gc,load     ] GC(233) Load: 0.00/0.00/0.00
[63.819s][info][gc,mmu      ] GC(233) MMU: 2ms/96.1%, 5ms/98.4%, 10ms/99.2%, 20ms/99.6%, 50ms/99.8%, 100ms/99.9%
[63.819s][info][gc,marking  ] GC(233) Mark: 8 stripe(s), 3 proactive flush(es), 1 terminate flush(es), 0 completion(s), 0 continuation(s) 
[63.819s][info][gc,marking  ] GC(233) Mark Stack Usage: 32M
[63.819s][info][gc,nmethod  ] GC(233) NMethods: 5644 registered, 4323 unregistered
[63.819s][info][gc,metaspace] GC(233) Metaspace: 64M used, 65M committed, 1088M reserved
[63.819s][info][gc,ref      ] GC(233) Soft: 3236 encountered, 0 discovered, 0 enqueued
[63.819s][info][gc,ref      ] GC(233) Weak: 6353 encountered, 1959 discovered, 0 enqueued
[63.819s][info][gc,ref      ] GC(233) Final: 62 encountered, 7 discovered, 0 enqueued
[63.819s][info][gc,ref      ] GC(233) Phantom: 621 encountered, 593 discovered, 0 enqueued
[63.819s][info][gc,reloc    ] GC(233) Small Pages: 259 / 518M, Empty: 0M, Relocated: 36M, In-Place: 0
[63.819s][info][gc,reloc    ] GC(233) Medium Pages: 2 / 64M, Empty: 0M, Relocated: 18M, In-Place: 0
[63.819s][info][gc,reloc    ] GC(233) Large Pages: 4 / 24M, Empty: 0M, Relocated: 0M, In-Place: 0
[63.819s][info][gc,reloc    ] GC(233) Forwarding Usage: 33M
[63.819s][info][gc,heap     ] GC(233) Min Capacity: 8M(1%)
[63.819s][info][gc,heap     ] GC(233) Max Capacity: 1024M(100%)
[63.819s][info][gc,heap     ] GC(233) Soft Max Capacity: 1024M(100%)
[63.819s][info][gc,heap     ] GC(233)                Mark Start          Mark End        Relocate Start      Relocate End           High               Low         
[63.819s][info][gc,heap     ] GC(233)  Capacity:     1024M (100%)       1024M (100%)       1024M (100%)       1024M (100%)       1024M (100%)       1024M (100%)   
[63.819s][info][gc,heap     ] GC(233)      Free:      418M (41%)         352M (34%)         350M (34%)         602M (59%)         602M (59%)         302M (29%)    
[63.819s][info][gc,heap     ] GC(233)      Used:      606M (59%)         672M (66%)         674M (66%)         422M (41%)         722M (71%)         422M (41%)    
[63.819s][info][gc,heap     ] GC(233)      Live:         -               309M (30%)         309M (30%)         309M (30%)            -                  -          
[63.819s][info][gc,heap     ] GC(233) Allocated:         -                66M (6%)           68M (7%)           75M (7%)             -                  -          
[63.819s][info][gc,heap     ] GC(233)   Garbage:         -               296M (29%)         296M (29%)          36M (4%)             -                  -          
[63.819s][info][gc,heap     ] GC(233) Reclaimed:         -                  -                 0M (0%)          259M (25%)            -                  -          
[63.819s][info][gc          ] GC(233) Garbage Collection (Allocation Rate) 606M(59%)->422M(41%)
[63.905s][info][gc,start    ] GC(234) Garbage Collection (Allocation Rate)
[63.905s][info][gc,task     ] GC(234) Using 10 workers
[63.905s][info][gc,phases   ] GC(234) Pause Mark Start 0.012ms
[64.061s][info][gc,phases   ] GC(234) Concurrent Mark 155.846ms
[64.061s][info][gc,phases   ] GC(234) Pause Mark End 0.035ms
[64.061s][info][gc,phases   ] GC(234) Concurrent Mark Free 0.001ms
[64.064s][info][gc,phases   ] GC(234) Concurrent Process Non-Strong References 2.301ms
[64.064s][info][gc,phases   ] GC(234) Concurrent Reset Relocation Set 0.027ms
[64.072s][info][gc,phases   ] GC(234) Concurrent Select Relocation Set 7.896ms
[64.072s][info][gc,phases   ] GC(234) Pause Relocate Start 0.008ms
[64.077s][info][gc,phases   ] GC(234) Concurrent Relocate 4.910ms
[64.077s][info][gc,load     ] GC(234) Load: 0.00/0.00/0.00
[64.077s][info][gc,mmu      ] GC(234) MMU: 2ms/96.1%, 5ms/98.4%, 10ms/99.2%, 20ms/99.6%, 50ms/99.8%, 100ms/99.9%
[64.077s][info][gc,marking  ] GC(234) Mark: 8 stripe(s), 4 proactive flush(es), 1 terminate flush(es), 0 completion(s), 0 continuation(s) 
[64.077s][info][gc,marking  ] GC(234) Mark Stack Usage: 32M
[64.077s][info][gc,nmethod  ] GC(234) NMethods: 5644 registered, 4323 unregistered
[64.077s][info][gc,metaspace] GC(234) Metaspace: 64M used, 65M committed, 1088M reserved
[64.077s][info][gc,ref      ] GC(234) Soft: 3236 encountered, 0 discovered, 0 enqueued
[64.077s][info][gc,ref      ] GC(234) Weak: 6353 encountered, 1293 discovered, 0 enqueued
[64.077s][info][gc,ref      ] GC(234) Final: 62 encountered, 37 discovered, 0 enqueued
[64.077s][info][gc,ref      ] GC(234) Phantom: 621 encountered, 529 discovered, 0 enqueued
[64.077s][info][gc,reloc    ] GC(234) Small Pages: 200 / 400M, Empty: 42M, Relocated: 6M, In-Place: 0
[64.077s][info][gc,reloc    ] GC(234) Medium Pages: 1 / 32M, Empty: 0M, Relocated: 0M, In-Place: 0
[64.077s][info][gc,reloc    ] GC(234) Large Pages: 4 / 24M, Empty: 0M, Relocated: 0M, In-Place: 0
[64.077s][info][gc,reloc    ] GC(234) Forwarding Usage: 3M
[64.077s][info][gc,heap     ] GC(234) Min Capacity: 8M(1%)
[64.077s][info][gc,heap     ] GC(234) Max Capacity: 1024M(100%)
[64.077s][info][gc,heap     ] GC(234) Soft Max Capacity: 1024M(100%)
[64.077s][info][gc,heap     ] GC(234)                Mark Start          Mark End        Relocate Start      Relocate End           High               Low         
[64.078s][info][gc,heap     ] GC(234)  Capacity:     1024M (100%)       1024M (100%)       1024M (100%)       1024M (100%)       1024M (100%)       1024M (100%)   
[64.078s][info][gc,heap     ] GC(234)      Free:      568M (55%)         514M (50%)         554M (54%)         616M (60%)         616M (60%)         512M (50%)    
[64.078s][info][gc,heap     ] GC(234)      Used:      456M (45%)         510M (50%)         470M (46%)         408M (40%)         512M (50%)         408M (40%)    
[64.078s][info][gc,heap     ] GC(234)      Live:         -               309M (30%)         309M (30%)         309M (30%)            -                  -          
[64.078s][info][gc,heap     ] GC(234) Allocated:         -                54M (5%)           56M (5%)           57M (6%)             -                  -          
[64.078s][info][gc,heap     ] GC(234)   Garbage:         -               146M (14%)         104M (10%)          40M (4%)             -                  -          
[64.078s][info][gc,heap     ] GC(234) Reclaimed:         -                  -                42M (4%)          105M (10%)            -                  -          
[64.078s][info][gc          ] GC(234) Garbage Collection (Allocation Rate) 456M(45%)->408M(40%)
[64.108s][info][gc,start    ] GC(235) Garbage Collection (Allocation Rate)
[64.108s][info][gc,task     ] GC(235) Using 10 workers
[64.108s][info][gc,phases   ] GC(235) Pause Mark Start 0.011ms
[64.249s][info][gc,phases   ] GC(235) Concurrent Mark 140.217ms
[64.249s][info][gc,phases   ] GC(235) Pause Mark End 0.026ms
[64.249s][info][gc,phases   ] GC(235) Concurrent Mark Free 0.001ms
[64.251s][info][gc,phases   ] GC(235) Concurrent Process Non-Strong References 1.851ms
[64.251s][info][gc,phases   ] GC(235) Concurrent Reset Relocation Set 0.004ms
[64.253s][info][gc,phases   ] GC(235) Concurrent Select Relocation Set 2.588ms
[64.253s][info][gc,phases   ] GC(235) Pause Relocate Start 0.006ms
[64.256s][info][gc,phases   ] GC(235) Concurrent Relocate 2.205ms
[64.256s][info][gc,load     ] GC(235) Load: 0.00/0.00/0.00
[64.256s][info][gc,mmu      ] GC(235) MMU: 2ms/96.1%, 5ms/98.4%, 10ms/99.2%, 20ms/99.6%, 50ms/99.8%, 100ms/99.9%
[64.256s][info][gc,marking  ] GC(235) Mark: 8 stripe(s), 4 proactive flush(es), 1 terminate flush(es), 0 completion(s), 0 continuation(s) 
[64.256s][info][gc,marking  ] GC(235) Mark Stack Usage: 32M
[64.256s][info][gc,nmethod  ] GC(235) NMethods: 5644 registered, 4323 unregistered
[64.256s][info][gc,metaspace] GC(235) Metaspace: 64M used, 65M committed, 1088M reserved
[64.256s][info][gc,ref      ] GC(235) Soft: 3236 encountered, 0 discovered, 0 enqueued
[64.256s][info][gc,ref      ] GC(235) Weak: 6353 encountered, 1491 discovered, 0 enqueued
[64.256s][info][gc,ref      ] GC(235) Final: 62 encountered, 38 discovered, 0 enqueued
[64.256s][info][gc,ref      ] GC(235) Phantom: 619 encountered, 307 discovered, 0 enqueued
[64.256s][info][gc,reloc    ] GC(235) Small Pages: 182 / 364M, Empty: 24M, Relocated: 1M, In-Place: 0
[64.256s][info][gc,reloc    ] GC(235) Medium Pages: 1 / 32M, Empty: 0M, Relocated: 0M, In-Place: 0
[64.256s][info][gc,reloc    ] GC(235) Large Pages: 4 / 24M, Empty: 0M, Relocated: 0M, In-Place: 0
[64.256s][info][gc,reloc    ] GC(235) Forwarding Usage: 1M
[64.256s][info][gc,heap     ] GC(235) Min Capacity: 8M(1%)
[64.256s][info][gc,heap     ] GC(235) Max Capacity: 1024M(100%)
[64.256s][info][gc,heap     ] GC(235) Soft Max Capacity: 1024M(100%)
[64.256s][info][gc,heap     ] GC(235)                Mark Start          Mark End        Relocate Start      Relocate End           High               Low         
[64.256s][info][gc,heap     ] GC(235)  Capacity:     1024M (100%)       1024M (100%)       1024M (100%)       1024M (100%)       1024M (100%)       1024M (100%)   
[64.256s][info][gc,heap     ] GC(235)      Free:      604M (59%)         444M (43%)         460M (45%)         496M (48%)         604M (59%)         436M (43%)    
[64.256s][info][gc,heap     ] GC(235)      Used:      420M (41%)         580M (57%)         564M (55%)         528M (52%)         588M (57%)         420M (41%)    
[64.256s][info][gc,heap     ] GC(235)      Live:         -               309M (30%)         309M (30%)         309M (30%)            -                  -          
[64.256s][info][gc,heap     ] GC(235) Allocated:         -               160M (16%)         168M (16%)         169M (17%)            -                  -          
[64.256s][info][gc,heap     ] GC(235)   Garbage:         -               110M (11%)          86M (8%)           48M (5%)             -                  -          
[64.256s][info][gc,heap     ] GC(235) Reclaimed:         -                  -                24M (2%)           61M (6%)             -                  -          
[64.256s][info][gc          ] GC(235) Garbage Collection (Allocation Rate) 420M(41%)->528M(52%)
[64.311s][info][gc,start    ] GC(236) Garbage Collection (Allocation Rate)
[64.311s][info][gc,task     ] GC(236) Using 10 workers
[64.312s][info][gc,phases   ] GC(236) Pause Mark Start 0.015ms
[64.428s][info][gc,phases   ] GC(236) Concurrent Mark 116.353ms
[64.428s][info][gc,phases   ] GC(236) Pause Mark End 0.032ms
[64.428s][info][gc,phases   ] GC(236) Concurrent Mark Free 0.001ms
[64.430s][info][gc,phases   ] GC(236) Concurrent Process Non-Strong References 2.019ms
[64.430s][info][gc,phases   ] GC(236) Concurrent Reset Relocation Set 0.003ms
[64.443s][info][gc,phases   ] GC(236) Concurrent Select Relocation Set 12.317ms
[64.443s][info][gc,phases   ] GC(236) Pause Relocate Start 0.011ms
[64.460s][info][gc,phases   ] GC(236) Concurrent Relocate 17.317ms
[64.460s][info][gc,load     ] GC(236) Load: 0.00/0.00/0.00
[64.460s][info][gc,mmu      ] GC(236) MMU: 2ms/96.1%, 5ms/98.4%, 10ms/99.2%, 20ms/99.6%, 50ms/99.8%, 100ms/99.9%
[64.460s][info][gc,marking  ] GC(236) Mark: 8 stripe(s), 10 proactive flush(es), 2 terminate flush(es), 0 completion(s), 0 continuation(s) 
[64.460s][info][gc,marking  ] GC(236) Mark Stack Usage: 32M
[64.460s][info][gc,nmethod  ] GC(236) NMethods: 5644 registered, 4323 unregistered
[64.460s][info][gc,metaspace] GC(236) Metaspace: 64M used, 65M committed, 1088M reserved
[64.460s][info][gc,ref      ] GC(236) Soft: 3236 encountered, 0 discovered, 0 enqueued
[64.460s][info][gc,ref      ] GC(236) Weak: 6353 encountered, 557 discovered, 0 enqueued
[64.460s][info][gc,ref      ] GC(236) Final: 62 encountered, 0 discovered, 0 enqueued
[64.460s][info][gc,ref      ] GC(236) Phantom: 621 encountered, 482 discovered, 0 enqueued
[64.461s][info][gc,reloc    ] GC(236) Small Pages: 281 / 562M, Empty: 94M, Relocated: 24M, In-Place: 0
[64.461s][info][gc,reloc    ] GC(236) Medium Pages: 1 / 32M, Empty: 0M, Relocated: 0M, In-Place: 0
[64.461s][info][gc,reloc    ] GC(236) Large Pages: 7 / 42M, Empty: 24M, Relocated: 0M, In-Place: 0
[64.461s][info][gc,reloc    ] GC(236) Forwarding Usage: 22M
[64.461s][info][gc,heap     ] GC(236) Min Capacity: 8M(1%)
[64.461s][info][gc,heap     ] GC(236) Max Capacity: 1024M(100%)
[64.461s][info][gc,heap     ] GC(236) Soft Max Capacity: 1024M(100%)
[64.461s][info][gc,heap     ] GC(236)                Mark Start          Mark End        Relocate Start      Relocate End           High               Low         
[64.461s][info][gc,heap     ] GC(236)  Capacity:     1024M (100%)       1024M (100%)       1024M (100%)       1024M (100%)       1024M (100%)       1024M (100%)   
[64.461s][info][gc,heap     ] GC(236)      Free:      388M (38%)         202M (20%)         292M (29%)         530M (52%)         534M (52%)         194M (19%)    
[64.461s][info][gc,heap     ] GC(236)      Used:      636M (62%)         822M (80%)         732M (71%)         494M (48%)         830M (81%)         490M (48%)    
[64.461s][info][gc,heap     ] GC(236)      Live:         -               215M (21%)         215M (21%)         215M (21%)            -                  -          
[64.461s][info][gc,heap     ] GC(236) Allocated:         -               186M (18%)         214M (21%)         239M (23%)            -                  -          
[64.461s][info][gc,heap     ] GC(236)   Garbage:         -               420M (41%)         302M (30%)          39M (4%)             -                  -          
[64.461s][info][gc,heap     ] GC(236) Reclaimed:         -                  -               118M (12%)         381M (37%)            -                  -          
[64.461s][info][gc          ] GC(236) Garbage Collection (Allocation Rate) 636M(62%)->494M(48%)
[64.506s][info][gc,start    ] GC(237) Garbage Collection (Allocation Rate)
[64.506s][info][gc,task     ] GC(237) Using 10 workers
[64.506s][info][gc,phases   ] GC(237) Pause Mark Start 0.012ms
[64.631s][info][gc,phases   ] GC(237) Concurrent Mark 124.594ms
[64.631s][info][gc,phases   ] GC(237) Pause Mark End 0.027ms
[64.631s][info][gc,phases   ] GC(237) Concurrent Mark Free 0.001ms
[64.633s][info][gc,phases   ] GC(237) Concurrent Process Non-Strong References 1.788ms
[64.633s][info][gc,phases   ] GC(237) Concurrent Reset Relocation Set 0.018ms
[64.637s][info][gc,phases   ] GC(237) Concurrent Select Relocation Set 3.361ms
[64.637s][info][gc,phases   ] GC(237) Pause Relocate Start 0.008ms
[64.651s][info][gc,phases   ] GC(237) Concurrent Relocate 14.294ms
[64.651s][info][gc,load     ] GC(237) Load: 0.00/0.00/0.00
[64.651s][info][gc,mmu      ] GC(237) MMU: 2ms/96.1%, 5ms/98.4%, 10ms/99.2%, 20ms/99.6%, 50ms/99.8%, 100ms/99.9%
[64.651s][info][gc,marking  ] GC(237) Mark: 8 stripe(s), 2 proactive flush(es), 1 terminate flush(es), 0 completion(s), 0 continuation(s) 
[64.651s][info][gc,marking  ] GC(237) Mark Stack Usage: 32M
[64.651s][info][gc,nmethod  ] GC(237) NMethods: 5644 registered, 4323 unregistered
[64.651s][info][gc,metaspace] GC(237) Metaspace: 64M used, 65M committed, 1088M reserved
[64.651s][info][gc,ref      ] GC(237) Soft: 3236 encountered, 0 discovered, 0 enqueued
[64.651s][info][gc,ref      ] GC(237) Weak: 6353 encountered, 567 discovered, 0 enqueued
[64.651s][info][gc,ref      ] GC(237) Final: 62 encountered, 0 discovered, 0 enqueued
[64.651s][info][gc,ref      ] GC(237) Phantom: 620 encountered, 560 discovered, 0 enqueued
[64.651s][info][gc,reloc    ] GC(237) Small Pages: 261 / 522M, Empty: 0M, Relocated: 20M, In-Place: 0
[64.651s][info][gc,reloc    ] GC(237) Medium Pages: 1 / 32M, Empty: 0M, Relocated: 0M, In-Place: 0
[64.652s][info][gc,reloc    ] GC(237) Large Pages: 4 / 24M, Empty: 0M, Relocated: 0M, In-Place: 0
[64.652s][info][gc,reloc    ] GC(237) Forwarding Usage: 20M
[64.652s][info][gc,heap     ] GC(237) Min Capacity: 8M(1%)
[64.652s][info][gc,heap     ] GC(237) Max Capacity: 1024M(100%)
[64.652s][info][gc,heap     ] GC(237) Soft Max Capacity: 1024M(100%)
[64.652s][info][gc,heap     ] GC(237)                Mark Start          Mark End        Relocate Start      Relocate End           High               Low         
[64.652s][info][gc,heap     ] GC(237)  Capacity:     1024M (100%)       1024M (100%)       1024M (100%)       1024M (100%)       1024M (100%)       1024M (100%)   
[64.652s][info][gc,heap     ] GC(237)      Free:      446M (44%)         216M (21%)         208M (20%)         494M (48%)         494M (48%)         190M (19%)    
[64.652s][info][gc,heap     ] GC(237)      Used:      578M (56%)         808M (79%)         816M (80%)         530M (52%)         834M (81%)         530M (52%)    
[64.652s][info][gc,heap     ] GC(237)      Live:         -               228M (22%)         228M (22%)         228M (22%)            -                  -          
[64.652s][info][gc,heap     ] GC(237) Allocated:         -               230M (22%)         238M (23%)         253M (25%)            -                  -          
[64.652s][info][gc,heap     ] GC(237)   Garbage:         -               349M (34%)         349M (34%)          47M (5%)             -                  -          
[64.652s][info][gc,heap     ] GC(237) Reclaimed:         -                  -                 0M (0%)          301M (29%)            -                  -          
[64.652s][info][gc          ] GC(237) Garbage Collection (Allocation Rate) 578M(56%)->530M(52%)
[64.709s][info][gc,start    ] GC(238) Garbage Collection (Allocation Rate)
[64.709s][info][gc,task     ] GC(238) Using 10 workers
[64.710s][info][gc,phases   ] GC(238) Pause Mark Start 0.017ms
[64.850s][info][gc,phases   ] GC(238) Concurrent Mark 140.178ms
[64.850s][info][gc,phases   ] GC(238) Pause Mark End 0.021ms
[64.850s][info][gc,phases   ] GC(238) Concurrent Mark Free 0.001ms
[64.852s][info][gc,phases   ] GC(238) Concurrent Process Non-Strong References 1.901ms
[64.852s][info][gc,phases   ] GC(238) Concurrent Reset Relocation Set 0.033ms
[64.876s][info][gc,phases   ] GC(238) Concurrent Select Relocation Set 23.796ms
[64.876s][info][gc,phases   ] GC(238) Pause Relocate Start 0.012ms
[64.895s][info][gc,phases   ] GC(238) Concurrent Relocate 18.968ms
[64.895s][info][gc,load     ] GC(238) Load: 0.00/0.00/0.00
[64.895s][info][gc,mmu      ] GC(238) MMU: 2ms/96.1%, 5ms/98.4%, 10ms/99.2%, 20ms/99.6%, 50ms/99.8%, 100ms/99.9%
[64.895s][info][gc,marking  ] GC(238) Mark: 8 stripe(s), 5 proactive flush(es), 1 terminate flush(es), 0 completion(s), 0 continuation(s) 
[64.895s][info][gc,marking  ] GC(238) Mark Stack Usage: 32M
[64.895s][info][gc,nmethod  ] GC(238) NMethods: 5644 registered, 4323 unregistered
[64.895s][info][gc,metaspace] GC(238) Metaspace: 64M used, 65M committed, 1088M reserved
[64.895s][info][gc,ref      ] GC(238) Soft: 3236 encountered, 0 discovered, 0 enqueued
[64.895s][info][gc,ref      ] GC(238) Weak: 6353 encountered, 503 discovered, 0 enqueued
[64.895s][info][gc,ref      ] GC(238) Final: 62 encountered, 0 discovered, 0 enqueued
[64.895s][info][gc,ref      ] GC(238) Phantom: 620 encountered, 493 discovered, 0 enqueued
[64.895s][info][gc,reloc    ] GC(238) Small Pages: 271 / 542M, Empty: 0M, Relocated: 25M, In-Place: 0
[64.895s][info][gc,reloc    ] GC(238) Medium Pages: 1 / 32M, Empty: 0M, Relocated: 0M, In-Place: 0
[64.895s][info][gc,reloc    ] GC(238) Large Pages: 7 / 54M, Empty: 0M, Relocated: 0M, In-Place: 0
[64.895s][info][gc,reloc    ] GC(238) Forwarding Usage: 24M
[64.895s][info][gc,heap     ] GC(238) Min Capacity: 8M(1%)
[64.895s][info][gc,heap     ] GC(238) Max Capacity: 1024M(100%)
[64.895s][info][gc,heap     ] GC(238) Soft Max Capacity: 1024M(100%)
[64.895s][info][gc,heap     ] GC(238)                Mark Start          Mark End        Relocate Start      Relocate End           High               Low         
[64.895s][info][gc,heap     ] GC(238)  Capacity:     1024M (100%)       1024M (100%)       1024M (100%)       1024M (100%)       1024M (100%)       1024M (100%)   
[64.895s][info][gc,heap     ] GC(238)      Free:      396M (39%)         226M (22%)         182M (18%)         464M (45%)         472M (46%)         162M (16%)    
[64.895s][info][gc,heap     ] GC(238)      Used:      628M (61%)         798M (78%)         842M (82%)         560M (55%)         862M (84%)         552M (54%)    
[64.895s][info][gc,heap     ] GC(238)      Live:         -               270M (26%)         270M (26%)         270M (26%)            -                  -          
[64.895s][info][gc,heap     ] GC(238) Allocated:         -               170M (17%)         214M (21%)         241M (24%)            -                  -          
[64.895s][info][gc,heap     ] GC(238)   Garbage:         -               357M (35%)         357M (35%)          47M (5%)             -                  -          
[64.895s][info][gc,heap     ] GC(238) Reclaimed:         -                  -                 0M (0%)          309M (30%)            -                  -          
[64.895s][info][gc          ] GC(238) Garbage Collection (Allocation Rate) 628M(61%)->560M(55%)
[64.912s][info][gc,start    ] GC(239) Garbage Collection (Allocation Rate)
[64.912s][info][gc,task     ] GC(239) Using 10 workers
[64.912s][info][gc,phases   ] GC(239) Pause Mark Start 0.015ms
[65.061s][info][gc,phases   ] GC(239) Concurrent Mark 147.957ms
[65.061s][info][gc,phases   ] GC(239) Pause Mark End 0.028ms
[65.061s][info][gc,phases   ] GC(239) Concurrent Mark Free 0.001ms
[65.062s][info][gc,phases   ] GC(239) Concurrent Process Non-Strong References 1.661ms
[65.062s][info][gc,phases   ] GC(239) Concurrent Reset Relocation Set 0.019ms
[65.067s][info][gc,phases   ] GC(239) Concurrent Select Relocation Set 4.238ms
[65.067s][info][gc,phases   ] GC(239) Pause Relocate Start 0.010ms
[65.081s][info][gc,phases   ] GC(239) Concurrent Relocate 14.120ms
[65.081s][info][gc,load     ] GC(239) Load: 0.00/0.00/0.00
[65.081s][info][gc,mmu      ] GC(239) MMU: 2ms/96.1%, 5ms/98.4%, 10ms/99.2%, 20ms/99.6%, 50ms/99.8%, 100ms/99.9%
[65.081s][info][gc,marking  ] GC(239) Mark: 8 stripe(s), 2 proactive flush(es), 1 terminate flush(es), 0 completion(s), 0 continuation(s) 
[65.081s][info][gc,marking  ] GC(239) Mark Stack Usage: 32M
[65.081s][info][gc,nmethod  ] GC(239) NMethods: 5644 registered, 4323 unregistered
[65.081s][info][gc,metaspace] GC(239) Metaspace: 64M used, 65M committed, 1088M reserved
[65.081s][info][gc,ref      ] GC(239) Soft: 3236 encountered, 0 discovered, 0 enqueued
[65.081s][info][gc,ref      ] GC(239) Weak: 6353 encountered, 1788 discovered, 0 enqueued
[65.081s][info][gc,ref      ] GC(239) Final: 62 encountered, 22 discovered, 0 enqueued
[65.081s][info][gc,ref      ] GC(239) Phantom: 621 encountered, 248 discovered, 0 enqueued
[65.081s][info][gc,reloc    ] GC(239) Small Pages: 248 / 496M, Empty: 0M, Relocated: 17M, In-Place: 0
[65.081s][info][gc,reloc    ] GC(239) Medium Pages: 1 / 32M, Empty: 0M, Relocated: 0M, In-Place: 0
[65.081s][info][gc,reloc    ] GC(239) Large Pages: 8 / 64M, Empty: 24M, Relocated: 0M, In-Place: 0
[65.081s][info][gc,reloc    ] GC(239) Forwarding Usage: 15M
[65.081s][info][gc,heap     ] GC(239) Min Capacity: 8M(1%)
[65.081s][info][gc,heap     ] GC(239) Max Capacity: 1024M(100%)
[65.081s][info][gc,heap     ] GC(239) Soft Max Capacity: 1024M(100%)
[65.081s][info][gc,heap     ] GC(239)                Mark Start          Mark End        Relocate Start      Relocate End           High               Low         
[65.081s][info][gc,heap     ] GC(239)  Capacity:     1024M (100%)       1024M (100%)       1024M (100%)       1024M (100%)       1024M (100%)       1024M (100%)   
[65.081s][info][gc,heap     ] GC(239)      Free:      432M (42%)         152M (15%)         166M (16%)         402M (39%)         432M (42%)         144M (14%)    
[65.081s][info][gc,heap     ] GC(239)      Used:      592M (58%)         872M (85%)         858M (84%)         622M (61%)         880M (86%)         592M (58%)    
[65.081s][info][gc,heap     ] GC(239)      Live:         -               264M (26%)         264M (26%)         264M (26%)            -                  -          
[65.081s][info][gc,heap     ] GC(239) Allocated:         -               280M (27%)         290M (28%)         305M (30%)            -                  -          
[65.081s][info][gc,heap     ] GC(239)   Garbage:         -               327M (32%)         303M (30%)          51M (5%)             -                  -          
[65.081s][info][gc,heap     ] GC(239) Reclaimed:         -                  -                24M (2%)          275M (27%)            -                  -          
[65.081s][info][gc          ] GC(239) Garbage Collection (Allocation Rate) 592M(58%)->622M(61%)
[65.107s][info][gc,start    ] GC(240) Garbage Collection (Allocation Rate)
[65.108s][info][gc,task     ] GC(240) Using 10 workers
[65.108s][info][gc,phases   ] GC(240) Pause Mark Start 0.012ms
[65.264s][info][gc,phases   ] GC(240) Concurrent Mark 155.879ms
[65.264s][info][gc,phases   ] GC(240) Pause Mark End 0.040ms
[65.264s][info][gc,phases   ] GC(240) Concurrent Mark Free 0.001ms
[65.266s][info][gc,phases   ] GC(240) Concurrent Process Non-Strong References 2.056ms
[65.266s][info][gc,phases   ] GC(240) Concurrent Reset Relocation Set 0.021ms
[65.288s][info][gc,phases   ] GC(240) Concurrent Select Relocation Set 21.610ms
[65.288s][info][gc,phases   ] GC(240) Pause Relocate Start 0.011ms
[65.307s][info][gc,phases   ] GC(240) Concurrent Relocate 19.514ms
[65.307s][info][gc,load     ] GC(240) Load: 0.00/0.00/0.00
[65.307s][info][gc,mmu      ] GC(240) MMU: 2ms/96.1%, 5ms/98.4%, 10ms/99.2%, 20ms/99.6%, 50ms/99.8%, 100ms/99.9%
[65.308s][info][gc,marking  ] GC(240) Mark: 8 stripe(s), 2 proactive flush(es), 1 terminate flush(es), 0 completion(s), 0 continuation(s) 
[65.308s][info][gc,marking  ] GC(240) Mark Stack Usage: 32M
[65.308s][info][gc,nmethod  ] GC(240) NMethods: 5644 registered, 4323 unregistered
[65.308s][info][gc,metaspace] GC(240) Metaspace: 64M used, 65M committed, 1088M reserved
[65.308s][info][gc,ref      ] GC(240) Soft: 3236 encountered, 0 discovered, 0 enqueued
[65.308s][info][gc,ref      ] GC(240) Weak: 6353 encountered, 643 discovered, 0 enqueued
[65.308s][info][gc,ref      ] GC(240) Final: 62 encountered, 17 discovered, 0 enqueued
[65.308s][info][gc,ref      ] GC(240) Phantom: 621 encountered, 545 discovered, 0 enqueued
[65.308s][info][gc,reloc    ] GC(240) Small Pages: 300 / 600M, Empty: 0M, Relocated: 18M, In-Place: 0
[65.308s][info][gc,reloc    ] GC(240) Medium Pages: 1 / 32M, Empty: 0M, Relocated: 0M, In-Place: 0
[65.308s][info][gc,reloc    ] GC(240) Large Pages: 4 / 40M, Empty: 0M, Relocated: 0M, In-Place: 0
[65.308s][info][gc,reloc    ] GC(240) Forwarding Usage: 16M
[65.308s][info][gc,heap     ] GC(240) Min Capacity: 8M(1%)
[65.308s][info][gc,heap     ] GC(240) Max Capacity: 1024M(100%)
[65.308s][info][gc,heap     ] GC(240) Soft Max Capacity: 1024M(100%)
[65.308s][info][gc,heap     ] GC(240)                Mark Start          Mark End        Relocate Start      Relocate End           High               Low         
[65.308s][info][gc,heap     ] GC(240)  Capacity:     1024M (100%)       1024M (100%)       1024M (100%)       1024M (100%)       1024M (100%)       1024M (100%)   
[65.308s][info][gc,heap     ] GC(240)      Free:      352M (34%)          78M (8%)           46M (4%)          366M (36%)         372M (36%)          26M (3%)     
[65.308s][info][gc,heap     ] GC(240)      Used:      672M (66%)         946M (92%)         978M (96%)         658M (64%)         998M (97%)         652M (64%)    
[65.308s][info][gc,heap     ] GC(240)      Live:         -               274M (27%)         274M (27%)         274M (27%)            -                  -          
[65.308s][info][gc,heap     ] GC(240) Allocated:         -               274M (27%)         306M (30%)         329M (32%)            -                  -          
[65.308s][info][gc,heap     ] GC(240)   Garbage:         -               397M (39%)         397M (39%)          53M (5%)             -                  -          
[65.308s][info][gc,heap     ] GC(240) Reclaimed:         -                  -                 0M (0%)          343M (34%)            -                  -          
[65.308s][info][gc          ] GC(240) Garbage Collection (Allocation Rate) 672M(66%)->658M(64%)
[65.311s][info][gc,start    ] GC(241) Garbage Collection (Allocation Rate)
[65.311s][info][gc,task     ] GC(241) Using 10 workers
[65.311s][info][gc,phases   ] GC(241) Pause Mark Start 0.011ms
[65.467s][info][gc,phases   ] GC(241) Concurrent Mark 155.916ms
[65.467s][info][gc,phases   ] GC(241) Pause Mark End 0.020ms
[65.467s][info][gc,phases   ] GC(241) Concurrent Mark Free 0.001ms
[65.469s][info][gc,phases   ] GC(241) Concurrent Process Non-Strong References 2.015ms
[65.469s][info][gc,phases   ] GC(241) Concurrent Reset Relocation Set 0.027ms
[65.487s][info][gc,phases   ] GC(241) Concurrent Select Relocation Set 17.591ms
[65.487s][info][gc,phases   ] GC(241) Pause Relocate Start 0.008ms
[65.512s][info][gc,phases   ] GC(241) Concurrent Relocate 24.995ms
[65.512s][info][gc,load     ] GC(241) Load: 0.00/0.00/0.00
[65.512s][info][gc,mmu      ] GC(241) MMU: 2ms/96.1%, 5ms/98.4%, 10ms/99.2%, 20ms/99.6%, 50ms/99.8%, 100ms/99.9%
[65.512s][info][gc,marking  ] GC(241) Mark: 8 stripe(s), 2 proactive flush(es), 1 terminate flush(es), 0 completion(s), 0 continuation(s) 
[65.512s][info][gc,marking  ] GC(241) Mark Stack Usage: 32M
[65.512s][info][gc,nmethod  ] GC(241) NMethods: 5644 registered, 4323 unregistered
[65.512s][info][gc,metaspace] GC(241) Metaspace: 64M used, 65M committed, 1088M reserved
[65.512s][info][gc,ref      ] GC(241) Soft: 3236 encountered, 0 discovered, 0 enqueued
[65.512s][info][gc,ref      ] GC(241) Weak: 6353 encountered, 951 discovered, 0 enqueued
[65.512s][info][gc,ref      ] GC(241) Final: 62 encountered, 16 discovered, 0 enqueued
[65.512s][info][gc,ref      ] GC(241) Phantom: 621 encountered, 541 discovered, 0 enqueued
[65.512s][info][gc,reloc    ] GC(241) Small Pages: 295 / 590M, Empty: 0M, Relocated: 20M, In-Place: 0
[65.512s][info][gc,reloc    ] GC(241) Medium Pages: 1 / 32M, Empty: 0M, Relocated: 0M, In-Place: 0
[65.512s][info][gc,reloc    ] GC(241) Large Pages: 4 / 40M, Empty: 0M, Relocated: 0M, In-Place: 0
[65.512s][info][gc,reloc    ] GC(241) Forwarding Usage: 17M
[65.512s][info][gc,heap     ] GC(241) Min Capacity: 8M(1%)
[65.512s][info][gc,heap     ] GC(241) Max Capacity: 1024M(100%)
[65.512s][info][gc,heap     ] GC(241) Soft Max Capacity: 1024M(100%)
[65.512s][info][gc,heap     ] GC(241)                Mark Start          Mark End        Relocate Start      Relocate End           High               Low         
[65.512s][info][gc,heap     ] GC(241)  Capacity:     1024M (100%)       1024M (100%)       1024M (100%)       1024M (100%)       1024M (100%)       1024M (100%)   
[65.513s][info][gc,heap     ] GC(241)      Free:      362M (35%)          98M (10%)          60M (6%)          340M (33%)         362M (35%)          38M (4%)     
[65.513s][info][gc,heap     ] GC(241)      Used:      662M (65%)         926M (90%)         964M (94%)         684M (67%)         986M (96%)         662M (65%)    
[65.513s][info][gc,heap     ] GC(241)      Live:         -               283M (28%)         283M (28%)         283M (28%)            -                  -          
[65.513s][info][gc,heap     ] GC(241) Allocated:         -               264M (26%)         302M (29%)         337M (33%)            -                  -          
[65.513s][info][gc,heap     ] GC(241)   Garbage:         -               378M (37%)         378M (37%)          63M (6%)             -                  -          
[65.513s][info][gc,heap     ] GC(241) Reclaimed:         -                  -                 0M (0%)          315M (31%)            -                  -          
[65.513s][info][gc          ] GC(241) Garbage Collection (Allocation Rate) 662M(65%)->684M(67%)
[65.514s][info][gc,start    ] GC(242) Garbage Collection (Allocation Rate)
[65.514s][info][gc,task     ] GC(242) Using 10 workers
[65.514s][info][gc,phases   ] GC(242) Pause Mark Start 0.008ms
[65.677s][info][gc,phases   ] GC(242) Concurrent Mark 162.856ms
[65.677s][info][gc,phases   ] GC(242) Pause Mark End 0.025ms
[65.677s][info][gc,phases   ] GC(242) Concurrent Mark Free 0.001ms
[65.679s][info][gc,phases   ] GC(242) Concurrent Process Non-Strong References 1.890ms
[65.679s][info][gc,phases   ] GC(242) Concurrent Reset Relocation Set 0.019ms
[65.682s][info][gc,phases   ] GC(242) Concurrent Select Relocation Set 3.005ms
[65.682s][info][gc,phases   ] GC(242) Pause Relocate Start 0.010ms
[65.693s][info][gc,phases   ] GC(242) Concurrent Relocate 11.234ms
[65.693s][info][gc,load     ] GC(242) Load: 0.00/0.00/0.00
[65.693s][info][gc,mmu      ] GC(242) MMU: 2ms/96.1%, 5ms/98.4%, 10ms/99.2%, 20ms/99.6%, 50ms/99.8%, 100ms/99.9%
[65.693s][info][gc,marking  ] GC(242) Mark: 8 stripe(s), 2 proactive flush(es), 1 terminate flush(es), 0 completion(s), 0 continuation(s) 
[65.693s][info][gc,marking  ] GC(242) Mark Stack Usage: 32M
[65.693s][info][gc,nmethod  ] GC(242) NMethods: 5644 registered, 4323 unregistered
[65.693s][info][gc,metaspace] GC(242) Metaspace: 64M used, 65M committed, 1088M reserved
[65.693s][info][gc,ref      ] GC(242) Soft: 3236 encountered, 0 discovered, 0 enqueued
[65.693s][info][gc,ref      ] GC(242) Weak: 6353 encountered, 1261 discovered, 0 enqueued
[65.693s][info][gc,ref      ] GC(242) Final: 62 encountered, 53 discovered, 0 enqueued
[65.693s][info][gc,ref      ] GC(242) Phantom: 621 encountered, 525 discovered, 0 enqueued
[65.693s][info][gc,reloc    ] GC(242) Small Pages: 307 / 614M, Empty: 0M, Relocated: 19M, In-Place: 0
[65.693s][info][gc,reloc    ] GC(242) Medium Pages: 1 / 32M, Empty: 0M, Relocated: 0M, In-Place: 0
[65.693s][info][gc,reloc    ] GC(242) Large Pages: 4 / 40M, Empty: 0M, Relocated: 0M, In-Place: 0
[65.693s][info][gc,reloc    ] GC(242) Forwarding Usage: 17M
[65.693s][info][gc,heap     ] GC(242) Min Capacity: 8M(1%)
[65.693s][info][gc,heap     ] GC(242) Max Capacity: 1024M(100%)
[65.693s][info][gc,heap     ] GC(242) Soft Max Capacity: 1024M(100%)
[65.693s][info][gc,heap     ] GC(242)                Mark Start          Mark End        Relocate Start      Relocate End           High               Low         
[65.693s][info][gc,heap     ] GC(242)  Capacity:     1024M (100%)       1024M (100%)       1024M (100%)       1024M (100%)       1024M (100%)       1024M (100%)   
[65.693s][info][gc,heap     ] GC(242)      Free:      338M (33%)          70M (7%)           62M (6%)          376M (37%)         378M (37%)          42M (4%)     
[65.693s][info][gc,heap     ] GC(242)      Used:      686M (67%)         954M (93%)         962M (94%)         648M (63%)         982M (96%)         646M (63%)    
[65.693s][info][gc,heap     ] GC(242)      Live:         -               291M (28%)         291M (28%)         291M (28%)            -                  -          
[65.693s][info][gc,heap     ] GC(242) Allocated:         -               268M (26%)         276M (27%)         293M (29%)            -                  -          
[65.693s][info][gc,heap     ] GC(242)   Garbage:         -               394M (39%)         394M (39%)          63M (6%)             -                  -          
[65.693s][info][gc,heap     ] GC(242) Reclaimed:         -                  -                 0M (0%)          331M (32%)            -                  -          
[65.693s][info][gc          ] GC(242) Garbage Collection (Allocation Rate) 686M(67%)->648M(63%)
[65.708s][info][gc,start    ] GC(243) Garbage Collection (Allocation Rate)
[65.708s][info][gc,task     ] GC(243) Using 10 workers
[65.708s][info][gc,phases   ] GC(243) Pause Mark Start 0.014ms
[65.911s][info][gc,phases   ] GC(243) Concurrent Mark 202.762ms
[65.911s][info][gc,phases   ] GC(243) Pause Mark End 0.032ms
[65.911s][info][gc,phases   ] GC(243) Concurrent Mark Free 0.001ms
[65.913s][info][gc,phases   ] GC(243) Concurrent Process Non-Strong References 2.101ms
[65.913s][info][gc,phases   ] GC(243) Concurrent Reset Relocation Set 0.051ms
[65.933s][info][gc,phases   ] GC(243) Concurrent Select Relocation Set 19.475ms
[65.933s][info][gc,phases   ] GC(243) Pause Relocate Start 0.011ms
[65.934s][info][gc          ] Relocation Stall (Executor task launch worker for task 0.0 in stage 53.0 (TID 100)) 0.490ms
[65.943s][info][gc          ] Relocation Stall (Executor task launch worker for task 3.0 in stage 53.0 (TID 103)) 9.624ms
[65.943s][info][gc          ] Relocation Stall (Executor task launch worker for task 2.0 in stage 53.0 (TID 102)) 9.620ms
[65.950s][info][gc,phases   ] GC(243) Concurrent Relocate 17.294ms
[65.951s][info][gc,load     ] GC(243) Load: 0.00/0.00/0.00
[65.951s][info][gc,mmu      ] GC(243) MMU: 2ms/96.1%, 5ms/98.4%, 10ms/99.2%, 20ms/99.6%, 50ms/99.8%, 100ms/99.9%
[65.951s][info][gc,marking  ] GC(243) Mark: 8 stripe(s), 4 proactive flush(es), 1 terminate flush(es), 0 completion(s), 0 continuation(s) 
[65.951s][info][gc,marking  ] GC(243) Mark Stack Usage: 32M
[65.951s][info][gc,nmethod  ] GC(243) NMethods: 5644 registered, 4323 unregistered
[65.951s][info][gc,metaspace] GC(243) Metaspace: 64M used, 65M committed, 1088M reserved
[65.951s][info][gc,ref      ] GC(243) Soft: 3236 encountered, 0 discovered, 0 enqueued
[65.951s][info][gc,ref      ] GC(243) Weak: 6353 encountered, 1086 discovered, 0 enqueued
[65.951s][info][gc,ref      ] GC(243) Final: 62 encountered, 32 discovered, 0 enqueued
[65.951s][info][gc,ref      ] GC(243) Phantom: 618 encountered, 505 discovered, 0 enqueued
[65.951s][info][gc,reloc    ] GC(243) Small Pages: 301 / 602M, Empty: 0M, Relocated: 19M, In-Place: 10
[65.951s][info][gc,reloc    ] GC(243) Medium Pages: 1 / 32M, Empty: 0M, Relocated: 0M, In-Place: 0
[65.951s][info][gc,reloc    ] GC(243) Large Pages: 4 / 40M, Empty: 0M, Relocated: 0M, In-Place: 0
[65.951s][info][gc,reloc    ] GC(243) Forwarding Usage: 17M
[65.951s][info][gc,heap     ] GC(243) Min Capacity: 8M(1%)
[65.951s][info][gc,heap     ] GC(243) Max Capacity: 1024M(100%)
[65.951s][info][gc,heap     ] GC(243) Soft Max Capacity: 1024M(100%)
[65.951s][info][gc,heap     ] GC(243)                Mark Start          Mark End        Relocate Start      Relocate End           High               Low         
[65.951s][info][gc,heap     ] GC(243)  Capacity:     1024M (100%)       1024M (100%)       1024M (100%)       1024M (100%)       1024M (100%)       1024M (100%)   
[65.951s][info][gc,heap     ] GC(243)      Free:      350M (34%)          22M (2%)            2M (0%)          300M (29%)         350M (34%)           0M (0%)     
[65.951s][info][gc,heap     ] GC(243)      Used:      674M (66%)        1002M (98%)        1022M (100%)        724M (71%)        1024M (100%)        674M (66%)    
[65.951s][info][gc,heap     ] GC(243)      Live:         -               297M (29%)         297M (29%)         297M (29%)            -                  -          
[65.951s][info][gc,heap     ] GC(243) Allocated:         -               328M (32%)         348M (34%)         355M (35%)            -                  -          
[65.951s][info][gc,heap     ] GC(243)   Garbage:         -               376M (37%)         376M (37%)          70M (7%)             -                  -          
[65.951s][info][gc,heap     ] GC(243) Reclaimed:         -                  -                 0M (0%)          305M (30%)            -                  -          
[65.951s][info][gc          ] GC(243) Garbage Collection (Allocation Rate) 674M(66%)->724M(71%)
[66.005s][info][gc,start    ] GC(244) Garbage Collection (Allocation Rate)
[66.005s][info][gc,task     ] GC(244) Using 10 workers
[66.005s][info][gc,phases   ] GC(244) Pause Mark Start 0.018ms
[66.176s][info][gc,phases   ] GC(244) Concurrent Mark 171.390ms
[66.177s][info][gc,phases   ] GC(244) Pause Mark End 0.035ms
[66.177s][info][gc,phases   ] GC(244) Concurrent Mark Free 0.001ms
[66.178s][info][gc,phases   ] GC(244) Concurrent Process Non-Strong References 1.740ms
[66.179s][info][gc,phases   ] GC(244) Concurrent Reset Relocation Set 0.030ms
[66.182s][info][gc,phases   ] GC(244) Concurrent Select Relocation Set 3.036ms
[66.182s][info][gc,phases   ] GC(244) Pause Relocate Start 0.009ms
[66.197s][info][gc,phases   ] GC(244) Concurrent Relocate 15.306ms
[66.197s][info][gc,load     ] GC(244) Load: 0.00/0.00/0.00
[66.197s][info][gc,mmu      ] GC(244) MMU: 2ms/96.1%, 5ms/98.4%, 10ms/99.2%, 20ms/99.6%, 50ms/99.8%, 100ms/99.9%
[66.197s][info][gc,marking  ] GC(244) Mark: 8 stripe(s), 2 proactive flush(es), 1 terminate flush(es), 0 completion(s), 0 continuation(s) 
[66.197s][info][gc,marking  ] GC(244) Mark Stack Usage: 32M
[66.197s][info][gc,nmethod  ] GC(244) NMethods: 5644 registered, 4323 unregistered
[66.197s][info][gc,metaspace] GC(244) Metaspace: 64M used, 65M committed, 1088M reserved
[66.197s][info][gc,ref      ] GC(244) Soft: 3236 encountered, 0 discovered, 0 enqueued
[66.197s][info][gc,ref      ] GC(244) Weak: 6353 encountered, 857 discovered, 0 enqueued
[66.197s][info][gc,ref      ] GC(244) Final: 62 encountered, 0 discovered, 0 enqueued
[66.197s][info][gc,ref      ] GC(244) Phantom: 617 encountered, 481 discovered, 0 enqueued
[66.197s][info][gc,reloc    ] GC(244) Small Pages: 321 / 642M, Empty: 0M, Relocated: 19M, In-Place: 0
[66.197s][info][gc,reloc    ] GC(244) Medium Pages: 2 / 64M, Empty: 0M, Relocated: 12M, In-Place: 0
[66.198s][info][gc,reloc    ] GC(244) Large Pages: 4 / 40M, Empty: 0M, Relocated: 0M, In-Place: 0
[66.198s][info][gc,reloc    ] GC(244) Forwarding Usage: 17M
[66.198s][info][gc,heap     ] GC(244) Min Capacity: 8M(1%)
[66.198s][info][gc,heap     ] GC(244) Max Capacity: 1024M(100%)
[66.198s][info][gc,heap     ] GC(244) Soft Max Capacity: 1024M(100%)
[66.198s][info][gc,heap     ] GC(244)                Mark Start          Mark End        Relocate Start      Relocate End           High               Low         
[66.198s][info][gc,heap     ] GC(244)  Capacity:     1024M (100%)       1024M (100%)       1024M (100%)       1024M (100%)       1024M (100%)       1024M (100%)   
[66.198s][info][gc,heap     ] GC(244)      Free:      278M (27%)         244M (24%)         244M (24%)         616M (60%)         616M (60%)         196M (19%)    
[66.198s][info][gc,heap     ] GC(244)      Used:      746M (73%)         780M (76%)         780M (76%)         408M (40%)         828M (81%)         408M (40%)    
[66.198s][info][gc,heap     ] GC(244)      Live:         -               306M (30%)         306M (30%)         306M (30%)            -                  -          
[66.198s][info][gc,heap     ] GC(244) Allocated:         -                34M (3%)           34M (3%)           33M (3%)             -                  -          
[66.198s][info][gc,heap     ] GC(244)   Garbage:         -               439M (43%)         439M (43%)          68M (7%)             -                  -          
[66.198s][info][gc,heap     ] GC(244) Reclaimed:         -                  -                 0M (0%)          371M (36%)            -                  -          
[66.198s][info][gc          ] GC(244) Garbage Collection (Allocation Rate) 746M(73%)->408M(40%)
[66.203s][info][gc,start    ] GC(245) Garbage Collection (Allocation Rate)
[66.203s][info][gc,task     ] GC(245) Using 10 workers
[66.203s][info][gc,phases   ] GC(245) Pause Mark Start 0.011ms
[66.371s][info][gc,phases   ] GC(245) Concurrent Mark 167.420ms
[66.371s][info][gc,phases   ] GC(245) Pause Mark End 0.024ms
[66.371s][info][gc,phases   ] GC(245) Concurrent Mark Free 0.001ms
[66.373s][info][gc,phases   ] GC(245) Concurrent Process Non-Strong References 2.324ms
[66.373s][info][gc,phases   ] GC(245) Concurrent Reset Relocation Set 0.030ms
[66.378s][info][gc,phases   ] GC(245) Concurrent Select Relocation Set 4.949ms
[66.379s][info][gc,phases   ] GC(245) Pause Relocate Start 0.012ms
[66.387s][info][gc,phases   ] GC(245) Concurrent Relocate 8.009ms
[66.387s][info][gc,load     ] GC(245) Load: 0.00/0.00/0.00
[66.387s][info][gc,mmu      ] GC(245) MMU: 2ms/96.1%, 5ms/98.4%, 10ms/99.2%, 20ms/99.6%, 50ms/99.8%, 100ms/99.9%
[66.387s][info][gc,marking  ] GC(245) Mark: 8 stripe(s), 3 proactive flush(es), 1 terminate flush(es), 0 completion(s), 0 continuation(s) 
[66.387s][info][gc,marking  ] GC(245) Mark Stack Usage: 32M
[66.387s][info][gc,nmethod  ] GC(245) NMethods: 5645 registered, 4323 unregistered
[66.387s][info][gc,metaspace] GC(245) Metaspace: 64M used, 65M committed, 1088M reserved
[66.387s][info][gc,ref      ] GC(245) Soft: 3236 encountered, 0 discovered, 0 enqueued
[66.387s][info][gc,ref      ] GC(245) Weak: 6353 encountered, 2827 discovered, 0 enqueued
[66.387s][info][gc,ref      ] GC(245) Final: 62 encountered, 36 discovered, 0 enqueued
[66.387s][info][gc,ref      ] GC(245) Phantom: 617 encountered, 550 discovered, 0 enqueued
[66.387s][info][gc,reloc    ] GC(245) Small Pages: 152 / 304M, Empty: 0M, Relocated: 5M, In-Place: 0
[66.387s][info][gc,reloc    ] GC(245) Medium Pages: 2 / 64M, Empty: 0M, Relocated: 17M, In-Place: 0
[66.387s][info][gc,reloc    ] GC(245) Large Pages: 4 / 40M, Empty: 0M, Relocated: 0M, In-Place: 0
[66.387s][info][gc,reloc    ] GC(245) Forwarding Usage: 4M
[66.387s][info][gc,heap     ] GC(245) Min Capacity: 8M(1%)
[66.387s][info][gc,heap     ] GC(245) Max Capacity: 1024M(100%)
[66.387s][info][gc,heap     ] GC(245) Soft Max Capacity: 1024M(100%)
[66.387s][info][gc,heap     ] GC(245)                Mark Start          Mark End        Relocate Start      Relocate End           High               Low         
[66.387s][info][gc,heap     ] GC(245)  Capacity:     1024M (100%)       1024M (100%)       1024M (100%)       1024M (100%)       1024M (100%)       1024M (100%)   
[66.387s][info][gc,heap     ] GC(245)      Free:      616M (60%)         582M (57%)         582M (57%)         612M (60%)         616M (60%)         534M (52%)    
[66.387s][info][gc,heap     ] GC(245)      Used:      408M (40%)         442M (43%)         442M (43%)         412M (40%)         490M (48%)         408M (40%)    
[66.387s][info][gc,heap     ] GC(245)      Live:         -               311M (30%)         311M (30%)         311M (30%)            -                  -          
[66.387s][info][gc,heap     ] GC(245) Allocated:         -                34M (3%)           34M (3%)           33M (3%)             -                  -          
[66.387s][info][gc,heap     ] GC(245)   Garbage:         -                96M (9%)           96M (9%)           67M (7%)             -                  -          
[66.387s][info][gc,heap     ] GC(245) Reclaimed:         -                  -                 0M (0%)           29M (3%)             -                  -          
[66.387s][info][gc          ] GC(245) Garbage Collection (Allocation Rate) 408M(40%)->412M(40%)
[66.418s][info][gc,start    ] GC(246) Garbage Collection (Allocation Rate)
[66.418s][info][gc,task     ] GC(246) Using 10 workers
[66.418s][info][gc,phases   ] GC(246) Pause Mark Start 0.014ms
[66.582s][info][gc,phases   ] GC(246) Concurrent Mark 164.311ms
[66.583s][info][gc,phases   ] GC(246) Pause Mark End 0.045ms
[66.583s][info][gc,phases   ] GC(246) Concurrent Mark Free 0.001ms
[66.585s][info][gc,phases   ] GC(246) Concurrent Process Non-Strong References 1.978ms
[66.585s][info][gc,phases   ] GC(246) Concurrent Reset Relocation Set 0.002ms
[66.592s][info][gc,phases   ] GC(246) Concurrent Select Relocation Set 7.552ms
[66.592s][info][gc,phases   ] GC(246) Pause Relocate Start 0.008ms
[66.600s][info][gc,phases   ] GC(246) Concurrent Relocate 7.945ms
[66.600s][info][gc,load     ] GC(246) Load: 0.00/0.00/0.00
[66.600s][info][gc,mmu      ] GC(246) MMU: 2ms/96.1%, 5ms/98.4%, 10ms/99.2%, 20ms/99.6%, 50ms/99.8%, 100ms/99.9%
[66.600s][info][gc,marking  ] GC(246) Mark: 8 stripe(s), 3 proactive flush(es), 1 terminate flush(es), 0 completion(s), 0 continuation(s) 
[66.600s][info][gc,marking  ] GC(246) Mark Stack Usage: 32M
[66.600s][info][gc,nmethod  ] GC(246) NMethods: 5659 registered, 4326 unregistered
[66.601s][info][gc,metaspace] GC(246) Metaspace: 64M used, 65M committed, 1088M reserved
[66.601s][info][gc,ref      ] GC(246) Soft: 3236 encountered, 0 discovered, 0 enqueued
[66.601s][info][gc,ref      ] GC(246) Weak: 6495 encountered, 709 discovered, 3 enqueued
[66.601s][info][gc,ref      ] GC(246) Final: 62 encountered, 18 discovered, 0 enqueued
[66.601s][info][gc,ref      ] GC(246) Phantom: 619 encountered, 608 discovered, 0 enqueued
[66.601s][info][gc,reloc    ] GC(246) Small Pages: 156 / 312M, Empty: 0M, Relocated: 6M, In-Place: 0
[66.601s][info][gc,reloc    ] GC(246) Medium Pages: 2 / 64M, Empty: 0M, Relocated: 14M, In-Place: 0
[66.601s][info][gc,reloc    ] GC(246) Large Pages: 4 / 40M, Empty: 0M, Relocated: 0M, In-Place: 0
[66.601s][info][gc,reloc    ] GC(246) Forwarding Usage: 5M
[66.601s][info][gc,heap     ] GC(246) Min Capacity: 8M(1%)
[66.601s][info][gc,heap     ] GC(246) Max Capacity: 1024M(100%)
[66.601s][info][gc,heap     ] GC(246) Soft Max Capacity: 1024M(100%)
[66.601s][info][gc,heap     ] GC(246)                Mark Start          Mark End        Relocate Start      Relocate End           High               Low         
[66.601s][info][gc,heap     ] GC(246)  Capacity:     1024M (100%)       1024M (100%)       1024M (100%)       1024M (100%)       1024M (100%)       1024M (100%)   
[66.601s][info][gc,heap     ] GC(246)      Free:      608M (59%)         542M (53%)         540M (53%)         580M (57%)         608M (59%)         492M (48%)    
[66.601s][info][gc,heap     ] GC(246)      Used:      416M (41%)         482M (47%)         484M (47%)         444M (43%)         532M (52%)         416M (41%)    
[66.601s][info][gc,heap     ] GC(246)      Live:         -               308M (30%)         308M (30%)         308M (30%)            -                  -          
[66.601s][info][gc,heap     ] GC(246) Allocated:         -                66M (6%)           68M (7%)           69M (7%)             -                  -          
[66.601s][info][gc,heap     ] GC(246)   Garbage:         -               107M (11%)         107M (11%)          65M (6%)             -                  -          
[66.601s][info][gc,heap     ] GC(246) Reclaimed:         -                  -                 0M (0%)           41M (4%)             -                  -          
[66.601s][info][gc          ] GC(246) Garbage Collection (Allocation Rate) 416M(41%)->444M(43%)
[66.614s][info][gc,start    ] GC(247) Garbage Collection (Allocation Rate)
[66.614s][info][gc,task     ] GC(247) Using 10 workers
[66.614s][info][gc,phases   ] GC(247) Pause Mark Start 0.010ms
[66.723s][info][gc,phases   ] GC(247) Concurrent Mark 109.093ms
[66.723s][info][gc,phases   ] GC(247) Pause Mark End 0.031ms
[66.723s][info][gc,phases   ] GC(247) Concurrent Mark Free 0.001ms
[66.725s][info][gc,phases   ] GC(247) Concurrent Process Non-Strong References 1.897ms
[66.725s][info][gc,phases   ] GC(247) Concurrent Reset Relocation Set 0.002ms
[66.743s][info][gc,phases   ] GC(247) Concurrent Select Relocation Set 18.002ms
[66.743s][info][gc,phases   ] GC(247) Pause Relocate Start 0.009ms
[66.766s][info][gc,phases   ] GC(247) Concurrent Relocate 22.858ms
[66.766s][info][gc,load     ] GC(247) Load: 0.00/0.00/0.00
[66.766s][info][gc,mmu      ] GC(247) MMU: 2ms/96.1%, 5ms/98.4%, 10ms/99.2%, 20ms/99.6%, 50ms/99.8%, 100ms/99.9%
[66.766s][info][gc,marking  ] GC(247) Mark: 8 stripe(s), 2 proactive flush(es), 1 terminate flush(es), 0 completion(s), 0 continuation(s) 
[66.766s][info][gc,marking  ] GC(247) Mark Stack Usage: 32M
[66.766s][info][gc,nmethod  ] GC(247) NMethods: 5677 registered, 4328 unregistered
[66.766s][info][gc,metaspace] GC(247) Metaspace: 64M used, 65M committed, 1088M reserved
[66.766s][info][gc,ref      ] GC(247) Soft: 3234 encountered, 0 discovered, 0 enqueued
[66.766s][info][gc,ref      ] GC(247) Weak: 6493 encountered, 1978 discovered, 64 enqueued
[66.766s][info][gc,ref      ] GC(247) Final: 62 encountered, 38 discovered, 0 enqueued
[66.766s][info][gc,ref      ] GC(247) Phantom: 619 encountered, 242 discovered, 0 enqueued
[66.766s][info][gc,reloc    ] GC(247) Small Pages: 171 / 342M, Empty: 22M, Relocated: 52M, In-Place: 0
[66.767s][info][gc,reloc    ] GC(247) Medium Pages: 2 / 64M, Empty: 32M, Relocated: 0M, In-Place: 0
[66.767s][info][gc,reloc    ] GC(247) Large Pages: 4 / 40M, Empty: 20M, Relocated: 0M, In-Place: 0
[66.767s][info][gc,reloc    ] GC(247) Forwarding Usage: 46M
[66.767s][info][gc,heap     ] GC(247) Min Capacity: 8M(1%)
[66.767s][info][gc,heap     ] GC(247) Max Capacity: 1024M(100%)
[66.767s][info][gc,heap     ] GC(247) Soft Max Capacity: 1024M(100%)
[66.767s][info][gc,heap     ] GC(247)                Mark Start          Mark End        Relocate Start      Relocate End           High               Low         
[66.767s][info][gc,heap     ] GC(247)  Capacity:     1024M (100%)       1024M (100%)       1024M (100%)       1024M (100%)       1024M (100%)       1024M (100%)   
[66.767s][info][gc,heap     ] GC(247)      Free:      578M (56%)         562M (55%)         626M (61%)         720M (70%)         720M (70%)         562M (55%)    
[66.767s][info][gc,heap     ] GC(247)      Used:      446M (44%)         462M (45%)         398M (39%)         304M (30%)         462M (45%)         304M (30%)    
[66.767s][info][gc,heap     ] GC(247)      Live:         -               235M (23%)         235M (23%)         235M (23%)            -                  -          
[66.767s][info][gc,heap     ] GC(247) Allocated:         -                16M (2%)           26M (3%)           27M (3%)             -                  -          
[66.767s][info][gc,heap     ] GC(247)   Garbage:         -               210M (21%)         136M (13%)          40M (4%)             -                  -          
[66.767s][info][gc,heap     ] GC(247) Reclaimed:         -                  -                74M (7%)          169M (17%)            -                  -          
[66.767s][info][gc          ] GC(247) Garbage Collection (Allocation Rate) 446M(44%)->304M(30%)
[66.803s][info][gc,start    ] GC(248) Garbage Collection (Allocation Rate)
[66.803s][info][gc,task     ] GC(248) Using 10 workers
[66.803s][info][gc,phases   ] GC(248) Pause Mark Start 0.012ms
[66.894s][info][gc,phases   ] GC(248) Concurrent Mark 91.157ms
[66.894s][info][gc,phases   ] GC(248) Pause Mark End 0.034ms
[66.894s][info][gc,phases   ] GC(248) Concurrent Mark Free 0.001ms
[66.896s][info][gc,phases   ] GC(248) Concurrent Process Non-Strong References 1.997ms
[66.896s][info][gc,phases   ] GC(248) Concurrent Reset Relocation Set 0.017ms
[66.904s][info][gc,phases   ] GC(248) Concurrent Select Relocation Set 7.661ms
[66.904s][info][gc,phases   ] GC(248) Pause Relocate Start 0.008ms
[66.919s][info][gc,phases   ] GC(248) Concurrent Relocate 14.828ms
[66.919s][info][gc,load     ] GC(248) Load: 0.00/0.00/0.00
[66.919s][info][gc,mmu      ] GC(248) MMU: 2ms/96.1%, 5ms/98.4%, 10ms/99.2%, 20ms/99.6%, 50ms/99.8%, 100ms/99.9%
[66.919s][info][gc,marking  ] GC(248) Mark: 8 stripe(s), 2 proactive flush(es), 1 terminate flush(es), 0 completion(s), 0 continuation(s) 
[66.919s][info][gc,marking  ] GC(248) Mark Stack Usage: 32M
[66.919s][info][gc,nmethod  ] GC(248) NMethods: 5679 registered, 4336 unregistered
[66.919s][info][gc,metaspace] GC(248) Metaspace: 64M used, 65M committed, 1088M reserved
[66.919s][info][gc,ref      ] GC(248) Soft: 3236 encountered, 0 discovered, 0 enqueued
[66.919s][info][gc,ref      ] GC(248) Weak: 6565 encountered, 644 discovered, 157 enqueued
[66.919s][info][gc,ref      ] GC(248) Final: 62 encountered, 0 discovered, 0 enqueued
[66.919s][info][gc,ref      ] GC(248) Phantom: 620 encountered, 467 discovered, 0 enqueued
[66.919s][info][gc,reloc    ] GC(248) Small Pages: 161 / 322M, Empty: 38M, Relocated: 10M, In-Place: 0
[66.919s][info][gc,reloc    ] GC(248) Medium Pages: 2 / 64M, Empty: 0M, Relocated: 20M, In-Place: 0
[66.919s][info][gc,reloc    ] GC(248) Large Pages: 3 / 26M, Empty: 26M, Relocated: 0M, In-Place: 0
[66.919s][info][gc,reloc    ] GC(248) Forwarding Usage: 8M
[66.919s][info][gc,heap     ] GC(248) Min Capacity: 8M(1%)
[66.919s][info][gc,heap     ] GC(248) Max Capacity: 1024M(100%)
[66.919s][info][gc,heap     ] GC(248) Soft Max Capacity: 1024M(100%)
[66.919s][info][gc,heap     ] GC(248)                Mark Start          Mark End        Relocate Start      Relocate End           High               Low         
[66.919s][info][gc,heap     ] GC(248)  Capacity:     1024M (100%)       1024M (100%)       1024M (100%)       1024M (100%)       1024M (100%)       1024M (100%)   
[66.919s][info][gc,heap     ] GC(248)      Free:      612M (60%)         494M (48%)         552M (54%)         686M (67%)         686M (67%)         488M (48%)    
[66.919s][info][gc,heap     ] GC(248)      Used:      412M (40%)         530M (52%)         472M (46%)         338M (33%)         536M (52%)         338M (33%)    
[66.919s][info][gc,heap     ] GC(248)      Live:         -               183M (18%)         183M (18%)         183M (18%)            -                  -          
[66.919s][info][gc,heap     ] GC(248) Allocated:         -               118M (12%)         124M (12%)         127M (12%)            -                  -          
[66.919s][info][gc,heap     ] GC(248)   Garbage:         -               228M (22%)         164M (16%)          26M (3%)             -                  -          
[66.920s][info][gc,heap     ] GC(248) Reclaimed:         -                  -                64M (6%)          201M (20%)            -                  -          
[66.920s][info][gc          ] GC(248) Garbage Collection (Allocation Rate) 412M(40%)->338M(33%)
[67.003s][info][gc,start    ] GC(249) Garbage Collection (Allocation Rate)
[67.003s][info][gc,task     ] GC(249) Using 10 workers
[67.004s][info][gc,phases   ] GC(249) Pause Mark Start 0.012ms
[67.113s][info][gc,phases   ] GC(249) Concurrent Mark 108.988ms
[67.113s][info][gc,phases   ] GC(249) Pause Mark End 0.032ms
[67.113s][info][gc,phases   ] GC(249) Concurrent Mark Free 0.001ms
[67.115s][info][gc,phases   ] GC(249) Concurrent Process Non-Strong References 2.063ms
[67.115s][info][gc,phases   ] GC(249) Concurrent Reset Relocation Set 0.009ms
[67.130s][info][gc,phases   ] GC(249) Concurrent Select Relocation Set 14.542ms
[67.130s][info][gc,phases   ] GC(249) Pause Relocate Start 0.008ms
[67.147s][info][gc,phases   ] GC(249) Concurrent Relocate 16.744ms
[67.147s][info][gc,load     ] GC(249) Load: 0.00/0.00/0.00
[67.147s][info][gc,mmu      ] GC(249) MMU: 2ms/96.1%, 5ms/98.4%, 10ms/99.2%, 20ms/99.6%, 50ms/99.8%, 100ms/99.9%
[67.147s][info][gc,marking  ] GC(249) Mark: 8 stripe(s), 2 proactive flush(es), 1 terminate flush(es), 0 completion(s), 0 continuation(s) 
[67.147s][info][gc,marking  ] GC(249) Mark Stack Usage: 32M
[67.147s][info][gc,nmethod  ] GC(249) NMethods: 5683 registered, 4336 unregistered
[67.147s][info][gc,metaspace] GC(249) Metaspace: 64M used, 65M committed, 1088M reserved
[67.147s][info][gc,ref      ] GC(249) Soft: 3237 encountered, 0 discovered, 0 enqueued
[67.147s][info][gc,ref      ] GC(249) Weak: 6412 encountered, 730 discovered, 5 enqueued
[67.147s][info][gc,ref      ] GC(249) Final: 62 encountered, 0 discovered, 0 enqueued
[67.147s][info][gc,ref      ] GC(249) Phantom: 619 encountered, 547 discovered, 0 enqueued
[67.147s][info][gc,reloc    ] GC(249) Small Pages: 137 / 274M, Empty: 0M, Relocated: 22M, In-Place: 0
[67.147s][info][gc,reloc    ] GC(249) Medium Pages: 2 / 64M, Empty: 32M, Relocated: 0M, In-Place: 0
[67.147s][info][gc,reloc    ] GC(249) Large Pages: 4 / 24M, Empty: 0M, Relocated: 0M, In-Place: 0
[67.147s][info][gc,reloc    ] GC(249) Forwarding Usage: 23M
[67.147s][info][gc,heap     ] GC(249) Min Capacity: 8M(1%)
[67.147s][info][gc,heap     ] GC(249) Max Capacity: 1024M(100%)
[67.147s][info][gc,heap     ] GC(249) Soft Max Capacity: 1024M(100%)
[67.147s][info][gc,heap     ] GC(249)                Mark Start          Mark End        Relocate Start      Relocate End           High               Low         
[67.147s][info][gc,heap     ] GC(249)  Capacity:     1024M (100%)       1024M (100%)       1024M (100%)       1024M (100%)       1024M (100%)       1024M (100%)   
[67.147s][info][gc,heap     ] GC(249)      Free:      662M (65%)         630M (62%)         644M (63%)         662M (65%)         662M (65%)         624M (61%)    
[67.147s][info][gc,heap     ] GC(249)      Used:      362M (35%)         394M (38%)         380M (37%)         362M (35%)         400M (39%)         362M (35%)    
[67.147s][info][gc,heap     ] GC(249)      Live:         -               211M (21%)         211M (21%)         211M (21%)            -                  -          
[67.147s][info][gc,heap     ] GC(249) Allocated:         -                32M (3%)           50M (5%)          107M (11%)            -                  -          
[67.147s][info][gc,heap     ] GC(249)   Garbage:         -               150M (15%)         118M (12%)          42M (4%)             -                  -          
[67.148s][info][gc,heap     ] GC(249) Reclaimed:         -                  -                32M (3%)          107M (11%)            -                  -          
[67.148s][info][gc          ] GC(249) Garbage Collection (Allocation Rate) 362M(35%)->362M(35%)
[67.207s][info][gc,start    ] GC(250) Garbage Collection (Allocation Rate)
[67.207s][info][gc,task     ] GC(250) Using 10 workers
[67.207s][info][gc,phases   ] GC(250) Pause Mark Start 0.012ms
[67.331s][info][gc,phases   ] GC(250) Concurrent Mark 124.560ms
[67.332s][info][gc,phases   ] GC(250) Pause Mark End 0.021ms
[67.332s][info][gc,phases   ] GC(250) Concurrent Mark Free 0.001ms
[67.333s][info][gc,phases   ] GC(250) Concurrent Process Non-Strong References 1.863ms
[67.333s][info][gc,phases   ] GC(250) Concurrent Reset Relocation Set 0.007ms
[67.362s][info][gc,phases   ] GC(250) Concurrent Select Relocation Set 28.335ms
[67.362s][info][gc,phases   ] GC(250) Pause Relocate Start 0.013ms
[67.396s][info][gc,phases   ] GC(250) Concurrent Relocate 33.776ms
[67.396s][info][gc,load     ] GC(250) Load: 0.00/0.00/0.00
[67.396s][info][gc,mmu      ] GC(250) MMU: 2ms/96.1%, 5ms/98.4%, 10ms/99.2%, 20ms/99.6%, 50ms/99.8%, 100ms/99.9%
[67.396s][info][gc,marking  ] GC(250) Mark: 8 stripe(s), 2 proactive flush(es), 1 terminate flush(es), 0 completion(s), 0 continuation(s) 
[67.396s][info][gc,marking  ] GC(250) Mark Stack Usage: 32M
[67.396s][info][gc,nmethod  ] GC(250) NMethods: 5686 registered, 4336 unregistered
[67.396s][info][gc,metaspace] GC(250) Metaspace: 64M used, 65M committed, 1088M reserved
[67.396s][info][gc,ref      ] GC(250) Soft: 3240 encountered, 0 discovered, 0 enqueued
[67.396s][info][gc,ref      ] GC(250) Weak: 6408 encountered, 684 discovered, 0 enqueued
[67.396s][info][gc,ref      ] GC(250) Final: 62 encountered, 0 discovered, 0 enqueued
[67.396s][info][gc,ref      ] GC(250) Phantom: 617 encountered, 491 discovered, 0 enqueued
[67.396s][info][gc,reloc    ] GC(250) Small Pages: 205 / 410M, Empty: 0M, Relocated: 57M, In-Place: 0
[67.396s][info][gc,reloc    ] GC(250) Medium Pages: 2 / 64M, Empty: 0M, Relocated: 15M, In-Place: 0
[67.396s][info][gc,reloc    ] GC(250) Large Pages: 5 / 30M, Empty: 0M, Relocated: 0M, In-Place: 0
[67.396s][info][gc,reloc    ] GC(250) Forwarding Usage: 45M
[67.396s][info][gc,heap     ] GC(250) Min Capacity: 8M(1%)
[67.396s][info][gc,heap     ] GC(250) Max Capacity: 1024M(100%)
[67.396s][info][gc,heap     ] GC(250) Soft Max Capacity: 1024M(100%)
[67.396s][info][gc,heap     ] GC(250)                Mark Start          Mark End        Relocate Start      Relocate End           High               Low         
[67.396s][info][gc,heap     ] GC(250)  Capacity:     1024M (100%)       1024M (100%)       1024M (100%)       1024M (100%)       1024M (100%)       1024M (100%)   
[67.396s][info][gc,heap     ] GC(250)      Free:      520M (51%)         372M (36%)         358M (35%)         548M (54%)         548M (54%)         310M (30%)    
[67.396s][info][gc,heap     ] GC(250)      Used:      504M (49%)         652M (64%)         666M (65%)         476M (46%)         714M (70%)         476M (46%)    
[67.396s][info][gc,heap     ] GC(250)      Live:         -               258M (25%)         258M (25%)         258M (25%)            -                  -          
[67.396s][info][gc,heap     ] GC(250) Allocated:         -               148M (14%)         162M (16%)         179M (18%)            -                  -          
[67.396s][info][gc,heap     ] GC(250)   Garbage:         -               245M (24%)         245M (24%)          37M (4%)             -                  -          
[67.396s][info][gc,heap     ] GC(250) Reclaimed:         -                  -                 0M (0%)          207M (20%)            -                  -          
[67.396s][info][gc          ] GC(250) Garbage Collection (Allocation Rate) 504M(49%)->476M(46%)
[67.403s][info][gc,start    ] GC(251) Garbage Collection (Allocation Rate)
[67.403s][info][gc,task     ] GC(251) Using 10 workers
[67.403s][info][gc,phases   ] GC(251) Pause Mark Start 0.009ms
[67.526s][info][gc,phases   ] GC(251) Concurrent Mark 122.560ms
[67.526s][info][gc,phases   ] GC(251) Pause Mark End 0.032ms
[67.526s][info][gc,phases   ] GC(251) Concurrent Mark Free 0.001ms
[67.528s][info][gc,phases   ] GC(251) Concurrent Process Non-Strong References 2.016ms
[67.528s][info][gc,phases   ] GC(251) Concurrent Reset Relocation Set 0.024ms
[67.534s][info][gc,phases   ] GC(251) Concurrent Select Relocation Set 5.713ms
[67.534s][info][gc,phases   ] GC(251) Pause Relocate Start 0.011ms
[67.555s][info][gc,phases   ] GC(251) Concurrent Relocate 20.961ms
[67.555s][info][gc,load     ] GC(251) Load: 0.00/0.00/0.00
[67.555s][info][gc,mmu      ] GC(251) MMU: 2ms/96.1%, 5ms/98.4%, 10ms/99.2%, 20ms/99.6%, 50ms/99.8%, 100ms/99.9%
[67.555s][info][gc,marking  ] GC(251) Mark: 8 stripe(s), 2 proactive flush(es), 1 terminate flush(es), 0 completion(s), 0 continuation(s) 
[67.555s][info][gc,marking  ] GC(251) Mark Stack Usage: 32M
[67.555s][info][gc,nmethod  ] GC(251) NMethods: 5686 registered, 4337 unregistered
[67.555s][info][gc,metaspace] GC(251) Metaspace: 64M used, 65M committed, 1088M reserved
[67.555s][info][gc,ref      ] GC(251) Soft: 3240 encountered, 0 discovered, 0 enqueued
[67.555s][info][gc,ref      ] GC(251) Weak: 6408 encountered, 989 discovered, 0 enqueued
[67.555s][info][gc,ref      ] GC(251) Final: 62 encountered, 49 discovered, 0 enqueued
[67.555s][info][gc,ref      ] GC(251) Phantom: 618 encountered, 545 discovered, 0 enqueued
[67.555s][info][gc,reloc    ] GC(251) Small Pages: 186 / 372M, Empty: 14M, Relocated: 48M, In-Place: 0
[67.555s][info][gc,reloc    ] GC(251) Medium Pages: 2 / 64M, Empty: 0M, Relocated: 10M, In-Place: 0
[67.555s][info][gc,reloc    ] GC(251) Large Pages: 8 / 48M, Empty: 18M, Relocated: 0M, In-Place: 0
[67.555s][info][gc,reloc    ] GC(251) Forwarding Usage: 27M
[67.555s][info][gc,heap     ] GC(251) Min Capacity: 8M(1%)
[67.555s][info][gc,heap     ] GC(251) Max Capacity: 1024M(100%)
[67.555s][info][gc,heap     ] GC(251) Soft Max Capacity: 1024M(100%)
[67.555s][info][gc,heap     ] GC(251)                Mark Start          Mark End        Relocate Start      Relocate End           High               Low         
[67.555s][info][gc,heap     ] GC(251)  Capacity:     1024M (100%)       1024M (100%)       1024M (100%)       1024M (100%)       1024M (100%)       1024M (100%)   
[67.555s][info][gc,heap     ] GC(251)      Free:      540M (53%)         312M (30%)         332M (32%)         428M (42%)         540M (53%)         284M (28%)    
[67.555s][info][gc,heap     ] GC(251)      Used:      484M (47%)         712M (70%)         692M (68%)         596M (58%)         740M (72%)         484M (47%)    
[67.556s][info][gc,heap     ] GC(251)      Live:         -               278M (27%)         278M (27%)         278M (27%)            -                  -          
[67.556s][info][gc,heap     ] GC(251) Allocated:         -               228M (22%)         240M (23%)         270M (26%)            -                  -          
[67.556s][info][gc,heap     ] GC(251)   Garbage:         -               205M (20%)         173M (17%)          47M (5%)             -                  -          
[67.556s][info][gc,heap     ] GC(251) Reclaimed:         -                  -                32M (3%)          158M (15%)            -                  -          
[67.556s][info][gc          ] GC(251) Garbage Collection (Allocation Rate) 484M(47%)->596M(58%)
[67.604s][info][gc,start    ] GC(252) Garbage Collection (Allocation Rate)
[67.604s][info][gc,task     ] GC(252) Using 10 workers
[67.604s][info][gc,phases   ] GC(252) Pause Mark Start 0.013ms
[67.729s][info][gc,phases   ] GC(252) Concurrent Mark 124.582ms
[67.729s][info][gc,phases   ] GC(252) Pause Mark End 0.027ms
[67.729s][info][gc,phases   ] GC(252) Concurrent Mark Free 0.001ms
[67.731s][info][gc,phases   ] GC(252) Concurrent Process Non-Strong References 1.838ms
[67.731s][info][gc,phases   ] GC(252) Concurrent Reset Relocation Set 0.010ms
[67.735s][info][gc,phases   ] GC(252) Concurrent Select Relocation Set 3.798ms
[67.735s][info][gc,phases   ] GC(252) Pause Relocate Start 0.010ms
[67.752s][info][gc,phases   ] GC(252) Concurrent Relocate 17.421ms
[67.752s][info][gc,load     ] GC(252) Load: 0.00/0.00/0.00
[67.752s][info][gc,mmu      ] GC(252) MMU: 2ms/96.1%, 5ms/98.4%, 10ms/99.2%, 20ms/99.6%, 50ms/99.8%, 100ms/99.9%
[67.752s][info][gc,marking  ] GC(252) Mark: 8 stripe(s), 2 proactive flush(es), 1 terminate flush(es), 0 completion(s), 0 continuation(s) 
[67.752s][info][gc,marking  ] GC(252) Mark Stack Usage: 32M
[67.753s][info][gc,nmethod  ] GC(252) NMethods: 5690 registered, 4337 unregistered
[67.753s][info][gc,metaspace] GC(252) Metaspace: 64M used, 65M committed, 1088M reserved
[67.753s][info][gc,ref      ] GC(252) Soft: 3240 encountered, 0 discovered, 0 enqueued
[67.753s][info][gc,ref      ] GC(252) Weak: 6408 encountered, 1068 discovered, 0 enqueued
[67.753s][info][gc,ref      ] GC(252) Final: 62 encountered, 0 discovered, 0 enqueued
[67.753s][info][gc,ref      ] GC(252) Phantom: 617 encountered, 477 discovered, 0 enqueued
[67.753s][info][gc,reloc    ] GC(252) Small Pages: 314 / 628M, Empty: 0M, Relocated: 33M, In-Place: 0
[67.753s][info][gc,reloc    ] GC(252) Medium Pages: 1 / 32M, Empty: 0M, Relocated: 0M, In-Place: 0
[67.753s][info][gc,reloc    ] GC(252) Large Pages: 5 / 30M, Empty: 6M, Relocated: 0M, In-Place: 0
[67.753s][info][gc,reloc    ] GC(252) Forwarding Usage: 21M
[67.753s][info][gc,heap     ] GC(252) Min Capacity: 8M(1%)
[67.753s][info][gc,heap     ] GC(252) Max Capacity: 1024M(100%)
[67.753s][info][gc,heap     ] GC(252) Soft Max Capacity: 1024M(100%)
[67.753s][info][gc,heap     ] GC(252)                Mark Start          Mark End        Relocate Start      Relocate End           High               Low         
[67.753s][info][gc,heap     ] GC(252)  Capacity:     1024M (100%)       1024M (100%)       1024M (100%)       1024M (100%)       1024M (100%)       1024M (100%)   
[67.753s][info][gc,heap     ] GC(252)      Free:      334M (33%)          96M (9%)          100M (10%)         442M (43%)         442M (43%)          80M (8%)     
[67.753s][info][gc,heap     ] GC(252)      Used:      690M (67%)         928M (91%)         924M (90%)         582M (57%)         944M (92%)         582M (57%)    
[67.753s][info][gc,heap     ] GC(252)      Live:         -               287M (28%)         287M (28%)         287M (28%)            -                  -          
[67.753s][info][gc,heap     ] GC(252) Allocated:         -               238M (23%)         240M (23%)         245M (24%)            -                  -          
[67.753s][info][gc,heap     ] GC(252)   Garbage:         -               402M (39%)         396M (39%)          48M (5%)             -                  -          
[67.753s][info][gc,heap     ] GC(252) Reclaimed:         -                  -                 6M (1%)          353M (35%)            -                  -          
[67.753s][info][gc          ] GC(252) Garbage Collection (Allocation Rate) 690M(67%)->582M(57%)
[67.807s][info][gc,start    ] GC(253) Garbage Collection (Allocation Rate)
[67.807s][info][gc,task     ] GC(253) Using 10 workers
[67.807s][info][gc,phases   ] GC(253) Pause Mark Start 0.015ms
[67.947s][info][gc,phases   ] GC(253) Concurrent Mark 140.212ms
[67.948s][info][gc,phases   ] GC(253) Pause Mark End 0.025ms
[67.948s][info][gc,phases   ] GC(253) Concurrent Mark Free 0.001ms
[67.949s][info][gc,phases   ] GC(253) Concurrent Process Non-Strong References 1.814ms
[67.950s][info][gc,phases   ] GC(253) Concurrent Reset Relocation Set 0.027ms
[67.953s][info][gc,phases   ] GC(253) Concurrent Select Relocation Set 3.468ms
[67.953s][info][gc,phases   ] GC(253) Pause Relocate Start 0.008ms
[67.963s][info][gc,phases   ] GC(253) Concurrent Relocate 10.304ms
[67.964s][info][gc,load     ] GC(253) Load: 0.00/0.00/0.00
[67.964s][info][gc,mmu      ] GC(253) MMU: 2ms/96.1%, 5ms/98.4%, 10ms/99.2%, 20ms/99.6%, 50ms/99.8%, 100ms/99.9%
[67.964s][info][gc,marking  ] GC(253) Mark: 8 stripe(s), 2 proactive flush(es), 1 terminate flush(es), 0 completion(s), 0 continuation(s) 
[67.964s][info][gc,marking  ] GC(253) Mark Stack Usage: 32M
[67.964s][info][gc,nmethod  ] GC(253) NMethods: 5689 registered, 4339 unregistered
[67.964s][info][gc,metaspace] GC(253) Metaspace: 64M used, 65M committed, 1088M reserved
[67.964s][info][gc,ref      ] GC(253) Soft: 3240 encountered, 0 discovered, 0 enqueued
[67.964s][info][gc,ref      ] GC(253) Weak: 6408 encountered, 1145 discovered, 0 enqueued
[67.964s][info][gc,ref      ] GC(253) Final: 62 encountered, 20 discovered, 0 enqueued
[67.964s][info][gc,ref      ] GC(253) Phantom: 621 encountered, 605 discovered, 0 enqueued
[67.964s][info][gc,reloc    ] GC(253) Small Pages: 258 / 516M, Empty: 6M, Relocated: 19M, In-Place: 0
[67.964s][info][gc,reloc    ] GC(253) Medium Pages: 2 / 64M, Empty: 0M, Relocated: 17M, In-Place: 0
[67.964s][info][gc,reloc    ] GC(253) Large Pages: 4 / 24M, Empty: 0M, Relocated: 0M, In-Place: 0
[67.964s][info][gc,reloc    ] GC(253) Forwarding Usage: 15M
[67.964s][info][gc,heap     ] GC(253) Min Capacity: 8M(1%)
[67.964s][info][gc,heap     ] GC(253) Max Capacity: 1024M(100%)
[67.964s][info][gc,heap     ] GC(253) Soft Max Capacity: 1024M(100%)
[67.964s][info][gc,heap     ] GC(253)                Mark Start          Mark End        Relocate Start      Relocate End           High               Low         
[67.964s][info][gc,heap     ] GC(253)  Capacity:     1024M (100%)       1024M (100%)       1024M (100%)       1024M (100%)       1024M (100%)       1024M (100%)   
[67.964s][info][gc,heap     ] GC(253)      Free:      420M (41%)         368M (36%)         372M (36%)         612M (60%)         612M (60%)         330M (32%)    
[67.964s][info][gc,heap     ] GC(253)      Used:      604M (59%)         656M (64%)         652M (64%)         412M (40%)         694M (68%)         412M (40%)    
[67.964s][info][gc,heap     ] GC(253)      Live:         -               308M (30%)         308M (30%)         308M (30%)            -                  -          
[67.964s][info][gc,heap     ] GC(253) Allocated:         -                52M (5%)           54M (5%)           55M (5%)             -                  -          
[67.964s][info][gc,heap     ] GC(253)   Garbage:         -               295M (29%)         289M (28%)          47M (5%)             -                  -          
[67.964s][info][gc,heap     ] GC(253) Reclaimed:         -                  -                 6M (1%)          247M (24%)            -                  -          
[67.964s][info][gc          ] GC(253) Garbage Collection (Allocation Rate) 604M(59%)->412M(40%)
[68.003s][info][gc,start    ] GC(254) Garbage Collection (Allocation Rate)
[68.003s][info][gc,task     ] GC(254) Using 10 workers
[68.003s][info][gc,phases   ] GC(254) Pause Mark Start 0.012ms
[68.158s][info][gc,phases   ] GC(254) Concurrent Mark 154.816ms
[68.223s][info][gc,phases   ] GC(254) Pause Mark End 0.037ms
[68.223s][info][gc,phases   ] GC(254) Concurrent Mark Free 0.002ms
[68.225s][info][gc,phases   ] GC(254) Concurrent Process Non-Strong References 2.416ms
[68.225s][info][gc,phases   ] GC(254) Concurrent Reset Relocation Set 0.026ms
[68.231s][info][gc,phases   ] GC(254) Concurrent Select Relocation Set 5.700ms
[68.231s][info][gc,phases   ] GC(254) Pause Relocate Start 0.007ms
[68.235s][info][gc,phases   ] GC(254) Concurrent Relocate 3.916ms
[68.235s][info][gc,load     ] GC(254) Load: 0.00/0.00/0.00
[68.235s][info][gc,mmu      ] GC(254) MMU: 2ms/96.1%, 5ms/98.4%, 10ms/99.2%, 20ms/99.6%, 50ms/99.8%, 100ms/99.9%
[68.235s][info][gc,marking  ] GC(254) Mark: 8 stripe(s), 2 proactive flush(es), 1 terminate flush(es), 0 completion(s), 0 continuation(s) 
[68.235s][info][gc,marking  ] GC(254) Mark Stack Usage: 32M
[68.235s][info][gc,nmethod  ] GC(254) NMethods: 5689 registered, 4339 unregistered
[68.235s][info][gc,metaspace] GC(254) Metaspace: 64M used, 65M committed, 1088M reserved
[68.235s][info][gc,ref      ] GC(254) Soft: 3240 encountered, 0 discovered, 0 enqueued
[68.235s][info][gc,ref      ] GC(254) Weak: 6408 encountered, 759 discovered, 0 enqueued
[68.235s][info][gc,ref      ] GC(254) Final: 62 encountered, 0 discovered, 0 enqueued
[68.235s][info][gc,ref      ] GC(254) Phantom: 621 encountered, 496 discovered, 0 enqueued
[68.235s][info][gc,reloc    ] GC(254) Small Pages: 186 / 372M, Empty: 30M, Relocated: 5M, In-Place: 0
[68.235s][info][gc,reloc    ] GC(254) Medium Pages: 1 / 32M, Empty: 0M, Relocated: 0M, In-Place: 0
[68.235s][info][gc,reloc    ] GC(254) Large Pages: 4 / 24M, Empty: 0M, Relocated: 0M, In-Place: 0
[68.235s][info][gc,reloc    ] GC(254) Forwarding Usage: 2M
[68.235s][info][gc,heap     ] GC(254) Min Capacity: 8M(1%)
[68.235s][info][gc,heap     ] GC(254) Max Capacity: 1024M(100%)
[68.235s][info][gc,heap     ] GC(254) Soft Max Capacity: 1024M(100%)
[68.235s][info][gc,heap     ] GC(254)                Mark Start          Mark End        Relocate Start      Relocate End           High               Low         
[68.235s][info][gc,heap     ] GC(254)  Capacity:     1024M (100%)       1024M (100%)       1024M (100%)       1024M (100%)       1024M (100%)       1024M (100%)   
[68.235s][info][gc,heap     ] GC(254)      Free:      596M (58%)         536M (52%)         564M (55%)         600M (59%)         600M (59%)         534M (52%)    
[68.235s][info][gc,heap     ] GC(254)      Used:      428M (42%)         488M (48%)         460M (45%)         424M (41%)         490M (48%)         424M (41%)    
[68.235s][info][gc,heap     ] GC(254)      Live:         -               308M (30%)         308M (30%)         308M (30%)            -                  -          
[68.235s][info][gc,heap     ] GC(254) Allocated:         -                60M (6%)           62M (6%)           61M (6%)             -                  -          
[68.235s][info][gc,heap     ] GC(254)   Garbage:         -               119M (12%)          89M (9%)           53M (5%)             -                  -          
[68.235s][info][gc,heap     ] GC(254) Reclaimed:         -                  -                30M (3%)           65M (6%)             -                  -          
[68.235s][info][gc          ] GC(254) Garbage Collection (Allocation Rate) 428M(42%)->424M(41%)
[68.314s][info][gc,start    ] GC(255) Garbage Collection (Allocation Rate)
[68.314s][info][gc,task     ] GC(255) Using 10 workers
[68.314s][info][gc,phases   ] GC(255) Pause Mark Start 0.018ms
[68.439s][info][gc,phases   ] GC(255) Concurrent Mark 124.572ms
[68.439s][info][gc,phases   ] GC(255) Pause Mark End 0.027ms
[68.439s][info][gc,phases   ] GC(255) Concurrent Mark Free 0.001ms
[68.441s][info][gc,phases   ] GC(255) Concurrent Process Non-Strong References 1.876ms
[68.441s][info][gc,phases   ] GC(255) Concurrent Reset Relocation Set 0.003ms
[68.453s][info][gc,phases   ] GC(255) Concurrent Select Relocation Set 12.181ms
[68.453s][info][gc,phases   ] GC(255) Pause Relocate Start 0.008ms
[68.474s][info][gc,phases   ] GC(255) Concurrent Relocate 20.526ms
[68.474s][info][gc,load     ] GC(255) Load: 0.00/0.00/0.00
[68.474s][info][gc,mmu      ] GC(255) MMU: 2ms/96.1%, 5ms/98.4%, 10ms/99.2%, 20ms/99.6%, 50ms/99.8%, 100ms/99.9%
[68.474s][info][gc,marking  ] GC(255) Mark: 8 stripe(s), 3 proactive flush(es), 1 terminate flush(es), 0 completion(s), 0 continuation(s) 
[68.474s][info][gc,marking  ] GC(255) Mark Stack Usage: 32M
[68.474s][info][gc,nmethod  ] GC(255) NMethods: 5690 registered, 4340 unregistered
[68.474s][info][gc,metaspace] GC(255) Metaspace: 64M used, 65M committed, 1088M reserved
[68.474s][info][gc,ref      ] GC(255) Soft: 3240 encountered, 0 discovered, 0 enqueued
[68.474s][info][gc,ref      ] GC(255) Weak: 6408 encountered, 783 discovered, 0 enqueued
[68.474s][info][gc,ref      ] GC(255) Final: 62 encountered, 0 discovered, 0 enqueued
[68.474s][info][gc,ref      ] GC(255) Phantom: 621 encountered, 333 discovered, 0 enqueued
[68.474s][info][gc,reloc    ] GC(255) Small Pages: 204 / 408M, Empty: 46M, Relocated: 39M, In-Place: 0
[68.474s][info][gc,reloc    ] GC(255) Medium Pages: 1 / 32M, Empty: 0M, Relocated: 0M, In-Place: 0
[68.474s][info][gc,reloc    ] GC(255) Large Pages: 4 / 24M, Empty: 12M, Relocated: 0M, In-Place: 0
[68.474s][info][gc,reloc    ] GC(255) Forwarding Usage: 24M
[68.474s][info][gc,heap     ] GC(255) Min Capacity: 8M(1%)
[68.474s][info][gc,heap     ] GC(255) Max Capacity: 1024M(100%)
[68.474s][info][gc,heap     ] GC(255) Soft Max Capacity: 1024M(100%)
[68.474s][info][gc,heap     ] GC(255)                Mark Start          Mark End        Relocate Start      Relocate End           High               Low         
[68.474s][info][gc,heap     ] GC(255)  Capacity:     1024M (100%)       1024M (100%)       1024M (100%)       1024M (100%)       1024M (100%)       1024M (100%)   
[68.474s][info][gc,heap     ] GC(255)      Free:      560M (55%)         354M (35%)         386M (38%)         470M (46%)         560M (55%)         346M (34%)    
[68.474s][info][gc,heap     ] GC(255)      Used:      464M (45%)         670M (65%)         638M (62%)         554M (54%)         678M (66%)         464M (45%)    
[68.474s][info][gc,heap     ] GC(255)      Live:         -               248M (24%)         248M (24%)         248M (24%)            -                  -          
[68.474s][info][gc,heap     ] GC(255) Allocated:         -               206M (20%)         232M (23%)         267M (26%)            -                  -          
[68.474s][info][gc,heap     ] GC(255)   Garbage:         -               215M (21%)         157M (15%)          37M (4%)             -                  -          
[68.474s][info][gc,heap     ] GC(255) Reclaimed:         -                  -                58M (6%)          177M (17%)            -                  -          
[68.474s][info][gc          ] GC(255) Garbage Collection (Allocation Rate) 464M(45%)->554M(54%)
[68.517s][info][gc,start    ] GC(256) Garbage Collection (Allocation Rate)
[68.517s][info][gc,task     ] GC(256) Using 10 workers
[68.517s][info][gc,phases   ] GC(256) Pause Mark Start 0.014ms
[68.616s][info][gc,phases   ] GC(256) Concurrent Mark 98.769ms
[68.616s][info][gc,phases   ] GC(256) Pause Mark End 0.017ms
[68.616s][info][gc,phases   ] GC(256) Concurrent Mark Free 0.001ms
[68.618s][info][gc,phases   ] GC(256) Concurrent Process Non-Strong References 1.799ms
[68.618s][info][gc,phases   ] GC(256) Concurrent Reset Relocation Set 0.013ms
[68.640s][info][gc,phases   ] GC(256) Concurrent Select Relocation Set 22.245ms
[68.640s][info][gc,phases   ] GC(256) Pause Relocate Start 0.012ms
[68.661s][info][gc,phases   ] GC(256) Concurrent Relocate 20.900ms
[68.661s][info][gc,load     ] GC(256) Load: 0.00/0.00/0.00
[68.662s][info][gc,mmu      ] GC(256) MMU: 2ms/96.1%, 5ms/98.4%, 10ms/99.2%, 20ms/99.6%, 50ms/99.8%, 100ms/99.9%
[68.662s][info][gc,marking  ] GC(256) Mark: 8 stripe(s), 2 proactive flush(es), 1 terminate flush(es), 0 completion(s), 0 continuation(s) 
[68.662s][info][gc,marking  ] GC(256) Mark Stack Usage: 32M
[68.662s][info][gc,nmethod  ] GC(256) NMethods: 5690 registered, 4341 unregistered
[68.662s][info][gc,metaspace] GC(256) Metaspace: 64M used, 65M committed, 1088M reserved
[68.662s][info][gc,ref      ] GC(256) Soft: 3240 encountered, 0 discovered, 0 enqueued
[68.662s][info][gc,ref      ] GC(256) Weak: 6408 encountered, 716 discovered, 0 enqueued
[68.662s][info][gc,ref      ] GC(256) Final: 62 encountered, 2 discovered, 0 enqueued
[68.662s][info][gc,ref      ] GC(256) Phantom: 621 encountered, 612 discovered, 0 enqueued
[68.662s][info][gc,reloc    ] GC(256) Small Pages: 277 / 554M, Empty: 2M, Relocated: 29M, In-Place: 0
[68.662s][info][gc,reloc    ] GC(256) Medium Pages: 2 / 64M, Empty: 0M, Relocated: 14M, In-Place: 0
[68.662s][info][gc,reloc    ] GC(256) Large Pages: 4 / 24M, Empty: 12M, Relocated: 0M, In-Place: 0
[68.662s][info][gc,reloc    ] GC(256) Forwarding Usage: 27M
[68.662s][info][gc,heap     ] GC(256) Min Capacity: 8M(1%)
[68.662s][info][gc,heap     ] GC(256) Max Capacity: 1024M(100%)
[68.662s][info][gc,heap     ] GC(256) Soft Max Capacity: 1024M(100%)
[68.662s][info][gc,heap     ] GC(256)                Mark Start          Mark End        Relocate Start      Relocate End           High               Low         
[68.662s][info][gc,heap     ] GC(256)  Capacity:     1024M (100%)       1024M (100%)       1024M (100%)       1024M (100%)       1024M (100%)       1024M (100%)   
[68.662s][info][gc,heap     ] GC(256)      Free:      382M (37%)         222M (22%)         184M (18%)         532M (52%)         534M (52%)         138M (13%)    
[68.662s][info][gc,heap     ] GC(256)      Used:      642M (63%)         802M (78%)         840M (82%)         492M (48%)         886M (87%)         490M (48%)    
[68.662s][info][gc,heap     ] GC(256)      Live:         -               211M (21%)         211M (21%)         211M (21%)            -                  -          
[68.662s][info][gc,heap     ] GC(256) Allocated:         -               160M (16%)         212M (21%)         241M (24%)            -                  -          
[68.662s][info][gc,heap     ] GC(256)   Garbage:         -               430M (42%)         416M (41%)          39M (4%)             -                  -          
[68.662s][info][gc,heap     ] GC(256) Reclaimed:         -                  -                14M (1%)          391M (38%)            -                  -          
[68.662s][info][gc          ] GC(256) Garbage Collection (Allocation Rate) 642M(63%)->492M(48%)
[68.711s][info][gc,start    ] GC(257) Garbage Collection (Allocation Rate)
[68.711s][info][gc,task     ] GC(257) Using 10 workers
[68.711s][info][gc,phases   ] GC(257) Pause Mark Start 0.015ms
[68.852s][info][gc,phases   ] GC(257) Concurrent Mark 140.266ms
[68.852s][info][gc,phases   ] GC(257) Pause Mark End 0.018ms
[68.852s][info][gc,phases   ] GC(257) Concurrent Mark Free 0.001ms
[68.854s][info][gc,phases   ] GC(257) Concurrent Process Non-Strong References 1.872ms
[68.854s][info][gc,phases   ] GC(257) Concurrent Reset Relocation Set 0.028ms
[68.858s][info][gc,phases   ] GC(257) Concurrent Select Relocation Set 3.698ms
[68.858s][info][gc,phases   ] GC(257) Pause Relocate Start 0.008ms
[68.874s][info][gc,phases   ] GC(257) Concurrent Relocate 15.927ms
[68.874s][info][gc,load     ] GC(257) Load: 0.00/0.00/0.00
[68.874s][info][gc,mmu      ] GC(257) MMU: 2ms/96.1%, 5ms/98.4%, 10ms/99.2%, 20ms/99.6%, 50ms/99.8%, 100ms/99.9%
[68.874s][info][gc,marking  ] GC(257) Mark: 8 stripe(s), 2 proactive flush(es), 1 terminate flush(es), 0 completion(s), 0 continuation(s) 
[68.874s][info][gc,marking  ] GC(257) Mark Stack Usage: 32M
[68.874s][info][gc,nmethod  ] GC(257) NMethods: 5689 registered, 4342 unregistered
[68.874s][info][gc,metaspace] GC(257) Metaspace: 64M used, 65M committed, 1088M reserved
[68.874s][info][gc,ref      ] GC(257) Soft: 3240 encountered, 0 discovered, 0 enqueued
[68.874s][info][gc,ref      ] GC(257) Weak: 6408 encountered, 1152 discovered, 0 enqueued
[68.874s][info][gc,ref      ] GC(257) Final: 62 encountered, 15 discovered, 0 enqueued
[68.874s][info][gc,ref      ] GC(257) Phantom: 621 encountered, 613 discovered, 0 enqueued
[68.874s][info][gc,reloc    ] GC(257) Small Pages: 261 / 522M, Empty: 0M, Relocated: 24M, In-Place: 0
[68.874s][info][gc,reloc    ] GC(257) Medium Pages: 1 / 32M, Empty: 0M, Relocated: 0M, In-Place: 0
[68.874s][info][gc,reloc    ] GC(257) Large Pages: 4 / 24M, Empty: 0M, Relocated: 0M, In-Place: 0
[68.874s][info][gc,reloc    ] GC(257) Forwarding Usage: 23M
[68.874s][info][gc,heap     ] GC(257) Min Capacity: 8M(1%)
[68.874s][info][gc,heap     ] GC(257) Max Capacity: 1024M(100%)
[68.874s][info][gc,heap     ] GC(257) Soft Max Capacity: 1024M(100%)
[68.874s][info][gc,heap     ] GC(257)                Mark Start          Mark End        Relocate Start      Relocate End           High               Low         
[68.874s][info][gc,heap     ] GC(257)  Capacity:     1024M (100%)       1024M (100%)       1024M (100%)       1024M (100%)       1024M (100%)       1024M (100%)   
[68.874s][info][gc,heap     ] GC(257)      Free:      446M (44%)         224M (22%)         216M (21%)         504M (49%)         504M (49%)         196M (19%)    
[68.874s][info][gc,heap     ] GC(257)      Used:      578M (56%)         800M (78%)         808M (79%)         520M (51%)         828M (81%)         520M (51%)    
[68.874s][info][gc,heap     ] GC(257)      Live:         -               232M (23%)         232M (23%)         232M (23%)            -                  -          
[68.874s][info][gc,heap     ] GC(257) Allocated:         -               222M (22%)         230M (22%)         245M (24%)            -                  -          
[68.874s][info][gc,heap     ] GC(257)   Garbage:         -               345M (34%)         345M (34%)          42M (4%)             -                  -          
[68.874s][info][gc,heap     ] GC(257) Reclaimed:         -                  -                 0M (0%)          303M (30%)            -                  -          
[68.874s][info][gc          ] GC(257) Garbage Collection (Allocation Rate) 578M(56%)->520M(51%)
[68.914s][info][gc,start    ] GC(258) Garbage Collection (Allocation Rate)
[68.914s][info][gc,task     ] GC(258) Using 10 workers
[68.915s][info][gc,phases   ] GC(258) Pause Mark Start 0.015ms
[69.039s][info][gc,phases   ] GC(258) Concurrent Mark 124.583ms
[69.039s][info][gc,phases   ] GC(258) Pause Mark End 0.025ms
[69.039s][info][gc,phases   ] GC(258) Concurrent Mark Free 0.001ms
[69.041s][info][gc,phases   ] GC(258) Concurrent Process Non-Strong References 1.675ms
[69.041s][info][gc,phases   ] GC(258) Concurrent Reset Relocation Set 0.028ms
[69.045s][info][gc,phases   ] GC(258) Concurrent Select Relocation Set 3.779ms
[69.045s][info][gc,phases   ] GC(258) Pause Relocate Start 0.008ms
[69.055s][info][gc,phases   ] GC(258) Concurrent Relocate 10.215ms
[69.055s][info][gc,load     ] GC(258) Load: 0.00/0.00/0.00
[69.055s][info][gc,mmu      ] GC(258) MMU: 2ms/96.1%, 5ms/98.4%, 10ms/99.2%, 20ms/99.6%, 50ms/99.8%, 100ms/99.9%
[69.055s][info][gc,marking  ] GC(258) Mark: 8 stripe(s), 2 proactive flush(es), 1 terminate flush(es), 0 completion(s), 0 continuation(s) 
[69.055s][info][gc,marking  ] GC(258) Mark Stack Usage: 32M
[69.055s][info][gc,nmethod  ] GC(258) NMethods: 5689 registered, 4342 unregistered
[69.055s][info][gc,metaspace] GC(258) Metaspace: 64M used, 65M committed, 1088M reserved
[69.055s][info][gc,ref      ] GC(258) Soft: 3240 encountered, 0 discovered, 0 enqueued
[69.055s][info][gc,ref      ] GC(258) Weak: 6408 encountered, 1063 discovered, 0 enqueued
[69.055s][info][gc,ref      ] GC(258) Final: 62 encountered, 49 discovered, 0 enqueued
[69.055s][info][gc,ref      ] GC(258) Phantom: 621 encountered, 606 discovered, 0 enqueued
[69.055s][info][gc,reloc    ] GC(258) Small Pages: 258 / 516M, Empty: 0M, Relocated: 18M, In-Place: 0
[69.055s][info][gc,reloc    ] GC(258) Medium Pages: 1 / 32M, Empty: 0M, Relocated: 0M, In-Place: 0
[69.056s][info][gc,reloc    ] GC(258) Large Pages: 6 / 44M, Empty: 12M, Relocated: 0M, In-Place: 0
[69.056s][info][gc,reloc    ] GC(258) Forwarding Usage: 18M
[69.056s][info][gc,heap     ] GC(258) Min Capacity: 8M(1%)
[69.056s][info][gc,heap     ] GC(258) Max Capacity: 1024M(100%)
[69.056s][info][gc,heap     ] GC(258) Soft Max Capacity: 1024M(100%)
[69.056s][info][gc,heap     ] GC(258)                Mark Start          Mark End        Relocate Start      Relocate End           High               Low         
[69.056s][info][gc,heap     ] GC(258)  Capacity:     1024M (100%)       1024M (100%)       1024M (100%)       1024M (100%)       1024M (100%)       1024M (100%)   
[69.056s][info][gc,heap     ] GC(258)      Free:      432M (42%)         238M (23%)         240M (23%)         506M (49%)         506M (49%)         218M (21%)    
[69.056s][info][gc,heap     ] GC(258)      Used:      592M (58%)         786M (77%)         784M (77%)         518M (51%)         806M (79%)         518M (51%)    
[69.056s][info][gc,heap     ] GC(258)      Live:         -               250M (24%)         250M (24%)         250M (24%)            -                  -          
[69.056s][info][gc,heap     ] GC(258) Allocated:         -               194M (19%)         204M (20%)         221M (22%)            -                  -          
[69.056s][info][gc,heap     ] GC(258)   Garbage:         -               341M (33%)         329M (32%)          45M (4%)             -                  -          
[69.056s][info][gc,heap     ] GC(258) Reclaimed:         -                  -                12M (1%)          295M (29%)            -                  -          
[69.056s][info][gc          ] GC(258) Garbage Collection (Allocation Rate) 592M(58%)->518M(51%)
[69.117s][info][gc,start    ] GC(259) Garbage Collection (Allocation Rate)
[69.117s][info][gc,task     ] GC(259) Using 10 workers
[69.118s][info][gc,phases   ] GC(259) Pause Mark Start 0.016ms
[69.265s][info][gc,phases   ] GC(259) Concurrent Mark 147.081ms
[69.265s][info][gc,phases   ] GC(259) Pause Mark End 0.023ms
[69.265s][info][gc,phases   ] GC(259) Concurrent Mark Free 0.001ms
[69.267s][info][gc,phases   ] GC(259) Concurrent Process Non-Strong References 2.046ms
[69.267s][info][gc,phases   ] GC(259) Concurrent Reset Relocation Set 0.016ms
[69.271s][info][gc,phases   ] GC(259) Concurrent Select Relocation Set 3.854ms
[69.271s][info][gc,phases   ] GC(259) Pause Relocate Start 0.009ms
[69.289s][info][gc,phases   ] GC(259) Concurrent Relocate 17.831ms
[69.289s][info][gc,load     ] GC(259) Load: 0.00/0.00/0.00
[69.289s][info][gc,mmu      ] GC(259) MMU: 2ms/96.1%, 5ms/98.4%, 10ms/99.2%, 20ms/99.6%, 50ms/99.8%, 100ms/99.9%
[69.289s][info][gc,marking  ] GC(259) Mark: 8 stripe(s), 6 proactive flush(es), 1 terminate flush(es), 0 completion(s), 0 continuation(s) 
[69.289s][info][gc,marking  ] GC(259) Mark Stack Usage: 32M
[69.289s][info][gc,nmethod  ] GC(259) NMethods: 5694 registered, 4342 unregistered
[69.289s][info][gc,metaspace] GC(259) Metaspace: 64M used, 65M committed, 1088M reserved
[69.289s][info][gc,ref      ] GC(259) Soft: 3240 encountered, 0 discovered, 0 enqueued
[69.289s][info][gc,ref      ] GC(259) Weak: 6408 encountered, 1239 discovered, 0 enqueued
[69.289s][info][gc,ref      ] GC(259) Final: 62 encountered, 19 discovered, 0 enqueued
[69.289s][info][gc,ref      ] GC(259) Phantom: 621 encountered, 612 discovered, 0 enqueued
[69.289s][info][gc,reloc    ] GC(259) Small Pages: 275 / 550M, Empty: 0M, Relocated: 19M, In-Place: 0
[69.289s][info][gc,reloc    ] GC(259) Medium Pages: 1 / 32M, Empty: 0M, Relocated: 0M, In-Place: 0
[69.289s][info][gc,reloc    ] GC(259) Large Pages: 6 / 52M, Empty: 12M, Relocated: 0M, In-Place: 0
[69.289s][info][gc,reloc    ] GC(259) Forwarding Usage: 17M
[69.289s][info][gc,heap     ] GC(259) Min Capacity: 8M(1%)
[69.290s][info][gc,heap     ] GC(259) Max Capacity: 1024M(100%)
[69.290s][info][gc,heap     ] GC(259) Soft Max Capacity: 1024M(100%)
[69.290s][info][gc,heap     ] GC(259)                Mark Start          Mark End        Relocate Start      Relocate End           High               Low         
[69.290s][info][gc,heap     ] GC(259)  Capacity:     1024M (100%)       1024M (100%)       1024M (100%)       1024M (100%)       1024M (100%)       1024M (100%)   
[69.290s][info][gc,heap     ] GC(259)      Free:      390M (38%)         128M (13%)         128M (13%)         404M (39%)         412M (40%)         108M (11%)    
[69.290s][info][gc,heap     ] GC(259)      Used:      634M (62%)         896M (88%)         896M (88%)         620M (61%)         916M (89%)         612M (60%)    
[69.290s][info][gc,heap     ] GC(259)      Live:         -               268M (26%)         268M (26%)         268M (26%)            -                  -          
[69.290s][info][gc,heap     ] GC(259) Allocated:         -               262M (26%)         274M (27%)         301M (29%)            -                  -          
[69.290s][info][gc,heap     ] GC(259)   Garbage:         -               365M (36%)         353M (35%)          50M (5%)             -                  -          
[69.290s][info][gc,heap     ] GC(259) Reclaimed:         -                  -                12M (1%)          315M (31%)            -                  -          
[69.290s][info][gc          ] GC(259) Garbage Collection (Allocation Rate) 634M(62%)->620M(61%)
[69.312s][info][gc,start    ] GC(260) Garbage Collection (Allocation Rate)
[69.312s][info][gc,task     ] GC(260) Using 10 workers
[69.312s][info][gc,phases   ] GC(260) Pause Mark Start 0.012ms
[69.468s][info][gc,phases   ] GC(260) Concurrent Mark 155.914ms
[69.468s][info][gc,phases   ] GC(260) Pause Mark End 0.028ms
[69.468s][info][gc,phases   ] GC(260) Concurrent Mark Free 0.001ms
[69.470s][info][gc,phases   ] GC(260) Concurrent Process Non-Strong References 1.791ms
[69.470s][info][gc,phases   ] GC(260) Concurrent Reset Relocation Set 0.024ms
[69.493s][info][gc,phases   ] GC(260) Concurrent Select Relocation Set 23.004ms
[69.493s][info][gc,phases   ] GC(260) Pause Relocate Start 0.012ms
[69.512s][info][gc,phases   ] GC(260) Concurrent Relocate 19.047ms
[69.512s][info][gc,load     ] GC(260) Load: 0.00/0.00/0.00
[69.512s][info][gc,mmu      ] GC(260) MMU: 2ms/96.1%, 5ms/98.4%, 10ms/99.2%, 20ms/99.6%, 50ms/99.8%, 100ms/99.9%
[69.512s][info][gc,marking  ] GC(260) Mark: 8 stripe(s), 3 proactive flush(es), 1 terminate flush(es), 0 completion(s), 0 continuation(s) 
[69.512s][info][gc,marking  ] GC(260) Mark Stack Usage: 32M
[69.512s][info][gc,nmethod  ] GC(260) NMethods: 5694 registered, 4342 unregistered
[69.512s][info][gc,metaspace] GC(260) Metaspace: 64M used, 65M committed, 1088M reserved
[69.512s][info][gc,ref      ] GC(260) Soft: 3240 encountered, 0 discovered, 0 enqueued
[69.512s][info][gc,ref      ] GC(260) Weak: 6409 encountered, 1190 discovered, 1 enqueued
[69.512s][info][gc,ref      ] GC(260) Final: 62 encountered, 2 discovered, 0 enqueued
[69.512s][info][gc,ref      ] GC(260) Phantom: 621 encountered, 609 discovered, 0 enqueued
[69.512s][info][gc,reloc    ] GC(260) Small Pages: 296 / 592M, Empty: 0M, Relocated: 20M, In-Place: 0
[69.512s][info][gc,reloc    ] GC(260) Medium Pages: 1 / 32M, Empty: 0M, Relocated: 0M, In-Place: 0
[69.512s][info][gc,reloc    ] GC(260) Large Pages: 4 / 40M, Empty: 0M, Relocated: 0M, In-Place: 0
[69.512s][info][gc,reloc    ] GC(260) Forwarding Usage: 18M
[69.512s][info][gc,heap     ] GC(260) Min Capacity: 8M(1%)
[69.512s][info][gc,heap     ] GC(260) Max Capacity: 1024M(100%)
[69.512s][info][gc,heap     ] GC(260) Soft Max Capacity: 1024M(100%)
[69.513s][info][gc,heap     ] GC(260)                Mark Start          Mark End        Relocate Start      Relocate End           High               Low         
[69.513s][info][gc,heap     ] GC(260)  Capacity:     1024M (100%)       1024M (100%)       1024M (100%)       1024M (100%)       1024M (100%)       1024M (100%)   
[69.513s][info][gc,heap     ] GC(260)      Free:      360M (35%)          76M (7%)           44M (4%)          354M (35%)         360M (35%)          18M (2%)     
[69.513s][info][gc,heap     ] GC(260)      Used:      664M (65%)         948M (93%)         980M (96%)         670M (65%)        1006M (98%)         664M (65%)    
[69.513s][info][gc,heap     ] GC(260)      Live:         -               277M (27%)         277M (27%)         277M (27%)            -                  -          
[69.513s][info][gc,heap     ] GC(260) Allocated:         -               284M (28%)         316M (31%)         337M (33%)            -                  -          
[69.513s][info][gc,heap     ] GC(260)   Garbage:         -               386M (38%)         386M (38%)          54M (5%)             -                  -          
[69.513s][info][gc,heap     ] GC(260) Reclaimed:         -                  -                 0M (0%)          331M (32%)            -                  -          
[69.513s][info][gc          ] GC(260) Garbage Collection (Allocation Rate) 664M(65%)->670M(65%)
[69.515s][info][gc,start    ] GC(261) Garbage Collection (Allocation Rate)
[69.515s][info][gc,task     ] GC(261) Using 10 workers
[69.515s][info][gc,phases   ] GC(261) Pause Mark Start 0.009ms
[69.671s][info][gc,phases   ] GC(261) Concurrent Mark 156.021ms
[69.671s][info][gc,phases   ] GC(261) Pause Mark End 0.031ms
[69.671s][info][gc,phases   ] GC(261) Concurrent Mark Free 0.001ms
[69.673s][info][gc,phases   ] GC(261) Concurrent Process Non-Strong References 2.186ms
[69.673s][info][gc,phases   ] GC(261) Concurrent Reset Relocation Set 0.033ms
[69.676s][info][gc,phases   ] GC(261) Concurrent Select Relocation Set 2.830ms
[69.676s][info][gc,phases   ] GC(261) Pause Relocate Start 0.011ms
[69.694s][info][gc,phases   ] GC(261) Concurrent Relocate 17.532ms
[69.694s][info][gc,load     ] GC(261) Load: 0.00/0.00/0.00
[69.694s][info][gc,mmu      ] GC(261) MMU: 2ms/96.1%, 5ms/98.4%, 10ms/99.2%, 20ms/99.6%, 50ms/99.8%, 100ms/99.9%
[69.694s][info][gc,marking  ] GC(261) Mark: 8 stripe(s), 3 proactive flush(es), 1 terminate flush(es), 0 completion(s), 0 continuation(s) 
[69.694s][info][gc,marking  ] GC(261) Mark Stack Usage: 32M
[69.694s][info][gc,nmethod  ] GC(261) NMethods: 5694 registered, 4342 unregistered
[69.694s][info][gc,metaspace] GC(261) Metaspace: 64M used, 65M committed, 1088M reserved
[69.694s][info][gc,ref      ] GC(261) Soft: 3240 encountered, 0 discovered, 0 enqueued
[69.694s][info][gc,ref      ] GC(261) Weak: 6408 encountered, 1117 discovered, 0 enqueued
[69.694s][info][gc,ref      ] GC(261) Final: 62 encountered, 20 discovered, 0 enqueued
[69.694s][info][gc,ref      ] GC(261) Phantom: 621 encountered, 490 discovered, 0 enqueued
[69.694s][info][gc,reloc    ] GC(261) Small Pages: 301 / 602M, Empty: 0M, Relocated: 20M, In-Place: 0
[69.694s][info][gc,reloc    ] GC(261) Medium Pages: 1 / 32M, Empty: 0M, Relocated: 0M, In-Place: 0
[69.694s][info][gc,reloc    ] GC(261) Large Pages: 4 / 40M, Empty: 0M, Relocated: 0M, In-Place: 0
[69.694s][info][gc,reloc    ] GC(261) Forwarding Usage: 18M
[69.694s][info][gc,heap     ] GC(261) Min Capacity: 8M(1%)
[69.694s][info][gc,heap     ] GC(261) Max Capacity: 1024M(100%)
[69.694s][info][gc,heap     ] GC(261) Soft Max Capacity: 1024M(100%)
[69.694s][info][gc,heap     ] GC(261)                Mark Start          Mark End        Relocate Start      Relocate End           High               Low         
[69.694s][info][gc,heap     ] GC(261)  Capacity:     1024M (100%)       1024M (100%)       1024M (100%)       1024M (100%)       1024M (100%)       1024M (100%)   
[69.694s][info][gc,heap     ] GC(261)      Free:      350M (34%)         108M (11%)         100M (10%)         402M (39%)         406M (40%)          80M (8%)     
[69.694s][info][gc,heap     ] GC(261)      Used:      674M (66%)         916M (89%)         924M (90%)         622M (61%)         944M (92%)         618M (60%)    
[69.694s][info][gc,heap     ] GC(261)      Live:         -               285M (28%)         285M (28%)         285M (28%)            -                  -          
[69.694s][info][gc,heap     ] GC(261) Allocated:         -               242M (24%)         250M (24%)         277M (27%)            -                  -          
[69.694s][info][gc,heap     ] GC(261)   Garbage:         -               388M (38%)         388M (38%)          58M (6%)             -                  -          
[69.694s][info][gc,heap     ] GC(261) Reclaimed:         -                  -                 0M (0%)          329M (32%)            -                  -          
[69.694s][info][gc          ] GC(261) Garbage Collection (Allocation Rate) 674M(66%)->622M(61%)
[69.718s][info][gc,start    ] GC(262) Garbage Collection (Allocation Rate)
[69.718s][info][gc,task     ] GC(262) Using 10 workers
[69.718s][info][gc,phases   ] GC(262) Pause Mark Start 0.013ms
[69.897s][info][gc,phases   ] GC(262) Concurrent Mark 178.499ms
[69.897s][info][gc,phases   ] GC(262) Pause Mark End 0.025ms
[69.897s][info][gc,phases   ] GC(262) Concurrent Mark Free 0.001ms
[69.899s][info][gc,phases   ] GC(262) Concurrent Process Non-Strong References 2.265ms
[69.899s][info][gc,phases   ] GC(262) Concurrent Reset Relocation Set 0.033ms
[69.922s][info][gc,phases   ] GC(262) Concurrent Select Relocation Set 22.891ms
[69.922s][info][gc,phases   ] GC(262) Pause Relocate Start 0.015ms
[69.942s][info][gc,phases   ] GC(262) Concurrent Relocate 19.603ms
[69.942s][info][gc,load     ] GC(262) Load: 0.00/0.00/0.00
[69.942s][info][gc,mmu      ] GC(262) MMU: 2ms/96.1%, 5ms/98.4%, 10ms/99.2%, 20ms/99.6%, 50ms/99.8%, 100ms/99.9%
[69.942s][info][gc,marking  ] GC(262) Mark: 8 stripe(s), 6 proactive flush(es), 1 terminate flush(es), 0 completion(s), 0 continuation(s) 
[69.942s][info][gc,marking  ] GC(262) Mark Stack Usage: 32M
[69.942s][info][gc,nmethod  ] GC(262) NMethods: 5694 registered, 4342 unregistered
[69.942s][info][gc,metaspace] GC(262) Metaspace: 64M used, 65M committed, 1088M reserved
[69.942s][info][gc,ref      ] GC(262) Soft: 3240 encountered, 0 discovered, 0 enqueued
[69.942s][info][gc,ref      ] GC(262) Weak: 6408 encountered, 1574 discovered, 0 enqueued
[69.942s][info][gc,ref      ] GC(262) Final: 62 encountered, 20 discovered, 0 enqueued
[69.942s][info][gc,ref      ] GC(262) Phantom: 617 encountered, 545 discovered, 0 enqueued
[69.942s][info][gc,reloc    ] GC(262) Small Pages: 296 / 592M, Empty: 0M, Relocated: 22M, In-Place: 0
[69.942s][info][gc,reloc    ] GC(262) Medium Pages: 1 / 32M, Empty: 0M, Relocated: 0M, In-Place: 0
[69.942s][info][gc,reloc    ] GC(262) Large Pages: 4 / 40M, Empty: 0M, Relocated: 0M, In-Place: 0
[69.942s][info][gc,reloc    ] GC(262) Forwarding Usage: 20M
[69.943s][info][gc,heap     ] GC(262) Min Capacity: 8M(1%)
[69.943s][info][gc,heap     ] GC(262) Max Capacity: 1024M(100%)
[69.943s][info][gc,heap     ] GC(262) Soft Max Capacity: 1024M(100%)
[69.943s][info][gc,heap     ] GC(262)                Mark Start          Mark End        Relocate Start      Relocate End           High               Low         
[69.943s][info][gc,heap     ] GC(262)  Capacity:     1024M (100%)       1024M (100%)       1024M (100%)       1024M (100%)       1024M (100%)       1024M (100%)   
[69.943s][info][gc,heap     ] GC(262)      Free:      360M (35%)          84M (8%)           58M (6%)          352M (34%)         360M (35%)          40M (4%)     
[69.943s][info][gc,heap     ] GC(262)      Used:      664M (65%)         940M (92%)         966M (94%)         672M (66%)         984M (96%)         664M (65%)    
[69.943s][info][gc,heap     ] GC(262)      Live:         -               292M (29%)         292M (29%)         292M (29%)            -                  -          
[69.943s][info][gc,heap     ] GC(262) Allocated:         -               276M (27%)         302M (29%)         315M (31%)            -                  -          
[69.943s][info][gc,heap     ] GC(262)   Garbage:         -               371M (36%)         371M (36%)          64M (6%)             -                  -          
[69.943s][info][gc,heap     ] GC(262) Reclaimed:         -                  -                 0M (0%)          307M (30%)            -                  -          
[69.943s][info][gc          ] GC(262) Garbage Collection (Allocation Rate) 664M(65%)->672M(66%)
[70.006s][info][gc,start    ] GC(263) Garbage Collection (Allocation Rate)
[70.006s][info][gc,task     ] GC(263) Using 10 workers
[70.006s][info][gc,phases   ] GC(263) Pause Mark Start 0.018ms
[70.115s][info][gc,stats    ] === Garbage Collection Statistics =======================================================================================================================
[70.116s][info][gc,stats    ]                                                              Last 10s              Last 10m              Last 10h                Total
[70.116s][info][gc,stats    ]                                                              Avg / Max             Avg / Max             Avg / Max             Avg / Max
[70.116s][info][gc,stats    ]   Collector: Garbage Collection Cycle                    162.452 / 242.691     156.713 / 1546.086    156.713 / 1546.086    156.713 / 1546.086    ms
[70.116s][info][gc,stats    ]  Contention: Mark Segment Reset Contention                    50 / 76               36 / 443              36 / 443              36 / 443         ops/s
[70.116s][info][gc,stats    ]  Contention: Mark SeqNum Reset Contention                      4 / 9                 2 / 9                 2 / 9                 2 / 9           ops/s
[70.116s][info][gc,stats    ]    Critical: Allocation Stall                                  0 / 0                 0 / 10                0 / 10                0 / 10          ops/s
[70.116s][info][gc,stats    ]    Critical: Allocation Stall                              0.000 / 0.000        51.769 / 105.181      51.769 / 105.181      51.769 / 105.181     ms
[70.116s][info][gc,stats    ]    Critical: GC Locker Stall                                   0 / 0                 0 / 1                 0 / 1                 0 / 1           ops/s
[70.116s][info][gc,stats    ]    Critical: GC Locker Stall                               0.000 / 0.000         0.001 / 0.001         0.001 / 0.001         0.001 / 0.001       ms
[70.116s][info][gc,stats    ]    Critical: Relocation Stall                                  0 / 3                 0 / 7                 0 / 7                 0 / 7           ops/s
[70.116s][info][gc,stats    ]    Critical: Relocation Stall                              6.578 / 9.624        10.268 / 15.155       10.268 / 15.155       10.268 / 15.155      ms
[70.116s][info][gc,stats    ]      Memory: Allocation Rate                                1252 / 1700            975 / 2754            975 / 2754            975 / 2754        MB/s
[70.116s][info][gc,stats    ]      Memory: Defragment                                       19 / 60               12 / 110              12 / 110              12 / 110         ops/s
[70.116s][info][gc,stats    ]      Memory: Out Of Memory                                     0 / 0                 0 / 0                 0 / 0                 0 / 0           ops/s
[70.116s][info][gc,stats    ]      Memory: Page Cache Flush                                 94 / 380              61 / 380              61 / 380              61 / 380         MB/s
[70.116s][info][gc,stats    ]      Memory: Page Cache Hit L1                               623 / 866             481 / 1477            481 / 1477            481 / 1477        ops/s
[70.116s][info][gc,stats    ]      Memory: Page Cache Hit L2                                 0 / 0                 0 / 0                 0 / 0                 0 / 0           ops/s
[70.116s][info][gc,stats    ]      Memory: Page Cache Hit L3                                18 / 51               18 / 226              18 / 226              18 / 226         ops/s
[70.116s][info][gc,stats    ]      Memory: Page Cache Miss                                   3 / 25                1 / 25                1 / 25                1 / 25          ops/s
[70.116s][info][gc,stats    ]      Memory: Uncommit                                          0 / 0                 0 / 0                 0 / 0                 0 / 0           MB/s
[70.116s][info][gc,stats    ]      Memory: Undo Object Allocation Failed                    69 / 399              20 / 399              20 / 399              20 / 399         ops/s
[70.116s][info][gc,stats    ]      Memory: Undo Object Allocation Succeeded                 74 / 339              22 / 339              22 / 339              22 / 339         ops/s
[70.116s][info][gc,stats    ]      Memory: Undo Page Allocation                             31 / 58               24 / 116              24 / 116              24 / 116         ops/s
[70.116s][info][gc,stats    ]       Phase: Concurrent Mark                             130.082 / 202.762     127.269 / 1535.632    127.269 / 1535.632    127.269 / 1535.632    ms
[70.116s][info][gc,stats    ]       Phase: Concurrent Mark Continue                      0.000 / 0.000         0.000 / 0.000         0.000 / 0.000         0.000 / 0.000       ms
[70.116s][info][gc,stats    ]       Phase: Concurrent Mark Free                          0.001 / 0.002         0.001 / 0.002         0.001 / 0.002         0.001 / 0.002       ms
[70.116s][info][gc,stats    ]       Phase: Concurrent Process Non-Strong References      2.139 / 11.181        2.860 / 18.230        2.860 / 18.230        2.860 / 18.230      ms
[70.116s][info][gc,stats    ]       Phase: Concurrent Relocate                          15.634 / 33.776       13.979 / 82.400       13.979 / 82.400       13.979 / 82.400      ms
[70.117s][info][gc,stats    ]       Phase: Concurrent Reset Relocation Set               0.018 / 0.051         0.017 / 0.053         0.017 / 0.053         0.017 / 0.053       ms
[70.117s][info][gc,stats    ]       Phase: Concurrent Select Relocation Set             11.472 / 38.572       10.274 / 43.730       10.274 / 43.730       10.274 / 43.730      ms
[70.117s][info][gc,stats    ]       Phase: Pause Mark End                                0.028 / 0.052         0.024 / 0.059         0.024 / 0.059         0.024 / 0.059       ms
[70.117s][info][gc,stats    ]       Phase: Pause Mark Start                              0.013 / 0.018         0.015 / 0.079         0.015 / 0.079         0.015 / 0.079       ms
[70.117s][info][gc,stats    ]       Phase: Pause Relocate Start                          0.010 / 0.016         0.010 / 0.019         0.010 / 0.019         0.010 / 0.019       ms
[70.117s][info][gc,stats    ]    Subphase: Concurrent Classes Purge                      0.021 / 0.107         0.111 / 6.129         0.111 / 6.129         0.111 / 6.129       ms
[70.117s][info][gc,stats    ]    Subphase: Concurrent Classes Unlink                     1.539 / 10.544        2.168 / 16.835        2.168 / 16.835        2.168 / 16.835      ms
[70.117s][info][gc,stats    ]    Subphase: Concurrent Mark                             118.908 / 193.302     120.304 / 1532.438    120.304 / 1532.438    120.304 / 1532.438    ms
[70.117s][info][gc,stats    ]    Subphase: Concurrent Mark Try Flush                     0.127 / 0.336         0.120 / 7.750         0.120 / 7.750         0.120 / 7.750       ms
[70.117s][info][gc,stats    ]    Subphase: Concurrent Mark Try Terminate                 8.070 / 16.638        9.384 / 17.022        9.384 / 17.022        9.384 / 17.022      ms
[70.117s][info][gc,stats    ]    Subphase: Concurrent References Enqueue                 0.001 / 0.004         0.001 / 0.015         0.001 / 0.015         0.001 / 0.015       ms
[70.117s][info][gc,stats    ]    Subphase: Concurrent References Process                 0.108 / 0.282         0.125 / 0.389         0.125 / 0.389         0.125 / 0.389       ms
[70.117s][info][gc,stats    ]    Subphase: Concurrent Roots ClassLoaderDataGraph         0.098 / 0.635         0.094 / 0.786         0.094 / 0.786         0.094 / 0.786       ms
[70.117s][info][gc,stats    ]    Subphase: Concurrent Roots CodeCache                    0.000 / 0.000         0.000 / 0.000         0.000 / 0.000         0.000 / 0.000       ms
[70.117s][info][gc,stats    ]    Subphase: Concurrent Roots JavaThreads                  9.622 / 11.274        7.157 / 12.055        7.157 / 12.055        7.157 / 12.055      ms
[70.117s][info][gc,stats    ]    Subphase: Concurrent Roots OopStorageSet                0.032 / 0.049         0.027 / 0.343         0.027 / 0.343         0.027 / 0.343       ms
[70.117s][info][gc,stats    ]    Subphase: Concurrent Weak Roots OopStorageSet           0.219 / 0.339         0.236 / 1.280         0.236 / 1.280         0.236 / 1.280       ms
[70.117s][info][gc,stats    ]    Subphase: Pause Mark Try Complete                       0.000 / 0.000         0.002 / 0.005         0.002 / 0.005         0.002 / 0.005       ms
[70.117s][info][gc,stats    ]      System: Java Threads                                    262 / 268             173 / 268             173 / 268             173 / 268         threads
[70.117s][info][gc,stats    ] =========================================================================================================================================================
[70.193s][info][gc,phases   ] GC(263) Concurrent Mark 187.106ms
[70.194s][info][gc,phases   ] GC(263) Pause Mark End 0.034ms
[70.194s][info][gc,phases   ] GC(263) Concurrent Mark Free 0.001ms
[70.196s][info][gc,phases   ] GC(263) Concurrent Process Non-Strong References 2.246ms
[70.196s][info][gc,phases   ] GC(263) Concurrent Reset Relocation Set 0.032ms
[70.200s][info][gc,phases   ] GC(263) Concurrent Select Relocation Set 3.800ms
[70.200s][info][gc,phases   ] GC(263) Pause Relocate Start 0.011ms
[70.216s][info][gc,phases   ] GC(263) Concurrent Relocate 15.412ms
[70.216s][info][gc,load     ] GC(263) Load: 0.00/0.00/0.00
[70.216s][info][gc,mmu      ] GC(263) MMU: 2ms/96.1%, 5ms/98.4%, 10ms/99.2%, 20ms/99.6%, 50ms/99.8%, 100ms/99.9%
[70.216s][info][gc,marking  ] GC(263) Mark: 8 stripe(s), 2 proactive flush(es), 1 terminate flush(es), 0 completion(s), 0 continuation(s) 
[70.216s][info][gc,marking  ] GC(263) Mark Stack Usage: 32M
[70.216s][info][gc,nmethod  ] GC(263) NMethods: 5694 registered, 4342 unregistered
[70.216s][info][gc,metaspace] GC(263) Metaspace: 64M used, 65M committed, 1088M reserved
[70.216s][info][gc,ref      ] GC(263) Soft: 3240 encountered, 0 discovered, 0 enqueued
[70.216s][info][gc,ref      ] GC(263) Weak: 6408 encountered, 1268 discovered, 0 enqueued
[70.216s][info][gc,ref      ] GC(263) Final: 62 encountered, 22 discovered, 0 enqueued
[70.216s][info][gc,ref      ] GC(263) Phantom: 617 encountered, 549 discovered, 0 enqueued
[70.216s][info][gc,reloc    ] GC(263) Small Pages: 314 / 628M, Empty: 0M, Relocated: 15M, In-Place: 0
[70.216s][info][gc,reloc    ] GC(263) Medium Pages: 2 / 64M, Empty: 0M, Relocated: 13M, In-Place: 0
[70.216s][info][gc,reloc    ] GC(263) Large Pages: 4 / 40M, Empty: 0M, Relocated: 0M, In-Place: 0
[70.216s][info][gc,reloc    ] GC(263) Forwarding Usage: 14M
[70.216s][info][gc,heap     ] GC(263) Min Capacity: 8M(1%)
[70.216s][info][gc,heap     ] GC(263) Max Capacity: 1024M(100%)
[70.216s][info][gc,heap     ] GC(263) Soft Max Capacity: 1024M(100%)
[70.216s][info][gc,heap     ] GC(263)                Mark Start          Mark End        Relocate Start      Relocate End           High               Low         
[70.216s][info][gc,heap     ] GC(263)  Capacity:     1024M (100%)       1024M (100%)       1024M (100%)       1024M (100%)       1024M (100%)       1024M (100%)   
[70.216s][info][gc,heap     ] GC(263)      Free:      292M (29%)         214M (21%)         214M (21%)         584M (57%)         584M (57%)         166M (16%)    
[70.216s][info][gc,heap     ] GC(263)      Used:      732M (71%)         810M (79%)         810M (79%)         440M (43%)         858M (84%)         440M (43%)    
[70.216s][info][gc,heap     ] GC(263)      Live:         -               302M (30%)         302M (30%)         302M (30%)            -                  -          
[70.216s][info][gc,heap     ] GC(263) Allocated:         -                78M (8%)           78M (8%)           75M (7%)             -                  -          
[70.216s][info][gc,heap     ] GC(263)   Garbage:         -               429M (42%)         429M (42%)          62M (6%)             -                  -          
[70.216s][info][gc,heap     ] GC(263) Reclaimed:         -                  -                 0M (0%)          367M (36%)            -                  -          
[70.216s][info][gc          ] GC(263) Garbage Collection (Allocation Rate) 732M(71%)->440M(43%)
[70.303s][info][gc,start    ] GC(264) Garbage Collection (Allocation Rate)
[70.303s][info][gc,task     ] GC(264) Using 10 workers
[70.303s][info][gc,phases   ] GC(264) Pause Mark Start 0.017ms
[70.457s][info][gc,phases   ] GC(264) Concurrent Mark 153.895ms
[70.457s][info][gc,phases   ] GC(264) Pause Mark End 0.030ms
[70.457s][info][gc,phases   ] GC(264) Concurrent Mark Free 0.001ms
[70.459s][info][gc,phases   ] GC(264) Concurrent Process Non-Strong References 1.722ms
[70.459s][info][gc,phases   ] GC(264) Concurrent Reset Relocation Set 0.027ms
[70.463s][info][gc,phases   ] GC(264) Concurrent Select Relocation Set 3.439ms
[70.463s][info][gc,phases   ] GC(264) Pause Relocate Start 0.007ms
[70.470s][info][gc,phases   ] GC(264) Concurrent Relocate 6.925ms
[70.470s][info][gc,load     ] GC(264) Load: 0.00/0.00/0.00
[70.470s][info][gc,mmu      ] GC(264) MMU: 2ms/96.1%, 5ms/98.4%, 10ms/99.2%, 20ms/99.6%, 50ms/99.8%, 100ms/99.9%
[70.470s][info][gc,marking  ] GC(264) Mark: 8 stripe(s), 2 proactive flush(es), 1 terminate flush(es), 0 completion(s), 0 continuation(s) 
[70.470s][info][gc,marking  ] GC(264) Mark Stack Usage: 32M
[70.470s][info][gc,nmethod  ] GC(264) NMethods: 5698 registered, 4342 unregistered
[70.470s][info][gc,metaspace] GC(264) Metaspace: 64M used, 65M committed, 1088M reserved
[70.470s][info][gc,ref      ] GC(264) Soft: 3239 encountered, 0 discovered, 0 enqueued
[70.470s][info][gc,ref      ] GC(264) Weak: 6408 encountered, 1419 discovered, 0 enqueued
[70.470s][info][gc,ref      ] GC(264) Final: 62 encountered, 40 discovered, 0 enqueued
[70.470s][info][gc,ref      ] GC(264) Phantom: 618 encountered, 549 discovered, 0 enqueued
[70.470s][info][gc,reloc    ] GC(264) Small Pages: 169 / 338M, Empty: 2M, Relocated: 6M, In-Place: 0
[70.470s][info][gc,reloc    ] GC(264) Medium Pages: 2 / 64M, Empty: 0M, Relocated: 16M, In-Place: 0
[70.470s][info][gc,reloc    ] GC(264) Large Pages: 4 / 40M, Empty: 0M, Relocated: 0M, In-Place: 0
[70.470s][info][gc,reloc    ] GC(264) Forwarding Usage: 5M
[70.470s][info][gc,heap     ] GC(264) Min Capacity: 8M(1%)
[70.470s][info][gc,heap     ] GC(264) Max Capacity: 1024M(100%)
[70.470s][info][gc,heap     ] GC(264) Soft Max Capacity: 1024M(100%)
[70.470s][info][gc,heap     ] GC(264)                Mark Start          Mark End        Relocate Start      Relocate End           High               Low         
[70.470s][info][gc,heap     ] GC(264)  Capacity:     1024M (100%)       1024M (100%)       1024M (100%)       1024M (100%)       1024M (100%)       1024M (100%)   
[70.470s][info][gc,heap     ] GC(264)      Free:      582M (57%)         556M (54%)         556M (54%)         594M (58%)         594M (58%)         444M (43%)    
[70.470s][info][gc,heap     ] GC(264)      Used:      442M (43%)         468M (46%)         468M (46%)         430M (42%)         580M (57%)         430M (42%)    
[70.470s][info][gc,heap     ] GC(264)      Live:         -               306M (30%)         306M (30%)         306M (30%)            -                  -          
[70.470s][info][gc,heap     ] GC(264) Allocated:         -                26M (3%)           28M (3%)           57M (6%)             -                  -          
[70.470s][info][gc,heap     ] GC(264)   Garbage:         -               135M (13%)         133M (13%)          65M (6%)             -                  -          
[70.470s][info][gc,heap     ] GC(264) Reclaimed:         -                  -                 2M (0%)           69M (7%)             -                  -          
[70.470s][info][gc          ] GC(264) Garbage Collection (Allocation Rate) 442M(43%)->430M(42%)
[70.504s][info][gc,start    ] GC(265) Garbage Collection (Allocation Rate)
[70.504s][info][gc,task     ] GC(265) Using 10 workers
[70.504s][info][gc,phases   ] GC(265) Pause Mark Start 0.011ms
[70.613s][info][gc,phases   ] GC(265) Concurrent Mark 108.959ms
[70.613s][info][gc,phases   ] GC(265) Pause Mark End 0.017ms
[70.614s][info][gc,phases   ] GC(265) Concurrent Mark Free 0.001ms
[70.615s][info][gc,phases   ] GC(265) Concurrent Process Non-Strong References 1.725ms
[70.615s][info][gc,phases   ] GC(265) Concurrent Reset Relocation Set 0.005ms
[70.633s][info][gc,phases   ] GC(265) Concurrent Select Relocation Set 17.441ms
[70.633s][info][gc,phases   ] GC(265) Pause Relocate Start 0.009ms
[70.655s][info][gc,phases   ] GC(265) Concurrent Relocate 21.811ms
[70.655s][info][gc,load     ] GC(265) Load: 0.00/0.00/0.00
[70.655s][info][gc,mmu      ] GC(265) MMU: 2ms/96.1%, 5ms/98.4%, 10ms/99.2%, 20ms/99.6%, 50ms/99.8%, 100ms/99.9%
[70.655s][info][gc,marking  ] GC(265) Mark: 8 stripe(s), 2 proactive flush(es), 1 terminate flush(es), 0 completion(s), 0 continuation(s) 
[70.655s][info][gc,marking  ] GC(265) Mark Stack Usage: 32M
[70.655s][info][gc,nmethod  ] GC(265) NMethods: 5695 registered, 4346 unregistered
[70.655s][info][gc,metaspace] GC(265) Metaspace: 64M used, 65M committed, 1088M reserved
[70.655s][info][gc,ref      ] GC(265) Soft: 3236 encountered, 0 discovered, 0 enqueued
[70.655s][info][gc,ref      ] GC(265) Weak: 6412 encountered, 746 discovered, 6 enqueued
[70.655s][info][gc,ref      ] GC(265) Final: 62 encountered, 17 discovered, 0 enqueued
[70.655s][info][gc,ref      ] GC(265) Phantom: 617 encountered, 339 discovered, 0 enqueued
[70.655s][info][gc,reloc    ] GC(265) Small Pages: 163 / 326M, Empty: 22M, Relocated: 48M, In-Place: 0
[70.655s][info][gc,reloc    ] GC(265) Medium Pages: 2 / 64M, Empty: 0M, Relocated: 15M, In-Place: 0
[70.655s][info][gc,reloc    ] GC(265) Large Pages: 4 / 40M, Empty: 20M, Relocated: 0M, In-Place: 0
[70.655s][info][gc,reloc    ] GC(265) Forwarding Usage: 45M
[70.655s][info][gc,heap     ] GC(265) Min Capacity: 8M(1%)
[70.655s][info][gc,heap     ] GC(265) Max Capacity: 1024M(100%)
[70.655s][info][gc,heap     ] GC(265) Soft Max Capacity: 1024M(100%)
[70.655s][info][gc,heap     ] GC(265)                Mark Start          Mark End        Relocate Start      Relocate End           High               Low         
[70.655s][info][gc,heap     ] GC(265)  Capacity:     1024M (100%)       1024M (100%)       1024M (100%)       1024M (100%)       1024M (100%)       1024M (100%)   
[70.655s][info][gc,heap     ] GC(265)      Free:      594M (58%)         586M (57%)         624M (61%)         736M (72%)         736M (72%)         578M (56%)    
[70.655s][info][gc,heap     ] GC(265)      Used:      430M (42%)         438M (43%)         400M (39%)         288M (28%)         446M (44%)         288M (28%)    
[70.655s][info][gc,heap     ] GC(265)      Live:         -               238M (23%)         238M (23%)         238M (23%)            -                  -          
[70.655s][info][gc,heap     ] GC(265) Allocated:         -                 8M (1%)           12M (1%)           12M (1%)             -                  -          
[70.655s][info][gc,heap     ] GC(265)   Garbage:         -               191M (19%)         149M (15%)          37M (4%)             -                  -          
[70.655s][info][gc,heap     ] GC(265) Reclaimed:         -                  -                42M (4%)          154M (15%)            -                  -          
[70.655s][info][gc          ] GC(265) Garbage Collection (Allocation Rate) 430M(42%)->288M(28%)
[70.707s][info][gc,start    ] GC(266) Garbage Collection (Allocation Rate)
[70.707s][info][gc,task     ] GC(266) Using 10 workers
[70.707s][info][gc,phases   ] GC(266) Pause Mark Start 0.016ms
[70.828s][info][gc,phases   ] GC(266) Concurrent Mark 120.792ms
[70.828s][info][gc,phases   ] GC(266) Pause Mark End 0.032ms
[70.828s][info][gc,phases   ] GC(266) Concurrent Mark Free 0.001ms
[70.830s][info][gc,phases   ] GC(266) Concurrent Process Non-Strong References 1.691ms
[70.830s][info][gc,phases   ] GC(266) Concurrent Reset Relocation Set 0.009ms
[70.836s][info][gc,phases   ] GC(266) Concurrent Select Relocation Set 6.245ms
[70.837s][info][gc,phases   ] GC(266) Pause Relocate Start 0.008ms
[70.840s][info][gc,phases   ] GC(266) Concurrent Relocate 3.596ms
[70.840s][info][gc,load     ] GC(266) Load: 0.00/0.00/0.00
[70.840s][info][gc,mmu      ] GC(266) MMU: 2ms/96.1%, 5ms/98.4%, 10ms/99.2%, 20ms/99.6%, 50ms/99.8%, 100ms/99.9%
[70.840s][info][gc,marking  ] GC(266) Mark: 8 stripe(s), 2 proactive flush(es), 1 terminate flush(es), 0 completion(s), 0 continuation(s) 
[70.840s][info][gc,marking  ] GC(266) Mark Stack Usage: 32M
[70.840s][info][gc,nmethod  ] GC(266) NMethods: 5726 registered, 4346 unregistered
[70.840s][info][gc,metaspace] GC(266) Metaspace: 64M used, 65M committed, 1088M reserved
[70.840s][info][gc,ref      ] GC(266) Soft: 3234 encountered, 0 discovered, 0 enqueued
[70.840s][info][gc,ref      ] GC(266) Weak: 6406 encountered, 807 discovered, 0 enqueued
[70.840s][info][gc,ref      ] GC(266) Final: 62 encountered, 2 discovered, 0 enqueued
[70.840s][info][gc,ref      ] GC(266) Phantom: 619 encountered, 468 discovered, 0 enqueued
[70.840s][info][gc,reloc    ] GC(266) Small Pages: 121 / 242M, Empty: 10M, Relocated: 5M, In-Place: 0
[70.840s][info][gc,reloc    ] GC(266) Medium Pages: 1 / 32M, Empty: 0M, Relocated: 0M, In-Place: 0
[70.840s][info][gc,reloc    ] GC(266) Large Pages: 2 / 20M, Empty: 0M, Relocated: 0M, In-Place: 0
[70.840s][info][gc,reloc    ] GC(266) Forwarding Usage: 4M
[70.840s][info][gc,heap     ] GC(266) Min Capacity: 8M(1%)
[70.840s][info][gc,heap     ] GC(266) Max Capacity: 1024M(100%)
[70.840s][info][gc,heap     ] GC(266) Soft Max Capacity: 1024M(100%)
[70.840s][info][gc,heap     ] GC(266)                Mark Start          Mark End        Relocate Start      Relocate End           High               Low         
[70.840s][info][gc,heap     ] GC(266)  Capacity:     1024M (100%)       1024M (100%)       1024M (100%)       1024M (100%)       1024M (100%)       1024M (100%)   
[70.840s][info][gc,heap     ] GC(266)      Free:      730M (71%)         708M (69%)         718M (70%)         720M (70%)         730M (71%)         698M (68%)    
[70.841s][info][gc,heap     ] GC(266)      Used:      294M (29%)         316M (31%)         306M (30%)         304M (30%)         326M (32%)         294M (29%)    
[70.841s][info][gc,heap     ] GC(266)      Live:         -               233M (23%)         233M (23%)         233M (23%)            -                  -          
[70.841s][info][gc,heap     ] GC(266) Allocated:         -                22M (2%)           22M (2%)           22M (2%)             -                  -          
[70.841s][info][gc,heap     ] GC(266)   Garbage:         -                60M (6%)           50M (5%)           48M (5%)             -                  -          
[70.841s][info][gc,heap     ] GC(266) Reclaimed:         -                  -                10M (1%)           12M (1%)             -                  -          
[70.841s][info][gc          ] GC(266) Garbage Collection (Allocation Rate) 294M(29%)->304M(30%)
[70.917s][info][gc,start    ] GC(267) Garbage Collection (Allocation Rate)
[70.917s][info][gc,task     ] GC(267) Using 10 workers
[70.917s][info][gc,phases   ] GC(267) Pause Mark Start 0.008ms
[70.995s][info][gc,phases   ] GC(267) Concurrent Mark 77.812ms
[70.995s][info][gc,phases   ] GC(267) Pause Mark End 0.027ms
[70.995s][info][gc,phases   ] GC(267) Concurrent Mark Free 0.001ms
[70.997s][info][gc,phases   ] GC(267) Concurrent Process Non-Strong References 1.797ms
[70.997s][info][gc,phases   ] GC(267) Concurrent Reset Relocation Set 0.002ms
[71.006s][info][gc,phases   ] GC(267) Concurrent Select Relocation Set 9.563ms
[71.006s][info][gc,phases   ] GC(267) Pause Relocate Start 0.007ms
[71.018s][info][gc,phases   ] GC(267) Concurrent Relocate 11.387ms
[71.018s][info][gc,load     ] GC(267) Load: 0.00/0.00/0.00
[71.018s][info][gc,mmu      ] GC(267) MMU: 2ms/96.1%, 5ms/98.4%, 10ms/99.2%, 20ms/99.6%, 50ms/99.8%, 100ms/99.9%
[71.018s][info][gc,marking  ] GC(267) Mark: 8 stripe(s), 2 proactive flush(es), 1 terminate flush(es), 0 completion(s), 0 continuation(s) 
[71.018s][info][gc,marking  ] GC(267) Mark Stack Usage: 32M
[71.018s][info][gc,nmethod  ] GC(267) NMethods: 5743 registered, 4352 unregistered
[71.018s][info][gc,metaspace] GC(267) Metaspace: 64M used, 65M committed, 1088M reserved
[71.018s][info][gc,ref      ] GC(267) Soft: 3237 encountered, 0 discovered, 0 enqueued
[71.018s][info][gc,ref      ] GC(267) Weak: 6618 encountered, 1108 discovered, 156 enqueued
[71.018s][info][gc,ref      ] GC(267) Final: 62 encountered, 2 discovered, 0 enqueued
[71.018s][info][gc,ref      ] GC(267) Phantom: 619 encountered, 325 discovered, 0 enqueued
[71.018s][info][gc,reloc    ] GC(267) Small Pages: 172 / 344M, Empty: 32M, Relocated: 15M, In-Place: 0
[71.018s][info][gc,reloc    ] GC(267) Medium Pages: 2 / 64M, Empty: 0M, Relocated: 18M, In-Place: 0
[71.018s][info][gc,reloc    ] GC(267) Large Pages: 3 / 26M, Empty: 26M, Relocated: 0M, In-Place: 0
[71.018s][info][gc,reloc    ] GC(267) Forwarding Usage: 15M
[71.018s][info][gc,heap     ] GC(267) Min Capacity: 8M(1%)
[71.018s][info][gc,heap     ] GC(267) Max Capacity: 1024M(100%)
[71.018s][info][gc,heap     ] GC(267) Soft Max Capacity: 1024M(100%)
[71.018s][info][gc,heap     ] GC(267)                Mark Start          Mark End        Relocate Start      Relocate End           High               Low         
[71.018s][info][gc,heap     ] GC(267)  Capacity:     1024M (100%)       1024M (100%)       1024M (100%)       1024M (100%)       1024M (100%)       1024M (100%)   
[71.018s][info][gc,heap     ] GC(267)      Free:      590M (58%)         524M (51%)         572M (56%)         724M (71%)         724M (71%)         518M (51%)    
[71.018s][info][gc,heap     ] GC(267)      Used:      434M (42%)         500M (49%)         452M (44%)         300M (29%)         506M (49%)         300M (29%)    
[71.018s][info][gc,heap     ] GC(267)      Live:         -               186M (18%)         186M (18%)         186M (18%)            -                  -          
[71.018s][info][gc,heap     ] GC(267) Allocated:         -                66M (6%)           76M (7%)           79M (8%)             -                  -          
[71.018s][info][gc,heap     ] GC(267)   Garbage:         -               247M (24%)         189M (19%)          33M (3%)             -                  -          
[71.018s][info][gc,heap     ] GC(267) Reclaimed:         -                  -                58M (6%)          213M (21%)            -                  -          
[71.018s][info][gc          ] GC(267) Garbage Collection (Allocation Rate) 434M(42%)->300M(29%)
[71.114s][info][gc,start    ] GC(268) Garbage Collection (Allocation Rate)
[71.114s][info][gc,task     ] GC(268) Using 10 workers
[71.114s][info][gc,phases   ] GC(268) Pause Mark Start 0.012ms
[71.208s][info][gc,phases   ] GC(268) Concurrent Mark 93.333ms
[71.208s][info][gc,phases   ] GC(268) Pause Mark End 0.020ms
[71.208s][info][gc,phases   ] GC(268) Concurrent Mark Free 0.001ms
[71.210s][info][gc,phases   ] GC(268) Concurrent Process Non-Strong References 1.748ms
[71.210s][info][gc,phases   ] GC(268) Concurrent Reset Relocation Set 0.009ms
[71.226s][info][gc,phases   ] GC(268) Concurrent Select Relocation Set 16.757ms
[71.227s][info][gc,phases   ] GC(268) Pause Relocate Start 0.008ms
[71.242s][info][gc,phases   ] GC(268) Concurrent Relocate 15.803ms
[71.242s][info][gc,load     ] GC(268) Load: 0.00/0.00/0.00
[71.243s][info][gc,mmu      ] GC(268) MMU: 2ms/96.1%, 5ms/98.4%, 10ms/99.2%, 20ms/99.6%, 50ms/99.8%, 100ms/99.9%
[71.243s][info][gc,marking  ] GC(268) Mark: 8 stripe(s), 2 proactive flush(es), 1 terminate flush(es), 0 completion(s), 0 continuation(s) 
[71.243s][info][gc,marking  ] GC(268) Mark Stack Usage: 32M
[71.243s][info][gc,nmethod  ] GC(268) NMethods: 5756 registered, 4352 unregistered
[71.243s][info][gc,metaspace] GC(268) Metaspace: 64M used, 65M committed, 1088M reserved
[71.243s][info][gc,ref      ] GC(268) Soft: 3236 encountered, 0 discovered, 0 enqueued
[71.243s][info][gc,ref      ] GC(268) Weak: 6466 encountered, 833 discovered, 2 enqueued
[71.243s][info][gc,ref      ] GC(268) Final: 62 encountered, 0 discovered, 0 enqueued
[71.243s][info][gc,ref      ] GC(268) Phantom: 620 encountered, 592 discovered, 0 enqueued
[71.243s][info][gc,reloc    ] GC(268) Small Pages: 139 / 278M, Empty: 0M, Relocated: 22M, In-Place: 0
[71.243s][info][gc,reloc    ] GC(268) Medium Pages: 1 / 32M, Empty: 0M, Relocated: 0M, In-Place: 0
[71.243s][info][gc,reloc    ] GC(268) Large Pages: 4 / 24M, Empty: 0M, Relocated: 0M, In-Place: 0
[71.243s][info][gc,reloc    ] GC(268) Forwarding Usage: 23M
[71.243s][info][gc,heap     ] GC(268) Min Capacity: 8M(1%)
[71.243s][info][gc,heap     ] GC(268) Max Capacity: 1024M(100%)
[71.243s][info][gc,heap     ] GC(268) Soft Max Capacity: 1024M(100%)
[71.243s][info][gc,heap     ] GC(268)                Mark Start          Mark End        Relocate Start      Relocate End           High               Low         
[71.243s][info][gc,heap     ] GC(268)  Capacity:     1024M (100%)       1024M (100%)       1024M (100%)       1024M (100%)       1024M (100%)       1024M (100%)   
[71.243s][info][gc,heap     ] GC(268)      Free:      690M (67%)         612M (60%)         596M (58%)         642M (63%)         690M (67%)         576M (56%)    
[71.243s][info][gc,heap     ] GC(268)      Used:      334M (33%)         412M (40%)         428M (42%)         382M (37%)         448M (44%)         334M (33%)    
[71.243s][info][gc,heap     ] GC(268)      Live:         -               212M (21%)         212M (21%)         212M (21%)            -                  -          
[71.243s][info][gc,heap     ] GC(268) Allocated:         -                78M (8%)           94M (9%)          127M (12%)            -                  -          
[71.243s][info][gc,heap     ] GC(268)   Garbage:         -               121M (12%)         121M (12%)          41M (4%)             -                  -          
[71.243s][info][gc,heap     ] GC(268) Reclaimed:         -                  -                 0M (0%)           79M (8%)             -                  -          
[71.243s][info][gc          ] GC(268) Garbage Collection (Allocation Rate) 334M(33%)->382M(37%)
[71.508s][info][gc,start    ] GC(269) Garbage Collection (Allocation Rate)
[71.508s][info][gc,task     ] GC(269) Using 10 workers
[71.509s][info][gc,phases   ] GC(269) Pause Mark Start 0.015ms
[71.592s][info][gc,phases   ] GC(269) Concurrent Mark 83.124ms
[71.592s][info][gc,phases   ] GC(269) Pause Mark End 0.027ms
[71.592s][info][gc,phases   ] GC(269) Concurrent Mark Free 0.001ms
[71.594s][info][gc,phases   ] GC(269) Concurrent Process Non-Strong References 2.025ms
[71.594s][info][gc,phases   ] GC(269) Concurrent Reset Relocation Set 0.013ms
[71.600s][info][gc,phases   ] GC(269) Concurrent Select Relocation Set 6.222ms
[71.601s][info][gc,phases   ] GC(269) Pause Relocate Start 0.007ms
[71.602s][info][gc,phases   ] GC(269) Concurrent Relocate 1.455ms
[71.602s][info][gc,load     ] GC(269) Load: 0.00/0.00/0.00
[71.602s][info][gc,mmu      ] GC(269) MMU: 2ms/96.1%, 5ms/98.4%, 10ms/99.2%, 20ms/99.6%, 50ms/99.8%, 100ms/99.9%
[71.602s][info][gc,marking  ] GC(269) Mark: 8 stripe(s), 2 proactive flush(es), 1 terminate flush(es), 0 completion(s), 0 continuation(s) 
[71.602s][info][gc,marking  ] GC(269) Mark Stack Usage: 32M
[71.602s][info][gc,nmethod  ] GC(269) NMethods: 5876 registered, 4361 unregistered
[71.602s][info][gc,metaspace] GC(269) Metaspace: 64M used, 65M committed, 1088M reserved
[71.602s][info][gc,ref      ] GC(269) Soft: 3232 encountered, 0 discovered, 0 enqueued
[71.602s][info][gc,ref      ] GC(269) Weak: 6626 encountered, 1778 discovered, 156 enqueued
[71.602s][info][gc,ref      ] GC(269) Final: 62 encountered, 0 discovered, 0 enqueued
[71.602s][info][gc,ref      ] GC(269) Phantom: 617 encountered, 484 discovered, 0 enqueued
[71.602s][info][gc,reloc    ] GC(269) Small Pages: 302 / 604M, Empty: 380M, Relocated: 1M, In-Place: 0
[71.602s][info][gc,reloc    ] GC(269) Medium Pages: 2 / 64M, Empty: 32M, Relocated: 0M, In-Place: 0
[71.602s][info][gc,reloc    ] GC(269) Large Pages: 9 / 54M, Empty: 54M, Relocated: 0M, In-Place: 0
[71.602s][info][gc,reloc    ] GC(269) Forwarding Usage: 0M
[71.602s][info][gc,heap     ] GC(269) Min Capacity: 8M(1%)
[71.603s][info][gc,heap     ] GC(269) Max Capacity: 1024M(100%)
[71.603s][info][gc,heap     ] GC(269) Soft Max Capacity: 1024M(100%)
[71.603s][info][gc,heap     ] GC(269)                Mark Start          Mark End        Relocate Start      Relocate End           High               Low         
[71.603s][info][gc,heap     ] GC(269)  Capacity:     1024M (100%)       1024M (100%)       1024M (100%)       1024M (100%)       1024M (100%)       1024M (100%)   
[71.603s][info][gc,heap     ] GC(269)      Free:      302M (29%)         172M (17%)         628M (61%)         668M (65%)         668M (65%)         170M (17%)    
[71.603s][info][gc,heap     ] GC(269)      Used:      722M (71%)         852M (83%)         396M (39%)         356M (35%)         854M (83%)         356M (35%)    
[71.603s][info][gc,heap     ] GC(269)      Live:         -               165M (16%)         165M (16%)         165M (16%)            -                  -          
[71.603s][info][gc,heap     ] GC(269) Allocated:         -               130M (13%)         140M (14%)         139M (14%)            -                  -          
[71.603s][info][gc,heap     ] GC(269)   Garbage:         -               556M (54%)          90M (9%)           50M (5%)             -                  -          
[71.603s][info][gc,heap     ] GC(269) Reclaimed:         -                  -               466M (46%)         505M (49%)            -                  -          
[71.603s][info][gc          ] GC(269) Garbage Collection (Allocation Rate) 722M(71%)->356M(35%)
[71.715s][info][gc,start    ] GC(270) Garbage Collection (Allocation Rate)
[71.715s][info][gc,task     ] GC(270) Using 10 workers
[71.715s][info][gc,phases   ] GC(270) Pause Mark Start 0.011ms
[71.824s][info][gc,phases   ] GC(270) Concurrent Mark 108.992ms
[71.825s][info][gc,phases   ] GC(270) Pause Mark End 0.037ms
[71.825s][info][gc,phases   ] GC(270) Concurrent Mark Free 0.001ms
[71.827s][info][gc,phases   ] GC(270) Concurrent Process Non-Strong References 2.375ms
[71.827s][info][gc,phases   ] GC(270) Concurrent Reset Relocation Set 0.006ms
[71.837s][info][gc,phases   ] GC(270) Concurrent Select Relocation Set 9.868ms
[71.837s][info][gc,phases   ] GC(270) Pause Relocate Start 0.008ms
[71.852s][info][gc,phases   ] GC(270) Concurrent Relocate 15.188ms
[71.853s][info][gc,load     ] GC(270) Load: 0.00/0.00/0.00
[71.853s][info][gc,mmu      ] GC(270) MMU: 2ms/96.1%, 5ms/98.4%, 10ms/99.2%, 20ms/99.6%, 50ms/99.8%, 100ms/99.9%
[71.853s][info][gc,marking  ] GC(270) Mark: 8 stripe(s), 2 proactive flush(es), 1 terminate flush(es), 0 completion(s), 0 continuation(s) 
[71.853s][info][gc,marking  ] GC(270) Mark Stack Usage: 32M
[71.853s][info][gc,nmethod  ] GC(270) NMethods: 5874 registered, 4368 unregistered
[71.853s][info][gc,metaspace] GC(270) Metaspace: 64M used, 65M committed, 1088M reserved
[71.853s][info][gc,ref      ] GC(270) Soft: 3236 encountered, 0 discovered, 0 enqueued
[71.853s][info][gc,ref      ] GC(270) Weak: 6583 encountered, 3166 discovered, 213 enqueued
[71.853s][info][gc,ref      ] GC(270) Final: 62 encountered, 0 discovered, 0 enqueued
[71.853s][info][gc,ref      ] GC(270) Phantom: 620 encountered, 510 discovered, 0 enqueued
[71.853s][info][gc,reloc    ] GC(270) Small Pages: 190 / 380M, Empty: 0M, Relocated: 24M, In-Place: 0
[71.853s][info][gc,reloc    ] GC(270) Medium Pages: 2 / 64M, Empty: 32M, Relocated: 0M, In-Place: 0
[71.853s][info][gc,reloc    ] GC(270) Large Pages: 5 / 30M, Empty: 6M, Relocated: 0M, In-Place: 0
[71.853s][info][gc,reloc    ] GC(270) Forwarding Usage: 25M
[71.853s][info][gc,heap     ] GC(270) Min Capacity: 8M(1%)
[71.853s][info][gc,heap     ] GC(270) Max Capacity: 1024M(100%)
[71.853s][info][gc,heap     ] GC(270) Soft Max Capacity: 1024M(100%)
[71.853s][info][gc,heap     ] GC(270)                Mark Start          Mark End        Relocate Start      Relocate End           High               Low         
[71.853s][info][gc,heap     ] GC(270)  Capacity:     1024M (100%)       1024M (100%)       1024M (100%)       1024M (100%)       1024M (100%)       1024M (100%)   
[71.853s][info][gc,heap     ] GC(270)      Free:      550M (54%)         470M (46%)         496M (48%)         670M (65%)         670M (65%)         462M (45%)    
[71.853s][info][gc,heap     ] GC(270)      Used:      474M (46%)         554M (54%)         528M (52%)         354M (35%)         562M (55%)         354M (35%)    
[71.853s][info][gc,heap     ] GC(270)      Live:         -               212M (21%)         212M (21%)         212M (21%)            -                  -          
[71.853s][info][gc,heap     ] GC(270) Allocated:         -                80M (8%)           92M (9%)          101M (10%)            -                  -          
[71.853s][info][gc,heap     ] GC(270)   Garbage:         -               261M (26%)         223M (22%)          39M (4%)             -                  -          
[71.853s][info][gc,heap     ] GC(270) Reclaimed:         -                  -                38M (4%)          221M (22%)            -                  -          
[71.853s][info][gc          ] GC(270) Garbage Collection (Allocation Rate) 474M(46%)->354M(35%)
[71.918s][info][gc,start    ] GC(271) Garbage Collection (Allocation Rate)
[71.918s][info][gc,task     ] GC(271) Using 10 workers
[71.918s][info][gc,phases   ] GC(271) Pause Mark Start 0.013ms
[72.043s][info][gc,phases   ] GC(271) Concurrent Mark 124.593ms
[72.043s][info][gc,phases   ] GC(271) Pause Mark End 0.024ms
[72.043s][info][gc,phases   ] GC(271) Concurrent Mark Free 0.001ms
[72.046s][info][gc,phases   ] GC(271) Concurrent Process Non-Strong References 2.377ms
[72.046s][info][gc,phases   ] GC(271) Concurrent Reset Relocation Set 0.026ms
[72.053s][info][gc,phases   ] GC(271) Concurrent Select Relocation Set 6.638ms
[72.053s][info][gc,phases   ] GC(271) Pause Relocate Start 0.010ms
[72.067s][info][gc,phases   ] GC(271) Concurrent Relocate 14.008ms
[72.067s][info][gc,load     ] GC(271) Load: 0.00/0.00/0.00
[72.067s][info][gc,mmu      ] GC(271) MMU: 2ms/96.1%, 5ms/98.4%, 10ms/99.2%, 20ms/99.6%, 50ms/99.8%, 100ms/99.9%
[72.067s][info][gc,marking  ] GC(271) Mark: 8 stripe(s), 2 proactive flush(es), 1 terminate flush(es), 0 completion(s), 0 continuation(s) 
[72.067s][info][gc,marking  ] GC(271) Mark Stack Usage: 32M
[72.067s][info][gc,nmethod  ] GC(271) NMethods: 5931 registered, 4368 unregistered
[72.067s][info][gc,metaspace] GC(271) Metaspace: 64M used, 65M committed, 1088M reserved
[72.067s][info][gc,ref      ] GC(271) Soft: 3240 encountered, 0 discovered, 0 enqueued
[72.067s][info][gc,ref      ] GC(271) Weak: 6377 encountered, 3252 discovered, 2 enqueued
[72.067s][info][gc,ref      ] GC(271) Final: 62 encountered, 6 discovered, 0 enqueued
[72.067s][info][gc,ref      ] GC(271) Phantom: 631 encountered, 568 discovered, 0 enqueued
[72.067s][info][gc,reloc    ] GC(271) Small Pages: 174 / 348M, Empty: 82M, Relocated: 11M, In-Place: 0
[72.067s][info][gc,reloc    ] GC(271) Medium Pages: 1 / 32M, Empty: 0M, Relocated: 0M, In-Place: 0
[72.067s][info][gc,reloc    ] GC(271) Large Pages: 4 / 24M, Empty: 0M, Relocated: 0M, In-Place: 0
[72.067s][info][gc,reloc    ] GC(271) Forwarding Usage: 9M
[72.067s][info][gc,heap     ] GC(271) Min Capacity: 8M(1%)
[72.067s][info][gc,heap     ] GC(271) Max Capacity: 1024M(100%)
[72.067s][info][gc,heap     ] GC(271) Soft Max Capacity: 1024M(100%)
[72.067s][info][gc,heap     ] GC(271)                Mark Start          Mark End        Relocate Start      Relocate End           High               Low         
[72.067s][info][gc,heap     ] GC(271)  Capacity:     1024M (100%)       1024M (100%)       1024M (100%)       1024M (100%)       1024M (100%)       1024M (100%)   
[72.067s][info][gc,heap     ] GC(271)      Free:      620M (61%)         580M (57%)         660M (64%)         714M (70%)         716M (70%)         578M (56%)    
[72.068s][info][gc,heap     ] GC(271)      Used:      404M (39%)         444M (43%)         364M (36%)         310M (30%)         446M (44%)         308M (30%)    
[72.068s][info][gc,heap     ] GC(271)      Live:         -               215M (21%)         215M (21%)         215M (21%)            -                  -          
[72.068s][info][gc,heap     ] GC(271) Allocated:         -                40M (4%)           42M (4%)           49M (5%)             -                  -          
[72.068s][info][gc,heap     ] GC(271)   Garbage:         -               188M (18%)         106M (10%)          44M (4%)             -                  -          
[72.068s][info][gc,heap     ] GC(271) Reclaimed:         -                  -                82M (8%)          143M (14%)            -                  -          
[72.068s][info][gc          ] GC(271) Garbage Collection (Allocation Rate) 404M(39%)->310M(30%)
[72.117s][info][gc,start    ] GC(272) Garbage Collection (Allocation Rate)
[72.117s][info][gc,task     ] GC(272) Using 10 workers
[72.117s][info][gc,phases   ] GC(272) Pause Mark Start 0.014ms
[72.198s][info][gc,phases   ] GC(272) Concurrent Mark 80.945ms
[72.198s][info][gc,phases   ] GC(272) Pause Mark End 0.024ms
[72.198s][info][gc,phases   ] GC(272) Concurrent Mark Free 0.001ms
[72.200s][info][gc,phases   ] GC(272) Concurrent Process Non-Strong References 1.803ms
[72.200s][info][gc,phases   ] GC(272) Concurrent Reset Relocation Set 0.006ms
[72.204s][info][gc,phases   ] GC(272) Concurrent Select Relocation Set 3.831ms
[72.204s][info][gc,phases   ] GC(272) Pause Relocate Start 0.007ms
[72.206s][info][gc,phases   ] GC(272) Concurrent Relocate 1.878ms
[72.206s][info][gc,load     ] GC(272) Load: 0.00/0.00/0.00
[72.206s][info][gc,mmu      ] GC(272) MMU: 2ms/96.1%, 5ms/98.4%, 10ms/99.2%, 20ms/99.6%, 50ms/99.8%, 100ms/99.9%
[72.206s][info][gc,marking  ] GC(272) Mark: 8 stripe(s), 2 proactive flush(es), 1 terminate flush(es), 0 completion(s), 0 continuation(s) 
[72.206s][info][gc,marking  ] GC(272) Mark Stack Usage: 32M
[72.206s][info][gc,nmethod  ] GC(272) NMethods: 5949 registered, 4371 unregistered
[72.206s][info][gc,metaspace] GC(272) Metaspace: 64M used, 65M committed, 1088M reserved
[72.206s][info][gc,ref      ] GC(272) Soft: 3236 encountered, 0 discovered, 0 enqueued
[72.206s][info][gc,ref      ] GC(272) Weak: 6437 encountered, 1061 discovered, 18 enqueued
[72.206s][info][gc,ref      ] GC(272) Final: 62 encountered, 6 discovered, 0 enqueued
[72.206s][info][gc,ref      ] GC(272) Phantom: 621 encountered, 569 discovered, 0 enqueued
[72.206s][info][gc,reloc    ] GC(272) Small Pages: 141 / 282M, Empty: 48M, Relocated: 2M, In-Place: 0
[72.206s][info][gc,reloc    ] GC(272) Medium Pages: 1 / 32M, Empty: 0M, Relocated: 0M, In-Place: 0
[72.206s][info][gc,reloc    ] GC(272) Large Pages: 5 / 30M, Empty: 30M, Relocated: 0M, In-Place: 0
[72.206s][info][gc,reloc    ] GC(272) Forwarding Usage: 1M
[72.206s][info][gc,heap     ] GC(272) Min Capacity: 8M(1%)
[72.206s][info][gc,heap     ] GC(272) Max Capacity: 1024M(100%)
[72.206s][info][gc,heap     ] GC(272) Soft Max Capacity: 1024M(100%)
[72.206s][info][gc,heap     ] GC(272)                Mark Start          Mark End        Relocate Start      Relocate End           High               Low         
[72.206s][info][gc,heap     ] GC(272)  Capacity:     1024M (100%)       1024M (100%)       1024M (100%)       1024M (100%)       1024M (100%)       1024M (100%)   
[72.206s][info][gc,heap     ] GC(272)      Free:      680M (66%)         440M (43%)         502M (49%)         548M (54%)         680M (66%)         426M (42%)    
[72.206s][info][gc,heap     ] GC(272)      Used:      344M (34%)         584M (57%)         522M (51%)         476M (46%)         598M (58%)         344M (34%)    
[72.206s][info][gc,heap     ] GC(272)      Live:         -               166M (16%)         166M (16%)         166M (16%)            -                  -          
[72.206s][info][gc,heap     ] GC(272) Allocated:         -               240M (23%)         256M (25%)         259M (25%)            -                  -          
[72.206s][info][gc,heap     ] GC(272)   Garbage:         -               177M (17%)          99M (10%)          49M (5%)             -                  -          
[72.206s][info][gc,heap     ] GC(272) Reclaimed:         -                  -                78M (8%)          127M (12%)            -                  -          
[72.206s][info][gc          ] GC(272) Garbage Collection (Allocation Rate) 344M(34%)->476M(46%)
[72.316s][info][gc,start    ] GC(273) Garbage Collection (Allocation Rate)
[72.316s][info][gc,task     ] GC(273) Using 10 workers
[72.317s][info][gc,phases   ] GC(273) Pause Mark Start 0.016ms
[72.426s][info][gc,phases   ] GC(273) Concurrent Mark 108.889ms
[72.426s][info][gc,phases   ] GC(273) Pause Mark End 0.017ms
[72.426s][info][gc,phases   ] GC(273) Concurrent Mark Free 0.001ms
[72.428s][info][gc,phases   ] GC(273) Concurrent Process Non-Strong References 2.036ms
[72.428s][info][gc,phases   ] GC(273) Concurrent Reset Relocation Set 0.005ms
[72.446s][info][gc,phases   ] GC(273) Concurrent Select Relocation Set 18.496ms
[72.447s][info][gc,phases   ] GC(273) Pause Relocate Start 0.009ms
[72.477s][info][gc,phases   ] GC(273) Concurrent Relocate 30.008ms
[72.477s][info][gc,load     ] GC(273) Load: 0.00/0.00/0.00
[72.477s][info][gc,mmu      ] GC(273) MMU: 2ms/96.1%, 5ms/98.4%, 10ms/99.2%, 20ms/99.6%, 50ms/99.8%, 100ms/99.9%
[72.477s][info][gc,marking  ] GC(273) Mark: 8 stripe(s), 2 proactive flush(es), 1 terminate flush(es), 0 completion(s), 0 continuation(s) 
[72.477s][info][gc,marking  ] GC(273) Mark Stack Usage: 32M
[72.477s][info][gc,nmethod  ] GC(273) NMethods: 5952 registered, 4371 unregistered
[72.477s][info][gc,metaspace] GC(273) Metaspace: 64M used, 65M committed, 1088M reserved
[72.477s][info][gc,ref      ] GC(273) Soft: 3236 encountered, 0 discovered, 0 enqueued
[72.477s][info][gc,ref      ] GC(273) Weak: 6423 encountered, 2174 discovered, 2 enqueued
[72.477s][info][gc,ref      ] GC(273) Final: 62 encountered, 1 discovered, 0 enqueued
[72.477s][info][gc,ref      ] GC(273) Phantom: 619 encountered, 548 discovered, 0 enqueued
[72.477s][info][gc,reloc    ] GC(273) Small Pages: 341 / 682M, Empty: 0M, Relocated: 51M, In-Place: 0
[72.477s][info][gc,reloc    ] GC(273) Medium Pages: 2 / 64M, Empty: 0M, Relocated: 18M, In-Place: 1
[72.477s][info][gc,reloc    ] GC(273) Large Pages: 0 / 0M, Empty: 0M, Relocated: 0M, In-Place: 0
[72.477s][info][gc,reloc    ] GC(273) Forwarding Usage: 49M
[72.477s][info][gc,heap     ] GC(273) Min Capacity: 8M(1%)
[72.477s][info][gc,heap     ] GC(273) Max Capacity: 1024M(100%)
[72.477s][info][gc,heap     ] GC(273) Soft Max Capacity: 1024M(100%)
[72.477s][info][gc,heap     ] GC(273)                Mark Start          Mark End        Relocate Start      Relocate End           High               Low         
[72.477s][info][gc,heap     ] GC(273)  Capacity:     1024M (100%)       1024M (100%)       1024M (100%)       1024M (100%)       1024M (100%)       1024M (100%)   
[72.477s][info][gc,heap     ] GC(273)      Free:      278M (27%)          30M (3%)           22M (2%)          512M (50%)         512M (50%)           6M (1%)     
[72.477s][info][gc,heap     ] GC(273)      Used:      746M (73%)         994M (97%)        1002M (98%)         512M (50%)        1018M (99%)         512M (50%)    
[72.477s][info][gc,heap     ] GC(273)      Live:         -               223M (22%)         223M (22%)         223M (22%)            -                  -          
[72.477s][info][gc,heap     ] GC(273) Allocated:         -               248M (24%)         256M (25%)         256M (25%)            -                  -          
[72.477s][info][gc,heap     ] GC(273)   Garbage:         -               522M (51%)         522M (51%)          31M (3%)             -                  -          
[72.477s][info][gc,heap     ] GC(273) Reclaimed:         -                  -                 0M (0%)          490M (48%)            -                  -          
[72.477s][info][gc          ] GC(273) Garbage Collection (Allocation Rate) 746M(73%)->512M(50%)
[72.504s][info][gc,start    ] GC(274) Garbage Collection (Allocation Rate)
[72.504s][info][gc,task     ] GC(274) Using 10 workers
[72.504s][info][gc,phases   ] GC(274) Pause Mark Start 0.014ms
[72.644s][info][gc,phases   ] GC(274) Concurrent Mark 140.311ms
[72.644s][info][gc,phases   ] GC(274) Pause Mark End 0.033ms
[72.645s][info][gc,phases   ] GC(274) Concurrent Mark Free 0.002ms
[72.647s][info][gc,phases   ] GC(274) Concurrent Process Non-Strong References 2.010ms
[72.647s][info][gc,phases   ] GC(274) Concurrent Reset Relocation Set 0.062ms
[72.656s][info][gc,phases   ] GC(274) Concurrent Select Relocation Set 8.933ms
[72.656s][info][gc,phases   ] GC(274) Pause Relocate Start 0.015ms
[72.684s][info][gc,phases   ] GC(274) Concurrent Relocate 27.588ms
[72.684s][info][gc,load     ] GC(274) Load: 0.00/0.00/0.00
[72.684s][info][gc,mmu      ] GC(274) MMU: 2ms/96.1%, 5ms/98.4%, 10ms/99.2%, 20ms/99.6%, 50ms/99.8%, 100ms/99.9%
[72.684s][info][gc,marking  ] GC(274) Mark: 8 stripe(s), 2 proactive flush(es), 1 terminate flush(es), 0 completion(s), 0 continuation(s) 
[72.684s][info][gc,marking  ] GC(274) Mark Stack Usage: 32M
[72.684s][info][gc,nmethod  ] GC(274) NMethods: 5952 registered, 4371 unregistered
[72.684s][info][gc,metaspace] GC(274) Metaspace: 64M used, 65M committed, 1088M reserved
[72.684s][info][gc,ref      ] GC(274) Soft: 3236 encountered, 0 discovered, 0 enqueued
[72.684s][info][gc,ref      ] GC(274) Weak: 6421 encountered, 1030 discovered, 0 enqueued
[72.684s][info][gc,ref      ] GC(274) Final: 62 encountered, 4 discovered, 0 enqueued
[72.684s][info][gc,ref      ] GC(274) Phantom: 617 encountered, 556 discovered, 0 enqueued
[72.684s][info][gc,reloc    ] GC(274) Small Pages: 212 / 424M, Empty: 0M, Relocated: 25M, In-Place: 0
[72.684s][info][gc,reloc    ] GC(274) Medium Pages: 2 / 64M, Empty: 0M, Relocated: 12M, In-Place: 0
[72.684s][info][gc,reloc    ] GC(274) Large Pages: 4 / 24M, Empty: 0M, Relocated: 0M, In-Place: 0
[72.684s][info][gc,reloc    ] GC(274) Forwarding Usage: 24M
[72.684s][info][gc,heap     ] GC(274) Min Capacity: 8M(1%)
[72.684s][info][gc,heap     ] GC(274) Max Capacity: 1024M(100%)
[72.684s][info][gc,heap     ] GC(274) Soft Max Capacity: 1024M(100%)
[72.684s][info][gc,heap     ] GC(274)                Mark Start          Mark End        Relocate Start      Relocate End           High               Low         
[72.684s][info][gc,heap     ] GC(274)  Capacity:     1024M (100%)       1024M (100%)       1024M (100%)       1024M (100%)       1024M (100%)       1024M (100%)   
[72.684s][info][gc,heap     ] GC(274)      Free:      512M (50%)         462M (45%)         458M (45%)         656M (64%)         656M (64%)         408M (40%)    
[72.684s][info][gc,heap     ] GC(274)      Used:      512M (50%)         562M (55%)         566M (55%)         368M (36%)         616M (60%)         368M (36%)    
[72.684s][info][gc,heap     ] GC(274)      Live:         -               265M (26%)         265M (26%)         265M (26%)            -                  -          
[72.684s][info][gc,heap     ] GC(274) Allocated:         -                50M (5%)           54M (5%)           60M (6%)             -                  -          
[72.684s][info][gc,heap     ] GC(274)   Garbage:         -               246M (24%)         246M (24%)          41M (4%)             -                  -          
[72.684s][info][gc,heap     ] GC(274) Reclaimed:         -                  -                 0M (0%)          204M (20%)            -                  -          
[72.684s][info][gc          ] GC(274) Garbage Collection (Allocation Rate) 512M(50%)->368M(36%)
[72.707s][info][gc,start    ] GC(275) Garbage Collection (Allocation Rate)
[72.707s][info][gc,task     ] GC(275) Using 10 workers
[72.707s][info][gc,phases   ] GC(275) Pause Mark Start 0.010ms
[72.839s][info][gc,phases   ] GC(275) Concurrent Mark 131.626ms
[72.839s][info][gc,phases   ] GC(275) Pause Mark End 0.034ms
[72.839s][info][gc,phases   ] GC(275) Concurrent Mark Free 0.001ms
[72.841s][info][gc,phases   ] GC(275) Concurrent Process Non-Strong References 2.243ms
[72.841s][info][gc,phases   ] GC(275) Concurrent Reset Relocation Set 0.027ms
[72.849s][info][gc,phases   ] GC(275) Concurrent Select Relocation Set 7.629ms
[72.849s][info][gc,phases   ] GC(275) Pause Relocate Start 0.010ms
[72.866s][info][gc,phases   ] GC(275) Concurrent Relocate 16.488ms
[72.866s][info][gc,load     ] GC(275) Load: 0.00/0.00/0.00
[72.866s][info][gc,mmu      ] GC(275) MMU: 2ms/96.1%, 5ms/98.4%, 10ms/99.2%, 20ms/99.6%, 50ms/99.8%, 100ms/99.9%
[72.866s][info][gc,marking  ] GC(275) Mark: 8 stripe(s), 2 proactive flush(es), 1 terminate flush(es), 0 completion(s), 0 continuation(s) 
[72.866s][info][gc,marking  ] GC(275) Mark Stack Usage: 32M
[72.866s][info][gc,nmethod  ] GC(275) NMethods: 5959 registered, 4371 unregistered
[72.866s][info][gc,metaspace] GC(275) Metaspace: 64M used, 65M committed, 1088M reserved
[72.866s][info][gc,ref      ] GC(275) Soft: 3236 encountered, 0 discovered, 0 enqueued
[72.866s][info][gc,ref      ] GC(275) Weak: 6413 encountered, 655 discovered, 0 enqueued
[72.866s][info][gc,ref      ] GC(275) Final: 62 encountered, 1 discovered, 0 enqueued
[72.866s][info][gc,ref      ] GC(275) Phantom: 617 encountered, 546 discovered, 0 enqueued
[72.866s][info][gc,reloc    ] GC(275) Small Pages: 145 / 290M, Empty: 18M, Relocated: 8M, In-Place: 0
[72.866s][info][gc,reloc    ] GC(275) Medium Pages: 3 / 96M, Empty: 0M, Relocated: 22M, In-Place: 0
[72.866s][info][gc,reloc    ] GC(275) Large Pages: 4 / 24M, Empty: 12M, Relocated: 0M, In-Place: 0
[72.866s][info][gc,reloc    ] GC(275) Forwarding Usage: 6M
[72.866s][info][gc,heap     ] GC(275) Min Capacity: 8M(1%)
[72.866s][info][gc,heap     ] GC(275) Max Capacity: 1024M(100%)
[72.866s][info][gc,heap     ] GC(275) Soft Max Capacity: 1024M(100%)
[72.866s][info][gc,heap     ] GC(275)                Mark Start          Mark End        Relocate Start      Relocate End           High               Low         
[72.866s][info][gc,heap     ] GC(275)  Capacity:     1024M (100%)       1024M (100%)       1024M (100%)       1024M (100%)       1024M (100%)       1024M (100%)   
[72.866s][info][gc,heap     ] GC(275)      Free:      614M (60%)         512M (50%)         534M (52%)         620M (61%)         620M (61%)         488M (48%)    
[72.866s][info][gc,heap     ] GC(275)      Used:      410M (40%)         512M (50%)         490M (48%)         404M (39%)         536M (52%)         404M (39%)    
[72.866s][info][gc,heap     ] GC(275)      Live:         -               248M (24%)         248M (24%)         248M (24%)            -                  -          
[72.866s][info][gc,heap     ] GC(275) Allocated:         -               102M (10%)         110M (11%)         114M (11%)            -                  -          
[72.866s][info][gc,heap     ] GC(275)   Garbage:         -               161M (16%)         131M (13%)          40M (4%)             -                  -          
[72.866s][info][gc,heap     ] GC(275) Reclaimed:         -                  -                30M (3%)          120M (12%)            -                  -          
[72.866s][info][gc          ] GC(275) Garbage Collection (Allocation Rate) 410M(40%)->404M(39%)
[72.911s][info][gc,start    ] GC(276) Garbage Collection (Allocation Rate)
[72.911s][info][gc,task     ] GC(276) Using 10 workers
[72.911s][info][gc,phases   ] GC(276) Pause Mark Start 0.012ms
[73.035s][info][gc,phases   ] GC(276) Concurrent Mark 123.122ms
[73.035s][info][gc,phases   ] GC(276) Pause Mark End 0.042ms
[73.035s][info][gc,phases   ] GC(276) Concurrent Mark Free 0.001ms
[73.037s][info][gc,phases   ] GC(276) Concurrent Process Non-Strong References 2.295ms
[73.037s][info][gc,phases   ] GC(276) Concurrent Reset Relocation Set 0.005ms
[73.062s][info][gc,phases   ] GC(276) Concurrent Select Relocation Set 25.061ms
[73.066s][info][gc,phases   ] GC(276) Pause Relocate Start 0.009ms
[73.093s][info][gc,phases   ] GC(276) Concurrent Relocate 26.724ms
[73.093s][info][gc,load     ] GC(276) Load: 0.00/0.00/0.00
[73.093s][info][gc,mmu      ] GC(276) MMU: 2ms/96.1%, 5ms/98.4%, 10ms/99.2%, 20ms/99.6%, 50ms/99.8%, 100ms/99.9%
[73.093s][info][gc,marking  ] GC(276) Mark: 8 stripe(s), 2 proactive flush(es), 1 terminate flush(es), 0 completion(s), 0 continuation(s) 
[73.093s][info][gc,marking  ] GC(276) Mark Stack Usage: 32M
[73.093s][info][gc,nmethod  ] GC(276) NMethods: 5969 registered, 4373 unregistered
[73.093s][info][gc,metaspace] GC(276) Metaspace: 65M used, 65M committed, 1088M reserved
[73.093s][info][gc,ref      ] GC(276) Soft: 3235 encountered, 0 discovered, 0 enqueued
[73.093s][info][gc,ref      ] GC(276) Weak: 6414 encountered, 1794 discovered, 1 enqueued
[73.093s][info][gc,ref      ] GC(276) Final: 62 encountered, 7 discovered, 0 enqueued
[73.093s][info][gc,ref      ] GC(276) Phantom: 617 encountered, 440 discovered, 0 enqueued
[73.093s][info][gc,reloc    ] GC(276) Small Pages: 146 / 292M, Empty: 14M, Relocated: 36M, In-Place: 0
[73.093s][info][gc,reloc    ] GC(276) Medium Pages: 4 / 128M, Empty: 0M, Relocated: 20M, In-Place: 0
[73.093s][info][gc,reloc    ] GC(276) Large Pages: 9 / 54M, Empty: 24M, Relocated: 0M, In-Place: 0
[73.093s][info][gc,reloc    ] GC(276) Forwarding Usage: 38M
[73.093s][info][gc,heap     ] GC(276) Min Capacity: 8M(1%)
[73.093s][info][gc,heap     ] GC(276) Max Capacity: 1024M(100%)
[73.093s][info][gc,heap     ] GC(276) Soft Max Capacity: 1024M(100%)
[73.093s][info][gc,heap     ] GC(276)                Mark Start          Mark End        Relocate Start      Relocate End           High               Low         
[73.093s][info][gc,heap     ] GC(276)  Capacity:     1024M (100%)       1024M (100%)       1024M (100%)       1024M (100%)       1024M (100%)       1024M (100%)   
[73.093s][info][gc,heap     ] GC(276)      Free:      550M (54%)         324M (32%)         334M (33%)         398M (39%)         550M (54%)         280M (27%)    
[73.093s][info][gc,heap     ] GC(276)      Used:      474M (46%)         700M (68%)         690M (67%)         626M (61%)         744M (73%)         474M (46%)    
[73.093s][info][gc,heap     ] GC(276)      Live:         -               259M (25%)         259M (25%)         259M (25%)            -                  -          
[73.093s][info][gc,heap     ] GC(276) Allocated:         -               226M (22%)         254M (25%)         315M (31%)            -                  -          
[73.093s][info][gc,heap     ] GC(276)   Garbage:         -               214M (21%)         176M (17%)          51M (5%)             -                  -          
[73.093s][info][gc,heap     ] GC(276) Reclaimed:         -                  -                38M (4%)          163M (16%)            -                  -          
[73.093s][info][gc          ] GC(276) Garbage Collection (Allocation Rate) 474M(46%)->626M(61%)
[73.117s][info][gc,start    ] GC(277) Garbage Collection (Allocation Rate)
[73.117s][info][gc,task     ] GC(277) Using 10 workers
[73.118s][info][gc,phases   ] GC(277) Pause Mark Start 0.011ms
[73.211s][info][gc,phases   ] GC(277) Concurrent Mark 93.441ms
[73.211s][info][gc,phases   ] GC(277) Pause Mark End 0.022ms
[73.211s][info][gc,phases   ] GC(277) Concurrent Mark Free 0.001ms
[73.214s][info][gc,phases   ] GC(277) Concurrent Process Non-Strong References 2.212ms
[73.214s][info][gc,phases   ] GC(277) Concurrent Reset Relocation Set 0.011ms
[73.219s][info][gc,phases   ] GC(277) Concurrent Select Relocation Set 5.708ms
[73.220s][info][gc,phases   ] GC(277) Pause Relocate Start 0.012ms
[73.236s][info][gc,phases   ] GC(277) Concurrent Relocate 16.279ms
[73.236s][info][gc,load     ] GC(277) Load: 0.00/0.00/0.00
[73.236s][info][gc,mmu      ] GC(277) MMU: 2ms/96.1%, 5ms/98.4%, 10ms/99.2%, 20ms/99.6%, 50ms/99.8%, 100ms/99.9%
[73.236s][info][gc,marking  ] GC(277) Mark: 8 stripe(s), 2 proactive flush(es), 1 terminate flush(es), 0 completion(s), 0 continuation(s) 
[73.236s][info][gc,marking  ] GC(277) Mark Stack Usage: 32M
[73.236s][info][gc,nmethod  ] GC(277) NMethods: 5970 registered, 4380 unregistered
[73.236s][info][gc,metaspace] GC(277) Metaspace: 65M used, 65M committed, 1088M reserved
[73.236s][info][gc,ref      ] GC(277) Soft: 3232 encountered, 0 discovered, 0 enqueued
[73.236s][info][gc,ref      ] GC(277) Weak: 6433 encountered, 717 discovered, 7 enqueued
[73.236s][info][gc,ref      ] GC(277) Final: 62 encountered, 11 discovered, 0 enqueued
[73.236s][info][gc,ref      ] GC(277) Phantom: 617 encountered, 522 discovered, 0 enqueued
[73.236s][info][gc,reloc    ] GC(277) Small Pages: 183 / 366M, Empty: 12M, Relocated: 21M, In-Place: 0
[73.236s][info][gc,reloc    ] GC(277) Medium Pages: 4 / 128M, Empty: 0M, Relocated: 13M, In-Place: 0
[73.236s][info][gc,reloc    ] GC(277) Large Pages: 28 / 188M, Empty: 144M, Relocated: 0M, In-Place: 0
[73.236s][info][gc,reloc    ] GC(277) Forwarding Usage: 21M
[73.236s][info][gc,heap     ] GC(277) Min Capacity: 8M(1%)
[73.236s][info][gc,heap     ] GC(277) Max Capacity: 1024M(100%)
[73.236s][info][gc,heap     ] GC(277) Soft Max Capacity: 1024M(100%)
[73.236s][info][gc,heap     ] GC(277)                Mark Start          Mark End        Relocate Start      Relocate End           High               Low         
[73.236s][info][gc,heap     ] GC(277)  Capacity:     1024M (100%)       1024M (100%)       1024M (100%)       1024M (100%)       1024M (100%)       1024M (100%)   
[73.236s][info][gc,heap     ] GC(277)      Free:      342M (33%)         140M (14%)         278M (27%)         504M (49%)         508M (50%)         128M (13%)    
[73.236s][info][gc,heap     ] GC(277)      Used:      682M (67%)         884M (86%)         746M (73%)         520M (51%)         896M (88%)         516M (50%)    
[73.236s][info][gc,heap     ] GC(277)      Live:         -               233M (23%)         233M (23%)         233M (23%)            -                  -          
[73.236s][info][gc,heap     ] GC(277) Allocated:         -               202M (20%)         220M (21%)         244M (24%)            -                  -          
[73.236s][info][gc,heap     ] GC(277)   Garbage:         -               448M (44%)         292M (29%)          41M (4%)             -                  -          
[73.236s][info][gc,heap     ] GC(277) Reclaimed:         -                  -               156M (15%)         406M (40%)            -                  -          
[73.236s][info][gc          ] GC(277) Garbage Collection (Allocation Rate) 682M(67%)->520M(51%)
[73.305s][info][gc,start    ] GC(278) Garbage Collection (Allocation Rate)
[73.305s][info][gc,task     ] GC(278) Using 10 workers
[73.305s][info][gc,phases   ] GC(278) Pause Mark Start 0.015ms
[73.411s][info][gc,phases   ] GC(278) Concurrent Mark 105.459ms
[73.411s][info][gc,phases   ] GC(278) Pause Mark End 0.034ms
[73.411s][info][gc,phases   ] GC(278) Concurrent Mark Free 0.001ms
[73.413s][info][gc,phases   ] GC(278) Concurrent Process Non-Strong References 2.327ms
[73.413s][info][gc,phases   ] GC(278) Concurrent Reset Relocation Set 0.022ms
[73.434s][info][gc,phases   ] GC(278) Concurrent Select Relocation Set 21.067ms
[73.435s][info][gc,phases   ] GC(278) Pause Relocate Start 0.012ms
[73.453s][info][gc,phases   ] GC(278) Concurrent Relocate 17.914ms
[73.453s][info][gc,load     ] GC(278) Load: 0.00/0.00/0.00
[73.453s][info][gc,mmu      ] GC(278) MMU: 2ms/96.1%, 5ms/98.4%, 10ms/99.2%, 20ms/99.6%, 50ms/99.8%, 100ms/99.9%
[73.453s][info][gc,marking  ] GC(278) Mark: 8 stripe(s), 5 proactive flush(es), 1 terminate flush(es), 0 completion(s), 0 continuation(s) 
[73.453s][info][gc,marking  ] GC(278) Mark Stack Usage: 32M
[73.453s][info][gc,nmethod  ] GC(278) NMethods: 5975 registered, 4380 unregistered
[73.453s][info][gc,metaspace] GC(278) Metaspace: 65M used, 65M committed, 1088M reserved
[73.453s][info][gc,ref      ] GC(278) Soft: 3232 encountered, 0 discovered, 0 enqueued
[73.453s][info][gc,ref      ] GC(278) Weak: 6429 encountered, 2997 discovered, 103 enqueued
[73.453s][info][gc,ref      ] GC(278) Final: 62 encountered, 0 discovered, 0 enqueued
[73.453s][info][gc,ref      ] GC(278) Phantom: 617 encountered, 607 discovered, 0 enqueued
[73.453s][info][gc,reloc    ] GC(278) Small Pages: 199 / 398M, Empty: 0M, Relocated: 27M, In-Place: 0
[73.453s][info][gc,reloc    ] GC(278) Medium Pages: 2 / 64M, Empty: 32M, Relocated: 0M, In-Place: 0
[73.453s][info][gc,reloc    ] GC(278) Large Pages: 12 / 80M, Empty: 68M, Relocated: 0M, In-Place: 0
[73.453s][info][gc,reloc    ] GC(278) Forwarding Usage: 26M
[73.453s][info][gc,heap     ] GC(278) Min Capacity: 8M(1%)
[73.453s][info][gc,heap     ] GC(278) Max Capacity: 1024M(100%)
[73.453s][info][gc,heap     ] GC(278) Soft Max Capacity: 1024M(100%)
[73.453s][info][gc,heap     ] GC(278)                Mark Start          Mark End        Relocate Start      Relocate End           High               Low         
[73.453s][info][gc,heap     ] GC(278)  Capacity:     1024M (100%)       1024M (100%)       1024M (100%)       1024M (100%)       1024M (100%)       1024M (100%)   
[73.453s][info][gc,heap     ] GC(278)      Free:      482M (47%)         322M (31%)         362M (35%)         500M (49%)         500M (49%)         310M (30%)    
[73.453s][info][gc,heap     ] GC(278)      Used:      542M (53%)         702M (69%)         662M (65%)         524M (51%)         714M (70%)         524M (51%)    
[73.453s][info][gc,heap     ] GC(278)      Live:         -               236M (23%)         236M (23%)         236M (23%)            -                  -          
[73.453s][info][gc,heap     ] GC(278) Allocated:         -               160M (16%)         220M (21%)         245M (24%)            -                  -          
[73.453s][info][gc,heap     ] GC(278)   Garbage:         -               305M (30%)         205M (20%)          41M (4%)             -                  -          
[73.453s][info][gc,heap     ] GC(278) Reclaimed:         -                  -               100M (10%)         263M (26%)            -                  -          
[73.453s][info][gc          ] GC(278) Garbage Collection (Allocation Rate) 542M(53%)->524M(51%)
[73.518s][info][gc,start    ] GC(279) Garbage Collection (Allocation Rate)
[73.518s][info][gc,task     ] GC(279) Using 10 workers
[73.518s][info][gc,phases   ] GC(279) Pause Mark Start 0.009ms
[73.611s][info][gc,phases   ] GC(279) Concurrent Mark 93.341ms
[73.612s][info][gc,phases   ] GC(279) Pause Mark End 0.029ms
[73.612s][info][gc,phases   ] GC(279) Concurrent Mark Free 0.001ms
[73.614s][info][gc,phases   ] GC(279) Concurrent Process Non-Strong References 1.768ms
[73.614s][info][gc,phases   ] GC(279) Concurrent Reset Relocation Set 0.021ms
[73.622s][info][gc,phases   ] GC(279) Concurrent Select Relocation Set 8.137ms
[73.622s][info][gc,phases   ] GC(279) Pause Relocate Start 0.007ms
[73.626s][info][gc,phases   ] GC(279) Concurrent Relocate 4.392ms
[73.626s][info][gc,load     ] GC(279) Load: 0.00/0.00/0.00
[73.626s][info][gc,mmu      ] GC(279) MMU: 2ms/96.1%, 5ms/98.4%, 10ms/99.2%, 20ms/99.6%, 50ms/99.8%, 100ms/99.9%
[73.626s][info][gc,marking  ] GC(279) Mark: 8 stripe(s), 2 proactive flush(es), 1 terminate flush(es), 0 completion(s), 0 continuation(s) 
[73.626s][info][gc,marking  ] GC(279) Mark Stack Usage: 32M
[73.626s][info][gc,nmethod  ] GC(279) NMethods: 5975 registered, 4380 unregistered
[73.627s][info][gc,metaspace] GC(279) Metaspace: 65M used, 65M committed, 1088M reserved
[73.627s][info][gc,ref      ] GC(279) Soft: 3232 encountered, 0 discovered, 0 enqueued
[73.627s][info][gc,ref      ] GC(279) Weak: 6333 encountered, 1226 discovered, 2 enqueued
[73.627s][info][gc,ref      ] GC(279) Final: 62 encountered, 1 discovered, 0 enqueued
[73.627s][info][gc,ref      ] GC(279) Phantom: 617 encountered, 237 discovered, 0 enqueued
[73.627s][info][gc,reloc    ] GC(279) Small Pages: 310 / 620M, Empty: 362M, Relocated: 5M, In-Place: 0
[73.627s][info][gc,reloc    ] GC(279) Medium Pages: 1 / 32M, Empty: 0M, Relocated: 0M, In-Place: 0
[73.627s][info][gc,reloc    ] GC(279) Large Pages: 3 / 18M, Empty: 0M, Relocated: 0M, In-Place: 0
[73.627s][info][gc,reloc    ] GC(279) Forwarding Usage: 3M
[73.627s][info][gc,heap     ] GC(279) Min Capacity: 8M(1%)
[73.627s][info][gc,heap     ] GC(279) Max Capacity: 1024M(100%)
[73.627s][info][gc,heap     ] GC(279) Soft Max Capacity: 1024M(100%)
[73.627s][info][gc,heap     ] GC(279)                Mark Start          Mark End        Relocate Start      Relocate End           High               Low         
[73.627s][info][gc,heap     ] GC(279)  Capacity:     1024M (100%)       1024M (100%)       1024M (100%)       1024M (100%)       1024M (100%)       1024M (100%)   
[73.627s][info][gc,heap     ] GC(279)      Free:      354M (35%)         258M (25%)         604M (59%)         610M (60%)         614M (60%)         256M (25%)    
[73.627s][info][gc,heap     ] GC(279)      Used:      670M (65%)         766M (75%)         420M (41%)         414M (40%)         768M (75%)         410M (40%)    
[73.627s][info][gc,heap     ] GC(279)      Live:         -               247M (24%)         247M (24%)         247M (24%)            -                  -          
[73.627s][info][gc,heap     ] GC(279) Allocated:         -                96M (9%)          112M (11%)         118M (12%)            -                  -          
[73.627s][info][gc,heap     ] GC(279)   Garbage:         -               422M (41%)          60M (6%)           48M (5%)             -                  -          
[73.627s][info][gc,heap     ] GC(279) Reclaimed:         -                  -               362M (35%)         374M (37%)            -                  -          
[73.627s][info][gc          ] GC(279) Garbage Collection (Allocation Rate) 670M(65%)->414M(40%)
[73.705s][info][gc,start    ] GC(280) Garbage Collection (Allocation Rate)
[73.705s][info][gc,task     ] GC(280) Using 10 workers
[73.705s][info][gc,phases   ] GC(280) Pause Mark Start 0.011ms
[73.815s][info][gc,phases   ] GC(280) Concurrent Mark 109.019ms
[73.815s][info][gc,phases   ] GC(280) Pause Mark End 0.022ms
[73.815s][info][gc,phases   ] GC(280) Concurrent Mark Free 0.001ms
[73.817s][info][gc,phases   ] GC(280) Concurrent Process Non-Strong References 1.996ms
[73.817s][info][gc,phases   ] GC(280) Concurrent Reset Relocation Set 0.003ms
[73.821s][info][gc,phases   ] GC(280) Concurrent Select Relocation Set 4.044ms
[73.821s][info][gc,phases   ] GC(280) Pause Relocate Start 0.009ms
[73.824s][info][gc,phases   ] GC(280) Concurrent Relocate 2.497ms
[73.824s][info][gc,load     ] GC(280) Load: 0.00/0.00/0.00
[73.824s][info][gc,mmu      ] GC(280) MMU: 2ms/96.1%, 5ms/98.4%, 10ms/99.2%, 20ms/99.6%, 50ms/99.8%, 100ms/99.9%
[73.824s][info][gc,marking  ] GC(280) Mark: 8 stripe(s), 2 proactive flush(es), 1 terminate flush(es), 0 completion(s), 0 continuation(s) 
[73.824s][info][gc,marking  ] GC(280) Mark Stack Usage: 32M
[73.824s][info][gc,nmethod  ] GC(280) NMethods: 5974 registered, 4381 unregistered
[73.824s][info][gc,metaspace] GC(280) Metaspace: 65M used, 65M committed, 1088M reserved
[73.824s][info][gc,ref      ] GC(280) Soft: 3232 encountered, 0 discovered, 0 enqueued
[73.824s][info][gc,ref      ] GC(280) Weak: 6332 encountered, 683 discovered, 0 enqueued
[73.824s][info][gc,ref      ] GC(280) Final: 62 encountered, 1 discovered, 0 enqueued
[73.824s][info][gc,ref      ] GC(280) Phantom: 617 encountered, 607 discovered, 0 enqueued
[73.824s][info][gc,reloc    ] GC(280) Small Pages: 233 / 466M, Empty: 166M, Relocated: 2M, In-Place: 0
[73.824s][info][gc,reloc    ] GC(280) Medium Pages: 1 / 32M, Empty: 0M, Relocated: 0M, In-Place: 0
[73.824s][info][gc,reloc    ] GC(280) Large Pages: 4 / 24M, Empty: 12M, Relocated: 0M, In-Place: 0
[73.824s][info][gc,reloc    ] GC(280) Forwarding Usage: 2M
[73.824s][info][gc,heap     ] GC(280) Min Capacity: 8M(1%)
[73.824s][info][gc,heap     ] GC(280) Max Capacity: 1024M(100%)
[73.824s][info][gc,heap     ] GC(280) Soft Max Capacity: 1024M(100%)
[73.824s][info][gc,heap     ] GC(280)                Mark Start          Mark End        Relocate Start      Relocate End           High               Low         
[73.824s][info][gc,heap     ] GC(280)  Capacity:     1024M (100%)       1024M (100%)       1024M (100%)       1024M (100%)       1024M (100%)       1024M (100%)   
[73.824s][info][gc,heap     ] GC(280)      Free:      502M (49%)         452M (44%)         630M (62%)         630M (62%)         630M (62%)         452M (44%)    
[73.824s][info][gc,heap     ] GC(280)      Used:      522M (51%)         572M (56%)         394M (38%)         394M (38%)         572M (56%)         394M (38%)    
[73.824s][info][gc,heap     ] GC(280)      Live:         -               291M (29%)         291M (29%)         291M (29%)            -                  -          
[73.824s][info][gc,heap     ] GC(280) Allocated:         -                50M (5%)           50M (5%)           50M (5%)             -                  -          
[73.824s][info][gc,heap     ] GC(280)   Garbage:         -               230M (22%)          52M (5%)           52M (5%)             -                  -          
[73.824s][info][gc,heap     ] GC(280) Reclaimed:         -                  -               178M (17%)         178M (17%)            -                  -          
[73.824s][info][gc          ] GC(280) Garbage Collection (Allocation Rate) 522M(51%)->394M(38%)
[73.824s][info][gc,start    ] GC(281) Garbage Collection (System.gc())
[73.825s][info][gc,task     ] GC(281) Using 10 workers
[73.825s][info][gc,phases   ] GC(281) Pause Mark Start 0.009ms
[73.893s][info][gc,phases   ] GC(281) Concurrent Mark 67.994ms
[73.893s][info][gc,phases   ] GC(281) Pause Mark End 0.018ms
[73.893s][info][gc,phases   ] GC(281) Concurrent Mark Free 0.001ms
[73.895s][info][gc,phases   ] GC(281) Concurrent Process Non-Strong References 1.773ms
[73.895s][info][gc,phases   ] GC(281) Concurrent Reset Relocation Set 0.002ms
[73.899s][info][gc,phases   ] GC(281) Concurrent Select Relocation Set 4.006ms
[73.899s][info][gc,phases   ] GC(281) Pause Relocate Start 0.007ms
[73.900s][info][gc,phases   ] GC(281) Concurrent Relocate 1.295ms
[73.900s][info][gc,load     ] GC(281) Load: 0.00/0.00/0.00
[73.900s][info][gc,mmu      ] GC(281) MMU: 2ms/96.1%, 5ms/98.4%, 10ms/99.2%, 20ms/99.6%, 50ms/99.8%, 100ms/99.9%
[73.900s][info][gc,marking  ] GC(281) Mark: 8 stripe(s), 1 proactive flush(es), 1 terminate flush(es), 0 completion(s), 0 continuation(s) 
[73.900s][info][gc,marking  ] GC(281) Mark Stack Usage: 32M
[73.900s][info][gc,nmethod  ] GC(281) NMethods: 5975 registered, 4381 unregistered
[73.900s][info][gc,metaspace] GC(281) Metaspace: 65M used, 65M committed, 1088M reserved
[73.900s][info][gc,ref      ] GC(281) Soft: 3232 encountered, 0 discovered, 0 enqueued
[73.900s][info][gc,ref      ] GC(281) Weak: 6332 encountered, 671 discovered, 2 enqueued
[73.900s][info][gc,ref      ] GC(281) Final: 62 encountered, 0 discovered, 0 enqueued
[73.900s][info][gc,ref      ] GC(281) Phantom: 617 encountered, 485 discovered, 0 enqueued
[73.900s][info][gc,reloc    ] GC(281) Small Pages: 175 / 350M, Empty: 136M, Relocated: 1M, In-Place: 0
[73.900s][info][gc,reloc    ] GC(281) Medium Pages: 1 / 32M, Empty: 0M, Relocated: 0M, In-Place: 0
[73.900s][info][gc,reloc    ] GC(281) Large Pages: 2 / 12M, Empty: 12M, Relocated: 0M, In-Place: 0
[73.900s][info][gc,reloc    ] GC(281) Forwarding Usage: 0M
[73.900s][info][gc,heap     ] GC(281) Min Capacity: 8M(1%)
[73.901s][info][gc,heap     ] GC(281) Max Capacity: 1024M(100%)
[73.901s][info][gc,heap     ] GC(281) Soft Max Capacity: 1024M(100%)
[73.901s][info][gc,heap     ] GC(281)                Mark Start          Mark End        Relocate Start      Relocate End           High               Low         
[73.901s][info][gc,heap     ] GC(281)  Capacity:     1024M (100%)       1024M (100%)       1024M (100%)       1024M (100%)       1024M (100%)       1024M (100%)   
[73.901s][info][gc,heap     ] GC(281)      Free:      630M (62%)         628M (61%)         776M (76%)         806M (79%)         806M (79%)         628M (61%)    
[73.901s][info][gc,heap     ] GC(281)      Used:      394M (38%)         396M (39%)         248M (24%)         218M (21%)         396M (39%)         218M (21%)    
[73.901s][info][gc,heap     ] GC(281)      Live:         -               165M (16%)         165M (16%)         165M (16%)            -                  -          
[73.901s][info][gc,heap     ] GC(281) Allocated:         -                 2M (0%)            2M (0%)            1M (0%)             -                  -          
[73.901s][info][gc,heap     ] GC(281)   Garbage:         -               228M (22%)          80M (8%)           50M (5%)             -                  -          
[73.901s][info][gc,heap     ] GC(281) Reclaimed:         -                  -               148M (14%)         177M (17%)            -                  -          
[73.901s][info][gc          ] GC(281) Garbage Collection (System.gc()) 394M(38%)->218M(21%)
[74.103s][info][gc,start    ] GC(282) Garbage Collection (Allocation Rate)
[74.103s][info][gc,task     ] GC(282) Using 8 workers
[74.103s][info][gc,phases   ] GC(282) Pause Mark Start 0.011ms
[74.228s][info][gc,phases   ] GC(282) Concurrent Mark 124.511ms
[74.228s][info][gc,phases   ] GC(282) Pause Mark End 0.033ms
[74.228s][info][gc,phases   ] GC(282) Concurrent Mark Free 0.001ms
[74.230s][info][gc,phases   ] GC(282) Concurrent Process Non-Strong References 2.135ms
[74.230s][info][gc,phases   ] GC(282) Concurrent Reset Relocation Set 0.002ms
[74.244s][info][gc,phases   ] GC(282) Concurrent Select Relocation Set 13.477ms
[74.244s][info][gc,phases   ] GC(282) Pause Relocate Start 0.009ms
[74.274s][info][gc,phases   ] GC(282) Concurrent Relocate 29.696ms
[74.274s][info][gc,load     ] GC(282) Load: 0.00/0.00/0.00
[74.274s][info][gc,mmu      ] GC(282) MMU: 2ms/96.1%, 5ms/98.4%, 10ms/99.2%, 20ms/99.6%, 50ms/99.8%, 100ms/99.9%
[74.274s][info][gc,marking  ] GC(282) Mark: 8 stripe(s), 2 proactive flush(es), 1 terminate flush(es), 0 completion(s), 0 continuation(s) 
[74.274s][info][gc,marking  ] GC(282) Mark Stack Usage: 32M
[74.274s][info][gc,nmethod  ] GC(282) NMethods: 6025 registered, 4383 unregistered
[74.274s][info][gc,metaspace] GC(282) Metaspace: 65M used, 65M committed, 1088M reserved
[74.274s][info][gc,ref      ] GC(282) Soft: 3236 encountered, 0 discovered, 0 enqueued
[74.274s][info][gc,ref      ] GC(282) Weak: 6411 encountered, 694 discovered, 28 enqueued
[74.274s][info][gc,ref      ] GC(282) Final: 62 encountered, 1 discovered, 0 enqueued
[74.274s][info][gc,ref      ] GC(282) Phantom: 617 encountered, 470 discovered, 0 enqueued
[74.274s][info][gc,reloc    ] GC(282) Small Pages: 245 / 490M, Empty: 0M, Relocated: 83M, In-Place: 0
[74.274s][info][gc,reloc    ] GC(282) Medium Pages: 2 / 64M, Empty: 32M, Relocated: 0M, In-Place: 0
[74.274s][info][gc,reloc    ] GC(282) Large Pages: 5 / 30M, Empty: 6M, Relocated: 0M, In-Place: 0
[74.274s][info][gc,reloc    ] GC(282) Forwarding Usage: 43M
[74.274s][info][gc,heap     ] GC(282) Min Capacity: 8M(1%)
[74.274s][info][gc,heap     ] GC(282) Max Capacity: 1024M(100%)
[74.274s][info][gc,heap     ] GC(282) Soft Max Capacity: 1024M(100%)
[74.274s][info][gc,heap     ] GC(282)                Mark Start          Mark End        Relocate Start      Relocate End           High               Low         
[74.274s][info][gc,heap     ] GC(282)  Capacity:     1024M (100%)       1024M (100%)       1024M (100%)       1024M (100%)       1024M (100%)       1024M (100%)   
[74.274s][info][gc,heap     ] GC(282)      Free:      440M (43%)         214M (21%)         224M (22%)         436M (43%)         440M (43%)         204M (20%)    
[74.274s][info][gc,heap     ] GC(282)      Used:      584M (57%)         810M (79%)         800M (78%)         588M (57%)         820M (80%)         584M (57%)    
[74.274s][info][gc,heap     ] GC(282)      Live:         -               274M (27%)         274M (27%)         274M (27%)            -                  -          
[74.274s][info][gc,heap     ] GC(282) Allocated:         -               226M (22%)         254M (25%)         273M (27%)            -                  -          
[74.274s][info][gc,heap     ] GC(282)   Garbage:         -               309M (30%)         271M (27%)          39M (4%)             -                  -          
[74.274s][info][gc,heap     ] GC(282) Reclaimed:         -                  -                38M (4%)          269M (26%)            -                  -          
[74.274s][info][gc          ] GC(282) Garbage Collection (Allocation Rate) 584M(57%)->588M(57%)
[74.306s][info][gc,start    ] GC(283) Garbage Collection (Allocation Rate)
[74.306s][info][gc,task     ] GC(283) Using 10 workers
[74.306s][info][gc,phases   ] GC(283) Pause Mark Start 0.014ms
[74.462s][info][gc,phases   ] GC(283) Concurrent Mark 155.841ms
[74.462s][info][gc,phases   ] GC(283) Pause Mark End 0.025ms
[74.462s][info][gc,phases   ] GC(283) Concurrent Mark Free 0.001ms
[74.465s][info][gc,phases   ] GC(283) Concurrent Process Non-Strong References 2.055ms
[74.465s][info][gc,phases   ] GC(283) Concurrent Reset Relocation Set 0.028ms
[74.469s][info][gc,phases   ] GC(283) Concurrent Select Relocation Set 4.309ms
[74.469s][info][gc,phases   ] GC(283) Pause Relocate Start 0.011ms
[74.488s][info][gc,phases   ] GC(283) Concurrent Relocate 18.724ms
[74.488s][info][gc,load     ] GC(283) Load: 0.00/0.00/0.00
[74.488s][info][gc,mmu      ] GC(283) MMU: 2ms/96.1%, 5ms/98.4%, 10ms/99.2%, 20ms/99.6%, 50ms/99.8%, 100ms/99.9%
[74.488s][info][gc,marking  ] GC(283) Mark: 8 stripe(s), 2 proactive flush(es), 1 terminate flush(es), 0 completion(s), 0 continuation(s) 
[74.488s][info][gc,marking  ] GC(283) Mark Stack Usage: 32M
[74.488s][info][gc,nmethod  ] GC(283) NMethods: 6027 registered, 4384 unregistered
[74.488s][info][gc,metaspace] GC(283) Metaspace: 65M used, 65M committed, 1088M reserved
[74.488s][info][gc,ref      ] GC(283) Soft: 3236 encountered, 0 discovered, 0 enqueued
[74.488s][info][gc,ref      ] GC(283) Weak: 6383 encountered, 2046 discovered, 0 enqueued
[74.488s][info][gc,ref      ] GC(283) Final: 62 encountered, 4 discovered, 0 enqueued
[74.488s][info][gc,ref      ] GC(283) Phantom: 621 encountered, 338 discovered, 0 enqueued
[74.488s][info][gc,reloc    ] GC(283) Small Pages: 256 / 512M, Empty: 0M, Relocated: 31M, In-Place: 0
[74.488s][info][gc,reloc    ] GC(283) Medium Pages: 2 / 64M, Empty: 0M, Relocated: 18M, In-Place: 0
[74.488s][info][gc,reloc    ] GC(283) Large Pages: 4 / 24M, Empty: 0M, Relocated: 0M, In-Place: 0
[74.488s][info][gc,reloc    ] GC(283) Forwarding Usage: 29M
[74.488s][info][gc,heap     ] GC(283) Min Capacity: 8M(1%)
[74.488s][info][gc,heap     ] GC(283) Max Capacity: 1024M(100%)
[74.488s][info][gc,heap     ] GC(283) Soft Max Capacity: 1024M(100%)
[74.489s][info][gc,heap     ] GC(283)                Mark Start          Mark End        Relocate Start      Relocate End           High               Low         
[74.489s][info][gc,heap     ] GC(283)  Capacity:     1024M (100%)       1024M (100%)       1024M (100%)       1024M (100%)       1024M (100%)       1024M (100%)   
[74.489s][info][gc,heap     ] GC(283)      Free:      424M (41%)         364M (36%)         362M (35%)         610M (60%)         610M (60%)         314M (31%)    
[74.489s][info][gc,heap     ] GC(283)      Used:      600M (59%)         660M (64%)         662M (65%)         414M (40%)         710M (69%)         414M (40%)    
[74.489s][info][gc,heap     ] GC(283)      Live:         -               309M (30%)         309M (30%)         309M (30%)            -                  -          
[74.489s][info][gc,heap     ] GC(283) Allocated:         -                60M (6%)           62M (6%)           67M (7%)             -                  -          
[74.489s][info][gc,heap     ] GC(283)   Garbage:         -               290M (28%)         290M (28%)          36M (4%)             -                  -          
[74.489s][info][gc,heap     ] GC(283) Reclaimed:         -                  -                 0M (0%)          253M (25%)            -                  -          
[74.489s][info][gc          ] GC(283) Garbage Collection (Allocation Rate) 600M(59%)->414M(40%)
[74.509s][info][gc,start    ] GC(284) Garbage Collection (Allocation Rate)
[74.509s][info][gc,task     ] GC(284) Using 10 workers
[74.509s][info][gc,phases   ] GC(284) Pause Mark Start 0.014ms
[74.657s][info][gc,phases   ] GC(284) Concurrent Mark 147.119ms
[74.657s][info][gc,phases   ] GC(284) Pause Mark End 0.028ms
[74.657s][info][gc,phases   ] GC(284) Concurrent Mark Free 0.001ms
[74.659s][info][gc,phases   ] GC(284) Concurrent Process Non-Strong References 2.192ms
[74.659s][info][gc,phases   ] GC(284) Concurrent Reset Relocation Set 0.022ms
[74.665s][info][gc,phases   ] GC(284) Concurrent Select Relocation Set 5.989ms
[74.665s][info][gc,phases   ] GC(284) Pause Relocate Start 0.007ms
[74.669s][info][gc,phases   ] GC(284) Concurrent Relocate 4.143ms
[74.669s][info][gc,load     ] GC(284) Load: 0.00/0.00/0.00
[74.669s][info][gc,mmu      ] GC(284) MMU: 2ms/96.1%, 5ms/98.4%, 10ms/99.2%, 20ms/99.6%, 50ms/99.8%, 100ms/99.9%
[74.669s][info][gc,marking  ] GC(284) Mark: 8 stripe(s), 10 proactive flush(es), 1 terminate flush(es), 0 completion(s), 0 continuation(s) 
[74.670s][info][gc,marking  ] GC(284) Mark Stack Usage: 32M
[74.670s][info][gc,nmethod  ] GC(284) NMethods: 6027 registered, 4384 unregistered
[74.670s][info][gc,metaspace] GC(284) Metaspace: 65M used, 65M committed, 1088M reserved
[74.670s][info][gc,ref      ] GC(284) Soft: 3236 encountered, 0 discovered, 0 enqueued
[74.670s][info][gc,ref      ] GC(284) Weak: 6383 encountered, 1616 discovered, 0 enqueued
[74.670s][info][gc,ref      ] GC(284) Final: 62 encountered, 1 discovered, 0 enqueued
[74.670s][info][gc,ref      ] GC(284) Phantom: 621 encountered, 591 discovered, 0 enqueued
[74.670s][info][gc,reloc    ] GC(284) Small Pages: 183 / 366M, Empty: 26M, Relocated: 6M, In-Place: 0
[74.670s][info][gc,reloc    ] GC(284) Medium Pages: 1 / 32M, Empty: 0M, Relocated: 0M, In-Place: 0
[74.670s][info][gc,reloc    ] GC(284) Large Pages: 4 / 24M, Empty: 0M, Relocated: 0M, In-Place: 0
[74.670s][info][gc,reloc    ] GC(284) Forwarding Usage: 4M
[74.670s][info][gc,heap     ] GC(284) Min Capacity: 8M(1%)
[74.670s][info][gc,heap     ] GC(284) Max Capacity: 1024M(100%)
[74.670s][info][gc,heap     ] GC(284) Soft Max Capacity: 1024M(100%)
[74.670s][info][gc,heap     ] GC(284)                Mark Start          Mark End        Relocate Start      Relocate End           High               Low         
[74.670s][info][gc,heap     ] GC(284)  Capacity:     1024M (100%)       1024M (100%)       1024M (100%)       1024M (100%)       1024M (100%)       1024M (100%)   
[74.670s][info][gc,heap     ] GC(284)      Free:      602M (59%)         548M (54%)         570M (56%)         618M (60%)         618M (60%)         546M (53%)    
[74.670s][info][gc,heap     ] GC(284)      Used:      422M (41%)         476M (46%)         454M (44%)         406M (40%)         478M (47%)         406M (40%)    
[74.670s][info][gc,heap     ] GC(284)      Live:         -               309M (30%)         309M (30%)         309M (30%)            -                  -          
[74.670s][info][gc,heap     ] GC(284) Allocated:         -                54M (5%)           58M (6%)           57M (6%)             -                  -          
[74.670s][info][gc,heap     ] GC(284)   Garbage:         -               112M (11%)          86M (8%)           38M (4%)             -                  -          
[74.670s][info][gc,heap     ] GC(284) Reclaimed:         -                  -                26M (3%)           73M (7%)             -                  -          
[74.670s][info][gc          ] GC(284) Garbage Collection (Allocation Rate) 422M(41%)->406M(40%)
[74.703s][info][gc,start    ] GC(285) Garbage Collection (Allocation Rate)
[74.704s][info][gc,task     ] GC(285) Using 10 workers
[74.704s][info][gc,phases   ] GC(285) Pause Mark Start 0.014ms
[74.844s][info][gc,phases   ] GC(285) Concurrent Mark 140.280ms
[74.844s][info][gc,phases   ] GC(285) Pause Mark End 0.023ms
[74.844s][info][gc,phases   ] GC(285) Concurrent Mark Free 0.002ms
[74.846s][info][gc,phases   ] GC(285) Concurrent Process Non-Strong References 2.158ms
[74.847s][info][gc,phases   ] GC(285) Concurrent Reset Relocation Set 0.006ms
[74.849s][info][gc,phases   ] GC(285) Concurrent Select Relocation Set 2.769ms
[74.849s][info][gc,phases   ] GC(285) Pause Relocate Start 0.007ms
[74.853s][info][gc,phases   ] GC(285) Concurrent Relocate 3.800ms
[74.853s][info][gc,load     ] GC(285) Load: 0.00/0.00/0.00
[74.853s][info][gc,mmu      ] GC(285) MMU: 2ms/96.1%, 5ms/98.4%, 10ms/99.2%, 20ms/99.6%, 50ms/99.8%, 100ms/99.9%
[74.853s][info][gc,marking  ] GC(285) Mark: 8 stripe(s), 2 proactive flush(es), 1 terminate flush(es), 0 completion(s), 0 continuation(s) 
[74.853s][info][gc,marking  ] GC(285) Mark Stack Usage: 32M
[74.854s][info][gc,nmethod  ] GC(285) NMethods: 6029 registered, 4384 unregistered
[74.854s][info][gc,metaspace] GC(285) Metaspace: 65M used, 65M committed, 1088M reserved
[74.854s][info][gc,ref      ] GC(285) Soft: 3236 encountered, 0 discovered, 0 enqueued
[74.854s][info][gc,ref      ] GC(285) Weak: 6383 encountered, 1078 discovered, 0 enqueued
[74.854s][info][gc,ref      ] GC(285) Final: 62 encountered, 1 discovered, 0 enqueued
[74.854s][info][gc,ref      ] GC(285) Phantom: 620 encountered, 507 discovered, 0 enqueued
[74.854s][info][gc,reloc    ] GC(285) Small Pages: 182 / 364M, Empty: 34M, Relocated: 6M, In-Place: 0
[74.854s][info][gc,reloc    ] GC(285) Medium Pages: 1 / 32M, Empty: 0M, Relocated: 0M, In-Place: 0
[74.854s][info][gc,reloc    ] GC(285) Large Pages: 4 / 24M, Empty: 0M, Relocated: 0M, In-Place: 0
[74.854s][info][gc,reloc    ] GC(285) Forwarding Usage: 4M
[74.854s][info][gc,heap     ] GC(285) Min Capacity: 8M(1%)
[74.854s][info][gc,heap     ] GC(285) Max Capacity: 1024M(100%)
[74.854s][info][gc,heap     ] GC(285) Soft Max Capacity: 1024M(100%)
[74.854s][info][gc,heap     ] GC(285)                Mark Start          Mark End        Relocate Start      Relocate End           High               Low         
[74.854s][info][gc,heap     ] GC(285)  Capacity:     1024M (100%)       1024M (100%)       1024M (100%)       1024M (100%)       1024M (100%)       1024M (100%)   
[74.854s][info][gc,heap     ] GC(285)      Free:      604M (59%)         514M (50%)         538M (53%)         568M (55%)         604M (59%)         504M (49%)    
[74.854s][info][gc,heap     ] GC(285)      Used:      420M (41%)         510M (50%)         486M (47%)         456M (45%)         520M (51%)         420M (41%)    
[74.854s][info][gc,heap     ] GC(285)      Live:         -               309M (30%)         309M (30%)         309M (30%)            -                  -          
[74.854s][info][gc,heap     ] GC(285) Allocated:         -                90M (9%)          100M (10%)         107M (11%)            -                  -          
[74.854s][info][gc,heap     ] GC(285)   Garbage:         -               110M (11%)          76M (7%)           38M (4%)             -                  -          
[74.854s][info][gc,heap     ] GC(285) Reclaimed:         -                  -                34M (3%)           71M (7%)             -                  -          
[74.854s][info][gc          ] GC(285) Garbage Collection (Allocation Rate) 420M(41%)->456M(45%)
[74.907s][info][gc,start    ] GC(286) Garbage Collection (Allocation Rate)
[74.907s][info][gc,task     ] GC(286) Using 10 workers
[74.907s][info][gc,phases   ] GC(286) Pause Mark Start 0.013ms
[75.032s][info][gc,phases   ] GC(286) Concurrent Mark 124.602ms
[75.032s][info][gc,phases   ] GC(286) Pause Mark End 0.037ms
[75.032s][info][gc,phases   ] GC(286) Concurrent Mark Free 0.001ms
[75.034s][info][gc,phases   ] GC(286) Concurrent Process Non-Strong References 2.665ms
[75.034s][info][gc,phases   ] GC(286) Concurrent Reset Relocation Set 0.004ms
[75.047s][info][gc,phases   ] GC(286) Concurrent Select Relocation Set 12.788ms
[75.047s][info][gc,phases   ] GC(286) Pause Relocate Start 0.012ms
[75.064s][info][gc,phases   ] GC(286) Concurrent Relocate 16.452ms
[75.064s][info][gc,load     ] GC(286) Load: 0.00/0.00/0.00
[75.064s][info][gc,mmu      ] GC(286) MMU: 2ms/96.1%, 5ms/98.4%, 10ms/99.2%, 20ms/99.6%, 50ms/99.8%, 100ms/99.9%
[75.064s][info][gc,marking  ] GC(286) Mark: 8 stripe(s), 2 proactive flush(es), 1 terminate flush(es), 0 completion(s), 0 continuation(s) 
[75.064s][info][gc,marking  ] GC(286) Mark Stack Usage: 32M
[75.064s][info][gc,nmethod  ] GC(286) NMethods: 6028 registered, 4385 unregistered
[75.064s][info][gc,metaspace] GC(286) Metaspace: 65M used, 65M committed, 1088M reserved
[75.064s][info][gc,ref      ] GC(286) Soft: 3236 encountered, 0 discovered, 0 enqueued
[75.064s][info][gc,ref      ] GC(286) Weak: 6383 encountered, 889 discovered, 0 enqueued
[75.064s][info][gc,ref      ] GC(286) Final: 62 encountered, 2 discovered, 0 enqueued
[75.064s][info][gc,ref      ] GC(286) Phantom: 620 encountered, 412 discovered, 0 enqueued
[75.064s][info][gc,reloc    ] GC(286) Small Pages: 257 / 514M, Empty: 104M, Relocated: 22M, In-Place: 0
[75.064s][info][gc,reloc    ] GC(286) Medium Pages: 1 / 32M, Empty: 0M, Relocated: 0M, In-Place: 0
[75.064s][info][gc,reloc    ] GC(286) Large Pages: 4 / 24M, Empty: 24M, Relocated: 0M, In-Place: 0
[75.064s][info][gc,reloc    ] GC(286) Forwarding Usage: 19M
[75.064s][info][gc,heap     ] GC(286) Min Capacity: 8M(1%)
[75.065s][info][gc,heap     ] GC(286) Max Capacity: 1024M(100%)
[75.065s][info][gc,heap     ] GC(286) Soft Max Capacity: 1024M(100%)
[75.065s][info][gc,heap     ] GC(286)                Mark Start          Mark End        Relocate Start      Relocate End           High               Low         
[75.065s][info][gc,heap     ] GC(286)  Capacity:     1024M (100%)       1024M (100%)       1024M (100%)       1024M (100%)       1024M (100%)       1024M (100%)   
[75.065s][info][gc,heap     ] GC(286)      Free:      454M (44%)         216M (21%)         316M (31%)         508M (50%)         512M (50%)         208M (20%)    
[75.065s][info][gc,heap     ] GC(286)      Used:      570M (56%)         808M (79%)         708M (69%)         516M (50%)         816M (80%)         512M (50%)    
[75.065s][info][gc,heap     ] GC(286)      Live:         -               196M (19%)         196M (19%)         196M (19%)            -                  -          
[75.065s][info][gc,heap     ] GC(286) Allocated:         -               238M (23%)         266M (26%)         285M (28%)            -                  -          
[75.065s][info][gc,heap     ] GC(286)   Garbage:         -               373M (36%)         245M (24%)          33M (3%)             -                  -          
[75.065s][info][gc,heap     ] GC(286) Reclaimed:         -                  -               128M (13%)         339M (33%)            -                  -          
[75.065s][info][gc          ] GC(286) Garbage Collection (Allocation Rate) 570M(56%)->516M(50%)
[75.110s][info][gc,start    ] GC(287) Garbage Collection (Allocation Rate)
[75.110s][info][gc,task     ] GC(287) Using 10 workers
[75.110s][info][gc,phases   ] GC(287) Pause Mark Start 0.015ms
[75.242s][info][gc,phases   ] GC(287) Concurrent Mark 131.541ms
[75.242s][info][gc,phases   ] GC(287) Pause Mark End 0.030ms
[75.242s][info][gc,phases   ] GC(287) Concurrent Mark Free 0.001ms
[75.244s][info][gc,phases   ] GC(287) Concurrent Process Non-Strong References 2.563ms
[75.244s][info][gc,phases   ] GC(287) Concurrent Reset Relocation Set 0.017ms
[75.271s][info][gc,phases   ] GC(287) Concurrent Select Relocation Set 26.885ms
[75.271s][info][gc,phases   ] GC(287) Pause Relocate Start 0.015ms
[75.293s][info][gc,phases   ] GC(287) Concurrent Relocate 20.981ms
[75.293s][info][gc,load     ] GC(287) Load: 0.00/0.00/0.00
[75.293s][info][gc,mmu      ] GC(287) MMU: 2ms/96.1%, 5ms/98.4%, 10ms/99.2%, 20ms/99.6%, 50ms/99.8%, 100ms/99.9%
[75.293s][info][gc,marking  ] GC(287) Mark: 8 stripe(s), 2 proactive flush(es), 2 terminate flush(es), 0 completion(s), 0 continuation(s) 
[75.293s][info][gc,marking  ] GC(287) Mark Stack Usage: 32M
[75.293s][info][gc,nmethod  ] GC(287) NMethods: 6028 registered, 4385 unregistered
[75.293s][info][gc,metaspace] GC(287) Metaspace: 65M used, 65M committed, 1088M reserved
[75.293s][info][gc,ref      ] GC(287) Soft: 3236 encountered, 0 discovered, 0 enqueued
[75.293s][info][gc,ref      ] GC(287) Weak: 6383 encountered, 591 discovered, 0 enqueued
[75.293s][info][gc,ref      ] GC(287) Final: 62 encountered, 0 discovered, 0 enqueued
[75.293s][info][gc,ref      ] GC(287) Phantom: 620 encountered, 478 discovered, 0 enqueued
[75.293s][info][gc,reloc    ] GC(287) Small Pages: 274 / 548M, Empty: 0M, Relocated: 24M, In-Place: 0
[75.293s][info][gc,reloc    ] GC(287) Medium Pages: 1 / 32M, Empty: 0M, Relocated: 0M, In-Place: 0
[75.293s][info][gc,reloc    ] GC(287) Large Pages: 4 / 24M, Empty: 0M, Relocated: 0M, In-Place: 0
[75.293s][info][gc,reloc    ] GC(287) Forwarding Usage: 23M
[75.293s][info][gc,heap     ] GC(287) Min Capacity: 8M(1%)
[75.293s][info][gc,heap     ] GC(287) Max Capacity: 1024M(100%)
[75.293s][info][gc,heap     ] GC(287) Soft Max Capacity: 1024M(100%)
[75.293s][info][gc,heap     ] GC(287)                Mark Start          Mark End        Relocate Start      Relocate End           High               Low         
[75.293s][info][gc,heap     ] GC(287)  Capacity:     1024M (100%)       1024M (100%)       1024M (100%)       1024M (100%)       1024M (100%)       1024M (100%)   
[75.293s][info][gc,heap     ] GC(287)      Free:      420M (41%)         198M (19%)         162M (16%)         472M (46%)         476M (46%)         144M (14%)    
[75.293s][info][gc,heap     ] GC(287)      Used:      604M (59%)         826M (81%)         862M (84%)         552M (54%)         880M (86%)         548M (54%)    
[75.293s][info][gc,heap     ] GC(287)      Live:         -               227M (22%)         227M (22%)         227M (22%)            -                  -          
[75.293s][info][gc,heap     ] GC(287) Allocated:         -               222M (22%)         258M (25%)         279M (27%)            -                  -          
[75.293s][info][gc,heap     ] GC(287)   Garbage:         -               376M (37%)         376M (37%)          44M (4%)             -                  -          
[75.293s][info][gc,heap     ] GC(287) Reclaimed:         -                  -                 0M (0%)          331M (32%)            -                  -          
[75.293s][info][gc          ] GC(287) Garbage Collection (Allocation Rate) 604M(59%)->552M(54%)
[75.304s][info][gc,start    ] GC(288) Garbage Collection (Allocation Rate)
[75.304s][info][gc,task     ] GC(288) Using 10 workers
[75.304s][info][gc,phases   ] GC(288) Pause Mark Start 0.008ms
[75.429s][info][gc,phases   ] GC(288) Concurrent Mark 124.659ms
[75.429s][info][gc,phases   ] GC(288) Pause Mark End 0.017ms
[75.429s][info][gc,phases   ] GC(288) Concurrent Mark Free 0.001ms
[75.431s][info][gc,phases   ] GC(288) Concurrent Process Non-Strong References 1.804ms
[75.431s][info][gc,phases   ] GC(288) Concurrent Reset Relocation Set 0.034ms
[75.435s][info][gc,phases   ] GC(288) Concurrent Select Relocation Set 3.498ms
[75.435s][info][gc,phases   ] GC(288) Pause Relocate Start 0.011ms
[75.448s][info][gc,phases   ] GC(288) Concurrent Relocate 13.362ms
[75.448s][info][gc,load     ] GC(288) Load: 0.00/0.00/0.00
[75.448s][info][gc,mmu      ] GC(288) MMU: 2ms/96.1%, 5ms/98.4%, 10ms/99.2%, 20ms/99.6%, 50ms/99.8%, 100ms/99.9%
[75.448s][info][gc,marking  ] GC(288) Mark: 8 stripe(s), 2 proactive flush(es), 1 terminate flush(es), 0 completion(s), 0 continuation(s) 
[75.448s][info][gc,marking  ] GC(288) Mark Stack Usage: 32M
[75.448s][info][gc,nmethod  ] GC(288) NMethods: 6028 registered, 4385 unregistered
[75.448s][info][gc,metaspace] GC(288) Metaspace: 65M used, 65M committed, 1088M reserved
[75.448s][info][gc,ref      ] GC(288) Soft: 3236 encountered, 0 discovered, 0 enqueued
[75.448s][info][gc,ref      ] GC(288) Weak: 6383 encountered, 2361 discovered, 0 enqueued
[75.448s][info][gc,ref      ] GC(288) Final: 62 encountered, 1 discovered, 0 enqueued
[75.448s][info][gc,ref      ] GC(288) Phantom: 621 encountered, 407 discovered, 0 enqueued
[75.448s][info][gc,reloc    ] GC(288) Small Pages: 256 / 512M, Empty: 0M, Relocated: 20M, In-Place: 0
[75.448s][info][gc,reloc    ] GC(288) Medium Pages: 1 / 32M, Empty: 0M, Relocated: 0M, In-Place: 0
[75.448s][info][gc,reloc    ] GC(288) Large Pages: 4 / 24M, Empty: 0M, Relocated: 0M, In-Place: 0
[75.448s][info][gc,reloc    ] GC(288) Forwarding Usage: 19M
[75.448s][info][gc,heap     ] GC(288) Min Capacity: 8M(1%)
[75.448s][info][gc,heap     ] GC(288) Max Capacity: 1024M(100%)
[75.448s][info][gc,heap     ] GC(288) Soft Max Capacity: 1024M(100%)
[75.448s][info][gc,heap     ] GC(288)                Mark Start          Mark End        Relocate Start      Relocate End           High               Low         
[75.448s][info][gc,heap     ] GC(288)  Capacity:     1024M (100%)       1024M (100%)       1024M (100%)       1024M (100%)       1024M (100%)       1024M (100%)   
[75.448s][info][gc,heap     ] GC(288)      Free:      456M (45%)         286M (28%)         274M (27%)         542M (53%)         544M (53%)         254M (25%)    
[75.448s][info][gc,heap     ] GC(288)      Used:      568M (55%)         738M (72%)         750M (73%)         482M (47%)         770M (75%)         480M (47%)    
[75.448s][info][gc,heap     ] GC(288)      Live:         -               238M (23%)         238M (23%)         238M (23%)            -                  -          
[75.448s][info][gc,heap     ] GC(288) Allocated:         -               170M (17%)         182M (18%)         195M (19%)            -                  -          
[75.448s][info][gc,heap     ] GC(288)   Garbage:         -               329M (32%)         329M (32%)          47M (5%)             -                  -          
[75.448s][info][gc,heap     ] GC(288) Reclaimed:         -                  -                 0M (0%)          281M (28%)            -                  -          
[75.448s][info][gc          ] GC(288) Garbage Collection (Allocation Rate) 568M(55%)->482M(47%)
[75.507s][info][gc,start    ] GC(289) Garbage Collection (Allocation Rate)
[75.507s][info][gc,task     ] GC(289) Using 10 workers
[75.507s][info][gc,phases   ] GC(289) Pause Mark Start 0.014ms
[75.648s][info][gc,phases   ] GC(289) Concurrent Mark 140.226ms
[75.648s][info][gc,phases   ] GC(289) Pause Mark End 0.028ms
[75.648s][info][gc,phases   ] GC(289) Concurrent Mark Free 0.001ms
[75.650s][info][gc,phases   ] GC(289) Concurrent Process Non-Strong References 1.962ms
[75.650s][info][gc,phases   ] GC(289) Concurrent Reset Relocation Set 0.021ms
[75.653s][info][gc,phases   ] GC(289) Concurrent Select Relocation Set 3.184ms
[75.653s][info][gc,phases   ] GC(289) Pause Relocate Start 0.009ms
[75.663s][info][gc,phases   ] GC(289) Concurrent Relocate 10.095ms
[75.663s][info][gc,load     ] GC(289) Load: 0.00/0.00/0.00
[75.663s][info][gc,mmu      ] GC(289) MMU: 2ms/96.1%, 5ms/98.4%, 10ms/99.2%, 20ms/99.6%, 50ms/99.8%, 100ms/99.9%
[75.663s][info][gc,marking  ] GC(289) Mark: 8 stripe(s), 2 proactive flush(es), 1 terminate flush(es), 0 completion(s), 0 continuation(s) 
[75.663s][info][gc,marking  ] GC(289) Mark Stack Usage: 32M
[75.663s][info][gc,nmethod  ] GC(289) NMethods: 6028 registered, 4385 unregistered
[75.663s][info][gc,metaspace] GC(289) Metaspace: 65M used, 65M committed, 1088M reserved
[75.663s][info][gc,ref      ] GC(289) Soft: 3236 encountered, 0 discovered, 0 enqueued
[75.663s][info][gc,ref      ] GC(289) Weak: 6383 encountered, 2988 discovered, 0 enqueued
[75.663s][info][gc,ref      ] GC(289) Final: 62 encountered, 14 discovered, 0 enqueued
[75.663s][info][gc,ref      ] GC(289) Phantom: 621 encountered, 612 discovered, 0 enqueued
[75.664s][info][gc,reloc    ] GC(289) Small Pages: 249 / 498M, Empty: 0M, Relocated: 15M, In-Place: 0
[75.664s][info][gc,reloc    ] GC(289) Medium Pages: 1 / 32M, Empty: 0M, Relocated: 0M, In-Place: 0
[75.664s][info][gc,reloc    ] GC(289) Large Pages: 8 / 64M, Empty: 24M, Relocated: 0M, In-Place: 0
[75.664s][info][gc,reloc    ] GC(289) Forwarding Usage: 14M
[75.664s][info][gc,heap     ] GC(289) Min Capacity: 8M(1%)
[75.664s][info][gc,heap     ] GC(289) Max Capacity: 1024M(100%)
[75.664s][info][gc,heap     ] GC(289) Soft Max Capacity: 1024M(100%)
[75.664s][info][gc,heap     ] GC(289)                Mark Start          Mark End        Relocate Start      Relocate End           High               Low         
[75.664s][info][gc,heap     ] GC(289)  Capacity:     1024M (100%)       1024M (100%)       1024M (100%)       1024M (100%)       1024M (100%)       1024M (100%)   
[75.664s][info][gc,heap     ] GC(289)      Free:      430M (42%)         168M (16%)         184M (18%)         424M (41%)         430M (42%)         160M (16%)    
[75.664s][info][gc,heap     ] GC(289)      Used:      594M (58%)         856M (84%)         840M (82%)         600M (59%)         864M (84%)         594M (58%)    
[75.664s][info][gc,heap     ] GC(289)      Live:         -               263M (26%)         263M (26%)         263M (26%)            -                  -          
[75.664s][info][gc,heap     ] GC(289) Allocated:         -               262M (26%)         270M (26%)         285M (28%)            -                  -          
[75.664s][info][gc,heap     ] GC(289)   Garbage:         -               330M (32%)         306M (30%)          50M (5%)             -                  -          
[75.664s][info][gc,heap     ] GC(289) Reclaimed:         -                  -                24M (2%)          279M (27%)            -                  -          
[75.664s][info][gc          ] GC(289) Garbage Collection (Allocation Rate) 594M(58%)->600M(59%)
[75.710s][info][gc,start    ] GC(290) Garbage Collection (Allocation Rate)
[75.710s][info][gc,task     ] GC(290) Using 10 workers
[75.710s][info][gc,phases   ] GC(290) Pause Mark Start 0.014ms
[75.858s][info][gc,phases   ] GC(290) Concurrent Mark 147.201ms
[75.858s][info][gc,phases   ] GC(290) Pause Mark End 0.026ms
[75.858s][info][gc,phases   ] GC(290) Concurrent Mark Free 0.001ms
[75.860s][info][gc,phases   ] GC(290) Concurrent Process Non-Strong References 2.050ms
[75.860s][info][gc,phases   ] GC(290) Concurrent Reset Relocation Set 0.013ms
[75.881s][info][gc,phases   ] GC(290) Concurrent Select Relocation Set 20.745ms
[75.881s][info][gc,phases   ] GC(290) Pause Relocate Start 0.008ms
[75.903s][info][gc,phases   ] GC(290) Concurrent Relocate 21.541ms
[75.903s][info][gc,load     ] GC(290) Load: 0.00/0.00/0.00
[75.903s][info][gc,mmu      ] GC(290) MMU: 2ms/96.1%, 5ms/98.4%, 10ms/99.2%, 20ms/99.6%, 50ms/99.8%, 100ms/99.9%
[75.903s][info][gc,marking  ] GC(290) Mark: 8 stripe(s), 4 proactive flush(es), 1 terminate flush(es), 0 completion(s), 0 continuation(s) 
[75.903s][info][gc,marking  ] GC(290) Mark Stack Usage: 32M
[75.903s][info][gc,nmethod  ] GC(290) NMethods: 6028 registered, 4385 unregistered
[75.903s][info][gc,metaspace] GC(290) Metaspace: 65M used, 65M committed, 1088M reserved
[75.903s][info][gc,ref      ] GC(290) Soft: 3236 encountered, 0 discovered, 0 enqueued
[75.903s][info][gc,ref      ] GC(290) Weak: 6383 encountered, 2111 discovered, 0 enqueued
[75.903s][info][gc,ref      ] GC(290) Final: 62 encountered, 1 discovered, 0 enqueued
[75.903s][info][gc,ref      ] GC(290) Phantom: 619 encountered, 390 discovered, 0 enqueued
[75.903s][info][gc,reloc    ] GC(290) Small Pages: 309 / 618M, Empty: 0M, Relocated: 26M, In-Place: 0
[75.903s][info][gc,reloc    ] GC(290) Medium Pages: 1 / 32M, Empty: 0M, Relocated: 0M, In-Place: 0
[75.903s][info][gc,reloc    ] GC(290) Large Pages: 4 / 40M, Empty: 0M, Relocated: 0M, In-Place: 0
[75.903s][info][gc,reloc    ] GC(290) Forwarding Usage: 23M
[75.903s][info][gc,heap     ] GC(290) Min Capacity: 8M(1%)
[75.903s][info][gc,heap     ] GC(290) Max Capacity: 1024M(100%)
[75.903s][info][gc,heap     ] GC(290) Soft Max Capacity: 1024M(100%)
[75.903s][info][gc,heap     ] GC(290)                Mark Start          Mark End        Relocate Start      Relocate End           High               Low         
[75.903s][info][gc,heap     ] GC(290)  Capacity:     1024M (100%)       1024M (100%)       1024M (100%)       1024M (100%)       1024M (100%)       1024M (100%)   
[75.903s][info][gc,heap     ] GC(290)      Free:      334M (33%)          86M (8%)           58M (6%)          394M (38%)         396M (39%)          38M (4%)     
[75.903s][info][gc,heap     ] GC(290)      Used:      690M (67%)         938M (92%)         966M (94%)         630M (62%)         986M (96%)         628M (61%)    
[75.903s][info][gc,heap     ] GC(290)      Live:         -               274M (27%)         274M (27%)         274M (27%)            -                  -          
[75.903s][info][gc,heap     ] GC(290) Allocated:         -               248M (24%)         276M (27%)         301M (29%)            -                  -          
[75.903s][info][gc,heap     ] GC(290)   Garbage:         -               415M (41%)         415M (41%)          54M (5%)             -                  -          
[75.903s][info][gc,heap     ] GC(290) Reclaimed:         -                  -                 0M (0%)          361M (35%)            -                  -          
[75.903s][info][gc          ] GC(290) Garbage Collection (Allocation Rate) 690M(67%)->630M(62%)
[75.905s][info][gc,start    ] GC(291) Garbage Collection (Allocation Rate)
[75.905s][info][gc,task     ] GC(291) Using 10 workers
[75.905s][info][gc,phases   ] GC(291) Pause Mark Start 0.009ms
[76.061s][info][gc,phases   ] GC(291) Concurrent Mark 156.017ms
[76.061s][info][gc,phases   ] GC(291) Pause Mark End 0.033ms
[76.061s][info][gc,phases   ] GC(291) Concurrent Mark Free 0.001ms
[76.063s][info][gc,phases   ] GC(291) Concurrent Process Non-Strong References 2.176ms
[76.063s][info][gc,phases   ] GC(291) Concurrent Reset Relocation Set 0.034ms
[76.067s][info][gc,phases   ] GC(291) Concurrent Select Relocation Set 3.611ms
[76.067s][info][gc,phases   ] GC(291) Pause Relocate Start 0.013ms
[76.083s][info][gc,phases   ] GC(291) Concurrent Relocate 15.367ms
[76.083s][info][gc,load     ] GC(291) Load: 0.00/0.00/0.00
[76.083s][info][gc,mmu      ] GC(291) MMU: 2ms/96.1%, 5ms/98.4%, 10ms/99.2%, 20ms/99.6%, 50ms/99.8%, 100ms/99.9%
[76.083s][info][gc,marking  ] GC(291) Mark: 8 stripe(s), 2 proactive flush(es), 1 terminate flush(es), 0 completion(s), 0 continuation(s) 
[76.083s][info][gc,marking  ] GC(291) Mark Stack Usage: 32M
[76.083s][info][gc,nmethod  ] GC(291) NMethods: 6028 registered, 4385 unregistered
[76.083s][info][gc,metaspace] GC(291) Metaspace: 65M used, 65M committed, 1088M reserved
[76.083s][info][gc,ref      ] GC(291) Soft: 3236 encountered, 0 discovered, 0 enqueued
[76.083s][info][gc,ref      ] GC(291) Weak: 6383 encountered, 703 discovered, 0 enqueued
[76.083s][info][gc,ref      ] GC(291) Final: 62 encountered, 0 discovered, 0 enqueued
[76.083s][info][gc,ref      ] GC(291) Phantom: 621 encountered, 535 discovered, 0 enqueued
[76.083s][info][gc,reloc    ] GC(291) Small Pages: 281 / 562M, Empty: 0M, Relocated: 17M, In-Place: 0
[76.083s][info][gc,reloc    ] GC(291) Medium Pages: 1 / 32M, Empty: 0M, Relocated: 0M, In-Place: 0
[76.083s][info][gc,reloc    ] GC(291) Large Pages: 4 / 40M, Empty: 0M, Relocated: 0M, In-Place: 0
[76.083s][info][gc,reloc    ] GC(291) Forwarding Usage: 16M
[76.083s][info][gc,heap     ] GC(291) Min Capacity: 8M(1%)
[76.083s][info][gc,heap     ] GC(291) Max Capacity: 1024M(100%)
[76.083s][info][gc,heap     ] GC(291) Soft Max Capacity: 1024M(100%)
[76.083s][info][gc,heap     ] GC(291)                Mark Start          Mark End        Relocate Start      Relocate End           High               Low         
[76.083s][info][gc,heap     ] GC(291)  Capacity:     1024M (100%)       1024M (100%)       1024M (100%)       1024M (100%)       1024M (100%)       1024M (100%)   
[76.083s][info][gc,heap     ] GC(291)      Free:      390M (38%)         100M (10%)          88M (9%)          360M (35%)         390M (38%)          68M (7%)     
[76.083s][info][gc,heap     ] GC(291)      Used:      634M (62%)         924M (90%)         936M (91%)         664M (65%)         956M (93%)         634M (62%)    
[76.083s][info][gc,heap     ] GC(291)      Live:         -               282M (28%)         282M (28%)         282M (28%)            -                  -          
[76.083s][info][gc,heap     ] GC(291) Allocated:         -               290M (28%)         302M (29%)         325M (32%)            -                  -          
[76.083s][info][gc,heap     ] GC(291)   Garbage:         -               351M (34%)         351M (34%)          56M (5%)             -                  -          
[76.083s][info][gc,heap     ] GC(291) Reclaimed:         -                  -                 0M (0%)          295M (29%)            -                  -          
[76.083s][info][gc          ] GC(291) Garbage Collection (Allocation Rate) 634M(62%)->664M(65%)
[76.108s][info][gc,start    ] GC(292) Garbage Collection (Allocation Rate)
[76.108s][info][gc,task     ] GC(292) Using 10 workers
[76.108s][info][gc,phases   ] GC(292) Pause Mark Start 0.016ms
[76.264s][info][gc,phases   ] GC(292) Concurrent Mark 155.786ms
[76.264s][info][gc,phases   ] GC(292) Pause Mark End 0.019ms
[76.264s][info][gc,phases   ] GC(292) Concurrent Mark Free 0.002ms
[76.266s][info][gc,phases   ] GC(292) Concurrent Process Non-Strong References 1.811ms
[76.266s][info][gc,phases   ] GC(292) Concurrent Reset Relocation Set 0.024ms
[76.287s][info][gc,phases   ] GC(292) Concurrent Select Relocation Set 21.103ms
[76.287s][info][gc,phases   ] GC(292) Pause Relocate Start 0.011ms
[76.307s][info][gc,phases   ] GC(292) Concurrent Relocate 19.394ms
[76.307s][info][gc,load     ] GC(292) Load: 0.00/0.00/0.00
[76.307s][info][gc,mmu      ] GC(292) MMU: 2ms/96.1%, 5ms/98.4%, 10ms/99.2%, 20ms/99.6%, 50ms/99.8%, 100ms/99.9%
[76.307s][info][gc,marking  ] GC(292) Mark: 8 stripe(s), 2 proactive flush(es), 1 terminate flush(es), 0 completion(s), 0 continuation(s) 
[76.307s][info][gc,marking  ] GC(292) Mark Stack Usage: 32M
[76.307s][info][gc,nmethod  ] GC(292) NMethods: 6028 registered, 4385 unregistered
[76.307s][info][gc,metaspace] GC(292) Metaspace: 65M used, 65M committed, 1088M reserved
[76.307s][info][gc,ref      ] GC(292) Soft: 3236 encountered, 0 discovered, 0 enqueued
[76.307s][info][gc,ref      ] GC(292) Weak: 6383 encountered, 1597 discovered, 0 enqueued
[76.307s][info][gc,ref      ] GC(292) Final: 62 encountered, 32 discovered, 0 enqueued
[76.307s][info][gc,ref      ] GC(292) Phantom: 621 encountered, 448 discovered, 0 enqueued
[76.307s][info][gc,reloc    ] GC(292) Small Pages: 318 / 636M, Empty: 0M, Relocated: 24M, In-Place: 4
[76.307s][info][gc,reloc    ] GC(292) Medium Pages: 1 / 32M, Empty: 0M, Relocated: 0M, In-Place: 0
[76.307s][info][gc,reloc    ] GC(292) Large Pages: 4 / 40M, Empty: 0M, Relocated: 0M, In-Place: 0
[76.307s][info][gc,reloc    ] GC(292) Forwarding Usage: 20M
[76.307s][info][gc,heap     ] GC(292) Min Capacity: 8M(1%)
[76.307s][info][gc,heap     ] GC(292) Max Capacity: 1024M(100%)
[76.307s][info][gc,heap     ] GC(292) Soft Max Capacity: 1024M(100%)
[76.307s][info][gc,heap     ] GC(292)                Mark Start          Mark End        Relocate Start      Relocate End           High               Low         
[76.307s][info][gc,heap     ] GC(292)  Capacity:     1024M (100%)       1024M (100%)       1024M (100%)       1024M (100%)       1024M (100%)       1024M (100%)   
[76.307s][info][gc,heap     ] GC(292)      Free:      316M (31%)          42M (4%)           12M (1%)          338M (33%)         346M (34%)           0M (0%)     
[76.307s][info][gc,heap     ] GC(292)      Used:      708M (69%)         982M (96%)        1012M (99%)         686M (67%)        1024M (100%)        678M (66%)    
[76.307s][info][gc,heap     ] GC(292)      Live:         -               290M (28%)         290M (28%)         290M (28%)            -                  -          
[76.307s][info][gc,heap     ] GC(292) Allocated:         -               274M (27%)         304M (30%)         331M (32%)            -                  -          
[76.307s][info][gc,heap     ] GC(292)   Garbage:         -               417M (41%)         417M (41%)          63M (6%)             -                  -          
[76.307s][info][gc,heap     ] GC(292) Reclaimed:         -                  -                 0M (0%)          353M (35%)            -                  -          
[76.307s][info][gc          ] GC(292) Garbage Collection (Allocation Rate) 708M(69%)->686M(67%)
[76.311s][info][gc,start    ] GC(293) Garbage Collection (Allocation Rate)
[76.311s][info][gc,task     ] GC(293) Using 10 workers
[76.311s][info][gc,phases   ] GC(293) Pause Mark Start 0.015ms
[76.474s][info][gc,phases   ] GC(293) Concurrent Mark 162.813ms
[76.474s][info][gc,phases   ] GC(293) Pause Mark End 0.034ms
[76.474s][info][gc,phases   ] GC(293) Concurrent Mark Free 0.001ms
[76.476s][info][gc,phases   ] GC(293) Concurrent Process Non-Strong References 1.945ms
[76.476s][info][gc,phases   ] GC(293) Concurrent Reset Relocation Set 0.036ms
[76.480s][info][gc,phases   ] GC(293) Concurrent Select Relocation Set 3.602ms
[76.480s][info][gc,phases   ] GC(293) Pause Relocate Start 0.011ms
[76.496s][info][gc,phases   ] GC(293) Concurrent Relocate 15.606ms
[76.496s][info][gc,load     ] GC(293) Load: 0.00/0.00/0.00
[76.496s][info][gc,mmu      ] GC(293) MMU: 2ms/96.1%, 5ms/98.4%, 10ms/99.2%, 20ms/99.6%, 50ms/99.8%, 100ms/99.9%
[76.496s][info][gc,marking  ] GC(293) Mark: 8 stripe(s), 2 proactive flush(es), 1 terminate flush(es), 0 completion(s), 0 continuation(s) 
[76.496s][info][gc,marking  ] GC(293) Mark Stack Usage: 32M
[76.496s][info][gc,nmethod  ] GC(293) NMethods: 6028 registered, 4385 unregistered
[76.496s][info][gc,metaspace] GC(293) Metaspace: 65M used, 65M committed, 1088M reserved
[76.496s][info][gc,ref      ] GC(293) Soft: 3236 encountered, 0 discovered, 0 enqueued
[76.496s][info][gc,ref      ] GC(293) Weak: 6383 encountered, 837 discovered, 0 enqueued
[76.496s][info][gc,ref      ] GC(293) Final: 62 encountered, 1 discovered, 0 enqueued
[76.496s][info][gc,ref      ] GC(293) Phantom: 621 encountered, 515 discovered, 0 enqueued
[76.496s][info][gc,reloc    ] GC(293) Small Pages: 310 / 620M, Empty: 0M, Relocated: 19M, In-Place: 0
[76.496s][info][gc,reloc    ] GC(293) Medium Pages: 1 / 32M, Empty: 0M, Relocated: 0M, In-Place: 0
[76.496s][info][gc,reloc    ] GC(293) Large Pages: 4 / 40M, Empty: 0M, Relocated: 0M, In-Place: 0
[76.496s][info][gc,reloc    ] GC(293) Forwarding Usage: 16M
[76.496s][info][gc,heap     ] GC(293) Min Capacity: 8M(1%)
[76.496s][info][gc,heap     ] GC(293) Max Capacity: 1024M(100%)
[76.496s][info][gc,heap     ] GC(293) Soft Max Capacity: 1024M(100%)
[76.496s][info][gc,heap     ] GC(293)                Mark Start          Mark End        Relocate Start      Relocate End           High               Low         
[76.496s][info][gc,heap     ] GC(293)  Capacity:     1024M (100%)       1024M (100%)       1024M (100%)       1024M (100%)       1024M (100%)       1024M (100%)   
[76.496s][info][gc,heap     ] GC(293)      Free:      332M (32%)          32M (3%)           26M (3%)          312M (30%)         348M (34%)           6M (1%)     
[76.496s][info][gc,heap     ] GC(293)      Used:      692M (68%)         992M (97%)         998M (97%)         712M (70%)        1018M (99%)         676M (66%)    
[76.496s][info][gc,heap     ] GC(293)      Live:         -               297M (29%)         297M (29%)         297M (29%)            -                  -          
[76.496s][info][gc,heap     ] GC(293) Allocated:         -               300M (29%)         306M (30%)         347M (34%)            -                  -          
[76.496s][info][gc,heap     ] GC(293)   Garbage:         -               394M (39%)         394M (39%)          66M (7%)             -                  -          
[76.496s][info][gc,heap     ] GC(293) Reclaimed:         -                  -                 0M (0%)          327M (32%)            -                  -          
[76.496s][info][gc          ] GC(293) Garbage Collection (Allocation Rate) 692M(68%)->712M(70%)
[76.505s][info][gc,start    ] GC(294) Garbage Collection (Allocation Rate)
[76.505s][info][gc,task     ] GC(294) Using 10 workers
[76.505s][info][gc,phases   ] GC(294) Pause Mark Start 0.013ms
[76.693s][info][gc,phases   ] GC(294) Concurrent Mark 187.212ms
[76.693s][info][gc,phases   ] GC(294) Pause Mark End 0.035ms
[76.693s][info][gc,phases   ] GC(294) Concurrent Mark Free 0.002ms
[76.696s][info][gc,phases   ] GC(294) Concurrent Process Non-Strong References 2.682ms
[76.696s][info][gc,phases   ] GC(294) Concurrent Reset Relocation Set 0.040ms
[76.721s][info][gc,phases   ] GC(294) Concurrent Select Relocation Set 25.655ms
[76.722s][info][gc,phases   ] GC(294) Pause Relocate Start 0.012ms
[76.744s][info][gc,phases   ] GC(294) Concurrent Relocate 22.219ms
[76.744s][info][gc,load     ] GC(294) Load: 0.00/0.00/0.00
[76.744s][info][gc,mmu      ] GC(294) MMU: 2ms/96.1%, 5ms/98.4%, 10ms/99.2%, 20ms/99.6%, 50ms/99.8%, 100ms/99.9%
[76.744s][info][gc,marking  ] GC(294) Mark: 8 stripe(s), 7 proactive flush(es), 1 terminate flush(es), 0 completion(s), 0 continuation(s) 
[76.744s][info][gc,marking  ] GC(294) Mark Stack Usage: 32M
[76.744s][info][gc,nmethod  ] GC(294) NMethods: 6028 registered, 4385 unregistered
[76.744s][info][gc,metaspace] GC(294) Metaspace: 65M used, 65M committed, 1088M reserved
[76.744s][info][gc,ref      ] GC(294) Soft: 3236 encountered, 0 discovered, 0 enqueued
[76.744s][info][gc,ref      ] GC(294) Weak: 6383 encountered, 2690 discovered, 0 enqueued
[76.744s][info][gc,ref      ] GC(294) Final: 62 encountered, 0 discovered, 0 enqueued
[76.744s][info][gc,ref      ] GC(294) Phantom: 618 encountered, 514 discovered, 0 enqueued
[76.744s][info][gc,reloc    ] GC(294) Small Pages: 306 / 612M, Empty: 0M, Relocated: 18M, In-Place: 0
[76.744s][info][gc,reloc    ] GC(294) Medium Pages: 2 / 64M, Empty: 0M, Relocated: 10M, In-Place: 0
[76.744s][info][gc,reloc    ] GC(294) Large Pages: 4 / 40M, Empty: 0M, Relocated: 0M, In-Place: 0
[76.744s][info][gc,reloc    ] GC(294) Forwarding Usage: 17M
[76.744s][info][gc,heap     ] GC(294) Min Capacity: 8M(1%)
[76.744s][info][gc,heap     ] GC(294) Max Capacity: 1024M(100%)
[76.744s][info][gc,heap     ] GC(294) Soft Max Capacity: 1024M(100%)
[76.744s][info][gc,heap     ] GC(294)                Mark Start          Mark End        Relocate Start      Relocate End           High               Low         
[76.744s][info][gc,heap     ] GC(294)  Capacity:     1024M (100%)       1024M (100%)       1024M (100%)       1024M (100%)       1024M (100%)       1024M (100%)   
[76.744s][info][gc,heap     ] GC(294)      Free:      308M (30%)         238M (23%)         238M (23%)         586M (57%)         586M (57%)         190M (19%)    
[76.744s][info][gc,heap     ] GC(294)      Used:      716M (70%)         786M (77%)         786M (77%)         438M (43%)         834M (81%)         438M (43%)    
[76.744s][info][gc,heap     ] GC(294)      Live:         -               303M (30%)         303M (30%)         303M (30%)            -                  -          
[76.744s][info][gc,heap     ] GC(294) Allocated:         -                70M (7%)           70M (7%)           68M (7%)             -                  -          
[76.744s][info][gc,heap     ] GC(294)   Garbage:         -               412M (40%)         412M (40%)          65M (6%)             -                  -          
[76.744s][info][gc,heap     ] GC(294) Reclaimed:         -                  -                 0M (0%)          346M (34%)            -                  -          
[76.744s][info][gc          ] GC(294) Garbage Collection (Allocation Rate) 716M(70%)->438M(43%)
[76.818s][info][gc,start    ] GC(295) Garbage Collection (Allocation Rate)
[76.818s][info][gc,task     ] GC(295) Using 10 workers
[76.818s][info][gc,phases   ] GC(295) Pause Mark Start 0.017ms
[76.989s][info][gc,phases   ] GC(295) Concurrent Mark 171.345ms
[76.989s][info][gc,phases   ] GC(295) Pause Mark End 0.017ms
[76.990s][info][gc,phases   ] GC(295) Concurrent Mark Free 0.001ms
[76.991s][info][gc,phases   ] GC(295) Concurrent Process Non-Strong References 1.717ms
[76.991s][info][gc,phases   ] GC(295) Concurrent Reset Relocation Set 0.029ms
[76.996s][info][gc,phases   ] GC(295) Concurrent Select Relocation Set 4.697ms
[76.996s][info][gc,phases   ] GC(295) Pause Relocate Start 0.009ms
[77.005s][info][gc,phases   ] GC(295) Concurrent Relocate 8.662ms
[77.005s][info][gc,load     ] GC(295) Load: 0.00/0.00/0.00
[77.005s][info][gc,mmu      ] GC(295) MMU: 2ms/96.1%, 5ms/98.4%, 10ms/99.2%, 20ms/99.6%, 50ms/99.8%, 100ms/99.9%
[77.005s][info][gc,marking  ] GC(295) Mark: 8 stripe(s), 2 proactive flush(es), 1 terminate flush(es), 0 completion(s), 0 continuation(s) 
[77.005s][info][gc,marking  ] GC(295) Mark Stack Usage: 32M
[77.005s][info][gc,nmethod  ] GC(295) NMethods: 6034 registered, 4385 unregistered
[77.005s][info][gc,metaspace] GC(295) Metaspace: 65M used, 65M committed, 1088M reserved
[77.005s][info][gc,ref      ] GC(295) Soft: 3236 encountered, 0 discovered, 0 enqueued
[77.005s][info][gc,ref      ] GC(295) Weak: 6383 encountered, 894 discovered, 0 enqueued
[77.005s][info][gc,ref      ] GC(295) Final: 62 encountered, 0 discovered, 0 enqueued
[77.005s][info][gc,ref      ] GC(295) Phantom: 617 encountered, 329 discovered, 0 enqueued
[77.005s][info][gc,reloc    ] GC(295) Small Pages: 167 / 334M, Empty: 0M, Relocated: 6M, In-Place: 0
[77.005s][info][gc,reloc    ] GC(295) Medium Pages: 2 / 64M, Empty: 0M, Relocated: 18M, In-Place: 0
[77.005s][info][gc,reloc    ] GC(295) Large Pages: 4 / 40M, Empty: 0M, Relocated: 0M, In-Place: 0
[77.005s][info][gc,reloc    ] GC(295) Forwarding Usage: 5M
[77.005s][info][gc,heap     ] GC(295) Min Capacity: 8M(1%)
[77.005s][info][gc,heap     ] GC(295) Max Capacity: 1024M(100%)
[77.005s][info][gc,heap     ] GC(295) Soft Max Capacity: 1024M(100%)
[77.005s][info][gc,heap     ] GC(295)                Mark Start          Mark End        Relocate Start      Relocate End           High               Low         
[77.005s][info][gc,heap     ] GC(295)  Capacity:     1024M (100%)       1024M (100%)       1024M (100%)       1024M (100%)       1024M (100%)       1024M (100%)   
[77.005s][info][gc,heap     ] GC(295)      Free:      586M (57%)         548M (54%)         548M (54%)         610M (60%)         610M (60%)         498M (49%)    
[77.005s][info][gc,heap     ] GC(295)      Used:      438M (43%)         476M (46%)         476M (46%)         414M (40%)         526M (51%)         414M (40%)    
[77.005s][info][gc,heap     ] GC(295)      Live:         -               312M (30%)         312M (30%)         312M (30%)            -                  -          
[77.005s][info][gc,heap     ] GC(295) Allocated:         -                38M (4%)           38M (4%)           37M (4%)             -                  -          
[77.005s][info][gc,heap     ] GC(295)   Garbage:         -               125M (12%)         125M (12%)          63M (6%)             -                  -          
[77.005s][info][gc,heap     ] GC(295) Reclaimed:         -                  -                 0M (0%)           61M (6%)             -                  -          
[77.005s][info][gc          ] GC(295) Garbage Collection (Allocation Rate) 438M(43%)->414M(40%)
[77.106s][info][gc,start    ] GC(296) Garbage Collection (Allocation Rate)
[77.106s][info][gc,task     ] GC(296) Using 10 workers
[77.106s][info][gc,phases   ] GC(296) Pause Mark Start 0.016ms
[77.227s][info][gc,phases   ] GC(296) Concurrent Mark 120.638ms
[77.227s][info][gc,phases   ] GC(296) Pause Mark End 0.024ms
[77.227s][info][gc,phases   ] GC(296) Concurrent Mark Free 0.001ms
[77.229s][info][gc,phases   ] GC(296) Concurrent Process Non-Strong References 1.782ms
[77.229s][info][gc,phases   ] GC(296) Concurrent Reset Relocation Set 0.007ms
[77.246s][info][gc,phases   ] GC(296) Concurrent Select Relocation Set 17.573ms
[77.247s][info][gc,phases   ] GC(296) Pause Relocate Start 0.007ms
[77.277s][info][gc,phases   ] GC(296) Concurrent Relocate 30.698ms
[77.277s][info][gc,load     ] GC(296) Load: 0.00/0.00/0.00
[77.277s][info][gc,mmu      ] GC(296) MMU: 2ms/96.1%, 5ms/98.4%, 10ms/99.2%, 20ms/99.6%, 50ms/99.8%, 100ms/99.9%
[77.277s][info][gc,marking  ] GC(296) Mark: 8 stripe(s), 2 proactive flush(es), 1 terminate flush(es), 0 completion(s), 0 continuation(s) 
[77.277s][info][gc,marking  ] GC(296) Mark Stack Usage: 32M
[77.277s][info][gc,nmethod  ] GC(296) NMethods: 6160 registered, 4387 unregistered
[77.277s][info][gc,metaspace] GC(296) Metaspace: 65M used, 65M committed, 1088M reserved
[77.278s][info][gc,ref      ] GC(296) Soft: 3236 encountered, 0 discovered, 0 enqueued
[77.278s][info][gc,ref      ] GC(296) Weak: 6519 encountered, 1992 discovered, 62 enqueued
[77.278s][info][gc,ref      ] GC(296) Final: 62 encountered, 0 discovered, 0 enqueued
[77.278s][info][gc,ref      ] GC(296) Phantom: 620 encountered, 569 discovered, 0 enqueued
[77.278s][info][gc,reloc    ] GC(296) Small Pages: 168 / 336M, Empty: 18M, Relocated: 60M, In-Place: 0
[77.278s][info][gc,reloc    ] GC(296) Medium Pages: 2 / 64M, Empty: 32M, Relocated: 0M, In-Place: 0
[77.278s][info][gc,reloc    ] GC(296) Large Pages: 4 / 40M, Empty: 10M, Relocated: 0M, In-Place: 0
[77.278s][info][gc,reloc    ] GC(296) Forwarding Usage: 55M
[77.278s][info][gc,heap     ] GC(296) Min Capacity: 8M(1%)
[77.278s][info][gc,heap     ] GC(296) Max Capacity: 1024M(100%)
[77.278s][info][gc,heap     ] GC(296) Soft Max Capacity: 1024M(100%)
[77.278s][info][gc,heap     ] GC(296)                Mark Start          Mark End        Relocate Start      Relocate End           High               Low         
[77.278s][info][gc,heap     ] GC(296)  Capacity:     1024M (100%)       1024M (100%)       1024M (100%)       1024M (100%)       1024M (100%)       1024M (100%)   
[77.278s][info][gc,heap     ] GC(296)      Free:      584M (57%)         546M (53%)         606M (59%)         566M (55%)         616M (60%)         546M (53%)    
[77.278s][info][gc,heap     ] GC(296)      Used:      440M (43%)         478M (47%)         418M (41%)         458M (45%)         478M (47%)         408M (40%)    
[77.278s][info][gc,heap     ] GC(296)      Live:         -               270M (26%)         270M (26%)         270M (26%)            -                  -          
[77.278s][info][gc,heap     ] GC(296) Allocated:         -                38M (4%)           38M (4%)          137M (13%)            -                  -          
[77.278s][info][gc,heap     ] GC(296)   Garbage:         -               169M (17%)         109M (11%)          49M (5%)             -                  -          
[77.278s][info][gc,heap     ] GC(296) Reclaimed:         -                  -                60M (6%)          119M (12%)            -                  -          
[77.278s][info][gc          ] GC(296) Garbage Collection (Allocation Rate) 440M(43%)->458M(45%)
[77.311s][info][gc,start    ] GC(297) Garbage Collection (Allocation Rate)
[77.311s][info][gc,task     ] GC(297) Using 10 workers
[77.311s][info][gc,phases   ] GC(297) Pause Mark Start 0.013ms
[77.404s][info][gc,phases   ] GC(297) Concurrent Mark 93.413ms
[77.405s][info][gc,phases   ] GC(297) Pause Mark End 0.025ms
[77.405s][info][gc,phases   ] GC(297) Concurrent Mark Free 0.001ms
[77.407s][info][gc,phases   ] GC(297) Concurrent Process Non-Strong References 2.080ms
[77.407s][info][gc,phases   ] GC(297) Concurrent Reset Relocation Set 0.018ms
[77.420s][info][gc,phases   ] GC(297) Concurrent Select Relocation Set 12.610ms
[77.420s][info][gc,phases   ] GC(297) Pause Relocate Start 0.008ms
[77.433s][info][gc,phases   ] GC(297) Concurrent Relocate 12.888ms
[77.433s][info][gc,load     ] GC(297) Load: 0.00/0.00/0.00
[77.433s][info][gc,mmu      ] GC(297) MMU: 2ms/96.1%, 5ms/98.4%, 10ms/99.2%, 20ms/99.6%, 50ms/99.8%, 100ms/99.9%
[77.433s][info][gc,marking  ] GC(297) Mark: 8 stripe(s), 2 proactive flush(es), 1 terminate flush(es), 0 completion(s), 0 continuation(s) 
[77.433s][info][gc,marking  ] GC(297) Mark Stack Usage: 32M
[77.433s][info][gc,nmethod  ] GC(297) NMethods: 6166 registered, 4393 unregistered
[77.433s][info][gc,metaspace] GC(297) Metaspace: 65M used, 65M committed, 1088M reserved
[77.433s][info][gc,ref      ] GC(297) Soft: 3238 encountered, 0 discovered, 0 enqueued
[77.433s][info][gc,ref      ] GC(297) Weak: 6600 encountered, 802 discovered, 160 enqueued
[77.433s][info][gc,ref      ] GC(297) Final: 62 encountered, 0 discovered, 0 enqueued
[77.433s][info][gc,ref      ] GC(297) Phantom: 619 encountered, 472 discovered, 0 enqueued
[77.433s][info][gc,reloc    ] GC(297) Small Pages: 194 / 388M, Empty: 72M, Relocated: 15M, In-Place: 0
[77.433s][info][gc,reloc    ] GC(297) Medium Pages: 2 / 64M, Empty: 0M, Relocated: 18M, In-Place: 0
[77.433s][info][gc,reloc    ] GC(297) Large Pages: 6 / 48M, Empty: 36M, Relocated: 0M, In-Place: 0
[77.433s][info][gc,reloc    ] GC(297) Forwarding Usage: 15M
[77.433s][info][gc,heap     ] GC(297) Min Capacity: 8M(1%)
[77.433s][info][gc,heap     ] GC(297) Max Capacity: 1024M(100%)
[77.433s][info][gc,heap     ] GC(297) Soft Max Capacity: 1024M(100%)
[77.433s][info][gc,heap     ] GC(297)                Mark Start          Mark End        Relocate Start      Relocate End           High               Low         
[77.433s][info][gc,heap     ] GC(297)  Capacity:     1024M (100%)       1024M (100%)       1024M (100%)       1024M (100%)       1024M (100%)       1024M (100%)   
[77.433s][info][gc,heap     ] GC(297)      Free:      524M (51%)         454M (44%)         556M (54%)         710M (69%)         710M (69%)         446M (44%)    
[77.433s][info][gc,heap     ] GC(297)      Used:      500M (49%)         570M (56%)         468M (46%)         314M (31%)         578M (56%)         314M (31%)    
[77.433s][info][gc,heap     ] GC(297)      Live:         -               199M (19%)         199M (19%)         199M (19%)            -                  -          
[77.433s][info][gc,heap     ] GC(297) Allocated:         -                70M (7%)           76M (7%)           79M (8%)             -                  -          
[77.433s][info][gc,heap     ] GC(297)   Garbage:         -               300M (29%)         192M (19%)          34M (3%)             -                  -          
[77.433s][info][gc,heap     ] GC(297) Reclaimed:         -                  -               108M (11%)         265M (26%)            -                  -          
[77.433s][info][gc          ] GC(297) Garbage Collection (Allocation Rate) 500M(49%)->314M(31%)
[77.514s][info][gc,start    ] GC(298) Garbage Collection (Allocation Rate)
[77.514s][info][gc,task     ] GC(298) Using 10 workers
[77.514s][info][gc,phases   ] GC(298) Pause Mark Start 0.016ms
[77.623s][info][gc,phases   ] GC(298) Concurrent Mark 109.017ms
[77.623s][info][gc,phases   ] GC(298) Pause Mark End 0.023ms
[77.623s][info][gc,phases   ] GC(298) Concurrent Mark Free 0.001ms
[77.625s][info][gc,phases   ] GC(298) Concurrent Process Non-Strong References 1.989ms
[77.625s][info][gc,phases   ] GC(298) Concurrent Reset Relocation Set 0.013ms
[77.646s][info][gc,phases   ] GC(298) Concurrent Select Relocation Set 20.922ms
[77.647s][info][gc,phases   ] GC(298) Pause Relocate Start 0.011ms
[77.669s][info][gc,phases   ] GC(298) Concurrent Relocate 21.925ms
[77.669s][info][gc,load     ] GC(298) Load: 0.00/0.00/0.00
[77.669s][info][gc,mmu      ] GC(298) MMU: 2ms/96.1%, 5ms/98.4%, 10ms/99.2%, 20ms/99.6%, 50ms/99.8%, 100ms/99.9%
[77.669s][info][gc,marking  ] GC(298) Mark: 8 stripe(s), 2 proactive flush(es), 1 terminate flush(es), 0 completion(s), 0 continuation(s) 
[77.669s][info][gc,marking  ] GC(298) Mark Stack Usage: 32M
[77.669s][info][gc,nmethod  ] GC(298) NMethods: 6167 registered, 4393 unregistered
[77.669s][info][gc,metaspace] GC(298) Metaspace: 65M used, 65M committed, 1088M reserved
[77.669s][info][gc,ref      ] GC(298) Soft: 3237 encountered, 0 discovered, 0 enqueued
[77.669s][info][gc,ref      ] GC(298) Weak: 6443 encountered, 812 discovered, 5 enqueued
[77.669s][info][gc,ref      ] GC(298) Final: 62 encountered, 0 discovered, 0 enqueued
[77.669s][info][gc,ref      ] GC(298) Phantom: 619 encountered, 595 discovered, 0 enqueued
[77.669s][info][gc,reloc    ] GC(298) Small Pages: 147 / 294M, Empty: 0M, Relocated: 23M, In-Place: 0
[77.669s][info][gc,reloc    ] GC(298) Medium Pages: 1 / 32M, Empty: 0M, Relocated: 0M, In-Place: 0
[77.669s][info][gc,reloc    ] GC(298) Large Pages: 4 / 24M, Empty: 0M, Relocated: 0M, In-Place: 0
[77.669s][info][gc,reloc    ] GC(298) Forwarding Usage: 25M
[77.669s][info][gc,heap     ] GC(298) Min Capacity: 8M(1%)
[77.669s][info][gc,heap     ] GC(298) Max Capacity: 1024M(100%)
[77.669s][info][gc,heap     ] GC(298) Soft Max Capacity: 1024M(100%)
[77.669s][info][gc,heap     ] GC(298)                Mark Start          Mark End        Relocate Start      Relocate End           High               Low         
[77.669s][info][gc,heap     ] GC(298)  Capacity:     1024M (100%)       1024M (100%)       1024M (100%)       1024M (100%)       1024M (100%)       1024M (100%)   
[77.669s][info][gc,heap     ] GC(298)      Free:      674M (66%)         428M (42%)         386M (38%)         458M (45%)         674M (66%)         366M (36%)    
[77.669s][info][gc,heap     ] GC(298)      Used:      350M (34%)         596M (58%)         638M (62%)         566M (55%)         658M (64%)         350M (34%)    
[77.669s][info][gc,heap     ] GC(298)      Live:         -               213M (21%)         213M (21%)         213M (21%)            -                  -          
[77.669s][info][gc,heap     ] GC(298) Allocated:         -               246M (24%)         288M (28%)         309M (30%)            -                  -          
[77.669s][info][gc,heap     ] GC(298)   Garbage:         -               136M (13%)         136M (13%)          43M (4%)             -                  -          
[77.669s][info][gc,heap     ] GC(298) Reclaimed:         -                  -                 0M (0%)           93M (9%)             -                  -          
[77.669s][info][gc          ] GC(298) Garbage Collection (Allocation Rate) 350M(34%)->566M(55%)
[77.717s][info][gc,start    ] GC(299) Garbage Collection (Allocation Rate)
[77.717s][info][gc,task     ] GC(299) Using 10 workers
[77.717s][info][gc,phases   ] GC(299) Pause Mark Start 0.011ms
[77.836s][info][gc,phases   ] GC(299) Concurrent Mark 119.015ms
[77.836s][info][gc,phases   ] GC(299) Pause Mark End 0.027ms
[77.836s][info][gc,phases   ] GC(299) Concurrent Mark Free 0.001ms
[77.838s][info][gc,phases   ] GC(299) Concurrent Process Non-Strong References 1.883ms
[77.838s][info][gc,phases   ] GC(299) Concurrent Reset Relocation Set 0.013ms
[77.866s][info][gc,phases   ] GC(299) Concurrent Select Relocation Set 27.626ms
[77.866s][info][gc,phases   ] GC(299) Pause Relocate Start 0.016ms
[77.893s][info][gc,phases   ] GC(299) Concurrent Relocate 26.326ms
[77.893s][info][gc,load     ] GC(299) Load: 0.00/0.00/0.00
[77.893s][info][gc,mmu      ] GC(299) MMU: 2ms/96.1%, 5ms/98.4%, 10ms/99.2%, 20ms/99.6%, 50ms/99.8%, 100ms/99.9%
[77.893s][info][gc,marking  ] GC(299) Mark: 8 stripe(s), 2 proactive flush(es), 1 terminate flush(es), 0 completion(s), 0 continuation(s) 
[77.893s][info][gc,marking  ] GC(299) Mark Stack Usage: 32M
[77.893s][info][gc,nmethod  ] GC(299) NMethods: 6168 registered, 4393 unregistered
[77.893s][info][gc,metaspace] GC(299) Metaspace: 65M used, 65M committed, 1088M reserved
[77.893s][info][gc,ref      ] GC(299) Soft: 3240 encountered, 0 discovered, 0 enqueued
[77.893s][info][gc,ref      ] GC(299) Weak: 6438 encountered, 2375 discovered, 0 enqueued
[77.893s][info][gc,ref      ] GC(299) Final: 62 encountered, 2 discovered, 0 enqueued
[77.893s][info][gc,ref      ] GC(299) Phantom: 621 encountered, 511 discovered, 0 enqueued
[77.893s][info][gc,reloc    ] GC(299) Small Pages: 237 / 474M, Empty: 0M, Relocated: 73M, In-Place: 0
[77.893s][info][gc,reloc    ] GC(299) Medium Pages: 2 / 64M, Empty: 32M, Relocated: 0M, In-Place: 0
[77.893s][info][gc,reloc    ] GC(299) Large Pages: 8 / 48M, Empty: 0M, Relocated: 0M, In-Place: 0
[77.893s][info][gc,reloc    ] GC(299) Forwarding Usage: 43M
[77.893s][info][gc,heap     ] GC(299) Min Capacity: 8M(1%)
[77.893s][info][gc,heap     ] GC(299) Max Capacity: 1024M(100%)
[77.893s][info][gc,heap     ] GC(299) Soft Max Capacity: 1024M(100%)
[77.893s][info][gc,heap     ] GC(299)                Mark Start          Mark End        Relocate Start      Relocate End           High               Low         
[77.893s][info][gc,heap     ] GC(299)  Capacity:     1024M (100%)       1024M (100%)       1024M (100%)       1024M (100%)       1024M (100%)       1024M (100%)   
[77.893s][info][gc,heap     ] GC(299)      Free:      438M (43%)         344M (34%)         304M (30%)         466M (46%)         466M (46%)         288M (28%)    
[77.893s][info][gc,heap     ] GC(299)      Used:      586M (57%)         680M (66%)         720M (70%)         558M (54%)         736M (72%)         558M (54%)    
[77.893s][info][gc,heap     ] GC(299)      Live:         -               303M (30%)         303M (30%)         303M (30%)            -                  -          
[77.893s][info][gc,heap     ] GC(299) Allocated:         -                94M (9%)          166M (16%)         209M (21%)            -                  -          
[77.893s][info][gc,heap     ] GC(299)   Garbage:         -               282M (28%)         250M (24%)          44M (4%)             -                  -          
[77.893s][info][gc,heap     ] GC(299) Reclaimed:         -                  -                32M (3%)          237M (23%)            -                  -          
[77.893s][info][gc          ] GC(299) Garbage Collection (Allocation Rate) 586M(57%)->558M(54%)
[77.914s][info][gc,start    ] GC(300) Garbage Collection (Allocation Rate)
[77.914s][info][gc,task     ] GC(300) Using 10 workers
[77.915s][info][gc,phases   ] GC(300) Pause Mark Start 0.009ms
[78.039s][info][gc,phases   ] GC(300) Concurrent Mark 124.660ms
[78.039s][info][gc,phases   ] GC(300) Pause Mark End 0.027ms
[78.039s][info][gc,phases   ] GC(300) Concurrent Mark Free 0.001ms
[78.041s][info][gc,phases   ] GC(300) Concurrent Process Non-Strong References 1.830ms
[78.041s][info][gc,phases   ] GC(300) Concurrent Reset Relocation Set 0.024ms
[78.047s][info][gc,phases   ] GC(300) Concurrent Select Relocation Set 5.163ms
[78.047s][info][gc,phases   ] GC(300) Pause Relocate Start 0.015ms
[78.063s][info][gc,phases   ] GC(300) Concurrent Relocate 15.898ms
[78.063s][info][gc,load     ] GC(300) Load: 0.00/0.00/0.00
[78.063s][info][gc,mmu      ] GC(300) MMU: 2ms/96.1%, 5ms/98.4%, 10ms/99.2%, 20ms/99.6%, 50ms/99.8%, 100ms/99.9%
[78.063s][info][gc,marking  ] GC(300) Mark: 8 stripe(s), 2 proactive flush(es), 1 terminate flush(es), 0 completion(s), 0 continuation(s) 
[78.063s][info][gc,marking  ] GC(300) Mark Stack Usage: 32M
[78.063s][info][gc,nmethod  ] GC(300) NMethods: 6169 registered, 4393 unregistered
[78.063s][info][gc,metaspace] GC(300) Metaspace: 65M used, 65M committed, 1088M reserved
[78.063s][info][gc,ref      ] GC(300) Soft: 3240 encountered, 0 discovered, 0 enqueued
[78.063s][info][gc,ref      ] GC(300) Weak: 6438 encountered, 931 discovered, 0 enqueued
[78.063s][info][gc,ref      ] GC(300) Final: 62 encountered, 34 discovered, 0 enqueued
[78.063s][info][gc,ref      ] GC(300) Phantom: 617 encountered, 489 discovered, 0 enqueued
[78.063s][info][gc,reloc    ] GC(300) Small Pages: 263 / 526M, Empty: 20M, Relocated: 39M, In-Place: 0
[78.063s][info][gc,reloc    ] GC(300) Medium Pages: 1 / 32M, Empty: 0M, Relocated: 0M, In-Place: 0
[78.063s][info][gc,reloc    ] GC(300) Large Pages: 8 / 48M, Empty: 24M, Relocated: 0M, In-Place: 0
[78.063s][info][gc,reloc    ] GC(300) Forwarding Usage: 21M
[78.063s][info][gc,heap     ] GC(300) Min Capacity: 8M(1%)
[78.063s][info][gc,heap     ] GC(300) Max Capacity: 1024M(100%)
[78.063s][info][gc,heap     ] GC(300) Soft Max Capacity: 1024M(100%)
[78.063s][info][gc,heap     ] GC(300)                Mark Start          Mark End        Relocate Start      Relocate End           High               Low         
[78.063s][info][gc,heap     ] GC(300)  Capacity:     1024M (100%)       1024M (100%)       1024M (100%)       1024M (100%)       1024M (100%)       1024M (100%)   
[78.063s][info][gc,heap     ] GC(300)      Free:      418M (41%)          94M (9%)          126M (12%)         342M (33%)         418M (41%)          84M (8%)     
[78.063s][info][gc,heap     ] GC(300)      Used:      606M (59%)         930M (91%)         898M (88%)         682M (67%)         940M (92%)         606M (59%)    
[78.064s][info][gc,heap     ] GC(300)      Live:         -               281M (28%)         281M (28%)         281M (28%)            -                  -          
[78.064s][info][gc,heap     ] GC(300) Allocated:         -               324M (32%)         336M (33%)         355M (35%)            -                  -          
[78.064s][info][gc,heap     ] GC(300)   Garbage:         -               324M (32%)         280M (27%)          44M (4%)             -                  -          
[78.064s][info][gc,heap     ] GC(300) Reclaimed:         -                  -                44M (4%)          279M (27%)            -                  -          
[78.064s][info][gc          ] GC(300) Garbage Collection (Allocation Rate) 606M(59%)->682M(67%)
[78.117s][info][gc,start    ] GC(301) Garbage Collection (Allocation Rate)
[78.118s][info][gc,task     ] GC(301) Using 10 workers
[78.118s][info][gc,phases   ] GC(301) Pause Mark Start 0.010ms
[78.274s][info][gc,phases   ] GC(301) Concurrent Mark 155.837ms
[78.274s][info][gc,phases   ] GC(301) Pause Mark End 0.022ms
[78.274s][info][gc,phases   ] GC(301) Concurrent Mark Free 0.001ms
[78.276s][info][gc,phases   ] GC(301) Concurrent Process Non-Strong References 2.104ms
[78.276s][info][gc,phases   ] GC(301) Concurrent Reset Relocation Set 0.029ms
[78.279s][info][gc,phases   ] GC(301) Concurrent Select Relocation Set 2.907ms
[78.279s][info][gc,phases   ] GC(301) Pause Relocate Start 0.008ms
[78.295s][info][gc,phases   ] GC(301) Concurrent Relocate 16.223ms
[78.295s][info][gc,load     ] GC(301) Load: 0.00/0.00/0.00
[78.295s][info][gc,mmu      ] GC(301) MMU: 2ms/96.1%, 5ms/98.4%, 10ms/99.2%, 20ms/99.6%, 50ms/99.8%, 100ms/99.9%
[78.295s][info][gc,marking  ] GC(301) Mark: 8 stripe(s), 2 proactive flush(es), 1 terminate flush(es), 0 completion(s), 0 continuation(s) 
[78.295s][info][gc,marking  ] GC(301) Mark Stack Usage: 32M
[78.295s][info][gc,nmethod  ] GC(301) NMethods: 6170 registered, 4393 unregistered
[78.295s][info][gc,metaspace] GC(301) Metaspace: 65M used, 65M committed, 1088M reserved
[78.295s][info][gc,ref      ] GC(301) Soft: 3240 encountered, 0 discovered, 0 enqueued
[78.295s][info][gc,ref      ] GC(301) Weak: 6437 encountered, 647 discovered, 0 enqueued
[78.295s][info][gc,ref      ] GC(301) Final: 62 encountered, 0 discovered, 0 enqueued
[78.295s][info][gc,ref      ] GC(301) Phantom: 621 encountered, 515 discovered, 0 enqueued
[78.295s][info][gc,reloc    ] GC(301) Small Pages: 317 / 634M, Empty: 6M, Relocated: 22M, In-Place: 0
[78.295s][info][gc,reloc    ] GC(301) Medium Pages: 2 / 64M, Empty: 0M, Relocated: 17M, In-Place: 0
[78.296s][info][gc,reloc    ] GC(301) Large Pages: 4 / 24M, Empty: 0M, Relocated: 0M, In-Place: 0
[78.296s][info][gc,reloc    ] GC(301) Forwarding Usage: 19M
[78.296s][info][gc,heap     ] GC(301) Min Capacity: 8M(1%)
[78.296s][info][gc,heap     ] GC(301) Max Capacity: 1024M(100%)
[78.296s][info][gc,heap     ] GC(301) Soft Max Capacity: 1024M(100%)
[78.296s][info][gc,heap     ] GC(301)                Mark Start          Mark End        Relocate Start      Relocate End           High               Low         
[78.296s][info][gc,heap     ] GC(301)  Capacity:     1024M (100%)       1024M (100%)       1024M (100%)       1024M (100%)       1024M (100%)       1024M (100%)   
[78.296s][info][gc,heap     ] GC(301)      Free:      302M (29%)         244M (24%)         248M (24%)         608M (59%)         608M (59%)         200M (20%)    
[78.296s][info][gc,heap     ] GC(301)      Used:      722M (71%)         780M (76%)         776M (76%)         416M (41%)         824M (80%)         416M (41%)    
[78.296s][info][gc,heap     ] GC(301)      Live:         -               308M (30%)         308M (30%)         308M (30%)            -                  -          
[78.296s][info][gc,heap     ] GC(301) Allocated:         -                58M (6%)           60M (6%)           65M (6%)             -                  -          
[78.296s][info][gc,heap     ] GC(301)   Garbage:         -               413M (40%)         407M (40%)          41M (4%)             -                  -          
[78.296s][info][gc,heap     ] GC(301) Reclaimed:         -                  -                 6M (1%)          371M (36%)            -                  -          
[78.296s][info][gc          ] GC(301) Garbage Collection (Allocation Rate) 722M(71%)->416M(41%)
[78.305s][info][gc,start    ] GC(302) Garbage Collection (Allocation Rate)
[78.305s][info][gc,task     ] GC(302) Using 10 workers
[78.305s][info][gc,phases   ] GC(302) Pause Mark Start 0.013ms
[78.445s][info][gc,phases   ] GC(302) Concurrent Mark 140.267ms
[78.446s][info][gc,phases   ] GC(302) Pause Mark End 0.030ms
[78.446s][info][gc,phases   ] GC(302) Concurrent Mark Free 0.001ms
[78.448s][info][gc,phases   ] GC(302) Concurrent Process Non-Strong References 2.209ms
[78.448s][info][gc,phases   ] GC(302) Concurrent Reset Relocation Set 0.024ms
[78.452s][info][gc,phases   ] GC(302) Concurrent Select Relocation Set 4.303ms
[78.452s][info][gc,phases   ] GC(302) Pause Relocate Start 0.009ms
[78.457s][info][gc,phases   ] GC(302) Concurrent Relocate 4.033ms
[78.457s][info][gc,load     ] GC(302) Load: 0.00/0.00/0.00
[78.457s][info][gc,mmu      ] GC(302) MMU: 2ms/96.1%, 5ms/98.4%, 10ms/99.2%, 20ms/99.6%, 50ms/99.8%, 100ms/99.9%
[78.457s][info][gc,marking  ] GC(302) Mark: 8 stripe(s), 8 proactive flush(es), 1 terminate flush(es), 0 completion(s), 0 continuation(s) 
[78.457s][info][gc,marking  ] GC(302) Mark Stack Usage: 32M
[78.457s][info][gc,nmethod  ] GC(302) NMethods: 6170 registered, 4393 unregistered
[78.457s][info][gc,metaspace] GC(302) Metaspace: 65M used, 65M committed, 1088M reserved
[78.457s][info][gc,ref      ] GC(302) Soft: 3240 encountered, 0 discovered, 0 enqueued
[78.457s][info][gc,ref      ] GC(302) Weak: 6437 encountered, 1061 discovered, 0 enqueued
[78.457s][info][gc,ref      ] GC(302) Final: 62 encountered, 21 discovered, 0 enqueued
[78.457s][info][gc,ref      ] GC(302) Phantom: 621 encountered, 560 discovered, 0 enqueued
[78.457s][info][gc,reloc    ] GC(302) Small Pages: 181 / 362M, Empty: 26M, Relocated: 5M, In-Place: 0
[78.457s][info][gc,reloc    ] GC(302) Medium Pages: 1 / 32M, Empty: 0M, Relocated: 0M, In-Place: 0
[78.457s][info][gc,reloc    ] GC(302) Large Pages: 4 / 24M, Empty: 0M, Relocated: 0M, In-Place: 0
[78.457s][info][gc,reloc    ] GC(302) Forwarding Usage: 3M
[78.457s][info][gc,heap     ] GC(302) Min Capacity: 8M(1%)
[78.457s][info][gc,heap     ] GC(302) Max Capacity: 1024M(100%)
[78.457s][info][gc,heap     ] GC(302) Soft Max Capacity: 1024M(100%)
[78.457s][info][gc,heap     ] GC(302)                Mark Start          Mark End        Relocate Start      Relocate End           High               Low         
[78.457s][info][gc,heap     ] GC(302)  Capacity:     1024M (100%)       1024M (100%)       1024M (100%)       1024M (100%)       1024M (100%)       1024M (100%)   
[78.457s][info][gc,heap     ] GC(302)      Free:      606M (59%)         554M (54%)         578M (56%)         612M (60%)         612M (60%)         552M (54%)    
[78.457s][info][gc,heap     ] GC(302)      Used:      418M (41%)         470M (46%)         446M (44%)         412M (40%)         472M (46%)         412M (40%)    
[78.457s][info][gc,heap     ] GC(302)      Live:         -               308M (30%)         308M (30%)         308M (30%)            -                  -          
[78.457s][info][gc,heap     ] GC(302) Allocated:         -                52M (5%)           54M (5%)           55M (5%)             -                  -          
[78.457s][info][gc,heap     ] GC(302)   Garbage:         -               109M (11%)          83M (8%)           47M (5%)             -                  -          
[78.457s][info][gc,heap     ] GC(302) Reclaimed:         -                  -                26M (3%)           61M (6%)             -                  -          
[78.457s][info][gc          ] GC(302) Garbage Collection (Allocation Rate) 418M(41%)->412M(40%)
[78.508s][info][gc,start    ] GC(303) Garbage Collection (Allocation Rate)
[78.508s][info][gc,task     ] GC(303) Using 10 workers
[78.508s][info][gc,phases   ] GC(303) Pause Mark Start 0.010ms
[78.633s][info][gc,phases   ] GC(303) Concurrent Mark 124.619ms
[78.633s][info][gc,phases   ] GC(303) Pause Mark End 0.019ms
[78.633s][info][gc,phases   ] GC(303) Concurrent Mark Free 0.001ms
[78.635s][info][gc,phases   ] GC(303) Concurrent Process Non-Strong References 2.012ms
[78.635s][info][gc,phases   ] GC(303) Concurrent Reset Relocation Set 0.004ms
[78.638s][info][gc,phases   ] GC(303) Concurrent Select Relocation Set 2.543ms
[78.638s][info][gc,phases   ] GC(303) Pause Relocate Start 0.006ms
[78.641s][info][gc,phases   ] GC(303) Concurrent Relocate 3.096ms
[78.641s][info][gc,load     ] GC(303) Load: 0.00/0.00/0.00
[78.641s][info][gc,mmu      ] GC(303) MMU: 2ms/96.1%, 5ms/98.4%, 10ms/99.2%, 20ms/99.6%, 50ms/99.8%, 100ms/99.9%
[78.641s][info][gc,marking  ] GC(303) Mark: 8 stripe(s), 2 proactive flush(es), 1 terminate flush(es), 0 completion(s), 0 continuation(s) 
[78.641s][info][gc,marking  ] GC(303) Mark Stack Usage: 32M
[78.641s][info][gc,nmethod  ] GC(303) NMethods: 6171 registered, 4393 unregistered
[78.641s][info][gc,metaspace] GC(303) Metaspace: 65M used, 65M committed, 1088M reserved
[78.641s][info][gc,ref      ] GC(303) Soft: 3240 encountered, 0 discovered, 0 enqueued
[78.641s][info][gc,ref      ] GC(303) Weak: 6437 encountered, 2205 discovered, 0 enqueued
[78.641s][info][gc,ref      ] GC(303) Final: 62 encountered, 1 discovered, 0 enqueued
[78.641s][info][gc,ref      ] GC(303) Phantom: 621 encountered, 602 discovered, 0 enqueued
[78.641s][info][gc,reloc    ] GC(303) Small Pages: 188 / 376M, Empty: 44M, Relocated: 5M, In-Place: 0
[78.641s][info][gc,reloc    ] GC(303) Medium Pages: 1 / 32M, Empty: 0M, Relocated: 0M, In-Place: 0
[78.641s][info][gc,reloc    ] GC(303) Large Pages: 4 / 24M, Empty: 0M, Relocated: 0M, In-Place: 0
[78.641s][info][gc,reloc    ] GC(303) Forwarding Usage: 3M
[78.641s][info][gc,heap     ] GC(303) Min Capacity: 8M(1%)
[78.641s][info][gc,heap     ] GC(303) Max Capacity: 1024M(100%)
[78.641s][info][gc,heap     ] GC(303) Soft Max Capacity: 1024M(100%)
[78.641s][info][gc,heap     ] GC(303)                Mark Start          Mark End        Relocate Start      Relocate End           High               Low         
[78.641s][info][gc,heap     ] GC(303)  Capacity:     1024M (100%)       1024M (100%)       1024M (100%)       1024M (100%)       1024M (100%)       1024M (100%)   
[78.641s][info][gc,heap     ] GC(303)      Free:      592M (58%)         490M (48%)         528M (52%)         558M (54%)         592M (58%)         484M (47%)    
[78.641s][info][gc,heap     ] GC(303)      Used:      432M (42%)         534M (52%)         496M (48%)         466M (46%)         540M (53%)         432M (42%)    
[78.641s][info][gc,heap     ] GC(303)      Live:         -               308M (30%)         308M (30%)         308M (30%)            -                  -          
[78.641s][info][gc,heap     ] GC(303) Allocated:         -               102M (10%)         108M (11%)         109M (11%)            -                  -          
[78.641s][info][gc,heap     ] GC(303)   Garbage:         -               123M (12%)          79M (8%)           47M (5%)             -                  -          
[78.641s][info][gc,heap     ] GC(303) Reclaimed:         -                  -                44M (4%)           75M (7%)             -                  -          
[78.641s][info][gc          ] GC(303) Garbage Collection (Allocation Rate) 432M(42%)->466M(46%)
[78.711s][info][gc,start    ] GC(304) Garbage Collection (Allocation Rate)
[78.711s][info][gc,task     ] GC(304) Using 10 workers
[78.711s][info][gc,phases   ] GC(304) Pause Mark Start 0.012ms
[78.820s][info][gc,phases   ] GC(304) Concurrent Mark 108.976ms
[78.820s][info][gc,phases   ] GC(304) Pause Mark End 0.025ms
[78.821s][info][gc,phases   ] GC(304) Concurrent Mark Free 0.001ms
[78.823s][info][gc,phases   ] GC(304) Concurrent Process Non-Strong References 2.055ms
[78.823s][info][gc,phases   ] GC(304) Concurrent Reset Relocation Set 0.003ms
[78.835s][info][gc,phases   ] GC(304) Concurrent Select Relocation Set 12.466ms
[78.835s][info][gc,phases   ] GC(304) Pause Relocate Start 0.011ms
[78.851s][info][gc,phases   ] GC(304) Concurrent Relocate 16.086ms
[78.852s][info][gc,load     ] GC(304) Load: 0.00/0.00/0.00
[78.852s][info][gc,mmu      ] GC(304) MMU: 2ms/96.1%, 5ms/98.4%, 10ms/99.2%, 20ms/99.6%, 50ms/99.8%, 100ms/99.9%
[78.852s][info][gc,marking  ] GC(304) Mark: 8 stripe(s), 2 proactive flush(es), 2 terminate flush(es), 0 completion(s), 0 continuation(s) 
[78.852s][info][gc,marking  ] GC(304) Mark Stack Usage: 32M
[78.852s][info][gc,nmethod  ] GC(304) NMethods: 6170 registered, 4394 unregistered
[78.852s][info][gc,metaspace] GC(304) Metaspace: 65M used, 65M committed, 1088M reserved
[78.852s][info][gc,ref      ] GC(304) Soft: 3240 encountered, 0 discovered, 0 enqueued
[78.852s][info][gc,ref      ] GC(304) Weak: 6437 encountered, 454 discovered, 0 enqueued
[78.852s][info][gc,ref      ] GC(304) Final: 62 encountered, 1 discovered, 0 enqueued
[78.852s][info][gc,ref      ] GC(304) Phantom: 618 encountered, 247 discovered, 0 enqueued
[78.852s][info][gc,reloc    ] GC(304) Small Pages: 252 / 504M, Empty: 64M, Relocated: 22M, In-Place: 0
[78.852s][info][gc,reloc    ] GC(304) Medium Pages: 2 / 64M, Empty: 0M, Relocated: 18M, In-Place: 0
[78.852s][info][gc,reloc    ] GC(304) Large Pages: 5 / 30M, Empty: 24M, Relocated: 0M, In-Place: 0
[78.852s][info][gc,reloc    ] GC(304) Forwarding Usage: 20M
[78.852s][info][gc,heap     ] GC(304) Min Capacity: 8M(1%)
[78.852s][info][gc,heap     ] GC(304) Max Capacity: 1024M(100%)
[78.852s][info][gc,heap     ] GC(304) Soft Max Capacity: 1024M(100%)
[78.852s][info][gc,heap     ] GC(304)                Mark Start          Mark End        Relocate Start      Relocate End           High               Low         
[78.852s][info][gc,heap     ] GC(304)  Capacity:     1024M (100%)       1024M (100%)       1024M (100%)       1024M (100%)       1024M (100%)       1024M (100%)   
[78.852s][info][gc,heap     ] GC(304)      Free:      426M (42%)         220M (21%)         278M (27%)         526M (51%)         526M (51%)         210M (21%)    
[78.852s][info][gc,heap     ] GC(304)      Used:      598M (58%)         804M (79%)         746M (73%)         498M (49%)         814M (79%)         498M (49%)    
[78.852s][info][gc,heap     ] GC(304)      Live:         -               202M (20%)         202M (20%)         202M (20%)            -                  -          
[78.852s][info][gc,heap     ] GC(304) Allocated:         -               206M (20%)         236M (23%)         263M (26%)            -                  -          
[78.852s][info][gc,heap     ] GC(304)   Garbage:         -               395M (39%)         307M (30%)          32M (3%)             -                  -          
[78.852s][info][gc,heap     ] GC(304) Reclaimed:         -                  -                88M (9%)          363M (35%)            -                  -          
[78.852s][info][gc          ] GC(304) Garbage Collection (Allocation Rate) 598M(58%)->498M(49%)
[78.914s][info][gc,start    ] GC(305) Garbage Collection (Allocation Rate)
[78.914s][info][gc,task     ] GC(305) Using 10 workers
[78.914s][info][gc,phases   ] GC(305) Pause Mark Start 0.015ms
[79.023s][info][gc,phases   ] GC(305) Concurrent Mark 108.987ms
[79.024s][info][gc,phases   ] GC(305) Pause Mark End 0.028ms
[79.024s][info][gc,phases   ] GC(305) Concurrent Mark Free 0.001ms
[79.025s][info][gc,phases   ] GC(305) Concurrent Process Non-Strong References 1.831ms
[79.026s][info][gc,phases   ] GC(305) Concurrent Reset Relocation Set 0.019ms
[79.045s][info][gc,phases   ] GC(305) Concurrent Select Relocation Set 19.244ms
[79.045s][info][gc,phases   ] GC(305) Pause Relocate Start 0.009ms
[79.061s][info][gc,phases   ] GC(305) Concurrent Relocate 15.700ms
[79.061s][info][gc,load     ] GC(305) Load: 0.00/0.00/0.00
[79.061s][info][gc,mmu      ] GC(305) MMU: 2ms/96.1%, 5ms/98.4%, 10ms/99.2%, 20ms/99.6%, 50ms/99.8%, 100ms/99.9%
[79.061s][info][gc,marking  ] GC(305) Mark: 8 stripe(s), 2 proactive flush(es), 1 terminate flush(es), 0 completion(s), 0 continuation(s) 
[79.061s][info][gc,marking  ] GC(305) Mark Stack Usage: 32M
[79.061s][info][gc,nmethod  ] GC(305) NMethods: 6170 registered, 4394 unregistered
[79.061s][info][gc,metaspace] GC(305) Metaspace: 65M used, 65M committed, 1088M reserved
[79.061s][info][gc,ref      ] GC(305) Soft: 3240 encountered, 0 discovered, 0 enqueued
[79.061s][info][gc,ref      ] GC(305) Weak: 6437 encountered, 1010 discovered, 0 enqueued
[79.061s][info][gc,ref      ] GC(305) Final: 62 encountered, 2 discovered, 0 enqueued
[79.061s][info][gc,ref      ] GC(305) Phantom: 620 encountered, 490 discovered, 0 enqueued
[79.061s][info][gc,reloc    ] GC(305) Small Pages: 279 / 558M, Empty: 0M, Relocated: 25M, In-Place: 0
[79.061s][info][gc,reloc    ] GC(305) Medium Pages: 1 / 32M, Empty: 0M, Relocated: 0M, In-Place: 0
[79.061s][info][gc,reloc    ] GC(305) Large Pages: 4 / 24M, Empty: 0M, Relocated: 0M, In-Place: 0
[79.061s][info][gc,reloc    ] GC(305) Forwarding Usage: 26M
[79.061s][info][gc,heap     ] GC(305) Min Capacity: 8M(1%)
[79.061s][info][gc,heap     ] GC(305) Max Capacity: 1024M(100%)
[79.061s][info][gc,heap     ] GC(305) Soft Max Capacity: 1024M(100%)
[79.061s][info][gc,heap     ] GC(305)                Mark Start          Mark End        Relocate Start      Relocate End           High               Low         
[79.061s][info][gc,heap     ] GC(305)  Capacity:     1024M (100%)       1024M (100%)       1024M (100%)       1024M (100%)       1024M (100%)       1024M (100%)   
[79.061s][info][gc,heap     ] GC(305)      Free:      410M (40%)         222M (22%)         178M (17%)         500M (49%)         500M (49%)         158M (15%)    
[79.061s][info][gc,heap     ] GC(305)      Used:      614M (60%)         802M (78%)         846M (83%)         524M (51%)         866M (85%)         524M (51%)    
[79.061s][info][gc,heap     ] GC(305)      Live:         -               227M (22%)         227M (22%)         227M (22%)            -                  -          
[79.061s][info][gc,heap     ] GC(305) Allocated:         -               188M (18%)         232M (23%)         253M (25%)            -                  -          
[79.061s][info][gc,heap     ] GC(305)   Garbage:         -               386M (38%)         386M (38%)          42M (4%)             -                  -          
[79.061s][info][gc,heap     ] GC(305) Reclaimed:         -                  -                 0M (0%)          343M (34%)            -                  -          
[79.061s][info][gc          ] GC(305) Garbage Collection (Allocation Rate) 614M(60%)->524M(51%)
[79.117s][info][gc,start    ] GC(306) Garbage Collection (Allocation Rate)
[79.117s][info][gc,task     ] GC(306) Using 10 workers
[79.117s][info][gc,phases   ] GC(306) Pause Mark Start 0.013ms
[79.242s][info][gc,phases   ] GC(306) Concurrent Mark 124.559ms
[79.242s][info][gc,phases   ] GC(306) Pause Mark End 0.043ms
[79.242s][info][gc,phases   ] GC(306) Concurrent Mark Free 0.001ms
[79.244s][info][gc,phases   ] GC(306) Concurrent Process Non-Strong References 1.925ms
[79.244s][info][gc,phases   ] GC(306) Concurrent Reset Relocation Set 0.032ms
[79.248s][info][gc,phases   ] GC(306) Concurrent Select Relocation Set 3.741ms
[79.248s][info][gc,phases   ] GC(306) Pause Relocate Start 0.009ms
[79.261s][info][gc,phases   ] GC(306) Concurrent Relocate 12.289ms
[79.261s][info][gc,load     ] GC(306) Load: 0.00/0.00/0.00
[79.261s][info][gc,mmu      ] GC(306) MMU: 2ms/96.1%, 5ms/98.4%, 10ms/99.2%, 20ms/99.6%, 50ms/99.8%, 100ms/99.9%
[79.261s][info][gc,marking  ] GC(306) Mark: 8 stripe(s), 2 proactive flush(es), 1 terminate flush(es), 0 completion(s), 0 continuation(s) 
[79.261s][info][gc,marking  ] GC(306) Mark Stack Usage: 32M
[79.261s][info][gc,nmethod  ] GC(306) NMethods: 6174 registered, 4394 unregistered
[79.261s][info][gc,metaspace] GC(306) Metaspace: 65M used, 65M committed, 1088M reserved
[79.261s][info][gc,ref      ] GC(306) Soft: 3240 encountered, 0 discovered, 0 enqueued
[79.261s][info][gc,ref      ] GC(306) Weak: 6437 encountered, 463 discovered, 0 enqueued
[79.261s][info][gc,ref      ] GC(306) Final: 62 encountered, 2 discovered, 0 enqueued
[79.261s][info][gc,ref      ] GC(306) Phantom: 621 encountered, 559 discovered, 0 enqueued
[79.261s][info][gc,reloc    ] GC(306) Small Pages: 270 / 540M, Empty: 0M, Relocated: 20M, In-Place: 0
[79.261s][info][gc,reloc    ] GC(306) Medium Pages: 1 / 32M, Empty: 0M, Relocated: 0M, In-Place: 0
[79.261s][info][gc,reloc    ] GC(306) Large Pages: 6 / 44M, Empty: 0M, Relocated: 0M, In-Place: 0
[79.261s][info][gc,reloc    ] GC(306) Forwarding Usage: 20M
[79.261s][info][gc,heap     ] GC(306) Min Capacity: 8M(1%)
[79.261s][info][gc,heap     ] GC(306) Max Capacity: 1024M(100%)
[79.261s][info][gc,heap     ] GC(306) Soft Max Capacity: 1024M(100%)
[79.261s][info][gc,heap     ] GC(306)                Mark Start          Mark End        Relocate Start      Relocate End           High               Low         
[79.261s][info][gc,heap     ] GC(306)  Capacity:     1024M (100%)       1024M (100%)       1024M (100%)       1024M (100%)       1024M (100%)       1024M (100%)   
[79.261s][info][gc,heap     ] GC(306)      Free:      408M (40%)         244M (24%)         232M (23%)         520M (51%)         520M (51%)         212M (21%)    
[79.261s][info][gc,heap     ] GC(306)      Used:      616M (60%)         780M (76%)         792M (77%)         504M (49%)         812M (79%)         504M (49%)    
[79.261s][info][gc,heap     ] GC(306)      Live:         -               260M (25%)         260M (25%)         260M (25%)            -                  -          
[79.261s][info][gc,heap     ] GC(306) Allocated:         -               164M (16%)         176M (17%)         195M (19%)            -                  -          
[79.261s][info][gc,heap     ] GC(306)   Garbage:         -               355M (35%)         355M (35%)          48M (5%)             -                  -          
[79.261s][info][gc,heap     ] GC(306) Reclaimed:         -                  -                 0M (0%)          307M (30%)            -                  -          
[79.261s][info][gc          ] GC(306) Garbage Collection (Allocation Rate) 616M(60%)->504M(49%)
[79.305s][info][gc,start    ] GC(307) Garbage Collection (Allocation Rate)
[79.305s][info][gc,task     ] GC(307) Using 10 workers
[79.305s][info][gc,phases   ] GC(307) Pause Mark Start 0.015ms
[79.445s][info][gc,phases   ] GC(307) Concurrent Mark 140.236ms
[79.445s][info][gc,phases   ] GC(307) Pause Mark End 0.036ms
[79.445s][info][gc,phases   ] GC(307) Concurrent Mark Free 0.001ms
[79.447s][info][gc,phases   ] GC(307) Concurrent Process Non-Strong References 1.944ms
[79.447s][info][gc,phases   ] GC(307) Concurrent Reset Relocation Set 0.018ms
[79.451s][info][gc,phases   ] GC(307) Concurrent Select Relocation Set 3.369ms
[79.451s][info][gc,phases   ] GC(307) Pause Relocate Start 0.009ms
[79.465s][info][gc,phases   ] GC(307) Concurrent Relocate 14.089ms
[79.465s][info][gc,load     ] GC(307) Load: 0.00/0.00/0.00
[79.465s][info][gc,mmu      ] GC(307) MMU: 2ms/96.1%, 5ms/98.4%, 10ms/99.2%, 20ms/99.6%, 50ms/99.8%, 100ms/99.9%
[79.465s][info][gc,marking  ] GC(307) Mark: 8 stripe(s), 8 proactive flush(es), 1 terminate flush(es), 0 completion(s), 0 continuation(s) 
[79.465s][info][gc,marking  ] GC(307) Mark Stack Usage: 32M
[79.465s][info][gc,nmethod  ] GC(307) NMethods: 6174 registered, 4394 unregistered
[79.465s][info][gc,metaspace] GC(307) Metaspace: 65M used, 65M committed, 1088M reserved
[79.465s][info][gc,ref      ] GC(307) Soft: 3240 encountered, 0 discovered, 0 enqueued
[79.465s][info][gc,ref      ] GC(307) Weak: 6438 encountered, 1186 discovered, 1 enqueued
[79.465s][info][gc,ref      ] GC(307) Final: 62 encountered, 1 discovered, 0 enqueued
[79.465s][info][gc,ref      ] GC(307) Phantom: 620 encountered, 602 discovered, 0 enqueued
[79.465s][info][gc,reloc    ] GC(307) Small Pages: 245 / 490M, Empty: 0M, Relocated: 20M, In-Place: 0
[79.465s][info][gc,reloc    ] GC(307) Medium Pages: 1 / 32M, Empty: 0M, Relocated: 0M, In-Place: 0
[79.465s][info][gc,reloc    ] GC(307) Large Pages: 8 / 64M, Empty: 24M, Relocated: 0M, In-Place: 0
[79.466s][info][gc,reloc    ] GC(307) Forwarding Usage: 19M
[79.466s][info][gc,heap     ] GC(307) Min Capacity: 8M(1%)
[79.466s][info][gc,heap     ] GC(307) Max Capacity: 1024M(100%)
[79.466s][info][gc,heap     ] GC(307) Soft Max Capacity: 1024M(100%)
[79.466s][info][gc,heap     ] GC(307)                Mark Start          Mark End        Relocate Start      Relocate End           High               Low         
[79.466s][info][gc,heap     ] GC(307)  Capacity:     1024M (100%)       1024M (100%)       1024M (100%)       1024M (100%)       1024M (100%)       1024M (100%)   
[79.466s][info][gc,heap     ] GC(307)      Free:      438M (43%)         176M (17%)         190M (19%)         412M (40%)         438M (43%)         166M (16%)    
[79.466s][info][gc,heap     ] GC(307)      Used:      586M (57%)         848M (83%)         834M (81%)         612M (60%)         858M (84%)         586M (57%)    
[79.466s][info][gc,heap     ] GC(307)      Live:         -               263M (26%)         263M (26%)         263M (26%)            -                  -          
[79.466s][info][gc,heap     ] GC(307) Allocated:         -               262M (26%)         272M (27%)         293M (29%)            -                  -          
[79.466s][info][gc,heap     ] GC(307)   Garbage:         -               322M (31%)         298M (29%)          54M (5%)             -                  -          
[79.466s][info][gc,heap     ] GC(307) Reclaimed:         -                  -                24M (2%)          267M (26%)            -                  -          
[79.466s][info][gc          ] GC(307) Garbage Collection (Allocation Rate) 586M(57%)->612M(60%)
[79.508s][info][gc,start    ] GC(308) Garbage Collection (Allocation Rate)
[79.508s][info][gc,task     ] GC(308) Using 10 workers
[79.508s][info][gc,phases   ] GC(308) Pause Mark Start 0.012ms
[79.664s][info][gc,phases   ] GC(308) Concurrent Mark 155.851ms
[79.664s][info][gc,phases   ] GC(308) Pause Mark End 0.034ms
[79.664s][info][gc,phases   ] GC(308) Concurrent Mark Free 0.001ms
[79.666s][info][gc,phases   ] GC(308) Concurrent Process Non-Strong References 2.155ms
[79.666s][info][gc,phases   ] GC(308) Concurrent Reset Relocation Set 0.022ms
[79.670s][info][gc,phases   ] GC(308) Concurrent Select Relocation Set 3.163ms
[79.670s][info][gc,phases   ] GC(308) Pause Relocate Start 0.011ms
[79.689s][info][gc,phases   ] GC(308) Concurrent Relocate 18.819ms
[79.689s][info][gc,load     ] GC(308) Load: 0.00/0.00/0.00
[79.689s][info][gc,mmu      ] GC(308) MMU: 2ms/96.1%, 5ms/98.4%, 10ms/99.2%, 20ms/99.6%, 50ms/99.8%, 100ms/99.9%
[79.689s][info][gc,marking  ] GC(308) Mark: 8 stripe(s), 2 proactive flush(es), 1 terminate flush(es), 0 completion(s), 0 continuation(s) 
[79.689s][info][gc,marking  ] GC(308) Mark Stack Usage: 32M
[79.689s][info][gc,nmethod  ] GC(308) NMethods: 6174 registered, 4394 unregistered
[79.689s][info][gc,metaspace] GC(308) Metaspace: 65M used, 65M committed, 1088M reserved
[79.689s][info][gc,ref      ] GC(308) Soft: 3240 encountered, 0 discovered, 0 enqueued
[79.689s][info][gc,ref      ] GC(308) Weak: 6437 encountered, 2131 discovered, 0 enqueued
[79.689s][info][gc,ref      ] GC(308) Final: 62 encountered, 42 discovered, 0 enqueued
[79.689s][info][gc,ref      ] GC(308) Phantom: 620 encountered, 419 discovered, 0 enqueued
[79.689s][info][gc,reloc    ] GC(308) Small Pages: 309 / 618M, Empty: 0M, Relocated: 20M, In-Place: 0
[79.689s][info][gc,reloc    ] GC(308) Medium Pages: 1 / 32M, Empty: 0M, Relocated: 0M, In-Place: 0
[79.689s][info][gc,reloc    ] GC(308) Large Pages: 4 / 40M, Empty: 0M, Relocated: 0M, In-Place: 0
[79.689s][info][gc,reloc    ] GC(308) Forwarding Usage: 18M
[79.689s][info][gc,heap     ] GC(308) Min Capacity: 8M(1%)
[79.689s][info][gc,heap     ] GC(308) Max Capacity: 1024M(100%)
[79.689s][info][gc,heap     ] GC(308) Soft Max Capacity: 1024M(100%)
[79.689s][info][gc,heap     ] GC(308)                Mark Start          Mark End        Relocate Start      Relocate End           High               Low         
[79.689s][info][gc,heap     ] GC(308)  Capacity:     1024M (100%)       1024M (100%)       1024M (100%)       1024M (100%)       1024M (100%)       1024M (100%)   
[79.689s][info][gc,heap     ] GC(308)      Free:      334M (33%)          60M (6%)           52M (5%)          394M (38%)         400M (39%)          32M (3%)     
[79.689s][info][gc,heap     ] GC(308)      Used:      690M (67%)         964M (94%)         972M (95%)         630M (62%)         992M (97%)         624M (61%)    
[79.689s][info][gc,heap     ] GC(308)      Live:         -               274M (27%)         274M (27%)         274M (27%)            -                  -          
[79.689s][info][gc,heap     ] GC(308) Allocated:         -               274M (27%)         282M (28%)         303M (30%)            -                  -          
[79.689s][info][gc,heap     ] GC(308)   Garbage:         -               415M (41%)         415M (41%)          51M (5%)             -                  -          
[79.689s][info][gc,heap     ] GC(308) Reclaimed:         -                  -                 0M (0%)          363M (36%)            -                  -          
[79.689s][info][gc          ] GC(308) Garbage Collection (Allocation Rate) 690M(67%)->630M(62%)
[79.711s][info][gc,start    ] GC(309) Garbage Collection (Allocation Rate)
[79.711s][info][gc,task     ] GC(309) Using 10 workers
[79.711s][info][gc,phases   ] GC(309) Pause Mark Start 0.009ms
[79.867s][info][gc,phases   ] GC(309) Concurrent Mark 156.004ms
[79.867s][info][gc,phases   ] GC(309) Pause Mark End 0.024ms
[79.867s][info][gc,phases   ] GC(309) Concurrent Mark Free 0.001ms
[79.869s][info][gc,phases   ] GC(309) Concurrent Process Non-Strong References 1.898ms
[79.869s][info][gc,phases   ] GC(309) Concurrent Reset Relocation Set 0.027ms
[79.887s][info][gc,phases   ] GC(309) Concurrent Select Relocation Set 18.009ms
[79.887s][info][gc,phases   ] GC(309) Pause Relocate Start 0.009ms
[79.903s][info][gc,phases   ] GC(309) Concurrent Relocate 15.572ms
[79.903s][info][gc,load     ] GC(309) Load: 0.00/0.00/0.00
[79.903s][info][gc,mmu      ] GC(309) MMU: 2ms/96.1%, 5ms/98.4%, 10ms/99.2%, 20ms/99.6%, 50ms/99.8%, 100ms/99.9%
[79.903s][info][gc,marking  ] GC(309) Mark: 8 stripe(s), 2 proactive flush(es), 1 terminate flush(es), 0 completion(s), 0 continuation(s) 
[79.903s][info][gc,marking  ] GC(309) Mark Stack Usage: 32M
[79.903s][info][gc,nmethod  ] GC(309) NMethods: 6174 registered, 4394 unregistered
[79.903s][info][gc,metaspace] GC(309) Metaspace: 65M used, 65M committed, 1088M reserved
[79.903s][info][gc,ref      ] GC(309) Soft: 3240 encountered, 0 discovered, 0 enqueued
[79.903s][info][gc,ref      ] GC(309) Weak: 6437 encountered, 2077 discovered, 0 enqueued
[79.903s][info][gc,ref      ] GC(309) Final: 62 encountered, 0 discovered, 0 enqueued
[79.903s][info][gc,ref      ] GC(309) Phantom: 618 encountered, 457 discovered, 0 enqueued
[79.903s][info][gc,reloc    ] GC(309) Small Pages: 297 / 594M, Empty: 0M, Relocated: 20M, In-Place: 0
[79.903s][info][gc,reloc    ] GC(309) Medium Pages: 1 / 32M, Empty: 0M, Relocated: 0M, In-Place: 0
[79.903s][info][gc,reloc    ] GC(309) Large Pages: 4 / 40M, Empty: 0M, Relocated: 0M, In-Place: 0
[79.903s][info][gc,reloc    ] GC(309) Forwarding Usage: 18M
[79.903s][info][gc,heap     ] GC(309) Min Capacity: 8M(1%)
[79.903s][info][gc,heap     ] GC(309) Max Capacity: 1024M(100%)
[79.903s][info][gc,heap     ] GC(309) Soft Max Capacity: 1024M(100%)
[79.903s][info][gc,heap     ] GC(309)                Mark Start          Mark End        Relocate Start      Relocate End           High               Low         
[79.903s][info][gc,heap     ] GC(309)  Capacity:     1024M (100%)       1024M (100%)       1024M (100%)       1024M (100%)       1024M (100%)       1024M (100%)   
[79.903s][info][gc,heap     ] GC(309)      Free:      358M (35%)          92M (9%)           54M (5%)          358M (35%)         364M (36%)          36M (4%)     
[79.903s][info][gc,heap     ] GC(309)      Used:      666M (65%)         932M (91%)         970M (95%)         666M (65%)         988M (96%)         660M (64%)    
[79.903s][info][gc,heap     ] GC(309)      Live:         -               282M (28%)         282M (28%)         282M (28%)            -                  -          
[79.903s][info][gc,heap     ] GC(309) Allocated:         -               266M (26%)         304M (30%)         325M (32%)            -                  -          
[79.903s][info][gc,heap     ] GC(309)   Garbage:         -               383M (37%)         383M (37%)          57M (6%)             -                  -          
[79.903s][info][gc,heap     ] GC(309) Reclaimed:         -                  -                 0M (0%)          325M (32%)            -                  -          
[79.903s][info][gc          ] GC(309) Garbage Collection (Allocation Rate) 666M(65%)->666M(65%)
[79.914s][info][gc,start    ] GC(310) Garbage Collection (Allocation Rate)
[79.914s][info][gc,task     ] GC(310) Using 10 workers
[79.914s][info][gc,phases   ] GC(310) Pause Mark Start 0.010ms
[80.070s][info][gc,phases   ] GC(310) Concurrent Mark 155.923ms
[80.070s][info][gc,phases   ] GC(310) Pause Mark End 0.020ms
[80.070s][info][gc,phases   ] GC(310) Concurrent Mark Free 0.001ms
[80.072s][info][gc,phases   ] GC(310) Concurrent Process Non-Strong References 1.967ms
[80.072s][info][gc,phases   ] GC(310) Concurrent Reset Relocation Set 0.028ms
[80.092s][info][gc,phases   ] GC(310) Concurrent Select Relocation Set 19.342ms
[80.092s][info][gc,phases   ] GC(310) Pause Relocate Start 0.011ms
[80.108s][info][gc,phases   ] GC(310) Concurrent Relocate 16.358ms
[80.108s][info][gc,load     ] GC(310) Load: 0.00/0.00/0.00
[80.108s][info][gc,mmu      ] GC(310) MMU: 2ms/96.1%, 5ms/98.4%, 10ms/99.2%, 20ms/99.6%, 50ms/99.8%, 100ms/99.9%
[80.108s][info][gc,marking  ] GC(310) Mark: 8 stripe(s), 2 proactive flush(es), 1 terminate flush(es), 0 completion(s), 0 continuation(s) 
[80.108s][info][gc,marking  ] GC(310) Mark Stack Usage: 32M
[80.108s][info][gc,nmethod  ] GC(310) NMethods: 6174 registered, 4394 unregistered
[80.108s][info][gc,metaspace] GC(310) Metaspace: 65M used, 65M committed, 1088M reserved
[80.108s][info][gc,ref      ] GC(310) Soft: 3240 encountered, 0 discovered, 0 enqueued
[80.108s][info][gc,ref      ] GC(310) Weak: 6437 encountered, 966 discovered, 0 enqueued
[80.108s][info][gc,ref      ] GC(310) Final: 62 encountered, 0 discovered, 0 enqueued
[80.108s][info][gc,ref      ] GC(310) Phantom: 619 encountered, 547 discovered, 0 enqueued
[80.108s][info][gc,reloc    ] GC(310) Small Pages: 307 / 614M, Empty: 0M, Relocated: 20M, In-Place: 0
[80.108s][info][gc,reloc    ] GC(310) Medium Pages: 1 / 32M, Empty: 0M, Relocated: 0M, In-Place: 0
[80.108s][info][gc,reloc    ] GC(310) Large Pages: 4 / 40M, Empty: 0M, Relocated: 0M, In-Place: 0
[80.108s][info][gc,reloc    ] GC(310) Forwarding Usage: 18M
[80.108s][info][gc,heap     ] GC(310) Min Capacity: 8M(1%)
[80.108s][info][gc,heap     ] GC(310) Max Capacity: 1024M(100%)
[80.108s][info][gc,heap     ] GC(310) Soft Max Capacity: 1024M(100%)
[80.109s][info][gc,heap     ] GC(310)                Mark Start          Mark End        Relocate Start      Relocate End           High               Low         
[80.109s][info][gc,heap     ] GC(310)  Capacity:     1024M (100%)       1024M (100%)       1024M (100%)       1024M (100%)       1024M (100%)       1024M (100%)   
[80.109s][info][gc,heap     ] GC(310)      Free:      338M (33%)          72M (7%)           40M (4%)          356M (35%)         356M (35%)          14M (1%)     
[80.109s][info][gc,heap     ] GC(310)      Used:      686M (67%)         952M (93%)         984M (96%)         668M (65%)        1010M (99%)         668M (65%)    
[80.109s][info][gc,heap     ] GC(310)      Live:         -               290M (28%)         290M (28%)         290M (28%)            -                  -          
[80.109s][info][gc,heap     ] GC(310) Allocated:         -               266M (26%)         298M (29%)         315M (31%)            -                  -          
[80.109s][info][gc,heap     ] GC(310)   Garbage:         -               395M (39%)         395M (39%)          61M (6%)             -                  -          
[80.109s][info][gc,heap     ] GC(310) Reclaimed:         -                  -                 0M (0%)          333M (33%)            -                  -          
[80.109s][info][gc          ] GC(310) Garbage Collection (Allocation Rate) 686M(67%)->668M(65%)
[80.117s][info][gc,stats    ] === Garbage Collection Statistics =======================================================================================================================
[80.117s][info][gc,start    ] GC(311) Garbage Collection (Allocation Rate)
[80.117s][info][gc,stats    ]                                                              Last 10s              Last 10m              Last 10h                Total
[80.117s][info][gc,task     ] GC(311) Using 10 workers
[80.117s][info][gc,stats    ]                                                              Avg / Max             Avg / Max             Avg / Max             Avg / Max
[80.117s][info][gc,stats    ]   Collector: Garbage Collection Cycle                    156.006 / 238.868     156.604 / 1546.086    156.604 / 1546.086    156.604 / 1546.086    ms
[80.117s][info][gc,stats    ]  Contention: Mark Segment Reset Contention                    52 / 143              38 / 443              38 / 443              38 / 443         ops/s
[80.117s][info][gc,stats    ]  Contention: Mark SeqNum Reset Contention                      3 / 6                 2 / 9                 2 / 9                 2 / 9           ops/s
[80.117s][info][gc,stats    ]    Critical: Allocation Stall                                  0 / 0                 0 / 10                0 / 10                0 / 10          ops/s
[80.117s][info][gc,stats    ]    Critical: Allocation Stall                              0.000 / 0.000        51.769 / 105.181      51.769 / 105.181      51.769 / 105.181     ms
[80.117s][info][gc,stats    ]    Critical: GC Locker Stall                                   0 / 0                 0 / 1                 0 / 1                 0 / 1           ops/s
[80.117s][info][gc,phases   ] GC(311) Pause Mark Start 0.013ms
[80.117s][info][gc,stats    ]    Critical: GC Locker Stall                               0.000 / 0.000         0.001 / 0.001         0.001 / 0.001         0.001 / 0.001       ms
[80.117s][info][gc,stats    ]    Critical: Relocation Stall                                  0 / 0                 0 / 7                 0 / 7                 0 / 7           ops/s
[80.117s][info][gc,stats    ]    Critical: Relocation Stall                              0.000 / 0.000        10.268 / 15.155       10.268 / 15.155       10.268 / 15.155      ms
[80.117s][info][gc,stats    ]      Memory: Allocation Rate                                1239 / 1810           1008 / 2754           1008 / 2754           1008 / 2754        MB/s
[80.117s][info][gc,stats    ]      Memory: Defragment                                       23 / 89               13 / 110              13 / 110              13 / 110         ops/s
[80.117s][info][gc,stats    ]      Memory: Out Of Memory                                     0 / 0                 0 / 0                 0 / 0                 0 / 0           ops/s
[80.117s][info][gc,stats    ]      Memory: Page Cache Flush                                 99 / 346              66 / 380              66 / 380              66 / 380         MB/s
[80.117s][info][gc,stats    ]      Memory: Page Cache Hit L1                               614 / 928             498 / 1477            498 / 1477            498 / 1477        ops/s
[80.117s][info][gc,stats    ]      Memory: Page Cache Hit L2                                 0 / 0                 0 / 0                 0 / 0                 0 / 0           ops/s
[80.117s][info][gc,stats    ]      Memory: Page Cache Hit L3                                21 / 74               19 / 226              19 / 226              19 / 226         ops/s
[80.117s][info][gc,stats    ]      Memory: Page Cache Miss                                   2 / 18                2 / 25                2 / 25                2 / 25          ops/s
[80.117s][info][gc,stats    ]      Memory: Uncommit                                          0 / 0                 0 / 0                 0 / 0                 0 / 0           MB/s
[80.117s][info][gc,stats    ]      Memory: Undo Object Allocation Failed                    16 / 41               20 / 399              20 / 399              20 / 399         ops/s
[80.117s][info][gc,stats    ]      Memory: Undo Object Allocation Succeeded                 20 / 83               22 / 339              22 / 339              22 / 339         ops/s
[80.117s][info][gc,stats    ]      Memory: Undo Page Allocation                             33 / 77               25 / 116              25 / 116              25 / 116         ops/s
[80.117s][info][gc,stats    ]       Phase: Concurrent Mark                             127.498 / 187.212     127.305 / 1535.632    127.305 / 1535.632    127.305 / 1535.632    ms
[80.117s][info][gc,stats    ]       Phase: Concurrent Mark Continue                      0.000 / 0.000         0.000 / 0.000         0.000 / 0.000         0.000 / 0.000       ms
[80.118s][info][gc,stats    ]       Phase: Concurrent Mark Free                          0.001 / 0.002         0.001 / 0.002         0.001 / 0.002         0.001 / 0.002       ms
[80.118s][info][gc,stats    ]       Phase: Concurrent Process Non-Strong References      2.036 / 2.682         2.733 / 18.230        2.733 / 18.230        2.733 / 18.230      ms
[80.118s][info][gc,stats    ]       Phase: Concurrent Relocate                          14.806 / 30.698       14.107 / 82.400       14.107 / 82.400       14.107 / 82.400      ms
[80.118s][info][gc,stats    ]       Phase: Concurrent Reset Relocation Set               0.018 / 0.062         0.017 / 0.062         0.017 / 0.062         0.017 / 0.062       ms
[80.118s][info][gc,stats    ]       Phase: Concurrent Select Relocation Set             10.670 / 27.626       10.335 / 43.730       10.335 / 43.730       10.335 / 43.730      ms
[80.118s][info][gc,stats    ]       Phase: Pause Mark End                                0.027 / 0.043         0.024 / 0.059         0.024 / 0.059         0.024 / 0.059       ms
[80.118s][info][gc,stats    ]       Phase: Pause Mark Start                              0.013 / 0.017         0.014 / 0.079         0.014 / 0.079         0.014 / 0.079       ms
[80.118s][info][gc,stats    ]       Phase: Pause Relocate Start                          0.010 / 0.016         0.010 / 0.019         0.010 / 0.019         0.010 / 0.019       ms
[80.118s][info][gc,stats    ]    Subphase: Concurrent Classes Purge                      0.014 / 0.070         0.096 / 6.129         0.096 / 6.129         0.096 / 6.129       ms
[80.118s][info][gc,stats    ]    Subphase: Concurrent Classes Unlink                     1.426 / 1.990         2.054 / 16.835        2.054 / 16.835        2.054 / 16.835      ms
[80.118s][info][gc,stats    ]    Subphase: Concurrent Mark                             117.294 / 180.785     119.827 / 1532.438    119.827 / 1532.438    119.827 / 1532.438    ms
[80.118s][info][gc,stats    ]    Subphase: Concurrent Mark Try Flush                     0.189 / 8.969         0.131 / 8.969         0.131 / 8.969         0.131 / 8.969       ms
[80.118s][info][gc,stats    ]    Subphase: Concurrent Mark Try Terminate                 7.204 / 16.973        9.128 / 17.022        9.128 / 17.022        9.128 / 17.022      ms
[80.118s][info][gc,stats    ]    Subphase: Concurrent References Enqueue                 0.001 / 0.004         0.001 / 0.015         0.001 / 0.015         0.001 / 0.015       ms
[80.118s][info][gc,stats    ]    Subphase: Concurrent References Process                 0.116 / 0.293         0.124 / 0.389         0.124 / 0.389         0.124 / 0.389       ms
[80.118s][info][gc,stats    ]    Subphase: Concurrent Roots ClassLoaderDataGraph         0.098 / 0.647         0.095 / 0.786         0.095 / 0.786         0.095 / 0.786       ms
[80.118s][info][gc,stats    ]    Subphase: Concurrent Roots CodeCache                    0.000 / 0.000         0.000 / 0.000         0.000 / 0.000         0.000 / 0.000       ms
[80.118s][info][gc,stats    ]    Subphase: Concurrent Roots JavaThreads                  8.603 / 10.810        7.381 / 12.055        7.381 / 12.055        7.381 / 12.055      ms
[80.118s][info][gc,stats    ]    Subphase: Concurrent Roots OopStorageSet                0.033 / 0.049         0.028 / 0.343         0.028 / 0.343         0.028 / 0.343       ms
[80.118s][info][gc,stats    ]    Subphase: Concurrent Weak Roots OopStorageSet           0.212 / 0.309         0.232 / 1.280         0.232 / 1.280         0.232 / 1.280       ms
[80.118s][info][gc,stats    ]    Subphase: Pause Mark Try Complete                       0.000 / 0.000         0.002 / 0.005         0.002 / 0.005         0.002 / 0.005       ms
[80.118s][info][gc,stats    ]      System: Java Threads                                    275 / 280             189 / 280             189 / 280             189 / 280         threads
[80.118s][info][gc,stats    ] =========================================================================================================================================================
[80.289s][info][gc,phases   ] GC(311) Concurrent Mark 171.471ms
[80.289s][info][gc,phases   ] GC(311) Pause Mark End 0.027ms
[80.289s][info][gc,phases   ] GC(311) Concurrent Mark Free 0.001ms
[80.291s][info][gc,phases   ] GC(311) Concurrent Process Non-Strong References 1.957ms
[80.291s][info][gc,phases   ] GC(311) Concurrent Reset Relocation Set 0.026ms
[80.294s][info][gc,phases   ] GC(311) Concurrent Select Relocation Set 3.376ms
[80.295s][info][gc,phases   ] GC(311) Pause Relocate Start 0.011ms
[80.305s][info][gc,phases   ] GC(311) Concurrent Relocate 10.337ms
[80.305s][info][gc,load     ] GC(311) Load: 0.00/0.00/0.00
[80.305s][info][gc,mmu      ] GC(311) MMU: 2ms/96.1%, 5ms/98.4%, 10ms/99.2%, 20ms/99.6%, 50ms/99.8%, 100ms/99.9%
[80.305s][info][gc,marking  ] GC(311) Mark: 8 stripe(s), 2 proactive flush(es), 1 terminate flush(es), 0 completion(s), 0 continuation(s) 
[80.305s][info][gc,marking  ] GC(311) Mark Stack Usage: 32M
[80.305s][info][gc,nmethod  ] GC(311) NMethods: 6174 registered, 4394 unregistered
[80.305s][info][gc,metaspace] GC(311) Metaspace: 65M used, 65M committed, 1088M reserved
[80.305s][info][gc,ref      ] GC(311) Soft: 3240 encountered, 0 discovered, 0 enqueued
[80.305s][info][gc,ref      ] GC(311) Weak: 6437 encountered, 712 discovered, 0 enqueued
[80.305s][info][gc,ref      ] GC(311) Final: 62 encountered, 1 discovered, 0 enqueued
[80.305s][info][gc,ref      ] GC(311) Phantom: 619 encountered, 610 discovered, 0 enqueued
[80.305s][info][gc,reloc    ] GC(311) Small Pages: 304 / 608M, Empty: 0M, Relocated: 15M, In-Place: 0
[80.305s][info][gc,reloc    ] GC(311) Medium Pages: 1 / 32M, Empty: 0M, Relocated: 0M, In-Place: 0
[80.305s][info][gc,reloc    ] GC(311) Large Pages: 4 / 40M, Empty: 0M, Relocated: 0M, In-Place: 0
[80.305s][info][gc,reloc    ] GC(311) Forwarding Usage: 13M
[80.305s][info][gc,heap     ] GC(311) Min Capacity: 8M(1%)
[80.305s][info][gc,heap     ] GC(311) Max Capacity: 1024M(100%)
[80.305s][info][gc,heap     ] GC(311) Soft Max Capacity: 1024M(100%)
[80.305s][info][gc,heap     ] GC(311)                Mark Start          Mark End        Relocate Start      Relocate End           High               Low         
[80.305s][info][gc,heap     ] GC(311)  Capacity:     1024M (100%)       1024M (100%)       1024M (100%)       1024M (100%)       1024M (100%)       1024M (100%)   
[80.305s][info][gc,heap     ] GC(311)      Free:      344M (34%)         150M (15%)         150M (15%)         466M (46%)         466M (46%)         130M (13%)    
[80.305s][info][gc,heap     ] GC(311)      Used:      680M (66%)         874M (85%)         874M (85%)         558M (54%)         894M (87%)         558M (54%)    
[80.305s][info][gc,heap     ] GC(311)      Live:         -               297M (29%)         297M (29%)         297M (29%)            -                  -          
[80.305s][info][gc,heap     ] GC(311) Allocated:         -               194M (19%)         194M (19%)         195M (19%)            -                  -          
[80.305s][info][gc,heap     ] GC(311)   Garbage:         -               382M (37%)         382M (37%)          64M (6%)             -                  -          
[80.305s][info][gc,heap     ] GC(311) Reclaimed:         -                  -                 0M (0%)          317M (31%)            -                  -          
[80.305s][info][gc          ] GC(311) Garbage Collection (Allocation Rate) 680M(66%)->558M(54%)
[80.414s][info][gc,start    ] GC(312) Garbage Collection (Allocation Rate)
[80.414s][info][gc,task     ] GC(312) Using 10 workers
[80.414s][info][gc,phases   ] GC(312) Pause Mark Start 0.014ms
[80.586s][info][gc,phases   ] GC(312) Concurrent Mark 171.408ms
[80.586s][info][gc,phases   ] GC(312) Pause Mark End 0.028ms
[80.586s][info][gc,phases   ] GC(312) Concurrent Mark Free 0.001ms
[80.588s][info][gc,phases   ] GC(312) Concurrent Process Non-Strong References 2.099ms
[80.588s][info][gc,phases   ] GC(312) Concurrent Reset Relocation Set 0.028ms
[80.601s][info][gc,phases   ] GC(312) Concurrent Select Relocation Set 13.017ms
[80.601s][info][gc,phases   ] GC(312) Pause Relocate Start 0.010ms
[80.620s][info][gc,phases   ] GC(312) Concurrent Relocate 18.312ms
[80.620s][info][gc,load     ] GC(312) Load: 0.00/0.00/0.00
[80.620s][info][gc,mmu      ] GC(312) MMU: 2ms/96.1%, 5ms/98.4%, 10ms/99.2%, 20ms/99.6%, 50ms/99.8%, 100ms/99.9%
[80.620s][info][gc,marking  ] GC(312) Mark: 8 stripe(s), 3 proactive flush(es), 1 terminate flush(es), 0 completion(s), 0 continuation(s) 
[80.620s][info][gc,marking  ] GC(312) Mark Stack Usage: 32M
[80.620s][info][gc,nmethod  ] GC(312) NMethods: 6174 registered, 4394 unregistered
[80.620s][info][gc,metaspace] GC(312) Metaspace: 65M used, 65M committed, 1088M reserved
[80.620s][info][gc,ref      ] GC(312) Soft: 3240 encountered, 0 discovered, 0 enqueued
[80.620s][info][gc,ref      ] GC(312) Weak: 6437 encountered, 351 discovered, 0 enqueued
[80.620s][info][gc,ref      ] GC(312) Final: 62 encountered, 1 discovered, 0 enqueued
[80.620s][info][gc,ref      ] GC(312) Phantom: 617 encountered, 442 discovered, 0 enqueued
[80.620s][info][gc,reloc    ] GC(312) Small Pages: 227 / 454M, Empty: 0M, Relocated: 15M, In-Place: 0
[80.620s][info][gc,reloc    ] GC(312) Medium Pages: 2 / 64M, Empty: 0M, Relocated: 16M, In-Place: 0
[80.620s][info][gc,reloc    ] GC(312) Large Pages: 4 / 40M, Empty: 0M, Relocated: 0M, In-Place: 0
[80.620s][info][gc,reloc    ] GC(312) Forwarding Usage: 14M
[80.620s][info][gc,heap     ] GC(312) Min Capacity: 8M(1%)
[80.620s][info][gc,heap     ] GC(312) Max Capacity: 1024M(100%)
[80.620s][info][gc,heap     ] GC(312) Soft Max Capacity: 1024M(100%)
[80.620s][info][gc,heap     ] GC(312)                Mark Start          Mark End        Relocate Start      Relocate End           High               Low         
[80.620s][info][gc,heap     ] GC(312)  Capacity:     1024M (100%)       1024M (100%)       1024M (100%)       1024M (100%)       1024M (100%)       1024M (100%)   
[80.620s][info][gc,heap     ] GC(312)      Free:      466M (46%)         426M (42%)         424M (41%)         616M (60%)         616M (60%)         376M (37%)    
[80.620s][info][gc,heap     ] GC(312)      Used:      558M (54%)         598M (58%)         600M (59%)         408M (40%)         648M (63%)         408M (40%)    
[80.620s][info][gc,heap     ] GC(312)      Live:         -               306M (30%)         306M (30%)         306M (30%)            -                  -          
[80.620s][info][gc,heap     ] GC(312) Allocated:         -                40M (4%)           42M (4%)           41M (4%)             -                  -          
[80.620s][info][gc,heap     ] GC(312)   Garbage:         -               251M (25%)         251M (25%)          60M (6%)             -                  -          
[80.620s][info][gc,heap     ] GC(312) Reclaimed:         -                  -                 0M (0%)          191M (19%)            -                  -          
[80.620s][info][gc          ] GC(312) Garbage Collection (Allocation Rate) 558M(54%)->408M(40%)
[80.711s][info][gc,start    ] GC(313) Garbage Collection (Allocation Rate)
[80.711s][info][gc,task     ] GC(313) Using 10 workers
[80.711s][info][gc,phases   ] GC(313) Pause Mark Start 0.017ms
[80.851s][info][gc,phases   ] GC(313) Concurrent Mark 140.200ms
[80.851s][info][gc,phases   ] GC(313) Pause Mark End 0.026ms
[80.851s][info][gc,phases   ] GC(313) Concurrent Mark Free 0.001ms
[80.853s][info][gc,phases   ] GC(313) Concurrent Process Non-Strong References 2.031ms
[80.853s][info][gc,phases   ] GC(313) Concurrent Reset Relocation Set 0.016ms
[80.878s][info][gc,phases   ] GC(313) Concurrent Select Relocation Set 24.106ms
[80.878s][info][gc,phases   ] GC(313) Pause Relocate Start 0.013ms
[80.907s][info][gc,phases   ] GC(313) Concurrent Relocate 29.110ms
[80.907s][info][gc,load     ] GC(313) Load: 0.00/0.00/0.00
[80.907s][info][gc,mmu      ] GC(313) MMU: 2ms/96.1%, 5ms/98.4%, 10ms/99.2%, 20ms/99.6%, 50ms/99.8%, 100ms/99.9%
[80.907s][info][gc,marking  ] GC(313) Mark: 8 stripe(s), 2 proactive flush(es), 1 terminate flush(es), 0 completion(s), 0 continuation(s) 
[80.907s][info][gc,marking  ] GC(313) Mark Stack Usage: 32M
[80.907s][info][gc,nmethod  ] GC(313) NMethods: 6181 registered, 4394 unregistered
[80.907s][info][gc,metaspace] GC(313) Metaspace: 65M used, 65M committed, 1088M reserved
[80.907s][info][gc,ref      ] GC(313) Soft: 3237 encountered, 0 discovered, 0 enqueued
[80.907s][info][gc,ref      ] GC(313) Weak: 6431 encountered, 3150 discovered, 2 enqueued
[80.907s][info][gc,ref      ] GC(313) Final: 62 encountered, 17 discovered, 0 enqueued
[80.907s][info][gc,ref      ] GC(313) Phantom: 618 encountered, 608 discovered, 0 enqueued
[80.907s][info][gc,reloc    ] GC(313) Small Pages: 155 / 310M, Empty: 10M, Relocated: 59M, In-Place: 0
[80.907s][info][gc,reloc    ] GC(313) Medium Pages: 2 / 64M, Empty: 0M, Relocated: 15M, In-Place: 0
[80.907s][info][gc,reloc    ] GC(313) Large Pages: 4 / 40M, Empty: 10M, Relocated: 0M, In-Place: 0
[80.907s][info][gc,reloc    ] GC(313) Forwarding Usage: 54M
[80.907s][info][gc,heap     ] GC(313) Min Capacity: 8M(1%)
[80.907s][info][gc,heap     ] GC(313) Max Capacity: 1024M(100%)
[80.907s][info][gc,heap     ] GC(313) Soft Max Capacity: 1024M(100%)
[80.907s][info][gc,heap     ] GC(313)                Mark Start          Mark End        Relocate Start      Relocate End           High               Low         
[80.907s][info][gc,heap     ] GC(313)  Capacity:     1024M (100%)       1024M (100%)       1024M (100%)       1024M (100%)       1024M (100%)       1024M (100%)   
[80.908s][info][gc,heap     ] GC(313)      Free:      610M (60%)         580M (57%)         592M (58%)         672M (66%)         672M (66%)         544M (53%)    
[80.908s][info][gc,heap     ] GC(313)      Used:      414M (40%)         444M (43%)         432M (42%)         352M (34%)         480M (47%)         352M (34%)    
[80.908s][info][gc,heap     ] GC(313)      Live:         -               272M (27%)         272M (27%)         272M (27%)            -                  -          
[80.908s][info][gc,heap     ] GC(313) Allocated:         -                30M (3%)           38M (4%)           39M (4%)             -                  -          
[80.908s][info][gc,heap     ] GC(313)   Garbage:         -               141M (14%)         121M (12%)          40M (4%)             -                  -          
[80.908s][info][gc,heap     ] GC(313) Reclaimed:         -                  -                20M (2%)          101M (10%)            -                  -          
[80.908s][info][gc          ] GC(313) Garbage Collection (Allocation Rate) 414M(40%)->352M(34%)
[80.914s][info][gc,start    ] GC(314) Garbage Collection (Allocation Rate)
[80.914s][info][gc,task     ] GC(314) Using 10 workers
[80.914s][info][gc,phases   ] GC(314) Pause Mark Start 0.015ms
[81.024s][info][gc,phases   ] GC(314) Concurrent Mark 109.770ms
[81.024s][info][gc,phases   ] GC(314) Pause Mark End 0.019ms
[81.024s][info][gc,phases   ] GC(314) Concurrent Mark Free 0.001ms
[81.026s][info][gc,phases   ] GC(314) Concurrent Process Non-Strong References 2.148ms
[81.026s][info][gc,phases   ] GC(314) Concurrent Reset Relocation Set 0.015ms
[81.033s][info][gc,phases   ] GC(314) Concurrent Select Relocation Set 7.050ms
[81.033s][info][gc,phases   ] GC(314) Pause Relocate Start 0.009ms
[81.051s][info][gc,phases   ] GC(314) Concurrent Relocate 17.274ms
[81.051s][info][gc,load     ] GC(314) Load: 0.00/0.00/0.00
[81.051s][info][gc,mmu      ] GC(314) MMU: 2ms/96.1%, 5ms/98.4%, 10ms/99.2%, 20ms/99.6%, 50ms/99.8%, 100ms/99.9%
[81.051s][info][gc,marking  ] GC(314) Mark: 8 stripe(s), 6 proactive flush(es), 1 terminate flush(es), 0 completion(s), 0 continuation(s) 
[81.051s][info][gc,marking  ] GC(314) Mark Stack Usage: 32M
[81.051s][info][gc,nmethod  ] GC(314) NMethods: 6186 registered, 4425 unregistered
[81.051s][info][gc,metaspace] GC(314) Metaspace: 65M used, 65M committed, 1088M reserved
[81.051s][info][gc,ref      ] GC(314) Soft: 3233 encountered, 0 discovered, 0 enqueued
[81.051s][info][gc,ref      ] GC(314) Weak: 6437 encountered, 2750 discovered, 0 enqueued
[81.051s][info][gc,ref      ] GC(314) Final: 62 encountered, 24 discovered, 0 enqueued
[81.051s][info][gc,ref      ] GC(314) Phantom: 618 encountered, 607 discovered, 0 enqueued
[81.051s][info][gc,reloc    ] GC(314) Small Pages: 145 / 290M, Empty: 28M, Relocated: 25M, In-Place: 0
[81.051s][info][gc,reloc    ] GC(314) Medium Pages: 1 / 32M, Empty: 0M, Relocated: 0M, In-Place: 0
[81.051s][info][gc,reloc    ] GC(314) Large Pages: 3 / 30M, Empty: 20M, Relocated: 0M, In-Place: 0
[81.051s][info][gc,reloc    ] GC(314) Forwarding Usage: 21M
[81.051s][info][gc,heap     ] GC(314) Min Capacity: 8M(1%)
[81.051s][info][gc,heap     ] GC(314) Max Capacity: 1024M(100%)
[81.051s][info][gc,heap     ] GC(314) Soft Max Capacity: 1024M(100%)
[81.051s][info][gc,heap     ] GC(314)                Mark Start          Mark End        Relocate Start      Relocate End           High               Low         
[81.051s][info][gc,heap     ] GC(314)  Capacity:     1024M (100%)       1024M (100%)       1024M (100%)       1024M (100%)       1024M (100%)       1024M (100%)   
[81.051s][info][gc,heap     ] GC(314)      Free:      672M (66%)         592M (58%)         620M (61%)         658M (64%)         672M (66%)         580M (57%)    
[81.051s][info][gc,heap     ] GC(314)      Used:      352M (34%)         432M (42%)         404M (39%)         366M (36%)         444M (43%)         352M (34%)    
[81.051s][info][gc,heap     ] GC(314)      Live:         -               199M (19%)         199M (19%)         199M (19%)            -                  -          
[81.051s][info][gc,heap     ] GC(314) Allocated:         -                80M (8%)          100M (10%)         121M (12%)            -                  -          
[81.051s][info][gc,heap     ] GC(314)   Garbage:         -               152M (15%)         104M (10%)          44M (4%)             -                  -          
[81.051s][info][gc,heap     ] GC(314) Reclaimed:         -                  -                48M (5%)          107M (11%)            -                  -          
[81.051s][info][gc          ] GC(314) Garbage Collection (Allocation Rate) 352M(34%)->366M(36%)
[81.117s][info][gc,start    ] GC(315) Garbage Collection (Allocation Rate)
[81.118s][info][gc,task     ] GC(315) Using 10 workers
[81.118s][info][gc,phases   ] GC(315) Pause Mark Start 0.016ms
[81.211s][info][gc,phases   ] GC(315) Concurrent Mark 93.327ms
[81.211s][info][gc,phases   ] GC(315) Pause Mark End 0.021ms
[81.211s][info][gc,phases   ] GC(315) Concurrent Mark Free 0.001ms
[81.213s][info][gc,phases   ] GC(315) Concurrent Process Non-Strong References 1.985ms
[81.213s][info][gc,phases   ] GC(315) Concurrent Reset Relocation Set 0.009ms
[81.216s][info][gc,phases   ] GC(315) Concurrent Select Relocation Set 2.995ms
[81.216s][info][gc,phases   ] GC(315) Pause Relocate Start 0.008ms
[81.228s][info][gc,phases   ] GC(315) Concurrent Relocate 11.532ms
[81.228s][info][gc,load     ] GC(315) Load: 0.00/0.00/0.00
[81.228s][info][gc,mmu      ] GC(315) MMU: 2ms/96.1%, 5ms/98.4%, 10ms/99.2%, 20ms/99.6%, 50ms/99.8%, 100ms/99.9%
[81.228s][info][gc,marking  ] GC(315) Mark: 8 stripe(s), 2 proactive flush(es), 1 terminate flush(es), 0 completion(s), 0 continuation(s) 
[81.228s][info][gc,marking  ] GC(315) Mark Stack Usage: 32M
[81.228s][info][gc,nmethod  ] GC(315) NMethods: 6188 registered, 4430 unregistered
[81.228s][info][gc,metaspace] GC(315) Metaspace: 65M used, 65M committed, 1088M reserved
[81.228s][info][gc,ref      ] GC(315) Soft: 3238 encountered, 0 discovered, 0 enqueued
[81.228s][info][gc,ref      ] GC(315) Weak: 6645 encountered, 1925 discovered, 116 enqueued
[81.228s][info][gc,ref      ] GC(315) Final: 62 encountered, 7 discovered, 0 enqueued
[81.228s][info][gc,ref      ] GC(315) Phantom: 619 encountered, 607 discovered, 0 enqueued
[81.228s][info][gc,reloc    ] GC(315) Small Pages: 171 / 342M, Empty: 8M, Relocated: 20M, In-Place: 0
[81.228s][info][gc,reloc    ] GC(315) Medium Pages: 2 / 64M, Empty: 32M, Relocated: 0M, In-Place: 0
[81.228s][info][gc,reloc    ] GC(315) Large Pages: 6 / 40M, Empty: 16M, Relocated: 0M, In-Place: 0
[81.228s][info][gc,reloc    ] GC(315) Forwarding Usage: 20M
[81.228s][info][gc,heap     ] GC(315) Min Capacity: 8M(1%)
[81.228s][info][gc,heap     ] GC(315) Max Capacity: 1024M(100%)
[81.228s][info][gc,heap     ] GC(315) Soft Max Capacity: 1024M(100%)
[81.228s][info][gc,heap     ] GC(315)                Mark Start          Mark End        Relocate Start      Relocate End           High               Low         
[81.228s][info][gc,heap     ] GC(315)  Capacity:     1024M (100%)       1024M (100%)       1024M (100%)       1024M (100%)       1024M (100%)       1024M (100%)   
[81.228s][info][gc,heap     ] GC(315)      Free:      578M (56%)         522M (51%)         572M (56%)         706M (69%)         706M (69%)         514M (50%)    
[81.228s][info][gc,heap     ] GC(315)      Used:      446M (44%)         502M (49%)         452M (44%)         318M (31%)         510M (50%)         318M (31%)    
[81.228s][info][gc,heap     ] GC(315)      Live:         -               207M (20%)         207M (20%)         207M (20%)            -                  -          
[81.228s][info][gc,heap     ] GC(315) Allocated:         -                56M (5%)           62M (6%)           65M (6%)             -                  -          
[81.228s][info][gc,heap     ] GC(315)   Garbage:         -               238M (23%)         182M (18%)          44M (4%)             -                  -          
[81.228s][info][gc,heap     ] GC(315) Reclaimed:         -                  -                56M (5%)          193M (19%)            -                  -          
[81.228s][info][gc          ] GC(315) Garbage Collection (Allocation Rate) 446M(44%)->318M(31%)
[81.307s][info][gc,start    ] GC(316) Garbage Collection (Allocation Rate)
[81.307s][info][gc,task     ] GC(316) Using 10 workers
[81.307s][info][gc,phases   ] GC(316) Pause Mark Start 0.017ms
[81.388s][info][gc,phases   ] GC(316) Concurrent Mark 80.765ms
[81.388s][info][gc,phases   ] GC(316) Pause Mark End 0.025ms
[81.388s][info][gc,phases   ] GC(316) Concurrent Mark Free 0.001ms
[81.390s][info][gc,phases   ] GC(316) Concurrent Process Non-Strong References 1.854ms
[81.390s][info][gc,phases   ] GC(316) Concurrent Reset Relocation Set 0.016ms
[81.394s][info][gc,phases   ] GC(316) Concurrent Select Relocation Set 4.340ms
[81.394s][info][gc,phases   ] GC(316) Pause Relocate Start 0.008ms
[81.396s][info][gc,phases   ] GC(316) Concurrent Relocate 1.584ms
[81.396s][info][gc,load     ] GC(316) Load: 0.00/0.00/0.00
[81.396s][info][gc,mmu      ] GC(316) MMU: 2ms/96.1%, 5ms/98.4%, 10ms/99.2%, 20ms/99.6%, 50ms/99.8%, 100ms/99.9%
[81.396s][info][gc,marking  ] GC(316) Mark: 8 stripe(s), 2 proactive flush(es), 1 terminate flush(es), 0 completion(s), 0 continuation(s) 
[81.396s][info][gc,marking  ] GC(316) Mark Stack Usage: 32M
[81.396s][info][gc,nmethod  ] GC(316) NMethods: 6235 registered, 4430 unregistered
[81.396s][info][gc,metaspace] GC(316) Metaspace: 65M used, 65M committed, 1088M reserved
[81.396s][info][gc,ref      ] GC(316) Soft: 3232 encountered, 0 discovered, 0 enqueued
[81.396s][info][gc,ref      ] GC(316) Weak: 6539 encountered, 1934 discovered, 155 enqueued
[81.396s][info][gc,ref      ] GC(316) Final: 62 encountered, 5 discovered, 0 enqueued
[81.396s][info][gc,ref      ] GC(316) Phantom: 617 encountered, 497 discovered, 0 enqueued
[81.396s][info][gc,reloc    ] GC(316) Small Pages: 172 / 344M, Empty: 128M, Relocated: 3M, In-Place: 0
[81.396s][info][gc,reloc    ] GC(316) Medium Pages: 2 / 64M, Empty: 32M, Relocated: 0M, In-Place: 0
[81.396s][info][gc,reloc    ] GC(316) Large Pages: 4 / 24M, Empty: 24M, Relocated: 0M, In-Place: 0
[81.396s][info][gc,reloc    ] GC(316) Forwarding Usage: 1M
[81.396s][info][gc,heap     ] GC(316) Min Capacity: 8M(1%)
[81.396s][info][gc,heap     ] GC(316) Max Capacity: 1024M(100%)
[81.396s][info][gc,heap     ] GC(316) Soft Max Capacity: 1024M(100%)
[81.396s][info][gc,heap     ] GC(316)                Mark Start          Mark End        Relocate Start      Relocate End           High               Low         
[81.396s][info][gc,heap     ] GC(316)  Capacity:     1024M (100%)       1024M (100%)       1024M (100%)       1024M (100%)       1024M (100%)       1024M (100%)   
[81.396s][info][gc,heap     ] GC(316)      Free:      592M (58%)         456M (45%)         634M (62%)         668M (65%)         668M (65%)         456M (45%)    
[81.396s][info][gc,heap     ] GC(316)      Used:      432M (42%)         568M (55%)         390M (38%)         356M (35%)         568M (55%)         356M (35%)    
[81.396s][info][gc,heap     ] GC(316)      Live:         -               166M (16%)         166M (16%)         166M (16%)            -                  -          
[81.396s][info][gc,heap     ] GC(316) Allocated:         -               136M (13%)         142M (14%)         141M (14%)            -                  -          
[81.396s][info][gc,heap     ] GC(316)   Garbage:         -               265M (26%)          81M (8%)           47M (5%)             -                  -          
[81.396s][info][gc,heap     ] GC(316) Reclaimed:         -                  -               184M (18%)         217M (21%)            -                  -          
[81.396s][info][gc          ] GC(316) Garbage Collection (Allocation Rate) 432M(42%)->356M(35%)
[81.403s][info][gc,start    ] GC(317) Garbage Collection (Allocation Rate)
[81.403s][info][gc,task     ] GC(317) Using 10 workers
[81.403s][info][gc,phases   ] GC(317) Pause Mark Start 0.008ms
[81.497s][info][gc,phases   ] GC(317) Concurrent Mark 93.550ms
[81.497s][info][gc,phases   ] GC(317) Pause Mark End 0.041ms
[81.497s][info][gc,phases   ] GC(317) Concurrent Mark Free 0.001ms
[81.500s][info][gc,phases   ] GC(317) Concurrent Process Non-Strong References 2.346ms
[81.500s][info][gc,phases   ] GC(317) Concurrent Reset Relocation Set 0.003ms
[81.509s][info][gc,phases   ] GC(317) Concurrent Select Relocation Set 9.302ms
[81.509s][info][gc,phases   ] GC(317) Pause Relocate Start 0.011ms
[81.521s][info][gc,phases   ] GC(317) Concurrent Relocate 11.843ms
[81.521s][info][gc,load     ] GC(317) Load: 0.00/0.00/0.00
[81.521s][info][gc,mmu      ] GC(317) MMU: 2ms/96.1%, 5ms/98.4%, 10ms/99.2%, 20ms/99.6%, 50ms/99.8%, 100ms/99.9%
[81.521s][info][gc,marking  ] GC(317) Mark: 8 stripe(s), 2 proactive flush(es), 1 terminate flush(es), 0 completion(s), 0 continuation(s) 
[81.521s][info][gc,marking  ] GC(317) Mark Stack Usage: 32M
[81.521s][info][gc,nmethod  ] GC(317) NMethods: 6229 registered, 4440 unregistered
[81.521s][info][gc,metaspace] GC(317) Metaspace: 65M used, 65M committed, 1088M reserved
[81.521s][info][gc,ref      ] GC(317) Soft: 3236 encountered, 0 discovered, 0 enqueued
[81.522s][info][gc,ref      ] GC(317) Weak: 6548 encountered, 986 discovered, 157 enqueued
[81.522s][info][gc,ref      ] GC(317) Final: 62 encountered, 0 discovered, 0 enqueued
[81.522s][info][gc,ref      ] GC(317) Phantom: 621 encountered, 459 discovered, 0 enqueued
[81.522s][info][gc,reloc    ] GC(317) Small Pages: 146 / 292M, Empty: 0M, Relocated: 15M, In-Place: 0
[81.522s][info][gc,reloc    ] GC(317) Medium Pages: 2 / 64M, Empty: 0M, Relocated: 18M, In-Place: 0
[81.522s][info][gc,reloc    ] GC(317) Large Pages: 2 / 12M, Empty: 6M, Relocated: 0M, In-Place: 0
[81.522s][info][gc,reloc    ] GC(317) Forwarding Usage: 15M
[81.522s][info][gc,heap     ] GC(317) Min Capacity: 8M(1%)
[81.522s][info][gc,heap     ] GC(317) Max Capacity: 1024M(100%)
[81.522s][info][gc,heap     ] GC(317) Soft Max Capacity: 1024M(100%)
[81.522s][info][gc,heap     ] GC(317)                Mark Start          Mark End        Relocate Start      Relocate End           High               Low         
[81.522s][info][gc,heap     ] GC(317)  Capacity:     1024M (100%)       1024M (100%)       1024M (100%)       1024M (100%)       1024M (100%)       1024M (100%)   
[81.522s][info][gc,heap     ] GC(317)      Free:      656M (64%)         566M (55%)         564M (55%)         696M (68%)         696M (68%)         516M (50%)    
[81.522s][info][gc,heap     ] GC(317)      Used:      368M (36%)         458M (45%)         460M (45%)         328M (32%)         508M (50%)         328M (32%)    
[81.522s][info][gc,heap     ] GC(317)      Live:         -               193M (19%)         193M (19%)         193M (19%)            -                  -          
[81.522s][info][gc,heap     ] GC(317) Allocated:         -                90M (9%)           98M (10%)         101M (10%)            -                  -          
[81.522s][info][gc,heap     ] GC(317)   Garbage:         -               174M (17%)         168M (16%)          33M (3%)             -                  -          
[81.522s][info][gc,heap     ] GC(317) Reclaimed:         -                  -                 6M (1%)          141M (14%)            -                  -          
[81.522s][info][gc          ] GC(317) Garbage Collection (Allocation Rate) 368M(36%)->328M(32%)
[81.709s][info][gc,start    ] GC(318) Garbage Collection (Allocation Rate)
[81.709s][info][gc,task     ] GC(318) Using 10 workers
[81.709s][info][gc,phases   ] GC(318) Pause Mark Start 0.014ms
[81.805s][info][gc,phases   ] GC(318) Concurrent Mark 95.400ms
[81.805s][info][gc,phases   ] GC(318) Pause Mark End 0.031ms
[81.805s][info][gc,phases   ] GC(318) Concurrent Mark Free 0.001ms
[81.807s][info][gc,phases   ] GC(318) Concurrent Process Non-Strong References 2.242ms
[81.807s][info][gc,phases   ] GC(318) Concurrent Reset Relocation Set 0.015ms
[81.813s][info][gc,phases   ] GC(318) Concurrent Select Relocation Set 5.166ms
[81.813s][info][gc,phases   ] GC(318) Pause Relocate Start 0.009ms
[81.827s][info][gc,phases   ] GC(318) Concurrent Relocate 14.257ms
[81.827s][info][gc,load     ] GC(318) Load: 0.00/0.00/0.00
[81.827s][info][gc,mmu      ] GC(318) MMU: 2ms/96.1%, 5ms/98.4%, 10ms/99.2%, 20ms/99.6%, 50ms/99.8%, 100ms/99.9%
[81.827s][info][gc,marking  ] GC(318) Mark: 8 stripe(s), 2 proactive flush(es), 1 terminate flush(es), 0 completion(s), 0 continuation(s) 
[81.827s][info][gc,marking  ] GC(318) Mark Stack Usage: 32M
[81.827s][info][gc,nmethod  ] GC(318) NMethods: 6314 registered, 4447 unregistered
[81.827s][info][gc,metaspace] GC(318) Metaspace: 65M used, 65M committed, 1088M reserved
[81.827s][info][gc,ref      ] GC(318) Soft: 3236 encountered, 0 discovered, 0 enqueued
[81.827s][info][gc,ref      ] GC(318) Weak: 6608 encountered, 755 discovered, 141 enqueued
[81.827s][info][gc,ref      ] GC(318) Final: 62 encountered, 12 discovered, 0 enqueued
[81.827s][info][gc,ref      ] GC(318) Phantom: 621 encountered, 308 discovered, 0 enqueued
[81.827s][info][gc,reloc    ] GC(318) Small Pages: 241 / 482M, Empty: 192M, Relocated: 8M, In-Place: 0
[81.827s][info][gc,reloc    ] GC(318) Medium Pages: 2 / 64M, Empty: 0M, Relocated: 16M, In-Place: 0
[81.827s][info][gc,reloc    ] GC(318) Large Pages: 5 / 30M, Empty: 30M, Relocated: 0M, In-Place: 0
[81.827s][info][gc,reloc    ] GC(318) Forwarding Usage: 8M
[81.827s][info][gc,heap     ] GC(318) Min Capacity: 8M(1%)
[81.828s][info][gc,heap     ] GC(318) Max Capacity: 1024M(100%)
[81.828s][info][gc,heap     ] GC(318) Soft Max Capacity: 1024M(100%)
[81.828s][info][gc,heap     ] GC(318)                Mark Start          Mark End        Relocate Start      Relocate End           High               Low         
[81.828s][info][gc,heap     ] GC(318)  Capacity:     1024M (100%)       1024M (100%)       1024M (100%)       1024M (100%)       1024M (100%)       1024M (100%)   
[81.828s][info][gc,heap     ] GC(318)      Free:      448M (44%)         322M (31%)         536M (52%)         672M (66%)         672M (66%)         320M (31%)    
[81.828s][info][gc,heap     ] GC(318)      Used:      576M (56%)         702M (69%)         488M (48%)         352M (34%)         704M (69%)         352M (34%)    
[81.828s][info][gc,heap     ] GC(318)      Live:         -               179M (18%)         179M (18%)         179M (18%)            -                  -          
[81.828s][info][gc,heap     ] GC(318) Allocated:         -               126M (12%)         134M (13%)         137M (13%)            -                  -          
[81.828s][info][gc,heap     ] GC(318)   Garbage:         -               396M (39%)         174M (17%)          34M (3%)             -                  -          
[81.828s][info][gc,heap     ] GC(318) Reclaimed:         -                  -               222M (22%)         361M (35%)            -                  -          
[81.828s][info][gc          ] GC(318) Garbage Collection (Allocation Rate) 576M(56%)->352M(34%)
[81.914s][info][gc,start    ] GC(319) Garbage Collection (Allocation Rate)
[81.914s][info][gc,task     ] GC(319) Using 10 workers
[81.914s][info][gc,phases   ] GC(319) Pause Mark Start 0.016ms
[82.023s][info][gc,phases   ] GC(319) Concurrent Mark 108.991ms
[82.024s][info][gc,phases   ] GC(319) Pause Mark End 0.034ms
[82.024s][info][gc,phases   ] GC(319) Concurrent Mark Free 0.001ms
[82.026s][info][gc,phases   ] GC(319) Concurrent Process Non-Strong References 2.207ms
[82.026s][info][gc,phases   ] GC(319) Concurrent Reset Relocation Set 0.016ms
[82.041s][info][gc,phases   ] GC(319) Concurrent Select Relocation Set 15.380ms
[82.042s][info][gc,phases   ] GC(319) Pause Relocate Start 0.009ms
[82.061s][info][gc,phases   ] GC(319) Concurrent Relocate 18.909ms
[82.061s][info][gc,load     ] GC(319) Load: 0.00/0.00/0.00
[82.061s][info][gc,mmu      ] GC(319) MMU: 2ms/96.1%, 5ms/98.4%, 10ms/99.2%, 20ms/99.6%, 50ms/99.8%, 100ms/99.9%
[82.061s][info][gc,marking  ] GC(319) Mark: 8 stripe(s), 2 proactive flush(es), 1 terminate flush(es), 0 completion(s), 0 continuation(s) 
[82.061s][info][gc,marking  ] GC(319) Mark Stack Usage: 32M
[82.061s][info][gc,nmethod  ] GC(319) NMethods: 6317 registered, 4447 unregistered
[82.061s][info][gc,metaspace] GC(319) Metaspace: 65M used, 65M committed, 1088M reserved
[82.061s][info][gc,ref      ] GC(319) Soft: 3236 encountered, 0 discovered, 0 enqueued
[82.061s][info][gc,ref      ] GC(319) Weak: 6472 encountered, 506 discovered, 2 enqueued
[82.061s][info][gc,ref      ] GC(319) Final: 62 encountered, 0 discovered, 0 enqueued
[82.061s][info][gc,ref      ] GC(319) Phantom: 620 encountered, 580 discovered, 0 enqueued
[82.061s][info][gc,reloc    ] GC(319) Small Pages: 149 / 298M, Empty: 0M, Relocated: 26M, In-Place: 0
[82.061s][info][gc,reloc    ] GC(319) Medium Pages: 2 / 64M, Empty: 32M, Relocated: 0M, In-Place: 0
[82.061s][info][gc,reloc    ] GC(319) Large Pages: 4 / 24M, Empty: 0M, Relocated: 0M, In-Place: 0
[82.061s][info][gc,reloc    ] GC(319) Forwarding Usage: 27M
[82.061s][info][gc,heap     ] GC(319) Min Capacity: 8M(1%)
[82.061s][info][gc,heap     ] GC(319) Max Capacity: 1024M(100%)
[82.061s][info][gc,heap     ] GC(319) Soft Max Capacity: 1024M(100%)
[82.061s][info][gc,heap     ] GC(319)                Mark Start          Mark End        Relocate Start      Relocate End           High               Low         
[82.061s][info][gc,heap     ] GC(319)  Capacity:     1024M (100%)       1024M (100%)       1024M (100%)       1024M (100%)       1024M (100%)       1024M (100%)   
[82.061s][info][gc,heap     ] GC(319)      Free:      638M (62%)         560M (55%)         576M (56%)         664M (65%)         664M (65%)         556M (54%)    
[82.061s][info][gc,heap     ] GC(319)      Used:      386M (38%)         464M (45%)         448M (44%)         360M (35%)         468M (46%)         360M (35%)    
[82.061s][info][gc,heap     ] GC(319)      Live:         -               213M (21%)         213M (21%)         213M (21%)            -                  -          
[82.061s][info][gc,heap     ] GC(319) Allocated:         -                78M (8%)           94M (9%)          105M (10%)            -                  -          
[82.061s][info][gc,heap     ] GC(319)   Garbage:         -               172M (17%)         140M (14%)          41M (4%)             -                  -          
[82.061s][info][gc,heap     ] GC(319) Reclaimed:         -                  -                32M (3%)          131M (13%)            -                  -          
[82.061s][info][gc          ] GC(319) Garbage Collection (Allocation Rate) 386M(38%)->360M(35%)
[82.117s][info][gc,start    ] GC(320) Garbage Collection (Allocation Rate)
[82.117s][info][gc,task     ] GC(320) Using 10 workers
[82.118s][info][gc,phases   ] GC(320) Pause Mark Start 0.018ms
[82.218s][info][gc,phases   ] GC(320) Concurrent Mark 99.936ms
[82.218s][info][gc,phases   ] GC(320) Pause Mark End 0.029ms
[82.218s][info][gc,phases   ] GC(320) Concurrent Mark Free 0.001ms
[82.220s][info][gc,phases   ] GC(320) Concurrent Process Non-Strong References 2.084ms
[82.220s][info][gc,phases   ] GC(320) Concurrent Reset Relocation Set 0.023ms
[82.228s][info][gc,phases   ] GC(320) Concurrent Select Relocation Set 7.605ms
[82.228s][info][gc,phases   ] GC(320) Pause Relocate Start 0.009ms
[82.232s][info][gc,phases   ] GC(320) Concurrent Relocate 3.879ms
[82.232s][info][gc,load     ] GC(320) Load: 0.00/0.00/0.00
[82.232s][info][gc,mmu      ] GC(320) MMU: 2ms/96.1%, 5ms/98.4%, 10ms/99.2%, 20ms/99.6%, 50ms/99.8%, 100ms/99.9%
[82.232s][info][gc,marking  ] GC(320) Mark: 8 stripe(s), 2 proactive flush(es), 1 terminate flush(es), 0 completion(s), 0 continuation(s) 
[82.232s][info][gc,marking  ] GC(320) Mark Stack Usage: 32M
[82.232s][info][gc,nmethod  ] GC(320) NMethods: 6320 registered, 4448 unregistered
[82.232s][info][gc,metaspace] GC(320) Metaspace: 65M used, 66M committed, 1088M reserved
[82.232s][info][gc,ref      ] GC(320) Soft: 3240 encountered, 0 discovered, 0 enqueued
[82.232s][info][gc,ref      ] GC(320) Weak: 6470 encountered, 561 discovered, 0 enqueued
[82.232s][info][gc,ref      ] GC(320) Final: 62 encountered, 0 discovered, 0 enqueued
[82.232s][info][gc,ref      ] GC(320) Phantom: 632 encountered, 526 discovered, 0 enqueued
[82.232s][info][gc,reloc    ] GC(320) Small Pages: 172 / 344M, Empty: 70M, Relocated: 6M, In-Place: 0
[82.232s][info][gc,reloc    ] GC(320) Medium Pages: 1 / 32M, Empty: 0M, Relocated: 0M, In-Place: 0
[82.232s][info][gc,reloc    ] GC(320) Large Pages: 4 / 24M, Empty: 0M, Relocated: 0M, In-Place: 0
[82.232s][info][gc,reloc    ] GC(320) Forwarding Usage: 5M
[82.232s][info][gc,heap     ] GC(320) Min Capacity: 8M(1%)
[82.232s][info][gc,heap     ] GC(320) Max Capacity: 1024M(100%)
[82.232s][info][gc,heap     ] GC(320) Soft Max Capacity: 1024M(100%)
[82.232s][info][gc,heap     ] GC(320)                Mark Start          Mark End        Relocate Start      Relocate End           High               Low         
[82.232s][info][gc,heap     ] GC(320)  Capacity:     1024M (100%)       1024M (100%)       1024M (100%)       1024M (100%)       1024M (100%)       1024M (100%)   
[82.232s][info][gc,heap     ] GC(320)      Free:      624M (61%)         588M (57%)         656M (64%)         722M (71%)         722M (71%)         586M (57%)    
[82.232s][info][gc,heap     ] GC(320)      Used:      400M (39%)         436M (43%)         368M (36%)         302M (29%)         438M (43%)         302M (29%)    
[82.233s][info][gc,heap     ] GC(320)      Live:         -               215M (21%)         215M (21%)         215M (21%)            -                  -          
[82.233s][info][gc,heap     ] GC(320) Allocated:         -                36M (4%)           38M (4%)           37M (4%)             -                  -          
[82.233s][info][gc,heap     ] GC(320)   Garbage:         -               184M (18%)         114M (11%)          48M (5%)             -                  -          
[82.233s][info][gc,heap     ] GC(320) Reclaimed:         -                  -                70M (7%)          135M (13%)            -                  -          
[82.233s][info][gc          ] GC(320) Garbage Collection (Allocation Rate) 400M(39%)->302M(29%)
[82.418s][info][gc,start    ] GC(321) Garbage Collection (Allocation Rate)
[82.418s][info][gc,task     ] GC(321) Using 9 workers
[82.418s][info][gc,phases   ] GC(321) Pause Mark Start 0.016ms
[82.512s][info][gc,phases   ] GC(321) Concurrent Mark 93.338ms
[82.512s][info][gc,phases   ] GC(321) Pause Mark End 0.019ms
[82.512s][info][gc,phases   ] GC(321) Concurrent Mark Free 0.001ms
[82.514s][info][gc,phases   ] GC(321) Concurrent Process Non-Strong References 1.978ms
[82.514s][info][gc,phases   ] GC(321) Concurrent Reset Relocation Set 0.007ms
[82.525s][info][gc,phases   ] GC(321) Concurrent Select Relocation Set 11.356ms
[82.526s][info][gc,phases   ] GC(321) Pause Relocate Start 0.009ms
[82.538s][info][gc,phases   ] GC(321) Concurrent Relocate 12.693ms
[82.538s][info][gc,load     ] GC(321) Load: 0.00/0.00/0.00
[82.538s][info][gc,mmu      ] GC(321) MMU: 2ms/96.1%, 5ms/98.4%, 10ms/99.2%, 20ms/99.6%, 50ms/99.8%, 100ms/99.9%
[82.538s][info][gc,marking  ] GC(321) Mark: 8 stripe(s), 2 proactive flush(es), 1 terminate flush(es), 0 completion(s), 0 continuation(s) 
[82.538s][info][gc,marking  ] GC(321) Mark Stack Usage: 32M
[82.538s][info][gc,nmethod  ] GC(321) NMethods: 6328 registered, 4452 unregistered
[82.538s][info][gc,metaspace] GC(321) Metaspace: 65M used, 66M committed, 1088M reserved
[82.538s][info][gc,ref      ] GC(321) Soft: 3236 encountered, 0 discovered, 0 enqueued
[82.538s][info][gc,ref      ] GC(321) Weak: 6535 encountered, 1805 discovered, 93 enqueued
[82.538s][info][gc,ref      ] GC(321) Final: 62 encountered, 3 discovered, 0 enqueued
[82.538s][info][gc,ref      ] GC(321) Phantom: 620 encountered, 547 discovered, 0 enqueued
[82.539s][info][gc,reloc    ] GC(321) Small Pages: 261 / 522M, Empty: 48M, Relocated: 21M, In-Place: 0
[82.539s][info][gc,reloc    ] GC(321) Medium Pages: 2 / 64M, Empty: 0M, Relocated: 14M, In-Place: 0
[82.539s][info][gc,reloc    ] GC(321) Large Pages: 5 / 30M, Empty: 30M, Relocated: 0M, In-Place: 0
[82.539s][info][gc,reloc    ] GC(321) Forwarding Usage: 19M
[82.539s][info][gc,heap     ] GC(321) Min Capacity: 8M(1%)
[82.539s][info][gc,heap     ] GC(321) Max Capacity: 1024M(100%)
[82.539s][info][gc,heap     ] GC(321) Soft Max Capacity: 1024M(100%)
[82.539s][info][gc,heap     ] GC(321)                Mark Start          Mark End        Relocate Start      Relocate End           High               Low         
[82.539s][info][gc,heap     ] GC(321)  Capacity:     1024M (100%)       1024M (100%)       1024M (100%)       1024M (100%)       1024M (100%)       1024M (100%)   
[82.539s][info][gc,heap     ] GC(321)      Free:      408M (40%)         124M (12%)         168M (16%)         456M (45%)         456M (45%)         108M (11%)    
[82.539s][info][gc,heap     ] GC(321)      Used:      616M (60%)         900M (88%)         856M (84%)         568M (55%)         916M (89%)         568M (55%)    
[82.539s][info][gc,heap     ] GC(321)      Live:         -               189M (19%)         189M (19%)         189M (19%)            -                  -          
[82.539s][info][gc,heap     ] GC(321) Allocated:         -               284M (28%)         318M (31%)         339M (33%)            -                  -          
[82.539s][info][gc,heap     ] GC(321)   Garbage:         -               426M (42%)         348M (34%)          38M (4%)             -                  -          
[82.539s][info][gc,heap     ] GC(321) Reclaimed:         -                  -                78M (8%)          387M (38%)            -                  -          
[82.539s][info][gc          ] GC(321) Garbage Collection (Allocation Rate) 616M(60%)->568M(55%)
[82.606s][info][gc,start    ] GC(322) Garbage Collection (Allocation Rate)
[82.606s][info][gc,task     ] GC(322) Using 10 workers
[82.606s][info][gc,phases   ] GC(322) Pause Mark Start 0.009ms
[82.731s][info][gc,phases   ] GC(322) Concurrent Mark 124.551ms
[82.731s][info][gc,phases   ] GC(322) Pause Mark End 0.025ms
[82.731s][info][gc,phases   ] GC(322) Concurrent Mark Free 0.001ms
[82.733s][info][gc,phases   ] GC(322) Concurrent Process Non-Strong References 2.118ms
[82.733s][info][gc,phases   ] GC(322) Concurrent Reset Relocation Set 0.024ms
[82.767s][info][gc,phases   ] GC(322) Concurrent Select Relocation Set 33.906ms
[82.767s][info][gc,phases   ] GC(322) Pause Relocate Start 0.011ms
[82.802s][info][gc,phases   ] GC(322) Concurrent Relocate 34.695ms
[82.802s][info][gc,load     ] GC(322) Load: 0.00/0.00/0.00
[82.802s][info][gc,mmu      ] GC(322) MMU: 2ms/96.1%, 5ms/98.4%, 10ms/99.2%, 20ms/99.6%, 50ms/99.8%, 100ms/99.9%
[82.802s][info][gc,marking  ] GC(322) Mark: 8 stripe(s), 2 proactive flush(es), 1 terminate flush(es), 0 completion(s), 0 continuation(s) 
[82.802s][info][gc,marking  ] GC(322) Mark Stack Usage: 32M
[82.802s][info][gc,nmethod  ] GC(322) NMethods: 6329 registered, 4453 unregistered
[82.802s][info][gc,metaspace] GC(322) Metaspace: 65M used, 66M committed, 1088M reserved
[82.802s][info][gc,ref      ] GC(322) Soft: 3236 encountered, 0 discovered, 0 enqueued
[82.802s][info][gc,ref      ] GC(322) Weak: 6444 encountered, 1214 discovered, 2 enqueued
[82.802s][info][gc,ref      ] GC(322) Final: 62 encountered, 1 discovered, 0 enqueued
[82.802s][info][gc,ref      ] GC(322) Phantom: 617 encountered, 585 discovered, 0 enqueued
[82.802s][info][gc,reloc    ] GC(322) Small Pages: 324 / 648M, Empty: 0M, Relocated: 57M, In-Place: 0
[82.802s][info][gc,reloc    ] GC(322) Medium Pages: 2 / 64M, Empty: 0M, Relocated: 13M, In-Place: 0
[82.802s][info][gc,reloc    ] GC(322) Large Pages: 3 / 18M, Empty: 0M, Relocated: 0M, In-Place: 0
[82.802s][info][gc,reloc    ] GC(322) Forwarding Usage: 55M
[82.802s][info][gc,heap     ] GC(322) Min Capacity: 8M(1%)
[82.802s][info][gc,heap     ] GC(322) Max Capacity: 1024M(100%)
[82.802s][info][gc,heap     ] GC(322) Soft Max Capacity: 1024M(100%)
[82.802s][info][gc,heap     ] GC(322)                Mark Start          Mark End        Relocate Start      Relocate End           High               Low         
[82.802s][info][gc,heap     ] GC(322)  Capacity:     1024M (100%)       1024M (100%)       1024M (100%)       1024M (100%)       1024M (100%)       1024M (100%)   
[82.802s][info][gc,heap     ] GC(322)      Free:      294M (29%)         260M (25%)         246M (24%)         670M (65%)         670M (65%)         198M (19%)    
[82.802s][info][gc,heap     ] GC(322)      Used:      730M (71%)         764M (75%)         778M (76%)         354M (35%)         826M (81%)         354M (35%)    
[82.802s][info][gc,heap     ] GC(322)      Live:         -               260M (25%)         260M (25%)         260M (25%)            -                  -          
[82.802s][info][gc,heap     ] GC(322) Allocated:         -                34M (3%)           48M (5%)           49M (5%)             -                  -          
[82.802s][info][gc,heap     ] GC(322)   Garbage:         -               469M (46%)         469M (46%)          44M (4%)             -                  -          
[82.802s][info][gc,heap     ] GC(322) Reclaimed:         -                  -                 0M (0%)          425M (42%)            -                  -          
[82.802s][info][gc          ] GC(322) Garbage Collection (Allocation Rate) 730M(71%)->354M(35%)
[82.809s][info][gc,start    ] GC(323) Garbage Collection (Allocation Rate)
[82.809s][info][gc,task     ] GC(323) Using 10 workers
[82.809s][info][gc,phases   ] GC(323) Pause Mark Start 0.015ms
[82.934s][info][gc,phases   ] GC(323) Concurrent Mark 124.763ms
[82.934s][info][gc,phases   ] GC(323) Pause Mark End 0.021ms
[82.934s][info][gc,phases   ] GC(323) Concurrent Mark Free 0.001ms
[82.936s][info][gc,phases   ] GC(323) Concurrent Process Non-Strong References 1.936ms
[82.936s][info][gc,phases   ] GC(323) Concurrent Reset Relocation Set 0.042ms
[82.946s][info][gc,phases   ] GC(323) Concurrent Select Relocation Set 10.171ms
[82.946s][info][gc,phases   ] GC(323) Pause Relocate Start 0.009ms
[82.960s][info][gc,phases   ] GC(323) Concurrent Relocate 13.983ms
[82.960s][info][gc,load     ] GC(323) Load: 0.00/0.00/0.00
[82.960s][info][gc,mmu      ] GC(323) MMU: 2ms/96.1%, 5ms/98.4%, 10ms/99.2%, 20ms/99.6%, 50ms/99.8%, 100ms/99.9%
[82.960s][info][gc,marking  ] GC(323) Mark: 8 stripe(s), 2 proactive flush(es), 1 terminate flush(es), 0 completion(s), 0 continuation(s) 
[82.960s][info][gc,marking  ] GC(323) Mark Stack Usage: 32M
[82.960s][info][gc,nmethod  ] GC(323) NMethods: 6334 registered, 4455 unregistered
[82.960s][info][gc,metaspace] GC(323) Metaspace: 65M used, 66M committed, 1088M reserved
[82.960s][info][gc,ref      ] GC(323) Soft: 3236 encountered, 0 discovered, 0 enqueued
[82.960s][info][gc,ref      ] GC(323) Weak: 6438 encountered, 882 discovered, 0 enqueued
[82.960s][info][gc,ref      ] GC(323) Final: 62 encountered, 3 discovered, 0 enqueued
[82.960s][info][gc,ref      ] GC(323) Phantom: 617 encountered, 405 discovered, 0 enqueued
[82.961s][info][gc,reloc    ] GC(323) Small Pages: 137 / 274M, Empty: 12M, Relocated: 10M, In-Place: 0
[82.961s][info][gc,reloc    ] GC(323) Medium Pages: 2 / 64M, Empty: 0M, Relocated: 14M, In-Place: 0
[82.961s][info][gc,reloc    ] GC(323) Large Pages: 3 / 18M, Empty: 6M, Relocated: 0M, In-Place: 0
[82.961s][info][gc,reloc    ] GC(323) Forwarding Usage: 7M
[82.961s][info][gc,heap     ] GC(323) Min Capacity: 8M(1%)
[82.961s][info][gc,heap     ] GC(323) Max Capacity: 1024M(100%)
[82.961s][info][gc,heap     ] GC(323) Soft Max Capacity: 1024M(100%)
[82.961s][info][gc,heap     ] GC(323)                Mark Start          Mark End        Relocate Start      Relocate End           High               Low         
[82.961s][info][gc,heap     ] GC(323)  Capacity:     1024M (100%)       1024M (100%)       1024M (100%)       1024M (100%)       1024M (100%)       1024M (100%)   
[82.961s][info][gc,heap     ] GC(323)      Free:      668M (65%)         564M (55%)         580M (57%)         628M (61%)         668M (65%)         532M (52%)    
[82.961s][info][gc,heap     ] GC(323)      Used:      356M (35%)         460M (45%)         444M (43%)         396M (39%)         492M (48%)         356M (35%)    
[82.961s][info][gc,heap     ] GC(323)      Live:         -               241M (24%)         241M (24%)         241M (24%)            -                  -          
[82.961s][info][gc,heap     ] GC(323) Allocated:         -               104M (10%)         106M (10%)         105M (10%)            -                  -          
[82.961s][info][gc,heap     ] GC(323)   Garbage:         -               114M (11%)          96M (9%)           48M (5%)             -                  -          
[82.961s][info][gc,heap     ] GC(323) Reclaimed:         -                  -                18M (2%)           65M (6%)             -                  -          
[82.961s][info][gc          ] GC(323) Garbage Collection (Allocation Rate) 356M(35%)->396M(39%)
[83.011s][info][gc,start    ] GC(324) Garbage Collection (Allocation Rate)
[83.012s][info][gc,task     ] GC(324) Using 10 workers
[83.012s][info][gc,phases   ] GC(324) Pause Mark Start 0.018ms
[83.130s][info][gc,phases   ] GC(324) Concurrent Mark 118.110ms
[83.131s][info][gc,phases   ] GC(324) Pause Mark End 0.038ms
[83.131s][info][gc,phases   ] GC(324) Concurrent Mark Free 0.001ms
[83.141s][info][gc,phases   ] GC(324) Concurrent Process Non-Strong References 10.718ms
[83.142s][info][gc,phases   ] GC(324) Concurrent Reset Relocation Set 0.004ms
[83.165s][info][gc,phases   ] GC(324) Concurrent Select Relocation Set 23.634ms
[83.165s][info][gc,phases   ] GC(324) Pause Relocate Start 0.016ms
[83.190s][info][gc,phases   ] GC(324) Concurrent Relocate 24.077ms
[83.190s][info][gc,load     ] GC(324) Load: 0.00/0.00/0.00
[83.190s][info][gc,mmu      ] GC(324) MMU: 2ms/96.1%, 5ms/98.4%, 10ms/99.2%, 20ms/99.6%, 50ms/99.8%, 100ms/99.9%
[83.190s][info][gc,marking  ] GC(324) Mark: 8 stripe(s), 2 proactive flush(es), 1 terminate flush(es), 0 completion(s), 0 continuation(s) 
[83.190s][info][gc,marking  ] GC(324) Mark Stack Usage: 32M
[83.190s][info][gc,nmethod  ] GC(324) NMethods: 6359 registered, 4455 unregistered
[83.190s][info][gc,metaspace] GC(324) Metaspace: 65M used, 66M committed, 1088M reserved
[83.190s][info][gc,ref      ] GC(324) Soft: 3235 encountered, 0 discovered, 0 enqueued
[83.190s][info][gc,ref      ] GC(324) Weak: 6430 encountered, 1038 discovered, 1 enqueued
[83.190s][info][gc,ref      ] GC(324) Final: 62 encountered, 1 discovered, 0 enqueued
[83.190s][info][gc,ref      ] GC(324) Phantom: 617 encountered, 399 discovered, 0 enqueued
[83.190s][info][gc,reloc    ] GC(324) Small Pages: 141 / 282M, Empty: 24M, Relocated: 34M, In-Place: 0
[83.190s][info][gc,reloc    ] GC(324) Medium Pages: 4 / 128M, Empty: 0M, Relocated: 26M, In-Place: 0
[83.190s][info][gc,reloc    ] GC(324) Large Pages: 8 / 48M, Empty: 24M, Relocated: 0M, In-Place: 0
[83.190s][info][gc,reloc    ] GC(324) Forwarding Usage: 35M
[83.190s][info][gc,heap     ] GC(324) Min Capacity: 8M(1%)
[83.190s][info][gc,heap     ] GC(324) Max Capacity: 1024M(100%)
[83.190s][info][gc,heap     ] GC(324) Soft Max Capacity: 1024M(100%)
[83.190s][info][gc,heap     ] GC(324)                Mark Start          Mark End        Relocate Start      Relocate End           High               Low         
[83.190s][info][gc,heap     ] GC(324)  Capacity:     1024M (100%)       1024M (100%)       1024M (100%)       1024M (100%)       1024M (100%)       1024M (100%)   
[83.190s][info][gc,heap     ] GC(324)      Free:      566M (55%)         304M (30%)         268M (26%)         404M (39%)         566M (55%)         226M (22%)    
[83.190s][info][gc,heap     ] GC(324)      Used:      458M (45%)         720M (70%)         756M (74%)         620M (61%)         798M (78%)         458M (45%)    
[83.190s][info][gc,heap     ] GC(324)      Live:         -               238M (23%)         238M (23%)         238M (23%)            -                  -          
[83.190s][info][gc,heap     ] GC(324) Allocated:         -               262M (26%)         346M (34%)         360M (35%)            -                  -          
[83.190s][info][gc,heap     ] GC(324)   Garbage:         -               219M (21%)         171M (17%)          21M (2%)             -                  -          
[83.190s][info][gc,heap     ] GC(324) Reclaimed:         -                  -                48M (5%)          198M (19%)            -                  -          
[83.190s][info][gc          ] GC(324) Garbage Collection (Allocation Rate) 458M(45%)->620M(61%)
[83.204s][info][gc,start    ] GC(325) Garbage Collection (Allocation Rate)
[83.204s][info][gc,task     ] GC(325) Using 10 workers
[83.220s][info][gc,phases   ] GC(325) Pause Mark Start 0.017ms
[83.329s][info][gc,phases   ] GC(325) Concurrent Mark 109.134ms
[83.329s][info][gc,phases   ] GC(325) Pause Mark End 0.064ms
[83.329s][info][gc,phases   ] GC(325) Concurrent Mark Free 0.001ms
[83.332s][info][gc,phases   ] GC(325) Concurrent Process Non-Strong References 2.438ms
[83.332s][info][gc,phases   ] GC(325) Concurrent Reset Relocation Set 0.013ms
[83.337s][info][gc,phases   ] GC(325) Concurrent Select Relocation Set 4.588ms
[83.337s][info][gc,phases   ] GC(325) Pause Relocate Start 0.012ms
[83.361s][info][gc,phases   ] GC(325) Concurrent Relocate 23.836ms
[83.361s][info][gc,load     ] GC(325) Load: 0.00/0.00/0.00
[83.361s][info][gc,mmu      ] GC(325) MMU: 2ms/96.1%, 5ms/98.4%, 10ms/99.2%, 20ms/99.6%, 50ms/99.8%, 100ms/99.9%
[83.361s][info][gc,marking  ] GC(325) Mark: 8 stripe(s), 2 proactive flush(es), 1 terminate flush(es), 1 completion(s), 0 continuation(s) 
[83.361s][info][gc,marking  ] GC(325) Mark Stack Usage: 32M
[83.361s][info][gc,nmethod  ] GC(325) NMethods: 6363 registered, 4458 unregistered
[83.361s][info][gc,metaspace] GC(325) Metaspace: 65M used, 66M committed, 1088M reserved
[83.361s][info][gc,ref      ] GC(325) Soft: 3233 encountered, 0 discovered, 0 enqueued
[83.361s][info][gc,ref      ] GC(325) Weak: 6453 encountered, 1511 discovered, 6 enqueued
[83.361s][info][gc,ref      ] GC(325) Final: 62 encountered, 3 discovered, 0 enqueued
[83.361s][info][gc,ref      ] GC(325) Phantom: 617 encountered, 490 discovered, 0 enqueued
[83.361s][info][gc,reloc    ] GC(325) Small Pages: 198 / 396M, Empty: 0M, Relocated: 34M, In-Place: 0
[83.361s][info][gc,reloc    ] GC(325) Medium Pages: 4 / 128M, Empty: 0M, Relocated: 21M, In-Place: 0
[83.361s][info][gc,reloc    ] GC(325) Large Pages: 18 / 116M, Empty: 82M, Relocated: 0M, In-Place: 0
[83.361s][info][gc,reloc    ] GC(325) Forwarding Usage: 34M
[83.361s][info][gc,heap     ] GC(325) Min Capacity: 8M(1%)
[83.361s][info][gc,heap     ] GC(325) Max Capacity: 1024M(100%)
[83.361s][info][gc,heap     ] GC(325) Soft Max Capacity: 1024M(100%)
[83.361s][info][gc,heap     ] GC(325)                Mark Start          Mark End        Relocate Start      Relocate End           High               Low         
[83.361s][info][gc,heap     ] GC(325)  Capacity:     1024M (100%)       1024M (100%)       1024M (100%)       1024M (100%)       1024M (100%)       1024M (100%)   
[83.361s][info][gc,heap     ] GC(325)      Free:      384M (38%)         248M (24%)         328M (32%)         586M (57%)         586M (57%)         246M (24%)    
[83.361s][info][gc,heap     ] GC(325)      Used:      640M (63%)         776M (76%)         696M (68%)         438M (43%)         778M (76%)         438M (43%)    
[83.361s][info][gc,heap     ] GC(325)      Live:         -               244M (24%)         244M (24%)         244M (24%)            -                  -          
[83.361s][info][gc,heap     ] GC(325) Allocated:         -               136M (13%)         138M (13%)         159M (16%)            -                  -          
[83.362s][info][gc,heap     ] GC(325)   Garbage:         -               395M (39%)         313M (31%)          33M (3%)             -                  -          
[83.362s][info][gc,heap     ] GC(325) Reclaimed:         -                  -                82M (8%)          361M (35%)            -                  -          
[83.362s][info][gc          ] GC(325) Garbage Collection (Allocation Rate) 640M(63%)->438M(43%)
[83.408s][info][gc,start    ] GC(326) Garbage Collection (Allocation Rate)
[83.408s][info][gc,task     ] GC(326) Using 10 workers
[83.409s][info][gc,phases   ] GC(326) Pause Mark Start 0.014ms
[83.502s][info][gc,phases   ] GC(326) Concurrent Mark 93.349ms
[83.502s][info][gc,phases   ] GC(326) Pause Mark End 0.032ms
[83.502s][info][gc,phases   ] GC(326) Concurrent Mark Free 0.001ms
[83.504s][info][gc,phases   ] GC(326) Concurrent Process Non-Strong References 2.041ms
[83.505s][info][gc,phases   ] GC(326) Concurrent Reset Relocation Set 0.034ms
[83.514s][info][gc,phases   ] GC(326) Concurrent Select Relocation Set 9.090ms
[83.514s][info][gc,phases   ] GC(326) Pause Relocate Start 0.008ms
[83.527s][info][gc,phases   ] GC(326) Concurrent Relocate 13.404ms
[83.527s][info][gc,load     ] GC(326) Load: 0.00/0.00/0.00
[83.527s][info][gc,mmu      ] GC(326) MMU: 2ms/96.1%, 5ms/98.4%, 10ms/99.2%, 20ms/99.6%, 50ms/99.8%, 100ms/99.9%
[83.527s][info][gc,marking  ] GC(326) Mark: 8 stripe(s), 2 proactive flush(es), 1 terminate flush(es), 0 completion(s), 0 continuation(s) 
[83.527s][info][gc,marking  ] GC(326) Mark Stack Usage: 32M
[83.527s][info][gc,nmethod  ] GC(326) NMethods: 6366 registered, 4459 unregistered
[83.528s][info][gc,metaspace] GC(326) Metaspace: 65M used, 66M committed, 1088M reserved
[83.528s][info][gc,ref      ] GC(326) Soft: 3232 encountered, 0 discovered, 0 enqueued
[83.528s][info][gc,ref      ] GC(326) Weak: 6438 encountered, 1165 discovered, 1 enqueued
[83.528s][info][gc,ref      ] GC(326) Final: 62 encountered, 18 discovered, 0 enqueued
[83.528s][info][gc,ref      ] GC(326) Phantom: 617 encountered, 271 discovered, 0 enqueued
[83.528s][info][gc,reloc    ] GC(326) Small Pages: 161 / 322M, Empty: 6M, Relocated: 16M, In-Place: 0
[83.528s][info][gc,reloc    ] GC(326) Medium Pages: 2 / 64M, Empty: 0M, Relocated: 20M, In-Place: 0
[83.528s][info][gc,reloc    ] GC(326) Large Pages: 13 / 90M, Empty: 68M, Relocated: 0M, In-Place: 0
[83.528s][info][gc,reloc    ] GC(326) Forwarding Usage: 16M
[83.528s][info][gc,heap     ] GC(326) Min Capacity: 8M(1%)
[83.528s][info][gc,heap     ] GC(326) Max Capacity: 1024M(100%)
[83.528s][info][gc,heap     ] GC(326) Soft Max Capacity: 1024M(100%)
[83.528s][info][gc,heap     ] GC(326)                Mark Start          Mark End        Relocate Start      Relocate End           High               Low         
[83.528s][info][gc,heap     ] GC(326)  Capacity:     1024M (100%)       1024M (100%)       1024M (100%)       1024M (100%)       1024M (100%)       1024M (100%)   
[83.528s][info][gc,heap     ] GC(326)      Free:      548M (54%)         424M (41%)         490M (48%)         622M (61%)         622M (61%)         420M (41%)    
[83.528s][info][gc,heap     ] GC(326)      Used:      476M (46%)         600M (59%)         534M (52%)         402M (39%)         604M (59%)         402M (39%)    
[83.528s][info][gc,heap     ] GC(326)      Live:         -               232M (23%)         232M (23%)         232M (23%)            -                  -          
[83.528s][info][gc,heap     ] GC(326) Allocated:         -               124M (12%)         132M (13%)         133M (13%)            -                  -          
[83.528s][info][gc,heap     ] GC(326)   Garbage:         -               243M (24%)         169M (17%)          36M (4%)             -                  -          
[83.528s][info][gc,heap     ] GC(326) Reclaimed:         -                  -                74M (7%)          207M (20%)            -                  -          
[83.528s][info][gc          ] GC(326) Garbage Collection (Allocation Rate) 476M(46%)->402M(39%)
[83.612s][info][gc,start    ] GC(327) Garbage Collection (Allocation Rate)
[83.612s][info][gc,task     ] GC(327) Using 10 workers
[83.612s][info][gc,phases   ] GC(327) Pause Mark Start 0.012ms
[83.705s][info][gc,phases   ] GC(327) Concurrent Mark 93.360ms
[83.705s][info][gc,phases   ] GC(327) Pause Mark End 0.020ms
[83.705s][info][gc,phases   ] GC(327) Concurrent Mark Free 0.002ms
[83.707s][info][gc,phases   ] GC(327) Concurrent Process Non-Strong References 1.820ms
[83.707s][info][gc,phases   ] GC(327) Concurrent Reset Relocation Set 0.015ms
[83.713s][info][gc,phases   ] GC(327) Concurrent Select Relocation Set 5.667ms
[83.713s][info][gc,phases   ] GC(327) Pause Relocate Start 0.008ms
[83.720s][info][gc,phases   ] GC(327) Concurrent Relocate 6.431ms
[83.720s][info][gc,load     ] GC(327) Load: 0.00/0.00/0.00
[83.720s][info][gc,mmu      ] GC(327) MMU: 2ms/96.1%, 5ms/98.4%, 10ms/99.2%, 20ms/99.6%, 50ms/99.8%, 100ms/99.9%
[83.720s][info][gc,marking  ] GC(327) Mark: 8 stripe(s), 2 proactive flush(es), 1 terminate flush(es), 0 completion(s), 0 continuation(s) 
[83.720s][info][gc,marking  ] GC(327) Mark Stack Usage: 32M
[83.720s][info][gc,nmethod  ] GC(327) NMethods: 6367 registered, 4459 unregistered
[83.720s][info][gc,metaspace] GC(327) Metaspace: 65M used, 66M committed, 1088M reserved
[83.720s][info][gc,ref      ] GC(327) Soft: 3232 encountered, 0 discovered, 0 enqueued
[83.720s][info][gc,ref      ] GC(327) Weak: 6438 encountered, 783 discovered, 102 enqueued
[83.720s][info][gc,ref      ] GC(327) Final: 62 encountered, 0 discovered, 0 enqueued
[83.720s][info][gc,ref      ] GC(327) Phantom: 617 encountered, 216 discovered, 0 enqueued
[83.720s][info][gc,reloc    ] GC(327) Small Pages: 236 / 472M, Empty: 168M, Relocated: 10M, In-Place: 0
[83.720s][info][gc,reloc    ] GC(327) Medium Pages: 2 / 64M, Empty: 32M, Relocated: 0M, In-Place: 0
[83.720s][info][gc,reloc    ] GC(327) Large Pages: 8 / 52M, Empty: 34M, Relocated: 0M, In-Place: 0
[83.720s][info][gc,reloc    ] GC(327) Forwarding Usage: 9M
[83.720s][info][gc,heap     ] GC(327) Min Capacity: 8M(1%)
[83.720s][info][gc,heap     ] GC(327) Max Capacity: 1024M(100%)
[83.720s][info][gc,heap     ] GC(327) Soft Max Capacity: 1024M(100%)
[83.720s][info][gc,heap     ] GC(327)                Mark Start          Mark End        Relocate Start      Relocate End           High               Low         
[83.720s][info][gc,heap     ] GC(327)  Capacity:     1024M (100%)       1024M (100%)       1024M (100%)       1024M (100%)       1024M (100%)       1024M (100%)   
[83.720s][info][gc,heap     ] GC(327)      Free:      436M (43%)         228M (22%)         442M (43%)         490M (48%)         490M (48%)         226M (22%)    
[83.720s][info][gc,heap     ] GC(327)      Used:      588M (57%)         796M (78%)         582M (57%)         534M (52%)         798M (78%)         534M (52%)    
[83.720s][info][gc,heap     ] GC(327)      Live:         -               247M (24%)         247M (24%)         247M (24%)            -                  -          
[83.720s][info][gc,heap     ] GC(327) Allocated:         -               208M (20%)         228M (22%)         241M (24%)            -                  -          
[83.720s][info][gc,heap     ] GC(327)   Garbage:         -               340M (33%)         106M (10%)          44M (4%)             -                  -          
[83.721s][info][gc,heap     ] GC(327) Reclaimed:         -                  -               234M (23%)         295M (29%)            -                  -          
[83.721s][info][gc          ] GC(327) Garbage Collection (Allocation Rate) 588M(57%)->534M(52%)
[83.815s][info][gc,start    ] GC(328) Garbage Collection (Allocation Rate)
[83.815s][info][gc,task     ] GC(328) Using 10 workers
[83.815s][info][gc,phases   ] GC(328) Pause Mark Start 0.017ms
[83.924s][info][gc,phases   ] GC(328) Concurrent Mark 108.972ms
[83.924s][info][gc,phases   ] GC(328) Pause Mark End 0.035ms
[83.924s][info][gc,phases   ] GC(328) Concurrent Mark Free 0.001ms
[83.926s][info][gc,phases   ] GC(328) Concurrent Process Non-Strong References 2.101ms
[83.926s][info][gc,phases   ] GC(328) Concurrent Reset Relocation Set 0.012ms
[83.930s][info][gc,phases   ] GC(328) Concurrent Select Relocation Set 3.719ms
[83.930s][info][gc,phases   ] GC(328) Pause Relocate Start 0.009ms
[83.937s][info][gc,phases   ] GC(328) Concurrent Relocate 6.850ms
[83.937s][info][gc,load     ] GC(328) Load: 0.00/0.00/0.00
[83.937s][info][gc,mmu      ] GC(328) MMU: 2ms/96.1%, 5ms/98.4%, 10ms/99.2%, 20ms/99.6%, 50ms/99.8%, 100ms/99.9%
[83.937s][info][gc,marking  ] GC(328) Mark: 8 stripe(s), 2 proactive flush(es), 1 terminate flush(es), 0 completion(s), 0 continuation(s) 
[83.937s][info][gc,marking  ] GC(328) Mark Stack Usage: 32M
[83.937s][info][gc,nmethod  ] GC(328) NMethods: 6367 registered, 4459 unregistered
[83.937s][info][gc,metaspace] GC(328) Metaspace: 65M used, 66M committed, 1088M reserved
[83.937s][info][gc,ref      ] GC(328) Soft: 3232 encountered, 0 discovered, 0 enqueued
[83.937s][info][gc,ref      ] GC(328) Weak: 6343 encountered, 1440 discovered, 2 enqueued
[83.938s][info][gc,ref      ] GC(328) Final: 62 encountered, 5 discovered, 0 enqueued
[83.938s][info][gc,ref      ] GC(328) Phantom: 617 encountered, 174 discovered, 0 enqueued
[83.938s][info][gc,reloc    ] GC(328) Small Pages: 318 / 636M, Empty: 326M, Relocated: 10M, In-Place: 0
[83.938s][info][gc,reloc    ] GC(328) Medium Pages: 1 / 32M, Empty: 0M, Relocated: 0M, In-Place: 0
[83.938s][info][gc,reloc    ] GC(328) Large Pages: 4 / 24M, Empty: 12M, Relocated: 0M, In-Place: 0
[83.938s][info][gc,reloc    ] GC(328) Forwarding Usage: 9M
[83.938s][info][gc,heap     ] GC(328) Min Capacity: 8M(1%)
[83.938s][info][gc,heap     ] GC(328) Max Capacity: 1024M(100%)
[83.938s][info][gc,heap     ] GC(328) Soft Max Capacity: 1024M(100%)
[83.938s][info][gc,heap     ] GC(328)                Mark Start          Mark End        Relocate Start      Relocate End           High               Low         
[83.938s][info][gc,heap     ] GC(328)  Capacity:     1024M (100%)       1024M (100%)       1024M (100%)       1024M (100%)       1024M (100%)       1024M (100%)   
[83.938s][info][gc,heap     ] GC(328)      Free:      332M (32%)         246M (24%)         584M (57%)         602M (59%)         602M (59%)         246M (24%)    
[83.938s][info][gc,heap     ] GC(328)      Used:      692M (68%)         778M (76%)         440M (43%)         422M (41%)         778M (76%)         422M (41%)    
[83.938s][info][gc,heap     ] GC(328)      Live:         -               292M (29%)         292M (29%)         292M (29%)            -                  -          
[83.938s][info][gc,heap     ] GC(328) Allocated:         -                86M (8%)           86M (8%)           86M (8%)             -                  -          
[83.938s][info][gc,heap     ] GC(328)   Garbage:         -               399M (39%)          61M (6%)           43M (4%)             -                  -          
[83.938s][info][gc,heap     ] GC(328) Reclaimed:         -                  -               338M (33%)         356M (35%)            -                  -          
[83.938s][info][gc          ] GC(328) Garbage Collection (Allocation Rate) 692M(68%)->422M(41%)
[83.938s][info][gc,start    ] GC(329) Garbage Collection (System.gc())
[83.938s][info][gc,task     ] GC(329) Using 10 workers
[83.938s][info][gc,phases   ] GC(329) Pause Mark Start 0.009ms
[84.018s][info][gc,phases   ] GC(329) Concurrent Mark 79.290ms
[84.018s][info][gc,phases   ] GC(329) Pause Mark End 0.022ms
[84.018s][info][gc,phases   ] GC(329) Concurrent Mark Free 0.001ms
[84.020s][info][gc,phases   ] GC(329) Concurrent Process Non-Strong References 1.959ms
[84.020s][info][gc,phases   ] GC(329) Concurrent Reset Relocation Set 0.002ms
[84.024s][info][gc,phases   ] GC(329) Concurrent Select Relocation Set 3.902ms
[84.024s][info][gc,phases   ] GC(329) Pause Relocate Start 0.009ms
[84.026s][info][gc,phases   ] GC(329) Concurrent Relocate 2.204ms
[84.026s][info][gc,load     ] GC(329) Load: 0.00/0.00/0.00
[84.026s][info][gc,mmu      ] GC(329) MMU: 2ms/96.1%, 5ms/98.4%, 10ms/99.2%, 20ms/99.6%, 50ms/99.8%, 100ms/99.9%
[84.026s][info][gc,marking  ] GC(329) Mark: 8 stripe(s), 2 proactive flush(es), 1 terminate flush(es), 0 completion(s), 0 continuation(s) 
[84.026s][info][gc,marking  ] GC(329) Mark Stack Usage: 32M
[84.026s][info][gc,nmethod  ] GC(329) NMethods: 6367 registered, 4459 unregistered
[84.026s][info][gc,metaspace] GC(329) Metaspace: 65M used, 66M committed, 1088M reserved
[84.026s][info][gc,ref      ] GC(329) Soft: 3232 encountered, 0 discovered, 0 enqueued
[84.026s][info][gc,ref      ] GC(329) Weak: 6341 encountered, 364 discovered, 2 enqueued
[84.026s][info][gc,ref      ] GC(329) Final: 62 encountered, 0 discovered, 0 enqueued
[84.026s][info][gc,ref      ] GC(329) Phantom: 617 encountered, 462 discovered, 0 enqueued
[84.026s][info][gc,reloc    ] GC(329) Small Pages: 189 / 378M, Empty: 160M, Relocated: 2M, In-Place: 0
[84.026s][info][gc,reloc    ] GC(329) Medium Pages: 1 / 32M, Empty: 0M, Relocated: 0M, In-Place: 0
[84.026s][info][gc,reloc    ] GC(329) Large Pages: 2 / 12M, Empty: 12M, Relocated: 0M, In-Place: 0
[84.026s][info][gc,reloc    ] GC(329) Forwarding Usage: 1M
[84.026s][info][gc,heap     ] GC(329) Min Capacity: 8M(1%)
[84.026s][info][gc,heap     ] GC(329) Max Capacity: 1024M(100%)
[84.026s][info][gc,heap     ] GC(329) Soft Max Capacity: 1024M(100%)
[84.026s][info][gc,heap     ] GC(329)                Mark Start          Mark End        Relocate Start      Relocate End           High               Low         
[84.027s][info][gc,heap     ] GC(329)  Capacity:     1024M (100%)       1024M (100%)       1024M (100%)       1024M (100%)       1024M (100%)       1024M (100%)   
[84.027s][info][gc,heap     ] GC(329)      Free:      602M (59%)         602M (59%)         772M (75%)         808M (79%)         808M (79%)         600M (59%)    
[84.027s][info][gc,heap     ] GC(329)      Used:      422M (41%)         422M (41%)         252M (25%)         216M (21%)         424M (41%)         216M (21%)    
[84.027s][info][gc,heap     ] GC(329)      Live:         -               165M (16%)         165M (16%)         165M (16%)            -                  -          
[84.027s][info][gc,heap     ] GC(329) Allocated:         -                 0M (0%)            2M (0%)            1M (0%)             -                  -          
[84.027s][info][gc,heap     ] GC(329)   Garbage:         -               256M (25%)          84M (8%)           48M (5%)             -                  -          
[84.027s][info][gc,heap     ] GC(329) Reclaimed:         -                  -               172M (17%)         207M (20%)            -                  -          
[84.027s][info][gc          ] GC(329) Garbage Collection (System.gc()) 422M(41%)->216M(21%)
[84.205s][info][gc,start    ] GC(330) Garbage Collection (Allocation Rate)
[84.205s][info][gc,task     ] GC(330) Using 7 workers
[84.205s][info][gc,phases   ] GC(330) Pause Mark Start 0.011ms
[84.330s][info][gc,phases   ] GC(330) Concurrent Mark 124.516ms
[84.330s][info][gc,phases   ] GC(330) Pause Mark End 0.029ms
[84.330s][info][gc,phases   ] GC(330) Concurrent Mark Free 0.001ms
[84.333s][info][gc,phases   ] GC(330) Concurrent Process Non-Strong References 2.451ms
[84.333s][info][gc,phases   ] GC(330) Concurrent Reset Relocation Set 0.002ms
[84.348s][info][gc,phases   ] GC(330) Concurrent Select Relocation Set 14.717ms
[84.348s][info][gc,phases   ] GC(330) Pause Relocate Start 0.009ms
[84.374s][info][gc,phases   ] GC(330) Concurrent Relocate 25.844ms
[84.374s][info][gc,load     ] GC(330) Load: 0.00/0.00/0.00
[84.374s][info][gc,mmu      ] GC(330) MMU: 2ms/96.1%, 5ms/98.4%, 10ms/99.2%, 20ms/99.6%, 50ms/99.8%, 100ms/99.9%
[84.374s][info][gc,marking  ] GC(330) Mark: 4 stripe(s), 2 proactive flush(es), 1 terminate flush(es), 0 completion(s), 0 continuation(s) 
[84.374s][info][gc,marking  ] GC(330) Mark Stack Usage: 32M
[84.374s][info][gc,nmethod  ] GC(330) NMethods: 6386 registered, 4462 unregistered
[84.374s][info][gc,metaspace] GC(330) Metaspace: 65M used, 66M committed, 1088M reserved
[84.374s][info][gc,ref      ] GC(330) Soft: 3236 encountered, 0 discovered, 0 enqueued
[84.374s][info][gc,ref      ] GC(330) Weak: 6437 encountered, 1534 discovered, 28 enqueued
[84.374s][info][gc,ref      ] GC(330) Final: 62 encountered, 2 discovered, 0 enqueued
[84.374s][info][gc,ref      ] GC(330) Phantom: 617 encountered, 268 discovered, 0 enqueued
[84.374s][info][gc,reloc    ] GC(330) Small Pages: 230 / 460M, Empty: 0M, Relocated: 73M, In-Place: 0
[84.374s][info][gc,reloc    ] GC(330) Medium Pages: 2 / 64M, Empty: 32M, Relocated: 0M, In-Place: 0
[84.374s][info][gc,reloc    ] GC(330) Large Pages: 5 / 30M, Empty: 6M, Relocated: 0M, In-Place: 0
[84.374s][info][gc,reloc    ] GC(330) Forwarding Usage: 37M
[84.374s][info][gc,heap     ] GC(330) Min Capacity: 8M(1%)
[84.374s][info][gc,heap     ] GC(330) Max Capacity: 1024M(100%)
[84.374s][info][gc,heap     ] GC(330) Soft Max Capacity: 1024M(100%)
[84.374s][info][gc,heap     ] GC(330)                Mark Start          Mark End        Relocate Start      Relocate End           High               Low         
[84.374s][info][gc,heap     ] GC(330)  Capacity:     1024M (100%)       1024M (100%)       1024M (100%)       1024M (100%)       1024M (100%)       1024M (100%)   
[84.374s][info][gc,heap     ] GC(330)      Free:      470M (46%)         238M (23%)         238M (23%)         426M (42%)         470M (46%)         224M (22%)    
[84.374s][info][gc,heap     ] GC(330)      Used:      554M (54%)         786M (77%)         786M (77%)         598M (58%)         800M (78%)         554M (54%)    
[84.374s][info][gc,heap     ] GC(330)      Live:         -               264M (26%)         264M (26%)         264M (26%)            -                  -          
[84.374s][info][gc,heap     ] GC(330) Allocated:         -               232M (23%)         270M (26%)         295M (29%)            -                  -          
[84.374s][info][gc,heap     ] GC(330)   Garbage:         -               289M (28%)         251M (25%)          37M (4%)             -                  -          
[84.374s][info][gc,heap     ] GC(330) Reclaimed:         -                  -                38M (4%)          251M (25%)            -                  -          
[84.374s][info][gc          ] GC(330) Garbage Collection (Allocation Rate) 554M(54%)->598M(58%)
[84.408s][info][gc,start    ] GC(331) Garbage Collection (Allocation Rate)
[84.408s][info][gc,task     ] GC(331) Using 9 workers
[84.408s][info][gc,phases   ] GC(331) Pause Mark Start 0.013ms
[84.564s][info][gc,phases   ] GC(331) Concurrent Mark 155.878ms
[84.564s][info][gc,phases   ] GC(331) Pause Mark End 0.017ms
[84.565s][info][gc,phases   ] GC(331) Concurrent Mark Free 0.001ms
[84.567s][info][gc,phases   ] GC(331) Concurrent Process Non-Strong References 2.355ms
[84.567s][info][gc,phases   ] GC(331) Concurrent Reset Relocation Set 0.028ms
[84.571s][info][gc,phases   ] GC(331) Concurrent Select Relocation Set 3.583ms
[84.571s][info][gc,phases   ] GC(331) Pause Relocate Start 0.010ms
[84.595s][info][gc,phases   ] GC(331) Concurrent Relocate 24.025ms
[84.595s][info][gc,load     ] GC(331) Load: 0.00/0.00/0.00
[84.595s][info][gc,mmu      ] GC(331) MMU: 2ms/96.1%, 5ms/98.4%, 10ms/99.2%, 20ms/99.6%, 50ms/99.8%, 100ms/99.9%
[84.595s][info][gc,marking  ] GC(331) Mark: 8 stripe(s), 4 proactive flush(es), 1 terminate flush(es), 0 completion(s), 0 continuation(s) 
[84.595s][info][gc,marking  ] GC(331) Mark Stack Usage: 32M
[84.595s][info][gc,nmethod  ] GC(331) NMethods: 6386 registered, 4462 unregistered
[84.595s][info][gc,metaspace] GC(331) Metaspace: 65M used, 66M committed, 1088M reserved
[84.595s][info][gc,ref      ] GC(331) Soft: 3236 encountered, 0 discovered, 0 enqueued
[84.595s][info][gc,ref      ] GC(331) Weak: 6409 encountered, 1286 discovered, 0 enqueued
[84.595s][info][gc,ref      ] GC(331) Final: 62 encountered, 3 discovered, 0 enqueued
[84.595s][info][gc,ref      ] GC(331) Phantom: 621 encountered, 595 discovered, 0 enqueued
[84.595s][info][gc,reloc    ] GC(331) Small Pages: 262 / 524M, Empty: 6M, Relocated: 39M, In-Place: 0
[84.595s][info][gc,reloc    ] GC(331) Medium Pages: 2 / 64M, Empty: 0M, Relocated: 18M, In-Place: 0
[84.595s][info][gc,reloc    ] GC(331) Large Pages: 4 / 24M, Empty: 0M, Relocated: 0M, In-Place: 0
[84.595s][info][gc,reloc    ] GC(331) Forwarding Usage: 34M
[84.595s][info][gc,heap     ] GC(331) Min Capacity: 8M(1%)
[84.595s][info][gc,heap     ] GC(331) Max Capacity: 1024M(100%)
[84.595s][info][gc,heap     ] GC(331) Soft Max Capacity: 1024M(100%)
[84.595s][info][gc,heap     ] GC(331)                Mark Start          Mark End        Relocate Start      Relocate End           High               Low         
[84.595s][info][gc,heap     ] GC(331)  Capacity:     1024M (100%)       1024M (100%)       1024M (100%)       1024M (100%)       1024M (100%)       1024M (100%)   
[84.596s][info][gc,heap     ] GC(331)      Free:      412M (40%)         352M (34%)         356M (35%)         608M (59%)         610M (60%)         310M (30%)    
[84.596s][info][gc,heap     ] GC(331)      Used:      612M (60%)         672M (66%)         668M (65%)         416M (41%)         714M (70%)         414M (40%)    
[84.596s][info][gc,heap     ] GC(331)      Live:         -               310M (30%)         310M (30%)         310M (30%)            -                  -          
[84.596s][info][gc,heap     ] GC(331) Allocated:         -                60M (6%)           62M (6%)           71M (7%)             -                  -          
[84.596s][info][gc,heap     ] GC(331)   Garbage:         -               301M (29%)         295M (29%)          34M (3%)             -                  -          
[84.596s][info][gc,heap     ] GC(331) Reclaimed:         -                  -                 6M (1%)          267M (26%)            -                  -          
[84.596s][info][gc          ] GC(331) Garbage Collection (Allocation Rate) 612M(60%)->416M(41%)
[84.611s][info][gc,start    ] GC(332) Garbage Collection (Allocation Rate)
[84.611s][info][gc,task     ] GC(332) Using 9 workers
[84.611s][info][gc,phases   ] GC(332) Pause Mark Start 0.012ms
[84.752s][info][gc,phases   ] GC(332) Concurrent Mark 140.325ms
[84.752s][info][gc,phases   ] GC(332) Pause Mark End 0.030ms
[84.752s][info][gc,phases   ] GC(332) Concurrent Mark Free 0.001ms
[84.754s][info][gc,phases   ] GC(332) Concurrent Process Non-Strong References 2.130ms
[84.754s][info][gc,phases   ] GC(332) Concurrent Reset Relocation Set 0.023ms
[84.760s][info][gc,phases   ] GC(332) Concurrent Select Relocation Set 6.242ms
[84.761s][info][gc,phases   ] GC(332) Pause Relocate Start 0.007ms
[84.763s][info][gc,phases   ] GC(332) Concurrent Relocate 2.791ms
[84.763s][info][gc,load     ] GC(332) Load: 0.00/0.00/0.00
[84.763s][info][gc,mmu      ] GC(332) MMU: 2ms/96.1%, 5ms/98.4%, 10ms/99.2%, 20ms/99.6%, 50ms/99.8%, 100ms/99.9%
[84.763s][info][gc,marking  ] GC(332) Mark: 8 stripe(s), 2 proactive flush(es), 1 terminate flush(es), 0 completion(s), 0 continuation(s) 
[84.763s][info][gc,marking  ] GC(332) Mark Stack Usage: 32M
[84.763s][info][gc,nmethod  ] GC(332) NMethods: 6386 registered, 4462 unregistered
[84.764s][info][gc,metaspace] GC(332) Metaspace: 65M used, 66M committed, 1088M reserved
[84.764s][info][gc,ref      ] GC(332) Soft: 3236 encountered, 0 discovered, 0 enqueued
[84.764s][info][gc,ref      ] GC(332) Weak: 6409 encountered, 1997 discovered, 0 enqueued
[84.764s][info][gc,ref      ] GC(332) Final: 62 encountered, 20 discovered, 0 enqueued
[84.764s][info][gc,ref      ] GC(332) Phantom: 621 encountered, 555 discovered, 0 enqueued
[84.764s][info][gc,reloc    ] GC(332) Small Pages: 183 / 366M, Empty: 34M, Relocated: 4M, In-Place: 0
[84.764s][info][gc,reloc    ] GC(332) Medium Pages: 1 / 32M, Empty: 0M, Relocated: 0M, In-Place: 0
[84.764s][info][gc,reloc    ] GC(332) Large Pages: 4 / 24M, Empty: 0M, Relocated: 0M, In-Place: 0
[84.764s][info][gc,reloc    ] GC(332) Forwarding Usage: 3M
[84.764s][info][gc,heap     ] GC(332) Min Capacity: 8M(1%)
[84.764s][info][gc,heap     ] GC(332) Max Capacity: 1024M(100%)
[84.764s][info][gc,heap     ] GC(332) Soft Max Capacity: 1024M(100%)
[84.764s][info][gc,heap     ] GC(332)                Mark Start          Mark End        Relocate Start      Relocate End           High               Low         
[84.764s][info][gc,heap     ] GC(332)  Capacity:     1024M (100%)       1024M (100%)       1024M (100%)       1024M (100%)       1024M (100%)       1024M (100%)   
[84.764s][info][gc,heap     ] GC(332)      Free:      602M (59%)         548M (54%)         578M (56%)         616M (60%)         616M (60%)         546M (53%)    
[84.764s][info][gc,heap     ] GC(332)      Used:      422M (41%)         476M (46%)         446M (44%)         408M (40%)         478M (47%)         408M (40%)    
[84.764s][info][gc,heap     ] GC(332)      Live:         -               310M (30%)         310M (30%)         310M (30%)            -                  -          
[84.764s][info][gc,heap     ] GC(332) Allocated:         -                54M (5%)           58M (6%)           57M (6%)             -                  -          
[84.764s][info][gc,heap     ] GC(332)   Garbage:         -               111M (11%)          77M (8%)           39M (4%)             -                  -          
[84.764s][info][gc,heap     ] GC(332) Reclaimed:         -                  -                34M (3%)           71M (7%)             -                  -          
[84.764s][info][gc          ] GC(332) Garbage Collection (Allocation Rate) 422M(41%)->408M(40%)
[84.814s][info][gc,start    ] GC(333) Garbage Collection (Allocation Rate)
[84.814s][info][gc,task     ] GC(333) Using 9 workers
[84.815s][info][gc,phases   ] GC(333) Pause Mark Start 0.015ms
[84.971s][info][gc,phases   ] GC(333) Concurrent Mark 155.890ms
[84.971s][info][gc,phases   ] GC(333) Pause Mark End 0.038ms
[84.971s][info][gc,phases   ] GC(333) Concurrent Mark Free 0.001ms
[84.974s][info][gc,phases   ] GC(333) Concurrent Process Non-Strong References 2.939ms
[84.974s][info][gc,phases   ] GC(333) Concurrent Reset Relocation Set 0.004ms
[84.977s][info][gc,phases   ] GC(333) Concurrent Select Relocation Set 2.856ms
[84.977s][info][gc,phases   ] GC(333) Pause Relocate Start 0.009ms
[84.981s][info][gc,phases   ] GC(333) Concurrent Relocate 3.669ms
[84.981s][info][gc,load     ] GC(333) Load: 0.00/0.00/0.00
[84.981s][info][gc,mmu      ] GC(333) MMU: 2ms/96.1%, 5ms/98.4%, 10ms/99.2%, 20ms/99.6%, 50ms/99.8%, 100ms/99.9%
[84.981s][info][gc,marking  ] GC(333) Mark: 8 stripe(s), 5 proactive flush(es), 1 terminate flush(es), 0 completion(s), 0 continuation(s) 
[84.981s][info][gc,marking  ] GC(333) Mark Stack Usage: 32M
[84.981s][info][gc,nmethod  ] GC(333) NMethods: 6387 registered, 4462 unregistered
[84.981s][info][gc,metaspace] GC(333) Metaspace: 65M used, 66M committed, 1088M reserved
[84.981s][info][gc,ref      ] GC(333) Soft: 3236 encountered, 0 discovered, 0 enqueued
[84.981s][info][gc,ref      ] GC(333) Weak: 6409 encountered, 3347 discovered, 0 enqueued
[84.981s][info][gc,ref      ] GC(333) Final: 62 encountered, 0 discovered, 0 enqueued
[84.981s][info][gc,ref      ] GC(333) Phantom: 621 encountered, 473 discovered, 0 enqueued
[84.981s][info][gc,reloc    ] GC(333) Small Pages: 187 / 374M, Empty: 40M, Relocated: 4M, In-Place: 0
[84.981s][info][gc,reloc    ] GC(333) Medium Pages: 1 / 32M, Empty: 0M, Relocated: 0M, In-Place: 0
[84.981s][info][gc,reloc    ] GC(333) Large Pages: 4 / 24M, Empty: 0M, Relocated: 0M, In-Place: 0
[84.981s][info][gc,reloc    ] GC(333) Forwarding Usage: 3M
[84.981s][info][gc,heap     ] GC(333) Min Capacity: 8M(1%)
[84.981s][info][gc,heap     ] GC(333) Max Capacity: 1024M(100%)
[84.981s][info][gc,heap     ] GC(333) Soft Max Capacity: 1024M(100%)
[84.981s][info][gc,heap     ] GC(333)                Mark Start          Mark End        Relocate Start      Relocate End           High               Low         
[84.981s][info][gc,heap     ] GC(333)  Capacity:     1024M (100%)       1024M (100%)       1024M (100%)       1024M (100%)       1024M (100%)       1024M (100%)   
[84.981s][info][gc,heap     ] GC(333)      Free:      594M (58%)         474M (46%)         500M (49%)         534M (52%)         594M (58%)         462M (45%)    
[84.981s][info][gc,heap     ] GC(333)      Used:      430M (42%)         550M (54%)         524M (51%)         490M (48%)         562M (55%)         430M (42%)    
[84.981s][info][gc,heap     ] GC(333)      Live:         -               310M (30%)         310M (30%)         310M (30%)            -                  -          
[84.981s][info][gc,heap     ] GC(333) Allocated:         -               120M (12%)         134M (13%)         139M (14%)            -                  -          
[84.981s][info][gc,heap     ] GC(333)   Garbage:         -               119M (12%)          79M (8%)           39M (4%)             -                  -          
[84.981s][info][gc,heap     ] GC(333) Reclaimed:         -                  -                40M (4%)           79M (8%)             -                  -          
[84.981s][info][gc          ] GC(333) Garbage Collection (Allocation Rate) 430M(42%)->490M(48%)
[85.017s][info][gc,start    ] GC(334) Garbage Collection (Allocation Rate)
[85.017s][info][gc,task     ] GC(334) Using 10 workers
[85.018s][info][gc,phases   ] GC(334) Pause Mark Start 0.013ms
[85.111s][info][gc,phases   ] GC(334) Concurrent Mark 93.383ms
[85.111s][info][gc,phases   ] GC(334) Pause Mark End 0.017ms
[85.111s][info][gc,phases   ] GC(334) Concurrent Mark Free 0.001ms
[85.113s][info][gc,phases   ] GC(334) Concurrent Process Non-Strong References 2.037ms
[85.113s][info][gc,phases   ] GC(334) Concurrent Reset Relocation Set 0.004ms
[85.122s][info][gc,phases   ] GC(334) Concurrent Select Relocation Set 8.866ms
[85.122s][info][gc,phases   ] GC(334) Pause Relocate Start 0.012ms
[85.135s][info][gc,phases   ] GC(334) Concurrent Relocate 12.749ms
[85.135s][info][gc,load     ] GC(334) Load: 0.00/0.00/0.00
[85.135s][info][gc,mmu      ] GC(334) MMU: 2ms/96.1%, 5ms/98.4%, 10ms/99.2%, 20ms/99.6%, 50ms/99.8%, 100ms/99.9%
[85.135s][info][gc,marking  ] GC(334) Mark: 8 stripe(s), 2 proactive flush(es), 1 terminate flush(es), 0 completion(s), 0 continuation(s) 
[85.135s][info][gc,marking  ] GC(334) Mark Stack Usage: 32M
[85.135s][info][gc,nmethod  ] GC(334) NMethods: 6387 registered, 4462 unregistered
[85.135s][info][gc,metaspace] GC(334) Metaspace: 65M used, 66M committed, 1088M reserved
[85.135s][info][gc,ref      ] GC(334) Soft: 3236 encountered, 0 discovered, 0 enqueued
[85.135s][info][gc,ref      ] GC(334) Weak: 6409 encountered, 3040 discovered, 0 enqueued
[85.135s][info][gc,ref      ] GC(334) Final: 62 encountered, 6 discovered, 0 enqueued
[85.135s][info][gc,ref      ] GC(334) Phantom: 617 encountered, 163 discovered, 0 enqueued
[85.135s][info][gc,reloc    ] GC(334) Small Pages: 256 / 512M, Empty: 106M, Relocated: 20M, In-Place: 0
[85.135s][info][gc,reloc    ] GC(334) Medium Pages: 1 / 32M, Empty: 0M, Relocated: 0M, In-Place: 0
[85.135s][info][gc,reloc    ] GC(334) Large Pages: 4 / 24M, Empty: 24M, Relocated: 0M, In-Place: 0
[85.135s][info][gc,reloc    ] GC(334) Forwarding Usage: 18M
[85.135s][info][gc,heap     ] GC(334) Min Capacity: 8M(1%)
[85.135s][info][gc,heap     ] GC(334) Max Capacity: 1024M(100%)
[85.135s][info][gc,heap     ] GC(334) Soft Max Capacity: 1024M(100%)
[85.135s][info][gc,heap     ] GC(334)                Mark Start          Mark End        Relocate Start      Relocate End           High               Low         
[85.135s][info][gc,heap     ] GC(334)  Capacity:     1024M (100%)       1024M (100%)       1024M (100%)       1024M (100%)       1024M (100%)       1024M (100%)   
[85.135s][info][gc,heap     ] GC(334)      Free:      456M (45%)         290M (28%)         394M (38%)         578M (56%)         586M (57%)         280M (27%)    
[85.135s][info][gc,heap     ] GC(334)      Used:      568M (55%)         734M (72%)         630M (62%)         446M (44%)         744M (73%)         438M (43%)    
[85.135s][info][gc,heap     ] GC(334)      Live:         -               196M (19%)         196M (19%)         196M (19%)            -                  -          
[85.136s][info][gc,heap     ] GC(334) Allocated:         -               166M (16%)         192M (19%)         211M (21%)            -                  -          
[85.136s][info][gc,heap     ] GC(334)   Garbage:         -               371M (36%)         241M (24%)          37M (4%)             -                  -          
[85.136s][info][gc,heap     ] GC(334) Reclaimed:         -                  -               130M (13%)         333M (33%)            -                  -          
[85.136s][info][gc          ] GC(334) Garbage Collection (Allocation Rate) 568M(55%)->446M(44%)
[85.205s][info][gc,start    ] GC(335) Garbage Collection (Allocation Rate)
[85.205s][info][gc,task     ] GC(335) Using 10 workers
[85.205s][info][gc,phases   ] GC(335) Pause Mark Start 0.016ms
[85.330s][info][gc,phases   ] GC(335) Concurrent Mark 124.554ms
[85.330s][info][gc,phases   ] GC(335) Pause Mark End 0.031ms
[85.330s][info][gc,phases   ] GC(335) Concurrent Mark Free 0.001ms
[85.332s][info][gc,phases   ] GC(335) Concurrent Process Non-Strong References 2.271ms
[85.332s][info][gc,phases   ] GC(335) Concurrent Reset Relocation Set 0.014ms
[85.355s][info][gc,phases   ] GC(335) Concurrent Select Relocation Set 22.297ms
[85.355s][info][gc,phases   ] GC(335) Pause Relocate Start 0.009ms
[85.371s][info][gc,phases   ] GC(335) Concurrent Relocate 15.728ms
[85.371s][info][gc,load     ] GC(335) Load: 0.00/0.00/0.00
[85.371s][info][gc,mmu      ] GC(335) MMU: 2ms/96.1%, 5ms/98.4%, 10ms/99.2%, 20ms/99.6%, 50ms/99.8%, 100ms/99.9%
[85.371s][info][gc,marking  ] GC(335) Mark: 8 stripe(s), 3 proactive flush(es), 1 terminate flush(es), 0 completion(s), 0 continuation(s) 
[85.371s][info][gc,marking  ] GC(335) Mark Stack Usage: 32M
[85.371s][info][gc,nmethod  ] GC(335) NMethods: 6387 registered, 4462 unregistered
[85.371s][info][gc,metaspace] GC(335) Metaspace: 65M used, 66M committed, 1088M reserved
[85.371s][info][gc,ref      ] GC(335) Soft: 3236 encountered, 0 discovered, 0 enqueued
[85.371s][info][gc,ref      ] GC(335) Weak: 6409 encountered, 553 discovered, 0 enqueued
[85.371s][info][gc,ref      ] GC(335) Final: 62 encountered, 0 discovered, 0 enqueued
[85.371s][info][gc,ref      ] GC(335) Phantom: 621 encountered, 451 discovered, 0 enqueued
[85.371s][info][gc,reloc    ] GC(335) Small Pages: 262 / 524M, Empty: 0M, Relocated: 18M, In-Place: 0
[85.371s][info][gc,reloc    ] GC(335) Medium Pages: 1 / 32M, Empty: 0M, Relocated: 0M, In-Place: 0
[85.371s][info][gc,reloc    ] GC(335) Large Pages: 4 / 24M, Empty: 0M, Relocated: 0M, In-Place: 0
[85.371s][info][gc,reloc    ] GC(335) Forwarding Usage: 18M
[85.371s][info][gc,heap     ] GC(335) Min Capacity: 8M(1%)
[85.371s][info][gc,heap     ] GC(335) Max Capacity: 1024M(100%)
[85.371s][info][gc,heap     ] GC(335) Soft Max Capacity: 1024M(100%)
[85.371s][info][gc,heap     ] GC(335)                Mark Start          Mark End        Relocate Start      Relocate End           High               Low         
[85.371s][info][gc,heap     ] GC(335)  Capacity:     1024M (100%)       1024M (100%)       1024M (100%)       1024M (100%)       1024M (100%)       1024M (100%)   
[85.371s][info][gc,heap     ] GC(335)      Free:      444M (43%)         230M (22%)         196M (19%)         488M (48%)         488M (48%)         174M (17%)    
[85.371s][info][gc,heap     ] GC(335)      Used:      580M (57%)         794M (78%)         828M (81%)         536M (52%)         850M (83%)         536M (52%)    
[85.371s][info][gc,heap     ] GC(335)      Live:         -               226M (22%)         226M (22%)         226M (22%)            -                  -          
[85.371s][info][gc,heap     ] GC(335) Allocated:         -               214M (21%)         248M (24%)         263M (26%)            -                  -          
[85.371s][info][gc,heap     ] GC(335)   Garbage:         -               353M (34%)         353M (34%)          45M (4%)             -                  -          
[85.371s][info][gc,heap     ] GC(335) Reclaimed:         -                  -                 0M (0%)          307M (30%)            -                  -          
[85.371s][info][gc          ] GC(335) Garbage Collection (Allocation Rate) 580M(57%)->536M(52%)
[85.408s][info][gc,start    ] GC(336) Garbage Collection (Allocation Rate)
[85.408s][info][gc,task     ] GC(336) Using 10 workers
[85.408s][info][gc,phases   ] GC(336) Pause Mark Start 0.014ms
[85.533s][info][gc,phases   ] GC(336) Concurrent Mark 124.578ms
[85.533s][info][gc,phases   ] GC(336) Pause Mark End 0.017ms
[85.533s][info][gc,phases   ] GC(336) Concurrent Mark Free 0.001ms
[85.535s][info][gc,phases   ] GC(336) Concurrent Process Non-Strong References 1.910ms
[85.535s][info][gc,phases   ] GC(336) Concurrent Reset Relocation Set 0.026ms
[85.538s][info][gc,phases   ] GC(336) Concurrent Select Relocation Set 2.926ms
[85.538s][info][gc,phases   ] GC(336) Pause Relocate Start 0.008ms
[85.551s][info][gc,phases   ] GC(336) Concurrent Relocate 12.696ms
[85.551s][info][gc,load     ] GC(336) Load: 0.00/0.00/0.00
[85.551s][info][gc,mmu      ] GC(336) MMU: 2ms/96.1%, 5ms/98.4%, 10ms/99.2%, 20ms/99.6%, 50ms/99.8%, 100ms/99.9%
[85.551s][info][gc,marking  ] GC(336) Mark: 8 stripe(s), 2 proactive flush(es), 1 terminate flush(es), 0 completion(s), 0 continuation(s) 
[85.551s][info][gc,marking  ] GC(336) Mark Stack Usage: 32M
[85.551s][info][gc,nmethod  ] GC(336) NMethods: 6387 registered, 4462 unregistered
[85.551s][info][gc,metaspace] GC(336) Metaspace: 65M used, 66M committed, 1088M reserved
[85.551s][info][gc,ref      ] GC(336) Soft: 3236 encountered, 0 discovered, 0 enqueued
[85.551s][info][gc,ref      ] GC(336) Weak: 6409 encountered, 705 discovered, 0 enqueued
[85.551s][info][gc,ref      ] GC(336) Final: 62 encountered, 0 discovered, 0 enqueued
[85.551s][info][gc,ref      ] GC(336) Phantom: 621 encountered, 375 discovered, 0 enqueued
[85.551s][info][gc,reloc    ] GC(336) Small Pages: 272 / 544M, Empty: 0M, Relocated: 19M, In-Place: 0
[85.551s][info][gc,reloc    ] GC(336) Medium Pages: 1 / 32M, Empty: 0M, Relocated: 0M, In-Place: 0
[85.551s][info][gc,reloc    ] GC(336) Large Pages: 4 / 24M, Empty: 0M, Relocated: 0M, In-Place: 0
[85.551s][info][gc,reloc    ] GC(336) Forwarding Usage: 18M
[85.551s][info][gc,heap     ] GC(336) Min Capacity: 8M(1%)
[85.551s][info][gc,heap     ] GC(336) Max Capacity: 1024M(100%)
[85.551s][info][gc,heap     ] GC(336) Soft Max Capacity: 1024M(100%)
[85.551s][info][gc,heap     ] GC(336)                Mark Start          Mark End        Relocate Start      Relocate End           High               Low         
[85.551s][info][gc,heap     ] GC(336)  Capacity:     1024M (100%)       1024M (100%)       1024M (100%)       1024M (100%)       1024M (100%)       1024M (100%)   
[85.551s][info][gc,heap     ] GC(336)      Free:      424M (41%)         242M (24%)         234M (23%)         528M (52%)         528M (52%)         214M (21%)    
[85.551s][info][gc,heap     ] GC(336)      Used:      600M (59%)         782M (76%)         790M (77%)         496M (48%)         810M (79%)         496M (48%)    
[85.551s][info][gc,heap     ] GC(336)      Live:         -               239M (23%)         239M (23%)         239M (23%)            -                  -          
[85.551s][info][gc,heap     ] GC(336) Allocated:         -               182M (18%)         190M (19%)         207M (20%)            -                  -          
[85.551s][info][gc,heap     ] GC(336)   Garbage:         -               360M (35%)         360M (35%)          49M (5%)             -                  -          
[85.551s][info][gc,heap     ] GC(336) Reclaimed:         -                  -                 0M (0%)          311M (30%)            -                  -          
[85.551s][info][gc          ] GC(336) Garbage Collection (Allocation Rate) 600M(59%)->496M(48%)
[85.611s][info][gc,start    ] GC(337) Garbage Collection (Allocation Rate)
[85.611s][info][gc,task     ] GC(337) Using 10 workers
[85.611s][info][gc,phases   ] GC(337) Pause Mark Start 0.017ms
[85.752s][info][gc,phases   ] GC(337) Concurrent Mark 140.265ms
[85.752s][info][gc,phases   ] GC(337) Pause Mark End 0.025ms
[85.752s][info][gc,phases   ] GC(337) Concurrent Mark Free 0.001ms
[85.754s][info][gc,phases   ] GC(337) Concurrent Process Non-Strong References 1.956ms
[85.754s][info][gc,phases   ] GC(337) Concurrent Reset Relocation Set 0.018ms
[85.779s][info][gc,phases   ] GC(337) Concurrent Select Relocation Set 25.442ms
[85.779s][info][gc,phases   ] GC(337) Pause Relocate Start 0.012ms
[85.800s][info][gc,phases   ] GC(337) Concurrent Relocate 20.353ms
[85.800s][info][gc,load     ] GC(337) Load: 0.00/0.00/0.00
[85.800s][info][gc,mmu      ] GC(337) MMU: 2ms/96.1%, 5ms/98.4%, 10ms/99.2%, 20ms/99.6%, 50ms/99.8%, 100ms/99.9%
[85.800s][info][gc,marking  ] GC(337) Mark: 8 stripe(s), 8 proactive flush(es), 1 terminate flush(es), 0 completion(s), 0 continuation(s) 
[85.800s][info][gc,marking  ] GC(337) Mark Stack Usage: 32M
[85.800s][info][gc,nmethod  ] GC(337) NMethods: 6387 registered, 4462 unregistered
[85.800s][info][gc,metaspace] GC(337) Metaspace: 65M used, 66M committed, 1088M reserved
[85.800s][info][gc,ref      ] GC(337) Soft: 3236 encountered, 0 discovered, 0 enqueued
[85.800s][info][gc,ref      ] GC(337) Weak: 6409 encountered, 663 discovered, 0 enqueued
[85.800s][info][gc,ref      ] GC(337) Final: 62 encountered, 0 discovered, 0 enqueued
[85.800s][info][gc,ref      ] GC(337) Phantom: 621 encountered, 244 discovered, 0 enqueued
[85.800s][info][gc,reloc    ] GC(337) Small Pages: 257 / 514M, Empty: 0M, Relocated: 22M, In-Place: 0
[85.800s][info][gc,reloc    ] GC(337) Medium Pages: 1 / 32M, Empty: 0M, Relocated: 0M, In-Place: 0
[85.800s][info][gc,reloc    ] GC(337) Large Pages: 8 / 64M, Empty: 24M, Relocated: 0M, In-Place: 0
[85.800s][info][gc,reloc    ] GC(337) Forwarding Usage: 19M
[85.800s][info][gc,heap     ] GC(337) Min Capacity: 8M(1%)
[85.800s][info][gc,heap     ] GC(337) Max Capacity: 1024M(100%)
[85.800s][info][gc,heap     ] GC(337) Soft Max Capacity: 1024M(100%)
[85.800s][info][gc,heap     ] GC(337)                Mark Start          Mark End        Relocate Start      Relocate End           High               Low         
[85.800s][info][gc,heap     ] GC(337)  Capacity:     1024M (100%)       1024M (100%)       1024M (100%)       1024M (100%)       1024M (100%)       1024M (100%)   
[85.800s][info][gc,heap     ] GC(337)      Free:      414M (40%)         140M (14%)         126M (12%)         368M (36%)         414M (40%)         102M (10%)    
[85.800s][info][gc,heap     ] GC(337)      Used:      610M (60%)         884M (86%)         898M (88%)         656M (64%)         922M (90%)         610M (60%)    
[85.800s][info][gc,heap     ] GC(337)      Live:         -               263M (26%)         263M (26%)         263M (26%)            -                  -          
[85.800s][info][gc,heap     ] GC(337) Allocated:         -               274M (27%)         312M (30%)         339M (33%)            -                  -          
[85.800s][info][gc,heap     ] GC(337)   Garbage:         -               346M (34%)         322M (31%)          52M (5%)             -                  -          
[85.800s][info][gc,heap     ] GC(337) Reclaimed:         -                  -                24M (2%)          293M (29%)            -                  -          
[85.800s][info][gc          ] GC(337) Garbage Collection (Allocation Rate) 610M(60%)->656M(64%)
[85.814s][info][gc,start    ] GC(338) Garbage Collection (Allocation Rate)
[85.814s][info][gc,task     ] GC(338) Using 10 workers
[85.814s][info][gc,phases   ] GC(338) Pause Mark Start 0.012ms
[85.970s][info][gc,phases   ] GC(338) Concurrent Mark 155.949ms
[85.970s][info][gc,phases   ] GC(338) Pause Mark End 0.020ms
[85.970s][info][gc,phases   ] GC(338) Concurrent Mark Free 0.001ms
[85.972s][info][gc,phases   ] GC(338) Concurrent Process Non-Strong References 2.028ms
[85.973s][info][gc,phases   ] GC(338) Concurrent Reset Relocation Set 0.025ms
[85.976s][info][gc,phases   ] GC(338) Concurrent Select Relocation Set 3.084ms
[85.976s][info][gc,phases   ] GC(338) Pause Relocate Start 0.008ms
[85.995s][info][gc,phases   ] GC(338) Concurrent Relocate 19.367ms
[85.995s][info][gc,load     ] GC(338) Load: 0.00/0.00/0.00
[85.995s][info][gc,mmu      ] GC(338) MMU: 2ms/96.1%, 5ms/98.4%, 10ms/99.2%, 20ms/99.6%, 50ms/99.8%, 100ms/99.9%
[85.995s][info][gc,marking  ] GC(338) Mark: 8 stripe(s), 2 proactive flush(es), 1 terminate flush(es), 0 completion(s), 0 continuation(s) 
[85.995s][info][gc,marking  ] GC(338) Mark Stack Usage: 32M
[85.995s][info][gc,nmethod  ] GC(338) NMethods: 6387 registered, 4462 unregistered
[85.995s][info][gc,metaspace] GC(338) Metaspace: 65M used, 66M committed, 1088M reserved
[85.995s][info][gc,ref      ] GC(338) Soft: 3236 encountered, 0 discovered, 0 enqueued
[85.995s][info][gc,ref      ] GC(338) Weak: 6409 encountered, 1159 discovered, 0 enqueued
[85.995s][info][gc,ref      ] GC(338) Final: 62 encountered, 5 discovered, 0 enqueued
[85.995s][info][gc,ref      ] GC(338) Phantom: 619 encountered, 535 discovered, 0 enqueued
[85.995s][info][gc,reloc    ] GC(338) Small Pages: 305 / 610M, Empty: 0M, Relocated: 22M, In-Place: 0
[85.995s][info][gc,reloc    ] GC(338) Medium Pages: 1 / 32M, Empty: 0M, Relocated: 0M, In-Place: 0
[85.995s][info][gc,reloc    ] GC(338) Large Pages: 4 / 40M, Empty: 0M, Relocated: 0M, In-Place: 0
[85.995s][info][gc,reloc    ] GC(338) Forwarding Usage: 19M
[85.995s][info][gc,heap     ] GC(338) Min Capacity: 8M(1%)
[85.995s][info][gc,heap     ] GC(338) Max Capacity: 1024M(100%)
[85.995s][info][gc,heap     ] GC(338) Soft Max Capacity: 1024M(100%)
[85.995s][info][gc,heap     ] GC(338)                Mark Start          Mark End        Relocate Start      Relocate End           High               Low         
[85.995s][info][gc,heap     ] GC(338)  Capacity:     1024M (100%)       1024M (100%)       1024M (100%)       1024M (100%)       1024M (100%)       1024M (100%)   
[85.995s][info][gc,heap     ] GC(338)      Free:      342M (33%)          80M (8%)           72M (7%)          398M (39%)         402M (39%)          50M (5%)     
[85.995s][info][gc,heap     ] GC(338)      Used:      682M (67%)         944M (92%)         952M (93%)         626M (61%)         974M (95%)         622M (61%)    
[85.995s][info][gc,heap     ] GC(338)      Live:         -               274M (27%)         274M (27%)         274M (27%)            -                  -          
[85.995s][info][gc,heap     ] GC(338) Allocated:         -               262M (26%)         270M (26%)         295M (29%)            -                  -          
[85.995s][info][gc,heap     ] GC(338)   Garbage:         -               407M (40%)         407M (40%)          55M (5%)             -                  -          
[85.995s][info][gc,heap     ] GC(338) Reclaimed:         -                  -                 0M (0%)          351M (34%)            -                  -          
[85.995s][info][gc          ] GC(338) Garbage Collection (Allocation Rate) 682M(67%)->626M(61%)
[86.017s][info][gc,start    ] GC(339) Garbage Collection (Allocation Rate)
[86.017s][info][gc,task     ] GC(339) Using 10 workers
[86.017s][info][gc,phases   ] GC(339) Pause Mark Start 0.010ms
[86.189s][info][gc,phases   ] GC(339) Concurrent Mark 171.527ms
[86.189s][info][gc,phases   ] GC(339) Pause Mark End 0.035ms
[86.189s][info][gc,phases   ] GC(339) Concurrent Mark Free 0.001ms
[86.192s][info][gc,phases   ] GC(339) Concurrent Process Non-Strong References 2.664ms
[86.192s][info][gc,phases   ] GC(339) Concurrent Reset Relocation Set 0.049ms
[86.224s][info][gc,phases   ] GC(339) Concurrent Select Relocation Set 32.349ms
[86.225s][info][gc,phases   ] GC(339) Pause Relocate Start 0.009ms
[86.247s][info][gc,phases   ] GC(339) Concurrent Relocate 21.973ms
[86.247s][info][gc,load     ] GC(339) Load: 0.00/0.00/0.00
[86.247s][info][gc,mmu      ] GC(339) MMU: 2ms/96.1%, 5ms/98.4%, 10ms/99.2%, 20ms/99.6%, 50ms/99.8%, 100ms/99.9%
[86.247s][info][gc,marking  ] GC(339) Mark: 8 stripe(s), 3 proactive flush(es), 1 terminate flush(es), 0 completion(s), 0 continuation(s) 
[86.247s][info][gc,marking  ] GC(339) Mark Stack Usage: 32M
[86.247s][info][gc,nmethod  ] GC(339) NMethods: 6387 registered, 4462 unregistered
[86.247s][info][gc,metaspace] GC(339) Metaspace: 65M used, 66M committed, 1088M reserved
[86.247s][info][gc,ref      ] GC(339) Soft: 3236 encountered, 0 discovered, 0 enqueued
[86.247s][info][gc,ref      ] GC(339) Weak: 6409 encountered, 810 discovered, 0 enqueued
[86.247s][info][gc,ref      ] GC(339) Final: 62 encountered, 17 discovered, 0 enqueued
[86.247s][info][gc,ref      ] GC(339) Phantom: 621 encountered, 605 discovered, 0 enqueued
[86.247s][info][gc,reloc    ] GC(339) Small Pages: 297 / 594M, Empty: 0M, Relocated: 22M, In-Place: 4
[86.247s][info][gc,reloc    ] GC(339) Medium Pages: 1 / 32M, Empty: 0M, Relocated: 0M, In-Place: 0
[86.247s][info][gc,reloc    ] GC(339) Large Pages: 4 / 40M, Empty: 0M, Relocated: 0M, In-Place: 0
[86.247s][info][gc,reloc    ] GC(339) Forwarding Usage: 19M
[86.247s][info][gc,heap     ] GC(339) Min Capacity: 8M(1%)
[86.247s][info][gc,heap     ] GC(339) Max Capacity: 1024M(100%)
[86.247s][info][gc,heap     ] GC(339) Soft Max Capacity: 1024M(100%)
[86.247s][info][gc,heap     ] GC(339)                Mark Start          Mark End        Relocate Start      Relocate End           High               Low         
[86.247s][info][gc,heap     ] GC(339)  Capacity:     1024M (100%)       1024M (100%)       1024M (100%)       1024M (100%)       1024M (100%)       1024M (100%)   
[86.247s][info][gc,heap     ] GC(339)      Free:      358M (35%)          58M (6%)           12M (1%)          308M (30%)         358M (35%)           0M (0%)     
[86.247s][info][gc,heap     ] GC(339)      Used:      666M (65%)         966M (94%)        1012M (99%)         716M (70%)        1024M (100%)        666M (65%)    
[86.247s][info][gc,heap     ] GC(339)      Live:         -               283M (28%)         283M (28%)         283M (28%)            -                  -          
[86.247s][info][gc,heap     ] GC(339) Allocated:         -               300M (29%)         346M (34%)         375M (37%)            -                  -          
[86.247s][info][gc,heap     ] GC(339)   Garbage:         -               382M (37%)         382M (37%)          57M (6%)             -                  -          
[86.247s][info][gc,heap     ] GC(339) Reclaimed:         -                  -                 0M (0%)          325M (32%)            -                  -          
[86.247s][info][gc          ] GC(339) Garbage Collection (Allocation Rate) 666M(65%)->716M(70%)
[86.314s][info][gc,start    ] GC(340) Garbage Collection (Allocation Rate)
[86.314s][info][gc,task     ] GC(340) Using 10 workers
[86.314s][info][gc,phases   ] GC(340) Pause Mark Start 0.017ms
[86.486s][info][gc,phases   ] GC(340) Concurrent Mark 171.440ms
[86.486s][info][gc,phases   ] GC(340) Pause Mark End 0.020ms
[86.486s][info][gc,phases   ] GC(340) Concurrent Mark Free 0.002ms
[86.488s][info][gc,phases   ] GC(340) Concurrent Process Non-Strong References 2.065ms
[86.488s][info][gc,phases   ] GC(340) Concurrent Reset Relocation Set 0.024ms
[86.513s][info][gc,phases   ] GC(340) Concurrent Select Relocation Set 25.322ms
[86.514s][info][gc,phases   ] GC(340) Pause Relocate Start 0.015ms
[86.515s][info][gc          ] Allocation Stall (Executor task launch worker for task 0.0 in stage 79.0 (TID 148)) 81.578ms
[86.528s][info][gc          ] Relocation Stall (Executor task launch worker for task 3.0 in stage 79.0 (TID 151)) 13.119ms
[86.528s][info][gc          ] Relocation Stall (Executor task launch worker for task 2.0 in stage 79.0 (TID 150)) 13.369ms
[86.528s][info][gc          ] Relocation Stall (Executor task launch worker for task 1.0 in stage 79.0 (TID 149)) 13.158ms
[86.528s][info][gc          ] Allocation Stall (Executor task launch worker for task 2.0 in stage 79.0 (TID 150)) 95.283ms
[86.528s][info][gc          ] Allocation Stall (Executor task launch worker for task 3.0 in stage 79.0 (TID 151)) 94.879ms
[86.528s][info][gc          ] Allocation Stall (Executor task launch worker for task 1.0 in stage 79.0 (TID 149)) 95.157ms
[86.533s][info][gc,phases   ] GC(340) Concurrent Relocate 18.943ms
[86.533s][info][gc,load     ] GC(340) Load: 0.00/0.00/0.00
[86.533s][info][gc,mmu      ] GC(340) MMU: 2ms/96.1%, 5ms/98.4%, 10ms/99.2%, 20ms/99.6%, 50ms/99.8%, 100ms/99.9%
[86.533s][info][gc,marking  ] GC(340) Mark: 8 stripe(s), 2 proactive flush(es), 1 terminate flush(es), 0 completion(s), 0 continuation(s) 
[86.533s][info][gc,marking  ] GC(340) Mark Stack Usage: 32M
[86.533s][info][gc,nmethod  ] GC(340) NMethods: 6387 registered, 4462 unregistered
[86.533s][info][gc,metaspace] GC(340) Metaspace: 65M used, 66M committed, 1088M reserved
[86.533s][info][gc,ref      ] GC(340) Soft: 3236 encountered, 0 discovered, 0 enqueued
[86.533s][info][gc,ref      ] GC(340) Weak: 6409 encountered, 743 discovered, 0 enqueued
[86.533s][info][gc,ref      ] GC(340) Final: 62 encountered, 1 discovered, 0 enqueued
[86.533s][info][gc,ref      ] GC(340) Phantom: 621 encountered, 606 discovered, 0 enqueued
[86.533s][info][gc,reloc    ] GC(340) Small Pages: 383 / 766M, Empty: 0M, Relocated: 22M, In-Place: 10
[86.533s][info][gc,reloc    ] GC(340) Medium Pages: 1 / 32M, Empty: 0M, Relocated: 0M, In-Place: 0
[86.533s][info][gc,reloc    ] GC(340) Large Pages: 4 / 40M, Empty: 0M, Relocated: 0M, In-Place: 0
[86.533s][info][gc,reloc    ] GC(340) Forwarding Usage: 21M
[86.533s][info][gc,heap     ] GC(340) Min Capacity: 8M(1%)
[86.533s][info][gc,heap     ] GC(340) Max Capacity: 1024M(100%)
[86.533s][info][gc,heap     ] GC(340) Soft Max Capacity: 1024M(100%)
[86.533s][info][gc,heap     ] GC(340)                Mark Start          Mark End        Relocate Start      Relocate End           High               Low         
[86.533s][info][gc,heap     ] GC(340)  Capacity:     1024M (100%)       1024M (100%)       1024M (100%)       1024M (100%)       1024M (100%)       1024M (100%)   
[86.533s][info][gc,heap     ] GC(340)      Free:      186M (18%)           0M (0%)            0M (0%)          474M (46%)         474M (46%)           0M (0%)     
[86.533s][info][gc,heap     ] GC(340)      Used:      838M (82%)        1024M (100%)       1024M (100%)        550M (54%)        1024M (100%)        550M (54%)    
[86.533s][info][gc,heap     ] GC(340)      Live:         -               294M (29%)         294M (29%)         294M (29%)            -                  -          
[86.533s][info][gc,heap     ] GC(340) Allocated:         -               186M (18%)         186M (18%)         193M (19%)            -                  -          
[86.533s][info][gc,heap     ] GC(340)   Garbage:         -               543M (53%)         543M (53%)          61M (6%)             -                  -          
[86.533s][info][gc,heap     ] GC(340) Reclaimed:         -                  -                 0M (0%)          481M (47%)            -                  -          
[86.533s][info][gc          ] GC(340) Garbage Collection (Allocation Rate) 838M(82%)->550M(54%)
[86.611s][info][gc,start    ] GC(341) Garbage Collection (Allocation Stall)
[86.611s][info][gc,ref      ] GC(341) Clearing All SoftReferences
[86.611s][info][gc,task     ] GC(341) Using 10 workers
[86.611s][info][gc,ref      ] GC(341) Clearing All SoftReferences
[86.611s][info][gc,phases   ] GC(341) Pause Mark Start 0.049ms
[86.767s][info][gc,phases   ] GC(341) Concurrent Mark 155.793ms
[86.767s][info][gc,phases   ] GC(341) Pause Mark End 0.024ms
[86.767s][info][gc,phases   ] GC(341) Concurrent Mark Free 0.001ms
[86.779s][info][gc,phases   ] GC(341) Concurrent Process Non-Strong References 12.364ms
[86.780s][info][gc,phases   ] GC(341) Concurrent Reset Relocation Set 0.041ms
[86.783s][info][gc,phases   ] GC(341) Concurrent Select Relocation Set 3.089ms
[86.783s][info][gc,phases   ] GC(341) Pause Relocate Start 0.009ms
[86.798s][info][gc,phases   ] GC(341) Concurrent Relocate 15.218ms
[86.798s][info][gc,load     ] GC(341) Load: 0.00/0.00/0.00
[86.798s][info][gc,mmu      ] GC(341) MMU: 2ms/96.1%, 5ms/98.4%, 10ms/99.2%, 20ms/99.6%, 50ms/99.8%, 100ms/99.9%
[86.798s][info][gc,marking  ] GC(341) Mark: 8 stripe(s), 2 proactive flush(es), 1 terminate flush(es), 0 completion(s), 0 continuation(s) 
[86.798s][info][gc,marking  ] GC(341) Mark Stack Usage: 32M
[86.798s][info][gc,nmethod  ] GC(341) NMethods: 6369 registered, 4481 unregistered
[86.798s][info][gc,metaspace] GC(341) Metaspace: 64M used, 66M committed, 1088M reserved
[86.798s][info][gc,ref      ] GC(341) Soft: 3133 encountered, 804 discovered, 416 enqueued
[86.798s][info][gc,ref      ] GC(341) Weak: 6316 encountered, 1403 discovered, 45 enqueued
[86.798s][info][gc,ref      ] GC(341) Final: 62 encountered, 15 discovered, 0 enqueued
[86.798s][info][gc,ref      ] GC(341) Phantom: 619 encountered, 383 discovered, 0 enqueued
[86.798s][info][gc,reloc    ] GC(341) Small Pages: 306 / 612M, Empty: 0M, Relocated: 22M, In-Place: 0
[86.798s][info][gc,reloc    ] GC(341) Medium Pages: 1 / 32M, Empty: 0M, Relocated: 0M, In-Place: 0
[86.798s][info][gc,reloc    ] GC(341) Large Pages: 4 / 40M, Empty: 0M, Relocated: 0M, In-Place: 0
[86.798s][info][gc,reloc    ] GC(341) Forwarding Usage: 20M
[86.798s][info][gc,heap     ] GC(341) Min Capacity: 8M(1%)
[86.798s][info][gc,heap     ] GC(341) Max Capacity: 1024M(100%)
[86.798s][info][gc,heap     ] GC(341) Soft Max Capacity: 1024M(100%)
[86.798s][info][gc,heap     ] GC(341)                Mark Start          Mark End        Relocate Start      Relocate End           High               Low         
[86.798s][info][gc,heap     ] GC(341)  Capacity:     1024M (100%)       1024M (100%)       1024M (100%)       1024M (100%)       1024M (100%)       1024M (100%)   
[86.798s][info][gc,heap     ] GC(341)      Free:      340M (33%)         150M (15%)         142M (14%)         454M (44%)         454M (44%)         122M (12%)    
[86.798s][info][gc,heap     ] GC(341)      Used:      684M (67%)         874M (85%)         882M (86%)         570M (56%)         902M (88%)         570M (56%)    
[86.798s][info][gc,heap     ] GC(341)      Live:         -               299M (29%)         299M (29%)         299M (29%)            -                  -          
[86.798s][info][gc,heap     ] GC(341) Allocated:         -               190M (19%)         198M (19%)         203M (20%)            -                  -          
[86.798s][info][gc,heap     ] GC(341)   Garbage:         -               384M (38%)         384M (38%)          67M (7%)             -                  -          
[86.798s][info][gc,heap     ] GC(341) Reclaimed:         -                  -                 0M (0%)          317M (31%)            -                  -          
[86.798s][info][gc          ] GC(341) Garbage Collection (Allocation Stall) 684M(67%)->570M(56%)
[86.809s][info][gc,start    ] GC(342) Garbage Collection (Allocation Rate)
[86.809s][info][gc,task     ] GC(342) Using 10 workers
[86.809s][info][gc,phases   ] GC(342) Pause Mark Start 0.016ms
[86.981s][info][gc,phases   ] GC(342) Concurrent Mark 171.566ms
[86.981s][info][gc,phases   ] GC(342) Pause Mark End 0.028ms
[86.981s][info][gc,phases   ] GC(342) Concurrent Mark Free 0.001ms
[86.983s][info][gc,phases   ] GC(342) Concurrent Process Non-Strong References 2.057ms
[86.983s][info][gc,phases   ] GC(342) Concurrent Reset Relocation Set 0.031ms
[86.988s][info][gc,phases   ] GC(342) Concurrent Select Relocation Set 4.305ms
[86.988s][info][gc,phases   ] GC(342) Pause Relocate Start 0.009ms
[86.999s][info][gc,phases   ] GC(342) Concurrent Relocate 10.861ms
[86.999s][info][gc,load     ] GC(342) Load: 0.00/0.00/0.00
[86.999s][info][gc,mmu      ] GC(342) MMU: 2ms/96.1%, 5ms/98.4%, 10ms/99.2%, 20ms/99.6%, 50ms/99.8%, 100ms/99.9%
[86.999s][info][gc,marking  ] GC(342) Mark: 8 stripe(s), 2 proactive flush(es), 1 terminate flush(es), 0 completion(s), 0 continuation(s) 
[86.999s][info][gc,marking  ] GC(342) Mark Stack Usage: 32M
[86.999s][info][gc,nmethod  ] GC(342) NMethods: 6368 registered, 4482 unregistered
[86.999s][info][gc,metaspace] GC(342) Metaspace: 64M used, 66M committed, 1088M reserved
[86.999s][info][gc,ref      ] GC(342) Soft: 2717 encountered, 0 discovered, 0 enqueued
[86.999s][info][gc,ref      ] GC(342) Weak: 5937 encountered, 1364 discovered, 0 enqueued
[86.999s][info][gc,ref      ] GC(342) Final: 62 encountered, 16 discovered, 0 enqueued
[86.999s][info][gc,ref      ] GC(342) Phantom: 617 encountered, 494 discovered, 0 enqueued
[86.999s][info][gc,reloc    ] GC(342) Small Pages: 236 / 472M, Empty: 0M, Relocated: 10M, In-Place: 0
[86.999s][info][gc,reloc    ] GC(342) Medium Pages: 2 / 64M, Empty: 0M, Relocated: 12M, In-Place: 0
[86.999s][info][gc,reloc    ] GC(342) Large Pages: 4 / 40M, Empty: 0M, Relocated: 0M, In-Place: 0
[86.999s][info][gc,reloc    ] GC(342) Forwarding Usage: 8M
[86.999s][info][gc,heap     ] GC(342) Min Capacity: 8M(1%)
[86.999s][info][gc,heap     ] GC(342) Max Capacity: 1024M(100%)
[86.999s][info][gc,heap     ] GC(342) Soft Max Capacity: 1024M(100%)
[86.999s][info][gc,heap     ] GC(342)                Mark Start          Mark End        Relocate Start      Relocate End           High               Low         
[86.999s][info][gc,heap     ] GC(342)  Capacity:     1024M (100%)       1024M (100%)       1024M (100%)       1024M (100%)       1024M (100%)       1024M (100%)   
[86.999s][info][gc,heap     ] GC(342)      Free:      448M (44%)         392M (38%)         392M (38%)         594M (58%)         594M (58%)         344M (34%)    
[86.999s][info][gc,heap     ] GC(342)      Used:      576M (56%)         632M (62%)         632M (62%)         430M (42%)         680M (66%)         430M (42%)    
[86.999s][info][gc,heap     ] GC(342)      Live:         -               304M (30%)         304M (30%)         304M (30%)            -                  -          
[86.999s][info][gc,heap     ] GC(342) Allocated:         -                56M (5%)           56M (5%)           57M (6%)             -                  -          
[86.999s][info][gc,heap     ] GC(342)   Garbage:         -               271M (26%)         271M (26%)          67M (7%)             -                  -          
[86.999s][info][gc,heap     ] GC(342) Reclaimed:         -                  -                 0M (0%)          203M (20%)            -                  -          
[86.999s][info][gc          ] GC(342) Garbage Collection (Allocation Rate) 576M(56%)->430M(42%)
[87.012s][info][gc,start    ] GC(343) Garbage Collection (Allocation Rate)
[87.012s][info][gc,task     ] GC(343) Using 10 workers
[87.012s][info][gc,phases   ] GC(343) Pause Mark Start 0.013ms
[87.184s][info][gc,phases   ] GC(343) Concurrent Mark 171.476ms
[87.184s][info][gc,phases   ] GC(343) Pause Mark End 0.032ms
[87.184s][info][gc,phases   ] GC(343) Concurrent Mark Free 0.001ms
[87.186s][info][gc,phases   ] GC(343) Concurrent Process Non-Strong References 2.121ms
[87.186s][info][gc,phases   ] GC(343) Concurrent Reset Relocation Set 0.016ms
[87.190s][info][gc,phases   ] GC(343) Concurrent Select Relocation Set 3.091ms
[87.190s][info][gc,phases   ] GC(343) Pause Relocate Start 0.008ms
[87.198s][info][gc,phases   ] GC(343) Concurrent Relocate 7.953ms
[87.198s][info][gc,load     ] GC(343) Load: 0.00/0.00/0.00
[87.198s][info][gc,mmu      ] GC(343) MMU: 2ms/96.1%, 5ms/98.4%, 10ms/99.2%, 20ms/99.6%, 50ms/99.8%, 100ms/99.9%
[87.198s][info][gc,marking  ] GC(343) Mark: 8 stripe(s), 3 proactive flush(es), 1 terminate flush(es), 0 completion(s), 0 continuation(s) 
[87.198s][info][gc,marking  ] GC(343) Mark Stack Usage: 32M
[87.198s][info][gc,nmethod  ] GC(343) NMethods: 6371 registered, 4482 unregistered
[87.198s][info][gc,metaspace] GC(343) Metaspace: 64M used, 66M committed, 1088M reserved
[87.198s][info][gc,ref      ] GC(343) Soft: 2717 encountered, 0 discovered, 0 enqueued
[87.198s][info][gc,ref      ] GC(343) Weak: 5937 encountered, 1015 discovered, 0 enqueued
[87.198s][info][gc,ref      ] GC(343) Final: 62 encountered, 15 discovered, 0 enqueued
[87.198s][info][gc,ref      ] GC(343) Phantom: 617 encountered, 547 discovered, 0 enqueued
[87.198s][info][gc,reloc    ] GC(343) Small Pages: 163 / 326M, Empty: 0M, Relocated: 5M, In-Place: 0
[87.198s][info][gc,reloc    ] GC(343) Medium Pages: 2 / 64M, Empty: 0M, Relocated: 17M, In-Place: 0
[87.198s][info][gc,reloc    ] GC(343) Large Pages: 4 / 40M, Empty: 0M, Relocated: 0M, In-Place: 0
[87.198s][info][gc,reloc    ] GC(343) Forwarding Usage: 4M
[87.198s][info][gc,heap     ] GC(343) Min Capacity: 8M(1%)
[87.198s][info][gc,heap     ] GC(343) Max Capacity: 1024M(100%)
[87.198s][info][gc,heap     ] GC(343) Soft Max Capacity: 1024M(100%)
[87.198s][info][gc,heap     ] GC(343)                Mark Start          Mark End        Relocate Start      Relocate End           High               Low         
[87.198s][info][gc,heap     ] GC(343)  Capacity:     1024M (100%)       1024M (100%)       1024M (100%)       1024M (100%)       1024M (100%)       1024M (100%)   
[87.198s][info][gc,heap     ] GC(343)      Free:      594M (58%)         558M (54%)         556M (54%)         606M (59%)         606M (59%)         508M (50%)    
[87.198s][info][gc,heap     ] GC(343)      Used:      430M (42%)         466M (46%)         468M (46%)         418M (41%)         516M (50%)         418M (41%)    
[87.198s][info][gc,heap     ] GC(343)      Live:         -               309M (30%)         309M (30%)         309M (30%)            -                  -          
[87.198s][info][gc,heap     ] GC(343) Allocated:         -                36M (4%)           38M (4%)           39M (4%)             -                  -          
[87.198s][info][gc,heap     ] GC(343)   Garbage:         -               120M (12%)         120M (12%)          68M (7%)             -                  -          
[87.198s][info][gc,heap     ] GC(343) Reclaimed:         -                  -                 0M (0%)           51M (5%)             -                  -          
[87.199s][info][gc          ] GC(343) Garbage Collection (Allocation Rate) 430M(42%)->418M(41%)
[87.215s][info][gc,start    ] GC(344) Garbage Collection (Allocation Rate)
[87.215s][info][gc,task     ] GC(344) Using 10 workers
[87.215s][info][gc,phases   ] GC(344) Pause Mark Start 0.013ms
[87.377s][info][gc,phases   ] GC(344) Concurrent Mark 161.222ms
[87.377s][info][gc,phases   ] GC(344) Pause Mark End 0.019ms
[87.377s][info][gc,phases   ] GC(344) Concurrent Mark Free 0.001ms
[87.379s][info][gc,phases   ] GC(344) Concurrent Process Non-Strong References 1.911ms
[87.379s][info][gc,phases   ] GC(344) Concurrent Reset Relocation Set 0.003ms
[87.386s][info][gc,phases   ] GC(344) Concurrent Select Relocation Set 7.145ms
[87.386s][info][gc,phases   ] GC(344) Pause Relocate Start 0.009ms
[87.395s][info][gc,phases   ] GC(344) Concurrent Relocate 8.276ms
[87.395s][info][gc,load     ] GC(344) Load: 0.00/0.00/0.00
[87.395s][info][gc,mmu      ] GC(344) MMU: 2ms/96.1%, 5ms/98.4%, 10ms/99.2%, 20ms/99.6%, 50ms/99.8%, 100ms/99.9%
[87.395s][info][gc,marking  ] GC(344) Mark: 8 stripe(s), 2 proactive flush(es), 1 terminate flush(es), 0 completion(s), 0 continuation(s) 
[87.395s][info][gc,marking  ] GC(344) Mark Stack Usage: 32M
[87.395s][info][gc,nmethod  ] GC(344) NMethods: 6373 registered, 4482 unregistered
[87.395s][info][gc,metaspace] GC(344) Metaspace: 64M used, 66M committed, 1088M reserved
[87.395s][info][gc,ref      ] GC(344) Soft: 2807 encountered, 0 discovered, 0 enqueued
[87.395s][info][gc,ref      ] GC(344) Weak: 6090 encountered, 2629 discovered, 11 enqueued
[87.395s][info][gc,ref      ] GC(344) Final: 62 encountered, 2 discovered, 0 enqueued
[87.395s][info][gc,ref      ] GC(344) Phantom: 619 encountered, 398 discovered, 0 enqueued
[87.395s][info][gc,reloc    ] GC(344) Small Pages: 158 / 316M, Empty: 0M, Relocated: 6M, In-Place: 0
[87.395s][info][gc,reloc    ] GC(344) Medium Pages: 2 / 64M, Empty: 0M, Relocated: 15M, In-Place: 0
[87.395s][info][gc,reloc    ] GC(344) Large Pages: 4 / 40M, Empty: 0M, Relocated: 0M, In-Place: 0
[87.395s][info][gc,reloc    ] GC(344) Forwarding Usage: 5M
[87.395s][info][gc,heap     ] GC(344) Min Capacity: 8M(1%)
[87.395s][info][gc,heap     ] GC(344) Max Capacity: 1024M(100%)
[87.395s][info][gc,heap     ] GC(344) Soft Max Capacity: 1024M(100%)
[87.395s][info][gc,heap     ] GC(344)                Mark Start          Mark End        Relocate Start      Relocate End           High               Low         
[87.395s][info][gc,heap     ] GC(344)  Capacity:     1024M (100%)       1024M (100%)       1024M (100%)       1024M (100%)       1024M (100%)       1024M (100%)   
[87.395s][info][gc,heap     ] GC(344)      Free:      604M (59%)         534M (52%)         534M (52%)         578M (56%)         604M (59%)         486M (47%)    
[87.395s][info][gc,heap     ] GC(344)      Used:      420M (41%)         490M (48%)         490M (48%)         446M (44%)         538M (53%)         420M (41%)    
[87.395s][info][gc,heap     ] GC(344)      Live:         -               307M (30%)         307M (30%)         307M (30%)            -                  -          
[87.395s][info][gc,heap     ] GC(344) Allocated:         -                70M (7%)           70M (7%)           69M (7%)             -                  -          
[87.395s][info][gc,heap     ] GC(344)   Garbage:         -               112M (11%)         112M (11%)          68M (7%)             -                  -          
[87.395s][info][gc,heap     ] GC(344) Reclaimed:         -                  -                 0M (0%)           43M (4%)             -                  -          
[87.395s][info][gc          ] GC(344) Garbage Collection (Allocation Rate) 420M(41%)->446M(44%)
[87.408s][info][gc,start    ] GC(345) Garbage Collection (Allocation Rate)
[87.408s][info][gc,task     ] GC(345) Using 10 workers
[87.408s][info][gc,phases   ] GC(345) Pause Mark Start 0.009ms
[87.502s][info][gc,phases   ] GC(345) Concurrent Mark 93.401ms
[87.502s][info][gc,phases   ] GC(345) Pause Mark End 0.019ms
[87.502s][info][gc,phases   ] GC(345) Concurrent Mark Free 0.001ms
[87.504s][info][gc,phases   ] GC(345) Concurrent Process Non-Strong References 1.776ms
[87.504s][info][gc,phases   ] GC(345) Concurrent Reset Relocation Set 0.005ms
[87.520s][info][gc,phases   ] GC(345) Concurrent Select Relocation Set 16.414ms
[87.520s][info][gc,phases   ] GC(345) Pause Relocate Start 0.009ms
[87.536s][info][gc,phases   ] GC(345) Concurrent Relocate 15.426ms
[87.536s][info][gc,load     ] GC(345) Load: 0.00/0.00/0.00
[87.536s][info][gc,mmu      ] GC(345) MMU: 2ms/96.1%, 5ms/98.4%, 10ms/99.2%, 20ms/99.6%, 50ms/99.8%, 100ms/99.9%
[87.536s][info][gc,marking  ] GC(345) Mark: 8 stripe(s), 2 proactive flush(es), 1 terminate flush(es), 0 completion(s), 0 continuation(s) 
[87.536s][info][gc,marking  ] GC(345) Mark Stack Usage: 32M
[87.536s][info][gc,nmethod  ] GC(345) NMethods: 6374 registered, 4483 unregistered
[87.536s][info][gc,metaspace] GC(345) Metaspace: 64M used, 66M committed, 1088M reserved
[87.536s][info][gc,ref      ] GC(345) Soft: 2827 encountered, 0 discovered, 0 enqueued
[87.536s][info][gc,ref      ] GC(345) Weak: 6102 encountered, 1259 discovered, 76 enqueued
[87.536s][info][gc,ref      ] GC(345) Final: 62 encountered, 7 discovered, 0 enqueued
[87.536s][info][gc,ref      ] GC(345) Phantom: 618 encountered, 326 discovered, 0 enqueued
[87.536s][info][gc,reloc    ] GC(345) Small Pages: 172 / 344M, Empty: 30M, Relocated: 29M, In-Place: 0
[87.536s][info][gc,reloc    ] GC(345) Medium Pages: 2 / 64M, Empty: 32M, Relocated: 0M, In-Place: 0
[87.536s][info][gc,reloc    ] GC(345) Large Pages: 4 / 40M, Empty: 30M, Relocated: 0M, In-Place: 0
[87.536s][info][gc,reloc    ] GC(345) Forwarding Usage: 25M
[87.536s][info][gc,heap     ] GC(345) Min Capacity: 8M(1%)
[87.536s][info][gc,heap     ] GC(345) Max Capacity: 1024M(100%)
[87.536s][info][gc,heap     ] GC(345) Soft Max Capacity: 1024M(100%)
[87.536s][info][gc,heap     ] GC(345)                Mark Start          Mark End        Relocate Start      Relocate End           High               Low         
[87.536s][info][gc,heap     ] GC(345)  Capacity:     1024M (100%)       1024M (100%)       1024M (100%)       1024M (100%)       1024M (100%)       1024M (100%)   
[87.536s][info][gc,heap     ] GC(345)      Free:      576M (56%)         566M (55%)         656M (64%)         774M (76%)         774M (76%)         566M (55%)    
[87.537s][info][gc,heap     ] GC(345)      Used:      448M (44%)         458M (45%)         368M (36%)         250M (24%)         458M (45%)         250M (24%)    
[87.537s][info][gc,heap     ] GC(345)      Live:         -               199M (19%)         199M (19%)         199M (19%)            -                  -          
[87.537s][info][gc,heap     ] GC(345) Allocated:         -                10M (1%)           12M (1%)           11M (1%)             -                  -          
[87.537s][info][gc,heap     ] GC(345)   Garbage:         -               248M (24%)         156M (15%)          39M (4%)             -                  -          
[87.537s][info][gc,heap     ] GC(345) Reclaimed:         -                  -                92M (9%)          209M (20%)            -                  -          
[87.537s][info][gc          ] GC(345) Garbage Collection (Allocation Rate) 448M(44%)->250M(24%)
[87.611s][info][gc,start    ] GC(346) Garbage Collection (Allocation Rate)
[87.611s][info][gc,task     ] GC(346) Using 10 workers
[87.611s][info][gc,phases   ] GC(346) Pause Mark Start 0.009ms
[87.695s][info][gc,phases   ] GC(346) Concurrent Mark 83.930ms
[87.696s][info][gc,phases   ] GC(346) Pause Mark End 0.026ms
[87.696s][info][gc,phases   ] GC(346) Concurrent Mark Free 0.001ms
[87.698s][info][gc,phases   ] GC(346) Concurrent Process Non-Strong References 2.156ms
[87.698s][info][gc,phases   ] GC(346) Concurrent Reset Relocation Set 0.015ms
[87.704s][info][gc,phases   ] GC(346) Concurrent Select Relocation Set 6.450ms
[87.704s][info][gc,phases   ] GC(346) Pause Relocate Start 0.008ms
[87.707s][info][gc,phases   ] GC(346) Concurrent Relocate 2.813ms
[87.707s][info][gc,load     ] GC(346) Load: 0.00/0.00/0.00
[87.707s][info][gc,mmu      ] GC(346) MMU: 2ms/96.1%, 5ms/98.4%, 10ms/99.2%, 20ms/99.6%, 50ms/99.8%, 100ms/99.9%
[87.707s][info][gc,marking  ] GC(346) Mark: 8 stripe(s), 3 proactive flush(es), 1 terminate flush(es), 0 completion(s), 0 continuation(s) 
[87.707s][info][gc,marking  ] GC(346) Mark Stack Usage: 32M
[87.707s][info][gc,nmethod  ] GC(346) NMethods: 6402 registered, 4485 unregistered
[87.707s][info][gc,metaspace] GC(346) Metaspace: 65M used, 66M committed, 1088M reserved
[87.707s][info][gc,ref      ] GC(346) Soft: 2960 encountered, 0 discovered, 0 enqueued
[87.707s][info][gc,ref      ] GC(346) Weak: 6270 encountered, 2886 discovered, 42 enqueued
[87.707s][info][gc,ref      ] GC(346) Final: 62 encountered, 1 discovered, 0 enqueued
[87.707s][info][gc,ref      ] GC(346) Phantom: 617 encountered, 515 discovered, 0 enqueued
[87.707s][info][gc,reloc    ] GC(346) Small Pages: 108 / 216M, Empty: 8M, Relocated: 4M, In-Place: 0
[87.707s][info][gc,reloc    ] GC(346) Medium Pages: 1 / 32M, Empty: 0M, Relocated: 0M, In-Place: 0
[87.707s][info][gc,reloc    ] GC(346) Large Pages: 1 / 10M, Empty: 10M, Relocated: 0M, In-Place: 0
[87.707s][info][gc,reloc    ] GC(346) Forwarding Usage: 2M
[87.708s][info][gc,heap     ] GC(346) Min Capacity: 8M(1%)
[87.708s][info][gc,heap     ] GC(346) Max Capacity: 1024M(100%)
[87.708s][info][gc,heap     ] GC(346) Soft Max Capacity: 1024M(100%)
[87.708s][info][gc,heap     ] GC(346)                Mark Start          Mark End        Relocate Start      Relocate End           High               Low         
[87.708s][info][gc,heap     ] GC(346)  Capacity:     1024M (100%)       1024M (100%)       1024M (100%)       1024M (100%)       1024M (100%)       1024M (100%)   
[87.708s][info][gc,heap     ] GC(346)      Free:      766M (75%)         678M (66%)         684M (67%)         710M (69%)         766M (75%)         668M (65%)    
[87.708s][info][gc,heap     ] GC(346)      Used:      258M (25%)         346M (34%)         340M (33%)         314M (31%)         356M (35%)         258M (25%)    
[87.708s][info][gc,heap     ] GC(346)      Live:         -               165M (16%)         165M (16%)         165M (16%)            -                  -          
[87.708s][info][gc,heap     ] GC(346) Allocated:         -                88M (9%)          100M (10%)         101M (10%)            -                  -          
[87.708s][info][gc,heap     ] GC(346)   Garbage:         -                92M (9%)           74M (7%)           46M (5%)             -                  -          
[87.708s][info][gc,heap     ] GC(346) Reclaimed:         -                  -                18M (2%)           45M (4%)             -                  -          
[87.708s][info][gc          ] GC(346) Garbage Collection (Allocation Rate) 258M(25%)->314M(31%)
[87.711s][info][gc,start    ] GC(347) Garbage Collection (Allocation Rate)
[87.711s][info][gc,task     ] GC(347) Using 10 workers
[87.711s][info][gc,phases   ] GC(347) Pause Mark Start 0.008ms
[87.789s][info][gc,phases   ] GC(347) Concurrent Mark 77.883ms
[87.789s][info][gc,phases   ] GC(347) Pause Mark End 0.024ms
[87.789s][info][gc,phases   ] GC(347) Concurrent Mark Free 0.001ms
[87.801s][info][gc,phases   ] GC(347) Concurrent Process Non-Strong References 11.401ms
[87.801s][info][gc,phases   ] GC(347) Concurrent Reset Relocation Set 0.002ms
[87.806s][info][gc,phases   ] GC(347) Concurrent Select Relocation Set 5.581ms
[87.806s][info][gc,phases   ] GC(347) Pause Relocate Start 0.009ms
[87.817s][info][gc,phases   ] GC(347) Concurrent Relocate 10.329ms
[87.817s][info][gc,load     ] GC(347) Load: 0.00/0.00/0.00
[87.817s][info][gc,mmu      ] GC(347) MMU: 2ms/96.1%, 5ms/98.4%, 10ms/99.2%, 20ms/99.6%, 50ms/99.8%, 100ms/99.9%
[87.817s][info][gc,marking  ] GC(347) Mark: 8 stripe(s), 2 proactive flush(es), 1 terminate flush(es), 0 completion(s), 0 continuation(s) 
[87.817s][info][gc,marking  ] GC(347) Mark Stack Usage: 32M
[87.817s][info][gc,nmethod  ] GC(347) NMethods: 6399 registered, 4488 unregistered
[87.817s][info][gc,metaspace] GC(347) Metaspace: 65M used, 66M committed, 1088M reserved
[87.817s][info][gc,ref      ] GC(347) Soft: 3118 encountered, 0 discovered, 0 enqueued
[87.817s][info][gc,ref      ] GC(347) Weak: 6536 encountered, 583 discovered, 181 enqueued
[87.817s][info][gc,ref      ] GC(347) Final: 62 encountered, 1 discovered, 0 enqueued
[87.817s][info][gc,ref      ] GC(347) Phantom: 621 encountered, 606 discovered, 0 enqueued
[87.817s][info][gc,reloc    ] GC(347) Small Pages: 126 / 252M, Empty: 0M, Relocated: 10M, In-Place: 0
[87.817s][info][gc,reloc    ] GC(347) Medium Pages: 2 / 64M, Empty: 0M, Relocated: 13M, In-Place: 0
[87.817s][info][gc,reloc    ] GC(347) Large Pages: 1 / 6M, Empty: 6M, Relocated: 0M, In-Place: 0
[87.817s][info][gc,reloc    ] GC(347) Forwarding Usage: 6M
[87.817s][info][gc,heap     ] GC(347) Min Capacity: 8M(1%)
[87.817s][info][gc,heap     ] GC(347) Max Capacity: 1024M(100%)
[87.817s][info][gc,heap     ] GC(347) Soft Max Capacity: 1024M(100%)
[87.817s][info][gc,heap     ] GC(347)                Mark Start          Mark End        Relocate Start      Relocate End           High               Low         
[87.817s][info][gc,heap     ] GC(347)  Capacity:     1024M (100%)       1024M (100%)       1024M (100%)       1024M (100%)       1024M (100%)       1024M (100%)   
[87.817s][info][gc,heap     ] GC(347)      Free:      702M (69%)         582M (57%)         574M (56%)         678M (66%)         702M (69%)         526M (51%)    
[87.817s][info][gc,heap     ] GC(347)      Used:      322M (31%)         442M (43%)         450M (44%)         346M (34%)         498M (49%)         322M (31%)    
[87.817s][info][gc,heap     ] GC(347)      Live:         -               173M (17%)         173M (17%)         173M (17%)            -                  -          
[87.818s][info][gc,heap     ] GC(347) Allocated:         -               120M (12%)         134M (13%)         137M (13%)            -                  -          
[87.818s][info][gc,heap     ] GC(347)   Garbage:         -               148M (15%)         142M (14%)          34M (3%)             -                  -          
[87.818s][info][gc,heap     ] GC(347) Reclaimed:         -                  -                 6M (1%)          113M (11%)            -                  -          
[87.818s][info][gc          ] GC(347) Garbage Collection (Allocation Rate) 322M(31%)->346M(34%)
[88.008s][info][gc,start    ] GC(348) Garbage Collection (Allocation Rate)
[88.008s][info][gc,task     ] GC(348) Using 10 workers
[88.008s][info][gc,phases   ] GC(348) Pause Mark Start 0.011ms
[88.133s][info][gc,phases   ] GC(348) Concurrent Mark 124.554ms
[88.133s][info][gc,phases   ] GC(348) Pause Mark End 0.022ms
[88.133s][info][gc,phases   ] GC(348) Concurrent Mark Free 0.002ms
[88.135s][info][gc,phases   ] GC(348) Concurrent Process Non-Strong References 2.277ms
[88.135s][info][gc,phases   ] GC(348) Concurrent Reset Relocation Set 0.011ms
[88.158s][info][gc,phases   ] GC(348) Concurrent Select Relocation Set 22.768ms
[88.158s][info][gc,phases   ] GC(348) Pause Relocate Start 0.009ms
[88.186s][info][gc,phases   ] GC(348) Concurrent Relocate 28.019ms
[88.186s][info][gc,load     ] GC(348) Load: 0.00/0.00/0.00
[88.186s][info][gc,mmu      ] GC(348) MMU: 2ms/96.1%, 5ms/98.4%, 10ms/99.2%, 20ms/99.6%, 50ms/99.8%, 100ms/99.9%
[88.186s][info][gc,marking  ] GC(348) Mark: 8 stripe(s), 2 proactive flush(es), 1 terminate flush(es), 0 completion(s), 0 continuation(s) 
[88.187s][info][gc,marking  ] GC(348) Mark Stack Usage: 32M
[88.187s][info][gc,nmethod  ] GC(348) NMethods: 6401 registered, 4488 unregistered
[88.187s][info][gc,metaspace] GC(348) Metaspace: 65M used, 66M committed, 1088M reserved
[88.187s][info][gc,ref      ] GC(348) Soft: 3125 encountered, 0 discovered, 0 enqueued
[88.187s][info][gc,ref      ] GC(348) Weak: 6355 encountered, 1918 discovered, 6 enqueued
[88.187s][info][gc,ref      ] GC(348) Final: 62 encountered, 2 discovered, 0 enqueued
[88.187s][info][gc,ref      ] GC(348) Phantom: 617 encountered, 539 discovered, 0 enqueued
[88.187s][info][gc,reloc    ] GC(348) Small Pages: 247 / 494M, Empty: 0M, Relocated: 57M, In-Place: 0
[88.187s][info][gc,reloc    ] GC(348) Medium Pages: 2 / 64M, Empty: 0M, Relocated: 19M, In-Place: 0
[88.187s][info][gc,reloc    ] GC(348) Large Pages: 5 / 30M, Empty: 0M, Relocated: 0M, In-Place: 0
[88.187s][info][gc,reloc    ] GC(348) Forwarding Usage: 43M
[88.187s][info][gc,heap     ] GC(348) Min Capacity: 8M(1%)
[88.187s][info][gc,heap     ] GC(348) Max Capacity: 1024M(100%)
[88.187s][info][gc,heap     ] GC(348) Soft Max Capacity: 1024M(100%)
[88.187s][info][gc,heap     ] GC(348)                Mark Start          Mark End        Relocate Start      Relocate End           High               Low         
[88.187s][info][gc,heap     ] GC(348)  Capacity:     1024M (100%)       1024M (100%)       1024M (100%)       1024M (100%)       1024M (100%)       1024M (100%)   
[88.187s][info][gc,heap     ] GC(348)      Free:      436M (43%)         318M (31%)         306M (30%)         584M (57%)         584M (57%)         258M (25%)    
[88.187s][info][gc,heap     ] GC(348)      Used:      588M (57%)         706M (69%)         718M (70%)         440M (43%)         766M (75%)         440M (43%)    
[88.187s][info][gc,heap     ] GC(348)      Live:         -               263M (26%)         263M (26%)         263M (26%)            -                  -          
[88.187s][info][gc,heap     ] GC(348) Allocated:         -               118M (12%)         130M (13%)         142M (14%)            -                  -          
[88.187s][info][gc,heap     ] GC(348)   Garbage:         -               324M (32%)         324M (32%)          33M (3%)             -                  -          
[88.187s][info][gc,heap     ] GC(348) Reclaimed:         -                  -                 0M (0%)          290M (28%)            -                  -          
[88.187s][info][gc          ] GC(348) Garbage Collection (Allocation Rate) 588M(57%)->440M(43%)
[88.305s][info][gc,start    ] GC(349) Garbage Collection (Allocation Rate)
[88.305s][info][gc,task     ] GC(349) Using 10 workers
[88.305s][info][gc,phases   ] GC(349) Pause Mark Start 0.017ms
[88.430s][info][gc,phases   ] GC(349) Concurrent Mark 124.539ms
[88.430s][info][gc,phases   ] GC(349) Pause Mark End 0.028ms
[88.430s][info][gc,phases   ] GC(349) Concurrent Mark Free 0.002ms
[88.432s][info][gc,phases   ] GC(349) Concurrent Process Non-Strong References 2.346ms
[88.432s][info][gc,phases   ] GC(349) Concurrent Reset Relocation Set 0.041ms
[88.438s][info][gc,phases   ] GC(349) Concurrent Select Relocation Set 5.506ms
[88.438s][info][gc,phases   ] GC(349) Pause Relocate Start 0.012ms
[88.463s][info][gc,phases   ] GC(349) Concurrent Relocate 24.723ms
[88.463s][info][gc,load     ] GC(349) Load: 0.00/0.00/0.00
[88.463s][info][gc,mmu      ] GC(349) MMU: 2ms/96.1%, 5ms/98.4%, 10ms/99.2%, 20ms/99.6%, 50ms/99.8%, 100ms/99.9%
[88.463s][info][gc,marking  ] GC(349) Mark: 8 stripe(s), 2 proactive flush(es), 1 terminate flush(es), 0 completion(s), 0 continuation(s) 
[88.463s][info][gc,marking  ] GC(349) Mark Stack Usage: 32M
[88.463s][info][gc,nmethod  ] GC(349) NMethods: 6405 registered, 4488 unregistered
[88.463s][info][gc,metaspace] GC(349) Metaspace: 65M used, 66M committed, 1088M reserved
[88.463s][info][gc,ref      ] GC(349) Soft: 3125 encountered, 0 discovered, 0 enqueued
[88.463s][info][gc,ref      ] GC(349) Weak: 6348 encountered, 2635 discovered, 0 enqueued
[88.463s][info][gc,ref      ] GC(349) Final: 62 encountered, 4 discovered, 0 enqueued
[88.463s][info][gc,ref      ] GC(349) Phantom: 617 encountered, 548 discovered, 0 enqueued
[88.463s][info][gc,reloc    ] GC(349) Small Pages: 276 / 552M, Empty: 34M, Relocated: 75M, In-Place: 0
[88.463s][info][gc,reloc    ] GC(349) Medium Pages: 1 / 32M, Empty: 0M, Relocated: 0M, In-Place: 0
[88.463s][info][gc,reloc    ] GC(349) Large Pages: 8 / 48M, Empty: 24M, Relocated: 0M, In-Place: 0
[88.463s][info][gc,reloc    ] GC(349) Forwarding Usage: 40M
[88.463s][info][gc,heap     ] GC(349) Min Capacity: 8M(1%)
[88.463s][info][gc,heap     ] GC(349) Max Capacity: 1024M(100%)
[88.463s][info][gc,heap     ] GC(349) Soft Max Capacity: 1024M(100%)
[88.463s][info][gc,heap     ] GC(349)                Mark Start          Mark End        Relocate Start      Relocate End           High               Low         
[88.463s][info][gc,heap     ] GC(349)  Capacity:     1024M (100%)       1024M (100%)       1024M (100%)       1024M (100%)       1024M (100%)       1024M (100%)   
[88.463s][info][gc,heap     ] GC(349)      Free:      392M (38%)          88M (9%)          122M (12%)         328M (32%)         392M (38%)          68M (7%)     
[88.464s][info][gc,heap     ] GC(349)      Used:      632M (62%)         936M (91%)         902M (88%)         696M (68%)         956M (93%)         632M (62%)    
[88.464s][info][gc,heap     ] GC(349)      Live:         -               280M (27%)         280M (27%)         280M (27%)            -                  -          
[88.464s][info][gc,heap     ] GC(349) Allocated:         -               304M (30%)         328M (32%)         371M (36%)            -                  -          
[88.464s][info][gc,heap     ] GC(349)   Garbage:         -               351M (34%)         293M (29%)          44M (4%)             -                  -          
[88.464s][info][gc,heap     ] GC(349) Reclaimed:         -                  -                58M (6%)          307M (30%)            -                  -          
[88.464s][info][gc          ] GC(349) Garbage Collection (Allocation Rate) 632M(62%)->696M(68%)
[88.508s][info][gc,start    ] GC(350) Garbage Collection (Allocation Rate)
[88.508s][info][gc,task     ] GC(350) Using 10 workers
[88.508s][info][gc,phases   ] GC(350) Pause Mark Start 0.013ms
[88.648s][info][gc,phases   ] GC(350) Concurrent Mark 140.219ms
[88.648s][info][gc,phases   ] GC(350) Pause Mark End 0.018ms
[88.648s][info][gc,phases   ] GC(350) Concurrent Mark Free 0.002ms
[88.651s][info][gc,phases   ] GC(350) Concurrent Process Non-Strong References 2.110ms
[88.651s][info][gc,phases   ] GC(350) Concurrent Reset Relocation Set 0.032ms
[88.658s][info][gc,phases   ] GC(350) Concurrent Select Relocation Set 7.268ms
[88.658s][info][gc,phases   ] GC(350) Pause Relocate Start 0.009ms
[88.675s][info][gc,phases   ] GC(350) Concurrent Relocate 16.338ms
[88.675s][info][gc,load     ] GC(350) Load: 0.00/0.00/0.00
[88.675s][info][gc,mmu      ] GC(350) MMU: 2ms/96.1%, 5ms/98.4%, 10ms/99.2%, 20ms/99.6%, 50ms/99.8%, 100ms/99.9%
[88.675s][info][gc,marking  ] GC(350) Mark: 8 stripe(s), 3 proactive flush(es), 1 terminate flush(es), 0 completion(s), 0 continuation(s) 
[88.675s][info][gc,marking  ] GC(350) Mark Stack Usage: 32M
[88.675s][info][gc,nmethod  ] GC(350) NMethods: 6408 registered, 4488 unregistered
[88.675s][info][gc,metaspace] GC(350) Metaspace: 65M used, 66M committed, 1088M reserved
[88.675s][info][gc,ref      ] GC(350) Soft: 3125 encountered, 0 discovered, 0 enqueued
[88.675s][info][gc,ref      ] GC(350) Weak: 6347 encountered, 2268 discovered, 0 enqueued
[88.675s][info][gc,ref      ] GC(350) Final: 62 encountered, 3 discovered, 0 enqueued
[88.675s][info][gc,ref      ] GC(350) Phantom: 621 encountered, 589 discovered, 0 enqueued
[88.675s][info][gc,reloc    ] GC(350) Small Pages: 328 / 656M, Empty: 0M, Relocated: 24M, In-Place: 0
[88.675s][info][gc,reloc    ] GC(350) Medium Pages: 2 / 64M, Empty: 0M, Relocated: 17M, In-Place: 0
[88.675s][info][gc,reloc    ] GC(350) Large Pages: 4 / 24M, Empty: 0M, Relocated: 0M, In-Place: 0
[88.675s][info][gc,reloc    ] GC(350) Forwarding Usage: 21M
[88.675s][info][gc,heap     ] GC(350) Min Capacity: 8M(1%)
[88.675s][info][gc,heap     ] GC(350) Max Capacity: 1024M(100%)
[88.675s][info][gc,heap     ] GC(350) Soft Max Capacity: 1024M(100%)
[88.675s][info][gc,heap     ] GC(350)                Mark Start          Mark End        Relocate Start      Relocate End           High               Low         
[88.675s][info][gc,heap     ] GC(350)  Capacity:     1024M (100%)       1024M (100%)       1024M (100%)       1024M (100%)       1024M (100%)       1024M (100%)   
[88.675s][info][gc,heap     ] GC(350)      Free:      280M (27%)         232M (23%)         230M (22%)         616M (60%)         616M (60%)         182M (18%)    
[88.675s][info][gc,heap     ] GC(350)      Used:      744M (73%)         792M (77%)         794M (78%)         408M (40%)         842M (82%)         408M (40%)    
[88.675s][info][gc,heap     ] GC(350)      Live:         -               308M (30%)         308M (30%)         308M (30%)            -                  -          
[88.675s][info][gc,heap     ] GC(350) Allocated:         -                48M (5%)           50M (5%)           55M (5%)             -                  -          
[88.675s][info][gc,heap     ] GC(350)   Garbage:         -               435M (43%)         435M (43%)          43M (4%)             -                  -          
[88.675s][info][gc,heap     ] GC(350) Reclaimed:         -                  -                 0M (0%)          391M (38%)            -                  -          
[88.675s][info][gc          ] GC(350) Garbage Collection (Allocation Rate) 744M(73%)->408M(40%)
[88.711s][info][gc,start    ] GC(351) Garbage Collection (Allocation Rate)
[88.711s][info][gc,task     ] GC(351) Using 10 workers
[88.711s][info][gc,phases   ] GC(351) Pause Mark Start 0.011ms
[88.851s][info][gc,phases   ] GC(351) Concurrent Mark 140.240ms
[88.851s][info][gc,phases   ] GC(351) Pause Mark End 0.024ms
[88.852s][info][gc,phases   ] GC(351) Concurrent Mark Free 0.001ms
[88.854s][info][gc,phases   ] GC(351) Concurrent Process Non-Strong References 2.325ms
[88.854s][info][gc,phases   ] GC(351) Concurrent Reset Relocation Set 0.034ms
[88.859s][info][gc,phases   ] GC(351) Concurrent Select Relocation Set 4.758ms
[88.859s][info][gc,phases   ] GC(351) Pause Relocate Start 0.008ms
[88.862s][info][gc,phases   ] GC(351) Concurrent Relocate 3.530ms
[88.863s][info][gc,load     ] GC(351) Load: 0.00/0.00/0.00
[88.863s][info][gc,mmu      ] GC(351) MMU: 2ms/96.1%, 5ms/98.4%, 10ms/99.2%, 20ms/99.6%, 50ms/99.8%, 100ms/99.9%
[88.863s][info][gc,marking  ] GC(351) Mark: 8 stripe(s), 2 proactive flush(es), 1 terminate flush(es), 0 completion(s), 0 continuation(s) 
[88.863s][info][gc,marking  ] GC(351) Mark Stack Usage: 32M
[88.863s][info][gc,nmethod  ] GC(351) NMethods: 6409 registered, 4488 unregistered
[88.863s][info][gc,metaspace] GC(351) Metaspace: 65M used, 66M committed, 1088M reserved
[88.863s][info][gc,ref      ] GC(351) Soft: 3125 encountered, 0 discovered, 0 enqueued
[88.863s][info][gc,ref      ] GC(351) Weak: 6345 encountered, 1830 discovered, 0 enqueued
[88.863s][info][gc,ref      ] GC(351) Final: 62 encountered, 23 discovered, 0 enqueued
[88.863s][info][gc,ref      ] GC(351) Phantom: 621 encountered, 448 discovered, 0 enqueued
[88.863s][info][gc,reloc    ] GC(351) Small Pages: 183 / 366M, Empty: 24M, Relocated: 8M, In-Place: 0
[88.863s][info][gc,reloc    ] GC(351) Medium Pages: 1 / 32M, Empty: 0M, Relocated: 0M, In-Place: 0
[88.863s][info][gc,reloc    ] GC(351) Large Pages: 4 / 24M, Empty: 0M, Relocated: 0M, In-Place: 0
[88.863s][info][gc,reloc    ] GC(351) Forwarding Usage: 4M
[88.863s][info][gc,heap     ] GC(351) Min Capacity: 8M(1%)
[88.863s][info][gc,heap     ] GC(351) Max Capacity: 1024M(100%)
[88.863s][info][gc,heap     ] GC(351) Soft Max Capacity: 1024M(100%)
[88.863s][info][gc,heap     ] GC(351)                Mark Start          Mark End        Relocate Start      Relocate End           High               Low         
[88.863s][info][gc,heap     ] GC(351)  Capacity:     1024M (100%)       1024M (100%)       1024M (100%)       1024M (100%)       1024M (100%)       1024M (100%)   
[88.863s][info][gc,heap     ] GC(351)      Free:      602M (59%)         550M (54%)         572M (56%)         622M (61%)         622M (61%)         548M (54%)    
[88.863s][info][gc,heap     ] GC(351)      Used:      422M (41%)         474M (46%)         452M (44%)         402M (39%)         476M (46%)         402M (39%)    
[88.863s][info][gc,heap     ] GC(351)      Live:         -               308M (30%)         308M (30%)         308M (30%)            -                  -          
[88.863s][info][gc,heap     ] GC(351) Allocated:         -                52M (5%)           54M (5%)           53M (5%)             -                  -          
[88.863s][info][gc,heap     ] GC(351)   Garbage:         -               113M (11%)          89M (9%)           39M (4%)             -                  -          
[88.863s][info][gc,heap     ] GC(351) Reclaimed:         -                  -                24M (2%)           73M (7%)             -                  -          
[88.863s][info][gc          ] GC(351) Garbage Collection (Allocation Rate) 422M(41%)->402M(39%)
[88.914s][info][gc,start    ] GC(352) Garbage Collection (Allocation Rate)
[88.914s][info][gc,task     ] GC(352) Using 10 workers
[88.914s][info][gc,phases   ] GC(352) Pause Mark Start 0.012ms
[89.039s][info][gc,phases   ] GC(352) Concurrent Mark 124.602ms
[89.039s][info][gc,phases   ] GC(352) Pause Mark End 0.017ms
[89.039s][info][gc,phases   ] GC(352) Concurrent Mark Free 0.001ms
[89.041s][info][gc,phases   ] GC(352) Concurrent Process Non-Strong References 1.852ms
[89.041s][info][gc,phases   ] GC(352) Concurrent Reset Relocation Set 0.004ms
[89.043s][info][gc,phases   ] GC(352) Concurrent Select Relocation Set 2.515ms
[89.043s][info][gc,phases   ] GC(352) Pause Relocate Start 0.005ms
[89.047s][info][gc,phases   ] GC(352) Concurrent Relocate 3.243ms
[89.047s][info][gc,load     ] GC(352) Load: 0.00/0.00/0.00
[89.047s][info][gc,mmu      ] GC(352) MMU: 2ms/96.1%, 5ms/98.4%, 10ms/99.2%, 20ms/99.6%, 50ms/99.8%, 100ms/99.9%
[89.047s][info][gc,marking  ] GC(352) Mark: 8 stripe(s), 5 proactive flush(es), 1 terminate flush(es), 0 completion(s), 0 continuation(s) 
[89.047s][info][gc,marking  ] GC(352) Mark Stack Usage: 32M
[89.047s][info][gc,nmethod  ] GC(352) NMethods: 6408 registered, 4489 unregistered
[89.047s][info][gc,metaspace] GC(352) Metaspace: 65M used, 66M committed, 1088M reserved
[89.047s][info][gc,ref      ] GC(352) Soft: 3125 encountered, 0 discovered, 0 enqueued
[89.047s][info][gc,ref      ] GC(352) Weak: 6344 encountered, 2553 discovered, 0 enqueued
[89.047s][info][gc,ref      ] GC(352) Final: 62 encountered, 23 discovered, 0 enqueued
[89.047s][info][gc,ref      ] GC(352) Phantom: 621 encountered, 605 discovered, 0 enqueued
[89.047s][info][gc,reloc    ] GC(352) Small Pages: 182 / 364M, Empty: 32M, Relocated: 6M, In-Place: 0
[89.047s][info][gc,reloc    ] GC(352) Medium Pages: 1 / 32M, Empty: 0M, Relocated: 0M, In-Place: 0
[89.047s][info][gc,reloc    ] GC(352) Large Pages: 4 / 24M, Empty: 0M, Relocated: 0M, In-Place: 0
[89.047s][info][gc,reloc    ] GC(352) Forwarding Usage: 4M
[89.047s][info][gc,heap     ] GC(352) Min Capacity: 8M(1%)
[89.047s][info][gc,heap     ] GC(352) Max Capacity: 1024M(100%)
[89.047s][info][gc,heap     ] GC(352) Soft Max Capacity: 1024M(100%)
[89.047s][info][gc,heap     ] GC(352)                Mark Start          Mark End        Relocate Start      Relocate End           High               Low         
[89.047s][info][gc,heap     ] GC(352)  Capacity:     1024M (100%)       1024M (100%)       1024M (100%)       1024M (100%)       1024M (100%)       1024M (100%)   
[89.047s][info][gc,heap     ] GC(352)      Free:      604M (59%)         560M (55%)         590M (58%)         628M (61%)         628M (61%)         558M (54%)    
[89.047s][info][gc,heap     ] GC(352)      Used:      420M (41%)         464M (45%)         434M (42%)         396M (39%)         466M (46%)         396M (39%)    
[89.047s][info][gc,heap     ] GC(352)      Live:         -               308M (30%)         308M (30%)         308M (30%)            -                  -          
[89.047s][info][gc,heap     ] GC(352) Allocated:         -                44M (4%)           46M (4%)           45M (4%)             -                  -          
[89.047s][info][gc,heap     ] GC(352)   Garbage:         -               111M (11%)          79M (8%)           41M (4%)             -                  -          
[89.047s][info][gc,heap     ] GC(352) Reclaimed:         -                  -                32M (3%)           69M (7%)             -                  -          
[89.047s][info][gc          ] GC(352) Garbage Collection (Allocation Rate) 420M(41%)->396M(39%)
[89.117s][info][gc,start    ] GC(353) Garbage Collection (Allocation Rate)
[89.117s][info][gc,task     ] GC(353) Using 10 workers
[89.117s][info][gc,phases   ] GC(353) Pause Mark Start 0.022ms
[89.218s][info][gc,phases   ] GC(353) Concurrent Mark 100.946ms
[89.218s][info][gc,phases   ] GC(353) Pause Mark End 0.021ms
[89.218s][info][gc,phases   ] GC(353) Concurrent Mark Free 0.001ms
[89.221s][info][gc,phases   ] GC(353) Concurrent Process Non-Strong References 2.186ms
[89.221s][info][gc,phases   ] GC(353) Concurrent Reset Relocation Set 0.004ms
[89.232s][info][gc,phases   ] GC(353) Concurrent Select Relocation Set 11.415ms
[89.232s][info][gc,phases   ] GC(353) Pause Relocate Start 0.011ms
[89.250s][info][gc,phases   ] GC(353) Concurrent Relocate 17.935ms
[89.250s][info][gc,load     ] GC(353) Load: 0.00/0.00/0.00
[89.250s][info][gc,mmu      ] GC(353) MMU: 2ms/96.1%, 5ms/98.4%, 10ms/99.2%, 20ms/99.6%, 50ms/99.8%, 100ms/99.9%
[89.250s][info][gc,marking  ] GC(353) Mark: 8 stripe(s), 2 proactive flush(es), 1 terminate flush(es), 0 completion(s), 0 continuation(s) 
[89.250s][info][gc,marking  ] GC(353) Mark Stack Usage: 32M
[89.250s][info][gc,nmethod  ] GC(353) NMethods: 6408 registered, 4489 unregistered
[89.250s][info][gc,metaspace] GC(353) Metaspace: 65M used, 66M committed, 1088M reserved
[89.250s][info][gc,ref      ] GC(353) Soft: 3125 encountered, 0 discovered, 0 enqueued
[89.250s][info][gc,ref      ] GC(353) Weak: 6344 encountered, 1581 discovered, 0 enqueued
[89.250s][info][gc,ref      ] GC(353) Final: 62 encountered, 4 discovered, 0 enqueued
[89.250s][info][gc,ref      ] GC(353) Phantom: 621 encountered, 609 discovered, 0 enqueued
[89.250s][info][gc,reloc    ] GC(353) Small Pages: 216 / 432M, Empty: 100M, Relocated: 22M, In-Place: 0
[89.251s][info][gc,reloc    ] GC(353) Medium Pages: 2 / 64M, Empty: 0M, Relocated: 18M, In-Place: 0
[89.251s][info][gc,reloc    ] GC(353) Large Pages: 4 / 24M, Empty: 24M, Relocated: 0M, In-Place: 0
[89.251s][info][gc,reloc    ] GC(353) Forwarding Usage: 19M
[89.251s][info][gc,heap     ] GC(353) Min Capacity: 8M(1%)
[89.251s][info][gc,heap     ] GC(353) Max Capacity: 1024M(100%)
[89.251s][info][gc,heap     ] GC(353) Soft Max Capacity: 1024M(100%)
[89.251s][info][gc,heap     ] GC(353)                Mark Start          Mark End        Relocate Start      Relocate End           High               Low         
[89.251s][info][gc,heap     ] GC(353)  Capacity:     1024M (100%)       1024M (100%)       1024M (100%)       1024M (100%)       1024M (100%)       1024M (100%)   
[89.251s][info][gc,heap     ] GC(353)      Free:      504M (49%)         300M (29%)         390M (38%)         512M (50%)         512M (50%)         290M (28%)    
[89.251s][info][gc,heap     ] GC(353)      Used:      520M (51%)         724M (71%)         634M (62%)         512M (50%)         734M (72%)         512M (50%)    
[89.251s][info][gc,heap     ] GC(353)      Live:         -               191M (19%)         191M (19%)         191M (19%)            -                  -          
[89.251s][info][gc,heap     ] GC(353) Allocated:         -               204M (20%)         238M (23%)         288M (28%)            -                  -          
[89.251s][info][gc,heap     ] GC(353)   Garbage:         -               328M (32%)         204M (20%)          31M (3%)             -                  -          
[89.251s][info][gc,heap     ] GC(353) Reclaimed:         -                  -               124M (12%)         296M (29%)            -                  -          
[89.251s][info][gc          ] GC(353) Garbage Collection (Allocation Rate) 520M(51%)->512M(50%)
[89.312s][info][gc,start    ] GC(354) Garbage Collection (Allocation Rate)
[89.312s][info][gc,task     ] GC(354) Using 10 workers
[89.312s][info][gc,phases   ] GC(354) Pause Mark Start 0.017ms
[89.437s][info][gc,phases   ] GC(354) Concurrent Mark 124.624ms
[89.437s][info][gc,phases   ] GC(354) Pause Mark End 0.026ms
[89.437s][info][gc,phases   ] GC(354) Concurrent Mark Free 0.001ms
[89.439s][info][gc,phases   ] GC(354) Concurrent Process Non-Strong References 2.234ms
[89.439s][info][gc,phases   ] GC(354) Concurrent Reset Relocation Set 0.014ms
[89.464s][info][gc,phases   ] GC(354) Concurrent Select Relocation Set 23.999ms
[89.464s][info][gc,phases   ] GC(354) Pause Relocate Start 0.014ms
[89.480s][info][gc,phases   ] GC(354) Concurrent Relocate 16.058ms
[89.480s][info][gc,load     ] GC(354) Load: 0.00/0.00/0.00
[89.480s][info][gc,mmu      ] GC(354) MMU: 2ms/96.1%, 5ms/98.4%, 10ms/99.2%, 20ms/99.6%, 50ms/99.8%, 100ms/99.9%
[89.480s][info][gc,marking  ] GC(354) Mark: 8 stripe(s), 2 proactive flush(es), 1 terminate flush(es), 0 completion(s), 0 continuation(s) 
[89.480s][info][gc,marking  ] GC(354) Mark Stack Usage: 32M
[89.480s][info][gc,nmethod  ] GC(354) NMethods: 6409 registered, 4490 unregistered
[89.480s][info][gc,metaspace] GC(354) Metaspace: 65M used, 66M committed, 1088M reserved
[89.480s][info][gc,ref      ] GC(354) Soft: 3127 encountered, 0 discovered, 0 enqueued
[89.480s][info][gc,ref      ] GC(354) Weak: 6345 encountered, 2645 discovered, 1 enqueued
[89.480s][info][gc,ref      ] GC(354) Final: 62 encountered, 1 discovered, 0 enqueued
[89.480s][info][gc,ref      ] GC(354) Phantom: 621 encountered, 558 discovered, 0 enqueued
[89.480s][info][gc,reloc    ] GC(354) Small Pages: 270 / 540M, Empty: 0M, Relocated: 20M, In-Place: 0
[89.480s][info][gc,reloc    ] GC(354) Medium Pages: 2 / 64M, Empty: 32M, Relocated: 0M, In-Place: 0
[89.480s][info][gc,reloc    ] GC(354) Large Pages: 4 / 24M, Empty: 0M, Relocated: 0M, In-Place: 0
[89.480s][info][gc,reloc    ] GC(354) Forwarding Usage: 22M
[89.480s][info][gc,heap     ] GC(354) Min Capacity: 8M(1%)
[89.480s][info][gc,heap     ] GC(354) Max Capacity: 1024M(100%)
[89.480s][info][gc,heap     ] GC(354) Soft Max Capacity: 1024M(100%)
[89.480s][info][gc,heap     ] GC(354)                Mark Start          Mark End        Relocate Start      Relocate End           High               Low         
[89.480s][info][gc,heap     ] GC(354)  Capacity:     1024M (100%)       1024M (100%)       1024M (100%)       1024M (100%)       1024M (100%)       1024M (100%)   
[89.480s][info][gc,heap     ] GC(354)      Free:      396M (39%)         196M (19%)         182M (18%)         490M (48%)         492M (48%)         162M (16%)    
[89.480s][info][gc,heap     ] GC(354)      Used:      628M (61%)         828M (81%)         842M (82%)         534M (52%)         862M (84%)         532M (52%)    
[89.480s][info][gc,heap     ] GC(354)      Live:         -               224M (22%)         224M (22%)         224M (22%)            -                  -          
[89.480s][info][gc,heap     ] GC(354) Allocated:         -               200M (20%)         246M (24%)         265M (26%)            -                  -          
[89.480s][info][gc,heap     ] GC(354)   Garbage:         -               403M (39%)         371M (36%)          44M (4%)             -                  -          
[89.480s][info][gc,heap     ] GC(354) Reclaimed:         -                  -                32M (3%)          359M (35%)            -                  -          
[89.480s][info][gc          ] GC(354) Garbage Collection (Allocation Rate) 628M(61%)->534M(52%)
[89.515s][info][gc,start    ] GC(355) Garbage Collection (Allocation Rate)
[89.515s][info][gc,task     ] GC(355) Using 10 workers
[89.515s][info][gc,phases   ] GC(355) Pause Mark Start 0.015ms
[89.640s][info][gc,phases   ] GC(355) Concurrent Mark 124.631ms
[89.640s][info][gc,phases   ] GC(355) Pause Mark End 0.024ms
[89.640s][info][gc,phases   ] GC(355) Concurrent Mark Free 0.001ms
[89.642s][info][gc,phases   ] GC(355) Concurrent Process Non-Strong References 1.913ms
[89.642s][info][gc,phases   ] GC(355) Concurrent Reset Relocation Set 0.029ms
[89.665s][info][gc,phases   ] GC(355) Concurrent Select Relocation Set 22.415ms
[89.665s][info][gc,phases   ] GC(355) Pause Relocate Start 0.016ms
[89.683s][info][gc,phases   ] GC(355) Concurrent Relocate 17.743ms
[89.683s][info][gc,load     ] GC(355) Load: 0.00/0.00/0.00
[89.683s][info][gc,mmu      ] GC(355) MMU: 2ms/96.1%, 5ms/98.4%, 10ms/99.2%, 20ms/99.6%, 50ms/99.8%, 100ms/99.9%
[89.683s][info][gc,marking  ] GC(355) Mark: 8 stripe(s), 2 proactive flush(es), 1 terminate flush(es), 0 completion(s), 0 continuation(s) 
[89.683s][info][gc,marking  ] GC(355) Mark Stack Usage: 32M
[89.683s][info][gc,nmethod  ] GC(355) NMethods: 6409 registered, 4490 unregistered
[89.683s][info][gc,metaspace] GC(355) Metaspace: 65M used, 66M committed, 1088M reserved
[89.683s][info][gc,ref      ] GC(355) Soft: 3127 encountered, 0 discovered, 0 enqueued
[89.683s][info][gc,ref      ] GC(355) Weak: 6342 encountered, 1139 discovered, 0 enqueued
[89.683s][info][gc,ref      ] GC(355) Final: 62 encountered, 3 discovered, 0 enqueued
[89.683s][info][gc,ref      ] GC(355) Phantom: 621 encountered, 322 discovered, 0 enqueued
[89.683s][info][gc,reloc    ] GC(355) Small Pages: 269 / 538M, Empty: 0M, Relocated: 24M, In-Place: 0
[89.683s][info][gc,reloc    ] GC(355) Medium Pages: 1 / 32M, Empty: 0M, Relocated: 0M, In-Place: 0
[89.683s][info][gc,reloc    ] GC(355) Large Pages: 4 / 24M, Empty: 0M, Relocated: 0M, In-Place: 0
[89.683s][info][gc,reloc    ] GC(355) Forwarding Usage: 22M
[89.683s][info][gc,heap     ] GC(355) Min Capacity: 8M(1%)
[89.683s][info][gc,heap     ] GC(355) Max Capacity: 1024M(100%)
[89.683s][info][gc,heap     ] GC(355) Soft Max Capacity: 1024M(100%)
[89.683s][info][gc,heap     ] GC(355)                Mark Start          Mark End        Relocate Start      Relocate End           High               Low         
[89.683s][info][gc,heap     ] GC(355)  Capacity:     1024M (100%)       1024M (100%)       1024M (100%)       1024M (100%)       1024M (100%)       1024M (100%)   
[89.683s][info][gc,heap     ] GC(355)      Free:      430M (42%)         250M (24%)         196M (19%)         488M (48%)         488M (48%)         176M (17%)    
[89.683s][info][gc,heap     ] GC(355)      Used:      594M (58%)         774M (76%)         828M (81%)         536M (52%)         848M (83%)         536M (52%)    
[89.683s][info][gc,heap     ] GC(355)      Live:         -               236M (23%)         236M (23%)         236M (23%)            -                  -          
[89.684s][info][gc,heap     ] GC(355) Allocated:         -               180M (18%)         234M (23%)         253M (25%)            -                  -          
[89.684s][info][gc,heap     ] GC(355)   Garbage:         -               357M (35%)         357M (35%)          46M (5%)             -                  -          
[89.684s][info][gc,heap     ] GC(355) Reclaimed:         -                  -                 0M (0%)          311M (30%)            -                  -          
[89.684s][info][gc          ] GC(355) Garbage Collection (Allocation Rate) 594M(58%)->536M(52%)
[89.718s][info][gc,start    ] GC(356) Garbage Collection (Allocation Rate)
[89.718s][info][gc,task     ] GC(356) Using 10 workers
[89.718s][info][gc,phases   ] GC(356) Pause Mark Start 0.015ms
[89.851s][info][gc,phases   ] GC(356) Concurrent Mark 132.220ms
[89.851s][info][gc,phases   ] GC(356) Pause Mark End 0.035ms
[89.851s][info][gc,phases   ] GC(356) Concurrent Mark Free 0.001ms
[89.853s][info][gc,phases   ] GC(356) Concurrent Process Non-Strong References 2.076ms
[89.853s][info][gc,phases   ] GC(356) Concurrent Reset Relocation Set 0.017ms
[89.857s][info][gc,phases   ] GC(356) Concurrent Select Relocation Set 3.477ms
[89.857s][info][gc,phases   ] GC(356) Pause Relocate Start 0.009ms
[89.868s][info][gc,phases   ] GC(356) Concurrent Relocate 11.797ms
[89.869s][info][gc,load     ] GC(356) Load: 0.00/0.00/0.00
[89.869s][info][gc,mmu      ] GC(356) MMU: 2ms/96.1%, 5ms/98.4%, 10ms/99.2%, 20ms/99.6%, 50ms/99.8%, 100ms/99.9%
[89.869s][info][gc,marking  ] GC(356) Mark: 8 stripe(s), 2 proactive flush(es), 1 terminate flush(es), 0 completion(s), 0 continuation(s) 
[89.869s][info][gc,marking  ] GC(356) Mark Stack Usage: 32M
[89.869s][info][gc,nmethod  ] GC(356) NMethods: 6409 registered, 4490 unregistered
[89.869s][info][gc,metaspace] GC(356) Metaspace: 65M used, 66M committed, 1088M reserved
[89.869s][info][gc,ref      ] GC(356) Soft: 3127 encountered, 0 discovered, 0 enqueued
[89.869s][info][gc,ref      ] GC(356) Weak: 6342 encountered, 2274 discovered, 0 enqueued
[89.869s][info][gc,ref      ] GC(356) Final: 62 encountered, 40 discovered, 0 enqueued
[89.869s][info][gc,ref      ] GC(356) Phantom: 620 encountered, 506 discovered, 0 enqueued
[89.869s][info][gc,reloc    ] GC(356) Small Pages: 248 / 496M, Empty: 0M, Relocated: 19M, In-Place: 0
[89.869s][info][gc,reloc    ] GC(356) Medium Pages: 1 / 32M, Empty: 0M, Relocated: 0M, In-Place: 0
[89.869s][info][gc,reloc    ] GC(356) Large Pages: 8 / 64M, Empty: 24M, Relocated: 0M, In-Place: 0
[89.869s][info][gc,reloc    ] GC(356) Forwarding Usage: 17M
[89.869s][info][gc,heap     ] GC(356) Min Capacity: 8M(1%)
[89.869s][info][gc,heap     ] GC(356) Max Capacity: 1024M(100%)
[89.869s][info][gc,heap     ] GC(356) Soft Max Capacity: 1024M(100%)
[89.869s][info][gc,heap     ] GC(356)                Mark Start          Mark End        Relocate Start      Relocate End           High               Low         
[89.869s][info][gc,heap     ] GC(356)  Capacity:     1024M (100%)       1024M (100%)       1024M (100%)       1024M (100%)       1024M (100%)       1024M (100%)   
[89.869s][info][gc,heap     ] GC(356)      Free:      432M (42%)         190M (19%)         204M (20%)         442M (43%)         446M (44%)         182M (18%)    
[89.869s][info][gc,heap     ] GC(356)      Used:      592M (58%)         834M (81%)         820M (80%)         582M (57%)         842M (82%)         578M (56%)    
[89.869s][info][gc,heap     ] GC(356)      Live:         -               261M (26%)         261M (26%)         261M (26%)            -                  -          
[89.869s][info][gc,heap     ] GC(356) Allocated:         -               242M (24%)         252M (25%)         271M (27%)            -                  -          
[89.869s][info][gc,heap     ] GC(356)   Garbage:         -               330M (32%)         306M (30%)          48M (5%)             -                  -          
[89.869s][info][gc,heap     ] GC(356) Reclaimed:         -                  -                24M (2%)          281M (28%)            -                  -          
[89.869s][info][gc          ] GC(356) Garbage Collection (Allocation Rate) 592M(58%)->582M(57%)
[89.913s][info][gc,start    ] GC(357) Garbage Collection (Allocation Rate)
[89.913s][info][gc,task     ] GC(357) Using 10 workers
[89.913s][info][gc,phases   ] GC(357) Pause Mark Start 0.016ms
[90.054s][info][gc,phases   ] GC(357) Concurrent Mark 140.144ms
[90.054s][info][gc,phases   ] GC(357) Pause Mark End 0.025ms
[90.054s][info][gc,phases   ] GC(357) Concurrent Mark Free 0.001ms
[90.056s][info][gc,phases   ] GC(357) Concurrent Process Non-Strong References 1.941ms
[90.056s][info][gc,phases   ] GC(357) Concurrent Reset Relocation Set 0.022ms
[90.059s][info][gc,phases   ] GC(357) Concurrent Select Relocation Set 2.897ms
[90.059s][info][gc,phases   ] GC(357) Pause Relocate Start 0.007ms
[90.073s][info][gc,phases   ] GC(357) Concurrent Relocate 14.463ms
[90.073s][info][gc,load     ] GC(357) Load: 0.00/0.00/0.00
[90.074s][info][gc,mmu      ] GC(357) MMU: 2ms/96.1%, 5ms/98.4%, 10ms/99.2%, 20ms/99.6%, 50ms/99.8%, 100ms/99.9%
[90.074s][info][gc,marking  ] GC(357) Mark: 8 stripe(s), 2 proactive flush(es), 1 terminate flush(es), 0 completion(s), 0 continuation(s) 
[90.074s][info][gc,marking  ] GC(357) Mark Stack Usage: 32M
[90.074s][info][gc,nmethod  ] GC(357) NMethods: 6409 registered, 4490 unregistered
[90.074s][info][gc,metaspace] GC(357) Metaspace: 65M used, 66M committed, 1088M reserved
[90.074s][info][gc,ref      ] GC(357) Soft: 3127 encountered, 0 discovered, 0 enqueued
[90.074s][info][gc,ref      ] GC(357) Weak: 6342 encountered, 3378 discovered, 0 enqueued
[90.074s][info][gc,ref      ] GC(357) Final: 62 encountered, 6 discovered, 0 enqueued
[90.074s][info][gc,ref      ] GC(357) Phantom: 620 encountered, 584 discovered, 0 enqueued
[90.074s][info][gc,reloc    ] GC(357) Small Pages: 292 / 584M, Empty: 0M, Relocated: 19M, In-Place: 0
[90.074s][info][gc,reloc    ] GC(357) Medium Pages: 1 / 32M, Empty: 0M, Relocated: 0M, In-Place: 0
[90.074s][info][gc,reloc    ] GC(357) Large Pages: 4 / 40M, Empty: 0M, Relocated: 0M, In-Place: 0
[90.074s][info][gc,reloc    ] GC(357) Forwarding Usage: 16M
[90.074s][info][gc,heap     ] GC(357) Min Capacity: 8M(1%)
[90.074s][info][gc,heap     ] GC(357) Max Capacity: 1024M(100%)
[90.074s][info][gc,heap     ] GC(357) Soft Max Capacity: 1024M(100%)
[90.074s][info][gc,heap     ] GC(357)                Mark Start          Mark End        Relocate Start      Relocate End           High               Low         
[90.074s][info][gc,heap     ] GC(357)  Capacity:     1024M (100%)       1024M (100%)       1024M (100%)       1024M (100%)       1024M (100%)       1024M (100%)   
[90.074s][info][gc,heap     ] GC(357)      Free:      368M (36%)         118M (12%)         108M (11%)         412M (40%)         422M (41%)          88M (9%)     
[90.074s][info][gc,heap     ] GC(357)      Used:      656M (64%)         906M (88%)         916M (89%)         612M (60%)         936M (91%)         602M (59%)    
[90.074s][info][gc,heap     ] GC(357)      Live:         -               271M (27%)         271M (27%)         271M (27%)            -                  -          
[90.074s][info][gc,heap     ] GC(357) Allocated:         -               250M (24%)         260M (25%)         285M (28%)            -                  -          
[90.074s][info][gc,heap     ] GC(357)   Garbage:         -               384M (38%)         384M (38%)          54M (5%)             -                  -          
[90.074s][info][gc,heap     ] GC(357) Reclaimed:         -                  -                 0M (0%)          329M (32%)            -                  -          
[90.074s][info][gc          ] GC(357) Garbage Collection (Allocation Rate) 656M(64%)->612M(60%)
[90.116s][info][gc,start    ] GC(358) Garbage Collection (Allocation Rate)
[90.116s][info][gc,stats    ] === Garbage Collection Statistics =======================================================================================================================
[90.116s][info][gc,task     ] GC(358) Using 10 workers
[90.116s][info][gc,stats    ]                                                              Last 10s              Last 10m              Last 10h                Total
[90.116s][info][gc,stats    ]                                                              Avg / Max             Avg / Max             Avg / Max             Avg / Max
[90.116s][info][gc,stats    ]   Collector: Garbage Collection Cycle                    153.726 / 229.605     156.226 / 1546.086    156.226 / 1546.086    156.226 / 1546.086    ms
[90.117s][info][gc,stats    ]  Contention: Mark Segment Reset Contention                    46 / 72               39 / 443              39 / 443              39 / 443         ops/s
[90.117s][info][gc,phases   ] GC(358) Pause Mark Start 0.014ms
[90.117s][info][gc,stats    ]  Contention: Mark SeqNum Reset Contention                      4 / 9                 2 / 9                 2 / 9                 2 / 9           ops/s
[90.117s][info][gc,stats    ]    Critical: Allocation Stall                                  0 / 4                 0 / 10                0 / 10                0 / 10          ops/s
[90.117s][info][gc,stats    ]    Critical: Allocation Stall                             91.724 / 95.283       56.209 / 105.181      56.209 / 105.181      56.209 / 105.181     ms
[90.117s][info][gc,stats    ]    Critical: GC Locker Stall                                   0 / 0                 0 / 1                 0 / 1                 0 / 1           ops/s
[90.117s][info][gc,stats    ]    Critical: GC Locker Stall                               0.000 / 0.000         0.001 / 0.001         0.001 / 0.001         0.001 / 0.001       ms
[90.117s][info][gc,stats    ]    Critical: Relocation Stall                                  0 / 3                 0 / 7                 0 / 7                 0 / 7           ops/s
[90.117s][info][gc,stats    ]    Critical: Relocation Stall                             13.215 / 13.369       10.622 / 15.155       10.622 / 15.155       10.622 / 15.155      ms
[90.117s][info][gc,stats    ]      Memory: Allocation Rate                                1178 / 1856           1027 / 2754           1027 / 2754           1027 / 2754        MB/s
[90.117s][info][gc,stats    ]      Memory: Defragment                                       15 / 90               13 / 110              13 / 110              13 / 110         ops/s
[90.117s][info][gc,stats    ]      Memory: Out Of Memory                                     0 / 0                 0 / 0                 0 / 0                 0 / 0           ops/s
[90.117s][info][gc,stats    ]      Memory: Page Cache Flush                                 82 / 180              67 / 380              67 / 380              67 / 380         MB/s
[90.117s][info][gc,stats    ]      Memory: Page Cache Hit L1                               584 / 958             507 / 1477            507 / 1477            507 / 1477        ops/s
[90.117s][info][gc,stats    ]      Memory: Page Cache Hit L2                                 0 / 0                 0 / 0                 0 / 0                 0 / 0           ops/s
[90.117s][info][gc,stats    ]      Memory: Page Cache Hit L3                                15 / 76               18 / 226              18 / 226              18 / 226         ops/s
[90.117s][info][gc,stats    ]      Memory: Page Cache Miss                                   2 / 8                 2 / 25                2 / 25                2 / 25          ops/s
[90.117s][info][gc,stats    ]      Memory: Uncommit                                          0 / 0                 0 / 0                 0 / 0                 0 / 0           MB/s
[90.117s][info][gc,stats    ]      Memory: Undo Object Allocation Failed                     5 / 18               18 / 399              18 / 399              18 / 399         ops/s
[90.117s][info][gc,stats    ]      Memory: Undo Object Allocation Succeeded                  7 / 26               20 / 339              20 / 339              20 / 339         ops/s
[90.117s][info][gc,stats    ]      Memory: Undo Page Allocation                             27 / 83               25 / 116              25 / 116              25 / 116         ops/s
[90.117s][info][gc,stats    ]       Phase: Concurrent Mark                             124.680 / 171.566     126.960 / 1535.632    126.960 / 1535.632    126.960 / 1535.632    ms
[90.117s][info][gc,stats    ]       Phase: Concurrent Mark Continue                      0.000 / 0.000         0.000 / 0.000         0.000 / 0.000         0.000 / 0.000       ms
[90.118s][info][gc,stats    ]       Phase: Concurrent Mark Free                          0.001 / 0.002         0.001 / 0.002         0.001 / 0.002         0.001 / 0.002       ms
[90.118s][info][gc,stats    ]       Phase: Concurrent Process Non-Strong References      2.722 / 12.364        2.731 / 18.230        2.731 / 18.230        2.731 / 18.230      ms
[90.118s][info][gc,stats    ]       Phase: Concurrent Relocate                          14.427 / 34.695       14.149 / 82.400       14.149 / 82.400       14.149 / 82.400      ms
[90.118s][info][gc,stats    ]       Phase: Concurrent Reset Relocation Set               0.018 / 0.049         0.017 / 0.062         0.017 / 0.062         0.017 / 0.062       ms
[90.118s][info][gc,stats    ]       Phase: Concurrent Select Relocation Set             10.620 / 33.906       10.373 / 43.730       10.373 / 43.730       10.373 / 43.730      ms
[90.118s][info][gc,stats    ]       Phase: Pause Mark End                                0.026 / 0.064         0.025 / 0.064         0.025 / 0.064         0.025 / 0.064       ms
[90.118s][info][gc,stats    ]       Phase: Pause Mark Start                              0.015 / 0.049         0.014 / 0.079         0.014 / 0.079         0.014 / 0.079       ms
[90.118s][info][gc,stats    ]       Phase: Pause Relocate Start                          0.010 / 0.016         0.010 / 0.019         0.010 / 0.019         0.010 / 0.019       ms
[90.118s][info][gc,stats    ]    Subphase: Concurrent Classes Purge                      0.030 / 0.618         0.087 / 6.129         0.087 / 6.129         0.087 / 6.129       ms
[90.118s][info][gc,stats    ]    Subphase: Concurrent Classes Unlink                     1.912 / 11.188        2.035 / 16.835        2.035 / 16.835        2.035 / 16.835      ms
[90.118s][info][gc,stats    ]    Subphase: Concurrent Mark                             115.534 / 165.304     119.256 / 1532.438    119.256 / 1532.438    119.256 / 1532.438    ms
[90.118s][info][gc,stats    ]    Subphase: Concurrent Mark Try Flush                     0.147 / 0.360         0.133 / 8.969         0.133 / 8.969         0.133 / 8.969       ms
[90.118s][info][gc,stats    ]    Subphase: Concurrent Mark Try Terminate                 7.847 / 16.652        9.012 / 17.022        9.012 / 17.022        9.012 / 17.022      ms
[90.118s][info][gc,stats    ]    Subphase: Concurrent References Enqueue                 0.002 / 0.004         0.001 / 0.015         0.001 / 0.015         0.001 / 0.015       ms
[90.118s][info][gc,stats    ]    Subphase: Concurrent References Process                 0.118 / 0.249         0.123 / 0.389         0.123 / 0.389         0.123 / 0.389       ms
[90.118s][info][gc,stats    ]    Subphase: Concurrent Roots ClassLoaderDataGraph         0.100 / 0.744         0.095 / 0.786         0.095 / 0.786         0.095 / 0.786       ms
[90.119s][info][gc,stats    ]    Subphase: Concurrent Roots CodeCache                    0.000 / 0.000         0.000 / 0.000         0.000 / 0.000         0.000 / 0.000       ms
[90.119s][info][gc,stats    ]    Subphase: Concurrent Roots JavaThreads                  7.569 / 9.298         7.406 / 12.055        7.406 / 12.055        7.406 / 12.055      ms
[90.119s][info][gc,stats    ]    Subphase: Concurrent Roots OopStorageSet                0.034 / 0.049         0.029 / 0.343         0.029 / 0.343         0.029 / 0.343       ms
[90.119s][info][gc,stats    ]    Subphase: Concurrent Weak Roots OopStorageSet           0.217 / 0.314         0.230 / 1.280         0.230 / 1.280         0.230 / 1.280       ms
[90.119s][info][gc,stats    ]    Subphase: Pause Mark Try Complete                       0.001 / 0.003         0.001 / 0.005         0.001 / 0.005         0.001 / 0.005       ms
[90.119s][info][gc,stats    ]      System: Java Threads                                    274 / 281             200 / 281             200 / 281             200 / 281         threads
[90.119s][info][gc,stats    ] =========================================================================================================================================================
[90.272s][info][gc,phases   ] GC(358) Concurrent Mark 155.773ms
[90.273s][info][gc,phases   ] GC(358) Pause Mark End 0.030ms
[90.273s][info][gc,phases   ] GC(358) Concurrent Mark Free 0.001ms
[90.275s][info][gc,phases   ] GC(358) Concurrent Process Non-Strong References 2.272ms
[90.275s][info][gc,phases   ] GC(358) Concurrent Reset Relocation Set 0.028ms
[90.298s][info][gc,phases   ] GC(358) Concurrent Select Relocation Set 23.112ms
[90.298s][info][gc,phases   ] GC(358) Pause Relocate Start 0.009ms
[90.299s][info][gc          ] Relocation Stall (Executor task launch worker for task 1.0 in stage 80.0 (TID 153)) 0.091ms
[90.300s][info][gc          ] Relocation Stall (Executor task launch worker for task 0.0 in stage 80.0 (TID 152)) 0.607ms
[90.308s][info][gc          ] Relocation Stall (Executor task launch worker for task 2.0 in stage 80.0 (TID 154)) 9.238ms
[90.314s][info][gc,phases   ] GC(358) Concurrent Relocate 15.282ms
[90.314s][info][gc,load     ] GC(358) Load: 0.00/0.00/0.00
[90.314s][info][gc,mmu      ] GC(358) MMU: 2ms/96.1%, 5ms/98.4%, 10ms/99.2%, 20ms/99.6%, 50ms/99.8%, 100ms/99.9%
[90.314s][info][gc,marking  ] GC(358) Mark: 8 stripe(s), 3 proactive flush(es), 1 terminate flush(es), 0 completion(s), 0 continuation(s) 
[90.314s][info][gc,marking  ] GC(358) Mark Stack Usage: 32M
[90.314s][info][gc,nmethod  ] GC(358) NMethods: 6409 registered, 4490 unregistered
[90.314s][info][gc,metaspace] GC(358) Metaspace: 65M used, 66M committed, 1088M reserved
[90.314s][info][gc,ref      ] GC(358) Soft: 3127 encountered, 0 discovered, 0 enqueued
[90.314s][info][gc,ref      ] GC(358) Weak: 6342 encountered, 2061 discovered, 0 enqueued
[90.314s][info][gc,ref      ] GC(358) Final: 62 encountered, 23 discovered, 0 enqueued
[90.314s][info][gc,ref      ] GC(358) Phantom: 621 encountered, 444 discovered, 0 enqueued
[90.314s][info][gc,reloc    ] GC(358) Small Pages: 312 / 624M, Empty: 0M, Relocated: 20M, In-Place: 5
[90.314s][info][gc,reloc    ] GC(358) Medium Pages: 1 / 32M, Empty: 0M, Relocated: 0M, In-Place: 0
[90.314s][info][gc,reloc    ] GC(358) Large Pages: 4 / 40M, Empty: 0M, Relocated: 0M, In-Place: 0
[90.314s][info][gc,reloc    ] GC(358) Forwarding Usage: 18M
[90.314s][info][gc,heap     ] GC(358) Min Capacity: 8M(1%)
[90.314s][info][gc,heap     ] GC(358) Max Capacity: 1024M(100%)
[90.314s][info][gc,heap     ] GC(358) Soft Max Capacity: 1024M(100%)
[90.314s][info][gc,heap     ] GC(358)                Mark Start          Mark End        Relocate Start      Relocate End           High               Low         
[90.314s][info][gc,heap     ] GC(358)  Capacity:     1024M (100%)       1024M (100%)       1024M (100%)       1024M (100%)       1024M (100%)       1024M (100%)   
[90.314s][info][gc,heap     ] GC(358)      Free:      328M (32%)          44M (4%)           10M (1%)          356M (35%)         358M (35%)           0M (0%)     
[90.314s][info][gc,heap     ] GC(358)      Used:      696M (68%)         980M (96%)        1014M (99%)         668M (65%)        1024M (100%)        666M (65%)    
[90.314s][info][gc,heap     ] GC(358)      Live:         -               281M (27%)         281M (27%)         281M (27%)            -                  -          
[90.314s][info][gc,heap     ] GC(358) Allocated:         -               284M (28%)         318M (31%)         325M (32%)            -                  -          
[90.314s][info][gc,heap     ] GC(358)   Garbage:         -               414M (41%)         414M (41%)          60M (6%)             -                  -          
[90.314s][info][gc,heap     ] GC(358) Reclaimed:         -                  -                 0M (0%)          353M (35%)            -                  -          
[90.314s][info][gc          ] GC(358) Garbage Collection (Allocation Rate) 696M(68%)->668M(65%)
[90.404s][info][gc,start    ] GC(359) Garbage Collection (Allocation Rate)
[90.404s][info][gc,task     ] GC(359) Using 10 workers
[90.404s][info][gc,phases   ] GC(359) Pause Mark Start 0.016ms
[90.561s][info][gc,phases   ] GC(359) Concurrent Mark 157.232ms
[90.561s][info][gc,phases   ] GC(359) Pause Mark End 0.018ms
[90.561s][info][gc,phases   ] GC(359) Concurrent Mark Free 0.001ms
[90.563s][info][gc,phases   ] GC(359) Concurrent Process Non-Strong References 1.805ms
[90.563s][info][gc,phases   ] GC(359) Concurrent Reset Relocation Set 0.018ms
[90.583s][info][gc,phases   ] GC(359) Concurrent Select Relocation Set 19.427ms
[90.583s][info][gc,phases   ] GC(359) Pause Relocate Start 0.011ms
[90.584s][info][gc          ] Allocation Stall (Executor task launch worker for task 1.0 in stage 80.0 (TID 153)) 48.632ms
[90.584s][info][gc          ] Allocation Stall (Executor task launch worker for task 2.0 in stage 80.0 (TID 154)) 48.743ms
[90.593s][info][gc          ] Relocation Stall (Executor task launch worker for task 0.0 in stage 80.0 (TID 152)) 9.993ms
[90.593s][info][gc          ] Relocation Stall (Executor task launch worker for task 3.0 in stage 80.0 (TID 155)) 10.021ms
[90.593s][info][gc          ] Allocation Stall (Executor task launch worker for task 0.0 in stage 80.0 (TID 152)) 58.769ms
[90.593s][info][gc          ] Allocation Stall (Executor task launch worker for task 3.0 in stage 80.0 (TID 155)) 58.936ms
[90.605s][info][gc,phases   ] GC(359) Concurrent Relocate 22.075ms
[90.605s][info][gc,load     ] GC(359) Load: 0.00/0.00/0.00
[90.605s][info][gc,mmu      ] GC(359) MMU: 2ms/96.1%, 5ms/98.4%, 10ms/99.2%, 20ms/99.6%, 50ms/99.8%, 100ms/99.9%
[90.605s][info][gc,marking  ] GC(359) Mark: 8 stripe(s), 2 proactive flush(es), 1 terminate flush(es), 0 completion(s), 0 continuation(s) 
[90.605s][info][gc,marking  ] GC(359) Mark Stack Usage: 32M
[90.605s][info][gc,nmethod  ] GC(359) NMethods: 6409 registered, 4490 unregistered
[90.605s][info][gc,metaspace] GC(359) Metaspace: 65M used, 66M committed, 1088M reserved
[90.605s][info][gc,ref      ] GC(359) Soft: 3127 encountered, 0 discovered, 0 enqueued
[90.605s][info][gc,ref      ] GC(359) Weak: 6338 encountered, 2080 discovered, 0 enqueued
[90.605s][info][gc,ref      ] GC(359) Final: 62 encountered, 22 discovered, 0 enqueued
[90.605s][info][gc,ref      ] GC(359) Phantom: 621 encountered, 396 discovered, 0 enqueued
[90.605s][info][gc,reloc    ] GC(359) Small Pages: 372 / 744M, Empty: 0M, Relocated: 27M, In-Place: 10
[90.605s][info][gc,reloc    ] GC(359) Medium Pages: 1 / 32M, Empty: 0M, Relocated: 0M, In-Place: 0
[90.605s][info][gc,reloc    ] GC(359) Large Pages: 4 / 40M, Empty: 0M, Relocated: 0M, In-Place: 0
[90.605s][info][gc,reloc    ] GC(359) Forwarding Usage: 25M
[90.605s][info][gc,heap     ] GC(359) Min Capacity: 8M(1%)
[90.605s][info][gc,heap     ] GC(359) Max Capacity: 1024M(100%)
[90.605s][info][gc,heap     ] GC(359) Soft Max Capacity: 1024M(100%)
[90.605s][info][gc,heap     ] GC(359)                Mark Start          Mark End        Relocate Start      Relocate End           High               Low         
[90.605s][info][gc,heap     ] GC(359)  Capacity:     1024M (100%)       1024M (100%)       1024M (100%)       1024M (100%)       1024M (100%)       1024M (100%)   
[90.605s][info][gc,heap     ] GC(359)      Free:      208M (20%)           0M (0%)            0M (0%)          442M (43%)         446M (44%)           0M (0%)     
[90.605s][info][gc,heap     ] GC(359)      Used:      816M (80%)        1024M (100%)       1024M (100%)        582M (57%)        1024M (100%)        578M (56%)    
[90.605s][info][gc,heap     ] GC(359)      Live:         -               291M (29%)         291M (29%)         291M (29%)            -                  -          
[90.605s][info][gc,heap     ] GC(359) Allocated:         -               208M (20%)         208M (20%)         229M (22%)            -                  -          
[90.605s][info][gc,heap     ] GC(359)   Garbage:         -               524M (51%)         524M (51%)          60M (6%)             -                  -          
[90.605s][info][gc,heap     ] GC(359) Reclaimed:         -                  -                 0M (0%)          463M (45%)            -                  -          
[90.605s][info][gc          ] GC(359) Garbage Collection (Allocation Rate) 816M(80%)->582M(57%)
[90.608s][info][gc,start    ] GC(360) Garbage Collection (Allocation Stall)
[90.608s][info][gc,ref      ] GC(360) Clearing All SoftReferences
[90.608s][info][gc,task     ] GC(360) Using 10 workers
[90.608s][info][gc,ref      ] GC(360) Clearing All SoftReferences
[90.608s][info][gc,phases   ] GC(360) Pause Mark Start 0.033ms
[90.764s][info][gc,phases   ] GC(360) Concurrent Mark 155.961ms
[90.764s][info][gc,phases   ] GC(360) Pause Mark End 0.031ms
[90.765s][info][gc,phases   ] GC(360) Concurrent Mark Free 0.001ms
[90.777s][info][gc,phases   ] GC(360) Concurrent Process Non-Strong References 12.429ms
[90.777s][info][gc,phases   ] GC(360) Concurrent Reset Relocation Set 0.046ms
[90.781s][info][gc,phases   ] GC(360) Concurrent Select Relocation Set 4.224ms
[90.781s][info][gc,phases   ] GC(360) Pause Relocate Start 0.011ms
[90.795s][info][gc,phases   ] GC(360) Concurrent Relocate 13.279ms
[90.795s][info][gc,load     ] GC(360) Load: 0.00/0.00/0.00
[90.795s][info][gc,mmu      ] GC(360) MMU: 2ms/96.1%, 5ms/98.4%, 10ms/99.2%, 20ms/99.6%, 50ms/99.8%, 100ms/99.9%
[90.795s][info][gc,marking  ] GC(360) Mark: 8 stripe(s), 2 proactive flush(es), 1 terminate flush(es), 0 completion(s), 0 continuation(s) 
[90.795s][info][gc,marking  ] GC(360) Mark Stack Usage: 32M
[90.795s][info][gc,nmethod  ] GC(360) NMethods: 6406 registered, 4493 unregistered
[90.795s][info][gc,metaspace] GC(360) Metaspace: 64M used, 66M committed, 1088M reserved
[90.795s][info][gc,ref      ] GC(360) Soft: 3042 encountered, 1449 discovered, 325 enqueued
[90.795s][info][gc,ref      ] GC(360) Weak: 6260 encountered, 1881 discovered, 34 enqueued
[90.795s][info][gc,ref      ] GC(360) Final: 62 encountered, 18 discovered, 0 enqueued
[90.795s][info][gc,ref      ] GC(360) Phantom: 619 encountered, 608 discovered, 0 enqueued
[90.795s][info][gc,reloc    ] GC(360) Small Pages: 257 / 514M, Empty: 0M, Relocated: 18M, In-Place: 0
[90.795s][info][gc,reloc    ] GC(360) Medium Pages: 1 / 32M, Empty: 0M, Relocated: 0M, In-Place: 0
[90.795s][info][gc,reloc    ] GC(360) Large Pages: 4 / 40M, Empty: 0M, Relocated: 0M, In-Place: 0
[90.795s][info][gc,reloc    ] GC(360) Forwarding Usage: 16M
[90.795s][info][gc,heap     ] GC(360) Min Capacity: 8M(1%)
[90.795s][info][gc,heap     ] GC(360) Max Capacity: 1024M(100%)
[90.795s][info][gc,heap     ] GC(360) Soft Max Capacity: 1024M(100%)
[90.795s][info][gc,heap     ] GC(360)                Mark Start          Mark End        Relocate Start      Relocate End           High               Low         
[90.795s][info][gc,heap     ] GC(360)  Capacity:     1024M (100%)       1024M (100%)       1024M (100%)       1024M (100%)       1024M (100%)       1024M (100%)   
[90.795s][info][gc,heap     ] GC(360)      Free:      438M (43%)         242M (24%)         234M (23%)         460M (45%)         460M (45%)         214M (21%)    
[90.795s][info][gc,heap     ] GC(360)      Used:      586M (57%)         782M (76%)         790M (77%)         564M (55%)         810M (79%)         564M (55%)    
[90.795s][info][gc,heap     ] GC(360)      Live:         -               295M (29%)         295M (29%)         295M (29%)            -                  -          
[90.795s][info][gc,heap     ] GC(360) Allocated:         -               196M (19%)         204M (20%)         207M (20%)            -                  -          
[90.795s][info][gc,heap     ] GC(360)   Garbage:         -               290M (28%)         290M (28%)          61M (6%)             -                  -          
[90.795s][info][gc,heap     ] GC(360) Reclaimed:         -                  -                 0M (0%)          229M (22%)            -                  -          
[90.795s][info][gc          ] GC(360) Garbage Collection (Allocation Stall) 586M(57%)->564M(55%)
[90.811s][info][gc,start    ] GC(361) Garbage Collection (Allocation Rate)
[90.811s][info][gc,task     ] GC(361) Using 10 workers
[90.811s][info][gc,phases   ] GC(361) Pause Mark Start 0.013ms
[90.983s][info][gc,phases   ] GC(361) Concurrent Mark 171.608ms
[90.983s][info][gc,phases   ] GC(361) Pause Mark End 0.037ms
[90.983s][info][gc,phases   ] GC(361) Concurrent Mark Free 0.001ms
[90.986s][info][gc,phases   ] GC(361) Concurrent Process Non-Strong References 2.316ms
[90.986s][info][gc,phases   ] GC(361) Concurrent Reset Relocation Set 0.030ms
[90.989s][info][gc,phases   ] GC(361) Concurrent Select Relocation Set 3.662ms
[90.990s][info][gc,phases   ] GC(361) Pause Relocate Start 0.012ms
[91.003s][info][gc,phases   ] GC(361) Concurrent Relocate 13.274ms
[91.003s][info][gc,load     ] GC(361) Load: 0.00/0.00/0.00
[91.003s][info][gc,mmu      ] GC(361) MMU: 2ms/96.1%, 5ms/98.4%, 10ms/99.2%, 20ms/99.6%, 50ms/99.8%, 100ms/99.9%
[91.003s][info][gc,marking  ] GC(361) Mark: 8 stripe(s), 2 proactive flush(es), 1 terminate flush(es), 0 completion(s), 0 continuation(s) 
[91.003s][info][gc,marking  ] GC(361) Mark Stack Usage: 32M
[91.003s][info][gc,nmethod  ] GC(361) NMethods: 6406 registered, 4493 unregistered
[91.003s][info][gc,metaspace] GC(361) Metaspace: 64M used, 66M committed, 1088M reserved
[91.003s][info][gc,ref      ] GC(361) Soft: 2717 encountered, 0 discovered, 0 enqueued
[91.003s][info][gc,ref      ] GC(361) Weak: 5956 encountered, 1317 discovered, 0 enqueued
[91.003s][info][gc,ref      ] GC(361) Final: 62 encountered, 41 discovered, 0 enqueued
[91.003s][info][gc,ref      ] GC(361) Phantom: 618 encountered, 393 discovered, 0 enqueued
[91.003s][info][gc,reloc    ] GC(361) Small Pages: 234 / 468M, Empty: 0M, Relocated: 11M, In-Place: 0
[91.003s][info][gc,reloc    ] GC(361) Medium Pages: 2 / 64M, Empty: 0M, Relocated: 12M, In-Place: 0
[91.003s][info][gc,reloc    ] GC(361) Large Pages: 4 / 40M, Empty: 0M, Relocated: 0M, In-Place: 0
[91.003s][info][gc,reloc    ] GC(361) Forwarding Usage: 10M
[91.003s][info][gc,heap     ] GC(361) Min Capacity: 8M(1%)
[91.003s][info][gc,heap     ] GC(361) Max Capacity: 1024M(100%)
[91.003s][info][gc,heap     ] GC(361) Soft Max Capacity: 1024M(100%)
[91.003s][info][gc,heap     ] GC(361)                Mark Start          Mark End        Relocate Start      Relocate End           High               Low         
[91.003s][info][gc,heap     ] GC(361)  Capacity:     1024M (100%)       1024M (100%)       1024M (100%)       1024M (100%)       1024M (100%)       1024M (100%)   
[91.003s][info][gc,heap     ] GC(361)      Free:      452M (44%)         404M (39%)         404M (39%)         612M (60%)         612M (60%)         356M (35%)    
[91.003s][info][gc,heap     ] GC(361)      Used:      572M (56%)         620M (61%)         620M (61%)         412M (40%)         668M (65%)         412M (40%)    
[91.003s][info][gc,heap     ] GC(361)      Live:         -               300M (29%)         300M (29%)         300M (29%)            -                  -          
[91.003s][info][gc,heap     ] GC(361) Allocated:         -                48M (5%)           48M (5%)           47M (5%)             -                  -          
[91.003s][info][gc,heap     ] GC(361)   Garbage:         -               271M (26%)         271M (26%)          63M (6%)             -                  -          
[91.003s][info][gc,heap     ] GC(361) Reclaimed:         -                  -                 0M (0%)          207M (20%)            -                  -          
[91.003s][info][gc          ] GC(361) Garbage Collection (Allocation Rate) 572M(56%)->412M(40%)
[91.004s][info][gc,start    ] GC(362) Garbage Collection (Allocation Rate)
[91.004s][info][gc,task     ] GC(362) Using 10 workers
[91.004s][info][gc,phases   ] GC(362) Pause Mark Start 0.011ms
[91.167s][info][gc,phases   ] GC(362) Concurrent Mark 163.422ms
[91.168s][info][gc,phases   ] GC(362) Pause Mark End 0.018ms
[91.168s][info][gc,phases   ] GC(362) Concurrent Mark Free 0.001ms
[91.170s][info][gc,phases   ] GC(362) Concurrent Process Non-Strong References 2.117ms
[91.170s][info][gc,phases   ] GC(362) Concurrent Reset Relocation Set 0.016ms
[91.174s][info][gc,phases   ] GC(362) Concurrent Select Relocation Set 3.718ms
[91.174s][info][gc,phases   ] GC(362) Pause Relocate Start 0.009ms
[91.183s][info][gc,phases   ] GC(362) Concurrent Relocate 9.239ms
[91.183s][info][gc,load     ] GC(362) Load: 0.00/0.00/0.00
[91.183s][info][gc,mmu      ] GC(362) MMU: 2ms/96.1%, 5ms/98.4%, 10ms/99.2%, 20ms/99.6%, 50ms/99.8%, 100ms/99.9%
[91.183s][info][gc,marking  ] GC(362) Mark: 8 stripe(s), 2 proactive flush(es), 1 terminate flush(es), 0 completion(s), 0 continuation(s) 
[91.183s][info][gc,marking  ] GC(362) Mark Stack Usage: 32M
[91.183s][info][gc,nmethod  ] GC(362) NMethods: 6406 registered, 4493 unregistered
[91.183s][info][gc,metaspace] GC(362) Metaspace: 64M used, 66M committed, 1088M reserved
[91.183s][info][gc,ref      ] GC(362) Soft: 2717 encountered, 0 discovered, 0 enqueued
[91.183s][info][gc,ref      ] GC(362) Weak: 5951 encountered, 1238 discovered, 0 enqueued
[91.183s][info][gc,ref      ] GC(362) Final: 62 encountered, 1 discovered, 0 enqueued
[91.183s][info][gc,ref      ] GC(362) Phantom: 617 encountered, 278 discovered, 0 enqueued
[91.183s][info][gc,reloc    ] GC(362) Small Pages: 154 / 308M, Empty: 0M, Relocated: 6M, In-Place: 0
[91.183s][info][gc,reloc    ] GC(362) Medium Pages: 2 / 64M, Empty: 0M, Relocated: 17M, In-Place: 0
[91.183s][info][gc,reloc    ] GC(362) Large Pages: 4 / 40M, Empty: 0M, Relocated: 0M, In-Place: 0
[91.183s][info][gc,reloc    ] GC(362) Forwarding Usage: 5M
[91.183s][info][gc,heap     ] GC(362) Min Capacity: 8M(1%)
[91.183s][info][gc,heap     ] GC(362) Max Capacity: 1024M(100%)
[91.183s][info][gc,heap     ] GC(362) Soft Max Capacity: 1024M(100%)
[91.183s][info][gc,heap     ] GC(362)                Mark Start          Mark End        Relocate Start      Relocate End           High               Low         
[91.183s][info][gc,heap     ] GC(362)  Capacity:     1024M (100%)       1024M (100%)       1024M (100%)       1024M (100%)       1024M (100%)       1024M (100%)   
[91.183s][info][gc,heap     ] GC(362)      Free:      612M (60%)         578M (56%)         576M (56%)         620M (61%)         620M (61%)         528M (52%)    
[91.183s][info][gc,heap     ] GC(362)      Used:      412M (40%)         446M (44%)         448M (44%)         404M (39%)         496M (48%)         404M (39%)    
[91.184s][info][gc,heap     ] GC(362)      Live:         -               305M (30%)         305M (30%)         305M (30%)            -                  -          
[91.184s][info][gc,heap     ] GC(362) Allocated:         -                34M (3%)           36M (4%)           37M (4%)             -                  -          
[91.184s][info][gc,heap     ] GC(362)   Garbage:         -               106M (10%)         106M (10%)          60M (6%)             -                  -          
[91.184s][info][gc,heap     ] GC(362) Reclaimed:         -                  -                 0M (0%)           45M (4%)             -                  -          
[91.184s][info][gc          ] GC(362) Garbage Collection (Allocation Rate) 412M(40%)->404M(39%)
[91.214s][info][gc,start    ] GC(363) Garbage Collection (Allocation Rate)
[91.214s][info][gc,task     ] GC(363) Using 10 workers
[91.215s][info][gc,phases   ] GC(363) Pause Mark Start 0.015ms
[91.371s][info][gc,phases   ] GC(363) Concurrent Mark 155.827ms
[91.371s][info][gc,phases   ] GC(363) Pause Mark End 0.025ms
[91.371s][info][gc,phases   ] GC(363) Concurrent Mark Free 0.001ms
[91.373s][info][gc,phases   ] GC(363) Concurrent Process Non-Strong References 1.978ms
[91.373s][info][gc,phases   ] GC(363) Concurrent Reset Relocation Set 0.004ms
[91.386s][info][gc,phases   ] GC(363) Concurrent Select Relocation Set 12.860ms
[91.386s][info][gc,phases   ] GC(363) Pause Relocate Start 0.007ms
[91.394s][info][gc,phases   ] GC(363) Concurrent Relocate 7.969ms
[91.394s][info][gc,load     ] GC(363) Load: 0.00/0.00/0.00
[91.394s][info][gc,mmu      ] GC(363) MMU: 2ms/96.1%, 5ms/98.4%, 10ms/99.2%, 20ms/99.6%, 50ms/99.8%, 100ms/99.9%
[91.394s][info][gc,marking  ] GC(363) Mark: 8 stripe(s), 2 proactive flush(es), 1 terminate flush(es), 0 completion(s), 0 continuation(s) 
[91.394s][info][gc,marking  ] GC(363) Mark Stack Usage: 32M
[91.394s][info][gc,nmethod  ] GC(363) NMethods: 6411 registered, 4494 unregistered
[91.394s][info][gc,metaspace] GC(363) Metaspace: 64M used, 66M committed, 1088M reserved
[91.394s][info][gc,ref      ] GC(363) Soft: 2807 encountered, 0 discovered, 0 enqueued
[91.394s][info][gc,ref      ] GC(363) Weak: 6101 encountered, 2570 discovered, 13 enqueued
[91.394s][info][gc,ref      ] GC(363) Final: 62 encountered, 27 discovered, 0 enqueued
[91.394s][info][gc,ref      ] GC(363) Phantom: 620 encountered, 439 discovered, 0 enqueued
[91.394s][info][gc,reloc    ] GC(363) Small Pages: 154 / 308M, Empty: 2M, Relocated: 8M, In-Place: 0
[91.394s][info][gc,reloc    ] GC(363) Medium Pages: 2 / 64M, Empty: 0M, Relocated: 12M, In-Place: 0
[91.394s][info][gc,reloc    ] GC(363) Large Pages: 4 / 40M, Empty: 0M, Relocated: 0M, In-Place: 0
[91.394s][info][gc,reloc    ] GC(363) Forwarding Usage: 7M
[91.394s][info][gc,heap     ] GC(363) Min Capacity: 8M(1%)
[91.394s][info][gc,heap     ] GC(363) Max Capacity: 1024M(100%)
[91.394s][info][gc,heap     ] GC(363) Soft Max Capacity: 1024M(100%)
[91.394s][info][gc,heap     ] GC(363)                Mark Start          Mark End        Relocate Start      Relocate End           High               Low         
[91.394s][info][gc,heap     ] GC(363)  Capacity:     1024M (100%)       1024M (100%)       1024M (100%)       1024M (100%)       1024M (100%)       1024M (100%)   
[91.394s][info][gc,heap     ] GC(363)      Free:      612M (60%)         542M (53%)         544M (53%)         586M (57%)         612M (60%)         494M (48%)    
[91.394s][info][gc,heap     ] GC(363)      Used:      412M (40%)         482M (47%)         480M (47%)         438M (43%)         530M (52%)         412M (40%)    
[91.394s][info][gc,heap     ] GC(363)      Live:         -               301M (29%)         301M (29%)         301M (29%)            -                  -          
[91.394s][info][gc,heap     ] GC(363) Allocated:         -                70M (7%)           70M (7%)           71M (7%)             -                  -          
[91.394s][info][gc,heap     ] GC(363)   Garbage:         -               110M (11%)         108M (11%)          64M (6%)             -                  -          
[91.394s][info][gc,heap     ] GC(363) Reclaimed:         -                  -                 2M (0%)           45M (4%)             -                  -          
[91.394s][info][gc          ] GC(363) Garbage Collection (Allocation Rate) 412M(40%)->438M(43%)
[91.417s][info][gc,start    ] GC(364) Garbage Collection (Allocation Rate)
[91.418s][info][gc,task     ] GC(364) Using 10 workers
[91.418s][info][gc,phases   ] GC(364) Pause Mark Start 0.012ms
[91.511s][info][gc,phases   ] GC(364) Concurrent Mark 93.420ms
[91.511s][info][gc,phases   ] GC(364) Pause Mark End 0.030ms
[91.511s][info][gc,phases   ] GC(364) Concurrent Mark Free 0.001ms
[91.513s][info][gc,phases   ] GC(364) Concurrent Process Non-Strong References 1.780ms
[91.513s][info][gc,phases   ] GC(364) Concurrent Reset Relocation Set 0.004ms
[91.532s][info][gc,phases   ] GC(364) Concurrent Select Relocation Set 18.292ms
[91.532s][info][gc,phases   ] GC(364) Pause Relocate Start 0.011ms
[91.545s][info][gc,phases   ] GC(364) Concurrent Relocate 13.165ms
[91.545s][info][gc,load     ] GC(364) Load: 0.00/0.00/0.00
[91.545s][info][gc,mmu      ] GC(364) MMU: 2ms/96.1%, 5ms/98.4%, 10ms/99.2%, 20ms/99.6%, 50ms/99.8%, 100ms/99.9%
[91.545s][info][gc,marking  ] GC(364) Mark: 8 stripe(s), 2 proactive flush(es), 1 terminate flush(es), 0 completion(s), 0 continuation(s) 
[91.545s][info][gc,marking  ] GC(364) Mark Stack Usage: 32M
[91.545s][info][gc,nmethod  ] GC(364) NMethods: 6434 registered, 4496 unregistered
[91.545s][info][gc,metaspace] GC(364) Metaspace: 65M used, 66M committed, 1088M reserved
[91.545s][info][gc,ref      ] GC(364) Soft: 2827 encountered, 0 discovered, 0 enqueued
[91.545s][info][gc,ref      ] GC(364) Weak: 6115 encountered, 1359 discovered, 69 enqueued
[91.545s][info][gc,ref      ] GC(364) Final: 62 encountered, 22 discovered, 0 enqueued
[91.545s][info][gc,ref      ] GC(364) Phantom: 618 encountered, 584 discovered, 0 enqueued
[91.545s][info][gc,reloc    ] GC(364) Small Pages: 168 / 336M, Empty: 24M, Relocated: 25M, In-Place: 0
[91.545s][info][gc,reloc    ] GC(364) Medium Pages: 2 / 64M, Empty: 32M, Relocated: 0M, In-Place: 0
[91.545s][info][gc,reloc    ] GC(364) Large Pages: 4 / 40M, Empty: 30M, Relocated: 0M, In-Place: 0
[91.545s][info][gc,reloc    ] GC(364) Forwarding Usage: 24M
[91.546s][info][gc,heap     ] GC(364) Min Capacity: 8M(1%)
[91.546s][info][gc,heap     ] GC(364) Max Capacity: 1024M(100%)
[91.546s][info][gc,heap     ] GC(364) Soft Max Capacity: 1024M(100%)
[91.546s][info][gc,heap     ] GC(364)                Mark Start          Mark End        Relocate Start      Relocate End           High               Low         
[91.546s][info][gc,heap     ] GC(364)  Capacity:     1024M (100%)       1024M (100%)       1024M (100%)       1024M (100%)       1024M (100%)       1024M (100%)   
[91.546s][info][gc,heap     ] GC(364)      Free:      584M (57%)         564M (55%)         646M (63%)         760M (74%)         760M (74%)         564M (55%)    
[91.546s][info][gc,heap     ] GC(364)      Used:      440M (43%)         460M (45%)         378M (37%)         264M (26%)         460M (45%)         264M (26%)    
[91.546s][info][gc,heap     ] GC(364)      Live:         -               198M (19%)         198M (19%)         198M (19%)            -                  -          
[91.546s][info][gc,heap     ] GC(364) Allocated:         -                20M (2%)           24M (2%)           24M (2%)             -                  -          
[91.546s][info][gc,heap     ] GC(364)   Garbage:         -               241M (24%)         155M (15%)          41M (4%)             -                  -          
[91.546s][info][gc,heap     ] GC(364) Reclaimed:         -                  -                86M (8%)          200M (20%)            -                  -          
[91.546s][info][gc          ] GC(364) Garbage Collection (Allocation Rate) 440M(43%)->264M(26%)
[91.603s][info][gc,start    ] GC(365) Garbage Collection (Allocation Rate)
[91.603s][info][gc,task     ] GC(365) Using 10 workers
[91.603s][info][gc,phases   ] GC(365) Pause Mark Start 0.011ms
[91.701s][info][gc,phases   ] GC(365) Concurrent Mark 97.752ms
[91.701s][info][gc,phases   ] GC(365) Pause Mark End 0.041ms
[91.701s][info][gc,phases   ] GC(365) Concurrent Mark Free 0.001ms
[91.719s][info][gc,phases   ] GC(365) Concurrent Process Non-Strong References 17.417ms
[91.719s][info][gc,phases   ] GC(365) Concurrent Reset Relocation Set 0.014ms
[91.723s][info][gc,phases   ] GC(365) Concurrent Select Relocation Set 3.734ms
[91.723s][info][gc,phases   ] GC(365) Pause Relocate Start 0.013ms
[91.735s][info][gc,phases   ] GC(365) Concurrent Relocate 12.481ms
[91.736s][info][gc,load     ] GC(365) Load: 0.00/0.00/0.00
[91.736s][info][gc,mmu      ] GC(365) MMU: 2ms/96.1%, 5ms/98.4%, 10ms/99.2%, 20ms/99.6%, 50ms/99.8%, 100ms/99.9%
[91.736s][info][gc,marking  ] GC(365) Mark: 8 stripe(s), 2 proactive flush(es), 1 terminate flush(es), 0 completion(s), 0 continuation(s) 
[91.736s][info][gc,marking  ] GC(365) Mark Stack Usage: 32M
[91.736s][info][gc,nmethod  ] GC(365) NMethods: 6439 registered, 4496 unregistered
[91.736s][info][gc,metaspace] GC(365) Metaspace: 65M used, 66M committed, 1088M reserved
[91.736s][info][gc,ref      ] GC(365) Soft: 3051 encountered, 0 discovered, 0 enqueued
[91.736s][info][gc,ref      ] GC(365) Weak: 6493 encountered, 2727 discovered, 214 enqueued
[91.736s][info][gc,ref      ] GC(365) Final: 62 encountered, 5 discovered, 0 enqueued
[91.736s][info][gc,ref      ] GC(365) Phantom: 619 encountered, 346 discovered, 0 enqueued
[91.736s][info][gc,reloc    ] GC(365) Small Pages: 155 / 310M, Empty: 2M, Relocated: 17M, In-Place: 0
[91.736s][info][gc,reloc    ] GC(365) Medium Pages: 2 / 64M, Empty: 0M, Relocated: 18M, In-Place: 0
[91.736s][info][gc,reloc    ] GC(365) Large Pages: 2 / 16M, Empty: 16M, Relocated: 0M, In-Place: 0
[91.736s][info][gc,reloc    ] GC(365) Forwarding Usage: 16M
[91.736s][info][gc,heap     ] GC(365) Min Capacity: 8M(1%)
[91.736s][info][gc,heap     ] GC(365) Max Capacity: 1024M(100%)
[91.736s][info][gc,heap     ] GC(365) Soft Max Capacity: 1024M(100%)
[91.736s][info][gc,heap     ] GC(365)                Mark Start          Mark End        Relocate Start      Relocate End           High               Low         
[91.736s][info][gc,heap     ] GC(365)  Capacity:     1024M (100%)       1024M (100%)       1024M (100%)       1024M (100%)       1024M (100%)       1024M (100%)   
[91.736s][info][gc,heap     ] GC(365)      Free:      634M (62%)         548M (54%)         550M (54%)         706M (69%)         706M (69%)         506M (49%)    
[91.736s][info][gc,heap     ] GC(365)      Used:      390M (38%)         476M (46%)         474M (46%)         318M (31%)         518M (51%)         318M (31%)    
[91.736s][info][gc,heap     ] GC(365)      Live:         -               185M (18%)         185M (18%)         185M (18%)            -                  -          
[91.736s][info][gc,heap     ] GC(365) Allocated:         -                86M (8%)          102M (10%)         105M (10%)            -                  -          
[91.736s][info][gc,heap     ] GC(365)   Garbage:         -               204M (20%)         186M (18%)          27M (3%)             -                  -          
[91.736s][info][gc,heap     ] GC(365) Reclaimed:         -                  -                18M (2%)          177M (17%)            -                  -          
[91.736s][info][gc          ] GC(365) Garbage Collection (Allocation Rate) 390M(38%)->318M(31%)
[91.805s][info][gc,start    ] GC(366) Garbage Collection (Allocation Rate)
[91.805s][info][gc,task     ] GC(366) Using 10 workers
[91.805s][info][gc,phases   ] GC(366) Pause Mark Start 0.016ms
[91.896s][info][gc,phases   ] GC(366) Concurrent Mark 91.272ms
[91.897s][info][gc,phases   ] GC(366) Pause Mark End 0.024ms
[91.897s][info][gc,phases   ] GC(366) Concurrent Mark Free 0.001ms
[91.899s][info][gc,phases   ] GC(366) Concurrent Process Non-Strong References 1.978ms
[91.899s][info][gc,phases   ] GC(366) Concurrent Reset Relocation Set 0.012ms
[91.916s][info][gc,phases   ] GC(366) Concurrent Select Relocation Set 17.004ms
[91.916s][info][gc,phases   ] GC(366) Pause Relocate Start 0.011ms
[91.929s][info][gc,phases   ] GC(366) Concurrent Relocate 13.510ms
[91.929s][info][gc,load     ] GC(366) Load: 0.00/0.00/0.00
[91.930s][info][gc,mmu      ] GC(366) MMU: 2ms/96.1%, 5ms/98.4%, 10ms/99.2%, 20ms/99.6%, 50ms/99.8%, 100ms/99.9%
[91.930s][info][gc,marking  ] GC(366) Mark: 8 stripe(s), 2 proactive flush(es), 1 terminate flush(es), 0 completion(s), 0 continuation(s) 
[91.930s][info][gc,marking  ] GC(366) Mark Stack Usage: 32M
[91.930s][info][gc,nmethod  ] GC(366) NMethods: 6480 registered, 4496 unregistered
[91.930s][info][gc,metaspace] GC(366) Metaspace: 65M used, 66M committed, 1088M reserved
[91.930s][info][gc,ref      ] GC(366) Soft: 3057 encountered, 0 discovered, 0 enqueued
[91.930s][info][gc,ref      ] GC(366) Weak: 6285 encountered, 3068 discovered, 3 enqueued
[91.930s][info][gc,ref      ] GC(366) Final: 62 encountered, 6 discovered, 0 enqueued
[91.930s][info][gc,ref      ] GC(366) Phantom: 617 encountered, 318 discovered, 0 enqueued
[91.930s][info][gc,reloc    ] GC(366) Small Pages: 170 / 340M, Empty: 22M, Relocated: 20M, In-Place: 0
[91.930s][info][gc,reloc    ] GC(366) Medium Pages: 1 / 32M, Empty: 0M, Relocated: 0M, In-Place: 0
[91.930s][info][gc,reloc    ] GC(366) Large Pages: 4 / 24M, Empty: 6M, Relocated: 0M, In-Place: 0
[91.930s][info][gc,reloc    ] GC(366) Forwarding Usage: 22M
[91.930s][info][gc,heap     ] GC(366) Min Capacity: 8M(1%)
[91.930s][info][gc,heap     ] GC(366) Max Capacity: 1024M(100%)
[91.930s][info][gc,heap     ] GC(366) Soft Max Capacity: 1024M(100%)
[91.930s][info][gc,heap     ] GC(366)                Mark Start          Mark End        Relocate Start      Relocate End           High               Low         
[91.930s][info][gc,heap     ] GC(366)  Capacity:     1024M (100%)       1024M (100%)       1024M (100%)       1024M (100%)       1024M (100%)       1024M (100%)   
[91.930s][info][gc,heap     ] GC(366)      Free:      628M (61%)         504M (49%)         506M (49%)         620M (61%)         628M (61%)         486M (47%)    
[91.930s][info][gc,heap     ] GC(366)      Used:      396M (39%)         520M (51%)         518M (51%)         404M (39%)         538M (53%)         396M (39%)    
[91.930s][info][gc,heap     ] GC(366)      Live:         -               201M (20%)         201M (20%)         201M (20%)            -                  -          
[91.930s][info][gc,heap     ] GC(366) Allocated:         -               124M (12%)         150M (15%)         163M (16%)            -                  -          
[91.930s][info][gc,heap     ] GC(366)   Garbage:         -               194M (19%)         166M (16%)          38M (4%)             -                  -          
[91.930s][info][gc,heap     ] GC(366) Reclaimed:         -                  -                28M (3%)          155M (15%)            -                  -          
[91.930s][info][gc          ] GC(366) Garbage Collection (Allocation Rate) 396M(39%)->404M(39%)
[92.108s][info][gc,start    ] GC(367) Garbage Collection (Allocation Rate)
[92.108s][info][gc,task     ] GC(367) Using 10 workers
[92.108s][info][gc,phases   ] GC(367) Pause Mark Start 0.010ms
[92.182s][info][gc,phases   ] GC(367) Concurrent Mark 73.675ms
[92.182s][info][gc,phases   ] GC(367) Pause Mark End 0.025ms
[92.182s][info][gc,phases   ] GC(367) Concurrent Mark Free 0.001ms
[92.193s][info][gc,phases   ] GC(367) Concurrent Process Non-Strong References 11.191ms
[92.193s][info][gc,phases   ] GC(367) Concurrent Reset Relocation Set 0.015ms
[92.197s][info][gc,phases   ] GC(367) Concurrent Select Relocation Set 4.075ms
[92.197s][info][gc,phases   ] GC(367) Pause Relocate Start 0.009ms
[92.205s][info][gc,phases   ] GC(367) Concurrent Relocate 7.165ms
[92.205s][info][gc,load     ] GC(367) Load: 0.00/0.00/0.00
[92.205s][info][gc,mmu      ] GC(367) MMU: 2ms/96.1%, 5ms/98.4%, 10ms/99.2%, 20ms/99.6%, 50ms/99.8%, 100ms/99.9%
[92.205s][info][gc,marking  ] GC(367) Mark: 8 stripe(s), 2 proactive flush(es), 1 terminate flush(es), 0 completion(s), 0 continuation(s) 
[92.205s][info][gc,marking  ] GC(367) Mark Stack Usage: 32M
[92.205s][info][gc,nmethod  ] GC(367) NMethods: 6493 registered, 4507 unregistered
[92.205s][info][gc,metaspace] GC(367) Metaspace: 65M used, 66M committed, 1088M reserved
[92.205s][info][gc,ref      ] GC(367) Soft: 3105 encountered, 0 discovered, 0 enqueued
[92.205s][info][gc,ref      ] GC(367) Weak: 6522 encountered, 1841 discovered, 163 enqueued
[92.205s][info][gc,ref      ] GC(367) Final: 62 encountered, 0 discovered, 0 enqueued
[92.205s][info][gc,ref      ] GC(367) Phantom: 617 encountered, 385 discovered, 0 enqueued
[92.205s][info][gc,reloc    ] GC(367) Small Pages: 263 / 526M, Empty: 94M, Relocated: 12M, In-Place: 0
[92.205s][info][gc,reloc    ] GC(367) Medium Pages: 2 / 64M, Empty: 32M, Relocated: 0M, In-Place: 0
[92.205s][info][gc,reloc    ] GC(367) Large Pages: 8 / 48M, Empty: 42M, Relocated: 0M, In-Place: 0
[92.205s][info][gc,reloc    ] GC(367) Forwarding Usage: 9M
[92.205s][info][gc,heap     ] GC(367) Min Capacity: 8M(1%)
[92.205s][info][gc,heap     ] GC(367) Max Capacity: 1024M(100%)
[92.205s][info][gc,heap     ] GC(367) Soft Max Capacity: 1024M(100%)
[92.205s][info][gc,heap     ] GC(367)                Mark Start          Mark End        Relocate Start      Relocate End           High               Low         
[92.205s][info][gc,heap     ] GC(367)  Capacity:     1024M (100%)       1024M (100%)       1024M (100%)       1024M (100%)       1024M (100%)       1024M (100%)   
[92.205s][info][gc,heap     ] GC(367)      Free:      386M (38%)         268M (26%)         418M (41%)         662M (65%)         662M (65%)         250M (24%)    
[92.205s][info][gc,heap     ] GC(367)      Used:      638M (62%)         756M (74%)         606M (59%)         362M (35%)         774M (76%)         362M (35%)    
[92.205s][info][gc,heap     ] GC(367)      Live:         -               177M (17%)         177M (17%)         177M (17%)            -                  -          
[92.205s][info][gc,heap     ] GC(367) Allocated:         -               118M (12%)         136M (13%)         143M (14%)            -                  -          
[92.205s][info][gc,heap     ] GC(367)   Garbage:         -               460M (45%)         292M (29%)          40M (4%)             -                  -          
[92.205s][info][gc,heap     ] GC(367) Reclaimed:         -                  -               168M (16%)         419M (41%)            -                  -          
[92.205s][info][gc          ] GC(367) Garbage Collection (Allocation Rate) 638M(62%)->362M(35%)
[92.317s][info][gc,start    ] GC(368) Garbage Collection (Allocation Rate)
[92.317s][info][gc,task     ] GC(368) Using 10 workers
[92.318s][info][gc,phases   ] GC(368) Pause Mark Start 0.013ms
[92.411s][info][gc,phases   ] GC(368) Concurrent Mark 93.317ms
[92.411s][info][gc,phases   ] GC(368) Pause Mark End 0.023ms
[92.411s][info][gc,phases   ] GC(368) Concurrent Mark Free 0.001ms
[92.413s][info][gc,phases   ] GC(368) Concurrent Process Non-Strong References 1.882ms
[92.413s][info][gc,phases   ] GC(368) Concurrent Reset Relocation Set 0.019ms
[92.426s][info][gc,phases   ] GC(368) Concurrent Select Relocation Set 12.705ms
[92.426s][info][gc,phases   ] GC(368) Pause Relocate Start 0.010ms
[92.442s][info][gc,phases   ] GC(368) Concurrent Relocate 16.256ms
[92.442s][info][gc,load     ] GC(368) Load: 0.00/0.00/0.00
[92.442s][info][gc,mmu      ] GC(368) MMU: 2ms/96.1%, 5ms/98.4%, 10ms/99.2%, 20ms/99.6%, 50ms/99.8%, 100ms/99.9%
[92.442s][info][gc,marking  ] GC(368) Mark: 8 stripe(s), 3 proactive flush(es), 1 terminate flush(es), 0 completion(s), 0 continuation(s) 
[92.443s][info][gc,marking  ] GC(368) Mark Stack Usage: 32M
[92.443s][info][gc,nmethod  ] GC(368) NMethods: 6494 registered, 4510 unregistered
[92.443s][info][gc,metaspace] GC(368) Metaspace: 65M used, 66M committed, 1088M reserved
[92.443s][info][gc,ref      ] GC(368) Soft: 3126 encountered, 0 discovered, 0 enqueued
[92.443s][info][gc,ref      ] GC(368) Weak: 6505 encountered, 764 discovered, 222 enqueued
[92.443s][info][gc,ref      ] GC(368) Final: 62 encountered, 0 discovered, 0 enqueued
[92.443s][info][gc,ref      ] GC(368) Phantom: 621 encountered, 512 discovered, 0 enqueued
[92.443s][info][gc,reloc    ] GC(368) Small Pages: 191 / 382M, Empty: 0M, Relocated: 26M, In-Place: 0
[92.443s][info][gc,reloc    ] GC(368) Medium Pages: 2 / 64M, Empty: 32M, Relocated: 0M, In-Place: 0
[92.443s][info][gc,reloc    ] GC(368) Large Pages: 6 / 36M, Empty: 12M, Relocated: 0M, In-Place: 0
[92.443s][info][gc,reloc    ] GC(368) Forwarding Usage: 26M
[92.443s][info][gc,heap     ] GC(368) Min Capacity: 8M(1%)
[92.443s][info][gc,heap     ] GC(368) Max Capacity: 1024M(100%)
[92.443s][info][gc,heap     ] GC(368) Soft Max Capacity: 1024M(100%)
[92.443s][info][gc,heap     ] GC(368)                Mark Start          Mark End        Relocate Start      Relocate End           High               Low         
[92.443s][info][gc,heap     ] GC(368)  Capacity:     1024M (100%)       1024M (100%)       1024M (100%)       1024M (100%)       1024M (100%)       1024M (100%)   
[92.443s][info][gc,heap     ] GC(368)      Free:      542M (53%)         480M (47%)         510M (50%)         688M (67%)         688M (67%)         474M (46%)    
[92.443s][info][gc,heap     ] GC(368)      Used:      482M (47%)         544M (53%)         514M (50%)         336M (33%)         550M (54%)         336M (33%)    
[92.443s][info][gc,heap     ] GC(368)      Live:         -               212M (21%)         212M (21%)         212M (21%)            -                  -          
[92.443s][info][gc,heap     ] GC(368) Allocated:         -                62M (6%)           76M (7%)           85M (8%)             -                  -          
[92.443s][info][gc,heap     ] GC(368)   Garbage:         -               269M (26%)         225M (22%)          37M (4%)             -                  -          
[92.443s][info][gc,heap     ] GC(368) Reclaimed:         -                  -                44M (4%)          231M (23%)            -                  -          
[92.443s][info][gc          ] GC(368) Garbage Collection (Allocation Rate) 482M(47%)->336M(33%)
[92.505s][info][gc,start    ] GC(369) Garbage Collection (Allocation Rate)
[92.505s][info][gc,task     ] GC(369) Using 10 workers
[92.505s][info][gc,phases   ] GC(369) Pause Mark Start 0.016ms
[92.614s][info][gc,phases   ] GC(369) Concurrent Mark 108.974ms
[92.614s][info][gc,phases   ] GC(369) Pause Mark End 0.038ms
[92.614s][info][gc,phases   ] GC(369) Concurrent Mark Free 0.001ms
[92.617s][info][gc,phases   ] GC(369) Concurrent Process Non-Strong References 2.432ms
[92.617s][info][gc,phases   ] GC(369) Concurrent Reset Relocation Set 0.020ms
[92.622s][info][gc,phases   ] GC(369) Concurrent Select Relocation Set 4.738ms
[92.622s][info][gc,phases   ] GC(369) Pause Relocate Start 0.010ms
[92.626s][info][gc,phases   ] GC(369) Concurrent Relocate 4.583ms
[92.626s][info][gc,load     ] GC(369) Load: 0.00/0.00/0.00
[92.627s][info][gc,mmu      ] GC(369) MMU: 2ms/96.1%, 5ms/98.4%, 10ms/99.2%, 20ms/99.6%, 50ms/99.8%, 100ms/99.9%
[92.627s][info][gc,marking  ] GC(369) Mark: 8 stripe(s), 2 proactive flush(es), 1 terminate flush(es), 0 completion(s), 0 continuation(s) 
[92.627s][info][gc,marking  ] GC(369) Mark Stack Usage: 32M
[92.627s][info][gc,nmethod  ] GC(369) NMethods: 6496 registered, 4510 unregistered
[92.627s][info][gc,metaspace] GC(369) Metaspace: 65M used, 66M committed, 1088M reserved
[92.627s][info][gc,ref      ] GC(369) Soft: 3130 encountered, 0 discovered, 0 enqueued
[92.627s][info][gc,ref      ] GC(369) Weak: 6295 encountered, 2121 discovered, 2 enqueued
[92.627s][info][gc,ref      ] GC(369) Final: 62 encountered, 0 discovered, 0 enqueued
[92.627s][info][gc,ref      ] GC(369) Phantom: 633 encountered, 618 discovered, 0 enqueued
[92.627s][info][gc,reloc    ] GC(369) Small Pages: 162 / 324M, Empty: 72M, Relocated: 8M, In-Place: 0
[92.627s][info][gc,reloc    ] GC(369) Medium Pages: 1 / 32M, Empty: 0M, Relocated: 0M, In-Place: 0
[92.627s][info][gc,reloc    ] GC(369) Large Pages: 4 / 24M, Empty: 0M, Relocated: 0M, In-Place: 0
[92.627s][info][gc,reloc    ] GC(369) Forwarding Usage: 6M
[92.627s][info][gc,heap     ] GC(369) Min Capacity: 8M(1%)
[92.627s][info][gc,heap     ] GC(369) Max Capacity: 1024M(100%)
[92.627s][info][gc,heap     ] GC(369) Soft Max Capacity: 1024M(100%)
[92.627s][info][gc,heap     ] GC(369)                Mark Start          Mark End        Relocate Start      Relocate End           High               Low         
[92.627s][info][gc,heap     ] GC(369)  Capacity:     1024M (100%)       1024M (100%)       1024M (100%)       1024M (100%)       1024M (100%)       1024M (100%)   
[92.627s][info][gc,heap     ] GC(369)      Free:      644M (63%)         588M (57%)         660M (64%)         706M (69%)         706M (69%)         588M (57%)    
[92.627s][info][gc,heap     ] GC(369)      Used:      380M (37%)         436M (43%)         364M (36%)         318M (31%)         436M (43%)         318M (31%)    
[92.627s][info][gc,heap     ] GC(369)      Live:         -               215M (21%)         215M (21%)         215M (21%)            -                  -          
[92.627s][info][gc,heap     ] GC(369) Allocated:         -                56M (5%)           56M (5%)           55M (5%)             -                  -          
[92.627s][info][gc,heap     ] GC(369)   Garbage:         -               164M (16%)          92M (9%)           46M (5%)             -                  -          
[92.627s][info][gc,heap     ] GC(369) Reclaimed:         -                  -                72M (7%)          117M (12%)            -                  -          
[92.627s][info][gc          ] GC(369) Garbage Collection (Allocation Rate) 380M(37%)->318M(31%)
[92.802s][info][gc,start    ] GC(370) Garbage Collection (Allocation Rate)
[92.802s][info][gc,task     ] GC(370) Using 10 workers
[92.803s][info][gc,phases   ] GC(370) Pause Mark Start 0.011ms
[92.887s][info][gc,phases   ] GC(370) Concurrent Mark 84.202ms
[92.887s][info][gc,phases   ] GC(370) Pause Mark End 0.024ms
[92.887s][info][gc,phases   ] GC(370) Concurrent Mark Free 0.002ms
[92.890s][info][gc,phases   ] GC(370) Concurrent Process Non-Strong References 2.298ms
[92.890s][info][gc,phases   ] GC(370) Concurrent Reset Relocation Set 0.006ms
[92.903s][info][gc,phases   ] GC(370) Concurrent Select Relocation Set 13.755ms
[92.904s][info][gc,phases   ] GC(370) Pause Relocate Start 0.009ms
[92.918s][info][gc,phases   ] GC(370) Concurrent Relocate 14.422ms
[92.918s][info][gc,load     ] GC(370) Load: 0.00/0.00/0.00
[92.918s][info][gc,mmu      ] GC(370) MMU: 2ms/96.1%, 5ms/98.4%, 10ms/99.2%, 20ms/99.6%, 50ms/99.8%, 100ms/99.9%
[92.918s][info][gc,marking  ] GC(370) Mark: 8 stripe(s), 2 proactive flush(es), 1 terminate flush(es), 0 completion(s), 0 continuation(s) 
[92.918s][info][gc,marking  ] GC(370) Mark Stack Usage: 32M
[92.918s][info][gc,nmethod  ] GC(370) NMethods: 6532 registered, 4516 unregistered
[92.918s][info][gc,metaspace] GC(370) Metaspace: 65M used, 66M committed, 1088M reserved
[92.918s][info][gc,ref      ] GC(370) Soft: 3126 encountered, 0 discovered, 0 enqueued
[92.918s][info][gc,ref      ] GC(370) Weak: 6355 encountered, 1282 discovered, 18 enqueued
[92.918s][info][gc,ref      ] GC(370) Final: 62 encountered, 1 discovered, 0 enqueued
[92.918s][info][gc,ref      ] GC(370) Phantom: 621 encountered, 453 discovered, 0 enqueued
[92.918s][info][gc,reloc    ] GC(370) Small Pages: 215 / 430M, Empty: 62M, Relocated: 11M, In-Place: 0
[92.918s][info][gc,reloc    ] GC(370) Medium Pages: 2 / 64M, Empty: 0M, Relocated: 12M, In-Place: 0
[92.918s][info][gc,reloc    ] GC(370) Large Pages: 5 / 30M, Empty: 30M, Relocated: 0M, In-Place: 0
[92.918s][info][gc,reloc    ] GC(370) Forwarding Usage: 9M
[92.918s][info][gc,heap     ] GC(370) Min Capacity: 8M(1%)
[92.918s][info][gc,heap     ] GC(370) Max Capacity: 1024M(100%)
[92.918s][info][gc,heap     ] GC(370) Soft Max Capacity: 1024M(100%)
[92.918s][info][gc,heap     ] GC(370)                Mark Start          Mark End        Relocate Start      Relocate End           High               Low         
[92.918s][info][gc,heap     ] GC(370)  Capacity:     1024M (100%)       1024M (100%)       1024M (100%)       1024M (100%)       1024M (100%)       1024M (100%)   
[92.918s][info][gc,heap     ] GC(370)      Free:      500M (49%)         264M (26%)         320M (31%)         508M (50%)         508M (50%)         248M (24%)    
[92.919s][info][gc,heap     ] GC(370)      Used:      524M (51%)         760M (74%)         704M (69%)         516M (50%)         776M (76%)         516M (50%)    
[92.919s][info][gc,heap     ] GC(370)      Live:         -               176M (17%)         176M (17%)         176M (17%)            -                  -          
[92.919s][info][gc,heap     ] GC(370) Allocated:         -               236M (23%)         272M (27%)         299M (29%)            -                  -          
[92.919s][info][gc,heap     ] GC(370)   Garbage:         -               347M (34%)         255M (25%)          40M (4%)             -                  -          
[92.919s][info][gc,heap     ] GC(370) Reclaimed:         -                  -                92M (9%)          307M (30%)            -                  -          
[92.919s][info][gc          ] GC(370) Garbage Collection (Allocation Rate) 524M(51%)->516M(50%)
[93.012s][info][gc,start    ] GC(371) Garbage Collection (Allocation Rate)
[93.012s][info][gc,task     ] GC(371) Using 10 workers
[93.012s][info][gc,phases   ] GC(371) Pause Mark Start 0.016ms
[93.137s][info][gc,phases   ] GC(371) Concurrent Mark 124.574ms
[93.137s][info][gc,phases   ] GC(371) Pause Mark End 0.028ms
[93.137s][info][gc,phases   ] GC(371) Concurrent Mark Free 0.001ms
[93.139s][info][gc,phases   ] GC(371) Concurrent Process Non-Strong References 2.280ms
[93.139s][info][gc,phases   ] GC(371) Concurrent Reset Relocation Set 0.021ms
[93.165s][info][gc,phases   ] GC(371) Concurrent Select Relocation Set 25.171ms
[93.165s][info][gc,phases   ] GC(371) Pause Relocate Start 0.010ms
[93.203s][info][gc,phases   ] GC(371) Concurrent Relocate 38.480ms
[93.203s][info][gc,load     ] GC(371) Load: 0.00/0.00/0.00
[93.204s][info][gc,mmu      ] GC(371) MMU: 2ms/96.1%, 5ms/98.4%, 10ms/99.2%, 20ms/99.6%, 50ms/99.8%, 100ms/99.9%
[93.204s][info][gc,marking  ] GC(371) Mark: 8 stripe(s), 2 proactive flush(es), 1 terminate flush(es), 0 completion(s), 0 continuation(s) 
[93.204s][info][gc,marking  ] GC(371) Mark Stack Usage: 32M
[93.204s][info][gc,nmethod  ] GC(371) NMethods: 6534 registered, 4517 unregistered
[93.204s][info][gc,metaspace] GC(371) Metaspace: 65M used, 66M committed, 1088M reserved
[93.204s][info][gc,ref      ] GC(371) Soft: 3126 encountered, 0 discovered, 0 enqueued
[93.204s][info][gc,ref      ] GC(371) Weak: 6344 encountered, 1651 discovered, 2 enqueued
[93.204s][info][gc,ref      ] GC(371) Final: 62 encountered, 30 discovered, 0 enqueued
[93.204s][info][gc,ref      ] GC(371) Phantom: 618 encountered, 468 discovered, 0 enqueued
[93.204s][info][gc,reloc    ] GC(371) Small Pages: 341 / 682M, Empty: 0M, Relocated: 61M, In-Place: 0
[93.204s][info][gc,reloc    ] GC(371) Medium Pages: 2 / 64M, Empty: 0M, Relocated: 12M, In-Place: 0
[93.204s][info][gc,reloc    ] GC(371) Large Pages: 3 / 18M, Empty: 0M, Relocated: 0M, In-Place: 0
[93.204s][info][gc,reloc    ] GC(371) Forwarding Usage: 58M
[93.204s][info][gc,heap     ] GC(371) Min Capacity: 8M(1%)
[93.204s][info][gc,heap     ] GC(371) Max Capacity: 1024M(100%)
[93.204s][info][gc,heap     ] GC(371) Soft Max Capacity: 1024M(100%)
[93.204s][info][gc,heap     ] GC(371)                Mark Start          Mark End        Relocate Start      Relocate End           High               Low         
[93.204s][info][gc,heap     ] GC(371)  Capacity:     1024M (100%)       1024M (100%)       1024M (100%)       1024M (100%)       1024M (100%)       1024M (100%)   
[93.204s][info][gc,heap     ] GC(371)      Free:      260M (25%)         160M (16%)         154M (15%)         618M (60%)         618M (60%)         106M (10%)    
[93.204s][info][gc,heap     ] GC(371)      Used:      764M (75%)         864M (84%)         870M (85%)         406M (40%)         918M (90%)         406M (40%)    
[93.204s][info][gc,heap     ] GC(371)      Live:         -               251M (25%)         251M (25%)         251M (25%)            -                  -          
[93.204s][info][gc,heap     ] GC(371) Allocated:         -               100M (10%)         106M (10%)         109M (11%)            -                  -          
[93.204s][info][gc,heap     ] GC(371)   Garbage:         -               512M (50%)         512M (50%)          45M (4%)             -                  -          
[93.204s][info][gc,heap     ] GC(371) Reclaimed:         -                  -                 0M (0%)          467M (46%)            -                  -          
[93.204s][info][gc          ] GC(371) Garbage Collection (Allocation Rate) 764M(75%)->406M(40%)
[93.215s][info][gc,start    ] GC(372) Garbage Collection (Allocation Rate)
[93.215s][info][gc,task     ] GC(372) Using 10 workers
[93.215s][info][gc,phases   ] GC(372) Pause Mark Start 0.017ms
[93.340s][info][gc,phases   ] GC(372) Concurrent Mark 124.588ms
[93.340s][info][gc,phases   ] GC(372) Pause Mark End 0.027ms
[93.340s][info][gc,phases   ] GC(372) Concurrent Mark Free 0.001ms
[93.342s][info][gc,phases   ] GC(372) Concurrent Process Non-Strong References 2.135ms
[93.342s][info][gc,phases   ] GC(372) Concurrent Reset Relocation Set 0.049ms
[93.353s][info][gc,phases   ] GC(372) Concurrent Select Relocation Set 10.441ms
[93.353s][info][gc,phases   ] GC(372) Pause Relocate Start 0.011ms
[93.371s][info][gc,phases   ] GC(372) Concurrent Relocate 17.639ms
[93.371s][info][gc,load     ] GC(372) Load: 0.00/0.00/0.00
[93.371s][info][gc,mmu      ] GC(372) MMU: 2ms/96.1%, 5ms/98.4%, 10ms/99.2%, 20ms/99.6%, 50ms/99.8%, 100ms/99.9%
[93.371s][info][gc,marking  ] GC(372) Mark: 8 stripe(s), 2 proactive flush(es), 1 terminate flush(es), 0 completion(s), 0 continuation(s) 
[93.371s][info][gc,marking  ] GC(372) Mark Stack Usage: 32M
[93.371s][info][gc,nmethod  ] GC(372) NMethods: 6534 registered, 4517 unregistered
[93.371s][info][gc,metaspace] GC(372) Metaspace: 65M used, 66M committed, 1088M reserved
[93.371s][info][gc,ref      ] GC(372) Soft: 3128 encountered, 0 discovered, 0 enqueued
[93.371s][info][gc,ref      ] GC(372) Weak: 6342 encountered, 1135 discovered, 0 enqueued
[93.371s][info][gc,ref      ] GC(372) Final: 62 encountered, 4 discovered, 0 enqueued
[93.371s][info][gc,ref      ] GC(372) Phantom: 617 encountered, 428 discovered, 0 enqueued
[93.371s][info][gc,reloc    ] GC(372) Small Pages: 163 / 326M, Empty: 4M, Relocated: 20M, In-Place: 0
[93.371s][info][gc,reloc    ] GC(372) Medium Pages: 2 / 64M, Empty: 0M, Relocated: 14M, In-Place: 0
[93.371s][info][gc,reloc    ] GC(372) Large Pages: 3 / 18M, Empty: 0M, Relocated: 0M, In-Place: 0
[93.371s][info][gc,reloc    ] GC(372) Forwarding Usage: 17M
[93.371s][info][gc,heap     ] GC(372) Min Capacity: 8M(1%)
[93.371s][info][gc,heap     ] GC(372) Max Capacity: 1024M(100%)
[93.371s][info][gc,heap     ] GC(372) Soft Max Capacity: 1024M(100%)
[93.371s][info][gc,heap     ] GC(372)                Mark Start          Mark End        Relocate Start      Relocate End           High               Low         
[93.371s][info][gc,heap     ] GC(372)  Capacity:     1024M (100%)       1024M (100%)       1024M (100%)       1024M (100%)       1024M (100%)       1024M (100%)   
[93.371s][info][gc,heap     ] GC(372)      Free:      616M (60%)         522M (51%)         514M (50%)         620M (61%)         620M (61%)         466M (46%)    
[93.371s][info][gc,heap     ] GC(372)      Used:      408M (40%)         502M (49%)         510M (50%)         404M (39%)         558M (54%)         404M (39%)    
[93.371s][info][gc,heap     ] GC(372)      Live:         -               256M (25%)         256M (25%)         256M (25%)            -                  -          
[93.371s][info][gc,heap     ] GC(372) Allocated:         -                94M (9%)          106M (10%)         107M (10%)            -                  -          
[93.371s][info][gc,heap     ] GC(372)   Garbage:         -               151M (15%)         147M (14%)          40M (4%)             -                  -          
[93.371s][info][gc,heap     ] GC(372) Reclaimed:         -                  -                 4M (0%)          111M (11%)            -                  -          
[93.371s][info][gc          ] GC(372) Garbage Collection (Allocation Rate) 408M(40%)->404M(39%)
[93.404s][info][gc,start    ] GC(373) Garbage Collection (Allocation Rate)
[93.404s][info][gc,task     ] GC(373) Using 10 workers
[93.404s][info][gc,phases   ] GC(373) Pause Mark Start 0.018ms
[93.523s][info][gc,phases   ] GC(373) Concurrent Mark 119.382ms
[93.524s][info][gc,phases   ] GC(373) Pause Mark End 0.032ms
[93.524s][info][gc,phases   ] GC(373) Concurrent Mark Free 0.001ms
[93.526s][info][gc,phases   ] GC(373) Concurrent Process Non-Strong References 2.203ms
[93.526s][info][gc,phases   ] GC(373) Concurrent Reset Relocation Set 0.012ms
[93.552s][info][gc,phases   ] GC(373) Concurrent Select Relocation Set 26.113ms
[93.555s][info][gc,phases   ] GC(373) Pause Relocate Start 0.012ms
[93.581s][info][gc,phases   ] GC(373) Concurrent Relocate 26.115ms
[93.581s][info][gc,load     ] GC(373) Load: 0.00/0.00/0.00
[93.581s][info][gc,mmu      ] GC(373) MMU: 2ms/96.1%, 5ms/98.4%, 10ms/99.2%, 20ms/99.6%, 50ms/99.8%, 100ms/99.9%
[93.581s][info][gc,marking  ] GC(373) Mark: 8 stripe(s), 2 proactive flush(es), 2 terminate flush(es), 0 completion(s), 0 continuation(s) 
[93.581s][info][gc,marking  ] GC(373) Mark Stack Usage: 32M
[93.581s][info][gc,nmethod  ] GC(373) NMethods: 6568 registered, 4518 unregistered
[93.581s][info][gc,metaspace] GC(373) Metaspace: 65M used, 66M committed, 1088M reserved
[93.581s][info][gc,ref      ] GC(373) Soft: 3135 encountered, 0 discovered, 0 enqueued
[93.581s][info][gc,ref      ] GC(373) Weak: 6354 encountered, 2976 discovered, 3 enqueued
[93.581s][info][gc,ref      ] GC(373) Final: 62 encountered, 2 discovered, 0 enqueued
[93.581s][info][gc,ref      ] GC(373) Phantom: 617 encountered, 544 discovered, 0 enqueued
[93.581s][info][gc,reloc    ] GC(373) Small Pages: 143 / 286M, Empty: 22M, Relocated: 36M, In-Place: 0
[93.581s][info][gc,reloc    ] GC(373) Medium Pages: 3 / 96M, Empty: 0M, Relocated: 12M, In-Place: 0
[93.581s][info][gc,reloc    ] GC(373) Large Pages: 6 / 36M, Empty: 24M, Relocated: 0M, In-Place: 0
[93.581s][info][gc,reloc    ] GC(373) Forwarding Usage: 35M
[93.581s][info][gc,heap     ] GC(373) Min Capacity: 8M(1%)
[93.581s][info][gc,heap     ] GC(373) Max Capacity: 1024M(100%)
[93.581s][info][gc,heap     ] GC(373) Soft Max Capacity: 1024M(100%)
[93.581s][info][gc,heap     ] GC(373)                Mark Start          Mark End        Relocate Start      Relocate End           High               Low         
[93.581s][info][gc,heap     ] GC(373)  Capacity:     1024M (100%)       1024M (100%)       1024M (100%)       1024M (100%)       1024M (100%)       1024M (100%)   
[93.581s][info][gc,heap     ] GC(373)      Free:      606M (59%)         434M (42%)         462M (45%)         524M (51%)         606M (59%)         418M (41%)    
[93.581s][info][gc,heap     ] GC(373)      Used:      418M (41%)         590M (58%)         562M (55%)         500M (49%)         606M (59%)         418M (41%)    
[93.581s][info][gc,heap     ] GC(373)      Live:         -               230M (22%)         230M (22%)         230M (22%)            -                  -          
[93.581s][info][gc,heap     ] GC(373) Allocated:         -               172M (17%)         190M (19%)         210M (21%)            -                  -          
[93.581s][info][gc,heap     ] GC(373)   Garbage:         -               187M (18%)         141M (14%)          59M (6%)             -                  -          
[93.581s][info][gc,heap     ] GC(373) Reclaimed:         -                  -                46M (4%)          128M (13%)            -                  -          
[93.581s][info][gc          ] GC(373) Garbage Collection (Allocation Rate) 418M(41%)->500M(49%)
[93.617s][info][gc,start    ] GC(374) Garbage Collection (Allocation Rate)
[93.617s][info][gc,task     ] GC(374) Using 10 workers
[93.633s][info][gc,phases   ] GC(374) Pause Mark Start 0.016ms
[93.754s][info][gc,phases   ] GC(374) Concurrent Mark 121.622ms
[93.755s][info][gc,phases   ] GC(374) Pause Mark End 0.030ms
[93.755s][info][gc,phases   ] GC(374) Concurrent Mark Free 0.001ms
[93.757s][info][gc,phases   ] GC(374) Concurrent Process Non-Strong References 1.932ms
[93.757s][info][gc,phases   ] GC(374) Concurrent Reset Relocation Set 0.010ms
[93.762s][info][gc,phases   ] GC(374) Concurrent Select Relocation Set 5.412ms
[93.762s][info][gc,phases   ] GC(374) Pause Relocate Start 0.009ms
[93.781s][info][gc,phases   ] GC(374) Concurrent Relocate 18.952ms
[93.781s][info][gc,load     ] GC(374) Load: 0.00/0.00/0.00
[93.781s][info][gc,mmu      ] GC(374) MMU: 2ms/96.1%, 5ms/98.4%, 10ms/99.2%, 20ms/99.6%, 50ms/99.8%, 100ms/99.9%
[93.781s][info][gc,marking  ] GC(374) Mark: 8 stripe(s), 3 proactive flush(es), 1 terminate flush(es), 0 completion(s), 0 continuation(s) 
[93.782s][info][gc,marking  ] GC(374) Mark Stack Usage: 32M
[93.782s][info][gc,nmethod  ] GC(374) NMethods: 6582 registered, 4520 unregistered
[93.782s][info][gc,metaspace] GC(374) Metaspace: 65M used, 66M committed, 1088M reserved
[93.782s][info][gc,ref      ] GC(374) Soft: 3134 encountered, 0 discovered, 0 enqueued
[93.782s][info][gc,ref      ] GC(374) Weak: 6365 encountered, 558 discovered, 0 enqueued
[93.782s][info][gc,ref      ] GC(374) Final: 62 encountered, 0 discovered, 0 enqueued
[93.782s][info][gc,ref      ] GC(374) Phantom: 617 encountered, 505 discovered, 0 enqueued
[93.782s][info][gc,reloc    ] GC(374) Small Pages: 177 / 354M, Empty: 0M, Relocated: 24M, In-Place: 0
[93.782s][info][gc,reloc    ] GC(374) Medium Pages: 4 / 128M, Empty: 0M, Relocated: 13M, In-Place: 0
[93.782s][info][gc,reloc    ] GC(374) Large Pages: 10 / 60M, Empty: 24M, Relocated: 0M, In-Place: 0
[93.782s][info][gc,reloc    ] GC(374) Forwarding Usage: 23M
[93.782s][info][gc,heap     ] GC(374) Min Capacity: 8M(1%)
[93.782s][info][gc,heap     ] GC(374) Max Capacity: 1024M(100%)
[93.782s][info][gc,heap     ] GC(374) Soft Max Capacity: 1024M(100%)
[93.782s][info][gc,heap     ] GC(374)                Mark Start          Mark End        Relocate Start      Relocate End           High               Low         
[93.782s][info][gc,heap     ] GC(374)  Capacity:     1024M (100%)       1024M (100%)       1024M (100%)       1024M (100%)       1024M (100%)       1024M (100%)   
[93.782s][info][gc,heap     ] GC(374)      Free:      482M (47%)         340M (33%)         358M (35%)         546M (53%)         546M (53%)         310M (30%)    
[93.782s][info][gc,heap     ] GC(374)      Used:      542M (53%)         684M (67%)         666M (65%)         478M (47%)         714M (70%)         478M (47%)    
[93.782s][info][gc,heap     ] GC(374)      Live:         -               262M (26%)         262M (26%)         262M (26%)            -                  -          
[93.782s][info][gc,heap     ] GC(374) Allocated:         -               142M (14%)         148M (14%)         157M (15%)            -                  -          
[93.782s][info][gc,heap     ] GC(374)   Garbage:         -               279M (27%)         255M (25%)          57M (6%)             -                  -          
[93.782s][info][gc,heap     ] GC(374) Reclaimed:         -                  -                24M (2%)          221M (22%)            -                  -          
[93.782s][info][gc          ] GC(374) Garbage Collection (Allocation Rate) 542M(53%)->478M(47%)
[93.817s][info][gc,start    ] GC(375) Garbage Collection (Allocation Rate)
[93.817s][info][gc,task     ] GC(375) Using 10 workers
[93.817s][info][gc,phases   ] GC(375) Pause Mark Start 0.016ms
[93.934s][info][gc,phases   ] GC(375) Concurrent Mark 116.561ms
[93.934s][info][gc,phases   ] GC(375) Pause Mark End 0.026ms
[93.934s][info][gc,phases   ] GC(375) Concurrent Mark Free 0.001ms
[93.936s][info][gc,phases   ] GC(375) Concurrent Process Non-Strong References 2.116ms
[93.936s][info][gc,phases   ] GC(375) Concurrent Reset Relocation Set 0.022ms
[93.969s][info][gc,phases   ] GC(375) Concurrent Select Relocation Set 32.366ms
[93.969s][info][gc,phases   ] GC(375) Pause Relocate Start 0.012ms
[93.991s][info][gc,phases   ] GC(375) Concurrent Relocate 21.553ms
[93.991s][info][gc,load     ] GC(375) Load: 0.00/0.00/0.00
[93.991s][info][gc,mmu      ] GC(375) MMU: 2ms/96.1%, 5ms/98.4%, 10ms/99.2%, 20ms/99.6%, 50ms/99.8%, 100ms/99.9%
[93.991s][info][gc,marking  ] GC(375) Mark: 8 stripe(s), 2 proactive flush(es), 1 terminate flush(es), 0 completion(s), 0 continuation(s) 
[93.991s][info][gc,marking  ] GC(375) Mark Stack Usage: 32M
[93.991s][info][gc,nmethod  ] GC(375) NMethods: 6615 registered, 4521 unregistered
[93.991s][info][gc,metaspace] GC(375) Metaspace: 65M used, 66M committed, 1088M reserved
[93.991s][info][gc,ref      ] GC(375) Soft: 3133 encountered, 0 discovered, 0 enqueued
[93.991s][info][gc,ref      ] GC(375) Weak: 6367 encountered, 932 discovered, 0 enqueued
[93.991s][info][gc,ref      ] GC(375) Final: 62 encountered, 0 discovered, 0 enqueued
[93.991s][info][gc,ref      ] GC(375) Phantom: 617 encountered, 385 discovered, 0 enqueued
[93.991s][info][gc,reloc    ] GC(375) Small Pages: 157 / 314M, Empty: 0M, Relocated: 27M, In-Place: 0
[93.991s][info][gc,reloc    ] GC(375) Medium Pages: 3 / 96M, Empty: 0M, Relocated: 19M, In-Place: 0
[93.991s][info][gc,reloc    ] GC(375) Large Pages: 17 / 114M, Empty: 64M, Relocated: 0M, In-Place: 0
[93.991s][info][gc,reloc    ] GC(375) Forwarding Usage: 26M
[93.991s][info][gc,heap     ] GC(375) Min Capacity: 8M(1%)
[93.991s][info][gc,heap     ] GC(375) Max Capacity: 1024M(100%)
[93.991s][info][gc,heap     ] GC(375) Soft Max Capacity: 1024M(100%)
[93.991s][info][gc,heap     ] GC(375)                Mark Start          Mark End        Relocate Start      Relocate End           High               Low         
[93.991s][info][gc,heap     ] GC(375)  Capacity:     1024M (100%)       1024M (100%)       1024M (100%)       1024M (100%)       1024M (100%)       1024M (100%)   
[93.991s][info][gc,heap     ] GC(375)      Free:      500M (49%)         368M (36%)         412M (40%)         554M (54%)         554M (54%)         364M (36%)    
[93.991s][info][gc,heap     ] GC(375)      Used:      524M (51%)         656M (64%)         612M (60%)         470M (46%)         660M (64%)         470M (46%)    
[93.991s][info][gc,heap     ] GC(375)      Live:         -               264M (26%)         264M (26%)         264M (26%)            -                  -          
[93.991s][info][gc,heap     ] GC(375) Allocated:         -               132M (13%)         152M (15%)         171M (17%)            -                  -          
[93.991s][info][gc,heap     ] GC(375)   Garbage:         -               259M (25%)         195M (19%)          33M (3%)             -                  -          
[93.991s][info][gc,heap     ] GC(375) Reclaimed:         -                  -                64M (6%)          225M (22%)            -                  -          
[93.991s][info][gc          ] GC(375) Garbage Collection (Allocation Rate) 524M(51%)->470M(46%)
[94.003s][info][gc,start    ] GC(376) Garbage Collection (Allocation Rate)
[94.003s][info][gc,task     ] GC(376) Using 10 workers
[94.003s][info][gc,phases   ] GC(376) Pause Mark Start 0.014ms
[94.089s][info][gc,phases   ] GC(376) Concurrent Mark 86.189ms
[94.090s][info][gc,phases   ] GC(376) Pause Mark End 0.018ms
[94.090s][info][gc,phases   ] GC(376) Concurrent Mark Free 0.002ms
[94.092s][info][gc,phases   ] GC(376) Concurrent Process Non-Strong References 1.955ms
[94.092s][info][gc,phases   ] GC(376) Concurrent Reset Relocation Set 0.018ms
[94.097s][info][gc,phases   ] GC(376) Concurrent Select Relocation Set 5.588ms
[94.098s][info][gc,phases   ] GC(376) Pause Relocate Start 0.009ms
[94.112s][info][gc,phases   ] GC(376) Concurrent Relocate 14.663ms
[94.112s][info][gc,load     ] GC(376) Load: 0.00/0.00/0.00
[94.112s][info][gc,mmu      ] GC(376) MMU: 2ms/96.1%, 5ms/98.4%, 10ms/99.2%, 20ms/99.6%, 50ms/99.8%, 100ms/99.9%
[94.112s][info][gc,marking  ] GC(376) Mark: 8 stripe(s), 2 proactive flush(es), 1 terminate flush(es), 0 completion(s), 0 continuation(s) 
[94.113s][info][gc,marking  ] GC(376) Mark Stack Usage: 32M
[94.113s][info][gc,nmethod  ] GC(376) NMethods: 6614 registered, 4523 unregistered
[94.113s][info][gc,metaspace] GC(376) Metaspace: 65M used, 66M committed, 1088M reserved
[94.113s][info][gc,ref      ] GC(376) Soft: 3132 encountered, 0 discovered, 0 enqueued
[94.113s][info][gc,ref      ] GC(376) Weak: 6368 encountered, 1010 discovered, 7 enqueued
[94.113s][info][gc,ref      ] GC(376) Final: 62 encountered, 1 discovered, 0 enqueued
[94.113s][info][gc,ref      ] GC(376) Phantom: 617 encountered, 349 discovered, 0 enqueued
[94.113s][info][gc,reloc    ] GC(376) Small Pages: 160 / 320M, Empty: 2M, Relocated: 22M, In-Place: 0
[94.113s][info][gc,reloc    ] GC(376) Medium Pages: 2 / 64M, Empty: 0M, Relocated: 15M, In-Place: 0
[94.113s][info][gc,reloc    ] GC(376) Large Pages: 14 / 96M, Empty: 62M, Relocated: 0M, In-Place: 0
[94.113s][info][gc,reloc    ] GC(376) Forwarding Usage: 20M
[94.113s][info][gc,heap     ] GC(376) Min Capacity: 8M(1%)
[94.113s][info][gc,heap     ] GC(376) Max Capacity: 1024M(100%)
[94.113s][info][gc,heap     ] GC(376) Soft Max Capacity: 1024M(100%)
[94.113s][info][gc,heap     ] GC(376)                Mark Start          Mark End        Relocate Start      Relocate End           High               Low         
[94.113s][info][gc,heap     ] GC(376)  Capacity:     1024M (100%)       1024M (100%)       1024M (100%)       1024M (100%)       1024M (100%)       1024M (100%)   
[94.113s][info][gc,heap     ] GC(376)      Free:      544M (53%)         464M (45%)         512M (50%)         616M (60%)         620M (61%)         452M (44%)    
[94.113s][info][gc,heap     ] GC(376)      Used:      480M (47%)         560M (55%)         512M (50%)         408M (40%)         572M (56%)         404M (39%)    
[94.113s][info][gc,heap     ] GC(376)      Live:         -               242M (24%)         242M (24%)         242M (24%)            -                  -          
[94.113s][info][gc,heap     ] GC(376) Allocated:         -                80M (8%)           96M (9%)          127M (12%)            -                  -          
[94.113s][info][gc,heap     ] GC(376)   Garbage:         -               237M (23%)         173M (17%)          37M (4%)             -                  -          
[94.113s][info][gc,heap     ] GC(376) Reclaimed:         -                  -                64M (6%)          199M (20%)            -                  -          
[94.113s][info][gc          ] GC(376) Garbage Collection (Allocation Rate) 480M(47%)->408M(40%)
[94.214s][info][gc,start    ] GC(377) Garbage Collection (Allocation Rate)
[94.214s][info][gc,task     ] GC(377) Using 10 workers
[94.214s][info][gc,phases   ] GC(377) Pause Mark Start 0.014ms
[94.308s][info][gc,phases   ] GC(377) Concurrent Mark 93.300ms
[94.308s][info][gc,phases   ] GC(377) Pause Mark End 0.025ms
[94.308s][info][gc,phases   ] GC(377) Concurrent Mark Free 0.002ms
[94.310s][info][gc,phases   ] GC(377) Concurrent Process Non-Strong References 1.973ms
[94.310s][info][gc,phases   ] GC(377) Concurrent Reset Relocation Set 0.016ms
[94.316s][info][gc,phases   ] GC(377) Concurrent Select Relocation Set 6.226ms
[94.316s][info][gc,phases   ] GC(377) Pause Relocate Start 0.010ms
[94.324s][info][gc,phases   ] GC(377) Concurrent Relocate 6.990ms
[94.324s][info][gc,load     ] GC(377) Load: 0.00/0.00/0.00
[94.324s][info][gc,mmu      ] GC(377) MMU: 2ms/96.1%, 5ms/98.4%, 10ms/99.2%, 20ms/99.6%, 50ms/99.8%, 100ms/99.9%
[94.324s][info][gc,marking  ] GC(377) Mark: 8 stripe(s), 2 proactive flush(es), 1 terminate flush(es), 0 completion(s), 0 continuation(s) 
[94.324s][info][gc,marking  ] GC(377) Mark Stack Usage: 32M
[94.324s][info][gc,nmethod  ] GC(377) NMethods: 6616 registered, 4523 unregistered
[94.324s][info][gc,metaspace] GC(377) Metaspace: 65M used, 66M committed, 1088M reserved
[94.324s][info][gc,ref      ] GC(377) Soft: 3132 encountered, 0 discovered, 0 enqueued
[94.324s][info][gc,ref      ] GC(377) Weak: 6363 encountered, 3040 discovered, 103 enqueued
[94.324s][info][gc,ref      ] GC(377) Final: 62 encountered, 0 discovered, 0 enqueued
[94.324s][info][gc,ref      ] GC(377) Phantom: 617 encountered, 547 discovered, 0 enqueued
[94.324s][info][gc,reloc    ] GC(377) Small Pages: 268 / 536M, Empty: 256M, Relocated: 10M, In-Place: 0
[94.324s][info][gc,reloc    ] GC(377) Medium Pages: 1 / 32M, Empty: 0M, Relocated: 0M, In-Place: 0
[94.324s][info][gc,reloc    ] GC(377) Large Pages: 8 / 52M, Empty: 34M, Relocated: 0M, In-Place: 0
[94.324s][info][gc,reloc    ] GC(377) Forwarding Usage: 8M
[94.324s][info][gc,heap     ] GC(377) Min Capacity: 8M(1%)
[94.324s][info][gc,heap     ] GC(377) Max Capacity: 1024M(100%)
[94.324s][info][gc,heap     ] GC(377) Soft Max Capacity: 1024M(100%)
[94.324s][info][gc,heap     ] GC(377)                Mark Start          Mark End        Relocate Start      Relocate End           High               Low         
[94.324s][info][gc,heap     ] GC(377)  Capacity:     1024M (100%)       1024M (100%)       1024M (100%)       1024M (100%)       1024M (100%)       1024M (100%)   
[94.324s][info][gc,heap     ] GC(377)      Free:      404M (39%)         230M (22%)         504M (49%)         536M (52%)         536M (52%)         228M (22%)    
[94.324s][info][gc,heap     ] GC(377)      Used:      620M (61%)         794M (78%)         520M (51%)         488M (48%)         796M (78%)         488M (48%)    
[94.324s][info][gc,heap     ] GC(377)      Live:         -               247M (24%)         247M (24%)         247M (24%)            -                  -          
[94.324s][info][gc,heap     ] GC(377) Allocated:         -               174M (17%)         190M (19%)         195M (19%)            -                  -          
[94.324s][info][gc,heap     ] GC(377)   Garbage:         -               372M (36%)          82M (8%)           44M (4%)             -                  -          
[94.324s][info][gc,heap     ] GC(377) Reclaimed:         -                  -               290M (28%)         327M (32%)            -                  -          
[94.324s][info][gc          ] GC(377) Garbage Collection (Allocation Rate) 620M(61%)->488M(48%)
[94.417s][info][gc,start    ] GC(378) Garbage Collection (Allocation Rate)
[94.417s][info][gc,task     ] GC(378) Using 10 workers
[94.417s][info][gc,phases   ] GC(378) Pause Mark Start 0.013ms
[94.542s][info][gc,phases   ] GC(378) Concurrent Mark 124.612ms
[94.542s][info][gc,phases   ] GC(378) Pause Mark End 0.029ms
[94.542s][info][gc,phases   ] GC(378) Concurrent Mark Free 0.001ms
[94.545s][info][gc,phases   ] GC(378) Concurrent Process Non-Strong References 2.737ms
[94.545s][info][gc,phases   ] GC(378) Concurrent Reset Relocation Set 0.007ms
[94.550s][info][gc,phases   ] GC(378) Concurrent Select Relocation Set 4.492ms
[94.550s][info][gc,phases   ] GC(378) Pause Relocate Start 0.009ms
[94.556s][info][gc,phases   ] GC(378) Concurrent Relocate 5.871ms
[94.556s][info][gc,load     ] GC(378) Load: 0.00/0.00/0.00
[94.556s][info][gc,mmu      ] GC(378) MMU: 2ms/96.1%, 5ms/98.4%, 10ms/99.2%, 20ms/99.6%, 50ms/99.8%, 100ms/99.9%
[94.556s][info][gc,marking  ] GC(378) Mark: 8 stripe(s), 5 proactive flush(es), 1 terminate flush(es), 0 completion(s), 0 continuation(s) 
[94.556s][info][gc,marking  ] GC(378) Mark Stack Usage: 32M
[94.556s][info][gc,nmethod  ] GC(378) NMethods: 6616 registered, 4524 unregistered
[94.556s][info][gc,metaspace] GC(378) Metaspace: 65M used, 66M committed, 1088M reserved
[94.556s][info][gc,ref      ] GC(378) Soft: 3132 encountered, 0 discovered, 0 enqueued
[94.556s][info][gc,ref      ] GC(378) Weak: 6266 encountered, 344 discovered, 2 enqueued
[94.556s][info][gc,ref      ] GC(378) Final: 62 encountered, 20 discovered, 0 enqueued
[94.556s][info][gc,ref      ] GC(378) Phantom: 617 encountered, 283 discovered, 0 enqueued
[94.556s][info][gc,reloc    ] GC(378) Small Pages: 293 / 586M, Empty: 286M, Relocated: 5M, In-Place: 0
[94.556s][info][gc,reloc    ] GC(378) Medium Pages: 1 / 32M, Empty: 0M, Relocated: 0M, In-Place: 0
[94.556s][info][gc,reloc    ] GC(378) Large Pages: 4 / 24M, Empty: 12M, Relocated: 0M, In-Place: 0
[94.556s][info][gc,reloc    ] GC(378) Forwarding Usage: 5M
[94.556s][info][gc,heap     ] GC(378) Min Capacity: 8M(1%)
[94.556s][info][gc,heap     ] GC(378) Max Capacity: 1024M(100%)
[94.556s][info][gc,heap     ] GC(378) Soft Max Capacity: 1024M(100%)
[94.556s][info][gc,heap     ] GC(378)                Mark Start          Mark End        Relocate Start      Relocate End           High               Low         
[94.556s][info][gc,heap     ] GC(378)  Capacity:     1024M (100%)       1024M (100%)       1024M (100%)       1024M (100%)       1024M (100%)       1024M (100%)   
[94.556s][info][gc,heap     ] GC(378)      Free:      382M (37%)         338M (33%)         636M (62%)         636M (62%)         636M (62%)         338M (33%)    
[94.556s][info][gc,heap     ] GC(378)      Used:      642M (63%)         686M (67%)         388M (38%)         388M (38%)         686M (67%)         388M (38%)    
[94.557s][info][gc,heap     ] GC(378)      Live:         -               291M (29%)         291M (29%)         291M (29%)            -                  -          
[94.557s][info][gc,heap     ] GC(378) Allocated:         -                44M (4%)           44M (4%)           44M (4%)             -                  -          
[94.557s][info][gc,heap     ] GC(378)   Garbage:         -               350M (34%)          52M (5%)           52M (5%)             -                  -          
[94.557s][info][gc,heap     ] GC(378) Reclaimed:         -                  -               298M (29%)         298M (29%)            -                  -          
[94.557s][info][gc          ] GC(378) Garbage Collection (Allocation Rate) 642M(63%)->388M(38%)
[94.557s][info][gc,start    ] GC(379) Garbage Collection (System.gc())
[94.557s][info][gc,task     ] GC(379) Using 10 workers
[94.557s][info][gc,phases   ] GC(379) Pause Mark Start 0.009ms
[94.628s][info][gc,phases   ] GC(379) Concurrent Mark 70.837ms
[94.628s][info][gc,phases   ] GC(379) Pause Mark End 0.018ms
[94.628s][info][gc,phases   ] GC(379) Concurrent Mark Free 0.001ms
[94.630s][info][gc,phases   ] GC(379) Concurrent Process Non-Strong References 1.837ms
[94.630s][info][gc,phases   ] GC(379) Concurrent Reset Relocation Set 0.004ms
[94.634s][info][gc,phases   ] GC(379) Concurrent Select Relocation Set 4.183ms
[94.634s][info][gc,phases   ] GC(379) Pause Relocate Start 0.007ms
[94.636s][info][gc,phases   ] GC(379) Concurrent Relocate 1.589ms
[94.636s][info][gc,load     ] GC(379) Load: 0.00/0.00/0.00
[94.636s][info][gc,mmu      ] GC(379) MMU: 2ms/96.1%, 5ms/98.4%, 10ms/99.2%, 20ms/99.6%, 50ms/99.8%, 100ms/99.9%
[94.636s][info][gc,marking  ] GC(379) Mark: 8 stripe(s), 1 proactive flush(es), 1 terminate flush(es), 0 completion(s), 0 continuation(s) 
[94.636s][info][gc,marking  ] GC(379) Mark Stack Usage: 32M
[94.636s][info][gc,nmethod  ] GC(379) NMethods: 6621 registered, 4524 unregistered
[94.636s][info][gc,metaspace] GC(379) Metaspace: 65M used, 66M committed, 1088M reserved
[94.636s][info][gc,ref      ] GC(379) Soft: 3132 encountered, 0 discovered, 0 enqueued
[94.636s][info][gc,ref      ] GC(379) Weak: 6265 encountered, 1436 discovered, 2 enqueued
[94.636s][info][gc,ref      ] GC(379) Final: 62 encountered, 0 discovered, 0 enqueued
[94.636s][info][gc,ref      ] GC(379) Phantom: 617 encountered, 276 discovered, 0 enqueued
[94.636s][info][gc,reloc    ] GC(379) Small Pages: 172 / 344M, Empty: 116M, Relocated: 4M, In-Place: 0
[94.636s][info][gc,reloc    ] GC(379) Medium Pages: 1 / 32M, Empty: 0M, Relocated: 0M, In-Place: 0
[94.636s][info][gc,reloc    ] GC(379) Large Pages: 2 / 12M, Empty: 12M, Relocated: 0M, In-Place: 0
[94.636s][info][gc,reloc    ] GC(379) Forwarding Usage: 2M
[94.636s][info][gc,heap     ] GC(379) Min Capacity: 8M(1%)
[94.636s][info][gc,heap     ] GC(379) Max Capacity: 1024M(100%)
[94.636s][info][gc,heap     ] GC(379) Soft Max Capacity: 1024M(100%)
[94.636s][info][gc,heap     ] GC(379)                Mark Start          Mark End        Relocate Start      Relocate End           High               Low         
[94.636s][info][gc,heap     ] GC(379)  Capacity:     1024M (100%)       1024M (100%)       1024M (100%)       1024M (100%)       1024M (100%)       1024M (100%)   
[94.636s][info][gc,heap     ] GC(379)      Free:      636M (62%)         634M (62%)         762M (74%)         810M (79%)         810M (79%)         634M (62%)    
[94.637s][info][gc,heap     ] GC(379)      Used:      388M (38%)         390M (38%)         262M (26%)         214M (21%)         390M (38%)         214M (21%)    
[94.637s][info][gc,heap     ] GC(379)      Live:         -               165M (16%)         165M (16%)         165M (16%)            -                  -          
[94.637s][info][gc,heap     ] GC(379) Allocated:         -                 2M (0%)            2M (0%)            1M (0%)             -                  -          
[94.637s][info][gc,heap     ] GC(379)   Garbage:         -               222M (22%)          94M (9%)           46M (5%)             -                  -          
[94.637s][info][gc,heap     ] GC(379) Reclaimed:         -                  -               128M (13%)         175M (17%)            -                  -          
[94.637s][info][gc          ] GC(379) Garbage Collection (System.gc()) 388M(38%)->214M(21%)
[94.803s][info][gc,start    ] GC(380) Garbage Collection (Allocation Rate)
[94.804s][info][gc,task     ] GC(380) Using 8 workers
[94.804s][info][gc,phases   ] GC(380) Pause Mark Start 0.012ms
[94.913s][info][gc,phases   ] GC(380) Concurrent Mark 108.914ms
[94.913s][info][gc,phases   ] GC(380) Pause Mark End 0.036ms
[94.913s][info][gc,phases   ] GC(380) Concurrent Mark Free 0.001ms
[94.916s][info][gc,phases   ] GC(380) Concurrent Process Non-Strong References 2.740ms
[94.916s][info][gc,phases   ] GC(380) Concurrent Reset Relocation Set 0.004ms
[94.928s][info][gc,phases   ] GC(380) Concurrent Select Relocation Set 11.642ms
[94.928s][info][gc,phases   ] GC(380) Pause Relocate Start 0.011ms
[94.946s][info][gc,phases   ] GC(380) Concurrent Relocate 18.581ms
[94.946s][info][gc,load     ] GC(380) Load: 0.00/0.00/0.00
[94.946s][info][gc,mmu      ] GC(380) MMU: 2ms/96.1%, 5ms/98.4%, 10ms/99.2%, 20ms/99.6%, 50ms/99.8%, 100ms/99.9%
[94.946s][info][gc,marking  ] GC(380) Mark: 8 stripe(s), 2 proactive flush(es), 1 terminate flush(es), 0 completion(s), 0 continuation(s) 
[94.947s][info][gc,marking  ] GC(380) Mark Stack Usage: 32M
[94.947s][info][gc,nmethod  ] GC(380) NMethods: 6642 registered, 4531 unregistered
[94.947s][info][gc,metaspace] GC(380) Metaspace: 65M used, 66M committed, 1088M reserved
[94.947s][info][gc,ref      ] GC(380) Soft: 3209 encountered, 0 discovered, 0 enqueued
[94.947s][info][gc,ref      ] GC(380) Weak: 6463 encountered, 360 discovered, 48 enqueued
[94.947s][info][gc,ref      ] GC(380) Final: 62 encountered, 0 discovered, 0 enqueued
[94.947s][info][gc,ref      ] GC(380) Phantom: 617 encountered, 442 discovered, 0 enqueued
[94.947s][info][gc,reloc    ] GC(380) Small Pages: 199 / 398M, Empty: 0M, Relocated: 47M, In-Place: 0
[94.947s][info][gc,reloc    ] GC(380) Medium Pages: 2 / 64M, Empty: 0M, Relocated: 18M, In-Place: 0
[94.947s][info][gc,reloc    ] GC(380) Large Pages: 3 / 18M, Empty: 6M, Relocated: 0M, In-Place: 0
[94.947s][info][gc,reloc    ] GC(380) Forwarding Usage: 25M
[94.947s][info][gc,heap     ] GC(380) Min Capacity: 8M(1%)
[94.947s][info][gc,heap     ] GC(380) Max Capacity: 1024M(100%)
[94.947s][info][gc,heap     ] GC(380) Soft Max Capacity: 1024M(100%)
[94.947s][info][gc,heap     ] GC(380)                Mark Start          Mark End        Relocate Start      Relocate End           High               Low         
[94.947s][info][gc,heap     ] GC(380)  Capacity:     1024M (100%)       1024M (100%)       1024M (100%)       1024M (100%)       1024M (100%)       1024M (100%)   
[94.947s][info][gc,heap     ] GC(380)      Free:      544M (53%)         386M (38%)         366M (36%)         502M (49%)         544M (53%)         302M (29%)    
[94.947s][info][gc,heap     ] GC(380)      Used:      480M (47%)         638M (62%)         658M (64%)         522M (51%)         722M (71%)         480M (47%)    
[94.947s][info][gc,heap     ] GC(380)      Live:         -               230M (23%)         230M (23%)         230M (23%)            -                  -          
[94.947s][info][gc,heap     ] GC(380) Allocated:         -               158M (15%)         184M (18%)         260M (25%)            -                  -          
[94.947s][info][gc,heap     ] GC(380)   Garbage:         -               249M (24%)         243M (24%)          30M (3%)             -                  -          
[94.947s][info][gc,heap     ] GC(380) Reclaimed:         -                  -                 6M (1%)          218M (21%)            -                  -          
[94.947s][info][gc          ] GC(380) Garbage Collection (Allocation Rate) 480M(47%)->522M(51%)
[95.007s][info][gc,start    ] GC(381) Garbage Collection (Allocation Rate)
[95.007s][info][gc,task     ] GC(381) Using 10 workers
[95.007s][info][gc,phases   ] GC(381) Pause Mark Start 0.009ms
[95.147s][info][gc,phases   ] GC(381) Concurrent Mark 140.235ms
[95.147s][info][gc,phases   ] GC(381) Pause Mark End 0.017ms
[95.147s][info][gc,phases   ] GC(381) Concurrent Mark Free 0.001ms
[95.149s][info][gc,phases   ] GC(381) Concurrent Process Non-Strong References 2.188ms
[95.150s][info][gc,phases   ] GC(381) Concurrent Reset Relocation Set 0.021ms
[95.176s][info][gc,phases   ] GC(381) Concurrent Select Relocation Set 26.718ms
[95.176s][info][gc,phases   ] GC(381) Pause Relocate Start 0.010ms
[95.209s][info][gc,phases   ] GC(381) Concurrent Relocate 32.723ms
[95.209s][info][gc,load     ] GC(381) Load: 0.00/0.00/0.00
[95.209s][info][gc,mmu      ] GC(381) MMU: 2ms/96.1%, 5ms/98.4%, 10ms/99.2%, 20ms/99.6%, 50ms/99.8%, 100ms/99.9%
[95.209s][info][gc,marking  ] GC(381) Mark: 8 stripe(s), 2 proactive flush(es), 1 terminate flush(es), 0 completion(s), 0 continuation(s) 
[95.209s][info][gc,marking  ] GC(381) Mark Stack Usage: 32M
[95.209s][info][gc,nmethod  ] GC(381) NMethods: 6646 registered, 4531 unregistered
[95.209s][info][gc,metaspace] GC(381) Metaspace: 65M used, 66M committed, 1088M reserved
[95.209s][info][gc,ref      ] GC(381) Soft: 3209 encountered, 0 discovered, 0 enqueued
[95.209s][info][gc,ref      ] GC(381) Weak: 6415 encountered, 3071 discovered, 0 enqueued
[95.210s][info][gc,ref      ] GC(381) Final: 62 encountered, 23 discovered, 0 enqueued
[95.210s][info][gc,ref      ] GC(381) Phantom: 620 encountered, 277 discovered, 0 enqueued
[95.210s][info][gc,reloc    ] GC(381) Small Pages: 272 / 544M, Empty: 0M, Relocated: 62M, In-Place: 0
[95.210s][info][gc,reloc    ] GC(381) Medium Pages: 2 / 64M, Empty: 0M, Relocated: 17M, In-Place: 0
[95.210s][info][gc,reloc    ] GC(381) Large Pages: 4 / 24M, Empty: 0M, Relocated: 0M, In-Place: 0
[95.210s][info][gc,reloc    ] GC(381) Forwarding Usage: 44M
[95.210s][info][gc,heap     ] GC(381) Min Capacity: 8M(1%)
[95.210s][info][gc,heap     ] GC(381) Max Capacity: 1024M(100%)
[95.210s][info][gc,heap     ] GC(381) Soft Max Capacity: 1024M(100%)
[95.210s][info][gc,heap     ] GC(381)                Mark Start          Mark End        Relocate Start      Relocate End           High               Low         
[95.210s][info][gc,heap     ] GC(381)  Capacity:     1024M (100%)       1024M (100%)       1024M (100%)       1024M (100%)       1024M (100%)       1024M (100%)   
[95.210s][info][gc,heap     ] GC(381)      Free:      392M (38%)         308M (30%)         296M (29%)         570M (56%)         570M (56%)         248M (24%)    
[95.210s][info][gc,heap     ] GC(381)      Used:      632M (62%)         716M (70%)         728M (71%)         454M (44%)         776M (76%)         454M (44%)    
[95.210s][info][gc,heap     ] GC(381)      Live:         -               308M (30%)         308M (30%)         308M (30%)            -                  -          
[95.210s][info][gc,heap     ] GC(381) Allocated:         -                84M (8%)           96M (9%)          107M (10%)            -                  -          
[95.210s][info][gc,heap     ] GC(381)   Garbage:         -               323M (32%)         323M (32%)          37M (4%)             -                  -          
[95.210s][info][gc,heap     ] GC(381) Reclaimed:         -                  -                 0M (0%)          285M (28%)            -                  -          
[95.210s][info][gc          ] GC(381) Garbage Collection (Allocation Rate) 632M(62%)->454M(44%)
[95.306s][info][gc,start    ] GC(382) Garbage Collection (Allocation Rate)
[95.306s][info][gc,task     ] GC(382) Using 10 workers
[95.306s][info][gc,phases   ] GC(382) Pause Mark Start 0.012ms
[95.462s][info][gc,phases   ] GC(382) Concurrent Mark 155.854ms
[95.463s][info][gc,phases   ] GC(382) Pause Mark End 0.032ms
[95.463s][info][gc,phases   ] GC(382) Concurrent Mark Free 0.002ms
[95.465s][info][gc,phases   ] GC(382) Concurrent Process Non-Strong References 2.487ms
[95.465s][info][gc,phases   ] GC(382) Concurrent Reset Relocation Set 0.025ms
[95.473s][info][gc,phases   ] GC(382) Concurrent Select Relocation Set 7.577ms
[95.473s][info][gc,phases   ] GC(382) Pause Relocate Start 0.008ms
[95.479s][info][gc,phases   ] GC(382) Concurrent Relocate 6.293ms
[95.479s][info][gc,load     ] GC(382) Load: 0.00/0.00/0.00
[95.479s][info][gc,mmu      ] GC(382) MMU: 2ms/96.1%, 5ms/98.4%, 10ms/99.2%, 20ms/99.6%, 50ms/99.8%, 100ms/99.9%
[95.479s][info][gc,marking  ] GC(382) Mark: 8 stripe(s), 2 proactive flush(es), 1 terminate flush(es), 0 completion(s), 0 continuation(s) 
[95.479s][info][gc,marking  ] GC(382) Mark Stack Usage: 32M
[95.480s][info][gc,nmethod  ] GC(382) NMethods: 6645 registered, 4534 unregistered
[95.480s][info][gc,metaspace] GC(382) Metaspace: 65M used, 66M committed, 1088M reserved
[95.480s][info][gc,ref      ] GC(382) Soft: 3209 encountered, 0 discovered, 0 enqueued
[95.480s][info][gc,ref      ] GC(382) Weak: 6415 encountered, 1523 discovered, 0 enqueued
[95.480s][info][gc,ref      ] GC(382) Final: 62 encountered, 37 discovered, 0 enqueued
[95.480s][info][gc,ref      ] GC(382) Phantom: 621 encountered, 584 discovered, 0 enqueued
[95.480s][info][gc,reloc    ] GC(382) Small Pages: 201 / 402M, Empty: 38M, Relocated: 6M, In-Place: 0
[95.480s][info][gc,reloc    ] GC(382) Medium Pages: 2 / 64M, Empty: 0M, Relocated: 18M, In-Place: 0
[95.480s][info][gc,reloc    ] GC(382) Large Pages: 4 / 24M, Empty: 0M, Relocated: 0M, In-Place: 0
[95.480s][info][gc,reloc    ] GC(382) Forwarding Usage: 3M
[95.480s][info][gc,heap     ] GC(382) Min Capacity: 8M(1%)
[95.480s][info][gc,heap     ] GC(382) Max Capacity: 1024M(100%)
[95.480s][info][gc,heap     ] GC(382) Soft Max Capacity: 1024M(100%)
[95.480s][info][gc,heap     ] GC(382)                Mark Start          Mark End        Relocate Start      Relocate End           High               Low         
[95.480s][info][gc,heap     ] GC(382)  Capacity:     1024M (100%)       1024M (100%)       1024M (100%)       1024M (100%)       1024M (100%)       1024M (100%)   
[95.480s][info][gc,heap     ] GC(382)      Free:      534M (52%)         476M (46%)         512M (50%)         612M (60%)         612M (60%)         470M (46%)    
[95.480s][info][gc,heap     ] GC(382)      Used:      490M (48%)         548M (54%)         512M (50%)         412M (40%)         554M (54%)         412M (40%)    
[95.480s][info][gc,heap     ] GC(382)      Live:         -               310M (30%)         310M (30%)         310M (30%)            -                  -          
[95.480s][info][gc,heap     ] GC(382) Allocated:         -                58M (6%)           60M (6%)           61M (6%)             -                  -          
[95.480s][info][gc,heap     ] GC(382)   Garbage:         -               179M (18%)         141M (14%)          39M (4%)             -                  -          
[95.480s][info][gc,heap     ] GC(382) Reclaimed:         -                  -                38M (4%)          139M (14%)            -                  -          
[95.480s][info][gc          ] GC(382) Garbage Collection (Allocation Rate) 490M(48%)->412M(40%)
[95.509s][info][gc,start    ] GC(383) Garbage Collection (Allocation Rate)
[95.711s][info][gc,task     ] GC(383) Using 10 workers
[95.711s][info][gc,phases   ] GC(383) Pause Mark Start 0.017ms
[95.845s][info][gc,phases   ] GC(383) Concurrent Mark 133.966ms
[95.845s][info][gc,phases   ] GC(383) Pause Mark End 0.019ms
[95.845s][info][gc,phases   ] GC(383) Concurrent Mark Free 0.001ms
[95.847s][info][gc,phases   ] GC(383) Concurrent Process Non-Strong References 2.218ms
[95.847s][info][gc,phases   ] GC(383) Concurrent Reset Relocation Set 0.006ms
[95.855s][info][gc,phases   ] GC(383) Concurrent Select Relocation Set 7.197ms
[95.855s][info][gc,phases   ] GC(383) Pause Relocate Start 0.009ms
[95.860s][info][gc,phases   ] GC(383) Concurrent Relocate 5.261ms
[95.860s][info][gc,load     ] GC(383) Load: 0.00/0.00/0.00
[95.860s][info][gc,mmu      ] GC(383) MMU: 2ms/96.1%, 5ms/98.4%, 10ms/99.2%, 20ms/99.6%, 50ms/99.8%, 100ms/99.9%
[95.860s][info][gc,marking  ] GC(383) Mark: 8 stripe(s), 7 proactive flush(es), 1 terminate flush(es), 0 completion(s), 0 continuation(s) 
[95.860s][info][gc,marking  ] GC(383) Mark Stack Usage: 32M
[95.860s][info][gc,nmethod  ] GC(383) NMethods: 6645 registered, 4534 unregistered
[95.860s][info][gc,metaspace] GC(383) Metaspace: 65M used, 66M committed, 1088M reserved
[95.860s][info][gc,ref      ] GC(383) Soft: 3209 encountered, 0 discovered, 0 enqueued
[95.860s][info][gc,ref      ] GC(383) Weak: 6415 encountered, 3043 discovered, 0 enqueued
[95.860s][info][gc,ref      ] GC(383) Final: 62 encountered, 52 discovered, 0 enqueued
[95.860s][info][gc,ref      ] GC(383) Phantom: 621 encountered, 292 discovered, 0 enqueued
[95.860s][info][gc,reloc    ] GC(383) Small Pages: 184 / 368M, Empty: 28M, Relocated: 10M, In-Place: 0
[95.860s][info][gc,reloc    ] GC(383) Medium Pages: 1 / 32M, Empty: 0M, Relocated: 0M, In-Place: 0
[95.860s][info][gc,reloc    ] GC(383) Large Pages: 4 / 24M, Empty: 0M, Relocated: 0M, In-Place: 0
[95.860s][info][gc,reloc    ] GC(383) Forwarding Usage: 4M
[95.860s][info][gc,heap     ] GC(383) Min Capacity: 8M(1%)
[95.860s][info][gc,heap     ] GC(383) Max Capacity: 1024M(100%)
[95.860s][info][gc,heap     ] GC(383) Soft Max Capacity: 1024M(100%)
[95.860s][info][gc,heap     ] GC(383)                Mark Start          Mark End        Relocate Start      Relocate End           High               Low         
[95.860s][info][gc,heap     ] GC(383)  Capacity:     1024M (100%)       1024M (100%)       1024M (100%)       1024M (100%)       1024M (100%)       1024M (100%)   
[95.860s][info][gc,heap     ] GC(383)      Free:      600M (59%)         468M (46%)         474M (46%)         512M (50%)         600M (59%)         456M (45%)    
[95.860s][info][gc,heap     ] GC(383)      Used:      424M (41%)         556M (54%)         550M (54%)         512M (50%)         568M (55%)         424M (41%)    
[95.860s][info][gc,heap     ] GC(383)      Live:         -               310M (30%)         310M (30%)         310M (30%)            -                  -          
[95.861s][info][gc,heap     ] GC(383) Allocated:         -               132M (13%)         154M (15%)         163M (16%)            -                  -          
[95.861s][info][gc,heap     ] GC(383)   Garbage:         -               113M (11%)          85M (8%)           37M (4%)             -                  -          
[95.861s][info][gc,heap     ] GC(383) Reclaimed:         -                  -                28M (3%)           75M (7%)             -                  -          
[95.861s][info][gc          ] GC(383) Garbage Collection (Allocation Rate) 424M(41%)->512M(50%)
[95.907s][info][gc,start    ] GC(384) Garbage Collection (Allocation Rate)
[95.907s][info][gc,task     ] GC(384) Using 10 workers
[95.908s][info][gc,phases   ] GC(384) Pause Mark Start 0.015ms
[96.017s][info][gc,phases   ] GC(384) Concurrent Mark 108.926ms
[96.017s][info][gc,phases   ] GC(384) Pause Mark End 0.023ms
[96.017s][info][gc,phases   ] GC(384) Concurrent Mark Free 0.001ms
[96.019s][info][gc,phases   ] GC(384) Concurrent Process Non-Strong References 2.205ms
[96.019s][info][gc,phases   ] GC(384) Concurrent Reset Relocation Set 0.005ms
[96.036s][info][gc,phases   ] GC(384) Concurrent Select Relocation Set 17.033ms
[96.036s][info][gc,phases   ] GC(384) Pause Relocate Start 0.013ms
[96.053s][info][gc,phases   ] GC(384) Concurrent Relocate 16.958ms
[96.054s][info][gc,load     ] GC(384) Load: 0.00/0.00/0.00
[96.054s][info][gc,mmu      ] GC(384) MMU: 2ms/96.1%, 5ms/98.4%, 10ms/99.2%, 20ms/99.6%, 50ms/99.8%, 100ms/99.9%
[96.054s][info][gc,marking  ] GC(384) Mark: 8 stripe(s), 2 proactive flush(es), 1 terminate flush(es), 0 completion(s), 0 continuation(s) 
[96.054s][info][gc,marking  ] GC(384) Mark Stack Usage: 32M
[96.054s][info][gc,nmethod  ] GC(384) NMethods: 6645 registered, 4534 unregistered
[96.054s][info][gc,metaspace] GC(384) Metaspace: 65M used, 66M committed, 1088M reserved
[96.054s][info][gc,ref      ] GC(384) Soft: 3209 encountered, 0 discovered, 0 enqueued
[96.054s][info][gc,ref      ] GC(384) Weak: 6415 encountered, 1075 discovered, 0 enqueued
[96.054s][info][gc,ref      ] GC(384) Final: 62 encountered, 14 discovered, 0 enqueued
[96.054s][info][gc,ref      ] GC(384) Phantom: 621 encountered, 323 discovered, 0 enqueued
[96.054s][info][gc,reloc    ] GC(384) Small Pages: 269 / 538M, Empty: 84M, Relocated: 25M, In-Place: 0
[96.054s][info][gc,reloc    ] GC(384) Medium Pages: 1 / 32M, Empty: 0M, Relocated: 0M, In-Place: 0
[96.054s][info][gc,reloc    ] GC(384) Large Pages: 6 / 36M, Empty: 24M, Relocated: 0M, In-Place: 0
[96.054s][info][gc,reloc    ] GC(384) Forwarding Usage: 22M
[96.054s][info][gc,heap     ] GC(384) Min Capacity: 8M(1%)
[96.054s][info][gc,heap     ] GC(384) Max Capacity: 1024M(100%)
[96.054s][info][gc,heap     ] GC(384) Soft Max Capacity: 1024M(100%)
[96.054s][info][gc,heap     ] GC(384)                Mark Start          Mark End        Relocate Start      Relocate End           High               Low         
[96.054s][info][gc,heap     ] GC(384)  Capacity:     1024M (100%)       1024M (100%)       1024M (100%)       1024M (100%)       1024M (100%)       1024M (100%)   
[96.054s][info][gc,heap     ] GC(384)      Free:      418M (41%)         220M (21%)         288M (28%)         512M (50%)         514M (50%)         204M (20%)    
[96.054s][info][gc,heap     ] GC(384)      Used:      606M (59%)         804M (79%)         736M (72%)         512M (50%)         820M (80%)         510M (50%)    
[96.054s][info][gc,heap     ] GC(384)      Live:         -               209M (20%)         209M (20%)         209M (20%)            -                  -          
[96.054s][info][gc,heap     ] GC(384) Allocated:         -               198M (19%)         238M (23%)         263M (26%)            -                  -          
[96.054s][info][gc,heap     ] GC(384)   Garbage:         -               396M (39%)         288M (28%)          39M (4%)             -                  -          
[96.054s][info][gc,heap     ] GC(384) Reclaimed:         -                  -               108M (11%)         357M (35%)            -                  -          
[96.054s][info][gc          ] GC(384) Garbage Collection (Allocation Rate) 606M(59%)->512M(50%)
[96.110s][info][gc,start    ] GC(385) Garbage Collection (Allocation Rate)
[96.111s][info][gc,task     ] GC(385) Using 10 workers
[96.111s][info][gc,phases   ] GC(385) Pause Mark Start 0.014ms
[96.267s][info][gc,phases   ] GC(385) Concurrent Mark 155.818ms
[96.267s][info][gc,phases   ] GC(385) Pause Mark End 0.036ms
[96.267s][info][gc,phases   ] GC(385) Concurrent Mark Free 0.002ms
[96.270s][info][gc,phases   ] GC(385) Concurrent Process Non-Strong References 3.473ms
[96.271s][info][gc,phases   ] GC(385) Concurrent Reset Relocation Set 0.035ms
[96.300s][info][gc,phases   ] GC(385) Concurrent Select Relocation Set 29.461ms
[96.300s][info][gc,phases   ] GC(385) Pause Relocate Start 0.009ms
[96.325s][info][gc,phases   ] GC(385) Concurrent Relocate 24.446ms
[96.325s][info][gc,load     ] GC(385) Load: 0.00/0.00/0.00
[96.325s][info][gc,mmu      ] GC(385) MMU: 2ms/96.1%, 5ms/98.4%, 10ms/99.2%, 20ms/99.6%, 50ms/99.8%, 100ms/99.9%
[96.325s][info][gc,marking  ] GC(385) Mark: 8 stripe(s), 10 proactive flush(es), 2 terminate flush(es), 0 completion(s), 0 continuation(s) 
[96.325s][info][gc,marking  ] GC(385) Mark Stack Usage: 32M
[96.325s][info][gc,nmethod  ] GC(385) NMethods: 6645 registered, 4534 unregistered
[96.325s][info][gc,metaspace] GC(385) Metaspace: 65M used, 66M committed, 1088M reserved
[96.325s][info][gc,ref      ] GC(385) Soft: 3209 encountered, 0 discovered, 0 enqueued
[96.325s][info][gc,ref      ] GC(385) Weak: 6415 encountered, 1110 discovered, 0 enqueued
[96.325s][info][gc,ref      ] GC(385) Final: 62 encountered, 3 discovered, 0 enqueued
[96.325s][info][gc,ref      ] GC(385) Phantom: 618 encountered, 458 discovered, 0 enqueued
[96.325s][info][gc,reloc    ] GC(385) Small Pages: 283 / 566M, Empty: 0M, Relocated: 26M, In-Place: 0
[96.325s][info][gc,reloc    ] GC(385) Medium Pages: 1 / 32M, Empty: 0M, Relocated: 0M, In-Place: 0
[96.325s][info][gc,reloc    ] GC(385) Large Pages: 4 / 24M, Empty: 0M, Relocated: 0M, In-Place: 0
[96.325s][info][gc,reloc    ] GC(385) Forwarding Usage: 25M
[96.325s][info][gc,heap     ] GC(385) Min Capacity: 8M(1%)
[96.325s][info][gc,heap     ] GC(385) Max Capacity: 1024M(100%)
[96.325s][info][gc,heap     ] GC(385) Soft Max Capacity: 1024M(100%)
[96.325s][info][gc,heap     ] GC(385)                Mark Start          Mark End        Relocate Start      Relocate End           High               Low         
[96.325s][info][gc,heap     ] GC(385)  Capacity:     1024M (100%)       1024M (100%)       1024M (100%)       1024M (100%)       1024M (100%)       1024M (100%)   
[96.325s][info][gc,heap     ] GC(385)      Free:      402M (39%)         148M (14%)         120M (12%)         446M (44%)         448M (44%)         102M (10%)    
[96.325s][info][gc,heap     ] GC(385)      Used:      622M (61%)         876M (86%)         904M (88%)         578M (56%)         922M (90%)         576M (56%)    
[96.325s][info][gc,heap     ] GC(385)      Live:         -               230M (22%)         230M (22%)         230M (22%)            -                  -          
[96.325s][info][gc,heap     ] GC(385) Allocated:         -               254M (25%)         282M (28%)         303M (30%)            -                  -          
[96.325s][info][gc,heap     ] GC(385)   Garbage:         -               391M (38%)         391M (38%)          44M (4%)             -                  -          
[96.325s][info][gc,heap     ] GC(385) Reclaimed:         -                  -                 0M (0%)          347M (34%)            -                  -          
[96.325s][info][gc          ] GC(385) Garbage Collection (Allocation Rate) 622M(61%)->578M(56%)
[96.403s][info][gc,start    ] GC(386) Garbage Collection (Allocation Rate)
[96.403s][info][gc,task     ] GC(386) Using 10 workers
[96.403s][info][gc,phases   ] GC(386) Pause Mark Start 0.016ms
[96.539s][info][gc,phases   ] GC(386) Concurrent Mark 135.984ms
[96.539s][info][gc,phases   ] GC(386) Pause Mark End 0.030ms
[96.539s][info][gc,phases   ] GC(386) Concurrent Mark Free 0.001ms
[96.542s][info][gc,phases   ] GC(386) Concurrent Process Non-Strong References 2.171ms
[96.542s][info][gc,phases   ] GC(386) Concurrent Reset Relocation Set 0.030ms
[96.546s][info][gc,phases   ] GC(386) Concurrent Select Relocation Set 3.958ms
[96.546s][info][gc,phases   ] GC(386) Pause Relocate Start 0.010ms
[96.565s][info][gc,phases   ] GC(386) Concurrent Relocate 19.076ms
[96.565s][info][gc,load     ] GC(386) Load: 0.00/0.00/0.00
[96.565s][info][gc,mmu      ] GC(386) MMU: 2ms/96.1%, 5ms/98.4%, 10ms/99.2%, 20ms/99.6%, 50ms/99.8%, 100ms/99.9%
[96.565s][info][gc,marking  ] GC(386) Mark: 8 stripe(s), 4 proactive flush(es), 1 terminate flush(es), 0 completion(s), 0 continuation(s) 
[96.565s][info][gc,marking  ] GC(386) Mark Stack Usage: 32M
[96.565s][info][gc,nmethod  ] GC(386) NMethods: 6647 registered, 4534 unregistered
[96.565s][info][gc,metaspace] GC(386) Metaspace: 65M used, 66M committed, 1088M reserved
[96.565s][info][gc,ref      ] GC(386) Soft: 3209 encountered, 0 discovered, 0 enqueued
[96.565s][info][gc,ref      ] GC(386) Weak: 6415 encountered, 772 discovered, 0 enqueued
[96.565s][info][gc,ref      ] GC(386) Final: 62 encountered, 0 discovered, 0 enqueued
[96.565s][info][gc,ref      ] GC(386) Phantom: 619 encountered, 610 discovered, 0 enqueued
[96.565s][info][gc,reloc    ] GC(386) Small Pages: 304 / 608M, Empty: 0M, Relocated: 22M, In-Place: 0
[96.565s][info][gc,reloc    ] GC(386) Medium Pages: 1 / 32M, Empty: 0M, Relocated: 0M, In-Place: 0
[96.565s][info][gc,reloc    ] GC(386) Large Pages: 8 / 64M, Empty: 12M, Relocated: 0M, In-Place: 0
[96.565s][info][gc,reloc    ] GC(386) Forwarding Usage: 20M
[96.565s][info][gc,heap     ] GC(386) Min Capacity: 8M(1%)
[96.565s][info][gc,heap     ] GC(386) Max Capacity: 1024M(100%)
[96.565s][info][gc,heap     ] GC(386) Soft Max Capacity: 1024M(100%)
[96.565s][info][gc,heap     ] GC(386)                Mark Start          Mark End        Relocate Start      Relocate End           High               Low         
[96.565s][info][gc,heap     ] GC(386)  Capacity:     1024M (100%)       1024M (100%)       1024M (100%)       1024M (100%)       1024M (100%)       1024M (100%)   
[96.565s][info][gc,heap     ] GC(386)      Free:      320M (31%)          96M (9%)           94M (9%)          444M (43%)         444M (43%)          70M (7%)     
[96.565s][info][gc,heap     ] GC(386)      Used:      704M (69%)         928M (91%)         930M (91%)         580M (57%)         954M (93%)         580M (57%)    
[96.565s][info][gc,heap     ] GC(386)      Live:         -               271M (27%)         271M (27%)         271M (27%)            -                  -          
[96.565s][info][gc,heap     ] GC(386) Allocated:         -               224M (22%)         238M (23%)         261M (26%)            -                  -          
[96.565s][info][gc,heap     ] GC(386)   Garbage:         -               432M (42%)         420M (41%)          46M (5%)             -                  -          
[96.565s][info][gc,heap     ] GC(386) Reclaimed:         -                  -                12M (1%)          385M (38%)            -                  -          
[96.565s][info][gc          ] GC(386) Garbage Collection (Allocation Rate) 704M(69%)->580M(57%)
[96.617s][info][gc,start    ] GC(387) Garbage Collection (Allocation Rate)
[96.617s][info][gc,task     ] GC(387) Using 10 workers
[96.618s][info][gc,phases   ] GC(387) Pause Mark Start 0.013ms
[96.758s][info][gc,phases   ] GC(387) Concurrent Mark 140.211ms
[96.758s][info][gc,phases   ] GC(387) Pause Mark End 0.018ms
[96.758s][info][gc,phases   ] GC(387) Concurrent Mark Free 0.002ms
[96.760s][info][gc,phases   ] GC(387) Concurrent Process Non-Strong References 2.088ms
[96.760s][info][gc,phases   ] GC(387) Concurrent Reset Relocation Set 0.041ms
[96.764s][info][gc,phases   ] GC(387) Concurrent Select Relocation Set 4.072ms
[96.765s][info][gc,phases   ] GC(387) Pause Relocate Start 0.009ms
[96.778s][info][gc,phases   ] GC(387) Concurrent Relocate 13.798ms
[96.778s][info][gc,load     ] GC(387) Load: 0.00/0.00/0.00
[96.778s][info][gc,mmu      ] GC(387) MMU: 2ms/96.1%, 5ms/98.4%, 10ms/99.2%, 20ms/99.6%, 50ms/99.8%, 100ms/99.9%
[96.778s][info][gc,marking  ] GC(387) Mark: 8 stripe(s), 2 proactive flush(es), 1 terminate flush(es), 0 completion(s), 0 continuation(s) 
[96.779s][info][gc,marking  ] GC(387) Mark Stack Usage: 32M
[96.779s][info][gc,nmethod  ] GC(387) NMethods: 6645 registered, 4536 unregistered
[96.779s][info][gc,metaspace] GC(387) Metaspace: 65M used, 66M committed, 1088M reserved
[96.779s][info][gc,ref      ] GC(387) Soft: 3209 encountered, 0 discovered, 0 enqueued
[96.779s][info][gc,ref      ] GC(387) Weak: 6415 encountered, 2056 discovered, 0 enqueued
[96.779s][info][gc,ref      ] GC(387) Final: 62 encountered, 6 discovered, 0 enqueued
[96.779s][info][gc,ref      ] GC(387) Phantom: 621 encountered, 607 discovered, 0 enqueued
[96.779s][info][gc,reloc    ] GC(387) Small Pages: 299 / 598M, Empty: 0M, Relocated: 20M, In-Place: 0
[96.779s][info][gc,reloc    ] GC(387) Medium Pages: 1 / 32M, Empty: 0M, Relocated: 0M, In-Place: 0
[96.779s][info][gc,reloc    ] GC(387) Large Pages: 6 / 52M, Empty: 12M, Relocated: 0M, In-Place: 0
[96.779s][info][gc,reloc    ] GC(387) Forwarding Usage: 17M
[96.779s][info][gc,heap     ] GC(387) Min Capacity: 8M(1%)
[96.779s][info][gc,heap     ] GC(387) Max Capacity: 1024M(100%)
[96.779s][info][gc,heap     ] GC(387) Soft Max Capacity: 1024M(100%)
[96.779s][info][gc,heap     ] GC(387)                Mark Start          Mark End        Relocate Start      Relocate End           High               Low         
[96.779s][info][gc,heap     ] GC(387)  Capacity:     1024M (100%)       1024M (100%)       1024M (100%)       1024M (100%)       1024M (100%)       1024M (100%)   
[96.779s][info][gc,heap     ] GC(387)      Free:      342M (33%)          98M (10%)          96M (9%)          424M (41%)         426M (42%)          76M (7%)     
[96.779s][info][gc,heap     ] GC(387)      Used:      682M (67%)         926M (90%)         928M (91%)         600M (59%)         948M (93%)         598M (58%)    
[96.779s][info][gc,heap     ] GC(387)      Live:         -               270M (26%)         270M (26%)         270M (26%)            -                  -          
[96.779s][info][gc,heap     ] GC(387) Allocated:         -               244M (24%)         258M (25%)         275M (27%)            -                  -          
[96.779s][info][gc,heap     ] GC(387)   Garbage:         -               411M (40%)         399M (39%)          53M (5%)             -                  -          
[96.779s][info][gc,heap     ] GC(387) Reclaimed:         -                  -                12M (1%)          357M (35%)            -                  -          
[96.779s][info][gc          ] GC(387) Garbage Collection (Allocation Rate) 682M(67%)->600M(59%)
[96.805s][info][gc,start    ] GC(388) Garbage Collection (Allocation Rate)
[96.805s][info][gc,task     ] GC(388) Using 10 workers
[96.805s][info][gc,phases   ] GC(388) Pause Mark Start 0.011ms
[96.945s][info][gc,phases   ] GC(388) Concurrent Mark 140.358ms
[96.945s][info][gc,phases   ] GC(388) Pause Mark End 0.017ms
[96.946s][info][gc,phases   ] GC(388) Concurrent Mark Free 0.001ms
[96.948s][info][gc,phases   ] GC(388) Concurrent Process Non-Strong References 1.936ms
[96.948s][info][gc,phases   ] GC(388) Concurrent Reset Relocation Set 0.022ms
[96.951s][info][gc,phases   ] GC(388) Concurrent Select Relocation Set 3.115ms
[96.951s][info][gc,phases   ] GC(388) Pause Relocate Start 0.008ms
[96.960s][info][gc,phases   ] GC(388) Concurrent Relocate 9.344ms
[96.960s][info][gc,load     ] GC(388) Load: 0.00/0.00/0.00
[96.960s][info][gc,mmu      ] GC(388) MMU: 2ms/96.1%, 5ms/98.4%, 10ms/99.2%, 20ms/99.6%, 50ms/99.8%, 100ms/99.9%
[96.960s][info][gc,marking  ] GC(388) Mark: 8 stripe(s), 2 proactive flush(es), 1 terminate flush(es), 0 completion(s), 0 continuation(s) 
[96.960s][info][gc,marking  ] GC(388) Mark Stack Usage: 32M
[96.960s][info][gc,nmethod  ] GC(388) NMethods: 6645 registered, 4536 unregistered
[96.960s][info][gc,metaspace] GC(388) Metaspace: 65M used, 66M committed, 1088M reserved
[96.960s][info][gc,ref      ] GC(388) Soft: 3209 encountered, 0 discovered, 0 enqueued
[96.960s][info][gc,ref      ] GC(388) Weak: 6415 encountered, 1825 discovered, 0 enqueued
[96.960s][info][gc,ref      ] GC(388) Final: 62 encountered, 8 discovered, 0 enqueued
[96.960s][info][gc,ref      ] GC(388) Phantom: 619 encountered, 353 discovered, 0 enqueued
[96.960s][info][gc,reloc    ] GC(388) Small Pages: 288 / 576M, Empty: 0M, Relocated: 15M, In-Place: 0
[96.960s][info][gc,reloc    ] GC(388) Medium Pages: 1 / 32M, Empty: 0M, Relocated: 0M, In-Place: 0
[96.960s][info][gc,reloc    ] GC(388) Large Pages: 4 / 40M, Empty: 0M, Relocated: 0M, In-Place: 0
[96.960s][info][gc,reloc    ] GC(388) Forwarding Usage: 14M
[96.960s][info][gc,heap     ] GC(388) Min Capacity: 8M(1%)
[96.960s][info][gc,heap     ] GC(388) Max Capacity: 1024M(100%)
[96.960s][info][gc,heap     ] GC(388) Soft Max Capacity: 1024M(100%)
[96.960s][info][gc,heap     ] GC(388)                Mark Start          Mark End        Relocate Start      Relocate End           High               Low         
[96.960s][info][gc,heap     ] GC(388)  Capacity:     1024M (100%)       1024M (100%)       1024M (100%)       1024M (100%)       1024M (100%)       1024M (100%)   
[96.961s][info][gc,heap     ] GC(388)      Free:      376M (37%)         138M (13%)         128M (13%)         428M (42%)         430M (42%)         108M (11%)    
[96.961s][info][gc,heap     ] GC(388)      Used:      648M (63%)         886M (87%)         896M (88%)         596M (58%)         916M (89%)         594M (58%)    
[96.961s][info][gc,heap     ] GC(388)      Live:         -               279M (27%)         279M (27%)         279M (27%)            -                  -          
[96.961s][info][gc,heap     ] GC(388) Allocated:         -               238M (23%)         248M (24%)         261M (26%)            -                  -          
[96.961s][info][gc,heap     ] GC(388)   Garbage:         -               368M (36%)         368M (36%)          54M (5%)             -                  -          
[96.961s][info][gc,heap     ] GC(388) Reclaimed:         -                  -                 0M (0%)          313M (31%)            -                  -          
[96.961s][info][gc          ] GC(388) Garbage Collection (Allocation Rate) 648M(63%)->596M(58%)
[97.002s][info][gc,start    ] GC(389) Garbage Collection (Allocation Rate)
[97.002s][info][gc,task     ] GC(389) Using 10 workers
[97.003s][info][gc,phases   ] GC(389) Pause Mark Start 0.015ms
[97.155s][info][gc,phases   ] GC(389) Concurrent Mark 152.554ms
[97.155s][info][gc,phases   ] GC(389) Pause Mark End 0.017ms
[97.155s][info][gc,phases   ] GC(389) Concurrent Mark Free 0.001ms
[97.157s][info][gc,phases   ] GC(389) Concurrent Process Non-Strong References 1.911ms
[97.157s][info][gc,phases   ] GC(389) Concurrent Reset Relocation Set 0.015ms
[97.177s][info][gc,phases   ] GC(389) Concurrent Select Relocation Set 19.881ms
[97.177s][info][gc,phases   ] GC(389) Pause Relocate Start 0.008ms
[97.193s][info][gc,phases   ] GC(389) Concurrent Relocate 15.820ms
[97.193s][info][gc,load     ] GC(389) Load: 0.00/0.00/0.00
[97.193s][info][gc,mmu      ] GC(389) MMU: 2ms/96.1%, 5ms/98.4%, 10ms/99.2%, 20ms/99.6%, 50ms/99.8%, 100ms/99.9%
[97.193s][info][gc,marking  ] GC(389) Mark: 8 stripe(s), 2 proactive flush(es), 1 terminate flush(es), 0 completion(s), 0 continuation(s) 
[97.193s][info][gc,marking  ] GC(389) Mark Stack Usage: 32M
[97.193s][info][gc,nmethod  ] GC(389) NMethods: 6645 registered, 4536 unregistered
[97.194s][info][gc,metaspace] GC(389) Metaspace: 65M used, 66M committed, 1088M reserved
[97.194s][info][gc,ref      ] GC(389) Soft: 3209 encountered, 0 discovered, 0 enqueued
[97.194s][info][gc,ref      ] GC(389) Weak: 6415 encountered, 764 discovered, 0 enqueued
[97.194s][info][gc,ref      ] GC(389) Final: 62 encountered, 1 discovered, 0 enqueued
[97.194s][info][gc,ref      ] GC(389) Phantom: 620 encountered, 515 discovered, 0 enqueued
[97.194s][info][gc,reloc    ] GC(389) Small Pages: 302 / 604M, Empty: 0M, Relocated: 20M, In-Place: 0
[97.194s][info][gc,reloc    ] GC(389) Medium Pages: 1 / 32M, Empty: 0M, Relocated: 0M, In-Place: 0
[97.194s][info][gc,reloc    ] GC(389) Large Pages: 4 / 40M, Empty: 0M, Relocated: 0M, In-Place: 0
[97.194s][info][gc,reloc    ] GC(389) Forwarding Usage: 19M
[97.194s][info][gc,heap     ] GC(389) Min Capacity: 8M(1%)
[97.194s][info][gc,heap     ] GC(389) Max Capacity: 1024M(100%)
[97.194s][info][gc,heap     ] GC(389) Soft Max Capacity: 1024M(100%)
[97.194s][info][gc,heap     ] GC(389)                Mark Start          Mark End        Relocate Start      Relocate End           High               Low         
[97.194s][info][gc,heap     ] GC(389)  Capacity:     1024M (100%)       1024M (100%)       1024M (100%)       1024M (100%)       1024M (100%)       1024M (100%)   
[97.194s][info][gc,heap     ] GC(389)      Free:      348M (34%)          80M (8%)           50M (5%)          358M (35%)         364M (36%)          28M (3%)     
[97.194s][info][gc,heap     ] GC(389)      Used:      676M (66%)         944M (92%)         974M (95%)         666M (65%)         996M (97%)         660M (64%)    
[97.194s][info][gc,heap     ] GC(389)      Live:         -               287M (28%)         287M (28%)         287M (28%)            -                  -          
[97.194s][info][gc,heap     ] GC(389) Allocated:         -               268M (26%)         298M (29%)         313M (31%)            -                  -          
[97.194s][info][gc,heap     ] GC(389)   Garbage:         -               388M (38%)         388M (38%)          64M (6%)             -                  -          
[97.194s][info][gc,heap     ] GC(389) Reclaimed:         -                  -                 0M (0%)          323M (32%)            -                  -          
[97.194s][info][gc          ] GC(389) Garbage Collection (Allocation Rate) 676M(66%)->666M(65%)
[97.218s][info][gc,start    ] GC(390) Garbage Collection (Allocation Rate)
[97.218s][info][gc,task     ] GC(390) Using 10 workers
[97.218s][info][gc,phases   ] GC(390) Pause Mark Start 0.009ms
[97.390s][info][gc,phases   ] GC(390) Concurrent Mark 171.510ms
[97.390s][info][gc,phases   ] GC(390) Pause Mark End 0.023ms
[97.390s][info][gc,phases   ] GC(390) Concurrent Mark Free 0.001ms
[97.392s][info][gc,phases   ] GC(390) Concurrent Process Non-Strong References 2.227ms
[97.392s][info][gc,phases   ] GC(390) Concurrent Reset Relocation Set 0.020ms
[97.412s][info][gc,phases   ] GC(390) Concurrent Select Relocation Set 20.247ms
[97.413s][info][gc,phases   ] GC(390) Pause Relocate Start 0.011ms
[97.413s][info][gc          ] Relocation Stall (Executor task launch worker for task 0.0 in stage 92.0 (TID 172)) 0.242ms
[97.414s][info][gc          ] Relocation Stall (Executor task launch worker for task 0.0 in stage 92.0 (TID 172)) 0.321ms
[97.414s][info][gc          ] Relocation Stall (Executor task launch worker for task 2.0 in stage 92.0 (TID 174)) 0.869ms
[97.433s][info][gc,phases   ] GC(390) Concurrent Relocate 20.038ms
[97.433s][info][gc,load     ] GC(390) Load: 0.00/0.00/0.00
[97.433s][info][gc,mmu      ] GC(390) MMU: 2ms/96.1%, 5ms/98.4%, 10ms/99.2%, 20ms/99.6%, 50ms/99.8%, 100ms/99.9%
[97.433s][info][gc,marking  ] GC(390) Mark: 8 stripe(s), 2 proactive flush(es), 1 terminate flush(es), 0 completion(s), 0 continuation(s) 
[97.433s][info][gc,marking  ] GC(390) Mark Stack Usage: 32M
[97.433s][info][gc,nmethod  ] GC(390) NMethods: 6645 registered, 4536 unregistered
[97.433s][info][gc,metaspace] GC(390) Metaspace: 65M used, 66M committed, 1088M reserved
[97.433s][info][gc,ref      ] GC(390) Soft: 3209 encountered, 0 discovered, 0 enqueued
[97.433s][info][gc,ref      ] GC(390) Weak: 6415 encountered, 458 discovered, 0 enqueued
[97.433s][info][gc,ref      ] GC(390) Final: 62 encountered, 0 discovered, 0 enqueued
[97.433s][info][gc,ref      ] GC(390) Phantom: 621 encountered, 433 discovered, 0 enqueued
[97.433s][info][gc,reloc    ] GC(390) Small Pages: 318 / 636M, Empty: 0M, Relocated: 22M, In-Place: 4
[97.433s][info][gc,reloc    ] GC(390) Medium Pages: 1 / 32M, Empty: 0M, Relocated: 0M, In-Place: 0
[97.433s][info][gc,reloc    ] GC(390) Large Pages: 4 / 40M, Empty: 0M, Relocated: 0M, In-Place: 0
[97.433s][info][gc,reloc    ] GC(390) Forwarding Usage: 20M
[97.433s][info][gc,heap     ] GC(390) Min Capacity: 8M(1%)
[97.433s][info][gc,heap     ] GC(390) Max Capacity: 1024M(100%)
[97.433s][info][gc,heap     ] GC(390) Soft Max Capacity: 1024M(100%)
[97.433s][info][gc,heap     ] GC(390)                Mark Start          Mark End        Relocate Start      Relocate End           High               Low         
[97.433s][info][gc,heap     ] GC(390)  Capacity:     1024M (100%)       1024M (100%)       1024M (100%)       1024M (100%)       1024M (100%)       1024M (100%)   
[97.433s][info][gc,heap     ] GC(390)      Free:      316M (31%)          28M (3%)           12M (1%)          314M (31%)         346M (34%)           0M (0%)     
[97.433s][info][gc,heap     ] GC(390)      Used:      708M (69%)         996M (97%)        1012M (99%)         710M (69%)        1024M (100%)        678M (66%)    
[97.433s][info][gc,heap     ] GC(390)      Live:         -               295M (29%)         295M (29%)         295M (29%)            -                  -          
[97.433s][info][gc,heap     ] GC(390) Allocated:         -               288M (28%)         304M (30%)         351M (34%)            -                  -          
[97.433s][info][gc,heap     ] GC(390)   Garbage:         -               412M (40%)         412M (40%)          63M (6%)             -                  -          
[97.433s][info][gc,heap     ] GC(390) Reclaimed:         -                  -                 0M (0%)          349M (34%)            -                  -          
[97.433s][info][gc          ] GC(390) Garbage Collection (Allocation Rate) 708M(69%)->710M(69%)
[97.515s][info][gc,start    ] GC(391) Garbage Collection (Allocation Rate)
[97.515s][info][gc,task     ] GC(391) Using 10 workers
[97.515s][info][gc,phases   ] GC(391) Pause Mark Start 0.016ms
[97.693s][info][gc,phases   ] GC(391) Concurrent Mark 178.285ms
[97.693s][info][gc,phases   ] GC(391) Pause Mark End 0.041ms
[97.694s][info][gc,phases   ] GC(391) Concurrent Mark Free 0.001ms
[97.696s][info][gc,phases   ] GC(391) Concurrent Process Non-Strong References 2.192ms
[97.696s][info][gc,phases   ] GC(391) Concurrent Reset Relocation Set 0.038ms
[97.718s][info][gc,phases   ] GC(391) Concurrent Select Relocation Set 22.111ms
[97.718s][info][gc,phases   ] GC(391) Pause Relocate Start 0.010ms
[97.741s][info][gc,phases   ] GC(391) Concurrent Relocate 22.827ms
[97.741s][info][gc,load     ] GC(391) Load: 0.00/0.00/0.00
[97.741s][info][gc,mmu      ] GC(391) MMU: 2ms/96.1%, 5ms/98.4%, 10ms/99.2%, 20ms/99.6%, 50ms/99.8%, 100ms/99.9%
[97.741s][info][gc,marking  ] GC(391) Mark: 8 stripe(s), 10 proactive flush(es), 2 terminate flush(es), 0 completion(s), 0 continuation(s) 
[97.741s][info][gc,marking  ] GC(391) Mark Stack Usage: 32M
[97.741s][info][gc,nmethod  ] GC(391) NMethods: 6645 registered, 4536 unregistered
[97.741s][info][gc,metaspace] GC(391) Metaspace: 65M used, 66M committed, 1088M reserved
[97.741s][info][gc,ref      ] GC(391) Soft: 3209 encountered, 0 discovered, 0 enqueued
[97.741s][info][gc,ref      ] GC(391) Weak: 6415 encountered, 1460 discovered, 0 enqueued
[97.741s][info][gc,ref      ] GC(391) Final: 62 encountered, 15 discovered, 0 enqueued
[97.741s][info][gc,ref      ] GC(391) Phantom: 618 encountered, 586 discovered, 0 enqueued
[97.741s][info][gc,reloc    ] GC(391) Small Pages: 340 / 680M, Empty: 0M, Relocated: 22M, In-Place: 0
[97.741s][info][gc,reloc    ] GC(391) Medium Pages: 2 / 64M, Empty: 0M, Relocated: 12M, In-Place: 0
[97.741s][info][gc,reloc    ] GC(391) Large Pages: 4 / 40M, Empty: 0M, Relocated: 0M, In-Place: 0
[97.741s][info][gc,reloc    ] GC(391) Forwarding Usage: 20M
[97.741s][info][gc,heap     ] GC(391) Min Capacity: 8M(1%)
[97.741s][info][gc,heap     ] GC(391) Max Capacity: 1024M(100%)
[97.741s][info][gc,heap     ] GC(391) Soft Max Capacity: 1024M(100%)
[97.741s][info][gc,heap     ] GC(391)                Mark Start          Mark End        Relocate Start      Relocate End           High               Low         
[97.742s][info][gc,heap     ] GC(391)  Capacity:     1024M (100%)       1024M (100%)       1024M (100%)       1024M (100%)       1024M (100%)       1024M (100%)   
[97.742s][info][gc,heap     ] GC(391)      Free:      240M (23%)         124M (12%)         124M (12%)         536M (52%)         536M (52%)          76M (7%)     
[97.742s][info][gc,heap     ] GC(391)      Used:      784M (77%)         900M (88%)         900M (88%)         488M (48%)         948M (93%)         488M (48%)    
[97.742s][info][gc,heap     ] GC(391)      Live:         -               304M (30%)         304M (30%)         304M (30%)            -                  -          
[97.742s][info][gc,heap     ] GC(391) Allocated:         -               116M (11%)         116M (11%)         114M (11%)            -                  -          
[97.742s][info][gc,heap     ] GC(391)   Garbage:         -               479M (47%)         479M (47%)          68M (7%)             -                  -          
[97.742s][info][gc,heap     ] GC(391) Reclaimed:         -                  -                 0M (0%)          410M (40%)            -                  -          
[97.742s][info][gc          ] GC(391) Garbage Collection (Allocation Rate) 784M(77%)->488M(48%)
[97.818s][info][gc,start    ] GC(392) Garbage Collection (Allocation Rate)
[97.818s][info][gc,task     ] GC(392) Using 10 workers
[97.819s][info][gc,phases   ] GC(392) Pause Mark Start 0.013ms
[98.006s][info][gc,phases   ] GC(392) Concurrent Mark 187.043ms
[98.006s][info][gc,phases   ] GC(392) Pause Mark End 0.021ms
[98.006s][info][gc,phases   ] GC(392) Concurrent Mark Free 0.001ms
[98.008s][info][gc,phases   ] GC(392) Concurrent Process Non-Strong References 2.271ms
[98.008s][info][gc,phases   ] GC(392) Concurrent Reset Relocation Set 0.046ms
[98.013s][info][gc,phases   ] GC(392) Concurrent Select Relocation Set 4.337ms
[98.013s][info][gc,phases   ] GC(392) Pause Relocate Start 0.008ms
[98.023s][info][gc,phases   ] GC(392) Concurrent Relocate 10.289ms
[98.023s][info][gc,load     ] GC(392) Load: 0.00/0.00/0.00
[98.023s][info][gc,mmu      ] GC(392) MMU: 2ms/96.1%, 5ms/98.4%, 10ms/99.2%, 20ms/99.6%, 50ms/99.8%, 100ms/99.9%
[98.023s][info][gc,marking  ] GC(392) Mark: 8 stripe(s), 2 proactive flush(es), 1 terminate flush(es), 0 completion(s), 0 continuation(s) 
[98.023s][info][gc,marking  ] GC(392) Mark Stack Usage: 32M
[98.023s][info][gc,nmethod  ] GC(392) NMethods: 6645 registered, 4536 unregistered
[98.023s][info][gc,metaspace] GC(392) Metaspace: 65M used, 66M committed, 1088M reserved
[98.023s][info][gc,ref      ] GC(392) Soft: 3209 encountered, 0 discovered, 0 enqueued
[98.023s][info][gc,ref      ] GC(392) Weak: 6415 encountered, 1638 discovered, 0 enqueued
[98.023s][info][gc,ref      ] GC(392) Final: 62 encountered, 11 discovered, 0 enqueued
[98.023s][info][gc,ref      ] GC(392) Phantom: 617 encountered, 524 discovered, 0 enqueued
[98.023s][info][gc,reloc    ] GC(392) Small Pages: 192 / 384M, Empty: 0M, Relocated: 10M, In-Place: 0
[98.023s][info][gc,reloc    ] GC(392) Medium Pages: 2 / 64M, Empty: 0M, Relocated: 16M, In-Place: 0
[98.023s][info][gc,reloc    ] GC(392) Large Pages: 4 / 40M, Empty: 0M, Relocated: 0M, In-Place: 0
[98.023s][info][gc,reloc    ] GC(392) Forwarding Usage: 8M
[98.023s][info][gc,heap     ] GC(392) Min Capacity: 8M(1%)
[98.023s][info][gc,heap     ] GC(392) Max Capacity: 1024M(100%)
[98.023s][info][gc,heap     ] GC(392) Soft Max Capacity: 1024M(100%)
[98.024s][info][gc,heap     ] GC(392)                Mark Start          Mark End        Relocate Start      Relocate End           High               Low         
[98.024s][info][gc,heap     ] GC(392)  Capacity:     1024M (100%)       1024M (100%)       1024M (100%)       1024M (100%)       1024M (100%)       1024M (100%)   
[98.024s][info][gc,heap     ] GC(392)      Free:      536M (52%)         490M (48%)         488M (48%)         606M (59%)         606M (59%)         440M (43%)    
[98.024s][info][gc,heap     ] GC(392)      Used:      488M (48%)         534M (52%)         536M (52%)         418M (41%)         584M (57%)         418M (41%)    
[98.024s][info][gc,heap     ] GC(392)      Live:         -               310M (30%)         310M (30%)         310M (30%)            -                  -          
[98.024s][info][gc,heap     ] GC(392) Allocated:         -                46M (4%)           48M (5%)           47M (5%)             -                  -          
[98.024s][info][gc,heap     ] GC(392)   Garbage:         -               177M (17%)         177M (17%)          59M (6%)             -                  -          
[98.024s][info][gc,heap     ] GC(392) Reclaimed:         -                  -                 0M (0%)          117M (12%)            -                  -          
[98.024s][info][gc          ] GC(392) Garbage Collection (Allocation Rate) 488M(48%)->418M(41%)
[98.109s][info][gc,start    ] GC(393) Garbage Collection (Allocation Rate)
[98.109s][info][gc,task     ] GC(393) Using 10 workers
[98.109s][info][gc,phases   ] GC(393) Pause Mark Start 0.014ms
[98.232s][info][gc,phases   ] GC(393) Concurrent Mark 122.314ms
[98.232s][info][gc,phases   ] GC(393) Pause Mark End 0.021ms
[98.232s][info][gc,phases   ] GC(393) Concurrent Mark Free 0.001ms
[98.234s][info][gc,phases   ] GC(393) Concurrent Process Non-Strong References 1.950ms
[98.234s][info][gc,phases   ] GC(393) Concurrent Reset Relocation Set 0.009ms
[98.255s][info][gc,phases   ] GC(393) Concurrent Select Relocation Set 20.948ms
[98.255s][info][gc,phases   ] GC(393) Pause Relocate Start 0.013ms
[98.279s][info][gc,phases   ] GC(393) Concurrent Relocate 24.341ms
[98.279s][info][gc,load     ] GC(393) Load: 0.00/0.00/0.00
[98.279s][info][gc,mmu      ] GC(393) MMU: 2ms/96.1%, 5ms/98.4%, 10ms/99.2%, 20ms/99.6%, 50ms/99.8%, 100ms/99.9%
[98.280s][info][gc,marking  ] GC(393) Mark: 8 stripe(s), 2 proactive flush(es), 1 terminate flush(es), 0 completion(s), 0 continuation(s) 
[98.280s][info][gc,marking  ] GC(393) Mark Stack Usage: 32M
[98.280s][info][gc,nmethod  ] GC(393) NMethods: 6648 registered, 4536 unregistered
[98.280s][info][gc,metaspace] GC(393) Metaspace: 65M used, 66M committed, 1088M reserved
[98.280s][info][gc,ref      ] GC(393) Soft: 3208 encountered, 0 discovered, 0 enqueued
[98.280s][info][gc,ref      ] GC(393) Weak: 6490 encountered, 1327 discovered, 3 enqueued
[98.280s][info][gc,ref      ] GC(393) Final: 62 encountered, 3 discovered, 0 enqueued
[98.280s][info][gc,ref      ] GC(393) Phantom: 617 encountered, 443 discovered, 0 enqueued
[98.280s][info][gc,reloc    ] GC(393) Small Pages: 165 / 330M, Empty: 20M, Relocated: 48M, In-Place: 0
[98.280s][info][gc,reloc    ] GC(393) Medium Pages: 2 / 64M, Empty: 0M, Relocated: 15M, In-Place: 0
[98.280s][info][gc,reloc    ] GC(393) Large Pages: 4 / 40M, Empty: 20M, Relocated: 0M, In-Place: 0
[98.280s][info][gc,reloc    ] GC(393) Forwarding Usage: 42M
[98.280s][info][gc,heap     ] GC(393) Min Capacity: 8M(1%)
[98.280s][info][gc,heap     ] GC(393) Max Capacity: 1024M(100%)
[98.280s][info][gc,heap     ] GC(393) Soft Max Capacity: 1024M(100%)
[98.280s][info][gc,heap     ] GC(393)                Mark Start          Mark End        Relocate Start      Relocate End           High               Low         
[98.280s][info][gc,heap     ] GC(393)  Capacity:     1024M (100%)       1024M (100%)       1024M (100%)       1024M (100%)       1024M (100%)       1024M (100%)   
[98.280s][info][gc,heap     ] GC(393)      Free:      590M (58%)         574M (56%)         610M (60%)         724M (71%)         724M (71%)         562M (55%)    
[98.280s][info][gc,heap     ] GC(393)      Used:      434M (42%)         450M (44%)         414M (40%)         300M (29%)         462M (45%)         300M (29%)    
[98.280s][info][gc,heap     ] GC(393)      Live:         -               240M (24%)         240M (24%)         240M (24%)            -                  -          
[98.280s][info][gc,heap     ] GC(393) Allocated:         -                16M (2%)           20M (2%)           22M (2%)             -                  -          
[98.280s][info][gc,heap     ] GC(393)   Garbage:         -               193M (19%)         153M (15%)          36M (4%)             -                  -          
[98.280s][info][gc,heap     ] GC(393) Reclaimed:         -                  -                40M (4%)          156M (15%)            -                  -          
[98.280s][info][gc          ] GC(393) Garbage Collection (Allocation Rate) 434M(42%)->300M(29%)
[98.310s][info][gc,start    ] GC(394) Garbage Collection (Allocation Rate)
[98.310s][info][gc,task     ] GC(394) Using 10 workers
[98.310s][info][gc,phases   ] GC(394) Pause Mark Start 0.014ms
[98.464s][info][gc,phases   ] GC(394) Concurrent Mark 153.702ms
[98.464s][info][gc,phases   ] GC(394) Pause Mark End 0.047ms
[98.464s][info][gc,phases   ] GC(394) Concurrent Mark Free 0.001ms
[98.467s][info][gc,phases   ] GC(394) Concurrent Process Non-Strong References 2.492ms
[98.467s][info][gc,phases   ] GC(394) Concurrent Reset Relocation Set 0.024ms
[98.475s][info][gc,phases   ] GC(394) Concurrent Select Relocation Set 8.847ms
[98.476s][info][gc,phases   ] GC(394) Pause Relocate Start 0.008ms
[98.482s][info][gc,phases   ] GC(394) Concurrent Relocate 6.765ms
[98.483s][info][gc,load     ] GC(394) Load: 0.00/0.00/0.00
[98.483s][info][gc,mmu      ] GC(394) MMU: 2ms/96.1%, 5ms/98.4%, 10ms/99.2%, 20ms/99.6%, 50ms/99.8%, 100ms/99.9%
[98.483s][info][gc,marking  ] GC(394) Mark: 8 stripe(s), 2 proactive flush(es), 1 terminate flush(es), 0 completion(s), 0 continuation(s) 
[98.483s][info][gc,marking  ] GC(394) Mark Stack Usage: 32M
[98.483s][info][gc,nmethod  ] GC(394) NMethods: 6673 registered, 4537 unregistered
[98.483s][info][gc,metaspace] GC(394) Metaspace: 65M used, 66M committed, 1088M reserved
[98.483s][info][gc,ref      ] GC(394) Soft: 3207 encountered, 0 discovered, 0 enqueued
[98.483s][info][gc,ref      ] GC(394) Weak: 6551 encountered, 1740 discovered, 0 enqueued
[98.483s][info][gc,ref      ] GC(394) Final: 62 encountered, 4 discovered, 0 enqueued
[98.483s][info][gc,ref      ] GC(394) Phantom: 619 encountered, 607 discovered, 0 enqueued
[98.483s][info][gc,reloc    ] GC(394) Small Pages: 125 / 250M, Empty: 8M, Relocated: 6M, In-Place: 0
[98.483s][info][gc,reloc    ] GC(394) Medium Pages: 1 / 32M, Empty: 0M, Relocated: 0M, In-Place: 0
[98.483s][info][gc,reloc    ] GC(394) Large Pages: 2 / 20M, Empty: 0M, Relocated: 0M, In-Place: 0
[98.483s][info][gc,reloc    ] GC(394) Forwarding Usage: 5M
[98.483s][info][gc,heap     ] GC(394) Min Capacity: 8M(1%)
[98.483s][info][gc,heap     ] GC(394) Max Capacity: 1024M(100%)
[98.483s][info][gc,heap     ] GC(394) Soft Max Capacity: 1024M(100%)
[98.483s][info][gc,heap     ] GC(394)                Mark Start          Mark End        Relocate Start      Relocate End           High               Low         
[98.483s][info][gc,heap     ] GC(394)  Capacity:     1024M (100%)       1024M (100%)       1024M (100%)       1024M (100%)       1024M (100%)       1024M (100%)   
[98.483s][info][gc,heap     ] GC(394)      Free:      722M (71%)         596M (58%)         598M (58%)         598M (58%)         722M (71%)         578M (56%)    
[98.483s][info][gc,heap     ] GC(394)      Used:      302M (29%)         428M (42%)         426M (42%)         426M (42%)         446M (44%)         302M (29%)    
[98.483s][info][gc,heap     ] GC(394)      Live:         -               235M (23%)         235M (23%)         235M (23%)            -                  -          
[98.483s][info][gc,heap     ] GC(394) Allocated:         -               126M (12%)         132M (13%)         141M (14%)            -                  -          
[98.483s][info][gc,heap     ] GC(394)   Garbage:         -                66M (6%)           58M (6%)           48M (5%)             -                  -          
[98.483s][info][gc,heap     ] GC(394) Reclaimed:         -                  -                 8M (1%)           17M (2%)             -                  -          
[98.483s][info][gc          ] GC(394) Garbage Collection (Allocation Rate) 302M(29%)->426M(42%)
[98.511s][info][gc,start    ] GC(395) Garbage Collection (Allocation Rate)
[98.511s][info][gc,task     ] GC(395) Using 10 workers
[98.511s][info][gc,phases   ] GC(395) Pause Mark Start 0.013ms
[98.604s][info][gc,phases   ] GC(395) Concurrent Mark 93.453ms
[98.605s][info][gc,phases   ] GC(395) Pause Mark End 0.038ms
[98.605s][info][gc,phases   ] GC(395) Concurrent Mark Free 0.001ms
[98.607s][info][gc,phases   ] GC(395) Concurrent Process Non-Strong References 2.032ms
[98.607s][info][gc,phases   ] GC(395) Concurrent Reset Relocation Set 0.003ms
[98.617s][info][gc,phases   ] GC(395) Concurrent Select Relocation Set 10.424ms
[98.617s][info][gc,phases   ] GC(395) Pause Relocate Start 0.008ms
[98.629s][info][gc,phases   ] GC(395) Concurrent Relocate 11.927ms
[98.629s][info][gc,load     ] GC(395) Load: 0.00/0.00/0.00
[98.629s][info][gc,mmu      ] GC(395) MMU: 2ms/96.1%, 5ms/98.4%, 10ms/99.2%, 20ms/99.6%, 50ms/99.8%, 100ms/99.9%
[98.629s][info][gc,marking  ] GC(395) Mark: 8 stripe(s), 10 proactive flush(es), 2 terminate flush(es), 0 completion(s), 0 continuation(s) 
[98.629s][info][gc,marking  ] GC(395) Mark Stack Usage: 32M
[98.629s][info][gc,nmethod  ] GC(395) NMethods: 6670 registered, 4542 unregistered
[98.629s][info][gc,metaspace] GC(395) Metaspace: 65M used, 66M committed, 1088M reserved
[98.629s][info][gc,ref      ] GC(395) Soft: 3209 encountered, 0 discovered, 0 enqueued
[98.629s][info][gc,ref      ] GC(395) Weak: 6631 encountered, 2085 discovered, 86 enqueued
[98.629s][info][gc,ref      ] GC(395) Final: 62 encountered, 2 discovered, 0 enqueued
[98.629s][info][gc,ref      ] GC(395) Phantom: 619 encountered, 608 discovered, 0 enqueued
[98.629s][info][gc,reloc    ] GC(395) Small Pages: 176 / 352M, Empty: 26M, Relocated: 18M, In-Place: 0
[98.629s][info][gc,reloc    ] GC(395) Medium Pages: 2 / 64M, Empty: 0M, Relocated: 14M, In-Place: 0
[98.630s][info][gc,reloc    ] GC(395) Large Pages: 5 / 38M, Empty: 26M, Relocated: 0M, In-Place: 0
[98.630s][info][gc,reloc    ] GC(395) Forwarding Usage: 17M
[98.630s][info][gc,heap     ] GC(395) Min Capacity: 8M(1%)
[98.630s][info][gc,heap     ] GC(395) Max Capacity: 1024M(100%)
[98.630s][info][gc,heap     ] GC(395) Soft Max Capacity: 1024M(100%)
[98.630s][info][gc,heap     ] GC(395)                Mark Start          Mark End        Relocate Start      Relocate End           High               Low         
[98.630s][info][gc,heap     ] GC(395)  Capacity:     1024M (100%)       1024M (100%)       1024M (100%)       1024M (100%)       1024M (100%)       1024M (100%)   
[98.630s][info][gc,heap     ] GC(395)      Free:      570M (56%)         498M (49%)         542M (53%)         704M (69%)         704M (69%)         494M (48%)    
[98.630s][info][gc,heap     ] GC(395)      Used:      454M (44%)         526M (51%)         482M (47%)         320M (31%)         530M (52%)         320M (31%)    
[98.630s][info][gc,heap     ] GC(395)      Live:         -               196M (19%)         196M (19%)         196M (19%)            -                  -          
[98.630s][info][gc,heap     ] GC(395) Allocated:         -                72M (7%)           80M (8%)           85M (8%)             -                  -          
[98.630s][info][gc,heap     ] GC(395)   Garbage:         -               257M (25%)         205M (20%)          37M (4%)             -                  -          
[98.630s][info][gc,heap     ] GC(395) Reclaimed:         -                  -                52M (5%)          219M (21%)            -                  -          
[98.630s][info][gc          ] GC(395) Garbage Collection (Allocation Rate) 454M(44%)->320M(31%)
[98.714s][info][gc,start    ] GC(396) Garbage Collection (Allocation Rate)
[98.714s][info][gc,task     ] GC(396) Using 10 workers
[98.714s][info][gc,phases   ] GC(396) Pause Mark Start 0.009ms
[98.816s][info][gc,phases   ] GC(396) Concurrent Mark 102.378ms
[98.817s][info][gc,phases   ] GC(396) Pause Mark End 0.022ms
[98.817s][info][gc,phases   ] GC(396) Concurrent Mark Free 0.001ms
[98.819s][info][gc,phases   ] GC(396) Concurrent Process Non-Strong References 2.123ms
[98.819s][info][gc,phases   ] GC(396) Concurrent Reset Relocation Set 0.010ms
[98.837s][info][gc,phases   ] GC(396) Concurrent Select Relocation Set 17.735ms
[98.837s][info][gc,phases   ] GC(396) Pause Relocate Start 0.009ms
[98.857s][info][gc,phases   ] GC(396) Concurrent Relocate 20.023ms
[98.857s][info][gc,load     ] GC(396) Load: 0.00/0.00/0.00
[98.857s][info][gc,mmu      ] GC(396) MMU: 2ms/96.1%, 5ms/98.4%, 10ms/99.2%, 20ms/99.6%, 50ms/99.8%, 100ms/99.9%
[98.857s][info][gc,marking  ] GC(396) Mark: 8 stripe(s), 2 proactive flush(es), 1 terminate flush(es), 0 completion(s), 0 continuation(s) 
[98.857s][info][gc,marking  ] GC(396) Mark Stack Usage: 32M
[98.857s][info][gc,nmethod  ] GC(396) NMethods: 6670 registered, 4544 unregistered
[98.857s][info][gc,metaspace] GC(396) Metaspace: 65M used, 66M committed, 1088M reserved
[98.857s][info][gc,ref      ] GC(396) Soft: 3213 encountered, 0 discovered, 0 enqueued
[98.857s][info][gc,ref      ] GC(396) Weak: 6546 encountered, 1478 discovered, 78 enqueued
[98.857s][info][gc,ref      ] GC(396) Final: 62 encountered, 2 discovered, 0 enqueued
[98.857s][info][gc,ref      ] GC(396) Phantom: 617 encountered, 548 discovered, 0 enqueued
[98.857s][info][gc,reloc    ] GC(396) Small Pages: 185 / 370M, Empty: 0M, Relocated: 29M, In-Place: 0
[98.857s][info][gc,reloc    ] GC(396) Medium Pages: 2 / 64M, Empty: 0M, Relocated: 11M, In-Place: 0
[98.857s][info][gc,reloc    ] GC(396) Large Pages: 4 / 24M, Empty: 0M, Relocated: 0M, In-Place: 0
[98.857s][info][gc,reloc    ] GC(396) Forwarding Usage: 27M
[98.857s][info][gc,heap     ] GC(396) Min Capacity: 8M(1%)
[98.857s][info][gc,heap     ] GC(396) Max Capacity: 1024M(100%)
[98.857s][info][gc,heap     ] GC(396) Soft Max Capacity: 1024M(100%)
[98.857s][info][gc,heap     ] GC(396)                Mark Start          Mark End        Relocate Start      Relocate End           High               Low         
[98.857s][info][gc,heap     ] GC(396)  Capacity:     1024M (100%)       1024M (100%)       1024M (100%)       1024M (100%)       1024M (100%)       1024M (100%)   
[98.857s][info][gc,heap     ] GC(396)      Free:      566M (55%)         346M (34%)         334M (33%)         524M (51%)         566M (55%)         286M (28%)    
[98.857s][info][gc,heap     ] GC(396)      Used:      458M (45%)         678M (66%)         690M (67%)         500M (49%)         738M (72%)         458M (45%)    
[98.857s][info][gc,heap     ] GC(396)      Live:         -               220M (22%)         220M (22%)         220M (22%)            -                  -          
[98.857s][info][gc,heap     ] GC(396) Allocated:         -               220M (21%)         232M (23%)         237M (23%)            -                  -          
[98.857s][info][gc,heap     ] GC(396)   Garbage:         -               237M (23%)         237M (23%)          42M (4%)             -                  -          
[98.857s][info][gc,heap     ] GC(396) Reclaimed:         -                  -                 0M (0%)          195M (19%)            -                  -          
[98.857s][info][gc          ] GC(396) Garbage Collection (Allocation Rate) 458M(45%)->500M(49%)
[98.910s][info][gc,start    ] GC(397) Garbage Collection (Allocation Rate)
[98.910s][info][gc,task     ] GC(397) Using 10 workers
[98.910s][info][gc,phases   ] GC(397) Pause Mark Start 0.015ms
[99.051s][info][gc,phases   ] GC(397) Concurrent Mark 140.183ms
[99.051s][info][gc,phases   ] GC(397) Pause Mark End 0.034ms
[99.051s][info][gc,phases   ] GC(397) Concurrent Mark Free 0.001ms
[99.053s][info][gc,phases   ] GC(397) Concurrent Process Non-Strong References 2.474ms
[99.054s][info][gc,phases   ] GC(397) Concurrent Reset Relocation Set 0.025ms
[99.081s][info][gc,phases   ] GC(397) Concurrent Select Relocation Set 27.293ms
[99.081s][info][gc,phases   ] GC(397) Pause Relocate Start 0.008ms
[99.106s][info][gc,phases   ] GC(397) Concurrent Relocate 24.829ms
[99.106s][info][gc,load     ] GC(397) Load: 0.00/0.00/0.00
[99.106s][info][gc,mmu      ] GC(397) MMU: 2ms/96.1%, 5ms/98.4%, 10ms/99.2%, 20ms/99.6%, 50ms/99.8%, 100ms/99.9%
[99.106s][info][gc,marking  ] GC(397) Mark: 8 stripe(s), 2 proactive flush(es), 1 terminate flush(es), 0 completion(s), 0 continuation(s) 
[99.106s][info][gc,marking  ] GC(397) Mark Stack Usage: 32M
[99.106s][info][gc,nmethod  ] GC(397) NMethods: 6669 registered, 4545 unregistered
[99.106s][info][gc,metaspace] GC(397) Metaspace: 65M used, 66M committed, 1088M reserved
[99.106s][info][gc,ref      ] GC(397) Soft: 3213 encountered, 0 discovered, 0 enqueued
[99.106s][info][gc,ref      ] GC(397) Weak: 6468 encountered, 2299 discovered, 0 enqueued
[99.106s][info][gc,ref      ] GC(397) Final: 62 encountered, 12 discovered, 0 enqueued
[99.106s][info][gc,ref      ] GC(397) Phantom: 621 encountered, 511 discovered, 0 enqueued
[99.106s][info][gc,reloc    ] GC(397) Small Pages: 204 / 408M, Empty: 2M, Relocated: 66M, In-Place: 0
[99.106s][info][gc,reloc    ] GC(397) Medium Pages: 2 / 64M, Empty: 32M, Relocated: 0M, In-Place: 0
[99.106s][info][gc,reloc    ] GC(397) Large Pages: 8 / 48M, Empty: 0M, Relocated: 0M, In-Place: 0
[99.106s][info][gc,reloc    ] GC(397) Forwarding Usage: 37M
[99.106s][info][gc,heap     ] GC(397) Min Capacity: 8M(1%)
[99.106s][info][gc,heap     ] GC(397) Max Capacity: 1024M(100%)
[99.106s][info][gc,heap     ] GC(397) Soft Max Capacity: 1024M(100%)
[99.107s][info][gc,heap     ] GC(397)                Mark Start          Mark End        Relocate Start      Relocate End           High               Low         
[99.107s][info][gc,heap     ] GC(397)  Capacity:     1024M (100%)       1024M (100%)       1024M (100%)       1024M (100%)       1024M (100%)       1024M (100%)   
[99.107s][info][gc,heap     ] GC(397)      Free:      504M (49%)         344M (34%)         304M (30%)         406M (40%)         504M (49%)         288M (28%)    
[99.107s][info][gc,heap     ] GC(397)      Used:      520M (51%)         680M (66%)         720M (70%)         618M (60%)         736M (72%)         520M (51%)    
[99.107s][info][gc,heap     ] GC(397)      Live:         -               303M (30%)         303M (30%)         303M (30%)            -                  -          
[99.107s][info][gc,heap     ] GC(397) Allocated:         -               160M (16%)         234M (23%)         271M (26%)            -                  -          
[99.107s][info][gc,heap     ] GC(397)   Garbage:         -               216M (21%)         182M (18%)          43M (4%)             -                  -          
[99.107s][info][gc,heap     ] GC(397) Reclaimed:         -                  -                34M (3%)          173M (17%)            -                  -          
[99.107s][info][gc          ] GC(397) Garbage Collection (Allocation Rate) 520M(51%)->618M(60%)
[99.113s][info][gc,start    ] GC(398) Garbage Collection (Allocation Rate)
[99.113s][info][gc,task     ] GC(398) Using 10 workers
[99.113s][info][gc,phases   ] GC(398) Pause Mark Start 0.009ms
[99.238s][info][gc,phases   ] GC(398) Concurrent Mark 124.725ms
[99.238s][info][gc,phases   ] GC(398) Pause Mark End 0.016ms
[99.238s][info][gc,phases   ] GC(398) Concurrent Mark Free 0.001ms
[99.240s][info][gc,phases   ] GC(398) Concurrent Process Non-Strong References 2.031ms
[99.240s][info][gc,phases   ] GC(398) Concurrent Reset Relocation Set 0.022ms
[99.245s][info][gc,phases   ] GC(398) Concurrent Select Relocation Set 4.856ms
[99.245s][info][gc,phases   ] GC(398) Pause Relocate Start 0.010ms
[99.261s][info][gc,phases   ] GC(398) Concurrent Relocate 15.359ms
[99.261s][info][gc,load     ] GC(398) Load: 0.00/0.00/0.00
[99.261s][info][gc,mmu      ] GC(398) MMU: 2ms/96.1%, 5ms/98.4%, 10ms/99.2%, 20ms/99.6%, 50ms/99.8%, 100ms/99.9%
[99.261s][info][gc,marking  ] GC(398) Mark: 8 stripe(s), 2 proactive flush(es), 1 terminate flush(es), 0 completion(s), 0 continuation(s) 
[99.261s][info][gc,marking  ] GC(398) Mark Stack Usage: 32M
[99.261s][info][gc,nmethod  ] GC(398) NMethods: 6676 registered, 4545 unregistered
[99.261s][info][gc,metaspace] GC(398) Metaspace: 65M used, 66M committed, 1088M reserved
[99.261s][info][gc,ref      ] GC(398) Soft: 3213 encountered, 0 discovered, 0 enqueued
[99.261s][info][gc,ref      ] GC(398) Weak: 6466 encountered, 1095 discovered, 0 enqueued
[99.261s][info][gc,ref      ] GC(398) Final: 62 encountered, 1 discovered, 0 enqueued
[99.261s][info][gc,ref      ] GC(398) Phantom: 617 encountered, 288 discovered, 0 enqueued
[99.261s][info][gc,reloc    ] GC(398) Small Pages: 276 / 552M, Empty: 6M, Relocated: 36M, In-Place: 0
[99.261s][info][gc,reloc    ] GC(398) Medium Pages: 1 / 32M, Empty: 0M, Relocated: 0M, In-Place: 0
[99.261s][info][gc,reloc    ] GC(398) Large Pages: 8 / 48M, Empty: 24M, Relocated: 0M, In-Place: 0
[99.261s][info][gc,reloc    ] GC(398) Forwarding Usage: 22M
[99.261s][info][gc,heap     ] GC(398) Min Capacity: 8M(1%)
[99.261s][info][gc,heap     ] GC(398) Max Capacity: 1024M(100%)
[99.261s][info][gc,heap     ] GC(398) Soft Max Capacity: 1024M(100%)
[99.261s][info][gc,heap     ] GC(398)                Mark Start          Mark End        Relocate Start      Relocate End           High               Low         
[99.261s][info][gc,heap     ] GC(398)  Capacity:     1024M (100%)       1024M (100%)       1024M (100%)       1024M (100%)       1024M (100%)       1024M (100%)   
[99.261s][info][gc,heap     ] GC(398)      Free:      392M (38%)          94M (9%)          112M (11%)         370M (36%)         392M (38%)          86M (8%)     
[99.261s][info][gc,heap     ] GC(398)      Used:      632M (62%)         930M (91%)         912M (89%)         654M (64%)         938M (92%)         632M (62%)    
[99.261s][info][gc,heap     ] GC(398)      Live:         -               283M (28%)         283M (28%)         283M (28%)            -                  -          
[99.261s][info][gc,heap     ] GC(398) Allocated:         -               298M (29%)         310M (30%)         323M (32%)            -                  -          
[99.261s][info][gc,heap     ] GC(398)   Garbage:         -               348M (34%)         318M (31%)          46M (5%)             -                  -          
[99.261s][info][gc,heap     ] GC(398) Reclaimed:         -                  -                30M (3%)          301M (29%)            -                  -          
[99.261s][info][gc          ] GC(398) Garbage Collection (Allocation Rate) 632M(62%)->654M(64%)
[99.316s][info][gc,start    ] GC(399) Garbage Collection (Allocation Rate)
[99.316s][info][gc,task     ] GC(399) Using 10 workers
[99.317s][info][gc,phases   ] GC(399) Pause Mark Start 0.015ms
[99.464s][info][gc,phases   ] GC(399) Concurrent Mark 147.147ms
[99.464s][info][gc,phases   ] GC(399) Pause Mark End 0.033ms
[99.464s][info][gc,phases   ] GC(399) Concurrent Mark Free 0.001ms
[99.467s][info][gc,phases   ] GC(399) Concurrent Process Non-Strong References 2.446ms
[99.467s][info][gc,phases   ] GC(399) Concurrent Reset Relocation Set 0.026ms
[99.470s][info][gc,phases   ] GC(399) Concurrent Select Relocation Set 2.962ms
[99.470s][info][gc,phases   ] GC(399) Pause Relocate Start 0.009ms
[99.486s][info][gc,phases   ] GC(399) Concurrent Relocate 16.291ms
[99.486s][info][gc,load     ] GC(399) Load: 0.00/0.00/0.00
[99.486s][info][gc,mmu      ] GC(399) MMU: 2ms/96.1%, 5ms/98.4%, 10ms/99.2%, 20ms/99.6%, 50ms/99.8%, 100ms/99.9%
[99.486s][info][gc,marking  ] GC(399) Mark: 8 stripe(s), 2 proactive flush(es), 1 terminate flush(es), 0 completion(s), 0 continuation(s) 
[99.486s][info][gc,marking  ] GC(399) Mark Stack Usage: 32M
[99.486s][info][gc,nmethod  ] GC(399) NMethods: 6679 registered, 4546 unregistered
[99.486s][info][gc,metaspace] GC(399) Metaspace: 65M used, 66M committed, 1088M reserved
[99.486s][info][gc,ref      ] GC(399) Soft: 3213 encountered, 0 discovered, 0 enqueued
[99.486s][info][gc,ref      ] GC(399) Weak: 6465 encountered, 1171 discovered, 1 enqueued
[99.486s][info][gc,ref      ] GC(399) Final: 62 encountered, 1 discovered, 0 enqueued
[99.486s][info][gc,ref      ] GC(399) Phantom: 621 encountered, 493 discovered, 0 enqueued
[99.486s][info][gc,reloc    ] GC(399) Small Pages: 303 / 606M, Empty: 6M, Relocated: 26M, In-Place: 0
[99.487s][info][gc,reloc    ] GC(399) Medium Pages: 2 / 64M, Empty: 0M, Relocated: 17M, In-Place: 0
[99.487s][info][gc,reloc    ] GC(399) Large Pages: 4 / 24M, Empty: 0M, Relocated: 0M, In-Place: 0
[99.487s][info][gc,reloc    ] GC(399) Forwarding Usage: 20M
[99.487s][info][gc,heap     ] GC(399) Min Capacity: 8M(1%)
[99.487s][info][gc,heap     ] GC(399) Max Capacity: 1024M(100%)
[99.487s][info][gc,heap     ] GC(399) Soft Max Capacity: 1024M(100%)
[99.487s][info][gc,heap     ] GC(399)                Mark Start          Mark End        Relocate Start      Relocate End           High               Low         
[99.487s][info][gc,heap     ] GC(399)  Capacity:     1024M (100%)       1024M (100%)       1024M (100%)       1024M (100%)       1024M (100%)       1024M (100%)   
[99.487s][info][gc,heap     ] GC(399)      Free:      330M (32%)         274M (27%)         278M (27%)         614M (60%)         614M (60%)         232M (23%)    
[99.487s][info][gc,heap     ] GC(399)      Used:      694M (68%)         750M (73%)         746M (73%)         410M (40%)         792M (77%)         410M (40%)    
[99.487s][info][gc,heap     ] GC(399)      Live:         -               308M (30%)         308M (30%)         308M (30%)            -                  -          
[99.487s][info][gc,heap     ] GC(399) Allocated:         -                56M (5%)           58M (6%)           61M (6%)             -                  -          
[99.487s][info][gc,heap     ] GC(399)   Garbage:         -               385M (38%)         379M (37%)          39M (4%)             -                  -          
[99.487s][info][gc,heap     ] GC(399) Reclaimed:         -                  -                 6M (1%)          345M (34%)            -                  -          
[99.487s][info][gc          ] GC(399) Garbage Collection (Allocation Rate) 694M(68%)->410M(40%)
[99.511s][info][gc,start    ] GC(400) Garbage Collection (Allocation Rate)
[99.511s][info][gc,task     ] GC(400) Using 10 workers
[99.511s][info][gc,phases   ] GC(400) Pause Mark Start 0.013ms
[99.651s][info][gc,phases   ] GC(400) Concurrent Mark 140.279ms
[99.651s][info][gc,phases   ] GC(400) Pause Mark End 0.047ms
[99.652s][info][gc,phases   ] GC(400) Concurrent Mark Free 0.002ms
[99.654s][info][gc,phases   ] GC(400) Concurrent Process Non-Strong References 2.242ms
[99.654s][info][gc,phases   ] GC(400) Concurrent Reset Relocation Set 0.020ms
[99.658s][info][gc,phases   ] GC(400) Concurrent Select Relocation Set 3.918ms
[99.658s][info][gc,phases   ] GC(400) Pause Relocate Start 0.008ms
[99.661s][info][gc,phases   ] GC(400) Concurrent Relocate 2.584ms
[99.661s][info][gc,load     ] GC(400) Load: 0.00/0.00/0.00
[99.661s][info][gc,mmu      ] GC(400) MMU: 2ms/96.1%, 5ms/98.4%, 10ms/99.2%, 20ms/99.6%, 50ms/99.8%, 100ms/99.9%
[99.661s][info][gc,marking  ] GC(400) Mark: 8 stripe(s), 2 proactive flush(es), 1 terminate flush(es), 0 completion(s), 0 continuation(s) 
[99.661s][info][gc,marking  ] GC(400) Mark Stack Usage: 32M
[99.661s][info][gc,nmethod  ] GC(400) NMethods: 6679 registered, 4546 unregistered
[99.661s][info][gc,metaspace] GC(400) Metaspace: 65M used, 66M committed, 1088M reserved
[99.661s][info][gc,ref      ] GC(400) Soft: 3213 encountered, 0 discovered, 0 enqueued
[99.661s][info][gc,ref      ] GC(400) Weak: 6461 encountered, 881 discovered, 0 enqueued
[99.661s][info][gc,ref      ] GC(400) Final: 62 encountered, 0 discovered, 0 enqueued
[99.661s][info][gc,ref      ] GC(400) Phantom: 621 encountered, 335 discovered, 0 enqueued
[99.661s][info][gc,reloc    ] GC(400) Small Pages: 181 / 362M, Empty: 30M, Relocated: 5M, In-Place: 0
[99.661s][info][gc,reloc    ] GC(400) Medium Pages: 1 / 32M, Empty: 0M, Relocated: 0M, In-Place: 0
[99.661s][info][gc,reloc    ] GC(400) Large Pages: 4 / 24M, Empty: 0M, Relocated: 0M, In-Place: 0
[99.661s][info][gc,reloc    ] GC(400) Forwarding Usage: 2M
[99.661s][info][gc,heap     ] GC(400) Min Capacity: 8M(1%)
[99.661s][info][gc,heap     ] GC(400) Max Capacity: 1024M(100%)
[99.661s][info][gc,heap     ] GC(400) Soft Max Capacity: 1024M(100%)
[99.661s][info][gc,heap     ] GC(400)                Mark Start          Mark End        Relocate Start      Relocate End           High               Low         
[99.661s][info][gc,heap     ] GC(400)  Capacity:     1024M (100%)       1024M (100%)       1024M (100%)       1024M (100%)       1024M (100%)       1024M (100%)   
[99.661s][info][gc,heap     ] GC(400)      Free:      606M (59%)         556M (54%)         584M (57%)         614M (60%)         614M (60%)         554M (54%)    
[99.661s][info][gc,heap     ] GC(400)      Used:      418M (41%)         468M (46%)         440M (43%)         410M (40%)         470M (46%)         410M (40%)    
[99.661s][info][gc,heap     ] GC(400)      Live:         -               308M (30%)         308M (30%)         308M (30%)            -                  -          
[99.661s][info][gc,heap     ] GC(400) Allocated:         -                50M (5%)           52M (5%)           53M (5%)             -                  -          
[99.661s][info][gc,heap     ] GC(400)   Garbage:         -               109M (11%)          79M (8%)           47M (5%)             -                  -          
[99.661s][info][gc,heap     ] GC(400) Reclaimed:         -                  -                30M (3%)           61M (6%)             -                  -          
[99.661s][info][gc          ] GC(400) Garbage Collection (Allocation Rate) 418M(41%)->410M(40%)
[99.714s][info][gc,start    ] GC(401) Garbage Collection (Allocation Rate)
[99.714s][info][gc,task     ] GC(401) Using 10 workers
[99.714s][info][gc,phases   ] GC(401) Pause Mark Start 0.010ms
[99.839s][info][gc,phases   ] GC(401) Concurrent Mark 124.625ms
[99.839s][info][gc,phases   ] GC(401) Pause Mark End 0.027ms
[99.839s][info][gc,phases   ] GC(401) Concurrent Mark Free 0.001ms
[99.841s][info][gc,phases   ] GC(401) Concurrent Process Non-Strong References 1.996ms
[99.841s][info][gc,phases   ] GC(401) Concurrent Reset Relocation Set 0.002ms
[99.844s][info][gc,phases   ] GC(401) Concurrent Select Relocation Set 2.467ms
[99.844s][info][gc,phases   ] GC(401) Pause Relocate Start 0.008ms
[99.846s][info][gc,phases   ] GC(401) Concurrent Relocate 2.782ms
[99.846s][info][gc,load     ] GC(401) Load: 0.00/0.00/0.00
[99.846s][info][gc,mmu      ] GC(401) MMU: 2ms/96.1%, 5ms/98.4%, 10ms/99.2%, 20ms/99.6%, 50ms/99.8%, 100ms/99.9%
[99.847s][info][gc,marking  ] GC(401) Mark: 8 stripe(s), 2 proactive flush(es), 1 terminate flush(es), 0 completion(s), 0 continuation(s) 
[99.847s][info][gc,marking  ] GC(401) Mark Stack Usage: 32M
[99.847s][info][gc,nmethod  ] GC(401) NMethods: 6679 registered, 4546 unregistered
[99.847s][info][gc,metaspace] GC(401) Metaspace: 65M used, 66M committed, 1088M reserved
[99.847s][info][gc,ref      ] GC(401) Soft: 3213 encountered, 0 discovered, 0 enqueued
[99.847s][info][gc,ref      ] GC(401) Weak: 6459 encountered, 983 discovered, 0 enqueued
[99.847s][info][gc,ref      ] GC(401) Final: 62 encountered, 2 discovered, 0 enqueued
[99.847s][info][gc,ref      ] GC(401) Phantom: 621 encountered, 297 discovered, 0 enqueued
[99.847s][info][gc,reloc    ] GC(401) Small Pages: 187 / 374M, Empty: 36M, Relocated: 5M, In-Place: 0
[99.847s][info][gc,reloc    ] GC(401) Medium Pages: 1 / 32M, Empty: 0M, Relocated: 0M, In-Place: 0
[99.847s][info][gc,reloc    ] GC(401) Large Pages: 4 / 24M, Empty: 0M, Relocated: 0M, In-Place: 0
[99.847s][info][gc,reloc    ] GC(401) Forwarding Usage: 2M
[99.847s][info][gc,heap     ] GC(401) Min Capacity: 8M(1%)
[99.847s][info][gc,heap     ] GC(401) Max Capacity: 1024M(100%)
[99.847s][info][gc,heap     ] GC(401) Soft Max Capacity: 1024M(100%)
[99.847s][info][gc,heap     ] GC(401)                Mark Start          Mark End        Relocate Start      Relocate End           High               Low         
[99.847s][info][gc,heap     ] GC(401)  Capacity:     1024M (100%)       1024M (100%)       1024M (100%)       1024M (100%)       1024M (100%)       1024M (100%)   
[99.847s][info][gc,heap     ] GC(401)      Free:      594M (58%)         510M (50%)         538M (53%)         572M (56%)         594M (58%)         502M (49%)    
[99.847s][info][gc,heap     ] GC(401)      Used:      430M (42%)         514M (50%)         486M (47%)         452M (44%)         522M (51%)         430M (42%)    
[99.847s][info][gc,heap     ] GC(401)      Live:         -               308M (30%)         308M (30%)         308M (30%)            -                  -          
[99.847s][info][gc,heap     ] GC(401) Allocated:         -                84M (8%)           92M (9%)           95M (9%)             -                  -          
[99.847s][info][gc,heap     ] GC(401)   Garbage:         -               121M (12%)          85M (8%)           47M (5%)             -                  -          
[99.847s][info][gc,heap     ] GC(401) Reclaimed:         -                  -                36M (4%)           73M (7%)             -                  -          
[99.847s][info][gc          ] GC(401) Garbage Collection (Allocation Rate) 430M(42%)->452M(44%)
[99.917s][info][gc,start    ] GC(402) Garbage Collection (Allocation Rate)
[99.917s][info][gc,task     ] GC(402) Using 10 workers
[99.917s][info][gc,phases   ] GC(402) Pause Mark Start 0.016ms
[100.013s][info][gc,phases   ] GC(402) Concurrent Mark 96.018ms
[100.013s][info][gc,phases   ] GC(402) Pause Mark End 0.034ms
[100.013s][info][gc,phases   ] GC(402) Concurrent Mark Free 0.001ms
[100.016s][info][gc,phases   ] GC(402) Concurrent Process Non-Strong References 2.087ms
[100.016s][info][gc,phases   ] GC(402) Concurrent Reset Relocation Set 0.004ms
[100.029s][info][gc,phases   ] GC(402) Concurrent Select Relocation Set 13.574ms
[100.029s][info][gc,phases   ] GC(402) Pause Relocate Start 0.009ms
[100.046s][info][gc,phases   ] GC(402) Concurrent Relocate 16.365ms
[100.046s][info][gc,load     ] GC(402) Load: 0.00/0.00/0.00
[100.046s][info][gc,mmu      ] GC(402) MMU: 2ms/96.1%, 5ms/98.4%, 10ms/99.2%, 20ms/99.6%, 50ms/99.8%, 100ms/99.9%
[100.046s][info][gc,marking  ] GC(402) Mark: 8 stripe(s), 2 proactive flush(es), 1 terminate flush(es), 0 completion(s), 0 continuation(s) 
[100.046s][info][gc,marking  ] GC(402) Mark Stack Usage: 32M
[100.046s][info][gc,nmethod  ] GC(402) NMethods: 6680 registered, 4546 unregistered
[100.046s][info][gc,metaspace] GC(402) Metaspace: 65M used, 66M committed, 1088M reserved
[100.046s][info][gc,ref      ] GC(402) Soft: 3213 encountered, 0 discovered, 0 enqueued
[100.046s][info][gc,ref      ] GC(402) Weak: 6459 encountered, 654 discovered, 0 enqueued
[100.046s][info][gc,ref      ] GC(402) Final: 62 encountered, 0 discovered, 0 enqueued
[100.046s][info][gc,ref      ] GC(402) Phantom: 621 encountered, 318 discovered, 0 enqueued
[100.046s][info][gc,reloc    ] GC(402) Small Pages: 253 / 506M, Empty: 74M, Relocated: 25M, In-Place: 0
[100.046s][info][gc,reloc    ] GC(402) Medium Pages: 2 / 64M, Empty: 0M, Relocated: 17M, In-Place: 0
[100.046s][info][gc,reloc    ] GC(402) Large Pages: 5 / 30M, Empty: 24M, Relocated: 0M, In-Place: 0
[100.046s][info][gc,reloc    ] GC(402) Forwarding Usage: 22M
[100.046s][info][gc,heap     ] GC(402) Min Capacity: 8M(1%)
[100.046s][info][gc,heap     ] GC(402) Max Capacity: 1024M(100%)
[100.046s][info][gc,heap     ] GC(402) Soft Max Capacity: 1024M(100%)
[100.046s][info][gc,heap     ] GC(402)                Mark Start          Mark End        Relocate Start      Relocate End           High               Low         
[100.046s][info][gc,heap     ] GC(402)  Capacity:     1024M (100%)       1024M (100%)       1024M (100%)       1024M (100%)       1024M (100%)       1024M (100%)   
[100.046s][info][gc,heap     ] GC(402)      Free:      424M (41%)         246M (24%)         312M (30%)         526M (51%)         526M (51%)         236M (23%)    
[100.046s][info][gc,heap     ] GC(402)      Used:      600M (59%)         778M (76%)         712M (70%)         498M (49%)         788M (77%)         498M (49%)    
[100.046s][info][gc,heap     ] GC(402)      Live:         -               201M (20%)         201M (20%)         201M (20%)            -                  -          
[100.047s][info][gc,heap     ] GC(402) Allocated:         -               178M (17%)         210M (21%)         265M (26%)            -                  -          
[100.047s][info][gc,heap     ] GC(402)   Garbage:         -               398M (39%)         300M (29%)          31M (3%)             -                  -          
[100.047s][info][gc,heap     ] GC(402) Reclaimed:         -                  -                98M (10%)         367M (36%)            -                  -          
[100.047s][info][gc          ] GC(402) Garbage Collection (Allocation Rate) 600M(59%)->498M(49%)
[100.112s][info][gc,start    ] GC(403) Garbage Collection (Allocation Rate)
[100.112s][info][gc,stats    ] === Garbage Collection Statistics =======================================================================================================================
[100.112s][info][gc,task     ] GC(403) Using 10 workers
[100.112s][info][gc,stats    ]                                                              Last 10s              Last 10m              Last 10h                Total
[100.112s][info][gc,stats    ]                                                              Avg / Max             Avg / Max             Avg / Max             Avg / Max
[100.112s][info][gc,stats    ]   Collector: Garbage Collection Cycle                    163.494 / 350.760     157.037 / 1546.086    157.037 / 1546.086    157.037 / 1546.086    ms
[100.112s][info][gc,stats    ]  Contention: Mark Segment Reset Contention                    38 / 64               39 / 443              39 / 443              39 / 443         ops/s
[100.112s][info][gc,phases   ] GC(403) Pause Mark Start 0.015ms
[100.112s][info][gc,stats    ]  Contention: Mark SeqNum Reset Contention                      4 / 7                 3 / 9                 3 / 9                 3 / 9           ops/s
[100.112s][info][gc,stats    ]    Critical: Allocation Stall                                  0 / 4                 0 / 10                0 / 10                0 / 10          ops/s
[100.112s][info][gc,stats    ]    Critical: Allocation Stall                             53.770 / 58.936       55.965 / 105.181      55.965 / 105.181      55.965 / 105.181     ms
[100.112s][info][gc,stats    ]    Critical: GC Locker Stall                                   0 / 0                 0 / 1                 0 / 1                 0 / 1           ops/s
[100.112s][info][gc,stats    ]    Critical: GC Locker Stall                               0.000 / 0.000         0.001 / 0.001         0.001 / 0.001         0.001 / 0.001       ms
[100.112s][info][gc,stats    ]    Critical: Relocation Stall                                  0 / 5                 0 / 7                 0 / 7                 0 / 7           ops/s
[100.112s][info][gc,stats    ]    Critical: Relocation Stall                              3.923 / 10.021        8.998 / 15.155        8.998 / 15.155        8.998 / 15.155      ms
[100.112s][info][gc,stats    ]      Memory: Allocation Rate                                1128 / 1762           1037 / 2754           1037 / 2754           1037 / 2754        MB/s
[100.112s][info][gc,stats    ]      Memory: Defragment                                       15 / 68               13 / 110              13 / 110              13 / 110         ops/s
[100.112s][info][gc,stats    ]      Memory: Out Of Memory                                     0 / 0                 0 / 0                 0 / 0                 0 / 0           ops/s
[100.112s][info][gc,stats    ]      Memory: Page Cache Flush                                 79 / 228              69 / 380              69 / 380              69 / 380         MB/s
[100.113s][info][gc,stats    ]      Memory: Page Cache Hit L1                               559 / 868             512 / 1477            512 / 1477            512 / 1477        ops/s
[100.113s][info][gc,stats    ]      Memory: Page Cache Hit L2                                 0 / 0                 0 / 0                 0 / 0                 0 / 0           ops/s
[100.113s][info][gc,stats    ]      Memory: Page Cache Hit L3                                15 / 57               18 / 226              18 / 226              18 / 226         ops/s
[100.113s][info][gc,stats    ]      Memory: Page Cache Miss                                   2 / 15                2 / 25                2 / 25                2 / 25          ops/s
[100.113s][info][gc,stats    ]      Memory: Uncommit                                          0 / 0                 0 / 0                 0 / 0                 0 / 0           MB/s
[100.113s][info][gc,stats    ]      Memory: Undo Object Allocation Failed                    26 / 212              19 / 399              19 / 399              19 / 399         ops/s
[100.113s][info][gc,stats    ]      Memory: Undo Object Allocation Succeeded                 30 / 204              21 / 339              21 / 339              21 / 339         ops/s
[100.113s][info][gc,stats    ]      Memory: Undo Page Allocation                             31 / 60               26 / 116              26 / 116              26 / 116         ops/s
[100.113s][info][gc,stats    ]       Phase: Concurrent Mark                             127.524 / 187.043     127.023 / 1535.632    127.023 / 1535.632    127.023 / 1535.632    ms
[100.113s][info][gc,stats    ]       Phase: Concurrent Mark Continue                      0.000 / 0.000         0.000 / 0.000         0.000 / 0.000         0.000 / 0.000       ms
[100.113s][info][gc,stats    ]       Phase: Concurrent Mark Free                          0.001 / 0.002         0.001 / 0.002         0.001 / 0.002         0.001 / 0.002       ms
[100.113s][info][gc,stats    ]       Phase: Concurrent Process Non-Strong References      2.956 / 17.417        2.756 / 18.230        2.756 / 18.230        2.756 / 18.230      ms
[100.113s][info][gc,stats    ]       Phase: Concurrent Relocate                          14.917 / 38.480       14.235 / 82.400       14.235 / 82.400       14.235 / 82.400      ms
[100.113s][info][gc,stats    ]       Phase: Concurrent Reset Relocation Set               0.019 / 0.049         0.017 / 0.062         0.017 / 0.062         0.017 / 0.062       ms
[100.113s][info][gc,stats    ]       Phase: Concurrent Select Relocation Set             12.259 / 32.366       10.583 / 43.730       10.583 / 43.730       10.583 / 43.730      ms
[100.113s][info][gc,stats    ]       Phase: Pause Mark End                                0.028 / 0.047         0.025 / 0.064         0.025 / 0.064         0.025 / 0.064       ms
[100.113s][info][gc,stats    ]       Phase: Pause Mark Start                              0.014 / 0.033         0.014 / 0.079         0.014 / 0.079         0.014 / 0.079       ms
[100.113s][info][gc,stats    ]       Phase: Pause Relocate Start                          0.010 / 0.013         0.010 / 0.019         0.010 / 0.019         0.010 / 0.019       ms
[100.113s][info][gc,stats    ]    Subphase: Concurrent Classes Purge                      0.027 / 0.454         0.080 / 6.129         0.080 / 6.129         0.080 / 6.129       ms
[100.113s][info][gc,stats    ]    Subphase: Concurrent Classes Unlink                     2.315 / 16.609        2.066 / 16.835        2.066 / 16.835        2.066 / 16.835      ms
[100.113s][info][gc,stats    ]    Subphase: Concurrent Mark                             119.516 / 178.987     119.285 / 1532.438    119.285 / 1532.438    119.285 / 1532.438    ms
[100.114s][info][gc,stats    ]    Subphase: Concurrent Mark Try Flush                     0.133 / 0.633         0.133 / 8.969         0.133 / 8.969         0.133 / 8.969       ms
[100.114s][info][gc,stats    ]    Subphase: Concurrent Mark Try Terminate                 8.066 / 16.637        8.927 / 17.022        8.927 / 17.022        8.927 / 17.022      ms
[100.114s][info][gc,stats    ]    Subphase: Concurrent References Enqueue                 0.001 / 0.004         0.001 / 0.015         0.001 / 0.015         0.001 / 0.015       ms
[100.114s][info][gc,stats    ]    Subphase: Concurrent References Process                 0.109 / 0.231         0.121 / 0.389         0.121 / 0.389         0.121 / 0.389       ms
[100.114s][info][gc,stats    ]    Subphase: Concurrent Roots ClassLoaderDataGraph         0.104 / 0.757         0.096 / 0.786         0.096 / 0.786         0.096 / 0.786       ms
[100.114s][info][gc,stats    ]    Subphase: Concurrent Roots CodeCache                    0.000 / 0.000         0.000 / 0.000         0.000 / 0.000         0.000 / 0.000       ms
[100.114s][info][gc,stats    ]    Subphase: Concurrent Roots JavaThreads                  6.774 / 8.719         7.334 / 12.055        7.334 / 12.055        7.334 / 12.055      ms
[100.114s][info][gc,stats    ]    Subphase: Concurrent Roots OopStorageSet                0.034 / 0.057         0.029 / 0.343         0.029 / 0.343         0.029 / 0.343       ms
[100.114s][info][gc,stats    ]    Subphase: Concurrent Weak Roots OopStorageSet           0.228 / 0.432         0.230 / 1.280         0.230 / 1.280         0.230 / 1.280       ms
[100.114s][info][gc,stats    ]    Subphase: Pause Mark Try Complete                       0.000 / 0.000         0.001 / 0.005         0.001 / 0.005         0.001 / 0.005       ms
[100.114s][info][gc,stats    ]      System: Java Threads                                    272 / 277             208 / 281             208 / 281             208 / 281         threads
[100.114s][info][gc,stats    ] =========================================================================================================================================================
[100.236s][info][gc,phases   ] GC(403) Concurrent Mark 124.541ms
[100.237s][info][gc,phases   ] GC(403) Pause Mark End 0.020ms
[100.237s][info][gc,phases   ] GC(403) Concurrent Mark Free 0.001ms
[100.239s][info][gc,phases   ] GC(403) Concurrent Process Non-Strong References 2.306ms
[100.239s][info][gc,phases   ] GC(403) Concurrent Reset Relocation Set 0.018ms
[100.242s][info][gc,phases   ] GC(403) Concurrent Select Relocation Set 3.204ms
[100.242s][info][gc,phases   ] GC(403) Pause Relocate Start 0.007ms
[100.255s][info][gc,phases   ] GC(403) Concurrent Relocate 12.978ms
[100.255s][info][gc,load     ] GC(403) Load: 0.00/0.00/0.00
[100.256s][info][gc,mmu      ] GC(403) MMU: 2ms/96.1%, 5ms/98.4%, 10ms/99.2%, 20ms/99.6%, 50ms/99.8%, 100ms/99.9%
[100.256s][info][gc,marking  ] GC(403) Mark: 8 stripe(s), 2 proactive flush(es), 1 terminate flush(es), 0 completion(s), 0 continuation(s) 
[100.256s][info][gc,marking  ] GC(403) Mark Stack Usage: 32M
[100.256s][info][gc,nmethod  ] GC(403) NMethods: 6679 registered, 4547 unregistered
[100.256s][info][gc,metaspace] GC(403) Metaspace: 65M used, 66M committed, 1088M reserved
[100.256s][info][gc,ref      ] GC(403) Soft: 3213 encountered, 0 discovered, 0 enqueued
[100.256s][info][gc,ref      ] GC(403) Weak: 6459 encountered, 1691 discovered, 0 enqueued
[100.256s][info][gc,ref      ] GC(403) Final: 62 encountered, 23 discovered, 0 enqueued
[100.256s][info][gc,ref      ] GC(403) Phantom: 621 encountered, 494 discovered, 0 enqueued
[100.256s][info][gc,reloc    ] GC(403) Small Pages: 264 / 528M, Empty: 0M, Relocated: 20M, In-Place: 0
[100.256s][info][gc,reloc    ] GC(403) Medium Pages: 2 / 64M, Empty: 32M, Relocated: 0M, In-Place: 0
[100.256s][info][gc,reloc    ] GC(403) Large Pages: 4 / 24M, Empty: 0M, Relocated: 0M, In-Place: 0
[100.256s][info][gc,reloc    ] GC(403) Forwarding Usage: 21M
[100.256s][info][gc,heap     ] GC(403) Min Capacity: 8M(1%)
[100.256s][info][gc,heap     ] GC(403) Max Capacity: 1024M(100%)
[100.256s][info][gc,heap     ] GC(403) Soft Max Capacity: 1024M(100%)
[100.256s][info][gc,heap     ] GC(403)                Mark Start          Mark End        Relocate Start      Relocate End           High               Low         
[100.256s][info][gc,heap     ] GC(403)  Capacity:     1024M (100%)       1024M (100%)       1024M (100%)       1024M (100%)       1024M (100%)       1024M (100%)   
[100.256s][info][gc,heap     ] GC(403)      Free:      408M (40%)         172M (17%)         194M (19%)         484M (47%)         484M (47%)         162M (16%)    
[100.256s][info][gc,heap     ] GC(403)      Used:      616M (60%)         852M (83%)         830M (81%)         540M (53%)         862M (84%)         540M (53%)    
[100.256s][info][gc,heap     ] GC(403)      Live:         -               227M (22%)         227M (22%)         227M (22%)            -                  -          
[100.256s][info][gc,heap     ] GC(403) Allocated:         -               236M (23%)         246M (24%)         265M (26%)            -                  -          
[100.256s][info][gc,heap     ] GC(403)   Garbage:         -               388M (38%)         356M (35%)          47M (5%)             -                  -          
[100.256s][info][gc,heap     ] GC(403) Reclaimed:         -                  -                32M (3%)          341M (33%)            -                  -          
[100.256s][info][gc          ] GC(403) Garbage Collection (Allocation Rate) 616M(60%)->540M(53%)
[100.315s][info][gc,start    ] GC(404) Garbage Collection (Allocation Rate)
[100.315s][info][gc,task     ] GC(404) Using 10 workers
[100.315s][info][gc,phases   ] GC(404) Pause Mark Start 0.015ms
[100.440s][info][gc,phases   ] GC(404) Concurrent Mark 124.386ms
[100.440s][info][gc,phases   ] GC(404) Pause Mark End 0.025ms
[100.440s][info][gc,phases   ] GC(404) Concurrent Mark Free 0.001ms
[100.442s][info][gc,phases   ] GC(404) Concurrent Process Non-Strong References 2.206ms
[100.442s][info][gc,phases   ] GC(404) Concurrent Reset Relocation Set 0.032ms
[100.465s][info][gc,phases   ] GC(404) Concurrent Select Relocation Set 22.599ms
[100.465s][info][gc,phases   ] GC(404) Pause Relocate Start 0.013ms
[100.482s][info][gc,phases   ] GC(404) Concurrent Relocate 16.743ms
[100.482s][info][gc,load     ] GC(404) Load: 0.00/0.00/0.00
[100.482s][info][gc,mmu      ] GC(404) MMU: 2ms/96.1%, 5ms/98.4%, 10ms/99.2%, 20ms/99.6%, 50ms/99.8%, 100ms/99.9%
[100.482s][info][gc,marking  ] GC(404) Mark: 8 stripe(s), 2 proactive flush(es), 1 terminate flush(es), 0 completion(s), 0 continuation(s) 
[100.482s][info][gc,marking  ] GC(404) Mark Stack Usage: 32M
[100.482s][info][gc,nmethod  ] GC(404) NMethods: 6679 registered, 4547 unregistered
[100.482s][info][gc,metaspace] GC(404) Metaspace: 65M used, 66M committed, 1088M reserved
[100.482s][info][gc,ref      ] GC(404) Soft: 3213 encountered, 0 discovered, 0 enqueued
[100.482s][info][gc,ref      ] GC(404) Weak: 6459 encountered, 1689 discovered, 0 enqueued
[100.482s][info][gc,ref      ] GC(404) Final: 62 encountered, 57 discovered, 0 enqueued
[100.482s][info][gc,ref      ] GC(404) Phantom: 621 encountered, 478 discovered, 0 enqueued
[100.482s][info][gc,reloc    ] GC(404) Small Pages: 280 / 560M, Empty: 0M, Relocated: 22M, In-Place: 0
[100.482s][info][gc,reloc    ] GC(404) Medium Pages: 1 / 32M, Empty: 0M, Relocated: 0M, In-Place: 0
[100.482s][info][gc,reloc    ] GC(404) Large Pages: 7 / 54M, Empty: 6M, Relocated: 0M, In-Place: 0
[100.482s][info][gc,reloc    ] GC(404) Forwarding Usage: 21M
[100.482s][info][gc,heap     ] GC(404) Min Capacity: 8M(1%)
[100.482s][info][gc,heap     ] GC(404) Max Capacity: 1024M(100%)
[100.482s][info][gc,heap     ] GC(404) Soft Max Capacity: 1024M(100%)
[100.482s][info][gc,heap     ] GC(404)                Mark Start          Mark End        Relocate Start      Relocate End           High               Low         
[100.482s][info][gc,heap     ] GC(404)  Capacity:     1024M (100%)       1024M (100%)       1024M (100%)       1024M (100%)       1024M (100%)       1024M (100%)   
[100.482s][info][gc,heap     ] GC(404)      Free:      378M (37%)         194M (19%)         154M (15%)         458M (45%)         458M (45%)         134M (13%)    
[100.482s][info][gc,heap     ] GC(404)      Used:      646M (63%)         830M (81%)         870M (85%)         566M (55%)         890M (87%)         566M (55%)    
[100.482s][info][gc,heap     ] GC(404)      Live:         -               263M (26%)         263M (26%)         263M (26%)            -                  -          
[100.482s][info][gc,heap     ] GC(404) Allocated:         -               184M (18%)         230M (22%)         253M (25%)            -                  -          
[100.482s][info][gc,heap     ] GC(404)   Garbage:         -               382M (37%)         376M (37%)          48M (5%)             -                  -          
[100.482s][info][gc,heap     ] GC(404) Reclaimed:         -                  -                 6M (1%)          333M (33%)            -                  -          
[100.482s][info][gc          ] GC(404) Garbage Collection (Allocation Rate) 646M(63%)->566M(55%)
[100.518s][info][gc,start    ] GC(405) Garbage Collection (Allocation Rate)
[100.518s][info][gc,task     ] GC(405) Using 10 workers
[100.518s][info][gc,phases   ] GC(405) Pause Mark Start 0.012ms
[100.665s][info][gc,phases   ] GC(405) Concurrent Mark 146.974ms
[100.665s][info][gc,phases   ] GC(405) Pause Mark End 0.028ms
[100.665s][info][gc,phases   ] GC(405) Concurrent Mark Free 0.001ms
[100.668s][info][gc,phases   ] GC(405) Concurrent Process Non-Strong References 2.215ms
[100.668s][info][gc,phases   ] GC(405) Concurrent Reset Relocation Set 0.019ms
[100.671s][info][gc,phases   ] GC(405) Concurrent Select Relocation Set 3.544ms
[100.671s][info][gc,phases   ] GC(405) Pause Relocate Start 0.009ms
[100.689s][info][gc,phases   ] GC(405) Concurrent Relocate 17.318ms
[100.689s][info][gc,load     ] GC(405) Load: 0.00/0.00/0.00
[100.689s][info][gc,mmu      ] GC(405) MMU: 2ms/96.1%, 5ms/98.4%, 10ms/99.2%, 20ms/99.6%, 50ms/99.8%, 100ms/99.9%
[100.689s][info][gc,marking  ] GC(405) Mark: 8 stripe(s), 8 proactive flush(es), 1 terminate flush(es), 0 completion(s), 0 continuation(s) 
[100.689s][info][gc,marking  ] GC(405) Mark Stack Usage: 32M
[100.689s][info][gc,nmethod  ] GC(405) NMethods: 6679 registered, 4547 unregistered
[100.689s][info][gc,metaspace] GC(405) Metaspace: 65M used, 66M committed, 1088M reserved
[100.689s][info][gc,ref      ] GC(405) Soft: 3213 encountered, 0 discovered, 0 enqueued
[100.689s][info][gc,ref      ] GC(405) Weak: 6457 encountered, 1451 discovered, 0 enqueued
[100.689s][info][gc,ref      ] GC(405) Final: 62 encountered, 18 discovered, 0 enqueued
[100.689s][info][gc,ref      ] GC(405) Phantom: 618 encountered, 395 discovered, 0 enqueued
[100.689s][info][gc,reloc    ] GC(405) Small Pages: 273 / 546M, Empty: 0M, Relocated: 22M, In-Place: 0
[100.689s][info][gc,reloc    ] GC(405) Medium Pages: 1 / 32M, Empty: 0M, Relocated: 0M, In-Place: 0
[100.689s][info][gc,reloc    ] GC(405) Large Pages: 7 / 58M, Empty: 18M, Relocated: 0M, In-Place: 0
[100.689s][info][gc,reloc    ] GC(405) Forwarding Usage: 20M
[100.689s][info][gc,heap     ] GC(405) Min Capacity: 8M(1%)
[100.689s][info][gc,heap     ] GC(405) Max Capacity: 1024M(100%)
[100.689s][info][gc,heap     ] GC(405) Soft Max Capacity: 1024M(100%)
[100.689s][info][gc,heap     ] GC(405)                Mark Start          Mark End        Relocate Start      Relocate End           High               Low         
[100.689s][info][gc,heap     ] GC(405)  Capacity:     1024M (100%)       1024M (100%)       1024M (100%)       1024M (100%)       1024M (100%)       1024M (100%)   
[100.689s][info][gc,heap     ] GC(405)      Free:      388M (38%)         108M (11%)         114M (11%)         386M (38%)         396M (39%)          94M (9%)     
[100.689s][info][gc,heap     ] GC(405)      Used:      636M (62%)         916M (89%)         910M (89%)         638M (62%)         930M (91%)         628M (61%)    
[100.689s][info][gc,heap     ] GC(405)      Live:         -               265M (26%)         265M (26%)         265M (26%)            -                  -          
[100.689s][info][gc,heap     ] GC(405) Allocated:         -               280M (27%)         292M (29%)         317M (31%)            -                  -          
[100.689s][info][gc,heap     ] GC(405)   Garbage:         -               370M (36%)         352M (34%)          54M (5%)             -                  -          
[100.689s][info][gc,heap     ] GC(405) Reclaimed:         -                  -                18M (2%)          315M (31%)            -                  -          
[100.689s][info][gc          ] GC(405) Garbage Collection (Allocation Rate) 636M(62%)->638M(62%)
[100.712s][info][gc,start    ] GC(406) Garbage Collection (Allocation Rate)
[100.712s][info][gc,task     ] GC(406) Using 10 workers
[100.712s][info][gc,phases   ] GC(406) Pause Mark Start 0.015ms
[100.853s][info][gc,phases   ] GC(406) Concurrent Mark 140.271ms
[100.853s][info][gc,phases   ] GC(406) Pause Mark End 0.024ms
[100.853s][info][gc,phases   ] GC(406) Concurrent Mark Free 0.001ms
[100.855s][info][gc,phases   ] GC(406) Concurrent Process Non-Strong References 1.934ms
[100.855s][info][gc,phases   ] GC(406) Concurrent Reset Relocation Set 0.014ms
[100.858s][info][gc,phases   ] GC(406) Concurrent Select Relocation Set 3.328ms
[100.858s][info][gc,phases   ] GC(406) Pause Relocate Start 0.009ms
[100.871s][info][gc,phases   ] GC(406) Concurrent Relocate 12.978ms
[100.871s][info][gc,load     ] GC(406) Load: 0.00/0.00/0.00
[100.871s][info][gc,mmu      ] GC(406) MMU: 2ms/96.1%, 5ms/98.4%, 10ms/99.2%, 20ms/99.6%, 50ms/99.8%, 100ms/99.9%
[100.871s][info][gc,marking  ] GC(406) Mark: 8 stripe(s), 2 proactive flush(es), 1 terminate flush(es), 0 completion(s), 0 continuation(s) 
[100.871s][info][gc,marking  ] GC(406) Mark Stack Usage: 32M
[100.871s][info][gc,nmethod  ] GC(406) NMethods: 6679 registered, 4547 unregistered
[100.872s][info][gc,metaspace] GC(406) Metaspace: 65M used, 66M committed, 1088M reserved
[100.872s][info][gc,ref      ] GC(406) Soft: 3213 encountered, 0 discovered, 0 enqueued
[100.872s][info][gc,ref      ] GC(406) Weak: 6457 encountered, 1577 discovered, 0 enqueued
[100.872s][info][gc,ref      ] GC(406) Final: 62 encountered, 23 discovered, 0 enqueued
[100.872s][info][gc,ref      ] GC(406) Phantom: 621 encountered, 606 discovered, 0 enqueued
[100.872s][info][gc,reloc    ] GC(406) Small Pages: 304 / 608M, Empty: 0M, Relocated: 19M, In-Place: 0
[100.872s][info][gc,reloc    ] GC(406) Medium Pages: 1 / 32M, Empty: 0M, Relocated: 0M, In-Place: 0
[100.872s][info][gc,reloc    ] GC(406) Large Pages: 4 / 40M, Empty: 0M, Relocated: 0M, In-Place: 0
[100.872s][info][gc,reloc    ] GC(406) Forwarding Usage: 17M
[100.872s][info][gc,heap     ] GC(406) Min Capacity: 8M(1%)
[100.872s][info][gc,heap     ] GC(406) Max Capacity: 1024M(100%)
[100.872s][info][gc,heap     ] GC(406) Soft Max Capacity: 1024M(100%)
[100.872s][info][gc,heap     ] GC(406)                Mark Start          Mark End        Relocate Start      Relocate End           High               Low         
[100.872s][info][gc,heap     ] GC(406)  Capacity:     1024M (100%)       1024M (100%)       1024M (100%)       1024M (100%)       1024M (100%)       1024M (100%)   
[100.872s][info][gc,heap     ] GC(406)      Free:      344M (34%)         100M (10%)          90M (9%)          422M (41%)         422M (41%)          70M (7%)     
[100.872s][info][gc,heap     ] GC(406)      Used:      680M (66%)         924M (90%)         934M (91%)         602M (59%)         954M (93%)         602M (59%)    
[100.872s][info][gc,heap     ] GC(406)      Live:         -               275M (27%)         275M (27%)         275M (27%)            -                  -          
[100.872s][info][gc,heap     ] GC(406) Allocated:         -               244M (24%)         254M (25%)         271M (27%)            -                  -          
[100.872s][info][gc,heap     ] GC(406)   Garbage:         -               404M (39%)         404M (39%)          54M (5%)             -                  -          
[100.872s][info][gc,heap     ] GC(406) Reclaimed:         -                  -                 0M (0%)          349M (34%)            -                  -          
[100.872s][info][gc          ] GC(406) Garbage Collection (Allocation Rate) 680M(66%)->602M(59%)
[100.915s][info][gc,start    ] GC(407) Garbage Collection (Allocation Rate)
[100.915s][info][gc,task     ] GC(407) Using 10 workers
[100.915s][info][gc,phases   ] GC(407) Pause Mark Start 0.014ms
[101.087s][info][gc,phases   ] GC(407) Concurrent Mark 171.457ms
[101.087s][info][gc,phases   ] GC(407) Pause Mark End 0.031ms
[101.087s][info][gc,phases   ] GC(407) Concurrent Mark Free 0.001ms
[101.090s][info][gc,phases   ] GC(407) Concurrent Process Non-Strong References 2.709ms
[101.090s][info][gc,phases   ] GC(407) Concurrent Reset Relocation Set 0.027ms
[101.118s][info][gc,phases   ] GC(407) Concurrent Select Relocation Set 27.586ms
[101.118s][info][gc,phases   ] GC(407) Pause Relocate Start 0.009ms
[101.135s][info][gc,phases   ] GC(407) Concurrent Relocate 16.860ms
[101.135s][info][gc,load     ] GC(407) Load: 0.00/0.00/0.00
[101.135s][info][gc,mmu      ] GC(407) MMU: 2ms/96.1%, 5ms/98.4%, 10ms/99.2%, 20ms/99.6%, 50ms/99.8%, 100ms/99.9%
[101.135s][info][gc,marking  ] GC(407) Mark: 8 stripe(s), 2 proactive flush(es), 1 terminate flush(es), 0 completion(s), 0 continuation(s) 
[101.135s][info][gc,marking  ] GC(407) Mark Stack Usage: 32M
[101.135s][info][gc,nmethod  ] GC(407) NMethods: 6679 registered, 4547 unregistered
[101.135s][info][gc,metaspace] GC(407) Metaspace: 65M used, 66M committed, 1088M reserved
[101.135s][info][gc,ref      ] GC(407) Soft: 3213 encountered, 0 discovered, 0 enqueued
[101.135s][info][gc,ref      ] GC(407) Weak: 6457 encountered, 811 discovered, 0 enqueued
[101.135s][info][gc,ref      ] GC(407) Final: 62 encountered, 2 discovered, 0 enqueued
[101.135s][info][gc,ref      ] GC(407) Phantom: 621 encountered, 280 discovered, 0 enqueued
[101.135s][info][gc,reloc    ] GC(407) Small Pages: 307 / 614M, Empty: 0M, Relocated: 19M, In-Place: 0
[101.135s][info][gc,reloc    ] GC(407) Medium Pages: 1 / 32M, Empty: 0M, Relocated: 0M, In-Place: 0
[101.135s][info][gc,reloc    ] GC(407) Large Pages: 4 / 40M, Empty: 0M, Relocated: 0M, In-Place: 0
[101.135s][info][gc,reloc    ] GC(407) Forwarding Usage: 17M
[101.135s][info][gc,heap     ] GC(407) Min Capacity: 8M(1%)
[101.135s][info][gc,heap     ] GC(407) Max Capacity: 1024M(100%)
[101.135s][info][gc,heap     ] GC(407) Soft Max Capacity: 1024M(100%)
[101.135s][info][gc,heap     ] GC(407)                Mark Start          Mark End        Relocate Start      Relocate End           High               Low         
[101.135s][info][gc,heap     ] GC(407)  Capacity:     1024M (100%)       1024M (100%)       1024M (100%)       1024M (100%)       1024M (100%)       1024M (100%)   
[101.135s][info][gc,heap     ] GC(407)      Free:      338M (33%)          56M (5%)           24M (2%)          346M (34%)         350M (34%)           4M (0%)     
[101.135s][info][gc,heap     ] GC(407)      Used:      686M (67%)         968M (95%)        1000M (98%)         678M (66%)        1020M (100%)        674M (66%)    
[101.135s][info][gc,heap     ] GC(407)      Live:         -               284M (28%)         284M (28%)         284M (28%)            -                  -          
[101.135s][info][gc,heap     ] GC(407) Allocated:         -               282M (28%)         314M (31%)         333M (33%)            -                  -          
[101.135s][info][gc,heap     ] GC(407)   Garbage:         -               401M (39%)         401M (39%)          59M (6%)             -                  -          
[101.135s][info][gc,heap     ] GC(407) Reclaimed:         -                  -                 0M (0%)          341M (33%)            -                  -          
[101.135s][info][gc          ] GC(407) Garbage Collection (Allocation Rate) 686M(67%)->678M(66%)
[101.203s][info][gc,start    ] GC(408) Garbage Collection (Allocation Rate)
[101.203s][info][gc,task     ] GC(408) Using 10 workers
[101.203s][info][gc,phases   ] GC(408) Pause Mark Start 0.017ms
[101.375s][info][gc,phases   ] GC(408) Concurrent Mark 172.253ms
[101.375s][info][gc,phases   ] GC(408) Pause Mark End 0.020ms
[101.375s][info][gc,phases   ] GC(408) Concurrent Mark Free 0.001ms
[101.378s][info][gc,phases   ] GC(408) Concurrent Process Non-Strong References 2.312ms
[101.378s][info][gc,phases   ] GC(408) Concurrent Reset Relocation Set 0.032ms
[101.405s][info][gc,phases   ] GC(408) Concurrent Select Relocation Set 26.700ms
[101.405s][info][gc,phases   ] GC(408) Pause Relocate Start 0.014ms
[101.406s][info][gc          ] Allocation Stall (Executor task launch worker for task 0.0 in stage 93.0 (TID 176)) 69.953ms
[101.406s][info][gc          ] Allocation Stall (Executor task launch worker for task 3.0 in stage 93.0 (TID 179)) 69.630ms
[101.406s][info][gc          ] Allocation Stall (Executor task launch worker for task 1.0 in stage 93.0 (TID 177)) 69.553ms
[101.406s][info][gc          ] Allocation Stall (Executor task launch worker for task 2.0 in stage 93.0 (TID 178)) 66.718ms
[101.406s][info][gc          ] Allocation Stall (RemoteBlock-temp-file-clean-thread) 31.079ms
[101.430s][info][gc,phases   ] GC(408) Concurrent Relocate 25.006ms
[101.430s][info][gc,load     ] GC(408) Load: 0.00/0.00/0.00
[101.430s][info][gc,mmu      ] GC(408) MMU: 2ms/96.1%, 5ms/98.4%, 10ms/99.2%, 20ms/99.6%, 50ms/99.8%, 100ms/99.9%
[101.430s][info][gc,marking  ] GC(408) Mark: 8 stripe(s), 2 proactive flush(es), 1 terminate flush(es), 0 completion(s), 0 continuation(s) 
[101.430s][info][gc,marking  ] GC(408) Mark Stack Usage: 32M
[101.430s][info][gc,nmethod  ] GC(408) NMethods: 6679 registered, 4547 unregistered
[101.430s][info][gc,metaspace] GC(408) Metaspace: 65M used, 66M committed, 1088M reserved
[101.430s][info][gc,ref      ] GC(408) Soft: 3213 encountered, 0 discovered, 0 enqueued
[101.430s][info][gc,ref      ] GC(408) Weak: 6455 encountered, 722 discovered, 0 enqueued
[101.430s][info][gc,ref      ] GC(408) Final: 62 encountered, 0 discovered, 0 enqueued
[101.430s][info][gc,ref      ] GC(408) Phantom: 621 encountered, 606 discovered, 0 enqueued
[101.430s][info][gc,reloc    ] GC(408) Small Pages: 365 / 730M, Empty: 0M, Relocated: 26M, In-Place: 10
[101.430s][info][gc,reloc    ] GC(408) Medium Pages: 1 / 32M, Empty: 0M, Relocated: 0M, In-Place: 0
[101.430s][info][gc,reloc    ] GC(408) Large Pages: 4 / 40M, Empty: 0M, Relocated: 0M, In-Place: 0
[101.430s][info][gc,reloc    ] GC(408) Forwarding Usage: 23M
[101.430s][info][gc,heap     ] GC(408) Min Capacity: 8M(1%)
[101.430s][info][gc,heap     ] GC(408) Max Capacity: 1024M(100%)
[101.430s][info][gc,heap     ] GC(408) Soft Max Capacity: 1024M(100%)
[101.430s][info][gc,heap     ] GC(408)                Mark Start          Mark End        Relocate Start      Relocate End           High               Low         
[101.430s][info][gc,heap     ] GC(408)  Capacity:     1024M (100%)       1024M (100%)       1024M (100%)       1024M (100%)       1024M (100%)       1024M (100%)   
[101.430s][info][gc,heap     ] GC(408)      Free:      222M (22%)           0M (0%)            0M (0%)          392M (38%)         394M (38%)           0M (0%)     
[101.430s][info][gc,heap     ] GC(408)      Used:      802M (78%)        1024M (100%)       1024M (100%)        632M (62%)        1024M (100%)        630M (62%)    
[101.430s][info][gc,heap     ] GC(408)      Live:         -               294M (29%)         294M (29%)         294M (29%)            -                  -          
[101.430s][info][gc,heap     ] GC(408) Allocated:         -               222M (22%)         222M (22%)         273M (27%)            -                  -          
[101.430s][info][gc,heap     ] GC(408)   Garbage:         -               507M (50%)         507M (50%)          63M (6%)             -                  -          
[101.430s][info][gc,heap     ] GC(408) Reclaimed:         -                  -                 0M (0%)          443M (43%)            -                  -          
[101.430s][info][gc          ] GC(408) Garbage Collection (Allocation Rate) 802M(78%)->632M(62%)
[101.516s][info][gc,start    ] GC(409) Garbage Collection (Allocation Stall)
[101.516s][info][gc,ref      ] GC(409) Clearing All SoftReferences
[101.516s][info][gc,task     ] GC(409) Using 10 workers
[101.516s][info][gc,ref      ] GC(409) Clearing All SoftReferences
[101.516s][info][gc,phases   ] GC(409) Pause Mark Start 0.056ms
[101.688s][info][gc,phases   ] GC(409) Concurrent Mark 171.385ms
[101.688s][info][gc,phases   ] GC(409) Pause Mark End 0.037ms
[101.688s][info][gc,phases   ] GC(409) Concurrent Mark Free 0.001ms
[101.703s][info][gc,phases   ] GC(409) Concurrent Process Non-Strong References 14.883ms
[101.703s][info][gc,phases   ] GC(409) Concurrent Reset Relocation Set 0.047ms
[101.708s][info][gc,phases   ] GC(409) Concurrent Select Relocation Set 5.388ms
[101.708s][info][gc,phases   ] GC(409) Pause Relocate Start 0.015ms
[101.729s][info][gc,phases   ] GC(409) Concurrent Relocate 20.209ms
[101.729s][info][gc,load     ] GC(409) Load: 0.00/0.00/0.00
[101.729s][info][gc,mmu      ] GC(409) MMU: 2ms/96.1%, 5ms/98.4%, 10ms/99.2%, 20ms/99.6%, 50ms/99.8%, 100ms/99.9%
[101.729s][info][gc,marking  ] GC(409) Mark: 8 stripe(s), 2 proactive flush(es), 1 terminate flush(es), 0 completion(s), 0 continuation(s) 
[101.729s][info][gc,marking  ] GC(409) Mark Stack Usage: 32M
[101.729s][info][gc,nmethod  ] GC(409) NMethods: 6673 registered, 4560 unregistered
[101.729s][info][gc,metaspace] GC(409) Metaspace: 65M used, 66M committed, 1088M reserved
[101.729s][info][gc,ref      ] GC(409) Soft: 3110 encountered, 2524 discovered, 393 enqueued
[101.729s][info][gc,ref      ] GC(409) Weak: 6369 encountered, 704 discovered, 48 enqueued
[101.729s][info][gc,ref      ] GC(409) Final: 62 encountered, 23 discovered, 0 enqueued
[101.729s][info][gc,ref      ] GC(409) Phantom: 617 encountered, 478 discovered, 0 enqueued
[101.729s][info][gc,reloc    ] GC(409) Small Pages: 295 / 590M, Empty: 0M, Relocated: 19M, In-Place: 0
[101.729s][info][gc,reloc    ] GC(409) Medium Pages: 2 / 64M, Empty: 0M, Relocated: 11M, In-Place: 0
[101.729s][info][gc,reloc    ] GC(409) Large Pages: 4 / 40M, Empty: 0M, Relocated: 0M, In-Place: 0
[101.729s][info][gc,reloc    ] GC(409) Forwarding Usage: 16M
[101.729s][info][gc,heap     ] GC(409) Min Capacity: 8M(1%)
[101.729s][info][gc,heap     ] GC(409) Max Capacity: 1024M(100%)
[101.729s][info][gc,heap     ] GC(409) Soft Max Capacity: 1024M(100%)
[101.729s][info][gc,heap     ] GC(409)                Mark Start          Mark End        Relocate Start      Relocate End           High               Low         
[101.729s][info][gc,heap     ] GC(409)  Capacity:     1024M (100%)       1024M (100%)       1024M (100%)       1024M (100%)       1024M (100%)       1024M (100%)   
[101.729s][info][gc,heap     ] GC(409)      Free:      330M (32%)         282M (28%)         282M (28%)         608M (59%)         608M (59%)         234M (23%)    
[101.729s][info][gc,heap     ] GC(409)      Used:      694M (68%)         742M (72%)         742M (72%)         416M (41%)         790M (77%)         416M (41%)    
[101.729s][info][gc,heap     ] GC(409)      Live:         -               299M (29%)         299M (29%)         299M (29%)            -                  -          
[101.729s][info][gc,heap     ] GC(409) Allocated:         -                48M (5%)           48M (5%)           48M (5%)             -                  -          
[101.729s][info][gc,heap     ] GC(409)   Garbage:         -               394M (38%)         394M (38%)          67M (7%)             -                  -          
[101.729s][info][gc,heap     ] GC(409) Reclaimed:         -                  -                 0M (0%)          326M (32%)            -                  -          
[101.729s][info][gc          ] GC(409) Garbage Collection (Allocation Stall) 694M(68%)->416M(41%)
[101.803s][info][gc,start    ] GC(410) Garbage Collection (Allocation Rate)
[101.803s][info][gc,task     ] GC(410) Using 10 workers
[101.803s][info][gc,phases   ] GC(410) Pause Mark Start 0.013ms
[101.976s][info][gc,phases   ] GC(410) Concurrent Mark 172.144ms
[101.976s][info][gc,phases   ] GC(410) Pause Mark End 0.020ms
[101.976s][info][gc,phases   ] GC(410) Concurrent Mark Free 0.002ms
[101.978s][info][gc,phases   ] GC(410) Concurrent Process Non-Strong References 2.540ms
[101.978s][info][gc,phases   ] GC(410) Concurrent Reset Relocation Set 0.040ms
[101.985s][info][gc,phases   ] GC(410) Concurrent Select Relocation Set 6.649ms
[101.985s][info][gc,phases   ] GC(410) Pause Relocate Start 0.009ms
[101.997s][info][gc,phases   ] GC(410) Concurrent Relocate 11.527ms
[101.997s][info][gc,load     ] GC(410) Load: 0.00/0.00/0.00
[101.997s][info][gc,mmu      ] GC(410) MMU: 2ms/96.1%, 5ms/98.4%, 10ms/99.2%, 20ms/99.6%, 50ms/99.8%, 100ms/99.9%
[101.997s][info][gc,marking  ] GC(410) Mark: 8 stripe(s), 3 proactive flush(es), 1 terminate flush(es), 0 completion(s), 0 continuation(s) 
[101.997s][info][gc,marking  ] GC(410) Mark Stack Usage: 32M
[101.997s][info][gc,nmethod  ] GC(410) NMethods: 6675 registered, 4560 unregistered
[101.997s][info][gc,metaspace] GC(410) Metaspace: 65M used, 66M committed, 1088M reserved
[101.997s][info][gc,ref      ] GC(410) Soft: 2717 encountered, 0 discovered, 0 enqueued
[101.997s][info][gc,ref      ] GC(410) Weak: 6316 encountered, 703 discovered, 0 enqueued
[101.997s][info][gc,ref      ] GC(410) Final: 62 encountered, 20 discovered, 0 enqueued
[101.997s][info][gc,ref      ] GC(410) Phantom: 617 encountered, 400 discovered, 0 enqueued
[101.997s][info][gc,reloc    ] GC(410) Small Pages: 156 / 312M, Empty: 0M, Relocated: 3M, In-Place: 0
[101.997s][info][gc,reloc    ] GC(410) Medium Pages: 2 / 64M, Empty: 0M, Relocated: 18M, In-Place: 0
[101.997s][info][gc,reloc    ] GC(410) Large Pages: 4 / 40M, Empty: 0M, Relocated: 0M, In-Place: 0
[101.997s][info][gc,reloc    ] GC(410) Forwarding Usage: 3M
[101.997s][info][gc,heap     ] GC(410) Min Capacity: 8M(1%)
[101.997s][info][gc,heap     ] GC(410) Max Capacity: 1024M(100%)
[101.997s][info][gc,heap     ] GC(410) Soft Max Capacity: 1024M(100%)
[101.998s][info][gc,heap     ] GC(410)                Mark Start          Mark End        Relocate Start      Relocate End           High               Low         
[101.998s][info][gc,heap     ] GC(410)  Capacity:     1024M (100%)       1024M (100%)       1024M (100%)       1024M (100%)       1024M (100%)       1024M (100%)   
[101.998s][info][gc,heap     ] GC(410)      Free:      608M (59%)         560M (55%)         558M (54%)         598M (58%)         608M (59%)         512M (50%)    
[101.998s][info][gc,heap     ] GC(410)      Used:      416M (41%)         464M (45%)         466M (46%)         426M (42%)         512M (50%)         416M (41%)    
[101.998s][info][gc,heap     ] GC(410)      Live:         -               307M (30%)         307M (30%)         307M (30%)            -                  -          
[101.998s][info][gc,heap     ] GC(410) Allocated:         -                48M (5%)           50M (5%)           53M (5%)             -                  -          
[101.998s][info][gc,heap     ] GC(410)   Garbage:         -               108M (11%)         108M (11%)          64M (6%)             -                  -          
[101.998s][info][gc,heap     ] GC(410) Reclaimed:         -                  -                 0M (0%)           43M (4%)             -                  -          
[101.998s][info][gc          ] GC(410) Garbage Collection (Allocation Rate) 416M(41%)->426M(42%)
[102.007s][info][gc,start    ] GC(411) Garbage Collection (Allocation Rate)
[102.007s][info][gc,task     ] GC(411) Using 10 workers
[102.007s][info][gc,phases   ] GC(411) Pause Mark Start 0.014ms
[102.163s][info][gc,phases   ] GC(411) Concurrent Mark 155.816ms
[102.163s][info][gc,phases   ] GC(411) Pause Mark End 0.028ms
[102.163s][info][gc,phases   ] GC(411) Concurrent Mark Free 0.001ms
[102.166s][info][gc,phases   ] GC(411) Concurrent Process Non-Strong References 2.251ms
[102.166s][info][gc,phases   ] GC(411) Concurrent Reset Relocation Set 0.004ms
[102.175s][info][gc,phases   ] GC(411) Concurrent Select Relocation Set 9.303ms
[102.175s][info][gc,phases   ] GC(411) Pause Relocate Start 0.008ms
[102.182s][info][gc,phases   ] GC(411) Concurrent Relocate 6.541ms
[102.182s][info][gc,load     ] GC(411) Load: 0.00/0.00/0.00
[102.182s][info][gc,mmu      ] GC(411) MMU: 2ms/96.1%, 5ms/98.4%, 10ms/99.2%, 20ms/99.6%, 50ms/99.8%, 100ms/99.9%
[102.182s][info][gc,marking  ] GC(411) Mark: 8 stripe(s), 6 proactive flush(es), 1 terminate flush(es), 0 completion(s), 0 continuation(s) 
[102.182s][info][gc,marking  ] GC(411) Mark Stack Usage: 32M
[102.182s][info][gc,nmethod  ] GC(411) NMethods: 6716 registered, 4562 unregistered
[102.182s][info][gc,metaspace] GC(411) Metaspace: 65M used, 66M committed, 1088M reserved
[102.182s][info][gc,ref      ] GC(411) Soft: 2807 encountered, 0 discovered, 0 enqueued
[102.182s][info][gc,ref      ] GC(411) Weak: 6324 encountered, 1711 discovered, 11 enqueued
[102.182s][info][gc,ref      ] GC(411) Final: 62 encountered, 1 discovered, 0 enqueued
[102.182s][info][gc,ref      ] GC(411) Phantom: 619 encountered, 601 discovered, 0 enqueued
[102.182s][info][gc,reloc    ] GC(411) Small Pages: 162 / 324M, Empty: 8M, Relocated: 5M, In-Place: 0
[102.182s][info][gc,reloc    ] GC(411) Medium Pages: 2 / 64M, Empty: 0M, Relocated: 12M, In-Place: 0
[102.182s][info][gc,reloc    ] GC(411) Large Pages: 4 / 40M, Empty: 0M, Relocated: 0M, In-Place: 0
[102.182s][info][gc,reloc    ] GC(411) Forwarding Usage: 4M
[102.182s][info][gc,heap     ] GC(411) Min Capacity: 8M(1%)
[102.183s][info][gc,heap     ] GC(411) Max Capacity: 1024M(100%)
[102.183s][info][gc,heap     ] GC(411) Soft Max Capacity: 1024M(100%)
[102.183s][info][gc,heap     ] GC(411)                Mark Start          Mark End        Relocate Start      Relocate End           High               Low         
[102.183s][info][gc,heap     ] GC(411)  Capacity:     1024M (100%)       1024M (100%)       1024M (100%)       1024M (100%)       1024M (100%)       1024M (100%)   
[102.183s][info][gc,heap     ] GC(411)      Free:      596M (58%)         560M (55%)         566M (55%)         614M (60%)         614M (60%)         518M (51%)    
[102.183s][info][gc,heap     ] GC(411)      Used:      428M (42%)         464M (45%)         458M (45%)         410M (40%)         506M (49%)         410M (40%)    
[102.183s][info][gc,heap     ] GC(411)      Live:         -               301M (29%)         301M (29%)         301M (29%)            -                  -          
[102.183s][info][gc,heap     ] GC(411) Allocated:         -                36M (4%)           38M (4%)           39M (4%)             -                  -          
[102.183s][info][gc,heap     ] GC(411)   Garbage:         -               126M (12%)         118M (12%)          68M (7%)             -                  -          
[102.183s][info][gc,heap     ] GC(411) Reclaimed:         -                  -                 8M (1%)           57M (6%)             -                  -          
[102.183s][info][gc          ] GC(411) Garbage Collection (Allocation Rate) 428M(42%)->410M(40%)
[102.210s][info][gc,start    ] GC(412) Garbage Collection (Allocation Rate)
[102.210s][info][gc,task     ] GC(412) Using 10 workers
[102.210s][info][gc,phases   ] GC(412) Pause Mark Start 0.015ms
[102.293s][info][gc,phases   ] GC(412) Concurrent Mark 83.097ms
[102.294s][info][gc,phases   ] GC(412) Pause Mark End 0.027ms
[102.294s][info][gc,phases   ] GC(412) Concurrent Mark Free 0.001ms
[102.296s][info][gc,phases   ] GC(412) Concurrent Process Non-Strong References 1.972ms
[102.296s][info][gc,phases   ] GC(412) Concurrent Reset Relocation Set 0.004ms
[102.298s][info][gc,phases   ] GC(412) Concurrent Select Relocation Set 2.866ms
[102.299s][info][gc,phases   ] GC(412) Pause Relocate Start 0.008ms
[102.300s][info][gc,phases   ] GC(412) Concurrent Relocate 1.139ms
[102.300s][info][gc,load     ] GC(412) Load: 0.00/0.00/0.00
[102.300s][info][gc,mmu      ] GC(412) MMU: 2ms/96.1%, 5ms/98.4%, 10ms/99.2%, 20ms/99.6%, 50ms/99.8%, 100ms/99.9%
[102.300s][info][gc,marking  ] GC(412) Mark: 8 stripe(s), 2 proactive flush(es), 1 terminate flush(es), 0 completion(s), 0 continuation(s) 
[102.300s][info][gc,marking  ] GC(412) Mark Stack Usage: 32M
[102.300s][info][gc,nmethod  ] GC(412) NMethods: 6724 registered, 4565 unregistered
[102.300s][info][gc,metaspace] GC(412) Metaspace: 65M used, 66M committed, 1088M reserved
[102.300s][info][gc,ref      ] GC(412) Soft: 3035 encountered, 0 discovered, 0 enqueued
[102.300s][info][gc,ref      ] GC(412) Weak: 6491 encountered, 1007 discovered, 73 enqueued
[102.300s][info][gc,ref      ] GC(412) Final: 62 encountered, 2 discovered, 0 enqueued
[102.300s][info][gc,ref      ] GC(412) Phantom: 617 encountered, 585 discovered, 0 enqueued
[102.300s][info][gc,reloc    ] GC(412) Small Pages: 170 / 340M, Empty: 106M, Relocated: 3M, In-Place: 0
[102.300s][info][gc,reloc    ] GC(412) Medium Pages: 1 / 32M, Empty: 0M, Relocated: 0M, In-Place: 0
[102.300s][info][gc,reloc    ] GC(412) Large Pages: 5 / 46M, Empty: 46M, Relocated: 0M, In-Place: 0
[102.300s][info][gc,reloc    ] GC(412) Forwarding Usage: 1M
[102.300s][info][gc,heap     ] GC(412) Min Capacity: 8M(1%)
[102.300s][info][gc,heap     ] GC(412) Max Capacity: 1024M(100%)
[102.300s][info][gc,heap     ] GC(412) Soft Max Capacity: 1024M(100%)
[102.300s][info][gc,heap     ] GC(412)                Mark Start          Mark End        Relocate Start      Relocate End           High               Low         
[102.300s][info][gc,heap     ] GC(412)  Capacity:     1024M (100%)       1024M (100%)       1024M (100%)       1024M (100%)       1024M (100%)       1024M (100%)   
[102.300s][info][gc,heap     ] GC(412)      Free:      606M (59%)         488M (48%)         632M (62%)         684M (67%)         684M (67%)         480M (47%)    
[102.300s][info][gc,heap     ] GC(412)      Used:      418M (41%)         536M (52%)         392M (38%)         340M (33%)         544M (53%)         340M (33%)    
[102.300s][info][gc,heap     ] GC(412)      Live:         -               165M (16%)         165M (16%)         165M (16%)            -                  -          
[102.300s][info][gc,heap     ] GC(412) Allocated:         -               118M (12%)         126M (12%)         125M (12%)            -                  -          
[102.300s][info][gc,heap     ] GC(412)   Garbage:         -               252M (25%)         100M (10%)          48M (5%)             -                  -          
[102.300s][info][gc,heap     ] GC(412) Reclaimed:         -                  -               152M (15%)         203M (20%)            -                  -          
[102.300s][info][gc          ] GC(412) Garbage Collection (Allocation Rate) 418M(41%)->340M(33%)
[102.309s][info][gc,start    ] GC(413) Garbage Collection (Allocation Rate)
[102.309s][info][gc,task     ] GC(413) Using 10 workers
[102.309s][info][gc,phases   ] GC(413) Pause Mark Start 0.008ms
[102.387s][info][gc,phases   ] GC(413) Concurrent Mark 77.861ms
[102.387s][info][gc,phases   ] GC(413) Pause Mark End 0.018ms
[102.387s][info][gc,phases   ] GC(413) Concurrent Mark Free 0.001ms
[102.399s][info][gc,phases   ] GC(413) Concurrent Process Non-Strong References 11.250ms
[102.399s][info][gc,phases   ] GC(413) Concurrent Reset Relocation Set 0.003ms
[102.405s][info][gc,phases   ] GC(413) Concurrent Select Relocation Set 6.547ms
[102.405s][info][gc,phases   ] GC(413) Pause Relocate Start 0.010ms
[102.417s][info][gc,phases   ] GC(413) Concurrent Relocate 11.726ms
[102.497s][info][gc,load     ] GC(413) Load: 0.00/0.00/0.00
[102.497s][info][gc,mmu      ] GC(413) MMU: 2ms/96.1%, 5ms/98.4%, 10ms/99.2%, 20ms/99.6%, 50ms/99.8%, 100ms/99.9%
[102.497s][info][gc,marking  ] GC(413) Mark: 8 stripe(s), 2 proactive flush(es), 1 terminate flush(es), 0 completion(s), 0 continuation(s) 
[102.497s][info][gc,marking  ] GC(413) Mark Stack Usage: 32M
[102.497s][info][gc,nmethod  ] GC(413) NMethods: 6720 registered, 4569 unregistered
[102.497s][info][gc,metaspace] GC(413) Metaspace: 65M used, 66M committed, 1088M reserved
[102.497s][info][gc,ref      ] GC(413) Soft: 3049 encountered, 0 discovered, 0 enqueued
[102.497s][info][gc,ref      ] GC(413) Weak: 6459 encountered, 819 discovered, 87 enqueued
[102.497s][info][gc,ref      ] GC(413) Final: 62 encountered, 0 discovered, 0 enqueued
[102.497s][info][gc,ref      ] GC(413) Phantom: 619 encountered, 518 discovered, 0 enqueued
[102.497s][info][gc,reloc    ] GC(413) Small Pages: 142 / 284M, Empty: 0M, Relocated: 15M, In-Place: 0
[102.497s][info][gc,reloc    ] GC(413) Medium Pages: 2 / 64M, Empty: 0M, Relocated: 18M, In-Place: 0
[102.497s][info][gc,reloc    ] GC(413) Large Pages: 0 / 0M, Empty: 0M, Relocated: 0M, In-Place: 0
[102.497s][info][gc,reloc    ] GC(413) Forwarding Usage: 14M
[102.497s][info][gc,heap     ] GC(413) Min Capacity: 8M(1%)
[102.497s][info][gc,heap     ] GC(413) Max Capacity: 1024M(100%)
[102.497s][info][gc,heap     ] GC(413) Soft Max Capacity: 1024M(100%)
[102.497s][info][gc,heap     ] GC(413)                Mark Start          Mark End        Relocate Start      Relocate End           High               Low         
[102.498s][info][gc,heap     ] GC(413)  Capacity:     1024M (100%)       1024M (100%)       1024M (100%)       1024M (100%)       1024M (100%)       1024M (100%)   
[102.498s][info][gc,heap     ] GC(413)      Free:      676M (66%)         604M (59%)         590M (58%)         718M (70%)         718M (70%)         540M (53%)    
[102.498s][info][gc,heap     ] GC(413)      Used:      348M (34%)         420M (41%)         434M (42%)         306M (30%)         484M (47%)         306M (30%)    
[102.498s][info][gc,heap     ] GC(413)      Live:         -               185M (18%)         185M (18%)         185M (18%)            -                  -          
[102.498s][info][gc,heap     ] GC(413) Allocated:         -                72M (7%)           86M (8%)           89M (9%)             -                  -          
[102.498s][info][gc,heap     ] GC(413)   Garbage:         -               162M (16%)         162M (16%)          31M (3%)             -                  -          
[102.498s][info][gc,heap     ] GC(413) Reclaimed:         -                  -                 0M (0%)          131M (13%)            -                  -          
[102.498s][info][gc          ] GC(413) Garbage Collection (Allocation Rate) 348M(34%)->306M(30%)
[102.514s][info][gc,start    ] GC(414) Garbage Collection (Allocation Rate)
[102.514s][info][gc,task     ] GC(414) Using 10 workers
[102.514s][info][gc,phases   ] GC(414) Pause Mark Start 0.015ms
[102.622s][info][gc,phases   ] GC(414) Concurrent Mark 107.826ms
[102.622s][info][gc,phases   ] GC(414) Pause Mark End 0.042ms
[102.622s][info][gc,phases   ] GC(414) Concurrent Mark Free 0.001ms
[102.624s][info][gc,phases   ] GC(414) Concurrent Process Non-Strong References 2.060ms
[102.625s][info][gc,phases   ] GC(414) Concurrent Reset Relocation Set 0.009ms
[102.644s][info][gc,phases   ] GC(414) Concurrent Select Relocation Set 19.286ms
[102.644s][info][gc,phases   ] GC(414) Pause Relocate Start 0.013ms
[102.666s][info][gc,phases   ] GC(414) Concurrent Relocate 21.610ms
[102.666s][info][gc,load     ] GC(414) Load: 0.00/0.00/0.00
[102.666s][info][gc,mmu      ] GC(414) MMU: 2ms/96.1%, 5ms/98.4%, 10ms/99.2%, 20ms/99.6%, 50ms/99.8%, 100ms/99.9%
[102.666s][info][gc,marking  ] GC(414) Mark: 8 stripe(s), 2 proactive flush(es), 1 terminate flush(es), 0 completion(s), 0 continuation(s) 
[102.666s][info][gc,marking  ] GC(414) Mark Stack Usage: 32M
[102.666s][info][gc,nmethod  ] GC(414) NMethods: 6738 registered, 4569 unregistered
[102.666s][info][gc,metaspace] GC(414) Metaspace: 65M used, 66M committed, 1088M reserved
[102.666s][info][gc,ref      ] GC(414) Soft: 3048 encountered, 0 discovered, 0 enqueued
[102.666s][info][gc,ref      ] GC(414) Weak: 6372 encountered, 940 discovered, 0 enqueued
[102.666s][info][gc,ref      ] GC(414) Final: 62 encountered, 0 discovered, 0 enqueued
[102.666s][info][gc,ref      ] GC(414) Phantom: 621 encountered, 241 discovered, 0 enqueued
[102.666s][info][gc,reloc    ] GC(414) Small Pages: 133 / 266M, Empty: 0M, Relocated: 23M, In-Place: 0
[102.666s][info][gc,reloc    ] GC(414) Medium Pages: 1 / 32M, Empty: 0M, Relocated: 0M, In-Place: 0
[102.666s][info][gc,reloc    ] GC(414) Large Pages: 4 / 24M, Empty: 0M, Relocated: 0M, In-Place: 0
[102.666s][info][gc,reloc    ] GC(414) Forwarding Usage: 24M
[102.666s][info][gc,heap     ] GC(414) Min Capacity: 8M(1%)
[102.666s][info][gc,heap     ] GC(414) Max Capacity: 1024M(100%)
[102.666s][info][gc,heap     ] GC(414) Soft Max Capacity: 1024M(100%)
[102.666s][info][gc,heap     ] GC(414)                Mark Start          Mark End        Relocate Start      Relocate End           High               Low         
[102.666s][info][gc,heap     ] GC(414)  Capacity:     1024M (100%)       1024M (100%)       1024M (100%)       1024M (100%)       1024M (100%)       1024M (100%)   
[102.666s][info][gc,heap     ] GC(414)      Free:      702M (69%)         636M (62%)         608M (59%)         632M (62%)         702M (69%)         586M (57%)    
[102.666s][info][gc,heap     ] GC(414)      Used:      322M (31%)         388M (38%)         416M (41%)         392M (38%)         438M (43%)         322M (31%)    
[102.666s][info][gc,heap     ] GC(414)      Live:         -               211M (21%)         211M (21%)         211M (21%)            -                  -          
[102.667s][info][gc,heap     ] GC(414) Allocated:         -                66M (6%)           94M (9%)          135M (13%)            -                  -          
[102.667s][info][gc,heap     ] GC(414)   Garbage:         -               110M (11%)         110M (11%)          44M (4%)             -                  -          
[102.667s][info][gc,heap     ] GC(414) Reclaimed:         -                  -                 0M (0%)           65M (6%)             -                  -          
[102.667s][info][gc          ] GC(414) Garbage Collection (Allocation Rate) 322M(31%)->392M(38%)
[102.708s][info][gc,start    ] GC(415) Garbage Collection (Allocation Rate)
[102.708s][info][gc,task     ] GC(415) Using 10 workers
[102.708s][info][gc,phases   ] GC(415) Pause Mark Start 0.017ms
[102.786s][info][gc,phases   ] GC(415) Concurrent Mark 77.740ms
[102.786s][info][gc,phases   ] GC(415) Pause Mark End 0.018ms
[102.786s][info][gc,phases   ] GC(415) Concurrent Mark Free 0.001ms
[102.804s][info][gc,phases   ] GC(415) Concurrent Process Non-Strong References 17.150ms
[102.804s][info][gc,phases   ] GC(415) Concurrent Reset Relocation Set 0.010ms
[102.811s][info][gc,phases   ] GC(415) Concurrent Select Relocation Set 6.836ms
[102.811s][info][gc,phases   ] GC(415) Pause Relocate Start 0.010ms
[102.814s][info][gc,phases   ] GC(415) Concurrent Relocate 2.933ms
[102.814s][info][gc,load     ] GC(415) Load: 0.00/0.00/0.00
[102.814s][info][gc,mmu      ] GC(415) MMU: 2ms/96.1%, 5ms/98.4%, 10ms/99.2%, 20ms/99.6%, 50ms/99.8%, 100ms/99.9%
[102.814s][info][gc,marking  ] GC(415) Mark: 8 stripe(s), 2 proactive flush(es), 1 terminate flush(es), 0 completion(s), 0 continuation(s) 
[102.814s][info][gc,marking  ] GC(415) Mark Stack Usage: 32M
[102.814s][info][gc,nmethod  ] GC(415) NMethods: 6755 registered, 4572 unregistered
[102.814s][info][gc,metaspace] GC(415) Metaspace: 65M used, 66M committed, 1088M reserved
[102.814s][info][gc,ref      ] GC(415) Soft: 3101 encountered, 0 discovered, 0 enqueued
[102.814s][info][gc,ref      ] GC(415) Weak: 6575 encountered, 1008 discovered, 278 enqueued
[102.814s][info][gc,ref      ] GC(415) Final: 62 encountered, 0 discovered, 0 enqueued
[102.814s][info][gc,ref      ] GC(415) Phantom: 621 encountered, 522 discovered, 0 enqueued
[102.814s][info][gc,reloc    ] GC(415) Small Pages: 172 / 344M, Empty: 94M, Relocated: 6M, In-Place: 0
[102.814s][info][gc,reloc    ] GC(415) Medium Pages: 2 / 64M, Empty: 32M, Relocated: 0M, In-Place: 0
[102.814s][info][gc,reloc    ] GC(415) Large Pages: 5 / 30M, Empty: 30M, Relocated: 0M, In-Place: 0
[102.814s][info][gc,reloc    ] GC(415) Forwarding Usage: 2M
[102.814s][info][gc,heap     ] GC(415) Min Capacity: 8M(1%)
[102.814s][info][gc,heap     ] GC(415) Max Capacity: 1024M(100%)
[102.814s][info][gc,heap     ] GC(415) Soft Max Capacity: 1024M(100%)
[102.814s][info][gc,heap     ] GC(415)                Mark Start          Mark End        Relocate Start      Relocate End           High               Low         
[102.814s][info][gc,heap     ] GC(415)  Capacity:     1024M (100%)       1024M (100%)       1024M (100%)       1024M (100%)       1024M (100%)       1024M (100%)   
[102.814s][info][gc,heap     ] GC(415)      Free:      586M (57%)         440M (43%)         576M (56%)         646M (63%)         646M (63%)         418M (41%)    
[102.814s][info][gc,heap     ] GC(415)      Used:      438M (43%)         584M (57%)         448M (44%)         378M (37%)         606M (59%)         378M (37%)    
[102.814s][info][gc,heap     ] GC(415)      Live:         -               167M (16%)         167M (16%)         167M (16%)            -                  -          
[102.814s][info][gc,heap     ] GC(415) Allocated:         -               146M (14%)         166M (16%)         165M (16%)            -                  -          
[102.815s][info][gc,heap     ] GC(415)   Garbage:         -               270M (26%)         114M (11%)          44M (4%)             -                  -          
[102.815s][info][gc,heap     ] GC(415) Reclaimed:         -                  -               156M (15%)         225M (22%)            -                  -          
[102.815s][info][gc          ] GC(415) Garbage Collection (Allocation Rate) 438M(43%)->378M(37%)
[103.005s][info][gc,start    ] GC(416) Garbage Collection (Allocation Rate)
[103.005s][info][gc,task     ] GC(416) Using 10 workers
[103.005s][info][gc,phases   ] GC(416) Pause Mark Start 0.016ms
[103.093s][info][gc,phases   ] GC(416) Concurrent Mark 87.729ms
[103.093s][info][gc,phases   ] GC(416) Pause Mark End 0.040ms
[103.093s][info][gc,phases   ] GC(416) Concurrent Mark Free 0.001ms
[103.097s][info][gc,phases   ] GC(416) Concurrent Process Non-Strong References 3.693ms
[103.097s][info][gc,phases   ] GC(416) Concurrent Reset Relocation Set 0.006ms
[103.100s][info][gc,phases   ] GC(416) Concurrent Select Relocation Set 2.728ms
[103.100s][info][gc,phases   ] GC(416) Pause Relocate Start 0.007ms
[103.103s][info][gc,phases   ] GC(416) Concurrent Relocate 2.763ms
[103.103s][info][gc,load     ] GC(416) Load: 0.00/0.00/0.00
[103.103s][info][gc,mmu      ] GC(416) MMU: 2ms/96.1%, 5ms/98.4%, 10ms/99.2%, 20ms/99.6%, 50ms/99.8%, 100ms/99.9%
[103.103s][info][gc,marking  ] GC(416) Mark: 8 stripe(s), 2 proactive flush(es), 1 terminate flush(es), 0 completion(s), 0 continuation(s) 
[103.103s][info][gc,marking  ] GC(416) Mark Stack Usage: 32M
[103.103s][info][gc,nmethod  ] GC(416) NMethods: 6251 registered, 5144 unregistered
[103.103s][info][gc,metaspace] GC(416) Metaspace: 65M used, 66M committed, 1088M reserved
[103.103s][info][gc,ref      ] GC(416) Soft: 3111 encountered, 0 discovered, 0 enqueued
[103.103s][info][gc,ref      ] GC(416) Weak: 6374 encountered, 1710 discovered, 63 enqueued
[103.103s][info][gc,ref      ] GC(416) Final: 62 encountered, 0 discovered, 0 enqueued
[103.103s][info][gc,ref      ] GC(416) Phantom: 617 encountered, 474 discovered, 0 enqueued
[103.103s][info][gc,reloc    ] GC(416) Small Pages: 231 / 462M, Empty: 250M, Relocated: 4M, In-Place: 0
[103.103s][info][gc,reloc    ] GC(416) Medium Pages: 2 / 64M, Empty: 32M, Relocated: 0M, In-Place: 0
[103.103s][info][gc,reloc    ] GC(416) Large Pages: 4 / 24M, Empty: 24M, Relocated: 0M, In-Place: 0
[103.103s][info][gc,reloc    ] GC(416) Forwarding Usage: 2M
[103.103s][info][gc,heap     ] GC(416) Min Capacity: 8M(1%)
[103.103s][info][gc,heap     ] GC(416) Max Capacity: 1024M(100%)
[103.103s][info][gc,heap     ] GC(416) Soft Max Capacity: 1024M(100%)
[103.103s][info][gc,heap     ] GC(416)                Mark Start          Mark End        Relocate Start      Relocate End           High               Low         
[103.103s][info][gc,heap     ] GC(416)  Capacity:     1024M (100%)       1024M (100%)       1024M (100%)       1024M (100%)       1024M (100%)       1024M (100%)   
[103.103s][info][gc,heap     ] GC(416)      Free:      474M (46%)         316M (31%)         620M (61%)         648M (63%)         648M (63%)         316M (31%)    
[103.103s][info][gc,heap     ] GC(416)      Used:      550M (54%)         708M (69%)         404M (39%)         376M (37%)         708M (69%)         376M (37%)    
[103.103s][info][gc,heap     ] GC(416)      Live:         -               165M (16%)         165M (16%)         165M (16%)            -                  -          
[103.103s][info][gc,heap     ] GC(416) Allocated:         -               158M (15%)         160M (16%)         163M (16%)            -                  -          
[103.103s][info][gc,heap     ] GC(416)   Garbage:         -               384M (38%)          78M (8%)           46M (5%)             -                  -          
[103.103s][info][gc,heap     ] GC(416) Reclaimed:         -                  -               306M (30%)         337M (33%)            -                  -          
[103.103s][info][gc          ] GC(416) Garbage Collection (Allocation Rate) 550M(54%)->376M(37%)
[103.218s][info][gc,start    ] GC(417) Garbage Collection (Allocation Rate)
[103.218s][info][gc,task     ] GC(417) Using 10 workers
[103.218s][info][gc,phases   ] GC(417) Pause Mark Start 0.011ms
[103.312s][info][gc,phases   ] GC(417) Concurrent Mark 93.339ms
[103.312s][info][gc,phases   ] GC(417) Pause Mark End 0.018ms
[103.312s][info][gc,phases   ] GC(417) Concurrent Mark Free 0.001ms
[103.314s][info][gc,phases   ] GC(417) Concurrent Process Non-Strong References 2.121ms
[103.314s][info][gc,phases   ] GC(417) Concurrent Reset Relocation Set 0.002ms
[103.323s][info][gc,phases   ] GC(417) Concurrent Select Relocation Set 9.328ms
[103.324s][info][gc,phases   ] GC(417) Pause Relocate Start 0.008ms
[103.338s][info][gc,phases   ] GC(417) Concurrent Relocate 14.828ms
[103.338s][info][gc,load     ] GC(417) Load: 0.00/0.00/0.00
[103.338s][info][gc,mmu      ] GC(417) MMU: 2ms/96.1%, 5ms/98.4%, 10ms/99.2%, 20ms/99.6%, 50ms/99.8%, 100ms/99.9%
[103.338s][info][gc,marking  ] GC(417) Mark: 8 stripe(s), 2 proactive flush(es), 1 terminate flush(es), 0 completion(s), 0 continuation(s) 
[103.339s][info][gc,marking  ] GC(417) Mark Stack Usage: 32M
[103.339s][info][gc,nmethod  ] GC(417) NMethods: 6250 registered, 5148 unregistered
[103.339s][info][gc,metaspace] GC(417) Metaspace: 65M used, 66M committed, 1088M reserved
[103.339s][info][gc,ref      ] GC(417) Soft: 3126 encountered, 0 discovered, 0 enqueued
[103.339s][info][gc,ref      ] GC(417) Weak: 6453 encountered, 1568 discovered, 143 enqueued
[103.339s][info][gc,ref      ] GC(417) Final: 62 encountered, 1 discovered, 0 enqueued
[103.339s][info][gc,ref      ] GC(417) Phantom: 624 encountered, 332 discovered, 0 enqueued
[103.339s][info][gc,reloc    ] GC(417) Small Pages: 193 / 386M, Empty: 0M, Relocated: 27M, In-Place: 0
[103.339s][info][gc,reloc    ] GC(417) Medium Pages: 2 / 64M, Empty: 32M, Relocated: 0M, In-Place: 0
[103.339s][info][gc,reloc    ] GC(417) Large Pages: 5 / 30M, Empty: 6M, Relocated: 0M, In-Place: 0
[103.339s][info][gc,reloc    ] GC(417) Forwarding Usage: 26M
[103.339s][info][gc,heap     ] GC(417) Min Capacity: 8M(1%)
[103.339s][info][gc,heap     ] GC(417) Max Capacity: 1024M(100%)
[103.339s][info][gc,heap     ] GC(417) Soft Max Capacity: 1024M(100%)
[103.339s][info][gc,heap     ] GC(417)                Mark Start          Mark End        Relocate Start      Relocate End           High               Low         
[103.339s][info][gc,heap     ] GC(417)  Capacity:     1024M (100%)       1024M (100%)       1024M (100%)       1024M (100%)       1024M (100%)       1024M (100%)   
[103.339s][info][gc,heap     ] GC(417)      Free:      544M (53%)         476M (46%)         504M (49%)         682M (67%)         682M (67%)         472M (46%)    
[103.339s][info][gc,heap     ] GC(417)      Used:      480M (47%)         548M (54%)         520M (51%)         342M (33%)         552M (54%)         342M (33%)    
[103.339s][info][gc,heap     ] GC(417)      Live:         -               214M (21%)         214M (21%)         214M (21%)            -                  -          
[103.339s][info][gc,heap     ] GC(417) Allocated:         -                68M (7%)           78M (8%)           86M (8%)             -                  -          
[103.339s][info][gc,heap     ] GC(417)   Garbage:         -               265M (26%)         227M (22%)          41M (4%)             -                  -          
[103.339s][info][gc,heap     ] GC(417) Reclaimed:         -                  -                38M (4%)          224M (22%)            -                  -          
[103.339s][info][gc          ] GC(417) Garbage Collection (Allocation Rate) 480M(47%)->342M(33%)
[103.406s][info][gc,start    ] GC(418) Garbage Collection (Allocation Rate)
[103.406s][info][gc,task     ] GC(418) Using 10 workers
[103.406s][info][gc,phases   ] GC(418) Pause Mark Start 0.016ms
[103.514s][info][gc,phases   ] GC(418) Concurrent Mark 108.196ms
[103.514s][info][gc,phases   ] GC(418) Pause Mark End 0.025ms
[103.514s][info][gc,phases   ] GC(418) Concurrent Mark Free 0.001ms
[103.517s][info][gc,phases   ] GC(418) Concurrent Process Non-Strong References 2.254ms
[103.517s][info][gc,phases   ] GC(418) Concurrent Reset Relocation Set 0.023ms
[103.524s][info][gc,phases   ] GC(418) Concurrent Select Relocation Set 7.431ms
[103.524s][info][gc,phases   ] GC(418) Pause Relocate Start 0.015ms
[103.529s][info][gc,phases   ] GC(418) Concurrent Relocate 4.616ms
[103.529s][info][gc,load     ] GC(418) Load: 0.00/0.00/0.00
[103.529s][info][gc,mmu      ] GC(418) MMU: 2ms/96.1%, 5ms/98.4%, 10ms/99.2%, 20ms/99.6%, 50ms/99.8%, 100ms/99.9%
[103.529s][info][gc,marking  ] GC(418) Mark: 8 stripe(s), 10 proactive flush(es), 1 terminate flush(es), 0 completion(s), 0 continuation(s) 
[103.529s][info][gc,marking  ] GC(418) Mark Stack Usage: 32M
[103.529s][info][gc,nmethod  ] GC(418) NMethods: 6248 registered, 5151 unregistered
[103.529s][info][gc,metaspace] GC(418) Metaspace: 65M used, 66M committed, 1088M reserved
[103.529s][info][gc,ref      ] GC(418) Soft: 3128 encountered, 0 discovered, 0 enqueued
[103.529s][info][gc,ref      ] GC(418) Weak: 6310 encountered, 942 discovered, 0 enqueued
[103.529s][info][gc,ref      ] GC(418) Final: 62 encountered, 0 discovered, 0 enqueued
[103.529s][info][gc,ref      ] GC(418) Phantom: 632 encountered, 511 discovered, 0 enqueued
[103.529s][info][gc,reloc    ] GC(418) Small Pages: 166 / 332M, Empty: 78M, Relocated: 8M, In-Place: 0
[103.529s][info][gc,reloc    ] GC(418) Medium Pages: 1 / 32M, Empty: 0M, Relocated: 0M, In-Place: 0
[103.529s][info][gc,reloc    ] GC(418) Large Pages: 4 / 24M, Empty: 0M, Relocated: 0M, In-Place: 0
[103.529s][info][gc,reloc    ] GC(418) Forwarding Usage: 5M
[103.529s][info][gc,heap     ] GC(418) Min Capacity: 8M(1%)
[103.529s][info][gc,heap     ] GC(418) Max Capacity: 1024M(100%)
[103.529s][info][gc,heap     ] GC(418) Soft Max Capacity: 1024M(100%)
[103.530s][info][gc,heap     ] GC(418)                Mark Start          Mark End        Relocate Start      Relocate End           High               Low         
[103.530s][info][gc,heap     ] GC(418)  Capacity:     1024M (100%)       1024M (100%)       1024M (100%)       1024M (100%)       1024M (100%)       1024M (100%)   
[103.530s][info][gc,heap     ] GC(418)      Free:      636M (62%)         596M (58%)         674M (66%)         724M (71%)         724M (71%)         596M (58%)    
[103.530s][info][gc,heap     ] GC(418)      Used:      388M (38%)         428M (42%)         350M (34%)         300M (29%)         428M (42%)         300M (29%)    
[103.530s][info][gc,heap     ] GC(418)      Live:         -               215M (21%)         215M (21%)         215M (21%)            -                  -          
[103.530s][info][gc,heap     ] GC(418) Allocated:         -                40M (4%)           40M (4%)           40M (4%)             -                  -          
[103.530s][info][gc,heap     ] GC(418)   Garbage:         -               172M (17%)          94M (9%)           44M (4%)             -                  -          
[103.530s][info][gc,heap     ] GC(418) Reclaimed:         -                  -                78M (8%)          128M (13%)            -                  -          
[103.530s][info][gc          ] GC(418) Garbage Collection (Allocation Rate) 388M(38%)->300M(29%)
[103.803s][info][gc,start    ] GC(419) Garbage Collection (Allocation Rate)
[103.803s][info][gc,task     ] GC(419) Using 5 workers
[103.803s][info][gc,phases   ] GC(419) Pause Mark Start 0.016ms
[103.928s][info][gc,phases   ] GC(419) Concurrent Mark 124.551ms
[103.928s][info][gc,phases   ] GC(419) Pause Mark End 0.027ms
[103.928s][info][gc,phases   ] GC(419) Concurrent Mark Free 0.001ms
[103.932s][info][gc,phases   ] GC(419) Concurrent Process Non-Strong References 3.775ms
[103.932s][info][gc,phases   ] GC(419) Concurrent Reset Relocation Set 0.005ms
[103.935s][info][gc,phases   ] GC(419) Concurrent Select Relocation Set 2.770ms
[103.935s][info][gc,phases   ] GC(419) Pause Relocate Start 0.012ms
[103.939s][info][gc,phases   ] GC(419) Concurrent Relocate 4.088ms
[103.939s][info][gc,load     ] GC(419) Load: 0.00/0.00/0.00
[103.939s][info][gc,mmu      ] GC(419) MMU: 2ms/96.1%, 5ms/98.4%, 10ms/99.2%, 20ms/99.6%, 50ms/99.8%, 100ms/99.9%
[103.939s][info][gc,marking  ] GC(419) Mark: 4 stripe(s), 2 proactive flush(es), 1 terminate flush(es), 0 completion(s), 0 continuation(s) 
[103.939s][info][gc,marking  ] GC(419) Mark Stack Usage: 32M
[103.939s][info][gc,nmethod  ] GC(419) NMethods: 6282 registered, 5154 unregistered
[103.939s][info][gc,metaspace] GC(419) Metaspace: 65M used, 66M committed, 1088M reserved
[103.939s][info][gc,ref      ] GC(419) Soft: 3124 encountered, 0 discovered, 0 enqueued
[103.939s][info][gc,ref      ] GC(419) Weak: 6382 encountered, 1191 discovered, 31 enqueued
[103.939s][info][gc,ref      ] GC(419) Final: 62 encountered, 5 discovered, 0 enqueued
[103.939s][info][gc,ref      ] GC(419) Phantom: 621 encountered, 438 discovered, 0 enqueued
[103.939s][info][gc,reloc    ] GC(419) Small Pages: 174 / 348M, Empty: 52M, Relocated: 6M, In-Place: 0
[103.939s][info][gc,reloc    ] GC(419) Medium Pages: 1 / 32M, Empty: 0M, Relocated: 0M, In-Place: 0
[103.939s][info][gc,reloc    ] GC(419) Large Pages: 5 / 30M, Empty: 30M, Relocated: 0M, In-Place: 0
[103.939s][info][gc,reloc    ] GC(419) Forwarding Usage: 3M
[103.939s][info][gc,heap     ] GC(419) Min Capacity: 8M(1%)
[103.939s][info][gc,heap     ] GC(419) Max Capacity: 1024M(100%)
[103.939s][info][gc,heap     ] GC(419) Soft Max Capacity: 1024M(100%)
[103.940s][info][gc,heap     ] GC(419)                Mark Start          Mark End        Relocate Start      Relocate End           High               Low         
[103.940s][info][gc,heap     ] GC(419)  Capacity:     1024M (100%)       1024M (100%)       1024M (100%)       1024M (100%)       1024M (100%)       1024M (100%)   
[103.940s][info][gc,heap     ] GC(419)      Free:      614M (60%)         262M (26%)         336M (33%)         448M (44%)         614M (60%)         254M (25%)    
[103.940s][info][gc,heap     ] GC(419)      Used:      410M (40%)         762M (74%)         688M (67%)         576M (56%)         770M (75%)         410M (40%)    
[103.940s][info][gc,heap     ] GC(419)      Live:         -               170M (17%)         170M (17%)         170M (17%)            -                  -          
[103.940s][info][gc,heap     ] GC(419) Allocated:         -               352M (34%)         360M (35%)         367M (36%)            -                  -          
[103.940s][info][gc,heap     ] GC(419)   Garbage:         -               239M (23%)         157M (15%)          37M (4%)             -                  -          
[103.940s][info][gc,heap     ] GC(419) Reclaimed:         -                  -                82M (8%)          201M (20%)            -                  -          
[103.940s][info][gc          ] GC(419) Garbage Collection (Allocation Rate) 410M(40%)->576M(56%)
[104.006s][info][gc,start    ] GC(420) Garbage Collection (Allocation Rate)
[104.006s][info][gc,task     ] GC(420) Using 10 workers
[104.006s][info][gc,phases   ] GC(420) Pause Mark Start 0.014ms
[104.115s][info][gc,phases   ] GC(420) Concurrent Mark 109.031ms
[104.116s][info][gc,phases   ] GC(420) Pause Mark End 0.036ms
[104.116s][info][gc,phases   ] GC(420) Concurrent Mark Free 0.001ms
[104.118s][info][gc,phases   ] GC(420) Concurrent Process Non-Strong References 2.030ms
[104.118s][info][gc,phases   ] GC(420) Concurrent Reset Relocation Set 0.008ms
[104.136s][info][gc,phases   ] GC(420) Concurrent Select Relocation Set 18.617ms
[104.137s][info][gc,phases   ] GC(420) Pause Relocate Start 0.010ms
[104.171s][info][gc,phases   ] GC(420) Concurrent Relocate 34.506ms
[104.171s][info][gc,load     ] GC(420) Load: 0.00/0.00/0.00
[104.171s][info][gc,mmu      ] GC(420) MMU: 2ms/96.1%, 5ms/98.4%, 10ms/99.2%, 20ms/99.6%, 50ms/99.8%, 100ms/99.9%
[104.171s][info][gc,marking  ] GC(420) Mark: 8 stripe(s), 2 proactive flush(es), 1 terminate flush(es), 0 completion(s), 0 continuation(s) 
[104.171s][info][gc,marking  ] GC(420) Mark Stack Usage: 32M
[104.171s][info][gc,nmethod  ] GC(420) NMethods: 6283 registered, 5154 unregistered
[104.171s][info][gc,metaspace] GC(420) Metaspace: 65M used, 66M committed, 1088M reserved
[104.171s][info][gc,ref      ] GC(420) Soft: 3124 encountered, 0 discovered, 0 enqueued
[104.171s][info][gc,ref      ] GC(420) Weak: 6353 encountered, 942 discovered, 5 enqueued
[104.171s][info][gc,ref      ] GC(420) Final: 62 encountered, 2 discovered, 0 enqueued
[104.171s][info][gc,ref      ] GC(420) Phantom: 617 encountered, 375 discovered, 0 enqueued
[104.171s][info][gc,reloc    ] GC(420) Small Pages: 332 / 664M, Empty: 0M, Relocated: 58M, In-Place: 0
[104.171s][info][gc,reloc    ] GC(420) Medium Pages: 2 / 64M, Empty: 0M, Relocated: 18M, In-Place: 0
[104.171s][info][gc,reloc    ] GC(420) Large Pages: 0 / 0M, Empty: 0M, Relocated: 0M, In-Place: 0
[104.171s][info][gc,reloc    ] GC(420) Forwarding Usage: 55M
[104.171s][info][gc,heap     ] GC(420) Min Capacity: 8M(1%)
[104.171s][info][gc,heap     ] GC(420) Max Capacity: 1024M(100%)
[104.171s][info][gc,heap     ] GC(420) Soft Max Capacity: 1024M(100%)
[104.171s][info][gc,heap     ] GC(420)                Mark Start          Mark End        Relocate Start      Relocate End           High               Low         
[104.171s][info][gc,heap     ] GC(420)  Capacity:     1024M (100%)       1024M (100%)       1024M (100%)       1024M (100%)       1024M (100%)       1024M (100%)   
[104.171s][info][gc,heap     ] GC(420)      Free:      296M (29%)          98M (10%)          98M (10%)         556M (54%)         556M (54%)          48M (5%)     
[104.171s][info][gc,heap     ] GC(420)      Used:      728M (71%)         926M (90%)         926M (90%)         468M (46%)         976M (95%)         468M (46%)    
[104.171s][info][gc,heap     ] GC(420)      Live:         -               231M (23%)         231M (23%)         231M (23%)            -                  -          
[104.171s][info][gc,heap     ] GC(420) Allocated:         -               198M (19%)         198M (19%)         199M (19%)            -                  -          
[104.171s][info][gc,heap     ] GC(420)   Garbage:         -               496M (48%)         496M (48%)          37M (4%)             -                  -          
[104.171s][info][gc,heap     ] GC(420) Reclaimed:         -                  -                 0M (0%)          459M (45%)            -                  -          
[104.171s][info][gc          ] GC(420) Garbage Collection (Allocation Rate) 728M(71%)->468M(46%)
[104.203s][info][gc,start    ] GC(421) Garbage Collection (Allocation Rate)
[104.203s][info][gc,task     ] GC(421) Using 10 workers
[104.203s][info][gc,phases   ] GC(421) Pause Mark Start 0.015ms
[104.347s][info][gc,phases   ] GC(421) Concurrent Mark 144.059ms
[104.347s][info][gc,phases   ] GC(421) Pause Mark End 0.021ms
[104.347s][info][gc,phases   ] GC(421) Concurrent Mark Free 0.001ms
[104.349s][info][gc,phases   ] GC(421) Concurrent Process Non-Strong References 2.184ms
[104.349s][info][gc,phases   ] GC(421) Concurrent Reset Relocation Set 0.048ms
[104.359s][info][gc,phases   ] GC(421) Concurrent Select Relocation Set 9.870ms
[104.360s][info][gc,phases   ] GC(421) Pause Relocate Start 0.009ms
[104.377s][info][gc,phases   ] GC(421) Concurrent Relocate 17.037ms
[104.377s][info][gc,load     ] GC(421) Load: 0.00/0.00/0.00
[104.377s][info][gc,mmu      ] GC(421) MMU: 2ms/96.1%, 5ms/98.4%, 10ms/99.2%, 20ms/99.6%, 50ms/99.8%, 100ms/99.9%
[104.377s][info][gc,marking  ] GC(421) Mark: 8 stripe(s), 2 proactive flush(es), 1 terminate flush(es), 0 completion(s), 0 continuation(s) 
[104.377s][info][gc,marking  ] GC(421) Mark Stack Usage: 32M
[104.377s][info][gc,nmethod  ] GC(421) NMethods: 6284 registered, 5154 unregistered
[104.377s][info][gc,metaspace] GC(421) Metaspace: 65M used, 66M committed, 1088M reserved
[104.377s][info][gc,ref      ] GC(421) Soft: 3124 encountered, 0 discovered, 0 enqueued
[104.377s][info][gc,ref      ] GC(421) Weak: 6347 encountered, 1339 discovered, 0 enqueued
[104.377s][info][gc,ref      ] GC(421) Final: 62 encountered, 18 discovered, 0 enqueued
[104.377s][info][gc,ref      ] GC(421) Phantom: 617 encountered, 456 discovered, 0 enqueued
[104.377s][info][gc,reloc    ] GC(421) Small Pages: 190 / 380M, Empty: 0M, Relocated: 18M, In-Place: 0
[104.377s][info][gc,reloc    ] GC(421) Medium Pages: 2 / 64M, Empty: 0M, Relocated: 14M, In-Place: 0
[104.377s][info][gc,reloc    ] GC(421) Large Pages: 4 / 24M, Empty: 0M, Relocated: 0M, In-Place: 0
[104.377s][info][gc,reloc    ] GC(421) Forwarding Usage: 17M
[104.377s][info][gc,heap     ] GC(421) Min Capacity: 8M(1%)
[104.377s][info][gc,heap     ] GC(421) Max Capacity: 1024M(100%)
[104.377s][info][gc,heap     ] GC(421) Soft Max Capacity: 1024M(100%)
[104.377s][info][gc,heap     ] GC(421)                Mark Start          Mark End        Relocate Start      Relocate End           High               Low         
[104.377s][info][gc,heap     ] GC(421)  Capacity:     1024M (100%)       1024M (100%)       1024M (100%)       1024M (100%)       1024M (100%)       1024M (100%)   
[104.377s][info][gc,heap     ] GC(421)      Free:      556M (54%)         488M (48%)         452M (44%)         612M (60%)         612M (60%)         404M (39%)    
[104.377s][info][gc,heap     ] GC(421)      Used:      468M (46%)         536M (52%)         572M (56%)         412M (40%)         620M (61%)         412M (40%)    
[104.377s][info][gc,heap     ] GC(421)      Live:         -               267M (26%)         267M (26%)         267M (26%)            -                  -          
[104.377s][info][gc,heap     ] GC(421) Allocated:         -                68M (7%)          104M (10%)         107M (10%)            -                  -          
[104.377s][info][gc,heap     ] GC(421)   Garbage:         -               200M (20%)         200M (20%)          37M (4%)             -                  -          
[104.377s][info][gc,heap     ] GC(421) Reclaimed:         -                  -                 0M (0%)          163M (16%)            -                  -          
[104.377s][info][gc          ] GC(421) Garbage Collection (Allocation Rate) 468M(46%)->412M(40%)
[104.410s][info][gc,start    ] GC(422) Garbage Collection (Allocation Rate)
[104.410s][info][gc,task     ] GC(422) Using 10 workers
[104.410s][info][gc,phases   ] GC(422) Pause Mark Start 0.015ms
[104.516s][info][gc,phases   ] GC(422) Concurrent Mark 106.013ms
[104.516s][info][gc,phases   ] GC(422) Pause Mark End 0.033ms
[104.516s][info][gc,phases   ] GC(422) Concurrent Mark Free 0.001ms
[104.518s][info][gc,phases   ] GC(422) Concurrent Process Non-Strong References 1.778ms
[104.518s][info][gc,phases   ] GC(422) Concurrent Reset Relocation Set 0.013ms
[104.550s][info][gc,phases   ] GC(422) Concurrent Select Relocation Set 31.830ms
[104.551s][info][gc,phases   ] GC(422) Pause Relocate Start 0.009ms
[104.582s][info][gc,phases   ] GC(422) Concurrent Relocate 31.226ms
[104.582s][info][gc,load     ] GC(422) Load: 0.00/0.00/0.00
[104.582s][info][gc,mmu      ] GC(422) MMU: 2ms/96.1%, 5ms/98.4%, 10ms/99.2%, 20ms/99.6%, 50ms/99.8%, 100ms/99.9%
[104.582s][info][gc,marking  ] GC(422) Mark: 8 stripe(s), 2 proactive flush(es), 1 terminate flush(es), 0 completion(s), 0 continuation(s) 
[104.582s][info][gc,marking  ] GC(422) Mark Stack Usage: 32M
[104.582s][info][gc,nmethod  ] GC(422) NMethods: 6301 registered, 5154 unregistered
[104.582s][info][gc,metaspace] GC(422) Metaspace: 65M used, 66M committed, 1088M reserved
[104.582s][info][gc,ref      ] GC(422) Soft: 3126 encountered, 0 discovered, 0 enqueued
[104.582s][info][gc,ref      ] GC(422) Weak: 6342 encountered, 690 discovered, 0 enqueued
[104.582s][info][gc,ref      ] GC(422) Final: 62 encountered, 1 discovered, 0 enqueued
[104.582s][info][gc,ref      ] GC(422) Phantom: 617 encountered, 455 discovered, 0 enqueued
[104.582s][info][gc,reloc    ] GC(422) Small Pages: 149 / 298M, Empty: 34M, Relocated: 41M, In-Place: 0
[104.582s][info][gc,reloc    ] GC(422) Medium Pages: 3 / 96M, Empty: 0M, Relocated: 13M, In-Place: 0
[104.582s][info][gc,reloc    ] GC(422) Large Pages: 5 / 30M, Empty: 24M, Relocated: 0M, In-Place: 0
[104.582s][info][gc,reloc    ] GC(422) Forwarding Usage: 36M
[104.582s][info][gc,heap     ] GC(422) Min Capacity: 8M(1%)
[104.582s][info][gc,heap     ] GC(422) Max Capacity: 1024M(100%)
[104.582s][info][gc,heap     ] GC(422) Soft Max Capacity: 1024M(100%)
[104.582s][info][gc,heap     ] GC(422)                Mark Start          Mark End        Relocate Start      Relocate End           High               Low         
[104.582s][info][gc,heap     ] GC(422)  Capacity:     1024M (100%)       1024M (100%)       1024M (100%)       1024M (100%)       1024M (100%)       1024M (100%)   
[104.582s][info][gc,heap     ] GC(422)      Free:      600M (59%)         526M (51%)         532M (52%)         584M (57%)         600M (59%)         488M (48%)    
[104.582s][info][gc,heap     ] GC(422)      Used:      424M (41%)         498M (49%)         492M (48%)         440M (43%)         536M (52%)         424M (41%)    
[104.582s][info][gc,heap     ] GC(422)      Live:         -               231M (23%)         231M (23%)         231M (23%)            -                  -          
[104.582s][info][gc,heap     ] GC(422) Allocated:         -                74M (7%)          126M (12%)         150M (15%)            -                  -          
[104.582s][info][gc,heap     ] GC(422)   Garbage:         -               192M (19%)         134M (13%)          58M (6%)             -                  -          
[104.582s][info][gc,heap     ] GC(422) Reclaimed:         -                  -                58M (6%)          134M (13%)            -                  -          
[104.582s][info][gc          ] GC(422) Garbage Collection (Allocation Rate) 424M(41%)->440M(43%)
[104.610s][info][gc,start    ] GC(423) Garbage Collection (Allocation Rate)
[104.610s][info][gc,task     ] GC(423) Using 10 workers
[104.610s][info][gc,phases   ] GC(423) Pause Mark Start 0.012ms
[104.750s][info][gc,phases   ] GC(423) Concurrent Mark 139.382ms
[104.750s][info][gc,phases   ] GC(423) Pause Mark End 0.029ms
[104.750s][info][gc,phases   ] GC(423) Concurrent Mark Free 0.001ms
[104.753s][info][gc,phases   ] GC(423) Concurrent Process Non-Strong References 2.997ms
[104.754s][info][gc,phases   ] GC(423) Concurrent Reset Relocation Set 0.008ms
[104.759s][info][gc,phases   ] GC(423) Concurrent Select Relocation Set 5.275ms
[104.759s][info][gc,phases   ] GC(423) Pause Relocate Start 0.015ms
[104.775s][info][gc,phases   ] GC(423) Concurrent Relocate 15.539ms
[104.775s][info][gc,load     ] GC(423) Load: 0.00/0.00/0.00
[104.775s][info][gc,mmu      ] GC(423) MMU: 2ms/96.1%, 5ms/98.4%, 10ms/99.2%, 20ms/99.6%, 50ms/99.8%, 100ms/99.9%
[104.775s][info][gc,marking  ] GC(423) Mark: 8 stripe(s), 4 proactive flush(es), 1 terminate flush(es), 0 completion(s), 0 continuation(s) 
[104.775s][info][gc,marking  ] GC(423) Mark Stack Usage: 32M
[104.775s][info][gc,nmethod  ] GC(423) NMethods: 6311 registered, 21 unregistered
[104.775s][info][gc,metaspace] GC(423) Metaspace: 65M used, 66M committed, 1088M reserved
[104.775s][info][gc,ref      ] GC(423) Soft: 3133 encountered, 0 discovered, 0 enqueued
[104.775s][info][gc,ref      ] GC(423) Weak: 6351 encountered, 2016 discovered, 3 enqueued
[104.775s][info][gc,ref      ] GC(423) Final: 62 encountered, 5 discovered, 0 enqueued
[104.775s][info][gc,ref      ] GC(423) Phantom: 617 encountered, 374 discovered, 0 enqueued
[104.775s][info][gc,reloc    ] GC(423) Small Pages: 146 / 292M, Empty: 2M, Relocated: 17M, In-Place: 0
[104.775s][info][gc,reloc    ] GC(423) Medium Pages: 5 / 160M, Empty: 0M, Relocated: 19M, In-Place: 0
[104.775s][info][gc,reloc    ] GC(423) Large Pages: 9 / 58M, Empty: 18M, Relocated: 0M, In-Place: 0
[104.775s][info][gc,reloc    ] GC(423) Forwarding Usage: 15M
[104.775s][info][gc,heap     ] GC(423) Min Capacity: 8M(1%)
[104.775s][info][gc,heap     ] GC(423) Max Capacity: 1024M(100%)
[104.775s][info][gc,heap     ] GC(423) Soft Max Capacity: 1024M(100%)
[104.775s][info][gc,heap     ] GC(423)                Mark Start          Mark End        Relocate Start      Relocate End           High               Low         
[104.775s][info][gc,heap     ] GC(423)  Capacity:     1024M (100%)       1024M (100%)       1024M (100%)       1024M (100%)       1024M (100%)       1024M (100%)   
[104.775s][info][gc,heap     ] GC(423)      Free:      514M (50%)         174M (17%)         180M (18%)         320M (31%)         514M (50%)         138M (13%)    
[104.775s][info][gc,heap     ] GC(423)      Used:      510M (50%)         850M (83%)         844M (82%)         704M (69%)         886M (87%)         510M (50%)    
[104.775s][info][gc,heap     ] GC(423)      Live:         -               274M (27%)         274M (27%)         274M (27%)            -                  -          
[104.775s][info][gc,heap     ] GC(423) Allocated:         -               340M (33%)         354M (35%)         381M (37%)            -                  -          
[104.775s][info][gc,heap     ] GC(423)   Garbage:         -               235M (23%)         215M (21%)          47M (5%)             -                  -          
[104.775s][info][gc,heap     ] GC(423) Reclaimed:         -                  -                20M (2%)          187M (18%)            -                  -          
[104.775s][info][gc          ] GC(423) Garbage Collection (Allocation Rate) 510M(50%)->704M(69%)
[104.804s][info][gc,start    ] GC(424) Garbage Collection (Allocation Rate)
[104.804s][info][gc,task     ] GC(424) Using 10 workers
[104.804s][info][gc,phases   ] GC(424) Pause Mark Start 0.011ms
[104.901s][info][gc,phases   ] GC(424) Concurrent Mark 97.107ms
[104.902s][info][gc,phases   ] GC(424) Pause Mark End 0.026ms
[104.902s][info][gc,phases   ] GC(424) Concurrent Mark Free 0.001ms
[104.904s][info][gc,phases   ] GC(424) Concurrent Process Non-Strong References 2.240ms
[104.904s][info][gc,phases   ] GC(424) Concurrent Reset Relocation Set 0.007ms
[104.925s][info][gc,phases   ] GC(424) Concurrent Select Relocation Set 20.778ms
[104.925s][info][gc,phases   ] GC(424) Pause Relocate Start 0.011ms
[104.948s][info][gc,phases   ] GC(424) Concurrent Relocate 23.309ms
[104.948s][info][gc,load     ] GC(424) Load: 0.00/0.00/0.00
[104.948s][info][gc,mmu      ] GC(424) MMU: 2ms/96.1%, 5ms/98.4%, 10ms/99.2%, 20ms/99.6%, 50ms/99.8%, 100ms/99.9%
[104.948s][info][gc,marking  ] GC(424) Mark: 8 stripe(s), 2 proactive flush(es), 1 terminate flush(es), 0 completion(s), 0 continuation(s) 
[104.948s][info][gc,marking  ] GC(424) Mark Stack Usage: 32M
[104.948s][info][gc,nmethod  ] GC(424) NMethods: 6321 registered, 23 unregistered
[104.948s][info][gc,metaspace] GC(424) Metaspace: 65M used, 66M committed, 1088M reserved
[104.948s][info][gc,ref      ] GC(424) Soft: 3130 encountered, 0 discovered, 0 enqueued
[104.948s][info][gc,ref      ] GC(424) Weak: 6369 encountered, 2871 discovered, 7 enqueued
[104.948s][info][gc,ref      ] GC(424) Final: 62 encountered, 1 discovered, 0 enqueued
[104.949s][info][gc,ref      ] GC(424) Phantom: 617 encountered, 515 discovered, 0 enqueued
[104.949s][info][gc,reloc    ] GC(424) Small Pages: 219 / 438M, Empty: 14M, Relocated: 33M, In-Place: 0
[104.949s][info][gc,reloc    ] GC(424) Medium Pages: 4 / 128M, Empty: 0M, Relocated: 26M, In-Place: 0
[104.949s][info][gc,reloc    ] GC(424) Large Pages: 28 / 192M, Empty: 148M, Relocated: 0M, In-Place: 0
[104.949s][info][gc,reloc    ] GC(424) Forwarding Usage: 32M
[104.949s][info][gc,heap     ] GC(424) Min Capacity: 8M(1%)
[104.949s][info][gc,heap     ] GC(424) Max Capacity: 1024M(100%)
[104.949s][info][gc,heap     ] GC(424) Soft Max Capacity: 1024M(100%)
[104.949s][info][gc,heap     ] GC(424)                Mark Start          Mark End        Relocate Start      Relocate End           High               Low         
[104.949s][info][gc,heap     ] GC(424)  Capacity:     1024M (100%)       1024M (100%)       1024M (100%)       1024M (100%)       1024M (100%)       1024M (100%)   
[104.949s][info][gc,heap     ] GC(424)      Free:      266M (26%)         104M (10%)         234M (23%)         494M (48%)         494M (48%)         102M (10%)    
[104.949s][info][gc,heap     ] GC(424)      Used:      758M (74%)         920M (90%)         790M (77%)         530M (52%)         922M (90%)         530M (52%)    
[104.949s][info][gc,heap     ] GC(424)      Live:         -               258M (25%)         258M (25%)         258M (25%)            -                  -          
[104.949s][info][gc,heap     ] GC(424) Allocated:         -               162M (16%)         194M (19%)         245M (24%)            -                  -          
[104.949s][info][gc,heap     ] GC(424)   Garbage:         -               499M (49%)         337M (33%)          25M (3%)             -                  -          
[104.949s][info][gc,heap     ] GC(424) Reclaimed:         -                  -               162M (16%)         473M (46%)            -                  -          
[104.949s][info][gc          ] GC(424) Garbage Collection (Allocation Rate) 758M(74%)->530M(52%)
[105.011s][info][gc,start    ] GC(425) Garbage Collection (Allocation Rate)
[105.011s][info][gc,task     ] GC(425) Using 10 workers
[105.011s][info][gc,phases   ] GC(425) Pause Mark Start 0.013ms
[105.104s][info][gc,phases   ] GC(425) Concurrent Mark 93.325ms
[105.105s][info][gc,phases   ] GC(425) Pause Mark End 0.025ms
[105.105s][info][gc,phases   ] GC(425) Concurrent Mark Free 0.001ms
[105.107s][info][gc,phases   ] GC(425) Concurrent Process Non-Strong References 1.843ms
[105.107s][info][gc,phases   ] GC(425) Concurrent Reset Relocation Set 0.033ms
[105.114s][info][gc,phases   ] GC(425) Concurrent Select Relocation Set 7.485ms
[105.114s][info][gc,phases   ] GC(425) Pause Relocate Start 0.009ms
[105.124s][info][gc,phases   ] GC(425) Concurrent Relocate 9.492ms
[105.124s][info][gc,load     ] GC(425) Load: 0.00/0.00/0.00
[105.124s][info][gc,mmu      ] GC(425) MMU: 2ms/96.1%, 5ms/98.4%, 10ms/99.2%, 20ms/99.6%, 50ms/99.8%, 100ms/99.9%
[105.124s][info][gc,marking  ] GC(425) Mark: 8 stripe(s), 2 proactive flush(es), 1 terminate flush(es), 0 completion(s), 0 continuation(s) 
[105.124s][info][gc,marking  ] GC(425) Mark Stack Usage: 32M
[105.124s][info][gc,nmethod  ] GC(425) NMethods: 6322 registered, 23 unregistered
[105.124s][info][gc,metaspace] GC(425) Metaspace: 65M used, 66M committed, 1088M reserved
[105.124s][info][gc,ref      ] GC(425) Soft: 3130 encountered, 0 discovered, 0 enqueued
[105.124s][info][gc,ref      ] GC(425) Weak: 6363 encountered, 750 discovered, 102 enqueued
[105.124s][info][gc,ref      ] GC(425) Final: 62 encountered, 2 discovered, 0 enqueued
[105.124s][info][gc,ref      ] GC(425) Phantom: 617 encountered, 514 discovered, 0 enqueued
[105.124s][info][gc,reloc    ] GC(425) Small Pages: 266 / 532M, Empty: 214M, Relocated: 17M, In-Place: 0
[105.124s][info][gc,reloc    ] GC(425) Medium Pages: 2 / 64M, Empty: 32M, Relocated: 0M, In-Place: 0
[105.124s][info][gc,reloc    ] GC(425) Large Pages: 13 / 86M, Empty: 68M, Relocated: 0M, In-Place: 0
[105.124s][info][gc,reloc    ] GC(425) Forwarding Usage: 15M
[105.124s][info][gc,heap     ] GC(425) Min Capacity: 8M(1%)
[105.124s][info][gc,heap     ] GC(425) Max Capacity: 1024M(100%)
[105.124s][info][gc,heap     ] GC(425) Soft Max Capacity: 1024M(100%)
[105.124s][info][gc,heap     ] GC(425)                Mark Start          Mark End        Relocate Start      Relocate End           High               Low         
[105.124s][info][gc,heap     ] GC(425)  Capacity:     1024M (100%)       1024M (100%)       1024M (100%)       1024M (100%)       1024M (100%)       1024M (100%)   
[105.124s][info][gc,heap     ] GC(425)      Free:      342M (33%)         208M (20%)         498M (49%)         550M (54%)         556M (54%)         206M (20%)    
[105.124s][info][gc,heap     ] GC(425)      Used:      682M (67%)         816M (80%)         526M (51%)         474M (46%)         818M (80%)         468M (46%)    
[105.125s][info][gc,heap     ] GC(425)      Live:         -               247M (24%)         247M (24%)         247M (24%)            -                  -          
[105.125s][info][gc,heap     ] GC(425) Allocated:         -               134M (13%)         158M (15%)         179M (18%)            -                  -          
[105.125s][info][gc,heap     ] GC(425)   Garbage:         -               434M (42%)         120M (12%)          46M (5%)             -                  -          
[105.125s][info][gc,heap     ] GC(425) Reclaimed:         -                  -               314M (31%)         387M (38%)            -                  -          
[105.125s][info][gc          ] GC(425) Garbage Collection (Allocation Rate) 682M(67%)->474M(46%)
[105.214s][info][gc,start    ] GC(426) Garbage Collection (Allocation Rate)
[105.214s][info][gc,task     ] GC(426) Using 10 workers
[105.214s][info][gc,phases   ] GC(426) Pause Mark Start 0.013ms
[105.339s][info][gc,phases   ] GC(426) Concurrent Mark 124.602ms
[105.339s][info][gc,phases   ] GC(426) Pause Mark End 0.029ms
[105.339s][info][gc,phases   ] GC(426) Concurrent Mark Free 0.001ms
[105.342s][info][gc,phases   ] GC(426) Concurrent Process Non-Strong References 2.648ms
[105.342s][info][gc,phases   ] GC(426) Concurrent Reset Relocation Set 0.010ms
[105.348s][info][gc,phases   ] GC(426) Concurrent Select Relocation Set 6.313ms
[105.348s][info][gc,phases   ] GC(426) Pause Relocate Start 0.011ms
[105.354s][info][gc,phases   ] GC(426) Concurrent Relocate 5.504ms
[105.354s][info][gc,load     ] GC(426) Load: 0.00/0.00/0.00
[105.354s][info][gc,mmu      ] GC(426) MMU: 2ms/96.1%, 5ms/98.4%, 10ms/99.2%, 20ms/99.6%, 50ms/99.8%, 100ms/99.9%
[105.354s][info][gc,marking  ] GC(426) Mark: 8 stripe(s), 10 proactive flush(es), 1 terminate flush(es), 0 completion(s), 0 continuation(s) 
[105.354s][info][gc,marking  ] GC(426) Mark Stack Usage: 32M
[105.354s][info][gc,nmethod  ] GC(426) NMethods: 6322 registered, 23 unregistered
[105.354s][info][gc,metaspace] GC(426) Metaspace: 65M used, 66M committed, 1088M reserved
[105.354s][info][gc,ref      ] GC(426) Soft: 3130 encountered, 0 discovered, 0 enqueued
[105.354s][info][gc,ref      ] GC(426) Weak: 6267 encountered, 381 discovered, 2 enqueued
[105.354s][info][gc,ref      ] GC(426) Final: 62 encountered, 1 discovered, 0 enqueued
[105.354s][info][gc,ref      ] GC(426) Phantom: 617 encountered, 610 discovered, 0 enqueued
[105.354s][info][gc,reloc    ] GC(426) Small Pages: 284 / 568M, Empty: 254M, Relocated: 3M, In-Place: 0
[105.354s][info][gc,reloc    ] GC(426) Medium Pages: 1 / 32M, Empty: 0M, Relocated: 0M, In-Place: 0
[105.354s][info][gc,reloc    ] GC(426) Large Pages: 4 / 24M, Empty: 12M, Relocated: 0M, In-Place: 0
[105.354s][info][gc,reloc    ] GC(426) Forwarding Usage: 2M
[105.354s][info][gc,heap     ] GC(426) Min Capacity: 8M(1%)
[105.354s][info][gc,heap     ] GC(426) Max Capacity: 1024M(100%)
[105.354s][info][gc,heap     ] GC(426) Soft Max Capacity: 1024M(100%)
[105.354s][info][gc,heap     ] GC(426)                Mark Start          Mark End        Relocate Start      Relocate End           High               Low         
[105.354s][info][gc,heap     ] GC(426)  Capacity:     1024M (100%)       1024M (100%)       1024M (100%)       1024M (100%)       1024M (100%)       1024M (100%)   
[105.354s][info][gc,heap     ] GC(426)      Free:      400M (39%)         296M (29%)         562M (55%)         576M (56%)         576M (56%)         296M (29%)    
[105.355s][info][gc,heap     ] GC(426)      Used:      624M (61%)         728M (71%)         462M (45%)         448M (44%)         728M (71%)         448M (44%)    
[105.355s][info][gc,heap     ] GC(426)      Live:         -               292M (29%)         292M (29%)         292M (29%)            -                  -          
[105.355s][info][gc,heap     ] GC(426) Allocated:         -               104M (10%)         104M (10%)         104M (10%)            -                  -          
[105.355s][info][gc,heap     ] GC(426)   Garbage:         -               331M (32%)          65M (6%)           51M (5%)             -                  -          
[105.355s][info][gc,heap     ] GC(426) Reclaimed:         -                  -               266M (26%)         280M (27%)            -                  -          
[105.355s][info][gc          ] GC(426) Garbage Collection (Allocation Rate) 624M(61%)->448M(44%)
[105.355s][info][gc,start    ] GC(427) Garbage Collection (System.gc())
[105.355s][info][gc,task     ] GC(427) Using 10 workers
[105.355s][info][gc,phases   ] GC(427) Pause Mark Start 0.012ms
[105.419s][info][gc,phases   ] GC(427) Concurrent Mark 64.313ms
[105.419s][info][gc,phases   ] GC(427) Pause Mark End 0.034ms
[105.420s][info][gc,phases   ] GC(427) Concurrent Mark Free 0.001ms
[105.421s][info][gc,phases   ] GC(427) Concurrent Process Non-Strong References 1.968ms
[105.422s][info][gc,phases   ] GC(427) Concurrent Reset Relocation Set 0.002ms
[105.424s][info][gc,phases   ] GC(427) Concurrent Select Relocation Set 2.456ms
[105.424s][info][gc,phases   ] GC(427) Pause Relocate Start 0.006ms
[105.426s][info][gc,phases   ] GC(427) Concurrent Relocate 1.746ms
[105.426s][info][gc,load     ] GC(427) Load: 0.00/0.00/0.00
[105.426s][info][gc,mmu      ] GC(427) MMU: 2ms/96.1%, 5ms/98.4%, 10ms/99.2%, 20ms/99.6%, 50ms/99.8%, 100ms/99.9%
[105.426s][info][gc,marking  ] GC(427) Mark: 8 stripe(s), 1 proactive flush(es), 1 terminate flush(es), 0 completion(s), 0 continuation(s) 
[105.426s][info][gc,marking  ] GC(427) Mark Stack Usage: 32M
[105.426s][info][gc,nmethod  ] GC(427) NMethods: 6323 registered, 23 unregistered
[105.426s][info][gc,metaspace] GC(427) Metaspace: 65M used, 66M committed, 1088M reserved
[105.426s][info][gc,ref      ] GC(427) Soft: 3130 encountered, 0 discovered, 0 enqueued
[105.426s][info][gc,ref      ] GC(427) Weak: 6265 encountered, 854 discovered, 2 enqueued
[105.426s][info][gc,ref      ] GC(427) Final: 62 encountered, 4 discovered, 0 enqueued
[105.426s][info][gc,ref      ] GC(427) Phantom: 617 encountered, 604 discovered, 0 enqueued
[105.426s][info][gc,reloc    ] GC(427) Small Pages: 202 / 404M, Empty: 180M, Relocated: 4M, In-Place: 0
[105.426s][info][gc,reloc    ] GC(427) Medium Pages: 1 / 32M, Empty: 0M, Relocated: 0M, In-Place: 0
[105.426s][info][gc,reloc    ] GC(427) Large Pages: 2 / 12M, Empty: 12M, Relocated: 0M, In-Place: 0
[105.426s][info][gc,reloc    ] GC(427) Forwarding Usage: 2M
[105.426s][info][gc,heap     ] GC(427) Min Capacity: 8M(1%)
[105.426s][info][gc,heap     ] GC(427) Max Capacity: 1024M(100%)
[105.426s][info][gc,heap     ] GC(427) Soft Max Capacity: 1024M(100%)
[105.426s][info][gc,heap     ] GC(427)                Mark Start          Mark End        Relocate Start      Relocate End           High               Low         
[105.427s][info][gc,heap     ] GC(427)  Capacity:     1024M (100%)       1024M (100%)       1024M (100%)       1024M (100%)       1024M (100%)       1024M (100%)   
[105.427s][info][gc,heap     ] GC(427)      Free:      576M (56%)         576M (56%)         766M (75%)         810M (79%)         810M (79%)         574M (56%)    
[105.427s][info][gc,heap     ] GC(427)      Used:      448M (44%)         448M (44%)         258M (25%)         214M (21%)         450M (44%)         214M (21%)    
[105.427s][info][gc,heap     ] GC(427)      Live:         -               165M (16%)         165M (16%)         165M (16%)            -                  -          
[105.427s][info][gc,heap     ] GC(427) Allocated:         -                 0M (0%)            2M (0%)            1M (0%)             -                  -          
[105.427s][info][gc,heap     ] GC(427)   Garbage:         -               282M (28%)          90M (9%)           46M (5%)             -                  -          
[105.427s][info][gc,heap     ] GC(427) Reclaimed:         -                  -               192M (19%)         235M (23%)            -                  -          
[105.427s][info][gc          ] GC(427) Garbage Collection (System.gc()) 448M(44%)->214M(21%)
[105.611s][info][gc,start    ] GC(428) Garbage Collection (Allocation Rate)
[105.611s][info][gc,task     ] GC(428) Using 8 workers
[105.611s][info][gc,phases   ] GC(428) Pause Mark Start 0.017ms
[105.720s][info][gc,phases   ] GC(428) Concurrent Mark 108.878ms
[105.720s][info][gc,phases   ] GC(428) Pause Mark End 0.033ms
[105.720s][info][gc,phases   ] GC(428) Concurrent Mark Free 0.001ms
[105.723s][info][gc,phases   ] GC(428) Concurrent Process Non-Strong References 2.362ms
[105.723s][info][gc,phases   ] GC(428) Concurrent Reset Relocation Set 0.004ms
[105.734s][info][gc,phases   ] GC(428) Concurrent Select Relocation Set 11.491ms
[105.734s][info][gc,phases   ] GC(428) Pause Relocate Start 0.011ms
[105.752s][info][gc,phases   ] GC(428) Concurrent Relocate 17.909ms
[105.753s][info][gc,load     ] GC(428) Load: 0.00/0.00/0.00
[105.753s][info][gc,mmu      ] GC(428) MMU: 2ms/96.1%, 5ms/98.4%, 10ms/99.2%, 20ms/99.6%, 50ms/99.8%, 100ms/99.9%
[105.753s][info][gc,marking  ] GC(428) Mark: 8 stripe(s), 2 proactive flush(es), 1 terminate flush(es), 0 completion(s), 0 continuation(s) 
[105.753s][info][gc,marking  ] GC(428) Mark Stack Usage: 32M
[105.753s][info][gc,nmethod  ] GC(428) NMethods: 6364 registered, 27 unregistered
[105.753s][info][gc,metaspace] GC(428) Metaspace: 65M used, 66M committed, 1088M reserved
[105.753s][info][gc,ref      ] GC(428) Soft: 3207 encountered, 0 discovered, 0 enqueued
[105.753s][info][gc,ref      ] GC(428) Weak: 6465 encountered, 699 discovered, 48 enqueued
[105.753s][info][gc,ref      ] GC(428) Final: 62 encountered, 0 discovered, 0 enqueued
[105.753s][info][gc,ref      ] GC(428) Phantom: 617 encountered, 590 discovered, 0 enqueued
[105.753s][info][gc,reloc    ] GC(428) Small Pages: 200 / 400M, Empty: 0M, Relocated: 50M, In-Place: 0
[105.753s][info][gc,reloc    ] GC(428) Medium Pages: 2 / 64M, Empty: 0M, Relocated: 16M, In-Place: 0
[105.753s][info][gc,reloc    ] GC(428) Large Pages: 5 / 30M, Empty: 6M, Relocated: 0M, In-Place: 0
[105.753s][info][gc,reloc    ] GC(428) Forwarding Usage: 25M
[105.753s][info][gc,heap     ] GC(428) Min Capacity: 8M(1%)
[105.753s][info][gc,heap     ] GC(428) Max Capacity: 1024M(100%)
[105.753s][info][gc,heap     ] GC(428) Soft Max Capacity: 1024M(100%)
[105.753s][info][gc,heap     ] GC(428)                Mark Start          Mark End        Relocate Start      Relocate End           High               Low         
[105.753s][info][gc,heap     ] GC(428)  Capacity:     1024M (100%)       1024M (100%)       1024M (100%)       1024M (100%)       1024M (100%)       1024M (100%)   
[105.753s][info][gc,heap     ] GC(428)      Free:      530M (52%)         370M (36%)         312M (30%)         476M (46%)         530M (52%)         268M (26%)    
[105.753s][info][gc,heap     ] GC(428)      Used:      494M (48%)         654M (64%)         712M (70%)         548M (54%)         756M (74%)         494M (48%)    
[105.753s][info][gc,heap     ] GC(428)      Live:         -               241M (24%)         241M (24%)         241M (24%)            -                  -          
[105.753s][info][gc,heap     ] GC(428) Allocated:         -               160M (16%)         224M (22%)         271M (27%)            -                  -          
[105.753s][info][gc,heap     ] GC(428)   Garbage:         -               252M (25%)         246M (24%)          34M (3%)             -                  -          
[105.753s][info][gc,heap     ] GC(428) Reclaimed:         -                  -                 6M (1%)          217M (21%)            -                  -          
[105.753s][info][gc          ] GC(428) Garbage Collection (Allocation Rate) 494M(48%)->548M(54%)
[105.814s][info][gc,start    ] GC(429) Garbage Collection (Allocation Rate)
[105.814s][info][gc,task     ] GC(429) Using 10 workers
[105.814s][info][gc,phases   ] GC(429) Pause Mark Start 0.016ms
[105.970s][info][gc,phases   ] GC(429) Concurrent Mark 155.876ms
[105.970s][info][gc,phases   ] GC(429) Pause Mark End 0.022ms
[105.970s][info][gc,phases   ] GC(429) Concurrent Mark Free 0.001ms
[105.973s][info][gc,phases   ] GC(429) Concurrent Process Non-Strong References 2.595ms
[105.973s][info][gc,phases   ] GC(429) Concurrent Reset Relocation Set 0.027ms
[106.005s][info][gc,phases   ] GC(429) Concurrent Select Relocation Set 32.586ms
[106.006s][info][gc,phases   ] GC(429) Pause Relocate Start 0.010ms
[106.037s][info][gc,phases   ] GC(429) Concurrent Relocate 31.534ms
[106.037s][info][gc,load     ] GC(429) Load: 0.00/0.00/0.00
[106.037s][info][gc,mmu      ] GC(429) MMU: 2ms/96.1%, 5ms/98.4%, 10ms/99.2%, 20ms/99.6%, 50ms/99.8%, 100ms/99.9%
[106.037s][info][gc,marking  ] GC(429) Mark: 8 stripe(s), 3 proactive flush(es), 1 terminate flush(es), 0 completion(s), 0 continuation(s) 
[106.037s][info][gc,marking  ] GC(429) Mark Stack Usage: 32M
[106.037s][info][gc,nmethod  ] GC(429) NMethods: 6365 registered, 28 unregistered
[106.037s][info][gc,metaspace] GC(429) Metaspace: 65M used, 66M committed, 1088M reserved
[106.037s][info][gc,ref      ] GC(429) Soft: 3207 encountered, 0 discovered, 0 enqueued
[106.037s][info][gc,ref      ] GC(429) Weak: 6419 encountered, 2063 discovered, 0 enqueued
[106.037s][info][gc,ref      ] GC(429) Final: 62 encountered, 1 discovered, 0 enqueued
[106.037s][info][gc,ref      ] GC(429) Phantom: 621 encountered, 598 discovered, 0 enqueued
[106.037s][info][gc,reloc    ] GC(429) Small Pages: 276 / 552M, Empty: 0M, Relocated: 71M, In-Place: 0
[106.037s][info][gc,reloc    ] GC(429) Medium Pages: 2 / 64M, Empty: 0M, Relocated: 18M, In-Place: 0
[106.037s][info][gc,reloc    ] GC(429) Large Pages: 4 / 24M, Empty: 0M, Relocated: 0M, In-Place: 0
[106.037s][info][gc,reloc    ] GC(429) Forwarding Usage: 49M
[106.037s][info][gc,heap     ] GC(429) Min Capacity: 8M(1%)
[106.037s][info][gc,heap     ] GC(429) Max Capacity: 1024M(100%)
[106.037s][info][gc,heap     ] GC(429) Soft Max Capacity: 1024M(100%)
[106.037s][info][gc,heap     ] GC(429)                Mark Start          Mark End        Relocate Start      Relocate End           High               Low         
[106.037s][info][gc,heap     ] GC(429)  Capacity:     1024M (100%)       1024M (100%)       1024M (100%)       1024M (100%)       1024M (100%)       1024M (100%)   
[106.037s][info][gc,heap     ] GC(429)      Free:      384M (38%)         330M (32%)         316M (31%)         600M (59%)         600M (59%)         268M (26%)    
[106.037s][info][gc,heap     ] GC(429)      Used:      640M (63%)         694M (68%)         708M (69%)         424M (41%)         756M (74%)         424M (41%)    
[106.037s][info][gc,heap     ] GC(429)      Live:         -               310M (30%)         310M (30%)         310M (30%)            -                  -          
[106.037s][info][gc,heap     ] GC(429) Allocated:         -                54M (5%)           68M (7%)           76M (8%)             -                  -          
[106.038s][info][gc,heap     ] GC(429)   Garbage:         -               329M (32%)         329M (32%)          36M (4%)             -                  -          
[106.038s][info][gc,heap     ] GC(429) Reclaimed:         -                  -                 0M (0%)          292M (29%)            -                  -          
[106.038s][info][gc          ] GC(429) Garbage Collection (Allocation Rate) 640M(63%)->424M(41%)
[106.103s][info][gc,start    ] GC(430) Garbage Collection (Allocation Rate)
[106.103s][info][gc,task     ] GC(430) Using 10 workers
[106.103s][info][gc,phases   ] GC(430) Pause Mark Start 0.015ms
[106.244s][info][gc,phases   ] GC(430) Concurrent Mark 140.177ms
[106.244s][info][gc,phases   ] GC(430) Pause Mark End 0.023ms
[106.244s][info][gc,phases   ] GC(430) Concurrent Mark Free 0.001ms
[106.248s][info][gc,phases   ] GC(430) Concurrent Process Non-Strong References 4.224ms
[106.248s][info][gc,phases   ] GC(430) Concurrent Reset Relocation Set 0.027ms
[106.256s][info][gc,phases   ] GC(430) Concurrent Select Relocation Set 7.836ms
[106.256s][info][gc,phases   ] GC(430) Pause Relocate Start 0.007ms
[106.259s][info][gc,phases   ] GC(430) Concurrent Relocate 2.596ms
[106.259s][info][gc,load     ] GC(430) Load: 0.00/0.00/0.00
[106.259s][info][gc,mmu      ] GC(430) MMU: 2ms/96.1%, 5ms/98.4%, 10ms/99.2%, 20ms/99.6%, 50ms/99.8%, 100ms/99.9%
[106.259s][info][gc,marking  ] GC(430) Mark: 8 stripe(s), 2 proactive flush(es), 1 terminate flush(es), 0 completion(s), 0 continuation(s) 
[106.259s][info][gc,marking  ] GC(430) Mark Stack Usage: 32M
[106.259s][info][gc,nmethod  ] GC(430) NMethods: 6365 registered, 29 unregistered
[106.259s][info][gc,metaspace] GC(430) Metaspace: 65M used, 66M committed, 1088M reserved
[106.259s][info][gc,ref      ] GC(430) Soft: 3207 encountered, 0 discovered, 0 enqueued
[106.259s][info][gc,ref      ] GC(430) Weak: 6419 encountered, 1674 discovered, 0 enqueued
[106.259s][info][gc,ref      ] GC(430) Final: 62 encountered, 55 discovered, 0 enqueued
[106.259s][info][gc,ref      ] GC(430) Phantom: 621 encountered, 596 discovered, 0 enqueued
[106.259s][info][gc,reloc    ] GC(430) Small Pages: 197 / 394M, Empty: 38M, Relocated: 4M, In-Place: 0
[106.259s][info][gc,reloc    ] GC(430) Medium Pages: 1 / 32M, Empty: 0M, Relocated: 0M, In-Place: 0
[106.259s][info][gc,reloc    ] GC(430) Large Pages: 4 / 24M, Empty: 0M, Relocated: 0M, In-Place: 0
[106.259s][info][gc,reloc    ] GC(430) Forwarding Usage: 2M
[106.259s][info][gc,heap     ] GC(430) Min Capacity: 8M(1%)
[106.259s][info][gc,heap     ] GC(430) Max Capacity: 1024M(100%)
[106.259s][info][gc,heap     ] GC(430) Soft Max Capacity: 1024M(100%)
[106.259s][info][gc,heap     ] GC(430)                Mark Start          Mark End        Relocate Start      Relocate End           High               Low         
[106.259s][info][gc,heap     ] GC(430)  Capacity:     1024M (100%)       1024M (100%)       1024M (100%)       1024M (100%)       1024M (100%)       1024M (100%)   
[106.259s][info][gc,heap     ] GC(430)      Free:      574M (56%)         524M (51%)         560M (55%)         620M (61%)         620M (61%)         522M (51%)    
[106.259s][info][gc,heap     ] GC(430)      Used:      450M (44%)         500M (49%)         464M (45%)         404M (39%)         502M (49%)         404M (39%)    
[106.259s][info][gc,heap     ] GC(430)      Live:         -               310M (30%)         310M (30%)         310M (30%)            -                  -          
[106.259s][info][gc,heap     ] GC(430) Allocated:         -                50M (5%)           52M (5%)           53M (5%)             -                  -          
[106.259s][info][gc,heap     ] GC(430)   Garbage:         -               139M (14%)         101M (10%)          39M (4%)             -                  -          
[106.259s][info][gc,heap     ] GC(430) Reclaimed:         -                  -                38M (4%)           99M (10%)            -                  -          
[106.259s][info][gc          ] GC(430) Garbage Collection (Allocation Rate) 450M(44%)->404M(39%)
[106.306s][info][gc,start    ] GC(431) Garbage Collection (Allocation Rate)
[106.306s][info][gc,task     ] GC(431) Using 10 workers
[106.306s][info][gc,phases   ] GC(431) Pause Mark Start 0.011ms
[106.431s][info][gc,phases   ] GC(431) Concurrent Mark 124.629ms
[106.431s][info][gc,phases   ] GC(431) Pause Mark End 0.027ms
[106.431s][info][gc,phases   ] GC(431) Concurrent Mark Free 0.001ms
[106.433s][info][gc,phases   ] GC(431) Concurrent Process Non-Strong References 2.124ms
[106.433s][info][gc,phases   ] GC(431) Concurrent Reset Relocation Set 0.005ms
[106.438s][info][gc,phases   ] GC(431) Concurrent Select Relocation Set 4.989ms
[106.439s][info][gc,phases   ] GC(431) Pause Relocate Start 0.008ms
[106.442s][info][gc,phases   ] GC(431) Concurrent Relocate 3.128ms
[106.442s][info][gc,load     ] GC(431) Load: 0.00/0.00/0.00
[106.442s][info][gc,mmu      ] GC(431) MMU: 2ms/96.1%, 5ms/98.4%, 10ms/99.2%, 20ms/99.6%, 50ms/99.8%, 100ms/99.9%
[106.442s][info][gc,marking  ] GC(431) Mark: 8 stripe(s), 2 proactive flush(es), 1 terminate flush(es), 0 completion(s), 0 continuation(s) 
[106.442s][info][gc,marking  ] GC(431) Mark Stack Usage: 32M
[106.442s][info][gc,nmethod  ] GC(431) NMethods: 6365 registered, 29 unregistered
[106.442s][info][gc,metaspace] GC(431) Metaspace: 65M used, 66M committed, 1088M reserved
[106.442s][info][gc,ref      ] GC(431) Soft: 3207 encountered, 0 discovered, 0 enqueued
[106.442s][info][gc,ref      ] GC(431) Weak: 6419 encountered, 2546 discovered, 0 enqueued
[106.442s][info][gc,ref      ] GC(431) Final: 62 encountered, 1 discovered, 0 enqueued
[106.442s][info][gc,ref      ] GC(431) Phantom: 619 encountered, 550 discovered, 0 enqueued
[106.442s][info][gc,reloc    ] GC(431) Small Pages: 183 / 366M, Empty: 30M, Relocated: 4M, In-Place: 0
[106.442s][info][gc,reloc    ] GC(431) Medium Pages: 1 / 32M, Empty: 0M, Relocated: 0M, In-Place: 0
[106.442s][info][gc,reloc    ] GC(431) Large Pages: 4 / 24M, Empty: 0M, Relocated: 0M, In-Place: 0
[106.442s][info][gc,reloc    ] GC(431) Forwarding Usage: 2M
[106.442s][info][gc,heap     ] GC(431) Min Capacity: 8M(1%)
[106.442s][info][gc,heap     ] GC(431) Max Capacity: 1024M(100%)
[106.442s][info][gc,heap     ] GC(431) Soft Max Capacity: 1024M(100%)
[106.442s][info][gc,heap     ] GC(431)                Mark Start          Mark End        Relocate Start      Relocate End           High               Low         
[106.442s][info][gc,heap     ] GC(431)  Capacity:     1024M (100%)       1024M (100%)       1024M (100%)       1024M (100%)       1024M (100%)       1024M (100%)   
[106.442s][info][gc,heap     ] GC(431)      Free:      602M (59%)         480M (47%)         494M (48%)         532M (52%)         602M (59%)         470M (46%)    
[106.442s][info][gc,heap     ] GC(431)      Used:      422M (41%)         544M (53%)         530M (52%)         492M (48%)         554M (54%)         422M (41%)    
[106.442s][info][gc,heap     ] GC(431)      Live:         -               310M (30%)         310M (30%)         310M (30%)            -                  -          
[106.442s][info][gc,heap     ] GC(431) Allocated:         -               122M (12%)         138M (13%)         141M (14%)            -                  -          
[106.442s][info][gc,heap     ] GC(431)   Garbage:         -               111M (11%)          81M (8%)           39M (4%)             -                  -          
[106.442s][info][gc,heap     ] GC(431) Reclaimed:         -                  -                30M (3%)           71M (7%)             -                  -          
[106.442s][info][gc          ] GC(431) Garbage Collection (Allocation Rate) 422M(41%)->492M(48%)
[106.509s][info][gc,start    ] GC(432) Garbage Collection (Allocation Rate)
[106.509s][info][gc,task     ] GC(432) Using 10 workers
[106.509s][info][gc,phases   ] GC(432) Pause Mark Start 0.015ms
[106.603s][info][gc,phases   ] GC(432) Concurrent Mark 93.346ms
[106.603s][info][gc,phases   ] GC(432) Pause Mark End 0.019ms
[106.603s][info][gc,phases   ] GC(432) Concurrent Mark Free 0.001ms
[106.605s][info][gc,phases   ] GC(432) Concurrent Process Non-Strong References 1.897ms
[106.605s][info][gc,phases   ] GC(432) Concurrent Reset Relocation Set 0.003ms
[106.615s][info][gc,phases   ] GC(432) Concurrent Select Relocation Set 10.216ms
[106.615s][info][gc,phases   ] GC(432) Pause Relocate Start 0.008ms
[106.629s][info][gc,phases   ] GC(432) Concurrent Relocate 13.056ms
[106.629s][info][gc,load     ] GC(432) Load: 0.00/0.00/0.00
[106.629s][info][gc,mmu      ] GC(432) MMU: 2ms/96.1%, 5ms/98.4%, 10ms/99.2%, 20ms/99.6%, 50ms/99.8%, 100ms/99.9%
[106.629s][info][gc,marking  ] GC(432) Mark: 8 stripe(s), 2 proactive flush(es), 1 terminate flush(es), 0 completion(s), 0 continuation(s) 
[106.629s][info][gc,marking  ] GC(432) Mark Stack Usage: 32M
[106.629s][info][gc,nmethod  ] GC(432) NMethods: 6365 registered, 29 unregistered
[106.629s][info][gc,metaspace] GC(432) Metaspace: 65M used, 66M committed, 1088M reserved
[106.629s][info][gc,ref      ] GC(432) Soft: 3207 encountered, 0 discovered, 0 enqueued
[106.629s][info][gc,ref      ] GC(432) Weak: 6423 encountered, 908 discovered, 0 enqueued
[106.629s][info][gc,ref      ] GC(432) Final: 62 encountered, 4 discovered, 0 enqueued
[106.629s][info][gc,ref      ] GC(432) Phantom: 621 encountered, 579 discovered, 0 enqueued
[106.629s][info][gc,reloc    ] GC(432) Small Pages: 277 / 554M, Empty: 88M, Relocated: 26M, In-Place: 0
[106.629s][info][gc,reloc    ] GC(432) Medium Pages: 1 / 32M, Empty: 0M, Relocated: 0M, In-Place: 0
[106.629s][info][gc,reloc    ] GC(432) Large Pages: 6 / 36M, Empty: 24M, Relocated: 0M, In-Place: 0
[106.629s][info][gc,reloc    ] GC(432) Forwarding Usage: 23M
[106.629s][info][gc,heap     ] GC(432) Min Capacity: 8M(1%)
[106.629s][info][gc,heap     ] GC(432) Max Capacity: 1024M(100%)
[106.629s][info][gc,heap     ] GC(432) Soft Max Capacity: 1024M(100%)
[106.629s][info][gc,heap     ] GC(432)                Mark Start          Mark End        Relocate Start      Relocate End           High               Low         
[106.629s][info][gc,heap     ] GC(432)  Capacity:     1024M (100%)       1024M (100%)       1024M (100%)       1024M (100%)       1024M (100%)       1024M (100%)   
[106.629s][info][gc,heap     ] GC(432)      Free:      402M (39%)         254M (25%)         348M (34%)         596M (58%)         596M (58%)         246M (24%)    
[106.629s][info][gc,heap     ] GC(432)      Used:      622M (61%)         770M (75%)         676M (66%)         428M (42%)         778M (76%)         428M (42%)    
[106.629s][info][gc,heap     ] GC(432)      Live:         -               207M (20%)         207M (20%)         207M (20%)            -                  -          
[106.629s][info][gc,heap     ] GC(432) Allocated:         -               148M (14%)         166M (16%)         181M (18%)            -                  -          
[106.629s][info][gc,heap     ] GC(432)   Garbage:         -               414M (40%)         302M (30%)          38M (4%)             -                  -          
[106.629s][info][gc,heap     ] GC(432) Reclaimed:         -                  -               112M (11%)         375M (37%)            -                  -          
[106.629s][info][gc          ] GC(432) Garbage Collection (Allocation Rate) 622M(61%)->428M(42%)
[106.704s][info][gc,start    ] GC(433) Garbage Collection (Allocation Rate)
[106.704s][info][gc,task     ] GC(433) Using 10 workers
[106.704s][info][gc,phases   ] GC(433) Pause Mark Start 0.015ms
[106.829s][info][gc,phases   ] GC(433) Concurrent Mark 124.570ms
[106.829s][info][gc,phases   ] GC(433) Pause Mark End 0.025ms
[106.829s][info][gc,phases   ] GC(433) Concurrent Mark Free 0.001ms
[106.831s][info][gc,phases   ] GC(433) Concurrent Process Non-Strong References 2.184ms
[106.831s][info][gc,phases   ] GC(433) Concurrent Reset Relocation Set 0.025ms
[106.835s][info][gc,phases   ] GC(433) Concurrent Select Relocation Set 3.607ms
[106.835s][info][gc,phases   ] GC(433) Pause Relocate Start 0.009ms
[106.851s][info][gc,phases   ] GC(433) Concurrent Relocate 15.703ms
[106.851s][info][gc,load     ] GC(433) Load: 0.00/0.00/0.00
[106.851s][info][gc,mmu      ] GC(433) MMU: 2ms/96.1%, 5ms/98.4%, 10ms/99.2%, 20ms/99.6%, 50ms/99.8%, 100ms/99.9%
[106.851s][info][gc,marking  ] GC(433) Mark: 8 stripe(s), 3 proactive flush(es), 1 terminate flush(es), 0 completion(s), 0 continuation(s) 
[106.851s][info][gc,marking  ] GC(433) Mark Stack Usage: 32M
[106.851s][info][gc,nmethod  ] GC(433) NMethods: 6365 registered, 29 unregistered
[106.851s][info][gc,metaspace] GC(433) Metaspace: 65M used, 66M committed, 1088M reserved
[106.851s][info][gc,ref      ] GC(433) Soft: 3207 encountered, 0 discovered, 0 enqueued
[106.851s][info][gc,ref      ] GC(433) Weak: 6423 encountered, 1566 discovered, 0 enqueued
[106.851s][info][gc,ref      ] GC(433) Final: 62 encountered, 6 discovered, 0 enqueued
[106.851s][info][gc,ref      ] GC(433) Phantom: 621 encountered, 501 discovered, 0 enqueued
[106.851s][info][gc,reloc    ] GC(433) Small Pages: 254 / 508M, Empty: 0M, Relocated: 18M, In-Place: 0
[106.851s][info][gc,reloc    ] GC(433) Medium Pages: 1 / 32M, Empty: 0M, Relocated: 0M, In-Place: 0
[106.851s][info][gc,reloc    ] GC(433) Large Pages: 4 / 24M, Empty: 0M, Relocated: 0M, In-Place: 0
[106.851s][info][gc,reloc    ] GC(433) Forwarding Usage: 19M
[106.851s][info][gc,heap     ] GC(433) Min Capacity: 8M(1%)
[106.851s][info][gc,heap     ] GC(433) Max Capacity: 1024M(100%)
[106.851s][info][gc,heap     ] GC(433) Soft Max Capacity: 1024M(100%)
[106.851s][info][gc,heap     ] GC(433)                Mark Start          Mark End        Relocate Start      Relocate End           High               Low         
[106.851s][info][gc,heap     ] GC(433)  Capacity:     1024M (100%)       1024M (100%)       1024M (100%)       1024M (100%)       1024M (100%)       1024M (100%)   
[106.851s][info][gc,heap     ] GC(433)      Free:      460M (45%)         236M (23%)         228M (22%)         504M (49%)         506M (49%)         212M (21%)    
[106.851s][info][gc,heap     ] GC(433)      Used:      564M (55%)         788M (77%)         796M (78%)         520M (51%)         812M (79%)         518M (51%)    
[106.851s][info][gc,heap     ] GC(433)      Live:         -               228M (22%)         228M (22%)         228M (22%)            -                  -          
[106.851s][info][gc,heap     ] GC(433) Allocated:         -               224M (22%)         232M (23%)         249M (24%)            -                  -          
[106.851s][info][gc,heap     ] GC(433)   Garbage:         -               335M (33%)         335M (33%)          41M (4%)             -                  -          
[106.851s][info][gc,heap     ] GC(433) Reclaimed:         -                  -                 0M (0%)          293M (29%)            -                  -          
[106.851s][info][gc          ] GC(433) Garbage Collection (Allocation Rate) 564M(55%)->520M(51%)
[106.907s][info][gc,start    ] GC(434) Garbage Collection (Allocation Rate)
[106.907s][info][gc,task     ] GC(434) Using 10 workers
[106.907s][info][gc,phases   ] GC(434) Pause Mark Start 0.016ms
[107.047s][info][gc,phases   ] GC(434) Concurrent Mark 140.184ms
[107.047s][info][gc,phases   ] GC(434) Pause Mark End 0.029ms
[107.048s][info][gc,phases   ] GC(434) Concurrent Mark Free 0.001ms
[107.050s][info][gc,phases   ] GC(434) Concurrent Process Non-Strong References 2.321ms
[107.050s][info][gc,phases   ] GC(434) Concurrent Reset Relocation Set 0.036ms
[107.053s][info][gc,phases   ] GC(434) Concurrent Select Relocation Set 3.399ms
[107.053s][info][gc,phases   ] GC(434) Pause Relocate Start 0.008ms
[107.068s][info][gc,phases   ] GC(434) Concurrent Relocate 14.375ms
[107.068s][info][gc,load     ] GC(434) Load: 0.00/0.00/0.00
[107.068s][info][gc,mmu      ] GC(434) MMU: 2ms/96.1%, 5ms/98.4%, 10ms/99.2%, 20ms/99.6%, 50ms/99.8%, 100ms/99.9%
[107.068s][info][gc,marking  ] GC(434) Mark: 8 stripe(s), 3 proactive flush(es), 1 terminate flush(es), 0 completion(s), 0 continuation(s) 
[107.068s][info][gc,marking  ] GC(434) Mark Stack Usage: 32M
[107.068s][info][gc,nmethod  ] GC(434) NMethods: 6365 registered, 29 unregistered
[107.068s][info][gc,metaspace] GC(434) Metaspace: 65M used, 66M committed, 1088M reserved
[107.068s][info][gc,ref      ] GC(434) Soft: 3207 encountered, 0 discovered, 0 enqueued
[107.068s][info][gc,ref      ] GC(434) Weak: 6423 encountered, 822 discovered, 0 enqueued
[107.068s][info][gc,ref      ] GC(434) Final: 62 encountered, 1 discovered, 0 enqueued
[107.068s][info][gc,ref      ] GC(434) Phantom: 619 encountered, 556 discovered, 0 enqueued
[107.068s][info][gc,reloc    ] GC(434) Small Pages: 272 / 544M, Empty: 0M, Relocated: 20M, In-Place: 0
[107.068s][info][gc,reloc    ] GC(434) Medium Pages: 1 / 32M, Empty: 0M, Relocated: 0M, In-Place: 0
[107.068s][info][gc,reloc    ] GC(434) Large Pages: 6 / 44M, Empty: 0M, Relocated: 0M, In-Place: 0
[107.068s][info][gc,reloc    ] GC(434) Forwarding Usage: 18M
[107.068s][info][gc,heap     ] GC(434) Min Capacity: 8M(1%)
[107.068s][info][gc,heap     ] GC(434) Max Capacity: 1024M(100%)
[107.068s][info][gc,heap     ] GC(434) Soft Max Capacity: 1024M(100%)
[107.068s][info][gc,heap     ] GC(434)                Mark Start          Mark End        Relocate Start      Relocate End           High               Low         
[107.068s][info][gc,heap     ] GC(434)  Capacity:     1024M (100%)       1024M (100%)       1024M (100%)       1024M (100%)       1024M (100%)       1024M (100%)   
[107.068s][info][gc,heap     ] GC(434)      Free:      404M (39%)         208M (20%)         196M (19%)         490M (48%)         494M (48%)         176M (17%)    
[107.068s][info][gc,heap     ] GC(434)      Used:      620M (61%)         816M (80%)         828M (81%)         534M (52%)         848M (83%)         530M (52%)    
[107.068s][info][gc,heap     ] GC(434)      Live:         -               260M (25%)         260M (25%)         260M (25%)            -                  -          
[107.068s][info][gc,heap     ] GC(434) Allocated:         -               196M (19%)         208M (20%)         225M (22%)            -                  -          
[107.068s][info][gc,heap     ] GC(434)   Garbage:         -               359M (35%)         359M (35%)          47M (5%)             -                  -          
[107.068s][info][gc,heap     ] GC(434) Reclaimed:         -                  -                 0M (0%)          311M (30%)            -                  -          
[107.068s][info][gc          ] GC(434) Garbage Collection (Allocation Rate) 620M(61%)->534M(52%)
[107.110s][info][gc,start    ] GC(435) Garbage Collection (Allocation Rate)
[107.110s][info][gc,task     ] GC(435) Using 10 workers
[107.110s][info][gc,phases   ] GC(435) Pause Mark Start 0.012ms
[107.242s][info][gc,phases   ] GC(435) Concurrent Mark 131.456ms
[107.242s][info][gc,phases   ] GC(435) Pause Mark End 0.034ms
[107.242s][info][gc,phases   ] GC(435) Concurrent Mark Free 0.001ms
[107.244s][info][gc,phases   ] GC(435) Concurrent Process Non-Strong References 2.061ms
[107.244s][info][gc,phases   ] GC(435) Concurrent Reset Relocation Set 0.020ms
[107.247s][info][gc,phases   ] GC(435) Concurrent Select Relocation Set 2.935ms
[107.247s][info][gc,phases   ] GC(435) Pause Relocate Start 0.010ms
[107.263s][info][gc,phases   ] GC(435) Concurrent Relocate 15.840ms
[107.263s][info][gc,load     ] GC(435) Load: 0.00/0.00/0.00
[107.263s][info][gc,mmu      ] GC(435) MMU: 2ms/96.1%, 5ms/98.4%, 10ms/99.2%, 20ms/99.6%, 50ms/99.8%, 100ms/99.9%
[107.263s][info][gc,marking  ] GC(435) Mark: 8 stripe(s), 2 proactive flush(es), 1 terminate flush(es), 0 completion(s), 0 continuation(s) 
[107.263s][info][gc,marking  ] GC(435) Mark Stack Usage: 32M
[107.263s][info][gc,nmethod  ] GC(435) NMethods: 6365 registered, 29 unregistered
[107.263s][info][gc,metaspace] GC(435) Metaspace: 65M used, 66M committed, 1088M reserved
[107.263s][info][gc,ref      ] GC(435) Soft: 3207 encountered, 0 discovered, 0 enqueued
[107.263s][info][gc,ref      ] GC(435) Weak: 6423 encountered, 1170 discovered, 0 enqueued
[107.263s][info][gc,ref      ] GC(435) Final: 62 encountered, 0 discovered, 0 enqueued
[107.263s][info][gc,ref      ] GC(435) Phantom: 621 encountered, 513 discovered, 0 enqueued
[107.263s][info][gc,reloc    ] GC(435) Small Pages: 257 / 514M, Empty: 0M, Relocated: 19M, In-Place: 0
[107.263s][info][gc,reloc    ] GC(435) Medium Pages: 1 / 32M, Empty: 0M, Relocated: 0M, In-Place: 0
[107.263s][info][gc,reloc    ] GC(435) Large Pages: 8 / 64M, Empty: 24M, Relocated: 0M, In-Place: 0
[107.263s][info][gc,reloc    ] GC(435) Forwarding Usage: 17M
[107.263s][info][gc,heap     ] GC(435) Min Capacity: 8M(1%)
[107.263s][info][gc,heap     ] GC(435) Max Capacity: 1024M(100%)
[107.263s][info][gc,heap     ] GC(435) Soft Max Capacity: 1024M(100%)
[107.263s][info][gc,heap     ] GC(435)                Mark Start          Mark End        Relocate Start      Relocate End           High               Low         
[107.263s][info][gc,heap     ] GC(435)  Capacity:     1024M (100%)       1024M (100%)       1024M (100%)       1024M (100%)       1024M (100%)       1024M (100%)   
[107.263s][info][gc,heap     ] GC(435)      Free:      414M (40%)         178M (17%)         194M (19%)         436M (43%)         442M (43%)         168M (16%)    
[107.263s][info][gc,heap     ] GC(435)      Used:      610M (60%)         846M (83%)         830M (81%)         588M (57%)         856M (84%)         582M (57%)    
[107.263s][info][gc,heap     ] GC(435)      Live:         -               265M (26%)         265M (26%)         265M (26%)            -                  -          
[107.263s][info][gc,heap     ] GC(435) Allocated:         -               236M (23%)         244M (24%)         267M (26%)            -                  -          
[107.263s][info][gc,heap     ] GC(435)   Garbage:         -               344M (34%)         320M (31%)          54M (5%)             -                  -          
[107.263s][info][gc,heap     ] GC(435) Reclaimed:         -                  -                24M (2%)          289M (28%)            -                  -          
[107.263s][info][gc          ] GC(435) Garbage Collection (Allocation Rate) 610M(60%)->588M(57%)
[107.304s][info][gc,start    ] GC(436) Garbage Collection (Allocation Rate)
[107.304s][info][gc,task     ] GC(436) Using 10 workers
[107.304s][info][gc,phases   ] GC(436) Pause Mark Start 0.014ms
[107.445s][info][gc,phases   ] GC(436) Concurrent Mark 140.193ms
[107.445s][info][gc,phases   ] GC(436) Pause Mark End 0.016ms
[107.445s][info][gc,phases   ] GC(436) Concurrent Mark Free 0.001ms
[107.447s][info][gc,phases   ] GC(436) Concurrent Process Non-Strong References 2.038ms
[107.447s][info][gc,phases   ] GC(436) Concurrent Reset Relocation Set 0.020ms
[107.470s][info][gc,phases   ] GC(436) Concurrent Select Relocation Set 22.989ms
[107.470s][info][gc,phases   ] GC(436) Pause Relocate Start 0.011ms
[107.489s][info][gc,phases   ] GC(436) Concurrent Relocate 18.989ms
[107.489s][info][gc,load     ] GC(436) Load: 0.00/0.00/0.00
[107.489s][info][gc,mmu      ] GC(436) MMU: 2ms/96.1%, 5ms/98.4%, 10ms/99.2%, 20ms/99.6%, 50ms/99.8%, 100ms/99.9%
[107.489s][info][gc,marking  ] GC(436) Mark: 8 stripe(s), 2 proactive flush(es), 1 terminate flush(es), 0 completion(s), 0 continuation(s) 
[107.489s][info][gc,marking  ] GC(436) Mark Stack Usage: 32M
[107.489s][info][gc,nmethod  ] GC(436) NMethods: 6366 registered, 29 unregistered
[107.489s][info][gc,metaspace] GC(436) Metaspace: 65M used, 66M committed, 1088M reserved
[107.489s][info][gc,ref      ] GC(436) Soft: 3207 encountered, 0 discovered, 0 enqueued
[107.489s][info][gc,ref      ] GC(436) Weak: 6423 encountered, 1129 discovered, 0 enqueued
[107.489s][info][gc,ref      ] GC(436) Final: 62 encountered, 2 discovered, 0 enqueued
[107.489s][info][gc,ref      ] GC(436) Phantom: 620 encountered, 338 discovered, 0 enqueued
[107.489s][info][gc,reloc    ] GC(436) Small Pages: 300 / 600M, Empty: 0M, Relocated: 24M, In-Place: 0
[107.489s][info][gc,reloc    ] GC(436) Medium Pages: 1 / 32M, Empty: 0M, Relocated: 0M, In-Place: 0
[107.489s][info][gc,reloc    ] GC(436) Large Pages: 4 / 40M, Empty: 0M, Relocated: 0M, In-Place: 0
[107.489s][info][gc,reloc    ] GC(436) Forwarding Usage: 21M
[107.489s][info][gc,heap     ] GC(436) Min Capacity: 8M(1%)
[107.489s][info][gc,heap     ] GC(436) Max Capacity: 1024M(100%)
[107.489s][info][gc,heap     ] GC(436) Soft Max Capacity: 1024M(100%)
[107.489s][info][gc,heap     ] GC(436)                Mark Start          Mark End        Relocate Start      Relocate End           High               Low         
[107.489s][info][gc,heap     ] GC(436)  Capacity:     1024M (100%)       1024M (100%)       1024M (100%)       1024M (100%)       1024M (100%)       1024M (100%)   
[107.489s][info][gc,heap     ] GC(436)      Free:      352M (34%)         118M (12%)          84M (8%)          402M (39%)         404M (39%)          64M (6%)     
[107.489s][info][gc,heap     ] GC(436)      Used:      672M (66%)         906M (88%)         940M (92%)         622M (61%)         960M (94%)         620M (61%)    
[107.489s][info][gc,heap     ] GC(436)      Live:         -               275M (27%)         275M (27%)         275M (27%)            -                  -          
[107.489s][info][gc,heap     ] GC(436) Allocated:         -               234M (23%)         268M (26%)         289M (28%)            -                  -          
[107.489s][info][gc,heap     ] GC(436)   Garbage:         -               396M (39%)         396M (39%)          56M (6%)             -                  -          
[107.489s][info][gc,heap     ] GC(436) Reclaimed:         -                  -                 0M (0%)          339M (33%)            -                  -          
[107.489s][info][gc          ] GC(436) Garbage Collection (Allocation Rate) 672M(66%)->622M(61%)
[107.507s][info][gc,start    ] GC(437) Garbage Collection (Allocation Rate)
[107.507s][info][gc,task     ] GC(437) Using 10 workers
[107.507s][info][gc,phases   ] GC(437) Pause Mark Start 0.015ms
[107.663s][info][gc,phases   ] GC(437) Concurrent Mark 155.929ms
[107.664s][info][gc,phases   ] GC(437) Pause Mark End 0.032ms
[107.664s][info][gc,phases   ] GC(437) Concurrent Mark Free 0.001ms
[107.666s][info][gc,phases   ] GC(437) Concurrent Process Non-Strong References 2.107ms
[107.666s][info][gc,phases   ] GC(437) Concurrent Reset Relocation Set 0.021ms
[107.669s][info][gc,phases   ] GC(437) Concurrent Select Relocation Set 3.468ms
[107.669s][info][gc,phases   ] GC(437) Pause Relocate Start 0.009ms
[107.685s][info][gc,phases   ] GC(437) Concurrent Relocate 15.070ms
[107.685s][info][gc,load     ] GC(437) Load: 0.00/0.00/0.00
[107.685s][info][gc,mmu      ] GC(437) MMU: 2ms/96.1%, 5ms/98.4%, 10ms/99.2%, 20ms/99.6%, 50ms/99.8%, 100ms/99.9%
[107.685s][info][gc,marking  ] GC(437) Mark: 8 stripe(s), 2 proactive flush(es), 1 terminate flush(es), 0 completion(s), 0 continuation(s) 
[107.685s][info][gc,marking  ] GC(437) Mark Stack Usage: 32M
[107.685s][info][gc,nmethod  ] GC(437) NMethods: 6365 registered, 30 unregistered
[107.685s][info][gc,metaspace] GC(437) Metaspace: 65M used, 66M committed, 1088M reserved
[107.685s][info][gc,ref      ] GC(437) Soft: 3207 encountered, 0 discovered, 0 enqueued
[107.685s][info][gc,ref      ] GC(437) Weak: 6423 encountered, 3417 discovered, 0 enqueued
[107.685s][info][gc,ref      ] GC(437) Final: 62 encountered, 59 discovered, 0 enqueued
[107.685s][info][gc,ref      ] GC(437) Phantom: 621 encountered, 612 discovered, 0 enqueued
[107.685s][info][gc,reloc    ] GC(437) Small Pages: 289 / 578M, Empty: 0M, Relocated: 18M, In-Place: 0
[107.685s][info][gc,reloc    ] GC(437) Medium Pages: 1 / 32M, Empty: 0M, Relocated: 0M, In-Place: 0
[107.685s][info][gc,reloc    ] GC(437) Large Pages: 4 / 40M, Empty: 0M, Relocated: 0M, In-Place: 0
[107.685s][info][gc,reloc    ] GC(437) Forwarding Usage: 17M
[107.685s][info][gc,heap     ] GC(437) Min Capacity: 8M(1%)
[107.685s][info][gc,heap     ] GC(437) Max Capacity: 1024M(100%)
[107.685s][info][gc,heap     ] GC(437) Soft Max Capacity: 1024M(100%)
[107.685s][info][gc,heap     ] GC(437)                Mark Start          Mark End        Relocate Start      Relocate End           High               Low         
[107.685s][info][gc,heap     ] GC(437)  Capacity:     1024M (100%)       1024M (100%)       1024M (100%)       1024M (100%)       1024M (100%)       1024M (100%)   
[107.685s][info][gc,heap     ] GC(437)      Free:      374M (37%)         138M (13%)         126M (12%)         414M (40%)         416M (41%)         106M (10%)    
[107.685s][info][gc,heap     ] GC(437)      Used:      650M (63%)         886M (87%)         898M (88%)         610M (60%)         918M (90%)         608M (59%)    
[107.685s][info][gc,heap     ] GC(437)      Live:         -               283M (28%)         283M (28%)         283M (28%)            -                  -          
[107.685s][info][gc,heap     ] GC(437) Allocated:         -               236M (23%)         248M (24%)         267M (26%)            -                  -          
[107.685s][info][gc,heap     ] GC(437)   Garbage:         -               366M (36%)         366M (36%)          58M (6%)             -                  -          
[107.685s][info][gc,heap     ] GC(437) Reclaimed:         -                  -                 0M (0%)          307M (30%)            -                  -          
[107.685s][info][gc          ] GC(437) Garbage Collection (Allocation Rate) 650M(63%)->610M(60%)
[107.710s][info][gc,start    ] GC(438) Garbage Collection (Allocation Rate)
[107.710s][info][gc,task     ] GC(438) Using 10 workers
[107.710s][info][gc,phases   ] GC(438) Pause Mark Start 0.012ms
[107.858s][info][gc,phases   ] GC(438) Concurrent Mark 147.146ms
[107.858s][info][gc,phases   ] GC(438) Pause Mark End 0.018ms
[107.858s][info][gc,phases   ] GC(438) Concurrent Mark Free 0.001ms
[107.860s][info][gc,phases   ] GC(438) Concurrent Process Non-Strong References 1.978ms
[107.860s][info][gc,phases   ] GC(438) Concurrent Reset Relocation Set 0.018ms
[107.863s][info][gc,phases   ] GC(438) Concurrent Select Relocation Set 2.765ms
[107.863s][info][gc,phases   ] GC(438) Pause Relocate Start 0.007ms
[107.874s][info][gc,phases   ] GC(438) Concurrent Relocate 11.310ms
[107.874s][info][gc,load     ] GC(438) Load: 0.00/0.00/0.00
[107.874s][info][gc,mmu      ] GC(438) MMU: 2ms/96.1%, 5ms/98.4%, 10ms/99.2%, 20ms/99.6%, 50ms/99.8%, 100ms/99.9%
[107.874s][info][gc,marking  ] GC(438) Mark: 8 stripe(s), 2 proactive flush(es), 1 terminate flush(es), 0 completion(s), 0 continuation(s) 
[107.874s][info][gc,marking  ] GC(438) Mark Stack Usage: 32M
[107.874s][info][gc,nmethod  ] GC(438) NMethods: 6365 registered, 30 unregistered
[107.874s][info][gc,metaspace] GC(438) Metaspace: 65M used, 66M committed, 1088M reserved
[107.874s][info][gc,ref      ] GC(438) Soft: 3207 encountered, 0 discovered, 0 enqueued
[107.874s][info][gc,ref      ] GC(438) Weak: 6423 encountered, 927 discovered, 0 enqueued
[107.874s][info][gc,ref      ] GC(438) Final: 62 encountered, 1 discovered, 0 enqueued
[107.874s][info][gc,ref      ] GC(438) Phantom: 620 encountered, 311 discovered, 0 enqueued
[107.874s][info][gc,reloc    ] GC(438) Small Pages: 292 / 584M, Empty: 0M, Relocated: 19M, In-Place: 0
[107.874s][info][gc,reloc    ] GC(438) Medium Pages: 1 / 32M, Empty: 0M, Relocated: 0M, In-Place: 0
[107.874s][info][gc,reloc    ] GC(438) Large Pages: 4 / 40M, Empty: 0M, Relocated: 0M, In-Place: 0
[107.874s][info][gc,reloc    ] GC(438) Forwarding Usage: 16M
[107.874s][info][gc,heap     ] GC(438) Min Capacity: 8M(1%)
[107.874s][info][gc,heap     ] GC(438) Max Capacity: 1024M(100%)
[107.874s][info][gc,heap     ] GC(438) Soft Max Capacity: 1024M(100%)
[107.874s][info][gc,heap     ] GC(438)                Mark Start          Mark End        Relocate Start      Relocate End           High               Low         
[107.874s][info][gc,heap     ] GC(438)  Capacity:     1024M (100%)       1024M (100%)       1024M (100%)       1024M (100%)       1024M (100%)       1024M (100%)   
[107.874s][info][gc,heap     ] GC(438)      Free:      368M (36%)         140M (14%)         130M (13%)         418M (41%)         424M (41%)         110M (11%)    
[107.874s][info][gc,heap     ] GC(438)      Used:      656M (64%)         884M (86%)         894M (87%)         606M (59%)         914M (89%)         600M (59%)    
[107.874s][info][gc,heap     ] GC(438)      Live:         -               290M (28%)         290M (28%)         290M (28%)            -                  -          
[107.874s][info][gc,heap     ] GC(438) Allocated:         -               228M (22%)         238M (23%)         253M (25%)            -                  -          
[107.874s][info][gc,heap     ] GC(438)   Garbage:         -               365M (36%)         365M (36%)          61M (6%)             -                  -          
[107.874s][info][gc,heap     ] GC(438) Reclaimed:         -                  -                 0M (0%)          303M (30%)            -                  -          
[107.874s][info][gc          ] GC(438) Garbage Collection (Allocation Rate) 656M(64%)->606M(59%)
[107.905s][info][gc,start    ] GC(439) Garbage Collection (Allocation Rate)
[107.905s][info][gc,task     ] GC(439) Using 10 workers
[107.905s][info][gc,phases   ] GC(439) Pause Mark Start 0.015ms
[108.076s][info][gc,phases   ] GC(439) Concurrent Mark 171.442ms
[108.076s][info][gc,phases   ] GC(439) Pause Mark End 0.025ms
[108.077s][info][gc,phases   ] GC(439) Concurrent Mark Free 0.001ms
[108.079s][info][gc,phases   ] GC(439) Concurrent Process Non-Strong References 2.135ms
[108.079s][info][gc,phases   ] GC(439) Concurrent Reset Relocation Set 0.030ms
[108.097s][info][gc,phases   ] GC(439) Concurrent Select Relocation Set 17.763ms
[108.097s][info][gc,phases   ] GC(439) Pause Relocate Start 0.010ms
[108.117s][info][gc,phases   ] GC(439) Concurrent Relocate 20.100ms
[108.117s][info][gc,load     ] GC(439) Load: 0.00/0.00/0.00
[108.117s][info][gc,mmu      ] GC(439) MMU: 2ms/96.1%, 5ms/98.4%, 10ms/99.2%, 20ms/99.6%, 50ms/99.8%, 100ms/99.9%
[108.117s][info][gc,marking  ] GC(439) Mark: 8 stripe(s), 2 proactive flush(es), 1 terminate flush(es), 0 completion(s), 0 continuation(s) 
[108.117s][info][gc,marking  ] GC(439) Mark Stack Usage: 32M
[108.117s][info][gc,nmethod  ] GC(439) NMethods: 6365 registered, 30 unregistered
[108.117s][info][gc,metaspace] GC(439) Metaspace: 65M used, 66M committed, 1088M reserved
[108.117s][info][gc,ref      ] GC(439) Soft: 3207 encountered, 0 discovered, 0 enqueued
[108.117s][info][gc,ref      ] GC(439) Weak: 6423 encountered, 2108 discovered, 0 enqueued
[108.117s][info][gc,ref      ] GC(439) Final: 62 encountered, 3 discovered, 0 enqueued
[108.117s][info][gc,ref      ] GC(439) Phantom: 619 encountered, 586 discovered, 0 enqueued
[108.117s][info][gc,reloc    ] GC(439) Small Pages: 293 / 586M, Empty: 0M, Relocated: 18M, In-Place: 0
[108.117s][info][gc,reloc    ] GC(439) Medium Pages: 1 / 32M, Empty: 0M, Relocated: 0M, In-Place: 0
[108.117s][info][gc,reloc    ] GC(439) Large Pages: 4 / 40M, Empty: 0M, Relocated: 0M, In-Place: 0
[108.117s][info][gc,reloc    ] GC(439) Forwarding Usage: 17M
[108.117s][info][gc,heap     ] GC(439) Min Capacity: 8M(1%)
[108.117s][info][gc,heap     ] GC(439) Max Capacity: 1024M(100%)
[108.117s][info][gc,heap     ] GC(439) Soft Max Capacity: 1024M(100%)
[108.117s][info][gc,heap     ] GC(439)                Mark Start          Mark End        Relocate Start      Relocate End           High               Low         
[108.117s][info][gc,heap     ] GC(439)  Capacity:     1024M (100%)       1024M (100%)       1024M (100%)       1024M (100%)       1024M (100%)       1024M (100%)   
[108.117s][info][gc,heap     ] GC(439)      Free:      366M (36%)          80M (8%)           58M (6%)          338M (33%)         366M (36%)          38M (4%)     
[108.117s][info][gc,heap     ] GC(439)      Used:      658M (64%)         944M (92%)         966M (94%)         686M (67%)         986M (96%)         658M (64%)    
[108.117s][info][gc,heap     ] GC(439)      Live:         -               297M (29%)         297M (29%)         297M (29%)            -                  -          
[108.117s][info][gc,heap     ] GC(439) Allocated:         -               286M (28%)         308M (30%)         323M (32%)            -                  -          
[108.117s][info][gc,heap     ] GC(439)   Garbage:         -               360M (35%)         360M (35%)          65M (6%)             -                  -          
[108.117s][info][gc,heap     ] GC(439) Reclaimed:         -                  -                 0M (0%)          295M (29%)            -                  -          
[108.117s][info][gc          ] GC(439) Garbage Collection (Allocation Rate) 658M(64%)->686M(67%)
[108.217s][info][gc,start    ] GC(440) Garbage Collection (Allocation Rate)
[108.217s][info][gc,task     ] GC(440) Using 10 workers
[108.217s][info][gc,phases   ] GC(440) Pause Mark Start 0.013ms
[108.379s][info][gc,phases   ] GC(440) Concurrent Mark 161.679ms
[108.379s][info][gc,phases   ] GC(440) Pause Mark End 0.026ms
[108.379s][info][gc,phases   ] GC(440) Concurrent Mark Free 0.001ms
[108.381s][info][gc,phases   ] GC(440) Concurrent Process Non-Strong References 1.906ms
[108.381s][info][gc,phases   ] GC(440) Concurrent Reset Relocation Set 0.017ms
[108.399s][info][gc,phases   ] GC(440) Concurrent Select Relocation Set 17.375ms
[108.399s][info][gc,phases   ] GC(440) Pause Relocate Start 0.010ms
[108.419s][info][gc,phases   ] GC(440) Concurrent Relocate 20.250ms
[108.419s][info][gc,load     ] GC(440) Load: 0.00/0.00/0.00
[108.419s][info][gc,mmu      ] GC(440) MMU: 2ms/96.1%, 5ms/98.4%, 10ms/99.2%, 20ms/99.6%, 50ms/99.8%, 100ms/99.9%
[108.419s][info][gc,marking  ] GC(440) Mark: 8 stripe(s), 2 proactive flush(es), 1 terminate flush(es), 0 completion(s), 0 continuation(s) 
[108.419s][info][gc,marking  ] GC(440) Mark Stack Usage: 32M
[108.419s][info][gc,nmethod  ] GC(440) NMethods: 6365 registered, 30 unregistered
[108.419s][info][gc,metaspace] GC(440) Metaspace: 65M used, 66M committed, 1088M reserved
[108.419s][info][gc,ref      ] GC(440) Soft: 3207 encountered, 0 discovered, 0 enqueued
[108.419s][info][gc,ref      ] GC(440) Weak: 6423 encountered, 694 discovered, 0 enqueued
[108.419s][info][gc,ref      ] GC(440) Final: 62 encountered, 3 discovered, 0 enqueued
[108.419s][info][gc,ref      ] GC(440) Phantom: 617 encountered, 587 discovered, 0 enqueued
[108.419s][info][gc,reloc    ] GC(440) Small Pages: 342 / 684M, Empty: 0M, Relocated: 22M, In-Place: 0
[108.419s][info][gc,reloc    ] GC(440) Medium Pages: 2 / 64M, Empty: 0M, Relocated: 11M, In-Place: 0
[108.419s][info][gc,reloc    ] GC(440) Large Pages: 4 / 40M, Empty: 0M, Relocated: 0M, In-Place: 0
[108.419s][info][gc,reloc    ] GC(440) Forwarding Usage: 20M
[108.419s][info][gc,heap     ] GC(440) Min Capacity: 8M(1%)
[108.419s][info][gc,heap     ] GC(440) Max Capacity: 1024M(100%)
[108.419s][info][gc,heap     ] GC(440) Soft Max Capacity: 1024M(100%)
[108.419s][info][gc,heap     ] GC(440)                Mark Start          Mark End        Relocate Start      Relocate End           High               Low         
[108.419s][info][gc,heap     ] GC(440)  Capacity:     1024M (100%)       1024M (100%)       1024M (100%)       1024M (100%)       1024M (100%)       1024M (100%)   
[108.419s][info][gc,heap     ] GC(440)      Free:      236M (23%)         202M (20%)         202M (20%)         614M (60%)         614M (60%)         154M (15%)    
[108.419s][info][gc,heap     ] GC(440)      Used:      788M (77%)         822M (80%)         822M (80%)         410M (40%)         870M (85%)         410M (40%)    
[108.420s][info][gc,heap     ] GC(440)      Live:         -               306M (30%)         306M (30%)         306M (30%)            -                  -          
[108.420s][info][gc,heap     ] GC(440) Allocated:         -                34M (3%)           34M (3%)           33M (3%)             -                  -          
[108.420s][info][gc,heap     ] GC(440)   Garbage:         -               481M (47%)         481M (47%)          70M (7%)             -                  -          
[108.420s][info][gc,heap     ] GC(440) Reclaimed:         -                  -                 0M (0%)          411M (40%)            -                  -          
[108.420s][info][gc          ] GC(440) Garbage Collection (Allocation Rate) 788M(77%)->410M(40%)
[108.505s][info][gc,start    ] GC(441) Garbage Collection (Allocation Rate)
[108.505s][info][gc,task     ] GC(441) Using 10 workers
[108.506s][info][gc,phases   ] GC(441) Pause Mark Start 0.017ms
[108.677s][info][gc,phases   ] GC(441) Concurrent Mark 171.408ms
[108.677s][info][gc,phases   ] GC(441) Pause Mark End 0.034ms
[108.677s][info][gc,phases   ] GC(441) Concurrent Mark Free 0.002ms
[108.680s][info][gc,phases   ] GC(441) Concurrent Process Non-Strong References 2.423ms
[108.680s][info][gc,phases   ] GC(441) Concurrent Reset Relocation Set 0.060ms
[108.687s][info][gc,phases   ] GC(441) Concurrent Select Relocation Set 6.793ms
[108.687s][info][gc,phases   ] GC(441) Pause Relocate Start 0.014ms
[108.695s][info][gc,phases   ] GC(441) Concurrent Relocate 8.027ms
[108.695s][info][gc,load     ] GC(441) Load: 0.00/0.00/0.00
[108.695s][info][gc,mmu      ] GC(441) MMU: 2ms/96.1%, 5ms/98.4%, 10ms/99.2%, 20ms/99.6%, 50ms/99.8%, 100ms/99.9%
[108.695s][info][gc,marking  ] GC(441) Mark: 8 stripe(s), 2 proactive flush(es), 1 terminate flush(es), 0 completion(s), 0 continuation(s) 
[108.695s][info][gc,marking  ] GC(441) Mark Stack Usage: 32M
[108.695s][info][gc,nmethod  ] GC(441) NMethods: 6367 registered, 30 unregistered
[108.695s][info][gc,metaspace] GC(441) Metaspace: 65M used, 66M committed, 1088M reserved
[108.695s][info][gc,ref      ] GC(441) Soft: 3207 encountered, 0 discovered, 0 enqueued
[108.695s][info][gc,ref      ] GC(441) Weak: 6423 encountered, 518 discovered, 0 enqueued
[108.695s][info][gc,ref      ] GC(441) Final: 62 encountered, 0 discovered, 0 enqueued
[108.695s][info][gc,ref      ] GC(441) Phantom: 617 encountered, 502 discovered, 0 enqueued
[108.695s][info][gc,reloc    ] GC(441) Small Pages: 153 / 306M, Empty: 0M, Relocated: 5M, In-Place: 0
[108.695s][info][gc,reloc    ] GC(441) Medium Pages: 2 / 64M, Empty: 0M, Relocated: 18M, In-Place: 0
[108.695s][info][gc,reloc    ] GC(441) Large Pages: 4 / 40M, Empty: 0M, Relocated: 0M, In-Place: 0
[108.695s][info][gc,reloc    ] GC(441) Forwarding Usage: 5M
[108.695s][info][gc,heap     ] GC(441) Min Capacity: 8M(1%)
[108.695s][info][gc,heap     ] GC(441) Max Capacity: 1024M(100%)
[108.695s][info][gc,heap     ] GC(441) Soft Max Capacity: 1024M(100%)
[108.695s][info][gc,heap     ] GC(441)                Mark Start          Mark End        Relocate Start      Relocate End           High               Low         
[108.696s][info][gc,heap     ] GC(441)  Capacity:     1024M (100%)       1024M (100%)       1024M (100%)       1024M (100%)       1024M (100%)       1024M (100%)   
[108.696s][info][gc,heap     ] GC(441)      Free:      614M (60%)         574M (56%)         572M (56%)         604M (59%)         614M (60%)         524M (51%)    
[108.696s][info][gc,heap     ] GC(441)      Used:      410M (40%)         450M (44%)         452M (44%)         420M (41%)         500M (49%)         410M (40%)    
[108.696s][info][gc,heap     ] GC(441)      Live:         -               312M (31%)         312M (31%)         312M (31%)            -                  -          
[108.696s][info][gc,heap     ] GC(441) Allocated:         -                40M (4%)           42M (4%)           41M (4%)             -                  -          
[108.696s][info][gc,heap     ] GC(441)   Garbage:         -                97M (10%)          97M (10%)          65M (6%)             -                  -          
[108.696s][info][gc,heap     ] GC(441) Reclaimed:         -                  -                 0M (0%)           31M (3%)             -                  -          
[108.696s][info][gc          ] GC(441) Garbage Collection (Allocation Rate) 410M(40%)->420M(41%)
[108.708s][info][gc,start    ] GC(442) Garbage Collection (Allocation Rate)
[108.708s][info][gc,task     ] GC(442) Using 10 workers
[108.709s][info][gc,phases   ] GC(442) Pause Mark Start 0.017ms
[108.865s][info][gc,phases   ] GC(442) Concurrent Mark 155.750ms
[108.865s][info][gc,phases   ] GC(442) Pause Mark End 0.025ms
[108.865s][info][gc,phases   ] GC(442) Concurrent Mark Free 0.001ms
[108.867s][info][gc,phases   ] GC(442) Concurrent Process Non-Strong References 2.032ms
[108.867s][info][gc,phases   ] GC(442) Concurrent Reset Relocation Set 0.002ms
[108.874s][info][gc,phases   ] GC(442) Concurrent Select Relocation Set 7.388ms
[108.874s][info][gc,phases   ] GC(442) Pause Relocate Start 0.008ms
[108.881s][info][gc,phases   ] GC(442) Concurrent Relocate 6.162ms
[108.881s][info][gc,load     ] GC(442) Load: 0.00/0.00/0.00
[108.881s][info][gc,mmu      ] GC(442) MMU: 2ms/96.1%, 5ms/98.4%, 10ms/99.2%, 20ms/99.6%, 50ms/99.8%, 100ms/99.9%
[108.881s][info][gc,marking  ] GC(442) Mark: 8 stripe(s), 2 proactive flush(es), 2 terminate flush(es), 0 completion(s), 0 continuation(s) 
[108.881s][info][gc,marking  ] GC(442) Mark Stack Usage: 32M
[108.881s][info][gc,nmethod  ] GC(442) NMethods: 6370 registered, 30 unregistered
[108.881s][info][gc,metaspace] GC(442) Metaspace: 65M used, 66M committed, 1088M reserved
[108.881s][info][gc,ref      ] GC(442) Soft: 3207 encountered, 0 discovered, 0 enqueued
[108.881s][info][gc,ref      ] GC(442) Weak: 6543 encountered, 885 discovered, 3 enqueued
[108.881s][info][gc,ref      ] GC(442) Final: 62 encountered, 34 discovered, 0 enqueued
[108.881s][info][gc,ref      ] GC(442) Phantom: 618 encountered, 377 discovered, 0 enqueued
[108.881s][info][gc,reloc    ] GC(442) Small Pages: 159 / 318M, Empty: 6M, Relocated: 6M, In-Place: 0
[108.881s][info][gc,reloc    ] GC(442) Medium Pages: 2 / 64M, Empty: 0M, Relocated: 14M, In-Place: 0
[108.881s][info][gc,reloc    ] GC(442) Large Pages: 4 / 40M, Empty: 0M, Relocated: 0M, In-Place: 0
[108.881s][info][gc,reloc    ] GC(442) Forwarding Usage: 6M
[108.881s][info][gc,heap     ] GC(442) Min Capacity: 8M(1%)
[108.881s][info][gc,heap     ] GC(442) Max Capacity: 1024M(100%)
[108.881s][info][gc,heap     ] GC(442) Soft Max Capacity: 1024M(100%)
[108.881s][info][gc,heap     ] GC(442)                Mark Start          Mark End        Relocate Start      Relocate End           High               Low         
[108.881s][info][gc,heap     ] GC(442)  Capacity:     1024M (100%)       1024M (100%)       1024M (100%)       1024M (100%)       1024M (100%)       1024M (100%)   
[108.881s][info][gc,heap     ] GC(442)      Free:      602M (59%)         534M (52%)         536M (52%)         578M (56%)         602M (59%)         490M (48%)    
[108.881s][info][gc,heap     ] GC(442)      Used:      422M (41%)         490M (48%)         488M (48%)         446M (44%)         534M (52%)         422M (41%)    
[108.881s][info][gc,heap     ] GC(442)      Live:         -               309M (30%)         309M (30%)         309M (30%)            -                  -          
[108.881s][info][gc,heap     ] GC(442) Allocated:         -                68M (7%)           72M (7%)           71M (7%)             -                  -          
[108.881s][info][gc,heap     ] GC(442)   Garbage:         -               112M (11%)         106M (10%)          64M (6%)             -                  -          
[108.881s][info][gc,heap     ] GC(442) Reclaimed:         -                  -                 6M (1%)           47M (5%)             -                  -          
[108.881s][info][gc          ] GC(442) Garbage Collection (Allocation Rate) 422M(41%)->446M(44%)
[108.908s][info][gc,start    ] GC(443) Garbage Collection (Allocation Rate)
[108.908s][info][gc,task     ] GC(443) Using 10 workers
[108.908s][info][gc,phases   ] GC(443) Pause Mark Start 0.014ms
[108.996s][info][gc,phases   ] GC(443) Concurrent Mark 88.507ms
[108.997s][info][gc,phases   ] GC(443) Pause Mark End 0.027ms
[108.997s][info][gc,phases   ] GC(443) Concurrent Mark Free 0.001ms
[108.999s][info][gc,phases   ] GC(443) Concurrent Process Non-Strong References 2.165ms
[108.999s][info][gc,phases   ] GC(443) Concurrent Reset Relocation Set 0.004ms
[109.016s][info][gc,phases   ] GC(443) Concurrent Select Relocation Set 17.373ms
[109.017s][info][gc,phases   ] GC(443) Pause Relocate Start 0.011ms
[109.030s][info][gc,phases   ] GC(443) Concurrent Relocate 13.542ms
[109.030s][info][gc,load     ] GC(443) Load: 0.00/0.00/0.00
[109.030s][info][gc,mmu      ] GC(443) MMU: 2ms/96.1%, 5ms/98.4%, 10ms/99.2%, 20ms/99.6%, 50ms/99.8%, 100ms/99.9%
[109.030s][info][gc,marking  ] GC(443) Mark: 8 stripe(s), 2 proactive flush(es), 1 terminate flush(es), 0 completion(s), 0 continuation(s) 
[109.030s][info][gc,marking  ] GC(443) Mark Stack Usage: 32M
[109.030s][info][gc,nmethod  ] GC(443) NMethods: 6393 registered, 31 unregistered
[109.030s][info][gc,metaspace] GC(443) Metaspace: 65M used, 66M committed, 1088M reserved
[109.030s][info][gc,ref      ] GC(443) Soft: 3204 encountered, 0 discovered, 0 enqueued
[109.030s][info][gc,ref      ] GC(443) Weak: 6559 encountered, 3271 discovered, 62 enqueued
[109.030s][info][gc,ref      ] GC(443) Final: 62 encountered, 24 discovered, 0 enqueued
[109.030s][info][gc,ref      ] GC(443) Phantom: 618 encountered, 493 discovered, 0 enqueued
[109.030s][info][gc,reloc    ] GC(443) Small Pages: 173 / 346M, Empty: 28M, Relocated: 27M, In-Place: 0
[109.030s][info][gc,reloc    ] GC(443) Medium Pages: 2 / 64M, Empty: 32M, Relocated: 0M, In-Place: 0
[109.030s][info][gc,reloc    ] GC(443) Large Pages: 4 / 40M, Empty: 30M, Relocated: 0M, In-Place: 0
[109.030s][info][gc,reloc    ] GC(443) Forwarding Usage: 23M
[109.030s][info][gc,heap     ] GC(443) Min Capacity: 8M(1%)
[109.030s][info][gc,heap     ] GC(443) Max Capacity: 1024M(100%)
[109.031s][info][gc,heap     ] GC(443) Soft Max Capacity: 1024M(100%)
[109.031s][info][gc,heap     ] GC(443)                Mark Start          Mark End        Relocate Start      Relocate End           High               Low         
[109.031s][info][gc,heap     ] GC(443)  Capacity:     1024M (100%)       1024M (100%)       1024M (100%)       1024M (100%)       1024M (100%)       1024M (100%)   
[109.031s][info][gc,heap     ] GC(443)      Free:      574M (56%)         556M (54%)         572M (56%)         662M (65%)         662M (65%)         548M (54%)    
[109.031s][info][gc,heap     ] GC(443)      Used:      450M (44%)         468M (46%)         452M (44%)         362M (35%)         476M (46%)         362M (35%)    
[109.031s][info][gc,heap     ] GC(443)      Live:         -               200M (20%)         200M (20%)         200M (20%)            -                  -          
[109.031s][info][gc,heap     ] GC(443) Allocated:         -                18M (2%)           92M (9%)          117M (12%)            -                  -          
[109.031s][info][gc,heap     ] GC(443)   Garbage:         -               249M (24%)         159M (16%)          43M (4%)             -                  -          
[109.031s][info][gc,heap     ] GC(443) Reclaimed:         -                  -                90M (9%)          205M (20%)            -                  -          
[109.031s][info][gc          ] GC(443) Garbage Collection (Allocation Rate) 450M(44%)->362M(35%)
[109.106s][info][gc,start    ] GC(444) Garbage Collection (Allocation Rate)
[109.106s][info][gc,task     ] GC(444) Using 10 workers
[109.107s][info][gc,phases   ] GC(444) Pause Mark Start 0.015ms
[109.200s][info][gc,phases   ] GC(444) Concurrent Mark 93.318ms
[109.200s][info][gc,phases   ] GC(444) Pause Mark End 0.034ms
[109.200s][info][gc,phases   ] GC(444) Concurrent Mark Free 0.002ms
[109.203s][info][gc,phases   ] GC(444) Concurrent Process Non-Strong References 2.365ms
[109.203s][info][gc,phases   ] GC(444) Concurrent Reset Relocation Set 0.022ms
[109.208s][info][gc,phases   ] GC(444) Concurrent Select Relocation Set 4.738ms
[109.208s][info][gc,phases   ] GC(444) Pause Relocate Start 0.009ms
[109.221s][info][gc,phases   ] GC(444) Concurrent Relocate 12.862ms
[109.221s][info][gc,load     ] GC(444) Load: 0.00/0.00/0.00
[109.221s][info][gc,mmu      ] GC(444) MMU: 2ms/96.1%, 5ms/98.4%, 10ms/99.2%, 20ms/99.6%, 50ms/99.8%, 100ms/99.9%
[109.221s][info][gc,marking  ] GC(444) Mark: 8 stripe(s), 2 proactive flush(es), 1 terminate flush(es), 0 completion(s), 0 continuation(s) 
[109.221s][info][gc,marking  ] GC(444) Mark Stack Usage: 32M
[109.221s][info][gc,nmethod  ] GC(444) NMethods: 6389 registered, 36 unregistered
[109.221s][info][gc,metaspace] GC(444) Metaspace: 65M used, 66M committed, 1088M reserved
[109.221s][info][gc,ref      ] GC(444) Soft: 3208 encountered, 0 discovered, 0 enqueued
[109.221s][info][gc,ref      ] GC(444) Weak: 6608 encountered, 2611 discovered, 140 enqueued
[109.221s][info][gc,ref      ] GC(444) Final: 62 encountered, 2 discovered, 0 enqueued
[109.221s][info][gc,ref      ] GC(444) Phantom: 619 encountered, 532 discovered, 0 enqueued
[109.221s][info][gc,reloc    ] GC(444) Small Pages: 173 / 346M, Empty: 14M, Relocated: 22M, In-Place: 0
[109.221s][info][gc,reloc    ] GC(444) Medium Pages: 2 / 64M, Empty: 32M, Relocated: 0M, In-Place: 0
[109.221s][info][gc,reloc    ] GC(444) Large Pages: 6 / 40M, Empty: 16M, Relocated: 0M, In-Place: 0
[109.221s][info][gc,reloc    ] GC(444) Forwarding Usage: 21M
[109.221s][info][gc,heap     ] GC(444) Min Capacity: 8M(1%)
[109.221s][info][gc,heap     ] GC(444) Max Capacity: 1024M(100%)
[109.221s][info][gc,heap     ] GC(444) Soft Max Capacity: 1024M(100%)
[109.221s][info][gc,heap     ] GC(444)                Mark Start          Mark End        Relocate Start      Relocate End           High               Low         
[109.221s][info][gc,heap     ] GC(444)  Capacity:     1024M (100%)       1024M (100%)       1024M (100%)       1024M (100%)       1024M (100%)       1024M (100%)   
[109.221s][info][gc,heap     ] GC(444)      Free:      574M (56%)         518M (51%)         574M (56%)         706M (69%)         706M (69%)         512M (50%)    
[109.221s][info][gc,heap     ] GC(444)      Used:      450M (44%)         506M (49%)         450M (44%)         318M (31%)         512M (50%)         318M (31%)    
[109.221s][info][gc,heap     ] GC(444)      Live:         -               208M (20%)         208M (20%)         208M (20%)            -                  -          
[109.221s][info][gc,heap     ] GC(444) Allocated:         -                56M (5%)           62M (6%)           67M (7%)             -                  -          
[109.221s][info][gc,heap     ] GC(444)   Garbage:         -               241M (24%)         179M (18%)          41M (4%)             -                  -          
[109.221s][info][gc,heap     ] GC(444) Reclaimed:         -                  -                62M (6%)          199M (19%)            -                  -          
[109.222s][info][gc          ] GC(444) Garbage Collection (Allocation Rate) 450M(44%)->318M(31%)
[109.309s][info][gc,start    ] GC(445) Garbage Collection (Allocation Rate)
[109.309s][info][gc,task     ] GC(445) Using 10 workers
[109.310s][info][gc,phases   ] GC(445) Pause Mark Start 0.013ms
[109.434s][info][gc,phases   ] GC(445) Concurrent Mark 124.564ms
[109.436s][info][gc,phases   ] GC(445) Pause Mark End 0.020ms
[109.436s][info][gc,phases   ] GC(445) Concurrent Mark Free 0.001ms
[109.438s][info][gc,phases   ] GC(445) Concurrent Process Non-Strong References 2.163ms
[109.438s][info][gc,phases   ] GC(445) Concurrent Reset Relocation Set 0.009ms
[109.467s][info][gc,phases   ] GC(445) Concurrent Select Relocation Set 28.242ms
[109.467s][info][gc,phases   ] GC(445) Pause Relocate Start 0.014ms
[109.499s][info][gc,phases   ] GC(445) Concurrent Relocate 32.123ms
[109.499s][info][gc,load     ] GC(445) Load: 0.00/0.00/0.00
[109.499s][info][gc,mmu      ] GC(445) MMU: 2ms/96.1%, 5ms/98.4%, 10ms/99.2%, 20ms/99.6%, 50ms/99.8%, 100ms/99.9%
[109.499s][info][gc,marking  ] GC(445) Mark: 8 stripe(s), 2 proactive flush(es), 1 terminate flush(es), 0 completion(s), 0 continuation(s) 
[109.499s][info][gc,marking  ] GC(445) Mark Stack Usage: 32M
[109.499s][info][gc,nmethod  ] GC(445) NMethods: 6389 registered, 37 unregistered
[109.499s][info][gc,metaspace] GC(445) Metaspace: 65M used, 66M committed, 1088M reserved
[109.499s][info][gc,ref      ] GC(445) Soft: 3213 encountered, 0 discovered, 0 enqueued
[109.499s][info][gc,ref      ] GC(445) Weak: 6475 encountered, 831 discovered, 5 enqueued
[109.499s][info][gc,ref      ] GC(445) Final: 62 encountered, 1 discovered, 0 enqueued
[109.499s][info][gc,ref      ] GC(445) Phantom: 617 encountered, 588 discovered, 0 enqueued
[109.499s][info][gc,reloc    ] GC(445) Small Pages: 216 / 432M, Empty: 0M, Relocated: 53M, In-Place: 0
[109.499s][info][gc,reloc    ] GC(445) Medium Pages: 2 / 64M, Empty: 0M, Relocated: 18M, In-Place: 0
[109.499s][info][gc,reloc    ] GC(445) Large Pages: 4 / 24M, Empty: 0M, Relocated: 0M, In-Place: 0
[109.499s][info][gc,reloc    ] GC(445) Forwarding Usage: 41M
[109.499s][info][gc,heap     ] GC(445) Min Capacity: 8M(1%)
[109.499s][info][gc,heap     ] GC(445) Max Capacity: 1024M(100%)
[109.499s][info][gc,heap     ] GC(445) Soft Max Capacity: 1024M(100%)
[109.499s][info][gc,heap     ] GC(445)                Mark Start          Mark End        Relocate Start      Relocate End           High               Low         
[109.499s][info][gc,heap     ] GC(445)  Capacity:     1024M (100%)       1024M (100%)       1024M (100%)       1024M (100%)       1024M (100%)       1024M (100%)   
[109.499s][info][gc,heap     ] GC(445)      Free:      504M (49%)         340M (33%)         326M (32%)         548M (54%)         548M (54%)         278M (27%)    
[109.499s][info][gc,heap     ] GC(445)      Used:      520M (51%)         684M (67%)         698M (68%)         476M (46%)         746M (73%)         476M (46%)    
[109.499s][info][gc,heap     ] GC(445)      Live:         -               251M (25%)         251M (25%)         251M (25%)            -                  -          
[109.500s][info][gc,heap     ] GC(445) Allocated:         -               164M (16%)         178M (17%)         186M (18%)            -                  -          
[109.500s][info][gc,heap     ] GC(445)   Garbage:         -               268M (26%)         268M (26%)          37M (4%)             -                  -          
[109.500s][info][gc,heap     ] GC(445) Reclaimed:         -                  -                 0M (0%)          230M (23%)            -                  -          
[109.500s][info][gc          ] GC(445) Garbage Collection (Allocation Rate) 520M(51%)->476M(46%)
[109.512s][info][gc,start    ] GC(446) Garbage Collection (Allocation Rate)
[109.512s][info][gc,task     ] GC(446) Using 10 workers
[109.513s][info][gc,phases   ] GC(446) Pause Mark Start 0.011ms
[109.617s][info][gc,phases   ] GC(446) Concurrent Mark 104.635ms
[109.617s][info][gc,phases   ] GC(446) Pause Mark End 0.023ms
[109.617s][info][gc,phases   ] GC(446) Concurrent Mark Free 0.001ms
[109.619s][info][gc,phases   ] GC(446) Concurrent Process Non-Strong References 1.929ms
[109.619s][info][gc,phases   ] GC(446) Concurrent Reset Relocation Set 0.022ms
[109.624s][info][gc,phases   ] GC(446) Concurrent Select Relocation Set 4.589ms
[109.624s][info][gc,phases   ] GC(446) Pause Relocate Start 0.008ms
[109.644s][info][gc,phases   ] GC(446) Concurrent Relocate 20.163ms
[109.645s][info][gc,load     ] GC(446) Load: 0.00/0.00/0.00
[109.645s][info][gc,mmu      ] GC(446) MMU: 2ms/96.1%, 5ms/98.4%, 10ms/99.2%, 20ms/99.6%, 50ms/99.8%, 100ms/99.9%
[109.645s][info][gc,marking  ] GC(446) Mark: 8 stripe(s), 3 proactive flush(es), 1 terminate flush(es), 0 completion(s), 0 continuation(s) 
[109.645s][info][gc,marking  ] GC(446) Mark Stack Usage: 32M
[109.645s][info][gc,nmethod  ] GC(446) NMethods: 6389 registered, 38 unregistered
[109.645s][info][gc,metaspace] GC(446) Metaspace: 65M used, 66M committed, 1088M reserved
[109.645s][info][gc,ref      ] GC(446) Soft: 3213 encountered, 0 discovered, 0 enqueued
[109.645s][info][gc,ref      ] GC(446) Weak: 6470 encountered, 505 discovered, 0 enqueued
[109.645s][info][gc,ref      ] GC(446) Final: 62 encountered, 0 discovered, 0 enqueued
[109.645s][info][gc,ref      ] GC(446) Phantom: 618 encountered, 524 discovered, 0 enqueued
[109.645s][info][gc,reloc    ] GC(446) Small Pages: 190 / 380M, Empty: 18M, Relocated: 59M, In-Place: 0
[109.645s][info][gc,reloc    ] GC(446) Medium Pages: 2 / 64M, Empty: 32M, Relocated: 0M, In-Place: 0
[109.645s][info][gc,reloc    ] GC(446) Large Pages: 8 / 48M, Empty: 18M, Relocated: 0M, In-Place: 0
[109.645s][info][gc,reloc    ] GC(446) Forwarding Usage: 32M
[109.645s][info][gc,heap     ] GC(446) Min Capacity: 8M(1%)
[109.645s][info][gc,heap     ] GC(446) Max Capacity: 1024M(100%)
[109.645s][info][gc,heap     ] GC(446) Soft Max Capacity: 1024M(100%)
[109.645s][info][gc,heap     ] GC(446)                Mark Start          Mark End        Relocate Start      Relocate End           High               Low         
[109.645s][info][gc,heap     ] GC(446)  Capacity:     1024M (100%)       1024M (100%)       1024M (100%)       1024M (100%)       1024M (100%)       1024M (100%)   
[109.645s][info][gc,heap     ] GC(446)      Free:      532M (52%)         358M (35%)         412M (40%)         476M (46%)         532M (52%)         348M (34%)    
[109.645s][info][gc,heap     ] GC(446)      Used:      492M (48%)         666M (65%)         612M (60%)         548M (54%)         676M (66%)         492M (48%)    
[109.645s][info][gc,heap     ] GC(446)      Live:         -               278M (27%)         278M (27%)         278M (27%)            -                  -          
[109.645s][info][gc,heap     ] GC(446) Allocated:         -               174M (17%)         188M (18%)         222M (22%)            -                  -          
[109.645s][info][gc,heap     ] GC(446)   Garbage:         -               213M (21%)         145M (14%)          47M (5%)             -                  -          
[109.645s][info][gc,heap     ] GC(446) Reclaimed:         -                  -                68M (7%)          166M (16%)            -                  -          
[109.645s][info][gc          ] GC(446) Garbage Collection (Allocation Rate) 492M(48%)->548M(54%)
[109.707s][info][gc,start    ] GC(447) Garbage Collection (Allocation Rate)
[109.707s][info][gc,task     ] GC(447) Using 10 workers
[109.707s][info][gc,phases   ] GC(447) Pause Mark Start 0.013ms
[109.832s][info][gc,phases   ] GC(447) Concurrent Mark 124.611ms
[109.832s][info][gc,phases   ] GC(447) Pause Mark End 0.025ms
[109.832s][info][gc,phases   ] GC(447) Concurrent Mark Free 0.001ms
[109.834s][info][gc,phases   ] GC(447) Concurrent Process Non-Strong References 2.186ms
[109.834s][info][gc,phases   ] GC(447) Concurrent Reset Relocation Set 0.013ms
[109.838s][info][gc,phases   ] GC(447) Concurrent Select Relocation Set 4.109ms
[109.839s][info][gc,phases   ] GC(447) Pause Relocate Start 0.010ms
[109.856s][info][gc,phases   ] GC(447) Concurrent Relocate 17.517ms
[109.856s][info][gc,load     ] GC(447) Load: 0.00/0.00/0.00
[109.856s][info][gc,mmu      ] GC(447) MMU: 2ms/96.1%, 5ms/98.4%, 10ms/99.2%, 20ms/99.6%, 50ms/99.8%, 100ms/99.9%
[109.856s][info][gc,marking  ] GC(447) Mark: 8 stripe(s), 2 proactive flush(es), 1 terminate flush(es), 0 completion(s), 0 continuation(s) 
[109.856s][info][gc,marking  ] GC(447) Mark Stack Usage: 32M
[109.856s][info][gc,nmethod  ] GC(447) NMethods: 6392 registered, 38 unregistered
[109.856s][info][gc,metaspace] GC(447) Metaspace: 65M used, 66M committed, 1088M reserved
[109.856s][info][gc,ref      ] GC(447) Soft: 3213 encountered, 0 discovered, 0 enqueued
[109.856s][info][gc,ref      ] GC(447) Weak: 6470 encountered, 851 discovered, 0 enqueued
[109.856s][info][gc,ref      ] GC(447) Final: 62 encountered, 0 discovered, 0 enqueued
[109.856s][info][gc,ref      ] GC(447) Phantom: 618 encountered, 503 discovered, 0 enqueued
[109.856s][info][gc,reloc    ] GC(447) Small Pages: 304 / 608M, Empty: 0M, Relocated: 34M, In-Place: 0
[109.856s][info][gc,reloc    ] GC(447) Medium Pages: 1 / 32M, Empty: 0M, Relocated: 0M, In-Place: 0
[109.856s][info][gc,reloc    ] GC(447) Large Pages: 5 / 30M, Empty: 6M, Relocated: 0M, In-Place: 0
[109.856s][info][gc,reloc    ] GC(447) Forwarding Usage: 21M
[109.856s][info][gc,heap     ] GC(447) Min Capacity: 8M(1%)
[109.856s][info][gc,heap     ] GC(447) Max Capacity: 1024M(100%)
[109.856s][info][gc,heap     ] GC(447) Soft Max Capacity: 1024M(100%)
[109.856s][info][gc,heap     ] GC(447)                Mark Start          Mark End        Relocate Start      Relocate End           High               Low         
[109.856s][info][gc,heap     ] GC(447)  Capacity:     1024M (100%)       1024M (100%)       1024M (100%)       1024M (100%)       1024M (100%)       1024M (100%)   
[109.856s][info][gc,heap     ] GC(447)      Free:      354M (35%)          96M (9%)          100M (10%)         424M (41%)         424M (41%)          82M (8%)     
[109.856s][info][gc,heap     ] GC(447)      Used:      670M (65%)         928M (91%)         924M (90%)         600M (59%)         942M (92%)         600M (59%)    
[109.856s][info][gc,heap     ] GC(447)      Live:         -               287M (28%)         287M (28%)         287M (28%)            -                  -          
[109.856s][info][gc,heap     ] GC(447) Allocated:         -               258M (25%)         260M (25%)         265M (26%)            -                  -          
[109.856s][info][gc,heap     ] GC(447)   Garbage:         -               382M (37%)         376M (37%)          47M (5%)             -                  -          
[109.856s][info][gc,heap     ] GC(447) Reclaimed:         -                  -                 6M (1%)          335M (33%)            -                  -          
[109.857s][info][gc          ] GC(447) Garbage Collection (Allocation Rate) 670M(65%)->600M(59%)
[109.910s][info][gc,start    ] GC(448) Garbage Collection (Allocation Rate)
[109.910s][info][gc,task     ] GC(448) Using 10 workers
[109.910s][info][gc,phases   ] GC(448) Pause Mark Start 0.015ms
[110.066s][info][gc,phases   ] GC(448) Concurrent Mark 155.847ms
[110.066s][info][gc,phases   ] GC(448) Pause Mark End 0.038ms
[110.066s][info][gc,phases   ] GC(448) Concurrent Mark Free 0.001ms
[110.069s][info][gc,phases   ] GC(448) Concurrent Process Non-Strong References 2.762ms
[110.069s][info][gc,phases   ] GC(448) Concurrent Reset Relocation Set 0.031ms
[110.073s][info][gc,phases   ] GC(448) Concurrent Select Relocation Set 3.252ms
[110.073s][info][gc,phases   ] GC(448) Pause Relocate Start 0.010ms
[110.088s][info][gc,phases   ] GC(448) Concurrent Relocate 14.750ms
[110.088s][info][gc,load     ] GC(448) Load: 0.00/0.00/0.00
[110.088s][info][gc,mmu      ] GC(448) MMU: 2ms/96.1%, 5ms/98.4%, 10ms/99.2%, 20ms/99.6%, 50ms/99.8%, 100ms/99.9%
[110.088s][info][gc,marking  ] GC(448) Mark: 8 stripe(s), 2 proactive flush(es), 1 terminate flush(es), 0 completion(s), 0 continuation(s) 
[110.088s][info][gc,marking  ] GC(448) Mark Stack Usage: 32M
[110.088s][info][gc,nmethod  ] GC(448) NMethods: 6391 registered, 39 unregistered
[110.088s][info][gc,metaspace] GC(448) Metaspace: 65M used, 66M committed, 1088M reserved
[110.088s][info][gc,ref      ] GC(448) Soft: 3213 encountered, 0 discovered, 0 enqueued
[110.088s][info][gc,ref      ] GC(448) Weak: 6468 encountered, 840 discovered, 0 enqueued
[110.088s][info][gc,ref      ] GC(448) Final: 62 encountered, 0 discovered, 0 enqueued
[110.088s][info][gc,ref      ] GC(448) Phantom: 621 encountered, 487 discovered, 0 enqueued
[110.088s][info][gc,reloc    ] GC(448) Small Pages: 267 / 534M, Empty: 10M, Relocated: 22M, In-Place: 0
[110.088s][info][gc,reloc    ] GC(448) Medium Pages: 2 / 64M, Empty: 0M, Relocated: 17M, In-Place: 0
[110.088s][info][gc,reloc    ] GC(448) Large Pages: 4 / 24M, Empty: 0M, Relocated: 0M, In-Place: 0
[110.088s][info][gc,reloc    ] GC(448) Forwarding Usage: 17M
[110.088s][info][gc,heap     ] GC(448) Min Capacity: 8M(1%)
[110.088s][info][gc,heap     ] GC(448) Max Capacity: 1024M(100%)
[110.088s][info][gc,heap     ] GC(448) Soft Max Capacity: 1024M(100%)
[110.088s][info][gc,heap     ] GC(448)                Mark Start          Mark End        Relocate Start      Relocate End           High               Low         
[110.088s][info][gc,heap     ] GC(448)  Capacity:     1024M (100%)       1024M (100%)       1024M (100%)       1024M (100%)       1024M (100%)       1024M (100%)   
[110.088s][info][gc,heap     ] GC(448)      Free:      402M (39%)         346M (34%)         354M (35%)         610M (60%)         610M (60%)         308M (30%)    
[110.088s][info][gc,heap     ] GC(448)      Used:      622M (61%)         678M (66%)         670M (65%)         414M (40%)         716M (70%)         414M (40%)    
[110.088s][info][gc,heap     ] GC(448)      Live:         -               308M (30%)         308M (30%)         308M (30%)            -                  -          
[110.088s][info][gc,heap     ] GC(448) Allocated:         -                56M (5%)           58M (6%)           61M (6%)             -                  -          
[110.088s][info][gc,heap     ] GC(448)   Garbage:         -               313M (31%)         303M (30%)          43M (4%)             -                  -          
[110.088s][info][gc,heap     ] GC(448) Reclaimed:         -                  -                10M (1%)          269M (26%)            -                  -          
[110.088s][info][gc          ] GC(448) Garbage Collection (Allocation Rate) 622M(61%)->414M(40%)
[110.113s][info][gc,start    ] GC(449) Garbage Collection (Allocation Rate)
[110.113s][info][gc,stats    ] === Garbage Collection Statistics =======================================================================================================================
[110.113s][info][gc,task     ] GC(449) Using 10 workers
[110.113s][info][gc,stats    ]                                                              Last 10s              Last 10m              Last 10h                Total
[110.113s][info][gc,stats    ]                                                              Avg / Max             Avg / Max             Avg / Max             Avg / Max
[110.113s][info][gc,stats    ]   Collector: Garbage Collection Cycle                    157.732 / 227.383     157.109 / 1546.086    157.109 / 1546.086    157.109 / 1546.086    ms
[110.113s][info][gc,stats    ]  Contention: Mark Segment Reset Contention                    53 / 110              40 / 443              40 / 443              40 / 443         ops/s
[110.113s][info][gc,phases   ] GC(449) Pause Mark Start 0.014ms
[110.113s][info][gc,stats    ]  Contention: Mark SeqNum Reset Contention                      3 / 7                 3 / 9                 3 / 9                 3 / 9           ops/s
[110.114s][info][gc,stats    ]    Critical: Allocation Stall                                  0 / 5                 0 / 10                0 / 10                0 / 10          ops/s
[110.114s][info][gc,stats    ]    Critical: Allocation Stall                             61.387 / 69.953       56.567 / 105.181      56.567 / 105.181      56.567 / 105.181     ms
[110.114s][info][gc,stats    ]    Critical: GC Locker Stall                                   0 / 0                 0 / 1                 0 / 1                 0 / 1           ops/s
[110.114s][info][gc,stats    ]    Critical: GC Locker Stall                               0.000 / 0.000         0.001 / 0.001         0.001 / 0.001         0.001 / 0.001       ms
[110.114s][info][gc,stats    ]    Critical: Relocation Stall                                  0 / 0                 0 / 7                 0 / 7                 0 / 7           ops/s
[110.114s][info][gc,stats    ]    Critical: Relocation Stall                              0.000 / 0.000         8.998 / 15.155        8.998 / 15.155        8.998 / 15.155      ms
[110.114s][info][gc,stats    ]      Memory: Allocation Rate                                1197 / 1824           1051 / 2754           1051 / 2754           1051 / 2754        MB/s
[110.114s][info][gc,stats    ]      Memory: Defragment                                       22 / 79               14 / 110              14 / 110              14 / 110         ops/s
[110.114s][info][gc,stats    ]      Memory: Out Of Memory                                     0 / 0                 0 / 0                 0 / 0                 0 / 0           ops/s
[110.114s][info][gc,stats    ]      Memory: Page Cache Flush                                103 / 478              72 / 478              72 / 478              72 / 478         MB/s
[110.114s][info][gc,stats    ]      Memory: Page Cache Hit L1                               588 / 932             519 / 1477            519 / 1477            519 / 1477        ops/s
[110.114s][info][gc,stats    ]      Memory: Page Cache Hit L2                                 0 / 0                 0 / 0                 0 / 0                 0 / 0           ops/s
[110.114s][info][gc,stats    ]      Memory: Page Cache Hit L3                                21 / 66               18 / 226              18 / 226              18 / 226         ops/s
[110.114s][info][gc,stats    ]      Memory: Page Cache Miss                                   3 / 31                2 / 31                2 / 31                2 / 31          ops/s
[110.114s][info][gc,stats    ]      Memory: Uncommit                                          0 / 0                 0 / 0                 0 / 0                 0 / 0           MB/s
[110.114s][info][gc,stats    ]      Memory: Undo Object Allocation Failed                    22 / 78               19 / 399              19 / 399              19 / 399         ops/s
[110.114s][info][gc,stats    ]      Memory: Undo Object Allocation Succeeded                 31 / 133              22 / 339              22 / 339              22 / 339         ops/s
[110.114s][info][gc,stats    ]      Memory: Undo Page Allocation                             31 / 63               26 / 116              26 / 116              26 / 116         ops/s
[110.114s][info][gc,stats    ]       Phase: Concurrent Mark                             126.773 / 172.253     126.997 / 1535.632    126.997 / 1535.632    126.997 / 1535.632    ms
[110.114s][info][gc,stats    ]       Phase: Concurrent Mark Continue                      0.000 / 0.000         0.000 / 0.000         0.000 / 0.000         0.000 / 0.000       ms
[110.114s][info][gc,stats    ]       Phase: Concurrent Mark Free                          0.001 / 0.002         0.001 / 0.002         0.001 / 0.002         0.001 / 0.002       ms
[110.114s][info][gc,stats    ]       Phase: Concurrent Process Non-Strong References      3.115 / 17.150        2.793 / 18.230        2.793 / 18.230        2.793 / 18.230      ms
[110.114s][info][gc,stats    ]       Phase: Concurrent Relocate                          14.505 / 34.506       14.262 / 82.400       14.262 / 82.400       14.262 / 82.400      ms
[110.114s][info][gc,stats    ]       Phase: Concurrent Reset Relocation Set               0.018 / 0.060         0.017 / 0.062         0.017 / 0.062         0.017 / 0.062       ms
[110.114s][info][gc,stats    ]       Phase: Concurrent Select Relocation Set             10.579 / 32.586       10.583 / 43.730       10.583 / 43.730       10.583 / 43.730      ms
[110.114s][info][gc,stats    ]       Phase: Pause Mark End                                0.027 / 0.042         0.025 / 0.064         0.025 / 0.064         0.025 / 0.064       ms
[110.114s][info][gc,stats    ]       Phase: Pause Mark Start                              0.015 / 0.056         0.014 / 0.079         0.014 / 0.079         0.014 / 0.079       ms
[110.114s][info][gc,stats    ]       Phase: Pause Relocate Start                          0.010 / 0.015         0.010 / 0.019         0.010 / 0.019         0.010 / 0.019       ms
[110.114s][info][gc,stats    ]    Subphase: Concurrent Classes Purge                      0.061 / 1.262         0.078 / 6.129         0.078 / 6.129         0.078 / 6.129       ms
[110.114s][info][gc,stats    ]    Subphase: Concurrent Classes Unlink                     2.431 / 16.517        2.104 / 16.835        2.104 / 16.835        2.104 / 16.835      ms
[110.114s][info][gc,stats    ]    Subphase: Concurrent Mark                             119.705 / 165.352     119.329 / 1532.438    119.329 / 1532.438    119.329 / 1532.438    ms
[110.115s][info][gc,stats    ]    Subphase: Concurrent Mark Try Flush                     0.171 / 4.410         0.137 / 8.969         0.137 / 8.969         0.137 / 8.969       ms
[110.115s][info][gc,stats    ]    Subphase: Concurrent Mark Try Terminate                 6.785 / 16.185        8.749 / 17.022        8.749 / 17.022        8.749 / 17.022      ms
[110.115s][info][gc,stats    ]    Subphase: Concurrent References Enqueue                 0.001 / 0.004         0.001 / 0.015         0.001 / 0.015         0.001 / 0.015       ms
[110.115s][info][gc,stats    ]    Subphase: Concurrent References Process                 0.107 / 0.263         0.120 / 0.389         0.120 / 0.389         0.120 / 0.389       ms
[110.115s][info][gc,stats    ]    Subphase: Concurrent Roots ClassLoaderDataGraph         0.104 / 0.778         0.097 / 0.786         0.097 / 0.786         0.097 / 0.786       ms
[110.115s][info][gc,stats    ]    Subphase: Concurrent Roots CodeCache                    0.000 / 0.000         0.000 / 0.000         0.000 / 0.000         0.000 / 0.000       ms
[110.115s][info][gc,stats    ]    Subphase: Concurrent Roots JavaThreads                  6.165 / 8.929         7.213 / 12.055        7.213 / 12.055        7.213 / 12.055      ms
[110.115s][info][gc,stats    ]    Subphase: Concurrent Roots OopStorageSet                0.035 / 0.064         0.030 / 0.343         0.030 / 0.343         0.030 / 0.343       ms
[110.115s][info][gc,stats    ]    Subphase: Concurrent Weak Roots OopStorageSet           0.231 / 0.428         0.230 / 1.280         0.230 / 1.280         0.230 / 1.280       ms
[110.115s][info][gc,stats    ]    Subphase: Pause Mark Try Complete                       0.000 / 0.000         0.001 / 0.005         0.001 / 0.005         0.001 / 0.005       ms
[110.115s][info][gc,stats    ]      System: Java Threads                                    273 / 278             215 / 281             215 / 281             215 / 281         threads
[110.115s][info][gc,stats    ] =========================================================================================================================================================
[110.245s][info][gc,phases   ] GC(449) Concurrent Mark 131.487ms
[110.245s][info][gc,phases   ] GC(449) Pause Mark End 0.023ms
[110.245s][info][gc,phases   ] GC(449) Concurrent Mark Free 0.001ms
[110.247s][info][gc,phases   ] GC(449) Concurrent Process Non-Strong References 2.127ms
[110.247s][info][gc,phases   ] GC(449) Concurrent Reset Relocation Set 0.015ms
[110.251s][info][gc,phases   ] GC(449) Concurrent Select Relocation Set 3.822ms
[110.251s][info][gc,phases   ] GC(449) Pause Relocate Start 0.006ms
[110.255s][info][gc,phases   ] GC(449) Concurrent Relocate 3.930ms
[110.255s][info][gc,load     ] GC(449) Load: 0.00/0.00/0.00
[110.255s][info][gc,mmu      ] GC(449) MMU: 2ms/96.1%, 5ms/98.4%, 10ms/99.2%, 20ms/99.6%, 50ms/99.8%, 100ms/99.9%
[110.255s][info][gc,marking  ] GC(449) Mark: 8 stripe(s), 2 proactive flush(es), 1 terminate flush(es), 0 completion(s), 0 continuation(s) 
[110.255s][info][gc,marking  ] GC(449) Mark Stack Usage: 32M
[110.255s][info][gc,nmethod  ] GC(449) NMethods: 6391 registered, 39 unregistered
[110.255s][info][gc,metaspace] GC(449) Metaspace: 65M used, 66M committed, 1088M reserved
[110.255s][info][gc,ref      ] GC(449) Soft: 3213 encountered, 0 discovered, 0 enqueued
[110.255s][info][gc,ref      ] GC(449) Weak: 6468 encountered, 1133 discovered, 0 enqueued
[110.256s][info][gc,ref      ] GC(449) Final: 62 encountered, 16 discovered, 0 enqueued
[110.256s][info][gc,ref      ] GC(449) Phantom: 621 encountered, 516 discovered, 0 enqueued
[110.256s][info][gc,reloc    ] GC(449) Small Pages: 185 / 370M, Empty: 28M, Relocated: 6M, In-Place: 0
[110.256s][info][gc,reloc    ] GC(449) Medium Pages: 1 / 32M, Empty: 0M, Relocated: 0M, In-Place: 0
[110.256s][info][gc,reloc    ] GC(449) Large Pages: 4 / 24M, Empty: 0M, Relocated: 0M, In-Place: 0
[110.256s][info][gc,reloc    ] GC(449) Forwarding Usage: 4M
[110.256s][info][gc,heap     ] GC(449) Min Capacity: 8M(1%)
[110.256s][info][gc,heap     ] GC(449) Max Capacity: 1024M(100%)
[110.256s][info][gc,heap     ] GC(449) Soft Max Capacity: 1024M(100%)
[110.256s][info][gc,heap     ] GC(449)                Mark Start          Mark End        Relocate Start      Relocate End           High               Low         
[110.256s][info][gc,heap     ] GC(449)  Capacity:     1024M (100%)       1024M (100%)       1024M (100%)       1024M (100%)       1024M (100%)       1024M (100%)   
[110.256s][info][gc,heap     ] GC(449)      Free:      598M (58%)         550M (54%)         576M (56%)         618M (60%)         618M (60%)         548M (54%)    
[110.256s][info][gc,heap     ] GC(449)      Used:      426M (42%)         474M (46%)         448M (44%)         406M (40%)         476M (46%)         406M (40%)    
[110.256s][info][gc,heap     ] GC(449)      Live:         -               308M (30%)         308M (30%)         308M (30%)            -                  -          
[110.256s][info][gc,heap     ] GC(449) Allocated:         -                48M (5%)           50M (5%)           51M (5%)             -                  -          
[110.256s][info][gc,heap     ] GC(449)   Garbage:         -               117M (11%)          89M (9%)           45M (4%)             -                  -          
[110.256s][info][gc,heap     ] GC(449) Reclaimed:         -                  -                28M (3%)           71M (7%)             -                  -          
[110.256s][info][gc          ] GC(449) Garbage Collection (Allocation Rate) 426M(42%)->406M(40%)
[110.308s][info][gc,start    ] GC(450) Garbage Collection (Allocation Rate)
[110.308s][info][gc,task     ] GC(450) Using 10 workers
[110.308s][info][gc,phases   ] GC(450) Pause Mark Start 0.015ms
[110.417s][info][gc,phases   ] GC(450) Concurrent Mark 109.053ms
[110.417s][info][gc,phases   ] GC(450) Pause Mark End 0.019ms
[110.417s][info][gc,phases   ] GC(450) Concurrent Mark Free 0.001ms
[110.419s][info][gc,phases   ] GC(450) Concurrent Process Non-Strong References 1.915ms
[110.419s][info][gc,phases   ] GC(450) Concurrent Reset Relocation Set 0.003ms
[110.427s][info][gc,phases   ] GC(450) Concurrent Select Relocation Set 8.226ms
[110.427s][info][gc,phases   ] GC(450) Pause Relocate Start 0.009ms
[110.437s][info][gc,phases   ] GC(450) Concurrent Relocate 9.788ms
[110.437s][info][gc,load     ] GC(450) Load: 0.00/0.00/0.00
[110.437s][info][gc,mmu      ] GC(450) MMU: 2ms/96.1%, 5ms/98.4%, 10ms/99.2%, 20ms/99.6%, 50ms/99.8%, 100ms/99.9%
[110.437s][info][gc,marking  ] GC(450) Mark: 8 stripe(s), 3 proactive flush(es), 1 terminate flush(es), 0 completion(s), 0 continuation(s) 
[110.437s][info][gc,marking  ] GC(450) Mark Stack Usage: 32M
[110.437s][info][gc,nmethod  ] GC(450) NMethods: 6391 registered, 39 unregistered
[110.437s][info][gc,metaspace] GC(450) Metaspace: 65M used, 66M committed, 1088M reserved
[110.437s][info][gc,ref      ] GC(450) Soft: 3213 encountered, 0 discovered, 0 enqueued
[110.437s][info][gc,ref      ] GC(450) Weak: 6468 encountered, 668 discovered, 0 enqueued
[110.437s][info][gc,ref      ] GC(450) Final: 62 encountered, 0 discovered, 0 enqueued
[110.437s][info][gc,ref      ] GC(450) Phantom: 620 encountered, 557 discovered, 0 enqueued
[110.437s][info][gc,reloc    ] GC(450) Small Pages: 185 / 370M, Empty: 38M, Relocated: 22M, In-Place: 0
[110.437s][info][gc,reloc    ] GC(450) Medium Pages: 1 / 32M, Empty: 0M, Relocated: 0M, In-Place: 0
[110.437s][info][gc,reloc    ] GC(450) Large Pages: 4 / 24M, Empty: 6M, Relocated: 0M, In-Place: 0
[110.437s][info][gc,reloc    ] GC(450) Forwarding Usage: 12M
[110.437s][info][gc,heap     ] GC(450) Min Capacity: 8M(1%)
[110.437s][info][gc,heap     ] GC(450) Max Capacity: 1024M(100%)
[110.437s][info][gc,heap     ] GC(450) Soft Max Capacity: 1024M(100%)
[110.437s][info][gc,heap     ] GC(450)                Mark Start          Mark End        Relocate Start      Relocate End           High               Low         
[110.437s][info][gc,heap     ] GC(450)  Capacity:     1024M (100%)       1024M (100%)       1024M (100%)       1024M (100%)       1024M (100%)       1024M (100%)   
[110.438s][info][gc,heap     ] GC(450)      Free:      598M (58%)         508M (50%)         536M (52%)         542M (53%)         598M (58%)         502M (49%)    
[110.438s][info][gc,heap     ] GC(450)      Used:      426M (42%)         516M (50%)         488M (48%)         482M (47%)         522M (51%)         426M (42%)    
[110.438s][info][gc,heap     ] GC(450)      Live:         -               278M (27%)         278M (27%)         278M (27%)            -                  -          
[110.438s][info][gc,heap     ] GC(450) Allocated:         -                90M (9%)          106M (10%)         151M (15%)            -                  -          
[110.438s][info][gc,heap     ] GC(450)   Garbage:         -               147M (14%)         103M (10%)          52M (5%)             -                  -          
[110.438s][info][gc,heap     ] GC(450) Reclaimed:         -                  -                44M (4%)           95M (9%)             -                  -          
[110.438s][info][gc          ] GC(450) Garbage Collection (Allocation Rate) 426M(42%)->482M(47%)
[110.511s][info][gc,start    ] GC(451) Garbage Collection (Allocation Rate)
[110.511s][info][gc,task     ] GC(451) Using 10 workers
[110.511s][info][gc,phases   ] GC(451) Pause Mark Start 0.016ms
[110.620s][info][gc,phases   ] GC(451) Concurrent Mark 108.972ms
[110.620s][info][gc,phases   ] GC(451) Pause Mark End 0.027ms
[110.620s][info][gc,phases   ] GC(451) Concurrent Mark Free 0.001ms
[110.622s][info][gc,phases   ] GC(451) Concurrent Process Non-Strong References 2.203ms
[110.622s][info][gc,phases   ] GC(451) Concurrent Reset Relocation Set 0.007ms
[110.640s][info][gc,phases   ] GC(451) Concurrent Select Relocation Set 17.810ms
[110.640s][info][gc,phases   ] GC(451) Pause Relocate Start 0.011ms
[110.660s][info][gc,phases   ] GC(451) Concurrent Relocate 19.744ms
[110.660s][info][gc,load     ] GC(451) Load: 0.00/0.00/0.00
[110.660s][info][gc,mmu      ] GC(451) MMU: 2ms/96.1%, 5ms/98.4%, 10ms/99.2%, 20ms/99.6%, 50ms/99.8%, 100ms/99.9%
[110.660s][info][gc,marking  ] GC(451) Mark: 8 stripe(s), 2 proactive flush(es), 1 terminate flush(es), 0 completion(s), 0 continuation(s) 
[110.660s][info][gc,marking  ] GC(451) Mark Stack Usage: 32M
[110.660s][info][gc,nmethod  ] GC(451) NMethods: 6391 registered, 39 unregistered
[110.660s][info][gc,metaspace] GC(451) Metaspace: 65M used, 66M committed, 1088M reserved
[110.661s][info][gc,ref      ] GC(451) Soft: 3213 encountered, 0 discovered, 0 enqueued
[110.661s][info][gc,ref      ] GC(451) Weak: 6468 encountered, 1291 discovered, 0 enqueued
[110.661s][info][gc,ref      ] GC(451) Final: 62 encountered, 18 discovered, 0 enqueued
[110.661s][info][gc,ref      ] GC(451) Phantom: 619 encountered, 505 discovered, 0 enqueued
[110.661s][info][gc,reloc    ] GC(451) Small Pages: 272 / 544M, Empty: 30M, Relocated: 27M, In-Place: 0
[110.661s][info][gc,reloc    ] GC(451) Medium Pages: 2 / 64M, Empty: 0M, Relocated: 16M, In-Place: 0
[110.661s][info][gc,reloc    ] GC(451) Large Pages: 5 / 30M, Empty: 18M, Relocated: 0M, In-Place: 0
[110.661s][info][gc,reloc    ] GC(451) Forwarding Usage: 23M
[110.661s][info][gc,heap     ] GC(451) Min Capacity: 8M(1%)
[110.661s][info][gc,heap     ] GC(451) Max Capacity: 1024M(100%)
[110.661s][info][gc,heap     ] GC(451) Soft Max Capacity: 1024M(100%)
[110.661s][info][gc,heap     ] GC(451)                Mark Start          Mark End        Relocate Start      Relocate End           High               Low         
[110.661s][info][gc,heap     ] GC(451)  Capacity:     1024M (100%)       1024M (100%)       1024M (100%)       1024M (100%)       1024M (100%)       1024M (100%)   
[110.661s][info][gc,heap     ] GC(451)      Free:      386M (38%)         174M (17%)         178M (17%)         494M (48%)         496M (48%)         134M (13%)    
[110.661s][info][gc,heap     ] GC(451)      Used:      638M (62%)         850M (83%)         846M (83%)         530M (52%)         890M (87%)         528M (52%)    
[110.661s][info][gc,heap     ] GC(451)      Live:         -               209M (21%)         209M (21%)         209M (21%)            -                  -          
[110.661s][info][gc,heap     ] GC(451) Allocated:         -               212M (21%)         256M (25%)         283M (28%)            -                  -          
[110.661s][info][gc,heap     ] GC(451)   Garbage:         -               428M (42%)         380M (37%)          36M (4%)             -                  -          
[110.661s][info][gc,heap     ] GC(451) Reclaimed:         -                  -                48M (5%)          391M (38%)            -                  -          
[110.661s][info][gc          ] GC(451) Garbage Collection (Allocation Rate) 638M(62%)->530M(52%)
[110.714s][info][gc,start    ] GC(452) Garbage Collection (Allocation Rate)
[110.714s][info][gc,task     ] GC(452) Using 10 workers
[110.714s][info][gc,phases   ] GC(452) Pause Mark Start 0.015ms
[110.870s][info][gc,phases   ] GC(452) Concurrent Mark 155.826ms
[110.870s][info][gc,phases   ] GC(452) Pause Mark End 0.030ms
[110.870s][info][gc,phases   ] GC(452) Concurrent Mark Free 0.001ms
[110.873s][info][gc,phases   ] GC(452) Concurrent Process Non-Strong References 2.498ms
[110.873s][info][gc,phases   ] GC(452) Concurrent Reset Relocation Set 0.045ms
[110.904s][info][gc,phases   ] GC(452) Concurrent Select Relocation Set 30.986ms
[110.904s][info][gc,phases   ] GC(452) Pause Relocate Start 0.012ms
[110.923s][info][gc,phases   ] GC(452) Concurrent Relocate 18.700ms
[110.923s][info][gc,load     ] GC(452) Load: 0.00/0.00/0.00
[110.923s][info][gc,mmu      ] GC(452) MMU: 2ms/96.1%, 5ms/98.4%, 10ms/99.2%, 20ms/99.6%, 50ms/99.8%, 100ms/99.9%
[110.923s][info][gc,marking  ] GC(452) Mark: 8 stripe(s), 2 proactive flush(es), 1 terminate flush(es), 0 completion(s), 0 continuation(s) 
[110.923s][info][gc,marking  ] GC(452) Mark Stack Usage: 32M
[110.923s][info][gc,nmethod  ] GC(452) NMethods: 6391 registered, 39 unregistered
[110.923s][info][gc,metaspace] GC(452) Metaspace: 65M used, 66M committed, 1088M reserved
[110.923s][info][gc,ref      ] GC(452) Soft: 3213 encountered, 0 discovered, 0 enqueued
[110.923s][info][gc,ref      ] GC(452) Weak: 6468 encountered, 1372 discovered, 0 enqueued
[110.923s][info][gc,ref      ] GC(452) Final: 62 encountered, 39 discovered, 0 enqueued
[110.923s][info][gc,ref      ] GC(452) Phantom: 621 encountered, 454 discovered, 0 enqueued
[110.923s][info][gc,reloc    ] GC(452) Small Pages: 284 / 568M, Empty: 0M, Relocated: 26M, In-Place: 0
[110.923s][info][gc,reloc    ] GC(452) Medium Pages: 1 / 32M, Empty: 0M, Relocated: 0M, In-Place: 0
[110.923s][info][gc,reloc    ] GC(452) Large Pages: 4 / 24M, Empty: 0M, Relocated: 0M, In-Place: 0
[110.923s][info][gc,reloc    ] GC(452) Forwarding Usage: 25M
[110.923s][info][gc,heap     ] GC(452) Min Capacity: 8M(1%)
[110.923s][info][gc,heap     ] GC(452) Max Capacity: 1024M(100%)
[110.923s][info][gc,heap     ] GC(452) Soft Max Capacity: 1024M(100%)
[110.923s][info][gc,heap     ] GC(452)                Mark Start          Mark End        Relocate Start      Relocate End           High               Low         
[110.923s][info][gc,heap     ] GC(452)  Capacity:     1024M (100%)       1024M (100%)       1024M (100%)       1024M (100%)       1024M (100%)       1024M (100%)   
[110.923s][info][gc,heap     ] GC(452)      Free:      400M (39%)         160M (16%)         112M (11%)         442M (43%)         442M (43%)          92M (9%)     
[110.923s][info][gc,heap     ] GC(452)      Used:      624M (61%)         864M (84%)         912M (89%)         582M (57%)         932M (91%)         582M (57%)    
[110.923s][info][gc,heap     ] GC(452)      Live:         -               231M (23%)         231M (23%)         231M (23%)            -                  -          
[110.923s][info][gc,heap     ] GC(452) Allocated:         -               240M (23%)         288M (28%)         306M (30%)            -                  -          
[110.923s][info][gc,heap     ] GC(452)   Garbage:         -               392M (38%)         392M (38%)          43M (4%)             -                  -          
[110.923s][info][gc,heap     ] GC(452) Reclaimed:         -                  -                 0M (0%)          348M (34%)            -                  -          
[110.923s][info][gc          ] GC(452) Garbage Collection (Allocation Rate) 624M(61%)->582M(57%)
[111.010s][info][gc,start    ] GC(453) Garbage Collection (Allocation Rate)
[111.011s][info][gc,task     ] GC(453) Using 10 workers
[111.011s][info][gc,phases   ] GC(453) Pause Mark Start 0.018ms
[111.135s][info][gc,phases   ] GC(453) Concurrent Mark 124.578ms
[111.136s][info][gc,phases   ] GC(453) Pause Mark End 0.025ms
[111.136s][info][gc,phases   ] GC(453) Concurrent Mark Free 0.001ms
[111.138s][info][gc,phases   ] GC(453) Concurrent Process Non-Strong References 1.960ms
[111.138s][info][gc,phases   ] GC(453) Concurrent Reset Relocation Set 0.038ms
[111.141s][info][gc,phases   ] GC(453) Concurrent Select Relocation Set 3.585ms
[111.141s][info][gc,phases   ] GC(453) Pause Relocate Start 0.011ms
[111.157s][info][gc,phases   ] GC(453) Concurrent Relocate 16.037ms
[111.158s][info][gc,load     ] GC(453) Load: 0.00/0.00/0.00
[111.158s][info][gc,mmu      ] GC(453) MMU: 2ms/96.1%, 5ms/98.4%, 10ms/99.2%, 20ms/99.6%, 50ms/99.8%, 100ms/99.9%
[111.158s][info][gc,marking  ] GC(453) Mark: 8 stripe(s), 2 proactive flush(es), 1 terminate flush(es), 0 completion(s), 0 continuation(s) 
[111.158s][info][gc,marking  ] GC(453) Mark Stack Usage: 32M
[111.158s][info][gc,nmethod  ] GC(453) NMethods: 6391 registered, 39 unregistered
[111.158s][info][gc,metaspace] GC(453) Metaspace: 65M used, 66M committed, 1088M reserved
[111.158s][info][gc,ref      ] GC(453) Soft: 3213 encountered, 0 discovered, 0 enqueued
[111.158s][info][gc,ref      ] GC(453) Weak: 6468 encountered, 3190 discovered, 0 enqueued
[111.158s][info][gc,ref      ] GC(453) Final: 62 encountered, 24 discovered, 0 enqueued
[111.158s][info][gc,ref      ] GC(453) Phantom: 621 encountered, 586 discovered, 0 enqueued
[111.158s][info][gc,reloc    ] GC(453) Small Pages: 313 / 626M, Empty: 0M, Relocated: 24M, In-Place: 0
[111.158s][info][gc,reloc    ] GC(453) Medium Pages: 1 / 32M, Empty: 0M, Relocated: 0M, In-Place: 0
[111.158s][info][gc,reloc    ] GC(453) Large Pages: 8 / 64M, Empty: 18M, Relocated: 0M, In-Place: 0
[111.158s][info][gc,reloc    ] GC(453) Forwarding Usage: 21M
[111.158s][info][gc,heap     ] GC(453) Min Capacity: 8M(1%)
[111.158s][info][gc,heap     ] GC(453) Max Capacity: 1024M(100%)
[111.158s][info][gc,heap     ] GC(453) Soft Max Capacity: 1024M(100%)
[111.158s][info][gc,heap     ] GC(453)                Mark Start          Mark End        Relocate Start      Relocate End           High               Low         
[111.158s][info][gc,heap     ] GC(453)  Capacity:     1024M (100%)       1024M (100%)       1024M (100%)       1024M (100%)       1024M (100%)       1024M (100%)   
[111.158s][info][gc,heap     ] GC(453)      Free:      302M (29%)          64M (6%)           74M (7%)          434M (42%)         438M (43%)          56M (5%)     
[111.158s][info][gc,heap     ] GC(453)      Used:      722M (71%)         960M (94%)         950M (93%)         590M (58%)         968M (95%)         586M (57%)    
[111.158s][info][gc,heap     ] GC(453)      Live:         -               267M (26%)         267M (26%)         267M (26%)            -                  -          
[111.158s][info][gc,heap     ] GC(453) Allocated:         -               238M (23%)         246M (24%)         269M (26%)            -                  -          
[111.158s][info][gc,heap     ] GC(453)   Garbage:         -               454M (44%)         436M (43%)          53M (5%)             -                  -          
[111.158s][info][gc,heap     ] GC(453) Reclaimed:         -                  -                18M (2%)          401M (39%)            -                  -          
[111.158s][info][gc          ] GC(453) Garbage Collection (Allocation Rate) 722M(71%)->590M(58%)
[111.214s][info][gc,start    ] GC(454) Garbage Collection (Allocation Rate)
[111.214s][info][gc,task     ] GC(454) Using 10 workers
[111.214s][info][gc,phases   ] GC(454) Pause Mark Start 0.015ms
[111.385s][info][gc,phases   ] GC(454) Concurrent Mark 171.421ms
[111.385s][info][gc,phases   ] GC(454) Pause Mark End 0.021ms
[111.386s][info][gc,phases   ] GC(454) Concurrent Mark Free 0.001ms
[111.388s][info][gc,phases   ] GC(454) Concurrent Process Non-Strong References 2.229ms
[111.388s][info][gc,phases   ] GC(454) Concurrent Reset Relocation Set 0.037ms
[111.392s][info][gc,phases   ] GC(454) Concurrent Select Relocation Set 3.910ms
[111.392s][info][gc,phases   ] GC(454) Pause Relocate Start 0.010ms
[111.406s][info][gc,phases   ] GC(454) Concurrent Relocate 14.476ms
[111.406s][info][gc,load     ] GC(454) Load: 0.00/0.00/0.00
[111.406s][info][gc,mmu      ] GC(454) MMU: 2ms/96.1%, 5ms/98.4%, 10ms/99.2%, 20ms/99.6%, 50ms/99.8%, 100ms/99.9%
[111.407s][info][gc,marking  ] GC(454) Mark: 8 stripe(s), 4 proactive flush(es), 1 terminate flush(es), 0 completion(s), 0 continuation(s) 
[111.407s][info][gc,marking  ] GC(454) Mark Stack Usage: 32M
[111.407s][info][gc,nmethod  ] GC(454) NMethods: 6391 registered, 39 unregistered
[111.407s][info][gc,metaspace] GC(454) Metaspace: 65M used, 66M committed, 1088M reserved
[111.407s][info][gc,ref      ] GC(454) Soft: 3213 encountered, 0 discovered, 0 enqueued
[111.407s][info][gc,ref      ] GC(454) Weak: 6466 encountered, 1496 discovered, 0 enqueued
[111.407s][info][gc,ref      ] GC(454) Final: 62 encountered, 22 discovered, 0 enqueued
[111.407s][info][gc,ref      ] GC(454) Phantom: 620 encountered, 343 discovered, 0 enqueued
[111.407s][info][gc,reloc    ] GC(454) Small Pages: 311 / 622M, Empty: 0M, Relocated: 19M, In-Place: 0
[111.407s][info][gc,reloc    ] GC(454) Medium Pages: 1 / 32M, Empty: 0M, Relocated: 0M, In-Place: 0
[111.407s][info][gc,reloc    ] GC(454) Large Pages: 5 / 46M, Empty: 6M, Relocated: 0M, In-Place: 0
[111.407s][info][gc,reloc    ] GC(454) Forwarding Usage: 17M
[111.407s][info][gc,heap     ] GC(454) Min Capacity: 8M(1%)
[111.407s][info][gc,heap     ] GC(454) Max Capacity: 1024M(100%)
[111.407s][info][gc,heap     ] GC(454) Soft Max Capacity: 1024M(100%)
[111.407s][info][gc,heap     ] GC(454)                Mark Start          Mark End        Relocate Start      Relocate End           High               Low         
[111.407s][info][gc,heap     ] GC(454)  Capacity:     1024M (100%)       1024M (100%)       1024M (100%)       1024M (100%)       1024M (100%)       1024M (100%)   
[111.407s][info][gc,heap     ] GC(454)      Free:      324M (32%)          38M (4%)           36M (4%)          394M (38%)         394M (38%)          16M (2%)     
[111.407s][info][gc,heap     ] GC(454)      Used:      700M (68%)         986M (96%)         988M (96%)         630M (62%)        1008M (98%)         630M (62%)    
[111.407s][info][gc,heap     ] GC(454)      Live:         -               272M (27%)         272M (27%)         272M (27%)            -                  -          
[111.407s][info][gc,heap     ] GC(454) Allocated:         -               286M (28%)         294M (29%)         307M (30%)            -                  -          
[111.407s][info][gc,heap     ] GC(454)   Garbage:         -               427M (42%)         421M (41%)          49M (5%)             -                  -          
[111.407s][info][gc,heap     ] GC(454) Reclaimed:         -                  -                 6M (1%)          377M (37%)            -                  -          
[111.407s][info][gc          ] GC(454) Garbage Collection (Allocation Rate) 700M(68%)->630M(62%)
[111.417s][info][gc,start    ] GC(455) Garbage Collection (Allocation Rate)
[111.417s][info][gc,task     ] GC(455) Using 10 workers
[111.417s][info][gc,phases   ] GC(455) Pause Mark Start 0.012ms
[111.573s][info][gc,phases   ] GC(455) Concurrent Mark 155.988ms
[111.573s][info][gc,phases   ] GC(455) Pause Mark End 0.035ms
[111.573s][info][gc,phases   ] GC(455) Concurrent Mark Free 0.001ms
[111.576s][info][gc,phases   ] GC(455) Concurrent Process Non-Strong References 2.507ms
[111.576s][info][gc,phases   ] GC(455) Concurrent Reset Relocation Set 0.026ms
[111.598s][info][gc,phases   ] GC(455) Concurrent Select Relocation Set 22.293ms
[111.598s][info][gc,phases   ] GC(455) Pause Relocate Start 0.013ms
[111.614s][info][gc,phases   ] GC(455) Concurrent Relocate 15.753ms
[111.614s][info][gc,load     ] GC(455) Load: 0.00/0.00/0.00
[111.614s][info][gc,mmu      ] GC(455) MMU: 2ms/96.1%, 5ms/98.4%, 10ms/99.2%, 20ms/99.6%, 50ms/99.8%, 100ms/99.9%
[111.614s][info][gc,marking  ] GC(455) Mark: 8 stripe(s), 9 proactive flush(es), 1 terminate flush(es), 0 completion(s), 0 continuation(s) 
[111.614s][info][gc,marking  ] GC(455) Mark Stack Usage: 32M
[111.614s][info][gc,nmethod  ] GC(455) NMethods: 6392 registered, 39 unregistered
[111.614s][info][gc,metaspace] GC(455) Metaspace: 65M used, 66M committed, 1088M reserved
[111.614s][info][gc,ref      ] GC(455) Soft: 3213 encountered, 0 discovered, 0 enqueued
[111.614s][info][gc,ref      ] GC(455) Weak: 6465 encountered, 2375 discovered, 0 enqueued
[111.614s][info][gc,ref      ] GC(455) Final: 62 encountered, 43 discovered, 0 enqueued
[111.614s][info][gc,ref      ] GC(455) Phantom: 620 encountered, 595 discovered, 0 enqueued
[111.614s][info][gc,reloc    ] GC(455) Small Pages: 288 / 576M, Empty: 0M, Relocated: 20M, In-Place: 0
[111.614s][info][gc,reloc    ] GC(455) Medium Pages: 1 / 32M, Empty: 0M, Relocated: 0M, In-Place: 0
[111.614s][info][gc,reloc    ] GC(455) Large Pages: 4 / 40M, Empty: 0M, Relocated: 0M, In-Place: 0
[111.614s][info][gc,reloc    ] GC(455) Forwarding Usage: 17M
[111.614s][info][gc,heap     ] GC(455) Min Capacity: 8M(1%)
[111.614s][info][gc,heap     ] GC(455) Max Capacity: 1024M(100%)
[111.614s][info][gc,heap     ] GC(455) Soft Max Capacity: 1024M(100%)
[111.614s][info][gc,heap     ] GC(455)                Mark Start          Mark End        Relocate Start      Relocate End           High               Low         
[111.614s][info][gc,heap     ] GC(455)  Capacity:     1024M (100%)       1024M (100%)       1024M (100%)       1024M (100%)       1024M (100%)       1024M (100%)   
[111.614s][info][gc,heap     ] GC(455)      Free:      376M (37%)         100M (10%)          48M (5%)          330M (32%)         376M (37%)          28M (3%)     
[111.614s][info][gc,heap     ] GC(455)      Used:      648M (63%)         924M (90%)         976M (95%)         694M (68%)         996M (97%)         648M (63%)    
[111.614s][info][gc,heap     ] GC(455)      Live:         -               280M (27%)         280M (27%)         280M (27%)            -                  -          
[111.614s][info][gc,heap     ] GC(455) Allocated:         -               276M (27%)         328M (32%)         351M (34%)            -                  -          
[111.614s][info][gc,heap     ] GC(455)   Garbage:         -               367M (36%)         367M (36%)          61M (6%)             -                  -          
[111.614s][info][gc,heap     ] GC(455) Reclaimed:         -                  -                 0M (0%)          305M (30%)            -                  -          
[111.614s][info][gc          ] GC(455) Garbage Collection (Allocation Rate) 648M(63%)->694M(68%)
[111.713s][info][gc,start    ] GC(456) Garbage Collection (Allocation Rate)
[111.714s][info][gc,task     ] GC(456) Using 10 workers
[111.714s][info][gc,phases   ] GC(456) Pause Mark Start 0.015ms
[111.870s][info][gc,phases   ] GC(456) Concurrent Mark 155.838ms
[111.870s][info][gc,phases   ] GC(456) Pause Mark End 0.034ms
[111.870s][info][gc,phases   ] GC(456) Concurrent Mark Free 0.001ms
[111.872s][info][gc,phases   ] GC(456) Concurrent Process Non-Strong References 2.236ms
[111.872s][info][gc,phases   ] GC(456) Concurrent Reset Relocation Set 0.019ms
[111.893s][info][gc,phases   ] GC(456) Concurrent Select Relocation Set 20.444ms
[111.893s][info][gc,phases   ] GC(456) Pause Relocate Start 0.016ms
[111.905s][info][gc          ] Relocation Stall (Executor task launch worker for task 1.0 in stage 106.0 (TID 201)) 10.981ms
[111.905s][info][gc          ] Relocation Stall (Executor task launch worker for task 0.0 in stage 106.0 (TID 200)) 11.025ms
[111.905s][info][gc          ] Relocation Stall (Executor task launch worker for task 2.0 in stage 106.0 (TID 202)) 11.078ms
[111.905s][info][gc          ] Relocation Stall (Executor task launch worker for task 3.0 in stage 106.0 (TID 203)) 11.244ms
[111.905s][info][gc          ] Allocation Stall (Executor task launch worker for task 1.0 in stage 106.0 (TID 201)) 96.027ms
[111.905s][info][gc          ] Allocation Stall (Executor task launch worker for task 0.0 in stage 106.0 (TID 200)) 96.251ms
[111.905s][info][gc          ] Allocation Stall (Executor task launch worker for task 2.0 in stage 106.0 (TID 202)) 96.391ms
[111.905s][info][gc          ] Allocation Stall (Executor task launch worker for task 3.0 in stage 106.0 (TID 203)) 96.651ms
[111.911s][info][gc,phases   ] GC(456) Concurrent Relocate 18.419ms
[111.911s][info][gc,load     ] GC(456) Load: 0.00/0.00/0.00
[111.911s][info][gc,mmu      ] GC(456) MMU: 2ms/96.1%, 5ms/98.4%, 10ms/99.2%, 20ms/99.6%, 50ms/99.8%, 100ms/99.9%
[111.911s][info][gc,marking  ] GC(456) Mark: 8 stripe(s), 2 proactive flush(es), 1 terminate flush(es), 0 completion(s), 0 continuation(s) 
[111.911s][info][gc,marking  ] GC(456) Mark Stack Usage: 32M
[111.912s][info][gc,nmethod  ] GC(456) NMethods: 6392 registered, 39 unregistered
[111.912s][info][gc,metaspace] GC(456) Metaspace: 65M used, 66M committed, 1088M reserved
[111.912s][info][gc,ref      ] GC(456) Soft: 3213 encountered, 0 discovered, 0 enqueued
[111.912s][info][gc,ref      ] GC(456) Weak: 6464 encountered, 1353 discovered, 3 enqueued
[111.912s][info][gc,ref      ] GC(456) Final: 62 encountered, 52 discovered, 0 enqueued
[111.912s][info][gc,ref      ] GC(456) Phantom: 621 encountered, 546 discovered, 0 enqueued
[111.912s][info][gc,reloc    ] GC(456) Small Pages: 405 / 810M, Empty: 0M, Relocated: 24M, In-Place: 10
[111.912s][info][gc,reloc    ] GC(456) Medium Pages: 1 / 32M, Empty: 0M, Relocated: 0M, In-Place: 0
[111.912s][info][gc,reloc    ] GC(456) Large Pages: 4 / 40M, Empty: 0M, Relocated: 0M, In-Place: 0
[111.912s][info][gc,reloc    ] GC(456) Forwarding Usage: 21M
[111.912s][info][gc,heap     ] GC(456) Min Capacity: 8M(1%)
[111.912s][info][gc,heap     ] GC(456) Max Capacity: 1024M(100%)
[111.912s][info][gc,heap     ] GC(456) Soft Max Capacity: 1024M(100%)
[111.912s][info][gc,heap     ] GC(456)                Mark Start          Mark End        Relocate Start      Relocate End           High               Low         
[111.912s][info][gc,heap     ] GC(456)  Capacity:     1024M (100%)       1024M (100%)       1024M (100%)       1024M (100%)       1024M (100%)       1024M (100%)   
[111.912s][info][gc,heap     ] GC(456)      Free:      142M (14%)           0M (0%)            0M (0%)          516M (50%)         516M (50%)           0M (0%)     
[111.912s][info][gc,heap     ] GC(456)      Used:      882M (86%)        1024M (100%)       1024M (100%)        508M (50%)        1024M (100%)        508M (50%)    
[111.912s][info][gc,heap     ] GC(456)      Live:         -               293M (29%)         293M (29%)         293M (29%)            -                  -          
[111.912s][info][gc,heap     ] GC(456) Allocated:         -               142M (14%)         142M (14%)         149M (15%)            -                  -          
[111.912s][info][gc,heap     ] GC(456)   Garbage:         -               588M (58%)         588M (58%)          64M (6%)             -                  -          
[111.912s][info][gc,heap     ] GC(456) Reclaimed:         -                  -                 0M (0%)          523M (51%)            -                  -          
[111.912s][info][gc          ] GC(456) Garbage Collection (Allocation Rate) 882M(86%)->508M(50%)
[111.916s][info][gc,start    ] GC(457) Garbage Collection (Allocation Stall)
[111.917s][info][gc,ref      ] GC(457) Clearing All SoftReferences
[111.917s][info][gc,task     ] GC(457) Using 10 workers
[111.917s][info][gc,ref      ] GC(457) Clearing All SoftReferences
[111.917s][info][gc,phases   ] GC(457) Pause Mark Start 0.032ms
[112.073s][info][gc,phases   ] GC(457) Concurrent Mark 155.949ms
[112.073s][info][gc,phases   ] GC(457) Pause Mark End 0.033ms
[112.073s][info][gc,phases   ] GC(457) Concurrent Mark Free 0.001ms
[112.087s][info][gc,phases   ] GC(457) Concurrent Process Non-Strong References 14.119ms
[112.087s][info][gc,phases   ] GC(457) Concurrent Reset Relocation Set 0.048ms
[112.090s][info][gc,phases   ] GC(457) Concurrent Select Relocation Set 3.011ms
[112.090s][info][gc,phases   ] GC(457) Pause Relocate Start 0.012ms
[112.108s][info][gc,phases   ] GC(457) Concurrent Relocate 17.442ms
[112.108s][info][gc,load     ] GC(457) Load: 0.00/0.00/0.00
[112.108s][info][gc,mmu      ] GC(457) MMU: 2ms/96.1%, 5ms/98.4%, 10ms/99.2%, 20ms/99.6%, 50ms/99.8%, 100ms/99.9%
[112.108s][info][gc,marking  ] GC(457) Mark: 8 stripe(s), 2 proactive flush(es), 1 terminate flush(es), 0 completion(s), 0 continuation(s) 
[112.108s][info][gc,marking  ] GC(457) Mark Stack Usage: 32M
[112.108s][info][gc,nmethod  ] GC(457) NMethods: 6382 registered, 50 unregistered
[112.108s][info][gc,metaspace] GC(457) Metaspace: 65M used, 66M committed, 1088M reserved
[112.108s][info][gc,ref      ] GC(457) Soft: 3110 encountered, 2217 discovered, 393 enqueued
[112.108s][info][gc,ref      ] GC(457) Weak: 6368 encountered, 3120 discovered, 45 enqueued
[112.108s][info][gc,ref      ] GC(457) Final: 62 encountered, 16 discovered, 0 enqueued
[112.108s][info][gc,ref      ] GC(457) Phantom: 619 encountered, 521 discovered, 0 enqueued
[112.108s][info][gc,reloc    ] GC(457) Small Pages: 221 / 442M, Empty: 0M, Relocated: 24M, In-Place: 0
[112.108s][info][gc,reloc    ] GC(457) Medium Pages: 1 / 32M, Empty: 0M, Relocated: 0M, In-Place: 0
[112.108s][info][gc,reloc    ] GC(457) Large Pages: 4 / 40M, Empty: 0M, Relocated: 0M, In-Place: 0
[112.108s][info][gc,reloc    ] GC(457) Forwarding Usage: 19M
[112.108s][info][gc,heap     ] GC(457) Min Capacity: 8M(1%)
[112.108s][info][gc,heap     ] GC(457) Max Capacity: 1024M(100%)
[112.108s][info][gc,heap     ] GC(457) Soft Max Capacity: 1024M(100%)
[112.108s][info][gc,heap     ] GC(457)                Mark Start          Mark End        Relocate Start      Relocate End           High               Low         
[112.108s][info][gc,heap     ] GC(457)  Capacity:     1024M (100%)       1024M (100%)       1024M (100%)       1024M (100%)       1024M (100%)       1024M (100%)   
[112.108s][info][gc,heap     ] GC(457)      Free:      510M (50%)         318M (31%)         300M (29%)         454M (44%)         510M (50%)         280M (27%)    
[112.108s][info][gc,heap     ] GC(457)      Used:      514M (50%)         706M (69%)         724M (71%)         570M (56%)         744M (73%)         514M (50%)    
[112.108s][info][gc,heap     ] GC(457)      Live:         -               294M (29%)         294M (29%)         294M (29%)            -                  -          
[112.108s][info][gc,heap     ] GC(457) Allocated:         -               192M (19%)         210M (21%)         219M (21%)            -                  -          
[112.108s][info][gc,heap     ] GC(457)   Garbage:         -               219M (21%)         219M (21%)          56M (5%)             -                  -          
[112.108s][info][gc,heap     ] GC(457) Reclaimed:         -                  -                 0M (0%)          163M (16%)            -                  -          
[112.108s][info][gc          ] GC(457) Garbage Collection (Allocation Stall) 514M(50%)->570M(56%)
[112.213s][info][gc,start    ] GC(458) Garbage Collection (Allocation Rate)
[112.213s][info][gc,task     ] GC(458) Using 10 workers
[112.214s][info][gc,phases   ] GC(458) Pause Mark Start 0.016ms
[112.385s][info][gc,phases   ] GC(458) Concurrent Mark 171.414ms
[112.385s][info][gc,phases   ] GC(458) Pause Mark End 0.030ms
[112.385s][info][gc,phases   ] GC(458) Concurrent Mark Free 0.001ms
[112.388s][info][gc,phases   ] GC(458) Concurrent Process Non-Strong References 2.351ms
[112.388s][info][gc,phases   ] GC(458) Concurrent Reset Relocation Set 0.019ms
[112.392s][info][gc,phases   ] GC(458) Concurrent Select Relocation Set 4.252ms
[112.392s][info][gc,phases   ] GC(458) Pause Relocate Start 0.011ms
[112.407s][info][gc,phases   ] GC(458) Concurrent Relocate 14.913ms
[112.407s][info][gc,load     ] GC(458) Load: 0.00/0.00/0.00
[112.407s][info][gc,mmu      ] GC(458) MMU: 2ms/96.1%, 5ms/98.4%, 10ms/99.2%, 20ms/99.6%, 50ms/99.8%, 100ms/99.9%
[112.407s][info][gc,marking  ] GC(458) Mark: 8 stripe(s), 3 proactive flush(es), 1 terminate flush(es), 0 completion(s), 0 continuation(s) 
[112.407s][info][gc,marking  ] GC(458) Mark Stack Usage: 32M
[112.407s][info][gc,nmethod  ] GC(458) NMethods: 6381 registered, 51 unregistered
[112.407s][info][gc,metaspace] GC(458) Metaspace: 65M used, 66M committed, 1088M reserved
[112.407s][info][gc,ref      ] GC(458) Soft: 2717 encountered, 0 discovered, 0 enqueued
[112.407s][info][gc,ref      ] GC(458) Weak: 5983 encountered, 1105 discovered, 0 enqueued
[112.407s][info][gc,ref      ] GC(458) Final: 62 encountered, 2 discovered, 0 enqueued
[112.407s][info][gc,ref      ] GC(458) Phantom: 617 encountered, 454 discovered, 0 enqueued
[112.407s][info][gc,reloc    ] GC(458) Small Pages: 255 / 510M, Empty: 0M, Relocated: 12M, In-Place: 0
[112.407s][info][gc,reloc    ] GC(458) Medium Pages: 2 / 64M, Empty: 0M, Relocated: 14M, In-Place: 0
[112.407s][info][gc,reloc    ] GC(458) Large Pages: 4 / 40M, Empty: 0M, Relocated: 0M, In-Place: 0
[112.407s][info][gc,reloc    ] GC(458) Forwarding Usage: 10M
[112.407s][info][gc,heap     ] GC(458) Min Capacity: 8M(1%)
[112.407s][info][gc,heap     ] GC(458) Max Capacity: 1024M(100%)
[112.407s][info][gc,heap     ] GC(458) Soft Max Capacity: 1024M(100%)
[112.407s][info][gc,heap     ] GC(458)                Mark Start          Mark End        Relocate Start      Relocate End           High               Low         
[112.407s][info][gc,heap     ] GC(458)  Capacity:     1024M (100%)       1024M (100%)       1024M (100%)       1024M (100%)       1024M (100%)       1024M (100%)   
[112.407s][info][gc,heap     ] GC(458)      Free:      410M (40%)         368M (36%)         368M (36%)         620M (61%)         620M (61%)         320M (31%)    
[112.407s][info][gc,heap     ] GC(458)      Used:      614M (60%)         656M (64%)         656M (64%)         404M (39%)         704M (69%)         404M (39%)    
[112.407s][info][gc,heap     ] GC(458)      Live:         -               303M (30%)         303M (30%)         303M (30%)            -                  -          
[112.407s][info][gc,heap     ] GC(458) Allocated:         -                42M (4%)           42M (4%)           41M (4%)             -                  -          
[112.408s][info][gc,heap     ] GC(458)   Garbage:         -               310M (30%)         310M (30%)          59M (6%)             -                  -          
[112.408s][info][gc,heap     ] GC(458) Reclaimed:         -                  -                 0M (0%)          251M (25%)            -                  -          
[112.408s][info][gc          ] GC(458) Garbage Collection (Allocation Rate) 614M(60%)->404M(39%)
[112.416s][info][gc,start    ] GC(459) Garbage Collection (Allocation Rate)
[112.416s][info][gc,task     ] GC(459) Using 10 workers
[112.417s][info][gc,phases   ] GC(459) Pause Mark Start 0.013ms
[112.573s][info][gc,phases   ] GC(459) Concurrent Mark 155.860ms
[112.573s][info][gc,phases   ] GC(459) Pause Mark End 0.023ms
[112.573s][info][gc,phases   ] GC(459) Concurrent Mark Free 0.001ms
[112.575s][info][gc,phases   ] GC(459) Concurrent Process Non-Strong References 1.965ms
[112.575s][info][gc,phases   ] GC(459) Concurrent Reset Relocation Set 0.022ms
[112.579s][info][gc,phases   ] GC(459) Concurrent Select Relocation Set 3.555ms
[112.579s][info][gc,phases   ] GC(459) Pause Relocate Start 0.009ms
[112.586s][info][gc,phases   ] GC(459) Concurrent Relocate 7.073ms
[112.586s][info][gc,load     ] GC(459) Load: 0.00/0.00/0.00
[112.586s][info][gc,mmu      ] GC(459) MMU: 2ms/96.1%, 5ms/98.4%, 10ms/99.2%, 20ms/99.6%, 50ms/99.8%, 100ms/99.9%
[112.586s][info][gc,marking  ] GC(459) Mark: 8 stripe(s), 2 proactive flush(es), 1 terminate flush(es), 0 completion(s), 0 continuation(s) 
[112.586s][info][gc,marking  ] GC(459) Mark Stack Usage: 32M
[112.586s][info][gc,nmethod  ] GC(459) NMethods: 6383 registered, 52 unregistered
[112.586s][info][gc,metaspace] GC(459) Metaspace: 65M used, 66M committed, 1088M reserved
[112.586s][info][gc,ref      ] GC(459) Soft: 2807 encountered, 0 discovered, 0 enqueued
[112.586s][info][gc,ref      ] GC(459) Weak: 5979 encountered, 985 discovered, 11 enqueued
[112.586s][info][gc,ref      ] GC(459) Final: 62 encountered, 22 discovered, 0 enqueued
[112.586s][info][gc,ref      ] GC(459) Phantom: 618 encountered, 366 discovered, 0 enqueued
[112.586s][info][gc,reloc    ] GC(459) Small Pages: 151 / 302M, Empty: 2M, Relocated: 8M, In-Place: 0
[112.586s][info][gc,reloc    ] GC(459) Medium Pages: 2 / 64M, Empty: 0M, Relocated: 15M, In-Place: 0
[112.586s][info][gc,reloc    ] GC(459) Large Pages: 4 / 40M, Empty: 0M, Relocated: 0M, In-Place: 0
[112.586s][info][gc,reloc    ] GC(459) Forwarding Usage: 6M
[112.586s][info][gc,heap     ] GC(459) Min Capacity: 8M(1%)
[112.586s][info][gc,heap     ] GC(459) Max Capacity: 1024M(100%)
[112.586s][info][gc,heap     ] GC(459) Soft Max Capacity: 1024M(100%)
[112.586s][info][gc,heap     ] GC(459)                Mark Start          Mark End        Relocate Start      Relocate End           High               Low         
[112.586s][info][gc,heap     ] GC(459)  Capacity:     1024M (100%)       1024M (100%)       1024M (100%)       1024M (100%)       1024M (100%)       1024M (100%)   
[112.586s][info][gc,heap     ] GC(459)      Free:      618M (60%)         560M (55%)         560M (55%)         602M (59%)         618M (60%)         512M (50%)    
[112.586s][info][gc,heap     ] GC(459)      Used:      406M (40%)         464M (45%)         464M (45%)         422M (41%)         512M (50%)         406M (40%)    
[112.586s][info][gc,heap     ] GC(459)      Live:         -               304M (30%)         304M (30%)         304M (30%)            -                  -          
[112.586s][info][gc,heap     ] GC(459) Allocated:         -                58M (6%)           60M (6%)           57M (6%)             -                  -          
[112.586s][info][gc,heap     ] GC(459)   Garbage:         -               101M (10%)          99M (10%)          59M (6%)             -                  -          
[112.586s][info][gc,heap     ] GC(459) Reclaimed:         -                  -                 2M (0%)           41M (4%)             -                  -          
[112.587s][info][gc          ] GC(459) Garbage Collection (Allocation Rate) 406M(40%)->422M(41%)
[112.604s][info][gc,start    ] GC(460) Garbage Collection (Allocation Rate)
[112.604s][info][gc,task     ] GC(460) Using 10 workers
[112.604s][info][gc,phases   ] GC(460) Pause Mark Start 0.015ms
[112.713s][info][gc,phases   ] GC(460) Concurrent Mark 109.069ms
[112.713s][info][gc,phases   ] GC(460) Pause Mark End 0.025ms
[112.713s][info][gc,phases   ] GC(460) Concurrent Mark Free 0.002ms
[112.716s][info][gc,phases   ] GC(460) Concurrent Process Non-Strong References 2.217ms
[112.716s][info][gc,phases   ] GC(460) Concurrent Reset Relocation Set 0.003ms
[112.736s][info][gc,phases   ] GC(460) Concurrent Select Relocation Set 20.660ms
[112.737s][info][gc,phases   ] GC(460) Pause Relocate Start 0.009ms
[112.759s][info][gc,phases   ] GC(460) Concurrent Relocate 22.737ms
[112.759s][info][gc,load     ] GC(460) Load: 0.00/0.00/0.00
[112.759s][info][gc,mmu      ] GC(460) MMU: 2ms/96.1%, 5ms/98.4%, 10ms/99.2%, 20ms/99.6%, 50ms/99.8%, 100ms/99.9%
[112.760s][info][gc,marking  ] GC(460) Mark: 8 stripe(s), 2 proactive flush(es), 1 terminate flush(es), 0 completion(s), 0 continuation(s) 
[112.760s][info][gc,marking  ] GC(460) Mark Stack Usage: 32M
[112.760s][info][gc,nmethod  ] GC(460) NMethods: 6384 registered, 53 unregistered
[112.760s][info][gc,metaspace] GC(460) Metaspace: 65M used, 66M committed, 1088M reserved
[112.760s][info][gc,ref      ] GC(460) Soft: 2828 encountered, 0 discovered, 0 enqueued
[112.760s][info][gc,ref      ] GC(460) Weak: 6150 encountered, 3473 discovered, 8 enqueued
[112.760s][info][gc,ref      ] GC(460) Final: 62 encountered, 2 discovered, 0 enqueued
[112.760s][info][gc,ref      ] GC(460) Phantom: 617 encountered, 456 discovered, 0 enqueued
[112.760s][info][gc,reloc    ] GC(460) Small Pages: 160 / 320M, Empty: 16M, Relocated: 46M, In-Place: 0
[112.760s][info][gc,reloc    ] GC(460) Medium Pages: 2 / 64M, Empty: 0M, Relocated: 14M, In-Place: 0
[112.760s][info][gc,reloc    ] GC(460) Large Pages: 4 / 40M, Empty: 20M, Relocated: 0M, In-Place: 0
[112.760s][info][gc,reloc    ] GC(460) Forwarding Usage: 43M
[112.760s][info][gc,heap     ] GC(460) Min Capacity: 8M(1%)
[112.760s][info][gc,heap     ] GC(460) Max Capacity: 1024M(100%)
[112.760s][info][gc,heap     ] GC(460) Soft Max Capacity: 1024M(100%)
[112.760s][info][gc,heap     ] GC(460)                Mark Start          Mark End        Relocate Start      Relocate End           High               Low         
[112.760s][info][gc,heap     ] GC(460)  Capacity:     1024M (100%)       1024M (100%)       1024M (100%)       1024M (100%)       1024M (100%)       1024M (100%)   
[112.760s][info][gc,heap     ] GC(460)      Free:      600M (59%)         558M (54%)         590M (58%)         698M (68%)         698M (68%)         546M (53%)    
[112.760s][info][gc,heap     ] GC(460)      Used:      424M (41%)         466M (46%)         434M (42%)         326M (32%)         478M (47%)         326M (32%)    
[112.760s][info][gc,heap     ] GC(460)      Live:         -               235M (23%)         235M (23%)         235M (23%)            -                  -          
[112.760s][info][gc,heap     ] GC(460) Allocated:         -                42M (4%)           46M (4%)           48M (5%)             -                  -          
[112.760s][info][gc,heap     ] GC(460)   Garbage:         -               188M (18%)         152M (15%)          41M (4%)             -                  -          
[112.760s][info][gc,heap     ] GC(460) Reclaimed:         -                  -                36M (4%)          146M (14%)            -                  -          
[112.760s][info][gc          ] GC(460) Garbage Collection (Allocation Rate) 424M(41%)->326M(32%)
[112.807s][info][gc,start    ] GC(461) Garbage Collection (Allocation Rate)
[112.807s][info][gc,task     ] GC(461) Using 10 workers
[112.807s][info][gc,phases   ] GC(461) Pause Mark Start 0.016ms
[112.934s][info][gc,phases   ] GC(461) Concurrent Mark 126.993ms
[112.934s][info][gc,phases   ] GC(461) Pause Mark End 0.024ms
[112.934s][info][gc,phases   ] GC(461) Concurrent Mark Free 0.001ms
[112.936s][info][gc,phases   ] GC(461) Concurrent Process Non-Strong References 1.956ms
[112.936s][info][gc,phases   ] GC(461) Concurrent Reset Relocation Set 0.012ms
[112.943s][info][gc,phases   ] GC(461) Concurrent Select Relocation Set 6.288ms
[112.943s][info][gc,phases   ] GC(461) Pause Relocate Start 0.010ms
[112.949s][info][gc,phases   ] GC(461) Concurrent Relocate 6.240ms
[112.949s][info][gc,load     ] GC(461) Load: 0.00/0.00/0.00
[112.949s][info][gc,mmu      ] GC(461) MMU: 2ms/96.1%, 5ms/98.4%, 10ms/99.2%, 20ms/99.6%, 50ms/99.8%, 100ms/99.9%
[112.949s][info][gc,marking  ] GC(461) Mark: 8 stripe(s), 4 proactive flush(es), 1 terminate flush(es), 0 completion(s), 0 continuation(s) 
[112.949s][info][gc,marking  ] GC(461) Mark Stack Usage: 32M
[112.949s][info][gc,nmethod  ] GC(461) NMethods: 6400 registered, 54 unregistered
[112.949s][info][gc,metaspace] GC(461) Metaspace: 65M used, 66M committed, 1088M reserved
[112.949s][info][gc,ref      ] GC(461) Soft: 2828 encountered, 0 discovered, 0 enqueued
[112.949s][info][gc,ref      ] GC(461) Weak: 6137 encountered, 1090 discovered, 64 enqueued
[112.949s][info][gc,ref      ] GC(461) Final: 62 encountered, 0 discovered, 0 enqueued
[112.949s][info][gc,ref      ] GC(461) Phantom: 619 encountered, 557 discovered, 0 enqueued
[112.949s][info][gc,reloc    ] GC(461) Small Pages: 123 / 246M, Empty: 10M, Relocated: 8M, In-Place: 0
[112.949s][info][gc,reloc    ] GC(461) Medium Pages: 2 / 64M, Empty: 32M, Relocated: 0M, In-Place: 0
[112.949s][info][gc,reloc    ] GC(461) Large Pages: 2 / 20M, Empty: 0M, Relocated: 0M, In-Place: 0
[112.949s][info][gc,reloc    ] GC(461) Forwarding Usage: 7M
[112.949s][info][gc,heap     ] GC(461) Min Capacity: 8M(1%)
[112.949s][info][gc,heap     ] GC(461) Max Capacity: 1024M(100%)
[112.949s][info][gc,heap     ] GC(461) Soft Max Capacity: 1024M(100%)
[112.949s][info][gc,heap     ] GC(461)                Mark Start          Mark End        Relocate Start      Relocate End           High               Low         
[112.950s][info][gc,heap     ] GC(461)  Capacity:     1024M (100%)       1024M (100%)       1024M (100%)       1024M (100%)       1024M (100%)       1024M (100%)   
[112.950s][info][gc,heap     ] GC(461)      Free:      694M (68%)         672M (66%)         712M (70%)         722M (71%)         722M (71%)         670M (65%)    
[112.950s][info][gc,heap     ] GC(461)      Used:      330M (32%)         352M (34%)         312M (30%)         302M (29%)         354M (35%)         302M (29%)    
[112.950s][info][gc,heap     ] GC(461)      Live:         -               232M (23%)         232M (23%)         232M (23%)            -                  -          
[112.950s][info][gc,heap     ] GC(461) Allocated:         -                22M (2%)           24M (2%)           25M (3%)             -                  -          
[112.950s][info][gc,heap     ] GC(461)   Garbage:         -                97M (10%)          55M (5%)           43M (4%)             -                  -          
[112.950s][info][gc,heap     ] GC(461) Reclaimed:         -                  -                42M (4%)           53M (5%)             -                  -          
[112.950s][info][gc          ] GC(461) Garbage Collection (Allocation Rate) 330M(32%)->302M(29%)
[113.014s][info][gc,start    ] GC(462) Garbage Collection (Allocation Rate)
[113.014s][info][gc,task     ] GC(462) Using 10 workers
[113.014s][info][gc,phases   ] GC(462) Pause Mark Start 0.018ms
[113.108s][info][gc,phases   ] GC(462) Concurrent Mark 93.247ms
[113.108s][info][gc,phases   ] GC(462) Pause Mark End 0.023ms
[113.108s][info][gc,phases   ] GC(462) Concurrent Mark Free 0.001ms
[113.122s][info][gc,phases   ] GC(462) Concurrent Process Non-Strong References 14.349ms
[113.122s][info][gc,phases   ] GC(462) Concurrent Reset Relocation Set 0.004ms
[113.125s][info][gc,phases   ] GC(462) Concurrent Select Relocation Set 3.212ms
[113.126s][info][gc,phases   ] GC(462) Pause Relocate Start 0.009ms
[113.137s][info][gc,phases   ] GC(462) Concurrent Relocate 11.054ms
[113.137s][info][gc,load     ] GC(462) Load: 0.00/0.00/0.00
[113.137s][info][gc,mmu      ] GC(462) MMU: 2ms/96.1%, 5ms/98.4%, 10ms/99.2%, 20ms/99.6%, 50ms/99.8%, 100ms/99.9%
[113.137s][info][gc,marking  ] GC(462) Mark: 8 stripe(s), 2 proactive flush(es), 1 terminate flush(es), 0 completion(s), 0 continuation(s) 
[113.137s][info][gc,marking  ] GC(462) Mark Stack Usage: 32M
[113.137s][info][gc,nmethod  ] GC(462) NMethods: 6404 registered, 57 unregistered
[113.137s][info][gc,metaspace] GC(462) Metaspace: 65M used, 66M committed, 1088M reserved
[113.137s][info][gc,ref      ] GC(462) Soft: 3045 encountered, 0 discovered, 0 enqueued
[113.137s][info][gc,ref      ] GC(462) Weak: 6514 encountered, 1972 discovered, 214 enqueued
[113.137s][info][gc,ref      ] GC(462) Final: 62 encountered, 1 discovered, 0 enqueued
[113.137s][info][gc,ref      ] GC(462) Phantom: 621 encountered, 614 discovered, 0 enqueued
[113.137s][info][gc,reloc    ] GC(462) Small Pages: 149 / 298M, Empty: 18M, Relocated: 7M, In-Place: 0
[113.137s][info][gc,reloc    ] GC(462) Medium Pages: 2 / 64M, Empty: 0M, Relocated: 12M, In-Place: 0
[113.137s][info][gc,reloc    ] GC(462) Large Pages: 3 / 26M, Empty: 26M, Relocated: 0M, In-Place: 0
[113.137s][info][gc,reloc    ] GC(462) Forwarding Usage: 4M
[113.137s][info][gc,heap     ] GC(462) Min Capacity: 8M(1%)
[113.137s][info][gc,heap     ] GC(462) Max Capacity: 1024M(100%)
[113.137s][info][gc,heap     ] GC(462) Soft Max Capacity: 1024M(100%)
[113.137s][info][gc,heap     ] GC(462)                Mark Start          Mark End        Relocate Start      Relocate End           High               Low         
[113.137s][info][gc,heap     ] GC(462)  Capacity:     1024M (100%)       1024M (100%)       1024M (100%)       1024M (100%)       1024M (100%)       1024M (100%)   
[113.137s][info][gc,heap     ] GC(462)      Free:      636M (62%)         504M (49%)         534M (52%)         664M (65%)         664M (65%)         488M (48%)    
[113.137s][info][gc,heap     ] GC(462)      Used:      388M (38%)         520M (51%)         490M (48%)         360M (35%)         536M (52%)         360M (35%)    
[113.137s][info][gc,heap     ] GC(462)      Live:         -               170M (17%)         170M (17%)         170M (17%)            -                  -          
[113.137s][info][gc,heap     ] GC(462) Allocated:         -               132M (13%)         146M (14%)         151M (15%)            -                  -          
[113.137s][info][gc,heap     ] GC(462)   Garbage:         -               217M (21%)         173M (17%)          37M (4%)             -                  -          
[113.137s][info][gc,heap     ] GC(462) Reclaimed:         -                  -                44M (4%)          179M (18%)            -                  -          
[113.137s][info][gc          ] GC(462) Garbage Collection (Allocation Rate) 388M(38%)->360M(35%)
[113.217s][info][gc,start    ] GC(463) Garbage Collection (Allocation Rate)
[113.217s][info][gc,task     ] GC(463) Using 10 workers
[113.217s][info][gc,phases   ] GC(463) Pause Mark Start 0.009ms
[113.313s][info][gc,phases   ] GC(463) Concurrent Mark 96.142ms
[113.314s][info][gc,phases   ] GC(463) Pause Mark End 0.029ms
[113.314s][info][gc,phases   ] GC(463) Concurrent Mark Free 0.001ms
[113.316s][info][gc,phases   ] GC(463) Concurrent Process Non-Strong References 2.080ms
[113.316s][info][gc,phases   ] GC(463) Concurrent Reset Relocation Set 0.008ms
[113.327s][info][gc,phases   ] GC(463) Concurrent Select Relocation Set 11.225ms
[113.327s][info][gc,phases   ] GC(463) Pause Relocate Start 0.008ms
[113.345s][info][gc,phases   ] GC(463) Concurrent Relocate 17.515ms
[113.345s][info][gc,load     ] GC(463) Load: 0.00/0.00/0.00
[113.345s][info][gc,mmu      ] GC(463) MMU: 2ms/96.1%, 5ms/98.4%, 10ms/99.2%, 20ms/99.6%, 50ms/99.8%, 100ms/99.9%
[113.345s][info][gc,marking  ] GC(463) Mark: 8 stripe(s), 2 proactive flush(es), 1 terminate flush(es), 0 completion(s), 0 continuation(s) 
[113.345s][info][gc,marking  ] GC(463) Mark Stack Usage: 32M
[113.345s][info][gc,nmethod  ] GC(463) NMethods: 6423 registered, 57 unregistered
[113.345s][info][gc,metaspace] GC(463) Metaspace: 65M used, 66M committed, 1088M reserved
[113.345s][info][gc,ref      ] GC(463) Soft: 3048 encountered, 0 discovered, 0 enqueued
[113.345s][info][gc,ref      ] GC(463) Weak: 6305 encountered, 985 discovered, 3 enqueued
[113.345s][info][gc,ref      ] GC(463) Final: 62 encountered, 0 discovered, 0 enqueued
[113.345s][info][gc,ref      ] GC(463) Phantom: 620 encountered, 591 discovered, 0 enqueued
[113.345s][info][gc,reloc    ] GC(463) Small Pages: 159 / 318M, Empty: 0M, Relocated: 23M, In-Place: 0
[113.345s][info][gc,reloc    ] GC(463) Medium Pages: 2 / 64M, Empty: 32M, Relocated: 0M, In-Place: 0
[113.345s][info][gc,reloc    ] GC(463) Large Pages: 4 / 24M, Empty: 0M, Relocated: 0M, In-Place: 0
[113.345s][info][gc,reloc    ] GC(463) Forwarding Usage: 25M
[113.345s][info][gc,heap     ] GC(463) Min Capacity: 8M(1%)
[113.345s][info][gc,heap     ] GC(463) Max Capacity: 1024M(100%)
[113.345s][info][gc,heap     ] GC(463) Soft Max Capacity: 1024M(100%)
[113.345s][info][gc,heap     ] GC(463)                Mark Start          Mark End        Relocate Start      Relocate End           High               Low         
[113.345s][info][gc,heap     ] GC(463)  Capacity:     1024M (100%)       1024M (100%)       1024M (100%)       1024M (100%)       1024M (100%)       1024M (100%)   
[113.345s][info][gc,heap     ] GC(463)      Free:      618M (60%)         486M (47%)         484M (47%)         570M (56%)         618M (60%)         464M (45%)    
[113.345s][info][gc,heap     ] GC(463)      Used:      406M (40%)         538M (53%)         540M (53%)         454M (44%)         560M (55%)         406M (40%)    
[113.345s][info][gc,heap     ] GC(463)      Live:         -               213M (21%)         213M (21%)         213M (21%)            -                  -          
[113.345s][info][gc,heap     ] GC(463) Allocated:         -               132M (13%)         166M (16%)         195M (19%)            -                  -          
[113.345s][info][gc,heap     ] GC(463)   Garbage:         -               192M (19%)         160M (16%)          45M (4%)             -                  -          
[113.345s][info][gc,heap     ] GC(463) Reclaimed:         -                  -                32M (3%)          147M (14%)            -                  -          
[113.345s][info][gc          ] GC(463) Garbage Collection (Allocation Rate) 406M(40%)->454M(44%)
[113.517s][info][gc,start    ] GC(464) Garbage Collection (Allocation Rate)
[113.517s][info][gc,task     ] GC(464) Using 10 workers
[113.517s][info][gc,phases   ] GC(464) Pause Mark Start 0.012ms
[113.621s][info][gc,phases   ] GC(464) Concurrent Mark 103.996ms
[113.621s][info][gc,phases   ] GC(464) Pause Mark End 0.028ms
[113.621s][info][gc,phases   ] GC(464) Concurrent Mark Free 0.001ms
[113.633s][info][gc,phases   ] GC(464) Concurrent Process Non-Strong References 11.721ms
[113.633s][info][gc,phases   ] GC(464) Concurrent Reset Relocation Set 0.013ms
[113.657s][info][gc,phases   ] GC(464) Concurrent Select Relocation Set 23.601ms
[113.657s][info][gc,phases   ] GC(464) Pause Relocate Start 0.013ms
[113.678s][info][gc,phases   ] GC(464) Concurrent Relocate 20.913ms
[113.678s][info][gc,load     ] GC(464) Load: 0.00/0.00/0.00
[113.678s][info][gc,mmu      ] GC(464) MMU: 2ms/96.1%, 5ms/98.4%, 10ms/99.2%, 20ms/99.6%, 50ms/99.8%, 100ms/99.9%
[113.678s][info][gc,marking  ] GC(464) Mark: 8 stripe(s), 2 proactive flush(es), 1 terminate flush(es), 0 completion(s), 0 continuation(s) 
[113.678s][info][gc,marking  ] GC(464) Mark Stack Usage: 32M
[113.678s][info][gc,nmethod  ] GC(464) NMethods: 6451 registered, 63 unregistered
[113.678s][info][gc,metaspace] GC(464) Metaspace: 65M used, 66M committed, 1088M reserved
[113.678s][info][gc,ref      ] GC(464) Soft: 3105 encountered, 0 discovered, 0 enqueued
[113.678s][info][gc,ref      ] GC(464) Weak: 6568 encountered, 3590 discovered, 164 enqueued
[113.678s][info][gc,ref      ] GC(464) Final: 62 encountered, 0 discovered, 0 enqueued
[113.678s][info][gc,ref      ] GC(464) Phantom: 617 encountered, 276 discovered, 0 enqueued
[113.678s][info][gc,reloc    ] GC(464) Small Pages: 275 / 550M, Empty: 122M, Relocated: 25M, In-Place: 0
[113.678s][info][gc,reloc    ] GC(464) Medium Pages: 2 / 64M, Empty: 32M, Relocated: 0M, In-Place: 0
[113.678s][info][gc,reloc    ] GC(464) Large Pages: 9 / 54M, Empty: 30M, Relocated: 0M, In-Place: 0
[113.678s][info][gc,reloc    ] GC(464) Forwarding Usage: 27M
[113.678s][info][gc,heap     ] GC(464) Min Capacity: 8M(1%)
[113.678s][info][gc,heap     ] GC(464) Max Capacity: 1024M(100%)
[113.678s][info][gc,heap     ] GC(464) Soft Max Capacity: 1024M(100%)
[113.678s][info][gc,heap     ] GC(464)                Mark Start          Mark End        Relocate Start      Relocate End           High               Low         
[113.678s][info][gc,heap     ] GC(464)  Capacity:     1024M (100%)       1024M (100%)       1024M (100%)       1024M (100%)       1024M (100%)       1024M (100%)   
[113.678s][info][gc,heap     ] GC(464)      Free:      356M (35%)         176M (17%)         310M (30%)         520M (51%)         520M (51%)         164M (16%)    
[113.678s][info][gc,heap     ] GC(464)      Used:      668M (65%)         848M (83%)         714M (70%)         504M (49%)         860M (84%)         504M (49%)    
[113.678s][info][gc,heap     ] GC(464)      Live:         -               213M (21%)         213M (21%)         213M (21%)            -                  -          
[113.678s][info][gc,heap     ] GC(464) Allocated:         -               180M (18%)         230M (22%)         247M (24%)            -                  -          
[113.678s][info][gc,heap     ] GC(464)   Garbage:         -               454M (44%)         270M (26%)          42M (4%)             -                  -          
[113.678s][info][gc,heap     ] GC(464) Reclaimed:         -                  -               184M (18%)         411M (40%)            -                  -          
[113.678s][info][gc          ] GC(464) Garbage Collection (Allocation Rate) 668M(65%)->504M(49%)
[113.715s][info][gc,start    ] GC(465) Garbage Collection (Allocation Rate)
[113.715s][info][gc,task     ] GC(465) Using 10 workers
[113.715s][info][gc,phases   ] GC(465) Pause Mark Start 0.016ms
[113.808s][info][gc,phases   ] GC(465) Concurrent Mark 93.321ms
[113.808s][info][gc,phases   ] GC(465) Pause Mark End 0.016ms
[113.808s][info][gc,phases   ] GC(465) Concurrent Mark Free 0.001ms
[113.811s][info][gc,phases   ] GC(465) Concurrent Process Non-Strong References 2.043ms
[113.811s][info][gc,phases   ] GC(465) Concurrent Reset Relocation Set 0.022ms
[113.814s][info][gc,phases   ] GC(465) Concurrent Select Relocation Set 3.462ms
[113.814s][info][gc,phases   ] GC(465) Pause Relocate Start 0.009ms
[113.828s][info][gc,phases   ] GC(465) Concurrent Relocate 13.408ms
[113.828s][info][gc,load     ] GC(465) Load: 0.00/0.00/0.00
[113.828s][info][gc,mmu      ] GC(465) MMU: 2ms/96.1%, 5ms/98.4%, 10ms/99.2%, 20ms/99.6%, 50ms/99.8%, 100ms/99.9%
[113.828s][info][gc,marking  ] GC(465) Mark: 8 stripe(s), 2 proactive flush(es), 1 terminate flush(es), 0 completion(s), 0 continuation(s) 
[113.828s][info][gc,marking  ] GC(465) Mark Stack Usage: 32M
[113.828s][info][gc,nmethod  ] GC(465) NMethods: 6451 registered, 67 unregistered
[113.828s][info][gc,metaspace] GC(465) Metaspace: 65M used, 66M committed, 1088M reserved
[113.828s][info][gc,ref      ] GC(465) Soft: 3124 encountered, 0 discovered, 0 enqueued
[113.828s][info][gc,ref      ] GC(465) Weak: 6528 encountered, 2806 discovered, 222 enqueued
[113.828s][info][gc,ref      ] GC(465) Final: 62 encountered, 0 discovered, 0 enqueued
[113.828s][info][gc,ref      ] GC(465) Phantom: 621 encountered, 595 discovered, 0 enqueued
[113.828s][info][gc,reloc    ] GC(465) Small Pages: 210 / 420M, Empty: 46M, Relocated: 24M, In-Place: 0
[113.828s][info][gc,reloc    ] GC(465) Medium Pages: 2 / 64M, Empty: 32M, Relocated: 0M, In-Place: 0
[113.828s][info][gc,reloc    ] GC(465) Large Pages: 9 / 54M, Empty: 30M, Relocated: 0M, In-Place: 0
[113.828s][info][gc,reloc    ] GC(465) Forwarding Usage: 23M
[113.828s][info][gc,heap     ] GC(465) Min Capacity: 8M(1%)
[113.828s][info][gc,heap     ] GC(465) Max Capacity: 1024M(100%)
[113.828s][info][gc,heap     ] GC(465) Soft Max Capacity: 1024M(100%)
[113.828s][info][gc,heap     ] GC(465)                Mark Start          Mark End        Relocate Start      Relocate End           High               Low         
[113.828s][info][gc,heap     ] GC(465)  Capacity:     1024M (100%)       1024M (100%)       1024M (100%)       1024M (100%)       1024M (100%)       1024M (100%)   
[113.828s][info][gc,heap     ] GC(465)      Free:      486M (47%)         418M (41%)         518M (51%)         690M (67%)         690M (67%)         412M (40%)    
[113.828s][info][gc,heap     ] GC(465)      Used:      538M (53%)         606M (59%)         506M (49%)         334M (33%)         612M (60%)         334M (33%)    
[113.828s][info][gc,heap     ] GC(465)      Live:         -               210M (21%)         210M (21%)         210M (21%)            -                  -          
[113.828s][info][gc,heap     ] GC(465) Allocated:         -                68M (7%)           76M (7%)           81M (8%)             -                  -          
[113.828s][info][gc,heap     ] GC(465)   Garbage:         -               327M (32%)         219M (21%)          41M (4%)             -                  -          
[113.828s][info][gc,heap     ] GC(465) Reclaimed:         -                  -               108M (11%)         285M (28%)            -                  -          
[113.828s][info][gc          ] GC(465) Garbage Collection (Allocation Rate) 538M(53%)->334M(33%)
[113.918s][info][gc,start    ] GC(466) Garbage Collection (Allocation Rate)
[113.918s][info][gc,task     ] GC(466) Using 10 workers
[113.918s][info][gc,phases   ] GC(466) Pause Mark Start 0.016ms
[114.027s][info][gc,phases   ] GC(466) Concurrent Mark 108.940ms
[114.027s][info][gc,phases   ] GC(466) Pause Mark End 0.034ms
[114.027s][info][gc,phases   ] GC(466) Concurrent Mark Free 0.001ms
[114.029s][info][gc,phases   ] GC(466) Concurrent Process Non-Strong References 2.061ms
[114.029s][info][gc,phases   ] GC(466) Concurrent Reset Relocation Set 0.022ms
[114.033s][info][gc,phases   ] GC(466) Concurrent Select Relocation Set 3.214ms
[114.033s][info][gc,phases   ] GC(466) Pause Relocate Start 0.009ms
[114.046s][info][gc,phases   ] GC(466) Concurrent Relocate 12.769ms
[114.046s][info][gc,load     ] GC(466) Load: 0.00/0.00/0.00
[114.046s][info][gc,mmu      ] GC(466) MMU: 2ms/96.1%, 5ms/98.4%, 10ms/99.2%, 20ms/99.6%, 50ms/99.8%, 100ms/99.9%
[114.046s][info][gc,marking  ] GC(466) Mark: 8 stripe(s), 2 proactive flush(es), 1 terminate flush(es), 0 completion(s), 0 continuation(s) 
[114.046s][info][gc,marking  ] GC(466) Mark Stack Usage: 32M
[114.046s][info][gc,nmethod  ] GC(466) NMethods: 6460 registered, 68 unregistered
[114.046s][info][gc,metaspace] GC(466) Metaspace: 65M used, 66M committed, 1088M reserved
[114.046s][info][gc,ref      ] GC(466) Soft: 3128 encountered, 0 discovered, 0 enqueued
[114.046s][info][gc,ref      ] GC(466) Weak: 6315 encountered, 1032 discovered, 2 enqueued
[114.046s][info][gc,ref      ] GC(466) Final: 62 encountered, 0 discovered, 0 enqueued
[114.046s][info][gc,ref      ] GC(466) Phantom: 633 encountered, 600 discovered, 0 enqueued
[114.046s][info][gc,reloc    ] GC(466) Small Pages: 171 / 342M, Empty: 54M, Relocated: 19M, In-Place: 0
[114.046s][info][gc,reloc    ] GC(466) Medium Pages: 1 / 32M, Empty: 0M, Relocated: 0M, In-Place: 0
[114.046s][info][gc,reloc    ] GC(466) Large Pages: 4 / 24M, Empty: 0M, Relocated: 0M, In-Place: 0
[114.046s][info][gc,reloc    ] GC(466) Forwarding Usage: 16M
[114.046s][info][gc,heap     ] GC(466) Min Capacity: 8M(1%)
[114.046s][info][gc,heap     ] GC(466) Max Capacity: 1024M(100%)
[114.046s][info][gc,heap     ] GC(466) Soft Max Capacity: 1024M(100%)
[114.046s][info][gc,heap     ] GC(466)                Mark Start          Mark End        Relocate Start      Relocate End           High               Low         
[114.046s][info][gc,heap     ] GC(466)  Capacity:     1024M (100%)       1024M (100%)       1024M (100%)       1024M (100%)       1024M (100%)       1024M (100%)   
[114.046s][info][gc,heap     ] GC(466)      Free:      626M (61%)         556M (54%)         610M (60%)         694M (68%)         694M (68%)         556M (54%)    
[114.046s][info][gc,heap     ] GC(466)      Used:      398M (39%)         468M (46%)         414M (40%)         330M (32%)         468M (46%)         330M (32%)    
[114.046s][info][gc,heap     ] GC(466)      Live:         -               215M (21%)         215M (21%)         215M (21%)            -                  -          
[114.046s][info][gc,heap     ] GC(466) Allocated:         -                70M (7%)           70M (7%)           69M (7%)             -                  -          
[114.046s][info][gc,heap     ] GC(466)   Garbage:         -               182M (18%)         128M (13%)          44M (4%)             -                  -          
[114.046s][info][gc,heap     ] GC(466) Reclaimed:         -                  -                54M (5%)          137M (13%)            -                  -          
[114.046s][info][gc          ] GC(466) Garbage Collection (Allocation Rate) 398M(39%)->330M(32%)
[114.103s][info][gc,start    ] GC(467) Garbage Collection (Allocation Rate)
[114.103s][info][gc,task     ] GC(467) Using 10 workers
[114.103s][info][gc,phases   ] GC(467) Pause Mark Start 0.017ms
[114.181s][info][gc,phases   ] GC(467) Concurrent Mark 77.661ms
[114.181s][info][gc,phases   ] GC(467) Pause Mark End 0.018ms
[114.181s][info][gc,phases   ] GC(467) Concurrent Mark Free 0.001ms
[114.183s][info][gc,phases   ] GC(467) Concurrent Process Non-Strong References 2.040ms
[114.183s][info][gc,phases   ] GC(467) Concurrent Reset Relocation Set 0.010ms
[114.188s][info][gc,phases   ] GC(467) Concurrent Select Relocation Set 4.870ms
[114.188s][info][gc,phases   ] GC(467) Pause Relocate Start 0.008ms
[114.190s][info][gc,phases   ] GC(467) Concurrent Relocate 1.766ms
[114.190s][info][gc,load     ] GC(467) Load: 0.00/0.00/0.00
[114.190s][info][gc,mmu      ] GC(467) MMU: 2ms/96.1%, 5ms/98.4%, 10ms/99.2%, 20ms/99.6%, 50ms/99.8%, 100ms/99.9%
[114.190s][info][gc,marking  ] GC(467) Mark: 8 stripe(s), 2 proactive flush(es), 1 terminate flush(es), 0 completion(s), 0 continuation(s) 
[114.190s][info][gc,marking  ] GC(467) Mark Stack Usage: 32M
[114.190s][info][gc,nmethod  ] GC(467) NMethods: 6466 registered, 74 unregistered
[114.190s][info][gc,metaspace] GC(467) Metaspace: 65M used, 66M committed, 1088M reserved
[114.190s][info][gc,ref      ] GC(467) Soft: 3124 encountered, 0 discovered, 0 enqueued
[114.190s][info][gc,ref      ] GC(467) Weak: 6375 encountered, 640 discovered, 18 enqueued
[114.190s][info][gc,ref      ] GC(467) Final: 62 encountered, 0 discovered, 0 enqueued
[114.190s][info][gc,ref      ] GC(467) Phantom: 617 encountered, 457 discovered, 0 enqueued
[114.190s][info][gc,reloc    ] GC(467) Small Pages: 141 / 282M, Empty: 76M, Relocated: 3M, In-Place: 0
[114.190s][info][gc,reloc    ] GC(467) Medium Pages: 1 / 32M, Empty: 0M, Relocated: 0M, In-Place: 0
[114.190s][info][gc,reloc    ] GC(467) Large Pages: 5 / 30M, Empty: 30M, Relocated: 0M, In-Place: 0
[114.190s][info][gc,reloc    ] GC(467) Forwarding Usage: 1M
[114.190s][info][gc,heap     ] GC(467) Min Capacity: 8M(1%)
[114.190s][info][gc,heap     ] GC(467) Max Capacity: 1024M(100%)
[114.190s][info][gc,heap     ] GC(467) Soft Max Capacity: 1024M(100%)
[114.190s][info][gc,heap     ] GC(467)                Mark Start          Mark End        Relocate Start      Relocate End           High               Low         
[114.190s][info][gc,heap     ] GC(467)  Capacity:     1024M (100%)       1024M (100%)       1024M (100%)       1024M (100%)       1024M (100%)       1024M (100%)   
[114.190s][info][gc,heap     ] GC(467)      Free:      680M (66%)         590M (58%)         646M (63%)         666M (65%)         680M (66%)         546M (53%)    
[114.190s][info][gc,heap     ] GC(467)      Used:      344M (34%)         434M (42%)         378M (37%)         358M (35%)         478M (47%)         344M (34%)    
[114.190s][info][gc,heap     ] GC(467)      Live:         -               166M (16%)         166M (16%)         166M (16%)            -                  -          
[114.190s][info][gc,heap     ] GC(467) Allocated:         -                90M (9%)          140M (14%)         141M (14%)            -                  -          
[114.190s][info][gc,heap     ] GC(467)   Garbage:         -               177M (17%)          71M (7%)           49M (5%)             -                  -          
[114.190s][info][gc,heap     ] GC(467) Reclaimed:         -                  -               106M (10%)         127M (12%)            -                  -          
[114.190s][info][gc          ] GC(467) Garbage Collection (Allocation Rate) 344M(34%)->358M(35%)
[114.212s][info][gc,start    ] GC(468) Garbage Collection (Allocation Rate)
[114.212s][info][gc,task     ] GC(468) Using 10 workers
[114.212s][info][gc,phases   ] GC(468) Pause Mark Start 0.009ms
[114.306s][info][gc,phases   ] GC(468) Concurrent Mark 93.482ms
[114.306s][info][gc,phases   ] GC(468) Pause Mark End 0.028ms
[114.306s][info][gc,phases   ] GC(468) Concurrent Mark Free 0.001ms
[114.309s][info][gc,phases   ] GC(468) Concurrent Process Non-Strong References 2.741ms
[114.309s][info][gc,phases   ] GC(468) Concurrent Reset Relocation Set 0.003ms
[114.317s][info][gc,phases   ] GC(468) Concurrent Select Relocation Set 7.802ms
[114.317s][info][gc,phases   ] GC(468) Pause Relocate Start 0.009ms
[114.332s][info][gc,phases   ] GC(468) Concurrent Relocate 14.681ms
[114.332s][info][gc,load     ] GC(468) Load: 0.00/0.00/0.00
[114.332s][info][gc,mmu      ] GC(468) MMU: 2ms/96.1%, 5ms/98.4%, 10ms/99.2%, 20ms/99.6%, 50ms/99.8%, 100ms/99.9%
[114.332s][info][gc,marking  ] GC(468) Mark: 8 stripe(s), 2 proactive flush(es), 1 terminate flush(es), 0 completion(s), 0 continuation(s) 
[114.332s][info][gc,marking  ] GC(468) Mark Stack Usage: 32M
[114.332s][info][gc,nmethod  ] GC(468) NMethods: 6465 registered, 76 unregistered
[114.332s][info][gc,metaspace] GC(468) Metaspace: 65M used, 66M committed, 1088M reserved
[114.332s][info][gc,ref      ] GC(468) Soft: 3124 encountered, 0 discovered, 0 enqueued
[114.332s][info][gc,ref      ] GC(468) Weak: 6360 encountered, 688 discovered, 2 enqueued
[114.332s][info][gc,ref      ] GC(468) Final: 62 encountered, 0 discovered, 0 enqueued
[114.332s][info][gc,ref      ] GC(468) Phantom: 620 encountered, 556 discovered, 0 enqueued
[114.332s][info][gc,reloc    ] GC(468) Small Pages: 175 / 350M, Empty: 0M, Relocated: 13M, In-Place: 0
[114.332s][info][gc,reloc    ] GC(468) Medium Pages: 2 / 64M, Empty: 0M, Relocated: 12M, In-Place: 0
[114.332s][info][gc,reloc    ] GC(468) Large Pages: 0 / 0M, Empty: 0M, Relocated: 0M, In-Place: 0
[114.332s][info][gc,reloc    ] GC(468) Forwarding Usage: 9M
[114.332s][info][gc,heap     ] GC(468) Min Capacity: 8M(1%)
[114.332s][info][gc,heap     ] GC(468) Max Capacity: 1024M(100%)
[114.332s][info][gc,heap     ] GC(468) Soft Max Capacity: 1024M(100%)
[114.332s][info][gc,heap     ] GC(468)                Mark Start          Mark End        Relocate Start      Relocate End           High               Low         
[114.332s][info][gc,heap     ] GC(468)  Capacity:     1024M (100%)       1024M (100%)       1024M (100%)       1024M (100%)       1024M (100%)       1024M (100%)   
[114.332s][info][gc,heap     ] GC(468)      Free:      610M (60%)         314M (31%)         286M (28%)         450M (44%)         610M (60%)         238M (23%)    
[114.332s][info][gc,heap     ] GC(468)      Used:      414M (40%)         710M (69%)         738M (72%)         574M (56%)         786M (77%)         414M (40%)    
[114.332s][info][gc,heap     ] GC(468)      Live:         -               176M (17%)         176M (17%)         176M (17%)            -                  -          
[114.332s][info][gc,heap     ] GC(468) Allocated:         -               296M (29%)         324M (32%)         361M (35%)            -                  -          
[114.332s][info][gc,heap     ] GC(468)   Garbage:         -               237M (23%)         237M (23%)          35M (3%)             -                  -          
[114.332s][info][gc,heap     ] GC(468) Reclaimed:         -                  -                 0M (0%)          201M (20%)            -                  -          
[114.332s][info][gc          ] GC(468) Garbage Collection (Allocation Rate) 414M(40%)->574M(56%)
[114.415s][info][gc,start    ] GC(469) Garbage Collection (Allocation Rate)
[114.415s][info][gc,task     ] GC(469) Using 10 workers
[114.415s][info][gc,phases   ] GC(469) Pause Mark Start 0.017ms
[114.540s][info][gc,phases   ] GC(469) Concurrent Mark 124.575ms
[114.540s][info][gc,phases   ] GC(469) Pause Mark End 0.033ms
[114.540s][info][gc,phases   ] GC(469) Concurrent Mark Free 0.001ms
[114.543s][info][gc,phases   ] GC(469) Concurrent Process Non-Strong References 2.429ms
[114.543s][info][gc,phases   ] GC(469) Concurrent Reset Relocation Set 0.021ms
[114.578s][info][gc,phases   ] GC(469) Concurrent Select Relocation Set 34.825ms
[114.578s][info][gc,phases   ] GC(469) Pause Relocate Start 0.011ms
[114.618s][info][gc,phases   ] GC(469) Concurrent Relocate 39.725ms
[114.618s][info][gc,load     ] GC(469) Load: 0.00/0.00/0.00
[114.618s][info][gc,mmu      ] GC(469) MMU: 2ms/96.1%, 5ms/98.4%, 10ms/99.2%, 20ms/99.6%, 50ms/99.8%, 100ms/99.9%
[114.618s][info][gc,marking  ] GC(469) Mark: 8 stripe(s), 2 proactive flush(es), 1 terminate flush(es), 0 completion(s), 0 continuation(s) 
[114.618s][info][gc,marking  ] GC(469) Mark Stack Usage: 32M
[114.618s][info][gc,nmethod  ] GC(469) NMethods: 6465 registered, 76 unregistered
[114.618s][info][gc,metaspace] GC(469) Metaspace: 65M used, 66M committed, 1088M reserved
[114.618s][info][gc,ref      ] GC(469) Soft: 3124 encountered, 0 discovered, 0 enqueued
[114.618s][info][gc,ref      ] GC(469) Weak: 6358 encountered, 2904 discovered, 0 enqueued
[114.618s][info][gc,ref      ] GC(469) Final: 62 encountered, 23 discovered, 0 enqueued
[114.618s][info][gc,ref      ] GC(469) Phantom: 620 encountered, 575 discovered, 0 enqueued
[114.618s][info][gc,reloc    ] GC(469) Small Pages: 343 / 686M, Empty: 0M, Relocated: 64M, In-Place: 0
[114.618s][info][gc,reloc    ] GC(469) Medium Pages: 2 / 64M, Empty: 0M, Relocated: 12M, In-Place: 0
[114.618s][info][gc,reloc    ] GC(469) Large Pages: 3 / 18M, Empty: 0M, Relocated: 0M, In-Place: 0
[114.618s][info][gc,reloc    ] GC(469) Forwarding Usage: 62M
[114.618s][info][gc,heap     ] GC(469) Min Capacity: 8M(1%)
[114.618s][info][gc,heap     ] GC(469) Max Capacity: 1024M(100%)
[114.618s][info][gc,heap     ] GC(469) Soft Max Capacity: 1024M(100%)
[114.618s][info][gc,heap     ] GC(469)                Mark Start          Mark End        Relocate Start      Relocate End           High               Low         
[114.618s][info][gc,heap     ] GC(469)  Capacity:     1024M (100%)       1024M (100%)       1024M (100%)       1024M (100%)       1024M (100%)       1024M (100%)   
[114.618s][info][gc,heap     ] GC(469)      Free:      256M (25%)         170M (17%)         166M (16%)         634M (62%)         634M (62%)         118M (12%)    
[114.618s][info][gc,heap     ] GC(469)      Used:      768M (75%)         854M (83%)         858M (84%)         390M (38%)         906M (88%)         390M (38%)    
[114.618s][info][gc,heap     ] GC(469)      Live:         -               253M (25%)         253M (25%)         253M (25%)            -                  -          
[114.618s][info][gc,heap     ] GC(469) Allocated:         -                86M (8%)           90M (9%)           90M (9%)             -                  -          
[114.618s][info][gc,heap     ] GC(469)   Garbage:         -               514M (50%)         514M (50%)          46M (5%)             -                  -          
[114.618s][info][gc,heap     ] GC(469) Reclaimed:         -                  -                 0M (0%)          468M (46%)            -                  -          
[114.618s][info][gc          ] GC(469) Garbage Collection (Allocation Rate) 768M(75%)->390M(38%)
[114.618s][info][gc,start    ] GC(470) Garbage Collection (Allocation Rate)
[114.618s][info][gc,task     ] GC(470) Using 10 workers
[114.618s][info][gc,phases   ] GC(470) Pause Mark Start 0.014ms
[114.743s][info][gc,phases   ] GC(470) Concurrent Mark 124.708ms
[114.743s][info][gc,phases   ] GC(470) Pause Mark End 0.025ms
[114.743s][info][gc,phases   ] GC(470) Concurrent Mark Free 0.001ms
[114.746s][info][gc,phases   ] GC(470) Concurrent Process Non-Strong References 2.387ms
[114.746s][info][gc,phases   ] GC(470) Concurrent Reset Relocation Set 0.045ms
[114.755s][info][gc,phases   ] GC(470) Concurrent Select Relocation Set 9.323ms
[114.755s][info][gc,phases   ] GC(470) Pause Relocate Start 0.012ms
[114.769s][info][gc,phases   ] GC(470) Concurrent Relocate 13.954ms
[114.769s][info][gc,load     ] GC(470) Load: 0.00/0.00/0.00
[114.769s][info][gc,mmu      ] GC(470) MMU: 2ms/96.1%, 5ms/98.4%, 10ms/99.2%, 20ms/99.6%, 50ms/99.8%, 100ms/99.9%
[114.769s][info][gc,marking  ] GC(470) Mark: 8 stripe(s), 2 proactive flush(es), 1 terminate flush(es), 0 completion(s), 0 continuation(s) 
[114.769s][info][gc,marking  ] GC(470) Mark Stack Usage: 32M
[114.769s][info][gc,nmethod  ] GC(470) NMethods: 6465 registered, 76 unregistered
[114.770s][info][gc,metaspace] GC(470) Metaspace: 65M used, 66M committed, 1088M reserved
[114.770s][info][gc,ref      ] GC(470) Soft: 3124 encountered, 0 discovered, 0 enqueued
[114.770s][info][gc,ref      ] GC(470) Weak: 6354 encountered, 1901 discovered, 0 enqueued
[114.770s][info][gc,ref      ] GC(470) Final: 62 encountered, 13 discovered, 0 enqueued
[114.770s][info][gc,ref      ] GC(470) Phantom: 617 encountered, 342 discovered, 0 enqueued
[114.770s][info][gc,reloc    ] GC(470) Small Pages: 154 / 308M, Empty: 0M, Relocated: 12M, In-Place: 0
[114.770s][info][gc,reloc    ] GC(470) Medium Pages: 2 / 64M, Empty: 0M, Relocated: 16M, In-Place: 0
[114.770s][info][gc,reloc    ] GC(470) Large Pages: 3 / 18M, Empty: 0M, Relocated: 0M, In-Place: 0
[114.770s][info][gc,reloc    ] GC(470) Forwarding Usage: 11M
[114.770s][info][gc,heap     ] GC(470) Min Capacity: 8M(1%)
[114.770s][info][gc,heap     ] GC(470) Max Capacity: 1024M(100%)
[114.770s][info][gc,heap     ] GC(470) Soft Max Capacity: 1024M(100%)
[114.770s][info][gc,heap     ] GC(470)                Mark Start          Mark End        Relocate Start      Relocate End           High               Low         
[114.770s][info][gc,heap     ] GC(470)  Capacity:     1024M (100%)       1024M (100%)       1024M (100%)       1024M (100%)       1024M (100%)       1024M (100%)   
[114.770s][info][gc,heap     ] GC(470)      Free:      634M (62%)         568M (55%)         524M (51%)         610M (60%)         634M (62%)         476M (46%)    
[114.770s][info][gc,heap     ] GC(470)      Used:      390M (38%)         456M (45%)         500M (49%)         414M (40%)         548M (54%)         390M (38%)    
[114.770s][info][gc,heap     ] GC(470)      Live:         -               263M (26%)         263M (26%)         263M (26%)            -                  -          
[114.770s][info][gc,heap     ] GC(470) Allocated:         -                66M (6%)          110M (11%)         113M (11%)            -                  -          
[114.770s][info][gc,heap     ] GC(470)   Garbage:         -               126M (12%)         126M (12%)          36M (4%)             -                  -          
[114.770s][info][gc,heap     ] GC(470) Reclaimed:         -                  -                 0M (0%)           89M (9%)             -                  -          
[114.770s][info][gc          ] GC(470) Garbage Collection (Allocation Rate) 390M(38%)->414M(40%)
[114.806s][info][gc,start    ] GC(471) Garbage Collection (Allocation Rate)
[114.806s][info][gc,task     ] GC(471) Using 10 workers
[114.806s][info][gc,phases   ] GC(471) Pause Mark Start 0.017ms
[114.915s][info][gc,phases   ] GC(471) Concurrent Mark 108.989ms
[114.916s][info][gc,phases   ] GC(471) Pause Mark End 0.021ms
[114.916s][info][gc,phases   ] GC(471) Concurrent Mark Free 0.001ms
[114.918s][info][gc,phases   ] GC(471) Concurrent Process Non-Strong References 2.123ms
[114.918s][info][gc,phases   ] GC(471) Concurrent Reset Relocation Set 0.010ms
[114.941s][info][gc,phases   ] GC(471) Concurrent Select Relocation Set 22.367ms
[114.941s][info][gc,phases   ] GC(471) Pause Relocate Start 0.011ms
[114.971s][info][gc,phases   ] GC(471) Concurrent Relocate 29.961ms
[114.971s][info][gc,load     ] GC(471) Load: 0.00/0.00/0.00
[114.971s][info][gc,mmu      ] GC(471) MMU: 2ms/96.1%, 5ms/98.4%, 10ms/99.2%, 20ms/99.6%, 50ms/99.8%, 100ms/99.9%
[114.971s][info][gc,marking  ] GC(471) Mark: 8 stripe(s), 2 proactive flush(es), 1 terminate flush(es), 0 completion(s), 0 continuation(s) 
[114.971s][info][gc,marking  ] GC(471) Mark Stack Usage: 32M
[114.971s][info][gc,nmethod  ] GC(471) NMethods: 6481 registered, 76 unregistered
[114.971s][info][gc,metaspace] GC(471) Metaspace: 65M used, 66M committed, 1088M reserved
[114.971s][info][gc,ref      ] GC(471) Soft: 3126 encountered, 0 discovered, 0 enqueued
[114.971s][info][gc,ref      ] GC(471) Weak: 6352 encountered, 883 discovered, 0 enqueued
[114.971s][info][gc,ref      ] GC(471) Final: 62 encountered, 0 discovered, 0 enqueued
[114.971s][info][gc,ref      ] GC(471) Phantom: 617 encountered, 586 discovered, 0 enqueued
[114.971s][info][gc,reloc    ] GC(471) Small Pages: 149 / 298M, Empty: 30M, Relocated: 38M, In-Place: 0
[114.971s][info][gc,reloc    ] GC(471) Medium Pages: 3 / 96M, Empty: 0M, Relocated: 17M, In-Place: 0
[114.971s][info][gc,reloc    ] GC(471) Large Pages: 4 / 24M, Empty: 18M, Relocated: 0M, In-Place: 0
[114.971s][info][gc,reloc    ] GC(471) Forwarding Usage: 32M
[114.971s][info][gc,heap     ] GC(471) Min Capacity: 8M(1%)
[114.971s][info][gc,heap     ] GC(471) Max Capacity: 1024M(100%)
[114.972s][info][gc,heap     ] GC(471) Soft Max Capacity: 1024M(100%)
[114.972s][info][gc,heap     ] GC(471)                Mark Start          Mark End        Relocate Start      Relocate End           High               Low         
[114.972s][info][gc,heap     ] GC(471)  Capacity:     1024M (100%)       1024M (100%)       1024M (100%)       1024M (100%)       1024M (100%)       1024M (100%)   
[114.972s][info][gc,heap     ] GC(471)      Free:      606M (59%)         474M (46%)         500M (49%)         530M (52%)         606M (59%)         452M (44%)    
[114.972s][info][gc,heap     ] GC(471)      Used:      418M (41%)         550M (54%)         524M (51%)         494M (48%)         572M (56%)         418M (41%)    
[114.972s][info][gc,heap     ] GC(471)      Live:         -               237M (23%)         237M (23%)         237M (23%)            -                  -          
[114.972s][info][gc,heap     ] GC(471) Allocated:         -               132M (13%)         154M (15%)         200M (20%)            -                  -          
[114.972s][info][gc,heap     ] GC(471)   Garbage:         -               180M (18%)         132M (13%)          56M (6%)             -                  -          
[114.972s][info][gc,heap     ] GC(471) Reclaimed:         -                  -                48M (5%)          124M (12%)            -                  -          
[114.972s][info][gc          ] GC(471) Garbage Collection (Allocation Rate) 418M(41%)->494M(48%)
[115.007s][info][gc,start    ] GC(472) Garbage Collection (Allocation Rate)
[115.007s][info][gc,task     ] GC(472) Using 10 workers
[115.023s][info][gc,phases   ] GC(472) Pause Mark Start 0.016ms
[115.148s][info][gc,phases   ] GC(472) Concurrent Mark 124.753ms
[115.164s][info][gc,phases   ] GC(472) Pause Mark End 0.048ms
[115.164s][info][gc,phases   ] GC(472) Concurrent Mark Free 0.001ms
[115.177s][info][gc,phases   ] GC(472) Concurrent Process Non-Strong References 13.264ms
[115.177s][info][gc,phases   ] GC(472) Concurrent Reset Relocation Set 0.017ms
[115.182s][info][gc,phases   ] GC(472) Concurrent Select Relocation Set 4.643ms
[115.182s][info][gc,phases   ] GC(472) Pause Relocate Start 0.009ms
[115.210s][info][gc,phases   ] GC(472) Concurrent Relocate 27.529ms
[115.210s][info][gc,load     ] GC(472) Load: 0.00/0.00/0.00
[115.210s][info][gc,mmu      ] GC(472) MMU: 2ms/96.1%, 5ms/98.4%, 10ms/99.2%, 20ms/99.6%, 50ms/99.8%, 100ms/99.9%
[115.210s][info][gc,marking  ] GC(472) Mark: 8 stripe(s), 10 proactive flush(es), 2 terminate flush(es), 0 completion(s), 0 continuation(s) 
[115.210s][info][gc,marking  ] GC(472) Mark Stack Usage: 32M
[115.210s][info][gc,nmethod  ] GC(472) NMethods: 6493 registered, 80 unregistered
[115.210s][info][gc,metaspace] GC(472) Metaspace: 65M used, 66M committed, 1088M reserved
[115.210s][info][gc,ref      ] GC(472) Soft: 3133 encountered, 0 discovered, 0 enqueued
[115.210s][info][gc,ref      ] GC(472) Weak: 6380 encountered, 539 discovered, 7 enqueued
[115.210s][info][gc,ref      ] GC(472) Final: 62 encountered, 0 discovered, 0 enqueued
[115.210s][info][gc,ref      ] GC(472) Phantom: 617 encountered, 510 discovered, 0 enqueued
[115.210s][info][gc,reloc    ] GC(472) Small Pages: 154 / 308M, Empty: 2M, Relocated: 33M, In-Place: 0
[115.210s][info][gc,reloc    ] GC(472) Medium Pages: 4 / 128M, Empty: 0M, Relocated: 21M, In-Place: 0
[115.210s][info][gc,reloc    ] GC(472) Large Pages: 13 / 86M, Empty: 58M, Relocated: 0M, In-Place: 0
[115.210s][info][gc,reloc    ] GC(472) Forwarding Usage: 30M
[115.210s][info][gc,heap     ] GC(472) Min Capacity: 8M(1%)
[115.210s][info][gc,heap     ] GC(472) Max Capacity: 1024M(100%)
[115.210s][info][gc,heap     ] GC(472) Soft Max Capacity: 1024M(100%)
[115.210s][info][gc,heap     ] GC(472)                Mark Start          Mark End        Relocate Start      Relocate End           High               Low         
[115.210s][info][gc,heap     ] GC(472)  Capacity:     1024M (100%)       1024M (100%)       1024M (100%)       1024M (100%)       1024M (100%)       1024M (100%)   
[115.210s][info][gc,heap     ] GC(472)      Free:      502M (49%)         310M (30%)         336M (33%)         496M (48%)         504M (49%)         284M (28%)    
[115.210s][info][gc,heap     ] GC(472)      Used:      522M (51%)         714M (70%)         688M (67%)         528M (52%)         740M (72%)         520M (51%)    
[115.210s][info][gc,heap     ] GC(472)      Live:         -               236M (23%)         236M (23%)         236M (23%)            -                  -          
[115.210s][info][gc,heap     ] GC(472) Allocated:         -               192M (19%)         226M (22%)         259M (25%)            -                  -          
[115.210s][info][gc,heap     ] GC(472)   Garbage:         -               285M (28%)         225M (22%)          31M (3%)             -                  -          
[115.210s][info][gc,heap     ] GC(472) Reclaimed:         -                  -                60M (6%)          253M (25%)            -                  -          
[115.210s][info][gc          ] GC(472) Garbage Collection (Allocation Rate) 522M(51%)->528M(52%)
[115.318s][info][gc,start    ] GC(473) Garbage Collection (Allocation Rate)
[115.318s][info][gc,task     ] GC(473) Using 10 workers
[115.334s][info][gc,phases   ] GC(473) Pause Mark Start 0.015ms
[115.427s][info][gc,phases   ] GC(473) Concurrent Mark 93.507ms
[115.427s][info][gc,phases   ] GC(473) Pause Mark End 0.029ms
[115.427s][info][gc,phases   ] GC(473) Concurrent Mark Free 0.001ms
[115.429s][info][gc,phases   ] GC(473) Concurrent Process Non-Strong References 1.973ms
[115.429s][info][gc,phases   ] GC(473) Concurrent Reset Relocation Set 0.013ms
[115.459s][info][gc,phases   ] GC(473) Concurrent Select Relocation Set 29.168ms
[115.459s][info][gc,phases   ] GC(473) Pause Relocate Start 0.013ms
[115.486s][info][gc,phases   ] GC(473) Concurrent Relocate 27.242ms
[115.486s][info][gc,load     ] GC(473) Load: 0.00/0.00/0.00
[115.486s][info][gc,mmu      ] GC(473) MMU: 2ms/96.1%, 5ms/98.4%, 10ms/99.2%, 20ms/99.6%, 50ms/99.8%, 100ms/99.9%
[115.486s][info][gc,marking  ] GC(473) Mark: 8 stripe(s), 2 proactive flush(es), 1 terminate flush(es), 0 completion(s), 0 continuation(s) 
[115.486s][info][gc,marking  ] GC(473) Mark Stack Usage: 32M
[115.486s][info][gc,nmethod  ] GC(473) NMethods: 6491 registered, 90 unregistered
[115.486s][info][gc,metaspace] GC(473) Metaspace: 65M used, 66M committed, 1088M reserved
[115.486s][info][gc,ref      ] GC(473) Soft: 3131 encountered, 0 discovered, 0 enqueued
[115.486s][info][gc,ref      ] GC(473) Weak: 6385 encountered, 798 discovered, 109 enqueued
[115.486s][info][gc,ref      ] GC(473) Final: 62 encountered, 0 discovered, 0 enqueued
[115.486s][info][gc,ref      ] GC(473) Phantom: 617 encountered, 430 discovered, 0 enqueued
[115.486s][info][gc,reloc    ] GC(473) Small Pages: 246 / 492M, Empty: 10M, Relocated: 38M, In-Place: 0
[115.486s][info][gc,reloc    ] GC(473) Medium Pages: 3 / 96M, Empty: 32M, Relocated: 14M, In-Place: 0
[115.487s][info][gc,reloc    ] GC(473) Large Pages: 27 / 182M, Empty: 176M, Relocated: 0M, In-Place: 0
[115.487s][info][gc,reloc    ] GC(473) Forwarding Usage: 37M
[115.487s][info][gc,heap     ] GC(473) Min Capacity: 8M(1%)
[115.487s][info][gc,heap     ] GC(473) Max Capacity: 1024M(100%)
[115.487s][info][gc,heap     ] GC(473) Soft Max Capacity: 1024M(100%)
[115.487s][info][gc,heap     ] GC(473)                Mark Start          Mark End        Relocate Start      Relocate End           High               Low         
[115.487s][info][gc,heap     ] GC(473)  Capacity:     1024M (100%)       1024M (100%)       1024M (100%)       1024M (100%)       1024M (100%)       1024M (100%)   
[115.487s][info][gc,heap     ] GC(473)      Free:      254M (25%)         174M (17%)         312M (30%)         536M (52%)         536M (52%)         160M (16%)    
[115.487s][info][gc,heap     ] GC(473)      Used:      770M (75%)         850M (83%)         712M (70%)         488M (48%)         864M (84%)         488M (48%)    
[115.487s][info][gc,heap     ] GC(473)      Live:         -               217M (21%)         217M (21%)         217M (21%)            -                  -          
[115.487s][info][gc,heap     ] GC(473) Allocated:         -                80M (8%)          160M (16%)         227M (22%)            -                  -          
[115.487s][info][gc,heap     ] GC(473)   Garbage:         -               552M (54%)         334M (33%)          42M (4%)             -                  -          
[115.487s][info][gc,heap     ] GC(473) Reclaimed:         -                  -               218M (21%)         509M (50%)            -                  -          
[115.487s][info][gc          ] GC(473) Garbage Collection (Allocation Rate) 770M(75%)->488M(48%)
[115.505s][info][gc,start    ] GC(474) Garbage Collection (Allocation Rate)
[115.505s][info][gc,task     ] GC(474) Using 10 workers
[115.506s][info][gc,phases   ] GC(474) Pause Mark Start 0.011ms
[115.615s][info][gc,phases   ] GC(474) Concurrent Mark 108.985ms
[115.615s][info][gc,phases   ] GC(474) Pause Mark End 0.033ms
[115.615s][info][gc,phases   ] GC(474) Concurrent Mark Free 0.001ms
[115.617s][info][gc,phases   ] GC(474) Concurrent Process Non-Strong References 2.175ms
[115.617s][info][gc,phases   ] GC(474) Concurrent Reset Relocation Set 0.036ms
[115.623s][info][gc,phases   ] GC(474) Concurrent Select Relocation Set 5.901ms
[115.623s][info][gc,phases   ] GC(474) Pause Relocate Start 0.011ms
[115.627s][info][gc,phases   ] GC(474) Concurrent Relocate 3.194ms
[115.627s][info][gc,load     ] GC(474) Load: 0.00/0.00/0.00
[115.627s][info][gc,mmu      ] GC(474) MMU: 2ms/96.1%, 5ms/98.4%, 10ms/99.2%, 20ms/99.6%, 50ms/99.8%, 100ms/99.9%
[115.627s][info][gc,marking  ] GC(474) Mark: 8 stripe(s), 2 proactive flush(es), 1 terminate flush(es), 0 completion(s), 0 continuation(s) 
[115.627s][info][gc,marking  ] GC(474) Mark Stack Usage: 32M
[115.627s][info][gc,nmethod  ] GC(474) NMethods: 6491 registered, 90 unregistered
[115.627s][info][gc,metaspace] GC(474) Metaspace: 65M used, 66M committed, 1088M reserved
[115.627s][info][gc,ref      ] GC(474) Soft: 3131 encountered, 0 discovered, 0 enqueued
[115.627s][info][gc,ref      ] GC(474) Weak: 6282 encountered, 681 discovered, 3 enqueued
[115.627s][info][gc,ref      ] GC(474) Final: 62 encountered, 3 discovered, 0 enqueued
[115.627s][info][gc,ref      ] GC(474) Phantom: 617 encountered, 379 discovered, 0 enqueued
[115.627s][info][gc,reloc    ] GC(474) Small Pages: 243 / 486M, Empty: 230M, Relocated: 5M, In-Place: 0
[115.627s][info][gc,reloc    ] GC(474) Medium Pages: 1 / 32M, Empty: 0M, Relocated: 0M, In-Place: 0
[115.627s][info][gc,reloc    ] GC(474) Large Pages: 3 / 18M, Empty: 0M, Relocated: 0M, In-Place: 0
[115.627s][info][gc,reloc    ] GC(474) Forwarding Usage: 3M
[115.627s][info][gc,heap     ] GC(474) Min Capacity: 8M(1%)
[115.627s][info][gc,heap     ] GC(474) Max Capacity: 1024M(100%)
[115.627s][info][gc,heap     ] GC(474) Soft Max Capacity: 1024M(100%)
[115.627s][info][gc,heap     ] GC(474)                Mark Start          Mark End        Relocate Start      Relocate End           High               Low         
[115.627s][info][gc,heap     ] GC(474)  Capacity:     1024M (100%)       1024M (100%)       1024M (100%)       1024M (100%)       1024M (100%)       1024M (100%)   
[115.627s][info][gc,heap     ] GC(474)      Free:      488M (48%)         262M (26%)         488M (48%)         494M (48%)         494M (48%)         260M (25%)    
[115.627s][info][gc,heap     ] GC(474)      Used:      536M (52%)         762M (74%)         536M (52%)         530M (52%)         764M (75%)         530M (52%)    
[115.627s][info][gc,heap     ] GC(474)      Live:         -               248M (24%)         248M (24%)         248M (24%)            -                  -          
[115.627s][info][gc,heap     ] GC(474) Allocated:         -               226M (22%)         230M (22%)         231M (23%)            -                  -          
[115.627s][info][gc,heap     ] GC(474)   Garbage:         -               287M (28%)          57M (6%)           49M (5%)             -                  -          
[115.627s][info][gc,heap     ] GC(474) Reclaimed:         -                  -               230M (22%)         237M (23%)            -                  -          
[115.627s][info][gc          ] GC(474) Garbage Collection (Allocation Rate) 536M(52%)->530M(52%)
[115.708s][info][gc,start    ] GC(475) Garbage Collection (Allocation Rate)
[115.708s][info][gc,task     ] GC(475) Using 10 workers
[115.709s][info][gc,phases   ] GC(475) Pause Mark Start 0.013ms
[115.802s][info][gc,phases   ] GC(475) Concurrent Mark 93.395ms
[115.802s][info][gc,phases   ] GC(475) Pause Mark End 0.026ms
[115.802s][info][gc,phases   ] GC(475) Concurrent Mark Free 0.001ms
[115.804s][info][gc,phases   ] GC(475) Concurrent Process Non-Strong References 1.867ms
[115.804s][info][gc,phases   ] GC(475) Concurrent Reset Relocation Set 0.002ms
[115.815s][info][gc,phases   ] GC(475) Concurrent Select Relocation Set 10.162ms
[115.815s][info][gc,phases   ] GC(475) Pause Relocate Start 0.007ms
[115.819s][info][gc,phases   ] GC(475) Concurrent Relocate 4.101ms
[115.819s][info][gc,load     ] GC(475) Load: 0.00/0.00/0.00
[115.819s][info][gc,mmu      ] GC(475) MMU: 2ms/96.1%, 5ms/98.4%, 10ms/99.2%, 20ms/99.6%, 50ms/99.8%, 100ms/99.9%
[115.819s][info][gc,marking  ] GC(475) Mark: 8 stripe(s), 2 proactive flush(es), 1 terminate flush(es), 0 completion(s), 0 continuation(s) 
[115.819s][info][gc,marking  ] GC(475) Mark Stack Usage: 32M
[115.819s][info][gc,nmethod  ] GC(475) NMethods: 6493 registered, 90 unregistered
[115.819s][info][gc,metaspace] GC(475) Metaspace: 65M used, 66M committed, 1088M reserved
[115.819s][info][gc,ref      ] GC(475) Soft: 3131 encountered, 0 discovered, 0 enqueued
[115.819s][info][gc,ref      ] GC(475) Weak: 6279 encountered, 709 discovered, 9 enqueued
[115.819s][info][gc,ref      ] GC(475) Final: 62 encountered, 0 discovered, 0 enqueued
[115.819s][info][gc,ref      ] GC(475) Phantom: 617 encountered, 488 discovered, 0 enqueued
[115.819s][info][gc,reloc    ] GC(475) Small Pages: 288 / 576M, Empty: 268M, Relocated: 8M, In-Place: 0
[115.819s][info][gc,reloc    ] GC(475) Medium Pages: 1 / 32M, Empty: 0M, Relocated: 0M, In-Place: 0
[115.819s][info][gc,reloc    ] GC(475) Large Pages: 4 / 24M, Empty: 12M, Relocated: 0M, In-Place: 0
[115.819s][info][gc,reloc    ] GC(475) Forwarding Usage: 5M
[115.819s][info][gc,heap     ] GC(475) Min Capacity: 8M(1%)
[115.819s][info][gc,heap     ] GC(475) Max Capacity: 1024M(100%)
[115.819s][info][gc,heap     ] GC(475) Soft Max Capacity: 1024M(100%)
[115.819s][info][gc,heap     ] GC(475)                Mark Start          Mark End        Relocate Start      Relocate End           High               Low         
[115.819s][info][gc,heap     ] GC(475)  Capacity:     1024M (100%)       1024M (100%)       1024M (100%)       1024M (100%)       1024M (100%)       1024M (100%)   
[115.819s][info][gc,heap     ] GC(475)      Free:      392M (38%)         310M (30%)         590M (58%)         604M (59%)         604M (59%)         310M (30%)    
[115.819s][info][gc,heap     ] GC(475)      Used:      632M (62%)         714M (70%)         434M (42%)         420M (41%)         714M (70%)         420M (41%)    
[115.819s][info][gc,heap     ] GC(475)      Live:         -               292M (29%)         292M (29%)         292M (29%)            -                  -          
[115.819s][info][gc,heap     ] GC(475) Allocated:         -                82M (8%)           82M (8%)           82M (8%)             -                  -          
[115.819s][info][gc,heap     ] GC(475)   Garbage:         -               339M (33%)          59M (6%)           45M (4%)             -                  -          
[115.819s][info][gc,heap     ] GC(475) Reclaimed:         -                  -               280M (27%)         294M (29%)            -                  -          
[115.819s][info][gc          ] GC(475) Garbage Collection (Allocation Rate) 632M(62%)->420M(41%)
[115.819s][info][gc,start    ] GC(476) Garbage Collection (System.gc())
[115.819s][info][gc,task     ] GC(476) Using 10 workers
[115.819s][info][gc,phases   ] GC(476) Pause Mark Start 0.005ms
[115.896s][info][gc,phases   ] GC(476) Concurrent Mark 76.342ms
[115.896s][info][gc,phases   ] GC(476) Pause Mark End 0.034ms
[115.896s][info][gc,phases   ] GC(476) Concurrent Mark Free 0.001ms
[115.899s][info][gc,phases   ] GC(476) Concurrent Process Non-Strong References 2.422ms
[115.899s][info][gc,phases   ] GC(476) Concurrent Reset Relocation Set 0.002ms
[115.902s][info][gc,phases   ] GC(476) Concurrent Select Relocation Set 3.154ms
[115.902s][info][gc,phases   ] GC(476) Pause Relocate Start 0.008ms
[115.904s][info][gc,phases   ] GC(476) Concurrent Relocate 2.037ms
[115.904s][info][gc,load     ] GC(476) Load: 0.00/0.00/0.00
[115.904s][info][gc,mmu      ] GC(476) MMU: 2ms/96.1%, 5ms/98.4%, 10ms/99.2%, 20ms/99.6%, 50ms/99.8%, 100ms/99.9%
[115.904s][info][gc,marking  ] GC(476) Mark: 8 stripe(s), 4 proactive flush(es), 1 terminate flush(es), 0 completion(s), 0 continuation(s) 
[115.904s][info][gc,marking  ] GC(476) Mark Stack Usage: 32M
[115.904s][info][gc,nmethod  ] GC(476) NMethods: 6492 registered, 91 unregistered
[115.904s][info][gc,metaspace] GC(476) Metaspace: 65M used, 66M committed, 1088M reserved
[115.904s][info][gc,ref      ] GC(476) Soft: 3131 encountered, 0 discovered, 0 enqueued
[115.904s][info][gc,ref      ] GC(476) Weak: 6270 encountered, 1807 discovered, 2 enqueued
[115.904s][info][gc,ref      ] GC(476) Final: 62 encountered, 4 discovered, 0 enqueued
[115.904s][info][gc,ref      ] GC(476) Phantom: 617 encountered, 478 discovered, 0 enqueued
[115.904s][info][gc,reloc    ] GC(476) Small Pages: 188 / 376M, Empty: 158M, Relocated: 4M, In-Place: 0
[115.904s][info][gc,reloc    ] GC(476) Medium Pages: 1 / 32M, Empty: 0M, Relocated: 0M, In-Place: 0
[115.904s][info][gc,reloc    ] GC(476) Large Pages: 2 / 12M, Empty: 12M, Relocated: 0M, In-Place: 0
[115.904s][info][gc,reloc    ] GC(476) Forwarding Usage: 2M
[115.904s][info][gc,heap     ] GC(476) Min Capacity: 8M(1%)
[115.904s][info][gc,heap     ] GC(476) Max Capacity: 1024M(100%)
[115.904s][info][gc,heap     ] GC(476) Soft Max Capacity: 1024M(100%)
[115.904s][info][gc,heap     ] GC(476)                Mark Start          Mark End        Relocate Start      Relocate End           High               Low         
[115.904s][info][gc,heap     ] GC(476)  Capacity:     1024M (100%)       1024M (100%)       1024M (100%)       1024M (100%)       1024M (100%)       1024M (100%)   
[115.904s][info][gc,heap     ] GC(476)      Free:      604M (59%)         602M (59%)         772M (75%)         810M (79%)         810M (79%)         602M (59%)    
[115.904s][info][gc,heap     ] GC(476)      Used:      420M (41%)         422M (41%)         252M (25%)         214M (21%)         422M (41%)         214M (21%)    
[115.904s][info][gc,heap     ] GC(476)      Live:         -               166M (16%)         166M (16%)         166M (16%)            -                  -          
[115.904s][info][gc,heap     ] GC(476) Allocated:         -                 2M (0%)            2M (0%)            1M (0%)             -                  -          
[115.904s][info][gc,heap     ] GC(476)   Garbage:         -               253M (25%)          83M (8%)           45M (4%)             -                  -          
[115.904s][info][gc,heap     ] GC(476) Reclaimed:         -                  -               170M (17%)         207M (20%)            -                  -          
[115.904s][info][gc          ] GC(476) Garbage Collection (System.gc()) 420M(41%)->214M(21%)
[116.117s][info][gc,start    ] GC(477) Garbage Collection (Allocation Rate)
[116.117s][info][gc,task     ] GC(477) Using 8 workers
[116.117s][info][gc,phases   ] GC(477) Pause Mark Start 0.017ms
[116.242s][info][gc,phases   ] GC(477) Concurrent Mark 124.487ms
[116.242s][info][gc,phases   ] GC(477) Pause Mark End 0.033ms
[116.242s][info][gc,phases   ] GC(477) Concurrent Mark Free 0.001ms
[116.244s][info][gc,phases   ] GC(477) Concurrent Process Non-Strong References 2.679ms
[116.245s][info][gc,phases   ] GC(477) Concurrent Reset Relocation Set 0.004ms
[116.261s][info][gc,phases   ] GC(477) Concurrent Select Relocation Set 16.714ms
[116.261s][info][gc,phases   ] GC(477) Pause Relocate Start 0.012ms
[116.294s][info][gc,phases   ] GC(477) Concurrent Relocate 32.880ms
[116.295s][info][gc,load     ] GC(477) Load: 0.00/0.00/0.00
[116.295s][info][gc,mmu      ] GC(477) MMU: 2ms/96.1%, 5ms/98.4%, 10ms/99.2%, 20ms/99.6%, 50ms/99.8%, 100ms/99.9%
[116.295s][info][gc,marking  ] GC(477) Mark: 8 stripe(s), 2 proactive flush(es), 1 terminate flush(es), 0 completion(s), 0 continuation(s) 
[116.295s][info][gc,marking  ] GC(477) Mark Stack Usage: 32M
[116.295s][info][gc,nmethod  ] GC(477) NMethods: 6502 registered, 94 unregistered
[116.295s][info][gc,metaspace] GC(477) Metaspace: 65M used, 66M committed, 1088M reserved
[116.295s][info][gc,ref      ] GC(477) Soft: 3208 encountered, 0 discovered, 0 enqueued
[116.295s][info][gc,ref      ] GC(477) Weak: 6477 encountered, 663 discovered, 44 enqueued
[116.295s][info][gc,ref      ] GC(477) Final: 62 encountered, 0 discovered, 0 enqueued
[116.295s][info][gc,ref      ] GC(477) Phantom: 617 encountered, 225 discovered, 0 enqueued
[116.295s][info][gc,reloc    ] GC(477) Small Pages: 232 / 464M, Empty: 0M, Relocated: 80M, In-Place: 0
[116.295s][info][gc,reloc    ] GC(477) Medium Pages: 2 / 64M, Empty: 32M, Relocated: 0M, In-Place: 0
[116.295s][info][gc,reloc    ] GC(477) Large Pages: 5 / 30M, Empty: 6M, Relocated: 0M, In-Place: 0
[116.295s][info][gc,reloc    ] GC(477) Forwarding Usage: 41M
[116.295s][info][gc,heap     ] GC(477) Min Capacity: 8M(1%)
[116.295s][info][gc,heap     ] GC(477) Max Capacity: 1024M(100%)
[116.295s][info][gc,heap     ] GC(477) Soft Max Capacity: 1024M(100%)
[116.295s][info][gc,heap     ] GC(477)                Mark Start          Mark End        Relocate Start      Relocate End           High               Low         
[116.295s][info][gc,heap     ] GC(477)  Capacity:     1024M (100%)       1024M (100%)       1024M (100%)       1024M (100%)       1024M (100%)       1024M (100%)   
[116.295s][info][gc,heap     ] GC(477)      Free:      466M (46%)         236M (23%)         230M (22%)         424M (41%)         466M (46%)         216M (21%)    
[116.295s][info][gc,heap     ] GC(477)      Used:      558M (54%)         788M (77%)         794M (78%)         600M (59%)         808M (79%)         558M (54%)    
[116.295s][info][gc,heap     ] GC(477)      Live:         -               266M (26%)         266M (26%)         266M (26%)            -                  -          
[116.295s][info][gc,heap     ] GC(477) Allocated:         -               230M (22%)         274M (27%)         295M (29%)            -                  -          
[116.295s][info][gc,heap     ] GC(477)   Garbage:         -               291M (28%)         253M (25%)          37M (4%)             -                  -          
[116.295s][info][gc,heap     ] GC(477) Reclaimed:         -                  -                38M (4%)          253M (25%)            -                  -          
[116.295s][info][gc          ] GC(477) Garbage Collection (Allocation Rate) 558M(54%)->600M(59%)
[116.304s][info][gc,start    ] GC(478) Garbage Collection (Allocation Rate)
[116.304s][info][gc,task     ] GC(478) Using 10 workers
[116.304s][info][gc,phases   ] GC(478) Pause Mark Start 0.012ms
[116.429s][info][gc,phases   ] GC(478) Concurrent Mark 124.652ms
[116.429s][info][gc,phases   ] GC(478) Pause Mark End 0.017ms
[116.429s][info][gc,phases   ] GC(478) Concurrent Mark Free 0.001ms
[116.431s][info][gc,phases   ] GC(478) Concurrent Process Non-Strong References 1.955ms
[116.431s][info][gc,phases   ] GC(478) Concurrent Reset Relocation Set 0.019ms
[116.435s][info][gc,phases   ] GC(478) Concurrent Select Relocation Set 3.933ms
[116.435s][info][gc,phases   ] GC(478) Pause Relocate Start 0.009ms
[116.453s][info][gc,phases   ] GC(478) Concurrent Relocate 18.220ms
[116.454s][info][gc,load     ] GC(478) Load: 0.00/0.00/0.00
[116.454s][info][gc,mmu      ] GC(478) MMU: 2ms/96.1%, 5ms/98.4%, 10ms/99.2%, 20ms/99.6%, 50ms/99.8%, 100ms/99.9%
[116.454s][info][gc,marking  ] GC(478) Mark: 8 stripe(s), 3 proactive flush(es), 1 terminate flush(es), 0 completion(s), 0 continuation(s) 
[116.454s][info][gc,marking  ] GC(478) Mark Stack Usage: 32M
[116.454s][info][gc,nmethod  ] GC(478) NMethods: 6503 registered, 94 unregistered
[116.454s][info][gc,metaspace] GC(478) Metaspace: 65M used, 66M committed, 1088M reserved
[116.454s][info][gc,ref      ] GC(478) Soft: 3208 encountered, 0 discovered, 0 enqueued
[116.454s][info][gc,ref      ] GC(478) Weak: 6433 encountered, 2711 discovered, 0 enqueued
[116.454s][info][gc,ref      ] GC(478) Final: 62 encountered, 16 discovered, 0 enqueued
[116.454s][info][gc,ref      ] GC(478) Phantom: 621 encountered, 341 discovered, 0 enqueued
[116.454s][info][gc,reloc    ] GC(478) Small Pages: 258 / 516M, Empty: 0M, Relocated: 37M, In-Place: 0
[116.454s][info][gc,reloc    ] GC(478) Medium Pages: 2 / 64M, Empty: 0M, Relocated: 18M, In-Place: 0
[116.454s][info][gc,reloc    ] GC(478) Large Pages: 4 / 24M, Empty: 0M, Relocated: 0M, In-Place: 0
[116.454s][info][gc,reloc    ] GC(478) Forwarding Usage: 32M
[116.454s][info][gc,heap     ] GC(478) Min Capacity: 8M(1%)
[116.454s][info][gc,heap     ] GC(478) Max Capacity: 1024M(100%)
[116.454s][info][gc,heap     ] GC(478) Soft Max Capacity: 1024M(100%)
[116.454s][info][gc,heap     ] GC(478)                Mark Start          Mark End        Relocate Start      Relocate End           High               Low         
[116.454s][info][gc,heap     ] GC(478)  Capacity:     1024M (100%)       1024M (100%)       1024M (100%)       1024M (100%)       1024M (100%)       1024M (100%)   
[116.454s][info][gc,heap     ] GC(478)      Free:      420M (41%)         380M (37%)         378M (37%)         628M (61%)         628M (61%)         330M (32%)    
[116.454s][info][gc,heap     ] GC(478)      Used:      604M (59%)         644M (63%)         646M (63%)         396M (39%)         694M (68%)         396M (39%)    
[116.454s][info][gc,heap     ] GC(478)      Live:         -               310M (30%)         310M (30%)         310M (30%)            -                  -          
[116.454s][info][gc,heap     ] GC(478) Allocated:         -                40M (4%)           42M (4%)           47M (5%)             -                  -          
[116.454s][info][gc,heap     ] GC(478)   Garbage:         -               293M (29%)         293M (29%)          37M (4%)             -                  -          
[116.454s][info][gc,heap     ] GC(478) Reclaimed:         -                  -                 0M (0%)          255M (25%)            -                  -          
[116.454s][info][gc          ] GC(478) Garbage Collection (Allocation Rate) 604M(59%)->396M(39%)
[116.616s][info][gc,start    ] GC(479) Garbage Collection (Allocation Rate)
[116.617s][info][gc,task     ] GC(479) Using 9 workers
[116.617s][info][gc,phases   ] GC(479) Pause Mark Start 0.011ms
[116.741s][info][gc,phases   ] GC(479) Concurrent Mark 124.584ms
[116.742s][info][gc,phases   ] GC(479) Pause Mark End 0.024ms
[116.742s][info][gc,phases   ] GC(479) Concurrent Mark Free 0.001ms
[116.744s][info][gc,phases   ] GC(479) Concurrent Process Non-Strong References 2.043ms
[116.744s][info][gc,phases   ] GC(479) Concurrent Reset Relocation Set 0.015ms
[116.749s][info][gc,phases   ] GC(479) Concurrent Select Relocation Set 5.488ms
[116.749s][info][gc,phases   ] GC(479) Pause Relocate Start 0.009ms
[116.753s][info][gc,phases   ] GC(479) Concurrent Relocate 3.277ms
[116.753s][info][gc,load     ] GC(479) Load: 0.00/0.00/0.00
[116.753s][info][gc,mmu      ] GC(479) MMU: 2ms/96.1%, 5ms/98.4%, 10ms/99.2%, 20ms/99.6%, 50ms/99.8%, 100ms/99.9%
[116.753s][info][gc,marking  ] GC(479) Mark: 8 stripe(s), 2 proactive flush(es), 1 terminate flush(es), 0 completion(s), 0 continuation(s) 
[116.753s][info][gc,marking  ] GC(479) Mark Stack Usage: 32M
[116.753s][info][gc,nmethod  ] GC(479) NMethods: 6503 registered, 95 unregistered
[116.753s][info][gc,metaspace] GC(479) Metaspace: 65M used, 66M committed, 1088M reserved
[116.753s][info][gc,ref      ] GC(479) Soft: 3208 encountered, 0 discovered, 0 enqueued
[116.753s][info][gc,ref      ] GC(479) Weak: 6433 encountered, 3404 discovered, 0 enqueued
[116.753s][info][gc,ref      ] GC(479) Final: 62 encountered, 18 discovered, 0 enqueued
[116.753s][info][gc,ref      ] GC(479) Phantom: 621 encountered, 502 discovered, 0 enqueued
[116.753s][info][gc,reloc    ] GC(479) Small Pages: 200 / 400M, Empty: 58M, Relocated: 6M, In-Place: 0
[116.753s][info][gc,reloc    ] GC(479) Medium Pages: 1 / 32M, Empty: 0M, Relocated: 0M, In-Place: 0
[116.753s][info][gc,reloc    ] GC(479) Large Pages: 4 / 24M, Empty: 0M, Relocated: 0M, In-Place: 0
[116.753s][info][gc,reloc    ] GC(479) Forwarding Usage: 3M
[116.753s][info][gc,heap     ] GC(479) Min Capacity: 8M(1%)
[116.753s][info][gc,heap     ] GC(479) Max Capacity: 1024M(100%)
[116.753s][info][gc,heap     ] GC(479) Soft Max Capacity: 1024M(100%)
[116.753s][info][gc,heap     ] GC(479)                Mark Start          Mark End        Relocate Start      Relocate End           High               Low         
[116.753s][info][gc,heap     ] GC(479)  Capacity:     1024M (100%)       1024M (100%)       1024M (100%)       1024M (100%)       1024M (100%)       1024M (100%)   
[116.753s][info][gc,heap     ] GC(479)      Free:      568M (55%)         522M (51%)         578M (56%)         628M (61%)         628M (61%)         520M (51%)    
[116.753s][info][gc,heap     ] GC(479)      Used:      456M (45%)         502M (49%)         446M (44%)         396M (39%)         504M (49%)         396M (39%)    
[116.753s][info][gc,heap     ] GC(479)      Live:         -               310M (30%)         310M (30%)         310M (30%)            -                  -          
[116.753s][info][gc,heap     ] GC(479) Allocated:         -                46M (4%)           48M (5%)           47M (5%)             -                  -          
[116.753s][info][gc,heap     ] GC(479)   Garbage:         -               145M (14%)          87M (9%)           37M (4%)             -                  -          
[116.753s][info][gc,heap     ] GC(479) Reclaimed:         -                  -                58M (6%)          107M (11%)            -                  -          
[116.753s][info][gc          ] GC(479) Garbage Collection (Allocation Rate) 456M(45%)->396M(39%)
[116.804s][info][gc,start    ] GC(480) Garbage Collection (Allocation Rate)
[116.804s][info][gc,task     ] GC(480) Using 9 workers
[116.804s][info][gc,phases   ] GC(480) Pause Mark Start 0.015ms
[116.944s][info][gc,phases   ] GC(480) Concurrent Mark 140.284ms
[116.945s][info][gc,phases   ] GC(480) Pause Mark End 0.020ms
[116.945s][info][gc,phases   ] GC(480) Concurrent Mark Free 0.001ms
[116.947s][info][gc,phases   ] GC(480) Concurrent Process Non-Strong References 2.530ms
[116.947s][info][gc,phases   ] GC(480) Concurrent Reset Relocation Set 0.004ms
[116.950s][info][gc,phases   ] GC(480) Concurrent Select Relocation Set 2.684ms
[116.950s][info][gc,phases   ] GC(480) Pause Relocate Start 0.007ms
[116.954s][info][gc,phases   ] GC(480) Concurrent Relocate 3.426ms
[116.954s][info][gc,load     ] GC(480) Load: 0.00/0.00/0.00
[116.954s][info][gc,mmu      ] GC(480) MMU: 2ms/96.1%, 5ms/98.4%, 10ms/99.2%, 20ms/99.6%, 50ms/99.8%, 100ms/99.9%
[116.954s][info][gc,marking  ] GC(480) Mark: 8 stripe(s), 2 proactive flush(es), 1 terminate flush(es), 0 completion(s), 0 continuation(s) 
[116.954s][info][gc,marking  ] GC(480) Mark Stack Usage: 32M
[116.954s][info][gc,nmethod  ] GC(480) NMethods: 6503 registered, 95 unregistered
[116.954s][info][gc,metaspace] GC(480) Metaspace: 65M used, 66M committed, 1088M reserved
[116.954s][info][gc,ref      ] GC(480) Soft: 3208 encountered, 0 discovered, 0 enqueued
[116.954s][info][gc,ref      ] GC(480) Weak: 6431 encountered, 1544 discovered, 0 enqueued
[116.954s][info][gc,ref      ] GC(480) Final: 62 encountered, 14 discovered, 0 enqueued
[116.954s][info][gc,ref      ] GC(480) Phantom: 619 encountered, 349 discovered, 0 enqueued
[116.954s][info][gc,reloc    ] GC(480) Small Pages: 181 / 362M, Empty: 32M, Relocated: 6M, In-Place: 0
[116.954s][info][gc,reloc    ] GC(480) Medium Pages: 1 / 32M, Empty: 0M, Relocated: 0M, In-Place: 0
[116.954s][info][gc,reloc    ] GC(480) Large Pages: 4 / 24M, Empty: 0M, Relocated: 0M, In-Place: 0
[116.954s][info][gc,reloc    ] GC(480) Forwarding Usage: 3M
[116.954s][info][gc,heap     ] GC(480) Min Capacity: 8M(1%)
[116.954s][info][gc,heap     ] GC(480) Max Capacity: 1024M(100%)
[116.954s][info][gc,heap     ] GC(480) Soft Max Capacity: 1024M(100%)
[116.954s][info][gc,heap     ] GC(480)                Mark Start          Mark End        Relocate Start      Relocate End           High               Low         
[116.954s][info][gc,heap     ] GC(480)  Capacity:     1024M (100%)       1024M (100%)       1024M (100%)       1024M (100%)       1024M (100%)       1024M (100%)   
[116.954s][info][gc,heap     ] GC(480)      Free:      606M (59%)         428M (42%)         442M (43%)         476M (46%)         606M (59%)         412M (40%)    
[116.954s][info][gc,heap     ] GC(480)      Used:      418M (41%)         596M (58%)         582M (57%)         548M (54%)         612M (60%)         418M (41%)    
[116.954s][info][gc,heap     ] GC(480)      Live:         -               310M (30%)         310M (30%)         310M (30%)            -                  -          
[116.954s][info][gc,heap     ] GC(480) Allocated:         -               178M (17%)         196M (19%)         199M (20%)            -                  -          
[116.954s][info][gc,heap     ] GC(480)   Garbage:         -               107M (11%)          75M (7%)           37M (4%)             -                  -          
[116.954s][info][gc,heap     ] GC(480) Reclaimed:         -                  -                32M (3%)           69M (7%)             -                  -          
[116.954s][info][gc          ] GC(480) Garbage Collection (Allocation Rate) 418M(41%)->548M(54%)
[117.007s][info][gc,start    ] GC(481) Garbage Collection (Allocation Rate)
[117.007s][info][gc,task     ] GC(481) Using 10 workers
[117.007s][info][gc,phases   ] GC(481) Pause Mark Start 0.016ms
[117.116s][info][gc,phases   ] GC(481) Concurrent Mark 108.986ms
[117.116s][info][gc,phases   ] GC(481) Pause Mark End 0.035ms
[117.117s][info][gc,phases   ] GC(481) Concurrent Mark Free 0.001ms
[117.119s][info][gc,phases   ] GC(481) Concurrent Process Non-Strong References 2.359ms
[117.119s][info][gc,phases   ] GC(481) Concurrent Reset Relocation Set 0.005ms
[117.132s][info][gc,phases   ] GC(481) Concurrent Select Relocation Set 12.679ms
[117.132s][info][gc,phases   ] GC(481) Pause Relocate Start 0.012ms
[117.149s][info][gc,phases   ] GC(481) Concurrent Relocate 17.001ms
[117.149s][info][gc,load     ] GC(481) Load: 0.00/0.00/0.00
[117.149s][info][gc,mmu      ] GC(481) MMU: 2ms/96.1%, 5ms/98.4%, 10ms/99.2%, 20ms/99.6%, 50ms/99.8%, 100ms/99.9%
[117.149s][info][gc,marking  ] GC(481) Mark: 8 stripe(s), 2 proactive flush(es), 1 terminate flush(es), 0 completion(s), 0 continuation(s) 
[117.149s][info][gc,marking  ] GC(481) Mark Stack Usage: 32M
[117.149s][info][gc,nmethod  ] GC(481) NMethods: 6503 registered, 95 unregistered
[117.149s][info][gc,metaspace] GC(481) Metaspace: 65M used, 66M committed, 1088M reserved
[117.149s][info][gc,ref      ] GC(481) Soft: 3208 encountered, 0 discovered, 0 enqueued
[117.149s][info][gc,ref      ] GC(481) Weak: 6431 encountered, 2084 discovered, 0 enqueued
[117.149s][info][gc,ref      ] GC(481) Final: 62 encountered, 3 discovered, 0 enqueued
[117.149s][info][gc,ref      ] GC(481) Phantom: 620 encountered, 463 discovered, 0 enqueued
[117.149s][info][gc,reloc    ] GC(481) Small Pages: 288 / 576M, Empty: 78M, Relocated: 27M, In-Place: 0
[117.149s][info][gc,reloc    ] GC(481) Medium Pages: 1 / 32M, Empty: 0M, Relocated: 0M, In-Place: 0
[117.149s][info][gc,reloc    ] GC(481) Large Pages: 7 / 42M, Empty: 24M, Relocated: 0M, In-Place: 0
[117.149s][info][gc,reloc    ] GC(481) Forwarding Usage: 24M
[117.149s][info][gc,heap     ] GC(481) Min Capacity: 8M(1%)
[117.149s][info][gc,heap     ] GC(481) Max Capacity: 1024M(100%)
[117.149s][info][gc,heap     ] GC(481) Soft Max Capacity: 1024M(100%)
[117.149s][info][gc,heap     ] GC(481)                Mark Start          Mark End        Relocate Start      Relocate End           High               Low         
[117.149s][info][gc,heap     ] GC(481)  Capacity:     1024M (100%)       1024M (100%)       1024M (100%)       1024M (100%)       1024M (100%)       1024M (100%)   
[117.149s][info][gc,heap     ] GC(481)      Free:      374M (37%)         194M (19%)         268M (26%)         540M (53%)         542M (53%)         188M (18%)    
[117.149s][info][gc,heap     ] GC(481)      Used:      650M (63%)         830M (81%)         756M (74%)         484M (47%)         836M (82%)         482M (47%)    
[117.149s][info][gc,heap     ] GC(481)      Live:         -               217M (21%)         217M (21%)         217M (21%)            -                  -          
[117.149s][info][gc,heap     ] GC(481) Allocated:         -               180M (18%)         208M (20%)         229M (22%)            -                  -          
[117.149s][info][gc,heap     ] GC(481)   Garbage:         -               432M (42%)         330M (32%)          37M (4%)             -                  -          
[117.149s][info][gc,heap     ] GC(481) Reclaimed:         -                  -               102M (10%)         395M (39%)            -                  -          
[117.149s][info][gc          ] GC(481) Garbage Collection (Allocation Rate) 650M(63%)->484M(47%)
[117.210s][info][gc,start    ] GC(482) Garbage Collection (Allocation Rate)
[117.210s][info][gc,task     ] GC(482) Using 10 workers
[117.210s][info][gc,phases   ] GC(482) Pause Mark Start 0.016ms
[117.335s][info][gc,phases   ] GC(482) Concurrent Mark 124.621ms
[117.335s][info][gc,phases   ] GC(482) Pause Mark End 0.030ms
[117.335s][info][gc,phases   ] GC(482) Concurrent Mark Free 0.001ms
[117.338s][info][gc,phases   ] GC(482) Concurrent Process Non-Strong References 2.739ms
[117.338s][info][gc,phases   ] GC(482) Concurrent Reset Relocation Set 0.036ms
[117.344s][info][gc,phases   ] GC(482) Concurrent Select Relocation Set 5.391ms
[117.344s][info][gc,phases   ] GC(482) Pause Relocate Start 0.010ms
[117.364s][info][gc,phases   ] GC(482) Concurrent Relocate 20.390ms
[117.364s][info][gc,load     ] GC(482) Load: 0.00/0.00/0.00
[117.364s][info][gc,mmu      ] GC(482) MMU: 2ms/96.1%, 5ms/98.4%, 10ms/99.2%, 20ms/99.6%, 50ms/99.8%, 100ms/99.9%
[117.364s][info][gc,marking  ] GC(482) Mark: 8 stripe(s), 3 proactive flush(es), 1 terminate flush(es), 0 completion(s), 0 continuation(s) 
[117.365s][info][gc,marking  ] GC(482) Mark Stack Usage: 32M
[117.365s][info][gc,nmethod  ] GC(482) NMethods: 6503 registered, 95 unregistered
[117.365s][info][gc,metaspace] GC(482) Metaspace: 65M used, 66M committed, 1088M reserved
[117.365s][info][gc,ref      ] GC(482) Soft: 3208 encountered, 0 discovered, 0 enqueued
[117.365s][info][gc,ref      ] GC(482) Weak: 6431 encountered, 1244 discovered, 0 enqueued
[117.365s][info][gc,ref      ] GC(482) Final: 62 encountered, 1 discovered, 0 enqueued
[117.365s][info][gc,ref      ] GC(482) Phantom: 621 encountered, 446 discovered, 0 enqueued
[117.365s][info][gc,reloc    ] GC(482) Small Pages: 270 / 540M, Empty: 0M, Relocated: 22M, In-Place: 0
[117.365s][info][gc,reloc    ] GC(482) Medium Pages: 1 / 32M, Empty: 0M, Relocated: 0M, In-Place: 0
[117.365s][info][gc,reloc    ] GC(482) Large Pages: 4 / 24M, Empty: 0M, Relocated: 0M, In-Place: 0
[117.365s][info][gc,reloc    ] GC(482) Forwarding Usage: 22M
[117.365s][info][gc,heap     ] GC(482) Min Capacity: 8M(1%)
[117.365s][info][gc,heap     ] GC(482) Max Capacity: 1024M(100%)
[117.365s][info][gc,heap     ] GC(482) Soft Max Capacity: 1024M(100%)
[117.365s][info][gc,heap     ] GC(482)                Mark Start          Mark End        Relocate Start      Relocate End           High               Low         
[117.365s][info][gc,heap     ] GC(482)  Capacity:     1024M (100%)       1024M (100%)       1024M (100%)       1024M (100%)       1024M (100%)       1024M (100%)   
[117.365s][info][gc,heap     ] GC(482)      Free:      428M (42%)         212M (21%)         200M (20%)         486M (47%)         498M (49%)         180M (18%)    
[117.365s][info][gc,heap     ] GC(482)      Used:      596M (58%)         812M (79%)         824M (80%)         538M (53%)         844M (82%)         526M (51%)    
[117.365s][info][gc,heap     ] GC(482)      Live:         -               231M (23%)         231M (23%)         231M (23%)            -                  -          
[117.365s][info][gc,heap     ] GC(482) Allocated:         -               216M (21%)         228M (22%)         259M (25%)            -                  -          
[117.365s][info][gc,heap     ] GC(482)   Garbage:         -               364M (36%)         364M (36%)          47M (5%)             -                  -          
[117.365s][info][gc,heap     ] GC(482) Reclaimed:         -                  -                 0M (0%)          317M (31%)            -                  -          
[117.365s][info][gc          ] GC(482) Garbage Collection (Allocation Rate) 596M(58%)->538M(53%)
[117.413s][info][gc,start    ] GC(483) Garbage Collection (Allocation Rate)
[117.413s][info][gc,task     ] GC(483) Using 10 workers
[117.413s][info][gc,phases   ] GC(483) Pause Mark Start 0.016ms
[117.554s][info][gc,phases   ] GC(483) Concurrent Mark 140.180ms
[117.554s][info][gc,phases   ] GC(483) Pause Mark End 0.031ms
[117.554s][info][gc,phases   ] GC(483) Concurrent Mark Free 0.001ms
[117.556s][info][gc,phases   ] GC(483) Concurrent Process Non-Strong References 2.480ms
[117.556s][info][gc,phases   ] GC(483) Concurrent Reset Relocation Set 0.032ms
[117.560s][info][gc,phases   ] GC(483) Concurrent Select Relocation Set 3.960ms
[117.561s][info][gc,phases   ] GC(483) Pause Relocate Start 0.010ms
[117.574s][info][gc,phases   ] GC(483) Concurrent Relocate 13.179ms
[117.574s][info][gc,load     ] GC(483) Load: 0.00/0.00/0.00
[117.574s][info][gc,mmu      ] GC(483) MMU: 2ms/96.1%, 5ms/98.4%, 10ms/99.2%, 20ms/99.6%, 50ms/99.8%, 100ms/99.9%
[117.574s][info][gc,marking  ] GC(483) Mark: 8 stripe(s), 3 proactive flush(es), 1 terminate flush(es), 0 completion(s), 0 continuation(s) 
[117.574s][info][gc,marking  ] GC(483) Mark Stack Usage: 32M
[117.574s][info][gc,nmethod  ] GC(483) NMethods: 6503 registered, 95 unregistered
[117.574s][info][gc,metaspace] GC(483) Metaspace: 65M used, 66M committed, 1088M reserved
[117.574s][info][gc,ref      ] GC(483) Soft: 3208 encountered, 0 discovered, 0 enqueued
[117.574s][info][gc,ref      ] GC(483) Weak: 6431 encountered, 3337 discovered, 0 enqueued
[117.574s][info][gc,ref      ] GC(483) Final: 62 encountered, 0 discovered, 0 enqueued
[117.574s][info][gc,ref      ] GC(483) Phantom: 621 encountered, 613 discovered, 0 enqueued
[117.574s][info][gc,reloc    ] GC(483) Small Pages: 252 / 504M, Empty: 0M, Relocated: 17M, In-Place: 0
[117.574s][info][gc,reloc    ] GC(483) Medium Pages: 1 / 32M, Empty: 0M, Relocated: 0M, In-Place: 0
[117.574s][info][gc,reloc    ] GC(483) Large Pages: 8 / 64M, Empty: 0M, Relocated: 0M, In-Place: 0
[117.574s][info][gc,reloc    ] GC(483) Forwarding Usage: 16M
[117.574s][info][gc,heap     ] GC(483) Min Capacity: 8M(1%)
[117.574s][info][gc,heap     ] GC(483) Max Capacity: 1024M(100%)
[117.574s][info][gc,heap     ] GC(483) Soft Max Capacity: 1024M(100%)
[117.574s][info][gc,heap     ] GC(483)                Mark Start          Mark End        Relocate Start      Relocate End           High               Low         
[117.574s][info][gc,heap     ] GC(483)  Capacity:     1024M (100%)       1024M (100%)       1024M (100%)       1024M (100%)       1024M (100%)       1024M (100%)   
[117.574s][info][gc,heap     ] GC(483)      Free:      424M (41%)         216M (21%)         204M (20%)         452M (44%)         452M (44%)         184M (18%)    
[117.574s][info][gc,heap     ] GC(483)      Used:      600M (59%)         808M (79%)         820M (80%)         572M (56%)         840M (82%)         572M (56%)    
[117.574s][info][gc,heap     ] GC(483)      Live:         -               281M (27%)         281M (27%)         281M (27%)            -                  -          
[117.574s][info][gc,heap     ] GC(483) Allocated:         -               208M (20%)         220M (21%)         241M (24%)            -                  -          
[117.574s][info][gc,heap     ] GC(483)   Garbage:         -               318M (31%)         318M (31%)          48M (5%)             -                  -          
[117.574s][info][gc,heap     ] GC(483) Reclaimed:         -                  -                 0M (0%)          269M (26%)            -                  -          
[117.574s][info][gc          ] GC(483) Garbage Collection (Allocation Rate) 600M(59%)->572M(56%)
[117.616s][info][gc,start    ] GC(484) Garbage Collection (Allocation Rate)
[117.616s][info][gc,task     ] GC(484) Using 10 workers
[117.616s][info][gc,phases   ] GC(484) Pause Mark Start 0.015ms
[117.757s][info][gc,phases   ] GC(484) Concurrent Mark 140.240ms
[117.757s][info][gc,phases   ] GC(484) Pause Mark End 0.018ms
[117.757s][info][gc,phases   ] GC(484) Concurrent Mark Free 0.001ms
[117.759s][info][gc,phases   ] GC(484) Concurrent Process Non-Strong References 2.097ms
[117.759s][info][gc,phases   ] GC(484) Concurrent Reset Relocation Set 0.015ms
[117.783s][info][gc,phases   ] GC(484) Concurrent Select Relocation Set 23.871ms
[117.783s][info][gc,phases   ] GC(484) Pause Relocate Start 0.012ms
[117.801s][info][gc,phases   ] GC(484) Concurrent Relocate 17.728ms
[117.801s][info][gc,load     ] GC(484) Load: 0.00/0.00/0.00
[117.801s][info][gc,mmu      ] GC(484) MMU: 2ms/96.1%, 5ms/98.4%, 10ms/99.2%, 20ms/99.6%, 50ms/99.8%, 100ms/99.9%
[117.801s][info][gc,marking  ] GC(484) Mark: 8 stripe(s), 2 proactive flush(es), 1 terminate flush(es), 0 completion(s), 0 continuation(s) 
[117.801s][info][gc,marking  ] GC(484) Mark Stack Usage: 32M
[117.801s][info][gc,nmethod  ] GC(484) NMethods: 6503 registered, 95 unregistered
[117.801s][info][gc,metaspace] GC(484) Metaspace: 65M used, 66M committed, 1088M reserved
[117.801s][info][gc,ref      ] GC(484) Soft: 3208 encountered, 0 discovered, 0 enqueued
[117.801s][info][gc,ref      ] GC(484) Weak: 6431 encountered, 947 discovered, 0 enqueued
[117.801s][info][gc,ref      ] GC(484) Final: 62 encountered, 1 discovered, 0 enqueued
[117.801s][info][gc,ref      ] GC(484) Phantom: 620 encountered, 481 discovered, 0 enqueued
[117.801s][info][gc,reloc    ] GC(484) Small Pages: 280 / 560M, Empty: 0M, Relocated: 20M, In-Place: 0
[117.801s][info][gc,reloc    ] GC(484) Medium Pages: 1 / 32M, Empty: 0M, Relocated: 0M, In-Place: 0
[117.801s][info][gc,reloc    ] GC(484) Large Pages: 8 / 64M, Empty: 24M, Relocated: 0M, In-Place: 0
[117.801s][info][gc,reloc    ] GC(484) Forwarding Usage: 19M
[117.801s][info][gc,heap     ] GC(484) Min Capacity: 8M(1%)
[117.801s][info][gc,heap     ] GC(484) Max Capacity: 1024M(100%)
[117.801s][info][gc,heap     ] GC(484) Soft Max Capacity: 1024M(100%)
[117.801s][info][gc,heap     ] GC(484)                Mark Start          Mark End        Relocate Start      Relocate End           High               Low         
[117.801s][info][gc,heap     ] GC(484)  Capacity:     1024M (100%)       1024M (100%)       1024M (100%)       1024M (100%)       1024M (100%)       1024M (100%)   
[117.801s][info][gc,heap     ] GC(484)      Free:      368M (36%)         108M (11%)          98M (10%)         384M (38%)         388M (38%)          82M (8%)     
[117.801s][info][gc,heap     ] GC(484)      Used:      656M (64%)         916M (89%)         926M (90%)         640M (63%)         942M (92%)         636M (62%)    
[117.801s][info][gc,heap     ] GC(484)      Live:         -               267M (26%)         267M (26%)         267M (26%)            -                  -          
[117.801s][info][gc,heap     ] GC(484) Allocated:         -               260M (25%)         294M (29%)         317M (31%)            -                  -          
[117.801s][info][gc,heap     ] GC(484)   Garbage:         -               388M (38%)         364M (36%)          55M (5%)             -                  -          
[117.801s][info][gc,heap     ] GC(484) Reclaimed:         -                  -                24M (2%)          333M (33%)            -                  -          
[117.801s][info][gc          ] GC(484) Garbage Collection (Allocation Rate) 656M(64%)->640M(63%)
[117.804s][info][gc,start    ] GC(485) Garbage Collection (Allocation Rate)
[117.804s][info][gc,task     ] GC(485) Using 10 workers
[117.804s][info][gc,phases   ] GC(485) Pause Mark Start 0.009ms
[117.944s][info][gc,phases   ] GC(485) Concurrent Mark 140.354ms
[117.944s][info][gc,phases   ] GC(485) Pause Mark End 0.021ms
[117.944s][info][gc,phases   ] GC(485) Concurrent Mark Free 0.001ms
[117.946s][info][gc,phases   ] GC(485) Concurrent Process Non-Strong References 1.914ms
[117.946s][info][gc,phases   ] GC(485) Concurrent Reset Relocation Set 0.032ms
[117.949s][info][gc,phases   ] GC(485) Concurrent Select Relocation Set 2.981ms
[117.949s][info][gc,phases   ] GC(485) Pause Relocate Start 0.008ms
[117.966s][info][gc,phases   ] GC(485) Concurrent Relocate 16.519ms
[117.966s][info][gc,load     ] GC(485) Load: 0.00/0.00/0.00
[117.966s][info][gc,mmu      ] GC(485) MMU: 2ms/96.1%, 5ms/98.4%, 10ms/99.2%, 20ms/99.6%, 50ms/99.8%, 100ms/99.9%
[117.966s][info][gc,marking  ] GC(485) Mark: 8 stripe(s), 2 proactive flush(es), 1 terminate flush(es), 0 completion(s), 0 continuation(s) 
[117.966s][info][gc,marking  ] GC(485) Mark Stack Usage: 32M
[117.966s][info][gc,nmethod  ] GC(485) NMethods: 6503 registered, 95 unregistered
[117.966s][info][gc,metaspace] GC(485) Metaspace: 65M used, 66M committed, 1088M reserved
[117.966s][info][gc,ref      ] GC(485) Soft: 3208 encountered, 0 discovered, 0 enqueued
[117.966s][info][gc,ref      ] GC(485) Weak: 6431 encountered, 1050 discovered, 0 enqueued
[117.966s][info][gc,ref      ] GC(485) Final: 62 encountered, 2 discovered, 0 enqueued
[117.966s][info][gc,ref      ] GC(485) Phantom: 621 encountered, 524 discovered, 0 enqueued
[117.966s][info][gc,reloc    ] GC(485) Small Pages: 287 / 574M, Empty: 0M, Relocated: 20M, In-Place: 0
[117.966s][info][gc,reloc    ] GC(485) Medium Pages: 1 / 32M, Empty: 0M, Relocated: 0M, In-Place: 0
[117.966s][info][gc,reloc    ] GC(485) Large Pages: 4 / 40M, Empty: 0M, Relocated: 0M, In-Place: 0
[117.966s][info][gc,reloc    ] GC(485) Forwarding Usage: 19M
[117.966s][info][gc,heap     ] GC(485) Min Capacity: 8M(1%)
[117.966s][info][gc,heap     ] GC(485) Max Capacity: 1024M(100%)
[117.966s][info][gc,heap     ] GC(485) Soft Max Capacity: 1024M(100%)
[117.966s][info][gc,heap     ] GC(485)                Mark Start          Mark End        Relocate Start      Relocate End           High               Low         
[117.966s][info][gc,heap     ] GC(485)  Capacity:     1024M (100%)       1024M (100%)       1024M (100%)       1024M (100%)       1024M (100%)       1024M (100%)   
[117.966s][info][gc,heap     ] GC(485)      Free:      378M (37%)         128M (13%)         118M (12%)         404M (39%)         410M (40%)          98M (10%)    
[117.967s][info][gc,heap     ] GC(485)      Used:      646M (63%)         896M (88%)         906M (88%)         620M (61%)         926M (90%)         614M (60%)    
[117.967s][info][gc,heap     ] GC(485)      Live:         -               276M (27%)         276M (27%)         276M (27%)            -                  -          
[117.967s][info][gc,heap     ] GC(485) Allocated:         -               250M (24%)         260M (25%)         285M (28%)            -                  -          
[117.967s][info][gc,heap     ] GC(485)   Garbage:         -               369M (36%)         369M (36%)          57M (6%)             -                  -          
[117.967s][info][gc,heap     ] GC(485) Reclaimed:         -                  -                 0M (0%)          311M (30%)            -                  -          
[117.967s][info][gc          ] GC(485) Garbage Collection (Allocation Rate) 646M(63%)->620M(61%)
[118.007s][info][gc,start    ] GC(486) Garbage Collection (Allocation Rate)
[118.007s][info][gc,task     ] GC(486) Using 10 workers
[118.007s][info][gc,phases   ] GC(486) Pause Mark Start 0.016ms
[118.179s][info][gc,phases   ] GC(486) Concurrent Mark 171.469ms
[118.179s][info][gc,phases   ] GC(486) Pause Mark End 0.019ms
[118.179s][info][gc,phases   ] GC(486) Concurrent Mark Free 0.001ms
[118.181s][info][gc,phases   ] GC(486) Concurrent Process Non-Strong References 2.338ms
[118.181s][info][gc,phases   ] GC(486) Concurrent Reset Relocation Set 0.037ms
[118.206s][info][gc,phases   ] GC(486) Concurrent Select Relocation Set 24.626ms
[118.206s][info][gc,phases   ] GC(486) Pause Relocate Start 0.009ms
[118.226s][info][gc,phases   ] GC(486) Concurrent Relocate 19.794ms
[118.226s][info][gc,load     ] GC(486) Load: 0.00/0.00/0.00
[118.226s][info][gc,mmu      ] GC(486) MMU: 2ms/96.1%, 5ms/98.4%, 10ms/99.2%, 20ms/99.6%, 50ms/99.8%, 100ms/99.9%
[118.226s][info][gc,marking  ] GC(486) Mark: 8 stripe(s), 2 proactive flush(es), 1 terminate flush(es), 0 completion(s), 0 continuation(s) 
[118.226s][info][gc,marking  ] GC(486) Mark Stack Usage: 32M
[118.226s][info][gc,nmethod  ] GC(486) NMethods: 6503 registered, 95 unregistered
[118.226s][info][gc,metaspace] GC(486) Metaspace: 65M used, 66M committed, 1088M reserved
[118.226s][info][gc,ref      ] GC(486) Soft: 3208 encountered, 0 discovered, 0 enqueued
[118.226s][info][gc,ref      ] GC(486) Weak: 6431 encountered, 756 discovered, 0 enqueued
[118.226s][info][gc,ref      ] GC(486) Final: 62 encountered, 1 discovered, 0 enqueued
[118.226s][info][gc,ref      ] GC(486) Phantom: 621 encountered, 425 discovered, 0 enqueued
[118.226s][info][gc,reloc    ] GC(486) Small Pages: 311 / 622M, Empty: 0M, Relocated: 22M, In-Place: 9
[118.226s][info][gc,reloc    ] GC(486) Medium Pages: 1 / 32M, Empty: 0M, Relocated: 0M, In-Place: 0
[118.226s][info][gc,reloc    ] GC(486) Large Pages: 4 / 40M, Empty: 0M, Relocated: 0M, In-Place: 0
[118.226s][info][gc,reloc    ] GC(486) Forwarding Usage: 19M
[118.226s][info][gc,heap     ] GC(486) Min Capacity: 8M(1%)
[118.226s][info][gc,heap     ] GC(486) Max Capacity: 1024M(100%)
[118.226s][info][gc,heap     ] GC(486) Soft Max Capacity: 1024M(100%)
[118.226s][info][gc,heap     ] GC(486)                Mark Start          Mark End        Relocate Start      Relocate End           High               Low         
[118.226s][info][gc,heap     ] GC(486)  Capacity:     1024M (100%)       1024M (100%)       1024M (100%)       1024M (100%)       1024M (100%)       1024M (100%)   
[118.226s][info][gc,heap     ] GC(486)      Free:      330M (32%)          32M (3%)            2M (0%)          326M (32%)         336M (33%)           0M (0%)     
[118.226s][info][gc,heap     ] GC(486)      Used:      694M (68%)         992M (97%)        1022M (100%)        698M (68%)        1024M (100%)        688M (67%)    
[118.226s][info][gc,heap     ] GC(486)      Live:         -               285M (28%)         285M (28%)         285M (28%)            -                  -          
[118.226s][info][gc,heap     ] GC(486) Allocated:         -               298M (29%)         328M (32%)         353M (35%)            -                  -          
[118.226s][info][gc,heap     ] GC(486)   Garbage:         -               408M (40%)         408M (40%)          58M (6%)             -                  -          
[118.226s][info][gc,heap     ] GC(486) Reclaimed:         -                  -                 0M (0%)          349M (34%)            -                  -          
[118.226s][info][gc          ] GC(486) Garbage Collection (Allocation Rate) 694M(68%)->698M(68%)
[118.304s][info][gc,start    ] GC(487) Garbage Collection (Allocation Rate)
[118.304s][info][gc,task     ] GC(487) Using 10 workers
[118.304s][info][gc,phases   ] GC(487) Pause Mark Start 0.016ms
[118.460s][info][gc,phases   ] GC(487) Concurrent Mark 155.781ms
[118.460s][info][gc,phases   ] GC(487) Pause Mark End 0.019ms
[118.460s][info][gc,phases   ] GC(487) Concurrent Mark Free 0.001ms
[118.462s][info][gc,phases   ] GC(487) Concurrent Process Non-Strong References 2.099ms
[118.462s][info][gc,phases   ] GC(487) Concurrent Reset Relocation Set 0.017ms
[118.482s][info][gc,phases   ] GC(487) Concurrent Select Relocation Set 19.856ms
[118.482s][info][gc,phases   ] GC(487) Pause Relocate Start 0.011ms
[118.483s][info][gc          ] Allocation Stall (Executor task launch worker for task 0.0 in stage 118.0 (TID 220)) 58.738ms
[118.496s][info][gc          ] Relocation Stall (Executor task launch worker for task 3.0 in stage 118.0 (TID 223)) 13.413ms
[118.496s][info][gc          ] Relocation Stall (Executor task launch worker for task 1.0 in stage 118.0 (TID 221)) 13.184ms
[118.496s][info][gc          ] Relocation Stall (Executor task launch worker for task 2.0 in stage 118.0 (TID 222)) 13.218ms
[118.496s][info][gc          ] Allocation Stall (Executor task launch worker for task 3.0 in stage 118.0 (TID 223)) 72.193ms
[118.496s][info][gc          ] Allocation Stall (Executor task launch worker for task 1.0 in stage 118.0 (TID 221)) 72.108ms
[118.496s][info][gc          ] Allocation Stall (Executor task launch worker for task 2.0 in stage 118.0 (TID 222)) 72.294ms
[118.502s][info][gc,phases   ] GC(487) Concurrent Relocate 19.675ms
[118.502s][info][gc,load     ] GC(487) Load: 0.00/0.00/0.00
[118.502s][info][gc,mmu      ] GC(487) MMU: 2ms/96.1%, 5ms/98.4%, 10ms/99.2%, 20ms/99.6%, 50ms/99.8%, 100ms/99.9%
[118.502s][info][gc,marking  ] GC(487) Mark: 8 stripe(s), 2 proactive flush(es), 1 terminate flush(es), 0 completion(s), 0 continuation(s) 
[118.502s][info][gc,marking  ] GC(487) Mark Stack Usage: 32M
[118.502s][info][gc,nmethod  ] GC(487) NMethods: 6503 registered, 95 unregistered
[118.502s][info][gc,metaspace] GC(487) Metaspace: 65M used, 66M committed, 1088M reserved
[118.502s][info][gc,ref      ] GC(487) Soft: 3208 encountered, 0 discovered, 0 enqueued
[118.502s][info][gc,ref      ] GC(487) Weak: 6431 encountered, 550 discovered, 0 enqueued
[118.502s][info][gc,ref      ] GC(487) Final: 62 encountered, 0 discovered, 0 enqueued
[118.502s][info][gc,ref      ] GC(487) Phantom: 621 encountered, 604 discovered, 0 enqueued
[118.502s][info][gc,reloc    ] GC(487) Small Pages: 383 / 766M, Empty: 0M, Relocated: 22M, In-Place: 10
[118.502s][info][gc,reloc    ] GC(487) Medium Pages: 1 / 32M, Empty: 0M, Relocated: 0M, In-Place: 0
[118.502s][info][gc,reloc    ] GC(487) Large Pages: 4 / 40M, Empty: 0M, Relocated: 0M, In-Place: 0
[118.502s][info][gc,reloc    ] GC(487) Forwarding Usage: 20M
[118.502s][info][gc,heap     ] GC(487) Min Capacity: 8M(1%)
[118.502s][info][gc,heap     ] GC(487) Max Capacity: 1024M(100%)
[118.502s][info][gc,heap     ] GC(487) Soft Max Capacity: 1024M(100%)
[118.502s][info][gc,heap     ] GC(487)                Mark Start          Mark End        Relocate Start      Relocate End           High               Low         
[118.502s][info][gc,heap     ] GC(487)  Capacity:     1024M (100%)       1024M (100%)       1024M (100%)       1024M (100%)       1024M (100%)       1024M (100%)   
[118.502s][info][gc,heap     ] GC(487)      Free:      186M (18%)           0M (0%)            0M (0%)          472M (46%)         476M (46%)           0M (0%)     
[118.502s][info][gc,heap     ] GC(487)      Used:      838M (82%)        1024M (100%)       1024M (100%)        552M (54%)        1024M (100%)        548M (54%)    
[118.502s][info][gc,heap     ] GC(487)      Live:         -               296M (29%)         296M (29%)         296M (29%)            -                  -          
[118.502s][info][gc,heap     ] GC(487) Allocated:         -               186M (18%)         186M (18%)         195M (19%)            -                  -          
[118.502s][info][gc,heap     ] GC(487)   Garbage:         -               541M (53%)         541M (53%)          59M (6%)             -                  -          
[118.502s][info][gc,heap     ] GC(487) Reclaimed:         -                  -                 0M (0%)          481M (47%)            -                  -          
[118.502s][info][gc          ] GC(487) Garbage Collection (Allocation Rate) 838M(82%)->552M(54%)
[118.507s][info][gc,start    ] GC(488) Garbage Collection (Allocation Stall)
[118.507s][info][gc,ref      ] GC(488) Clearing All SoftReferences
[118.507s][info][gc,task     ] GC(488) Using 10 workers
[118.507s][info][gc,ref      ] GC(488) Clearing All SoftReferences
[118.507s][info][gc,phases   ] GC(488) Pause Mark Start 0.078ms
[118.663s][info][gc,phases   ] GC(488) Concurrent Mark 155.832ms
[118.663s][info][gc,phases   ] GC(488) Pause Mark End 0.026ms
[118.663s][info][gc,phases   ] GC(488) Concurrent Mark Free 0.001ms
[118.678s][info][gc,phases   ] GC(488) Concurrent Process Non-Strong References 15.418ms
[118.679s][info][gc,phases   ] GC(488) Concurrent Reset Relocation Set 0.052ms
[118.682s][info][gc,phases   ] GC(488) Concurrent Select Relocation Set 3.828ms
[118.683s][info][gc,phases   ] GC(488) Pause Relocate Start 0.008ms
[118.698s][info][gc,phases   ] GC(488) Concurrent Relocate 15.006ms
[118.698s][info][gc,load     ] GC(488) Load: 0.00/0.00/0.00
[118.698s][info][gc,mmu      ] GC(488) MMU: 2ms/96.1%, 5ms/98.4%, 10ms/99.2%, 20ms/99.6%, 50ms/99.8%, 100ms/99.9%
[118.698s][info][gc,marking  ] GC(488) Mark: 8 stripe(s), 2 proactive flush(es), 1 terminate flush(es), 0 completion(s), 0 continuation(s) 
[118.698s][info][gc,marking  ] GC(488) Mark Stack Usage: 32M
[118.698s][info][gc,nmethod  ] GC(488) NMethods: 6494 registered, 104 unregistered
[118.698s][info][gc,metaspace] GC(488) Metaspace: 65M used, 66M committed, 1088M reserved
[118.698s][info][gc,ref      ] GC(488) Soft: 3105 encountered, 1930 discovered, 388 enqueued
[118.698s][info][gc,ref      ] GC(488) Weak: 6338 encountered, 2073 discovered, 45 enqueued
[118.698s][info][gc,ref      ] GC(488) Final: 62 encountered, 36 discovered, 0 enqueued
[118.698s][info][gc,ref      ] GC(488) Phantom: 621 encountered, 608 discovered, 0 enqueued
[118.698s][info][gc,reloc    ] GC(488) Small Pages: 243 / 486M, Empty: 0M, Relocated: 13M, In-Place: 0
[118.698s][info][gc,reloc    ] GC(488) Medium Pages: 1 / 32M, Empty: 0M, Relocated: 0M, In-Place: 0
[118.698s][info][gc,reloc    ] GC(488) Large Pages: 4 / 40M, Empty: 0M, Relocated: 0M, In-Place: 0
[118.698s][info][gc,reloc    ] GC(488) Forwarding Usage: 12M
[118.698s][info][gc,heap     ] GC(488) Min Capacity: 8M(1%)
[118.698s][info][gc,heap     ] GC(488) Max Capacity: 1024M(100%)
[118.698s][info][gc,heap     ] GC(488) Soft Max Capacity: 1024M(100%)
[118.698s][info][gc,heap     ] GC(488)                Mark Start          Mark End        Relocate Start      Relocate End           High               Low         
[118.698s][info][gc,heap     ] GC(488)  Capacity:     1024M (100%)       1024M (100%)       1024M (100%)       1024M (100%)       1024M (100%)       1024M (100%)   
[118.698s][info][gc,heap     ] GC(488)      Free:      466M (46%)         218M (21%)         180M (18%)         372M (36%)         466M (46%)         160M (16%)    
[118.698s][info][gc,heap     ] GC(488)      Used:      558M (54%)         806M (79%)         844M (82%)         652M (64%)         864M (84%)         558M (54%)    
[118.698s][info][gc,heap     ] GC(488)      Live:         -               298M (29%)         298M (29%)         298M (29%)            -                  -          
[118.698s][info][gc,heap     ] GC(488) Allocated:         -               248M (24%)         286M (28%)         285M (28%)            -                  -          
[118.698s][info][gc,heap     ] GC(488)   Garbage:         -               259M (25%)         259M (25%)          67M (7%)             -                  -          
[118.698s][info][gc,heap     ] GC(488) Reclaimed:         -                  -                 0M (0%)          191M (19%)            -                  -          
[118.698s][info][gc          ] GC(488) Garbage Collection (Allocation Stall) 558M(54%)->652M(64%)
[118.710s][info][gc,start    ] GC(489) Garbage Collection (Allocation Rate)
[118.710s][info][gc,task     ] GC(489) Using 10 workers
[118.710s][info][gc,phases   ] GC(489) Pause Mark Start 0.011ms
[118.881s][info][gc,phases   ] GC(489) Concurrent Mark 171.494ms
[118.882s][info][gc,phases   ] GC(489) Pause Mark End 0.020ms
[118.882s][info][gc,phases   ] GC(489) Concurrent Mark Free 0.001ms
[118.884s][info][gc,phases   ] GC(489) Concurrent Process Non-Strong References 2.344ms
[118.884s][info][gc,phases   ] GC(489) Concurrent Reset Relocation Set 0.020ms
[118.899s][info][gc,phases   ] GC(489) Concurrent Select Relocation Set 14.881ms
[118.899s][info][gc,phases   ] GC(489) Pause Relocate Start 0.013ms
[118.920s][info][gc,phases   ] GC(489) Concurrent Relocate 20.644ms
[118.920s][info][gc,load     ] GC(489) Load: 0.00/0.00/0.00
[118.920s][info][gc,mmu      ] GC(489) MMU: 2ms/96.1%, 5ms/98.4%, 10ms/99.2%, 20ms/99.6%, 50ms/99.8%, 100ms/99.9%
[118.920s][info][gc,marking  ] GC(489) Mark: 8 stripe(s), 2 proactive flush(es), 1 terminate flush(es), 0 completion(s), 0 continuation(s) 
[118.920s][info][gc,marking  ] GC(489) Mark Stack Usage: 32M
[118.920s][info][gc,nmethod  ] GC(489) NMethods: 6494 registered, 104 unregistered
[118.920s][info][gc,metaspace] GC(489) Metaspace: 65M used, 66M committed, 1088M reserved
[118.920s][info][gc,ref      ] GC(489) Soft: 2717 encountered, 0 discovered, 0 enqueued
[118.920s][info][gc,ref      ] GC(489) Weak: 6293 encountered, 1111 discovered, 0 enqueued
[118.920s][info][gc,ref      ] GC(489) Final: 62 encountered, 21 discovered, 0 enqueued
[118.920s][info][gc,ref      ] GC(489) Phantom: 617 encountered, 547 discovered, 0 enqueued
[118.920s][info][gc,reloc    ] GC(489) Small Pages: 274 / 548M, Empty: 0M, Relocated: 17M, In-Place: 0
[118.920s][info][gc,reloc    ] GC(489) Medium Pages: 2 / 64M, Empty: 0M, Relocated: 11M, In-Place: 0
[118.920s][info][gc,reloc    ] GC(489) Large Pages: 4 / 40M, Empty: 0M, Relocated: 0M, In-Place: 0
[118.920s][info][gc,reloc    ] GC(489) Forwarding Usage: 14M
[118.920s][info][gc,heap     ] GC(489) Min Capacity: 8M(1%)
[118.920s][info][gc,heap     ] GC(489) Max Capacity: 1024M(100%)
[118.920s][info][gc,heap     ] GC(489) Soft Max Capacity: 1024M(100%)
[118.920s][info][gc,heap     ] GC(489)                Mark Start          Mark End        Relocate Start      Relocate End           High               Low         
[118.920s][info][gc,heap     ] GC(489)  Capacity:     1024M (100%)       1024M (100%)       1024M (100%)       1024M (100%)       1024M (100%)       1024M (100%)   
[118.920s][info][gc,heap     ] GC(489)      Free:      372M (36%)         338M (33%)         338M (33%)         622M (61%)         622M (61%)         290M (28%)    
[118.920s][info][gc,heap     ] GC(489)      Used:      652M (64%)         686M (67%)         686M (67%)         402M (39%)         734M (72%)         402M (39%)    
[118.920s][info][gc,heap     ] GC(489)      Live:         -               304M (30%)         304M (30%)         304M (30%)            -                  -          
[118.920s][info][gc,heap     ] GC(489) Allocated:         -                34M (3%)           34M (3%)           33M (3%)             -                  -          
[118.920s][info][gc,heap     ] GC(489)   Garbage:         -               347M (34%)         347M (34%)          64M (6%)             -                  -          
[118.920s][info][gc,heap     ] GC(489) Reclaimed:         -                  -                 0M (0%)          283M (28%)            -                  -          
[118.920s][info][gc          ] GC(489) Garbage Collection (Allocation Rate) 652M(64%)->402M(39%)
[119.007s][info][gc,start    ] GC(490) Garbage Collection (Allocation Rate)
[119.007s][info][gc,task     ] GC(490) Using 10 workers
[119.007s][info][gc,phases   ] GC(490) Pause Mark Start 0.017ms
[119.194s][info][gc,phases   ] GC(490) Concurrent Mark 187.073ms
[119.194s][info][gc,phases   ] GC(490) Pause Mark End 0.033ms
[119.194s][info][gc,phases   ] GC(490) Concurrent Mark Free 0.002ms
[119.197s][info][gc,phases   ] GC(490) Concurrent Process Non-Strong References 2.454ms
[119.197s][info][gc,phases   ] GC(490) Concurrent Reset Relocation Set 0.041ms
[119.203s][info][gc,phases   ] GC(490) Concurrent Select Relocation Set 6.078ms
[119.203s][info][gc,phases   ] GC(490) Pause Relocate Start 0.013ms
[119.212s][info][gc,phases   ] GC(490) Concurrent Relocate 8.976ms
[119.212s][info][gc,load     ] GC(490) Load: 0.00/0.00/0.00
[119.212s][info][gc,mmu      ] GC(490) MMU: 2ms/96.1%, 5ms/98.4%, 10ms/99.2%, 20ms/99.6%, 50ms/99.8%, 100ms/99.9%
[119.212s][info][gc,marking  ] GC(490) Mark: 8 stripe(s), 2 proactive flush(es), 1 terminate flush(es), 0 completion(s), 0 continuation(s) 
[119.212s][info][gc,marking  ] GC(490) Mark Stack Usage: 32M
[119.212s][info][gc,nmethod  ] GC(490) NMethods: 6496 registered, 104 unregistered
[119.212s][info][gc,metaspace] GC(490) Metaspace: 65M used, 66M committed, 1088M reserved
[119.212s][info][gc,ref      ] GC(490) Soft: 2717 encountered, 0 discovered, 0 enqueued
[119.212s][info][gc,ref      ] GC(490) Weak: 6293 encountered, 1415 discovered, 0 enqueued
[119.212s][info][gc,ref      ] GC(490) Final: 62 encountered, 1 discovered, 0 enqueued
[119.212s][info][gc,ref      ] GC(490) Phantom: 617 encountered, 592 discovered, 0 enqueued
[119.212s][info][gc,reloc    ] GC(490) Small Pages: 149 / 298M, Empty: 0M, Relocated: 3M, In-Place: 0
[119.213s][info][gc,reloc    ] GC(490) Medium Pages: 2 / 64M, Empty: 0M, Relocated: 18M, In-Place: 0
[119.213s][info][gc,reloc    ] GC(490) Large Pages: 4 / 40M, Empty: 0M, Relocated: 0M, In-Place: 0
[119.213s][info][gc,reloc    ] GC(490) Forwarding Usage: 3M
[119.213s][info][gc,heap     ] GC(490) Min Capacity: 8M(1%)
[119.213s][info][gc,heap     ] GC(490) Max Capacity: 1024M(100%)
[119.213s][info][gc,heap     ] GC(490) Soft Max Capacity: 1024M(100%)
[119.213s][info][gc,heap     ] GC(490)                Mark Start          Mark End        Relocate Start      Relocate End           High               Low         
[119.213s][info][gc,heap     ] GC(490)  Capacity:     1024M (100%)       1024M (100%)       1024M (100%)       1024M (100%)       1024M (100%)       1024M (100%)   
[119.213s][info][gc,heap     ] GC(490)      Free:      622M (61%)         574M (56%)         572M (56%)         602M (59%)         622M (61%)         534M (52%)    
[119.213s][info][gc,heap     ] GC(490)      Used:      402M (39%)         450M (44%)         452M (44%)         422M (41%)         490M (48%)         402M (39%)    
[119.213s][info][gc,heap     ] GC(490)      Live:         -               311M (30%)         311M (30%)         311M (30%)            -                  -          
[119.213s][info][gc,heap     ] GC(490) Allocated:         -                48M (5%)           50M (5%)           51M (5%)             -                  -          
[119.213s][info][gc,heap     ] GC(490)   Garbage:         -                90M (9%)           90M (9%)           58M (6%)             -                  -          
[119.213s][info][gc,heap     ] GC(490) Reclaimed:         -                  -                 0M (0%)           31M (3%)             -                  -          
[119.213s][info][gc          ] GC(490) Garbage Collection (Allocation Rate) 402M(39%)->422M(41%)
[119.303s][info][gc,start    ] GC(491) Garbage Collection (Allocation Rate)
[119.303s][info][gc,task     ] GC(491) Using 10 workers
[119.304s][info][gc,phases   ] GC(491) Pause Mark Start 0.014ms
[119.429s][info][gc,phases   ] GC(491) Concurrent Mark 125.688ms
[119.430s][info][gc,phases   ] GC(491) Pause Mark End 0.057ms
[119.430s][info][gc,phases   ] GC(491) Concurrent Mark Free 0.001ms
[119.445s][info][gc,phases   ] GC(491) Concurrent Process Non-Strong References 15.470ms
[119.445s][info][gc,phases   ] GC(491) Concurrent Reset Relocation Set 0.002ms
[119.472s][info][gc,phases   ] GC(491) Concurrent Select Relocation Set 26.780ms
[119.472s][info][gc,phases   ] GC(491) Pause Relocate Start 0.010ms
[119.506s][info][gc,phases   ] GC(491) Concurrent Relocate 33.854ms
[119.506s][info][gc,load     ] GC(491) Load: 0.00/0.00/0.00
[119.506s][info][gc,mmu      ] GC(491) MMU: 2ms/96.1%, 5ms/98.4%, 10ms/99.2%, 20ms/99.6%, 50ms/99.8%, 100ms/99.9%
[119.506s][info][gc,marking  ] GC(491) Mark: 8 stripe(s), 2 proactive flush(es), 1 terminate flush(es), 1 completion(s), 0 continuation(s) 
[119.506s][info][gc,marking  ] GC(491) Mark Stack Usage: 32M
[119.506s][info][gc,nmethod  ] GC(491) NMethods: 6517 registered, 106 unregistered
[119.506s][info][gc,metaspace] GC(491) Metaspace: 65M used, 66M committed, 1088M reserved
[119.506s][info][gc,ref      ] GC(491) Soft: 2831 encountered, 0 discovered, 0 enqueued
[119.506s][info][gc,ref      ] GC(491) Weak: 6132 encountered, 705 discovered, 80 enqueued
[119.506s][info][gc,ref      ] GC(491) Final: 62 encountered, 48 discovered, 0 enqueued
[119.506s][info][gc,ref      ] GC(491) Phantom: 618 encountered, 593 discovered, 0 enqueued
[119.506s][info][gc,reloc    ] GC(491) Small Pages: 175 / 350M, Empty: 28M, Relocated: 69M, In-Place: 0
[119.506s][info][gc,reloc    ] GC(491) Medium Pages: 2 / 64M, Empty: 32M, Relocated: 0M, In-Place: 0
[119.506s][info][gc,reloc    ] GC(491) Large Pages: 4 / 40M, Empty: 10M, Relocated: 0M, In-Place: 0
[119.506s][info][gc,reloc    ] GC(491) Forwarding Usage: 62M
[119.506s][info][gc,heap     ] GC(491) Min Capacity: 8M(1%)
[119.506s][info][gc,heap     ] GC(491) Max Capacity: 1024M(100%)
[119.506s][info][gc,heap     ] GC(491) Soft Max Capacity: 1024M(100%)
[119.506s][info][gc,heap     ] GC(491)                Mark Start          Mark End        Relocate Start      Relocate End           High               Low         
[119.506s][info][gc,heap     ] GC(491)  Capacity:     1024M (100%)       1024M (100%)       1024M (100%)       1024M (100%)       1024M (100%)       1024M (100%)   
[119.506s][info][gc,heap     ] GC(491)      Free:      570M (56%)         542M (53%)         586M (57%)         576M (56%)         610M (60%)         540M (53%)    
[119.506s][info][gc,heap     ] GC(491)      Used:      454M (44%)         482M (47%)         438M (43%)         448M (44%)         484M (47%)         414M (40%)    
[119.506s][info][gc,heap     ] GC(491)      Live:         -               269M (26%)         269M (26%)         269M (26%)            -                  -          
[119.506s][info][gc,heap     ] GC(491) Allocated:         -                28M (3%)           54M (5%)          137M (13%)            -                  -          
[119.506s][info][gc,heap     ] GC(491)   Garbage:         -               184M (18%)         114M (11%)          40M (4%)             -                  -          
[119.506s][info][gc,heap     ] GC(491) Reclaimed:         -                  -                70M (7%)          143M (14%)            -                  -          
[119.506s][info][gc          ] GC(491) Garbage Collection (Allocation Rate) 454M(44%)->448M(44%)
[119.507s][info][gc,start    ] GC(492) Garbage Collection (Allocation Rate)
[119.508s][info][gc,task     ] GC(492) Using 10 workers
[119.508s][info][gc,phases   ] GC(492) Pause Mark Start 0.009ms
[119.586s][info][gc,phases   ] GC(492) Concurrent Mark 77.931ms
[119.586s][info][gc,phases   ] GC(492) Pause Mark End 0.026ms
[119.586s][info][gc,phases   ] GC(492) Concurrent Mark Free 0.001ms
[119.598s][info][gc,phases   ] GC(492) Concurrent Process Non-Strong References 12.669ms
[119.599s][info][gc,phases   ] GC(492) Concurrent Reset Relocation Set 0.017ms
[119.606s][info][gc,phases   ] GC(492) Concurrent Select Relocation Set 7.490ms
[119.606s][info][gc,phases   ] GC(492) Pause Relocate Start 0.011ms
[119.623s][info][gc,phases   ] GC(492) Concurrent Relocate 17.208ms
[119.624s][info][gc,load     ] GC(492) Load: 0.00/0.00/0.00
[119.624s][info][gc,mmu      ] GC(492) MMU: 2ms/96.1%, 5ms/98.4%, 10ms/99.2%, 20ms/99.6%, 50ms/99.8%, 100ms/99.9%
[119.624s][info][gc,marking  ] GC(492) Mark: 8 stripe(s), 2 proactive flush(es), 1 terminate flush(es), 0 completion(s), 0 continuation(s) 
[119.624s][info][gc,marking  ] GC(492) Mark Stack Usage: 32M
[119.624s][info][gc,nmethod  ] GC(492) NMethods: 6517 registered, 108 unregistered
[119.624s][info][gc,metaspace] GC(492) Metaspace: 65M used, 66M committed, 1088M reserved
[119.624s][info][gc,ref      ] GC(492) Soft: 3120 encountered, 0 discovered, 0 enqueued
[119.624s][info][gc,ref      ] GC(492) Weak: 6627 encountered, 1828 discovered, 202 enqueued
[119.624s][info][gc,ref      ] GC(492) Final: 62 encountered, 0 discovered, 0 enqueued
[119.624s][info][gc,ref      ] GC(492) Phantom: 621 encountered, 408 discovered, 0 enqueued
[119.624s][info][gc,reloc    ] GC(492) Small Pages: 175 / 350M, Empty: 46M, Relocated: 12M, In-Place: 0
[119.624s][info][gc,reloc    ] GC(492) Medium Pages: 2 / 64M, Empty: 0M, Relocated: 19M, In-Place: 0
[119.624s][info][gc,reloc    ] GC(492) Large Pages: 4 / 36M, Empty: 36M, Relocated: 0M, In-Place: 0
[119.624s][info][gc,reloc    ] GC(492) Forwarding Usage: 9M
[119.624s][info][gc,heap     ] GC(492) Min Capacity: 8M(1%)
[119.624s][info][gc,heap     ] GC(492) Max Capacity: 1024M(100%)
[119.624s][info][gc,heap     ] GC(492) Soft Max Capacity: 1024M(100%)
[119.624s][info][gc,heap     ] GC(492)                Mark Start          Mark End        Relocate Start      Relocate End           High               Low         
[119.624s][info][gc,heap     ] GC(492)  Capacity:     1024M (100%)       1024M (100%)       1024M (100%)       1024M (100%)       1024M (100%)       1024M (100%)   
[119.624s][info][gc,heap     ] GC(492)      Free:      574M (56%)         460M (45%)         530M (52%)         678M (66%)         678M (66%)         446M (44%)    
[119.624s][info][gc,heap     ] GC(492)      Used:      450M (44%)         564M (55%)         494M (48%)         346M (34%)         578M (56%)         346M (34%)    
[119.624s][info][gc,heap     ] GC(492)      Live:         -               182M (18%)         182M (18%)         182M (18%)            -                  -          
[119.624s][info][gc,heap     ] GC(492) Allocated:         -               114M (11%)         126M (12%)         131M (13%)            -                  -          
[119.624s][info][gc,heap     ] GC(492)   Garbage:         -               267M (26%)         185M (18%)          31M (3%)             -                  -          
[119.624s][info][gc,heap     ] GC(492) Reclaimed:         -                  -                82M (8%)          235M (23%)            -                  -          
[119.624s][info][gc          ] GC(492) Garbage Collection (Allocation Rate) 450M(44%)->346M(34%)
[119.711s][info][gc,start    ] GC(493) Garbage Collection (Allocation Rate)
[119.711s][info][gc,task     ] GC(493) Using 10 workers
[119.711s][info][gc,phases   ] GC(493) Pause Mark Start 0.015ms
[119.820s][info][gc,phases   ] GC(493) Concurrent Mark 108.911ms
[119.820s][info][gc,phases   ] GC(493) Pause Mark End 0.033ms
[119.820s][info][gc,phases   ] GC(493) Concurrent Mark Free 0.001ms
[119.823s][info][gc,phases   ] GC(493) Concurrent Process Non-Strong References 2.444ms
[119.823s][info][gc,phases   ] GC(493) Concurrent Reset Relocation Set 0.011ms
[119.840s][info][gc,phases   ] GC(493) Concurrent Select Relocation Set 17.136ms
[119.840s][info][gc,phases   ] GC(493) Pause Relocate Start 0.008ms
[119.861s][info][gc,phases   ] GC(493) Concurrent Relocate 20.585ms
[119.861s][info][gc,load     ] GC(493) Load: 0.00/0.00/0.00
[119.861s][info][gc,mmu      ] GC(493) MMU: 2ms/96.1%, 5ms/98.4%, 10ms/99.2%, 20ms/99.6%, 50ms/99.8%, 100ms/99.9%
[119.861s][info][gc,marking  ] GC(493) Mark: 8 stripe(s), 4 proactive flush(es), 1 terminate flush(es), 0 completion(s), 0 continuation(s) 
[119.861s][info][gc,marking  ] GC(493) Mark Stack Usage: 32M
[119.861s][info][gc,nmethod  ] GC(493) NMethods: 6517 registered, 108 unregistered
[119.861s][info][gc,metaspace] GC(493) Metaspace: 65M used, 66M committed, 1088M reserved
[119.861s][info][gc,ref      ] GC(493) Soft: 3124 encountered, 0 discovered, 0 enqueued
[119.861s][info][gc,ref      ] GC(493) Weak: 6431 encountered, 1447 discovered, 49 enqueued
[119.861s][info][gc,ref      ] GC(493) Final: 62 encountered, 3 discovered, 0 enqueued
[119.861s][info][gc,ref      ] GC(493) Phantom: 617 encountered, 494 discovered, 0 enqueued
[119.861s][info][gc,reloc    ] GC(493) Small Pages: 154 / 308M, Empty: 0M, Relocated: 25M, In-Place: 0
[119.861s][info][gc,reloc    ] GC(493) Medium Pages: 2 / 64M, Empty: 32M, Relocated: 0M, In-Place: 0
[119.861s][info][gc,reloc    ] GC(493) Large Pages: 4 / 24M, Empty: 0M, Relocated: 0M, In-Place: 0
[119.861s][info][gc,reloc    ] GC(493) Forwarding Usage: 25M
[119.861s][info][gc,heap     ] GC(493) Min Capacity: 8M(1%)
[119.861s][info][gc,heap     ] GC(493) Max Capacity: 1024M(100%)
[119.861s][info][gc,heap     ] GC(493) Soft Max Capacity: 1024M(100%)
[119.861s][info][gc,heap     ] GC(493)                Mark Start          Mark End        Relocate Start      Relocate End           High               Low         
[119.861s][info][gc,heap     ] GC(493)  Capacity:     1024M (100%)       1024M (100%)       1024M (100%)       1024M (100%)       1024M (100%)       1024M (100%)   
[119.861s][info][gc,heap     ] GC(493)      Free:      628M (61%)         366M (36%)         368M (36%)         460M (45%)         628M (61%)         348M (34%)    
[119.861s][info][gc,heap     ] GC(493)      Used:      396M (39%)         658M (64%)         656M (64%)         564M (55%)         676M (66%)         396M (39%)    
[119.861s][info][gc,heap     ] GC(493)      Live:         -               214M (21%)         214M (21%)         214M (21%)            -                  -          
[119.861s][info][gc,heap     ] GC(493) Allocated:         -               262M (26%)         292M (29%)         309M (30%)            -                  -          
[119.861s][info][gc,heap     ] GC(493)   Garbage:         -               181M (18%)         149M (15%)          40M (4%)             -                  -          
[119.861s][info][gc,heap     ] GC(493) Reclaimed:         -                  -                32M (3%)          141M (14%)            -                  -          
[119.862s][info][gc          ] GC(493) Garbage Collection (Allocation Rate) 396M(39%)->564M(55%)
[119.914s][info][gc,start    ] GC(494) Garbage Collection (Allocation Rate)
[119.914s][info][gc,task     ] GC(494) Using 10 workers
[119.914s][info][gc,phases   ] GC(494) Pause Mark Start 0.016ms
[120.054s][info][gc,phases   ] GC(494) Concurrent Mark 140.335ms
[120.055s][info][gc,phases   ] GC(494) Pause Mark End 0.036ms
[120.055s][info][gc,phases   ] GC(494) Concurrent Mark Free 0.001ms
[120.057s][info][gc,phases   ] GC(494) Concurrent Process Non-Strong References 2.772ms
[120.058s][info][gc,phases   ] GC(494) Concurrent Reset Relocation Set 0.019ms
[120.093s][info][gc,phases   ] GC(494) Concurrent Select Relocation Set 35.681ms
[120.093s][info][gc,phases   ] GC(494) Pause Relocate Start 0.015ms
[120.117s][info][gc,stats    ] === Garbage Collection Statistics =======================================================================================================================
[120.117s][info][gc,stats    ]                                                              Last 10s              Last 10m              Last 10h                Total
[120.117s][info][gc,stats    ]                                                              Avg / Max             Avg / Max             Avg / Max             Avg / Max
[120.117s][info][gc,stats    ]   Collector: Garbage Collection Cycle                    159.937 / 219.163     157.366 / 1546.086    157.366 / 1546.086    157.366 / 1546.086    ms
[120.117s][info][gc,stats    ]  Contention: Mark Segment Reset Contention                    43 / 114              40 / 443              40 / 443              40 / 443         ops/s
[120.117s][info][gc,stats    ]  Contention: Mark SeqNum Reset Contention                      3 / 6                 3 / 9                 3 / 9                 3 / 9           ops/s
[120.117s][info][gc,stats    ]    Critical: Allocation Stall                                  0 / 4                 0 / 10                0 / 10                0 / 10          ops/s
[120.117s][info][gc,stats    ]    Critical: Allocation Stall                             82.582 / 96.651       60.494 / 105.181      60.494 / 105.181      60.494 / 105.181     ms
[120.117s][info][gc,stats    ]    Critical: GC Locker Stall                                   0 / 0                 0 / 1                 0 / 1                 0 / 1           ops/s
[120.117s][info][gc,stats    ]    Critical: GC Locker Stall                               0.000 / 0.000         0.001 / 0.001         0.001 / 0.001         0.001 / 0.001       ms
[120.117s][info][gc,stats    ]    Critical: Relocation Stall                                  0 / 4                 0 / 7                 0 / 7                 0 / 7           ops/s
[120.117s][info][gc,stats    ]    Critical: Relocation Stall                             12.020 / 13.413        9.527 / 15.155        9.527 / 15.155        9.527 / 15.155      ms
[120.117s][info][gc,stats    ]      Memory: Allocation Rate                                1222 / 1838           1065 / 2754           1065 / 2754           1065 / 2754        MB/s
[120.117s][info][gc,stats    ]      Memory: Defragment                                       18 / 59               15 / 110              15 / 110              15 / 110         ops/s
[120.117s][info][gc,stats    ]      Memory: Out Of Memory                                     0 / 0                 0 / 0                 0 / 0                 0 / 0           ops/s
[120.117s][info][gc,stats    ]      Memory: Page Cache Flush                                 93 / 226              73 / 478              73 / 478              73 / 478         MB/s
[120.117s][info][gc,stats    ]      Memory: Page Cache Hit L1                               604 / 941             526 / 1477            526 / 1477            526 / 1477        ops/s
[120.117s][info][gc,stats    ]      Memory: Page Cache Hit L2                                 0 / 0                 0 / 0                 0 / 0                 0 / 0           ops/s
[120.117s][info][gc,stats    ]      Memory: Page Cache Hit L3                                18 / 43               18 / 226              18 / 226              18 / 226         ops/s
[120.117s][info][gc,stats    ]      Memory: Page Cache Miss                                   2 / 10                2 / 31                2 / 31                2 / 31          ops/s
[120.117s][info][gc,stats    ]      Memory: Uncommit                                          0 / 0                 0 / 0                 0 / 0                 0 / 0           MB/s
[120.117s][info][gc,stats    ]      Memory: Undo Object Allocation Failed                    12 / 62               19 / 399              19 / 399              19 / 399         ops/s
[120.117s][info][gc,stats    ]      Memory: Undo Object Allocation Succeeded                 11 / 36               21 / 339              21 / 339              21 / 339         ops/s
[120.117s][info][gc,stats    ]      Memory: Undo Page Allocation                             34 / 75               27 / 116              27 / 116              27 / 116         ops/s
[120.117s][info][gc,stats    ]       Phase: Concurrent Mark                             126.465 / 187.073     126.948 / 1535.632    126.948 / 1535.632    126.948 / 1535.632    ms
[120.117s][info][gc,stats    ]       Phase: Concurrent Mark Continue                      0.000 / 0.000         0.000 / 0.000         0.000 / 0.000         0.000 / 0.000       ms
[120.117s][info][gc,stats    ]       Phase: Concurrent Mark Free                          0.001 / 0.002         0.001 / 0.002         0.001 / 0.002         0.001 / 0.002       ms
[120.117s][info][gc,stats    ]       Phase: Concurrent Process Non-Strong References      4.016 / 15.470        2.907 / 18.230        2.907 / 18.230        2.907 / 18.230      ms
[120.117s][info][gc,stats    ]       Phase: Concurrent Relocate                          16.077 / 39.725       14.428 / 82.400       14.428 / 82.400       14.428 / 82.400      ms
[120.117s][info][gc,stats    ]       Phase: Concurrent Reset Relocation Set               0.019 / 0.052         0.018 / 0.062         0.018 / 0.062         0.018 / 0.062       ms
[120.118s][info][gc,stats    ]       Phase: Concurrent Select Relocation Set             12.170 / 35.681       10.731 / 43.730       10.731 / 43.730       10.731 / 43.730      ms
[120.118s][info][gc,stats    ]       Phase: Pause Mark End                                0.028 / 0.057         0.025 / 0.064         0.025 / 0.064         0.025 / 0.064       ms
[120.118s][info][gc,stats    ]       Phase: Pause Mark Start                              0.016 / 0.078         0.015 / 0.079         0.015 / 0.079         0.015 / 0.079       ms
[120.118s][info][gc,stats    ]       Phase: Pause Relocate Start                          0.010 / 0.016         0.010 / 0.019         0.010 / 0.019         0.010 / 0.019       ms
[120.118s][info][gc,stats    ]    Subphase: Concurrent Classes Purge                      0.042 / 0.682         0.075 / 6.129         0.075 / 6.129         0.075 / 6.129       ms
[120.118s][info][gc,stats    ]    Subphase: Concurrent Classes Unlink                     2.836 / 13.993        2.172 / 16.835        2.172 / 16.835        2.172 / 16.835      ms
[120.118s][info][gc,stats    ]    Subphase: Concurrent Mark                             119.116 / 180.880     119.309 / 1532.438    119.309 / 1532.438    119.309 / 1532.438    ms
[120.118s][info][gc,stats    ]    Subphase: Concurrent Mark Try Flush                     0.151 / 0.694         0.138 / 8.969         0.138 / 8.969         0.138 / 8.969       ms
[120.118s][info][gc,stats    ]    Subphase: Concurrent Mark Try Terminate                 7.581 / 16.630        8.665 / 17.022        8.665 / 17.022        8.665 / 17.022      ms
[120.118s][info][gc,stats    ]    Subphase: Concurrent References Enqueue                 0.001 / 0.005         0.001 / 0.015         0.001 / 0.015         0.001 / 0.015       ms
[120.118s][info][gc,stats    ]    Subphase: Concurrent References Process                 0.122 / 0.255         0.120 / 0.389         0.120 / 0.389         0.120 / 0.389       ms
[120.118s][info][gc,stats    ]    Subphase: Concurrent Roots ClassLoaderDataGraph         0.103 / 0.743         0.098 / 0.786         0.098 / 0.786         0.098 / 0.786       ms
[120.118s][info][gc,stats    ]    Subphase: Concurrent Roots CodeCache                    0.000 / 0.000         0.000 / 0.000         0.000 / 0.000         0.000 / 0.000       ms
[120.118s][info][gc,stats    ]    Subphase: Concurrent Roots JavaThreads                  5.250 / 6.975         7.028 / 12.055        7.028 / 12.055        7.028 / 12.055      ms
[120.118s][info][gc,stats    ]    Subphase: Concurrent Roots OopStorageSet                0.034 / 0.055         0.030 / 0.343         0.030 / 0.343         0.030 / 0.343       ms
[120.118s][info][gc,stats    ]    Subphase: Concurrent Weak Roots OopStorageSet           0.231 / 0.377         0.230 / 1.280         0.230 / 1.280         0.230 / 1.280       ms
[120.118s][info][gc,stats    ]    Subphase: Pause Mark Try Complete                       0.001 / 0.003         0.001 / 0.005         0.001 / 0.005         0.001 / 0.005       ms
[120.118s][info][gc,stats    ]      System: Java Threads                                    272 / 277             220 / 281             220 / 281             220 / 281         threads
[120.118s][info][gc,stats    ] =========================================================================================================================================================
[120.121s][info][gc,phases   ] GC(494) Concurrent Relocate 27.859ms
[120.121s][info][gc,load     ] GC(494) Load: 0.00/0.00/0.00
[120.122s][info][gc,mmu      ] GC(494) MMU: 2ms/96.1%, 5ms/98.4%, 10ms/99.2%, 20ms/99.6%, 50ms/99.8%, 100ms/99.9%
[120.122s][info][gc,marking  ] GC(494) Mark: 8 stripe(s), 3 proactive flush(es), 1 terminate flush(es), 0 completion(s), 0 continuation(s) 
[120.122s][info][gc,marking  ] GC(494) Mark Stack Usage: 32M
[120.122s][info][gc,nmethod  ] GC(494) NMethods: 6519 registered, 108 unregistered
[120.122s][info][gc,metaspace] GC(494) Metaspace: 65M used, 66M committed, 1088M reserved
[120.122s][info][gc,ref      ] GC(494) Soft: 3127 encountered, 0 discovered, 0 enqueued
[120.122s][info][gc,ref      ] GC(494) Weak: 6383 encountered, 2281 discovered, 0 enqueued
[120.122s][info][gc,ref      ] GC(494) Final: 62 encountered, 37 discovered, 0 enqueued
[120.122s][info][gc,ref      ] GC(494) Phantom: 621 encountered, 489 discovered, 0 enqueued
[120.122s][info][gc,reloc    ] GC(494) Small Pages: 236 / 472M, Empty: 0M, Relocated: 69M, In-Place: 0
[120.122s][info][gc,reloc    ] GC(494) Medium Pages: 2 / 64M, Empty: 32M, Relocated: 0M, In-Place: 0
[120.122s][info][gc,reloc    ] GC(494) Large Pages: 8 / 48M, Empty: 0M, Relocated: 0M, In-Place: 0
[120.122s][info][gc,reloc    ] GC(494) Forwarding Usage: 38M
[120.122s][info][gc,heap     ] GC(494) Min Capacity: 8M(1%)
[120.122s][info][gc,heap     ] GC(494) Max Capacity: 1024M(100%)
[120.122s][info][gc,heap     ] GC(494) Soft Max Capacity: 1024M(100%)
[120.122s][info][gc,heap     ] GC(494)                Mark Start          Mark End        Relocate Start      Relocate End           High               Low         
[120.122s][info][gc,heap     ] GC(494)  Capacity:     1024M (100%)       1024M (100%)       1024M (100%)       1024M (100%)       1024M (100%)       1024M (100%)   
[120.122s][info][gc,heap     ] GC(494)      Free:      440M (43%)         284M (28%)         214M (21%)         380M (37%)         440M (43%)         194M (19%)    
[120.122s][info][gc,heap     ] GC(494)      Used:      584M (57%)         740M (72%)         810M (79%)         644M (63%)         830M (81%)         584M (57%)    
[120.122s][info][gc,heap     ] GC(494)      Live:         -               303M (30%)         303M (30%)         303M (30%)            -                  -          
[120.122s][info][gc,heap     ] GC(494) Allocated:         -               156M (15%)         258M (25%)         296M (29%)            -                  -          
[120.122s][info][gc,heap     ] GC(494)   Garbage:         -               280M (27%)         248M (24%)          43M (4%)             -                  -          
[120.122s][info][gc,heap     ] GC(494) Reclaimed:         -                  -                32M (3%)          236M (23%)            -                  -          
[120.122s][info][gc          ] GC(494) Garbage Collection (Allocation Rate) 584M(57%)->644M(63%)
[120.210s][info][gc,start    ] GC(495) Garbage Collection (Allocation Rate)
[120.211s][info][gc,task     ] GC(495) Using 10 workers
[120.211s][info][gc,phases   ] GC(495) Pause Mark Start 0.017ms
[120.351s][info][gc,phases   ] GC(495) Concurrent Mark 140.169ms
[120.351s][info][gc,phases   ] GC(495) Pause Mark End 0.023ms
[120.351s][info][gc,phases   ] GC(495) Concurrent Mark Free 0.001ms
[120.354s][info][gc,phases   ] GC(495) Concurrent Process Non-Strong References 2.276ms
[120.354s][info][gc,phases   ] GC(495) Concurrent Reset Relocation Set 0.030ms
[120.357s][info][gc          ] Allocation Stall (Executor task launch worker for task 1.0 in stage 119.0 (TID 225)) 54.224ms
[120.357s][info][gc          ] Allocation Stall (Executor task launch worker for task 0.0 in stage 119.0 (TID 224)) 55.423ms
[120.357s][info][gc          ] Allocation Stall (Executor task launch worker for task 3.0 in stage 119.0 (TID 227)) 54.606ms
[120.357s][info][gc          ] Allocation Stall (Executor task launch worker for task 2.0 in stage 119.0 (TID 226)) 54.881ms
[120.359s][info][gc,phases   ] GC(495) Concurrent Select Relocation Set 5.729ms
[120.360s][info][gc,phases   ] GC(495) Pause Relocate Start 0.010ms
[120.383s][info][gc,phases   ] GC(495) Concurrent Relocate 23.169ms
[120.383s][info][gc,load     ] GC(495) Load: 0.00/0.00/0.00
[120.383s][info][gc,mmu      ] GC(495) MMU: 2ms/96.1%, 5ms/98.4%, 10ms/99.2%, 20ms/99.6%, 50ms/99.8%, 100ms/99.9%
[120.383s][info][gc,marking  ] GC(495) Mark: 8 stripe(s), 2 proactive flush(es), 1 terminate flush(es), 0 completion(s), 0 continuation(s) 
[120.383s][info][gc,marking  ] GC(495) Mark Stack Usage: 32M
[120.383s][info][gc,nmethod  ] GC(495) NMethods: 6519 registered, 110 unregistered
[120.383s][info][gc,metaspace] GC(495) Metaspace: 65M used, 66M committed, 1088M reserved
[120.383s][info][gc,ref      ] GC(495) Soft: 3127 encountered, 0 discovered, 0 enqueued
[120.383s][info][gc,ref      ] GC(495) Weak: 6384 encountered, 2892 discovered, 0 enqueued
[120.383s][info][gc,ref      ] GC(495) Final: 62 encountered, 2 discovered, 0 enqueued
[120.383s][info][gc,ref      ] GC(495) Phantom: 617 encountered, 554 discovered, 0 enqueued
[120.383s][info][gc,reloc    ] GC(495) Small Pages: 385 / 770M, Empty: 20M, Relocated: 50M, In-Place: 3
[120.383s][info][gc,reloc    ] GC(495) Medium Pages: 2 / 64M, Empty: 0M, Relocated: 12M, In-Place: 0
[120.383s][info][gc,reloc    ] GC(495) Large Pages: 8 / 48M, Empty: 24M, Relocated: 0M, In-Place: 0
[120.383s][info][gc,reloc    ] GC(495) Forwarding Usage: 32M
[120.383s][info][gc,heap     ] GC(495) Min Capacity: 8M(1%)
[120.383s][info][gc,heap     ] GC(495) Max Capacity: 1024M(100%)
[120.383s][info][gc,heap     ] GC(495) Soft Max Capacity: 1024M(100%)
[120.383s][info][gc,heap     ] GC(495)                Mark Start          Mark End        Relocate Start      Relocate End           High               Low         
[120.383s][info][gc,heap     ] GC(495)  Capacity:     1024M (100%)       1024M (100%)       1024M (100%)       1024M (100%)       1024M (100%)       1024M (100%)   
[120.383s][info][gc,heap     ] GC(495)      Free:      142M (14%)           0M (0%)           42M (4%)          538M (53%)         538M (53%)           0M (0%)     
[120.383s][info][gc,heap     ] GC(495)      Used:      882M (86%)        1024M (100%)        982M (96%)         486M (47%)        1024M (100%)        486M (47%)    
[120.383s][info][gc,heap     ] GC(495)      Live:         -               294M (29%)         294M (29%)         294M (29%)            -                  -          
[120.383s][info][gc,heap     ] GC(495) Allocated:         -               142M (14%)         144M (14%)         147M (14%)            -                  -          
[120.383s][info][gc,heap     ] GC(495)   Garbage:         -               587M (57%)         543M (53%)          43M (4%)             -                  -          
[120.383s][info][gc,heap     ] GC(495) Reclaimed:         -                  -                44M (4%)          543M (53%)            -                  -          
[120.383s][info][gc          ] GC(495) Garbage Collection (Allocation Rate) 882M(86%)->486M(47%)
[120.414s][info][gc,start    ] GC(496) Garbage Collection (Allocation Stall)
[120.414s][info][gc,ref      ] GC(496) Clearing All SoftReferences
[120.414s][info][gc,task     ] GC(496) Using 10 workers
[120.414s][info][gc,ref      ] GC(496) Clearing All SoftReferences
[120.414s][info][gc,phases   ] GC(496) Pause Mark Start 0.064ms
[120.554s][info][gc,phases   ] GC(496) Concurrent Mark 140.219ms
[120.554s][info][gc,phases   ] GC(496) Pause Mark End 0.024ms
[120.554s][info][gc,phases   ] GC(496) Concurrent Mark Free 0.001ms
[120.568s][info][gc,phases   ] GC(496) Concurrent Process Non-Strong References 13.896ms
[120.568s][info][gc,phases   ] GC(496) Concurrent Reset Relocation Set 0.046ms
[120.573s][info][gc,phases   ] GC(496) Concurrent Select Relocation Set 4.853ms
[120.573s][info][gc,phases   ] GC(496) Pause Relocate Start 0.012ms
[120.586s][info][gc,phases   ] GC(496) Concurrent Relocate 12.514ms
[120.586s][info][gc,load     ] GC(496) Load: 0.00/0.00/0.00
[120.586s][info][gc,mmu      ] GC(496) MMU: 2ms/96.1%, 5ms/98.4%, 10ms/99.2%, 20ms/99.6%, 50ms/99.8%, 100ms/99.9%
[120.586s][info][gc,marking  ] GC(496) Mark: 8 stripe(s), 2 proactive flush(es), 1 terminate flush(es), 0 completion(s), 0 continuation(s) 
[120.586s][info][gc,marking  ] GC(496) Mark Stack Usage: 32M
[120.586s][info][gc,nmethod  ] GC(496) NMethods: 6519 registered, 111 unregistered
[120.586s][info][gc,metaspace] GC(496) Metaspace: 65M used, 66M committed, 1088M reserved
[120.586s][info][gc,ref      ] GC(496) Soft: 3045 encountered, 2569 discovered, 335 enqueued
[120.586s][info][gc,ref      ] GC(496) Weak: 6314 encountered, 1238 discovered, 33 enqueued
[120.586s][info][gc,ref      ] GC(496) Final: 62 encountered, 0 discovered, 0 enqueued
[120.586s][info][gc,ref      ] GC(496) Phantom: 621 encountered, 600 discovered, 0 enqueued
[120.586s][info][gc,reloc    ] GC(496) Small Pages: 205 / 410M, Empty: 0M, Relocated: 15M, In-Place: 0
[120.586s][info][gc,reloc    ] GC(496) Medium Pages: 2 / 64M, Empty: 0M, Relocated: 17M, In-Place: 0
[120.586s][info][gc,reloc    ] GC(496) Large Pages: 4 / 24M, Empty: 0M, Relocated: 0M, In-Place: 0
[120.586s][info][gc,reloc    ] GC(496) Forwarding Usage: 10M
[120.586s][info][gc,heap     ] GC(496) Min Capacity: 8M(1%)
[120.586s][info][gc,heap     ] GC(496) Max Capacity: 1024M(100%)
[120.586s][info][gc,heap     ] GC(496) Soft Max Capacity: 1024M(100%)
[120.586s][info][gc,heap     ] GC(496)                Mark Start          Mark End        Relocate Start      Relocate End           High               Low         
[120.586s][info][gc,heap     ] GC(496)  Capacity:     1024M (100%)       1024M (100%)       1024M (100%)       1024M (100%)       1024M (100%)       1024M (100%)   
[120.586s][info][gc,heap     ] GC(496)      Free:      526M (51%)         470M (46%)         464M (45%)         608M (59%)         608M (59%)         414M (40%)    
[120.586s][info][gc,heap     ] GC(496)      Used:      498M (49%)         554M (54%)         560M (55%)         416M (41%)         610M (60%)         416M (41%)    
[120.586s][info][gc,heap     ] GC(496)      Live:         -               307M (30%)         307M (30%)         307M (30%)            -                  -          
[120.586s][info][gc,heap     ] GC(496) Allocated:         -                56M (5%)           62M (6%)           65M (6%)             -                  -          
[120.586s][info][gc,heap     ] GC(496)   Garbage:         -               190M (19%)         190M (19%)          43M (4%)             -                  -          
[120.586s][info][gc,heap     ] GC(496) Reclaimed:         -                  -                 0M (0%)          147M (14%)            -                  -          
[120.586s][info][gc          ] GC(496) Garbage Collection (Allocation Stall) 498M(49%)->416M(41%)
[120.617s][info][gc,start    ] GC(497) Garbage Collection (Allocation Rate)
[120.617s][info][gc,task     ] GC(497) Using 10 workers
[120.617s][info][gc,phases   ] GC(497) Pause Mark Start 0.014ms
[120.757s][info][gc,phases   ] GC(497) Concurrent Mark 140.292ms
[120.757s][info][gc,phases   ] GC(497) Pause Mark End 0.039ms
[120.757s][info][gc,phases   ] GC(497) Concurrent Mark Free 0.001ms
[120.760s][info][gc,phases   ] GC(497) Concurrent Process Non-Strong References 2.370ms
[120.760s][info][gc,phases   ] GC(497) Concurrent Reset Relocation Set 0.012ms
[120.763s][info][gc,phases   ] GC(497) Concurrent Select Relocation Set 3.352ms
[120.763s][info][gc,phases   ] GC(497) Pause Relocate Start 0.009ms
[120.766s][info][gc,phases   ] GC(497) Concurrent Relocate 2.681ms
[120.766s][info][gc,load     ] GC(497) Load: 0.00/0.00/0.00
[120.766s][info][gc,mmu      ] GC(497) MMU: 2ms/96.1%, 5ms/98.4%, 10ms/99.2%, 20ms/99.6%, 50ms/99.8%, 100ms/99.9%
[120.766s][info][gc,marking  ] GC(497) Mark: 8 stripe(s), 2 proactive flush(es), 1 terminate flush(es), 0 completion(s), 0 continuation(s) 
[120.766s][info][gc,marking  ] GC(497) Mark Stack Usage: 32M
[120.766s][info][gc,nmethod  ] GC(497) NMethods: 6518 registered, 112 unregistered
[120.766s][info][gc,metaspace] GC(497) Metaspace: 65M used, 66M committed, 1088M reserved
[120.766s][info][gc,ref      ] GC(497) Soft: 2710 encountered, 0 discovered, 0 enqueued
[120.766s][info][gc,ref      ] GC(497) Weak: 6116 encountered, 462 discovered, 4 enqueued
[120.766s][info][gc,ref      ] GC(497) Final: 62 encountered, 0 discovered, 0 enqueued
[120.766s][info][gc,ref      ] GC(497) Phantom: 621 encountered, 420 discovered, 0 enqueued
[120.766s][info][gc,reloc    ] GC(497) Small Pages: 187 / 374M, Empty: 22M, Relocated: 3M, In-Place: 0
[120.766s][info][gc,reloc    ] GC(497) Medium Pages: 1 / 32M, Empty: 0M, Relocated: 0M, In-Place: 0
[120.766s][info][gc,reloc    ] GC(497) Large Pages: 4 / 24M, Empty: 0M, Relocated: 0M, In-Place: 0
[120.766s][info][gc,reloc    ] GC(497) Forwarding Usage: 2M
[120.766s][info][gc,heap     ] GC(497) Min Capacity: 8M(1%)
[120.766s][info][gc,heap     ] GC(497) Max Capacity: 1024M(100%)
[120.766s][info][gc,heap     ] GC(497) Soft Max Capacity: 1024M(100%)
[120.766s][info][gc,heap     ] GC(497)                Mark Start          Mark End        Relocate Start      Relocate End           High               Low         
[120.766s][info][gc,heap     ] GC(497)  Capacity:     1024M (100%)       1024M (100%)       1024M (100%)       1024M (100%)       1024M (100%)       1024M (100%)   
[120.766s][info][gc,heap     ] GC(497)      Free:      594M (58%)         540M (53%)         560M (55%)         610M (60%)         610M (60%)         540M (53%)    
[120.767s][info][gc,heap     ] GC(497)      Used:      430M (42%)         484M (47%)         464M (45%)         414M (40%)         484M (47%)         414M (40%)    
[120.767s][info][gc,heap     ] GC(497)      Live:         -               307M (30%)         307M (30%)         307M (30%)            -                  -          
[120.767s][info][gc,heap     ] GC(497) Allocated:         -                54M (5%)           56M (5%)           55M (5%)             -                  -          
[120.767s][info][gc,heap     ] GC(497)   Garbage:         -               122M (12%)         100M (10%)          50M (5%)             -                  -          
[120.767s][info][gc,heap     ] GC(497) Reclaimed:         -                  -                22M (2%)           71M (7%)             -                  -          
[120.767s][info][gc          ] GC(497) Garbage Collection (Allocation Rate) 430M(42%)->414M(40%)
[120.804s][info][gc,start    ] GC(498) Garbage Collection (Allocation Rate)
[120.804s][info][gc,task     ] GC(498) Using 10 workers
[120.804s][info][gc,phases   ] GC(498) Pause Mark Start 0.015ms
[120.929s][info][gc,phases   ] GC(498) Concurrent Mark 124.621ms
[120.929s][info][gc,phases   ] GC(498) Pause Mark End 0.018ms
[120.929s][info][gc,phases   ] GC(498) Concurrent Mark Free 0.001ms
[120.931s][info][gc,phases   ] GC(498) Concurrent Process Non-Strong References 1.934ms
[120.931s][info][gc,phases   ] GC(498) Concurrent Reset Relocation Set 0.005ms
[120.934s][info][gc,phases   ] GC(498) Concurrent Select Relocation Set 2.494ms
[120.934s][info][gc,phases   ] GC(498) Pause Relocate Start 0.005ms
[120.937s][info][gc,phases   ] GC(498) Concurrent Relocate 3.469ms
[120.937s][info][gc,load     ] GC(498) Load: 0.00/0.00/0.00
[120.937s][info][gc,mmu      ] GC(498) MMU: 2ms/96.1%, 5ms/98.4%, 10ms/99.2%, 20ms/99.6%, 50ms/99.8%, 100ms/99.9%
[120.937s][info][gc,marking  ] GC(498) Mark: 8 stripe(s), 2 proactive flush(es), 1 terminate flush(es), 0 completion(s), 0 continuation(s) 
[120.937s][info][gc,marking  ] GC(498) Mark Stack Usage: 32M
[120.937s][info][gc,nmethod  ] GC(498) NMethods: 6518 registered, 112 unregistered
[120.937s][info][gc,metaspace] GC(498) Metaspace: 65M used, 66M committed, 1088M reserved
[120.937s][info][gc,ref      ] GC(498) Soft: 2710 encountered, 0 discovered, 0 enqueued
[120.937s][info][gc,ref      ] GC(498) Weak: 6097 encountered, 676 discovered, 0 enqueued
[120.937s][info][gc,ref      ] GC(498) Final: 62 encountered, 0 discovered, 0 enqueued
[120.937s][info][gc,ref      ] GC(498) Phantom: 621 encountered, 332 discovered, 0 enqueued
[120.937s][info][gc,reloc    ] GC(498) Small Pages: 186 / 372M, Empty: 20M, Relocated: 3M, In-Place: 0
[120.937s][info][gc,reloc    ] GC(498) Medium Pages: 1 / 32M, Empty: 0M, Relocated: 0M, In-Place: 0
[120.937s][info][gc,reloc    ] GC(498) Large Pages: 4 / 24M, Empty: 0M, Relocated: 0M, In-Place: 0
[120.938s][info][gc,reloc    ] GC(498) Forwarding Usage: 2M
[120.938s][info][gc,heap     ] GC(498) Min Capacity: 8M(1%)
[120.938s][info][gc,heap     ] GC(498) Max Capacity: 1024M(100%)
[120.938s][info][gc,heap     ] GC(498) Soft Max Capacity: 1024M(100%)
[120.938s][info][gc,heap     ] GC(498)                Mark Start          Mark End        Relocate Start      Relocate End           High               Low         
[120.938s][info][gc,heap     ] GC(498)  Capacity:     1024M (100%)       1024M (100%)       1024M (100%)       1024M (100%)       1024M (100%)       1024M (100%)   
[120.938s][info][gc,heap     ] GC(498)      Free:      596M (58%)         480M (47%)         492M (48%)         536M (52%)         596M (58%)         472M (46%)    
[120.938s][info][gc,heap     ] GC(498)      Used:      428M (42%)         544M (53%)         532M (52%)         488M (48%)         552M (54%)         428M (42%)    
[120.938s][info][gc,heap     ] GC(498)      Live:         -               307M (30%)         307M (30%)         307M (30%)            -                  -          
[120.938s][info][gc,heap     ] GC(498) Allocated:         -               116M (11%)         124M (12%)         129M (13%)            -                  -          
[120.938s][info][gc,heap     ] GC(498)   Garbage:         -               120M (12%)         100M (10%)          50M (5%)             -                  -          
[120.938s][info][gc,heap     ] GC(498) Reclaimed:         -                  -                20M (2%)           69M (7%)             -                  -          
[120.938s][info][gc          ] GC(498) Garbage Collection (Allocation Rate) 428M(42%)->488M(48%)
[121.007s][info][gc,start    ] GC(499) Garbage Collection (Allocation Rate)
[121.007s][info][gc,task     ] GC(499) Using 10 workers
[121.007s][info][gc,phases   ] GC(499) Pause Mark Start 0.015ms
[121.101s][info][gc,phases   ] GC(499) Concurrent Mark 93.343ms
[121.101s][info][gc,phases   ] GC(499) Pause Mark End 0.018ms
[121.101s][info][gc,phases   ] GC(499) Concurrent Mark Free 0.001ms
[121.103s][info][gc,phases   ] GC(499) Concurrent Process Non-Strong References 2.031ms
[121.103s][info][gc,phases   ] GC(499) Concurrent Reset Relocation Set 0.004ms
[121.114s][info][gc,phases   ] GC(499) Concurrent Select Relocation Set 10.445ms
[121.114s][info][gc,phases   ] GC(499) Pause Relocate Start 0.008ms
[121.129s][info][gc,phases   ] GC(499) Concurrent Relocate 15.719ms
[121.130s][info][gc,load     ] GC(499) Load: 0.00/0.00/0.00
[121.130s][info][gc,mmu      ] GC(499) MMU: 2ms/96.1%, 5ms/98.4%, 10ms/99.2%, 20ms/99.6%, 50ms/99.8%, 100ms/99.9%
[121.130s][info][gc,marking  ] GC(499) Mark: 8 stripe(s), 2 proactive flush(es), 1 terminate flush(es), 0 completion(s), 0 continuation(s) 
[121.130s][info][gc,marking  ] GC(499) Mark Stack Usage: 32M
[121.130s][info][gc,nmethod  ] GC(499) NMethods: 6518 registered, 112 unregistered
[121.130s][info][gc,metaspace] GC(499) Metaspace: 65M used, 66M committed, 1088M reserved
[121.130s][info][gc,ref      ] GC(499) Soft: 2720 encountered, 0 discovered, 0 enqueued
[121.130s][info][gc,ref      ] GC(499) Weak: 6023 encountered, 517 discovered, 0 enqueued
[121.130s][info][gc,ref      ] GC(499) Final: 62 encountered, 0 discovered, 0 enqueued
[121.130s][info][gc,ref      ] GC(499) Phantom: 621 encountered, 508 discovered, 0 enqueued
[121.130s][info][gc,reloc    ] GC(499) Small Pages: 271 / 542M, Empty: 66M, Relocated: 24M, In-Place: 0
[121.130s][info][gc,reloc    ] GC(499) Medium Pages: 2 / 64M, Empty: 0M, Relocated: 18M, In-Place: 0
[121.130s][info][gc,reloc    ] GC(499) Large Pages: 4 / 24M, Empty: 24M, Relocated: 0M, In-Place: 0
[121.130s][info][gc,reloc    ] GC(499) Forwarding Usage: 22M
[121.130s][info][gc,heap     ] GC(499) Min Capacity: 8M(1%)
[121.130s][info][gc,heap     ] GC(499) Max Capacity: 1024M(100%)
[121.130s][info][gc,heap     ] GC(499) Soft Max Capacity: 1024M(100%)
[121.130s][info][gc,heap     ] GC(499)                Mark Start          Mark End        Relocate Start      Relocate End           High               Low         
[121.130s][info][gc,heap     ] GC(499)  Capacity:     1024M (100%)       1024M (100%)       1024M (100%)       1024M (100%)       1024M (100%)       1024M (100%)   
[121.130s][info][gc,heap     ] GC(499)      Free:      394M (38%)         232M (23%)         294M (29%)         580M (57%)         586M (57%)         222M (22%)    
[121.130s][info][gc,heap     ] GC(499)      Used:      630M (62%)         792M (77%)         730M (71%)         444M (43%)         802M (78%)         438M (43%)    
[121.130s][info][gc,heap     ] GC(499)      Live:         -               197M (19%)         197M (19%)         197M (19%)            -                  -          
[121.130s][info][gc,heap     ] GC(499) Allocated:         -               162M (16%)         190M (19%)         211M (21%)            -                  -          
[121.130s][info][gc,heap     ] GC(499)   Garbage:         -               432M (42%)         342M (33%)          35M (3%)             -                  -          
[121.130s][info][gc,heap     ] GC(499) Reclaimed:         -                  -                90M (9%)          397M (39%)            -                  -          
[121.130s][info][gc          ] GC(499) Garbage Collection (Allocation Rate) 630M(62%)->444M(43%)
[121.208s][info][gc,start    ] GC(500) Garbage Collection (Allocation Rate)
[121.208s][info][gc,task     ] GC(500) Using 10 workers
[121.208s][info][gc,phases   ] GC(500) Pause Mark Start 0.017ms
[121.332s][info][gc,phases   ] GC(500) Concurrent Mark 124.577ms
[121.333s][info][gc,phases   ] GC(500) Pause Mark End 0.017ms
[121.333s][info][gc,phases   ] GC(500) Concurrent Mark Free 0.002ms
[121.335s][info][gc,phases   ] GC(500) Concurrent Process Non-Strong References 2.211ms
[121.335s][info][gc,phases   ] GC(500) Concurrent Reset Relocation Set 0.028ms
[121.357s][info][gc,phases   ] GC(500) Concurrent Select Relocation Set 21.991ms
[121.357s][info][gc,phases   ] GC(500) Pause Relocate Start 0.014ms
[121.378s][info][gc,phases   ] GC(500) Concurrent Relocate 20.196ms
[121.378s][info][gc,load     ] GC(500) Load: 0.00/0.00/0.00
[121.378s][info][gc,mmu      ] GC(500) MMU: 2ms/96.1%, 5ms/98.4%, 10ms/99.2%, 20ms/99.6%, 50ms/99.8%, 100ms/99.9%
[121.378s][info][gc,marking  ] GC(500) Mark: 8 stripe(s), 2 proactive flush(es), 1 terminate flush(es), 0 completion(s), 0 continuation(s) 
[121.378s][info][gc,marking  ] GC(500) Mark Stack Usage: 32M
[121.378s][info][gc,nmethod  ] GC(500) NMethods: 6518 registered, 112 unregistered
[121.378s][info][gc,metaspace] GC(500) Metaspace: 65M used, 66M committed, 1088M reserved
[121.378s][info][gc,ref      ] GC(500) Soft: 2720 encountered, 0 discovered, 0 enqueued
[121.378s][info][gc,ref      ] GC(500) Weak: 6021 encountered, 1852 discovered, 0 enqueued
[121.378s][info][gc,ref      ] GC(500) Final: 62 encountered, 1 discovered, 0 enqueued
[121.378s][info][gc,ref      ] GC(500) Phantom: 621 encountered, 609 discovered, 0 enqueued
[121.378s][info][gc,reloc    ] GC(500) Small Pages: 262 / 524M, Empty: 0M, Relocated: 24M, In-Place: 0
[121.378s][info][gc,reloc    ] GC(500) Medium Pages: 1 / 32M, Empty: 0M, Relocated: 0M, In-Place: 0
[121.378s][info][gc,reloc    ] GC(500) Large Pages: 4 / 24M, Empty: 0M, Relocated: 0M, In-Place: 0
[121.378s][info][gc,reloc    ] GC(500) Forwarding Usage: 23M
[121.378s][info][gc,heap     ] GC(500) Min Capacity: 8M(1%)
[121.378s][info][gc,heap     ] GC(500) Max Capacity: 1024M(100%)
[121.378s][info][gc,heap     ] GC(500) Soft Max Capacity: 1024M(100%)
[121.378s][info][gc,heap     ] GC(500)                Mark Start          Mark End        Relocate Start      Relocate End           High               Low         
[121.378s][info][gc,heap     ] GC(500)  Capacity:     1024M (100%)       1024M (100%)       1024M (100%)       1024M (100%)       1024M (100%)       1024M (100%)   
[121.378s][info][gc,heap     ] GC(500)      Free:      444M (43%)         256M (25%)         212M (21%)         494M (48%)         500M (49%)         192M (19%)    
[121.378s][info][gc,heap     ] GC(500)      Used:      580M (57%)         768M (75%)         812M (79%)         530M (52%)         832M (81%)         524M (51%)    
[121.378s][info][gc,heap     ] GC(500)      Live:         -               226M (22%)         226M (22%)         226M (22%)            -                  -          
[121.378s][info][gc,heap     ] GC(500) Allocated:         -               188M (18%)         232M (23%)         259M (25%)            -                  -          
[121.378s][info][gc,heap     ] GC(500)   Garbage:         -               353M (34%)         353M (34%)          43M (4%)             -                  -          
[121.378s][info][gc,heap     ] GC(500) Reclaimed:         -                  -                 0M (0%)          309M (30%)            -                  -          
[121.378s][info][gc          ] GC(500) Garbage Collection (Allocation Rate) 580M(57%)->530M(52%)
[121.411s][info][gc,start    ] GC(501) Garbage Collection (Allocation Rate)
[121.411s][info][gc,task     ] GC(501) Using 10 workers
[121.411s][info][gc,phases   ] GC(501) Pause Mark Start 0.015ms
[121.551s][info][gc,phases   ] GC(501) Concurrent Mark 140.201ms
[121.551s][info][gc,phases   ] GC(501) Pause Mark End 0.029ms
[121.551s][info][gc,phases   ] GC(501) Concurrent Mark Free 0.002ms
[121.554s][info][gc,phases   ] GC(501) Concurrent Process Non-Strong References 2.482ms
[121.554s][info][gc,phases   ] GC(501) Concurrent Reset Relocation Set 0.028ms
[121.559s][info][gc,phases   ] GC(501) Concurrent Select Relocation Set 4.487ms
[121.559s][info][gc,phases   ] GC(501) Pause Relocate Start 0.011ms
[121.572s][info][gc,phases   ] GC(501) Concurrent Relocate 13.358ms
[121.572s][info][gc,load     ] GC(501) Load: 0.00/0.00/0.00
[121.572s][info][gc,mmu      ] GC(501) MMU: 2ms/96.1%, 5ms/98.4%, 10ms/99.2%, 20ms/99.6%, 50ms/99.8%, 100ms/99.9%
[121.572s][info][gc,marking  ] GC(501) Mark: 8 stripe(s), 4 proactive flush(es), 1 terminate flush(es), 0 completion(s), 0 continuation(s) 
[121.572s][info][gc,marking  ] GC(501) Mark Stack Usage: 32M
[121.572s][info][gc,nmethod  ] GC(501) NMethods: 6520 registered, 112 unregistered
[121.572s][info][gc,metaspace] GC(501) Metaspace: 65M used, 66M committed, 1088M reserved
[121.572s][info][gc,ref      ] GC(501) Soft: 2720 encountered, 0 discovered, 0 enqueued
[121.572s][info][gc,ref      ] GC(501) Weak: 6019 encountered, 392 discovered, 0 enqueued
[121.572s][info][gc,ref      ] GC(501) Final: 62 encountered, 0 discovered, 0 enqueued
[121.572s][info][gc,ref      ] GC(501) Phantom: 621 encountered, 455 discovered, 0 enqueued
[121.572s][info][gc,reloc    ] GC(501) Small Pages: 264 / 528M, Empty: 0M, Relocated: 18M, In-Place: 0
[121.572s][info][gc,reloc    ] GC(501) Medium Pages: 1 / 32M, Empty: 0M, Relocated: 0M, In-Place: 0
[121.572s][info][gc,reloc    ] GC(501) Large Pages: 5 / 34M, Empty: 0M, Relocated: 0M, In-Place: 0
[121.572s][info][gc,reloc    ] GC(501) Forwarding Usage: 18M
[121.572s][info][gc,heap     ] GC(501) Min Capacity: 8M(1%)
[121.572s][info][gc,heap     ] GC(501) Max Capacity: 1024M(100%)
[121.572s][info][gc,heap     ] GC(501) Soft Max Capacity: 1024M(100%)
[121.572s][info][gc,heap     ] GC(501)                Mark Start          Mark End        Relocate Start      Relocate End           High               Low         
[121.572s][info][gc,heap     ] GC(501)  Capacity:     1024M (100%)       1024M (100%)       1024M (100%)       1024M (100%)       1024M (100%)       1024M (100%)   
[121.573s][info][gc,heap     ] GC(501)      Free:      430M (42%)         212M (21%)         198M (19%)         474M (46%)         480M (47%)         176M (17%)    
[121.573s][info][gc,heap     ] GC(501)      Used:      594M (58%)         812M (79%)         826M (81%)         550M (54%)         848M (83%)         544M (53%)    
[121.573s][info][gc,heap     ] GC(501)      Live:         -               248M (24%)         248M (24%)         248M (24%)            -                  -          
[121.573s][info][gc,heap     ] GC(501) Allocated:         -               218M (21%)         232M (23%)         253M (25%)            -                  -          
[121.573s][info][gc,heap     ] GC(501)   Garbage:         -               345M (34%)         345M (34%)          47M (5%)             -                  -          
[121.573s][info][gc,heap     ] GC(501) Reclaimed:         -                  -                 0M (0%)          297M (29%)            -                  -          
[121.573s][info][gc          ] GC(501) Garbage Collection (Allocation Rate) 594M(58%)->550M(54%)
[121.614s][info][gc,start    ] GC(502) Garbage Collection (Allocation Rate)
[121.614s][info][gc,task     ] GC(502) Using 10 workers
[121.614s][info][gc,phases   ] GC(502) Pause Mark Start 0.015ms
[121.739s][info][gc,phases   ] GC(502) Concurrent Mark 124.579ms
[121.739s][info][gc,phases   ] GC(502) Pause Mark End 0.024ms
[121.739s][info][gc,phases   ] GC(502) Concurrent Mark Free 0.001ms
[121.741s][info][gc,phases   ] GC(502) Concurrent Process Non-Strong References 1.933ms
[121.741s][info][gc,phases   ] GC(502) Concurrent Reset Relocation Set 0.013ms
[121.744s][info][gc,phases   ] GC(502) Concurrent Select Relocation Set 3.061ms
[121.744s][info][gc,phases   ] GC(502) Pause Relocate Start 0.007ms
[121.756s][info][gc,phases   ] GC(502) Concurrent Relocate 12.300ms
[121.756s][info][gc,load     ] GC(502) Load: 0.00/0.00/0.00
[121.756s][info][gc,mmu      ] GC(502) MMU: 2ms/96.1%, 5ms/98.4%, 10ms/99.2%, 20ms/99.6%, 50ms/99.8%, 100ms/99.9%
[121.756s][info][gc,marking  ] GC(502) Mark: 8 stripe(s), 3 proactive flush(es), 1 terminate flush(es), 0 completion(s), 0 continuation(s) 
[121.756s][info][gc,marking  ] GC(502) Mark Stack Usage: 32M
[121.756s][info][gc,nmethod  ] GC(502) NMethods: 6520 registered, 112 unregistered
[121.756s][info][gc,metaspace] GC(502) Metaspace: 65M used, 66M committed, 1088M reserved
[121.756s][info][gc,ref      ] GC(502) Soft: 2722 encountered, 0 discovered, 0 enqueued
[121.756s][info][gc,ref      ] GC(502) Weak: 6027 encountered, 598 discovered, 3 enqueued
[121.756s][info][gc,ref      ] GC(502) Final: 62 encountered, 0 discovered, 0 enqueued
[121.756s][info][gc,ref      ] GC(502) Phantom: 620 encountered, 281 discovered, 0 enqueued
[121.757s][info][gc,reloc    ] GC(502) Small Pages: 267 / 534M, Empty: 0M, Relocated: 18M, In-Place: 0
[121.757s][info][gc,reloc    ] GC(502) Medium Pages: 1 / 32M, Empty: 0M, Relocated: 0M, In-Place: 0
[121.757s][info][gc,reloc    ] GC(502) Large Pages: 8 / 64M, Empty: 24M, Relocated: 0M, In-Place: 0
[121.757s][info][gc,reloc    ] GC(502) Forwarding Usage: 17M
[121.757s][info][gc,heap     ] GC(502) Min Capacity: 8M(1%)
[121.757s][info][gc,heap     ] GC(502) Max Capacity: 1024M(100%)
[121.757s][info][gc,heap     ] GC(502) Soft Max Capacity: 1024M(100%)
[121.757s][info][gc,heap     ] GC(502)                Mark Start          Mark End        Relocate Start      Relocate End           High               Low         
[121.757s][info][gc,heap     ] GC(502)  Capacity:     1024M (100%)       1024M (100%)       1024M (100%)       1024M (100%)       1024M (100%)       1024M (100%)   
[121.757s][info][gc,heap     ] GC(502)      Free:      394M (38%)         170M (17%)         184M (18%)         458M (45%)         460M (45%)         162M (16%)    
[121.757s][info][gc,heap     ] GC(502)      Used:      630M (62%)         854M (83%)         840M (82%)         566M (55%)         862M (84%)         564M (55%)    
[121.757s][info][gc,heap     ] GC(502)      Live:         -               263M (26%)         263M (26%)         263M (26%)            -                  -          
[121.757s][info][gc,heap     ] GC(502) Allocated:         -               224M (22%)         234M (23%)         253M (25%)            -                  -          
[121.757s][info][gc,heap     ] GC(502)   Garbage:         -               366M (36%)         342M (33%)          48M (5%)             -                  -          
[121.757s][info][gc,heap     ] GC(502) Reclaimed:         -                  -                24M (2%)          317M (31%)            -                  -          
[121.757s][info][gc          ] GC(502) Garbage Collection (Allocation Rate) 630M(62%)->566M(55%)
[121.807s][info][gc,start    ] GC(503) Garbage Collection (Allocation Rate)
[121.807s][info][gc,task     ] GC(503) Using 10 workers
[121.807s][info][gc,phases   ] GC(503) Pause Mark Start 0.014ms
[121.948s][info][gc,phases   ] GC(503) Concurrent Mark 140.191ms
[121.948s][info][gc,phases   ] GC(503) Pause Mark End 0.026ms
[121.948s][info][gc,phases   ] GC(503) Concurrent Mark Free 0.001ms
[121.950s][info][gc,phases   ] GC(503) Concurrent Process Non-Strong References 2.108ms
[121.950s][info][gc,phases   ] GC(503) Concurrent Reset Relocation Set 0.019ms
[121.954s][info][gc,phases   ] GC(503) Concurrent Select Relocation Set 3.807ms
[121.954s][info][gc,phases   ] GC(503) Pause Relocate Start 0.013ms
[121.966s][info][gc,phases   ] GC(503) Concurrent Relocate 11.785ms
[121.966s][info][gc,load     ] GC(503) Load: 0.00/0.00/0.00
[121.966s][info][gc,mmu      ] GC(503) MMU: 2ms/96.1%, 5ms/98.4%, 10ms/99.2%, 20ms/99.6%, 50ms/99.8%, 100ms/99.9%
[121.966s][info][gc,marking  ] GC(503) Mark: 8 stripe(s), 3 proactive flush(es), 1 terminate flush(es), 0 completion(s), 0 continuation(s) 
[121.966s][info][gc,marking  ] GC(503) Mark Stack Usage: 32M
[121.966s][info][gc,nmethod  ] GC(503) NMethods: 6520 registered, 112 unregistered
[121.966s][info][gc,metaspace] GC(503) Metaspace: 65M used, 66M committed, 1088M reserved
[121.966s][info][gc,ref      ] GC(503) Soft: 2722 encountered, 0 discovered, 0 enqueued
[121.966s][info][gc,ref      ] GC(503) Weak: 6022 encountered, 698 discovered, 0 enqueued
[121.966s][info][gc,ref      ] GC(503) Final: 62 encountered, 0 discovered, 0 enqueued
[121.966s][info][gc,ref      ] GC(503) Phantom: 620 encountered, 455 discovered, 0 enqueued
[121.966s][info][gc,reloc    ] GC(503) Small Pages: 297 / 594M, Empty: 0M, Relocated: 17M, In-Place: 0
[121.966s][info][gc,reloc    ] GC(503) Medium Pages: 1 / 32M, Empty: 0M, Relocated: 0M, In-Place: 0
[121.966s][info][gc,reloc    ] GC(503) Large Pages: 4 / 40M, Empty: 0M, Relocated: 0M, In-Place: 0
[121.966s][info][gc,reloc    ] GC(503) Forwarding Usage: 14M
[121.966s][info][gc,heap     ] GC(503) Min Capacity: 8M(1%)
[121.966s][info][gc,heap     ] GC(503) Max Capacity: 1024M(100%)
[121.966s][info][gc,heap     ] GC(503) Soft Max Capacity: 1024M(100%)
[121.966s][info][gc,heap     ] GC(503)                Mark Start          Mark End        Relocate Start      Relocate End           High               Low         
[121.966s][info][gc,heap     ] GC(503)  Capacity:     1024M (100%)       1024M (100%)       1024M (100%)       1024M (100%)       1024M (100%)       1024M (100%)   
[121.966s][info][gc,heap     ] GC(503)      Free:      358M (35%)         114M (11%)         100M (10%)         422M (41%)         426M (42%)          80M (8%)     
[121.966s][info][gc,heap     ] GC(503)      Used:      666M (65%)         910M (89%)         924M (90%)         602M (59%)         944M (92%)         598M (58%)    
[121.967s][info][gc,heap     ] GC(503)      Live:         -               273M (27%)         273M (27%)         273M (27%)            -                  -          
[121.967s][info][gc,heap     ] GC(503) Allocated:         -               244M (24%)         258M (25%)         275M (27%)            -                  -          
[121.967s][info][gc,heap     ] GC(503)   Garbage:         -               392M (38%)         392M (38%)          52M (5%)             -                  -          
[121.967s][info][gc,heap     ] GC(503) Reclaimed:         -                  -                 0M (0%)          339M (33%)            -                  -          
[121.967s][info][gc          ] GC(503) Garbage Collection (Allocation Rate) 666M(65%)->602M(59%)
[122.010s][info][gc,start    ] GC(504) Garbage Collection (Allocation Rate)
[122.010s][info][gc,task     ] GC(504) Using 10 workers
[122.010s][info][gc,phases   ] GC(504) Pause Mark Start 0.015ms
[122.182s][info][gc,phases   ] GC(504) Concurrent Mark 171.495ms
[122.182s][info][gc,phases   ] GC(504) Pause Mark End 0.029ms
[122.182s][info][gc,phases   ] GC(504) Concurrent Mark Free 0.001ms
[122.185s][info][gc,phases   ] GC(504) Concurrent Process Non-Strong References 2.317ms
[122.185s][info][gc,phases   ] GC(504) Concurrent Reset Relocation Set 0.045ms
[122.214s][info][gc,phases   ] GC(504) Concurrent Select Relocation Set 29.662ms
[122.215s][info][gc,phases   ] GC(504) Pause Relocate Start 0.013ms
[122.222s][info][gc          ] Relocation Stall (Executor task launch worker for task 2.0 in stage 119.0 (TID 226)) 7.034ms
[122.222s][info][gc          ] Relocation Stall (Executor task launch worker for task 0.0 in stage 119.0 (TID 224)) 7.157ms
[122.222s][info][gc          ] Relocation Stall (Executor task launch worker for task 3.0 in stage 119.0 (TID 227)) 7.178ms
[122.222s][info][gc          ] Relocation Stall (Executor task launch worker for task 1.0 in stage 119.0 (TID 225)) 7.278ms
[122.222s][info][gc          ] Allocation Stall (Executor task launch worker for task 2.0 in stage 119.0 (TID 226)) 8.799ms
[122.223s][info][gc          ] Allocation Stall (Executor task launch worker for task 3.0 in stage 119.0 (TID 227)) 8.995ms
[122.223s][info][gc          ] Allocation Stall (Executor task launch worker for task 1.0 in stage 119.0 (TID 225)) 9.201ms
[122.223s][info][gc          ] Allocation Stall (Executor task launch worker for task 0.0 in stage 119.0 (TID 224)) 9.069ms
[122.228s][info][gc,phases   ] GC(504) Concurrent Relocate 13.140ms
[122.228s][info][gc,load     ] GC(504) Load: 0.00/0.00/0.00
[122.228s][info][gc,mmu      ] GC(504) MMU: 2ms/96.1%, 5ms/98.4%, 10ms/99.2%, 20ms/99.6%, 50ms/99.8%, 100ms/99.9%
[122.228s][info][gc,marking  ] GC(504) Mark: 8 stripe(s), 2 proactive flush(es), 1 terminate flush(es), 0 completion(s), 0 continuation(s) 
[122.228s][info][gc,marking  ] GC(504) Mark Stack Usage: 32M
[122.228s][info][gc,nmethod  ] GC(504) NMethods: 6520 registered, 112 unregistered
[122.228s][info][gc,metaspace] GC(504) Metaspace: 65M used, 66M committed, 1088M reserved
[122.228s][info][gc,ref      ] GC(504) Soft: 2722 encountered, 0 discovered, 0 enqueued
[122.228s][info][gc,ref      ] GC(504) Weak: 6018 encountered, 1001 discovered, 0 enqueued
[122.228s][info][gc,ref      ] GC(504) Final: 62 encountered, 0 discovered, 0 enqueued
[122.228s][info][gc,ref      ] GC(504) Phantom: 621 encountered, 452 discovered, 0 enqueued
[122.228s][info][gc,reloc    ] GC(504) Small Pages: 307 / 614M, Empty: 0M, Relocated: 22M, In-Place: 10
[122.228s][info][gc,reloc    ] GC(504) Medium Pages: 1 / 32M, Empty: 0M, Relocated: 0M, In-Place: 0
[122.228s][info][gc,reloc    ] GC(504) Large Pages: 4 / 40M, Empty: 0M, Relocated: 0M, In-Place: 0
[122.228s][info][gc,reloc    ] GC(504) Forwarding Usage: 19M
[122.228s][info][gc,heap     ] GC(504) Min Capacity: 8M(1%)
[122.228s][info][gc,heap     ] GC(504) Max Capacity: 1024M(100%)
[122.228s][info][gc,heap     ] GC(504) Soft Max Capacity: 1024M(100%)
[122.228s][info][gc,heap     ] GC(504)                Mark Start          Mark End        Relocate Start      Relocate End           High               Low         
[122.228s][info][gc,heap     ] GC(504)  Capacity:     1024M (100%)       1024M (100%)       1024M (100%)       1024M (100%)       1024M (100%)       1024M (100%)   
[122.228s][info][gc,heap     ] GC(504)      Free:      338M (33%)          40M (4%)            0M (0%)          336M (33%)         338M (33%)           0M (0%)     
[122.228s][info][gc,heap     ] GC(504)      Used:      686M (67%)         984M (96%)        1024M (100%)        688M (67%)        1024M (100%)        686M (67%)    
[122.228s][info][gc,heap     ] GC(504)      Live:         -               282M (28%)         282M (28%)         282M (28%)            -                  -          
[122.228s][info][gc,heap     ] GC(504) Allocated:         -               298M (29%)         338M (33%)         343M (34%)            -                  -          
[122.228s][info][gc,heap     ] GC(504)   Garbage:         -               403M (39%)         403M (39%)          61M (6%)             -                  -          
[122.228s][info][gc,heap     ] GC(504) Reclaimed:         -                  -                 0M (0%)          341M (33%)            -                  -          
[122.228s][info][gc          ] GC(504) Garbage Collection (Allocation Rate) 686M(67%)->688M(67%)
[122.307s][info][gc,start    ] GC(505) Garbage Collection (Allocation Stall)
[122.307s][info][gc,ref      ] GC(505) Clearing All SoftReferences
[122.307s][info][gc,task     ] GC(505) Using 10 workers
[122.307s][info][gc,ref      ] GC(505) Clearing All SoftReferences
[122.307s][info][gc,phases   ] GC(505) Pause Mark Start 0.047ms
[122.470s][info][gc,phases   ] GC(505) Concurrent Mark 162.444ms
[122.470s][info][gc,phases   ] GC(505) Pause Mark End 0.037ms
[122.470s][info][gc,phases   ] GC(505) Concurrent Mark Free 0.001ms
[122.483s][info][gc,phases   ] GC(505) Concurrent Process Non-Strong References 12.464ms
[122.483s][info][gc,phases   ] GC(505) Concurrent Reset Relocation Set 0.030ms
[122.501s][info][gc,phases   ] GC(505) Concurrent Select Relocation Set 18.646ms
[122.502s][info][gc,phases   ] GC(505) Pause Relocate Start 0.015ms
[122.519s][info][gc          ] Relocation Stall (Executor task launch worker for task 0.0 in stage 119.0 (TID 224)) 17.245ms
[122.519s][info][gc          ] Relocation Stall (Executor task launch worker for task 3.0 in stage 119.0 (TID 227)) 17.118ms
[122.519s][info][gc          ] Relocation Stall (Executor task launch worker for task 1.0 in stage 119.0 (TID 225)) 17.137ms
[122.519s][info][gc          ] Relocation Stall (Executor task launch worker for task 2.0 in stage 119.0 (TID 226)) 17.043ms
[122.520s][info][gc          ] Allocation Stall (Executor task launch worker for task 3.0 in stage 119.0 (TID 227)) 61.524ms
[122.520s][info][gc          ] Allocation Stall (Executor task launch worker for task 1.0 in stage 119.0 (TID 225)) 61.620ms
[122.520s][info][gc          ] Allocation Stall (Executor task launch worker for task 0.0 in stage 119.0 (TID 224)) 61.864ms
[122.520s][info][gc          ] Allocation Stall (Executor task launch worker for task 2.0 in stage 119.0 (TID 226)) 45.466ms
[122.521s][info][gc,phases   ] GC(505) Concurrent Relocate 19.408ms
[122.521s][info][gc,load     ] GC(505) Load: 0.00/0.00/0.00
[122.521s][info][gc,mmu      ] GC(505) MMU: 2ms/96.1%, 5ms/98.4%, 10ms/99.2%, 20ms/99.6%, 50ms/99.8%, 100ms/99.9%
[122.521s][info][gc,marking  ] GC(505) Mark: 8 stripe(s), 2 proactive flush(es), 1 terminate flush(es), 0 completion(s), 0 continuation(s) 
[122.521s][info][gc,marking  ] GC(505) Mark Stack Usage: 32M
[122.521s][info][gc,nmethod  ] GC(505) NMethods: 6518 registered, 114 unregistered
[122.521s][info][gc,metaspace] GC(505) Metaspace: 65M used, 66M committed, 1088M reserved
[122.521s][info][gc,ref      ] GC(505) Soft: 2722 encountered, 705 discovered, 5 enqueued
[122.521s][info][gc,ref      ] GC(505) Weak: 6015 encountered, 639 discovered, 1 enqueued
[122.521s][info][gc,ref      ] GC(505) Final: 62 encountered, 0 discovered, 0 enqueued
[122.521s][info][gc,ref      ] GC(505) Phantom: 621 encountered, 296 discovered, 0 enqueued
[122.521s][info][gc,reloc    ] GC(505) Small Pages: 372 / 744M, Empty: 0M, Relocated: 26M, In-Place: 10
[122.521s][info][gc,reloc    ] GC(505) Medium Pages: 1 / 32M, Empty: 0M, Relocated: 0M, In-Place: 0
[122.521s][info][gc,reloc    ] GC(505) Large Pages: 4 / 40M, Empty: 0M, Relocated: 0M, In-Place: 0
[122.521s][info][gc,reloc    ] GC(505) Forwarding Usage: 23M
[122.521s][info][gc,heap     ] GC(505) Min Capacity: 8M(1%)
[122.521s][info][gc,heap     ] GC(505) Max Capacity: 1024M(100%)
[122.521s][info][gc,heap     ] GC(505) Soft Max Capacity: 1024M(100%)
[122.521s][info][gc,heap     ] GC(505)                Mark Start          Mark End        Relocate Start      Relocate End           High               Low         
[122.521s][info][gc,heap     ] GC(505)  Capacity:     1024M (100%)       1024M (100%)       1024M (100%)       1024M (100%)       1024M (100%)       1024M (100%)   
[122.521s][info][gc,heap     ] GC(505)      Free:      208M (20%)           0M (0%)            0M (0%)          456M (45%)         456M (45%)           0M (0%)     
[122.521s][info][gc,heap     ] GC(505)      Used:      816M (80%)        1024M (100%)       1024M (100%)        568M (55%)        1024M (100%)        568M (55%)    
[122.521s][info][gc,heap     ] GC(505)      Live:         -               293M (29%)         293M (29%)         293M (29%)            -                  -          
[122.521s][info][gc,heap     ] GC(505) Allocated:         -               208M (20%)         208M (20%)         209M (21%)            -                  -          
[122.522s][info][gc,heap     ] GC(505)   Garbage:         -               522M (51%)         522M (51%)          64M (6%)             -                  -          
[122.522s][info][gc,heap     ] GC(505) Reclaimed:         -                  -                 0M (0%)          457M (45%)            -                  -          
[122.522s][info][gc          ] GC(505) Garbage Collection (Allocation Stall) 816M(80%)->568M(55%)
[122.611s][info][gc,start    ] GC(506) Garbage Collection (Allocation Stall)
[122.611s][info][gc,ref      ] GC(506) Clearing All SoftReferences
[122.611s][info][gc,task     ] GC(506) Using 10 workers
[122.611s][info][gc,ref      ] GC(506) Clearing All SoftReferences
[122.611s][info][gc,phases   ] GC(506) Pause Mark Start 0.088ms
[122.782s][info][gc,phases   ] GC(506) Concurrent Mark 171.318ms
[122.782s][info][gc,phases   ] GC(506) Pause Mark End 0.034ms
[122.783s][info][gc,phases   ] GC(506) Concurrent Mark Free 0.001ms
[122.785s][info][gc,phases   ] GC(506) Concurrent Process Non-Strong References 2.325ms
[122.785s][info][gc,phases   ] GC(506) Concurrent Reset Relocation Set 0.046ms
[122.790s][info][gc,phases   ] GC(506) Concurrent Select Relocation Set 4.816ms
[122.790s][info][gc,phases   ] GC(506) Pause Relocate Start 0.009ms
[122.806s][info][gc,phases   ] GC(506) Concurrent Relocate 15.740ms
[122.806s][info][gc,load     ] GC(506) Load: 0.00/0.00/0.00
[122.806s][info][gc,mmu      ] GC(506) MMU: 2ms/95.6%, 5ms/98.2%, 10ms/99.1%, 20ms/99.6%, 50ms/99.8%, 100ms/99.9%
[122.806s][info][gc,marking  ] GC(506) Mark: 8 stripe(s), 2 proactive flush(es), 1 terminate flush(es), 0 completion(s), 0 continuation(s) 
[122.806s][info][gc,marking  ] GC(506) Mark Stack Usage: 32M
[122.806s][info][gc,nmethod  ] GC(506) NMethods: 6518 registered, 114 unregistered
[122.806s][info][gc,metaspace] GC(506) Metaspace: 65M used, 66M committed, 1088M reserved
[122.806s][info][gc,ref      ] GC(506) Soft: 2717 encountered, 2269 discovered, 0 enqueued
[122.806s][info][gc,ref      ] GC(506) Weak: 6004 encountered, 1010 discovered, 0 enqueued
[122.806s][info][gc,ref      ] GC(506) Final: 62 encountered, 34 discovered, 0 enqueued
[122.806s][info][gc,ref      ] GC(506) Phantom: 617 encountered, 542 discovered, 0 enqueued
[122.806s][info][gc,reloc    ] GC(506) Small Pages: 276 / 552M, Empty: 0M, Relocated: 17M, In-Place: 0
[122.806s][info][gc,reloc    ] GC(506) Medium Pages: 2 / 64M, Empty: 0M, Relocated: 12M, In-Place: 0
[122.806s][info][gc,reloc    ] GC(506) Large Pages: 4 / 40M, Empty: 0M, Relocated: 0M, In-Place: 0
[122.806s][info][gc,reloc    ] GC(506) Forwarding Usage: 15M
[122.806s][info][gc,heap     ] GC(506) Min Capacity: 8M(1%)
[122.806s][info][gc,heap     ] GC(506) Max Capacity: 1024M(100%)
[122.806s][info][gc,heap     ] GC(506) Soft Max Capacity: 1024M(100%)
[122.806s][info][gc,heap     ] GC(506)                Mark Start          Mark End        Relocate Start      Relocate End           High               Low         
[122.806s][info][gc,heap     ] GC(506)  Capacity:     1024M (100%)       1024M (100%)       1024M (100%)       1024M (100%)       1024M (100%)       1024M (100%)   
[122.806s][info][gc,heap     ] GC(506)      Free:      368M (36%)         288M (28%)         288M (28%)         580M (57%)         580M (57%)         240M (23%)    
[122.806s][info][gc,heap     ] GC(506)      Used:      656M (64%)         736M (72%)         736M (72%)         444M (43%)         784M (77%)         444M (43%)    
[122.806s][info][gc,heap     ] GC(506)      Live:         -               300M (29%)         300M (29%)         300M (29%)            -                  -          
[122.806s][info][gc,heap     ] GC(506) Allocated:         -                80M (8%)           80M (8%)           81M (8%)             -                  -          
[122.806s][info][gc,heap     ] GC(506)   Garbage:         -               355M (35%)         355M (35%)          62M (6%)             -                  -          
[122.806s][info][gc,heap     ] GC(506) Reclaimed:         -                  -                 0M (0%)          293M (29%)            -                  -          
[122.806s][info][gc          ] GC(506) Garbage Collection (Allocation Stall) 656M(64%)->444M(43%)
[122.814s][info][gc,start    ] GC(507) Garbage Collection (Allocation Rate)
[122.814s][info][gc,task     ] GC(507) Using 10 workers
[122.814s][info][gc,phases   ] GC(507) Pause Mark Start 0.011ms
[122.970s][info][gc,phases   ] GC(507) Concurrent Mark 155.947ms
[122.970s][info][gc,phases   ] GC(507) Pause Mark End 0.032ms
[122.970s][info][gc,phases   ] GC(507) Concurrent Mark Free 0.001ms
[122.972s][info][gc,phases   ] GC(507) Concurrent Process Non-Strong References 2.011ms
[122.972s][info][gc,phases   ] GC(507) Concurrent Reset Relocation Set 0.025ms
[122.976s][info][gc,phases   ] GC(507) Concurrent Select Relocation Set 3.810ms
[122.976s][info][gc,phases   ] GC(507) Pause Relocate Start 0.008ms
[122.983s][info][gc,phases   ] GC(507) Concurrent Relocate 6.811ms
[122.983s][info][gc,load     ] GC(507) Load: 0.00/0.00/0.00
[122.983s][info][gc,mmu      ] GC(507) MMU: 2ms/95.6%, 5ms/98.2%, 10ms/99.1%, 20ms/99.6%, 50ms/99.8%, 100ms/99.9%
[122.983s][info][gc,marking  ] GC(507) Mark: 8 stripe(s), 2 proactive flush(es), 1 terminate flush(es), 0 completion(s), 0 continuation(s) 
[122.983s][info][gc,marking  ] GC(507) Mark Stack Usage: 32M
[122.983s][info][gc,nmethod  ] GC(507) NMethods: 6523 registered, 114 unregistered
[122.983s][info][gc,metaspace] GC(507) Metaspace: 65M used, 66M committed, 1088M reserved
[122.983s][info][gc,ref      ] GC(507) Soft: 2717 encountered, 0 discovered, 0 enqueued
[122.983s][info][gc,ref      ] GC(507) Weak: 5992 encountered, 1435 discovered, 0 enqueued
[122.983s][info][gc,ref      ] GC(507) Final: 62 encountered, 0 discovered, 0 enqueued
[122.983s][info][gc,ref      ] GC(507) Phantom: 617 encountered, 501 discovered, 0 enqueued
[122.983s][info][gc,reloc    ] GC(507) Small Pages: 170 / 340M, Empty: 0M, Relocated: 5M, In-Place: 0
[122.983s][info][gc,reloc    ] GC(507) Medium Pages: 2 / 64M, Empty: 0M, Relocated: 16M, In-Place: 0
[122.983s][info][gc,reloc    ] GC(507) Large Pages: 4 / 40M, Empty: 0M, Relocated: 0M, In-Place: 0
[122.983s][info][gc,reloc    ] GC(507) Forwarding Usage: 4M
[122.983s][info][gc,heap     ] GC(507) Min Capacity: 8M(1%)
[122.983s][info][gc,heap     ] GC(507) Max Capacity: 1024M(100%)
[122.983s][info][gc,heap     ] GC(507) Soft Max Capacity: 1024M(100%)
[122.983s][info][gc,heap     ] GC(507)                Mark Start          Mark End        Relocate Start      Relocate End           High               Low         
[122.983s][info][gc,heap     ] GC(507)  Capacity:     1024M (100%)       1024M (100%)       1024M (100%)       1024M (100%)       1024M (100%)       1024M (100%)   
[122.983s][info][gc,heap     ] GC(507)      Free:      580M (57%)         540M (53%)         540M (53%)         614M (60%)         614M (60%)         492M (48%)    
[122.983s][info][gc,heap     ] GC(507)      Used:      444M (43%)         484M (47%)         484M (47%)         410M (40%)         532M (52%)         410M (40%)    
[122.983s][info][gc,heap     ] GC(507)      Live:         -               305M (30%)         305M (30%)         305M (30%)            -                  -          
[122.983s][info][gc,heap     ] GC(507) Allocated:         -                40M (4%)           40M (4%)           39M (4%)             -                  -          
[122.983s][info][gc,heap     ] GC(507)   Garbage:         -               138M (14%)         138M (14%)          64M (6%)             -                  -          
[122.983s][info][gc,heap     ] GC(507) Reclaimed:         -                  -                 0M (0%)           73M (7%)             -                  -          
[122.983s][info][gc          ] GC(507) Garbage Collection (Allocation Rate) 444M(43%)->410M(40%)
[123.017s][info][gc,start    ] GC(508) Garbage Collection (Allocation Rate)
[123.017s][info][gc,task     ] GC(508) Using 10 workers
[123.017s][info][gc,phases   ] GC(508) Pause Mark Start 0.017ms
[123.173s][info][gc,phases   ] GC(508) Concurrent Mark 155.851ms
[123.173s][info][gc,phases   ] GC(508) Pause Mark End 0.031ms
[123.173s][info][gc,phases   ] GC(508) Concurrent Mark Free 0.001ms
[123.175s][info][gc,phases   ] GC(508) Concurrent Process Non-Strong References 1.994ms
[123.175s][info][gc,phases   ] GC(508) Concurrent Reset Relocation Set 0.005ms
[123.183s][info][gc,phases   ] GC(508) Concurrent Select Relocation Set 7.685ms
[123.183s][info][gc,phases   ] GC(508) Pause Relocate Start 0.010ms
[123.191s][info][gc,phases   ] GC(508) Concurrent Relocate 7.647ms
[123.191s][info][gc,load     ] GC(508) Load: 0.00/0.00/0.00
[123.191s][info][gc,mmu      ] GC(508) MMU: 2ms/95.6%, 5ms/98.2%, 10ms/99.1%, 20ms/99.6%, 50ms/99.8%, 100ms/99.9%
[123.191s][info][gc,marking  ] GC(508) Mark: 8 stripe(s), 2 proactive flush(es), 1 terminate flush(es), 0 completion(s), 0 continuation(s) 
[123.191s][info][gc,marking  ] GC(508) Mark Stack Usage: 32M
[123.191s][info][gc,nmethod  ] GC(508) NMethods: 6524 registered, 116 unregistered
[123.191s][info][gc,metaspace] GC(508) Metaspace: 65M used, 66M committed, 1088M reserved
[123.191s][info][gc,ref      ] GC(508) Soft: 2807 encountered, 0 discovered, 0 enqueued
[123.191s][info][gc,ref      ] GC(508) Weak: 6141 encountered, 505 discovered, 15 enqueued
[123.191s][info][gc,ref      ] GC(508) Final: 62 encountered, 0 discovered, 0 enqueued
[123.191s][info][gc,ref      ] GC(508) Phantom: 619 encountered, 469 discovered, 0 enqueued
[123.191s][info][gc,reloc    ] GC(508) Small Pages: 155 / 310M, Empty: 6M, Relocated: 6M, In-Place: 0
[123.191s][info][gc,reloc    ] GC(508) Medium Pages: 2 / 64M, Empty: 0M, Relocated: 14M, In-Place: 0
[123.191s][info][gc,reloc    ] GC(508) Large Pages: 4 / 40M, Empty: 0M, Relocated: 0M, In-Place: 0
[123.191s][info][gc,reloc    ] GC(508) Forwarding Usage: 5M
[123.191s][info][gc,heap     ] GC(508) Min Capacity: 8M(1%)
[123.191s][info][gc,heap     ] GC(508) Max Capacity: 1024M(100%)
[123.191s][info][gc,heap     ] GC(508) Soft Max Capacity: 1024M(100%)
[123.191s][info][gc,heap     ] GC(508)                Mark Start          Mark End        Relocate Start      Relocate End           High               Low         
[123.191s][info][gc,heap     ] GC(508)  Capacity:     1024M (100%)       1024M (100%)       1024M (100%)       1024M (100%)       1024M (100%)       1024M (100%)   
[123.191s][info][gc,heap     ] GC(508)      Free:      610M (60%)         552M (54%)         556M (54%)         598M (58%)         610M (60%)         508M (50%)    
[123.191s][info][gc,heap     ] GC(508)      Used:      414M (40%)         472M (46%)         468M (46%)         426M (42%)         516M (50%)         414M (40%)    
[123.191s][info][gc,heap     ] GC(508)      Live:         -               303M (30%)         303M (30%)         303M (30%)            -                  -          
[123.191s][info][gc,heap     ] GC(508) Allocated:         -                58M (6%)           60M (6%)           59M (6%)             -                  -          
[123.191s][info][gc,heap     ] GC(508)   Garbage:         -               110M (11%)         104M (10%)          62M (6%)             -                  -          
[123.191s][info][gc,heap     ] GC(508) Reclaimed:         -                  -                 6M (1%)           47M (5%)             -                  -          
[123.191s][info][gc          ] GC(508) Garbage Collection (Allocation Rate) 414M(40%)->426M(42%)
[123.204s][info][gc,start    ] GC(509) Garbage Collection (Allocation Rate)
[123.204s][info][gc,task     ] GC(509) Using 10 workers
[123.204s][info][gc,phases   ] GC(509) Pause Mark Start 0.010ms
[123.307s][info][gc,phases   ] GC(509) Concurrent Mark 102.848ms
[123.307s][info][gc,phases   ] GC(509) Pause Mark End 0.031ms
[123.307s][info][gc,phases   ] GC(509) Concurrent Mark Free 0.001ms
[123.309s][info][gc,phases   ] GC(509) Concurrent Process Non-Strong References 2.042ms
[123.309s][info][gc,phases   ] GC(509) Concurrent Reset Relocation Set 0.002ms
[123.327s][info][gc,phases   ] GC(509) Concurrent Select Relocation Set 17.221ms
[123.327s][info][gc,phases   ] GC(509) Pause Relocate Start 0.012ms
[123.347s][info][gc,phases   ] GC(509) Concurrent Relocate 20.035ms
[123.347s][info][gc,load     ] GC(509) Load: 0.00/0.00/0.00
[123.347s][info][gc,mmu      ] GC(509) MMU: 2ms/95.6%, 5ms/98.2%, 10ms/99.1%, 20ms/99.6%, 50ms/99.8%, 100ms/99.9%
[123.347s][info][gc,marking  ] GC(509) Mark: 8 stripe(s), 4 proactive flush(es), 1 terminate flush(es), 0 completion(s), 0 continuation(s) 
[123.347s][info][gc,marking  ] GC(509) Mark Stack Usage: 32M
[123.347s][info][gc,nmethod  ] GC(509) NMethods: 6524 registered, 117 unregistered
[123.347s][info][gc,metaspace] GC(509) Metaspace: 65M used, 66M committed, 1088M reserved
[123.347s][info][gc,ref      ] GC(509) Soft: 2828 encountered, 0 discovered, 0 enqueued
[123.347s][info][gc,ref      ] GC(509) Weak: 6125 encountered, 1845 discovered, 5 enqueued
[123.347s][info][gc,ref      ] GC(509) Final: 62 encountered, 1 discovered, 0 enqueued
[123.347s][info][gc,ref      ] GC(509) Phantom: 618 encountered, 547 discovered, 0 enqueued
[123.347s][info][gc,reloc    ] GC(509) Small Pages: 162 / 324M, Empty: 14M, Relocated: 48M, In-Place: 0
[123.347s][info][gc,reloc    ] GC(509) Medium Pages: 2 / 64M, Empty: 0M, Relocated: 12M, In-Place: 0
[123.347s][info][gc,reloc    ] GC(509) Large Pages: 4 / 40M, Empty: 20M, Relocated: 0M, In-Place: 0
[123.347s][info][gc,reloc    ] GC(509) Forwarding Usage: 45M
[123.347s][info][gc,heap     ] GC(509) Min Capacity: 8M(1%)
[123.347s][info][gc,heap     ] GC(509) Max Capacity: 1024M(100%)
[123.347s][info][gc,heap     ] GC(509) Soft Max Capacity: 1024M(100%)
[123.347s][info][gc,heap     ] GC(509)                Mark Start          Mark End        Relocate Start      Relocate End           High               Low         
[123.347s][info][gc,heap     ] GC(509)  Capacity:     1024M (100%)       1024M (100%)       1024M (100%)       1024M (100%)       1024M (100%)       1024M (100%)   
[123.347s][info][gc,heap     ] GC(509)      Free:      596M (58%)         582M (57%)         614M (60%)         734M (72%)         734M (72%)         568M (55%)    
[123.347s][info][gc,heap     ] GC(509)      Used:      428M (42%)         442M (43%)         410M (40%)         290M (28%)         456M (45%)         290M (28%)    
[123.347s][info][gc,heap     ] GC(509)      Live:         -               234M (23%)         234M (23%)         234M (23%)            -                  -          
[123.347s][info][gc,heap     ] GC(509) Allocated:         -                14M (1%)           16M (2%)           15M (1%)             -                  -          
[123.347s][info][gc,heap     ] GC(509)   Garbage:         -               193M (19%)         159M (16%)          39M (4%)             -                  -          
[123.347s][info][gc,heap     ] GC(509) Reclaimed:         -                  -                34M (3%)          153M (15%)            -                  -          
[123.347s][info][gc          ] GC(509) Garbage Collection (Allocation Rate) 428M(42%)->290M(28%)
[123.417s][info][gc,start    ] GC(510) Garbage Collection (Allocation Rate)
[123.417s][info][gc,task     ] GC(510) Using 10 workers
[123.432s][info][gc,phases   ] GC(510) Pause Mark Start 0.017ms
[123.506s][info][gc,phases   ] GC(510) Concurrent Mark 73.302ms
[123.506s][info][gc,phases   ] GC(510) Pause Mark End 0.031ms
[123.506s][info][gc,phases   ] GC(510) Concurrent Mark Free 0.001ms
[123.508s][info][gc,phases   ] GC(510) Concurrent Process Non-Strong References 1.819ms
[123.508s][info][gc,phases   ] GC(510) Concurrent Reset Relocation Set 0.015ms
[123.518s][info][gc,phases   ] GC(510) Concurrent Select Relocation Set 10.214ms
[123.518s][info][gc,phases   ] GC(510) Pause Relocate Start 0.008ms
[123.521s][info][gc,phases   ] GC(510) Concurrent Relocate 2.381ms
[123.521s][info][gc,load     ] GC(510) Load: 0.00/0.00/0.00
[123.521s][info][gc,mmu      ] GC(510) MMU: 2ms/95.6%, 5ms/98.2%, 10ms/99.1%, 20ms/99.6%, 50ms/99.8%, 100ms/99.9%
[123.521s][info][gc,marking  ] GC(510) Mark: 8 stripe(s), 3 proactive flush(es), 1 terminate flush(es), 0 completion(s), 0 continuation(s) 
[123.521s][info][gc,marking  ] GC(510) Mark Stack Usage: 32M
[123.521s][info][gc,nmethod  ] GC(510) NMethods: 6535 registered, 118 unregistered
[123.521s][info][gc,metaspace] GC(510) Metaspace: 65M used, 66M committed, 1088M reserved
[123.521s][info][gc,ref      ] GC(510) Soft: 2837 encountered, 0 discovered, 0 enqueued
[123.521s][info][gc,ref      ] GC(510) Weak: 6198 encountered, 1153 discovered, 70 enqueued
[123.521s][info][gc,ref      ] GC(510) Final: 62 encountered, 4 discovered, 0 enqueued
[123.521s][info][gc,ref      ] GC(510) Phantom: 617 encountered, 522 discovered, 0 enqueued
[123.521s][info][gc,reloc    ] GC(510) Small Pages: 122 / 244M, Empty: 26M, Relocated: 2M, In-Place: 0
[123.521s][info][gc,reloc    ] GC(510) Medium Pages: 1 / 32M, Empty: 0M, Relocated: 0M, In-Place: 0
[123.521s][info][gc,reloc    ] GC(510) Large Pages: 2 / 20M, Empty: 20M, Relocated: 0M, In-Place: 0
[123.521s][info][gc,reloc    ] GC(510) Forwarding Usage: 1M
[123.521s][info][gc,heap     ] GC(510) Min Capacity: 8M(1%)
[123.521s][info][gc,heap     ] GC(510) Max Capacity: 1024M(100%)
[123.521s][info][gc,heap     ] GC(510) Soft Max Capacity: 1024M(100%)
[123.521s][info][gc,heap     ] GC(510)                Mark Start          Mark End        Relocate Start      Relocate End           High               Low         
[123.521s][info][gc,heap     ] GC(510)  Capacity:     1024M (100%)       1024M (100%)       1024M (100%)       1024M (100%)       1024M (100%)       1024M (100%)   
[123.521s][info][gc,heap     ] GC(510)      Free:      728M (71%)         712M (70%)         756M (74%)         788M (77%)         788M (77%)         712M (70%)    
[123.521s][info][gc,heap     ] GC(510)      Used:      296M (29%)         312M (30%)         268M (26%)         236M (23%)         312M (30%)         236M (23%)    
[123.521s][info][gc,heap     ] GC(510)      Live:         -               165M (16%)         165M (16%)         165M (16%)            -                  -          
[123.521s][info][gc,heap     ] GC(510) Allocated:         -                16M (2%)           18M (2%)           21M (2%)             -                  -          
[123.521s][info][gc,heap     ] GC(510)   Garbage:         -               130M (13%)          84M (8%)           48M (5%)             -                  -          
[123.521s][info][gc,heap     ] GC(510) Reclaimed:         -                  -                46M (4%)           81M (8%)             -                  -          
[123.521s][info][gc          ] GC(510) Garbage Collection (Allocation Rate) 296M(29%)->236M(23%)
[123.603s][info][gc,start    ] GC(511) Garbage Collection (Allocation Rate)
[123.603s][info][gc,task     ] GC(511) Using 10 workers
[123.603s][info][gc,phases   ] GC(511) Pause Mark Start 0.016ms
[123.697s][info][gc,phases   ] GC(511) Concurrent Mark 93.328ms
[123.697s][info][gc,phases   ] GC(511) Pause Mark End 0.017ms
[123.697s][info][gc,phases   ] GC(511) Concurrent Mark Free 0.001ms
[123.710s][info][gc,phases   ] GC(511) Concurrent Process Non-Strong References 13.191ms
[123.710s][info][gc,phases   ] GC(511) Concurrent Reset Relocation Set 0.004ms
[123.721s][info][gc,phases   ] GC(511) Concurrent Select Relocation Set 10.983ms
[123.721s][info][gc,phases   ] GC(511) Pause Relocate Start 0.007ms
[123.738s][info][gc,phases   ] GC(511) Concurrent Relocate 17.085ms
[123.739s][info][gc,load     ] GC(511) Load: 0.00/0.00/0.00
[123.739s][info][gc,mmu      ] GC(511) MMU: 2ms/95.6%, 5ms/98.2%, 10ms/99.1%, 20ms/99.6%, 50ms/99.8%, 100ms/99.9%
[123.739s][info][gc,marking  ] GC(511) Mark: 8 stripe(s), 10 proactive flush(es), 2 terminate flush(es), 0 completion(s), 0 continuation(s) 
[123.739s][info][gc,marking  ] GC(511) Mark Stack Usage: 32M
[123.739s][info][gc,nmethod  ] GC(511) NMethods: 6533 registered, 122 unregistered
[123.739s][info][gc,metaspace] GC(511) Metaspace: 65M used, 66M committed, 1088M reserved
[123.739s][info][gc,ref      ] GC(511) Soft: 3048 encountered, 0 discovered, 0 enqueued
[123.739s][info][gc,ref      ] GC(511) Weak: 6505 encountered, 1976 discovered, 199 enqueued
[123.739s][info][gc,ref      ] GC(511) Final: 62 encountered, 2 discovered, 0 enqueued
[123.739s][info][gc,ref      ] GC(511) Phantom: 619 encountered, 605 discovered, 0 enqueued
[123.739s][info][gc,reloc    ] GC(511) Small Pages: 155 / 310M, Empty: 0M, Relocated: 19M, In-Place: 0
[123.739s][info][gc,reloc    ] GC(511) Medium Pages: 2 / 64M, Empty: 0M, Relocated: 14M, In-Place: 0
[123.739s][info][gc,reloc    ] GC(511) Large Pages: 5 / 30M, Empty: 6M, Relocated: 0M, In-Place: 0
[123.739s][info][gc,reloc    ] GC(511) Forwarding Usage: 19M
[123.739s][info][gc,heap     ] GC(511) Min Capacity: 8M(1%)
[123.739s][info][gc,heap     ] GC(511) Max Capacity: 1024M(100%)
[123.739s][info][gc,heap     ] GC(511) Soft Max Capacity: 1024M(100%)
[123.739s][info][gc,heap     ] GC(511)                Mark Start          Mark End        Relocate Start      Relocate End           High               Low         
[123.739s][info][gc,heap     ] GC(511)  Capacity:     1024M (100%)       1024M (100%)       1024M (100%)       1024M (100%)       1024M (100%)       1024M (100%)   
[123.739s][info][gc,heap     ] GC(511)      Free:      620M (61%)         564M (55%)         548M (54%)         688M (67%)         688M (67%)         500M (49%)    
[123.739s][info][gc,heap     ] GC(511)      Used:      404M (39%)         460M (45%)         476M (46%)         336M (33%)         524M (51%)         336M (33%)    
[123.739s][info][gc,heap     ] GC(511)      Live:         -               210M (21%)         210M (21%)         210M (21%)            -                  -          
[123.739s][info][gc,heap     ] GC(511) Allocated:         -                56M (5%)           78M (8%)           85M (8%)             -                  -          
[123.739s][info][gc,heap     ] GC(511)   Garbage:         -               193M (19%)         187M (18%)          40M (4%)             -                  -          
[123.739s][info][gc,heap     ] GC(511) Reclaimed:         -                  -                 6M (1%)          153M (15%)            -                  -          
[123.739s][info][gc          ] GC(511) Garbage Collection (Allocation Rate) 404M(39%)->336M(33%)
[123.806s][info][gc,start    ] GC(512) Garbage Collection (Allocation Rate)
[123.806s][info][gc,task     ] GC(512) Using 10 workers
[123.806s][info][gc,phases   ] GC(512) Pause Mark Start 0.013ms
[123.875s][info][gc,phases   ] GC(512) Concurrent Mark 68.407ms
[123.875s][info][gc,phases   ] GC(512) Pause Mark End 0.027ms
[123.875s][info][gc,phases   ] GC(512) Concurrent Mark Free 0.001ms
[123.877s][info][gc,phases   ] GC(512) Concurrent Process Non-Strong References 1.988ms
[123.877s][info][gc,phases   ] GC(512) Concurrent Reset Relocation Set 0.013ms
[123.881s][info][gc,phases   ] GC(512) Concurrent Select Relocation Set 4.304ms
[123.882s][info][gc,phases   ] GC(512) Pause Relocate Start 0.009ms
[123.884s][info][gc,phases   ] GC(512) Concurrent Relocate 2.376ms
[123.884s][info][gc,load     ] GC(512) Load: 0.00/0.00/0.00
[123.884s][info][gc,mmu      ] GC(512) MMU: 2ms/95.6%, 5ms/98.2%, 10ms/99.1%, 20ms/99.6%, 50ms/99.8%, 100ms/99.9%
[123.884s][info][gc,marking  ] GC(512) Mark: 8 stripe(s), 2 proactive flush(es), 1 terminate flush(es), 0 completion(s), 0 continuation(s) 
[123.884s][info][gc,marking  ] GC(512) Mark Stack Usage: 32M
[123.884s][info][gc,nmethod  ] GC(512) NMethods: 6549 registered, 123 unregistered
[123.884s][info][gc,metaspace] GC(512) Metaspace: 65M used, 66M committed, 1088M reserved
[123.884s][info][gc,ref      ] GC(512) Soft: 3056 encountered, 0 discovered, 0 enqueued
[123.884s][info][gc,ref      ] GC(512) Weak: 6326 encountered, 1106 discovered, 156 enqueued
[123.884s][info][gc,ref      ] GC(512) Final: 62 encountered, 0 discovered, 0 enqueued
[123.884s][info][gc,ref      ] GC(512) Phantom: 617 encountered, 486 discovered, 0 enqueued
[123.884s][info][gc,reloc    ] GC(512) Small Pages: 177 / 354M, Empty: 146M, Relocated: 4M, In-Place: 0
[123.884s][info][gc,reloc    ] GC(512) Medium Pages: 1 / 32M, Empty: 0M, Relocated: 0M, In-Place: 0
[123.884s][info][gc,reloc    ] GC(512) Large Pages: 4 / 24M, Empty: 24M, Relocated: 0M, In-Place: 0
[123.884s][info][gc,reloc    ] GC(512) Forwarding Usage: 2M
[123.884s][info][gc,heap     ] GC(512) Min Capacity: 8M(1%)
[123.884s][info][gc,heap     ] GC(512) Max Capacity: 1024M(100%)
[123.884s][info][gc,heap     ] GC(512) Soft Max Capacity: 1024M(100%)
[123.884s][info][gc,heap     ] GC(512)                Mark Start          Mark End        Relocate Start      Relocate End           High               Low         
[123.884s][info][gc,heap     ] GC(512)  Capacity:     1024M (100%)       1024M (100%)       1024M (100%)       1024M (100%)       1024M (100%)       1024M (100%)   
[123.884s][info][gc,heap     ] GC(512)      Free:      614M (60%)         520M (51%)         676M (66%)         702M (69%)         702M (69%)         516M (50%)    
[123.884s][info][gc,heap     ] GC(512)      Used:      410M (40%)         504M (49%)         348M (34%)         322M (31%)         508M (50%)         322M (31%)    
[123.884s][info][gc,heap     ] GC(512)      Live:         -               166M (16%)         166M (16%)         166M (16%)            -                  -          
[123.884s][info][gc,heap     ] GC(512) Allocated:         -                94M (9%)          108M (11%)         109M (11%)            -                  -          
[123.884s][info][gc,heap     ] GC(512)   Garbage:         -               243M (24%)          73M (7%)           45M (4%)             -                  -          
[123.884s][info][gc,heap     ] GC(512) Reclaimed:         -                  -               170M (17%)         197M (19%)            -                  -          
[123.884s][info][gc          ] GC(512) Garbage Collection (Allocation Rate) 410M(40%)->322M(31%)
[124.115s][info][gc,start    ] GC(513) Garbage Collection (Allocation Rate)
[124.178s][info][gc,task     ] GC(513) Using 10 workers
[124.178s][info][gc,phases   ] GC(513) Pause Mark Start 0.017ms
[124.266s][info][gc,phases   ] GC(513) Concurrent Mark 88.123ms
[124.266s][info][gc,phases   ] GC(513) Pause Mark End 0.033ms
[124.266s][info][gc,phases   ] GC(513) Concurrent Mark Free 0.001ms
[124.278s][info][gc,phases   ] GC(513) Concurrent Process Non-Strong References 11.778ms
[124.278s][info][gc,phases   ] GC(513) Concurrent Reset Relocation Set 0.004ms
[124.287s][info][gc,phases   ] GC(513) Concurrent Select Relocation Set 8.376ms
[124.287s][info][gc,phases   ] GC(513) Pause Relocate Start 0.014ms
[124.303s][info][gc,phases   ] GC(513) Concurrent Relocate 15.678ms
[124.303s][info][gc,load     ] GC(513) Load: 0.00/0.00/0.00
[124.303s][info][gc,mmu      ] GC(513) MMU: 2ms/95.6%, 5ms/98.2%, 10ms/99.1%, 20ms/99.6%, 50ms/99.8%, 100ms/99.9%
[124.303s][info][gc,marking  ] GC(513) Mark: 8 stripe(s), 2 proactive flush(es), 1 terminate flush(es), 0 completion(s), 0 continuation(s) 
[124.303s][info][gc,marking  ] GC(513) Mark Stack Usage: 32M
