[0.016s][info][gc,init] Initializing The Z Garbage Collector
[0.016s][info][gc,init] Version: 20+36-2344 (release)
[0.016s][info][gc,init] NUMA Support: Disabled
[0.016s][info][gc,init] CPUs: 48 total, 48 available
[0.016s][info][gc,init] Memory: 391843M
[0.016s][info][gc,init] Large Page Support: Disabled
[0.017s][info][gc,init] GC Workers: 12 (dynamic)
[0.018s][info][gc,init] Address Space Type: Contiguous/Unrestricted/Complete
[0.018s][info][gc,init] Address Space Size: 32768M x 3 = 98304M
[0.018s][info][gc,init] Min Capacity: 8M
[0.018s][info][gc,init] Initial Capacity: 2048M
[0.037s][info][gc,init] Max Capacity: 2048M
[0.038s][info][gc,init] Medium Page Size: 32M
[0.038s][info][gc,init] Pre-touch: Disabled
[0.038s][info][gc,init] Uncommit: Enabled
[0.038s][info][gc,init] Uncommit Delay: 300s
[0.136s][info][gc,init] Runtime Workers: 20
[0.138s][info][gc     ] Using The Z Garbage Collector
[0.139s][info][gc,metaspace] CDS archive(s) mapped at: [0x0000000800000000-0x0000000800c60000-0x0000000800c60000), size 12976128, SharedBaseAddress: 0x0000000800000000, ArchiveRelocationMode: 0.
[0.139s][info][gc,metaspace] Compressed class space mapped at: 0x0000000801000000-0x0000000841000000, reserved size: 1073741824
[0.139s][info][gc,metaspace] Narrow klass base: 0x0000000800000000, Narrow klass shift: 0, Narrow klass range: 0x100000000
[9.934s][info][gc,start    ] GC(0) Garbage Collection (Metadata GC Threshold)
[9.934s][info][gc,task     ] GC(0) Using 12 workers
[9.934s][info][gc,phases   ] GC(0) Pause Mark Start 0.015ms
[9.964s][info][gc,phases   ] GC(0) Concurrent Mark 29.267ms
[9.964s][info][gc,phases   ] GC(0) Pause Mark End 0.023ms
[9.964s][info][gc,phases   ] GC(0) Concurrent Mark Free 0.001ms
[9.981s][info][gc,phases   ] GC(0) Concurrent Process Non-Strong References 16.614ms
[9.981s][info][gc,phases   ] GC(0) Concurrent Reset Relocation Set 0.001ms
[9.996s][info][gc,phases   ] GC(0) Concurrent Select Relocation Set 15.120ms
[9.996s][info][gc,phases   ] GC(0) Pause Relocate Start 0.008ms
[10.002s][info][gc,phases   ] GC(0) Concurrent Relocate 5.454ms
[10.002s][info][gc,load     ] GC(0) Load: 0.00/0.00/0.00
[10.002s][info][gc,mmu      ] GC(0) MMU: 2ms/98.9%, 5ms/99.6%, 10ms/99.8%, 20ms/99.9%, 50ms/99.9%, 100ms/100.0%
[10.002s][info][gc,marking  ] GC(0) Mark: 8 stripe(s), 2 proactive flush(es), 2 terminate flush(es), 0 completion(s), 0 continuation(s) 
[10.002s][info][gc,marking  ] GC(0) Mark Stack Usage: 32M
[10.002s][info][gc,nmethod  ] GC(0) NMethods: 1879 registered, 326 unregistered
[10.002s][info][gc,metaspace] GC(0) Metaspace: 21M used, 22M committed, 1088M reserved
[10.002s][info][gc,ref      ] GC(0) Soft: 3531 encountered, 0 discovered, 0 enqueued
[10.002s][info][gc,ref      ] GC(0) Weak: 1701 encountered, 740 discovered, 502 enqueued
[10.002s][info][gc,ref      ] GC(0) Final: 1 encountered, 1 discovered, 0 enqueued
[10.002s][info][gc,ref      ] GC(0) Phantom: 958 encountered, 818 discovered, 377 enqueued
[10.002s][info][gc,reloc    ] GC(0) Small Pages: 41 / 82M, Empty: 0M, Relocated: 8M, In-Place: 0
[10.002s][info][gc,reloc    ] GC(0) Medium Pages: 1 / 32M, Empty: 0M, Relocated: 0M, In-Place: 0
[10.002s][info][gc,reloc    ] GC(0) Large Pages: 0 / 0M, Empty: 0M, Relocated: 0M, In-Place: 0
[10.002s][info][gc,reloc    ] GC(0) Forwarding Usage: 2M
[10.002s][info][gc,heap     ] GC(0) Min Capacity: 8M(0%)
[10.002s][info][gc,heap     ] GC(0) Max Capacity: 2048M(100%)
[10.002s][info][gc,heap     ] GC(0) Soft Max Capacity: 2048M(100%)
[10.002s][info][gc,heap     ] GC(0)                Mark Start          Mark End        Relocate Start      Relocate End           High               Low         
[10.002s][info][gc,heap     ] GC(0)  Capacity:     2048M (100%)       2048M (100%)       2048M (100%)       2048M (100%)       2048M (100%)       2048M (100%)   
[10.002s][info][gc,heap     ] GC(0)      Free:     1934M (94%)        1932M (94%)        1928M (94%)        1978M (97%)        1978M (97%)        1906M (93%)    
[10.002s][info][gc,heap     ] GC(0)      Used:      114M (6%)          116M (6%)          120M (6%)           70M (3%)          142M (7%)           70M (3%)     
[10.002s][info][gc,heap     ] GC(0)      Live:         -                19M (1%)           19M (1%)           19M (1%)             -                  -          
[10.003s][info][gc,heap     ] GC(0) Allocated:         -                 2M (0%)            6M (0%)            5M (0%)             -                  -          
[10.003s][info][gc,heap     ] GC(0)   Garbage:         -                94M (5%)           94M (5%)           44M (2%)             -                  -          
[10.003s][info][gc,heap     ] GC(0) Reclaimed:         -                  -                 0M (0%)           49M (2%)             -                  -          
[10.003s][info][gc          ] GC(0) Garbage Collection (Metadata GC Threshold) 114M(6%)->70M(3%)
[10.182s][info][gc,stats    ] === Garbage Collection Statistics =======================================================================================================================
[10.183s][info][gc,stats    ]                                                              Last 10s              Last 10m              Last 10h                Total
[10.183s][info][gc,stats    ]                                                              Avg / Max             Avg / Max             Avg / Max             Avg / Max
[10.183s][info][gc,stats    ]   Collector: Garbage Collection Cycle                     67.780 / 67.780       67.780 / 67.780       67.780 / 67.780       67.780 / 67.780      ms
[10.183s][info][gc,stats    ]  Contention: Mark Segment Reset Contention                     0 / 0                 0 / 0                 0 / 0                 0 / 0           ops/s
[10.183s][info][gc,stats    ]  Contention: Mark SeqNum Reset Contention                      0 / 0                 0 / 0                 0 / 0                 0 / 0           ops/s
[10.183s][info][gc,stats    ]    Critical: Allocation Stall                                  0 / 0                 0 / 0                 0 / 0                 0 / 0           ops/s
[10.183s][info][gc,stats    ]    Critical: Allocation Stall                              0.000 / 0.000         0.000 / 0.000         0.000 / 0.000         0.000 / 0.000       ms
[10.183s][info][gc,stats    ]    Critical: GC Locker Stall                                   0 / 0                 0 / 0                 0 / 0                 0 / 0           ops/s
[10.183s][info][gc,stats    ]    Critical: GC Locker Stall                               0.000 / 0.000         0.000 / 0.000         0.000 / 0.000         0.000 / 0.000       ms
[10.183s][info][gc,stats    ]    Critical: Relocation Stall                                  0 / 0                 0 / 0                 0 / 0                 0 / 0           ops/s
[10.183s][info][gc,stats    ]    Critical: Relocation Stall                              0.000 / 0.000         0.000 / 0.000         0.000 / 0.000         0.000 / 0.000       ms
[10.183s][info][gc,stats    ]      Memory: Allocation Rate                                  12 / 48               12 / 48               12 / 48               12 / 48          MB/s
[10.183s][info][gc,stats    ]      Memory: Defragment                                        0 / 0                 0 / 0                 0 / 0                 0 / 0           ops/s
[10.183s][info][gc,stats    ]      Memory: Out Of Memory                                     0 / 0                 0 / 0                 0 / 0                 0 / 0           ops/s
[10.183s][info][gc,stats    ]      Memory: Page Cache Flush                                  0 / 0                 0 / 0                 0 / 0                 0 / 0           MB/s
[10.183s][info][gc,stats    ]      Memory: Page Cache Hit L1                                 0 / 6                 0 / 6                 0 / 6                 0 / 6           ops/s
[10.183s][info][gc,stats    ]      Memory: Page Cache Hit L2                                 0 / 0                 0 / 0                 0 / 0                 0 / 0           ops/s
[10.183s][info][gc,stats    ]      Memory: Page Cache Hit L3                                 5 / 30                5 / 30                5 / 30                5 / 30          ops/s
[10.183s][info][gc,stats    ]      Memory: Page Cache Miss                                   0 / 1                 0 / 1                 0 / 1                 0 / 1           ops/s
[10.183s][info][gc,stats    ]      Memory: Uncommit                                          0 / 0                 0 / 0                 0 / 0                 0 / 0           MB/s
[10.183s][info][gc,stats    ]      Memory: Undo Object Allocation Failed                     0 / 0                 0 / 0                 0 / 0                 0 / 0           ops/s
[10.183s][info][gc,stats    ]      Memory: Undo Object Allocation Succeeded                  0 / 0                 0 / 0                 0 / 0                 0 / 0           ops/s
[10.183s][info][gc,stats    ]      Memory: Undo Page Allocation                              0 / 0                 0 / 0                 0 / 0                 0 / 0           ops/s
[10.183s][info][gc,stats    ]       Phase: Concurrent Mark                              29.267 / 29.267       29.267 / 29.267       29.267 / 29.267       29.267 / 29.267      ms
[10.183s][info][gc,stats    ]       Phase: Concurrent Mark Continue                      0.000 / 0.000         0.000 / 0.000         0.000 / 0.000         0.000 / 0.000       ms
[10.184s][info][gc,stats    ]       Phase: Concurrent Mark Free                          0.001 / 0.001         0.001 / 0.001         0.001 / 0.001         0.001 / 0.001       ms
[10.184s][info][gc,stats    ]       Phase: Concurrent Process Non-Strong References     16.614 / 16.614       16.614 / 16.614       16.614 / 16.614       16.614 / 16.614      ms
[10.184s][info][gc,stats    ]       Phase: Concurrent Relocate                           5.454 / 5.454         5.454 / 5.454         5.454 / 5.454         5.454 / 5.454       ms
[10.184s][info][gc,stats    ]       Phase: Concurrent Reset Relocation Set               0.001 / 0.001         0.001 / 0.001         0.001 / 0.001         0.001 / 0.001       ms
[10.184s][info][gc,stats    ]       Phase: Concurrent Select Relocation Set             15.120 / 15.120       15.120 / 15.120       15.120 / 15.120       15.120 / 15.120      ms
[10.184s][info][gc,stats    ]       Phase: Pause Mark End                                0.023 / 0.023         0.023 / 0.023         0.023 / 0.023         0.023 / 0.023       ms
[10.184s][info][gc,stats    ]       Phase: Pause Mark Start                              0.015 / 0.015         0.015 / 0.015         0.015 / 0.015         0.015 / 0.015       ms
[10.184s][info][gc,stats    ]       Phase: Pause Relocate Start                          0.008 / 0.008         0.008 / 0.008         0.008 / 0.008         0.008 / 0.008       ms
[10.184s][info][gc,stats    ]    Subphase: Concurrent Classes Purge                      1.304 / 1.304         1.304 / 1.304         1.304 / 1.304         1.304 / 1.304       ms
[10.184s][info][gc,stats    ]    Subphase: Concurrent Classes Unlink                     0.634 / 0.634         0.634 / 0.634         0.634 / 0.634         0.634 / 0.634       ms
[10.184s][info][gc,stats    ]    Subphase: Concurrent Mark                              25.434 / 26.803       25.434 / 26.803       25.434 / 26.803       25.434 / 26.803      ms
[10.184s][info][gc,stats    ]    Subphase: Concurrent Mark Try Flush                     0.060 / 0.104         0.060 / 0.104         0.060 / 0.104         0.060 / 0.104       ms
[10.184s][info][gc,stats    ]    Subphase: Concurrent Mark Try Terminate                 8.844 / 15.648        8.844 / 15.648        8.844 / 15.648        8.844 / 15.648      ms
[10.184s][info][gc,stats    ]    Subphase: Concurrent References Enqueue                 0.005 / 0.005         0.005 / 0.005         0.005 / 0.005         0.005 / 0.005       ms
[10.184s][info][gc,stats    ]    Subphase: Concurrent References Process                 0.092 / 0.092         0.092 / 0.092         0.092 / 0.092         0.092 / 0.092       ms
[10.184s][info][gc,stats    ]    Subphase: Concurrent Roots ClassLoaderDataGraph         0.063 / 0.380         0.063 / 0.380         0.063 / 0.380         0.063 / 0.380       ms
[10.184s][info][gc,stats    ]    Subphase: Concurrent Roots CodeCache                    0.000 / 0.000         0.000 / 0.000         0.000 / 0.000         0.000 / 0.000       ms
[10.184s][info][gc,stats    ]    Subphase: Concurrent Roots JavaThreads                  0.480 / 2.192         0.480 / 2.192         0.480 / 2.192         0.480 / 2.192       ms
[10.184s][info][gc,stats    ]    Subphase: Concurrent Roots OopStorageSet                0.142 / 0.277         0.142 / 0.277         0.142 / 0.277         0.142 / 0.277       ms
[10.184s][info][gc,stats    ]    Subphase: Concurrent Weak Roots OopStorageSet           0.123 / 0.132         0.123 / 0.132         0.123 / 0.132         0.123 / 0.132       ms
[10.184s][info][gc,stats    ]    Subphase: Pause Mark Try Complete                       0.000 / 0.000         0.000 / 0.000         0.000 / 0.000         0.000 / 0.000       ms
[10.184s][info][gc,stats    ]      System: Java Threads                                     18 / 18               18 / 18               18 / 18               18 / 18          threads
[10.184s][info][gc,stats    ] =========================================================================================================================================================
[11.128s][info][gc,start    ] GC(1) Garbage Collection (Metadata GC Threshold)
[11.128s][info][gc,task     ] GC(1) Using 12 workers
[11.128s][info][gc,phases   ] GC(1) Pause Mark Start 0.016ms
[11.156s][info][gc,phases   ] GC(1) Concurrent Mark 27.978ms
[11.157s][info][gc,phases   ] GC(1) Pause Mark End 0.014ms
[11.157s][info][gc,phases   ] GC(1) Concurrent Mark Free 0.001ms
[11.158s][info][gc,phases   ] GC(1) Concurrent Process Non-Strong References 1.418ms
[11.158s][info][gc,phases   ] GC(1) Concurrent Reset Relocation Set 0.004ms
[11.166s][info][gc,phases   ] GC(1) Concurrent Select Relocation Set 7.745ms
[11.166s][info][gc,phases   ] GC(1) Pause Relocate Start 0.007ms
[11.173s][info][gc,phases   ] GC(1) Concurrent Relocate 7.367ms
[11.174s][info][gc,load     ] GC(1) Load: 0.00/0.00/0.00
[11.174s][info][gc,mmu      ] GC(1) MMU: 2ms/98.9%, 5ms/99.6%, 10ms/99.8%, 20ms/99.9%, 50ms/99.9%, 100ms/100.0%
[11.174s][info][gc,marking  ] GC(1) Mark: 8 stripe(s), 2 proactive flush(es), 1 terminate flush(es), 0 completion(s), 0 continuation(s) 
[11.174s][info][gc,marking  ] GC(1) Mark Stack Usage: 32M
[11.174s][info][gc,nmethod  ] GC(1) NMethods: 2736 registered, 146 unregistered
[11.174s][info][gc,metaspace] GC(1) Metaspace: 36M used, 37M committed, 1088M reserved
[11.174s][info][gc,ref      ] GC(1) Soft: 3856 encountered, 0 discovered, 0 enqueued
[11.174s][info][gc,ref      ] GC(1) Weak: 2885 encountered, 823 discovered, 509 enqueued
[11.174s][info][gc,ref      ] GC(1) Final: 82 encountered, 33 discovered, 0 enqueued
[11.174s][info][gc,ref      ] GC(1) Phantom: 972 encountered, 833 discovered, 381 enqueued
[11.174s][info][gc,reloc    ] GC(1) Small Pages: 53 / 106M, Empty: 0M, Relocated: 15M, In-Place: 0
[11.174s][info][gc,reloc    ] GC(1) Medium Pages: 1 / 32M, Empty: 0M, Relocated: 0M, In-Place: 0
[11.174s][info][gc,reloc    ] GC(1) Large Pages: 0 / 0M, Empty: 0M, Relocated: 0M, In-Place: 0
[11.174s][info][gc,reloc    ] GC(1) Forwarding Usage: 5M
[11.174s][info][gc,heap     ] GC(1) Min Capacity: 8M(0%)
[11.174s][info][gc,heap     ] GC(1) Max Capacity: 2048M(100%)
[11.174s][info][gc,heap     ] GC(1) Soft Max Capacity: 2048M(100%)
[11.174s][info][gc,heap     ] GC(1)                Mark Start          Mark End        Relocate Start      Relocate End           High               Low         
[11.174s][info][gc,heap     ] GC(1)  Capacity:     2048M (100%)       2048M (100%)       2048M (100%)       2048M (100%)       2048M (100%)       2048M (100%)   
[11.174s][info][gc,heap     ] GC(1)      Free:     1910M (93%)        1908M (93%)        1906M (93%)        1978M (97%)        1978M (97%)        1886M (92%)    
[11.174s][info][gc,heap     ] GC(1)      Used:      138M (7%)          140M (7%)          142M (7%)           70M (3%)          162M (8%)           70M (3%)     
[11.174s][info][gc,heap     ] GC(1)      Live:         -                26M (1%)           26M (1%)           26M (1%)             -                  -          
[11.174s][info][gc,heap     ] GC(1) Allocated:         -                 2M (0%)            4M (0%)            3M (0%)             -                  -          
[11.174s][info][gc,heap     ] GC(1)   Garbage:         -               111M (5%)          111M (5%)           39M (2%)             -                  -          
[11.174s][info][gc,heap     ] GC(1) Reclaimed:         -                  -                 0M (0%)           71M (4%)             -                  -          
[11.174s][info][gc          ] GC(1) Garbage Collection (Metadata GC Threshold) 138M(7%)->70M(3%)
[11.680s][info][gc,start    ] GC(2) Garbage Collection (Warmup)
[11.680s][info][gc,task     ] GC(2) Using 12 workers
[11.680s][info][gc,phases   ] GC(2) Pause Mark Start 0.016ms
[12.071s][info][gc,phases   ] GC(2) Concurrent Mark 390.013ms
[12.071s][info][gc,phases   ] GC(2) Pause Mark End 0.027ms
[12.071s][info][gc,phases   ] GC(2) Concurrent Mark Free 0.001ms
[12.073s][info][gc,phases   ] GC(2) Concurrent Process Non-Strong References 1.972ms
[12.073s][info][gc,phases   ] GC(2) Concurrent Reset Relocation Set 0.010ms
[12.077s][info][gc,phases   ] GC(2) Concurrent Select Relocation Set 4.077ms
[12.077s][info][gc,phases   ] GC(2) Pause Relocate Start 0.009ms
[12.083s][info][gc,phases   ] GC(2) Concurrent Relocate 5.543ms
[12.083s][info][gc,load     ] GC(2) Load: 0.00/0.00/0.00
[12.083s][info][gc,mmu      ] GC(2) MMU: 2ms/98.7%, 5ms/99.5%, 10ms/99.6%, 20ms/99.8%, 50ms/99.9%, 100ms/100.0%
[12.083s][info][gc,marking  ] GC(2) Mark: 8 stripe(s), 10 proactive flush(es), 1 terminate flush(es), 0 completion(s), 0 continuation(s) 
[12.083s][info][gc,marking  ] GC(2) Mark Stack Usage: 32M
[12.083s][info][gc,nmethod  ] GC(2) NMethods: 2913 registered, 224 unregistered
[12.083s][info][gc,metaspace] GC(2) Metaspace: 41M used, 41M committed, 1088M reserved
[12.083s][info][gc,ref      ] GC(2) Soft: 3889 encountered, 0 discovered, 0 enqueued
[12.083s][info][gc,ref      ] GC(2) Weak: 2755 encountered, 910 discovered, 226 enqueued
[12.083s][info][gc,ref      ] GC(2) Final: 82 encountered, 43 discovered, 0 enqueued
[12.083s][info][gc,ref      ] GC(2) Phantom: 779 encountered, 684 discovered, 184 enqueued
[12.083s][info][gc,reloc    ] GC(2) Small Pages: 116 / 232M, Empty: 0M, Relocated: 10M, In-Place: 0
[12.083s][info][gc,reloc    ] GC(2) Medium Pages: 1 / 32M, Empty: 0M, Relocated: 0M, In-Place: 0
[12.083s][info][gc,reloc    ] GC(2) Large Pages: 0 / 0M, Empty: 0M, Relocated: 0M, In-Place: 0
[12.083s][info][gc,reloc    ] GC(2) Forwarding Usage: 3M
[12.083s][info][gc,heap     ] GC(2) Min Capacity: 8M(0%)
[12.083s][info][gc,heap     ] GC(2) Max Capacity: 2048M(100%)
[12.083s][info][gc,heap     ] GC(2) Soft Max Capacity: 2048M(100%)
[12.083s][info][gc,heap     ] GC(2)                Mark Start          Mark End        Relocate Start      Relocate End           High               Low         
[12.083s][info][gc,heap     ] GC(2)  Capacity:     2048M (100%)       2048M (100%)       2048M (100%)       2048M (100%)       2048M (100%)       2048M (100%)   
[12.083s][info][gc,heap     ] GC(2)      Free:     1784M (87%)        1558M (76%)        1558M (76%)        1580M (77%)        1784M (87%)        1538M (75%)    
[12.083s][info][gc,heap     ] GC(2)      Used:      264M (13%)         490M (24%)         490M (24%)         468M (23%)         510M (25%)         264M (13%)    
[12.083s][info][gc,heap     ] GC(2)      Live:         -               193M (9%)          193M (9%)          193M (9%)             -                  -          
[12.083s][info][gc,heap     ] GC(2) Allocated:         -               226M (11%)         226M (11%)         227M (11%)            -                  -          
[12.083s][info][gc,heap     ] GC(2)   Garbage:         -                70M (3%)           70M (3%)           46M (2%)             -                  -          
[12.083s][info][gc,heap     ] GC(2) Reclaimed:         -                  -                 0M (0%)           23M (1%)             -                  -          
[12.083s][info][gc          ] GC(2) Garbage Collection (Warmup) 264M(13%)->468M(23%)
[12.180s][info][gc,start    ] GC(3) Garbage Collection (Warmup)
[12.180s][info][gc,task     ] GC(3) Using 12 workers
[12.180s][info][gc,phases   ] GC(3) Pause Mark Start 0.012ms
[13.195s][info][gc,phases   ] GC(3) Concurrent Mark 1014.993ms
[13.195s][info][gc,phases   ] GC(3) Pause Mark End 0.024ms
[13.196s][info][gc,phases   ] GC(3) Concurrent Mark Free 0.001ms
[13.197s][info][gc,phases   ] GC(3) Concurrent Process Non-Strong References 1.601ms
[13.197s][info][gc,phases   ] GC(3) Concurrent Reset Relocation Set 0.004ms
[13.201s][info][gc,phases   ] GC(3) Concurrent Select Relocation Set 3.752ms
[13.201s][info][gc,phases   ] GC(3) Pause Relocate Start 0.008ms
[13.208s][info][gc,phases   ] GC(3) Concurrent Relocate 6.342ms
[13.208s][info][gc,load     ] GC(3) Load: 0.00/0.00/0.00
[13.208s][info][gc,mmu      ] GC(3) MMU: 2ms/98.7%, 5ms/99.5%, 10ms/99.6%, 20ms/99.8%, 50ms/99.9%, 100ms/100.0%
[13.208s][info][gc,marking  ] GC(3) Mark: 8 stripe(s), 10 proactive flush(es), 2 terminate flush(es), 0 completion(s), 0 continuation(s) 
[13.208s][info][gc,marking  ] GC(3) Mark Stack Usage: 32M
[13.208s][info][gc,nmethod  ] GC(3) NMethods: 2978 registered, 225 unregistered
[13.208s][info][gc,metaspace] GC(3) Metaspace: 41M used, 41M committed, 1088M reserved
[13.208s][info][gc,ref      ] GC(3) Soft: 3889 encountered, 0 discovered, 0 enqueued
[13.208s][info][gc,ref      ] GC(3) Weak: 2529 encountered, 261 discovered, 0 enqueued
[13.208s][info][gc,ref      ] GC(3) Final: 82 encountered, 43 discovered, 0 enqueued
[13.208s][info][gc,ref      ] GC(3) Phantom: 595 encountered, 360 discovered, 0 enqueued
[13.208s][info][gc,reloc    ] GC(3) Small Pages: 249 / 498M, Empty: 0M, Relocated: 6M, In-Place: 0
[13.208s][info][gc,reloc    ] GC(3) Medium Pages: 1 / 32M, Empty: 0M, Relocated: 0M, In-Place: 0
[13.208s][info][gc,reloc    ] GC(3) Large Pages: 0 / 0M, Empty: 0M, Relocated: 0M, In-Place: 0
[13.208s][info][gc,reloc    ] GC(3) Forwarding Usage: 2M
[13.208s][info][gc,heap     ] GC(3) Min Capacity: 8M(0%)
[13.208s][info][gc,heap     ] GC(3) Max Capacity: 2048M(100%)
[13.208s][info][gc,heap     ] GC(3) Soft Max Capacity: 2048M(100%)
[13.208s][info][gc,heap     ] GC(3)                Mark Start          Mark End        Relocate Start      Relocate End           High               Low         
[13.208s][info][gc,heap     ] GC(3)  Capacity:     2048M (100%)       2048M (100%)       2048M (100%)       2048M (100%)       2048M (100%)       2048M (100%)   
[13.208s][info][gc,heap     ] GC(3)      Free:     1518M (74%)        1266M (62%)        1264M (62%)        1264M (62%)        1518M (74%)        1244M (61%)    
[13.208s][info][gc,heap     ] GC(3)      Used:      530M (26%)         782M (38%)         784M (38%)         784M (38%)         804M (39%)         530M (26%)    
[13.208s][info][gc,heap     ] GC(3)      Live:         -               476M (23%)         476M (23%)         476M (23%)            -                  -          
[13.208s][info][gc,heap     ] GC(3) Allocated:         -               252M (12%)         254M (12%)         254M (12%)            -                  -          
[13.208s][info][gc,heap     ] GC(3)   Garbage:         -                53M (3%)           53M (3%)           53M (3%)             -                  -          
[13.208s][info][gc,heap     ] GC(3) Reclaimed:         -                  -                 0M (0%)            0M (0%)             -                  -          
[13.208s][info][gc          ] GC(3) Garbage Collection (Warmup) 530M(26%)->784M(38%)
[13.273s][info][gc,start    ] GC(4) Garbage Collection (Warmup)
[13.273s][info][gc,task     ] GC(4) Using 12 workers
[13.274s][info][gc,phases   ] GC(4) Pause Mark Start 0.014ms
[14.352s][info][gc,phases   ] GC(4) Concurrent Mark 1077.882ms
[14.367s][info][gc,phases   ] GC(4) Pause Mark End 0.024ms
[14.367s][info][gc,phases   ] GC(4) Concurrent Mark Free 0.001ms
[14.369s][info][gc,phases   ] GC(4) Concurrent Process Non-Strong References 1.903ms
[14.369s][info][gc,phases   ] GC(4) Concurrent Reset Relocation Set 0.002ms
[14.378s][info][gc,phases   ] GC(4) Concurrent Select Relocation Set 8.589ms
[14.378s][info][gc,phases   ] GC(4) Pause Relocate Start 0.010ms
[14.386s][info][gc,phases   ] GC(4) Concurrent Relocate 8.080ms
[14.386s][info][gc,load     ] GC(4) Load: 0.00/0.00/0.00
[14.386s][info][gc,mmu      ] GC(4) MMU: 2ms/98.7%, 5ms/99.5%, 10ms/99.6%, 20ms/99.8%, 50ms/99.9%, 100ms/100.0%
[14.386s][info][gc,marking  ] GC(4) Mark: 8 stripe(s), 3 proactive flush(es), 1 terminate flush(es), 0 completion(s), 0 continuation(s) 
[14.387s][info][gc,marking  ] GC(4) Mark Stack Usage: 32M
[14.387s][info][gc,nmethod  ] GC(4) NMethods: 3385 registered, 274 unregistered
[14.387s][info][gc,metaspace] GC(4) Metaspace: 47M used, 48M committed, 1088M reserved
[14.387s][info][gc,ref      ] GC(4) Soft: 3889 encountered, 0 discovered, 0 enqueued
[14.387s][info][gc,ref      ] GC(4) Weak: 2529 encountered, 1106 discovered, 0 enqueued
[14.387s][info][gc,ref      ] GC(4) Final: 82 encountered, 1 discovered, 0 enqueued
[14.387s][info][gc,ref      ] GC(4) Phantom: 597 encountered, 382 discovered, 0 enqueued
[14.387s][info][gc,reloc    ] GC(4) Small Pages: 376 / 752M, Empty: 0M, Relocated: 10M, In-Place: 0
[14.387s][info][gc,reloc    ] GC(4) Medium Pages: 1 / 32M, Empty: 0M, Relocated: 0M, In-Place: 0
[14.387s][info][gc,reloc    ] GC(4) Large Pages: 0 / 0M, Empty: 0M, Relocated: 0M, In-Place: 0
[14.387s][info][gc,reloc    ] GC(4) Forwarding Usage: 4M
[14.387s][info][gc,heap     ] GC(4) Min Capacity: 8M(0%)
[14.387s][info][gc,heap     ] GC(4) Max Capacity: 2048M(100%)
[14.387s][info][gc,heap     ] GC(4) Soft Max Capacity: 2048M(100%)
[14.387s][info][gc,heap     ] GC(4)                Mark Start          Mark End        Relocate Start      Relocate End           High               Low         
[14.387s][info][gc,heap     ] GC(4)  Capacity:     2048M (100%)       2048M (100%)       2048M (100%)       2048M (100%)       2048M (100%)       2048M (100%)   
[14.387s][info][gc,heap     ] GC(4)      Free:     1264M (62%)        1190M (58%)        1190M (58%)        1194M (58%)        1264M (62%)        1166M (57%)    
[14.387s][info][gc,heap     ] GC(4)      Used:      784M (38%)         858M (42%)         858M (42%)         854M (42%)         882M (43%)         784M (38%)    
[14.387s][info][gc,heap     ] GC(4)      Live:         -               722M (35%)         722M (35%)         722M (35%)            -                  -          
[14.387s][info][gc,heap     ] GC(4) Allocated:         -                74M (4%)           74M (4%)           73M (4%)             -                  -          
[14.387s][info][gc,heap     ] GC(4)   Garbage:         -                61M (3%)           61M (3%)           57M (3%)             -                  -          
[14.387s][info][gc,heap     ] GC(4) Reclaimed:         -                  -                 0M (0%)            3M (0%)             -                  -          
[14.387s][info][gc          ] GC(4) Garbage Collection (Warmup) 784M(38%)->854M(42%)
[14.474s][info][gc,start    ] GC(5) Garbage Collection (System.gc())
[14.474s][info][gc,task     ] GC(5) Using 12 workers
[14.474s][info][gc,phases   ] GC(5) Pause Mark Start 0.014ms
[14.492s][info][gc,phases   ] GC(5) Concurrent Mark 18.184ms
[14.492s][info][gc,phases   ] GC(5) Pause Mark End 0.018ms
[14.492s][info][gc,phases   ] GC(5) Concurrent Mark Free 0.001ms
[14.494s][info][gc,phases   ] GC(5) Concurrent Process Non-Strong References 1.561ms
[14.494s][info][gc,phases   ] GC(5) Concurrent Reset Relocation Set 0.002ms
[14.497s][info][gc,phases   ] GC(5) Concurrent Select Relocation Set 2.729ms
[14.497s][info][gc,phases   ] GC(5) Pause Relocate Start 0.007ms
[14.501s][info][gc,phases   ] GC(5) Concurrent Relocate 4.585ms
[14.502s][info][gc,load     ] GC(5) Load: 0.00/0.00/0.00
[14.502s][info][gc,mmu      ] GC(5) MMU: 2ms/98.7%, 5ms/99.5%, 10ms/99.6%, 20ms/99.8%, 50ms/99.9%, 100ms/100.0%
[14.502s][info][gc,marking  ] GC(5) Mark: 8 stripe(s), 3 proactive flush(es), 1 terminate flush(es), 0 completion(s), 0 continuation(s) 
[14.502s][info][gc,marking  ] GC(5) Mark Stack Usage: 32M
[14.502s][info][gc,nmethod  ] GC(5) NMethods: 3376 registered, 371 unregistered
[14.502s][info][gc,metaspace] GC(5) Metaspace: 48M used, 49M committed, 1088M reserved
[14.502s][info][gc,ref      ] GC(5) Soft: 4192 encountered, 0 discovered, 0 enqueued
[14.502s][info][gc,ref      ] GC(5) Weak: 3758 encountered, 680 discovered, 403 enqueued
[14.502s][info][gc,ref      ] GC(5) Final: 82 encountered, 0 discovered, 0 enqueued
[14.502s][info][gc,ref      ] GC(5) Phantom: 853 encountered, 758 discovered, 256 enqueued
[14.502s][info][gc,reloc    ] GC(5) Small Pages: 396 / 792M, Empty: 690M, Relocated: 11M, In-Place: 0
[14.502s][info][gc,reloc    ] GC(5) Medium Pages: 2 / 64M, Empty: 32M, Relocated: 0M, In-Place: 0
[14.502s][info][gc,reloc    ] GC(5) Large Pages: 1 / 6M, Empty: 6M, Relocated: 0M, In-Place: 0
[14.502s][info][gc,reloc    ] GC(5) Forwarding Usage: 3M
[14.502s][info][gc,heap     ] GC(5) Min Capacity: 8M(0%)
[14.502s][info][gc,heap     ] GC(5) Max Capacity: 2048M(100%)
[14.502s][info][gc,heap     ] GC(5) Soft Max Capacity: 2048M(100%)
[14.502s][info][gc,heap     ] GC(5)                Mark Start          Mark End        Relocate Start      Relocate End           High               Low         
[14.502s][info][gc,heap     ] GC(5)  Capacity:     2048M (100%)       2048M (100%)       2048M (100%)       2048M (100%)       2048M (100%)       2048M (100%)   
[14.502s][info][gc,heap     ] GC(5)      Free:     1186M (58%)        1186M (58%)        1912M (93%)        1974M (96%)        1974M (96%)        1186M (58%)    
[14.502s][info][gc,heap     ] GC(5)      Used:      862M (42%)         862M (42%)         136M (7%)           74M (4%)          862M (42%)          74M (4%)     
[14.502s][info][gc,heap     ] GC(5)      Live:         -                29M (1%)           29M (1%)           29M (1%)             -                  -          
[14.502s][info][gc,heap     ] GC(5) Allocated:         -                 0M (0%)            2M (0%)            1M (0%)             -                  -          
[14.502s][info][gc,heap     ] GC(5)   Garbage:         -               832M (41%)         104M (5%)           42M (2%)             -                  -          
[14.502s][info][gc,heap     ] GC(5) Reclaimed:         -                  -               728M (36%)         789M (39%)            -                  -          
[14.502s][info][gc          ] GC(5) Garbage Collection (System.gc()) 862M(42%)->74M(4%)
[15.582s][info][gc,start    ] GC(6) Garbage Collection (Allocation Rate)
[15.582s][info][gc,task     ] GC(6) Using 12 workers
[15.583s][info][gc,phases   ] GC(6) Pause Mark Start 0.011ms
[15.613s][info][gc,phases   ] GC(6) Concurrent Mark 30.825ms
[15.614s][info][gc,phases   ] GC(6) Pause Mark End 0.022ms
[15.614s][info][gc,phases   ] GC(6) Concurrent Mark Free 0.001ms
[15.628s][info][gc,phases   ] GC(6) Concurrent Process Non-Strong References 14.506ms
[15.628s][info][gc,phases   ] GC(6) Concurrent Reset Relocation Set 0.007ms
[15.636s][info][gc,phases   ] GC(6) Concurrent Select Relocation Set 7.896ms
[15.636s][info][gc,phases   ] GC(6) Pause Relocate Start 0.011ms
[15.641s][info][gc,phases   ] GC(6) Concurrent Relocate 4.849ms
[15.641s][info][gc,load     ] GC(6) Load: 0.00/0.00/0.00
[15.641s][info][gc,mmu      ] GC(6) MMU: 2ms/98.7%, 5ms/99.5%, 10ms/99.6%, 20ms/99.8%, 50ms/99.9%, 100ms/100.0%
[15.641s][info][gc,marking  ] GC(6) Mark: 8 stripe(s), 2 proactive flush(es), 1 terminate flush(es), 0 completion(s), 0 continuation(s) 
[15.641s][info][gc,marking  ] GC(6) Mark Stack Usage: 32M
[15.641s][info][gc,nmethod  ] GC(6) NMethods: 4383 registered, 608 unregistered
[15.642s][info][gc,metaspace] GC(6) Metaspace: 57M used, 58M committed, 1088M reserved
[15.642s][info][gc,ref      ] GC(6) Soft: 4615 encountered, 0 discovered, 0 enqueued
[15.642s][info][gc,ref      ] GC(6) Weak: 5610 encountered, 1594 discovered, 768 enqueued
[15.642s][info][gc,ref      ] GC(6) Final: 82 encountered, 16 discovered, 0 enqueued
[15.642s][info][gc,ref      ] GC(6) Phantom: 1171 encountered, 1153 discovered, 545 enqueued
[15.642s][info][gc,reloc    ] GC(6) Small Pages: 337 / 674M, Empty: 522M, Relocated: 11M, In-Place: 0
[15.642s][info][gc,reloc    ] GC(6) Medium Pages: 2 / 64M, Empty: 32M, Relocated: 0M, In-Place: 0
[15.642s][info][gc,reloc    ] GC(6) Large Pages: 1 / 6M, Empty: 6M, Relocated: 0M, In-Place: 0
[15.642s][info][gc,reloc    ] GC(6) Forwarding Usage: 3M
[15.642s][info][gc,heap     ] GC(6) Min Capacity: 8M(0%)
[15.642s][info][gc,heap     ] GC(6) Max Capacity: 2048M(100%)
[15.642s][info][gc,heap     ] GC(6) Soft Max Capacity: 2048M(100%)
[15.642s][info][gc,heap     ] GC(6)                Mark Start          Mark End        Relocate Start      Relocate End           High               Low         
[15.642s][info][gc,heap     ] GC(6)  Capacity:     2048M (100%)       2048M (100%)       2048M (100%)       2048M (100%)       2048M (100%)       2048M (100%)   
[15.642s][info][gc,heap     ] GC(6)      Free:     1304M (64%)        1202M (59%)        1706M (83%)        1798M (88%)        1798M (88%)        1166M (57%)    
[15.642s][info][gc,heap     ] GC(6)      Used:      744M (36%)         846M (41%)         342M (17%)         250M (12%)         882M (43%)         250M (12%)    
[15.642s][info][gc,heap     ] GC(6)      Live:         -                36M (2%)           36M (2%)           36M (2%)             -                  -          
[15.642s][info][gc,heap     ] GC(6) Allocated:         -               102M (5%)          158M (8%)          167M (8%)             -                  -          
[15.642s][info][gc,heap     ] GC(6)   Garbage:         -               707M (35%)         147M (7%)           45M (2%)             -                  -          
[15.642s][info][gc,heap     ] GC(6) Reclaimed:         -                  -               560M (27%)         661M (32%)            -                  -          
[15.642s][info][gc          ] GC(6) Garbage Collection (Allocation Rate) 744M(36%)->250M(12%)
[15.676s][info][gc,start    ] GC(7) Garbage Collection (Allocation Rate)
[15.676s][info][gc,task     ] GC(7) Using 12 workers
[15.676s][info][gc,phases   ] GC(7) Pause Mark Start 0.015ms
[15.707s][info][gc,phases   ] GC(7) Concurrent Mark 30.863ms
[15.707s][info][gc,phases   ] GC(7) Pause Mark End 0.022ms
[15.707s][info][gc,phases   ] GC(7) Concurrent Mark Free 0.001ms
[15.709s][info][gc,phases   ] GC(7) Concurrent Process Non-Strong References 2.040ms
[15.710s][info][gc,phases   ] GC(7) Concurrent Reset Relocation Set 0.008ms
[15.713s][info][gc,phases   ] GC(7) Concurrent Select Relocation Set 3.800ms
[15.713s][info][gc,phases   ] GC(7) Pause Relocate Start 0.006ms
[15.717s][info][gc,phases   ] GC(7) Concurrent Relocate 3.163ms
[15.717s][info][gc,load     ] GC(7) Load: 0.00/0.00/0.00
[15.717s][info][gc,mmu      ] GC(7) MMU: 2ms/98.7%, 5ms/99.5%, 10ms/99.6%, 20ms/99.8%, 50ms/99.9%, 100ms/99.9%
[15.717s][info][gc,marking  ] GC(7) Mark: 8 stripe(s), 2 proactive flush(es), 1 terminate flush(es), 0 completion(s), 0 continuation(s) 
[15.717s][info][gc,marking  ] GC(7) Mark Stack Usage: 32M
[15.717s][info][gc,nmethod  ] GC(7) NMethods: 4417 registered, 611 unregistered
[15.717s][info][gc,metaspace] GC(7) Metaspace: 57M used, 58M committed, 1088M reserved
[15.717s][info][gc,ref      ] GC(7) Soft: 4615 encountered, 0 discovered, 0 enqueued
[15.717s][info][gc,ref      ] GC(7) Weak: 4842 encountered, 1761 discovered, 0 enqueued
[15.717s][info][gc,ref      ] GC(7) Final: 82 encountered, 1 discovered, 0 enqueued
[15.717s][info][gc,ref      ] GC(7) Phantom: 626 encountered, 516 discovered, 0 enqueued
[15.717s][info][gc,reloc    ] GC(7) Small Pages: 162 / 324M, Empty: 258M, Relocated: 8M, In-Place: 0
[15.717s][info][gc,reloc    ] GC(7) Medium Pages: 1 / 32M, Empty: 0M, Relocated: 0M, In-Place: 0
[15.717s][info][gc,reloc    ] GC(7) Large Pages: 0 / 0M, Empty: 0M, Relocated: 0M, In-Place: 0
[15.717s][info][gc,reloc    ] GC(7) Forwarding Usage: 2M
[15.717s][info][gc,heap     ] GC(7) Min Capacity: 8M(0%)
[15.717s][info][gc,heap     ] GC(7) Max Capacity: 2048M(100%)
[15.717s][info][gc,heap     ] GC(7) Soft Max Capacity: 2048M(100%)
[15.717s][info][gc,heap     ] GC(7)                Mark Start          Mark End        Relocate Start      Relocate End           High               Low         
[15.717s][info][gc,heap     ] GC(7)  Capacity:     2048M (100%)       2048M (100%)       2048M (100%)       2048M (100%)       2048M (100%)       2048M (100%)   
[15.717s][info][gc,heap     ] GC(7)      Free:     1692M (83%)        1612M (79%)        1854M (91%)        1858M (91%)        1862M (91%)        1606M (78%)    
[15.717s][info][gc,heap     ] GC(7)      Used:      356M (17%)         436M (21%)         194M (9%)          190M (9%)          442M (22%)         186M (9%)     
[15.717s][info][gc,heap     ] GC(7)      Live:         -                36M (2%)           36M (2%)           36M (2%)             -                  -          
[15.717s][info][gc,heap     ] GC(7) Allocated:         -                80M (4%)           96M (5%)          103M (5%)             -                  -          
[15.717s][info][gc,heap     ] GC(7)   Garbage:         -               319M (16%)          61M (3%)           49M (2%)             -                  -          
[15.718s][info][gc,heap     ] GC(7) Reclaimed:         -                  -               258M (13%)         269M (13%)            -                  -          
[15.718s][info][gc          ] GC(7) Garbage Collection (Allocation Rate) 356M(17%)->190M(9%)
[15.770s][info][gc,start    ] GC(8) Garbage Collection (Allocation Rate)
[15.770s][info][gc,task     ] GC(8) Using 12 workers
[15.770s][info][gc,phases   ] GC(8) Pause Mark Start 0.012ms
[15.801s][info][gc,phases   ] GC(8) Concurrent Mark 30.898ms
[15.801s][info][gc,phases   ] GC(8) Pause Mark End 0.024ms
[15.801s][info][gc,phases   ] GC(8) Concurrent Mark Free 0.001ms
[15.803s][info][gc,phases   ] GC(8) Concurrent Process Non-Strong References 2.073ms
[15.803s][info][gc,phases   ] GC(8) Concurrent Reset Relocation Set 0.003ms
[15.807s][info][gc,phases   ] GC(8) Concurrent Select Relocation Set 3.644ms
[15.807s][info][gc,phases   ] GC(8) Pause Relocate Start 0.008ms
[15.810s][info][gc,phases   ] GC(8) Concurrent Relocate 2.452ms
[15.810s][info][gc,load     ] GC(8) Load: 0.00/0.00/0.00
[15.810s][info][gc,mmu      ] GC(8) MMU: 2ms/98.7%, 5ms/99.5%, 10ms/99.6%, 20ms/99.8%, 50ms/99.9%, 100ms/99.9%
[15.810s][info][gc,marking  ] GC(8) Mark: 8 stripe(s), 3 proactive flush(es), 1 terminate flush(es), 0 completion(s), 0 continuation(s) 
[15.810s][info][gc,marking  ] GC(8) Mark Stack Usage: 32M
[15.810s][info][gc,nmethod  ] GC(8) NMethods: 4417 registered, 612 unregistered
[15.810s][info][gc,metaspace] GC(8) Metaspace: 57M used, 58M committed, 1088M reserved
[15.810s][info][gc,ref      ] GC(8) Soft: 4615 encountered, 0 discovered, 0 enqueued
[15.810s][info][gc,ref      ] GC(8) Weak: 4842 encountered, 1993 discovered, 0 enqueued
[15.810s][info][gc,ref      ] GC(8) Final: 82 encountered, 46 discovered, 0 enqueued
[15.810s][info][gc,ref      ] GC(8) Phantom: 626 encountered, 574 discovered, 0 enqueued
[15.810s][info][gc,reloc    ] GC(8) Small Pages: 161 / 322M, Empty: 254M, Relocated: 8M, In-Place: 0
[15.810s][info][gc,reloc    ] GC(8) Medium Pages: 1 / 32M, Empty: 0M, Relocated: 0M, In-Place: 0
[15.810s][info][gc,reloc    ] GC(8) Large Pages: 0 / 0M, Empty: 0M, Relocated: 0M, In-Place: 0
[15.810s][info][gc,reloc    ] GC(8) Forwarding Usage: 2M
[15.810s][info][gc,heap     ] GC(8) Min Capacity: 8M(0%)
[15.810s][info][gc,heap     ] GC(8) Max Capacity: 2048M(100%)
[15.810s][info][gc,heap     ] GC(8) Soft Max Capacity: 2048M(100%)
[15.810s][info][gc,heap     ] GC(8)                Mark Start          Mark End        Relocate Start      Relocate End           High               Low         
[15.810s][info][gc,heap     ] GC(8)  Capacity:     2048M (100%)       2048M (100%)       2048M (100%)       2048M (100%)       2048M (100%)       2048M (100%)   
[15.810s][info][gc,heap     ] GC(8)      Free:     1694M (83%)        1598M (78%)        1834M (90%)        1840M (90%)        1840M (90%)        1592M (78%)    
[15.810s][info][gc,heap     ] GC(8)      Used:      354M (17%)         450M (22%)         214M (10%)         208M (10%)         456M (22%)         208M (10%)    
[15.810s][info][gc,heap     ] GC(8)      Live:         -                36M (2%)           36M (2%)           36M (2%)             -                  -          
[15.810s][info][gc,heap     ] GC(8) Allocated:         -                96M (5%)          114M (6%)          121M (6%)             -                  -          
[15.810s][info][gc,heap     ] GC(8)   Garbage:         -               317M (15%)          63M (3%)           49M (2%)             -                  -          
[15.810s][info][gc,heap     ] GC(8) Reclaimed:         -                  -               254M (12%)         267M (13%)            -                  -          
[15.810s][info][gc          ] GC(8) Garbage Collection (Allocation Rate) 354M(17%)->208M(10%)
[15.879s][info][gc,start    ] GC(9) Garbage Collection (Allocation Rate)
[15.879s][info][gc,task     ] GC(9) Using 12 workers
[15.879s][info][gc,phases   ] GC(9) Pause Mark Start 0.016ms
[15.910s][info][gc,phases   ] GC(9) Concurrent Mark 30.853ms
[15.910s][info][gc,phases   ] GC(9) Pause Mark End 0.021ms
[15.910s][info][gc,phases   ] GC(9) Concurrent Mark Free 0.001ms
[15.912s][info][gc,phases   ] GC(9) Concurrent Process Non-Strong References 1.744ms
[15.912s][info][gc,phases   ] GC(9) Concurrent Reset Relocation Set 0.003ms
[15.916s][info][gc,phases   ] GC(9) Concurrent Select Relocation Set 3.791ms
[15.916s][info][gc,phases   ] GC(9) Pause Relocate Start 0.006ms
[15.919s][info][gc,phases   ] GC(9) Concurrent Relocate 2.895ms
[15.919s][info][gc,load     ] GC(9) Load: 0.00/0.00/0.00
[15.919s][info][gc,mmu      ] GC(9) MMU: 2ms/98.7%, 5ms/99.5%, 10ms/99.6%, 20ms/99.8%, 50ms/99.9%, 100ms/99.9%
[15.919s][info][gc,marking  ] GC(9) Mark: 8 stripe(s), 4 proactive flush(es), 1 terminate flush(es), 0 completion(s), 0 continuation(s) 
[15.919s][info][gc,marking  ] GC(9) Mark Stack Usage: 32M
[15.919s][info][gc,nmethod  ] GC(9) NMethods: 4420 registered, 618 unregistered
[15.919s][info][gc,metaspace] GC(9) Metaspace: 57M used, 58M committed, 1088M reserved
[15.919s][info][gc,ref      ] GC(9) Soft: 4615 encountered, 0 discovered, 0 enqueued
[15.919s][info][gc,ref      ] GC(9) Weak: 4842 encountered, 870 discovered, 0 enqueued
[15.919s][info][gc,ref      ] GC(9) Final: 82 encountered, 2 discovered, 0 enqueued
[15.919s][info][gc,ref      ] GC(9) Phantom: 626 encountered, 564 discovered, 0 enqueued
[15.919s][info][gc,reloc    ] GC(9) Small Pages: 213 / 426M, Empty: 358M, Relocated: 8M, In-Place: 0
[15.919s][info][gc,reloc    ] GC(9) Medium Pages: 1 / 32M, Empty: 0M, Relocated: 0M, In-Place: 0
[15.919s][info][gc,reloc    ] GC(9) Large Pages: 0 / 0M, Empty: 0M, Relocated: 0M, In-Place: 0
[15.919s][info][gc,reloc    ] GC(9) Forwarding Usage: 2M
[15.919s][info][gc,heap     ] GC(9) Min Capacity: 8M(0%)
[15.919s][info][gc,heap     ] GC(9) Max Capacity: 2048M(100%)
[15.919s][info][gc,heap     ] GC(9) Soft Max Capacity: 2048M(100%)
[15.919s][info][gc,heap     ] GC(9)                Mark Start          Mark End        Relocate Start      Relocate End           High               Low         
[15.920s][info][gc,heap     ] GC(9)  Capacity:     2048M (100%)       2048M (100%)       2048M (100%)       2048M (100%)       2048M (100%)       2048M (100%)   
[15.920s][info][gc,heap     ] GC(9)      Free:     1590M (78%)        1504M (73%)        1842M (90%)        1848M (90%)        1848M (90%)        1498M (73%)    
[15.920s][info][gc,heap     ] GC(9)      Used:      458M (22%)         544M (27%)         206M (10%)         200M (10%)         550M (27%)         200M (10%)    
[15.920s][info][gc,heap     ] GC(9)      Live:         -                36M (2%)           36M (2%)           36M (2%)             -                  -          
[15.920s][info][gc,heap     ] GC(9) Allocated:         -                86M (4%)          106M (5%)          113M (6%)             -                  -          
[15.920s][info][gc,heap     ] GC(9)   Garbage:         -               421M (21%)          63M (3%)           49M (2%)             -                  -          
[15.920s][info][gc,heap     ] GC(9) Reclaimed:         -                  -               358M (17%)         371M (18%)            -                  -          
[15.920s][info][gc          ] GC(9) Garbage Collection (Allocation Rate) 458M(22%)->200M(10%)
[15.973s][info][gc,start    ] GC(10) Garbage Collection (Allocation Rate)
[15.973s][info][gc,task     ] GC(10) Using 12 workers
[15.973s][info][gc,phases   ] GC(10) Pause Mark Start 0.015ms
[16.004s][info][gc,phases   ] GC(10) Concurrent Mark 30.920ms
[16.004s][info][gc,phases   ] GC(10) Pause Mark End 0.025ms
[16.004s][info][gc,phases   ] GC(10) Concurrent Mark Free 0.001ms
[16.006s][info][gc,phases   ] GC(10) Concurrent Process Non-Strong References 2.022ms
[16.006s][info][gc,phases   ] GC(10) Concurrent Reset Relocation Set 0.002ms
[16.014s][info][gc,phases   ] GC(10) Concurrent Select Relocation Set 7.214ms
[16.014s][info][gc,phases   ] GC(10) Pause Relocate Start 0.009ms
[16.017s][info][gc,phases   ] GC(10) Concurrent Relocate 2.779ms
[16.017s][info][gc,load     ] GC(10) Load: 0.00/0.00/0.00
[16.017s][info][gc,mmu      ] GC(10) MMU: 2ms/98.7%, 5ms/99.5%, 10ms/99.6%, 20ms/99.8%, 50ms/99.9%, 100ms/99.9%
[16.017s][info][gc,marking  ] GC(10) Mark: 8 stripe(s), 3 proactive flush(es), 1 terminate flush(es), 0 completion(s), 0 continuation(s) 
[16.017s][info][gc,marking  ] GC(10) Mark Stack Usage: 32M
[16.017s][info][gc,nmethod  ] GC(10) NMethods: 4422 registered, 622 unregistered
[16.017s][info][gc,metaspace] GC(10) Metaspace: 57M used, 58M committed, 1088M reserved
[16.017s][info][gc,ref      ] GC(10) Soft: 4615 encountered, 0 discovered, 0 enqueued
[16.017s][info][gc,ref      ] GC(10) Weak: 4842 encountered, 664 discovered, 0 enqueued
[16.017s][info][gc,ref      ] GC(10) Final: 82 encountered, 43 discovered, 0 enqueued
[16.017s][info][gc,ref      ] GC(10) Phantom: 626 encountered, 601 discovered, 0 enqueued
[16.017s][info][gc,reloc    ] GC(10) Small Pages: 178 / 356M, Empty: 288M, Relocated: 8M, In-Place: 0
[16.017s][info][gc,reloc    ] GC(10) Medium Pages: 1 / 32M, Empty: 0M, Relocated: 0M, In-Place: 0
[16.017s][info][gc,reloc    ] GC(10) Large Pages: 0 / 0M, Empty: 0M, Relocated: 0M, In-Place: 0
[16.017s][info][gc,reloc    ] GC(10) Forwarding Usage: 2M
[16.017s][info][gc,heap     ] GC(10) Min Capacity: 8M(0%)
[16.017s][info][gc,heap     ] GC(10) Max Capacity: 2048M(100%)
[16.017s][info][gc,heap     ] GC(10) Soft Max Capacity: 2048M(100%)
[16.017s][info][gc,heap     ] GC(10)                Mark Start          Mark End        Relocate Start      Relocate End           High               Low         
[16.017s][info][gc,heap     ] GC(10)  Capacity:     2048M (100%)       2048M (100%)       2048M (100%)       2048M (100%)       2048M (100%)       2048M (100%)   
[16.017s][info][gc,heap     ] GC(10)      Free:     1660M (81%)        1560M (76%)        1818M (89%)        1826M (89%)        1828M (89%)        1554M (76%)    
[16.017s][info][gc,heap     ] GC(10)      Used:      388M (19%)         488M (24%)         230M (11%)         222M (11%)         494M (24%)         220M (11%)    
[16.017s][info][gc,heap     ] GC(10)      Live:         -                36M (2%)           36M (2%)           36M (2%)             -                  -          
[16.017s][info][gc,heap     ] GC(10) Allocated:         -               100M (5%)          130M (6%)          135M (7%)             -                  -          
[16.017s][info][gc,heap     ] GC(10)   Garbage:         -               351M (17%)          63M (3%)           49M (2%)             -                  -          
[16.017s][info][gc,heap     ] GC(10) Reclaimed:         -                  -               288M (14%)         301M (15%)            -                  -          
[16.017s][info][gc          ] GC(10) Garbage Collection (Allocation Rate) 388M(19%)->222M(11%)
[16.073s][info][gc,start    ] GC(11) Garbage Collection (Allocation Rate)
[16.073s][info][gc,task     ] GC(11) Using 12 workers
[16.073s][info][gc,phases   ] GC(11) Pause Mark Start 0.010ms
[16.104s][info][gc,phases   ] GC(11) Concurrent Mark 30.886ms
[16.104s][info][gc,phases   ] GC(11) Pause Mark End 0.019ms
[16.105s][info][gc,phases   ] GC(11) Concurrent Mark Free 0.001ms
[16.106s][info][gc,phases   ] GC(11) Concurrent Process Non-Strong References 1.738ms
[16.106s][info][gc,phases   ] GC(11) Concurrent Reset Relocation Set 0.003ms
[16.110s][info][gc,phases   ] GC(11) Concurrent Select Relocation Set 3.814ms
[16.110s][info][gc,phases   ] GC(11) Pause Relocate Start 0.006ms
[16.112s][info][gc,phases   ] GC(11) Concurrent Relocate 1.910ms
[16.112s][info][gc,load     ] GC(11) Load: 0.00/0.00/0.00
[16.112s][info][gc,mmu      ] GC(11) MMU: 2ms/98.7%, 5ms/99.5%, 10ms/99.6%, 20ms/99.8%, 50ms/99.9%, 100ms/99.9%
[16.112s][info][gc,marking  ] GC(11) Mark: 8 stripe(s), 2 proactive flush(es), 1 terminate flush(es), 0 completion(s), 0 continuation(s) 
[16.112s][info][gc,marking  ] GC(11) Mark Stack Usage: 32M
[16.113s][info][gc,nmethod  ] GC(11) NMethods: 4426 registered, 626 unregistered
[16.113s][info][gc,metaspace] GC(11) Metaspace: 57M used, 58M committed, 1088M reserved
[16.113s][info][gc,ref      ] GC(11) Soft: 4615 encountered, 0 discovered, 0 enqueued
[16.113s][info][gc,ref      ] GC(11) Weak: 4842 encountered, 1439 discovered, 0 enqueued
[16.113s][info][gc,ref      ] GC(11) Final: 82 encountered, 0 discovered, 0 enqueued
[16.113s][info][gc,ref      ] GC(11) Phantom: 626 encountered, 534 discovered, 0 enqueued
[16.113s][info][gc,reloc    ] GC(11) Small Pages: 173 / 346M, Empty: 276M, Relocated: 6M, In-Place: 0
[16.113s][info][gc,reloc    ] GC(11) Medium Pages: 1 / 32M, Empty: 0M, Relocated: 0M, In-Place: 0
[16.113s][info][gc,reloc    ] GC(11) Large Pages: 0 / 0M, Empty: 0M, Relocated: 0M, In-Place: 0
[16.113s][info][gc,reloc    ] GC(11) Forwarding Usage: 1M
[16.113s][info][gc,heap     ] GC(11) Min Capacity: 8M(0%)
[16.113s][info][gc,heap     ] GC(11) Max Capacity: 2048M(100%)
[16.113s][info][gc,heap     ] GC(11) Soft Max Capacity: 2048M(100%)
[16.113s][info][gc,heap     ] GC(11)                Mark Start          Mark End        Relocate Start      Relocate End           High               Low         
[16.113s][info][gc,heap     ] GC(11)  Capacity:     2048M (100%)       2048M (100%)       2048M (100%)       2048M (100%)       2048M (100%)       2048M (100%)   
[16.113s][info][gc,heap     ] GC(11)      Free:     1670M (82%)        1596M (78%)        1862M (91%)        1872M (91%)        1872M (91%)        1592M (78%)    
[16.113s][info][gc,heap     ] GC(11)      Used:      378M (18%)         452M (22%)         186M (9%)          176M (9%)          456M (22%)         176M (9%)     
[16.113s][info][gc,heap     ] GC(11)      Live:         -                36M (2%)           36M (2%)           36M (2%)             -                  -          
[16.113s][info][gc,heap     ] GC(11) Allocated:         -                74M (4%)           84M (4%)           87M (4%)             -                  -          
[16.113s][info][gc,heap     ] GC(11)   Garbage:         -               341M (17%)          65M (3%)           51M (3%)             -                  -          
[16.113s][info][gc,heap     ] GC(11) Reclaimed:         -                  -               276M (13%)         289M (14%)            -                  -          
[16.113s][info][gc          ] GC(11) Garbage Collection (Allocation Rate) 378M(18%)->176M(9%)
[16.276s][info][gc,start    ] GC(12) Garbage Collection (Allocation Rate)
[16.276s][info][gc,task     ] GC(12) Using 12 workers
[16.276s][info][gc,phases   ] GC(12) Pause Mark Start 0.013ms
[16.307s][info][gc,phases   ] GC(12) Concurrent Mark 30.894ms
[16.308s][info][gc,phases   ] GC(12) Pause Mark End 0.063ms
[16.308s][info][gc,phases   ] GC(12) Concurrent Mark Free 0.001ms
[16.310s][info][gc,phases   ] GC(12) Concurrent Process Non-Strong References 2.090ms
[16.310s][info][gc,phases   ] GC(12) Concurrent Reset Relocation Set 0.002ms
[16.313s][info][gc,phases   ] GC(12) Concurrent Select Relocation Set 2.594ms
[16.313s][info][gc,phases   ] GC(12) Pause Relocate Start 0.009ms
[16.315s][info][gc,phases   ] GC(12) Concurrent Relocate 1.823ms
[16.315s][info][gc,load     ] GC(12) Load: 0.00/0.00/0.00
[16.315s][info][gc,mmu      ] GC(12) MMU: 2ms/96.8%, 5ms/98.7%, 10ms/99.3%, 20ms/99.6%, 50ms/99.8%, 100ms/99.9%
[16.315s][info][gc,marking  ] GC(12) Mark: 8 stripe(s), 3 proactive flush(es), 2 terminate flush(es), 1 completion(s), 0 continuation(s) 
[16.315s][info][gc,marking  ] GC(12) Mark Stack Usage: 32M
[16.315s][info][gc,nmethod  ] GC(12) NMethods: 4490 registered, 653 unregistered
[16.315s][info][gc,metaspace] GC(12) Metaspace: 57M used, 58M committed, 1088M reserved
[16.315s][info][gc,ref      ] GC(12) Soft: 4643 encountered, 0 discovered, 0 enqueued
[16.315s][info][gc,ref      ] GC(12) Weak: 4979 encountered, 1124 discovered, 46 enqueued
[16.315s][info][gc,ref      ] GC(12) Final: 82 encountered, 3 discovered, 0 enqueued
[16.315s][info][gc,ref      ] GC(12) Phantom: 651 encountered, 370 discovered, 30 enqueued
[16.315s][info][gc,reloc    ] GC(12) Small Pages: 242 / 484M, Empty: 398M, Relocated: 4M, In-Place: 0
[16.315s][info][gc,reloc    ] GC(12) Medium Pages: 1 / 32M, Empty: 0M, Relocated: 0M, In-Place: 0
[16.315s][info][gc,reloc    ] GC(12) Large Pages: 0 / 0M, Empty: 0M, Relocated: 0M, In-Place: 0
[16.315s][info][gc,reloc    ] GC(12) Forwarding Usage: 1M
[16.315s][info][gc,heap     ] GC(12) Min Capacity: 8M(0%)
[16.315s][info][gc,heap     ] GC(12) Max Capacity: 2048M(100%)
[16.315s][info][gc,heap     ] GC(12) Soft Max Capacity: 2048M(100%)
[16.315s][info][gc,heap     ] GC(12)                Mark Start          Mark End        Relocate Start      Relocate End           High               Low         
[16.315s][info][gc,heap     ] GC(12)  Capacity:     2048M (100%)       2048M (100%)       2048M (100%)       2048M (100%)       2048M (100%)       2048M (100%)   
[16.315s][info][gc,heap     ] GC(12)      Free:     1532M (75%)        1442M (70%)        1826M (89%)        1850M (90%)        1850M (90%)        1436M (70%)    
[16.315s][info][gc,heap     ] GC(12)      Used:      516M (25%)         606M (30%)         222M (11%)         198M (10%)         612M (30%)         198M (10%)    
[16.315s][info][gc,heap     ] GC(12)      Live:         -                35M (2%)           35M (2%)           35M (2%)             -                  -          
[16.315s][info][gc,heap     ] GC(12) Allocated:         -                90M (4%)          104M (5%)          107M (5%)             -                  -          
[16.315s][info][gc,heap     ] GC(12)   Garbage:         -               480M (23%)          82M (4%)           54M (3%)             -                  -          
[16.315s][info][gc,heap     ] GC(12) Reclaimed:         -                  -               398M (19%)         425M (21%)            -                  -          
[16.315s][info][gc          ] GC(12) Garbage Collection (Allocation Rate) 516M(25%)->198M(10%)
[16.479s][info][gc,start    ] GC(13) Garbage Collection (Allocation Rate)
[16.479s][info][gc,task     ] GC(13) Using 12 workers
[16.480s][info][gc,phases   ] GC(13) Pause Mark Start 0.015ms
[16.511s][info][gc,phases   ] GC(13) Concurrent Mark 30.892ms
[16.511s][info][gc,phases   ] GC(13) Pause Mark End 0.022ms
[16.511s][info][gc,phases   ] GC(13) Concurrent Mark Free 0.001ms
[16.513s][info][gc,phases   ] GC(13) Concurrent Process Non-Strong References 1.973ms
[16.513s][info][gc,phases   ] GC(13) Concurrent Reset Relocation Set 0.003ms
[16.518s][info][gc,phases   ] GC(13) Concurrent Select Relocation Set 5.471ms
[16.518s][info][gc,phases   ] GC(13) Pause Relocate Start 0.009ms
[16.521s][info][gc,phases   ] GC(13) Concurrent Relocate 2.121ms
[16.521s][info][gc,load     ] GC(13) Load: 0.00/0.00/0.00
[16.521s][info][gc,mmu      ] GC(13) MMU: 2ms/96.8%, 5ms/98.7%, 10ms/99.3%, 20ms/99.6%, 50ms/99.8%, 100ms/99.9%
[16.521s][info][gc,marking  ] GC(13) Mark: 8 stripe(s), 2 proactive flush(es), 1 terminate flush(es), 0 completion(s), 0 continuation(s) 
[16.521s][info][gc,marking  ] GC(13) Mark Stack Usage: 32M
[16.521s][info][gc,nmethod  ] GC(13) NMethods: 4506 registered, 659 unregistered
[16.521s][info][gc,metaspace] GC(13) Metaspace: 57M used, 58M committed, 1088M reserved
[16.521s][info][gc,ref      ] GC(13) Soft: 4660 encountered, 0 discovered, 0 enqueued
[16.521s][info][gc,ref      ] GC(13) Weak: 5154 encountered, 1250 discovered, 150 enqueued
[16.521s][info][gc,ref      ] GC(13) Final: 82 encountered, 9 discovered, 0 enqueued
[16.521s][info][gc,ref      ] GC(13) Phantom: 668 encountered, 542 discovered, 47 enqueued
[16.521s][info][gc,reloc    ] GC(13) Small Pages: 339 / 678M, Empty: 588M, Relocated: 5M, In-Place: 0
[16.521s][info][gc,reloc    ] GC(13) Medium Pages: 1 / 32M, Empty: 0M, Relocated: 0M, In-Place: 0
[16.521s][info][gc,reloc    ] GC(13) Large Pages: 0 / 0M, Empty: 0M, Relocated: 0M, In-Place: 0
[16.521s][info][gc,reloc    ] GC(13) Forwarding Usage: 1M
[16.521s][info][gc,heap     ] GC(13) Min Capacity: 8M(0%)
[16.521s][info][gc,heap     ] GC(13) Max Capacity: 2048M(100%)
[16.521s][info][gc,heap     ] GC(13) Soft Max Capacity: 2048M(100%)
[16.521s][info][gc,heap     ] GC(13)                Mark Start          Mark End        Relocate Start      Relocate End           High               Low         
[16.521s][info][gc,heap     ] GC(13)  Capacity:     2048M (100%)       2048M (100%)       2048M (100%)       2048M (100%)       2048M (100%)       2048M (100%)   
[16.521s][info][gc,heap     ] GC(13)      Free:     1338M (65%)        1248M (61%)        1814M (89%)        1840M (90%)        1840M (90%)        1242M (61%)    
[16.521s][info][gc,heap     ] GC(13)      Used:      710M (35%)         800M (39%)         234M (11%)         208M (10%)         806M (39%)         208M (10%)    
[16.521s][info][gc,heap     ] GC(13)      Live:         -                35M (2%)           35M (2%)           35M (2%)             -                  -          
[16.521s][info][gc,heap     ] GC(13) Allocated:         -                90M (4%)          112M (5%)          117M (6%)             -                  -          
[16.521s][info][gc,heap     ] GC(13)   Garbage:         -               674M (33%)          86M (4%)           54M (3%)             -                  -          
[16.521s][info][gc,heap     ] GC(13) Reclaimed:         -                  -               588M (29%)         619M (30%)            -                  -          
[16.521s][info][gc          ] GC(13) Garbage Collection (Allocation Rate) 710M(35%)->208M(10%)
[16.870s][info][gc,start    ] GC(14) Garbage Collection (Allocation Rate)
[16.870s][info][gc,task     ] GC(14) Using 4 workers
[16.870s][info][gc,phases   ] GC(14) Pause Mark Start 0.011ms
[16.901s][info][gc,phases   ] GC(14) Concurrent Mark 30.743ms
[16.901s][info][gc,phases   ] GC(14) Pause Mark End 0.019ms
[16.901s][info][gc,phases   ] GC(14) Concurrent Mark Free 0.001ms
[16.904s][info][gc,phases   ] GC(14) Concurrent Process Non-Strong References 3.113ms
[16.904s][info][gc,phases   ] GC(14) Concurrent Reset Relocation Set 0.003ms
[16.907s][info][gc,phases   ] GC(14) Concurrent Select Relocation Set 2.419ms
[16.907s][info][gc,phases   ] GC(14) Pause Relocate Start 0.007ms
[16.909s][info][gc,phases   ] GC(14) Concurrent Relocate 1.753ms
[16.909s][info][gc,load     ] GC(14) Load: 0.00/0.00/0.00
[16.909s][info][gc,mmu      ] GC(14) MMU: 2ms/96.8%, 5ms/98.7%, 10ms/99.3%, 20ms/99.6%, 50ms/99.8%, 100ms/99.9%
[16.909s][info][gc,marking  ] GC(14) Mark: 4 stripe(s), 3 proactive flush(es), 1 terminate flush(es), 0 completion(s), 0 continuation(s) 
[16.909s][info][gc,marking  ] GC(14) Mark Stack Usage: 32M
[16.909s][info][gc,nmethod  ] GC(14) NMethods: 4510 registered, 666 unregistered
[16.909s][info][gc,metaspace] GC(14) Metaspace: 57M used, 58M committed, 1088M reserved
[16.909s][info][gc,ref      ] GC(14) Soft: 4660 encountered, 0 discovered, 0 enqueued
[16.909s][info][gc,ref      ] GC(14) Weak: 5004 encountered, 1431 discovered, 0 enqueued
[16.909s][info][gc,ref      ] GC(14) Final: 82 encountered, 1 discovered, 0 enqueued
[16.909s][info][gc,ref      ] GC(14) Phantom: 621 encountered, 380 discovered, 0 enqueued
[16.909s][info][gc,reloc    ] GC(14) Small Pages: 547 / 1094M, Empty: 1022M, Relocated: 5M, In-Place: 0
[16.909s][info][gc,reloc    ] GC(14) Medium Pages: 1 / 32M, Empty: 0M, Relocated: 0M, In-Place: 0
[16.909s][info][gc,reloc    ] GC(14) Large Pages: 0 / 0M, Empty: 0M, Relocated: 0M, In-Place: 0
[16.909s][info][gc,reloc    ] GC(14) Forwarding Usage: 1M
[16.909s][info][gc,heap     ] GC(14) Min Capacity: 8M(0%)
[16.909s][info][gc,heap     ] GC(14) Max Capacity: 2048M(100%)
[16.909s][info][gc,heap     ] GC(14) Soft Max Capacity: 2048M(100%)
[16.909s][info][gc,heap     ] GC(14)                Mark Start          Mark End        Relocate Start      Relocate End           High               Low         
[16.909s][info][gc,heap     ] GC(14)  Capacity:     2048M (100%)       2048M (100%)       2048M (100%)       2048M (100%)       2048M (100%)       2048M (100%)   
[16.909s][info][gc,heap     ] GC(14)      Free:      922M (45%)         872M (43%)        1882M (92%)        1908M (93%)        1908M (93%)         866M (42%)    
[16.909s][info][gc,heap     ] GC(14)      Used:     1126M (55%)        1176M (57%)         166M (8%)          140M (7%)         1182M (58%)         140M (7%)     
[16.909s][info][gc,heap     ] GC(14)      Live:         -                35M (2%)           35M (2%)           35M (2%)             -                  -          
[16.909s][info][gc,heap     ] GC(14) Allocated:         -                50M (2%)           62M (3%)           65M (3%)             -                  -          
[16.909s][info][gc,heap     ] GC(14)   Garbage:         -              1090M (53%)          68M (3%)           38M (2%)             -                  -          
[16.909s][info][gc,heap     ] GC(14) Reclaimed:         -                  -              1022M (50%)        1051M (51%)            -                  -          
[16.909s][info][gc          ] GC(14) Garbage Collection (Allocation Rate) 1126M(55%)->140M(7%)
[17.182s][info][gc,start    ] GC(15) Garbage Collection (Allocation Rate)
[17.182s][info][gc,task     ] GC(15) Using 3 workers
[17.182s][info][gc,phases   ] GC(15) Pause Mark Start 0.015ms
[17.237s][info][gc,phases   ] GC(15) Concurrent Mark 54.075ms
[17.237s][info][gc,phases   ] GC(15) Pause Mark End 0.021ms
[17.237s][info][gc,phases   ] GC(15) Concurrent Mark Free 0.001ms
[17.242s][info][gc,phases   ] GC(15) Concurrent Process Non-Strong References 5.392ms
[17.242s][info][gc,phases   ] GC(15) Concurrent Reset Relocation Set 0.003ms
[17.246s][info][gc,phases   ] GC(15) Concurrent Select Relocation Set 3.757ms
[17.246s][info][gc,phases   ] GC(15) Pause Relocate Start 0.007ms
[17.248s][info][gc,phases   ] GC(15) Concurrent Relocate 1.311ms
[17.248s][info][gc,load     ] GC(15) Load: 0.00/0.00/0.00
[17.248s][info][gc,mmu      ] GC(15) MMU: 2ms/96.8%, 5ms/98.7%, 10ms/99.3%, 20ms/99.6%, 50ms/99.8%, 100ms/99.9%
[17.248s][info][gc,marking  ] GC(15) Mark: 2 stripe(s), 3 proactive flush(es), 1 terminate flush(es), 0 completion(s), 0 continuation(s) 
[17.248s][info][gc,marking  ] GC(15) Mark Stack Usage: 32M
[17.248s][info][gc,nmethod  ] GC(15) NMethods: 4510 registered, 676 unregistered
[17.248s][info][gc,metaspace] GC(15) Metaspace: 57M used, 58M committed, 1088M reserved
[17.248s][info][gc,ref      ] GC(15) Soft: 4660 encountered, 0 discovered, 0 enqueued
[17.248s][info][gc,ref      ] GC(15) Weak: 5004 encountered, 693 discovered, 0 enqueued
[17.248s][info][gc,ref      ] GC(15) Final: 82 encountered, 1 discovered, 0 enqueued
[17.248s][info][gc,ref      ] GC(15) Phantom: 621 encountered, 605 discovered, 0 enqueued
[17.248s][info][gc,reloc    ] GC(15) Small Pages: 443 / 886M, Empty: 826M, Relocated: 1M, In-Place: 0
[17.248s][info][gc,reloc    ] GC(15) Medium Pages: 1 / 32M, Empty: 0M, Relocated: 0M, In-Place: 0
[17.248s][info][gc,reloc    ] GC(15) Large Pages: 0 / 0M, Empty: 0M, Relocated: 0M, In-Place: 0
[17.248s][info][gc,reloc    ] GC(15) Forwarding Usage: 0M
[17.248s][info][gc,heap     ] GC(15) Min Capacity: 8M(0%)
[17.248s][info][gc,heap     ] GC(15) Max Capacity: 2048M(100%)
[17.248s][info][gc,heap     ] GC(15) Soft Max Capacity: 2048M(100%)
[17.248s][info][gc,heap     ] GC(15)                Mark Start          Mark End        Relocate Start      Relocate End           High               Low         
[17.248s][info][gc,heap     ] GC(15)  Capacity:     2048M (100%)       2048M (100%)       2048M (100%)       2048M (100%)       2048M (100%)       2048M (100%)   
[17.248s][info][gc,heap     ] GC(15)      Free:     1130M (55%)         974M (48%)        1778M (87%)        1790M (87%)        1792M (88%)         960M (47%)    
[17.248s][info][gc,heap     ] GC(15)      Used:      918M (45%)        1074M (52%)         270M (13%)         258M (13%)        1088M (53%)         256M (13%)    
[17.249s][info][gc,heap     ] GC(15)      Live:         -                35M (2%)           35M (2%)           35M (2%)             -                  -          
[17.249s][info][gc,heap     ] GC(15) Allocated:         -               156M (8%)          178M (9%)          181M (9%)             -                  -          
[17.249s][info][gc,heap     ] GC(15)   Garbage:         -               882M (43%)          56M (3%)           40M (2%)             -                  -          
[17.249s][info][gc,heap     ] GC(15) Reclaimed:         -                  -               826M (40%)         841M (41%)            -                  -          
[17.249s][info][gc          ] GC(15) Garbage Collection (Allocation Rate) 918M(45%)->258M(13%)
[17.580s][info][gc,start    ] GC(16) Garbage Collection (Allocation Rate)
[17.580s][info][gc,task     ] GC(16) Using 2 workers
[17.581s][info][gc,phases   ] GC(16) Pause Mark Start 0.017ms
[17.643s][info][gc,phases   ] GC(16) Concurrent Mark 62.093ms
[17.643s][info][gc,phases   ] GC(16) Pause Mark End 0.020ms
[17.643s][info][gc,phases   ] GC(16) Concurrent Mark Free 0.001ms
[17.652s][info][gc,phases   ] GC(16) Concurrent Process Non-Strong References 8.831ms
[17.652s][info][gc,phases   ] GC(16) Concurrent Reset Relocation Set 0.002ms
[17.655s][info][gc,phases   ] GC(16) Concurrent Select Relocation Set 3.355ms
[17.655s][info][gc,phases   ] GC(16) Pause Relocate Start 0.006ms
[17.659s][info][gc,phases   ] GC(16) Concurrent Relocate 4.006ms
[17.659s][info][gc,load     ] GC(16) Load: 0.00/0.00/0.00
[17.659s][info][gc,mmu      ] GC(16) MMU: 2ms/96.8%, 5ms/98.7%, 10ms/99.3%, 20ms/99.6%, 50ms/99.8%, 100ms/99.9%
[17.659s][info][gc,marking  ] GC(16) Mark: 2 stripe(s), 2 proactive flush(es), 1 terminate flush(es), 0 completion(s), 0 continuation(s) 
[17.659s][info][gc,marking  ] GC(16) Mark Stack Usage: 32M
[17.659s][info][gc,nmethod  ] GC(16) NMethods: 4535 registered, 690 unregistered
[17.659s][info][gc,metaspace] GC(16) Metaspace: 57M used, 58M committed, 1088M reserved
[17.660s][info][gc,ref      ] GC(16) Soft: 4662 encountered, 0 discovered, 0 enqueued
[17.660s][info][gc,ref      ] GC(16) Weak: 5007 encountered, 808 discovered, 4 enqueued
[17.660s][info][gc,ref      ] GC(16) Final: 82 encountered, 0 discovered, 0 enqueued
[17.660s][info][gc,ref      ] GC(16) Phantom: 611 encountered, 591 discovered, 0 enqueued
[17.660s][info][gc,reloc    ] GC(16) Small Pages: 462 / 924M, Empty: 862M, Relocated: 3M, In-Place: 0
[17.660s][info][gc,reloc    ] GC(16) Medium Pages: 1 / 32M, Empty: 0M, Relocated: 0M, In-Place: 0
[17.660s][info][gc,reloc    ] GC(16) Large Pages: 0 / 0M, Empty: 0M, Relocated: 0M, In-Place: 0
[17.660s][info][gc,reloc    ] GC(16) Forwarding Usage: 0M
[17.660s][info][gc,heap     ] GC(16) Min Capacity: 8M(0%)
[17.660s][info][gc,heap     ] GC(16) Max Capacity: 2048M(100%)
[17.660s][info][gc,heap     ] GC(16) Soft Max Capacity: 2048M(100%)
[17.660s][info][gc,heap     ] GC(16)                Mark Start          Mark End        Relocate Start      Relocate End           High               Low         
[17.660s][info][gc,heap     ] GC(16)  Capacity:     2048M (100%)       2048M (100%)       2048M (100%)       2048M (100%)       2048M (100%)       2048M (100%)   
[17.660s][info][gc,heap     ] GC(16)      Free:     1092M (53%)        1044M (51%)        1906M (93%)        1930M (94%)        1930M (94%)        1044M (51%)    
[17.660s][info][gc,heap     ] GC(16)      Used:      956M (47%)        1004M (49%)         142M (7%)          118M (6%)         1004M (49%)         118M (6%)     
[17.660s][info][gc,heap     ] GC(16)      Live:         -                34M (2%)           34M (2%)           34M (2%)             -                  -          
[17.660s][info][gc,heap     ] GC(16) Allocated:         -                48M (2%)           48M (2%)           47M (2%)             -                  -          
[17.660s][info][gc,heap     ] GC(16)   Garbage:         -               921M (45%)          59M (3%)           35M (2%)             -                  -          
[17.660s][info][gc,heap     ] GC(16) Reclaimed:         -                  -               862M (42%)         885M (43%)            -                  -          
[17.660s][info][gc          ] GC(16) Garbage Collection (Allocation Rate) 956M(47%)->118M(6%)
[17.980s][info][gc,start    ] GC(17) Garbage Collection (Allocation Rate)
[17.980s][info][gc,task     ] GC(17) Using 6 workers
[17.980s][info][gc,phases   ] GC(17) Pause Mark Start 0.012ms
[18.011s][info][gc,phases   ] GC(17) Concurrent Mark 30.954ms
[18.011s][info][gc,phases   ] GC(17) Pause Mark End 0.018ms
[18.011s][info][gc,phases   ] GC(17) Concurrent Mark Free 0.001ms
[18.022s][info][gc,phases   ] GC(17) Concurrent Process Non-Strong References 11.077ms
[18.022s][info][gc,phases   ] GC(17) Concurrent Reset Relocation Set 0.003ms
[18.026s][info][gc,phases   ] GC(17) Concurrent Select Relocation Set 3.397ms
[18.026s][info][gc,phases   ] GC(17) Pause Relocate Start 0.007ms
[18.028s][info][gc,phases   ] GC(17) Concurrent Relocate 2.076ms
[18.028s][info][gc,load     ] GC(17) Load: 0.00/0.00/0.00
[18.028s][info][gc,mmu      ] GC(17) MMU: 2ms/96.8%, 5ms/98.7%, 10ms/99.3%, 20ms/99.6%, 50ms/99.8%, 100ms/99.9%
[18.028s][info][gc,marking  ] GC(17) Mark: 4 stripe(s), 2 proactive flush(es), 1 terminate flush(es), 0 completion(s), 0 continuation(s) 
[18.028s][info][gc,marking  ] GC(17) Mark Stack Usage: 32M
[18.028s][info][gc,nmethod  ] GC(17) NMethods: 5049 registered, 133 unregistered
[18.028s][info][gc,metaspace] GC(17) Metaspace: 59M used, 60M committed, 1088M reserved
[18.028s][info][gc,ref      ] GC(17) Soft: 4739 encountered, 0 discovered, 0 enqueued
[18.028s][info][gc,ref      ] GC(17) Weak: 5799 encountered, 2339 discovered, 418 enqueued
[18.028s][info][gc,ref      ] GC(17) Final: 82 encountered, 75 discovered, 0 enqueued
[18.028s][info][gc,ref      ] GC(17) Phantom: 838 encountered, 739 discovered, 224 enqueued
[18.028s][info][gc,reloc    ] GC(17) Small Pages: 55 / 110M, Empty: 44M, Relocated: 4M, In-Place: 0
[18.028s][info][gc,reloc    ] GC(17) Medium Pages: 1 / 32M, Empty: 0M, Relocated: 0M, In-Place: 0
[18.028s][info][gc,reloc    ] GC(17) Large Pages: 1 / 6M, Empty: 6M, Relocated: 0M, In-Place: 0
[18.028s][info][gc,reloc    ] GC(17) Forwarding Usage: 1M
[18.028s][info][gc,heap     ] GC(17) Min Capacity: 8M(0%)
[18.028s][info][gc,heap     ] GC(17) Max Capacity: 2048M(100%)
[18.028s][info][gc,heap     ] GC(17) Soft Max Capacity: 2048M(100%)
[18.028s][info][gc,heap     ] GC(17)                Mark Start          Mark End        Relocate Start      Relocate End           High               Low         
[18.028s][info][gc,heap     ] GC(17)  Capacity:     2048M (100%)       2048M (100%)       2048M (100%)       2048M (100%)       2048M (100%)       2048M (100%)   
[18.028s][info][gc,heap     ] GC(17)      Free:     1900M (93%)        1888M (92%)        1930M (94%)        1950M (95%)        1950M (95%)        1880M (92%)    
[18.028s][info][gc,heap     ] GC(17)      Used:      148M (7%)          160M (8%)          118M (6%)           98M (5%)          168M (8%)           98M (5%)     
[18.028s][info][gc,heap     ] GC(17)      Live:         -                34M (2%)           34M (2%)           34M (2%)             -                  -          
[18.028s][info][gc,heap     ] GC(17) Allocated:         -                12M (1%)           20M (1%)           21M (1%)             -                  -          
[18.028s][info][gc,heap     ] GC(17)   Garbage:         -               113M (6%)           63M (3%)           41M (2%)             -                  -          
[18.028s][info][gc,heap     ] GC(17) Reclaimed:         -                  -                50M (2%)           71M (4%)             -                  -          
[18.028s][info][gc          ] GC(17) Garbage Collection (Allocation Rate) 148M(7%)->98M(5%)
[19.875s][info][gc,start    ] GC(18) Garbage Collection (Allocation Rate)
[19.875s][info][gc,task     ] GC(18) Using 6 workers
[19.876s][info][gc,phases   ] GC(18) Pause Mark Start 0.010ms
[20.141s][info][gc,phases   ] GC(18) Concurrent Mark 265.169ms
[20.141s][info][gc,phases   ] GC(18) Pause Mark End 0.018ms
[20.141s][info][gc,phases   ] GC(18) Concurrent Mark Free 0.001ms
[20.146s][info][gc,phases   ] GC(18) Concurrent Process Non-Strong References 4.633ms
[20.146s][info][gc,phases   ] GC(18) Concurrent Reset Relocation Set 0.003ms
[20.149s][info][gc          ] Allocation Stall (Executor task launch worker for task 0.0 in stage 1.0 (TID 4)) 67.576ms
[20.149s][info][gc          ] Allocation Stall (Common-Cleaner) 3.308ms
[20.149s][info][gc          ] Allocation Stall (Executor task launch worker for task 3.0 in stage 1.0 (TID 7)) 64.289ms
[20.149s][info][gc          ] Allocation Stall (Executor task launch worker for task 2.0 in stage 1.0 (TID 6)) 63.958ms
[20.149s][info][gc          ] Allocation Stall (Executor task launch worker for task 1.0 in stage 1.0 (TID 5)) 63.734ms
[20.172s][info][gc,stats    ] === Garbage Collection Statistics =======================================================================================================================
[20.172s][info][gc,stats    ]                                                              Last 10s              Last 10m              Last 10h                Total
[20.172s][info][gc,stats    ]                                                              Avg / Max             Avg / Max             Avg / Max             Avg / Max
[20.172s][info][gc,stats    ]   Collector: Garbage Collection Cycle                    187.789 / 1113.016    181.122 / 1113.016    181.122 / 1113.016    181.122 / 1113.016    ms
[20.172s][info][gc,stats    ]  Contention: Mark Segment Reset Contention                    21 / 154              10 / 154              10 / 154              10 / 154         ops/s
[20.172s][info][gc,stats    ]  Contention: Mark SeqNum Reset Contention                      0 / 2                 0 / 2                 0 / 2                 0 / 2           ops/s
[20.172s][info][gc,stats    ]    Critical: Allocation Stall                                  0 / 5                 0 / 5                 0 / 5                 0 / 5           ops/s
[20.172s][info][gc,stats    ]    Critical: Allocation Stall                             52.573 / 67.576       52.573 / 67.576       52.573 / 67.576       52.573 / 67.576      ms
[20.172s][info][gc,stats    ]    Critical: GC Locker Stall                                   0 / 1                 0 / 1                 0 / 1                 0 / 1           ops/s
[20.172s][info][gc,stats    ]    Critical: GC Locker Stall                               0.001 / 0.001         0.001 / 0.001         0.001 / 0.001         0.001 / 0.001       ms
[20.172s][info][gc,stats    ]    Critical: Relocation Stall                                  0 / 0                 0 / 0                 0 / 0                 0 / 0           ops/s
[20.172s][info][gc,stats    ]    Critical: Relocation Stall                              0.000 / 0.000         0.000 / 0.000         0.000 / 0.000         0.000 / 0.000       ms
[20.172s][info][gc,stats    ]      Memory: Allocation Rate                                 920 / 2860            466 / 2860            466 / 2860            466 / 2860        MB/s
[20.172s][info][gc,stats    ]      Memory: Defragment                                        0 / 0                 0 / 0                 0 / 0                 0 / 0           ops/s
[20.172s][info][gc,stats    ]      Memory: Out Of Memory                                     0 / 0                 0 / 0                 0 / 0                 0 / 0           ops/s
[20.172s][info][gc,stats    ]      Memory: Page Cache Flush                                  1 / 10                0 / 10                0 / 10                0 / 10          MB/s
[20.172s][info][gc,stats    ]      Memory: Page Cache Hit L1                               377 / 1290            189 / 1290            189 / 1290            189 / 1290        ops/s
[20.172s][info][gc,stats    ]      Memory: Page Cache Hit L2                                 0 / 0                 0 / 0                 0 / 0                 0 / 0           ops/s
[20.172s][info][gc,stats    ]      Memory: Page Cache Hit L3                                88 / 362              47 / 362              47 / 362              47 / 362         ops/s
[20.172s][info][gc,stats    ]      Memory: Page Cache Miss                                   0 / 1                 0 / 1                 0 / 1                 0 / 1           ops/s
[20.172s][info][gc,stats    ]      Memory: Uncommit                                          0 / 0                 0 / 0                 0 / 0                 0 / 0           MB/s
[20.173s][info][gc,stats    ]      Memory: Undo Object Allocation Failed                     0 / 5                 0 / 5                 0 / 5                 0 / 5           ops/s
[20.173s][info][gc,stats    ]      Memory: Undo Object Allocation Succeeded                  1 / 8                 0 / 8                 0 / 8                 0 / 8           ops/s
[20.173s][info][gc,stats    ]      Memory: Undo Page Allocation                             13 / 51                6 / 51                6 / 51                6 / 51          ops/s
[20.173s][info][gc,stats    ]       Phase: Concurrent Mark                             178.840 / 1077.882    170.968 / 1077.882    170.968 / 1077.882    170.968 / 1077.882    ms
[20.173s][info][gc,stats    ]       Phase: Concurrent Mark Continue                      0.000 / 0.000         0.000 / 0.000         0.000 / 0.000         0.000 / 0.000       ms
[20.173s][info][gc,stats    ]       Phase: Concurrent Mark Free                          0.001 / 0.001         0.001 / 0.001         0.001 / 0.001         0.001 / 0.001       ms
[20.173s][info][gc,stats    ]       Phase: Concurrent Process Non-Strong References      3.872 / 14.506        4.542 / 16.614        4.542 / 16.614        4.542 / 16.614      ms
[20.173s][info][gc,stats    ]       Phase: Concurrent Relocate                           3.709 / 8.080         3.806 / 8.080         3.806 / 8.080         3.806 / 8.080       ms
[20.173s][info][gc,stats    ]       Phase: Concurrent Reset Relocation Set               0.004 / 0.010         0.004 / 0.010         0.004 / 0.010         0.004 / 0.010       ms
[20.173s][info][gc,stats    ]       Phase: Concurrent Select Relocation Set              4.591 / 8.589         5.176 / 15.120        5.176 / 15.120        5.176 / 15.120      ms
[20.173s][info][gc,stats    ]       Phase: Pause Mark End                                0.023 / 0.063         0.023 / 0.063         0.023 / 0.063         0.023 / 0.063       ms
[20.173s][info][gc,stats    ]       Phase: Pause Mark Start                              0.013 / 0.017         0.014 / 0.017         0.014 / 0.017         0.014 / 0.017       ms
[20.173s][info][gc,stats    ]       Phase: Pause Relocate Start                          0.008 / 0.011         0.008 / 0.011         0.008 / 0.011         0.008 / 0.011       ms
[20.173s][info][gc,stats    ]    Subphase: Concurrent Classes Purge                      0.269 / 1.483         0.324 / 1.483         0.324 / 1.483         0.324 / 1.483       ms
[20.173s][info][gc,stats    ]    Subphase: Concurrent Classes Unlink                     2.851 / 12.247        2.734 / 12.247        2.734 / 12.247        2.734 / 12.247      ms
[20.173s][info][gc,stats    ]    Subphase: Concurrent Mark                             195.109 / 1074.330    184.336 / 1074.330    184.336 / 1074.330    184.336 / 1074.330    ms
[20.173s][info][gc,stats    ]    Subphase: Concurrent Mark Try Flush                     0.083 / 0.246         0.082 / 0.246         0.082 / 0.246         0.082 / 0.246       ms
[20.173s][info][gc,stats    ]    Subphase: Concurrent Mark Try Terminate                13.443 / 16.666       13.398 / 16.666       13.398 / 16.666       13.398 / 16.666      ms
[20.173s][info][gc,stats    ]    Subphase: Concurrent References Enqueue                 0.002 / 0.004         0.002 / 0.005         0.002 / 0.005         0.002 / 0.005       ms
[20.173s][info][gc,stats    ]    Subphase: Concurrent References Process                 0.143 / 0.253         0.140 / 0.253         0.140 / 0.253         0.140 / 0.253       ms
[20.173s][info][gc,stats    ]    Subphase: Concurrent Roots ClassLoaderDataGraph         0.083 / 0.915         0.082 / 0.915         0.082 / 0.915         0.082 / 0.915       ms
[20.173s][info][gc,stats    ]    Subphase: Concurrent Roots CodeCache                    0.000 / 0.000         0.000 / 0.000         0.000 / 0.000         0.000 / 0.000       ms
[20.173s][info][gc,stats    ]    Subphase: Concurrent Roots JavaThreads                  3.454 / 13.140        3.326 / 13.140        3.326 / 13.140        3.326 / 13.140      ms
[20.173s][info][gc,stats    ]    Subphase: Concurrent Roots OopStorageSet                0.021 / 0.092         0.026 / 0.277         0.026 / 0.277         0.026 / 0.277       ms
[20.173s][info][gc,stats    ]    Subphase: Concurrent Weak Roots OopStorageSet           0.349 / 1.572         0.335 / 1.572         0.335 / 1.572         0.335 / 1.572       ms
[20.173s][info][gc,stats    ]    Subphase: Pause Mark Try Complete                       0.001 / 0.006         0.001 / 0.006         0.001 / 0.006         0.001 / 0.006       ms
[20.173s][info][gc,stats    ]      System: Java Threads                                     74 / 84               71 / 84               71 / 84               71 / 84          threads
[20.173s][info][gc,stats    ] =========================================================================================================================================================
[20.199s][info][gc,phases   ] GC(18) Concurrent Select Relocation Set 52.864ms
[20.199s][info][gc,phases   ] GC(18) Pause Relocate Start 0.014ms
[20.199s][info][gc          ] Allocation Stall (Executor task launch worker for task 1.0 in stage 1.0 (TID 5)) 29.225ms
[20.199s][info][gc          ] Relocation Stall (Executor task launch worker for task 0.0 in stage 1.0 (TID 4)) 0.335ms
[20.207s][info][gc          ] Relocation Stall (Executor task launch worker for task 2.0 in stage 1.0 (TID 6)) 8.014ms
[20.207s][info][gc          ] Allocation Stall (Executor task launch worker for task 2.0 in stage 1.0 (TID 6)) 37.219ms
[20.209s][info][gc          ] Relocation Stall (Executor task launch worker for task 3.0 in stage 1.0 (TID 7)) 10.360ms
[20.209s][info][gc          ] Allocation Stall (Executor task launch worker for task 3.0 in stage 1.0 (TID 7)) 39.868ms
[20.307s][info][gc,phases   ] GC(18) Concurrent Relocate 107.720ms
[20.307s][info][gc,load     ] GC(18) Load: 0.00/0.00/0.00
[20.307s][info][gc,mmu      ] GC(18) MMU: 2ms/96.8%, 5ms/98.7%, 10ms/99.3%, 20ms/99.6%, 50ms/99.8%, 100ms/99.9%
[20.307s][info][gc,marking  ] GC(18) Mark: 4 stripe(s), 2 proactive flush(es), 1 terminate flush(es), 0 completion(s), 0 continuation(s) 
[20.307s][info][gc,marking  ] GC(18) Mark Stack Usage: 32M
[20.307s][info][gc,nmethod  ] GC(18) NMethods: 5317 registered, 400 unregistered
[20.307s][info][gc,metaspace] GC(18) Metaspace: 60M used, 61M committed, 1088M reserved
[20.307s][info][gc,ref      ] GC(18) Soft: 4775 encountered, 0 discovered, 0 enqueued
[20.307s][info][gc,ref      ] GC(18) Weak: 5683 encountered, 2007 discovered, 103 enqueued
[20.307s][info][gc,ref      ] GC(18) Final: 82 encountered, 36 discovered, 0 enqueued
[20.307s][info][gc,ref      ] GC(18) Phantom: 680 encountered, 661 discovered, 70 enqueued
[20.307s][info][gc,reloc    ] GC(18) Small Pages: 805 / 1610M, Empty: 0M, Relocated: 243M, In-Place: 3
[20.307s][info][gc,reloc    ] GC(18) Medium Pages: 3 / 96M, Empty: 0M, Relocated: 13M, In-Place: 1
[20.307s][info][gc,reloc    ] GC(18) Large Pages: 9 / 54M, Empty: 24M, Relocated: 0M, In-Place: 0
[20.307s][info][gc,reloc    ] GC(18) Forwarding Usage: 159M
[20.307s][info][gc,heap     ] GC(18) Min Capacity: 8M(0%)
[20.307s][info][gc,heap     ] GC(18) Max Capacity: 2048M(100%)
[20.307s][info][gc,heap     ] GC(18) Soft Max Capacity: 2048M(100%)
[20.307s][info][gc,heap     ] GC(18)                Mark Start          Mark End        Relocate Start      Relocate End           High               Low         
[20.307s][info][gc,heap     ] GC(18)  Capacity:     2048M (100%)       2048M (100%)       2048M (100%)       2048M (100%)       2048M (100%)       2048M (100%)   
[20.307s][info][gc,heap     ] GC(18)      Free:      288M (14%)           0M (0%)            0M (0%)         1282M (63%)        1282M (63%)           0M (0%)     
[20.307s][info][gc,heap     ] GC(18)      Used:     1760M (86%)        2048M (100%)       2048M (100%)        766M (37%)        2048M (100%)        766M (37%)    
[20.307s][info][gc,heap     ] GC(18)      Live:         -               313M (15%)         313M (15%)         313M (15%)            -                  -          
[20.307s][info][gc,heap     ] GC(18) Allocated:         -               288M (14%)         312M (15%)         419M (20%)            -                  -          
[20.307s][info][gc,heap     ] GC(18)   Garbage:         -              1446M (71%)        1422M (69%)          33M (2%)             -                  -          
[20.307s][info][gc,heap     ] GC(18) Reclaimed:         -                  -                24M (1%)         1413M (69%)            -                  -          
[20.307s][info][gc          ] GC(18) Garbage Collection (Allocation Rate) 1760M(86%)->766M(37%)
[20.383s][info][gc,start    ] GC(19) Garbage Collection (Allocation Stall)
[20.383s][info][gc,ref      ] GC(19) Clearing All SoftReferences
[20.383s][info][gc,task     ] GC(19) Using 12 workers
[20.383s][info][gc,ref      ] GC(19) Clearing All SoftReferences
[20.383s][info][gc,phases   ] GC(19) Pause Mark Start 0.059ms
[20.632s][info][gc,phases   ] GC(19) Concurrent Mark 249.574ms
[20.633s][info][gc,phases   ] GC(19) Pause Mark End 0.017ms
[20.633s][info][gc,phases   ] GC(19) Concurrent Mark Free 0.001ms
[20.643s][info][gc,phases   ] GC(19) Concurrent Process Non-Strong References 10.806ms
[20.644s][info][gc,phases   ] GC(19) Concurrent Reset Relocation Set 0.142ms
[20.660s][info][gc,phases   ] GC(19) Concurrent Select Relocation Set 16.384ms
[20.660s][info][gc,phases   ] GC(19) Pause Relocate Start 0.012ms
[20.687s][info][gc,phases   ] GC(19) Concurrent Relocate 26.207ms
[20.687s][info][gc,load     ] GC(19) Load: 0.00/0.00/0.00
[20.687s][info][gc,mmu      ] GC(19) MMU: 2ms/96.8%, 5ms/98.7%, 10ms/99.3%, 20ms/99.6%, 50ms/99.8%, 100ms/99.9%
[20.687s][info][gc,marking  ] GC(19) Mark: 8 stripe(s), 2 proactive flush(es), 1 terminate flush(es), 0 completion(s), 0 continuation(s) 
[20.687s][info][gc,marking  ] GC(19) Mark Stack Usage: 32M
[20.687s][info][gc,nmethod  ] GC(19) NMethods: 5323 registered, 404 unregistered
[20.687s][info][gc,metaspace] GC(19) Metaspace: 59M used, 61M committed, 1088M reserved
[20.687s][info][gc,ref      ] GC(19) Soft: 4601 encountered, 2219 discovered, 1981 enqueued
[20.687s][info][gc,ref      ] GC(19) Weak: 5488 encountered, 363 discovered, 110 enqueued
[20.687s][info][gc,ref      ] GC(19) Final: 82 encountered, 0 discovered, 0 enqueued
[20.687s][info][gc,ref      ] GC(19) Phantom: 610 encountered, 351 discovered, 0 enqueued
[20.687s][info][gc,reloc    ] GC(19) Small Pages: 393 / 786M, Empty: 0M, Relocated: 55M, In-Place: 0
[20.687s][info][gc,reloc    ] GC(19) Medium Pages: 2 / 64M, Empty: 32M, Relocated: 0M, In-Place: 0
[20.687s][info][gc,reloc    ] GC(19) Large Pages: 9 / 58M, Empty: 6M, Relocated: 0M, In-Place: 0
[20.687s][info][gc,reloc    ] GC(19) Forwarding Usage: 42M
[20.687s][info][gc,heap     ] GC(19) Min Capacity: 8M(0%)
[20.687s][info][gc,heap     ] GC(19) Max Capacity: 2048M(100%)
[20.687s][info][gc,heap     ] GC(19) Soft Max Capacity: 2048M(100%)
[20.687s][info][gc,heap     ] GC(19)                Mark Start          Mark End        Relocate Start      Relocate End           High               Low         
[20.687s][info][gc,heap     ] GC(19)  Capacity:     2048M (100%)       2048M (100%)       2048M (100%)       2048M (100%)       2048M (100%)       2048M (100%)   
[20.687s][info][gc,heap     ] GC(19)      Free:     1140M (56%)         880M (43%)         868M (42%)        1298M (63%)        1298M (63%)         844M (41%)    
[20.687s][info][gc,heap     ] GC(19)      Used:      908M (44%)        1168M (57%)        1180M (58%)         750M (37%)        1204M (59%)         750M (37%)    
[20.687s][info][gc,heap     ] GC(19)      Live:         -               363M (18%)         363M (18%)         363M (18%)            -                  -          
[20.687s][info][gc,heap     ] GC(19) Allocated:         -               260M (13%)         310M (15%)         344M (17%)            -                  -          
[20.687s][info][gc,heap     ] GC(19)   Garbage:         -               544M (27%)         506M (25%)          41M (2%)             -                  -          
[20.687s][info][gc,heap     ] GC(19) Reclaimed:         -                  -                38M (2%)          502M (25%)            -                  -          
[20.687s][info][gc          ] GC(19) Garbage Collection (Allocation Stall) 908M(44%)->750M(37%)
[20.773s][info][gc,start    ] GC(20) Garbage Collection (Allocation Rate)
[20.773s][info][gc,task     ] GC(20) Using 12 workers
[20.773s][info][gc,phases   ] GC(20) Pause Mark Start 0.016ms
[20.952s][info][gc,phases   ] GC(20) Concurrent Mark 178.913ms
[20.953s][info][gc,phases   ] GC(20) Pause Mark End 0.018ms
[20.953s][info][gc,phases   ] GC(20) Concurrent Mark Free 0.001ms
[20.954s][info][gc,phases   ] GC(20) Concurrent Process Non-Strong References 1.543ms
[20.954s][info][gc,phases   ] GC(20) Concurrent Reset Relocation Set 0.066ms
[20.958s][info][gc,phases   ] GC(20) Concurrent Select Relocation Set 4.057ms
[20.958s][info][gc,phases   ] GC(20) Pause Relocate Start 0.009ms
[20.976s][info][gc,phases   ] GC(20) Concurrent Relocate 17.689ms
[20.976s][info][gc,load     ] GC(20) Load: 0.00/0.00/0.00
[20.976s][info][gc,mmu      ] GC(20) MMU: 2ms/96.8%, 5ms/98.7%, 10ms/99.3%, 20ms/99.6%, 50ms/99.8%, 100ms/99.9%
[20.976s][info][gc,marking  ] GC(20) Mark: 8 stripe(s), 3 proactive flush(es), 1 terminate flush(es), 0 completion(s), 0 continuation(s) 
[20.976s][info][gc,marking  ] GC(20) Mark Stack Usage: 32M
[20.976s][info][gc,nmethod  ] GC(20) NMethods: 5321 registered, 406 unregistered
[20.976s][info][gc,metaspace] GC(20) Metaspace: 59M used, 61M committed, 1088M reserved
[20.976s][info][gc,ref      ] GC(20) Soft: 2620 encountered, 0 discovered, 0 enqueued
[20.976s][info][gc,ref      ] GC(20) Weak: 5378 encountered, 2297 discovered, 0 enqueued
[20.976s][info][gc,ref      ] GC(20) Final: 82 encountered, 46 discovered, 0 enqueued
[20.976s][info][gc,ref      ] GC(20) Phantom: 610 encountered, 519 discovered, 0 enqueued
[20.976s][info][gc,reloc    ] GC(20) Small Pages: 406 / 812M, Empty: 0M, Relocated: 36M, In-Place: 0
[20.976s][info][gc,reloc    ] GC(20) Medium Pages: 1 / 32M, Empty: 0M, Relocated: 0M, In-Place: 0
[20.976s][info][gc,reloc    ] GC(20) Large Pages: 11 / 82M, Empty: 18M, Relocated: 0M, In-Place: 0
[20.976s][info][gc,reloc    ] GC(20) Forwarding Usage: 34M
[20.977s][info][gc,heap     ] GC(20) Min Capacity: 8M(0%)
[20.977s][info][gc,heap     ] GC(20) Max Capacity: 2048M(100%)
[20.977s][info][gc,heap     ] GC(20) Soft Max Capacity: 2048M(100%)
[20.977s][info][gc,heap     ] GC(20)                Mark Start          Mark End        Relocate Start      Relocate End           High               Low         
[20.977s][info][gc,heap     ] GC(20)  Capacity:     2048M (100%)       2048M (100%)       2048M (100%)       2048M (100%)       2048M (100%)       2048M (100%)   
[20.977s][info][gc,heap     ] GC(20)      Free:     1122M (55%)         812M (40%)         820M (40%)        1258M (61%)        1258M (61%)         796M (39%)    
[20.977s][info][gc,heap     ] GC(20)      Used:      926M (45%)        1236M (60%)        1228M (60%)         790M (39%)        1252M (61%)         790M (39%)    
[20.977s][info][gc,heap     ] GC(20)      Live:         -               398M (19%)         398M (19%)         398M (19%)            -                  -          
[20.977s][info][gc,heap     ] GC(20) Allocated:         -               310M (15%)         320M (16%)         341M (17%)            -                  -          
[20.977s][info][gc,heap     ] GC(20)   Garbage:         -               527M (26%)         509M (25%)          49M (2%)             -                  -          
[20.977s][info][gc,heap     ] GC(20) Reclaimed:         -                  -                18M (1%)          477M (23%)            -                  -          
[20.977s][info][gc          ] GC(20) Garbage Collection (Allocation Rate) 926M(45%)->790M(39%)
[21.171s][info][gc,start    ] GC(21) Garbage Collection (Allocation Rate)
[21.171s][info][gc,task     ] GC(21) Using 11 workers
[21.171s][info][gc,phases   ] GC(21) Pause Mark Start 0.012ms
[21.359s][info][gc,phases   ] GC(21) Concurrent Mark 187.098ms
[21.359s][info][gc,phases   ] GC(21) Pause Mark End 0.020ms
[21.359s][info][gc,phases   ] GC(21) Concurrent Mark Free 0.001ms
[21.360s][info][gc,phases   ] GC(21) Concurrent Process Non-Strong References 1.601ms
[21.360s][info][gc,phases   ] GC(21) Concurrent Reset Relocation Set 0.034ms
[21.398s][info][gc,phases   ] GC(21) Concurrent Select Relocation Set 37.428ms
[21.398s][info][gc,phases   ] GC(21) Pause Relocate Start 0.009ms
[21.430s][info][gc,phases   ] GC(21) Concurrent Relocate 32.067ms
[21.430s][info][gc,load     ] GC(21) Load: 0.00/0.00/0.00
[21.430s][info][gc,mmu      ] GC(21) MMU: 2ms/96.8%, 5ms/98.7%, 10ms/99.3%, 20ms/99.6%, 50ms/99.8%, 100ms/99.9%
[21.430s][info][gc,marking  ] GC(21) Mark: 8 stripe(s), 7 proactive flush(es), 1 terminate flush(es), 0 completion(s), 0 continuation(s) 
[21.430s][info][gc,marking  ] GC(21) Mark Stack Usage: 32M
[21.430s][info][gc,nmethod  ] GC(21) NMethods: 5366 registered, 14 unregistered
[21.430s][info][gc,metaspace] GC(21) Metaspace: 59M used, 61M committed, 1088M reserved
[21.430s][info][gc,ref      ] GC(21) Soft: 2623 encountered, 0 discovered, 0 enqueued
[21.430s][info][gc,ref      ] GC(21) Weak: 5386 encountered, 1563 discovered, 4 enqueued
[21.430s][info][gc,ref      ] GC(21) Final: 82 encountered, 46 discovered, 0 enqueued
[21.430s][info][gc,ref      ] GC(21) Phantom: 613 encountered, 540 discovered, 3 enqueued
[21.430s][info][gc,reloc    ] GC(21) Small Pages: 508 / 1016M, Empty: 0M, Relocated: 59M, In-Place: 0
[21.430s][info][gc,reloc    ] GC(21) Medium Pages: 2 / 64M, Empty: 0M, Relocated: 10M, In-Place: 0
[21.430s][info][gc,reloc    ] GC(21) Large Pages: 8 / 64M, Empty: 12M, Relocated: 0M, In-Place: 0
[21.430s][info][gc,reloc    ] GC(21) Forwarding Usage: 51M
[21.430s][info][gc,heap     ] GC(21) Min Capacity: 8M(0%)
[21.430s][info][gc,heap     ] GC(21) Max Capacity: 2048M(100%)
[21.430s][info][gc,heap     ] GC(21) Soft Max Capacity: 2048M(100%)
[21.430s][info][gc,heap     ] GC(21)                Mark Start          Mark End        Relocate Start      Relocate End           High               Low         
[21.430s][info][gc,heap     ] GC(21)  Capacity:     2048M (100%)       2048M (100%)       2048M (100%)       2048M (100%)       2048M (100%)       2048M (100%)   
[21.430s][info][gc,heap     ] GC(21)      Free:      904M (44%)         838M (41%)         850M (42%)        1534M (75%)        1534M (75%)         800M (39%)    
[21.430s][info][gc,heap     ] GC(21)      Used:     1144M (56%)        1210M (59%)        1198M (58%)         514M (25%)        1248M (61%)         514M (25%)    
[21.430s][info][gc,heap     ] GC(21)      Live:         -               361M (18%)         361M (18%)         361M (18%)            -                  -          
[21.430s][info][gc,heap     ] GC(21) Allocated:         -                66M (3%)           66M (3%)           65M (3%)             -                  -          
[21.430s][info][gc,heap     ] GC(21)   Garbage:         -               782M (38%)         770M (38%)          86M (4%)             -                  -          
[21.431s][info][gc,heap     ] GC(21) Reclaimed:         -                  -                12M (1%)          695M (34%)            -                  -          
[21.431s][info][gc          ] GC(21) Garbage Collection (Allocation Rate) 1144M(56%)->514M(25%)
[21.969s][info][gc,start    ] GC(22) Garbage Collection (Allocation Rate)
[21.969s][info][gc,task     ] GC(22) Using 11 workers
[21.969s][info][gc,phases   ] GC(22) Pause Mark Start 0.015ms
[22.061s][info][gc,phases   ] GC(22) Concurrent Mark 91.586ms
[22.061s][info][gc,phases   ] GC(22) Pause Mark End 0.018ms
[22.061s][info][gc,phases   ] GC(22) Concurrent Mark Free 0.001ms
[22.062s][info][gc,phases   ] GC(22) Concurrent Process Non-Strong References 1.473ms
[22.062s][info][gc,phases   ] GC(22) Concurrent Reset Relocation Set 0.050ms
[22.113s][info][gc,phases   ] GC(22) Concurrent Select Relocation Set 50.438ms
[22.113s][info][gc,phases   ] GC(22) Pause Relocate Start 0.012ms
[22.146s][info][gc,phases   ] GC(22) Concurrent Relocate 33.383ms
[22.147s][info][gc,load     ] GC(22) Load: 0.00/0.00/0.00
[22.147s][info][gc,mmu      ] GC(22) MMU: 2ms/96.8%, 5ms/98.7%, 10ms/99.3%, 20ms/99.6%, 50ms/99.8%, 100ms/99.9%
[22.147s][info][gc,marking  ] GC(22) Mark: 8 stripe(s), 2 proactive flush(es), 1 terminate flush(es), 0 completion(s), 0 continuation(s) 
[22.147s][info][gc,marking  ] GC(22) Mark Stack Usage: 32M
[22.147s][info][gc,nmethod  ] GC(22) NMethods: 5523 registered, 89 unregistered
[22.147s][info][gc,metaspace] GC(22) Metaspace: 60M used, 61M committed, 1088M reserved
[22.147s][info][gc,ref      ] GC(22) Soft: 2769 encountered, 0 discovered, 0 enqueued
[22.147s][info][gc,ref      ] GC(22) Weak: 5368 encountered, 1242 discovered, 207 enqueued
[22.147s][info][gc,ref      ] GC(22) Final: 82 encountered, 25 discovered, 0 enqueued
[22.147s][info][gc,ref      ] GC(22) Phantom: 648 encountered, 414 discovered, 36 enqueued
[22.147s][info][gc,reloc    ] GC(22) Small Pages: 230 / 460M, Empty: 66M, Relocated: 83M, In-Place: 0
[22.147s][info][gc,reloc    ] GC(22) Medium Pages: 2 / 64M, Empty: 32M, Relocated: 0M, In-Place: 0
[22.147s][info][gc,reloc    ] GC(22) Large Pages: 6 / 52M, Empty: 32M, Relocated: 0M, In-Place: 0
[22.147s][info][gc,reloc    ] GC(22) Forwarding Usage: 72M
[22.147s][info][gc,heap     ] GC(22) Min Capacity: 8M(0%)
[22.147s][info][gc,heap     ] GC(22) Max Capacity: 2048M(100%)
[22.147s][info][gc,heap     ] GC(22) Soft Max Capacity: 2048M(100%)
[22.147s][info][gc,heap     ] GC(22)                Mark Start          Mark End        Relocate Start      Relocate End           High               Low         
[22.147s][info][gc,heap     ] GC(22)  Capacity:     2048M (100%)       2048M (100%)       2048M (100%)       2048M (100%)       2048M (100%)       2048M (100%)   
[22.147s][info][gc,heap     ] GC(22)      Free:     1472M (72%)        1470M (72%)        1600M (78%)        1742M (85%)        1742M (85%)        1470M (72%)    
[22.147s][info][gc,heap     ] GC(22)      Used:      576M (28%)         578M (28%)         448M (22%)         306M (15%)         578M (28%)         306M (15%)    
[22.147s][info][gc,heap     ] GC(22)      Live:         -               232M (11%)         232M (11%)         232M (11%)            -                  -          
[22.147s][info][gc,heap     ] GC(22) Allocated:         -                 2M (0%)            2M (0%)            5M (0%)             -                  -          
[22.147s][info][gc,heap     ] GC(22)   Garbage:         -               343M (17%)         213M (10%)          67M (3%)             -                  -          
[22.147s][info][gc,heap     ] GC(22) Reclaimed:         -                  -               130M (6%)          275M (13%)            -                  -          
[22.147s][info][gc          ] GC(22) Garbage Collection (Allocation Rate) 576M(28%)->306M(15%)
[22.178s][info][gc,start    ] GC(23) Garbage Collection (Allocation Rate)
[22.178s][info][gc,task     ] GC(23) Using 11 workers
[22.179s][info][gc,phases   ] GC(23) Pause Mark Start 0.009ms
[22.256s][info][gc,phases   ] GC(23) Concurrent Mark 77.527ms
[22.256s][info][gc,phases   ] GC(23) Pause Mark End 0.017ms
[22.256s][info][gc,phases   ] GC(23) Concurrent Mark Free 0.001ms
[22.258s][info][gc,phases   ] GC(23) Concurrent Process Non-Strong References 1.544ms
[22.258s][info][gc,phases   ] GC(23) Concurrent Reset Relocation Set 0.018ms
[22.267s][info][gc,phases   ] GC(23) Concurrent Select Relocation Set 9.011ms
[22.267s][info][gc,phases   ] GC(23) Pause Relocate Start 0.008ms
[22.278s][info][gc,phases   ] GC(23) Concurrent Relocate 10.500ms
[22.278s][info][gc,load     ] GC(23) Load: 0.00/0.00/0.00
[22.278s][info][gc,mmu      ] GC(23) MMU: 2ms/96.8%, 5ms/98.7%, 10ms/99.3%, 20ms/99.6%, 50ms/99.8%, 100ms/99.9%
[22.278s][info][gc,marking  ] GC(23) Mark: 8 stripe(s), 3 proactive flush(es), 1 terminate flush(es), 0 completion(s), 0 continuation(s) 
[22.278s][info][gc,marking  ] GC(23) Mark Stack Usage: 32M
[22.278s][info][gc,nmethod  ] GC(23) NMethods: 5702 registered, 102 unregistered
[22.278s][info][gc,metaspace] GC(23) Metaspace: 60M used, 61M committed, 1088M reserved
[22.278s][info][gc,ref      ] GC(23) Soft: 2974 encountered, 0 discovered, 0 enqueued
[22.278s][info][gc,ref      ] GC(23) Weak: 5537 encountered, 1825 discovered, 62 enqueued
[22.278s][info][gc,ref      ] GC(23) Final: 82 encountered, 45 discovered, 0 enqueued
[22.278s][info][gc,ref      ] GC(23) Phantom: 612 encountered, 528 discovered, 0 enqueued
[22.278s][info][gc,reloc    ] GC(23) Small Pages: 129 / 258M, Empty: 6M, Relocated: 27M, In-Place: 0
[22.278s][info][gc,reloc    ] GC(23) Medium Pages: 1 / 32M, Empty: 0M, Relocated: 0M, In-Place: 0
[22.278s][info][gc,reloc    ] GC(23) Large Pages: 2 / 20M, Empty: 20M, Relocated: 0M, In-Place: 0
[22.278s][info][gc,reloc    ] GC(23) Forwarding Usage: 17M
[22.278s][info][gc,heap     ] GC(23) Min Capacity: 8M(0%)
[22.278s][info][gc,heap     ] GC(23) Max Capacity: 2048M(100%)
[22.278s][info][gc,heap     ] GC(23) Soft Max Capacity: 2048M(100%)
[22.278s][info][gc,heap     ] GC(23)                Mark Start          Mark End        Relocate Start      Relocate End           High               Low         
[22.278s][info][gc,heap     ] GC(23)  Capacity:     2048M (100%)       2048M (100%)       2048M (100%)       2048M (100%)       2048M (100%)       2048M (100%)   
[22.278s][info][gc,heap     ] GC(23)      Free:     1738M (85%)        1722M (84%)        1748M (85%)        1790M (87%)        1790M (87%)        1722M (84%)    
[22.278s][info][gc,heap     ] GC(23)      Used:      310M (15%)         326M (16%)         300M (15%)         258M (13%)         326M (16%)         258M (13%)    
[22.278s][info][gc,heap     ] GC(23)      Live:         -               163M (8%)          163M (8%)          163M (8%)             -                  -          
[22.278s][info][gc,heap     ] GC(23) Allocated:         -                16M (1%)           16M (1%)           23M (1%)             -                  -          
[22.278s][info][gc,heap     ] GC(23)   Garbage:         -               146M (7%)          120M (6%)           70M (3%)             -                  -          
[22.278s][info][gc,heap     ] GC(23) Reclaimed:         -                  -                26M (1%)           75M (4%)             -                  -          
[22.278s][info][gc          ] GC(23) Garbage Collection (Allocation Rate) 310M(15%)->258M(13%)
[22.974s][info][gc,start    ] GC(24) Garbage Collection (Allocation Rate)
[22.974s][info][gc,task     ] GC(24) Using 12 workers
[22.974s][info][gc,phases   ] GC(24) Pause Mark Start 0.011ms
[23.099s][info][gc,phases   ] GC(24) Concurrent Mark 124.578ms
[23.099s][info][gc,phases   ] GC(24) Pause Mark End 0.017ms
[23.099s][info][gc,phases   ] GC(24) Concurrent Mark Free 0.001ms
[23.108s][info][gc,phases   ] GC(24) Concurrent Process Non-Strong References 9.303ms
[23.108s][info][gc,phases   ] GC(24) Concurrent Reset Relocation Set 0.008ms
[23.147s][info][gc,phases   ] GC(24) Concurrent Select Relocation Set 38.592ms
[23.147s][info][gc,phases   ] GC(24) Pause Relocate Start 0.012ms
[23.188s][info][gc,phases   ] GC(24) Concurrent Relocate 41.282ms
[23.188s][info][gc,load     ] GC(24) Load: 0.00/0.00/0.00
[23.189s][info][gc,mmu      ] GC(24) MMU: 2ms/96.8%, 5ms/98.7%, 10ms/99.3%, 20ms/99.6%, 50ms/99.8%, 100ms/99.9%
[23.189s][info][gc,marking  ] GC(24) Mark: 8 stripe(s), 2 proactive flush(es), 1 terminate flush(es), 0 completion(s), 0 continuation(s) 
[23.189s][info][gc,marking  ] GC(24) Mark Stack Usage: 32M
[23.189s][info][gc,nmethod  ] GC(24) NMethods: 5717 registered, 189 unregistered
[23.189s][info][gc,metaspace] GC(24) Metaspace: 60M used, 61M committed, 1088M reserved
[23.189s][info][gc,ref      ] GC(24) Soft: 3091 encountered, 0 discovered, 0 enqueued
[23.189s][info][gc,ref      ] GC(24) Weak: 5811 encountered, 1760 discovered, 121 enqueued
[23.189s][info][gc,ref      ] GC(24) Final: 82 encountered, 0 discovered, 0 enqueued
[23.189s][info][gc,ref      ] GC(24) Phantom: 620 encountered, 603 discovered, 8 enqueued
[23.189s][info][gc,reloc    ] GC(24) Small Pages: 541 / 1082M, Empty: 34M, Relocated: 127M, In-Place: 0
[23.189s][info][gc,reloc    ] GC(24) Medium Pages: 3 / 96M, Empty: 32M, Relocated: 18M, In-Place: 0
[23.189s][info][gc,reloc    ] GC(24) Large Pages: 10 / 60M, Empty: 30M, Relocated: 0M, In-Place: 0
[23.189s][info][gc,reloc    ] GC(24) Forwarding Usage: 84M
[23.189s][info][gc,heap     ] GC(24) Min Capacity: 8M(0%)
[23.189s][info][gc,heap     ] GC(24) Max Capacity: 2048M(100%)
[23.189s][info][gc,heap     ] GC(24) Soft Max Capacity: 2048M(100%)
[23.189s][info][gc,heap     ] GC(24)                Mark Start          Mark End        Relocate Start      Relocate End           High               Low         
[23.189s][info][gc,heap     ] GC(24)  Capacity:     2048M (100%)       2048M (100%)       2048M (100%)       2048M (100%)       2048M (100%)       2048M (100%)   
[23.189s][info][gc,heap     ] GC(24)      Free:      810M (40%)         636M (31%)         632M (31%)        1350M (66%)        1350M (66%)         582M (28%)    
[23.189s][info][gc,heap     ] GC(24)      Used:     1238M (60%)        1412M (69%)        1416M (69%)         698M (34%)        1466M (72%)         698M (34%)    
[23.189s][info][gc,heap     ] GC(24)      Live:         -               324M (16%)         324M (16%)         324M (16%)            -                  -          
[23.189s][info][gc,heap     ] GC(24) Allocated:         -               174M (8%)          274M (13%)         312M (15%)            -                  -          
[23.189s][info][gc,heap     ] GC(24)   Garbage:         -               913M (45%)         817M (40%)          61M (3%)             -                  -          
[23.189s][info][gc,heap     ] GC(24) Reclaimed:         -                  -                96M (5%)          852M (42%)            -                  -          
[23.189s][info][gc          ] GC(24) Garbage Collection (Allocation Rate) 1238M(60%)->698M(34%)
[23.278s][info][gc,start    ] GC(25) Garbage Collection (Allocation Rate)
[23.278s][info][gc,task     ] GC(25) Using 12 workers
[23.279s][info][gc,phases   ] GC(25) Pause Mark Start 0.017ms
[23.434s][info][gc,phases   ] GC(25) Concurrent Mark 155.761ms
[23.435s][info][gc,phases   ] GC(25) Pause Mark End 0.017ms
[23.435s][info][gc,phases   ] GC(25) Concurrent Mark Free 0.001ms
[23.436s][info][gc,phases   ] GC(25) Concurrent Process Non-Strong References 1.433ms
[23.436s][info][gc,phases   ] GC(25) Concurrent Reset Relocation Set 0.066ms
[23.446s][info][gc,phases   ] GC(25) Concurrent Select Relocation Set 9.995ms
[23.446s][info][gc,phases   ] GC(25) Pause Relocate Start 0.008ms
[23.464s][info][gc,phases   ] GC(25) Concurrent Relocate 17.997ms
[23.464s][info][gc,load     ] GC(25) Load: 0.00/0.00/0.00
[23.464s][info][gc,mmu      ] GC(25) MMU: 2ms/96.8%, 5ms/98.7%, 10ms/99.3%, 20ms/99.6%, 50ms/99.8%, 100ms/99.9%
[23.464s][info][gc,marking  ] GC(25) Mark: 8 stripe(s), 2 proactive flush(es), 1 terminate flush(es), 0 completion(s), 0 continuation(s) 
[23.464s][info][gc,marking  ] GC(25) Mark Stack Usage: 32M
[23.464s][info][gc,nmethod  ] GC(25) NMethods: 5719 registered, 190 unregistered
[23.464s][info][gc,metaspace] GC(25) Metaspace: 60M used, 61M committed, 1088M reserved
[23.464s][info][gc,ref      ] GC(25) Soft: 3091 encountered, 0 discovered, 0 enqueued
[23.464s][info][gc,ref      ] GC(25) Weak: 5699 encountered, 1951 discovered, 78 enqueued
[23.464s][info][gc,ref      ] GC(25) Final: 82 encountered, 1 discovered, 0 enqueued
[23.464s][info][gc,ref      ] GC(25) Phantom: 612 encountered, 572 discovered, 0 enqueued
[23.464s][info][gc,reloc    ] GC(25) Small Pages: 352 / 704M, Empty: 0M, Relocated: 40M, In-Place: 0
[23.464s][info][gc,reloc    ] GC(25) Medium Pages: 1 / 32M, Empty: 0M, Relocated: 0M, In-Place: 0
[23.464s][info][gc,reloc    ] GC(25) Large Pages: 12 / 88M, Empty: 6M, Relocated: 0M, In-Place: 0
[23.465s][info][gc,reloc    ] GC(25) Forwarding Usage: 31M
[23.465s][info][gc,heap     ] GC(25) Min Capacity: 8M(0%)
[23.465s][info][gc,heap     ] GC(25) Max Capacity: 2048M(100%)
[23.465s][info][gc,heap     ] GC(25) Soft Max Capacity: 2048M(100%)
[23.465s][info][gc,heap     ] GC(25)                Mark Start          Mark End        Relocate Start      Relocate End           High               Low         
[23.465s][info][gc,heap     ] GC(25)  Capacity:     2048M (100%)       2048M (100%)       2048M (100%)       2048M (100%)       2048M (100%)       2048M (100%)   
[23.465s][info][gc,heap     ] GC(25)      Free:     1224M (60%)        1046M (51%)        1032M (50%)        1356M (66%)        1356M (66%)        1002M (49%)    
[23.465s][info][gc,heap     ] GC(25)      Used:      824M (40%)        1002M (49%)        1016M (50%)         692M (34%)        1046M (51%)         692M (34%)    
[23.465s][info][gc,heap     ] GC(25)      Live:         -               395M (19%)         395M (19%)         395M (19%)            -                  -          
[23.465s][info][gc,heap     ] GC(25) Allocated:         -               178M (9%)          198M (10%)         221M (11%)            -                  -          
[23.465s][info][gc,heap     ] GC(25)   Garbage:         -               428M (21%)         422M (21%)          74M (4%)             -                  -          
[23.465s][info][gc,heap     ] GC(25) Reclaimed:         -                  -                 6M (0%)          353M (17%)            -                  -          
[23.465s][info][gc          ] GC(25) Garbage Collection (Allocation Rate) 824M(40%)->692M(34%)
[23.481s][info][gc,start    ] GC(26) Garbage Collection (Allocation Rate)
[23.481s][info][gc,task     ] GC(26) Using 12 workers
[23.481s][info][gc,phases   ] GC(26) Pause Mark Start 0.014ms
[23.637s][info][gc,phases   ] GC(26) Concurrent Mark 155.942ms
[23.638s][info][gc,phases   ] GC(26) Pause Mark End 0.021ms
[23.638s][info][gc,phases   ] GC(26) Concurrent Mark Free 0.001ms
[23.639s][info][gc,phases   ] GC(26) Concurrent Process Non-Strong References 1.548ms
[23.639s][info][gc,phases   ] GC(26) Concurrent Reset Relocation Set 0.024ms
[23.644s][info][gc,phases   ] GC(26) Concurrent Select Relocation Set 4.876ms
[23.644s][info][gc,phases   ] GC(26) Pause Relocate Start 0.009ms
[23.659s][info][gc,phases   ] GC(26) Concurrent Relocate 14.292ms
[23.659s][info][gc,load     ] GC(26) Load: 0.00/0.00/0.00
[23.659s][info][gc,mmu      ] GC(26) MMU: 2ms/96.8%, 5ms/98.7%, 10ms/99.3%, 20ms/99.6%, 50ms/99.8%, 100ms/99.9%
[23.659s][info][gc,marking  ] GC(26) Mark: 8 stripe(s), 2 proactive flush(es), 1 terminate flush(es), 0 completion(s), 0 continuation(s) 
[23.659s][info][gc,marking  ] GC(26) Mark Stack Usage: 32M
[23.659s][info][gc,nmethod  ] GC(26) NMethods: 5719 registered, 190 unregistered
[23.659s][info][gc,metaspace] GC(26) Metaspace: 60M used, 61M committed, 1088M reserved
[23.659s][info][gc,ref      ] GC(26) Soft: 3091 encountered, 0 discovered, 0 enqueued
[23.659s][info][gc,ref      ] GC(26) Weak: 5621 encountered, 593 discovered, 0 enqueued
[23.659s][info][gc,ref      ] GC(26) Final: 82 encountered, 1 discovered, 0 enqueued
[23.659s][info][gc,ref      ] GC(26) Phantom: 612 encountered, 589 discovered, 0 enqueued
[23.659s][info][gc,reloc    ] GC(26) Small Pages: 302 / 604M, Empty: 0M, Relocated: 26M, In-Place: 0
[23.659s][info][gc,reloc    ] GC(26) Medium Pages: 1 / 32M, Empty: 0M, Relocated: 0M, In-Place: 0
[23.659s][info][gc,reloc    ] GC(26) Large Pages: 11 / 82M, Empty: 18M, Relocated: 0M, In-Place: 0
[23.659s][info][gc,reloc    ] GC(26) Forwarding Usage: 22M
[23.659s][info][gc,heap     ] GC(26) Min Capacity: 8M(0%)
[23.659s][info][gc,heap     ] GC(26) Max Capacity: 2048M(100%)
[23.659s][info][gc,heap     ] GC(26) Soft Max Capacity: 2048M(100%)
[23.659s][info][gc,heap     ] GC(26)                Mark Start          Mark End        Relocate Start      Relocate End           High               Low         
[23.659s][info][gc,heap     ] GC(26)  Capacity:     2048M (100%)       2048M (100%)       2048M (100%)       2048M (100%)       2048M (100%)       2048M (100%)   
[23.659s][info][gc,heap     ] GC(26)      Free:     1330M (65%)        1104M (54%)        1112M (54%)        1322M (65%)        1330M (65%)        1086M (53%)    
[23.659s][info][gc,heap     ] GC(26)      Used:      718M (35%)         944M (46%)         936M (46%)         726M (35%)         962M (47%)         718M (35%)    
[23.659s][info][gc,heap     ] GC(26)      Live:         -               391M (19%)         391M (19%)         391M (19%)            -                  -          
[23.659s][info][gc,heap     ] GC(26) Allocated:         -               226M (11%)         236M (12%)         253M (12%)            -                  -          
[23.659s][info][gc,heap     ] GC(26)   Garbage:         -               326M (16%)         308M (15%)          80M (4%)             -                  -          
[23.659s][info][gc,heap     ] GC(26) Reclaimed:         -                  -                18M (1%)          245M (12%)            -                  -          
[23.659s][info][gc          ] GC(26) Garbage Collection (Allocation Rate) 718M(35%)->726M(35%)
[23.684s][info][gc,start    ] GC(27) Garbage Collection (Allocation Rate)
[23.684s][info][gc,task     ] GC(27) Using 12 workers
[23.685s][info][gc,phases   ] GC(27) Pause Mark Start 0.014ms
[23.864s][info][gc,phases   ] GC(27) Concurrent Mark 179.008ms
[23.864s][info][gc,phases   ] GC(27) Pause Mark End 0.021ms
[23.864s][info][gc,phases   ] GC(27) Concurrent Mark Free 0.001ms
[23.866s][info][gc,phases   ] GC(27) Concurrent Process Non-Strong References 1.703ms
[23.866s][info][gc,phases   ] GC(27) Concurrent Reset Relocation Set 0.025ms
[23.889s][info][gc,phases   ] GC(27) Concurrent Select Relocation Set 23.575ms
[23.890s][info][gc,phases   ] GC(27) Pause Relocate Start 0.013ms
[23.907s][info][gc,phases   ] GC(27) Concurrent Relocate 17.639ms
[23.907s][info][gc,load     ] GC(27) Load: 0.00/0.00/0.00
[23.907s][info][gc,mmu      ] GC(27) MMU: 2ms/96.8%, 5ms/98.7%, 10ms/99.3%, 20ms/99.6%, 50ms/99.8%, 100ms/99.9%
[23.907s][info][gc,marking  ] GC(27) Mark: 8 stripe(s), 6 proactive flush(es), 1 terminate flush(es), 0 completion(s), 0 continuation(s) 
[23.907s][info][gc,marking  ] GC(27) Mark Stack Usage: 32M
[23.907s][info][gc,nmethod  ] GC(27) NMethods: 5753 registered, 190 unregistered
[23.907s][info][gc,metaspace] GC(27) Metaspace: 60M used, 61M committed, 1088M reserved
[23.907s][info][gc,ref      ] GC(27) Soft: 3091 encountered, 0 discovered, 0 enqueued
[23.907s][info][gc,ref      ] GC(27) Weak: 5621 encountered, 461 discovered, 0 enqueued
[23.907s][info][gc,ref      ] GC(27) Final: 82 encountered, 3 discovered, 0 enqueued
[23.907s][info][gc,ref      ] GC(27) Phantom: 612 encountered, 572 discovered, 0 enqueued
[23.907s][info][gc,reloc    ] GC(27) Small Pages: 335 / 670M, Empty: 0M, Relocated: 26M, In-Place: 0
[23.907s][info][gc,reloc    ] GC(27) Medium Pages: 1 / 32M, Empty: 0M, Relocated: 0M, In-Place: 0
[23.907s][info][gc,reloc    ] GC(27) Large Pages: 8 / 64M, Empty: 0M, Relocated: 0M, In-Place: 0
[23.907s][info][gc,reloc    ] GC(27) Forwarding Usage: 23M
[23.907s][info][gc,heap     ] GC(27) Min Capacity: 8M(0%)
[23.907s][info][gc,heap     ] GC(27) Max Capacity: 2048M(100%)
[23.907s][info][gc,heap     ] GC(27) Soft Max Capacity: 2048M(100%)
[23.907s][info][gc,heap     ] GC(27)                Mark Start          Mark End        Relocate Start      Relocate End           High               Low         
[23.907s][info][gc,heap     ] GC(27)  Capacity:     2048M (100%)       2048M (100%)       2048M (100%)       2048M (100%)       2048M (100%)       2048M (100%)   
[23.908s][info][gc,heap     ] GC(27)      Free:     1282M (63%)        1024M (50%)         986M (48%)        1242M (61%)        1282M (63%)         960M (47%)    
[23.908s][info][gc,heap     ] GC(27)      Used:      766M (37%)        1024M (50%)        1062M (52%)         806M (39%)        1088M (53%)         766M (37%)    
[23.908s][info][gc,heap     ] GC(27)      Live:         -               405M (20%)         405M (20%)         405M (20%)            -                  -          
[23.908s][info][gc,heap     ] GC(27) Allocated:         -               258M (13%)         296M (14%)         317M (16%)            -                  -          
[23.908s][info][gc,heap     ] GC(27)   Garbage:         -               360M (18%)         360M (18%)          82M (4%)             -                  -          
[23.908s][info][gc,heap     ] GC(27) Reclaimed:         -                  -                 0M (0%)          277M (14%)            -                  -          
[23.908s][info][gc          ] GC(27) Garbage Collection (Allocation Rate) 766M(37%)->806M(39%)
[24.176s][info][gc,start    ] GC(28) Garbage Collection (Allocation Rate)
[24.176s][info][gc,task     ] GC(28) Using 8 workers
[24.176s][info][gc,phases   ] GC(28) Pause Mark Start 0.018ms
[24.364s][info][gc,phases   ] GC(28) Concurrent Mark 187.006ms
[24.364s][info][gc,phases   ] GC(28) Pause Mark End 0.022ms
[24.364s][info][gc,phases   ] GC(28) Concurrent Mark Free 0.001ms
[24.366s][info][gc,phases   ] GC(28) Concurrent Process Non-Strong References 2.161ms
[24.366s][info][gc,phases   ] GC(28) Concurrent Reset Relocation Set 0.032ms
[24.399s][info][gc,phases   ] GC(28) Concurrent Select Relocation Set 32.408ms
[24.399s][info][gc,phases   ] GC(28) Pause Relocate Start 0.011ms
[24.435s][info][gc,phases   ] GC(28) Concurrent Relocate 35.921ms
[24.435s][info][gc,load     ] GC(28) Load: 0.00/0.00/0.00
[24.435s][info][gc,mmu      ] GC(28) MMU: 2ms/96.8%, 5ms/98.7%, 10ms/99.3%, 20ms/99.6%, 50ms/99.8%, 100ms/99.9%
[24.435s][info][gc,marking  ] GC(28) Mark: 8 stripe(s), 2 proactive flush(es), 1 terminate flush(es), 0 completion(s), 0 continuation(s) 
[24.435s][info][gc,marking  ] GC(28) Mark Stack Usage: 32M
[24.435s][info][gc,nmethod  ] GC(28) NMethods: 5758 registered, 203 unregistered
[24.435s][info][gc,metaspace] GC(28) Metaspace: 60M used, 61M committed, 1088M reserved
[24.435s][info][gc,ref      ] GC(28) Soft: 3097 encountered, 0 discovered, 0 enqueued
[24.435s][info][gc,ref      ] GC(28) Weak: 5709 encountered, 263 discovered, 31 enqueued
[24.435s][info][gc,ref      ] GC(28) Final: 82 encountered, 0 discovered, 0 enqueued
[24.435s][info][gc,ref      ] GC(28) Phantom: 632 encountered, 497 discovered, 20 enqueued
[24.435s][info][gc,reloc    ] GC(28) Small Pages: 385 / 770M, Empty: 58M, Relocated: 50M, In-Place: 0
[24.435s][info][gc,reloc    ] GC(28) Medium Pages: 2 / 64M, Empty: 0M, Relocated: 18M, In-Place: 0
[24.435s][info][gc,reloc    ] GC(28) Large Pages: 8 / 64M, Empty: 24M, Relocated: 0M, In-Place: 0
[24.435s][info][gc,reloc    ] GC(28) Forwarding Usage: 46M
[24.435s][info][gc,heap     ] GC(28) Min Capacity: 8M(0%)
[24.435s][info][gc,heap     ] GC(28) Max Capacity: 2048M(100%)
[24.435s][info][gc,heap     ] GC(28) Soft Max Capacity: 2048M(100%)
[24.435s][info][gc,heap     ] GC(28)                Mark Start          Mark End        Relocate Start      Relocate End           High               Low         
[24.435s][info][gc,heap     ] GC(28)  Capacity:     2048M (100%)       2048M (100%)       2048M (100%)       2048M (100%)       2048M (100%)       2048M (100%)   
[24.435s][info][gc,heap     ] GC(28)      Free:     1150M (56%)        1116M (54%)        1196M (58%)        1628M (79%)        1628M (79%)        1116M (54%)    
[24.435s][info][gc,heap     ] GC(28)      Used:      898M (44%)         932M (46%)         852M (42%)         420M (21%)         932M (46%)         420M (21%)    
[24.435s][info][gc,heap     ] GC(28)      Live:         -               307M (15%)         307M (15%)         307M (15%)            -                  -          
[24.435s][info][gc,heap     ] GC(28) Allocated:         -                34M (2%)           36M (2%)           41M (2%)             -                  -          
[24.435s][info][gc,heap     ] GC(28)   Garbage:         -               590M (29%)         508M (25%)          71M (3%)             -                  -          
[24.435s][info][gc,heap     ] GC(28) Reclaimed:         -                  -                82M (4%)          519M (25%)            -                  -          
[24.435s][info][gc          ] GC(28) Garbage Collection (Allocation Rate) 898M(44%)->420M(21%)
[24.781s][info][gc,start    ] GC(29) Garbage Collection (Allocation Rate)
[24.781s][info][gc,task     ] GC(29) Using 8 workers
[24.781s][info][gc,phases   ] GC(29) Pause Mark Start 0.011ms
[24.874s][info][gc,phases   ] GC(29) Concurrent Mark 93.316ms
[24.875s][info][gc,phases   ] GC(29) Pause Mark End 0.017ms
[24.875s][info][gc,phases   ] GC(29) Concurrent Mark Free 0.001ms
[24.876s][info][gc,phases   ] GC(29) Concurrent Process Non-Strong References 1.845ms
[24.877s][info][gc,phases   ] GC(29) Concurrent Reset Relocation Set 0.042ms
[24.884s][info][gc,phases   ] GC(29) Concurrent Select Relocation Set 7.837ms
[24.884s][info][gc,phases   ] GC(29) Pause Relocate Start 0.008ms
[24.898s][info][gc,phases   ] GC(29) Concurrent Relocate 13.925ms
[24.899s][info][gc,load     ] GC(29) Load: 0.00/0.00/0.00
[24.899s][info][gc,mmu      ] GC(29) MMU: 2ms/96.8%, 5ms/98.7%, 10ms/99.3%, 20ms/99.6%, 50ms/99.8%, 100ms/99.9%
[24.899s][info][gc,marking  ] GC(29) Mark: 8 stripe(s), 2 proactive flush(es), 1 terminate flush(es), 0 completion(s), 0 continuation(s) 
[24.899s][info][gc,marking  ] GC(29) Mark Stack Usage: 32M
[24.899s][info][gc,nmethod  ] GC(29) NMethods: 5897 registered, 225 unregistered
[24.899s][info][gc,metaspace] GC(29) Metaspace: 60M used, 61M committed, 1088M reserved
[24.899s][info][gc,ref      ] GC(29) Soft: 3105 encountered, 0 discovered, 0 enqueued
[24.899s][info][gc,ref      ] GC(29) Weak: 5920 encountered, 1064 discovered, 126 enqueued
[24.899s][info][gc,ref      ] GC(29) Final: 82 encountered, 80 discovered, 0 enqueued
[24.899s][info][gc,ref      ] GC(29) Phantom: 619 encountered, 570 discovered, 5 enqueued
[24.899s][info][gc,reloc    ] GC(29) Small Pages: 232 / 464M, Empty: 60M, Relocated: 19M, In-Place: 0
[24.899s][info][gc,reloc    ] GC(29) Medium Pages: 2 / 64M, Empty: 0M, Relocated: 18M, In-Place: 0
[24.899s][info][gc,reloc    ] GC(29) Large Pages: 5 / 46M, Empty: 46M, Relocated: 0M, In-Place: 0
[24.899s][info][gc,reloc    ] GC(29) Forwarding Usage: 18M
[24.899s][info][gc,heap     ] GC(29) Min Capacity: 8M(0%)
[24.899s][info][gc,heap     ] GC(29) Max Capacity: 2048M(100%)
[24.899s][info][gc,heap     ] GC(29) Soft Max Capacity: 2048M(100%)
[24.899s][info][gc,heap     ] GC(29)                Mark Start          Mark End        Relocate Start      Relocate End           High               Low         
[24.899s][info][gc,heap     ] GC(29)  Capacity:     2048M (100%)       2048M (100%)       2048M (100%)       2048M (100%)       2048M (100%)       2048M (100%)   
[24.899s][info][gc,heap     ] GC(29)      Free:     1474M (72%)        1392M (68%)        1492M (73%)        1716M (84%)        1716M (84%)        1386M (68%)    
[24.899s][info][gc,heap     ] GC(29)      Used:      574M (28%)         656M (32%)         556M (27%)         332M (16%)         662M (32%)         332M (16%)    
[24.899s][info][gc,heap     ] GC(29)      Live:         -               184M (9%)          184M (9%)          184M (9%)             -                  -          
[24.899s][info][gc,heap     ] GC(29) Allocated:         -                82M (4%)           88M (4%)           93M (5%)             -                  -          
[24.899s][info][gc,heap     ] GC(29)   Garbage:         -               389M (19%)         283M (14%)          53M (3%)             -                  -          
[24.899s][info][gc,heap     ] GC(29) Reclaimed:         -                  -               106M (5%)          335M (16%)            -                  -          
[24.899s][info][gc          ] GC(29) Garbage Collection (Allocation Rate) 574M(28%)->332M(16%)
[25.681s][info][gc,start    ] GC(30) Garbage Collection (Allocation Rate)
[25.681s][info][gc,task     ] GC(30) Using 8 workers
[25.681s][info][gc,phases   ] GC(30) Pause Mark Start 0.011ms
[25.788s][info][gc,phases   ] GC(30) Concurrent Mark 106.418ms
[25.788s][info][gc,phases   ] GC(30) Pause Mark End 0.019ms
[25.788s][info][gc,phases   ] GC(30) Concurrent Mark Free 0.001ms
[25.799s][info][gc,phases   ] GC(30) Concurrent Process Non-Strong References 11.068ms
[25.799s][info][gc,phases   ] GC(30) Concurrent Reset Relocation Set 0.018ms
[25.820s][info][gc,phases   ] GC(30) Concurrent Select Relocation Set 21.262ms
[25.820s][info][gc,phases   ] GC(30) Pause Relocate Start 0.010ms
[25.840s][info][gc,phases   ] GC(30) Concurrent Relocate 19.408ms
[25.840s][info][gc,load     ] GC(30) Load: 0.00/0.00/0.00
[25.840s][info][gc,mmu      ] GC(30) MMU: 2ms/96.8%, 5ms/98.7%, 10ms/99.3%, 20ms/99.6%, 50ms/99.8%, 100ms/99.9%
[25.840s][info][gc,marking  ] GC(30) Mark: 8 stripe(s), 2 proactive flush(es), 1 terminate flush(es), 0 completion(s), 0 continuation(s) 
[25.840s][info][gc,marking  ] GC(30) Mark Stack Usage: 32M
[25.840s][info][gc,nmethod  ] GC(30) NMethods: 6309 registered, 298 unregistered
[25.840s][info][gc,metaspace] GC(30) Metaspace: 61M used, 62M committed, 1088M reserved
[25.840s][info][gc,ref      ] GC(30) Soft: 3224 encountered, 0 discovered, 0 enqueued
[25.840s][info][gc,ref      ] GC(30) Weak: 6336 encountered, 991 discovered, 433 enqueued
[25.840s][info][gc,ref      ] GC(30) Final: 82 encountered, 1 discovered, 0 enqueued
[25.840s][info][gc,ref      ] GC(30) Phantom: 685 encountered, 568 discovered, 69 enqueued
[25.840s][info][gc,reloc    ] GC(30) Small Pages: 440 / 880M, Empty: 450M, Relocated: 33M, In-Place: 0
[25.840s][info][gc,reloc    ] GC(30) Medium Pages: 3 / 96M, Empty: 64M, Relocated: 0M, In-Place: 0
[25.840s][info][gc,reloc    ] GC(30) Large Pages: 14 / 84M, Empty: 60M, Relocated: 0M, In-Place: 0
[25.840s][info][gc,reloc    ] GC(30) Forwarding Usage: 30M
[25.840s][info][gc,heap     ] GC(30) Min Capacity: 8M(0%)
[25.840s][info][gc,heap     ] GC(30) Max Capacity: 2048M(100%)
[25.840s][info][gc,heap     ] GC(30) Soft Max Capacity: 2048M(100%)
[25.840s][info][gc,heap     ] GC(30)                Mark Start          Mark End        Relocate Start      Relocate End           High               Low         
[25.840s][info][gc,heap     ] GC(30)  Capacity:     2048M (100%)       2048M (100%)       2048M (100%)       2048M (100%)       2048M (100%)       2048M (100%)   
[25.840s][info][gc,heap     ] GC(30)      Free:      988M (48%)         948M (46%)        1516M (74%)        1724M (84%)        1724M (84%)         948M (46%)    
[25.840s][info][gc,heap     ] GC(30)      Used:     1060M (52%)        1100M (54%)         532M (26%)         324M (16%)        1100M (54%)         324M (16%)    
[25.840s][info][gc,heap     ] GC(30)      Live:         -               211M (10%)         211M (10%)         211M (10%)            -                  -          
[25.840s][info][gc,heap     ] GC(30) Allocated:         -                40M (2%)           46M (2%)           49M (2%)             -                  -          
[25.840s][info][gc,heap     ] GC(30)   Garbage:         -               848M (41%)         274M (13%)          62M (3%)             -                  -          
[25.840s][info][gc,heap     ] GC(30) Reclaimed:         -                  -               574M (28%)         785M (38%)            -                  -          
[25.840s][info][gc          ] GC(30) Garbage Collection (Allocation Rate) 1060M(52%)->324M(16%)
[26.578s][info][gc,start    ] GC(31) Garbage Collection (Allocation Rate)
[26.579s][info][gc,task     ] GC(31) Using 3 workers
[26.579s][info][gc,phases   ] GC(31) Pause Mark Start 0.016ms
[26.829s][info][gc,phases   ] GC(31) Concurrent Mark 249.945ms
[26.829s][info][gc,phases   ] GC(31) Pause Mark End 0.016ms
[26.829s][info][gc,phases   ] GC(31) Concurrent Mark Free 0.001ms
[26.842s][info][gc,phases   ] GC(31) Concurrent Process Non-Strong References 13.190ms
[26.842s][info][gc,phases   ] GC(31) Concurrent Reset Relocation Set 0.026ms
[26.879s][info][gc,phases   ] GC(31) Concurrent Select Relocation Set 36.380ms
[26.879s][info][gc,phases   ] GC(31) Pause Relocate Start 0.013ms
[26.956s][info][gc,phases   ] GC(31) Concurrent Relocate 77.211ms
[26.956s][info][gc,load     ] GC(31) Load: 0.00/0.00/0.00
[26.957s][info][gc,mmu      ] GC(31) MMU: 2ms/96.8%, 5ms/98.7%, 10ms/99.3%, 20ms/99.6%, 50ms/99.8%, 100ms/99.9%
[26.957s][info][gc,marking  ] GC(31) Mark: 2 stripe(s), 2 proactive flush(es), 1 terminate flush(es), 0 completion(s), 0 continuation(s) 
[26.957s][info][gc,marking  ] GC(31) Mark Stack Usage: 32M
[26.957s][info][gc,nmethod  ] GC(31) NMethods: 6468 registered, 450 unregistered
[26.957s][info][gc,metaspace] GC(31) Metaspace: 61M used, 62M committed, 1088M reserved
[26.957s][info][gc,ref      ] GC(31) Soft: 3228 encountered, 0 discovered, 0 enqueued
[26.957s][info][gc,ref      ] GC(31) Weak: 5990 encountered, 904 discovered, 102 enqueued
[26.957s][info][gc,ref      ] GC(31) Final: 82 encountered, 4 discovered, 0 enqueued
[26.957s][info][gc,ref      ] GC(31) Phantom: 623 encountered, 605 discovered, 7 enqueued
[26.957s][info][gc,reloc    ] GC(31) Small Pages: 452 / 904M, Empty: 178M, Relocated: 54M, In-Place: 0
[26.957s][info][gc,reloc    ] GC(31) Medium Pages: 2 / 64M, Empty: 0M, Relocated: 18M, In-Place: 0
[26.957s][info][gc,reloc    ] GC(31) Large Pages: 5 / 30M, Empty: 30M, Relocated: 0M, In-Place: 0
[26.957s][info][gc,reloc    ] GC(31) Forwarding Usage: 48M
[26.957s][info][gc,heap     ] GC(31) Min Capacity: 8M(0%)
[26.957s][info][gc,heap     ] GC(31) Max Capacity: 2048M(100%)
[26.957s][info][gc,heap     ] GC(31) Soft Max Capacity: 2048M(100%)
[26.957s][info][gc,heap     ] GC(31)                Mark Start          Mark End        Relocate Start      Relocate End           High               Low         
[26.957s][info][gc,heap     ] GC(31)  Capacity:     2048M (100%)       2048M (100%)       2048M (100%)       2048M (100%)       2048M (100%)       2048M (100%)   
[26.957s][info][gc,heap     ] GC(31)      Free:     1050M (51%)         742M (36%)         946M (46%)        1458M (71%)        1458M (71%)         742M (36%)    
[26.957s][info][gc,heap     ] GC(31)      Used:      998M (49%)        1306M (64%)        1102M (54%)         590M (29%)        1306M (64%)         590M (29%)    
[26.957s][info][gc,heap     ] GC(31)      Live:         -               216M (11%)         216M (11%)         216M (11%)            -                  -          
[26.957s][info][gc,heap     ] GC(31) Allocated:         -               308M (15%)         312M (15%)         324M (16%)            -                  -          
[26.957s][info][gc,heap     ] GC(31)   Garbage:         -               781M (38%)         573M (28%)          49M (2%)             -                  -          
[26.957s][info][gc,heap     ] GC(31) Reclaimed:         -                  -               208M (10%)         732M (36%)            -                  -          
[26.957s][info][gc          ] GC(31) Garbage Collection (Allocation Rate) 998M(49%)->590M(29%)
[26.976s][info][gc,start    ] GC(32) Garbage Collection (Allocation Rate)
[26.976s][info][gc,task     ] GC(32) Using 6 workers
[26.976s][info][gc,phases   ] GC(32) Pause Mark Start 0.012ms
[27.179s][info][gc,phases   ] GC(32) Concurrent Mark 202.792ms
[27.179s][info][gc,phases   ] GC(32) Pause Mark End 0.025ms
[27.179s][info][gc,phases   ] GC(32) Concurrent Mark Free 0.001ms
[27.182s][info][gc,phases   ] GC(32) Concurrent Process Non-Strong References 3.191ms
[27.183s][info][gc,phases   ] GC(32) Concurrent Reset Relocation Set 0.056ms
[27.188s][info][gc,phases   ] GC(32) Concurrent Select Relocation Set 5.604ms
[27.188s][info][gc,phases   ] GC(32) Pause Relocate Start 0.012ms
[27.226s][info][gc,phases   ] GC(32) Concurrent Relocate 37.613ms
[27.226s][info][gc,load     ] GC(32) Load: 0.00/0.00/0.00
[27.226s][info][gc,mmu      ] GC(32) MMU: 2ms/96.8%, 5ms/98.7%, 10ms/99.3%, 20ms/99.6%, 50ms/99.8%, 100ms/99.9%
[27.226s][info][gc,marking  ] GC(32) Mark: 4 stripe(s), 2 proactive flush(es), 1 terminate flush(es), 0 completion(s), 0 continuation(s) 
[27.226s][info][gc,marking  ] GC(32) Mark Stack Usage: 32M
[27.226s][info][gc,nmethod  ] GC(32) NMethods: 6444 registered, 487 unregistered
[27.226s][info][gc,metaspace] GC(32) Metaspace: 61M used, 62M committed, 1088M reserved
[27.226s][info][gc,ref      ] GC(32) Soft: 3228 encountered, 0 discovered, 0 enqueued
[27.226s][info][gc,ref      ] GC(32) Weak: 5904 encountered, 2049 discovered, 8 enqueued
[27.226s][info][gc,ref      ] GC(32) Final: 82 encountered, 6 discovered, 0 enqueued
[27.226s][info][gc,ref      ] GC(32) Phantom: 618 encountered, 504 discovered, 6 enqueued
[27.226s][info][gc,reloc    ] GC(32) Small Pages: 254 / 508M, Empty: 6M, Relocated: 38M, In-Place: 0
[27.226s][info][gc,reloc    ] GC(32) Medium Pages: 2 / 64M, Empty: 0M, Relocated: 15M, In-Place: 0
[27.226s][info][gc,reloc    ] GC(32) Large Pages: 4 / 24M, Empty: 0M, Relocated: 0M, In-Place: 0
[27.226s][info][gc,reloc    ] GC(32) Forwarding Usage: 36M
[27.226s][info][gc,heap     ] GC(32) Min Capacity: 8M(0%)
[27.226s][info][gc,heap     ] GC(32) Max Capacity: 2048M(100%)
[27.226s][info][gc,heap     ] GC(32) Soft Max Capacity: 2048M(100%)
[27.226s][info][gc,heap     ] GC(32)                Mark Start          Mark End        Relocate Start      Relocate End           High               Low         
[27.226s][info][gc,heap     ] GC(32)  Capacity:     2048M (100%)       2048M (100%)       2048M (100%)       2048M (100%)       2048M (100%)       2048M (100%)   
[27.226s][info][gc,heap     ] GC(32)      Free:     1452M (71%)        1324M (65%)        1330M (65%)        1550M (76%)        1550M (76%)        1266M (62%)    
[27.226s][info][gc,heap     ] GC(32)      Used:      596M (29%)         724M (35%)         718M (35%)         498M (24%)         782M (38%)         498M (24%)    
[27.226s][info][gc,heap     ] GC(32)      Live:         -               268M (13%)         268M (13%)         268M (13%)            -                  -          
[27.226s][info][gc,heap     ] GC(32) Allocated:         -               128M (6%)          128M (6%)          173M (8%)             -                  -          
[27.226s][info][gc,heap     ] GC(32)   Garbage:         -               327M (16%)         321M (16%)          56M (3%)             -                  -          
[27.226s][info][gc,heap     ] GC(32) Reclaimed:         -                  -                 6M (0%)          271M (13%)            -                  -          
[27.226s][info][gc          ] GC(32) Garbage Collection (Allocation Rate) 596M(29%)->498M(24%)
[27.780s][info][gc,start    ] GC(33) Garbage Collection (Allocation Rate)
[27.780s][info][gc,task     ] GC(33) Using 5 workers
[27.780s][info][gc,phases   ] GC(33) Pause Mark Start 0.016ms
[27.952s][info][gc,phases   ] GC(33) Concurrent Mark 171.333ms
[27.952s][info][gc,phases   ] GC(33) Pause Mark End 0.021ms
[27.952s][info][gc,phases   ] GC(33) Concurrent Mark Free 0.001ms
[27.967s][info][gc,phases   ] GC(33) Concurrent Process Non-Strong References 14.954ms
[27.967s][info][gc,phases   ] GC(33) Concurrent Reset Relocation Set 0.027ms
[28.007s][info][gc,phases   ] GC(33) Concurrent Select Relocation Set 39.751ms
[28.007s][info][gc,phases   ] GC(33) Pause Relocate Start 0.012ms
[28.050s][info][gc,phases   ] GC(33) Concurrent Relocate 42.961ms
[28.050s][info][gc,load     ] GC(33) Load: 0.00/0.00/0.00
[28.050s][info][gc,mmu      ] GC(33) MMU: 2ms/96.8%, 5ms/98.7%, 10ms/99.3%, 20ms/99.6%, 50ms/99.8%, 100ms/99.9%
[28.050s][info][gc,marking  ] GC(33) Mark: 4 stripe(s), 2 proactive flush(es), 1 terminate flush(es), 0 completion(s), 0 continuation(s) 
[28.050s][info][gc,marking  ] GC(33) Mark Stack Usage: 32M
[28.050s][info][gc,nmethod  ] GC(33) NMethods: 6836 registered, 567 unregistered
[28.050s][info][gc,metaspace] GC(33) Metaspace: 63M used, 64M committed, 1088M reserved
[28.050s][info][gc,ref      ] GC(33) Soft: 3287 encountered, 0 discovered, 0 enqueued
[28.050s][info][gc,ref      ] GC(33) Weak: 6139 encountered, 1296 discovered, 175 enqueued
[28.050s][info][gc,ref      ] GC(33) Final: 84 encountered, 28 discovered, 0 enqueued
[28.050s][info][gc,ref      ] GC(33) Phantom: 668 encountered, 360 discovered, 52 enqueued
[28.050s][info][gc,reloc    ] GC(33) Small Pages: 404 / 808M, Empty: 192M, Relocated: 47M, In-Place: 0
[28.050s][info][gc,reloc    ] GC(33) Medium Pages: 7 / 224M, Empty: 192M, Relocated: 0M, In-Place: 0
[28.050s][info][gc,reloc    ] GC(33) Large Pages: 39 / 250M, Empty: 232M, Relocated: 0M, In-Place: 0
[28.050s][info][gc,reloc    ] GC(33) Forwarding Usage: 46M
[28.050s][info][gc,heap     ] GC(33) Min Capacity: 8M(0%)
[28.050s][info][gc,heap     ] GC(33) Max Capacity: 2048M(100%)
[28.050s][info][gc,heap     ] GC(33) Soft Max Capacity: 2048M(100%)
[28.050s][info][gc,heap     ] GC(33)                Mark Start          Mark End        Relocate Start      Relocate End           High               Low         
[28.050s][info][gc,heap     ] GC(33)  Capacity:     2048M (100%)       2048M (100%)       2048M (100%)       2048M (100%)       2048M (100%)       2048M (100%)   
[28.050s][info][gc,heap     ] GC(33)      Free:      766M (37%)         456M (22%)        1016M (50%)        1320M (64%)        1320M (64%)         436M (21%)    
[28.050s][info][gc,heap     ] GC(33)      Used:     1282M (63%)        1592M (78%)        1032M (50%)         728M (36%)        1612M (79%)         728M (36%)    
[28.050s][info][gc,heap     ] GC(33)      Live:         -               248M (12%)         248M (12%)         248M (12%)            -                  -          
[28.050s][info][gc,heap     ] GC(33) Allocated:         -               310M (15%)         366M (18%)         421M (21%)            -                  -          
[28.050s][info][gc,heap     ] GC(33)   Garbage:         -              1033M (50%)         417M (20%)          57M (3%)             -                  -          
[28.050s][info][gc,heap     ] GC(33) Reclaimed:         -                  -               616M (30%)         975M (48%)            -                  -          
[28.050s][info][gc          ] GC(33) Garbage Collection (Allocation Rate) 1282M(63%)->728M(36%)
[28.119s][info][gc,start    ] GC(34) Garbage Collection (System.gc())
[28.119s][info][gc,task     ] GC(34) Using 12 workers
[28.119s][info][gc,phases   ] GC(34) Pause Mark Start 0.014ms
[28.193s][info][gc,phases   ] GC(34) Concurrent Mark 73.517ms
[28.193s][info][gc,phases   ] GC(34) Pause Mark End 0.024ms
[28.193s][info][gc,phases   ] GC(34) Concurrent Mark Free 0.001ms
[28.195s][info][gc,phases   ] GC(34) Concurrent Process Non-Strong References 1.877ms
[28.195s][info][gc,phases   ] GC(34) Concurrent Reset Relocation Set 0.044ms
[28.206s][info][gc,phases   ] GC(34) Concurrent Select Relocation Set 10.683ms
[28.206s][info][gc,phases   ] GC(34) Pause Relocate Start 0.008ms
[28.210s][info][gc,phases   ] GC(34) Concurrent Relocate 3.946ms
[28.210s][info][gc,load     ] GC(34) Load: 0.00/0.00/0.00
[28.210s][info][gc,mmu      ] GC(34) MMU: 2ms/96.8%, 5ms/98.7%, 10ms/99.3%, 20ms/99.6%, 50ms/99.8%, 100ms/99.9%
[28.210s][info][gc,marking  ] GC(34) Mark: 8 stripe(s), 1 proactive flush(es), 1 terminate flush(es), 0 completion(s), 0 continuation(s) 
[28.210s][info][gc,marking  ] GC(34) Mark Stack Usage: 32M
[28.210s][info][gc,nmethod  ] GC(34) NMethods: 6783 registered, 632 unregistered
[28.210s][info][gc,metaspace] GC(34) Metaspace: 63M used, 64M committed, 1088M reserved
[28.210s][info][gc,ref      ] GC(34) Soft: 3291 encountered, 0 discovered, 0 enqueued
[28.210s][info][gc,ref      ] GC(34) Weak: 6045 encountered, 883 discovered, 29 enqueued
[28.210s][info][gc,ref      ] GC(34) Final: 84 encountered, 7 discovered, 0 enqueued
[28.210s][info][gc,ref      ] GC(34) Phantom: 635 encountered, 616 discovered, 19 enqueued
[28.210s][info][gc,reloc    ] GC(34) Small Pages: 397 / 794M, Empty: 552M, Relocated: 5M, In-Place: 0
[28.210s][info][gc,reloc    ] GC(34) Medium Pages: 1 / 32M, Empty: 0M, Relocated: 0M, In-Place: 0
[28.210s][info][gc,reloc    ] GC(34) Large Pages: 4 / 24M, Empty: 24M, Relocated: 0M, In-Place: 0
[28.210s][info][gc,reloc    ] GC(34) Forwarding Usage: 3M
[28.210s][info][gc,heap     ] GC(34) Min Capacity: 8M(0%)
[28.210s][info][gc,heap     ] GC(34) Max Capacity: 2048M(100%)
[28.210s][info][gc,heap     ] GC(34) Soft Max Capacity: 2048M(100%)
[28.210s][info][gc,heap     ] GC(34)                Mark Start          Mark End        Relocate Start      Relocate End           High               Low         
[28.210s][info][gc,heap     ] GC(34)  Capacity:     2048M (100%)       2048M (100%)       2048M (100%)       2048M (100%)       2048M (100%)       2048M (100%)   
[28.210s][info][gc,heap     ] GC(34)      Free:     1198M (58%)        1196M (58%)        1772M (87%)        1806M (88%)        1806M (88%)        1196M (58%)    
[28.210s][info][gc,heap     ] GC(34)      Used:      850M (42%)         852M (42%)         276M (13%)         242M (12%)         852M (42%)         242M (12%)    
[28.210s][info][gc,heap     ] GC(34)      Live:         -               166M (8%)          166M (8%)          166M (8%)             -                  -          
[28.211s][info][gc,heap     ] GC(34) Allocated:         -                 2M (0%)            2M (0%)            3M (0%)             -                  -          
[28.211s][info][gc,heap     ] GC(34)   Garbage:         -               683M (33%)         107M (5%)           71M (4%)             -                  -          
[28.211s][info][gc,heap     ] GC(34) Reclaimed:         -                  -               576M (28%)         611M (30%)            -                  -          
[28.211s][info][gc          ] GC(34) Garbage Collection (System.gc()) 850M(42%)->242M(12%)
[28.578s][info][gc,start    ] GC(35) Garbage Collection (Allocation Rate)
[28.578s][info][gc,task     ] GC(35) Using 5 workers
[28.579s][info][gc,phases   ] GC(35) Pause Mark Start 0.012ms
[28.778s][info][gc,phases   ] GC(35) Concurrent Mark 199.653ms
[28.779s][info][gc,phases   ] GC(35) Pause Mark End 0.025ms
[28.779s][info][gc,phases   ] GC(35) Concurrent Mark Free 0.001ms
[28.783s][info][gc,phases   ] GC(35) Concurrent Process Non-Strong References 4.235ms
[28.783s][info][gc,phases   ] GC(35) Concurrent Reset Relocation Set 0.005ms
[28.813s][info][gc,phases   ] GC(35) Concurrent Select Relocation Set 29.638ms
[28.813s][info][gc,phases   ] GC(35) Pause Relocate Start 0.011ms
[28.876s][info][gc,phases   ] GC(35) Concurrent Relocate 63.594ms
[28.877s][info][gc,load     ] GC(35) Load: 0.00/0.00/0.00
[28.877s][info][gc,mmu      ] GC(35) MMU: 2ms/96.8%, 5ms/98.7%, 10ms/99.3%, 20ms/99.6%, 50ms/99.8%, 100ms/99.9%
[28.877s][info][gc,marking  ] GC(35) Mark: 4 stripe(s), 2 proactive flush(es), 1 terminate flush(es), 0 completion(s), 0 continuation(s) 
[28.877s][info][gc,marking  ] GC(35) Mark Stack Usage: 32M
[28.877s][info][gc,nmethod  ] GC(35) NMethods: 6902 registered, 640 unregistered
[28.877s][info][gc,metaspace] GC(35) Metaspace: 63M used, 64M committed, 1088M reserved
[28.877s][info][gc,ref      ] GC(35) Soft: 3300 encountered, 0 discovered, 0 enqueued
[28.877s][info][gc,ref      ] GC(35) Weak: 6116 encountered, 1459 discovered, 29 enqueued
[28.877s][info][gc,ref      ] GC(35) Final: 84 encountered, 48 discovered, 0 enqueued
[28.877s][info][gc,ref      ] GC(35) Phantom: 616 encountered, 567 discovered, 0 enqueued
[28.877s][info][gc,reloc    ] GC(35) Small Pages: 385 / 770M, Empty: 0M, Relocated: 117M, In-Place: 0
[28.877s][info][gc,reloc    ] GC(35) Medium Pages: 2 / 64M, Empty: 0M, Relocated: 17M, In-Place: 0
[28.877s][info][gc,reloc    ] GC(35) Large Pages: 5 / 30M, Empty: 6M, Relocated: 0M, In-Place: 0
[28.877s][info][gc,reloc    ] GC(35) Forwarding Usage: 75M
[28.877s][info][gc,heap     ] GC(35) Min Capacity: 8M(0%)
[28.877s][info][gc,heap     ] GC(35) Max Capacity: 2048M(100%)
[28.877s][info][gc,heap     ] GC(35) Soft Max Capacity: 2048M(100%)
[28.877s][info][gc,heap     ] GC(35)                Mark Start          Mark End        Relocate Start      Relocate End           High               Low         
[28.877s][info][gc,heap     ] GC(35)  Capacity:     2048M (100%)       2048M (100%)       2048M (100%)       2048M (100%)       2048M (100%)       2048M (100%)   
[28.877s][info][gc,heap     ] GC(35)      Free:     1184M (58%)         752M (37%)         682M (33%)        1120M (55%)        1184M (58%)         642M (31%)    
[28.877s][info][gc,heap     ] GC(35)      Used:      864M (42%)        1296M (63%)        1366M (67%)         928M (45%)        1406M (69%)         864M (42%)    
[28.877s][info][gc,heap     ] GC(35)      Live:         -               310M (15%)         310M (15%)         310M (15%)            -                  -          
[28.877s][info][gc,heap     ] GC(35) Allocated:         -               432M (21%)         508M (25%)         563M (28%)            -                  -          
[28.877s][info][gc,heap     ] GC(35)   Garbage:         -               553M (27%)         547M (27%)          54M (3%)             -                  -          
[28.877s][info][gc,heap     ] GC(35) Reclaimed:         -                  -                 6M (0%)          499M (24%)            -                  -          
[28.877s][info][gc          ] GC(35) Garbage Collection (Allocation Rate) 864M(42%)->928M(45%)
[28.982s][info][gc,start    ] GC(36) Garbage Collection (Allocation Rate)
[28.982s][info][gc,task     ] GC(36) Using 6 workers
[28.982s][info][gc,phases   ] GC(36) Pause Mark Start 0.015ms
[29.254s][info][gc,phases   ] GC(36) Concurrent Mark 272.091ms
[29.254s][info][gc,phases   ] GC(36) Pause Mark End 0.017ms
[29.254s][info][gc,phases   ] GC(36) Concurrent Mark Free 0.001ms
[29.257s][info][gc,phases   ] GC(36) Concurrent Process Non-Strong References 2.809ms
[29.257s][info][gc,phases   ] GC(36) Concurrent Reset Relocation Set 0.051ms
[29.266s][info][gc,phases   ] GC(36) Concurrent Select Relocation Set 9.187ms
[29.267s][info][gc,phases   ] GC(36) Pause Relocate Start 0.009ms
[29.307s][info][gc,phases   ] GC(36) Concurrent Relocate 40.228ms
[29.307s][info][gc,load     ] GC(36) Load: 0.00/0.00/0.00
[29.307s][info][gc,mmu      ] GC(36) MMU: 2ms/96.8%, 5ms/98.7%, 10ms/99.3%, 20ms/99.6%, 50ms/99.8%, 100ms/99.9%
[29.307s][info][gc,marking  ] GC(36) Mark: 4 stripe(s), 2 proactive flush(es), 1 terminate flush(es), 0 completion(s), 0 continuation(s) 
[29.307s][info][gc,marking  ] GC(36) Mark Stack Usage: 32M
[29.307s][info][gc,nmethod  ] GC(36) NMethods: 6901 registered, 641 unregistered
[29.307s][info][gc,metaspace] GC(36) Metaspace: 63M used, 64M committed, 1088M reserved
[29.307s][info][gc,ref      ] GC(36) Soft: 3300 encountered, 0 discovered, 0 enqueued
[29.307s][info][gc,ref      ] GC(36) Weak: 6087 encountered, 425 discovered, 0 enqueued
[29.307s][info][gc,ref      ] GC(36) Final: 84 encountered, 2 discovered, 0 enqueued
[29.307s][info][gc,ref      ] GC(36) Phantom: 616 encountered, 335 discovered, 0 enqueued
[29.307s][info][gc,reloc    ] GC(36) Small Pages: 489 / 978M, Empty: 0M, Relocated: 54M, In-Place: 0
[29.307s][info][gc,reloc    ] GC(36) Medium Pages: 2 / 64M, Empty: 32M, Relocated: 0M, In-Place: 0
[29.307s][info][gc,reloc    ] GC(36) Large Pages: 12 / 88M, Empty: 24M, Relocated: 0M, In-Place: 0
[29.307s][info][gc,reloc    ] GC(36) Forwarding Usage: 46M
[29.307s][info][gc,heap     ] GC(36) Min Capacity: 8M(0%)
[29.307s][info][gc,heap     ] GC(36) Max Capacity: 2048M(100%)
[29.307s][info][gc,heap     ] GC(36) Soft Max Capacity: 2048M(100%)
[29.307s][info][gc,heap     ] GC(36)                Mark Start          Mark End        Relocate Start      Relocate End           High               Low         
[29.307s][info][gc,heap     ] GC(36)  Capacity:     2048M (100%)       2048M (100%)       2048M (100%)       2048M (100%)       2048M (100%)       2048M (100%)   
[29.308s][info][gc,heap     ] GC(36)      Free:      918M (45%)         394M (19%)         430M (21%)         996M (49%)         996M (49%)         386M (19%)    
[29.308s][info][gc,heap     ] GC(36)      Used:     1130M (55%)        1654M (81%)        1618M (79%)        1052M (51%)        1662M (81%)        1052M (51%)    
[29.308s][info][gc,heap     ] GC(36)      Live:         -               389M (19%)         389M (19%)         389M (19%)            -                  -          
[29.308s][info][gc,heap     ] GC(36) Allocated:         -               524M (26%)         544M (27%)         599M (29%)            -                  -          
[29.308s][info][gc,heap     ] GC(36)   Garbage:         -               740M (36%)         684M (33%)          62M (3%)             -                  -          
[29.308s][info][gc,heap     ] GC(36) Reclaimed:         -                  -                56M (3%)          677M (33%)            -                  -          
[29.308s][info][gc          ] GC(36) Garbage Collection (Allocation Rate) 1130M(55%)->1052M(51%)
[29.379s][info][gc,start    ] GC(37) Garbage Collection (Allocation Rate)
[29.379s][info][gc,task     ] GC(37) Using 11 workers
[29.379s][info][gc,phases   ] GC(37) Pause Mark Start 0.016ms
[29.582s][info][gc,phases   ] GC(37) Concurrent Mark 202.619ms
[29.582s][info][gc,phases   ] GC(37) Pause Mark End 0.023ms
[29.582s][info][gc,phases   ] GC(37) Concurrent Mark Free 0.001ms
[29.584s][info][gc,phases   ] GC(37) Concurrent Process Non-Strong References 1.962ms
[29.584s][info][gc,phases   ] GC(37) Concurrent Reset Relocation Set 0.075ms
[29.627s][info][gc,phases   ] GC(37) Concurrent Select Relocation Set 42.324ms
[29.627s][info][gc,phases   ] GC(37) Pause Relocate Start 0.013ms
[29.657s][info][gc,phases   ] GC(37) Concurrent Relocate 29.669ms
[29.657s][info][gc,load     ] GC(37) Load: 0.00/0.00/0.00
[29.657s][info][gc,mmu      ] GC(37) MMU: 2ms/96.8%, 5ms/98.7%, 10ms/99.3%, 20ms/99.6%, 50ms/99.8%, 100ms/99.9%
[29.657s][info][gc,marking  ] GC(37) Mark: 8 stripe(s), 2 proactive flush(es), 1 terminate flush(es), 0 completion(s), 0 continuation(s) 
[29.657s][info][gc,marking  ] GC(37) Mark Stack Usage: 32M
[29.657s][info][gc,nmethod  ] GC(37) NMethods: 6904 registered, 641 unregistered
[29.657s][info][gc,metaspace] GC(37) Metaspace: 63M used, 64M committed, 1088M reserved
[29.657s][info][gc,ref      ] GC(37) Soft: 3300 encountered, 0 discovered, 0 enqueued
[29.657s][info][gc,ref      ] GC(37) Weak: 6087 encountered, 1112 discovered, 0 enqueued
[29.657s][info][gc,ref      ] GC(37) Final: 84 encountered, 75 discovered, 0 enqueued
[29.657s][info][gc,ref      ] GC(37) Phantom: 616 encountered, 486 discovered, 0 enqueued
[29.657s][info][gc,reloc    ] GC(37) Small Pages: 544 / 1088M, Empty: 0M, Relocated: 46M, In-Place: 0
[29.657s][info][gc,reloc    ] GC(37) Medium Pages: 1 / 32M, Empty: 0M, Relocated: 0M, In-Place: 0
[29.657s][info][gc,reloc    ] GC(37) Large Pages: 8 / 64M, Empty: 0M, Relocated: 0M, In-Place: 0
[29.657s][info][gc,reloc    ] GC(37) Forwarding Usage: 48M
[29.657s][info][gc,heap     ] GC(37) Min Capacity: 8M(0%)
[29.657s][info][gc,heap     ] GC(37) Max Capacity: 2048M(100%)
[29.657s][info][gc,heap     ] GC(37) Soft Max Capacity: 2048M(100%)
[29.657s][info][gc,heap     ] GC(37)                Mark Start          Mark End        Relocate Start      Relocate End           High               Low         
[29.657s][info][gc,heap     ] GC(37)  Capacity:     2048M (100%)       2048M (100%)       2048M (100%)       2048M (100%)       2048M (100%)       2048M (100%)   
[29.657s][info][gc,heap     ] GC(37)      Free:      864M (42%)         670M (33%)         670M (33%)        1354M (66%)        1354M (66%)         648M (32%)    
[29.657s][info][gc,heap     ] GC(37)      Used:     1184M (58%)        1378M (67%)        1378M (67%)         694M (34%)        1400M (68%)         694M (34%)    
[29.657s][info][gc,heap     ] GC(37)      Live:         -               421M (21%)         421M (21%)         421M (21%)            -                  -          
[29.657s][info][gc,heap     ] GC(37) Allocated:         -               194M (9%)          194M (9%)          193M (9%)             -                  -          
[29.657s][info][gc,heap     ] GC(37)   Garbage:         -               762M (37%)         762M (37%)          78M (4%)             -                  -          
[29.657s][info][gc,heap     ] GC(37) Reclaimed:         -                  -                 0M (0%)          683M (33%)            -                  -          
[29.657s][info][gc          ] GC(37) Garbage Collection (Allocation Rate) 1184M(58%)->694M(34%)
[29.676s][info][gc,start    ] GC(38) Garbage Collection (Allocation Rate)
[29.676s][info][gc,task     ] GC(38) Using 11 workers
[29.676s][info][gc,phases   ] GC(38) Pause Mark Start 0.014ms
[29.833s][info][gc,phases   ] GC(38) Concurrent Mark 156.461ms
[29.833s][info][gc,phases   ] GC(38) Pause Mark End 0.019ms
[29.833s][info][gc,phases   ] GC(38) Concurrent Mark Free 0.001ms
[29.834s][info][gc,phases   ] GC(38) Concurrent Process Non-Strong References 1.688ms
[29.834s][info][gc,phases   ] GC(38) Concurrent Reset Relocation Set 0.045ms
[29.840s][info][gc,phases   ] GC(38) Concurrent Select Relocation Set 5.800ms
[29.840s][info][gc,phases   ] GC(38) Pause Relocate Start 0.009ms
[29.858s][info][gc,phases   ] GC(38) Concurrent Relocate 17.162ms
[29.858s][info][gc,load     ] GC(38) Load: 0.00/0.00/0.00
[29.858s][info][gc,mmu      ] GC(38) MMU: 2ms/96.8%, 5ms/98.7%, 10ms/99.3%, 20ms/99.6%, 50ms/99.8%, 100ms/99.9%
[29.858s][info][gc,marking  ] GC(38) Mark: 8 stripe(s), 5 proactive flush(es), 1 terminate flush(es), 0 completion(s), 0 continuation(s) 
[29.858s][info][gc,marking  ] GC(38) Mark Stack Usage: 32M
[29.858s][info][gc,nmethod  ] GC(38) NMethods: 6903 registered, 642 unregistered
[29.858s][info][gc,metaspace] GC(38) Metaspace: 63M used, 64M committed, 1088M reserved
[29.858s][info][gc,ref      ] GC(38) Soft: 3300 encountered, 0 discovered, 0 enqueued
[29.858s][info][gc,ref      ] GC(38) Weak: 6087 encountered, 1565 discovered, 0 enqueued
[29.858s][info][gc,ref      ] GC(38) Final: 84 encountered, 1 discovered, 0 enqueued
[29.858s][info][gc,ref      ] GC(38) Phantom: 616 encountered, 591 discovered, 0 enqueued
[29.858s][info][gc,reloc    ] GC(38) Small Pages: 283 / 566M, Empty: 68M, Relocated: 33M, In-Place: 0
[29.858s][info][gc,reloc    ] GC(38) Medium Pages: 2 / 64M, Empty: 0M, Relocated: 14M, In-Place: 0
[29.858s][info][gc,reloc    ] GC(38) Large Pages: 8 / 64M, Empty: 24M, Relocated: 0M, In-Place: 0
[29.858s][info][gc,reloc    ] GC(38) Forwarding Usage: 30M
[29.858s][info][gc,heap     ] GC(38) Min Capacity: 8M(0%)
[29.858s][info][gc,heap     ] GC(38) Max Capacity: 2048M(100%)
[29.858s][info][gc,heap     ] GC(38) Soft Max Capacity: 2048M(100%)
[29.858s][info][gc,heap     ] GC(38)                Mark Start          Mark End        Relocate Start      Relocate End           High               Low         
[29.858s][info][gc,heap     ] GC(38)  Capacity:     2048M (100%)       2048M (100%)       2048M (100%)       2048M (100%)       2048M (100%)       2048M (100%)   
[29.858s][info][gc,heap     ] GC(38)      Free:     1354M (66%)        1320M (64%)        1412M (69%)        1630M (80%)        1630M (80%)        1320M (64%)    
[29.858s][info][gc,heap     ] GC(38)      Used:      694M (34%)         728M (36%)         636M (31%)         418M (20%)         728M (36%)         418M (20%)    
[29.858s][info][gc,heap     ] GC(38)      Live:         -               308M (15%)         308M (15%)         308M (15%)            -                  -          
[29.858s][info][gc,heap     ] GC(38) Allocated:         -                34M (2%)           34M (2%)           32M (2%)             -                  -          
[29.858s][info][gc,heap     ] GC(38)   Garbage:         -               385M (19%)         293M (14%)          76M (4%)             -                  -          
[29.858s][info][gc,heap     ] GC(38) Reclaimed:         -                  -                92M (4%)          308M (15%)            -                  -          
[29.858s][info][gc          ] GC(38) Garbage Collection (Allocation Rate) 694M(34%)->418M(20%)
[30.073s][info][gc,start    ] GC(39) Garbage Collection (Allocation Rate)
[30.073s][info][gc,task     ] GC(39) Using 11 workers
[30.074s][info][gc,phases   ] GC(39) Pause Mark Start 0.011ms
[30.183s][info][gc,stats    ] === Garbage Collection Statistics =======================================================================================================================
[30.183s][info][gc,stats    ]                                                              Last 10s              Last 10m              Last 10h                Total
[30.183s][info][gc,stats    ]                                                              Avg / Max             Avg / Max             Avg / Max             Avg / Max
[30.183s][info][gc,stats    ]   Collector: Garbage Collection Cycle                    232.644 / 431.556     208.865 / 1113.016    208.865 / 1113.016    208.865 / 1113.016    ms
[30.183s][info][gc,stats    ]  Contention: Mark Segment Reset Contention                    16 / 27               12 / 154              12 / 154              12 / 154         ops/s
[30.183s][info][gc,stats    ]  Contention: Mark SeqNum Reset Contention                      0 / 2                 0 / 2                 0 / 2                 0 / 2           ops/s
[30.183s][info][gc,stats    ]    Critical: Allocation Stall                                  0 / 3                 0 / 5                 0 / 5                 0 / 5           ops/s
[30.183s][info][gc,stats    ]    Critical: Allocation Stall                             35.437 / 39.868       46.147 / 67.576       46.147 / 67.576       46.147 / 67.576      ms
[30.183s][info][gc,stats    ]    Critical: GC Locker Stall                                   0 / 0                 0 / 1                 0 / 1                 0 / 1           ops/s
[30.183s][info][gc,stats    ]    Critical: GC Locker Stall                               0.000 / 0.000         0.001 / 0.001         0.001 / 0.001         0.001 / 0.001       ms
[30.183s][info][gc,stats    ]    Critical: Relocation Stall                                  0 / 3                 0 / 3                 0 / 3                 0 / 3           ops/s
[30.183s][info][gc,stats    ]    Critical: Relocation Stall                              6.236 / 10.360        6.236 / 10.360        6.236 / 10.360        6.236 / 10.360      ms
[30.183s][info][gc,stats    ]      Memory: Allocation Rate                                1060 / 1826            664 / 2860            664 / 2860            664 / 2860        MB/s
[30.183s][info][gc,stats    ]      Memory: Defragment                                        0 / 2                 0 / 2                 0 / 2                 0 / 2           ops/s
[30.183s][info][gc,stats    ]      Memory: Out Of Memory                                     0 / 0                 0 / 0                 0 / 0                 0 / 0           ops/s
[30.183s][info][gc,stats    ]      Memory: Page Cache Flush                                 55 / 328              18 / 328              18 / 328              18 / 328         MB/s
[30.183s][info][gc,stats    ]      Memory: Page Cache Hit L1                               539 / 953             305 / 1290            305 / 1290            305 / 1290        ops/s
[30.183s][info][gc,stats    ]      Memory: Page Cache Hit L2                                 0 / 0                 0 / 0                 0 / 0                 0 / 0           ops/s
[30.183s][info][gc,stats    ]      Memory: Page Cache Hit L3                                 4 / 13               32 / 362              32 / 362              32 / 362         ops/s
[30.183s][info][gc,stats    ]      Memory: Page Cache Miss                                   3 / 24                1 / 24                1 / 24                1 / 24          ops/s
[30.183s][info][gc,stats    ]      Memory: Uncommit                                          0 / 0                 0 / 0                 0 / 0                 0 / 0           MB/s
[30.183s][info][gc,stats    ]      Memory: Undo Object Allocation Failed                     2 / 13                1 / 13                1 / 13                1 / 13          ops/s
[30.183s][info][gc,stats    ]      Memory: Undo Object Allocation Succeeded                  8 / 69                3 / 69                3 / 69                3 / 69          ops/s
[30.183s][info][gc,stats    ]      Memory: Undo Page Allocation                             28 / 71               13 / 71               13 / 71               13 / 71          ops/s
[30.183s][info][gc,stats    ]       Phase: Concurrent Mark                             165.757 / 272.091     168.295 / 1077.882    168.295 / 1077.882    168.295 / 1077.882    ms
[30.183s][info][gc,stats    ]       Phase: Concurrent Mark Continue                      0.000 / 0.000         0.000 / 0.000         0.000 / 0.000         0.000 / 0.000       ms
[30.183s][info][gc,stats    ]       Phase: Concurrent Mark Free                          0.001 / 0.001         0.001 / 0.001         0.001 / 0.001         0.001 / 0.001       ms
[30.183s][info][gc,stats    ]       Phase: Concurrent Process Non-Strong References      4.497 / 14.954        4.519 / 16.614        4.519 / 16.614        4.519 / 16.614      ms
[30.183s][info][gc,stats    ]       Phase: Concurrent Relocate                          33.353 / 107.720      19.716 / 107.720      19.716 / 107.720      19.716 / 107.720     ms
[30.183s][info][gc,stats    ]       Phase: Concurrent Reset Relocation Set               0.043 / 0.142         0.024 / 0.142         0.024 / 0.142         0.024 / 0.142       ms
[30.183s][info][gc,stats    ]       Phase: Concurrent Select Relocation Set             23.242 / 52.864       14.904 / 52.864       14.904 / 52.864       14.904 / 52.864      ms
[30.183s][info][gc,stats    ]       Phase: Pause Mark End                                0.020 / 0.025         0.021 / 0.063         0.021 / 0.063         0.021 / 0.063       ms
[30.183s][info][gc,stats    ]       Phase: Pause Mark Start                              0.016 / 0.059         0.015 / 0.059         0.015 / 0.059         0.015 / 0.059       ms
[30.183s][info][gc,stats    ]       Phase: Pause Relocate Start                          0.010 / 0.014         0.009 / 0.014         0.009 / 0.014         0.009 / 0.014       ms
[30.183s][info][gc,stats    ]    Subphase: Concurrent Classes Purge                      0.151 / 0.762         0.235 / 1.483         0.235 / 1.483         0.235 / 1.483       ms
[30.183s][info][gc,stats    ]    Subphase: Concurrent Classes Unlink                     3.789 / 13.817        3.275 / 13.817        3.275 / 13.817        3.275 / 13.817      ms
[30.183s][info][gc,stats    ]    Subphase: Concurrent Mark                             152.347 / 263.755     168.384 / 1074.330    168.384 / 1074.330    168.384 / 1074.330    ms
[30.183s][info][gc,stats    ]    Subphase: Concurrent Mark Try Flush                     0.076 / 0.235         0.079 / 0.246         0.079 / 0.246         0.079 / 0.246       ms
[30.183s][info][gc,stats    ]    Subphase: Concurrent Mark Try Terminate                 6.360 / 16.597       12.598 / 16.666       12.598 / 16.666       12.598 / 16.666      ms
[30.183s][info][gc,stats    ]    Subphase: Concurrent References Enqueue                 0.002 / 0.003         0.002 / 0.005         0.002 / 0.005         0.002 / 0.005       ms
[30.183s][info][gc,stats    ]    Subphase: Concurrent References Process                 0.130 / 0.225         0.135 / 0.253         0.135 / 0.253         0.135 / 0.253       ms
[30.183s][info][gc,stats    ]    Subphase: Concurrent Roots ClassLoaderDataGraph         0.085 / 0.581         0.084 / 0.915         0.084 / 0.915         0.084 / 0.915       ms
[30.183s][info][gc,stats    ]    Subphase: Concurrent Roots CodeCache                    0.000 / 0.000         0.000 / 0.000         0.000 / 0.000         0.000 / 0.000       ms
[30.183s][info][gc,stats    ]    Subphase: Concurrent Roots JavaThreads                  4.291 / 10.260        3.826 / 13.140        3.826 / 13.140        3.826 / 13.140      ms
[30.183s][info][gc,stats    ]    Subphase: Concurrent Roots OopStorageSet                0.022 / 0.056         0.024 / 0.277         0.024 / 0.277         0.024 / 0.277       ms
[30.183s][info][gc,stats    ]    Subphase: Concurrent Weak Roots OopStorageSet           0.228 / 0.927         0.282 / 1.572         0.282 / 1.572         0.282 / 1.572       ms
[30.183s][info][gc,stats    ]    Subphase: Pause Mark Try Complete                       0.000 / 0.000         0.001 / 0.006         0.001 / 0.006         0.001 / 0.006       ms
[30.183s][info][gc,stats    ]      System: Java Threads                                    106 / 148              89 / 148              89 / 148              89 / 148         threads
[30.183s][info][gc,stats    ] =========================================================================================================================================================
[30.229s][info][gc,phases   ] GC(39) Concurrent Mark 155.819ms
[30.230s][info][gc,phases   ] GC(39) Pause Mark End 0.027ms
[30.230s][info][gc,phases   ] GC(39) Concurrent Mark Free 0.001ms
[30.232s][info][gc,phases   ] GC(39) Concurrent Process Non-Strong References 2.328ms
[30.232s][info][gc,phases   ] GC(39) Concurrent Reset Relocation Set 0.022ms
[30.247s][info][gc,phases   ] GC(39) Concurrent Select Relocation Set 14.560ms
[30.247s][info][gc,phases   ] GC(39) Pause Relocate Start 0.008ms
[30.259s][info][gc,phases   ] GC(39) Concurrent Relocate 11.781ms
[30.259s][info][gc,load     ] GC(39) Load: 0.00/0.00/0.00
[30.259s][info][gc,mmu      ] GC(39) MMU: 2ms/96.8%, 5ms/98.7%, 10ms/99.3%, 20ms/99.6%, 50ms/99.8%, 100ms/99.9%
[30.259s][info][gc,marking  ] GC(39) Mark: 8 stripe(s), 2 proactive flush(es), 1 terminate flush(es), 0 completion(s), 0 continuation(s) 
[30.259s][info][gc,marking  ] GC(39) Mark Stack Usage: 32M
[30.259s][info][gc,nmethod  ] GC(39) NMethods: 6944 registered, 645 unregistered
[30.259s][info][gc,metaspace] GC(39) Metaspace: 63M used, 64M committed, 1088M reserved
[30.259s][info][gc,ref      ] GC(39) Soft: 3300 encountered, 0 discovered, 0 enqueued
[30.259s][info][gc,ref      ] GC(39) Weak: 6050 encountered, 2287 discovered, 3 enqueued
[30.259s][info][gc,ref      ] GC(39) Final: 84 encountered, 0 discovered, 0 enqueued
[30.259s][info][gc,ref      ] GC(39) Phantom: 617 encountered, 571 discovered, 0 enqueued
[30.259s][info][gc,reloc    ] GC(39) Small Pages: 159 / 318M, Empty: 2M, Relocated: 8M, In-Place: 0
[30.259s][info][gc,reloc    ] GC(39) Medium Pages: 2 / 64M, Empty: 0M, Relocated: 18M, In-Place: 0
[30.259s][info][gc,reloc    ] GC(39) Large Pages: 4 / 40M, Empty: 0M, Relocated: 0M, In-Place: 0
[30.259s][info][gc,reloc    ] GC(39) Forwarding Usage: 7M
[30.259s][info][gc,heap     ] GC(39) Min Capacity: 8M(0%)
[30.259s][info][gc,heap     ] GC(39) Max Capacity: 2048M(100%)
[30.259s][info][gc,heap     ] GC(39) Soft Max Capacity: 2048M(100%)
[30.259s][info][gc,heap     ] GC(39)                Mark Start          Mark End        Relocate Start      Relocate End           High               Low         
[30.259s][info][gc,heap     ] GC(39)  Capacity:     2048M (100%)       2048M (100%)       2048M (100%)       2048M (100%)       2048M (100%)       2048M (100%)   
[30.259s][info][gc,heap     ] GC(39)      Free:     1626M (79%)        1592M (78%)        1590M (78%)        1628M (79%)        1628M (79%)        1540M (75%)    
[30.259s][info][gc,heap     ] GC(39)      Used:      422M (21%)         456M (22%)         458M (22%)         420M (21%)         508M (25%)         420M (21%)    
[30.259s][info][gc,heap     ] GC(39)      Live:         -               312M (15%)         312M (15%)         312M (15%)            -                  -          
[30.259s][info][gc,heap     ] GC(39) Allocated:         -                34M (2%)           38M (2%)           39M (2%)             -                  -          
[30.259s][info][gc,heap     ] GC(39)   Garbage:         -               109M (5%)          107M (5%)           67M (3%)             -                  -          
[30.259s][info][gc,heap     ] GC(39) Reclaimed:         -                  -                 2M (0%)           41M (2%)             -                  -          
[30.259s][info][gc          ] GC(39) Garbage Collection (Allocation Rate) 422M(21%)->420M(21%)
[30.382s][info][gc,start    ] GC(40) Garbage Collection (Allocation Rate)
[30.382s][info][gc,task     ] GC(40) Using 11 workers
[30.382s][info][gc,phases   ] GC(40) Pause Mark Start 0.017ms
[30.455s][info][gc,phases   ] GC(40) Concurrent Mark 72.900ms
[30.455s][info][gc,phases   ] GC(40) Pause Mark End 0.020ms
[30.455s][info][gc,phases   ] GC(40) Concurrent Mark Free 0.001ms
[30.457s][info][gc,phases   ] GC(40) Concurrent Process Non-Strong References 1.807ms
[30.457s][info][gc,phases   ] GC(40) Concurrent Reset Relocation Set 0.002ms
[30.460s][info][gc,phases   ] GC(40) Concurrent Select Relocation Set 3.079ms
[30.461s][info][gc,phases   ] GC(40) Pause Relocate Start 0.006ms
[30.463s][info][gc,phases   ] GC(40) Concurrent Relocate 2.219ms
[30.463s][info][gc,load     ] GC(40) Load: 0.00/0.00/0.00
[30.463s][info][gc,mmu      ] GC(40) MMU: 2ms/96.8%, 5ms/98.7%, 10ms/99.3%, 20ms/99.6%, 50ms/99.8%, 100ms/99.9%
[30.463s][info][gc,marking  ] GC(40) Mark: 8 stripe(s), 2 proactive flush(es), 1 terminate flush(es), 0 completion(s), 0 continuation(s) 
[30.463s][info][gc,marking  ] GC(40) Mark Stack Usage: 32M
[30.463s][info][gc,nmethod  ] GC(40) NMethods: 6993 registered, 664 unregistered
[30.463s][info][gc,metaspace] GC(40) Metaspace: 63M used, 64M committed, 1088M reserved
[30.463s][info][gc,ref      ] GC(40) Soft: 3300 encountered, 0 discovered, 0 enqueued
[30.463s][info][gc,ref      ] GC(40) Weak: 6303 encountered, 893 discovered, 86 enqueued
[30.463s][info][gc,ref      ] GC(40) Final: 84 encountered, 7 discovered, 0 enqueued
[30.463s][info][gc,ref      ] GC(40) Phantom: 620 encountered, 573 discovered, 0 enqueued
[30.463s][info][gc,reloc    ] GC(40) Small Pages: 196 / 392M, Empty: 110M, Relocated: 6M, In-Place: 0
[30.463s][info][gc,reloc    ] GC(40) Medium Pages: 1 / 32M, Empty: 0M, Relocated: 0M, In-Place: 0
[30.463s][info][gc,reloc    ] GC(40) Large Pages: 5 / 46M, Empty: 46M, Relocated: 0M, In-Place: 0
[30.463s][info][gc,reloc    ] GC(40) Forwarding Usage: 3M
[30.463s][info][gc,heap     ] GC(40) Min Capacity: 8M(0%)
[30.463s][info][gc,heap     ] GC(40) Max Capacity: 2048M(100%)
[30.463s][info][gc,heap     ] GC(40) Soft Max Capacity: 2048M(100%)
[30.463s][info][gc,heap     ] GC(40)                Mark Start          Mark End        Relocate Start      Relocate End           High               Low         
[30.463s][info][gc,heap     ] GC(40)  Capacity:     2048M (100%)       2048M (100%)       2048M (100%)       2048M (100%)       2048M (100%)       2048M (100%)   
[30.463s][info][gc,heap     ] GC(40)      Free:     1578M (77%)        1464M (71%)        1616M (79%)        1694M (83%)        1694M (83%)        1460M (71%)    
[30.463s][info][gc,heap     ] GC(40)      Used:      470M (23%)         584M (29%)         432M (21%)         354M (17%)         588M (29%)         354M (17%)    
[30.463s][info][gc,heap     ] GC(40)      Live:         -               167M (8%)          167M (8%)          167M (8%)             -                  -          
[30.463s][info][gc,heap     ] GC(40) Allocated:         -               114M (6%)          118M (6%)          117M (6%)             -                  -          
[30.463s][info][gc,heap     ] GC(40)   Garbage:         -               302M (15%)         146M (7%)           68M (3%)             -                  -          
[30.463s][info][gc,heap     ] GC(40) Reclaimed:         -                  -               156M (8%)          233M (11%)            -                  -          
[30.463s][info][gc          ] GC(40) Garbage Collection (Allocation Rate) 470M(23%)->354M(17%)
[30.971s][info][gc,start    ] GC(41) Garbage Collection (Allocation Rate)
[30.971s][info][gc,task     ] GC(41) Using 11 workers
[30.971s][info][gc,phases   ] GC(41) Pause Mark Start 0.012ms
[31.103s][info][gc,phases   ] GC(41) Concurrent Mark 131.433ms
[31.103s][info][gc,phases   ] GC(41) Pause Mark End 0.025ms
[31.103s][info][gc,phases   ] GC(41) Concurrent Mark Free 0.001ms
[31.105s][info][gc,phases   ] GC(41) Concurrent Process Non-Strong References 1.951ms
[31.105s][info][gc,phases   ] GC(41) Concurrent Reset Relocation Set 0.007ms
[31.132s][info][gc,phases   ] GC(41) Concurrent Select Relocation Set 26.927ms
[31.132s][info][gc,phases   ] GC(41) Pause Relocate Start 0.009ms
[31.172s][info][gc,phases   ] GC(41) Concurrent Relocate 39.713ms
[31.172s][info][gc,load     ] GC(41) Load: 0.00/0.00/0.00
[31.172s][info][gc,mmu      ] GC(41) MMU: 2ms/96.8%, 5ms/98.7%, 10ms/99.3%, 20ms/99.6%, 50ms/99.8%, 100ms/99.9%
[31.172s][info][gc,marking  ] GC(41) Mark: 8 stripe(s), 3 proactive flush(es), 2 terminate flush(es), 0 completion(s), 0 continuation(s) 
[31.172s][info][gc,marking  ] GC(41) Mark Stack Usage: 32M
[31.172s][info][gc,nmethod  ] GC(41) NMethods: 7003 registered, 666 unregistered
[31.172s][info][gc,metaspace] GC(41) Metaspace: 63M used, 64M committed, 1088M reserved
[31.172s][info][gc,ref      ] GC(41) Soft: 3304 encountered, 0 discovered, 0 enqueued
[31.172s][info][gc,ref      ] GC(41) Weak: 6227 encountered, 2228 discovered, 78 enqueued
[31.172s][info][gc,ref      ] GC(41) Final: 84 encountered, 78 discovered, 0 enqueued
[31.172s][info][gc,ref      ] GC(41) Phantom: 616 encountered, 561 discovered, 0 enqueued
[31.172s][info][gc,reloc    ] GC(41) Small Pages: 538 / 1076M, Empty: 20M, Relocated: 129M, In-Place: 0
[31.172s][info][gc,reloc    ] GC(41) Medium Pages: 3 / 96M, Empty: 32M, Relocated: 16M, In-Place: 0
[31.172s][info][gc,reloc    ] GC(41) Large Pages: 12 / 72M, Empty: 24M, Relocated: 0M, In-Place: 0
[31.172s][info][gc,reloc    ] GC(41) Forwarding Usage: 85M
[31.172s][info][gc,heap     ] GC(41) Min Capacity: 8M(0%)
[31.172s][info][gc,heap     ] GC(41) Max Capacity: 2048M(100%)
[31.172s][info][gc,heap     ] GC(41) Soft Max Capacity: 2048M(100%)
[31.172s][info][gc,heap     ] GC(41)                Mark Start          Mark End        Relocate Start      Relocate End           High               Low         
[31.172s][info][gc,heap     ] GC(41)  Capacity:     2048M (100%)       2048M (100%)       2048M (100%)       2048M (100%)       2048M (100%)       2048M (100%)   
[31.172s][info][gc,heap     ] GC(41)      Free:      804M (39%)         566M (28%)         582M (28%)        1290M (63%)        1290M (63%)         534M (26%)    
[31.172s][info][gc,heap     ] GC(41)      Used:     1244M (61%)        1482M (72%)        1466M (72%)         758M (37%)        1514M (74%)         758M (37%)    
[31.172s][info][gc,heap     ] GC(41)      Live:         -               344M (17%)         344M (17%)         344M (17%)            -                  -          
[31.172s][info][gc,heap     ] GC(41) Allocated:         -               238M (12%)         298M (15%)         352M (17%)            -                  -          
[31.172s][info][gc,heap     ] GC(41)   Garbage:         -               899M (44%)         823M (40%)          61M (3%)             -                  -          
[31.172s][info][gc,heap     ] GC(41) Reclaimed:         -                  -                76M (4%)          838M (41%)            -                  -          
[31.172s][info][gc          ] GC(41) Garbage Collection (Allocation Rate) 1244M(61%)->758M(37%)
[31.181s][info][gc,start    ] GC(42) Garbage Collection (Allocation Rate)
[31.181s][info][gc,task     ] GC(42) Using 12 workers
[31.181s][info][gc,phases   ] GC(42) Pause Mark Start 0.007ms
[31.337s][info][gc,phases   ] GC(42) Concurrent Mark 156.022ms
[31.337s][info][gc,phases   ] GC(42) Pause Mark End 0.020ms
[31.337s][info][gc,phases   ] GC(42) Concurrent Mark Free 0.001ms
[31.339s][info][gc,phases   ] GC(42) Concurrent Process Non-Strong References 1.786ms
[31.339s][info][gc,phases   ] GC(42) Concurrent Reset Relocation Set 0.077ms
[31.350s][info][gc,phases   ] GC(42) Concurrent Select Relocation Set 10.684ms
[31.350s][info][gc,phases   ] GC(42) Pause Relocate Start 0.008ms
[31.366s][info][gc,phases   ] GC(42) Concurrent Relocate 15.699ms
[31.366s][info][gc,load     ] GC(42) Load: 0.00/0.00/0.00
[31.366s][info][gc,mmu      ] GC(42) MMU: 2ms/96.8%, 5ms/98.7%, 10ms/99.3%, 20ms/99.6%, 50ms/99.8%, 100ms/99.9%
[31.366s][info][gc,marking  ] GC(42) Mark: 8 stripe(s), 2 proactive flush(es), 1 terminate flush(es), 0 completion(s), 0 continuation(s) 
[31.366s][info][gc,marking  ] GC(42) Mark Stack Usage: 32M
[31.366s][info][gc,nmethod  ] GC(42) NMethods: 7003 registered, 666 unregistered
[31.366s][info][gc,metaspace] GC(42) Metaspace: 63M used, 64M committed, 1088M reserved
[31.366s][info][gc,ref      ] GC(42) Soft: 3304 encountered, 0 discovered, 0 enqueued
[31.366s][info][gc,ref      ] GC(42) Weak: 6149 encountered, 1140 discovered, 0 enqueued
[31.366s][info][gc,ref      ] GC(42) Final: 84 encountered, 0 discovered, 0 enqueued
[31.366s][info][gc,ref      ] GC(42) Phantom: 616 encountered, 590 discovered, 0 enqueued
[31.366s][info][gc,reloc    ] GC(42) Small Pages: 326 / 652M, Empty: 0M, Relocated: 31M, In-Place: 0
[31.366s][info][gc,reloc    ] GC(42) Medium Pages: 1 / 32M, Empty: 0M, Relocated: 0M, In-Place: 0
[31.366s][info][gc,reloc    ] GC(42) Large Pages: 11 / 78M, Empty: 0M, Relocated: 0M, In-Place: 0
[31.366s][info][gc,reloc    ] GC(42) Forwarding Usage: 24M
[31.366s][info][gc,heap     ] GC(42) Min Capacity: 8M(0%)
[31.366s][info][gc,heap     ] GC(42) Max Capacity: 2048M(100%)
[31.366s][info][gc,heap     ] GC(42) Soft Max Capacity: 2048M(100%)
[31.366s][info][gc,heap     ] GC(42)                Mark Start          Mark End        Relocate Start      Relocate End           High               Low         
[31.366s][info][gc,heap     ] GC(42)  Capacity:     2048M (100%)       2048M (100%)       2048M (100%)       2048M (100%)       2048M (100%)       2048M (100%)   
[31.366s][info][gc,heap     ] GC(42)      Free:     1286M (63%)        1100M (54%)        1076M (53%)        1352M (66%)        1352M (66%)        1052M (51%)    
[31.366s][info][gc,heap     ] GC(42)      Used:      762M (37%)         948M (46%)         972M (47%)         696M (34%)         996M (49%)         696M (34%)    
[31.366s][info][gc,heap     ] GC(42)      Live:         -               392M (19%)         392M (19%)         392M (19%)            -                  -          
[31.366s][info][gc,heap     ] GC(42) Allocated:         -               186M (9%)          210M (10%)         231M (11%)            -                  -          
[31.366s][info][gc,heap     ] GC(42)   Garbage:         -               369M (18%)         369M (18%)          72M (4%)             -                  -          
[31.366s][info][gc,heap     ] GC(42) Reclaimed:         -                  -                 0M (0%)          297M (15%)            -                  -          
[31.366s][info][gc          ] GC(42) Garbage Collection (Allocation Rate) 762M(37%)->696M(34%)
[31.384s][info][gc,start    ] GC(43) Garbage Collection (Allocation Rate)
[31.384s][info][gc,task     ] GC(43) Using 12 workers
[31.384s][info][gc,phases   ] GC(43) Pause Mark Start 0.013ms
[31.540s][info][gc,phases   ] GC(43) Concurrent Mark 155.859ms
[31.540s][info][gc,phases   ] GC(43) Pause Mark End 0.018ms
[31.540s][info][gc,phases   ] GC(43) Concurrent Mark Free 0.001ms
[31.542s][info][gc,phases   ] GC(43) Concurrent Process Non-Strong References 1.610ms
[31.542s][info][gc,phases   ] GC(43) Concurrent Reset Relocation Set 0.026ms
[31.545s][info][gc,phases   ] GC(43) Concurrent Select Relocation Set 3.298ms
[31.545s][info][gc,phases   ] GC(43) Pause Relocate Start 0.008ms
[31.557s][info][gc,phases   ] GC(43) Concurrent Relocate 11.489ms
[31.557s][info][gc,load     ] GC(43) Load: 0.00/0.00/0.00
[31.557s][info][gc,mmu      ] GC(43) MMU: 2ms/96.8%, 5ms/98.7%, 10ms/99.3%, 20ms/99.6%, 50ms/99.8%, 100ms/99.9%
[31.557s][info][gc,marking  ] GC(43) Mark: 8 stripe(s), 5 proactive flush(es), 1 terminate flush(es), 0 completion(s), 0 continuation(s) 
[31.557s][info][gc,marking  ] GC(43) Mark Stack Usage: 32M
[31.557s][info][gc,nmethod  ] GC(43) NMethods: 7006 registered, 666 unregistered
[31.557s][info][gc,metaspace] GC(43) Metaspace: 63M used, 64M committed, 1088M reserved
[31.557s][info][gc,ref      ] GC(43) Soft: 3304 encountered, 0 discovered, 0 enqueued
[31.557s][info][gc,ref      ] GC(43) Weak: 6149 encountered, 1925 discovered, 0 enqueued
[31.557s][info][gc,ref      ] GC(43) Final: 84 encountered, 38 discovered, 0 enqueued
[31.557s][info][gc,ref      ] GC(43) Phantom: 616 encountered, 432 discovered, 0 enqueued
[31.557s][info][gc,reloc    ] GC(43) Small Pages: 304 / 608M, Empty: 0M, Relocated: 26M, In-Place: 0
[31.557s][info][gc,reloc    ] GC(43) Medium Pages: 1 / 32M, Empty: 0M, Relocated: 0M, In-Place: 0
[31.557s][info][gc,reloc    ] GC(43) Large Pages: 12 / 88M, Empty: 24M, Relocated: 0M, In-Place: 0
[31.557s][info][gc,reloc    ] GC(43) Forwarding Usage: 21M
[31.557s][info][gc,heap     ] GC(43) Min Capacity: 8M(0%)
[31.557s][info][gc,heap     ] GC(43) Max Capacity: 2048M(100%)
[31.557s][info][gc,heap     ] GC(43) Soft Max Capacity: 2048M(100%)
[31.557s][info][gc,heap     ] GC(43)                Mark Start          Mark End        Relocate Start      Relocate End           High               Low         
[31.557s][info][gc,heap     ] GC(43)  Capacity:     2048M (100%)       2048M (100%)       2048M (100%)       2048M (100%)       2048M (100%)       2048M (100%)   
[31.557s][info][gc,heap     ] GC(43)      Free:     1320M (64%)        1082M (53%)        1096M (54%)        1320M (64%)        1320M (64%)        1074M (52%)    
[31.557s][info][gc,heap     ] GC(43)      Used:      728M (36%)         966M (47%)         952M (46%)         728M (36%)         974M (48%)         728M (36%)    
[31.557s][info][gc,heap     ] GC(43)      Live:         -               392M (19%)         392M (19%)         392M (19%)            -                  -          
[31.557s][info][gc,heap     ] GC(43) Allocated:         -               238M (12%)         248M (12%)         261M (13%)            -                  -          
[31.557s][info][gc,heap     ] GC(43)   Garbage:         -               335M (16%)         311M (15%)          74M (4%)             -                  -          
[31.557s][info][gc,heap     ] GC(43) Reclaimed:         -                  -                24M (1%)          261M (13%)            -                  -          
[31.557s][info][gc          ] GC(43) Garbage Collection (Allocation Rate) 728M(36%)->728M(36%)
[31.571s][info][gc,start    ] GC(44) Garbage Collection (Allocation Rate)
[31.571s][info][gc,task     ] GC(44) Using 12 workers
[31.571s][info][gc,phases   ] GC(44) Pause Mark Start 0.009ms
[31.734s][info][gc,phases   ] GC(44) Concurrent Mark 163.046ms
[31.735s][info][gc,phases   ] GC(44) Pause Mark End 0.019ms
[31.735s][info][gc,phases   ] GC(44) Concurrent Mark Free 0.001ms
[31.736s][info][gc,phases   ] GC(44) Concurrent Process Non-Strong References 1.793ms
[31.737s][info][gc,phases   ] GC(44) Concurrent Reset Relocation Set 0.024ms
[31.757s][info][gc,phases   ] GC(44) Concurrent Select Relocation Set 20.912ms
[31.758s][info][gc,phases   ] GC(44) Pause Relocate Start 0.011ms
[31.774s][info][gc,phases   ] GC(44) Concurrent Relocate 16.530ms
[31.774s][info][gc,load     ] GC(44) Load: 0.00/0.00/0.00
[31.774s][info][gc,mmu      ] GC(44) MMU: 2ms/96.8%, 5ms/98.7%, 10ms/99.3%, 20ms/99.6%, 50ms/99.8%, 100ms/99.9%
[31.774s][info][gc,marking  ] GC(44) Mark: 8 stripe(s), 2 proactive flush(es), 1 terminate flush(es), 0 completion(s), 0 continuation(s) 
[31.774s][info][gc,marking  ] GC(44) Mark Stack Usage: 32M
[31.774s][info][gc,nmethod  ] GC(44) NMethods: 7006 registered, 666 unregistered
[31.774s][info][gc,metaspace] GC(44) Metaspace: 63M used, 64M committed, 1088M reserved
[31.774s][info][gc,ref      ] GC(44) Soft: 3304 encountered, 0 discovered, 0 enqueued
[31.774s][info][gc,ref      ] GC(44) Weak: 6150 encountered, 1494 discovered, 1 enqueued
[31.774s][info][gc,ref      ] GC(44) Final: 84 encountered, 0 discovered, 0 enqueued
[31.774s][info][gc,ref      ] GC(44) Phantom: 616 encountered, 511 discovered, 0 enqueued
[31.774s][info][gc,reloc    ] GC(44) Small Pages: 330 / 660M, Empty: 0M, Relocated: 27M, In-Place: 0
[31.774s][info][gc,reloc    ] GC(44) Medium Pages: 1 / 32M, Empty: 0M, Relocated: 0M, In-Place: 0
[31.774s][info][gc,reloc    ] GC(44) Large Pages: 8 / 64M, Empty: 0M, Relocated: 0M, In-Place: 0
[31.774s][info][gc,reloc    ] GC(44) Forwarding Usage: 24M
[31.774s][info][gc,heap     ] GC(44) Min Capacity: 8M(0%)
[31.774s][info][gc,heap     ] GC(44) Max Capacity: 2048M(100%)
[31.774s][info][gc,heap     ] GC(44) Soft Max Capacity: 2048M(100%)
[31.774s][info][gc,heap     ] GC(44)                Mark Start          Mark End        Relocate Start      Relocate End           High               Low         
[31.774s][info][gc,heap     ] GC(44)  Capacity:     2048M (100%)       2048M (100%)       2048M (100%)       2048M (100%)       2048M (100%)       2048M (100%)   
[31.774s][info][gc,heap     ] GC(44)      Free:     1292M (63%)        1032M (50%)         988M (48%)        1238M (60%)        1292M (63%)         962M (47%)    
[31.775s][info][gc,heap     ] GC(44)      Used:      756M (37%)        1016M (50%)        1060M (52%)         810M (40%)        1086M (53%)         756M (37%)    
[31.775s][info][gc,heap     ] GC(44)      Live:         -               406M (20%)         406M (20%)         406M (20%)            -                  -          
[31.775s][info][gc,heap     ] GC(44) Allocated:         -               260M (13%)         304M (15%)         323M (16%)            -                  -          
[31.775s][info][gc,heap     ] GC(44)   Garbage:         -               349M (17%)         349M (17%)          80M (4%)             -                  -          
[31.775s][info][gc,heap     ] GC(44) Reclaimed:         -                  -                 0M (0%)          269M (13%)            -                  -          
[31.775s][info][gc          ] GC(44) Garbage Collection (Allocation Rate) 756M(37%)->810M(40%)
[31.781s][info][gc,start    ] GC(45) Garbage Collection (Allocation Rate)
[31.781s][info][gc,task     ] GC(45) Using 12 workers
[31.782s][info][gc,phases   ] GC(45) Pause Mark Start 0.011ms
[31.953s][info][gc,phases   ] GC(45) Concurrent Mark 171.537ms
[31.953s][info][gc,phases   ] GC(45) Pause Mark End 0.024ms
[31.953s][info][gc,phases   ] GC(45) Concurrent Mark Free 0.001ms
[31.955s][info][gc,phases   ] GC(45) Concurrent Process Non-Strong References 1.783ms
[31.955s][info][gc,phases   ] GC(45) Concurrent Reset Relocation Set 0.030ms
[31.979s][info][gc,phases   ] GC(45) Concurrent Select Relocation Set 23.801ms
[31.979s][info][gc,phases   ] GC(45) Pause Relocate Start 0.010ms
[31.997s][info][gc,phases   ] GC(45) Concurrent Relocate 17.886ms
[31.997s][info][gc,load     ] GC(45) Load: 0.00/0.00/0.00
[31.997s][info][gc,mmu      ] GC(45) MMU: 2ms/96.8%, 5ms/98.7%, 10ms/99.3%, 20ms/99.6%, 50ms/99.8%, 100ms/99.9%
[31.997s][info][gc,marking  ] GC(45) Mark: 8 stripe(s), 6 proactive flush(es), 1 terminate flush(es), 0 completion(s), 0 continuation(s) 
[31.997s][info][gc,marking  ] GC(45) Mark Stack Usage: 32M
[31.997s][info][gc,nmethod  ] GC(45) NMethods: 7009 registered, 666 unregistered
[31.997s][info][gc,metaspace] GC(45) Metaspace: 63M used, 64M committed, 1088M reserved
[31.997s][info][gc,ref      ] GC(45) Soft: 3304 encountered, 0 discovered, 0 enqueued
[31.997s][info][gc,ref      ] GC(45) Weak: 6149 encountered, 1583 discovered, 0 enqueued
[31.997s][info][gc,ref      ] GC(45) Final: 84 encountered, 0 discovered, 0 enqueued
[31.997s][info][gc,ref      ] GC(45) Phantom: 616 encountered, 258 discovered, 0 enqueued
[31.997s][info][gc,reloc    ] GC(45) Small Pages: 361 / 722M, Empty: 0M, Relocated: 29M, In-Place: 0
[31.997s][info][gc,reloc    ] GC(45) Medium Pages: 1 / 32M, Empty: 0M, Relocated: 0M, In-Place: 0
[31.997s][info][gc,reloc    ] GC(45) Large Pages: 8 / 64M, Empty: 6M, Relocated: 0M, In-Place: 0
[31.997s][info][gc,reloc    ] GC(45) Forwarding Usage: 29M
[31.997s][info][gc,heap     ] GC(45) Min Capacity: 8M(0%)
[31.997s][info][gc,heap     ] GC(45) Max Capacity: 2048M(100%)
[31.997s][info][gc,heap     ] GC(45) Soft Max Capacity: 2048M(100%)
[31.997s][info][gc,heap     ] GC(45)                Mark Start          Mark End        Relocate Start      Relocate End           High               Low         
[31.997s][info][gc,heap     ] GC(45)  Capacity:     2048M (100%)       2048M (100%)       2048M (100%)       2048M (100%)       2048M (100%)       2048M (100%)   
[31.997s][info][gc,heap     ] GC(45)      Free:     1230M (60%)        1122M (55%)        1128M (55%)        1444M (71%)        1444M (71%)        1104M (54%)    
[31.998s][info][gc,heap     ] GC(45)      Used:      818M (40%)         926M (45%)         920M (45%)         604M (29%)         944M (46%)         604M (29%)    
[31.998s][info][gc,heap     ] GC(45)      Live:         -               389M (19%)         389M (19%)         389M (19%)            -                  -          
[31.998s][info][gc,heap     ] GC(45) Allocated:         -               108M (5%)          108M (5%)          106M (5%)             -                  -          
[31.998s][info][gc,heap     ] GC(45)   Garbage:         -               428M (21%)         422M (21%)         107M (5%)             -                  -          
[31.998s][info][gc,heap     ] GC(45) Reclaimed:         -                  -                 6M (0%)          320M (16%)            -                  -          
[31.998s][info][gc          ] GC(45) Garbage Collection (Allocation Rate) 818M(40%)->604M(29%)
[32.672s][info][gc,start    ] GC(46) Garbage Collection (Allocation Rate)
[32.672s][info][gc,task     ] GC(46) Using 12 workers
[32.672s][info][gc,phases   ] GC(46) Pause Mark Start 0.013ms
[32.750s][info][gc,phases   ] GC(46) Concurrent Mark 77.668ms
[32.750s][info][gc,phases   ] GC(46) Pause Mark End 0.020ms
[32.750s][info][gc,phases   ] GC(46) Concurrent Mark Free 0.001ms
[32.752s][info][gc,phases   ] GC(46) Concurrent Process Non-Strong References 1.745ms
[32.752s][info][gc,phases   ] GC(46) Concurrent Reset Relocation Set 0.035ms
[32.756s][info][gc,phases   ] GC(46) Concurrent Select Relocation Set 3.665ms
[32.756s][info][gc,phases   ] GC(46) Pause Relocate Start 0.007ms
[32.768s][info][gc,phases   ] GC(46) Concurrent Relocate 11.422ms
[32.768s][info][gc,load     ] GC(46) Load: 0.00/0.00/0.00
[32.768s][info][gc,mmu      ] GC(46) MMU: 2ms/96.8%, 5ms/98.7%, 10ms/99.3%, 20ms/99.6%, 50ms/99.8%, 100ms/99.9%
[32.768s][info][gc,marking  ] GC(46) Mark: 8 stripe(s), 2 proactive flush(es), 1 terminate flush(es), 0 completion(s), 0 continuation(s) 
[32.768s][info][gc,marking  ] GC(46) Mark Stack Usage: 32M
[32.768s][info][gc,nmethod  ] GC(46) NMethods: 7075 registered, 681 unregistered
[32.768s][info][gc,metaspace] GC(46) Metaspace: 63M used, 64M committed, 1088M reserved
[32.768s][info][gc,ref      ] GC(46) Soft: 3301 encountered, 0 discovered, 0 enqueued
[32.768s][info][gc,ref      ] GC(46) Weak: 6358 encountered, 2203 discovered, 157 enqueued
[32.768s][info][gc,ref      ] GC(46) Final: 84 encountered, 3 discovered, 0 enqueued
[32.768s][info][gc,ref      ] GC(46) Phantom: 618 encountered, 522 discovered, 0 enqueued
[32.768s][info][gc,reloc    ] GC(46) Small Pages: 335 / 670M, Empty: 284M, Relocated: 24M, In-Place: 0
[32.768s][info][gc,reloc    ] GC(46) Medium Pages: 3 / 96M, Empty: 64M, Relocated: 0M, In-Place: 0
[32.768s][info][gc,reloc    ] GC(46) Large Pages: 12 / 88M, Empty: 64M, Relocated: 0M, In-Place: 0
[32.768s][info][gc,reloc    ] GC(46) Forwarding Usage: 22M
[32.768s][info][gc,heap     ] GC(46) Min Capacity: 8M(0%)
[32.768s][info][gc,heap     ] GC(46) Max Capacity: 2048M(100%)
[32.768s][info][gc,heap     ] GC(46) Soft Max Capacity: 2048M(100%)
[32.768s][info][gc,heap     ] GC(46)                Mark Start          Mark End        Relocate Start      Relocate End           High               Low         
[32.768s][info][gc,heap     ] GC(46)  Capacity:     2048M (100%)       2048M (100%)       2048M (100%)       2048M (100%)       2048M (100%)       2048M (100%)   
[32.768s][info][gc,heap     ] GC(46)      Free:     1194M (58%)        1156M (56%)        1562M (76%)        1726M (84%)        1726M (84%)        1154M (56%)    
[32.768s][info][gc,heap     ] GC(46)      Used:      854M (42%)         892M (44%)         486M (24%)         322M (16%)         894M (44%)         322M (16%)    
[32.768s][info][gc,heap     ] GC(46)      Live:         -               207M (10%)         207M (10%)         207M (10%)            -                  -          
[32.768s][info][gc,heap     ] GC(46) Allocated:         -                38M (2%)           44M (2%)           47M (2%)             -                  -          
[32.768s][info][gc,heap     ] GC(46)   Garbage:         -               646M (32%)         234M (11%)          66M (3%)             -                  -          
[32.768s][info][gc,heap     ] GC(46) Reclaimed:         -                  -               412M (20%)         579M (28%)            -                  -          
[32.768s][info][gc          ] GC(46) Garbage Collection (Allocation Rate) 854M(42%)->322M(16%)
[33.474s][info][gc,start    ] GC(47) Garbage Collection (Allocation Rate)
[33.474s][info][gc,task     ] GC(47) Using 12 workers
[33.474s][info][gc,phases   ] GC(47) Pause Mark Start 0.010ms
[33.568s][info][gc,phases   ] GC(47) Concurrent Mark 93.394ms
[33.568s][info][gc,phases   ] GC(47) Pause Mark End 0.019ms
[33.568s][info][gc,phases   ] GC(47) Concurrent Mark Free 0.001ms
[33.570s][info][gc,phases   ] GC(47) Concurrent Process Non-Strong References 1.836ms
[33.570s][info][gc,phases   ] GC(47) Concurrent Reset Relocation Set 0.022ms
[33.594s][info][gc,phases   ] GC(47) Concurrent Select Relocation Set 24.196ms
[33.594s][info][gc,phases   ] GC(47) Pause Relocate Start 0.011ms
[33.611s][info][gc,phases   ] GC(47) Concurrent Relocate 16.839ms
[33.611s][info][gc,load     ] GC(47) Load: 0.00/0.00/0.00
[33.611s][info][gc,mmu      ] GC(47) MMU: 2ms/96.8%, 5ms/98.7%, 10ms/99.3%, 20ms/99.6%, 50ms/99.8%, 100ms/99.9%
[33.611s][info][gc,marking  ] GC(47) Mark: 8 stripe(s), 2 proactive flush(es), 1 terminate flush(es), 0 completion(s), 0 continuation(s) 
[33.611s][info][gc,marking  ] GC(47) Mark Stack Usage: 32M
[33.611s][info][gc,nmethod  ] GC(47) NMethods: 7346 registered, 708 unregistered
[33.611s][info][gc,metaspace] GC(47) Metaspace: 63M used, 64M committed, 1088M reserved
[33.611s][info][gc,ref      ] GC(47) Soft: 3303 encountered, 0 discovered, 0 enqueued
[33.611s][info][gc,ref      ] GC(47) Weak: 6477 encountered, 2528 discovered, 284 enqueued
[33.611s][info][gc,ref      ] GC(47) Final: 84 encountered, 76 discovered, 0 enqueued
[33.611s][info][gc,ref      ] GC(47) Phantom: 625 encountered, 580 discovered, 0 enqueued
[33.611s][info][gc,reloc    ] GC(47) Small Pages: 444 / 888M, Empty: 424M, Relocated: 31M, In-Place: 0
[33.611s][info][gc,reloc    ] GC(47) Medium Pages: 3 / 96M, Empty: 64M, Relocated: 0M, In-Place: 0
[33.611s][info][gc,reloc    ] GC(47) Large Pages: 14 / 84M, Empty: 60M, Relocated: 0M, In-Place: 0
[33.611s][info][gc,reloc    ] GC(47) Forwarding Usage: 30M
[33.611s][info][gc,heap     ] GC(47) Min Capacity: 8M(0%)
[33.611s][info][gc,heap     ] GC(47) Max Capacity: 2048M(100%)
[33.612s][info][gc,heap     ] GC(47) Soft Max Capacity: 2048M(100%)
[33.612s][info][gc,heap     ] GC(47)                Mark Start          Mark End        Relocate Start      Relocate End           High               Low         
[33.612s][info][gc,heap     ] GC(47)  Capacity:     2048M (100%)       2048M (100%)       2048M (100%)       2048M (100%)       2048M (100%)       2048M (100%)   
[33.612s][info][gc,heap     ] GC(47)      Free:      980M (48%)         920M (45%)        1464M (71%)        1706M (83%)        1706M (83%)         920M (45%)    
[33.612s][info][gc,heap     ] GC(47)      Used:     1068M (52%)        1128M (55%)         584M (29%)         342M (17%)        1128M (55%)         342M (17%)    
[33.612s][info][gc,heap     ] GC(47)      Live:         -               214M (10%)         214M (10%)         214M (10%)            -                  -          
[33.612s][info][gc,heap     ] GC(47) Allocated:         -                60M (3%)           64M (3%)           64M (3%)             -                  -          
[33.612s][info][gc,heap     ] GC(47)   Garbage:         -               853M (42%)         305M (15%)          63M (3%)             -                  -          
[33.612s][info][gc,heap     ] GC(47) Reclaimed:         -                  -               548M (27%)         790M (39%)            -                  -          
[33.612s][info][gc          ] GC(47) Garbage Collection (Allocation Rate) 1068M(52%)->342M(17%)
[34.075s][info][gc,start    ] GC(48) Garbage Collection (Allocation Rate)
[34.075s][info][gc,task     ] GC(48) Using 5 workers
[34.075s][info][gc,phases   ] GC(48) Pause Mark Start 0.011ms
[34.246s][info][gc,phases   ] GC(48) Concurrent Mark 171.448ms
[34.247s][info][gc,phases   ] GC(48) Pause Mark End 0.023ms
[34.247s][info][gc,phases   ] GC(48) Concurrent Mark Free 0.001ms
[34.251s][info][gc,phases   ] GC(48) Concurrent Process Non-Strong References 4.372ms
[34.251s][info][gc,phases   ] GC(48) Concurrent Reset Relocation Set 0.026ms
[34.287s][info][gc,phases   ] GC(48) Concurrent Select Relocation Set 35.914ms
[34.287s][info][gc,phases   ] GC(48) Pause Relocate Start 0.012ms
[34.331s][info][gc,phases   ] GC(48) Concurrent Relocate 43.895ms
[34.331s][info][gc,load     ] GC(48) Load: 0.00/0.00/0.00
[34.331s][info][gc,mmu      ] GC(48) MMU: 2ms/96.8%, 5ms/98.7%, 10ms/99.3%, 20ms/99.6%, 50ms/99.8%, 100ms/99.9%
[34.331s][info][gc,marking  ] GC(48) Mark: 4 stripe(s), 3 proactive flush(es), 1 terminate flush(es), 0 completion(s), 0 continuation(s) 
[34.331s][info][gc,marking  ] GC(48) Mark Stack Usage: 32M
[34.331s][info][gc,nmethod  ] GC(48) NMethods: 7444 registered, 725 unregistered
[34.331s][info][gc,metaspace] GC(48) Metaspace: 63M used, 64M committed, 1088M reserved
[34.331s][info][gc,ref      ] GC(48) Soft: 3300 encountered, 0 discovered, 0 enqueued
[34.331s][info][gc,ref      ] GC(48) Weak: 6266 encountered, 1865 discovered, 96 enqueued
[34.332s][info][gc,ref      ] GC(48) Final: 84 encountered, 8 discovered, 0 enqueued
[34.332s][info][gc,ref      ] GC(48) Phantom: 620 encountered, 383 discovered, 0 enqueued
[34.332s][info][gc,reloc    ] GC(48) Small Pages: 435 / 870M, Empty: 160M, Relocated: 47M, In-Place: 0
[34.332s][info][gc,reloc    ] GC(48) Medium Pages: 2 / 64M, Empty: 0M, Relocated: 18M, In-Place: 0
[34.332s][info][gc,reloc    ] GC(48) Large Pages: 5 / 30M, Empty: 30M, Relocated: 0M, In-Place: 0
[34.332s][info][gc,reloc    ] GC(48) Forwarding Usage: 44M
[34.332s][info][gc,heap     ] GC(48) Min Capacity: 8M(0%)
[34.332s][info][gc,heap     ] GC(48) Max Capacity: 2048M(100%)
[34.332s][info][gc,heap     ] GC(48) Soft Max Capacity: 2048M(100%)
[34.332s][info][gc,heap     ] GC(48)                Mark Start          Mark End        Relocate Start      Relocate End           High               Low         
[34.332s][info][gc,heap     ] GC(48)  Capacity:     2048M (100%)       2048M (100%)       2048M (100%)       2048M (100%)       2048M (100%)       2048M (100%)   
[34.332s][info][gc,heap     ] GC(48)      Free:     1084M (53%)         776M (38%)         962M (47%)        1468M (72%)        1468M (72%)         776M (38%)    
[34.332s][info][gc,heap     ] GC(48)      Used:      964M (47%)        1272M (62%)        1086M (53%)         580M (28%)        1272M (62%)         580M (28%)    
[34.332s][info][gc,heap     ] GC(48)      Live:         -               217M (11%)         217M (11%)         217M (11%)            -                  -          
[34.332s][info][gc,heap     ] GC(48) Allocated:         -               308M (15%)         312M (15%)         311M (15%)            -                  -          
[34.332s][info][gc,heap     ] GC(48)   Garbage:         -               746M (36%)         556M (27%)          51M (3%)             -                  -          
[34.332s][info][gc,heap     ] GC(48) Reclaimed:         -                  -               190M (9%)          695M (34%)            -                  -          
[34.332s][info][gc          ] GC(48) Garbage Collection (Allocation Rate) 964M(47%)->580M(28%)
[34.574s][info][gc,start    ] GC(49) Garbage Collection (Allocation Rate)
[34.575s][info][gc,task     ] GC(49) Using 4 workers
[34.575s][info][gc,phases   ] GC(49) Pause Mark Start 0.016ms
[34.785s][info][gc,phases   ] GC(49) Concurrent Mark 209.606ms
[34.785s][info][gc,phases   ] GC(49) Pause Mark End 0.028ms
[34.785s][info][gc,phases   ] GC(49) Concurrent Mark Free 0.001ms
[34.790s][info][gc,phases   ] GC(49) Concurrent Process Non-Strong References 4.814ms
[34.790s][info][gc,phases   ] GC(49) Concurrent Reset Relocation Set 0.060ms
[34.798s][info][gc,phases   ] GC(49) Concurrent Select Relocation Set 7.823ms
[34.798s][info][gc,phases   ] GC(49) Pause Relocate Start 0.009ms
[34.845s][info][gc,phases   ] GC(49) Concurrent Relocate 46.350ms
[34.845s][info][gc,load     ] GC(49) Load: 0.00/0.00/0.00
[34.845s][info][gc,mmu      ] GC(49) MMU: 2ms/96.8%, 5ms/98.7%, 10ms/99.3%, 20ms/99.6%, 50ms/99.8%, 100ms/99.9%
[34.845s][info][gc,marking  ] GC(49) Mark: 4 stripe(s), 2 proactive flush(es), 1 terminate flush(es), 0 completion(s), 0 continuation(s) 
[34.845s][info][gc,marking  ] GC(49) Mark Stack Usage: 32M
[34.845s][info][gc,nmethod  ] GC(49) NMethods: 7557 registered, 728 unregistered
[34.845s][info][gc,metaspace] GC(49) Metaspace: 63M used, 64M committed, 1088M reserved
[34.845s][info][gc,ref      ] GC(49) Soft: 3299 encountered, 0 discovered, 0 enqueued
[34.845s][info][gc,ref      ] GC(49) Weak: 6166 encountered, 1416 discovered, 3 enqueued
[34.845s][info][gc,ref      ] GC(49) Final: 84 encountered, 6 discovered, 0 enqueued
[34.845s][info][gc,ref      ] GC(49) Phantom: 616 encountered, 460 discovered, 0 enqueued
[34.845s][info][gc,reloc    ] GC(49) Small Pages: 275 / 550M, Empty: 46M, Relocated: 34M, In-Place: 0
[34.845s][info][gc,reloc    ] GC(49) Medium Pages: 4 / 128M, Empty: 0M, Relocated: 25M, In-Place: 0
[34.845s][info][gc,reloc    ] GC(49) Large Pages: 12 / 72M, Empty: 36M, Relocated: 0M, In-Place: 0
[34.845s][info][gc,reloc    ] GC(49) Forwarding Usage: 34M
[34.845s][info][gc,heap     ] GC(49) Min Capacity: 8M(0%)
[34.845s][info][gc,heap     ] GC(49) Max Capacity: 2048M(100%)
[34.845s][info][gc,heap     ] GC(49) Soft Max Capacity: 2048M(100%)
[34.845s][info][gc,heap     ] GC(49)                Mark Start          Mark End        Relocate Start      Relocate End           High               Low         
[34.845s][info][gc,heap     ] GC(49)  Capacity:     2048M (100%)       2048M (100%)       2048M (100%)       2048M (100%)       2048M (100%)       2048M (100%)   
[34.845s][info][gc,heap     ] GC(49)      Free:     1298M (63%)         860M (42%)         942M (46%)        1314M (64%)        1314M (64%)         860M (42%)    
[34.845s][info][gc,heap     ] GC(49)      Used:      750M (37%)        1188M (58%)        1106M (54%)         734M (36%)        1188M (58%)         734M (36%)    
[34.845s][info][gc,heap     ] GC(49)      Live:         -               249M (12%)         249M (12%)         249M (12%)            -                  -          
[34.845s][info][gc,heap     ] GC(49) Allocated:         -               438M (21%)         438M (21%)         439M (21%)            -                  -          
[34.845s][info][gc,heap     ] GC(49)   Garbage:         -               500M (24%)         418M (20%)          44M (2%)             -                  -          
[34.845s][info][gc,heap     ] GC(49) Reclaimed:         -                  -                82M (4%)          455M (22%)            -                  -          
[34.846s][info][gc          ] GC(49) Garbage Collection (Allocation Rate) 750M(37%)->734M(36%)
[35.183s][info][gc,start    ] GC(50) Garbage Collection (Allocation Rate)
[35.183s][info][gc,task     ] GC(50) Using 4 workers
[35.184s][info][gc,phases   ] GC(50) Pause Mark Start 0.016ms
[35.401s][info][gc,phases   ] GC(50) Concurrent Mark 217.420ms
[35.401s][info][gc,phases   ] GC(50) Pause Mark End 0.030ms
[35.401s][info][gc,phases   ] GC(50) Concurrent Mark Free 0.002ms
[35.407s][info][gc,phases   ] GC(50) Concurrent Process Non-Strong References 5.332ms
[35.407s][info][gc,phases   ] GC(50) Concurrent Reset Relocation Set 0.038ms
[35.454s][info][gc,phases   ] GC(50) Concurrent Select Relocation Set 46.603ms
[35.454s][info][gc,phases   ] GC(50) Pause Relocate Start 0.013ms
[35.505s][info][gc,phases   ] GC(50) Concurrent Relocate 51.154ms
[35.505s][info][gc,load     ] GC(50) Load: 0.00/0.00/0.00
[35.505s][info][gc,mmu      ] GC(50) MMU: 2ms/96.8%, 5ms/98.7%, 10ms/99.3%, 20ms/99.6%, 50ms/99.8%, 100ms/99.9%
[35.505s][info][gc,marking  ] GC(50) Mark: 4 stripe(s), 2 proactive flush(es), 1 terminate flush(es), 0 completion(s), 0 continuation(s) 
[35.505s][info][gc,marking  ] GC(50) Mark Stack Usage: 32M
[35.505s][info][gc,nmethod  ] GC(50) NMethods: 7593 registered, 734 unregistered
[35.505s][info][gc,metaspace] GC(50) Metaspace: 63M used, 64M committed, 1088M reserved
[35.505s][info][gc,ref      ] GC(50) Soft: 3296 encountered, 0 discovered, 0 enqueued
[35.505s][info][gc,ref      ] GC(50) Weak: 6216 encountered, 1420 discovered, 109 enqueued
[35.505s][info][gc,ref      ] GC(50) Final: 84 encountered, 47 discovered, 0 enqueued
[35.505s][info][gc,ref      ] GC(50) Phantom: 616 encountered, 429 discovered, 0 enqueued
[35.505s][info][gc,reloc    ] GC(50) Small Pages: 347 / 694M, Empty: 94M, Relocated: 45M, In-Place: 0
[35.506s][info][gc,reloc    ] GC(50) Medium Pages: 4 / 128M, Empty: 96M, Relocated: 0M, In-Place: 0
[35.506s][info][gc,reloc    ] GC(50) Large Pages: 30 / 192M, Empty: 174M, Relocated: 0M, In-Place: 0
[35.506s][info][gc,reloc    ] GC(50) Forwarding Usage: 44M
[35.506s][info][gc,heap     ] GC(50) Min Capacity: 8M(0%)
[35.506s][info][gc,heap     ] GC(50) Max Capacity: 2048M(100%)
[35.506s][info][gc,heap     ] GC(50) Soft Max Capacity: 2048M(100%)
[35.506s][info][gc,heap     ] GC(50)                Mark Start          Mark End        Relocate Start      Relocate End           High               Low         
[35.506s][info][gc,heap     ] GC(50)  Capacity:     2048M (100%)       2048M (100%)       2048M (100%)       2048M (100%)       2048M (100%)       2048M (100%)   
[35.506s][info][gc,heap     ] GC(50)      Free:     1034M (50%)         616M (30%)         876M (43%)        1172M (57%)        1172M (57%)         606M (30%)    
[35.506s][info][gc,heap     ] GC(50)      Used:     1014M (50%)        1432M (70%)        1172M (57%)         876M (43%)        1442M (70%)         876M (43%)    
[35.506s][info][gc,heap     ] GC(50)      Live:         -               248M (12%)         248M (12%)         248M (12%)            -                  -          
[35.506s][info][gc,heap     ] GC(50) Allocated:         -               418M (20%)         522M (25%)         567M (28%)            -                  -          
[35.506s][info][gc,heap     ] GC(50)   Garbage:         -               765M (37%)         401M (20%)          59M (3%)             -                  -          
[35.506s][info][gc,heap     ] GC(50) Reclaimed:         -                  -               364M (18%)         705M (34%)            -                  -          
[35.506s][info][gc          ] GC(50) Garbage Collection (Allocation Rate) 1014M(50%)->876M(43%)
[35.506s][info][gc,start    ] GC(51) Garbage Collection (System.gc())
[35.506s][info][gc,task     ] GC(51) Using 12 workers
[35.506s][info][gc,phases   ] GC(51) Pause Mark Start 0.013ms
[35.573s][info][gc,phases   ] GC(51) Concurrent Mark 66.664ms
[35.573s][info][gc,phases   ] GC(51) Pause Mark End 0.017ms
[35.573s][info][gc,phases   ] GC(51) Concurrent Mark Free 0.001ms
[35.575s][info][gc,phases   ] GC(51) Concurrent Process Non-Strong References 1.668ms
[35.575s][info][gc,phases   ] GC(51) Concurrent Reset Relocation Set 0.052ms
[35.591s][info][gc,phases   ] GC(51) Concurrent Select Relocation Set 15.653ms
[35.599s][info][gc,phases   ] GC(51) Pause Relocate Start 0.008ms
[35.603s][info][gc,phases   ] GC(51) Concurrent Relocate 4.433ms
[35.604s][info][gc,load     ] GC(51) Load: 0.00/0.00/0.00
[35.604s][info][gc,mmu      ] GC(51) MMU: 2ms/96.8%, 5ms/98.7%, 10ms/99.3%, 20ms/99.6%, 50ms/99.8%, 100ms/99.9%
[35.604s][info][gc,marking  ] GC(51) Mark: 8 stripe(s), 2 proactive flush(es), 1 terminate flush(es), 0 completion(s), 0 continuation(s) 
[35.604s][info][gc,marking  ] GC(51) Mark Stack Usage: 32M
[35.604s][info][gc,nmethod  ] GC(51) NMethods: 7592 registered, 740 unregistered
[35.604s][info][gc,metaspace] GC(51) Metaspace: 63M used, 64M committed, 1088M reserved
[35.604s][info][gc,ref      ] GC(51) Soft: 3296 encountered, 0 discovered, 0 enqueued
[35.604s][info][gc,ref      ] GC(51) Weak: 6128 encountered, 460 discovered, 4 enqueued
[35.604s][info][gc,ref      ] GC(51) Final: 84 encountered, 2 discovered, 0 enqueued
[35.604s][info][gc,ref      ] GC(51) Phantom: 616 encountered, 488 discovered, 0 enqueued
[35.604s][info][gc,reloc    ] GC(51) Small Pages: 410 / 820M, Empty: 580M, Relocated: 5M, In-Place: 0
[35.604s][info][gc,reloc    ] GC(51) Medium Pages: 1 / 32M, Empty: 0M, Relocated: 0M, In-Place: 0
[35.604s][info][gc,reloc    ] GC(51) Large Pages: 4 / 24M, Empty: 24M, Relocated: 0M, In-Place: 0
[35.604s][info][gc,reloc    ] GC(51) Forwarding Usage: 2M
[35.604s][info][gc,heap     ] GC(51) Min Capacity: 8M(0%)
[35.604s][info][gc,heap     ] GC(51) Max Capacity: 2048M(100%)
[35.604s][info][gc,heap     ] GC(51) Soft Max Capacity: 2048M(100%)
[35.604s][info][gc,heap     ] GC(51)                Mark Start          Mark End        Relocate Start      Relocate End           High               Low         
[35.604s][info][gc,heap     ] GC(51)  Capacity:     2048M (100%)       2048M (100%)       2048M (100%)       2048M (100%)       2048M (100%)       2048M (100%)   
[35.604s][info][gc,heap     ] GC(51)      Free:     1172M (57%)        1170M (57%)        1774M (87%)        1806M (88%)        1806M (88%)        1170M (57%)    
[35.604s][info][gc,heap     ] GC(51)      Used:      876M (43%)         878M (43%)         274M (13%)         242M (12%)         878M (43%)         242M (12%)    
[35.604s][info][gc,heap     ] GC(51)      Live:         -               166M (8%)          166M (8%)          166M (8%)             -                  -          
[35.604s][info][gc,heap     ] GC(51) Allocated:         -                 2M (0%)            2M (0%)            3M (0%)             -                  -          
[35.604s][info][gc,heap     ] GC(51)   Garbage:         -               709M (35%)         105M (5%)           71M (4%)             -                  -          
[35.604s][info][gc,heap     ] GC(51) Reclaimed:         -                  -               604M (29%)         637M (31%)            -                  -          
[35.604s][info][gc          ] GC(51) Garbage Collection (System.gc()) 876M(43%)->242M(12%)
[36.081s][info][gc,start    ] GC(52) Garbage Collection (Allocation Rate)
[36.081s][info][gc,task     ] GC(52) Using 4 workers
[36.081s][info][gc,phases   ] GC(52) Pause Mark Start 0.020ms
[36.362s][info][gc,phases   ] GC(52) Concurrent Mark 280.673ms
[36.558s][info][gc,phases   ] GC(52) Pause Mark End 0.030ms
[36.558s][info][gc,phases   ] GC(52) Concurrent Mark Free 0.002ms
[36.564s][info][gc,phases   ] GC(52) Concurrent Process Non-Strong References 6.354ms
[36.564s][info][gc,phases   ] GC(52) Concurrent Reset Relocation Set 0.005ms
[36.622s][info][gc,phases   ] GC(52) Concurrent Select Relocation Set 57.787ms
[36.622s][info][gc,phases   ] GC(52) Pause Relocate Start 0.010ms
[36.709s][info][gc,phases   ] GC(52) Concurrent Relocate 86.891ms
[36.709s][info][gc,load     ] GC(52) Load: 0.00/0.00/0.00
[36.709s][info][gc,mmu      ] GC(52) MMU: 2ms/96.8%, 5ms/98.7%, 10ms/99.3%, 20ms/99.6%, 50ms/99.8%, 100ms/99.9%
[36.709s][info][gc,marking  ] GC(52) Mark: 4 stripe(s), 3 proactive flush(es), 1 terminate flush(es), 0 completion(s), 0 continuation(s) 
[36.709s][info][gc,marking  ] GC(52) Mark Stack Usage: 32M
[36.709s][info][gc,nmethod  ] GC(52) NMethods: 7701 registered, 754 unregistered
[36.709s][info][gc,metaspace] GC(52) Metaspace: 63M used, 64M committed, 1088M reserved
[36.709s][info][gc,ref      ] GC(52) Soft: 3300 encountered, 0 discovered, 0 enqueued
[36.709s][info][gc,ref      ] GC(52) Weak: 6219 encountered, 1458 discovered, 28 enqueued
[36.709s][info][gc,ref      ] GC(52) Final: 84 encountered, 49 discovered, 0 enqueued
[36.709s][info][gc,ref      ] GC(52) Phantom: 616 encountered, 459 discovered, 0 enqueued
[36.709s][info][gc,reloc    ] GC(52) Small Pages: 481 / 962M, Empty: 0M, Relocated: 131M, In-Place: 0
[36.710s][info][gc,reloc    ] GC(52) Medium Pages: 2 / 64M, Empty: 32M, Relocated: 0M, In-Place: 0
[36.710s][info][gc,reloc    ] GC(52) Large Pages: 9 / 54M, Empty: 6M, Relocated: 0M, In-Place: 0
[36.710s][info][gc,reloc    ] GC(52) Forwarding Usage: 92M
[36.710s][info][gc,heap     ] GC(52) Min Capacity: 8M(0%)
[36.710s][info][gc,heap     ] GC(52) Max Capacity: 2048M(100%)
[36.710s][info][gc,heap     ] GC(52) Soft Max Capacity: 2048M(100%)
[36.710s][info][gc,heap     ] GC(52)                Mark Start          Mark End        Relocate Start      Relocate End           High               Low         
[36.710s][info][gc,heap     ] GC(52)  Capacity:     2048M (100%)       2048M (100%)       2048M (100%)       2048M (100%)       2048M (100%)       2048M (100%)   
[36.710s][info][gc,heap     ] GC(52)      Free:      968M (47%)         110M (5%)           72M (4%)          614M (30%)         968M (47%)          66M (3%)     
[36.710s][info][gc,heap     ] GC(52)      Used:     1080M (53%)        1938M (95%)        1976M (96%)        1434M (70%)        1982M (97%)        1080M (53%)    
[36.710s][info][gc,heap     ] GC(52)      Live:         -               343M (17%)         343M (17%)         343M (17%)            -                  -          
[36.710s][info][gc,heap     ] GC(52) Allocated:         -               858M (42%)         934M (46%)        1031M (50%)            -                  -          
[36.710s][info][gc,heap     ] GC(52)   Garbage:         -               736M (36%)         698M (34%)          59M (3%)             -                  -          
[36.710s][info][gc,heap     ] GC(52) Reclaimed:         -                  -                38M (2%)          677M (33%)            -                  -          
[36.710s][info][gc          ] GC(52) Garbage Collection (Allocation Rate) 1080M(53%)->1434M(70%)
[36.775s][info][gc,start    ] GC(53) Garbage Collection (Allocation Rate)
[36.775s][info][gc,task     ] GC(53) Using 12 workers
[36.775s][info][gc,phases   ] GC(53) Pause Mark Start 0.015ms
[36.993s][info][gc,phases   ] GC(53) Concurrent Mark 218.256ms
[36.994s][info][gc,phases   ] GC(53) Pause Mark End 0.025ms
[36.994s][info][gc,phases   ] GC(53) Concurrent Mark Free 0.001ms
[36.996s][info][gc,phases   ] GC(53) Concurrent Process Non-Strong References 2.010ms
[36.996s][info][gc,phases   ] GC(53) Concurrent Reset Relocation Set 0.075ms
[37.004s][info][gc,phases   ] GC(53) Concurrent Select Relocation Set 7.897ms
[37.004s][info][gc,phases   ] GC(53) Pause Relocate Start 0.010ms
[37.042s][info][gc,phases   ] GC(53) Concurrent Relocate 37.618ms
[37.042s][info][gc,load     ] GC(53) Load: 0.00/0.00/0.00
[37.042s][info][gc,mmu      ] GC(53) MMU: 2ms/96.8%, 5ms/98.7%, 10ms/99.3%, 20ms/99.6%, 50ms/99.8%, 100ms/99.9%
[37.042s][info][gc,marking  ] GC(53) Mark: 8 stripe(s), 2 proactive flush(es), 1 terminate flush(es), 0 completion(s), 0 continuation(s) 
[37.042s][info][gc,marking  ] GC(53) Mark Stack Usage: 32M
[37.042s][info][gc,nmethod  ] GC(53) NMethods: 7701 registered, 754 unregistered
[37.042s][info][gc,metaspace] GC(53) Metaspace: 63M used, 64M committed, 1088M reserved
[37.042s][info][gc,ref      ] GC(53) Soft: 3300 encountered, 0 discovered, 0 enqueued
[37.042s][info][gc,ref      ] GC(53) Weak: 6191 encountered, 2049 discovered, 0 enqueued
[37.042s][info][gc,ref      ] GC(53) Final: 84 encountered, 43 discovered, 0 enqueued
[37.042s][info][gc,ref      ] GC(53) Phantom: 616 encountered, 428 discovered, 0 enqueued
[37.042s][info][gc,reloc    ] GC(53) Small Pages: 694 / 1388M, Empty: 0M, Relocated: 75M, In-Place: 0
[37.042s][info][gc,reloc    ] GC(53) Medium Pages: 1 / 32M, Empty: 0M, Relocated: 0M, In-Place: 0
[37.042s][info][gc,reloc    ] GC(53) Large Pages: 12 / 88M, Empty: 24M, Relocated: 0M, In-Place: 0
[37.042s][info][gc,reloc    ] GC(53) Forwarding Usage: 72M
[37.042s][info][gc,heap     ] GC(53) Min Capacity: 8M(0%)
[37.042s][info][gc,heap     ] GC(53) Max Capacity: 2048M(100%)
[37.042s][info][gc,heap     ] GC(53) Soft Max Capacity: 2048M(100%)
[37.042s][info][gc,heap     ] GC(53)                Mark Start          Mark End        Relocate Start      Relocate End           High               Low         
[37.042s][info][gc,heap     ] GC(53)  Capacity:     2048M (100%)       2048M (100%)       2048M (100%)       2048M (100%)       2048M (100%)       2048M (100%)   
[37.042s][info][gc,heap     ] GC(53)      Free:      540M (26%)         258M (13%)         244M (12%)        1232M (60%)        1232M (60%)         220M (11%)    
[37.042s][info][gc,heap     ] GC(53)      Used:     1508M (74%)        1790M (87%)        1804M (88%)         816M (40%)        1828M (89%)         816M (40%)    
[37.042s][info][gc,heap     ] GC(53)      Live:         -               416M (20%)         416M (20%)         416M (20%)            -                  -          
[37.042s][info][gc,heap     ] GC(53) Allocated:         -               282M (14%)         320M (16%)         328M (16%)            -                  -          
[37.042s][info][gc,heap     ] GC(53)   Garbage:         -              1091M (53%)        1067M (52%)          70M (3%)             -                  -          
[37.042s][info][gc,heap     ] GC(53) Reclaimed:         -                  -                24M (1%)         1020M (50%)            -                  -          
[37.042s][info][gc          ] GC(53) Garbage Collection (Allocation Rate) 1508M(74%)->816M(40%)
[37.078s][info][gc,start    ] GC(54) Garbage Collection (Allocation Rate)
[37.078s][info][gc,task     ] GC(54) Using 12 workers
[37.079s][info][gc,phases   ] GC(54) Pause Mark Start 0.014ms
[37.250s][info][gc,phases   ] GC(54) Concurrent Mark 171.400ms
[37.250s][info][gc,phases   ] GC(54) Pause Mark End 0.032ms
[37.250s][info][gc,phases   ] GC(54) Concurrent Mark Free 0.001ms
[37.253s][info][gc,phases   ] GC(54) Concurrent Process Non-Strong References 2.174ms
[37.253s][info][gc,phases   ] GC(54) Concurrent Reset Relocation Set 0.157ms
[37.261s][info][gc,phases   ] GC(54) Concurrent Select Relocation Set 8.123ms
[37.261s][info][gc,phases   ] GC(54) Pause Relocate Start 0.010ms
[37.287s][info][gc,phases   ] GC(54) Concurrent Relocate 25.714ms
[37.287s][info][gc,load     ] GC(54) Load: 0.00/0.00/0.00
[37.287s][info][gc,mmu      ] GC(54) MMU: 2ms/96.8%, 5ms/98.7%, 10ms/99.3%, 20ms/99.6%, 50ms/99.8%, 100ms/99.9%
[37.287s][info][gc,marking  ] GC(54) Mark: 8 stripe(s), 3 proactive flush(es), 1 terminate flush(es), 0 completion(s), 0 continuation(s) 
[37.287s][info][gc,marking  ] GC(54) Mark Stack Usage: 32M
[37.287s][info][gc,nmethod  ] GC(54) NMethods: 7701 registered, 754 unregistered
[37.287s][info][gc,metaspace] GC(54) Metaspace: 63M used, 64M committed, 1088M reserved
[37.287s][info][gc,ref      ] GC(54) Soft: 3300 encountered, 0 discovered, 0 enqueued
[37.287s][info][gc,ref      ] GC(54) Weak: 6191 encountered, 2013 discovered, 0 enqueued
[37.287s][info][gc,ref      ] GC(54) Final: 84 encountered, 1 discovered, 0 enqueued
[37.287s][info][gc,ref      ] GC(54) Phantom: 616 encountered, 593 discovered, 0 enqueued
[37.287s][info][gc,reloc    ] GC(54) Small Pages: 346 / 692M, Empty: 70M, Relocated: 39M, In-Place: 0
[37.287s][info][gc,reloc    ] GC(54) Medium Pages: 2 / 64M, Empty: 0M, Relocated: 11M, In-Place: 0
[37.287s][info][gc,reloc    ] GC(54) Large Pages: 8 / 64M, Empty: 24M, Relocated: 0M, In-Place: 0
[37.287s][info][gc,reloc    ] GC(54) Forwarding Usage: 36M
[37.287s][info][gc,heap     ] GC(54) Min Capacity: 8M(0%)
[37.287s][info][gc,heap     ] GC(54) Max Capacity: 2048M(100%)
[37.287s][info][gc,heap     ] GC(54) Soft Max Capacity: 2048M(100%)
[37.287s][info][gc,heap     ] GC(54)                Mark Start          Mark End        Relocate Start      Relocate End           High               Low         
[37.287s][info][gc,heap     ] GC(54)  Capacity:     2048M (100%)       2048M (100%)       2048M (100%)       2048M (100%)       2048M (100%)       2048M (100%)   
[37.287s][info][gc,heap     ] GC(54)      Free:     1228M (60%)        1194M (58%)        1288M (63%)        1632M (80%)        1632M (80%)        1194M (58%)    
[37.287s][info][gc,heap     ] GC(54)      Used:      820M (40%)         854M (42%)         760M (37%)         416M (20%)         854M (42%)         416M (20%)    
[37.287s][info][gc,heap     ] GC(54)      Live:         -               305M (15%)         305M (15%)         305M (15%)            -                  -          
[37.287s][info][gc,heap     ] GC(54) Allocated:         -                34M (2%)           34M (2%)           34M (2%)             -                  -          
[37.287s][info][gc,heap     ] GC(54)   Garbage:         -               514M (25%)         420M (21%)          76M (4%)             -                  -          
[37.287s][info][gc,heap     ] GC(54) Reclaimed:         -                  -                94M (5%)          438M (21%)            -                  -          
[37.287s][info][gc          ] GC(54) Garbage Collection (Allocation Rate) 820M(40%)->416M(20%)
[37.375s][info][gc,start    ] GC(55) Garbage Collection (Allocation Rate)
[37.375s][info][gc,task     ] GC(55) Using 12 workers
[37.375s][info][gc,phases   ] GC(55) Pause Mark Start 0.017ms
[37.531s][info][gc,phases   ] GC(55) Concurrent Mark 155.755ms
[37.531s][info][gc,phases   ] GC(55) Pause Mark End 0.028ms
[37.532s][info][gc,phases   ] GC(55) Concurrent Mark Free 0.001ms
[37.533s][info][gc,phases   ] GC(55) Concurrent Process Non-Strong References 1.807ms
[37.533s][info][gc,phases   ] GC(55) Concurrent Reset Relocation Set 0.035ms
[37.541s][info][gc,phases   ] GC(55) Concurrent Select Relocation Set 7.574ms
[37.541s][info][gc,phases   ] GC(55) Pause Relocate Start 0.007ms
[37.548s][info][gc,phases   ] GC(55) Concurrent Relocate 6.477ms
[37.548s][info][gc,load     ] GC(55) Load: 0.00/0.00/0.00
[37.548s][info][gc,mmu      ] GC(55) MMU: 2ms/96.8%, 5ms/98.7%, 10ms/99.3%, 20ms/99.6%, 50ms/99.8%, 100ms/99.9%
[37.548s][info][gc,marking  ] GC(55) Mark: 8 stripe(s), 2 proactive flush(es), 1 terminate flush(es), 0 completion(s), 0 continuation(s) 
[37.548s][info][gc,marking  ] GC(55) Mark Stack Usage: 32M
[37.548s][info][gc,nmethod  ] GC(55) NMethods: 7701 registered, 754 unregistered
[37.548s][info][gc,metaspace] GC(55) Metaspace: 63M used, 64M committed, 1088M reserved
[37.548s][info][gc,ref      ] GC(55) Soft: 3300 encountered, 0 discovered, 0 enqueued
[37.548s][info][gc,ref      ] GC(55) Weak: 6191 encountered, 1539 discovered, 0 enqueued
[37.548s][info][gc,ref      ] GC(55) Final: 84 encountered, 4 discovered, 0 enqueued
[37.548s][info][gc,ref      ] GC(55) Phantom: 616 encountered, 500 discovered, 0 enqueued
[37.548s][info][gc,reloc    ] GC(55) Small Pages: 156 / 312M, Empty: 0M, Relocated: 6M, In-Place: 0
[37.548s][info][gc,reloc    ] GC(55) Medium Pages: 2 / 64M, Empty: 0M, Relocated: 18M, In-Place: 0
[37.548s][info][gc,reloc    ] GC(55) Large Pages: 4 / 40M, Empty: 0M, Relocated: 0M, In-Place: 0
[37.548s][info][gc,reloc    ] GC(55) Forwarding Usage: 6M
[37.548s][info][gc,heap     ] GC(55) Min Capacity: 8M(0%)
[37.548s][info][gc,heap     ] GC(55) Max Capacity: 2048M(100%)
[37.548s][info][gc,heap     ] GC(55) Soft Max Capacity: 2048M(100%)
[37.548s][info][gc,heap     ] GC(55)                Mark Start          Mark End        Relocate Start      Relocate End           High               Low         
[37.548s][info][gc,heap     ] GC(55)  Capacity:     2048M (100%)       2048M (100%)       2048M (100%)       2048M (100%)       2048M (100%)       2048M (100%)   
[37.548s][info][gc,heap     ] GC(55)      Free:     1632M (80%)        1598M (78%)        1598M (78%)        1632M (80%)        1632M (80%)        1546M (75%)    
[37.548s][info][gc,heap     ] GC(55)      Used:      416M (20%)         450M (22%)         450M (22%)         416M (20%)         502M (25%)         416M (20%)    
[37.548s][info][gc,heap     ] GC(55)      Live:         -               312M (15%)         312M (15%)         312M (15%)            -                  -          
[37.548s][info][gc,heap     ] GC(55) Allocated:         -                34M (2%)           34M (2%)           31M (2%)             -                  -          
[37.548s][info][gc,heap     ] GC(55)   Garbage:         -               103M (5%)          103M (5%)           71M (3%)             -                  -          
[37.548s][info][gc,heap     ] GC(55) Reclaimed:         -                  -                 0M (0%)           31M (2%)             -                  -          
[37.548s][info][gc          ] GC(55) Garbage Collection (Allocation Rate) 416M(20%)->416M(20%)
[37.578s][info][gc,start    ] GC(56) Garbage Collection (Allocation Rate)
[37.578s][info][gc,task     ] GC(56) Using 12 workers
[37.578s][info][gc,phases   ] GC(56) Pause Mark Start 0.015ms
[37.710s][info][gc,phases   ] GC(56) Concurrent Mark 131.647ms
[37.710s][info][gc,phases   ] GC(56) Pause Mark End 0.026ms
[37.710s][info][gc,phases   ] GC(56) Concurrent Mark Free 0.001ms
[37.712s][info][gc,phases   ] GC(56) Concurrent Process Non-Strong References 1.770ms
[37.712s][info][gc,phases   ] GC(56) Concurrent Reset Relocation Set 0.003ms
[37.721s][info][gc,phases   ] GC(56) Concurrent Select Relocation Set 8.898ms
[37.721s][info][gc,phases   ] GC(56) Pause Relocate Start 0.007ms
[37.728s][info][gc,phases   ] GC(56) Concurrent Relocate 6.901ms
[37.728s][info][gc,load     ] GC(56) Load: 0.00/0.00/0.00
[37.728s][info][gc,mmu      ] GC(56) MMU: 2ms/96.8%, 5ms/98.7%, 10ms/99.3%, 20ms/99.6%, 50ms/99.8%, 100ms/99.9%
[37.728s][info][gc,marking  ] GC(56) Mark: 8 stripe(s), 2 proactive flush(es), 1 terminate flush(es), 0 completion(s), 0 continuation(s) 
[37.728s][info][gc,marking  ] GC(56) Mark Stack Usage: 32M
[37.728s][info][gc,nmethod  ] GC(56) NMethods: 7720 registered, 755 unregistered
[37.728s][info][gc,metaspace] GC(56) Metaspace: 63M used, 64M committed, 1088M reserved
[37.728s][info][gc,ref      ] GC(56) Soft: 3300 encountered, 0 discovered, 0 enqueued
[37.728s][info][gc,ref      ] GC(56) Weak: 6333 encountered, 2095 discovered, 3 enqueued
[37.728s][info][gc,ref      ] GC(56) Final: 84 encountered, 31 discovered, 0 enqueued
[37.728s][info][gc,ref      ] GC(56) Phantom: 618 encountered, 546 discovered, 0 enqueued
[37.728s][info][gc,reloc    ] GC(56) Small Pages: 158 / 316M, Empty: 2M, Relocated: 8M, In-Place: 0
[37.728s][info][gc,reloc    ] GC(56) Medium Pages: 2 / 64M, Empty: 0M, Relocated: 15M, In-Place: 0
[37.728s][info][gc,reloc    ] GC(56) Large Pages: 4 / 40M, Empty: 0M, Relocated: 0M, In-Place: 0
[37.728s][info][gc,reloc    ] GC(56) Forwarding Usage: 7M
[37.728s][info][gc,heap     ] GC(56) Min Capacity: 8M(0%)
[37.728s][info][gc,heap     ] GC(56) Max Capacity: 2048M(100%)
[37.728s][info][gc,heap     ] GC(56) Soft Max Capacity: 2048M(100%)
[37.728s][info][gc,heap     ] GC(56)                Mark Start          Mark End        Relocate Start      Relocate End           High               Low         
[37.728s][info][gc,heap     ] GC(56)  Capacity:     2048M (100%)       2048M (100%)       2048M (100%)       2048M (100%)       2048M (100%)       2048M (100%)   
[37.728s][info][gc,heap     ] GC(56)      Free:     1628M (79%)        1564M (76%)        1562M (76%)        1598M (78%)        1628M (79%)        1506M (74%)    
[37.728s][info][gc,heap     ] GC(56)      Used:      420M (21%)         484M (24%)         486M (24%)         450M (22%)         542M (26%)         420M (21%)    
[37.728s][info][gc,heap     ] GC(56)      Live:         -               309M (15%)         309M (15%)         309M (15%)            -                  -          
[37.729s][info][gc,heap     ] GC(56) Allocated:         -                64M (3%)           68M (3%)           69M (3%)             -                  -          
[37.729s][info][gc,heap     ] GC(56)   Garbage:         -               110M (5%)          108M (5%)           70M (3%)             -                  -          
[37.729s][info][gc,heap     ] GC(56) Reclaimed:         -                  -                 2M (0%)           39M (2%)             -                  -          
[37.729s][info][gc          ] GC(56) Garbage Collection (Allocation Rate) 420M(21%)->450M(22%)
[38.483s][info][gc,start    ] GC(57) Garbage Collection (Allocation Rate)
[38.483s][info][gc,task     ] GC(57) Using 12 workers
[38.483s][info][gc,phases   ] GC(57) Pause Mark Start 0.018ms
[38.623s][info][gc,phases   ] GC(57) Concurrent Mark 140.186ms
[38.623s][info][gc,phases   ] GC(57) Pause Mark End 0.033ms
[38.623s][info][gc,phases   ] GC(57) Concurrent Mark Free 0.001ms
[38.626s][info][gc,phases   ] GC(57) Concurrent Process Non-Strong References 2.206ms
[38.626s][info][gc,phases   ] GC(57) Concurrent Reset Relocation Set 0.004ms
[38.659s][info][gc,phases   ] GC(57) Concurrent Select Relocation Set 33.438ms
[38.659s][info][gc,phases   ] GC(57) Pause Relocate Start 0.011ms
[38.703s][info][gc,phases   ] GC(57) Concurrent Relocate 43.182ms
[38.703s][info][gc,load     ] GC(57) Load: 0.00/0.00/0.00
[38.703s][info][gc,mmu      ] GC(57) MMU: 2ms/96.8%, 5ms/98.7%, 10ms/99.3%, 20ms/99.6%, 50ms/99.8%, 100ms/99.9%
[38.703s][info][gc,marking  ] GC(57) Mark: 8 stripe(s), 7 proactive flush(es), 1 terminate flush(es), 0 completion(s), 0 continuation(s) 
[38.703s][info][gc,marking  ] GC(57) Mark Stack Usage: 32M
[38.703s][info][gc,nmethod  ] GC(57) NMethods: 7809 registered, 775 unregistered
[38.703s][info][gc,metaspace] GC(57) Metaspace: 64M used, 64M committed, 1088M reserved
[38.703s][info][gc,ref      ] GC(57) Soft: 3304 encountered, 0 discovered, 0 enqueued
[38.703s][info][gc,ref      ] GC(57) Weak: 6404 encountered, 2151 discovered, 84 enqueued
[38.703s][info][gc,ref      ] GC(57) Final: 84 encountered, 75 discovered, 0 enqueued
[38.703s][info][gc,ref      ] GC(57) Phantom: 616 encountered, 514 discovered, 0 enqueued
[38.703s][info][gc,reloc    ] GC(57) Small Pages: 659 / 1318M, Empty: 140M, Relocated: 132M, In-Place: 0
[38.703s][info][gc,reloc    ] GC(57) Medium Pages: 3 / 96M, Empty: 64M, Relocated: 0M, In-Place: 0
[38.703s][info][gc,reloc    ] GC(57) Large Pages: 17 / 118M, Empty: 70M, Relocated: 0M, In-Place: 0
[38.703s][info][gc,reloc    ] GC(57) Forwarding Usage: 91M
[38.703s][info][gc,heap     ] GC(57) Min Capacity: 8M(0%)
[38.703s][info][gc,heap     ] GC(57) Max Capacity: 2048M(100%)
[38.703s][info][gc,heap     ] GC(57) Soft Max Capacity: 2048M(100%)
[38.703s][info][gc,heap     ] GC(57)                Mark Start          Mark End        Relocate Start      Relocate End           High               Low         
[38.703s][info][gc,heap     ] GC(57)  Capacity:     2048M (100%)       2048M (100%)       2048M (100%)       2048M (100%)       2048M (100%)       2048M (100%)   
[38.703s][info][gc,heap     ] GC(57)      Free:      516M (25%)         276M (13%)         476M (23%)        1318M (64%)        1318M (64%)         272M (13%)    
[38.703s][info][gc,heap     ] GC(57)      Used:     1532M (75%)        1772M (87%)        1572M (77%)         730M (36%)        1776M (87%)         730M (36%)    
[38.703s][info][gc,heap     ] GC(57)      Live:         -               342M (17%)         342M (17%)         342M (17%)            -                  -          
[38.703s][info][gc,heap     ] GC(57) Allocated:         -               240M (12%)         314M (15%)         322M (16%)            -                  -          
[38.703s][info][gc,heap     ] GC(57)   Garbage:         -              1189M (58%)         915M (45%)          64M (3%)             -                  -          
[38.703s][info][gc,heap     ] GC(57) Reclaimed:         -                  -               274M (13%)        1124M (55%)            -                  -          
[38.703s][info][gc          ] GC(57) Garbage Collection (Allocation Rate) 1532M(75%)->730M(36%)
[38.779s][info][gc,start    ] GC(58) Garbage Collection (Allocation Rate)
[38.779s][info][gc,task     ] GC(58) Using 12 workers
[38.780s][info][gc,phases   ] GC(58) Pause Mark Start 0.011ms
[38.951s][info][gc,phases   ] GC(58) Concurrent Mark 171.413ms
[38.951s][info][gc,phases   ] GC(58) Pause Mark End 0.018ms
[38.951s][info][gc,phases   ] GC(58) Concurrent Mark Free 0.001ms
[38.953s][info][gc,phases   ] GC(58) Concurrent Process Non-Strong References 1.988ms
[38.953s][info][gc,phases   ] GC(58) Concurrent Reset Relocation Set 0.090ms
[38.966s][info][gc,phases   ] GC(58) Concurrent Select Relocation Set 12.925ms
[38.967s][info][gc,phases   ] GC(58) Pause Relocate Start 0.009ms
[38.986s][info][gc,phases   ] GC(58) Concurrent Relocate 19.026ms
[38.986s][info][gc,load     ] GC(58) Load: 0.00/0.00/0.00
[38.986s][info][gc,mmu      ] GC(58) MMU: 2ms/96.8%, 5ms/98.7%, 10ms/99.3%, 20ms/99.6%, 50ms/99.8%, 100ms/99.9%
[38.986s][info][gc,marking  ] GC(58) Mark: 8 stripe(s), 2 proactive flush(es), 1 terminate flush(es), 0 completion(s), 0 continuation(s) 
[38.986s][info][gc,marking  ] GC(58) Mark Stack Usage: 32M
[38.986s][info][gc,nmethod  ] GC(58) NMethods: 7807 registered, 777 unregistered
[38.986s][info][gc,metaspace] GC(58) Metaspace: 64M used, 64M committed, 1088M reserved
[38.986s][info][gc,ref      ] GC(58) Soft: 3304 encountered, 0 discovered, 0 enqueued
[38.986s][info][gc,ref      ] GC(58) Weak: 6329 encountered, 1934 discovered, 79 enqueued
[38.986s][info][gc,ref      ] GC(58) Final: 84 encountered, 74 discovered, 0 enqueued
[38.986s][info][gc,ref      ] GC(58) Phantom: 616 encountered, 547 discovered, 0 enqueued
[38.986s][info][gc,reloc    ] GC(58) Small Pages: 366 / 732M, Empty: 0M, Relocated: 40M, In-Place: 0
[38.986s][info][gc,reloc    ] GC(58) Medium Pages: 1 / 32M, Empty: 0M, Relocated: 0M, In-Place: 0
[38.986s][info][gc,reloc    ] GC(58) Large Pages: 12 / 88M, Empty: 24M, Relocated: 0M, In-Place: 0
[38.986s][info][gc,reloc    ] GC(58) Forwarding Usage: 31M
[38.986s][info][gc,heap     ] GC(58) Min Capacity: 8M(0%)
[38.986s][info][gc,heap     ] GC(58) Max Capacity: 2048M(100%)
[38.986s][info][gc,heap     ] GC(58) Soft Max Capacity: 2048M(100%)
[38.986s][info][gc,heap     ] GC(58)                Mark Start          Mark End        Relocate Start      Relocate End           High               Low         
[38.986s][info][gc,heap     ] GC(58)  Capacity:     2048M (100%)       2048M (100%)       2048M (100%)       2048M (100%)       2048M (100%)       2048M (100%)   
[38.986s][info][gc,heap     ] GC(58)      Free:     1196M (58%)         896M (44%)         888M (43%)        1230M (60%)        1230M (60%)         864M (42%)    
[38.986s][info][gc,heap     ] GC(58)      Used:      852M (42%)        1152M (56%)        1160M (57%)         818M (40%)        1184M (58%)         818M (40%)    
[38.986s][info][gc,heap     ] GC(58)      Live:         -               385M (19%)         385M (19%)         385M (19%)            -                  -          
[38.986s][info][gc,heap     ] GC(58) Allocated:         -               300M (15%)         332M (16%)         359M (18%)            -                  -          
[38.986s][info][gc,heap     ] GC(58)   Garbage:         -               466M (23%)         442M (22%)          72M (4%)             -                  -          
[38.986s][info][gc,heap     ] GC(58) Reclaimed:         -                  -                24M (1%)          393M (19%)            -                  -          
[38.986s][info][gc          ] GC(58) Garbage Collection (Allocation Rate) 852M(42%)->818M(40%)
[39.076s][info][gc,start    ] GC(59) Garbage Collection (Allocation Rate)
[39.076s][info][gc,task     ] GC(59) Using 12 workers
[39.077s][info][gc,phases   ] GC(59) Pause Mark Start 0.012ms
[39.264s][info][gc,phases   ] GC(59) Concurrent Mark 186.977ms
[39.264s][info][gc,phases   ] GC(59) Pause Mark End 0.025ms
[39.264s][info][gc,phases   ] GC(59) Concurrent Mark Free 0.001ms
[39.266s][info][gc,phases   ] GC(59) Concurrent Process Non-Strong References 1.956ms
[39.266s][info][gc,phases   ] GC(59) Concurrent Reset Relocation Set 0.037ms
[39.296s][info][gc,phases   ] GC(59) Concurrent Select Relocation Set 30.306ms
[39.296s][info][gc,phases   ] GC(59) Pause Relocate Start 0.011ms
[39.322s][info][gc,phases   ] GC(59) Concurrent Relocate 25.542ms
[39.322s][info][gc,load     ] GC(59) Load: 0.00/0.00/0.00
[39.322s][info][gc,mmu      ] GC(59) MMU: 2ms/96.8%, 5ms/98.7%, 10ms/99.3%, 20ms/99.6%, 50ms/99.8%, 100ms/99.9%
[39.322s][info][gc,marking  ] GC(59) Mark: 8 stripe(s), 4 proactive flush(es), 1 terminate flush(es), 0 completion(s), 0 continuation(s) 
[39.322s][info][gc,marking  ] GC(59) Mark Stack Usage: 32M
[39.322s][info][gc,nmethod  ] GC(59) NMethods: 7809 registered, 777 unregistered
[39.322s][info][gc,metaspace] GC(59) Metaspace: 64M used, 64M committed, 1088M reserved
[39.322s][info][gc,ref      ] GC(59) Soft: 3304 encountered, 0 discovered, 0 enqueued
[39.322s][info][gc,ref      ] GC(59) Weak: 6250 encountered, 2349 discovered, 0 enqueued
[39.322s][info][gc,ref      ] GC(59) Final: 84 encountered, 4 discovered, 0 enqueued
[39.322s][info][gc,ref      ] GC(59) Phantom: 616 encountered, 577 discovered, 0 enqueued
[39.322s][info][gc,reloc    ] GC(59) Small Pages: 446 / 892M, Empty: 0M, Relocated: 41M, In-Place: 0
[39.322s][info][gc,reloc    ] GC(59) Medium Pages: 1 / 32M, Empty: 0M, Relocated: 0M, In-Place: 0
[39.322s][info][gc,reloc    ] GC(59) Large Pages: 8 / 64M, Empty: 0M, Relocated: 0M, In-Place: 0
[39.322s][info][gc,reloc    ] GC(59) Forwarding Usage: 38M
[39.322s][info][gc,heap     ] GC(59) Min Capacity: 8M(0%)
[39.322s][info][gc,heap     ] GC(59) Max Capacity: 2048M(100%)
[39.322s][info][gc,heap     ] GC(59) Soft Max Capacity: 2048M(100%)
[39.322s][info][gc,heap     ] GC(59)                Mark Start          Mark End        Relocate Start      Relocate End           High               Low         
[39.322s][info][gc,heap     ] GC(59)  Capacity:     2048M (100%)       2048M (100%)       2048M (100%)       2048M (100%)       2048M (100%)       2048M (100%)   
[39.322s][info][gc,heap     ] GC(59)      Free:     1060M (52%)         750M (37%)         748M (37%)        1246M (61%)        1246M (61%)         724M (35%)    
[39.322s][info][gc,heap     ] GC(59)      Used:      988M (48%)        1298M (63%)        1300M (63%)         802M (39%)        1324M (65%)         802M (39%)    
[39.322s][info][gc,heap     ] GC(59)      Live:         -               411M (20%)         411M (20%)         411M (20%)            -                  -          
[39.322s][info][gc,heap     ] GC(59) Allocated:         -               310M (15%)         312M (15%)         310M (15%)            -                  -          
[39.323s][info][gc,heap     ] GC(59)   Garbage:         -               576M (28%)         576M (28%)          79M (4%)             -                  -          
[39.323s][info][gc,heap     ] GC(59) Reclaimed:         -                  -                 0M (0%)          496M (24%)            -                  -          
[39.323s][info][gc          ] GC(59) Garbage Collection (Allocation Rate) 988M(48%)->802M(39%)
[39.373s][info][gc,start    ] GC(60) Garbage Collection (Allocation Rate)
[39.373s][info][gc,task     ] GC(60) Using 12 workers
[39.373s][info][gc,phases   ] GC(60) Pause Mark Start 0.015ms
[39.529s][info][gc,phases   ] GC(60) Concurrent Mark 155.804ms
[39.529s][info][gc,phases   ] GC(60) Pause Mark End 0.031ms
[39.529s][info][gc,phases   ] GC(60) Concurrent Mark Free 0.001ms
[39.531s][info][gc,phases   ] GC(60) Concurrent Process Non-Strong References 1.958ms
[39.531s][info][gc,phases   ] GC(60) Concurrent Reset Relocation Set 0.051ms
[39.535s][info][gc,phases   ] GC(60) Concurrent Select Relocation Set 3.930ms
[39.536s][info][gc,phases   ] GC(60) Pause Relocate Start 0.010ms
[39.556s][info][gc,phases   ] GC(60) Concurrent Relocate 20.645ms
[39.556s][info][gc,load     ] GC(60) Load: 0.00/0.00/0.00
[39.556s][info][gc,mmu      ] GC(60) MMU: 2ms/96.8%, 5ms/98.7%, 10ms/99.3%, 20ms/99.6%, 50ms/99.8%, 100ms/99.9%
[39.556s][info][gc,marking  ] GC(60) Mark: 8 stripe(s), 2 proactive flush(es), 1 terminate flush(es), 0 completion(s), 0 continuation(s) 
[39.556s][info][gc,marking  ] GC(60) Mark Stack Usage: 32M
[39.556s][info][gc,nmethod  ] GC(60) NMethods: 7809 registered, 777 unregistered
[39.556s][info][gc,metaspace] GC(60) Metaspace: 64M used, 64M committed, 1088M reserved
[39.556s][info][gc,ref      ] GC(60) Soft: 3304 encountered, 0 discovered, 0 enqueued
[39.556s][info][gc,ref      ] GC(60) Weak: 6250 encountered, 1116 discovered, 0 enqueued
[39.556s][info][gc,ref      ] GC(60) Final: 84 encountered, 5 discovered, 0 enqueued
[39.556s][info][gc,ref      ] GC(60) Phantom: 616 encountered, 519 discovered, 0 enqueued
[39.556s][info][gc,reloc    ] GC(60) Small Pages: 337 / 674M, Empty: 60M, Relocated: 40M, In-Place: 0
[39.556s][info][gc,reloc    ] GC(60) Medium Pages: 2 / 64M, Empty: 0M, Relocated: 14M, In-Place: 0
[39.556s][info][gc,reloc    ] GC(60) Large Pages: 8 / 64M, Empty: 24M, Relocated: 0M, In-Place: 0
[39.556s][info][gc,reloc    ] GC(60) Forwarding Usage: 35M
[39.556s][info][gc,heap     ] GC(60) Min Capacity: 8M(0%)
[39.556s][info][gc,heap     ] GC(60) Max Capacity: 2048M(100%)
[39.557s][info][gc,heap     ] GC(60) Soft Max Capacity: 2048M(100%)
[39.557s][info][gc,heap     ] GC(60)                Mark Start          Mark End        Relocate Start      Relocate End           High               Low         
[39.557s][info][gc,heap     ] GC(60)  Capacity:     2048M (100%)       2048M (100%)       2048M (100%)       2048M (100%)       2048M (100%)       2048M (100%)   
[39.557s][info][gc,heap     ] GC(60)      Free:     1246M (61%)        1212M (59%)        1296M (63%)        1632M (80%)        1632M (80%)        1212M (59%)    
[39.557s][info][gc,heap     ] GC(60)      Used:      802M (39%)         836M (41%)         752M (37%)         416M (20%)         836M (41%)         416M (20%)    
[39.557s][info][gc,heap     ] GC(60)      Live:         -               304M (15%)         304M (15%)         304M (15%)            -                  -          
[39.557s][info][gc,heap     ] GC(60) Allocated:         -                34M (2%)           34M (2%)           32M (2%)             -                  -          
[39.557s][info][gc,heap     ] GC(60)   Garbage:         -               497M (24%)         413M (20%)          78M (4%)             -                  -          
[39.557s][info][gc,heap     ] GC(60) Reclaimed:         -                  -                84M (4%)          418M (20%)            -                  -          
[39.557s][info][gc          ] GC(60) Garbage Collection (Allocation Rate) 802M(39%)->416M(20%)
[40.080s][info][gc,start    ] GC(61) Garbage Collection (Allocation Rate)
[40.080s][info][gc,task     ] GC(61) Using 12 workers
[40.080s][info][gc,phases   ] GC(61) Pause Mark Start 0.011ms
[40.174s][info][gc,phases   ] GC(61) Concurrent Mark 93.463ms
[40.174s][info][gc,stats    ] === Garbage Collection Statistics =======================================================================================================================
[40.174s][info][gc,stats    ]                                                              Last 10s              Last 10m              Last 10h                Total
[40.174s][info][gc,stats    ]                                                              Avg / Max             Avg / Max             Avg / Max             Avg / Max
[40.174s][info][gc,stats    ]   Collector: Garbage Collection Cycle                    213.913 / 628.611     210.686 / 1113.016    210.686 / 1113.016    210.686 / 1113.016    ms
[40.174s][info][gc,stats    ]  Contention: Mark Segment Reset Contention                    17 / 33               13 / 154              13 / 154              13 / 154         ops/s
[40.174s][info][gc,phases   ] GC(61) Pause Mark End 0.030ms
[40.174s][info][gc,stats    ]  Contention: Mark SeqNum Reset Contention                      1 / 4                 0 / 4                 0 / 4                 0 / 4           ops/s
[40.174s][info][gc,phases   ] GC(61) Concurrent Mark Free 0.001ms
[40.174s][info][gc,stats    ]    Critical: Allocation Stall                                  0 / 0                 0 / 5                 0 / 5                 0 / 5           ops/s
[40.174s][info][gc,stats    ]    Critical: Allocation Stall                              0.000 / 0.000        46.147 / 67.576       46.147 / 67.576       46.147 / 67.576      ms
[40.174s][info][gc,stats    ]    Critical: GC Locker Stall                                   0 / 0                 0 / 1                 0 / 1                 0 / 1           ops/s
[40.174s][info][gc,stats    ]    Critical: GC Locker Stall                               0.000 / 0.000         0.001 / 0.001         0.001 / 0.001         0.001 / 0.001       ms
[40.174s][info][gc,stats    ]    Critical: Relocation Stall                                  0 / 0                 0 / 3                 0 / 3                 0 / 3           ops/s
[40.174s][info][gc,stats    ]    Critical: Relocation Stall                              0.000 / 0.000         6.236 / 10.360        6.236 / 10.360        6.236 / 10.360      ms
[40.174s][info][gc,stats    ]      Memory: Allocation Rate                                1163 / 1842            789 / 2860            789 / 2860            789 / 2860        MB/s
[40.174s][info][gc,stats    ]      Memory: Defragment                                       13 / 131               3 / 131               3 / 131               3 / 131         ops/s
[40.174s][info][gc,stats    ]      Memory: Out Of Memory                                     0 / 0                 0 / 0                 0 / 0                 0 / 0           ops/s
[40.174s][info][gc,stats    ]      Memory: Page Cache Flush                                 39 / 262              24 / 328              24 / 328              24 / 328         MB/s
[40.174s][info][gc,stats    ]      Memory: Page Cache Hit L1                               571 / 964             372 / 1290            372 / 1290            372 / 1290        ops/s
[40.174s][info][gc,stats    ]      Memory: Page Cache Hit L2                                 0 / 0                 0 / 0                 0 / 0                 0 / 0           ops/s
[40.174s][info][gc,stats    ]      Memory: Page Cache Hit L3                                12 / 120              27 / 362              27 / 362              27 / 362         ops/s
[40.174s][info][gc,stats    ]      Memory: Page Cache Miss                                   0 / 6                 1 / 24                1 / 24                1 / 24          ops/s
[40.174s][info][gc,stats    ]      Memory: Uncommit                                          0 / 0                 0 / 0                 0 / 0                 0 / 0           MB/s
[40.174s][info][gc,stats    ]      Memory: Undo Object Allocation Failed                     1 / 3                 1 / 13                1 / 13                1 / 13          ops/s
[40.174s][info][gc,stats    ]      Memory: Undo Object Allocation Succeeded                  1 / 4                 2 / 69                2 / 69                2 / 69          ops/s
[40.174s][info][gc,stats    ]      Memory: Undo Page Allocation                             27 / 123              17 / 123              17 / 123              17 / 123         ops/s
[40.174s][info][gc,stats    ]       Phase: Concurrent Mark                             154.278 / 280.673     163.095 / 1077.882    163.095 / 1077.882    163.095 / 1077.882    ms
[40.174s][info][gc,stats    ]       Phase: Concurrent Mark Continue                      0.000 / 0.000         0.000 / 0.000         0.000 / 0.000         0.000 / 0.000       ms
[40.174s][info][gc,stats    ]       Phase: Concurrent Mark Free                          0.001 / 0.002         0.001 / 0.002         0.001 / 0.002         0.001 / 0.002       ms
[40.174s][info][gc,stats    ]       Phase: Concurrent Process Non-Strong References      2.502 / 6.354         3.792 / 16.614        3.792 / 16.614        3.792 / 16.614      ms
[40.174s][info][gc,stats    ]       Phase: Concurrent Relocate                          25.518 / 86.891       21.809 / 107.720      21.809 / 107.720      21.809 / 107.720     ms
[40.175s][info][gc,stats    ]       Phase: Concurrent Reset Relocation Set               0.040 / 0.157         0.029 / 0.157         0.029 / 0.157         0.029 / 0.157       ms
[40.175s][info][gc,stats    ]       Phase: Concurrent Select Relocation Set             18.545 / 57.787       16.217 / 57.787       16.217 / 57.787       16.217 / 57.787      ms
[40.175s][info][gc,stats    ]       Phase: Pause Mark End                                0.025 / 0.033         0.023 / 0.063         0.023 / 0.063         0.023 / 0.063       ms
[40.175s][info][gc,stats    ]       Phase: Pause Mark Start                              0.013 / 0.020         0.014 / 0.059         0.014 / 0.059         0.014 / 0.059       ms
[40.175s][info][gc,stats    ]       Phase: Pause Relocate Start                          0.009 / 0.013         0.009 / 0.014         0.009 / 0.014         0.009 / 0.014       ms
[40.175s][info][gc,stats    ]    Subphase: Concurrent Classes Purge                      0.034 / 0.104         0.163 / 1.483         0.163 / 1.483         0.163 / 1.483       ms
[40.175s][info][gc,stats    ]    Subphase: Concurrent Classes Unlink                     1.894 / 5.088         2.777 / 13.817        2.777 / 13.817        2.777 / 13.817      ms
[40.175s][info][gc,stats    ]    Subphase: Concurrent Mark                             137.595 / 270.840     156.347 / 1074.330    156.347 / 1074.330    156.347 / 1074.330    ms
[40.175s][info][gc,stats    ]    Subphase: Concurrent Mark Try Flush                     0.111 / 0.280         0.091 / 0.280         0.091 / 0.280         0.091 / 0.280       ms
[40.175s][info][gc,stats    ]    Subphase: Concurrent Mark Try Terminate                 8.022 / 15.625       12.084 / 16.666       12.084 / 16.666       12.084 / 16.666      ms
[40.175s][info][gc,stats    ]    Subphase: Concurrent References Enqueue                 0.002 / 0.004         0.002 / 0.005         0.002 / 0.005         0.002 / 0.005       ms
[40.175s][info][gc,stats    ]    Subphase: Concurrent References Process                 0.117 / 0.222         0.129 / 0.253         0.129 / 0.253         0.129 / 0.253       ms
[40.175s][info][gc,stats    ]    Subphase: Concurrent Roots ClassLoaderDataGraph         0.091 / 0.574         0.086 / 0.915         0.086 / 0.915         0.086 / 0.915       ms
[40.175s][info][gc,stats    ]    Subphase: Concurrent Roots CodeCache                    0.000 / 0.000         0.000 / 0.000         0.000 / 0.000         0.000 / 0.000       ms
[40.175s][info][gc,stats    ]    Subphase: Concurrent Roots JavaThreads                  7.465 / 12.298        5.193 / 13.140        5.193 / 13.140        5.193 / 13.140      ms
[40.175s][info][gc,stats    ]    Subphase: Concurrent Roots OopStorageSet                0.027 / 0.063         0.025 / 0.277         0.025 / 0.277         0.025 / 0.277       ms
[40.175s][info][gc,stats    ]    Subphase: Concurrent Weak Roots OopStorageSet           0.206 / 0.770         0.253 / 1.572         0.253 / 1.572         0.253 / 1.572       ms
[40.175s][info][gc,stats    ]    Subphase: Pause Mark Try Complete                       0.000 / 0.000         0.001 / 0.006         0.001 / 0.006         0.001 / 0.006       ms
[40.175s][info][gc,stats    ]      System: Java Threads                                    181 / 211             122 / 211             122 / 211             122 / 211         threads
[40.175s][info][gc,stats    ] =========================================================================================================================================================
[40.176s][info][gc,phases   ] GC(61) Concurrent Process Non-Strong References 2.168ms
[40.176s][info][gc,phases   ] GC(61) Concurrent Reset Relocation Set 0.039ms
[40.181s][info][gc,phases   ] GC(61) Concurrent Select Relocation Set 4.288ms
[40.181s][info][gc,phases   ] GC(61) Pause Relocate Start 0.009ms
[40.195s][info][gc,phases   ] GC(61) Concurrent Relocate 13.723ms
[40.195s][info][gc,load     ] GC(61) Load: 0.00/0.00/0.00
[40.195s][info][gc,mmu      ] GC(61) MMU: 2ms/96.8%, 5ms/98.7%, 10ms/99.3%, 20ms/99.6%, 50ms/99.8%, 100ms/99.9%
[40.195s][info][gc,marking  ] GC(61) Mark: 8 stripe(s), 2 proactive flush(es), 1 terminate flush(es), 0 completion(s), 0 continuation(s) 
[40.195s][info][gc,marking  ] GC(61) Mark Stack Usage: 32M
[40.195s][info][gc,nmethod  ] GC(61) NMethods: 7874 registered, 782 unregistered
[40.195s][info][gc,metaspace] GC(61) Metaspace: 64M used, 64M committed, 1088M reserved
[40.195s][info][gc,ref      ] GC(61) Soft: 3302 encountered, 0 discovered, 0 enqueued
[40.195s][info][gc,ref      ] GC(61) Weak: 6444 encountered, 1788 discovered, 146 enqueued
[40.195s][info][gc,ref      ] GC(61) Final: 84 encountered, 1 discovered, 0 enqueued
[40.195s][info][gc,ref      ] GC(61) Phantom: 617 encountered, 598 discovered, 0 enqueued
[40.195s][info][gc,reloc    ] GC(61) Small Pages: 252 / 504M, Empty: 96M, Relocated: 24M, In-Place: 0
[40.195s][info][gc,reloc    ] GC(61) Medium Pages: 3 / 96M, Empty: 64M, Relocated: 0M, In-Place: 0
[40.195s][info][gc,reloc    ] GC(61) Large Pages: 9 / 70M, Empty: 46M, Relocated: 0M, In-Place: 0
[40.195s][info][gc,reloc    ] GC(61) Forwarding Usage: 21M
[40.195s][info][gc,heap     ] GC(61) Min Capacity: 8M(0%)
[40.195s][info][gc,heap     ] GC(61) Max Capacity: 2048M(100%)
[40.195s][info][gc,heap     ] GC(61) Soft Max Capacity: 2048M(100%)
[40.195s][info][gc,heap     ] GC(61)                Mark Start          Mark End        Relocate Start      Relocate End           High               Low         
[40.195s][info][gc,heap     ] GC(61)  Capacity:     2048M (100%)       2048M (100%)       2048M (100%)       2048M (100%)       2048M (100%)       2048M (100%)   
[40.195s][info][gc,heap     ] GC(61)      Free:     1378M (67%)        1324M (65%)        1524M (74%)        1716M (84%)        1716M (84%)        1320M (64%)    
[40.195s][info][gc,heap     ] GC(61)      Used:      670M (33%)         724M (35%)         524M (26%)         332M (16%)         728M (36%)         332M (16%)    
[40.195s][info][gc,heap     ] GC(61)      Live:         -               208M (10%)         208M (10%)         208M (10%)            -                  -          
[40.195s][info][gc,heap     ] GC(61) Allocated:         -                54M (3%)           60M (3%)           61M (3%)             -                  -          
[40.195s][info][gc,heap     ] GC(61)   Garbage:         -               461M (23%)         255M (12%)          61M (3%)             -                  -          
[40.195s][info][gc,heap     ] GC(61) Reclaimed:         -                  -               206M (10%)         399M (20%)            -                  -          
[40.195s][info][gc          ] GC(61) Garbage Collection (Allocation Rate) 670M(33%)->332M(16%)
[40.982s][info][gc,start    ] GC(62) Garbage Collection (Allocation Rate)
[40.983s][info][gc,task     ] GC(62) Using 12 workers
[40.983s][info][gc,phases   ] GC(62) Pause Mark Start 0.010ms
[41.076s][info][gc,phases   ] GC(62) Concurrent Mark 93.165ms
[41.076s][info][gc,phases   ] GC(62) Pause Mark End 0.061ms
[41.076s][info][gc,phases   ] GC(62) Concurrent Mark Free 0.001ms
[41.078s][info][gc,phases   ] GC(62) Concurrent Process Non-Strong References 2.135ms
[41.078s][info][gc,phases   ] GC(62) Concurrent Reset Relocation Set 0.020ms
[41.103s][info][gc,phases   ] GC(62) Concurrent Select Relocation Set 24.098ms
[41.103s][info][gc,phases   ] GC(62) Pause Relocate Start 0.010ms
[41.123s][info][gc,phases   ] GC(62) Concurrent Relocate 19.971ms
[41.123s][info][gc,load     ] GC(62) Load: 0.00/0.00/0.00
[41.123s][info][gc,mmu      ] GC(62) MMU: 2ms/96.8%, 5ms/98.7%, 10ms/99.3%, 20ms/99.6%, 50ms/99.8%, 100ms/99.9%
[41.123s][info][gc,marking  ] GC(62) Mark: 8 stripe(s), 2 proactive flush(es), 1 terminate flush(es), 1 completion(s), 0 continuation(s) 
[41.123s][info][gc,marking  ] GC(62) Mark Stack Usage: 32M
[41.123s][info][gc,nmethod  ] GC(62) NMethods: 8076 registered, 801 unregistered
[41.123s][info][gc,metaspace] GC(62) Metaspace: 64M used, 65M committed, 1088M reserved
[41.123s][info][gc,ref      ] GC(62) Soft: 3304 encountered, 0 discovered, 0 enqueued
[41.123s][info][gc,ref      ] GC(62) Weak: 6586 encountered, 2842 discovered, 278 enqueued
[41.123s][info][gc,ref      ] GC(62) Final: 84 encountered, 49 discovered, 0 enqueued
[41.123s][info][gc,ref      ] GC(62) Phantom: 631 encountered, 561 discovered, 0 enqueued
[41.123s][info][gc,reloc    ] GC(62) Small Pages: 511 / 1022M, Empty: 520M, Relocated: 32M, In-Place: 0
[41.123s][info][gc,reloc    ] GC(62) Medium Pages: 3 / 96M, Empty: 64M, Relocated: 0M, In-Place: 0
[41.123s][info][gc,reloc    ] GC(62) Large Pages: 14 / 84M, Empty: 60M, Relocated: 0M, In-Place: 0
[41.123s][info][gc,reloc    ] GC(62) Forwarding Usage: 30M
[41.123s][info][gc,heap     ] GC(62) Min Capacity: 8M(0%)
[41.123s][info][gc,heap     ] GC(62) Max Capacity: 2048M(100%)
[41.123s][info][gc,heap     ] GC(62) Soft Max Capacity: 2048M(100%)
[41.123s][info][gc,heap     ] GC(62)                Mark Start          Mark End        Relocate Start      Relocate End           High               Low         
[41.123s][info][gc,heap     ] GC(62)  Capacity:     2048M (100%)       2048M (100%)       2048M (100%)       2048M (100%)       2048M (100%)       2048M (100%)   
[41.123s][info][gc,heap     ] GC(62)      Free:      846M (41%)         822M (40%)        1460M (71%)        1732M (85%)        1732M (85%)         822M (40%)    
[41.123s][info][gc,heap     ] GC(62)      Used:     1202M (59%)        1226M (60%)         588M (29%)         316M (15%)        1226M (60%)         316M (15%)    
[41.123s][info][gc,heap     ] GC(62)      Live:         -               215M (11%)         215M (11%)         215M (11%)            -                  -          
[41.123s][info][gc,heap     ] GC(62) Allocated:         -                24M (1%)           30M (1%)           37M (2%)             -                  -          
[41.123s][info][gc,heap     ] GC(62)   Garbage:         -               986M (48%)         342M (17%)          62M (3%)             -                  -          
[41.123s][info][gc,heap     ] GC(62) Reclaimed:         -                  -               644M (31%)         923M (45%)            -                  -          
[41.123s][info][gc          ] GC(62) Garbage Collection (Allocation Rate) 1202M(59%)->316M(15%)
[41.674s][info][gc,start    ] GC(63) Garbage Collection (Allocation Rate)
[41.674s][info][gc,task     ] GC(63) Using 8 workers
[41.674s][info][gc,phases   ] GC(63) Pause Mark Start 0.017ms
[41.830s][info][gc,phases   ] GC(63) Concurrent Mark 155.512ms
[41.830s][info][gc,phases   ] GC(63) Pause Mark End 0.027ms
[41.830s][info][gc,phases   ] GC(63) Concurrent Mark Free 0.001ms
[41.833s][info][gc,phases   ] GC(63) Concurrent Process Non-Strong References 2.986ms
[41.833s][info][gc,phases   ] GC(63) Concurrent Reset Relocation Set 0.026ms
[41.872s][info][gc,phases   ] GC(63) Concurrent Select Relocation Set 39.084ms
[41.873s][info][gc,phases   ] GC(63) Pause Relocate Start 0.009ms
[41.916s][info][gc,phases   ] GC(63) Concurrent Relocate 42.869ms
[41.916s][info][gc,load     ] GC(63) Load: 0.00/0.00/0.00
[41.916s][info][gc,mmu      ] GC(63) MMU: 2ms/96.8%, 5ms/98.7%, 10ms/99.3%, 20ms/99.6%, 50ms/99.8%, 100ms/99.9%
[41.916s][info][gc,marking  ] GC(63) Mark: 8 stripe(s), 2 proactive flush(es), 1 terminate flush(es), 0 completion(s), 0 continuation(s) 
[41.916s][info][gc,marking  ] GC(63) Mark Stack Usage: 32M
[41.916s][info][gc,nmethod  ] GC(63) NMethods: 8137 registered, 806 unregistered
[41.916s][info][gc,metaspace] GC(63) Metaspace: 64M used, 65M committed, 1088M reserved
[41.916s][info][gc,ref      ] GC(63) Soft: 3300 encountered, 0 discovered, 0 enqueued
[41.916s][info][gc,ref      ] GC(63) Weak: 6366 encountered, 822 discovered, 84 enqueued
[41.916s][info][gc,ref      ] GC(63) Final: 84 encountered, 76 discovered, 0 enqueued
[41.916s][info][gc,ref      ] GC(63) Phantom: 616 encountered, 507 discovered, 0 enqueued
[41.916s][info][gc,reloc    ] GC(63) Small Pages: 514 / 1028M, Empty: 66M, Relocated: 50M, In-Place: 0
[41.916s][info][gc,reloc    ] GC(63) Medium Pages: 4 / 128M, Empty: 32M, Relocated: 15M, In-Place: 0
[41.916s][info][gc,reloc    ] GC(63) Large Pages: 10 / 60M, Empty: 54M, Relocated: 0M, In-Place: 0
[41.916s][info][gc,reloc    ] GC(63) Forwarding Usage: 43M
[41.916s][info][gc,heap     ] GC(63) Min Capacity: 8M(0%)
[41.916s][info][gc,heap     ] GC(63) Max Capacity: 2048M(100%)
[41.916s][info][gc,heap     ] GC(63) Soft Max Capacity: 2048M(100%)
[41.916s][info][gc,heap     ] GC(63)                Mark Start          Mark End        Relocate Start      Relocate End           High               Low         
[41.916s][info][gc,heap     ] GC(63)  Capacity:     2048M (100%)       2048M (100%)       2048M (100%)       2048M (100%)       2048M (100%)       2048M (100%)   
[41.916s][info][gc,heap     ] GC(63)      Free:      832M (41%)         706M (34%)         794M (39%)        1412M (69%)        1420M (69%)         706M (34%)    
[41.916s][info][gc,heap     ] GC(63)      Used:     1216M (59%)        1342M (66%)        1254M (61%)         636M (31%)        1342M (66%)         628M (31%)    
[41.916s][info][gc,heap     ] GC(63)      Live:         -               236M (12%)         236M (12%)         236M (12%)            -                  -          
[41.916s][info][gc,heap     ] GC(63) Allocated:         -               126M (6%)          190M (9%)          330M (16%)            -                  -          
[41.916s][info][gc,heap     ] GC(63)   Garbage:         -               979M (48%)         827M (40%)          68M (3%)             -                  -          
[41.916s][info][gc,heap     ] GC(63) Reclaimed:         -                  -               152M (7%)          910M (44%)            -                  -          
[41.916s][info][gc          ] GC(63) Garbage Collection (Allocation Rate) 1216M(59%)->636M(31%)
[42.075s][info][gc,start    ] GC(64) Garbage Collection (Allocation Rate)
[42.075s][info][gc,task     ] GC(64) Using 7 workers
[42.075s][info][gc,phases   ] GC(64) Pause Mark Start 0.017ms
[42.215s][info][gc,phases   ] GC(64) Concurrent Mark 140.153ms
[42.216s][info][gc,phases   ] GC(64) Pause Mark End 0.037ms
[42.216s][info][gc,phases   ] GC(64) Concurrent Mark Free 0.001ms
[42.219s][info][gc,phases   ] GC(64) Concurrent Process Non-Strong References 3.400ms
[42.219s][info][gc,phases   ] GC(64) Concurrent Reset Relocation Set 0.092ms
[42.224s][info][gc,phases   ] GC(64) Concurrent Select Relocation Set 5.010ms
[42.225s][info][gc,phases   ] GC(64) Pause Relocate Start 0.012ms
[42.258s][info][gc,phases   ] GC(64) Concurrent Relocate 33.697ms
[42.258s][info][gc,load     ] GC(64) Load: 0.00/0.00/0.00
[42.258s][info][gc,mmu      ] GC(64) MMU: 2ms/96.8%, 5ms/98.7%, 10ms/99.3%, 20ms/99.6%, 50ms/99.8%, 100ms/99.9%
[42.258s][info][gc,marking  ] GC(64) Mark: 4 stripe(s), 2 proactive flush(es), 1 terminate flush(es), 0 completion(s), 0 continuation(s) 
[42.259s][info][gc,marking  ] GC(64) Mark Stack Usage: 32M
[42.259s][info][gc,nmethod  ] GC(64) NMethods: 8159 registered, 812 unregistered
[42.259s][info][gc,metaspace] GC(64) Metaspace: 64M used, 65M committed, 1088M reserved
[42.259s][info][gc,ref      ] GC(64) Soft: 3296 encountered, 0 discovered, 0 enqueued
[42.259s][info][gc,ref      ] GC(64) Weak: 6313 encountered, 1721 discovered, 10 enqueued
[42.259s][info][gc,ref      ] GC(64) Final: 84 encountered, 4 discovered, 0 enqueued
[42.259s][info][gc,ref      ] GC(64) Phantom: 616 encountered, 571 discovered, 0 enqueued
[42.259s][info][gc,reloc    ] GC(64) Small Pages: 282 / 564M, Empty: 22M, Relocated: 45M, In-Place: 0
[42.259s][info][gc,reloc    ] GC(64) Medium Pages: 6 / 192M, Empty: 64M, Relocated: 20M, In-Place: 0
[42.259s][info][gc,reloc    ] GC(64) Large Pages: 33 / 222M, Empty: 200M, Relocated: 0M, In-Place: 0
[42.259s][info][gc,reloc    ] GC(64) Forwarding Usage: 43M
[42.259s][info][gc,heap     ] GC(64) Min Capacity: 8M(0%)
[42.259s][info][gc,heap     ] GC(64) Max Capacity: 2048M(100%)
[42.259s][info][gc,heap     ] GC(64) Soft Max Capacity: 2048M(100%)
[42.259s][info][gc,heap     ] GC(64)                Mark Start          Mark End        Relocate Start      Relocate End           High               Low         
[42.259s][info][gc,heap     ] GC(64)  Capacity:     2048M (100%)       2048M (100%)       2048M (100%)       2048M (100%)       2048M (100%)       2048M (100%)   
[42.259s][info][gc,heap     ] GC(64)      Free:     1070M (52%)         924M (45%)        1198M (58%)        1540M (75%)        1542M (75%)         914M (45%)    
[42.259s][info][gc,heap     ] GC(64)      Used:      978M (48%)        1124M (55%)         850M (42%)         508M (25%)        1134M (55%)         506M (25%)    
[42.259s][info][gc,heap     ] GC(64)      Live:         -               235M (12%)         235M (12%)         235M (12%)            -                  -          
[42.259s][info][gc,heap     ] GC(64) Allocated:         -               146M (7%)          158M (8%)          225M (11%)            -                  -          
[42.259s][info][gc,heap     ] GC(64)   Garbage:         -               742M (36%)         456M (22%)          46M (2%)             -                  -          
[42.259s][info][gc,heap     ] GC(64) Reclaimed:         -                  -               286M (14%)         695M (34%)            -                  -          
[42.259s][info][gc          ] GC(64) Garbage Collection (Allocation Rate) 978M(48%)->508M(25%)
[42.481s][info][gc,start    ] GC(65) Garbage Collection (Allocation Rate)
[42.481s][info][gc,task     ] GC(65) Using 6 workers
[42.481s][info][gc,phases   ] GC(65) Pause Mark Start 0.015ms
[42.700s][info][gc,phases   ] GC(65) Concurrent Mark 218.300ms
[42.700s][info][gc,phases   ] GC(65) Pause Mark End 0.029ms
[42.700s][info][gc,phases   ] GC(65) Concurrent Mark Free 0.001ms
[42.705s][info][gc,phases   ] GC(65) Concurrent Process Non-Strong References 5.298ms
[42.705s][info][gc,phases   ] GC(65) Concurrent Reset Relocation Set 0.036ms
[42.717s][info][gc,phases   ] GC(65) Concurrent Select Relocation Set 11.565ms
[42.717s][info][gc,phases   ] GC(65) Pause Relocate Start 0.011ms
[42.728s][info][gc,phases   ] GC(65) Concurrent Relocate 10.546ms
[42.728s][info][gc,load     ] GC(65) Load: 0.00/0.00/0.00
[42.728s][info][gc,mmu      ] GC(65) MMU: 2ms/96.8%, 5ms/98.7%, 10ms/99.3%, 20ms/99.6%, 50ms/99.8%, 100ms/99.9%
[42.728s][info][gc,marking  ] GC(65) Mark: 4 stripe(s), 4 proactive flush(es), 1 terminate flush(es), 0 completion(s), 0 continuation(s) 
[42.728s][info][gc,marking  ] GC(65) Mark Stack Usage: 32M
[42.728s][info][gc,nmethod  ] GC(65) NMethods: 8161 registered, 812 unregistered
[42.728s][info][gc,metaspace] GC(65) Metaspace: 64M used, 65M committed, 1088M reserved
[42.728s][info][gc,ref      ] GC(65) Soft: 3296 encountered, 0 discovered, 0 enqueued
[42.728s][info][gc,ref      ] GC(65) Weak: 6306 encountered, 2007 discovered, 103 enqueued
[42.728s][info][gc,ref      ] GC(65) Final: 84 encountered, 8 discovered, 0 enqueued
[42.728s][info][gc,ref      ] GC(65) Phantom: 616 encountered, 420 discovered, 0 enqueued
[42.728s][info][gc,reloc    ] GC(65) Small Pages: 429 / 858M, Empty: 500M, Relocated: 8M, In-Place: 0
[42.728s][info][gc,reloc    ] GC(65) Medium Pages: 2 / 64M, Empty: 32M, Relocated: 0M, In-Place: 0
[42.728s][info][gc,reloc    ] GC(65) Large Pages: 9 / 58M, Empty: 46M, Relocated: 0M, In-Place: 0
[42.728s][info][gc,reloc    ] GC(65) Forwarding Usage: 7M
[42.728s][info][gc,heap     ] GC(65) Min Capacity: 8M(0%)
[42.728s][info][gc,heap     ] GC(65) Max Capacity: 2048M(100%)
[42.728s][info][gc,heap     ] GC(65) Soft Max Capacity: 2048M(100%)
[42.728s][info][gc,heap     ] GC(65)                Mark Start          Mark End        Relocate Start      Relocate End           High               Low         
[42.728s][info][gc,heap     ] GC(65)  Capacity:     2048M (100%)       2048M (100%)       2048M (100%)       2048M (100%)       2048M (100%)       2048M (100%)   
[42.728s][info][gc,heap     ] GC(65)      Free:     1068M (52%)         994M (49%)        1568M (77%)        1620M (79%)        1620M (79%)         994M (49%)    
[42.729s][info][gc,heap     ] GC(65)      Used:      980M (48%)        1054M (51%)         480M (23%)         428M (21%)        1054M (51%)         428M (21%)    
[42.729s][info][gc,heap     ] GC(65)      Live:         -               292M (14%)         292M (14%)         292M (14%)            -                  -          
[42.729s][info][gc,heap     ] GC(65) Allocated:         -                74M (4%)           78M (4%)           77M (4%)             -                  -          
[42.729s][info][gc,heap     ] GC(65)   Garbage:         -               687M (34%)         109M (5%)           57M (3%)             -                  -          
[42.729s][info][gc,heap     ] GC(65) Reclaimed:         -                  -               578M (28%)         629M (31%)            -                  -          
[42.729s][info][gc          ] GC(65) Garbage Collection (Allocation Rate) 980M(48%)->428M(21%)
[42.729s][info][gc,start    ] GC(66) Garbage Collection (System.gc())
[42.729s][info][gc,task     ] GC(66) Using 12 workers
[42.729s][info][gc,phases   ] GC(66) Pause Mark Start 0.013ms
[42.809s][info][gc,phases   ] GC(66) Concurrent Mark 79.951ms
[42.809s][info][gc,phases   ] GC(66) Pause Mark End 0.027ms
[42.809s][info][gc,phases   ] GC(66) Concurrent Mark Free 0.001ms
[42.811s][info][gc,phases   ] GC(66) Concurrent Process Non-Strong References 1.911ms
[42.811s][info][gc,phases   ] GC(66) Concurrent Reset Relocation Set 0.008ms
[42.816s][info][gc,phases   ] GC(66) Concurrent Select Relocation Set 4.498ms
[42.816s][info][gc,phases   ] GC(66) Pause Relocate Start 0.008ms
[42.821s][info][gc,phases   ] GC(66) Concurrent Relocate 4.766ms
[42.821s][info][gc,load     ] GC(66) Load: 0.00/0.00/0.00
[42.821s][info][gc,mmu      ] GC(66) MMU: 2ms/96.8%, 5ms/98.7%, 10ms/99.3%, 20ms/99.6%, 50ms/99.8%, 100ms/99.9%
[42.821s][info][gc,marking  ] GC(66) Mark: 8 stripe(s), 1 proactive flush(es), 1 terminate flush(es), 0 completion(s), 0 continuation(s) 
[42.821s][info][gc,marking  ] GC(66) Mark Stack Usage: 32M
[42.821s][info][gc,nmethod  ] GC(66) NMethods: 8162 registered, 812 unregistered
[42.821s][info][gc,metaspace] GC(66) Metaspace: 64M used, 65M committed, 1088M reserved
[42.821s][info][gc,ref      ] GC(66) Soft: 3296 encountered, 0 discovered, 0 enqueued
[42.821s][info][gc,ref      ] GC(66) Weak: 6213 encountered, 663 discovered, 4 enqueued
[42.821s][info][gc,ref      ] GC(66) Final: 84 encountered, 4 discovered, 0 enqueued
[42.821s][info][gc,ref      ] GC(66) Phantom: 616 encountered, 529 discovered, 0 enqueued
[42.821s][info][gc,reloc    ] GC(66) Small Pages: 192 / 384M, Empty: 156M, Relocated: 6M, In-Place: 0
[42.821s][info][gc,reloc    ] GC(66) Medium Pages: 1 / 32M, Empty: 0M, Relocated: 0M, In-Place: 0
[42.821s][info][gc,reloc    ] GC(66) Large Pages: 2 / 12M, Empty: 12M, Relocated: 0M, In-Place: 0
[42.821s][info][gc,reloc    ] GC(66) Forwarding Usage: 4M
[42.821s][info][gc,heap     ] GC(66) Min Capacity: 8M(0%)
[42.821s][info][gc,heap     ] GC(66) Max Capacity: 2048M(100%)
[42.821s][info][gc,heap     ] GC(66) Soft Max Capacity: 2048M(100%)
[42.821s][info][gc,heap     ] GC(66)                Mark Start          Mark End        Relocate Start      Relocate End           High               Low         
[42.821s][info][gc,heap     ] GC(66)  Capacity:     2048M (100%)       2048M (100%)       2048M (100%)       2048M (100%)       2048M (100%)       2048M (100%)   
[42.821s][info][gc,heap     ] GC(66)      Free:     1620M (79%)        1620M (79%)        1786M (87%)        1810M (88%)        1810M (88%)        1618M (79%)    
[42.821s][info][gc,heap     ] GC(66)      Used:      428M (21%)         428M (21%)         262M (13%)         238M (12%)         430M (21%)         238M (12%)    
[42.821s][info][gc,heap     ] GC(66)      Live:         -               166M (8%)          166M (8%)          166M (8%)             -                  -          
[42.821s][info][gc,heap     ] GC(66) Allocated:         -                 0M (0%)            2M (0%)            3M (0%)             -                  -          
[42.821s][info][gc,heap     ] GC(66)   Garbage:         -               261M (13%)          93M (5%)           67M (3%)             -                  -          
[42.821s][info][gc,heap     ] GC(66) Reclaimed:         -                  -               168M (8%)          193M (9%)             -                  -          
[42.821s][info][gc          ] GC(66) Garbage Collection (System.gc()) 428M(21%)->238M(12%)
[43.283s][info][gc,start    ] GC(67) Garbage Collection (Allocation Rate)
[43.283s][info][gc,task     ] GC(67) Using 5 workers
[43.283s][info][gc,phases   ] GC(67) Pause Mark Start 0.011ms
[43.517s][info][gc,phases   ] GC(67) Concurrent Mark 233.886ms
[43.518s][info][gc,phases   ] GC(67) Pause Mark End 0.029ms
[43.518s][info][gc,phases   ] GC(67) Concurrent Mark Free 0.001ms
[43.522s][info][gc,phases   ] GC(67) Concurrent Process Non-Strong References 3.810ms
[43.522s][info][gc,phases   ] GC(67) Concurrent Reset Relocation Set 0.003ms
[43.553s][info][gc,phases   ] GC(67) Concurrent Select Relocation Set 31.422ms
[43.553s][info][gc,phases   ] GC(67) Pause Relocate Start 0.009ms
[43.629s][info][gc,phases   ] GC(67) Concurrent Relocate 76.032ms
[43.629s][info][gc,load     ] GC(67) Load: 0.00/0.00/0.00
[43.630s][info][gc,mmu      ] GC(67) MMU: 2ms/96.8%, 5ms/98.7%, 10ms/99.3%, 20ms/99.6%, 50ms/99.8%, 100ms/99.9%
[43.630s][info][gc,marking  ] GC(67) Mark: 4 stripe(s), 2 proactive flush(es), 1 terminate flush(es), 0 completion(s), 0 continuation(s) 
[43.630s][info][gc,marking  ] GC(67) Mark Stack Usage: 32M
[43.630s][info][gc,nmethod  ] GC(67) NMethods: 8203 registered, 822 unregistered
[43.630s][info][gc,metaspace] GC(67) Metaspace: 64M used, 65M committed, 1088M reserved
[43.630s][info][gc,ref      ] GC(67) Soft: 3300 encountered, 0 discovered, 0 enqueued
[43.630s][info][gc,ref      ] GC(67) Weak: 6294 encountered, 616 discovered, 28 enqueued
[43.630s][info][gc,ref      ] GC(67) Final: 84 encountered, 3 discovered, 0 enqueued
[43.630s][info][gc,ref      ] GC(67) Phantom: 616 encountered, 426 discovered, 0 enqueued
[43.630s][info][gc,reloc    ] GC(67) Small Pages: 509 / 1018M, Empty: 0M, Relocated: 139M, In-Place: 0
[43.630s][info][gc,reloc    ] GC(67) Medium Pages: 2 / 64M, Empty: 32M, Relocated: 0M, In-Place: 0
[43.630s][info][gc,reloc    ] GC(67) Large Pages: 9 / 54M, Empty: 6M, Relocated: 0M, In-Place: 0
[43.630s][info][gc,reloc    ] GC(67) Forwarding Usage: 96M
[43.630s][info][gc,heap     ] GC(67) Min Capacity: 8M(0%)
[43.630s][info][gc,heap     ] GC(67) Max Capacity: 2048M(100%)
[43.630s][info][gc,heap     ] GC(67) Soft Max Capacity: 2048M(100%)
[43.630s][info][gc,heap     ] GC(67)                Mark Start          Mark End        Relocate Start      Relocate End           High               Low         
[43.630s][info][gc,heap     ] GC(67)  Capacity:     2048M (100%)       2048M (100%)       2048M (100%)       2048M (100%)       2048M (100%)       2048M (100%)   
[43.630s][info][gc,heap     ] GC(67)      Free:      912M (45%)         496M (24%)         458M (22%)        1058M (52%)        1058M (52%)         448M (22%)    
[43.630s][info][gc,heap     ] GC(67)      Used:     1136M (55%)        1552M (76%)        1590M (78%)         990M (48%)        1600M (78%)         990M (48%)    
[43.630s][info][gc,heap     ] GC(67)      Live:         -               348M (17%)         348M (17%)         348M (17%)            -                  -          
[43.630s][info][gc,heap     ] GC(67) Allocated:         -               416M (20%)         492M (24%)         584M (29%)            -                  -          
[43.630s][info][gc,heap     ] GC(67)   Garbage:         -               787M (38%)         749M (37%)          56M (3%)             -                  -          
[43.630s][info][gc,heap     ] GC(67) Reclaimed:         -                  -                38M (2%)          730M (36%)            -                  -          
[43.630s][info][gc          ] GC(67) Garbage Collection (Allocation Rate) 1136M(55%)->990M(48%)
[43.674s][info][gc,start    ] GC(68) Garbage Collection (Allocation Rate)
[43.674s][info][gc,task     ] GC(68) Using 7 workers
[43.674s][info][gc,phases   ] GC(68) Pause Mark Start 0.008ms
[43.939s][info][gc,phases   ] GC(68) Concurrent Mark 265.161ms
[43.939s][info][gc,phases   ] GC(68) Pause Mark End 0.022ms
[43.939s][info][gc,phases   ] GC(68) Concurrent Mark Free 0.001ms
[43.942s][info][gc,phases   ] GC(68) Concurrent Process Non-Strong References 2.881ms
[43.942s][info][gc,phases   ] GC(68) Concurrent Reset Relocation Set 0.086ms
[43.954s][info][gc,phases   ] GC(68) Concurrent Select Relocation Set 11.379ms
[43.954s][info][gc,phases   ] GC(68) Pause Relocate Start 0.009ms
[43.988s][info][gc,phases   ] GC(68) Concurrent Relocate 33.857ms
[43.988s][info][gc,load     ] GC(68) Load: 0.00/0.00/0.00
[43.988s][info][gc,mmu      ] GC(68) MMU: 2ms/96.8%, 5ms/98.7%, 10ms/99.3%, 20ms/99.6%, 50ms/99.8%, 100ms/99.9%
[43.988s][info][gc,marking  ] GC(68) Mark: 4 stripe(s), 3 proactive flush(es), 1 terminate flush(es), 0 completion(s), 0 continuation(s) 
[43.988s][info][gc,marking  ] GC(68) Mark Stack Usage: 32M
[43.988s][info][gc,nmethod  ] GC(68) NMethods: 8216 registered, 822 unregistered
[43.988s][info][gc,metaspace] GC(68) Metaspace: 64M used, 65M committed, 1088M reserved
[43.988s][info][gc,ref      ] GC(68) Soft: 3300 encountered, 0 discovered, 0 enqueued
[43.988s][info][gc,ref      ] GC(68) Weak: 6266 encountered, 3357 discovered, 0 enqueued
[43.988s][info][gc,ref      ] GC(68) Final: 84 encountered, 77 discovered, 0 enqueued
[43.988s][info][gc,ref      ] GC(68) Phantom: 616 encountered, 430 discovered, 0 enqueued
[43.988s][info][gc,reloc    ] GC(68) Small Pages: 469 / 938M, Empty: 0M, Relocated: 50M, In-Place: 0
[43.988s][info][gc,reloc    ] GC(68) Medium Pages: 1 / 32M, Empty: 0M, Relocated: 0M, In-Place: 0
[43.988s][info][gc,reloc    ] GC(68) Large Pages: 12 / 88M, Empty: 24M, Relocated: 0M, In-Place: 0
[43.988s][info][gc,reloc    ] GC(68) Forwarding Usage: 45M
[43.989s][info][gc,heap     ] GC(68) Min Capacity: 8M(0%)
[43.989s][info][gc,heap     ] GC(68) Max Capacity: 2048M(100%)
[43.989s][info][gc,heap     ] GC(68) Soft Max Capacity: 2048M(100%)
[43.989s][info][gc,heap     ] GC(68)                Mark Start          Mark End        Relocate Start      Relocate End           High               Low         
[43.989s][info][gc,heap     ] GC(68)  Capacity:     2048M (100%)       2048M (100%)       2048M (100%)       2048M (100%)       2048M (100%)       2048M (100%)   
[43.989s][info][gc,heap     ] GC(68)      Free:      990M (48%)         586M (29%)         588M (29%)        1114M (54%)        1114M (54%)         574M (28%)    
[43.989s][info][gc,heap     ] GC(68)      Used:     1058M (52%)        1462M (71%)        1460M (71%)         934M (46%)        1474M (72%)         934M (46%)    
[43.989s][info][gc,heap     ] GC(68)      Live:         -               400M (20%)         400M (20%)         400M (20%)            -                  -          
[43.989s][info][gc,heap     ] GC(68) Allocated:         -               404M (20%)         426M (21%)         472M (23%)            -                  -          
[43.989s][info][gc,heap     ] GC(68)   Garbage:         -               657M (32%)         633M (31%)          61M (3%)             -                  -          
[43.989s][info][gc,heap     ] GC(68) Reclaimed:         -                  -                24M (1%)          596M (29%)            -                  -          
[43.989s][info][gc          ] GC(68) Garbage Collection (Allocation Rate) 1058M(52%)->934M(46%)
[44.080s][info][gc,start    ] GC(69) Garbage Collection (Allocation Rate)
[44.080s][info][gc,task     ] GC(69) Using 12 workers
[44.080s][info][gc,phases   ] GC(69) Pause Mark Start 0.014ms
[44.283s][info][gc,phases   ] GC(69) Concurrent Mark 202.659ms
[44.283s][info][gc,phases   ] GC(69) Pause Mark End 0.029ms
[44.283s][info][gc,phases   ] GC(69) Concurrent Mark Free 0.001ms
[44.285s][info][gc,phases   ] GC(69) Concurrent Process Non-Strong References 2.207ms
[44.285s][info][gc,phases   ] GC(69) Concurrent Reset Relocation Set 0.051ms
[44.290s][info][gc,phases   ] GC(69) Concurrent Select Relocation Set 4.079ms
[44.290s][info][gc,phases   ] GC(69) Pause Relocate Start 0.008ms
[44.310s][info][gc,phases   ] GC(69) Concurrent Relocate 20.199ms
[44.310s][info][gc,load     ] GC(69) Load: 0.00/0.00/0.00
[44.310s][info][gc,mmu      ] GC(69) MMU: 2ms/96.8%, 5ms/98.7%, 10ms/99.3%, 20ms/99.6%, 50ms/99.8%, 100ms/99.9%
[44.310s][info][gc,marking  ] GC(69) Mark: 8 stripe(s), 3 proactive flush(es), 1 terminate flush(es), 0 completion(s), 0 continuation(s) 
[44.310s][info][gc,marking  ] GC(69) Mark Stack Usage: 32M
[44.310s][info][gc,nmethod  ] GC(69) NMethods: 8219 registered, 823 unregistered
[44.310s][info][gc,metaspace] GC(69) Metaspace: 64M used, 65M committed, 1088M reserved
[44.310s][info][gc,ref      ] GC(69) Soft: 3300 encountered, 0 discovered, 0 enqueued
[44.310s][info][gc,ref      ] GC(69) Weak: 6274 encountered, 1885 discovered, 3 enqueued
[44.310s][info][gc,ref      ] GC(69) Final: 84 encountered, 7 discovered, 0 enqueued
[44.310s][info][gc,ref      ] GC(69) Phantom: 616 encountered, 434 discovered, 0 enqueued
[44.310s][info][gc,reloc    ] GC(69) Small Pages: 497 / 994M, Empty: 0M, Relocated: 38M, In-Place: 0
[44.310s][info][gc,reloc    ] GC(69) Medium Pages: 1 / 32M, Empty: 0M, Relocated: 0M, In-Place: 0
[44.310s][info][gc,reloc    ] GC(69) Large Pages: 8 / 64M, Empty: 0M, Relocated: 0M, In-Place: 0
[44.310s][info][gc,reloc    ] GC(69) Forwarding Usage: 39M
[44.310s][info][gc,heap     ] GC(69) Min Capacity: 8M(0%)
[44.310s][info][gc,heap     ] GC(69) Max Capacity: 2048M(100%)
[44.310s][info][gc,heap     ] GC(69) Soft Max Capacity: 2048M(100%)
[44.310s][info][gc,heap     ] GC(69)                Mark Start          Mark End        Relocate Start      Relocate End           High               Low         
[44.310s][info][gc,heap     ] GC(69)  Capacity:     2048M (100%)       2048M (100%)       2048M (100%)       2048M (100%)       2048M (100%)       2048M (100%)   
[44.310s][info][gc,heap     ] GC(69)      Free:      958M (47%)         856M (42%)         856M (42%)        1442M (70%)        1442M (70%)         832M (41%)    
[44.310s][info][gc,heap     ] GC(69)      Used:     1090M (53%)        1192M (58%)        1192M (58%)         606M (30%)        1216M (59%)         606M (30%)    
[44.310s][info][gc,heap     ] GC(69)      Live:         -               425M (21%)         425M (21%)         425M (21%)            -                  -          
[44.310s][info][gc,heap     ] GC(69) Allocated:         -               102M (5%)          102M (5%)          102M (5%)             -                  -          
[44.310s][info][gc,heap     ] GC(69)   Garbage:         -               664M (32%)         664M (32%)          78M (4%)             -                  -          
[44.310s][info][gc,heap     ] GC(69) Reclaimed:         -                  -                 0M (0%)          586M (29%)            -                  -          
[44.310s][info][gc          ] GC(69) Garbage Collection (Allocation Rate) 1090M(53%)->606M(30%)
[44.673s][info][gc,start    ] GC(70) Garbage Collection (Allocation Rate)
[44.674s][info][gc,task     ] GC(70) Using 12 workers
[44.674s][info][gc,phases   ] GC(70) Pause Mark Start 0.011ms
[44.819s][info][gc,phases   ] GC(70) Concurrent Mark 145.207ms
[44.819s][info][gc,phases   ] GC(70) Pause Mark End 0.022ms
[44.819s][info][gc,phases   ] GC(70) Concurrent Mark Free 0.001ms
[44.821s][info][gc,phases   ] GC(70) Concurrent Process Non-Strong References 2.027ms
[44.821s][info][gc,phases   ] GC(70) Concurrent Reset Relocation Set 0.037ms
[44.827s][info][gc,phases   ] GC(70) Concurrent Select Relocation Set 5.415ms
[44.827s][info][gc,phases   ] GC(70) Pause Relocate Start 0.008ms
[44.846s][info][gc,phases   ] GC(70) Concurrent Relocate 19.524ms
[44.847s][info][gc,load     ] GC(70) Load: 0.00/0.00/0.00
[44.847s][info][gc,mmu      ] GC(70) MMU: 2ms/96.8%, 5ms/98.7%, 10ms/99.3%, 20ms/99.6%, 50ms/99.8%, 100ms/99.9%
[44.847s][info][gc,marking  ] GC(70) Mark: 8 stripe(s), 2 proactive flush(es), 1 terminate flush(es), 0 completion(s), 0 continuation(s) 
[44.847s][info][gc,marking  ] GC(70) Mark Stack Usage: 32M
[44.847s][info][gc,nmethod  ] GC(70) NMethods: 8224 registered, 826 unregistered
[44.847s][info][gc,metaspace] GC(70) Metaspace: 64M used, 65M committed, 1088M reserved
[44.847s][info][gc,ref      ] GC(70) Soft: 3300 encountered, 0 discovered, 0 enqueued
[44.847s][info][gc,ref      ] GC(70) Weak: 6412 encountered, 2848 discovered, 5 enqueued
[44.847s][info][gc,ref      ] GC(70) Final: 84 encountered, 50 discovered, 0 enqueued
[44.847s][info][gc,ref      ] GC(70) Phantom: 619 encountered, 596 discovered, 0 enqueued
[44.847s][info][gc,reloc    ] GC(70) Small Pages: 248 / 496M, Empty: 68M, Relocated: 31M, In-Place: 0
[44.847s][info][gc,reloc    ] GC(70) Medium Pages: 2 / 64M, Empty: 0M, Relocated: 12M, In-Place: 0
[44.847s][info][gc,reloc    ] GC(70) Large Pages: 8 / 64M, Empty: 24M, Relocated: 0M, In-Place: 0
[44.847s][info][gc,reloc    ] GC(70) Forwarding Usage: 25M
[44.847s][info][gc,heap     ] GC(70) Min Capacity: 8M(0%)
[44.847s][info][gc,heap     ] GC(70) Max Capacity: 2048M(100%)
[44.847s][info][gc,heap     ] GC(70) Soft Max Capacity: 2048M(100%)
[44.847s][info][gc,heap     ] GC(70)                Mark Start          Mark End        Relocate Start      Relocate End           High               Low         
[44.847s][info][gc,heap     ] GC(70)  Capacity:     2048M (100%)       2048M (100%)       2048M (100%)       2048M (100%)       2048M (100%)       2048M (100%)   
[44.847s][info][gc,heap     ] GC(70)      Free:     1424M (70%)        1390M (68%)        1480M (72%)        1626M (79%)        1626M (79%)        1388M (68%)    
[44.847s][info][gc,heap     ] GC(70)      Used:      624M (30%)         658M (32%)         568M (28%)         422M (21%)         660M (32%)         422M (21%)    
[44.847s][info][gc,heap     ] GC(70)      Live:         -               308M (15%)         308M (15%)         308M (15%)            -                  -          
[44.847s][info][gc,heap     ] GC(70) Allocated:         -                34M (2%)           36M (2%)           37M (2%)             -                  -          
[44.847s][info][gc,heap     ] GC(70)   Garbage:         -               315M (15%)         223M (11%)          76M (4%)             -                  -          
[44.847s][info][gc,heap     ] GC(70) Reclaimed:         -                  -                92M (4%)          239M (12%)            -                  -          
[44.847s][info][gc          ] GC(70) Garbage Collection (Allocation Rate) 624M(30%)->422M(21%)
[44.978s][info][gc,start    ] GC(71) Garbage Collection (Allocation Rate)
[44.978s][info][gc,task     ] GC(71) Using 12 workers
[44.978s][info][gc,phases   ] GC(71) Pause Mark Start 0.010ms
[45.056s][info][gc,phases   ] GC(71) Concurrent Mark 77.789ms
[45.056s][info][gc,phases   ] GC(71) Pause Mark End 0.026ms
[45.056s][info][gc,phases   ] GC(71) Concurrent Mark Free 0.001ms
[45.058s][info][gc,phases   ] GC(71) Concurrent Process Non-Strong References 1.931ms
[45.058s][info][gc,phases   ] GC(71) Concurrent Reset Relocation Set 0.013ms
[45.063s][info][gc,phases   ] GC(71) Concurrent Select Relocation Set 4.597ms
[45.063s][info][gc,phases   ] GC(71) Pause Relocate Start 0.007ms
[45.072s][info][gc,phases   ] GC(71) Concurrent Relocate 9.505ms
[45.072s][info][gc,load     ] GC(71) Load: 0.00/0.00/0.00
[45.072s][info][gc,mmu      ] GC(71) MMU: 2ms/96.8%, 5ms/98.7%, 10ms/99.3%, 20ms/99.6%, 50ms/99.8%, 100ms/99.9%
[45.072s][info][gc,marking  ] GC(71) Mark: 8 stripe(s), 2 proactive flush(es), 1 terminate flush(es), 0 completion(s), 0 continuation(s) 
[45.072s][info][gc,marking  ] GC(71) Mark Stack Usage: 32M
[45.072s][info][gc,nmethod  ] GC(71) NMethods: 8293 registered, 832 unregistered
[45.072s][info][gc,metaspace] GC(71) Metaspace: 64M used, 65M committed, 1088M reserved
[45.073s][info][gc,ref      ] GC(71) Soft: 3300 encountered, 0 discovered, 0 enqueued
[45.073s][info][gc,ref      ] GC(71) Weak: 6485 encountered, 2130 discovered, 86 enqueued
[45.073s][info][gc,ref      ] GC(71) Final: 84 encountered, 31 discovered, 0 enqueued
[45.073s][info][gc,ref      ] GC(71) Phantom: 620 encountered, 503 discovered, 0 enqueued
[45.073s][info][gc,reloc    ] GC(71) Small Pages: 219 / 438M, Empty: 92M, Relocated: 13M, In-Place: 0
[45.073s][info][gc,reloc    ] GC(71) Medium Pages: 2 / 64M, Empty: 0M, Relocated: 22M, In-Place: 0
[45.073s][info][gc,reloc    ] GC(71) Large Pages: 5 / 46M, Empty: 46M, Relocated: 0M, In-Place: 0
[45.073s][info][gc,reloc    ] GC(71) Forwarding Usage: 11M
[45.073s][info][gc,heap     ] GC(71) Min Capacity: 8M(0%)
[45.073s][info][gc,heap     ] GC(71) Max Capacity: 2048M(100%)
[45.073s][info][gc,heap     ] GC(71) Soft Max Capacity: 2048M(100%)
[45.073s][info][gc,heap     ] GC(71)                Mark Start          Mark End        Relocate Start      Relocate End           High               Low         
[45.073s][info][gc,heap     ] GC(71)  Capacity:     2048M (100%)       2048M (100%)       2048M (100%)       2048M (100%)       2048M (100%)       2048M (100%)   
[45.073s][info][gc,heap     ] GC(71)      Free:     1500M (73%)        1422M (69%)        1554M (76%)        1724M (84%)        1724M (84%)        1416M (69%)    
[45.073s][info][gc,heap     ] GC(71)      Used:      548M (27%)         626M (31%)         494M (24%)         324M (16%)         632M (31%)         324M (16%)    
[45.073s][info][gc,heap     ] GC(71)      Live:         -               186M (9%)          186M (9%)          186M (9%)             -                  -          
[45.073s][info][gc,heap     ] GC(71) Allocated:         -                78M (4%)           84M (4%)           87M (4%)             -                  -          
[45.073s][info][gc,heap     ] GC(71)   Garbage:         -               361M (18%)         223M (11%)          49M (2%)             -                  -          
[45.073s][info][gc,heap     ] GC(71) Reclaimed:         -                  -               138M (7%)          311M (15%)            -                  -          
[45.073s][info][gc          ] GC(71) Garbage Collection (Allocation Rate) 548M(27%)->324M(16%)
[45.571s][info][gc,start    ] GC(72) Garbage Collection (Allocation Rate)
[45.572s][info][gc,task     ] GC(72) Using 12 workers
[45.572s][info][gc,phases   ] GC(72) Pause Mark Start 0.012ms
[45.712s][info][gc,phases   ] GC(72) Concurrent Mark 140.146ms
[45.712s][info][gc,phases   ] GC(72) Pause Mark End 0.017ms
[45.712s][info][gc,phases   ] GC(72) Concurrent Mark Free 0.000ms
[45.714s][info][gc,phases   ] GC(72) Concurrent Process Non-Strong References 2.051ms
[45.714s][info][gc,phases   ] GC(72) Concurrent Reset Relocation Set 0.010ms
[45.748s][info][gc,phases   ] GC(72) Concurrent Select Relocation Set 34.189ms
[45.749s][info][gc,phases   ] GC(72) Pause Relocate Start 0.009ms
[45.795s][info][gc,phases   ] GC(72) Concurrent Relocate 45.953ms
[45.795s][info][gc,load     ] GC(72) Load: 0.00/0.00/0.00
[45.795s][info][gc,mmu      ] GC(72) MMU: 2ms/96.8%, 5ms/98.7%, 10ms/99.3%, 20ms/99.6%, 50ms/99.8%, 100ms/99.9%
[45.795s][info][gc,marking  ] GC(72) Mark: 8 stripe(s), 3 proactive flush(es), 1 terminate flush(es), 0 completion(s), 0 continuation(s) 
[45.795s][info][gc,marking  ] GC(72) Mark Stack Usage: 32M
[45.795s][info][gc,nmethod  ] GC(72) NMethods: 8310 registered, 832 unregistered
[45.795s][info][gc,metaspace] GC(72) Metaspace: 64M used, 65M committed, 1088M reserved
[45.795s][info][gc,ref      ] GC(72) Soft: 3304 encountered, 0 discovered, 0 enqueued
[45.795s][info][gc,ref      ] GC(72) Weak: 6404 encountered, 2788 discovered, 78 enqueued
[45.795s][info][gc,ref      ] GC(72) Final: 84 encountered, 6 discovered, 0 enqueued
[45.795s][info][gc,ref      ] GC(72) Phantom: 616 encountered, 489 discovered, 0 enqueued
[45.795s][info][gc,reloc    ] GC(72) Small Pages: 585 / 1170M, Empty: 0M, Relocated: 141M, In-Place: 0
[45.795s][info][gc,reloc    ] GC(72) Medium Pages: 2 / 64M, Empty: 32M, Relocated: 0M, In-Place: 0
[45.795s][info][gc,reloc    ] GC(72) Large Pages: 12 / 72M, Empty: 24M, Relocated: 0M, In-Place: 0
[45.795s][info][gc,reloc    ] GC(72) Forwarding Usage: 98M
[45.795s][info][gc,heap     ] GC(72) Min Capacity: 8M(0%)
[45.795s][info][gc,heap     ] GC(72) Max Capacity: 2048M(100%)
[45.795s][info][gc,heap     ] GC(72) Soft Max Capacity: 2048M(100%)
[45.795s][info][gc,heap     ] GC(72)                Mark Start          Mark End        Relocate Start      Relocate End           High               Low         
[45.795s][info][gc,heap     ] GC(72)  Capacity:     2048M (100%)       2048M (100%)       2048M (100%)       2048M (100%)       2048M (100%)       2048M (100%)   
[45.795s][info][gc,heap     ] GC(72)      Free:      742M (36%)         526M (26%)         518M (25%)        1318M (64%)        1318M (64%)         494M (24%)    
[45.795s][info][gc,heap     ] GC(72)      Used:     1306M (64%)        1522M (74%)        1530M (75%)         730M (36%)        1554M (76%)         730M (36%)    
[45.795s][info][gc,heap     ] GC(72)      Live:         -               350M (17%)         350M (17%)         350M (17%)            -                  -          
[45.795s][info][gc,heap     ] GC(72) Allocated:         -               216M (11%)         280M (14%)         316M (15%)            -                  -          
[45.796s][info][gc,heap     ] GC(72)   Garbage:         -               955M (47%)         899M (44%)          62M (3%)             -                  -          
[45.796s][info][gc,heap     ] GC(72) Reclaimed:         -                  -                56M (3%)          892M (44%)            -                  -          
[45.796s][info][gc          ] GC(72) Garbage Collection (Allocation Rate) 1306M(64%)->730M(36%)
[45.884s][info][gc,start    ] GC(73) Garbage Collection (Allocation Rate)
[45.884s][info][gc,task     ] GC(73) Using 12 workers
[45.884s][info][gc,phases   ] GC(73) Pause Mark Start 0.017ms
[46.071s][info][gc,phases   ] GC(73) Concurrent Mark 187.058ms
[46.071s][info][gc,phases   ] GC(73) Pause Mark End 0.022ms
[46.071s][info][gc,phases   ] GC(73) Concurrent Mark Free 0.001ms
[46.074s][info][gc,phases   ] GC(73) Concurrent Process Non-Strong References 2.132ms
[46.074s][info][gc,phases   ] GC(73) Concurrent Reset Relocation Set 0.083ms
[46.084s][info][gc,phases   ] GC(73) Concurrent Select Relocation Set 9.938ms
[46.084s][info][gc,phases   ] GC(73) Pause Relocate Start 0.012ms
[46.105s][info][gc,phases   ] GC(73) Concurrent Relocate 21.224ms
[46.105s][info][gc,load     ] GC(73) Load: 0.00/0.00/0.00
[46.105s][info][gc,mmu      ] GC(73) MMU: 2ms/96.8%, 5ms/98.7%, 10ms/99.3%, 20ms/99.6%, 50ms/99.8%, 100ms/99.9%
[46.105s][info][gc,marking  ] GC(73) Mark: 8 stripe(s), 2 proactive flush(es), 1 terminate flush(es), 0 completion(s), 0 continuation(s) 
[46.105s][info][gc,marking  ] GC(73) Mark Stack Usage: 32M
[46.105s][info][gc,nmethod  ] GC(73) NMethods: 8310 registered, 832 unregistered
[46.105s][info][gc,metaspace] GC(73) Metaspace: 64M used, 65M committed, 1088M reserved
[46.105s][info][gc,ref      ] GC(73) Soft: 3304 encountered, 0 discovered, 0 enqueued
[46.105s][info][gc,ref      ] GC(73) Weak: 6326 encountered, 737 discovered, 0 enqueued
[46.105s][info][gc,ref      ] GC(73) Final: 84 encountered, 4 discovered, 0 enqueued
[46.105s][info][gc,ref      ] GC(73) Phantom: 616 encountered, 594 discovered, 0 enqueued
[46.105s][info][gc,reloc    ] GC(73) Small Pages: 389 / 778M, Empty: 0M, Relocated: 45M, In-Place: 0
[46.105s][info][gc,reloc    ] GC(73) Medium Pages: 1 / 32M, Empty: 0M, Relocated: 0M, In-Place: 0
[46.105s][info][gc,reloc    ] GC(73) Large Pages: 12 / 88M, Empty: 24M, Relocated: 0M, In-Place: 0
[46.105s][info][gc,reloc    ] GC(73) Forwarding Usage: 36M
[46.105s][info][gc,heap     ] GC(73) Min Capacity: 8M(0%)
[46.105s][info][gc,heap     ] GC(73) Max Capacity: 2048M(100%)
[46.105s][info][gc,heap     ] GC(73) Soft Max Capacity: 2048M(100%)
[46.105s][info][gc,heap     ] GC(73)                Mark Start          Mark End        Relocate Start      Relocate End           High               Low         
[46.105s][info][gc,heap     ] GC(73)  Capacity:     2048M (100%)       2048M (100%)       2048M (100%)       2048M (100%)       2048M (100%)       2048M (100%)   
[46.105s][info][gc,heap     ] GC(73)      Free:     1150M (56%)         822M (40%)         820M (40%)        1206M (59%)        1206M (59%)         796M (39%)    
[46.105s][info][gc,heap     ] GC(73)      Used:      898M (44%)        1226M (60%)        1228M (60%)         842M (41%)        1252M (61%)         842M (41%)    
[46.106s][info][gc,heap     ] GC(73)      Live:         -               393M (19%)         393M (19%)         393M (19%)            -                  -          
[46.106s][info][gc,heap     ] GC(73) Allocated:         -               328M (16%)         354M (17%)         379M (19%)            -                  -          
[46.106s][info][gc,heap     ] GC(73)   Garbage:         -               504M (25%)         480M (23%)          68M (3%)             -                  -          
[46.106s][info][gc,heap     ] GC(73) Reclaimed:         -                  -                24M (1%)          435M (21%)            -                  -          
[46.106s][info][gc          ] GC(73) Garbage Collection (Allocation Rate) 898M(44%)->842M(41%)
[46.181s][info][gc,start    ] GC(74) Garbage Collection (Allocation Rate)
[46.181s][info][gc,task     ] GC(74) Using 12 workers
[46.181s][info][gc,phases   ] GC(74) Pause Mark Start 0.011ms
[46.384s][info][gc,phases   ] GC(74) Concurrent Mark 202.730ms
[46.384s][info][gc,phases   ] GC(74) Pause Mark End 0.034ms
[46.384s][info][gc,phases   ] GC(74) Concurrent Mark Free 0.001ms
[46.386s][info][gc,phases   ] GC(74) Concurrent Process Non-Strong References 2.377ms
[46.387s][info][gc,phases   ] GC(74) Concurrent Reset Relocation Set 0.069ms
[46.390s][info][gc,phases   ] GC(74) Concurrent Select Relocation Set 3.883ms
[46.391s][info][gc,phases   ] GC(74) Pause Relocate Start 0.009ms
[46.414s][info][gc,phases   ] GC(74) Concurrent Relocate 23.022ms
[46.414s][info][gc,load     ] GC(74) Load: 0.00/0.00/0.00
[46.414s][info][gc,mmu      ] GC(74) MMU: 2ms/96.8%, 5ms/98.7%, 10ms/99.3%, 20ms/99.6%, 50ms/99.8%, 100ms/99.9%
[46.414s][info][gc,marking  ] GC(74) Mark: 8 stripe(s), 5 proactive flush(es), 1 terminate flush(es), 0 completion(s), 0 continuation(s) 
[46.414s][info][gc,marking  ] GC(74) Mark Stack Usage: 32M
[46.414s][info][gc,nmethod  ] GC(74) NMethods: 8310 registered, 832 unregistered
[46.414s][info][gc,metaspace] GC(74) Metaspace: 64M used, 65M committed, 1088M reserved
[46.414s][info][gc,ref      ] GC(74) Soft: 3304 encountered, 0 discovered, 0 enqueued
[46.414s][info][gc,ref      ] GC(74) Weak: 6326 encountered, 737 discovered, 0 enqueued
[46.414s][info][gc,ref      ] GC(74) Final: 84 encountered, 6 discovered, 0 enqueued
[46.414s][info][gc,ref      ] GC(74) Phantom: 616 encountered, 271 discovered, 0 enqueued
[46.414s][info][gc,reloc    ] GC(74) Small Pages: 433 / 866M, Empty: 0M, Relocated: 38M, In-Place: 0
[46.414s][info][gc,reloc    ] GC(74) Medium Pages: 1 / 32M, Empty: 0M, Relocated: 0M, In-Place: 0
[46.414s][info][gc,reloc    ] GC(74) Large Pages: 8 / 64M, Empty: 0M, Relocated: 0M, In-Place: 0
[46.414s][info][gc,reloc    ] GC(74) Forwarding Usage: 36M
[46.414s][info][gc,heap     ] GC(74) Min Capacity: 8M(0%)
[46.414s][info][gc,heap     ] GC(74) Max Capacity: 2048M(100%)
[46.414s][info][gc,heap     ] GC(74) Soft Max Capacity: 2048M(100%)
[46.414s][info][gc,heap     ] GC(74)                Mark Start          Mark End        Relocate Start      Relocate End           High               Low         
[46.414s][info][gc,heap     ] GC(74)  Capacity:     2048M (100%)       2048M (100%)       2048M (100%)       2048M (100%)       2048M (100%)       2048M (100%)   
[46.414s][info][gc,heap     ] GC(74)      Free:     1086M (53%)         880M (43%)         878M (43%)        1350M (66%)        1350M (66%)         854M (42%)    
[46.414s][info][gc,heap     ] GC(74)      Used:      962M (47%)        1168M (57%)        1170M (57%)         698M (34%)        1194M (58%)         698M (34%)    
[46.414s][info][gc,heap     ] GC(74)      Live:         -               416M (20%)         416M (20%)         416M (20%)            -                  -          
[46.414s][info][gc,heap     ] GC(74) Allocated:         -               206M (10%)         208M (10%)         206M (10%)            -                  -          
[46.414s][info][gc,heap     ] GC(74)   Garbage:         -               545M (27%)         545M (27%)          74M (4%)             -                  -          
[46.414s][info][gc,heap     ] GC(74) Reclaimed:         -                  -                 0M (0%)          470M (23%)            -                  -          
[46.414s][info][gc          ] GC(74) Garbage Collection (Allocation Rate) 962M(47%)->698M(34%)
[46.774s][info][gc,start    ] GC(75) Garbage Collection (Allocation Rate)
[46.774s][info][gc,task     ] GC(75) Using 12 workers
[46.775s][info][gc,phases   ] GC(75) Pause Mark Start 0.012ms
[46.915s][info][gc,phases   ] GC(75) Concurrent Mark 140.220ms
[46.915s][info][gc,phases   ] GC(75) Pause Mark End 0.026ms
[46.915s][info][gc,phases   ] GC(75) Concurrent Mark Free 0.001ms
[46.917s][info][gc,phases   ] GC(75) Concurrent Process Non-Strong References 2.013ms
[46.917s][info][gc,phases   ] GC(75) Concurrent Reset Relocation Set 0.029ms
[46.921s][info][gc,phases   ] GC(75) Concurrent Select Relocation Set 3.557ms
[46.921s][info][gc,phases   ] GC(75) Pause Relocate Start 0.009ms
[46.939s][info][gc,phases   ] GC(75) Concurrent Relocate 17.803ms
[46.939s][info][gc,load     ] GC(75) Load: 0.00/0.00/0.00
[46.939s][info][gc,mmu      ] GC(75) MMU: 2ms/96.8%, 5ms/98.7%, 10ms/99.3%, 20ms/99.6%, 50ms/99.8%, 100ms/99.9%
[46.939s][info][gc,marking  ] GC(75) Mark: 8 stripe(s), 3 proactive flush(es), 1 terminate flush(es), 0 completion(s), 0 continuation(s) 
[46.939s][info][gc,marking  ] GC(75) Mark Stack Usage: 32M
[46.939s][info][gc,nmethod  ] GC(75) NMethods: 8312 registered, 832 unregistered
[46.939s][info][gc,metaspace] GC(75) Metaspace: 64M used, 65M committed, 1088M reserved
[46.939s][info][gc,ref      ] GC(75) Soft: 3303 encountered, 0 discovered, 0 enqueued
[46.939s][info][gc,ref      ] GC(75) Weak: 6324 encountered, 2416 discovered, 0 enqueued
[46.939s][info][gc,ref      ] GC(75) Final: 84 encountered, 35 discovered, 0 enqueued
[46.939s][info][gc,ref      ] GC(75) Phantom: 617 encountered, 546 discovered, 0 enqueued
[46.939s][info][gc,reloc    ] GC(75) Small Pages: 289 / 578M, Empty: 64M, Relocated: 36M, In-Place: 0
[46.939s][info][gc,reloc    ] GC(75) Medium Pages: 2 / 64M, Empty: 0M, Relocated: 15M, In-Place: 0
[46.939s][info][gc,reloc    ] GC(75) Large Pages: 8 / 64M, Empty: 24M, Relocated: 0M, In-Place: 0
[46.939s][info][gc,reloc    ] GC(75) Forwarding Usage: 32M
[46.939s][info][gc,heap     ] GC(75) Min Capacity: 8M(0%)
[46.939s][info][gc,heap     ] GC(75) Max Capacity: 2048M(100%)
[46.939s][info][gc,heap     ] GC(75) Soft Max Capacity: 2048M(100%)
[46.939s][info][gc,heap     ] GC(75)                Mark Start          Mark End        Relocate Start      Relocate End           High               Low         
[46.939s][info][gc,heap     ] GC(75)  Capacity:     2048M (100%)       2048M (100%)       2048M (100%)       2048M (100%)       2048M (100%)       2048M (100%)   
[46.939s][info][gc,heap     ] GC(75)      Free:     1342M (66%)        1312M (64%)        1398M (68%)        1634M (80%)        1634M (80%)        1310M (64%)    
[46.939s][info][gc,heap     ] GC(75)      Used:      706M (34%)         736M (36%)         650M (32%)         414M (20%)         738M (36%)         414M (20%)    
[46.939s][info][gc,heap     ] GC(75)      Live:         -               306M (15%)         306M (15%)         306M (15%)            -                  -          
[46.939s][info][gc,heap     ] GC(75) Allocated:         -                30M (1%)           32M (2%)           35M (2%)             -                  -          
[46.939s][info][gc,heap     ] GC(75)   Garbage:         -               399M (20%)         311M (15%)          72M (4%)             -                  -          
[46.939s][info][gc,heap     ] GC(75) Reclaimed:         -                  -                88M (4%)          327M (16%)            -                  -          
[46.939s][info][gc          ] GC(75) Garbage Collection (Allocation Rate) 706M(34%)->414M(20%)
[47.074s][info][gc,start    ] GC(76) Garbage Collection (Allocation Rate)
[47.074s][info][gc,task     ] GC(76) Using 12 workers
[47.074s][info][gc,phases   ] GC(76) Pause Mark Start 0.015ms
[47.156s][info][gc,phases   ] GC(76) Concurrent Mark 81.154ms
[47.156s][info][gc,phases   ] GC(76) Pause Mark End 0.032ms
[47.156s][info][gc,phases   ] GC(76) Concurrent Mark Free 0.001ms
[47.158s][info][gc,phases   ] GC(76) Concurrent Process Non-Strong References 2.428ms
[47.159s][info][gc,phases   ] GC(76) Concurrent Reset Relocation Set 0.027ms
[47.164s][info][gc,phases   ] GC(76) Concurrent Select Relocation Set 5.766ms
[47.164s][info][gc,phases   ] GC(76) Pause Relocate Start 0.008ms
[47.170s][info][gc,phases   ] GC(76) Concurrent Relocate 5.150ms
[47.170s][info][gc,load     ] GC(76) Load: 0.00/0.00/0.00
[47.170s][info][gc,mmu      ] GC(76) MMU: 2ms/96.8%, 5ms/98.7%, 10ms/99.3%, 20ms/99.6%, 50ms/99.8%, 100ms/99.9%
[47.170s][info][gc,marking  ] GC(76) Mark: 8 stripe(s), 2 proactive flush(es), 1 terminate flush(es), 0 completion(s), 0 continuation(s) 
[47.170s][info][gc,marking  ] GC(76) Mark Stack Usage: 32M
[47.170s][info][gc,nmethod  ] GC(76) NMethods: 8343 registered, 835 unregistered
[47.170s][info][gc,metaspace] GC(76) Metaspace: 64M used, 65M committed, 1088M reserved
[47.170s][info][gc,ref      ] GC(76) Soft: 3300 encountered, 0 discovered, 0 enqueued
[47.170s][info][gc,ref      ] GC(76) Weak: 6405 encountered, 2012 discovered, 22 enqueued
[47.170s][info][gc,ref      ] GC(76) Final: 84 encountered, 50 discovered, 0 enqueued
[47.170s][info][gc,ref      ] GC(76) Phantom: 620 encountered, 409 discovered, 0 enqueued
[47.170s][info][gc,reloc    ] GC(76) Small Pages: 180 / 360M, Empty: 84M, Relocated: 10M, In-Place: 0
[47.170s][info][gc,reloc    ] GC(76) Medium Pages: 1 / 32M, Empty: 0M, Relocated: 0M, In-Place: 0
[47.170s][info][gc,reloc    ] GC(76) Large Pages: 5 / 46M, Empty: 46M, Relocated: 0M, In-Place: 0
[47.170s][info][gc,reloc    ] GC(76) Forwarding Usage: 6M
[47.170s][info][gc,heap     ] GC(76) Min Capacity: 8M(0%)
[47.170s][info][gc,heap     ] GC(76) Max Capacity: 2048M(100%)
[47.170s][info][gc,heap     ] GC(76) Soft Max Capacity: 2048M(100%)
[47.170s][info][gc,heap     ] GC(76)                Mark Start          Mark End        Relocate Start      Relocate End           High               Low         
[47.170s][info][gc,heap     ] GC(76)  Capacity:     2048M (100%)       2048M (100%)       2048M (100%)       2048M (100%)       2048M (100%)       2048M (100%)   
[47.170s][info][gc,heap     ] GC(76)      Free:     1610M (79%)        1478M (72%)        1602M (78%)        1678M (82%)        1678M (82%)        1472M (72%)    
[47.170s][info][gc,heap     ] GC(76)      Used:      438M (21%)         570M (28%)         446M (22%)         370M (18%)         576M (28%)         370M (18%)    
[47.170s][info][gc,heap     ] GC(76)      Live:         -               167M (8%)          167M (8%)          167M (8%)             -                  -          
[47.170s][info][gc,heap     ] GC(76) Allocated:         -               132M (6%)          138M (7%)          139M (7%)             -                  -          
[47.170s][info][gc,heap     ] GC(76)   Garbage:         -               270M (13%)         140M (7%)           62M (3%)             -                  -          
[47.170s][info][gc,heap     ] GC(76) Reclaimed:         -                  -               130M (6%)          207M (10%)            -                  -          
[47.170s][info][gc          ] GC(76) Garbage Collection (Allocation Rate) 438M(21%)->370M(18%)
[47.969s][info][gc,start    ] GC(77) Garbage Collection (Allocation Rate)
[47.984s][info][gc,task     ] GC(77) Using 12 workers
[47.985s][info][gc,phases   ] GC(77) Pause Mark Start 0.015ms
[48.089s][info][gc,phases   ] GC(77) Concurrent Mark 104.039ms
[48.089s][info][gc,phases   ] GC(77) Pause Mark End 0.027ms
[48.089s][info][gc,phases   ] GC(77) Concurrent Mark Free 0.001ms
[48.092s][info][gc,phases   ] GC(77) Concurrent Process Non-Strong References 2.486ms
[48.092s][info][gc,phases   ] GC(77) Concurrent Reset Relocation Set 0.008ms
[48.109s][info][gc,phases   ] GC(77) Concurrent Select Relocation Set 17.001ms
[48.109s][info][gc,phases   ] GC(77) Pause Relocate Start 0.008ms
[48.125s][info][gc,phases   ] GC(77) Concurrent Relocate 16.697ms
[48.126s][info][gc,load     ] GC(77) Load: 0.00/0.00/0.00
[48.126s][info][gc,mmu      ] GC(77) MMU: 2ms/96.8%, 5ms/98.7%, 10ms/99.3%, 20ms/99.6%, 50ms/99.8%, 100ms/99.9%
[48.126s][info][gc,marking  ] GC(77) Mark: 8 stripe(s), 2 proactive flush(es), 1 terminate flush(es), 0 completion(s), 0 continuation(s) 
[48.126s][info][gc,marking  ] GC(77) Mark Stack Usage: 32M
[48.126s][info][gc,nmethod  ] GC(77) NMethods: 8475 registered, 848 unregistered
[48.126s][info][gc,metaspace] GC(77) Metaspace: 64M used, 65M committed, 1088M reserved
[48.126s][info][gc,ref      ] GC(77) Soft: 3304 encountered, 0 discovered, 0 enqueued
[48.126s][info][gc,ref      ] GC(77) Weak: 6649 encountered, 3106 discovered, 284 enqueued
[48.126s][info][gc,ref      ] GC(77) Final: 84 encountered, 29 discovered, 0 enqueued
[48.126s][info][gc,ref      ] GC(77) Phantom: 632 encountered, 546 discovered, 0 enqueued
[48.126s][info][gc,reloc    ] GC(77) Small Pages: 516 / 1032M, Empty: 572M, Relocated: 31M, In-Place: 0
[48.126s][info][gc,reloc    ] GC(77) Medium Pages: 3 / 96M, Empty: 64M, Relocated: 0M, In-Place: 0
[48.126s][info][gc,reloc    ] GC(77) Large Pages: 14 / 84M, Empty: 60M, Relocated: 0M, In-Place: 0
[48.126s][info][gc,reloc    ] GC(77) Forwarding Usage: 29M
[48.126s][info][gc,heap     ] GC(77) Min Capacity: 8M(0%)
[48.126s][info][gc,heap     ] GC(77) Max Capacity: 2048M(100%)
[48.126s][info][gc,heap     ] GC(77) Soft Max Capacity: 2048M(100%)
[48.126s][info][gc,heap     ] GC(77)                Mark Start          Mark End        Relocate Start      Relocate End           High               Low         
[48.126s][info][gc,heap     ] GC(77)  Capacity:     2048M (100%)       2048M (100%)       2048M (100%)       2048M (100%)       2048M (100%)       2048M (100%)   
[48.126s][info][gc,heap     ] GC(77)      Free:      836M (41%)         760M (37%)        1438M (70%)        1666M (81%)        1666M (81%)         758M (37%)    
[48.126s][info][gc,heap     ] GC(77)      Used:     1212M (59%)        1288M (63%)         610M (30%)         382M (19%)        1290M (63%)         382M (19%)    
[48.126s][info][gc,heap     ] GC(77)      Live:         -               215M (11%)         215M (11%)         215M (11%)            -                  -          
[48.126s][info][gc,heap     ] GC(77) Allocated:         -                76M (4%)           94M (5%)          102M (5%)             -                  -          
[48.126s][info][gc,heap     ] GC(77)   Garbage:         -               996M (49%)         300M (15%)          63M (3%)             -                  -          
[48.126s][info][gc,heap     ] GC(77) Reclaimed:         -                  -               696M (34%)         932M (46%)            -                  -          
[48.126s][info][gc          ] GC(77) Garbage Collection (Allocation Rate) 1212M(59%)->382M(19%)
[48.771s][info][gc,start    ] GC(78) Garbage Collection (Allocation Rate)
[48.772s][info][gc,task     ] GC(78) Using 9 workers
[48.772s][info][gc,phases   ] GC(78) Pause Mark Start 0.017ms
[48.912s][info][gc,phases   ] GC(78) Concurrent Mark 140.156ms
[48.912s][info][gc,phases   ] GC(78) Pause Mark End 0.031ms
[48.912s][info][gc,phases   ] GC(78) Concurrent Mark Free 0.001ms
[48.915s][info][gc,phases   ] GC(78) Concurrent Process Non-Strong References 2.582ms
[48.915s][info][gc,phases   ] GC(78) Concurrent Reset Relocation Set 0.024ms
[48.950s][info][gc,phases   ] GC(78) Concurrent Select Relocation Set 34.919ms
[48.950s][info][gc,phases   ] GC(78) Pause Relocate Start 0.013ms
[48.987s][info][gc,phases   ] GC(78) Concurrent Relocate 36.595ms
[48.987s][info][gc,load     ] GC(78) Load: 0.00/0.00/0.00
[48.987s][info][gc,mmu      ] GC(78) MMU: 2ms/96.8%, 5ms/98.7%, 10ms/99.3%, 20ms/99.6%, 50ms/99.8%, 100ms/99.9%
[48.987s][info][gc,marking  ] GC(78) Mark: 8 stripe(s), 2 proactive flush(es), 1 terminate flush(es), 0 completion(s), 0 continuation(s) 
[48.987s][info][gc,marking  ] GC(78) Mark Stack Usage: 32M
[48.987s][info][gc,nmethod  ] GC(78) NMethods: 8494 registered, 855 unregistered
[48.987s][info][gc,metaspace] GC(78) Metaspace: 64M used, 65M committed, 1088M reserved
[48.987s][info][gc,ref      ] GC(78) Soft: 3300 encountered, 0 discovered, 0 enqueued
[48.987s][info][gc,ref      ] GC(78) Weak: 6423 encountered, 1758 discovered, 95 enqueued
[48.987s][info][gc,ref      ] GC(78) Final: 84 encountered, 2 discovered, 0 enqueued
[48.987s][info][gc,ref      ] GC(78) Phantom: 616 encountered, 409 discovered, 0 enqueued
[48.987s][info][gc,reloc    ] GC(78) Small Pages: 559 / 1118M, Empty: 148M, Relocated: 59M, In-Place: 0
[48.987s][info][gc,reloc    ] GC(78) Medium Pages: 3 / 96M, Empty: 32M, Relocated: 16M, In-Place: 0
[48.987s][info][gc,reloc    ] GC(78) Large Pages: 9 / 54M, Empty: 48M, Relocated: 0M, In-Place: 0
[48.987s][info][gc,reloc    ] GC(78) Forwarding Usage: 44M
[48.987s][info][gc,heap     ] GC(78) Min Capacity: 8M(0%)
[48.987s][info][gc,heap     ] GC(78) Max Capacity: 2048M(100%)
[48.987s][info][gc,heap     ] GC(78) Soft Max Capacity: 2048M(100%)
[48.987s][info][gc,heap     ] GC(78)                Mark Start          Mark End        Relocate Start      Relocate End           High               Low         
[48.987s][info][gc,heap     ] GC(78)  Capacity:     2048M (100%)       2048M (100%)       2048M (100%)       2048M (100%)       2048M (100%)       2048M (100%)   
[48.987s][info][gc,heap     ] GC(78)      Free:      780M (38%)         676M (33%)         892M (44%)        1644M (80%)        1644M (80%)         676M (33%)    
[48.987s][info][gc,heap     ] GC(78)      Used:     1268M (62%)        1372M (67%)        1156M (56%)         404M (20%)        1372M (67%)         404M (20%)    
[48.987s][info][gc,heap     ] GC(78)      Live:         -               229M (11%)         229M (11%)         229M (11%)            -                  -          
[48.987s][info][gc,heap     ] GC(78) Allocated:         -               104M (5%)          116M (6%)          118M (6%)             -                  -          
[48.987s][info][gc,heap     ] GC(78)   Garbage:         -              1038M (51%)         810M (40%)          55M (3%)             -                  -          
[48.987s][info][gc,heap     ] GC(78) Reclaimed:         -                  -               228M (11%)         982M (48%)            -                  -          
[48.987s][info][gc          ] GC(78) Garbage Collection (Allocation Rate) 1268M(62%)->404M(20%)
[49.281s][info][gc,start    ] GC(79) Garbage Collection (Allocation Rate)
[49.282s][info][gc,task     ] GC(79) Using 7 workers
[49.282s][info][gc,phases   ] GC(79) Pause Mark Start 0.018ms
[49.422s][info][gc,phases   ] GC(79) Concurrent Mark 139.827ms
[49.422s][info][gc,phases   ] GC(79) Pause Mark End 0.031ms
[49.422s][info][gc,phases   ] GC(79) Concurrent Mark Free 0.001ms
[49.426s][info][gc,phases   ] GC(79) Concurrent Process Non-Strong References 4.115ms
[49.427s][info][gc,phases   ] GC(79) Concurrent Reset Relocation Set 0.072ms
[49.430s][info][gc,phases   ] GC(79) Concurrent Select Relocation Set 3.750ms
[49.430s][info][gc,phases   ] GC(79) Pause Relocate Start 0.012ms
[49.465s][info][gc,phases   ] GC(79) Concurrent Relocate 34.737ms
[49.465s][info][gc,load     ] GC(79) Load: 0.00/0.00/0.00
[49.465s][info][gc,mmu      ] GC(79) MMU: 2ms/96.8%, 5ms/98.7%, 10ms/99.3%, 20ms/99.6%, 50ms/99.8%, 100ms/99.9%
[49.465s][info][gc,marking  ] GC(79) Mark: 4 stripe(s), 2 proactive flush(es), 1 terminate flush(es), 0 completion(s), 0 continuation(s) 
[49.465s][info][gc,marking  ] GC(79) Mark Stack Usage: 32M
[49.465s][info][gc,nmethod  ] GC(79) NMethods: 8535 registered, 862 unregistered
[49.465s][info][gc,metaspace] GC(79) Metaspace: 64M used, 65M committed, 1088M reserved
[49.466s][info][gc,ref      ] GC(79) Soft: 3296 encountered, 0 discovered, 0 enqueued
[49.466s][info][gc,ref      ] GC(79) Weak: 6356 encountered, 1641 discovered, 9 enqueued
[49.466s][info][gc,ref      ] GC(79) Final: 84 encountered, 15 discovered, 0 enqueued
[49.466s][info][gc,ref      ] GC(79) Phantom: 616 encountered, 408 discovered, 0 enqueued
[49.466s][info][gc,reloc    ] GC(79) Small Pages: 302 / 604M, Empty: 44M, Relocated: 44M, In-Place: 0
[49.466s][info][gc,reloc    ] GC(79) Medium Pages: 6 / 192M, Empty: 64M, Relocated: 15M, In-Place: 0
[49.466s][info][gc,reloc    ] GC(79) Large Pages: 39 / 258M, Empty: 224M, Relocated: 0M, In-Place: 0
[49.466s][info][gc,reloc    ] GC(79) Forwarding Usage: 44M
[49.466s][info][gc,heap     ] GC(79) Min Capacity: 8M(0%)
[49.466s][info][gc,heap     ] GC(79) Max Capacity: 2048M(100%)
[49.466s][info][gc,heap     ] GC(79) Soft Max Capacity: 2048M(100%)
[49.466s][info][gc,heap     ] GC(79)                Mark Start          Mark End        Relocate Start      Relocate End           High               Low         
[49.466s][info][gc,heap     ] GC(79)  Capacity:     2048M (100%)       2048M (100%)       2048M (100%)       2048M (100%)       2048M (100%)       2048M (100%)   
[49.466s][info][gc,heap     ] GC(79)      Free:      994M (49%)         896M (44%)        1218M (59%)        1582M (77%)        1582M (77%)         888M (43%)    
[49.466s][info][gc,heap     ] GC(79)      Used:     1054M (51%)        1152M (56%)         830M (41%)         466M (23%)        1160M (57%)         466M (23%)    
[49.466s][info][gc,heap     ] GC(79)      Live:         -               244M (12%)         244M (12%)         244M (12%)            -                  -          
[49.466s][info][gc,heap     ] GC(79) Allocated:         -                98M (5%)          108M (5%)          169M (8%)             -                  -          
[49.466s][info][gc,heap     ] GC(79)   Garbage:         -               809M (40%)         477M (23%)          51M (3%)             -                  -          
[49.466s][info][gc,heap     ] GC(79) Reclaimed:         -                  -               332M (16%)         757M (37%)            -                  -          
[49.466s][info][gc          ] GC(79) Garbage Collection (Allocation Rate) 1054M(51%)->466M(23%)
[49.726s][info][gc,start    ] GC(80) Garbage Collection (System.gc())
[49.726s][info][gc,task     ] GC(80) Using 12 workers
[49.727s][info][gc,phases   ] GC(80) Pause Mark Start 0.016ms
[49.797s][info][gc,phases   ] GC(80) Concurrent Mark 70.073ms
[49.797s][info][gc,phases   ] GC(80) Pause Mark End 0.026ms
[49.797s][info][gc,phases   ] GC(80) Concurrent Mark Free 0.001ms
[49.799s][info][gc,phases   ] GC(80) Concurrent Process Non-Strong References 1.874ms
[49.799s][info][gc,phases   ] GC(80) Concurrent Reset Relocation Set 0.050ms
[49.814s][info][gc,phases   ] GC(80) Concurrent Select Relocation Set 14.984ms
[49.815s][info][gc,phases   ] GC(80) Pause Relocate Start 0.009ms
[49.818s][info][gc,phases   ] GC(80) Concurrent Relocate 3.230ms
[49.818s][info][gc,load     ] GC(80) Load: 0.00/0.00/0.00
[49.818s][info][gc,mmu      ] GC(80) MMU: 2ms/96.8%, 5ms/98.7%, 10ms/99.3%, 20ms/99.6%, 50ms/99.8%, 100ms/99.9%
[49.818s][info][gc,marking  ] GC(80) Mark: 8 stripe(s), 1 proactive flush(es), 1 terminate flush(es), 0 completion(s), 0 continuation(s) 
[49.818s][info][gc,marking  ] GC(80) Mark Stack Usage: 32M
[49.818s][info][gc,nmethod  ] GC(80) NMethods: 8545 registered, 862 unregistered
[49.818s][info][gc,metaspace] GC(80) Metaspace: 64M used, 65M committed, 1088M reserved
[49.818s][info][gc,ref      ] GC(80) Soft: 3296 encountered, 0 discovered, 0 enqueued
[49.818s][info][gc,ref      ] GC(80) Weak: 6349 encountered, 2519 discovered, 104 enqueued
[49.818s][info][gc,ref      ] GC(80) Final: 84 encountered, 3 discovered, 0 enqueued
[49.818s][info][gc,ref      ] GC(80) Phantom: 616 encountered, 338 discovered, 0 enqueued
[49.818s][info][gc,reloc    ] GC(80) Small Pages: 461 / 922M, Empty: 690M, Relocated: 6M, In-Place: 0
[49.818s][info][gc,reloc    ] GC(80) Medium Pages: 1 / 32M, Empty: 0M, Relocated: 0M, In-Place: 0
[49.818s][info][gc,reloc    ] GC(80) Large Pages: 9 / 58M, Empty: 58M, Relocated: 0M, In-Place: 0
[49.818s][info][gc,reloc    ] GC(80) Forwarding Usage: 4M
[49.818s][info][gc,heap     ] GC(80) Min Capacity: 8M(0%)
[49.818s][info][gc,heap     ] GC(80) Max Capacity: 2048M(100%)
[49.818s][info][gc,heap     ] GC(80) Soft Max Capacity: 2048M(100%)
[49.818s][info][gc,heap     ] GC(80)                Mark Start          Mark End        Relocate Start      Relocate End           High               Low         
[49.818s][info][gc,heap     ] GC(80)  Capacity:     2048M (100%)       2048M (100%)       2048M (100%)       2048M (100%)       2048M (100%)       2048M (100%)   
[49.818s][info][gc,heap     ] GC(80)      Free:     1036M (51%)        1034M (50%)        1778M (87%)        1806M (88%)        1806M (88%)        1034M (50%)    
[49.818s][info][gc,heap     ] GC(80)      Used:     1012M (49%)        1014M (50%)         270M (13%)         242M (12%)        1014M (50%)         242M (12%)    
[49.818s][info][gc,heap     ] GC(80)      Live:         -               166M (8%)          166M (8%)          166M (8%)             -                  -          
[49.818s][info][gc,heap     ] GC(80) Allocated:         -                 2M (0%)            6M (0%)            7M (0%)             -                  -          
[49.818s][info][gc,heap     ] GC(80)   Garbage:         -               845M (41%)          97M (5%)           67M (3%)             -                  -          
[49.818s][info][gc,heap     ] GC(80) Reclaimed:         -                  -               748M (37%)         777M (38%)            -                  -          
[49.818s][info][gc          ] GC(80) Garbage Collection (System.gc()) 1012M(49%)->242M(12%)
[50.171s][info][gc,start    ] GC(81) Garbage Collection (Allocation Rate)
[50.171s][info][gc,stats    ] === Garbage Collection Statistics =======================================================================================================================
[50.171s][info][gc,task     ] GC(81) Using 5 workers
[50.171s][info][gc,stats    ]                                                              Last 10s              Last 10m              Last 10h                Total
[50.171s][info][gc,stats    ]                                                              Avg / Max             Avg / Max             Avg / Max             Avg / Max
[50.171s][info][gc,stats    ]   Collector: Garbage Collection Cycle                    188.188 / 346.296     205.130 / 1113.016    205.130 / 1113.016    205.130 / 1113.016    ms
[50.171s][info][gc,stats    ]  Contention: Mark Segment Reset Contention                    19 / 58               14 / 154              14 / 154              14 / 154         ops/s
[50.171s][info][gc,phases   ] GC(81) Pause Mark Start 0.013ms
[50.171s][info][gc,stats    ]  Contention: Mark SeqNum Reset Contention                      1 / 3                 0 / 4                 0 / 4                 0 / 4           ops/s
[50.171s][info][gc,stats    ]    Critical: Allocation Stall                                  0 / 0                 0 / 5                 0 / 5                 0 / 5           ops/s
[50.171s][info][gc,stats    ]    Critical: Allocation Stall                              0.000 / 0.000        46.147 / 67.576       46.147 / 67.576       46.147 / 67.576      ms
[50.171s][info][gc,stats    ]    Critical: GC Locker Stall                                   0 / 0                 0 / 1                 0 / 1                 0 / 1           ops/s
[50.171s][info][gc,stats    ]    Critical: GC Locker Stall                               0.000 / 0.000         0.001 / 0.001         0.001 / 0.001         0.001 / 0.001       ms
[50.171s][info][gc,stats    ]    Critical: Relocation Stall                                  0 / 0                 0 / 3                 0 / 3                 0 / 3           ops/s
[50.171s][info][gc,stats    ]    Critical: Relocation Stall                              0.000 / 0.000         6.236 / 10.360        6.236 / 10.360        6.236 / 10.360      ms
[50.171s][info][gc,stats    ]      Memory: Allocation Rate                                1271 / 1990            885 / 2860            885 / 2860            885 / 2860        MB/s
[50.171s][info][gc,stats    ]      Memory: Defragment                                        0 / 2                 2 / 131               2 / 131               2 / 131         ops/s
[50.171s][info][gc,stats    ]      Memory: Out Of Memory                                     0 / 0                 0 / 0                 0 / 0                 0 / 0           ops/s
[50.171s][info][gc,stats    ]      Memory: Page Cache Flush                                 36 / 356              26 / 356              26 / 356              26 / 356         MB/s
[50.171s][info][gc,stats    ]      Memory: Page Cache Hit L1                               612 / 1052            420 / 1290            420 / 1290            420 / 1290        ops/s
[50.172s][info][gc,stats    ]      Memory: Page Cache Hit L2                                 0 / 0                 0 / 0                 0 / 0                 0 / 0           ops/s
[50.172s][info][gc,stats    ]      Memory: Page Cache Hit L3                                 1 / 7                22 / 362              22 / 362              22 / 362         ops/s
[50.172s][info][gc,stats    ]      Memory: Page Cache Miss                                   3 / 32                1 / 32                1 / 32                1 / 32          ops/s
[50.172s][info][gc,stats    ]      Memory: Uncommit                                          0 / 0                 0 / 0                 0 / 0                 0 / 0           MB/s
[50.172s][info][gc,stats    ]      Memory: Undo Object Allocation Failed                     2 / 10                1 / 13                1 / 13                1 / 13          ops/s
[50.172s][info][gc,stats    ]      Memory: Undo Object Allocation Succeeded                  1 / 4                 2 / 69                2 / 69                2 / 69          ops/s
[50.172s][info][gc,stats    ]      Memory: Undo Page Allocation                             24 / 87               18 / 123              18 / 123              18 / 123         ops/s
[50.172s][info][gc,stats    ]       Phase: Concurrent Mark                             148.273 / 265.161     159.618 / 1077.882    159.618 / 1077.882    159.618 / 1077.882    ms
[50.172s][info][gc,stats    ]       Phase: Concurrent Mark Continue                      0.000 / 0.000         0.000 / 0.000         0.000 / 0.000         0.000 / 0.000       ms
[50.172s][info][gc,stats    ]       Phase: Concurrent Mark Free                          0.001 / 0.001         0.001 / 0.002         0.001 / 0.002         0.001 / 0.002       ms
[50.172s][info][gc,stats    ]       Phase: Concurrent Process Non-Strong References      2.641 / 5.298         3.507 / 16.614        3.507 / 16.614        3.507 / 16.614      ms
[50.172s][info][gc,stats    ]       Phase: Concurrent Relocate                          24.455 / 76.032       22.462 / 107.720      22.462 / 107.720      22.462 / 107.720     ms
[50.172s][info][gc,stats    ]       Phase: Concurrent Reset Relocation Set               0.039 / 0.092         0.032 / 0.157         0.032 / 0.157         0.032 / 0.157       ms
[50.172s][info][gc,stats    ]       Phase: Concurrent Select Relocation Set             13.671 / 39.084       15.588 / 57.787       15.588 / 57.787       15.588 / 57.787      ms
[50.172s][info][gc,stats    ]       Phase: Pause Mark End                                0.029 / 0.061         0.024 / 0.063         0.024 / 0.063         0.024 / 0.063       ms
[50.172s][info][gc,stats    ]       Phase: Pause Mark Start                              0.014 / 0.018         0.014 / 0.059         0.014 / 0.059         0.014 / 0.059       ms
[50.172s][info][gc,stats    ]       Phase: Pause Relocate Start                          0.009 / 0.013         0.009 / 0.014         0.009 / 0.014         0.009 / 0.014       ms
[50.172s][info][gc,stats    ]    Subphase: Concurrent Classes Purge                      0.025 / 0.108         0.129 / 1.483         0.129 / 1.483         0.129 / 1.483       ms
[50.172s][info][gc,stats    ]    Subphase: Concurrent Classes Unlink                     1.998 / 4.162         2.585 / 13.817        2.585 / 13.817        2.585 / 13.817      ms
[50.172s][info][gc,stats    ]    Subphase: Concurrent Mark                             129.653 / 255.902     150.002 / 1074.330    150.002 / 1074.330    150.002 / 1074.330    ms
[50.172s][info][gc,stats    ]    Subphase: Concurrent Mark Try Flush                     0.152 / 0.328         0.103 / 0.328         0.103 / 0.328         0.103 / 0.328       ms
[50.172s][info][gc,stats    ]    Subphase: Concurrent Mark Try Terminate                 7.621 / 15.716       11.681 / 16.666       11.681 / 16.666       11.681 / 16.666      ms
[50.172s][info][gc,stats    ]    Subphase: Concurrent References Enqueue                 0.002 / 0.004         0.002 / 0.005         0.002 / 0.005         0.002 / 0.005       ms
[50.172s][info][gc,stats    ]    Subphase: Concurrent References Process                 0.123 / 0.254         0.127 / 0.254         0.127 / 0.254         0.127 / 0.254       ms
[50.172s][info][gc,stats    ]    Subphase: Concurrent Roots ClassLoaderDataGraph         0.099 / 0.736         0.089 / 0.915         0.089 / 0.915         0.089 / 0.915       ms
[50.172s][info][gc,stats    ]    Subphase: Concurrent Roots CodeCache                    0.000 / 0.000         0.000 / 0.000         0.000 / 0.000         0.000 / 0.000       ms
[50.172s][info][gc,stats    ]    Subphase: Concurrent Roots JavaThreads                  9.685 / 11.975        6.266 / 13.140        6.266 / 13.140        6.266 / 13.140      ms
[50.172s][info][gc,stats    ]    Subphase: Concurrent Roots OopStorageSet                0.032 / 0.065         0.027 / 0.277         0.027 / 0.277         0.027 / 0.277       ms
[50.172s][info][gc,stats    ]    Subphase: Concurrent Weak Roots OopStorageSet           0.229 / 0.645         0.247 / 1.572         0.247 / 1.572         0.247 / 1.572       ms
[50.172s][info][gc,stats    ]    Subphase: Pause Mark Try Complete                       0.002 / 0.005         0.002 / 0.006         0.002 / 0.006         0.002 / 0.006       ms
[50.172s][info][gc,stats    ]      System: Java Threads                                    244 / 265             152 / 265             152 / 265             152 / 265         threads
[50.172s][info][gc,stats    ] =========================================================================================================================================================
[50.390s][info][gc,phases   ] GC(81) Concurrent Mark 218.166ms
[50.390s][info][gc,phases   ] GC(81) Pause Mark End 0.028ms
[50.390s][info][gc,phases   ] GC(81) Concurrent Mark Free 0.001ms
[50.394s][info][gc,phases   ] GC(81) Concurrent Process Non-Strong References 4.213ms
[50.394s][info][gc,phases   ] GC(81) Concurrent Reset Relocation Set 0.005ms
[50.422s][info][gc,phases   ] GC(81) Concurrent Select Relocation Set 27.994ms
[50.422s][info][gc,phases   ] GC(81) Pause Relocate Start 0.010ms
[50.487s][info][gc,phases   ] GC(81) Concurrent Relocate 65.096ms
[50.488s][info][gc,load     ] GC(81) Load: 0.00/0.00/0.00
[50.488s][info][gc,mmu      ] GC(81) MMU: 2ms/96.8%, 5ms/98.7%, 10ms/99.3%, 20ms/99.6%, 50ms/99.8%, 100ms/99.9%
[50.488s][info][gc,marking  ] GC(81) Mark: 4 stripe(s), 2 proactive flush(es), 1 terminate flush(es), 0 completion(s), 0 continuation(s) 
[50.488s][info][gc,marking  ] GC(81) Mark Stack Usage: 32M
[50.488s][info][gc,nmethod  ] GC(81) NMethods: 8600 registered, 872 unregistered
[50.488s][info][gc,metaspace] GC(81) Metaspace: 64M used, 65M committed, 1088M reserved
[50.488s][info][gc,ref      ] GC(81) Soft: 3300 encountered, 0 discovered, 0 enqueued
[50.488s][info][gc,ref      ] GC(81) Weak: 6341 encountered, 2638 discovered, 29 enqueued
[50.488s][info][gc,ref      ] GC(81) Final: 84 encountered, 49 discovered, 0 enqueued
[50.488s][info][gc,ref      ] GC(81) Phantom: 616 encountered, 471 discovered, 0 enqueued
[50.488s][info][gc,reloc    ] GC(81) Small Pages: 410 / 820M, Empty: 0M, Relocated: 118M, In-Place: 0
[50.488s][info][gc,reloc    ] GC(81) Medium Pages: 2 / 64M, Empty: 0M, Relocated: 19M, In-Place: 0
[50.488s][info][gc,reloc    ] GC(81) Large Pages: 5 / 30M, Empty: 6M, Relocated: 0M, In-Place: 0
[50.488s][info][gc,reloc    ] GC(81) Forwarding Usage: 79M
[50.488s][info][gc,heap     ] GC(81) Min Capacity: 8M(0%)
[50.488s][info][gc,heap     ] GC(81) Max Capacity: 2048M(100%)
[50.488s][info][gc,heap     ] GC(81) Soft Max Capacity: 2048M(100%)
[50.488s][info][gc,heap     ] GC(81)                Mark Start          Mark End        Relocate Start      Relocate End           High               Low         
[50.488s][info][gc,heap     ] GC(81)  Capacity:     2048M (100%)       2048M (100%)       2048M (100%)       2048M (100%)       2048M (100%)       2048M (100%)   
[50.488s][info][gc,heap     ] GC(81)      Free:     1134M (55%)         696M (34%)         662M (32%)        1144M (56%)        1148M (56%)         624M (30%)    
[50.488s][info][gc,heap     ] GC(81)      Used:      914M (45%)        1352M (66%)        1386M (68%)         904M (44%)        1424M (70%)         900M (44%)    
[50.488s][info][gc,heap     ] GC(81)      Live:         -               318M (16%)         318M (16%)         318M (16%)            -                  -          
[50.488s][info][gc,heap     ] GC(81) Allocated:         -               438M (21%)         478M (23%)         535M (26%)            -                  -          
[50.488s][info][gc,heap     ] GC(81)   Garbage:         -               595M (29%)         589M (29%)          49M (2%)             -                  -          
[50.488s][info][gc,heap     ] GC(81) Reclaimed:         -                  -                 6M (0%)          545M (27%)            -                  -          
[50.488s][info][gc          ] GC(81) Garbage Collection (Allocation Rate) 914M(45%)->904M(44%)
[50.577s][info][gc,start    ] GC(82) Garbage Collection (Allocation Rate)
[50.577s][info][gc,task     ] GC(82) Using 7 workers
[50.577s][info][gc,phases   ] GC(82) Pause Mark Start 0.012ms
[50.827s][info][gc,phases   ] GC(82) Concurrent Mark 249.490ms
[50.827s][info][gc,phases   ] GC(82) Pause Mark End 0.033ms
[50.827s][info][gc,phases   ] GC(82) Concurrent Mark Free 0.001ms
[50.830s][info][gc,phases   ] GC(82) Concurrent Process Non-Strong References 3.111ms
[50.830s][info][gc,phases   ] GC(82) Concurrent Reset Relocation Set 0.067ms
[50.842s][info][gc,phases   ] GC(82) Concurrent Select Relocation Set 11.504ms
[50.842s][info][gc,phases   ] GC(82) Pause Relocate Start 0.010ms
[50.880s][info][gc,phases   ] GC(82) Concurrent Relocate 37.688ms
[50.880s][info][gc,load     ] GC(82) Load: 0.00/0.00/0.00
[50.880s][info][gc,mmu      ] GC(82) MMU: 2ms/96.8%, 5ms/98.7%, 10ms/99.3%, 20ms/99.6%, 50ms/99.8%, 100ms/99.9%
[50.880s][info][gc,marking  ] GC(82) Mark: 4 stripe(s), 3 proactive flush(es), 1 terminate flush(es), 0 completion(s), 0 continuation(s) 
[50.880s][info][gc,marking  ] GC(82) Mark Stack Usage: 32M
[50.880s][info][gc,nmethod  ] GC(82) NMethods: 8600 registered, 872 unregistered
[50.880s][info][gc,metaspace] GC(82) Metaspace: 64M used, 65M committed, 1088M reserved
[50.880s][info][gc,ref      ] GC(82) Soft: 3300 encountered, 0 discovered, 0 enqueued
[50.880s][info][gc,ref      ] GC(82) Weak: 6312 encountered, 2959 discovered, 0 enqueued
[50.880s][info][gc,ref      ] GC(82) Final: 84 encountered, 5 discovered, 0 enqueued
[50.880s][info][gc,ref      ] GC(82) Phantom: 616 encountered, 514 discovered, 0 enqueued
[50.880s][info][gc,reloc    ] GC(82) Small Pages: 486 / 972M, Empty: 0M, Relocated: 50M, In-Place: 0
[50.880s][info][gc,reloc    ] GC(82) Medium Pages: 1 / 32M, Empty: 0M, Relocated: 0M, In-Place: 0
[50.880s][info][gc,reloc    ] GC(82) Large Pages: 12 / 88M, Empty: 24M, Relocated: 0M, In-Place: 0
[50.880s][info][gc,reloc    ] GC(82) Forwarding Usage: 44M
[50.880s][info][gc,heap     ] GC(82) Min Capacity: 8M(0%)
[50.880s][info][gc,heap     ] GC(82) Max Capacity: 2048M(100%)
[50.880s][info][gc,heap     ] GC(82) Soft Max Capacity: 2048M(100%)
[50.880s][info][gc,heap     ] GC(82)                Mark Start          Mark End        Relocate Start      Relocate End           High               Low         
[50.880s][info][gc,heap     ] GC(82)  Capacity:     2048M (100%)       2048M (100%)       2048M (100%)       2048M (100%)       2048M (100%)       2048M (100%)   
[50.880s][info][gc,heap     ] GC(82)      Free:      956M (47%)         484M (24%)         482M (24%)        1054M (51%)        1056M (52%)         466M (23%)    
[50.880s][info][gc,heap     ] GC(82)      Used:     1092M (53%)        1564M (76%)        1566M (76%)         994M (49%)        1582M (77%)         992M (48%)    
[50.880s][info][gc,heap     ] GC(82)      Live:         -               392M (19%)         392M (19%)         392M (19%)            -                  -          
[50.880s][info][gc,heap     ] GC(82) Allocated:         -               472M (23%)         498M (24%)         536M (26%)            -                  -          
[50.880s][info][gc,heap     ] GC(82)   Garbage:         -               699M (34%)         675M (33%)          64M (3%)             -                  -          
[50.880s][info][gc,heap     ] GC(82) Reclaimed:         -                  -                24M (1%)          634M (31%)            -                  -          
[50.880s][info][gc          ] GC(82) Garbage Collection (Allocation Rate) 1092M(53%)->994M(49%)
[50.983s][info][gc,start    ] GC(83) Garbage Collection (Allocation Rate)
[50.983s][info][gc,task     ] GC(83) Using 10 workers
[50.983s][info][gc,phases   ] GC(83) Pause Mark Start 0.010ms
[51.194s][info][gc,phases   ] GC(83) Concurrent Mark 210.173ms
[51.194s][info][gc,phases   ] GC(83) Pause Mark End 0.030ms
[51.194s][info][gc,phases   ] GC(83) Concurrent Mark Free 0.001ms
[51.196s][info][gc,phases   ] GC(83) Concurrent Process Non-Strong References 2.180ms
[51.196s][info][gc,phases   ] GC(83) Concurrent Reset Relocation Set 0.091ms
[51.235s][info][gc,phases   ] GC(83) Concurrent Select Relocation Set 38.774ms
[51.235s][info][gc,phases   ] GC(83) Pause Relocate Start 0.013ms
[51.268s][info][gc,phases   ] GC(83) Concurrent Relocate 32.872ms
[51.268s][info][gc,load     ] GC(83) Load: 0.00/0.00/0.00
[51.268s][info][gc,mmu      ] GC(83) MMU: 2ms/96.8%, 5ms/98.7%, 10ms/99.3%, 20ms/99.6%, 50ms/99.8%, 100ms/99.9%
[51.268s][info][gc,marking  ] GC(83) Mark: 8 stripe(s), 2 proactive flush(es), 1 terminate flush(es), 0 completion(s), 0 continuation(s) 
[51.268s][info][gc,marking  ] GC(83) Mark Stack Usage: 32M
[51.268s][info][gc,nmethod  ] GC(83) NMethods: 8603 registered, 872 unregistered
[51.268s][info][gc,metaspace] GC(83) Metaspace: 64M used, 65M committed, 1088M reserved
[51.269s][info][gc,ref      ] GC(83) Soft: 3300 encountered, 0 discovered, 0 enqueued
[51.269s][info][gc,ref      ] GC(83) Weak: 6312 encountered, 1997 discovered, 0 enqueued
[51.269s][info][gc,ref      ] GC(83) Final: 84 encountered, 3 discovered, 0 enqueued
[51.269s][info][gc,ref      ] GC(83) Phantom: 616 encountered, 263 discovered, 0 enqueued
[51.269s][info][gc,reloc    ] GC(83) Small Pages: 537 / 1074M, Empty: 0M, Relocated: 45M, In-Place: 0
[51.269s][info][gc,reloc    ] GC(83) Medium Pages: 1 / 32M, Empty: 0M, Relocated: 0M, In-Place: 0
[51.269s][info][gc,reloc    ] GC(83) Large Pages: 8 / 64M, Empty: 0M, Relocated: 0M, In-Place: 0
[51.269s][info][gc,reloc    ] GC(83) Forwarding Usage: 47M
[51.269s][info][gc,heap     ] GC(83) Min Capacity: 8M(0%)
[51.269s][info][gc,heap     ] GC(83) Max Capacity: 2048M(100%)
[51.269s][info][gc,heap     ] GC(83) Soft Max Capacity: 2048M(100%)
[51.269s][info][gc,heap     ] GC(83)                Mark Start          Mark End        Relocate Start      Relocate End           High               Low         
[51.269s][info][gc,heap     ] GC(83)  Capacity:     2048M (100%)       2048M (100%)       2048M (100%)       2048M (100%)       2048M (100%)       2048M (100%)   
[51.269s][info][gc,heap     ] GC(83)      Free:      878M (43%)         710M (35%)         710M (35%)        1382M (67%)        1382M (67%)         690M (34%)    
[51.269s][info][gc,heap     ] GC(83)      Used:     1170M (57%)        1338M (65%)        1338M (65%)         666M (33%)        1358M (66%)         666M (33%)    
[51.269s][info][gc,heap     ] GC(83)      Live:         -               423M (21%)         423M (21%)         423M (21%)            -                  -          
[51.269s][info][gc,heap     ] GC(83) Allocated:         -               168M (8%)          168M (8%)          167M (8%)             -                  -          
[51.269s][info][gc,heap     ] GC(83)   Garbage:         -               746M (36%)         746M (36%)          75M (4%)             -                  -          
[51.269s][info][gc,heap     ] GC(83) Reclaimed:         -                  -                 0M (0%)          671M (33%)            -                  -          
[51.269s][info][gc          ] GC(83) Garbage Collection (Allocation Rate) 1170M(57%)->666M(33%)
[51.381s][info][gc,start    ] GC(84) Garbage Collection (Allocation Rate)
[51.381s][info][gc,task     ] GC(84) Using 10 workers
[51.381s][info][gc,phases   ] GC(84) Pause Mark Start 0.017ms
[51.553s][info][gc,phases   ] GC(84) Concurrent Mark 171.387ms
[51.553s][info][gc,phases   ] GC(84) Pause Mark End 0.027ms
[51.553s][info][gc,phases   ] GC(84) Concurrent Mark Free 0.001ms
[51.555s][info][gc,phases   ] GC(84) Concurrent Process Non-Strong References 2.219ms
[51.556s][info][gc,phases   ] GC(84) Concurrent Reset Relocation Set 0.069ms
[51.561s][info][gc,phases   ] GC(84) Concurrent Select Relocation Set 5.921ms
[51.562s][info][gc,phases   ] GC(84) Pause Relocate Start 0.009ms
[51.577s][info][gc,phases   ] GC(84) Concurrent Relocate 15.815ms
[51.578s][info][gc,load     ] GC(84) Load: 0.00/0.00/0.00
[51.578s][info][gc,mmu      ] GC(84) MMU: 2ms/96.8%, 5ms/98.7%, 10ms/99.3%, 20ms/99.6%, 50ms/99.8%, 100ms/99.9%
[51.578s][info][gc,marking  ] GC(84) Mark: 8 stripe(s), 2 proactive flush(es), 1 terminate flush(es), 0 completion(s), 0 continuation(s) 
[51.578s][info][gc,marking  ] GC(84) Mark Stack Usage: 32M
[51.578s][info][gc,nmethod  ] GC(84) NMethods: 8603 registered, 873 unregistered
[51.578s][info][gc,metaspace] GC(84) Metaspace: 64M used, 65M committed, 1088M reserved
[51.578s][info][gc,ref      ] GC(84) Soft: 3300 encountered, 0 discovered, 0 enqueued
[51.578s][info][gc,ref      ] GC(84) Weak: 6312 encountered, 2632 discovered, 0 enqueued
[51.578s][info][gc,ref      ] GC(84) Final: 84 encountered, 77 discovered, 0 enqueued
[51.578s][info][gc,ref      ] GC(84) Phantom: 616 encountered, 559 discovered, 0 enqueued
[51.578s][info][gc,reloc    ] GC(84) Small Pages: 269 / 538M, Empty: 78M, Relocated: 26M, In-Place: 0
[51.578s][info][gc,reloc    ] GC(84) Medium Pages: 2 / 64M, Empty: 0M, Relocated: 18M, In-Place: 0
[51.578s][info][gc,reloc    ] GC(84) Large Pages: 8 / 64M, Empty: 24M, Relocated: 0M, In-Place: 0
[51.578s][info][gc,reloc    ] GC(84) Forwarding Usage: 23M
[51.578s][info][gc,heap     ] GC(84) Min Capacity: 8M(0%)
[51.578s][info][gc,heap     ] GC(84) Max Capacity: 2048M(100%)
[51.578s][info][gc,heap     ] GC(84) Soft Max Capacity: 2048M(100%)
[51.578s][info][gc,heap     ] GC(84)                Mark Start          Mark End        Relocate Start      Relocate End           High               Low         
[51.578s][info][gc,heap     ] GC(84)  Capacity:     2048M (100%)       2048M (100%)       2048M (100%)       2048M (100%)       2048M (100%)       2048M (100%)   
[51.578s][info][gc,heap     ] GC(84)      Free:     1382M (67%)        1380M (67%)        1450M (71%)        1630M (80%)        1630M (80%)        1348M (66%)    
[51.578s][info][gc,heap     ] GC(84)      Used:      666M (33%)         668M (33%)         598M (29%)         418M (20%)         700M (34%)         418M (20%)    
[51.578s][info][gc,heap     ] GC(84)      Live:         -               313M (15%)         313M (15%)         313M (15%)            -                  -          
[51.578s][info][gc,heap     ] GC(84) Allocated:         -                 2M (0%)           34M (2%)           30M (2%)             -                  -          
[51.578s][info][gc,heap     ] GC(84)   Garbage:         -               352M (17%)         250M (12%)          74M (4%)             -                  -          
[51.578s][info][gc,heap     ] GC(84) Reclaimed:         -                  -               102M (5%)          278M (14%)            -                  -          
[51.578s][info][gc          ] GC(84) Garbage Collection (Allocation Rate) 666M(33%)->418M(20%)
[51.670s][info][gc,start    ] GC(85) Garbage Collection (Allocation Rate)
[51.670s][info][gc,task     ] GC(85) Using 10 workers
[51.670s][info][gc,phases   ] GC(85) Pause Mark Start 0.015ms
[51.833s][info][gc,phases   ] GC(85) Concurrent Mark 162.762ms
[51.833s][info][gc,phases   ] GC(85) Pause Mark End 0.021ms
[51.833s][info][gc,phases   ] GC(85) Concurrent Mark Free 0.001ms
[51.836s][info][gc,phases   ] GC(85) Concurrent Process Non-Strong References 2.253ms
[51.836s][info][gc,phases   ] GC(85) Concurrent Reset Relocation Set 0.020ms
[51.845s][info][gc,phases   ] GC(85) Concurrent Select Relocation Set 9.407ms
[51.845s][info][gc,phases   ] GC(85) Pause Relocate Start 0.008ms
[51.851s][info][gc,phases   ] GC(85) Concurrent Relocate 5.656ms
[51.851s][info][gc,load     ] GC(85) Load: 0.00/0.00/0.00
[51.851s][info][gc,mmu      ] GC(85) MMU: 2ms/96.8%, 5ms/98.7%, 10ms/99.3%, 20ms/99.6%, 50ms/99.8%, 100ms/99.9%
[51.851s][info][gc,marking  ] GC(85) Mark: 8 stripe(s), 2 proactive flush(es), 1 terminate flush(es), 0 completion(s), 0 continuation(s) 
[51.851s][info][gc,marking  ] GC(85) Mark Stack Usage: 32M
[51.851s][info][gc,nmethod  ] GC(85) NMethods: 8622 registered, 875 unregistered
[51.851s][info][gc,metaspace] GC(85) Metaspace: 64M used, 65M committed, 1088M reserved
[51.851s][info][gc,ref      ] GC(85) Soft: 3300 encountered, 0 discovered, 0 enqueued
[51.851s][info][gc,ref      ] GC(85) Weak: 6455 encountered, 1902 discovered, 4 enqueued
[51.851s][info][gc,ref      ] GC(85) Final: 84 encountered, 3 discovered, 0 enqueued
[51.851s][info][gc,ref      ] GC(85) Phantom: 619 encountered, 500 discovered, 0 enqueued
[51.851s][info][gc,reloc    ] GC(85) Small Pages: 160 / 320M, Empty: 2M, Relocated: 6M, In-Place: 0
[51.851s][info][gc,reloc    ] GC(85) Medium Pages: 2 / 64M, Empty: 0M, Relocated: 12M, In-Place: 0
[51.851s][info][gc,reloc    ] GC(85) Large Pages: 4 / 40M, Empty: 0M, Relocated: 0M, In-Place: 0
[51.851s][info][gc,reloc    ] GC(85) Forwarding Usage: 5M
[51.851s][info][gc,heap     ] GC(85) Min Capacity: 8M(0%)
[51.851s][info][gc,heap     ] GC(85) Max Capacity: 2048M(100%)
[51.851s][info][gc,heap     ] GC(85) Soft Max Capacity: 2048M(100%)
[51.851s][info][gc,heap     ] GC(85)                Mark Start          Mark End        Relocate Start      Relocate End           High               Low         
[51.851s][info][gc,heap     ] GC(85)  Capacity:     2048M (100%)       2048M (100%)       2048M (100%)       2048M (100%)       2048M (100%)       2048M (100%)   
[51.851s][info][gc,heap     ] GC(85)      Free:     1624M (79%)        1576M (77%)        1576M (77%)        1614M (79%)        1624M (79%)        1530M (75%)    
[51.852s][info][gc,heap     ] GC(85)      Used:      424M (21%)         472M (23%)         472M (23%)         434M (21%)         518M (25%)         424M (21%)    
[51.852s][info][gc,heap     ] GC(85)      Live:         -               308M (15%)         308M (15%)         308M (15%)            -                  -          
[51.852s][info][gc,heap     ] GC(85) Allocated:         -                48M (2%)           50M (2%)           49M (2%)             -                  -          
[51.852s][info][gc,heap     ] GC(85)   Garbage:         -               115M (6%)          113M (6%)           75M (4%)             -                  -          
[51.852s][info][gc,heap     ] GC(85) Reclaimed:         -                  -                 2M (0%)           39M (2%)             -                  -          
[51.852s][info][gc          ] GC(85) Garbage Collection (Allocation Rate) 424M(21%)->434M(21%)
[51.981s][info][gc,start    ] GC(86) Garbage Collection (Allocation Rate)
[51.981s][info][gc,task     ] GC(86) Using 10 workers
[51.981s][info][gc,phases   ] GC(86) Pause Mark Start 0.012ms
[52.075s][info][gc,phases   ] GC(86) Concurrent Mark 93.298ms
[52.075s][info][gc,phases   ] GC(86) Pause Mark End 0.029ms
[52.075s][info][gc,phases   ] GC(86) Concurrent Mark Free 0.001ms
[52.077s][info][gc,phases   ] GC(86) Concurrent Process Non-Strong References 2.528ms
[52.077s][info][gc,phases   ] GC(86) Concurrent Reset Relocation Set 0.003ms
[52.090s][info][gc,phases   ] GC(86) Concurrent Select Relocation Set 12.450ms
[52.090s][info][gc,phases   ] GC(86) Pause Relocate Start 0.008ms
[52.099s][info][gc,phases   ] GC(86) Concurrent Relocate 9.414ms
[52.100s][info][gc,load     ] GC(86) Load: 0.00/0.00/0.00
[52.100s][info][gc,mmu      ] GC(86) MMU: 2ms/96.8%, 5ms/98.7%, 10ms/99.3%, 20ms/99.6%, 50ms/99.8%, 100ms/99.9%
[52.100s][info][gc,marking  ] GC(86) Mark: 8 stripe(s), 2 proactive flush(es), 1 terminate flush(es), 0 completion(s), 0 continuation(s) 
[52.100s][info][gc,marking  ] GC(86) Mark Stack Usage: 32M
[52.100s][info][gc,nmethod  ] GC(86) NMethods: 8657 registered, 887 unregistered
[52.100s][info][gc,metaspace] GC(86) Metaspace: 64M used, 65M committed, 1088M reserved
[52.100s][info][gc,ref      ] GC(86) Soft: 3300 encountered, 0 discovered, 0 enqueued
[52.100s][info][gc,ref      ] GC(86) Weak: 6524 encountered, 754 discovered, 84 enqueued
[52.100s][info][gc,ref      ] GC(86) Final: 84 encountered, 76 discovered, 0 enqueued
[52.100s][info][gc,ref      ] GC(86) Phantom: 620 encountered, 491 discovered, 0 enqueued
[52.100s][info][gc,reloc    ] GC(86) Small Pages: 223 / 446M, Empty: 120M, Relocated: 13M, In-Place: 0
[52.100s][info][gc,reloc    ] GC(86) Medium Pages: 2 / 64M, Empty: 0M, Relocated: 14M, In-Place: 0
[52.100s][info][gc,reloc    ] GC(86) Large Pages: 5 / 46M, Empty: 46M, Relocated: 0M, In-Place: 0
[52.100s][info][gc,reloc    ] GC(86) Forwarding Usage: 11M
[52.100s][info][gc,heap     ] GC(86) Min Capacity: 8M(0%)
[52.100s][info][gc,heap     ] GC(86) Max Capacity: 2048M(100%)
[52.100s][info][gc,heap     ] GC(86) Soft Max Capacity: 2048M(100%)
[52.100s][info][gc,heap     ] GC(86)                Mark Start          Mark End        Relocate Start      Relocate End           High               Low         
[52.100s][info][gc,heap     ] GC(86)  Capacity:     2048M (100%)       2048M (100%)       2048M (100%)       2048M (100%)       2048M (100%)       2048M (100%)   
[52.100s][info][gc,heap     ] GC(86)      Free:     1492M (73%)        1374M (67%)        1532M (75%)        1688M (82%)        1688M (82%)        1372M (67%)    
[52.100s][info][gc,heap     ] GC(86)      Used:      556M (27%)         674M (33%)         516M (25%)         360M (18%)         676M (33%)         360M (18%)    
[52.100s][info][gc,heap     ] GC(86)      Live:         -               177M (9%)          177M (9%)          177M (9%)             -                  -          
[52.100s][info][gc,heap     ] GC(86) Allocated:         -               118M (6%)          126M (6%)          127M (6%)             -                  -          
[52.100s][info][gc,heap     ] GC(86)   Garbage:         -               378M (18%)         212M (10%)          54M (3%)             -                  -          
[52.100s][info][gc,heap     ] GC(86) Reclaimed:         -                  -               166M (8%)          323M (16%)            -                  -          
[52.100s][info][gc          ] GC(86) Garbage Collection (Allocation Rate) 556M(27%)->360M(18%)
[52.583s][info][gc,start    ] GC(87) Garbage Collection (Allocation Rate)
[52.583s][info][gc,task     ] GC(87) Using 12 workers
[52.583s][info][gc,phases   ] GC(87) Pause Mark Start 0.017ms
[52.724s][info][gc,phases   ] GC(87) Concurrent Mark 140.088ms
[52.724s][info][gc,phases   ] GC(87) Pause Mark End 0.036ms
[52.724s][info][gc,phases   ] GC(87) Concurrent Mark Free 0.001ms
[52.726s][info][gc,phases   ] GC(87) Concurrent Process Non-Strong References 2.256ms
[52.726s][info][gc,phases   ] GC(87) Concurrent Reset Relocation Set 0.012ms
[52.764s][info][gc,phases   ] GC(87) Concurrent Select Relocation Set 37.767ms
[52.764s][info][gc,phases   ] GC(87) Pause Relocate Start 0.008ms
[52.811s][info][gc,phases   ] GC(87) Concurrent Relocate 46.520ms
[52.811s][info][gc,load     ] GC(87) Load: 0.00/0.00/0.00
[52.811s][info][gc,mmu      ] GC(87) MMU: 2ms/96.8%, 5ms/98.7%, 10ms/99.3%, 20ms/99.6%, 50ms/99.8%, 100ms/99.9%
[52.811s][info][gc,marking  ] GC(87) Mark: 8 stripe(s), 2 proactive flush(es), 1 terminate flush(es), 0 completion(s), 0 continuation(s) 
[52.811s][info][gc,marking  ] GC(87) Mark Stack Usage: 32M
[52.811s][info][gc,nmethod  ] GC(87) NMethods: 8657 registered, 888 unregistered
[52.811s][info][gc,metaspace] GC(87) Metaspace: 64M used, 65M committed, 1088M reserved
[52.811s][info][gc,ref      ] GC(87) Soft: 3304 encountered, 0 discovered, 0 enqueued
[52.811s][info][gc,ref      ] GC(87) Weak: 6445 encountered, 2107 discovered, 78 enqueued
[52.811s][info][gc,ref      ] GC(87) Final: 84 encountered, 30 discovered, 0 enqueued
[52.811s][info][gc,ref      ] GC(87) Phantom: 616 encountered, 408 discovered, 0 enqueued
[52.811s][info][gc,reloc    ] GC(87) Small Pages: 570 / 1140M, Empty: 0M, Relocated: 136M, In-Place: 0
[52.811s][info][gc,reloc    ] GC(87) Medium Pages: 3 / 96M, Empty: 64M, Relocated: 0M, In-Place: 0
[52.811s][info][gc,reloc    ] GC(87) Large Pages: 12 / 72M, Empty: 24M, Relocated: 0M, In-Place: 0
[52.811s][info][gc,reloc    ] GC(87) Forwarding Usage: 97M
[52.811s][info][gc,heap     ] GC(87) Min Capacity: 8M(0%)
[52.811s][info][gc,heap     ] GC(87) Max Capacity: 2048M(100%)
[52.811s][info][gc,heap     ] GC(87) Soft Max Capacity: 2048M(100%)
[52.811s][info][gc,heap     ] GC(87)                Mark Start          Mark End        Relocate Start      Relocate End           High               Low         
[52.811s][info][gc,heap     ] GC(87)  Capacity:     2048M (100%)       2048M (100%)       2048M (100%)       2048M (100%)       2048M (100%)       2048M (100%)   
[52.811s][info][gc,heap     ] GC(87)      Free:      740M (36%)         508M (25%)         564M (28%)        1332M (65%)        1332M (65%)         494M (24%)    
[52.812s][info][gc,heap     ] GC(87)      Used:     1308M (64%)        1540M (75%)        1484M (72%)         716M (35%)        1554M (76%)         716M (35%)    
[52.812s][info][gc,heap     ] GC(87)      Live:         -               348M (17%)         348M (17%)         348M (17%)            -                  -          
[52.812s][info][gc,heap     ] GC(87) Allocated:         -               232M (11%)         264M (13%)         305M (15%)            -                  -          
[52.812s][info][gc,heap     ] GC(87)   Garbage:         -               959M (47%)         871M (43%)          61M (3%)             -                  -          
[52.812s][info][gc,heap     ] GC(87) Reclaimed:         -                  -                88M (4%)          897M (44%)            -                  -          
[52.812s][info][gc          ] GC(87) Garbage Collection (Allocation Rate) 1308M(64%)->716M(35%)
[52.872s][info][gc,start    ] GC(88) Garbage Collection (Allocation Rate)
[52.872s][info][gc,task     ] GC(88) Using 12 workers
[52.872s][info][gc,phases   ] GC(88) Pause Mark Start 0.013ms
[53.044s][info][gc,phases   ] GC(88) Concurrent Mark 171.334ms
[53.044s][info][gc,phases   ] GC(88) Pause Mark End 0.022ms
[53.044s][info][gc,phases   ] GC(88) Concurrent Mark Free 0.001ms
[53.046s][info][gc,phases   ] GC(88) Concurrent Process Non-Strong References 2.011ms
[53.046s][info][gc,phases   ] GC(88) Concurrent Reset Relocation Set 0.071ms
[53.057s][info][gc,phases   ] GC(88) Concurrent Select Relocation Set 11.329ms
[53.057s][info][gc,phases   ] GC(88) Pause Relocate Start 0.011ms
[53.074s][info][gc,phases   ] GC(88) Concurrent Relocate 16.865ms
[53.074s][info][gc,load     ] GC(88) Load: 0.00/0.00/0.00
[53.074s][info][gc,mmu      ] GC(88) MMU: 2ms/96.8%, 5ms/98.7%, 10ms/99.3%, 20ms/99.6%, 50ms/99.8%, 100ms/99.9%
[53.074s][info][gc,marking  ] GC(88) Mark: 8 stripe(s), 2 proactive flush(es), 1 terminate flush(es), 0 completion(s), 0 continuation(s) 
[53.074s][info][gc,marking  ] GC(88) Mark Stack Usage: 32M
[53.075s][info][gc,nmethod  ] GC(88) NMethods: 8657 registered, 888 unregistered
[53.075s][info][gc,metaspace] GC(88) Metaspace: 64M used, 65M committed, 1088M reserved
[53.075s][info][gc,ref      ] GC(88) Soft: 3304 encountered, 0 discovered, 0 enqueued
[53.075s][info][gc,ref      ] GC(88) Weak: 6367 encountered, 2421 discovered, 0 enqueued
[53.075s][info][gc,ref      ] GC(88) Final: 84 encountered, 75 discovered, 0 enqueued
[53.075s][info][gc,ref      ] GC(88) Phantom: 616 encountered, 389 discovered, 0 enqueued
[53.075s][info][gc,reloc    ] GC(88) Small Pages: 355 / 710M, Empty: 0M, Relocated: 36M, In-Place: 0
[53.075s][info][gc,reloc    ] GC(88) Medium Pages: 1 / 32M, Empty: 0M, Relocated: 0M, In-Place: 0
[53.075s][info][gc,reloc    ] GC(88) Large Pages: 12 / 88M, Empty: 24M, Relocated: 0M, In-Place: 0
[53.075s][info][gc,reloc    ] GC(88) Forwarding Usage: 28M
[53.075s][info][gc,heap     ] GC(88) Min Capacity: 8M(0%)
[53.075s][info][gc,heap     ] GC(88) Max Capacity: 2048M(100%)
[53.075s][info][gc,heap     ] GC(88) Soft Max Capacity: 2048M(100%)
[53.075s][info][gc,heap     ] GC(88)                Mark Start          Mark End        Relocate Start      Relocate End           High               Low         
[53.075s][info][gc,heap     ] GC(88)  Capacity:     2048M (100%)       2048M (100%)       2048M (100%)       2048M (100%)       2048M (100%)       2048M (100%)   
[53.075s][info][gc,heap     ] GC(88)      Free:     1218M (59%)         952M (46%)         948M (46%)        1268M (62%)        1268M (62%)         922M (45%)    
[53.075s][info][gc,heap     ] GC(88)      Used:      830M (41%)        1096M (54%)        1100M (54%)         780M (38%)        1126M (55%)         780M (38%)    
[53.075s][info][gc,heap     ] GC(88)      Live:         -               388M (19%)         388M (19%)         388M (19%)            -                  -          
[53.075s][info][gc,heap     ] GC(88) Allocated:         -               266M (13%)         294M (14%)         319M (16%)            -                  -          
[53.075s][info][gc,heap     ] GC(88)   Garbage:         -               441M (22%)         417M (20%)          71M (4%)             -                  -          
[53.075s][info][gc,heap     ] GC(88) Reclaimed:         -                  -                24M (1%)          369M (18%)            -                  -          
[53.075s][info][gc          ] GC(88) Garbage Collection (Allocation Rate) 830M(41%)->780M(38%)
[53.075s][info][gc,start    ] GC(89) Garbage Collection (Allocation Rate)
[53.075s][info][gc,task     ] GC(89) Using 12 workers
[53.075s][info][gc,phases   ] GC(89) Pause Mark Start 0.007ms
[53.262s][info][gc,phases   ] GC(89) Concurrent Mark 187.233ms
[53.263s][info][gc,phases   ] GC(89) Pause Mark End 0.031ms
[53.263s][info][gc,phases   ] GC(89) Concurrent Mark Free 0.002ms
[53.265s][info][gc,phases   ] GC(89) Concurrent Process Non-Strong References 2.474ms
[53.265s][info][gc,phases   ] GC(89) Concurrent Reset Relocation Set 0.045ms
[53.268s][info][gc,phases   ] GC(89) Concurrent Select Relocation Set 3.219ms
[53.269s][info][gc,phases   ] GC(89) Pause Relocate Start 0.008ms
[53.287s][info][gc,phases   ] GC(89) Concurrent Relocate 18.720ms
[53.287s][info][gc,load     ] GC(89) Load: 0.00/0.00/0.00
[53.287s][info][gc,mmu      ] GC(89) MMU: 2ms/96.8%, 5ms/98.7%, 10ms/99.3%, 20ms/99.6%, 50ms/99.8%, 100ms/99.9%
[53.287s][info][gc,marking  ] GC(89) Mark: 8 stripe(s), 2 proactive flush(es), 1 terminate flush(es), 0 completion(s), 0 continuation(s) 
[53.288s][info][gc,marking  ] GC(89) Mark Stack Usage: 32M
[53.288s][info][gc,nmethod  ] GC(89) NMethods: 8657 registered, 888 unregistered
[53.288s][info][gc,metaspace] GC(89) Metaspace: 64M used, 65M committed, 1088M reserved
[53.288s][info][gc,ref      ] GC(89) Soft: 3304 encountered, 0 discovered, 0 enqueued
[53.288s][info][gc,ref      ] GC(89) Weak: 6367 encountered, 2096 discovered, 0 enqueued
[53.288s][info][gc,ref      ] GC(89) Final: 84 encountered, 46 discovered, 0 enqueued
[53.288s][info][gc,ref      ] GC(89) Phantom: 616 encountered, 586 discovered, 0 enqueued
[53.288s][info][gc,reloc    ] GC(89) Small Pages: 342 / 684M, Empty: 0M, Relocated: 31M, In-Place: 0
[53.288s][info][gc,reloc    ] GC(89) Medium Pages: 1 / 32M, Empty: 0M, Relocated: 0M, In-Place: 0
[53.288s][info][gc,reloc    ] GC(89) Large Pages: 8 / 64M, Empty: 0M, Relocated: 0M, In-Place: 0
[53.288s][info][gc,reloc    ] GC(89) Forwarding Usage: 27M
[53.288s][info][gc,heap     ] GC(89) Min Capacity: 8M(0%)
[53.288s][info][gc,heap     ] GC(89) Max Capacity: 2048M(100%)
[53.288s][info][gc,heap     ] GC(89) Soft Max Capacity: 2048M(100%)
[53.288s][info][gc,heap     ] GC(89)                Mark Start          Mark End        Relocate Start      Relocate End           High               Low         
[53.288s][info][gc,heap     ] GC(89)  Capacity:     2048M (100%)       2048M (100%)       2048M (100%)       2048M (100%)       2048M (100%)       2048M (100%)   
[53.288s][info][gc,heap     ] GC(89)      Free:     1268M (62%)         958M (47%)         948M (46%)        1226M (60%)        1268M (62%)         924M (45%)    
[53.288s][info][gc,heap     ] GC(89)      Used:      780M (38%)        1090M (53%)        1100M (54%)         822M (40%)        1124M (55%)         780M (38%)    
[53.288s][info][gc,heap     ] GC(89)      Live:         -               404M (20%)         404M (20%)         404M (20%)            -                  -          
[53.288s][info][gc,heap     ] GC(89) Allocated:         -               310M (15%)         320M (16%)         343M (17%)            -                  -          
[53.288s][info][gc,heap     ] GC(89)   Garbage:         -               375M (18%)         375M (18%)          73M (4%)             -                  -          
[53.288s][info][gc,heap     ] GC(89) Reclaimed:         -                  -                 0M (0%)          301M (15%)            -                  -          
[53.288s][info][gc          ] GC(89) Garbage Collection (Allocation Rate) 780M(38%)->822M(40%)
[53.372s][info][gc,start    ] GC(90) Garbage Collection (Allocation Rate)
[53.372s][info][gc,task     ] GC(90) Using 12 workers
[53.372s][info][gc,phases   ] GC(90) Pause Mark Start 0.014ms
[53.520s][info][gc,phases   ] GC(90) Concurrent Mark 147.751ms
[53.520s][info][gc,phases   ] GC(90) Pause Mark End 0.029ms
[53.520s][info][gc,phases   ] GC(90) Concurrent Mark Free 0.001ms
[53.523s][info][gc,phases   ] GC(90) Concurrent Process Non-Strong References 2.444ms
[53.523s][info][gc,phases   ] GC(90) Concurrent Reset Relocation Set 0.032ms
[53.560s][info][gc,phases   ] GC(90) Concurrent Select Relocation Set 36.844ms
[53.560s][info][gc,phases   ] GC(90) Pause Relocate Start 0.013ms
[53.590s][info][gc,phases   ] GC(90) Concurrent Relocate 30.456ms
[53.591s][info][gc,load     ] GC(90) Load: 0.00/0.00/0.00
[53.591s][info][gc,mmu      ] GC(90) MMU: 2ms/96.8%, 5ms/98.7%, 10ms/99.3%, 20ms/99.6%, 50ms/99.8%, 100ms/99.9%
[53.591s][info][gc,marking  ] GC(90) Mark: 8 stripe(s), 3 proactive flush(es), 1 terminate flush(es), 0 completion(s), 0 continuation(s) 
[53.591s][info][gc,marking  ] GC(90) Mark Stack Usage: 32M
[53.591s][info][gc,nmethod  ] GC(90) NMethods: 8657 registered, 888 unregistered
[53.591s][info][gc,metaspace] GC(90) Metaspace: 64M used, 65M committed, 1088M reserved
[53.591s][info][gc,ref      ] GC(90) Soft: 3304 encountered, 0 discovered, 0 enqueued
[53.591s][info][gc,ref      ] GC(90) Weak: 6367 encountered, 511 discovered, 0 enqueued
[53.591s][info][gc,ref      ] GC(90) Final: 84 encountered, 6 discovered, 0 enqueued
[53.591s][info][gc,ref      ] GC(90) Phantom: 616 encountered, 542 discovered, 0 enqueued
[53.591s][info][gc,reloc    ] GC(90) Small Pages: 414 / 828M, Empty: 68M, Relocated: 48M, In-Place: 0
[53.591s][info][gc,reloc    ] GC(90) Medium Pages: 1 / 32M, Empty: 0M, Relocated: 0M, In-Place: 0
[53.591s][info][gc,reloc    ] GC(90) Large Pages: 8 / 64M, Empty: 24M, Relocated: 0M, In-Place: 0
[53.591s][info][gc,reloc    ] GC(90) Forwarding Usage: 46M
[53.591s][info][gc,heap     ] GC(90) Min Capacity: 8M(0%)
[53.591s][info][gc,heap     ] GC(90) Max Capacity: 2048M(100%)
[53.591s][info][gc,heap     ] GC(90) Soft Max Capacity: 2048M(100%)
[53.591s][info][gc,heap     ] GC(90)                Mark Start          Mark End        Relocate Start      Relocate End           High               Low         
[53.591s][info][gc,heap     ] GC(90)  Capacity:     2048M (100%)       2048M (100%)       2048M (100%)       2048M (100%)       2048M (100%)       2048M (100%)   
[53.591s][info][gc,heap     ] GC(90)      Free:     1124M (55%)        1090M (53%)        1182M (58%)        1636M (80%)        1636M (80%)        1090M (53%)    
[53.591s][info][gc,heap     ] GC(90)      Used:      924M (45%)         958M (47%)         866M (42%)         412M (20%)         958M (47%)         412M (20%)    
[53.591s][info][gc,heap     ] GC(90)      Live:         -               301M (15%)         301M (15%)         301M (15%)            -                  -          
[53.591s][info][gc,heap     ] GC(90) Allocated:         -                34M (2%)           34M (2%)           33M (2%)             -                  -          
[53.591s][info][gc,heap     ] GC(90)   Garbage:         -               622M (30%)         530M (26%)          77M (4%)             -                  -          
[53.591s][info][gc,heap     ] GC(90) Reclaimed:         -                  -                92M (4%)          545M (27%)            -                  -          
[53.591s][info][gc          ] GC(90) Garbage Collection (Allocation Rate) 924M(45%)->412M(20%)
[54.184s][info][gc,start    ] GC(91) Garbage Collection (Allocation Rate)
[54.184s][info][gc,task     ] GC(91) Using 12 workers
[54.184s][info][gc,phases   ] GC(91) Pause Mark Start 0.013ms
[54.277s][info][gc,phases   ] GC(91) Concurrent Mark 93.312ms
[54.277s][info][gc,phases   ] GC(91) Pause Mark End 0.025ms
[54.278s][info][gc,phases   ] GC(91) Concurrent Mark Free 0.001ms
[54.280s][info][gc,phases   ] GC(91) Concurrent Process Non-Strong References 2.329ms
[54.280s][info][gc,phases   ] GC(91) Concurrent Reset Relocation Set 0.051ms
[54.287s][info][gc,phases   ] GC(91) Concurrent Select Relocation Set 6.635ms
[54.287s][info][gc,phases   ] GC(91) Pause Relocate Start 0.009ms
[54.300s][info][gc,phases   ] GC(91) Concurrent Relocate 13.346ms
[54.300s][info][gc,load     ] GC(91) Load: 0.00/0.00/0.00
[54.300s][info][gc,mmu      ] GC(91) MMU: 2ms/96.8%, 5ms/98.7%, 10ms/99.3%, 20ms/99.6%, 50ms/99.8%, 100ms/99.9%
[54.300s][info][gc,marking  ] GC(91) Mark: 8 stripe(s), 2 proactive flush(es), 1 terminate flush(es), 0 completion(s), 0 continuation(s) 
[54.300s][info][gc,marking  ] GC(91) Mark Stack Usage: 32M
[54.300s][info][gc,nmethod  ] GC(91) NMethods: 8706 registered, 897 unregistered
[54.300s][info][gc,metaspace] GC(91) Metaspace: 64M used, 65M committed, 1088M reserved
[54.300s][info][gc,ref      ] GC(91) Soft: 3301 encountered, 0 discovered, 0 enqueued
[54.300s][info][gc,ref      ] GC(91) Weak: 6579 encountered, 1986 discovered, 156 enqueued
[54.300s][info][gc,ref      ] GC(91) Final: 84 encountered, 19 discovered, 0 enqueued
[54.300s][info][gc,ref      ] GC(91) Phantom: 618 encountered, 507 discovered, 0 enqueued
[54.300s][info][gc,reloc    ] GC(91) Small Pages: 252 / 504M, Empty: 88M, Relocated: 22M, In-Place: 0
[54.300s][info][gc,reloc    ] GC(91) Medium Pages: 3 / 96M, Empty: 64M, Relocated: 0M, In-Place: 0
[54.300s][info][gc,reloc    ] GC(91) Large Pages: 9 / 70M, Empty: 46M, Relocated: 0M, In-Place: 0
[54.300s][info][gc,reloc    ] GC(91) Forwarding Usage: 20M
[54.300s][info][gc,heap     ] GC(91) Min Capacity: 8M(0%)
[54.300s][info][gc,heap     ] GC(91) Max Capacity: 2048M(100%)
[54.300s][info][gc,heap     ] GC(91) Soft Max Capacity: 2048M(100%)
[54.300s][info][gc,heap     ] GC(91)                Mark Start          Mark End        Relocate Start      Relocate End           High               Low         
[54.300s][info][gc,heap     ] GC(91)  Capacity:     2048M (100%)       2048M (100%)       2048M (100%)       2048M (100%)       2048M (100%)       2048M (100%)   
[54.300s][info][gc,heap     ] GC(91)      Free:     1378M (67%)        1328M (65%)        1518M (74%)        1716M (84%)        1718M (84%)        1322M (65%)    
[54.300s][info][gc,heap     ] GC(91)      Used:      670M (33%)         720M (35%)         530M (26%)         332M (16%)         726M (35%)         330M (16%)    
[54.301s][info][gc,heap     ] GC(91)      Live:         -               209M (10%)         209M (10%)         209M (10%)            -                  -          
[54.301s][info][gc,heap     ] GC(91) Allocated:         -                50M (2%)           58M (3%)           61M (3%)             -                  -          
[54.301s][info][gc,heap     ] GC(91)   Garbage:         -               460M (23%)         262M (13%)          61M (3%)             -                  -          
[54.301s][info][gc,heap     ] GC(91) Reclaimed:         -                  -               198M (10%)         399M (20%)            -                  -          
[54.301s][info][gc          ] GC(91) Garbage Collection (Allocation Rate) 670M(33%)->332M(16%)
[54.979s][info][gc,start    ] GC(92) Garbage Collection (Allocation Rate)
[54.979s][info][gc,task     ] GC(92) Using 12 workers
[54.979s][info][gc,phases   ] GC(92) Pause Mark Start 0.012ms
[55.073s][info][gc,phases   ] GC(92) Concurrent Mark 93.300ms
[55.073s][info][gc,phases   ] GC(92) Pause Mark End 0.024ms
[55.073s][info][gc,phases   ] GC(92) Concurrent Mark Free 0.001ms
[55.075s][info][gc,phases   ] GC(92) Concurrent Process Non-Strong References 2.268ms
[55.075s][info][gc,phases   ] GC(92) Concurrent Reset Relocation Set 0.019ms
[55.097s][info][gc,phases   ] GC(92) Concurrent Select Relocation Set 21.359ms
[55.097s][info][gc,phases   ] GC(92) Pause Relocate Start 0.010ms
[55.113s][info][gc,phases   ] GC(92) Concurrent Relocate 16.178ms
[55.113s][info][gc,load     ] GC(92) Load: 0.00/0.00/0.00
[55.113s][info][gc,mmu      ] GC(92) MMU: 2ms/96.8%, 5ms/98.7%, 10ms/99.3%, 20ms/99.6%, 50ms/99.8%, 100ms/99.9%
[55.113s][info][gc,marking  ] GC(92) Mark: 8 stripe(s), 2 proactive flush(es), 1 terminate flush(es), 0 completion(s), 0 continuation(s) 
[55.113s][info][gc,marking  ] GC(92) Mark Stack Usage: 32M
[55.113s][info][gc,nmethod  ] GC(92) NMethods: 8839 registered, 915 unregistered
[55.113s][info][gc,metaspace] GC(92) Metaspace: 64M used, 65M committed, 1088M reserved
[55.113s][info][gc,ref      ] GC(92) Soft: 3304 encountered, 0 discovered, 0 enqueued
[55.113s][info][gc,ref      ] GC(92) Weak: 6694 encountered, 2162 discovered, 285 enqueued
[55.113s][info][gc,ref      ] GC(92) Final: 84 encountered, 1 discovered, 0 enqueued
[55.113s][info][gc,ref      ] GC(92) Phantom: 632 encountered, 562 discovered, 0 enqueued
[55.113s][info][gc,reloc    ] GC(92) Small Pages: 479 / 958M, Empty: 472M, Relocated: 27M, In-Place: 0
[55.113s][info][gc,reloc    ] GC(92) Medium Pages: 3 / 96M, Empty: 64M, Relocated: 0M, In-Place: 0
[55.113s][info][gc,reloc    ] GC(92) Large Pages: 14 / 84M, Empty: 60M, Relocated: 0M, In-Place: 0
[55.113s][info][gc,reloc    ] GC(92) Forwarding Usage: 27M
[55.113s][info][gc,heap     ] GC(92) Min Capacity: 8M(0%)
[55.113s][info][gc,heap     ] GC(92) Max Capacity: 2048M(100%)
[55.113s][info][gc,heap     ] GC(92) Soft Max Capacity: 2048M(100%)
[55.113s][info][gc,heap     ] GC(92)                Mark Start          Mark End        Relocate Start      Relocate End           High               Low         
[55.113s][info][gc,heap     ] GC(92)  Capacity:     2048M (100%)       2048M (100%)       2048M (100%)       2048M (100%)       2048M (100%)       2048M (100%)   
[55.113s][info][gc,heap     ] GC(92)      Free:      910M (44%)         842M (41%)        1422M (69%)        1676M (82%)        1676M (82%)         838M (41%)    
[55.113s][info][gc,heap     ] GC(92)      Used:     1138M (56%)        1206M (59%)         626M (31%)         372M (18%)        1210M (59%)         372M (18%)    
[55.113s][info][gc,heap     ] GC(92)      Live:         -               216M (11%)         216M (11%)         216M (11%)            -                  -          
[55.114s][info][gc,heap     ] GC(92) Allocated:         -                68M (3%)           84M (4%)           89M (4%)             -                  -          
[55.114s][info][gc,heap     ] GC(92)   Garbage:         -               921M (45%)         325M (16%)          66M (3%)             -                  -          
[55.114s][info][gc,heap     ] GC(92) Reclaimed:         -                  -               596M (29%)         855M (42%)            -                  -          
[55.114s][info][gc          ] GC(92) Garbage Collection (Allocation Rate) 1138M(56%)->372M(18%)
[55.479s][info][gc,start    ] GC(93) Garbage Collection (Allocation Rate)
[55.479s][info][gc,task     ] GC(93) Using 12 workers
[55.479s][info][gc,phases   ] GC(93) Pause Mark Start 0.012ms
[55.588s][info][gc,phases   ] GC(93) Concurrent Mark 108.959ms
[55.588s][info][gc,phases   ] GC(93) Pause Mark End 0.029ms
[55.588s][info][gc,phases   ] GC(93) Concurrent Mark Free 0.002ms
[55.591s][info][gc,phases   ] GC(93) Concurrent Process Non-Strong References 2.403ms
[55.591s][info][gc,phases   ] GC(93) Concurrent Reset Relocation Set 0.028ms
[55.631s][info][gc,phases   ] GC(93) Concurrent Select Relocation Set 39.750ms
[55.631s][info][gc,phases   ] GC(93) Pause Relocate Start 0.010ms
[55.673s][info][gc,phases   ] GC(93) Concurrent Relocate 42.085ms
[55.673s][info][gc,load     ] GC(93) Load: 0.00/0.00/0.00
[55.673s][info][gc,mmu      ] GC(93) MMU: 2ms/96.8%, 5ms/98.7%, 10ms/99.3%, 20ms/99.6%, 50ms/99.8%, 100ms/99.9%
[55.673s][info][gc,marking  ] GC(93) Mark: 8 stripe(s), 2 proactive flush(es), 1 terminate flush(es), 0 completion(s), 0 continuation(s) 
[55.673s][info][gc,marking  ] GC(93) Mark Stack Usage: 32M
[55.673s][info][gc,nmethod  ] GC(93) NMethods: 8916 registered, 919 unregistered
[55.673s][info][gc,metaspace] GC(93) Metaspace: 64M used, 65M committed, 1088M reserved
[55.673s][info][gc,ref      ] GC(93) Soft: 3300 encountered, 0 discovered, 0 enqueued
[55.673s][info][gc,ref      ] GC(93) Weak: 6467 encountered, 2595 discovered, 92 enqueued
[55.673s][info][gc,ref      ] GC(93) Final: 84 encountered, 2 discovered, 0 enqueued
[55.673s][info][gc,ref      ] GC(93) Phantom: 616 encountered, 525 discovered, 0 enqueued
[55.673s][info][gc,reloc    ] GC(93) Small Pages: 522 / 1044M, Empty: 92M, Relocated: 80M, In-Place: 0
[55.673s][info][gc,reloc    ] GC(93) Medium Pages: 2 / 64M, Empty: 32M, Relocated: 0M, In-Place: 0
[55.673s][info][gc,reloc    ] GC(93) Large Pages: 9 / 54M, Empty: 30M, Relocated: 0M, In-Place: 0
[55.673s][info][gc,reloc    ] GC(93) Forwarding Usage: 76M
[55.673s][info][gc,heap     ] GC(93) Min Capacity: 8M(0%)
[55.673s][info][gc,heap     ] GC(93) Max Capacity: 2048M(100%)
[55.673s][info][gc,heap     ] GC(93) Soft Max Capacity: 2048M(100%)
[55.673s][info][gc,heap     ] GC(93)                Mark Start          Mark End        Relocate Start      Relocate End           High               Low         
[55.673s][info][gc,heap     ] GC(93)  Capacity:     2048M (100%)       2048M (100%)       2048M (100%)       2048M (100%)       2048M (100%)       2048M (100%)   
[55.673s][info][gc,heap     ] GC(93)      Free:      886M (43%)         852M (42%)        1004M (49%)        1682M (82%)        1682M (82%)         848M (41%)    
[55.673s][info][gc,heap     ] GC(93)      Used:     1162M (57%)        1196M (58%)        1044M (51%)         366M (18%)        1200M (59%)         366M (18%)    
[55.673s][info][gc,heap     ] GC(93)      Live:         -               264M (13%)         264M (13%)         264M (13%)            -                  -          
[55.673s][info][gc,heap     ] GC(93) Allocated:         -                34M (2%)           36M (2%)           36M (2%)             -                  -          
[55.673s][info][gc,heap     ] GC(93)   Garbage:         -               897M (44%)         743M (36%)          64M (3%)             -                  -          
[55.673s][info][gc,heap     ] GC(93) Reclaimed:         -                  -               154M (8%)          832M (41%)            -                  -          
[55.673s][info][gc          ] GC(93) Garbage Collection (Allocation Rate) 1162M(57%)->366M(18%)
[56.082s][info][gc,start    ] GC(94) Garbage Collection (Allocation Rate)
[56.082s][info][gc,task     ] GC(94) Using 7 workers
[56.082s][info][gc,phases   ] GC(94) Pause Mark Start 0.013ms
[56.222s][info][gc,phases   ] GC(94) Concurrent Mark 140.221ms
[56.223s][info][gc,phases   ] GC(94) Pause Mark End 0.032ms
[56.223s][info][gc,phases   ] GC(94) Concurrent Mark Free 0.001ms
[56.227s][info][gc,phases   ] GC(94) Concurrent Process Non-Strong References 4.036ms
[56.227s][info][gc,phases   ] GC(94) Concurrent Reset Relocation Set 0.083ms
[56.238s][info][gc,phases   ] GC(94) Concurrent Select Relocation Set 10.944ms
[56.238s][info][gc,phases   ] GC(94) Pause Relocate Start 0.011ms
[56.263s][info][gc,phases   ] GC(94) Concurrent Relocate 24.794ms
[56.263s][info][gc,load     ] GC(94) Load: 0.00/0.00/0.00
[56.263s][info][gc,mmu      ] GC(94) MMU: 2ms/96.8%, 5ms/98.7%, 10ms/99.3%, 20ms/99.6%, 50ms/99.8%, 100ms/99.9%
[56.263s][info][gc,marking  ] GC(94) Mark: 4 stripe(s), 2 proactive flush(es), 1 terminate flush(es), 0 completion(s), 0 continuation(s) 
[56.263s][info][gc,marking  ] GC(94) Mark Stack Usage: 32M
[56.263s][info][gc,nmethod  ] GC(94) NMethods: 8939 registered, 928 unregistered
[56.263s][info][gc,metaspace] GC(94) Metaspace: 64M used, 65M committed, 1088M reserved
[56.263s][info][gc,ref      ] GC(94) Soft: 3296 encountered, 0 discovered, 0 enqueued
[56.263s][info][gc,ref      ] GC(94) Weak: 6393 encountered, 1529 discovered, 8 enqueued
[56.263s][info][gc,ref      ] GC(94) Final: 84 encountered, 7 discovered, 0 enqueued
[56.263s][info][gc,ref      ] GC(94) Phantom: 616 encountered, 536 discovered, 0 enqueued
[56.263s][info][gc,reloc    ] GC(94) Small Pages: 272 / 544M, Empty: 108M, Relocated: 29M, In-Place: 0
[56.263s][info][gc,reloc    ] GC(94) Medium Pages: 6 / 192M, Empty: 96M, Relocated: 18M, In-Place: 0
[56.263s][info][gc,reloc    ] GC(94) Large Pages: 34 / 224M, Empty: 150M, Relocated: 0M, In-Place: 0
[56.263s][info][gc,reloc    ] GC(94) Forwarding Usage: 28M
[56.263s][info][gc,heap     ] GC(94) Min Capacity: 8M(0%)
[56.263s][info][gc,heap     ] GC(94) Max Capacity: 2048M(100%)
[56.263s][info][gc,heap     ] GC(94) Soft Max Capacity: 2048M(100%)
[56.264s][info][gc,heap     ] GC(94)                Mark Start          Mark End        Relocate Start      Relocate End           High               Low         
[56.264s][info][gc,heap     ] GC(94)  Capacity:     2048M (100%)       2048M (100%)       2048M (100%)       2048M (100%)       2048M (100%)       2048M (100%)   
[56.264s][info][gc,heap     ] GC(94)      Free:     1088M (53%)         860M (42%)        1210M (59%)        1490M (73%)        1490M (73%)         858M (42%)    
[56.264s][info][gc,heap     ] GC(94)      Used:      960M (47%)        1188M (58%)         838M (41%)         558M (27%)        1190M (58%)         558M (27%)    
[56.264s][info][gc,heap     ] GC(94)      Live:         -               273M (13%)         273M (13%)         273M (13%)            -                  -          
[56.264s][info][gc,heap     ] GC(94) Allocated:         -               228M (11%)         232M (11%)         237M (12%)            -                  -          
[56.264s][info][gc,heap     ] GC(94)   Garbage:         -               686M (34%)         332M (16%)          46M (2%)             -                  -          
[56.264s][info][gc,heap     ] GC(94) Reclaimed:         -                  -               354M (17%)         639M (31%)            -                  -          
[56.264s][info][gc          ] GC(94) Garbage Collection (Allocation Rate) 960M(47%)->558M(27%)
[56.478s][info][gc,start    ] GC(95) Garbage Collection (Allocation Rate)
[56.478s][info][gc,task     ] GC(95) Using 7 workers
[56.478s][info][gc,phases   ] GC(95) Pause Mark Start 0.016ms
[56.618s][info][gc,phases   ] GC(95) Concurrent Mark 140.164ms
[56.619s][info][gc,phases   ] GC(95) Pause Mark End 0.029ms
[56.619s][info][gc,phases   ] GC(95) Concurrent Mark Free 0.002ms
[56.622s][info][gc,phases   ] GC(95) Concurrent Process Non-Strong References 3.609ms
[56.622s][info][gc,phases   ] GC(95) Concurrent Reset Relocation Set 0.031ms
[56.628s][info][gc,phases   ] GC(95) Concurrent Select Relocation Set 5.897ms
[56.629s][info][gc,phases   ] GC(95) Pause Relocate Start 0.010ms
[56.645s][info][gc,phases   ] GC(95) Concurrent Relocate 16.480ms
[56.645s][info][gc,load     ] GC(95) Load: 0.00/0.00/0.00
[56.645s][info][gc,mmu      ] GC(95) MMU: 2ms/96.8%, 5ms/98.7%, 10ms/99.3%, 20ms/99.6%, 50ms/99.8%, 100ms/99.9%
[56.645s][info][gc,marking  ] GC(95) Mark: 4 stripe(s), 2 proactive flush(es), 1 terminate flush(es), 0 completion(s), 0 continuation(s) 
[56.645s][info][gc,marking  ] GC(95) Mark Stack Usage: 32M
[56.645s][info][gc,nmethod  ] GC(95) NMethods: 8942 registered, 928 unregistered
[56.645s][info][gc,metaspace] GC(95) Metaspace: 64M used, 65M committed, 1088M reserved
[56.645s][info][gc,ref      ] GC(95) Soft: 3296 encountered, 0 discovered, 0 enqueued
[56.645s][info][gc,ref      ] GC(95) Weak: 6388 encountered, 2180 discovered, 103 enqueued
[56.645s][info][gc,ref      ] GC(95) Final: 84 encountered, 77 discovered, 0 enqueued
[56.645s][info][gc,ref      ] GC(95) Phantom: 616 encountered, 351 discovered, 0 enqueued
[56.646s][info][gc,reloc    ] GC(95) Small Pages: 416 / 832M, Empty: 406M, Relocated: 20M, In-Place: 0
[56.646s][info][gc,reloc    ] GC(95) Medium Pages: 2 / 64M, Empty: 32M, Relocated: 0M, In-Place: 0
[56.646s][info][gc,reloc    ] GC(95) Large Pages: 19 / 122M, Empty: 104M, Relocated: 0M, In-Place: 0
[56.646s][info][gc,reloc    ] GC(95) Forwarding Usage: 20M
[56.646s][info][gc,heap     ] GC(95) Min Capacity: 8M(0%)
[56.646s][info][gc,heap     ] GC(95) Max Capacity: 2048M(100%)
[56.646s][info][gc,heap     ] GC(95) Soft Max Capacity: 2048M(100%)
[56.646s][info][gc,heap     ] GC(95)                Mark Start          Mark End        Relocate Start      Relocate End           High               Low         
[56.646s][info][gc,heap     ] GC(95)  Capacity:     2048M (100%)       2048M (100%)       2048M (100%)       2048M (100%)       2048M (100%)       2048M (100%)   
[56.646s][info][gc,heap     ] GC(95)      Free:     1030M (50%)         832M (41%)        1370M (67%)        1500M (73%)        1500M (73%)         832M (41%)    
[56.646s][info][gc,heap     ] GC(95)      Used:     1018M (50%)        1216M (59%)         678M (33%)         548M (27%)        1216M (59%)         548M (27%)    
[56.646s][info][gc,heap     ] GC(95)      Live:         -               284M (14%)         284M (14%)         284M (14%)            -                  -          
[56.646s][info][gc,heap     ] GC(95) Allocated:         -               198M (10%)         202M (10%)         202M (10%)            -                  -          
[56.646s][info][gc,heap     ] GC(95)   Garbage:         -               733M (36%)         191M (9%)           61M (3%)             -                  -          
[56.646s][info][gc,heap     ] GC(95) Reclaimed:         -                  -               542M (26%)         672M (33%)            -                  -          
[56.646s][info][gc          ] GC(95) Garbage Collection (Allocation Rate) 1018M(50%)->548M(27%)
[56.646s][info][gc,start    ] GC(96) Garbage Collection (System.gc())
[56.646s][info][gc,task     ] GC(96) Using 12 workers
[56.646s][info][gc,phases   ] GC(96) Pause Mark Start 0.014ms
[56.712s][info][gc,phases   ] GC(96) Concurrent Mark 65.730ms
[56.712s][info][gc,phases   ] GC(96) Pause Mark End 0.034ms
[56.712s][info][gc,phases   ] GC(96) Concurrent Mark Free 0.001ms
[56.715s][info][gc,phases   ] GC(96) Concurrent Process Non-Strong References 2.113ms
[56.715s][info][gc,phases   ] GC(96) Concurrent Reset Relocation Set 0.020ms
[56.723s][info][gc,phases   ] GC(96) Concurrent Select Relocation Set 8.029ms
[56.723s][info][gc,phases   ] GC(96) Pause Relocate Start 0.007ms
[56.726s][info][gc,phases   ] GC(96) Concurrent Relocate 3.125ms
[56.726s][info][gc,load     ] GC(96) Load: 0.00/0.00/0.00
[56.726s][info][gc,mmu      ] GC(96) MMU: 2ms/96.8%, 5ms/98.7%, 10ms/99.3%, 20ms/99.6%, 50ms/99.8%, 100ms/99.9%
[56.726s][info][gc,marking  ] GC(96) Mark: 8 stripe(s), 2 proactive flush(es), 1 terminate flush(es), 0 completion(s), 0 continuation(s) 
[56.726s][info][gc,marking  ] GC(96) Mark Stack Usage: 32M
[56.726s][info][gc,nmethod  ] GC(96) NMethods: 8945 registered, 929 unregistered
[56.726s][info][gc,metaspace] GC(96) Metaspace: 64M used, 65M committed, 1088M reserved
[56.726s][info][gc,ref      ] GC(96) Soft: 3296 encountered, 0 discovered, 0 enqueued
[56.726s][info][gc,ref      ] GC(96) Weak: 6291 encountered, 1586 discovered, 4 enqueued
[56.726s][info][gc,ref      ] GC(96) Final: 84 encountered, 4 discovered, 0 enqueued
[56.726s][info][gc,ref      ] GC(96) Phantom: 616 encountered, 310 discovered, 0 enqueued
[56.726s][info][gc,reloc    ] GC(96) Small Pages: 249 / 498M, Empty: 264M, Relocated: 5M, In-Place: 0
[56.726s][info][gc,reloc    ] GC(96) Medium Pages: 1 / 32M, Empty: 0M, Relocated: 0M, In-Place: 0
[56.726s][info][gc,reloc    ] GC(96) Large Pages: 3 / 18M, Empty: 18M, Relocated: 0M, In-Place: 0
[56.726s][info][gc,reloc    ] GC(96) Forwarding Usage: 2M
[56.727s][info][gc,heap     ] GC(96) Min Capacity: 8M(0%)
[56.727s][info][gc,heap     ] GC(96) Max Capacity: 2048M(100%)
[56.727s][info][gc,heap     ] GC(96) Soft Max Capacity: 2048M(100%)
[56.727s][info][gc,heap     ] GC(96)                Mark Start          Mark End        Relocate Start      Relocate End           High               Low         
[56.727s][info][gc,heap     ] GC(96)  Capacity:     2048M (100%)       2048M (100%)       2048M (100%)       2048M (100%)       2048M (100%)       2048M (100%)   
[56.727s][info][gc,heap     ] GC(96)      Free:     1500M (73%)        1500M (73%)        1780M (87%)        1808M (88%)        1808M (88%)        1498M (73%)    
[56.727s][info][gc,heap     ] GC(96)      Used:      548M (27%)         548M (27%)         268M (13%)         240M (12%)         550M (27%)         240M (12%)    
[56.727s][info][gc,heap     ] GC(96)      Live:         -               166M (8%)          166M (8%)          166M (8%)             -                  -          
[56.727s][info][gc,heap     ] GC(96) Allocated:         -                 0M (0%)            2M (0%)            3M (0%)             -                  -          
[56.727s][info][gc,heap     ] GC(96)   Garbage:         -               381M (19%)          99M (5%)           69M (3%)             -                  -          
[56.727s][info][gc,heap     ] GC(96) Reclaimed:         -                  -               282M (14%)         311M (15%)            -                  -          
[56.727s][info][gc          ] GC(96) Garbage Collection (System.gc()) 548M(27%)->240M(12%)
[57.172s][info][gc,start    ] GC(97) Garbage Collection (Allocation Rate)
[57.172s][info][gc,task     ] GC(97) Using 4 workers
[57.172s][info][gc,phases   ] GC(97) Pause Mark Start 0.017ms
[57.453s][info][gc,phases   ] GC(97) Concurrent Mark 280.746ms
[57.453s][info][gc,phases   ] GC(97) Pause Mark End 0.035ms
[57.454s][info][gc,phases   ] GC(97) Concurrent Mark Free 0.001ms
[57.460s][info][gc,phases   ] GC(97) Concurrent Process Non-Strong References 5.989ms
[57.460s][info][gc,phases   ] GC(97) Concurrent Reset Relocation Set 0.005ms
[57.497s][info][gc,phases   ] GC(97) Concurrent Select Relocation Set 37.144ms
[57.497s][info][gc,phases   ] GC(97) Pause Relocate Start 0.013ms
[57.584s][info][gc,phases   ] GC(97) Concurrent Relocate 86.646ms
[57.584s][info][gc,load     ] GC(97) Load: 0.00/0.00/0.00
[57.584s][info][gc,mmu      ] GC(97) MMU: 2ms/96.8%, 5ms/98.7%, 10ms/99.3%, 20ms/99.6%, 50ms/99.8%, 100ms/99.9%
[57.584s][info][gc,marking  ] GC(97) Mark: 4 stripe(s), 3 proactive flush(es), 1 terminate flush(es), 0 completion(s), 0 continuation(s) 
[57.584s][info][gc,marking  ] GC(97) Mark Stack Usage: 32M
[57.584s][info][gc,nmethod  ] GC(97) NMethods: 9000 registered, 941 unregistered
[57.584s][info][gc,metaspace] GC(97) Metaspace: 64M used, 65M committed, 1088M reserved
[57.584s][info][gc,ref      ] GC(97) Soft: 3300 encountered, 0 discovered, 0 enqueued
[57.584s][info][gc,ref      ] GC(97) Weak: 6367 encountered, 3803 discovered, 28 enqueued
[57.584s][info][gc,ref      ] GC(97) Final: 84 encountered, 1 discovered, 0 enqueued
[57.584s][info][gc,ref      ] GC(97) Phantom: 616 encountered, 551 discovered, 0 enqueued
[57.584s][info][gc,reloc    ] GC(97) Small Pages: 478 / 956M, Empty: 0M, Relocated: 131M, In-Place: 0
[57.584s][info][gc,reloc    ] GC(97) Medium Pages: 2 / 64M, Empty: 0M, Relocated: 12M, In-Place: 0
[57.584s][info][gc,reloc    ] GC(97) Large Pages: 9 / 54M, Empty: 6M, Relocated: 0M, In-Place: 0
[57.584s][info][gc,reloc    ] GC(97) Forwarding Usage: 92M
[57.584s][info][gc,heap     ] GC(97) Min Capacity: 8M(0%)
[57.584s][info][gc,heap     ] GC(97) Max Capacity: 2048M(100%)
[57.584s][info][gc,heap     ] GC(97) Soft Max Capacity: 2048M(100%)
[57.584s][info][gc,heap     ] GC(97)                Mark Start          Mark End        Relocate Start      Relocate End           High               Low         
[57.584s][info][gc,heap     ] GC(97)  Capacity:     2048M (100%)       2048M (100%)       2048M (100%)       2048M (100%)       2048M (100%)       2048M (100%)   
[57.584s][info][gc,heap     ] GC(97)      Free:      974M (48%)         470M (23%)         382M (19%)         940M (46%)         974M (48%)         346M (17%)    
[57.584s][info][gc,heap     ] GC(97)      Used:     1074M (52%)        1578M (77%)        1666M (81%)        1108M (54%)        1702M (83%)        1074M (52%)    
[57.584s][info][gc,heap     ] GC(97)      Live:         -               346M (17%)         346M (17%)         346M (17%)            -                  -          
[57.584s][info][gc,heap     ] GC(97) Allocated:         -               504M (25%)         598M (29%)         708M (35%)            -                  -          
[57.585s][info][gc,heap     ] GC(97)   Garbage:         -               727M (36%)         721M (35%)          53M (3%)             -                  -          
[57.585s][info][gc,heap     ] GC(97) Reclaimed:         -                  -                 6M (0%)          674M (33%)            -                  -          
[57.585s][info][gc          ] GC(97) Garbage Collection (Allocation Rate) 1074M(52%)->1108M(54%)
[57.680s][info][gc,start    ] GC(98) Garbage Collection (Allocation Rate)
[57.680s][info][gc,task     ] GC(98) Using 8 workers
[57.680s][info][gc,phases   ] GC(98) Pause Mark Start 0.015ms
[57.929s][info][gc,phases   ] GC(98) Concurrent Mark 249.480ms
[57.930s][info][gc,phases   ] GC(98) Pause Mark End 0.023ms
[57.930s][info][gc,phases   ] GC(98) Concurrent Mark Free 0.001ms
[57.933s][info][gc,phases   ] GC(98) Concurrent Process Non-Strong References 2.859ms
[57.933s][info][gc,phases   ] GC(98) Concurrent Reset Relocation Set 0.093ms
[57.943s][info][gc,phases   ] GC(98) Concurrent Select Relocation Set 10.376ms
[57.943s][info][gc,phases   ] GC(98) Pause Relocate Start 0.010ms
[57.977s][info][gc,phases   ] GC(98) Concurrent Relocate 33.487ms
[57.977s][info][gc,load     ] GC(98) Load: 0.00/0.00/0.00
[57.977s][info][gc,mmu      ] GC(98) MMU: 2ms/96.8%, 5ms/98.7%, 10ms/99.3%, 20ms/99.6%, 50ms/99.8%, 100ms/99.9%
[57.977s][info][gc,marking  ] GC(98) Mark: 8 stripe(s), 2 proactive flush(es), 1 terminate flush(es), 0 completion(s), 0 continuation(s) 
[57.977s][info][gc,marking  ] GC(98) Mark Stack Usage: 32M
[57.977s][info][gc,nmethod  ] GC(98) NMethods: 9000 registered, 941 unregistered
[57.977s][info][gc,metaspace] GC(98) Metaspace: 64M used, 65M committed, 1088M reserved
[57.977s][info][gc,ref      ] GC(98) Soft: 3300 encountered, 0 discovered, 0 enqueued
[57.977s][info][gc,ref      ] GC(98) Weak: 6339 encountered, 1631 discovered, 0 enqueued
[57.977s][info][gc,ref      ] GC(98) Final: 84 encountered, 6 discovered, 0 enqueued
[57.977s][info][gc,ref      ] GC(98) Phantom: 616 encountered, 293 discovered, 0 enqueued
[57.977s][info][gc,reloc    ] GC(98) Small Pages: 569 / 1138M, Empty: 0M, Relocated: 64M, In-Place: 0
[57.977s][info][gc,reloc    ] GC(98) Medium Pages: 1 / 32M, Empty: 0M, Relocated: 0M, In-Place: 0
[57.977s][info][gc,reloc    ] GC(98) Large Pages: 12 / 88M, Empty: 24M, Relocated: 0M, In-Place: 0
[57.977s][info][gc,reloc    ] GC(98) Forwarding Usage: 56M
[57.977s][info][gc,heap     ] GC(98) Min Capacity: 8M(0%)
[57.977s][info][gc,heap     ] GC(98) Max Capacity: 2048M(100%)
[57.977s][info][gc,heap     ] GC(98) Soft Max Capacity: 2048M(100%)
[57.977s][info][gc,heap     ] GC(98)                Mark Start          Mark End        Relocate Start      Relocate End           High               Low         
[57.977s][info][gc,heap     ] GC(98)  Capacity:     2048M (100%)       2048M (100%)       2048M (100%)       2048M (100%)       2048M (100%)       2048M (100%)   
[57.977s][info][gc,heap     ] GC(98)      Free:      790M (39%)         434M (21%)         438M (21%)        1162M (57%)        1162M (57%)         422M (21%)    
[57.977s][info][gc,heap     ] GC(98)      Used:     1258M (61%)        1614M (79%)        1610M (79%)         886M (43%)        1626M (79%)         886M (43%)    
[57.977s][info][gc,heap     ] GC(98)      Live:         -               406M (20%)         406M (20%)         406M (20%)            -                  -          
[57.977s][info][gc,heap     ] GC(98) Allocated:         -               356M (17%)         376M (18%)         416M (20%)            -                  -          
[57.978s][info][gc,heap     ] GC(98)   Garbage:         -               851M (42%)         827M (40%)          62M (3%)             -                  -          
[57.978s][info][gc,heap     ] GC(98) Reclaimed:         -                  -                24M (1%)          788M (38%)            -                  -          
[57.978s][info][gc          ] GC(98) Garbage Collection (Allocation Rate) 1258M(61%)->886M(43%)
[58.070s][info][gc,start    ] GC(99) Garbage Collection (Allocation Rate)
[58.070s][info][gc,task     ] GC(99) Using 10 workers
[58.070s][info][gc,phases   ] GC(99) Pause Mark Start 0.010ms
[58.264s][info][gc,phases   ] GC(99) Concurrent Mark 193.873ms
[58.264s][info][gc,phases   ] GC(99) Pause Mark End 0.025ms
[58.264s][info][gc,phases   ] GC(99) Concurrent Mark Free 0.001ms
[58.267s][info][gc,phases   ] GC(99) Concurrent Process Non-Strong References 2.784ms
[58.267s][info][gc,phases   ] GC(99) Concurrent Reset Relocation Set 0.083ms
[58.317s][info][gc,phases   ] GC(99) Concurrent Select Relocation Set 49.660ms
[58.317s][info][gc,phases   ] GC(99) Pause Relocate Start 0.013ms
[58.351s][info][gc,phases   ] GC(99) Concurrent Relocate 33.592ms
[58.351s][info][gc,load     ] GC(99) Load: 0.00/0.00/0.00
[58.351s][info][gc,mmu      ] GC(99) MMU: 2ms/96.8%, 5ms/98.7%, 10ms/99.3%, 20ms/99.6%, 50ms/99.8%, 100ms/99.9%
[58.351s][info][gc,marking  ] GC(99) Mark: 8 stripe(s), 4 proactive flush(es), 1 terminate flush(es), 0 completion(s), 0 continuation(s) 
[58.351s][info][gc,marking  ] GC(99) Mark Stack Usage: 32M
[58.351s][info][gc,nmethod  ] GC(99) NMethods: 9003 registered, 941 unregistered
[58.351s][info][gc,metaspace] GC(99) Metaspace: 64M used, 65M committed, 1088M reserved
[58.351s][info][gc,ref      ] GC(99) Soft: 3300 encountered, 0 discovered, 0 enqueued
[58.351s][info][gc,ref      ] GC(99) Weak: 6339 encountered, 1705 discovered, 0 enqueued
[58.351s][info][gc,ref      ] GC(99) Final: 84 encountered, 38 discovered, 0 enqueued
[58.351s][info][gc,ref      ] GC(99) Phantom: 616 encountered, 574 discovered, 0 enqueued
[58.351s][info][gc,reloc    ] GC(99) Small Pages: 461 / 922M, Empty: 2M, Relocated: 68M, In-Place: 0
[58.351s][info][gc,reloc    ] GC(99) Medium Pages: 1 / 32M, Empty: 0M, Relocated: 0M, In-Place: 0
[58.351s][info][gc,reloc    ] GC(99) Large Pages: 8 / 64M, Empty: 18M, Relocated: 0M, In-Place: 0
[58.351s][info][gc,reloc    ] GC(99) Forwarding Usage: 57M
[58.351s][info][gc,heap     ] GC(99) Min Capacity: 8M(0%)
[58.351s][info][gc,heap     ] GC(99) Max Capacity: 2048M(100%)
[58.351s][info][gc,heap     ] GC(99) Soft Max Capacity: 2048M(100%)
[58.351s][info][gc,heap     ] GC(99)                Mark Start          Mark End        Relocate Start      Relocate End           High               Low         
[58.351s][info][gc,heap     ] GC(99)  Capacity:     2048M (100%)       2048M (100%)       2048M (100%)       2048M (100%)       2048M (100%)       2048M (100%)   
[58.351s][info][gc,heap     ] GC(99)      Free:     1030M (50%)         992M (48%)        1012M (49%)        1596M (78%)        1596M (78%)         992M (48%)    
[58.351s][info][gc,heap     ] GC(99)      Used:     1018M (50%)        1056M (52%)        1036M (51%)         452M (22%)        1056M (52%)         452M (22%)    
[58.351s][info][gc,heap     ] GC(99)      Live:         -               335M (16%)         335M (16%)         335M (16%)            -                  -          
[58.351s][info][gc,heap     ] GC(99) Allocated:         -                38M (2%)           38M (2%)           37M (2%)             -                  -          
[58.351s][info][gc,heap     ] GC(99)   Garbage:         -               682M (33%)         662M (32%)          78M (4%)             -                  -          
[58.351s][info][gc,heap     ] GC(99) Reclaimed:         -                  -                20M (1%)          603M (29%)            -                  -          
[58.351s][info][gc          ] GC(99) Garbage Collection (Allocation Rate) 1018M(50%)->452M(22%)
[58.577s][info][gc,start    ] GC(100) Garbage Collection (Allocation Rate)
[58.577s][info][gc,task     ] GC(100) Using 10 workers
[58.577s][info][gc,phases   ] GC(100) Pause Mark Start 0.012ms
[58.748s][info][gc,phases   ] GC(100) Concurrent Mark 171.225ms
[58.749s][info][gc,phases   ] GC(100) Pause Mark End 0.030ms
[58.749s][info][gc,phases   ] GC(100) Concurrent Mark Free 0.001ms
[58.751s][info][gc,phases   ] GC(100) Concurrent Process Non-Strong References 2.584ms
[58.751s][info][gc,phases   ] GC(100) Concurrent Reset Relocation Set 0.075ms
[58.766s][info][gc,phases   ] GC(100) Concurrent Select Relocation Set 14.495ms
[58.766s][info][gc,phases   ] GC(100) Pause Relocate Start 0.009ms
[58.783s][info][gc,phases   ] GC(100) Concurrent Relocate 16.964ms
[58.783s][info][gc,load     ] GC(100) Load: 0.00/0.00/0.00
[58.783s][info][gc,mmu      ] GC(100) MMU: 2ms/96.8%, 5ms/98.7%, 10ms/99.3%, 20ms/99.6%, 50ms/99.8%, 100ms/99.9%
[58.783s][info][gc,marking  ] GC(100) Mark: 8 stripe(s), 2 proactive flush(es), 1 terminate flush(es), 0 completion(s), 0 continuation(s) 
[58.783s][info][gc,marking  ] GC(100) Mark Stack Usage: 32M
[58.783s][info][gc,nmethod  ] GC(100) NMethods: 9017 registered, 941 unregistered
[58.783s][info][gc,metaspace] GC(100) Metaspace: 64M used, 65M committed, 1088M reserved
[58.783s][info][gc,ref      ] GC(100) Soft: 3300 encountered, 0 discovered, 0 enqueued
[58.783s][info][gc,ref      ] GC(100) Weak: 6339 encountered, 2943 discovered, 0 enqueued
[58.783s][info][gc,ref      ] GC(100) Final: 84 encountered, 48 discovered, 0 enqueued
[58.783s][info][gc,ref      ] GC(100) Phantom: 616 encountered, 570 discovered, 0 enqueued
[58.783s][info][gc,reloc    ] GC(100) Small Pages: 171 / 342M, Empty: 0M, Relocated: 24M, In-Place: 0
[58.783s][info][gc,reloc    ] GC(100) Medium Pages: 2 / 64M, Empty: 0M, Relocated: 19M, In-Place: 0
[58.783s][info][gc,reloc    ] GC(100) Large Pages: 5 / 46M, Empty: 6M, Relocated: 0M, In-Place: 0
[58.783s][info][gc,reloc    ] GC(100) Forwarding Usage: 20M
[58.783s][info][gc,heap     ] GC(100) Min Capacity: 8M(0%)
[58.783s][info][gc,heap     ] GC(100) Max Capacity: 2048M(100%)
[58.783s][info][gc,heap     ] GC(100) Soft Max Capacity: 2048M(100%)
[58.783s][info][gc,heap     ] GC(100)                Mark Start          Mark End        Relocate Start      Relocate End           High               Low         
[58.783s][info][gc,heap     ] GC(100)  Capacity:     2048M (100%)       2048M (100%)       2048M (100%)       2048M (100%)       2048M (100%)       2048M (100%)   
[58.783s][info][gc,heap     ] GC(100)      Free:     1596M (78%)        1540M (75%)        1542M (75%)        1602M (78%)        1602M (78%)        1494M (73%)    
[58.783s][info][gc,heap     ] GC(100)      Used:      452M (22%)         508M (25%)         506M (25%)         446M (22%)         554M (27%)         446M (22%)    
[58.783s][info][gc,heap     ] GC(100)      Live:         -               314M (15%)         314M (15%)         314M (15%)            -                  -          
[58.783s][info][gc,heap     ] GC(100) Allocated:         -                56M (3%)           60M (3%)           63M (3%)             -                  -          
[58.783s][info][gc,heap     ] GC(100)   Garbage:         -               137M (7%)          131M (6%)           67M (3%)             -                  -          
[58.783s][info][gc,heap     ] GC(100) Reclaimed:         -                  -                 6M (0%)           69M (3%)             -                  -          
[58.783s][info][gc          ] GC(100) Garbage Collection (Allocation Rate) 452M(22%)->446M(22%)
[58.880s][info][gc,start    ] GC(101) Garbage Collection (Allocation Rate)
[58.880s][info][gc,task     ] GC(101) Using 10 workers
[58.881s][info][gc,phases   ] GC(101) Pause Mark Start 0.016ms
[58.990s][info][gc,phases   ] GC(101) Concurrent Mark 108.904ms
[58.990s][info][gc,phases   ] GC(101) Pause Mark End 0.038ms
[58.990s][info][gc,phases   ] GC(101) Concurrent Mark Free 0.001ms
[58.992s][info][gc,phases   ] GC(101) Concurrent Process Non-Strong References 2.560ms
[58.993s][info][gc,phases   ] GC(101) Concurrent Reset Relocation Set 0.008ms
[59.028s][info][gc,phases   ] GC(101) Concurrent Select Relocation Set 35.627ms
[59.028s][info][gc,phases   ] GC(101) Pause Relocate Start 0.009ms
[59.054s][info][gc,phases   ] GC(101) Concurrent Relocate 26.003ms
[59.055s][info][gc,load     ] GC(101) Load: 0.00/0.00/0.00
[59.055s][info][gc,mmu      ] GC(101) MMU: 2ms/96.8%, 5ms/98.7%, 10ms/99.3%, 20ms/99.6%, 50ms/99.8%, 100ms/99.9%
[59.055s][info][gc,marking  ] GC(101) Mark: 8 stripe(s), 6 proactive flush(es), 2 terminate flush(es), 0 completion(s), 0 continuation(s) 
[59.055s][info][gc,marking  ] GC(101) Mark Stack Usage: 32M
[59.055s][info][gc,nmethod  ] GC(101) NMethods: 9129 registered, 948 unregistered
[59.055s][info][gc,metaspace] GC(101) Metaspace: 64M used, 65M committed, 1088M reserved
[59.055s][info][gc,ref      ] GC(101) Soft: 3298 encountered, 0 discovered, 0 enqueued
[59.055s][info][gc,ref      ] GC(101) Weak: 6485 encountered, 2750 discovered, 0 enqueued
[59.055s][info][gc,ref      ] GC(101) Final: 84 encountered, 4 discovered, 0 enqueued
[59.055s][info][gc,ref      ] GC(101) Phantom: 618 encountered, 364 discovered, 0 enqueued
[59.055s][info][gc,reloc    ] GC(101) Small Pages: 182 / 364M, Empty: 26M, Relocated: 50M, In-Place: 0
[59.055s][info][gc,reloc    ] GC(101) Medium Pages: 2 / 64M, Empty: 32M, Relocated: 0M, In-Place: 0
[59.055s][info][gc,reloc    ] GC(101) Large Pages: 4 / 40M, Empty: 20M, Relocated: 0M, In-Place: 0
[59.055s][info][gc,reloc    ] GC(101) Forwarding Usage: 50M
[59.055s][info][gc,heap     ] GC(101) Min Capacity: 8M(0%)
[59.055s][info][gc,heap     ] GC(101) Max Capacity: 2048M(100%)
[59.055s][info][gc,heap     ] GC(101) Soft Max Capacity: 2048M(100%)
[59.055s][info][gc,heap     ] GC(101)                Mark Start          Mark End        Relocate Start      Relocate End           High               Low         
[59.055s][info][gc,heap     ] GC(101)  Capacity:     2048M (100%)       2048M (100%)       2048M (100%)       2048M (100%)       2048M (100%)       2048M (100%)   
[59.055s][info][gc,heap     ] GC(101)      Free:     1580M (77%)        1556M (76%)        1534M (75%)        1604M (78%)        1620M (79%)        1518M (74%)    
[59.055s][info][gc,heap     ] GC(101)      Used:      468M (23%)         492M (24%)         514M (25%)         444M (22%)         530M (26%)         428M (21%)    
[59.055s][info][gc,heap     ] GC(101)      Live:         -               236M (12%)         236M (12%)         236M (12%)            -                  -          
[59.055s][info][gc,heap     ] GC(101) Allocated:         -                24M (1%)          124M (6%)          145M (7%)             -                  -          
[59.055s][info][gc,heap     ] GC(101)   Garbage:         -               231M (11%)         153M (8%)           61M (3%)             -                  -          
[59.055s][info][gc,heap     ] GC(101) Reclaimed:         -                  -                78M (4%)          169M (8%)             -                  -          
[59.055s][info][gc          ] GC(101) Garbage Collection (Allocation Rate) 468M(23%)->444M(22%)
[59.574s][info][gc,start    ] GC(102) Garbage Collection (Allocation Rate)
[59.575s][info][gc,task     ] GC(102) Using 12 workers
[59.575s][info][gc,phases   ] GC(102) Pause Mark Start 0.018ms
[59.699s][info][gc,phases   ] GC(102) Concurrent Mark 124.499ms
[59.700s][info][gc,phases   ] GC(102) Pause Mark End 0.019ms
[59.700s][info][gc,phases   ] GC(102) Concurrent Mark Free 0.001ms
[59.702s][info][gc,phases   ] GC(102) Concurrent Process Non-Strong References 2.100ms
[59.702s][info][gc,phases   ] GC(102) Concurrent Reset Relocation Set 0.014ms
[59.755s][info][gc,phases   ] GC(102) Concurrent Select Relocation Set 52.885ms
[59.755s][info][gc,phases   ] GC(102) Pause Relocate Start 0.009ms
[59.798s][info][gc,phases   ] GC(102) Concurrent Relocate 43.425ms
[59.798s][info][gc,load     ] GC(102) Load: 0.00/0.00/0.00
[59.798s][info][gc,mmu      ] GC(102) MMU: 2ms/96.8%, 5ms/98.7%, 10ms/99.3%, 20ms/99.6%, 50ms/99.8%, 100ms/99.9%
[59.798s][info][gc,marking  ] GC(102) Mark: 8 stripe(s), 2 proactive flush(es), 1 terminate flush(es), 0 completion(s), 0 continuation(s) 
[59.798s][info][gc,marking  ] GC(102) Mark Stack Usage: 32M
[59.798s][info][gc,nmethod  ] GC(102) NMethods: 9141 registered, 953 unregistered
[59.798s][info][gc,metaspace] GC(102) Metaspace: 64M used, 65M committed, 1088M reserved
[59.798s][info][gc,ref      ] GC(102) Soft: 3304 encountered, 0 discovered, 0 enqueued
[59.798s][info][gc,ref      ] GC(102) Weak: 6557 encountered, 2517 discovered, 83 enqueued
[59.798s][info][gc,ref      ] GC(102) Final: 84 encountered, 76 discovered, 0 enqueued
[59.798s][info][gc,ref      ] GC(102) Phantom: 616 encountered, 385 discovered, 0 enqueued
[59.799s][info][gc,reloc    ] GC(102) Small Pages: 597 / 1194M, Empty: 56M, Relocated: 127M, In-Place: 0
[59.799s][info][gc,reloc    ] GC(102) Medium Pages: 3 / 96M, Empty: 64M, Relocated: 0M, In-Place: 0
[59.799s][info][gc,reloc    ] GC(102) Large Pages: 15 / 98M, Empty: 50M, Relocated: 0M, In-Place: 0
[59.799s][info][gc,reloc    ] GC(102) Forwarding Usage: 86M
[59.799s][info][gc,heap     ] GC(102) Min Capacity: 8M(0%)
[59.799s][info][gc,heap     ] GC(102) Max Capacity: 2048M(100%)
[59.799s][info][gc,heap     ] GC(102) Soft Max Capacity: 2048M(100%)
[59.799s][info][gc,heap     ] GC(102)                Mark Start          Mark End        Relocate Start      Relocate End           High               Low         
[59.799s][info][gc,heap     ] GC(102)  Capacity:     2048M (100%)       2048M (100%)       2048M (100%)       2048M (100%)       2048M (100%)       2048M (100%)   
[59.799s][info][gc,heap     ] GC(102)      Free:      660M (32%)         438M (21%)         506M (25%)        1300M (63%)        1300M (63%)         426M (21%)    
[59.799s][info][gc,heap     ] GC(102)      Used:     1388M (68%)        1610M (79%)        1542M (75%)         748M (37%)        1622M (79%)         748M (37%)    
[59.799s][info][gc,heap     ] GC(102)      Live:         -               342M (17%)         342M (17%)         342M (17%)            -                  -          
[59.799s][info][gc,heap     ] GC(102) Allocated:         -               222M (11%)         324M (16%)         342M (17%)            -                  -          
[59.799s][info][gc,heap     ] GC(102)   Garbage:         -              1045M (51%)         875M (43%)          63M (3%)             -                  -          
[59.799s][info][gc,heap     ] GC(102) Reclaimed:         -                  -               170M (8%)          982M (48%)            -                  -          
[59.799s][info][gc          ] GC(102) Garbage Collection (Allocation Rate) 1388M(68%)->748M(37%)
[59.871s][info][gc,start    ] GC(103) Garbage Collection (Allocation Rate)
[59.871s][info][gc,task     ] GC(103) Using 12 workers
[59.872s][info][gc,phases   ] GC(103) Pause Mark Start 0.009ms
[60.066s][info][gc,phases   ] GC(103) Concurrent Mark 194.064ms
[60.066s][info][gc,phases   ] GC(103) Pause Mark End 0.027ms
[60.066s][info][gc,phases   ] GC(103) Concurrent Mark Free 0.001ms
[60.069s][info][gc,phases   ] GC(103) Concurrent Process Non-Strong References 2.618ms
[60.069s][info][gc,phases   ] GC(103) Concurrent Reset Relocation Set 0.119ms
[60.078s][info][gc,phases   ] GC(103) Concurrent Select Relocation Set 9.608ms
[60.079s][info][gc,phases   ] GC(103) Pause Relocate Start 0.012ms
[60.101s][info][gc,phases   ] GC(103) Concurrent Relocate 22.218ms
[60.101s][info][gc,load     ] GC(103) Load: 0.00/0.00/0.00
[60.101s][info][gc,mmu      ] GC(103) MMU: 2ms/96.8%, 5ms/98.7%, 10ms/99.3%, 20ms/99.6%, 50ms/99.8%, 100ms/99.9%
[60.101s][info][gc,marking  ] GC(103) Mark: 8 stripe(s), 7 proactive flush(es), 1 terminate flush(es), 0 completion(s), 0 continuation(s) 
[60.101s][info][gc,marking  ] GC(103) Mark Stack Usage: 32M
[60.101s][info][gc,nmethod  ] GC(103) NMethods: 9141 registered, 953 unregistered
[60.101s][info][gc,metaspace] GC(103) Metaspace: 64M used, 65M committed, 1088M reserved
[60.101s][info][gc,ref      ] GC(103) Soft: 3304 encountered, 0 discovered, 0 enqueued
[60.101s][info][gc,ref      ] GC(103) Weak: 6475 encountered, 2781 discovered, 81 enqueued
[60.101s][info][gc,ref      ] GC(103) Final: 84 encountered, 5 discovered, 0 enqueued
[60.101s][info][gc,ref      ] GC(103) Phantom: 616 encountered, 430 discovered, 0 enqueued
[60.101s][info][gc,reloc    ] GC(103) Small Pages: 374 / 748M, Empty: 0M, Relocated: 41M, In-Place: 0
[60.101s][info][gc,reloc    ] GC(103) Medium Pages: 1 / 32M, Empty: 0M, Relocated: 0M, In-Place: 0
[60.101s][info][gc,reloc    ] GC(103) Large Pages: 12 / 88M, Empty: 24M, Relocated: 0M, In-Place: 0
[60.101s][info][gc,reloc    ] GC(103) Forwarding Usage: 31M
[60.101s][info][gc,heap     ] GC(103) Min Capacity: 8M(0%)
[60.101s][info][gc,heap     ] GC(103) Max Capacity: 2048M(100%)
[60.101s][info][gc,heap     ] GC(103) Soft Max Capacity: 2048M(100%)
[60.101s][info][gc,heap     ] GC(103)                Mark Start          Mark End        Relocate Start      Relocate End           High               Low         
[60.101s][info][gc,heap     ] GC(103)  Capacity:     2048M (100%)       2048M (100%)       2048M (100%)       2048M (100%)       2048M (100%)       2048M (100%)   
[60.102s][info][gc,heap     ] GC(103)      Free:     1180M (58%)         860M (42%)         858M (42%)        1218M (59%)        1218M (59%)         834M (41%)    
[60.102s][info][gc,heap     ] GC(103)      Used:      868M (42%)        1188M (58%)        1190M (58%)         830M (41%)        1214M (59%)         830M (41%)    
[60.102s][info][gc,heap     ] GC(103)      Live:         -               386M (19%)         386M (19%)         386M (19%)            -                  -          
[60.102s][info][gc,heap     ] GC(103) Allocated:         -               320M (16%)         346M (17%)         373M (18%)            -                  -          
[60.102s][info][gc,heap     ] GC(103)   Garbage:         -               481M (24%)         457M (22%)          69M (3%)             -                  -          
[60.102s][info][gc,heap     ] GC(103) Reclaimed:         -                  -                24M (1%)          411M (20%)            -                  -          
[60.102s][info][gc          ] GC(103) Garbage Collection (Allocation Rate) 868M(42%)->830M(41%)
[60.175s][info][gc,start    ] GC(104) Garbage Collection (Allocation Rate)
[60.175s][info][gc,stats    ] === Garbage Collection Statistics =======================================================================================================================
[60.175s][info][gc,task     ] GC(104) Using 12 workers
[60.175s][info][gc,stats    ]                                                              Last 10s              Last 10m              Last 10h                Total
[60.175s][info][gc,stats    ]                                                              Avg / Max             Avg / Max             Avg / Max             Avg / Max
[60.175s][info][gc,stats    ]   Collector: Garbage Collection Cycle                    215.678 / 411.785     207.463 / 1113.016    207.463 / 1113.016    207.463 / 1113.016    ms
[60.175s][info][gc,stats    ]  Contention: Mark Segment Reset Contention                    24 / 33               16 / 154              16 / 154              16 / 154         ops/s
[60.175s][info][gc,stats    ]  Contention: Mark SeqNum Reset Contention                      1 / 5                 0 / 5                 0 / 5                 0 / 5           ops/s
[60.175s][info][gc,phases   ] GC(104) Pause Mark Start 0.016ms
[60.175s][info][gc,stats    ]    Critical: Allocation Stall                                  0 / 0                 0 / 5                 0 / 5                 0 / 5           ops/s
[60.175s][info][gc,stats    ]    Critical: Allocation Stall                              0.000 / 0.000        46.147 / 67.576       46.147 / 67.576       46.147 / 67.576      ms
[60.175s][info][gc,stats    ]    Critical: GC Locker Stall                                   0 / 0                 0 / 1                 0 / 1                 0 / 1           ops/s
[60.175s][info][gc,stats    ]    Critical: GC Locker Stall                               0.000 / 0.000         0.001 / 0.001         0.001 / 0.001         0.001 / 0.001       ms
[60.176s][info][gc,stats    ]    Critical: Relocation Stall                                  0 / 0                 0 / 3                 0 / 3                 0 / 3           ops/s
[60.176s][info][gc,stats    ]    Critical: Relocation Stall                              0.000 / 0.000         6.236 / 10.360        6.236 / 10.360        6.236 / 10.360      ms
[60.176s][info][gc,stats    ]      Memory: Allocation Rate                                1269 / 1894            949 / 2860            949 / 2860            949 / 2860        MB/s
[60.176s][info][gc,stats    ]      Memory: Defragment                                        0 / 0                 2 / 131               2 / 131               2 / 131         ops/s
[60.176s][info][gc,stats    ]      Memory: Out Of Memory                                     0 / 0                 0 / 0                 0 / 0                 0 / 0           ops/s
[60.176s][info][gc,stats    ]      Memory: Page Cache Flush                                  4 / 32               22 / 356              22 / 356              22 / 356         MB/s
[60.176s][info][gc,stats    ]      Memory: Page Cache Hit L1                               647 / 995             458 / 1290            458 / 1290            458 / 1290        ops/s
[60.176s][info][gc,stats    ]      Memory: Page Cache Hit L2                                 0 / 0                 0 / 0                 0 / 0                 0 / 0           ops/s
[60.176s][info][gc,stats    ]      Memory: Page Cache Hit L3                                 0 / 0                18 / 362              18 / 362              18 / 362         ops/s
[60.176s][info][gc,stats    ]      Memory: Page Cache Miss                                   0 / 2                 1 / 32                1 / 32                1 / 32          ops/s
[60.176s][info][gc,stats    ]      Memory: Uncommit                                          0 / 0                 0 / 0                 0 / 0                 0 / 0           MB/s
[60.176s][info][gc,stats    ]      Memory: Undo Object Allocation Failed                     5 / 38                2 / 38                2 / 38                2 / 38          ops/s
[60.176s][info][gc,stats    ]      Memory: Undo Object Allocation Succeeded                112 / 1098             20 / 1098             20 / 1098             20 / 1098        ops/s
[60.176s][info][gc,stats    ]      Memory: Undo Page Allocation                             29 / 86               20 / 123              20 / 123              20 / 123         ops/s
[60.176s][info][gc,stats    ]       Phase: Concurrent Mark                             161.572 / 280.746     160.050 / 1077.882    160.050 / 1077.882    160.050 / 1077.882    ms
[60.176s][info][gc,stats    ]       Phase: Concurrent Mark Continue                      0.000 / 0.000         0.000 / 0.000         0.000 / 0.000         0.000 / 0.000       ms
[60.176s][info][gc,stats    ]       Phase: Concurrent Mark Free                          0.001 / 0.002         0.001 / 0.002         0.001 / 0.002         0.001 / 0.002       ms
[60.176s][info][gc,stats    ]       Phase: Concurrent Process Non-Strong References      2.780 / 5.989         3.347 / 16.614        3.347 / 16.614        3.347 / 16.614      ms
[60.176s][info][gc,stats    ]       Phase: Concurrent Relocate                          28.585 / 86.646       23.816 / 107.720      23.816 / 107.720      23.816 / 107.720     ms
[60.176s][info][gc,stats    ]       Phase: Concurrent Reset Relocation Set               0.045 / 0.119         0.035 / 0.157         0.035 / 0.157         0.035 / 0.157       ms
[60.176s][info][gc,stats    ]       Phase: Concurrent Select Relocation Set             21.635 / 52.885       16.926 / 57.787       16.926 / 57.787       16.926 / 57.787      ms
[60.176s][info][gc,stats    ]       Phase: Pause Mark End                                0.028 / 0.038         0.025 / 0.063         0.025 / 0.063         0.025 / 0.063       ms
[60.176s][info][gc,stats    ]       Phase: Pause Mark Start                              0.013 / 0.018         0.014 / 0.059         0.014 / 0.059         0.014 / 0.059       ms
[60.176s][info][gc,stats    ]       Phase: Pause Relocate Start                          0.010 / 0.013         0.009 / 0.014         0.009 / 0.014         0.009 / 0.014       ms
[60.176s][info][gc,stats    ]    Subphase: Concurrent Classes Purge                      0.022 / 0.073         0.105 / 1.483         0.105 / 1.483         0.105 / 1.483       ms
[60.176s][info][gc,stats    ]    Subphase: Concurrent Classes Unlink                     2.117 / 4.563         2.481 / 13.817        2.481 / 13.817        2.481 / 13.817      ms
[60.176s][info][gc,stats    ]    Subphase: Concurrent Mark                             142.279 / 267.489     148.309 / 1074.330    148.309 / 1074.330    148.309 / 1074.330    ms
[60.176s][info][gc,stats    ]    Subphase: Concurrent Mark Try Flush                     0.150 / 0.404         0.113 / 0.404         0.113 / 0.404         0.113 / 0.404       ms
[60.176s][info][gc,stats    ]    Subphase: Concurrent Mark Try Terminate                 7.957 / 16.635       11.357 / 16.666       11.357 / 16.666       11.357 / 16.666      ms
[60.176s][info][gc,stats    ]    Subphase: Concurrent References Enqueue                 0.002 / 0.003         0.002 / 0.005         0.002 / 0.005         0.002 / 0.005       ms
[60.176s][info][gc,stats    ]    Subphase: Concurrent References Process                 0.131 / 0.333         0.128 / 0.333         0.128 / 0.333         0.128 / 0.333       ms
[60.176s][info][gc,stats    ]    Subphase: Concurrent Roots ClassLoaderDataGraph         0.097 / 0.725         0.091 / 0.915         0.091 / 0.915         0.091 / 0.915       ms
[60.176s][info][gc,stats    ]    Subphase: Concurrent Roots CodeCache                    0.000 / 0.000         0.000 / 0.000         0.000 / 0.000         0.000 / 0.000       ms
[60.176s][info][gc,stats    ]    Subphase: Concurrent Roots JavaThreads                  8.568 / 13.030        6.772 / 13.140        6.772 / 13.140        6.772 / 13.140      ms
[60.176s][info][gc,stats    ]    Subphase: Concurrent Roots OopStorageSet                0.033 / 0.069         0.028 / 0.277         0.028 / 0.277         0.028 / 0.277       ms
[60.176s][info][gc,stats    ]    Subphase: Concurrent Weak Roots OopStorageSet           0.223 / 0.839         0.241 / 1.572         0.241 / 1.572         0.241 / 1.572       ms
[60.176s][info][gc,stats    ]    Subphase: Pause Mark Try Complete                       0.000 / 0.000         0.002 / 0.006         0.002 / 0.006         0.002 / 0.006       ms
[60.176s][info][gc,stats    ]      System: Java Threads                                    272 / 280             178 / 280             178 / 280             178 / 280         threads
[60.176s][info][gc,stats    ] =========================================================================================================================================================
[60.347s][info][gc,phases   ] GC(104) Concurrent Mark 171.375ms
[60.347s][info][gc,phases   ] GC(104) Pause Mark End 0.027ms
[60.347s][info][gc,phases   ] GC(104) Concurrent Mark Free 0.001ms
[60.349s][info][gc,phases   ] GC(104) Concurrent Process Non-Strong References 2.026ms
[60.349s][info][gc,phases   ] GC(104) Concurrent Reset Relocation Set 0.031ms
[60.378s][info][gc,phases   ] GC(104) Concurrent Select Relocation Set 29.007ms
[60.378s][info][gc,phases   ] GC(104) Pause Relocate Start 0.011ms
[60.404s][info][gc,phases   ] GC(104) Concurrent Relocate 25.384ms
[60.404s][info][gc,load     ] GC(104) Load: 0.00/0.00/0.00
[60.404s][info][gc,mmu      ] GC(104) MMU: 2ms/96.8%, 5ms/98.7%, 10ms/99.3%, 20ms/99.6%, 50ms/99.8%, 100ms/99.9%
[60.404s][info][gc,marking  ] GC(104) Mark: 8 stripe(s), 3 proactive flush(es), 1 terminate flush(es), 0 completion(s), 0 continuation(s) 
[60.404s][info][gc,marking  ] GC(104) Mark Stack Usage: 32M
[60.404s][info][gc,nmethod  ] GC(104) NMethods: 9141 registered, 953 unregistered
[60.404s][info][gc,metaspace] GC(104) Metaspace: 64M used, 65M committed, 1088M reserved
[60.404s][info][gc,ref      ] GC(104) Soft: 3304 encountered, 0 discovered, 0 enqueued
[60.404s][info][gc,ref      ] GC(104) Weak: 6394 encountered, 1866 discovered, 0 enqueued
[60.404s][info][gc,ref      ] GC(104) Final: 84 encountered, 42 discovered, 0 enqueued
[60.404s][info][gc,ref      ] GC(104) Phantom: 616 encountered, 551 discovered, 0 enqueued
[60.404s][info][gc,reloc    ] GC(104) Small Pages: 431 / 862M, Empty: 0M, Relocated: 41M, In-Place: 0
[60.404s][info][gc,reloc    ] GC(104) Medium Pages: 1 / 32M, Empty: 0M, Relocated: 0M, In-Place: 0
[60.404s][info][gc,reloc    ] GC(104) Large Pages: 8 / 64M, Empty: 0M, Relocated: 0M, In-Place: 0
[60.404s][info][gc,reloc    ] GC(104) Forwarding Usage: 38M
[60.404s][info][gc,heap     ] GC(104) Min Capacity: 8M(0%)
[60.404s][info][gc,heap     ] GC(104) Max Capacity: 2048M(100%)
[60.404s][info][gc,heap     ] GC(104) Soft Max Capacity: 2048M(100%)
[60.404s][info][gc,heap     ] GC(104)                Mark Start          Mark End        Relocate Start      Relocate End           High               Low         
[60.404s][info][gc,heap     ] GC(104)  Capacity:     2048M (100%)       2048M (100%)       2048M (100%)       2048M (100%)       2048M (100%)       2048M (100%)   
[60.404s][info][gc,heap     ] GC(104)      Free:     1090M (53%)         846M (41%)         780M (38%)        1232M (60%)        1232M (60%)         756M (37%)    
[60.404s][info][gc,heap     ] GC(104)      Used:      958M (47%)        1202M (59%)        1268M (62%)         816M (40%)        1292M (63%)         816M (40%)    
[60.404s][info][gc,heap     ] GC(104)      Live:         -               411M (20%)         411M (20%)         411M (20%)            -                  -          
[60.404s][info][gc,heap     ] GC(104) Allocated:         -               244M (12%)         310M (15%)         322M (16%)            -                  -          
[60.404s][info][gc,heap     ] GC(104)   Garbage:         -               546M (27%)         546M (27%)          81M (4%)             -                  -          
[60.404s][info][gc,heap     ] GC(104) Reclaimed:         -                  -                 0M (0%)          464M (23%)            -                  -          
[60.404s][info][gc          ] GC(104) Garbage Collection (Allocation Rate) 958M(47%)->816M(40%)
[60.472s][info][gc,start    ] GC(105) Garbage Collection (Allocation Rate)
[60.472s][info][gc,task     ] GC(105) Using 12 workers
[60.472s][info][gc,phases   ] GC(105) Pause Mark Start 0.014ms
[60.626s][info][gc,phases   ] GC(105) Concurrent Mark 153.235ms
[60.626s][info][gc,phases   ] GC(105) Pause Mark End 0.028ms
[60.626s][info][gc,phases   ] GC(105) Concurrent Mark Free 0.001ms
[60.628s][info][gc,phases   ] GC(105) Concurrent Process Non-Strong References 2.155ms
[60.628s][info][gc,phases   ] GC(105) Concurrent Reset Relocation Set 0.037ms
[60.632s][info][gc,phases   ] GC(105) Concurrent Select Relocation Set 3.684ms
[60.632s][info][gc,phases   ] GC(105) Pause Relocate Start 0.009ms
[60.652s][info][gc,phases   ] GC(105) Concurrent Relocate 20.114ms
[60.652s][info][gc,load     ] GC(105) Load: 0.00/0.00/0.00
[60.652s][info][gc,mmu      ] GC(105) MMU: 2ms/96.8%, 5ms/98.7%, 10ms/99.3%, 20ms/99.6%, 50ms/99.8%, 100ms/99.9%
[60.652s][info][gc,marking  ] GC(105) Mark: 8 stripe(s), 7 proactive flush(es), 1 terminate flush(es), 0 completion(s), 0 continuation(s) 
[60.652s][info][gc,marking  ] GC(105) Mark Stack Usage: 32M
[60.652s][info][gc,nmethod  ] GC(105) NMethods: 9141 registered, 953 unregistered
[60.652s][info][gc,metaspace] GC(105) Metaspace: 64M used, 65M committed, 1088M reserved
[60.652s][info][gc,ref      ] GC(105) Soft: 3304 encountered, 0 discovered, 0 enqueued
[60.652s][info][gc,ref      ] GC(105) Weak: 6394 encountered, 1371 discovered, 0 enqueued
[60.652s][info][gc,ref      ] GC(105) Final: 84 encountered, 5 discovered, 0 enqueued
[60.652s][info][gc,ref      ] GC(105) Phantom: 616 encountered, 592 discovered, 0 enqueued
[60.652s][info][gc,reloc    ] GC(105) Small Pages: 350 / 700M, Empty: 64M, Relocated: 39M, In-Place: 0
[60.652s][info][gc,reloc    ] GC(105) Medium Pages: 2 / 64M, Empty: 0M, Relocated: 12M, In-Place: 0
[60.652s][info][gc,reloc    ] GC(105) Large Pages: 8 / 64M, Empty: 24M, Relocated: 0M, In-Place: 0
[60.652s][info][gc,reloc    ] GC(105) Forwarding Usage: 36M
[60.652s][info][gc,heap     ] GC(105) Min Capacity: 8M(0%)
[60.652s][info][gc,heap     ] GC(105) Max Capacity: 2048M(100%)
[60.652s][info][gc,heap     ] GC(105) Soft Max Capacity: 2048M(100%)
[60.652s][info][gc,heap     ] GC(105)                Mark Start          Mark End        Relocate Start      Relocate End           High               Low         
[60.652s][info][gc,heap     ] GC(105)  Capacity:     2048M (100%)       2048M (100%)       2048M (100%)       2048M (100%)       2048M (100%)       2048M (100%)   
[60.652s][info][gc,heap     ] GC(105)      Free:     1220M (60%)        1186M (58%)        1274M (62%)        1632M (80%)        1632M (80%)        1186M (58%)    
[60.652s][info][gc,heap     ] GC(105)      Used:      828M (40%)         862M (42%)         774M (38%)         416M (20%)         862M (42%)         416M (20%)    
[60.652s][info][gc,heap     ] GC(105)      Live:         -               303M (15%)         303M (15%)         303M (15%)            -                  -          
[60.652s][info][gc,heap     ] GC(105) Allocated:         -                34M (2%)           34M (2%)           34M (2%)             -                  -          
[60.652s][info][gc,heap     ] GC(105)   Garbage:         -               524M (26%)         436M (21%)          77M (4%)             -                  -          
[60.652s][info][gc,heap     ] GC(105) Reclaimed:         -                  -                88M (4%)          446M (22%)            -                  -          
[60.652s][info][gc          ] GC(105) Garbage Collection (Allocation Rate) 828M(40%)->416M(20%)
[61.883s][info][gc,start    ] GC(106) Garbage Collection (Allocation Rate)
[61.883s][info][gc,task     ] GC(106) Using 12 workers
[61.884s][info][gc,phases   ] GC(106) Pause Mark Start 0.011ms
[61.977s][info][gc,phases   ] GC(106) Concurrent Mark 93.351ms
[61.977s][info][gc,phases   ] GC(106) Pause Mark End 0.025ms
[61.977s][info][gc,phases   ] GC(106) Concurrent Mark Free 0.001ms
[61.982s][info][gc,phases   ] GC(106) Concurrent Process Non-Strong References 4.180ms
[61.982s][info][gc,phases   ] GC(106) Concurrent Reset Relocation Set 0.036ms
[61.986s][info][gc,phases   ] GC(106) Concurrent Select Relocation Set 3.985ms
[61.986s][info][gc,phases   ] GC(106) Pause Relocate Start 0.009ms
[62.001s][info][gc,phases   ] GC(106) Concurrent Relocate 14.879ms
[62.001s][info][gc,load     ] GC(106) Load: 0.00/0.00/0.00
[62.001s][info][gc,mmu      ] GC(106) MMU: 2ms/96.8%, 5ms/98.7%, 10ms/99.3%, 20ms/99.6%, 50ms/99.8%, 100ms/99.9%
[62.001s][info][gc,marking  ] GC(106) Mark: 8 stripe(s), 2 proactive flush(es), 1 terminate flush(es), 0 completion(s), 0 continuation(s) 
[62.001s][info][gc,marking  ] GC(106) Mark Stack Usage: 32M
[62.001s][info][gc,nmethod  ] GC(106) NMethods: 8595 registered, 1675 unregistered
[62.001s][info][gc,metaspace] GC(106) Metaspace: 64M used, 65M committed, 1088M reserved
[62.001s][info][gc,ref      ] GC(106) Soft: 3304 encountered, 0 discovered, 0 enqueued
[62.001s][info][gc,ref      ] GC(106) Weak: 6713 encountered, 2294 discovered, 283 enqueued
[62.001s][info][gc,ref      ] GC(106) Final: 84 encountered, 6 discovered, 0 enqueued
[62.001s][info][gc,ref      ] GC(106) Phantom: 632 encountered, 466 discovered, 0 enqueued
[62.001s][info][gc,reloc    ] GC(106) Small Pages: 602 / 1204M, Empty: 710M, Relocated: 29M, In-Place: 0
[62.001s][info][gc,reloc    ] GC(106) Medium Pages: 4 / 128M, Empty: 96M, Relocated: 0M, In-Place: 0
[62.001s][info][gc,reloc    ] GC(106) Large Pages: 19 / 130M, Empty: 106M, Relocated: 0M, In-Place: 0
[62.001s][info][gc,reloc    ] GC(106) Forwarding Usage: 28M
[62.001s][info][gc,heap     ] GC(106) Min Capacity: 8M(0%)
[62.001s][info][gc,heap     ] GC(106) Max Capacity: 2048M(100%)
[62.001s][info][gc,heap     ] GC(106) Soft Max Capacity: 2048M(100%)
[62.001s][info][gc,heap     ] GC(106)                Mark Start          Mark End        Relocate Start      Relocate End           High               Low         
[62.001s][info][gc,heap     ] GC(106)  Capacity:     2048M (100%)       2048M (100%)       2048M (100%)       2048M (100%)       2048M (100%)       2048M (100%)   
[62.001s][info][gc,heap     ] GC(106)      Free:      586M (29%)         518M (25%)        1418M (69%)        1678M (82%)        1678M (82%)         514M (25%)    
[62.001s][info][gc,heap     ] GC(106)      Used:     1462M (71%)        1530M (75%)         630M (31%)         370M (18%)        1534M (75%)         370M (18%)    
[62.001s][info][gc,heap     ] GC(106)      Live:         -               216M (11%)         216M (11%)         216M (11%)            -                  -          
[62.001s][info][gc,heap     ] GC(106) Allocated:         -                68M (3%)           80M (4%)           88M (4%)             -                  -          
[62.001s][info][gc,heap     ] GC(106)   Garbage:         -              1245M (61%)         333M (16%)          65M (3%)             -                  -          
[62.001s][info][gc,heap     ] GC(106) Reclaimed:         -                  -               912M (45%)        1180M (58%)            -                  -          
[62.001s][info][gc          ] GC(106) Garbage Collection (Allocation Rate) 1462M(71%)->370M(18%)
[62.377s][info][gc,start    ] GC(107) Garbage Collection (Allocation Rate)
[62.377s][info][gc,task     ] GC(107) Using 12 workers
[62.377s][info][gc,phases   ] GC(107) Pause Mark Start 0.014ms
[62.484s][info][gc,phases   ] GC(107) Concurrent Mark 106.878ms
[62.484s][info][gc,phases   ] GC(107) Pause Mark End 0.021ms
[62.484s][info][gc,phases   ] GC(107) Concurrent Mark Free 0.001ms
[62.487s][info][gc,phases   ] GC(107) Concurrent Process Non-Strong References 2.307ms
[62.487s][info][gc,phases   ] GC(107) Concurrent Reset Relocation Set 0.025ms
[62.525s][info][gc,phases   ] GC(107) Concurrent Select Relocation Set 38.593ms
[62.526s][info][gc,phases   ] GC(107) Pause Relocate Start 0.013ms
[62.561s][info][gc,phases   ] GC(107) Concurrent Relocate 34.703ms
[62.561s][info][gc,load     ] GC(107) Load: 0.00/0.00/0.00
[62.561s][info][gc,mmu      ] GC(107) MMU: 2ms/96.8%, 5ms/98.7%, 10ms/99.3%, 20ms/99.6%, 50ms/99.8%, 100ms/99.9%
[62.561s][info][gc,marking  ] GC(107) Mark: 8 stripe(s), 2 proactive flush(es), 1 terminate flush(es), 0 completion(s), 0 continuation(s) 
[62.561s][info][gc,marking  ] GC(107) Mark Stack Usage: 32M
[62.561s][info][gc,nmethod  ] GC(107) NMethods: 8606 registered, 1678 unregistered
[62.561s][info][gc,metaspace] GC(107) Metaspace: 64M used, 65M committed, 1088M reserved
[62.561s][info][gc,ref      ] GC(107) Soft: 3300 encountered, 0 discovered, 0 enqueued
[62.561s][info][gc,ref      ] GC(107) Weak: 6494 encountered, 2148 discovered, 96 enqueued
[62.561s][info][gc,ref      ] GC(107) Final: 84 encountered, 35 discovered, 0 enqueued
[62.561s][info][gc,ref      ] GC(107) Phantom: 619 encountered, 525 discovered, 0 enqueued
[62.561s][info][gc,reloc    ] GC(107) Small Pages: 497 / 994M, Empty: 124M, Relocated: 68M, In-Place: 0
[62.561s][info][gc,reloc    ] GC(107) Medium Pages: 2 / 64M, Empty: 0M, Relocated: 14M, In-Place: 0
[62.561s][info][gc,reloc    ] GC(107) Large Pages: 7 / 42M, Empty: 30M, Relocated: 0M, In-Place: 0
[62.561s][info][gc,reloc    ] GC(107) Forwarding Usage: 64M
[62.561s][info][gc,heap     ] GC(107) Min Capacity: 8M(0%)
[62.561s][info][gc,heap     ] GC(107) Max Capacity: 2048M(100%)
[62.561s][info][gc,heap     ] GC(107) Soft Max Capacity: 2048M(100%)
[62.561s][info][gc,heap     ] GC(107)                Mark Start          Mark End        Relocate Start      Relocate End           High               Low         
[62.561s][info][gc,heap     ] GC(107)  Capacity:     2048M (100%)       2048M (100%)       2048M (100%)       2048M (100%)       2048M (100%)       2048M (100%)   
[62.561s][info][gc,heap     ] GC(107)      Free:      948M (46%)         826M (40%)         978M (48%)        1618M (79%)        1618M (79%)         826M (40%)    
[62.561s][info][gc,heap     ] GC(107)      Used:     1100M (54%)        1222M (60%)        1070M (52%)         430M (21%)        1222M (60%)         430M (21%)    
[62.561s][info][gc,heap     ] GC(107)      Live:         -               246M (12%)         246M (12%)         246M (12%)            -                  -          
[62.561s][info][gc,heap     ] GC(107) Allocated:         -               122M (6%)          124M (6%)          121M (6%)             -                  -          
[62.561s][info][gc,heap     ] GC(107)   Garbage:         -               853M (42%)         699M (34%)          62M (3%)             -                  -          
[62.561s][info][gc,heap     ] GC(107) Reclaimed:         -                  -               154M (8%)          791M (39%)            -                  -          
[62.561s][info][gc          ] GC(107) Garbage Collection (Allocation Rate) 1100M(54%)->430M(21%)
[62.975s][info][gc,start    ] GC(108) Garbage Collection (Allocation Rate)
[62.975s][info][gc,task     ] GC(108) Using 6 workers
[62.975s][info][gc,phases   ] GC(108) Pause Mark Start 0.015ms
[63.117s][info][gc,phases   ] GC(108) Concurrent Mark 141.306ms
[63.117s][info][gc,phases   ] GC(108) Pause Mark End 0.032ms
[63.117s][info][gc,phases   ] GC(108) Concurrent Mark Free 0.001ms
[63.122s][info][gc,phases   ] GC(108) Concurrent Process Non-Strong References 4.404ms
[63.122s][info][gc,phases   ] GC(108) Concurrent Reset Relocation Set 0.079ms
[63.133s][info][gc,phases   ] GC(108) Concurrent Select Relocation Set 11.288ms
[63.133s][info][gc,phases   ] GC(108) Pause Relocate Start 0.013ms
[63.162s][info][gc,phases   ] GC(108) Concurrent Relocate 28.743ms
[63.162s][info][gc,load     ] GC(108) Load: 0.00/0.00/0.00
[63.162s][info][gc,mmu      ] GC(108) MMU: 2ms/96.8%, 5ms/98.7%, 10ms/99.3%, 20ms/99.6%, 50ms/99.8%, 100ms/99.9%
[63.162s][info][gc,marking  ] GC(108) Mark: 4 stripe(s), 2 proactive flush(es), 1 terminate flush(es), 0 completion(s), 0 continuation(s) 
[63.162s][info][gc,marking  ] GC(108) Mark Stack Usage: 32M
[63.162s][info][gc,nmethod  ] GC(108) NMethods: 8628 registered, 1683 unregistered
[63.162s][info][gc,metaspace] GC(108) Metaspace: 64M used, 65M committed, 1088M reserved
[63.162s][info][gc,ref      ] GC(108) Soft: 3297 encountered, 0 discovered, 0 enqueued
[63.162s][info][gc,ref      ] GC(108) Weak: 6412 encountered, 1638 discovered, 3 enqueued
[63.162s][info][gc,ref      ] GC(108) Final: 84 encountered, 2 discovered, 0 enqueued
[63.162s][info][gc,ref      ] GC(108) Phantom: 616 encountered, 510 discovered, 0 enqueued
[63.162s][info][gc,reloc    ] GC(108) Small Pages: 287 / 574M, Empty: 58M, Relocated: 36M, In-Place: 0
[63.162s][info][gc,reloc    ] GC(108) Medium Pages: 6 / 192M, Empty: 32M, Relocated: 18M, In-Place: 0
[63.162s][info][gc,reloc    ] GC(108) Large Pages: 24 / 156M, Empty: 118M, Relocated: 0M, In-Place: 0
[63.162s][info][gc,reloc    ] GC(108) Forwarding Usage: 35M
[63.163s][info][gc,heap     ] GC(108) Min Capacity: 8M(0%)
[63.163s][info][gc,heap     ] GC(108) Max Capacity: 2048M(100%)
[63.163s][info][gc,heap     ] GC(108) Soft Max Capacity: 2048M(100%)
[63.163s][info][gc,heap     ] GC(108)                Mark Start          Mark End        Relocate Start      Relocate End           High               Low         
[63.163s][info][gc,heap     ] GC(108)  Capacity:     2048M (100%)       2048M (100%)       2048M (100%)       2048M (100%)       2048M (100%)       2048M (100%)   
[63.163s][info][gc,heap     ] GC(108)      Free:     1126M (55%)         872M (43%)        1060M (52%)        1464M (71%)        1464M (71%)         862M (42%)    
[63.163s][info][gc,heap     ] GC(108)      Used:      922M (45%)        1176M (57%)         988M (48%)         584M (29%)        1186M (58%)         584M (29%)    
[63.163s][info][gc,heap     ] GC(108)      Live:         -               245M (12%)         245M (12%)         245M (12%)            -                  -          
[63.163s][info][gc,heap     ] GC(108) Allocated:         -               254M (12%)         274M (13%)         287M (14%)            -                  -          
[63.163s][info][gc,heap     ] GC(108)   Garbage:         -               676M (33%)         468M (23%)          51M (2%)             -                  -          
[63.163s][info][gc,heap     ] GC(108) Reclaimed:         -                  -               208M (10%)         625M (31%)            -                  -          
[63.163s][info][gc          ] GC(108) Garbage Collection (Allocation Rate) 922M(45%)->584M(29%)
[63.382s][info][gc,start    ] GC(109) Garbage Collection (Allocation Rate)
[63.382s][info][gc,task     ] GC(109) Using 6 workers
[63.383s][info][gc,phases   ] GC(109) Pause Mark Start 0.017ms
[63.523s][info][gc,phases   ] GC(109) Concurrent Mark 140.156ms
[63.523s][info][gc,phases   ] GC(109) Pause Mark End 0.016ms
[63.523s][info][gc,phases   ] GC(109) Concurrent Mark Free 0.001ms
[63.528s][info][gc,phases   ] GC(109) Concurrent Process Non-Strong References 4.755ms
[63.528s][info][gc,phases   ] GC(109) Concurrent Reset Relocation Set 0.037ms
[63.532s][info][gc,phases   ] GC(109) Concurrent Select Relocation Set 4.342ms
[63.532s][info][gc,phases   ] GC(109) Pause Relocate Start 0.008ms
[63.560s][info][gc,phases   ] GC(109) Concurrent Relocate 27.779ms
[63.560s][info][gc,load     ] GC(109) Load: 0.00/0.00/0.00
[63.560s][info][gc,mmu      ] GC(109) MMU: 2ms/96.8%, 5ms/98.7%, 10ms/99.3%, 20ms/99.6%, 50ms/99.8%, 100ms/99.9%
[63.560s][info][gc,marking  ] GC(109) Mark: 4 stripe(s), 2 proactive flush(es), 1 terminate flush(es), 0 completion(s), 0 continuation(s) 
[63.560s][info][gc,marking  ] GC(109) Mark Stack Usage: 32M
[63.560s][info][gc,nmethod  ] GC(109) NMethods: 8629 registered, 1683 unregistered
[63.560s][info][gc,metaspace] GC(109) Metaspace: 64M used, 65M committed, 1088M reserved
[63.561s][info][gc,ref      ] GC(109) Soft: 3296 encountered, 0 discovered, 0 enqueued
[63.561s][info][gc,ref      ] GC(109) Weak: 6412 encountered, 1562 discovered, 109 enqueued
[63.561s][info][gc,ref      ] GC(109) Final: 84 encountered, 8 discovered, 0 enqueued
[63.561s][info][gc,ref      ] GC(109) Phantom: 616 encountered, 547 discovered, 0 enqueued
[63.561s][info][gc,reloc    ] GC(109) Small Pages: 390 / 780M, Empty: 338M, Relocated: 31M, In-Place: 0
[63.561s][info][gc,reloc    ] GC(109) Medium Pages: 2 / 64M, Empty: 32M, Relocated: 0M, In-Place: 0
[63.561s][info][gc,reloc    ] GC(109) Large Pages: 17 / 114M, Empty: 96M, Relocated: 0M, In-Place: 0
[63.561s][info][gc,reloc    ] GC(109) Forwarding Usage: 28M
[63.561s][info][gc,heap     ] GC(109) Min Capacity: 8M(0%)
[63.561s][info][gc,heap     ] GC(109) Max Capacity: 2048M(100%)
[63.561s][info][gc,heap     ] GC(109) Soft Max Capacity: 2048M(100%)
[63.561s][info][gc,heap     ] GC(109)                Mark Start          Mark End        Relocate Start      Relocate End           High               Low         
[63.561s][info][gc,heap     ] GC(109)  Capacity:     2048M (100%)       2048M (100%)       2048M (100%)       2048M (100%)       2048M (100%)       2048M (100%)   
[63.561s][info][gc,heap     ] GC(109)      Free:     1090M (53%)         858M (42%)        1304M (64%)        1438M (70%)        1442M (70%)         848M (41%)    
[63.561s][info][gc,heap     ] GC(109)      Used:      958M (47%)        1190M (58%)         744M (36%)         610M (30%)        1200M (59%)         606M (30%)    
[63.561s][info][gc,heap     ] GC(109)      Live:         -               248M (12%)         248M (12%)         248M (12%)            -                  -          
[63.561s][info][gc,heap     ] GC(109) Allocated:         -               232M (11%)         252M (12%)         299M (15%)            -                  -          
[63.561s][info][gc,heap     ] GC(109)   Garbage:         -               709M (35%)         243M (12%)          61M (3%)             -                  -          
[63.561s][info][gc,heap     ] GC(109) Reclaimed:         -                  -               466M (23%)         647M (32%)            -                  -          
[63.561s][info][gc          ] GC(109) Garbage Collection (Allocation Rate) 958M(47%)->610M(30%)
[63.569s][info][gc,start    ] GC(110) Garbage Collection (System.gc())
[63.569s][info][gc,task     ] GC(110) Using 12 workers
[63.570s][info][gc,phases   ] GC(110) Pause Mark Start 0.017ms
[63.627s][info][gc,phases   ] GC(110) Concurrent Mark 56.974ms
[63.627s][info][gc,phases   ] GC(110) Pause Mark End 0.018ms
[63.627s][info][gc,phases   ] GC(110) Concurrent Mark Free 0.001ms
[63.629s][info][gc,phases   ] GC(110) Concurrent Process Non-Strong References 1.884ms
[63.629s][info][gc,phases   ] GC(110) Concurrent Reset Relocation Set 0.023ms
[63.634s][info][gc,phases   ] GC(110) Concurrent Select Relocation Set 5.456ms
[63.634s][info][gc,phases   ] GC(110) Pause Relocate Start 0.007ms
[63.637s][info][gc,phases   ] GC(110) Concurrent Relocate 2.461ms
[63.637s][info][gc,load     ] GC(110) Load: 0.00/0.00/0.00
[63.637s][info][gc,mmu      ] GC(110) MMU: 2ms/96.8%, 5ms/98.7%, 10ms/99.3%, 20ms/99.6%, 50ms/99.8%, 100ms/99.9%
[63.637s][info][gc,marking  ] GC(110) Mark: 8 stripe(s), 1 proactive flush(es), 1 terminate flush(es), 0 completion(s), 0 continuation(s) 
[63.637s][info][gc,marking  ] GC(110) Mark Stack Usage: 32M
[63.637s][info][gc,nmethod  ] GC(110) NMethods: 8629 registered, 1683 unregistered
[63.637s][info][gc,metaspace] GC(110) Metaspace: 64M used, 65M committed, 1088M reserved
[63.637s][info][gc,ref      ] GC(110) Soft: 3296 encountered, 0 discovered, 0 enqueued
[63.637s][info][gc,ref      ] GC(110) Weak: 6309 encountered, 685 discovered, 4 enqueued
[63.637s][info][gc,ref      ] GC(110) Final: 84 encountered, 3 discovered, 0 enqueued
[63.637s][info][gc,ref      ] GC(110) Phantom: 616 encountered, 373 discovered, 0 enqueued
[63.637s][info][gc,reloc    ] GC(110) Small Pages: 284 / 568M, Empty: 322M, Relocated: 5M, In-Place: 0
[63.637s][info][gc,reloc    ] GC(110) Medium Pages: 1 / 32M, Empty: 0M, Relocated: 0M, In-Place: 0
[63.637s][info][gc,reloc    ] GC(110) Large Pages: 4 / 24M, Empty: 24M, Relocated: 0M, In-Place: 0
[63.637s][info][gc,reloc    ] GC(110) Forwarding Usage: 2M
[63.637s][info][gc,heap     ] GC(110) Min Capacity: 8M(0%)
[63.637s][info][gc,heap     ] GC(110) Max Capacity: 2048M(100%)
[63.637s][info][gc,heap     ] GC(110) Soft Max Capacity: 2048M(100%)
[63.637s][info][gc,heap     ] GC(110)                Mark Start          Mark End        Relocate Start      Relocate End           High               Low         
[63.637s][info][gc,heap     ] GC(110)  Capacity:     2048M (100%)       2048M (100%)       2048M (100%)       2048M (100%)       2048M (100%)       2048M (100%)   
[63.637s][info][gc,heap     ] GC(110)      Free:     1424M (70%)        1424M (70%)        1768M (86%)        1808M (88%)        1808M (88%)        1422M (69%)    
[63.637s][info][gc,heap     ] GC(110)      Used:      624M (30%)         624M (30%)         280M (14%)         240M (12%)         626M (31%)         240M (12%)    
[63.637s][info][gc,heap     ] GC(110)      Live:         -               166M (8%)          166M (8%)          166M (8%)             -                  -          
[63.637s][info][gc,heap     ] GC(110) Allocated:         -                 0M (0%)            2M (0%)            4M (0%)             -                  -          
[63.637s][info][gc,heap     ] GC(110)   Garbage:         -               457M (22%)         111M (5%)           69M (3%)             -                  -          
[63.637s][info][gc,heap     ] GC(110) Reclaimed:         -                  -               346M (17%)         388M (19%)            -                  -          
[63.637s][info][gc          ] GC(110) Garbage Collection (System.gc()) 624M(30%)->240M(12%)
[64.075s][info][gc,start    ] GC(111) Garbage Collection (Allocation Rate)
[64.075s][info][gc,task     ] GC(111) Using 5 workers
[64.075s][info][gc,phases   ] GC(111) Pause Mark Start 0.016ms
[64.318s][info][gc,phases   ] GC(111) Concurrent Mark 242.732ms
[64.318s][info][gc,phases   ] GC(111) Pause Mark End 0.018ms
[64.318s][info][gc,phases   ] GC(111) Concurrent Mark Free 0.001ms
[64.323s][info][gc,phases   ] GC(111) Concurrent Process Non-Strong References 4.877ms
[64.323s][info][gc,phases   ] GC(111) Concurrent Reset Relocation Set 0.005ms
[64.361s][info][gc,phases   ] GC(111) Concurrent Select Relocation Set 37.666ms
[64.361s][info][gc,phases   ] GC(111) Pause Relocate Start 0.009ms
[64.438s][info][gc,phases   ] GC(111) Concurrent Relocate 76.771ms
[64.438s][info][gc,load     ] GC(111) Load: 0.00/0.00/0.00
[64.438s][info][gc,mmu      ] GC(111) MMU: 2ms/96.8%, 5ms/98.7%, 10ms/99.3%, 20ms/99.6%, 50ms/99.8%, 100ms/99.9%
[64.438s][info][gc,marking  ] GC(111) Mark: 4 stripe(s), 2 proactive flush(es), 1 terminate flush(es), 0 completion(s), 0 continuation(s) 
[64.438s][info][gc,marking  ] GC(111) Mark Stack Usage: 32M
[64.438s][info][gc,nmethod  ] GC(111) NMethods: 8649 registered, 1691 unregistered
[64.438s][info][gc,metaspace] GC(111) Metaspace: 64M used, 65M committed, 1088M reserved
[64.438s][info][gc,ref      ] GC(111) Soft: 3300 encountered, 0 discovered, 0 enqueued
[64.438s][info][gc,ref      ] GC(111) Weak: 6394 encountered, 646 discovered, 31 enqueued
[64.438s][info][gc,ref      ] GC(111) Final: 84 encountered, 7 discovered, 0 enqueued
[64.438s][info][gc,ref      ] GC(111) Phantom: 616 encountered, 545 discovered, 0 enqueued
[64.438s][info][gc,reloc    ] GC(111) Small Pages: 515 / 1030M, Empty: 0M, Relocated: 132M, In-Place: 0
[64.438s][info][gc,reloc    ] GC(111) Medium Pages: 2 / 64M, Empty: 32M, Relocated: 0M, In-Place: 0
[64.438s][info][gc,reloc    ] GC(111) Large Pages: 9 / 54M, Empty: 6M, Relocated: 0M, In-Place: 0
[64.438s][info][gc,reloc    ] GC(111) Forwarding Usage: 94M
[64.438s][info][gc,heap     ] GC(111) Min Capacity: 8M(0%)
[64.438s][info][gc,heap     ] GC(111) Max Capacity: 2048M(100%)
[64.438s][info][gc,heap     ] GC(111) Soft Max Capacity: 2048M(100%)
[64.438s][info][gc,heap     ] GC(111)                Mark Start          Mark End        Relocate Start      Relocate End           High               Low         
[64.438s][info][gc,heap     ] GC(111)  Capacity:     2048M (100%)       2048M (100%)       2048M (100%)       2048M (100%)       2048M (100%)       2048M (100%)   
[64.438s][info][gc,heap     ] GC(111)      Free:      900M (44%)         456M (22%)         396M (19%)        1002M (49%)        1004M (49%)         390M (19%)    
[64.438s][info][gc,heap     ] GC(111)      Used:     1148M (56%)        1592M (78%)        1652M (81%)        1046M (51%)        1658M (81%)        1044M (51%)    
[64.439s][info][gc,heap     ] GC(111)      Live:         -               350M (17%)         350M (17%)         350M (17%)            -                  -          
[64.439s][info][gc,heap     ] GC(111) Allocated:         -               444M (22%)         542M (26%)         637M (31%)            -                  -          
[64.439s][info][gc,heap     ] GC(111)   Garbage:         -               797M (39%)         759M (37%)          58M (3%)             -                  -          
[64.439s][info][gc,heap     ] GC(111) Reclaimed:         -                  -                38M (2%)          739M (36%)            -                  -          
[64.439s][info][gc          ] GC(111) Garbage Collection (Allocation Rate) 1148M(56%)->1046M(51%)
[64.474s][info][gc,start    ] GC(112) Garbage Collection (Allocation Rate)
[64.474s][info][gc,task     ] GC(112) Using 10 workers
[64.474s][info][gc,phases   ] GC(112) Pause Mark Start 0.011ms
[64.693s][info][gc,phases   ] GC(112) Concurrent Mark 218.367ms
[64.693s][info][gc,phases   ] GC(112) Pause Mark End 0.033ms
[64.693s][info][gc,phases   ] GC(112) Concurrent Mark Free 0.001ms
[64.696s][info][gc,phases   ] GC(112) Concurrent Process Non-Strong References 2.615ms
[64.696s][info][gc,phases   ] GC(112) Concurrent Reset Relocation Set 0.068ms
[64.705s][info][gc,phases   ] GC(112) Concurrent Select Relocation Set 9.577ms
[64.705s][info][gc,phases   ] GC(112) Pause Relocate Start 0.009ms
[64.735s][info][gc,phases   ] GC(112) Concurrent Relocate 29.691ms
[64.735s][info][gc,load     ] GC(112) Load: 0.00/0.00/0.00
[64.735s][info][gc,mmu      ] GC(112) MMU: 2ms/96.8%, 5ms/98.7%, 10ms/99.3%, 20ms/99.6%, 50ms/99.8%, 100ms/99.9%
[64.735s][info][gc,marking  ] GC(112) Mark: 8 stripe(s), 2 proactive flush(es), 1 terminate flush(es), 0 completion(s), 0 continuation(s) 
[64.735s][info][gc,marking  ] GC(112) Mark Stack Usage: 32M
[64.735s][info][gc,nmethod  ] GC(112) NMethods: 8649 registered, 1691 unregistered
[64.735s][info][gc,metaspace] GC(112) Metaspace: 64M used, 65M committed, 1088M reserved
[64.735s][info][gc,ref      ] GC(112) Soft: 3300 encountered, 0 discovered, 0 enqueued
[64.736s][info][gc,ref      ] GC(112) Weak: 6363 encountered, 1506 discovered, 0 enqueued
[64.736s][info][gc,ref      ] GC(112) Final: 84 encountered, 46 discovered, 0 enqueued
[64.736s][info][gc,ref      ] GC(112) Phantom: 616 encountered, 542 discovered, 0 enqueued
[64.736s][info][gc,reloc    ] GC(112) Small Pages: 490 / 980M, Empty: 0M, Relocated: 52M, In-Place: 0
[64.736s][info][gc,reloc    ] GC(112) Medium Pages: 1 / 32M, Empty: 0M, Relocated: 0M, In-Place: 0
[64.736s][info][gc,reloc    ] GC(112) Large Pages: 12 / 88M, Empty: 24M, Relocated: 0M, In-Place: 0
[64.736s][info][gc,reloc    ] GC(112) Forwarding Usage: 46M
[64.736s][info][gc,heap     ] GC(112) Min Capacity: 8M(0%)
[64.736s][info][gc,heap     ] GC(112) Max Capacity: 2048M(100%)
[64.736s][info][gc,heap     ] GC(112) Soft Max Capacity: 2048M(100%)
[64.736s][info][gc,heap     ] GC(112)                Mark Start          Mark End        Relocate Start      Relocate End           High               Low         
[64.736s][info][gc,heap     ] GC(112)  Capacity:     2048M (100%)       2048M (100%)       2048M (100%)       2048M (100%)       2048M (100%)       2048M (100%)   
[64.736s][info][gc,heap     ] GC(112)      Free:      948M (46%)         634M (31%)         640M (31%)        1208M (59%)        1212M (59%)         618M (30%)    
[64.736s][info][gc,heap     ] GC(112)      Used:     1100M (54%)        1414M (69%)        1408M (69%)         840M (41%)        1430M (70%)         836M (41%)    
[64.736s][info][gc,heap     ] GC(112)      Live:         -               402M (20%)         402M (20%)         402M (20%)            -                  -          
[64.736s][info][gc,heap     ] GC(112) Allocated:         -               314M (15%)         332M (16%)         368M (18%)            -                  -          
[64.736s][info][gc,heap     ] GC(112)   Garbage:         -               697M (34%)         673M (33%)          68M (3%)             -                  -          
[64.736s][info][gc,heap     ] GC(112) Reclaimed:         -                  -                24M (1%)          628M (31%)            -                  -          
[64.736s][info][gc          ] GC(112) Garbage Collection (Allocation Rate) 1100M(54%)->840M(41%)
[64.771s][info][gc,start    ] GC(113) Garbage Collection (Allocation Rate)
[64.771s][info][gc,task     ] GC(113) Using 10 workers
[64.771s][info][gc,phases   ] GC(113) Pause Mark Start 0.011ms
[64.996s][info][gc,phases   ] GC(113) Concurrent Mark 225.235ms
[64.996s][info][gc,phases   ] GC(113) Pause Mark End 0.032ms
[64.997s][info][gc,phases   ] GC(113) Concurrent Mark Free 0.001ms
[65.000s][info][gc,phases   ] GC(113) Concurrent Process Non-Strong References 3.004ms
[65.000s][info][gc,phases   ] GC(113) Concurrent Reset Relocation Set 0.062ms
[65.005s][info][gc,phases   ] GC(113) Concurrent Select Relocation Set 5.561ms
[65.005s][info][gc,phases   ] GC(113) Pause Relocate Start 0.008ms
[65.028s][info][gc,phases   ] GC(113) Concurrent Relocate 22.627ms
[65.028s][info][gc,load     ] GC(113) Load: 0.00/0.00/0.00
[65.028s][info][gc,mmu      ] GC(113) MMU: 2ms/96.8%, 5ms/98.7%, 10ms/99.3%, 20ms/99.6%, 50ms/99.8%, 100ms/99.9%
[65.028s][info][gc,marking  ] GC(113) Mark: 8 stripe(s), 4 proactive flush(es), 1 terminate flush(es), 0 completion(s), 0 continuation(s) 
[65.028s][info][gc,marking  ] GC(113) Mark Stack Usage: 32M
[65.028s][info][gc,nmethod  ] GC(113) NMethods: 8649 registered, 1691 unregistered
[65.028s][info][gc,metaspace] GC(113) Metaspace: 64M used, 65M committed, 1088M reserved
[65.028s][info][gc,ref      ] GC(113) Soft: 3300 encountered, 0 discovered, 0 enqueued
[65.028s][info][gc,ref      ] GC(113) Weak: 6363 encountered, 2080 discovered, 0 enqueued
[65.028s][info][gc,ref      ] GC(113) Final: 84 encountered, 62 discovered, 0 enqueued
[65.028s][info][gc,ref      ] GC(113) Phantom: 616 encountered, 546 discovered, 0 enqueued
[65.028s][info][gc,reloc    ] GC(113) Small Pages: 398 / 796M, Empty: 0M, Relocated: 34M, In-Place: 0
[65.028s][info][gc,reloc    ] GC(113) Medium Pages: 1 / 32M, Empty: 0M, Relocated: 0M, In-Place: 0
[65.028s][info][gc,reloc    ] GC(113) Large Pages: 8 / 64M, Empty: 0M, Relocated: 0M, In-Place: 0
[65.028s][info][gc,reloc    ] GC(113) Forwarding Usage: 32M
[65.028s][info][gc,heap     ] GC(113) Min Capacity: 8M(0%)
[65.028s][info][gc,heap     ] GC(113) Max Capacity: 2048M(100%)
[65.028s][info][gc,heap     ] GC(113) Soft Max Capacity: 2048M(100%)
[65.028s][info][gc,heap     ] GC(113)                Mark Start          Mark End        Relocate Start      Relocate End           High               Low         
[65.028s][info][gc,heap     ] GC(113)  Capacity:     2048M (100%)       2048M (100%)       2048M (100%)       2048M (100%)       2048M (100%)       2048M (100%)   
[65.028s][info][gc,heap     ] GC(113)      Free:     1156M (56%)         898M (44%)         898M (44%)        1292M (63%)        1292M (63%)         876M (43%)    
[65.028s][info][gc,heap     ] GC(113)      Used:      892M (44%)        1150M (56%)        1150M (56%)         756M (37%)        1172M (57%)         756M (37%)    
[65.028s][info][gc,heap     ] GC(113)      Live:         -               420M (21%)         420M (21%)         420M (21%)            -                  -          
[65.028s][info][gc,heap     ] GC(113) Allocated:         -               258M (13%)         258M (13%)         258M (13%)            -                  -          
[65.028s][info][gc,heap     ] GC(113)   Garbage:         -               471M (23%)         471M (23%)          76M (4%)             -                  -          
[65.029s][info][gc,heap     ] GC(113) Reclaimed:         -                  -                 0M (0%)          394M (19%)            -                  -          
[65.029s][info][gc          ] GC(113) Garbage Collection (Allocation Rate) 892M(44%)->756M(37%)
[65.184s][info][gc,start    ] GC(114) Garbage Collection (Allocation Rate)
[65.184s][info][gc,task     ] GC(114) Using 9 workers
[65.184s][info][gc,phases   ] GC(114) Pause Mark Start 0.018ms
[65.387s][info][gc,phases   ] GC(114) Concurrent Mark 202.610ms
[65.387s][info][gc,phases   ] GC(114) Pause Mark End 0.028ms
[65.387s][info][gc,phases   ] GC(114) Concurrent Mark Free 0.001ms
[65.390s][info][gc,phases   ] GC(114) Concurrent Process Non-Strong References 2.719ms
[65.390s][info][gc,phases   ] GC(114) Concurrent Reset Relocation Set 0.060ms
[65.419s][info][gc,phases   ] GC(114) Concurrent Select Relocation Set 28.913ms
[65.419s][info][gc,phases   ] GC(114) Pause Relocate Start 0.010ms
[65.445s][info][gc,phases   ] GC(114) Concurrent Relocate 25.751ms
[65.445s][info][gc,load     ] GC(114) Load: 0.00/0.00/0.00
[65.445s][info][gc,mmu      ] GC(114) MMU: 2ms/96.8%, 5ms/98.7%, 10ms/99.3%, 20ms/99.6%, 50ms/99.8%, 100ms/99.9%
[65.445s][info][gc,marking  ] GC(114) Mark: 8 stripe(s), 2 proactive flush(es), 1 terminate flush(es), 0 completion(s), 0 continuation(s) 
[65.445s][info][gc,marking  ] GC(114) Mark Stack Usage: 32M
[65.445s][info][gc,nmethod  ] GC(114) NMethods: 8650 registered, 1691 unregistered
[65.445s][info][gc,metaspace] GC(114) Metaspace: 64M used, 65M committed, 1088M reserved
[65.445s][info][gc,ref      ] GC(114) Soft: 3300 encountered, 0 discovered, 0 enqueued
[65.445s][info][gc,ref      ] GC(114) Weak: 6363 encountered, 2569 discovered, 0 enqueued
[65.445s][info][gc,ref      ] GC(114) Final: 84 encountered, 0 discovered, 0 enqueued
[65.445s][info][gc,ref      ] GC(114) Phantom: 616 encountered, 416 discovered, 0 enqueued
[65.445s][info][gc,reloc    ] GC(114) Small Pages: 314 / 628M, Empty: 74M, Relocated: 38M, In-Place: 0
[65.445s][info][gc,reloc    ] GC(114) Medium Pages: 2 / 64M, Empty: 0M, Relocated: 18M, In-Place: 0
[65.445s][info][gc,reloc    ] GC(114) Large Pages: 8 / 64M, Empty: 24M, Relocated: 0M, In-Place: 0
[65.445s][info][gc,reloc    ] GC(114) Forwarding Usage: 34M
[65.445s][info][gc,heap     ] GC(114) Min Capacity: 8M(0%)
[65.445s][info][gc,heap     ] GC(114) Max Capacity: 2048M(100%)
[65.445s][info][gc,heap     ] GC(114) Soft Max Capacity: 2048M(100%)
[65.445s][info][gc,heap     ] GC(114)                Mark Start          Mark End        Relocate Start      Relocate End           High               Low         
[65.445s][info][gc,heap     ] GC(114)  Capacity:     2048M (100%)       2048M (100%)       2048M (100%)       2048M (100%)       2048M (100%)       2048M (100%)   
[65.445s][info][gc,heap     ] GC(114)      Free:     1292M (63%)        1256M (61%)        1348M (66%)        1622M (79%)        1622M (79%)        1254M (61%)    
[65.445s][info][gc,heap     ] GC(114)      Used:      756M (37%)         792M (39%)         700M (34%)         426M (21%)         794M (39%)         426M (21%)    
[65.445s][info][gc,heap     ] GC(114)      Live:         -               313M (15%)         313M (15%)         313M (15%)            -                  -          
[65.445s][info][gc,heap     ] GC(114) Allocated:         -                36M (2%)           42M (2%)           44M (2%)             -                  -          
[65.445s][info][gc,heap     ] GC(114)   Garbage:         -               442M (22%)         344M (17%)          68M (3%)             -                  -          
[65.445s][info][gc,heap     ] GC(114) Reclaimed:         -                  -                98M (5%)          374M (18%)            -                  -          
[65.445s][info][gc          ] GC(114) Garbage Collection (Allocation Rate) 756M(37%)->426M(21%)
[65.472s][info][gc,start    ] GC(115) Garbage Collection (Allocation Rate)
[65.472s][info][gc,task     ] GC(115) Using 9 workers
[65.472s][info][gc,phases   ] GC(115) Pause Mark Start 0.014ms
[65.654s][info][gc,phases   ] GC(115) Concurrent Mark 181.539ms
[65.654s][info][gc,phases   ] GC(115) Pause Mark End 0.039ms
[65.654s][info][gc,phases   ] GC(115) Concurrent Mark Free 0.001ms
[65.656s][info][gc,phases   ] GC(115) Concurrent Process Non-Strong References 2.332ms
[65.656s][info][gc,phases   ] GC(115) Concurrent Reset Relocation Set 0.025ms
[65.662s][info][gc,phases   ] GC(115) Concurrent Select Relocation Set 5.858ms
[65.662s][info][gc,phases   ] GC(115) Pause Relocate Start 0.012ms
[65.668s][info][gc,phases   ] GC(115) Concurrent Relocate 5.051ms
[65.668s][info][gc,load     ] GC(115) Load: 0.00/0.00/0.00
[65.668s][info][gc,mmu      ] GC(115) MMU: 2ms/96.8%, 5ms/98.7%, 10ms/99.3%, 20ms/99.6%, 50ms/99.8%, 100ms/99.9%
[65.668s][info][gc,marking  ] GC(115) Mark: 8 stripe(s), 2 proactive flush(es), 1 terminate flush(es), 0 completion(s), 0 continuation(s) 
[65.668s][info][gc,marking  ] GC(115) Mark Stack Usage: 32M
[65.668s][info][gc,nmethod  ] GC(115) NMethods: 8675 registered, 1692 unregistered
[65.668s][info][gc,metaspace] GC(115) Metaspace: 64M used, 65M committed, 1088M reserved
[65.668s][info][gc,ref      ] GC(115) Soft: 3300 encountered, 0 discovered, 0 enqueued
[65.668s][info][gc,ref      ] GC(115) Weak: 6501 encountered, 3145 discovered, 5 enqueued
[65.668s][info][gc,ref      ] GC(115) Final: 84 encountered, 2 discovered, 0 enqueued
[65.668s][info][gc,ref      ] GC(115) Phantom: 618 encountered, 493 discovered, 0 enqueued
[65.668s][info][gc,reloc    ] GC(115) Small Pages: 163 / 326M, Empty: 8M, Relocated: 5M, In-Place: 0
[65.668s][info][gc,reloc    ] GC(115) Medium Pages: 2 / 64M, Empty: 0M, Relocated: 15M, In-Place: 0
[65.668s][info][gc,reloc    ] GC(115) Large Pages: 4 / 40M, Empty: 0M, Relocated: 0M, In-Place: 0
[65.668s][info][gc,reloc    ] GC(115) Forwarding Usage: 4M
[65.668s][info][gc,heap     ] GC(115) Min Capacity: 8M(0%)
[65.668s][info][gc,heap     ] GC(115) Max Capacity: 2048M(100%)
[65.668s][info][gc,heap     ] GC(115) Soft Max Capacity: 2048M(100%)
[65.668s][info][gc,heap     ] GC(115)                Mark Start          Mark End        Relocate Start      Relocate End           High               Low         
[65.668s][info][gc,heap     ] GC(115)  Capacity:     2048M (100%)       2048M (100%)       2048M (100%)       2048M (100%)       2048M (100%)       2048M (100%)   
[65.668s][info][gc,heap     ] GC(115)      Free:     1618M (79%)        1572M (77%)        1572M (77%)        1610M (79%)        1618M (79%)        1526M (75%)    
[65.668s][info][gc,heap     ] GC(115)      Used:      430M (21%)         476M (23%)         476M (23%)         438M (21%)         522M (25%)         430M (21%)    
[65.668s][info][gc,heap     ] GC(115)      Live:         -               311M (15%)         311M (15%)         311M (15%)            -                  -          
[65.668s][info][gc,heap     ] GC(115) Allocated:         -                46M (2%)           54M (3%)           55M (3%)             -                  -          
[65.668s][info][gc,heap     ] GC(115)   Garbage:         -               118M (6%)          110M (5%)           70M (3%)             -                  -          
[65.668s][info][gc,heap     ] GC(115) Reclaimed:         -                  -                 8M (0%)           47M (2%)             -                  -          
[65.668s][info][gc          ] GC(115) Garbage Collection (Allocation Rate) 430M(21%)->438M(21%)
[65.683s][info][gc,start    ] GC(116) Garbage Collection (Allocation Rate)
[65.683s][info][gc,task     ] GC(116) Using 9 workers
[65.683s][info][gc,phases   ] GC(116) Pause Mark Start 0.013ms
[65.769s][info][gc,phases   ] GC(116) Concurrent Mark 85.591ms
[65.769s][info][gc,phases   ] GC(116) Pause Mark End 0.029ms
[65.769s][info][gc,phases   ] GC(116) Concurrent Mark Free 0.001ms
[65.773s][info][gc,phases   ] GC(116) Concurrent Process Non-Strong References 3.614ms
[65.773s][info][gc,phases   ] GC(116) Concurrent Reset Relocation Set 0.004ms
[65.776s][info][gc,phases   ] GC(116) Concurrent Select Relocation Set 2.794ms
[65.776s][info][gc,phases   ] GC(116) Pause Relocate Start 0.007ms
[65.778s][info][gc,phases   ] GC(116) Concurrent Relocate 2.008ms
[65.778s][info][gc,load     ] GC(116) Load: 0.00/0.00/0.00
[65.778s][info][gc,mmu      ] GC(116) MMU: 2ms/96.8%, 5ms/98.7%, 10ms/99.3%, 20ms/99.6%, 50ms/99.8%, 100ms/99.9%
[65.778s][info][gc,marking  ] GC(116) Mark: 8 stripe(s), 2 proactive flush(es), 1 terminate flush(es), 0 completion(s), 0 continuation(s) 
[65.778s][info][gc,marking  ] GC(116) Mark Stack Usage: 32M
[65.778s][info][gc,nmethod  ] GC(116) NMethods: 8260 registered, 2122 unregistered
[65.778s][info][gc,metaspace] GC(116) Metaspace: 64M used, 65M committed, 1088M reserved
[65.778s][info][gc,ref      ] GC(116) Soft: 3300 encountered, 0 discovered, 0 enqueued
[65.778s][info][gc,ref      ] GC(116) Weak: 6500 encountered, 2073 discovered, 15 enqueued
[65.778s][info][gc,ref      ] GC(116) Final: 84 encountered, 6 discovered, 0 enqueued
[65.778s][info][gc,ref      ] GC(116) Phantom: 616 encountered, 331 discovered, 0 enqueued
[65.778s][info][gc,reloc    ] GC(116) Small Pages: 180 / 360M, Empty: 114M, Relocated: 3M, In-Place: 0
[65.778s][info][gc,reloc    ] GC(116) Medium Pages: 1 / 32M, Empty: 0M, Relocated: 0M, In-Place: 0
[65.778s][info][gc,reloc    ] GC(116) Large Pages: 5 / 46M, Empty: 46M, Relocated: 0M, In-Place: 0
[65.778s][info][gc,reloc    ] GC(116) Forwarding Usage: 1M
[65.778s][info][gc,heap     ] GC(116) Min Capacity: 8M(0%)
[65.778s][info][gc,heap     ] GC(116) Max Capacity: 2048M(100%)
[65.778s][info][gc,heap     ] GC(116) Soft Max Capacity: 2048M(100%)
[65.778s][info][gc,heap     ] GC(116)                Mark Start          Mark End        Relocate Start      Relocate End           High               Low         
[65.778s][info][gc,heap     ] GC(116)  Capacity:     2048M (100%)       2048M (100%)       2048M (100%)       2048M (100%)       2048M (100%)       2048M (100%)   
[65.778s][info][gc,heap     ] GC(116)      Free:     1610M (79%)        1462M (71%)        1616M (79%)        1658M (81%)        1658M (81%)        1456M (71%)    
[65.778s][info][gc,heap     ] GC(116)      Used:      438M (21%)         586M (29%)         432M (21%)         390M (19%)         592M (29%)         390M (19%)    
[65.778s][info][gc,heap     ] GC(116)      Live:         -               167M (8%)          167M (8%)          167M (8%)             -                  -          
[65.778s][info][gc,heap     ] GC(116) Allocated:         -               148M (7%)          154M (8%)          155M (8%)             -                  -          
[65.778s][info][gc,heap     ] GC(116)   Garbage:         -               270M (13%)         110M (5%)           66M (3%)             -                  -          
[65.778s][info][gc,heap     ] GC(116) Reclaimed:         -                  -               160M (8%)          203M (10%)            -                  -          
[65.778s][info][gc          ] GC(116) Garbage Collection (Allocation Rate) 438M(21%)->390M(19%)
[66.276s][info][gc,start    ] GC(117) Garbage Collection (Allocation Rate)
[66.276s][info][gc,task     ] GC(117) Using 9 workers
[66.276s][info][gc,phases   ] GC(117) Pause Mark Start 0.018ms
[66.432s][info][gc,phases   ] GC(117) Concurrent Mark 155.740ms
[66.432s][info][gc,phases   ] GC(117) Pause Mark End 0.031ms
[66.432s][info][gc,phases   ] GC(117) Concurrent Mark Free 0.001ms
[66.435s][info][gc,phases   ] GC(117) Concurrent Process Non-Strong References 2.559ms
[66.435s][info][gc,phases   ] GC(117) Concurrent Reset Relocation Set 0.003ms
[66.459s][info][gc,phases   ] GC(117) Concurrent Select Relocation Set 23.985ms
[66.459s][info][gc,phases   ] GC(117) Pause Relocate Start 0.008ms
[66.506s][info][gc,phases   ] GC(117) Concurrent Relocate 46.717ms
[66.506s][info][gc,load     ] GC(117) Load: 0.00/0.00/0.00
[66.506s][info][gc,mmu      ] GC(117) MMU: 2ms/96.8%, 5ms/98.7%, 10ms/99.3%, 20ms/99.6%, 50ms/99.8%, 100ms/99.9%
[66.506s][info][gc,marking  ] GC(117) Mark: 8 stripe(s), 2 proactive flush(es), 1 terminate flush(es), 0 completion(s), 0 continuation(s) 
[66.506s][info][gc,marking  ] GC(117) Mark Stack Usage: 32M
[66.506s][info][gc,nmethod  ] GC(117) NMethods: 8265 registered, 2124 unregistered
[66.506s][info][gc,metaspace] GC(117) Metaspace: 64M used, 65M committed, 1088M reserved
[66.506s][info][gc,ref      ] GC(117) Soft: 3304 encountered, 0 discovered, 0 enqueued
[66.506s][info][gc,ref      ] GC(117) Weak: 6559 encountered, 2337 discovered, 146 enqueued
[66.506s][info][gc,ref      ] GC(117) Final: 84 encountered, 46 discovered, 0 enqueued
[66.506s][info][gc,ref      ] GC(117) Phantom: 616 encountered, 513 discovered, 0 enqueued
[66.506s][info][gc,reloc    ] GC(117) Small Pages: 545 / 1090M, Empty: 36M, Relocated: 122M, In-Place: 0
[66.506s][info][gc,reloc    ] GC(117) Medium Pages: 3 / 96M, Empty: 32M, Relocated: 14M, In-Place: 0
[66.506s][info][gc,reloc    ] GC(117) Large Pages: 11 / 66M, Empty: 24M, Relocated: 0M, In-Place: 0
[66.506s][info][gc,reloc    ] GC(117) Forwarding Usage: 85M
[66.506s][info][gc,heap     ] GC(117) Min Capacity: 8M(0%)
[66.506s][info][gc,heap     ] GC(117) Max Capacity: 2048M(100%)
[66.506s][info][gc,heap     ] GC(117) Soft Max Capacity: 2048M(100%)
[66.506s][info][gc,heap     ] GC(117)                Mark Start          Mark End        Relocate Start      Relocate End           High               Low         
[66.506s][info][gc,heap     ] GC(117)  Capacity:     2048M (100%)       2048M (100%)       2048M (100%)       2048M (100%)       2048M (100%)       2048M (100%)   
[66.506s][info][gc,heap     ] GC(117)      Free:      796M (39%)         504M (25%)         542M (26%)        1284M (63%)        1284M (63%)         496M (24%)    
[66.506s][info][gc,heap     ] GC(117)      Used:     1252M (61%)        1544M (75%)        1506M (74%)         764M (37%)        1552M (76%)         764M (37%)    
[66.506s][info][gc,heap     ] GC(117)      Live:         -               336M (16%)         336M (16%)         336M (16%)            -                  -          
[66.506s][info][gc,heap     ] GC(117) Allocated:         -               292M (14%)         346M (17%)         367M (18%)            -                  -          
[66.506s][info][gc,heap     ] GC(117)   Garbage:         -               915M (45%)         823M (40%)          59M (3%)             -                  -          
[66.506s][info][gc,heap     ] GC(117) Reclaimed:         -                  -                92M (4%)          855M (42%)            -                  -          
[66.506s][info][gc          ] GC(117) Garbage Collection (Allocation Rate) 1252M(61%)->764M(37%)
[66.572s][info][gc,start    ] GC(118) Garbage Collection (Allocation Rate)
[66.573s][info][gc,task     ] GC(118) Using 12 workers
[66.573s][info][gc,phases   ] GC(118) Pause Mark Start 0.015ms
[66.751s][info][gc,phases   ] GC(118) Concurrent Mark 178.239ms
[66.751s][info][gc,phases   ] GC(118) Pause Mark End 0.020ms
[66.751s][info][gc,phases   ] GC(118) Concurrent Mark Free 0.001ms
[66.754s][info][gc,phases   ] GC(118) Concurrent Process Non-Strong References 2.349ms
[66.754s][info][gc,phases   ] GC(118) Concurrent Reset Relocation Set 0.072ms
[66.763s][info][gc,phases   ] GC(118) Concurrent Select Relocation Set 9.486ms
[66.763s][info][gc,phases   ] GC(118) Pause Relocate Start 0.009ms
[66.783s][info][gc,phases   ] GC(118) Concurrent Relocate 19.866ms
[66.783s][info][gc,load     ] GC(118) Load: 0.00/0.00/0.00
[66.783s][info][gc,mmu      ] GC(118) MMU: 2ms/96.8%, 5ms/98.7%, 10ms/99.3%, 20ms/99.6%, 50ms/99.8%, 100ms/99.9%
[66.783s][info][gc,marking  ] GC(118) Mark: 8 stripe(s), 2 proactive flush(es), 1 terminate flush(es), 0 completion(s), 0 continuation(s) 
[66.784s][info][gc,marking  ] GC(118) Mark Stack Usage: 32M
[66.784s][info][gc,nmethod  ] GC(118) NMethods: 8264 registered, 2125 unregistered
[66.784s][info][gc,metaspace] GC(118) Metaspace: 64M used, 65M committed, 1088M reserved
[66.784s][info][gc,ref      ] GC(118) Soft: 3304 encountered, 0 discovered, 0 enqueued
[66.784s][info][gc,ref      ] GC(118) Weak: 6413 encountered, 2791 discovered, 0 enqueued
[66.784s][info][gc,ref      ] GC(118) Final: 84 encountered, 2 discovered, 0 enqueued
[66.784s][info][gc,ref      ] GC(118) Phantom: 616 encountered, 350 discovered, 0 enqueued
[66.784s][info][gc,reloc    ] GC(118) Small Pages: 378 / 756M, Empty: 0M, Relocated: 41M, In-Place: 0
[66.784s][info][gc,reloc    ] GC(118) Medium Pages: 1 / 32M, Empty: 0M, Relocated: 0M, In-Place: 0
[66.784s][info][gc,reloc    ] GC(118) Large Pages: 12 / 88M, Empty: 18M, Relocated: 0M, In-Place: 0
[66.784s][info][gc,reloc    ] GC(118) Forwarding Usage: 32M
[66.784s][info][gc,heap     ] GC(118) Min Capacity: 8M(0%)
[66.784s][info][gc,heap     ] GC(118) Max Capacity: 2048M(100%)
[66.784s][info][gc,heap     ] GC(118) Soft Max Capacity: 2048M(100%)
[66.784s][info][gc,heap     ] GC(118)                Mark Start          Mark End        Relocate Start      Relocate End           High               Low         
[66.784s][info][gc,heap     ] GC(118)  Capacity:     2048M (100%)       2048M (100%)       2048M (100%)       2048M (100%)       2048M (100%)       2048M (100%)   
[66.784s][info][gc,heap     ] GC(118)      Free:     1172M (57%)         842M (41%)         834M (41%)        1206M (59%)        1206M (59%)         810M (40%)    
[66.784s][info][gc,heap     ] GC(118)      Used:      876M (43%)        1206M (59%)        1214M (59%)         842M (41%)        1238M (60%)         842M (41%)    
[66.784s][info][gc,heap     ] GC(118)      Live:         -               390M (19%)         390M (19%)         390M (19%)            -                  -          
[66.784s][info][gc,heap     ] GC(118) Allocated:         -               330M (16%)         356M (17%)         383M (19%)            -                  -          
[66.784s][info][gc,heap     ] GC(118)   Garbage:         -               485M (24%)         467M (23%)          67M (3%)             -                  -          
[66.784s][info][gc,heap     ] GC(118) Reclaimed:         -                  -                18M (1%)          417M (20%)            -                  -          
[66.784s][info][gc          ] GC(118) Garbage Collection (Allocation Rate) 876M(43%)->842M(41%)
[66.876s][info][gc,start    ] GC(119) Garbage Collection (Allocation Rate)
[66.876s][info][gc,task     ] GC(119) Using 12 workers
[66.876s][info][gc,phases   ] GC(119) Pause Mark Start 0.018ms
[67.048s][info][gc,phases   ] GC(119) Concurrent Mark 171.334ms
[67.048s][info][gc,phases   ] GC(119) Pause Mark End 0.025ms
[67.048s][info][gc,phases   ] GC(119) Concurrent Mark Free 0.001ms
[67.050s][info][gc,phases   ] GC(119) Concurrent Process Non-Strong References 2.056ms
[67.050s][info][gc,phases   ] GC(119) Concurrent Reset Relocation Set 0.041ms
[67.082s][info][gc,phases   ] GC(119) Concurrent Select Relocation Set 31.692ms
[67.082s][info][gc,phases   ] GC(119) Pause Relocate Start 0.009ms
[67.109s][info][gc,phases   ] GC(119) Concurrent Relocate 26.411ms
[67.109s][info][gc,load     ] GC(119) Load: 0.00/0.00/0.00
[67.109s][info][gc,mmu      ] GC(119) MMU: 2ms/96.8%, 5ms/98.7%, 10ms/99.3%, 20ms/99.6%, 50ms/99.8%, 100ms/99.9%
[67.109s][info][gc,marking  ] GC(119) Mark: 8 stripe(s), 2 proactive flush(es), 1 terminate flush(es), 0 completion(s), 0 continuation(s) 
[67.109s][info][gc,marking  ] GC(119) Mark Stack Usage: 32M
[67.109s][info][gc,nmethod  ] GC(119) NMethods: 8264 registered, 2125 unregistered
[67.109s][info][gc,metaspace] GC(119) Metaspace: 64M used, 65M committed, 1088M reserved
[67.109s][info][gc,ref      ] GC(119) Soft: 3304 encountered, 0 discovered, 0 enqueued
[67.109s][info][gc,ref      ] GC(119) Weak: 6413 encountered, 2538 discovered, 0 enqueued
[67.109s][info][gc,ref      ] GC(119) Final: 84 encountered, 1 discovered, 0 enqueued
[67.109s][info][gc,ref      ] GC(119) Phantom: 616 encountered, 444 discovered, 0 enqueued
[67.109s][info][gc,reloc    ] GC(119) Small Pages: 453 / 906M, Empty: 0M, Relocated: 45M, In-Place: 0
[67.109s][info][gc,reloc    ] GC(119) Medium Pages: 1 / 32M, Empty: 0M, Relocated: 0M, In-Place: 0
[67.109s][info][gc,reloc    ] GC(119) Large Pages: 9 / 70M, Empty: 6M, Relocated: 0M, In-Place: 0
[67.109s][info][gc,reloc    ] GC(119) Forwarding Usage: 40M
[67.109s][info][gc,heap     ] GC(119) Min Capacity: 8M(0%)
[67.109s][info][gc,heap     ] GC(119) Max Capacity: 2048M(100%)
[67.109s][info][gc,heap     ] GC(119) Soft Max Capacity: 2048M(100%)
[67.109s][info][gc,heap     ] GC(119)                Mark Start          Mark End        Relocate Start      Relocate End           High               Low         
[67.109s][info][gc,heap     ] GC(119)  Capacity:     2048M (100%)       2048M (100%)       2048M (100%)       2048M (100%)       2048M (100%)       2048M (100%)   
[67.109s][info][gc,heap     ] GC(119)      Free:     1040M (51%)         776M (38%)         732M (36%)        1240M (61%)        1240M (61%)         708M (35%)    
[67.109s][info][gc,heap     ] GC(119)      Used:     1008M (49%)        1272M (62%)        1316M (64%)         808M (39%)        1340M (65%)         808M (39%)    
[67.109s][info][gc,heap     ] GC(119)      Live:         -               411M (20%)         411M (20%)         411M (20%)            -                  -          
[67.109s][info][gc,heap     ] GC(119) Allocated:         -               264M (13%)         314M (15%)         322M (16%)            -                  -          
[67.109s][info][gc,heap     ] GC(119)   Garbage:         -               596M (29%)         590M (29%)          73M (4%)             -                  -          
[67.109s][info][gc,heap     ] GC(119) Reclaimed:         -                  -                 6M (0%)          522M (26%)            -                  -          
[67.109s][info][gc          ] GC(119) Garbage Collection (Allocation Rate) 1008M(49%)->808M(39%)
[67.173s][info][gc,start    ] GC(120) Garbage Collection (Allocation Rate)
[67.173s][info][gc,task     ] GC(120) Using 12 workers
[67.173s][info][gc,phases   ] GC(120) Pause Mark Start 0.016ms
[67.320s][info][gc,phases   ] GC(120) Concurrent Mark 146.969ms
[67.320s][info][gc,phases   ] GC(120) Pause Mark End 0.019ms
[67.321s][info][gc,phases   ] GC(120) Concurrent Mark Free 0.001ms
[67.323s][info][gc,phases   ] GC(120) Concurrent Process Non-Strong References 1.987ms
[67.323s][info][gc,phases   ] GC(120) Concurrent Reset Relocation Set 0.036ms
[67.359s][info][gc,phases   ] GC(120) Concurrent Select Relocation Set 36.299ms
[67.359s][info][gc,phases   ] GC(120) Pause Relocate Start 0.012ms
[67.387s][info][gc,phases   ] GC(120) Concurrent Relocate 28.070ms
[67.387s][info][gc,load     ] GC(120) Load: 0.00/0.00/0.00
[67.387s][info][gc,mmu      ] GC(120) MMU: 2ms/96.8%, 5ms/98.7%, 10ms/99.3%, 20ms/99.6%, 50ms/99.8%, 100ms/99.9%
[67.387s][info][gc,marking  ] GC(120) Mark: 8 stripe(s), 2 proactive flush(es), 1 terminate flush(es), 0 completion(s), 0 continuation(s) 
[67.387s][info][gc,marking  ] GC(120) Mark Stack Usage: 32M
[67.387s][info][gc,nmethod  ] GC(120) NMethods: 8264 registered, 2125 unregistered
[67.387s][info][gc,metaspace] GC(120) Metaspace: 64M used, 65M committed, 1088M reserved
[67.387s][info][gc,ref      ] GC(120) Soft: 3304 encountered, 0 discovered, 0 enqueued
[67.387s][info][gc,ref      ] GC(120) Weak: 6413 encountered, 2127 discovered, 0 enqueued
[67.387s][info][gc,ref      ] GC(120) Final: 84 encountered, 20 discovered, 0 enqueued
[67.387s][info][gc,ref      ] GC(120) Phantom: 616 encountered, 566 discovered, 0 enqueued
[67.387s][info][gc,reloc    ] GC(120) Small Pages: 341 / 682M, Empty: 64M, Relocated: 47M, In-Place: 0
[67.387s][info][gc,reloc    ] GC(120) Medium Pages: 2 / 64M, Empty: 0M, Relocated: 13M, In-Place: 0
[67.387s][info][gc,reloc    ] GC(120) Large Pages: 8 / 64M, Empty: 24M, Relocated: 0M, In-Place: 0
[67.387s][info][gc,reloc    ] GC(120) Forwarding Usage: 42M
[67.387s][info][gc,heap     ] GC(120) Min Capacity: 8M(0%)
[67.388s][info][gc,heap     ] GC(120) Max Capacity: 2048M(100%)
[67.388s][info][gc,heap     ] GC(120) Soft Max Capacity: 2048M(100%)
[67.388s][info][gc,heap     ] GC(120)                Mark Start          Mark End        Relocate Start      Relocate End           High               Low         
[67.388s][info][gc,heap     ] GC(120)  Capacity:     2048M (100%)       2048M (100%)       2048M (100%)       2048M (100%)       2048M (100%)       2048M (100%)   
[67.388s][info][gc,heap     ] GC(120)      Free:     1238M (60%)        1204M (59%)        1292M (63%)        1640M (80%)        1640M (80%)        1204M (59%)    
[67.388s][info][gc,heap     ] GC(120)      Used:      810M (40%)         844M (41%)         756M (37%)         408M (20%)         844M (41%)         408M (20%)    
[67.388s][info][gc,heap     ] GC(120)      Live:         -               304M (15%)         304M (15%)         304M (15%)            -                  -          
[67.388s][info][gc,heap     ] GC(120) Allocated:         -                34M (2%)           34M (2%)           33M (2%)             -                  -          
[67.388s][info][gc,heap     ] GC(120)   Garbage:         -               505M (25%)         417M (20%)          69M (3%)             -                  -          
[67.388s][info][gc,heap     ] GC(120) Reclaimed:         -                  -                88M (4%)          435M (21%)            -                  -          
[67.388s][info][gc          ] GC(120) Garbage Collection (Allocation Rate) 810M(40%)->408M(20%)
[67.874s][info][gc,start    ] GC(121) Garbage Collection (Allocation Rate)
[67.874s][info][gc,task     ] GC(121) Using 12 workers
[67.874s][info][gc,phases   ] GC(121) Pause Mark Start 0.013ms
[67.952s][info][gc,phases   ] GC(121) Concurrent Mark 77.655ms
[67.952s][info][gc,phases   ] GC(121) Pause Mark End 0.020ms
[67.952s][info][gc,phases   ] GC(121) Concurrent Mark Free 0.001ms
[67.955s][info][gc,phases   ] GC(121) Concurrent Process Non-Strong References 3.335ms
[67.955s][info][gc,phases   ] GC(121) Concurrent Reset Relocation Set 0.035ms
[67.961s][info][gc,phases   ] GC(121) Concurrent Select Relocation Set 5.899ms
[67.962s][info][gc,phases   ] GC(121) Pause Relocate Start 0.009ms
[67.970s][info][gc,phases   ] GC(121) Concurrent Relocate 8.368ms
[67.970s][info][gc,load     ] GC(121) Load: 0.00/0.00/0.00
[67.970s][info][gc,mmu      ] GC(121) MMU: 2ms/96.8%, 5ms/98.7%, 10ms/99.3%, 20ms/99.6%, 50ms/99.8%, 100ms/99.9%
[67.970s][info][gc,marking  ] GC(121) Mark: 8 stripe(s), 3 proactive flush(es), 1 terminate flush(es), 0 completion(s), 0 continuation(s) 
[67.970s][info][gc,marking  ] GC(121) Mark Stack Usage: 32M
[67.970s][info][gc,nmethod  ] GC(121) NMethods: 7829 registered, 2590 unregistered
[67.970s][info][gc,metaspace] GC(121) Metaspace: 65M used, 65M committed, 1088M reserved
[67.970s][info][gc,ref      ] GC(121) Soft: 3300 encountered, 0 discovered, 0 enqueued
[67.970s][info][gc,ref      ] GC(121) Weak: 6596 encountered, 3033 discovered, 130 enqueued
[67.970s][info][gc,ref      ] GC(121) Final: 84 encountered, 4 discovered, 0 enqueued
[67.970s][info][gc,ref      ] GC(121) Phantom: 620 encountered, 352 discovered, 0 enqueued
[67.970s][info][gc,reloc    ] GC(121) Small Pages: 220 / 440M, Empty: 98M, Relocated: 13M, In-Place: 0
[67.970s][info][gc,reloc    ] GC(121) Medium Pages: 3 / 96M, Empty: 0M, Relocated: 21M, In-Place: 0
[67.970s][info][gc,reloc    ] GC(121) Large Pages: 5 / 46M, Empty: 46M, Relocated: 0M, In-Place: 0
[67.970s][info][gc,reloc    ] GC(121) Forwarding Usage: 11M
[67.970s][info][gc,heap     ] GC(121) Min Capacity: 8M(0%)
[67.970s][info][gc,heap     ] GC(121) Max Capacity: 2048M(100%)
[67.970s][info][gc,heap     ] GC(121) Soft Max Capacity: 2048M(100%)
[67.970s][info][gc,heap     ] GC(121)                Mark Start          Mark End        Relocate Start      Relocate End           High               Low         
[67.970s][info][gc,heap     ] GC(121)  Capacity:     2048M (100%)       2048M (100%)       2048M (100%)       2048M (100%)       2048M (100%)       2048M (100%)   
[67.970s][info][gc,heap     ] GC(121)      Free:     1466M (72%)        1388M (68%)        1526M (75%)        1724M (84%)        1724M (84%)        1382M (67%)    
[67.970s][info][gc,heap     ] GC(121)      Used:      582M (28%)         660M (32%)         522M (25%)         324M (16%)         666M (33%)         324M (16%)    
[67.970s][info][gc,heap     ] GC(121)      Live:         -               186M (9%)          186M (9%)          186M (9%)             -                  -          
[67.970s][info][gc,heap     ] GC(121) Allocated:         -                78M (4%)           84M (4%)           85M (4%)             -                  -          
[67.970s][info][gc,heap     ] GC(121)   Garbage:         -               395M (19%)         251M (12%)          52M (3%)             -                  -          
[67.970s][info][gc,heap     ] GC(121) Reclaimed:         -                  -               144M (7%)          343M (17%)            -                  -          
[67.970s][info][gc          ] GC(121) Garbage Collection (Allocation Rate) 582M(28%)->324M(16%)
[68.679s][info][gc,start    ] GC(122) Garbage Collection (Allocation Rate)
[68.679s][info][gc,task     ] GC(122) Using 12 workers
[68.679s][info][gc,phases   ] GC(122) Pause Mark Start 0.011ms
[68.773s][info][gc,phases   ] GC(122) Concurrent Mark 93.318ms
[68.773s][info][gc,phases   ] GC(122) Pause Mark End 0.019ms
[68.773s][info][gc,phases   ] GC(122) Concurrent Mark Free 0.001ms
[68.776s][info][gc,phases   ] GC(122) Concurrent Process Non-Strong References 2.707ms
[68.776s][info][gc,phases   ] GC(122) Concurrent Reset Relocation Set 0.013ms
[68.796s][info][gc,phases   ] GC(122) Concurrent Select Relocation Set 19.845ms
[68.796s][info][gc,phases   ] GC(122) Pause Relocate Start 0.009ms
[68.813s][info][gc,phases   ] GC(122) Concurrent Relocate 17.505ms
[68.813s][info][gc,load     ] GC(122) Load: 0.00/0.00/0.00
[68.813s][info][gc,mmu      ] GC(122) MMU: 2ms/96.8%, 5ms/98.7%, 10ms/99.3%, 20ms/99.6%, 50ms/99.8%, 100ms/99.9%
[68.813s][info][gc,marking  ] GC(122) Mark: 8 stripe(s), 2 proactive flush(es), 1 terminate flush(es), 0 completion(s), 0 continuation(s) 
[68.813s][info][gc,marking  ] GC(122) Mark Stack Usage: 32M
[68.813s][info][gc,nmethod  ] GC(122) NMethods: 7888 registered, 2596 unregistered
[68.813s][info][gc,metaspace] GC(122) Metaspace: 65M used, 65M committed, 1088M reserved
[68.813s][info][gc,ref      ] GC(122) Soft: 3304 encountered, 0 discovered, 0 enqueued
[68.813s][info][gc,ref      ] GC(122) Weak: 6741 encountered, 3086 discovered, 285 enqueued
[68.813s][info][gc,ref      ] GC(122) Final: 84 encountered, 1 discovered, 0 enqueued
[68.813s][info][gc,ref      ] GC(122) Phantom: 632 encountered, 608 discovered, 0 enqueued
[68.814s][info][gc,reloc    ] GC(122) Small Pages: 474 / 948M, Empty: 496M, Relocated: 29M, In-Place: 0
[68.814s][info][gc,reloc    ] GC(122) Medium Pages: 3 / 96M, Empty: 64M, Relocated: 0M, In-Place: 0
[68.814s][info][gc,reloc    ] GC(122) Large Pages: 14 / 84M, Empty: 60M, Relocated: 0M, In-Place: 0
[68.814s][info][gc,reloc    ] GC(122) Forwarding Usage: 27M
[68.814s][info][gc,heap     ] GC(122) Min Capacity: 8M(0%)
[68.814s][info][gc,heap     ] GC(122) Max Capacity: 2048M(100%)
[68.814s][info][gc,heap     ] GC(122) Soft Max Capacity: 2048M(100%)
[68.814s][info][gc,heap     ] GC(122)                Mark Start          Mark End        Relocate Start      Relocate End           High               Low         
[68.814s][info][gc,heap     ] GC(122)  Capacity:     2048M (100%)       2048M (100%)       2048M (100%)       2048M (100%)       2048M (100%)       2048M (100%)   
[68.814s][info][gc,heap     ] GC(122)      Free:      920M (45%)         868M (42%)        1468M (72%)        1688M (82%)        1688M (82%)         866M (42%)    
[68.814s][info][gc,heap     ] GC(122)      Used:     1128M (55%)        1180M (58%)         580M (28%)         360M (18%)        1182M (58%)         360M (18%)    
[68.814s][info][gc,heap     ] GC(122)      Live:         -               216M (11%)         216M (11%)         216M (11%)            -                  -          
[68.814s][info][gc,heap     ] GC(122) Allocated:         -                52M (3%)           72M (4%)           81M (4%)             -                  -          
[68.814s][info][gc,heap     ] GC(122)   Garbage:         -               911M (45%)         291M (14%)          61M (3%)             -                  -          
[68.814s][info][gc,heap     ] GC(122) Reclaimed:         -                  -               620M (30%)         849M (41%)            -                  -          
[68.814s][info][gc          ] GC(122) Garbage Collection (Allocation Rate) 1128M(55%)->360M(18%)
[69.282s][info][gc,start    ] GC(123) Garbage Collection (Allocation Rate)
[69.282s][info][gc,task     ] GC(123) Using 12 workers
[69.282s][info][gc,phases   ] GC(123) Pause Mark Start 0.012ms
[69.407s][info][gc,phases   ] GC(123) Concurrent Mark 124.547ms
[69.407s][info][gc,phases   ] GC(123) Pause Mark End 0.018ms
[69.407s][info][gc,phases   ] GC(123) Concurrent Mark Free 0.001ms
[69.410s][info][gc,phases   ] GC(123) Concurrent Process Non-Strong References 2.398ms
[69.410s][info][gc,phases   ] GC(123) Concurrent Reset Relocation Set 0.025ms
[69.449s][info][gc,phases   ] GC(123) Concurrent Select Relocation Set 39.528ms
[69.449s][info][gc,phases   ] GC(123) Pause Relocate Start 0.009ms
[69.489s][info][gc,phases   ] GC(123) Concurrent Relocate 40.007ms
[69.490s][info][gc,load     ] GC(123) Load: 0.00/0.00/0.00
[69.490s][info][gc,mmu      ] GC(123) MMU: 2ms/96.8%, 5ms/98.7%, 10ms/99.3%, 20ms/99.6%, 50ms/99.8%, 100ms/99.9%
[69.490s][info][gc,marking  ] GC(123) Mark: 8 stripe(s), 3 proactive flush(es), 1 terminate flush(es), 0 completion(s), 0 continuation(s) 
[69.490s][info][gc,marking  ] GC(123) Mark Stack Usage: 32M
[69.490s][info][gc,nmethod  ] GC(123) NMethods: 7857 registered, 2680 unregistered
[69.490s][info][gc,metaspace] GC(123) Metaspace: 65M used, 65M committed, 1088M reserved
[69.490s][info][gc,ref      ] GC(123) Soft: 3300 encountered, 0 discovered, 0 enqueued
[69.490s][info][gc,ref      ] GC(123) Weak: 6512 encountered, 1599 discovered, 93 enqueued
[69.490s][info][gc,ref      ] GC(123) Final: 84 encountered, 4 discovered, 0 enqueued
[69.490s][info][gc,ref      ] GC(123) Phantom: 616 encountered, 571 discovered, 0 enqueued
[69.490s][info][gc,reloc    ] GC(123) Small Pages: 547 / 1094M, Empty: 142M, Relocated: 80M, In-Place: 0
[69.490s][info][gc,reloc    ] GC(123) Medium Pages: 2 / 64M, Empty: 0M, Relocated: 15M, In-Place: 0
[69.490s][info][gc,reloc    ] GC(123) Large Pages: 8 / 48M, Empty: 30M, Relocated: 0M, In-Place: 0
[69.490s][info][gc,reloc    ] GC(123) Forwarding Usage: 75M
[69.490s][info][gc,heap     ] GC(123) Min Capacity: 8M(0%)
[69.490s][info][gc,heap     ] GC(123) Max Capacity: 2048M(100%)
[69.490s][info][gc,heap     ] GC(123) Soft Max Capacity: 2048M(100%)
[69.490s][info][gc,heap     ] GC(123)                Mark Start          Mark End        Relocate Start      Relocate End           High               Low         
[69.490s][info][gc,heap     ] GC(123)  Capacity:     2048M (100%)       2048M (100%)       2048M (100%)       2048M (100%)       2048M (100%)       2048M (100%)   
[69.490s][info][gc,heap     ] GC(123)      Free:      842M (41%)         798M (39%)         954M (47%)        1662M (81%)        1662M (81%)         798M (39%)    
[69.490s][info][gc,heap     ] GC(123)      Used:     1206M (59%)        1250M (61%)        1094M (53%)         386M (19%)        1250M (61%)         386M (19%)    
[69.490s][info][gc,heap     ] GC(123)      Live:         -               263M (13%)         263M (13%)         263M (13%)            -                  -          
[69.490s][info][gc,heap     ] GC(123) Allocated:         -                44M (2%)           60M (3%)           63M (3%)             -                  -          
[69.490s][info][gc,heap     ] GC(123)   Garbage:         -               942M (46%)         770M (38%)          58M (3%)             -                  -          
[69.490s][info][gc,heap     ] GC(123) Reclaimed:         -                  -               172M (8%)          883M (43%)            -                  -          
[69.490s][info][gc          ] GC(123) Garbage Collection (Allocation Rate) 1206M(59%)->386M(19%)
[69.782s][info][gc,start    ] GC(124) Garbage Collection (Allocation Rate)
[69.788s][info][gc,task     ] GC(124) Using 8 workers
[69.788s][info][gc,phases   ] GC(124) Pause Mark Start 0.017ms
[69.907s][info][gc,phases   ] GC(124) Concurrent Mark 118.827ms
[69.907s][info][gc,phases   ] GC(124) Pause Mark End 0.021ms
[69.907s][info][gc,phases   ] GC(124) Concurrent Mark Free 0.001ms
[69.911s][info][gc,phases   ] GC(124) Concurrent Process Non-Strong References 3.035ms
[69.911s][info][gc,phases   ] GC(124) Concurrent Reset Relocation Set 0.130ms
[69.923s][info][gc,phases   ] GC(124) Concurrent Select Relocation Set 11.866ms
[69.923s][info][gc,phases   ] GC(124) Pause Relocate Start 0.012ms
[69.948s][info][gc,phases   ] GC(124) Concurrent Relocate 24.998ms
[69.948s][info][gc,load     ] GC(124) Load: 0.00/0.00/0.00
[69.948s][info][gc,mmu      ] GC(124) MMU: 2ms/96.8%, 5ms/98.7%, 10ms/99.3%, 20ms/99.6%, 50ms/99.8%, 100ms/99.9%
[69.948s][info][gc,marking  ] GC(124) Mark: 8 stripe(s), 2 proactive flush(es), 1 terminate flush(es), 0 completion(s), 0 continuation(s) 
[69.948s][info][gc,marking  ] GC(124) Mark Stack Usage: 32M
[69.948s][info][gc,nmethod  ] GC(124) NMethods: 7907 registered, 2683 unregistered
[69.948s][info][gc,metaspace] GC(124) Metaspace: 65M used, 65M committed, 1088M reserved
[69.948s][info][gc,ref      ] GC(124) Soft: 3297 encountered, 0 discovered, 0 enqueued
[69.948s][info][gc,ref      ] GC(124) Weak: 6431 encountered, 2165 discovered, 10 enqueued
[69.948s][info][gc,ref      ] GC(124) Final: 84 encountered, 75 discovered, 0 enqueued
[69.948s][info][gc,ref      ] GC(124) Phantom: 616 encountered, 449 discovered, 0 enqueued
[69.948s][info][gc,reloc    ] GC(124) Small Pages: 240 / 480M, Empty: 28M, Relocated: 36M, In-Place: 0
[69.948s][info][gc,reloc    ] GC(124) Medium Pages: 6 / 192M, Empty: 64M, Relocated: 21M, In-Place: 0
[69.948s][info][gc,reloc    ] GC(124) Large Pages: 19 / 122M, Empty: 82M, Relocated: 0M, In-Place: 0
[69.948s][info][gc,reloc    ] GC(124) Forwarding Usage: 34M
[69.948s][info][gc,heap     ] GC(124) Min Capacity: 8M(0%)
[69.948s][info][gc,heap     ] GC(124) Max Capacity: 2048M(100%)
[69.948s][info][gc,heap     ] GC(124) Soft Max Capacity: 2048M(100%)
[69.949s][info][gc,heap     ] GC(124)                Mark Start          Mark End        Relocate Start      Relocate End           High               Low         
[69.949s][info][gc,heap     ] GC(124)  Capacity:     2048M (100%)       2048M (100%)       2048M (100%)       2048M (100%)       2048M (100%)       2048M (100%)   
[69.949s][info][gc,heap     ] GC(124)      Free:     1254M (61%)        1086M (53%)        1260M (62%)        1548M (76%)        1548M (76%)        1086M (53%)    
[69.949s][info][gc,heap     ] GC(124)      Used:      794M (39%)         962M (47%)         788M (38%)         500M (24%)         962M (47%)         500M (24%)    
[69.949s][info][gc,heap     ] GC(124)      Live:         -               258M (13%)         258M (13%)         258M (13%)            -                  -          
[69.949s][info][gc,heap     ] GC(124) Allocated:         -               168M (8%)          168M (8%)          167M (8%)             -                  -          
[69.949s][info][gc,heap     ] GC(124)   Garbage:         -               535M (26%)         361M (18%)          73M (4%)             -                  -          
[69.949s][info][gc,heap     ] GC(124) Reclaimed:         -                  -               174M (8%)          461M (23%)            -                  -          
[69.949s][info][gc          ] GC(124) Garbage Collection (Allocation Rate) 794M(39%)->500M(24%)
[70.175s][info][gc,stats    ] === Garbage Collection Statistics =======================================================================================================================
[70.176s][info][gc,stats    ]                                                              Last 10s              Last 10m              Last 10h                Total
[70.176s][info][gc,stats    ]                                                              Avg / Max             Avg / Max             Avg / Max             Avg / Max
[70.176s][info][gc,stats    ]   Collector: Garbage Collection Cycle                    193.743 / 363.203     205.158 / 1113.016    205.158 / 1113.016    205.158 / 1113.016    ms
[70.176s][info][gc,stats    ]  Contention: Mark Segment Reset Contention                    17 / 35               16 / 154              16 / 154              16 / 154         ops/s
[70.176s][info][gc,stats    ]  Contention: Mark SeqNum Reset Contention                      1 / 4                 0 / 5                 0 / 5                 0 / 5           ops/s
[70.176s][info][gc,stats    ]    Critical: Allocation Stall                                  0 / 0                 0 / 5                 0 / 5                 0 / 5           ops/s
[70.176s][info][gc,stats    ]    Critical: Allocation Stall                              0.000 / 0.000        46.147 / 67.576       46.147 / 67.576       46.147 / 67.576      ms
[70.176s][info][gc,stats    ]    Critical: GC Locker Stall                                   0 / 0                 0 / 1                 0 / 1                 0 / 1           ops/s
[70.176s][info][gc,stats    ]    Critical: GC Locker Stall                               0.000 / 0.000         0.001 / 0.001         0.001 / 0.001         0.001 / 0.001       ms
[70.176s][info][gc,stats    ]    Critical: Relocation Stall                                  0 / 0                 0 / 3                 0 / 3                 0 / 3           ops/s
[70.176s][info][gc,stats    ]    Critical: Relocation Stall                              0.000 / 0.000         6.236 / 10.360        6.236 / 10.360        6.236 / 10.360      ms
[70.176s][info][gc,stats    ]      Memory: Allocation Rate                                1184 / 1800            983 / 2860            983 / 2860            983 / 2860        MB/s
[70.176s][info][gc,stats    ]      Memory: Defragment                                        0 / 0                 2 / 131               2 / 131               2 / 131         ops/s
[70.176s][info][gc,stats    ]      Memory: Out Of Memory                                     0 / 0                 0 / 0                 0 / 0                 0 / 0           ops/s
[70.176s][info][gc,stats    ]      Memory: Page Cache Flush                                  0 / 0                19 / 356              19 / 356              19 / 356         MB/s
[70.176s][info][gc,stats    ]      Memory: Page Cache Hit L1                               579 / 899             475 / 1290            475 / 1290            475 / 1290        ops/s
[70.176s][info][gc,stats    ]      Memory: Page Cache Hit L2                                 0 / 0                 0 / 0                 0 / 0                 0 / 0           ops/s
[70.176s][info][gc,stats    ]      Memory: Page Cache Hit L3                                 0 / 0                16 / 362              16 / 362              16 / 362         ops/s
[70.176s][info][gc,stats    ]      Memory: Page Cache Miss                                   0 / 0                 1 / 32                1 / 32                1 / 32          ops/s
[70.176s][info][gc,stats    ]      Memory: Uncommit                                          0 / 0                 0 / 0                 0 / 0                 0 / 0           MB/s
[70.176s][info][gc,stats    ]      Memory: Undo Object Allocation Failed                     1 / 5                 2 / 38                2 / 38                2 / 38          ops/s
[70.176s][info][gc,stats    ]      Memory: Undo Object Allocation Succeeded                  1 / 4                18 / 1098             18 / 1098             18 / 1098        ops/s
[70.176s][info][gc,stats    ]      Memory: Undo Page Allocation                             22 / 64               20 / 123              20 / 123              20 / 123         ops/s
[70.176s][info][gc,stats    ]       Phase: Concurrent Mark                             146.951 / 242.732     157.850 / 1077.882    157.850 / 1077.882    157.850 / 1077.882    ms
[70.176s][info][gc,stats    ]       Phase: Concurrent Mark Continue                      0.000 / 0.000         0.000 / 0.000         0.000 / 0.000         0.000 / 0.000       ms
[70.176s][info][gc,stats    ]       Phase: Concurrent Mark Free                          0.001 / 0.001         0.001 / 0.002         0.001 / 0.002         0.001 / 0.002       ms
[70.176s][info][gc,stats    ]       Phase: Concurrent Process Non-Strong References      2.919 / 4.877         3.275 / 16.614        3.275 / 16.614        3.275 / 16.614      ms
[70.176s][info][gc,stats    ]       Phase: Concurrent Relocate                          25.138 / 76.771       24.038 / 107.720      24.038 / 107.720      24.038 / 107.720     ms
[70.177s][info][gc,stats    ]       Phase: Concurrent Reset Relocation Set               0.040 / 0.130         0.036 / 0.157         0.036 / 0.157         0.036 / 0.157       ms
[70.177s][info][gc,stats    ]       Phase: Concurrent Select Relocation Set             17.396 / 39.528       17.005 / 57.787       17.005 / 57.787       17.005 / 57.787      ms
[70.177s][info][gc,stats    ]       Phase: Pause Mark End                                0.025 / 0.039         0.025 / 0.063         0.025 / 0.063         0.025 / 0.063       ms
[70.177s][info][gc,stats    ]       Phase: Pause Mark Start                              0.015 / 0.018         0.014 / 0.059         0.014 / 0.059         0.014 / 0.059       ms
[70.177s][info][gc,stats    ]       Phase: Pause Relocate Start                          0.010 / 0.013         0.009 / 0.014         0.009 / 0.014         0.009 / 0.014       ms
[70.177s][info][gc,stats    ]    Subphase: Concurrent Classes Purge                      0.242 / 1.732         0.128 / 1.732         0.128 / 1.732         0.128 / 1.732       ms
[70.177s][info][gc,stats    ]    Subphase: Concurrent Classes Unlink                     2.072 / 4.082         2.412 / 13.817        2.412 / 13.817        2.412 / 13.817      ms
[70.177s][info][gc,stats    ]    Subphase: Concurrent Mark                             133.167 / 231.803     145.735 / 1074.330    145.735 / 1074.330    145.735 / 1074.330    ms
[70.177s][info][gc,stats    ]    Subphase: Concurrent Mark Try Flush                     0.150 / 0.331         0.119 / 0.404         0.119 / 0.404         0.119 / 0.404       ms
[70.177s][info][gc,stats    ]    Subphase: Concurrent Mark Try Terminate                 5.954 / 16.245       10.879 / 16.666       10.879 / 16.666       10.879 / 16.666      ms
[70.177s][info][gc,stats    ]    Subphase: Concurrent References Enqueue                 0.002 / 0.005         0.002 / 0.005         0.002 / 0.005         0.002 / 0.005       ms
[70.177s][info][gc,stats    ]    Subphase: Concurrent References Process                 0.124 / 0.186         0.127 / 0.333         0.127 / 0.333         0.127 / 0.333       ms
[70.177s][info][gc,stats    ]    Subphase: Concurrent Roots ClassLoaderDataGraph         0.101 / 0.690         0.093 / 0.915         0.093 / 0.915         0.093 / 0.915       ms
[70.177s][info][gc,stats    ]    Subphase: Concurrent Roots CodeCache                    0.000 / 0.000         0.000 / 0.000         0.000 / 0.000         0.000 / 0.000       ms
[70.177s][info][gc,stats    ]    Subphase: Concurrent Roots JavaThreads                  7.878 / 10.695        6.961 / 13.140        6.961 / 13.140        6.961 / 13.140      ms
[70.177s][info][gc,stats    ]    Subphase: Concurrent Roots OopStorageSet                0.032 / 0.064         0.029 / 0.277         0.029 / 0.277         0.029 / 0.277       ms
[70.177s][info][gc,stats    ]    Subphase: Concurrent Weak Roots OopStorageSet           0.209 / 0.465         0.236 / 1.572         0.236 / 1.572         0.236 / 1.572       ms
[70.177s][info][gc,stats    ]    Subphase: Pause Mark Try Complete                       0.000 / 0.000         0.002 / 0.006         0.002 / 0.006         0.002 / 0.006       ms
[70.177s][info][gc,stats    ]      System: Java Threads                                    278 / 280             195 / 280             195 / 280             195 / 280         threads
[70.177s][info][gc,stats    ] =========================================================================================================================================================
[70.484s][info][gc,start    ] GC(125) Garbage Collection (Allocation Rate)
[70.484s][info][gc,task     ] GC(125) Using 8 workers
[70.484s][info][gc,phases   ] GC(125) Pause Mark Start 0.017ms
[70.593s][info][gc,phases   ] GC(125) Concurrent Mark 108.904ms
[70.594s][info][gc,phases   ] GC(125) Pause Mark End 0.024ms
[70.594s][info][gc,phases   ] GC(125) Concurrent Mark Free 0.001ms
[70.603s][info][gc,phases   ] GC(125) Concurrent Process Non-Strong References 9.532ms
[70.603s][info][gc,phases   ] GC(125) Concurrent Reset Relocation Set 0.024ms
[70.608s][info][gc,phases   ] GC(125) Concurrent Select Relocation Set 4.334ms
[70.608s][info][gc,phases   ] GC(125) Pause Relocate Start 0.010ms
[70.633s][info][gc,phases   ] GC(125) Concurrent Relocate 25.045ms
[70.633s][info][gc,load     ] GC(125) Load: 0.00/0.00/0.00
[70.633s][info][gc,mmu      ] GC(125) MMU: 2ms/96.8%, 5ms/98.7%, 10ms/99.3%, 20ms/99.6%, 50ms/99.8%, 100ms/99.9%
[70.633s][info][gc,marking  ] GC(125) Mark: 8 stripe(s), 2 proactive flush(es), 1 terminate flush(es), 0 completion(s), 0 continuation(s) 
[70.633s][info][gc,marking  ] GC(125) Mark Stack Usage: 32M
[70.633s][info][gc,nmethod  ] GC(125) NMethods: 6311 registered, 4317 unregistered
[70.633s][info][gc,metaspace] GC(125) Metaspace: 65M used, 66M committed, 1088M reserved
[70.633s][info][gc,ref      ] GC(125) Soft: 3296 encountered, 0 discovered, 0 enqueued
[70.633s][info][gc,ref      ] GC(125) Weak: 6413 encountered, 2719 discovered, 104 enqueued
[70.633s][info][gc,ref      ] GC(125) Final: 84 encountered, 1 discovered, 0 enqueued
[70.633s][info][gc,ref      ] GC(125) Phantom: 616 encountered, 589 discovered, 0 enqueued
[70.633s][info][gc,reloc    ] GC(125) Small Pages: 432 / 864M, Empty: 398M, Relocated: 33M, In-Place: 0
[70.633s][info][gc,reloc    ] GC(125) Medium Pages: 4 / 128M, Empty: 96M, Relocated: 0M, In-Place: 0
[70.633s][info][gc,reloc    ] GC(125) Large Pages: 22 / 144M, Empty: 126M, Relocated: 0M, In-Place: 0
[70.633s][info][gc,reloc    ] GC(125) Forwarding Usage: 30M
[70.633s][info][gc,heap     ] GC(125) Min Capacity: 8M(0%)
[70.633s][info][gc,heap     ] GC(125) Max Capacity: 2048M(100%)
[70.633s][info][gc,heap     ] GC(125) Soft Max Capacity: 2048M(100%)
[70.633s][info][gc,heap     ] GC(125)                Mark Start          Mark End        Relocate Start      Relocate End           High               Low         
[70.634s][info][gc,heap     ] GC(125)  Capacity:     2048M (100%)       2048M (100%)       2048M (100%)       2048M (100%)       2048M (100%)       2048M (100%)   
[70.634s][info][gc,heap     ] GC(125)      Free:      912M (45%)         752M (37%)        1360M (66%)        1536M (75%)        1536M (75%)         746M (36%)    
[70.634s][info][gc,heap     ] GC(125)      Used:     1136M (55%)        1296M (63%)         688M (34%)         512M (25%)        1302M (64%)         512M (25%)    
[70.634s][info][gc,heap     ] GC(125)      Live:         -               249M (12%)         249M (12%)         249M (12%)            -                  -          
[70.634s][info][gc,heap     ] GC(125) Allocated:         -               160M (8%)          172M (8%)          201M (10%)            -                  -          
[70.634s][info][gc,heap     ] GC(125)   Garbage:         -               886M (43%)         266M (13%)          60M (3%)             -                  -          
[70.634s][info][gc,heap     ] GC(125) Reclaimed:         -                  -               620M (30%)         825M (40%)            -                  -          
[70.634s][info][gc          ] GC(125) Garbage Collection (Allocation Rate) 1136M(55%)->512M(25%)
[70.664s][info][gc,start    ] GC(126) Garbage Collection (System.gc())
[70.664s][info][gc,task     ] GC(126) Using 12 workers
[70.665s][info][gc,phases   ] GC(126) Pause Mark Start 0.017ms
[70.734s][info][gc,phases   ] GC(126) Concurrent Mark 69.320ms
[70.734s][info][gc,phases   ] GC(126) Pause Mark End 0.023ms
[70.734s][info][gc,phases   ] GC(126) Concurrent Mark Free 0.001ms
[70.736s][info][gc,phases   ] GC(126) Concurrent Process Non-Strong References 1.751ms
[70.736s][info][gc,phases   ] GC(126) Concurrent Reset Relocation Set 0.030ms
[70.746s][info][gc,phases   ] GC(126) Concurrent Select Relocation Set 10.306ms
[70.747s][info][gc,phases   ] GC(126) Pause Relocate Start 0.008ms
[70.749s][info][gc,phases   ] GC(126) Concurrent Relocate 2.807ms
[70.749s][info][gc,load     ] GC(126) Load: 0.00/0.00/0.00
[70.750s][info][gc,mmu      ] GC(126) MMU: 2ms/96.8%, 5ms/98.7%, 10ms/99.3%, 20ms/99.6%, 50ms/99.8%, 100ms/99.9%
[70.750s][info][gc,marking  ] GC(126) Mark: 8 stripe(s), 2 proactive flush(es), 1 terminate flush(es), 0 completion(s), 0 continuation(s) 
[70.750s][info][gc,marking  ] GC(126) Mark Stack Usage: 32M
[70.750s][info][gc,nmethod  ] GC(126) NMethods: 6318 registered, 4317 unregistered
[70.750s][info][gc,metaspace] GC(126) Metaspace: 65M used, 66M committed, 1088M reserved
[70.750s][info][gc,ref      ] GC(126) Soft: 3296 encountered, 0 discovered, 0 enqueued
[70.750s][info][gc,ref      ] GC(126) Weak: 6315 encountered, 2071 discovered, 4 enqueued
[70.750s][info][gc,ref      ] GC(126) Final: 84 encountered, 46 discovered, 0 enqueued
[70.750s][info][gc,ref      ] GC(126) Phantom: 616 encountered, 445 discovered, 0 enqueued
[70.750s][info][gc,reloc    ] GC(126) Small Pages: 253 / 506M, Empty: 262M, Relocated: 6M, In-Place: 0
[70.750s][info][gc,reloc    ] GC(126) Medium Pages: 1 / 32M, Empty: 0M, Relocated: 0M, In-Place: 0
[70.750s][info][gc,reloc    ] GC(126) Large Pages: 4 / 24M, Empty: 24M, Relocated: 0M, In-Place: 0
[70.750s][info][gc,reloc    ] GC(126) Forwarding Usage: 3M
[70.750s][info][gc,heap     ] GC(126) Min Capacity: 8M(0%)
[70.750s][info][gc,heap     ] GC(126) Max Capacity: 2048M(100%)
[70.750s][info][gc,heap     ] GC(126) Soft Max Capacity: 2048M(100%)
[70.750s][info][gc,heap     ] GC(126)                Mark Start          Mark End        Relocate Start      Relocate End           High               Low         
[70.750s][info][gc,heap     ] GC(126)  Capacity:     2048M (100%)       2048M (100%)       2048M (100%)       2048M (100%)       2048M (100%)       2048M (100%)   
[70.750s][info][gc,heap     ] GC(126)      Free:     1486M (73%)        1484M (72%)        1768M (86%)        1810M (88%)        1810M (88%)        1484M (72%)    
[70.750s][info][gc,heap     ] GC(126)      Used:      562M (27%)         564M (28%)         280M (14%)         238M (12%)         564M (28%)         238M (12%)    
[70.750s][info][gc,heap     ] GC(126)      Live:         -               166M (8%)          166M (8%)          166M (8%)             -                  -          
[70.750s][info][gc,heap     ] GC(126) Allocated:         -                 2M (0%)            4M (0%)            3M (0%)             -                  -          
[70.750s][info][gc,heap     ] GC(126)   Garbage:         -               395M (19%)         109M (5%)           67M (3%)             -                  -          
[70.750s][info][gc,heap     ] GC(126) Reclaimed:         -                  -               286M (14%)         327M (16%)            -                  -          
[70.750s][info][gc          ] GC(126) Garbage Collection (System.gc()) 562M(27%)->238M(12%)
[71.273s][info][gc,start    ] GC(127) Garbage Collection (Allocation Rate)
[71.273s][info][gc,task     ] GC(127) Using 12 workers
[71.273s][info][gc,phases   ] GC(127) Pause Mark Start 0.013ms
[71.413s][info][gc,phases   ] GC(127) Concurrent Mark 140.118ms
[71.413s][info][gc,phases   ] GC(127) Pause Mark End 0.041ms
[71.413s][info][gc,phases   ] GC(127) Concurrent Mark Free 0.001ms
[71.415s][info][gc,phases   ] GC(127) Concurrent Process Non-Strong References 1.899ms
[71.415s][info][gc,phases   ] GC(127) Concurrent Reset Relocation Set 0.005ms
[71.447s][info][gc,phases   ] GC(127) Concurrent Select Relocation Set 31.752ms
[71.447s][info][gc,phases   ] GC(127) Pause Relocate Start 0.009ms
[71.498s][info][gc,phases   ] GC(127) Concurrent Relocate 50.708ms
[71.498s][info][gc,load     ] GC(127) Load: 0.00/0.00/0.00
[71.498s][info][gc,mmu      ] GC(127) MMU: 2ms/96.8%, 5ms/98.7%, 10ms/99.3%, 20ms/99.6%, 50ms/99.8%, 100ms/99.9%
[71.498s][info][gc,marking  ] GC(127) Mark: 8 stripe(s), 2 proactive flush(es), 1 terminate flush(es), 0 completion(s), 0 continuation(s) 
[71.498s][info][gc,marking  ] GC(127) Mark Stack Usage: 32M
[71.498s][info][gc,nmethod  ] GC(127) NMethods: 6333 registered, 4322 unregistered
[71.498s][info][gc,metaspace] GC(127) Metaspace: 65M used, 66M committed, 1088M reserved
[71.498s][info][gc,ref      ] GC(127) Soft: 3300 encountered, 0 discovered, 0 enqueued
[71.498s][info][gc,ref      ] GC(127) Weak: 6409 encountered, 1324 discovered, 28 enqueued
[71.498s][info][gc,ref      ] GC(127) Final: 84 encountered, 5 discovered, 0 enqueued
[71.498s][info][gc,ref      ] GC(127) Phantom: 616 encountered, 283 discovered, 0 enqueued
[71.499s][info][gc,reloc    ] GC(127) Small Pages: 608 / 1216M, Empty: 0M, Relocated: 152M, In-Place: 0
[71.499s][info][gc,reloc    ] GC(127) Medium Pages: 2 / 64M, Empty: 32M, Relocated: 0M, In-Place: 0
[71.499s][info][gc,reloc    ] GC(127) Large Pages: 9 / 54M, Empty: 6M, Relocated: 0M, In-Place: 0
[71.499s][info][gc,reloc    ] GC(127) Forwarding Usage: 101M
[71.499s][info][gc,heap     ] GC(127) Min Capacity: 8M(0%)
[71.499s][info][gc,heap     ] GC(127) Max Capacity: 2048M(100%)
[71.499s][info][gc,heap     ] GC(127) Soft Max Capacity: 2048M(100%)
[71.499s][info][gc,heap     ] GC(127)                Mark Start          Mark End        Relocate Start      Relocate End           High               Low         
[71.499s][info][gc,heap     ] GC(127)  Capacity:     2048M (100%)       2048M (100%)       2048M (100%)       2048M (100%)       2048M (100%)       2048M (100%)   
[71.499s][info][gc,heap     ] GC(127)      Free:      714M (35%)         560M (27%)         530M (26%)        1344M (66%)        1344M (66%)         508M (25%)    
[71.499s][info][gc,heap     ] GC(127)      Used:     1334M (65%)        1488M (73%)        1518M (74%)         704M (34%)        1540M (75%)         704M (34%)    
[71.499s][info][gc,heap     ] GC(127)      Live:         -               362M (18%)         362M (18%)         362M (18%)            -                  -          
[71.499s][info][gc,heap     ] GC(127) Allocated:         -               154M (8%)          222M (11%)         276M (13%)            -                  -          
[71.499s][info][gc,heap     ] GC(127)   Garbage:         -               971M (47%)         933M (46%)          64M (3%)             -                  -          
[71.499s][info][gc,heap     ] GC(127) Reclaimed:         -                  -                38M (2%)          906M (44%)            -                  -          
[71.499s][info][gc          ] GC(127) Garbage Collection (Allocation Rate) 1334M(65%)->704M(34%)
[71.569s][info][gc,start    ] GC(128) Garbage Collection (Allocation Rate)
[71.570s][info][gc,task     ] GC(128) Using 12 workers
[71.570s][info][gc,phases   ] GC(128) Pause Mark Start 0.016ms
[71.772s][info][gc,phases   ] GC(128) Concurrent Mark 202.622ms
[71.773s][info][gc,phases   ] GC(128) Pause Mark End 0.022ms
[71.773s][info][gc,phases   ] GC(128) Concurrent Mark Free 0.001ms
[71.775s][info][gc,phases   ] GC(128) Concurrent Process Non-Strong References 1.936ms
[71.775s][info][gc,phases   ] GC(128) Concurrent Reset Relocation Set 0.081ms
[71.792s][info][gc,phases   ] GC(128) Concurrent Select Relocation Set 16.788ms
[71.792s][info][gc,phases   ] GC(128) Pause Relocate Start 0.012ms
[71.810s][info][gc,phases   ] GC(128) Concurrent Relocate 17.905ms
[71.810s][info][gc,load     ] GC(128) Load: 0.00/0.00/0.00
[71.810s][info][gc,mmu      ] GC(128) MMU: 2ms/96.8%, 5ms/98.7%, 10ms/99.3%, 20ms/99.6%, 50ms/99.8%, 100ms/99.9%
[71.810s][info][gc,marking  ] GC(128) Mark: 8 stripe(s), 2 proactive flush(es), 1 terminate flush(es), 0 completion(s), 0 continuation(s) 
[71.810s][info][gc,marking  ] GC(128) Mark Stack Usage: 32M
[71.810s][info][gc,nmethod  ] GC(128) NMethods: 6333 registered, 4322 unregistered
[71.810s][info][gc,metaspace] GC(128) Metaspace: 65M used, 66M committed, 1088M reserved
[71.810s][info][gc,ref      ] GC(128) Soft: 3300 encountered, 0 discovered, 0 enqueued
[71.810s][info][gc,ref      ] GC(128) Weak: 6382 encountered, 2520 discovered, 1 enqueued
[71.810s][info][gc,ref      ] GC(128) Final: 84 encountered, 2 discovered, 0 enqueued
[71.810s][info][gc,ref      ] GC(128) Phantom: 616 encountered, 500 discovered, 0 enqueued
[71.810s][info][gc,reloc    ] GC(128) Small Pages: 348 / 696M, Empty: 0M, Relocated: 33M, In-Place: 0
[71.810s][info][gc,reloc    ] GC(128) Medium Pages: 1 / 32M, Empty: 0M, Relocated: 0M, In-Place: 0
[71.810s][info][gc,reloc    ] GC(128) Large Pages: 12 / 88M, Empty: 24M, Relocated: 0M, In-Place: 0
[71.810s][info][gc,reloc    ] GC(128) Forwarding Usage: 27M
[71.810s][info][gc,heap     ] GC(128) Min Capacity: 8M(0%)
[71.810s][info][gc,heap     ] GC(128) Max Capacity: 2048M(100%)
[71.810s][info][gc,heap     ] GC(128) Soft Max Capacity: 2048M(100%)
[71.810s][info][gc,heap     ] GC(128)                Mark Start          Mark End        Relocate Start      Relocate End           High               Low         
[71.810s][info][gc,heap     ] GC(128)  Capacity:     2048M (100%)       2048M (100%)       2048M (100%)       2048M (100%)       2048M (100%)       2048M (100%)   
[71.810s][info][gc,heap     ] GC(128)      Free:     1232M (60%)         926M (45%)         916M (45%)        1228M (60%)        1232M (60%)         892M (44%)    
[71.810s][info][gc,heap     ] GC(128)      Used:      816M (40%)        1122M (55%)        1132M (55%)         820M (40%)        1156M (56%)         816M (40%)    
[71.810s][info][gc,heap     ] GC(128)      Live:         -               397M (19%)         397M (19%)         397M (19%)            -                  -          
[71.810s][info][gc,heap     ] GC(128) Allocated:         -               306M (15%)         340M (17%)         359M (18%)            -                  -          
[71.810s][info][gc,heap     ] GC(128)   Garbage:         -               418M (20%)         394M (19%)          63M (3%)             -                  -          
[71.810s][info][gc,heap     ] GC(128) Reclaimed:         -                  -                24M (1%)          355M (17%)            -                  -          
[71.810s][info][gc          ] GC(128) Garbage Collection (Allocation Rate) 816M(40%)->820M(40%)
[71.882s][info][gc,start    ] GC(129) Garbage Collection (Allocation Rate)
[71.882s][info][gc,task     ] GC(129) Using 12 workers
[71.882s][info][gc,phases   ] GC(129) Pause Mark Start 0.010ms
[72.069s][info][gc,phases   ] GC(129) Concurrent Mark 187.014ms
[72.069s][info][gc,phases   ] GC(129) Pause Mark End 0.034ms
[72.070s][info][gc,phases   ] GC(129) Concurrent Mark Free 0.001ms
[72.072s][info][gc,phases   ] GC(129) Concurrent Process Non-Strong References 2.101ms
[72.072s][info][gc,phases   ] GC(129) Concurrent Reset Relocation Set 0.034ms
[72.102s][info][gc,phases   ] GC(129) Concurrent Select Relocation Set 30.753ms
[72.103s][info][gc,phases   ] GC(129) Pause Relocate Start 0.011ms
[72.127s][info][gc,phases   ] GC(129) Concurrent Relocate 24.462ms
[72.127s][info][gc,load     ] GC(129) Load: 0.00/0.00/0.00
[72.127s][info][gc,mmu      ] GC(129) MMU: 2ms/96.8%, 5ms/98.7%, 10ms/99.3%, 20ms/99.6%, 50ms/99.8%, 100ms/99.9%
[72.127s][info][gc,marking  ] GC(129) Mark: 8 stripe(s), 6 proactive flush(es), 1 terminate flush(es), 0 completion(s), 0 continuation(s) 
[72.127s][info][gc,marking  ] GC(129) Mark Stack Usage: 32M
[72.127s][info][gc,nmethod  ] GC(129) NMethods: 6334 registered, 4322 unregistered
[72.127s][info][gc,metaspace] GC(129) Metaspace: 65M used, 66M committed, 1088M reserved
[72.127s][info][gc,ref      ] GC(129) Soft: 3300 encountered, 0 discovered, 0 enqueued
[72.127s][info][gc,ref      ] GC(129) Weak: 6381 encountered, 2241 discovered, 0 enqueued
[72.127s][info][gc,ref      ] GC(129) Final: 84 encountered, 4 discovered, 0 enqueued
[72.128s][info][gc,ref      ] GC(129) Phantom: 616 encountered, 518 discovered, 0 enqueued
[72.128s][info][gc,reloc    ] GC(129) Small Pages: 423 / 846M, Empty: 0M, Relocated: 34M, In-Place: 0
[72.128s][info][gc,reloc    ] GC(129) Medium Pages: 1 / 32M, Empty: 0M, Relocated: 0M, In-Place: 0
[72.128s][info][gc,reloc    ] GC(129) Large Pages: 8 / 64M, Empty: 0M, Relocated: 0M, In-Place: 0
[72.128s][info][gc,reloc    ] GC(129) Forwarding Usage: 34M
[72.128s][info][gc,heap     ] GC(129) Min Capacity: 8M(0%)
[72.128s][info][gc,heap     ] GC(129) Max Capacity: 2048M(100%)
[72.128s][info][gc,heap     ] GC(129) Soft Max Capacity: 2048M(100%)
[72.128s][info][gc,heap     ] GC(129)                Mark Start          Mark End        Relocate Start      Relocate End           High               Low         
[72.128s][info][gc,heap     ] GC(129)  Capacity:     2048M (100%)       2048M (100%)       2048M (100%)       2048M (100%)       2048M (100%)       2048M (100%)   
[72.128s][info][gc,heap     ] GC(129)      Free:     1106M (54%)         826M (40%)         796M (39%)        1236M (60%)        1236M (60%)         770M (38%)    
[72.128s][info][gc,heap     ] GC(129)      Used:      942M (46%)        1222M (60%)        1252M (61%)         812M (40%)        1278M (62%)         812M (40%)    
[72.128s][info][gc,heap     ] GC(129)      Live:         -               418M (20%)         418M (20%)         418M (20%)            -                  -          
[72.128s][info][gc,heap     ] GC(129) Allocated:         -               280M (14%)         310M (15%)         314M (15%)            -                  -          
[72.128s][info][gc,heap     ] GC(129)   Garbage:         -               523M (26%)         523M (26%)          79M (4%)             -                  -          
[72.128s][info][gc,heap     ] GC(129) Reclaimed:         -                  -                 0M (0%)          444M (22%)            -                  -          
[72.128s][info][gc          ] GC(129) Garbage Collection (Allocation Rate) 942M(46%)->812M(40%)
[72.272s][info][gc,start    ] GC(130) Garbage Collection (Allocation Rate)
[72.272s][info][gc,task     ] GC(130) Using 10 workers
[72.273s][info][gc,phases   ] GC(130) Pause Mark Start 0.017ms
[72.475s][info][gc,phases   ] GC(130) Concurrent Mark 202.672ms
[72.476s][info][gc,phases   ] GC(130) Pause Mark End 0.042ms
[72.476s][info][gc,phases   ] GC(130) Concurrent Mark Free 0.001ms
[72.478s][info][gc,phases   ] GC(130) Concurrent Process Non-Strong References 2.463ms
[72.478s][info][gc,phases   ] GC(130) Concurrent Reset Relocation Set 0.074ms
[72.520s][info][gc,phases   ] GC(130) Concurrent Select Relocation Set 41.307ms
[72.520s][info][gc,phases   ] GC(130) Pause Relocate Start 0.013ms
[72.549s][info][gc,phases   ] GC(130) Concurrent Relocate 29.163ms
[72.549s][info][gc,load     ] GC(130) Load: 0.00/0.00/0.00
[72.549s][info][gc,mmu      ] GC(130) MMU: 2ms/96.8%, 5ms/98.7%, 10ms/99.3%, 20ms/99.6%, 50ms/99.8%, 100ms/99.9%
[72.549s][info][gc,marking  ] GC(130) Mark: 8 stripe(s), 3 proactive flush(es), 1 terminate flush(es), 0 completion(s), 0 continuation(s) 
[72.549s][info][gc,marking  ] GC(130) Mark Stack Usage: 32M
[72.549s][info][gc,nmethod  ] GC(130) NMethods: 6335 registered, 4322 unregistered
[72.549s][info][gc,metaspace] GC(130) Metaspace: 65M used, 66M committed, 1088M reserved
[72.549s][info][gc,ref      ] GC(130) Soft: 3300 encountered, 0 discovered, 0 enqueued
[72.549s][info][gc,ref      ] GC(130) Weak: 6381 encountered, 1071 discovered, 0 enqueued
[72.549s][info][gc,ref      ] GC(130) Final: 84 encountered, 1 discovered, 0 enqueued
[72.549s][info][gc,ref      ] GC(130) Phantom: 616 encountered, 567 discovered, 0 enqueued
[72.549s][info][gc,reloc    ] GC(130) Small Pages: 342 / 684M, Empty: 58M, Relocated: 41M, In-Place: 0
[72.549s][info][gc,reloc    ] GC(130) Medium Pages: 2 / 64M, Empty: 0M, Relocated: 16M, In-Place: 0
[72.549s][info][gc,reloc    ] GC(130) Large Pages: 8 / 64M, Empty: 24M, Relocated: 0M, In-Place: 0
[72.549s][info][gc,reloc    ] GC(130) Forwarding Usage: 37M
[72.549s][info][gc,heap     ] GC(130) Min Capacity: 8M(0%)
[72.549s][info][gc,heap     ] GC(130) Max Capacity: 2048M(100%)
[72.549s][info][gc,heap     ] GC(130) Soft Max Capacity: 2048M(100%)
[72.549s][info][gc,heap     ] GC(130)                Mark Start          Mark End        Relocate Start      Relocate End           High               Low         
[72.549s][info][gc,heap     ] GC(130)  Capacity:     2048M (100%)       2048M (100%)       2048M (100%)       2048M (100%)       2048M (100%)       2048M (100%)   
[72.550s][info][gc,heap     ] GC(130)      Free:     1236M (60%)        1202M (59%)        1276M (62%)        1620M (79%)        1620M (79%)        1200M (59%)    
[72.550s][info][gc,heap     ] GC(130)      Used:      812M (40%)         846M (41%)         772M (38%)         428M (21%)         848M (41%)         428M (21%)    
[72.550s][info][gc,heap     ] GC(130)      Live:         -               311M (15%)         311M (15%)         311M (15%)            -                  -          
[72.550s][info][gc,heap     ] GC(130) Allocated:         -                34M (2%)           42M (2%)           45M (2%)             -                  -          
[72.550s][info][gc,heap     ] GC(130)   Garbage:         -               500M (24%)         418M (20%)          70M (3%)             -                  -          
[72.550s][info][gc,heap     ] GC(130) Reclaimed:         -                  -                82M (4%)          429M (21%)            -                  -          
[72.550s][info][gc          ] GC(130) Garbage Collection (Allocation Rate) 812M(40%)->428M(21%)
[72.679s][info][gc,start    ] GC(131) Garbage Collection (Allocation Rate)
[72.679s][info][gc,task     ] GC(131) Using 10 workers
[72.679s][info][gc,phases   ] GC(131) Pause Mark Start 0.015ms
[72.835s][info][gc,phases   ] GC(131) Concurrent Mark 155.819ms
[72.835s][info][gc,phases   ] GC(131) Pause Mark End 0.030ms
[72.835s][info][gc,phases   ] GC(131) Concurrent Mark Free 0.001ms
[72.837s][info][gc,phases   ] GC(131) Concurrent Process Non-Strong References 2.459ms
[72.838s][info][gc,phases   ] GC(131) Concurrent Reset Relocation Set 0.031ms
[72.875s][info][gc,phases   ] GC(131) Concurrent Select Relocation Set 37.768ms
[72.876s][info][gc,phases   ] GC(131) Pause Relocate Start 0.011ms
[72.904s][info][gc,phases   ] GC(131) Concurrent Relocate 28.333ms
[72.904s][info][gc,load     ] GC(131) Load: 0.00/0.00/0.00
[72.904s][info][gc,mmu      ] GC(131) MMU: 2ms/96.8%, 5ms/98.7%, 10ms/99.3%, 20ms/99.6%, 50ms/99.8%, 100ms/99.9%
[72.904s][info][gc,marking  ] GC(131) Mark: 8 stripe(s), 3 proactive flush(es), 1 terminate flush(es), 0 completion(s), 0 continuation(s) 
[72.904s][info][gc,marking  ] GC(131) Mark Stack Usage: 32M
[72.904s][info][gc,nmethod  ] GC(131) NMethods: 6341 registered, 4324 unregistered
[72.904s][info][gc,metaspace] GC(131) Metaspace: 65M used, 66M committed, 1088M reserved
[72.904s][info][gc,ref      ] GC(131) Soft: 3299 encountered, 0 discovered, 0 enqueued
[72.904s][info][gc,ref      ] GC(131) Weak: 6515 encountered, 3653 discovered, 67 enqueued
[72.904s][info][gc,ref      ] GC(131) Final: 84 encountered, 43 discovered, 0 enqueued
[72.904s][info][gc,ref      ] GC(131) Phantom: 618 encountered, 594 discovered, 0 enqueued
[72.904s][info][gc,reloc    ] GC(131) Small Pages: 171 / 342M, Empty: 10M, Relocated: 48M, In-Place: 0
[72.904s][info][gc,reloc    ] GC(131) Medium Pages: 2 / 64M, Empty: 32M, Relocated: 0M, In-Place: 0
[72.904s][info][gc,reloc    ] GC(131) Large Pages: 4 / 40M, Empty: 10M, Relocated: 0M, In-Place: 0
[72.904s][info][gc,reloc    ] GC(131) Forwarding Usage: 44M
[72.904s][info][gc,heap     ] GC(131) Min Capacity: 8M(0%)
[72.904s][info][gc,heap     ] GC(131) Max Capacity: 2048M(100%)
[72.904s][info][gc,heap     ] GC(131) Soft Max Capacity: 2048M(100%)
[72.904s][info][gc,heap     ] GC(131)                Mark Start          Mark End        Relocate Start      Relocate End           High               Low         
[72.904s][info][gc,heap     ] GC(131)  Capacity:     2048M (100%)       2048M (100%)       2048M (100%)       2048M (100%)       2048M (100%)       2048M (100%)   
[72.904s][info][gc,heap     ] GC(131)      Free:     1602M (78%)        1580M (77%)        1626M (79%)        1678M (82%)        1678M (82%)        1580M (77%)    
[72.904s][info][gc,heap     ] GC(131)      Used:      446M (22%)         468M (23%)         422M (21%)         370M (18%)         468M (23%)         370M (18%)    
[72.904s][info][gc,heap     ] GC(131)      Live:         -               271M (13%)         271M (13%)         271M (13%)            -                  -          
[72.904s][info][gc,heap     ] GC(131) Allocated:         -                22M (1%)           28M (1%)           30M (2%)             -                  -          
[72.904s][info][gc,heap     ] GC(131)   Garbage:         -               174M (9%)          122M (6%)           67M (3%)             -                  -          
[72.904s][info][gc,heap     ] GC(131) Reclaimed:         -                  -                52M (3%)          106M (5%)             -                  -          
[72.904s][info][gc          ] GC(131) Garbage Collection (Allocation Rate) 446M(22%)->370M(18%)
[72.981s][info][gc,start    ] GC(132) Garbage Collection (Allocation Rate)
[72.981s][info][gc,task     ] GC(132) Using 10 workers
[72.981s][info][gc,phases   ] GC(132) Pause Mark Start 0.013ms
[73.074s][info][gc,phases   ] GC(132) Concurrent Mark 93.318ms
[73.075s][info][gc,phases   ] GC(132) Pause Mark End 0.037ms
[73.075s][info][gc,phases   ] GC(132) Concurrent Mark Free 0.001ms
[73.077s][info][gc,phases   ] GC(132) Concurrent Process Non-Strong References 2.160ms
[73.077s][info][gc,phases   ] GC(132) Concurrent Reset Relocation Set 0.013ms
[73.087s][info][gc,phases   ] GC(132) Concurrent Select Relocation Set 10.210ms
[73.087s][info][gc,phases   ] GC(132) Pause Relocate Start 0.008ms
[73.098s][info][gc,phases   ] GC(132) Concurrent Relocate 10.233ms
[73.098s][info][gc,load     ] GC(132) Load: 0.00/0.00/0.00
[73.098s][info][gc,mmu      ] GC(132) MMU: 2ms/96.8%, 5ms/98.7%, 10ms/99.3%, 20ms/99.6%, 50ms/99.8%, 100ms/99.9%
[73.098s][info][gc,marking  ] GC(132) Mark: 8 stripe(s), 2 proactive flush(es), 1 terminate flush(es), 0 completion(s), 0 continuation(s) 
[73.098s][info][gc,marking  ] GC(132) Mark Stack Usage: 32M
[73.098s][info][gc,nmethod  ] GC(132) NMethods: 6355 registered, 4328 unregistered
[73.098s][info][gc,metaspace] GC(132) Metaspace: 65M used, 66M committed, 1088M reserved
[73.098s][info][gc,ref      ] GC(132) Soft: 3300 encountered, 0 discovered, 0 enqueued
[73.098s][info][gc,ref      ] GC(132) Weak: 6587 encountered, 2880 discovered, 156 enqueued
[73.098s][info][gc,ref      ] GC(132) Final: 84 encountered, 47 discovered, 0 enqueued
[73.098s][info][gc,ref      ] GC(132) Phantom: 619 encountered, 363 discovered, 0 enqueued
[73.098s][info][gc,reloc    ] GC(132) Small Pages: 195 / 390M, Empty: 56M, Relocated: 11M, In-Place: 0
[73.098s][info][gc,reloc    ] GC(132) Medium Pages: 2 / 64M, Empty: 0M, Relocated: 18M, In-Place: 0
[73.098s][info][gc,reloc    ] GC(132) Large Pages: 4 / 36M, Empty: 36M, Relocated: 0M, In-Place: 0
[73.098s][info][gc,reloc    ] GC(132) Forwarding Usage: 9M
[73.098s][info][gc,heap     ] GC(132) Min Capacity: 8M(0%)
[73.098s][info][gc,heap     ] GC(132) Max Capacity: 2048M(100%)
[73.098s][info][gc,heap     ] GC(132) Soft Max Capacity: 2048M(100%)
[73.098s][info][gc,heap     ] GC(132)                Mark Start          Mark End        Relocate Start      Relocate End           High               Low         
[73.098s][info][gc,heap     ] GC(132)  Capacity:     2048M (100%)       2048M (100%)       2048M (100%)       2048M (100%)       2048M (100%)       2048M (100%)   
[73.098s][info][gc,heap     ] GC(132)      Free:     1558M (76%)        1436M (70%)        1520M (74%)        1678M (82%)        1678M (82%)        1428M (70%)    
[73.098s][info][gc,heap     ] GC(132)      Used:      490M (24%)         612M (30%)         528M (26%)         370M (18%)         620M (30%)         370M (18%)    
[73.098s][info][gc,heap     ] GC(132)      Live:         -               182M (9%)          182M (9%)          182M (9%)             -                  -          
[73.098s][info][gc,heap     ] GC(132) Allocated:         -               122M (6%)          130M (6%)          133M (7%)             -                  -          
[73.098s][info][gc,heap     ] GC(132)   Garbage:         -               307M (15%)         215M (11%)          53M (3%)             -                  -          
[73.098s][info][gc,heap     ] GC(132) Reclaimed:         -                  -                92M (4%)          253M (12%)            -                  -          
[73.098s][info][gc          ] GC(132) Garbage Collection (Allocation Rate) 490M(24%)->370M(18%)
[73.574s][info][gc,start    ] GC(133) Garbage Collection (Allocation Rate)
[73.574s][info][gc,task     ] GC(133) Using 12 workers
[73.575s][info][gc,phases   ] GC(133) Pause Mark Start 0.013ms
[73.699s][info][gc,phases   ] GC(133) Concurrent Mark 124.573ms
[73.699s][info][gc,phases   ] GC(133) Pause Mark End 0.019ms
[73.699s][info][gc,phases   ] GC(133) Concurrent Mark Free 0.001ms
[73.701s][info][gc,phases   ] GC(133) Concurrent Process Non-Strong References 1.988ms
[73.701s][info][gc,phases   ] GC(133) Concurrent Reset Relocation Set 0.012ms
[73.734s][info][gc,phases   ] GC(133) Concurrent Select Relocation Set 32.760ms
[73.734s][info][gc,phases   ] GC(133) Pause Relocate Start 0.009ms
[73.776s][info][gc,phases   ] GC(133) Concurrent Relocate 41.912ms
[73.777s][info][gc,load     ] GC(133) Load: 0.00/0.00/0.00
[73.777s][info][gc,mmu      ] GC(133) MMU: 2ms/96.8%, 5ms/98.7%, 10ms/99.3%, 20ms/99.6%, 50ms/99.8%, 100ms/99.9%
[73.777s][info][gc,marking  ] GC(133) Mark: 8 stripe(s), 2 proactive flush(es), 1 terminate flush(es), 0 completion(s), 0 continuation(s) 
[73.777s][info][gc,marking  ] GC(133) Mark Stack Usage: 32M
[73.777s][info][gc,nmethod  ] GC(133) NMethods: 6360 registered, 4329 unregistered
[73.777s][info][gc,metaspace] GC(133) Metaspace: 65M used, 66M committed, 1088M reserved
[73.777s][info][gc,ref      ] GC(133) Soft: 3304 encountered, 0 discovered, 0 enqueued
[73.777s][info][gc,ref      ] GC(133) Weak: 6435 encountered, 2702 discovered, 5 enqueued
[73.777s][info][gc,ref      ] GC(133) Final: 84 encountered, 41 discovered, 0 enqueued
[73.777s][info][gc,ref      ] GC(133) Phantom: 616 encountered, 286 discovered, 0 enqueued
[73.777s][info][gc,reloc    ] GC(133) Small Pages: 538 / 1076M, Empty: 0M, Relocated: 125M, In-Place: 0
[73.777s][info][gc,reloc    ] GC(133) Medium Pages: 3 / 96M, Empty: 64M, Relocated: 0M, In-Place: 0
[73.777s][info][gc,reloc    ] GC(133) Large Pages: 12 / 72M, Empty: 24M, Relocated: 0M, In-Place: 0
[73.777s][info][gc,reloc    ] GC(133) Forwarding Usage: 86M
[73.777s][info][gc,heap     ] GC(133) Min Capacity: 8M(0%)
[73.777s][info][gc,heap     ] GC(133) Max Capacity: 2048M(100%)
[73.777s][info][gc,heap     ] GC(133) Soft Max Capacity: 2048M(100%)
[73.777s][info][gc,heap     ] GC(133)                Mark Start          Mark End        Relocate Start      Relocate End           High               Low         
[73.777s][info][gc,heap     ] GC(133)  Capacity:     2048M (100%)       2048M (100%)       2048M (100%)       2048M (100%)       2048M (100%)       2048M (100%)   
[73.777s][info][gc,heap     ] GC(133)      Free:      804M (39%)         608M (30%)         622M (30%)        1326M (65%)        1326M (65%)         596M (29%)    
[73.777s][info][gc,heap     ] GC(133)      Used:     1244M (61%)        1440M (70%)        1426M (70%)         722M (35%)        1452M (71%)         722M (35%)    
[73.777s][info][gc,heap     ] GC(133)      Live:         -               343M (17%)         343M (17%)         343M (17%)            -                  -          
[73.777s][info][gc,heap     ] GC(133) Allocated:         -               196M (10%)         270M (13%)         312M (15%)            -                  -          
[73.777s][info][gc,heap     ] GC(133)   Garbage:         -               900M (44%)         812M (40%)          66M (3%)             -                  -          
[73.777s][info][gc,heap     ] GC(133) Reclaimed:         -                  -                88M (4%)          834M (41%)            -                  -          
[73.777s][info][gc          ] GC(133) Garbage Collection (Allocation Rate) 1244M(61%)->722M(35%)
[73.777s][info][gc,start    ] GC(134) Garbage Collection (Allocation Rate)
[73.777s][info][gc,task     ] GC(134) Using 12 workers
[73.777s][info][gc,phases   ] GC(134) Pause Mark Start 0.010ms
[73.949s][info][gc,phases   ] GC(134) Concurrent Mark 171.727ms
[73.949s][info][gc,phases   ] GC(134) Pause Mark End 0.030ms
[73.949s][info][gc,phases   ] GC(134) Concurrent Mark Free 0.001ms
[73.952s][info][gc,phases   ] GC(134) Concurrent Process Non-Strong References 2.417ms
[73.952s][info][gc,phases   ] GC(134) Concurrent Reset Relocation Set 0.095ms
[73.971s][info][gc,phases   ] GC(134) Concurrent Select Relocation Set 19.059ms
[73.971s][info][gc,phases   ] GC(134) Pause Relocate Start 0.012ms
[73.992s][info][gc,phases   ] GC(134) Concurrent Relocate 20.379ms
[73.992s][info][gc,load     ] GC(134) Load: 0.00/0.00/0.00
[73.992s][info][gc,mmu      ] GC(134) MMU: 2ms/96.8%, 5ms/98.7%, 10ms/99.3%, 20ms/99.6%, 50ms/99.8%, 100ms/99.9%
[73.992s][info][gc,marking  ] GC(134) Mark: 8 stripe(s), 10 proactive flush(es), 1 terminate flush(es), 0 completion(s), 0 continuation(s) 
[73.992s][info][gc,marking  ] GC(134) Mark Stack Usage: 32M
[73.992s][info][gc,nmethod  ] GC(134) NMethods: 6358 registered, 4331 unregistered
[73.992s][info][gc,metaspace] GC(134) Metaspace: 65M used, 66M committed, 1088M reserved
[73.992s][info][gc,ref      ] GC(134) Soft: 3304 encountered, 0 discovered, 0 enqueued
[73.992s][info][gc,ref      ] GC(134) Weak: 6430 encountered, 2570 discovered, 3 enqueued
[73.992s][info][gc,ref      ] GC(134) Final: 84 encountered, 33 discovered, 0 enqueued
[73.992s][info][gc,ref      ] GC(134) Phantom: 616 encountered, 408 discovered, 0 enqueued
[73.992s][info][gc,reloc    ] GC(134) Small Pages: 306 / 612M, Empty: 0M, Relocated: 36M, In-Place: 0
[73.992s][info][gc,reloc    ] GC(134) Medium Pages: 1 / 32M, Empty: 0M, Relocated: 0M, In-Place: 0
[73.992s][info][gc,reloc    ] GC(134) Large Pages: 11 / 78M, Empty: 0M, Relocated: 0M, In-Place: 0
[73.992s][info][gc,reloc    ] GC(134) Forwarding Usage: 26M
[73.992s][info][gc,heap     ] GC(134) Min Capacity: 8M(0%)
[73.992s][info][gc,heap     ] GC(134) Max Capacity: 2048M(100%)
[73.992s][info][gc,heap     ] GC(134) Soft Max Capacity: 2048M(100%)
[73.992s][info][gc,heap     ] GC(134)                Mark Start          Mark End        Relocate Start      Relocate End           High               Low         
[73.992s][info][gc,heap     ] GC(134)  Capacity:     2048M (100%)       2048M (100%)       2048M (100%)       2048M (100%)       2048M (100%)       2048M (100%)   
[73.992s][info][gc,heap     ] GC(134)      Free:     1326M (65%)        1122M (55%)        1078M (53%)        1310M (64%)        1326M (65%)        1052M (51%)    
[73.992s][info][gc,heap     ] GC(134)      Used:      722M (35%)         926M (45%)         970M (47%)         738M (36%)         996M (49%)         722M (35%)    
[73.992s][info][gc,heap     ] GC(134)      Live:         -               393M (19%)         393M (19%)         393M (19%)            -                  -          
[73.992s][info][gc,heap     ] GC(134) Allocated:         -               204M (10%)         248M (12%)         277M (14%)            -                  -          
[73.992s][info][gc,heap     ] GC(134)   Garbage:         -               328M (16%)         328M (16%)          66M (3%)             -                  -          
[73.992s][info][gc,heap     ] GC(134) Reclaimed:         -                  -                 0M (0%)          261M (13%)            -                  -          
[73.992s][info][gc          ] GC(134) Garbage Collection (Allocation Rate) 722M(35%)->738M(36%)
[74.074s][info][gc,start    ] GC(135) Garbage Collection (Allocation Rate)
[74.074s][info][gc,task     ] GC(135) Using 12 workers
[74.074s][info][gc,phases   ] GC(135) Pause Mark Start 0.011ms
[74.246s][info][gc,phases   ] GC(135) Concurrent Mark 171.462ms
[74.246s][info][gc,phases   ] GC(135) Pause Mark End 0.028ms
[74.246s][info][gc,phases   ] GC(135) Concurrent Mark Free 0.001ms
[74.248s][info][gc,phases   ] GC(135) Concurrent Process Non-Strong References 1.898ms
[74.248s][info][gc,phases   ] GC(135) Concurrent Reset Relocation Set 0.021ms
[74.275s][info][gc,phases   ] GC(135) Concurrent Select Relocation Set 27.003ms
[74.275s][info][gc,phases   ] GC(135) Pause Relocate Start 0.012ms
[74.295s][info][gc,phases   ] GC(135) Concurrent Relocate 19.503ms
[74.295s][info][gc,load     ] GC(135) Load: 0.00/0.00/0.00
[74.295s][info][gc,mmu      ] GC(135) MMU: 2ms/96.8%, 5ms/98.7%, 10ms/99.3%, 20ms/99.6%, 50ms/99.8%, 100ms/99.9%
[74.295s][info][gc,marking  ] GC(135) Mark: 8 stripe(s), 2 proactive flush(es), 1 terminate flush(es), 0 completion(s), 0 continuation(s) 
[74.295s][info][gc,marking  ] GC(135) Mark Stack Usage: 32M
[74.295s][info][gc,nmethod  ] GC(135) NMethods: 6358 registered, 4331 unregistered
[74.295s][info][gc,metaspace] GC(135) Metaspace: 65M used, 66M committed, 1088M reserved
[74.295s][info][gc,ref      ] GC(135) Soft: 3304 encountered, 0 discovered, 0 enqueued
[74.295s][info][gc,ref      ] GC(135) Weak: 6427 encountered, 2394 discovered, 0 enqueued
[74.295s][info][gc,ref      ] GC(135) Final: 84 encountered, 7 discovered, 0 enqueued
[74.295s][info][gc,ref      ] GC(135) Phantom: 616 encountered, 465 discovered, 0 enqueued
[74.295s][info][gc,reloc    ] GC(135) Small Pages: 380 / 760M, Empty: 0M, Relocated: 31M, In-Place: 0
[74.295s][info][gc,reloc    ] GC(135) Medium Pages: 1 / 32M, Empty: 0M, Relocated: 0M, In-Place: 0
[74.295s][info][gc,reloc    ] GC(135) Large Pages: 12 / 88M, Empty: 24M, Relocated: 0M, In-Place: 0
[74.295s][info][gc,reloc    ] GC(135) Forwarding Usage: 27M
[74.295s][info][gc,heap     ] GC(135) Min Capacity: 8M(0%)
[74.295s][info][gc,heap     ] GC(135) Max Capacity: 2048M(100%)
[74.295s][info][gc,heap     ] GC(135) Soft Max Capacity: 2048M(100%)
[74.295s][info][gc,heap     ] GC(135)                Mark Start          Mark End        Relocate Start      Relocate End           High               Low         
[74.295s][info][gc,heap     ] GC(135)  Capacity:     2048M (100%)       2048M (100%)       2048M (100%)       2048M (100%)       2048M (100%)       2048M (100%)   
[74.295s][info][gc,heap     ] GC(135)      Free:     1168M (57%)         900M (44%)         868M (42%)        1222M (60%)        1222M (60%)         844M (41%)    
[74.295s][info][gc,heap     ] GC(135)      Used:      880M (43%)        1148M (56%)        1180M (58%)         826M (40%)        1204M (59%)         826M (40%)    
[74.295s][info][gc,heap     ] GC(135)      Live:         -               401M (20%)         401M (20%)         401M (20%)            -                  -          
[74.295s][info][gc,heap     ] GC(135) Allocated:         -               268M (13%)         324M (16%)         351M (17%)            -                  -          
[74.295s][info][gc,heap     ] GC(135)   Garbage:         -               478M (23%)         454M (22%)          72M (4%)             -                  -          
[74.295s][info][gc,heap     ] GC(135) Reclaimed:         -                  -                24M (1%)          405M (20%)            -                  -          
[74.295s][info][gc          ] GC(135) Garbage Collection (Allocation Rate) 880M(43%)->826M(40%)
[74.371s][info][gc,start    ] GC(136) Garbage Collection (Allocation Rate)
[74.371s][info][gc,task     ] GC(136) Using 12 workers
[74.371s][info][gc,phases   ] GC(136) Pause Mark Start 0.016ms
[74.558s][info][gc,phases   ] GC(136) Concurrent Mark 187.100ms
[74.559s][info][gc,phases   ] GC(136) Pause Mark End 0.034ms
[74.559s][info][gc,phases   ] GC(136) Concurrent Mark Free 0.001ms
[74.561s][info][gc,phases   ] GC(136) Concurrent Process Non-Strong References 1.925ms
[74.561s][info][gc,phases   ] GC(136) Concurrent Reset Relocation Set 0.056ms
[74.589s][info][gc,phases   ] GC(136) Concurrent Select Relocation Set 28.089ms
[74.589s][info][gc,phases   ] GC(136) Pause Relocate Start 0.012ms
[74.614s][info][gc,phases   ] GC(136) Concurrent Relocate 25.331ms
[74.614s][info][gc,load     ] GC(136) Load: 0.00/0.00/0.00
[74.615s][info][gc,mmu      ] GC(136) MMU: 2ms/96.8%, 5ms/98.7%, 10ms/99.3%, 20ms/99.6%, 50ms/99.8%, 100ms/99.9%
[74.615s][info][gc,marking  ] GC(136) Mark: 8 stripe(s), 2 proactive flush(es), 1 terminate flush(es), 0 completion(s), 0 continuation(s) 
[74.615s][info][gc,marking  ] GC(136) Mark Stack Usage: 32M
[74.615s][info][gc,nmethod  ] GC(136) NMethods: 6358 registered, 4331 unregistered
[74.615s][info][gc,metaspace] GC(136) Metaspace: 65M used, 66M committed, 1088M reserved
[74.615s][info][gc,ref      ] GC(136) Soft: 3304 encountered, 0 discovered, 0 enqueued
[74.615s][info][gc,ref      ] GC(136) Weak: 6427 encountered, 649 discovered, 0 enqueued
[74.615s][info][gc,ref      ] GC(136) Final: 84 encountered, 0 discovered, 0 enqueued
[74.615s][info][gc,ref      ] GC(136) Phantom: 616 encountered, 446 discovered, 0 enqueued
[74.615s][info][gc,reloc    ] GC(136) Small Pages: 423 / 846M, Empty: 0M, Relocated: 41M, In-Place: 0
[74.615s][info][gc,reloc    ] GC(136) Medium Pages: 1 / 32M, Empty: 0M, Relocated: 0M, In-Place: 0
[74.615s][info][gc,reloc    ] GC(136) Large Pages: 8 / 64M, Empty: 6M, Relocated: 0M, In-Place: 0
[74.615s][info][gc,reloc    ] GC(136) Forwarding Usage: 37M
[74.615s][info][gc,heap     ] GC(136) Min Capacity: 8M(0%)
[74.615s][info][gc,heap     ] GC(136) Max Capacity: 2048M(100%)
[74.615s][info][gc,heap     ] GC(136) Soft Max Capacity: 2048M(100%)
[74.615s][info][gc,heap     ] GC(136)                Mark Start          Mark End        Relocate Start      Relocate End           High               Low         
[74.615s][info][gc,heap     ] GC(136)  Capacity:     2048M (100%)       2048M (100%)       2048M (100%)       2048M (100%)       2048M (100%)       2048M (100%)   
[74.615s][info][gc,heap     ] GC(136)      Free:     1106M (54%)        1016M (50%)        1022M (50%)        1464M (71%)        1464M (71%)         998M (49%)    
[74.615s][info][gc,heap     ] GC(136)      Used:      942M (46%)        1032M (50%)        1026M (50%)         584M (29%)        1050M (51%)         584M (29%)    
[74.615s][info][gc,heap     ] GC(136)      Live:         -               390M (19%)         390M (19%)         390M (19%)            -                  -          
[74.615s][info][gc,heap     ] GC(136) Allocated:         -                90M (4%)           90M (4%)           90M (4%)             -                  -          
[74.615s][info][gc,heap     ] GC(136)   Garbage:         -               551M (27%)         545M (27%)         102M (5%)             -                  -          
[74.615s][info][gc,heap     ] GC(136) Reclaimed:         -                  -                 6M (0%)          448M (22%)            -                  -          
[74.615s][info][gc          ] GC(136) Garbage Collection (Allocation Rate) 942M(46%)->584M(29%)
[75.078s][info][gc,start    ] GC(137) Garbage Collection (Allocation Rate)
[75.078s][info][gc,task     ] GC(137) Using 12 workers
[75.078s][info][gc,phases   ] GC(137) Pause Mark Start 0.018ms
[75.157s][info][gc,phases   ] GC(137) Concurrent Mark 78.875ms
[75.158s][info][gc,phases   ] GC(137) Pause Mark End 0.029ms
[75.158s][info][gc,phases   ] GC(137) Concurrent Mark Free 0.001ms
[75.159s][info][gc,phases   ] GC(137) Concurrent Process Non-Strong References 1.874ms
[75.160s][info][gc,phases   ] GC(137) Concurrent Reset Relocation Set 0.048ms
[75.167s][info][gc,phases   ] GC(137) Concurrent Select Relocation Set 7.530ms
[75.167s][info][gc,phases   ] GC(137) Pause Relocate Start 0.009ms
[75.172s][info][gc,phases   ] GC(137) Concurrent Relocate 4.708ms
[75.172s][info][gc,load     ] GC(137) Load: 0.00/0.00/0.00
[75.172s][info][gc,mmu      ] GC(137) MMU: 2ms/96.8%, 5ms/98.7%, 10ms/99.3%, 20ms/99.6%, 50ms/99.8%, 100ms/99.9%
[75.172s][info][gc,marking  ] GC(137) Mark: 8 stripe(s), 2 proactive flush(es), 1 terminate flush(es), 0 completion(s), 0 continuation(s) 
[75.172s][info][gc,marking  ] GC(137) Mark Stack Usage: 32M
[75.172s][info][gc,nmethod  ] GC(137) NMethods: 6398 registered, 4331 unregistered
[75.172s][info][gc,metaspace] GC(137) Metaspace: 65M used, 66M committed, 1088M reserved
[75.172s][info][gc,ref      ] GC(137) Soft: 3296 encountered, 0 discovered, 0 enqueued
[75.172s][info][gc,ref      ] GC(137) Weak: 6488 encountered, 2794 discovered, 7 enqueued
[75.172s][info][gc,ref      ] GC(137) Final: 84 encountered, 30 discovered, 0 enqueued
[75.172s][info][gc,ref      ] GC(137) Phantom: 616 encountered, 600 discovered, 0 enqueued
[75.172s][info][gc,reloc    ] GC(137) Small Pages: 259 / 518M, Empty: 236M, Relocated: 6M, In-Place: 0
[75.172s][info][gc,reloc    ] GC(137) Medium Pages: 2 / 64M, Empty: 32M, Relocated: 0M, In-Place: 0
[75.172s][info][gc,reloc    ] GC(137) Large Pages: 8 / 64M, Empty: 64M, Relocated: 0M, In-Place: 0
[75.172s][info][gc,reloc    ] GC(137) Forwarding Usage: 3M
[75.172s][info][gc,heap     ] GC(137) Min Capacity: 8M(0%)
[75.172s][info][gc,heap     ] GC(137) Max Capacity: 2048M(100%)
[75.172s][info][gc,heap     ] GC(137) Soft Max Capacity: 2048M(100%)
[75.172s][info][gc,heap     ] GC(137)                Mark Start          Mark End        Relocate Start      Relocate End           High               Low         
[75.172s][info][gc,heap     ] GC(137)  Capacity:     2048M (100%)       2048M (100%)       2048M (100%)       2048M (100%)       2048M (100%)       2048M (100%)   
[75.172s][info][gc,heap     ] GC(137)      Free:     1402M (68%)        1292M (63%)        1616M (79%)        1692M (83%)        1692M (83%)        1288M (63%)    
[75.172s][info][gc,heap     ] GC(137)      Used:      646M (32%)         756M (37%)         432M (21%)         356M (17%)         760M (37%)         356M (17%)    
[75.172s][info][gc,heap     ] GC(137)      Live:         -               167M (8%)          167M (8%)          167M (8%)             -                  -          
[75.172s][info][gc,heap     ] GC(137) Allocated:         -               110M (5%)          118M (6%)          121M (6%)             -                  -          
[75.172s][info][gc,heap     ] GC(137)   Garbage:         -               478M (23%)         146M (7%)           66M (3%)             -                  -          
[75.172s][info][gc,heap     ] GC(137) Reclaimed:         -                  -               332M (16%)         411M (20%)            -                  -          
[75.172s][info][gc          ] GC(137) Garbage Collection (Allocation Rate) 646M(32%)->356M(17%)
[75.978s][info][gc,start    ] GC(138) Garbage Collection (Allocation Rate)
[75.978s][info][gc,task     ] GC(138) Using 12 workers
[75.978s][info][gc,phases   ] GC(138) Pause Mark Start 0.012ms
[76.072s][info][gc,phases   ] GC(138) Concurrent Mark 93.293ms
[76.072s][info][gc,phases   ] GC(138) Pause Mark End 0.028ms
[76.072s][info][gc,phases   ] GC(138) Concurrent Mark Free 0.001ms
[76.074s][info][gc,phases   ] GC(138) Concurrent Process Non-Strong References 2.120ms
[76.074s][info][gc,phases   ] GC(138) Concurrent Reset Relocation Set 0.006ms
[76.086s][info][gc,phases   ] GC(138) Concurrent Select Relocation Set 11.648ms
[76.086s][info][gc,phases   ] GC(138) Pause Relocate Start 0.009ms
[76.101s][info][gc,phases   ] GC(138) Concurrent Relocate 15.216ms
[76.101s][info][gc,load     ] GC(138) Load: 0.00/0.00/0.00
[76.101s][info][gc,mmu      ] GC(138) MMU: 2ms/96.8%, 5ms/98.7%, 10ms/99.3%, 20ms/99.6%, 50ms/99.8%, 100ms/99.9%
[76.101s][info][gc,marking  ] GC(138) Mark: 8 stripe(s), 2 proactive flush(es), 1 terminate flush(es), 0 completion(s), 0 continuation(s) 
[76.101s][info][gc,marking  ] GC(138) Mark Stack Usage: 32M
[76.101s][info][gc,nmethod  ] GC(138) NMethods: 6499 registered, 4341 unregistered
[76.101s][info][gc,metaspace] GC(138) Metaspace: 65M used, 66M committed, 1088M reserved
[76.101s][info][gc,ref      ] GC(138) Soft: 3304 encountered, 0 discovered, 0 enqueued
[76.101s][info][gc,ref      ] GC(138) Weak: 6747 encountered, 1816 discovered, 282 enqueued
[76.101s][info][gc,ref      ] GC(138) Final: 84 encountered, 7 discovered, 0 enqueued
[76.101s][info][gc,ref      ] GC(138) Phantom: 632 encountered, 365 discovered, 0 enqueued
[76.101s][info][gc,reloc    ] GC(138) Small Pages: 536 / 1072M, Empty: 604M, Relocated: 29M, In-Place: 0
[76.101s][info][gc,reloc    ] GC(138) Medium Pages: 3 / 96M, Empty: 64M, Relocated: 0M, In-Place: 0
[76.101s][info][gc,reloc    ] GC(138) Large Pages: 14 / 84M, Empty: 60M, Relocated: 0M, In-Place: 0
[76.101s][info][gc,reloc    ] GC(138) Forwarding Usage: 28M
[76.101s][info][gc,heap     ] GC(138) Min Capacity: 8M(0%)
[76.101s][info][gc,heap     ] GC(138) Max Capacity: 2048M(100%)
[76.101s][info][gc,heap     ] GC(138) Soft Max Capacity: 2048M(100%)
[76.101s][info][gc,heap     ] GC(138)                Mark Start          Mark End        Relocate Start      Relocate End           High               Low         
[76.101s][info][gc,heap     ] GC(138)  Capacity:     2048M (100%)       2048M (100%)       2048M (100%)       2048M (100%)       2048M (100%)       2048M (100%)   
[76.101s][info][gc,heap     ] GC(138)      Free:      796M (39%)         730M (36%)        1442M (70%)        1688M (82%)        1688M (82%)         730M (36%)    
[76.101s][info][gc,heap     ] GC(138)      Used:     1252M (61%)        1318M (64%)         606M (30%)         360M (18%)        1318M (64%)         360M (18%)    
[76.101s][info][gc,heap     ] GC(138)      Live:         -               216M (11%)         216M (11%)         216M (11%)            -                  -          
[76.101s][info][gc,heap     ] GC(138) Allocated:         -                66M (3%)           82M (4%)           87M (4%)             -                  -          
[76.101s][info][gc,heap     ] GC(138)   Garbage:         -              1035M (51%)         307M (15%)          55M (3%)             -                  -          
[76.101s][info][gc,heap     ] GC(138) Reclaimed:         -                  -               728M (36%)         979M (48%)            -                  -          
[76.101s][info][gc          ] GC(138) Garbage Collection (Allocation Rate) 1252M(61%)->360M(18%)
[76.483s][info][gc,start    ] GC(139) Garbage Collection (Allocation Rate)
[76.483s][info][gc,task     ] GC(139) Using 12 workers
[76.483s][info][gc,phases   ] GC(139) Pause Mark Start 0.011ms
[76.593s][info][gc,phases   ] GC(139) Concurrent Mark 108.953ms
[76.593s][info][gc,phases   ] GC(139) Pause Mark End 0.024ms
[76.593s][info][gc,phases   ] GC(139) Concurrent Mark Free 0.001ms
[76.595s][info][gc,phases   ] GC(139) Concurrent Process Non-Strong References 2.043ms
[76.595s][info][gc,phases   ] GC(139) Concurrent Reset Relocation Set 0.030ms
[76.638s][info][gc,phases   ] GC(139) Concurrent Select Relocation Set 42.743ms
[76.638s][info][gc,phases   ] GC(139) Pause Relocate Start 0.011ms
[76.673s][info][gc,phases   ] GC(139) Concurrent Relocate 35.135ms
[76.673s][info][gc,load     ] GC(139) Load: 0.00/0.00/0.00
[76.673s][info][gc,mmu      ] GC(139) MMU: 2ms/96.8%, 5ms/98.7%, 10ms/99.3%, 20ms/99.6%, 50ms/99.8%, 100ms/99.9%
[76.673s][info][gc,marking  ] GC(139) Mark: 8 stripe(s), 4 proactive flush(es), 1 terminate flush(es), 0 completion(s), 0 continuation(s) 
[76.673s][info][gc,marking  ] GC(139) Mark Stack Usage: 32M
[76.673s][info][gc,nmethod  ] GC(139) NMethods: 6538 registered, 4344 unregistered
[76.673s][info][gc,metaspace] GC(139) Metaspace: 65M used, 66M committed, 1088M reserved
[76.673s][info][gc,ref      ] GC(139) Soft: 3300 encountered, 0 discovered, 0 enqueued
[76.673s][info][gc,ref      ] GC(139) Weak: 6526 encountered, 3171 discovered, 96 enqueued
[76.673s][info][gc,ref      ] GC(139) Final: 84 encountered, 7 discovered, 0 enqueued
[76.673s][info][gc,ref      ] GC(139) Phantom: 617 encountered, 593 discovered, 0 enqueued
[76.673s][info][gc,reloc    ] GC(139) Small Pages: 509 / 1018M, Empty: 88M, Relocated: 74M, In-Place: 0
[76.673s][info][gc,reloc    ] GC(139) Medium Pages: 2 / 64M, Empty: 32M, Relocated: 0M, In-Place: 0
[76.673s][info][gc,reloc    ] GC(139) Large Pages: 9 / 54M, Empty: 30M, Relocated: 0M, In-Place: 0
[76.673s][info][gc,reloc    ] GC(139) Forwarding Usage: 70M
[76.673s][info][gc,heap     ] GC(139) Min Capacity: 8M(0%)
[76.673s][info][gc,heap     ] GC(139) Max Capacity: 2048M(100%)
[76.673s][info][gc,heap     ] GC(139) Soft Max Capacity: 2048M(100%)
[76.673s][info][gc,heap     ] GC(139)                Mark Start          Mark End        Relocate Start      Relocate End           High               Low         
[76.673s][info][gc,heap     ] GC(139)  Capacity:     2048M (100%)       2048M (100%)       2048M (100%)       2048M (100%)       2048M (100%)       2048M (100%)   
[76.673s][info][gc,heap     ] GC(139)      Free:      912M (45%)         854M (42%)        1000M (49%)        1658M (81%)        1658M (81%)         850M (42%)    
[76.673s][info][gc,heap     ] GC(139)      Used:     1136M (55%)        1194M (58%)        1048M (51%)         390M (19%)        1198M (58%)         390M (19%)    
[76.673s][info][gc,heap     ] GC(139)      Live:         -               261M (13%)         261M (13%)         261M (13%)            -                  -          
[76.673s][info][gc,heap     ] GC(139) Allocated:         -                58M (3%)           62M (3%)           62M (3%)             -                  -          
[76.673s][info][gc,heap     ] GC(139)   Garbage:         -               874M (43%)         724M (35%)          65M (3%)             -                  -          
[76.673s][info][gc,heap     ] GC(139) Reclaimed:         -                  -               150M (7%)          808M (39%)            -                  -          
[76.673s][info][gc          ] GC(139) Garbage Collection (Allocation Rate) 1136M(55%)->390M(19%)
[77.073s][info][gc,start    ] GC(140) Garbage Collection (Allocation Rate)
[77.115s][info][gc,task     ] GC(140) Using 7 workers
[77.116s][info][gc,phases   ] GC(140) Pause Mark Start 0.018ms
[77.244s][info][gc,phases   ] GC(140) Concurrent Mark 128.526ms
[77.244s][info][gc,phases   ] GC(140) Pause Mark End 0.020ms
[77.245s][info][gc,phases   ] GC(140) Concurrent Mark Free 0.001ms
[77.248s][info][gc,phases   ] GC(140) Concurrent Process Non-Strong References 2.947ms
[77.248s][info][gc,phases   ] GC(140) Concurrent Reset Relocation Set 0.093ms
[77.259s][info][gc,phases   ] GC(140) Concurrent Select Relocation Set 11.581ms
[77.259s][info][gc,phases   ] GC(140) Pause Relocate Start 0.010ms
[77.291s][info][gc,phases   ] GC(140) Concurrent Relocate 31.468ms
[77.291s][info][gc,load     ] GC(140) Load: 0.00/0.00/0.00
[77.291s][info][gc,mmu      ] GC(140) MMU: 2ms/96.8%, 5ms/98.7%, 10ms/99.3%, 20ms/99.6%, 50ms/99.8%, 100ms/99.9%
[77.291s][info][gc,marking  ] GC(140) Mark: 4 stripe(s), 2 proactive flush(es), 1 terminate flush(es), 0 completion(s), 0 continuation(s) 
[77.291s][info][gc,marking  ] GC(140) Mark Stack Usage: 32M
[77.291s][info][gc,nmethod  ] GC(140) NMethods: 6621 registered, 4347 unregistered
[77.291s][info][gc,metaspace] GC(140) Metaspace: 65M used, 66M committed, 1088M reserved
[77.291s][info][gc,ref      ] GC(140) Soft: 3296 encountered, 0 discovered, 0 enqueued
[77.291s][info][gc,ref      ] GC(140) Weak: 6446 encountered, 2264 discovered, 9 enqueued
[77.291s][info][gc,ref      ] GC(140) Final: 84 encountered, 8 discovered, 0 enqueued
[77.291s][info][gc,ref      ] GC(140) Phantom: 616 encountered, 482 discovered, 0 enqueued
[77.291s][info][gc,reloc    ] GC(140) Small Pages: 321 / 642M, Empty: 130M, Relocated: 39M, In-Place: 0
[77.291s][info][gc,reloc    ] GC(140) Medium Pages: 7 / 224M, Empty: 96M, Relocated: 27M, In-Place: 0
[77.291s][info][gc,reloc    ] GC(140) Large Pages: 35 / 234M, Empty: 156M, Relocated: 0M, In-Place: 0
[77.292s][info][gc,reloc    ] GC(140) Forwarding Usage: 38M
[77.292s][info][gc,heap     ] GC(140) Min Capacity: 8M(0%)
[77.292s][info][gc,heap     ] GC(140) Max Capacity: 2048M(100%)
[77.292s][info][gc,heap     ] GC(140) Soft Max Capacity: 2048M(100%)
[77.292s][info][gc,heap     ] GC(140)                Mark Start          Mark End        Relocate Start      Relocate End           High               Low         
[77.292s][info][gc,heap     ] GC(140)  Capacity:     2048M (100%)       2048M (100%)       2048M (100%)       2048M (100%)       2048M (100%)       2048M (100%)   
[77.292s][info][gc,heap     ] GC(140)      Free:      948M (46%)         792M (39%)        1168M (57%)        1544M (75%)        1544M (75%)         792M (39%)    
[77.292s][info][gc,heap     ] GC(140)      Used:     1100M (54%)        1256M (61%)         880M (43%)         504M (25%)        1256M (61%)         504M (25%)    
[77.292s][info][gc,heap     ] GC(140)      Live:         -               295M (14%)         295M (14%)         295M (14%)            -                  -          
[77.292s][info][gc,heap     ] GC(140) Allocated:         -               156M (8%)          162M (8%)          169M (8%)             -                  -          
[77.292s][info][gc,heap     ] GC(140)   Garbage:         -               804M (39%)         422M (21%)          39M (2%)             -                  -          
[77.292s][info][gc,heap     ] GC(140) Reclaimed:         -                  -               382M (19%)         765M (37%)            -                  -          
[77.292s][info][gc          ] GC(140) Garbage Collection (Allocation Rate) 1100M(54%)->504M(25%)
[77.479s][info][gc,start    ] GC(141) Garbage Collection (Allocation Rate)
[77.479s][info][gc,task     ] GC(141) Using 7 workers
[77.479s][info][gc,phases   ] GC(141) Pause Mark Start 0.017ms
[77.619s][info][gc,phases   ] GC(141) Concurrent Mark 140.142ms
[77.619s][info][gc,phases   ] GC(141) Pause Mark End 0.023ms
[77.619s][info][gc,phases   ] GC(141) Concurrent Mark Free 0.001ms
[77.622s][info][gc,phases   ] GC(141) Concurrent Process Non-Strong References 2.909ms
[77.622s][info][gc,phases   ] GC(141) Concurrent Reset Relocation Set 0.041ms
[77.632s][info][gc,phases   ] GC(141) Concurrent Select Relocation Set 9.297ms
[77.632s][info][gc,phases   ] GC(141) Pause Relocate Start 0.006ms
[77.643s][info][gc,phases   ] GC(141) Concurrent Relocate 11.217ms
[77.643s][info][gc,load     ] GC(141) Load: 0.00/0.00/0.00
[77.643s][info][gc,mmu      ] GC(141) MMU: 2ms/96.8%, 5ms/98.7%, 10ms/99.3%, 20ms/99.6%, 50ms/99.8%, 100ms/99.9%
[77.643s][info][gc,marking  ] GC(141) Mark: 4 stripe(s), 2 proactive flush(es), 1 terminate flush(es), 0 completion(s), 0 continuation(s) 
[77.643s][info][gc,marking  ] GC(141) Mark Stack Usage: 32M
[77.643s][info][gc,nmethod  ] GC(141) NMethods: 6623 registered, 4347 unregistered
[77.643s][info][gc,metaspace] GC(141) Metaspace: 65M used, 66M committed, 1088M reserved
[77.643s][info][gc,ref      ] GC(141) Soft: 3296 encountered, 0 discovered, 0 enqueued
[77.644s][info][gc,ref      ] GC(141) Weak: 6439 encountered, 1862 discovered, 102 enqueued
[77.644s][info][gc,ref      ] GC(141) Final: 84 encountered, 47 discovered, 0 enqueued
[77.644s][info][gc,ref      ] GC(141) Phantom: 616 encountered, 522 discovered, 0 enqueued
[77.644s][info][gc,reloc    ] GC(141) Small Pages: 375 / 750M, Empty: 408M, Relocated: 12M, In-Place: 0
[77.644s][info][gc,reloc    ] GC(141) Medium Pages: 2 / 64M, Empty: 32M, Relocated: 0M, In-Place: 0
[77.644s][info][gc,reloc    ] GC(141) Large Pages: 19 / 126M, Empty: 108M, Relocated: 0M, In-Place: 0
[77.644s][info][gc,reloc    ] GC(141) Forwarding Usage: 10M
[77.644s][info][gc,heap     ] GC(141) Min Capacity: 8M(0%)
[77.644s][info][gc,heap     ] GC(141) Max Capacity: 2048M(100%)
[77.644s][info][gc,heap     ] GC(141) Soft Max Capacity: 2048M(100%)
[77.644s][info][gc,heap     ] GC(141)                Mark Start          Mark End        Relocate Start      Relocate End           High               Low         
[77.644s][info][gc,heap     ] GC(141)  Capacity:     2048M (100%)       2048M (100%)       2048M (100%)       2048M (100%)       2048M (100%)       2048M (100%)   
[77.644s][info][gc,heap     ] GC(141)      Free:     1108M (54%)         894M (44%)        1438M (70%)        1500M (73%)        1500M (73%)         894M (44%)    
[77.644s][info][gc,heap     ] GC(141)      Used:      940M (46%)        1154M (56%)         610M (30%)         548M (27%)        1154M (56%)         548M (27%)    
[77.644s][info][gc,heap     ] GC(141)      Live:         -               269M (13%)         269M (13%)         269M (13%)            -                  -          
[77.644s][info][gc,heap     ] GC(141) Allocated:         -               214M (10%)         218M (11%)         218M (11%)            -                  -          
[77.644s][info][gc,heap     ] GC(141)   Garbage:         -               670M (33%)         122M (6%)           60M (3%)             -                  -          
[77.644s][info][gc,heap     ] GC(141) Reclaimed:         -                  -               548M (27%)         610M (30%)            -                  -          
[77.644s][info][gc          ] GC(141) Garbage Collection (Allocation Rate) 940M(46%)->548M(27%)
[77.644s][info][gc,start    ] GC(142) Garbage Collection (System.gc())
[77.644s][info][gc,task     ] GC(142) Using 12 workers
[77.644s][info][gc,phases   ] GC(142) Pause Mark Start 0.010ms
[77.713s][info][gc,phases   ] GC(142) Concurrent Mark 68.602ms
[77.713s][info][gc,phases   ] GC(142) Pause Mark End 0.043ms
[77.713s][info][gc,phases   ] GC(142) Concurrent Mark Free 0.001ms
[77.715s][info][gc,phases   ] GC(142) Concurrent Process Non-Strong References 1.854ms
[77.715s][info][gc,phases   ] GC(142) Concurrent Reset Relocation Set 0.013ms
[77.722s][info][gc,phases   ] GC(142) Concurrent Select Relocation Set 6.350ms
[77.722s][info][gc,phases   ] GC(142) Pause Relocate Start 0.009ms
[77.725s][info][gc,phases   ] GC(142) Concurrent Relocate 3.047ms
[77.725s][info][gc,load     ] GC(142) Load: 0.00/0.00/0.00
[77.725s][info][gc,mmu      ] GC(142) MMU: 2ms/96.8%, 5ms/98.7%, 10ms/99.3%, 20ms/99.6%, 50ms/99.8%, 100ms/99.9%
[77.725s][info][gc,marking  ] GC(142) Mark: 8 stripe(s), 1 proactive flush(es), 1 terminate flush(es), 0 completion(s), 0 continuation(s) 
[77.725s][info][gc,marking  ] GC(142) Mark Stack Usage: 32M
[77.725s][info][gc,nmethod  ] GC(142) NMethods: 6622 registered, 4348 unregistered
[77.725s][info][gc,metaspace] GC(142) Metaspace: 65M used, 66M committed, 1088M reserved
[77.725s][info][gc,ref      ] GC(142) Soft: 3296 encountered, 0 discovered, 0 enqueued
[77.725s][info][gc,ref      ] GC(142) Weak: 6343 encountered, 1089 discovered, 4 enqueued
[77.725s][info][gc,ref      ] GC(142) Final: 84 encountered, 3 discovered, 0 enqueued
[77.725s][info][gc,ref      ] GC(142) Phantom: 616 encountered, 367 discovered, 0 enqueued
[77.725s][info][gc,reloc    ] GC(142) Small Pages: 249 / 498M, Empty: 272M, Relocated: 5M, In-Place: 0
[77.725s][info][gc,reloc    ] GC(142) Medium Pages: 1 / 32M, Empty: 0M, Relocated: 0M, In-Place: 0
[77.725s][info][gc,reloc    ] GC(142) Large Pages: 3 / 18M, Empty: 18M, Relocated: 0M, In-Place: 0
[77.725s][info][gc,reloc    ] GC(142) Forwarding Usage: 2M
[77.725s][info][gc,heap     ] GC(142) Min Capacity: 8M(0%)
[77.725s][info][gc,heap     ] GC(142) Max Capacity: 2048M(100%)
[77.725s][info][gc,heap     ] GC(142) Soft Max Capacity: 2048M(100%)
[77.725s][info][gc,heap     ] GC(142)                Mark Start          Mark End        Relocate Start      Relocate End           High               Low         
[77.725s][info][gc,heap     ] GC(142)  Capacity:     2048M (100%)       2048M (100%)       2048M (100%)       2048M (100%)       2048M (100%)       2048M (100%)   
[77.725s][info][gc,heap     ] GC(142)      Free:     1500M (73%)        1500M (73%)        1788M (87%)        1810M (88%)        1810M (88%)        1498M (73%)    
[77.725s][info][gc,heap     ] GC(142)      Used:      548M (27%)         548M (27%)         260M (13%)         238M (12%)         550M (27%)         238M (12%)    
[77.725s][info][gc,heap     ] GC(142)      Live:         -               167M (8%)          167M (8%)          167M (8%)             -                  -          
[77.726s][info][gc,heap     ] GC(142) Allocated:         -                 0M (0%)            2M (0%)            1M (0%)             -                  -          
[77.726s][info][gc,heap     ] GC(142)   Garbage:         -               380M (19%)          90M (4%)           68M (3%)             -                  -          
[77.726s][info][gc,heap     ] GC(142) Reclaimed:         -                  -               290M (14%)         311M (15%)            -                  -          
[77.726s][info][gc          ] GC(142) Garbage Collection (System.gc()) 548M(27%)->238M(12%)
[78.169s][info][gc,start    ] GC(143) Garbage Collection (Allocation Rate)
[78.169s][info][gc,task     ] GC(143) Using 4 workers
[78.169s][info][gc,phases   ] GC(143) Pause Mark Start 0.016ms
[78.466s][info][gc,phases   ] GC(143) Concurrent Mark 296.350ms
[78.466s][info][gc,phases   ] GC(143) Pause Mark End 0.026ms
[78.466s][info][gc,phases   ] GC(143) Concurrent Mark Free 0.001ms
[78.472s][info][gc,phases   ] GC(143) Concurrent Process Non-Strong References 5.415ms
[78.472s][info][gc,phases   ] GC(143) Concurrent Reset Relocation Set 0.003ms
[78.515s][info][gc,phases   ] GC(143) Concurrent Select Relocation Set 43.101ms
[78.515s][info][gc,phases   ] GC(143) Pause Relocate Start 0.008ms
[78.600s][info][gc,phases   ] GC(143) Concurrent Relocate 85.400ms
[78.600s][info][gc,load     ] GC(143) Load: 0.00/0.00/0.00
[78.600s][info][gc,mmu      ] GC(143) MMU: 2ms/96.8%, 5ms/98.7%, 10ms/99.3%, 20ms/99.6%, 50ms/99.8%, 100ms/99.9%
[78.600s][info][gc,marking  ] GC(143) Mark: 4 stripe(s), 2 proactive flush(es), 1 terminate flush(es), 0 completion(s), 0 continuation(s) 
[78.600s][info][gc,marking  ] GC(143) Mark Stack Usage: 32M
[78.600s][info][gc,nmethod  ] GC(143) NMethods: 6661 registered, 4356 unregistered
[78.600s][info][gc,metaspace] GC(143) Metaspace: 65M used, 66M committed, 1088M reserved
[78.600s][info][gc,ref      ] GC(143) Soft: 3300 encountered, 0 discovered, 0 enqueued
[78.601s][info][gc,ref      ] GC(143) Weak: 6417 encountered, 3426 discovered, 28 enqueued
[78.601s][info][gc,ref      ] GC(143) Final: 84 encountered, 0 discovered, 0 enqueued
[78.601s][info][gc,ref      ] GC(143) Phantom: 616 encountered, 510 discovered, 0 enqueued
[78.601s][info][gc,reloc    ] GC(143) Small Pages: 493 / 986M, Empty: 0M, Relocated: 129M, In-Place: 0
[78.601s][info][gc,reloc    ] GC(143) Medium Pages: 2 / 64M, Empty: 32M, Relocated: 0M, In-Place: 0
[78.601s][info][gc,reloc    ] GC(143) Large Pages: 9 / 54M, Empty: 6M, Relocated: 0M, In-Place: 0
[78.601s][info][gc,reloc    ] GC(143) Forwarding Usage: 91M
[78.601s][info][gc,heap     ] GC(143) Min Capacity: 8M(0%)
[78.601s][info][gc,heap     ] GC(143) Max Capacity: 2048M(100%)
[78.601s][info][gc,heap     ] GC(143) Soft Max Capacity: 2048M(100%)
[78.601s][info][gc,heap     ] GC(143)                Mark Start          Mark End        Relocate Start      Relocate End           High               Low         
[78.601s][info][gc,heap     ] GC(143)  Capacity:     2048M (100%)       2048M (100%)       2048M (100%)       2048M (100%)       2048M (100%)       2048M (100%)   
[78.601s][info][gc,heap     ] GC(143)      Free:      944M (46%)         428M (21%)         382M (19%)         920M (45%)         944M (46%)         374M (18%)    
[78.601s][info][gc,heap     ] GC(143)      Used:     1104M (54%)        1620M (79%)        1666M (81%)        1128M (55%)        1674M (82%)        1104M (54%)    
[78.601s][info][gc,heap     ] GC(143)      Live:         -               347M (17%)         347M (17%)         347M (17%)            -                  -          
[78.601s][info][gc,heap     ] GC(143) Allocated:         -               516M (25%)         600M (29%)         722M (35%)            -                  -          
[78.601s][info][gc,heap     ] GC(143)   Garbage:         -               756M (37%)         718M (35%)          58M (3%)             -                  -          
[78.601s][info][gc,heap     ] GC(143) Reclaimed:         -                  -                38M (2%)          698M (34%)            -                  -          
[78.601s][info][gc          ] GC(143) Garbage Collection (Allocation Rate) 1104M(54%)->1128M(55%)
[78.669s][info][gc,start    ] GC(144) Garbage Collection (Allocation Rate)
[78.669s][info][gc,task     ] GC(144) Using 9 workers
[78.669s][info][gc,phases   ] GC(144) Pause Mark Start 0.015ms
[78.889s][info][gc,phases   ] GC(144) Concurrent Mark 219.462ms
[78.889s][info][gc,phases   ] GC(144) Pause Mark End 0.026ms
[78.889s][info][gc,phases   ] GC(144) Concurrent Mark Free 0.001ms
[78.891s][info][gc,phases   ] GC(144) Concurrent Process Non-Strong References 1.978ms
[78.891s][info][gc,phases   ] GC(144) Concurrent Reset Relocation Set 0.056ms
[78.899s][info][gc,phases   ] GC(144) Concurrent Select Relocation Set 8.005ms
[78.899s][info][gc,phases   ] GC(144) Pause Relocate Start 0.009ms
[78.929s][info][gc,phases   ] GC(144) Concurrent Relocate 29.297ms
[78.929s][info][gc,load     ] GC(144) Load: 0.00/0.00/0.00
[78.929s][info][gc,mmu      ] GC(144) MMU: 2ms/96.8%, 5ms/98.7%, 10ms/99.3%, 20ms/99.6%, 50ms/99.8%, 100ms/99.9%
[78.929s][info][gc,marking  ] GC(144) Mark: 8 stripe(s), 2 proactive flush(es), 1 terminate flush(es), 0 completion(s), 0 continuation(s) 
[78.929s][info][gc,marking  ] GC(144) Mark Stack Usage: 32M
[78.929s][info][gc,nmethod  ] GC(144) NMethods: 6661 registered, 4356 unregistered
[78.929s][info][gc,metaspace] GC(144) Metaspace: 65M used, 66M committed, 1088M reserved
[78.929s][info][gc,ref      ] GC(144) Soft: 3300 encountered, 0 discovered, 0 enqueued
[78.929s][info][gc,ref      ] GC(144) Weak: 6389 encountered, 405 discovered, 0 enqueued
[78.929s][info][gc,ref      ] GC(144) Final: 84 encountered, 3 discovered, 0 enqueued
[78.929s][info][gc,ref      ] GC(144) Phantom: 616 encountered, 265 discovered, 0 enqueued
[78.929s][info][gc,reloc    ] GC(144) Small Pages: 569 / 1138M, Empty: 0M, Relocated: 59M, In-Place: 0
[78.929s][info][gc,reloc    ] GC(144) Medium Pages: 1 / 32M, Empty: 0M, Relocated: 0M, In-Place: 0
[78.929s][info][gc,reloc    ] GC(144) Large Pages: 12 / 88M, Empty: 24M, Relocated: 0M, In-Place: 0
[78.929s][info][gc,reloc    ] GC(144) Forwarding Usage: 54M
[78.929s][info][gc,heap     ] GC(144) Min Capacity: 8M(0%)
[78.929s][info][gc,heap     ] GC(144) Max Capacity: 2048M(100%)
[78.929s][info][gc,heap     ] GC(144) Soft Max Capacity: 2048M(100%)
[78.929s][info][gc,heap     ] GC(144)                Mark Start          Mark End        Relocate Start      Relocate End           High               Low         
[78.929s][info][gc,heap     ] GC(144)  Capacity:     2048M (100%)       2048M (100%)       2048M (100%)       2048M (100%)       2048M (100%)       2048M (100%)   
[78.929s][info][gc,heap     ] GC(144)      Free:      790M (39%)         418M (20%)         420M (21%)        1146M (56%)        1146M (56%)         402M (20%)    
[78.929s][info][gc,heap     ] GC(144)      Used:     1258M (61%)        1630M (80%)        1628M (79%)         902M (44%)        1646M (80%)         902M (44%)    
[78.929s][info][gc,heap     ] GC(144)      Live:         -               408M (20%)         408M (20%)         408M (20%)            -                  -          
[78.929s][info][gc,heap     ] GC(144) Allocated:         -               372M (18%)         394M (19%)         424M (21%)            -                  -          
[78.929s][info][gc,heap     ] GC(144)   Garbage:         -               849M (41%)         825M (40%)          68M (3%)             -                  -          
[78.929s][info][gc,heap     ] GC(144) Reclaimed:         -                  -                24M (1%)          780M (38%)            -                  -          
[78.929s][info][gc          ] GC(144) Garbage Collection (Allocation Rate) 1258M(61%)->902M(44%)
[78.983s][info][gc,start    ] GC(145) Garbage Collection (Allocation Rate)
[78.983s][info][gc,task     ] GC(145) Using 10 workers
[78.983s][info][gc,phases   ] GC(145) Pause Mark Start 0.015ms
[79.186s][info][gc,phases   ] GC(145) Concurrent Mark 202.636ms
[79.186s][info][gc,phases   ] GC(145) Pause Mark End 0.032ms
[79.186s][info][gc,phases   ] GC(145) Concurrent Mark Free 0.001ms
[79.188s][info][gc,phases   ] GC(145) Concurrent Process Non-Strong References 2.288ms
[79.188s][info][gc,phases   ] GC(145) Concurrent Reset Relocation Set 0.093ms
[79.195s][info][gc,phases   ] GC(145) Concurrent Select Relocation Set 6.657ms
[79.195s][info][gc,phases   ] GC(145) Pause Relocate Start 0.009ms
[79.222s][info][gc,phases   ] GC(145) Concurrent Relocate 26.958ms
[79.222s][info][gc,load     ] GC(145) Load: 0.00/0.00/0.00
[79.222s][info][gc,mmu      ] GC(145) MMU: 2ms/96.8%, 5ms/98.7%, 10ms/99.3%, 20ms/99.6%, 50ms/99.8%, 100ms/99.9%
[79.222s][info][gc,marking  ] GC(145) Mark: 8 stripe(s), 3 proactive flush(es), 1 terminate flush(es), 0 completion(s), 0 continuation(s) 
[79.222s][info][gc,marking  ] GC(145) Mark Stack Usage: 32M
[79.222s][info][gc,nmethod  ] GC(145) NMethods: 6661 registered, 4356 unregistered
[79.222s][info][gc,metaspace] GC(145) Metaspace: 65M used, 66M committed, 1088M reserved
[79.222s][info][gc,ref      ] GC(145) Soft: 3300 encountered, 0 discovered, 0 enqueued
[79.222s][info][gc,ref      ] GC(145) Weak: 6389 encountered, 392 discovered, 0 enqueued
[79.222s][info][gc,ref      ] GC(145) Final: 84 encountered, 1 discovered, 0 enqueued
[79.222s][info][gc,ref      ] GC(145) Phantom: 616 encountered, 589 discovered, 0 enqueued
[79.222s][info][gc,reloc    ] GC(145) Small Pages: 440 / 880M, Empty: 0M, Relocated: 45M, In-Place: 0
[79.222s][info][gc,reloc    ] GC(145) Medium Pages: 1 / 32M, Empty: 0M, Relocated: 0M, In-Place: 0
[79.222s][info][gc,reloc    ] GC(145) Large Pages: 8 / 64M, Empty: 6M, Relocated: 0M, In-Place: 0
[79.222s][info][gc,reloc    ] GC(145) Forwarding Usage: 41M
[79.222s][info][gc,heap     ] GC(145) Min Capacity: 8M(0%)
[79.222s][info][gc,heap     ] GC(145) Max Capacity: 2048M(100%)
[79.222s][info][gc,heap     ] GC(145) Soft Max Capacity: 2048M(100%)
[79.222s][info][gc,heap     ] GC(145)                Mark Start          Mark End        Relocate Start      Relocate End           High               Low         
[79.222s][info][gc,heap     ] GC(145)  Capacity:     2048M (100%)       2048M (100%)       2048M (100%)       2048M (100%)       2048M (100%)       2048M (100%)   
[79.222s][info][gc,heap     ] GC(145)      Free:     1072M (52%)        1008M (49%)        1014M (50%)        1490M (73%)        1490M (73%)         994M (49%)    
[79.222s][info][gc,heap     ] GC(145)      Used:      976M (48%)        1040M (51%)        1034M (50%)         558M (27%)        1054M (51%)         558M (27%)    
[79.222s][info][gc,heap     ] GC(145)      Live:         -               396M (19%)         396M (19%)         396M (19%)            -                  -          
[79.222s][info][gc,heap     ] GC(145) Allocated:         -                64M (3%)           64M (3%)           64M (3%)             -                  -          
[79.222s][info][gc,heap     ] GC(145)   Garbage:         -               579M (28%)         573M (28%)          97M (5%)             -                  -          
[79.222s][info][gc,heap     ] GC(145) Reclaimed:         -                  -                 6M (0%)          482M (24%)            -                  -          
[79.222s][info][gc          ] GC(145) Garbage Collection (Allocation Rate) 976M(48%)->558M(27%)
[79.582s][info][gc,start    ] GC(146) Garbage Collection (Allocation Rate)
[79.582s][info][gc,task     ] GC(146) Using 10 workers
[79.582s][info][gc,phases   ] GC(146) Pause Mark Start 0.011ms
[79.739s][info][gc,phases   ] GC(146) Concurrent Mark 156.914ms
[79.739s][info][gc,phases   ] GC(146) Pause Mark End 0.020ms
[79.739s][info][gc,phases   ] GC(146) Concurrent Mark Free 0.001ms
[79.742s][info][gc,phases   ] GC(146) Concurrent Process Non-Strong References 2.285ms
[79.742s][info][gc,phases   ] GC(146) Concurrent Reset Relocation Set 0.039ms
[79.751s][info][gc,phases   ] GC(146) Concurrent Select Relocation Set 8.667ms
[79.751s][info][gc,phases   ] GC(146) Pause Relocate Start 0.010ms
[79.762s][info][gc,phases   ] GC(146) Concurrent Relocate 11.434ms
[79.762s][info][gc,load     ] GC(146) Load: 0.00/0.00/0.00
[79.762s][info][gc,mmu      ] GC(146) MMU: 2ms/96.8%, 5ms/98.7%, 10ms/99.3%, 20ms/99.6%, 50ms/99.8%, 100ms/99.9%
[79.762s][info][gc,marking  ] GC(146) Mark: 8 stripe(s), 2 proactive flush(es), 1 terminate flush(es), 0 completion(s), 0 continuation(s) 
[79.762s][info][gc,marking  ] GC(146) Mark Stack Usage: 32M
[79.763s][info][gc,nmethod  ] GC(146) NMethods: 6666 registered, 4356 unregistered
[79.763s][info][gc,metaspace] GC(146) Metaspace: 65M used, 66M committed, 1088M reserved
[79.763s][info][gc,ref      ] GC(146) Soft: 3300 encountered, 0 discovered, 0 enqueued
[79.763s][info][gc,ref      ] GC(146) Weak: 6530 encountered, 2065 discovered, 67 enqueued
[79.763s][info][gc,ref      ] GC(146) Final: 84 encountered, 3 discovered, 0 enqueued
[79.763s][info][gc,ref      ] GC(146) Phantom: 619 encountered, 311 discovered, 0 enqueued
[79.763s][info][gc,reloc    ] GC(146) Small Pages: 227 / 454M, Empty: 76M, Relocated: 17M, In-Place: 0
[79.763s][info][gc,reloc    ] GC(146) Medium Pages: 2 / 64M, Empty: 32M, Relocated: 0M, In-Place: 0
[79.763s][info][gc,reloc    ] GC(146) Large Pages: 7 / 58M, Empty: 18M, Relocated: 0M, In-Place: 0
[79.763s][info][gc,reloc    ] GC(146) Forwarding Usage: 14M
[79.763s][info][gc,heap     ] GC(146) Min Capacity: 8M(0%)
[79.763s][info][gc,heap     ] GC(146) Max Capacity: 2048M(100%)
[79.763s][info][gc,heap     ] GC(146) Soft Max Capacity: 2048M(100%)
[79.763s][info][gc,heap     ] GC(146)                Mark Start          Mark End        Relocate Start      Relocate End           High               Low         
[79.763s][info][gc,heap     ] GC(146)  Capacity:     2048M (100%)       2048M (100%)       2048M (100%)       2048M (100%)       2048M (100%)       2048M (100%)   
[79.763s][info][gc,heap     ] GC(146)      Free:     1472M (72%)        1432M (70%)        1556M (76%)        1622M (79%)        1622M (79%)        1430M (70%)    
[79.763s][info][gc,heap     ] GC(146)      Used:      576M (28%)         616M (30%)         492M (24%)         426M (21%)         618M (30%)         426M (21%)    
[79.763s][info][gc,heap     ] GC(146)      Live:         -               306M (15%)         306M (15%)         306M (15%)            -                  -          
[79.763s][info][gc,heap     ] GC(146) Allocated:         -                40M (2%)           42M (2%)           41M (2%)             -                  -          
[79.763s][info][gc,heap     ] GC(146)   Garbage:         -               269M (13%)         143M (7%)           77M (4%)             -                  -          
[79.763s][info][gc,heap     ] GC(146) Reclaimed:         -                  -               126M (6%)          191M (9%)             -                  -          
[79.763s][info][gc          ] GC(146) Garbage Collection (Allocation Rate) 576M(28%)->426M(21%)
[79.770s][info][gc,start    ] GC(147) Garbage Collection (Allocation Rate)
[79.771s][info][gc,task     ] GC(147) Using 10 workers
[79.771s][info][gc,phases   ] GC(147) Pause Mark Start 0.014ms
[79.846s][info][gc,phases   ] GC(147) Concurrent Mark 75.212ms
[79.846s][info][gc,phases   ] GC(147) Pause Mark End 0.020ms
[79.846s][info][gc,phases   ] GC(147) Concurrent Mark Free 0.001ms
[79.849s][info][gc,phases   ] GC(147) Concurrent Process Non-Strong References 3.171ms
[79.849s][info][gc,phases   ] GC(147) Concurrent Reset Relocation Set 0.010ms
[79.854s][info][gc,phases   ] GC(147) Concurrent Select Relocation Set 5.007ms
[79.855s][info][gc,phases   ] GC(147) Pause Relocate Start 0.009ms
[79.858s][info][gc,phases   ] GC(147) Concurrent Relocate 3.302ms
[79.858s][info][gc,load     ] GC(147) Load: 0.00/0.00/0.00
[79.858s][info][gc,mmu      ] GC(147) MMU: 2ms/96.8%, 5ms/98.7%, 10ms/99.3%, 20ms/99.6%, 50ms/99.8%, 100ms/99.9%
[79.858s][info][gc,marking  ] GC(147) Mark: 8 stripe(s), 2 proactive flush(es), 1 terminate flush(es), 0 completion(s), 0 continuation(s) 
[79.858s][info][gc,marking  ] GC(147) Mark Stack Usage: 32M
[79.858s][info][gc,nmethod  ] GC(147) NMethods: 6450 registered, 4600 unregistered
[79.858s][info][gc,metaspace] GC(147) Metaspace: 65M used, 66M committed, 1088M reserved
[79.858s][info][gc,ref      ] GC(147) Soft: 3296 encountered, 0 discovered, 0 enqueued
[79.858s][info][gc,ref      ] GC(147) Weak: 6473 encountered, 1826 discovered, 9 enqueued
[79.858s][info][gc,ref      ] GC(147) Final: 84 encountered, 45 discovered, 0 enqueued
[79.858s][info][gc,ref      ] GC(147) Phantom: 616 encountered, 585 discovered, 0 enqueued
[79.858s][info][gc,reloc    ] GC(147) Small Pages: 178 / 356M, Empty: 108M, Relocated: 6M, In-Place: 0
[79.858s][info][gc,reloc    ] GC(147) Medium Pages: 1 / 32M, Empty: 0M, Relocated: 0M, In-Place: 0
[79.858s][info][gc,reloc    ] GC(147) Large Pages: 5 / 46M, Empty: 46M, Relocated: 0M, In-Place: 0
[79.858s][info][gc,reloc    ] GC(147) Forwarding Usage: 3M
[79.858s][info][gc,heap     ] GC(147) Min Capacity: 8M(0%)
[79.858s][info][gc,heap     ] GC(147) Max Capacity: 2048M(100%)
[79.858s][info][gc,heap     ] GC(147) Soft Max Capacity: 2048M(100%)
[79.858s][info][gc,heap     ] GC(147)                Mark Start          Mark End        Relocate Start      Relocate End           High               Low         
[79.858s][info][gc,heap     ] GC(147)  Capacity:     2048M (100%)       2048M (100%)       2048M (100%)       2048M (100%)       2048M (100%)       2048M (100%)   
[79.858s][info][gc,heap     ] GC(147)      Free:     1614M (79%)        1502M (73%)        1652M (81%)        1700M (83%)        1700M (83%)        1498M (73%)    
[79.858s][info][gc,heap     ] GC(147)      Used:      434M (21%)         546M (27%)         396M (19%)         348M (17%)         550M (27%)         348M (17%)    
[79.858s][info][gc,heap     ] GC(147)      Live:         -               167M (8%)          167M (8%)          167M (8%)             -                  -          
[79.858s][info][gc,heap     ] GC(147) Allocated:         -               112M (5%)          116M (6%)          117M (6%)             -                  -          
[79.858s][info][gc,heap     ] GC(147)   Garbage:         -               266M (13%)         112M (6%)           62M (3%)             -                  -          
[79.858s][info][gc,heap     ] GC(147) Reclaimed:         -                  -               154M (8%)          203M (10%)            -                  -          
[79.858s][info][gc          ] GC(147) Garbage Collection (Allocation Rate) 434M(21%)->348M(17%)
[80.173s][info][gc,stats    ] === Garbage Collection Statistics =======================================================================================================================
[80.173s][info][gc,stats    ]                                                              Last 10s              Last 10m              Last 10h                Total
[80.173s][info][gc,stats    ]                                                              Avg / Max             Avg / Max             Avg / Max             Avg / Max
[80.173s][info][gc,stats    ]   Collector: Garbage Collection Cycle                    196.362 / 431.380     203.791 / 1113.016    203.791 / 1113.016    203.791 / 1113.016    ms
[80.173s][info][gc,stats    ]  Contention: Mark Segment Reset Contention                    26 / 45               17 / 154              17 / 154              17 / 154         ops/s
[80.173s][info][gc,stats    ]  Contention: Mark SeqNum Reset Contention                      1 / 4                 1 / 5                 1 / 5                 1 / 5           ops/s
[80.173s][info][gc,stats    ]    Critical: Allocation Stall                                  0 / 0                 0 / 5                 0 / 5                 0 / 5           ops/s
[80.173s][info][gc,stats    ]    Critical: Allocation Stall                              0.000 / 0.000        46.147 / 67.576       46.147 / 67.576       46.147 / 67.576      ms
[80.173s][info][gc,stats    ]    Critical: GC Locker Stall                                   0 / 0                 0 / 1                 0 / 1                 0 / 1           ops/s
[80.173s][info][gc,stats    ]    Critical: GC Locker Stall                               0.000 / 0.000         0.001 / 0.001         0.001 / 0.001         0.001 / 0.001       ms
[80.173s][info][gc,stats    ]    Critical: Relocation Stall                                  0 / 0                 0 / 3                 0 / 3                 0 / 3           ops/s
[80.173s][info][gc,stats    ]    Critical: Relocation Stall                              0.000 / 0.000         6.236 / 10.360        6.236 / 10.360        6.236 / 10.360      ms
[80.173s][info][gc,stats    ]      Memory: Allocation Rate                                1264 / 1788           1018 / 2860           1018 / 2860           1018 / 2860        MB/s
[80.173s][info][gc,stats    ]      Memory: Defragment                                        1 / 16                1 / 131               1 / 131               1 / 131         ops/s
[80.173s][info][gc,stats    ]      Memory: Out Of Memory                                     0 / 0                 0 / 0                 0 / 0                 0 / 0           ops/s
[80.173s][info][gc,stats    ]      Memory: Page Cache Flush                                 13 / 88               18 / 356              18 / 356              18 / 356         MB/s
[80.173s][info][gc,stats    ]      Memory: Page Cache Hit L1                               633 / 938             495 / 1290            495 / 1290            495 / 1290        ops/s
[80.174s][info][gc,stats    ]      Memory: Page Cache Hit L2                                 0 / 0                 0 / 0                 0 / 0                 0 / 0           ops/s
[80.174s][info][gc,stats    ]      Memory: Page Cache Hit L3                                 1 / 11               14 / 362              14 / 362              14 / 362         ops/s
[80.174s][info][gc,stats    ]      Memory: Page Cache Miss                                   0 / 6                 1 / 32                1 / 32                1 / 32          ops/s
[80.174s][info][gc,stats    ]      Memory: Uncommit                                          0 / 0                 0 / 0                 0 / 0                 0 / 0           MB/s
[80.174s][info][gc,stats    ]      Memory: Undo Object Allocation Failed                     2 / 9                 2 / 38                2 / 38                2 / 38          ops/s
[80.174s][info][gc,stats    ]      Memory: Undo Object Allocation Succeeded                112 / 1095             29 / 1098             29 / 1098             29 / 1098        ops/s
[80.174s][info][gc,stats    ]      Memory: Undo Page Allocation                             28 / 82               21 / 123              21 / 123              21 / 123         ops/s
[80.174s][info][gc,stats    ]       Phase: Concurrent Mark                             147.114 / 296.350     156.181 / 1077.882    156.181 / 1077.882    156.181 / 1077.882    ms
[80.174s][info][gc,stats    ]       Phase: Concurrent Mark Continue                      0.000 / 0.000         0.000 / 0.000         0.000 / 0.000         0.000 / 0.000       ms
[80.174s][info][gc,stats    ]       Phase: Concurrent Mark Free                          0.001 / 0.001         0.001 / 0.002         0.001 / 0.002         0.001 / 0.002       ms
[80.174s][info][gc,stats    ]       Phase: Concurrent Process Non-Strong References      2.670 / 9.532         3.181 / 16.614        3.181 / 16.614        3.181 / 16.614      ms
[80.174s][info][gc,stats    ]       Phase: Concurrent Relocate                          24.042 / 85.400       24.039 / 107.720      24.039 / 107.720      24.039 / 107.720     ms
[80.174s][info][gc,stats    ]       Phase: Concurrent Reset Relocation Set               0.040 / 0.095         0.036 / 0.157         0.036 / 0.157         0.036 / 0.157       ms
[80.174s][info][gc,stats    ]       Phase: Concurrent Select Relocation Set             19.596 / 43.101       17.408 / 57.787       17.408 / 57.787       17.408 / 57.787      ms
[80.174s][info][gc,stats    ]       Phase: Pause Mark End                                0.029 / 0.043         0.026 / 0.063         0.026 / 0.063         0.026 / 0.063       ms
[80.174s][info][gc,stats    ]       Phase: Pause Mark Start                              0.014 / 0.018         0.014 / 0.059         0.014 / 0.059         0.014 / 0.059       ms
[80.174s][info][gc,stats    ]       Phase: Pause Relocate Start                          0.010 / 0.013         0.009 / 0.014         0.009 / 0.014         0.009 / 0.014       ms
[80.174s][info][gc,stats    ]    Subphase: Concurrent Classes Purge                      0.366 / 6.469         0.165 / 6.469         0.165 / 6.469         0.165 / 6.469       ms
[80.174s][info][gc,stats    ]    Subphase: Concurrent Classes Unlink                     1.667 / 4.167         2.296 / 13.817        2.296 / 13.817        2.296 / 13.817      ms
[80.174s][info][gc,stats    ]    Subphase: Concurrent Mark                             134.458 / 284.399     143.929 / 1074.330    143.929 / 1074.330    143.929 / 1074.330    ms
[80.174s][info][gc,stats    ]    Subphase: Concurrent Mark Try Flush                     0.141 / 0.333         0.122 / 0.404         0.122 / 0.404         0.122 / 0.404       ms
[80.174s][info][gc,stats    ]    Subphase: Concurrent Mark Try Terminate                 8.968 / 15.649       10.712 / 16.666       10.712 / 16.666       10.712 / 16.666      ms
[80.174s][info][gc,stats    ]    Subphase: Concurrent References Enqueue                 0.002 / 0.005         0.002 / 0.005         0.002 / 0.005         0.002 / 0.005       ms
[80.174s][info][gc,stats    ]    Subphase: Concurrent References Process                 0.128 / 0.314         0.128 / 0.333         0.128 / 0.333         0.128 / 0.333       ms
[80.174s][info][gc,stats    ]    Subphase: Concurrent Roots ClassLoaderDataGraph         0.104 / 0.729         0.095 / 0.915         0.095 / 0.915         0.095 / 0.915       ms
[80.174s][info][gc,stats    ]    Subphase: Concurrent Roots CodeCache                    0.000 / 0.000         0.000 / 0.000         0.000 / 0.000         0.000 / 0.000       ms
[80.174s][info][gc,stats    ]    Subphase: Concurrent Roots JavaThreads                  6.739 / 11.710        6.925 / 13.140        6.925 / 13.140        6.925 / 13.140      ms
[80.174s][info][gc,stats    ]    Subphase: Concurrent Roots OopStorageSet                0.032 / 0.078         0.029 / 0.277         0.029 / 0.277         0.029 / 0.277       ms
[80.175s][info][gc,stats    ]    Subphase: Concurrent Weak Roots OopStorageSet           0.226 / 0.669         0.234 / 1.572         0.234 / 1.572         0.234 / 1.572       ms
[80.175s][info][gc,stats    ]    Subphase: Pause Mark Try Complete                       0.000 / 0.000         0.002 / 0.006         0.002 / 0.006         0.002 / 0.006       ms
[80.175s][info][gc,stats    ]      System: Java Threads                                    277 / 279             208 / 280             208 / 280             208 / 280         threads
[80.175s][info][gc,stats    ] =========================================================================================================================================================
[80.376s][info][gc,start    ] GC(148) Garbage Collection (Allocation Rate)
[80.376s][info][gc,task     ] GC(148) Using 10 workers
[80.376s][info][gc,phases   ] GC(148) Pause Mark Start 0.017ms
[80.516s][info][gc,phases   ] GC(148) Concurrent Mark 140.221ms
[80.517s][info][gc,phases   ] GC(148) Pause Mark End 0.022ms
[80.517s][info][gc,phases   ] GC(148) Concurrent Mark Free 0.001ms
[80.519s][info][gc,phases   ] GC(148) Concurrent Process Non-Strong References 2.137ms
[80.519s][info][gc,phases   ] GC(148) Concurrent Reset Relocation Set 0.004ms
[80.545s][info][gc,phases   ] GC(148) Concurrent Select Relocation Set 26.258ms
[80.545s][info][gc,phases   ] GC(148) Pause Relocate Start 0.009ms
[80.588s][info][gc,phases   ] GC(148) Concurrent Relocate 42.676ms
[80.588s][info][gc,load     ] GC(148) Load: 0.00/0.00/0.00
[80.588s][info][gc,mmu      ] GC(148) MMU: 2ms/96.8%, 5ms/98.7%, 10ms/99.3%, 20ms/99.6%, 50ms/99.8%, 100ms/99.9%
[80.588s][info][gc,marking  ] GC(148) Mark: 8 stripe(s), 2 proactive flush(es), 1 terminate flush(es), 0 completion(s), 0 continuation(s) 
[80.588s][info][gc,marking  ] GC(148) Mark Stack Usage: 32M
[80.588s][info][gc,nmethod  ] GC(148) NMethods: 6446 registered, 4606 unregistered
[80.588s][info][gc,metaspace] GC(148) Metaspace: 65M used, 66M committed, 1088M reserved
[80.588s][info][gc,ref      ] GC(148) Soft: 3304 encountered, 0 discovered, 0 enqueued
[80.588s][info][gc,ref      ] GC(148) Weak: 6593 encountered, 2063 discovered, 148 enqueued
[80.588s][info][gc,ref      ] GC(148) Final: 84 encountered, 33 discovered, 0 enqueued
[80.588s][info][gc,ref      ] GC(148) Phantom: 616 encountered, 544 discovered, 0 enqueued
[80.588s][info][gc,reloc    ] GC(148) Small Pages: 548 / 1096M, Empty: 38M, Relocated: 124M, In-Place: 0
[80.588s][info][gc,reloc    ] GC(148) Medium Pages: 3 / 96M, Empty: 32M, Relocated: 14M, In-Place: 0
[80.588s][info][gc,reloc    ] GC(148) Large Pages: 12 / 72M, Empty: 24M, Relocated: 0M, In-Place: 0
[80.589s][info][gc,reloc    ] GC(148) Forwarding Usage: 82M
[80.589s][info][gc,heap     ] GC(148) Min Capacity: 8M(0%)
[80.589s][info][gc,heap     ] GC(148) Max Capacity: 2048M(100%)
[80.589s][info][gc,heap     ] GC(148) Soft Max Capacity: 2048M(100%)
[80.589s][info][gc,heap     ] GC(148)                Mark Start          Mark End        Relocate Start      Relocate End           High               Low         
[80.589s][info][gc,heap     ] GC(148)  Capacity:     2048M (100%)       2048M (100%)       2048M (100%)       2048M (100%)       2048M (100%)       2048M (100%)   
[80.589s][info][gc,heap     ] GC(148)      Free:      784M (38%)         518M (25%)         546M (27%)        1268M (62%)        1268M (62%)         500M (24%)    
[80.589s][info][gc,heap     ] GC(148)      Used:     1264M (62%)        1530M (75%)        1502M (73%)         780M (38%)        1548M (76%)         780M (38%)    
[80.589s][info][gc,heap     ] GC(148)      Live:         -               343M (17%)         343M (17%)         343M (17%)            -                  -          
[80.589s][info][gc,heap     ] GC(148) Allocated:         -               266M (13%)         332M (16%)         378M (18%)            -                  -          
[80.589s][info][gc,heap     ] GC(148)   Garbage:         -               920M (45%)         826M (40%)          58M (3%)             -                  -          
[80.589s][info][gc,heap     ] GC(148) Reclaimed:         -                  -                94M (5%)          862M (42%)            -                  -          
[80.589s][info][gc          ] GC(148) Garbage Collection (Allocation Rate) 1264M(62%)->780M(38%)
[80.673s][info][gc,start    ] GC(149) Garbage Collection (Allocation Rate)
[80.673s][info][gc,task     ] GC(149) Using 12 workers
[80.673s][info][gc,phases   ] GC(149) Pause Mark Start 0.017ms
[80.844s][info][gc,phases   ] GC(149) Concurrent Mark 171.318ms
[80.845s][info][gc,phases   ] GC(149) Pause Mark End 0.018ms
[80.845s][info][gc,phases   ] GC(149) Concurrent Mark Free 0.001ms
[80.847s][info][gc,phases   ] GC(149) Concurrent Process Non-Strong References 1.813ms
[80.847s][info][gc,phases   ] GC(149) Concurrent Reset Relocation Set 0.078ms
[80.856s][info][gc,phases   ] GC(149) Concurrent Select Relocation Set 9.277ms
[80.856s][info][gc,phases   ] GC(149) Pause Relocate Start 0.007ms
[80.875s][info][gc,phases   ] GC(149) Concurrent Relocate 18.690ms
[80.875s][info][gc,load     ] GC(149) Load: 0.00/0.00/0.00
[80.875s][info][gc,mmu      ] GC(149) MMU: 2ms/96.8%, 5ms/98.7%, 10ms/99.3%, 20ms/99.6%, 50ms/99.8%, 100ms/99.9%
[80.875s][info][gc,marking  ] GC(149) Mark: 8 stripe(s), 2 proactive flush(es), 1 terminate flush(es), 0 completion(s), 0 continuation(s) 
[80.875s][info][gc,marking  ] GC(149) Mark Stack Usage: 32M
[80.875s][info][gc,nmethod  ] GC(149) NMethods: 6446 registered, 4607 unregistered
[80.875s][info][gc,metaspace] GC(149) Metaspace: 65M used, 66M committed, 1088M reserved
[80.875s][info][gc,ref      ] GC(149) Soft: 3304 encountered, 0 discovered, 0 enqueued
[80.875s][info][gc,ref      ] GC(149) Weak: 6449 encountered, 2809 discovered, 6 enqueued
[80.875s][info][gc,ref      ] GC(149) Final: 84 encountered, 7 discovered, 0 enqueued
[80.875s][info][gc,ref      ] GC(149) Phantom: 616 encountered, 284 discovered, 0 enqueued
[80.875s][info][gc,reloc    ] GC(149) Small Pages: 378 / 756M, Empty: 0M, Relocated: 38M, In-Place: 0
[80.875s][info][gc,reloc    ] GC(149) Medium Pages: 1 / 32M, Empty: 0M, Relocated: 0M, In-Place: 0
[80.875s][info][gc,reloc    ] GC(149) Large Pages: 12 / 88M, Empty: 24M, Relocated: 0M, In-Place: 0
[80.875s][info][gc,reloc    ] GC(149) Forwarding Usage: 31M
[80.875s][info][gc,heap     ] GC(149) Min Capacity: 8M(0%)
[80.875s][info][gc,heap     ] GC(149) Max Capacity: 2048M(100%)
[80.875s][info][gc,heap     ] GC(149) Soft Max Capacity: 2048M(100%)
[80.875s][info][gc,heap     ] GC(149)                Mark Start          Mark End        Relocate Start      Relocate End           High               Low         
[80.875s][info][gc,heap     ] GC(149)  Capacity:     2048M (100%)       2048M (100%)       2048M (100%)       2048M (100%)       2048M (100%)       2048M (100%)   
[80.875s][info][gc,heap     ] GC(149)      Free:     1172M (57%)         904M (44%)         908M (44%)        1280M (63%)        1280M (63%)         884M (43%)    
[80.875s][info][gc,heap     ] GC(149)      Used:      876M (43%)        1144M (56%)        1140M (56%)         768M (38%)        1164M (57%)         768M (38%)    
[80.875s][info][gc,heap     ] GC(149)      Live:         -               385M (19%)         385M (19%)         385M (19%)            -                  -          
[80.875s][info][gc,heap     ] GC(149) Allocated:         -               268M (13%)         288M (14%)         311M (15%)            -                  -          
[80.875s][info][gc,heap     ] GC(149)   Garbage:         -               490M (24%)         466M (23%)          71M (3%)             -                  -          
[80.875s][info][gc,heap     ] GC(149) Reclaimed:         -                  -                24M (1%)          419M (20%)            -                  -          
[80.875s][info][gc          ] GC(149) Garbage Collection (Allocation Rate) 876M(43%)->768M(38%)
[80.876s][info][gc,start    ] GC(150) Garbage Collection (Allocation Rate)
[80.876s][info][gc,task     ] GC(150) Using 12 workers
[80.876s][info][gc,phases   ] GC(150) Pause Mark Start 0.010ms
[81.032s][info][gc,phases   ] GC(150) Concurrent Mark 155.804ms
[81.032s][info][gc,phases   ] GC(150) Pause Mark End 0.020ms
[81.032s][info][gc,phases   ] GC(150) Concurrent Mark Free 0.000ms
[81.034s][info][gc,phases   ] GC(150) Concurrent Process Non-Strong References 1.735ms
[81.034s][info][gc,phases   ] GC(150) Concurrent Reset Relocation Set 0.022ms
[81.038s][info][gc,phases   ] GC(150) Concurrent Select Relocation Set 3.735ms
[81.038s][info][gc,phases   ] GC(150) Pause Relocate Start 0.008ms
[81.052s][info][gc,phases   ] GC(150) Concurrent Relocate 13.974ms
[81.052s][info][gc,load     ] GC(150) Load: 0.00/0.00/0.00
[81.052s][info][gc,mmu      ] GC(150) MMU: 2ms/96.8%, 5ms/98.7%, 10ms/99.3%, 20ms/99.6%, 50ms/99.8%, 100ms/99.9%
[81.052s][info][gc,marking  ] GC(150) Mark: 8 stripe(s), 2 proactive flush(es), 1 terminate flush(es), 0 completion(s), 0 continuation(s) 
[81.052s][info][gc,marking  ] GC(150) Mark Stack Usage: 32M
[81.052s][info][gc,nmethod  ] GC(150) NMethods: 6446 registered, 4607 unregistered
[81.052s][info][gc,metaspace] GC(150) Metaspace: 65M used, 66M committed, 1088M reserved
[81.052s][info][gc,ref      ] GC(150) Soft: 3304 encountered, 0 discovered, 0 enqueued
[81.052s][info][gc,ref      ] GC(150) Weak: 6443 encountered, 2501 discovered, 0 enqueued
[81.052s][info][gc,ref      ] GC(150) Final: 84 encountered, 33 discovered, 0 enqueued
[81.052s][info][gc,ref      ] GC(150) Phantom: 616 encountered, 595 discovered, 0 enqueued
[81.052s][info][gc,reloc    ] GC(150) Small Pages: 337 / 674M, Empty: 0M, Relocated: 31M, In-Place: 0
[81.052s][info][gc,reloc    ] GC(150) Medium Pages: 1 / 32M, Empty: 0M, Relocated: 0M, In-Place: 0
[81.052s][info][gc,reloc    ] GC(150) Large Pages: 8 / 64M, Empty: 0M, Relocated: 0M, In-Place: 0
[81.052s][info][gc,reloc    ] GC(150) Forwarding Usage: 26M
[81.052s][info][gc,heap     ] GC(150) Min Capacity: 8M(0%)
[81.052s][info][gc,heap     ] GC(150) Max Capacity: 2048M(100%)
[81.052s][info][gc,heap     ] GC(150) Soft Max Capacity: 2048M(100%)
[81.052s][info][gc,heap     ] GC(150)                Mark Start          Mark End        Relocate Start      Relocate End           High               Low         
[81.052s][info][gc,heap     ] GC(150)  Capacity:     2048M (100%)       2048M (100%)       2048M (100%)       2048M (100%)       2048M (100%)       2048M (100%)   
[81.052s][info][gc,heap     ] GC(150)      Free:     1278M (62%)        1024M (50%)        1014M (50%)        1288M (63%)        1288M (63%)         986M (48%)    
[81.052s][info][gc,heap     ] GC(150)      Used:      770M (38%)        1024M (50%)        1034M (50%)         760M (37%)        1062M (52%)         760M (37%)    
[81.052s][info][gc,heap     ] GC(150)      Live:         -               402M (20%)         402M (20%)         402M (20%)            -                  -          
[81.052s][info][gc,heap     ] GC(150) Allocated:         -               254M (12%)         264M (13%)         281M (14%)            -                  -          
[81.052s][info][gc,heap     ] GC(150)   Garbage:         -               367M (18%)         367M (18%)          76M (4%)             -                  -          
[81.052s][info][gc,heap     ] GC(150) Reclaimed:         -                  -                 0M (0%)          291M (14%)            -                  -          
[81.052s][info][gc          ] GC(150) Garbage Collection (Allocation Rate) 770M(38%)->760M(37%)
[81.079s][info][gc,start    ] GC(151) Garbage Collection (Allocation Rate)
[81.079s][info][gc,task     ] GC(151) Using 12 workers
[81.079s][info][gc,phases   ] GC(151) Pause Mark Start 0.013ms
[81.251s][info][gc,phases   ] GC(151) Concurrent Mark 171.524ms
[81.251s][info][gc,phases   ] GC(151) Pause Mark End 0.033ms
[81.251s][info][gc,phases   ] GC(151) Concurrent Mark Free 0.001ms
[81.253s][info][gc,phases   ] GC(151) Concurrent Process Non-Strong References 1.694ms
[81.253s][info][gc,phases   ] GC(151) Concurrent Reset Relocation Set 0.026ms
[81.256s][info][gc,phases   ] GC(151) Concurrent Select Relocation Set 3.519ms
[81.256s][info][gc,phases   ] GC(151) Pause Relocate Start 0.008ms
[81.270s][info][gc,phases   ] GC(151) Concurrent Relocate 13.926ms
[81.270s][info][gc,load     ] GC(151) Load: 0.00/0.00/0.00
[81.270s][info][gc,mmu      ] GC(151) MMU: 2ms/96.8%, 5ms/98.7%, 10ms/99.3%, 20ms/99.6%, 50ms/99.8%, 100ms/99.9%
[81.270s][info][gc,marking  ] GC(151) Mark: 8 stripe(s), 3 proactive flush(es), 1 terminate flush(es), 0 completion(s), 0 continuation(s) 
[81.270s][info][gc,marking  ] GC(151) Mark Stack Usage: 32M
[81.270s][info][gc,nmethod  ] GC(151) NMethods: 6446 registered, 4607 unregistered
[81.270s][info][gc,metaspace] GC(151) Metaspace: 65M used, 66M committed, 1088M reserved
[81.270s][info][gc,ref      ] GC(151) Soft: 3304 encountered, 0 discovered, 0 enqueued
[81.270s][info][gc,ref      ] GC(151) Weak: 6443 encountered, 2778 discovered, 0 enqueued
[81.271s][info][gc,ref      ] GC(151) Final: 84 encountered, 4 discovered, 0 enqueued
[81.271s][info][gc,ref      ] GC(151) Phantom: 616 encountered, 476 discovered, 0 enqueued
[81.271s][info][gc,reloc    ] GC(151) Small Pages: 354 / 708M, Empty: 0M, Relocated: 26M, In-Place: 0
[81.271s][info][gc,reloc    ] GC(151) Medium Pages: 1 / 32M, Empty: 0M, Relocated: 0M, In-Place: 0
[81.271s][info][gc,reloc    ] GC(151) Large Pages: 8 / 64M, Empty: 0M, Relocated: 0M, In-Place: 0
[81.271s][info][gc,reloc    ] GC(151) Forwarding Usage: 24M
[81.271s][info][gc,heap     ] GC(151) Min Capacity: 8M(0%)
[81.271s][info][gc,heap     ] GC(151) Max Capacity: 2048M(100%)
[81.271s][info][gc,heap     ] GC(151) Soft Max Capacity: 2048M(100%)
[81.271s][info][gc,heap     ] GC(151)                Mark Start          Mark End        Relocate Start      Relocate End           High               Low         
[81.271s][info][gc,heap     ] GC(151)  Capacity:     2048M (100%)       2048M (100%)       2048M (100%)       2048M (100%)       2048M (100%)       2048M (100%)   
[81.271s][info][gc,heap     ] GC(151)      Free:     1244M (61%)        1050M (51%)        1048M (51%)        1324M (65%)        1352M (66%)        1024M (50%)    
[81.271s][info][gc,heap     ] GC(151)      Used:      804M (39%)         998M (49%)        1000M (49%)         724M (35%)        1024M (50%)         696M (34%)    
[81.271s][info][gc,heap     ] GC(151)      Live:         -               416M (20%)         416M (20%)         416M (20%)            -                  -          
[81.271s][info][gc,heap     ] GC(151) Allocated:         -               194M (9%)          196M (10%)         227M (11%)            -                  -          
[81.271s][info][gc,heap     ] GC(151)   Garbage:         -               387M (19%)         387M (19%)          80M (4%)             -                  -          
[81.271s][info][gc,heap     ] GC(151) Reclaimed:         -                  -                 0M (0%)          307M (15%)            -                  -          
[81.271s][info][gc          ] GC(151) Garbage Collection (Allocation Rate) 804M(39%)->724M(35%)
[81.883s][info][gc,start    ] GC(152) Garbage Collection (Allocation Rate)
[81.883s][info][gc,task     ] GC(152) Using 12 workers
[81.884s][info][gc,phases   ] GC(152) Pause Mark Start 0.012ms
[81.962s][info][gc,phases   ] GC(152) Concurrent Mark 77.733ms
[81.962s][info][gc,phases   ] GC(152) Pause Mark End 0.028ms
[81.962s][info][gc,phases   ] GC(152) Concurrent Mark Free 0.001ms
[81.964s][info][gc,phases   ] GC(152) Concurrent Process Non-Strong References 1.883ms
[81.964s][info][gc,phases   ] GC(152) Concurrent Reset Relocation Set 0.031ms
[81.968s][info][gc,phases   ] GC(152) Concurrent Select Relocation Set 4.198ms
[81.968s][info][gc,phases   ] GC(152) Pause Relocate Start 0.008ms
[81.978s][info][gc,phases   ] GC(152) Concurrent Relocate 10.406ms
[81.978s][info][gc,load     ] GC(152) Load: 0.00/0.00/0.00
[81.979s][info][gc,mmu      ] GC(152) MMU: 2ms/96.8%, 5ms/98.7%, 10ms/99.3%, 20ms/99.6%, 50ms/99.8%, 100ms/99.9%
[81.979s][info][gc,marking  ] GC(152) Mark: 8 stripe(s), 2 proactive flush(es), 1 terminate flush(es), 0 completion(s), 0 continuation(s) 
[81.979s][info][gc,marking  ] GC(152) Mark Stack Usage: 32M
[81.979s][info][gc,nmethod  ] GC(152) NMethods: 6462 registered, 4609 unregistered
[81.979s][info][gc,metaspace] GC(152) Metaspace: 65M used, 66M committed, 1088M reserved
[81.979s][info][gc,ref      ] GC(152) Soft: 3300 encountered, 0 discovered, 0 enqueued
[81.979s][info][gc,ref      ] GC(152) Weak: 6657 encountered, 2409 discovered, 119 enqueued
[81.979s][info][gc,ref      ] GC(152) Final: 84 encountered, 28 discovered, 0 enqueued
[81.979s][info][gc,ref      ] GC(152) Phantom: 619 encountered, 465 discovered, 0 enqueued
[81.979s][info][gc,reloc    ] GC(152) Small Pages: 367 / 734M, Empty: 404M, Relocated: 10M, In-Place: 0
[81.979s][info][gc,reloc    ] GC(152) Medium Pages: 3 / 96M, Empty: 0M, Relocated: 15M, In-Place: 0
[81.979s][info][gc,reloc    ] GC(152) Large Pages: 9 / 70M, Empty: 70M, Relocated: 0M, In-Place: 0
[81.979s][info][gc,reloc    ] GC(152) Forwarding Usage: 9M
[81.979s][info][gc,heap     ] GC(152) Min Capacity: 8M(0%)
[81.979s][info][gc,heap     ] GC(152) Max Capacity: 2048M(100%)
[81.979s][info][gc,heap     ] GC(152) Soft Max Capacity: 2048M(100%)
[81.979s][info][gc,heap     ] GC(152)                Mark Start          Mark End        Relocate Start      Relocate End           High               Low         
[81.979s][info][gc,heap     ] GC(152)  Capacity:     2048M (100%)       2048M (100%)       2048M (100%)       2048M (100%)       2048M (100%)       2048M (100%)   
[81.979s][info][gc,heap     ] GC(152)      Free:     1148M (56%)        1042M (51%)        1510M (74%)        1694M (83%)        1694M (83%)        1042M (51%)    
[81.979s][info][gc,heap     ] GC(152)      Used:      900M (44%)        1006M (49%)         538M (26%)         354M (17%)        1006M (49%)         354M (17%)    
[81.979s][info][gc,heap     ] GC(152)      Live:         -               179M (9%)          179M (9%)          179M (9%)             -                  -          
[81.979s][info][gc,heap     ] GC(152) Allocated:         -               106M (5%)          112M (5%)          113M (6%)             -                  -          
[81.979s][info][gc,heap     ] GC(152)   Garbage:         -               720M (35%)         246M (12%)          60M (3%)             -                  -          
[81.979s][info][gc,heap     ] GC(152) Reclaimed:         -                  -               474M (23%)         659M (32%)            -                  -          
[81.979s][info][gc          ] GC(152) Garbage Collection (Allocation Rate) 900M(44%)->354M(17%)
[82.870s][info][gc,start    ] GC(153) Garbage Collection (Allocation Rate)
[82.870s][info][gc,task     ] GC(153) Using 12 workers
[82.870s][info][gc,phases   ] GC(153) Pause Mark Start 0.012ms
[82.964s][info][gc,phases   ] GC(153) Concurrent Mark 93.314ms
[82.964s][info][gc,phases   ] GC(153) Pause Mark End 0.038ms
[82.964s][info][gc,phases   ] GC(153) Concurrent Mark Free 0.001ms
[82.966s][info][gc,phases   ] GC(153) Concurrent Process Non-Strong References 2.393ms
[82.966s][info][gc,phases   ] GC(153) Concurrent Reset Relocation Set 0.011ms
[82.984s][info][gc,phases   ] GC(153) Concurrent Select Relocation Set 17.837ms
[82.984s][info][gc,phases   ] GC(153) Pause Relocate Start 0.011ms
[83.003s][info][gc,phases   ] GC(153) Concurrent Relocate 18.179ms
[83.003s][info][gc,load     ] GC(153) Load: 0.00/0.00/0.00
[83.003s][info][gc,mmu      ] GC(153) MMU: 2ms/96.8%, 5ms/98.7%, 10ms/99.3%, 20ms/99.6%, 50ms/99.8%, 100ms/99.9%
[83.003s][info][gc,marking  ] GC(153) Mark: 8 stripe(s), 8 proactive flush(es), 2 terminate flush(es), 0 completion(s), 0 continuation(s) 
[83.003s][info][gc,marking  ] GC(153) Mark Stack Usage: 32M
[83.003s][info][gc,nmethod  ] GC(153) NMethods: 6386 registered, 4734 unregistered
[83.003s][info][gc,metaspace] GC(153) Metaspace: 65M used, 66M committed, 1088M reserved
[83.003s][info][gc,ref      ] GC(153) Soft: 3304 encountered, 0 discovered, 0 enqueued
[83.003s][info][gc,ref      ] GC(153) Weak: 6772 encountered, 3050 discovered, 285 enqueued
[83.003s][info][gc,ref      ] GC(153) Final: 84 encountered, 49 discovered, 0 enqueued
[83.003s][info][gc,ref      ] GC(153) Phantom: 631 encountered, 525 discovered, 0 enqueued
[83.003s][info][gc,reloc    ] GC(153) Small Pages: 509 / 1018M, Empty: 534M, Relocated: 27M, In-Place: 0
[83.003s][info][gc,reloc    ] GC(153) Medium Pages: 3 / 96M, Empty: 64M, Relocated: 0M, In-Place: 0
[83.003s][info][gc,reloc    ] GC(153) Large Pages: 14 / 84M, Empty: 60M, Relocated: 0M, In-Place: 0
[83.003s][info][gc,reloc    ] GC(153) Forwarding Usage: 27M
[83.003s][info][gc,heap     ] GC(153) Min Capacity: 8M(0%)
[83.003s][info][gc,heap     ] GC(153) Max Capacity: 2048M(100%)
[83.003s][info][gc,heap     ] GC(153) Soft Max Capacity: 2048M(100%)
[83.003s][info][gc,heap     ] GC(153)                Mark Start          Mark End        Relocate Start      Relocate End           High               Low         
[83.003s][info][gc,heap     ] GC(153)  Capacity:     2048M (100%)       2048M (100%)       2048M (100%)       2048M (100%)       2048M (100%)       2048M (100%)   
[83.003s][info][gc,heap     ] GC(153)      Free:      850M (42%)         810M (40%)        1460M (71%)        1716M (84%)        1716M (84%)         808M (39%)    
[83.003s][info][gc,heap     ] GC(153)      Used:     1198M (58%)        1238M (60%)         588M (29%)         332M (16%)        1240M (61%)         332M (16%)    
[83.003s][info][gc,heap     ] GC(153)      Live:         -               216M (11%)         216M (11%)         216M (11%)            -                  -          
[83.003s][info][gc,heap     ] GC(153) Allocated:         -                40M (2%)           48M (2%)           53M (3%)             -                  -          
[83.003s][info][gc,heap     ] GC(153)   Garbage:         -               981M (48%)         323M (16%)          61M (3%)             -                  -          
[83.003s][info][gc,heap     ] GC(153) Reclaimed:         -                  -               658M (32%)         919M (45%)            -                  -          
[83.003s][info][gc          ] GC(153) Garbage Collection (Allocation Rate) 1198M(58%)->332M(16%)
[83.483s][info][gc,start    ] GC(154) Garbage Collection (Allocation Rate)
[83.483s][info][gc,task     ] GC(154) Using 5 workers
[83.483s][info][gc,phases   ] GC(154) Pause Mark Start 0.011ms
[83.702s][info][gc,phases   ] GC(154) Concurrent Mark 218.324ms
[83.702s][info][gc,phases   ] GC(154) Pause Mark End 0.029ms
[83.702s][info][gc,phases   ] GC(154) Concurrent Mark Free 0.001ms
[83.706s][info][gc,phases   ] GC(154) Concurrent Process Non-Strong References 3.722ms
[83.706s][info][gc,phases   ] GC(154) Concurrent Reset Relocation Set 0.025ms
[83.754s][info][gc,phases   ] GC(154) Concurrent Select Relocation Set 48.159ms
[83.754s][info][gc,phases   ] GC(154) Pause Relocate Start 0.013ms
[83.818s][info][gc,phases   ] GC(154) Concurrent Relocate 63.782ms
[83.818s][info][gc,load     ] GC(154) Load: 0.00/0.00/0.00
[83.818s][info][gc,mmu      ] GC(154) MMU: 2ms/96.8%, 5ms/98.7%, 10ms/99.3%, 20ms/99.6%, 50ms/99.8%, 100ms/99.9%
[83.818s][info][gc,marking  ] GC(154) Mark: 4 stripe(s), 2 proactive flush(es), 1 terminate flush(es), 0 completion(s), 0 continuation(s) 
[83.818s][info][gc,marking  ] GC(154) Mark Stack Usage: 32M
[83.818s][info][gc,nmethod  ] GC(154) NMethods: 6393 registered, 4738 unregistered
[83.818s][info][gc,metaspace] GC(154) Metaspace: 65M used, 66M committed, 1088M reserved
[83.818s][info][gc,ref      ] GC(154) Soft: 3300 encountered, 0 discovered, 0 enqueued
[83.818s][info][gc,ref      ] GC(154) Weak: 6543 encountered, 2356 discovered, 93 enqueued
[83.818s][info][gc,ref      ] GC(154) Final: 84 encountered, 6 discovered, 0 enqueued
[83.818s][info][gc,ref      ] GC(154) Phantom: 616 encountered, 541 discovered, 0 enqueued
[83.818s][info][gc,reloc    ] GC(154) Small Pages: 508 / 1016M, Empty: 74M, Relocated: 76M, In-Place: 0
[83.818s][info][gc,reloc    ] GC(154) Medium Pages: 2 / 64M, Empty: 0M, Relocated: 12M, In-Place: 0
[83.818s][info][gc,reloc    ] GC(154) Large Pages: 8 / 48M, Empty: 30M, Relocated: 0M, In-Place: 0
[83.819s][info][gc,reloc    ] GC(154) Forwarding Usage: 73M
[83.819s][info][gc,heap     ] GC(154) Min Capacity: 8M(0%)
[83.819s][info][gc,heap     ] GC(154) Max Capacity: 2048M(100%)
[83.819s][info][gc,heap     ] GC(154) Soft Max Capacity: 2048M(100%)
[83.819s][info][gc,heap     ] GC(154)                Mark Start          Mark End        Relocate Start      Relocate End           High               Low         
[83.819s][info][gc,heap     ] GC(154)  Capacity:     2048M (100%)       2048M (100%)       2048M (100%)       2048M (100%)       2048M (100%)       2048M (100%)   
[83.819s][info][gc,heap     ] GC(154)      Free:      920M (45%)         846M (41%)         898M (44%)        1606M (78%)        1606M (78%)         840M (41%)    
[83.819s][info][gc,heap     ] GC(154)      Used:     1128M (55%)        1202M (59%)        1150M (56%)         442M (22%)        1208M (59%)         442M (22%)    
[83.819s][info][gc,heap     ] GC(154)      Live:         -               259M (13%)         259M (13%)         259M (13%)            -                  -          
[83.819s][info][gc,heap     ] GC(154) Allocated:         -                74M (4%)          126M (6%)          128M (6%)             -                  -          
[83.819s][info][gc,heap     ] GC(154)   Garbage:         -               868M (42%)         764M (37%)          53M (3%)             -                  -          
[83.819s][info][gc,heap     ] GC(154) Reclaimed:         -                  -               104M (5%)          814M (40%)            -                  -          
[83.819s][info][gc          ] GC(154) Garbage Collection (Allocation Rate) 1128M(55%)->442M(22%)
[84.080s][info][gc,start    ] GC(155) Garbage Collection (Allocation Rate)
[84.086s][info][gc,task     ] GC(155) Using 6 workers
[84.087s][info][gc,phases   ] GC(155) Pause Mark Start 0.018ms
[84.221s][info][gc,phases   ] GC(155) Concurrent Mark 133.889ms
[84.221s][info][gc,phases   ] GC(155) Pause Mark End 0.016ms
[84.221s][info][gc,phases   ] GC(155) Concurrent Mark Free 0.001ms
[84.224s][info][gc,phases   ] GC(155) Concurrent Process Non-Strong References 3.565ms
[84.225s][info][gc,phases   ] GC(155) Concurrent Reset Relocation Set 0.101ms
[84.238s][info][gc,phases   ] GC(155) Concurrent Select Relocation Set 12.987ms
[84.238s][info][gc,phases   ] GC(155) Pause Relocate Start 0.008ms
[84.267s][info][gc,phases   ] GC(155) Concurrent Relocate 28.761ms
[84.267s][info][gc,load     ] GC(155) Load: 0.00/0.00/0.00
[84.267s][info][gc,mmu      ] GC(155) MMU: 2ms/96.8%, 5ms/98.7%, 10ms/99.3%, 20ms/99.6%, 50ms/99.8%, 100ms/99.9%
[84.267s][info][gc,marking  ] GC(155) Mark: 4 stripe(s), 2 proactive flush(es), 1 terminate flush(es), 0 completion(s), 0 continuation(s) 
[84.267s][info][gc,marking  ] GC(155) Mark Stack Usage: 32M
[84.267s][info][gc,nmethod  ] GC(155) NMethods: 6411 registered, 4747 unregistered
[84.267s][info][gc,metaspace] GC(155) Metaspace: 65M used, 66M committed, 1088M reserved
[84.267s][info][gc,ref      ] GC(155) Soft: 3296 encountered, 0 discovered, 0 enqueued
[84.267s][info][gc,ref      ] GC(155) Weak: 6475 encountered, 2203 discovered, 12 enqueued
[84.267s][info][gc,ref      ] GC(155) Final: 84 encountered, 6 discovered, 0 enqueued
[84.267s][info][gc,ref      ] GC(155) Phantom: 616 encountered, 528 discovered, 0 enqueued
[84.267s][info][gc,reloc    ] GC(155) Small Pages: 279 / 558M, Empty: 112M, Relocated: 29M, In-Place: 0
[84.267s][info][gc,reloc    ] GC(155) Medium Pages: 6 / 192M, Empty: 96M, Relocated: 27M, In-Place: 0
[84.267s][info][gc,reloc    ] GC(155) Large Pages: 32 / 216M, Empty: 150M, Relocated: 0M, In-Place: 0
[84.267s][info][gc,reloc    ] GC(155) Forwarding Usage: 29M
[84.267s][info][gc,heap     ] GC(155) Min Capacity: 8M(0%)
[84.267s][info][gc,heap     ] GC(155) Max Capacity: 2048M(100%)
[84.267s][info][gc,heap     ] GC(155) Soft Max Capacity: 2048M(100%)
[84.267s][info][gc,heap     ] GC(155)                Mark Start          Mark End        Relocate Start      Relocate End           High               Low         
[84.267s][info][gc,heap     ] GC(155)  Capacity:     2048M (100%)       2048M (100%)       2048M (100%)       2048M (100%)       2048M (100%)       2048M (100%)   
[84.267s][info][gc,heap     ] GC(155)      Free:     1082M (53%)         848M (41%)        1194M (58%)        1462M (71%)        1462M (71%)         848M (41%)    
[84.267s][info][gc,heap     ] GC(155)      Used:      966M (47%)        1200M (59%)         854M (42%)         586M (29%)        1200M (59%)         586M (29%)    
[84.267s][info][gc,heap     ] GC(155)      Live:         -               276M (13%)         276M (13%)         276M (13%)            -                  -          
[84.267s][info][gc,heap     ] GC(155) Allocated:         -               234M (11%)         246M (12%)         270M (13%)            -                  -          
[84.267s][info][gc,heap     ] GC(155)   Garbage:         -               689M (34%)         331M (16%)          39M (2%)             -                  -          
[84.267s][info][gc,heap     ] GC(155) Reclaimed:         -                  -               358M (17%)         650M (32%)            -                  -          
[84.268s][info][gc          ] GC(155) Garbage Collection (Allocation Rate) 966M(47%)->586M(29%)
[84.381s][info][gc,start    ] GC(156) Garbage Collection (Allocation Rate)
[84.381s][info][gc,task     ] GC(156) Using 6 workers
[84.382s][info][gc,phases   ] GC(156) Pause Mark Start 0.013ms
[84.538s][info][gc,phases   ] GC(156) Concurrent Mark 155.899ms
[84.538s][info][gc,phases   ] GC(156) Pause Mark End 0.031ms
[84.538s][info][gc,phases   ] GC(156) Concurrent Mark Free 0.001ms
[84.542s][info][gc,phases   ] GC(156) Concurrent Process Non-Strong References 3.820ms
[84.542s][info][gc,phases   ] GC(156) Concurrent Reset Relocation Set 0.017ms
[84.546s][info][gc,phases   ] GC(156) Concurrent Select Relocation Set 4.105ms
[84.546s][info][gc,phases   ] GC(156) Pause Relocate Start 0.010ms
[84.563s][info][gc,phases   ] GC(156) Concurrent Relocate 17.031ms
[84.563s][info][gc,load     ] GC(156) Load: 0.00/0.00/0.00
[84.563s][info][gc,mmu      ] GC(156) MMU: 2ms/96.8%, 5ms/98.7%, 10ms/99.3%, 20ms/99.6%, 50ms/99.8%, 100ms/99.9%
[84.563s][info][gc,marking  ] GC(156) Mark: 4 stripe(s), 2 proactive flush(es), 1 terminate flush(es), 0 completion(s), 0 continuation(s) 
[84.563s][info][gc,marking  ] GC(156) Mark Stack Usage: 32M
[84.563s][info][gc,nmethod  ] GC(156) NMethods: 6409 registered, 4749 unregistered
[84.563s][info][gc,metaspace] GC(156) Metaspace: 65M used, 66M committed, 1088M reserved
[84.563s][info][gc,ref      ] GC(156) Soft: 3296 encountered, 0 discovered, 0 enqueued
[84.563s][info][gc,ref      ] GC(156) Weak: 6464 encountered, 2569 discovered, 105 enqueued
[84.563s][info][gc,ref      ] GC(156) Final: 84 encountered, 4 discovered, 0 enqueued
[84.563s][info][gc,ref      ] GC(156) Phantom: 616 encountered, 514 discovered, 0 enqueued
[84.563s][info][gc,reloc    ] GC(156) Small Pages: 317 / 634M, Empty: 252M, Relocated: 19M, In-Place: 0
[84.563s][info][gc,reloc    ] GC(156) Medium Pages: 2 / 64M, Empty: 32M, Relocated: 0M, In-Place: 0
[84.563s][info][gc,reloc    ] GC(156) Large Pages: 18 / 120M, Empty: 102M, Relocated: 0M, In-Place: 0
[84.563s][info][gc,reloc    ] GC(156) Forwarding Usage: 18M
[84.563s][info][gc,heap     ] GC(156) Min Capacity: 8M(0%)
[84.563s][info][gc,heap     ] GC(156) Max Capacity: 2048M(100%)
[84.563s][info][gc,heap     ] GC(156) Soft Max Capacity: 2048M(100%)
[84.563s][info][gc,heap     ] GC(156)                Mark Start          Mark End        Relocate Start      Relocate End           High               Low         
[84.563s][info][gc,heap     ] GC(156)  Capacity:     2048M (100%)       2048M (100%)       2048M (100%)       2048M (100%)       2048M (100%)       2048M (100%)   
[84.563s][info][gc,heap     ] GC(156)      Free:     1230M (60%)         946M (46%)        1322M (65%)        1434M (70%)        1434M (70%)         942M (46%)    
[84.564s][info][gc,heap     ] GC(156)      Used:      818M (40%)        1102M (54%)         726M (35%)         614M (30%)        1106M (54%)         614M (30%)    
[84.564s][info][gc,heap     ] GC(156)      Live:         -               249M (12%)         249M (12%)         249M (12%)            -                  -          
[84.564s][info][gc,heap     ] GC(156) Allocated:         -               284M (14%)         294M (14%)         305M (15%)            -                  -          
[84.564s][info][gc,heap     ] GC(156)   Garbage:         -               568M (28%)         182M (9%)           58M (3%)             -                  -          
[84.564s][info][gc,heap     ] GC(156) Reclaimed:         -                  -               386M (19%)         509M (25%)            -                  -          
[84.564s][info][gc          ] GC(156) Garbage Collection (Allocation Rate) 818M(40%)->614M(30%)
[84.622s][info][gc,start    ] GC(157) Garbage Collection (System.gc())
[84.622s][info][gc,task     ] GC(157) Using 12 workers
[84.622s][info][gc,phases   ] GC(157) Pause Mark Start 0.013ms
[84.694s][info][gc,phases   ] GC(157) Concurrent Mark 71.615ms
[84.694s][info][gc,phases   ] GC(157) Pause Mark End 0.031ms
[84.694s][info][gc,phases   ] GC(157) Concurrent Mark Free 0.001ms
[84.696s][info][gc,phases   ] GC(157) Concurrent Process Non-Strong References 1.861ms
[84.696s][info][gc,phases   ] GC(157) Concurrent Reset Relocation Set 0.017ms
[84.701s][info][gc,phases   ] GC(157) Concurrent Select Relocation Set 5.544ms
[84.702s][info][gc,phases   ] GC(157) Pause Relocate Start 0.009ms
[84.704s][info][gc,phases   ] GC(157) Concurrent Relocate 2.624ms
[84.704s][info][gc,load     ] GC(157) Load: 0.00/0.00/0.00
[84.704s][info][gc,mmu      ] GC(157) MMU: 2ms/96.8%, 5ms/98.7%, 10ms/99.3%, 20ms/99.6%, 50ms/99.8%, 100ms/99.9%
[84.704s][info][gc,marking  ] GC(157) Mark: 8 stripe(s), 2 proactive flush(es), 1 terminate flush(es), 0 completion(s), 0 continuation(s) 
[84.705s][info][gc,marking  ] GC(157) Mark Stack Usage: 32M
[84.705s][info][gc,nmethod  ] GC(157) NMethods: 6409 registered, 4749 unregistered
[84.705s][info][gc,metaspace] GC(157) Metaspace: 65M used, 66M committed, 1088M reserved
[84.705s][info][gc,ref      ] GC(157) Soft: 3296 encountered, 0 discovered, 0 enqueued
[84.705s][info][gc,ref      ] GC(157) Weak: 6365 encountered, 1730 discovered, 4 enqueued
[84.705s][info][gc,ref      ] GC(157) Final: 84 encountered, 5 discovered, 0 enqueued
[84.705s][info][gc,ref      ] GC(157) Phantom: 616 encountered, 500 discovered, 0 enqueued
[84.705s][info][gc,reloc    ] GC(157) Small Pages: 324 / 648M, Empty: 412M, Relocated: 5M, In-Place: 0
[84.705s][info][gc,reloc    ] GC(157) Medium Pages: 1 / 32M, Empty: 0M, Relocated: 0M, In-Place: 0
[84.705s][info][gc,reloc    ] GC(157) Large Pages: 4 / 24M, Empty: 24M, Relocated: 0M, In-Place: 0
[84.705s][info][gc,reloc    ] GC(157) Forwarding Usage: 2M
[84.705s][info][gc,heap     ] GC(157) Min Capacity: 8M(0%)
[84.705s][info][gc,heap     ] GC(157) Max Capacity: 2048M(100%)
[84.705s][info][gc,heap     ] GC(157) Soft Max Capacity: 2048M(100%)
[84.705s][info][gc,heap     ] GC(157)                Mark Start          Mark End        Relocate Start      Relocate End           High               Low         
[84.705s][info][gc,heap     ] GC(157)  Capacity:     2048M (100%)       2048M (100%)       2048M (100%)       2048M (100%)       2048M (100%)       2048M (100%)   
[84.705s][info][gc,heap     ] GC(157)      Free:     1344M (66%)        1342M (66%)        1778M (87%)        1810M (88%)        1810M (88%)        1342M (66%)    
[84.705s][info][gc,heap     ] GC(157)      Used:      704M (34%)         706M (34%)         270M (13%)         238M (12%)         706M (34%)         238M (12%)    
[84.705s][info][gc,heap     ] GC(157)      Live:         -               167M (8%)          167M (8%)          167M (8%)             -                  -          
[84.705s][info][gc,heap     ] GC(157) Allocated:         -                 2M (0%)            2M (0%)            1M (0%)             -                  -          
[84.705s][info][gc,heap     ] GC(157)   Garbage:         -               536M (26%)         100M (5%)           68M (3%)             -                  -          
[84.705s][info][gc,heap     ] GC(157) Reclaimed:         -                  -               436M (21%)         467M (23%)            -                  -          
[84.705s][info][gc          ] GC(157) Garbage Collection (System.gc()) 704M(34%)->238M(12%)
[85.170s][info][gc,start    ] GC(158) Garbage Collection (Allocation Rate)
[85.170s][info][gc,task     ] GC(158) Using 4 workers
[85.170s][info][gc,phases   ] GC(158) Pause Mark Start 0.017ms
[85.474s][info][gc,phases   ] GC(158) Concurrent Mark 303.853ms
[85.474s][info][gc,phases   ] GC(158) Pause Mark End 0.029ms
[85.474s][info][gc,phases   ] GC(158) Concurrent Mark Free 0.002ms
[85.481s][info][gc,phases   ] GC(158) Concurrent Process Non-Strong References 6.700ms
[85.481s][info][gc,phases   ] GC(158) Concurrent Reset Relocation Set 0.005ms
[85.540s][info][gc,phases   ] GC(158) Concurrent Select Relocation Set 58.871ms
[85.540s][info][gc,phases   ] GC(158) Pause Relocate Start 0.009ms
[85.639s][info][gc,phases   ] GC(158) Concurrent Relocate 98.830ms
[85.639s][info][gc,load     ] GC(158) Load: 0.00/0.00/0.00
[85.639s][info][gc,mmu      ] GC(158) MMU: 2ms/96.8%, 5ms/98.7%, 10ms/99.3%, 20ms/99.6%, 50ms/99.8%, 100ms/99.9%
[85.640s][info][gc,marking  ] GC(158) Mark: 4 stripe(s), 2 proactive flush(es), 1 terminate flush(es), 0 completion(s), 0 continuation(s) 
[85.640s][info][gc,marking  ] GC(158) Mark Stack Usage: 32M
[85.640s][info][gc,nmethod  ] GC(158) NMethods: 6232 registered, 4944 unregistered
[85.640s][info][gc,metaspace] GC(158) Metaspace: 65M used, 66M committed, 1088M reserved
[85.640s][info][gc,ref      ] GC(158) Soft: 3300 encountered, 0 discovered, 0 enqueued
[85.640s][info][gc,ref      ] GC(158) Weak: 6441 encountered, 1691 discovered, 28 enqueued
[85.640s][info][gc,ref      ] GC(158) Final: 84 encountered, 0 discovered, 0 enqueued
[85.640s][info][gc,ref      ] GC(158) Phantom: 616 encountered, 567 discovered, 0 enqueued
[85.640s][info][gc,reloc    ] GC(158) Small Pages: 533 / 1066M, Empty: 0M, Relocated: 141M, In-Place: 0
[85.640s][info][gc,reloc    ] GC(158) Medium Pages: 2 / 64M, Empty: 32M, Relocated: 0M, In-Place: 0
[85.640s][info][gc,reloc    ] GC(158) Large Pages: 9 / 54M, Empty: 6M, Relocated: 0M, In-Place: 0
[85.640s][info][gc,reloc    ] GC(158) Forwarding Usage: 97M
[85.640s][info][gc,heap     ] GC(158) Min Capacity: 8M(0%)
[85.640s][info][gc,heap     ] GC(158) Max Capacity: 2048M(100%)
[85.640s][info][gc,heap     ] GC(158) Soft Max Capacity: 2048M(100%)
[85.640s][info][gc,heap     ] GC(158)                Mark Start          Mark End        Relocate Start      Relocate End           High               Low         
[85.640s][info][gc,heap     ] GC(158)  Capacity:     2048M (100%)       2048M (100%)       2048M (100%)       2048M (100%)       2048M (100%)       2048M (100%)   
[85.640s][info][gc,heap     ] GC(158)      Free:      864M (42%)         352M (17%)         304M (15%)         914M (45%)         916M (45%)         298M (15%)    
[85.640s][info][gc,heap     ] GC(158)      Used:     1184M (58%)        1696M (83%)        1744M (85%)        1134M (55%)        1750M (85%)        1132M (55%)    
[85.640s][info][gc,heap     ] GC(158)      Live:         -               353M (17%)         353M (17%)         353M (17%)            -                  -          
[85.640s][info][gc,heap     ] GC(158) Allocated:         -               512M (25%)         598M (29%)         726M (35%)            -                  -          
[85.640s][info][gc,heap     ] GC(158)   Garbage:         -               830M (41%)         792M (39%)          54M (3%)             -                  -          
[85.640s][info][gc,heap     ] GC(158) Reclaimed:         -                  -                38M (2%)          776M (38%)            -                  -          
[85.640s][info][gc          ] GC(158) Garbage Collection (Allocation Rate) 1184M(58%)->1134M(55%)
[85.677s][info][gc,start    ] GC(159) Garbage Collection (Allocation Rate)
[85.677s][info][gc,task     ] GC(159) Using 10 workers
[85.677s][info][gc,phases   ] GC(159) Pause Mark Start 0.011ms
[85.896s][info][gc,phases   ] GC(159) Concurrent Mark 218.310ms
[85.896s][info][gc,phases   ] GC(159) Pause Mark End 0.026ms
[85.896s][info][gc,phases   ] GC(159) Concurrent Mark Free 0.001ms
[85.898s][info][gc,phases   ] GC(159) Concurrent Process Non-Strong References 2.071ms
[85.898s][info][gc,phases   ] GC(159) Concurrent Reset Relocation Set 0.087ms
[85.906s][info][gc,phases   ] GC(159) Concurrent Select Relocation Set 8.112ms
[85.907s][info][gc,phases   ] GC(159) Pause Relocate Start 0.009ms
[85.936s][info][gc,phases   ] GC(159) Concurrent Relocate 29.002ms
[85.936s][info][gc,load     ] GC(159) Load: 0.00/0.00/0.00
[85.936s][info][gc,mmu      ] GC(159) MMU: 2ms/96.8%, 5ms/98.7%, 10ms/99.3%, 20ms/99.6%, 50ms/99.8%, 100ms/99.9%
[85.936s][info][gc,marking  ] GC(159) Mark: 8 stripe(s), 8 proactive flush(es), 1 terminate flush(es), 0 completion(s), 0 continuation(s) 
[85.936s][info][gc,marking  ] GC(159) Mark Stack Usage: 32M
[85.936s][info][gc,nmethod  ] GC(159) NMethods: 6232 registered, 4944 unregistered
[85.936s][info][gc,metaspace] GC(159) Metaspace: 65M used, 66M committed, 1088M reserved
[85.936s][info][gc,ref      ] GC(159) Soft: 3300 encountered, 0 discovered, 0 enqueued
[85.936s][info][gc,ref      ] GC(159) Weak: 6413 encountered, 2608 discovered, 0 enqueued
[85.936s][info][gc,ref      ] GC(159) Final: 84 encountered, 33 discovered, 0 enqueued
[85.936s][info][gc,ref      ] GC(159) Phantom: 616 encountered, 506 discovered, 0 enqueued
[85.936s][info][gc,reloc    ] GC(159) Small Pages: 540 / 1080M, Empty: 0M, Relocated: 55M, In-Place: 0
[85.936s][info][gc,reloc    ] GC(159) Medium Pages: 1 / 32M, Empty: 0M, Relocated: 0M, In-Place: 0
[85.936s][info][gc,reloc    ] GC(159) Large Pages: 12 / 88M, Empty: 24M, Relocated: 0M, In-Place: 0
[85.936s][info][gc,reloc    ] GC(159) Forwarding Usage: 52M
[85.936s][info][gc,heap     ] GC(159) Min Capacity: 8M(0%)
[85.936s][info][gc,heap     ] GC(159) Max Capacity: 2048M(100%)
[85.936s][info][gc,heap     ] GC(159) Soft Max Capacity: 2048M(100%)
[85.936s][info][gc,heap     ] GC(159)                Mark Start          Mark End        Relocate Start      Relocate End           High               Low         
[85.936s][info][gc,heap     ] GC(159)  Capacity:     2048M (100%)       2048M (100%)       2048M (100%)       2048M (100%)       2048M (100%)       2048M (100%)   
[85.936s][info][gc,heap     ] GC(159)      Free:      848M (41%)         506M (25%)         514M (25%)        1186M (58%)        1186M (58%)         494M (24%)    
[85.936s][info][gc,heap     ] GC(159)      Used:     1200M (59%)        1542M (75%)        1534M (75%)         862M (42%)        1554M (76%)         862M (42%)    
[85.936s][info][gc,heap     ] GC(159)      Live:         -               409M (20%)         409M (20%)         409M (20%)            -                  -          
[85.936s][info][gc,heap     ] GC(159) Allocated:         -               342M (17%)         358M (17%)         384M (19%)            -                  -          
[85.936s][info][gc,heap     ] GC(159)   Garbage:         -               790M (39%)         766M (37%)          67M (3%)             -                  -          
[85.936s][info][gc,heap     ] GC(159) Reclaimed:         -                  -                24M (1%)          722M (35%)            -                  -          
[85.936s][info][gc          ] GC(159) Garbage Collection (Allocation Rate) 1200M(59%)->862M(42%)
[85.974s][info][gc,start    ] GC(160) Garbage Collection (Allocation Rate)
[85.974s][info][gc,task     ] GC(160) Using 11 workers
[85.974s][info][gc,phases   ] GC(160) Pause Mark Start 0.010ms
[86.184s][info][gc,phases   ] GC(160) Concurrent Mark 210.246ms
[86.185s][info][gc,phases   ] GC(160) Pause Mark End 0.035ms
[86.185s][info][gc,phases   ] GC(160) Concurrent Mark Free 0.001ms
[86.187s][info][gc,phases   ] GC(160) Concurrent Process Non-Strong References 2.056ms
[86.187s][info][gc,phases   ] GC(160) Concurrent Reset Relocation Set 0.086ms
[86.195s][info][gc,phases   ] GC(160) Concurrent Select Relocation Set 8.206ms
[86.195s][info][gc,phases   ] GC(160) Pause Relocate Start 0.010ms
[86.217s][info][gc,phases   ] GC(160) Concurrent Relocate 21.691ms
[86.217s][info][gc,load     ] GC(160) Load: 0.00/0.00/0.00
[86.217s][info][gc,mmu      ] GC(160) MMU: 2ms/96.8%, 5ms/98.7%, 10ms/99.3%, 20ms/99.6%, 50ms/99.8%, 100ms/99.9%
[86.217s][info][gc,marking  ] GC(160) Mark: 8 stripe(s), 2 proactive flush(es), 1 terminate flush(es), 0 completion(s), 0 continuation(s) 
[86.217s][info][gc,marking  ] GC(160) Mark Stack Usage: 32M
[86.217s][info][gc,nmethod  ] GC(160) NMethods: 6232 registered, 4944 unregistered
[86.217s][info][gc,metaspace] GC(160) Metaspace: 65M used, 66M committed, 1088M reserved
[86.217s][info][gc,ref      ] GC(160) Soft: 3300 encountered, 0 discovered, 0 enqueued
[86.217s][info][gc,ref      ] GC(160) Weak: 6407 encountered, 2841 discovered, 0 enqueued
[86.217s][info][gc,ref      ] GC(160) Final: 84 encountered, 33 discovered, 0 enqueued
[86.217s][info][gc,ref      ] GC(160) Phantom: 616 encountered, 370 discovered, 0 enqueued
[86.217s][info][gc,reloc    ] GC(160) Small Pages: 408 / 816M, Empty: 0M, Relocated: 34M, In-Place: 0
[86.217s][info][gc,reloc    ] GC(160) Medium Pages: 1 / 32M, Empty: 0M, Relocated: 0M, In-Place: 0
[86.217s][info][gc,reloc    ] GC(160) Large Pages: 8 / 64M, Empty: 0M, Relocated: 0M, In-Place: 0
[86.218s][info][gc,reloc    ] GC(160) Forwarding Usage: 33M
[86.218s][info][gc,heap     ] GC(160) Min Capacity: 8M(0%)
[86.218s][info][gc,heap     ] GC(160) Max Capacity: 2048M(100%)
[86.218s][info][gc,heap     ] GC(160) Soft Max Capacity: 2048M(100%)
[86.218s][info][gc,heap     ] GC(160)                Mark Start          Mark End        Relocate Start      Relocate End           High               Low         
[86.218s][info][gc,heap     ] GC(160)  Capacity:     2048M (100%)       2048M (100%)       2048M (100%)       2048M (100%)       2048M (100%)       2048M (100%)   
[86.218s][info][gc,heap     ] GC(160)      Free:     1136M (55%)        1028M (50%)        1028M (50%)        1436M (70%)        1436M (70%)        1006M (49%)    
[86.218s][info][gc,heap     ] GC(160)      Used:      912M (45%)        1020M (50%)        1020M (50%)         612M (30%)        1042M (51%)         612M (30%)    
[86.218s][info][gc,heap     ] GC(160)      Live:         -               425M (21%)         425M (21%)         425M (21%)            -                  -          
[86.218s][info][gc,heap     ] GC(160) Allocated:         -               108M (5%)          108M (5%)          106M (5%)             -                  -          
[86.218s][info][gc,heap     ] GC(160)   Garbage:         -               486M (24%)         486M (24%)          79M (4%)             -                  -          
[86.218s][info][gc,heap     ] GC(160) Reclaimed:         -                  -                 0M (0%)          406M (20%)            -                  -          
[86.218s][info][gc          ] GC(160) Garbage Collection (Allocation Rate) 912M(45%)->612M(30%)
[86.481s][info][gc,start    ] GC(161) Garbage Collection (Allocation Rate)
[86.481s][info][gc,task     ] GC(161) Using 11 workers
[86.482s][info][gc,phases   ] GC(161) Pause Mark Start 0.011ms
[86.645s][info][gc,phases   ] GC(161) Concurrent Mark 163.325ms
[86.645s][info][gc,phases   ] GC(161) Pause Mark End 0.032ms
[86.645s][info][gc,phases   ] GC(161) Concurrent Mark Free 0.001ms
[86.648s][info][gc,phases   ] GC(161) Concurrent Process Non-Strong References 2.360ms
[86.648s][info][gc,phases   ] GC(161) Concurrent Reset Relocation Set 0.039ms
[86.653s][info][gc,phases   ] GC(161) Concurrent Select Relocation Set 5.324ms
[86.653s][info][gc,phases   ] GC(161) Pause Relocate Start 0.009ms
[86.668s][info][gc,phases   ] GC(161) Concurrent Relocate 14.958ms
[86.668s][info][gc,load     ] GC(161) Load: 0.00/0.00/0.00
[86.668s][info][gc,mmu      ] GC(161) MMU: 2ms/96.8%, 5ms/98.7%, 10ms/99.3%, 20ms/99.6%, 50ms/99.8%, 100ms/99.9%
[86.668s][info][gc,marking  ] GC(161) Mark: 8 stripe(s), 2 proactive flush(es), 1 terminate flush(es), 0 completion(s), 0 continuation(s) 
[86.668s][info][gc,marking  ] GC(161) Mark Stack Usage: 32M
[86.668s][info][gc,nmethod  ] GC(161) NMethods: 6199 registered, 4981 unregistered
[86.668s][info][gc,metaspace] GC(161) Metaspace: 65M used, 66M committed, 1088M reserved
[86.668s][info][gc,ref      ] GC(161) Soft: 3300 encountered, 0 discovered, 0 enqueued
[86.668s][info][gc,ref      ] GC(161) Weak: 6368 encountered, 2692 discovered, 3 enqueued
[86.668s][info][gc,ref      ] GC(161) Final: 84 encountered, 22 discovered, 0 enqueued
[86.668s][info][gc,ref      ] GC(161) Phantom: 617 encountered, 321 discovered, 0 enqueued
[86.668s][info][gc,reloc    ] GC(161) Small Pages: 243 / 486M, Empty: 68M, Relocated: 19M, In-Place: 0
[86.668s][info][gc,reloc    ] GC(161) Medium Pages: 2 / 64M, Empty: 0M, Relocated: 16M, In-Place: 0
[86.668s][info][gc,reloc    ] GC(161) Large Pages: 8 / 64M, Empty: 24M, Relocated: 0M, In-Place: 0
[86.668s][info][gc,reloc    ] GC(161) Forwarding Usage: 16M
[86.668s][info][gc,heap     ] GC(161) Min Capacity: 8M(0%)
[86.668s][info][gc,heap     ] GC(161) Max Capacity: 2048M(100%)
[86.668s][info][gc,heap     ] GC(161) Soft Max Capacity: 2048M(100%)
[86.668s][info][gc,heap     ] GC(161)                Mark Start          Mark End        Relocate Start      Relocate End           High               Low         
[86.668s][info][gc,heap     ] GC(161)  Capacity:     2048M (100%)       2048M (100%)       2048M (100%)       2048M (100%)       2048M (100%)       2048M (100%)   
[86.668s][info][gc,heap     ] GC(161)      Free:     1434M (70%)        1366M (67%)        1456M (71%)        1590M (78%)        1590M (78%)        1364M (67%)    
[86.668s][info][gc,heap     ] GC(161)      Used:      614M (30%)         682M (33%)         592M (29%)         458M (22%)         684M (33%)         458M (22%)    
[86.668s][info][gc,heap     ] GC(161)      Live:         -               311M (15%)         311M (15%)         311M (15%)            -                  -          
[86.668s][info][gc,heap     ] GC(161) Allocated:         -                68M (3%)           70M (3%)           75M (4%)             -                  -          
[86.669s][info][gc,heap     ] GC(161)   Garbage:         -               302M (15%)         210M (10%)          70M (3%)             -                  -          
[86.669s][info][gc,heap     ] GC(161) Reclaimed:         -                  -                92M (4%)          231M (11%)            -                  -          
[86.669s][info][gc          ] GC(161) Garbage Collection (Allocation Rate) 614M(30%)->458M(22%)
[86.775s][info][gc,start    ] GC(162) Garbage Collection (Allocation Rate)
[86.775s][info][gc,task     ] GC(162) Using 11 workers
[86.775s][info][gc,phases   ] GC(162) Pause Mark Start 0.015ms
[86.859s][info][gc,phases   ] GC(162) Concurrent Mark 83.722ms
[86.859s][info][gc,phases   ] GC(162) Pause Mark End 0.046ms
[86.859s][info][gc,phases   ] GC(162) Concurrent Mark Free 0.001ms
[86.861s][info][gc,phases   ] GC(162) Concurrent Process Non-Strong References 2.118ms
[86.861s][info][gc,phases   ] GC(162) Concurrent Reset Relocation Set 0.013ms
[86.866s][info][gc,phases   ] GC(162) Concurrent Select Relocation Set 4.353ms
[86.866s][info][gc,phases   ] GC(162) Pause Relocate Start 0.008ms
[86.871s][info][gc,phases   ] GC(162) Concurrent Relocate 5.386ms
[86.871s][info][gc,load     ] GC(162) Load: 0.00/0.00/0.00
[86.872s][info][gc,mmu      ] GC(162) MMU: 2ms/96.8%, 5ms/98.7%, 10ms/99.3%, 20ms/99.6%, 50ms/99.8%, 100ms/99.9%
[86.872s][info][gc,marking  ] GC(162) Mark: 8 stripe(s), 3 proactive flush(es), 1 terminate flush(es), 0 completion(s), 0 continuation(s) 
[86.872s][info][gc,marking  ] GC(162) Mark Stack Usage: 32M
[86.872s][info][gc,nmethod  ] GC(162) NMethods: 6219 registered, 4985 unregistered
[86.872s][info][gc,metaspace] GC(162) Metaspace: 65M used, 66M committed, 1088M reserved
[86.872s][info][gc,ref      ] GC(162) Soft: 3300 encountered, 0 discovered, 0 enqueued
[86.872s][info][gc,ref      ] GC(162) Weak: 6547 encountered, 700 discovered, 16 enqueued
[86.872s][info][gc,ref      ] GC(162) Final: 84 encountered, 44 discovered, 0 enqueued
[86.872s][info][gc,ref      ] GC(162) Phantom: 616 encountered, 545 discovered, 0 enqueued
[86.872s][info][gc,reloc    ] GC(162) Small Pages: 187 / 374M, Empty: 122M, Relocated: 8M, In-Place: 0
[86.872s][info][gc,reloc    ] GC(162) Medium Pages: 2 / 64M, Empty: 32M, Relocated: 0M, In-Place: 0
[86.872s][info][gc,reloc    ] GC(162) Large Pages: 5 / 46M, Empty: 46M, Relocated: 0M, In-Place: 0
[86.872s][info][gc,reloc    ] GC(162) Forwarding Usage: 4M
[86.872s][info][gc,heap     ] GC(162) Min Capacity: 8M(0%)
[86.872s][info][gc,heap     ] GC(162) Max Capacity: 2048M(100%)
[86.872s][info][gc,heap     ] GC(162) Soft Max Capacity: 2048M(100%)
[86.872s][info][gc,heap     ] GC(162)                Mark Start          Mark End        Relocate Start      Relocate End           High               Low         
[86.872s][info][gc,heap     ] GC(162)  Capacity:     2048M (100%)       2048M (100%)       2048M (100%)       2048M (100%)       2048M (100%)       2048M (100%)   
[86.872s][info][gc,heap     ] GC(162)      Free:     1564M (76%)        1422M (69%)        1618M (79%)        1652M (81%)        1660M (81%)        1422M (69%)    
[86.872s][info][gc,heap     ] GC(162)      Used:      484M (24%)         626M (31%)         430M (21%)         396M (19%)         626M (31%)         388M (19%)    
[86.872s][info][gc,heap     ] GC(162)      Live:         -               167M (8%)          167M (8%)          167M (8%)             -                  -          
[86.872s][info][gc,heap     ] GC(162) Allocated:         -               142M (7%)          146M (7%)          165M (8%)             -                  -          
[86.872s][info][gc,heap     ] GC(162)   Garbage:         -               316M (15%)         116M (6%)           62M (3%)             -                  -          
[86.872s][info][gc,heap     ] GC(162) Reclaimed:         -                  -               200M (10%)         253M (12%)            -                  -          
[86.872s][info][gc          ] GC(162) Garbage Collection (Allocation Rate) 484M(24%)->396M(19%)
[87.371s][info][gc,start    ] GC(163) Garbage Collection (Allocation Rate)
[87.371s][info][gc,task     ] GC(163) Using 11 workers
[87.372s][info][gc,phases   ] GC(163) Pause Mark Start 0.008ms
[87.512s][info][gc,phases   ] GC(163) Concurrent Mark 140.234ms
[87.512s][info][gc,phases   ] GC(163) Pause Mark End 0.025ms
[87.512s][info][gc,phases   ] GC(163) Concurrent Mark Free 0.001ms
[87.514s][info][gc,phases   ] GC(163) Concurrent Process Non-Strong References 2.145ms
[87.514s][info][gc,phases   ] GC(163) Concurrent Reset Relocation Set 0.004ms
[87.544s][info][gc,phases   ] GC(163) Concurrent Select Relocation Set 30.111ms
[87.545s][info][gc,phases   ] GC(163) Pause Relocate Start 0.009ms
[87.585s][info][gc,phases   ] GC(163) Concurrent Relocate 39.892ms
[87.585s][info][gc,load     ] GC(163) Load: 0.00/0.00/0.00
[87.585s][info][gc,mmu      ] GC(163) MMU: 2ms/96.8%, 5ms/98.7%, 10ms/99.3%, 20ms/99.6%, 50ms/99.8%, 100ms/99.9%
[87.585s][info][gc,marking  ] GC(163) Mark: 8 stripe(s), 2 proactive flush(es), 1 terminate flush(es), 0 completion(s), 0 continuation(s) 
[87.585s][info][gc,marking  ] GC(163) Mark Stack Usage: 32M
[87.585s][info][gc,nmethod  ] GC(163) NMethods: 6219 registered, 4987 unregistered
[87.585s][info][gc,metaspace] GC(163) Metaspace: 65M used, 66M committed, 1088M reserved
[87.585s][info][gc,ref      ] GC(163) Soft: 3304 encountered, 0 discovered, 0 enqueued
[87.585s][info][gc,ref      ] GC(163) Weak: 6607 encountered, 1485 discovered, 145 enqueued
[87.585s][info][gc,ref      ] GC(163) Final: 84 encountered, 49 discovered, 0 enqueued
[87.585s][info][gc,ref      ] GC(163) Phantom: 616 encountered, 395 discovered, 0 enqueued
[87.585s][info][gc,reloc    ] GC(163) Small Pages: 543 / 1086M, Empty: 42M, Relocated: 127M, In-Place: 0
[87.585s][info][gc,reloc    ] GC(163) Medium Pages: 3 / 96M, Empty: 32M, Relocated: 16M, In-Place: 0
[87.585s][info][gc,reloc    ] GC(163) Large Pages: 11 / 66M, Empty: 24M, Relocated: 0M, In-Place: 0
[87.585s][info][gc,reloc    ] GC(163) Forwarding Usage: 85M
[87.585s][info][gc,heap     ] GC(163) Min Capacity: 8M(0%)
[87.585s][info][gc,heap     ] GC(163) Max Capacity: 2048M(100%)
[87.585s][info][gc,heap     ] GC(163) Soft Max Capacity: 2048M(100%)
[87.585s][info][gc,heap     ] GC(163)                Mark Start          Mark End        Relocate Start      Relocate End           High               Low         
[87.585s][info][gc,heap     ] GC(163)  Capacity:     2048M (100%)       2048M (100%)       2048M (100%)       2048M (100%)       2048M (100%)       2048M (100%)   
[87.585s][info][gc,heap     ] GC(163)      Free:      800M (39%)         560M (27%)         594M (29%)        1302M (64%)        1302M (64%)         548M (27%)    
[87.585s][info][gc,heap     ] GC(163)      Used:     1248M (61%)        1488M (73%)        1454M (71%)         746M (36%)        1500M (73%)         746M (36%)    
[87.585s][info][gc,heap     ] GC(163)      Live:         -               339M (17%)         339M (17%)         339M (17%)            -                  -          
[87.585s][info][gc,heap     ] GC(163) Allocated:         -               240M (12%)         304M (15%)         352M (17%)            -                  -          
[87.585s][info][gc,heap     ] GC(163)   Garbage:         -               908M (44%)         810M (40%)          54M (3%)             -                  -          
[87.585s][info][gc,heap     ] GC(163) Reclaimed:         -                  -                98M (5%)          854M (42%)            -                  -          
[87.585s][info][gc          ] GC(163) Garbage Collection (Allocation Rate) 1248M(61%)->746M(36%)
[87.684s][info][gc,start    ] GC(164) Garbage Collection (Allocation Rate)
[87.684s][info][gc,task     ] GC(164) Using 12 workers
[87.684s][info][gc,phases   ] GC(164) Pause Mark Start 0.017ms
[87.847s][info][gc,phases   ] GC(164) Concurrent Mark 163.281ms
[87.848s][info][gc,phases   ] GC(164) Pause Mark End 0.029ms
[87.848s][info][gc,phases   ] GC(164) Concurrent Mark Free 0.001ms
[87.849s][info][gc,phases   ] GC(164) Concurrent Process Non-Strong References 1.835ms
[87.850s][info][gc,phases   ] GC(164) Concurrent Reset Relocation Set 0.077ms
[87.861s][info][gc,phases   ] GC(164) Concurrent Select Relocation Set 11.039ms
[87.861s][info][gc,phases   ] GC(164) Pause Relocate Start 0.009ms
[87.880s][info][gc,phases   ] GC(164) Concurrent Relocate 19.099ms
[87.880s][info][gc,load     ] GC(164) Load: 0.00/0.00/0.00
[87.880s][info][gc,mmu      ] GC(164) MMU: 2ms/96.8%, 5ms/98.7%, 10ms/99.3%, 20ms/99.6%, 50ms/99.8%, 100ms/99.9%
[87.880s][info][gc,marking  ] GC(164) Mark: 8 stripe(s), 2 proactive flush(es), 1 terminate flush(es), 0 completion(s), 0 continuation(s) 
[87.880s][info][gc,marking  ] GC(164) Mark Stack Usage: 32M
[87.880s][info][gc,nmethod  ] GC(164) NMethods: 6219 registered, 4987 unregistered
[87.880s][info][gc,metaspace] GC(164) Metaspace: 65M used, 66M committed, 1088M reserved
[87.880s][info][gc,ref      ] GC(164) Soft: 3304 encountered, 0 discovered, 0 enqueued
[87.880s][info][gc,ref      ] GC(164) Weak: 6459 encountered, 1621 discovered, 0 enqueued
[87.880s][info][gc,ref      ] GC(164) Final: 84 encountered, 2 discovered, 0 enqueued
[87.880s][info][gc,ref      ] GC(164) Phantom: 616 encountered, 451 discovered, 0 enqueued
[87.880s][info][gc,reloc    ] GC(164) Small Pages: 367 / 734M, Empty: 0M, Relocated: 40M, In-Place: 0
[87.880s][info][gc,reloc    ] GC(164) Medium Pages: 1 / 32M, Empty: 0M, Relocated: 0M, In-Place: 0
[87.880s][info][gc,reloc    ] GC(164) Large Pages: 12 / 88M, Empty: 18M, Relocated: 0M, In-Place: 0
[87.880s][info][gc,reloc    ] GC(164) Forwarding Usage: 31M
[87.880s][info][gc,heap     ] GC(164) Min Capacity: 8M(0%)
[87.880s][info][gc,heap     ] GC(164) Max Capacity: 2048M(100%)
[87.880s][info][gc,heap     ] GC(164) Soft Max Capacity: 2048M(100%)
[87.880s][info][gc,heap     ] GC(164)                Mark Start          Mark End        Relocate Start      Relocate End           High               Low         
[87.880s][info][gc,heap     ] GC(164)  Capacity:     2048M (100%)       2048M (100%)       2048M (100%)       2048M (100%)       2048M (100%)       2048M (100%)   
[87.880s][info][gc,heap     ] GC(164)      Free:     1194M (58%)         966M (47%)         964M (47%)        1318M (64%)        1318M (64%)         940M (46%)    
[87.880s][info][gc,heap     ] GC(164)      Used:      854M (42%)        1082M (53%)        1084M (53%)         730M (36%)        1108M (54%)         730M (36%)    
[87.880s][info][gc,heap     ] GC(164)      Live:         -               390M (19%)         390M (19%)         390M (19%)            -                  -          
[87.880s][info][gc,heap     ] GC(164) Allocated:         -               228M (11%)         248M (12%)         271M (13%)            -                  -          
[87.880s][info][gc,heap     ] GC(164)   Garbage:         -               463M (23%)         445M (22%)          68M (3%)             -                  -          
[87.880s][info][gc,heap     ] GC(164) Reclaimed:         -                  -                18M (1%)          395M (19%)            -                  -          
[87.880s][info][gc          ] GC(164) Garbage Collection (Allocation Rate) 854M(42%)->730M(36%)
[87.972s][info][gc,start    ] GC(165) Garbage Collection (Allocation Rate)
[87.973s][info][gc,task     ] GC(165) Using 12 workers
[87.973s][info][gc,phases   ] GC(165) Pause Mark Start 0.011ms
[88.129s][info][gc,phases   ] GC(165) Concurrent Mark 155.769ms
[88.129s][info][gc,phases   ] GC(165) Pause Mark End 0.019ms
[88.129s][info][gc,phases   ] GC(165) Concurrent Mark Free 0.001ms
[88.130s][info][gc,phases   ] GC(165) Concurrent Process Non-Strong References 1.592ms
[88.130s][info][gc,phases   ] GC(165) Concurrent Reset Relocation Set 0.024ms
[88.158s][info][gc,phases   ] GC(165) Concurrent Select Relocation Set 27.349ms
[88.158s][info][gc,phases   ] GC(165) Pause Relocate Start 0.013ms
[88.180s][info][gc,phases   ] GC(165) Concurrent Relocate 22.020ms
[88.180s][info][gc,load     ] GC(165) Load: 0.00/0.00/0.00
[88.180s][info][gc,mmu      ] GC(165) MMU: 2ms/96.8%, 5ms/98.7%, 10ms/99.3%, 20ms/99.6%, 50ms/99.8%, 100ms/99.9%
[88.180s][info][gc,marking  ] GC(165) Mark: 8 stripe(s), 3 proactive flush(es), 1 terminate flush(es), 0 completion(s), 0 continuation(s) 
[88.180s][info][gc,marking  ] GC(165) Mark Stack Usage: 32M
[88.180s][info][gc,nmethod  ] GC(165) NMethods: 6219 registered, 4987 unregistered
[88.180s][info][gc,metaspace] GC(165) Metaspace: 65M used, 66M committed, 1088M reserved
[88.180s][info][gc,ref      ] GC(165) Soft: 3304 encountered, 0 discovered, 0 enqueued
[88.180s][info][gc,ref      ] GC(165) Weak: 6456 encountered, 1075 discovered, 0 enqueued
[88.180s][info][gc,ref      ] GC(165) Final: 84 encountered, 2 discovered, 0 enqueued
[88.180s][info][gc,ref      ] GC(165) Phantom: 616 encountered, 456 discovered, 0 enqueued
[88.180s][info][gc,reloc    ] GC(165) Small Pages: 397 / 794M, Empty: 0M, Relocated: 34M, In-Place: 0
[88.180s][info][gc,reloc    ] GC(165) Medium Pages: 1 / 32M, Empty: 0M, Relocated: 0M, In-Place: 0
[88.180s][info][gc,reloc    ] GC(165) Large Pages: 9 / 70M, Empty: 6M, Relocated: 0M, In-Place: 0
[88.180s][info][gc,reloc    ] GC(165) Forwarding Usage: 31M
[88.180s][info][gc,heap     ] GC(165) Min Capacity: 8M(0%)
[88.180s][info][gc,heap     ] GC(165) Max Capacity: 2048M(100%)
[88.180s][info][gc,heap     ] GC(165) Soft Max Capacity: 2048M(100%)
[88.180s][info][gc,heap     ] GC(165)                Mark Start          Mark End        Relocate Start      Relocate End           High               Low         
[88.180s][info][gc,heap     ] GC(165)  Capacity:     2048M (100%)       2048M (100%)       2048M (100%)       2048M (100%)       2048M (100%)       2048M (100%)   
[88.180s][info][gc,heap     ] GC(165)      Free:     1152M (56%)         908M (44%)         852M (42%)        1236M (60%)        1240M (61%)         828M (40%)    
[88.180s][info][gc,heap     ] GC(165)      Used:      896M (44%)        1140M (56%)        1196M (58%)         812M (40%)        1220M (60%)         808M (39%)    
[88.180s][info][gc,heap     ] GC(165)      Live:         -               406M (20%)         406M (20%)         406M (20%)            -                  -          
[88.180s][info][gc,heap     ] GC(165) Allocated:         -               244M (12%)         306M (15%)         331M (16%)            -                  -          
[88.180s][info][gc,heap     ] GC(165)   Garbage:         -               489M (24%)         483M (24%)          73M (4%)             -                  -          
[88.180s][info][gc,heap     ] GC(165) Reclaimed:         -                  -                 6M (0%)          415M (20%)            -                  -          
[88.180s][info][gc          ] GC(165) Garbage Collection (Allocation Rate) 896M(44%)->812M(40%)
[88.269s][info][gc,start    ] GC(166) Garbage Collection (Allocation Rate)
[88.269s][info][gc,task     ] GC(166) Using 12 workers
[88.269s][info][gc,phases   ] GC(166) Pause Mark Start 0.017ms
[88.425s][info][gc,phases   ] GC(166) Concurrent Mark 155.791ms
[88.426s][info][gc,phases   ] GC(166) Pause Mark End 0.018ms
[88.426s][info][gc,phases   ] GC(166) Concurrent Mark Free 0.002ms
[88.428s][info][gc,phases   ] GC(166) Concurrent Process Non-Strong References 1.835ms
[88.428s][info][gc,phases   ] GC(166) Concurrent Reset Relocation Set 0.059ms
[88.462s][info][gc,phases   ] GC(166) Concurrent Select Relocation Set 34.803ms
[88.463s][info][gc,phases   ] GC(166) Pause Relocate Start 0.012ms
[88.490s][info][gc,phases   ] GC(166) Concurrent Relocate 27.185ms
[88.490s][info][gc,load     ] GC(166) Load: 0.00/0.00/0.00
[88.490s][info][gc,mmu      ] GC(166) MMU: 2ms/96.8%, 5ms/98.7%, 10ms/99.3%, 20ms/99.6%, 50ms/99.8%, 100ms/99.9%
[88.490s][info][gc,marking  ] GC(166) Mark: 8 stripe(s), 2 proactive flush(es), 1 terminate flush(es), 0 completion(s), 0 continuation(s) 
[88.490s][info][gc,marking  ] GC(166) Mark Stack Usage: 32M
[88.490s][info][gc,nmethod  ] GC(166) NMethods: 6219 registered, 4987 unregistered
[88.490s][info][gc,metaspace] GC(166) Metaspace: 65M used, 66M committed, 1088M reserved
[88.490s][info][gc,ref      ] GC(166) Soft: 3304 encountered, 0 discovered, 0 enqueued
[88.490s][info][gc,ref      ] GC(166) Weak: 6448 encountered, 1801 discovered, 0 enqueued
[88.490s][info][gc,ref      ] GC(166) Final: 84 encountered, 0 discovered, 0 enqueued
[88.490s][info][gc,ref      ] GC(166) Phantom: 616 encountered, 411 discovered, 0 enqueued
[88.490s][info][gc,reloc    ] GC(166) Small Pages: 403 / 806M, Empty: 66M, Relocated: 46M, In-Place: 0
[88.490s][info][gc,reloc    ] GC(166) Medium Pages: 2 / 64M, Empty: 0M, Relocated: 10M, In-Place: 0
[88.490s][info][gc,reloc    ] GC(166) Large Pages: 8 / 64M, Empty: 24M, Relocated: 0M, In-Place: 0
[88.490s][info][gc,reloc    ] GC(166) Forwarding Usage: 45M
[88.490s][info][gc,heap     ] GC(166) Min Capacity: 8M(0%)
[88.490s][info][gc,heap     ] GC(166) Max Capacity: 2048M(100%)
[88.490s][info][gc,heap     ] GC(166) Soft Max Capacity: 2048M(100%)
[88.490s][info][gc,heap     ] GC(166)                Mark Start          Mark End        Relocate Start      Relocate End           High               Low         
[88.490s][info][gc,heap     ] GC(166)  Capacity:     2048M (100%)       2048M (100%)       2048M (100%)       2048M (100%)       2048M (100%)       2048M (100%)   
[88.490s][info][gc,heap     ] GC(166)      Free:     1114M (54%)        1080M (53%)        1170M (57%)        1632M (80%)        1632M (80%)        1080M (53%)    
[88.490s][info][gc,heap     ] GC(166)      Used:      934M (46%)         968M (47%)         878M (43%)         416M (20%)         968M (47%)         416M (20%)    
[88.490s][info][gc,heap     ] GC(166)      Live:         -               302M (15%)         302M (15%)         302M (15%)            -                  -          
[88.490s][info][gc,heap     ] GC(166) Allocated:         -                34M (2%)           34M (2%)           33M (2%)             -                  -          
[88.490s][info][gc,heap     ] GC(166)   Garbage:         -               631M (31%)         541M (26%)          79M (4%)             -                  -          
[88.490s][info][gc,heap     ] GC(166) Reclaimed:         -                  -                90M (4%)          551M (27%)            -                  -          
[88.490s][info][gc          ] GC(166) Garbage Collection (Allocation Rate) 934M(46%)->416M(20%)
[89.775s][info][gc,start    ] GC(167) Garbage Collection (Allocation Rate)
[89.775s][info][gc,task     ] GC(167) Using 12 workers
[89.776s][info][gc,phases   ] GC(167) Pause Mark Start 0.011ms
[89.869s][info][gc,phases   ] GC(167) Concurrent Mark 93.340ms
[89.869s][info][gc,phases   ] GC(167) Pause Mark End 0.034ms
[89.869s][info][gc,phases   ] GC(167) Concurrent Mark Free 0.001ms
[89.871s][info][gc,phases   ] GC(167) Concurrent Process Non-Strong References 2.063ms
[89.872s][info][gc,phases   ] GC(167) Concurrent Reset Relocation Set 0.050ms
[89.877s][info][gc,phases   ] GC(167) Concurrent Select Relocation Set 5.488ms
[89.877s][info][gc,phases   ] GC(167) Pause Relocate Start 0.011ms
[89.892s][info][gc,phases   ] GC(167) Concurrent Relocate 14.352ms
[89.892s][info][gc,load     ] GC(167) Load: 0.00/0.00/0.00
[89.892s][info][gc,mmu      ] GC(167) MMU: 2ms/96.8%, 5ms/98.7%, 10ms/99.3%, 20ms/99.6%, 50ms/99.8%, 100ms/99.9%
[89.892s][info][gc,marking  ] GC(167) Mark: 8 stripe(s), 2 proactive flush(es), 1 terminate flush(es), 0 completion(s), 0 continuation(s) 
[89.892s][info][gc,marking  ] GC(167) Mark Stack Usage: 32M
[89.892s][info][gc,nmethod  ] GC(167) NMethods: 6267 registered, 5000 unregistered
[89.892s][info][gc,metaspace] GC(167) Metaspace: 65M used, 66M committed, 1088M reserved
[89.892s][info][gc,ref      ] GC(167) Soft: 3304 encountered, 0 discovered, 0 enqueued
[89.892s][info][gc,ref      ] GC(167) Weak: 6767 encountered, 3173 discovered, 283 enqueued
[89.892s][info][gc,ref      ] GC(167) Final: 84 encountered, 6 discovered, 0 enqueued
[89.892s][info][gc,ref      ] GC(167) Phantom: 632 encountered, 406 discovered, 0 enqueued
[89.892s][info][gc,reloc    ] GC(167) Small Pages: 586 / 1172M, Empty: 696M, Relocated: 29M, In-Place: 0
[89.892s][info][gc,reloc    ] GC(167) Medium Pages: 4 / 128M, Empty: 96M, Relocated: 0M, In-Place: 0
[89.892s][info][gc,reloc    ] GC(167) Large Pages: 19 / 130M, Empty: 106M, Relocated: 0M, In-Place: 0
[89.892s][info][gc,reloc    ] GC(167) Forwarding Usage: 29M
[89.892s][info][gc,heap     ] GC(167) Min Capacity: 8M(0%)
[89.892s][info][gc,heap     ] GC(167) Max Capacity: 2048M(100%)
[89.892s][info][gc,heap     ] GC(167) Soft Max Capacity: 2048M(100%)
[89.892s][info][gc,heap     ] GC(167)                Mark Start          Mark End        Relocate Start      Relocate End           High               Low         
[89.892s][info][gc,heap     ] GC(167)  Capacity:     2048M (100%)       2048M (100%)       2048M (100%)       2048M (100%)       2048M (100%)       2048M (100%)   
[89.892s][info][gc,heap     ] GC(167)      Free:      618M (30%)         554M (27%)        1442M (70%)        1688M (82%)        1688M (82%)         552M (27%)    
[89.892s][info][gc,heap     ] GC(167)      Used:     1430M (70%)        1494M (73%)         606M (30%)         360M (18%)        1496M (73%)         360M (18%)    
[89.892s][info][gc,heap     ] GC(167)      Live:         -               216M (11%)         216M (11%)         216M (11%)            -                  -          
[89.892s][info][gc,heap     ] GC(167) Allocated:         -                64M (3%)           74M (4%)           80M (4%)             -                  -          
[89.892s][info][gc,heap     ] GC(167)   Garbage:         -              1213M (59%)         315M (15%)          63M (3%)             -                  -          
[89.892s][info][gc,heap     ] GC(167) Reclaimed:         -                  -               898M (44%)        1150M (56%)            -                  -          
[89.892s][info][gc          ] GC(167) Garbage Collection (Allocation Rate) 1430M(70%)->360M(18%)
[90.177s][info][gc,stats    ] === Garbage Collection Statistics =======================================================================================================================
[90.177s][info][gc,stats    ]                                                              Last 10s              Last 10m              Last 10h                Total
[90.177s][info][gc,stats    ]                                                              Avg / Max             Avg / Max             Avg / Max             Avg / Max
[90.177s][info][gc,stats    ]   Collector: Garbage Collection Cycle                    200.295 / 469.701     203.375 / 1113.016    203.375 / 1113.016    203.375 / 1113.016    ms
[90.177s][info][gc,stats    ]  Contention: Mark Segment Reset Contention                    18 / 43               17 / 154              17 / 154              17 / 154         ops/s
[90.177s][info][gc,stats    ]  Contention: Mark SeqNum Reset Contention                      1 / 6                 1 / 6                 1 / 6                 1 / 6           ops/s
[90.177s][info][gc,stats    ]    Critical: Allocation Stall                                  0 / 0                 0 / 5                 0 / 5                 0 / 5           ops/s
[90.177s][info][gc,stats    ]    Critical: Allocation Stall                              0.000 / 0.000        46.147 / 67.576       46.147 / 67.576       46.147 / 67.576      ms
[90.177s][info][gc,stats    ]    Critical: GC Locker Stall                                   0 / 0                 0 / 1                 0 / 1                 0 / 1           ops/s
[90.177s][info][gc,stats    ]    Critical: GC Locker Stall                               0.000 / 0.000         0.001 / 0.001         0.001 / 0.001         0.001 / 0.001       ms
[90.178s][info][gc,stats    ]    Critical: Relocation Stall                                  0 / 0                 0 / 3                 0 / 3                 0 / 3           ops/s
[90.178s][info][gc,stats    ]    Critical: Relocation Stall                              0.000 / 0.000         6.236 / 10.360        6.236 / 10.360        6.236 / 10.360      ms
[90.178s][info][gc,stats    ]      Memory: Allocation Rate                                1202 / 1790           1038 / 2860           1038 / 2860           1038 / 2860        MB/s
[90.178s][info][gc,stats    ]      Memory: Defragment                                        3 / 37                2 / 131               2 / 131               2 / 131         ops/s
[90.178s][info][gc,stats    ]      Memory: Out Of Memory                                     0 / 0                 0 / 0                 0 / 0                 0 / 0           ops/s
[90.178s][info][gc,stats    ]      Memory: Page Cache Flush                                  7 / 74               17 / 356              17 / 356              17 / 356         MB/s
[90.178s][info][gc,stats    ]      Memory: Page Cache Hit L1                               597 / 971             506 / 1290            506 / 1290            506 / 1290        ops/s
[90.178s][info][gc,stats    ]      Memory: Page Cache Hit L2                                 0 / 0                 0 / 0                 0 / 0                 0 / 0           ops/s
[90.178s][info][gc,stats    ]      Memory: Page Cache Hit L3                                 3 / 25               12 / 362              12 / 362              12 / 362         ops/s
[90.178s][info][gc,stats    ]      Memory: Page Cache Miss                                   0 / 0                 0 / 32                0 / 32                0 / 32          ops/s
[90.178s][info][gc,stats    ]      Memory: Uncommit                                          0 / 0                 0 / 0                 0 / 0                 0 / 0           MB/s
[90.178s][info][gc,stats    ]      Memory: Undo Object Allocation Failed                     0 / 3                 1 / 38                1 / 38                1 / 38          ops/s
[90.178s][info][gc,stats    ]      Memory: Undo Object Allocation Succeeded                  2 / 6                26 / 1098             26 / 1098             26 / 1098        ops/s
[90.178s][info][gc,stats    ]      Memory: Undo Page Allocation                             29 / 127              22 / 127              22 / 127              22 / 127         ops/s
[90.178s][info][gc,stats    ]       Phase: Concurrent Mark                             153.875 / 303.853     155.907 / 1077.882    155.907 / 1077.882    155.907 / 1077.882    ms
[90.178s][info][gc,stats    ]       Phase: Concurrent Mark Continue                      0.000 / 0.000         0.000 / 0.000         0.000 / 0.000         0.000 / 0.000       ms
[90.178s][info][gc,stats    ]       Phase: Concurrent Mark Free                          0.001 / 0.002         0.001 / 0.002         0.001 / 0.002         0.001 / 0.002       ms
[90.178s][info][gc,stats    ]       Phase: Concurrent Process Non-Strong References      2.470 / 6.700         3.096 / 16.614        3.096 / 16.614        3.096 / 16.614      ms
[90.178s][info][gc,stats    ]       Phase: Concurrent Relocate                          26.123 / 98.830       24.287 / 107.720      24.287 / 107.720      24.287 / 107.720     ms
[90.178s][info][gc,stats    ]       Phase: Concurrent Reset Relocation Set               0.039 / 0.101         0.037 / 0.157         0.037 / 0.157         0.037 / 0.157       ms
[90.178s][info][gc,stats    ]       Phase: Concurrent Select Relocation Set             16.464 / 58.871       17.295 / 58.871       17.295 / 58.871       17.295 / 58.871      ms
[90.178s][info][gc,stats    ]       Phase: Pause Mark End                                0.028 / 0.046         0.026 / 0.063         0.026 / 0.063         0.026 / 0.063       ms
[90.178s][info][gc,stats    ]       Phase: Pause Mark Start                              0.013 / 0.018         0.014 / 0.059         0.014 / 0.059         0.014 / 0.059       ms
[90.178s][info][gc,stats    ]       Phase: Pause Relocate Start                          0.009 / 0.013         0.009 / 0.014         0.009 / 0.014         0.009 / 0.014       ms
[90.178s][info][gc,stats    ]    Subphase: Concurrent Classes Purge                      0.164 / 1.814         0.165 / 6.469         0.165 / 6.469         0.165 / 6.469       ms
[90.178s][info][gc,stats    ]    Subphase: Concurrent Classes Unlink                     1.694 / 3.863         2.225 / 13.817        2.225 / 13.817        2.225 / 13.817      ms
[90.178s][info][gc,stats    ]    Subphase: Concurrent Mark                             138.917 / 295.201     143.323 / 1074.330    143.323 / 1074.330    143.323 / 1074.330    ms
[90.178s][info][gc,stats    ]    Subphase: Concurrent Mark Try Flush                     0.142 / 0.340         0.125 / 0.404         0.125 / 0.404         0.125 / 0.404       ms
[90.178s][info][gc,stats    ]    Subphase: Concurrent Mark Try Terminate                 7.884 / 16.284       10.535 / 16.666       10.535 / 16.666       10.535 / 16.666      ms
[90.179s][info][gc,stats    ]    Subphase: Concurrent References Enqueue                 0.002 / 0.004         0.002 / 0.005         0.002 / 0.005         0.002 / 0.005       ms
[90.179s][info][gc,stats    ]    Subphase: Concurrent References Process                 0.126 / 0.199         0.127 / 0.333         0.127 / 0.333         0.127 / 0.333       ms
[90.179s][info][gc,stats    ]    Subphase: Concurrent Roots ClassLoaderDataGraph         0.096 / 0.588         0.095 / 0.915         0.095 / 0.915         0.095 / 0.915       ms
[90.179s][info][gc,stats    ]    Subphase: Concurrent Roots CodeCache                    0.000 / 0.000         0.000 / 0.000         0.000 / 0.000         0.000 / 0.000       ms
[90.179s][info][gc,stats    ]    Subphase: Concurrent Roots JavaThreads                  5.851 / 8.632         6.795 / 13.140        6.795 / 13.140        6.795 / 13.140      ms
[90.179s][info][gc,stats    ]    Subphase: Concurrent Roots OopStorageSet                0.031 / 0.076         0.029 / 0.277         0.029 / 0.277         0.029 / 0.277       ms
[90.179s][info][gc,stats    ]    Subphase: Concurrent Weak Roots OopStorageSet           0.204 / 0.631         0.231 / 1.572         0.231 / 1.572         0.231 / 1.572       ms
[90.179s][info][gc,stats    ]    Subphase: Pause Mark Try Complete                       0.000 / 0.000         0.002 / 0.006         0.002 / 0.006         0.002 / 0.006       ms
[90.179s][info][gc,stats    ]      System: Java Threads                                    273 / 277             216 / 280             216 / 280             216 / 280         threads
[90.179s][info][gc,stats    ] =========================================================================================================================================================
[90.376s][info][gc,start    ] GC(168) Garbage Collection (Allocation Rate)
[90.376s][info][gc,task     ] GC(168) Using 12 workers
[90.376s][info][gc,phases   ] GC(168) Pause Mark Start 0.012ms
[90.470s][info][gc,phases   ] GC(168) Concurrent Mark 93.294ms
[90.470s][info][gc,phases   ] GC(168) Pause Mark End 0.029ms
[90.470s][info][gc,phases   ] GC(168) Concurrent Mark Free 0.001ms
[90.472s][info][gc,phases   ] GC(168) Concurrent Process Non-Strong References 1.785ms
[90.472s][info][gc,phases   ] GC(168) Concurrent Reset Relocation Set 0.029ms
[90.511s][info][gc,phases   ] GC(168) Concurrent Select Relocation Set 39.029ms
[90.511s][info][gc,phases   ] GC(168) Pause Relocate Start 0.009ms
[90.550s][info][gc,phases   ] GC(168) Concurrent Relocate 39.156ms
[90.550s][info][gc,load     ] GC(168) Load: 0.00/0.00/0.00
[90.551s][info][gc,mmu      ] GC(168) MMU: 2ms/96.8%, 5ms/98.7%, 10ms/99.3%, 20ms/99.6%, 50ms/99.8%, 100ms/99.9%
[90.551s][info][gc,marking  ] GC(168) Mark: 8 stripe(s), 2 proactive flush(es), 1 terminate flush(es), 0 completion(s), 0 continuation(s) 
[90.551s][info][gc,marking  ] GC(168) Mark Stack Usage: 32M
[90.551s][info][gc,nmethod  ] GC(168) NMethods: 6271 registered, 5002 unregistered
[90.551s][info][gc,metaspace] GC(168) Metaspace: 65M used, 66M committed, 1088M reserved
[90.551s][info][gc,ref      ] GC(168) Soft: 3300 encountered, 0 discovered, 0 enqueued
[90.551s][info][gc,ref      ] GC(168) Weak: 6554 encountered, 1843 discovered, 95 enqueued
[90.551s][info][gc,ref      ] GC(168) Final: 84 encountered, 3 discovered, 0 enqueued
[90.551s][info][gc,ref      ] GC(168) Phantom: 616 encountered, 435 discovered, 0 enqueued
[90.551s][info][gc,reloc    ] GC(168) Small Pages: 552 / 1104M, Empty: 154M, Relocated: 76M, In-Place: 0
[90.551s][info][gc,reloc    ] GC(168) Medium Pages: 2 / 64M, Empty: 32M, Relocated: 0M, In-Place: 0
[90.551s][info][gc,reloc    ] GC(168) Large Pages: 9 / 54M, Empty: 30M, Relocated: 0M, In-Place: 0
[90.551s][info][gc,reloc    ] GC(168) Forwarding Usage: 73M
[90.551s][info][gc,heap     ] GC(168) Min Capacity: 8M(0%)
[90.551s][info][gc,heap     ] GC(168) Max Capacity: 2048M(100%)
[90.551s][info][gc,heap     ] GC(168) Soft Max Capacity: 2048M(100%)
[90.551s][info][gc,heap     ] GC(168)                Mark Start          Mark End        Relocate Start      Relocate End           High               Low         
[90.551s][info][gc,heap     ] GC(168)  Capacity:     2048M (100%)       2048M (100%)       2048M (100%)       2048M (100%)       2048M (100%)       2048M (100%)   
[90.551s][info][gc,heap     ] GC(168)      Free:      826M (40%)         786M (38%)         998M (49%)        1678M (82%)        1678M (82%)         786M (38%)    
[90.551s][info][gc,heap     ] GC(168)      Used:     1222M (60%)        1262M (62%)        1050M (51%)         370M (18%)        1262M (62%)         370M (18%)    
[90.551s][info][gc,heap     ] GC(168)      Live:         -               264M (13%)         264M (13%)         264M (13%)            -                  -          
[90.551s][info][gc,heap     ] GC(168) Allocated:         -                40M (2%)           44M (2%)           44M (2%)             -                  -          
[90.551s][info][gc,heap     ] GC(168)   Garbage:         -               957M (47%)         741M (36%)          61M (3%)             -                  -          
[90.551s][info][gc,heap     ] GC(168) Reclaimed:         -                  -               216M (11%)         896M (44%)            -                  -          
[90.551s][info][gc          ] GC(168) Garbage Collection (Allocation Rate) 1222M(60%)->370M(18%)
[90.978s][info][gc,start    ] GC(169) Garbage Collection (Allocation Rate)
[90.978s][info][gc,task     ] GC(169) Using 6 workers
[90.978s][info][gc,phases   ] GC(169) Pause Mark Start 0.017ms
[91.125s][info][gc,phases   ] GC(169) Concurrent Mark 146.103ms
[91.125s][info][gc,phases   ] GC(169) Pause Mark End 0.020ms
[91.125s][info][gc,phases   ] GC(169) Concurrent Mark Free 0.001ms
[91.129s][info][gc,phases   ] GC(169) Concurrent Process Non-Strong References 3.710ms
[91.129s][info][gc,phases   ] GC(169) Concurrent Reset Relocation Set 0.089ms
[91.142s][info][gc,phases   ] GC(169) Concurrent Select Relocation Set 13.242ms
[91.142s][info][gc,phases   ] GC(169) Pause Relocate Start 0.012ms
[91.176s][info][gc,phases   ] GC(169) Concurrent Relocate 33.715ms
[91.176s][info][gc,load     ] GC(169) Load: 0.00/0.00/0.00
[91.176s][info][gc,mmu      ] GC(169) MMU: 2ms/96.8%, 5ms/98.7%, 10ms/99.3%, 20ms/99.6%, 50ms/99.8%, 100ms/99.9%
[91.176s][info][gc,marking  ] GC(169) Mark: 4 stripe(s), 3 proactive flush(es), 1 terminate flush(es), 0 completion(s), 0 continuation(s) 
[91.176s][info][gc,marking  ] GC(169) Mark Stack Usage: 32M
[91.176s][info][gc,nmethod  ] GC(169) NMethods: 6318 registered, 5006 unregistered
[91.176s][info][gc,metaspace] GC(169) Metaspace: 65M used, 66M committed, 1088M reserved
[91.176s][info][gc,ref      ] GC(169) Soft: 3297 encountered, 0 discovered, 0 enqueued
[91.176s][info][gc,ref      ] GC(169) Weak: 6473 encountered, 2691 discovered, 2 enqueued
[91.176s][info][gc,ref      ] GC(169) Final: 84 encountered, 2 discovered, 0 enqueued
[91.176s][info][gc,ref      ] GC(169) Phantom: 616 encountered, 508 discovered, 0 enqueued
[91.176s][info][gc,reloc    ] GC(169) Small Pages: 286 / 572M, Empty: 50M, Relocated: 41M, In-Place: 0
[91.176s][info][gc,reloc    ] GC(169) Medium Pages: 6 / 192M, Empty: 32M, Relocated: 24M, In-Place: 0
[91.176s][info][gc,reloc    ] GC(169) Large Pages: 28 / 180M, Empty: 146M, Relocated: 0M, In-Place: 0
[91.176s][info][gc,reloc    ] GC(169) Forwarding Usage: 40M
[91.176s][info][gc,heap     ] GC(169) Min Capacity: 8M(0%)
[91.176s][info][gc,heap     ] GC(169) Max Capacity: 2048M(100%)
[91.176s][info][gc,heap     ] GC(169) Soft Max Capacity: 2048M(100%)
[91.176s][info][gc,heap     ] GC(169)                Mark Start          Mark End        Relocate Start      Relocate End           High               Low         
[91.176s][info][gc,heap     ] GC(169)  Capacity:     2048M (100%)       2048M (100%)       2048M (100%)       2048M (100%)       2048M (100%)       2048M (100%)   
[91.176s][info][gc,heap     ] GC(169)      Free:     1104M (54%)         936M (46%)        1144M (56%)        1528M (75%)        1528M (75%)         920M (45%)    
[91.176s][info][gc,heap     ] GC(169)      Used:      944M (46%)        1112M (54%)         904M (44%)         520M (25%)        1128M (55%)         520M (25%)    
[91.176s][info][gc,heap     ] GC(169)      Live:         -               254M (12%)         254M (12%)         254M (12%)            -                  -          
[91.176s][info][gc,heap     ] GC(169) Allocated:         -               168M (8%)          188M (9%)          221M (11%)            -                  -          
[91.176s][info][gc,heap     ] GC(169)   Garbage:         -               689M (34%)         461M (23%)          43M (2%)             -                  -          
[91.176s][info][gc,heap     ] GC(169) Reclaimed:         -                  -               228M (11%)         645M (32%)            -                  -          
[91.176s][info][gc          ] GC(169) Garbage Collection (Allocation Rate) 944M(46%)->520M(25%)
[91.375s][info][gc,start    ] GC(170) Garbage Collection (Allocation Rate)
[91.375s][info][gc,task     ] GC(170) Using 5 workers
[91.375s][info][gc,phases   ] GC(170) Pause Mark Start 0.011ms
[91.531s][info][gc,phases   ] GC(170) Concurrent Mark 155.919ms
[91.531s][info][gc,phases   ] GC(170) Pause Mark End 0.030ms
[91.531s][info][gc,phases   ] GC(170) Concurrent Mark Free 0.001ms
[91.537s][info][gc,phases   ] GC(170) Concurrent Process Non-Strong References 5.756ms
[91.537s][info][gc,phases   ] GC(170) Concurrent Reset Relocation Set 0.038ms
[91.543s][info][gc,phases   ] GC(170) Concurrent Select Relocation Set 6.294ms
[91.543s][info][gc,phases   ] GC(170) Pause Relocate Start 0.009ms
[91.565s][info][gc,phases   ] GC(170) Concurrent Relocate 21.138ms
[91.565s][info][gc,load     ] GC(170) Load: 0.00/0.00/0.00
[91.565s][info][gc,mmu      ] GC(170) MMU: 2ms/96.8%, 5ms/98.7%, 10ms/99.3%, 20ms/99.6%, 50ms/99.8%, 100ms/99.9%
[91.565s][info][gc,marking  ] GC(170) Mark: 4 stripe(s), 2 proactive flush(es), 1 terminate flush(es), 0 completion(s), 0 continuation(s) 
[91.565s][info][gc,marking  ] GC(170) Mark Stack Usage: 32M
[91.565s][info][gc,nmethod  ] GC(170) NMethods: 5837 registered, 5495 unregistered
[91.565s][info][gc,metaspace] GC(170) Metaspace: 65M used, 66M committed, 1088M reserved
[91.565s][info][gc,ref      ] GC(170) Soft: 3296 encountered, 0 discovered, 0 enqueued
[91.565s][info][gc,ref      ] GC(170) Weak: 6475 encountered, 1057 discovered, 109 enqueued
[91.565s][info][gc,ref      ] GC(170) Final: 84 encountered, 39 discovered, 0 enqueued
[91.565s][info][gc,ref      ] GC(170) Phantom: 616 encountered, 487 discovered, 0 enqueued
[91.565s][info][gc,reloc    ] GC(170) Small Pages: 307 / 614M, Empty: 230M, Relocated: 20M, In-Place: 0
[91.565s][info][gc,reloc    ] GC(170) Medium Pages: 2 / 64M, Empty: 32M, Relocated: 0M, In-Place: 0
[91.565s][info][gc,reloc    ] GC(170) Large Pages: 17 / 110M, Empty: 92M, Relocated: 0M, In-Place: 0
[91.565s][info][gc,reloc    ] GC(170) Forwarding Usage: 19M
[91.565s][info][gc,heap     ] GC(170) Min Capacity: 8M(0%)
[91.565s][info][gc,heap     ] GC(170) Max Capacity: 2048M(100%)
[91.565s][info][gc,heap     ] GC(170) Soft Max Capacity: 2048M(100%)
[91.565s][info][gc,heap     ] GC(170)                Mark Start          Mark End        Relocate Start      Relocate End           High               Low         
[91.565s][info][gc,heap     ] GC(170)  Capacity:     2048M (100%)       2048M (100%)       2048M (100%)       2048M (100%)       2048M (100%)       2048M (100%)   
[91.565s][info][gc,heap     ] GC(170)      Free:     1260M (62%)         992M (48%)        1336M (65%)        1438M (70%)        1438M (70%)         988M (48%)    
[91.565s][info][gc,heap     ] GC(170)      Used:      788M (38%)        1056M (52%)         712M (35%)         610M (30%)        1060M (52%)         610M (30%)    
[91.565s][info][gc,heap     ] GC(170)      Live:         -               249M (12%)         249M (12%)         249M (12%)            -                  -          
[91.565s][info][gc,heap     ] GC(170) Allocated:         -               268M (13%)         278M (14%)         303M (15%)            -                  -          
[91.565s][info][gc,heap     ] GC(170)   Garbage:         -               538M (26%)         184M (9%)           56M (3%)             -                  -          
[91.565s][info][gc,heap     ] GC(170) Reclaimed:         -                  -               354M (17%)         481M (24%)            -                  -          
[91.565s][info][gc          ] GC(170) Garbage Collection (Allocation Rate) 788M(38%)->610M(30%)
[91.636s][info][gc,start    ] GC(171) Garbage Collection (System.gc())
[91.636s][info][gc,task     ] GC(171) Using 12 workers
[91.637s][info][gc,phases   ] GC(171) Pause Mark Start 0.014ms
[91.703s][info][gc,phases   ] GC(171) Concurrent Mark 66.037ms
[91.703s][info][gc,phases   ] GC(171) Pause Mark End 0.020ms
[91.703s][info][gc,phases   ] GC(171) Concurrent Mark Free 0.001ms
[91.705s][info][gc,phases   ] GC(171) Concurrent Process Non-Strong References 1.801ms
[91.705s][info][gc,phases   ] GC(171) Concurrent Reset Relocation Set 0.019ms
[91.711s][info][gc,phases   ] GC(171) Concurrent Select Relocation Set 6.113ms
[91.711s][info][gc,phases   ] GC(171) Pause Relocate Start 0.008ms
[91.715s][info][gc,phases   ] GC(171) Concurrent Relocate 4.379ms
[91.716s][info][gc,load     ] GC(171) Load: 0.00/0.00/0.00
[91.716s][info][gc,mmu      ] GC(171) MMU: 2ms/96.8%, 5ms/98.7%, 10ms/99.3%, 20ms/99.6%, 50ms/99.8%, 100ms/99.9%
[91.716s][info][gc,marking  ] GC(171) Mark: 8 stripe(s), 2 proactive flush(es), 1 terminate flush(es), 0 completion(s), 0 continuation(s) 
[91.716s][info][gc,marking  ] GC(171) Mark Stack Usage: 32M
[91.716s][info][gc,nmethod  ] GC(171) NMethods: 5837 registered, 5495 unregistered
[91.716s][info][gc,metaspace] GC(171) Metaspace: 65M used, 66M committed, 1088M reserved
[91.716s][info][gc,ref      ] GC(171) Soft: 3296 encountered, 0 discovered, 0 enqueued
[91.716s][info][gc,ref      ] GC(171) Weak: 6371 encountered, 2231 discovered, 5 enqueued
[91.716s][info][gc,ref      ] GC(171) Final: 84 encountered, 62 discovered, 0 enqueued
[91.716s][info][gc,ref      ] GC(171) Phantom: 616 encountered, 449 discovered, 0 enqueued
[91.716s][info][gc,reloc    ] GC(171) Small Pages: 335 / 670M, Empty: 428M, Relocated: 5M, In-Place: 0
[91.716s][info][gc,reloc    ] GC(171) Medium Pages: 1 / 32M, Empty: 0M, Relocated: 0M, In-Place: 0
[91.716s][info][gc,reloc    ] GC(171) Large Pages: 4 / 24M, Empty: 24M, Relocated: 0M, In-Place: 0
[91.716s][info][gc,reloc    ] GC(171) Forwarding Usage: 2M
[91.716s][info][gc,heap     ] GC(171) Min Capacity: 8M(0%)
[91.716s][info][gc,heap     ] GC(171) Max Capacity: 2048M(100%)
[91.716s][info][gc,heap     ] GC(171) Soft Max Capacity: 2048M(100%)
[91.716s][info][gc,heap     ] GC(171)                Mark Start          Mark End        Relocate Start      Relocate End           High               Low         
[91.716s][info][gc,heap     ] GC(171)  Capacity:     2048M (100%)       2048M (100%)       2048M (100%)       2048M (100%)       2048M (100%)       2048M (100%)   
[91.716s][info][gc,heap     ] GC(171)      Free:     1322M (65%)        1320M (64%)        1772M (87%)        1808M (88%)        1808M (88%)        1320M (64%)    
[91.716s][info][gc,heap     ] GC(171)      Used:      726M (35%)         728M (36%)         276M (13%)         240M (12%)         728M (36%)         240M (12%)    
[91.716s][info][gc,heap     ] GC(171)      Live:         -               167M (8%)          167M (8%)          167M (8%)             -                  -          
[91.716s][info][gc,heap     ] GC(171) Allocated:         -                 2M (0%)            2M (0%)            3M (0%)             -                  -          
[91.716s][info][gc,heap     ] GC(171)   Garbage:         -               558M (27%)         106M (5%)           68M (3%)             -                  -          
[91.716s][info][gc,heap     ] GC(171) Reclaimed:         -                  -               452M (22%)         489M (24%)            -                  -          
[91.716s][info][gc          ] GC(171) Garbage Collection (System.gc()) 726M(35%)->240M(12%)
[92.179s][info][gc,start    ] GC(172) Garbage Collection (Allocation Rate)
[92.179s][info][gc,task     ] GC(172) Using 5 workers
[92.179s][info][gc,phases   ] GC(172) Pause Mark Start 0.011ms
[92.429s][info][gc,phases   ] GC(172) Concurrent Mark 249.582ms
[92.429s][info][gc,phases   ] GC(172) Pause Mark End 0.034ms
[92.429s][info][gc,phases   ] GC(172) Concurrent Mark Free 0.001ms
[92.433s][info][gc,phases   ] GC(172) Concurrent Process Non-Strong References 3.696ms
[92.433s][info][gc,phases   ] GC(172) Concurrent Reset Relocation Set 0.004ms
[92.467s][info][gc,phases   ] GC(172) Concurrent Select Relocation Set 34.152ms
[92.467s][info][gc,phases   ] GC(172) Pause Relocate Start 0.010ms
[92.542s][info][gc,phases   ] GC(172) Concurrent Relocate 74.628ms
[92.542s][info][gc,load     ] GC(172) Load: 0.00/0.00/0.00
[92.542s][info][gc,mmu      ] GC(172) MMU: 2ms/96.8%, 5ms/98.7%, 10ms/99.3%, 20ms/99.6%, 50ms/99.8%, 100ms/99.9%
[92.542s][info][gc,marking  ] GC(172) Mark: 4 stripe(s), 2 proactive flush(es), 1 terminate flush(es), 0 completion(s), 0 continuation(s) 
[92.542s][info][gc,marking  ] GC(172) Mark Stack Usage: 32M
[92.542s][info][gc,nmethod  ] GC(172) NMethods: 5852 registered, 5499 unregistered
[92.542s][info][gc,metaspace] GC(172) Metaspace: 65M used, 66M committed, 1088M reserved
[92.542s][info][gc,ref      ] GC(172) Soft: 3300 encountered, 0 discovered, 0 enqueued
[92.542s][info][gc,ref      ] GC(172) Weak: 6445 encountered, 943 discovered, 28 enqueued
[92.542s][info][gc,ref      ] GC(172) Final: 84 encountered, 2 discovered, 0 enqueued
[92.542s][info][gc,ref      ] GC(172) Phantom: 616 encountered, 468 discovered, 0 enqueued
[92.542s][info][gc,reloc    ] GC(172) Small Pages: 531 / 1062M, Empty: 0M, Relocated: 139M, In-Place: 0
[92.542s][info][gc,reloc    ] GC(172) Medium Pages: 2 / 64M, Empty: 32M, Relocated: 0M, In-Place: 0
[92.542s][info][gc,reloc    ] GC(172) Large Pages: 9 / 54M, Empty: 6M, Relocated: 0M, In-Place: 0
[92.542s][info][gc,reloc    ] GC(172) Forwarding Usage: 96M
[92.542s][info][gc,heap     ] GC(172) Min Capacity: 8M(0%)
[92.542s][info][gc,heap     ] GC(172) Max Capacity: 2048M(100%)
[92.542s][info][gc,heap     ] GC(172) Soft Max Capacity: 2048M(100%)
[92.542s][info][gc,heap     ] GC(172)                Mark Start          Mark End        Relocate Start      Relocate End           High               Low         
[92.542s][info][gc,heap     ] GC(172)  Capacity:     2048M (100%)       2048M (100%)       2048M (100%)       2048M (100%)       2048M (100%)       2048M (100%)   
[92.542s][info][gc,heap     ] GC(172)      Free:      868M (42%)         418M (20%)         376M (18%)        1022M (50%)        1022M (50%)         366M (18%)    
[92.543s][info][gc,heap     ] GC(172)      Used:     1180M (58%)        1630M (80%)        1672M (82%)        1026M (50%)        1682M (82%)        1026M (50%)    
[92.543s][info][gc,heap     ] GC(172)      Live:         -               352M (17%)         352M (17%)         352M (17%)            -                  -          
[92.543s][info][gc,heap     ] GC(172) Allocated:         -               450M (22%)         530M (26%)         617M (30%)            -                  -          
[92.543s][info][gc,heap     ] GC(172)   Garbage:         -               827M (40%)         789M (39%)          55M (3%)             -                  -          
[92.543s][info][gc,heap     ] GC(172) Reclaimed:         -                  -                38M (2%)          771M (38%)            -                  -          
[92.543s][info][gc          ] GC(172) Garbage Collection (Allocation Rate) 1180M(58%)->1026M(50%)
[92.569s][info][gc,start    ] GC(173) Garbage Collection (Allocation Rate)
[92.569s][info][gc,task     ] GC(173) Using 9 workers
[92.569s][info][gc,phases   ] GC(173) Pause Mark Start 0.010ms
[92.795s][info][gc,phases   ] GC(173) Concurrent Mark 225.312ms
[92.795s][info][gc,phases   ] GC(173) Pause Mark End 0.025ms
[92.795s][info][gc,phases   ] GC(173) Concurrent Mark Free 0.002ms
[92.797s][info][gc,phases   ] GC(173) Concurrent Process Non-Strong References 1.991ms
[92.797s][info][gc,phases   ] GC(173) Concurrent Reset Relocation Set 0.090ms
[92.807s][info][gc,phases   ] GC(173) Concurrent Select Relocation Set 10.100ms
[92.807s][info][gc,phases   ] GC(173) Pause Relocate Start 0.009ms
[92.833s][info][gc,phases   ] GC(173) Concurrent Relocate 25.205ms
[92.833s][info][gc,load     ] GC(173) Load: 0.00/0.00/0.00
[92.833s][info][gc,mmu      ] GC(173) MMU: 2ms/96.8%, 5ms/98.7%, 10ms/99.3%, 20ms/99.6%, 50ms/99.8%, 100ms/99.9%
[92.833s][info][gc,marking  ] GC(173) Mark: 8 stripe(s), 2 proactive flush(es), 1 terminate flush(es), 0 completion(s), 0 continuation(s) 
[92.833s][info][gc,marking  ] GC(173) Mark Stack Usage: 32M
[92.833s][info][gc,nmethod  ] GC(173) NMethods: 5852 registered, 5499 unregistered
[92.833s][info][gc,metaspace] GC(173) Metaspace: 65M used, 66M committed, 1088M reserved
[92.833s][info][gc,ref      ] GC(173) Soft: 3300 encountered, 0 discovered, 0 enqueued
[92.833s][info][gc,ref      ] GC(173) Weak: 6417 encountered, 2618 discovered, 0 enqueued
[92.833s][info][gc,ref      ] GC(173) Final: 84 encountered, 21 discovered, 0 enqueued
[92.833s][info][gc,ref      ] GC(173) Phantom: 616 encountered, 453 discovered, 0 enqueued
[92.833s][info][gc,reloc    ] GC(173) Small Pages: 472 / 944M, Empty: 0M, Relocated: 48M, In-Place: 0
[92.833s][info][gc,reloc    ] GC(173) Medium Pages: 1 / 32M, Empty: 0M, Relocated: 0M, In-Place: 0
[92.833s][info][gc,reloc    ] GC(173) Large Pages: 12 / 88M, Empty: 24M, Relocated: 0M, In-Place: 0
[92.833s][info][gc,reloc    ] GC(173) Forwarding Usage: 43M
[92.833s][info][gc,heap     ] GC(173) Min Capacity: 8M(0%)
[92.833s][info][gc,heap     ] GC(173) Max Capacity: 2048M(100%)
[92.833s][info][gc,heap     ] GC(173) Soft Max Capacity: 2048M(100%)
[92.833s][info][gc,heap     ] GC(173)                Mark Start          Mark End        Relocate Start      Relocate End           High               Low         
[92.833s][info][gc,heap     ] GC(173)  Capacity:     2048M (100%)       2048M (100%)       2048M (100%)       2048M (100%)       2048M (100%)       2048M (100%)   
[92.833s][info][gc,heap     ] GC(173)      Free:      984M (48%)         684M (33%)         690M (34%)        1228M (60%)        1232M (60%)         672M (33%)    
[92.833s][info][gc,heap     ] GC(173)      Used:     1064M (52%)        1364M (67%)        1358M (66%)         820M (40%)        1376M (67%)         816M (40%)    
[92.833s][info][gc,heap     ] GC(173)      Live:         -               403M (20%)         403M (20%)         403M (20%)            -                  -          
[92.833s][info][gc,heap     ] GC(173) Allocated:         -               300M (15%)         318M (16%)         346M (17%)            -                  -          
[92.833s][info][gc,heap     ] GC(173)   Garbage:         -               660M (32%)         636M (31%)          69M (3%)             -                  -          
[92.833s][info][gc,heap     ] GC(173) Reclaimed:         -                  -                24M (1%)          590M (29%)            -                  -          
[92.833s][info][gc          ] GC(173) Garbage Collection (Allocation Rate) 1064M(52%)->820M(40%)
[92.873s][info][gc,start    ] GC(174) Garbage Collection (Allocation Rate)
[92.873s][info][gc,task     ] GC(174) Using 9 workers
[92.873s][info][gc,phases   ] GC(174) Pause Mark Start 0.015ms
[93.123s][info][gc,phases   ] GC(174) Concurrent Mark 249.573ms
[93.123s][info][gc,phases   ] GC(174) Pause Mark End 0.047ms
[93.123s][info][gc,phases   ] GC(174) Concurrent Mark Free 0.002ms
[93.126s][info][gc,phases   ] GC(174) Concurrent Process Non-Strong References 3.064ms
[93.127s][info][gc,phases   ] GC(174) Concurrent Reset Relocation Set 0.082ms
[93.134s][info][gc,phases   ] GC(174) Concurrent Select Relocation Set 7.795ms
[93.135s][info][gc,phases   ] GC(174) Pause Relocate Start 0.015ms
[93.160s][info][gc,phases   ] GC(174) Concurrent Relocate 25.331ms
[93.160s][info][gc,load     ] GC(174) Load: 0.00/0.00/0.00
[93.160s][info][gc,mmu      ] GC(174) MMU: 2ms/96.8%, 5ms/98.7%, 10ms/99.3%, 20ms/99.6%, 50ms/99.8%, 100ms/99.9%
[93.160s][info][gc,marking  ] GC(174) Mark: 8 stripe(s), 10 proactive flush(es), 2 terminate flush(es), 0 completion(s), 0 continuation(s) 
[93.160s][info][gc,marking  ] GC(174) Mark Stack Usage: 32M
[93.160s][info][gc,nmethod  ] GC(174) NMethods: 5853 registered, 5499 unregistered
[93.160s][info][gc,metaspace] GC(174) Metaspace: 65M used, 66M committed, 1088M reserved
[93.160s][info][gc,ref      ] GC(174) Soft: 3300 encountered, 0 discovered, 0 enqueued
[93.160s][info][gc,ref      ] GC(174) Weak: 6414 encountered, 2379 discovered, 0 enqueued
[93.160s][info][gc,ref      ] GC(174) Final: 84 encountered, 0 discovered, 0 enqueued
[93.160s][info][gc,ref      ] GC(174) Phantom: 616 encountered, 500 discovered, 0 enqueued
[93.160s][info][gc,reloc    ] GC(174) Small Pages: 389 / 778M, Empty: 0M, Relocated: 31M, In-Place: 0
[93.161s][info][gc,reloc    ] GC(174) Medium Pages: 1 / 32M, Empty: 0M, Relocated: 0M, In-Place: 0
[93.161s][info][gc,reloc    ] GC(174) Large Pages: 8 / 64M, Empty: 0M, Relocated: 0M, In-Place: 0
[93.161s][info][gc,reloc    ] GC(174) Forwarding Usage: 30M
[93.161s][info][gc,heap     ] GC(174) Min Capacity: 8M(0%)
[93.161s][info][gc,heap     ] GC(174) Max Capacity: 2048M(100%)
[93.161s][info][gc,heap     ] GC(174) Soft Max Capacity: 2048M(100%)
[93.161s][info][gc,heap     ] GC(174)                Mark Start          Mark End        Relocate Start      Relocate End           High               Low         
[93.161s][info][gc,heap     ] GC(174)  Capacity:     2048M (100%)       2048M (100%)       2048M (100%)       2048M (100%)       2048M (100%)       2048M (100%)   
[93.161s][info][gc,heap     ] GC(174)      Free:     1174M (57%)         892M (44%)         892M (44%)        1272M (62%)        1272M (62%)         874M (43%)    
[93.161s][info][gc,heap     ] GC(174)      Used:      874M (43%)        1156M (56%)        1156M (56%)         776M (38%)        1174M (57%)         776M (38%)    
[93.161s][info][gc,heap     ] GC(174)      Live:         -               419M (20%)         419M (20%)         419M (20%)            -                  -          
[93.161s][info][gc,heap     ] GC(174) Allocated:         -               282M (14%)         282M (14%)         282M (14%)            -                  -          
[93.161s][info][gc,heap     ] GC(174)   Garbage:         -               454M (22%)         454M (22%)          73M (4%)             -                  -          
[93.161s][info][gc,heap     ] GC(174) Reclaimed:         -                  -                 0M (0%)          380M (19%)            -                  -          
[93.161s][info][gc          ] GC(174) Garbage Collection (Allocation Rate) 874M(43%)->776M(38%)
[93.270s][info][gc,start    ] GC(175) Garbage Collection (Allocation Rate)
[93.271s][info][gc,task     ] GC(175) Using 9 workers
[93.271s][info][gc,phases   ] GC(175) Pause Mark Start 0.013ms
[93.473s][info][gc,phases   ] GC(175) Concurrent Mark 202.617ms
[93.474s][info][gc,phases   ] GC(175) Pause Mark End 0.040ms
[93.474s][info][gc,phases   ] GC(175) Concurrent Mark Free 0.001ms
[93.477s][info][gc,phases   ] GC(175) Concurrent Process Non-Strong References 3.126ms
[93.477s][info][gc,phases   ] GC(175) Concurrent Reset Relocation Set 0.051ms
[93.516s][info][gc,phases   ] GC(175) Concurrent Select Relocation Set 38.497ms
[93.516s][info][gc,phases   ] GC(175) Pause Relocate Start 0.012ms
[93.545s][info][gc,phases   ] GC(175) Concurrent Relocate 28.652ms
[93.545s][info][gc,load     ] GC(175) Load: 0.00/0.00/0.00
[93.545s][info][gc,mmu      ] GC(175) MMU: 2ms/96.8%, 5ms/98.7%, 10ms/99.3%, 20ms/99.6%, 50ms/99.8%, 100ms/99.9%
[93.545s][info][gc,marking  ] GC(175) Mark: 8 stripe(s), 3 proactive flush(es), 1 terminate flush(es), 0 completion(s), 0 continuation(s) 
[93.545s][info][gc,marking  ] GC(175) Mark Stack Usage: 32M
[93.545s][info][gc,nmethod  ] GC(175) NMethods: 5854 registered, 5500 unregistered
[93.545s][info][gc,metaspace] GC(175) Metaspace: 65M used, 66M committed, 1088M reserved
[93.545s][info][gc,ref      ] GC(175) Soft: 3300 encountered, 0 discovered, 0 enqueued
[93.545s][info][gc,ref      ] GC(175) Weak: 6414 encountered, 2511 discovered, 0 enqueued
[93.545s][info][gc,ref      ] GC(175) Final: 84 encountered, 2 discovered, 0 enqueued
[93.545s][info][gc,ref      ] GC(175) Phantom: 616 encountered, 605 discovered, 0 enqueued
[93.545s][info][gc,reloc    ] GC(175) Small Pages: 324 / 648M, Empty: 66M, Relocated: 40M, In-Place: 0
[93.545s][info][gc,reloc    ] GC(175) Medium Pages: 2 / 64M, Empty: 0M, Relocated: 16M, In-Place: 0
[93.545s][info][gc,reloc    ] GC(175) Large Pages: 8 / 64M, Empty: 24M, Relocated: 0M, In-Place: 0
[93.545s][info][gc,reloc    ] GC(175) Forwarding Usage: 36M
[93.545s][info][gc,heap     ] GC(175) Min Capacity: 8M(0%)
[93.545s][info][gc,heap     ] GC(175) Max Capacity: 2048M(100%)
[93.545s][info][gc,heap     ] GC(175) Soft Max Capacity: 2048M(100%)
[93.545s][info][gc,heap     ] GC(175)                Mark Start          Mark End        Relocate Start      Relocate End           High               Low         
[93.545s][info][gc,heap     ] GC(175)  Capacity:     2048M (100%)       2048M (100%)       2048M (100%)       2048M (100%)       2048M (100%)       2048M (100%)   
[93.545s][info][gc,heap     ] GC(175)      Free:     1272M (62%)        1238M (60%)        1326M (65%)        1626M (79%)        1626M (79%)        1238M (60%)    
[93.545s][info][gc,heap     ] GC(175)      Used:      776M (38%)         810M (40%)         722M (35%)         422M (21%)         810M (40%)         422M (21%)    
[93.545s][info][gc,heap     ] GC(175)      Live:         -               311M (15%)         311M (15%)         311M (15%)            -                  -          
[93.545s][info][gc,heap     ] GC(175) Allocated:         -                34M (2%)           36M (2%)           39M (2%)             -                  -          
[93.545s][info][gc,heap     ] GC(175)   Garbage:         -               464M (23%)         374M (18%)          70M (3%)             -                  -          
[93.545s][info][gc,heap     ] GC(175) Reclaimed:         -                  -                90M (4%)          393M (19%)            -                  -          
[93.545s][info][gc          ] GC(175) Garbage Collection (Allocation Rate) 776M(38%)->422M(21%)
[93.583s][info][gc,start    ] GC(176) Garbage Collection (Allocation Rate)
[93.583s][info][gc,task     ] GC(176) Using 9 workers
[93.583s][info][gc,phases   ] GC(176) Pause Mark Start 0.015ms
[93.770s][info][gc,phases   ] GC(176) Concurrent Mark 187.051ms
[93.770s][info][gc,phases   ] GC(176) Pause Mark End 0.024ms
[93.770s][info][gc,phases   ] GC(176) Concurrent Mark Free 0.001ms
[93.773s][info][gc,phases   ] GC(176) Concurrent Process Non-Strong References 2.248ms
[93.773s][info][gc,phases   ] GC(176) Concurrent Reset Relocation Set 0.022ms
[93.779s][info][gc,phases   ] GC(176) Concurrent Select Relocation Set 5.898ms
[93.779s][info][gc,phases   ] GC(176) Pause Relocate Start 0.007ms
[93.786s][info][gc,phases   ] GC(176) Concurrent Relocate 6.729ms
[93.786s][info][gc,load     ] GC(176) Load: 0.00/0.00/0.00
[93.786s][info][gc,mmu      ] GC(176) MMU: 2ms/96.8%, 5ms/98.7%, 10ms/99.3%, 20ms/99.6%, 50ms/99.8%, 100ms/99.9%
[93.786s][info][gc,marking  ] GC(176) Mark: 8 stripe(s), 10 proactive flush(es), 2 terminate flush(es), 0 completion(s), 0 continuation(s) 
[93.786s][info][gc,marking  ] GC(176) Mark Stack Usage: 32M
[93.786s][info][gc,nmethod  ] GC(176) NMethods: 5868 registered, 5500 unregistered
[93.786s][info][gc,metaspace] GC(176) Metaspace: 65M used, 66M committed, 1088M reserved
[93.786s][info][gc,ref      ] GC(176) Soft: 3300 encountered, 0 discovered, 0 enqueued
[93.786s][info][gc,ref      ] GC(176) Weak: 6554 encountered, 571 discovered, 0 enqueued
[93.786s][info][gc,ref      ] GC(176) Final: 84 encountered, 44 discovered, 0 enqueued
[93.786s][info][gc,ref      ] GC(176) Phantom: 618 encountered, 443 discovered, 0 enqueued
[93.786s][info][gc,reloc    ] GC(176) Small Pages: 162 / 324M, Empty: 2M, Relocated: 5M, In-Place: 0
[93.786s][info][gc,reloc    ] GC(176) Medium Pages: 2 / 64M, Empty: 0M, Relocated: 14M, In-Place: 0
[93.786s][info][gc,reloc    ] GC(176) Large Pages: 4 / 40M, Empty: 0M, Relocated: 0M, In-Place: 0
[93.786s][info][gc,reloc    ] GC(176) Forwarding Usage: 4M
[93.786s][info][gc,heap     ] GC(176) Min Capacity: 8M(0%)
[93.786s][info][gc,heap     ] GC(176) Max Capacity: 2048M(100%)
[93.786s][info][gc,heap     ] GC(176) Soft Max Capacity: 2048M(100%)
[93.786s][info][gc,heap     ] GC(176)                Mark Start          Mark End        Relocate Start      Relocate End           High               Low         
[93.786s][info][gc,heap     ] GC(176)  Capacity:     2048M (100%)       2048M (100%)       2048M (100%)       2048M (100%)       2048M (100%)       2048M (100%)   
[93.786s][info][gc,heap     ] GC(176)      Free:     1620M (79%)        1544M (75%)        1546M (75%)        1584M (77%)        1620M (79%)        1500M (73%)    
[93.786s][info][gc,heap     ] GC(176)      Used:      428M (21%)         504M (25%)         502M (25%)         464M (23%)         548M (27%)         428M (21%)    
[93.786s][info][gc,heap     ] GC(176)      Live:         -               310M (15%)         310M (15%)         310M (15%)            -                  -          
[93.786s][info][gc,heap     ] GC(176) Allocated:         -                76M (4%)           76M (4%)           77M (4%)             -                  -          
[93.786s][info][gc,heap     ] GC(176)   Garbage:         -               117M (6%)          115M (6%)           75M (4%)             -                  -          
[93.786s][info][gc,heap     ] GC(176) Reclaimed:         -                  -                 2M (0%)           41M (2%)             -                  -          
[93.786s][info][gc          ] GC(176) Garbage Collection (Allocation Rate) 428M(21%)->464M(23%)
[93.877s][info][gc,start    ] GC(177) Garbage Collection (Allocation Rate)
[93.877s][info][gc,task     ] GC(177) Using 9 workers
[93.877s][info][gc,phases   ] GC(177) Pause Mark Start 0.012ms
[93.955s][info][gc,phases   ] GC(177) Concurrent Mark 77.739ms
[93.955s][info][gc,phases   ] GC(177) Pause Mark End 0.020ms
[93.955s][info][gc,phases   ] GC(177) Concurrent Mark Free 0.001ms
[93.957s][info][gc,phases   ] GC(177) Concurrent Process Non-Strong References 2.065ms
[93.957s][info][gc,phases   ] GC(177) Concurrent Reset Relocation Set 0.005ms
[93.960s][info][gc,phases   ] GC(177) Concurrent Select Relocation Set 2.985ms
[93.960s][info][gc,phases   ] GC(177) Pause Relocate Start 0.007ms
[93.964s][info][gc,phases   ] GC(177) Concurrent Relocate 3.901ms
[93.964s][info][gc,load     ] GC(177) Load: 0.00/0.00/0.00
[93.964s][info][gc,mmu      ] GC(177) MMU: 2ms/96.8%, 5ms/98.7%, 10ms/99.3%, 20ms/99.6%, 50ms/99.8%, 100ms/99.9%
[93.964s][info][gc,marking  ] GC(177) Mark: 8 stripe(s), 2 proactive flush(es), 1 terminate flush(es), 0 completion(s), 0 continuation(s) 
[93.964s][info][gc,marking  ] GC(177) Mark Stack Usage: 32M
[93.964s][info][gc,nmethod  ] GC(177) NMethods: 5916 registered, 5513 unregistered
[93.964s][info][gc,metaspace] GC(177) Metaspace: 65M used, 66M committed, 1088M reserved
[93.964s][info][gc,ref      ] GC(177) Soft: 3300 encountered, 0 discovered, 0 enqueued
[93.964s][info][gc,ref      ] GC(177) Weak: 6621 encountered, 1402 discovered, 83 enqueued
[93.964s][info][gc,ref      ] GC(177) Final: 84 encountered, 5 discovered, 0 enqueued
[93.964s][info][gc,ref      ] GC(177) Phantom: 620 encountered, 498 discovered, 0 enqueued
[93.964s][info][gc,reloc    ] GC(177) Small Pages: 196 / 392M, Empty: 100M, Relocated: 6M, In-Place: 0
[93.964s][info][gc,reloc    ] GC(177) Medium Pages: 2 / 64M, Empty: 32M, Relocated: 0M, In-Place: 0
[93.964s][info][gc,reloc    ] GC(177) Large Pages: 5 / 46M, Empty: 46M, Relocated: 0M, In-Place: 0
[93.964s][info][gc,reloc    ] GC(177) Forwarding Usage: 3M
[93.964s][info][gc,heap     ] GC(177) Min Capacity: 8M(0%)
[93.964s][info][gc,heap     ] GC(177) Max Capacity: 2048M(100%)
[93.964s][info][gc,heap     ] GC(177) Soft Max Capacity: 2048M(100%)
[93.964s][info][gc,heap     ] GC(177)                Mark Start          Mark End        Relocate Start      Relocate End           High               Low         
[93.964s][info][gc,heap     ] GC(177)  Capacity:     2048M (100%)       2048M (100%)       2048M (100%)       2048M (100%)       2048M (100%)       2048M (100%)   
[93.964s][info][gc,heap     ] GC(177)      Free:     1546M (75%)        1408M (69%)        1580M (77%)        1674M (82%)        1674M (82%)        1402M (68%)    
[93.964s][info][gc,heap     ] GC(177)      Used:      502M (25%)         640M (31%)         468M (23%)         374M (18%)         646M (32%)         374M (18%)    
[93.964s][info][gc,heap     ] GC(177)      Live:         -               168M (8%)          168M (8%)          168M (8%)             -                  -          
[93.964s][info][gc,heap     ] GC(177) Allocated:         -               138M (7%)          144M (7%)          143M (7%)             -                  -          
[93.964s][info][gc,heap     ] GC(177)   Garbage:         -               333M (16%)         155M (8%)           61M (3%)             -                  -          
[93.964s][info][gc,heap     ] GC(177) Reclaimed:         -                  -               178M (9%)          271M (13%)            -                  -          
[93.964s][info][gc          ] GC(177) Garbage Collection (Allocation Rate) 502M(25%)->374M(18%)
[94.581s][info][gc,start    ] GC(178) Garbage Collection (Allocation Rate)
[94.582s][info][gc,task     ] GC(178) Using 9 workers
[94.582s][info][gc,phases   ] GC(178) Pause Mark Start 0.012ms
[94.722s][info][gc,phases   ] GC(178) Concurrent Mark 140.165ms
[94.722s][info][gc,phases   ] GC(178) Pause Mark End 0.027ms
[94.722s][info][gc,phases   ] GC(178) Concurrent Mark Free 0.001ms
[94.724s][info][gc,phases   ] GC(178) Concurrent Process Non-Strong References 2.122ms
[94.724s][info][gc,phases   ] GC(178) Concurrent Reset Relocation Set 0.007ms
[94.750s][info][gc,phases   ] GC(178) Concurrent Select Relocation Set 25.381ms
[94.750s][info][gc,phases   ] GC(178) Pause Relocate Start 0.009ms
[94.797s][info][gc,phases   ] GC(178) Concurrent Relocate 47.376ms
[94.798s][info][gc,load     ] GC(178) Load: 0.00/0.00/0.00
[94.798s][info][gc,mmu      ] GC(178) MMU: 2ms/96.8%, 5ms/98.7%, 10ms/99.3%, 20ms/99.6%, 50ms/99.8%, 100ms/99.9%
[94.798s][info][gc,marking  ] GC(178) Mark: 8 stripe(s), 2 proactive flush(es), 1 terminate flush(es), 0 completion(s), 0 continuation(s) 
[94.798s][info][gc,marking  ] GC(178) Mark Stack Usage: 32M
[94.798s][info][gc,nmethod  ] GC(178) NMethods: 5930 registered, 5514 unregistered
[94.798s][info][gc,metaspace] GC(178) Metaspace: 65M used, 66M committed, 1088M reserved
[94.798s][info][gc,ref      ] GC(178) Soft: 3304 encountered, 0 discovered, 0 enqueued
[94.798s][info][gc,ref      ] GC(178) Weak: 6539 encountered, 2100 discovered, 80 enqueued
[94.798s][info][gc,ref      ] GC(178) Final: 84 encountered, 0 discovered, 0 enqueued
[94.798s][info][gc,ref      ] GC(178) Phantom: 616 encountered, 495 discovered, 0 enqueued
[94.798s][info][gc,reloc    ] GC(178) Small Pages: 523 / 1046M, Empty: 26M, Relocated: 124M, In-Place: 0
[94.798s][info][gc,reloc    ] GC(178) Medium Pages: 3 / 96M, Empty: 32M, Relocated: 14M, In-Place: 0
[94.798s][info][gc,reloc    ] GC(178) Large Pages: 9 / 54M, Empty: 24M, Relocated: 0M, In-Place: 0
[94.798s][info][gc,reloc    ] GC(178) Forwarding Usage: 85M
[94.798s][info][gc,heap     ] GC(178) Min Capacity: 8M(0%)
[94.798s][info][gc,heap     ] GC(178) Max Capacity: 2048M(100%)
[94.798s][info][gc,heap     ] GC(178) Soft Max Capacity: 2048M(100%)
[94.798s][info][gc,heap     ] GC(178)                Mark Start          Mark End        Relocate Start      Relocate End           High               Low         
[94.798s][info][gc,heap     ] GC(178)  Capacity:     2048M (100%)       2048M (100%)       2048M (100%)       2048M (100%)       2048M (100%)       2048M (100%)   
[94.798s][info][gc,heap     ] GC(178)      Free:      852M (42%)         570M (28%)         590M (29%)        1280M (63%)        1280M (63%)         544M (27%)    
[94.798s][info][gc,heap     ] GC(178)      Used:     1196M (58%)        1478M (72%)        1458M (71%)         768M (38%)        1504M (73%)         768M (38%)    
[94.798s][info][gc,heap     ] GC(178)      Live:         -               321M (16%)         321M (16%)         321M (16%)            -                  -          
[94.798s][info][gc,heap     ] GC(178) Allocated:         -               282M (14%)         344M (17%)         389M (19%)            -                  -          
[94.798s][info][gc,heap     ] GC(178)   Garbage:         -               874M (43%)         792M (39%)          57M (3%)             -                  -          
[94.798s][info][gc,heap     ] GC(178) Reclaimed:         -                  -                82M (4%)          817M (40%)            -                  -          
[94.798s][info][gc          ] GC(178) Garbage Collection (Allocation Rate) 1196M(58%)->768M(38%)
[94.878s][info][gc,start    ] GC(179) Garbage Collection (Allocation Rate)
[94.878s][info][gc,task     ] GC(179) Using 12 workers
[94.879s][info][gc,phases   ] GC(179) Pause Mark Start 0.015ms
[95.057s][info][gc,phases   ] GC(179) Concurrent Mark 178.363ms
[95.057s][info][gc,phases   ] GC(179) Pause Mark End 0.021ms
[95.057s][info][gc,phases   ] GC(179) Concurrent Mark Free 0.001ms
[95.059s][info][gc,phases   ] GC(179) Concurrent Process Non-Strong References 1.884ms
[95.059s][info][gc,phases   ] GC(179) Concurrent Reset Relocation Set 0.089ms
[95.070s][info][gc,phases   ] GC(179) Concurrent Select Relocation Set 11.044ms
[95.071s][info][gc,phases   ] GC(179) Pause Relocate Start 0.009ms
[95.090s][info][gc,phases   ] GC(179) Concurrent Relocate 19.697ms
[95.090s][info][gc,load     ] GC(179) Load: 0.00/0.00/0.00
[95.090s][info][gc,mmu      ] GC(179) MMU: 2ms/96.8%, 5ms/98.7%, 10ms/99.3%, 20ms/99.6%, 50ms/99.8%, 100ms/99.9%
[95.090s][info][gc,marking  ] GC(179) Mark: 8 stripe(s), 3 proactive flush(es), 1 terminate flush(es), 0 completion(s), 0 continuation(s) 
[95.090s][info][gc,marking  ] GC(179) Mark Stack Usage: 32M
[95.090s][info][gc,nmethod  ] GC(179) NMethods: 5930 registered, 5514 unregistered
[95.090s][info][gc,metaspace] GC(179) Metaspace: 65M used, 66M committed, 1088M reserved
[95.090s][info][gc,ref      ] GC(179) Soft: 3304 encountered, 0 discovered, 0 enqueued
[95.090s][info][gc,ref      ] GC(179) Weak: 6457 encountered, 2496 discovered, 0 enqueued
[95.091s][info][gc,ref      ] GC(179) Final: 84 encountered, 6 discovered, 0 enqueued
[95.091s][info][gc,ref      ] GC(179) Phantom: 616 encountered, 449 discovered, 0 enqueued
[95.091s][info][gc,reloc    ] GC(179) Small Pages: 371 / 742M, Empty: 0M, Relocated: 43M, In-Place: 0
[95.091s][info][gc,reloc    ] GC(179) Medium Pages: 2 / 64M, Empty: 32M, Relocated: 0M, In-Place: 0
[95.091s][info][gc,reloc    ] GC(179) Large Pages: 10 / 68M, Empty: 6M, Relocated: 0M, In-Place: 0
[95.091s][info][gc,reloc    ] GC(179) Forwarding Usage: 35M
[95.091s][info][gc,heap     ] GC(179) Min Capacity: 8M(0%)
[95.091s][info][gc,heap     ] GC(179) Max Capacity: 2048M(100%)
[95.091s][info][gc,heap     ] GC(179) Soft Max Capacity: 2048M(100%)
[95.091s][info][gc,heap     ] GC(179)                Mark Start          Mark End        Relocate Start      Relocate End           High               Low         
[95.091s][info][gc,heap     ] GC(179)  Capacity:     2048M (100%)       2048M (100%)       2048M (100%)       2048M (100%)       2048M (100%)       2048M (100%)   
[95.091s][info][gc,heap     ] GC(179)      Free:     1174M (57%)         988M (48%)        1010M (49%)        1374M (67%)        1376M (67%)         982M (48%)    
[95.091s][info][gc,heap     ] GC(179)      Used:      874M (43%)        1060M (52%)        1038M (51%)         674M (33%)        1066M (52%)         672M (33%)    
[95.091s][info][gc,heap     ] GC(179)      Live:         -               381M (19%)         381M (19%)         381M (19%)            -                  -          
[95.091s][info][gc,heap     ] GC(179) Allocated:         -               186M (9%)          202M (10%)         223M (11%)            -                  -          
[95.091s][info][gc,heap     ] GC(179)   Garbage:         -               492M (24%)         454M (22%)          69M (3%)             -                  -          
[95.091s][info][gc,heap     ] GC(179) Reclaimed:         -                  -                38M (2%)          423M (21%)            -                  -          
[95.091s][info][gc          ] GC(179) Garbage Collection (Allocation Rate) 874M(43%)->674M(33%)
[95.182s][info][gc,start    ] GC(180) Garbage Collection (Allocation Rate)
[95.182s][info][gc,task     ] GC(180) Using 12 workers
[95.182s][info][gc,phases   ] GC(180) Pause Mark Start 0.009ms
[95.338s][info][gc,phases   ] GC(180) Concurrent Mark 155.823ms
[95.338s][info][gc,phases   ] GC(180) Pause Mark End 0.027ms
[95.338s][info][gc,phases   ] GC(180) Concurrent Mark Free 0.001ms
[95.340s][info][gc,phases   ] GC(180) Concurrent Process Non-Strong References 1.647ms
[95.340s][info][gc,phases   ] GC(180) Concurrent Reset Relocation Set 0.024ms
[95.345s][info][gc,phases   ] GC(180) Concurrent Select Relocation Set 4.345ms
[95.345s][info][gc,phases   ] GC(180) Pause Relocate Start 0.008ms
[95.360s][info][gc,phases   ] GC(180) Concurrent Relocate 14.876ms
[95.360s][info][gc,load     ] GC(180) Load: 0.00/0.00/0.00
[95.360s][info][gc,mmu      ] GC(180) MMU: 2ms/96.8%, 5ms/98.7%, 10ms/99.3%, 20ms/99.6%, 50ms/99.8%, 100ms/99.9%
[95.360s][info][gc,marking  ] GC(180) Mark: 8 stripe(s), 4 proactive flush(es), 1 terminate flush(es), 0 completion(s), 0 continuation(s) 
[95.360s][info][gc,marking  ] GC(180) Mark Stack Usage: 32M
[95.360s][info][gc,nmethod  ] GC(180) NMethods: 5930 registered, 5514 unregistered
[95.360s][info][gc,metaspace] GC(180) Metaspace: 65M used, 66M committed, 1088M reserved
[95.360s][info][gc,ref      ] GC(180) Soft: 3304 encountered, 0 discovered, 0 enqueued
[95.360s][info][gc,ref      ] GC(180) Weak: 6456 encountered, 2938 discovered, 0 enqueued
[95.360s][info][gc,ref      ] GC(180) Final: 84 encountered, 26 discovered, 0 enqueued
[95.360s][info][gc,ref      ] GC(180) Phantom: 616 encountered, 526 discovered, 0 enqueued
[95.360s][info][gc,reloc    ] GC(180) Small Pages: 358 / 716M, Empty: 0M, Relocated: 31M, In-Place: 0
[95.360s][info][gc,reloc    ] GC(180) Medium Pages: 1 / 32M, Empty: 0M, Relocated: 0M, In-Place: 0
[95.360s][info][gc,reloc    ] GC(180) Large Pages: 11 / 82M, Empty: 18M, Relocated: 0M, In-Place: 0
[95.360s][info][gc,reloc    ] GC(180) Forwarding Usage: 27M
[95.360s][info][gc,heap     ] GC(180) Min Capacity: 8M(0%)
[95.360s][info][gc,heap     ] GC(180) Max Capacity: 2048M(100%)
[95.360s][info][gc,heap     ] GC(180) Soft Max Capacity: 2048M(100%)
[95.360s][info][gc,heap     ] GC(180)                Mark Start          Mark End        Relocate Start      Relocate End           High               Low         
[95.360s][info][gc,heap     ] GC(180)  Capacity:     2048M (100%)       2048M (100%)       2048M (100%)       2048M (100%)       2048M (100%)       2048M (100%)   
[95.360s][info][gc,heap     ] GC(180)      Free:     1218M (59%)         976M (48%)         984M (48%)        1308M (64%)        1308M (64%)         960M (47%)    
[95.360s][info][gc,heap     ] GC(180)      Used:      830M (41%)        1072M (52%)        1064M (52%)         740M (36%)        1088M (53%)         740M (36%)    
[95.360s][info][gc,heap     ] GC(180)      Live:         -               402M (20%)         402M (20%)         402M (20%)            -                  -          
[95.360s][info][gc,heap     ] GC(180) Allocated:         -               242M (12%)         252M (12%)         265M (13%)            -                  -          
[95.360s][info][gc,heap     ] GC(180)   Garbage:         -               427M (21%)         409M (20%)          71M (4%)             -                  -          
[95.360s][info][gc,heap     ] GC(180) Reclaimed:         -                  -                18M (1%)          355M (17%)            -                  -          
[95.360s][info][gc          ] GC(180) Garbage Collection (Allocation Rate) 830M(41%)->740M(36%)
[95.369s][info][gc,start    ] GC(181) Garbage Collection (Allocation Rate)
[95.369s][info][gc,task     ] GC(181) Using 12 workers
[95.370s][info][gc,phases   ] GC(181) Pause Mark Start 0.010ms
[95.541s][info][gc,phases   ] GC(181) Concurrent Mark 171.646ms
[95.541s][info][gc,phases   ] GC(181) Pause Mark End 0.025ms
[95.542s][info][gc,phases   ] GC(181) Concurrent Mark Free 0.001ms
[95.543s][info][gc,phases   ] GC(181) Concurrent Process Non-Strong References 1.728ms
[95.543s][info][gc,phases   ] GC(181) Concurrent Reset Relocation Set 0.053ms
[95.568s][info][gc,phases   ] GC(181) Concurrent Select Relocation Set 24.923ms
[95.568s][info][gc,phases   ] GC(181) Pause Relocate Start 0.009ms
[95.587s][info][gc,phases   ] GC(181) Concurrent Relocate 18.954ms
[95.588s][info][gc,load     ] GC(181) Load: 0.00/0.00/0.00
[95.588s][info][gc,mmu      ] GC(181) MMU: 2ms/96.8%, 5ms/98.7%, 10ms/99.3%, 20ms/99.6%, 50ms/99.8%, 100ms/99.9%
[95.588s][info][gc,marking  ] GC(181) Mark: 8 stripe(s), 2 proactive flush(es), 1 terminate flush(es), 0 completion(s), 0 continuation(s) 
[95.588s][info][gc,marking  ] GC(181) Mark Stack Usage: 32M
[95.588s][info][gc,nmethod  ] GC(181) NMethods: 5930 registered, 5514 unregistered
[95.588s][info][gc,metaspace] GC(181) Metaspace: 65M used, 66M committed, 1088M reserved
[95.588s][info][gc,ref      ] GC(181) Soft: 3304 encountered, 0 discovered, 0 enqueued
[95.588s][info][gc,ref      ] GC(181) Weak: 6453 encountered, 2692 discovered, 0 enqueued
[95.588s][info][gc,ref      ] GC(181) Final: 84 encountered, 60 discovered, 0 enqueued
[95.588s][info][gc,ref      ] GC(181) Phantom: 616 encountered, 373 discovered, 0 enqueued
[95.588s][info][gc,reloc    ] GC(181) Small Pages: 312 / 624M, Empty: 2M, Relocated: 32M, In-Place: 0
[95.588s][info][gc,reloc    ] GC(181) Medium Pages: 2 / 64M, Empty: 0M, Relocated: 10M, In-Place: 0
[95.588s][info][gc,reloc    ] GC(181) Large Pages: 8 / 64M, Empty: 6M, Relocated: 0M, In-Place: 0
[95.588s][info][gc,reloc    ] GC(181) Forwarding Usage: 27M
[95.588s][info][gc,heap     ] GC(181) Min Capacity: 8M(0%)
[95.588s][info][gc,heap     ] GC(181) Max Capacity: 2048M(100%)
[95.588s][info][gc,heap     ] GC(181) Soft Max Capacity: 2048M(100%)
[95.588s][info][gc,heap     ] GC(181)                Mark Start          Mark End        Relocate Start      Relocate End           High               Low         
[95.588s][info][gc,heap     ] GC(181)  Capacity:     2048M (100%)       2048M (100%)       2048M (100%)       2048M (100%)       2048M (100%)       2048M (100%)   
[95.588s][info][gc,heap     ] GC(181)      Free:     1296M (63%)        1078M (53%)        1052M (51%)        1308M (64%)        1308M (64%)        1000M (49%)    
[95.588s][info][gc,heap     ] GC(181)      Used:      752M (37%)         970M (47%)         996M (49%)         740M (36%)        1048M (51%)         740M (36%)    
[95.588s][info][gc,heap     ] GC(181)      Live:         -               383M (19%)         383M (19%)         383M (19%)            -                  -          
[95.588s][info][gc,heap     ] GC(181) Allocated:         -               218M (11%)         252M (12%)         265M (13%)            -                  -          
[95.588s][info][gc,heap     ] GC(181)   Garbage:         -               368M (18%)         360M (18%)          91M (4%)             -                  -          
[95.588s][info][gc,heap     ] GC(181) Reclaimed:         -                  -                 8M (0%)          277M (14%)            -                  -          
[95.588s][info][gc          ] GC(181) Garbage Collection (Allocation Rate) 752M(37%)->740M(36%)
[96.173s][info][gc,start    ] GC(182) Garbage Collection (Allocation Rate)
[96.173s][info][gc,task     ] GC(182) Using 12 workers
[96.173s][info][gc,phases   ] GC(182) Pause Mark Start 0.011ms
[96.297s][info][gc,phases   ] GC(182) Concurrent Mark 123.418ms
[96.297s][info][gc,phases   ] GC(182) Pause Mark End 0.024ms
[96.297s][info][gc,phases   ] GC(182) Concurrent Mark Free 0.001ms
[96.299s][info][gc,phases   ] GC(182) Concurrent Process Non-Strong References 1.789ms
[96.299s][info][gc,phases   ] GC(182) Concurrent Reset Relocation Set 0.030ms
[96.336s][info][gc,phases   ] GC(182) Concurrent Select Relocation Set 37.278ms
[96.337s][info][gc,phases   ] GC(182) Pause Relocate Start 0.013ms
[96.371s][info][gc,phases   ] GC(182) Concurrent Relocate 34.065ms
[96.371s][info][gc,load     ] GC(182) Load: 0.00/0.00/0.00
[96.371s][info][gc,mmu      ] GC(182) MMU: 2ms/96.8%, 5ms/98.7%, 10ms/99.3%, 20ms/99.6%, 50ms/99.8%, 100ms/99.9%
[96.371s][info][gc,marking  ] GC(182) Mark: 8 stripe(s), 4 proactive flush(es), 1 terminate flush(es), 0 completion(s), 0 continuation(s) 
[96.371s][info][gc,marking  ] GC(182) Mark Stack Usage: 32M
[96.371s][info][gc,nmethod  ] GC(182) NMethods: 5982 registered, 0 unregistered
[96.371s][info][gc,metaspace] GC(182) Metaspace: 65M used, 66M committed, 1088M reserved
[96.371s][info][gc,ref      ] GC(182) Soft: 3299 encountered, 0 discovered, 0 enqueued
[96.371s][info][gc,ref      ] GC(182) Weak: 6436 encountered, 1549 discovered, 0 enqueued
[96.371s][info][gc,ref      ] GC(182) Final: 84 encountered, 2 discovered, 0 enqueued
[96.371s][info][gc,ref      ] GC(182) Phantom: 617 encountered, 510 discovered, 0 enqueued
[96.371s][info][gc,reloc    ] GC(182) Small Pages: 346 / 692M, Empty: 90M, Relocated: 62M, In-Place: 0
[96.371s][info][gc,reloc    ] GC(182) Medium Pages: 2 / 64M, Empty: 32M, Relocated: 0M, In-Place: 0
[96.371s][info][gc,reloc    ] GC(182) Large Pages: 7 / 58M, Empty: 28M, Relocated: 0M, In-Place: 0
[96.371s][info][gc,reloc    ] GC(182) Forwarding Usage: 57M
[96.371s][info][gc,heap     ] GC(182) Min Capacity: 8M(0%)
[96.371s][info][gc,heap     ] GC(182) Max Capacity: 2048M(100%)
[96.371s][info][gc,heap     ] GC(182) Soft Max Capacity: 2048M(100%)
[96.371s][info][gc,heap     ] GC(182)                Mark Start          Mark End        Relocate Start      Relocate End           High               Low         
[96.371s][info][gc,heap     ] GC(182)  Capacity:     2048M (100%)       2048M (100%)       2048M (100%)       2048M (100%)       2048M (100%)       2048M (100%)   
[96.371s][info][gc,heap     ] GC(182)      Free:     1234M (60%)        1210M (59%)        1258M (61%)        1558M (76%)        1558M (76%)        1206M (59%)    
[96.371s][info][gc,heap     ] GC(182)      Used:      814M (40%)         838M (41%)         790M (39%)         490M (24%)         842M (41%)         490M (24%)    
[96.371s][info][gc,heap     ] GC(182)      Live:         -               268M (13%)         268M (13%)         268M (13%)            -                  -          
[96.371s][info][gc,heap     ] GC(182) Allocated:         -                24M (1%)          126M (6%)          151M (7%)             -                  -          
[96.371s][info][gc,heap     ] GC(182)   Garbage:         -               545M (27%)         395M (19%)          69M (3%)             -                  -          
[96.371s][info][gc,heap     ] GC(182) Reclaimed:         -                  -               150M (7%)          475M (23%)            -                  -          
[96.371s][info][gc          ] GC(182) Garbage Collection (Allocation Rate) 814M(40%)->490M(24%)
[97.084s][info][gc,start    ] GC(183) Garbage Collection (Allocation Rate)
[97.084s][info][gc,task     ] GC(183) Using 12 workers
[97.085s][info][gc,phases   ] GC(183) Pause Mark Start 0.017ms
[97.178s][info][gc,phases   ] GC(183) Concurrent Mark 93.333ms
[97.178s][info][gc,phases   ] GC(183) Pause Mark End 0.022ms
[97.178s][info][gc,phases   ] GC(183) Concurrent Mark Free 0.001ms
[97.180s][info][gc,phases   ] GC(183) Concurrent Process Non-Strong References 1.918ms
[97.180s][info][gc,phases   ] GC(183) Concurrent Reset Relocation Set 0.037ms
[97.188s][info][gc,phases   ] GC(183) Concurrent Select Relocation Set 7.664ms
[97.188s][info][gc,phases   ] GC(183) Pause Relocate Start 0.009ms
[97.205s][info][gc,phases   ] GC(183) Concurrent Relocate 16.701ms
[97.205s][info][gc,load     ] GC(183) Load: 0.00/0.00/0.00
[97.205s][info][gc,mmu      ] GC(183) MMU: 2ms/96.8%, 5ms/98.7%, 10ms/99.3%, 20ms/99.6%, 50ms/99.8%, 100ms/99.9%
[97.205s][info][gc,marking  ] GC(183) Mark: 8 stripe(s), 2 proactive flush(es), 1 terminate flush(es), 0 completion(s), 0 continuation(s) 
[97.205s][info][gc,marking  ] GC(183) Mark Stack Usage: 32M
[97.205s][info][gc,nmethod  ] GC(183) NMethods: 6066 registered, 20 unregistered
[97.205s][info][gc,metaspace] GC(183) Metaspace: 65M used, 66M committed, 1088M reserved
[97.205s][info][gc,ref      ] GC(183) Soft: 3304 encountered, 0 discovered, 0 enqueued
[97.205s][info][gc,ref      ] GC(183) Weak: 6786 encountered, 2059 discovered, 292 enqueued
[97.205s][info][gc,ref      ] GC(183) Final: 84 encountered, 45 discovered, 0 enqueued
[97.205s][info][gc,ref      ] GC(183) Phantom: 628 encountered, 375 discovered, 0 enqueued
[97.205s][info][gc,reloc    ] GC(183) Small Pages: 550 / 1100M, Empty: 598M, Relocated: 27M, In-Place: 0
[97.205s][info][gc,reloc    ] GC(183) Medium Pages: 3 / 96M, Empty: 64M, Relocated: 0M, In-Place: 0
[97.205s][info][gc,reloc    ] GC(183) Large Pages: 18 / 120M, Empty: 96M, Relocated: 0M, In-Place: 0
[97.205s][info][gc,reloc    ] GC(183) Forwarding Usage: 28M
[97.205s][info][gc,heap     ] GC(183) Min Capacity: 8M(0%)
[97.205s][info][gc,heap     ] GC(183) Max Capacity: 2048M(100%)
[97.205s][info][gc,heap     ] GC(183) Soft Max Capacity: 2048M(100%)
[97.205s][info][gc,heap     ] GC(183)                Mark Start          Mark End        Relocate Start      Relocate End           High               Low         
[97.205s][info][gc,heap     ] GC(183)  Capacity:     2048M (100%)       2048M (100%)       2048M (100%)       2048M (100%)       2048M (100%)       2048M (100%)   
[97.205s][info][gc,heap     ] GC(183)      Free:      732M (36%)         698M (34%)        1450M (71%)        1724M (84%)        1724M (84%)         696M (34%)    
[97.205s][info][gc,heap     ] GC(183)      Used:     1316M (64%)        1350M (66%)         598M (29%)         324M (16%)        1352M (66%)         324M (16%)    
[97.205s][info][gc,heap     ] GC(183)      Live:         -               216M (11%)         216M (11%)         216M (11%)            -                  -          
[97.205s][info][gc,heap     ] GC(183) Allocated:         -                34M (2%)           40M (2%)           45M (2%)             -                  -          
[97.205s][info][gc,heap     ] GC(183)   Garbage:         -              1099M (54%)         341M (17%)          62M (3%)             -                  -          
[97.205s][info][gc,heap     ] GC(183) Reclaimed:         -                  -               758M (37%)        1037M (51%)            -                  -          
[97.205s][info][gc          ] GC(183) Garbage Collection (Allocation Rate) 1316M(64%)->324M(16%)
[97.784s][info][gc,start    ] GC(184) Garbage Collection (Allocation Rate)
[97.784s][info][gc,task     ] GC(184) Using 6 workers
[97.785s][info][gc,phases   ] GC(184) Pause Mark Start 0.013ms
[97.941s][info][gc,phases   ] GC(184) Concurrent Mark 155.813ms
[97.941s][info][gc,phases   ] GC(184) Pause Mark End 0.033ms
[97.941s][info][gc,phases   ] GC(184) Concurrent Mark Free 0.001ms
[97.944s][info][gc,phases   ] GC(184) Concurrent Process Non-Strong References 3.449ms
[97.944s][info][gc,phases   ] GC(184) Concurrent Reset Relocation Set 0.028ms
[97.987s][info][gc,phases   ] GC(184) Concurrent Select Relocation Set 42.306ms
[97.987s][info][gc,phases   ] GC(184) Pause Relocate Start 0.009ms
[98.031s][info][gc,phases   ] GC(184) Concurrent Relocate 44.507ms
[98.032s][info][gc,load     ] GC(184) Load: 0.00/0.00/0.00
[98.032s][info][gc,mmu      ] GC(184) MMU: 2ms/96.8%, 5ms/98.7%, 10ms/99.3%, 20ms/99.6%, 50ms/99.8%, 100ms/99.9%
[98.032s][info][gc,marking  ] GC(184) Mark: 4 stripe(s), 2 proactive flush(es), 1 terminate flush(es), 0 completion(s), 0 continuation(s) 
[98.032s][info][gc,marking  ] GC(184) Mark Stack Usage: 32M
[98.032s][info][gc,nmethod  ] GC(184) NMethods: 6085 registered, 21 unregistered
[98.032s][info][gc,metaspace] GC(184) Metaspace: 65M used, 66M committed, 1088M reserved
[98.032s][info][gc,ref      ] GC(184) Soft: 3300 encountered, 0 discovered, 0 enqueued
[98.032s][info][gc,ref      ] GC(184) Weak: 6568 encountered, 3385 discovered, 94 enqueued
[98.032s][info][gc,ref      ] GC(184) Final: 84 encountered, 17 discovered, 0 enqueued
[98.032s][info][gc,ref      ] GC(184) Phantom: 620 encountered, 460 discovered, 0 enqueued
[98.032s][info][gc,reloc    ] GC(184) Small Pages: 480 / 960M, Empty: 146M, Relocated: 60M, In-Place: 0
[98.032s][info][gc,reloc    ] GC(184) Medium Pages: 2 / 64M, Empty: 0M, Relocated: 18M, In-Place: 0
[98.032s][info][gc,reloc    ] GC(184) Large Pages: 5 / 30M, Empty: 30M, Relocated: 0M, In-Place: 0
[98.032s][info][gc,reloc    ] GC(184) Forwarding Usage: 56M
[98.032s][info][gc,heap     ] GC(184) Min Capacity: 8M(0%)
[98.032s][info][gc,heap     ] GC(184) Max Capacity: 2048M(100%)
[98.032s][info][gc,heap     ] GC(184) Soft Max Capacity: 2048M(100%)
[98.032s][info][gc,heap     ] GC(184)                Mark Start          Mark End        Relocate Start      Relocate End           High               Low         
[98.032s][info][gc,heap     ] GC(184)  Capacity:     2048M (100%)       2048M (100%)       2048M (100%)       2048M (100%)       2048M (100%)       2048M (100%)   
[98.032s][info][gc,heap     ] GC(184)      Free:      994M (49%)         790M (39%)         962M (47%)        1556M (76%)        1556M (76%)         790M (39%)    
[98.032s][info][gc,heap     ] GC(184)      Used:     1054M (51%)        1258M (61%)        1086M (53%)         492M (24%)        1258M (61%)         492M (24%)    
[98.032s][info][gc,heap     ] GC(184)      Live:         -               232M (11%)         232M (11%)         232M (11%)            -                  -          
[98.032s][info][gc,heap     ] GC(184) Allocated:         -               204M (10%)         208M (10%)         211M (10%)            -                  -          
[98.032s][info][gc,heap     ] GC(184)   Garbage:         -               821M (40%)         645M (32%)          47M (2%)             -                  -          
[98.032s][info][gc,heap     ] GC(184) Reclaimed:         -                  -               176M (9%)          773M (38%)            -                  -          
[98.032s][info][gc          ] GC(184) Garbage Collection (Allocation Rate) 1054M(51%)->492M(24%)
[98.369s][info][gc,start    ] GC(185) Garbage Collection (Allocation Rate)
[98.369s][info][gc,task     ] GC(185) Using 6 workers
[98.369s][info][gc,phases   ] GC(185) Pause Mark Start 0.011ms
[98.494s][info][gc,phases   ] GC(185) Concurrent Mark 124.586ms
[98.494s][info][gc,phases   ] GC(185) Pause Mark End 0.049ms
[98.494s][info][gc,phases   ] GC(185) Concurrent Mark Free 0.001ms
[98.498s][info][gc,phases   ] GC(185) Concurrent Process Non-Strong References 3.874ms
[98.498s][info][gc,phases   ] GC(185) Concurrent Reset Relocation Set 0.063ms
[98.507s][info][gc,phases   ] GC(185) Concurrent Select Relocation Set 9.068ms
[98.507s][info][gc,phases   ] GC(185) Pause Relocate Start 0.011ms
[98.523s][info][gc,phases   ] GC(185) Concurrent Relocate 15.714ms
[98.523s][info][gc,load     ] GC(185) Load: 0.00/0.00/0.00
[98.523s][info][gc,mmu      ] GC(185) MMU: 2ms/96.8%, 5ms/98.7%, 10ms/99.3%, 20ms/99.6%, 50ms/99.8%, 100ms/99.9%
[98.523s][info][gc,marking  ] GC(185) Mark: 4 stripe(s), 2 proactive flush(es), 1 terminate flush(es), 1 completion(s), 0 continuation(s) 
[98.523s][info][gc,marking  ] GC(185) Mark Stack Usage: 32M
[98.523s][info][gc,nmethod  ] GC(185) NMethods: 6105 registered, 29 unregistered
[98.523s][info][gc,metaspace] GC(185) Metaspace: 65M used, 66M committed, 1088M reserved
[98.523s][info][gc,ref      ] GC(185) Soft: 3296 encountered, 0 discovered, 0 enqueued
[98.523s][info][gc,ref      ] GC(185) Weak: 6491 encountered, 2763 discovered, 9 enqueued
[98.523s][info][gc,ref      ] GC(185) Final: 84 encountered, 39 discovered, 0 enqueued
[98.523s][info][gc,ref      ] GC(185) Phantom: 616 encountered, 281 discovered, 0 enqueued
[98.523s][info][gc,reloc    ] GC(185) Small Pages: 280 / 560M, Empty: 242M, Relocated: 15M, In-Place: 0
[98.523s][info][gc,reloc    ] GC(185) Medium Pages: 6 / 192M, Empty: 96M, Relocated: 25M, In-Place: 0
[98.523s][info][gc,reloc    ] GC(185) Large Pages: 35 / 238M, Empty: 154M, Relocated: 0M, In-Place: 0
[98.523s][info][gc,reloc    ] GC(185) Forwarding Usage: 13M
[98.523s][info][gc,heap     ] GC(185) Min Capacity: 8M(0%)
[98.523s][info][gc,heap     ] GC(185) Max Capacity: 2048M(100%)
[98.523s][info][gc,heap     ] GC(185) Soft Max Capacity: 2048M(100%)
[98.523s][info][gc,heap     ] GC(185)                Mark Start          Mark End        Relocate Start      Relocate End           High               Low         
[98.523s][info][gc,heap     ] GC(185)  Capacity:     2048M (100%)       2048M (100%)       2048M (100%)       2048M (100%)       2048M (100%)       2048M (100%)   
[98.523s][info][gc,heap     ] GC(185)      Free:     1058M (52%)         708M (35%)        1194M (58%)        1370M (67%)        1370M (67%)         706M (34%)    
[98.523s][info][gc,heap     ] GC(185)      Used:      990M (48%)        1340M (65%)         854M (42%)         678M (33%)        1342M (66%)         678M (33%)    
[98.523s][info][gc,heap     ] GC(185)      Live:         -               278M (14%)         278M (14%)         278M (14%)            -                  -          
[98.523s][info][gc,heap     ] GC(185) Allocated:         -               350M (17%)         356M (17%)         356M (17%)            -                  -          
[98.524s][info][gc,heap     ] GC(185)   Garbage:         -               711M (35%)         219M (11%)          42M (2%)             -                  -          
[98.524s][info][gc,heap     ] GC(185) Reclaimed:         -                  -               492M (24%)         668M (33%)            -                  -          
[98.524s][info][gc          ] GC(185) Garbage Collection (Allocation Rate) 990M(48%)->678M(33%)
[98.572s][info][gc,start    ] GC(186) Garbage Collection (Allocation Rate)
[98.572s][info][gc,task     ] GC(186) Using 6 workers
[98.572s][info][gc,phases   ] GC(186) Pause Mark Start 0.011ms
[98.741s][info][gc,phases   ] GC(186) Concurrent Mark 168.968ms
[98.741s][info][gc,phases   ] GC(186) Pause Mark End 0.032ms
[98.741s][info][gc,phases   ] GC(186) Concurrent Mark Free 0.001ms
[98.745s][info][gc,phases   ] GC(186) Concurrent Process Non-Strong References 3.763ms
[98.745s][info][gc,phases   ] GC(186) Concurrent Reset Relocation Set 0.016ms
[98.775s][info][gc,phases   ] GC(186) Concurrent Select Relocation Set 29.761ms
[98.775s][info][gc,phases   ] GC(186) Pause Relocate Start 0.013ms
[98.806s][info][gc,phases   ] GC(186) Concurrent Relocate 31.106ms
[98.806s][info][gc,load     ] GC(186) Load: 0.00/0.00/0.00
[98.806s][info][gc,mmu      ] GC(186) MMU: 2ms/96.8%, 5ms/98.7%, 10ms/99.3%, 20ms/99.6%, 50ms/99.8%, 100ms/99.9%
[98.807s][info][gc,marking  ] GC(186) Mark: 4 stripe(s), 3 proactive flush(es), 1 terminate flush(es), 0 completion(s), 0 continuation(s) 
[98.807s][info][gc,marking  ] GC(186) Mark Stack Usage: 32M
[98.807s][info][gc,nmethod  ] GC(186) NMethods: 6109 registered, 29 unregistered
[98.807s][info][gc,metaspace] GC(186) Metaspace: 65M used, 66M committed, 1088M reserved
[98.807s][info][gc,ref      ] GC(186) Soft: 3296 encountered, 0 discovered, 0 enqueued
[98.807s][info][gc,ref      ] GC(186) Weak: 6481 encountered, 1634 discovered, 103 enqueued
[98.807s][info][gc,ref      ] GC(186) Final: 84 encountered, 4 discovered, 0 enqueued
[98.807s][info][gc,ref      ] GC(186) Phantom: 616 encountered, 564 discovered, 0 enqueued
[98.807s][info][gc,reloc    ] GC(186) Small Pages: 243 / 486M, Empty: 0M, Relocated: 33M, In-Place: 0
[98.807s][info][gc,reloc    ] GC(186) Medium Pages: 2 / 64M, Empty: 32M, Relocated: 0M, In-Place: 0
[98.807s][info][gc,reloc    ] GC(186) Large Pages: 23 / 150M, Empty: 132M, Relocated: 0M, In-Place: 0
[98.807s][info][gc,reloc    ] GC(186) Forwarding Usage: 32M
[98.807s][info][gc,heap     ] GC(186) Min Capacity: 8M(0%)
[98.807s][info][gc,heap     ] GC(186) Max Capacity: 2048M(100%)
[98.807s][info][gc,heap     ] GC(186) Soft Max Capacity: 2048M(100%)
[98.807s][info][gc,heap     ] GC(186)                Mark Start          Mark End        Relocate Start      Relocate End           High               Low         
[98.807s][info][gc,heap     ] GC(186)  Capacity:     2048M (100%)       2048M (100%)       2048M (100%)       2048M (100%)       2048M (100%)       2048M (100%)   
[98.807s][info][gc,heap     ] GC(186)      Free:     1348M (66%)         968M (47%)        1058M (52%)        1254M (61%)        1348M (66%)         946M (46%)    
[98.807s][info][gc,heap     ] GC(186)      Used:      700M (34%)        1080M (53%)         990M (48%)         794M (39%)        1102M (54%)         700M (34%)    
[98.807s][info][gc,heap     ] GC(186)      Live:         -               249M (12%)         249M (12%)         249M (12%)            -                  -          
[98.807s][info][gc,heap     ] GC(186) Allocated:         -               380M (19%)         454M (22%)         489M (24%)            -                  -          
[98.807s][info][gc,heap     ] GC(186)   Garbage:         -               450M (22%)         286M (14%)          54M (3%)             -                  -          
[98.807s][info][gc,heap     ] GC(186) Reclaimed:         -                  -               164M (8%)          395M (19%)            -                  -          
[98.807s][info][gc          ] GC(186) Garbage Collection (Allocation Rate) 700M(34%)->794M(39%)
[98.882s][info][gc,start    ] GC(187) Garbage Collection (Allocation Rate)
[98.882s][info][gc,task     ] GC(187) Using 7 workers
[98.882s][info][gc,phases   ] GC(187) Pause Mark Start 0.013ms
[99.022s][info][gc,phases   ] GC(187) Concurrent Mark 140.327ms
[99.022s][info][gc,phases   ] GC(187) Pause Mark End 0.028ms
[99.022s][info][gc,phases   ] GC(187) Concurrent Mark Free 0.001ms
[99.025s][info][gc,phases   ] GC(187) Concurrent Process Non-Strong References 3.026ms
[99.026s][info][gc,phases   ] GC(187) Concurrent Reset Relocation Set 0.035ms
[99.037s][info][gc,phases   ] GC(187) Concurrent Select Relocation Set 11.145ms
[99.037s][info][gc,phases   ] GC(187) Pause Relocate Start 0.007ms
[99.042s][info][gc,phases   ] GC(187) Concurrent Relocate 5.270ms
[99.042s][info][gc,load     ] GC(187) Load: 0.00/0.00/0.00
[99.042s][info][gc,mmu      ] GC(187) MMU: 2ms/96.8%, 5ms/98.7%, 10ms/99.3%, 20ms/99.6%, 50ms/99.8%, 100ms/99.9%
[99.042s][info][gc,marking  ] GC(187) Mark: 4 stripe(s), 2 proactive flush(es), 1 terminate flush(es), 0 completion(s), 0 continuation(s) 
[99.042s][info][gc,marking  ] GC(187) Mark Stack Usage: 32M
[99.042s][info][gc,nmethod  ] GC(187) NMethods: 6108 registered, 30 unregistered
[99.042s][info][gc,metaspace] GC(187) Metaspace: 65M used, 66M committed, 1088M reserved
[99.042s][info][gc,ref      ] GC(187) Soft: 3296 encountered, 0 discovered, 0 enqueued
[99.042s][info][gc,ref      ] GC(187) Weak: 6385 encountered, 1096 discovered, 2 enqueued
[99.042s][info][gc,ref      ] GC(187) Final: 84 encountered, 0 discovered, 0 enqueued
[99.042s][info][gc,ref      ] GC(187) Phantom: 616 encountered, 471 discovered, 0 enqueued
[99.043s][info][gc,reloc    ] GC(187) Small Pages: 439 / 878M, Empty: 556M, Relocated: 3M, In-Place: 0
[99.043s][info][gc,reloc    ] GC(187) Medium Pages: 1 / 32M, Empty: 0M, Relocated: 0M, In-Place: 0
[99.043s][info][gc,reloc    ] GC(187) Large Pages: 4 / 24M, Empty: 12M, Relocated: 0M, In-Place: 0
[99.043s][info][gc,reloc    ] GC(187) Forwarding Usage: 2M
[99.043s][info][gc,heap     ] GC(187) Min Capacity: 8M(0%)
[99.043s][info][gc,heap     ] GC(187) Max Capacity: 2048M(100%)
[99.043s][info][gc,heap     ] GC(187) Soft Max Capacity: 2048M(100%)
[99.043s][info][gc,heap     ] GC(187)                Mark Start          Mark End        Relocate Start      Relocate End           High               Low         
[99.043s][info][gc,heap     ] GC(187)  Capacity:     2048M (100%)       2048M (100%)       2048M (100%)       2048M (100%)       2048M (100%)       2048M (100%)   
[99.043s][info][gc,heap     ] GC(187)      Free:     1114M (54%)        1092M (53%)        1660M (81%)        1668M (81%)        1668M (81%)        1092M (53%)    
[99.043s][info][gc,heap     ] GC(187)      Used:      934M (46%)         956M (47%)         388M (19%)         380M (19%)         956M (47%)         380M (19%)    
[99.043s][info][gc,heap     ] GC(187)      Live:         -               293M (14%)         293M (14%)         293M (14%)            -                  -          
[99.043s][info][gc,heap     ] GC(187) Allocated:         -                22M (1%)           22M (1%)           22M (1%)             -                  -          
[99.043s][info][gc,heap     ] GC(187)   Garbage:         -               640M (31%)          72M (4%)           64M (3%)             -                  -          
[99.043s][info][gc,heap     ] GC(187) Reclaimed:         -                  -               568M (28%)         576M (28%)            -                  -          
[99.043s][info][gc          ] GC(187) Garbage Collection (Allocation Rate) 934M(46%)->380M(19%)
[99.043s][info][gc,start    ] GC(188) Garbage Collection (System.gc())
[99.043s][info][gc,task     ] GC(188) Using 12 workers
[99.043s][info][gc,phases   ] GC(188) Pause Mark Start 0.008ms
[99.116s][info][gc,phases   ] GC(188) Concurrent Mark 72.572ms
[99.116s][info][gc,phases   ] GC(188) Pause Mark End 0.023ms
[99.116s][info][gc,phases   ] GC(188) Concurrent Mark Free 0.001ms
[99.118s][info][gc,phases   ] GC(188) Concurrent Process Non-Strong References 1.773ms
[99.118s][info][gc,phases   ] GC(188) Concurrent Reset Relocation Set 0.003ms
[99.127s][info][gc,phases   ] GC(188) Concurrent Select Relocation Set 9.500ms
[99.128s][info][gc,phases   ] GC(188) Pause Relocate Start 0.008ms
[99.131s][info][gc,phases   ] GC(188) Concurrent Relocate 3.824ms
[99.132s][info][gc,load     ] GC(188) Load: 0.00/0.00/0.00
[99.132s][info][gc,mmu      ] GC(188) MMU: 2ms/96.8%, 5ms/98.7%, 10ms/99.3%, 20ms/99.6%, 50ms/99.8%, 100ms/99.9%
[99.132s][info][gc,marking  ] GC(188) Mark: 8 stripe(s), 2 proactive flush(es), 1 terminate flush(es), 0 completion(s), 0 continuation(s) 
[99.132s][info][gc,marking  ] GC(188) Mark Stack Usage: 32M
[99.132s][info][gc,nmethod  ] GC(188) NMethods: 6109 registered, 30 unregistered
[99.132s][info][gc,metaspace] GC(188) Metaspace: 65M used, 66M committed, 1088M reserved
[99.132s][info][gc,ref      ] GC(188) Soft: 3296 encountered, 0 discovered, 0 enqueued
[99.132s][info][gc,ref      ] GC(188) Weak: 6383 encountered, 1521 discovered, 2 enqueued
[99.132s][info][gc,ref      ] GC(188) Final: 84 encountered, 5 discovered, 0 enqueued
[99.132s][info][gc,ref      ] GC(188) Phantom: 616 encountered, 531 discovered, 0 enqueued
[99.132s][info][gc,reloc    ] GC(188) Small Pages: 168 / 336M, Empty: 102M, Relocated: 6M, In-Place: 0
[99.132s][info][gc,reloc    ] GC(188) Medium Pages: 1 / 32M, Empty: 0M, Relocated: 0M, In-Place: 0
[99.132s][info][gc,reloc    ] GC(188) Large Pages: 2 / 12M, Empty: 12M, Relocated: 0M, In-Place: 0
[99.132s][info][gc,reloc    ] GC(188) Forwarding Usage: 3M
[99.132s][info][gc,heap     ] GC(188) Min Capacity: 8M(0%)
[99.132s][info][gc,heap     ] GC(188) Max Capacity: 2048M(100%)
[99.132s][info][gc,heap     ] GC(188) Soft Max Capacity: 2048M(100%)
[99.132s][info][gc,heap     ] GC(188)                Mark Start          Mark End        Relocate Start      Relocate End           High               Low         
[99.132s][info][gc,heap     ] GC(188)  Capacity:     2048M (100%)       2048M (100%)       2048M (100%)       2048M (100%)       2048M (100%)       2048M (100%)   
[99.132s][info][gc,heap     ] GC(188)      Free:     1668M (81%)        1666M (81%)        1778M (87%)        1810M (88%)        1810M (88%)        1666M (81%)    
[99.132s][info][gc,heap     ] GC(188)      Used:      380M (19%)         382M (19%)         270M (13%)         238M (12%)         382M (19%)         238M (12%)    
[99.132s][info][gc,heap     ] GC(188)      Live:         -               167M (8%)          167M (8%)          167M (8%)             -                  -          
[99.132s][info][gc,heap     ] GC(188) Allocated:         -                 2M (0%)            4M (0%)            4M (0%)             -                  -          
[99.132s][info][gc,heap     ] GC(188)   Garbage:         -               212M (10%)          98M (5%)           66M (3%)             -                  -          
[99.132s][info][gc,heap     ] GC(188) Reclaimed:         -                  -               114M (6%)          146M (7%)             -                  -          
[99.132s][info][gc          ] GC(188) Garbage Collection (System.gc()) 380M(19%)->238M(12%)
[99.670s][info][gc,start    ] GC(189) Garbage Collection (Allocation Rate)
[99.670s][info][gc,task     ] GC(189) Using 4 workers
[99.670s][info][gc,phases   ] GC(189) Pause Mark Start 0.017ms
[99.982s][info][gc,phases   ] GC(189) Concurrent Mark 311.938ms
[99.983s][info][gc,phases   ] GC(189) Pause Mark End 0.027ms
[99.983s][info][gc,phases   ] GC(189) Concurrent Mark Free 0.001ms
[99.988s][info][gc,phases   ] GC(189) Concurrent Process Non-Strong References 5.196ms
[99.988s][info][gc,phases   ] GC(189) Concurrent Reset Relocation Set 0.003ms
[100.047s][info][gc,phases   ] GC(189) Concurrent Select Relocation Set 58.835ms
[100.047s][info][gc,phases   ] GC(189) Pause Relocate Start 0.009ms
[100.145s][info][gc,phases   ] GC(189) Concurrent Relocate 98.147ms
[100.145s][info][gc,load     ] GC(189) Load: 0.00/0.00/0.00
[100.145s][info][gc,mmu      ] GC(189) MMU: 2ms/96.8%, 5ms/98.7%, 10ms/99.3%, 20ms/99.6%, 50ms/99.8%, 100ms/99.9%
[100.145s][info][gc,marking  ] GC(189) Mark: 4 stripe(s), 4 proactive flush(es), 1 terminate flush(es), 0 completion(s), 0 continuation(s) 
[100.145s][info][gc,marking  ] GC(189) Mark Stack Usage: 32M
[100.146s][info][gc,nmethod  ] GC(189) NMethods: 6143 registered, 37 unregistered
[100.146s][info][gc,metaspace] GC(189) Metaspace: 65M used, 66M committed, 1088M reserved
[100.146s][info][gc,ref      ] GC(189) Soft: 3300 encountered, 0 discovered, 0 enqueued
[100.146s][info][gc,ref      ] GC(189) Weak: 6465 encountered, 1232 discovered, 31 enqueued
[100.146s][info][gc,ref      ] GC(189) Final: 84 encountered, 0 discovered, 0 enqueued
[100.146s][info][gc,ref      ] GC(189) Phantom: 616 encountered, 558 discovered, 0 enqueued
[100.146s][info][gc,reloc    ] GC(189) Small Pages: 569 / 1138M, Empty: 0M, Relocated: 141M, In-Place: 0
[100.146s][info][gc,reloc    ] GC(189) Medium Pages: 2 / 64M, Empty: 32M, Relocated: 0M, In-Place: 0
[100.146s][info][gc,reloc    ] GC(189) Large Pages: 11 / 74M, Empty: 6M, Relocated: 0M, In-Place: 0
[100.146s][info][gc,reloc    ] GC(189) Forwarding Usage: 97M
[100.146s][info][gc,heap     ] GC(189) Min Capacity: 8M(0%)
[100.146s][info][gc,heap     ] GC(189) Max Capacity: 2048M(100%)
[100.146s][info][gc,heap     ] GC(189) Soft Max Capacity: 2048M(100%)
[100.146s][info][gc,heap     ] GC(189)                Mark Start          Mark End        Relocate Start      Relocate End           High               Low         
[100.146s][info][gc,heap     ] GC(189)  Capacity:     2048M (100%)       2048M (100%)       2048M (100%)       2048M (100%)       2048M (100%)       2048M (100%)   
[100.146s][info][gc,heap     ] GC(189)      Free:      772M (38%)         256M (13%)         220M (11%)         916M (45%)         916M (45%)         212M (10%)    
[100.146s][info][gc,heap     ] GC(189)      Used:     1276M (62%)        1792M (88%)        1828M (89%)        1132M (55%)        1836M (90%)        1132M (55%)    
[100.146s][info][gc,heap     ] GC(189)      Live:         -               378M (18%)         378M (18%)         378M (18%)            -                  -          
[100.146s][info][gc,heap     ] GC(189) Allocated:         -               516M (25%)         590M (29%)         697M (34%)            -                  -          
[100.146s][info][gc,heap     ] GC(189)   Garbage:         -               897M (44%)         859M (42%)          56M (3%)             -                  -          
[100.146s][info][gc,heap     ] GC(189) Reclaimed:         -                  -                38M (2%)          841M (41%)            -                  -          
[100.146s][info][gc          ] GC(189) Garbage Collection (Allocation Rate) 1276M(62%)->1132M(55%)
[100.170s][info][gc,stats    ] === Garbage Collection Statistics =======================================================================================================================
[100.170s][info][gc,start    ] GC(190) Garbage Collection (Allocation Rate)
[100.170s][info][gc,stats    ]                                                              Last 10s              Last 10m              Last 10h                Total
[100.170s][info][gc,task     ] GC(190) Using 10 workers
[100.170s][info][gc,stats    ]                                                              Avg / Max             Avg / Max             Avg / Max             Avg / Max
[100.170s][info][gc,stats    ]   Collector: Garbage Collection Cycle                    210.154 / 475.297     204.160 / 1113.016    204.160 / 1113.016    204.160 / 1113.016    ms
[100.170s][info][gc,stats    ]  Contention: Mark Segment Reset Contention                    24 / 48               18 / 154              18 / 154              18 / 154         ops/s
[100.170s][info][gc,stats    ]  Contention: Mark SeqNum Reset Contention                      1 / 4                 1 / 6                 1 / 6                 1 / 6           ops/s
[100.170s][info][gc,stats    ]    Critical: Allocation Stall                                  0 / 0                 0 / 5                 0 / 5                 0 / 5           ops/s
[100.170s][info][gc,phases   ] GC(190) Pause Mark Start 0.013ms
[100.170s][info][gc,stats    ]    Critical: Allocation Stall                              0.000 / 0.000        46.147 / 67.576       46.147 / 67.576       46.147 / 67.576      ms
[100.170s][info][gc,stats    ]    Critical: GC Locker Stall                                   0 / 0                 0 / 1                 0 / 1                 0 / 1           ops/s
[100.170s][info][gc,stats    ]    Critical: GC Locker Stall                               0.000 / 0.000         0.001 / 0.001         0.001 / 0.001         0.001 / 0.001       ms
[100.170s][info][gc,stats    ]    Critical: Relocation Stall                                  0 / 0                 0 / 3                 0 / 3                 0 / 3           ops/s
[100.170s][info][gc,stats    ]    Critical: Relocation Stall                              0.000 / 0.000         6.236 / 10.360        6.236 / 10.360        6.236 / 10.360      ms
[100.171s][info][gc,stats    ]      Memory: Allocation Rate                                1316 / 1930           1066 / 2860           1066 / 2860           1066 / 2860        MB/s
[100.171s][info][gc,stats    ]      Memory: Defragment                                        9 / 95                2 / 131               2 / 131               2 / 131         ops/s
[100.171s][info][gc,stats    ]      Memory: Out Of Memory                                     0 / 0                 0 / 0                 0 / 0                 0 / 0           ops/s
[100.171s][info][gc,stats    ]      Memory: Page Cache Flush                                 36 / 190              19 / 356              19 / 356              19 / 356         MB/s
[100.171s][info][gc,stats    ]      Memory: Page Cache Hit L1                               635 / 936             519 / 1290            519 / 1290            519 / 1290        ops/s
[100.171s][info][gc,stats    ]      Memory: Page Cache Hit L2                                 0 / 0                 0 / 0                 0 / 0                 0 / 0           ops/s
[100.171s][info][gc,stats    ]      Memory: Page Cache Hit L3                                 7 / 66               12 / 362              12 / 362              12 / 362         ops/s
[100.171s][info][gc,stats    ]      Memory: Page Cache Miss                                   1 / 11                1 / 32                1 / 32                1 / 32          ops/s
[100.171s][info][gc,stats    ]      Memory: Uncommit                                          0 / 0                 0 / 0                 0 / 0                 0 / 0           MB/s
[100.171s][info][gc,stats    ]      Memory: Undo Object Allocation Failed                     1 / 4                 1 / 38                1 / 38                1 / 38          ops/s
[100.171s][info][gc,stats    ]      Memory: Undo Object Allocation Succeeded                 52 / 508              29 / 1098             29 / 1098             29 / 1098        ops/s
[100.171s][info][gc,stats    ]      Memory: Undo Page Allocation                             37 / 105              24 / 127              24 / 127              24 / 127         ops/s
[100.171s][info][gc,stats    ]       Phase: Concurrent Mark                             158.644 / 311.938     156.224 / 1077.882    156.224 / 1077.882    156.224 / 1077.882    ms
[100.171s][info][gc,stats    ]       Phase: Concurrent Mark Continue                      0.000 / 0.000         0.000 / 0.000         0.000 / 0.000         0.000 / 0.000       ms
[100.171s][info][gc,stats    ]       Phase: Concurrent Mark Free                          0.001 / 0.002         0.001 / 0.002         0.001 / 0.002         0.001 / 0.002       ms
[100.171s][info][gc,stats    ]       Phase: Concurrent Process Non-Strong References      2.791 / 5.756         3.061 / 16.614        3.061 / 16.614        3.061 / 16.614      ms
[100.171s][info][gc,stats    ]       Phase: Concurrent Relocate                          27.867 / 98.147       24.701 / 107.720      24.701 / 107.720      24.701 / 107.720     ms
[100.171s][info][gc,stats    ]       Phase: Concurrent Reset Relocation Set               0.037 / 0.090         0.037 / 0.157         0.037 / 0.157         0.037 / 0.157       ms
[100.171s][info][gc,stats    ]       Phase: Concurrent Select Relocation Set             19.789 / 58.835       17.584 / 58.871       17.584 / 58.871       17.584 / 58.871      ms
[100.171s][info][gc,stats    ]       Phase: Pause Mark End                                0.029 / 0.049         0.026 / 0.063         0.026 / 0.063         0.026 / 0.063       ms
[100.171s][info][gc,stats    ]       Phase: Pause Mark Start                              0.013 / 0.017         0.014 / 0.059         0.014 / 0.059         0.014 / 0.059       ms
[100.171s][info][gc,stats    ]       Phase: Pause Relocate Start                          0.010 / 0.015         0.009 / 0.015         0.009 / 0.015         0.009 / 0.015       ms
[100.171s][info][gc,stats    ]    Subphase: Concurrent Classes Purge                      0.117 / 1.885         0.159 / 6.469         0.159 / 6.469         0.159 / 6.469       ms
[100.171s][info][gc,stats    ]    Subphase: Concurrent Classes Unlink                     1.958 / 3.954         2.194 / 13.817        2.194 / 13.817        2.194 / 13.817      ms
[100.171s][info][gc,stats    ]    Subphase: Concurrent Mark                             142.462 / 305.056     143.234 / 1074.330    143.234 / 1074.330    143.234 / 1074.330    ms
[100.171s][info][gc,stats    ]    Subphase: Concurrent Mark Try Flush                     0.146 / 0.573         0.128 / 0.573         0.128 / 0.573         0.128 / 0.573       ms
[100.171s][info][gc,stats    ]    Subphase: Concurrent Mark Try Terminate                 8.553 / 16.425       10.413 / 16.666       10.413 / 16.666       10.413 / 16.666      ms
[100.171s][info][gc,stats    ]    Subphase: Concurrent References Enqueue                 0.002 / 0.004         0.002 / 0.005         0.002 / 0.005         0.002 / 0.005       ms
[100.171s][info][gc,stats    ]    Subphase: Concurrent References Process                 0.129 / 0.244         0.128 / 0.333         0.128 / 0.333         0.128 / 0.333       ms
[100.171s][info][gc,stats    ]    Subphase: Concurrent Roots ClassLoaderDataGraph         0.104 / 0.590         0.096 / 0.915         0.096 / 0.915         0.096 / 0.915       ms
[100.171s][info][gc,stats    ]    Subphase: Concurrent Roots CodeCache                    0.000 / 0.000         0.000 / 0.000         0.000 / 0.000         0.000 / 0.000       ms
[100.171s][info][gc,stats    ]    Subphase: Concurrent Roots JavaThreads                  5.181 / 6.640         6.628 / 13.140        6.628 / 13.140        6.628 / 13.140      ms
[100.171s][info][gc,stats    ]    Subphase: Concurrent Roots OopStorageSet                0.035 / 0.079         0.030 / 0.277         0.030 / 0.277         0.030 / 0.277       ms
[100.171s][info][gc,stats    ]    Subphase: Concurrent Weak Roots OopStorageSet           0.261 / 0.816         0.234 / 1.572         0.234 / 1.572         0.234 / 1.572       ms
[100.171s][info][gc,stats    ]    Subphase: Pause Mark Try Complete                       0.001 / 0.003         0.001 / 0.006         0.001 / 0.006         0.001 / 0.006       ms
[100.171s][info][gc,stats    ]      System: Java Threads                                    275 / 280             223 / 280             223 / 280             223 / 280         threads
[100.171s][info][gc,stats    ] =========================================================================================================================================================
[100.389s][info][gc,phases   ] GC(190) Concurrent Mark 218.157ms
[100.389s][info][gc,phases   ] GC(190) Pause Mark End 0.038ms
[100.389s][info][gc,phases   ] GC(190) Concurrent Mark Free 0.001ms
[100.391s][info][gc,phases   ] GC(190) Concurrent Process Non-Strong References 2.167ms
[100.391s][info][gc,phases   ] GC(190) Concurrent Reset Relocation Set 0.069ms
[100.400s][info][gc,phases   ] GC(190) Concurrent Select Relocation Set 8.301ms
[100.400s][info][gc,phases   ] GC(190) Pause Relocate Start 0.012ms
[100.429s][info][gc,phases   ] GC(190) Concurrent Relocate 29.375ms
[100.429s][info][gc,load     ] GC(190) Load: 0.00/0.00/0.00
[100.429s][info][gc,mmu      ] GC(190) MMU: 2ms/96.8%, 5ms/98.7%, 10ms/99.3%, 20ms/99.6%, 50ms/99.8%, 100ms/99.9%
[100.429s][info][gc,marking  ] GC(190) Mark: 8 stripe(s), 4 proactive flush(es), 1 terminate flush(es), 0 completion(s), 0 continuation(s) 
[100.429s][info][gc,marking  ] GC(190) Mark Stack Usage: 32M
[100.429s][info][gc,nmethod  ] GC(190) NMethods: 6143 registered, 37 unregistered
[100.429s][info][gc,metaspace] GC(190) Metaspace: 65M used, 66M committed, 1088M reserved
[100.429s][info][gc,ref      ] GC(190) Soft: 3300 encountered, 0 discovered, 0 enqueued
[100.429s][info][gc,ref      ] GC(190) Weak: 6434 encountered, 503 discovered, 0 enqueued
[100.429s][info][gc,ref      ] GC(190) Final: 84 encountered, 4 discovered, 0 enqueued
[100.429s][info][gc,ref      ] GC(190) Phantom: 616 encountered, 550 discovered, 0 enqueued
[100.429s][info][gc,reloc    ] GC(190) Small Pages: 524 / 1048M, Empty: 0M, Relocated: 54M, In-Place: 0
[100.429s][info][gc,reloc    ] GC(190) Medium Pages: 1 / 32M, Empty: 0M, Relocated: 0M, In-Place: 0
[100.429s][info][gc,reloc    ] GC(190) Large Pages: 12 / 88M, Empty: 24M, Relocated: 0M, In-Place: 0
[100.429s][info][gc,reloc    ] GC(190) Forwarding Usage: 50M
[100.429s][info][gc,heap     ] GC(190) Min Capacity: 8M(0%)
[100.429s][info][gc,heap     ] GC(190) Max Capacity: 2048M(100%)
[100.429s][info][gc,heap     ] GC(190) Soft Max Capacity: 2048M(100%)
[100.429s][info][gc,heap     ] GC(190)                Mark Start          Mark End        Relocate Start      Relocate End           High               Low         
[100.429s][info][gc,heap     ] GC(190)  Capacity:     2048M (100%)       2048M (100%)       2048M (100%)       2048M (100%)       2048M (100%)       2048M (100%)   
[100.429s][info][gc,heap     ] GC(190)      Free:      880M (43%)         570M (28%)         576M (28%)        1212M (59%)        1212M (59%)         556M (27%)    
[100.430s][info][gc,heap     ] GC(190)      Used:     1168M (57%)        1478M (72%)        1472M (72%)         836M (41%)        1492M (73%)         836M (41%)    
[100.430s][info][gc,heap     ] GC(190)      Live:         -               410M (20%)         410M (20%)         410M (20%)            -                  -          
[100.430s][info][gc,heap     ] GC(190) Allocated:         -               310M (15%)         328M (16%)         356M (17%)            -                  -          
[100.430s][info][gc,heap     ] GC(190)   Garbage:         -               757M (37%)         733M (36%)          68M (3%)             -                  -          
[100.430s][info][gc,heap     ] GC(190) Reclaimed:         -                  -                24M (1%)          688M (34%)            -                  -          
[100.430s][info][gc          ] GC(190) Garbage Collection (Allocation Rate) 1168M(57%)->836M(41%)
[100.482s][info][gc,start    ] GC(191) Garbage Collection (Allocation Rate)
[100.482s][info][gc,task     ] GC(191) Using 11 workers
[100.483s][info][gc,phases   ] GC(191) Pause Mark Start 0.014ms
[100.670s][info][gc,phases   ] GC(191) Concurrent Mark 186.922ms
[100.670s][info][gc,phases   ] GC(191) Pause Mark End 0.024ms
[100.670s][info][gc,phases   ] GC(191) Concurrent Mark Free 0.001ms
[100.672s][info][gc,phases   ] GC(191) Concurrent Process Non-Strong References 2.203ms
[100.672s][info][gc,phases   ] GC(191) Concurrent Reset Relocation Set 0.074ms
[100.677s][info][gc,phases   ] GC(191) Concurrent Select Relocation Set 4.620ms
[100.677s][info][gc,phases   ] GC(191) Pause Relocate Start 0.009ms
[100.705s][info][gc,phases   ] GC(191) Concurrent Relocate 27.550ms
[100.705s][info][gc,load     ] GC(191) Load: 0.00/0.00/0.00
[100.705s][info][gc,mmu      ] GC(191) MMU: 2ms/96.8%, 5ms/98.7%, 10ms/99.3%, 20ms/99.6%, 50ms/99.8%, 100ms/99.9%
[100.705s][info][gc,marking  ] GC(191) Mark: 8 stripe(s), 3 proactive flush(es), 1 terminate flush(es), 0 completion(s), 0 continuation(s) 
[100.705s][info][gc,marking  ] GC(191) Mark Stack Usage: 32M
[100.705s][info][gc,nmethod  ] GC(191) NMethods: 6143 registered, 37 unregistered
[100.705s][info][gc,metaspace] GC(191) Metaspace: 65M used, 66M committed, 1088M reserved
[100.705s][info][gc,ref      ] GC(191) Soft: 3300 encountered, 0 discovered, 0 enqueued
[100.705s][info][gc,ref      ] GC(191) Weak: 6431 encountered, 632 discovered, 0 enqueued
[100.705s][info][gc,ref      ] GC(191) Final: 84 encountered, 4 discovered, 0 enqueued
[100.705s][info][gc,ref      ] GC(191) Phantom: 616 encountered, 404 discovered, 0 enqueued
[100.705s][info][gc,reloc    ] GC(191) Small Pages: 397 / 794M, Empty: 0M, Relocated: 59M, In-Place: 0
[100.705s][info][gc,reloc    ] GC(191) Medium Pages: 1 / 32M, Empty: 0M, Relocated: 0M, In-Place: 0
[100.705s][info][gc,reloc    ] GC(191) Large Pages: 8 / 64M, Empty: 12M, Relocated: 0M, In-Place: 0
[100.705s][info][gc,reloc    ] GC(191) Forwarding Usage: 46M
[100.705s][info][gc,heap     ] GC(191) Min Capacity: 8M(0%)
[100.705s][info][gc,heap     ] GC(191) Max Capacity: 2048M(100%)
[100.705s][info][gc,heap     ] GC(191) Soft Max Capacity: 2048M(100%)
[100.705s][info][gc,heap     ] GC(191)                Mark Start          Mark End        Relocate Start      Relocate End           High               Low         
[100.705s][info][gc,heap     ] GC(191)  Capacity:     2048M (100%)       2048M (100%)       2048M (100%)       2048M (100%)       2048M (100%)       2048M (100%)   
[100.705s][info][gc,heap     ] GC(191)      Free:     1158M (57%)        1060M (52%)        1072M (52%)        1496M (73%)        1496M (73%)        1050M (51%)    
[100.705s][info][gc,heap     ] GC(191)      Used:      890M (43%)         988M (48%)         976M (48%)         552M (27%)         998M (49%)         552M (27%)    
[100.705s][info][gc,heap     ] GC(191)      Live:         -               365M (18%)         365M (18%)         365M (18%)            -                  -          
[100.705s][info][gc,heap     ] GC(191) Allocated:         -                98M (5%)           98M (5%)           98M (5%)             -                  -          
[100.705s][info][gc,heap     ] GC(191)   Garbage:         -               524M (26%)         512M (25%)          88M (4%)             -                  -          
[100.705s][info][gc,heap     ] GC(191) Reclaimed:         -                  -                12M (1%)          436M (21%)            -                  -          
[100.705s][info][gc          ] GC(191) Garbage Collection (Allocation Rate) 890M(43%)->552M(27%)
[101.076s][info][gc,start    ] GC(192) Garbage Collection (Allocation Rate)
[101.076s][info][gc,task     ] GC(192) Using 11 workers
[101.076s][info][gc,phases   ] GC(192) Pause Mark Start 0.021ms
[101.218s][info][gc,phases   ] GC(192) Concurrent Mark 141.217ms
[101.218s][info][gc,phases   ] GC(192) Pause Mark End 0.021ms
[101.218s][info][gc,phases   ] GC(192) Concurrent Mark Free 0.001ms
[101.220s][info][gc,phases   ] GC(192) Concurrent Process Non-Strong References 1.842ms
[101.220s][info][gc,phases   ] GC(192) Concurrent Reset Relocation Set 0.061ms
[101.228s][info][gc,phases   ] GC(192) Concurrent Select Relocation Set 8.060ms
[101.228s][info][gc,phases   ] GC(192) Pause Relocate Start 0.009ms
[101.244s][info][gc,phases   ] GC(192) Concurrent Relocate 16.147ms
[101.245s][info][gc,load     ] GC(192) Load: 0.00/0.00/0.00
[101.245s][info][gc,mmu      ] GC(192) MMU: 2ms/96.8%, 5ms/98.7%, 10ms/99.3%, 20ms/99.6%, 50ms/99.8%, 100ms/99.9%
[101.245s][info][gc,marking  ] GC(192) Mark: 8 stripe(s), 5 proactive flush(es), 1 terminate flush(es), 0 completion(s), 0 continuation(s) 
[101.245s][info][gc,marking  ] GC(192) Mark Stack Usage: 32M
[101.245s][info][gc,nmethod  ] GC(192) NMethods: 6150 registered, 38 unregistered
[101.245s][info][gc,metaspace] GC(192) Metaspace: 65M used, 66M committed, 1088M reserved
[101.245s][info][gc,ref      ] GC(192) Soft: 3300 encountered, 0 discovered, 0 enqueued
[101.245s][info][gc,ref      ] GC(192) Weak: 6570 encountered, 2752 discovered, 67 enqueued
[101.245s][info][gc,ref      ] GC(192) Final: 84 encountered, 62 discovered, 0 enqueued
[101.245s][info][gc,ref      ] GC(192) Phantom: 619 encountered, 596 discovered, 0 enqueued
[101.245s][info][gc,reloc    ] GC(192) Small Pages: 233 / 466M, Empty: 44M, Relocated: 29M, In-Place: 0
[101.245s][info][gc,reloc    ] GC(192) Medium Pages: 2 / 64M, Empty: 32M, Relocated: 0M, In-Place: 0
[101.245s][info][gc,reloc    ] GC(192) Large Pages: 6 / 52M, Empty: 12M, Relocated: 0M, In-Place: 0
[101.245s][info][gc,reloc    ] GC(192) Forwarding Usage: 24M
[101.245s][info][gc,heap     ] GC(192) Min Capacity: 8M(0%)
[101.245s][info][gc,heap     ] GC(192) Max Capacity: 2048M(100%)
[101.245s][info][gc,heap     ] GC(192) Soft Max Capacity: 2048M(100%)
[101.245s][info][gc,heap     ] GC(192)                Mark Start          Mark End        Relocate Start      Relocate End           High               Low         
[101.245s][info][gc,heap     ] GC(192)  Capacity:     2048M (100%)       2048M (100%)       2048M (100%)       2048M (100%)       2048M (100%)       2048M (100%)   
[101.245s][info][gc,heap     ] GC(192)      Free:     1466M (72%)        1438M (70%)        1526M (75%)        1632M (80%)        1632M (80%)        1438M (70%)    
[101.245s][info][gc,heap     ] GC(192)      Used:      582M (28%)         610M (30%)         522M (25%)         416M (20%)         610M (30%)         416M (20%)    
[101.245s][info][gc,heap     ] GC(192)      Live:         -               306M (15%)         306M (15%)         306M (15%)            -                  -          
[101.245s][info][gc,heap     ] GC(192) Allocated:         -                28M (1%)           28M (1%)           29M (1%)             -                  -          
[101.245s][info][gc,heap     ] GC(192)   Garbage:         -               275M (13%)         187M (9%)           79M (4%)             -                  -          
[101.245s][info][gc,heap     ] GC(192) Reclaimed:         -                  -                88M (4%)          195M (10%)            -                  -          
[101.245s][info][gc          ] GC(192) Garbage Collection (Allocation Rate) 582M(28%)->416M(20%)
[101.377s][info][gc,start    ] GC(193) Garbage Collection (Allocation Rate)
[101.377s][info][gc,task     ] GC(193) Using 11 workers
[101.377s][info][gc,phases   ] GC(193) Pause Mark Start 0.013ms
[101.455s][info][gc,phases   ] GC(193) Concurrent Mark 77.653ms
[101.455s][info][gc,phases   ] GC(193) Pause Mark End 0.018ms
[101.455s][info][gc,phases   ] GC(193) Concurrent Mark Free 0.001ms
[101.457s][info][gc,phases   ] GC(193) Concurrent Process Non-Strong References 1.927ms
[101.457s][info][gc,phases   ] GC(193) Concurrent Reset Relocation Set 0.014ms
[101.461s][info][gc,phases   ] GC(193) Concurrent Select Relocation Set 3.906ms
[101.461s][info][gc,phases   ] GC(193) Pause Relocate Start 0.007ms
[101.472s][info][gc,phases   ] GC(193) Concurrent Relocate 10.471ms
[101.472s][info][gc,load     ] GC(193) Load: 0.00/0.00/0.00
[101.472s][info][gc,mmu      ] GC(193) MMU: 2ms/96.8%, 5ms/98.7%, 10ms/99.3%, 20ms/99.6%, 50ms/99.8%, 100ms/99.9%
[101.472s][info][gc,marking  ] GC(193) Mark: 8 stripe(s), 3 proactive flush(es), 1 terminate flush(es), 0 completion(s), 0 continuation(s) 
[101.472s][info][gc,marking  ] GC(193) Mark Stack Usage: 32M
[101.472s][info][gc,nmethod  ] GC(193) NMethods: 6161 registered, 44 unregistered
[101.472s][info][gc,metaspace] GC(193) Metaspace: 65M used, 66M committed, 1088M reserved
[101.472s][info][gc,ref      ] GC(193) Soft: 3300 encountered, 0 discovered, 0 enqueued
[101.472s][info][gc,ref      ] GC(193) Weak: 6627 encountered, 3121 discovered, 148 enqueued
[101.472s][info][gc,ref      ] GC(193) Final: 84 encountered, 3 discovered, 0 enqueued
[101.472s][info][gc,ref      ] GC(193) Phantom: 618 encountered, 461 discovered, 0 enqueued
[101.472s][info][gc,reloc    ] GC(193) Small Pages: 227 / 454M, Empty: 98M, Relocated: 17M, In-Place: 0
[101.472s][info][gc,reloc    ] GC(193) Medium Pages: 2 / 64M, Empty: 0M, Relocated: 16M, In-Place: 0
[101.472s][info][gc,reloc    ] GC(193) Large Pages: 7 / 58M, Empty: 46M, Relocated: 0M, In-Place: 0
[101.472s][info][gc,reloc    ] GC(193) Forwarding Usage: 17M
[101.472s][info][gc,heap     ] GC(193) Min Capacity: 8M(0%)
[101.472s][info][gc,heap     ] GC(193) Max Capacity: 2048M(100%)
[101.472s][info][gc,heap     ] GC(193) Soft Max Capacity: 2048M(100%)
[101.472s][info][gc,heap     ] GC(193)                Mark Start          Mark End        Relocate Start      Relocate End           High               Low         
[101.472s][info][gc,heap     ] GC(193)  Capacity:     2048M (100%)       2048M (100%)       2048M (100%)       2048M (100%)       2048M (100%)       2048M (100%)   
[101.472s][info][gc,heap     ] GC(193)      Free:     1472M (72%)        1420M (69%)        1558M (76%)        1732M (85%)        1732M (85%)        1416M (69%)    
[101.472s][info][gc,heap     ] GC(193)      Used:      576M (28%)         628M (31%)         490M (24%)         316M (15%)         632M (31%)         316M (15%)    
[101.472s][info][gc,heap     ] GC(193)      Live:         -               199M (10%)         199M (10%)         199M (10%)            -                  -          
[101.472s][info][gc,heap     ] GC(193) Allocated:         -                52M (3%)           58M (3%)           59M (3%)             -                  -          
[101.472s][info][gc,heap     ] GC(193)   Garbage:         -               376M (18%)         232M (11%)          56M (3%)             -                  -          
[101.472s][info][gc,heap     ] GC(193) Reclaimed:         -                  -               144M (7%)          319M (16%)            -                  -          
[101.472s][info][gc          ] GC(193) Garbage Collection (Allocation Rate) 576M(28%)->316M(15%)
[102.080s][info][gc,start    ] GC(194) Garbage Collection (Allocation Rate)
[102.080s][info][gc,task     ] GC(194) Using 12 workers
[102.080s][info][gc,phases   ] GC(194) Pause Mark Start 0.018ms
[102.221s][info][gc,phases   ] GC(194) Concurrent Mark 140.086ms
[102.221s][info][gc,phases   ] GC(194) Pause Mark End 0.022ms
[102.221s][info][gc,phases   ] GC(194) Concurrent Mark Free 0.001ms
[102.223s][info][gc,phases   ] GC(194) Concurrent Process Non-Strong References 1.866ms
[102.223s][info][gc,phases   ] GC(194) Concurrent Reset Relocation Set 0.013ms
[102.265s][info][gc,phases   ] GC(194) Concurrent Select Relocation Set 42.434ms
[102.265s][info][gc,phases   ] GC(194) Pause Relocate Start 0.011ms
[102.312s][info][gc,phases   ] GC(194) Concurrent Relocate 46.209ms
[102.312s][info][gc,load     ] GC(194) Load: 0.00/0.00/0.00
[102.312s][info][gc,mmu      ] GC(194) MMU: 2ms/96.8%, 5ms/98.7%, 10ms/99.3%, 20ms/99.6%, 50ms/99.8%, 100ms/99.9%
[102.312s][info][gc,marking  ] GC(194) Mark: 8 stripe(s), 3 proactive flush(es), 1 terminate flush(es), 0 completion(s), 0 continuation(s) 
[102.312s][info][gc,marking  ] GC(194) Mark Stack Usage: 32M
[102.312s][info][gc,nmethod  ] GC(194) NMethods: 6163 registered, 45 unregistered
[102.312s][info][gc,metaspace] GC(194) Metaspace: 65M used, 66M committed, 1088M reserved
[102.312s][info][gc,ref      ] GC(194) Soft: 3304 encountered, 0 discovered, 0 enqueued
[102.312s][info][gc,ref      ] GC(194) Weak: 6480 encountered, 2824 discovered, 5 enqueued
[102.312s][info][gc,ref      ] GC(194) Final: 84 encountered, 6 discovered, 0 enqueued
[102.312s][info][gc,ref      ] GC(194) Phantom: 616 encountered, 549 discovered, 0 enqueued
[102.312s][info][gc,reloc    ] GC(194) Small Pages: 616 / 1232M, Empty: 2M, Relocated: 143M, In-Place: 0
[102.312s][info][gc,reloc    ] GC(194) Medium Pages: 2 / 64M, Empty: 32M, Relocated: 0M, In-Place: 0
[102.312s][info][gc,reloc    ] GC(194) Large Pages: 12 / 72M, Empty: 24M, Relocated: 0M, In-Place: 0
[102.312s][info][gc,reloc    ] GC(194) Forwarding Usage: 98M
[102.312s][info][gc,heap     ] GC(194) Min Capacity: 8M(0%)
[102.312s][info][gc,heap     ] GC(194) Max Capacity: 2048M(100%)
[102.312s][info][gc,heap     ] GC(194) Soft Max Capacity: 2048M(100%)
[102.312s][info][gc,heap     ] GC(194)                Mark Start          Mark End        Relocate Start      Relocate End           High               Low         
[102.312s][info][gc,heap     ] GC(194)  Capacity:     2048M (100%)       2048M (100%)       2048M (100%)       2048M (100%)       2048M (100%)       2048M (100%)   
[102.312s][info][gc,heap     ] GC(194)      Free:      680M (33%)         494M (24%)         452M (22%)        1290M (63%)        1292M (63%)         432M (21%)    
[102.312s][info][gc,heap     ] GC(194)      Used:     1368M (67%)        1554M (76%)        1596M (78%)         758M (37%)        1616M (79%)         756M (37%)    
[102.312s][info][gc,heap     ] GC(194)      Live:         -               357M (17%)         357M (17%)         357M (17%)            -                  -          
[102.312s][info][gc,heap     ] GC(194) Allocated:         -               186M (9%)          286M (14%)         337M (16%)            -                  -          
[102.312s][info][gc,heap     ] GC(194)   Garbage:         -              1010M (49%)         952M (47%)          63M (3%)             -                  -          
[102.312s][info][gc,heap     ] GC(194) Reclaimed:         -                  -                58M (3%)          947M (46%)            -                  -          
[102.312s][info][gc          ] GC(194) Garbage Collection (Allocation Rate) 1368M(67%)->758M(37%)
[102.377s][info][gc,start    ] GC(195) Garbage Collection (Allocation Rate)
[102.377s][info][gc,task     ] GC(195) Using 12 workers
[102.377s][info][gc,phases   ] GC(195) Pause Mark Start 0.010ms
[102.580s][info][gc,phases   ] GC(195) Concurrent Mark 202.759ms
[102.580s][info][gc,phases   ] GC(195) Pause Mark End 0.031ms
[102.580s][info][gc,phases   ] GC(195) Concurrent Mark Free 0.001ms
[102.583s][info][gc,phases   ] GC(195) Concurrent Process Non-Strong References 2.306ms
[102.583s][info][gc,phases   ] GC(195) Concurrent Reset Relocation Set 0.113ms
[102.599s][info][gc,phases   ] GC(195) Concurrent Select Relocation Set 15.815ms
[102.599s][info][gc,phases   ] GC(195) Pause Relocate Start 0.009ms
[102.619s][info][gc,phases   ] GC(195) Concurrent Relocate 19.963ms
[102.619s][info][gc,load     ] GC(195) Load: 0.00/0.00/0.00
[102.619s][info][gc,mmu      ] GC(195) MMU: 2ms/96.8%, 5ms/98.7%, 10ms/99.3%, 20ms/99.6%, 50ms/99.8%, 100ms/99.9%
[102.619s][info][gc,marking  ] GC(195) Mark: 8 stripe(s), 6 proactive flush(es), 1 terminate flush(es), 0 completion(s), 0 continuation(s) 
[102.619s][info][gc,marking  ] GC(195) Mark Stack Usage: 32M
[102.619s][info][gc,nmethod  ] GC(195) NMethods: 6163 registered, 45 unregistered
[102.619s][info][gc,metaspace] GC(195) Metaspace: 65M used, 66M committed, 1088M reserved
[102.619s][info][gc,ref      ] GC(195) Soft: 3304 encountered, 0 discovered, 0 enqueued
[102.619s][info][gc,ref      ] GC(195) Weak: 6474 encountered, 1845 discovered, 0 enqueued
[102.619s][info][gc,ref      ] GC(195) Final: 84 encountered, 6 discovered, 0 enqueued
[102.619s][info][gc,ref      ] GC(195) Phantom: 616 encountered, 442 discovered, 0 enqueued
[102.619s][info][gc,reloc    ] GC(195) Small Pages: 370 / 740M, Empty: 0M, Relocated: 40M, In-Place: 0
[102.619s][info][gc,reloc    ] GC(195) Medium Pages: 1 / 32M, Empty: 0M, Relocated: 0M, In-Place: 0
[102.619s][info][gc,reloc    ] GC(195) Large Pages: 12 / 88M, Empty: 24M, Relocated: 0M, In-Place: 0
[102.619s][info][gc,reloc    ] GC(195) Forwarding Usage: 31M
[102.619s][info][gc,heap     ] GC(195) Min Capacity: 8M(0%)
[102.619s][info][gc,heap     ] GC(195) Max Capacity: 2048M(100%)
[102.619s][info][gc,heap     ] GC(195) Soft Max Capacity: 2048M(100%)
[102.619s][info][gc,heap     ] GC(195)                Mark Start          Mark End        Relocate Start      Relocate End           High               Low         
[102.619s][info][gc,heap     ] GC(195)  Capacity:     2048M (100%)       2048M (100%)       2048M (100%)       2048M (100%)       2048M (100%)       2048M (100%)   
[102.619s][info][gc,heap     ] GC(195)      Free:     1188M (58%)         878M (43%)         872M (43%)        1222M (60%)        1222M (60%)         844M (41%)    
[102.619s][info][gc,heap     ] GC(195)      Used:      860M (42%)        1170M (57%)        1176M (57%)         826M (40%)        1204M (59%)         826M (40%)    
[102.619s][info][gc,heap     ] GC(195)      Live:         -               396M (19%)         396M (19%)         396M (19%)            -                  -          
[102.619s][info][gc,heap     ] GC(195) Allocated:         -               310M (15%)         340M (17%)         361M (18%)            -                  -          
[102.619s][info][gc,heap     ] GC(195)   Garbage:         -               463M (23%)         439M (21%)          67M (3%)             -                  -          
[102.620s][info][gc,heap     ] GC(195) Reclaimed:         -                  -                24M (1%)          395M (19%)            -                  -          
[102.620s][info][gc          ] GC(195) Garbage Collection (Allocation Rate) 860M(42%)->826M(40%)
[102.674s][info][gc,start    ] GC(196) Garbage Collection (Allocation Rate)
[102.674s][info][gc,task     ] GC(196) Using 12 workers
[102.674s][info][gc,phases   ] GC(196) Pause Mark Start 0.015ms
[102.845s][info][gc,phases   ] GC(196) Concurrent Mark 171.456ms
[102.846s][info][gc,phases   ] GC(196) Pause Mark End 0.027ms
[102.846s][info][gc,phases   ] GC(196) Concurrent Mark Free 0.001ms
[102.847s][info][gc,phases   ] GC(196) Concurrent Process Non-Strong References 1.669ms
[102.847s][info][gc,phases   ] GC(196) Concurrent Reset Relocation Set 0.030ms
[102.851s][info][gc,phases   ] GC(196) Concurrent Select Relocation Set 3.089ms
[102.851s][info][gc,phases   ] GC(196) Pause Relocate Start 0.009ms
[102.866s][info][gc,phases   ] GC(196) Concurrent Relocate 15.442ms
[102.866s][info][gc,load     ] GC(196) Load: 0.00/0.00/0.00
[102.866s][info][gc,mmu      ] GC(196) MMU: 2ms/96.8%, 5ms/98.7%, 10ms/99.3%, 20ms/99.6%, 50ms/99.8%, 100ms/99.9%
[102.866s][info][gc,marking  ] GC(196) Mark: 8 stripe(s), 2 proactive flush(es), 1 terminate flush(es), 0 completion(s), 0 continuation(s) 
[102.866s][info][gc,marking  ] GC(196) Mark Stack Usage: 32M
[102.866s][info][gc,nmethod  ] GC(196) NMethods: 6163 registered, 45 unregistered
[102.866s][info][gc,metaspace] GC(196) Metaspace: 65M used, 66M committed, 1088M reserved
[102.866s][info][gc,ref      ] GC(196) Soft: 3304 encountered, 0 discovered, 0 enqueued
[102.866s][info][gc,ref      ] GC(196) Weak: 6472 encountered, 1677 discovered, 0 enqueued
[102.866s][info][gc,ref      ] GC(196) Final: 84 encountered, 4 discovered, 0 enqueued
[102.866s][info][gc,ref      ] GC(196) Phantom: 616 encountered, 499 discovered, 0 enqueued
[102.866s][info][gc,reloc    ] GC(196) Small Pages: 409 / 818M, Empty: 0M, Relocated: 32M, In-Place: 0
[102.866s][info][gc,reloc    ] GC(196) Medium Pages: 1 / 32M, Empty: 0M, Relocated: 0M, In-Place: 0
[102.866s][info][gc,reloc    ] GC(196) Large Pages: 8 / 64M, Empty: 0M, Relocated: 0M, In-Place: 0
[102.866s][info][gc,reloc    ] GC(196) Forwarding Usage: 31M
[102.866s][info][gc,heap     ] GC(196) Min Capacity: 8M(0%)
[102.866s][info][gc,heap     ] GC(196) Max Capacity: 2048M(100%)
[102.866s][info][gc,heap     ] GC(196) Soft Max Capacity: 2048M(100%)
[102.866s][info][gc,heap     ] GC(196)                Mark Start          Mark End        Relocate Start      Relocate End           High               Low         
[102.866s][info][gc,heap     ] GC(196)  Capacity:     2048M (100%)       2048M (100%)       2048M (100%)       2048M (100%)       2048M (100%)       2048M (100%)   
[102.866s][info][gc,heap     ] GC(196)      Free:     1134M (55%)         920M (45%)         918M (45%)        1334M (65%)        1334M (65%)         894M (44%)    
[102.866s][info][gc,heap     ] GC(196)      Used:      914M (45%)        1128M (55%)        1130M (55%)         714M (35%)        1154M (56%)         714M (35%)    
[102.866s][info][gc,heap     ] GC(196)      Live:         -               416M (20%)         416M (20%)         416M (20%)            -                  -          
[102.866s][info][gc,heap     ] GC(196) Allocated:         -               214M (10%)         216M (11%)         221M (11%)            -                  -          
[102.866s][info][gc,heap     ] GC(196)   Garbage:         -               497M (24%)         497M (24%)          75M (4%)             -                  -          
[102.866s][info][gc,heap     ] GC(196) Reclaimed:         -                  -                 0M (0%)          421M (21%)            -                  -          
[102.867s][info][gc          ] GC(196) Garbage Collection (Allocation Rate) 914M(45%)->714M(35%)
[103.283s][info][gc,start    ] GC(197) Garbage Collection (Allocation Rate)
[103.283s][info][gc,task     ] GC(197) Using 12 workers
[103.283s][info][gc,phases   ] GC(197) Pause Mark Start 0.017ms
[103.432s][info][gc,phases   ] GC(197) Concurrent Mark 148.337ms
[103.432s][info][gc,phases   ] GC(197) Pause Mark End 0.034ms
[103.432s][info][gc,phases   ] GC(197) Concurrent Mark Free 0.001ms
[103.434s][info][gc,phases   ] GC(197) Concurrent Process Non-Strong References 1.932ms
[103.434s][info][gc,phases   ] GC(197) Concurrent Reset Relocation Set 0.035ms
[103.465s][info][gc,phases   ] GC(197) Concurrent Select Relocation Set 31.492ms
[103.466s][info][gc,phases   ] GC(197) Pause Relocate Start 0.013ms
[103.491s][info][gc,phases   ] GC(197) Concurrent Relocate 25.347ms
[103.491s][info][gc,load     ] GC(197) Load: 0.00/0.00/0.00
[103.491s][info][gc,mmu      ] GC(197) MMU: 2ms/96.8%, 5ms/98.7%, 10ms/99.3%, 20ms/99.6%, 50ms/99.8%, 100ms/99.9%
[103.491s][info][gc,marking  ] GC(197) Mark: 8 stripe(s), 10 proactive flush(es), 2 terminate flush(es), 0 completion(s), 0 continuation(s) 
[103.491s][info][gc,marking  ] GC(197) Mark Stack Usage: 32M
[103.491s][info][gc,nmethod  ] GC(197) NMethods: 6191 registered, 45 unregistered
[103.491s][info][gc,metaspace] GC(197) Metaspace: 65M used, 66M committed, 1088M reserved
[103.491s][info][gc,ref      ] GC(197) Soft: 3301 encountered, 0 discovered, 0 enqueued
[103.491s][info][gc,ref      ] GC(197) Weak: 6469 encountered, 1032 discovered, 0 enqueued
[103.491s][info][gc,ref      ] GC(197) Final: 84 encountered, 47 discovered, 0 enqueued
[103.491s][info][gc,ref      ] GC(197) Phantom: 619 encountered, 551 discovered, 0 enqueued
[103.491s][info][gc,reloc    ] GC(197) Small Pages: 303 / 606M, Empty: 70M, Relocated: 40M, In-Place: 0
[103.491s][info][gc,reloc    ] GC(197) Medium Pages: 2 / 64M, Empty: 0M, Relocated: 12M, In-Place: 0
[103.491s][info][gc,reloc    ] GC(197) Large Pages: 8 / 64M, Empty: 24M, Relocated: 0M, In-Place: 0
[103.491s][info][gc,reloc    ] GC(197) Forwarding Usage: 36M
[103.491s][info][gc,heap     ] GC(197) Min Capacity: 8M(0%)
[103.491s][info][gc,heap     ] GC(197) Max Capacity: 2048M(100%)
[103.491s][info][gc,heap     ] GC(197) Soft Max Capacity: 2048M(100%)
[103.491s][info][gc,heap     ] GC(197)                Mark Start          Mark End        Relocate Start      Relocate End           High               Low         
[103.491s][info][gc,heap     ] GC(197)  Capacity:     2048M (100%)       2048M (100%)       2048M (100%)       2048M (100%)       2048M (100%)       2048M (100%)   
[103.491s][info][gc,heap     ] GC(197)      Free:     1314M (64%)        1280M (63%)        1372M (67%)        1620M (79%)        1620M (79%)        1280M (63%)    
[103.491s][info][gc,heap     ] GC(197)      Used:      734M (36%)         768M (38%)         676M (33%)         428M (21%)         768M (38%)         428M (21%)    
[103.491s][info][gc,heap     ] GC(197)      Live:         -               305M (15%)         305M (15%)         305M (15%)            -                  -          
[103.491s][info][gc,heap     ] GC(197) Allocated:         -                34M (2%)           36M (2%)           47M (2%)             -                  -          
[103.491s][info][gc,heap     ] GC(197)   Garbage:         -               428M (21%)         334M (16%)          75M (4%)             -                  -          
[103.491s][info][gc,heap     ] GC(197) Reclaimed:         -                  -                94M (5%)          353M (17%)            -                  -          
[103.491s][info][gc          ] GC(197) Garbage Collection (Allocation Rate) 734M(36%)->428M(21%)
[103.573s][info][gc,start    ] GC(198) Garbage Collection (Allocation Rate)
[103.573s][info][gc,task     ] GC(198) Using 12 workers
[103.574s][info][gc,phases   ] GC(198) Pause Mark Start 0.011ms
[103.651s][info][gc,phases   ] GC(198) Concurrent Mark 77.653ms
[103.651s][info][gc,phases   ] GC(198) Pause Mark End 0.023ms
[103.652s][info][gc,phases   ] GC(198) Concurrent Mark Free 0.001ms
[103.654s][info][gc,phases   ] GC(198) Concurrent Process Non-Strong References 1.966ms
[103.654s][info][gc,phases   ] GC(198) Concurrent Reset Relocation Set 0.025ms
[103.659s][info][gc,phases   ] GC(198) Concurrent Select Relocation Set 5.827ms
[103.660s][info][gc,phases   ] GC(198) Pause Relocate Start 0.010ms
[103.669s][info][gc,phases   ] GC(198) Concurrent Relocate 9.837ms
[103.670s][info][gc,load     ] GC(198) Load: 0.00/0.00/0.00
[103.670s][info][gc,mmu      ] GC(198) MMU: 2ms/96.8%, 5ms/98.7%, 10ms/99.3%, 20ms/99.6%, 50ms/99.8%, 100ms/99.9%
[103.670s][info][gc,marking  ] GC(198) Mark: 8 stripe(s), 3 proactive flush(es), 1 terminate flush(es), 0 completion(s), 0 continuation(s) 
[103.670s][info][gc,marking  ] GC(198) Mark Stack Usage: 32M
[103.670s][info][gc,nmethod  ] GC(198) NMethods: 6194 registered, 49 unregistered
[103.670s][info][gc,metaspace] GC(198) Metaspace: 65M used, 66M committed, 1088M reserved
[103.670s][info][gc,ref      ] GC(198) Soft: 3300 encountered, 0 discovered, 0 enqueued
[103.670s][info][gc,ref      ] GC(198) Weak: 6684 encountered, 1684 discovered, 154 enqueued
[103.670s][info][gc,ref      ] GC(198) Final: 84 encountered, 2 discovered, 0 enqueued
[103.670s][info][gc,ref      ] GC(198) Phantom: 619 encountered, 420 discovered, 0 enqueued
[103.670s][info][gc,reloc    ] GC(198) Small Pages: 219 / 438M, Empty: 92M, Relocated: 13M, In-Place: 0
[103.670s][info][gc,reloc    ] GC(198) Medium Pages: 2 / 64M, Empty: 0M, Relocated: 17M, In-Place: 0
[103.670s][info][gc,reloc    ] GC(198) Large Pages: 5 / 46M, Empty: 46M, Relocated: 0M, In-Place: 0
[103.670s][info][gc,reloc    ] GC(198) Forwarding Usage: 12M
[103.670s][info][gc,heap     ] GC(198) Min Capacity: 8M(0%)
[103.670s][info][gc,heap     ] GC(198) Max Capacity: 2048M(100%)
[103.670s][info][gc,heap     ] GC(198) Soft Max Capacity: 2048M(100%)
[103.670s][info][gc,heap     ] GC(198)                Mark Start          Mark End        Relocate Start      Relocate End           High               Low         
[103.670s][info][gc,heap     ] GC(198)  Capacity:     2048M (100%)       2048M (100%)       2048M (100%)       2048M (100%)       2048M (100%)       2048M (100%)   
[103.670s][info][gc,heap     ] GC(198)      Free:     1500M (73%)        1396M (68%)        1526M (75%)        1696M (83%)        1696M (83%)        1390M (68%)    
[103.670s][info][gc,heap     ] GC(198)      Used:      548M (27%)         652M (32%)         522M (25%)         352M (17%)         658M (32%)         352M (17%)    
[103.670s][info][gc,heap     ] GC(198)      Live:         -               184M (9%)          184M (9%)          184M (9%)             -                  -          
[103.670s][info][gc,heap     ] GC(198) Allocated:         -               104M (5%)          112M (5%)          113M (6%)             -                  -          
[103.670s][info][gc,heap     ] GC(198)   Garbage:         -               363M (18%)         225M (11%)          53M (3%)             -                  -          
[103.670s][info][gc,heap     ] GC(198) Reclaimed:         -                  -               138M (7%)          309M (15%)            -                  -          
[103.670s][info][gc          ] GC(198) Garbage Collection (Allocation Rate) 548M(27%)->352M(17%)
[104.478s][info][gc,start    ] GC(199) Garbage Collection (Allocation Rate)
[104.478s][info][gc,task     ] GC(199) Using 12 workers
[104.479s][info][gc,phases   ] GC(199) Pause Mark Start 0.011ms
[104.572s][info][gc,phases   ] GC(199) Concurrent Mark 93.328ms
[104.572s][info][gc,phases   ] GC(199) Pause Mark End 0.029ms
[104.572s][info][gc,phases   ] GC(199) Concurrent Mark Free 0.001ms
[104.575s][info][gc,phases   ] GC(199) Concurrent Process Non-Strong References 2.237ms
[104.575s][info][gc,phases   ] GC(199) Concurrent Reset Relocation Set 0.017ms
[104.598s][info][gc,phases   ] GC(199) Concurrent Select Relocation Set 23.418ms
[104.598s][info][gc,phases   ] GC(199) Pause Relocate Start 0.010ms
[104.615s][info][gc,phases   ] GC(199) Concurrent Relocate 16.968ms
[104.615s][info][gc,load     ] GC(199) Load: 0.00/0.00/0.00
[104.615s][info][gc,mmu      ] GC(199) MMU: 2ms/96.8%, 5ms/98.7%, 10ms/99.3%, 20ms/99.6%, 50ms/99.8%, 100ms/99.9%
[104.615s][info][gc,marking  ] GC(199) Mark: 8 stripe(s), 2 proactive flush(es), 1 terminate flush(es), 0 completion(s), 0 continuation(s) 
[104.615s][info][gc,marking  ] GC(199) Mark Stack Usage: 32M
[104.615s][info][gc,nmethod  ] GC(199) NMethods: 6261 registered, 56 unregistered
[104.615s][info][gc,metaspace] GC(199) Metaspace: 65M used, 66M committed, 1088M reserved
[104.615s][info][gc,ref      ] GC(199) Soft: 3304 encountered, 0 discovered, 0 enqueued
[104.615s][info][gc,ref      ] GC(199) Weak: 6807 encountered, 2322 discovered, 289 enqueued
[104.615s][info][gc,ref      ] GC(199) Final: 84 encountered, 4 discovered, 0 enqueued
[104.615s][info][gc,ref      ] GC(199) Phantom: 632 encountered, 561 discovered, 0 enqueued
[104.615s][info][gc,reloc    ] GC(199) Small Pages: 482 / 964M, Empty: 504M, Relocated: 29M, In-Place: 0
[104.615s][info][gc,reloc    ] GC(199) Medium Pages: 3 / 96M, Empty: 64M, Relocated: 0M, In-Place: 0
[104.615s][info][gc,reloc    ] GC(199) Large Pages: 14 / 84M, Empty: 60M, Relocated: 0M, In-Place: 0
[104.615s][info][gc,reloc    ] GC(199) Forwarding Usage: 27M
[104.615s][info][gc,heap     ] GC(199) Min Capacity: 8M(0%)
[104.615s][info][gc,heap     ] GC(199) Max Capacity: 2048M(100%)
[104.615s][info][gc,heap     ] GC(199) Soft Max Capacity: 2048M(100%)
[104.615s][info][gc,heap     ] GC(199)                Mark Start          Mark End        Relocate Start      Relocate End           High               Low         
[104.615s][info][gc,heap     ] GC(199)  Capacity:     2048M (100%)       2048M (100%)       2048M (100%)       2048M (100%)       2048M (100%)       2048M (100%)   
[104.616s][info][gc,heap     ] GC(199)      Free:      904M (44%)         844M (41%)        1448M (71%)        1676M (82%)        1676M (82%)         842M (41%)    
[104.616s][info][gc,heap     ] GC(199)      Used:     1144M (56%)        1204M (59%)         600M (29%)         372M (18%)        1206M (59%)         372M (18%)    
[104.616s][info][gc,heap     ] GC(199)      Live:         -               216M (11%)         216M (11%)         216M (11%)            -                  -          
[104.616s][info][gc,heap     ] GC(199) Allocated:         -                60M (3%)           84M (4%)           92M (4%)             -                  -          
[104.616s][info][gc,heap     ] GC(199)   Garbage:         -               927M (45%)         299M (15%)          63M (3%)             -                  -          
[104.616s][info][gc,heap     ] GC(199) Reclaimed:         -                  -               628M (31%)         864M (42%)            -                  -          
[104.616s][info][gc          ] GC(199) Garbage Collection (Allocation Rate) 1144M(56%)->372M(18%)
[105.074s][info][gc,start    ] GC(200) Garbage Collection (Allocation Rate)
[105.074s][info][gc,task     ] GC(200) Using 12 workers
[105.074s][info][gc,phases   ] GC(200) Pause Mark Start 0.012ms
[105.199s][info][gc,phases   ] GC(200) Concurrent Mark 124.488ms
[105.199s][info][gc,phases   ] GC(200) Pause Mark End 0.028ms
[105.199s][info][gc,phases   ] GC(200) Concurrent Mark Free 0.001ms
[105.201s][info][gc,phases   ] GC(200) Concurrent Process Non-Strong References 2.071ms
[105.201s][info][gc,phases   ] GC(200) Concurrent Reset Relocation Set 0.025ms
[105.243s][info][gc,phases   ] GC(200) Concurrent Select Relocation Set 41.492ms
[105.243s][info][gc,phases   ] GC(200) Pause Relocate Start 0.008ms
[105.282s][info][gc,phases   ] GC(200) Concurrent Relocate 38.448ms
[105.282s][info][gc,load     ] GC(200) Load: 0.00/0.00/0.00
[105.282s][info][gc,mmu      ] GC(200) MMU: 2ms/96.8%, 5ms/98.7%, 10ms/99.3%, 20ms/99.6%, 50ms/99.8%, 100ms/99.9%
[105.282s][info][gc,marking  ] GC(200) Mark: 8 stripe(s), 2 proactive flush(es), 1 terminate flush(es), 0 completion(s), 0 continuation(s) 
[105.282s][info][gc,marking  ] GC(200) Mark Stack Usage: 32M
[105.282s][info][gc,nmethod  ] GC(200) NMethods: 6268 registered, 58 unregistered
[105.282s][info][gc,metaspace] GC(200) Metaspace: 65M used, 66M committed, 1088M reserved
[105.282s][info][gc,ref      ] GC(200) Soft: 3300 encountered, 0 discovered, 0 enqueued
[105.282s][info][gc,ref      ] GC(200) Weak: 6580 encountered, 1996 discovered, 95 enqueued
[105.282s][info][gc,ref      ] GC(200) Final: 84 encountered, 2 discovered, 0 enqueued
[105.282s][info][gc,ref      ] GC(200) Phantom: 616 encountered, 499 discovered, 0 enqueued
[105.282s][info][gc,reloc    ] GC(200) Small Pages: 536 / 1072M, Empty: 116M, Relocated: 80M, In-Place: 0
[105.282s][info][gc,reloc    ] GC(200) Medium Pages: 2 / 64M, Empty: 0M, Relocated: 13M, In-Place: 0
[105.282s][info][gc,reloc    ] GC(200) Large Pages: 9 / 54M, Empty: 30M, Relocated: 0M, In-Place: 0
[105.282s][info][gc,reloc    ] GC(200) Forwarding Usage: 75M
[105.282s][info][gc,heap     ] GC(200) Min Capacity: 8M(0%)
[105.282s][info][gc,heap     ] GC(200) Max Capacity: 2048M(100%)
[105.282s][info][gc,heap     ] GC(200) Soft Max Capacity: 2048M(100%)
[105.282s][info][gc,heap     ] GC(200)                Mark Start          Mark End        Relocate Start      Relocate End           High               Low         
[105.282s][info][gc,heap     ] GC(200)  Capacity:     2048M (100%)       2048M (100%)       2048M (100%)       2048M (100%)       2048M (100%)       2048M (100%)   
[105.282s][info][gc,heap     ] GC(200)      Free:      858M (42%)         810M (40%)         940M (46%)        1650M (81%)        1650M (81%)         806M (39%)    
[105.282s][info][gc,heap     ] GC(200)      Used:     1190M (58%)        1238M (60%)        1108M (54%)         398M (19%)        1242M (61%)         398M (19%)    
[105.282s][info][gc,heap     ] GC(200)      Live:         -               268M (13%)         268M (13%)         268M (13%)            -                  -          
[105.282s][info][gc,heap     ] GC(200) Allocated:         -                48M (2%)           64M (3%)           70M (3%)             -                  -          
[105.282s][info][gc,heap     ] GC(200)   Garbage:         -               921M (45%)         775M (38%)          59M (3%)             -                  -          
[105.282s][info][gc,heap     ] GC(200) Reclaimed:         -                  -               146M (7%)          862M (42%)            -                  -          
[105.282s][info][gc          ] GC(200) Garbage Collection (Allocation Rate) 1190M(58%)->398M(19%)
[105.584s][info][gc,start    ] GC(201) Garbage Collection (Allocation Rate)
[105.584s][info][gc,task     ] GC(201) Using 8 workers
[105.584s][info][gc,phases   ] GC(201) Pause Mark Start 0.019ms
[105.694s][info][gc,phases   ] GC(201) Concurrent Mark 109.343ms
[105.694s][info][gc,phases   ] GC(201) Pause Mark End 0.018ms
[105.694s][info][gc,phases   ] GC(201) Concurrent Mark Free 0.001ms
[105.696s][info][gc,phases   ] GC(201) Concurrent Process Non-Strong References 2.302ms
[105.696s][info][gc,phases   ] GC(201) Concurrent Reset Relocation Set 0.096ms
[105.710s][info][gc,phases   ] GC(201) Concurrent Select Relocation Set 13.459ms
[105.710s][info][gc,phases   ] GC(201) Pause Relocate Start 0.010ms
[105.735s][info][gc,phases   ] GC(201) Concurrent Relocate 24.631ms
[105.735s][info][gc,load     ] GC(201) Load: 0.00/0.00/0.00
[105.735s][info][gc,mmu      ] GC(201) MMU: 2ms/96.8%, 5ms/98.7%, 10ms/99.3%, 20ms/99.6%, 50ms/99.8%, 100ms/99.9%
[105.735s][info][gc,marking  ] GC(201) Mark: 8 stripe(s), 2 proactive flush(es), 1 terminate flush(es), 0 completion(s), 0 continuation(s) 
[105.735s][info][gc,marking  ] GC(201) Mark Stack Usage: 32M
[105.735s][info][gc,nmethod  ] GC(201) NMethods: 6278 registered, 62 unregistered
[105.735s][info][gc,metaspace] GC(201) Metaspace: 65M used, 66M committed, 1088M reserved
[105.735s][info][gc,ref      ] GC(201) Soft: 3297 encountered, 0 discovered, 0 enqueued
[105.735s][info][gc,ref      ] GC(201) Weak: 6497 encountered, 3383 discovered, 3 enqueued
[105.735s][info][gc,ref      ] GC(201) Final: 84 encountered, 7 discovered, 0 enqueued
[105.735s][info][gc,ref      ] GC(201) Phantom: 616 encountered, 499 discovered, 0 enqueued
[105.735s][info][gc,reloc    ] GC(201) Small Pages: 248 / 496M, Empty: 40M, Relocated: 36M, In-Place: 0
[105.735s][info][gc,reloc    ] GC(201) Medium Pages: 6 / 192M, Empty: 64M, Relocated: 17M, In-Place: 0
[105.735s][info][gc,reloc    ] GC(201) Large Pages: 23 / 150M, Empty: 118M, Relocated: 0M, In-Place: 0
[105.735s][info][gc,reloc    ] GC(201) Forwarding Usage: 32M
[105.735s][info][gc,heap     ] GC(201) Min Capacity: 8M(0%)
[105.735s][info][gc,heap     ] GC(201) Max Capacity: 2048M(100%)
[105.735s][info][gc,heap     ] GC(201) Soft Max Capacity: 2048M(100%)
[105.735s][info][gc,heap     ] GC(201)                Mark Start          Mark End        Relocate Start      Relocate End           High               Low         
[105.735s][info][gc,heap     ] GC(201)  Capacity:     2048M (100%)       2048M (100%)       2048M (100%)       2048M (100%)       2048M (100%)       2048M (100%)   
[105.736s][info][gc,heap     ] GC(201)      Free:     1210M (59%)        1014M (50%)        1218M (59%)        1518M (74%)        1518M (74%)        1006M (49%)    
[105.736s][info][gc,heap     ] GC(201)      Used:      838M (41%)        1034M (50%)         830M (41%)         530M (26%)        1042M (51%)         530M (26%)    
[105.736s][info][gc,heap     ] GC(201)      Live:         -               236M (12%)         236M (12%)         236M (12%)            -                  -          
[105.736s][info][gc,heap     ] GC(201) Allocated:         -               196M (10%)         214M (10%)         243M (12%)            -                  -          
[105.736s][info][gc,heap     ] GC(201)   Garbage:         -               601M (29%)         379M (19%)          49M (2%)             -                  -          
[105.736s][info][gc,heap     ] GC(201) Reclaimed:         -                  -               222M (11%)         551M (27%)            -                  -          
[105.736s][info][gc          ] GC(201) Garbage Collection (Allocation Rate) 838M(41%)->530M(26%)
[105.975s][info][gc,start    ] GC(202) Garbage Collection (Allocation Rate)
[105.975s][info][gc,task     ] GC(202) Using 6 workers
[105.975s][info][gc,phases   ] GC(202) Pause Mark Start 0.018ms
[106.131s][info][gc,phases   ] GC(202) Concurrent Mark 155.794ms
[106.131s][info][gc,phases   ] GC(202) Pause Mark End 0.021ms
[106.131s][info][gc,phases   ] GC(202) Concurrent Mark Free 0.001ms
[106.136s][info][gc,phases   ] GC(202) Concurrent Process Non-Strong References 4.675ms
[106.136s][info][gc,phases   ] GC(202) Concurrent Reset Relocation Set 0.040ms
[106.142s][info][gc,phases   ] GC(202) Concurrent Select Relocation Set 5.290ms
[106.142s][info][gc,phases   ] GC(202) Pause Relocate Start 0.012ms
[106.171s][info][gc,phases   ] GC(202) Concurrent Relocate 28.871ms
[106.171s][info][gc,load     ] GC(202) Load: 0.00/0.00/0.00
[106.171s][info][gc,mmu      ] GC(202) MMU: 2ms/96.8%, 5ms/98.7%, 10ms/99.3%, 20ms/99.6%, 50ms/99.8%, 100ms/99.9%
[106.171s][info][gc,marking  ] GC(202) Mark: 4 stripe(s), 3 proactive flush(es), 1 terminate flush(es), 0 completion(s), 0 continuation(s) 
[106.171s][info][gc,marking  ] GC(202) Mark Stack Usage: 32M
[106.171s][info][gc,nmethod  ] GC(202) NMethods: 6277 registered, 65 unregistered
[106.171s][info][gc,metaspace] GC(202) Metaspace: 65M used, 66M committed, 1088M reserved
[106.171s][info][gc,ref      ] GC(202) Soft: 3296 encountered, 0 discovered, 0 enqueued
[106.171s][info][gc,ref      ] GC(202) Weak: 6496 encountered, 3540 discovered, 109 enqueued
[106.171s][info][gc,ref      ] GC(202) Final: 84 encountered, 32 discovered, 0 enqueued
[106.171s][info][gc,ref      ] GC(202) Phantom: 616 encountered, 530 discovered, 0 enqueued
[106.171s][info][gc,reloc    ] GC(202) Small Pages: 345 / 690M, Empty: 246M, Relocated: 31M, In-Place: 0
[106.171s][info][gc,reloc    ] GC(202) Medium Pages: 2 / 64M, Empty: 32M, Relocated: 0M, In-Place: 0
[106.171s][info][gc,reloc    ] GC(202) Large Pages: 18 / 120M, Empty: 102M, Relocated: 0M, In-Place: 0
[106.171s][info][gc,reloc    ] GC(202) Forwarding Usage: 29M
[106.171s][info][gc,heap     ] GC(202) Min Capacity: 8M(0%)
[106.171s][info][gc,heap     ] GC(202) Max Capacity: 2048M(100%)
[106.171s][info][gc,heap     ] GC(202) Soft Max Capacity: 2048M(100%)
[106.171s][info][gc,heap     ] GC(202)                Mark Start          Mark End        Relocate Start      Relocate End           High               Low         
[106.171s][info][gc,heap     ] GC(202)  Capacity:     2048M (100%)       2048M (100%)       2048M (100%)       2048M (100%)       2048M (100%)       2048M (100%)   
[106.171s][info][gc,heap     ] GC(202)      Free:     1174M (57%)         890M (43%)        1246M (61%)        1384M (68%)        1384M (68%)         880M (43%)    
[106.171s][info][gc,heap     ] GC(202)      Used:      874M (43%)        1158M (57%)         802M (39%)         664M (32%)        1168M (57%)         664M (32%)    
[106.171s][info][gc,heap     ] GC(202)      Live:         -               249M (12%)         249M (12%)         249M (12%)            -                  -          
[106.171s][info][gc,heap     ] GC(202) Allocated:         -               284M (14%)         308M (15%)         355M (17%)            -                  -          
[106.171s][info][gc,heap     ] GC(202)   Garbage:         -               624M (30%)         244M (12%)          58M (3%)             -                  -          
[106.171s][info][gc,heap     ] GC(202) Reclaimed:         -                  -               380M (19%)         565M (28%)            -                  -          
[106.172s][info][gc          ] GC(202) Garbage Collection (Allocation Rate) 874M(43%)->664M(32%)
[106.202s][info][gc,start    ] GC(203) Garbage Collection (System.gc())
[106.202s][info][gc,task     ] GC(203) Using 12 workers
[106.202s][info][gc,phases   ] GC(203) Pause Mark Start 0.015ms
[106.272s][info][gc,phases   ] GC(203) Concurrent Mark 69.453ms
[106.272s][info][gc,phases   ] GC(203) Pause Mark End 0.019ms
[106.272s][info][gc,phases   ] GC(203) Concurrent Mark Free 0.001ms
[106.274s][info][gc,phases   ] GC(203) Concurrent Process Non-Strong References 1.837ms
[106.274s][info][gc,phases   ] GC(203) Concurrent Reset Relocation Set 0.031ms
[106.283s][info][gc,phases   ] GC(203) Concurrent Select Relocation Set 9.024ms
[106.283s][info][gc,phases   ] GC(203) Pause Relocate Start 0.008ms
[106.287s][info][gc,phases   ] GC(203) Concurrent Relocate 3.827ms
[106.287s][info][gc,load     ] GC(203) Load: 0.00/0.00/0.00
[106.287s][info][gc,mmu      ] GC(203) MMU: 2ms/96.8%, 5ms/98.7%, 10ms/99.3%, 20ms/99.6%, 50ms/99.8%, 100ms/99.9%
[106.287s][info][gc,marking  ] GC(203) Mark: 8 stripe(s), 2 proactive flush(es), 1 terminate flush(es), 0 completion(s), 0 continuation(s) 
[106.287s][info][gc,marking  ] GC(203) Mark Stack Usage: 32M
[106.287s][info][gc,nmethod  ] GC(203) NMethods: 6278 registered, 65 unregistered
[106.287s][info][gc,metaspace] GC(203) Metaspace: 65M used, 66M committed, 1088M reserved
[106.287s][info][gc,ref      ] GC(203) Soft: 3296 encountered, 0 discovered, 0 enqueued
[106.287s][info][gc,ref      ] GC(203) Weak: 6392 encountered, 1902 discovered, 4 enqueued
[106.287s][info][gc,ref      ] GC(203) Final: 84 encountered, 5 discovered, 0 enqueued
[106.287s][info][gc,ref      ] GC(203) Phantom: 616 encountered, 502 discovered, 0 enqueued
[106.287s][info][gc,reloc    ] GC(203) Small Pages: 329 / 658M, Empty: 418M, Relocated: 6M, In-Place: 0
[106.287s][info][gc,reloc    ] GC(203) Medium Pages: 1 / 32M, Empty: 0M, Relocated: 0M, In-Place: 0
[106.287s][info][gc,reloc    ] GC(203) Large Pages: 4 / 24M, Empty: 24M, Relocated: 0M, In-Place: 0
[106.287s][info][gc,reloc    ] GC(203) Forwarding Usage: 4M
[106.287s][info][gc,heap     ] GC(203) Min Capacity: 8M(0%)
[106.287s][info][gc,heap     ] GC(203) Max Capacity: 2048M(100%)
[106.287s][info][gc,heap     ] GC(203) Soft Max Capacity: 2048M(100%)
[106.288s][info][gc,heap     ] GC(203)                Mark Start          Mark End        Relocate Start      Relocate End           High               Low         
[106.288s][info][gc,heap     ] GC(203)  Capacity:     2048M (100%)       2048M (100%)       2048M (100%)       2048M (100%)       2048M (100%)       2048M (100%)   
[106.288s][info][gc,heap     ] GC(203)      Free:     1334M (65%)        1332M (65%)        1772M (87%)        1810M (88%)        1810M (88%)        1332M (65%)    
[106.288s][info][gc,heap     ] GC(203)      Used:      714M (35%)         716M (35%)         276M (13%)         238M (12%)         716M (35%)         238M (12%)    
[106.288s][info][gc,heap     ] GC(203)      Live:         -               167M (8%)          167M (8%)          167M (8%)             -                  -          
[106.288s][info][gc,heap     ] GC(203) Allocated:         -                 2M (0%)            4M (0%)            4M (0%)             -                  -          
[106.288s][info][gc,heap     ] GC(203)   Garbage:         -               546M (27%)         104M (5%)           66M (3%)             -                  -          
[106.288s][info][gc,heap     ] GC(203) Reclaimed:         -                  -               442M (22%)         480M (23%)            -                  -          
[106.288s][info][gc          ] GC(203) Garbage Collection (System.gc()) 714M(35%)->238M(12%)
[106.774s][info][gc,start    ] GC(204) Garbage Collection (Allocation Rate)
[106.774s][info][gc,task     ] GC(204) Using 6 workers
[106.775s][info][gc,phases   ] GC(204) Pause Mark Start 0.017ms
[106.993s][info][gc,phases   ] GC(204) Concurrent Mark 218.201ms
[106.993s][info][gc,phases   ] GC(204) Pause Mark End 0.029ms
[106.993s][info][gc,phases   ] GC(204) Concurrent Mark Free 0.001ms
[106.996s][info][gc,phases   ] GC(204) Concurrent Process Non-Strong References 3.154ms
[106.996s][info][gc,phases   ] GC(204) Concurrent Reset Relocation Set 0.004ms
[107.029s][info][gc,phases   ] GC(204) Concurrent Select Relocation Set 32.467ms
[107.029s][info][gc,phases   ] GC(204) Pause Relocate Start 0.008ms
[107.093s][info][gc,phases   ] GC(204) Concurrent Relocate 64.178ms
[107.093s][info][gc,load     ] GC(204) Load: 0.00/0.00/0.00
[107.093s][info][gc,mmu      ] GC(204) MMU: 2ms/96.8%, 5ms/98.7%, 10ms/99.3%, 20ms/99.6%, 50ms/99.8%, 100ms/99.9%
[107.093s][info][gc,marking  ] GC(204) Mark: 4 stripe(s), 2 proactive flush(es), 1 terminate flush(es), 0 completion(s), 0 continuation(s) 
[107.094s][info][gc,marking  ] GC(204) Mark Stack Usage: 32M
[107.094s][info][gc,nmethod  ] GC(204) NMethods: 6300 registered, 67 unregistered
[107.094s][info][gc,metaspace] GC(204) Metaspace: 65M used, 66M committed, 1088M reserved
[107.094s][info][gc,ref      ] GC(204) Soft: 3300 encountered, 0 discovered, 0 enqueued
[107.094s][info][gc,ref      ] GC(204) Weak: 6467 encountered, 2260 discovered, 28 enqueued
[107.094s][info][gc,ref      ] GC(204) Final: 84 encountered, 54 discovered, 0 enqueued
[107.094s][info][gc,ref      ] GC(204) Phantom: 616 encountered, 521 discovered, 0 enqueued
[107.094s][info][gc,reloc    ] GC(204) Small Pages: 553 / 1106M, Empty: 0M, Relocated: 139M, In-Place: 0
[107.094s][info][gc,reloc    ] GC(204) Medium Pages: 2 / 64M, Empty: 32M, Relocated: 0M, In-Place: 0
[107.094s][info][gc,reloc    ] GC(204) Large Pages: 9 / 54M, Empty: 6M, Relocated: 0M, In-Place: 0
[107.094s][info][gc,reloc    ] GC(204) Forwarding Usage: 95M
[107.094s][info][gc,heap     ] GC(204) Min Capacity: 8M(0%)
[107.094s][info][gc,heap     ] GC(204) Max Capacity: 2048M(100%)
[107.094s][info][gc,heap     ] GC(204) Soft Max Capacity: 2048M(100%)
[107.094s][info][gc,heap     ] GC(204)                Mark Start          Mark End        Relocate Start      Relocate End           High               Low         
[107.094s][info][gc,heap     ] GC(204)  Capacity:     2048M (100%)       2048M (100%)       2048M (100%)       2048M (100%)       2048M (100%)       2048M (100%)   
[107.094s][info][gc,heap     ] GC(204)      Free:      824M (40%)         462M (23%)         424M (21%)        1120M (55%)        1120M (55%)         412M (20%)    
[107.094s][info][gc,heap     ] GC(204)      Used:     1224M (60%)        1586M (77%)        1624M (79%)         928M (45%)        1636M (80%)         928M (45%)    
[107.094s][info][gc,heap     ] GC(204)      Live:         -               356M (17%)         356M (17%)         356M (17%)            -                  -          
[107.094s][info][gc,heap     ] GC(204) Allocated:         -               362M (18%)         438M (21%)         511M (25%)            -                  -          
[107.094s][info][gc,heap     ] GC(204)   Garbage:         -               867M (42%)         829M (41%)          59M (3%)             -                  -          
[107.094s][info][gc,heap     ] GC(204) Reclaimed:         -                  -                38M (2%)          807M (39%)            -                  -          
[107.094s][info][gc          ] GC(204) Garbage Collection (Allocation Rate) 1224M(60%)->928M(45%)
[107.180s][info][gc,start    ] GC(205) Garbage Collection (Allocation Rate)
[107.180s][info][gc,task     ] GC(205) Using 8 workers
[107.181s][info][gc,phases   ] GC(205) Pause Mark Start 0.009ms
[107.430s][info][gc,phases   ] GC(205) Concurrent Mark 248.760ms
[107.430s][info][gc,phases   ] GC(205) Pause Mark End 0.034ms
[107.430s][info][gc,phases   ] GC(205) Concurrent Mark Free 0.001ms
[107.433s][info][gc,phases   ] GC(205) Concurrent Process Non-Strong References 2.639ms
[107.433s][info][gc,phases   ] GC(205) Concurrent Reset Relocation Set 0.112ms
[107.444s][info][gc,phases   ] GC(205) Concurrent Select Relocation Set 11.468ms
[107.444s][info][gc,phases   ] GC(205) Pause Relocate Start 0.011ms
[107.474s][info][gc,phases   ] GC(205) Concurrent Relocate 29.166ms
[107.474s][info][gc,load     ] GC(205) Load: 0.00/0.00/0.00
[107.474s][info][gc,mmu      ] GC(205) MMU: 2ms/96.8%, 5ms/98.7%, 10ms/99.3%, 20ms/99.6%, 50ms/99.8%, 100ms/99.9%
[107.474s][info][gc,marking  ] GC(205) Mark: 8 stripe(s), 2 proactive flush(es), 1 terminate flush(es), 0 completion(s), 0 continuation(s) 
[107.474s][info][gc,marking  ] GC(205) Mark Stack Usage: 32M
[107.474s][info][gc,nmethod  ] GC(205) NMethods: 6300 registered, 67 unregistered
[107.474s][info][gc,metaspace] GC(205) Metaspace: 65M used, 66M committed, 1088M reserved
[107.474s][info][gc,ref      ] GC(205) Soft: 3300 encountered, 0 discovered, 0 enqueued
[107.474s][info][gc,ref      ] GC(205) Weak: 6437 encountered, 1546 discovered, 0 enqueued
[107.474s][info][gc,ref      ] GC(205) Final: 84 encountered, 2 discovered, 0 enqueued
[107.474s][info][gc,ref      ] GC(205) Phantom: 616 encountered, 347 discovered, 0 enqueued
[107.474s][info][gc,reloc    ] GC(205) Small Pages: 465 / 930M, Empty: 0M, Relocated: 45M, In-Place: 0
[107.474s][info][gc,reloc    ] GC(205) Medium Pages: 1 / 32M, Empty: 0M, Relocated: 0M, In-Place: 0
[107.474s][info][gc,reloc    ] GC(205) Large Pages: 12 / 88M, Empty: 24M, Relocated: 0M, In-Place: 0
[107.474s][info][gc,reloc    ] GC(205) Forwarding Usage: 40M
[107.474s][info][gc,heap     ] GC(205) Min Capacity: 8M(0%)
[107.474s][info][gc,heap     ] GC(205) Max Capacity: 2048M(100%)
[107.474s][info][gc,heap     ] GC(205) Soft Max Capacity: 2048M(100%)
[107.474s][info][gc,heap     ] GC(205)                Mark Start          Mark End        Relocate Start      Relocate End           High               Low         
[107.474s][info][gc,heap     ] GC(205)  Capacity:     2048M (100%)       2048M (100%)       2048M (100%)       2048M (100%)       2048M (100%)       2048M (100%)   
[107.474s][info][gc,heap     ] GC(205)      Free:      998M (49%)         660M (32%)         668M (33%)        1188M (58%)        1188M (58%)         652M (32%)    
[107.474s][info][gc,heap     ] GC(205)      Used:     1050M (51%)        1388M (68%)        1380M (67%)         860M (42%)        1396M (68%)         860M (42%)    
[107.474s][info][gc,heap     ] GC(205)      Live:         -               404M (20%)         404M (20%)         404M (20%)            -                  -          
[107.474s][info][gc,heap     ] GC(205) Allocated:         -               338M (17%)         354M (17%)         388M (19%)            -                  -          
[107.474s][info][gc,heap     ] GC(205)   Garbage:         -               645M (32%)         621M (30%)          66M (3%)             -                  -          
[107.474s][info][gc,heap     ] GC(205) Reclaimed:         -                  -                24M (1%)          578M (28%)            -                  -          
[107.474s][info][gc          ] GC(205) Garbage Collection (Allocation Rate) 1050M(51%)->860M(42%)
[107.476s][info][gc,start    ] GC(206) Garbage Collection (Allocation Rate)
[107.476s][info][gc,task     ] GC(206) Using 8 workers
[107.477s][info][gc,phases   ] GC(206) Pause Mark Start 0.009ms
[107.711s][info][gc,phases   ] GC(206) Concurrent Mark 234.039ms
[107.711s][info][gc,phases   ] GC(206) Pause Mark End 0.035ms
[107.711s][info][gc,phases   ] GC(206) Concurrent Mark Free 0.001ms
[107.713s][info][gc,phases   ] GC(206) Concurrent Process Non-Strong References 2.477ms
[107.714s][info][gc,phases   ] GC(206) Concurrent Reset Relocation Set 0.061ms
[107.718s][info][gc,phases   ] GC(206) Concurrent Select Relocation Set 4.473ms
[107.718s][info][gc,phases   ] GC(206) Pause Relocate Start 0.010ms
[107.741s][info][gc,phases   ] GC(206) Concurrent Relocate 22.860ms
[107.741s][info][gc,load     ] GC(206) Load: 0.00/0.00/0.00
[107.741s][info][gc,mmu      ] GC(206) MMU: 2ms/96.8%, 5ms/98.7%, 10ms/99.3%, 20ms/99.6%, 50ms/99.8%, 100ms/99.9%
[107.741s][info][gc,marking  ] GC(206) Mark: 8 stripe(s), 2 proactive flush(es), 1 terminate flush(es), 0 completion(s), 0 continuation(s) 
[107.741s][info][gc,marking  ] GC(206) Mark Stack Usage: 32M
[107.741s][info][gc,nmethod  ] GC(206) NMethods: 6301 registered, 67 unregistered
[107.741s][info][gc,metaspace] GC(206) Metaspace: 65M used, 66M committed, 1088M reserved
[107.741s][info][gc,ref      ] GC(206) Soft: 3300 encountered, 0 discovered, 0 enqueued
[107.741s][info][gc,ref      ] GC(206) Weak: 6437 encountered, 2660 discovered, 0 enqueued
[107.742s][info][gc,ref      ] GC(206) Final: 84 encountered, 1 discovered, 0 enqueued
[107.742s][info][gc,ref      ] GC(206) Phantom: 616 encountered, 350 discovered, 0 enqueued
[107.742s][info][gc,reloc    ] GC(206) Small Pages: 385 / 770M, Empty: 0M, Relocated: 34M, In-Place: 0
[107.742s][info][gc,reloc    ] GC(206) Medium Pages: 1 / 32M, Empty: 0M, Relocated: 0M, In-Place: 0
[107.742s][info][gc,reloc    ] GC(206) Large Pages: 8 / 64M, Empty: 0M, Relocated: 0M, In-Place: 0
[107.742s][info][gc,reloc    ] GC(206) Forwarding Usage: 31M
[107.742s][info][gc,heap     ] GC(206) Min Capacity: 8M(0%)
[107.742s][info][gc,heap     ] GC(206) Max Capacity: 2048M(100%)
[107.742s][info][gc,heap     ] GC(206) Soft Max Capacity: 2048M(100%)
[107.742s][info][gc,heap     ] GC(206)                Mark Start          Mark End        Relocate Start      Relocate End           High               Low         
[107.742s][info][gc,heap     ] GC(206)  Capacity:     2048M (100%)       2048M (100%)       2048M (100%)       2048M (100%)       2048M (100%)       2048M (100%)   
[107.742s][info][gc,heap     ] GC(206)      Free:     1182M (58%)         916M (45%)         916M (45%)        1290M (63%)        1290M (63%)         900M (44%)    
[107.742s][info][gc,heap     ] GC(206)      Used:      866M (42%)        1132M (55%)        1132M (55%)         758M (37%)        1148M (56%)         758M (37%)    
[107.742s][info][gc,heap     ] GC(206)      Live:         -               420M (21%)         420M (21%)         420M (21%)            -                  -          
[107.742s][info][gc,heap     ] GC(206) Allocated:         -               266M (13%)         266M (13%)         266M (13%)            -                  -          
[107.742s][info][gc,heap     ] GC(206)   Garbage:         -               445M (22%)         445M (22%)          70M (3%)             -                  -          
[107.742s][info][gc,heap     ] GC(206) Reclaimed:         -                  -                 0M (0%)          374M (18%)            -                  -          
[107.742s][info][gc          ] GC(206) Garbage Collection (Allocation Rate) 866M(42%)->758M(37%)
[107.982s][info][gc,start    ] GC(207) Garbage Collection (Allocation Rate)
[107.982s][info][gc,task     ] GC(207) Using 8 workers
[107.982s][info][gc,phases   ] GC(207) Pause Mark Start 0.012ms
[108.170s][info][gc,phases   ] GC(207) Concurrent Mark 187.028ms
[108.170s][info][gc,phases   ] GC(207) Pause Mark End 0.029ms
[108.170s][info][gc,phases   ] GC(207) Concurrent Mark Free 0.001ms
[108.172s][info][gc,phases   ] GC(207) Concurrent Process Non-Strong References 2.481ms
[108.172s][info][gc,phases   ] GC(207) Concurrent Reset Relocation Set 0.031ms
[108.203s][info][gc,phases   ] GC(207) Concurrent Select Relocation Set 30.663ms
[108.203s][info][gc,phases   ] GC(207) Pause Relocate Start 0.009ms
[108.236s][info][gc,phases   ] GC(207) Concurrent Relocate 32.395ms
[108.236s][info][gc,load     ] GC(207) Load: 0.00/0.00/0.00
[108.236s][info][gc,mmu      ] GC(207) MMU: 2ms/96.8%, 5ms/98.7%, 10ms/99.3%, 20ms/99.6%, 50ms/99.8%, 100ms/99.9%
[108.236s][info][gc,marking  ] GC(207) Mark: 8 stripe(s), 2 proactive flush(es), 1 terminate flush(es), 0 completion(s), 0 continuation(s) 
[108.236s][info][gc,marking  ] GC(207) Mark Stack Usage: 32M
[108.236s][info][gc,nmethod  ] GC(207) NMethods: 6338 registered, 68 unregistered
[108.236s][info][gc,metaspace] GC(207) Metaspace: 65M used, 66M committed, 1088M reserved
[108.236s][info][gc,ref      ] GC(207) Soft: 3300 encountered, 0 discovered, 0 enqueued
[108.236s][info][gc,ref      ] GC(207) Weak: 6437 encountered, 2863 discovered, 0 enqueued
[108.236s][info][gc,ref      ] GC(207) Final: 84 encountered, 0 discovered, 0 enqueued
[108.236s][info][gc,ref      ] GC(207) Phantom: 616 encountered, 499 discovered, 0 enqueued
[108.236s][info][gc,reloc    ] GC(207) Small Pages: 315 / 630M, Empty: 68M, Relocated: 38M, In-Place: 0
[108.236s][info][gc,reloc    ] GC(207) Medium Pages: 2 / 64M, Empty: 0M, Relocated: 18M, In-Place: 0
[108.236s][info][gc,reloc    ] GC(207) Large Pages: 8 / 64M, Empty: 24M, Relocated: 0M, In-Place: 0
[108.236s][info][gc,reloc    ] GC(207) Forwarding Usage: 35M
[108.236s][info][gc,heap     ] GC(207) Min Capacity: 8M(0%)
[108.236s][info][gc,heap     ] GC(207) Max Capacity: 2048M(100%)
[108.236s][info][gc,heap     ] GC(207) Soft Max Capacity: 2048M(100%)
[108.236s][info][gc,heap     ] GC(207)                Mark Start          Mark End        Relocate Start      Relocate End           High               Low         
[108.236s][info][gc,heap     ] GC(207)  Capacity:     2048M (100%)       2048M (100%)       2048M (100%)       2048M (100%)       2048M (100%)       2048M (100%)   
[108.236s][info][gc,heap     ] GC(207)      Free:     1290M (63%)        1232M (60%)        1310M (64%)        1590M (78%)        1590M (78%)        1230M (60%)    
[108.236s][info][gc,heap     ] GC(207)      Used:      758M (37%)         816M (40%)         738M (36%)         458M (22%)         818M (40%)         458M (22%)    
[108.236s][info][gc,heap     ] GC(207)      Live:         -               314M (15%)         314M (15%)         314M (15%)            -                  -          
[108.236s][info][gc,heap     ] GC(207) Allocated:         -                58M (3%)           72M (4%)           78M (4%)             -                  -          
[108.236s][info][gc,heap     ] GC(207)   Garbage:         -               443M (22%)         351M (17%)          65M (3%)             -                  -          
[108.236s][info][gc,heap     ] GC(207) Reclaimed:         -                  -                92M (4%)          378M (18%)            -                  -          
[108.236s][info][gc          ] GC(207) Garbage Collection (Allocation Rate) 758M(37%)->458M(22%)
[108.279s][info][gc,start    ] GC(208) Garbage Collection (Allocation Rate)
[108.279s][info][gc,task     ] GC(208) Using 8 workers
[108.279s][info][gc,phases   ] GC(208) Pause Mark Start 0.016ms
[108.458s][info][gc,phases   ] GC(208) Concurrent Mark 178.412ms
[108.458s][info][gc,phases   ] GC(208) Pause Mark End 0.024ms
[108.458s][info][gc,phases   ] GC(208) Concurrent Mark Free 0.001ms
[108.460s][info][gc,phases   ] GC(208) Concurrent Process Non-Strong References 2.309ms
[108.460s][info][gc,phases   ] GC(208) Concurrent Reset Relocation Set 0.021ms
[108.464s][info][gc,phases   ] GC(208) Concurrent Select Relocation Set 4.058ms
[108.464s][info][gc,phases   ] GC(208) Pause Relocate Start 0.010ms
[108.492s][info][gc,phases   ] GC(208) Concurrent Relocate 27.971ms
[108.493s][info][gc,load     ] GC(208) Load: 0.00/0.00/0.00
[108.493s][info][gc,mmu      ] GC(208) MMU: 2ms/96.8%, 5ms/98.7%, 10ms/99.3%, 20ms/99.6%, 50ms/99.8%, 100ms/99.9%
[108.493s][info][gc,marking  ] GC(208) Mark: 8 stripe(s), 4 proactive flush(es), 1 terminate flush(es), 0 completion(s), 0 continuation(s) 
[108.493s][info][gc,marking  ] GC(208) Mark Stack Usage: 32M
[108.493s][info][gc,nmethod  ] GC(208) NMethods: 6380 registered, 68 unregistered
[108.493s][info][gc,metaspace] GC(208) Metaspace: 65M used, 66M committed, 1088M reserved
[108.493s][info][gc,ref      ] GC(208) Soft: 3301 encountered, 0 discovered, 0 enqueued
[108.493s][info][gc,ref      ] GC(208) Weak: 6544 encountered, 1169 discovered, 0 enqueued
[108.493s][info][gc,ref      ] GC(208) Final: 84 encountered, 0 discovered, 0 enqueued
[108.493s][info][gc,ref      ] GC(208) Phantom: 616 encountered, 451 discovered, 0 enqueued
[108.493s][info][gc,reloc    ] GC(208) Small Pages: 183 / 366M, Empty: 34M, Relocated: 40M, In-Place: 0
[108.493s][info][gc,reloc    ] GC(208) Medium Pages: 2 / 64M, Empty: 32M, Relocated: 0M, In-Place: 0
[108.493s][info][gc,reloc    ] GC(208) Large Pages: 4 / 40M, Empty: 10M, Relocated: 0M, In-Place: 0
[108.493s][info][gc,reloc    ] GC(208) Forwarding Usage: 35M
[108.493s][info][gc,heap     ] GC(208) Min Capacity: 8M(0%)
[108.493s][info][gc,heap     ] GC(208) Max Capacity: 2048M(100%)
[108.493s][info][gc,heap     ] GC(208) Soft Max Capacity: 2048M(100%)
[108.493s][info][gc,heap     ] GC(208)                Mark Start          Mark End        Relocate Start      Relocate End           High               Low         
[108.493s][info][gc,heap     ] GC(208)  Capacity:     2048M (100%)       2048M (100%)       2048M (100%)       2048M (100%)       2048M (100%)       2048M (100%)   
[108.493s][info][gc,heap     ] GC(208)      Free:     1578M (77%)        1374M (67%)        1446M (71%)        1482M (72%)        1578M (77%)        1372M (67%)    
[108.493s][info][gc,heap     ] GC(208)      Used:      470M (23%)         674M (33%)         602M (29%)         566M (28%)         676M (33%)         470M (23%)    
[108.493s][info][gc,heap     ] GC(208)      Live:         -               271M (13%)         271M (13%)         271M (13%)            -                  -          
[108.493s][info][gc,heap     ] GC(208) Allocated:         -               204M (10%)         208M (10%)         221M (11%)            -                  -          
[108.493s][info][gc,heap     ] GC(208)   Garbage:         -               198M (10%)         122M (6%)           72M (4%)             -                  -          
[108.493s][info][gc,heap     ] GC(208) Reclaimed:         -                  -                76M (4%)          125M (6%)             -                  -          
[108.493s][info][gc          ] GC(208) Garbage Collection (Allocation Rate) 470M(23%)->566M(28%)
[108.879s][info][gc,start    ] GC(209) Garbage Collection (Allocation Rate)
[108.879s][info][gc,task     ] GC(209) Using 8 workers
[108.880s][info][gc,phases   ] GC(209) Pause Mark Start 0.017ms
[109.026s][info][gc,phases   ] GC(209) Concurrent Mark 146.739ms
[109.027s][info][gc,phases   ] GC(209) Pause Mark End 0.026ms
[109.027s][info][gc,phases   ] GC(209) Concurrent Mark Free 0.001ms
[109.029s][info][gc,phases   ] GC(209) Concurrent Process Non-Strong References 2.364ms
[109.029s][info][gc,phases   ] GC(209) Concurrent Reset Relocation Set 0.011ms
[109.075s][info][gc,phases   ] GC(209) Concurrent Select Relocation Set 46.322ms
[109.076s][info][gc,phases   ] GC(209) Pause Relocate Start 0.009ms
[109.124s][info][gc,phases   ] GC(209) Concurrent Relocate 48.616ms
[109.124s][info][gc,load     ] GC(209) Load: 0.00/0.00/0.00
[109.125s][info][gc,mmu      ] GC(209) MMU: 2ms/96.8%, 5ms/98.7%, 10ms/99.3%, 20ms/99.6%, 50ms/99.8%, 100ms/99.9%
[109.125s][info][gc,marking  ] GC(209) Mark: 8 stripe(s), 2 proactive flush(es), 1 terminate flush(es), 0 completion(s), 0 continuation(s) 
[109.125s][info][gc,marking  ] GC(209) Mark Stack Usage: 32M
[109.125s][info][gc,nmethod  ] GC(209) NMethods: 6378 registered, 71 unregistered
[109.125s][info][gc,metaspace] GC(209) Metaspace: 65M used, 66M committed, 1088M reserved
[109.125s][info][gc,ref      ] GC(209) Soft: 3304 encountered, 0 discovered, 0 enqueued
[109.125s][info][gc,ref      ] GC(209) Weak: 6645 encountered, 1816 discovered, 84 enqueued
[109.125s][info][gc,ref      ] GC(209) Final: 84 encountered, 3 discovered, 0 enqueued
[109.125s][info][gc,ref      ] GC(209) Phantom: 616 encountered, 496 discovered, 0 enqueued
[109.125s][info][gc,reloc    ] GC(209) Small Pages: 573 / 1146M, Empty: 92M, Relocated: 124M, In-Place: 0
[109.125s][info][gc,reloc    ] GC(209) Medium Pages: 3 / 96M, Empty: 32M, Relocated: 18M, In-Place: 0
[109.125s][info][gc,reloc    ] GC(209) Large Pages: 13 / 90M, Empty: 60M, Relocated: 0M, In-Place: 0
[109.125s][info][gc,reloc    ] GC(209) Forwarding Usage: 83M
[109.125s][info][gc,heap     ] GC(209) Min Capacity: 8M(0%)
[109.125s][info][gc,heap     ] GC(209) Max Capacity: 2048M(100%)
[109.125s][info][gc,heap     ] GC(209) Soft Max Capacity: 2048M(100%)
[109.125s][info][gc,heap     ] GC(209)                Mark Start          Mark End        Relocate Start      Relocate End           High               Low         
[109.125s][info][gc,heap     ] GC(209)  Capacity:     2048M (100%)       2048M (100%)       2048M (100%)       2048M (100%)       2048M (100%)       2048M (100%)   
[109.125s][info][gc,heap     ] GC(209)      Free:      716M (35%)         448M (22%)         524M (26%)        1254M (61%)        1254M (61%)         436M (21%)    
[109.125s][info][gc,heap     ] GC(209)      Used:     1332M (65%)        1600M (78%)        1524M (74%)         794M (39%)        1612M (79%)         794M (39%)    
[109.125s][info][gc,heap     ] GC(209)      Live:         -               326M (16%)         326M (16%)         326M (16%)            -                  -          
[109.125s][info][gc,heap     ] GC(209) Allocated:         -               268M (13%)         376M (18%)         413M (20%)            -                  -          
[109.125s][info][gc,heap     ] GC(209)   Garbage:         -              1005M (49%)         821M (40%)          53M (3%)             -                  -          
[109.125s][info][gc,heap     ] GC(209) Reclaimed:         -                  -               184M (9%)          951M (46%)            -                  -          
[109.125s][info][gc          ] GC(209) Garbage Collection (Allocation Rate) 1332M(65%)->794M(39%)
[109.183s][info][gc,start    ] GC(210) Garbage Collection (Allocation Rate)
[109.183s][info][gc,task     ] GC(210) Using 9 workers
[109.183s][info][gc,phases   ] GC(210) Pause Mark Start 0.015ms
[109.386s][info][gc,phases   ] GC(210) Concurrent Mark 202.637ms
[109.386s][info][gc,phases   ] GC(210) Pause Mark End 0.023ms
[109.386s][info][gc,phases   ] GC(210) Concurrent Mark Free 0.001ms
[109.388s][info][gc,phases   ] GC(210) Concurrent Process Non-Strong References 2.428ms
[109.389s][info][gc,phases   ] GC(210) Concurrent Reset Relocation Set 0.075ms
[109.398s][info][gc,phases   ] GC(210) Concurrent Select Relocation Set 9.517ms
[109.398s][info][gc,phases   ] GC(210) Pause Relocate Start 0.010ms
[109.420s][info][gc,phases   ] GC(210) Concurrent Relocate 21.423ms
[109.420s][info][gc,load     ] GC(210) Load: 0.00/0.00/0.00
[109.420s][info][gc,mmu      ] GC(210) MMU: 2ms/96.8%, 5ms/98.7%, 10ms/99.3%, 20ms/99.6%, 50ms/99.8%, 100ms/99.9%
[109.420s][info][gc,marking  ] GC(210) Mark: 8 stripe(s), 3 proactive flush(es), 1 terminate flush(es), 0 completion(s), 0 continuation(s) 
[109.420s][info][gc,marking  ] GC(210) Mark Stack Usage: 32M
[109.420s][info][gc,nmethod  ] GC(210) NMethods: 6378 registered, 71 unregistered
[109.420s][info][gc,metaspace] GC(210) Metaspace: 65M used, 66M committed, 1088M reserved
[109.420s][info][gc,ref      ] GC(210) Soft: 3304 encountered, 0 discovered, 0 enqueued
[109.420s][info][gc,ref      ] GC(210) Weak: 6562 encountered, 2868 discovered, 79 enqueued
[109.420s][info][gc,ref      ] GC(210) Final: 84 encountered, 0 discovered, 0 enqueued
[109.420s][info][gc,ref      ] GC(210) Phantom: 616 encountered, 437 discovered, 0 enqueued
[109.420s][info][gc,reloc    ] GC(210) Small Pages: 371 / 742M, Empty: 0M, Relocated: 40M, In-Place: 0
[109.420s][info][gc,reloc    ] GC(210) Medium Pages: 1 / 32M, Empty: 0M, Relocated: 0M, In-Place: 0
[109.420s][info][gc,reloc    ] GC(210) Large Pages: 12 / 88M, Empty: 24M, Relocated: 0M, In-Place: 0
[109.420s][info][gc,reloc    ] GC(210) Forwarding Usage: 31M
[109.420s][info][gc,heap     ] GC(210) Min Capacity: 8M(0%)
[109.420s][info][gc,heap     ] GC(210) Max Capacity: 2048M(100%)
[109.420s][info][gc,heap     ] GC(210) Soft Max Capacity: 2048M(100%)
[109.420s][info][gc,heap     ] GC(210)                Mark Start          Mark End        Relocate Start      Relocate End           High               Low         
[109.420s][info][gc,heap     ] GC(210)  Capacity:     2048M (100%)       2048M (100%)       2048M (100%)       2048M (100%)       2048M (100%)       2048M (100%)   
[109.420s][info][gc,heap     ] GC(210)      Free:     1186M (58%)         814M (40%)         814M (40%)        1174M (57%)        1186M (58%)         796M (39%)    
[109.420s][info][gc,heap     ] GC(210)      Used:      862M (42%)        1234M (60%)        1234M (60%)         874M (43%)        1252M (61%)         862M (42%)    
[109.420s][info][gc,heap     ] GC(210)      Live:         -               383M (19%)         383M (19%)         383M (19%)            -                  -          
[109.420s][info][gc,heap     ] GC(210) Allocated:         -               372M (18%)         396M (19%)         424M (21%)            -                  -          
[109.420s][info][gc,heap     ] GC(210)   Garbage:         -               478M (23%)         454M (22%)          66M (3%)             -                  -          
[109.421s][info][gc,heap     ] GC(210) Reclaimed:         -                  -                24M (1%)          412M (20%)            -                  -          
[109.421s][info][gc          ] GC(210) Garbage Collection (Allocation Rate) 862M(42%)->874M(43%)
[109.480s][info][gc,start    ] GC(211) Garbage Collection (Allocation Rate)
[109.480s][info][gc,task     ] GC(211) Using 12 workers
[109.480s][info][gc,phases   ] GC(211) Pause Mark Start 0.017ms
[109.667s][info][gc,phases   ] GC(211) Concurrent Mark 187.041ms
[109.667s][info][gc,phases   ] GC(211) Pause Mark End 0.021ms
[109.667s][info][gc,phases   ] GC(211) Concurrent Mark Free 0.001ms
[109.669s][info][gc,phases   ] GC(211) Concurrent Process Non-Strong References 2.068ms
[109.669s][info][gc,phases   ] GC(211) Concurrent Reset Relocation Set 0.057ms
[109.704s][info][gc,phases   ] GC(211) Concurrent Select Relocation Set 34.804ms
[109.704s][info][gc,phases   ] GC(211) Pause Relocate Start 0.012ms
[109.727s][info][gc,phases   ] GC(211) Concurrent Relocate 22.304ms
[109.727s][info][gc,load     ] GC(211) Load: 0.00/0.00/0.00
[109.727s][info][gc,mmu      ] GC(211) MMU: 2ms/96.8%, 5ms/98.7%, 10ms/99.3%, 20ms/99.6%, 50ms/99.8%, 100ms/99.9%
[109.727s][info][gc,marking  ] GC(211) Mark: 8 stripe(s), 2 proactive flush(es), 1 terminate flush(es), 0 completion(s), 0 continuation(s) 
[109.727s][info][gc,marking  ] GC(211) Mark Stack Usage: 32M
[109.727s][info][gc,nmethod  ] GC(211) NMethods: 6378 registered, 71 unregistered
[109.727s][info][gc,metaspace] GC(211) Metaspace: 65M used, 66M committed, 1088M reserved
[109.727s][info][gc,ref      ] GC(211) Soft: 3304 encountered, 0 discovered, 0 enqueued
[109.727s][info][gc,ref      ] GC(211) Weak: 6482 encountered, 3020 discovered, 0 enqueued
[109.727s][info][gc,ref      ] GC(211) Final: 84 encountered, 9 discovered, 0 enqueued
[109.727s][info][gc,ref      ] GC(211) Phantom: 616 encountered, 447 discovered, 0 enqueued
[109.727s][info][gc,reloc    ] GC(211) Small Pages: 446 / 892M, Empty: 0M, Relocated: 38M, In-Place: 0
[109.727s][info][gc,reloc    ] GC(211) Medium Pages: 1 / 32M, Empty: 0M, Relocated: 0M, In-Place: 0
[109.727s][info][gc,reloc    ] GC(211) Large Pages: 8 / 64M, Empty: 0M, Relocated: 0M, In-Place: 0
[109.727s][info][gc,reloc    ] GC(211) Forwarding Usage: 36M
[109.727s][info][gc,heap     ] GC(211) Min Capacity: 8M(0%)
[109.727s][info][gc,heap     ] GC(211) Max Capacity: 2048M(100%)
[109.727s][info][gc,heap     ] GC(211) Soft Max Capacity: 2048M(100%)
[109.727s][info][gc,heap     ] GC(211)                Mark Start          Mark End        Relocate Start      Relocate End           High               Low         
[109.727s][info][gc,heap     ] GC(211)  Capacity:     2048M (100%)       2048M (100%)       2048M (100%)       2048M (100%)       2048M (100%)       2048M (100%)   
[109.727s][info][gc,heap     ] GC(211)      Free:     1060M (52%)         744M (36%)         684M (33%)        1184M (58%)        1184M (58%)         660M (32%)    
[109.727s][info][gc,heap     ] GC(211)      Used:      988M (48%)        1304M (64%)        1364M (67%)         864M (42%)        1388M (68%)         864M (42%)    
[109.727s][info][gc,heap     ] GC(211)      Live:         -               410M (20%)         410M (20%)         410M (20%)            -                  -          
[109.727s][info][gc,heap     ] GC(211) Allocated:         -               316M (15%)         376M (18%)         376M (18%)            -                  -          
[109.727s][info][gc,heap     ] GC(211)   Garbage:         -               577M (28%)         577M (28%)          76M (4%)             -                  -          
[109.727s][info][gc,heap     ] GC(211) Reclaimed:         -                  -                 0M (0%)          500M (24%)            -                  -          
[109.727s][info][gc          ] GC(211) Garbage Collection (Allocation Rate) 988M(48%)->864M(42%)
[109.776s][info][gc,start    ] GC(212) Garbage Collection (Allocation Rate)
[109.776s][info][gc,task     ] GC(212) Using 12 workers
[109.777s][info][gc,phases   ] GC(212) Pause Mark Start 0.015ms
[109.933s][info][gc,phases   ] GC(212) Concurrent Mark 155.778ms
[109.933s][info][gc,phases   ] GC(212) Pause Mark End 0.022ms
[109.933s][info][gc,phases   ] GC(212) Concurrent Mark Free 0.001ms
[109.934s][info][gc,phases   ] GC(212) Concurrent Process Non-Strong References 1.731ms
[109.935s][info][gc,phases   ] GC(212) Concurrent Reset Relocation Set 0.044ms
[109.972s][info][gc,phases   ] GC(212) Concurrent Select Relocation Set 37.677ms
[109.972s][info][gc,phases   ] GC(212) Pause Relocate Start 0.015ms
[110.004s][info][gc,phases   ] GC(212) Concurrent Relocate 31.177ms
[110.004s][info][gc,load     ] GC(212) Load: 0.00/0.00/0.00
[110.004s][info][gc,mmu      ] GC(212) MMU: 2ms/96.8%, 5ms/98.7%, 10ms/99.3%, 20ms/99.6%, 50ms/99.8%, 100ms/99.9%
[110.004s][info][gc,marking  ] GC(212) Mark: 8 stripe(s), 2 proactive flush(es), 1 terminate flush(es), 0 completion(s), 0 continuation(s) 
[110.004s][info][gc,marking  ] GC(212) Mark Stack Usage: 32M
[110.004s][info][gc,nmethod  ] GC(212) NMethods: 6378 registered, 71 unregistered
[110.004s][info][gc,metaspace] GC(212) Metaspace: 65M used, 66M committed, 1088M reserved
[110.004s][info][gc,ref      ] GC(212) Soft: 3304 encountered, 0 discovered, 0 enqueued
[110.004s][info][gc,ref      ] GC(212) Weak: 6479 encountered, 623 discovered, 0 enqueued
[110.004s][info][gc,ref      ] GC(212) Final: 84 encountered, 59 discovered, 0 enqueued
[110.004s][info][gc,ref      ] GC(212) Phantom: 616 encountered, 299 discovered, 0 enqueued
[110.004s][info][gc,reloc    ] GC(212) Small Pages: 368 / 736M, Empty: 62M, Relocated: 52M, In-Place: 0
[110.004s][info][gc,reloc    ] GC(212) Medium Pages: 2 / 64M, Empty: 0M, Relocated: 13M, In-Place: 0
[110.004s][info][gc,reloc    ] GC(212) Large Pages: 8 / 64M, Empty: 24M, Relocated: 0M, In-Place: 0
[110.004s][info][gc,reloc    ] GC(212) Forwarding Usage: 48M
[110.004s][info][gc,heap     ] GC(212) Min Capacity: 8M(0%)
[110.004s][info][gc,heap     ] GC(212) Max Capacity: 2048M(100%)
[110.004s][info][gc,heap     ] GC(212) Soft Max Capacity: 2048M(100%)
[110.004s][info][gc,heap     ] GC(212)                Mark Start          Mark End        Relocate Start      Relocate End           High               Low         
[110.004s][info][gc,heap     ] GC(212)  Capacity:     2048M (100%)       2048M (100%)       2048M (100%)       2048M (100%)       2048M (100%)       2048M (100%)   
[110.004s][info][gc,heap     ] GC(212)      Free:     1184M (58%)        1150M (56%)        1236M (60%)        1640M (80%)        1640M (80%)        1150M (56%)    
[110.004s][info][gc,heap     ] GC(212)      Used:      864M (42%)         898M (44%)         812M (40%)         408M (20%)         898M (44%)         408M (20%)    
[110.004s][info][gc,heap     ] GC(212)      Live:         -               305M (15%)         305M (15%)         305M (15%)            -                  -          
[110.004s][info][gc,heap     ] GC(212) Allocated:         -                34M (2%)           34M (2%)           33M (2%)             -                  -          
[110.004s][info][gc,heap     ] GC(212)   Garbage:         -               558M (27%)         472M (23%)          69M (3%)             -                  -          
[110.004s][info][gc,heap     ] GC(212) Reclaimed:         -                  -                86M (4%)          489M (24%)            -                  -          
[110.004s][info][gc          ] GC(212) Garbage Collection (Allocation Rate) 864M(42%)->408M(20%)
[110.183s][info][gc,stats    ] === Garbage Collection Statistics =======================================================================================================================
[110.183s][info][gc,stats    ]                                                              Last 10s              Last 10m              Last 10h                Total
[110.183s][info][gc,stats    ]                                                              Avg / Max             Avg / Max             Avg / Max             Avg / Max
[110.183s][info][gc,stats    ]   Collector: Garbage Collection Cycle                    208.455 / 319.149     204.624 / 1113.016    204.624 / 1113.016    204.624 / 1113.016    ms
[110.183s][info][gc,stats    ]  Contention: Mark Segment Reset Contention                    21 / 35               18 / 154              18 / 154              18 / 154         ops/s
[110.183s][info][gc,stats    ]  Contention: Mark SeqNum Reset Contention                      2 / 5                 1 / 6                 1 / 6                 1 / 6           ops/s
[110.183s][info][gc,stats    ]    Critical: Allocation Stall                                  0 / 0                 0 / 5                 0 / 5                 0 / 5           ops/s
[110.183s][info][gc,stats    ]    Critical: Allocation Stall                              0.000 / 0.000        46.147 / 67.576       46.147 / 67.576       46.147 / 67.576      ms
[110.183s][info][gc,stats    ]    Critical: GC Locker Stall                                   0 / 0                 0 / 1                 0 / 1                 0 / 1           ops/s
[110.183s][info][gc,stats    ]    Critical: GC Locker Stall                               0.000 / 0.000         0.001 / 0.001         0.001 / 0.001         0.001 / 0.001       ms
[110.183s][info][gc,stats    ]    Critical: Relocation Stall                                  0 / 0                 0 / 3                 0 / 3                 0 / 3           ops/s
[110.183s][info][gc,stats    ]    Critical: Relocation Stall                              0.000 / 0.000         6.236 / 10.360        6.236 / 10.360        6.236 / 10.360      ms
[110.183s][info][gc,stats    ]      Memory: Allocation Rate                                1176 / 1740           1076 / 2860           1076 / 2860           1076 / 2860        MB/s
[110.183s][info][gc,stats    ]      Memory: Defragment                                        0 / 2                 2 / 131               2 / 131               2 / 131         ops/s
[110.183s][info][gc,stats    ]      Memory: Out Of Memory                                     0 / 0                 0 / 0                 0 / 0                 0 / 0           ops/s
[110.183s][info][gc,stats    ]      Memory: Page Cache Flush                                 12 / 126              18 / 356              18 / 356              18 / 356         MB/s
[110.183s][info][gc,stats    ]      Memory: Page Cache Hit L1                               600 / 904             526 / 1290            526 / 1290            526 / 1290        ops/s
[110.183s][info][gc,stats    ]      Memory: Page Cache Hit L2                                 0 / 0                 0 / 0                 0 / 0                 0 / 0           ops/s
[110.183s][info][gc,stats    ]      Memory: Page Cache Hit L3                                 0 / 4                11 / 362              11 / 362              11 / 362         ops/s
[110.183s][info][gc,stats    ]      Memory: Page Cache Miss                                   1 / 14                1 / 32                1 / 32                1 / 32          ops/s
[110.183s][info][gc,stats    ]      Memory: Uncommit                                          0 / 0                 0 / 0                 0 / 0                 0 / 0           MB/s
[110.183s][info][gc,stats    ]      Memory: Undo Object Allocation Failed                     1 / 4                 1 / 38                1 / 38                1 / 38          ops/s
[110.183s][info][gc,stats    ]      Memory: Undo Object Allocation Succeeded                  2 / 6                26 / 1098             26 / 1098             26 / 1098        ops/s
[110.183s][info][gc,stats    ]      Memory: Undo Page Allocation                             24 / 53               24 / 127              24 / 127              24 / 127         ops/s
[110.183s][info][gc,stats    ]       Phase: Concurrent Mark                             159.795 / 248.760     156.609 / 1077.882    156.609 / 1077.882    156.609 / 1077.882    ms
[110.183s][info][gc,stats    ]       Phase: Concurrent Mark Continue                      0.000 / 0.000         0.000 / 0.000         0.000 / 0.000         0.000 / 0.000       ms
[110.183s][info][gc,stats    ]       Phase: Concurrent Mark Free                          0.001 / 0.001         0.001 / 0.002         0.001 / 0.002         0.001 / 0.002       ms
[110.184s][info][gc,stats    ]       Phase: Concurrent Process Non-Strong References      2.289 / 4.675         2.978 / 16.614        2.978 / 16.614        2.978 / 16.614      ms
[110.184s][info][gc,stats    ]       Phase: Concurrent Relocate                          26.660 / 64.178       24.913 / 107.720      24.913 / 107.720      24.913 / 107.720     ms
[110.184s][info][gc,stats    ]       Phase: Concurrent Reset Relocation Set               0.046 / 0.113         0.038 / 0.157         0.038 / 0.157         0.038 / 0.157       ms
[110.184s][info][gc,stats    ]       Phase: Concurrent Select Relocation Set             18.595 / 46.322       17.693 / 58.871       17.693 / 58.871       17.693 / 58.871      ms
[110.184s][info][gc,stats    ]       Phase: Pause Mark End                                0.026 / 0.038         0.026 / 0.063         0.026 / 0.063         0.026 / 0.063       ms
[110.184s][info][gc,stats    ]       Phase: Pause Mark Start                              0.015 / 0.021         0.014 / 0.059         0.014 / 0.059         0.014 / 0.059       ms
[110.184s][info][gc,stats    ]       Phase: Pause Relocate Start                          0.010 / 0.015         0.010 / 0.015         0.010 / 0.015         0.010 / 0.015       ms
[110.184s][info][gc,stats    ]    Subphase: Concurrent Classes Purge                      0.025 / 0.105         0.145 / 6.469         0.145 / 6.469         0.145 / 6.469       ms
[110.184s][info][gc,stats    ]    Subphase: Concurrent Classes Unlink                     1.648 / 3.523         2.135 / 13.817        2.135 / 13.817        2.135 / 13.817      ms
[110.184s][info][gc,stats    ]    Subphase: Concurrent Mark                             149.492 / 244.299     143.918 / 1074.330    143.918 / 1074.330    143.918 / 1074.330    ms
[110.184s][info][gc,stats    ]    Subphase: Concurrent Mark Try Flush                     0.132 / 0.347         0.128 / 0.573         0.128 / 0.573         0.128 / 0.573       ms
[110.184s][info][gc,stats    ]    Subphase: Concurrent Mark Try Terminate                 7.890 / 16.351       10.228 / 16.666       10.228 / 16.666       10.228 / 16.666      ms
[110.184s][info][gc,stats    ]    Subphase: Concurrent References Enqueue                 0.002 / 0.004         0.002 / 0.005         0.002 / 0.005         0.002 / 0.005       ms
[110.184s][info][gc,stats    ]    Subphase: Concurrent References Process                 0.130 / 0.310         0.128 / 0.333         0.128 / 0.333         0.128 / 0.333       ms
[110.184s][info][gc,stats    ]    Subphase: Concurrent Roots ClassLoaderDataGraph         0.098 / 0.608         0.096 / 0.915         0.096 / 0.915         0.096 / 0.915       ms
[110.184s][info][gc,stats    ]    Subphase: Concurrent Roots CodeCache                    0.000 / 0.000         0.000 / 0.000         0.000 / 0.000         0.000 / 0.000       ms
[110.184s][info][gc,stats    ]    Subphase: Concurrent Roots JavaThreads                  4.519 / 5.631         6.398 / 13.140        6.398 / 13.140        6.398 / 13.140      ms
[110.184s][info][gc,stats    ]    Subphase: Concurrent Roots OopStorageSet                0.034 / 0.064         0.030 / 0.277         0.030 / 0.277         0.030 / 0.277       ms
[110.184s][info][gc,stats    ]    Subphase: Concurrent Weak Roots OopStorageSet           0.215 / 0.451         0.232 / 1.572         0.232 / 1.572         0.232 / 1.572       ms
[110.184s][info][gc,stats    ]    Subphase: Pause Mark Try Complete                       0.000 / 0.000         0.001 / 0.006         0.001 / 0.006         0.001 / 0.006       ms
[110.184s][info][gc,stats    ]      System: Java Threads                                    274 / 280             228 / 280             228 / 280             228 / 280         threads
[110.184s][info][gc,stats    ] =========================================================================================================================================================
[110.480s][info][gc,start    ] GC(213) Garbage Collection (Allocation Rate)
[110.481s][info][gc,task     ] GC(213) Using 12 workers
[110.481s][info][gc,phases   ] GC(213) Pause Mark Start 0.012ms
[110.558s][info][gc,phases   ] GC(213) Concurrent Mark 77.735ms
[110.559s][info][gc,phases   ] GC(213) Pause Mark End 0.018ms
[110.559s][info][gc,phases   ] GC(213) Concurrent Mark Free 0.001ms
[110.560s][info][gc,phases   ] GC(213) Concurrent Process Non-Strong References 1.834ms
[110.561s][info][gc,phases   ] GC(213) Concurrent Reset Relocation Set 0.042ms
[110.568s][info][gc,phases   ] GC(213) Concurrent Select Relocation Set 7.561ms
[110.568s][info][gc,phases   ] GC(213) Pause Relocate Start 0.009ms
[110.581s][info][gc,phases   ] GC(213) Concurrent Relocate 12.502ms
[110.581s][info][gc,load     ] GC(213) Load: 0.00/0.00/0.00
[110.581s][info][gc,mmu      ] GC(213) MMU: 2ms/96.8%, 5ms/98.7%, 10ms/99.3%, 20ms/99.6%, 50ms/99.8%, 100ms/99.9%
[110.581s][info][gc,marking  ] GC(213) Mark: 8 stripe(s), 2 proactive flush(es), 1 terminate flush(es), 0 completion(s), 0 continuation(s) 
[110.581s][info][gc,marking  ] GC(213) Mark Stack Usage: 32M
[110.581s][info][gc,nmethod  ] GC(213) NMethods: 6416 registered, 72 unregistered
[110.581s][info][gc,metaspace] GC(213) Metaspace: 66M used, 66M committed, 1088M reserved
[110.581s][info][gc,ref      ] GC(213) Soft: 3301 encountered, 0 discovered, 0 enqueued
[110.581s][info][gc,ref      ] GC(213) Weak: 6684 encountered, 1724 discovered, 155 enqueued
[110.581s][info][gc,ref      ] GC(213) Final: 84 encountered, 4 discovered, 0 enqueued
[110.581s][info][gc,ref      ] GC(213) Phantom: 618 encountered, 431 discovered, 0 enqueued
[110.581s][info][gc,reloc    ] GC(213) Small Pages: 230 / 460M, Empty: 104M, Relocated: 15M, In-Place: 0
[110.581s][info][gc,reloc    ] GC(213) Medium Pages: 3 / 96M, Empty: 0M, Relocated: 18M, In-Place: 0
[110.581s][info][gc,reloc    ] GC(213) Large Pages: 5 / 46M, Empty: 46M, Relocated: 0M, In-Place: 0
[110.581s][info][gc,reloc    ] GC(213) Forwarding Usage: 15M
[110.581s][info][gc,heap     ] GC(213) Min Capacity: 8M(0%)
[110.581s][info][gc,heap     ] GC(213) Max Capacity: 2048M(100%)
[110.581s][info][gc,heap     ] GC(213) Soft Max Capacity: 2048M(100%)
[110.581s][info][gc,heap     ] GC(213)                Mark Start          Mark End        Relocate Start      Relocate End           High               Low         
[110.581s][info][gc,heap     ] GC(213)  Capacity:     2048M (100%)       2048M (100%)       2048M (100%)       2048M (100%)       2048M (100%)       2048M (100%)   
[110.581s][info][gc,heap     ] GC(213)      Free:     1446M (71%)        1378M (67%)        1522M (74%)        1730M (84%)        1730M (84%)        1372M (67%)    
[110.581s][info][gc,heap     ] GC(213)      Used:      602M (29%)         670M (33%)         526M (26%)         318M (16%)         676M (33%)         318M (16%)    
[110.581s][info][gc,heap     ] GC(213)      Live:         -               188M (9%)          188M (9%)          188M (9%)             -                  -          
[110.581s][info][gc,heap     ] GC(213) Allocated:         -                68M (3%)           74M (4%)           77M (4%)             -                  -          
[110.581s][info][gc,heap     ] GC(213)   Garbage:         -               413M (20%)         263M (13%)          52M (3%)             -                  -          
[110.581s][info][gc,heap     ] GC(213) Reclaimed:         -                  -               150M (7%)          361M (18%)            -                  -          
[110.581s][info][gc          ] GC(213) Garbage Collection (Allocation Rate) 602M(29%)->318M(16%)
[111.380s][info][gc,start    ] GC(214) Garbage Collection (Allocation Rate)
[111.380s][info][gc,task     ] GC(214) Using 12 workers
[111.380s][info][gc,phases   ] GC(214) Pause Mark Start 0.011ms
[111.469s][info][gc,phases   ] GC(214) Concurrent Mark 89.287ms
[111.469s][info][gc,phases   ] GC(214) Pause Mark End 0.026ms
[111.470s][info][gc,phases   ] GC(214) Concurrent Mark Free 0.001ms
[111.472s][info][gc,phases   ] GC(214) Concurrent Process Non-Strong References 2.556ms
[111.472s][info][gc,phases   ] GC(214) Concurrent Reset Relocation Set 0.012ms
[111.493s][info][gc,phases   ] GC(214) Concurrent Select Relocation Set 21.128ms
[111.493s][info][gc,phases   ] GC(214) Pause Relocate Start 0.011ms
[111.511s][info][gc,phases   ] GC(214) Concurrent Relocate 17.099ms
[111.511s][info][gc,load     ] GC(214) Load: 0.00/0.00/0.00
[111.511s][info][gc,mmu      ] GC(214) MMU: 2ms/96.8%, 5ms/98.7%, 10ms/99.3%, 20ms/99.6%, 50ms/99.8%, 100ms/99.9%
[111.511s][info][gc,marking  ] GC(214) Mark: 8 stripe(s), 2 proactive flush(es), 1 terminate flush(es), 0 completion(s), 0 continuation(s) 
[111.511s][info][gc,marking  ] GC(214) Mark Stack Usage: 32M
[111.511s][info][gc,nmethod  ] GC(214) NMethods: 6423 registered, 204 unregistered
[111.511s][info][gc,metaspace] GC(214) Metaspace: 66M used, 67M committed, 1088M reserved
[111.511s][info][gc,ref      ] GC(214) Soft: 3304 encountered, 0 discovered, 0 enqueued
[111.511s][info][gc,ref      ] GC(214) Weak: 6809 encountered, 3510 discovered, 286 enqueued
[111.511s][info][gc,ref      ] GC(214) Final: 84 encountered, 5 discovered, 0 enqueued
[111.511s][info][gc,ref      ] GC(214) Phantom: 632 encountered, 572 discovered, 0 enqueued
[111.511s][info][gc,reloc    ] GC(214) Small Pages: 492 / 984M, Empty: 514M, Relocated: 29M, In-Place: 0
[111.511s][info][gc,reloc    ] GC(214) Medium Pages: 3 / 96M, Empty: 64M, Relocated: 0M, In-Place: 0
[111.511s][info][gc,reloc    ] GC(214) Large Pages: 14 / 84M, Empty: 60M, Relocated: 0M, In-Place: 0
[111.511s][info][gc,reloc    ] GC(214) Forwarding Usage: 28M
[111.511s][info][gc,heap     ] GC(214) Min Capacity: 8M(0%)
[111.511s][info][gc,heap     ] GC(214) Max Capacity: 2048M(100%)
[111.511s][info][gc,heap     ] GC(214) Soft Max Capacity: 2048M(100%)
[111.511s][info][gc,heap     ] GC(214)                Mark Start          Mark End        Relocate Start      Relocate End           High               Low         
[111.511s][info][gc,heap     ] GC(214)  Capacity:     2048M (100%)       2048M (100%)       2048M (100%)       2048M (100%)       2048M (100%)       2048M (100%)   
[111.511s][info][gc,heap     ] GC(214)      Free:      884M (43%)         828M (40%)        1444M (71%)        1684M (82%)        1684M (82%)         826M (40%)    
[111.511s][info][gc,heap     ] GC(214)      Used:     1164M (57%)        1220M (60%)         604M (29%)         364M (18%)        1222M (60%)         364M (18%)    
[111.511s][info][gc,heap     ] GC(214)      Live:         -               216M (11%)         216M (11%)         216M (11%)            -                  -          
[111.511s][info][gc,heap     ] GC(214) Allocated:         -                56M (3%)           78M (4%)           85M (4%)             -                  -          
[111.511s][info][gc,heap     ] GC(214)   Garbage:         -               947M (46%)         309M (15%)          61M (3%)             -                  -          
[111.511s][info][gc,heap     ] GC(214) Reclaimed:         -                  -               638M (31%)         885M (43%)            -                  -          
[111.511s][info][gc          ] GC(214) Garbage Collection (Allocation Rate) 1164M(57%)->364M(18%)
[111.877s][info][gc,start    ] GC(215) Garbage Collection (Allocation Rate)
[111.877s][info][gc,task     ] GC(215) Using 12 workers
[111.877s][info][gc,phases   ] GC(215) Pause Mark Start 0.013ms
[111.986s][info][gc,phases   ] GC(215) Concurrent Mark 108.946ms
[111.987s][info][gc,phases   ] GC(215) Pause Mark End 0.028ms
[111.987s][info][gc,phases   ] GC(215) Concurrent Mark Free 0.001ms
[111.989s][info][gc,phases   ] GC(215) Concurrent Process Non-Strong References 2.098ms
[111.989s][info][gc,phases   ] GC(215) Concurrent Reset Relocation Set 0.025ms
[112.032s][info][gc,phases   ] GC(215) Concurrent Select Relocation Set 42.811ms
[112.032s][info][gc,phases   ] GC(215) Pause Relocate Start 0.011ms
[112.069s][info][gc,phases   ] GC(215) Concurrent Relocate 36.742ms
[112.069s][info][gc,load     ] GC(215) Load: 0.00/0.00/0.00
[112.069s][info][gc,mmu      ] GC(215) MMU: 2ms/96.8%, 5ms/98.7%, 10ms/99.3%, 20ms/99.6%, 50ms/99.8%, 100ms/99.9%
[112.069s][info][gc,marking  ] GC(215) Mark: 8 stripe(s), 2 proactive flush(es), 1 terminate flush(es), 0 completion(s), 0 continuation(s) 
[112.069s][info][gc,marking  ] GC(215) Mark Stack Usage: 32M
[112.069s][info][gc,nmethod  ] GC(215) NMethods: 6447 registered, 205 unregistered
[112.069s][info][gc,metaspace] GC(215) Metaspace: 66M used, 67M committed, 1088M reserved
[112.069s][info][gc,ref      ] GC(215) Soft: 3300 encountered, 0 discovered, 0 enqueued
[112.069s][info][gc,ref      ] GC(215) Weak: 6582 encountered, 2808 discovered, 94 enqueued
[112.069s][info][gc,ref      ] GC(215) Final: 84 encountered, 12 discovered, 0 enqueued
[112.069s][info][gc,ref      ] GC(215) Phantom: 617 encountered, 467 discovered, 0 enqueued
[112.069s][info][gc,reloc    ] GC(215) Small Pages: 515 / 1030M, Empty: 94M, Relocated: 75M, In-Place: 0
[112.069s][info][gc,reloc    ] GC(215) Medium Pages: 2 / 64M, Empty: 0M, Relocated: 12M, In-Place: 0
[112.069s][info][gc,reloc    ] GC(215) Large Pages: 8 / 48M, Empty: 30M, Relocated: 0M, In-Place: 0
[112.069s][info][gc,reloc    ] GC(215) Forwarding Usage: 71M
[112.069s][info][gc,heap     ] GC(215) Min Capacity: 8M(0%)
[112.069s][info][gc,heap     ] GC(215) Max Capacity: 2048M(100%)
[112.069s][info][gc,heap     ] GC(215) Soft Max Capacity: 2048M(100%)
[112.069s][info][gc,heap     ] GC(215)                Mark Start          Mark End        Relocate Start      Relocate End           High               Low         
[112.069s][info][gc,heap     ] GC(215)  Capacity:     2048M (100%)       2048M (100%)       2048M (100%)       2048M (100%)       2048M (100%)       2048M (100%)   
[112.069s][info][gc,heap     ] GC(215)      Free:      906M (44%)         858M (42%)         972M (47%)        1668M (81%)        1668M (81%)         854M (42%)    
[112.069s][info][gc,heap     ] GC(215)      Used:     1142M (56%)        1190M (58%)        1076M (53%)         380M (19%)        1194M (58%)         380M (19%)    
[112.069s][info][gc,heap     ] GC(215)      Live:         -               259M (13%)         259M (13%)         259M (13%)            -                  -          
[112.069s][info][gc,heap     ] GC(215) Allocated:         -                48M (2%)           58M (3%)           56M (3%)             -                  -          
[112.069s][info][gc,heap     ] GC(215)   Garbage:         -               882M (43%)         758M (37%)          63M (3%)             -                  -          
[112.069s][info][gc,heap     ] GC(215) Reclaimed:         -                  -               124M (6%)          818M (40%)            -                  -          
[112.069s][info][gc          ] GC(215) Garbage Collection (Allocation Rate) 1142M(56%)->380M(19%)
[112.475s][info][gc,start    ] GC(216) Garbage Collection (Allocation Rate)
[112.652s][info][gc,task     ] GC(216) Using 7 workers
[112.652s][info][gc,phases   ] GC(216) Pause Mark Start 0.016ms
[112.780s][info][gc,phases   ] GC(216) Concurrent Mark 127.755ms
[112.780s][info][gc,phases   ] GC(216) Pause Mark End 0.029ms
[112.780s][info][gc,phases   ] GC(216) Concurrent Mark Free 0.001ms
[112.783s][info][gc,phases   ] GC(216) Concurrent Process Non-Strong References 3.050ms
[112.784s][info][gc,phases   ] GC(216) Concurrent Reset Relocation Set 0.073ms
[112.791s][info][gc,phases   ] GC(216) Concurrent Select Relocation Set 7.273ms
[112.791s][info][gc,phases   ] GC(216) Pause Relocate Start 0.012ms
[112.825s][info][gc,phases   ] GC(216) Concurrent Relocate 33.971ms
[112.825s][info][gc,load     ] GC(216) Load: 0.00/0.00/0.00
[112.825s][info][gc,mmu      ] GC(216) MMU: 2ms/96.8%, 5ms/98.7%, 10ms/99.3%, 20ms/99.6%, 50ms/99.8%, 100ms/99.9%
[112.825s][info][gc,marking  ] GC(216) Mark: 4 stripe(s), 2 proactive flush(es), 1 terminate flush(es), 0 completion(s), 0 continuation(s) 
[112.825s][info][gc,marking  ] GC(216) Mark Stack Usage: 32M
[112.825s][info][gc,nmethod  ] GC(216) NMethods: 6468 registered, 212 unregistered
[112.825s][info][gc,metaspace] GC(216) Metaspace: 66M used, 67M committed, 1088M reserved
[112.825s][info][gc,ref      ] GC(216) Soft: 3296 encountered, 0 discovered, 0 enqueued
[112.825s][info][gc,ref      ] GC(216) Weak: 6502 encountered, 2086 discovered, 9 enqueued
[112.825s][info][gc,ref      ] GC(216) Final: 84 encountered, 8 discovered, 0 enqueued
[112.825s][info][gc,ref      ] GC(216) Phantom: 616 encountered, 432 discovered, 0 enqueued
[112.826s][info][gc,reloc    ] GC(216) Small Pages: 350 / 700M, Empty: 114M, Relocated: 45M, In-Place: 0
[112.826s][info][gc,reloc    ] GC(216) Medium Pages: 7 / 224M, Empty: 64M, Relocated: 15M, In-Place: 0
[112.826s][info][gc,reloc    ] GC(216) Large Pages: 34 / 224M, Empty: 190M, Relocated: 0M, In-Place: 0
[112.826s][info][gc,reloc    ] GC(216) Forwarding Usage: 45M
[112.826s][info][gc,heap     ] GC(216) Min Capacity: 8M(0%)
[112.826s][info][gc,heap     ] GC(216) Max Capacity: 2048M(100%)
[112.826s][info][gc,heap     ] GC(216) Soft Max Capacity: 2048M(100%)
[112.826s][info][gc,heap     ] GC(216)                Mark Start          Mark End        Relocate Start      Relocate End           High               Low         
[112.826s][info][gc,heap     ] GC(216)  Capacity:     2048M (100%)       2048M (100%)       2048M (100%)       2048M (100%)       2048M (100%)       2048M (100%)   
[112.826s][info][gc,heap     ] GC(216)      Free:      900M (44%)         806M (39%)        1150M (56%)        1552M (76%)        1556M (76%)         800M (39%)    
[112.826s][info][gc,heap     ] GC(216)      Used:     1148M (56%)        1242M (61%)         898M (44%)         496M (24%)        1248M (61%)         492M (24%)    
[112.826s][info][gc,heap     ] GC(216)      Live:         -               247M (12%)         247M (12%)         247M (12%)            -                  -          
[112.826s][info][gc,heap     ] GC(216) Allocated:         -                94M (5%)          118M (6%)          193M (9%)             -                  -          
[112.826s][info][gc,heap     ] GC(216)   Garbage:         -               900M (44%)         532M (26%)          54M (3%)             -                  -          
[112.826s][info][gc,heap     ] GC(216) Reclaimed:         -                  -               368M (18%)         845M (41%)            -                  -          
[112.826s][info][gc          ] GC(216) Garbage Collection (Allocation Rate) 1148M(56%)->496M(24%)
[113.068s][info][gc,start    ] GC(217) Garbage Collection (System.gc())
[113.068s][info][gc,task     ] GC(217) Using 12 workers
[113.068s][info][gc,phases   ] GC(217) Pause Mark Start 0.017ms
[113.139s][info][gc,phases   ] GC(217) Concurrent Mark 71.545ms
[113.140s][info][gc,phases   ] GC(217) Pause Mark End 0.035ms
[113.140s][info][gc,phases   ] GC(217) Concurrent Mark Free 0.001ms
[113.142s][info][gc,phases   ] GC(217) Concurrent Process Non-Strong References 2.015ms
[113.142s][info][gc,phases   ] GC(217) Concurrent Reset Relocation Set 0.056ms
[113.155s][info][gc,phases   ] GC(217) Concurrent Select Relocation Set 12.902ms
[113.155s][info][gc,phases   ] GC(217) Pause Relocate Start 0.013ms
[113.161s][info][gc,phases   ] GC(217) Concurrent Relocate 5.971ms
[113.161s][info][gc,load     ] GC(217) Load: 0.00/0.00/0.00
[113.161s][info][gc,mmu      ] GC(217) MMU: 2ms/96.8%, 5ms/98.7%, 10ms/99.3%, 20ms/99.6%, 50ms/99.8%, 100ms/99.9%
[113.161s][info][gc,marking  ] GC(217) Mark: 8 stripe(s), 2 proactive flush(es), 1 terminate flush(es), 0 completion(s), 0 continuation(s) 
[113.161s][info][gc,marking  ] GC(217) Mark Stack Usage: 32M
[113.161s][info][gc,nmethod  ] GC(217) NMethods: 6468 registered, 212 unregistered
[113.161s][info][gc,metaspace] GC(217) Metaspace: 66M used, 67M committed, 1088M reserved
[113.161s][info][gc,ref      ] GC(217) Soft: 3296 encountered, 0 discovered, 0 enqueued
[113.161s][info][gc,ref      ] GC(217) Weak: 6494 encountered, 1611 discovered, 105 enqueued
[113.161s][info][gc,ref      ] GC(217) Final: 84 encountered, 4 discovered, 0 enqueued
[113.161s][info][gc,ref      ] GC(217) Phantom: 616 encountered, 532 discovered, 0 enqueued
[113.161s][info][gc,reloc    ] GC(217) Small Pages: 454 / 908M, Empty: 684M, Relocated: 6M, In-Place: 0
[113.161s][info][gc,reloc    ] GC(217) Medium Pages: 1 / 32M, Empty: 0M, Relocated: 0M, In-Place: 0
[113.161s][info][gc,reloc    ] GC(217) Large Pages: 9 / 58M, Empty: 58M, Relocated: 0M, In-Place: 0
[113.161s][info][gc,reloc    ] GC(217) Forwarding Usage: 3M
[113.161s][info][gc,heap     ] GC(217) Min Capacity: 8M(0%)
[113.161s][info][gc,heap     ] GC(217) Max Capacity: 2048M(100%)
[113.161s][info][gc,heap     ] GC(217) Soft Max Capacity: 2048M(100%)
[113.161s][info][gc,heap     ] GC(217)                Mark Start          Mark End        Relocate Start      Relocate End           High               Low         
[113.161s][info][gc,heap     ] GC(217)  Capacity:     2048M (100%)       2048M (100%)       2048M (100%)       2048M (100%)       2048M (100%)       2048M (100%)   
[113.162s][info][gc,heap     ] GC(217)      Free:     1050M (51%)        1048M (51%)        1784M (87%)        1806M (88%)        1806M (88%)        1048M (51%)    
[113.162s][info][gc,heap     ] GC(217)      Used:      998M (49%)        1000M (49%)         264M (13%)         242M (12%)        1000M (49%)         242M (12%)    
[113.162s][info][gc,heap     ] GC(217)      Live:         -               167M (8%)          167M (8%)          167M (8%)             -                  -          
[113.162s][info][gc,heap     ] GC(217) Allocated:         -                 2M (0%)            8M (0%)            8M (0%)             -                  -          
[113.162s][info][gc,heap     ] GC(217)   Garbage:         -               830M (41%)          88M (4%)           66M (3%)             -                  -          
[113.162s][info][gc,heap     ] GC(217) Reclaimed:         -                  -               742M (36%)         764M (37%)            -                  -          
[113.162s][info][gc          ] GC(217) Garbage Collection (System.gc()) 998M(49%)->242M(12%)
[113.584s][info][gc,start    ] GC(218) Garbage Collection (Allocation Rate)
[113.584s][info][gc,task     ] GC(218) Using 6 workers
[113.584s][info][gc,phases   ] GC(218) Pause Mark Start 0.017ms
[113.818s][info][gc,phases   ] GC(218) Concurrent Mark 233.816ms
[113.818s][info][gc,phases   ] GC(218) Pause Mark End 0.035ms
[113.818s][info][gc,phases   ] GC(218) Concurrent Mark Free 0.001ms
[113.822s][info][gc,phases   ] GC(218) Concurrent Process Non-Strong References 3.757ms
[113.822s][info][gc,phases   ] GC(218) Concurrent Reset Relocation Set 0.005ms
[113.855s][info][gc,phases   ] GC(218) Concurrent Select Relocation Set 32.687ms
[113.855s][info][gc,phases   ] GC(218) Pause Relocate Start 0.009ms
[113.915s][info][gc,phases   ] GC(218) Concurrent Relocate 60.441ms
[113.916s][info][gc,load     ] GC(218) Load: 0.00/0.00/0.00
[113.916s][info][gc,mmu      ] GC(218) MMU: 2ms/96.8%, 5ms/98.7%, 10ms/99.3%, 20ms/99.6%, 50ms/99.8%, 100ms/99.9%
[113.916s][info][gc,marking  ] GC(218) Mark: 4 stripe(s), 2 proactive flush(es), 1 terminate flush(es), 0 completion(s), 0 continuation(s) 
[113.916s][info][gc,marking  ] GC(218) Mark Stack Usage: 32M
[113.916s][info][gc,nmethod  ] GC(218) NMethods: 6486 registered, 218 unregistered
[113.916s][info][gc,metaspace] GC(218) Metaspace: 66M used, 67M committed, 1088M reserved
[113.916s][info][gc,ref      ] GC(218) Soft: 3300 encountered, 0 discovered, 0 enqueued
[113.916s][info][gc,ref      ] GC(218) Weak: 6474 encountered, 2973 discovered, 29 enqueued
[113.916s][info][gc,ref      ] GC(218) Final: 84 encountered, 47 discovered, 0 enqueued
[113.916s][info][gc,ref      ] GC(218) Phantom: 616 encountered, 496 discovered, 0 enqueued
[113.916s][info][gc,reloc    ] GC(218) Small Pages: 502 / 1004M, Empty: 0M, Relocated: 131M, In-Place: 0
[113.916s][info][gc,reloc    ] GC(218) Medium Pages: 2 / 64M, Empty: 32M, Relocated: 0M, In-Place: 0
[113.916s][info][gc,reloc    ] GC(218) Large Pages: 9 / 54M, Empty: 6M, Relocated: 0M, In-Place: 0
[113.916s][info][gc,reloc    ] GC(218) Forwarding Usage: 93M
[113.916s][info][gc,heap     ] GC(218) Min Capacity: 8M(0%)
[113.916s][info][gc,heap     ] GC(218) Max Capacity: 2048M(100%)
[113.916s][info][gc,heap     ] GC(218) Soft Max Capacity: 2048M(100%)
[113.916s][info][gc,heap     ] GC(218)                Mark Start          Mark End        Relocate Start      Relocate End           High               Low         
[113.916s][info][gc,heap     ] GC(218)  Capacity:     2048M (100%)       2048M (100%)       2048M (100%)       2048M (100%)       2048M (100%)       2048M (100%)   
[113.916s][info][gc,heap     ] GC(218)      Free:      926M (45%)         518M (25%)         472M (23%)        1074M (52%)        1074M (52%)         460M (22%)    
[113.916s][info][gc,heap     ] GC(218)      Used:     1122M (55%)        1530M (75%)        1576M (77%)         974M (48%)        1588M (78%)         974M (48%)    
[113.916s][info][gc,heap     ] GC(218)      Live:         -               348M (17%)         348M (17%)         348M (17%)            -                  -          
[113.916s][info][gc,heap     ] GC(218) Allocated:         -               408M (20%)         492M (24%)         565M (28%)            -                  -          
[113.916s][info][gc,heap     ] GC(218)   Garbage:         -               773M (38%)         735M (36%)          59M (3%)             -                  -          
[113.916s][info][gc,heap     ] GC(218) Reclaimed:         -                  -                38M (2%)          713M (35%)            -                  -          
[113.916s][info][gc          ] GC(218) Garbage Collection (Allocation Rate) 1122M(55%)->974M(48%)
[113.982s][info][gc,start    ] GC(219) Garbage Collection (Allocation Rate)
[113.982s][info][gc,task     ] GC(219) Using 10 workers
[113.982s][info][gc,phases   ] GC(219) Pause Mark Start 0.010ms
[114.185s][info][gc,phases   ] GC(219) Concurrent Mark 202.653ms
[114.185s][info][gc,phases   ] GC(219) Pause Mark End 0.036ms
[114.185s][info][gc,phases   ] GC(219) Concurrent Mark Free 0.001ms
[114.187s][info][gc,phases   ] GC(219) Concurrent Process Non-Strong References 2.233ms
[114.187s][info][gc,phases   ] GC(219) Concurrent Reset Relocation Set 0.068ms
[114.200s][info][gc,phases   ] GC(219) Concurrent Select Relocation Set 12.896ms
[114.201s][info][gc,phases   ] GC(219) Pause Relocate Start 0.010ms
[114.228s][info][gc,phases   ] GC(219) Concurrent Relocate 26.957ms
[114.228s][info][gc,load     ] GC(219) Load: 0.00/0.00/0.00
[114.228s][info][gc,mmu      ] GC(219) MMU: 2ms/96.8%, 5ms/98.7%, 10ms/99.3%, 20ms/99.6%, 50ms/99.8%, 100ms/99.9%
[114.228s][info][gc,marking  ] GC(219) Mark: 8 stripe(s), 2 proactive flush(es), 1 terminate flush(es), 0 completion(s), 0 continuation(s) 
[114.228s][info][gc,marking  ] GC(219) Mark Stack Usage: 32M
[114.228s][info][gc,nmethod  ] GC(219) NMethods: 6485 registered, 219 unregistered
[114.228s][info][gc,metaspace] GC(219) Metaspace: 66M used, 67M committed, 1088M reserved
[114.228s][info][gc,ref      ] GC(219) Soft: 3300 encountered, 0 discovered, 0 enqueued
[114.228s][info][gc,ref      ] GC(219) Weak: 6444 encountered, 630 discovered, 4 enqueued
[114.228s][info][gc,ref      ] GC(219) Final: 84 encountered, 49 discovered, 0 enqueued
[114.228s][info][gc,ref      ] GC(219) Phantom: 616 encountered, 481 discovered, 0 enqueued
[114.228s][info][gc,reloc    ] GC(219) Small Pages: 478 / 956M, Empty: 0M, Relocated: 50M, In-Place: 0
[114.228s][info][gc,reloc    ] GC(219) Medium Pages: 1 / 32M, Empty: 0M, Relocated: 0M, In-Place: 0
[114.228s][info][gc,reloc    ] GC(219) Large Pages: 12 / 88M, Empty: 24M, Relocated: 0M, In-Place: 0
[114.228s][info][gc,reloc    ] GC(219) Forwarding Usage: 44M
[114.228s][info][gc,heap     ] GC(219) Min Capacity: 8M(0%)
[114.228s][info][gc,heap     ] GC(219) Max Capacity: 2048M(100%)
[114.228s][info][gc,heap     ] GC(219) Soft Max Capacity: 2048M(100%)
[114.228s][info][gc,heap     ] GC(219)                Mark Start          Mark End        Relocate Start      Relocate End           High               Low         
[114.228s][info][gc,heap     ] GC(219)  Capacity:     2048M (100%)       2048M (100%)       2048M (100%)       2048M (100%)       2048M (100%)       2048M (100%)   
[114.228s][info][gc,heap     ] GC(219)      Free:      972M (47%)         682M (33%)         680M (33%)        1224M (60%)        1224M (60%)         660M (32%)    
[114.228s][info][gc,heap     ] GC(219)      Used:     1076M (53%)        1366M (67%)        1368M (67%)         824M (40%)        1388M (68%)         824M (40%)    
[114.228s][info][gc,heap     ] GC(219)      Live:         -               401M (20%)         401M (20%)         401M (20%)            -                  -          
[114.228s][info][gc,heap     ] GC(219) Allocated:         -               290M (14%)         316M (15%)         350M (17%)            -                  -          
[114.228s][info][gc,heap     ] GC(219)   Garbage:         -               674M (33%)         650M (32%)          72M (4%)             -                  -          
[114.228s][info][gc,heap     ] GC(219) Reclaimed:         -                  -                24M (1%)          602M (29%)            -                  -          
[114.228s][info][gc          ] GC(219) Garbage Collection (Allocation Rate) 1076M(53%)->824M(40%)
[114.279s][info][gc,start    ] GC(220) Garbage Collection (Allocation Rate)
[114.279s][info][gc,task     ] GC(220) Using 10 workers
[114.279s][info][gc,phases   ] GC(220) Pause Mark Start 0.016ms
[114.489s][info][gc,phases   ] GC(220) Concurrent Mark 210.196ms
[114.489s][info][gc,phases   ] GC(220) Pause Mark End 0.035ms
[114.489s][info][gc,phases   ] GC(220) Concurrent Mark Free 0.001ms
[114.491s][info][gc,phases   ] GC(220) Concurrent Process Non-Strong References 1.978ms
[114.491s][info][gc,phases   ] GC(220) Concurrent Reset Relocation Set 0.057ms
[114.497s][info][gc,phases   ] GC(220) Concurrent Select Relocation Set 5.580ms
[114.497s][info][gc,phases   ] GC(220) Pause Relocate Start 0.009ms
[114.516s][info][gc,phases   ] GC(220) Concurrent Relocate 18.952ms
[114.516s][info][gc,load     ] GC(220) Load: 0.00/0.00/0.00
[114.516s][info][gc,mmu      ] GC(220) MMU: 2ms/96.8%, 5ms/98.7%, 10ms/99.3%, 20ms/99.6%, 50ms/99.8%, 100ms/99.9%
[114.516s][info][gc,marking  ] GC(220) Mark: 8 stripe(s), 2 proactive flush(es), 1 terminate flush(es), 0 completion(s), 0 continuation(s) 
[114.516s][info][gc,marking  ] GC(220) Mark Stack Usage: 32M
[114.516s][info][gc,nmethod  ] GC(220) NMethods: 6485 registered, 219 unregistered
[114.516s][info][gc,metaspace] GC(220) Metaspace: 66M used, 67M committed, 1088M reserved
[114.516s][info][gc,ref      ] GC(220) Soft: 3300 encountered, 0 discovered, 0 enqueued
[114.517s][info][gc,ref      ] GC(220) Weak: 6440 encountered, 683 discovered, 0 enqueued
[114.517s][info][gc,ref      ] GC(220) Final: 84 encountered, 11 discovered, 0 enqueued
[114.517s][info][gc,ref      ] GC(220) Phantom: 616 encountered, 277 discovered, 0 enqueued
[114.517s][info][gc,reloc    ] GC(220) Small Pages: 411 / 822M, Empty: 0M, Relocated: 31M, In-Place: 0
[114.517s][info][gc,reloc    ] GC(220) Medium Pages: 1 / 32M, Empty: 0M, Relocated: 0M, In-Place: 0
[114.517s][info][gc,reloc    ] GC(220) Large Pages: 8 / 64M, Empty: 0M, Relocated: 0M, In-Place: 0
[114.517s][info][gc,reloc    ] GC(220) Forwarding Usage: 31M
[114.517s][info][gc,heap     ] GC(220) Min Capacity: 8M(0%)
[114.517s][info][gc,heap     ] GC(220) Max Capacity: 2048M(100%)
[114.517s][info][gc,heap     ] GC(220) Soft Max Capacity: 2048M(100%)
[114.517s][info][gc,heap     ] GC(220)                Mark Start          Mark End        Relocate Start      Relocate End           High               Low         
[114.517s][info][gc,heap     ] GC(220)  Capacity:     2048M (100%)       2048M (100%)       2048M (100%)       2048M (100%)       2048M (100%)       2048M (100%)   
[114.517s][info][gc,heap     ] GC(220)      Free:     1130M (55%)         842M (41%)         842M (41%)        1258M (61%)        1258M (61%)         822M (40%)    
[114.517s][info][gc,heap     ] GC(220)      Used:      918M (45%)        1206M (59%)        1206M (59%)         790M (39%)        1226M (60%)         790M (39%)    
[114.517s][info][gc,heap     ] GC(220)      Live:         -               419M (20%)         419M (20%)         419M (20%)            -                  -          
[114.517s][info][gc,heap     ] GC(220) Allocated:         -               288M (14%)         288M (14%)         288M (14%)            -                  -          
[114.517s][info][gc,heap     ] GC(220)   Garbage:         -               498M (24%)         498M (24%)          81M (4%)             -                  -          
[114.517s][info][gc,heap     ] GC(220) Reclaimed:         -                  -                 0M (0%)          416M (20%)            -                  -          
[114.517s][info][gc          ] GC(220) Garbage Collection (Allocation Rate) 918M(45%)->790M(39%)
[114.770s][info][gc,start    ] GC(221) Garbage Collection (Allocation Rate)
[114.770s][info][gc,task     ] GC(221) Using 8 workers
[114.771s][info][gc,phases   ] GC(221) Pause Mark Start 0.019ms
[114.958s][info][gc,phases   ] GC(221) Concurrent Mark 187.023ms
[114.958s][info][gc,phases   ] GC(221) Pause Mark End 0.029ms
[114.958s][info][gc,phases   ] GC(221) Concurrent Mark Free 0.001ms
[114.961s][info][gc,phases   ] GC(221) Concurrent Process Non-Strong References 2.901ms
[114.961s][info][gc,phases   ] GC(221) Concurrent Reset Relocation Set 0.043ms
[114.965s][info][gc,phases   ] GC(221) Concurrent Select Relocation Set 3.598ms
[114.965s][info][gc,phases   ] GC(221) Pause Relocate Start 0.009ms
[114.987s][info][gc,phases   ] GC(221) Concurrent Relocate 22.147ms
[114.987s][info][gc,load     ] GC(221) Load: 0.00/0.00/0.00
[114.987s][info][gc,mmu      ] GC(221) MMU: 2ms/96.8%, 5ms/98.7%, 10ms/99.3%, 20ms/99.6%, 50ms/99.8%, 100ms/99.9%
[114.987s][info][gc,marking  ] GC(221) Mark: 8 stripe(s), 3 proactive flush(es), 1 terminate flush(es), 0 completion(s), 0 continuation(s) 
[114.987s][info][gc,marking  ] GC(221) Mark Stack Usage: 32M
[114.987s][info][gc,nmethod  ] GC(221) NMethods: 6467 registered, 247 unregistered
[114.987s][info][gc,metaspace] GC(221) Metaspace: 66M used, 67M committed, 1088M reserved
[114.987s][info][gc,ref      ] GC(221) Soft: 3300 encountered, 0 discovered, 0 enqueued
[114.987s][info][gc,ref      ] GC(221) Weak: 6438 encountered, 1689 discovered, 0 enqueued
[114.987s][info][gc,ref      ] GC(221) Final: 84 encountered, 31 discovered, 0 enqueued
[114.987s][info][gc,ref      ] GC(221) Phantom: 616 encountered, 471 discovered, 0 enqueued
[114.987s][info][gc,reloc    ] GC(221) Small Pages: 331 / 662M, Empty: 66M, Relocated: 33M, In-Place: 0
[114.987s][info][gc,reloc    ] GC(221) Medium Pages: 2 / 64M, Empty: 0M, Relocated: 18M, In-Place: 0
[114.987s][info][gc,reloc    ] GC(221) Large Pages: 8 / 64M, Empty: 24M, Relocated: 0M, In-Place: 0
[114.988s][info][gc,reloc    ] GC(221) Forwarding Usage: 30M
[114.988s][info][gc,heap     ] GC(221) Min Capacity: 8M(0%)
[114.988s][info][gc,heap     ] GC(221) Max Capacity: 2048M(100%)
[114.988s][info][gc,heap     ] GC(221) Soft Max Capacity: 2048M(100%)
[114.988s][info][gc,heap     ] GC(221)                Mark Start          Mark End        Relocate Start      Relocate End           High               Low         
[114.988s][info][gc,heap     ] GC(221)  Capacity:     2048M (100%)       2048M (100%)       2048M (100%)       2048M (100%)       2048M (100%)       2048M (100%)   
[114.988s][info][gc,heap     ] GC(221)      Free:     1258M (61%)        1208M (59%)        1294M (63%)        1602M (78%)        1602M (78%)        1206M (59%)    
[114.988s][info][gc,heap     ] GC(221)      Used:      790M (39%)         840M (41%)         754M (37%)         446M (22%)         842M (41%)         446M (22%)    
[114.988s][info][gc,heap     ] GC(221)      Live:         -               314M (15%)         314M (15%)         314M (15%)            -                  -          
[114.988s][info][gc,heap     ] GC(221) Allocated:         -                50M (2%)           54M (3%)           58M (3%)             -                  -          
[114.988s][info][gc,heap     ] GC(221)   Garbage:         -               475M (23%)         385M (19%)          73M (4%)             -                  -          
[114.988s][info][gc,heap     ] GC(221) Reclaimed:         -                  -                90M (4%)          402M (20%)            -                  -          
[114.988s][info][gc          ] GC(221) Garbage Collection (Allocation Rate) 790M(39%)->446M(22%)
[115.075s][info][gc,start    ] GC(222) Garbage Collection (Allocation Rate)
[115.075s][info][gc,task     ] GC(222) Using 8 workers
[115.075s][info][gc,phases   ] GC(222) Pause Mark Start 0.014ms
[115.233s][info][gc,phases   ] GC(222) Concurrent Mark 158.315ms
[115.234s][info][gc,phases   ] GC(222) Pause Mark End 0.029ms
[115.234s][info][gc,phases   ] GC(222) Concurrent Mark Free 0.001ms
[115.236s][info][gc,phases   ] GC(222) Concurrent Process Non-Strong References 2.302ms
[115.236s][info][gc,phases   ] GC(222) Concurrent Reset Relocation Set 0.026ms
[115.268s][info][gc,phases   ] GC(222) Concurrent Select Relocation Set 32.263ms
[115.269s][info][gc,phases   ] GC(222) Pause Relocate Start 0.013ms
[115.296s][info][gc,phases   ] GC(222) Concurrent Relocate 27.727ms
[115.296s][info][gc,load     ] GC(222) Load: 0.00/0.00/0.00
[115.296s][info][gc,mmu      ] GC(222) MMU: 2ms/96.8%, 5ms/98.7%, 10ms/99.3%, 20ms/99.6%, 50ms/99.8%, 100ms/99.9%
[115.296s][info][gc,marking  ] GC(222) Mark: 8 stripe(s), 9 proactive flush(es), 1 terminate flush(es), 0 completion(s), 0 continuation(s) 
[115.296s][info][gc,marking  ] GC(222) Mark Stack Usage: 32M
[115.296s][info][gc,nmethod  ] GC(222) NMethods: 6487 registered, 247 unregistered
[115.296s][info][gc,metaspace] GC(222) Metaspace: 66M used, 67M committed, 1088M reserved
[115.296s][info][gc,ref      ] GC(222) Soft: 3300 encountered, 0 discovered, 0 enqueued
[115.296s][info][gc,ref      ] GC(222) Weak: 6542 encountered, 580 discovered, 0 enqueued
[115.296s][info][gc,ref      ] GC(222) Final: 84 encountered, 61 discovered, 0 enqueued
[115.296s][info][gc,ref      ] GC(222) Phantom: 619 encountered, 464 discovered, 0 enqueued
[115.297s][info][gc,reloc    ] GC(222) Small Pages: 184 / 368M, Empty: 26M, Relocated: 40M, In-Place: 0
[115.297s][info][gc,reloc    ] GC(222) Medium Pages: 2 / 64M, Empty: 32M, Relocated: 0M, In-Place: 0
[115.297s][info][gc,reloc    ] GC(222) Large Pages: 4 / 40M, Empty: 10M, Relocated: 0M, In-Place: 0
[115.297s][info][gc,reloc    ] GC(222) Forwarding Usage: 35M
[115.297s][info][gc,heap     ] GC(222) Min Capacity: 8M(0%)
[115.297s][info][gc,heap     ] GC(222) Max Capacity: 2048M(100%)
[115.297s][info][gc,heap     ] GC(222) Soft Max Capacity: 2048M(100%)
[115.297s][info][gc,heap     ] GC(222)                Mark Start          Mark End        Relocate Start      Relocate End           High               Low         
[115.297s][info][gc,heap     ] GC(222)  Capacity:     2048M (100%)       2048M (100%)       2048M (100%)       2048M (100%)       2048M (100%)       2048M (100%)   
[115.297s][info][gc,heap     ] GC(222)      Free:     1576M (77%)        1410M (69%)        1438M (70%)        1488M (73%)        1576M (77%)        1402M (68%)    
[115.297s][info][gc,heap     ] GC(222)      Used:      472M (23%)         638M (31%)         610M (30%)         560M (27%)         646M (32%)         472M (23%)    
[115.297s][info][gc,heap     ] GC(222)      Live:         -               272M (13%)         272M (13%)         272M (13%)            -                  -          
[115.297s][info][gc,heap     ] GC(222) Allocated:         -               166M (8%)          206M (10%)         216M (11%)            -                  -          
[115.297s][info][gc,heap     ] GC(222)   Garbage:         -               199M (10%)         131M (6%)           71M (4%)             -                  -          
[115.297s][info][gc,heap     ] GC(222) Reclaimed:         -                  -                68M (3%)          128M (6%)             -                  -          
[115.297s][info][gc          ] GC(222) Garbage Collection (Allocation Rate) 472M(23%)->560M(27%)
[115.374s][info][gc,start    ] GC(223) Garbage Collection (Allocation Rate)
[115.374s][info][gc,task     ] GC(223) Using 8 workers
[115.374s][info][gc,phases   ] GC(223) Pause Mark Start 0.011ms
[115.483s][info][gc,phases   ] GC(223) Concurrent Mark 108.886ms
[115.484s][info][gc,phases   ] GC(223) Pause Mark End 0.027ms
[115.484s][info][gc,phases   ] GC(223) Concurrent Mark Free 0.001ms
[115.486s][info][gc,phases   ] GC(223) Concurrent Process Non-Strong References 2.315ms
[115.486s][info][gc,phases   ] GC(223) Concurrent Reset Relocation Set 0.012ms
[115.490s][info][gc,phases   ] GC(223) Concurrent Select Relocation Set 4.304ms
[115.490s][info][gc,phases   ] GC(223) Pause Relocate Start 0.010ms
[115.508s][info][gc,phases   ] GC(223) Concurrent Relocate 17.787ms
[115.508s][info][gc,load     ] GC(223) Load: 0.00/0.00/0.00
[115.508s][info][gc,mmu      ] GC(223) MMU: 2ms/96.8%, 5ms/98.7%, 10ms/99.3%, 20ms/99.6%, 50ms/99.8%, 100ms/99.9%
[115.508s][info][gc,marking  ] GC(223) Mark: 8 stripe(s), 2 proactive flush(es), 1 terminate flush(es), 0 completion(s), 0 continuation(s) 
[115.508s][info][gc,marking  ] GC(223) Mark Stack Usage: 32M
[115.508s][info][gc,nmethod  ] GC(223) NMethods: 6486 registered, 249 unregistered
[115.509s][info][gc,metaspace] GC(223) Metaspace: 66M used, 67M committed, 1088M reserved
[115.509s][info][gc,ref      ] GC(223) Soft: 3300 encountered, 0 discovered, 0 enqueued
[115.509s][info][gc,ref      ] GC(223) Weak: 6653 encountered, 2725 discovered, 86 enqueued
[115.509s][info][gc,ref      ] GC(223) Final: 84 encountered, 3 discovered, 0 enqueued
[115.509s][info][gc,ref      ] GC(223) Phantom: 620 encountered, 539 discovered, 0 enqueued
[115.509s][info][gc,reloc    ] GC(223) Small Pages: 242 / 484M, Empty: 58M, Relocated: 27M, In-Place: 0
[115.509s][info][gc,reloc    ] GC(223) Medium Pages: 2 / 64M, Empty: 32M, Relocated: 0M, In-Place: 0
[115.509s][info][gc,reloc    ] GC(223) Large Pages: 8 / 60M, Empty: 36M, Relocated: 0M, In-Place: 0
[115.509s][info][gc,reloc    ] GC(223) Forwarding Usage: 28M
[115.509s][info][gc,heap     ] GC(223) Min Capacity: 8M(0%)
[115.509s][info][gc,heap     ] GC(223) Max Capacity: 2048M(100%)
[115.509s][info][gc,heap     ] GC(223) Soft Max Capacity: 2048M(100%)
[115.509s][info][gc,heap     ] GC(223)                Mark Start          Mark End        Relocate Start      Relocate End           High               Low         
[115.509s][info][gc,heap     ] GC(223)  Capacity:     2048M (100%)       2048M (100%)       2048M (100%)       2048M (100%)       2048M (100%)       2048M (100%)   
[115.509s][info][gc,heap     ] GC(223)      Free:     1440M (70%)        1222M (60%)        1330M (65%)        1516M (74%)        1516M (74%)        1206M (59%)    
[115.509s][info][gc,heap     ] GC(223)      Used:      608M (30%)         826M (40%)         718M (35%)         532M (26%)         842M (41%)         532M (26%)    
[115.509s][info][gc,heap     ] GC(223)      Live:         -               215M (11%)         215M (11%)         215M (11%)            -                  -          
[115.509s][info][gc,heap     ] GC(223) Allocated:         -               218M (11%)         236M (12%)         257M (13%)            -                  -          
[115.509s][info][gc,heap     ] GC(223)   Garbage:         -               392M (19%)         266M (13%)          58M (3%)             -                  -          
[115.509s][info][gc,heap     ] GC(223) Reclaimed:         -                  -               126M (6%)          333M (16%)            -                  -          
[115.509s][info][gc          ] GC(223) Garbage Collection (Allocation Rate) 608M(30%)->532M(26%)
[115.879s][info][gc,start    ] GC(224) Garbage Collection (Allocation Rate)
[115.879s][info][gc,task     ] GC(224) Using 11 workers
[115.879s][info][gc,phases   ] GC(224) Pause Mark Start 0.013ms
[116.019s][info][gc,phases   ] GC(224) Concurrent Mark 140.120ms
[116.019s][info][gc,phases   ] GC(224) Pause Mark End 0.029ms
[116.019s][info][gc,phases   ] GC(224) Concurrent Mark Free 0.001ms
[116.021s][info][gc,phases   ] GC(224) Concurrent Process Non-Strong References 1.880ms
[116.021s][info][gc,phases   ] GC(224) Concurrent Reset Relocation Set 0.021ms
[116.071s][info][gc,phases   ] GC(224) Concurrent Select Relocation Set 49.592ms
[116.071s][info][gc,phases   ] GC(224) Pause Relocate Start 0.010ms
[116.119s][info][gc,phases   ] GC(224) Concurrent Relocate 47.543ms
[116.119s][info][gc,load     ] GC(224) Load: 0.00/0.00/0.00
[116.119s][info][gc,mmu      ] GC(224) MMU: 2ms/96.8%, 5ms/98.7%, 10ms/99.3%, 20ms/99.6%, 50ms/99.8%, 100ms/99.9%
[116.119s][info][gc,marking  ] GC(224) Mark: 8 stripe(s), 2 proactive flush(es), 1 terminate flush(es), 0 completion(s), 0 continuation(s) 
[116.119s][info][gc,marking  ] GC(224) Mark Stack Usage: 32M
[116.119s][info][gc,nmethod  ] GC(224) NMethods: 6485 registered, 250 unregistered
[116.119s][info][gc,metaspace] GC(224) Metaspace: 66M used, 67M committed, 1088M reserved
[116.119s][info][gc,ref      ] GC(224) Soft: 3304 encountered, 0 discovered, 0 enqueued
[116.119s][info][gc,ref      ] GC(224) Weak: 6566 encountered, 2566 discovered, 78 enqueued
[116.119s][info][gc,ref      ] GC(224) Final: 84 encountered, 4 discovered, 0 enqueued
[116.119s][info][gc,ref      ] GC(224) Phantom: 616 encountered, 421 discovered, 0 enqueued
[116.119s][info][gc,reloc    ] GC(224) Small Pages: 584 / 1168M, Empty: 2M, Relocated: 148M, In-Place: 0
[116.119s][info][gc,reloc    ] GC(224) Medium Pages: 2 / 64M, Empty: 32M, Relocated: 0M, In-Place: 0
[116.119s][info][gc,reloc    ] GC(224) Large Pages: 12 / 72M, Empty: 24M, Relocated: 0M, In-Place: 0
[116.119s][info][gc,reloc    ] GC(224) Forwarding Usage: 101M
[116.119s][info][gc,heap     ] GC(224) Min Capacity: 8M(0%)
[116.119s][info][gc,heap     ] GC(224) Max Capacity: 2048M(100%)
[116.119s][info][gc,heap     ] GC(224) Soft Max Capacity: 2048M(100%)
[116.119s][info][gc,heap     ] GC(224)                Mark Start          Mark End        Relocate Start      Relocate End           High               Low         
[116.119s][info][gc,heap     ] GC(224)  Capacity:     2048M (100%)       2048M (100%)       2048M (100%)       2048M (100%)       2048M (100%)       2048M (100%)   
[116.119s][info][gc,heap     ] GC(224)      Free:      744M (36%)         538M (26%)         480M (23%)        1254M (61%)        1254M (61%)         458M (22%)    
[116.119s][info][gc,heap     ] GC(224)      Used:     1304M (64%)        1510M (74%)        1568M (77%)         794M (39%)        1590M (78%)         794M (39%)    
[116.119s][info][gc,heap     ] GC(224)      Live:         -               358M (18%)         358M (18%)         358M (18%)            -                  -          
[116.119s][info][gc,heap     ] GC(224) Allocated:         -               206M (10%)         322M (16%)         372M (18%)            -                  -          
[116.119s][info][gc,heap     ] GC(224)   Garbage:         -               945M (46%)         887M (43%)          62M (3%)             -                  -          
[116.119s][info][gc,heap     ] GC(224) Reclaimed:         -                  -                58M (3%)          882M (43%)            -                  -          
[116.119s][info][gc          ] GC(224) Garbage Collection (Allocation Rate) 1304M(64%)->794M(39%)
[116.175s][info][gc,start    ] GC(225) Garbage Collection (Allocation Rate)
[116.175s][info][gc,task     ] GC(225) Using 12 workers
[116.176s][info][gc,phases   ] GC(225) Pause Mark Start 0.015ms
[116.355s][info][gc,phases   ] GC(225) Concurrent Mark 178.914ms
[116.355s][info][gc,phases   ] GC(225) Pause Mark End 0.026ms
[116.355s][info][gc,phases   ] GC(225) Concurrent Mark Free 0.001ms
[116.357s][info][gc,phases   ] GC(225) Concurrent Process Non-Strong References 1.860ms
[116.357s][info][gc,phases   ] GC(225) Concurrent Reset Relocation Set 0.066ms
[116.369s][info][gc,phases   ] GC(225) Concurrent Select Relocation Set 11.683ms
[116.369s][info][gc,phases   ] GC(225) Pause Relocate Start 0.009ms
[116.390s][info][gc,phases   ] GC(225) Concurrent Relocate 21.131ms
[116.390s][info][gc,load     ] GC(225) Load: 0.00/0.00/0.00
[116.390s][info][gc,mmu      ] GC(225) MMU: 2ms/96.8%, 5ms/98.7%, 10ms/99.3%, 20ms/99.6%, 50ms/99.8%, 100ms/99.9%
[116.390s][info][gc,marking  ] GC(225) Mark: 8 stripe(s), 2 proactive flush(es), 1 terminate flush(es), 0 completion(s), 0 continuation(s) 
[116.390s][info][gc,marking  ] GC(225) Mark Stack Usage: 32M
[116.390s][info][gc,nmethod  ] GC(225) NMethods: 6485 registered, 250 unregistered
[116.390s][info][gc,metaspace] GC(225) Metaspace: 66M used, 67M committed, 1088M reserved
[116.390s][info][gc,ref      ] GC(225) Soft: 3304 encountered, 0 discovered, 0 enqueued
[116.390s][info][gc,ref      ] GC(225) Weak: 6488 encountered, 2954 discovered, 0 enqueued
[116.390s][info][gc,ref      ] GC(225) Final: 84 encountered, 75 discovered, 0 enqueued
[116.390s][info][gc,ref      ] GC(225) Phantom: 616 encountered, 227 discovered, 0 enqueued
[116.390s][info][gc,reloc    ] GC(225) Small Pages: 380 / 760M, Empty: 0M, Relocated: 38M, In-Place: 0
[116.390s][info][gc,reloc    ] GC(225) Medium Pages: 1 / 32M, Empty: 0M, Relocated: 0M, In-Place: 0
[116.390s][info][gc,reloc    ] GC(225) Large Pages: 12 / 88M, Empty: 24M, Relocated: 0M, In-Place: 0
[116.390s][info][gc,reloc    ] GC(225) Forwarding Usage: 32M
[116.390s][info][gc,heap     ] GC(225) Min Capacity: 8M(0%)
[116.390s][info][gc,heap     ] GC(225) Max Capacity: 2048M(100%)
[116.390s][info][gc,heap     ] GC(225) Soft Max Capacity: 2048M(100%)
[116.390s][info][gc,heap     ] GC(225)                Mark Start          Mark End        Relocate Start      Relocate End           High               Low         
[116.390s][info][gc,heap     ] GC(225)  Capacity:     2048M (100%)       2048M (100%)       2048M (100%)       2048M (100%)       2048M (100%)       2048M (100%)   
[116.390s][info][gc,heap     ] GC(225)      Free:     1168M (57%)         926M (45%)         926M (45%)        1290M (63%)        1290M (63%)         902M (44%)    
[116.390s][info][gc,heap     ] GC(225)      Used:      880M (43%)        1122M (55%)        1122M (55%)         758M (37%)        1146M (56%)         758M (37%)    
[116.390s][info][gc,heap     ] GC(225)      Live:         -               398M (19%)         398M (19%)         398M (19%)            -                  -          
[116.390s][info][gc,heap     ] GC(225) Allocated:         -               242M (12%)         266M (13%)         289M (14%)            -                  -          
[116.390s][info][gc,heap     ] GC(225)   Garbage:         -               481M (24%)         457M (22%)          70M (3%)             -                  -          
[116.390s][info][gc,heap     ] GC(225) Reclaimed:         -                  -                24M (1%)          411M (20%)            -                  -          
[116.390s][info][gc          ] GC(225) Garbage Collection (Allocation Rate) 880M(43%)->758M(37%)
[116.480s][info][gc,start    ] GC(226) Garbage Collection (Allocation Rate)
[116.480s][info][gc,task     ] GC(226) Using 12 workers
[116.480s][info][gc,phases   ] GC(226) Pause Mark Start 0.014ms
[116.651s][info][gc,phases   ] GC(226) Concurrent Mark 171.350ms
[116.652s][info][gc,phases   ] GC(226) Pause Mark End 0.019ms
[116.652s][info][gc,phases   ] GC(226) Concurrent Mark Free 0.001ms
[116.653s][info][gc,phases   ] GC(226) Concurrent Process Non-Strong References 1.805ms
[116.653s][info][gc,phases   ] GC(226) Concurrent Reset Relocation Set 0.027ms
[116.657s][info][gc,phases   ] GC(226) Concurrent Select Relocation Set 3.319ms
[116.657s][info][gc,phases   ] GC(226) Pause Relocate Start 0.009ms
[116.673s][info][gc,phases   ] GC(226) Concurrent Relocate 15.854ms
[116.673s][info][gc,load     ] GC(226) Load: 0.00/0.00/0.00
[116.673s][info][gc,mmu      ] GC(226) MMU: 2ms/96.8%, 5ms/98.7%, 10ms/99.3%, 20ms/99.6%, 50ms/99.8%, 100ms/99.9%
[116.673s][info][gc,marking  ] GC(226) Mark: 8 stripe(s), 2 proactive flush(es), 1 terminate flush(es), 0 completion(s), 0 continuation(s) 
[116.673s][info][gc,marking  ] GC(226) Mark Stack Usage: 32M
[116.673s][info][gc,nmethod  ] GC(226) NMethods: 6485 registered, 250 unregistered
[116.673s][info][gc,metaspace] GC(226) Metaspace: 66M used, 67M committed, 1088M reserved
[116.673s][info][gc,ref      ] GC(226) Soft: 3304 encountered, 0 discovered, 0 enqueued
[116.673s][info][gc,ref      ] GC(226) Weak: 6488 encountered, 3283 discovered, 0 enqueued
[116.673s][info][gc,ref      ] GC(226) Final: 84 encountered, 2 discovered, 0 enqueued
[116.673s][info][gc,ref      ] GC(226) Phantom: 616 encountered, 427 discovered, 0 enqueued
[116.673s][info][gc,reloc    ] GC(226) Small Pages: 396 / 792M, Empty: 0M, Relocated: 32M, In-Place: 0
[116.673s][info][gc,reloc    ] GC(226) Medium Pages: 1 / 32M, Empty: 0M, Relocated: 0M, In-Place: 0
[116.673s][info][gc,reloc    ] GC(226) Large Pages: 8 / 64M, Empty: 0M, Relocated: 0M, In-Place: 0
[116.673s][info][gc,reloc    ] GC(226) Forwarding Usage: 30M
[116.673s][info][gc,heap     ] GC(226) Min Capacity: 8M(0%)
[116.673s][info][gc,heap     ] GC(226) Max Capacity: 2048M(100%)
[116.673s][info][gc,heap     ] GC(226) Soft Max Capacity: 2048M(100%)
[116.673s][info][gc,heap     ] GC(226)                Mark Start          Mark End        Relocate Start      Relocate End           High               Low         
[116.673s][info][gc,heap     ] GC(226)  Capacity:     2048M (100%)       2048M (100%)       2048M (100%)       2048M (100%)       2048M (100%)       2048M (100%)   
[116.673s][info][gc,heap     ] GC(226)      Free:     1160M (57%)         956M (47%)         954M (47%)        1340M (65%)        1340M (65%)         930M (45%)    
[116.673s][info][gc,heap     ] GC(226)      Used:      888M (43%)        1092M (53%)        1094M (53%)         708M (35%)        1118M (55%)         708M (35%)    
[116.673s][info][gc,heap     ] GC(226)      Live:         -               417M (20%)         417M (20%)         417M (20%)            -                  -          
[116.673s][info][gc,heap     ] GC(226) Allocated:         -               204M (10%)         206M (10%)         211M (10%)            -                  -          
[116.673s][info][gc,heap     ] GC(226)   Garbage:         -               470M (23%)         470M (23%)          79M (4%)             -                  -          
[116.673s][info][gc,heap     ] GC(226) Reclaimed:         -                  -                 0M (0%)          391M (19%)            -                  -          
[116.673s][info][gc          ] GC(226) Garbage Collection (Allocation Rate) 888M(43%)->708M(35%)
[117.174s][info][gc,start    ] GC(227) Garbage Collection (Allocation Rate)
[117.174s][info][gc,task     ] GC(227) Using 12 workers
[117.175s][info][gc,phases   ] GC(227) Pause Mark Start 0.011ms
[117.260s][info][gc,phases   ] GC(227) Concurrent Mark 85.167ms
[117.260s][info][gc,phases   ] GC(227) Pause Mark End 0.034ms
[117.260s][info][gc,phases   ] GC(227) Concurrent Mark Free 0.001ms
[117.262s][info][gc,phases   ] GC(227) Concurrent Process Non-Strong References 1.777ms
[117.262s][info][gc,phases   ] GC(227) Concurrent Reset Relocation Set 0.043ms
[117.265s][info][gc,phases   ] GC(227) Concurrent Select Relocation Set 3.458ms
[117.266s][info][gc,phases   ] GC(227) Pause Relocate Start 0.008ms
[117.280s][info][gc,phases   ] GC(227) Concurrent Relocate 13.947ms
[117.280s][info][gc,load     ] GC(227) Load: 0.00/0.00/0.00
[117.280s][info][gc,mmu      ] GC(227) MMU: 2ms/96.8%, 5ms/98.7%, 10ms/99.3%, 20ms/99.6%, 50ms/99.8%, 100ms/99.9%
[117.280s][info][gc,marking  ] GC(227) Mark: 8 stripe(s), 2 proactive flush(es), 1 terminate flush(es), 0 completion(s), 0 continuation(s) 
[117.280s][info][gc,marking  ] GC(227) Mark Stack Usage: 32M
[117.280s][info][gc,nmethod  ] GC(227) NMethods: 6501 registered, 250 unregistered
[117.280s][info][gc,metaspace] GC(227) Metaspace: 66M used, 67M committed, 1088M reserved
[117.280s][info][gc,ref      ] GC(227) Soft: 3297 encountered, 0 discovered, 0 enqueued
[117.280s][info][gc,ref      ] GC(227) Weak: 6483 encountered, 1464 discovered, 0 enqueued
[117.280s][info][gc,ref      ] GC(227) Final: 84 encountered, 3 discovered, 0 enqueued
[117.280s][info][gc,ref      ] GC(227) Phantom: 617 encountered, 462 discovered, 0 enqueued
[117.280s][info][gc,reloc    ] GC(227) Small Pages: 319 / 638M, Empty: 94M, Relocated: 29M, In-Place: 0
[117.280s][info][gc,reloc    ] GC(227) Medium Pages: 2 / 64M, Empty: 32M, Relocated: 0M, In-Place: 0
[117.280s][info][gc,reloc    ] GC(227) Large Pages: 8 / 64M, Empty: 54M, Relocated: 0M, In-Place: 0
[117.280s][info][gc,reloc    ] GC(227) Forwarding Usage: 27M
[117.280s][info][gc,heap     ] GC(227) Min Capacity: 8M(0%)
[117.280s][info][gc,heap     ] GC(227) Max Capacity: 2048M(100%)
[117.280s][info][gc,heap     ] GC(227) Soft Max Capacity: 2048M(100%)
[117.280s][info][gc,heap     ] GC(227)                Mark Start          Mark End        Relocate Start      Relocate End           High               Low         
[117.280s][info][gc,heap     ] GC(227)  Capacity:     2048M (100%)       2048M (100%)       2048M (100%)       2048M (100%)       2048M (100%)       2048M (100%)   
[117.280s][info][gc,heap     ] GC(227)      Free:     1282M (63%)        1264M (62%)        1444M (71%)        1752M (86%)        1752M (86%)        1264M (62%)    
[117.280s][info][gc,heap     ] GC(227)      Used:      766M (37%)         784M (38%)         604M (29%)         296M (14%)         784M (38%)         296M (14%)    
[117.280s][info][gc,heap     ] GC(227)      Live:         -               201M (10%)         201M (10%)         201M (10%)            -                  -          
[117.280s][info][gc,heap     ] GC(227) Allocated:         -                18M (1%)           18M (1%)           31M (2%)             -                  -          
[117.280s][info][gc,heap     ] GC(227)   Garbage:         -               564M (28%)         384M (19%)          62M (3%)             -                  -          
[117.280s][info][gc,heap     ] GC(227) Reclaimed:         -                  -               180M (9%)          501M (25%)            -                  -          
[117.280s][info][gc          ] GC(227) Garbage Collection (Allocation Rate) 766M(37%)->296M(14%)
[118.174s][info][gc,start    ] GC(228) Garbage Collection (Allocation Rate)
[118.174s][info][gc,task     ] GC(228) Using 12 workers
[118.174s][info][gc,phases   ] GC(228) Pause Mark Start 0.017ms
[118.267s][info][gc,phases   ] GC(228) Concurrent Mark 93.336ms
[118.268s][info][gc,phases   ] GC(228) Pause Mark End 0.022ms
[118.268s][info][gc,phases   ] GC(228) Concurrent Mark Free 0.001ms
[118.270s][info][gc,phases   ] GC(228) Concurrent Process Non-Strong References 1.958ms
[118.270s][info][gc,phases   ] GC(228) Concurrent Reset Relocation Set 0.029ms
[118.297s][info][gc,phases   ] GC(228) Concurrent Select Relocation Set 27.273ms
[118.297s][info][gc,phases   ] GC(228) Pause Relocate Start 0.013ms
[118.318s][info][gc,phases   ] GC(228) Concurrent Relocate 20.661ms
[118.318s][info][gc,load     ] GC(228) Load: 0.00/0.00/0.00
[118.318s][info][gc,mmu      ] GC(228) MMU: 2ms/96.8%, 5ms/98.7%, 10ms/99.3%, 20ms/99.6%, 50ms/99.8%, 100ms/99.9%
[118.318s][info][gc,marking  ] GC(228) Mark: 8 stripe(s), 3 proactive flush(es), 1 terminate flush(es), 0 completion(s), 0 continuation(s) 
[118.318s][info][gc,marking  ] GC(228) Mark Stack Usage: 32M
[118.318s][info][gc,nmethod  ] GC(228) NMethods: 6557 registered, 264 unregistered
[118.318s][info][gc,metaspace] GC(228) Metaspace: 66M used, 67M committed, 1088M reserved
[118.318s][info][gc,ref      ] GC(228) Soft: 3304 encountered, 0 discovered, 0 enqueued
[118.318s][info][gc,ref      ] GC(228) Weak: 6799 encountered, 2192 discovered, 283 enqueued
[118.318s][info][gc,ref      ] GC(228) Final: 84 encountered, 19 discovered, 0 enqueued
[118.318s][info][gc,ref      ] GC(228) Phantom: 632 encountered, 529 discovered, 0 enqueued
[118.318s][info][gc,reloc    ] GC(228) Small Pages: 571 / 1142M, Empty: 638M, Relocated: 31M, In-Place: 0
[118.318s][info][gc,reloc    ] GC(228) Medium Pages: 3 / 96M, Empty: 64M, Relocated: 0M, In-Place: 0
[118.318s][info][gc,reloc    ] GC(228) Large Pages: 16 / 100M, Empty: 76M, Relocated: 0M, In-Place: 0
[118.318s][info][gc,reloc    ] GC(228) Forwarding Usage: 28M
[118.318s][info][gc,heap     ] GC(228) Min Capacity: 8M(0%)
[118.318s][info][gc,heap     ] GC(228) Max Capacity: 2048M(100%)
[118.318s][info][gc,heap     ] GC(228) Soft Max Capacity: 2048M(100%)
[118.318s][info][gc,heap     ] GC(228)                Mark Start          Mark End        Relocate Start      Relocate End           High               Low         
[118.318s][info][gc,heap     ] GC(228)  Capacity:     2048M (100%)       2048M (100%)       2048M (100%)       2048M (100%)       2048M (100%)       2048M (100%)   
[118.318s][info][gc,heap     ] GC(228)      Free:      710M (35%)         662M (32%)        1434M (70%)        1714M (84%)        1714M (84%)         662M (32%)    
[118.318s][info][gc,heap     ] GC(228)      Used:     1338M (65%)        1386M (68%)         614M (30%)         334M (16%)        1386M (68%)         334M (16%)    
[118.318s][info][gc,heap     ] GC(228)      Live:         -               217M (11%)         217M (11%)         217M (11%)            -                  -          
[118.318s][info][gc,heap     ] GC(228) Allocated:         -                48M (2%)           54M (3%)           54M (3%)             -                  -          
[118.318s][info][gc,heap     ] GC(228)   Garbage:         -              1120M (55%)         342M (17%)          62M (3%)             -                  -          
[118.318s][info][gc,heap     ] GC(228) Reclaimed:         -                  -               778M (38%)        1058M (52%)            -                  -          
[118.319s][info][gc          ] GC(228) Garbage Collection (Allocation Rate) 1338M(65%)->334M(16%)
[118.884s][info][gc,start    ] GC(229) Garbage Collection (Allocation Rate)
[118.884s][info][gc,task     ] GC(229) Using 5 workers
[118.884s][info][gc,phases   ] GC(229) Pause Mark Start 0.012ms
[119.102s][info][gc,phases   ] GC(229) Concurrent Mark 218.231ms
[119.102s][info][gc,phases   ] GC(229) Pause Mark End 0.021ms
[119.102s][info][gc,phases   ] GC(229) Concurrent Mark Free 0.001ms
[119.106s][info][gc,phases   ] GC(229) Concurrent Process Non-Strong References 3.840ms
[119.106s][info][gc,phases   ] GC(229) Concurrent Reset Relocation Set 0.027ms
[119.152s][info][gc,phases   ] GC(229) Concurrent Select Relocation Set 45.834ms
[119.152s][info][gc,phases   ] GC(229) Pause Relocate Start 0.012ms
[119.223s][info][gc,phases   ] GC(229) Concurrent Relocate 70.395ms
[119.223s][info][gc,load     ] GC(229) Load: 0.00/0.00/0.00
[119.223s][info][gc,mmu      ] GC(229) MMU: 2ms/96.8%, 5ms/98.7%, 10ms/99.3%, 20ms/99.6%, 50ms/99.8%, 100ms/99.9%
[119.223s][info][gc,marking  ] GC(229) Mark: 4 stripe(s), 2 proactive flush(es), 1 terminate flush(es), 0 completion(s), 0 continuation(s) 
[119.223s][info][gc,marking  ] GC(229) Mark Stack Usage: 32M
[119.223s][info][gc,nmethod  ] GC(229) NMethods: 6567 registered, 271 unregistered
[119.223s][info][gc,metaspace] GC(229) Metaspace: 66M used, 67M committed, 1088M reserved
[119.223s][info][gc,ref      ] GC(229) Soft: 3300 encountered, 0 discovered, 0 enqueued
[119.223s][info][gc,ref      ] GC(229) Weak: 6583 encountered, 3195 discovered, 96 enqueued
[119.223s][info][gc,ref      ] GC(229) Final: 84 encountered, 27 discovered, 0 enqueued
[119.223s][info][gc,ref      ] GC(229) Phantom: 616 encountered, 582 discovered, 0 enqueued
[119.223s][info][gc,reloc    ] GC(229) Small Pages: 501 / 1002M, Empty: 50M, Relocated: 82M, In-Place: 0
[119.223s][info][gc,reloc    ] GC(229) Medium Pages: 2 / 64M, Empty: 0M, Relocated: 15M, In-Place: 0
[119.223s][info][gc,reloc    ] GC(229) Large Pages: 8 / 48M, Empty: 30M, Relocated: 0M, In-Place: 0
[119.223s][info][gc,reloc    ] GC(229) Forwarding Usage: 76M
[119.223s][info][gc,heap     ] GC(229) Min Capacity: 8M(0%)
[119.223s][info][gc,heap     ] GC(229) Max Capacity: 2048M(100%)
[119.223s][info][gc,heap     ] GC(229) Soft Max Capacity: 2048M(100%)
[119.223s][info][gc,heap     ] GC(229)                Mark Start          Mark End        Relocate Start      Relocate End           High               Low         
[119.223s][info][gc,heap     ] GC(229)  Capacity:     2048M (100%)       2048M (100%)       2048M (100%)       2048M (100%)       2048M (100%)       2048M (100%)   
[119.223s][info][gc,heap     ] GC(229)      Free:      934M (46%)         814M (40%)         844M (41%)        1540M (75%)        1540M (75%)         806M (39%)    
[119.223s][info][gc,heap     ] GC(229)      Used:     1114M (54%)        1234M (60%)        1204M (59%)         508M (25%)        1242M (61%)         508M (25%)    
[119.224s][info][gc,heap     ] GC(229)      Live:         -               264M (13%)         264M (13%)         264M (13%)            -                  -          
[119.224s][info][gc,heap     ] GC(229) Allocated:         -               120M (6%)          170M (8%)          192M (9%)             -                  -          
[119.224s][info][gc,heap     ] GC(229)   Garbage:         -               849M (41%)         769M (38%)          50M (2%)             -                  -          
[119.224s][info][gc,heap     ] GC(229) Reclaimed:         -                  -                80M (4%)          798M (39%)            -                  -          
[119.224s][info][gc          ] GC(229) Garbage Collection (Allocation Rate) 1114M(54%)->508M(25%)
[119.477s][info][gc,start    ] GC(230) Garbage Collection (Allocation Rate)
[119.477s][info][gc,task     ] GC(230) Using 6 workers
[119.477s][info][gc,phases   ] GC(230) Pause Mark Start 0.015ms
[119.602s][info][gc,phases   ] GC(230) Concurrent Mark 124.566ms
[119.602s][info][gc,phases   ] GC(230) Pause Mark End 0.021ms
[119.602s][info][gc,phases   ] GC(230) Concurrent Mark Free 0.001ms
[119.605s][info][gc,phases   ] GC(230) Concurrent Process Non-Strong References 3.266ms
[119.606s][info][gc,phases   ] GC(230) Concurrent Reset Relocation Set 0.102ms
[119.620s][info][gc,phases   ] GC(230) Concurrent Select Relocation Set 14.101ms
[119.620s][info][gc,phases   ] GC(230) Pause Relocate Start 0.008ms
[119.649s][info][gc,phases   ] GC(230) Concurrent Relocate 29.024ms
[119.723s][info][gc,load     ] GC(230) Load: 0.00/0.00/0.00
[119.723s][info][gc,mmu      ] GC(230) MMU: 2ms/96.8%, 5ms/98.7%, 10ms/99.3%, 20ms/99.6%, 50ms/99.8%, 100ms/99.9%
[119.723s][info][gc,marking  ] GC(230) Mark: 4 stripe(s), 2 proactive flush(es), 1 terminate flush(es), 0 completion(s), 0 continuation(s) 
[119.723s][info][gc,marking  ] GC(230) Mark Stack Usage: 32M
[119.723s][info][gc,nmethod  ] GC(230) NMethods: 6574 registered, 272 unregistered
[119.723s][info][gc,metaspace] GC(230) Metaspace: 66M used, 67M committed, 1088M reserved
[119.723s][info][gc,ref      ] GC(230) Soft: 3296 encountered, 0 discovered, 0 enqueued
[119.723s][info][gc,ref      ] GC(230) Weak: 6500 encountered, 2891 discovered, 8 enqueued
[119.723s][info][gc,ref      ] GC(230) Final: 84 encountered, 6 discovered, 0 enqueued
[119.723s][info][gc,ref      ] GC(230) Phantom: 616 encountered, 492 discovered, 0 enqueued
[119.723s][info][gc,reloc    ] GC(230) Small Pages: 278 / 556M, Empty: 106M, Relocated: 31M, In-Place: 0
[119.723s][info][gc,reloc    ] GC(230) Medium Pages: 6 / 192M, Empty: 64M, Relocated: 14M, In-Place: 0
[119.723s][info][gc,reloc    ] GC(230) Large Pages: 29 / 194M, Empty: 150M, Relocated: 0M, In-Place: 0
[119.723s][info][gc,reloc    ] GC(230) Forwarding Usage: 30M
[119.723s][info][gc,heap     ] GC(230) Min Capacity: 8M(0%)
[119.723s][info][gc,heap     ] GC(230) Max Capacity: 2048M(100%)
[119.723s][info][gc,heap     ] GC(230) Soft Max Capacity: 2048M(100%)
[119.723s][info][gc,heap     ] GC(230)                Mark Start          Mark End        Relocate Start      Relocate End           High               Low         
[119.723s][info][gc,heap     ] GC(230)  Capacity:     2048M (100%)       2048M (100%)       2048M (100%)       2048M (100%)       2048M (100%)       2048M (100%)   
[119.723s][info][gc,heap     ] GC(230)      Free:     1106M (54%)         916M (45%)        1218M (59%)        1540M (75%)        1540M (75%)         908M (44%)    
[119.723s][info][gc,heap     ] GC(230)      Used:      942M (46%)        1132M (55%)         830M (41%)         508M (25%)        1140M (56%)         508M (25%)    
[119.723s][info][gc,heap     ] GC(230)      Live:         -               241M (12%)         241M (12%)         241M (12%)            -                  -          
[119.723s][info][gc,heap     ] GC(230) Allocated:         -               190M (9%)          208M (10%)         212M (10%)            -                  -          
[119.723s][info][gc,heap     ] GC(230)   Garbage:         -               700M (34%)         380M (19%)          53M (3%)             -                  -          
[119.724s][info][gc,heap     ] GC(230) Reclaimed:         -                  -               320M (16%)         646M (32%)            -                  -          
[119.724s][info][gc          ] GC(230) Garbage Collection (Allocation Rate) 942M(46%)->508M(25%)
[119.774s][info][gc,start    ] GC(231) Garbage Collection (Allocation Rate)
[119.774s][info][gc,task     ] GC(231) Using 6 workers
[119.774s][info][gc,phases   ] GC(231) Pause Mark Start 0.014ms
[119.913s][info][gc,phases   ] GC(231) Concurrent Mark 139.039ms
[119.913s][info][gc,phases   ] GC(231) Pause Mark End 0.039ms
[119.913s][info][gc,phases   ] GC(231) Concurrent Mark Free 0.001ms
[119.917s][info][gc,phases   ] GC(231) Concurrent Process Non-Strong References 3.985ms
[119.917s][info][gc,phases   ] GC(231) Concurrent Reset Relocation Set 0.033ms
[119.924s][info][gc,phases   ] GC(231) Concurrent Select Relocation Set 6.463ms
[119.924s][info][gc,phases   ] GC(231) Pause Relocate Start 0.011ms
[119.945s][info][gc,phases   ] GC(231) Concurrent Relocate 20.757ms
[119.945s][info][gc,load     ] GC(231) Load: 0.00/0.00/0.00
[119.945s][info][gc,mmu      ] GC(231) MMU: 2ms/96.8%, 5ms/98.7%, 10ms/99.3%, 20ms/99.6%, 50ms/99.8%, 100ms/99.9%
[119.945s][info][gc,marking  ] GC(231) Mark: 4 stripe(s), 2 proactive flush(es), 1 terminate flush(es), 0 completion(s), 0 continuation(s) 
[119.945s][info][gc,marking  ] GC(231) Mark Stack Usage: 32M
[119.945s][info][gc,nmethod  ] GC(231) NMethods: 6573 registered, 273 unregistered
[119.945s][info][gc,metaspace] GC(231) Metaspace: 66M used, 67M committed, 1088M reserved
[119.945s][info][gc,ref      ] GC(231) Soft: 3296 encountered, 0 discovered, 0 enqueued
[119.945s][info][gc,ref      ] GC(231) Weak: 6492 encountered, 1928 discovered, 104 enqueued
[119.945s][info][gc,ref      ] GC(231) Final: 84 encountered, 7 discovered, 0 enqueued
[119.945s][info][gc,ref      ] GC(231) Phantom: 616 encountered, 376 discovered, 0 enqueued
[119.945s][info][gc,reloc    ] GC(231) Small Pages: 274 / 548M, Empty: 172M, Relocated: 22M, In-Place: 0
[119.945s][info][gc,reloc    ] GC(231) Medium Pages: 2 / 64M, Empty: 32M, Relocated: 0M, In-Place: 0
[119.945s][info][gc,reloc    ] GC(231) Large Pages: 14 / 92M, Empty: 74M, Relocated: 0M, In-Place: 0
[119.945s][info][gc,reloc    ] GC(231) Forwarding Usage: 20M
[119.946s][info][gc,heap     ] GC(231) Min Capacity: 8M(0%)
[119.946s][info][gc,heap     ] GC(231) Max Capacity: 2048M(100%)
[119.946s][info][gc,heap     ] GC(231) Soft Max Capacity: 2048M(100%)
[119.946s][info][gc,heap     ] GC(231)                Mark Start          Mark End        Relocate Start      Relocate End           High               Low         
[119.946s][info][gc,heap     ] GC(231)  Capacity:     2048M (100%)       2048M (100%)       2048M (100%)       2048M (100%)       2048M (100%)       2048M (100%)   
[119.946s][info][gc,heap     ] GC(231)      Free:     1344M (66%)        1070M (52%)        1330M (65%)        1430M (70%)        1432M (70%)        1064M (52%)    
[119.946s][info][gc,heap     ] GC(231)      Used:      704M (34%)         978M (48%)         718M (35%)         618M (30%)         984M (48%)         616M (30%)    
[119.946s][info][gc,heap     ] GC(231)      Live:         -               249M (12%)         249M (12%)         249M (12%)            -                  -          
[119.946s][info][gc,heap     ] GC(231) Allocated:         -               274M (13%)         292M (14%)         313M (15%)            -                  -          
[119.946s][info][gc,heap     ] GC(231)   Garbage:         -               454M (22%)         176M (9%)           54M (3%)             -                  -          
[119.946s][info][gc,heap     ] GC(231) Reclaimed:         -                  -               278M (14%)         399M (20%)            -                  -          
[119.946s][info][gc          ] GC(231) Garbage Collection (Allocation Rate) 704M(34%)->618M(30%)
[120.039s][info][gc,start    ] GC(232) Garbage Collection (System.gc())
[120.039s][info][gc,task     ] GC(232) Using 12 workers
[120.039s][info][gc,phases   ] GC(232) Pause Mark Start 0.015ms
[120.101s][info][gc,phases   ] GC(232) Concurrent Mark 61.656ms
[120.101s][info][gc,phases   ] GC(232) Pause Mark End 0.019ms
[120.101s][info][gc,phases   ] GC(232) Concurrent Mark Free 0.001ms
[120.102s][info][gc,phases   ] GC(232) Concurrent Process Non-Strong References 1.721ms
[120.103s][info][gc,phases   ] GC(232) Concurrent Reset Relocation Set 0.019ms
[120.110s][info][gc,phases   ] GC(232) Concurrent Select Relocation Set 7.784ms
[120.111s][info][gc,phases   ] GC(232) Pause Relocate Start 0.008ms
[120.112s][info][gc,phases   ] GC(232) Concurrent Relocate 1.597ms
[120.112s][info][gc,load     ] GC(232) Load: 0.00/0.00/0.00
[120.112s][info][gc,mmu      ] GC(232) MMU: 2ms/96.8%, 5ms/98.7%, 10ms/99.3%, 20ms/99.6%, 50ms/99.8%, 100ms/99.9%
[120.112s][info][gc,marking  ] GC(232) Mark: 8 stripe(s), 2 proactive flush(es), 1 terminate flush(es), 0 completion(s), 0 continuation(s) 
[120.112s][info][gc,marking  ] GC(232) Mark Stack Usage: 32M
[120.112s][info][gc,nmethod  ] GC(232) NMethods: 6573 registered, 273 unregistered
[120.112s][info][gc,metaspace] GC(232) Metaspace: 66M used, 67M committed, 1088M reserved
[120.112s][info][gc,ref      ] GC(232) Soft: 3296 encountered, 0 discovered, 0 enqueued
[120.112s][info][gc,ref      ] GC(232) Weak: 6395 encountered, 2874 discovered, 4 enqueued
[120.112s][info][gc,ref      ] GC(232) Final: 84 encountered, 61 discovered, 0 enqueued
[120.112s][info][gc,ref      ] GC(232) Phantom: 616 encountered, 475 discovered, 0 enqueued
[120.113s][info][gc,reloc    ] GC(232) Small Pages: 362 / 724M, Empty: 494M, Relocated: 4M, In-Place: 0
[120.113s][info][gc,reloc    ] GC(232) Medium Pages: 1 / 32M, Empty: 0M, Relocated: 0M, In-Place: 0
[120.113s][info][gc,reloc    ] GC(232) Large Pages: 4 / 24M, Empty: 24M, Relocated: 0M, In-Place: 0
[120.113s][info][gc,reloc    ] GC(232) Forwarding Usage: 2M
[120.113s][info][gc,heap     ] GC(232) Min Capacity: 8M(0%)
[120.113s][info][gc,heap     ] GC(232) Max Capacity: 2048M(100%)
[120.113s][info][gc,heap     ] GC(232) Soft Max Capacity: 2048M(100%)
[120.113s][info][gc,heap     ] GC(232)                Mark Start          Mark End        Relocate Start      Relocate End           High               Low         
[120.113s][info][gc,heap     ] GC(232)  Capacity:     2048M (100%)       2048M (100%)       2048M (100%)       2048M (100%)       2048M (100%)       2048M (100%)   
[120.113s][info][gc,heap     ] GC(232)      Free:     1268M (62%)        1268M (62%)        1782M (87%)        1808M (88%)        1808M (88%)        1266M (62%)    
[120.113s][info][gc,heap     ] GC(232)      Used:      780M (38%)         780M (38%)         266M (13%)         240M (12%)         782M (38%)         240M (12%)    
[120.113s][info][gc,heap     ] GC(232)      Live:         -               167M (8%)          167M (8%)          167M (8%)             -                  -          
[120.113s][info][gc,heap     ] GC(232) Allocated:         -                 0M (0%)            4M (0%)            3M (0%)             -                  -          
[120.113s][info][gc,heap     ] GC(232)   Garbage:         -               612M (30%)          94M (5%)           68M (3%)             -                  -          
[120.113s][info][gc,heap     ] GC(232) Reclaimed:         -                  -               518M (25%)         543M (27%)            -                  -          
[120.113s][info][gc          ] GC(232) Garbage Collection (System.gc()) 780M(38%)->240M(12%)
[120.174s][info][gc,stats    ] === Garbage Collection Statistics =======================================================================================================================
[120.175s][info][gc,stats    ]                                                              Last 10s              Last 10m              Last 10h                Total
[120.175s][info][gc,stats    ]                                                              Avg / Max             Avg / Max             Avg / Max             Avg / Max
[120.175s][info][gc,stats    ]   Collector: Garbage Collection Cycle                    199.198 / 350.510     204.158 / 1113.016    204.158 / 1113.016    204.158 / 1113.016    ms
[120.175s][info][gc,stats    ]  Contention: Mark Segment Reset Contention                    21 / 29               19 / 154              19 / 154              19 / 154         ops/s
[120.175s][info][gc,stats    ]  Contention: Mark SeqNum Reset Contention                      1 / 4                 1 / 6                 1 / 6                 1 / 6           ops/s
[120.175s][info][gc,stats    ]    Critical: Allocation Stall                                  0 / 0                 0 / 5                 0 / 5                 0 / 5           ops/s
[120.175s][info][gc,stats    ]    Critical: Allocation Stall                              0.000 / 0.000        46.147 / 67.576       46.147 / 67.576       46.147 / 67.576      ms
[120.175s][info][gc,stats    ]    Critical: GC Locker Stall                                   0 / 0                 0 / 1                 0 / 1                 0 / 1           ops/s
[120.175s][info][gc,stats    ]    Critical: GC Locker Stall                               0.000 / 0.000         0.001 / 0.001         0.001 / 0.001         0.001 / 0.001       ms
[120.175s][info][gc,stats    ]    Critical: Relocation Stall                                  0 / 0                 0 / 3                 0 / 3                 0 / 3           ops/s
[120.175s][info][gc,stats    ]    Critical: Relocation Stall                              0.000 / 0.000         6.236 / 10.360        6.236 / 10.360        6.236 / 10.360      ms
[120.175s][info][gc,stats    ]      Memory: Allocation Rate                                1234 / 1948           1089 / 2860           1089 / 2860           1089 / 2860        MB/s
[120.175s][info][gc,stats    ]      Memory: Defragment                                        0 / 0                 2 / 131               2 / 131               2 / 131         ops/s
[120.175s][info][gc,stats    ]      Memory: Out Of Memory                                     0 / 0                 0 / 0                 0 / 0                 0 / 0           ops/s
[120.175s][info][gc,stats    ]      Memory: Page Cache Flush                                  6 / 62               17 / 356              17 / 356              17 / 356         MB/s
[120.175s][info][gc,stats    ]      Memory: Page Cache Hit L1                               601 / 991             533 / 1290            533 / 1290            533 / 1290        ops/s
[120.175s][info][gc,stats    ]      Memory: Page Cache Hit L2                                 0 / 0                 0 / 0                 0 / 0                 0 / 0           ops/s
[120.175s][info][gc,stats    ]      Memory: Page Cache Hit L3                                 0 / 1                10 / 362              10 / 362              10 / 362         ops/s
[120.175s][info][gc,stats    ]      Memory: Page Cache Miss                                   0 / 6                 1 / 32                1 / 32                1 / 32          ops/s
[120.175s][info][gc,stats    ]      Memory: Uncommit                                          0 / 0                 0 / 0                 0 / 0                 0 / 0           MB/s
[120.175s][info][gc,stats    ]      Memory: Undo Object Allocation Failed                     2 / 15                1 / 38                1 / 38                1 / 38          ops/s
[120.175s][info][gc,stats    ]      Memory: Undo Object Allocation Succeeded                  2 / 15               24 / 1098             24 / 1098             24 / 1098        ops/s
[120.175s][info][gc,stats    ]      Memory: Undo Page Allocation                             24 / 67               24 / 127              24 / 127              24 / 127         ops/s
[120.175s][info][gc,stats    ]       Phase: Concurrent Mark                             139.427 / 233.816     155.135 / 1077.882    155.135 / 1077.882    155.135 / 1077.882    ms
[120.175s][info][gc,stats    ]       Phase: Concurrent Mark Continue                      0.000 / 0.000         0.000 / 0.000         0.000 / 0.000         0.000 / 0.000       ms
[120.175s][info][gc,stats    ]       Phase: Concurrent Mark Free                          0.001 / 0.001         0.001 / 0.002         0.001 / 0.002         0.001 / 0.002       ms
[120.175s][info][gc,stats    ]       Phase: Concurrent Process Non-Strong References      2.457 / 3.985         2.933 / 16.614        2.933 / 16.614        2.933 / 16.614      ms
[120.175s][info][gc,stats    ]       Phase: Concurrent Relocate                          26.060 / 70.395       25.011 / 107.720      25.011 / 107.720      25.011 / 107.720     ms
[120.175s][info][gc,stats    ]       Phase: Concurrent Reset Relocation Set               0.039 / 0.102         0.038 / 0.157         0.038 / 0.157         0.038 / 0.157       ms
[120.176s][info][gc,stats    ]       Phase: Concurrent Select Relocation Set             17.625 / 49.592       17.687 / 58.871       17.687 / 58.871       17.687 / 58.871      ms
[120.176s][info][gc,stats    ]       Phase: Pause Mark End                                0.028 / 0.039         0.026 / 0.063         0.026 / 0.063         0.026 / 0.063       ms
[120.176s][info][gc,stats    ]       Phase: Pause Mark Start                              0.014 / 0.019         0.014 / 0.059         0.014 / 0.059         0.014 / 0.059       ms
[120.176s][info][gc,stats    ]       Phase: Pause Relocate Start                          0.010 / 0.013         0.010 / 0.015         0.010 / 0.015         0.010 / 0.015       ms
[120.176s][info][gc,stats    ]    Subphase: Concurrent Classes Purge                      0.053 / 0.478         0.137 / 6.469         0.137 / 6.469         0.137 / 6.469       ms
[120.176s][info][gc,stats    ]    Subphase: Concurrent Classes Unlink                     1.774 / 3.202         2.104 / 13.817        2.104 / 13.817        2.104 / 13.817      ms
[120.176s][info][gc,stats    ]    Subphase: Concurrent Mark                             126.775 / 227.698     142.490 / 1074.330    142.490 / 1074.330    142.490 / 1074.330    ms
[120.176s][info][gc,stats    ]    Subphase: Concurrent Mark Try Flush                     0.149 / 0.338         0.130 / 0.573         0.130 / 0.573         0.130 / 0.573       ms
[120.176s][info][gc,stats    ]    Subphase: Concurrent Mark Try Terminate                 8.288 / 15.783       10.138 / 16.666       10.138 / 16.666       10.138 / 16.666      ms
[120.176s][info][gc,stats    ]    Subphase: Concurrent References Enqueue                 0.002 / 0.004         0.002 / 0.005         0.002 / 0.005         0.002 / 0.005       ms
[120.176s][info][gc,stats    ]    Subphase: Concurrent References Process                 0.129 / 0.226         0.128 / 0.333         0.128 / 0.333         0.128 / 0.333       ms
[120.176s][info][gc,stats    ]    Subphase: Concurrent Roots ClassLoaderDataGraph         0.105 / 0.752         0.097 / 0.915         0.097 / 0.915         0.097 / 0.915       ms
[120.176s][info][gc,stats    ]    Subphase: Concurrent Roots CodeCache                    0.000 / 0.000         0.000 / 0.000         0.000 / 0.000         0.000 / 0.000       ms
[120.176s][info][gc,stats    ]    Subphase: Concurrent Roots JavaThreads                  4.365 / 6.993         6.228 / 13.140        6.228 / 13.140        6.228 / 13.140      ms
[120.176s][info][gc,stats    ]    Subphase: Concurrent Roots OopStorageSet                0.036 / 0.075         0.031 / 0.277         0.031 / 0.277         0.031 / 0.277       ms
[120.176s][info][gc,stats    ]    Subphase: Concurrent Weak Roots OopStorageSet           0.217 / 0.431         0.231 / 1.572         0.231 / 1.572         0.231 / 1.572       ms
[120.176s][info][gc,stats    ]    Subphase: Pause Mark Try Complete                       0.000 / 0.000         0.001 / 0.006         0.001 / 0.006         0.001 / 0.006       ms
[120.176s][info][gc,stats    ]      System: Java Threads                                    275 / 280             232 / 280             232 / 280             232 / 280         threads
[120.176s][info][gc,stats    ] =========================================================================================================================================================
[120.483s][info][gc,start    ] GC(233) Garbage Collection (Allocation Rate)
[120.483s][info][gc,task     ] GC(233) Using 4 workers
[120.483s][info][gc,phases   ] GC(233) Pause Mark Start 0.012ms
[120.748s][info][gc,phases   ] GC(233) Concurrent Mark 265.148ms
[120.749s][info][gc,phases   ] GC(233) Pause Mark End 0.033ms
[120.749s][info][gc,phases   ] GC(233) Concurrent Mark Free 0.001ms
[120.754s][info][gc,phases   ] GC(233) Concurrent Process Non-Strong References 5.135ms
[120.754s][info][gc,phases   ] GC(233) Concurrent Reset Relocation Set 0.004ms
[120.788s][info][gc,phases   ] GC(233) Concurrent Select Relocation Set 33.824ms
[120.788s][info][gc,phases   ] GC(233) Pause Relocate Start 0.013ms
[120.868s][info][gc,phases   ] GC(233) Concurrent Relocate 79.690ms
[120.868s][info][gc,load     ] GC(233) Load: 0.00/0.00/0.00
[120.868s][info][gc,mmu      ] GC(233) MMU: 2ms/96.8%, 5ms/98.7%, 10ms/99.3%, 20ms/99.6%, 50ms/99.8%, 100ms/99.9%
[120.868s][info][gc,marking  ] GC(233) Mark: 4 stripe(s), 2 proactive flush(es), 1 terminate flush(es), 0 completion(s), 0 continuation(s) 
[120.868s][info][gc,marking  ] GC(233) Mark Stack Usage: 32M
[120.868s][info][gc,nmethod  ] GC(233) NMethods: 6590 registered, 278 unregistered
[120.868s][info][gc,metaspace] GC(233) Metaspace: 66M used, 67M committed, 1088M reserved
[120.868s][info][gc,ref      ] GC(233) Soft: 3300 encountered, 0 discovered, 0 enqueued
[120.868s][info][gc,ref      ] GC(233) Weak: 6472 encountered, 1990 discovered, 28 enqueued
[120.868s][info][gc,ref      ] GC(233) Final: 84 encountered, 1 discovered, 0 enqueued
[120.868s][info][gc,ref      ] GC(233) Phantom: 616 encountered, 340 discovered, 0 enqueued
[120.868s][info][gc,reloc    ] GC(233) Small Pages: 429 / 858M, Empty: 0M, Relocated: 122M, In-Place: 0
[120.868s][info][gc,reloc    ] GC(233) Medium Pages: 2 / 64M, Empty: 0M, Relocated: 18M, In-Place: 0
[120.868s][info][gc,reloc    ] GC(233) Large Pages: 7 / 42M, Empty: 6M, Relocated: 0M, In-Place: 0
[120.868s][info][gc,reloc    ] GC(233) Forwarding Usage: 82M
[120.868s][info][gc,heap     ] GC(233) Min Capacity: 8M(0%)
[120.868s][info][gc,heap     ] GC(233) Max Capacity: 2048M(100%)
[120.868s][info][gc,heap     ] GC(233) Soft Max Capacity: 2048M(100%)
[120.868s][info][gc,heap     ] GC(233)                Mark Start          Mark End        Relocate Start      Relocate End           High               Low         
[120.868s][info][gc,heap     ] GC(233)  Capacity:     2048M (100%)       2048M (100%)       2048M (100%)       2048M (100%)       2048M (100%)       2048M (100%)   
[120.868s][info][gc,heap     ] GC(233)      Free:     1084M (53%)         602M (29%)         528M (26%)         988M (48%)        1084M (53%)         492M (24%)    
[120.868s][info][gc,heap     ] GC(233)      Used:      964M (47%)        1446M (71%)        1520M (74%)        1060M (52%)        1556M (76%)         964M (47%)    
[120.868s][info][gc,heap     ] GC(233)      Live:         -               333M (16%)         333M (16%)         333M (16%)            -                  -          
[120.869s][info][gc,heap     ] GC(233) Allocated:         -               482M (24%)         562M (27%)         679M (33%)            -                  -          
[120.869s][info][gc,heap     ] GC(233)   Garbage:         -               630M (31%)         624M (30%)          47M (2%)             -                  -          
[120.869s][info][gc,heap     ] GC(233) Reclaimed:         -                  -                 6M (0%)          583M (28%)            -                  -          
[120.869s][info][gc          ] GC(233) Garbage Collection (Allocation Rate) 964M(47%)->1060M(52%)
[120.873s][info][gc,start    ] GC(234) Garbage Collection (Allocation Rate)
[120.873s][info][gc,task     ] GC(234) Using 8 workers
[120.874s][info][gc,phases   ] GC(234) Pause Mark Start 0.013ms
[121.083s][info][gc,phases   ] GC(234) Concurrent Mark 209.671ms
[121.084s][info][gc,phases   ] GC(234) Pause Mark End 0.030ms
[121.084s][info][gc,phases   ] GC(234) Concurrent Mark Free 0.001ms
[121.086s][info][gc,phases   ] GC(234) Concurrent Process Non-Strong References 2.320ms
[121.086s][info][gc,phases   ] GC(234) Concurrent Reset Relocation Set 0.058ms
[121.093s][info][gc,phases   ] GC(234) Concurrent Select Relocation Set 7.224ms
[121.093s][info][gc,phases   ] GC(234) Pause Relocate Start 0.009ms
[121.121s][info][gc,phases   ] GC(234) Concurrent Relocate 27.626ms
[121.121s][info][gc,load     ] GC(234) Load: 0.00/0.00/0.00
[121.121s][info][gc,mmu      ] GC(234) MMU: 2ms/96.8%, 5ms/98.7%, 10ms/99.3%, 20ms/99.6%, 50ms/99.8%, 100ms/99.9%
[121.121s][info][gc,marking  ] GC(234) Mark: 8 stripe(s), 2 proactive flush(es), 1 terminate flush(es), 0 completion(s), 0 continuation(s) 
[121.121s][info][gc,marking  ] GC(234) Mark Stack Usage: 32M
[121.121s][info][gc,nmethod  ] GC(234) NMethods: 6590 registered, 278 unregistered
[121.121s][info][gc,metaspace] GC(234) Metaspace: 66M used, 67M committed, 1088M reserved
[121.121s][info][gc,ref      ] GC(234) Soft: 3300 encountered, 0 discovered, 0 enqueued
[121.121s][info][gc,ref      ] GC(234) Weak: 6444 encountered, 2250 discovered, 0 enqueued
[121.121s][info][gc,ref      ] GC(234) Final: 84 encountered, 0 discovered, 0 enqueued
[121.121s][info][gc,ref      ] GC(234) Phantom: 616 encountered, 416 discovered, 0 enqueued
[121.121s][info][gc,reloc    ] GC(234) Small Pages: 476 / 952M, Empty: 0M, Relocated: 55M, In-Place: 0
[121.121s][info][gc,reloc    ] GC(234) Medium Pages: 1 / 32M, Empty: 0M, Relocated: 0M, In-Place: 0
[121.121s][info][gc,reloc    ] GC(234) Large Pages: 12 / 88M, Empty: 24M, Relocated: 0M, In-Place: 0
[121.121s][info][gc,reloc    ] GC(234) Forwarding Usage: 48M
[121.121s][info][gc,heap     ] GC(234) Min Capacity: 8M(0%)
[121.121s][info][gc,heap     ] GC(234) Max Capacity: 2048M(100%)
[121.121s][info][gc,heap     ] GC(234) Soft Max Capacity: 2048M(100%)
[121.121s][info][gc,heap     ] GC(234)                Mark Start          Mark End        Relocate Start      Relocate End           High               Low         
[121.121s][info][gc,heap     ] GC(234)  Capacity:     2048M (100%)       2048M (100%)       2048M (100%)       2048M (100%)       2048M (100%)       2048M (100%)   
[121.121s][info][gc,heap     ] GC(234)      Free:      976M (48%)         620M (30%)         626M (31%)        1184M (58%)        1184M (58%)         610M (30%)    
[121.121s][info][gc,heap     ] GC(234)      Used:     1072M (52%)        1428M (70%)        1422M (69%)         864M (42%)        1438M (70%)         864M (42%)    
[121.121s][info][gc,heap     ] GC(234)      Live:         -               394M (19%)         394M (19%)         394M (19%)            -                  -          
[121.121s][info][gc,heap     ] GC(234) Allocated:         -               356M (17%)         374M (18%)         406M (20%)            -                  -          
[121.121s][info][gc,heap     ] GC(234)   Garbage:         -               677M (33%)         653M (32%)          62M (3%)             -                  -          
[121.121s][info][gc,heap     ] GC(234) Reclaimed:         -                  -                24M (1%)          614M (30%)            -                  -          
[121.121s][info][gc          ] GC(234) Garbage Collection (Allocation Rate) 1072M(52%)->864M(42%)
[121.177s][info][gc,start    ] GC(235) Garbage Collection (Allocation Rate)
[121.177s][info][gc,task     ] GC(235) Using 9 workers
[121.177s][info][gc,phases   ] GC(235) Pause Mark Start 0.014ms
[121.411s][info][gc,phases   ] GC(235) Concurrent Mark 233.898ms
[121.412s][info][gc,phases   ] GC(235) Pause Mark End 0.022ms
[121.412s][info][gc,phases   ] GC(235) Concurrent Mark Free 0.001ms
[121.414s][info][gc,phases   ] GC(235) Concurrent Process Non-Strong References 2.788ms
[121.415s][info][gc,phases   ] GC(235) Concurrent Reset Relocation Set 0.080ms
[121.421s][info][gc,phases   ] GC(235) Concurrent Select Relocation Set 6.706ms
[121.422s][info][gc,phases   ] GC(235) Pause Relocate Start 0.009ms
[121.448s][info][gc,phases   ] GC(235) Concurrent Relocate 25.936ms
[121.448s][info][gc,load     ] GC(235) Load: 0.00/0.00/0.00
[121.448s][info][gc,mmu      ] GC(235) MMU: 2ms/96.8%, 5ms/98.7%, 10ms/99.3%, 20ms/99.6%, 50ms/99.8%, 100ms/99.9%
[121.448s][info][gc,marking  ] GC(235) Mark: 8 stripe(s), 3 proactive flush(es), 1 terminate flush(es), 0 completion(s), 0 continuation(s) 
[121.448s][info][gc,marking  ] GC(235) Mark Stack Usage: 32M
[121.448s][info][gc,nmethod  ] GC(235) NMethods: 6590 registered, 278 unregistered
[121.448s][info][gc,metaspace] GC(235) Metaspace: 66M used, 67M committed, 1088M reserved
[121.448s][info][gc,ref      ] GC(235) Soft: 3300 encountered, 0 discovered, 0 enqueued
[121.448s][info][gc,ref      ] GC(235) Weak: 6444 encountered, 1700 discovered, 0 enqueued
[121.448s][info][gc,ref      ] GC(235) Final: 84 encountered, 7 discovered, 0 enqueued
[121.448s][info][gc,ref      ] GC(235) Phantom: 616 encountered, 491 discovered, 0 enqueued
[121.448s][info][gc,reloc    ] GC(235) Small Pages: 425 / 850M, Empty: 0M, Relocated: 36M, In-Place: 0
[121.448s][info][gc,reloc    ] GC(235) Medium Pages: 1 / 32M, Empty: 0M, Relocated: 0M, In-Place: 0
[121.448s][info][gc,reloc    ] GC(235) Large Pages: 8 / 64M, Empty: 0M, Relocated: 0M, In-Place: 0
[121.448s][info][gc,reloc    ] GC(235) Forwarding Usage: 35M
[121.448s][info][gc,heap     ] GC(235) Min Capacity: 8M(0%)
[121.448s][info][gc,heap     ] GC(235) Max Capacity: 2048M(100%)
[121.448s][info][gc,heap     ] GC(235) Soft Max Capacity: 2048M(100%)
[121.448s][info][gc,heap     ] GC(235)                Mark Start          Mark End        Relocate Start      Relocate End           High               Low         
[121.448s][info][gc,heap     ] GC(235)  Capacity:     2048M (100%)       2048M (100%)       2048M (100%)       2048M (100%)       2048M (100%)       2048M (100%)   
[121.448s][info][gc,heap     ] GC(235)      Free:     1102M (54%)         768M (38%)         726M (35%)        1182M (58%)        1182M (58%)         708M (35%)    
[121.448s][info][gc,heap     ] GC(235)      Used:      946M (46%)        1280M (63%)        1322M (65%)         866M (42%)        1340M (65%)         866M (42%)    
[121.448s][info][gc,heap     ] GC(235)      Live:         -               416M (20%)         416M (20%)         416M (20%)            -                  -          
[121.448s][info][gc,heap     ] GC(235) Allocated:         -               334M (16%)         376M (18%)         378M (18%)            -                  -          
[121.448s][info][gc,heap     ] GC(235)   Garbage:         -               529M (26%)         529M (26%)          71M (3%)             -                  -          
[121.448s][info][gc,heap     ] GC(235) Reclaimed:         -                  -                 0M (0%)          458M (22%)            -                  -          
[121.448s][info][gc          ] GC(235) Garbage Collection (Allocation Rate) 946M(46%)->866M(42%)
[121.474s][info][gc,start    ] GC(236) Garbage Collection (Allocation Rate)
[121.474s][info][gc,task     ] GC(236) Using 9 workers
[121.474s][info][gc,phases   ] GC(236) Pause Mark Start 0.014ms
[121.668s][info][gc,phases   ] GC(236) Concurrent Mark 193.858ms
[121.668s][info][gc,phases   ] GC(236) Pause Mark End 0.030ms
[121.668s][info][gc,phases   ] GC(236) Concurrent Mark Free 0.001ms
[121.671s][info][gc,phases   ] GC(236) Concurrent Process Non-Strong References 2.308ms
[121.671s][info][gc,phases   ] GC(236) Concurrent Reset Relocation Set 0.047ms
[121.704s][info][gc,phases   ] GC(236) Concurrent Select Relocation Set 32.720ms
[121.704s][info][gc,phases   ] GC(236) Pause Relocate Start 0.010ms
[121.737s][info][gc,phases   ] GC(236) Concurrent Relocate 33.041ms
[121.737s][info][gc,load     ] GC(236) Load: 0.00/0.00/0.00
[121.737s][info][gc,mmu      ] GC(236) MMU: 2ms/96.8%, 5ms/98.7%, 10ms/99.3%, 20ms/99.6%, 50ms/99.8%, 100ms/99.9%
[121.737s][info][gc,marking  ] GC(236) Mark: 8 stripe(s), 2 proactive flush(es), 1 terminate flush(es), 0 completion(s), 0 continuation(s) 
[121.737s][info][gc,marking  ] GC(236) Mark Stack Usage: 32M
[121.737s][info][gc,nmethod  ] GC(236) NMethods: 6590 registered, 278 unregistered
[121.737s][info][gc,metaspace] GC(236) Metaspace: 66M used, 67M committed, 1088M reserved
[121.737s][info][gc,ref      ] GC(236) Soft: 3300 encountered, 0 discovered, 0 enqueued
[121.737s][info][gc,ref      ] GC(236) Weak: 6444 encountered, 1119 discovered, 0 enqueued
[121.737s][info][gc,ref      ] GC(236) Final: 84 encountered, 36 discovered, 0 enqueued
[121.737s][info][gc,ref      ] GC(236) Phantom: 616 encountered, 451 discovered, 0 enqueued
[121.737s][info][gc,reloc    ] GC(236) Small Pages: 369 / 738M, Empty: 68M, Relocated: 47M, In-Place: 0
[121.737s][info][gc,reloc    ] GC(236) Medium Pages: 2 / 64M, Empty: 0M, Relocated: 11M, In-Place: 0
[121.737s][info][gc,reloc    ] GC(236) Large Pages: 8 / 64M, Empty: 24M, Relocated: 0M, In-Place: 0
[121.737s][info][gc,reloc    ] GC(236) Forwarding Usage: 45M
[121.737s][info][gc,heap     ] GC(236) Min Capacity: 8M(0%)
[121.737s][info][gc,heap     ] GC(236) Max Capacity: 2048M(100%)
[121.737s][info][gc,heap     ] GC(236) Soft Max Capacity: 2048M(100%)
[121.737s][info][gc,heap     ] GC(236)                Mark Start          Mark End        Relocate Start      Relocate End           High               Low         
[121.738s][info][gc,heap     ] GC(236)  Capacity:     2048M (100%)       2048M (100%)       2048M (100%)       2048M (100%)       2048M (100%)       2048M (100%)   
[121.738s][info][gc,heap     ] GC(236)      Free:     1182M (58%)        1148M (56%)        1240M (61%)        1636M (80%)        1636M (80%)        1148M (56%)    
[121.738s][info][gc,heap     ] GC(236)      Used:      866M (42%)         900M (44%)         808M (39%)         412M (20%)         900M (44%)         412M (20%)    
[121.738s][info][gc,heap     ] GC(236)      Live:         -               307M (15%)         307M (15%)         307M (15%)            -                  -          
[121.738s][info][gc,heap     ] GC(236) Allocated:         -                34M (2%)           34M (2%)           35M (2%)             -                  -          
[121.738s][info][gc,heap     ] GC(236)   Garbage:         -               558M (27%)         466M (23%)          69M (3%)             -                  -          
[121.738s][info][gc,heap     ] GC(236) Reclaimed:         -                  -                92M (4%)          489M (24%)            -                  -          
[121.738s][info][gc          ] GC(236) Garbage Collection (Allocation Rate) 866M(42%)->412M(20%)
[121.871s][info][gc,start    ] GC(237) Garbage Collection (Allocation Rate)
[121.871s][info][gc,task     ] GC(237) Using 9 workers
[121.871s][info][gc,phases   ] GC(237) Pause Mark Start 0.017ms
[122.043s][info][gc,phases   ] GC(237) Concurrent Mark 171.410ms
[122.043s][info][gc,phases   ] GC(237) Pause Mark End 0.020ms
[122.043s][info][gc,phases   ] GC(237) Concurrent Mark Free 0.001ms
[122.045s][info][gc,phases   ] GC(237) Concurrent Process Non-Strong References 2.244ms
[122.046s][info][gc,phases   ] GC(237) Concurrent Reset Relocation Set 0.043ms
[122.053s][info][gc,phases   ] GC(237) Concurrent Select Relocation Set 7.126ms
[122.053s][info][gc,phases   ] GC(237) Pause Relocate Start 0.008ms
[122.060s][info][gc,phases   ] GC(237) Concurrent Relocate 7.275ms
[122.060s][info][gc,load     ] GC(237) Load: 0.00/0.00/0.00
[122.060s][info][gc,mmu      ] GC(237) MMU: 2ms/96.8%, 5ms/98.7%, 10ms/99.3%, 20ms/99.6%, 50ms/99.8%, 100ms/99.9%
[122.060s][info][gc,marking  ] GC(237) Mark: 8 stripe(s), 2 proactive flush(es), 1 terminate flush(es), 0 completion(s), 0 continuation(s) 
[122.060s][info][gc,marking  ] GC(237) Mark Stack Usage: 32M
[122.060s][info][gc,nmethod  ] GC(237) NMethods: 6592 registered, 278 unregistered
[122.060s][info][gc,metaspace] GC(237) Metaspace: 66M used, 67M committed, 1088M reserved
[122.060s][info][gc,ref      ] GC(237) Soft: 3300 encountered, 0 discovered, 0 enqueued
[122.060s][info][gc,ref      ] GC(237) Weak: 6445 encountered, 1582 discovered, 1 enqueued
[122.060s][info][gc,ref      ] GC(237) Final: 84 encountered, 82 discovered, 0 enqueued
[122.060s][info][gc,ref      ] GC(237) Phantom: 616 encountered, 314 discovered, 0 enqueued
[122.060s][info][gc,reloc    ] GC(237) Small Pages: 154 / 308M, Empty: 0M, Relocated: 6M, In-Place: 0
[122.060s][info][gc,reloc    ] GC(237) Medium Pages: 2 / 64M, Empty: 0M, Relocated: 19M, In-Place: 0
[122.060s][info][gc,reloc    ] GC(237) Large Pages: 4 / 40M, Empty: 0M, Relocated: 0M, In-Place: 0
[122.060s][info][gc,reloc    ] GC(237) Forwarding Usage: 6M
[122.060s][info][gc,heap     ] GC(237) Min Capacity: 8M(0%)
[122.060s][info][gc,heap     ] GC(237) Max Capacity: 2048M(100%)
[122.060s][info][gc,heap     ] GC(237) Soft Max Capacity: 2048M(100%)
[122.060s][info][gc,heap     ] GC(237)                Mark Start          Mark End        Relocate Start      Relocate End           High               Low         
[122.060s][info][gc,heap     ] GC(237)  Capacity:     2048M (100%)       2048M (100%)       2048M (100%)       2048M (100%)       2048M (100%)       2048M (100%)   
[122.060s][info][gc,heap     ] GC(237)      Free:     1636M (80%)        1572M (77%)        1570M (77%)        1604M (78%)        1636M (80%)        1524M (74%)    
[122.060s][info][gc,heap     ] GC(237)      Used:      412M (20%)         476M (23%)         478M (23%)         444M (22%)         524M (26%)         412M (20%)    
[122.060s][info][gc,heap     ] GC(237)      Live:         -               315M (15%)         315M (15%)         315M (15%)            -                  -          
[122.061s][info][gc,heap     ] GC(237) Allocated:         -                64M (3%)           66M (3%)           67M (3%)             -                  -          
[122.061s][info][gc,heap     ] GC(237)   Garbage:         -                96M (5%)           96M (5%)           60M (3%)             -                  -          
[122.061s][info][gc,heap     ] GC(237) Reclaimed:         -                  -                 0M (0%)           35M (2%)             -                  -          
[122.061s][info][gc          ] GC(237) Garbage Collection (Allocation Rate) 412M(20%)->444M(22%)
[122.074s][info][gc,start    ] GC(238) Garbage Collection (Allocation Rate)
[122.074s][info][gc,task     ] GC(238) Using 9 workers
[122.075s][info][gc,phases   ] GC(238) Pause Mark Start 0.020ms
[122.219s][info][gc,phases   ] GC(238) Concurrent Mark 143.977ms
[122.219s][info][gc,phases   ] GC(238) Pause Mark End 0.022ms
[122.219s][info][gc,phases   ] GC(238) Concurrent Mark Free 0.001ms
[122.221s][info][gc,phases   ] GC(238) Concurrent Process Non-Strong References 2.046ms
[122.221s][info][gc,phases   ] GC(238) Concurrent Reset Relocation Set 0.001ms
[122.229s][info][gc,phases   ] GC(238) Concurrent Select Relocation Set 7.968ms
[122.229s][info][gc,phases   ] GC(238) Pause Relocate Start 0.010ms
[122.235s][info][gc,phases   ] GC(238) Concurrent Relocate 6.355ms
[122.235s][info][gc,load     ] GC(238) Load: 0.00/0.00/0.00
[122.235s][info][gc,mmu      ] GC(238) MMU: 2ms/96.8%, 5ms/98.7%, 10ms/99.3%, 20ms/99.6%, 50ms/99.8%, 100ms/99.9%
[122.235s][info][gc,marking  ] GC(238) Mark: 8 stripe(s), 3 proactive flush(es), 2 terminate flush(es), 0 completion(s), 0 continuation(s) 
[122.235s][info][gc,marking  ] GC(238) Mark Stack Usage: 32M
[122.235s][info][gc,nmethod  ] GC(238) NMethods: 6601 registered, 279 unregistered
[122.235s][info][gc,metaspace] GC(238) Metaspace: 66M used, 67M committed, 1088M reserved
[122.236s][info][gc,ref      ] GC(238) Soft: 3300 encountered, 0 discovered, 0 enqueued
[122.236s][info][gc,ref      ] GC(238) Weak: 6580 encountered, 426 discovered, 0 enqueued
[122.236s][info][gc,ref      ] GC(238) Final: 84 encountered, 4 discovered, 0 enqueued
[122.236s][info][gc,ref      ] GC(238) Phantom: 620 encountered, 562 discovered, 0 enqueued
[122.236s][info][gc,reloc    ] GC(238) Small Pages: 173 / 346M, Empty: 16M, Relocated: 8M, In-Place: 0
[122.236s][info][gc,reloc    ] GC(238) Medium Pages: 2 / 64M, Empty: 32M, Relocated: 0M, In-Place: 0
[122.236s][info][gc,reloc    ] GC(238) Large Pages: 4 / 40M, Empty: 0M, Relocated: 0M, In-Place: 0
[122.236s][info][gc,reloc    ] GC(238) Forwarding Usage: 7M
[122.236s][info][gc,heap     ] GC(238) Min Capacity: 8M(0%)
[122.236s][info][gc,heap     ] GC(238) Max Capacity: 2048M(100%)
[122.236s][info][gc,heap     ] GC(238) Soft Max Capacity: 2048M(100%)
[122.236s][info][gc,heap     ] GC(238)                Mark Start          Mark End        Relocate Start      Relocate End           High               Low         
[122.236s][info][gc,heap     ] GC(238)  Capacity:     2048M (100%)       2048M (100%)       2048M (100%)       2048M (100%)       2048M (100%)       2048M (100%)   
[122.236s][info][gc,heap     ] GC(238)      Free:     1598M (78%)        1564M (76%)        1554M (76%)        1566M (76%)        1602M (78%)        1538M (75%)    
[122.236s][info][gc,heap     ] GC(238)      Used:      450M (22%)         484M (24%)         494M (24%)         482M (24%)         510M (25%)         446M (22%)    
[122.236s][info][gc,heap     ] GC(238)      Live:         -               306M (15%)         306M (15%)         306M (15%)            -                  -          
[122.236s][info][gc,heap     ] GC(238) Allocated:         -                34M (2%)           92M (4%)          104M (5%)             -                  -          
[122.236s][info][gc,heap     ] GC(238)   Garbage:         -               143M (7%)           95M (5%)           71M (3%)             -                  -          
[122.236s][info][gc,heap     ] GC(238) Reclaimed:         -                  -                48M (2%)           72M (4%)             -                  -          
[122.236s][info][gc          ] GC(238) Garbage Collection (Allocation Rate) 450M(22%)->482M(24%)
[122.269s][info][gc,start    ] GC(239) Garbage Collection (Allocation Rate)
[122.269s][info][gc,task     ] GC(239) Using 9 workers
[122.269s][info][gc,phases   ] GC(239) Pause Mark Start 0.011ms
[122.363s][info][gc,phases   ] GC(239) Concurrent Mark 93.368ms
[122.363s][info][gc,phases   ] GC(239) Pause Mark End 0.037ms
[122.363s][info][gc,phases   ] GC(239) Concurrent Mark Free 0.001ms
[122.366s][info][gc,phases   ] GC(239) Concurrent Process Non-Strong References 2.364ms
[122.366s][info][gc,phases   ] GC(239) Concurrent Reset Relocation Set 0.004ms
[122.377s][info][gc,phases   ] GC(239) Concurrent Select Relocation Set 11.405ms
[122.377s][info][gc,phases   ] GC(239) Pause Relocate Start 0.009ms
[122.389s][info][gc,phases   ] GC(239) Concurrent Relocate 11.867ms
[122.389s][info][gc,load     ] GC(239) Load: 0.00/0.00/0.00
[122.389s][info][gc,mmu      ] GC(239) MMU: 2ms/96.8%, 5ms/98.7%, 10ms/99.3%, 20ms/99.6%, 50ms/99.8%, 100ms/99.9%
[122.389s][info][gc,marking  ] GC(239) Mark: 8 stripe(s), 2 proactive flush(es), 1 terminate flush(es), 0 completion(s), 0 continuation(s) 
[122.389s][info][gc,marking  ] GC(239) Mark Stack Usage: 32M
[122.389s][info][gc,nmethod  ] GC(239) NMethods: 6613 registered, 282 unregistered
[122.389s][info][gc,metaspace] GC(239) Metaspace: 66M used, 67M committed, 1088M reserved
[122.389s][info][gc,ref      ] GC(239) Soft: 3300 encountered, 0 discovered, 0 enqueued
[122.389s][info][gc,ref      ] GC(239) Weak: 6652 encountered, 2702 discovered, 85 enqueued
[122.389s][info][gc,ref      ] GC(239) Final: 84 encountered, 0 discovered, 0 enqueued
[122.389s][info][gc,ref      ] GC(239) Phantom: 620 encountered, 449 discovered, 0 enqueued
[122.389s][info][gc,reloc    ] GC(239) Small Pages: 211 / 422M, Empty: 82M, Relocated: 15M, In-Place: 0
[122.389s][info][gc,reloc    ] GC(239) Medium Pages: 2 / 64M, Empty: 0M, Relocated: 18M, In-Place: 0
[122.389s][info][gc,reloc    ] GC(239) Large Pages: 5 / 46M, Empty: 46M, Relocated: 0M, In-Place: 0
[122.389s][info][gc,reloc    ] GC(239) Forwarding Usage: 14M
[122.389s][info][gc,heap     ] GC(239) Min Capacity: 8M(0%)
[122.389s][info][gc,heap     ] GC(239) Max Capacity: 2048M(100%)
[122.389s][info][gc,heap     ] GC(239) Soft Max Capacity: 2048M(100%)
[122.389s][info][gc,heap     ] GC(239)                Mark Start          Mark End        Relocate Start      Relocate End           High               Low         
[122.389s][info][gc,heap     ] GC(239)  Capacity:     2048M (100%)       2048M (100%)       2048M (100%)       2048M (100%)       2048M (100%)       2048M (100%)   
[122.389s][info][gc,heap     ] GC(239)      Free:     1516M (74%)        1438M (70%)        1554M (76%)        1720M (84%)        1720M (84%)        1430M (70%)    
[122.389s][info][gc,heap     ] GC(239)      Used:      532M (26%)         610M (30%)         494M (24%)         328M (16%)         618M (30%)         328M (16%)    
[122.390s][info][gc,heap     ] GC(239)      Live:         -               186M (9%)          186M (9%)          186M (9%)             -                  -          
[122.390s][info][gc,heap     ] GC(239) Allocated:         -                78M (4%)           90M (4%)           93M (5%)             -                  -          
[122.390s][info][gc,heap     ] GC(239)   Garbage:         -               345M (17%)         217M (11%)          47M (2%)             -                  -          
[122.390s][info][gc,heap     ] GC(239) Reclaimed:         -                  -               128M (6%)          297M (15%)            -                  -          
[122.390s][info][gc          ] GC(239) Garbage Collection (Allocation Rate) 532M(26%)->328M(16%)
[122.979s][info][gc,start    ] GC(240) Garbage Collection (Allocation Rate)
[122.979s][info][gc,task     ] GC(240) Using 12 workers
[122.979s][info][gc,phases   ] GC(240) Pause Mark Start 0.012ms
[123.120s][info][gc,phases   ] GC(240) Concurrent Mark 140.186ms
[123.120s][info][gc,phases   ] GC(240) Pause Mark End 0.035ms
[123.120s][info][gc,phases   ] GC(240) Concurrent Mark Free 0.001ms
[123.122s][info][gc,phases   ] GC(240) Concurrent Process Non-Strong References 2.047ms
[123.122s][info][gc,phases   ] GC(240) Concurrent Reset Relocation Set 0.011ms
[123.159s][info][gc,phases   ] GC(240) Concurrent Select Relocation Set 37.242ms
[123.159s][info][gc,phases   ] GC(240) Pause Relocate Start 0.009ms
[123.206s][info][gc,phases   ] GC(240) Concurrent Relocate 46.329ms
[123.206s][info][gc,load     ] GC(240) Load: 0.00/0.00/0.00
[123.206s][info][gc,mmu      ] GC(240) MMU: 2ms/96.8%, 5ms/98.7%, 10ms/99.3%, 20ms/99.6%, 50ms/99.8%, 100ms/99.9%
[123.206s][info][gc,marking  ] GC(240) Mark: 8 stripe(s), 2 proactive flush(es), 1 terminate flush(es), 0 completion(s), 0 continuation(s) 
[123.206s][info][gc,marking  ] GC(240) Mark Stack Usage: 32M
[123.206s][info][gc,nmethod  ] GC(240) NMethods: 6615 registered, 283 unregistered
[123.206s][info][gc,metaspace] GC(240) Metaspace: 66M used, 67M committed, 1088M reserved
[123.206s][info][gc,ref      ] GC(240) Soft: 3304 encountered, 0 discovered, 0 enqueued
[123.206s][info][gc,ref      ] GC(240) Weak: 6571 encountered, 1322 discovered, 78 enqueued
[123.206s][info][gc,ref      ] GC(240) Final: 84 encountered, 6 discovered, 0 enqueued
[123.206s][info][gc,ref      ] GC(240) Phantom: 616 encountered, 449 discovered, 0 enqueued
[123.206s][info][gc,reloc    ] GC(240) Small Pages: 622 / 1244M, Empty: 0M, Relocated: 148M, In-Place: 0
[123.206s][info][gc,reloc    ] GC(240) Medium Pages: 2 / 64M, Empty: 32M, Relocated: 0M, In-Place: 0
[123.206s][info][gc,reloc    ] GC(240) Large Pages: 12 / 72M, Empty: 24M, Relocated: 0M, In-Place: 0
[123.206s][info][gc,reloc    ] GC(240) Forwarding Usage: 102M
[123.206s][info][gc,heap     ] GC(240) Min Capacity: 8M(0%)
[123.206s][info][gc,heap     ] GC(240) Max Capacity: 2048M(100%)
[123.206s][info][gc,heap     ] GC(240) Soft Max Capacity: 2048M(100%)
[123.206s][info][gc,heap     ] GC(240)                Mark Start          Mark End        Relocate Start      Relocate End           High               Low         
[123.206s][info][gc,heap     ] GC(240)  Capacity:     2048M (100%)       2048M (100%)       2048M (100%)       2048M (100%)       2048M (100%)       2048M (100%)   
[123.206s][info][gc,heap     ] GC(240)      Free:      668M (33%)         484M (24%)         466M (23%)        1326M (65%)        1328M (65%)         442M (22%)    
[123.206s][info][gc,heap     ] GC(240)      Used:     1380M (67%)        1564M (76%)        1582M (77%)         722M (35%)        1606M (78%)         720M (35%)    
[123.206s][info][gc,heap     ] GC(240)      Live:         -               358M (17%)         358M (17%)         358M (17%)            -                  -          
[123.206s][info][gc,heap     ] GC(240) Allocated:         -               184M (9%)          258M (13%)         303M (15%)            -                  -          
[123.206s][info][gc,heap     ] GC(240)   Garbage:         -              1021M (50%)         965M (47%)          60M (3%)             -                  -          
[123.206s][info][gc,heap     ] GC(240) Reclaimed:         -                  -                56M (3%)          961M (47%)            -                  -          
[123.206s][info][gc          ] GC(240) Garbage Collection (Allocation Rate) 1380M(67%)->722M(35%)
[123.276s][info][gc,start    ] GC(241) Garbage Collection (Allocation Rate)
[123.276s][info][gc,task     ] GC(241) Using 12 workers
[123.276s][info][gc,phases   ] GC(241) Pause Mark Start 0.017ms
[123.470s][info][gc,phases   ] GC(241) Concurrent Mark 193.925ms
[123.470s][info][gc,phases   ] GC(241) Pause Mark End 0.027ms
[123.470s][info][gc,phases   ] GC(241) Concurrent Mark Free 0.001ms
[123.473s][info][gc,phases   ] GC(241) Concurrent Process Non-Strong References 2.205ms
[123.473s][info][gc,phases   ] GC(241) Concurrent Reset Relocation Set 0.096ms
[123.488s][info][gc,phases   ] GC(241) Concurrent Select Relocation Set 14.827ms
[123.488s][info][gc,phases   ] GC(241) Pause Relocate Start 0.009ms
[123.507s][info][gc,phases   ] GC(241) Concurrent Relocate 19.005ms
[123.507s][info][gc,load     ] GC(241) Load: 0.00/0.00/0.00
[123.507s][info][gc,mmu      ] GC(241) MMU: 2ms/96.8%, 5ms/98.7%, 10ms/99.3%, 20ms/99.6%, 50ms/99.8%, 100ms/99.9%
[123.507s][info][gc,marking  ] GC(241) Mark: 8 stripe(s), 4 proactive flush(es), 1 terminate flush(es), 0 completion(s), 0 continuation(s) 
[123.507s][info][gc,marking  ] GC(241) Mark Stack Usage: 32M
[123.507s][info][gc,nmethod  ] GC(241) NMethods: 6615 registered, 283 unregistered
[123.507s][info][gc,metaspace] GC(241) Metaspace: 66M used, 67M committed, 1088M reserved
[123.507s][info][gc,ref      ] GC(241) Soft: 3304 encountered, 0 discovered, 0 enqueued
[123.507s][info][gc,ref      ] GC(241) Weak: 6490 encountered, 2702 discovered, 0 enqueued
[123.507s][info][gc,ref      ] GC(241) Final: 84 encountered, 7 discovered, 0 enqueued
[123.507s][info][gc,ref      ] GC(241) Phantom: 616 encountered, 254 discovered, 0 enqueued
[123.507s][info][gc,reloc    ] GC(241) Small Pages: 352 / 704M, Empty: 0M, Relocated: 38M, In-Place: 0
[123.507s][info][gc,reloc    ] GC(241) Medium Pages: 1 / 32M, Empty: 0M, Relocated: 0M, In-Place: 0
[123.507s][info][gc,reloc    ] GC(241) Large Pages: 12 / 88M, Empty: 24M, Relocated: 0M, In-Place: 0
[123.507s][info][gc,reloc    ] GC(241) Forwarding Usage: 30M
[123.507s][info][gc,heap     ] GC(241) Min Capacity: 8M(0%)
[123.507s][info][gc,heap     ] GC(241) Max Capacity: 2048M(100%)
[123.507s][info][gc,heap     ] GC(241) Soft Max Capacity: 2048M(100%)
[123.507s][info][gc,heap     ] GC(241)                Mark Start          Mark End        Relocate Start      Relocate End           High               Low         
[123.507s][info][gc,heap     ] GC(241)  Capacity:     2048M (100%)       2048M (100%)       2048M (100%)       2048M (100%)       2048M (100%)       2048M (100%)   
[123.507s][info][gc,heap     ] GC(241)      Free:     1224M (60%)        1028M (50%)        1028M (50%)        1342M (66%)        1344M (66%)        1004M (49%)    
[123.507s][info][gc,heap     ] GC(241)      Used:      824M (40%)        1020M (50%)        1020M (50%)         706M (34%)        1044M (51%)         704M (34%)    
[123.507s][info][gc,heap     ] GC(241)      Live:         -               395M (19%)         395M (19%)         395M (19%)            -                  -          
[123.507s][info][gc,heap     ] GC(241) Allocated:         -               196M (10%)         220M (11%)         241M (12%)            -                  -          
[123.507s][info][gc,heap     ] GC(241)   Garbage:         -               428M (21%)         404M (20%)          69M (3%)             -                  -          
[123.507s][info][gc,heap     ] GC(241) Reclaimed:         -                  -                24M (1%)          359M (18%)            -                  -          
[123.507s][info][gc          ] GC(241) Garbage Collection (Allocation Rate) 824M(40%)->706M(34%)
[123.580s][info][gc,start    ] GC(242) Garbage Collection (Allocation Rate)
[123.580s][info][gc,task     ] GC(242) Using 12 workers
[123.580s][info][gc,phases   ] GC(242) Pause Mark Start 0.014ms
[123.751s][info][gc,phases   ] GC(242) Concurrent Mark 171.375ms
[123.751s][info][gc,phases   ] GC(242) Pause Mark End 0.020ms
[123.752s][info][gc,phases   ] GC(242) Concurrent Mark Free 0.001ms
[123.754s][info][gc,phases   ] GC(242) Concurrent Process Non-Strong References 2.098ms
[123.754s][info][gc,phases   ] GC(242) Concurrent Reset Relocation Set 0.028ms
[123.758s][info][gc,phases   ] GC(242) Concurrent Select Relocation Set 3.951ms
[123.758s][info][gc,phases   ] GC(242) Pause Relocate Start 0.009ms
[123.771s][info][gc,phases   ] GC(242) Concurrent Relocate 13.528ms
[123.772s][info][gc,load     ] GC(242) Load: 0.00/0.00/0.00
[123.772s][info][gc,mmu      ] GC(242) MMU: 2ms/96.8%, 5ms/98.7%, 10ms/99.3%, 20ms/99.6%, 50ms/99.8%, 100ms/99.9%
[123.772s][info][gc,marking  ] GC(242) Mark: 8 stripe(s), 10 proactive flush(es), 2 terminate flush(es), 0 completion(s), 0 continuation(s) 
[123.772s][info][gc,marking  ] GC(242) Mark Stack Usage: 32M
[123.772s][info][gc,nmethod  ] GC(242) NMethods: 6621 registered, 283 unregistered
[123.772s][info][gc,metaspace] GC(242) Metaspace: 66M used, 67M committed, 1088M reserved
[123.772s][info][gc,ref      ] GC(242) Soft: 3304 encountered, 0 discovered, 0 enqueued
[123.772s][info][gc,ref      ] GC(242) Weak: 6488 encountered, 2602 discovered, 0 enqueued
[123.772s][info][gc,ref      ] GC(242) Final: 84 encountered, 44 discovered, 0 enqueued
[123.772s][info][gc,ref      ] GC(242) Phantom: 616 encountered, 594 discovered, 0 enqueued
[123.772s][info][gc,reloc    ] GC(242) Small Pages: 367 / 734M, Empty: 0M, Relocated: 27M, In-Place: 0
[123.772s][info][gc,reloc    ] GC(242) Medium Pages: 1 / 32M, Empty: 0M, Relocated: 0M, In-Place: 0
[123.772s][info][gc,reloc    ] GC(242) Large Pages: 8 / 64M, Empty: 0M, Relocated: 0M, In-Place: 0
[123.772s][info][gc,reloc    ] GC(242) Forwarding Usage: 25M
[123.772s][info][gc,heap     ] GC(242) Min Capacity: 8M(0%)
[123.772s][info][gc,heap     ] GC(242) Max Capacity: 2048M(100%)
[123.772s][info][gc,heap     ] GC(242) Soft Max Capacity: 2048M(100%)
[123.772s][info][gc,heap     ] GC(242)                Mark Start          Mark End        Relocate Start      Relocate End           High               Low         
[123.772s][info][gc,heap     ] GC(242)  Capacity:     2048M (100%)       2048M (100%)       2048M (100%)       2048M (100%)       2048M (100%)       2048M (100%)   
[123.772s][info][gc,heap     ] GC(242)      Free:     1218M (59%)         954M (47%)         946M (46%)        1280M (63%)        1280M (63%)         922M (45%)    
[123.772s][info][gc,heap     ] GC(242)      Used:      830M (41%)        1094M (53%)        1102M (54%)         768M (38%)        1126M (55%)         768M (38%)    
[123.772s][info][gc,heap     ] GC(242)      Live:         -               412M (20%)         412M (20%)         412M (20%)            -                  -          
[123.772s][info][gc,heap     ] GC(242) Allocated:         -               264M (13%)         272M (13%)         281M (14%)            -                  -          
[123.772s][info][gc,heap     ] GC(242)   Garbage:         -               417M (20%)         417M (20%)          73M (4%)             -                  -          
[123.772s][info][gc,heap     ] GC(242) Reclaimed:         -                  -                 0M (0%)          343M (17%)            -                  -          
[123.772s][info][gc          ] GC(242) Garbage Collection (Allocation Rate) 830M(41%)->768M(38%)
[124.071s][info][gc,start    ] GC(243) Garbage Collection (Allocation Rate)
[124.071s][info][gc,task     ] GC(243) Using 8 workers
[124.071s][info][gc,phases   ] GC(243) Pause Mark Start 0.019ms
[124.242s][info][gc,phases   ] GC(243) Concurrent Mark 171.191ms
[124.243s][info][gc,phases   ] GC(243) Pause Mark End 0.022ms
[124.243s][info][gc,phases   ] GC(243) Concurrent Mark Free 0.001ms
[124.245s][info][gc,phases   ] GC(243) Concurrent Process Non-Strong References 2.499ms
[124.245s][info][gc,phases   ] GC(243) Concurrent Reset Relocation Set 0.037ms
[124.273s][info][gc,phases   ] GC(243) Concurrent Select Relocation Set 27.517ms
[124.273s][info][gc,phases   ] GC(243) Pause Relocate Start 0.013ms
[124.304s][info][gc,phases   ] GC(243) Concurrent Relocate 30.791ms
[124.304s][info][gc,load     ] GC(243) Load: 0.00/0.00/0.00
[124.304s][info][gc,mmu      ] GC(243) MMU: 2ms/96.8%, 5ms/98.7%, 10ms/99.3%, 20ms/99.6%, 50ms/99.8%, 100ms/99.9%
[124.304s][info][gc,marking  ] GC(243) Mark: 8 stripe(s), 3 proactive flush(es), 1 terminate flush(es), 0 completion(s), 0 continuation(s) 
[124.304s][info][gc,marking  ] GC(243) Mark Stack Usage: 32M
[124.304s][info][gc,nmethod  ] GC(243) NMethods: 6621 registered, 283 unregistered
[124.304s][info][gc,metaspace] GC(243) Metaspace: 66M used, 67M committed, 1088M reserved
[124.304s][info][gc,ref      ] GC(243) Soft: 3304 encountered, 0 discovered, 0 enqueued
[124.304s][info][gc,ref      ] GC(243) Weak: 6495 encountered, 1949 discovered, 3 enqueued
[124.304s][info][gc,ref      ] GC(243) Final: 84 encountered, 60 discovered, 0 enqueued
[124.304s][info][gc,ref      ] GC(243) Phantom: 616 encountered, 545 discovered, 0 enqueued
[124.304s][info][gc,reloc    ] GC(243) Small Pages: 345 / 690M, Empty: 54M, Relocated: 43M, In-Place: 0
[124.304s][info][gc,reloc    ] GC(243) Medium Pages: 2 / 64M, Empty: 0M, Relocated: 18M, In-Place: 0
[124.304s][info][gc,reloc    ] GC(243) Large Pages: 8 / 64M, Empty: 24M, Relocated: 0M, In-Place: 0
[124.304s][info][gc,reloc    ] GC(243) Forwarding Usage: 40M
[124.304s][info][gc,heap     ] GC(243) Min Capacity: 8M(0%)
[124.304s][info][gc,heap     ] GC(243) Max Capacity: 2048M(100%)
[124.304s][info][gc,heap     ] GC(243) Soft Max Capacity: 2048M(100%)
[124.304s][info][gc,heap     ] GC(243)                Mark Start          Mark End        Relocate Start      Relocate End           High               Low         
[124.304s][info][gc,heap     ] GC(243)  Capacity:     2048M (100%)       2048M (100%)       2048M (100%)       2048M (100%)       2048M (100%)       2048M (100%)   
[124.304s][info][gc,heap     ] GC(243)      Free:     1230M (60%)        1186M (58%)        1256M (61%)        1614M (79%)        1616M (79%)        1184M (58%)    
[124.304s][info][gc,heap     ] GC(243)      Used:      818M (40%)         862M (42%)         792M (39%)         434M (21%)         864M (42%)         432M (21%)    
[124.304s][info][gc,heap     ] GC(243)      Live:         -               310M (15%)         310M (15%)         310M (15%)            -                  -          
[124.304s][info][gc,heap     ] GC(243) Allocated:         -                44M (2%)           52M (3%)           57M (3%)             -                  -          
[124.304s][info][gc,heap     ] GC(243)   Garbage:         -               507M (25%)         429M (21%)          66M (3%)             -                  -          
[124.304s][info][gc,heap     ] GC(243) Reclaimed:         -                  -                78M (4%)          441M (22%)            -                  -          
[124.304s][info][gc          ] GC(243) Garbage Collection (Allocation Rate) 818M(40%)->434M(21%)
[124.383s][info][gc,start    ] GC(244) Garbage Collection (Allocation Rate)
[124.383s][info][gc,task     ] GC(244) Using 8 workers
[124.383s][info][gc,phases   ] GC(244) Pause Mark Start 0.017ms
[124.522s][info][gc,phases   ] GC(244) Concurrent Mark 138.775ms
[124.522s][info][gc,phases   ] GC(244) Pause Mark End 0.022ms
[124.522s][info][gc,phases   ] GC(244) Concurrent Mark Free 0.001ms
[124.525s][info][gc,phases   ] GC(244) Concurrent Process Non-Strong References 2.261ms
[124.525s][info][gc,phases   ] GC(244) Concurrent Reset Relocation Set 0.044ms
[124.570s][info][gc,phases   ] GC(244) Concurrent Select Relocation Set 44.875ms
[124.570s][info][gc,phases   ] GC(244) Pause Relocate Start 0.010ms
[124.602s][info][gc,phases   ] GC(244) Concurrent Relocate 31.615ms
[124.602s][info][gc,load     ] GC(244) Load: 0.00/0.00/0.00
[124.602s][info][gc,mmu      ] GC(244) MMU: 2ms/96.8%, 5ms/98.7%, 10ms/99.3%, 20ms/99.6%, 50ms/99.8%, 100ms/99.9%
[124.602s][info][gc,marking  ] GC(244) Mark: 8 stripe(s), 2 proactive flush(es), 1 terminate flush(es), 0 completion(s), 0 continuation(s) 
[124.602s][info][gc,marking  ] GC(244) Mark Stack Usage: 32M
[124.602s][info][gc,nmethod  ] GC(244) NMethods: 6627 registered, 283 unregistered
[124.602s][info][gc,metaspace] GC(244) Metaspace: 66M used, 67M committed, 1088M reserved
[124.602s][info][gc,ref      ] GC(244) Soft: 3299 encountered, 0 discovered, 0 enqueued
[124.602s][info][gc,ref      ] GC(244) Weak: 6485 encountered, 717 discovered, 0 enqueued
[124.602s][info][gc,ref      ] GC(244) Final: 84 encountered, 8 discovered, 0 enqueued
[124.602s][info][gc,ref      ] GC(244) Phantom: 618 encountered, 595 discovered, 0 enqueued
[124.602s][info][gc,reloc    ] GC(244) Small Pages: 173 / 346M, Empty: 16M, Relocated: 47M, In-Place: 0
[124.602s][info][gc,reloc    ] GC(244) Medium Pages: 2 / 64M, Empty: 32M, Relocated: 0M, In-Place: 0
[124.602s][info][gc,reloc    ] GC(244) Large Pages: 4 / 40M, Empty: 10M, Relocated: 0M, In-Place: 0
[124.602s][info][gc,reloc    ] GC(244) Forwarding Usage: 44M
[124.602s][info][gc,heap     ] GC(244) Min Capacity: 8M(0%)
[124.602s][info][gc,heap     ] GC(244) Max Capacity: 2048M(100%)
[124.602s][info][gc,heap     ] GC(244) Soft Max Capacity: 2048M(100%)
[124.602s][info][gc,heap     ] GC(244)                Mark Start          Mark End        Relocate Start      Relocate End           High               Low         
[124.602s][info][gc,heap     ] GC(244)  Capacity:     2048M (100%)       2048M (100%)       2048M (100%)       2048M (100%)       2048M (100%)       2048M (100%)   
[124.602s][info][gc,heap     ] GC(244)      Free:     1598M (78%)        1572M (77%)        1552M (76%)        1576M (77%)        1628M (79%)        1538M (75%)    
[124.602s][info][gc,heap     ] GC(244)      Used:      450M (22%)         476M (23%)         496M (24%)         472M (23%)         510M (25%)         420M (21%)    
[124.602s][info][gc,heap     ] GC(244)      Live:         -               268M (13%)         268M (13%)         268M (13%)            -                  -          
[124.602s][info][gc,heap     ] GC(244) Allocated:         -                26M (1%)          104M (5%)          141M (7%)             -                  -          
[124.603s][info][gc,heap     ] GC(244)   Garbage:         -               181M (9%)          123M (6%)           61M (3%)             -                  -          
[124.603s][info][gc,heap     ] GC(244) Reclaimed:         -                  -                58M (3%)          119M (6%)             -                  -          
[124.603s][info][gc          ] GC(244) Garbage Collection (Allocation Rate) 450M(22%)->472M(23%)
[125.272s][info][gc,start    ] GC(245) Garbage Collection (Allocation Rate)
[125.272s][info][gc,task     ] GC(245) Using 8 workers
[125.273s][info][gc,phases   ] GC(245) Pause Mark Start 0.011ms
[125.366s][info][gc,phases   ] GC(245) Concurrent Mark 93.309ms
[125.366s][info][gc,phases   ] GC(245) Pause Mark End 0.022ms
[125.366s][info][gc,phases   ] GC(245) Concurrent Mark Free 0.001ms
[125.368s][info][gc,phases   ] GC(245) Concurrent Process Non-Strong References 2.262ms
[125.368s][info][gc,phases   ] GC(245) Concurrent Reset Relocation Set 0.013ms
[125.374s][info][gc,phases   ] GC(245) Concurrent Select Relocation Set 5.774ms
[125.374s][info][gc,phases   ] GC(245) Pause Relocate Start 0.007ms
[125.391s][info][gc,phases   ] GC(245) Concurrent Relocate 16.844ms
[125.391s][info][gc,load     ] GC(245) Load: 0.00/0.00/0.00
[125.391s][info][gc,mmu      ] GC(245) MMU: 2ms/96.8%, 5ms/98.7%, 10ms/99.3%, 20ms/99.6%, 50ms/99.8%, 100ms/99.9%
[125.391s][info][gc,marking  ] GC(245) Mark: 8 stripe(s), 2 proactive flush(es), 1 terminate flush(es), 0 completion(s), 0 continuation(s) 
[125.391s][info][gc,marking  ] GC(245) Mark Stack Usage: 32M
[125.391s][info][gc,nmethod  ] GC(245) NMethods: 6640 registered, 290 unregistered
[125.391s][info][gc,metaspace] GC(245) Metaspace: 66M used, 67M committed, 1088M reserved
[125.391s][info][gc,ref      ] GC(245) Soft: 3300 encountered, 0 discovered, 0 enqueued
[125.391s][info][gc,ref      ] GC(245) Weak: 6818 encountered, 2797 discovered, 288 enqueued
[125.392s][info][gc,ref      ] GC(245) Final: 84 encountered, 4 discovered, 0 enqueued
[125.392s][info][gc,ref      ] GC(245) Phantom: 620 encountered, 379 discovered, 0 enqueued
[125.392s][info][gc,reloc    ] GC(245) Small Pages: 523 / 1046M, Empty: 582M, Relocated: 23M, In-Place: 0
[125.392s][info][gc,reloc    ] GC(245) Medium Pages: 3 / 96M, Empty: 64M, Relocated: 0M, In-Place: 0
[125.392s][info][gc,reloc    ] GC(245) Large Pages: 18 / 120M, Empty: 96M, Relocated: 0M, In-Place: 0
[125.392s][info][gc,reloc    ] GC(245) Forwarding Usage: 24M
[125.392s][info][gc,heap     ] GC(245) Min Capacity: 8M(0%)
[125.392s][info][gc,heap     ] GC(245) Max Capacity: 2048M(100%)
[125.392s][info][gc,heap     ] GC(245) Soft Max Capacity: 2048M(100%)
[125.392s][info][gc,heap     ] GC(245)                Mark Start          Mark End        Relocate Start      Relocate End           High               Low         
[125.392s][info][gc,heap     ] GC(245)  Capacity:     2048M (100%)       2048M (100%)       2048M (100%)       2048M (100%)       2048M (100%)       2048M (100%)   
[125.392s][info][gc,heap     ] GC(245)      Free:      786M (38%)         718M (35%)        1450M (71%)        1686M (82%)        1686M (82%)         716M (35%)    
[125.392s][info][gc,heap     ] GC(245)      Used:     1262M (62%)        1330M (65%)         598M (29%)         362M (18%)        1332M (65%)         362M (18%)    
[125.392s][info][gc,heap     ] GC(245)      Live:         -               213M (10%)         213M (10%)         213M (10%)            -                  -          
[125.392s][info][gc,heap     ] GC(245) Allocated:         -                68M (3%)           78M (4%)           89M (4%)             -                  -          
[125.392s][info][gc,heap     ] GC(245)   Garbage:         -              1048M (51%)         306M (15%)          58M (3%)             -                  -          
[125.392s][info][gc,heap     ] GC(245) Reclaimed:         -                  -               742M (36%)         989M (48%)            -                  -          
[125.392s][info][gc          ] GC(245) Garbage Collection (Allocation Rate) 1262M(62%)->362M(18%)
[125.873s][info][gc,start    ] GC(246) Garbage Collection (Allocation Rate)
[125.873s][info][gc,task     ] GC(246) Using 8 workers
[125.873s][info][gc,phases   ] GC(246) Pause Mark Start 0.011ms
[125.998s][info][gc,phases   ] GC(246) Concurrent Mark 124.674ms
[125.998s][info][gc,phases   ] GC(246) Pause Mark End 0.028ms
[125.998s][info][gc,phases   ] GC(246) Concurrent Mark Free 0.001ms
[126.001s][info][gc,phases   ] GC(246) Concurrent Process Non-Strong References 2.642ms
[126.001s][info][gc,phases   ] GC(246) Concurrent Reset Relocation Set 0.032ms
[126.038s][info][gc,phases   ] GC(246) Concurrent Select Relocation Set 37.286ms
[126.039s][info][gc,phases   ] GC(246) Pause Relocate Start 0.011ms
[126.081s][info][gc,phases   ] GC(246) Concurrent Relocate 41.801ms
[126.081s][info][gc,load     ] GC(246) Load: 0.00/0.00/0.00
[126.081s][info][gc,mmu      ] GC(246) MMU: 2ms/96.8%, 5ms/98.7%, 10ms/99.3%, 20ms/99.6%, 50ms/99.8%, 100ms/99.9%
[126.081s][info][gc,marking  ] GC(246) Mark: 8 stripe(s), 2 proactive flush(es), 1 terminate flush(es), 0 completion(s), 0 continuation(s) 
[126.081s][info][gc,marking  ] GC(246) Mark Stack Usage: 32M
[126.081s][info][gc,nmethod  ] GC(246) NMethods: 6670 registered, 294 unregistered
[126.081s][info][gc,metaspace] GC(246) Metaspace: 66M used, 67M committed, 1088M reserved
[126.081s][info][gc,ref      ] GC(246) Soft: 3300 encountered, 0 discovered, 0 enqueued
[126.081s][info][gc,ref      ] GC(246) Weak: 6588 encountered, 2494 discovered, 94 enqueued
[126.081s][info][gc,ref      ] GC(246) Final: 84 encountered, 6 discovered, 0 enqueued
[126.081s][info][gc,ref      ] GC(246) Phantom: 620 encountered, 594 discovered, 0 enqueued
[126.081s][info][gc,reloc    ] GC(246) Small Pages: 504 / 1008M, Empty: 202M, Relocated: 59M, In-Place: 0
[126.081s][info][gc,reloc    ] GC(246) Medium Pages: 2 / 64M, Empty: 0M, Relocated: 16M, In-Place: 0
[126.081s][info][gc,reloc    ] GC(246) Large Pages: 6 / 36M, Empty: 30M, Relocated: 0M, In-Place: 0
[126.081s][info][gc,reloc    ] GC(246) Forwarding Usage: 56M
[126.081s][info][gc,heap     ] GC(246) Min Capacity: 8M(0%)
[126.081s][info][gc,heap     ] GC(246) Max Capacity: 2048M(100%)
[126.081s][info][gc,heap     ] GC(246) Soft Max Capacity: 2048M(100%)
[126.081s][info][gc,heap     ] GC(246)                Mark Start          Mark End        Relocate Start      Relocate End           High               Low         
[126.081s][info][gc,heap     ] GC(246)  Capacity:     2048M (100%)       2048M (100%)       2048M (100%)       2048M (100%)       2048M (100%)       2048M (100%)   
[126.081s][info][gc,heap     ] GC(246)      Free:      940M (46%)         758M (37%)         988M (48%)        1576M (77%)        1576M (77%)         758M (37%)    
[126.081s][info][gc,heap     ] GC(246)      Used:     1108M (54%)        1290M (63%)        1060M (52%)         472M (23%)        1290M (63%)         472M (23%)    
[126.081s][info][gc,heap     ] GC(246)      Live:         -               237M (12%)         237M (12%)         237M (12%)            -                  -          
[126.081s][info][gc,heap     ] GC(246) Allocated:         -               182M (9%)          184M (9%)          181M (9%)             -                  -          
[126.081s][info][gc,heap     ] GC(246)   Garbage:         -               870M (43%)         638M (31%)          53M (3%)             -                  -          
[126.081s][info][gc,heap     ] GC(246) Reclaimed:         -                  -               232M (11%)         817M (40%)            -                  -          
[126.081s][info][gc          ] GC(246) Garbage Collection (Allocation Rate) 1108M(54%)->472M(23%)
[126.474s][info][gc,start    ] GC(247) Garbage Collection (Allocation Rate)
[126.474s][info][gc,task     ] GC(247) Using 6 workers
[126.475s][info][gc,phases   ] GC(247) Pause Mark Start 0.018ms
[126.607s][info][gc,phases   ] GC(247) Concurrent Mark 132.225ms
[126.608s][info][gc,phases   ] GC(247) Pause Mark End 0.031ms
[126.608s][info][gc,phases   ] GC(247) Concurrent Mark Free 0.001ms
[126.611s][info][gc,phases   ] GC(247) Concurrent Process Non-Strong References 3.616ms
[126.611s][info][gc,phases   ] GC(247) Concurrent Reset Relocation Set 0.074ms
[126.621s][info][gc,phases   ] GC(247) Concurrent Select Relocation Set 10.073ms
[126.622s][info][gc,phases   ] GC(247) Pause Relocate Start 0.008ms
[126.648s][info][gc,phases   ] GC(247) Concurrent Relocate 26.152ms
[126.648s][info][gc,load     ] GC(247) Load: 0.00/0.00/0.00
[126.648s][info][gc,mmu      ] GC(247) MMU: 2ms/96.8%, 5ms/98.7%, 10ms/99.3%, 20ms/99.6%, 50ms/99.8%, 100ms/99.9%
[126.648s][info][gc,marking  ] GC(247) Mark: 4 stripe(s), 2 proactive flush(es), 1 terminate flush(es), 0 completion(s), 0 continuation(s) 
[126.648s][info][gc,marking  ] GC(247) Mark Stack Usage: 32M
[126.648s][info][gc,nmethod  ] GC(247) NMethods: 6674 registered, 295 unregistered
[126.648s][info][gc,metaspace] GC(247) Metaspace: 66M used, 67M committed, 1088M reserved
[126.648s][info][gc,ref      ] GC(247) Soft: 3297 encountered, 0 discovered, 0 enqueued
[126.648s][info][gc,ref      ] GC(247) Weak: 6506 encountered, 2740 discovered, 3 enqueued
[126.648s][info][gc,ref      ] GC(247) Final: 84 encountered, 39 discovered, 0 enqueued
[126.648s][info][gc,ref      ] GC(247) Phantom: 616 encountered, 352 discovered, 0 enqueued
[126.648s][info][gc,reloc    ] GC(247) Small Pages: 329 / 658M, Empty: 228M, Relocated: 25M, In-Place: 0
[126.648s][info][gc,reloc    ] GC(247) Medium Pages: 7 / 224M, Empty: 96M, Relocated: 22M, In-Place: 0
[126.648s][info][gc,reloc    ] GC(247) Large Pages: 28 / 184M, Empty: 122M, Relocated: 0M, In-Place: 0
[126.648s][info][gc,reloc    ] GC(247) Forwarding Usage: 26M
[126.648s][info][gc,heap     ] GC(247) Min Capacity: 8M(0%)
[126.648s][info][gc,heap     ] GC(247) Max Capacity: 2048M(100%)
[126.648s][info][gc,heap     ] GC(247) Soft Max Capacity: 2048M(100%)
[126.648s][info][gc,heap     ] GC(247)                Mark Start          Mark End        Relocate Start      Relocate End           High               Low         
[126.649s][info][gc,heap     ] GC(247)  Capacity:     2048M (100%)       2048M (100%)       2048M (100%)       2048M (100%)       2048M (100%)       2048M (100%)   
[126.649s][info][gc,heap     ] GC(247)      Free:      982M (48%)         764M (37%)        1204M (59%)        1490M (73%)        1490M (73%)         762M (37%)    
[126.649s][info][gc,heap     ] GC(247)      Used:     1066M (52%)        1284M (63%)         844M (41%)         558M (27%)        1286M (63%)         558M (27%)    
[126.649s][info][gc,heap     ] GC(247)      Live:         -               265M (13%)         265M (13%)         265M (13%)            -                  -          
[126.649s][info][gc,heap     ] GC(247) Allocated:         -               218M (11%)         224M (11%)         245M (12%)            -                  -          
[126.649s][info][gc,heap     ] GC(247)   Garbage:         -               800M (39%)         354M (17%)          46M (2%)             -                  -          
[126.649s][info][gc,heap     ] GC(247) Reclaimed:         -                  -               446M (22%)         753M (37%)            -                  -          
[126.649s][info][gc          ] GC(247) Garbage Collection (Allocation Rate) 1066M(52%)->558M(27%)
[126.982s][info][gc,start    ] GC(248) Garbage Collection (Allocation Rate)
[126.982s][info][gc,task     ] GC(248) Using 5 workers
[126.982s][info][gc,phases   ] GC(248) Pause Mark Start 0.011ms
[127.153s][info][gc,phases   ] GC(248) Concurrent Mark 170.672ms
[127.153s][info][gc,phases   ] GC(248) Pause Mark End 0.040ms
[127.154s][info][gc,phases   ] GC(248) Concurrent Mark Free 0.001ms
[127.158s][info][gc,phases   ] GC(248) Concurrent Process Non-Strong References 4.372ms
[127.158s][info][gc,phases   ] GC(248) Concurrent Reset Relocation Set 0.032ms
[127.164s][info][gc,phases   ] GC(248) Concurrent Select Relocation Set 5.524ms
[127.164s][info][gc,phases   ] GC(248) Pause Relocate Start 0.011ms
[127.186s][info][gc,phases   ] GC(248) Concurrent Relocate 22.564ms
[127.187s][info][gc,load     ] GC(248) Load: 0.00/0.00/0.00
[127.187s][info][gc,mmu      ] GC(248) MMU: 2ms/96.8%, 5ms/98.7%, 10ms/99.3%, 20ms/99.6%, 50ms/99.8%, 100ms/99.9%
[127.187s][info][gc,marking  ] GC(248) Mark: 4 stripe(s), 2 proactive flush(es), 1 terminate flush(es), 0 completion(s), 0 continuation(s) 
[127.187s][info][gc,marking  ] GC(248) Mark Stack Usage: 32M
[127.187s][info][gc,nmethod  ] GC(248) NMethods: 6683 registered, 297 unregistered
[127.187s][info][gc,metaspace] GC(248) Metaspace: 66M used, 67M committed, 1088M reserved
[127.187s][info][gc,ref      ] GC(248) Soft: 3296 encountered, 0 discovered, 0 enqueued
[127.187s][info][gc,ref      ] GC(248) Weak: 6506 encountered, 2396 discovered, 110 enqueued
[127.187s][info][gc,ref      ] GC(248) Final: 84 encountered, 32 discovered, 0 enqueued
[127.187s][info][gc,ref      ] GC(248) Phantom: 616 encountered, 402 discovered, 0 enqueued
[127.187s][info][gc,reloc    ] GC(248) Small Pages: 447 / 894M, Empty: 450M, Relocated: 22M, In-Place: 0
[127.187s][info][gc,reloc    ] GC(248) Medium Pages: 2 / 64M, Empty: 32M, Relocated: 0M, In-Place: 0
[127.187s][info][gc,reloc    ] GC(248) Large Pages: 22 / 144M, Empty: 132M, Relocated: 0M, In-Place: 0
[127.187s][info][gc,reloc    ] GC(248) Forwarding Usage: 21M
[127.187s][info][gc,heap     ] GC(248) Min Capacity: 8M(0%)
[127.187s][info][gc,heap     ] GC(248) Max Capacity: 2048M(100%)
[127.187s][info][gc,heap     ] GC(248) Soft Max Capacity: 2048M(100%)
[127.187s][info][gc,heap     ] GC(248)                Mark Start          Mark End        Relocate Start      Relocate End           High               Low         
[127.187s][info][gc,heap     ] GC(248)  Capacity:     2048M (100%)       2048M (100%)       2048M (100%)       2048M (100%)       2048M (100%)       2048M (100%)   
[127.187s][info][gc,heap     ] GC(248)      Free:      946M (46%)         806M (39%)        1418M (69%)        1554M (76%)        1554M (76%)         806M (39%)    
[127.187s][info][gc,heap     ] GC(248)      Used:     1102M (54%)        1242M (61%)         630M (31%)         494M (24%)        1242M (61%)         494M (24%)    
[127.187s][info][gc,heap     ] GC(248)      Live:         -               294M (14%)         294M (14%)         294M (14%)            -                  -          
[127.187s][info][gc,heap     ] GC(248) Allocated:         -               140M (7%)          142M (7%)          143M (7%)             -                  -          
[127.187s][info][gc,heap     ] GC(248)   Garbage:         -               807M (39%)         193M (9%)           55M (3%)             -                  -          
[127.187s][info][gc,heap     ] GC(248) Reclaimed:         -                  -               614M (30%)         751M (37%)            -                  -          
[127.187s][info][gc          ] GC(248) Garbage Collection (Allocation Rate) 1102M(54%)->494M(24%)
[127.187s][info][gc,start    ] GC(249) Garbage Collection (System.gc())
[127.187s][info][gc,task     ] GC(249) Using 12 workers
[127.188s][info][gc,phases   ] GC(249) Pause Mark Start 0.013ms
[127.247s][info][gc,phases   ] GC(249) Concurrent Mark 59.294ms
[127.247s][info][gc,phases   ] GC(249) Pause Mark End 0.019ms
[127.247s][info][gc,phases   ] GC(249) Concurrent Mark Free 0.001ms
[127.249s][info][gc,phases   ] GC(249) Concurrent Process Non-Strong References 1.635ms
[127.249s][info][gc,phases   ] GC(249) Concurrent Reset Relocation Set 0.018ms
[127.255s][info][gc,phases   ] GC(249) Concurrent Select Relocation Set 6.040ms
[127.255s][info][gc,phases   ] GC(249) Pause Relocate Start 0.007ms
[127.256s][info][gc,phases   ] GC(249) Concurrent Relocate 0.951ms
[127.256s][info][gc,load     ] GC(249) Load: 0.00/0.00/0.00
[127.256s][info][gc,mmu      ] GC(249) MMU: 2ms/96.8%, 5ms/98.7%, 10ms/99.3%, 20ms/99.6%, 50ms/99.8%, 100ms/99.9%
[127.256s][info][gc,marking  ] GC(249) Mark: 8 stripe(s), 1 proactive flush(es), 1 terminate flush(es), 0 completion(s), 0 continuation(s) 
[127.256s][info][gc,marking  ] GC(249) Mark Stack Usage: 32M
[127.256s][info][gc,nmethod  ] GC(249) NMethods: 6683 registered, 297 unregistered
[127.256s][info][gc,metaspace] GC(249) Metaspace: 66M used, 67M committed, 1088M reserved
[127.256s][info][gc,ref      ] GC(249) Soft: 3296 encountered, 0 discovered, 0 enqueued
[127.256s][info][gc,ref      ] GC(249) Weak: 6401 encountered, 1584 discovered, 4 enqueued
[127.256s][info][gc,ref      ] GC(249) Final: 84 encountered, 4 discovered, 0 enqueued
[127.256s][info][gc,ref      ] GC(249) Phantom: 616 encountered, 523 discovered, 0 enqueued
[127.256s][info][gc,reloc    ] GC(249) Small Pages: 225 / 450M, Empty: 226M, Relocated: 1M, In-Place: 0
[127.256s][info][gc,reloc    ] GC(249) Medium Pages: 1 / 32M, Empty: 0M, Relocated: 0M, In-Place: 0
[127.256s][info][gc,reloc    ] GC(249) Large Pages: 2 / 12M, Empty: 12M, Relocated: 0M, In-Place: 0
[127.256s][info][gc,reloc    ] GC(249) Forwarding Usage: 0M
[127.256s][info][gc,heap     ] GC(249) Min Capacity: 8M(0%)
[127.256s][info][gc,heap     ] GC(249) Max Capacity: 2048M(100%)
[127.256s][info][gc,heap     ] GC(249) Soft Max Capacity: 2048M(100%)
[127.256s][info][gc,heap     ] GC(249)                Mark Start          Mark End        Relocate Start      Relocate End           High               Low         
[127.256s][info][gc,heap     ] GC(249)  Capacity:     2048M (100%)       2048M (100%)       2048M (100%)       2048M (100%)       2048M (100%)       2048M (100%)   
[127.256s][info][gc,heap     ] GC(249)      Free:     1554M (76%)        1554M (76%)        1790M (87%)        1806M (88%)        1806M (88%)        1552M (76%)    
[127.256s][info][gc,heap     ] GC(249)      Used:      494M (24%)         494M (24%)         258M (13%)         242M (12%)         496M (24%)         242M (12%)    
[127.256s][info][gc,heap     ] GC(249)      Live:         -               167M (8%)          167M (8%)          167M (8%)             -                  -          
[127.256s][info][gc,heap     ] GC(249) Allocated:         -                 0M (0%)            2M (0%)            2M (0%)             -                  -          
[127.256s][info][gc,heap     ] GC(249)   Garbage:         -               326M (16%)          88M (4%)           72M (4%)             -                  -          
[127.256s][info][gc,heap     ] GC(249) Reclaimed:         -                  -               238M (12%)         254M (12%)            -                  -          
[127.256s][info][gc          ] GC(249) Garbage Collection (System.gc()) 494M(24%)->242M(12%)
[127.770s][info][gc,start    ] GC(250) Garbage Collection (Allocation Rate)
[127.770s][info][gc,task     ] GC(250) Using 4 workers
[127.770s][info][gc,phases   ] GC(250) Pause Mark Start 0.017ms
[128.082s][info][gc,phases   ] GC(250) Concurrent Mark 312.000ms
[128.082s][info][gc,phases   ] GC(250) Pause Mark End 0.032ms
[128.082s][info][gc,phases   ] GC(250) Concurrent Mark Free 0.001ms
[128.088s][info][gc,phases   ] GC(250) Concurrent Process Non-Strong References 5.909ms
[128.088s][info][gc,phases   ] GC(250) Concurrent Reset Relocation Set 0.005ms
[128.145s][info][gc,phases   ] GC(250) Concurrent Select Relocation Set 56.294ms
[128.145s][info][gc,phases   ] GC(250) Pause Relocate Start 0.008ms
[128.243s][info][gc,phases   ] GC(250) Concurrent Relocate 98.435ms
[128.244s][info][gc,load     ] GC(250) Load: 0.00/0.00/0.00
[128.244s][info][gc,mmu      ] GC(250) MMU: 2ms/96.8%, 5ms/98.7%, 10ms/99.3%, 20ms/99.6%, 50ms/99.8%, 100ms/99.9%
[128.244s][info][gc,marking  ] GC(250) Mark: 4 stripe(s), 3 proactive flush(es), 1 terminate flush(es), 0 completion(s), 0 continuation(s) 
[128.244s][info][gc,marking  ] GC(250) Mark Stack Usage: 32M
[128.244s][info][gc,nmethod  ] GC(250) NMethods: 6696 registered, 302 unregistered
[128.244s][info][gc,metaspace] GC(250) Metaspace: 66M used, 67M committed, 1088M reserved
[128.244s][info][gc,ref      ] GC(250) Soft: 3301 encountered, 0 discovered, 0 enqueued
[128.244s][info][gc,ref      ] GC(250) Weak: 6477 encountered, 3334 discovered, 28 enqueued
[128.244s][info][gc,ref      ] GC(250) Final: 84 encountered, 0 discovered, 0 enqueued
[128.244s][info][gc,ref      ] GC(250) Phantom: 616 encountered, 572 discovered, 0 enqueued
[128.244s][info][gc,reloc    ] GC(250) Small Pages: 585 / 1170M, Empty: 0M, Relocated: 139M, In-Place: 0
[128.244s][info][gc,reloc    ] GC(250) Medium Pages: 2 / 64M, Empty: 32M, Relocated: 0M, In-Place: 0
[128.244s][info][gc,reloc    ] GC(250) Large Pages: 9 / 54M, Empty: 6M, Relocated: 0M, In-Place: 0
[128.244s][info][gc,reloc    ] GC(250) Forwarding Usage: 98M
[128.244s][info][gc,heap     ] GC(250) Min Capacity: 8M(0%)
[128.244s][info][gc,heap     ] GC(250) Max Capacity: 2048M(100%)
[128.244s][info][gc,heap     ] GC(250) Soft Max Capacity: 2048M(100%)
[128.244s][info][gc,heap     ] GC(250)                Mark Start          Mark End        Relocate Start      Relocate End           High               Low         
[128.244s][info][gc,heap     ] GC(250)  Capacity:     2048M (100%)       2048M (100%)       2048M (100%)       2048M (100%)       2048M (100%)       2048M (100%)   
[128.244s][info][gc,heap     ] GC(250)      Free:      760M (37%)         230M (11%)         190M (9%)          916M (45%)         916M (45%)         182M (9%)     
[128.244s][info][gc,heap     ] GC(250)      Used:     1288M (63%)        1818M (89%)        1858M (91%)        1132M (55%)        1866M (91%)        1132M (55%)    
[128.244s][info][gc,heap     ] GC(250)      Live:         -               360M (18%)         360M (18%)         360M (18%)            -                  -          
[128.244s][info][gc,heap     ] GC(250) Allocated:         -               530M (26%)         608M (30%)         713M (35%)            -                  -          
[128.244s][info][gc,heap     ] GC(250)   Garbage:         -               927M (45%)         889M (43%)          58M (3%)             -                  -          
[128.244s][info][gc,heap     ] GC(250) Reclaimed:         -                  -                38M (2%)          869M (42%)            -                  -          
[128.244s][info][gc          ] GC(250) Garbage Collection (Allocation Rate) 1288M(63%)->1132M(55%)
[128.276s][info][gc,start    ] GC(251) Garbage Collection (Allocation Rate)
[128.276s][info][gc,task     ] GC(251) Using 12 workers
[128.276s][info][gc,phases   ] GC(251) Pause Mark Start 0.016ms
[128.479s][info][gc,phases   ] GC(251) Concurrent Mark 202.674ms
[128.479s][info][gc,phases   ] GC(251) Pause Mark End 0.023ms
[128.479s][info][gc,phases   ] GC(251) Concurrent Mark Free 0.001ms
[128.482s][info][gc,phases   ] GC(251) Concurrent Process Non-Strong References 2.061ms
[128.482s][info][gc,phases   ] GC(251) Concurrent Reset Relocation Set 0.070ms
[128.492s][info][gc,phases   ] GC(251) Concurrent Select Relocation Set 10.051ms
[128.492s][info][gc,phases   ] GC(251) Pause Relocate Start 0.009ms
[128.521s][info][gc,phases   ] GC(251) Concurrent Relocate 29.202ms
[128.521s][info][gc,load     ] GC(251) Load: 0.00/0.00/0.00
[128.521s][info][gc,mmu      ] GC(251) MMU: 2ms/96.8%, 5ms/98.7%, 10ms/99.3%, 20ms/99.6%, 50ms/99.8%, 100ms/99.9%
[128.521s][info][gc,marking  ] GC(251) Mark: 8 stripe(s), 2 proactive flush(es), 1 terminate flush(es), 0 completion(s), 0 continuation(s) 
[128.521s][info][gc,marking  ] GC(251) Mark Stack Usage: 32M
[128.521s][info][gc,nmethod  ] GC(251) NMethods: 6696 registered, 302 unregistered
[128.521s][info][gc,metaspace] GC(251) Metaspace: 66M used, 67M committed, 1088M reserved
[128.521s][info][gc,ref      ] GC(251) Soft: 3301 encountered, 0 discovered, 0 enqueued
[128.521s][info][gc,ref      ] GC(251) Weak: 6447 encountered, 2926 discovered, 0 enqueued
[128.521s][info][gc,ref      ] GC(251) Final: 84 encountered, 1 discovered, 0 enqueued
[128.521s][info][gc,ref      ] GC(251) Phantom: 616 encountered, 412 discovered, 0 enqueued
[128.521s][info][gc,reloc    ] GC(251) Small Pages: 529 / 1058M, Empty: 0M, Relocated: 54M, In-Place: 0
[128.521s][info][gc,reloc    ] GC(251) Medium Pages: 1 / 32M, Empty: 0M, Relocated: 0M, In-Place: 0
[128.521s][info][gc,reloc    ] GC(251) Large Pages: 12 / 88M, Empty: 24M, Relocated: 0M, In-Place: 0
[128.521s][info][gc,reloc    ] GC(251) Forwarding Usage: 50M
[128.521s][info][gc,heap     ] GC(251) Min Capacity: 8M(0%)
[128.521s][info][gc,heap     ] GC(251) Max Capacity: 2048M(100%)
[128.521s][info][gc,heap     ] GC(251) Soft Max Capacity: 2048M(100%)
[128.521s][info][gc,heap     ] GC(251)                Mark Start          Mark End        Relocate Start      Relocate End           High               Low         
[128.521s][info][gc,heap     ] GC(251)  Capacity:     2048M (100%)       2048M (100%)       2048M (100%)       2048M (100%)       2048M (100%)       2048M (100%)   
[128.521s][info][gc,heap     ] GC(251)      Free:      870M (42%)         616M (30%)         620M (30%)        1260M (62%)        1260M (62%)         596M (29%)    
[128.521s][info][gc,heap     ] GC(251)      Used:     1178M (58%)        1432M (70%)        1428M (70%)         788M (38%)        1452M (71%)         788M (38%)    
[128.521s][info][gc,heap     ] GC(251)      Live:         -               412M (20%)         412M (20%)         412M (20%)            -                  -          
[128.522s][info][gc,heap     ] GC(251) Allocated:         -               254M (12%)         274M (13%)         306M (15%)            -                  -          
[128.522s][info][gc,heap     ] GC(251)   Garbage:         -               765M (37%)         741M (36%)          68M (3%)             -                  -          
[128.522s][info][gc,heap     ] GC(251) Reclaimed:         -                  -                24M (1%)          696M (34%)            -                  -          
[128.522s][info][gc          ] GC(251) Garbage Collection (Allocation Rate) 1178M(58%)->788M(38%)
[128.573s][info][gc,start    ] GC(252) Garbage Collection (Allocation Rate)
[128.573s][info][gc,task     ] GC(252) Using 12 workers
[128.573s][info][gc,phases   ] GC(252) Pause Mark Start 0.014ms
[128.760s][info][gc,phases   ] GC(252) Concurrent Mark 187.052ms
[128.761s][info][gc,phases   ] GC(252) Pause Mark End 0.040ms
[128.761s][info][gc,phases   ] GC(252) Concurrent Mark Free 0.001ms
[128.763s][info][gc,phases   ] GC(252) Concurrent Process Non-Strong References 2.362ms
[128.763s][info][gc,phases   ] GC(252) Concurrent Reset Relocation Set 0.100ms
[128.769s][info][gc,phases   ] GC(252) Concurrent Select Relocation Set 5.938ms
[128.769s][info][gc,phases   ] GC(252) Pause Relocate Start 0.012ms
[128.791s][info][gc,phases   ] GC(252) Concurrent Relocate 21.936ms
[128.792s][info][gc,load     ] GC(252) Load: 0.00/0.00/0.00
[128.792s][info][gc,mmu      ] GC(252) MMU: 2ms/96.8%, 5ms/98.7%, 10ms/99.3%, 20ms/99.6%, 50ms/99.8%, 100ms/99.9%
[128.792s][info][gc,marking  ] GC(252) Mark: 8 stripe(s), 2 proactive flush(es), 1 terminate flush(es), 0 completion(s), 0 continuation(s) 
[128.792s][info][gc,marking  ] GC(252) Mark Stack Usage: 32M
[128.792s][info][gc,nmethod  ] GC(252) NMethods: 6696 registered, 302 unregistered
[128.792s][info][gc,metaspace] GC(252) Metaspace: 66M used, 67M committed, 1088M reserved
[128.792s][info][gc,ref      ] GC(252) Soft: 3301 encountered, 0 discovered, 0 enqueued
[128.792s][info][gc,ref      ] GC(252) Weak: 6447 encountered, 1067 discovered, 0 enqueued
[128.792s][info][gc,ref      ] GC(252) Final: 84 encountered, 41 discovered, 0 enqueued
[128.792s][info][gc,ref      ] GC(252) Phantom: 616 encountered, 549 discovered, 0 enqueued
[128.792s][info][gc,reloc    ] GC(252) Small Pages: 386 / 772M, Empty: 0M, Relocated: 41M, In-Place: 0
[128.792s][info][gc,reloc    ] GC(252) Medium Pages: 1 / 32M, Empty: 0M, Relocated: 0M, In-Place: 0
[128.792s][info][gc,reloc    ] GC(252) Large Pages: 8 / 64M, Empty: 6M, Relocated: 0M, In-Place: 0
[128.792s][info][gc,reloc    ] GC(252) Forwarding Usage: 36M
[128.792s][info][gc,heap     ] GC(252) Min Capacity: 8M(0%)
[128.792s][info][gc,heap     ] GC(252) Max Capacity: 2048M(100%)
[128.792s][info][gc,heap     ] GC(252) Soft Max Capacity: 2048M(100%)
[128.792s][info][gc,heap     ] GC(252)                Mark Start          Mark End        Relocate Start      Relocate End           High               Low         
[128.792s][info][gc,heap     ] GC(252)  Capacity:     2048M (100%)       2048M (100%)       2048M (100%)       2048M (100%)       2048M (100%)       2048M (100%)   
[128.792s][info][gc,heap     ] GC(252)      Free:     1180M (58%)        1092M (53%)        1098M (54%)        1468M (72%)        1468M (72%)        1074M (52%)    
[128.792s][info][gc,heap     ] GC(252)      Used:      868M (42%)         956M (47%)         950M (46%)         580M (28%)         974M (48%)         580M (28%)    
[128.792s][info][gc,heap     ] GC(252)      Live:         -               396M (19%)         396M (19%)         396M (19%)            -                  -          
[128.792s][info][gc,heap     ] GC(252) Allocated:         -                88M (4%)           88M (4%)           88M (4%)             -                  -          
[128.792s][info][gc,heap     ] GC(252)   Garbage:         -               471M (23%)         465M (23%)          94M (5%)             -                  -          
[128.792s][info][gc,heap     ] GC(252) Reclaimed:         -                  -                 6M (0%)          376M (18%)            -                  -          
[128.792s][info][gc          ] GC(252) Garbage Collection (Allocation Rate) 868M(42%)->580M(28%)
[129.080s][info][gc,start    ] GC(253) Garbage Collection (Allocation Rate)
[129.080s][info][gc,task     ] GC(253) Using 12 workers
[129.080s][info][gc,phases   ] GC(253) Pause Mark Start 0.016ms
[129.236s][info][gc,phases   ] GC(253) Concurrent Mark 155.750ms
[129.236s][info][gc,phases   ] GC(253) Pause Mark End 0.018ms
[129.236s][info][gc,phases   ] GC(253) Concurrent Mark Free 0.001ms
[129.238s][info][gc,phases   ] GC(253) Concurrent Process Non-Strong References 2.007ms
[129.238s][info][gc,phases   ] GC(253) Concurrent Reset Relocation Set 0.034ms
[129.244s][info][gc,phases   ] GC(253) Concurrent Select Relocation Set 5.592ms
[129.244s][info][gc,phases   ] GC(253) Pause Relocate Start 0.009ms
[129.257s][info][gc,phases   ] GC(253) Concurrent Relocate 13.204ms
[129.257s][info][gc,load     ] GC(253) Load: 0.00/0.00/0.00
[129.257s][info][gc,mmu      ] GC(253) MMU: 2ms/96.8%, 5ms/98.7%, 10ms/99.3%, 20ms/99.6%, 50ms/99.8%, 100ms/99.9%
[129.257s][info][gc,marking  ] GC(253) Mark: 8 stripe(s), 2 proactive flush(es), 1 terminate flush(es), 0 completion(s), 0 continuation(s) 
[129.257s][info][gc,marking  ] GC(253) Mark Stack Usage: 32M
[129.257s][info][gc,nmethod  ] GC(253) NMethods: 6696 registered, 304 unregistered
[129.257s][info][gc,metaspace] GC(253) Metaspace: 66M used, 67M committed, 1088M reserved
[129.257s][info][gc,ref      ] GC(253) Soft: 3301 encountered, 0 discovered, 0 enqueued
[129.257s][info][gc,ref      ] GC(253) Weak: 6399 encountered, 1321 discovered, 3 enqueued
[129.258s][info][gc,ref      ] GC(253) Final: 84 encountered, 5 discovered, 0 enqueued
[129.258s][info][gc,ref      ] GC(253) Phantom: 617 encountered, 535 discovered, 0 enqueued
[129.258s][info][gc,reloc    ] GC(253) Small Pages: 229 / 458M, Empty: 68M, Relocated: 19M, In-Place: 0
[129.258s][info][gc,reloc    ] GC(253) Medium Pages: 2 / 64M, Empty: 0M, Relocated: 17M, In-Place: 0
[129.258s][info][gc,reloc    ] GC(253) Large Pages: 7 / 58M, Empty: 18M, Relocated: 0M, In-Place: 0
[129.258s][info][gc,reloc    ] GC(253) Forwarding Usage: 17M
[129.258s][info][gc,heap     ] GC(253) Min Capacity: 8M(0%)
[129.258s][info][gc,heap     ] GC(253) Max Capacity: 2048M(100%)
[129.258s][info][gc,heap     ] GC(253) Soft Max Capacity: 2048M(100%)
[129.258s][info][gc,heap     ] GC(253)                Mark Start          Mark End        Relocate Start      Relocate End           High               Low         
[129.258s][info][gc,heap     ] GC(253)  Capacity:     2048M (100%)       2048M (100%)       2048M (100%)       2048M (100%)       2048M (100%)       2048M (100%)   
[129.258s][info][gc,heap     ] GC(253)      Free:     1468M (72%)        1406M (69%)        1490M (73%)        1594M (78%)        1594M (78%)        1404M (69%)    
[129.258s][info][gc,heap     ] GC(253)      Used:      580M (28%)         642M (31%)         558M (27%)         454M (22%)         644M (31%)         454M (22%)    
[129.258s][info][gc,heap     ] GC(253)      Live:         -               313M (15%)         313M (15%)         313M (15%)            -                  -          
[129.258s][info][gc,heap     ] GC(253) Allocated:         -                62M (3%)           64M (3%)           69M (3%)             -                  -          
[129.258s][info][gc,heap     ] GC(253)   Garbage:         -               266M (13%)         180M (9%)           71M (3%)             -                  -          
[129.258s][info][gc,heap     ] GC(253) Reclaimed:         -                  -                86M (4%)          195M (10%)            -                  -          
[129.258s][info][gc          ] GC(253) Garbage Collection (Allocation Rate) 580M(28%)->454M(22%)
[129.477s][info][gc,start    ] GC(254) Garbage Collection (Allocation Rate)
[129.477s][info][gc,task     ] GC(254) Using 12 workers
[129.477s][info][gc,phases   ] GC(254) Pause Mark Start 0.012ms
[129.555s][info][gc,phases   ] GC(254) Concurrent Mark 77.825ms
[129.555s][info][gc,phases   ] GC(254) Pause Mark End 0.036ms
[129.555s][info][gc,phases   ] GC(254) Concurrent Mark Free 0.001ms
[129.557s][info][gc,phases   ] GC(254) Concurrent Process Non-Strong References 1.980ms
[129.558s][info][gc,phases   ] GC(254) Concurrent Reset Relocation Set 0.010ms
[129.575s][info][gc,phases   ] GC(254) Concurrent Select Relocation Set 17.093ms
[129.575s][info][gc,phases   ] GC(254) Pause Relocate Start 0.008ms
[129.588s][info][gc,phases   ] GC(254) Concurrent Relocate 13.422ms
[129.588s][info][gc,load     ] GC(254) Load: 0.00/0.00/0.00
[129.588s][info][gc,mmu      ] GC(254) MMU: 2ms/96.8%, 5ms/98.7%, 10ms/99.3%, 20ms/99.6%, 50ms/99.8%, 100ms/99.9%
[129.588s][info][gc,marking  ] GC(254) Mark: 8 stripe(s), 2 proactive flush(es), 1 terminate flush(es), 0 completion(s), 0 continuation(s) 
[129.589s][info][gc,marking  ] GC(254) Mark Stack Usage: 32M
[129.589s][info][gc,nmethod  ] GC(254) NMethods: 6710 registered, 306 unregistered
[129.589s][info][gc,metaspace] GC(254) Metaspace: 66M used, 67M committed, 1088M reserved
[129.589s][info][gc,ref      ] GC(254) Soft: 3303 encountered, 0 discovered, 0 enqueued
[129.589s][info][gc,ref      ] GC(254) Weak: 6659 encountered, 2421 discovered, 86 enqueued
[129.589s][info][gc,ref      ] GC(254) Final: 84 encountered, 62 discovered, 0 enqueued
[129.589s][info][gc,ref      ] GC(254) Phantom: 618 encountered, 475 discovered, 0 enqueued
[129.589s][info][gc,reloc    ] GC(254) Small Pages: 237 / 474M, Empty: 132M, Relocated: 17M, In-Place: 0
[129.589s][info][gc,reloc    ] GC(254) Medium Pages: 2 / 64M, Empty: 0M, Relocated: 18M, In-Place: 0
[129.589s][info][gc,reloc    ] GC(254) Large Pages: 5 / 46M, Empty: 46M, Relocated: 0M, In-Place: 0
[129.589s][info][gc,reloc    ] GC(254) Forwarding Usage: 18M
[129.589s][info][gc,heap     ] GC(254) Min Capacity: 8M(0%)
[129.589s][info][gc,heap     ] GC(254) Max Capacity: 2048M(100%)
[129.589s][info][gc,heap     ] GC(254) Soft Max Capacity: 2048M(100%)
[129.589s][info][gc,heap     ] GC(254)                Mark Start          Mark End        Relocate Start      Relocate End           High               Low         
[129.589s][info][gc,heap     ] GC(254)  Capacity:     2048M (100%)       2048M (100%)       2048M (100%)       2048M (100%)       2048M (100%)       2048M (100%)   
[129.589s][info][gc,heap     ] GC(254)      Free:     1464M (71%)        1398M (68%)        1560M (76%)        1724M (84%)        1724M (84%)        1396M (68%)    
[129.589s][info][gc,heap     ] GC(254)      Used:      584M (29%)         650M (32%)         488M (24%)         324M (16%)         652M (32%)         324M (16%)    
[129.589s][info][gc,heap     ] GC(254)      Live:         -               188M (9%)          188M (9%)          188M (9%)             -                  -          
[129.589s][info][gc,heap     ] GC(254) Allocated:         -                66M (3%)           82M (4%)           85M (4%)             -                  -          
[129.589s][info][gc,heap     ] GC(254)   Garbage:         -               395M (19%)         217M (11%)          49M (2%)             -                  -          
[129.589s][info][gc,heap     ] GC(254) Reclaimed:         -                  -               178M (9%)          345M (17%)            -                  -          
[129.589s][info][gc          ] GC(254) Garbage Collection (Allocation Rate) 584M(29%)->324M(16%)
[130.078s][info][gc,start    ] GC(255) Garbage Collection (Allocation Rate)
[130.078s][info][gc,task     ] GC(255) Using 12 workers
[130.078s][info][gc,phases   ] GC(255) Pause Mark Start 0.013ms
[130.171s][info][gc,stats    ] === Garbage Collection Statistics =======================================================================================================================
[130.172s][info][gc,stats    ]                                                              Last 10s              Last 10m              Last 10h                Total
[130.172s][info][gc,stats    ]                                                              Avg / Max             Avg / Max             Avg / Max             Avg / Max
[130.172s][info][gc,stats    ]   Collector: Garbage Collection Cycle                    215.365 / 474.117     205.125 / 1113.016    205.125 / 1113.016    205.125 / 1113.016    ms
[130.172s][info][gc,stats    ]  Contention: Mark Segment Reset Contention                    25 / 54               19 / 154              19 / 154              19 / 154         ops/s
[130.172s][info][gc,stats    ]  Contention: Mark SeqNum Reset Contention                      2 / 4                 1 / 6                 1 / 6                 1 / 6           ops/s
[130.172s][info][gc,stats    ]    Critical: Allocation Stall                                  0 / 0                 0 / 5                 0 / 5                 0 / 5           ops/s
[130.172s][info][gc,stats    ]    Critical: Allocation Stall                              0.000 / 0.000        46.147 / 67.576       46.147 / 67.576       46.147 / 67.576      ms
[130.172s][info][gc,stats    ]    Critical: GC Locker Stall                                   0 / 0                 0 / 1                 0 / 1                 0 / 1           ops/s
[130.172s][info][gc,stats    ]    Critical: GC Locker Stall                               0.000 / 0.000         0.001 / 0.001         0.001 / 0.001         0.001 / 0.001       ms
[130.172s][info][gc,stats    ]    Critical: Relocation Stall                                  0 / 0                 0 / 3                 0 / 3                 0 / 3           ops/s
[130.172s][info][gc,stats    ]    Critical: Relocation Stall                              0.000 / 0.000         6.236 / 10.360        6.236 / 10.360        6.236 / 10.360      ms
[130.172s][info][gc,stats    ]      Memory: Allocation Rate                                1268 / 2088           1103 / 2860           1103 / 2860           1103 / 2860        MB/s
[130.172s][info][gc,stats    ]      Memory: Defragment                                        9 / 98                3 / 131               3 / 131               3 / 131         ops/s
[130.172s][info][gc,stats    ]      Memory: Out Of Memory                                     0 / 0                 0 / 0                 0 / 0                 0 / 0           ops/s
[130.172s][info][gc,stats    ]      Memory: Page Cache Flush                                 26 / 196              18 / 356              18 / 356              18 / 356         MB/s
[130.172s][info][gc,stats    ]      Memory: Page Cache Hit L1                               628 / 1104            540 / 1290            540 / 1290            540 / 1290        ops/s
[130.172s][info][gc,stats    ]      Memory: Page Cache Hit L2                                 0 / 0                 0 / 0                 0 / 0                 0 / 0           ops/s
[130.172s][info][gc,stats    ]      Memory: Page Cache Hit L3                                 7 / 72               10 / 362              10 / 362              10 / 362         ops/s
[130.172s][info][gc,stats    ]      Memory: Page Cache Miss                                   0 / 7                 1 / 32                1 / 32                1 / 32          ops/s
[130.172s][info][gc,stats    ]      Memory: Uncommit                                          0 / 0                 0 / 0                 0 / 0                 0 / 0           MB/s
[130.172s][info][gc,stats    ]      Memory: Undo Object Allocation Failed                     1 / 3                 1 / 38                1 / 38                1 / 38          ops/s
[130.172s][info][gc,stats    ]      Memory: Undo Object Allocation Succeeded                  2 / 5                23 / 1098             23 / 1098             23 / 1098        ops/s
[130.172s][info][gc,stats    ]      Memory: Undo Page Allocation                             42 / 125              25 / 127              25 / 127              25 / 127         ops/s
[130.172s][info][gc,stats    ]       Phase: Concurrent Mark                             165.557 / 312.000     156.034 / 1077.882    156.034 / 1077.882    156.034 / 1077.882    ms
[130.172s][info][gc,stats    ]       Phase: Concurrent Mark Continue                      0.000 / 0.000         0.000 / 0.000         0.000 / 0.000         0.000 / 0.000       ms
[130.172s][info][gc,stats    ]       Phase: Concurrent Mark Free                          0.001 / 0.001         0.001 / 0.002         0.001 / 0.002         0.001 / 0.002       ms
[130.172s][info][gc,stats    ]       Phase: Concurrent Process Non-Strong References      2.689 / 5.909         2.912 / 16.614        2.912 / 16.614        2.912 / 16.614      ms
[130.172s][info][gc,stats    ]       Phase: Concurrent Relocate                          28.071 / 98.435       25.275 / 107.720      25.275 / 107.720      25.275 / 107.720     ms
[130.172s][info][gc,stats    ]       Phase: Concurrent Reset Relocation Set               0.038 / 0.100         0.038 / 0.157         0.038 / 0.157         0.038 / 0.157       ms
[130.172s][info][gc,stats    ]       Phase: Concurrent Select Relocation Set             17.957 / 56.294       17.710 / 58.871       17.710 / 58.871       17.710 / 58.871      ms
[130.172s][info][gc,stats    ]       Phase: Pause Mark End                                0.028 / 0.040         0.026 / 0.063         0.026 / 0.063         0.026 / 0.063       ms
[130.172s][info][gc,stats    ]       Phase: Pause Mark Start                              0.015 / 0.020         0.014 / 0.059         0.014 / 0.059         0.014 / 0.059       ms
[130.172s][info][gc,stats    ]       Phase: Pause Relocate Start                          0.009 / 0.013         0.010 / 0.015         0.010 / 0.015         0.010 / 0.015       ms
[130.172s][info][gc,stats    ]    Subphase: Concurrent Classes Purge                      0.018 / 0.059         0.127 / 6.469         0.127 / 6.469         0.127 / 6.469       ms
[130.172s][info][gc,stats    ]    Subphase: Concurrent Classes Unlink                     2.012 / 4.561         2.096 / 13.817        2.096 / 13.817        2.096 / 13.817      ms
[130.172s][info][gc,stats    ]    Subphase: Concurrent Mark                             152.195 / 306.055     143.261 / 1074.330    143.261 / 1074.330    143.261 / 1074.330    ms
[130.172s][info][gc,stats    ]    Subphase: Concurrent Mark Try Flush                     0.150 / 0.589         0.131 / 0.589         0.131 / 0.589         0.131 / 0.589       ms
[130.172s][info][gc,stats    ]    Subphase: Concurrent Mark Try Terminate                 7.394 / 16.976        9.989 / 16.976        9.989 / 16.976        9.989 / 16.976      ms
[130.172s][info][gc,stats    ]    Subphase: Concurrent References Enqueue                 0.002 / 0.004         0.002 / 0.005         0.002 / 0.005         0.002 / 0.005       ms
[130.172s][info][gc,stats    ]    Subphase: Concurrent References Process                 0.134 / 0.349         0.128 / 0.349         0.128 / 0.349         0.128 / 0.349       ms
[130.172s][info][gc,stats    ]    Subphase: Concurrent Roots ClassLoaderDataGraph         0.102 / 0.740         0.097 / 0.915         0.097 / 0.915         0.097 / 0.915       ms
[130.173s][info][gc,stats    ]    Subphase: Concurrent Roots CodeCache                    0.000 / 0.000         0.000 / 0.000         0.000 / 0.000         0.000 / 0.000       ms
[130.173s][info][gc,stats    ]    Subphase: Concurrent Roots JavaThreads                  4.293 / 7.148         6.066 / 13.140        6.066 / 13.140        6.066 / 13.140      ms
[130.173s][info][gc,stats    ]    Subphase: Concurrent Roots OopStorageSet                0.035 / 0.071         0.031 / 0.277         0.031 / 0.277         0.031 / 0.277       ms
[130.173s][info][gc,stats    ]    Subphase: Concurrent Weak Roots OopStorageSet           0.234 / 0.697         0.231 / 1.572         0.231 / 1.572         0.231 / 1.572       ms
[130.173s][info][gc,stats    ]    Subphase: Pause Mark Try Complete                       0.000 / 0.000         0.001 / 0.006         0.001 / 0.006         0.001 / 0.006       ms
[130.173s][info][gc,stats    ]      System: Java Threads                                    275 / 278             236 / 280             236 / 280             236 / 280         threads
[130.173s][info][gc,stats    ] =========================================================================================================================================================
[130.203s][info][gc,phases   ] GC(255) Concurrent Mark 124.487ms
[130.203s][info][gc,phases   ] GC(255) Pause Mark End 0.019ms
[130.203s][info][gc,phases   ] GC(255) Concurrent Mark Free 0.002ms
[130.205s][info][gc,phases   ] GC(255) Concurrent Process Non-Strong References 2.010ms
[130.205s][info][gc,phases   ] GC(255) Concurrent Reset Relocation Set 0.018ms
[130.249s][info][gc,phases   ] GC(255) Concurrent Select Relocation Set 43.590ms
[130.249s][info][gc,phases   ] GC(255) Pause Relocate Start 0.009ms
[130.292s][info][gc,phases   ] GC(255) Concurrent Relocate 43.208ms
[130.292s][info][gc,load     ] GC(255) Load: 0.00/0.00/0.00
[130.292s][info][gc,mmu      ] GC(255) MMU: 2ms/96.8%, 5ms/98.7%, 10ms/99.3%, 20ms/99.6%, 50ms/99.8%, 100ms/99.9%
[130.292s][info][gc,marking  ] GC(255) Mark: 8 stripe(s), 2 proactive flush(es), 1 terminate flush(es), 0 completion(s), 0 continuation(s) 
[130.292s][info][gc,marking  ] GC(255) Mark Stack Usage: 32M
[130.292s][info][gc,nmethod  ] GC(255) NMethods: 6710 registered, 306 unregistered
[130.292s][info][gc,metaspace] GC(255) Metaspace: 66M used, 67M committed, 1088M reserved
[130.292s][info][gc,ref      ] GC(255) Soft: 3305 encountered, 0 discovered, 0 enqueued
[130.292s][info][gc,ref      ] GC(255) Weak: 6578 encountered, 2863 discovered, 78 enqueued
[130.292s][info][gc,ref      ] GC(255) Final: 84 encountered, 5 discovered, 0 enqueued
[130.292s][info][gc,ref      ] GC(255) Phantom: 616 encountered, 535 discovered, 0 enqueued
[130.292s][info][gc,reloc    ] GC(255) Small Pages: 511 / 1022M, Empty: 0M, Relocated: 124M, In-Place: 0
[130.293s][info][gc,reloc    ] GC(255) Medium Pages: 2 / 64M, Empty: 0M, Relocated: 12M, In-Place: 0
[130.293s][info][gc,reloc    ] GC(255) Large Pages: 12 / 72M, Empty: 24M, Relocated: 0M, In-Place: 0
[130.293s][info][gc,reloc    ] GC(255) Forwarding Usage: 86M
[130.293s][info][gc,heap     ] GC(255) Min Capacity: 8M(0%)
[130.293s][info][gc,heap     ] GC(255) Max Capacity: 2048M(100%)
[130.293s][info][gc,heap     ] GC(255) Soft Max Capacity: 2048M(100%)
[130.293s][info][gc,heap     ] GC(255)                Mark Start          Mark End        Relocate Start      Relocate End           High               Low         
[130.293s][info][gc,heap     ] GC(255)  Capacity:     2048M (100%)       2048M (100%)       2048M (100%)       2048M (100%)       2048M (100%)       2048M (100%)   
[130.293s][info][gc,heap     ] GC(255)      Free:      890M (43%)         700M (34%)         630M (31%)        1346M (66%)        1346M (66%)         580M (28%)    
[130.293s][info][gc,heap     ] GC(255)      Used:     1158M (57%)        1348M (66%)        1418M (69%)         702M (34%)        1468M (72%)         702M (34%)    
[130.293s][info][gc,heap     ] GC(255)      Live:         -               343M (17%)         343M (17%)         343M (17%)            -                  -          
[130.293s][info][gc,heap     ] GC(255) Allocated:         -               190M (9%)          284M (14%)         300M (15%)            -                  -          
[130.293s][info][gc,heap     ] GC(255)   Garbage:         -               814M (40%)         790M (39%)          58M (3%)             -                  -          
[130.293s][info][gc,heap     ] GC(255) Reclaimed:         -                  -                24M (1%)          756M (37%)            -                  -          
[130.293s][info][gc          ] GC(255) Garbage Collection (Allocation Rate) 1158M(57%)->702M(34%)
[130.375s][info][gc,start    ] GC(256) Garbage Collection (Allocation Rate)
[130.375s][info][gc,task     ] GC(256) Using 12 workers
[130.375s][info][gc,phases   ] GC(256) Pause Mark Start 0.017ms
[130.562s][info][gc,phases   ] GC(256) Concurrent Mark 187.030ms
[130.562s][info][gc,phases   ] GC(256) Pause Mark End 0.028ms
[130.562s][info][gc,phases   ] GC(256) Concurrent Mark Free 0.001ms
[130.565s][info][gc,phases   ] GC(256) Concurrent Process Non-Strong References 2.529ms
[130.565s][info][gc,phases   ] GC(256) Concurrent Reset Relocation Set 0.110ms
[130.579s][info][gc,phases   ] GC(256) Concurrent Select Relocation Set 13.663ms
[130.579s][info][gc,phases   ] GC(256) Pause Relocate Start 0.012ms
[130.601s][info][gc,phases   ] GC(256) Concurrent Relocate 21.741ms
[130.601s][info][gc,load     ] GC(256) Load: 0.00/0.00/0.00
[130.601s][info][gc,mmu      ] GC(256) MMU: 2ms/96.8%, 5ms/98.7%, 10ms/99.3%, 20ms/99.6%, 50ms/99.8%, 100ms/99.9%
[130.601s][info][gc,marking  ] GC(256) Mark: 8 stripe(s), 2 proactive flush(es), 1 terminate flush(es), 0 completion(s), 0 continuation(s) 
[130.601s][info][gc,marking  ] GC(256) Mark Stack Usage: 32M
[130.601s][info][gc,nmethod  ] GC(256) NMethods: 6710 registered, 306 unregistered
[130.601s][info][gc,metaspace] GC(256) Metaspace: 66M used, 67M committed, 1088M reserved
[130.601s][info][gc,ref      ] GC(256) Soft: 3305 encountered, 0 discovered, 0 enqueued
[130.601s][info][gc,ref      ] GC(256) Weak: 6500 encountered, 2276 discovered, 0 enqueued
[130.601s][info][gc,ref      ] GC(256) Final: 84 encountered, 23 discovered, 0 enqueued
[130.601s][info][gc,ref      ] GC(256) Phantom: 616 encountered, 511 discovered, 0 enqueued
[130.601s][info][gc,reloc    ] GC(256) Small Pages: 351 / 702M, Empty: 0M, Relocated: 38M, In-Place: 0
[130.601s][info][gc,reloc    ] GC(256) Medium Pages: 1 / 32M, Empty: 0M, Relocated: 0M, In-Place: 0
[130.601s][info][gc,reloc    ] GC(256) Large Pages: 12 / 88M, Empty: 12M, Relocated: 0M, In-Place: 0
[130.601s][info][gc,reloc    ] GC(256) Forwarding Usage: 29M
[130.601s][info][gc,heap     ] GC(256) Min Capacity: 8M(0%)
[130.601s][info][gc,heap     ] GC(256) Max Capacity: 2048M(100%)
[130.601s][info][gc,heap     ] GC(256) Soft Max Capacity: 2048M(100%)
[130.601s][info][gc,heap     ] GC(256)                Mark Start          Mark End        Relocate Start      Relocate End           High               Low         
[130.601s][info][gc,heap     ] GC(256)  Capacity:     2048M (100%)       2048M (100%)       2048M (100%)       2048M (100%)       2048M (100%)       2048M (100%)   
[130.601s][info][gc,heap     ] GC(256)      Free:     1226M (60%)         962M (47%)         946M (46%)        1258M (61%)        1258M (61%)         920M (45%)    
[130.601s][info][gc,heap     ] GC(256)      Used:      822M (40%)        1086M (53%)        1102M (54%)         790M (39%)        1128M (55%)         790M (39%)    
[130.601s][info][gc,heap     ] GC(256)      Live:         -               396M (19%)         396M (19%)         396M (19%)            -                  -          
[130.601s][info][gc,heap     ] GC(256) Allocated:         -               264M (13%)         292M (14%)         323M (16%)            -                  -          
[130.601s][info][gc,heap     ] GC(256)   Garbage:         -               425M (21%)         413M (20%)          70M (3%)             -                  -          
[130.601s][info][gc,heap     ] GC(256) Reclaimed:         -                  -                12M (1%)          355M (17%)            -                  -          
[130.601s][info][gc          ] GC(256) Garbage Collection (Allocation Rate) 822M(40%)->790M(39%)
[130.678s][info][gc,start    ] GC(257) Garbage Collection (Allocation Rate)
[130.678s][info][gc,task     ] GC(257) Using 12 workers
[130.679s][info][gc,phases   ] GC(257) Pause Mark Start 0.015ms
[130.850s][info][gc,phases   ] GC(257) Concurrent Mark 171.419ms
[130.850s][info][gc,phases   ] GC(257) Pause Mark End 0.034ms
[130.850s][info][gc,phases   ] GC(257) Concurrent Mark Free 0.001ms
[130.852s][info][gc,phases   ] GC(257) Concurrent Process Non-Strong References 1.993ms
[130.852s][info][gc,phases   ] GC(257) Concurrent Reset Relocation Set 0.034ms
[130.881s][info][gc,phases   ] GC(257) Concurrent Select Relocation Set 28.821ms
[130.882s][info][gc,phases   ] GC(257) Pause Relocate Start 0.011ms
[130.904s][info][gc,phases   ] GC(257) Concurrent Relocate 22.094ms
[130.904s][info][gc,load     ] GC(257) Load: 0.00/0.00/0.00
[130.904s][info][gc,mmu      ] GC(257) MMU: 2ms/96.8%, 5ms/98.7%, 10ms/99.3%, 20ms/99.6%, 50ms/99.8%, 100ms/99.9%
[130.904s][info][gc,marking  ] GC(257) Mark: 8 stripe(s), 7 proactive flush(es), 1 terminate flush(es), 0 completion(s), 0 continuation(s) 
[130.904s][info][gc,marking  ] GC(257) Mark Stack Usage: 32M
[130.904s][info][gc,nmethod  ] GC(257) NMethods: 6710 registered, 306 unregistered
[130.904s][info][gc,metaspace] GC(257) Metaspace: 66M used, 67M committed, 1088M reserved
[130.904s][info][gc,ref      ] GC(257) Soft: 3305 encountered, 0 discovered, 0 enqueued
[130.904s][info][gc,ref      ] GC(257) Weak: 6499 encountered, 2829 discovered, 0 enqueued
[130.904s][info][gc,ref      ] GC(257) Final: 84 encountered, 1 discovered, 0 enqueued
[130.904s][info][gc,ref      ] GC(257) Phantom: 616 encountered, 541 discovered, 0 enqueued
[130.904s][info][gc,reloc    ] GC(257) Small Pages: 417 / 834M, Empty: 0M, Relocated: 40M, In-Place: 0
[130.904s][info][gc,reloc    ] GC(257) Medium Pages: 1 / 32M, Empty: 0M, Relocated: 0M, In-Place: 0
[130.904s][info][gc,reloc    ] GC(257) Large Pages: 10 / 76M, Empty: 12M, Relocated: 0M, In-Place: 0
[130.904s][info][gc,reloc    ] GC(257) Forwarding Usage: 34M
[130.904s][info][gc,heap     ] GC(257) Min Capacity: 8M(0%)
[130.904s][info][gc,heap     ] GC(257) Max Capacity: 2048M(100%)
[130.904s][info][gc,heap     ] GC(257) Soft Max Capacity: 2048M(100%)
[130.904s][info][gc,heap     ] GC(257)                Mark Start          Mark End        Relocate Start      Relocate End           High               Low         
[130.904s][info][gc,heap     ] GC(257)  Capacity:     2048M (100%)       2048M (100%)       2048M (100%)       2048M (100%)       2048M (100%)       2048M (100%)   
[130.904s][info][gc,heap     ] GC(257)      Free:     1106M (54%)         800M (39%)         776M (38%)        1210M (59%)        1210M (59%)         752M (37%)    
[130.904s][info][gc,heap     ] GC(257)      Used:      942M (46%)        1248M (61%)        1272M (62%)         838M (41%)        1296M (63%)         838M (41%)    
[130.904s][info][gc,heap     ] GC(257)      Live:         -               408M (20%)         408M (20%)         408M (20%)            -                  -          
[130.904s][info][gc,heap     ] GC(257) Allocated:         -               306M (15%)         342M (17%)         355M (17%)            -                  -          
[130.904s][info][gc,heap     ] GC(257)   Garbage:         -               533M (26%)         521M (25%)          74M (4%)             -                  -          
[130.904s][info][gc,heap     ] GC(257) Reclaimed:         -                  -                12M (1%)          459M (22%)            -                  -          
[130.904s][info][gc          ] GC(257) Garbage Collection (Allocation Rate) 942M(46%)->838M(41%)
[130.975s][info][gc,start    ] GC(258) Garbage Collection (Allocation Rate)
[130.975s][info][gc,task     ] GC(258) Using 12 workers
[130.975s][info][gc,phases   ] GC(258) Pause Mark Start 0.014ms
[131.131s][info][gc,phases   ] GC(258) Concurrent Mark 155.695ms
[131.131s][info][gc,phases   ] GC(258) Pause Mark End 0.029ms
[131.132s][info][gc,phases   ] GC(258) Concurrent Mark Free 0.001ms
[131.133s][info][gc,phases   ] GC(258) Concurrent Process Non-Strong References 1.925ms
[131.134s][info][gc,phases   ] GC(258) Concurrent Reset Relocation Set 0.066ms
[131.169s][info][gc,phases   ] GC(258) Concurrent Select Relocation Set 35.769ms
[131.170s][info][gc,phases   ] GC(258) Pause Relocate Start 0.013ms
[131.201s][info][gc,phases   ] GC(258) Concurrent Relocate 31.401ms
[131.201s][info][gc,load     ] GC(258) Load: 0.00/0.00/0.00
[131.201s][info][gc,mmu      ] GC(258) MMU: 2ms/96.8%, 5ms/98.7%, 10ms/99.3%, 20ms/99.6%, 50ms/99.8%, 100ms/99.9%
[131.201s][info][gc,marking  ] GC(258) Mark: 8 stripe(s), 2 proactive flush(es), 1 terminate flush(es), 0 completion(s), 0 continuation(s) 
[131.201s][info][gc,marking  ] GC(258) Mark Stack Usage: 32M
[131.201s][info][gc,nmethod  ] GC(258) NMethods: 6710 registered, 306 unregistered
[131.201s][info][gc,metaspace] GC(258) Metaspace: 66M used, 67M committed, 1088M reserved
[131.201s][info][gc,ref      ] GC(258) Soft: 3305 encountered, 0 discovered, 0 enqueued
[131.201s][info][gc,ref      ] GC(258) Weak: 6498 encountered, 2605 discovered, 0 enqueued
[131.201s][info][gc,ref      ] GC(258) Final: 84 encountered, 48 discovered, 0 enqueued
[131.201s][info][gc,ref      ] GC(258) Phantom: 616 encountered, 466 discovered, 0 enqueued
[131.201s][info][gc,reloc    ] GC(258) Small Pages: 386 / 772M, Empty: 6M, Relocated: 66M, In-Place: 0
[131.201s][info][gc,reloc    ] GC(258) Medium Pages: 2 / 64M, Empty: 0M, Relocated: 12M, In-Place: 0
[131.201s][info][gc,reloc    ] GC(258) Large Pages: 8 / 64M, Empty: 18M, Relocated: 0M, In-Place: 0
[131.201s][info][gc,reloc    ] GC(258) Forwarding Usage: 56M
[131.201s][info][gc,heap     ] GC(258) Min Capacity: 8M(0%)
[131.201s][info][gc,heap     ] GC(258) Max Capacity: 2048M(100%)
[131.201s][info][gc,heap     ] GC(258) Soft Max Capacity: 2048M(100%)
[131.201s][info][gc,heap     ] GC(258)                Mark Start          Mark End        Relocate Start      Relocate End           High               Low         
[131.201s][info][gc,heap     ] GC(258)  Capacity:     2048M (100%)       2048M (100%)       2048M (100%)       2048M (100%)       2048M (100%)       2048M (100%)   
[131.201s][info][gc,heap     ] GC(258)      Free:     1148M (56%)        1104M (54%)        1128M (55%)        1590M (78%)        1590M (78%)        1076M (53%)    
[131.201s][info][gc,heap     ] GC(258)      Used:      900M (44%)         944M (46%)         920M (45%)         458M (22%)         972M (47%)         458M (22%)    
[131.201s][info][gc,heap     ] GC(258)      Live:         -               334M (16%)         334M (16%)         334M (16%)            -                  -          
[131.201s][info][gc,heap     ] GC(258) Allocated:         -                44M (2%)           44M (2%)           44M (2%)             -                  -          
[131.201s][info][gc,heap     ] GC(258)   Garbage:         -               565M (28%)         541M (26%)          79M (4%)             -                  -          
[131.201s][info][gc,heap     ] GC(258) Reclaimed:         -                  -                24M (1%)          486M (24%)            -                  -          
[131.201s][info][gc          ] GC(258) Garbage Collection (Allocation Rate) 900M(44%)->458M(22%)
[132.583s][info][gc,start    ] GC(259) Garbage Collection (Allocation Rate)
[132.583s][info][gc,task     ] GC(259) Using 12 workers
[132.583s][info][gc,phases   ] GC(259) Pause Mark Start 0.011ms
[132.661s][info][gc,phases   ] GC(259) Concurrent Mark 77.702ms
[132.661s][info][gc,phases   ] GC(259) Pause Mark End 0.020ms
[132.661s][info][gc,phases   ] GC(259) Concurrent Mark Free 0.001ms
[132.663s][info][gc,phases   ] GC(259) Concurrent Process Non-Strong References 1.926ms
[132.663s][info][gc,phases   ] GC(259) Concurrent Reset Relocation Set 0.051ms
[132.669s][info][gc,phases   ] GC(259) Concurrent Select Relocation Set 5.944ms
[132.669s][info][gc,phases   ] GC(259) Pause Relocate Start 0.009ms
[132.682s][info][gc,phases   ] GC(259) Concurrent Relocate 12.616ms
[132.682s][info][gc,load     ] GC(259) Load: 0.00/0.00/0.00
[132.682s][info][gc,mmu      ] GC(259) MMU: 2ms/96.8%, 5ms/98.7%, 10ms/99.3%, 20ms/99.6%, 50ms/99.8%, 100ms/99.9%
[132.682s][info][gc,marking  ] GC(259) Mark: 8 stripe(s), 2 proactive flush(es), 1 terminate flush(es), 0 completion(s), 0 continuation(s) 
[132.682s][info][gc,marking  ] GC(259) Mark Stack Usage: 32M
[132.682s][info][gc,nmethod  ] GC(259) NMethods: 6770 registered, 319 unregistered
[132.682s][info][gc,metaspace] GC(259) Metaspace: 66M used, 67M committed, 1088M reserved
[132.682s][info][gc,ref      ] GC(259) Soft: 3301 encountered, 0 discovered, 0 enqueued
[132.682s][info][gc,ref      ] GC(259) Weak: 6817 encountered, 2881 discovered, 284 enqueued
[132.682s][info][gc,ref      ] GC(259) Final: 84 encountered, 48 discovered, 0 enqueued
[132.682s][info][gc,ref      ] GC(259) Phantom: 619 encountered, 408 discovered, 0 enqueued
[132.682s][info][gc,reloc    ] GC(259) Small Pages: 577 / 1154M, Empty: 726M, Relocated: 24M, In-Place: 0
[132.682s][info][gc,reloc    ] GC(259) Medium Pages: 4 / 128M, Empty: 96M, Relocated: 0M, In-Place: 0
[132.682s][info][gc,reloc    ] GC(259) Large Pages: 20 / 136M, Empty: 112M, Relocated: 0M, In-Place: 0
[132.682s][info][gc,reloc    ] GC(259) Forwarding Usage: 24M
[132.682s][info][gc,heap     ] GC(259) Min Capacity: 8M(0%)
[132.682s][info][gc,heap     ] GC(259) Max Capacity: 2048M(100%)
[132.682s][info][gc,heap     ] GC(259) Soft Max Capacity: 2048M(100%)
[132.682s][info][gc,heap     ] GC(259)                Mark Start          Mark End        Relocate Start      Relocate End           High               Low         
[132.682s][info][gc,heap     ] GC(259)  Capacity:     2048M (100%)       2048M (100%)       2048M (100%)       2048M (100%)       2048M (100%)       2048M (100%)   
[132.682s][info][gc,heap     ] GC(259)      Free:      630M (31%)         588M (29%)        1514M (74%)        1718M (84%)        1718M (84%)         588M (29%)    
[132.682s][info][gc,heap     ] GC(259)      Used:     1418M (69%)        1460M (71%)         534M (26%)         330M (16%)        1460M (71%)         330M (16%)    
[132.682s][info][gc,heap     ] GC(259)      Live:         -               213M (10%)         213M (10%)         213M (10%)            -                  -          
[132.682s][info][gc,heap     ] GC(259) Allocated:         -                42M (2%)           50M (2%)           57M (3%)             -                  -          
[132.682s][info][gc,heap     ] GC(259)   Garbage:         -              1204M (59%)         270M (13%)          59M (3%)             -                  -          
[132.682s][info][gc,heap     ] GC(259) Reclaimed:         -                  -               934M (46%)        1145M (56%)            -                  -          
[132.682s][info][gc          ] GC(259) Garbage Collection (Allocation Rate) 1418M(69%)->330M(16%)
[133.082s][info][gc,start    ] GC(260) Garbage Collection (Allocation Rate)
[133.082s][info][gc,task     ] GC(260) Using 12 workers
[133.082s][info][gc,phases   ] GC(260) Pause Mark Start 0.013ms
[133.160s][info][gc,phases   ] GC(260) Concurrent Mark 77.688ms
[133.160s][info][gc,phases   ] GC(260) Pause Mark End 0.025ms
[133.160s][info][gc,phases   ] GC(260) Concurrent Mark Free 0.001ms
[133.162s][info][gc,phases   ] GC(260) Concurrent Process Non-Strong References 2.006ms
[133.162s][info][gc,phases   ] GC(260) Concurrent Reset Relocation Set 0.022ms
[133.166s][info][gc,phases   ] GC(260) Concurrent Select Relocation Set 3.466ms
[133.166s][info][gc,phases   ] GC(260) Pause Relocate Start 0.009ms
[133.177s][info][gc,phases   ] GC(260) Concurrent Relocate 11.318ms
[133.177s][info][gc,load     ] GC(260) Load: 0.00/0.00/0.00
[133.177s][info][gc,mmu      ] GC(260) MMU: 2ms/96.8%, 5ms/98.7%, 10ms/99.3%, 20ms/99.6%, 50ms/99.8%, 100ms/99.9%
[133.177s][info][gc,marking  ] GC(260) Mark: 8 stripe(s), 2 proactive flush(es), 1 terminate flush(es), 0 completion(s), 0 continuation(s) 
[133.177s][info][gc,marking  ] GC(260) Mark Stack Usage: 32M
[133.177s][info][gc,nmethod  ] GC(260) NMethods: 6832 registered, 324 unregistered
[133.177s][info][gc,metaspace] GC(260) Metaspace: 66M used, 67M committed, 1088M reserved
[133.177s][info][gc,ref      ] GC(260) Soft: 3301 encountered, 0 discovered, 0 enqueued
[133.177s][info][gc,ref      ] GC(260) Weak: 6594 encountered, 1407 discovered, 96 enqueued
[133.177s][info][gc,ref      ] GC(260) Final: 84 encountered, 17 discovered, 0 enqueued
[133.177s][info][gc,ref      ] GC(260) Phantom: 620 encountered, 323 discovered, 0 enqueued
[133.177s][info][gc,reloc    ] GC(260) Small Pages: 355 / 710M, Empty: 198M, Relocated: 22M, In-Place: 0
[133.177s][info][gc,reloc    ] GC(260) Medium Pages: 2 / 64M, Empty: 0M, Relocated: 13M, In-Place: 0
[133.177s][info][gc,reloc    ] GC(260) Large Pages: 5 / 30M, Empty: 30M, Relocated: 0M, In-Place: 0
[133.178s][info][gc,reloc    ] GC(260) Forwarding Usage: 19M
[133.178s][info][gc,heap     ] GC(260) Min Capacity: 8M(0%)
[133.178s][info][gc,heap     ] GC(260) Max Capacity: 2048M(100%)
[133.178s][info][gc,heap     ] GC(260) Soft Max Capacity: 2048M(100%)
[133.178s][info][gc,heap     ] GC(260)                Mark Start          Mark End        Relocate Start      Relocate End           High               Low         
[133.178s][info][gc,heap     ] GC(260)  Capacity:     2048M (100%)       2048M (100%)       2048M (100%)       2048M (100%)       2048M (100%)       2048M (100%)   
[133.178s][info][gc,heap     ] GC(260)      Free:     1244M (61%)        1008M (49%)        1214M (59%)        1522M (74%)        1522M (74%)        1000M (49%)    
[133.178s][info][gc,heap     ] GC(260)      Used:      804M (39%)        1040M (51%)         834M (41%)         526M (26%)        1048M (51%)         526M (26%)    
[133.178s][info][gc,heap     ] GC(260)      Live:         -               191M (9%)          191M (9%)          191M (9%)             -                  -          
[133.178s][info][gc,heap     ] GC(260) Allocated:         -               236M (12%)         258M (13%)         279M (14%)            -                  -          
[133.178s][info][gc,heap     ] GC(260)   Garbage:         -               612M (30%)         384M (19%)          54M (3%)             -                  -          
[133.178s][info][gc,heap     ] GC(260) Reclaimed:         -                  -               228M (11%)         557M (27%)            -                  -          
[133.178s][info][gc          ] GC(260) Garbage Collection (Allocation Rate) 804M(39%)->526M(26%)
[133.574s][info][gc,start    ] GC(261) Garbage Collection (Allocation Rate)
[133.574s][info][gc,task     ] GC(261) Using 6 workers
[133.575s][info][gc,phases   ] GC(261) Pause Mark Start 0.011ms
[133.731s][info][gc,phases   ] GC(261) Concurrent Mark 156.547ms
[133.747s][info][gc,phases   ] GC(261) Pause Mark End 0.032ms
[133.747s][info][gc,phases   ] GC(261) Concurrent Mark Free 0.008ms
[133.751s][info][gc,phases   ] GC(261) Concurrent Process Non-Strong References 4.328ms
[133.752s][info][gc,phases   ] GC(261) Concurrent Reset Relocation Set 0.028ms
[133.784s][info][gc,phases   ] GC(261) Concurrent Select Relocation Set 31.910ms
[133.784s][info][gc,phases   ] GC(261) Pause Relocate Start 0.012ms
[133.822s][info][gc,phases   ] GC(261) Concurrent Relocate 37.707ms
[133.822s][info][gc,load     ] GC(261) Load: 0.00/0.00/0.00
[133.822s][info][gc,mmu      ] GC(261) MMU: 2ms/96.8%, 5ms/98.7%, 10ms/99.3%, 20ms/99.6%, 50ms/99.8%, 100ms/99.9%
[133.822s][info][gc,marking  ] GC(261) Mark: 4 stripe(s), 3 proactive flush(es), 1 terminate flush(es), 0 completion(s), 0 continuation(s) 
[133.822s][info][gc,marking  ] GC(261) Mark Stack Usage: 32M
[133.822s][info][gc,nmethod  ] GC(261) NMethods: 6854 registered, 324 unregistered
[133.822s][info][gc,metaspace] GC(261) Metaspace: 66M used, 67M committed, 1088M reserved
[133.822s][info][gc,ref      ] GC(261) Soft: 3300 encountered, 0 discovered, 0 enqueued
[133.822s][info][gc,ref      ] GC(261) Weak: 6492 encountered, 1198 discovered, 3 enqueued
[133.822s][info][gc,ref      ] GC(261) Final: 84 encountered, 46 discovered, 0 enqueued
[133.822s][info][gc,ref      ] GC(261) Phantom: 616 encountered, 582 discovered, 0 enqueued
[133.822s][info][gc,reloc    ] GC(261) Small Pages: 366 / 732M, Empty: 46M, Relocated: 38M, In-Place: 0
[133.822s][info][gc,reloc    ] GC(261) Medium Pages: 5 / 160M, Empty: 32M, Relocated: 21M, In-Place: 0
[133.822s][info][gc,reloc    ] GC(261) Large Pages: 7 / 42M, Empty: 24M, Relocated: 0M, In-Place: 0
[133.822s][info][gc,reloc    ] GC(261) Forwarding Usage: 37M
[133.822s][info][gc,heap     ] GC(261) Min Capacity: 8M(0%)
[133.822s][info][gc,heap     ] GC(261) Max Capacity: 2048M(100%)
[133.822s][info][gc,heap     ] GC(261) Soft Max Capacity: 2048M(100%)
[133.822s][info][gc,heap     ] GC(261)                Mark Start          Mark End        Relocate Start      Relocate End           High               Low         
[133.822s][info][gc,heap     ] GC(261)  Capacity:     2048M (100%)       2048M (100%)       2048M (100%)       2048M (100%)       2048M (100%)       2048M (100%)   
[133.822s][info][gc,heap     ] GC(261)      Free:     1114M (54%)         926M (45%)         968M (47%)        1420M (69%)        1428M (70%)         920M (45%)    
[133.822s][info][gc,heap     ] GC(261)      Used:      934M (46%)        1122M (55%)        1080M (53%)         628M (31%)        1128M (55%)         620M (30%)    
[133.822s][info][gc,heap     ] GC(261)      Live:         -               246M (12%)         246M (12%)         246M (12%)            -                  -          
[133.822s][info][gc,heap     ] GC(261) Allocated:         -               188M (9%)          248M (12%)         316M (15%)            -                  -          
[133.822s][info][gc,heap     ] GC(261)   Garbage:         -               687M (34%)         585M (29%)          65M (3%)             -                  -          
[133.822s][info][gc,heap     ] GC(261) Reclaimed:         -                  -               102M (5%)          622M (30%)            -                  -          
[133.822s][info][gc          ] GC(261) Garbage Collection (Allocation Rate) 934M(46%)->628M(31%)
[133.975s][info][gc,start    ] GC(262) Garbage Collection (Allocation Rate)
[133.975s][info][gc,task     ] GC(262) Using 6 workers
[133.975s][info][gc,phases   ] GC(262) Pause Mark Start 0.015ms
[134.116s][info][gc,phases   ] GC(262) Concurrent Mark 140.241ms
[134.116s][info][gc,phases   ] GC(262) Pause Mark End 0.032ms
[134.116s][info][gc,phases   ] GC(262) Concurrent Mark Free 0.001ms
[134.121s][info][gc,phases   ] GC(262) Concurrent Process Non-Strong References 4.741ms
[134.121s][info][gc,phases   ] GC(262) Concurrent Reset Relocation Set 0.062ms
[134.162s][info][gc,phases   ] GC(262) Concurrent Select Relocation Set 41.437ms
[134.163s][info][gc,phases   ] GC(262) Pause Relocate Start 0.013ms
[134.202s][info][gc,phases   ] GC(262) Concurrent Relocate 39.155ms
[134.202s][info][gc,load     ] GC(262) Load: 0.00/0.00/0.00
[134.202s][info][gc,mmu      ] GC(262) MMU: 2ms/96.8%, 5ms/98.7%, 10ms/99.3%, 20ms/99.6%, 50ms/99.8%, 100ms/99.9%
[134.202s][info][gc,marking  ] GC(262) Mark: 4 stripe(s), 2 proactive flush(es), 1 terminate flush(es), 0 completion(s), 0 continuation(s) 
[134.202s][info][gc,marking  ] GC(262) Mark Stack Usage: 32M
[134.202s][info][gc,nmethod  ] GC(262) NMethods: 6909 registered, 329 unregistered
[134.202s][info][gc,metaspace] GC(262) Metaspace: 66M used, 67M committed, 1088M reserved
[134.202s][info][gc,ref      ] GC(262) Soft: 3297 encountered, 0 discovered, 0 enqueued
[134.202s][info][gc,ref      ] GC(262) Weak: 6509 encountered, 2554 discovered, 110 enqueued
[134.202s][info][gc,ref      ] GC(262) Final: 84 encountered, 7 discovered, 0 enqueued
[134.202s][info][gc,ref      ] GC(262) Phantom: 616 encountered, 470 discovered, 0 enqueued
[134.202s][info][gc,reloc    ] GC(262) Small Pages: 291 / 582M, Empty: 12M, Relocated: 43M, In-Place: 0
[134.202s][info][gc,reloc    ] GC(262) Medium Pages: 5 / 160M, Empty: 128M, Relocated: 0M, In-Place: 0
[134.202s][info][gc,reloc    ] GC(262) Large Pages: 32 / 212M, Empty: 200M, Relocated: 0M, In-Place: 0
[134.202s][info][gc,reloc    ] GC(262) Forwarding Usage: 44M
[134.202s][info][gc,heap     ] GC(262) Min Capacity: 8M(0%)
[134.202s][info][gc,heap     ] GC(262) Max Capacity: 2048M(100%)
[134.202s][info][gc,heap     ] GC(262) Soft Max Capacity: 2048M(100%)
[134.202s][info][gc,heap     ] GC(262)                Mark Start          Mark End        Relocate Start      Relocate End           High               Low         
[134.202s][info][gc,heap     ] GC(262)  Capacity:     2048M (100%)       2048M (100%)       2048M (100%)       2048M (100%)       2048M (100%)       2048M (100%)   
[134.202s][info][gc,heap     ] GC(262)      Free:     1094M (53%)         950M (46%)        1174M (57%)        1420M (69%)        1420M (69%)         928M (45%)    
[134.203s][info][gc,heap     ] GC(262)      Used:      954M (47%)        1098M (54%)         874M (43%)         628M (31%)        1120M (55%)         628M (31%)    
[134.203s][info][gc,heap     ] GC(262)      Live:         -               225M (11%)         225M (11%)         225M (11%)            -                  -          
[134.203s][info][gc,heap     ] GC(262) Allocated:         -               144M (7%)          260M (13%)         348M (17%)            -                  -          
[134.203s][info][gc,heap     ] GC(262)   Garbage:         -               728M (36%)         388M (19%)          54M (3%)             -                  -          
[134.203s][info][gc,heap     ] GC(262) Reclaimed:         -                  -               340M (17%)         674M (33%)            -                  -          
[134.203s][info][gc          ] GC(262) Garbage Collection (Allocation Rate) 954M(47%)->628M(31%)
[134.375s][info][gc,start    ] GC(263) Garbage Collection (System.gc())
[134.375s][info][gc,task     ] GC(263) Using 12 workers
[134.375s][info][gc,phases   ] GC(263) Pause Mark Start 0.016ms
[134.444s][info][gc,phases   ] GC(263) Concurrent Mark 68.267ms
[134.444s][info][gc,phases   ] GC(263) Pause Mark End 0.022ms
[134.444s][info][gc,phases   ] GC(263) Concurrent Mark Free 0.001ms
[134.446s][info][gc,phases   ] GC(263) Concurrent Process Non-Strong References 2.003ms
[134.446s][info][gc,phases   ] GC(263) Concurrent Reset Relocation Set 0.051ms
[134.459s][info][gc,phases   ] GC(263) Concurrent Select Relocation Set 12.545ms
[134.459s][info][gc,phases   ] GC(263) Pause Relocate Start 0.008ms
[134.461s][info][gc,phases   ] GC(263) Concurrent Relocate 2.339ms
[134.461s][info][gc,load     ] GC(263) Load: 0.00/0.00/0.00
[134.461s][info][gc,mmu      ] GC(263) MMU: 2ms/96.8%, 5ms/98.7%, 10ms/99.3%, 20ms/99.6%, 50ms/99.8%, 100ms/99.9%
[134.461s][info][gc,marking  ] GC(263) Mark: 8 stripe(s), 1 proactive flush(es), 1 terminate flush(es), 0 completion(s), 0 continuation(s) 
[134.461s][info][gc,marking  ] GC(263) Mark Stack Usage: 32M
[134.461s][info][gc,nmethod  ] GC(263) NMethods: 6910 registered, 329 unregistered
[134.461s][info][gc,metaspace] GC(263) Metaspace: 66M used, 67M committed, 1088M reserved
[134.461s][info][gc,ref      ] GC(263) Soft: 3297 encountered, 0 discovered, 0 enqueued
[134.461s][info][gc,ref      ] GC(263) Weak: 6403 encountered, 1457 discovered, 4 enqueued
[134.461s][info][gc,ref      ] GC(263) Final: 84 encountered, 2 discovered, 0 enqueued
[134.461s][info][gc,ref      ] GC(263) Phantom: 616 encountered, 394 discovered, 0 enqueued
[134.461s][info][gc,reloc    ] GC(263) Small Pages: 451 / 902M, Empty: 676M, Relocated: 2M, In-Place: 0
[134.461s][info][gc,reloc    ] GC(263) Medium Pages: 1 / 32M, Empty: 0M, Relocated: 0M, In-Place: 0
[134.462s][info][gc,reloc    ] GC(263) Large Pages: 4 / 24M, Empty: 24M, Relocated: 0M, In-Place: 0
[134.462s][info][gc,reloc    ] GC(263) Forwarding Usage: 1M
[134.462s][info][gc,heap     ] GC(263) Min Capacity: 8M(0%)
[134.462s][info][gc,heap     ] GC(263) Max Capacity: 2048M(100%)
[134.462s][info][gc,heap     ] GC(263) Soft Max Capacity: 2048M(100%)
[134.462s][info][gc,heap     ] GC(263)                Mark Start          Mark End        Relocate Start      Relocate End           High               Low         
[134.462s][info][gc,heap     ] GC(263)  Capacity:     2048M (100%)       2048M (100%)       2048M (100%)       2048M (100%)       2048M (100%)       2048M (100%)   
[134.462s][info][gc,heap     ] GC(263)      Free:     1090M (53%)        1088M (53%)        1786M (87%)        1806M (88%)        1806M (88%)        1088M (53%)    
[134.462s][info][gc,heap     ] GC(263)      Used:      958M (47%)         960M (47%)         262M (13%)         242M (12%)         960M (47%)         242M (12%)    
[134.462s][info][gc,heap     ] GC(263)      Live:         -               167M (8%)          167M (8%)          167M (8%)             -                  -          
[134.462s][info][gc,heap     ] GC(263) Allocated:         -                 2M (0%)            4M (0%)            4M (0%)             -                  -          
[134.462s][info][gc,heap     ] GC(263)   Garbage:         -               790M (39%)          90M (4%)           70M (3%)             -                  -          
[134.462s][info][gc,heap     ] GC(263) Reclaimed:         -                  -               700M (34%)         720M (35%)            -                  -          
[134.462s][info][gc          ] GC(263) Garbage Collection (System.gc()) 958M(47%)->242M(12%)
[134.874s][info][gc,start    ] GC(264) Garbage Collection (Allocation Rate)
[134.874s][info][gc,task     ] GC(264) Using 4 workers
[134.874s][info][gc,phases   ] GC(264) Pause Mark Start 0.016ms
[135.140s][info][gc,phases   ] GC(264) Concurrent Mark 265.177ms
[135.140s][info][gc,phases   ] GC(264) Pause Mark End 0.031ms
[135.140s][info][gc,phases   ] GC(264) Concurrent Mark Free 0.001ms
[135.145s][info][gc,phases   ] GC(264) Concurrent Process Non-Strong References 5.136ms
[135.145s][info][gc,phases   ] GC(264) Concurrent Reset Relocation Set 0.004ms
[135.180s][info][gc,phases   ] GC(264) Concurrent Select Relocation Set 34.488ms
[135.180s][info][gc,phases   ] GC(264) Pause Relocate Start 0.009ms
[135.263s][info][gc,phases   ] GC(264) Concurrent Relocate 83.085ms
[135.263s][info][gc,load     ] GC(264) Load: 0.00/0.00/0.00
[135.263s][info][gc,mmu      ] GC(264) MMU: 2ms/96.8%, 5ms/98.7%, 10ms/99.3%, 20ms/99.6%, 50ms/99.8%, 100ms/99.9%
[135.263s][info][gc,marking  ] GC(264) Mark: 4 stripe(s), 2 proactive flush(es), 1 terminate flush(es), 0 completion(s), 0 continuation(s) 
[135.263s][info][gc,marking  ] GC(264) Mark Stack Usage: 32M
[135.263s][info][gc,nmethod  ] GC(264) NMethods: 6929 registered, 331 unregistered
[135.263s][info][gc,metaspace] GC(264) Metaspace: 66M used, 67M committed, 1088M reserved
[135.263s][info][gc,ref      ] GC(264) Soft: 3301 encountered, 0 discovered, 0 enqueued
[135.263s][info][gc,ref      ] GC(264) Weak: 6478 encountered, 3102 discovered, 28 enqueued
[135.263s][info][gc,ref      ] GC(264) Final: 84 encountered, 7 discovered, 0 enqueued
[135.264s][info][gc,ref      ] GC(264) Phantom: 616 encountered, 385 discovered, 0 enqueued
[135.264s][info][gc,reloc    ] GC(264) Small Pages: 462 / 924M, Empty: 0M, Relocated: 122M, In-Place: 0
[135.264s][info][gc,reloc    ] GC(264) Medium Pages: 2 / 64M, Empty: 0M, Relocated: 12M, In-Place: 0
[135.264s][info][gc,reloc    ] GC(264) Large Pages: 8 / 48M, Empty: 6M, Relocated: 0M, In-Place: 0
[135.264s][info][gc,reloc    ] GC(264) Forwarding Usage: 85M
[135.264s][info][gc,heap     ] GC(264) Min Capacity: 8M(0%)
[135.264s][info][gc,heap     ] GC(264) Max Capacity: 2048M(100%)
[135.264s][info][gc,heap     ] GC(264) Soft Max Capacity: 2048M(100%)
[135.264s][info][gc,heap     ] GC(264)                Mark Start          Mark End        Relocate Start      Relocate End           High               Low         
[135.264s][info][gc,heap     ] GC(264)  Capacity:     2048M (100%)       2048M (100%)       2048M (100%)       2048M (100%)       2048M (100%)       2048M (100%)   
[135.264s][info][gc,heap     ] GC(264)      Free:     1012M (49%)         532M (26%)         450M (22%)         978M (48%)        1012M (49%)         414M (20%)    
[135.264s][info][gc,heap     ] GC(264)      Used:     1036M (51%)        1516M (74%)        1598M (78%)        1070M (52%)        1634M (80%)        1036M (51%)    
[135.264s][info][gc,heap     ] GC(264)      Live:         -               338M (17%)         338M (17%)         338M (17%)            -                  -          
[135.264s][info][gc,heap     ] GC(264) Allocated:         -               480M (23%)         568M (28%)         674M (33%)            -                  -          
[135.264s][info][gc,heap     ] GC(264)   Garbage:         -               697M (34%)         691M (34%)          56M (3%)             -                  -          
[135.264s][info][gc,heap     ] GC(264) Reclaimed:         -                  -                 6M (0%)          640M (31%)            -                  -          
[135.264s][info][gc          ] GC(264) Garbage Collection (Allocation Rate) 1036M(51%)->1070M(52%)
[135.280s][info][gc,start    ] GC(265) Garbage Collection (Allocation Rate)
[135.280s][info][gc,task     ] GC(265) Using 7 workers
[135.280s][info][gc,phases   ] GC(265) Pause Mark Start 0.011ms
[135.530s][info][gc,phases   ] GC(265) Concurrent Mark 249.593ms
[135.530s][info][gc,phases   ] GC(265) Pause Mark End 0.026ms
[135.530s][info][gc,phases   ] GC(265) Concurrent Mark Free 0.001ms
[135.533s][info][gc,phases   ] GC(265) Concurrent Process Non-Strong References 3.034ms
[135.534s][info][gc,phases   ] GC(265) Concurrent Reset Relocation Set 0.078ms
[135.543s][info][gc,phases   ] GC(265) Concurrent Select Relocation Set 9.729ms
[135.543s][info][gc,phases   ] GC(265) Pause Relocate Start 0.011ms
[135.581s][info][gc,phases   ] GC(265) Concurrent Relocate 37.914ms
[135.582s][info][gc,load     ] GC(265) Load: 0.00/0.00/0.00
[135.582s][info][gc,mmu      ] GC(265) MMU: 2ms/96.8%, 5ms/98.7%, 10ms/99.3%, 20ms/99.6%, 50ms/99.8%, 100ms/99.9%
[135.582s][info][gc,marking  ] GC(265) Mark: 4 stripe(s), 2 proactive flush(es), 1 terminate flush(es), 0 completion(s), 0 continuation(s) 
[135.582s][info][gc,marking  ] GC(265) Mark Stack Usage: 32M
[135.582s][info][gc,nmethod  ] GC(265) NMethods: 6929 registered, 331 unregistered
[135.582s][info][gc,metaspace] GC(265) Metaspace: 66M used, 67M committed, 1088M reserved
[135.582s][info][gc,ref      ] GC(265) Soft: 3301 encountered, 0 discovered, 0 enqueued
[135.582s][info][gc,ref      ] GC(265) Weak: 6450 encountered, 1902 discovered, 0 enqueued
[135.582s][info][gc,ref      ] GC(265) Final: 84 encountered, 4 discovered, 0 enqueued
[135.582s][info][gc,ref      ] GC(265) Phantom: 616 encountered, 495 discovered, 0 enqueued
[135.582s][info][gc,reloc    ] GC(265) Small Pages: 489 / 978M, Empty: 0M, Relocated: 54M, In-Place: 0
[135.582s][info][gc,reloc    ] GC(265) Medium Pages: 1 / 32M, Empty: 0M, Relocated: 0M, In-Place: 0
[135.582s][info][gc,reloc    ] GC(265) Large Pages: 12 / 88M, Empty: 24M, Relocated: 0M, In-Place: 0
[135.582s][info][gc,reloc    ] GC(265) Forwarding Usage: 47M
[135.582s][info][gc,heap     ] GC(265) Min Capacity: 8M(0%)
[135.582s][info][gc,heap     ] GC(265) Max Capacity: 2048M(100%)
[135.582s][info][gc,heap     ] GC(265) Soft Max Capacity: 2048M(100%)
[135.582s][info][gc,heap     ] GC(265)                Mark Start          Mark End        Relocate Start      Relocate End           High               Low         
[135.582s][info][gc,heap     ] GC(265)  Capacity:     2048M (100%)       2048M (100%)       2048M (100%)       2048M (100%)       2048M (100%)       2048M (100%)   
[135.582s][info][gc,heap     ] GC(265)      Free:      950M (46%)         554M (27%)         554M (27%)        1126M (55%)        1126M (55%)         540M (26%)    
[135.582s][info][gc,heap     ] GC(265)      Used:     1098M (54%)        1494M (73%)        1494M (73%)         922M (45%)        1508M (74%)         922M (45%)    
[135.582s][info][gc,heap     ] GC(265)      Live:         -               398M (19%)         398M (19%)         398M (19%)            -                  -          
[135.582s][info][gc,heap     ] GC(265) Allocated:         -               396M (19%)         420M (21%)         460M (22%)            -                  -          
[135.582s][info][gc,heap     ] GC(265)   Garbage:         -               699M (34%)         675M (33%)          62M (3%)             -                  -          
[135.582s][info][gc,heap     ] GC(265) Reclaimed:         -                  -                24M (1%)          636M (31%)            -                  -          
[135.582s][info][gc          ] GC(265) Garbage Collection (Allocation Rate) 1098M(54%)->922M(45%)
[135.671s][info][gc,start    ] GC(266) Garbage Collection (Allocation Rate)
[135.671s][info][gc,task     ] GC(266) Using 9 workers
[135.671s][info][gc,phases   ] GC(266) Pause Mark Start 0.015ms
[135.889s][info][gc,phases   ] GC(266) Concurrent Mark 218.234ms
[135.890s][info][gc,phases   ] GC(266) Pause Mark End 0.029ms
[135.890s][info][gc,phases   ] GC(266) Concurrent Mark Free 0.001ms
[135.892s][info][gc,phases   ] GC(266) Concurrent Process Non-Strong References 2.550ms
[135.892s][info][gc,phases   ] GC(266) Concurrent Reset Relocation Set 0.066ms
[135.897s][info][gc,phases   ] GC(266) Concurrent Select Relocation Set 4.595ms
[135.897s][info][gc,phases   ] GC(266) Pause Relocate Start 0.010ms
[135.923s][info][gc,phases   ] GC(266) Concurrent Relocate 25.446ms
[135.923s][info][gc,load     ] GC(266) Load: 0.00/0.00/0.00
[135.923s][info][gc,mmu      ] GC(266) MMU: 2ms/96.8%, 5ms/98.7%, 10ms/99.3%, 20ms/99.6%, 50ms/99.8%, 100ms/99.9%
[135.923s][info][gc,marking  ] GC(266) Mark: 8 stripe(s), 2 proactive flush(es), 1 terminate flush(es), 0 completion(s), 0 continuation(s) 
[135.923s][info][gc,marking  ] GC(266) Mark Stack Usage: 32M
[135.923s][info][gc,nmethod  ] GC(266) NMethods: 6929 registered, 331 unregistered
[135.923s][info][gc,metaspace] GC(266) Metaspace: 66M used, 67M committed, 1088M reserved
[135.923s][info][gc,ref      ] GC(266) Soft: 3301 encountered, 0 discovered, 0 enqueued
[135.923s][info][gc,ref      ] GC(266) Weak: 6450 encountered, 2516 discovered, 0 enqueued
[135.923s][info][gc,ref      ] GC(266) Final: 84 encountered, 2 discovered, 0 enqueued
[135.923s][info][gc,ref      ] GC(266) Phantom: 616 encountered, 561 discovered, 0 enqueued
[135.923s][info][gc,reloc    ] GC(266) Small Pages: 482 / 964M, Empty: 0M, Relocated: 43M, In-Place: 0
[135.923s][info][gc,reloc    ] GC(266) Medium Pages: 1 / 32M, Empty: 0M, Relocated: 0M, In-Place: 0
[135.923s][info][gc,reloc    ] GC(266) Large Pages: 8 / 64M, Empty: 0M, Relocated: 0M, In-Place: 0
[135.923s][info][gc,reloc    ] GC(266) Forwarding Usage: 41M
[135.923s][info][gc,heap     ] GC(266) Min Capacity: 8M(0%)
[135.923s][info][gc,heap     ] GC(266) Max Capacity: 2048M(100%)
[135.923s][info][gc,heap     ] GC(266) Soft Max Capacity: 2048M(100%)
[135.923s][info][gc,heap     ] GC(266)                Mark Start          Mark End        Relocate Start      Relocate End           High               Low         
[135.923s][info][gc,heap     ] GC(266)  Capacity:     2048M (100%)       2048M (100%)       2048M (100%)       2048M (100%)       2048M (100%)       2048M (100%)   
[135.923s][info][gc,heap     ] GC(266)      Free:      988M (48%)         802M (39%)         802M (39%)        1366M (67%)        1366M (67%)         784M (38%)    
[135.923s][info][gc,heap     ] GC(266)      Used:     1060M (52%)        1246M (61%)        1246M (61%)         682M (33%)        1264M (62%)         682M (33%)    
[135.923s][info][gc,heap     ] GC(266)      Live:         -               423M (21%)         423M (21%)         423M (21%)            -                  -          
[135.923s][info][gc,heap     ] GC(266) Allocated:         -               186M (9%)          186M (9%)          184M (9%)             -                  -          
[135.924s][info][gc,heap     ] GC(266)   Garbage:         -               636M (31%)         636M (31%)          73M (4%)             -                  -          
[135.924s][info][gc,heap     ] GC(266) Reclaimed:         -                  -                 0M (0%)          562M (27%)            -                  -          
[135.924s][info][gc          ] GC(266) Garbage Collection (Allocation Rate) 1060M(52%)->682M(33%)
[136.077s][info][gc,start    ] GC(267) Garbage Collection (Allocation Rate)
[136.077s][info][gc,task     ] GC(267) Using 8 workers
[136.077s][info][gc,phases   ] GC(267) Pause Mark Start 0.018ms
[136.280s][info][gc,phases   ] GC(267) Concurrent Mark 202.587ms
[136.280s][info][gc,phases   ] GC(267) Pause Mark End 0.021ms
[136.280s][info][gc,phases   ] GC(267) Concurrent Mark Free 0.001ms
[136.283s][info][gc,phases   ] GC(267) Concurrent Process Non-Strong References 2.679ms
[136.283s][info][gc,phases   ] GC(267) Concurrent Reset Relocation Set 0.062ms
[136.288s][info][gc,phases   ] GC(267) Concurrent Select Relocation Set 5.293ms
[136.296s][info][gc,phases   ] GC(267) Pause Relocate Start 0.010ms
[136.319s][info][gc,phases   ] GC(267) Concurrent Relocate 23.109ms
[136.319s][info][gc,load     ] GC(267) Load: 0.00/0.00/0.00
[136.319s][info][gc,mmu      ] GC(267) MMU: 2ms/96.8%, 5ms/98.7%, 10ms/99.3%, 20ms/99.6%, 50ms/99.8%, 100ms/99.9%
[136.319s][info][gc,marking  ] GC(267) Mark: 8 stripe(s), 2 proactive flush(es), 1 terminate flush(es), 0 completion(s), 0 continuation(s) 
[136.319s][info][gc,marking  ] GC(267) Mark Stack Usage: 32M
[136.319s][info][gc,nmethod  ] GC(267) NMethods: 6929 registered, 331 unregistered
[136.319s][info][gc,metaspace] GC(267) Metaspace: 66M used, 67M committed, 1088M reserved
[136.319s][info][gc,ref      ] GC(267) Soft: 3301 encountered, 0 discovered, 0 enqueued
[136.319s][info][gc,ref      ] GC(267) Weak: 6449 encountered, 876 discovered, 0 enqueued
[136.319s][info][gc,ref      ] GC(267) Final: 84 encountered, 5 discovered, 0 enqueued
[136.319s][info][gc,ref      ] GC(267) Phantom: 616 encountered, 450 discovered, 0 enqueued
[136.319s][info][gc,reloc    ] GC(267) Small Pages: 277 / 554M, Empty: 72M, Relocated: 29M, In-Place: 0
[136.319s][info][gc,reloc    ] GC(267) Medium Pages: 2 / 64M, Empty: 0M, Relocated: 18M, In-Place: 0
[136.319s][info][gc,reloc    ] GC(267) Large Pages: 8 / 64M, Empty: 24M, Relocated: 0M, In-Place: 0
[136.319s][info][gc,reloc    ] GC(267) Forwarding Usage: 27M
[136.319s][info][gc,heap     ] GC(267) Min Capacity: 8M(0%)
[136.319s][info][gc,heap     ] GC(267) Max Capacity: 2048M(100%)
[136.319s][info][gc,heap     ] GC(267) Soft Max Capacity: 2048M(100%)
[136.319s][info][gc,heap     ] GC(267)                Mark Start          Mark End        Relocate Start      Relocate End           High               Low         
[136.319s][info][gc,heap     ] GC(267)  Capacity:     2048M (100%)       2048M (100%)       2048M (100%)       2048M (100%)       2048M (100%)       2048M (100%)   
[136.319s][info][gc,heap     ] GC(267)      Free:     1366M (67%)        1328M (65%)        1424M (70%)        1626M (79%)        1626M (79%)        1328M (65%)    
[136.320s][info][gc,heap     ] GC(267)      Used:      682M (33%)         720M (35%)         624M (30%)         422M (21%)         720M (35%)         422M (21%)    
[136.320s][info][gc,heap     ] GC(267)      Live:         -               314M (15%)         314M (15%)         314M (15%)            -                  -          
[136.320s][info][gc,heap     ] GC(267) Allocated:         -                38M (2%)           38M (2%)           40M (2%)             -                  -          
[136.320s][info][gc,heap     ] GC(267)   Garbage:         -               367M (18%)         271M (13%)          66M (3%)             -                  -          
[136.320s][info][gc,heap     ] GC(267) Reclaimed:         -                  -                96M (5%)          300M (15%)            -                  -          
[136.320s][info][gc          ] GC(267) Garbage Collection (Allocation Rate) 682M(33%)->422M(21%)
[136.374s][info][gc,start    ] GC(268) Garbage Collection (Allocation Rate)
[136.374s][info][gc,task     ] GC(268) Using 8 workers
[136.374s][info][gc,phases   ] GC(268) Pause Mark Start 0.014ms
[136.551s][info][gc,phases   ] GC(268) Concurrent Mark 176.754ms
[136.551s][info][gc,phases   ] GC(268) Pause Mark End 0.026ms
[136.551s][info][gc,phases   ] GC(268) Concurrent Mark Free 0.001ms
[136.554s][info][gc,phases   ] GC(268) Concurrent Process Non-Strong References 2.981ms
[136.554s][info][gc,phases   ] GC(268) Concurrent Reset Relocation Set 0.017ms
[136.561s][info][gc,phases   ] GC(268) Concurrent Select Relocation Set 7.174ms
[136.561s][info][gc,phases   ] GC(268) Pause Relocate Start 0.009ms
[136.572s][info][gc,phases   ] GC(268) Concurrent Relocate 10.237ms
[136.572s][info][gc,load     ] GC(268) Load: 0.00/0.00/0.00
[136.572s][info][gc,mmu      ] GC(268) MMU: 2ms/96.8%, 5ms/98.7%, 10ms/99.3%, 20ms/99.6%, 50ms/99.8%, 100ms/99.9%
[136.572s][info][gc,marking  ] GC(268) Mark: 8 stripe(s), 2 proactive flush(es), 1 terminate flush(es), 0 completion(s), 0 continuation(s) 
[136.572s][info][gc,marking  ] GC(268) Mark Stack Usage: 32M
[136.572s][info][gc,nmethod  ] GC(268) NMethods: 6932 registered, 331 unregistered
[136.572s][info][gc,metaspace] GC(268) Metaspace: 66M used, 67M committed, 1088M reserved
[136.572s][info][gc,ref      ] GC(268) Soft: 3301 encountered, 0 discovered, 0 enqueued
[136.572s][info][gc,ref      ] GC(268) Weak: 6590 encountered, 1340 discovered, 3 enqueued
[136.572s][info][gc,ref      ] GC(268) Final: 84 encountered, 4 discovered, 0 enqueued
[136.572s][info][gc,ref      ] GC(268) Phantom: 619 encountered, 413 discovered, 0 enqueued
[136.572s][info][gc,reloc    ] GC(268) Small Pages: 165 / 330M, Empty: 6M, Relocated: 10M, In-Place: 0
[136.572s][info][gc,reloc    ] GC(268) Medium Pages: 2 / 64M, Empty: 0M, Relocated: 12M, In-Place: 0
[136.572s][info][gc,reloc    ] GC(268) Large Pages: 4 / 40M, Empty: 0M, Relocated: 0M, In-Place: 0
[136.572s][info][gc,reloc    ] GC(268) Forwarding Usage: 8M
[136.572s][info][gc,heap     ] GC(268) Min Capacity: 8M(0%)
[136.572s][info][gc,heap     ] GC(268) Max Capacity: 2048M(100%)
[136.572s][info][gc,heap     ] GC(268) Soft Max Capacity: 2048M(100%)
[136.572s][info][gc,heap     ] GC(268)                Mark Start          Mark End        Relocate Start      Relocate End           High               Low         
[136.572s][info][gc,heap     ] GC(268)  Capacity:     2048M (100%)       2048M (100%)       2048M (100%)       2048M (100%)       2048M (100%)       2048M (100%)   
[136.572s][info][gc,heap     ] GC(268)      Free:     1614M (79%)        1576M (77%)        1582M (77%)        1630M (80%)        1630M (80%)        1540M (75%)    
[136.572s][info][gc,heap     ] GC(268)      Used:      434M (21%)         472M (23%)         466M (23%)         418M (20%)         508M (25%)         418M (20%)    
[136.573s][info][gc,heap     ] GC(268)      Live:         -               309M (15%)         309M (15%)         309M (15%)            -                  -          
[136.573s][info][gc,heap     ] GC(268) Allocated:         -                38M (2%)           38M (2%)           39M (2%)             -                  -          
[136.573s][info][gc,heap     ] GC(268)   Garbage:         -               124M (6%)          118M (6%)           68M (3%)             -                  -          
[136.573s][info][gc,heap     ] GC(268) Reclaimed:         -                  -                 6M (0%)           55M (3%)             -                  -          
[136.573s][info][gc          ] GC(268) Garbage Collection (Allocation Rate) 434M(21%)->418M(20%)
[136.582s][info][gc,start    ] GC(269) Garbage Collection (Allocation Rate)
[136.582s][info][gc,task     ] GC(269) Using 8 workers
[136.582s][info][gc,phases   ] GC(269) Pause Mark Start 0.011ms
[136.702s][info][gc,phases   ] GC(269) Concurrent Mark 119.643ms
[136.702s][info][gc,phases   ] GC(269) Pause Mark End 0.025ms
[136.702s][info][gc,phases   ] GC(269) Concurrent Mark Free 0.001ms
[136.705s][info][gc,phases   ] GC(269) Concurrent Process Non-Strong References 2.302ms
[136.705s][info][gc,phases   ] GC(269) Concurrent Reset Relocation Set 0.004ms
[136.721s][info][gc,phases   ] GC(269) Concurrent Select Relocation Set 15.905ms
[136.721s][info][gc,phases   ] GC(269) Pause Relocate Start 0.010ms
[136.740s][info][gc,phases   ] GC(269) Concurrent Relocate 19.170ms
[136.740s][info][gc,load     ] GC(269) Load: 0.00/0.00/0.00
[136.740s][info][gc,mmu      ] GC(269) MMU: 2ms/96.8%, 5ms/98.7%, 10ms/99.3%, 20ms/99.6%, 50ms/99.8%, 100ms/99.9%
[136.740s][info][gc,marking  ] GC(269) Mark: 8 stripe(s), 2 proactive flush(es), 1 terminate flush(es), 0 completion(s), 0 continuation(s) 
[136.740s][info][gc,marking  ] GC(269) Mark Stack Usage: 32M
[136.740s][info][gc,nmethod  ] GC(269) NMethods: 6935 registered, 333 unregistered
[136.740s][info][gc,metaspace] GC(269) Metaspace: 66M used, 67M committed, 1088M reserved
[136.740s][info][gc,ref      ] GC(269) Soft: 3298 encountered, 0 discovered, 0 enqueued
[136.740s][info][gc,ref      ] GC(269) Weak: 6567 encountered, 1011 discovered, 0 enqueued
[136.740s][info][gc,ref      ] GC(269) Final: 84 encountered, 5 discovered, 0 enqueued
[136.740s][info][gc,ref      ] GC(269) Phantom: 617 encountered, 418 discovered, 0 enqueued
[136.740s][info][gc,reloc    ] GC(269) Small Pages: 173 / 346M, Empty: 24M, Relocated: 27M, In-Place: 0
[136.740s][info][gc,reloc    ] GC(269) Medium Pages: 1 / 32M, Empty: 0M, Relocated: 0M, In-Place: 0
[136.740s][info][gc,reloc    ] GC(269) Large Pages: 4 / 40M, Empty: 30M, Relocated: 0M, In-Place: 0
[136.740s][info][gc,reloc    ] GC(269) Forwarding Usage: 25M
[136.740s][info][gc,heap     ] GC(269) Min Capacity: 8M(0%)
[136.740s][info][gc,heap     ] GC(269) Max Capacity: 2048M(100%)
[136.740s][info][gc,heap     ] GC(269) Soft Max Capacity: 2048M(100%)
[136.740s][info][gc,heap     ] GC(269)                Mark Start          Mark End        Relocate Start      Relocate End           High               Low         
[136.740s][info][gc,heap     ] GC(269)  Capacity:     2048M (100%)       2048M (100%)       2048M (100%)       2048M (100%)       2048M (100%)       2048M (100%)   
[136.740s][info][gc,heap     ] GC(269)      Free:     1630M (80%)        1490M (73%)        1530M (75%)        1614M (79%)        1630M (80%)        1488M (73%)    
[136.740s][info][gc,heap     ] GC(269)      Used:      418M (20%)         558M (27%)         518M (25%)         434M (21%)         560M (27%)         418M (20%)    
[136.740s][info][gc,heap     ] GC(269)      Live:         -               202M (10%)         202M (10%)         202M (10%)            -                  -          
[136.740s][info][gc,heap     ] GC(269) Allocated:         -               140M (7%)          154M (8%)          173M (8%)             -                  -          
[136.740s][info][gc,heap     ] GC(269)   Garbage:         -               215M (11%)         161M (8%)           57M (3%)             -                  -          
[136.740s][info][gc,heap     ] GC(269) Reclaimed:         -                  -                54M (3%)          157M (8%)             -                  -          
[136.740s][info][gc          ] GC(269) Garbage Collection (Allocation Rate) 418M(20%)->434M(21%)
[137.171s][info][gc,start    ] GC(270) Garbage Collection (Allocation Rate)
[137.171s][info][gc,task     ] GC(270) Using 8 workers
[137.171s][info][gc,phases   ] GC(270) Pause Mark Start 0.012ms
[137.311s][info][gc,phases   ] GC(270) Concurrent Mark 140.132ms
[137.311s][info][gc,phases   ] GC(270) Pause Mark End 0.026ms
[137.311s][info][gc,phases   ] GC(270) Concurrent Mark Free 0.001ms
[137.314s][info][gc,phases   ] GC(270) Concurrent Process Non-Strong References 2.441ms
[137.314s][info][gc,phases   ] GC(270) Concurrent Reset Relocation Set 0.013ms
[137.351s][info][gc,phases   ] GC(270) Concurrent Select Relocation Set 36.833ms
[137.351s][info][gc,phases   ] GC(270) Pause Relocate Start 0.009ms
[137.399s][info][gc,phases   ] GC(270) Concurrent Relocate 47.750ms
[137.399s][info][gc,load     ] GC(270) Load: 0.00/0.00/0.00
[137.399s][info][gc,mmu      ] GC(270) MMU: 2ms/96.8%, 5ms/98.7%, 10ms/99.3%, 20ms/99.6%, 50ms/99.8%, 100ms/99.9%
[137.399s][info][gc,marking  ] GC(270) Mark: 8 stripe(s), 2 proactive flush(es), 1 terminate flush(es), 0 completion(s), 0 continuation(s) 
[137.399s][info][gc,marking  ] GC(270) Mark Stack Usage: 32M
[137.399s][info][gc,nmethod  ] GC(270) NMethods: 6932 registered, 337 unregistered
[137.399s][info][gc,metaspace] GC(270) Metaspace: 66M used, 67M committed, 1088M reserved
[137.399s][info][gc,ref      ] GC(270) Soft: 3305 encountered, 0 discovered, 0 enqueued
[137.399s][info][gc,ref      ] GC(270) Weak: 6650 encountered, 2559 discovered, 84 enqueued
[137.399s][info][gc,ref      ] GC(270) Final: 84 encountered, 8 discovered, 0 enqueued
[137.399s][info][gc,ref      ] GC(270) Phantom: 616 encountered, 550 discovered, 0 enqueued
[137.399s][info][gc,reloc    ] GC(270) Small Pages: 539 / 1078M, Empty: 52M, Relocated: 123M, In-Place: 0
[137.399s][info][gc,reloc    ] GC(270) Medium Pages: 3 / 96M, Empty: 32M, Relocated: 18M, In-Place: 0
[137.399s][info][gc,reloc    ] GC(270) Large Pages: 10 / 64M, Empty: 40M, Relocated: 0M, In-Place: 0
[137.399s][info][gc,reloc    ] GC(270) Forwarding Usage: 80M
[137.399s][info][gc,heap     ] GC(270) Min Capacity: 8M(0%)
[137.399s][info][gc,heap     ] GC(270) Max Capacity: 2048M(100%)
[137.399s][info][gc,heap     ] GC(270) Soft Max Capacity: 2048M(100%)
[137.399s][info][gc,heap     ] GC(270)                Mark Start          Mark End        Relocate Start      Relocate End           High               Low         
[137.399s][info][gc,heap     ] GC(270)  Capacity:     2048M (100%)       2048M (100%)       2048M (100%)       2048M (100%)       2048M (100%)       2048M (100%)   
[137.399s][info][gc,heap     ] GC(270)      Free:      810M (40%)         556M (27%)         592M (29%)        1276M (62%)        1276M (62%)         542M (26%)    
[137.399s][info][gc,heap     ] GC(270)      Used:     1238M (60%)        1492M (73%)        1456M (71%)         772M (38%)        1506M (74%)         772M (38%)    
[137.399s][info][gc,heap     ] GC(270)      Live:         -               320M (16%)         320M (16%)         320M (16%)            -                  -          
[137.399s][info][gc,heap     ] GC(270) Allocated:         -               254M (12%)         342M (17%)         403M (20%)            -                  -          
[137.399s][info][gc,heap     ] GC(270)   Garbage:         -               917M (45%)         793M (39%)          48M (2%)             -                  -          
[137.399s][info][gc,heap     ] GC(270) Reclaimed:         -                  -               124M (6%)          869M (42%)            -                  -          
[137.399s][info][gc          ] GC(270) Garbage Collection (Allocation Rate) 1238M(60%)->772M(38%)
[137.483s][info][gc,start    ] GC(271) Garbage Collection (Allocation Rate)
[137.483s][info][gc,task     ] GC(271) Using 12 workers
[137.483s][info][gc,phases   ] GC(271) Pause Mark Start 0.017ms
[137.639s][info][gc,phases   ] GC(271) Concurrent Mark 155.736ms
[137.639s][info][gc,phases   ] GC(271) Pause Mark End 0.019ms
[137.639s][info][gc,phases   ] GC(271) Concurrent Mark Free 0.001ms
[137.641s][info][gc,phases   ] GC(271) Concurrent Process Non-Strong References 1.931ms
[137.641s][info][gc,phases   ] GC(271) Concurrent Reset Relocation Set 0.068ms
[137.652s][info][gc,phases   ] GC(271) Concurrent Select Relocation Set 10.911ms
[137.653s][info][gc,phases   ] GC(271) Pause Relocate Start 0.009ms
[137.671s][info][gc,phases   ] GC(271) Concurrent Relocate 18.170ms
[137.671s][info][gc,load     ] GC(271) Load: 0.00/0.00/0.00
[137.671s][info][gc,mmu      ] GC(271) MMU: 2ms/96.8%, 5ms/98.7%, 10ms/99.3%, 20ms/99.6%, 50ms/99.8%, 100ms/99.9%
[137.671s][info][gc,marking  ] GC(271) Mark: 8 stripe(s), 3 proactive flush(es), 1 terminate flush(es), 0 completion(s), 0 continuation(s) 
[137.671s][info][gc,marking  ] GC(271) Mark Stack Usage: 32M
[137.671s][info][gc,nmethod  ] GC(271) NMethods: 6931 registered, 338 unregistered
[137.671s][info][gc,metaspace] GC(271) Metaspace: 66M used, 67M committed, 1088M reserved
[137.671s][info][gc,ref      ] GC(271) Soft: 3305 encountered, 0 discovered, 0 enqueued
[137.671s][info][gc,ref      ] GC(271) Weak: 6573 encountered, 2874 discovered, 79 enqueued
[137.671s][info][gc,ref      ] GC(271) Final: 84 encountered, 5 discovered, 0 enqueued
[137.671s][info][gc,ref      ] GC(271) Phantom: 616 encountered, 438 discovered, 0 enqueued
[137.671s][info][gc,reloc    ] GC(271) Small Pages: 375 / 750M, Empty: 0M, Relocated: 40M, In-Place: 0
[137.671s][info][gc,reloc    ] GC(271) Medium Pages: 1 / 32M, Empty: 0M, Relocated: 0M, In-Place: 0
[137.671s][info][gc,reloc    ] GC(271) Large Pages: 12 / 88M, Empty: 24M, Relocated: 0M, In-Place: 0
[137.671s][info][gc,reloc    ] GC(271) Forwarding Usage: 32M
[137.671s][info][gc,heap     ] GC(271) Min Capacity: 8M(0%)
[137.671s][info][gc,heap     ] GC(271) Max Capacity: 2048M(100%)
[137.671s][info][gc,heap     ] GC(271) Soft Max Capacity: 2048M(100%)
[137.671s][info][gc,heap     ] GC(271)                Mark Start          Mark End        Relocate Start      Relocate End           High               Low         
[137.671s][info][gc,heap     ] GC(271)  Capacity:     2048M (100%)       2048M (100%)       2048M (100%)       2048M (100%)       2048M (100%)       2048M (100%)   
[137.671s][info][gc,heap     ] GC(271)      Free:     1178M (58%)         930M (45%)         928M (45%)        1300M (63%)        1300M (63%)         904M (44%)    
[137.671s][info][gc,heap     ] GC(271)      Used:      870M (42%)        1118M (55%)        1120M (55%)         748M (37%)        1144M (56%)         748M (37%)    
[137.671s][info][gc,heap     ] GC(271)      Live:         -               383M (19%)         383M (19%)         383M (19%)            -                  -          
[137.671s][info][gc,heap     ] GC(271) Allocated:         -               248M (12%)         274M (13%)         295M (14%)            -                  -          
[137.671s][info][gc,heap     ] GC(271)   Garbage:         -               486M (24%)         462M (23%)          68M (3%)             -                  -          
[137.671s][info][gc,heap     ] GC(271) Reclaimed:         -                  -                24M (1%)          417M (20%)            -                  -          
[137.671s][info][gc          ] GC(271) Garbage Collection (Allocation Rate) 870M(42%)->748M(37%)
[137.780s][info][gc,start    ] GC(272) Garbage Collection (Allocation Rate)
[137.780s][info][gc,task     ] GC(272) Using 12 workers
[137.780s][info][gc,phases   ] GC(272) Pause Mark Start 0.017ms
[137.952s][info][gc,phases   ] GC(272) Concurrent Mark 171.379ms
[137.952s][info][gc,phases   ] GC(272) Pause Mark End 0.032ms
[137.952s][info][gc,phases   ] GC(272) Concurrent Mark Free 0.001ms
[137.954s][info][gc,phases   ] GC(272) Concurrent Process Non-Strong References 2.004ms
[137.954s][info][gc,phases   ] GC(272) Concurrent Reset Relocation Set 0.035ms
[137.986s][info][gc,phases   ] GC(272) Concurrent Select Relocation Set 31.493ms
[137.986s][info][gc,phases   ] GC(272) Pause Relocate Start 0.011ms
[138.009s][info][gc,phases   ] GC(272) Concurrent Relocate 22.973ms
[138.009s][info][gc,load     ] GC(272) Load: 0.00/0.00/0.00
[138.009s][info][gc,mmu      ] GC(272) MMU: 2ms/96.8%, 5ms/98.7%, 10ms/99.3%, 20ms/99.6%, 50ms/99.8%, 100ms/99.9%
[138.009s][info][gc,marking  ] GC(272) Mark: 8 stripe(s), 3 proactive flush(es), 1 terminate flush(es), 0 completion(s), 0 continuation(s) 
[138.009s][info][gc,marking  ] GC(272) Mark Stack Usage: 32M
[138.009s][info][gc,nmethod  ] GC(272) NMethods: 6931 registered, 338 unregistered
[138.009s][info][gc,metaspace] GC(272) Metaspace: 66M used, 67M committed, 1088M reserved
[138.009s][info][gc,ref      ] GC(272) Soft: 3305 encountered, 0 discovered, 0 enqueued
[138.009s][info][gc,ref      ] GC(272) Weak: 6486 encountered, 2297 discovered, 0 enqueued
[138.009s][info][gc,ref      ] GC(272) Final: 84 encountered, 4 discovered, 0 enqueued
[138.009s][info][gc,ref      ] GC(272) Phantom: 616 encountered, 297 discovered, 0 enqueued
[138.009s][info][gc,reloc    ] GC(272) Small Pages: 409 / 818M, Empty: 0M, Relocated: 38M, In-Place: 0
[138.009s][info][gc,reloc    ] GC(272) Medium Pages: 1 / 32M, Empty: 0M, Relocated: 0M, In-Place: 0
[138.009s][info][gc,reloc    ] GC(272) Large Pages: 8 / 64M, Empty: 0M, Relocated: 0M, In-Place: 0
[138.009s][info][gc,reloc    ] GC(272) Forwarding Usage: 34M
[138.009s][info][gc,heap     ] GC(272) Min Capacity: 8M(0%)
[138.009s][info][gc,heap     ] GC(272) Max Capacity: 2048M(100%)
[138.009s][info][gc,heap     ] GC(272) Soft Max Capacity: 2048M(100%)
[138.009s][info][gc,heap     ] GC(272)                Mark Start          Mark End        Relocate Start      Relocate End           High               Low         
[138.009s][info][gc,heap     ] GC(272)  Capacity:     2048M (100%)       2048M (100%)       2048M (100%)       2048M (100%)       2048M (100%)       2048M (100%)   
[138.009s][info][gc,heap     ] GC(272)      Free:     1134M (55%)         898M (44%)         842M (41%)        1252M (61%)        1254M (61%)         818M (40%)    
[138.009s][info][gc,heap     ] GC(272)      Used:      914M (45%)        1150M (56%)        1206M (59%)         796M (39%)        1230M (60%)         794M (39%)    
[138.009s][info][gc,heap     ] GC(272)      Live:         -               407M (20%)         407M (20%)         407M (20%)            -                  -          
[138.009s][info][gc,heap     ] GC(272) Allocated:         -               236M (12%)         292M (14%)         317M (15%)            -                  -          
[138.009s][info][gc,heap     ] GC(272)   Garbage:         -               506M (25%)         506M (25%)          70M (3%)             -                  -          
[138.009s][info][gc,heap     ] GC(272) Reclaimed:         -                  -                 0M (0%)          435M (21%)            -                  -          
[138.009s][info][gc          ] GC(272) Garbage Collection (Allocation Rate) 914M(45%)->796M(39%)
[138.077s][info][gc,start    ] GC(273) Garbage Collection (Allocation Rate)
[138.077s][info][gc,task     ] GC(273) Using 12 workers
[138.077s][info][gc,phases   ] GC(273) Pause Mark Start 0.014ms
[138.233s][info][gc,phases   ] GC(273) Concurrent Mark 155.776ms
[138.233s][info][gc,phases   ] GC(273) Pause Mark End 0.030ms
[138.233s][info][gc,phases   ] GC(273) Concurrent Mark Free 0.001ms
[138.235s][info][gc,phases   ] GC(273) Concurrent Process Non-Strong References 1.963ms
[138.235s][info][gc,phases   ] GC(273) Concurrent Reset Relocation Set 0.051ms
[138.268s][info][gc,phases   ] GC(273) Concurrent Select Relocation Set 33.275ms
[138.269s][info][gc,phases   ] GC(273) Pause Relocate Start 0.009ms
[138.297s][info][gc,phases   ] GC(273) Concurrent Relocate 27.826ms
[138.297s][info][gc,load     ] GC(273) Load: 0.00/0.00/0.00
[138.297s][info][gc,mmu      ] GC(273) MMU: 2ms/96.8%, 5ms/98.7%, 10ms/99.3%, 20ms/99.6%, 50ms/99.8%, 100ms/99.9%
[138.297s][info][gc,marking  ] GC(273) Mark: 8 stripe(s), 2 proactive flush(es), 1 terminate flush(es), 0 completion(s), 0 continuation(s) 
[138.297s][info][gc,marking  ] GC(273) Mark Stack Usage: 32M
[138.297s][info][gc,nmethod  ] GC(273) NMethods: 6932 registered, 338 unregistered
[138.297s][info][gc,metaspace] GC(273) Metaspace: 66M used, 67M committed, 1088M reserved
[138.297s][info][gc,ref      ] GC(273) Soft: 3305 encountered, 0 discovered, 0 enqueued
[138.297s][info][gc,ref      ] GC(273) Weak: 6486 encountered, 2325 discovered, 0 enqueued
[138.297s][info][gc,ref      ] GC(273) Final: 84 encountered, 61 discovered, 0 enqueued
[138.297s][info][gc,ref      ] GC(273) Phantom: 616 encountered, 254 discovered, 0 enqueued
[138.297s][info][gc,reloc    ] GC(273) Small Pages: 388 / 776M, Empty: 2M, Relocated: 55M, In-Place: 0
[138.297s][info][gc,reloc    ] GC(273) Medium Pages: 2 / 64M, Empty: 0M, Relocated: 10M, In-Place: 0
[138.297s][info][gc,reloc    ] GC(273) Large Pages: 8 / 64M, Empty: 12M, Relocated: 0M, In-Place: 0
[138.297s][info][gc,reloc    ] GC(273) Forwarding Usage: 45M
[138.297s][info][gc,heap     ] GC(273) Min Capacity: 8M(0%)
[138.297s][info][gc,heap     ] GC(273) Max Capacity: 2048M(100%)
[138.297s][info][gc,heap     ] GC(273) Soft Max Capacity: 2048M(100%)
[138.297s][info][gc,heap     ] GC(273)                Mark Start          Mark End        Relocate Start      Relocate End           High               Low         
[138.297s][info][gc,heap     ] GC(273)  Capacity:     2048M (100%)       2048M (100%)       2048M (100%)       2048M (100%)       2048M (100%)       2048M (100%)   
[138.297s][info][gc,heap     ] GC(273)      Free:     1144M (56%)        1090M (53%)        1104M (54%)        1540M (75%)        1540M (75%)        1052M (51%)    
[138.297s][info][gc,heap     ] GC(273)      Used:      904M (44%)         958M (47%)         944M (46%)         508M (25%)         996M (49%)         508M (25%)    
[138.297s][info][gc,heap     ] GC(273)      Live:         -               362M (18%)         362M (18%)         362M (18%)            -                  -          
[138.297s][info][gc,heap     ] GC(273) Allocated:         -                54M (3%)           54M (3%)           54M (3%)             -                  -          
[138.297s][info][gc,heap     ] GC(273)   Garbage:         -               541M (26%)         527M (26%)          90M (4%)             -                  -          
[138.297s][info][gc,heap     ] GC(273) Reclaimed:         -                  -                14M (1%)          450M (22%)            -                  -          
[138.297s][info][gc          ] GC(273) Garbage Collection (Allocation Rate) 904M(44%)->508M(25%)
[138.782s][info][gc,start    ] GC(274) Garbage Collection (Allocation Rate)
[138.782s][info][gc,task     ] GC(274) Using 12 workers
[138.783s][info][gc,phases   ] GC(274) Pause Mark Start 0.011ms
[138.860s][info][gc,phases   ] GC(274) Concurrent Mark 77.688ms
[138.860s][info][gc,phases   ] GC(274) Pause Mark End 0.028ms
[138.861s][info][gc,phases   ] GC(274) Concurrent Mark Free 0.001ms
[138.863s][info][gc,phases   ] GC(274) Concurrent Process Non-Strong References 2.089ms
[138.863s][info][gc,phases   ] GC(274) Concurrent Reset Relocation Set 0.046ms
[138.869s][info][gc,phases   ] GC(274) Concurrent Select Relocation Set 6.575ms
[138.869s][info][gc,phases   ] GC(274) Pause Relocate Start 0.009ms
[138.874s][info][gc,phases   ] GC(274) Concurrent Relocate 4.492ms
[138.874s][info][gc,load     ] GC(274) Load: 0.00/0.00/0.00
[138.874s][info][gc,mmu      ] GC(274) MMU: 2ms/96.8%, 5ms/98.7%, 10ms/99.3%, 20ms/99.6%, 50ms/99.8%, 100ms/99.9%
[138.874s][info][gc,marking  ] GC(274) Mark: 8 stripe(s), 2 proactive flush(es), 1 terminate flush(es), 0 completion(s), 0 continuation(s) 
[138.874s][info][gc,marking  ] GC(274) Mark Stack Usage: 32M
[138.874s][info][gc,nmethod  ] GC(274) NMethods: 6937 registered, 344 unregistered
[138.874s][info][gc,metaspace] GC(274) Metaspace: 66M used, 67M committed, 1088M reserved
[138.874s][info][gc,ref      ] GC(274) Soft: 3301 encountered, 0 discovered, 0 enqueued
[138.874s][info][gc,ref      ] GC(274) Weak: 6696 encountered, 2242 discovered, 155 enqueued
[138.874s][info][gc,ref      ] GC(274) Final: 84 encountered, 8 discovered, 0 enqueued
[138.874s][info][gc,ref      ] GC(274) Phantom: 620 encountered, 548 discovered, 0 enqueued
[138.874s][info][gc,reloc    ] GC(274) Small Pages: 249 / 498M, Empty: 182M, Relocated: 6M, In-Place: 0
[138.874s][info][gc,reloc    ] GC(274) Medium Pages: 2 / 64M, Empty: 0M, Relocated: 11M, In-Place: 0
[138.874s][info][gc,reloc    ] GC(274) Large Pages: 7 / 58M, Empty: 58M, Relocated: 0M, In-Place: 0
[138.874s][info][gc,reloc    ] GC(274) Forwarding Usage: 4M
[138.874s][info][gc,heap     ] GC(274) Min Capacity: 8M(0%)
[138.874s][info][gc,heap     ] GC(274) Max Capacity: 2048M(100%)
[138.874s][info][gc,heap     ] GC(274) Soft Max Capacity: 2048M(100%)
[138.874s][info][gc,heap     ] GC(274)                Mark Start          Mark End        Relocate Start      Relocate End           High               Low         
[138.874s][info][gc,heap     ] GC(274)  Capacity:     2048M (100%)       2048M (100%)       2048M (100%)       2048M (100%)       2048M (100%)       2048M (100%)   
[138.874s][info][gc,heap     ] GC(274)      Free:     1428M (70%)        1322M (65%)        1550M (76%)        1688M (82%)        1688M (82%)        1322M (65%)    
[138.874s][info][gc,heap     ] GC(274)      Used:      620M (30%)         726M (35%)         498M (24%)         360M (18%)         726M (35%)         360M (18%)    
[138.875s][info][gc,heap     ] GC(274)      Live:         -               171M (8%)          171M (8%)          171M (8%)             -                  -          
[138.875s][info][gc,heap     ] GC(274) Allocated:         -               106M (5%)          118M (6%)          125M (6%)             -                  -          
[138.875s][info][gc,heap     ] GC(274)   Garbage:         -               448M (22%)         208M (10%)          62M (3%)             -                  -          
[139.000s][info][gc,heap     ] GC(274) Reclaimed:         -                  -               240M (12%)         385M (19%)            -                  -          
[139.000s][info][gc          ] GC(274) Garbage Collection (Allocation Rate) 620M(30%)->360M(18%)
[139.671s][info][gc,start    ] GC(275) Garbage Collection (Allocation Rate)
[139.671s][info][gc,task     ] GC(275) Using 12 workers
[139.671s][info][gc,phases   ] GC(275) Pause Mark Start 0.012ms
[139.765s][info][gc,phases   ] GC(275) Concurrent Mark 93.319ms
[139.765s][info][gc,phases   ] GC(275) Pause Mark End 0.021ms
[139.765s][info][gc,phases   ] GC(275) Concurrent Mark Free 0.001ms
[139.767s][info][gc,phases   ] GC(275) Concurrent Process Non-Strong References 2.216ms
[139.767s][info][gc,phases   ] GC(275) Concurrent Reset Relocation Set 0.008ms
[139.780s][info][gc,phases   ] GC(275) Concurrent Select Relocation Set 12.549ms
[139.780s][info][gc,phases   ] GC(275) Pause Relocate Start 0.011ms
[139.799s][info][gc,phases   ] GC(275) Concurrent Relocate 19.068ms
[139.799s][info][gc,load     ] GC(275) Load: 0.00/0.00/0.00
[139.799s][info][gc,mmu      ] GC(275) MMU: 2ms/96.8%, 5ms/98.7%, 10ms/99.3%, 20ms/99.6%, 50ms/99.8%, 100ms/99.9%
[139.799s][info][gc,marking  ] GC(275) Mark: 8 stripe(s), 2 proactive flush(es), 1 terminate flush(es), 0 completion(s), 0 continuation(s) 
[139.799s][info][gc,marking  ] GC(275) Mark Stack Usage: 32M
[139.799s][info][gc,nmethod  ] GC(275) NMethods: 6949 registered, 349 unregistered
[139.799s][info][gc,metaspace] GC(275) Metaspace: 66M used, 67M committed, 1088M reserved
[139.799s][info][gc,ref      ] GC(275) Soft: 3305 encountered, 0 discovered, 0 enqueued
[139.799s][info][gc,ref      ] GC(275) Weak: 6819 encountered, 1399 discovered, 285 enqueued
[139.799s][info][gc,ref      ] GC(275) Final: 84 encountered, 45 discovered, 0 enqueued
[139.799s][info][gc,ref      ] GC(275) Phantom: 632 encountered, 582 discovered, 0 enqueued
[139.799s][info][gc,reloc    ] GC(275) Small Pages: 504 / 1008M, Empty: 550M, Relocated: 29M, In-Place: 0
[139.799s][info][gc,reloc    ] GC(275) Medium Pages: 3 / 96M, Empty: 64M, Relocated: 0M, In-Place: 0
[139.799s][info][gc,reloc    ] GC(275) Large Pages: 14 / 84M, Empty: 60M, Relocated: 0M, In-Place: 0
[139.799s][info][gc,reloc    ] GC(275) Forwarding Usage: 28M
[139.799s][info][gc,heap     ] GC(275) Min Capacity: 8M(0%)
[139.799s][info][gc,heap     ] GC(275) Max Capacity: 2048M(100%)
[139.799s][info][gc,heap     ] GC(275) Soft Max Capacity: 2048M(100%)
[139.799s][info][gc,heap     ] GC(275)                Mark Start          Mark End        Relocate Start      Relocate End           High               Low         
[139.799s][info][gc,heap     ] GC(275)  Capacity:     2048M (100%)       2048M (100%)       2048M (100%)       2048M (100%)       2048M (100%)       2048M (100%)   
[139.799s][info][gc,heap     ] GC(275)      Free:      860M (42%)         792M (39%)        1450M (71%)        1682M (82%)        1682M (82%)         790M (39%)    
[139.799s][info][gc,heap     ] GC(275)      Used:     1188M (58%)        1256M (61%)         598M (29%)         366M (18%)        1258M (61%)         366M (18%)    
[139.799s][info][gc,heap     ] GC(275)      Live:         -               217M (11%)         217M (11%)         217M (11%)            -                  -          
[139.799s][info][gc,heap     ] GC(275) Allocated:         -                68M (3%)           84M (4%)           91M (4%)             -                  -          
[139.799s][info][gc,heap     ] GC(275)   Garbage:         -               970M (47%)         296M (14%)          56M (3%)             -                  -          
[139.799s][info][gc,heap     ] GC(275) Reclaimed:         -                  -               674M (33%)         913M (45%)            -                  -          
[139.799s][info][gc          ] GC(275) Garbage Collection (Allocation Rate) 1188M(58%)->366M(18%)
[140.180s][info][gc,start    ] GC(276) Garbage Collection (Allocation Rate)
[140.180s][info][gc,stats    ] === Garbage Collection Statistics =======================================================================================================================
[140.180s][info][gc,task     ] GC(276) Using 12 workers
[140.364s][info][gc,stats    ]                                                              Last 10s              Last 10m              Last 10h                Total
[140.364s][info][gc,stats    ]                                                              Avg / Max             Avg / Max             Avg / Max             Avg / Max
[140.364s][info][gc,stats    ]   Collector: Garbage Collection Cycle                    203.445 / 389.131     204.997 / 1113.016    204.997 / 1113.016    204.997 / 1113.016    ms
[140.364s][info][gc,phases   ] GC(276) Pause Mark Start 0.011ms
[140.364s][info][gc,stats    ]  Contention: Mark Segment Reset Contention                    24 / 48               19 / 154              19 / 154              19 / 154         ops/s
[140.364s][info][gc,stats    ]  Contention: Mark SeqNum Reset Contention                      2 / 7                 1 / 7                 1 / 7                 1 / 7           ops/s
[140.364s][info][gc,stats    ]    Critical: Allocation Stall                                  0 / 0                 0 / 5                 0 / 5                 0 / 5           ops/s
[140.364s][info][gc,stats    ]    Critical: Allocation Stall                              0.000 / 0.000        46.147 / 67.576       46.147 / 67.576       46.147 / 67.576      ms
[140.364s][info][gc,stats    ]    Critical: GC Locker Stall                                   0 / 0                 0 / 1                 0 / 1                 0 / 1           ops/s
[140.364s][info][gc,stats    ]    Critical: GC Locker Stall                               0.000 / 0.000         0.001 / 0.001         0.001 / 0.001         0.001 / 0.001       ms
[140.364s][info][gc,stats    ]    Critical: Relocation Stall                                  0 / 0                 0 / 3                 0 / 3                 0 / 3           ops/s
[140.364s][info][gc,stats    ]    Critical: Relocation Stall                              0.000 / 0.000         6.236 / 10.360        6.236 / 10.360        6.236 / 10.360      ms
[140.364s][info][gc,stats    ]      Memory: Allocation Rate                                1215 / 1762           1111 / 2860           1111 / 2860           1111 / 2860        MB/s
[140.364s][info][gc,stats    ]      Memory: Defragment                                        0 / 1                 2 / 131               2 / 131               2 / 131         ops/s
[140.364s][info][gc,stats    ]      Memory: Out Of Memory                                     0 / 0                 0 / 0                 0 / 0                 0 / 0           ops/s
[140.364s][info][gc,stats    ]      Memory: Page Cache Flush                                 19 / 190              18 / 356              18 / 356              18 / 356         MB/s
[140.364s][info][gc,stats    ]      Memory: Page Cache Hit L1                               604 / 854             545 / 1290            545 / 1290            545 / 1290        ops/s
[140.364s][info][gc,stats    ]      Memory: Page Cache Hit L2                                 0 / 0                 0 / 0                 0 / 0                 0 / 0           ops/s
[140.364s][info][gc,stats    ]      Memory: Page Cache Hit L3                                 2 / 13                9 / 362               9 / 362               9 / 362         ops/s
[140.364s][info][gc,stats    ]      Memory: Page Cache Miss                                   1 / 13                1 / 32                1 / 32                1 / 32          ops/s
[140.364s][info][gc,stats    ]      Memory: Uncommit                                          0 / 0                 0 / 0                 0 / 0                 0 / 0           MB/s
[140.364s][info][gc,stats    ]      Memory: Undo Object Allocation Failed                     1 / 5                 1 / 38                1 / 38                1 / 38          ops/s
[140.364s][info][gc,stats    ]      Memory: Undo Object Allocation Succeeded                  2 / 12               21 / 1098             21 / 1098             21 / 1098        ops/s
[140.364s][info][gc,stats    ]      Memory: Undo Page Allocation                             32 / 85               26 / 127              26 / 127              26 / 127         ops/s
[140.364s][info][gc,stats    ]       Phase: Concurrent Mark                             151.671 / 265.177     155.702 / 1077.882    155.702 / 1077.882    155.702 / 1077.882    ms
[140.364s][info][gc,stats    ]       Phase: Concurrent Mark Continue                      0.000 / 0.000         0.000 / 0.000         0.000 / 0.000         0.000 / 0.000       ms
[140.364s][info][gc,stats    ]       Phase: Concurrent Mark Free                          0.001 / 0.008         0.001 / 0.008         0.001 / 0.008         0.001 / 0.008       ms
[140.364s][info][gc,stats    ]       Phase: Concurrent Process Non-Strong References      2.609 / 5.136         2.889 / 16.614        2.889 / 16.614        2.889 / 16.614      ms
[140.364s][info][gc,stats    ]       Phase: Concurrent Relocate                          26.706 / 83.085       25.384 / 107.720      25.384 / 107.720      25.384 / 107.720     ms
[140.364s][info][gc,stats    ]       Phase: Concurrent Reset Relocation Set               0.043 / 0.110         0.038 / 0.157         0.038 / 0.157         0.038 / 0.157       ms
[140.364s][info][gc,stats    ]       Phase: Concurrent Select Relocation Set             20.284 / 43.590       17.906 / 58.871       17.906 / 58.871       17.906 / 58.871      ms
[140.364s][info][gc,stats    ]       Phase: Pause Mark End                                0.026 / 0.034         0.026 / 0.063         0.026 / 0.063         0.026 / 0.063       ms
[140.364s][info][gc,stats    ]       Phase: Pause Mark Start                              0.014 / 0.018         0.014 / 0.059         0.014 / 0.059         0.014 / 0.059       ms
[140.365s][info][gc,stats    ]       Phase: Pause Relocate Start                          0.010 / 0.013         0.010 / 0.015         0.010 / 0.015         0.010 / 0.015       ms
[140.365s][info][gc,stats    ]    Subphase: Concurrent Classes Purge                      0.018 / 0.056         0.118 / 6.469         0.118 / 6.469         0.118 / 6.469       ms
[140.365s][info][gc,stats    ]    Subphase: Concurrent Classes Unlink                     1.965 / 4.053         2.086 / 13.817        2.086 / 13.817        2.086 / 13.817      ms
[140.365s][info][gc,stats    ]    Subphase: Concurrent Mark                             138.246 / 259.734     142.878 / 1074.330    142.878 / 1074.330    142.878 / 1074.330    ms
[140.365s][info][gc,stats    ]    Subphase: Concurrent Mark Try Flush                     0.141 / 0.337         0.132 / 0.589         0.132 / 0.589         0.132 / 0.589       ms
[140.365s][info][gc,stats    ]    Subphase: Concurrent Mark Try Terminate                 8.317 / 15.928        9.912 / 16.976        9.912 / 16.976        9.912 / 16.976      ms
[140.365s][info][gc,stats    ]    Subphase: Concurrent References Enqueue                 0.002 / 0.005         0.002 / 0.005         0.002 / 0.005         0.002 / 0.005       ms
[140.365s][info][gc,stats    ]    Subphase: Concurrent References Process                 0.117 / 0.223         0.128 / 0.349         0.128 / 0.349         0.128 / 0.349       ms
[140.365s][info][gc,stats    ]    Subphase: Concurrent Roots ClassLoaderDataGraph         0.100 / 0.680         0.097 / 0.915         0.097 / 0.915         0.097 / 0.915       ms
[140.365s][info][gc,stats    ]    Subphase: Concurrent Roots CodeCache                    0.000 / 0.000         0.000 / 0.000         0.000 / 0.000         0.000 / 0.000       ms
[140.365s][info][gc,stats    ]    Subphase: Concurrent Roots JavaThreads                  4.299 / 12.171        5.938 / 13.140        5.938 / 13.140        5.938 / 13.140      ms
[140.365s][info][gc,stats    ]    Subphase: Concurrent Roots OopStorageSet                0.035 / 0.069         0.032 / 0.277         0.032 / 0.277         0.032 / 0.277       ms
[140.365s][info][gc,stats    ]    Subphase: Concurrent Weak Roots OopStorageSet           0.212 / 0.555         0.229 / 1.572         0.229 / 1.572         0.229 / 1.572       ms
[140.365s][info][gc,stats    ]    Subphase: Pause Mark Try Complete                       0.000 / 0.000         0.001 / 0.006         0.001 / 0.006         0.001 / 0.006       ms
[140.365s][info][gc,stats    ]      System: Java Threads                                    276 / 281             239 / 281             239 / 281             239 / 281         threads
[140.365s][info][gc,stats    ] =========================================================================================================================================================
[140.492s][info][gc,phases   ] GC(276) Concurrent Mark 128.137ms
[140.492s][info][gc,phases   ] GC(276) Pause Mark End 0.025ms
[140.493s][info][gc,phases   ] GC(276) Concurrent Mark Free 0.001ms
[140.495s][info][gc,phases   ] GC(276) Concurrent Process Non-Strong References 2.578ms
[140.495s][info][gc,phases   ] GC(276) Concurrent Reset Relocation Set 0.025ms
[140.534s][info][gc,phases   ] GC(276) Concurrent Select Relocation Set 38.860ms
[140.534s][info][gc,phases   ] GC(276) Pause Relocate Start 0.011ms
[140.574s][info][gc,phases   ] GC(276) Concurrent Relocate 39.221ms
[140.574s][info][gc,load     ] GC(276) Load: 0.00/0.00/0.00
[140.574s][info][gc,mmu      ] GC(276) MMU: 2ms/96.8%, 5ms/98.7%, 10ms/99.3%, 20ms/99.6%, 50ms/99.8%, 100ms/99.9%
[140.574s][info][gc,marking  ] GC(276) Mark: 8 stripe(s), 2 proactive flush(es), 1 terminate flush(es), 0 completion(s), 0 continuation(s) 
[140.574s][info][gc,marking  ] GC(276) Mark Stack Usage: 32M
[140.574s][info][gc,nmethod  ] GC(276) NMethods: 6963 registered, 350 unregistered
[140.574s][info][gc,metaspace] GC(276) Metaspace: 66M used, 67M committed, 1088M reserved
[140.574s][info][gc,ref      ] GC(276) Soft: 3301 encountered, 0 discovered, 0 enqueued
[140.574s][info][gc,ref      ] GC(276) Weak: 6582 encountered, 3279 discovered, 93 enqueued
[140.574s][info][gc,ref      ] GC(276) Final: 84 encountered, 7 discovered, 0 enqueued
[140.574s][info][gc,ref      ] GC(276) Phantom: 616 encountered, 489 discovered, 0 enqueued
[140.574s][info][gc,reloc    ] GC(276) Small Pages: 539 / 1078M, Empty: 122M, Relocated: 71M, In-Place: 0
[140.574s][info][gc,reloc    ] GC(276) Medium Pages: 3 / 96M, Empty: 0M, Relocated: 17M, In-Place: 0
[140.574s][info][gc,reloc    ] GC(276) Large Pages: 8 / 48M, Empty: 30M, Relocated: 0M, In-Place: 0
[140.574s][info][gc,reloc    ] GC(276) Forwarding Usage: 71M
[140.574s][info][gc,heap     ] GC(276) Min Capacity: 8M(0%)
[140.574s][info][gc,heap     ] GC(276) Max Capacity: 2048M(100%)
[140.574s][info][gc,heap     ] GC(276) Soft Max Capacity: 2048M(100%)
[140.574s][info][gc,heap     ] GC(276)                Mark Start          Mark End        Relocate Start      Relocate End           High               Low         
[140.574s][info][gc,heap     ] GC(276)  Capacity:     2048M (100%)       2048M (100%)       2048M (100%)       2048M (100%)       2048M (100%)       2048M (100%)   
[140.574s][info][gc,heap     ] GC(276)      Free:      826M (40%)         724M (35%)         872M (43%)        1616M (79%)        1616M (79%)         724M (35%)    
[140.574s][info][gc,heap     ] GC(276)      Used:     1222M (60%)        1324M (65%)        1176M (57%)         432M (21%)        1324M (65%)         432M (21%)    
[140.574s][info][gc,heap     ] GC(276)      Live:         -               260M (13%)         260M (13%)         260M (13%)            -                  -          
[140.574s][info][gc,heap     ] GC(276) Allocated:         -               102M (5%)          106M (5%)          118M (6%)             -                  -          
[140.574s][info][gc,heap     ] GC(276)   Garbage:         -               961M (47%)         809M (40%)          53M (3%)             -                  -          
[140.574s][info][gc,heap     ] GC(276) Reclaimed:         -                  -               152M (7%)          908M (44%)            -                  -          
[140.574s][info][gc          ] GC(276) Garbage Collection (Allocation Rate) 1222M(60%)->432M(21%)
[140.679s][info][gc,start    ] GC(277) Garbage Collection (Allocation Rate)
[140.679s][info][gc,task     ] GC(277) Using 12 workers
[140.679s][info][gc,phases   ] GC(277) Pause Mark Start 0.014ms
[140.779s][info][gc,phases   ] GC(277) Concurrent Mark 99.894ms
[140.780s][info][gc,phases   ] GC(277) Pause Mark End 0.036ms
[140.780s][info][gc,phases   ] GC(277) Concurrent Mark Free 0.001ms
[140.783s][info][gc,phases   ] GC(277) Concurrent Process Non-Strong References 2.700ms
[140.783s][info][gc,phases   ] GC(277) Concurrent Reset Relocation Set 0.071ms
[140.792s][info][gc,phases   ] GC(277) Concurrent Select Relocation Set 8.972ms
[140.792s][info][gc,phases   ] GC(277) Pause Relocate Start 0.009ms
[140.814s][info][gc,phases   ] GC(277) Concurrent Relocate 21.517ms
[140.814s][info][gc,load     ] GC(277) Load: 0.00/0.00/0.00
[140.814s][info][gc,mmu      ] GC(277) MMU: 2ms/96.8%, 5ms/98.7%, 10ms/99.3%, 20ms/99.6%, 50ms/99.8%, 100ms/99.9%
[140.814s][info][gc,marking  ] GC(277) Mark: 8 stripe(s), 3 proactive flush(es), 1 terminate flush(es), 0 completion(s), 0 continuation(s) 
[140.814s][info][gc,marking  ] GC(277) Mark Stack Usage: 32M
[140.814s][info][gc,nmethod  ] GC(277) NMethods: 6677 registered, 657 unregistered
[140.814s][info][gc,metaspace] GC(277) Metaspace: 66M used, 67M committed, 1088M reserved
[140.814s][info][gc,ref      ] GC(277) Soft: 3300 encountered, 0 discovered, 0 enqueued
[140.814s][info][gc,ref      ] GC(277) Weak: 6484 encountered, 2859 discovered, 3 enqueued
[140.814s][info][gc,ref      ] GC(277) Final: 84 encountered, 1 discovered, 0 enqueued
[140.814s][info][gc,ref      ] GC(277) Phantom: 616 encountered, 538 discovered, 0 enqueued
[140.814s][info][gc,reloc    ] GC(277) Small Pages: 175 / 350M, Empty: 22M, Relocated: 39M, In-Place: 0
[140.814s][info][gc,reloc    ] GC(277) Medium Pages: 4 / 128M, Empty: 0M, Relocated: 22M, In-Place: 0
[140.814s][info][gc,reloc    ] GC(277) Large Pages: 9 / 54M, Empty: 24M, Relocated: 0M, In-Place: 0
[140.814s][info][gc,reloc    ] GC(277) Forwarding Usage: 40M
[140.814s][info][gc,heap     ] GC(277) Min Capacity: 8M(0%)
[140.814s][info][gc,heap     ] GC(277) Max Capacity: 2048M(100%)
[140.814s][info][gc,heap     ] GC(277) Soft Max Capacity: 2048M(100%)
[140.814s][info][gc,heap     ] GC(277)                Mark Start          Mark End        Relocate Start      Relocate End           High               Low         
[140.814s][info][gc,heap     ] GC(277)  Capacity:     2048M (100%)       2048M (100%)       2048M (100%)       2048M (100%)       2048M (100%)       2048M (100%)   
[140.814s][info][gc,heap     ] GC(277)      Free:     1516M (74%)        1338M (65%)        1358M (66%)        1434M (70%)        1516M (74%)        1312M (64%)    
[140.814s][info][gc,heap     ] GC(277)      Used:      532M (26%)         710M (35%)         690M (34%)         614M (30%)         736M (36%)         532M (26%)    
[140.814s][info][gc,heap     ] GC(277)      Live:         -               263M (13%)         263M (13%)         263M (13%)            -                  -          
[140.814s][info][gc,heap     ] GC(277) Allocated:         -               178M (9%)          204M (10%)         280M (14%)            -                  -          
[140.814s][info][gc,heap     ] GC(277)   Garbage:         -               268M (13%)         222M (11%)          70M (3%)             -                  -          
[140.814s][info][gc,heap     ] GC(277) Reclaimed:         -                  -                46M (2%)          198M (10%)            -                  -          
[140.814s][info][gc          ] GC(277) Garbage Collection (Allocation Rate) 532M(26%)->614M(30%)
[140.876s][info][gc,start    ] GC(278) Garbage Collection (Allocation Rate)
[140.876s][info][gc,task     ] GC(278) Using 12 workers
[140.876s][info][gc,phases   ] GC(278) Pause Mark Start 0.018ms
[140.954s][info][gc,phases   ] GC(278) Concurrent Mark 77.632ms
[140.954s][info][gc,phases   ] GC(278) Pause Mark End 0.035ms
[140.954s][info][gc,phases   ] GC(278) Concurrent Mark Free 0.001ms
[140.956s][info][gc,phases   ] GC(278) Concurrent Process Non-Strong References 1.825ms
[140.956s][info][gc,phases   ] GC(278) Concurrent Reset Relocation Set 0.017ms
[140.960s][info][gc,phases   ] GC(278) Concurrent Select Relocation Set 4.462ms
[140.961s][info][gc,phases   ] GC(278) Pause Relocate Start 0.008ms
[140.982s][info][gc,phases   ] GC(278) Concurrent Relocate 21.131ms
[140.982s][info][gc,load     ] GC(278) Load: 0.00/0.00/0.00
[140.982s][info][gc,mmu      ] GC(278) MMU: 2ms/96.8%, 5ms/98.7%, 10ms/99.3%, 20ms/99.6%, 50ms/99.8%, 100ms/99.9%
[140.982s][info][gc,marking  ] GC(278) Mark: 8 stripe(s), 2 proactive flush(es), 1 terminate flush(es), 0 completion(s), 0 continuation(s) 
[140.982s][info][gc,marking  ] GC(278) Mark Stack Usage: 32M
[140.982s][info][gc,nmethod  ] GC(278) NMethods: 6680 registered, 660 unregistered
[140.982s][info][gc,metaspace] GC(278) Metaspace: 66M used, 67M committed, 1088M reserved
[140.982s][info][gc,ref      ] GC(278) Soft: 3297 encountered, 0 discovered, 0 enqueued
[140.982s][info][gc,ref      ] GC(278) Weak: 6500 encountered, 2480 discovered, 7 enqueued
[140.982s][info][gc,ref      ] GC(278) Final: 84 encountered, 4 discovered, 0 enqueued
[140.982s][info][gc,ref      ] GC(278) Phantom: 616 encountered, 527 discovered, 0 enqueued
[140.982s][info][gc,reloc    ] GC(278) Small Pages: 236 / 472M, Empty: 26M, Relocated: 34M, In-Place: 0
[140.982s][info][gc,reloc    ] GC(278) Medium Pages: 4 / 128M, Empty: 0M, Relocated: 17M, In-Place: 0
[140.982s][info][gc,reloc    ] GC(278) Large Pages: 29 / 198M, Empty: 182M, Relocated: 0M, In-Place: 0
[140.982s][info][gc,reloc    ] GC(278) Forwarding Usage: 33M
[140.982s][info][gc,heap     ] GC(278) Min Capacity: 8M(0%)
[140.982s][info][gc,heap     ] GC(278) Max Capacity: 2048M(100%)
[140.982s][info][gc,heap     ] GC(278) Soft Max Capacity: 2048M(100%)
[140.982s][info][gc,heap     ] GC(278)                Mark Start          Mark End        Relocate Start      Relocate End           High               Low         
[140.982s][info][gc,heap     ] GC(278)  Capacity:     2048M (100%)       2048M (100%)       2048M (100%)       2048M (100%)       2048M (100%)       2048M (100%)   
[140.982s][info][gc,heap     ] GC(278)      Free:     1250M (61%)        1116M (54%)        1318M (64%)        1626M (79%)        1626M (79%)        1110M (54%)    
[140.982s][info][gc,heap     ] GC(278)      Used:      798M (39%)         932M (46%)         730M (36%)         422M (21%)         938M (46%)         422M (21%)    
[140.982s][info][gc,heap     ] GC(278)      Live:         -               223M (11%)         223M (11%)         223M (11%)            -                  -          
[140.982s][info][gc,heap     ] GC(278) Allocated:         -               134M (7%)          140M (7%)          143M (7%)             -                  -          
[140.982s][info][gc,heap     ] GC(278)   Garbage:         -               574M (28%)         366M (18%)          55M (3%)             -                  -          
[140.982s][info][gc,heap     ] GC(278) Reclaimed:         -                  -               208M (10%)         519M (25%)            -                  -          
[140.982s][info][gc          ] GC(278) Garbage Collection (Allocation Rate) 798M(39%)->422M(21%)
[141.282s][info][gc,start    ] GC(279) Garbage Collection (Allocation Rate)
[141.282s][info][gc,task     ] GC(279) Using 8 workers
[141.282s][info][gc,phases   ] GC(279) Pause Mark Start 0.016ms
[141.407s][info][gc,phases   ] GC(279) Concurrent Mark 124.518ms
[141.407s][info][gc,phases   ] GC(279) Pause Mark End 0.025ms
[141.407s][info][gc,phases   ] GC(279) Concurrent Mark Free 0.002ms
[141.410s][info][gc,phases   ] GC(279) Concurrent Process Non-Strong References 2.936ms
[141.410s][info][gc,phases   ] GC(279) Concurrent Reset Relocation Set 0.027ms
[141.419s][info][gc,phases   ] GC(279) Concurrent Select Relocation Set 9.174ms
[141.420s][info][gc,phases   ] GC(279) Pause Relocate Start 0.007ms
[141.433s][info][gc,phases   ] GC(279) Concurrent Relocate 13.561ms
[141.433s][info][gc,load     ] GC(279) Load: 0.00/0.00/0.00
[141.433s][info][gc,mmu      ] GC(279) MMU: 2ms/96.8%, 5ms/98.7%, 10ms/99.3%, 20ms/99.6%, 50ms/99.8%, 100ms/99.9%
[141.433s][info][gc,marking  ] GC(279) Mark: 8 stripe(s), 2 proactive flush(es), 1 terminate flush(es), 0 completion(s), 0 continuation(s) 
[141.433s][info][gc,marking  ] GC(279) Mark Stack Usage: 32M
[141.433s][info][gc,nmethod  ] GC(279) NMethods: 6680 registered, 660 unregistered
[141.433s][info][gc,metaspace] GC(279) Metaspace: 66M used, 67M committed, 1088M reserved
[141.433s][info][gc,ref      ] GC(279) Soft: 3297 encountered, 0 discovered, 0 enqueued
[141.433s][info][gc,ref      ] GC(279) Weak: 6495 encountered, 1534 discovered, 103 enqueued
[141.433s][info][gc,ref      ] GC(279) Final: 84 encountered, 18 discovered, 0 enqueued
[141.433s][info][gc,ref      ] GC(279) Phantom: 616 encountered, 485 discovered, 0 enqueued
[141.434s][info][gc,reloc    ] GC(279) Small Pages: 405 / 810M, Empty: 418M, Relocated: 15M, In-Place: 0
[141.434s][info][gc,reloc    ] GC(279) Medium Pages: 2 / 64M, Empty: 32M, Relocated: 0M, In-Place: 0
[141.434s][info][gc,reloc    ] GC(279) Large Pages: 8 / 52M, Empty: 40M, Relocated: 0M, In-Place: 0
[141.434s][info][gc,reloc    ] GC(279) Forwarding Usage: 14M
[141.434s][info][gc,heap     ] GC(279) Min Capacity: 8M(0%)
[141.434s][info][gc,heap     ] GC(279) Max Capacity: 2048M(100%)
[141.434s][info][gc,heap     ] GC(279) Soft Max Capacity: 2048M(100%)
[141.434s][info][gc,heap     ] GC(279)                Mark Start          Mark End        Relocate Start      Relocate End           High               Low         
[141.434s][info][gc,heap     ] GC(279)  Capacity:     2048M (100%)       2048M (100%)       2048M (100%)       2048M (100%)       2048M (100%)       2048M (100%)   
[141.434s][info][gc,heap     ] GC(279)      Free:     1122M (55%)         952M (46%)        1440M (70%)        1520M (74%)        1520M (74%)         952M (46%)    
[141.434s][info][gc,heap     ] GC(279)      Used:      926M (45%)        1096M (54%)         608M (30%)         528M (26%)        1096M (54%)         528M (26%)    
[141.434s][info][gc,heap     ] GC(279)      Live:         -               294M (14%)         294M (14%)         294M (14%)            -                  -          
[141.434s][info][gc,heap     ] GC(279) Allocated:         -               170M (8%)          172M (8%)          173M (8%)             -                  -          
[141.434s][info][gc,heap     ] GC(279)   Garbage:         -               631M (31%)         141M (7%)           59M (3%)             -                  -          
[141.434s][info][gc,heap     ] GC(279) Reclaimed:         -                  -               490M (24%)         571M (28%)            -                  -          
[141.434s][info][gc          ] GC(279) Garbage Collection (Allocation Rate) 926M(45%)->528M(26%)
[141.434s][info][gc,start    ] GC(280) Garbage Collection (System.gc())
[141.434s][info][gc,task     ] GC(280) Using 12 workers
[141.434s][info][gc,phases   ] GC(280) Pause Mark Start 0.014ms
[141.501s][info][gc,phases   ] GC(280) Concurrent Mark 66.413ms
[141.501s][info][gc,phases   ] GC(280) Pause Mark End 0.028ms
[141.501s][info][gc,phases   ] GC(280) Concurrent Mark Free 0.001ms
[141.503s][info][gc,phases   ] GC(280) Concurrent Process Non-Strong References 1.856ms
[141.503s][info][gc,phases   ] GC(280) Concurrent Reset Relocation Set 0.015ms
[141.509s][info][gc,phases   ] GC(280) Concurrent Select Relocation Set 6.086ms
[141.509s][info][gc,phases   ] GC(280) Pause Relocate Start 0.006ms
[141.514s][info][gc,phases   ] GC(280) Concurrent Relocate 4.670ms
[141.514s][info][gc,load     ] GC(280) Load: 0.00/0.00/0.00
[141.514s][info][gc,mmu      ] GC(280) MMU: 2ms/96.8%, 5ms/98.7%, 10ms/99.3%, 20ms/99.6%, 50ms/99.8%, 100ms/99.9%
[141.514s][info][gc,marking  ] GC(280) Mark: 8 stripe(s), 2 proactive flush(es), 1 terminate flush(es), 0 completion(s), 0 continuation(s) 
[141.514s][info][gc,marking  ] GC(280) Mark Stack Usage: 32M
[141.514s][info][gc,nmethod  ] GC(280) NMethods: 6681 registered, 660 unregistered
[141.514s][info][gc,metaspace] GC(280) Metaspace: 66M used, 67M committed, 1088M reserved
[141.514s][info][gc,ref      ] GC(280) Soft: 3297 encountered, 0 discovered, 0 enqueued
[141.514s][info][gc,ref      ] GC(280) Weak: 6396 encountered, 1439 discovered, 4 enqueued
[141.514s][info][gc,ref      ] GC(280) Final: 84 encountered, 3 discovered, 0 enqueued
[141.514s][info][gc,ref      ] GC(280) Phantom: 616 encountered, 420 discovered, 0 enqueued
[141.514s][info][gc,reloc    ] GC(280) Small Pages: 242 / 484M, Empty: 250M, Relocated: 8M, In-Place: 0
[141.514s][info][gc,reloc    ] GC(280) Medium Pages: 1 / 32M, Empty: 0M, Relocated: 0M, In-Place: 0
[141.514s][info][gc,reloc    ] GC(280) Large Pages: 2 / 12M, Empty: 12M, Relocated: 0M, In-Place: 0
[141.514s][info][gc,reloc    ] GC(280) Forwarding Usage: 4M
[141.514s][info][gc,heap     ] GC(280) Min Capacity: 8M(0%)
[141.514s][info][gc,heap     ] GC(280) Max Capacity: 2048M(100%)
[141.514s][info][gc,heap     ] GC(280) Soft Max Capacity: 2048M(100%)
[141.514s][info][gc,heap     ] GC(280)                Mark Start          Mark End        Relocate Start      Relocate End           High               Low         
[141.514s][info][gc,heap     ] GC(280)  Capacity:     2048M (100%)       2048M (100%)       2048M (100%)       2048M (100%)       2048M (100%)       2048M (100%)   
[141.514s][info][gc,heap     ] GC(280)      Free:     1520M (74%)        1520M (74%)        1780M (87%)        1814M (89%)        1814M (89%)        1518M (74%)    
[141.515s][info][gc,heap     ] GC(280)      Used:      528M (26%)         528M (26%)         268M (13%)         234M (11%)         530M (26%)         234M (11%)    
[141.515s][info][gc,heap     ] GC(280)      Live:         -               167M (8%)          167M (8%)          167M (8%)             -                  -          
[141.515s][info][gc,heap     ] GC(280) Allocated:         -                 0M (0%)            2M (0%)            3M (0%)             -                  -          
[141.515s][info][gc,heap     ] GC(280)   Garbage:         -               360M (18%)          98M (5%)           62M (3%)             -                  -          
[141.515s][info][gc,heap     ] GC(280) Reclaimed:         -                  -               262M (13%)         297M (15%)            -                  -          
[141.515s][info][gc          ] GC(280) Garbage Collection (System.gc()) 528M(26%)->234M(11%)
[141.980s][info][gc,start    ] GC(281) Garbage Collection (Allocation Rate)
[141.980s][info][gc,task     ] GC(281) Using 6 workers
[141.981s][info][gc,phases   ] GC(281) Pause Mark Start 0.017ms
[142.199s][info][gc,phases   ] GC(281) Concurrent Mark 218.220ms
[142.199s][info][gc,phases   ] GC(281) Pause Mark End 0.029ms
[142.199s][info][gc,phases   ] GC(281) Concurrent Mark Free 0.001ms
[142.204s][info][gc,phases   ] GC(281) Concurrent Process Non-Strong References 4.273ms
[142.204s][info][gc,phases   ] GC(281) Concurrent Reset Relocation Set 0.006ms
[142.242s][info][gc,phases   ] GC(281) Concurrent Select Relocation Set 38.541ms
[142.242s][info][gc,phases   ] GC(281) Pause Relocate Start 0.010ms
[142.307s][info][gc,phases   ] GC(281) Concurrent Relocate 64.536ms
[142.307s][info][gc,load     ] GC(281) Load: 0.00/0.00/0.00
[142.307s][info][gc,mmu      ] GC(281) MMU: 2ms/96.8%, 5ms/98.7%, 10ms/99.3%, 20ms/99.6%, 50ms/99.8%, 100ms/99.9%
[142.307s][info][gc,marking  ] GC(281) Mark: 4 stripe(s), 2 proactive flush(es), 1 terminate flush(es), 0 completion(s), 0 continuation(s) 
[142.307s][info][gc,marking  ] GC(281) Mark Stack Usage: 32M
[142.307s][info][gc,nmethod  ] GC(281) NMethods: 6684 registered, 662 unregistered
[142.307s][info][gc,metaspace] GC(281) Metaspace: 66M used, 67M committed, 1088M reserved
[142.307s][info][gc,ref      ] GC(281) Soft: 3301 encountered, 0 discovered, 0 enqueued
[142.307s][info][gc,ref      ] GC(281) Weak: 6472 encountered, 3089 discovered, 29 enqueued
[142.307s][info][gc,ref      ] GC(281) Final: 84 encountered, 16 discovered, 0 enqueued
[142.307s][info][gc,ref      ] GC(281) Phantom: 616 encountered, 285 discovered, 0 enqueued
[142.307s][info][gc,reloc    ] GC(281) Small Pages: 537 / 1074M, Empty: 0M, Relocated: 141M, In-Place: 0
[142.307s][info][gc,reloc    ] GC(281) Medium Pages: 2 / 64M, Empty: 32M, Relocated: 0M, In-Place: 0
[142.308s][info][gc,reloc    ] GC(281) Large Pages: 9 / 54M, Empty: 6M, Relocated: 0M, In-Place: 0
[142.308s][info][gc,reloc    ] GC(281) Forwarding Usage: 96M
[142.308s][info][gc,heap     ] GC(281) Min Capacity: 8M(0%)
[142.308s][info][gc,heap     ] GC(281) Max Capacity: 2048M(100%)
[142.308s][info][gc,heap     ] GC(281) Soft Max Capacity: 2048M(100%)
[142.308s][info][gc,heap     ] GC(281)                Mark Start          Mark End        Relocate Start      Relocate End           High               Low         
[142.308s][info][gc,heap     ] GC(281)  Capacity:     2048M (100%)       2048M (100%)       2048M (100%)       2048M (100%)       2048M (100%)       2048M (100%)   
[142.308s][info][gc,heap     ] GC(281)      Free:      856M (42%)         468M (23%)         406M (20%)        1074M (52%)        1074M (52%)         396M (19%)    
[142.308s][info][gc,heap     ] GC(281)      Used:     1192M (58%)        1580M (77%)        1642M (80%)         974M (48%)        1652M (81%)         974M (48%)    
[142.308s][info][gc,heap     ] GC(281)      Live:         -               354M (17%)         354M (17%)         354M (17%)            -                  -          
[142.308s][info][gc,heap     ] GC(281) Allocated:         -               388M (19%)         488M (24%)         564M (28%)            -                  -          
[142.308s][info][gc,heap     ] GC(281)   Garbage:         -               837M (41%)         799M (39%)          54M (3%)             -                  -          
[142.308s][info][gc,heap     ] GC(281) Reclaimed:         -                  -                38M (2%)          782M (38%)            -                  -          
[142.308s][info][gc          ] GC(281) Garbage Collection (Allocation Rate) 1192M(58%)->974M(48%)
[142.371s][info][gc,start    ] GC(282) Garbage Collection (Allocation Rate)
[142.371s][info][gc,task     ] GC(282) Using 9 workers
[142.371s][info][gc,phases   ] GC(282) Pause Mark Start 0.009ms
[142.589s][info][gc,phases   ] GC(282) Concurrent Mark 218.240ms
[142.590s][info][gc,phases   ] GC(282) Pause Mark End 0.033ms
[142.590s][info][gc,phases   ] GC(282) Concurrent Mark Free 0.001ms
[142.592s][info][gc,phases   ] GC(282) Concurrent Process Non-Strong References 2.364ms
[142.592s][info][gc,phases   ] GC(282) Concurrent Reset Relocation Set 0.080ms
[142.604s][info][gc,phases   ] GC(282) Concurrent Select Relocation Set 11.327ms
[142.604s][info][gc,phases   ] GC(282) Pause Relocate Start 0.012ms
[142.628s][info][gc,phases   ] GC(282) Concurrent Relocate 23.924ms
[142.628s][info][gc,load     ] GC(282) Load: 0.00/0.00/0.00
[142.628s][info][gc,mmu      ] GC(282) MMU: 2ms/96.8%, 5ms/98.7%, 10ms/99.3%, 20ms/99.6%, 50ms/99.8%, 100ms/99.9%
[142.628s][info][gc,marking  ] GC(282) Mark: 8 stripe(s), 2 proactive flush(es), 1 terminate flush(es), 0 completion(s), 0 continuation(s) 
[142.628s][info][gc,marking  ] GC(282) Mark Stack Usage: 32M
[142.628s][info][gc,nmethod  ] GC(282) NMethods: 6683 registered, 663 unregistered
[142.628s][info][gc,metaspace] GC(282) Metaspace: 66M used, 67M committed, 1088M reserved
[142.628s][info][gc,ref      ] GC(282) Soft: 3301 encountered, 0 discovered, 0 enqueued
[142.628s][info][gc,ref      ] GC(282) Weak: 6443 encountered, 2626 discovered, 0 enqueued
[142.628s][info][gc,ref      ] GC(282) Final: 84 encountered, 0 discovered, 0 enqueued
[142.628s][info][gc,ref      ] GC(282) Phantom: 616 encountered, 548 discovered, 0 enqueued
[142.628s][info][gc,reloc    ] GC(282) Small Pages: 474 / 948M, Empty: 0M, Relocated: 45M, In-Place: 0
[142.628s][info][gc,reloc    ] GC(282) Medium Pages: 1 / 32M, Empty: 0M, Relocated: 0M, In-Place: 0
[142.628s][info][gc,reloc    ] GC(282) Large Pages: 12 / 88M, Empty: 24M, Relocated: 0M, In-Place: 0
[142.628s][info][gc,reloc    ] GC(282) Forwarding Usage: 41M
[142.628s][info][gc,heap     ] GC(282) Min Capacity: 8M(0%)
[142.628s][info][gc,heap     ] GC(282) Max Capacity: 2048M(100%)
[142.628s][info][gc,heap     ] GC(282) Soft Max Capacity: 2048M(100%)
[142.628s][info][gc,heap     ] GC(282)                Mark Start          Mark End        Relocate Start      Relocate End           High               Low         
[142.628s][info][gc,heap     ] GC(282)  Capacity:     2048M (100%)       2048M (100%)       2048M (100%)       2048M (100%)       2048M (100%)       2048M (100%)   
[142.628s][info][gc,heap     ] GC(282)      Free:      980M (48%)         676M (33%)         678M (33%)        1230M (60%)        1230M (60%)         660M (32%)    
[142.628s][info][gc,heap     ] GC(282)      Used:     1068M (52%)        1372M (67%)        1370M (67%)         818M (40%)        1388M (68%)         818M (40%)    
[142.628s][info][gc,heap     ] GC(282)      Live:         -               404M (20%)         404M (20%)         404M (20%)            -                  -          
[142.628s][info][gc,heap     ] GC(282) Allocated:         -               304M (15%)         326M (16%)         349M (17%)            -                  -          
[142.628s][info][gc,heap     ] GC(282)   Garbage:         -               663M (32%)         639M (31%)          64M (3%)             -                  -          
[142.628s][info][gc,heap     ] GC(282) Reclaimed:         -                  -                24M (1%)          599M (29%)            -                  -          
[142.628s][info][gc          ] GC(282) Garbage Collection (Allocation Rate) 1068M(52%)->818M(40%)
[142.683s][info][gc,start    ] GC(283) Garbage Collection (Allocation Rate)
[142.683s][info][gc,task     ] GC(283) Using 9 workers
[142.684s][info][gc,phases   ] GC(283) Pause Mark Start 0.009ms
[142.902s][info][gc,phases   ] GC(283) Concurrent Mark 218.335ms
[142.902s][info][gc,phases   ] GC(283) Pause Mark End 0.036ms
[142.902s][info][gc,phases   ] GC(283) Concurrent Mark Free 0.001ms
[142.905s][info][gc,phases   ] GC(283) Concurrent Process Non-Strong References 2.605ms
[142.905s][info][gc,phases   ] GC(283) Concurrent Reset Relocation Set 0.069ms
[142.910s][info][gc,phases   ] GC(283) Concurrent Select Relocation Set 5.417ms
[142.911s][info][gc,phases   ] GC(283) Pause Relocate Start 0.010ms
[142.933s][info][gc,phases   ] GC(283) Concurrent Relocate 22.472ms
[142.933s][info][gc,load     ] GC(283) Load: 0.00/0.00/0.00
[142.933s][info][gc,mmu      ] GC(283) MMU: 2ms/96.8%, 5ms/98.7%, 10ms/99.3%, 20ms/99.6%, 50ms/99.8%, 100ms/99.9%
[142.933s][info][gc,marking  ] GC(283) Mark: 8 stripe(s), 2 proactive flush(es), 1 terminate flush(es), 0 completion(s), 0 continuation(s) 
[142.933s][info][gc,marking  ] GC(283) Mark Stack Usage: 32M
[142.933s][info][gc,nmethod  ] GC(283) NMethods: 6683 registered, 663 unregistered
[142.933s][info][gc,metaspace] GC(283) Metaspace: 66M used, 67M committed, 1088M reserved
[142.933s][info][gc,ref      ] GC(283) Soft: 3301 encountered, 0 discovered, 0 enqueued
[142.933s][info][gc,ref      ] GC(283) Weak: 6443 encountered, 2156 discovered, 0 enqueued
[142.933s][info][gc,ref      ] GC(283) Final: 84 encountered, 34 discovered, 0 enqueued
[142.933s][info][gc,ref      ] GC(283) Phantom: 616 encountered, 315 discovered, 0 enqueued
[142.933s][info][gc,reloc    ] GC(283) Small Pages: 398 / 796M, Empty: 0M, Relocated: 31M, In-Place: 0
[142.933s][info][gc,reloc    ] GC(283) Medium Pages: 1 / 32M, Empty: 0M, Relocated: 0M, In-Place: 0
[142.933s][info][gc,reloc    ] GC(283) Large Pages: 8 / 64M, Empty: 0M, Relocated: 0M, In-Place: 0
[142.933s][info][gc,reloc    ] GC(283) Forwarding Usage: 30M
[142.933s][info][gc,heap     ] GC(283) Min Capacity: 8M(0%)
[142.934s][info][gc,heap     ] GC(283) Max Capacity: 2048M(100%)
[142.934s][info][gc,heap     ] GC(283) Soft Max Capacity: 2048M(100%)
[142.934s][info][gc,heap     ] GC(283)                Mark Start          Mark End        Relocate Start      Relocate End           High               Low         
[142.934s][info][gc,heap     ] GC(283)  Capacity:     2048M (100%)       2048M (100%)       2048M (100%)       2048M (100%)       2048M (100%)       2048M (100%)   
[142.934s][info][gc,heap     ] GC(283)      Free:     1156M (56%)         916M (45%)         916M (45%)        1312M (64%)        1312M (64%)         898M (44%)    
[142.934s][info][gc,heap     ] GC(283)      Used:      892M (44%)        1132M (55%)        1132M (55%)         736M (36%)        1150M (56%)         736M (36%)    
[142.934s][info][gc,heap     ] GC(283)      Live:         -               421M (21%)         421M (21%)         421M (21%)            -                  -          
[142.934s][info][gc,heap     ] GC(283) Allocated:         -               240M (12%)         240M (12%)         240M (12%)            -                  -          
[142.934s][info][gc,heap     ] GC(283)   Garbage:         -               470M (23%)         470M (23%)          73M (4%)             -                  -          
[142.934s][info][gc,heap     ] GC(283) Reclaimed:         -                  -                 0M (0%)          396M (19%)            -                  -          
[142.934s][info][gc          ] GC(283) Garbage Collection (Allocation Rate) 892M(44%)->736M(36%)
[143.183s][info][gc,start    ] GC(284) Garbage Collection (Allocation Rate)
[143.183s][info][gc,task     ] GC(284) Using 9 workers
[143.183s][info][gc,phases   ] GC(284) Pause Mark Start 0.013ms
[143.355s][info][gc,phases   ] GC(284) Concurrent Mark 171.386ms
[143.355s][info][gc,phases   ] GC(284) Pause Mark End 0.032ms
[143.355s][info][gc,phases   ] GC(284) Concurrent Mark Free 0.001ms
[143.357s][info][gc,phases   ] GC(284) Concurrent Process Non-Strong References 2.277ms
[143.358s][info][gc,phases   ] GC(284) Concurrent Reset Relocation Set 0.044ms
[143.361s][info][gc,phases   ] GC(284) Concurrent Select Relocation Set 3.749ms
[143.361s][info][gc,phases   ] GC(284) Pause Relocate Start 0.007ms
[143.380s][info][gc,phases   ] GC(284) Concurrent Relocate 18.706ms
[143.380s][info][gc,load     ] GC(284) Load: 0.00/0.00/0.00
[143.380s][info][gc,mmu      ] GC(284) MMU: 2ms/96.8%, 5ms/98.7%, 10ms/99.3%, 20ms/99.6%, 50ms/99.8%, 100ms/99.9%
[143.380s][info][gc,marking  ] GC(284) Mark: 8 stripe(s), 2 proactive flush(es), 1 terminate flush(es), 0 completion(s), 0 continuation(s) 
[143.380s][info][gc,marking  ] GC(284) Mark Stack Usage: 32M
[143.380s][info][gc,nmethod  ] GC(284) NMethods: 6685 registered, 663 unregistered
[143.380s][info][gc,metaspace] GC(284) Metaspace: 66M used, 67M committed, 1088M reserved
[143.380s][info][gc,ref      ] GC(284) Soft: 3301 encountered, 0 discovered, 0 enqueued
[143.380s][info][gc,ref      ] GC(284) Weak: 6441 encountered, 452 discovered, 0 enqueued
[143.380s][info][gc,ref      ] GC(284) Final: 84 encountered, 0 discovered, 0 enqueued
[143.380s][info][gc,ref      ] GC(284) Phantom: 616 encountered, 501 discovered, 0 enqueued
[143.381s][info][gc,reloc    ] GC(284) Small Pages: 304 / 608M, Empty: 70M, Relocated: 29M, In-Place: 0
[143.381s][info][gc,reloc    ] GC(284) Medium Pages: 2 / 64M, Empty: 0M, Relocated: 18M, In-Place: 0
[143.381s][info][gc,reloc    ] GC(284) Large Pages: 8 / 64M, Empty: 24M, Relocated: 0M, In-Place: 0
[143.381s][info][gc,reloc    ] GC(284) Forwarding Usage: 27M
[143.381s][info][gc,heap     ] GC(284) Min Capacity: 8M(0%)
[143.381s][info][gc,heap     ] GC(284) Max Capacity: 2048M(100%)
[143.381s][info][gc,heap     ] GC(284) Soft Max Capacity: 2048M(100%)
[143.381s][info][gc,heap     ] GC(284)                Mark Start          Mark End        Relocate Start      Relocate End           High               Low         
[143.381s][info][gc,heap     ] GC(284)  Capacity:     2048M (100%)       2048M (100%)       2048M (100%)       2048M (100%)       2048M (100%)       2048M (100%)   
[143.381s][info][gc,heap     ] GC(284)      Free:     1312M (64%)        1270M (62%)        1362M (67%)        1616M (79%)        1616M (79%)        1268M (62%)    
[143.381s][info][gc,heap     ] GC(284)      Used:      736M (36%)         778M (38%)         686M (33%)         432M (21%)         780M (38%)         432M (21%)    
[143.381s][info][gc,heap     ] GC(284)      Live:         -               314M (15%)         314M (15%)         314M (15%)            -                  -          
[143.381s][info][gc,heap     ] GC(284) Allocated:         -                42M (2%)           44M (2%)           46M (2%)             -                  -          
[143.381s][info][gc,heap     ] GC(284)   Garbage:         -               421M (21%)         327M (16%)          70M (3%)             -                  -          
[143.381s][info][gc,heap     ] GC(284) Reclaimed:         -                  -                94M (5%)          350M (17%)            -                  -          
[143.381s][info][gc          ] GC(284) Garbage Collection (Allocation Rate) 736M(36%)->432M(21%)
[143.473s][info][gc,start    ] GC(285) Garbage Collection (Allocation Rate)
[143.473s][info][gc,task     ] GC(285) Using 9 workers
[143.473s][info][gc,phases   ] GC(285) Pause Mark Start 0.016ms
[143.618s][info][gc,phases   ] GC(285) Concurrent Mark 144.572ms
[143.618s][info][gc,phases   ] GC(285) Pause Mark End 0.037ms
[143.618s][info][gc,phases   ] GC(285) Concurrent Mark Free 0.001ms
[143.621s][info][gc,phases   ] GC(285) Concurrent Process Non-Strong References 2.573ms
[143.621s][info][gc,phases   ] GC(285) Concurrent Reset Relocation Set 0.023ms
[143.655s][info][gc,phases   ] GC(285) Concurrent Select Relocation Set 33.990ms
[143.655s][info][gc,phases   ] GC(285) Pause Relocate Start 0.013ms
[143.689s][info][gc,phases   ] GC(285) Concurrent Relocate 33.394ms
[143.689s][info][gc,load     ] GC(285) Load: 0.00/0.00/0.00
[143.689s][info][gc,mmu      ] GC(285) MMU: 2ms/96.8%, 5ms/98.7%, 10ms/99.3%, 20ms/99.6%, 50ms/99.8%, 100ms/99.9%
[143.689s][info][gc,marking  ] GC(285) Mark: 8 stripe(s), 2 proactive flush(es), 1 terminate flush(es), 0 completion(s), 0 continuation(s) 
[143.689s][info][gc,marking  ] GC(285) Mark Stack Usage: 32M
[143.689s][info][gc,nmethod  ] GC(285) NMethods: 6685 registered, 665 unregistered
[143.689s][info][gc,metaspace] GC(285) Metaspace: 66M used, 67M committed, 1088M reserved
[143.689s][info][gc,ref      ] GC(285) Soft: 3300 encountered, 0 discovered, 0 enqueued
[143.689s][info][gc,ref      ] GC(285) Weak: 6544 encountered, 2650 discovered, 0 enqueued
[143.689s][info][gc,ref      ] GC(285) Final: 84 encountered, 0 discovered, 0 enqueued
[143.689s][info][gc,ref      ] GC(285) Phantom: 618 encountered, 593 discovered, 0 enqueued
[143.689s][info][gc,reloc    ] GC(285) Small Pages: 180 / 360M, Empty: 22M, Relocated: 52M, In-Place: 0
[143.689s][info][gc,reloc    ] GC(285) Medium Pages: 2 / 64M, Empty: 32M, Relocated: 0M, In-Place: 0
[143.689s][info][gc,reloc    ] GC(285) Large Pages: 4 / 40M, Empty: 10M, Relocated: 0M, In-Place: 0
[143.689s][info][gc,reloc    ] GC(285) Forwarding Usage: 46M
[143.689s][info][gc,heap     ] GC(285) Min Capacity: 8M(0%)
[143.689s][info][gc,heap     ] GC(285) Max Capacity: 2048M(100%)
[143.689s][info][gc,heap     ] GC(285) Soft Max Capacity: 2048M(100%)
[143.689s][info][gc,heap     ] GC(285)                Mark Start          Mark End        Relocate Start      Relocate End           High               Low         
[143.689s][info][gc,heap     ] GC(285)  Capacity:     2048M (100%)       2048M (100%)       2048M (100%)       2048M (100%)       2048M (100%)       2048M (100%)   
[143.689s][info][gc,heap     ] GC(285)      Free:     1584M (77%)        1470M (72%)        1494M (73%)        1514M (74%)        1584M (77%)        1462M (71%)    
[143.689s][info][gc,heap     ] GC(285)      Used:      464M (23%)         578M (28%)         554M (27%)         534M (26%)         586M (29%)         464M (23%)    
[143.689s][info][gc,heap     ] GC(285)      Live:         -               272M (13%)         272M (13%)         272M (13%)            -                  -          
[143.689s][info][gc,heap     ] GC(285) Allocated:         -               114M (6%)          154M (8%)          195M (10%)            -                  -          
[143.689s][info][gc,heap     ] GC(285)   Garbage:         -               191M (9%)          127M (6%)           65M (3%)             -                  -          
[143.689s][info][gc,heap     ] GC(285) Reclaimed:         -                  -                64M (3%)          125M (6%)             -                  -          
[143.690s][info][gc          ] GC(285) Garbage Collection (Allocation Rate) 464M(23%)->534M(26%)
[144.183s][info][gc,start    ] GC(286) Garbage Collection (Allocation Rate)
[144.183s][info][gc,task     ] GC(286) Using 12 workers
[144.183s][info][gc,phases   ] GC(286) Pause Mark Start 0.017ms
[144.308s][info][gc,phases   ] GC(286) Concurrent Mark 124.511ms
[144.308s][info][gc,phases   ] GC(286) Pause Mark End 0.040ms
[144.308s][info][gc,phases   ] GC(286) Concurrent Mark Free 0.001ms
[144.310s][info][gc,phases   ] GC(286) Concurrent Process Non-Strong References 1.954ms
[144.310s][info][gc,phases   ] GC(286) Concurrent Reset Relocation Set 0.010ms
[144.363s][info][gc,phases   ] GC(286) Concurrent Select Relocation Set 53.379ms
[144.363s][info][gc,phases   ] GC(286) Pause Relocate Start 0.009ms
[144.406s][info][gc,phases   ] GC(286) Concurrent Relocate 42.979ms
[144.406s][info][gc,load     ] GC(286) Load: 0.00/0.00/0.00
[144.407s][info][gc,mmu      ] GC(286) MMU: 2ms/96.8%, 5ms/98.7%, 10ms/99.3%, 20ms/99.6%, 50ms/99.8%, 100ms/99.9%
[144.407s][info][gc,marking  ] GC(286) Mark: 8 stripe(s), 2 proactive flush(es), 1 terminate flush(es), 0 completion(s), 0 continuation(s) 
[144.407s][info][gc,marking  ] GC(286) Mark Stack Usage: 32M
[144.407s][info][gc,nmethod  ] GC(286) NMethods: 6690 registered, 667 unregistered
[144.407s][info][gc,metaspace] GC(286) Metaspace: 66M used, 67M committed, 1088M reserved
[144.407s][info][gc,ref      ] GC(286) Soft: 3305 encountered, 0 discovered, 0 enqueued
[144.407s][info][gc,ref      ] GC(286) Weak: 6660 encountered, 3334 discovered, 88 enqueued
[144.407s][info][gc,ref      ] GC(286) Final: 84 encountered, 3 discovered, 0 enqueued
[144.407s][info][gc,ref      ] GC(286) Phantom: 616 encountered, 529 discovered, 0 enqueued
[144.407s][info][gc,reloc    ] GC(286) Small Pages: 629 / 1258M, Empty: 94M, Relocated: 132M, In-Place: 0
[144.407s][info][gc,reloc    ] GC(286) Medium Pages: 3 / 96M, Empty: 64M, Relocated: 0M, In-Place: 0
[144.407s][info][gc,reloc    ] GC(286) Large Pages: 16 / 108M, Empty: 60M, Relocated: 0M, In-Place: 0
[144.407s][info][gc,reloc    ] GC(286) Forwarding Usage: 94M
[144.407s][info][gc,heap     ] GC(286) Min Capacity: 8M(0%)
[144.407s][info][gc,heap     ] GC(286) Max Capacity: 2048M(100%)
[144.407s][info][gc,heap     ] GC(286) Soft Max Capacity: 2048M(100%)
[144.407s][info][gc,heap     ] GC(286)                Mark Start          Mark End        Relocate Start      Relocate End           High               Low         
[144.407s][info][gc,heap     ] GC(286)  Capacity:     2048M (100%)       2048M (100%)       2048M (100%)       2048M (100%)       2048M (100%)       2048M (100%)   
[144.407s][info][gc,heap     ] GC(286)      Free:      586M (29%)         372M (18%)         488M (24%)        1314M (64%)        1314M (64%)         362M (18%)    
[144.407s][info][gc,heap     ] GC(286)      Used:     1462M (71%)        1676M (82%)        1560M (76%)         734M (36%)        1686M (82%)         734M (36%)    
[144.407s][info][gc,heap     ] GC(286)      Live:         -               345M (17%)         345M (17%)         345M (17%)            -                  -          
[144.407s][info][gc,heap     ] GC(286) Allocated:         -               214M (10%)         316M (15%)         328M (16%)            -                  -          
[144.407s][info][gc,heap     ] GC(286)   Garbage:         -              1116M (55%)         898M (44%)          59M (3%)             -                  -          
[144.407s][info][gc,heap     ] GC(286) Reclaimed:         -                  -               218M (11%)        1056M (52%)            -                  -          
[144.407s][info][gc          ] GC(286) Garbage Collection (Allocation Rate) 1462M(71%)->734M(36%)
[144.479s][info][gc,start    ] GC(287) Garbage Collection (Allocation Rate)
[144.479s][info][gc,task     ] GC(287) Using 12 workers
[144.480s][info][gc,phases   ] GC(287) Pause Mark Start 0.018ms
[144.642s][info][gc,phases   ] GC(287) Concurrent Mark 162.425ms
[144.642s][info][gc,phases   ] GC(287) Pause Mark End 0.020ms
[144.642s][info][gc,phases   ] GC(287) Concurrent Mark Free 0.001ms
[144.644s][info][gc,phases   ] GC(287) Concurrent Process Non-Strong References 2.057ms
[144.645s][info][gc,phases   ] GC(287) Concurrent Reset Relocation Set 0.070ms
[144.655s][info][gc,phases   ] GC(287) Concurrent Select Relocation Set 10.480ms
[144.655s][info][gc,phases   ] GC(287) Pause Relocate Start 0.009ms
[144.674s][info][gc,phases   ] GC(287) Concurrent Relocate 19.183ms
[144.675s][info][gc,load     ] GC(287) Load: 0.00/0.00/0.00
[144.675s][info][gc,mmu      ] GC(287) MMU: 2ms/96.8%, 5ms/98.7%, 10ms/99.3%, 20ms/99.6%, 50ms/99.8%, 100ms/99.9%
[144.675s][info][gc,marking  ] GC(287) Mark: 8 stripe(s), 2 proactive flush(es), 1 terminate flush(es), 0 completion(s), 0 continuation(s) 
[144.675s][info][gc,marking  ] GC(287) Mark Stack Usage: 32M
[144.675s][info][gc,nmethod  ] GC(287) NMethods: 6688 registered, 669 unregistered
[144.675s][info][gc,metaspace] GC(287) Metaspace: 66M used, 67M committed, 1088M reserved
[144.675s][info][gc,ref      ] GC(287) Soft: 3305 encountered, 0 discovered, 0 enqueued
[144.675s][info][gc,ref      ] GC(287) Weak: 6574 encountered, 3490 discovered, 81 enqueued
[144.675s][info][gc,ref      ] GC(287) Final: 84 encountered, 9 discovered, 0 enqueued
[144.675s][info][gc,ref      ] GC(287) Phantom: 616 encountered, 594 discovered, 0 enqueued
[144.675s][info][gc,reloc    ] GC(287) Small Pages: 362 / 724M, Empty: 0M, Relocated: 38M, In-Place: 0
[144.675s][info][gc,reloc    ] GC(287) Medium Pages: 1 / 32M, Empty: 0M, Relocated: 0M, In-Place: 0
[144.675s][info][gc,reloc    ] GC(287) Large Pages: 12 / 88M, Empty: 24M, Relocated: 0M, In-Place: 0
[144.675s][info][gc,reloc    ] GC(287) Forwarding Usage: 30M
[144.675s][info][gc,heap     ] GC(287) Min Capacity: 8M(0%)
[144.675s][info][gc,heap     ] GC(287) Max Capacity: 2048M(100%)
[144.675s][info][gc,heap     ] GC(287) Soft Max Capacity: 2048M(100%)
[144.675s][info][gc,heap     ] GC(287)                Mark Start          Mark End        Relocate Start      Relocate End           High               Low         
[144.675s][info][gc,heap     ] GC(287)  Capacity:     2048M (100%)       2048M (100%)       2048M (100%)       2048M (100%)       2048M (100%)       2048M (100%)   
[144.675s][info][gc,heap     ] GC(287)      Free:     1204M (59%)         958M (47%)         956M (47%)        1290M (63%)        1290M (63%)         932M (46%)    
[144.675s][info][gc,heap     ] GC(287)      Used:      844M (41%)        1090M (53%)        1092M (53%)         758M (37%)        1116M (54%)         758M (37%)    
[144.675s][info][gc,heap     ] GC(287)      Live:         -               388M (19%)         388M (19%)         388M (19%)            -                  -          
[144.675s][info][gc,heap     ] GC(287) Allocated:         -               246M (12%)         272M (13%)         299M (15%)            -                  -          
[144.675s][info][gc,heap     ] GC(287)   Garbage:         -               455M (22%)         431M (21%)          70M (3%)             -                  -          
[144.675s][info][gc,heap     ] GC(287) Reclaimed:         -                  -                24M (1%)          385M (19%)            -                  -          
[144.675s][info][gc          ] GC(287) Garbage Collection (Allocation Rate) 844M(41%)->758M(37%)
[144.783s][info][gc,start    ] GC(288) Garbage Collection (Allocation Rate)
[144.783s][info][gc,task     ] GC(288) Using 12 workers
[144.783s][info][gc,phases   ] GC(288) Pause Mark Start 0.016ms
[144.970s][info][gc,phases   ] GC(288) Concurrent Mark 186.966ms
[144.970s][info][gc,phases   ] GC(288) Pause Mark End 0.033ms
[144.970s][info][gc,phases   ] GC(288) Concurrent Mark Free 0.001ms
[144.973s][info][gc,phases   ] GC(288) Concurrent Process Non-Strong References 2.412ms
[144.973s][info][gc,phases   ] GC(288) Concurrent Reset Relocation Set 0.055ms
[145.008s][info][gc,phases   ] GC(288) Concurrent Select Relocation Set 34.922ms
[145.008s][info][gc,phases   ] GC(288) Pause Relocate Start 0.012ms
[145.034s][info][gc,phases   ] GC(288) Concurrent Relocate 25.540ms
[145.034s][info][gc,load     ] GC(288) Load: 0.00/0.00/0.00
[145.034s][info][gc,mmu      ] GC(288) MMU: 2ms/96.8%, 5ms/98.7%, 10ms/99.3%, 20ms/99.6%, 50ms/99.8%, 100ms/99.9%
[145.034s][info][gc,marking  ] GC(288) Mark: 8 stripe(s), 10 proactive flush(es), 1 terminate flush(es), 0 completion(s), 0 continuation(s) 
[145.034s][info][gc,marking  ] GC(288) Mark Stack Usage: 32M
[145.034s][info][gc,nmethod  ] GC(288) NMethods: 6688 registered, 669 unregistered
[145.034s][info][gc,metaspace] GC(288) Metaspace: 66M used, 67M committed, 1088M reserved
[145.034s][info][gc,ref      ] GC(288) Soft: 3305 encountered, 0 discovered, 0 enqueued
[145.034s][info][gc,ref      ] GC(288) Weak: 6492 encountered, 3121 discovered, 0 enqueued
[145.034s][info][gc,ref      ] GC(288) Final: 84 encountered, 33 discovered, 0 enqueued
[145.034s][info][gc,ref      ] GC(288) Phantom: 616 encountered, 567 discovered, 0 enqueued
[145.034s][info][gc,reloc    ] GC(288) Small Pages: 430 / 860M, Empty: 0M, Relocated: 43M, In-Place: 0
[145.034s][info][gc,reloc    ] GC(288) Medium Pages: 1 / 32M, Empty: 0M, Relocated: 0M, In-Place: 0
[145.034s][info][gc,reloc    ] GC(288) Large Pages: 8 / 64M, Empty: 0M, Relocated: 0M, In-Place: 0
[145.034s][info][gc,reloc    ] GC(288) Forwarding Usage: 39M
[145.034s][info][gc,heap     ] GC(288) Min Capacity: 8M(0%)
[145.034s][info][gc,heap     ] GC(288) Max Capacity: 2048M(100%)
[145.034s][info][gc,heap     ] GC(288) Soft Max Capacity: 2048M(100%)
[145.034s][info][gc,heap     ] GC(288)                Mark Start          Mark End        Relocate Start      Relocate End           High               Low         
[145.034s][info][gc,heap     ] GC(288)  Capacity:     2048M (100%)       2048M (100%)       2048M (100%)       2048M (100%)       2048M (100%)       2048M (100%)   
[145.034s][info][gc,heap     ] GC(288)      Free:     1092M (53%)         798M (39%)         756M (37%)        1226M (60%)        1226M (60%)         732M (36%)    
[145.034s][info][gc,heap     ] GC(288)      Used:      956M (47%)        1250M (61%)        1292M (63%)         822M (40%)        1316M (64%)         822M (40%)    
[145.034s][info][gc,heap     ] GC(288)      Live:         -               412M (20%)         412M (20%)         412M (20%)            -                  -          
[145.034s][info][gc,heap     ] GC(288) Allocated:         -               294M (14%)         336M (16%)         336M (16%)            -                  -          
[145.034s][info][gc,heap     ] GC(288)   Garbage:         -               543M (27%)         543M (27%)          72M (4%)             -                  -          
[145.034s][info][gc,heap     ] GC(288) Reclaimed:         -                  -                 0M (0%)          470M (23%)            -                  -          
[145.034s][info][gc          ] GC(288) Garbage Collection (Allocation Rate) 956M(47%)->822M(40%)
[145.080s][info][gc,start    ] GC(289) Garbage Collection (Allocation Rate)
[145.080s][info][gc,task     ] GC(289) Using 12 workers
[145.080s][info][gc,phases   ] GC(289) Pause Mark Start 0.017ms
[145.258s][info][gc,phases   ] GC(289) Concurrent Mark 177.556ms
[145.258s][info][gc,phases   ] GC(289) Pause Mark End 0.032ms
[145.258s][info][gc,phases   ] GC(289) Concurrent Mark Free 0.001ms
[145.261s][info][gc,phases   ] GC(289) Concurrent Process Non-Strong References 2.748ms
[145.261s][info][gc,phases   ] GC(289) Concurrent Reset Relocation Set 0.062ms
[145.302s][info][gc,phases   ] GC(289) Concurrent Select Relocation Set 41.192ms
[145.302s][info][gc,phases   ] GC(289) Pause Relocate Start 0.014ms
[145.333s][info][gc,phases   ] GC(289) Concurrent Relocate 30.204ms
[145.333s][info][gc,load     ] GC(289) Load: 0.00/0.00/0.00
[145.333s][info][gc,mmu      ] GC(289) MMU: 2ms/96.8%, 5ms/98.7%, 10ms/99.3%, 20ms/99.6%, 50ms/99.8%, 100ms/99.9%
[145.333s][info][gc,marking  ] GC(289) Mark: 8 stripe(s), 10 proactive flush(es), 1 terminate flush(es), 0 completion(s), 0 continuation(s) 
[145.333s][info][gc,marking  ] GC(289) Mark Stack Usage: 32M
[145.333s][info][gc,nmethod  ] GC(289) NMethods: 6688 registered, 669 unregistered
[145.333s][info][gc,metaspace] GC(289) Metaspace: 66M used, 67M committed, 1088M reserved
[145.333s][info][gc,ref      ] GC(289) Soft: 3305 encountered, 0 discovered, 0 enqueued
[145.333s][info][gc,ref      ] GC(289) Weak: 6492 encountered, 2985 discovered, 0 enqueued
[145.333s][info][gc,ref      ] GC(289) Final: 84 encountered, 0 discovered, 0 enqueued
[145.333s][info][gc,ref      ] GC(289) Phantom: 616 encountered, 593 discovered, 0 enqueued
[145.333s][info][gc,reloc    ] GC(289) Small Pages: 347 / 694M, Empty: 62M, Relocated: 50M, In-Place: 0
[145.333s][info][gc,reloc    ] GC(289) Medium Pages: 2 / 64M, Empty: 0M, Relocated: 13M, In-Place: 0
[145.333s][info][gc,reloc    ] GC(289) Large Pages: 8 / 64M, Empty: 24M, Relocated: 0M, In-Place: 0
[145.333s][info][gc,reloc    ] GC(289) Forwarding Usage: 46M
[145.333s][info][gc,heap     ] GC(289) Min Capacity: 8M(0%)
[145.333s][info][gc,heap     ] GC(289) Max Capacity: 2048M(100%)
[145.333s][info][gc,heap     ] GC(289) Soft Max Capacity: 2048M(100%)
[145.333s][info][gc,heap     ] GC(289)                Mark Start          Mark End        Relocate Start      Relocate End           High               Low         
[145.333s][info][gc,heap     ] GC(289)  Capacity:     2048M (100%)       2048M (100%)       2048M (100%)       2048M (100%)       2048M (100%)       2048M (100%)   
[145.333s][info][gc,heap     ] GC(289)      Free:     1226M (60%)        1192M (58%)        1278M (62%)        1640M (80%)        1640M (80%)        1192M (58%)    
[145.333s][info][gc,heap     ] GC(289)      Used:      822M (40%)         856M (42%)         770M (38%)         408M (20%)         856M (42%)         408M (20%)    
[145.333s][info][gc,heap     ] GC(289)      Live:         -               306M (15%)         306M (15%)         306M (15%)            -                  -          
[145.333s][info][gc,heap     ] GC(289) Allocated:         -                34M (2%)           34M (2%)           33M (2%)             -                  -          
[145.333s][info][gc,heap     ] GC(289)   Garbage:         -               515M (25%)         429M (21%)          68M (3%)             -                  -          
[145.333s][info][gc,heap     ] GC(289) Reclaimed:         -                  -                86M (4%)          447M (22%)            -                  -          
[145.333s][info][gc          ] GC(289) Garbage Collection (Allocation Rate) 822M(40%)->408M(20%)
[145.775s][info][gc,start    ] GC(290) Garbage Collection (Allocation Rate)
[145.775s][info][gc,task     ] GC(290) Using 12 workers
[145.775s][info][gc,phases   ] GC(290) Pause Mark Start 0.017ms
[145.857s][info][gc,phases   ] GC(290) Concurrent Mark 82.245ms
[145.857s][info][gc,phases   ] GC(290) Pause Mark End 0.025ms
[145.857s][info][gc,phases   ] GC(290) Concurrent Mark Free 0.001ms
[145.859s][info][gc,phases   ] GC(290) Concurrent Process Non-Strong References 1.875ms
[145.859s][info][gc,phases   ] GC(290) Concurrent Reset Relocation Set 0.037ms
[145.865s][info][gc,phases   ] GC(290) Concurrent Select Relocation Set 5.954ms
[145.865s][info][gc,phases   ] GC(290) Pause Relocate Start 0.009ms
[145.879s][info][gc,phases   ] GC(290) Concurrent Relocate 13.420ms
[145.879s][info][gc,load     ] GC(290) Load: 0.00/0.00/0.00
[145.879s][info][gc,mmu      ] GC(290) MMU: 2ms/96.8%, 5ms/98.7%, 10ms/99.3%, 20ms/99.6%, 50ms/99.8%, 100ms/99.9%
[145.879s][info][gc,marking  ] GC(290) Mark: 8 stripe(s), 2 proactive flush(es), 1 terminate flush(es), 0 completion(s), 0 continuation(s) 
[145.879s][info][gc,marking  ] GC(290) Mark Stack Usage: 32M
[145.879s][info][gc,nmethod  ] GC(290) NMethods: 6688 registered, 671 unregistered
[145.879s][info][gc,metaspace] GC(290) Metaspace: 66M used, 67M committed, 1088M reserved
[145.879s][info][gc,ref      ] GC(290) Soft: 3301 encountered, 0 discovered, 0 enqueued
[145.879s][info][gc,ref      ] GC(290) Weak: 6699 encountered, 2594 discovered, 137 enqueued
[145.879s][info][gc,ref      ] GC(290) Final: 84 encountered, 25 discovered, 0 enqueued
[145.879s][info][gc,ref      ] GC(290) Phantom: 620 encountered, 474 discovered, 0 enqueued
[145.879s][info][gc,reloc    ] GC(290) Small Pages: 231 / 462M, Empty: 116M, Relocated: 20M, In-Place: 0
[145.879s][info][gc,reloc    ] GC(290) Medium Pages: 3 / 96M, Empty: 0M, Relocated: 18M, In-Place: 0
[145.879s][info][gc,reloc    ] GC(290) Large Pages: 7 / 58M, Empty: 46M, Relocated: 0M, In-Place: 0
[145.879s][info][gc,reloc    ] GC(290) Forwarding Usage: 19M
[145.879s][info][gc,heap     ] GC(290) Min Capacity: 8M(0%)
[145.879s][info][gc,heap     ] GC(290) Max Capacity: 2048M(100%)
[145.879s][info][gc,heap     ] GC(290) Soft Max Capacity: 2048M(100%)
[145.879s][info][gc,heap     ] GC(290)                Mark Start          Mark End        Relocate Start      Relocate End           High               Low         
[145.879s][info][gc,heap     ] GC(290)  Capacity:     2048M (100%)       2048M (100%)       2048M (100%)       2048M (100%)       2048M (100%)       2048M (100%)   
[145.879s][info][gc,heap     ] GC(290)      Free:     1432M (70%)        1368M (67%)        1524M (74%)        1726M (84%)        1726M (84%)        1364M (67%)    
[145.879s][info][gc,heap     ] GC(290)      Used:      616M (30%)         680M (33%)         524M (26%)         322M (16%)         684M (33%)         322M (16%)    
[145.879s][info][gc,heap     ] GC(290)      Live:         -               201M (10%)         201M (10%)         201M (10%)            -                  -          
[145.879s][info][gc,heap     ] GC(290) Allocated:         -                64M (3%)           70M (3%)           73M (4%)             -                  -          
[145.879s][info][gc,heap     ] GC(290)   Garbage:         -               414M (20%)         252M (12%)          46M (2%)             -                  -          
[145.879s][info][gc,heap     ] GC(290) Reclaimed:         -                  -               162M (8%)          367M (18%)            -                  -          
[145.879s][info][gc          ] GC(290) Garbage Collection (Allocation Rate) 616M(30%)->322M(16%)
[146.573s][info][gc,start    ] GC(291) Garbage Collection (Allocation Rate)
[146.573s][info][gc,task     ] GC(291) Using 12 workers
[146.573s][info][gc,phases   ] GC(291) Pause Mark Start 0.015ms
[146.666s][info][gc,phases   ] GC(291) Concurrent Mark 93.332ms
[146.667s][info][gc,phases   ] GC(291) Pause Mark End 0.021ms
[146.667s][info][gc,phases   ] GC(291) Concurrent Mark Free 0.001ms
[146.669s][info][gc,phases   ] GC(291) Concurrent Process Non-Strong References 2.130ms
[146.669s][info][gc,phases   ] GC(291) Concurrent Reset Relocation Set 0.012ms
[146.688s][info][gc,phases   ] GC(291) Concurrent Select Relocation Set 19.561ms
[146.689s][info][gc,phases   ] GC(291) Pause Relocate Start 0.012ms
[146.706s][info][gc,phases   ] GC(291) Concurrent Relocate 17.396ms
[146.706s][info][gc,load     ] GC(291) Load: 0.00/0.00/0.00
[146.706s][info][gc,mmu      ] GC(291) MMU: 2ms/96.8%, 5ms/98.7%, 10ms/99.3%, 20ms/99.6%, 50ms/99.8%, 100ms/99.9%
[146.706s][info][gc,marking  ] GC(291) Mark: 8 stripe(s), 2 proactive flush(es), 1 terminate flush(es), 0 completion(s), 0 continuation(s) 
[146.706s][info][gc,marking  ] GC(291) Mark Stack Usage: 32M
[146.706s][info][gc,nmethod  ] GC(291) NMethods: 6700 registered, 676 unregistered
[146.706s][info][gc,metaspace] GC(291) Metaspace: 66M used, 67M committed, 1088M reserved
[146.706s][info][gc,ref      ] GC(291) Soft: 3305 encountered, 0 discovered, 0 enqueued
[146.706s][info][gc,ref      ] GC(291) Weak: 6815 encountered, 2324 discovered, 284 enqueued
[146.706s][info][gc,ref      ] GC(291) Final: 84 encountered, 39 discovered, 0 enqueued
[146.706s][info][gc,ref      ] GC(291) Phantom: 632 encountered, 506 discovered, 0 enqueued
[146.706s][info][gc,reloc    ] GC(291) Small Pages: 467 / 934M, Empty: 468M, Relocated: 29M, In-Place: 0
[146.706s][info][gc,reloc    ] GC(291) Medium Pages: 3 / 96M, Empty: 64M, Relocated: 0M, In-Place: 0
[146.706s][info][gc,reloc    ] GC(291) Large Pages: 14 / 84M, Empty: 60M, Relocated: 0M, In-Place: 0
[146.706s][info][gc,reloc    ] GC(291) Forwarding Usage: 28M
[146.706s][info][gc,heap     ] GC(291) Min Capacity: 8M(0%)
[146.706s][info][gc,heap     ] GC(291) Max Capacity: 2048M(100%)
[146.706s][info][gc,heap     ] GC(291) Soft Max Capacity: 2048M(100%)
[146.706s][info][gc,heap     ] GC(291)                Mark Start          Mark End        Relocate Start      Relocate End           High               Low         
[146.706s][info][gc,heap     ] GC(291)  Capacity:     2048M (100%)       2048M (100%)       2048M (100%)       2048M (100%)       2048M (100%)       2048M (100%)   
[146.706s][info][gc,heap     ] GC(291)      Free:      934M (46%)         870M (42%)        1440M (70%)        1672M (82%)        1672M (82%)         868M (42%)    
[146.706s][info][gc,heap     ] GC(291)      Used:     1114M (54%)        1178M (58%)         608M (30%)         376M (18%)        1180M (58%)         376M (18%)    
[146.706s][info][gc,heap     ] GC(291)      Live:         -               217M (11%)         217M (11%)         217M (11%)            -                  -          
[146.706s][info][gc,heap     ] GC(291) Allocated:         -                64M (3%)           86M (4%)           94M (5%)             -                  -          
[146.706s][info][gc,heap     ] GC(291)   Garbage:         -               896M (44%)         304M (15%)          64M (3%)             -                  -          
[146.706s][info][gc,heap     ] GC(291) Reclaimed:         -                  -               592M (29%)         832M (41%)            -                  -          
[146.706s][info][gc          ] GC(291) Garbage Collection (Allocation Rate) 1114M(54%)->376M(18%)
[147.072s][info][gc,start    ] GC(292) Garbage Collection (Allocation Rate)
[147.093s][info][gc,task     ] GC(292) Using 12 workers
[147.093s][info][gc,phases   ] GC(292) Pause Mark Start 0.011ms
[147.197s][info][gc,phases   ] GC(292) Concurrent Mark 103.394ms
[147.197s][info][gc,phases   ] GC(292) Pause Mark End 0.034ms
[147.197s][info][gc,phases   ] GC(292) Concurrent Mark Free 0.001ms
[147.199s][info][gc,phases   ] GC(292) Concurrent Process Non-Strong References 2.122ms
[147.199s][info][gc,phases   ] GC(292) Concurrent Reset Relocation Set 0.028ms
[147.239s][info][gc,phases   ] GC(292) Concurrent Select Relocation Set 39.399ms
[147.239s][info][gc,phases   ] GC(292) Pause Relocate Start 0.009ms
[147.275s][info][gc,phases   ] GC(292) Concurrent Relocate 35.656ms
[147.275s][info][gc,load     ] GC(292) Load: 0.00/0.00/0.00
[147.275s][info][gc,mmu      ] GC(292) MMU: 2ms/96.8%, 5ms/98.7%, 10ms/99.3%, 20ms/99.6%, 50ms/99.8%, 100ms/99.9%
[147.275s][info][gc,marking  ] GC(292) Mark: 8 stripe(s), 3 proactive flush(es), 1 terminate flush(es), 0 completion(s), 0 continuation(s) 
[147.275s][info][gc,marking  ] GC(292) Mark Stack Usage: 32M
[147.275s][info][gc,nmethod  ] GC(292) NMethods: 6701 registered, 681 unregistered
[147.275s][info][gc,metaspace] GC(292) Metaspace: 66M used, 67M committed, 1088M reserved
[147.275s][info][gc,ref      ] GC(292) Soft: 3301 encountered, 0 discovered, 0 enqueued
[147.275s][info][gc,ref      ] GC(292) Weak: 6588 encountered, 903 discovered, 95 enqueued
[147.275s][info][gc,ref      ] GC(292) Final: 84 encountered, 0 discovered, 0 enqueued
[147.275s][info][gc,ref      ] GC(292) Phantom: 618 encountered, 471 discovered, 0 enqueued
[147.275s][info][gc,reloc    ] GC(292) Small Pages: 520 / 1040M, Empty: 134M, Relocated: 69M, In-Place: 0
[147.275s][info][gc,reloc    ] GC(292) Medium Pages: 2 / 64M, Empty: 0M, Relocated: 14M, In-Place: 0
[147.275s][info][gc,reloc    ] GC(292) Large Pages: 7 / 42M, Empty: 30M, Relocated: 0M, In-Place: 0
[147.275s][info][gc,reloc    ] GC(292) Forwarding Usage: 67M
[147.275s][info][gc,heap     ] GC(292) Min Capacity: 8M(0%)
[147.275s][info][gc,heap     ] GC(292) Max Capacity: 2048M(100%)
[147.275s][info][gc,heap     ] GC(292) Soft Max Capacity: 2048M(100%)
[147.275s][info][gc,heap     ] GC(292)                Mark Start          Mark End        Relocate Start      Relocate End           High               Low         
[147.275s][info][gc,heap     ] GC(292)  Capacity:     2048M (100%)       2048M (100%)       2048M (100%)       2048M (100%)       2048M (100%)       2048M (100%)   
[147.275s][info][gc,heap     ] GC(292)      Free:      902M (44%)         814M (40%)         972M (47%)        1640M (80%)        1640M (80%)         814M (40%)    
[147.275s][info][gc,heap     ] GC(292)      Used:     1146M (56%)        1234M (60%)        1076M (53%)         408M (20%)        1234M (60%)         408M (20%)    
[147.275s][info][gc,heap     ] GC(292)      Live:         -               252M (12%)         252M (12%)         252M (12%)            -                  -          
[147.275s][info][gc,heap     ] GC(292) Allocated:         -                88M (4%)           94M (5%)           94M (5%)             -                  -          
[147.275s][info][gc,heap     ] GC(292)   Garbage:         -               893M (44%)         729M (36%)          61M (3%)             -                  -          
[147.275s][info][gc,heap     ] GC(292) Reclaimed:         -                  -               164M (8%)          832M (41%)            -                  -          
[147.275s][info][gc          ] GC(292) Garbage Collection (Allocation Rate) 1146M(56%)->408M(20%)
[147.675s][info][gc,start    ] GC(293) Garbage Collection (Allocation Rate)
[147.675s][info][gc,task     ] GC(293) Using 6 workers
[147.675s][info][gc,phases   ] GC(293) Pause Mark Start 0.017ms
[147.809s][info][gc,phases   ] GC(293) Concurrent Mark 133.560ms
[147.809s][info][gc,phases   ] GC(293) Pause Mark End 0.017ms
[147.809s][info][gc,phases   ] GC(293) Concurrent Mark Free 0.001ms
[147.812s][info][gc,phases   ] GC(293) Concurrent Process Non-Strong References 3.547ms
[147.813s][info][gc,phases   ] GC(293) Concurrent Reset Relocation Set 0.083ms
[147.824s][info][gc,phases   ] GC(293) Concurrent Select Relocation Set 11.874ms
[147.825s][info][gc,phases   ] GC(293) Pause Relocate Start 0.010ms
[147.854s][info][gc,phases   ] GC(293) Concurrent Relocate 29.395ms
[147.854s][info][gc,load     ] GC(293) Load: 0.00/0.00/0.00
[147.854s][info][gc,mmu      ] GC(293) MMU: 2ms/96.8%, 5ms/98.7%, 10ms/99.3%, 20ms/99.6%, 50ms/99.8%, 100ms/99.9%
[147.854s][info][gc,marking  ] GC(293) Mark: 4 stripe(s), 2 proactive flush(es), 1 terminate flush(es), 0 completion(s), 0 continuation(s) 
[147.854s][info][gc,marking  ] GC(293) Mark Stack Usage: 32M
[147.854s][info][gc,nmethod  ] GC(293) NMethods: 6706 registered, 684 unregistered
[147.854s][info][gc,metaspace] GC(293) Metaspace: 66M used, 67M committed, 1088M reserved
[147.854s][info][gc,ref      ] GC(293) Soft: 3298 encountered, 0 discovered, 0 enqueued
[147.854s][info][gc,ref      ] GC(293) Weak: 6508 encountered, 499 discovered, 3 enqueued
[147.854s][info][gc,ref      ] GC(293) Final: 84 encountered, 1 discovered, 0 enqueued
[147.854s][info][gc,ref      ] GC(293) Phantom: 616 encountered, 460 discovered, 0 enqueued
[147.854s][info][gc,reloc    ] GC(293) Small Pages: 256 / 512M, Empty: 64M, Relocated: 34M, In-Place: 0
[147.855s][info][gc,reloc    ] GC(293) Medium Pages: 6 / 192M, Empty: 32M, Relocated: 25M, In-Place: 0
[147.855s][info][gc,reloc    ] GC(293) Large Pages: 23 / 154M, Empty: 110M, Relocated: 0M, In-Place: 0
[147.855s][info][gc,reloc    ] GC(293) Forwarding Usage: 31M
[147.855s][info][gc,heap     ] GC(293) Min Capacity: 8M(0%)
[147.855s][info][gc,heap     ] GC(293) Max Capacity: 2048M(100%)
[147.855s][info][gc,heap     ] GC(293) Soft Max Capacity: 2048M(100%)
[147.855s][info][gc,heap     ] GC(293)                Mark Start          Mark End        Relocate Start      Relocate End           High               Low         
[147.855s][info][gc,heap     ] GC(293)  Capacity:     2048M (100%)       2048M (100%)       2048M (100%)       2048M (100%)       2048M (100%)       2048M (100%)   
[147.855s][info][gc,heap     ] GC(293)      Free:     1190M (58%)         980M (48%)        1170M (57%)        1502M (73%)        1502M (73%)         972M (47%)    
[147.855s][info][gc,heap     ] GC(293)      Used:      858M (42%)        1068M (52%)         878M (43%)         546M (27%)        1076M (53%)         546M (27%)    
[147.855s][info][gc,heap     ] GC(293)      Live:         -               255M (12%)         255M (12%)         255M (12%)            -                  -          
[147.855s][info][gc,heap     ] GC(293) Allocated:         -               210M (10%)         226M (11%)         253M (12%)            -                  -          
[147.855s][info][gc,heap     ] GC(293)   Garbage:         -               602M (29%)         396M (19%)          36M (2%)             -                  -          
[147.855s][info][gc,heap     ] GC(293) Reclaimed:         -                  -               206M (10%)         565M (28%)            -                  -          
[147.855s][info][gc          ] GC(293) Garbage Collection (Allocation Rate) 858M(42%)->546M(27%)
[148.074s][info][gc,start    ] GC(294) Garbage Collection (Allocation Rate)
[148.074s][info][gc,task     ] GC(294) Using 5 workers
[148.074s][info][gc,phases   ] GC(294) Pause Mark Start 0.017ms
[148.228s][info][gc,phases   ] GC(294) Concurrent Mark 153.320ms
[148.228s][info][gc,phases   ] GC(294) Pause Mark End 0.016ms
[148.228s][info][gc,phases   ] GC(294) Concurrent Mark Free 0.001ms
[148.232s][info][gc,phases   ] GC(294) Concurrent Process Non-Strong References 4.225ms
[148.232s][info][gc,phases   ] GC(294) Concurrent Reset Relocation Set 0.039ms
[148.270s][info][gc,phases   ] GC(294) Concurrent Select Relocation Set 37.232ms
[148.270s][info][gc,phases   ] GC(294) Pause Relocate Start 0.012ms
[148.306s][info][gc,phases   ] GC(294) Concurrent Relocate 36.117ms
[148.306s][info][gc,load     ] GC(294) Load: 0.00/0.00/0.00
[148.306s][info][gc,mmu      ] GC(294) MMU: 2ms/96.8%, 5ms/98.7%, 10ms/99.3%, 20ms/99.6%, 50ms/99.8%, 100ms/99.9%
[148.306s][info][gc,marking  ] GC(294) Mark: 4 stripe(s), 3 proactive flush(es), 1 terminate flush(es), 0 completion(s), 0 continuation(s) 
[148.306s][info][gc,marking  ] GC(294) Mark Stack Usage: 32M
[148.306s][info][gc,nmethod  ] GC(294) NMethods: 6708 registered, 686 unregistered
[148.306s][info][gc,metaspace] GC(294) Metaspace: 66M used, 67M committed, 1088M reserved
[148.306s][info][gc,ref      ] GC(294) Soft: 3297 encountered, 0 discovered, 0 enqueued
[148.306s][info][gc,ref      ] GC(294) Weak: 6508 encountered, 2112 discovered, 109 enqueued
[148.306s][info][gc,ref      ] GC(294) Final: 84 encountered, 7 discovered, 0 enqueued
[148.306s][info][gc,ref      ] GC(294) Phantom: 616 encountered, 512 discovered, 0 enqueued
[148.306s][info][gc,reloc    ] GC(294) Small Pages: 313 / 626M, Empty: 158M, Relocated: 34M, In-Place: 0
[148.307s][info][gc,reloc    ] GC(294) Medium Pages: 2 / 64M, Empty: 32M, Relocated: 0M, In-Place: 0
[148.307s][info][gc,reloc    ] GC(294) Large Pages: 20 / 132M, Empty: 114M, Relocated: 0M, In-Place: 0
[148.307s][info][gc,reloc    ] GC(294) Forwarding Usage: 32M
[148.307s][info][gc,heap     ] GC(294) Min Capacity: 8M(0%)
[148.307s][info][gc,heap     ] GC(294) Max Capacity: 2048M(100%)
[148.307s][info][gc,heap     ] GC(294) Soft Max Capacity: 2048M(100%)
[148.307s][info][gc,heap     ] GC(294)                Mark Start          Mark End        Relocate Start      Relocate End           High               Low         
[148.307s][info][gc,heap     ] GC(294)  Capacity:     2048M (100%)       2048M (100%)       2048M (100%)       2048M (100%)       2048M (100%)       2048M (100%)   
[148.307s][info][gc,heap     ] GC(294)      Free:     1226M (60%)         924M (45%)        1150M (56%)        1302M (64%)        1304M (64%)         922M (45%)    
[148.307s][info][gc,heap     ] GC(294)      Used:      822M (40%)        1124M (55%)         898M (44%)         746M (36%)        1126M (55%)         744M (36%)    
[148.307s][info][gc,heap     ] GC(294)      Live:         -               250M (12%)         250M (12%)         250M (12%)            -                  -          
[148.307s][info][gc,heap     ] GC(294) Allocated:         -               302M (15%)         380M (19%)         440M (21%)            -                  -          
[148.307s][info][gc,heap     ] GC(294)   Garbage:         -               571M (28%)         267M (13%)          55M (3%)             -                  -          
[148.307s][info][gc,heap     ] GC(294) Reclaimed:         -                  -               304M (15%)         516M (25%)            -                  -          
[148.307s][info][gc          ] GC(294) Garbage Collection (Allocation Rate) 822M(40%)->746M(36%)
[148.339s][info][gc,start    ] GC(295) Garbage Collection (System.gc())
[148.339s][info][gc,task     ] GC(295) Using 12 workers
[148.339s][info][gc,phases   ] GC(295) Pause Mark Start 0.012ms
[148.400s][info][gc,phases   ] GC(295) Concurrent Mark 61.171ms
[148.400s][info][gc,phases   ] GC(295) Pause Mark End 0.028ms
[148.400s][info][gc,phases   ] GC(295) Concurrent Mark Free 0.001ms
[148.402s][info][gc,phases   ] GC(295) Concurrent Process Non-Strong References 1.739ms
[148.402s][info][gc,phases   ] GC(295) Concurrent Reset Relocation Set 0.025ms
[148.409s][info][gc,phases   ] GC(295) Concurrent Select Relocation Set 6.497ms
[148.409s][info][gc,phases   ] GC(295) Pause Relocate Start 0.013ms
[148.413s][info][gc,phases   ] GC(295) Concurrent Relocate 4.285ms
[148.413s][info][gc,load     ] GC(295) Load: 0.00/0.00/0.00
[148.413s][info][gc,mmu      ] GC(295) MMU: 2ms/96.8%, 5ms/98.7%, 10ms/99.3%, 20ms/99.6%, 50ms/99.8%, 100ms/99.9%
[148.413s][info][gc,marking  ] GC(295) Mark: 8 stripe(s), 1 proactive flush(es), 1 terminate flush(es), 0 completion(s), 0 continuation(s) 
[148.413s][info][gc,marking  ] GC(295) Mark Stack Usage: 32M
[148.413s][info][gc,nmethod  ] GC(295) NMethods: 6707 registered, 688 unregistered
[148.413s][info][gc,metaspace] GC(295) Metaspace: 66M used, 67M committed, 1088M reserved
[148.413s][info][gc,ref      ] GC(295) Soft: 3297 encountered, 0 discovered, 0 enqueued
[148.413s][info][gc,ref      ] GC(295) Weak: 6404 encountered, 1604 discovered, 4 enqueued
[148.413s][info][gc,ref      ] GC(295) Final: 84 encountered, 4 discovered, 0 enqueued
[148.413s][info][gc,ref      ] GC(295) Phantom: 616 encountered, 548 discovered, 0 enqueued
[148.413s][info][gc,reloc    ] GC(295) Small Pages: 371 / 742M, Empty: 508M, Relocated: 6M, In-Place: 0
[148.413s][info][gc,reloc    ] GC(295) Medium Pages: 1 / 32M, Empty: 0M, Relocated: 0M, In-Place: 0
[148.413s][info][gc,reloc    ] GC(295) Large Pages: 4 / 24M, Empty: 24M, Relocated: 0M, In-Place: 0
[148.413s][info][gc,reloc    ] GC(295) Forwarding Usage: 2M
[148.413s][info][gc,heap     ] GC(295) Min Capacity: 8M(0%)
[148.413s][info][gc,heap     ] GC(295) Max Capacity: 2048M(100%)
[148.413s][info][gc,heap     ] GC(295) Soft Max Capacity: 2048M(100%)
[148.413s][info][gc,heap     ] GC(295)                Mark Start          Mark End        Relocate Start      Relocate End           High               Low         
[148.413s][info][gc,heap     ] GC(295)  Capacity:     2048M (100%)       2048M (100%)       2048M (100%)       2048M (100%)       2048M (100%)       2048M (100%)   
[148.413s][info][gc,heap     ] GC(295)      Free:     1250M (61%)        1250M (61%)        1780M (87%)        1812M (88%)        1812M (88%)        1248M (61%)    
[148.413s][info][gc,heap     ] GC(295)      Used:      798M (39%)         798M (39%)         268M (13%)         236M (12%)         800M (39%)         236M (12%)    
[148.414s][info][gc,heap     ] GC(295)      Live:         -               168M (8%)          168M (8%)          168M (8%)             -                  -          
[148.414s][info][gc,heap     ] GC(295) Allocated:         -                 0M (0%)            2M (0%)            3M (0%)             -                  -          
[148.414s][info][gc,heap     ] GC(295)   Garbage:         -               629M (31%)          97M (5%)           63M (3%)             -                  -          
[148.414s][info][gc,heap     ] GC(295) Reclaimed:         -                  -               532M (26%)         565M (28%)            -                  -          
[148.414s][info][gc          ] GC(295) Garbage Collection (System.gc()) 798M(39%)->236M(12%)
[148.771s][info][gc,start    ] GC(296) Garbage Collection (Allocation Rate)
[148.771s][info][gc,task     ] GC(296) Using 4 workers
[148.771s][info][gc,phases   ] GC(296) Pause Mark Start 0.011ms
[149.032s][info][gc,phases   ] GC(296) Concurrent Mark 261.075ms
[149.033s][info][gc,phases   ] GC(296) Pause Mark End 0.018ms
[149.033s][info][gc,phases   ] GC(296) Concurrent Mark Free 0.002ms
[149.037s][info][gc,phases   ] GC(296) Concurrent Process Non-Strong References 4.569ms
[149.037s][info][gc,phases   ] GC(296) Concurrent Reset Relocation Set 0.005ms
[149.070s][info][gc,phases   ] GC(296) Concurrent Select Relocation Set 32.411ms
[149.070s][info][gc,phases   ] GC(296) Pause Relocate Start 0.009ms
[149.149s][info][gc,phases   ] GC(296) Concurrent Relocate 79.395ms
[149.150s][info][gc,load     ] GC(296) Load: 0.00/0.00/0.00
[149.150s][info][gc,mmu      ] GC(296) MMU: 2ms/96.8%, 5ms/98.7%, 10ms/99.3%, 20ms/99.6%, 50ms/99.8%, 100ms/99.9%
[149.150s][info][gc,marking  ] GC(296) Mark: 4 stripe(s), 2 proactive flush(es), 1 terminate flush(es), 0 completion(s), 0 continuation(s) 
[149.150s][info][gc,marking  ] GC(296) Mark Stack Usage: 32M
[149.150s][info][gc,nmethod  ] GC(296) NMethods: 6709 registered, 694 unregistered
[149.150s][info][gc,metaspace] GC(296) Metaspace: 66M used, 67M committed, 1088M reserved
[149.150s][info][gc,ref      ] GC(296) Soft: 3301 encountered, 0 discovered, 0 enqueued
[149.150s][info][gc,ref      ] GC(296) Weak: 6480 encountered, 454 discovered, 28 enqueued
[149.150s][info][gc,ref      ] GC(296) Final: 84 encountered, 3 discovered, 0 enqueued
[149.150s][info][gc,ref      ] GC(296) Phantom: 616 encountered, 338 discovered, 0 enqueued
[149.150s][info][gc,reloc    ] GC(296) Small Pages: 420 / 840M, Empty: 0M, Relocated: 127M, In-Place: 0
[149.150s][info][gc,reloc    ] GC(296) Medium Pages: 2 / 64M, Empty: 0M, Relocated: 18M, In-Place: 0
[149.150s][info][gc,reloc    ] GC(296) Large Pages: 5 / 30M, Empty: 6M, Relocated: 0M, In-Place: 0
[149.150s][info][gc,reloc    ] GC(296) Forwarding Usage: 83M
[149.150s][info][gc,heap     ] GC(296) Min Capacity: 8M(0%)
[149.150s][info][gc,heap     ] GC(296) Max Capacity: 2048M(100%)
[149.150s][info][gc,heap     ] GC(296) Soft Max Capacity: 2048M(100%)
[149.150s][info][gc,heap     ] GC(296)                Mark Start          Mark End        Relocate Start      Relocate End           High               Low         
[149.150s][info][gc,heap     ] GC(296)  Capacity:     2048M (100%)       2048M (100%)       2048M (100%)       2048M (100%)       2048M (100%)       2048M (100%)   
[149.150s][info][gc,heap     ] GC(296)      Free:     1114M (54%)         638M (31%)         564M (28%)        1034M (50%)        1114M (54%)         528M (26%)    
[149.150s][info][gc,heap     ] GC(296)      Used:      934M (46%)        1410M (69%)        1484M (72%)        1014M (50%)        1520M (74%)         934M (46%)    
[149.150s][info][gc,heap     ] GC(296)      Live:         -               320M (16%)         320M (16%)         320M (16%)            -                  -          
[149.150s][info][gc,heap     ] GC(296) Allocated:         -               476M (23%)         556M (27%)         649M (32%)            -                  -          
[149.150s][info][gc,heap     ] GC(296)   Garbage:         -               613M (30%)         607M (30%)          43M (2%)             -                  -          
[149.150s][info][gc,heap     ] GC(296) Reclaimed:         -                  -                 6M (0%)          569M (28%)            -                  -          
[149.150s][info][gc          ] GC(296) Garbage Collection (Allocation Rate) 934M(46%)->1014M(50%)
[149.173s][info][gc,start    ] GC(297) Garbage Collection (Allocation Rate)
[149.173s][info][gc,task     ] GC(297) Using 7 workers
[149.173s][info][gc,phases   ] GC(297) Pause Mark Start 0.008ms
[149.423s][info][gc,phases   ] GC(297) Concurrent Mark 249.595ms
[149.423s][info][gc,phases   ] GC(297) Pause Mark End 0.025ms
[149.423s][info][gc,phases   ] GC(297) Concurrent Mark Free 0.001ms
[149.426s][info][gc,phases   ] GC(297) Concurrent Process Non-Strong References 3.085ms
[149.426s][info][gc,phases   ] GC(297) Concurrent Reset Relocation Set 0.058ms
[149.438s][info][gc,phases   ] GC(297) Concurrent Select Relocation Set 11.482ms
[149.438s][info][gc,phases   ] GC(297) Pause Relocate Start 0.011ms
[149.473s][info][gc,phases   ] GC(297) Concurrent Relocate 35.422ms
[149.474s][info][gc,load     ] GC(297) Load: 0.00/0.00/0.00
[149.474s][info][gc,mmu      ] GC(297) MMU: 2ms/96.8%, 5ms/98.7%, 10ms/99.3%, 20ms/99.6%, 50ms/99.8%, 100ms/99.9%
[149.474s][info][gc,marking  ] GC(297) Mark: 4 stripe(s), 2 proactive flush(es), 1 terminate flush(es), 0 completion(s), 0 continuation(s) 
[149.474s][info][gc,marking  ] GC(297) Mark Stack Usage: 32M
[149.474s][info][gc,nmethod  ] GC(297) NMethods: 6709 registered, 694 unregistered
[149.474s][info][gc,metaspace] GC(297) Metaspace: 66M used, 67M committed, 1088M reserved
[149.474s][info][gc,ref      ] GC(297) Soft: 3301 encountered, 0 discovered, 0 enqueued
[149.474s][info][gc,ref      ] GC(297) Weak: 6452 encountered, 2580 discovered, 0 enqueued
[149.474s][info][gc,ref      ] GC(297) Final: 84 encountered, 6 discovered, 0 enqueued
[149.474s][info][gc,ref      ] GC(297) Phantom: 616 encountered, 301 discovered, 0 enqueued
[149.474s][info][gc,reloc    ] GC(297) Small Pages: 466 / 932M, Empty: 0M, Relocated: 52M, In-Place: 0
[149.474s][info][gc,reloc    ] GC(297) Medium Pages: 1 / 32M, Empty: 0M, Relocated: 0M, In-Place: 0
[149.474s][info][gc,reloc    ] GC(297) Large Pages: 12 / 88M, Empty: 24M, Relocated: 0M, In-Place: 0
[149.474s][info][gc,reloc    ] GC(297) Forwarding Usage: 44M
[149.474s][info][gc,heap     ] GC(297) Min Capacity: 8M(0%)
[149.474s][info][gc,heap     ] GC(297) Max Capacity: 2048M(100%)
[149.474s][info][gc,heap     ] GC(297) Soft Max Capacity: 2048M(100%)
[149.474s][info][gc,heap     ] GC(297)                Mark Start          Mark End        Relocate Start      Relocate End           High               Low         
[149.474s][info][gc,heap     ] GC(297)  Capacity:     2048M (100%)       2048M (100%)       2048M (100%)       2048M (100%)       2048M (100%)       2048M (100%)   
[149.474s][info][gc,heap     ] GC(297)      Free:      996M (49%)         590M (29%)         588M (29%)        1120M (55%)        1122M (55%)         572M (28%)    
[149.474s][info][gc,heap     ] GC(297)      Used:     1052M (51%)        1458M (71%)        1460M (71%)         928M (45%)        1476M (72%)         926M (45%)    
[149.474s][info][gc,heap     ] GC(297)      Live:         -               393M (19%)         393M (19%)         393M (19%)            -                  -          
[149.474s][info][gc,heap     ] GC(297) Allocated:         -               406M (20%)         432M (21%)         478M (23%)            -                  -          
[149.474s][info][gc,heap     ] GC(297)   Garbage:         -               658M (32%)         634M (31%)          56M (3%)             -                  -          
[149.474s][info][gc,heap     ] GC(297) Reclaimed:         -                  -                24M (1%)          602M (29%)            -                  -          
[149.474s][info][gc          ] GC(297) Garbage Collection (Allocation Rate) 1052M(51%)->928M(45%)
[149.477s][info][gc,start    ] GC(298) Garbage Collection (Allocation Rate)
[149.477s][info][gc,task     ] GC(298) Using 8 workers
[149.478s][info][gc,phases   ] GC(298) Pause Mark Start 0.011ms
[149.696s][info][gc,phases   ] GC(298) Concurrent Mark 218.428ms
[149.696s][info][gc,phases   ] GC(298) Pause Mark End 0.022ms
[149.696s][info][gc,phases   ] GC(298) Concurrent Mark Free 0.001ms
[149.699s][info][gc,phases   ] GC(298) Concurrent Process Non-Strong References 2.547ms
[149.699s][info][gc,phases   ] GC(298) Concurrent Reset Relocation Set 0.060ms
[149.704s][info][gc,phases   ] GC(298) Concurrent Select Relocation Set 5.136ms
[149.704s][info][gc,phases   ] GC(298) Pause Relocate Start 0.009ms
[149.729s][info][gc,phases   ] GC(298) Concurrent Relocate 24.207ms
[149.729s][info][gc,load     ] GC(298) Load: 0.00/0.00/0.00
[149.729s][info][gc,mmu      ] GC(298) MMU: 2ms/96.8%, 5ms/98.7%, 10ms/99.3%, 20ms/99.6%, 50ms/99.8%, 100ms/99.9%
[149.729s][info][gc,marking  ] GC(298) Mark: 8 stripe(s), 2 proactive flush(es), 1 terminate flush(es), 0 completion(s), 0 continuation(s) 
[149.729s][info][gc,marking  ] GC(298) Mark Stack Usage: 32M
[149.729s][info][gc,nmethod  ] GC(298) NMethods: 6709 registered, 694 unregistered
[149.729s][info][gc,metaspace] GC(298) Metaspace: 66M used, 67M committed, 1088M reserved
[149.729s][info][gc,ref      ] GC(298) Soft: 3301 encountered, 0 discovered, 0 enqueued
[149.729s][info][gc,ref      ] GC(298) Weak: 6452 encountered, 997 discovered, 0 enqueued
[149.729s][info][gc,ref      ] GC(298) Final: 84 encountered, 0 discovered, 0 enqueued
[149.729s][info][gc,ref      ] GC(298) Phantom: 616 encountered, 542 discovered, 0 enqueued
[149.729s][info][gc,reloc    ] GC(298) Small Pages: 419 / 838M, Empty: 0M, Relocated: 34M, In-Place: 0
[149.729s][info][gc,reloc    ] GC(298) Medium Pages: 1 / 32M, Empty: 0M, Relocated: 0M, In-Place: 0
[149.729s][info][gc,reloc    ] GC(298) Large Pages: 8 / 64M, Empty: 0M, Relocated: 0M, In-Place: 0
[149.729s][info][gc,reloc    ] GC(298) Forwarding Usage: 34M
[149.729s][info][gc,heap     ] GC(298) Min Capacity: 8M(0%)
[149.729s][info][gc,heap     ] GC(298) Max Capacity: 2048M(100%)
[149.729s][info][gc,heap     ] GC(298) Soft Max Capacity: 2048M(100%)
[149.729s][info][gc,heap     ] GC(298)                Mark Start          Mark End        Relocate Start      Relocate End           High               Low         
[149.729s][info][gc,heap     ] GC(298)  Capacity:     2048M (100%)       2048M (100%)       2048M (100%)       2048M (100%)       2048M (100%)       2048M (100%)   
[149.729s][info][gc,heap     ] GC(298)      Free:     1114M (54%)         766M (37%)         762M (37%)        1174M (57%)        1174M (57%)         746M (36%)    
[149.729s][info][gc,heap     ] GC(298)      Used:      934M (46%)        1282M (63%)        1286M (63%)         874M (43%)        1302M (64%)         874M (43%)    
[149.729s][info][gc,heap     ] GC(298)      Live:         -               415M (20%)         415M (20%)         415M (20%)            -                  -          
[149.729s][info][gc,heap     ] GC(298) Allocated:         -               348M (17%)         352M (17%)         392M (19%)            -                  -          
[149.729s][info][gc,heap     ] GC(298)   Garbage:         -               518M (25%)         518M (25%)          65M (3%)             -                  -          
[149.729s][info][gc,heap     ] GC(298) Reclaimed:         -                  -                 0M (0%)          452M (22%)            -                  -          
[149.729s][info][gc          ] GC(298) Garbage Collection (Allocation Rate) 934M(46%)->874M(43%)
[149.977s][info][gc,start    ] GC(299) Garbage Collection (Allocation Rate)
[149.977s][info][gc,task     ] GC(299) Using 7 workers
[149.978s][info][gc,phases   ] GC(299) Pause Mark Start 0.019ms
[150.172s][info][gc,stats    ] === Garbage Collection Statistics =======================================================================================================================
[150.172s][info][gc,stats    ]                                                              Last 10s              Last 10m              Last 10h                Total
[150.172s][info][gc,stats    ]                                                              Avg / Max             Avg / Max             Avg / Max             Avg / Max
[150.172s][info][gc,stats    ]   Collector: Garbage Collection Cycle                    212.736 / 393.753     205.592 / 1113.016    205.592 / 1113.016    205.592 / 1113.016    ms
[150.172s][info][gc,stats    ]  Contention: Mark Segment Reset Contention                    25 / 53               20 / 154              20 / 154              20 / 154         ops/s
[150.172s][info][gc,stats    ]  Contention: Mark SeqNum Reset Contention                      2 / 6                 1 / 7                 1 / 7                 1 / 7           ops/s
[150.172s][info][gc,stats    ]    Critical: Allocation Stall                                  0 / 0                 0 / 5                 0 / 5                 0 / 5           ops/s
[150.172s][info][gc,stats    ]    Critical: Allocation Stall                              0.000 / 0.000        46.147 / 67.576       46.147 / 67.576       46.147 / 67.576      ms
[150.172s][info][gc,stats    ]    Critical: GC Locker Stall                                   0 / 0                 0 / 1                 0 / 1                 0 / 1           ops/s
[150.172s][info][gc,stats    ]    Critical: GC Locker Stall                               0.000 / 0.000         0.001 / 0.001         0.001 / 0.001         0.001 / 0.001       ms
[150.172s][info][gc,stats    ]    Critical: Relocation Stall                                  0 / 0                 0 / 3                 0 / 3                 0 / 3           ops/s
[150.172s][info][gc,stats    ]    Critical: Relocation Stall                              0.000 / 0.000         6.236 / 10.360        6.236 / 10.360        6.236 / 10.360      ms
[150.172s][info][gc,stats    ]      Memory: Allocation Rate                                1272 / 1762           1122 / 2860           1122 / 2860           1122 / 2860        MB/s
[150.173s][info][gc,stats    ]      Memory: Defragment                                        0 / 1                 2 / 131               2 / 131               2 / 131         ops/s
[150.173s][info][gc,stats    ]      Memory: Out Of Memory                                     0 / 0                 0 / 0                 0 / 0                 0 / 0           ops/s
[150.173s][info][gc,stats    ]      Memory: Page Cache Flush                                 16 / 90               18 / 356              18 / 356              18 / 356         MB/s
[150.173s][info][gc,stats    ]      Memory: Page Cache Hit L1                               631 / 927             550 / 1290            550 / 1290            550 / 1290        ops/s
[150.173s][info][gc,stats    ]      Memory: Page Cache Hit L2                                 0 / 0                 0 / 0                 0 / 0                 0 / 0           ops/s
[150.173s][info][gc,stats    ]      Memory: Page Cache Hit L3                                 0 / 4                 9 / 362               9 / 362               9 / 362         ops/s
[150.173s][info][gc,stats    ]      Memory: Page Cache Miss                                   1 / 10                1 / 32                1 / 32                1 / 32          ops/s
[150.173s][info][gc,stats    ]      Memory: Uncommit                                          0 / 0                 0 / 0                 0 / 0                 0 / 0           MB/s
[150.173s][info][gc,stats    ]      Memory: Undo Object Allocation Failed                     4 / 39                2 / 39                2 / 39                2 / 39          ops/s
[150.173s][info][gc,stats    ]      Memory: Undo Object Allocation Succeeded                  5 / 40               20 / 1098             20 / 1098             20 / 1098        ops/s
[150.173s][info][gc,stats    ]      Memory: Undo Page Allocation                             24 / 63               26 / 127              26 / 127              26 / 127         ops/s
[150.173s][info][gc,stats    ]       Phase: Concurrent Mark                             151.084 / 261.075     155.347 / 1077.882    155.347 / 1077.882    155.347 / 1077.882    ms
[150.173s][info][gc,stats    ]       Phase: Concurrent Mark Continue                      0.000 / 0.000         0.000 / 0.000         0.000 / 0.000         0.000 / 0.000       ms
[150.173s][info][gc,stats    ]       Phase: Concurrent Mark Free                          0.001 / 0.002         0.001 / 0.008         0.001 / 0.008         0.001 / 0.008       ms
[150.173s][info][gc,stats    ]       Phase: Concurrent Process Non-Strong References      2.652 / 4.569         2.870 / 16.614        2.870 / 16.614        2.870 / 16.614      ms
[150.173s][info][gc,stats    ]       Phase: Concurrent Relocate                          28.536 / 79.395       25.627 / 107.720      25.627 / 107.720      25.627 / 107.720     ms
[150.173s][info][gc,stats    ]       Phase: Concurrent Reset Relocation Set               0.040 / 0.083         0.038 / 0.157         0.038 / 0.157         0.038 / 0.157       ms
[150.173s][info][gc,stats    ]       Phase: Concurrent Select Relocation Set             20.439 / 53.379       18.101 / 58.871       18.101 / 58.871       18.101 / 58.871      ms
[150.173s][info][gc,stats    ]       Phase: Pause Mark End                                0.028 / 0.040         0.026 / 0.063         0.026 / 0.063         0.026 / 0.063       ms
[150.173s][info][gc,stats    ]       Phase: Pause Mark Start                              0.014 / 0.019         0.014 / 0.059         0.014 / 0.059         0.014 / 0.059       ms
[150.173s][info][gc,stats    ]       Phase: Pause Relocate Start                          0.010 / 0.014         0.010 / 0.015         0.010 / 0.015         0.010 / 0.015       ms
[150.173s][info][gc,stats    ]    Subphase: Concurrent Classes Purge                      0.059 / 0.716         0.114 / 6.469         0.114 / 6.469         0.114 / 6.469       ms
[150.173s][info][gc,stats    ]    Subphase: Concurrent Classes Unlink                     1.959 / 3.761         2.076 / 13.817        2.076 / 13.817        2.076 / 13.817      ms
[150.173s][info][gc,stats    ]    Subphase: Concurrent Mark                             135.361 / 255.320     142.307 / 1074.330    142.307 / 1074.330    142.307 / 1074.330    ms
[150.173s][info][gc,stats    ]    Subphase: Concurrent Mark Try Flush                     0.153 / 1.038         0.134 / 1.038         0.134 / 1.038         0.134 / 1.038       ms
[150.173s][info][gc,stats    ]    Subphase: Concurrent Mark Try Terminate                 7.226 / 16.627        9.754 / 16.976        9.754 / 16.976        9.754 / 16.976      ms
[150.173s][info][gc,stats    ]    Subphase: Concurrent References Enqueue                 0.002 / 0.004         0.002 / 0.005         0.002 / 0.005         0.002 / 0.005       ms
[150.173s][info][gc,stats    ]    Subphase: Concurrent References Process                 0.127 / 0.213         0.127 / 0.349         0.127 / 0.349         0.127 / 0.349       ms
[150.173s][info][gc,stats    ]    Subphase: Concurrent Roots ClassLoaderDataGraph         0.103 / 0.598         0.098 / 0.915         0.098 / 0.915         0.098 / 0.915       ms
[150.173s][info][gc,stats    ]    Subphase: Concurrent Roots CodeCache                    0.000 / 0.000         0.000 / 0.000         0.000 / 0.000         0.000 / 0.000       ms
[150.173s][info][gc,stats    ]    Subphase: Concurrent Roots JavaThreads                  3.947 / 5.516         5.782 / 13.140        5.782 / 13.140        5.782 / 13.140      ms
[150.173s][info][gc,stats    ]    Subphase: Concurrent Roots OopStorageSet                0.036 / 0.071         0.032 / 0.277         0.032 / 0.277         0.032 / 0.277       ms
[150.173s][info][gc,stats    ]    Subphase: Concurrent Weak Roots OopStorageSet           0.221 / 0.484         0.229 / 1.572         0.229 / 1.572         0.229 / 1.572       ms
[150.173s][info][gc,stats    ]    Subphase: Pause Mark Try Complete                       0.000 / 0.000         0.001 / 0.006         0.001 / 0.006         0.001 / 0.006       ms
[150.173s][info][gc,stats    ]      System: Java Threads                                    275 / 278             242 / 281             242 / 281             242 / 281         threads
[150.173s][info][gc,stats    ] =========================================================================================================================================================
[150.219s][info][gc,phases   ] GC(299) Concurrent Mark 241.374ms
[150.219s][info][gc,phases   ] GC(299) Pause Mark End 0.032ms
[150.219s][info][gc,phases   ] GC(299) Concurrent Mark Free 0.001ms
[150.222s][info][gc,phases   ] GC(299) Concurrent Process Non-Strong References 2.794ms
[150.222s][info][gc,phases   ] GC(299) Concurrent Reset Relocation Set 0.059ms
[150.256s][info][gc,phases   ] GC(299) Concurrent Select Relocation Set 33.562ms
[150.256s][info][gc,phases   ] GC(299) Pause Relocate Start 0.012ms
[150.285s][info][gc,phases   ] GC(299) Concurrent Relocate 28.723ms
[150.285s][info][gc,load     ] GC(299) Load: 0.00/0.00/0.00
[150.285s][info][gc,mmu      ] GC(299) MMU: 2ms/96.8%, 5ms/98.7%, 10ms/99.3%, 20ms/99.6%, 50ms/99.8%, 100ms/99.9%
[150.285s][info][gc,marking  ] GC(299) Mark: 4 stripe(s), 2 proactive flush(es), 1 terminate flush(es), 0 completion(s), 0 continuation(s) 
[150.285s][info][gc,marking  ] GC(299) Mark Stack Usage: 32M
[150.285s][info][gc,nmethod  ] GC(299) NMethods: 6711 registered, 694 unregistered
[150.285s][info][gc,metaspace] GC(299) Metaspace: 66M used, 67M committed, 1088M reserved
[150.285s][info][gc,ref      ] GC(299) Soft: 3301 encountered, 0 discovered, 0 enqueued
[150.285s][info][gc,ref      ] GC(299) Weak: 6442 encountered, 2441 discovered, 0 enqueued
[150.285s][info][gc,ref      ] GC(299) Final: 84 encountered, 26 discovered, 0 enqueued
[150.285s][info][gc,ref      ] GC(299) Phantom: 616 encountered, 289 discovered, 0 enqueued
[150.285s][info][gc,reloc    ] GC(299) Small Pages: 381 / 762M, Empty: 72M, Relocated: 40M, In-Place: 0
[150.285s][info][gc,reloc    ] GC(299) Medium Pages: 2 / 64M, Empty: 0M, Relocated: 18M, In-Place: 0
[150.285s][info][gc,reloc    ] GC(299) Large Pages: 8 / 64M, Empty: 24M, Relocated: 0M, In-Place: 0
[150.285s][info][gc,reloc    ] GC(299) Forwarding Usage: 37M
[150.285s][info][gc,heap     ] GC(299) Min Capacity: 8M(0%)
[150.285s][info][gc,heap     ] GC(299) Max Capacity: 2048M(100%)
[150.285s][info][gc,heap     ] GC(299) Soft Max Capacity: 2048M(100%)
[150.285s][info][gc,heap     ] GC(299)                Mark Start          Mark End        Relocate Start      Relocate End           High               Low         
[150.285s][info][gc,heap     ] GC(299)  Capacity:     2048M (100%)       2048M (100%)       2048M (100%)       2048M (100%)       2048M (100%)       2048M (100%)   
[150.285s][info][gc,heap     ] GC(299)      Free:     1158M (57%)        1110M (54%)        1198M (58%)        1608M (79%)        1608M (79%)        1110M (54%)    
[150.285s][info][gc,heap     ] GC(299)      Used:      890M (43%)         938M (46%)         850M (42%)         440M (21%)         938M (46%)         440M (21%)    
[150.285s][info][gc,heap     ] GC(299)      Live:         -               314M (15%)         314M (15%)         314M (15%)            -                  -          
[150.285s][info][gc,heap     ] GC(299) Allocated:         -                48M (2%)           56M (3%)           61M (3%)             -                  -          
[150.285s][info][gc,heap     ] GC(299)   Garbage:         -               575M (28%)         479M (23%)          63M (3%)             -                  -          
[150.285s][info][gc,heap     ] GC(299) Reclaimed:         -                  -                96M (5%)          511M (25%)            -                  -          
[150.285s][info][gc          ] GC(299) Garbage Collection (Allocation Rate) 890M(43%)->440M(21%)
[150.375s][info][gc,start    ] GC(300) Garbage Collection (Allocation Rate)
[150.375s][info][gc,task     ] GC(300) Using 7 workers
[150.376s][info][gc,phases   ] GC(300) Pause Mark Start 0.016ms
[150.522s][info][gc,phases   ] GC(300) Concurrent Mark 146.755ms
[150.523s][info][gc,phases   ] GC(300) Pause Mark End 0.039ms
[150.523s][info][gc,phases   ] GC(300) Concurrent Mark Free 0.001ms
[150.526s][info][gc,phases   ] GC(300) Concurrent Process Non-Strong References 2.930ms
[150.526s][info][gc,phases   ] GC(300) Concurrent Reset Relocation Set 0.043ms
[150.565s][info][gc,phases   ] GC(300) Concurrent Select Relocation Set 39.075ms
[150.565s][info][gc,phases   ] GC(300) Pause Relocate Start 0.011ms
[150.602s][info][gc,phases   ] GC(300) Concurrent Relocate 37.099ms
[150.602s][info][gc,load     ] GC(300) Load: 0.00/0.00/0.00
[150.602s][info][gc,mmu      ] GC(300) MMU: 2ms/96.8%, 5ms/98.7%, 10ms/99.3%, 20ms/99.6%, 50ms/99.8%, 100ms/99.9%
[150.602s][info][gc,marking  ] GC(300) Mark: 4 stripe(s), 5 proactive flush(es), 1 terminate flush(es), 0 completion(s), 0 continuation(s) 
[150.602s][info][gc,marking  ] GC(300) Mark Stack Usage: 32M
[150.602s][info][gc,nmethod  ] GC(300) NMethods: 6714 registered, 695 unregistered
[150.602s][info][gc,metaspace] GC(300) Metaspace: 66M used, 67M committed, 1088M reserved
[150.602s][info][gc,ref      ] GC(300) Soft: 3299 encountered, 0 discovered, 0 enqueued
[150.602s][info][gc,ref      ] GC(300) Weak: 6585 encountered, 3013 discovered, 0 enqueued
[150.602s][info][gc,ref      ] GC(300) Final: 84 encountered, 7 discovered, 0 enqueued
[150.602s][info][gc,ref      ] GC(300) Phantom: 617 encountered, 497 discovered, 0 enqueued
[150.603s][info][gc,reloc    ] GC(300) Small Pages: 180 / 360M, Empty: 34M, Relocated: 50M, In-Place: 0
[150.603s][info][gc,reloc    ] GC(300) Medium Pages: 2 / 64M, Empty: 32M, Relocated: 0M, In-Place: 0
[150.603s][info][gc,reloc    ] GC(300) Large Pages: 4 / 40M, Empty: 20M, Relocated: 0M, In-Place: 0
[150.603s][info][gc,reloc    ] GC(300) Forwarding Usage: 49M
[150.603s][info][gc,heap     ] GC(300) Min Capacity: 8M(0%)
[150.603s][info][gc,heap     ] GC(300) Max Capacity: 2048M(100%)
[150.603s][info][gc,heap     ] GC(300) Soft Max Capacity: 2048M(100%)
[150.603s][info][gc,heap     ] GC(300)                Mark Start          Mark End        Relocate Start      Relocate End           High               Low         
[150.603s][info][gc,heap     ] GC(300)  Capacity:     2048M (100%)       2048M (100%)       2048M (100%)       2048M (100%)       2048M (100%)       2048M (100%)   
[150.603s][info][gc,heap     ] GC(300)      Free:     1584M (77%)        1542M (75%)        1534M (75%)        1574M (77%)        1584M (77%)        1498M (73%)    
[150.603s][info][gc,heap     ] GC(300)      Used:      464M (23%)         506M (25%)         514M (25%)         474M (23%)         550M (27%)         464M (23%)    
[150.603s][info][gc,heap     ] GC(300)      Live:         -               237M (12%)         237M (12%)         237M (12%)            -                  -          
[150.603s][info][gc,heap     ] GC(300) Allocated:         -                42M (2%)          136M (7%)          181M (9%)             -                  -          
[150.603s][info][gc,heap     ] GC(300)   Garbage:         -               226M (11%)         140M (7%)           54M (3%)             -                  -          
[150.603s][info][gc,heap     ] GC(300) Reclaimed:         -                  -                86M (4%)          171M (8%)             -                  -          
[150.603s][info][gc          ] GC(300) Garbage Collection (Allocation Rate) 464M(23%)->474M(23%)
[150.680s][info][gc,start    ] GC(301) Garbage Collection (Allocation Rate)
[150.680s][info][gc,task     ] GC(301) Using 7 workers
[150.680s][info][gc,phases   ] GC(301) Pause Mark Start 0.014ms
[150.805s][info][gc,phases   ] GC(301) Concurrent Mark 124.566ms
[150.805s][info][gc,phases   ] GC(301) Pause Mark End 0.023ms
[150.805s][info][gc,phases   ] GC(301) Concurrent Mark Free 0.001ms
[150.808s][info][gc,phases   ] GC(301) Concurrent Process Non-Strong References 2.823ms
[150.808s][info][gc,phases   ] GC(301) Concurrent Reset Relocation Set 0.022ms
[150.817s][info][gc,phases   ] GC(301) Concurrent Select Relocation Set 9.270ms
[150.817s][info][gc,phases   ] GC(301) Pause Relocate Start 0.008ms
[150.840s][info][gc,phases   ] GC(301) Concurrent Relocate 22.067ms
[150.840s][info][gc,load     ] GC(301) Load: 0.00/0.00/0.00
[150.840s][info][gc,mmu      ] GC(301) MMU: 2ms/96.8%, 5ms/98.7%, 10ms/99.3%, 20ms/99.6%, 50ms/99.8%, 100ms/99.9%
[150.840s][info][gc,marking  ] GC(301) Mark: 4 stripe(s), 2 proactive flush(es), 1 terminate flush(es), 0 completion(s), 0 continuation(s) 
[150.840s][info][gc,marking  ] GC(301) Mark Stack Usage: 32M
[150.840s][info][gc,nmethod  ] GC(301) NMethods: 6714 registered, 696 unregistered
[150.840s][info][gc,metaspace] GC(301) Metaspace: 66M used, 67M committed, 1088M reserved
[150.840s][info][gc,ref      ] GC(301) Soft: 3301 encountered, 0 discovered, 0 enqueued
[150.840s][info][gc,ref      ] GC(301) Weak: 6651 encountered, 619 discovered, 84 enqueued
[150.840s][info][gc,ref      ] GC(301) Final: 84 encountered, 0 discovered, 0 enqueued
[150.840s][info][gc,ref      ] GC(301) Phantom: 620 encountered, 491 discovered, 0 enqueued
[150.840s][info][gc,reloc    ] GC(301) Small Pages: 206 / 412M, Empty: 16M, Relocated: 29M, In-Place: 0
[150.840s][info][gc,reloc    ] GC(301) Medium Pages: 2 / 64M, Empty: 32M, Relocated: 0M, In-Place: 0
[150.840s][info][gc,reloc    ] GC(301) Large Pages: 7 / 50M, Empty: 26M, Relocated: 0M, In-Place: 0
[150.840s][info][gc,reloc    ] GC(301) Forwarding Usage: 25M
[150.840s][info][gc,heap     ] GC(301) Min Capacity: 8M(0%)
[150.840s][info][gc,heap     ] GC(301) Max Capacity: 2048M(100%)
[150.840s][info][gc,heap     ] GC(301) Soft Max Capacity: 2048M(100%)
[150.840s][info][gc,heap     ] GC(301)                Mark Start          Mark End        Relocate Start      Relocate End           High               Low         
[150.840s][info][gc,heap     ] GC(301)  Capacity:     2048M (100%)       2048M (100%)       2048M (100%)       2048M (100%)       2048M (100%)       2048M (100%)   
[150.840s][info][gc,heap     ] GC(301)      Free:     1522M (74%)        1316M (64%)        1362M (67%)        1512M (74%)        1522M (74%)        1304M (64%)    
[150.840s][info][gc,heap     ] GC(301)      Used:      526M (26%)         732M (36%)         686M (33%)         536M (26%)         744M (36%)         526M (26%)    
[150.840s][info][gc,heap     ] GC(301)      Live:         -               213M (10%)         213M (10%)         213M (10%)            -                  -          
[150.840s][info][gc,heap     ] GC(301) Allocated:         -               206M (10%)         234M (11%)         269M (13%)            -                  -          
[150.840s][info][gc,heap     ] GC(301)   Garbage:         -               312M (15%)         238M (12%)          52M (3%)             -                  -          
[150.840s][info][gc,heap     ] GC(301) Reclaimed:         -                  -                74M (4%)          259M (13%)            -                  -          
[150.840s][info][gc          ] GC(301) Garbage Collection (Allocation Rate) 526M(26%)->536M(26%)
[151.180s][info][gc,start    ] GC(302) Garbage Collection (Allocation Rate)
[151.180s][info][gc,task     ] GC(302) Using 9 workers
[151.180s][info][gc,phases   ] GC(302) Pause Mark Start 0.017ms
[151.343s][info][gc,phases   ] GC(302) Concurrent Mark 162.632ms
[151.343s][info][gc,phases   ] GC(302) Pause Mark End 0.022ms
[151.343s][info][gc,phases   ] GC(302) Concurrent Mark Free 0.001ms
[151.345s][info][gc,phases   ] GC(302) Concurrent Process Non-Strong References 2.294ms
[151.345s][info][gc,phases   ] GC(302) Concurrent Reset Relocation Set 0.021ms
[151.392s][info][gc,phases   ] GC(302) Concurrent Select Relocation Set 46.352ms
[151.392s][info][gc,phases   ] GC(302) Pause Relocate Start 0.009ms
[151.447s][info][gc,phases   ] GC(302) Concurrent Relocate 54.846ms
[151.447s][info][gc,load     ] GC(302) Load: 0.00/0.00/0.00
[151.447s][info][gc,mmu      ] GC(302) MMU: 2ms/96.8%, 5ms/98.7%, 10ms/99.3%, 20ms/99.6%, 50ms/99.8%, 100ms/99.9%
[151.447s][info][gc,marking  ] GC(302) Mark: 8 stripe(s), 2 proactive flush(es), 1 terminate flush(es), 0 completion(s), 0 continuation(s) 
[151.447s][info][gc,marking  ] GC(302) Mark Stack Usage: 32M
[151.447s][info][gc,nmethod  ] GC(302) NMethods: 6714 registered, 696 unregistered
[151.447s][info][gc,metaspace] GC(302) Metaspace: 66M used, 67M committed, 1088M reserved
[151.447s][info][gc,ref      ] GC(302) Soft: 3305 encountered, 0 discovered, 0 enqueued
[151.447s][info][gc,ref      ] GC(302) Weak: 6573 encountered, 701 discovered, 78 enqueued
[151.447s][info][gc,ref      ] GC(302) Final: 84 encountered, 1 discovered, 0 enqueued
[151.447s][info][gc,ref      ] GC(302) Phantom: 616 encountered, 383 discovered, 0 enqueued
[151.447s][info][gc,reloc    ] GC(302) Small Pages: 543 / 1086M, Empty: 0M, Relocated: 143M, In-Place: 0
[151.447s][info][gc,reloc    ] GC(302) Medium Pages: 2 / 64M, Empty: 32M, Relocated: 0M, In-Place: 0
[151.447s][info][gc,reloc    ] GC(302) Large Pages: 12 / 72M, Empty: 24M, Relocated: 0M, In-Place: 0
[151.447s][info][gc,reloc    ] GC(302) Forwarding Usage: 100M
[151.447s][info][gc,heap     ] GC(302) Min Capacity: 8M(0%)
[151.447s][info][gc,heap     ] GC(302) Max Capacity: 2048M(100%)
[151.447s][info][gc,heap     ] GC(302) Soft Max Capacity: 2048M(100%)
[151.447s][info][gc,heap     ] GC(302)                Mark Start          Mark End        Relocate Start      Relocate End           High               Low         
[151.447s][info][gc,heap     ] GC(302)  Capacity:     2048M (100%)       2048M (100%)       2048M (100%)       2048M (100%)       2048M (100%)       2048M (100%)   
[151.447s][info][gc,heap     ] GC(302)      Free:      826M (40%)         574M (28%)         546M (27%)        1238M (60%)        1238M (60%)         526M (26%)    
[151.447s][info][gc,heap     ] GC(302)      Used:     1222M (60%)        1474M (72%)        1502M (73%)         810M (40%)        1522M (74%)         810M (40%)    
[151.447s][info][gc,heap     ] GC(302)      Live:         -               351M (17%)         351M (17%)         351M (17%)            -                  -          
[151.447s][info][gc,heap     ] GC(302) Allocated:         -               252M (12%)         336M (16%)         402M (20%)            -                  -          
[151.447s][info][gc,heap     ] GC(302)   Garbage:         -               870M (43%)         814M (40%)          56M (3%)             -                  -          
[151.447s][info][gc,heap     ] GC(302) Reclaimed:         -                  -                56M (3%)          814M (40%)            -                  -          
[151.447s][info][gc          ] GC(302) Garbage Collection (Allocation Rate) 1222M(60%)->810M(40%)
[151.483s][info][gc,start    ] GC(303) Garbage Collection (Allocation Rate)
[151.483s][info][gc,task     ] GC(303) Using 12 workers
[151.484s][info][gc,phases   ] GC(303) Pause Mark Start 0.009ms
[151.671s][info][gc,phases   ] GC(303) Concurrent Mark 187.084ms
[151.671s][info][gc,phases   ] GC(303) Pause Mark End 0.026ms
[151.671s][info][gc,phases   ] GC(303) Concurrent Mark Free 0.001ms
[151.673s][info][gc,phases   ] GC(303) Concurrent Process Non-Strong References 2.292ms
[151.673s][info][gc,phases   ] GC(303) Concurrent Reset Relocation Set 0.060ms
[151.683s][info][gc,phases   ] GC(303) Concurrent Select Relocation Set 9.980ms
[151.684s][info][gc,phases   ] GC(303) Pause Relocate Start 0.009ms
[151.704s][info][gc,phases   ] GC(303) Concurrent Relocate 20.189ms
[151.704s][info][gc,load     ] GC(303) Load: 0.00/0.00/0.00
[151.704s][info][gc,mmu      ] GC(303) MMU: 2ms/96.8%, 5ms/98.7%, 10ms/99.3%, 20ms/99.6%, 50ms/99.8%, 100ms/99.9%
[151.704s][info][gc,marking  ] GC(303) Mark: 8 stripe(s), 2 proactive flush(es), 1 terminate flush(es), 0 completion(s), 0 continuation(s) 
[151.704s][info][gc,marking  ] GC(303) Mark Stack Usage: 32M
[151.704s][info][gc,nmethod  ] GC(303) NMethods: 6716 registered, 696 unregistered
[151.704s][info][gc,metaspace] GC(303) Metaspace: 66M used, 67M committed, 1088M reserved
[151.704s][info][gc,ref      ] GC(303) Soft: 3305 encountered, 0 discovered, 0 enqueued
[151.704s][info][gc,ref      ] GC(303) Weak: 6493 encountered, 3066 discovered, 0 enqueued
[151.704s][info][gc,ref      ] GC(303) Final: 84 encountered, 1 discovered, 0 enqueued
[151.704s][info][gc,ref      ] GC(303) Phantom: 616 encountered, 492 discovered, 0 enqueued
[151.704s][info][gc,reloc    ] GC(303) Small Pages: 374 / 748M, Empty: 0M, Relocated: 37M, In-Place: 0
[151.704s][info][gc,reloc    ] GC(303) Medium Pages: 1 / 32M, Empty: 0M, Relocated: 0M, In-Place: 0
[151.704s][info][gc,reloc    ] GC(303) Large Pages: 12 / 88M, Empty: 24M, Relocated: 0M, In-Place: 0
[151.704s][info][gc,reloc    ] GC(303) Forwarding Usage: 32M
[151.704s][info][gc,heap     ] GC(303) Min Capacity: 8M(0%)
[151.704s][info][gc,heap     ] GC(303) Max Capacity: 2048M(100%)
[151.704s][info][gc,heap     ] GC(303) Soft Max Capacity: 2048M(100%)
[151.704s][info][gc,heap     ] GC(303)                Mark Start          Mark End        Relocate Start      Relocate End           High               Low         
[151.704s][info][gc,heap     ] GC(303)  Capacity:     2048M (100%)       2048M (100%)       2048M (100%)       2048M (100%)       2048M (100%)       2048M (100%)   
[151.704s][info][gc,heap     ] GC(303)      Free:     1180M (58%)         898M (44%)         902M (44%)        1264M (62%)        1264M (62%)         878M (43%)    
[151.704s][info][gc,heap     ] GC(303)      Used:      868M (42%)        1150M (56%)        1146M (56%)         784M (38%)        1170M (57%)         784M (38%)    
[151.704s][info][gc,heap     ] GC(303)      Live:         -               393M (19%)         393M (19%)         393M (19%)            -                  -          
[151.704s][info][gc,heap     ] GC(303) Allocated:         -               282M (14%)         302M (15%)         325M (16%)            -                  -          
[151.704s][info][gc,heap     ] GC(303)   Garbage:         -               474M (23%)         450M (22%)          65M (3%)             -                  -          
[151.704s][info][gc,heap     ] GC(303) Reclaimed:         -                  -                24M (1%)          409M (20%)            -                  -          
[151.704s][info][gc          ] GC(303) Garbage Collection (Allocation Rate) 868M(42%)->784M(38%)
[151.780s][info][gc,start    ] GC(304) Garbage Collection (Allocation Rate)
[151.780s][info][gc,task     ] GC(304) Using 12 workers
[151.780s][info][gc,phases   ] GC(304) Pause Mark Start 0.015ms
[151.975s][info][gc,phases   ] GC(304) Concurrent Mark 193.899ms
[151.975s][info][gc,phases   ] GC(304) Pause Mark End 0.025ms
[151.975s][info][gc,phases   ] GC(304) Concurrent Mark Free 0.001ms
[151.977s][info][gc,phases   ] GC(304) Concurrent Process Non-Strong References 2.360ms
[151.977s][info][gc,phases   ] GC(304) Concurrent Reset Relocation Set 0.078ms
[152.015s][info][gc,phases   ] GC(304) Concurrent Select Relocation Set 37.839ms
[152.015s][info][gc,phases   ] GC(304) Pause Relocate Start 0.009ms
[152.040s][info][gc,phases   ] GC(304) Concurrent Relocate 24.203ms
[152.040s][info][gc,load     ] GC(304) Load: 0.00/0.00/0.00
[152.040s][info][gc,mmu      ] GC(304) MMU: 2ms/96.8%, 5ms/98.7%, 10ms/99.3%, 20ms/99.6%, 50ms/99.8%, 100ms/99.9%
[152.040s][info][gc,marking  ] GC(304) Mark: 8 stripe(s), 3 proactive flush(es), 1 terminate flush(es), 0 completion(s), 0 continuation(s) 
[152.040s][info][gc,marking  ] GC(304) Mark Stack Usage: 32M
[152.040s][info][gc,nmethod  ] GC(304) NMethods: 6716 registered, 696 unregistered
[152.040s][info][gc,metaspace] GC(304) Metaspace: 66M used, 67M committed, 1088M reserved
[152.040s][info][gc,ref      ] GC(304) Soft: 3305 encountered, 0 discovered, 0 enqueued
[152.040s][info][gc,ref      ] GC(304) Weak: 6492 encountered, 1939 discovered, 1 enqueued
[152.040s][info][gc,ref      ] GC(304) Final: 84 encountered, 1 discovered, 0 enqueued
[152.040s][info][gc,ref      ] GC(304) Phantom: 616 encountered, 468 discovered, 0 enqueued
[152.040s][info][gc,reloc    ] GC(304) Small Pages: 405 / 810M, Empty: 0M, Relocated: 37M, In-Place: 0
[152.040s][info][gc,reloc    ] GC(304) Medium Pages: 1 / 32M, Empty: 0M, Relocated: 0M, In-Place: 0
[152.040s][info][gc,reloc    ] GC(304) Large Pages: 8 / 64M, Empty: 0M, Relocated: 0M, In-Place: 0
[152.040s][info][gc,reloc    ] GC(304) Forwarding Usage: 34M
[152.040s][info][gc,heap     ] GC(304) Min Capacity: 8M(0%)
[152.040s][info][gc,heap     ] GC(304) Max Capacity: 2048M(100%)
[152.040s][info][gc,heap     ] GC(304) Soft Max Capacity: 2048M(100%)
[152.040s][info][gc,heap     ] GC(304)                Mark Start          Mark End        Relocate Start      Relocate End           High               Low         
[152.040s][info][gc,heap     ] GC(304)  Capacity:     2048M (100%)       2048M (100%)       2048M (100%)       2048M (100%)       2048M (100%)       2048M (100%)   
[152.040s][info][gc,heap     ] GC(304)      Free:     1142M (56%)         884M (43%)         850M (42%)        1270M (62%)        1270M (62%)         826M (40%)    
[152.040s][info][gc,heap     ] GC(304)      Used:      906M (44%)        1164M (57%)        1198M (58%)         778M (38%)        1222M (60%)         778M (38%)    
[152.040s][info][gc,heap     ] GC(304)      Live:         -               414M (20%)         414M (20%)         414M (20%)            -                  -          
[152.040s][info][gc,heap     ] GC(304) Allocated:         -               258M (13%)         292M (14%)         294M (14%)            -                  -          
[152.040s][info][gc,heap     ] GC(304)   Garbage:         -               491M (24%)         491M (24%)          68M (3%)             -                  -          
[152.040s][info][gc,heap     ] GC(304) Reclaimed:         -                  -                 0M (0%)          422M (21%)            -                  -          
[152.040s][info][gc          ] GC(304) Garbage Collection (Allocation Rate) 906M(44%)->778M(38%)
[152.084s][info][gc,start    ] GC(305) Garbage Collection (Allocation Rate)
[152.084s][info][gc,task     ] GC(305) Using 12 workers
[152.084s][info][gc,phases   ] GC(305) Pause Mark Start 0.015ms
[152.240s][info][gc,phases   ] GC(305) Concurrent Mark 155.736ms
[152.240s][info][gc,phases   ] GC(305) Pause Mark End 0.023ms
[152.240s][info][gc,phases   ] GC(305) Concurrent Mark Free 0.001ms
[152.242s][info][gc,phases   ] GC(305) Concurrent Process Non-Strong References 2.080ms
[152.242s][info][gc,phases   ] GC(305) Concurrent Reset Relocation Set 0.046ms
[152.277s][info][gc,phases   ] GC(305) Concurrent Select Relocation Set 34.938ms
[152.278s][info][gc,phases   ] GC(305) Pause Relocate Start 0.013ms
[152.307s][info][gc,phases   ] GC(305) Concurrent Relocate 29.474ms
[152.307s][info][gc,load     ] GC(305) Load: 0.00/0.00/0.00
[152.307s][info][gc,mmu      ] GC(305) MMU: 2ms/96.8%, 5ms/98.7%, 10ms/99.3%, 20ms/99.6%, 50ms/99.8%, 100ms/99.9%
[152.307s][info][gc,marking  ] GC(305) Mark: 8 stripe(s), 2 proactive flush(es), 1 terminate flush(es), 0 completion(s), 0 continuation(s) 
[152.307s][info][gc,marking  ] GC(305) Mark Stack Usage: 32M
[152.307s][info][gc,nmethod  ] GC(305) NMethods: 6716 registered, 696 unregistered
[152.307s][info][gc,metaspace] GC(305) Metaspace: 66M used, 67M committed, 1088M reserved
[152.307s][info][gc,ref      ] GC(305) Soft: 3305 encountered, 0 discovered, 0 enqueued
[152.307s][info][gc,ref      ] GC(305) Weak: 6491 encountered, 1486 discovered, 0 enqueued
[152.307s][info][gc,ref      ] GC(305) Final: 84 encountered, 1 discovered, 0 enqueued
[152.308s][info][gc,ref      ] GC(305) Phantom: 616 encountered, 427 discovered, 0 enqueued
[152.308s][info][gc,reloc    ] GC(305) Small Pages: 325 / 650M, Empty: 34M, Relocated: 45M, In-Place: 0
[152.308s][info][gc,reloc    ] GC(305) Medium Pages: 2 / 64M, Empty: 0M, Relocated: 12M, In-Place: 0
[152.308s][info][gc,reloc    ] GC(305) Large Pages: 8 / 64M, Empty: 24M, Relocated: 0M, In-Place: 0
[152.308s][info][gc,reloc    ] GC(305) Forwarding Usage: 40M
[152.308s][info][gc,heap     ] GC(305) Min Capacity: 8M(0%)
[152.308s][info][gc,heap     ] GC(305) Max Capacity: 2048M(100%)
[152.308s][info][gc,heap     ] GC(305) Soft Max Capacity: 2048M(100%)
[152.308s][info][gc,heap     ] GC(305)                Mark Start          Mark End        Relocate Start      Relocate End           High               Low         
[152.308s][info][gc,heap     ] GC(305)  Capacity:     2048M (100%)       2048M (100%)       2048M (100%)       2048M (100%)       2048M (100%)       2048M (100%)   
[152.308s][info][gc,heap     ] GC(305)      Free:     1270M (62%)        1236M (60%)        1294M (63%)        1636M (80%)        1636M (80%)        1236M (60%)    
[152.308s][info][gc,heap     ] GC(305)      Used:      778M (38%)         812M (40%)         754M (37%)         412M (20%)         812M (40%)         412M (20%)    
[152.308s][info][gc,heap     ] GC(305)      Live:         -               304M (15%)         304M (15%)         304M (15%)            -                  -          
[152.308s][info][gc,heap     ] GC(305) Allocated:         -                34M (2%)           34M (2%)           33M (2%)             -                  -          
[152.308s][info][gc,heap     ] GC(305)   Garbage:         -               473M (23%)         415M (20%)          73M (4%)             -                  -          
[152.308s][info][gc,heap     ] GC(305) Reclaimed:         -                  -                58M (3%)          399M (20%)            -                  -          
[152.308s][info][gc          ] GC(305) Garbage Collection (Allocation Rate) 778M(38%)->412M(20%)
[152.773s][info][gc,start    ] GC(306) Garbage Collection (Allocation Rate)
[152.773s][info][gc,task     ] GC(306) Using 12 workers
[152.773s][info][gc,phases   ] GC(306) Pause Mark Start 0.012ms
[152.851s][info][gc,phases   ] GC(306) Concurrent Mark 77.671ms
[152.851s][info][gc,phases   ] GC(306) Pause Mark End 0.036ms
[152.851s][info][gc,phases   ] GC(306) Concurrent Mark Free 0.001ms
[152.853s][info][gc,phases   ] GC(306) Concurrent Process Non-Strong References 2.194ms
[152.853s][info][gc,phases   ] GC(306) Concurrent Reset Relocation Set 0.033ms
[152.860s][info][gc,phases   ] GC(306) Concurrent Select Relocation Set 6.415ms
[152.860s][info][gc,phases   ] GC(306) Pause Relocate Start 0.009ms
[152.868s][info][gc,phases   ] GC(306) Concurrent Relocate 7.900ms
[152.868s][info][gc,load     ] GC(306) Load: 0.00/0.00/0.00
[152.868s][info][gc,mmu      ] GC(306) MMU: 2ms/96.8%, 5ms/98.7%, 10ms/99.3%, 20ms/99.6%, 50ms/99.8%, 100ms/99.9%
[152.868s][info][gc,marking  ] GC(306) Mark: 8 stripe(s), 2 proactive flush(es), 1 terminate flush(es), 0 completion(s), 0 continuation(s) 
[152.868s][info][gc,marking  ] GC(306) Mark Stack Usage: 32M
[152.868s][info][gc,nmethod  ] GC(306) NMethods: 6731 registered, 702 unregistered
[152.868s][info][gc,metaspace] GC(306) Metaspace: 66M used, 67M committed, 1088M reserved
[152.868s][info][gc,ref      ] GC(306) Soft: 3301 encountered, 0 discovered, 0 enqueued
[152.868s][info][gc,ref      ] GC(306) Weak: 6701 encountered, 2851 discovered, 156 enqueued
[152.868s][info][gc,ref      ] GC(306) Final: 84 encountered, 7 discovered, 0 enqueued
[152.868s][info][gc,ref      ] GC(306) Phantom: 620 encountered, 595 discovered, 0 enqueued
[152.868s][info][gc,reloc    ] GC(306) Small Pages: 222 / 444M, Empty: 98M, Relocated: 13M, In-Place: 0
[152.868s][info][gc,reloc    ] GC(306) Medium Pages: 2 / 64M, Empty: 0M, Relocated: 16M, In-Place: 0
[152.868s][info][gc,reloc    ] GC(306) Large Pages: 5 / 46M, Empty: 46M, Relocated: 0M, In-Place: 0
[152.868s][info][gc,reloc    ] GC(306) Forwarding Usage: 11M
[152.868s][info][gc,heap     ] GC(306) Min Capacity: 8M(0%)
[152.868s][info][gc,heap     ] GC(306) Max Capacity: 2048M(100%)
[152.868s][info][gc,heap     ] GC(306) Soft Max Capacity: 2048M(100%)
[152.868s][info][gc,heap     ] GC(306)                Mark Start          Mark End        Relocate Start      Relocate End           High               Low         
[152.868s][info][gc,heap     ] GC(306)  Capacity:     2048M (100%)       2048M (100%)       2048M (100%)       2048M (100%)       2048M (100%)       2048M (100%)   
[152.868s][info][gc,heap     ] GC(306)      Free:     1494M (73%)        1390M (68%)        1526M (75%)        1700M (83%)        1700M (83%)        1384M (68%)    
[152.868s][info][gc,heap     ] GC(306)      Used:      554M (27%)         658M (32%)         522M (25%)         348M (17%)         664M (32%)         348M (17%)    
[152.868s][info][gc,heap     ] GC(306)      Live:         -               181M (9%)          181M (9%)          181M (9%)             -                  -          
[152.868s][info][gc,heap     ] GC(306) Allocated:         -               104M (5%)          112M (5%)          113M (6%)             -                  -          
[152.868s][info][gc,heap     ] GC(306)   Garbage:         -               372M (18%)         228M (11%)          52M (3%)             -                  -          
[152.868s][info][gc,heap     ] GC(306) Reclaimed:         -                  -               144M (7%)          319M (16%)            -                  -          
[152.868s][info][gc          ] GC(306) Garbage Collection (Allocation Rate) 554M(27%)->348M(17%)
[153.572s][info][gc,start    ] GC(307) Garbage Collection (Allocation Rate)
[153.572s][info][gc,task     ] GC(307) Using 12 workers
[153.572s][info][gc,phases   ] GC(307) Pause Mark Start 0.011ms
[153.667s][info][gc,phases   ] GC(307) Concurrent Mark 94.410ms
[153.667s][info][gc,phases   ] GC(307) Pause Mark End 0.024ms
[153.667s][info][gc,phases   ] GC(307) Concurrent Mark Free 0.001ms
[153.669s][info][gc,phases   ] GC(307) Concurrent Process Non-Strong References 1.761ms
[153.669s][info][gc,phases   ] GC(307) Concurrent Reset Relocation Set 0.011ms
[153.686s][info][gc,phases   ] GC(307) Concurrent Select Relocation Set 17.052ms
[153.686s][info][gc,phases   ] GC(307) Pause Relocate Start 0.010ms
[153.703s][info][gc,phases   ] GC(307) Concurrent Relocate 16.313ms
[153.703s][info][gc,load     ] GC(307) Load: 0.00/0.00/0.00
[153.703s][info][gc,mmu      ] GC(307) MMU: 2ms/96.8%, 5ms/98.7%, 10ms/99.3%, 20ms/99.6%, 50ms/99.8%, 100ms/99.9%
[153.703s][info][gc,marking  ] GC(307) Mark: 8 stripe(s), 3 proactive flush(es), 1 terminate flush(es), 0 completion(s), 0 continuation(s) 
[153.703s][info][gc,marking  ] GC(307) Mark Stack Usage: 32M
[153.703s][info][gc,nmethod  ] GC(307) NMethods: 6763 registered, 705 unregistered
[153.703s][info][gc,metaspace] GC(307) Metaspace: 66M used, 67M committed, 1088M reserved
[153.703s][info][gc,ref      ] GC(307) Soft: 3302 encountered, 0 discovered, 0 enqueued
[153.703s][info][gc,ref      ] GC(307) Weak: 6822 encountered, 804 discovered, 285 enqueued
[153.703s][info][gc,ref      ] GC(307) Final: 84 encountered, 1 discovered, 0 enqueued
[153.703s][info][gc,ref      ] GC(307) Phantom: 621 encountered, 380 discovered, 0 enqueued
[153.703s][info][gc,reloc    ] GC(307) Small Pages: 459 / 918M, Empty: 474M, Relocated: 30M, In-Place: 0
[153.703s][info][gc,reloc    ] GC(307) Medium Pages: 3 / 96M, Empty: 64M, Relocated: 0M, In-Place: 0
[153.703s][info][gc,reloc    ] GC(307) Large Pages: 14 / 84M, Empty: 60M, Relocated: 0M, In-Place: 0
[153.703s][info][gc,reloc    ] GC(307) Forwarding Usage: 29M
[153.703s][info][gc,heap     ] GC(307) Min Capacity: 8M(0%)
[153.703s][info][gc,heap     ] GC(307) Max Capacity: 2048M(100%)
[153.703s][info][gc,heap     ] GC(307) Soft Max Capacity: 2048M(100%)
[153.703s][info][gc,heap     ] GC(307)                Mark Start          Mark End        Relocate Start      Relocate End           High               Low         
[153.703s][info][gc,heap     ] GC(307)  Capacity:     2048M (100%)       2048M (100%)       2048M (100%)       2048M (100%)       2048M (100%)       2048M (100%)   
[153.703s][info][gc,heap     ] GC(307)      Free:      950M (46%)         894M (44%)        1484M (72%)        1708M (83%)        1708M (83%)         894M (44%)    
[153.703s][info][gc,heap     ] GC(307)      Used:     1098M (54%)        1154M (56%)         564M (28%)         340M (17%)        1154M (56%)         340M (17%)    
[153.703s][info][gc,heap     ] GC(307)      Live:         -               216M (11%)         216M (11%)         216M (11%)            -                  -          
[153.703s][info][gc,heap     ] GC(307) Allocated:         -                56M (3%)           64M (3%)           64M (3%)             -                  -          
[153.703s][info][gc,heap     ] GC(307)   Garbage:         -               881M (43%)         283M (14%)          59M (3%)             -                  -          
[153.703s][info][gc,heap     ] GC(307) Reclaimed:         -                  -               598M (29%)         822M (40%)            -                  -          
[153.703s][info][gc          ] GC(307) Garbage Collection (Allocation Rate) 1098M(54%)->340M(17%)
[154.284s][info][gc,start    ] GC(308) Garbage Collection (Allocation Rate)
[154.284s][info][gc,task     ] GC(308) Using 5 workers
[154.284s][info][gc,phases   ] GC(308) Pause Mark Start 0.013ms
[154.455s][info][gc,phases   ] GC(308) Concurrent Mark 171.418ms
[154.456s][info][gc,phases   ] GC(308) Pause Mark End 0.030ms
[154.456s][info][gc,phases   ] GC(308) Concurrent Mark Free 0.001ms
[154.460s][info][gc,phases   ] GC(308) Concurrent Process Non-Strong References 4.230ms
[154.460s][info][gc,phases   ] GC(308) Concurrent Reset Relocation Set 0.029ms
[154.506s][info][gc,phases   ] GC(308) Concurrent Select Relocation Set 45.935ms
[154.506s][info][gc,phases   ] GC(308) Pause Relocate Start 0.009ms
[154.554s][info][gc,phases   ] GC(308) Concurrent Relocate 47.506ms
[154.554s][info][gc,load     ] GC(308) Load: 0.00/0.00/0.00
[154.554s][info][gc,mmu      ] GC(308) MMU: 2ms/96.8%, 5ms/98.7%, 10ms/99.3%, 20ms/99.6%, 50ms/99.8%, 100ms/99.9%
[154.554s][info][gc,marking  ] GC(308) Mark: 4 stripe(s), 2 proactive flush(es), 1 terminate flush(es), 0 completion(s), 0 continuation(s) 
[154.554s][info][gc,marking  ] GC(308) Mark Stack Usage: 32M
[154.554s][info][gc,nmethod  ] GC(308) NMethods: 6768 registered, 706 unregistered
[154.554s][info][gc,metaspace] GC(308) Metaspace: 66M used, 67M committed, 1088M reserved
[154.554s][info][gc,ref      ] GC(308) Soft: 3301 encountered, 0 discovered, 0 enqueued
[154.554s][info][gc,ref      ] GC(308) Weak: 6591 encountered, 3386 discovered, 94 enqueued
[154.554s][info][gc,ref      ] GC(308) Final: 84 encountered, 58 discovered, 0 enqueued
[154.554s][info][gc,ref      ] GC(308) Phantom: 617 encountered, 574 discovered, 0 enqueued
[154.554s][info][gc,reloc    ] GC(308) Small Pages: 468 / 936M, Empty: 174M, Relocated: 55M, In-Place: 0
[154.554s][info][gc,reloc    ] GC(308) Medium Pages: 2 / 64M, Empty: 0M, Relocated: 18M, In-Place: 0
[154.554s][info][gc,reloc    ] GC(308) Large Pages: 5 / 30M, Empty: 30M, Relocated: 0M, In-Place: 0
[154.554s][info][gc,reloc    ] GC(308) Forwarding Usage: 52M
[154.554s][info][gc,heap     ] GC(308) Min Capacity: 8M(0%)
[154.554s][info][gc,heap     ] GC(308) Max Capacity: 2048M(100%)
[154.554s][info][gc,heap     ] GC(308) Soft Max Capacity: 2048M(100%)
[154.554s][info][gc,heap     ] GC(308)                Mark Start          Mark End        Relocate Start      Relocate End           High               Low         
[154.554s][info][gc,heap     ] GC(308)  Capacity:     2048M (100%)       2048M (100%)       2048M (100%)       2048M (100%)       2048M (100%)       2048M (100%)   
[154.554s][info][gc,heap     ] GC(308)      Free:     1018M (50%)         782M (38%)         974M (48%)        1524M (74%)        1526M (75%)         782M (38%)    
[154.554s][info][gc,heap     ] GC(308)      Used:     1030M (50%)        1266M (62%)        1074M (52%)         524M (26%)        1266M (62%)         522M (25%)    
[154.555s][info][gc,heap     ] GC(308)      Live:         -               227M (11%)         227M (11%)         227M (11%)            -                  -          
[154.555s][info][gc,heap     ] GC(308) Allocated:         -               236M (12%)         248M (12%)         252M (12%)            -                  -          
[154.555s][info][gc,heap     ] GC(308)   Garbage:         -               802M (39%)         598M (29%)          44M (2%)             -                  -          
[154.555s][info][gc,heap     ] GC(308) Reclaimed:         -                  -               204M (10%)         758M (37%)            -                  -          
[154.555s][info][gc          ] GC(308) Garbage Collection (Allocation Rate) 1030M(50%)->524M(26%)
[154.784s][info][gc,start    ] GC(309) Garbage Collection (Allocation Rate)
[154.784s][info][gc,task     ] GC(309) Using 6 workers
[154.784s][info][gc,phases   ] GC(309) Pause Mark Start 0.011ms
[154.959s][info][gc,phases   ] GC(309) Concurrent Mark 175.238ms
[154.959s][info][gc,phases   ] GC(309) Pause Mark End 0.030ms
[154.960s][info][gc,phases   ] GC(309) Concurrent Mark Free 0.001ms
[154.964s][info][gc,phases   ] GC(309) Concurrent Process Non-Strong References 4.126ms
[154.964s][info][gc,phases   ] GC(309) Concurrent Reset Relocation Set 0.069ms
[154.971s][info][gc,phases   ] GC(309) Concurrent Select Relocation Set 6.865ms
[154.971s][info][gc,phases   ] GC(309) Pause Relocate Start 0.010ms
[155.012s][info][gc,phases   ] GC(309) Concurrent Relocate 41.390ms
[155.012s][info][gc,load     ] GC(309) Load: 0.00/0.00/0.00
[155.012s][info][gc,mmu      ] GC(309) MMU: 2ms/96.8%, 5ms/98.7%, 10ms/99.3%, 20ms/99.6%, 50ms/99.8%, 100ms/99.9%
[155.012s][info][gc,marking  ] GC(309) Mark: 4 stripe(s), 2 proactive flush(es), 1 terminate flush(es), 0 completion(s), 0 continuation(s) 
[155.012s][info][gc,marking  ] GC(309) Mark Stack Usage: 32M
[155.012s][info][gc,nmethod  ] GC(309) NMethods: 6776 registered, 709 unregistered
[155.012s][info][gc,metaspace] GC(309) Metaspace: 66M used, 67M committed, 1088M reserved
[155.012s][info][gc,ref      ] GC(309) Soft: 3300 encountered, 0 discovered, 0 enqueued
[155.012s][info][gc,ref      ] GC(309) Weak: 6492 encountered, 2635 discovered, 3 enqueued
[155.012s][info][gc,ref      ] GC(309) Final: 84 encountered, 34 discovered, 0 enqueued
[155.013s][info][gc,ref      ] GC(309) Phantom: 616 encountered, 354 discovered, 0 enqueued
[155.013s][info][gc,reloc    ] GC(309) Small Pages: 276 / 552M, Empty: 38M, Relocated: 45M, In-Place: 0
[155.013s][info][gc,reloc    ] GC(309) Medium Pages: 5 / 160M, Empty: 32M, Relocated: 22M, In-Place: 0
[155.013s][info][gc,reloc    ] GC(309) Large Pages: 8 / 48M, Empty: 24M, Relocated: 0M, In-Place: 0
[155.013s][info][gc,reloc    ] GC(309) Forwarding Usage: 44M
[155.013s][info][gc,heap     ] GC(309) Min Capacity: 8M(0%)
[155.013s][info][gc,heap     ] GC(309) Max Capacity: 2048M(100%)
[155.013s][info][gc,heap     ] GC(309) Soft Max Capacity: 2048M(100%)
[155.013s][info][gc,heap     ] GC(309)                Mark Start          Mark End        Relocate Start      Relocate End           High               Low         
[155.013s][info][gc,heap     ] GC(309)  Capacity:     2048M (100%)       2048M (100%)       2048M (100%)       2048M (100%)       2048M (100%)       2048M (100%)   
[155.013s][info][gc,heap     ] GC(309)      Free:     1288M (63%)         982M (48%)        1050M (51%)        1320M (64%)        1324M (65%)         970M (47%)    
[155.013s][info][gc,heap     ] GC(309)      Used:      760M (37%)        1066M (52%)         998M (49%)         728M (36%)        1078M (53%)         724M (35%)    
[155.013s][info][gc,heap     ] GC(309)      Live:         -               261M (13%)         261M (13%)         261M (13%)            -                  -          
[155.013s][info][gc,heap     ] GC(309) Allocated:         -               306M (15%)         332M (16%)         407M (20%)            -                  -          
[155.013s][info][gc,heap     ] GC(309)   Garbage:         -               498M (24%)         404M (20%)          58M (3%)             -                  -          
[155.013s][info][gc,heap     ] GC(309) Reclaimed:         -                  -                94M (5%)          439M (21%)            -                  -          
[155.013s][info][gc          ] GC(309) Garbage Collection (Allocation Rate) 760M(37%)->728M(36%)
[155.177s][info][gc,start    ] GC(310) Garbage Collection (Allocation Rate)
[155.177s][info][gc,task     ] GC(310) Using 6 workers
[155.177s][info][gc,phases   ] GC(310) Pause Mark Start 0.016ms
[155.333s][info][gc,phases   ] GC(310) Concurrent Mark 155.770ms
[155.333s][info][gc,phases   ] GC(310) Pause Mark End 0.024ms
[155.333s][info][gc,phases   ] GC(310) Concurrent Mark Free 0.001ms
[155.338s][info][gc,phases   ] GC(310) Concurrent Process Non-Strong References 4.832ms
[155.338s][info][gc,phases   ] GC(310) Concurrent Reset Relocation Set 0.041ms
[155.344s][info][gc,phases   ] GC(310) Concurrent Select Relocation Set 5.906ms
[155.344s][info][gc,phases   ] GC(310) Pause Relocate Start 0.008ms
[155.381s][info][gc,phases   ] GC(310) Concurrent Relocate 36.291ms
[155.381s][info][gc,load     ] GC(310) Load: 0.00/0.00/0.00
[155.381s][info][gc,mmu      ] GC(310) MMU: 2ms/96.8%, 5ms/98.7%, 10ms/99.3%, 20ms/99.6%, 50ms/99.8%, 100ms/99.9%
[155.381s][info][gc,marking  ] GC(310) Mark: 4 stripe(s), 4 proactive flush(es), 1 terminate flush(es), 0 completion(s), 0 continuation(s) 
[155.381s][info][gc,marking  ] GC(310) Mark Stack Usage: 32M
[155.381s][info][gc,nmethod  ] GC(310) NMethods: 6773 registered, 712 unregistered
[155.381s][info][gc,metaspace] GC(310) Metaspace: 66M used, 67M committed, 1088M reserved
[155.381s][info][gc,ref      ] GC(310) Soft: 3297 encountered, 0 discovered, 0 enqueued
[155.381s][info][gc,ref      ] GC(310) Weak: 6510 encountered, 2967 discovered, 110 enqueued
[155.381s][info][gc,ref      ] GC(310) Final: 84 encountered, 7 discovered, 0 enqueued
[155.381s][info][gc,ref      ] GC(310) Phantom: 616 encountered, 427 discovered, 0 enqueued
[155.381s][info][gc,reloc    ] GC(310) Small Pages: 288 / 576M, Empty: 36M, Relocated: 41M, In-Place: 0
[155.381s][info][gc,reloc    ] GC(310) Medium Pages: 4 / 128M, Empty: 96M, Relocated: 0M, In-Place: 0
[155.381s][info][gc,reloc    ] GC(310) Large Pages: 34 / 228M, Empty: 210M, Relocated: 0M, In-Place: 0
[155.381s][info][gc,reloc    ] GC(310) Forwarding Usage: 40M
[155.381s][info][gc,heap     ] GC(310) Min Capacity: 8M(0%)
[155.381s][info][gc,heap     ] GC(310) Max Capacity: 2048M(100%)
[155.381s][info][gc,heap     ] GC(310) Soft Max Capacity: 2048M(100%)
[155.381s][info][gc,heap     ] GC(310)                Mark Start          Mark End        Relocate Start      Relocate End           High               Low         
[155.381s][info][gc,heap     ] GC(310)  Capacity:     2048M (100%)       2048M (100%)       2048M (100%)       2048M (100%)       2048M (100%)       2048M (100%)   
[155.381s][info][gc,heap     ] GC(310)      Free:     1116M (54%)         794M (39%)        1110M (54%)        1332M (65%)        1332M (65%)         772M (38%)    
[155.381s][info][gc,heap     ] GC(310)      Used:      932M (46%)        1254M (61%)         938M (46%)         716M (35%)        1276M (62%)         716M (35%)    
[155.381s][info][gc,heap     ] GC(310)      Live:         -               250M (12%)         250M (12%)         250M (12%)            -                  -          
[155.381s][info][gc,heap     ] GC(310) Allocated:         -               322M (16%)         348M (17%)         413M (20%)            -                  -          
[155.381s][info][gc,heap     ] GC(310)   Garbage:         -               681M (33%)         339M (17%)          52M (3%)             -                  -          
[155.381s][info][gc,heap     ] GC(310) Reclaimed:         -                  -               342M (17%)         629M (31%)            -                  -          
[155.382s][info][gc          ] GC(310) Garbage Collection (Allocation Rate) 932M(46%)->716M(35%)
[155.500s][info][gc,start    ] GC(311) Garbage Collection (System.gc())
[155.500s][info][gc,task     ] GC(311) Using 12 workers
[155.500s][info][gc,phases   ] GC(311) Pause Mark Start 0.015ms
[155.563s][info][gc,phases   ] GC(311) Concurrent Mark 63.565ms
[155.564s][info][gc,phases   ] GC(311) Pause Mark End 0.032ms
[155.564s][info][gc,phases   ] GC(311) Concurrent Mark Free 0.001ms
[155.566s][info][gc,phases   ] GC(311) Concurrent Process Non-Strong References 2.026ms
[155.566s][info][gc,phases   ] GC(311) Concurrent Reset Relocation Set 0.045ms
[155.577s][info][gc,phases   ] GC(311) Concurrent Select Relocation Set 11.189ms
[155.577s][info][gc,phases   ] GC(311) Pause Relocate Start 0.008ms
[155.581s][info][gc,phases   ] GC(311) Concurrent Relocate 3.386ms
[155.581s][info][gc,load     ] GC(311) Load: 0.00/0.00/0.00
[155.581s][info][gc,mmu      ] GC(311) MMU: 2ms/96.8%, 5ms/98.7%, 10ms/99.3%, 20ms/99.6%, 50ms/99.8%, 100ms/99.9%
[155.581s][info][gc,marking  ] GC(311) Mark: 8 stripe(s), 1 proactive flush(es), 1 terminate flush(es), 0 completion(s), 0 continuation(s) 
[155.581s][info][gc,marking  ] GC(311) Mark Stack Usage: 32M
[155.581s][info][gc,nmethod  ] GC(311) NMethods: 6774 registered, 712 unregistered
[155.581s][info][gc,metaspace] GC(311) Metaspace: 66M used, 67M committed, 1088M reserved
[155.581s][info][gc,ref      ] GC(311) Soft: 3297 encountered, 0 discovered, 0 enqueued
[155.581s][info][gc,ref      ] GC(311) Weak: 6404 encountered, 2503 discovered, 4 enqueued
[155.581s][info][gc,ref      ] GC(311) Final: 84 encountered, 50 discovered, 0 enqueued
[155.581s][info][gc,ref      ] GC(311) Phantom: 616 encountered, 484 discovered, 0 enqueued
[155.581s][info][gc,reloc    ] GC(311) Small Pages: 437 / 874M, Empty: 634M, Relocated: 6M, In-Place: 0
[155.581s][info][gc,reloc    ] GC(311) Medium Pages: 1 / 32M, Empty: 0M, Relocated: 0M, In-Place: 0
[155.581s][info][gc,reloc    ] GC(311) Large Pages: 4 / 24M, Empty: 24M, Relocated: 0M, In-Place: 0
[155.581s][info][gc,reloc    ] GC(311) Forwarding Usage: 4M
[155.581s][info][gc,heap     ] GC(311) Min Capacity: 8M(0%)
[155.581s][info][gc,heap     ] GC(311) Max Capacity: 2048M(100%)
[155.581s][info][gc,heap     ] GC(311) Soft Max Capacity: 2048M(100%)
[155.581s][info][gc,heap     ] GC(311)                Mark Start          Mark End        Relocate Start      Relocate End           High               Low         
[155.581s][info][gc,heap     ] GC(311)  Capacity:     2048M (100%)       2048M (100%)       2048M (100%)       2048M (100%)       2048M (100%)       2048M (100%)   
[155.581s][info][gc,heap     ] GC(311)      Free:     1118M (55%)        1116M (54%)        1772M (87%)        1812M (88%)        1812M (88%)        1116M (54%)    
[155.581s][info][gc,heap     ] GC(311)      Used:      930M (45%)         932M (46%)         276M (13%)         236M (12%)         932M (46%)         236M (12%)    
[155.581s][info][gc,heap     ] GC(311)      Live:         -               168M (8%)          168M (8%)          168M (8%)             -                  -          
[155.581s][info][gc,heap     ] GC(311) Allocated:         -                 2M (0%)            4M (0%)            4M (0%)             -                  -          
[155.582s][info][gc,heap     ] GC(311)   Garbage:         -               761M (37%)         103M (5%)           63M (3%)             -                  -          
[155.582s][info][gc,heap     ] GC(311) Reclaimed:         -                  -               658M (32%)         698M (34%)            -                  -          
[155.582s][info][gc          ] GC(311) Garbage Collection (System.gc()) 930M(45%)->236M(12%)
[155.971s][info][gc,start    ] GC(312) Garbage Collection (Allocation Rate)
[155.971s][info][gc,task     ] GC(312) Using 4 workers
[155.971s][info][gc,phases   ] GC(312) Pause Mark Start 0.017ms
[156.242s][info][gc,phases   ] GC(312) Concurrent Mark 270.969ms
[156.243s][info][gc,phases   ] GC(312) Pause Mark End 0.028ms
[156.243s][info][gc,phases   ] GC(312) Concurrent Mark Free 0.001ms
[156.249s][info][gc,phases   ] GC(312) Concurrent Process Non-Strong References 6.282ms
[156.249s][info][gc,phases   ] GC(312) Concurrent Reset Relocation Set 0.005ms
[156.283s][info][gc,phases   ] GC(312) Concurrent Select Relocation Set 33.925ms
[156.283s][info][gc,phases   ] GC(312) Pause Relocate Start 0.009ms
[156.367s][info][gc,phases   ] GC(312) Concurrent Relocate 83.913ms
[156.367s][info][gc,load     ] GC(312) Load: 0.00/0.00/0.00
[156.367s][info][gc,mmu      ] GC(312) MMU: 2ms/96.8%, 5ms/98.7%, 10ms/99.3%, 20ms/99.6%, 50ms/99.8%, 100ms/99.9%
[156.367s][info][gc,marking  ] GC(312) Mark: 4 stripe(s), 2 proactive flush(es), 1 terminate flush(es), 0 completion(s), 0 continuation(s) 
[156.367s][info][gc,marking  ] GC(312) Mark Stack Usage: 32M
[156.367s][info][gc,nmethod  ] GC(312) NMethods: 6778 registered, 714 unregistered
[156.367s][info][gc,metaspace] GC(312) Metaspace: 66M used, 67M committed, 1088M reserved
[156.368s][info][gc,ref      ] GC(312) Soft: 3301 encountered, 0 discovered, 0 enqueued
[156.368s][info][gc,ref      ] GC(312) Weak: 6480 encountered, 1807 discovered, 28 enqueued
[156.368s][info][gc,ref      ] GC(312) Final: 84 encountered, 5 discovered, 0 enqueued
[156.368s][info][gc,ref      ] GC(312) Phantom: 616 encountered, 453 discovered, 0 enqueued
[156.368s][info][gc,reloc    ] GC(312) Small Pages: 432 / 864M, Empty: 0M, Relocated: 124M, In-Place: 0
[156.368s][info][gc,reloc    ] GC(312) Medium Pages: 2 / 64M, Empty: 0M, Relocated: 18M, In-Place: 0
[156.368s][info][gc,reloc    ] GC(312) Large Pages: 8 / 48M, Empty: 6M, Relocated: 0M, In-Place: 0
[156.368s][info][gc,reloc    ] GC(312) Forwarding Usage: 84M
[156.368s][info][gc,heap     ] GC(312) Min Capacity: 8M(0%)
[156.368s][info][gc,heap     ] GC(312) Max Capacity: 2048M(100%)
[156.368s][info][gc,heap     ] GC(312) Soft Max Capacity: 2048M(100%)
[156.368s][info][gc,heap     ] GC(312)                Mark Start          Mark End        Relocate Start      Relocate End           High               Low         
[156.368s][info][gc,heap     ] GC(312)  Capacity:     2048M (100%)       2048M (100%)       2048M (100%)       2048M (100%)       2048M (100%)       2048M (100%)   
[156.368s][info][gc,heap     ] GC(312)      Free:     1072M (52%)         584M (29%)         504M (25%)         984M (48%)        1072M (52%)         468M (23%)    
[156.368s][info][gc,heap     ] GC(312)      Used:      976M (48%)        1464M (71%)        1544M (75%)        1064M (52%)        1580M (77%)         976M (48%)    
[156.368s][info][gc,heap     ] GC(312)      Live:         -               340M (17%)         340M (17%)         340M (17%)            -                  -          
[156.368s][info][gc,heap     ] GC(312) Allocated:         -               488M (24%)         574M (28%)         677M (33%)            -                  -          
[156.368s][info][gc,heap     ] GC(312)   Garbage:         -               635M (31%)         629M (31%)          45M (2%)             -                  -          
[156.368s][info][gc,heap     ] GC(312) Reclaimed:         -                  -                 6M (0%)          589M (29%)            -                  -          
[156.368s][info][gc          ] GC(312) Garbage Collection (Allocation Rate) 976M(48%)->1064M(52%)
[156.383s][info][gc,start    ] GC(313) Garbage Collection (Allocation Rate)
[156.383s][info][gc,task     ] GC(313) Using 7 workers
[156.383s][info][gc,phases   ] GC(313) Pause Mark Start 0.008ms
[156.624s][info][gc,phases   ] GC(313) Concurrent Mark 241.107ms
[156.625s][info][gc,phases   ] GC(313) Pause Mark End 0.017ms
[156.625s][info][gc,phases   ] GC(313) Concurrent Mark Free 0.001ms
[156.627s][info][gc,phases   ] GC(313) Concurrent Process Non-Strong References 2.735ms
[156.627s][info][gc,phases   ] GC(313) Concurrent Reset Relocation Set 0.068ms
[156.636s][info][gc,phases   ] GC(313) Concurrent Select Relocation Set 8.883ms
[156.637s][info][gc,phases   ] GC(313) Pause Relocate Start 0.009ms
[156.668s][info][gc,phases   ] GC(313) Concurrent Relocate 31.333ms
[156.668s][info][gc,load     ] GC(313) Load: 0.00/0.00/0.00
[156.668s][info][gc,mmu      ] GC(313) MMU: 2ms/96.8%, 5ms/98.7%, 10ms/99.3%, 20ms/99.6%, 50ms/99.8%, 100ms/99.9%
[156.668s][info][gc,marking  ] GC(313) Mark: 4 stripe(s), 2 proactive flush(es), 1 terminate flush(es), 0 completion(s), 0 continuation(s) 
[156.668s][info][gc,marking  ] GC(313) Mark Stack Usage: 32M
[156.668s][info][gc,nmethod  ] GC(313) NMethods: 6777 registered, 715 unregistered
[156.668s][info][gc,metaspace] GC(313) Metaspace: 66M used, 67M committed, 1088M reserved
[156.668s][info][gc,ref      ] GC(313) Soft: 3301 encountered, 0 discovered, 0 enqueued
[156.668s][info][gc,ref      ] GC(313) Weak: 6452 encountered, 2261 discovered, 0 enqueued
[156.668s][info][gc,ref      ] GC(313) Final: 84 encountered, 4 discovered, 0 enqueued
[156.668s][info][gc,ref      ] GC(313) Phantom: 616 encountered, 548 discovered, 0 enqueued
[156.668s][info][gc,reloc    ] GC(313) Small Pages: 484 / 968M, Empty: 0M, Relocated: 55M, In-Place: 0
[156.668s][info][gc,reloc    ] GC(313) Medium Pages: 1 / 32M, Empty: 0M, Relocated: 0M, In-Place: 0
[156.668s][info][gc,reloc    ] GC(313) Large Pages: 12 / 88M, Empty: 24M, Relocated: 0M, In-Place: 0
[156.668s][info][gc,reloc    ] GC(313) Forwarding Usage: 48M
[156.668s][info][gc,heap     ] GC(313) Min Capacity: 8M(0%)
[156.668s][info][gc,heap     ] GC(313) Max Capacity: 2048M(100%)
[156.668s][info][gc,heap     ] GC(313) Soft Max Capacity: 2048M(100%)
[156.668s][info][gc,heap     ] GC(313)                Mark Start          Mark End        Relocate Start      Relocate End           High               Low         
[156.668s][info][gc,heap     ] GC(313)  Capacity:     2048M (100%)       2048M (100%)       2048M (100%)       2048M (100%)       2048M (100%)       2048M (100%)   
[156.668s][info][gc,heap     ] GC(313)      Free:      960M (47%)         608M (30%)         614M (30%)        1184M (58%)        1188M (58%)         600M (29%)    
[156.668s][info][gc,heap     ] GC(313)      Used:     1088M (53%)        1440M (70%)        1434M (70%)         864M (42%)        1448M (71%)         860M (42%)    
[156.668s][info][gc,heap     ] GC(313)      Live:         -               396M (19%)         396M (19%)         396M (19%)            -                  -          
[156.668s][info][gc,heap     ] GC(313) Allocated:         -               352M (17%)         370M (18%)         406M (20%)            -                  -          
[156.668s][info][gc,heap     ] GC(313)   Garbage:         -               691M (34%)         667M (33%)          60M (3%)             -                  -          
[156.668s][info][gc,heap     ] GC(313) Reclaimed:         -                  -                24M (1%)          630M (31%)            -                  -          
[156.668s][info][gc          ] GC(313) Garbage Collection (Allocation Rate) 1088M(53%)->864M(42%)
[156.671s][info][gc,start    ] GC(314) Garbage Collection (Allocation Rate)
[156.671s][info][gc,task     ] GC(314) Using 7 workers
[156.671s][info][gc,phases   ] GC(314) Pause Mark Start 0.007ms
[156.905s][info][gc,phases   ] GC(314) Concurrent Mark 234.113ms
[156.906s][info][gc,phases   ] GC(314) Pause Mark End 0.025ms
[156.906s][info][gc,phases   ] GC(314) Concurrent Mark Free 0.001ms
[156.908s][info][gc,phases   ] GC(314) Concurrent Process Non-Strong References 2.660ms
[156.908s][info][gc,phases   ] GC(314) Concurrent Reset Relocation Set 0.062ms
[156.915s][info][gc,phases   ] GC(314) Concurrent Select Relocation Set 6.555ms
[156.915s][info][gc,phases   ] GC(314) Pause Relocate Start 0.008ms
[156.938s][info][gc,phases   ] GC(314) Concurrent Relocate 22.452ms
[156.938s][info][gc,load     ] GC(314) Load: 0.00/0.00/0.00
[156.938s][info][gc,mmu      ] GC(314) MMU: 2ms/96.8%, 5ms/98.7%, 10ms/99.3%, 20ms/99.6%, 50ms/99.8%, 100ms/99.9%
[156.938s][info][gc,marking  ] GC(314) Mark: 4 stripe(s), 2 proactive flush(es), 1 terminate flush(es), 0 completion(s), 0 continuation(s) 
[156.938s][info][gc,marking  ] GC(314) Mark Stack Usage: 32M
[156.938s][info][gc,nmethod  ] GC(314) NMethods: 6777 registered, 715 unregistered
[156.938s][info][gc,metaspace] GC(314) Metaspace: 66M used, 67M committed, 1088M reserved
[156.938s][info][gc,ref      ] GC(314) Soft: 3301 encountered, 0 discovered, 0 enqueued
[156.938s][info][gc,ref      ] GC(314) Weak: 6452 encountered, 2606 discovered, 0 enqueued
[156.938s][info][gc,ref      ] GC(314) Final: 84 encountered, 1 discovered, 0 enqueued
[156.938s][info][gc,ref      ] GC(314) Phantom: 616 encountered, 478 discovered, 0 enqueued
[156.938s][info][gc,reloc    ] GC(314) Small Pages: 386 / 772M, Empty: 0M, Relocated: 31M, In-Place: 0
[156.938s][info][gc,reloc    ] GC(314) Medium Pages: 1 / 32M, Empty: 0M, Relocated: 0M, In-Place: 0
[156.938s][info][gc,reloc    ] GC(314) Large Pages: 8 / 64M, Empty: 0M, Relocated: 0M, In-Place: 0
[156.938s][info][gc,reloc    ] GC(314) Forwarding Usage: 30M
[156.938s][info][gc,heap     ] GC(314) Min Capacity: 8M(0%)
[156.938s][info][gc,heap     ] GC(314) Max Capacity: 2048M(100%)
[156.938s][info][gc,heap     ] GC(314) Soft Max Capacity: 2048M(100%)
[156.938s][info][gc,heap     ] GC(314)                Mark Start          Mark End        Relocate Start      Relocate End           High               Low         
[156.938s][info][gc,heap     ] GC(314)  Capacity:     2048M (100%)       2048M (100%)       2048M (100%)       2048M (100%)       2048M (100%)       2048M (100%)   
[156.938s][info][gc,heap     ] GC(314)      Free:     1180M (58%)         852M (42%)         838M (41%)        1198M (58%)        1198M (58%)         824M (40%)    
[156.938s][info][gc,heap     ] GC(314)      Used:      868M (42%)        1196M (58%)        1210M (59%)         850M (42%)        1224M (60%)         850M (42%)    
[156.938s][info][gc,heap     ] GC(314)      Live:         -               414M (20%)         414M (20%)         414M (20%)            -                  -          
[156.938s][info][gc,heap     ] GC(314) Allocated:         -               328M (16%)         342M (17%)         367M (18%)            -                  -          
[156.938s][info][gc,heap     ] GC(314)   Garbage:         -               453M (22%)         453M (22%)          67M (3%)             -                  -          
[156.938s][info][gc,heap     ] GC(314) Reclaimed:         -                  -                 0M (0%)          385M (19%)            -                  -          
[156.938s][info][gc          ] GC(314) Garbage Collection (Allocation Rate) 868M(42%)->850M(42%)
[157.171s][info][gc,start    ] GC(315) Garbage Collection (Allocation Rate)
[157.171s][info][gc,task     ] GC(315) Using 6 workers
[157.171s][info][gc,phases   ] GC(315) Pause Mark Start 0.017ms
[157.396s][info][gc,phases   ] GC(315) Concurrent Mark 225.009ms
[157.397s][info][gc,phases   ] GC(315) Pause Mark End 0.019ms
[157.397s][info][gc,phases   ] GC(315) Concurrent Mark Free 0.002ms
[157.400s][info][gc,phases   ] GC(315) Concurrent Process Non-Strong References 2.978ms
[157.400s][info][gc,phases   ] GC(315) Concurrent Reset Relocation Set 0.050ms
[157.438s][info][gc,phases   ] GC(315) Concurrent Select Relocation Set 38.340ms
[157.438s][info][gc,phases   ] GC(315) Pause Relocate Start 0.011ms
[157.473s][info][gc,phases   ] GC(315) Concurrent Relocate 34.243ms
[157.473s][info][gc,load     ] GC(315) Load: 0.00/0.00/0.00
[157.473s][info][gc,mmu      ] GC(315) MMU: 2ms/96.8%, 5ms/98.7%, 10ms/99.3%, 20ms/99.6%, 50ms/99.8%, 100ms/99.9%
[157.473s][info][gc,marking  ] GC(315) Mark: 4 stripe(s), 2 proactive flush(es), 1 terminate flush(es), 0 completion(s), 0 continuation(s) 
[157.473s][info][gc,marking  ] GC(315) Mark Stack Usage: 32M
[157.473s][info][gc,nmethod  ] GC(315) NMethods: 6793 registered, 715 unregistered
[157.473s][info][gc,metaspace] GC(315) Metaspace: 66M used, 67M committed, 1088M reserved
[157.473s][info][gc,ref      ] GC(315) Soft: 3301 encountered, 0 discovered, 0 enqueued
[157.473s][info][gc,ref      ] GC(315) Weak: 6449 encountered, 1457 discovered, 0 enqueued
[157.473s][info][gc,ref      ] GC(315) Final: 84 encountered, 4 discovered, 0 enqueued
[157.473s][info][gc,ref      ] GC(315) Phantom: 616 encountered, 471 discovered, 0 enqueued
[157.473s][info][gc,reloc    ] GC(315) Small Pages: 391 / 782M, Empty: 64M, Relocated: 45M, In-Place: 0
[157.473s][info][gc,reloc    ] GC(315) Medium Pages: 2 / 64M, Empty: 0M, Relocated: 17M, In-Place: 0
[157.473s][info][gc,reloc    ] GC(315) Large Pages: 8 / 64M, Empty: 24M, Relocated: 0M, In-Place: 0
[157.473s][info][gc,reloc    ] GC(315) Forwarding Usage: 42M
[157.473s][info][gc,heap     ] GC(315) Min Capacity: 8M(0%)
[157.473s][info][gc,heap     ] GC(315) Max Capacity: 2048M(100%)
[157.473s][info][gc,heap     ] GC(315) Soft Max Capacity: 2048M(100%)
[157.473s][info][gc,heap     ] GC(315)                Mark Start          Mark End        Relocate Start      Relocate End           High               Low         
[157.473s][info][gc,heap     ] GC(315)  Capacity:     2048M (100%)       2048M (100%)       2048M (100%)       2048M (100%)       2048M (100%)       2048M (100%)   
[157.473s][info][gc,heap     ] GC(315)      Free:     1138M (56%)        1104M (54%)        1182M (58%)        1622M (79%)        1622M (79%)        1102M (54%)    
[157.473s][info][gc,heap     ] GC(315)      Used:      910M (44%)         944M (46%)         866M (42%)         426M (21%)         946M (46%)         426M (21%)    
[157.473s][info][gc,heap     ] GC(315)      Live:         -               313M (15%)         313M (15%)         313M (15%)            -                  -          
[157.473s][info][gc,heap     ] GC(315) Allocated:         -                34M (2%)           44M (2%)           49M (2%)             -                  -          
[157.473s][info][gc,heap     ] GC(315)   Garbage:         -               596M (29%)         508M (25%)          63M (3%)             -                  -          
[157.473s][info][gc,heap     ] GC(315) Reclaimed:         -                  -                88M (4%)          533M (26%)            -                  -          
[157.473s][info][gc          ] GC(315) Garbage Collection (Allocation Rate) 910M(44%)->426M(21%)
[157.475s][info][gc,start    ] GC(316) Garbage Collection (Allocation Rate)
[157.475s][info][gc,task     ] GC(316) Using 6 workers
[157.475s][info][gc,phases   ] GC(316) Pause Mark Start 0.012ms
[157.681s][info][gc,phases   ] GC(316) Concurrent Mark 205.789ms
[157.681s][info][gc,phases   ] GC(316) Pause Mark End 0.035ms
[157.681s][info][gc,phases   ] GC(316) Concurrent Mark Free 0.001ms
[157.684s][info][gc,phases   ] GC(316) Concurrent Process Non-Strong References 3.241ms
[157.684s][info][gc,phases   ] GC(316) Concurrent Reset Relocation Set 0.028ms
[157.690s][info][gc,phases   ] GC(316) Concurrent Select Relocation Set 6.039ms
[157.690s][info][gc,phases   ] GC(316) Pause Relocate Start 0.010ms
[157.698s][info][gc,phases   ] GC(316) Concurrent Relocate 7.518ms
[157.698s][info][gc,load     ] GC(316) Load: 0.00/0.00/0.00
[157.698s][info][gc,mmu      ] GC(316) MMU: 2ms/96.8%, 5ms/98.7%, 10ms/99.3%, 20ms/99.6%, 50ms/99.8%, 100ms/99.9%
[157.698s][info][gc,marking  ] GC(316) Mark: 4 stripe(s), 7 proactive flush(es), 1 terminate flush(es), 0 completion(s), 0 continuation(s) 
[157.698s][info][gc,marking  ] GC(316) Mark Stack Usage: 32M
[157.698s][info][gc,nmethod  ] GC(316) NMethods: 6794 registered, 715 unregistered
[157.698s][info][gc,metaspace] GC(316) Metaspace: 66M used, 67M committed, 1088M reserved
[157.698s][info][gc,ref      ] GC(316) Soft: 3301 encountered, 0 discovered, 0 enqueued
[157.698s][info][gc,ref      ] GC(316) Weak: 6573 encountered, 2961 discovered, 3 enqueued
[157.698s][info][gc,ref      ] GC(316) Final: 84 encountered, 7 discovered, 0 enqueued
[157.698s][info][gc,ref      ] GC(316) Phantom: 619 encountered, 373 discovered, 0 enqueued
[157.698s][info][gc,reloc    ] GC(316) Small Pages: 161 / 322M, Empty: 4M, Relocated: 6M, In-Place: 0
[157.698s][info][gc,reloc    ] GC(316) Medium Pages: 2 / 64M, Empty: 0M, Relocated: 12M, In-Place: 0
[157.698s][info][gc,reloc    ] GC(316) Large Pages: 4 / 40M, Empty: 0M, Relocated: 0M, In-Place: 0
[157.698s][info][gc,reloc    ] GC(316) Forwarding Usage: 5M
[157.698s][info][gc,heap     ] GC(316) Min Capacity: 8M(0%)
[157.698s][info][gc,heap     ] GC(316) Max Capacity: 2048M(100%)
[157.698s][info][gc,heap     ] GC(316) Soft Max Capacity: 2048M(100%)
[157.698s][info][gc,heap     ] GC(316)                Mark Start          Mark End        Relocate Start      Relocate End           High               Low         
[157.698s][info][gc,heap     ] GC(316)  Capacity:     2048M (100%)       2048M (100%)       2048M (100%)       2048M (100%)       2048M (100%)       2048M (100%)   
[157.698s][info][gc,heap     ] GC(316)      Free:     1622M (79%)        1554M (76%)        1558M (76%)        1602M (78%)        1622M (79%)        1518M (74%)    
[157.698s][info][gc,heap     ] GC(316)      Used:      426M (21%)         494M (24%)         490M (24%)         446M (22%)         530M (26%)         426M (21%)    
[157.698s][info][gc,heap     ] GC(316)      Live:         -               309M (15%)         309M (15%)         309M (15%)            -                  -          
[157.698s][info][gc,heap     ] GC(316) Allocated:         -                68M (3%)           68M (3%)           69M (3%)             -                  -          
[157.698s][info][gc,heap     ] GC(316)   Garbage:         -               116M (6%)          112M (6%)           66M (3%)             -                  -          
[157.698s][info][gc,heap     ] GC(316) Reclaimed:         -                  -                 4M (0%)           49M (2%)             -                  -          
[157.698s][info][gc          ] GC(316) Garbage Collection (Allocation Rate) 426M(21%)->446M(22%)
[157.774s][info][gc,start    ] GC(317) Garbage Collection (Allocation Rate)
[157.774s][info][gc,task     ] GC(317) Using 6 workers
[157.775s][info][gc,phases   ] GC(317) Pause Mark Start 0.015ms
[157.906s][info][gc,phases   ] GC(317) Concurrent Mark 130.869ms
[157.906s][info][gc,phases   ] GC(317) Pause Mark End 0.026ms
[157.906s][info][gc,phases   ] GC(317) Concurrent Mark Free 0.001ms
[157.909s][info][gc,phases   ] GC(317) Concurrent Process Non-Strong References 2.972ms
[157.909s][info][gc,phases   ] GC(317) Concurrent Reset Relocation Set 0.003ms
[157.922s][info][gc,phases   ] GC(317) Concurrent Select Relocation Set 13.071ms
[157.922s][info][gc,phases   ] GC(317) Pause Relocate Start 0.008ms
[157.943s][info][gc,phases   ] GC(317) Concurrent Relocate 20.468ms
[157.943s][info][gc,load     ] GC(317) Load: 0.00/0.00/0.00
[157.943s][info][gc,mmu      ] GC(317) MMU: 2ms/96.8%, 5ms/98.7%, 10ms/99.3%, 20ms/99.6%, 50ms/99.8%, 100ms/99.9%
[157.943s][info][gc,marking  ] GC(317) Mark: 4 stripe(s), 2 proactive flush(es), 1 terminate flush(es), 0 completion(s), 0 continuation(s) 
[157.943s][info][gc,marking  ] GC(317) Mark Stack Usage: 32M
[157.943s][info][gc,nmethod  ] GC(317) NMethods: 6808 registered, 715 unregistered
[157.943s][info][gc,metaspace] GC(317) Metaspace: 66M used, 67M committed, 1088M reserved
[157.943s][info][gc,ref      ] GC(317) Soft: 3298 encountered, 0 discovered, 0 enqueued
[157.943s][info][gc,ref      ] GC(317) Weak: 6555 encountered, 2184 discovered, 0 enqueued
[157.943s][info][gc,ref      ] GC(317) Final: 84 encountered, 16 discovered, 0 enqueued
[157.943s][info][gc,ref      ] GC(317) Phantom: 617 encountered, 528 discovered, 0 enqueued
[157.943s][info][gc,reloc    ] GC(317) Small Pages: 174 / 348M, Empty: 26M, Relocated: 27M, In-Place: 0
[157.943s][info][gc,reloc    ] GC(317) Medium Pages: 2 / 64M, Empty: 32M, Relocated: 0M, In-Place: 0
[157.943s][info][gc,reloc    ] GC(317) Large Pages: 4 / 40M, Empty: 30M, Relocated: 0M, In-Place: 0
[157.943s][info][gc,reloc    ] GC(317) Forwarding Usage: 26M
[157.943s][info][gc,heap     ] GC(317) Min Capacity: 8M(0%)
[157.943s][info][gc,heap     ] GC(317) Max Capacity: 2048M(100%)
[157.943s][info][gc,heap     ] GC(317) Soft Max Capacity: 2048M(100%)
[157.943s][info][gc,heap     ] GC(317)                Mark Start          Mark End        Relocate Start      Relocate End           High               Low         
[157.943s][info][gc,heap     ] GC(317)  Capacity:     2048M (100%)       2048M (100%)       2048M (100%)       2048M (100%)       2048M (100%)       2048M (100%)   
[157.943s][info][gc,heap     ] GC(317)      Free:     1596M (78%)        1458M (71%)        1534M (75%)        1616M (79%)        1616M (79%)        1454M (71%)    
[157.943s][info][gc,heap     ] GC(317)      Used:      452M (22%)         590M (29%)         514M (25%)         432M (21%)         594M (29%)         432M (21%)    
[157.943s][info][gc,heap     ] GC(317)      Live:         -               202M (10%)         202M (10%)         202M (10%)            -                  -          
[157.943s][info][gc,heap     ] GC(317) Allocated:         -               138M (7%)          150M (7%)          173M (8%)             -                  -          
[157.943s][info][gc,heap     ] GC(317)   Garbage:         -               249M (12%)         161M (8%)           55M (3%)             -                  -          
[157.943s][info][gc,heap     ] GC(317) Reclaimed:         -                  -                88M (4%)          193M (9%)             -                  -          
[157.943s][info][gc          ] GC(317) Garbage Collection (Allocation Rate) 452M(22%)->432M(21%)
[158.374s][info][gc,start    ] GC(318) Garbage Collection (Allocation Rate)
[158.374s][info][gc,task     ] GC(318) Using 6 workers
[158.375s][info][gc,phases   ] GC(318) Pause Mark Start 0.011ms
[158.567s][info][gc,phases   ] GC(318) Concurrent Mark 191.998ms
[158.567s][info][gc,phases   ] GC(318) Pause Mark End 0.030ms
[158.567s][info][gc,phases   ] GC(318) Concurrent Mark Free 0.002ms
[158.571s][info][gc,phases   ] GC(318) Concurrent Process Non-Strong References 4.095ms
[158.571s][info][gc,phases   ] GC(318) Concurrent Reset Relocation Set 0.019ms
[158.627s][info][gc,phases   ] GC(318) Concurrent Select Relocation Set 55.761ms
[158.627s][info][gc,phases   ] GC(318) Pause Relocate Start 0.010ms
[158.683s][info][gc,phases   ] GC(318) Concurrent Relocate 55.541ms
[158.683s][info][gc,load     ] GC(318) Load: 0.00/0.00/0.00
[158.683s][info][gc,mmu      ] GC(318) MMU: 2ms/96.8%, 5ms/98.7%, 10ms/99.3%, 20ms/99.6%, 50ms/99.8%, 100ms/99.9%
[158.683s][info][gc,marking  ] GC(318) Mark: 4 stripe(s), 2 proactive flush(es), 1 terminate flush(es), 0 completion(s), 0 continuation(s) 
[158.683s][info][gc,marking  ] GC(318) Mark Stack Usage: 32M
[158.683s][info][gc,nmethod  ] GC(318) NMethods: 6807 registered, 718 unregistered
[158.683s][info][gc,metaspace] GC(318) Metaspace: 66M used, 67M committed, 1088M reserved
[158.683s][info][gc,ref      ] GC(318) Soft: 3305 encountered, 0 discovered, 0 enqueued
[158.683s][info][gc,ref      ] GC(318) Weak: 6659 encountered, 2368 discovered, 86 enqueued
[158.683s][info][gc,ref      ] GC(318) Final: 84 encountered, 2 discovered, 0 enqueued
[158.683s][info][gc,ref      ] GC(318) Phantom: 616 encountered, 478 discovered, 0 enqueued
[158.683s][info][gc,reloc    ] GC(318) Small Pages: 538 / 1076M, Empty: 44M, Relocated: 118M, In-Place: 0
[158.683s][info][gc,reloc    ] GC(318) Medium Pages: 3 / 96M, Empty: 32M, Relocated: 18M, In-Place: 0
[158.683s][info][gc,reloc    ] GC(318) Large Pages: 11 / 70M, Empty: 40M, Relocated: 0M, In-Place: 0
[158.683s][info][gc,reloc    ] GC(318) Forwarding Usage: 78M
[158.683s][info][gc,heap     ] GC(318) Min Capacity: 8M(0%)
[158.683s][info][gc,heap     ] GC(318) Max Capacity: 2048M(100%)
[158.683s][info][gc,heap     ] GC(318) Soft Max Capacity: 2048M(100%)
[158.683s][info][gc,heap     ] GC(318)                Mark Start          Mark End        Relocate Start      Relocate End           High               Low         
[158.683s][info][gc,heap     ] GC(318)  Capacity:     2048M (100%)       2048M (100%)       2048M (100%)       2048M (100%)       2048M (100%)       2048M (100%)   
[158.684s][info][gc,heap     ] GC(318)      Free:      806M (39%)         424M (21%)         468M (23%)        1138M (56%)        1138M (56%)         408M (20%)    
[158.684s][info][gc,heap     ] GC(318)      Used:     1242M (61%)        1624M (79%)        1580M (77%)         910M (44%)        1640M (80%)         910M (44%)    
[158.684s][info][gc,heap     ] GC(318)      Live:         -               327M (16%)         327M (16%)         327M (16%)            -                  -          
[158.684s][info][gc,heap     ] GC(318) Allocated:         -               382M (19%)         454M (22%)         535M (26%)            -                  -          
[158.684s][info][gc,heap     ] GC(318)   Garbage:         -               914M (45%)         798M (39%)          47M (2%)             -                  -          
[158.684s][info][gc,heap     ] GC(318) Reclaimed:         -                  -               116M (6%)          867M (42%)            -                  -          
[158.684s][info][gc          ] GC(318) Garbage Collection (Allocation Rate) 1242M(61%)->910M(44%)
[158.770s][info][gc,start    ] GC(319) Garbage Collection (Allocation Rate)
[158.770s][info][gc,task     ] GC(319) Using 12 workers
[158.770s][info][gc,phases   ] GC(319) Pause Mark Start 0.015ms
[158.957s][info][gc,phases   ] GC(319) Concurrent Mark 186.965ms
[158.957s][info][gc,phases   ] GC(319) Pause Mark End 0.022ms
[158.957s][info][gc,phases   ] GC(319) Concurrent Mark Free 0.001ms
[158.959s][info][gc,phases   ] GC(319) Concurrent Process Non-Strong References 2.121ms
[158.960s][info][gc,phases   ] GC(319) Concurrent Reset Relocation Set 0.118ms
[158.968s][info][gc,phases   ] GC(319) Concurrent Select Relocation Set 8.397ms
[158.968s][info][gc,phases   ] GC(319) Pause Relocate Start 0.009ms
[158.995s][info][gc,phases   ] GC(319) Concurrent Relocate 26.657ms
[158.995s][info][gc,load     ] GC(319) Load: 0.00/0.00/0.00
[158.995s][info][gc,mmu      ] GC(319) MMU: 2ms/96.8%, 5ms/98.7%, 10ms/99.3%, 20ms/99.6%, 50ms/99.8%, 100ms/99.9%
[158.995s][info][gc,marking  ] GC(319) Mark: 8 stripe(s), 2 proactive flush(es), 1 terminate flush(es), 0 completion(s), 0 continuation(s) 
[158.995s][info][gc,marking  ] GC(319) Mark Stack Usage: 32M
[158.995s][info][gc,nmethod  ] GC(319) NMethods: 6807 registered, 718 unregistered
[158.995s][info][gc,metaspace] GC(319) Metaspace: 66M used, 67M committed, 1088M reserved
[158.995s][info][gc,ref      ] GC(319) Soft: 3305 encountered, 0 discovered, 0 enqueued
[158.995s][info][gc,ref      ] GC(319) Weak: 6575 encountered, 2710 discovered, 79 enqueued
[158.995s][info][gc,ref      ] GC(319) Final: 84 encountered, 3 discovered, 0 enqueued
[158.995s][info][gc,ref      ] GC(319) Phantom: 616 encountered, 360 discovered, 0 enqueued
[158.995s][info][gc,reloc    ] GC(319) Small Pages: 483 / 966M, Empty: 0M, Relocated: 60M, In-Place: 0
[158.995s][info][gc,reloc    ] GC(319) Medium Pages: 1 / 32M, Empty: 0M, Relocated: 0M, In-Place: 0
[158.995s][info][gc,reloc    ] GC(319) Large Pages: 12 / 88M, Empty: 24M, Relocated: 0M, In-Place: 0
[158.995s][info][gc,reloc    ] GC(319) Forwarding Usage: 48M
[158.995s][info][gc,heap     ] GC(319) Min Capacity: 8M(0%)
[158.995s][info][gc,heap     ] GC(319) Max Capacity: 2048M(100%)
[158.995s][info][gc,heap     ] GC(319) Soft Max Capacity: 2048M(100%)
[158.995s][info][gc,heap     ] GC(319)                Mark Start          Mark End        Relocate Start      Relocate End           High               Low         
[158.995s][info][gc,heap     ] GC(319)  Capacity:     2048M (100%)       2048M (100%)       2048M (100%)       2048M (100%)       2048M (100%)       2048M (100%)   
[158.995s][info][gc,heap     ] GC(319)      Free:      962M (47%)         646M (32%)         652M (32%)        1222M (60%)        1222M (60%)         628M (31%)    
[158.995s][info][gc,heap     ] GC(319)      Used:     1086M (53%)        1402M (68%)        1396M (68%)         826M (40%)        1420M (69%)         826M (40%)    
[158.995s][info][gc,heap     ] GC(319)      Live:         -               396M (19%)         396M (19%)         396M (19%)            -                  -          
[158.995s][info][gc,heap     ] GC(319) Allocated:         -               316M (15%)         334M (16%)         365M (18%)            -                  -          
[158.995s][info][gc,heap     ] GC(319)   Garbage:         -               689M (34%)         665M (33%)          64M (3%)             -                  -          
[158.995s][info][gc,heap     ] GC(319) Reclaimed:         -                  -                24M (1%)          625M (31%)            -                  -          
[158.995s][info][gc          ] GC(319) Garbage Collection (Allocation Rate) 1086M(53%)->826M(40%)
[159.073s][info][gc,start    ] GC(320) Garbage Collection (Allocation Rate)
[159.073s][info][gc,task     ] GC(320) Using 12 workers
[159.074s][info][gc,phases   ] GC(320) Pause Mark Start 0.017ms
[159.276s][info][gc,phases   ] GC(320) Concurrent Mark 202.646ms
[159.277s][info][gc,phases   ] GC(320) Pause Mark End 0.032ms
[159.277s][info][gc,phases   ] GC(320) Concurrent Mark Free 0.001ms
[159.279s][info][gc,phases   ] GC(320) Concurrent Process Non-Strong References 2.678ms
[159.280s][info][gc,phases   ] GC(320) Concurrent Reset Relocation Set 0.068ms
[159.285s][info][gc,phases   ] GC(320) Concurrent Select Relocation Set 5.271ms
[159.285s][info][gc,phases   ] GC(320) Pause Relocate Start 0.012ms
[159.311s][info][gc,phases   ] GC(320) Concurrent Relocate 25.878ms
[159.311s][info][gc,load     ] GC(320) Load: 0.00/0.00/0.00
[159.311s][info][gc,mmu      ] GC(320) MMU: 2ms/96.8%, 5ms/98.7%, 10ms/99.3%, 20ms/99.6%, 50ms/99.8%, 100ms/99.9%
[159.311s][info][gc,marking  ] GC(320) Mark: 8 stripe(s), 5 proactive flush(es), 1 terminate flush(es), 0 completion(s), 0 continuation(s) 
[159.311s][info][gc,marking  ] GC(320) Mark Stack Usage: 32M
[159.311s][info][gc,nmethod  ] GC(320) NMethods: 6807 registered, 718 unregistered
[159.311s][info][gc,metaspace] GC(320) Metaspace: 66M used, 67M committed, 1088M reserved
[159.311s][info][gc,ref      ] GC(320) Soft: 3305 encountered, 0 discovered, 0 enqueued
[159.311s][info][gc,ref      ] GC(320) Weak: 6496 encountered, 2611 discovered, 0 enqueued
[159.311s][info][gc,ref      ] GC(320) Final: 84 encountered, 28 discovered, 0 enqueued
[159.311s][info][gc,ref      ] GC(320) Phantom: 616 encountered, 471 discovered, 0 enqueued
[159.311s][info][gc,reloc    ] GC(320) Small Pages: 428 / 856M, Empty: 0M, Relocated: 40M, In-Place: 0
[159.311s][info][gc,reloc    ] GC(320) Medium Pages: 1 / 32M, Empty: 0M, Relocated: 0M, In-Place: 0
[159.311s][info][gc,reloc    ] GC(320) Large Pages: 8 / 64M, Empty: 0M, Relocated: 0M, In-Place: 0
[159.311s][info][gc,reloc    ] GC(320) Forwarding Usage: 37M
[159.311s][info][gc,heap     ] GC(320) Min Capacity: 8M(0%)
[159.311s][info][gc,heap     ] GC(320) Max Capacity: 2048M(100%)
[159.311s][info][gc,heap     ] GC(320) Soft Max Capacity: 2048M(100%)
[159.311s][info][gc,heap     ] GC(320)                Mark Start          Mark End        Relocate Start      Relocate End           High               Low         
[159.311s][info][gc,heap     ] GC(320)  Capacity:     2048M (100%)       2048M (100%)       2048M (100%)       2048M (100%)       2048M (100%)       2048M (100%)   
[159.311s][info][gc,heap     ] GC(320)      Free:     1096M (54%)         898M (44%)         898M (44%)        1358M (66%)        1358M (66%)         874M (43%)    
[159.311s][info][gc,heap     ] GC(320)      Used:      952M (46%)        1150M (56%)        1150M (56%)         690M (34%)        1174M (57%)         690M (34%)    
[159.311s][info][gc,heap     ] GC(320)      Live:         -               418M (20%)         418M (20%)         418M (20%)            -                  -          
[159.311s][info][gc,heap     ] GC(320) Allocated:         -               198M (10%)         198M (10%)         198M (10%)            -                  -          
[159.311s][info][gc,heap     ] GC(320)   Garbage:         -               533M (26%)         533M (26%)          73M (4%)             -                  -          
[159.311s][info][gc,heap     ] GC(320) Reclaimed:         -                  -                 0M (0%)          460M (22%)            -                  -          
[159.311s][info][gc          ] GC(320) Garbage Collection (Allocation Rate) 952M(46%)->690M(34%)
[159.370s][info][gc,start    ] GC(321) Garbage Collection (Allocation Rate)
[159.370s][info][gc,task     ] GC(321) Using 12 workers
[159.371s][info][gc,phases   ] GC(321) Pause Mark Start 0.015ms
[159.526s][info][gc,phases   ] GC(321) Concurrent Mark 155.755ms
[159.527s][info][gc,phases   ] GC(321) Pause Mark End 0.030ms
[159.527s][info][gc,phases   ] GC(321) Concurrent Mark Free 0.001ms
[159.529s][info][gc,phases   ] GC(321) Concurrent Process Non-Strong References 2.131ms
[159.529s][info][gc,phases   ] GC(321) Concurrent Reset Relocation Set 0.045ms
[159.533s][info][gc,phases   ] GC(321) Concurrent Select Relocation Set 4.032ms
[159.533s][info][gc,phases   ] GC(321) Pause Relocate Start 0.010ms
[159.554s][info][gc,phases   ] GC(321) Concurrent Relocate 20.290ms
[159.554s][info][gc,load     ] GC(321) Load: 0.00/0.00/0.00
[159.554s][info][gc,mmu      ] GC(321) MMU: 2ms/96.8%, 5ms/98.7%, 10ms/99.3%, 20ms/99.6%, 50ms/99.8%, 100ms/99.9%
[159.554s][info][gc,marking  ] GC(321) Mark: 8 stripe(s), 2 proactive flush(es), 1 terminate flush(es), 0 completion(s), 0 continuation(s) 
[159.554s][info][gc,marking  ] GC(321) Mark Stack Usage: 32M
[159.554s][info][gc,nmethod  ] GC(321) NMethods: 6807 registered, 718 unregistered
[159.554s][info][gc,metaspace] GC(321) Metaspace: 66M used, 67M committed, 1088M reserved
[159.554s][info][gc,ref      ] GC(321) Soft: 3305 encountered, 0 discovered, 0 enqueued
[159.554s][info][gc,ref      ] GC(321) Weak: 6493 encountered, 1514 discovered, 0 enqueued
[159.554s][info][gc,ref      ] GC(321) Final: 84 encountered, 25 discovered, 0 enqueued
[159.554s][info][gc,ref      ] GC(321) Phantom: 616 encountered, 589 discovered, 0 enqueued
[159.554s][info][gc,reloc    ] GC(321) Small Pages: 281 / 562M, Empty: 66M, Relocated: 38M, In-Place: 0
[159.554s][info][gc,reloc    ] GC(321) Medium Pages: 2 / 64M, Empty: 0M, Relocated: 14M, In-Place: 0
[159.554s][info][gc,reloc    ] GC(321) Large Pages: 8 / 64M, Empty: 24M, Relocated: 0M, In-Place: 0
[159.554s][info][gc,reloc    ] GC(321) Forwarding Usage: 33M
[159.554s][info][gc,heap     ] GC(321) Min Capacity: 8M(0%)
[159.554s][info][gc,heap     ] GC(321) Max Capacity: 2048M(100%)
[159.554s][info][gc,heap     ] GC(321) Soft Max Capacity: 2048M(100%)
[159.554s][info][gc,heap     ] GC(321)                Mark Start          Mark End        Relocate Start      Relocate End           High               Low         
[159.554s][info][gc,heap     ] GC(321)  Capacity:     2048M (100%)       2048M (100%)       2048M (100%)       2048M (100%)       2048M (100%)       2048M (100%)   
[159.554s][info][gc,heap     ] GC(321)      Free:     1358M (66%)        1324M (65%)        1414M (69%)        1636M (80%)        1636M (80%)        1324M (65%)    
[159.554s][info][gc,heap     ] GC(321)      Used:      690M (34%)         724M (35%)         634M (31%)         412M (20%)         724M (35%)         412M (20%)    
[159.554s][info][gc,heap     ] GC(321)      Live:         -               306M (15%)         306M (15%)         306M (15%)            -                  -          
[159.554s][info][gc,heap     ] GC(321) Allocated:         -                34M (2%)           34M (2%)           32M (2%)             -                  -          
[159.554s][info][gc,heap     ] GC(321)   Garbage:         -               383M (19%)         293M (14%)          72M (4%)             -                  -          
[159.554s][info][gc,heap     ] GC(321) Reclaimed:         -                  -                90M (4%)          310M (15%)            -                  -          
[159.554s][info][gc          ] GC(321) Garbage Collection (Allocation Rate) 690M(34%)->412M(20%)
[159.877s][info][gc,start    ] GC(322) Garbage Collection (Allocation Rate)
[159.877s][info][gc,task     ] GC(322) Using 12 workers
[159.877s][info][gc,phases   ] GC(322) Pause Mark Start 0.016ms
[159.958s][info][gc,phases   ] GC(322) Concurrent Mark 80.134ms
[159.958s][info][gc,phases   ] GC(322) Pause Mark End 0.022ms
[159.958s][info][gc,phases   ] GC(322) Concurrent Mark Free 0.001ms
[159.960s][info][gc,phases   ] GC(322) Concurrent Process Non-Strong References 2.153ms
[159.960s][info][gc,phases   ] GC(322) Concurrent Reset Relocation Set 0.028ms
[159.966s][info][gc,phases   ] GC(322) Concurrent Select Relocation Set 6.373ms
[159.966s][info][gc,phases   ] GC(322) Pause Relocate Start 0.010ms
[159.973s][info][gc,phases   ] GC(322) Concurrent Relocate 6.205ms
[159.973s][info][gc,load     ] GC(322) Load: 0.00/0.00/0.00
[159.973s][info][gc,mmu      ] GC(322) MMU: 2ms/96.8%, 5ms/98.7%, 10ms/99.3%, 20ms/99.6%, 50ms/99.8%, 100ms/99.9%
[159.973s][info][gc,marking  ] GC(322) Mark: 8 stripe(s), 2 proactive flush(es), 1 terminate flush(es), 0 completion(s), 0 continuation(s) 
[159.973s][info][gc,marking  ] GC(322) Mark Stack Usage: 32M
[159.973s][info][gc,nmethod  ] GC(322) NMethods: 6824 registered, 719 unregistered
[159.973s][info][gc,metaspace] GC(322) Metaspace: 66M used, 67M committed, 1088M reserved
[159.973s][info][gc,ref      ] GC(322) Soft: 3297 encountered, 0 discovered, 0 enqueued
[159.973s][info][gc,ref      ] GC(322) Weak: 6492 encountered, 1064 discovered, 2 enqueued
[159.973s][info][gc,ref      ] GC(322) Final: 84 encountered, 3 discovered, 0 enqueued
[159.973s][info][gc,ref      ] GC(322) Phantom: 616 encountered, 526 discovered, 0 enqueued
[159.973s][info][gc,reloc    ] GC(322) Small Pages: 182 / 364M, Empty: 106M, Relocated: 6M, In-Place: 0
[159.973s][info][gc,reloc    ] GC(322) Medium Pages: 2 / 64M, Empty: 32M, Relocated: 0M, In-Place: 0
[159.973s][info][gc,reloc    ] GC(322) Large Pages: 4 / 40M, Empty: 40M, Relocated: 0M, In-Place: 0
[159.973s][info][gc,reloc    ] GC(322) Forwarding Usage: 4M
[159.973s][info][gc,heap     ] GC(322) Min Capacity: 8M(0%)
[159.973s][info][gc,heap     ] GC(322) Max Capacity: 2048M(100%)
[159.973s][info][gc,heap     ] GC(322) Soft Max Capacity: 2048M(100%)
[159.973s][info][gc,heap     ] GC(322)                Mark Start          Mark End        Relocate Start      Relocate End           High               Low         
[159.973s][info][gc,heap     ] GC(322)  Capacity:     2048M (100%)       2048M (100%)       2048M (100%)       2048M (100%)       2048M (100%)       2048M (100%)   
[159.973s][info][gc,heap     ] GC(322)      Free:     1580M (77%)        1464M (71%)        1634M (80%)        1686M (82%)        1688M (82%)        1460M (71%)    
[159.973s][info][gc,heap     ] GC(322)      Used:      468M (23%)         584M (29%)         414M (20%)         362M (18%)         588M (29%)         360M (18%)    
[159.973s][info][gc,heap     ] GC(322)      Live:         -               168M (8%)          168M (8%)          168M (8%)             -                  -          
[159.973s][info][gc,heap     ] GC(322) Allocated:         -               116M (6%)          124M (6%)          129M (6%)             -                  -          
[159.973s][info][gc,heap     ] GC(322)   Garbage:         -               299M (15%)         121M (6%)           63M (3%)             -                  -          
[159.973s][info][gc,heap     ] GC(322) Reclaimed:         -                  -               178M (9%)          235M (12%)            -                  -          
[159.973s][info][gc          ] GC(322) Garbage Collection (Allocation Rate) 468M(23%)->362M(18%)
[160.083s][info][gc,start    ] GC(323) Garbage Collection (Allocation Rate)
[160.083s][info][gc,task     ] GC(323) Using 12 workers
[160.083s][info][gc,phases   ] GC(323) Pause Mark Start 0.010ms
[160.161s][info][gc,phases   ] GC(323) Concurrent Mark 77.728ms
[160.161s][info][gc,phases   ] GC(323) Pause Mark End 0.018ms
[160.161s][info][gc,phases   ] GC(323) Concurrent Mark Free 0.001ms
[160.163s][info][gc,phases   ] GC(323) Concurrent Process Non-Strong References 1.966ms
[160.163s][info][gc,phases   ] GC(323) Concurrent Reset Relocation Set 0.005ms
[160.174s][info][gc,phases   ] GC(323) Concurrent Select Relocation Set 10.747ms
[160.174s][info][gc,phases   ] GC(323) Pause Relocate Start 0.009ms
[160.176s][info][gc,stats    ] === Garbage Collection Statistics =======================================================================================================================
[160.176s][info][gc,stats    ]                                                              Last 10s              Last 10m              Last 10h                Total
[160.176s][info][gc,stats    ]                                                              Avg / Max             Avg / Max             Avg / Max             Avg / Max
[160.176s][info][gc,stats    ]   Collector: Garbage Collection Cycle                    223.643 / 396.315     206.934 / 1113.016    206.934 / 1113.016    206.934 / 1113.016    ms
[160.176s][info][gc,stats    ]  Contention: Mark Segment Reset Contention                    22 / 49               20 / 154              20 / 154              20 / 154         ops/s
[160.176s][info][gc,stats    ]  Contention: Mark SeqNum Reset Contention                      2 / 4                 1 / 7                 1 / 7                 1 / 7           ops/s
[160.176s][info][gc,stats    ]    Critical: Allocation Stall                                  0 / 0                 0 / 5                 0 / 5                 0 / 5           ops/s
[160.176s][info][gc,stats    ]    Critical: Allocation Stall                              0.000 / 0.000        46.147 / 67.576       46.147 / 67.576       46.147 / 67.576      ms
[160.176s][info][gc,stats    ]    Critical: GC Locker Stall                                   0 / 0                 0 / 1                 0 / 1                 0 / 1           ops/s
[160.176s][info][gc,stats    ]    Critical: GC Locker Stall                               0.000 / 0.000         0.001 / 0.001         0.001 / 0.001         0.001 / 0.001       ms
[160.176s][info][gc,stats    ]    Critical: Relocation Stall                                  0 / 0                 0 / 3                 0 / 3                 0 / 3           ops/s
[160.177s][info][gc,stats    ]    Critical: Relocation Stall                              0.000 / 0.000         6.236 / 10.360        6.236 / 10.360        6.236 / 10.360      ms
[160.177s][info][gc,stats    ]      Memory: Allocation Rate                                1191 / 2000           1126 / 2860           1126 / 2860           1126 / 2860        MB/s
[160.177s][info][gc,stats    ]      Memory: Defragment                                        0 / 0                 2 / 131               2 / 131               2 / 131         ops/s
[160.177s][info][gc,stats    ]      Memory: Out Of Memory                                     0 / 0                 0 / 0                 0 / 0                 0 / 0           ops/s
[160.177s][info][gc,stats    ]      Memory: Page Cache Flush                                  3 / 32               17 / 356              17 / 356              17 / 356         MB/s
[160.177s][info][gc,stats    ]      Memory: Page Cache Hit L1                               604 / 1057            554 / 1290            554 / 1290            554 / 1290        ops/s
[160.177s][info][gc,stats    ]      Memory: Page Cache Hit L2                                 0 / 0                 0 / 0                 0 / 0                 0 / 0           ops/s
[160.177s][info][gc,stats    ]      Memory: Page Cache Hit L3                                 0 / 8                 8 / 362               8 / 362               8 / 362         ops/s
[160.177s][info][gc,stats    ]      Memory: Page Cache Miss                                   0 / 1                 1 / 32                1 / 32                1 / 32          ops/s
[160.177s][info][gc,stats    ]      Memory: Uncommit                                          0 / 0                 0 / 0                 0 / 0                 0 / 0           MB/s
[160.177s][info][gc,stats    ]      Memory: Undo Object Allocation Failed                     1 / 5                 2 / 39                2 / 39                2 / 39          ops/s
[160.177s][info][gc,stats    ]      Memory: Undo Object Allocation Succeeded                  1 / 5                19 / 1098             19 / 1098             19 / 1098        ops/s
[160.177s][info][gc,stats    ]      Memory: Undo Page Allocation                             35 / 102              26 / 127              26 / 127              26 / 127         ops/s
[160.177s][info][gc,stats    ]       Phase: Concurrent Mark                             166.128 / 270.969     156.178 / 1077.882    156.178 / 1077.882    156.178 / 1077.882    ms
[160.177s][info][gc,stats    ]       Phase: Concurrent Mark Continue                      0.000 / 0.000         0.000 / 0.000         0.000 / 0.000         0.000 / 0.000       ms
[160.177s][info][gc,stats    ]       Phase: Concurrent Mark Free                          0.001 / 0.002         0.001 / 0.008         0.001 / 0.008         0.001 / 0.008       ms
[160.177s][info][gc,stats    ]       Phase: Concurrent Process Non-Strong References      2.910 / 6.282         2.874 / 16.614        2.874 / 16.614        2.874 / 16.614      ms
[160.177s][info][gc,stats    ]       Phase: Concurrent Relocate                          29.329 / 83.913       25.902 / 107.720      25.902 / 107.720      25.902 / 107.720     ms
[160.177s][info][gc,stats    ]       Phase: Concurrent Reset Relocation Set               0.042 / 0.118         0.039 / 0.157         0.039 / 0.157         0.039 / 0.157       ms
[160.177s][info][gc,stats    ]       Phase: Concurrent Select Relocation Set             20.071 / 55.761       18.253 / 58.871       18.253 / 58.871       18.253 / 58.871      ms
[160.177s][info][gc,stats    ]       Phase: Pause Mark End                                0.027 / 0.039         0.026 / 0.063         0.026 / 0.063         0.026 / 0.063       ms
[160.177s][info][gc,stats    ]       Phase: Pause Mark Start                              0.013 / 0.017         0.014 / 0.059         0.014 / 0.059         0.014 / 0.059       ms
[160.177s][info][gc,stats    ]       Phase: Pause Relocate Start                          0.010 / 0.013         0.010 / 0.015         0.010 / 0.015         0.010 / 0.015       ms
[160.177s][info][gc,stats    ]    Subphase: Concurrent Classes Purge                      0.024 / 0.120         0.107 / 6.469         0.107 / 6.469         0.107 / 6.469       ms
[160.177s][info][gc,stats    ]    Subphase: Concurrent Classes Unlink                     2.203 / 5.059         2.086 / 13.817        2.086 / 13.817        2.086 / 13.817      ms
[160.177s][info][gc,stats    ]    Subphase: Concurrent Mark                             151.089 / 266.390     142.920 / 1074.330    142.920 / 1074.330    142.920 / 1074.330    ms
[160.177s][info][gc,stats    ]    Subphase: Concurrent Mark Try Flush                     0.214 / 4.999         0.140 / 4.999         0.140 / 4.999         0.140 / 4.999       ms
[160.177s][info][gc,stats    ]    Subphase: Concurrent Mark Try Terminate                 8.400 / 15.913        9.684 / 16.976        9.684 / 16.976        9.684 / 16.976      ms
[160.177s][info][gc,stats    ]    Subphase: Concurrent References Enqueue                 0.002 / 0.004         0.002 / 0.005         0.002 / 0.005         0.002 / 0.005       ms
[160.177s][info][gc,stats    ]    Subphase: Concurrent References Process                 0.139 / 0.251         0.128 / 0.349         0.128 / 0.349         0.128 / 0.349       ms
[160.177s][info][gc,stats    ]    Subphase: Concurrent Roots ClassLoaderDataGraph         0.110 / 0.636         0.099 / 0.915         0.099 / 0.915         0.099 / 0.915       ms
[160.177s][info][gc,stats    ]    Subphase: Concurrent Roots CodeCache                    0.000 / 0.000         0.000 / 0.000         0.000 / 0.000         0.000 / 0.000       ms
[160.177s][info][gc,stats    ]    Subphase: Concurrent Roots JavaThreads                  3.880 / 5.525         5.654 / 13.140        5.654 / 13.140        5.654 / 13.140      ms
[160.177s][info][gc,stats    ]    Subphase: Concurrent Roots OopStorageSet                0.038 / 0.072         0.032 / 0.277         0.032 / 0.277         0.032 / 0.277       ms
[160.177s][info][gc,stats    ]    Subphase: Concurrent Weak Roots OopStorageSet           0.262 / 0.678         0.231 / 1.572         0.231 / 1.572         0.231 / 1.572       ms
[160.177s][info][gc,stats    ]    Subphase: Pause Mark Try Complete                       0.000 / 0.000         0.001 / 0.006         0.001 / 0.006         0.001 / 0.006       ms
[160.177s][info][gc,stats    ]      System: Java Threads                                    273 / 278             244 / 281             244 / 281             244 / 281         threads
[160.177s][info][gc,stats    ] =========================================================================================================================================================
[160.186s][info][gc,phases   ] GC(323) Concurrent Relocate 12.671ms
[160.186s][info][gc,load     ] GC(323) Load: 0.00/0.00/0.00
[160.186s][info][gc,mmu      ] GC(323) MMU: 2ms/96.8%, 5ms/98.7%, 10ms/99.3%, 20ms/99.6%, 50ms/99.8%, 100ms/99.9%
[160.186s][info][gc,marking  ] GC(323) Mark: 8 stripe(s), 2 proactive flush(es), 1 terminate flush(es), 0 completion(s), 0 continuation(s) 
[160.187s][info][gc,marking  ] GC(323) Mark Stack Usage: 32M
[160.187s][info][gc,nmethod  ] GC(323) NMethods: 6823 registered, 721 unregistered
[160.187s][info][gc,metaspace] GC(323) Metaspace: 66M used, 67M committed, 1088M reserved
[160.187s][info][gc,ref      ] GC(323) Soft: 3303 encountered, 0 discovered, 0 enqueued
[160.187s][info][gc,ref      ] GC(323) Weak: 6700 encountered, 3309 discovered, 153 enqueued
[160.187s][info][gc,ref      ] GC(323) Final: 84 encountered, 26 discovered, 0 enqueued
[160.187s][info][gc,ref      ] GC(323) Phantom: 617 encountered, 530 discovered, 0 enqueued
[160.187s][info][gc,reloc    ] GC(323) Small Pages: 186 / 372M, Empty: 0M, Relocated: 24M, In-Place: 0
[160.187s][info][gc,reloc    ] GC(323) Medium Pages: 2 / 64M, Empty: 32M, Relocated: 0M, In-Place: 0
[160.187s][info][gc,reloc    ] GC(323) Large Pages: 5 / 30M, Empty: 6M, Relocated: 0M, In-Place: 0
[160.187s][info][gc,reloc    ] GC(323) Forwarding Usage: 24M
[160.187s][info][gc,heap     ] GC(323) Min Capacity: 8M(0%)
[160.187s][info][gc,heap     ] GC(323) Max Capacity: 2048M(100%)
[160.187s][info][gc,heap     ] GC(323) Soft Max Capacity: 2048M(100%)
[160.187s][info][gc,heap     ] GC(323)                Mark Start          Mark End        Relocate Start      Relocate End           High               Low         
[160.187s][info][gc,heap     ] GC(323)  Capacity:     2048M (100%)       2048M (100%)       2048M (100%)       2048M (100%)       2048M (100%)       2048M (100%)   
[160.187s][info][gc,heap     ] GC(323)      Free:     1582M (77%)        1526M (75%)        1538M (75%)        1684M (82%)        1684M (82%)        1514M (74%)    
[160.187s][info][gc,heap     ] GC(323)      Used:      466M (23%)         522M (25%)         510M (25%)         364M (18%)         534M (26%)         364M (18%)    
[160.187s][info][gc,heap     ] GC(323)      Live:         -               213M (10%)         213M (10%)         213M (10%)            -                  -          
[160.187s][info][gc,heap     ] GC(323) Allocated:         -                56M (3%)           82M (4%)           91M (4%)             -                  -          
[160.187s][info][gc,heap     ] GC(323)   Garbage:         -               252M (12%)         214M (10%)          59M (3%)             -                  -          
[160.187s][info][gc,heap     ] GC(323) Reclaimed:         -                  -                38M (2%)          193M (9%)             -                  -          
[160.187s][info][gc          ] GC(323) Garbage Collection (Allocation Rate) 466M(23%)->364M(18%)
[160.876s][info][gc,start    ] GC(324) Garbage Collection (Allocation Rate)
[160.876s][info][gc,task     ] GC(324) Using 12 workers
[160.876s][info][gc,phases   ] GC(324) Pause Mark Start 0.011ms
[160.960s][info][gc,phases   ] GC(324) Concurrent Mark 83.697ms
[160.960s][info][gc,phases   ] GC(324) Pause Mark End 0.084ms
[160.960s][info][gc,phases   ] GC(324) Concurrent Mark Free 0.001ms
[160.962s][info][gc,phases   ] GC(324) Concurrent Process Non-Strong References 2.090ms
[160.962s][info][gc,phases   ] GC(324) Concurrent Reset Relocation Set 0.020ms
[160.986s][info][gc,phases   ] GC(324) Concurrent Select Relocation Set 23.791ms
[160.986s][info][gc,phases   ] GC(324) Pause Relocate Start 0.013ms
[161.004s][info][gc,phases   ] GC(324) Concurrent Relocate 17.431ms
[161.004s][info][gc,load     ] GC(324) Load: 0.00/0.00/0.00
[161.004s][info][gc,mmu      ] GC(324) MMU: 2ms/95.8%, 5ms/98.3%, 10ms/99.2%, 20ms/99.6%, 50ms/99.8%, 100ms/99.9%
[161.004s][info][gc,marking  ] GC(324) Mark: 8 stripe(s), 2 proactive flush(es), 1 terminate flush(es), 1 completion(s), 0 continuation(s) 
[161.004s][info][gc,marking  ] GC(324) Mark Stack Usage: 32M
[161.004s][info][gc,nmethod  ] GC(324) NMethods: 6863 registered, 730 unregistered
[161.004s][info][gc,metaspace] GC(324) Metaspace: 66M used, 67M committed, 1088M reserved
[161.004s][info][gc,ref      ] GC(324) Soft: 3305 encountered, 0 discovered, 0 enqueued
[161.004s][info][gc,ref      ] GC(324) Weak: 6820 encountered, 2529 discovered, 271 enqueued
[161.004s][info][gc,ref      ] GC(324) Final: 84 encountered, 48 discovered, 0 enqueued
[161.004s][info][gc,ref      ] GC(324) Phantom: 628 encountered, 575 discovered, 0 enqueued
[161.004s][info][gc,reloc    ] GC(324) Small Pages: 503 / 1006M, Empty: 528M, Relocated: 29M, In-Place: 0
[161.004s][info][gc,reloc    ] GC(324) Medium Pages: 3 / 96M, Empty: 64M, Relocated: 0M, In-Place: 0
[161.004s][info][gc,reloc    ] GC(324) Large Pages: 14 / 84M, Empty: 60M, Relocated: 0M, In-Place: 0
[161.004s][info][gc,reloc    ] GC(324) Forwarding Usage: 27M
[161.004s][info][gc,heap     ] GC(324) Min Capacity: 8M(0%)
[161.004s][info][gc,heap     ] GC(324) Max Capacity: 2048M(100%)
[161.004s][info][gc,heap     ] GC(324) Soft Max Capacity: 2048M(100%)
[161.004s][info][gc,heap     ] GC(324)                Mark Start          Mark End        Relocate Start      Relocate End           High               Low         
[161.004s][info][gc,heap     ] GC(324)  Capacity:     2048M (100%)       2048M (100%)       2048M (100%)       2048M (100%)       2048M (100%)       2048M (100%)   
[161.004s][info][gc,heap     ] GC(324)      Free:      862M (42%)         842M (41%)        1478M (72%)        1702M (83%)        1702M (83%)         842M (41%)    
[161.004s][info][gc,heap     ] GC(324)      Used:     1186M (58%)        1206M (59%)         570M (28%)         346M (17%)        1206M (59%)         346M (17%)    
[161.004s][info][gc,heap     ] GC(324)      Live:         -               217M (11%)         217M (11%)         217M (11%)            -                  -          
[161.004s][info][gc,heap     ] GC(324) Allocated:         -                20M (1%)           36M (2%)           67M (3%)             -                  -          
[161.004s][info][gc,heap     ] GC(324)   Garbage:         -               968M (47%)         316M (15%)          60M (3%)             -                  -          
[161.004s][info][gc,heap     ] GC(324) Reclaimed:         -                  -               652M (32%)         907M (44%)            -                  -          
[161.004s][info][gc          ] GC(324) Garbage Collection (Allocation Rate) 1186M(58%)->346M(17%)
[161.478s][info][gc,start    ] GC(325) Garbage Collection (Allocation Rate)
[161.483s][info][gc,task     ] GC(325) Using 7 workers
[161.484s][info][gc,phases   ] GC(325) Pause Mark Start 0.009ms
[161.648s][info][gc,phases   ] GC(325) Concurrent Mark 163.995ms
[161.663s][info][gc,phases   ] GC(325) Pause Mark End 0.035ms
[161.663s][info][gc,phases   ] GC(325) Concurrent Mark Free 0.001ms
[161.668s][info][gc,phases   ] GC(325) Concurrent Process Non-Strong References 4.602ms
[161.668s][info][gc,phases   ] GC(325) Concurrent Reset Relocation Set 0.029ms
[161.708s][info][gc,phases   ] GC(325) Concurrent Select Relocation Set 39.731ms
[161.708s][info][gc,phases   ] GC(325) Pause Relocate Start 0.013ms
[161.749s][info][gc,phases   ] GC(325) Concurrent Relocate 40.353ms
[161.749s][info][gc,load     ] GC(325) Load: 0.00/0.00/0.00
[161.749s][info][gc,mmu      ] GC(325) MMU: 2ms/95.8%, 5ms/98.3%, 10ms/99.2%, 20ms/99.6%, 50ms/99.8%, 100ms/99.9%
[161.749s][info][gc,marking  ] GC(325) Mark: 4 stripe(s), 2 proactive flush(es), 1 terminate flush(es), 0 completion(s), 0 continuation(s) 
[161.749s][info][gc,marking  ] GC(325) Mark Stack Usage: 32M
[161.749s][info][gc,nmethod  ] GC(325) NMethods: 6870 registered, 733 unregistered
[161.749s][info][gc,metaspace] GC(325) Metaspace: 66M used, 67M committed, 1088M reserved
[161.749s][info][gc,ref      ] GC(325) Soft: 3301 encountered, 0 discovered, 0 enqueued
[161.749s][info][gc,ref      ] GC(325) Weak: 6601 encountered, 2740 discovered, 12 enqueued
[161.749s][info][gc,ref      ] GC(325) Final: 84 encountered, 39 discovered, 0 enqueued
[161.749s][info][gc,ref      ] GC(325) Phantom: 616 encountered, 565 discovered, 0 enqueued
[161.749s][info][gc,reloc    ] GC(325) Small Pages: 503 / 1006M, Empty: 58M, Relocated: 47M, In-Place: 0
[161.749s][info][gc,reloc    ] GC(325) Medium Pages: 4 / 128M, Empty: 0M, Relocated: 18M, In-Place: 0
[161.749s][info][gc,reloc    ] GC(325) Large Pages: 10 / 60M, Empty: 48M, Relocated: 0M, In-Place: 0
[161.749s][info][gc,reloc    ] GC(325) Forwarding Usage: 40M
[161.749s][info][gc,heap     ] GC(325) Min Capacity: 8M(0%)
[161.749s][info][gc,heap     ] GC(325) Max Capacity: 2048M(100%)
[161.749s][info][gc,heap     ] GC(325) Soft Max Capacity: 2048M(100%)
[161.749s][info][gc,heap     ] GC(325)                Mark Start          Mark End        Relocate Start      Relocate End           High               Low         
[161.749s][info][gc,heap     ] GC(325)  Capacity:     2048M (100%)       2048M (100%)       2048M (100%)       2048M (100%)       2048M (100%)       2048M (100%)   
[161.749s][info][gc,heap     ] GC(325)      Free:      854M (42%)         640M (31%)         700M (34%)        1406M (69%)        1406M (69%)         636M (31%)    
[161.749s][info][gc,heap     ] GC(325)      Used:     1194M (58%)        1408M (69%)        1348M (66%)         642M (31%)        1412M (69%)         642M (31%)    
[161.749s][info][gc,heap     ] GC(325)      Live:         -               240M (12%)         240M (12%)         240M (12%)            -                  -          
[161.749s][info][gc,heap     ] GC(325) Allocated:         -               214M (10%)         260M (13%)         330M (16%)            -                  -          
[161.749s][info][gc,heap     ] GC(325)   Garbage:         -               953M (47%)         847M (41%)          70M (3%)             -                  -          
[161.750s][info][gc,heap     ] GC(325) Reclaimed:         -                  -               106M (5%)          882M (43%)            -                  -          
[161.750s][info][gc          ] GC(325) Garbage Collection (Allocation Rate) 1194M(58%)->642M(31%)
[162.079s][info][gc,start    ] GC(326) Garbage Collection (Allocation Rate)
[162.079s][info][gc,task     ] GC(326) Using 5 workers
[162.079s][info][gc,phases   ] GC(326) Pause Mark Start 0.016ms
[162.251s][info][gc,phases   ] GC(326) Concurrent Mark 171.376ms
[162.251s][info][gc,phases   ] GC(326) Pause Mark End 0.022ms
[162.251s][info][gc,phases   ] GC(326) Concurrent Mark Free 0.001ms
[162.256s][info][gc,phases   ] GC(326) Concurrent Process Non-Strong References 4.876ms
[162.256s][info][gc,phases   ] GC(326) Concurrent Reset Relocation Set 0.089ms
[162.301s][info][gc,phases   ] GC(326) Concurrent Select Relocation Set 45.469ms
[162.302s][info][gc,phases   ] GC(326) Pause Relocate Start 0.013ms
[162.347s][info][gc,phases   ] GC(326) Concurrent Relocate 45.667ms
[162.347s][info][gc,load     ] GC(326) Load: 0.00/0.00/0.00
[162.347s][info][gc,mmu      ] GC(326) MMU: 2ms/95.8%, 5ms/98.3%, 10ms/99.2%, 20ms/99.6%, 50ms/99.8%, 100ms/99.9%
[162.347s][info][gc,marking  ] GC(326) Mark: 4 stripe(s), 2 proactive flush(es), 1 terminate flush(es), 0 completion(s), 0 continuation(s) 
[162.348s][info][gc,marking  ] GC(326) Mark Stack Usage: 32M
[162.348s][info][gc,nmethod  ] GC(326) NMethods: 6885 registered, 740 unregistered
[162.348s][info][gc,metaspace] GC(326) Metaspace: 66M used, 67M committed, 1088M reserved
[162.348s][info][gc,ref      ] GC(326) Soft: 3297 encountered, 0 discovered, 0 enqueued
[162.348s][info][gc,ref      ] GC(326) Weak: 6596 encountered, 2511 discovered, 193 enqueued
[162.348s][info][gc,ref      ] GC(326) Final: 84 encountered, 4 discovered, 0 enqueued
[162.348s][info][gc,ref      ] GC(326) Phantom: 616 encountered, 517 discovered, 0 enqueued
[162.348s][info][gc,reloc    ] GC(326) Small Pages: 309 / 618M, Empty: 28M, Relocated: 47M, In-Place: 0
[162.348s][info][gc,reloc    ] GC(326) Medium Pages: 6 / 192M, Empty: 160M, Relocated: 0M, In-Place: 0
[162.348s][info][gc,reloc    ] GC(326) Large Pages: 29 / 190M, Empty: 178M, Relocated: 0M, In-Place: 0
[162.348s][info][gc,reloc    ] GC(326) Forwarding Usage: 45M
[162.348s][info][gc,heap     ] GC(326) Min Capacity: 8M(0%)
[162.348s][info][gc,heap     ] GC(326) Max Capacity: 2048M(100%)
[162.348s][info][gc,heap     ] GC(326) Soft Max Capacity: 2048M(100%)
[162.348s][info][gc,heap     ] GC(326)                Mark Start          Mark End        Relocate Start      Relocate End           High               Low         
[162.348s][info][gc,heap     ] GC(326)  Capacity:     2048M (100%)       2048M (100%)       2048M (100%)       2048M (100%)       2048M (100%)       2048M (100%)   
[162.348s][info][gc,heap     ] GC(326)      Free:     1048M (51%)         740M (36%)         980M (48%)        1264M (62%)        1266M (62%)         716M (35%)    
[162.348s][info][gc,heap     ] GC(326)      Used:     1000M (49%)        1308M (64%)        1068M (52%)         784M (38%)        1332M (65%)         782M (38%)    
[162.348s][info][gc,heap     ] GC(326)      Live:         -               237M (12%)         237M (12%)         237M (12%)            -                  -          
[162.348s][info][gc,heap     ] GC(326) Allocated:         -               308M (15%)         434M (21%)         493M (24%)            -                  -          
[162.348s][info][gc,heap     ] GC(326)   Garbage:         -               762M (37%)         396M (19%)          52M (3%)             -                  -          
[162.348s][info][gc,heap     ] GC(326) Reclaimed:         -                  -               366M (18%)         709M (35%)            -                  -          
[162.348s][info][gc          ] GC(326) Garbage Collection (Allocation Rate) 1000M(49%)->784M(38%)
[162.584s][info][gc,start    ] GC(327) Garbage Collection (Allocation Rate)
[162.584s][info][gc,task     ] GC(327) Using 4 workers
[162.585s][info][gc,phases   ] GC(327) Pause Mark Start 0.016ms
[162.695s][info][gc          ] GC(327) Garbage Collection (Allocation Rate) Aborted
[162.695s][info][gc,heap,exit] Heap
[162.695s][info][gc,heap,exit]  ZHeap           used 1036M, capacity 2048M, max capacity 2048M
[162.695s][info][gc,heap,exit]  Metaspace       used 68724K, committed 69696K, reserved 1114112K
[162.695s][info][gc,heap,exit]   class space    used 8503K, committed 8960K, reserved 1048576K
