[0.018s][info][gc] Using Epsilon
[0.023s][info][gc,init] Version: 20+36-2344 (release)
[0.023s][info][gc,init] CPUs: 48 total, 48 available
[0.023s][info][gc,init] Memory: 382G
[0.023s][info][gc,init] Large Page Support: Disabled
[0.023s][info][gc,init] NUMA Support: Disabled
[0.023s][info][gc,init] Compressed Oops: Enabled (32-bit)
[0.023s][info][gc,init] Heap Min Capacity: 6656K
[0.024s][info][gc,init] Heap Initial Capacity: 2G
[0.024s][info][gc,init] Heap Max Capacity: 2G
[0.024s][info][gc,init] Pre-touch: Disabled
[0.024s][warning][gc,init] Consider enabling -XX:+AlwaysPreTouch to avoid memory commit hiccups
[0.030s][info   ][gc,init] TLAB Size Max: 4M
[0.030s][info   ][gc,init] TLAB Size Elasticity: 1.10x
[0.030s][info   ][gc,init] TLAB Size Decay Time: 1000ms
[0.031s][info   ][gc,metaspace] CDS archive(s) mapped at: [0x0000000800000000-0x0000000800c60000-0x0000000800c60000), size 12976128, SharedBaseAddress: 0x0000000800000000, ArchiveRelocationMode: 0.
[0.031s][info   ][gc,metaspace] Compressed class space mapped at: 0x0000000801000000-0x0000000841000000, reserved size: 1073741824
[0.031s][info   ][gc,metaspace] Narrow klass base: 0x0000000800000000, Narrow klass shift: 0, Narrow klass range: 0x100000000
[0.379s][info   ][gc          ] GC request for "System.gc()" is ignored
[0.716s][info   ][gc          ] Heap: 2048M reserved, 2048M (100.00%) committed, 102M (5.00%) used
[0.717s][info   ][gc,metaspace] Metaspace: 1088M reserved, 5632K (0.51%) committed, 5481K (0.49%) used
[0.772s][info   ][gc          ] Heap: 2048M reserved, 2048M (100.00%) committed, 205M (10.02%) used
[0.773s][info   ][gc,metaspace] Metaspace: 1088M reserved, 5632K (0.51%) committed, 5484K (0.49%) used
[0.831s][info   ][gc          ] Heap: 2048M reserved, 2048M (100.00%) committed, 307M (15.04%) used
[0.831s][info   ][gc,metaspace] Metaspace: 1088M reserved, 5632K (0.51%) committed, 5484K (0.49%) used
[0.897s][info   ][gc          ] Heap: 2048M reserved, 2048M (100.00%) committed, 411M (20.07%) used
[0.897s][info   ][gc,metaspace] Metaspace: 1088M reserved, 5632K (0.51%) committed, 5484K (0.49%) used
[0.964s][info   ][gc          ] Heap: 2048M reserved, 2048M (100.00%) committed, 514M (25.11%) used
[0.964s][info   ][gc,metaspace] Metaspace: 1088M reserved, 5696K (0.51%) committed, 5503K (0.49%) used
[1.034s][info   ][gc          ] Heap: 2048M reserved, 2048M (100.00%) committed, 616M (30.11%) used
[1.034s][info   ][gc,metaspace] Metaspace: 1088M reserved, 5696K (0.51%) committed, 5504K (0.49%) used
[1.106s][info   ][gc          ] Heap: 2048M reserved, 2048M (100.00%) committed, 720M (35.19%) used
[1.106s][info   ][gc,metaspace] Metaspace: 1088M reserved, 5696K (0.51%) committed, 5504K (0.49%) used
[1.182s][info   ][gc          ] Heap: 2048M reserved, 2048M (100.00%) committed, 824M (40.24%) used
[1.182s][info   ][gc,metaspace] Metaspace: 1088M reserved, 5696K (0.51%) committed, 5504K (0.49%) used
[1.255s][info   ][gc          ] Heap: 2048M reserved, 2048M (100.00%) committed, 927M (45.28%) used
[1.256s][info   ][gc,metaspace] Metaspace: 1088M reserved, 5696K (0.51%) committed, 5504K (0.49%) used
[1.338s][info   ][gc          ] Heap: 2048M reserved, 2048M (100.00%) committed, 1029M (50.28%) used
[1.338s][info   ][gc,metaspace] Metaspace: 1088M reserved, 5696K (0.51%) committed, 5504K (0.49%) used
[1.416s][info   ][gc          ] Heap: 2048M reserved, 2048M (100.00%) committed, 1134M (55.39%) used
[1.416s][info   ][gc,metaspace] Metaspace: 1088M reserved, 5696K (0.51%) committed, 5504K (0.49%) used
[1.498s][info   ][gc          ] Heap: 2048M reserved, 2048M (100.00%) committed, 1238M (60.46%) used
[1.498s][info   ][gc,metaspace] Metaspace: 1088M reserved, 5696K (0.51%) committed, 5504K (0.49%) used
[1.579s][info   ][gc          ] Heap: 2048M reserved, 2048M (100.00%) committed, 1342M (65.55%) used
[1.580s][info   ][gc,metaspace] Metaspace: 1088M reserved, 5696K (0.51%) committed, 5504K (0.49%) used
[1.653s][info   ][gc          ] Heap: 2048M reserved, 2048M (100.00%) committed, 1445M (70.57%) used
[1.653s][info   ][gc,metaspace] Metaspace: 1088M reserved, 5696K (0.51%) committed, 5504K (0.49%) used
[1.720s][info   ][gc          ] Heap: 2048M reserved, 2048M (100.00%) committed, 1547M (75.58%) used
[1.720s][info   ][gc,metaspace] Metaspace: 1088M reserved, 5696K (0.51%) committed, 5504K (0.49%) used
[1.796s][info   ][gc          ] Heap: 2048M reserved, 2048M (100.00%) committed, 1653M (80.72%) used
[1.796s][info   ][gc,metaspace] Metaspace: 1088M reserved, 5696K (0.51%) committed, 5504K (0.49%) used
[1.869s][info   ][gc          ] Heap: 2048M reserved, 2048M (100.00%) committed, 1757M (85.81%) used
[1.869s][info   ][gc,metaspace] Metaspace: 1088M reserved, 5696K (0.51%) committed, 5504K (0.49%) used
[1.938s][info   ][gc          ] Heap: 2048M reserved, 2048M (100.00%) committed, 1860M (90.86%) used
[1.938s][info   ][gc,metaspace] Metaspace: 1088M reserved, 5696K (0.51%) committed, 5504K (0.49%) used
[1.999s][info   ][gc          ] Heap: 2048M reserved, 2048M (100.00%) committed, 1963M (95.89%) used
[1.999s][info   ][gc,metaspace] Metaspace: 1088M reserved, 5696K (0.51%) committed, 5504K (0.49%) used
