[0.018s][info][gc] Using Epsilon
[0.021s][info][gc,init] Version: 20+36-2344 (release)
[0.021s][info][gc,init] CPUs: 48 total, 48 available
[0.021s][info][gc,init] Memory: 382G
[0.021s][info][gc,init] Large Page Support: Disabled
[0.021s][info][gc,init] NUMA Support: Disabled
[0.021s][info][gc,init] Compressed Oops: Enabled (32-bit)
[0.021s][info][gc,init] Heap Min Capacity: 6656K
[0.021s][info][gc,init] Heap Initial Capacity: 1G
[0.021s][info][gc,init] Heap Max Capacity: 1G
[0.021s][info][gc,init] Pre-touch: Disabled
[0.021s][warning][gc,init] Consider enabling -XX:+AlwaysPreTouch to avoid memory commit hiccups
[0.029s][info   ][gc,init] TLAB Size Max: 4M
[0.029s][info   ][gc,init] TLAB Size Elasticity: 1.10x
[0.029s][info   ][gc,init] TLAB Size Decay Time: 1000ms
[0.030s][info   ][gc,metaspace] CDS archive(s) mapped at: [0x0000000800000000-0x0000000800c60000-0x0000000800c60000), size 12976128, SharedBaseAddress: 0x0000000800000000, ArchiveRelocationMode: 0.
[0.030s][info   ][gc,metaspace] Compressed class space mapped at: 0x0000000801000000-0x0000000841000000, reserved size: 1073741824
[0.030s][info   ][gc,metaspace] Narrow klass base: 0x0000000800000000, Narrow klass shift: 0, Narrow klass range: 0x100000000
[0.402s][info   ][gc          ] GC request for "System.gc()" is ignored
[0.783s][info   ][gc          ] Heap: 1024M reserved, 1024M (100.00%) committed, 52485K (5.01%) used
[0.783s][info   ][gc,metaspace] Metaspace: 1088M reserved, 5632K (0.51%) committed, 5468K (0.49%) used
[0.846s][info   ][gc          ] Heap: 1024M reserved, 1024M (100.00%) committed, 102M (10.02%) used
[0.846s][info   ][gc,metaspace] Metaspace: 1088M reserved, 5632K (0.51%) committed, 5481K (0.49%) used
[0.872s][info   ][gc          ] Heap: 1024M reserved, 1024M (100.00%) committed, 153M (15.02%) used
[0.872s][info   ][gc,metaspace] Metaspace: 1088M reserved, 5632K (0.51%) committed, 5484K (0.49%) used
[0.903s][info   ][gc          ] Heap: 1024M reserved, 1024M (100.00%) committed, 205M (20.04%) used
[0.903s][info   ][gc,metaspace] Metaspace: 1088M reserved, 5632K (0.51%) committed, 5484K (0.49%) used
[0.935s][info   ][gc          ] Heap: 1024M reserved, 1024M (100.00%) committed, 256M (25.04%) used
[0.935s][info   ][gc,metaspace] Metaspace: 1088M reserved, 5632K (0.51%) committed, 5484K (0.49%) used
[0.966s][info   ][gc          ] Heap: 1024M reserved, 1024M (100.00%) committed, 307M (30.05%) used
[0.966s][info   ][gc,metaspace] Metaspace: 1088M reserved, 5632K (0.51%) committed, 5484K (0.49%) used
[0.996s][info   ][gc          ] Heap: 1024M reserved, 1024M (100.00%) committed, 359M (35.10%) used
[0.996s][info   ][gc,metaspace] Metaspace: 1088M reserved, 5632K (0.51%) committed, 5484K (0.49%) used
[1.031s][info   ][gc          ] Heap: 1024M reserved, 1024M (100.00%) committed, 410M (40.13%) used
[1.031s][info   ][gc,metaspace] Metaspace: 1088M reserved, 5632K (0.51%) committed, 5486K (0.49%) used
[1.061s][info   ][gc          ] Heap: 1024M reserved, 1024M (100.00%) committed, 462M (45.13%) used
[1.061s][info   ][gc,metaspace] Metaspace: 1088M reserved, 5696K (0.51%) committed, 5504K (0.49%) used
[1.093s][info   ][gc          ] Heap: 1024M reserved, 1024M (100.00%) committed, 513M (50.18%) used
[1.093s][info   ][gc,metaspace] Metaspace: 1088M reserved, 5696K (0.51%) committed, 5504K (0.49%) used
[1.128s][info   ][gc          ] Heap: 1024M reserved, 1024M (100.00%) committed, 565M (55.26%) used
[1.128s][info   ][gc,metaspace] Metaspace: 1088M reserved, 5696K (0.51%) committed, 5504K (0.49%) used
[1.163s][info   ][gc          ] Heap: 1024M reserved, 1024M (100.00%) committed, 617M (60.26%) used
[1.163s][info   ][gc,metaspace] Metaspace: 1088M reserved, 5696K (0.51%) committed, 5504K (0.49%) used
[1.199s][info   ][gc          ] Heap: 1024M reserved, 1024M (100.00%) committed, 668M (65.30%) used
[1.199s][info   ][gc,metaspace] Metaspace: 1088M reserved, 5696K (0.51%) committed, 5504K (0.49%) used
[1.234s][info   ][gc          ] Heap: 1024M reserved, 1024M (100.00%) committed, 720M (70.38%) used
[1.270s][info   ][gc          ] Heap: 1024M reserved, 1024M (100.00%) committed, 772M (75.48%) used
[1.302s][info   ][gc,metaspace] Metaspace: 1088M reserved, 5696K (0.51%) committed, 5504K (0.49%) used
[1.302s][info   ][gc,metaspace] Metaspace: 1088M reserved, 5696K (0.51%) committed, 5504K (0.49%) used
[1.306s][info   ][gc          ] Heap: 1024M reserved, 1024M (100.00%) committed, 824M (80.54%) used
[1.306s][info   ][gc,metaspace] Metaspace: 1088M reserved, 5696K (0.51%) committed, 5504K (0.49%) used
[1.348s][info   ][gc          ] Heap: 1024M reserved, 1024M (100.00%) committed, 877M (85.70%) used
[1.348s][info   ][gc,metaspace] Metaspace: 1088M reserved, 5696K (0.51%) committed, 5504K (0.49%) used
[1.385s][info   ][gc          ] Heap: 1024M reserved, 1024M (100.00%) committed, 928M (90.72%) used
[1.385s][info   ][gc,metaspace] Metaspace: 1088M reserved, 5696K (0.51%) committed, 5504K (0.49%) used
[1.424s][info   ][gc          ] Heap: 1024M reserved, 1024M (100.00%) committed, 980M (95.75%) used
[1.424s][info   ][gc,metaspace] Metaspace: 1088M reserved, 5696K (0.51%) committed, 5504K (0.49%) used
