[0.054s][info][gc] Using Epsilon
[0.060s][info][gc,init] Version: 20+36-2344 (release)
[0.061s][info][gc,init] CPUs: 48 total, 48 available
[0.061s][info][gc,init] Memory: 382G
[0.061s][info][gc,init] Large Page Support: Disabled
[0.061s][info][gc,init] NUMA Support: Disabled
[0.061s][info][gc,init] Compressed Oops: Enabled (Zero based)
[0.061s][info][gc,init] Heap Min Capacity: 6656K
[0.061s][info][gc,init] Heap Initial Capacity: 2G
[0.061s][info][gc,init] Heap Max Capacity: 4G
[0.061s][info][gc,init] Pre-touch: Disabled
[0.061s][warning][gc,init] Consider setting -Xms equal to -Xmx to avoid resizing hiccups
[0.072s][warning][gc,init] Consider enabling -XX:+AlwaysPreTouch to avoid memory commit hiccups
[0.072s][info   ][gc,init] TLAB Size Max: 4M
[0.072s][info   ][gc,init] TLAB Size Elasticity: 1.10x
[0.072s][info   ][gc,init] TLAB Size Decay Time: 1000ms
[0.074s][info   ][gc,metaspace] CDS archive(s) mapped at: [0x0000000800000000-0x0000000800c60000-0x0000000800c60000), size 12976128, SharedBaseAddress: 0x0000000800000000, ArchiveRelocationMode: 0.
[0.074s][info   ][gc,metaspace] Compressed class space mapped at: 0x0000000801000000-0x0000000841000000, reserved size: 1073741824
[0.074s][info   ][gc,metaspace] Narrow klass base: 0x0000000800000000, Narrow klass shift: 0, Narrow klass range: 0x100000000
[0.403s][info   ][gc          ] GC request for "System.gc()" is ignored
[0.803s][info   ][gc          ] Heap: 4096M reserved, 2048M (50.00%) committed, 205M (5.01%) used
[0.803s][info   ][gc,metaspace] Metaspace: 1088M reserved, 5632K (0.51%) committed, 5483K (0.49%) used
[0.897s][info   ][gc          ] Heap: 4096M reserved, 2048M (50.00%) committed, 410M (10.03%) used
[0.897s][info   ][gc,metaspace] Metaspace: 1088M reserved, 5696K (0.51%) committed, 5498K (0.49%) used
[0.994s][info   ][gc          ] Heap: 4096M reserved, 2048M (50.00%) committed, 616M (15.05%) used
[0.995s][info   ][gc,metaspace] Metaspace: 1088M reserved, 5696K (0.51%) committed, 5504K (0.49%) used
[1.097s][info   ][gc          ] Heap: 4096M reserved, 2048M (50.00%) committed, 822M (20.08%) used
[1.097s][info   ][gc,metaspace] Metaspace: 1088M reserved, 5696K (0.51%) committed, 5504K (0.49%) used
[1.206s][info   ][gc          ] Heap: 4096M reserved, 2048M (50.00%) committed, 1029M (25.12%) used
[1.206s][info   ][gc,metaspace] Metaspace: 1088M reserved, 5696K (0.51%) committed, 5504K (0.49%) used
[1.339s][info   ][gc          ] Heap: 4096M reserved, 2048M (50.00%) committed, 1234M (30.14%) used
[1.339s][info   ][gc,metaspace] Metaspace: 1088M reserved, 5696K (0.51%) committed, 5504K (0.49%) used
[1.459s][info   ][gc          ] Heap: 4096M reserved, 2048M (50.00%) committed, 1441M (35.19%) used
[1.459s][info   ][gc,metaspace] Metaspace: 1088M reserved, 5696K (0.51%) committed, 5504K (0.49%) used
[1.564s][info   ][gc          ] Heap: 4096M reserved, 2048M (50.00%) committed, 1649M (40.26%) used
[1.564s][info   ][gc,metaspace] Metaspace: 1088M reserved, 5696K (0.51%) committed, 5504K (0.49%) used
[1.662s][info   ][gc          ] Heap: 4096M reserved, 2048M (50.00%) committed, 1854M (45.27%) used
[1.662s][info   ][gc,metaspace] Metaspace: 1088M reserved, 5696K (0.51%) committed, 5504K (0.49%) used
[1.741s][info   ][gc          ] Heap: 4096M reserved, 2176M (53.13%) committed, 2061M (50.33%) used
[1.741s][info   ][gc,metaspace] Metaspace: 1088M reserved, 5696K (0.51%) committed, 5504K (0.49%) used
[1.931s][info   ][gc,heap,exit] Heap
[1.931s][info   ][gc,heap,exit] Epsilon Heap
[1.931s][info   ][gc,heap,exit] Allocation space:
[1.931s][info   ][gc,heap,exit]  space 2359296K,  96% used [0x0000000700000000, 0x000000078b975fb8, 0x0000000790000000)
[1.931s][info   ][gc,heap,exit]  Metaspace       used 5540K, committed 5760K, reserved 1114112K
[1.931s][info   ][gc,heap,exit]   class space    used 526K, committed 640K, reserved 1048576K
[1.931s][info   ][gc          ] Heap: 4096M reserved, 2304M (56.25%) committed, 2233M (54.53%) used
[1.931s][info   ][gc,metaspace] Metaspace: 1088M reserved, 5760K (0.52%) committed, 5540K (0.50%) used
