[0.018s][info][gc] Using Epsilon
[0.019s][info][gc,init] Version: 20+36-2344 (release)
[0.019s][info][gc,init] CPUs: 48 total, 48 available
[0.019s][info][gc,init] Memory: 382G
[0.019s][info][gc,init] Large Page Support: Disabled
[0.019s][info][gc,init] NUMA Support: Disabled
[0.019s][info][gc,init] Compressed Oops: Enabled (32-bit)
[0.019s][info][gc,init] Heap Min Capacity: 6656K
[0.019s][info][gc,init] Heap Initial Capacity: 512M
[0.019s][info][gc,init] Heap Max Capacity: 512M
[0.019s][info][gc,init] Pre-touch: Disabled
[0.020s][warning][gc,init] Consider enabling -XX:+AlwaysPreTouch to avoid memory commit hiccups
[0.053s][info   ][gc,init] TLAB Size Max: 4M
[0.053s][info   ][gc,init] TLAB Size Elasticity: 1.10x
[0.053s][info   ][gc,init] TLAB Size Decay Time: 1000ms
[0.055s][info   ][gc,metaspace] CDS archive(s) mapped at: [0x0000000800000000-0x0000000800c60000-0x0000000800c60000), size 12976128, SharedBaseAddress: 0x0000000800000000, ArchiveRelocationMode: 0.
[0.055s][info   ][gc,metaspace] Compressed class space mapped at: 0x0000000801000000-0x0000000841000000, reserved size: 1073741824
[0.055s][info   ][gc,metaspace] Narrow klass base: 0x0000000800000000, Narrow klass shift: 0, Narrow klass range: 0x100000000
[0.482s][info   ][gc          ] GC request for "System.gc()" is ignored
[0.693s][info   ][gc          ] Heap: 512M reserved, 512M (100.00%) committed, 26260K (5.01%) used
[0.693s][info   ][gc,metaspace] Metaspace: 1088M reserved, 5568K (0.50%) committed, 5387K (0.48%) used
[0.762s][info   ][gc          ] Heap: 512M reserved, 512M (100.00%) committed, 52556K (10.02%) used
[0.763s][info   ][gc,metaspace] Metaspace: 1088M reserved, 5632K (0.51%) committed, 5470K (0.49%) used
[0.811s][info   ][gc          ] Heap: 512M reserved, 512M (100.00%) committed, 78853K (15.04%) used
[0.811s][info   ][gc,metaspace] Metaspace: 1088M reserved, 5632K (0.51%) committed, 5482K (0.49%) used
[0.825s][info   ][gc          ] Heap: 512M reserved, 512M (100.00%) committed, 102M (20.04%) used
[0.825s][info   ][gc,metaspace] Metaspace: 1088M reserved, 5632K (0.51%) committed, 5483K (0.49%) used
[0.836s][info   ][gc          ] Heap: 512M reserved, 512M (100.00%) committed, 128M (25.04%) used
[0.836s][info   ][gc,metaspace] Metaspace: 1088M reserved, 5632K (0.51%) committed, 5483K (0.49%) used
[0.847s][info   ][gc          ] Heap: 512M reserved, 512M (100.00%) committed, 154M (30.10%) used
[0.847s][info   ][gc,metaspace] Metaspace: 1088M reserved, 5632K (0.51%) committed, 5485K (0.49%) used
[0.859s][info   ][gc          ] Heap: 512M reserved, 512M (100.00%) committed, 179M (35.13%) used
[0.859s][info   ][gc,metaspace] Metaspace: 1088M reserved, 5632K (0.51%) committed, 5485K (0.49%) used
[0.875s][info   ][gc          ] Heap: 512M reserved, 512M (100.00%) committed, 205M (40.13%) used
[0.875s][info   ][gc,metaspace] Metaspace: 1088M reserved, 5632K (0.51%) committed, 5485K (0.49%) used
[0.892s][info   ][gc          ] Heap: 512M reserved, 512M (100.00%) committed, 231M (45.15%) used
[0.892s][info   ][gc,metaspace] Metaspace: 1088M reserved, 5632K (0.51%) committed, 5485K (0.49%) used
[0.905s][info   ][gc          ] Heap: 512M reserved, 512M (100.00%) committed, 257M (50.25%) used
[0.905s][info   ][gc,metaspace] Metaspace: 1088M reserved, 5632K (0.51%) committed, 5485K (0.49%) used
[0.919s][info   ][gc          ] Heap: 512M reserved, 512M (100.00%) committed, 283M (55.32%) used
[0.919s][info   ][gc,metaspace] Metaspace: 1088M reserved, 5632K (0.51%) committed, 5485K (0.49%) used
[0.935s][info   ][gc          ] Heap: 512M reserved, 512M (100.00%) committed, 309M (60.50%) used
[0.935s][info   ][gc,metaspace] Metaspace: 1088M reserved, 5632K (0.51%) committed, 5485K (0.49%) used
[0.950s][info   ][gc          ] Heap: 512M reserved, 512M (100.00%) committed, 335M (65.60%) used
[0.950s][info   ][gc,metaspace] Metaspace: 1088M reserved, 5632K (0.51%) committed, 5485K (0.49%) used
[0.966s][info   ][gc          ] Heap: 512M reserved, 512M (100.00%) committed, 361M (70.62%) used
[0.966s][info   ][gc,metaspace] Metaspace: 1088M reserved, 5632K (0.51%) committed, 5486K (0.49%) used
[0.982s][info   ][gc          ] Heap: 512M reserved, 512M (100.00%) committed, 387M (75.70%) used
[0.982s][info   ][gc,metaspace] Metaspace: 1088M reserved, 5632K (0.51%) committed, 5487K (0.49%) used
[0.998s][info   ][gc          ] Heap: 512M reserved, 512M (100.00%) committed, 413M (80.78%) used
[0.998s][info   ][gc,metaspace] Metaspace: 1088M reserved, 5696K (0.51%) committed, 5500K (0.49%) used
[1.015s][info   ][gc          ] Heap: 512M reserved, 512M (100.00%) committed, 439M (85.90%) used
[1.015s][info   ][gc,metaspace] Metaspace: 1088M reserved, 5696K (0.51%) committed, 5505K (0.49%) used
[1.029s][info   ][gc          ] Heap: 512M reserved, 512M (100.00%) committed, 466M (91.03%) used
[1.029s][info   ][gc,metaspace] Metaspace: 1088M reserved, 5696K (0.51%) committed, 5505K (0.49%) used
[1.049s][info   ][gc          ] Heap: 512M reserved, 512M (100.00%) committed, 492M (96.18%) used
[1.049s][info   ][gc          ] Heap: 512M reserved, 512M (100.00%) committed, 491M (95.99%) used
[1.049s][info   ][gc,metaspace] Metaspace: 1088M reserved, 5696K (0.51%) committed, 5505K (0.49%) used
[1.049s][info   ][gc,metaspace] Metaspace: 1088M reserved, 5696K (0.51%) committed, 5505K (0.49%) used
