[0.016s][info][gc,init] CardTable entry size: 512
[0.017s][info][gc     ] Using G1
[0.032s][info][gc,init] Version: 20+36-2344 (release)
[0.032s][info][gc,init] CPUs: 48 total, 48 available
[0.032s][info][gc,init] Memory: 382G
[0.032s][info][gc,init] Large Page Support: Disabled
[0.032s][info][gc,init] NUMA Support: Disabled
[0.032s][info][gc,init] Compressed Oops: Enabled (Zero based)
[0.032s][info][gc,init] Heap Region Size: 2M
[0.032s][info][gc,init] Heap Min Capacity: 8M
[0.032s][info][gc,init] Heap Initial Capacity: 2G
[0.032s][info][gc,init] Heap Max Capacity: 4G
[0.040s][info][gc,init] Pre-touch: Disabled
[0.040s][info][gc,init] Parallel Workers: 33
[0.040s][info][gc,init] Concurrent Workers: 8
[0.040s][info][gc,init] Concurrent Refinement Workers: 33
[0.040s][info][gc,init] Periodic GC: Disabled
[0.041s][info][gc,metaspace] CDS archive(s) mapped at: [0x0000000800000000-0x0000000800c60000-0x0000000800c60000), size 12976128, SharedBaseAddress: 0x0000000800000000, ArchiveRelocationMode: 0.
[0.041s][info][gc,metaspace] Compressed class space mapped at: 0x0000000801000000-0x0000000841000000, reserved size: 1073741824
[0.041s][info][gc,metaspace] Narrow klass base: 0x0000000800000000, Narrow klass shift: 0, Narrow klass range: 0x100000000
[0.365s][info][gc,start    ] GC(0) Pause Full (System.gc())
[0.366s][info][gc,task     ] GC(0) Using 7 workers of 33 for full compaction
[0.366s][info][gc,phases,start] GC(0) Phase 1: Mark live objects
[0.369s][info][gc,phases      ] GC(0) Phase 1: Mark live objects 2.597ms
[0.369s][info][gc,phases,start] GC(0) Phase 2: Prepare compaction
[0.371s][info][gc,phases      ] GC(0) Phase 2: Prepare compaction 2.165ms
[0.371s][info][gc,phases,start] GC(0) Phase 3: Adjust pointers
[0.373s][info][gc,phases      ] GC(0) Phase 3: Adjust pointers 1.421ms
[0.373s][info][gc,phases,start] GC(0) Phase 4: Compact heap
[0.374s][info][gc,phases      ] GC(0) Phase 4: Compact heap 1.583ms
[0.384s][info][gc,heap        ] GC(0) Eden regions: 7->0(8)
[0.384s][info][gc,heap        ] GC(0) Survivor regions: 0->0(0)
[0.384s][info][gc,heap        ] GC(0) Old regions: 0->7
[0.384s][info][gc,heap        ] GC(0) Archive regions: 0->0
[0.384s][info][gc,heap        ] GC(0) Humongous regions: 0->0
[0.384s][info][gc,metaspace   ] GC(0) Metaspace: 3348K(3584K)->3348K(3584K) NonClass: 3027K(3136K)->3027K(3136K) Class: 320K(448K)->320K(448K)
[0.384s][info][gc             ] GC(0) Pause Full (System.gc()) 14M->1M(48M) 19.279ms
[0.384s][info][gc,cpu         ] GC(0) User=0.03s Sys=0.08s Real=0.02s
[0.499s][info][gc,start       ] GC(1) Pause Young (Normal) (G1 Evacuation Pause)
[0.501s][info][gc,task        ] GC(1) Using 33 workers of 33 for evacuation
[0.508s][info][gc,phases      ] GC(1)   Pre Evacuate Collection Set: 0.1ms
[0.508s][info][gc,phases      ] GC(1)   Merge Heap Roots: 0.2ms
[0.508s][info][gc,phases      ] GC(1)   Evacuate Collection Set: 5.6ms
[0.508s][info][gc,phases      ] GC(1)   Post Evacuate Collection Set: 0.7ms
[0.508s][info][gc,phases      ] GC(1)   Other: 1.9ms
[0.508s][info][gc,heap        ] GC(1) Eden regions: 8->0(5)
[0.508s][info][gc,heap        ] GC(1) Survivor regions: 0->1(1)
[0.508s][info][gc,heap        ] GC(1) Old regions: 7->9
[0.508s][info][gc,heap        ] GC(1) Archive regions: 0->0
[0.508s][info][gc,heap        ] GC(1) Humongous regions: 0->0
[0.508s][info][gc,metaspace   ] GC(1) Metaspace: 5289K(5568K)->5289K(5568K) NonClass: 4776K(4928K)->4776K(4928K) Class: 513K(640K)->513K(640K)
[0.508s][info][gc             ] GC(1) Pause Young (Normal) (G1 Evacuation Pause) 17M->6M(48M) 9.062ms
[0.508s][info][gc,cpu         ] GC(1) User=0.20s Sys=0.33s Real=0.01s
[0.681s][info][gc,start       ] GC(2) Pause Young (Normal) (G1 Evacuation Pause)
[0.681s][info][gc,task        ] GC(2) Using 33 workers of 33 for evacuation
[0.684s][info][gc,phases      ] GC(2)   Pre Evacuate Collection Set: 0.1ms
[0.684s][info][gc,phases      ] GC(2)   Merge Heap Roots: 0.1ms
[0.684s][info][gc,phases      ] GC(2)   Evacuate Collection Set: 1.7ms
[0.684s][info][gc,phases      ] GC(2)   Post Evacuate Collection Set: 0.4ms
[0.684s][info][gc,phases      ] GC(2)   Other: 0.1ms
[0.684s][info][gc,heap        ] GC(2) Eden regions: 5->0(7)
[0.684s][info][gc,heap        ] GC(2) Survivor regions: 1->1(1)
[0.684s][info][gc,heap        ] GC(2) Old regions: 9->9
[0.684s][info][gc,heap        ] GC(2) Archive regions: 0->0
[0.684s][info][gc,heap        ] GC(2) Humongous regions: 0->0
[0.684s][info][gc,metaspace   ] GC(2) Metaspace: 5371K(5632K)->5371K(5632K) NonClass: 4851K(4992K)->4851K(4992K) Class: 519K(640K)->519K(640K)
[0.684s][info][gc             ] GC(2) Pause Young (Normal) (G1 Evacuation Pause) 16M->6M(48M) 3.107ms
[0.684s][info][gc,cpu         ] GC(2) User=0.00s Sys=0.00s Real=0.00s
[0.700s][info][gc,start       ] GC(3) Pause Young (Normal) (G1 Evacuation Pause)
[0.700s][info][gc,task        ] GC(3) Using 33 workers of 33 for evacuation
[0.712s][info][gc,phases      ] GC(3)   Pre Evacuate Collection Set: 0.1ms
[0.712s][info][gc,phases      ] GC(3)   Merge Heap Roots: 0.1ms
[0.712s][info][gc,phases      ] GC(3)   Evacuate Collection Set: 11.3ms
[0.712s][info][gc,phases      ] GC(3)   Post Evacuate Collection Set: 0.3ms
[0.712s][info][gc,phases      ] GC(3)   Other: 0.1ms
[0.712s][info][gc,heap        ] GC(3) Eden regions: 7->0(2)
[0.712s][info][gc,heap        ] GC(3) Survivor regions: 1->1(1)
[0.712s][info][gc,heap        ] GC(3) Old regions: 9->16
[0.712s][info][gc,heap        ] GC(3) Archive regions: 0->0
[0.712s][info][gc,heap        ] GC(3) Humongous regions: 0->0
[0.712s][info][gc,metaspace   ] GC(3) Metaspace: 5393K(5632K)->5393K(5632K) NonClass: 4872K(4992K)->4872K(4992K) Class: 521K(640K)->521K(640K)
[0.712s][info][gc             ] GC(3) Pause Young (Normal) (G1 Evacuation Pause) 20M->20M(50M) 12.146ms
[0.712s][info][gc,cpu         ] GC(3) User=0.06s Sys=0.47s Real=0.02s
[0.737s][info][gc,start       ] GC(4) Pause Young (Concurrent Start) (G1 Evacuation Pause)
[0.737s][info][gc,task        ] GC(4) Using 33 workers of 33 for evacuation
[0.742s][info][gc,phases      ] GC(4)   Pre Evacuate Collection Set: 0.2ms
[0.742s][info][gc,phases      ] GC(4)   Merge Heap Roots: 0.1ms
[0.742s][info][gc,phases      ] GC(4)   Evacuate Collection Set: 1.3ms
[0.742s][info][gc,phases      ] GC(4)   Post Evacuate Collection Set: 3.5ms
[0.742s][info][gc,phases      ] GC(4)   Other: 0.1ms
[0.742s][info][gc,heap        ] GC(4) Eden regions: 2->0(30)
[0.742s][info][gc,heap        ] GC(4) Survivor regions: 1->1(1)
[0.742s][info][gc,heap        ] GC(4) Old regions: 16->17
[0.742s][info][gc,heap        ] GC(4) Archive regions: 0->0
[0.742s][info][gc,heap        ] GC(4) Humongous regions: 0->0
[0.742s][info][gc,metaspace   ] GC(4) Metaspace: 5418K(5696K)->5418K(5696K) NonClass: 4897K(5056K)->4897K(5056K) Class: 521K(640K)->521K(640K)
[0.742s][info][gc             ] GC(4) Pause Young (Concurrent Start) (G1 Evacuation Pause) 24M->22M(1050M) 5.430ms
[0.742s][info][gc             ] GC(5) Concurrent Mark Cycle
[0.742s][info][gc,cpu         ] GC(4) User=0.02s Sys=0.02s Real=0.01s
[0.742s][info][gc,marking     ] GC(5) Concurrent Scan Root Regions
[0.748s][info][gc,marking     ] GC(5) Concurrent Scan Root Regions 6.173ms
[0.749s][info][gc,marking     ] GC(5) Concurrent Mark
[0.749s][info][gc,marking     ] GC(5) Concurrent Mark From Roots
[0.749s][info][gc,task        ] GC(5) Using 8 workers of 8 for marking
[0.818s][info][gc,marking     ] GC(5) Concurrent Mark From Roots 69.037ms
[0.818s][info][gc,marking     ] GC(5) Concurrent Preclean
[0.818s][info][gc,marking     ] GC(5) Concurrent Preclean 0.040ms
[0.818s][info][gc,start       ] GC(5) Pause Remark
[0.819s][info][gc             ] GC(5) Pause Remark 56M->56M(240M) 1.237ms
[0.819s][info][gc,cpu         ] GC(5) User=0.00s Sys=0.00s Real=0.00s
[0.819s][info][gc,marking     ] GC(5) Concurrent Mark 70.747ms
[0.819s][info][gc,marking     ] GC(5) Concurrent Rebuild Remembered Sets and Scrub Regions
[0.821s][info][gc,marking     ] GC(5) Concurrent Rebuild Remembered Sets and Scrub Regions 1.768ms
[0.821s][info][gc,start       ] GC(5) Pause Cleanup
[0.821s][info][gc             ] GC(5) Pause Cleanup 58M->58M(240M) 0.178ms
[0.821s][info][gc,cpu         ] GC(5) User=0.00s Sys=0.00s Real=0.00s
[0.823s][info][gc,marking     ] GC(5) Concurrent Clear Claimed Marks
[0.823s][info][gc,marking     ] GC(5) Concurrent Clear Claimed Marks 0.031ms
[0.823s][info][gc,marking     ] GC(5) Concurrent Cleanup for Next Mark
[0.825s][info][gc,marking     ] GC(5) Concurrent Cleanup for Next Mark 1.496ms
[0.825s][info][gc             ] GC(5) Concurrent Mark Cycle 82.722ms
[0.849s][info][gc,start       ] GC(6) Pause Young (Prepare Mixed) (G1 Evacuation Pause)
[0.849s][info][gc,task        ] GC(6) Using 33 workers of 33 for evacuation
[0.851s][info][gc,phases      ] GC(6)   Pre Evacuate Collection Set: 0.1ms
[0.851s][info][gc,phases      ] GC(6)   Merge Heap Roots: 0.1ms
[0.851s][info][gc,phases      ] GC(6)   Evacuate Collection Set: 1.5ms
[0.851s][info][gc,phases      ] GC(6)   Post Evacuate Collection Set: 0.3ms
[0.851s][info][gc,phases      ] GC(6)   Other: 0.1ms
[0.851s][info][gc,heap        ] GC(6) Eden regions: 30->0(71)
[0.851s][info][gc,heap        ] GC(6) Survivor regions: 1->1(4)
[0.851s][info][gc,heap        ] GC(6) Old regions: 17->17
[0.851s][info][gc,heap        ] GC(6) Archive regions: 0->0
[0.851s][info][gc,heap        ] GC(6) Humongous regions: 0->0
[0.851s][info][gc,metaspace   ] GC(6) Metaspace: 5460K(5696K)->5460K(5696K) NonClass: 4939K(5056K)->4939K(5056K) Class: 521K(640K)->521K(640K)
[0.851s][info][gc             ] GC(6) Pause Young (Prepare Mixed) (G1 Evacuation Pause) 82M->23M(240M) 2.255ms
[0.851s][info][gc,cpu         ] GC(6) User=0.00s Sys=0.00s Real=0.00s
[0.934s][info][gc,start       ] GC(7) Pause Young (Mixed) (G1 Evacuation Pause)
[0.934s][info][gc,task        ] GC(7) Using 33 workers of 33 for evacuation
[0.938s][info][gc,phases      ] GC(7)   Pre Evacuate Collection Set: 0.2ms
[0.938s][info][gc,phases      ] GC(7)   Merge Heap Roots: 0.1ms
[0.938s][info][gc,phases      ] GC(7)   Evacuate Collection Set: 2.4ms
[0.938s][info][gc,phases      ] GC(7)   Post Evacuate Collection Set: 0.4ms
[0.938s][info][gc,phases      ] GC(7)   Other: 0.1ms
[0.938s][info][gc,heap        ] GC(7) Eden regions: 71->0(70)
[0.938s][info][gc,heap        ] GC(7) Survivor regions: 1->2(9)
[0.938s][info][gc,heap        ] GC(7) Old regions: 17->16
[0.938s][info][gc,heap        ] GC(7) Archive regions: 0->0
[0.938s][info][gc,heap        ] GC(7) Humongous regions: 0->0
[0.938s][info][gc,metaspace   ] GC(7) Metaspace: 5463K(5696K)->5463K(5696K) NonClass: 4942K(5056K)->4942K(5056K) Class: 521K(640K)->521K(640K)
[0.938s][info][gc             ] GC(7) Pause Young (Mixed) (G1 Evacuation Pause) 165M->23M(240M) 3.446ms
[0.938s][info][gc,cpu         ] GC(7) User=0.00s Sys=0.00s Real=0.00s
[0.966s][info][gc,start       ] GC(8) Pause Young (Normal) (G1 Evacuation Pause)
[0.966s][info][gc,task        ] GC(8) Using 33 workers of 33 for evacuation
[0.968s][info][gc,phases      ] GC(8)   Pre Evacuate Collection Set: 0.2ms
[0.968s][info][gc,phases      ] GC(8)   Merge Heap Roots: 0.1ms
[0.968s][info][gc,phases      ] GC(8)   Evacuate Collection Set: 1.2ms
[0.968s][info][gc,phases      ] GC(8)   Post Evacuate Collection Set: 0.3ms
[0.968s][info][gc,phases      ] GC(8)   Other: 0.1ms
[0.968s][info][gc,heap        ] GC(8) Eden regions: 70->0(70)
[0.968s][info][gc,heap        ] GC(8) Survivor regions: 2->2(9)
[0.968s][info][gc,heap        ] GC(8) Old regions: 16->16
[0.968s][info][gc,heap        ] GC(8) Archive regions: 0->0
[0.968s][info][gc,heap        ] GC(8) Humongous regions: 0->0
[0.968s][info][gc,metaspace   ] GC(8) Metaspace: 5473K(5760K)->5473K(5760K) NonClass: 4951K(5120K)->4951K(5120K) Class: 521K(640K)->521K(640K)
[0.968s][info][gc             ] GC(8) Pause Young (Normal) (G1 Evacuation Pause) 163M->24M(240M) 2.179ms
[0.968s][info][gc,cpu         ] GC(8) User=0.00s Sys=0.00s Real=0.00s
[0.994s][info][gc,start       ] GC(9) Pause Young (Normal) (G1 Evacuation Pause)
[0.994s][info][gc,task        ] GC(9) Using 33 workers of 33 for evacuation
[1.001s][info][gc,phases      ] GC(9)   Pre Evacuate Collection Set: 0.1ms
[1.001s][info][gc,phases      ] GC(9)   Merge Heap Roots: 0.2ms
[1.001s][info][gc,phases      ] GC(9)   Evacuate Collection Set: 1.8ms
[1.001s][info][gc,phases      ] GC(9)   Post Evacuate Collection Set: 4.3ms
[1.001s][info][gc,phases      ] GC(9)   Other: 0.1ms
[1.001s][info][gc,heap        ] GC(9) Eden regions: 70->0(340)
[1.001s][info][gc,heap        ] GC(9) Survivor regions: 2->3(9)
[1.001s][info][gc,heap        ] GC(9) Old regions: 16->16
[1.001s][info][gc,heap        ] GC(9) Archive regions: 0->0
[1.001s][info][gc,heap        ] GC(9) Humongous regions: 0->0
[1.001s][info][gc,metaspace   ] GC(9) Metaspace: 5481K(5760K)->5481K(5760K) NonClass: 4960K(5120K)->4960K(5120K) Class: 521K(640K)->521K(640K)
[1.001s][info][gc             ] GC(9) Pause Young (Normal) (G1 Evacuation Pause) 164M->25M(1144M) 6.755ms
[1.001s][info][gc,cpu         ] GC(9) User=0.05s Sys=0.00s Real=0.02s
[1.386s][info][gc,start       ] GC(10) Pause Young (Normal) (G1 Evacuation Pause)
[1.386s][info][gc,task        ] GC(10) Using 33 workers of 33 for evacuation
[1.392s][info][gc,phases      ] GC(10)   Pre Evacuate Collection Set: 0.2ms
[1.392s][info][gc,phases      ] GC(10)   Merge Heap Roots: 0.2ms
[1.392s][info][gc,phases      ] GC(10)   Evacuate Collection Set: 5.5ms
[1.392s][info][gc,phases      ] GC(10)   Post Evacuate Collection Set: 0.5ms
[1.392s][info][gc,phases      ] GC(10)   Other: 0.2ms
[1.392s][info][gc,heap        ] GC(10) Eden regions: 340->0(338)
[1.392s][info][gc,heap        ] GC(10) Survivor regions: 3->5(43)
[1.392s][info][gc,heap        ] GC(10) Old regions: 16->16
[1.392s][info][gc,heap        ] GC(10) Archive regions: 0->0
[1.392s][info][gc,heap        ] GC(10) Humongous regions: 0->0
[1.392s][info][gc,metaspace   ] GC(10) Metaspace: 5483K(5760K)->5483K(5760K) NonClass: 4961K(5120K)->4961K(5120K) Class: 522K(640K)->522K(640K)
[1.392s][info][gc             ] GC(10) Pause Young (Normal) (G1 Evacuation Pause) 705M->30M(1144M) 6.766ms
[1.392s][info][gc,cpu         ] GC(10) User=0.08s Sys=0.44s Real=0.02s
[1.558s][info][gc,start       ] GC(11) Pause Young (Normal) (G1 Evacuation Pause)
[1.558s][info][gc,task        ] GC(11) Using 33 workers of 33 for evacuation
[1.563s][info][gc,phases      ] GC(11)   Pre Evacuate Collection Set: 0.2ms
[1.563s][info][gc,phases      ] GC(11)   Merge Heap Roots: 0.3ms
[1.563s][info][gc,phases      ] GC(11)   Evacuate Collection Set: 3.5ms
[1.563s][info][gc,phases      ] GC(11)   Post Evacuate Collection Set: 0.5ms
[1.563s][info][gc,phases      ] GC(11)   Other: 0.1ms
[1.563s][info][gc,heap        ] GC(11) Eden regions: 338->0(338)
[1.563s][info][gc,heap        ] GC(11) Survivor regions: 5->5(43)
[1.563s][info][gc,heap        ] GC(11) Old regions: 16->16
[1.563s][info][gc,heap        ] GC(11) Archive regions: 0->0
[1.563s][info][gc,heap        ] GC(11) Humongous regions: 0->0
[1.563s][info][gc,metaspace   ] GC(11) Metaspace: 5483K(5760K)->5483K(5760K) NonClass: 4961K(5120K)->4961K(5120K) Class: 522K(640K)->522K(640K)
[1.563s][info][gc             ] GC(11) Pause Young (Normal) (G1 Evacuation Pause) 706M->29M(1144M) 4.794ms
[1.563s][info][gc,cpu         ] GC(11) User=0.39s Sys=0.03s Real=0.02s
[1.823s][info][gc,heap,exit   ] Heap
[1.823s][info][gc,heap,exit   ]  garbage-first heap   total 1171456K, used 354289K [0x0000000700000000, 0x0000000800000000)
[1.823s][info][gc,heap,exit   ]   region size 2048K, 164 young (335872K), 5 survivors (10240K)
[1.823s][info][gc,heap,exit   ]  Metaspace       used 5513K, committed 5760K, reserved 1114112K
[1.823s][info][gc,heap,exit   ]   class space    used 525K, committed 640K, reserved 1048576K
