[0.016s][info][gc,init] CardTable entry size: 512
[0.017s][info][gc     ] Using G1
[0.025s][info][gc,init] Version: 20+36-2344 (release)
[0.025s][info][gc,init] CPUs: 48 total, 48 available
[0.025s][info][gc,init] Memory: 382G
[0.025s][info][gc,init] Large Page Support: Disabled
[0.025s][info][gc,init] NUMA Support: Disabled
[0.025s][info][gc,init] Compressed Oops: Enabled (32-bit)
[0.025s][info][gc,init] Heap Region Size: 1M
[0.025s][info][gc,init] Heap Min Capacity: 8M
[0.025s][info][gc,init] Heap Initial Capacity: 512M
[0.025s][info][gc,init] Heap Max Capacity: 512M
[0.034s][info][gc,init] Pre-touch: Disabled
[0.034s][info][gc,init] Parallel Workers: 33
[0.034s][info][gc,init] Concurrent Workers: 8
[0.034s][info][gc,init] Concurrent Refinement Workers: 33
[0.034s][info][gc,init] Periodic GC: Disabled
[0.036s][info][gc,metaspace] CDS archive(s) mapped at: [0x0000000800000000-0x0000000800c60000-0x0000000800c60000), size 12976128, SharedBaseAddress: 0x0000000800000000, ArchiveRelocationMode: 0.
[0.036s][info][gc,metaspace] Compressed class space mapped at: 0x0000000801000000-0x0000000841000000, reserved size: 1073741824
[0.036s][info][gc,metaspace] Narrow klass base: 0x0000000800000000, Narrow klass shift: 0, Narrow klass range: 0x100000000
[0.409s][info][gc,start    ] GC(0) Pause Full (System.gc())
[0.410s][info][gc,task     ] GC(0) Using 10 workers of 33 for full compaction
[0.410s][info][gc,phases,start] GC(0) Phase 1: Mark live objects
[0.413s][info][gc,phases      ] GC(0) Phase 1: Mark live objects 2.762ms
[0.413s][info][gc,phases,start] GC(0) Phase 2: Prepare compaction
[0.414s][info][gc,phases      ] GC(0) Phase 2: Prepare compaction 0.992ms
[0.414s][info][gc,phases,start] GC(0) Phase 3: Adjust pointers
[0.416s][info][gc,phases      ] GC(0) Phase 3: Adjust pointers 1.240ms
[0.416s][info][gc,phases,start] GC(0) Phase 4: Compact heap
[0.416s][info][gc,phases      ] GC(0) Phase 4: Compact heap 0.893ms
[0.422s][info][gc,heap        ] GC(0) Eden regions: 10->0(10)
[0.422s][info][gc,heap        ] GC(0) Survivor regions: 0->0(0)
[0.422s][info][gc,heap        ] GC(0) Old regions: 0->9
[0.422s][info][gc,heap        ] GC(0) Archive regions: 0->0
[0.422s][info][gc,heap        ] GC(0) Humongous regions: 0->0
[0.422s][info][gc,metaspace   ] GC(0) Metaspace: 3347K(3584K)->3347K(3584K) NonClass: 3026K(3136K)->3026K(3136K) Class: 320K(448K)->320K(448K)
[0.422s][info][gc             ] GC(0) Pause Full (System.gc()) 9M->1M(30M) 12.719ms
[0.422s][info][gc,cpu         ] GC(0) User=0.03s Sys=0.00s Real=0.01s
[0.526s][info][gc,start       ] GC(1) Pause Young (Normal) (G1 Evacuation Pause)
[0.528s][info][gc,task        ] GC(1) Using 33 workers of 33 for evacuation
[0.533s][info][gc,phases      ] GC(1)   Pre Evacuate Collection Set: 0.1ms
[0.533s][info][gc,phases      ] GC(1)   Merge Heap Roots: 0.1ms
[0.533s][info][gc,phases      ] GC(1)   Evacuate Collection Set: 4.6ms
[0.533s][info][gc,phases      ] GC(1)   Post Evacuate Collection Set: 0.7ms
[0.534s][info][gc,phases      ] GC(1)   Other: 1.9ms
[0.534s][info][gc,heap        ] GC(1) Eden regions: 10->0(5)
[0.534s][info][gc,heap        ] GC(1) Survivor regions: 0->2(2)
[0.534s][info][gc,heap        ] GC(1) Old regions: 9->11
[0.534s][info][gc,heap        ] GC(1) Archive regions: 0->0
[0.534s][info][gc,heap        ] GC(1) Humongous regions: 0->0
[0.534s][info][gc,metaspace   ] GC(1) Metaspace: 5232K(5504K)->5232K(5504K) NonClass: 4721K(4864K)->4721K(4864K) Class: 510K(640K)->510K(640K)
[0.534s][info][gc             ] GC(1) Pause Young (Normal) (G1 Evacuation Pause) 11M->5M(30M) 8.005ms
[0.534s][info][gc,cpu         ] GC(1) User=0.00s Sys=0.00s Real=0.01s
[0.614s][info][gc,start       ] GC(2) Pause Young (Normal) (G1 Evacuation Pause)
[0.614s][info][gc,task        ] GC(2) Using 33 workers of 33 for evacuation
[0.618s][info][gc,phases      ] GC(2)   Pre Evacuate Collection Set: 0.1ms
[0.618s][info][gc,phases      ] GC(2)   Merge Heap Roots: 0.1ms
[0.618s][info][gc,phases      ] GC(2)   Evacuate Collection Set: 3.0ms
[0.618s][info][gc,phases      ] GC(2)   Post Evacuate Collection Set: 0.4ms
[0.618s][info][gc,phases      ] GC(2)   Other: 0.1ms
[0.618s][info][gc,heap        ] GC(2) Eden regions: 5->0(6)
[0.618s][info][gc,heap        ] GC(2) Survivor regions: 2->1(1)
[0.618s][info][gc,heap        ] GC(2) Old regions: 11->13
[0.618s][info][gc,heap        ] GC(2) Archive regions: 0->0
[0.618s][info][gc,heap        ] GC(2) Humongous regions: 0->0
[0.618s][info][gc,metaspace   ] GC(2) Metaspace: 5299K(5568K)->5299K(5568K) NonClass: 4786K(4928K)->4786K(4928K) Class: 513K(640K)->513K(640K)
[0.618s][info][gc             ] GC(2) Pause Young (Normal) (G1 Evacuation Pause) 10M->6M(30M) 4.359ms
[0.618s][info][gc,cpu         ] GC(2) User=0.00s Sys=0.00s Real=0.01s
[0.657s][info][gc,start       ] GC(3) Pause Young (Normal) (G1 Evacuation Pause)
[0.657s][info][gc,task        ] GC(3) Using 30 workers of 33 for evacuation
[0.659s][info][gc,phases      ] GC(3)   Pre Evacuate Collection Set: 0.1ms
[0.659s][info][gc,phases      ] GC(3)   Merge Heap Roots: 0.1ms
[0.659s][info][gc,phases      ] GC(3)   Evacuate Collection Set: 1.4ms
[0.659s][info][gc,phases      ] GC(3)   Post Evacuate Collection Set: 0.4ms
[0.659s][info][gc,phases      ] GC(3)   Other: 0.1ms
[0.659s][info][gc,heap        ] GC(3) Eden regions: 6->0(8)
[0.659s][info][gc,heap        ] GC(3) Survivor regions: 1->1(1)
[0.659s][info][gc,heap        ] GC(3) Old regions: 13->14
[0.659s][info][gc,heap        ] GC(3) Archive regions: 0->0
[0.659s][info][gc,heap        ] GC(3) Humongous regions: 0->0
[0.659s][info][gc,metaspace   ] GC(3) Metaspace: 5370K(5632K)->5370K(5632K) NonClass: 4850K(4992K)->4850K(4992K) Class: 519K(640K)->519K(640K)
[0.659s][info][gc             ] GC(3) Pause Young (Normal) (G1 Evacuation Pause) 12M->7M(30M) 2.586ms
[0.659s][info][gc,cpu         ] GC(3) User=0.00s Sys=0.00s Real=0.00s
[0.667s][info][gc,start       ] GC(4) Pause Young (Concurrent Start) (G1 Evacuation Pause)
[0.667s][info][gc,task        ] GC(4) Using 33 workers of 33 for evacuation
[0.677s][info][gc,phases      ] GC(4)   Pre Evacuate Collection Set: 0.2ms
[0.677s][info][gc,phases      ] GC(4)   Merge Heap Roots: 0.1ms
[0.677s][info][gc,phases      ] GC(4)   Evacuate Collection Set: 6.9ms
[0.677s][info][gc,phases      ] GC(4)   Post Evacuate Collection Set: 2.4ms
[0.677s][info][gc,phases      ] GC(4)   Other: 0.1ms
[0.677s][info][gc,heap        ] GC(4) Eden regions: 8->0(75)
[0.677s][info][gc,heap        ] GC(4) Survivor regions: 1->2(2)
[0.677s][info][gc,heap        ] GC(4) Old regions: 14->20
[0.677s][info][gc,heap        ] GC(4) Archive regions: 0->0
[0.677s][info][gc,heap        ] GC(4) Humongous regions: 0->0
[0.677s][info][gc,metaspace   ] GC(4) Metaspace: 5372K(5632K)->5372K(5632K) NonClass: 4852K(4992K)->4852K(4992K) Class: 519K(640K)->519K(640K)
[0.677s][info][gc             ] GC(4) Pause Young (Concurrent Start) (G1 Evacuation Pause) 15M->14M(272M) 10.059ms
[0.677s][info][gc             ] GC(5) Concurrent Mark Cycle
[0.677s][info][gc,cpu         ] GC(4) User=0.02s Sys=0.02s Real=0.02s
[0.677s][info][gc,marking     ] GC(5) Concurrent Scan Root Regions
[0.685s][info][gc,marking     ] GC(5) Concurrent Scan Root Regions 7.540ms
[0.685s][info][gc,marking     ] GC(5) Concurrent Mark
[0.685s][info][gc,marking     ] GC(5) Concurrent Mark From Roots
[0.685s][info][gc,task        ] GC(5) Using 8 workers of 8 for marking
[0.688s][info][gc,marking     ] GC(5) Concurrent Mark From Roots 3.545ms
[0.688s][info][gc,marking     ] GC(5) Concurrent Preclean
[0.688s][info][gc,marking     ] GC(5) Concurrent Preclean 0.065ms
[0.688s][info][gc,start       ] GC(5) Pause Remark
[0.690s][info][gc             ] GC(5) Pause Remark 24M->24M(107M) 1.309ms
[0.690s][info][gc,cpu         ] GC(5) User=0.00s Sys=0.00s Real=0.00s
[0.690s][info][gc,marking     ] GC(5) Concurrent Mark 5.356ms
[0.690s][info][gc,marking     ] GC(5) Concurrent Rebuild Remembered Sets and Scrub Regions
[0.692s][info][gc,marking     ] GC(5) Concurrent Rebuild Remembered Sets and Scrub Regions 1.809ms
[0.692s][info][gc,start       ] GC(5) Pause Cleanup
[0.692s][info][gc             ] GC(5) Pause Cleanup 24M->24M(107M) 0.175ms
[0.692s][info][gc,cpu         ] GC(5) User=0.00s Sys=0.00s Real=0.00s
[0.694s][info][gc,marking     ] GC(5) Concurrent Clear Claimed Marks
[0.694s][info][gc,marking     ] GC(5) Concurrent Clear Claimed Marks 0.049ms
[0.694s][info][gc,marking     ] GC(5) Concurrent Cleanup for Next Mark
[0.694s][info][gc,marking     ] GC(5) Concurrent Cleanup for Next Mark 0.617ms
[0.694s][info][gc             ] GC(5) Concurrent Mark Cycle 17.548ms
[0.860s][info][gc,start       ] GC(6) Pause Young (Prepare Mixed) (G1 Evacuation Pause)
[0.860s][info][gc,task        ] GC(6) Using 33 workers of 33 for evacuation
[0.863s][info][gc,phases      ] GC(6)   Pre Evacuate Collection Set: 0.1ms
[0.863s][info][gc,phases      ] GC(6)   Merge Heap Roots: 0.1ms
[0.863s][info][gc,phases      ] GC(6)   Evacuate Collection Set: 2.3ms
[0.863s][info][gc,phases      ] GC(6)   Post Evacuate Collection Set: 0.4ms
[0.863s][info][gc,phases      ] GC(6)   Other: 0.1ms
[0.863s][info][gc,heap        ] GC(6) Eden regions: 75->0(54)
[0.863s][info][gc,heap        ] GC(6) Survivor regions: 2->10(10)
[0.863s][info][gc,heap        ] GC(6) Old regions: 20->21
[0.863s][info][gc,heap        ] GC(6) Archive regions: 0->0
[0.863s][info][gc,heap        ] GC(6) Humongous regions: 0->0
[0.864s][info][gc,metaspace   ] GC(6) Metaspace: 5458K(5696K)->5458K(5696K) NonClass: 4937K(5056K)->4937K(5056K) Class: 521K(640K)->521K(640K)
[0.864s][info][gc             ] GC(6) Pause Young (Prepare Mixed) (G1 Evacuation Pause) 89M->23M(108M) 3.182ms
[0.864s][info][gc,cpu         ] GC(6) User=0.05s Sys=0.00s Real=0.00s
[0.884s][info][gc,start       ] GC(7) Pause Young (Mixed) (G1 Evacuation Pause)
[0.884s][info][gc,task        ] GC(7) Using 33 workers of 33 for evacuation
[0.886s][info][gc,phases      ] GC(7)   Pre Evacuate Collection Set: 0.1ms
[0.886s][info][gc,phases      ] GC(7)   Merge Heap Roots: 0.1ms
[0.887s][info][gc,phases      ] GC(7)   Evacuate Collection Set: 1.9ms
[0.887s][info][gc,phases      ] GC(7)   Post Evacuate Collection Set: 0.4ms
[0.887s][info][gc,phases      ] GC(7)   Other: 0.1ms
[0.887s][info][gc,heap        ] GC(7) Eden regions: 54->0(62)
[0.887s][info][gc,heap        ] GC(7) Survivor regions: 10->2(8)
[0.887s][info][gc,heap        ] GC(7) Old regions: 21->26
[0.887s][info][gc,heap        ] GC(7) Archive regions: 0->0
[0.887s][info][gc,heap        ] GC(7) Humongous regions: 0->0
[0.887s][info][gc,metaspace   ] GC(7) Metaspace: 5461K(5696K)->5461K(5696K) NonClass: 4940K(5056K)->4940K(5056K) Class: 521K(640K)->521K(640K)
[0.887s][info][gc             ] GC(7) Pause Young (Mixed) (G1 Evacuation Pause) 77M->24M(108M) 2.889ms
[0.887s][info][gc,cpu         ] GC(7) User=0.00s Sys=0.00s Real=0.00s
[0.908s][info][gc,start       ] GC(8) Pause Young (Normal) (G1 Evacuation Pause)
[0.908s][info][gc,task        ] GC(8) Using 33 workers of 33 for evacuation
[0.910s][info][gc,phases      ] GC(8)   Pre Evacuate Collection Set: 0.1ms
[0.910s][info][gc,phases      ] GC(8)   Merge Heap Roots: 0.1ms
[0.910s][info][gc,phases      ] GC(8)   Evacuate Collection Set: 0.8ms
[0.910s][info][gc,phases      ] GC(8)   Post Evacuate Collection Set: 0.3ms
[0.910s][info][gc,phases      ] GC(8)   Other: 0.1ms
[0.910s][info][gc,heap        ] GC(8) Eden regions: 62->0(63)
[0.910s][info][gc,heap        ] GC(8) Survivor regions: 2->1(8)
[0.910s][info][gc,heap        ] GC(8) Old regions: 26->26
[0.910s][info][gc,heap        ] GC(8) Archive regions: 0->0
[0.910s][info][gc,heap        ] GC(8) Humongous regions: 0->0
[0.910s][info][gc,metaspace   ] GC(8) Metaspace: 5461K(5696K)->5461K(5696K) NonClass: 4940K(5056K)->4940K(5056K) Class: 521K(640K)->521K(640K)
[0.910s][info][gc             ] GC(8) Pause Young (Normal) (G1 Evacuation Pause) 86M->23M(108M) 1.687ms
[0.910s][info][gc,cpu         ] GC(8) User=0.00s Sys=0.00s Real=0.00s
[0.932s][info][gc,start       ] GC(9) Pause Young (Normal) (G1 Evacuation Pause)
[0.932s][info][gc,task        ] GC(9) Using 33 workers of 33 for evacuation
[0.933s][info][gc,phases      ] GC(9)   Pre Evacuate Collection Set: 0.1ms
[0.933s][info][gc,phases      ] GC(9)   Merge Heap Roots: 0.1ms
[0.933s][info][gc,phases      ] GC(9)   Evacuate Collection Set: 0.7ms
[0.933s][info][gc,phases      ] GC(9)   Post Evacuate Collection Set: 0.3ms
[0.933s][info][gc,phases      ] GC(9)   Other: 0.1ms
[0.933s][info][gc,heap        ] GC(9) Eden regions: 63->0(62)
[0.933s][info][gc,heap        ] GC(9) Survivor regions: 1->2(8)
[0.933s][info][gc,heap        ] GC(9) Old regions: 26->26
[0.933s][info][gc,heap        ] GC(9) Archive regions: 0->0
[0.933s][info][gc,heap        ] GC(9) Humongous regions: 0->0
[0.934s][info][gc,metaspace   ] GC(9) Metaspace: 5461K(5696K)->5461K(5696K) NonClass: 4940K(5056K)->4940K(5056K) Class: 521K(640K)->521K(640K)
[0.934s][info][gc             ] GC(9) Pause Young (Normal) (G1 Evacuation Pause) 86M->23M(108M) 1.577ms
[0.934s][info][gc,cpu         ] GC(9) User=0.00s Sys=0.00s Real=0.00s
[0.945s][info][gc,start       ] GC(10) Pause Young (Normal) (G1 Evacuation Pause)
[0.945s][info][gc,task        ] GC(10) Using 33 workers of 33 for evacuation
[0.946s][info][gc,phases      ] GC(10)   Pre Evacuate Collection Set: 0.1ms
[0.946s][info][gc,phases      ] GC(10)   Merge Heap Roots: 0.1ms
[0.946s][info][gc,phases      ] GC(10)   Evacuate Collection Set: 0.8ms
[0.946s][info][gc,phases      ] GC(10)   Post Evacuate Collection Set: 0.3ms
[0.946s][info][gc,phases      ] GC(10)   Other: 0.1ms
[0.946s][info][gc,heap        ] GC(10) Eden regions: 62->0(62)
[0.946s][info][gc,heap        ] GC(10) Survivor regions: 2->2(8)
[0.946s][info][gc,heap        ] GC(10) Old regions: 26->26
[0.946s][info][gc,heap        ] GC(10) Archive regions: 0->0
[0.946s][info][gc,heap        ] GC(10) Humongous regions: 0->0
[0.946s][info][gc,metaspace   ] GC(10) Metaspace: 5461K(5696K)->5461K(5696K) NonClass: 4940K(5056K)->4940K(5056K) Class: 521K(640K)->521K(640K)
[0.946s][info][gc             ] GC(10) Pause Young (Normal) (G1 Evacuation Pause) 85M->24M(108M) 1.661ms
[0.946s][info][gc,cpu         ] GC(10) User=0.00s Sys=0.00s Real=0.00s
[0.956s][info][gc,start       ] GC(11) Pause Young (Normal) (G1 Evacuation Pause)
[0.956s][info][gc,task        ] GC(11) Using 33 workers of 33 for evacuation
[0.958s][info][gc,phases      ] GC(11)   Pre Evacuate Collection Set: 0.1ms
[0.958s][info][gc,phases      ] GC(11)   Merge Heap Roots: 0.1ms
[0.958s][info][gc,phases      ] GC(11)   Evacuate Collection Set: 0.9ms
[0.958s][info][gc,phases      ] GC(11)   Post Evacuate Collection Set: 1.7ms
[0.959s][info][gc,phases      ] GC(11)   Other: 0.1ms
[0.959s][info][gc,heap        ] GC(11) Eden regions: 62->0(179)
[0.959s][info][gc,heap        ] GC(11) Survivor regions: 2->2(8)
[0.959s][info][gc,heap        ] GC(11) Old regions: 26->26
[0.959s][info][gc,heap        ] GC(11) Archive regions: 0->0
[0.959s][info][gc,heap        ] GC(11) Humongous regions: 0->0
[0.959s][info][gc,metaspace   ] GC(11) Metaspace: 5461K(5696K)->5461K(5696K) NonClass: 4940K(5056K)->4940K(5056K) Class: 521K(640K)->521K(640K)
[0.959s][info][gc             ] GC(11) Pause Young (Normal) (G1 Evacuation Pause) 86M->24M(310M) 3.024ms
[0.959s][info][gc,cpu         ] GC(11) User=0.02s Sys=0.03s Real=0.00s
[1.085s][info][gc,start       ] GC(12) Pause Young (Normal) (G1 Evacuation Pause)
[1.085s][info][gc,task        ] GC(12) Using 33 workers of 33 for evacuation
[1.088s][info][gc,phases      ] GC(12)   Pre Evacuate Collection Set: 0.1ms
[1.088s][info][gc,phases      ] GC(12)   Merge Heap Roots: 0.1ms
[1.088s][info][gc,phases      ] GC(12)   Evacuate Collection Set: 2.4ms
[1.088s][info][gc,phases      ] GC(12)   Post Evacuate Collection Set: 0.4ms
[1.088s][info][gc,phases      ] GC(12)   Other: 0.1ms
[1.088s][info][gc,heap        ] GC(12) Eden regions: 179->0(182)
[1.088s][info][gc,heap        ] GC(12) Survivor regions: 2->4(23)
[1.088s][info][gc,heap        ] GC(12) Old regions: 26->26
[1.088s][info][gc,heap        ] GC(12) Archive regions: 0->0
[1.088s][info][gc,heap        ] GC(12) Humongous regions: 0->0
[1.088s][info][gc,metaspace   ] GC(12) Metaspace: 5480K(5760K)->5480K(5760K) NonClass: 4958K(5120K)->4958K(5120K) Class: 522K(640K)->522K(640K)
[1.088s][info][gc             ] GC(12) Pause Young (Normal) (G1 Evacuation Pause) 203M->26M(310M) 3.525ms
[1.088s][info][gc,cpu         ] GC(12) User=0.00s Sys=0.00s Real=0.00s
[1.154s][info][gc,start       ] GC(13) Pause Young (Normal) (G1 Evacuation Pause)
[1.154s][info][gc,task        ] GC(13) Using 33 workers of 33 for evacuation
[1.159s][info][gc,phases      ] GC(13)   Pre Evacuate Collection Set: 0.2ms
[1.159s][info][gc,phases      ] GC(13)   Merge Heap Roots: 0.2ms
[1.159s][info][gc,phases      ] GC(13)   Evacuate Collection Set: 3.7ms
[1.159s][info][gc,phases      ] GC(13)   Post Evacuate Collection Set: 0.4ms
[1.159s][info][gc,phases      ] GC(13)   Other: 0.1ms
[1.159s][info][gc,heap        ] GC(13) Eden regions: 182->0(179)
[1.159s][info][gc,heap        ] GC(13) Survivor regions: 4->7(24)
[1.159s][info][gc,heap        ] GC(13) Old regions: 26->26
[1.159s][info][gc,heap        ] GC(13) Archive regions: 0->0
[1.159s][info][gc,heap        ] GC(13) Humongous regions: 0->0
[1.159s][info][gc,metaspace   ] GC(13) Metaspace: 5481K(5760K)->5481K(5760K) NonClass: 4958K(5120K)->4958K(5120K) Class: 522K(640K)->522K(640K)
[1.159s][info][gc             ] GC(13) Pause Young (Normal) (G1 Evacuation Pause) 208M->28M(310M) 4.708ms
[1.159s][info][gc,cpu         ] GC(13) User=0.00s Sys=0.00s Real=0.00s
[1.212s][info][gc,start       ] GC(14) Pause Young (Normal) (G1 Evacuation Pause)
[1.212s][info][gc,task        ] GC(14) Using 33 workers of 33 for evacuation
[1.215s][info][gc,phases      ] GC(14)   Pre Evacuate Collection Set: 0.2ms
[1.215s][info][gc,phases      ] GC(14)   Merge Heap Roots: 0.2ms
[1.215s][info][gc,phases      ] GC(14)   Evacuate Collection Set: 2.1ms
[1.215s][info][gc,phases      ] GC(14)   Post Evacuate Collection Set: 0.4ms
[1.215s][info][gc,phases      ] GC(14)   Other: 0.1ms
[1.215s][info][gc,heap        ] GC(14) Eden regions: 179->0(179)
[1.215s][info][gc,heap        ] GC(14) Survivor regions: 7->7(24)
[1.215s][info][gc,heap        ] GC(14) Old regions: 26->26
[1.215s][info][gc,heap        ] GC(14) Archive regions: 0->0
[1.215s][info][gc,heap        ] GC(14) Humongous regions: 0->0
[1.215s][info][gc,metaspace   ] GC(14) Metaspace: 5481K(5760K)->5481K(5760K) NonClass: 4958K(5120K)->4958K(5120K) Class: 522K(640K)->522K(640K)
[1.215s][info][gc             ] GC(14) Pause Young (Normal) (G1 Evacuation Pause) 207M->29M(310M) 3.111ms
[1.215s][info][gc,cpu         ] GC(14) User=0.00s Sys=0.00s Real=0.00s
[1.261s][info][gc,start       ] GC(15) Pause Young (Normal) (G1 Evacuation Pause)
[1.261s][info][gc,task        ] GC(15) Using 33 workers of 33 for evacuation
[1.264s][info][gc,phases      ] GC(15)   Pre Evacuate Collection Set: 0.2ms
[1.264s][info][gc,phases      ] GC(15)   Merge Heap Roots: 0.2ms
[1.264s][info][gc,phases      ] GC(15)   Evacuate Collection Set: 2.4ms
[1.264s][info][gc,phases      ] GC(15)   Post Evacuate Collection Set: 0.4ms
[1.264s][info][gc,phases      ] GC(15)   Other: 0.1ms
[1.264s][info][gc,heap        ] GC(15) Eden regions: 179->0(178)
[1.264s][info][gc,heap        ] GC(15) Survivor regions: 7->8(24)
[1.264s][info][gc,heap        ] GC(15) Old regions: 26->26
[1.264s][info][gc,heap        ] GC(15) Archive regions: 0->0
[1.264s][info][gc,heap        ] GC(15) Humongous regions: 0->0
[1.264s][info][gc,metaspace   ] GC(15) Metaspace: 5481K(5760K)->5481K(5760K) NonClass: 4958K(5120K)->4958K(5120K) Class: 522K(640K)->522K(640K)
[1.264s][info][gc             ] GC(15) Pause Young (Normal) (G1 Evacuation Pause) 208M->30M(310M) 3.477ms
[1.264s][info][gc,cpu         ] GC(15) User=0.00s Sys=0.00s Real=0.00s
[1.290s][info][gc,start       ] GC(16) Pause Young (Normal) (G1 Evacuation Pause)
[1.290s][info][gc,task        ] GC(16) Using 33 workers of 33 for evacuation
[1.292s][info][gc,phases      ] GC(16)   Pre Evacuate Collection Set: 0.1ms
[1.292s][info][gc,phases      ] GC(16)   Merge Heap Roots: 0.2ms
[1.292s][info][gc,phases      ] GC(16)   Evacuate Collection Set: 1.8ms
[1.292s][info][gc,phases      ] GC(16)   Post Evacuate Collection Set: 0.4ms
[1.292s][info][gc,phases      ] GC(16)   Other: 0.1ms
[1.292s][info][gc,heap        ] GC(16) Eden regions: 178->0(178)
[1.292s][info][gc,heap        ] GC(16) Survivor regions: 8->8(24)
[1.292s][info][gc,heap        ] GC(16) Old regions: 26->26
[1.292s][info][gc,heap        ] GC(16) Archive regions: 0->0
[1.292s][info][gc,heap        ] GC(16) Humongous regions: 0->0
[1.292s][info][gc,metaspace   ] GC(16) Metaspace: 5481K(5760K)->5481K(5760K) NonClass: 4958K(5120K)->4958K(5120K) Class: 522K(640K)->522K(640K)
[1.292s][info][gc             ] GC(16) Pause Young (Normal) (G1 Evacuation Pause) 208M->30M(310M) 2.748ms
[1.292s][info][gc,cpu         ] GC(16) User=0.00s Sys=0.00s Real=0.00s
[1.319s][info][gc,start       ] GC(17) Pause Young (Normal) (G1 Evacuation Pause)
[1.319s][info][gc,task        ] GC(17) Using 33 workers of 33 for evacuation
[1.322s][info][gc,phases      ] GC(17)   Pre Evacuate Collection Set: 0.1ms
[1.322s][info][gc,phases      ] GC(17)   Merge Heap Roots: 0.2ms
[1.322s][info][gc,phases      ] GC(17)   Evacuate Collection Set: 1.7ms
[1.322s][info][gc,phases      ] GC(17)   Post Evacuate Collection Set: 0.4ms
[1.322s][info][gc,phases      ] GC(17)   Other: 0.1ms
[1.322s][info][gc,heap        ] GC(17) Eden regions: 178->0(178)
[1.322s][info][gc,heap        ] GC(17) Survivor regions: 8->8(24)
[1.322s][info][gc,heap        ] GC(17) Old regions: 26->26
[1.322s][info][gc,heap        ] GC(17) Archive regions: 0->0
[1.322s][info][gc,heap        ] GC(17) Humongous regions: 0->0
[1.322s][info][gc,metaspace   ] GC(17) Metaspace: 5481K(5760K)->5481K(5760K) NonClass: 4958K(5120K)->4958K(5120K) Class: 522K(640K)->522K(640K)
[1.322s][info][gc             ] GC(17) Pause Young (Normal) (G1 Evacuation Pause) 208M->30M(310M) 2.663ms
[1.322s][info][gc,cpu         ] GC(17) User=0.00s Sys=0.00s Real=0.00s
[1.352s][info][gc,start       ] GC(18) Pause Young (Normal) (G1 Evacuation Pause)
[1.353s][info][gc,task        ] GC(18) Using 33 workers of 33 for evacuation
[1.355s][info][gc,phases      ] GC(18)   Pre Evacuate Collection Set: 0.2ms
[1.355s][info][gc,phases      ] GC(18)   Merge Heap Roots: 0.2ms
[1.355s][info][gc,phases      ] GC(18)   Evacuate Collection Set: 1.7ms
[1.355s][info][gc,phases      ] GC(18)   Post Evacuate Collection Set: 0.4ms
[1.355s][info][gc,phases      ] GC(18)   Other: 0.1ms
[1.355s][info][gc,heap        ] GC(18) Eden regions: 178->0(178)
[1.355s][info][gc,heap        ] GC(18) Survivor regions: 8->8(24)
[1.355s][info][gc,heap        ] GC(18) Old regions: 26->26
[1.355s][info][gc,heap        ] GC(18) Archive regions: 0->0
[1.355s][info][gc,heap        ] GC(18) Humongous regions: 0->0
[1.355s][info][gc,metaspace   ] GC(18) Metaspace: 5481K(5760K)->5481K(5760K) NonClass: 4958K(5120K)->4958K(5120K) Class: 522K(640K)->522K(640K)
[1.355s][info][gc             ] GC(18) Pause Young (Normal) (G1 Evacuation Pause) 208M->30M(310M) 2.714ms
[1.355s][info][gc,cpu         ] GC(18) User=0.00s Sys=0.00s Real=0.00s
[1.392s][info][gc,start       ] GC(19) Pause Young (Normal) (G1 Evacuation Pause)
[1.392s][info][gc,task        ] GC(19) Using 33 workers of 33 for evacuation
[1.394s][info][gc,phases      ] GC(19)   Pre Evacuate Collection Set: 0.1ms
[1.394s][info][gc,phases      ] GC(19)   Merge Heap Roots: 0.2ms
[1.394s][info][gc,phases      ] GC(19)   Evacuate Collection Set: 1.6ms
[1.394s][info][gc,phases      ] GC(19)   Post Evacuate Collection Set: 0.4ms
[1.394s][info][gc,phases      ] GC(19)   Other: 0.1ms
[1.394s][info][gc,heap        ] GC(19) Eden regions: 178->0(178)
[1.394s][info][gc,heap        ] GC(19) Survivor regions: 8->8(24)
[1.394s][info][gc,heap        ] GC(19) Old regions: 26->26
[1.394s][info][gc,heap        ] GC(19) Archive regions: 0->0
[1.394s][info][gc,heap        ] GC(19) Humongous regions: 0->0
[1.394s][info][gc,metaspace   ] GC(19) Metaspace: 5481K(5760K)->5481K(5760K) NonClass: 4958K(5120K)->4958K(5120K) Class: 522K(640K)->522K(640K)
[1.394s][info][gc             ] GC(19) Pause Young (Normal) (G1 Evacuation Pause) 208M->29M(310M) 2.506ms
[1.394s][info][gc,cpu         ] GC(19) User=0.52s Sys=0.00s Real=0.02s
[1.441s][info][gc,start       ] GC(20) Pause Young (Normal) (G1 Evacuation Pause)
[1.441s][info][gc,task        ] GC(20) Using 32 workers of 33 for evacuation
[1.444s][info][gc,phases      ] GC(20)   Pre Evacuate Collection Set: 0.1ms
[1.444s][info][gc,phases      ] GC(20)   Merge Heap Roots: 0.2ms
[1.444s][info][gc,phases      ] GC(20)   Evacuate Collection Set: 1.6ms
[1.444s][info][gc,phases      ] GC(20)   Post Evacuate Collection Set: 0.4ms
[1.444s][info][gc,phases      ] GC(20)   Other: 0.1ms
[1.444s][info][gc,heap        ] GC(20) Eden regions: 178->0(179)
[1.444s][info][gc,heap        ] GC(20) Survivor regions: 8->7(24)
[1.444s][info][gc,heap        ] GC(20) Old regions: 26->26
[1.444s][info][gc,heap        ] GC(20) Archive regions: 0->0
[1.444s][info][gc,heap        ] GC(20) Humongous regions: 0->0
[1.444s][info][gc,metaspace   ] GC(20) Metaspace: 5481K(5760K)->5481K(5760K) NonClass: 4958K(5120K)->4958K(5120K) Class: 522K(640K)->522K(640K)
[1.444s][info][gc             ] GC(20) Pause Young (Normal) (G1 Evacuation Pause) 207M->29M(310M) 2.618ms
[1.444s][info][gc,cpu         ] GC(20) User=0.00s Sys=0.00s Real=0.00s
[1.544s][info][gc,start       ] GC(21) Pause Young (Normal) (G1 Evacuation Pause)
[1.544s][info][gc,task        ] GC(21) Using 19 workers of 33 for evacuation
[1.548s][info][gc,phases      ] GC(21)   Pre Evacuate Collection Set: 0.1ms
[1.548s][info][gc,phases      ] GC(21)   Merge Heap Roots: 0.2ms
[1.548s][info][gc,phases      ] GC(21)   Evacuate Collection Set: 3.1ms
[1.548s][info][gc,phases      ] GC(21)   Post Evacuate Collection Set: 0.4ms
[1.548s][info][gc,phases      ] GC(21)   Other: 0.1ms
[1.548s][info][gc,heap        ] GC(21) Eden regions: 179->0(179)
[1.548s][info][gc,heap        ] GC(21) Survivor regions: 7->7(24)
[1.548s][info][gc,heap        ] GC(21) Old regions: 26->26
[1.548s][info][gc,heap        ] GC(21) Archive regions: 0->0
[1.548s][info][gc,heap        ] GC(21) Humongous regions: 0->0
[1.548s][info][gc,metaspace   ] GC(21) Metaspace: 5481K(5760K)->5481K(5760K) NonClass: 4958K(5120K)->4958K(5120K) Class: 522K(640K)->522K(640K)
[1.548s][info][gc             ] GC(21) Pause Young (Normal) (G1 Evacuation Pause) 208M->29M(310M) 4.306ms
[1.548s][info][gc,cpu         ] GC(21) User=0.00s Sys=0.00s Real=0.00s
[1.643s][info][gc,heap,exit   ] Heap
[1.643s][info][gc,heap,exit   ]  garbage-first heap   total 317440K, used 47072K [0x00000000e0000000, 0x0000000100000000)
[1.643s][info][gc,heap,exit   ]   region size 1024K, 24 young (24576K), 7 survivors (7168K)
[1.643s][info][gc,heap,exit   ]  Metaspace       used 5513K, committed 5760K, reserved 1114112K
[1.643s][info][gc,heap,exit   ]   class space    used 525K, committed 640K, reserved 1048576K
