[0.017s][info][gc,init] CardTable entry size: 512
[0.018s][info][gc     ] Using Parallel
[0.028s][info][gc,init] Version: 20+36-2344 (release)
[0.028s][info][gc,init] CPUs: 48 total, 48 available
[0.028s][info][gc,init] Memory: 382G
[0.028s][info][gc,init] Large Page Support: Disabled
[0.028s][info][gc,init] NUMA Support: Disabled
[0.028s][info][gc,init] Compressed Oops: Enabled (32-bit)
[0.028s][info][gc,init] Alignments: Space 512K, Generation 512K, Heap 2M
[0.028s][info][gc,init] Heap Min Capacity: 8M
[0.028s][info][gc,init] Heap Initial Capacity: 2G
[0.040s][info][gc,init] Heap Max Capacity: 2G
[0.040s][info][gc,init] Pre-touch: Disabled
[0.040s][info][gc,init] Parallel Workers: 33
[0.041s][info][gc,metaspace] CDS archive(s) mapped at: [0x0000000800000000-0x0000000800c60000-0x0000000800c60000), size 12976128, SharedBaseAddress: 0x0000000800000000, ArchiveRelocationMode: 0.
[0.041s][info][gc,metaspace] Compressed class space mapped at: 0x0000000801000000-0x0000000841000000, reserved size: 1073741824
[0.041s][info][gc,metaspace] Narrow klass base: 0x0000000800000000, Narrow klass shift: 0, Narrow klass range: 0x100000000
[0.382s][info][gc,start    ] GC(0) Pause Young (System.gc())
[0.390s][info][gc,heap     ] GC(0) PSYoungGen: 104960K(611840K)->2606K(611840K) Eden: 104960K(524800K)->0K(524800K) From: 0K(87040K)->2606K(87040K)
[0.390s][info][gc,heap     ] GC(0) ParOldGen: 0K(1398272K)->8K(1398272K)
[0.390s][info][gc,metaspace] GC(0) Metaspace: 3347K(3584K)->3347K(3584K) NonClass: 3026K(3136K)->3026K(3136K) Class: 320K(448K)->320K(448K)
[0.390s][info][gc          ] GC(0) Pause Young (System.gc()) 102M->2M(1963M) 7.543ms
[0.390s][info][gc,cpu      ] GC(0) User=0.00s Sys=0.00s Real=0.00s
[0.390s][info][gc,start    ] GC(1) Pause Full (System.gc())
[0.390s][info][gc,phases,start] GC(1) Marking Phase
[0.397s][info][gc,phases      ] GC(1) Marking Phase 7.120ms
[0.397s][info][gc,phases,start] GC(1) Summary Phase
[0.397s][info][gc,phases      ] GC(1) Summary Phase 0.021ms
[0.397s][info][gc,phases,start] GC(1) Adjust Roots
[0.398s][info][gc,phases      ] GC(1) Adjust Roots 0.939ms
[0.398s][info][gc,phases,start] GC(1) Compaction Phase
[0.405s][info][gc,phases      ] GC(1) Compaction Phase 6.687ms
[0.405s][info][gc,phases,start] GC(1) Post Compact
[0.405s][info][gc,phases      ] GC(1) Post Compact 0.629ms
[0.405s][info][gc,heap        ] GC(1) PSYoungGen: 2606K(611840K)->0K(611840K) Eden: 0K(524800K)->0K(524800K) From: 2606K(87040K)->0K(87040K)
[0.405s][info][gc,heap        ] GC(1) ParOldGen: 8K(1398272K)->1988K(1398272K)
[0.406s][info][gc,metaspace   ] GC(1) Metaspace: 3347K(3584K)->3347K(3584K) NonClass: 3026K(3136K)->3026K(3136K) Class: 320K(448K)->320K(448K)
[0.406s][info][gc             ] GC(1) Pause Full (System.gc()) 2M->1M(1963M) 15.642ms
[0.406s][info][gc,cpu         ] GC(1) User=0.39s Sys=0.00s Real=0.02s
[0.986s][info][gc,start       ] GC(2) Pause Young (Allocation Failure)
[0.998s][info][gc,heap        ] GC(2) PSYoungGen: 524800K(611840K)->19844K(611840K) Eden: 524800K(524800K)->0K(524800K) From: 0K(87040K)->19844K(87040K)
[0.998s][info][gc,heap        ] GC(2) ParOldGen: 1988K(1398272K)->1996K(1398272K)
[0.998s][info][gc,metaspace   ] GC(2) Metaspace: 5461K(5696K)->5461K(5696K) NonClass: 4940K(5056K)->4940K(5056K) Class: 521K(640K)->521K(640K)
[0.998s][info][gc             ] GC(2) Pause Young (Allocation Failure) 514M->21M(1963M) 11.997ms
[0.998s][info][gc,cpu         ] GC(2) User=0.00s Sys=0.00s Real=0.01s
[1.177s][info][gc,start       ] GC(3) Pause Young (Allocation Failure)
[1.188s][info][gc,heap        ] GC(3) PSYoungGen: 544644K(611840K)->20800K(611840K) Eden: 524800K(524800K)->0K(524800K) From: 19844K(87040K)->20800K(87040K)
[1.188s][info][gc,heap        ] GC(3) ParOldGen: 1996K(1398272K)->2004K(1398272K)
[1.188s][info][gc,metaspace   ] GC(3) Metaspace: 5483K(5760K)->5483K(5760K) NonClass: 4961K(5120K)->4961K(5120K) Class: 522K(640K)->522K(640K)
[1.188s][info][gc             ] GC(3) Pause Young (Allocation Failure) 533M->22M(1963M) 11.004ms
[1.188s][info][gc,cpu         ] GC(3) User=0.14s Sys=0.38s Real=0.01s
[1.337s][info][gc,start       ] GC(4) Pause Young (Allocation Failure)
[1.340s][info][gc,heap        ] GC(4) PSYoungGen: 545600K(611840K)->19291K(611840K) Eden: 524800K(524800K)->0K(524800K) From: 20800K(87040K)->19291K(87040K)
[1.340s][info][gc,heap        ] GC(4) ParOldGen: 2004K(1398272K)->2012K(1398272K)
[1.340s][info][gc,metaspace   ] GC(4) Metaspace: 5483K(5760K)->5483K(5760K) NonClass: 4961K(5120K)->4961K(5120K) Class: 522K(640K)->522K(640K)
[1.340s][info][gc             ] GC(4) Pause Young (Allocation Failure) 534M->20M(1963M) 3.018ms
[1.340s][info][gc,cpu         ] GC(4) User=0.00s Sys=0.00s Real=0.00s
[1.494s][info][gc,start       ] GC(5) Pause Young (Allocation Failure)
[1.497s][info][gc,heap        ] GC(5) PSYoungGen: 544091K(611840K)->13904K(611840K) Eden: 524800K(524800K)->0K(524800K) From: 19291K(87040K)->13904K(87040K)
[1.497s][info][gc,heap        ] GC(5) ParOldGen: 2012K(1398272K)->2012K(1398272K)
[1.497s][info][gc,metaspace   ] GC(5) Metaspace: 5483K(5760K)->5483K(5760K) NonClass: 4961K(5120K)->4961K(5120K) Class: 522K(640K)->522K(640K)
[1.497s][info][gc             ] GC(5) Pause Young (Allocation Failure) 533M->15M(1963M) 2.260ms
[1.497s][info][gc,cpu         ] GC(5) User=0.00s Sys=0.00s Real=0.00s
[1.756s][info][gc,heap,exit   ] Heap
[1.757s][info][gc,heap,exit   ]  PSYoungGen      total 611840K, used 393330K [0x00000000d5580000, 0x0000000100000000, 0x0000000100000000)
[1.757s][info][gc,heap,exit   ]   eden space 524800K, 72% used [0x00000000d5580000,0x00000000ec808828,0x00000000f5600000)
[1.757s][info][gc,heap,exit   ]   from space 87040K, 15% used [0x00000000f5600000,0x00000000f6394278,0x00000000fab00000)
[1.757s][info][gc,heap,exit   ]   to   space 87040K, 0% used [0x00000000fab00000,0x00000000fab00000,0x0000000100000000)
[1.757s][info][gc,heap,exit   ]  ParOldGen       total 1398272K, used 2012K [0x0000000080000000, 0x00000000d5580000, 0x00000000d5580000)
[1.757s][info][gc,heap,exit   ]   object space 1398272K, 0% used [0x0000000080000000,0x00000000801f7010,0x00000000d5580000)
[1.757s][info][gc,heap,exit   ]  Metaspace       used 5519K, committed 5760K, reserved 1114112K
[1.757s][info][gc,heap,exit   ]   class space    used 525K, committed 640K, reserved 1048576K
