[0.016s][info][gc,init] CardTable entry size: 512
[0.016s][info][gc     ] Using Parallel
[0.028s][info][gc,init] Version: 20+36-2344 (release)
[0.028s][info][gc,init] CPUs: 48 total, 48 available
[0.028s][info][gc,init] Memory: 382G
[0.028s][info][gc,init] Large Page Support: Disabled
[0.028s][info][gc,init] NUMA Support: Disabled
[0.028s][info][gc,init] Compressed Oops: Enabled (Zero based)
[0.028s][info][gc,init] Alignments: Space 512K, Generation 512K, Heap 2M
[0.028s][info][gc,init] Heap Min Capacity: 8M
[0.028s][info][gc,init] Heap Initial Capacity: 2G
[0.037s][info][gc,init] Heap Max Capacity: 4G
[0.037s][info][gc,init] Pre-touch: Disabled
[0.037s][info][gc,init] Parallel Workers: 33
[0.038s][info][gc,metaspace] CDS archive(s) mapped at: [0x0000000800000000-0x0000000800c60000-0x0000000800c60000), size 12976128, SharedBaseAddress: 0x0000000800000000, ArchiveRelocationMode: 0.
[0.038s][info][gc,metaspace] Compressed class space mapped at: 0x0000000801000000-0x0000000841000000, reserved size: 1073741824
[0.038s][info][gc,metaspace] Narrow klass base: 0x0000000800000000, Narrow klass shift: 0, Narrow klass range: 0x100000000
[0.385s][info][gc,start    ] GC(0) Pause Young (System.gc())
[0.392s][info][gc,heap     ] GC(0) PSYoungGen: 104960K(611840K)->2614K(611840K) Eden: 104960K(524800K)->0K(524800K) From: 0K(87040K)->2614K(87040K)
[0.392s][info][gc,heap     ] GC(0) ParOldGen: 0K(1398272K)->8K(1398272K)
[0.392s][info][gc,metaspace] GC(0) Metaspace: 3347K(3584K)->3347K(3584K) NonClass: 3026K(3136K)->3026K(3136K) Class: 320K(448K)->320K(448K)
[0.392s][info][gc          ] GC(0) Pause Young (System.gc()) 102M->2M(1963M) 7.358ms
[0.392s][info][gc,cpu      ] GC(0) User=0.52s Sys=0.00s Real=0.02s
[0.393s][info][gc,start    ] GC(1) Pause Full (System.gc())
[0.393s][info][gc,phases,start] GC(1) Marking Phase
[0.398s][info][gc,phases      ] GC(1) Marking Phase 5.301ms
[0.398s][info][gc,phases,start] GC(1) Summary Phase
[0.398s][info][gc,phases      ] GC(1) Summary Phase 0.021ms
[0.398s][info][gc,phases,start] GC(1) Adjust Roots
[0.400s][info][gc,phases      ] GC(1) Adjust Roots 1.730ms
[0.400s][info][gc,phases,start] GC(1) Compaction Phase
[0.407s][info][gc,phases      ] GC(1) Compaction Phase 7.107ms
[0.407s][info][gc,phases,start] GC(1) Post Compact
[0.408s][info][gc,phases      ] GC(1) Post Compact 0.742ms
[0.408s][info][gc,heap        ] GC(1) PSYoungGen: 2614K(611840K)->0K(611840K) Eden: 0K(524800K)->0K(524800K) From: 2614K(87040K)->0K(87040K)
[0.408s][info][gc,heap        ] GC(1) ParOldGen: 8K(1398272K)->1988K(1398272K)
[0.408s][info][gc,metaspace   ] GC(1) Metaspace: 3347K(3584K)->3347K(3584K) NonClass: 3026K(3136K)->3026K(3136K) Class: 320K(448K)->320K(448K)
[0.408s][info][gc             ] GC(1) Pause Full (System.gc()) 2M->1M(1963M) 15.176ms
[0.408s][info][gc,cpu         ] GC(1) User=0.02s Sys=0.00s Real=0.02s
[0.909s][info][gc,start       ] GC(2) Pause Young (Allocation Failure)
[0.922s][info][gc,heap        ] GC(2) PSYoungGen: 524800K(611840K)->20063K(611840K) Eden: 524800K(524800K)->0K(524800K) From: 0K(87040K)->20063K(87040K)
[0.922s][info][gc,heap        ] GC(2) ParOldGen: 1988K(1398272K)->1996K(1398272K)
[0.922s][info][gc,metaspace   ] GC(2) Metaspace: 5462K(5696K)->5462K(5696K) NonClass: 4941K(5056K)->4941K(5056K) Class: 521K(640K)->521K(640K)
[0.922s][info][gc             ] GC(2) Pause Young (Allocation Failure) 514M->21M(1963M) 13.715ms
[0.922s][info][gc,cpu         ] GC(2) User=0.05s Sys=0.48s Real=0.02s
[1.106s][info][gc,start       ] GC(3) Pause Young (Allocation Failure)
[1.117s][info][gc,heap        ] GC(3) PSYoungGen: 544863K(611840K)->20766K(611840K) Eden: 524800K(524800K)->0K(524800K) From: 20063K(87040K)->20766K(87040K)
[1.118s][info][gc,heap        ] GC(3) ParOldGen: 1996K(1398272K)->2004K(1398272K)
[1.118s][info][gc,metaspace   ] GC(3) Metaspace: 5483K(5760K)->5483K(5760K) NonClass: 4961K(5120K)->4961K(5120K) Class: 522K(640K)->522K(640K)
[1.118s][info][gc             ] GC(3) Pause Young (Allocation Failure) 534M->22M(1963M) 11.145ms
[1.118s][info][gc,cpu         ] GC(3) User=0.14s Sys=0.42s Real=0.02s
[1.233s][info][gc,start       ] GC(4) Pause Young (Allocation Failure)
[1.244s][info][gc,heap        ] GC(4) PSYoungGen: 545566K(611840K)->19247K(1136640K) Eden: 524800K(524800K)->0K(1049600K) From: 20766K(87040K)->19247K(87040K)
[1.244s][info][gc,heap        ] GC(4) ParOldGen: 2004K(1398272K)->2012K(1398272K)
[1.244s][info][gc,metaspace   ] GC(4) Metaspace: 5483K(5760K)->5483K(5760K) NonClass: 4961K(5120K)->4961K(5120K) Class: 522K(640K)->522K(640K)
[1.244s][info][gc             ] GC(4) Pause Young (Allocation Failure) 534M->20M(2475M) 11.588ms
[1.244s][info][gc,cpu         ] GC(4) User=0.00s Sys=0.00s Real=0.00s
[1.617s][info][gc,heap,exit   ] Heap
[1.617s][info][gc,heap,exit   ]  PSYoungGen      total 1136640K, used 930493K [0x00000007aab00000, 0x00000007f5600000, 0x0000000800000000)
[1.617s][info][gc,heap,exit   ]   eden space 1049600K, 86% used [0x00000007aab00000,0x00000007e24e3a18,0x00000007eac00000)
[1.617s][info][gc,heap,exit   ]   from space 87040K, 22% used [0x00000007f0100000,0x00000007f13cbcd8,0x00000007f5600000)
[1.617s][info][gc,heap,exit   ]   to   space 87040K, 0% used [0x00000007eac00000,0x00000007eac00000,0x00000007f0100000)
[1.617s][info][gc,heap,exit   ]  ParOldGen       total 1398272K, used 2012K [0x0000000700000000, 0x0000000755580000, 0x00000007aab00000)
[1.617s][info][gc,heap,exit   ]   object space 1398272K, 0% used [0x0000000700000000,0x00000007001f7018,0x0000000755580000)
[1.617s][info][gc,heap,exit   ]  Metaspace       used 5519K, committed 5760K, reserved 1114112K
[1.617s][info][gc,heap,exit   ]   class space    used 525K, committed 640K, reserved 1048576K
