[0.017s][info][gc,init] CardTable entry size: 512
[0.018s][info][gc     ] Using Parallel
[0.023s][info][gc,init] Version: 20+36-2344 (release)
[0.023s][info][gc,init] CPUs: 48 total, 48 available
[0.023s][info][gc,init] Memory: 382G
[0.023s][info][gc,init] Large Page Support: Disabled
[0.023s][info][gc,init] NUMA Support: Disabled
[0.023s][info][gc,init] Compressed Oops: Enabled (32-bit)
[0.023s][info][gc,init] Alignments: Space 512K, Generation 512K, Heap 2M
[0.031s][info][gc,init] Heap Min Capacity: 8M
[0.031s][info][gc,init] Heap Initial Capacity: 1G
[0.051s][info][gc,init] Heap Max Capacity: 1G
[0.051s][info][gc,init] Pre-touch: Disabled
[0.051s][info][gc,init] Parallel Workers: 33
[0.052s][info][gc,metaspace] CDS archive(s) mapped at: [0x0000000800000000-0x0000000800c60000-0x0000000800c60000), size 12976128, SharedBaseAddress: 0x0000000800000000, ArchiveRelocationMode: 0.
[0.053s][info][gc,metaspace] Compressed class space mapped at: 0x0000000801000000-0x0000000841000000, reserved size: 1073741824
[0.053s][info][gc,metaspace] Narrow klass base: 0x0000000800000000, Narrow klass shift: 0, Narrow klass range: 0x100000000
[0.458s][info][gc,start    ] GC(0) Pause Young (System.gc())
[0.463s][info][gc,heap     ] GC(0) PSYoungGen: 57672K(305664K)->2390K(305664K) Eden: 57672K(262144K)->0K(262144K) From: 0K(43520K)->2390K(43520K)
[0.464s][info][gc,heap     ] GC(0) ParOldGen: 0K(699392K)->8K(699392K)
[0.464s][info][gc,metaspace] GC(0) Metaspace: 3347K(3584K)->3347K(3584K) NonClass: 3026K(3136K)->3026K(3136K) Class: 320K(448K)->320K(448K)
[0.464s][info][gc          ] GC(0) Pause Young (System.gc()) 56M->2M(981M) 5.637ms
[0.464s][info][gc,cpu      ] GC(0) User=0.02s Sys=0.06s Real=0.01s
[0.464s][info][gc,start    ] GC(1) Pause Full (System.gc())
[0.464s][info][gc,phases,start] GC(1) Marking Phase
[0.469s][info][gc,phases      ] GC(1) Marking Phase 5.476ms
[0.469s][info][gc,phases,start] GC(1) Summary Phase
[0.469s][info][gc,phases      ] GC(1) Summary Phase 0.031ms
[0.469s][info][gc,phases,start] GC(1) Adjust Roots
[0.471s][info][gc,phases      ] GC(1) Adjust Roots 1.406ms
[0.471s][info][gc,phases,start] GC(1) Compaction Phase
[0.479s][info][gc,phases      ] GC(1) Compaction Phase 7.641ms
[0.479s][info][gc,phases,start] GC(1) Post Compact
[0.479s][info][gc,phases      ] GC(1) Post Compact 0.397ms
[0.479s][info][gc,heap        ] GC(1) PSYoungGen: 2390K(305664K)->0K(305664K) Eden: 0K(262144K)->0K(262144K) From: 2390K(43520K)->0K(43520K)
[0.479s][info][gc,heap        ] GC(1) ParOldGen: 8K(699392K)->1988K(699392K)
[0.479s][info][gc,metaspace   ] GC(1) Metaspace: 3347K(3584K)->3347K(3584K) NonClass: 3026K(3136K)->3026K(3136K) Class: 320K(448K)->320K(448K)
[0.479s][info][gc             ] GC(1) Pause Full (System.gc()) 2M->1M(981M) 15.216ms
[0.479s][info][gc,cpu         ] GC(1) User=0.06s Sys=0.00s Real=0.01s
[0.903s][info][gc,start       ] GC(2) Pause Young (Allocation Failure)
[0.916s][info][gc,heap        ] GC(2) PSYoungGen: 262144K(305664K)->19157K(305664K) Eden: 262144K(262144K)->0K(262144K) From: 0K(43520K)->19157K(43520K)
[0.916s][info][gc,heap        ] GC(2) ParOldGen: 1988K(699392K)->1996K(699392K)
[0.916s][info][gc,metaspace   ] GC(2) Metaspace: 5461K(5696K)->5461K(5696K) NonClass: 4940K(5056K)->4940K(5056K) Class: 521K(640K)->521K(640K)
[0.916s][info][gc             ] GC(2) Pause Young (Allocation Failure) 257M->20M(981M) 12.917ms
[0.916s][info][gc,cpu         ] GC(2) User=0.11s Sys=0.36s Real=0.02s
[0.990s][info][gc,start       ] GC(3) Pause Young (Allocation Failure)
[1.000s][info][gc,heap        ] GC(3) PSYoungGen: 281301K(305664K)->20199K(305664K) Eden: 262144K(262144K)->0K(262144K) From: 19157K(43520K)->20199K(43520K)
[1.001s][info][gc,heap        ] GC(3) ParOldGen: 1996K(699392K)->2004K(699392K)
[1.001s][info][gc,metaspace   ] GC(3) Metaspace: 5483K(5760K)->5483K(5760K) NonClass: 4960K(5120K)->4960K(5120K) Class: 522K(640K)->522K(640K)
[1.001s][info][gc             ] GC(3) Pause Young (Allocation Failure) 276M->21M(981M) 10.748ms
[1.001s][info][gc,cpu         ] GC(3) User=0.08s Sys=0.45s Real=0.02s
[1.074s][info][gc,start       ] GC(4) Pause Young (Allocation Failure)
[1.077s][info][gc,heap        ] GC(4) PSYoungGen: 282343K(305664K)->20564K(305664K) Eden: 262144K(262144K)->0K(262144K) From: 20199K(43520K)->20564K(43520K)
[1.077s][info][gc,heap        ] GC(4) ParOldGen: 2004K(699392K)->2012K(699392K)
[1.077s][info][gc,metaspace   ] GC(4) Metaspace: 5483K(5760K)->5483K(5760K) NonClass: 4961K(5120K)->4961K(5120K) Class: 522K(640K)->522K(640K)
[1.077s][info][gc             ] GC(4) Pause Young (Allocation Failure) 277M->22M(981M) 3.455ms
[1.077s][info][gc,cpu         ] GC(4) User=0.53s Sys=0.00s Real=0.01s
[1.166s][info][gc,start       ] GC(5) Pause Young (Allocation Failure)
[1.169s][info][gc,heap        ] GC(5) PSYoungGen: 282708K(305664K)->21084K(305664K) Eden: 262144K(262144K)->0K(262144K) From: 20564K(43520K)->21084K(43520K)
[1.169s][info][gc,heap        ] GC(5) ParOldGen: 2012K(699392K)->2020K(699392K)
[1.169s][info][gc,metaspace   ] GC(5) Metaspace: 5483K(5760K)->5483K(5760K) NonClass: 4961K(5120K)->4961K(5120K) Class: 522K(640K)->522K(640K)
[1.169s][info][gc             ] GC(5) Pause Young (Allocation Failure) 278M->22M(981M) 3.137ms
[1.169s][info][gc,cpu         ] GC(5) User=0.00s Sys=0.00s Real=0.00s
[1.232s][info][gc,start       ] GC(6) Pause Young (Allocation Failure)
[1.235s][info][gc,heap        ] GC(6) PSYoungGen: 283228K(305664K)->21069K(283648K) Eden: 262144K(262144K)->0K(262144K) From: 21084K(43520K)->21069K(21504K)
[1.235s][info][gc,heap        ] GC(6) ParOldGen: 2020K(699392K)->2020K(699392K)
[1.235s][info][gc,metaspace   ] GC(6) Metaspace: 5483K(5760K)->5483K(5760K) NonClass: 4961K(5120K)->4961K(5120K) Class: 522K(640K)->522K(640K)
[1.235s][info][gc             ] GC(6) Pause Young (Allocation Failure) 278M->22M(960M) 3.202ms
[1.235s][info][gc,cpu         ] GC(6) User=0.00s Sys=0.00s Real=0.00s
[1.311s][info][gc,start       ] GC(7) Pause Young (Allocation Failure)
[1.314s][info][gc,heap        ] GC(7) PSYoungGen: 283213K(283648K)->17512K(295424K) Eden: 262144K(262144K)->0K(263680K) From: 21069K(21504K)->17512K(31744K)
[1.314s][info][gc,heap        ] GC(7) ParOldGen: 2020K(699392K)->2028K(699392K)
[1.314s][info][gc,metaspace   ] GC(7) Metaspace: 5483K(5760K)->5483K(5760K) NonClass: 4961K(5120K)->4961K(5120K) Class: 522K(640K)->522K(640K)
[1.314s][info][gc             ] GC(7) Pause Young (Allocation Failure) 278M->19M(971M) 2.527ms
[1.314s][info][gc,cpu         ] GC(7) User=0.00s Sys=0.00s Real=0.00s
[1.381s][info][gc,start       ] GC(8) Pause Young (Allocation Failure)
[1.389s][info][gc,heap        ] GC(8) PSYoungGen: 281192K(295424K)->4032K(317440K) Eden: 263680K(263680K)->0K(287744K) From: 17512K(31744K)->4032K(29696K)
[1.389s][info][gc,heap        ] GC(8) ParOldGen: 2028K(699392K)->12871K(699392K)
[1.389s][info][gc,metaspace   ] GC(8) Metaspace: 5483K(5760K)->5483K(5760K) NonClass: 4961K(5120K)->4961K(5120K) Class: 522K(640K)->522K(640K)
[1.389s][info][gc             ] GC(8) Pause Young (Allocation Failure) 276M->16M(993M) 7.826ms
[1.389s][info][gc,cpu         ] GC(8) User=0.00s Sys=0.00s Real=0.00s
[1.502s][info][gc,start       ] GC(9) Pause Young (Allocation Failure)
[1.505s][info][gc,heap        ] GC(9) PSYoungGen: 291776K(317440K)->2944K(290816K) Eden: 287744K(287744K)->0K(287744K) From: 4032K(29696K)->2944K(3072K)
[1.505s][info][gc,heap        ] GC(9) ParOldGen: 12871K(699392K)->13778K(699392K)
[1.505s][info][gc,metaspace   ] GC(9) Metaspace: 5483K(5760K)->5483K(5760K) NonClass: 4961K(5120K)->4961K(5120K) Class: 522K(640K)->522K(640K)
[1.505s][info][gc             ] GC(9) Pause Young (Allocation Failure) 297M->16M(967M) 2.958ms
[1.505s][info][gc,cpu         ] GC(9) User=0.00s Sys=0.00s Real=0.00s
[1.681s][info][gc,heap,exit   ] Heap
[1.681s][info][gc,heap,exit   ]  PSYoungGen      total 290816K, used 218869K [0x00000000eab00000, 0x0000000100000000, 0x0000000100000000)
[1.681s][info][gc,heap,exit   ]   eden space 287744K, 75% used [0x00000000eab00000,0x00000000f7ddd6f8,0x00000000fc400000)
[1.681s][info][gc,heap,exit   ]   from space 3072K, 95% used [0x00000000fc400000,0x00000000fc6e0000,0x00000000fc700000)
[1.681s][info][gc,heap,exit   ]   to   space 31744K, 0% used [0x00000000fe100000,0x00000000fe100000,0x0000000100000000)
[1.681s][info][gc,heap,exit   ]  ParOldGen       total 699392K, used 13778K [0x00000000c0000000, 0x00000000eab00000, 0x00000000eab00000)
[1.681s][info][gc,heap,exit   ]   object space 699392K, 1% used [0x00000000c0000000,0x00000000c0d74a20,0x00000000eab00000)
[1.681s][info][gc,heap,exit   ]  Metaspace       used 5519K, committed 5760K, reserved 1114112K
[1.681s][info][gc,heap,exit   ]   class space    used 525K, committed 640K, reserved 1048576K
