[0.017s][info][gc,init] CardTable entry size: 512
[0.017s][info][gc     ] Using Parallel
[0.020s][info][gc,init] Version: 20+36-2344 (release)
[0.020s][info][gc,init] CPUs: 48 total, 48 available
[0.020s][info][gc,init] Memory: 382G
[0.020s][info][gc,init] Large Page Support: Disabled
[0.020s][info][gc,init] NUMA Support: Disabled
[0.020s][info][gc,init] Compressed Oops: Enabled (32-bit)
[0.020s][info][gc,init] Alignments: Space 512K, Generation 512K, Heap 2M
[0.020s][info][gc,init] Heap Min Capacity: 8M
[0.020s][info][gc,init] Heap Initial Capacity: 512M
[0.020s][info][gc,init] Heap Max Capacity: 512M
[0.031s][info][gc,init] Pre-touch: Disabled
[0.031s][info][gc,init] Parallel Workers: 33
[0.032s][info][gc,metaspace] CDS archive(s) mapped at: [0x0000000800000000-0x0000000800c60000-0x0000000800c60000), size 12976128, SharedBaseAddress: 0x0000000800000000, ArchiveRelocationMode: 0.
[0.032s][info][gc,metaspace] Compressed class space mapped at: 0x0000000801000000-0x0000000841000000, reserved size: 1073741824
[0.032s][info][gc,metaspace] Narrow klass base: 0x0000000800000000, Narrow klass shift: 0, Narrow klass range: 0x100000000
[0.409s][info][gc,start    ] GC(0) Pause Young (System.gc())
[0.413s][info][gc,heap     ] GC(0) PSYoungGen: 31580K(153088K)->2174K(153088K) Eden: 31580K(131584K)->0K(131584K) From: 0K(21504K)->2174K(21504K)
[0.413s][info][gc,heap     ] GC(0) ParOldGen: 0K(349696K)->8K(349696K)
[0.413s][info][gc,metaspace] GC(0) Metaspace: 3347K(3584K)->3347K(3584K) NonClass: 3026K(3136K)->3026K(3136K) Class: 320K(448K)->320K(448K)
[0.413s][info][gc          ] GC(0) Pause Young (System.gc()) 30M->2M(491M) 3.932ms
[0.413s][info][gc,cpu      ] GC(0) User=0.00s Sys=0.00s Real=0.00s
[0.413s][info][gc,start    ] GC(1) Pause Full (System.gc())
[0.413s][info][gc,phases,start] GC(1) Marking Phase
[0.418s][info][gc,phases      ] GC(1) Marking Phase 4.308ms
[0.418s][info][gc,phases,start] GC(1) Summary Phase
[0.418s][info][gc,phases      ] GC(1) Summary Phase 0.030ms
[0.418s][info][gc,phases,start] GC(1) Adjust Roots
[0.419s][info][gc,phases      ] GC(1) Adjust Roots 0.885ms
[0.419s][info][gc,phases,start] GC(1) Compaction Phase
[0.425s][info][gc,phases      ] GC(1) Compaction Phase 6.001ms
[0.425s][info][gc,phases,start] GC(1) Post Compact
[0.425s][info][gc,phases      ] GC(1) Post Compact 0.307ms
[0.425s][info][gc,heap        ] GC(1) PSYoungGen: 2174K(153088K)->0K(153088K) Eden: 0K(131584K)->0K(131584K) From: 2174K(21504K)->0K(21504K)
[0.425s][info][gc,heap        ] GC(1) ParOldGen: 8K(349696K)->1988K(349696K)
[0.425s][info][gc,metaspace   ] GC(1) Metaspace: 3347K(3584K)->3347K(3584K) NonClass: 3026K(3136K)->3026K(3136K) Class: 320K(448K)->320K(448K)
[0.425s][info][gc             ] GC(1) Pause Full (System.gc()) 2M->1M(491M) 11.950ms
[0.425s][info][gc,cpu         ] GC(1) User=0.06s Sys=0.00s Real=0.01s
[0.894s][info][gc,start       ] GC(2) Pause Young (Allocation Failure)
[0.906s][info][gc,heap        ] GC(2) PSYoungGen: 131584K(153088K)->18911K(153088K) Eden: 131584K(131584K)->0K(131584K) From: 0K(21504K)->18911K(21504K)
[0.906s][info][gc,heap        ] GC(2) ParOldGen: 1988K(349696K)->1996K(349696K)
[0.906s][info][gc,metaspace   ] GC(2) Metaspace: 5459K(5696K)->5459K(5696K) NonClass: 4938K(5056K)->4938K(5056K) Class: 521K(640K)->521K(640K)
[0.906s][info][gc             ] GC(2) Pause Young (Allocation Failure) 130M->20M(491M) 11.900ms
[0.906s][info][gc,cpu         ] GC(2) User=0.06s Sys=0.45s Real=0.01s
[0.954s][info][gc,start       ] GC(3) Pause Young (Allocation Failure)
[0.964s][info][gc,heap        ] GC(3) PSYoungGen: 150495K(153088K)->19555K(153088K) Eden: 131584K(131584K)->0K(131584K) From: 18911K(21504K)->19555K(21504K)
[0.965s][info][gc,heap        ] GC(3) ParOldGen: 1996K(349696K)->2004K(349696K)
[0.965s][info][gc,metaspace   ] GC(3) Metaspace: 5461K(5696K)->5461K(5696K) NonClass: 4940K(5056K)->4940K(5056K) Class: 521K(640K)->521K(640K)
[0.965s][info][gc             ] GC(3) Pause Young (Allocation Failure) 148M->21M(491M) 10.520ms
[0.965s][info][gc,cpu         ] GC(3) User=0.00s Sys=0.00s Real=0.01s
[0.997s][info][gc,start       ] GC(4) Pause Young (Allocation Failure)
[1.000s][info][gc,heap        ] GC(4) PSYoungGen: 151139K(153088K)->20117K(153088K) Eden: 131584K(131584K)->0K(131584K) From: 19555K(21504K)->20117K(21504K)
[1.065s][info][gc,heap        ] GC(4) ParOldGen: 2004K(349696K)->2012K(349696K)
[1.065s][info][gc,metaspace   ] GC(4) Metaspace: 5463K(5696K)->5463K(5696K) NonClass: 4941K(5056K)->4941K(5056K) Class: 521K(640K)->521K(640K)
[1.065s][info][gc             ] GC(4) Pause Young (Allocation Failure) 149M->21M(491M) 68.705ms
[1.065s][info][gc,cpu         ] GC(4) User=0.58s Sys=0.00s Real=0.07s
[1.115s][info][gc,start       ] GC(5) Pause Young (Allocation Failure)
[1.118s][info][gc,heap        ] GC(5) PSYoungGen: 151701K(153088K)->20384K(153088K) Eden: 131584K(131584K)->0K(131584K) From: 20117K(21504K)->20384K(21504K)
[1.118s][info][gc,heap        ] GC(5) ParOldGen: 2012K(349696K)->2020K(349696K)
[1.118s][info][gc,metaspace   ] GC(5) Metaspace: 5482K(5760K)->5482K(5760K) NonClass: 4960K(5120K)->4960K(5120K) Class: 522K(640K)->522K(640K)
[1.118s][info][gc             ] GC(5) Pause Young (Allocation Failure) 150M->21M(491M) 3.195ms
[1.118s][info][gc,cpu         ] GC(5) User=0.00s Sys=0.00s Real=0.00s
[1.160s][info][gc,start       ] GC(6) Pause Young (Allocation Failure)
[1.163s][info][gc,heap        ] GC(6) PSYoungGen: 151968K(153088K)->20367K(134656K) Eden: 131584K(131584K)->0K(113152K) From: 20384K(21504K)->20367K(21504K)
[1.163s][info][gc,heap        ] GC(6) ParOldGen: 2020K(349696K)->2020K(349696K)
[1.163s][info][gc,metaspace   ] GC(6) Metaspace: 5483K(5760K)->5483K(5760K) NonClass: 4960K(5120K)->4960K(5120K) Class: 522K(640K)->522K(640K)
[1.163s][info][gc             ] GC(6) Pause Young (Allocation Failure) 150M->21M(473M) 2.966ms
[1.163s][info][gc,cpu         ] GC(6) User=0.00s Sys=0.00s Real=0.00s
[1.198s][info][gc,start       ] GC(7) Pause Young (Allocation Failure)
[1.201s][info][gc,heap        ] GC(7) PSYoungGen: 133519K(134656K)->20661K(143872K) Eden: 113152K(113152K)->0K(113152K) From: 20367K(21504K)->20661K(30720K)
[1.201s][info][gc,heap        ] GC(7) ParOldGen: 2020K(349696K)->2020K(349696K)
[1.201s][info][gc,metaspace   ] GC(7) Metaspace: 5483K(5760K)->5483K(5760K) NonClass: 4960K(5120K)->4960K(5120K) Class: 522K(640K)->522K(640K)
[1.201s][info][gc             ] GC(7) Pause Young (Allocation Failure) 132M->22M(482M) 2.959ms
[1.201s][info][gc,cpu         ] GC(7) User=0.48s Sys=0.03s Real=0.00s
[1.237s][info][gc,start       ] GC(8) Pause Young (Allocation Failure)
[1.249s][info][gc,heap        ] GC(8) PSYoungGen: 133813K(143872K)->4786K(141824K) Eden: 113152K(113152K)->0K(111104K) From: 20661K(30720K)->4786K(30720K)
[1.249s][info][gc,heap        ] GC(8) ParOldGen: 2020K(349696K)->18062K(349696K)
[1.249s][info][gc,metaspace   ] GC(8) Metaspace: 5483K(5760K)->5483K(5760K) NonClass: 4960K(5120K)->4960K(5120K) Class: 522K(640K)->522K(640K)
[1.249s][info][gc             ] GC(8) Pause Young (Allocation Failure) 132M->22M(480M) 11.455ms
[1.249s][info][gc,cpu         ] GC(8) User=0.05s Sys=0.47s Real=0.01s
[1.286s][info][gc,start       ] GC(9) Pause Young (Allocation Failure)
[1.288s][info][gc,heap        ] GC(9) PSYoungGen: 115890K(141824K)->4820K(142848K) Eden: 111104K(111104K)->0K(111104K) From: 4786K(30720K)->4820K(31744K)
[1.288s][info][gc,heap        ] GC(9) ParOldGen: 18062K(349696K)->18870K(349696K)
[1.288s][info][gc,metaspace   ] GC(9) Metaspace: 5483K(5760K)->5483K(5760K) NonClass: 4960K(5120K)->4960K(5120K) Class: 522K(640K)->522K(640K)
[1.288s][info][gc             ] GC(9) Pause Young (Allocation Failure) 130M->23M(481M) 1.739ms
[1.288s][info][gc,cpu         ] GC(9) User=0.00s Sys=0.00s Real=0.00s
[1.319s][info][gc,start       ] GC(10) Pause Young (Allocation Failure)
[1.321s][info][gc,heap        ] GC(10) PSYoungGen: 115924K(142848K)->3101K(141824K) Eden: 111104K(111104K)->0K(110080K) From: 4820K(31744K)->3101K(31744K)
[1.321s][info][gc,heap        ] GC(10) ParOldGen: 18870K(349696K)->21099K(349696K)
[1.321s][info][gc,metaspace   ] GC(10) Metaspace: 5483K(5760K)->5483K(5760K) NonClass: 4960K(5120K)->4960K(5120K) Class: 522K(640K)->522K(640K)
[1.321s][info][gc             ] GC(10) Pause Young (Allocation Failure) 131M->23M(480M) 2.011ms
[1.321s][info][gc,cpu         ] GC(10) User=0.00s Sys=0.00s Real=0.00s
[1.351s][info][gc,start       ] GC(11) Pause Young (Allocation Failure)
[1.353s][info][gc,heap        ] GC(11) PSYoungGen: 113181K(141824K)->2538K(142336K) Eden: 110080K(110080K)->0K(110080K) From: 3101K(31744K)->2538K(32256K)
[1.353s][info][gc,heap        ] GC(11) ParOldGen: 21099K(349696K)->23078K(349696K)
[1.353s][info][gc,metaspace   ] GC(11) Metaspace: 5483K(5760K)->5483K(5760K) NonClass: 4960K(5120K)->4960K(5120K) Class: 522K(640K)->522K(640K)
[1.353s][info][gc             ] GC(11) Pause Young (Allocation Failure) 131M->25M(480M) 1.831ms
[1.353s][info][gc,cpu         ] GC(11) User=0.00s Sys=0.00s Real=0.00s
[1.382s][info][gc,start       ] GC(12) Pause Young (Allocation Failure)
[1.384s][info][gc,heap        ] GC(12) PSYoungGen: 112618K(142336K)->1184K(142336K) Eden: 110080K(110080K)->0K(110080K) From: 2538K(32256K)->1184K(32256K)
[1.384s][info][gc,heap        ] GC(12) ParOldGen: 23078K(349696K)->25160K(349696K)
[1.384s][info][gc,metaspace   ] GC(12) Metaspace: 5483K(5760K)->5483K(5760K) NonClass: 4960K(5120K)->4960K(5120K) Class: 522K(640K)->522K(640K)
[1.384s][info][gc             ] GC(12) Pause Young (Allocation Failure) 132M->25M(480M) 1.766ms
[1.384s][info][gc,cpu         ] GC(12) User=0.00s Sys=0.00s Real=0.00s
[1.416s][info][gc,start       ] GC(13) Pause Young (Allocation Failure)
[1.417s][info][gc,heap        ] GC(13) PSYoungGen: 111264K(142336K)->1120K(111616K) Eden: 110080K(110080K)->0K(110080K) From: 1184K(32256K)->1120K(1536K)
[1.417s][info][gc,heap        ] GC(13) ParOldGen: 25160K(349696K)->25720K(349696K)
[1.417s][info][gc,metaspace   ] GC(13) Metaspace: 5483K(5760K)->5483K(5760K) NonClass: 4960K(5120K)->4960K(5120K) Class: 522K(640K)->522K(640K)
[1.417s][info][gc             ] GC(13) Pause Young (Allocation Failure) 133M->26M(450M) 1.256ms
[1.417s][info][gc,cpu         ] GC(13) User=0.00s Sys=0.00s Real=0.00s
[1.451s][info][gc,start       ] GC(14) Pause Young (Allocation Failure)
[1.452s][info][gc,heap        ] GC(14) PSYoungGen: 111200K(111616K)->1120K(142336K) Eden: 110080K(110080K)->0K(110592K) From: 1120K(1536K)->1120K(31744K)
[1.452s][info][gc,heap        ] GC(14) ParOldGen: 25720K(349696K)->26264K(349696K)
[1.452s][info][gc,metaspace   ] GC(14) Metaspace: 5483K(5760K)->5483K(5760K) NonClass: 4960K(5120K)->4960K(5120K) Class: 522K(640K)->522K(640K)
[1.452s][info][gc             ] GC(14) Pause Young (Allocation Failure) 133M->26M(480M) 1.543ms
[1.452s][info][gc,cpu         ] GC(14) User=0.48s Sys=0.00s Real=0.00s
[1.484s][info][gc,start       ] GC(15) Pause Young (Allocation Failure)
[1.485s][info][gc,heap        ] GC(15) PSYoungGen: 111712K(142336K)->1056K(141824K) Eden: 110592K(110592K)->0K(110592K) From: 1120K(31744K)->1056K(31232K)
[1.485s][info][gc,heap        ] GC(15) ParOldGen: 26264K(349696K)->26832K(349696K)
[1.485s][info][gc,metaspace   ] GC(15) Metaspace: 5483K(5760K)->5483K(5760K) NonClass: 4960K(5120K)->4960K(5120K) Class: 522K(640K)->522K(640K)
[1.485s][info][gc             ] GC(15) Pause Young (Allocation Failure) 134M->27M(480M) 1.710ms
[1.485s][info][gc,cpu         ] GC(15) User=0.00s Sys=0.00s Real=0.00s
[1.519s][info][gc,start       ] GC(16) Pause Young (Allocation Failure)
[1.520s][info][gc,heap        ] GC(16) PSYoungGen: 111648K(141824K)->1088K(142336K) Eden: 110592K(110592K)->0K(112640K) From: 1056K(31232K)->1088K(29696K)
[1.520s][info][gc,heap        ] GC(16) ParOldGen: 26832K(349696K)->27232K(349696K)
[1.520s][info][gc,metaspace   ] GC(16) Metaspace: 5483K(5760K)->5483K(5760K) NonClass: 4960K(5120K)->4960K(5120K) Class: 522K(640K)->522K(640K)
[1.520s][info][gc             ] GC(16) Pause Young (Allocation Failure) 135M->27M(480M) 1.189ms
[1.520s][info][gc,cpu         ] GC(16) User=0.00s Sys=0.00s Real=0.00s
[1.552s][info][gc,start       ] GC(17) Pause Young (Allocation Failure)
[1.554s][info][gc,heap        ] GC(17) PSYoungGen: 113728K(142336K)->1056K(142336K) Eden: 112640K(112640K)->0K(112640K) From: 1088K(29696K)->1056K(29696K)
[1.554s][info][gc,heap        ] GC(17) ParOldGen: 27232K(349696K)->27704K(349696K)
[1.554s][info][gc,metaspace   ] GC(17) Metaspace: 5483K(5760K)->5483K(5760K) NonClass: 4960K(5120K)->4960K(5120K) Class: 522K(640K)->522K(640K)
[1.554s][info][gc             ] GC(17) Pause Young (Allocation Failure) 137M->28M(480M) 1.144ms
[1.554s][info][gc,cpu         ] GC(17) User=0.00s Sys=0.00s Real=0.00s
[1.589s][info][gc,start       ] GC(18) Pause Young (Allocation Failure)
[1.590s][info][gc,heap        ] GC(18) PSYoungGen: 113696K(142336K)->1088K(143872K) Eden: 112640K(112640K)->0K(116224K) From: 1056K(29696K)->1088K(27648K)
[1.590s][info][gc,heap        ] GC(18) ParOldGen: 27704K(349696K)->28128K(349696K)
[1.591s][info][gc,metaspace   ] GC(18) Metaspace: 5483K(5760K)->5483K(5760K) NonClass: 4960K(5120K)->4960K(5120K) Class: 522K(640K)->522K(640K)
[1.591s][info][gc             ] GC(18) Pause Young (Allocation Failure) 138M->28M(482M) 1.173ms
[1.591s][info][gc,cpu         ] GC(18) User=0.00s Sys=0.00s Real=0.00s
[1.629s][info][gc,start       ] GC(19) Pause Young (Allocation Failure)
[1.630s][info][gc,heap        ] GC(19) PSYoungGen: 117312K(143872K)->1248K(143872K) Eden: 116224K(116224K)->0K(116224K) From: 1088K(27648K)->1248K(27648K)
[1.630s][info][gc,heap        ] GC(19) ParOldGen: 28128K(349696K)->28680K(349696K)
[1.630s][info][gc,metaspace   ] GC(19) Metaspace: 5483K(5760K)->5483K(5760K) NonClass: 4960K(5120K)->4960K(5120K) Class: 522K(640K)->522K(640K)
[1.630s][info][gc             ] GC(19) Pause Young (Allocation Failure) 142M->29M(482M) 1.608ms
[1.630s][info][gc,cpu         ] GC(19) User=0.00s Sys=0.00s Real=0.00s
[1.682s][info][gc,start       ] GC(20) Pause Young (Allocation Failure)
[1.683s][info][gc,heap        ] GC(20) PSYoungGen: 117472K(143872K)->960K(145920K) Eden: 116224K(116224K)->0K(120320K) From: 1248K(27648K)->960K(25600K)
[1.684s][info][gc,heap        ] GC(20) ParOldGen: 28680K(349696K)->29240K(349696K)
[1.684s][info][gc,metaspace   ] GC(20) Metaspace: 5483K(5760K)->5483K(5760K) NonClass: 4960K(5120K)->4960K(5120K) Class: 522K(640K)->522K(640K)
[1.684s][info][gc             ] GC(20) Pause Young (Allocation Failure) 142M->29M(484M) 1.611ms
[1.684s][info][gc,cpu         ] GC(20) User=0.00s Sys=0.00s Real=0.00s
[1.804s][info][gc,heap,exit   ] Heap
[1.805s][info][gc,heap,exit   ]  PSYoungGen      total 145920K, used 67359K [0x00000000f5580000, 0x00000000ffc80000, 0x0000000100000000)
[1.805s][info][gc,heap,exit   ]   eden space 120320K, 55% used [0x00000000f5580000,0x00000000f9657c90,0x00000000fcb00000)
[1.805s][info][gc,heap,exit   ]   from space 25600K, 3% used [0x00000000fe380000,0x00000000fe470000,0x00000000ffc80000)
[1.805s][info][gc,heap,exit   ]   to   space 25088K, 0% used [0x00000000fcb00000,0x00000000fcb00000,0x00000000fe380000)
[1.805s][info][gc,heap,exit   ]  ParOldGen       total 349696K, used 29240K [0x00000000e0000000, 0x00000000f5580000, 0x00000000f5580000)
[1.805s][info][gc,heap,exit   ]   object space 349696K, 8% used [0x00000000e0000000,0x00000000e1c8e210,0x00000000f5580000)
[1.805s][info][gc,heap,exit   ]  Metaspace       used 5519K, committed 5760K, reserved 1114112K
[1.805s][info][gc,heap,exit   ]   class space    used 525K, committed 640K, reserved 1048576K
