[0.016s][info][gc,init] CardTable entry size: 512
[0.017s][info][gc     ] Using Serial
[0.026s][info][gc,init] Version: 20+36-2344 (release)
[0.026s][info][gc,init] CPUs: 48 total, 48 available
[0.026s][info][gc,init] Memory: 382G
[0.026s][info][gc,init] Large Page Support: Disabled
[0.026s][info][gc,init] NUMA Support: Disabled
[0.026s][info][gc,init] Compressed Oops: Enabled (Zero based)
[0.026s][info][gc,init] Heap Min Capacity: 8M
[0.026s][info][gc,init] Heap Initial Capacity: 2G
[0.026s][info][gc,init] Heap Max Capacity: 4G
[0.026s][info][gc,init] Pre-touch: Disabled
[0.034s][info][gc,metaspace] CDS archive(s) mapped at: [0x0000000800000000-0x0000000800c60000-0x0000000800c60000), size 12976128, SharedBaseAddress: 0x0000000800000000, ArchiveRelocationMode: 0.
[0.034s][info][gc,metaspace] Compressed class space mapped at: 0x0000000801000000-0x0000000841000000, reserved size: 1073741824
[0.034s][info][gc,metaspace] Narrow klass base: 0x0000000800000000, Narrow klass shift: 0, Narrow klass range: 0x100000000
[0.408s][info][gc,start    ] GC(0) Pause Full (System.gc())
[0.408s][info][gc,phases,start] GC(0) Phase 1: Mark live objects
[0.414s][info][gc,phases      ] GC(0) Phase 1: Mark live objects 6.458ms
[0.414s][info][gc,phases,start] GC(0) Phase 2: Compute new object addresses
[0.418s][info][gc,phases      ] GC(0) Phase 2: Compute new object addresses 3.808ms
[0.418s][info][gc,phases,start] GC(0) Phase 3: Adjust pointers
[0.421s][info][gc,phases      ] GC(0) Phase 3: Adjust pointers 2.772ms
[0.421s][info][gc,phases,start] GC(0) Phase 4: Move objects
[0.423s][info][gc,phases      ] GC(0) Phase 4: Move objects 2.471ms
[0.424s][info][gc,heap        ] GC(0) DefNew: 111847K(629120K)->0K(629248K) Eden: 111847K(559232K)->0K(559360K) From: 0K(69888K)->0K(69888K)
[0.424s][info][gc,heap        ] GC(0) Tenured: 0K(1398144K)->1988K(1398144K)
[0.424s][info][gc,metaspace   ] GC(0) Metaspace: 3347K(3584K)->3347K(3584K) NonClass: 3026K(3136K)->3026K(3136K) Class: 320K(448K)->320K(448K)
[0.424s][info][gc             ] GC(0) Pause Full (System.gc()) 109M->1M(1979M) 16.324ms
[0.424s][info][gc,cpu         ] GC(0) User=0.02s Sys=0.00s Real=0.02s
[1.053s][info][gc,start       ] GC(1) Pause Young (Allocation Failure)
[1.077s][info][gc,heap        ] GC(1) DefNew: 559360K(629248K)->19435K(629248K) Eden: 559360K(559360K)->0K(559360K) From: 0K(69888K)->19435K(69888K)
[1.077s][info][gc,heap        ] GC(1) Tenured: 1988K(1398144K)->1988K(1398144K)
[1.077s][info][gc,metaspace   ] GC(1) Metaspace: 5461K(5696K)->5461K(5696K) NonClass: 4940K(5056K)->4940K(5056K) Class: 521K(640K)->521K(640K)
[1.077s][info][gc             ] GC(1) Pause Young (Allocation Failure) 548M->20M(1979M) 23.973ms
[1.077s][info][gc,cpu         ] GC(1) User=0.09s Sys=0.00s Real=0.02s
[1.295s][info][gc,start       ] GC(2) Pause Young (Allocation Failure)
[1.320s][info][gc,heap        ] GC(2) DefNew: 578795K(629248K)->20236K(629248K) Eden: 559360K(559360K)->0K(559360K) From: 19435K(69888K)->20236K(69888K)
[1.320s][info][gc,heap        ] GC(2) Tenured: 1988K(1398144K)->1988K(1398144K)
[1.320s][info][gc,metaspace   ] GC(2) Metaspace: 5483K(5760K)->5483K(5760K) NonClass: 4961K(5120K)->4961K(5120K) Class: 522K(640K)->522K(640K)
[1.321s][info][gc             ] GC(2) Pause Young (Allocation Failure) 567M->21M(1979M) 25.348ms
[1.321s][info][gc,cpu         ] GC(2) User=0.00s Sys=0.03s Real=0.03s
[1.518s][info][gc,start       ] GC(3) Pause Young (Allocation Failure)
[1.543s][info][gc,heap        ] GC(3) DefNew: 579596K(629248K)->16951K(629248K) Eden: 559360K(559360K)->0K(559360K) From: 20236K(69888K)->16951K(69888K)
[1.543s][info][gc,heap        ] GC(3) Tenured: 1988K(1398144K)->1988K(1398144K)
[1.543s][info][gc,metaspace   ] GC(3) Metaspace: 5483K(5760K)->5483K(5760K) NonClass: 4961K(5120K)->4961K(5120K) Class: 522K(640K)->522K(640K)
[1.543s][info][gc             ] GC(3) Pause Young (Allocation Failure) 567M->18M(1979M) 24.652ms
[1.543s][info][gc,cpu         ] GC(3) User=0.03s Sys=0.00s Real=0.03s
[1.689s][info][gc,start       ] GC(4) Pause Young (Allocation Failure)
[1.701s][info][gc,heap        ] GC(4) DefNew: 576311K(629248K)->10483K(629248K) Eden: 559360K(559360K)->0K(559360K) From: 16951K(69888K)->10483K(69888K)
[1.701s][info][gc,heap        ] GC(4) Tenured: 1988K(1398144K)->1988K(1398144K)
[1.701s][info][gc,metaspace   ] GC(4) Metaspace: 5483K(5760K)->5483K(5760K) NonClass: 4961K(5120K)->4961K(5120K) Class: 522K(640K)->522K(640K)
[1.701s][info][gc             ] GC(4) Pause Young (Allocation Failure) 564M->12M(1979M) 12.253ms
[1.701s][info][gc,cpu         ] GC(4) User=0.02s Sys=0.00s Real=0.02s
[1.925s][info][gc,heap,exit   ] Heap
[1.925s][info][gc,heap,exit   ]  def new generation   total 629248K, used 266894K [0x0000000700000000, 0x000000072aac0000, 0x0000000755550000)
[1.925s][info][gc,heap,exit   ]   eden space 559360K,  45% used [0x0000000700000000, 0x000000070fa66be8, 0x0000000722240000)
[1.925s][info][gc,heap,exit   ]   from space 69888K,  15% used [0x0000000722240000, 0x0000000722c7cda8, 0x0000000726680000)
[1.925s][info][gc,heap,exit   ]   to   space 69888K,   0% used [0x0000000726680000, 0x0000000726680000, 0x000000072aac0000)
[1.925s][info][gc,heap,exit   ]  tenured generation   total 1398144K, used 1988K [0x0000000755550000, 0x00000007aaab0000, 0x0000000800000000)
[1.925s][info][gc,heap,exit   ]    the space 1398144K,   0% used [0x0000000755550000, 0x0000000755741018, 0x0000000755741200, 0x00000007aaab0000)
[1.925s][info][gc,heap,exit   ]  Metaspace       used 5519K, committed 5760K, reserved 1114112K
[1.925s][info][gc,heap,exit   ]   class space    used 525K, committed 640K, reserved 1048576K
