[0.017s][info][gc,init] CardTable entry size: 512
[0.017s][info][gc     ] Using Serial
[0.022s][info][gc,init] Version: 20+36-2344 (release)
[0.022s][info][gc,init] CPUs: 48 total, 48 available
[0.022s][info][gc,init] Memory: 382G
[0.022s][info][gc,init] Large Page Support: Disabled
[0.022s][info][gc,init] NUMA Support: Disabled
[0.022s][info][gc,init] Compressed Oops: Enabled (32-bit)
[0.022s][info][gc,init] Heap Min Capacity: 8M
[0.022s][info][gc,init] Heap Initial Capacity: 1G
[0.022s][info][gc,init] Heap Max Capacity: 1G
[0.022s][info][gc,init] Pre-touch: Disabled
[0.034s][info][gc,metaspace] CDS archive(s) mapped at: [0x0000000800000000-0x0000000800c60000-0x0000000800c60000), size 12976128, SharedBaseAddress: 0x0000000800000000, ArchiveRelocationMode: 0.
[0.034s][info][gc,metaspace] Compressed class space mapped at: 0x0000000801000000-0x0000000841000000, reserved size: 1073741824
[0.034s][info][gc,metaspace] Narrow klass base: 0x0000000800000000, Narrow klass shift: 0, Narrow klass range: 0x100000000
[0.411s][info][gc,start    ] GC(0) Pause Full (System.gc())
[0.412s][info][gc,phases,start] GC(0) Phase 1: Mark live objects
[0.418s][info][gc,phases      ] GC(0) Phase 1: Mark live objects 6.398ms
[0.418s][info][gc,phases,start] GC(0) Phase 2: Compute new object addresses
[0.422s][info][gc,phases      ] GC(0) Phase 2: Compute new object addresses 4.067ms
[0.422s][info][gc,phases,start] GC(0) Phase 3: Adjust pointers
[0.425s][info][gc,phases      ] GC(0) Phase 3: Adjust pointers 2.858ms
[0.425s][info][gc,phases,start] GC(0) Phase 4: Move objects
[0.427s][info][gc,phases      ] GC(0) Phase 4: Move objects 1.930ms
[0.427s][info][gc,heap        ] GC(0) DefNew: 61516K(314560K)->0K(314560K) Eden: 61516K(279616K)->0K(279616K) From: 0K(34944K)->0K(34944K)
[0.427s][info][gc,heap        ] GC(0) Tenured: 0K(699072K)->1988K(699072K)
[0.427s][info][gc,metaspace   ] GC(0) Metaspace: 3349K(3584K)->3349K(3584K) NonClass: 3028K(3136K)->3028K(3136K) Class: 320K(448K)->320K(448K)
[0.427s][info][gc             ] GC(0) Pause Full (System.gc()) 60M->1M(989M) 15.973ms
[0.427s][info][gc,cpu         ] GC(0) User=0.02s Sys=0.00s Real=0.02s
[0.918s][info][gc,start       ] GC(1) Pause Young (Allocation Failure)
[0.939s][info][gc,heap        ] GC(1) DefNew: 279616K(314560K)->18626K(314560K) Eden: 279616K(279616K)->0K(279616K) From: 0K(34944K)->18626K(34944K)
[0.939s][info][gc,heap        ] GC(1) Tenured: 1988K(699072K)->1988K(699072K)
[0.939s][info][gc,metaspace   ] GC(1) Metaspace: 5464K(5696K)->5464K(5696K) NonClass: 4943K(5056K)->4943K(5056K) Class: 521K(640K)->521K(640K)
[0.939s][info][gc             ] GC(1) Pause Young (Allocation Failure) 275M->20M(989M) 20.682ms
[0.939s][info][gc,cpu         ] GC(1) User=0.02s Sys=0.02s Real=0.02s
[1.019s][info][gc,start       ] GC(2) Pause Young (Allocation Failure)
[1.044s][info][gc,heap        ] GC(2) DefNew: 298242K(314560K)->1776K(314560K) Eden: 279616K(279616K)->0K(279616K) From: 18626K(34944K)->1776K(34944K)
[1.044s][info][gc,heap        ] GC(2) Tenured: 1988K(699072K)->19862K(699072K)
[1.044s][info][gc,metaspace   ] GC(2) Metaspace: 5485K(5760K)->5485K(5760K) NonClass: 4962K(5120K)->4962K(5120K) Class: 522K(640K)->522K(640K)
[1.044s][info][gc             ] GC(2) Pause Young (Allocation Failure) 293M->21M(989M) 24.487ms
[1.044s][info][gc,cpu         ] GC(2) User=0.06s Sys=0.00s Real=0.02s
[1.153s][info][gc,start       ] GC(3) Pause Young (Allocation Failure)
[1.167s][info][gc,heap        ] GC(3) DefNew: 281392K(314560K)->4968K(314560K) Eden: 279616K(279616K)->0K(279616K) From: 1776K(34944K)->4968K(34944K)
[1.167s][info][gc,heap        ] GC(3) Tenured: 19862K(699072K)->19862K(699072K)
[1.167s][info][gc,metaspace   ] GC(3) Metaspace: 5485K(5760K)->5485K(5760K) NonClass: 4963K(5120K)->4963K(5120K) Class: 522K(640K)->522K(640K)
[1.167s][info][gc             ] GC(3) Pause Young (Allocation Failure) 294M->24M(989M) 13.432ms
[1.167s][info][gc,cpu         ] GC(3) User=0.02s Sys=0.00s Real=0.01s
[1.271s][info][gc,start       ] GC(4) Pause Young (Allocation Failure)
[1.286s][info][gc,heap        ] GC(4) DefNew: 284584K(314560K)->5977K(314560K) Eden: 279616K(279616K)->0K(279616K) From: 4968K(34944K)->5977K(34944K)
[1.286s][info][gc,heap        ] GC(4) Tenured: 19862K(699072K)->19862K(699072K)
[1.286s][info][gc,metaspace   ] GC(4) Metaspace: 5485K(5760K)->5485K(5760K) NonClass: 4963K(5120K)->4963K(5120K) Class: 522K(640K)->522K(640K)
[1.286s][info][gc             ] GC(4) Pause Young (Allocation Failure) 297M->25M(989M) 14.512ms
[1.286s][info][gc,cpu         ] GC(4) User=0.02s Sys=0.00s Real=0.01s
[1.380s][info][gc,start       ] GC(5) Pause Young (Allocation Failure)
[1.405s][info][gc,heap        ] GC(5) DefNew: 285593K(314560K)->6214K(314560K) Eden: 279616K(279616K)->0K(279616K) From: 5977K(34944K)->6214K(34944K)
[1.405s][info][gc,heap        ] GC(5) Tenured: 19862K(699072K)->19862K(699072K)
[1.405s][info][gc,metaspace   ] GC(5) Metaspace: 5485K(5760K)->5485K(5760K) NonClass: 4963K(5120K)->4963K(5120K) Class: 522K(640K)->522K(640K)
[1.405s][info][gc             ] GC(5) Pause Young (Allocation Failure) 298M->25M(989M) 25.365ms
[1.405s][info][gc,cpu         ] GC(5) User=0.02s Sys=0.00s Real=0.03s
[1.523s][info][gc,start       ] GC(6) Pause Young (Allocation Failure)
[1.543s][info][gc,heap        ] GC(6) DefNew: 285830K(314560K)->6263K(314560K) Eden: 279616K(279616K)->0K(279616K) From: 6214K(34944K)->6263K(34944K)
[1.544s][info][gc,heap        ] GC(6) Tenured: 19862K(699072K)->19862K(699072K)
[1.544s][info][gc,metaspace   ] GC(6) Metaspace: 5485K(5760K)->5485K(5760K) NonClass: 4963K(5120K)->4963K(5120K) Class: 522K(640K)->522K(640K)
[1.544s][info][gc             ] GC(6) Pause Young (Allocation Failure) 298M->25M(989M) 20.610ms
[1.544s][info][gc,cpu         ] GC(6) User=0.02s Sys=0.00s Real=0.02s
[1.649s][info][gc,start       ] GC(7) Pause Young (Allocation Failure)
[1.665s][info][gc,heap        ] GC(7) DefNew: 285879K(314560K)->6588K(314560K) Eden: 279616K(279616K)->0K(279616K) From: 6263K(34944K)->6588K(34944K)
[1.665s][info][gc,heap        ] GC(7) Tenured: 19862K(699072K)->19862K(699072K)
[1.665s][info][gc,metaspace   ] GC(7) Metaspace: 5485K(5760K)->5485K(5760K) NonClass: 4963K(5120K)->4963K(5120K) Class: 522K(640K)->522K(640K)
[1.665s][info][gc             ] GC(7) Pause Young (Allocation Failure) 298M->25M(989M) 16.165ms
[1.665s][info][gc,cpu         ] GC(7) User=0.02s Sys=0.00s Real=0.02s
[1.776s][info][gc,start       ] GC(8) Pause Young (Allocation Failure)
[1.789s][info][gc,heap        ] GC(8) DefNew: 286204K(314560K)->5220K(314560K) Eden: 279616K(279616K)->0K(279616K) From: 6588K(34944K)->5220K(34944K)
[1.789s][info][gc,heap        ] GC(8) Tenured: 19862K(699072K)->19862K(699072K)
[1.789s][info][gc,metaspace   ] GC(8) Metaspace: 5485K(5760K)->5485K(5760K) NonClass: 4963K(5120K)->4963K(5120K) Class: 522K(640K)->522K(640K)
[1.789s][info][gc             ] GC(8) Pause Young (Allocation Failure) 298M->24M(989M) 13.508ms
[1.789s][info][gc,cpu         ] GC(8) User=0.03s Sys=0.00s Real=0.02s
[1.941s][info][gc,heap,exit   ] Heap
[1.941s][info][gc,heap,exit   ]  def new generation   total 314560K, used 128408K [0x00000000c0000000, 0x00000000d5550000, 0x00000000d5550000)
[1.941s][info][gc,heap,exit   ]   eden space 279616K,  44% used [0x00000000c0000000, 0x00000000c784cf68, 0x00000000d1110000)
[1.941s][info][gc,heap,exit   ]   from space 34944K,  14% used [0x00000000d1110000, 0x00000000d16293f0, 0x00000000d3330000)
[1.941s][info][gc,heap,exit   ]   to   space 34944K,   0% used [0x00000000d3330000, 0x00000000d3330000, 0x00000000d5550000)
[1.941s][info][gc,heap,exit   ]  tenured generation   total 699072K, used 19862K [0x00000000d5550000, 0x0000000100000000, 0x0000000100000000)
[1.941s][info][gc,heap,exit   ]    the space 699072K,   2% used [0x00000000d5550000, 0x00000000d68b5bb0, 0x00000000d68b5c00, 0x0000000100000000)
[1.941s][info][gc,heap,exit   ]  Metaspace       used 5521K, committed 5760K, reserved 1114112K
[1.941s][info][gc,heap,exit   ]   class space    used 525K, committed 640K, reserved 1048576K
