[0.016s][info][gc,init] Initializing The Z Garbage Collector
[0.017s][info][gc,init] Version: 20+36-2344 (release)
[0.017s][info][gc,init] NUMA Support: Disabled
[0.017s][info][gc,init] CPUs: 48 total, 48 available
[0.017s][info][gc,init] Memory: 391843M
[0.017s][info][gc,init] Large Page Support: Disabled
[0.017s][info][gc,init] GC Workers: 12 (dynamic)
[0.019s][info][gc,init] Address Space Type: Contiguous/Unrestricted/Complete
[0.019s][info][gc,init] Address Space Size: 65536M x 3 = 196608M
[0.019s][info][gc,init] Min Capacity: 8M
[0.019s][info][gc,init] Initial Capacity: 2048M
[0.028s][info][gc,init] Max Capacity: 4096M
[0.028s][info][gc,init] Medium Page Size: 32M
[0.028s][info][gc,init] Pre-touch: Disabled
[0.028s][info][gc,init] Uncommit: Enabled
[0.028s][info][gc,init] Uncommit Delay: 300s
[0.102s][info][gc,init] Runtime Workers: 29
[0.104s][info][gc     ] Using The Z Garbage Collector
[0.105s][info][gc,metaspace] CDS archive(s) mapped at: [0x0000000800000000-0x0000000800c60000-0x0000000800c60000), size 12976128, SharedBaseAddress: 0x0000000800000000, ArchiveRelocationMode: 0.
[0.105s][info][gc,metaspace] Compressed class space mapped at: 0x0000000801000000-0x0000000841000000, reserved size: 1073741824
[0.105s][info][gc,metaspace] Narrow klass base: 0x0000000800000000, Narrow klass shift: 0, Narrow klass range: 0x100000000
[0.432s][info][gc,start    ] GC(0) Garbage Collection (System.gc())
[0.432s][info][gc,task     ] GC(0) Using 12 workers
[0.432s][info][gc,phases   ] GC(0) Pause Mark Start 0.015ms
[0.451s][info][gc,phases   ] GC(0) Concurrent Mark 18.665ms
[0.451s][info][gc,phases   ] GC(0) Pause Mark End 0.030ms
[0.451s][info][gc,phases   ] GC(0) Concurrent Mark Free 0.001ms
[0.452s][info][gc,phases   ] GC(0) Concurrent Process Non-Strong References 0.555ms
[0.452s][info][gc,phases   ] GC(0) Concurrent Reset Relocation Set 0.000ms
[0.466s][info][gc,phases   ] GC(0) Concurrent Select Relocation Set 13.877ms
[0.466s][info][gc,phases   ] GC(0) Pause Relocate Start 0.006ms
[0.468s][info][gc,phases   ] GC(0) Concurrent Relocate 1.824ms
[0.468s][info][gc,load     ] GC(0) Load: 0.00/0.00/0.00
[0.468s][info][gc,mmu      ] GC(0) MMU: 2ms/98.5%, 5ms/99.4%, 10ms/99.7%, 20ms/99.8%, 50ms/99.9%, 100ms/99.9%
[0.468s][info][gc,marking  ] GC(0) Mark: 8 stripe(s), 2 proactive flush(es), 1 terminate flush(es), 0 completion(s), 0 continuation(s) 
[0.468s][info][gc,marking  ] GC(0) Mark Stack Usage: 32M
[0.468s][info][gc,nmethod  ] GC(0) NMethods: 640 registered, 50 unregistered
[0.468s][info][gc,metaspace] GC(0) Metaspace: 3M used, 3M committed, 1088M reserved
[0.468s][info][gc,ref      ] GC(0) Soft: 196 encountered, 0 discovered, 0 enqueued
[0.468s][info][gc,ref      ] GC(0) Weak: 547 encountered, 175 discovered, 139 enqueued
[0.468s][info][gc,ref      ] GC(0) Final: 8 encountered, 0 discovered, 0 enqueued
[0.468s][info][gc,ref      ] GC(0) Phantom: 125 encountered, 92 discovered, 68 enqueued
[0.468s][info][gc,reloc    ] GC(0) Small Pages: 13 / 26M, Empty: 0M, Relocated: 0M, In-Place: 0
[0.468s][info][gc,reloc    ] GC(0) Medium Pages: 1 / 32M, Empty: 0M, Relocated: 0M, In-Place: 0
[0.468s][info][gc,reloc    ] GC(0) Large Pages: 0 / 0M, Empty: 0M, Relocated: 0M, In-Place: 0
[0.468s][info][gc,reloc    ] GC(0) Forwarding Usage: 0M
[0.468s][info][gc,heap     ] GC(0) Min Capacity: 8M(0%)
[0.468s][info][gc,heap     ] GC(0) Max Capacity: 4096M(100%)
[0.468s][info][gc,heap     ] GC(0) Soft Max Capacity: 4096M(100%)
[0.468s][info][gc,heap     ] GC(0)                Mark Start          Mark End        Relocate Start      Relocate End           High               Low         
[0.468s][info][gc,heap     ] GC(0)  Capacity:     2048M (50%)        2048M (50%)        2048M (50%)        2048M (50%)        2048M (50%)        2048M (50%)    
[0.468s][info][gc,heap     ] GC(0)      Free:     4038M (99%)        4038M (99%)        4034M (98%)        4034M (98%)        4038M (99%)        4024M (98%)    
[0.468s][info][gc,heap     ] GC(0)      Used:       58M (1%)           58M (1%)           62M (2%)           62M (2%)           72M (2%)           58M (1%)     
[0.468s][info][gc,heap     ] GC(0)      Live:         -                 2M (0%)            2M (0%)            2M (0%)             -                  -          
[0.468s][info][gc,heap     ] GC(0) Allocated:         -                 0M (0%)            4M (0%)            4M (0%)             -                  -          
[0.468s][info][gc,heap     ] GC(0)   Garbage:         -                55M (1%)           55M (1%)           55M (1%)             -                  -          
[0.468s][info][gc,heap     ] GC(0) Reclaimed:         -                  -                 0M (0%)            0M (0%)             -                  -          
[0.468s][info][gc          ] GC(0) Garbage Collection (System.gc()) 58M(1%)->62M(2%)
[1.131s][info][gc,start    ] GC(1) Garbage Collection (Warmup)
[1.132s][info][gc,task     ] GC(1) Using 12 workers
[1.132s][info][gc,phases   ] GC(1) Pause Mark Start 0.009ms
[1.403s][info][gc,phases   ] GC(1) Concurrent Mark 270.473ms
[1.403s][info][gc,phases   ] GC(1) Pause Mark End 0.023ms
[1.418s][info][gc,phases   ] GC(1) Concurrent Mark Free 0.001ms
[1.434s][info][gc,phases   ] GC(1) Concurrent Process Non-Strong References 15.865ms
[1.434s][info][gc,phases   ] GC(1) Concurrent Reset Relocation Set 0.002ms
[1.483s][info][gc,phases   ] GC(1) Concurrent Select Relocation Set 48.681ms
[1.483s][info][gc,phases   ] GC(1) Pause Relocate Start 0.009ms
[1.515s][info][gc,phases   ] GC(1) Concurrent Relocate 31.765ms
[1.515s][info][gc,load     ] GC(1) Load: 0.00/0.00/0.00
[1.515s][info][gc,mmu      ] GC(1) MMU: 2ms/98.5%, 5ms/99.4%, 10ms/99.7%, 20ms/99.8%, 50ms/99.9%, 100ms/99.9%
[1.515s][info][gc,marking  ] GC(1) Mark: 8 stripe(s), 3 proactive flush(es), 1 terminate flush(es), 0 completion(s), 0 continuation(s) 
[1.515s][info][gc,marking  ] GC(1) Mark Stack Usage: 32M
[1.515s][info][gc,nmethod  ] GC(1) NMethods: 1131 registered, 114 unregistered
[1.515s][info][gc,metaspace] GC(1) Metaspace: 5M used, 5M committed, 1088M reserved
[1.515s][info][gc,ref      ] GC(1) Soft: 252 encountered, 0 discovered, 0 enqueued
[1.515s][info][gc,ref      ] GC(1) Weak: 493 encountered, 209 discovered, 40 enqueued
[1.515s][info][gc,ref      ] GC(1) Final: 8 encountered, 7 discovered, 0 enqueued
[1.515s][info][gc,ref      ] GC(1) Phantom: 76 encountered, 73 discovered, 20 enqueued
[1.515s][info][gc,reloc    ] GC(1) Small Pages: 213 / 426M, Empty: 4M, Relocated: 23M, In-Place: 0
[1.515s][info][gc,reloc    ] GC(1) Medium Pages: 1 / 32M, Empty: 0M, Relocated: 0M, In-Place: 0
[1.515s][info][gc,reloc    ] GC(1) Large Pages: 0 / 0M, Empty: 0M, Relocated: 0M, In-Place: 0
[1.515s][info][gc,reloc    ] GC(1) Forwarding Usage: 8M
[1.515s][info][gc,heap     ] GC(1) Min Capacity: 8M(0%)
[1.515s][info][gc,heap     ] GC(1) Max Capacity: 4096M(100%)
[1.515s][info][gc,heap     ] GC(1) Soft Max Capacity: 4096M(100%)
[1.515s][info][gc,heap     ] GC(1)                Mark Start          Mark End        Relocate Start      Relocate End           High               Low         
[1.515s][info][gc,heap     ] GC(1)  Capacity:     2048M (50%)        2048M (50%)        2048M (50%)        2048M (50%)        2048M (50%)        2048M (50%)    
[1.515s][info][gc,heap     ] GC(1)      Free:     3638M (89%)        3336M (81%)        3242M (79%)        3596M (88%)        3638M (89%)        3222M (79%)    
[1.515s][info][gc,heap     ] GC(1)      Used:      458M (11%)         760M (19%)         854M (21%)         500M (12%)         874M (21%)         458M (11%)    
[1.515s][info][gc,heap     ] GC(1)      Live:         -                24M (1%)           24M (1%)           24M (1%)             -                  -          
[1.515s][info][gc,heap     ] GC(1) Allocated:         -               302M (7%)          400M (10%)         431M (11%)            -                  -          
[1.515s][info][gc,heap     ] GC(1)   Garbage:         -               433M (11%)         429M (10%)          43M (1%)             -                  -          
[1.515s][info][gc,heap     ] GC(1) Reclaimed:         -                  -                 4M (0%)          389M (10%)            -                  -          
[1.516s][info][gc          ] GC(1) Garbage Collection (Warmup) 458M(11%)->500M(12%)
[1.637s][info][gc,start    ] GC(2) Garbage Collection (Warmup)
[1.637s][info][gc,task     ] GC(2) Using 12 workers
[1.637s][info][gc,phases   ] GC(2) Pause Mark Start 0.012ms
[2.043s][info][gc,phases   ] GC(2) Concurrent Mark 405.716ms
[2.043s][info][gc,phases   ] GC(2) Pause Mark End 0.024ms
[2.043s][info][gc,phases   ] GC(2) Concurrent Mark Free 0.002ms
[2.044s][info][gc,phases   ] GC(2) Concurrent Process Non-Strong References 1.109ms
[2.044s][info][gc,phases   ] GC(2) Concurrent Reset Relocation Set 0.039ms
[2.066s][info][gc,phases   ] GC(2) Concurrent Select Relocation Set 21.148ms
[2.066s][info][gc,phases   ] GC(2) Pause Relocate Start 0.005ms
[2.202s][info][gc,phases   ] GC(2) Concurrent Relocate 135.635ms
[2.211s][info][gc,load     ] GC(2) Load: 0.00/0.00/0.00
[2.211s][info][gc,mmu      ] GC(2) MMU: 2ms/98.5%, 5ms/99.4%, 10ms/99.7%, 20ms/99.8%, 50ms/99.9%, 100ms/99.9%
[2.211s][info][gc,marking  ] GC(2) Mark: 8 stripe(s), 8 proactive flush(es), 1 terminate flush(es), 0 completion(s), 0 continuation(s) 
[2.211s][info][gc,marking  ] GC(2) Mark Stack Usage: 32M
[2.211s][info][gc,nmethod  ] GC(2) NMethods: 1121 registered, 155 unregistered
[2.211s][info][gc,metaspace] GC(2) Metaspace: 5M used, 5M committed, 1088M reserved
[2.212s][info][gc,ref      ] GC(2) Soft: 252 encountered, 0 discovered, 0 enqueued
[2.212s][info][gc,ref      ] GC(2) Weak: 453 encountered, 152 discovered, 0 enqueued
[2.212s][info][gc,ref      ] GC(2) Final: 8 encountered, 8 discovered, 0 enqueued
[2.212s][info][gc,ref      ] GC(2) Phantom: 56 encountered, 37 discovered, 0 enqueued
[2.212s][info][gc,reloc    ] GC(2) Small Pages: 399 / 798M, Empty: 36M, Relocated: 15M, In-Place: 0
[2.212s][info][gc,reloc    ] GC(2) Medium Pages: 1 / 32M, Empty: 0M, Relocated: 0M, In-Place: 0
[2.212s][info][gc,reloc    ] GC(2) Large Pages: 0 / 0M, Empty: 0M, Relocated: 0M, In-Place: 0
[2.212s][info][gc,reloc    ] GC(2) Forwarding Usage: 5M
[2.212s][info][gc,heap     ] GC(2) Min Capacity: 8M(0%)
[2.212s][info][gc,heap     ] GC(2) Max Capacity: 4096M(100%)
[2.212s][info][gc,heap     ] GC(2) Soft Max Capacity: 4096M(100%)
[2.212s][info][gc,heap     ] GC(2)                Mark Start          Mark End        Relocate Start      Relocate End           High               Low         
[2.212s][info][gc,heap     ] GC(2)  Capacity:     2048M (50%)        2048M (50%)        2048M (50%)        2048M (50%)        2048M (50%)        2048M (50%)    
[2.212s][info][gc,heap     ] GC(2)      Free:     3266M (80%)        2856M (70%)        2864M (70%)        3422M (84%)        3426M (84%)        2844M (69%)    
[2.212s][info][gc,heap     ] GC(2)      Used:      830M (20%)        1240M (30%)        1232M (30%)         674M (16%)        1252M (31%)         670M (16%)    
[2.212s][info][gc,heap     ] GC(2)      Live:         -                25M (1%)           25M (1%)           25M (1%)             -                  -          
[2.212s][info][gc,heap     ] GC(2) Allocated:         -               410M (10%)         438M (11%)         599M (15%)            -                  -          
[2.212s][info][gc,heap     ] GC(2)   Garbage:         -               804M (20%)         768M (19%)          49M (1%)             -                  -          
[2.212s][info][gc,heap     ] GC(2) Reclaimed:         -                  -                36M (1%)          755M (18%)            -                  -          
[2.212s][info][gc          ] GC(2) Garbage Collection (Warmup) 830M(20%)->674M(16%)
[2.230s][info][gc,start    ] GC(3) Garbage Collection (Allocation Rate)
[2.230s][info][gc,task     ] GC(3) Using 12 workers
[2.230s][info][gc,phases   ] GC(3) Pause Mark Start 0.009ms
[2.308s][info][gc,phases   ] GC(3) Concurrent Mark 77.800ms
[2.308s][info][gc,phases   ] GC(3) Pause Mark End 0.016ms
[2.309s][info][gc,phases   ] GC(3) Concurrent Mark Free 0.001ms
[2.309s][info][gc,phases   ] GC(3) Concurrent Process Non-Strong References 0.661ms
[2.309s][info][gc,phases   ] GC(3) Concurrent Reset Relocation Set 0.087ms
[2.313s][info][gc,phases   ] GC(3) Concurrent Select Relocation Set 3.618ms
[2.313s][info][gc,phases   ] GC(3) Pause Relocate Start 0.006ms
[2.349s][info][gc,phases   ] GC(3) Concurrent Relocate 35.938ms
[2.349s][info][gc,load     ] GC(3) Load: 0.00/0.00/0.00
[2.349s][info][gc,mmu      ] GC(3) MMU: 2ms/98.5%, 5ms/99.4%, 10ms/99.7%, 20ms/99.8%, 50ms/99.9%, 100ms/99.9%
[2.349s][info][gc,marking  ] GC(3) Mark: 8 stripe(s), 3 proactive flush(es), 1 terminate flush(es), 0 completion(s), 0 continuation(s) 
[2.349s][info][gc,marking  ] GC(3) Mark Stack Usage: 32M
[2.349s][info][gc,nmethod  ] GC(3) NMethods: 1105 registered, 172 unregistered
[2.349s][info][gc,metaspace] GC(3) Metaspace: 5M used, 5M committed, 1088M reserved
[2.349s][info][gc,ref      ] GC(3) Soft: 252 encountered, 0 discovered, 0 enqueued
[2.349s][info][gc,ref      ] GC(3) Weak: 453 encountered, 169 discovered, 0 enqueued
[2.349s][info][gc,ref      ] GC(3) Final: 8 encountered, 8 discovered, 0 enqueued
[2.349s][info][gc,ref      ] GC(3) Phantom: 56 encountered, 12 discovered, 0 enqueued
[2.349s][info][gc,reloc    ] GC(3) Small Pages: 358 / 716M, Empty: 102M, Relocated: 12M, In-Place: 0
[2.349s][info][gc,reloc    ] GC(3) Medium Pages: 1 / 32M, Empty: 0M, Relocated: 0M, In-Place: 0
[2.349s][info][gc,reloc    ] GC(3) Large Pages: 0 / 0M, Empty: 0M, Relocated: 0M, In-Place: 0
[2.349s][info][gc,reloc    ] GC(3) Forwarding Usage: 4M
[2.349s][info][gc,heap     ] GC(3) Min Capacity: 8M(0%)
[2.349s][info][gc,heap     ] GC(3) Max Capacity: 4096M(100%)
[2.349s][info][gc,heap     ] GC(3) Soft Max Capacity: 4096M(100%)
[2.350s][info][gc,heap     ] GC(3)                Mark Start          Mark End        Relocate Start      Relocate End           High               Low         
[2.350s][info][gc,heap     ] GC(3)  Capacity:     2048M (50%)        2048M (50%)        2048M (50%)        2048M (50%)        2048M (50%)        2048M (50%)    
[2.350s][info][gc,heap     ] GC(3)      Free:     3348M (82%)        3158M (77%)        3252M (79%)        3760M (92%)        3762M (92%)        3150M (77%)    
[2.350s][info][gc,heap     ] GC(3)      Used:      748M (18%)         938M (23%)         844M (21%)         336M (8%)          946M (23%)         334M (8%)     
[2.350s][info][gc,heap     ] GC(3)      Live:         -                17M (0%)           17M (0%)           17M (0%)             -                  -          
[2.350s][info][gc,heap     ] GC(3) Allocated:         -               190M (5%)          198M (5%)          269M (7%)             -                  -          
[2.350s][info][gc,heap     ] GC(3)   Garbage:         -               730M (18%)         628M (15%)          48M (1%)             -                  -          
[2.350s][info][gc,heap     ] GC(3) Reclaimed:         -                  -               102M (2%)          681M (17%)            -                  -          
[2.350s][info][gc          ] GC(3) Garbage Collection (Allocation Rate) 748M(18%)->336M(8%)
[2.599s][info][gc,heap,exit] Heap
[2.599s][info][gc,heap,exit]  ZHeap           used 632M, capacity 2048M, max capacity 4096M
[2.599s][info][gc,heap,exit]  Metaspace       used 5513K, committed 5760K, reserved 1114112K
[2.599s][info][gc,heap,exit]   class space    used 525K, committed 640K, reserved 1048576K
