[0.016s][info][gc] Using Epsilon
[0.022s][info][gc,init] Version: 20+36-2344 (release)
[0.022s][info][gc,init] CPUs: 48 total, 48 available
[0.022s][info][gc,init] Memory: 382G
[0.022s][info][gc,init] Large Page Support: Disabled
[0.022s][info][gc,init] NUMA Support: Disabled
[0.022s][info][gc,init] Compressed Oops: Enabled (Zero based)
[0.022s][info][gc,init] Heap Min Capacity: 6656K
[0.022s][info][gc,init] Heap Initial Capacity: 2G
[0.022s][info][gc,init] Heap Max Capacity: 4G
[0.022s][info][gc,init] Pre-touch: Disabled
[0.022s][warning][gc,init] Consider setting -Xms equal to -Xmx to avoid resizing hiccups
[0.033s][warning][gc,init] Consider enabling -XX:+AlwaysPreTouch to avoid memory commit hiccups
[0.033s][info   ][gc,init] TLAB Size Max: 4M
[0.033s][info   ][gc,init] TLAB Size Elasticity: 1.10x
[0.033s][info   ][gc,init] TLAB Size Decay Time: 1000ms
[0.034s][info   ][gc,metaspace] CDS archive(s) mapped at: [0x0000000800000000-0x0000000800c60000-0x0000000800c60000), size 12976128, SharedBaseAddress: 0x0000000800000000, ArchiveRelocationMode: 0.
[0.034s][info   ][gc,metaspace] Compressed class space mapped at: 0x0000000801000000-0x0000000841000000, reserved size: 1073741824
[0.034s][info   ][gc,metaspace] Narrow klass base: 0x0000000800000000, Narrow klass shift: 0, Narrow klass range: 0x100000000
[1.114s][info   ][gc          ] GC request for "System.gc()" is ignored
[1.523s][info   ][gc          ] GC request for "System.gc()" is ignored
[1.758s][info   ][gc          ] GC request for "System.gc()" is ignored
[1.997s][info   ][gc          ] GC request for "System.gc()" is ignored
[2.183s][info   ][gc          ] Heap: 4096M reserved, 2048M (50.00%) committed, 207M (5.06%) used
[2.183s][info   ][gc,metaspace] Metaspace: 1088M reserved, 12352K (1.11%) committed, 12164K (1.09%) used
[2.272s][info   ][gc          ] GC request for "System.gc()" is ignored
[2.592s][info   ][gc          ] GC request for "System.gc()" is ignored
[2.723s][info   ][gc          ] Heap: 4096M reserved, 2048M (50.00%) committed, 415M (10.14%) used
[2.724s][info   ][gc,metaspace] Metaspace: 1088M reserved, 12352K (1.11%) committed, 12170K (1.09%) used
[2.901s][info   ][gc          ] GC request for "System.gc()" is ignored
[3.240s][info   ][gc          ] GC request for "System.gc()" is ignored
[3.281s][info   ][gc          ] Heap: 4096M reserved, 2048M (50.00%) committed, 623M (15.21%) used
[3.281s][info   ][gc,metaspace] Metaspace: 1088M reserved, 12352K (1.11%) committed, 12178K (1.09%) used
[3.549s][info   ][gc          ] GC request for "System.gc()" is ignored
[3.825s][info   ][gc          ] Heap: 4096M reserved, 2048M (50.00%) committed, 831M (20.29%) used
[3.825s][info   ][gc,metaspace] Metaspace: 1088M reserved, 12352K (1.11%) committed, 12188K (1.09%) used
[3.874s][info   ][gc          ] GC request for "System.gc()" is ignored
[4.196s][info   ][gc          ] GC request for "System.gc()" is ignored
[4.369s][info   ][gc          ] Heap: 4096M reserved, 2048M (50.00%) committed, 1039M (25.37%) used
[4.369s][info   ][gc,metaspace] Metaspace: 1088M reserved, 12352K (1.11%) committed, 12191K (1.09%) used
[4.519s][info   ][gc          ] GC request for "System.gc()" is ignored
[4.843s][info   ][gc          ] GC request for "System.gc()" is ignored
[4.925s][info   ][gc          ] Heap: 4096M reserved, 2048M (50.00%) committed, 1247M (30.45%) used
[4.925s][info   ][gc,metaspace] Metaspace: 1088M reserved, 12352K (1.11%) committed, 12192K (1.09%) used
[5.151s][info   ][gc          ] GC request for "System.gc()" is ignored
[5.472s][info   ][gc          ] GC request for "System.gc()" is ignored
[5.482s][info   ][gc          ] Heap: 4096M reserved, 2048M (50.00%) committed, 1455M (35.53%) used
[5.482s][info   ][gc,metaspace] Metaspace: 1088M reserved, 12416K (1.11%) committed, 12203K (1.10%) used
[5.794s][info   ][gc          ] GC request for "System.gc()" is ignored
[6.032s][info   ][gc          ] Heap: 4096M reserved, 2048M (50.00%) committed, 1663M (40.60%) used
[6.033s][info   ][gc,metaspace] Metaspace: 1088M reserved, 12416K (1.11%) committed, 12211K (1.10%) used
[6.132s][info   ][gc          ] GC request for "System.gc()" is ignored
[6.485s][info   ][gc          ] GC request for "System.gc()" is ignored
[6.631s][info   ][gc          ] Heap: 4096M reserved, 2048M (50.00%) committed, 1871M (45.68%) used
[6.632s][info   ][gc,metaspace] Metaspace: 1088M reserved, 12416K (1.11%) committed, 12212K (1.10%) used
[6.806s][info   ][gc          ] GC request for "System.gc()" is ignored
[7.118s][info   ][gc          ] GC request for "System.gc()" is ignored
[7.162s][info   ][gc          ] Heap: 4096M reserved, 2176M (53.13%) committed, 2079M (50.76%) used
[7.162s][info   ][gc,metaspace] Metaspace: 1088M reserved, 12416K (1.11%) committed, 12213K (1.10%) used
[7.425s][info   ][gc          ] GC request for "System.gc()" is ignored
[7.697s][info   ][gc          ] Heap: 4096M reserved, 2304M (56.25%) committed, 2287M (55.84%) used
[7.697s][info   ][gc,metaspace] Metaspace: 1088M reserved, 12416K (1.11%) committed, 12214K (1.10%) used
[7.743s][info   ][gc          ] GC request for "System.gc()" is ignored
[8.062s][info   ][gc          ] GC request for "System.gc()" is ignored
[8.249s][info   ][gc          ] Heap: 4096M reserved, 2560M (62.50%) committed, 2495M (60.92%) used
[8.249s][info   ][gc,metaspace] Metaspace: 1088M reserved, 12416K (1.11%) committed, 12240K (1.10%) used
[8.381s][info   ][gc          ] GC request for "System.gc()" is ignored
[8.713s][info   ][gc          ] GC request for "System.gc()" is ignored
[8.811s][info   ][gc          ] Heap: 4096M reserved, 2816M (68.75%) committed, 2703M (66.00%) used
[8.811s][info   ][gc,metaspace] Metaspace: 1088M reserved, 12416K (1.11%) committed, 12241K (1.10%) used
[9.031s][info   ][gc          ] GC request for "System.gc()" is ignored
[9.336s][info   ][gc          ] GC request for "System.gc()" is ignored
[9.342s][info   ][gc          ] Heap: 4096M reserved, 2944M (71.88%) committed, 2911M (71.07%) used
[9.342s][info   ][gc,metaspace] Metaspace: 1088M reserved, 12416K (1.11%) committed, 12255K (1.10%) used
[9.657s][info   ][gc          ] GC request for "System.gc()" is ignored
[9.893s][info   ][gc          ] Heap: 4096M reserved, 3200M (78.13%) committed, 3119M (76.15%) used
[9.893s][info   ][gc,metaspace] Metaspace: 1088M reserved, 12416K (1.11%) committed, 12255K (1.10%) used
[9.975s][info   ][gc          ] GC request for "System.gc()" is ignored
[10.278s][info   ][gc          ] GC request for "System.gc()" is ignored
[10.413s][info   ][gc          ] Heap: 4096M reserved, 3328M (81.25%) committed, 3327M (81.23%) used
[10.413s][info   ][gc,metaspace] Metaspace: 1088M reserved, 12416K (1.11%) committed, 12258K (1.10%) used
[10.596s][info   ][gc          ] GC request for "System.gc()" is ignored
[10.915s][info   ][gc          ] GC request for "System.gc()" is ignored
[10.961s][info   ][gc          ] Heap: 4096M reserved, 3584M (87.50%) committed, 3535M (86.31%) used
[10.961s][info   ][gc,metaspace] Metaspace: 1088M reserved, 12480K (1.12%) committed, 12268K (1.10%) used
[11.219s][info   ][gc          ] GC request for "System.gc()" is ignored
[11.491s][info   ][gc          ] Heap: 4096M reserved, 3840M (93.75%) committed, 3743M (91.39%) used
[11.491s][info   ][gc,metaspace] Metaspace: 1088M reserved, 12480K (1.12%) committed, 12269K (1.10%) used
[11.535s][info   ][gc          ] GC request for "System.gc()" is ignored
[11.853s][info   ][gc          ] GC request for "System.gc()" is ignored
[12.044s][info   ][gc          ] Heap: 4096M reserved, 3968M (96.88%) committed, 3951M (96.46%) used
[12.044s][info   ][gc,metaspace] Metaspace: 1088M reserved, 12480K (1.12%) committed, 12269K (1.10%) used
[12.174s][info   ][gc          ] GC request for "System.gc()" is ignored
