[0.016s][info][gc] Using Epsilon
[0.022s][info][gc,init] Version: 20+36-2344 (release)
[0.022s][info][gc,init] CPUs: 48 total, 48 available
[0.022s][info][gc,init] Memory: 382G
[0.022s][info][gc,init] Large Page Support: Disabled
[0.022s][info][gc,init] NUMA Support: Disabled
[0.022s][info][gc,init] Compressed Oops: Enabled (32-bit)
[0.022s][info][gc,init] Heap Min Capacity: 6656K
[0.022s][info][gc,init] Heap Initial Capacity: 2G
[0.022s][info][gc,init] Heap Max Capacity: 2G
[0.022s][info][gc,init] Pre-touch: Disabled
[0.022s][warning][gc,init] Consider enabling -XX:+AlwaysPreTouch to avoid memory commit hiccups
[0.033s][info   ][gc,init] TLAB Size Max: 4M
[0.033s][info   ][gc,init] TLAB Size Elasticity: 1.10x
[0.033s][info   ][gc,init] TLAB Size Decay Time: 1000ms
[0.034s][info   ][gc,metaspace] CDS archive(s) mapped at: [0x0000000800000000-0x0000000800c60000-0x0000000800c60000), size 12976128, SharedBaseAddress: 0x0000000800000000, ArchiveRelocationMode: 0.
[0.035s][info   ][gc,metaspace] Compressed class space mapped at: 0x0000000801000000-0x0000000841000000, reserved size: 1073741824
[0.035s][info   ][gc,metaspace] Narrow klass base: 0x0000000800000000, Narrow klass shift: 0, Narrow klass range: 0x100000000
[1.261s][info   ][gc          ] GC request for "System.gc()" is ignored
[1.536s][info   ][gc          ] Heap: 2048M reserved, 2048M (100.00%) committed, 103M (5.04%) used
[1.536s][info   ][gc,metaspace] Metaspace: 1088M reserved, 12288K (1.10%) committed, 12046K (1.08%) used
[1.658s][info   ][gc          ] GC request for "System.gc()" is ignored
[1.894s][info   ][gc          ] GC request for "System.gc()" is ignored
[2.141s][info   ][gc          ] Heap: 2048M reserved, 2048M (100.00%) committed, 207M (10.12%) used
[2.141s][info   ][gc,metaspace] Metaspace: 1088M reserved, 12288K (1.10%) committed, 12115K (1.09%) used
[2.159s][info   ][gc          ] GC request for "System.gc()" is ignored
[2.453s][info   ][gc          ] Heap: 2048M reserved, 2048M (100.00%) committed, 311M (15.19%) used
[2.453s][info   ][gc,metaspace] Metaspace: 1088M reserved, 12352K (1.11%) committed, 12164K (1.09%) used
[2.509s][info   ][gc          ] GC request for "System.gc()" is ignored
[2.733s][info   ][gc          ] Heap: 2048M reserved, 2048M (100.00%) committed, 415M (20.27%) used
[2.733s][info   ][gc,metaspace] Metaspace: 1088M reserved, 12352K (1.11%) committed, 12168K (1.09%) used
[2.825s][info   ][gc          ] GC request for "System.gc()" is ignored
[2.991s][info   ][gc          ] Heap: 2048M reserved, 2048M (100.00%) committed, 519M (25.35%) used
[2.991s][info   ][gc,metaspace] Metaspace: 1088M reserved, 12352K (1.11%) committed, 12170K (1.09%) used
[3.139s][info   ][gc          ] GC request for "System.gc()" is ignored
[3.268s][info   ][gc          ] Heap: 2048M reserved, 2048M (100.00%) committed, 623M (30.43%) used
[3.268s][info   ][gc,metaspace] Metaspace: 1088M reserved, 12352K (1.11%) committed, 12170K (1.09%) used
[3.448s][info   ][gc          ] GC request for "System.gc()" is ignored
[3.524s][info   ][gc          ] Heap: 2048M reserved, 2048M (100.00%) committed, 727M (35.51%) used
[3.524s][info   ][gc,metaspace] Metaspace: 1088M reserved, 12352K (1.11%) committed, 12178K (1.09%) used
[3.753s][info   ][gc          ] GC request for "System.gc()" is ignored
[3.789s][info   ][gc          ] Heap: 2048M reserved, 2048M (100.00%) committed, 831M (40.58%) used
[3.789s][info   ][gc,metaspace] Metaspace: 1088M reserved, 12352K (1.11%) committed, 12188K (1.09%) used
[4.054s][info   ][gc          ] Heap: 2048M reserved, 2048M (100.00%) committed, 935M (45.66%) used
[4.054s][info   ][gc,metaspace] Metaspace: 1088M reserved, 12352K (1.11%) committed, 12188K (1.09%) used
[4.070s][info   ][gc          ] GC request for "System.gc()" is ignored
[4.334s][info   ][gc          ] Heap: 2048M reserved, 2048M (100.00%) committed, 1039M (50.74%) used
[4.334s][info   ][gc,metaspace] Metaspace: 1088M reserved, 12352K (1.11%) committed, 12191K (1.09%) used
[4.388s][info   ][gc          ] GC request for "System.gc()" is ignored
[4.599s][info   ][gc          ] Heap: 2048M reserved, 2048M (100.00%) committed, 1143M (55.82%) used
[4.600s][info   ][gc,metaspace] Metaspace: 1088M reserved, 12352K (1.11%) committed, 12191K (1.09%) used
[4.690s][info   ][gc          ] GC request for "System.gc()" is ignored
[4.854s][info   ][gc          ] Heap: 2048M reserved, 2048M (100.00%) committed, 1247M (60.90%) used
[4.854s][info   ][gc,metaspace] Metaspace: 1088M reserved, 12352K (1.11%) committed, 12192K (1.09%) used
[4.993s][info   ][gc          ] GC request for "System.gc()" is ignored
[5.120s][info   ][gc          ] Heap: 2048M reserved, 2048M (100.00%) committed, 1351M (65.97%) used
[5.120s][info   ][gc,metaspace] Metaspace: 1088M reserved, 12352K (1.11%) committed, 12192K (1.09%) used
[5.299s][info   ][gc          ] GC request for "System.gc()" is ignored
[5.374s][info   ][gc          ] Heap: 2048M reserved, 2048M (100.00%) committed, 1455M (71.05%) used
[5.374s][info   ][gc,metaspace] Metaspace: 1088M reserved, 12416K (1.11%) committed, 12210K (1.10%) used
[5.601s][info   ][gc          ] GC request for "System.gc()" is ignored
[5.639s][info   ][gc          ] Heap: 2048M reserved, 2048M (100.00%) committed, 1559M (76.13%) used
[5.639s][info   ][gc,metaspace] Metaspace: 1088M reserved, 12416K (1.11%) committed, 12214K (1.10%) used
[5.904s][info   ][gc          ] Heap: 2048M reserved, 2048M (100.00%) committed, 1663M (81.21%) used
[5.904s][info   ][gc,metaspace] Metaspace: 1088M reserved, 12416K (1.11%) committed, 12214K (1.10%) used
[5.919s][info   ][gc          ] GC request for "System.gc()" is ignored
[6.186s][info   ][gc          ] Heap: 2048M reserved, 2048M (100.00%) committed, 1767M (86.29%) used
[6.186s][info   ][gc,metaspace] Metaspace: 1088M reserved, 12416K (1.11%) committed, 12222K (1.10%) used
[6.238s][info   ][gc          ] GC request for "System.gc()" is ignored
[6.452s][info   ][gc          ] Heap: 2048M reserved, 2048M (100.00%) committed, 1871M (91.37%) used
[6.452s][info   ][gc,metaspace] Metaspace: 1088M reserved, 12416K (1.11%) committed, 12224K (1.10%) used
[6.542s][info   ][gc          ] GC request for "System.gc()" is ignored
[6.707s][info   ][gc          ] Heap: 2048M reserved, 2048M (100.00%) committed, 1975M (96.44%) used
[6.707s][info   ][gc,metaspace] Metaspace: 1088M reserved, 12416K (1.11%) committed, 12224K (1.10%) used
[6.847s][info   ][gc          ] GC request for "System.gc()" is ignored
