[0.016s][info][gc,init] CardTable entry size: 512
[0.017s][info][gc     ] Using G1
[0.031s][info][gc,init] Version: 20+36-2344 (release)
[0.031s][info][gc,init] CPUs: 48 total, 48 available
[0.031s][info][gc,init] Memory: 382G
[0.031s][info][gc,init] Large Page Support: Disabled
[0.031s][info][gc,init] NUMA Support: Disabled
[0.031s][info][gc,init] Compressed Oops: Enabled (32-bit)
[0.031s][info][gc,init] Heap Region Size: 1M
[0.031s][info][gc,init] Heap Min Capacity: 8M
[0.031s][info][gc,init] Heap Initial Capacity: 1G
[0.031s][info][gc,init] Heap Max Capacity: 1G
[0.042s][info][gc,init] Pre-touch: Disabled
[0.042s][info][gc,init] Parallel Workers: 33
[0.042s][info][gc,init] Concurrent Workers: 8
[0.042s][info][gc,init] Concurrent Refinement Workers: 33
[0.042s][info][gc,init] Periodic GC: Disabled
[0.043s][info][gc,metaspace] CDS archive(s) mapped at: [0x0000000800000000-0x0000000800c60000-0x0000000800c60000), size 12976128, SharedBaseAddress: 0x0000000800000000, ArchiveRelocationMode: 0.
[0.043s][info][gc,metaspace] Compressed class space mapped at: 0x0000000801000000-0x0000000841000000, reserved size: 1073741824
[0.043s][info][gc,metaspace] Narrow klass base: 0x0000000800000000, Narrow klass shift: 0, Narrow klass range: 0x100000000
[1.324s][info][gc,start    ] GC(0) Pause Young (Normal) (G1 Evacuation Pause)
[1.326s][info][gc,task     ] GC(0) Using 24 workers of 33 for evacuation
[1.337s][info][gc,phases   ] GC(0)   Pre Evacuate Collection Set: 0.3ms
[1.337s][info][gc,phases   ] GC(0)   Merge Heap Roots: 0.1ms
[1.337s][info][gc,phases   ] GC(0)   Evacuate Collection Set: 9.4ms
[1.337s][info][gc,phases   ] GC(0)   Post Evacuate Collection Set: 0.8ms
[1.337s][info][gc,phases   ] GC(0)   Other: 1.7ms
[1.337s][info][gc,heap     ] GC(0) Eden regions: 51->0(44)
[1.337s][info][gc,heap     ] GC(0) Survivor regions: 0->7(7)
[1.337s][info][gc,heap     ] GC(0) Old regions: 0->12
[1.337s][info][gc,heap     ] GC(0) Archive regions: 0->0
[1.337s][info][gc,heap     ] GC(0) Humongous regions: 0->0
[1.337s][info][gc,metaspace] GC(0) Metaspace: 11456K(11648K)->11456K(11648K) NonClass: 9895K(9984K)->9895K(9984K) Class: 1561K(1664K)->1561K(1664K)
[1.337s][info][gc          ] GC(0) Pause Young (Normal) (G1 Evacuation Pause) 51M->18M(1024M) 12.907ms
[1.337s][info][gc,cpu      ] GC(0) User=0.00s Sys=0.00s Real=0.00s
[1.356s][info][gc,start    ] GC(1) Pause Full (System.gc())
[1.357s][info][gc,task     ] GC(1) Using 24 workers of 33 for full compaction
[1.358s][info][gc,phases,start] GC(1) Phase 1: Mark live objects
[1.368s][info][gc,phases      ] GC(1) Phase 1: Mark live objects 9.655ms
[1.368s][info][gc,phases,start] GC(1) Phase 2: Prepare compaction
[1.371s][info][gc,phases      ] GC(1) Phase 2: Prepare compaction 3.429ms
[1.371s][info][gc,phases,start] GC(1) Phase 3: Adjust pointers
[1.374s][info][gc,phases      ] GC(1) Phase 3: Adjust pointers 2.689ms
[1.374s][info][gc,phases,start] GC(1) Phase 4: Compact heap
[1.378s][info][gc,phases      ] GC(1) Phase 4: Compact heap 3.891ms
[1.390s][info][gc,heap        ] GC(1) Eden regions: 11->0(15)
[1.390s][info][gc,heap        ] GC(1) Survivor regions: 7->0(7)
[1.390s][info][gc,heap        ] GC(1) Old regions: 12->30
[1.390s][info][gc,heap        ] GC(1) Archive regions: 0->0
[1.390s][info][gc,heap        ] GC(1) Humongous regions: 0->0
[1.390s][info][gc,metaspace   ] GC(1) Metaspace: 11490K(11712K)->11490K(11712K) NonClass: 9926K(10048K)->9926K(10048K) Class: 1564K(1664K)->1564K(1664K)
[1.390s][info][gc             ] GC(1) Pause Full (System.gc()) 29M->25M(100M) 33.574ms
[1.390s][info][gc,cpu         ] GC(1) User=0.19s Sys=0.23s Real=0.03s
[1.653s][info][gc,start       ] GC(2) Pause Young (Normal) (G1 Evacuation Pause)
[1.653s][info][gc,task        ] GC(2) Using 13 workers of 33 for evacuation
[1.655s][info][gc,phases      ] GC(2)   Pre Evacuate Collection Set: 0.1ms
[1.655s][info][gc,phases      ] GC(2)   Merge Heap Roots: 0.1ms
[1.655s][info][gc,phases      ] GC(2)   Evacuate Collection Set: 1.1ms
[1.655s][info][gc,phases      ] GC(2)   Post Evacuate Collection Set: 0.6ms
[1.655s][info][gc,phases      ] GC(2)   Other: 0.1ms
[1.655s][info][gc,heap        ] GC(2) Eden regions: 15->0(26)
[1.655s][info][gc,heap        ] GC(2) Survivor regions: 0->2(2)
[1.655s][info][gc,heap        ] GC(2) Old regions: 30->31
[1.655s][info][gc,heap        ] GC(2) Archive regions: 0->0
[1.655s][info][gc,heap        ] GC(2) Humongous regions: 0->0
[1.655s][info][gc,metaspace   ] GC(2) Metaspace: 11827K(12032K)->11827K(12032K) NonClass: 10208K(10304K)->10208K(10304K) Class: 1619K(1728K)->1619K(1728K)
[1.656s][info][gc             ] GC(2) Pause Young (Normal) (G1 Evacuation Pause) 40M->28M(100M) 2.650ms
[1.656s][info][gc,cpu         ] GC(2) User=0.00s Sys=0.00s Real=0.00s
[1.778s][info][gc,start       ] GC(3) Pause Full (System.gc())
[1.778s][info][gc,task        ] GC(3) Using 7 workers of 33 for full compaction
[1.778s][info][gc,phases,start] GC(3) Phase 1: Mark live objects
[1.792s][info][gc,phases      ] GC(3) Phase 1: Mark live objects 13.940ms
[1.792s][info][gc,phases,start] GC(3) Phase 2: Prepare compaction
[1.794s][info][gc,phases      ] GC(3) Phase 2: Prepare compaction 2.299ms
[1.794s][info][gc,phases,start] GC(3) Phase 3: Adjust pointers
[1.798s][info][gc,phases      ] GC(3) Phase 3: Adjust pointers 3.794ms
[1.798s][info][gc,phases,start] GC(3) Phase 4: Compact heap
[1.801s][info][gc,phases      ] GC(3) Phase 4: Compact heap 3.074ms
[1.804s][info][gc,heap        ] GC(3) Eden regions: 14->0(26)
[1.804s][info][gc,heap        ] GC(3) Survivor regions: 2->0(2)
[1.804s][info][gc,heap        ] GC(3) Old regions: 31->29
[1.804s][info][gc,heap        ] GC(3) Archive regions: 0->0
[1.804s][info][gc,heap        ] GC(3) Humongous regions: 0->0
[1.804s][info][gc,metaspace   ] GC(3) Metaspace: 11860K(12096K)->11860K(12096K) NonClass: 10233K(10368K)->10233K(10368K) Class: 1626K(1728K)->1626K(1728K)
[1.804s][info][gc             ] GC(3) Pause Full (System.gc()) 41M->25M(97M) 26.330ms
[1.804s][info][gc,cpu         ] GC(3) User=0.20s Sys=0.00s Real=0.03s
[2.005s][info][gc,start       ] GC(4) Pause Young (Normal) (G1 Evacuation Pause)
[2.005s][info][gc,task        ] GC(4) Using 4 workers of 33 for evacuation
[2.007s][info][gc,phases      ] GC(4)   Pre Evacuate Collection Set: 0.1ms
[2.008s][info][gc,phases      ] GC(4)   Merge Heap Roots: 0.1ms
[2.008s][info][gc,phases      ] GC(4)   Evacuate Collection Set: 2.2ms
[2.008s][info][gc,phases      ] GC(4)   Post Evacuate Collection Set: 0.2ms
[2.008s][info][gc,phases      ] GC(4)   Other: 0.1ms
[2.008s][info][gc,heap        ] GC(4) Eden regions: 26->0(38)
[2.008s][info][gc,heap        ] GC(4) Survivor regions: 0->2(4)
[2.008s][info][gc,heap        ] GC(4) Old regions: 29->29
[2.008s][info][gc,heap        ] GC(4) Archive regions: 0->0
[2.008s][info][gc,heap        ] GC(4) Humongous regions: 0->0
[2.008s][info][gc,metaspace   ] GC(4) Metaspace: 11863K(12096K)->11863K(12096K) NonClass: 10236K(10368K)->10236K(10368K) Class: 1626K(1728K)->1626K(1728K)
[2.008s][info][gc             ] GC(4) Pause Young (Normal) (G1 Evacuation Pause) 51M->27M(97M) 3.178ms
[2.008s][info][gc,cpu         ] GC(4) User=0.00s Sys=0.00s Real=0.00s
[2.042s][info][gc,start       ] GC(5) Pause Full (System.gc())
[2.042s][info][gc,task        ] GC(5) Using 3 workers of 33 for full compaction
[2.043s][info][gc,phases,start] GC(5) Phase 1: Mark live objects
[2.068s][info][gc,phases      ] GC(5) Phase 1: Mark live objects 25.762ms
[2.068s][info][gc,phases,start] GC(5) Phase 2: Prepare compaction
[2.074s][info][gc,phases      ] GC(5) Phase 2: Prepare compaction 5.308ms
[2.074s][info][gc,phases,start] GC(5) Phase 3: Adjust pointers
[2.083s][info][gc,phases      ] GC(5) Phase 3: Adjust pointers 9.020ms
[2.083s][info][gc,phases,start] GC(5) Phase 4: Compact heap
[2.084s][info][gc,phases      ] GC(5) Phase 4: Compact heap 1.141ms
[2.085s][info][gc,heap        ] GC(5) Eden regions: 4->0(38)
[2.086s][info][gc,heap        ] GC(5) Survivor regions: 2->0(4)
[2.086s][info][gc,heap        ] GC(5) Old regions: 29->28
[2.086s][info][gc,heap        ] GC(5) Archive regions: 0->0
[2.086s][info][gc,heap        ] GC(5) Humongous regions: 0->0
[2.086s][info][gc,metaspace   ] GC(5) Metaspace: 11863K(12096K)->11863K(12096K) NonClass: 10236K(10368K)->10236K(10368K) Class: 1626K(1728K)->1626K(1728K)
[2.086s][info][gc             ] GC(5) Pause Full (System.gc()) 31M->25M(94M) 43.496ms
[2.086s][info][gc,cpu         ] GC(5) User=0.14s Sys=0.00s Real=0.05s
[2.313s][info][gc,start       ] GC(6) Pause Young (Normal) (G1 Evacuation Pause)
[2.313s][info][gc,task        ] GC(6) Using 2 workers of 33 for evacuation
[2.317s][info][gc,phases      ] GC(6)   Pre Evacuate Collection Set: 0.1ms
[2.317s][info][gc,phases      ] GC(6)   Merge Heap Roots: 0.1ms
[2.317s][info][gc,phases      ] GC(6)   Evacuate Collection Set: 4.1ms
[2.318s][info][gc,phases      ] GC(6)   Post Evacuate Collection Set: 0.2ms
[2.318s][info][gc,phases      ] GC(6)   Other: 0.1ms
[2.318s][info][gc,heap        ] GC(6) Eden regions: 38->0(42)
[2.318s][info][gc,heap        ] GC(6) Survivor regions: 0->2(5)
[2.318s][info][gc,heap        ] GC(6) Old regions: 28->28
[2.318s][info][gc,heap        ] GC(6) Archive regions: 0->0
[2.318s][info][gc,heap        ] GC(6) Humongous regions: 0->0
[2.318s][info][gc,metaspace   ] GC(6) Metaspace: 11884K(12096K)->11884K(12096K) NonClass: 10258K(10368K)->10258K(10368K) Class: 1626K(1728K)->1626K(1728K)
[2.318s][info][gc             ] GC(6) Pause Young (Normal) (G1 Evacuation Pause) 63M->26M(94M) 5.045ms
[2.318s][info][gc,cpu         ] GC(6) User=0.03s Sys=0.00s Real=0.02s
[2.377s][info][gc,start       ] GC(7) Pause Full (System.gc())
[2.377s][info][gc,task        ] GC(7) Using 2 workers of 33 for full compaction
[2.377s][info][gc,phases,start] GC(7) Phase 1: Mark live objects
[2.411s][info][gc,phases      ] GC(7) Phase 1: Mark live objects 34.016ms
[2.411s][info][gc,phases,start] GC(7) Phase 2: Prepare compaction
[2.418s][info][gc,phases      ] GC(7) Phase 2: Prepare compaction 7.488ms
[2.418s][info][gc,phases,start] GC(7) Phase 3: Adjust pointers
[2.428s][info][gc,phases      ] GC(7) Phase 3: Adjust pointers 9.364ms
[2.428s][info][gc,phases,start] GC(7) Phase 4: Compact heap
[2.429s][info][gc,phases      ] GC(7) Phase 4: Compact heap 0.796ms
[2.431s][info][gc,heap        ] GC(7) Eden regions: 23->0(41)
[2.431s][info][gc,heap        ] GC(7) Survivor regions: 2->0(5)
[2.431s][info][gc,heap        ] GC(7) Old regions: 28->27
[2.431s][info][gc,heap        ] GC(7) Archive regions: 0->0
[2.431s][info][gc,heap        ] GC(7) Humongous regions: 0->0
[2.431s][info][gc,metaspace   ] GC(7) Metaspace: 11885K(12096K)->11885K(12096K) NonClass: 10258K(10368K)->10258K(10368K) Class: 1626K(1728K)->1626K(1728K)
[2.431s][info][gc             ] GC(7) Pause Full (System.gc()) 49M->25M(90M) 54.277ms
[2.431s][info][gc,cpu         ] GC(7) User=0.11s Sys=0.00s Real=0.06s
[2.546s][info][gc,start       ] GC(8) Pause Young (Normal) (G1 Evacuation Pause)
[2.546s][info][gc,task        ] GC(8) Using 2 workers of 33 for evacuation
[2.554s][info][gc,phases      ] GC(8)   Pre Evacuate Collection Set: 0.1ms
[2.554s][info][gc,phases      ] GC(8)   Merge Heap Roots: 0.1ms
[2.554s][info][gc,phases      ] GC(8)   Evacuate Collection Set: 0.3ms
[2.554s][info][gc,phases      ] GC(8)   Post Evacuate Collection Set: 7.0ms
[2.554s][info][gc,phases      ] GC(8)   Other: 0.1ms
[2.554s][info][gc,heap        ] GC(8) Eden regions: 41->0(184)
[2.554s][info][gc,heap        ] GC(8) Survivor regions: 0->1(6)
[2.554s][info][gc,heap        ] GC(8) Old regions: 27->27
[2.554s][info][gc,heap        ] GC(8) Archive regions: 0->0
[2.554s][info][gc,heap        ] GC(8) Humongous regions: 0->0
[2.554s][info][gc,metaspace   ] GC(8) Metaspace: 11885K(12096K)->11885K(12096K) NonClass: 10258K(10368K)->10258K(10368K) Class: 1626K(1728K)->1626K(1728K)
[2.554s][info][gc             ] GC(8) Pause Young (Normal) (G1 Evacuation Pause) 66M->25M(557M) 8.084ms
[2.554s][info][gc,cpu         ] GC(8) User=0.00s Sys=0.00s Real=0.00s
[2.768s][info][gc,start       ] GC(9) Pause Full (System.gc())
[2.768s][info][gc,task        ] GC(9) Using 13 workers of 33 for full compaction
[2.769s][info][gc,phases,start] GC(9) Phase 1: Mark live objects
[2.780s][info][gc,phases      ] GC(9) Phase 1: Mark live objects 11.101ms
[2.780s][info][gc,phases,start] GC(9) Phase 2: Prepare compaction
[2.782s][info][gc,phases      ] GC(9) Phase 2: Prepare compaction 2.370ms
[2.782s][info][gc,phases,start] GC(9) Phase 3: Adjust pointers
[2.784s][info][gc,phases      ] GC(9) Phase 3: Adjust pointers 2.165ms
[2.784s][info][gc,phases,start] GC(9) Phase 4: Compact heap
[2.785s][info][gc,phases      ] GC(9) Phase 4: Compact heap 0.350ms
[2.790s][info][gc,heap        ] GC(9) Eden regions: 81->0(49)
[2.790s][info][gc,heap        ] GC(9) Survivor regions: 1->0(6)
[2.790s][info][gc,heap        ] GC(9) Old regions: 27->29
[2.790s][info][gc,heap        ] GC(9) Archive regions: 0->0
[2.790s][info][gc,heap        ] GC(9) Humongous regions: 0->0
[2.790s][info][gc,metaspace   ] GC(9) Metaspace: 11934K(12160K)->11934K(12160K) NonClass: 10307K(10432K)->10307K(10432K) Class: 1627K(1728K)->1627K(1728K)
[2.790s][info][gc             ] GC(9) Pause Full (System.gc()) 106M->25M(97M) 22.550ms
[2.790s][info][gc,cpu         ] GC(9) User=0.20s Sys=0.02s Real=0.03s
[2.909s][info][gc,start       ] GC(10) Pause Young (Normal) (G1 Evacuation Pause)
[2.909s][info][gc,task        ] GC(10) Using 7 workers of 33 for evacuation
[2.911s][info][gc,phases      ] GC(10)   Pre Evacuate Collection Set: 0.1ms
[2.911s][info][gc,phases      ] GC(10)   Merge Heap Roots: 0.0ms
[2.911s][info][gc,phases      ] GC(10)   Evacuate Collection Set: 0.9ms
[2.911s][info][gc,phases      ] GC(10)   Post Evacuate Collection Set: 0.2ms
[2.911s][info][gc,phases      ] GC(10)   Other: 0.1ms
[2.911s][info][gc,heap        ] GC(10) Eden regions: 49->0(51)
[2.911s][info][gc,heap        ] GC(10) Survivor regions: 0->1(7)
[2.911s][info][gc,heap        ] GC(10) Old regions: 29->29
[2.911s][info][gc,heap        ] GC(10) Archive regions: 0->0
[2.911s][info][gc,heap        ] GC(10) Humongous regions: 0->0
[2.911s][info][gc,metaspace   ] GC(10) Metaspace: 11935K(12160K)->11935K(12160K) NonClass: 10308K(10432K)->10308K(10432K) Class: 1627K(1728K)->1627K(1728K)
[2.911s][info][gc             ] GC(10) Pause Young (Normal) (G1 Evacuation Pause) 74M->26M(97M) 1.873ms
[2.911s][info][gc,cpu         ] GC(10) User=0.00s Sys=0.00s Real=0.00s
[3.027s][info][gc,start       ] GC(11) Pause Young (Normal) (G1 Evacuation Pause)
[3.027s][info][gc,task        ] GC(11) Using 4 workers of 33 for evacuation
[3.029s][info][gc,phases      ] GC(11)   Pre Evacuate Collection Set: 0.1ms
[3.029s][info][gc,phases      ] GC(11)   Merge Heap Roots: 0.1ms
[3.029s][info][gc,phases      ] GC(11)   Evacuate Collection Set: 1.7ms
[3.029s][info][gc,phases      ] GC(11)   Post Evacuate Collection Set: 0.2ms
[3.029s][info][gc,phases      ] GC(11)   Other: 0.1ms
[3.029s][info][gc,heap        ] GC(11) Eden regions: 51->0(52)
[3.029s][info][gc,heap        ] GC(11) Survivor regions: 1->2(7)
[3.029s][info][gc,heap        ] GC(11) Old regions: 29->29
[3.029s][info][gc,heap        ] GC(11) Archive regions: 0->0
[3.029s][info][gc,heap        ] GC(11) Humongous regions: 0->0
[3.029s][info][gc,metaspace   ] GC(11) Metaspace: 11935K(12160K)->11935K(12160K) NonClass: 10308K(10432K)->10308K(10432K) Class: 1627K(1728K)->1627K(1728K)
[3.029s][info][gc             ] GC(11) Pause Young (Normal) (G1 Evacuation Pause) 77M->26M(97M) 2.678ms
[3.029s][info][gc,cpu         ] GC(11) User=0.00s Sys=0.00s Real=0.00s
[3.083s][info][gc,start       ] GC(12) Pause Full (System.gc())
[3.083s][info][gc,task        ] GC(12) Using 3 workers of 33 for full compaction
[3.083s][info][gc,phases,start] GC(12) Phase 1: Mark live objects
[3.109s][info][gc,phases      ] GC(12) Phase 1: Mark live objects 25.937ms
[3.109s][info][gc,phases,start] GC(12) Phase 2: Prepare compaction
[3.113s][info][gc,phases      ] GC(12) Phase 2: Prepare compaction 3.871ms
[3.113s][info][gc,phases,start] GC(12) Phase 3: Adjust pointers
[3.122s][info][gc,phases      ] GC(12) Phase 3: Adjust pointers 9.200ms
[3.123s][info][gc,phases,start] GC(12) Phase 4: Compact heap
[3.123s][info][gc,phases      ] GC(12) Phase 4: Compact heap 0.418ms
[3.125s][info][gc,heap        ] GC(12) Eden regions: 22->0(52)
[3.125s][info][gc,heap        ] GC(12) Survivor regions: 2->0(7)
[3.125s][info][gc,heap        ] GC(12) Old regions: 29->28
[3.125s][info][gc,heap        ] GC(12) Archive regions: 0->0
[3.125s][info][gc,heap        ] GC(12) Humongous regions: 0->0
[3.125s][info][gc,metaspace   ] GC(12) Metaspace: 11935K(12160K)->11935K(12160K) NonClass: 10308K(10432K)->10308K(10432K) Class: 1627K(1728K)->1627K(1728K)
[3.125s][info][gc             ] GC(12) Pause Full (System.gc()) 48M->25M(94M) 42.488ms
[3.125s][info][gc,cpu         ] GC(12) User=0.11s Sys=0.00s Real=0.05s
[3.296s][info][gc,start       ] GC(13) Pause Young (Normal) (G1 Evacuation Pause)
[3.296s][info][gc,task        ] GC(13) Using 2 workers of 33 for evacuation
[3.299s][info][gc,phases      ] GC(13)   Pre Evacuate Collection Set: 0.1ms
[3.299s][info][gc,phases      ] GC(13)   Merge Heap Roots: 0.1ms
[3.299s][info][gc,phases      ] GC(13)   Evacuate Collection Set: 2.6ms
[3.299s][info][gc,phases      ] GC(13)   Post Evacuate Collection Set: 0.3ms
[3.299s][info][gc,phases      ] GC(13)   Other: 0.1ms
[3.299s][info][gc,heap        ] GC(13) Eden regions: 52->0(54)
[3.299s][info][gc,heap        ] GC(13) Survivor regions: 0->1(7)
[3.300s][info][gc,heap        ] GC(13) Old regions: 28->28
[3.300s][info][gc,heap        ] GC(13) Archive regions: 0->0
[3.300s][info][gc,heap        ] GC(13) Humongous regions: 0->0
[3.300s][info][gc,metaspace   ] GC(13) Metaspace: 11937K(12160K)->11937K(12160K) NonClass: 10310K(10432K)->10310K(10432K) Class: 1627K(1728K)->1627K(1728K)
[3.300s][info][gc             ] GC(13) Pause Young (Normal) (G1 Evacuation Pause) 77M->26M(94M) 3.643ms
[3.300s][info][gc,cpu         ] GC(13) User=0.00s Sys=0.00s Real=0.00s
[3.420s][info][gc,start       ] GC(14) Pause Young (Normal) (G1 Evacuation Pause)
[3.420s][info][gc,task        ] GC(14) Using 2 workers of 33 for evacuation
[3.425s][info][gc,phases      ] GC(14)   Pre Evacuate Collection Set: 0.1ms
[3.425s][info][gc,phases      ] GC(14)   Merge Heap Roots: 0.1ms
[3.426s][info][gc,phases      ] GC(14)   Evacuate Collection Set: 5.1ms
[3.426s][info][gc,phases      ] GC(14)   Post Evacuate Collection Set: 0.2ms
[3.426s][info][gc,phases      ] GC(14)   Other: 0.1ms
[3.426s][info][gc,heap        ] GC(14) Eden regions: 54->0(54)
[3.426s][info][gc,heap        ] GC(14) Survivor regions: 1->2(7)
[3.426s][info][gc,heap        ] GC(14) Old regions: 28->28
[3.426s][info][gc,heap        ] GC(14) Archive regions: 0->0
[3.426s][info][gc,heap        ] GC(14) Humongous regions: 0->0
[3.426s][info][gc,metaspace   ] GC(14) Metaspace: 11937K(12160K)->11937K(12160K) NonClass: 10310K(10432K)->10310K(10432K) Class: 1627K(1728K)->1627K(1728K)
[3.426s][info][gc             ] GC(14) Pause Young (Normal) (G1 Evacuation Pause) 80M->27M(94M) 5.989ms
[3.426s][info][gc,cpu         ] GC(14) User=0.03s Sys=0.00s Real=0.02s
[3.468s][info][gc,start       ] GC(15) Pause Full (System.gc())
[3.468s][info][gc,task        ] GC(15) Using 2 workers of 33 for full compaction
[3.468s][info][gc,phases,start] GC(15) Phase 1: Mark live objects
[3.505s][info][gc,phases      ] GC(15) Phase 1: Mark live objects 37.030ms
[3.505s][info][gc,phases,start] GC(15) Phase 2: Prepare compaction
[3.513s][info][gc,phases      ] GC(15) Phase 2: Prepare compaction 7.504ms
[3.513s][info][gc,phases,start] GC(15) Phase 3: Adjust pointers
[3.526s][info][gc,phases      ] GC(15) Phase 3: Adjust pointers 13.402ms
[3.526s][info][gc,phases,start] GC(15) Phase 4: Compact heap
[3.527s][info][gc,phases      ] GC(15) Phase 4: Compact heap 0.347ms
[3.529s][info][gc,heap        ] GC(15) Eden regions: 16->0(54)
[3.529s][info][gc,heap        ] GC(15) Survivor regions: 2->0(7)
[3.529s][info][gc,heap        ] GC(15) Old regions: 28->27
[3.529s][info][gc,heap        ] GC(15) Archive regions: 0->0
[3.529s][info][gc,heap        ] GC(15) Humongous regions: 0->0
[3.529s][info][gc,metaspace   ] GC(15) Metaspace: 11937K(12160K)->11937K(12160K) NonClass: 10310K(10432K)->10310K(10432K) Class: 1627K(1728K)->1627K(1728K)
[3.529s][info][gc             ] GC(15) Pause Full (System.gc()) 42M->25M(90M) 61.134ms
[3.529s][info][gc,cpu         ] GC(15) User=0.09s Sys=0.00s Real=0.05s
[3.685s][info][gc,start       ] GC(16) Pause Young (Normal) (G1 Evacuation Pause)
[3.685s][info][gc,task        ] GC(16) Using 2 workers of 33 for evacuation
[3.695s][info][gc,phases      ] GC(16)   Pre Evacuate Collection Set: 0.1ms
[3.695s][info][gc,phases      ] GC(16)   Merge Heap Roots: 0.1ms
[3.695s][info][gc,phases      ] GC(16)   Evacuate Collection Set: 2.8ms
[3.695s][info][gc,phases      ] GC(16)   Post Evacuate Collection Set: 7.0ms
[3.695s][info][gc,phases      ] GC(16)   Other: 0.1ms
[3.695s][info][gc,heap        ] GC(16) Eden regions: 54->0(333)
[3.695s][info][gc,heap        ] GC(16) Survivor regions: 0->1(7)
[3.695s][info][gc,heap        ] GC(16) Old regions: 27->27
[3.695s][info][gc,heap        ] GC(16) Archive regions: 0->0
[3.695s][info][gc,heap        ] GC(16) Humongous regions: 0->0
[3.695s][info][gc,metaspace   ] GC(16) Metaspace: 11937K(12160K)->11937K(12160K) NonClass: 10310K(10432K)->10310K(10432K) Class: 1627K(1728K)->1627K(1728K)
[3.695s][info][gc             ] GC(16) Pause Young (Normal) (G1 Evacuation Pause) 79M->26M(557M) 10.558ms
[3.695s][info][gc,cpu         ] GC(16) User=0.00s Sys=0.02s Real=0.01s
[3.888s][info][gc,start       ] GC(17) Pause Full (System.gc())
[3.888s][info][gc,task        ] GC(17) Using 13 workers of 33 for full compaction
[3.889s][info][gc,phases,start] GC(17) Phase 1: Mark live objects
[3.900s][info][gc,phases      ] GC(17) Phase 1: Mark live objects 11.348ms
[3.900s][info][gc,phases,start] GC(17) Phase 2: Prepare compaction
[3.902s][info][gc,phases      ] GC(17) Phase 2: Prepare compaction 1.978ms
[3.902s][info][gc,phases,start] GC(17) Phase 3: Adjust pointers
[3.904s][info][gc,phases      ] GC(17) Phase 3: Adjust pointers 2.391ms
[3.904s][info][gc,phases,start] GC(17) Phase 4: Compact heap
[3.905s][info][gc,phases      ] GC(17) Phase 4: Compact heap 0.403ms
[3.910s][info][gc,heap        ] GC(17) Eden regions: 68->0(56)
[3.910s][info][gc,heap        ] GC(17) Survivor regions: 1->0(7)
[3.910s][info][gc,heap        ] GC(17) Old regions: 27->28
[3.911s][info][gc,heap        ] GC(17) Archive regions: 0->0
[3.911s][info][gc,heap        ] GC(17) Humongous regions: 0->0
[3.911s][info][gc,metaspace   ] GC(17) Metaspace: 11943K(12160K)->11943K(12160K) NonClass: 10314K(10432K)->10314K(10432K) Class: 1628K(1728K)->1628K(1728K)
[3.911s][info][gc             ] GC(17) Pause Full (System.gc()) 94M->25M(94M) 22.758ms
[3.911s][info][gc,cpu         ] GC(17) User=0.20s Sys=0.00s Real=0.02s
[4.060s][info][gc,start       ] GC(18) Pause Young (Normal) (G1 Evacuation Pause)
[4.060s][info][gc,task        ] GC(18) Using 7 workers of 33 for evacuation
[4.061s][info][gc,phases      ] GC(18)   Pre Evacuate Collection Set: 0.1ms
[4.061s][info][gc,phases      ] GC(18)   Merge Heap Roots: 0.1ms
[4.061s][info][gc,phases      ] GC(18)   Evacuate Collection Set: 0.9ms
[4.061s][info][gc,phases      ] GC(18)   Post Evacuate Collection Set: 0.2ms
[4.061s][info][gc,phases      ] GC(18)   Other: 0.1ms
[4.061s][info][gc,heap        ] GC(18) Eden regions: 56->0(55)
[4.061s][info][gc,heap        ] GC(18) Survivor regions: 0->1(7)
[4.062s][info][gc,heap        ] GC(18) Old regions: 28->28
[4.062s][info][gc,heap        ] GC(18) Archive regions: 0->0
[4.062s][info][gc,heap        ] GC(18) Humongous regions: 0->0
[4.062s][info][gc,metaspace   ] GC(18) Metaspace: 11945K(12160K)->11945K(12160K) NonClass: 10316K(10432K)->10316K(10432K) Class: 1628K(1728K)->1628K(1728K)
[4.062s][info][gc             ] GC(18) Pause Young (Normal) (G1 Evacuation Pause) 81M->26M(94M) 1.891ms
[4.062s][info][gc,cpu         ] GC(18) User=0.00s Sys=0.00s Real=0.00s
[4.201s][info][gc,start       ] GC(19) Pause Young (Normal) (G1 Evacuation Pause)
[4.201s][info][gc,task        ] GC(19) Using 4 workers of 33 for evacuation
[4.205s][info][gc,phases      ] GC(19)   Pre Evacuate Collection Set: 0.1ms
[4.205s][info][gc,phases      ] GC(19)   Merge Heap Roots: 0.1ms
[4.205s][info][gc,phases      ] GC(19)   Evacuate Collection Set: 3.0ms
[4.205s][info][gc,phases      ] GC(19)   Post Evacuate Collection Set: 0.2ms
[4.205s][info][gc,phases      ] GC(19)   Other: 0.1ms
[4.205s][info][gc,heap        ] GC(19) Eden regions: 55->0(54)
[4.205s][info][gc,heap        ] GC(19) Survivor regions: 1->2(7)
[4.205s][info][gc,heap        ] GC(19) Old regions: 28->28
[4.205s][info][gc,heap        ] GC(19) Archive regions: 0->0
[4.205s][info][gc,heap        ] GC(19) Humongous regions: 0->0
[4.205s][info][gc,metaspace   ] GC(19) Metaspace: 11947K(12160K)->11947K(12160K) NonClass: 10318K(10432K)->10318K(10432K) Class: 1628K(1728K)->1628K(1728K)
[4.205s][info][gc             ] GC(19) Pause Young (Normal) (G1 Evacuation Pause) 81M->27M(94M) 3.969ms
[4.205s][info][gc,cpu         ] GC(19) User=0.00s Sys=0.00s Real=0.00s
[4.237s][info][gc,start       ] GC(20) Pause Full (System.gc())
[4.237s][info][gc,task        ] GC(20) Using 3 workers of 33 for full compaction
[4.238s][info][gc,phases,start] GC(20) Phase 1: Mark live objects
[4.258s][info][gc,phases      ] GC(20) Phase 1: Mark live objects 20.845ms
[4.258s][info][gc,phases,start] GC(20) Phase 2: Prepare compaction
[4.262s][info][gc,phases      ] GC(20) Phase 2: Prepare compaction 4.075ms
[4.263s][info][gc,phases,start] GC(20) Phase 3: Adjust pointers
[4.272s][info][gc,phases      ] GC(20) Phase 3: Adjust pointers 9.209ms
[4.272s][info][gc,phases,start] GC(20) Phase 4: Compact heap
[4.272s][info][gc,phases      ] GC(20) Phase 4: Compact heap 0.451ms
[4.274s][info][gc,heap        ] GC(20) Eden regions: 11->0(54)
[4.274s][info][gc,heap        ] GC(20) Survivor regions: 2->0(7)
[4.274s][info][gc,heap        ] GC(20) Old regions: 28->27
[4.274s][info][gc,heap        ] GC(20) Archive regions: 0->0
[4.274s][info][gc,heap        ] GC(20) Humongous regions: 0->0
[4.275s][info][gc,metaspace   ] GC(20) Metaspace: 11950K(12160K)->11950K(12160K) NonClass: 10321K(10432K)->10321K(10432K) Class: 1628K(1728K)->1628K(1728K)
[4.275s][info][gc             ] GC(20) Pause Full (System.gc()) 38M->25M(90M) 37.342ms
[4.275s][info][gc,cpu         ] GC(20) User=0.09s Sys=0.00s Real=0.03s
[4.406s][info][gc,start       ] GC(21) Pause Young (Normal) (G1 Evacuation Pause)
[4.406s][info][gc,task        ] GC(21) Using 2 workers of 33 for evacuation
[4.409s][info][gc,phases      ] GC(21)   Pre Evacuate Collection Set: 0.1ms
[4.409s][info][gc,phases      ] GC(21)   Merge Heap Roots: 0.1ms
[4.409s][info][gc,phases      ] GC(21)   Evacuate Collection Set: 2.8ms
[4.409s][info][gc,phases      ] GC(21)   Post Evacuate Collection Set: 0.2ms
[4.409s][info][gc,phases      ] GC(21)   Other: 0.1ms
[4.409s][info][gc,heap        ] GC(21) Eden regions: 54->0(53)
[4.409s][info][gc,heap        ] GC(21) Survivor regions: 0->1(7)
[4.409s][info][gc,heap        ] GC(21) Old regions: 27->27
[4.409s][info][gc,heap        ] GC(21) Archive regions: 0->0
[4.409s][info][gc,heap        ] GC(21) Humongous regions: 0->0
[4.409s][info][gc,metaspace   ] GC(21) Metaspace: 11955K(12160K)->11955K(12160K) NonClass: 10326K(10432K)->10326K(10432K) Class: 1628K(1728K)->1628K(1728K)
[4.409s][info][gc             ] GC(21) Pause Young (Normal) (G1 Evacuation Pause) 79M->26M(90M) 3.749ms
[4.409s][info][gc,cpu         ] GC(21) User=0.00s Sys=0.00s Real=0.00s
[4.527s][info][gc,start       ] GC(22) Pause Young (Normal) (G1 Evacuation Pause)
[4.527s][info][gc,task        ] GC(22) Using 2 workers of 33 for evacuation
[4.532s][info][gc,phases      ] GC(22)   Pre Evacuate Collection Set: 0.1ms
[4.532s][info][gc,phases      ] GC(22)   Merge Heap Roots: 0.1ms
[4.533s][info][gc,phases      ] GC(22)   Evacuate Collection Set: 5.2ms
[4.533s][info][gc,phases      ] GC(22)   Post Evacuate Collection Set: 0.2ms
[4.533s][info][gc,phases      ] GC(22)   Other: 0.1ms
[4.533s][info][gc,heap        ] GC(22) Eden regions: 53->0(52)
[4.533s][info][gc,heap        ] GC(22) Survivor regions: 1->2(7)
[4.533s][info][gc,heap        ] GC(22) Old regions: 27->27
[4.533s][info][gc,heap        ] GC(22) Archive regions: 0->0
[4.533s][info][gc,heap        ] GC(22) Humongous regions: 0->0
[4.533s][info][gc,metaspace   ] GC(22) Metaspace: 11955K(12160K)->11955K(12160K) NonClass: 10326K(10432K)->10326K(10432K) Class: 1628K(1728K)->1628K(1728K)
[4.533s][info][gc             ] GC(22) Pause Young (Normal) (G1 Evacuation Pause) 79M->27M(90M) 6.133ms
[4.533s][info][gc,cpu         ] GC(22) User=0.03s Sys=0.00s Real=0.01s
[4.580s][info][gc,start       ] GC(23) Pause Full (System.gc())
[4.580s][info][gc,task        ] GC(23) Using 2 workers of 33 for full compaction
[4.580s][info][gc,phases,start] GC(23) Phase 1: Mark live objects
[4.609s][info][gc,phases      ] GC(23) Phase 1: Mark live objects 29.271ms
[4.609s][info][gc,phases,start] GC(23) Phase 2: Prepare compaction
[4.617s][info][gc,phases      ] GC(23) Phase 2: Prepare compaction 7.438ms
[4.617s][info][gc,phases,start] GC(23) Phase 3: Adjust pointers
[4.630s][info][gc,phases      ] GC(23) Phase 3: Adjust pointers 13.412ms
[4.630s][info][gc,phases,start] GC(23) Phase 4: Compact heap
[4.631s][info][gc,phases      ] GC(23) Phase 4: Compact heap 0.295ms
[4.633s][info][gc,heap        ] GC(23) Eden regions: 15->0(54)
[4.633s][info][gc,heap        ] GC(23) Survivor regions: 2->0(7)
[4.633s][info][gc,heap        ] GC(23) Old regions: 27->27
[4.633s][info][gc,heap        ] GC(23) Archive regions: 0->0
[4.633s][info][gc,heap        ] GC(23) Humongous regions: 0->0
[4.633s][info][gc,metaspace   ] GC(23) Metaspace: 11956K(12160K)->11956K(12160K) NonClass: 10327K(10432K)->10327K(10432K) Class: 1628K(1728K)->1628K(1728K)
[4.633s][info][gc             ] GC(23) Pause Full (System.gc()) 41M->25M(90M) 53.157ms
[4.633s][info][gc,cpu         ] GC(23) User=0.09s Sys=0.00s Real=0.05s
[4.766s][info][gc,start       ] GC(24) Pause Young (Normal) (G1 Evacuation Pause)
[4.767s][info][gc,task        ] GC(24) Using 2 workers of 33 for evacuation
[4.777s][info][gc,phases      ] GC(24)   Pre Evacuate Collection Set: 0.1ms
[4.777s][info][gc,phases      ] GC(24)   Merge Heap Roots: 0.1ms
[4.777s][info][gc,phases      ] GC(24)   Evacuate Collection Set: 2.8ms
[4.777s][info][gc,phases      ] GC(24)   Post Evacuate Collection Set: 7.0ms
[4.777s][info][gc,phases      ] GC(24)   Other: 0.1ms
[4.777s][info][gc,heap        ] GC(24) Eden regions: 54->0(333)
[4.777s][info][gc,heap        ] GC(24) Survivor regions: 0->1(7)
[4.777s][info][gc,heap        ] GC(24) Old regions: 27->27
[4.777s][info][gc,heap        ] GC(24) Archive regions: 0->0
[4.777s][info][gc,heap        ] GC(24) Humongous regions: 0->0
[4.777s][info][gc,metaspace   ] GC(24) Metaspace: 11958K(12160K)->11958K(12160K) NonClass: 10329K(10432K)->10329K(10432K) Class: 1628K(1728K)->1628K(1728K)
[4.777s][info][gc             ] GC(24) Pause Young (Normal) (G1 Evacuation Pause) 79M->26M(557M) 10.557ms
[4.777s][info][gc,cpu         ] GC(24) User=0.03s Sys=0.00s Real=0.02s
[4.960s][info][gc,start       ] GC(25) Pause Full (System.gc())
[4.960s][info][gc,task        ] GC(25) Using 13 workers of 33 for full compaction
[4.960s][info][gc,phases,start] GC(25) Phase 1: Mark live objects
[4.972s][info][gc,phases      ] GC(25) Phase 1: Mark live objects 11.158ms
[4.972s][info][gc,phases,start] GC(25) Phase 2: Prepare compaction
[4.974s][info][gc,phases      ] GC(25) Phase 2: Prepare compaction 2.095ms
[4.974s][info][gc,phases,start] GC(25) Phase 3: Adjust pointers
[4.976s][info][gc,phases      ] GC(25) Phase 3: Adjust pointers 1.971ms
[4.976s][info][gc,phases,start] GC(25) Phase 4: Compact heap
[4.976s][info][gc,phases      ] GC(25) Phase 4: Compact heap 0.337ms
[4.981s][info][gc,heap        ] GC(25) Eden regions: 68->0(56)
[4.981s][info][gc,heap        ] GC(25) Survivor regions: 1->0(7)
[4.981s][info][gc,heap        ] GC(25) Old regions: 27->28
[4.981s][info][gc,heap        ] GC(25) Archive regions: 0->0
[4.982s][info][gc,heap        ] GC(25) Humongous regions: 0->0
[4.982s][info][gc,metaspace   ] GC(25) Metaspace: 11958K(12160K)->11958K(12160K) NonClass: 10329K(10432K)->10329K(10432K) Class: 1628K(1728K)->1628K(1728K)
[4.982s][info][gc             ] GC(25) Pause Full (System.gc()) 94M->25M(94M) 22.019ms
[4.982s][info][gc,cpu         ] GC(25) User=0.20s Sys=0.00s Real=0.02s
[5.113s][info][gc,start       ] GC(26) Pause Young (Normal) (G1 Evacuation Pause)
[5.113s][info][gc,task        ] GC(26) Using 7 workers of 33 for evacuation
[5.115s][info][gc,phases      ] GC(26)   Pre Evacuate Collection Set: 0.1ms
[5.115s][info][gc,phases      ] GC(26)   Merge Heap Roots: 0.1ms
[5.115s][info][gc,phases      ] GC(26)   Evacuate Collection Set: 0.9ms
[5.115s][info][gc,phases      ] GC(26)   Post Evacuate Collection Set: 0.2ms
[5.115s][info][gc,phases      ] GC(26)   Other: 0.1ms
[5.115s][info][gc,heap        ] GC(26) Eden regions: 56->0(55)
[5.115s][info][gc,heap        ] GC(26) Survivor regions: 0->1(7)
[5.115s][info][gc,heap        ] GC(26) Old regions: 28->28
[5.115s][info][gc,heap        ] GC(26) Archive regions: 0->0
[5.115s][info][gc,heap        ] GC(26) Humongous regions: 0->0
[5.115s][info][gc,metaspace   ] GC(26) Metaspace: 11958K(12160K)->11958K(12160K) NonClass: 10329K(10432K)->10329K(10432K) Class: 1628K(1728K)->1628K(1728K)
[5.115s][info][gc             ] GC(26) Pause Young (Normal) (G1 Evacuation Pause) 81M->26M(94M) 1.874ms
[5.115s][info][gc,cpu         ] GC(26) User=0.00s Sys=0.00s Real=0.00s
[5.238s][info][gc,start       ] GC(27) Pause Young (Normal) (G1 Evacuation Pause)
[5.238s][info][gc,task        ] GC(27) Using 4 workers of 33 for evacuation
[5.241s][info][gc,phases      ] GC(27)   Pre Evacuate Collection Set: 0.1ms
[5.241s][info][gc,phases      ] GC(27)   Merge Heap Roots: 0.1ms
[5.241s][info][gc,phases      ] GC(27)   Evacuate Collection Set: 2.4ms
[5.241s][info][gc,phases      ] GC(27)   Post Evacuate Collection Set: 0.2ms
[5.241s][info][gc,phases      ] GC(27)   Other: 0.1ms
[5.241s][info][gc,heap        ] GC(27) Eden regions: 55->0(54)
[5.241s][info][gc,heap        ] GC(27) Survivor regions: 1->2(7)
[5.241s][info][gc,heap        ] GC(27) Old regions: 28->28
[5.241s][info][gc,heap        ] GC(27) Archive regions: 0->0
[5.241s][info][gc,heap        ] GC(27) Humongous regions: 0->0
[5.241s][info][gc,metaspace   ] GC(27) Metaspace: 11958K(12160K)->11958K(12160K) NonClass: 10329K(10432K)->10329K(10432K) Class: 1628K(1728K)->1628K(1728K)
[5.241s][info][gc             ] GC(27) Pause Young (Normal) (G1 Evacuation Pause) 81M->27M(94M) 3.317ms
[5.241s][info][gc,cpu         ] GC(27) User=0.00s Sys=0.02s Real=0.02s
[5.272s][info][gc,start       ] GC(28) Pause Full (System.gc())
[5.272s][info][gc,task        ] GC(28) Using 3 workers of 33 for full compaction
[5.273s][info][gc,phases,start] GC(28) Phase 1: Mark live objects
[5.298s][info][gc,phases      ] GC(28) Phase 1: Mark live objects 25.793ms
[5.299s][info][gc,phases,start] GC(28) Phase 2: Prepare compaction
[5.304s][info][gc,phases      ] GC(28) Phase 2: Prepare compaction 5.328ms
[5.304s][info][gc,phases,start] GC(28) Phase 3: Adjust pointers
[5.312s][info][gc,phases      ] GC(28) Phase 3: Adjust pointers 7.622ms
[5.312s][info][gc,phases,start] GC(28) Phase 4: Compact heap
[5.312s][info][gc,phases      ] GC(28) Phase 4: Compact heap 0.459ms
[5.314s][info][gc,heap        ] GC(28) Eden regions: 11->0(54)
[5.314s][info][gc,heap        ] GC(28) Survivor regions: 2->0(7)
[5.314s][info][gc,heap        ] GC(28) Old regions: 28->27
[5.314s][info][gc,heap        ] GC(28) Archive regions: 0->0
[5.314s][info][gc,heap        ] GC(28) Humongous regions: 0->0
[5.314s][info][gc,metaspace   ] GC(28) Metaspace: 11959K(12160K)->11959K(12160K) NonClass: 10330K(10432K)->10330K(10432K) Class: 1628K(1728K)->1628K(1728K)
[5.314s][info][gc             ] GC(28) Pause Full (System.gc()) 38M->25M(90M) 42.098ms
[5.315s][info][gc,cpu         ] GC(28) User=0.09s Sys=0.00s Real=0.03s
[5.453s][info][gc,start       ] GC(29) Pause Young (Normal) (G1 Evacuation Pause)
[5.453s][info][gc,task        ] GC(29) Using 2 workers of 33 for evacuation
[5.456s][info][gc,phases      ] GC(29)   Pre Evacuate Collection Set: 0.1ms
[5.456s][info][gc,phases      ] GC(29)   Merge Heap Roots: 0.1ms
[5.456s][info][gc,phases      ] GC(29)   Evacuate Collection Set: 2.8ms
[5.456s][info][gc,phases      ] GC(29)   Post Evacuate Collection Set: 0.2ms
[5.456s][info][gc,phases      ] GC(29)   Other: 0.1ms
[5.456s][info][gc,heap        ] GC(29) Eden regions: 54->0(53)
[5.456s][info][gc,heap        ] GC(29) Survivor regions: 0->1(7)
[5.456s][info][gc,heap        ] GC(29) Old regions: 27->27
[5.456s][info][gc,heap        ] GC(29) Archive regions: 0->0
[5.456s][info][gc,heap        ] GC(29) Humongous regions: 0->0
[5.456s][info][gc,metaspace   ] GC(29) Metaspace: 11959K(12160K)->11959K(12160K) NonClass: 10330K(10432K)->10330K(10432K) Class: 1628K(1728K)->1628K(1728K)
[5.456s][info][gc             ] GC(29) Pause Young (Normal) (G1 Evacuation Pause) 79M->26M(90M) 3.790ms
[5.456s][info][gc,cpu         ] GC(29) User=0.00s Sys=0.00s Real=0.00s
[5.588s][info][gc,start       ] GC(30) Pause Young (Normal) (G1 Evacuation Pause)
[5.588s][info][gc,task        ] GC(30) Using 2 workers of 33 for evacuation
[5.594s][info][gc,phases      ] GC(30)   Pre Evacuate Collection Set: 0.1ms
[5.594s][info][gc,phases      ] GC(30)   Merge Heap Roots: 0.1ms
[5.594s][info][gc,phases      ] GC(30)   Evacuate Collection Set: 5.2ms
[5.594s][info][gc,phases      ] GC(30)   Post Evacuate Collection Set: 0.2ms
[5.594s][info][gc,phases      ] GC(30)   Other: 0.1ms
[5.594s][info][gc,heap        ] GC(30) Eden regions: 53->0(52)
[5.594s][info][gc,heap        ] GC(30) Survivor regions: 1->2(7)
[5.594s][info][gc,heap        ] GC(30) Old regions: 27->27
[5.594s][info][gc,heap        ] GC(30) Archive regions: 0->0
[5.594s][info][gc,heap        ] GC(30) Humongous regions: 0->0
[5.594s][info][gc,metaspace   ] GC(30) Metaspace: 11959K(12160K)->11959K(12160K) NonClass: 10330K(10432K)->10330K(10432K) Class: 1628K(1728K)->1628K(1728K)
[5.594s][info][gc             ] GC(30) Pause Young (Normal) (G1 Evacuation Pause) 79M->27M(90M) 6.116ms
[5.594s][info][gc,cpu         ] GC(30) User=0.03s Sys=0.00s Real=0.02s
[5.636s][info][gc,start       ] GC(31) Pause Full (System.gc())
[5.636s][info][gc,task        ] GC(31) Using 2 workers of 33 for full compaction
[5.636s][info][gc,phases,start] GC(31) Phase 1: Mark live objects
[5.670s][info][gc,phases      ] GC(31) Phase 1: Mark live objects 33.867ms
[5.670s][info][gc,phases,start] GC(31) Phase 2: Prepare compaction
[5.678s][info][gc,phases      ] GC(31) Phase 2: Prepare compaction 7.458ms
[5.678s][info][gc,phases,start] GC(31) Phase 3: Adjust pointers
[5.691s][info][gc,phases      ] GC(31) Phase 3: Adjust pointers 12.746ms
[5.691s][info][gc,phases,start] GC(31) Phase 4: Compact heap
[5.691s][info][gc,phases      ] GC(31) Phase 4: Compact heap 0.487ms
[5.693s][info][gc,heap        ] GC(31) Eden regions: 15->0(54)
[5.693s][info][gc,heap        ] GC(31) Survivor regions: 2->0(7)
[5.693s][info][gc,heap        ] GC(31) Old regions: 27->27
[5.693s][info][gc,heap        ] GC(31) Archive regions: 0->0
[5.693s][info][gc,heap        ] GC(31) Humongous regions: 0->0
[5.693s][info][gc,metaspace   ] GC(31) Metaspace: 11959K(12160K)->11959K(12160K) NonClass: 10330K(10432K)->10330K(10432K) Class: 1628K(1728K)->1628K(1728K)
[5.693s][info][gc             ] GC(31) Pause Full (System.gc()) 41M->25M(90M) 57.377ms
[5.693s][info][gc,cpu         ] GC(31) User=0.09s Sys=0.00s Real=0.05s
[5.832s][info][gc,start       ] GC(32) Pause Young (Normal) (G1 Evacuation Pause)
[5.832s][info][gc,task        ] GC(32) Using 2 workers of 33 for evacuation
[5.842s][info][gc,phases      ] GC(32)   Pre Evacuate Collection Set: 0.1ms
[5.842s][info][gc,phases      ] GC(32)   Merge Heap Roots: 0.1ms
[5.842s][info][gc,phases      ] GC(32)   Evacuate Collection Set: 2.7ms
[5.842s][info][gc,phases      ] GC(32)   Post Evacuate Collection Set: 7.0ms
[5.842s][info][gc,phases      ] GC(32)   Other: 0.1ms
[5.842s][info][gc,heap        ] GC(32) Eden regions: 54->0(333)
[5.842s][info][gc,heap        ] GC(32) Survivor regions: 0->1(7)
[5.842s][info][gc,heap        ] GC(32) Old regions: 27->27
[5.842s][info][gc,heap        ] GC(32) Archive regions: 0->0
[5.843s][info][gc,heap        ] GC(32) Humongous regions: 0->0
[5.843s][info][gc,metaspace   ] GC(32) Metaspace: 11959K(12160K)->11959K(12160K) NonClass: 10330K(10432K)->10330K(10432K) Class: 1628K(1728K)->1628K(1728K)
[5.843s][info][gc             ] GC(32) Pause Young (Normal) (G1 Evacuation Pause) 79M->26M(557M) 10.540ms
[5.843s][info][gc,cpu         ] GC(32) User=0.00s Sys=0.02s Real=0.02s
[6.025s][info][gc,start       ] GC(33) Pause Full (System.gc())
[6.025s][info][gc,task        ] GC(33) Using 13 workers of 33 for full compaction
[6.026s][info][gc,phases,start] GC(33) Phase 1: Mark live objects
[6.037s][info][gc,phases      ] GC(33) Phase 1: Mark live objects 10.964ms
[6.037s][info][gc,phases,start] GC(33) Phase 2: Prepare compaction
[6.039s][info][gc,phases      ] GC(33) Phase 2: Prepare compaction 2.074ms
[6.039s][info][gc,phases,start] GC(33) Phase 3: Adjust pointers
[6.042s][info][gc,phases      ] GC(33) Phase 3: Adjust pointers 2.589ms
[6.042s][info][gc,phases,start] GC(33) Phase 4: Compact heap
[6.042s][info][gc,phases      ] GC(33) Phase 4: Compact heap 0.201ms
[6.047s][info][gc,heap        ] GC(33) Eden regions: 68->0(56)
[6.047s][info][gc,heap        ] GC(33) Survivor regions: 1->0(7)
[6.047s][info][gc,heap        ] GC(33) Old regions: 27->28
[6.047s][info][gc,heap        ] GC(33) Archive regions: 0->0
[6.047s][info][gc,heap        ] GC(33) Humongous regions: 0->0
[6.047s][info][gc,metaspace   ] GC(33) Metaspace: 11960K(12160K)->11960K(12160K) NonClass: 10331K(10432K)->10331K(10432K) Class: 1628K(1728K)->1628K(1728K)
[6.047s][info][gc             ] GC(33) Pause Full (System.gc()) 94M->25M(94M) 22.105ms
[6.047s][info][gc,cpu         ] GC(33) User=0.20s Sys=0.00s Real=0.02s
[6.179s][info][gc,start       ] GC(34) Pause Young (Normal) (G1 Evacuation Pause)
[6.179s][info][gc,task        ] GC(34) Using 7 workers of 33 for evacuation
[6.180s][info][gc,phases      ] GC(34)   Pre Evacuate Collection Set: 0.1ms
[6.180s][info][gc,phases      ] GC(34)   Merge Heap Roots: 0.1ms
[6.180s][info][gc,phases      ] GC(34)   Evacuate Collection Set: 0.9ms
[6.180s][info][gc,phases      ] GC(34)   Post Evacuate Collection Set: 0.2ms
[6.180s][info][gc,phases      ] GC(34)   Other: 0.1ms
[6.180s][info][gc,heap        ] GC(34) Eden regions: 56->0(55)
[6.180s][info][gc,heap        ] GC(34) Survivor regions: 0->1(7)
[6.180s][info][gc,heap        ] GC(34) Old regions: 28->28
[6.180s][info][gc,heap        ] GC(34) Archive regions: 0->0
[6.180s][info][gc,heap        ] GC(34) Humongous regions: 0->0
[6.180s][info][gc,metaspace   ] GC(34) Metaspace: 11966K(12160K)->11966K(12160K) NonClass: 10337K(10432K)->10337K(10432K) Class: 1628K(1728K)->1628K(1728K)
[6.180s][info][gc             ] GC(34) Pause Young (Normal) (G1 Evacuation Pause) 81M->26M(94M) 1.858ms
[6.180s][info][gc,cpu         ] GC(34) User=0.00s Sys=0.00s Real=0.00s
[6.316s][info][gc,start       ] GC(35) Pause Young (Normal) (G1 Evacuation Pause)
[6.316s][info][gc,task        ] GC(35) Using 4 workers of 33 for evacuation
[6.320s][info][gc,phases      ] GC(35)   Pre Evacuate Collection Set: 0.1ms
[6.320s][info][gc,phases      ] GC(35)   Merge Heap Roots: 0.1ms
[6.320s][info][gc,phases      ] GC(35)   Evacuate Collection Set: 3.1ms
[6.320s][info][gc,phases      ] GC(35)   Post Evacuate Collection Set: 0.2ms
[6.320s][info][gc,phases      ] GC(35)   Other: 0.1ms
[6.320s][info][gc,heap        ] GC(35) Eden regions: 55->0(54)
[6.320s][info][gc,heap        ] GC(35) Survivor regions: 1->2(7)
[6.320s][info][gc,heap        ] GC(35) Old regions: 28->28
[6.320s][info][gc,heap        ] GC(35) Archive regions: 0->0
[6.320s][info][gc,heap        ] GC(35) Humongous regions: 0->0
[6.320s][info][gc,metaspace   ] GC(35) Metaspace: 11966K(12160K)->11966K(12160K) NonClass: 10337K(10432K)->10337K(10432K) Class: 1628K(1728K)->1628K(1728K)
[6.320s][info][gc             ] GC(35) Pause Young (Normal) (G1 Evacuation Pause) 81M->27M(94M) 3.958ms
[6.320s][info][gc,cpu         ] GC(35) User=0.00s Sys=0.00s Real=0.00s
[6.367s][info][gc,start       ] GC(36) Pause Full (System.gc())
[6.367s][info][gc,task        ] GC(36) Using 3 workers of 33 for full compaction
[6.367s][info][gc,phases,start] GC(36) Phase 1: Mark live objects
[6.388s][info][gc,phases      ] GC(36) Phase 1: Mark live objects 20.922ms
[6.388s][info][gc,phases,start] GC(36) Phase 2: Prepare compaction
[6.392s][info][gc,phases      ] GC(36) Phase 2: Prepare compaction 4.089ms
[6.393s][info][gc,phases,start] GC(36) Phase 3: Adjust pointers
[6.402s][info][gc,phases      ] GC(36) Phase 3: Adjust pointers 9.143ms
[6.402s][info][gc,phases,start] GC(36) Phase 4: Compact heap
[6.402s][info][gc,phases      ] GC(36) Phase 4: Compact heap 0.450ms
[6.404s][info][gc,heap        ] GC(36) Eden regions: 11->0(54)
[6.404s][info][gc,heap        ] GC(36) Survivor regions: 2->0(7)
[6.404s][info][gc,heap        ] GC(36) Old regions: 28->27
[6.404s][info][gc,heap        ] GC(36) Archive regions: 0->0
[6.404s][info][gc,heap        ] GC(36) Humongous regions: 0->0
[6.405s][info][gc,metaspace   ] GC(36) Metaspace: 11967K(12160K)->11967K(12160K) NonClass: 10338K(10432K)->10338K(10432K) Class: 1628K(1728K)->1628K(1728K)
[6.405s][info][gc             ] GC(36) Pause Full (System.gc()) 37M->25M(90M) 37.506ms
[6.405s][info][gc,cpu         ] GC(36) User=0.06s Sys=0.00s Real=0.03s
[6.535s][info][gc,start       ] GC(37) Pause Young (Normal) (G1 Evacuation Pause)
[6.535s][info][gc,task        ] GC(37) Using 2 workers of 33 for evacuation
[6.539s][info][gc,phases      ] GC(37)   Pre Evacuate Collection Set: 0.1ms
[6.539s][info][gc,phases      ] GC(37)   Merge Heap Roots: 0.1ms
[6.539s][info][gc,phases      ] GC(37)   Evacuate Collection Set: 2.8ms
[6.539s][info][gc,phases      ] GC(37)   Post Evacuate Collection Set: 0.2ms
[6.539s][info][gc,phases      ] GC(37)   Other: 0.1ms
[6.539s][info][gc,heap        ] GC(37) Eden regions: 54->0(53)
[6.539s][info][gc,heap        ] GC(37) Survivor regions: 0->1(7)
[6.539s][info][gc,heap        ] GC(37) Old regions: 27->27
[6.539s][info][gc,heap        ] GC(37) Archive regions: 0->0
[6.539s][info][gc,heap        ] GC(37) Humongous regions: 0->0
[6.539s][info][gc,metaspace   ] GC(37) Metaspace: 11970K(12160K)->11970K(12160K) NonClass: 10341K(10432K)->10341K(10432K) Class: 1628K(1728K)->1628K(1728K)
[6.539s][info][gc             ] GC(37) Pause Young (Normal) (G1 Evacuation Pause) 79M->26M(90M) 3.828ms
[6.539s][info][gc,cpu         ] GC(37) User=0.00s Sys=0.00s Real=0.00s
[6.656s][info][gc,start       ] GC(38) Pause Young (Normal) (G1 Evacuation Pause)
[6.656s][info][gc,task        ] GC(38) Using 2 workers of 33 for evacuation
[6.662s][info][gc,phases      ] GC(38)   Pre Evacuate Collection Set: 0.1ms
[6.662s][info][gc,phases      ] GC(38)   Merge Heap Roots: 0.1ms
[6.662s][info][gc,phases      ] GC(38)   Evacuate Collection Set: 5.3ms
[6.662s][info][gc,phases      ] GC(38)   Post Evacuate Collection Set: 0.2ms
[6.662s][info][gc,phases      ] GC(38)   Other: 0.1ms
[6.662s][info][gc,heap        ] GC(38) Eden regions: 53->0(52)
[6.662s][info][gc,heap        ] GC(38) Survivor regions: 1->2(7)
[6.662s][info][gc,heap        ] GC(38) Old regions: 27->27
[6.662s][info][gc,heap        ] GC(38) Archive regions: 0->0
[6.662s][info][gc,heap        ] GC(38) Humongous regions: 0->0
[6.662s][info][gc,metaspace   ] GC(38) Metaspace: 11970K(12160K)->11970K(12160K) NonClass: 10341K(10432K)->10341K(10432K) Class: 1628K(1728K)->1628K(1728K)
[6.662s][info][gc             ] GC(38) Pause Young (Normal) (G1 Evacuation Pause) 79M->27M(90M) 6.151ms
[6.662s][info][gc,cpu         ] GC(38) User=0.00s Sys=0.00s Real=0.00s
[6.703s][info][gc,start       ] GC(39) Pause Full (System.gc())
[6.703s][info][gc,task        ] GC(39) Using 2 workers of 33 for full compaction
[6.703s][info][gc,phases,start] GC(39) Phase 1: Mark live objects
[6.739s][info][gc,phases      ] GC(39) Phase 1: Mark live objects 35.976ms
[6.739s][info][gc,phases,start] GC(39) Phase 2: Prepare compaction
[6.747s][info][gc,phases      ] GC(39) Phase 2: Prepare compaction 7.542ms
[6.747s][info][gc,phases,start] GC(39) Phase 3: Adjust pointers
[6.756s][info][gc,phases      ] GC(39) Phase 3: Adjust pointers 9.482ms
[6.756s][info][gc,phases,start] GC(39) Phase 4: Compact heap
[6.757s][info][gc,phases      ] GC(39) Phase 4: Compact heap 0.507ms
[6.759s][info][gc,heap        ] GC(39) Eden regions: 15->0(54)
[6.759s][info][gc,heap        ] GC(39) Survivor regions: 2->0(7)
[6.759s][info][gc,heap        ] GC(39) Old regions: 27->27
[6.759s][info][gc,heap        ] GC(39) Archive regions: 0->0
[6.759s][info][gc,heap        ] GC(39) Humongous regions: 0->0
[6.759s][info][gc,metaspace   ] GC(39) Metaspace: 11972K(12224K)->11972K(12224K) NonClass: 10343K(10496K)->10343K(10496K) Class: 1628K(1728K)->1628K(1728K)
[6.759s][info][gc             ] GC(39) Pause Full (System.gc()) 41M->25M(90M) 56.122ms
[6.759s][info][gc,cpu         ] GC(39) User=0.09s Sys=0.02s Real=0.06s
[6.898s][info][gc,start       ] GC(40) Pause Young (Normal) (G1 Evacuation Pause)
[6.898s][info][gc,task        ] GC(40) Using 2 workers of 33 for evacuation
[6.908s][info][gc,phases      ] GC(40)   Pre Evacuate Collection Set: 0.1ms
[6.908s][info][gc,phases      ] GC(40)   Merge Heap Roots: 0.1ms
[6.908s][info][gc,phases      ] GC(40)   Evacuate Collection Set: 2.8ms
[6.908s][info][gc,phases      ] GC(40)   Post Evacuate Collection Set: 7.0ms
[6.908s][info][gc,phases      ] GC(40)   Other: 0.1ms
[6.908s][info][gc,heap        ] GC(40) Eden regions: 54->0(333)
[6.908s][info][gc,heap        ] GC(40) Survivor regions: 0->1(7)
[6.908s][info][gc,heap        ] GC(40) Old regions: 27->27
[6.908s][info][gc,heap        ] GC(40) Archive regions: 0->0
[6.908s][info][gc,heap        ] GC(40) Humongous regions: 0->0
[6.908s][info][gc,metaspace   ] GC(40) Metaspace: 11978K(12224K)->11978K(12224K) NonClass: 10349K(10496K)->10349K(10496K) Class: 1628K(1728K)->1628K(1728K)
[6.909s][info][gc             ] GC(40) Pause Young (Normal) (G1 Evacuation Pause) 79M->26M(557M) 10.589ms
[6.909s][info][gc,cpu         ] GC(40) User=0.03s Sys=0.00s Real=0.02s
[7.092s][info][gc,start       ] GC(41) Pause Full (System.gc())
[7.092s][info][gc,task        ] GC(41) Using 13 workers of 33 for full compaction
[7.092s][info][gc,phases,start] GC(41) Phase 1: Mark live objects
[7.103s][info][gc,phases      ] GC(41) Phase 1: Mark live objects 10.681ms
[7.103s][info][gc,phases,start] GC(41) Phase 2: Prepare compaction
[7.105s][info][gc,phases      ] GC(41) Phase 2: Prepare compaction 2.177ms
[7.105s][info][gc,phases,start] GC(41) Phase 3: Adjust pointers
[7.107s][info][gc,phases      ] GC(41) Phase 3: Adjust pointers 2.040ms
[7.107s][info][gc,phases,start] GC(41) Phase 4: Compact heap
[7.108s][info][gc,phases      ] GC(41) Phase 4: Compact heap 0.348ms
[7.112s][info][gc,heap        ] GC(41) Eden regions: 68->0(56)
[7.112s][info][gc,heap        ] GC(41) Survivor regions: 1->0(7)
[7.112s][info][gc,heap        ] GC(41) Old regions: 27->28
[7.112s][info][gc,heap        ] GC(41) Archive regions: 0->0
[7.112s][info][gc,heap        ] GC(41) Humongous regions: 0->0
[7.112s][info][gc,metaspace   ] GC(41) Metaspace: 11978K(12224K)->11978K(12224K) NonClass: 10349K(10496K)->10349K(10496K) Class: 1628K(1728K)->1628K(1728K)
[7.112s][info][gc             ] GC(41) Pause Full (System.gc()) 94M->25M(94M) 20.689ms
[7.112s][info][gc,cpu         ] GC(41) User=0.20s Sys=0.00s Real=0.02s
[7.257s][info][gc,start       ] GC(42) Pause Young (Normal) (G1 Evacuation Pause)
[7.257s][info][gc,task        ] GC(42) Using 7 workers of 33 for evacuation
[7.258s][info][gc,phases      ] GC(42)   Pre Evacuate Collection Set: 0.1ms
[7.258s][info][gc,phases      ] GC(42)   Merge Heap Roots: 0.1ms
[7.258s][info][gc,phases      ] GC(42)   Evacuate Collection Set: 0.9ms
[7.258s][info][gc,phases      ] GC(42)   Post Evacuate Collection Set: 0.2ms
[7.258s][info][gc,phases      ] GC(42)   Other: 0.1ms
[7.258s][info][gc,heap        ] GC(42) Eden regions: 56->0(55)
[7.258s][info][gc,heap        ] GC(42) Survivor regions: 0->1(7)
[7.258s][info][gc,heap        ] GC(42) Old regions: 28->28
[7.258s][info][gc,heap        ] GC(42) Archive regions: 0->0
[7.258s][info][gc,heap        ] GC(42) Humongous regions: 0->0
[7.258s][info][gc,metaspace   ] GC(42) Metaspace: 11978K(12224K)->11978K(12224K) NonClass: 10349K(10496K)->10349K(10496K) Class: 1628K(1728K)->1628K(1728K)
[7.259s][info][gc             ] GC(42) Pause Young (Normal) (G1 Evacuation Pause) 81M->26M(94M) 1.862ms
[7.259s][info][gc,cpu         ] GC(42) User=0.00s Sys=0.00s Real=0.00s
[7.398s][info][gc,start       ] GC(43) Pause Young (Normal) (G1 Evacuation Pause)
[7.398s][info][gc,task        ] GC(43) Using 4 workers of 33 for evacuation
[7.401s][info][gc,phases      ] GC(43)   Pre Evacuate Collection Set: 0.1ms
[7.401s][info][gc,phases      ] GC(43)   Merge Heap Roots: 0.1ms
[7.401s][info][gc,phases      ] GC(43)   Evacuate Collection Set: 3.0ms
[7.402s][info][gc,phases      ] GC(43)   Post Evacuate Collection Set: 0.2ms
[7.402s][info][gc,phases      ] GC(43)   Other: 0.1ms
[7.402s][info][gc,heap        ] GC(43) Eden regions: 55->0(54)
[7.402s][info][gc,heap        ] GC(43) Survivor regions: 1->2(7)
[7.402s][info][gc,heap        ] GC(43) Old regions: 28->28
[7.402s][info][gc,heap        ] GC(43) Archive regions: 0->0
[7.402s][info][gc,heap        ] GC(43) Humongous regions: 0->0
[7.402s][info][gc,metaspace   ] GC(43) Metaspace: 11979K(12224K)->11979K(12224K) NonClass: 10350K(10496K)->10350K(10496K) Class: 1628K(1728K)->1628K(1728K)
[7.402s][info][gc             ] GC(43) Pause Young (Normal) (G1 Evacuation Pause) 81M->27M(94M) 3.900ms
[7.402s][info][gc,cpu         ] GC(43) User=0.00s Sys=0.00s Real=0.00s
[7.433s][info][gc,start       ] GC(44) Pause Full (System.gc())
[7.433s][info][gc,task        ] GC(44) Using 3 workers of 33 for full compaction
[7.433s][info][gc,phases,start] GC(44) Phase 1: Mark live objects
[7.454s][info][gc,phases      ] GC(44) Phase 1: Mark live objects 21.099ms
[7.454s][info][gc,phases,start] GC(44) Phase 2: Prepare compaction
[7.459s][info][gc,phases      ] GC(44) Phase 2: Prepare compaction 4.077ms
[7.459s][info][gc,phases,start] GC(44) Phase 3: Adjust pointers
[7.468s][info][gc,phases      ] GC(44) Phase 3: Adjust pointers 9.113ms
[7.468s][info][gc,phases,start] GC(44) Phase 4: Compact heap
[7.468s][info][gc,phases      ] GC(44) Phase 4: Compact heap 0.454ms
[7.470s][info][gc,heap        ] GC(44) Eden regions: 11->0(54)
[7.470s][info][gc,heap        ] GC(44) Survivor regions: 2->0(7)
[7.470s][info][gc,heap        ] GC(44) Old regions: 28->27
[7.470s][info][gc,heap        ] GC(44) Archive regions: 0->0
[7.471s][info][gc,heap        ] GC(44) Humongous regions: 0->0
[7.471s][info][gc,metaspace   ] GC(44) Metaspace: 11979K(12224K)->11979K(12224K) NonClass: 10350K(10496K)->10350K(10496K) Class: 1628K(1728K)->1628K(1728K)
[7.471s][info][gc             ] GC(44) Pause Full (System.gc()) 37M->25M(90M) 37.627ms
[7.471s][info][gc,cpu         ] GC(44) User=0.11s Sys=0.00s Real=0.05s
[7.601s][info][gc,start       ] GC(45) Pause Young (Normal) (G1 Evacuation Pause)
[7.601s][info][gc,task        ] GC(45) Using 2 workers of 33 for evacuation
[7.605s][info][gc,phases      ] GC(45)   Pre Evacuate Collection Set: 0.1ms
[7.605s][info][gc,phases      ] GC(45)   Merge Heap Roots: 0.1ms
[7.605s][info][gc,phases      ] GC(45)   Evacuate Collection Set: 2.8ms
[7.605s][info][gc,phases      ] GC(45)   Post Evacuate Collection Set: 0.2ms
[7.605s][info][gc,phases      ] GC(45)   Other: 0.1ms
[7.605s][info][gc,heap        ] GC(45) Eden regions: 54->0(53)
[7.605s][info][gc,heap        ] GC(45) Survivor regions: 0->1(7)
[7.605s][info][gc,heap        ] GC(45) Old regions: 27->27
[7.605s][info][gc,heap        ] GC(45) Archive regions: 0->0
[7.605s][info][gc,heap        ] GC(45) Humongous regions: 0->0
[7.605s][info][gc,metaspace   ] GC(45) Metaspace: 11979K(12224K)->11979K(12224K) NonClass: 10350K(10496K)->10350K(10496K) Class: 1628K(1728K)->1628K(1728K)
[7.605s][info][gc             ] GC(45) Pause Young (Normal) (G1 Evacuation Pause) 79M->26M(90M) 3.771ms
[7.605s][info][gc,cpu         ] GC(45) User=0.00s Sys=0.00s Real=0.00s
[7.722s][info][gc,start       ] GC(46) Pause Young (Normal) (G1 Evacuation Pause)
[7.722s][info][gc,task        ] GC(46) Using 2 workers of 33 for evacuation
[7.728s][info][gc,phases      ] GC(46)   Pre Evacuate Collection Set: 0.1ms
[7.728s][info][gc,phases      ] GC(46)   Merge Heap Roots: 0.1ms
[7.728s][info][gc,phases      ] GC(46)   Evacuate Collection Set: 5.2ms
[7.728s][info][gc,phases      ] GC(46)   Post Evacuate Collection Set: 0.2ms
[7.728s][info][gc,phases      ] GC(46)   Other: 0.1ms
[7.728s][info][gc,heap        ] GC(46) Eden regions: 53->0(52)
[7.728s][info][gc,heap        ] GC(46) Survivor regions: 1->2(7)
[7.728s][info][gc,heap        ] GC(46) Old regions: 27->27
[7.728s][info][gc,heap        ] GC(46) Archive regions: 0->0
[7.728s][info][gc,heap        ] GC(46) Humongous regions: 0->0
[7.728s][info][gc,metaspace   ] GC(46) Metaspace: 11979K(12224K)->11979K(12224K) NonClass: 10350K(10496K)->10350K(10496K) Class: 1628K(1728K)->1628K(1728K)
[7.728s][info][gc             ] GC(46) Pause Young (Normal) (G1 Evacuation Pause) 79M->27M(90M) 6.074ms
[7.728s][info][gc,cpu         ] GC(46) User=0.00s Sys=0.00s Real=0.00s
[7.768s][info][gc,start       ] GC(47) Pause Full (System.gc())
[7.768s][info][gc,task        ] GC(47) Using 2 workers of 33 for full compaction
[7.768s][info][gc,phases,start] GC(47) Phase 1: Mark live objects
[7.803s][info][gc,phases      ] GC(47) Phase 1: Mark live objects 35.402ms
[7.803s][info][gc,phases,start] GC(47) Phase 2: Prepare compaction
[7.811s][info][gc,phases      ] GC(47) Phase 2: Prepare compaction 7.483ms
[7.811s][info][gc,phases,start] GC(47) Phase 3: Adjust pointers
[7.824s][info][gc,phases      ] GC(47) Phase 3: Adjust pointers 13.482ms
[7.824s][info][gc,phases,start] GC(47) Phase 4: Compact heap
[7.825s][info][gc,phases      ] GC(47) Phase 4: Compact heap 0.315ms
[7.826s][info][gc,heap        ] GC(47) Eden regions: 15->0(54)
[7.826s][info][gc,heap        ] GC(47) Survivor regions: 2->0(7)
[7.826s][info][gc,heap        ] GC(47) Old regions: 27->27
[7.826s][info][gc,heap        ] GC(47) Archive regions: 0->0
[7.826s][info][gc,heap        ] GC(47) Humongous regions: 0->0
[7.826s][info][gc,metaspace   ] GC(47) Metaspace: 11979K(12224K)->11979K(12224K) NonClass: 10350K(10496K)->10350K(10496K) Class: 1628K(1728K)->1628K(1728K)
[7.826s][info][gc             ] GC(47) Pause Full (System.gc()) 41M->25M(90M) 58.847ms
[7.826s][info][gc,cpu         ] GC(47) User=0.13s Sys=0.00s Real=0.06s
[7.964s][info][gc,start       ] GC(48) Pause Young (Normal) (G1 Evacuation Pause)
[7.964s][info][gc,task        ] GC(48) Using 2 workers of 33 for evacuation
[7.974s][info][gc,phases      ] GC(48)   Pre Evacuate Collection Set: 0.1ms
[7.974s][info][gc,phases      ] GC(48)   Merge Heap Roots: 0.1ms
[7.974s][info][gc,phases      ] GC(48)   Evacuate Collection Set: 2.8ms
[7.974s][info][gc,phases      ] GC(48)   Post Evacuate Collection Set: 7.0ms
[7.974s][info][gc,phases      ] GC(48)   Other: 0.1ms
[7.974s][info][gc,heap        ] GC(48) Eden regions: 54->0(333)
[7.974s][info][gc,heap        ] GC(48) Survivor regions: 0->1(7)
[7.974s][info][gc,heap        ] GC(48) Old regions: 27->27
[7.974s][info][gc,heap        ] GC(48) Archive regions: 0->0
[7.974s][info][gc,heap        ] GC(48) Humongous regions: 0->0
[7.974s][info][gc,metaspace   ] GC(48) Metaspace: 11980K(12224K)->11980K(12224K) NonClass: 10351K(10496K)->10351K(10496K) Class: 1628K(1728K)->1628K(1728K)
[7.974s][info][gc             ] GC(48) Pause Young (Normal) (G1 Evacuation Pause) 79M->26M(557M) 10.553ms
[7.974s][info][gc,cpu         ] GC(48) User=0.00s Sys=0.00s Real=0.00s
[8.156s][info][gc,start       ] GC(49) Pause Full (System.gc())
[8.156s][info][gc,task        ] GC(49) Using 13 workers of 33 for full compaction
[8.157s][info][gc,phases,start] GC(49) Phase 1: Mark live objects
[8.167s][info][gc,phases      ] GC(49) Phase 1: Mark live objects 10.197ms
[8.167s][info][gc,phases,start] GC(49) Phase 2: Prepare compaction
[8.169s][info][gc,phases      ] GC(49) Phase 2: Prepare compaction 2.313ms
[8.169s][info][gc,phases,start] GC(49) Phase 3: Adjust pointers
[8.172s][info][gc,phases      ] GC(49) Phase 3: Adjust pointers 2.676ms
[8.172s][info][gc,phases,start] GC(49) Phase 4: Compact heap
[8.172s][info][gc,phases      ] GC(49) Phase 4: Compact heap 0.345ms
[8.178s][info][gc,heap        ] GC(49) Eden regions: 68->0(56)
[8.178s][info][gc,heap        ] GC(49) Survivor regions: 1->0(7)
[8.178s][info][gc,heap        ] GC(49) Old regions: 27->28
[8.178s][info][gc,heap        ] GC(49) Archive regions: 0->0
[8.178s][info][gc,heap        ] GC(49) Humongous regions: 0->0
[8.178s][info][gc,metaspace   ] GC(49) Metaspace: 11980K(12224K)->11980K(12224K) NonClass: 10351K(10496K)->10351K(10496K) Class: 1628K(1728K)->1628K(1728K)
[8.178s][info][gc             ] GC(49) Pause Full (System.gc()) 94M->25M(94M) 21.908ms
[8.178s][info][gc,cpu         ] GC(49) User=0.20s Sys=0.00s Real=0.01s
[8.309s][info][gc,start       ] GC(50) Pause Young (Normal) (G1 Evacuation Pause)
[8.309s][info][gc,task        ] GC(50) Using 7 workers of 33 for evacuation
[8.311s][info][gc,phases      ] GC(50)   Pre Evacuate Collection Set: 0.1ms
[8.311s][info][gc,phases      ] GC(50)   Merge Heap Roots: 0.0ms
[8.311s][info][gc,phases      ] GC(50)   Evacuate Collection Set: 0.9ms
[8.311s][info][gc,phases      ] GC(50)   Post Evacuate Collection Set: 0.2ms
[8.311s][info][gc,phases      ] GC(50)   Other: 0.1ms
[8.311s][info][gc,heap        ] GC(50) Eden regions: 56->0(55)
[8.311s][info][gc,heap        ] GC(50) Survivor regions: 0->1(7)
[8.311s][info][gc,heap        ] GC(50) Old regions: 28->28
[8.311s][info][gc,heap        ] GC(50) Archive regions: 0->0
[8.311s][info][gc,heap        ] GC(50) Humongous regions: 0->0
[8.311s][info][gc,metaspace   ] GC(50) Metaspace: 11980K(12224K)->11980K(12224K) NonClass: 10351K(10496K)->10351K(10496K) Class: 1628K(1728K)->1628K(1728K)
[8.311s][info][gc             ] GC(50) Pause Young (Normal) (G1 Evacuation Pause) 81M->26M(94M) 1.851ms
[8.311s][info][gc,cpu         ] GC(50) User=0.00s Sys=0.00s Real=0.00s
[8.434s][info][gc,start       ] GC(51) Pause Young (Normal) (G1 Evacuation Pause)
[8.434s][info][gc,task        ] GC(51) Using 4 workers of 33 for evacuation
[8.436s][info][gc,phases      ] GC(51)   Pre Evacuate Collection Set: 0.1ms
[8.437s][info][gc,phases      ] GC(51)   Merge Heap Roots: 0.1ms
[8.437s][info][gc,phases      ] GC(51)   Evacuate Collection Set: 2.4ms
[8.437s][info][gc,phases      ] GC(51)   Post Evacuate Collection Set: 0.2ms
[8.437s][info][gc,phases      ] GC(51)   Other: 0.1ms
[8.437s][info][gc,heap        ] GC(51) Eden regions: 55->0(54)
[8.437s][info][gc,heap        ] GC(51) Survivor regions: 1->2(7)
[8.437s][info][gc,heap        ] GC(51) Old regions: 28->28
[8.437s][info][gc,heap        ] GC(51) Archive regions: 0->0
[8.437s][info][gc,heap        ] GC(51) Humongous regions: 0->0
[8.437s][info][gc,metaspace   ] GC(51) Metaspace: 11980K(12224K)->11980K(12224K) NonClass: 10351K(10496K)->10351K(10496K) Class: 1628K(1728K)->1628K(1728K)
[8.437s][info][gc             ] GC(51) Pause Young (Normal) (G1 Evacuation Pause) 81M->27M(94M) 3.270ms
[8.437s][info][gc,cpu         ] GC(51) User=0.06s Sys=0.00s Real=0.02s
[8.468s][info][gc,start       ] GC(52) Pause Full (System.gc())
[8.468s][info][gc,task        ] GC(52) Using 3 workers of 33 for full compaction
[8.468s][info][gc,phases,start] GC(52) Phase 1: Mark live objects
[8.494s][info][gc,phases      ] GC(52) Phase 1: Mark live objects 26.188ms
[8.494s][info][gc,phases,start] GC(52) Phase 2: Prepare compaction
[8.500s][info][gc,phases      ] GC(52) Phase 2: Prepare compaction 5.290ms
[8.500s][info][gc,phases,start] GC(52) Phase 3: Adjust pointers
[8.507s][info][gc,phases      ] GC(52) Phase 3: Adjust pointers 7.487ms
[8.507s][info][gc,phases,start] GC(52) Phase 4: Compact heap
[8.508s][info][gc,phases      ] GC(52) Phase 4: Compact heap 0.615ms
[8.510s][info][gc,heap        ] GC(52) Eden regions: 11->0(54)
[8.510s][info][gc,heap        ] GC(52) Survivor regions: 2->0(7)
[8.510s][info][gc,heap        ] GC(52) Old regions: 28->27
[8.510s][info][gc,heap        ] GC(52) Archive regions: 0->0
[8.510s][info][gc,heap        ] GC(52) Humongous regions: 0->0
[8.510s][info][gc,metaspace   ] GC(52) Metaspace: 11980K(12224K)->11980K(12224K) NonClass: 10351K(10496K)->10351K(10496K) Class: 1628K(1728K)->1628K(1728K)
[8.510s][info][gc             ] GC(52) Pause Full (System.gc()) 38M->25M(90M) 42.471ms
[8.510s][info][gc,cpu         ] GC(52) User=0.09s Sys=0.00s Real=0.03s
[8.664s][info][gc,start       ] GC(53) Pause Young (Normal) (G1 Evacuation Pause)
[8.664s][info][gc,task        ] GC(53) Using 2 workers of 33 for evacuation
[8.666s][info][gc,phases      ] GC(53)   Pre Evacuate Collection Set: 0.1ms
[8.666s][info][gc,phases      ] GC(53)   Merge Heap Roots: 0.0ms
[8.666s][info][gc,phases      ] GC(53)   Evacuate Collection Set: 1.7ms
[8.666s][info][gc,phases      ] GC(53)   Post Evacuate Collection Set: 0.2ms
[8.666s][info][gc,phases      ] GC(53)   Other: 0.1ms
[8.666s][info][gc,heap        ] GC(53) Eden regions: 54->0(53)
[8.666s][info][gc,heap        ] GC(53) Survivor regions: 0->1(7)
[8.666s][info][gc,heap        ] GC(53) Old regions: 27->27
[8.666s][info][gc,heap        ] GC(53) Archive regions: 0->0
[8.667s][info][gc,heap        ] GC(53) Humongous regions: 0->0
[8.667s][info][gc,metaspace   ] GC(53) Metaspace: 11980K(12224K)->11980K(12224K) NonClass: 10351K(10496K)->10351K(10496K) Class: 1628K(1728K)->1628K(1728K)
[8.667s][info][gc             ] GC(53) Pause Young (Normal) (G1 Evacuation Pause) 79M->26M(90M) 2.728ms
[8.667s][info][gc,cpu         ] GC(53) User=0.00s Sys=0.00s Real=0.00s
[8.800s][info][gc,start       ] GC(54) Pause Young (Normal) (G1 Evacuation Pause)
[8.800s][info][gc,task        ] GC(54) Using 2 workers of 33 for evacuation
[8.805s][info][gc,phases      ] GC(54)   Pre Evacuate Collection Set: 0.1ms
[8.805s][info][gc,phases      ] GC(54)   Merge Heap Roots: 0.1ms
[8.805s][info][gc,phases      ] GC(54)   Evacuate Collection Set: 5.2ms
[8.805s][info][gc,phases      ] GC(54)   Post Evacuate Collection Set: 0.2ms
[8.805s][info][gc,phases      ] GC(54)   Other: 0.1ms
[8.806s][info][gc,heap        ] GC(54) Eden regions: 53->0(52)
[8.806s][info][gc,heap        ] GC(54) Survivor regions: 1->2(7)
[8.806s][info][gc,heap        ] GC(54) Old regions: 27->27
[8.806s][info][gc,heap        ] GC(54) Archive regions: 0->0
[8.806s][info][gc,heap        ] GC(54) Humongous regions: 0->0
[8.806s][info][gc,metaspace   ] GC(54) Metaspace: 11980K(12224K)->11980K(12224K) NonClass: 10351K(10496K)->10351K(10496K) Class: 1628K(1728K)->1628K(1728K)
[8.806s][info][gc             ] GC(54) Pause Young (Normal) (G1 Evacuation Pause) 79M->27M(90M) 6.094ms
[8.806s][info][gc,cpu         ] GC(54) User=0.00s Sys=0.00s Real=0.00s
[8.845s][info][gc,start       ] GC(55) Pause Full (System.gc())
[8.846s][info][gc,task        ] GC(55) Using 2 workers of 33 for full compaction
[8.846s][info][gc,phases,start] GC(55) Phase 1: Mark live objects
[8.885s][info][gc,phases      ] GC(55) Phase 1: Mark live objects 39.324ms
[8.885s][info][gc,phases,start] GC(55) Phase 2: Prepare compaction
[8.893s][info][gc,phases      ] GC(55) Phase 2: Prepare compaction 7.468ms
[8.893s][info][gc,phases,start] GC(55) Phase 3: Adjust pointers
[8.906s][info][gc,phases      ] GC(55) Phase 3: Adjust pointers 12.904ms
[8.906s][info][gc,phases,start] GC(55) Phase 4: Compact heap
[8.906s][info][gc,phases      ] GC(55) Phase 4: Compact heap 0.369ms
[8.908s][info][gc,heap        ] GC(55) Eden regions: 15->0(54)
[8.908s][info][gc,heap        ] GC(55) Survivor regions: 2->0(7)
[8.908s][info][gc,heap        ] GC(55) Old regions: 27->27
[8.908s][info][gc,heap        ] GC(55) Archive regions: 0->0
[8.908s][info][gc,heap        ] GC(55) Humongous regions: 0->0
[8.908s][info][gc,metaspace   ] GC(55) Metaspace: 11981K(12224K)->11981K(12224K) NonClass: 10352K(10496K)->10352K(10496K) Class: 1628K(1728K)->1628K(1728K)
[8.908s][info][gc             ] GC(55) Pause Full (System.gc()) 41M->25M(90M) 62.283ms
[8.908s][info][gc,cpu         ] GC(55) User=0.13s Sys=0.00s Real=0.06s
[9.071s][info][gc,start       ] GC(56) Pause Young (Normal) (G1 Evacuation Pause)
[9.072s][info][gc,task        ] GC(56) Using 2 workers of 33 for evacuation
[9.081s][info][gc,phases      ] GC(56)   Pre Evacuate Collection Set: 0.1ms
[9.081s][info][gc,phases      ] GC(56)   Merge Heap Roots: 0.1ms
[9.081s][info][gc,phases      ] GC(56)   Evacuate Collection Set: 1.7ms
[9.081s][info][gc,phases      ] GC(56)   Post Evacuate Collection Set: 7.0ms
[9.081s][info][gc,phases      ] GC(56)   Other: 0.1ms
[9.081s][info][gc,heap        ] GC(56) Eden regions: 54->0(333)
[9.081s][info][gc,heap        ] GC(56) Survivor regions: 0->1(7)
[9.081s][info][gc,heap        ] GC(56) Old regions: 27->27
[9.081s][info][gc,heap        ] GC(56) Archive regions: 0->0
[9.081s][info][gc,heap        ] GC(56) Humongous regions: 0->0
[9.081s][info][gc,metaspace   ] GC(56) Metaspace: 11981K(12224K)->11981K(12224K) NonClass: 10352K(10496K)->10352K(10496K) Class: 1628K(1728K)->1628K(1728K)
[9.081s][info][gc             ] GC(56) Pause Young (Normal) (G1 Evacuation Pause) 79M->26M(557M) 9.538ms
[9.081s][info][gc,cpu         ] GC(56) User=0.00s Sys=0.00s Real=0.00s
[9.275s][info][gc,start       ] GC(57) Pause Full (System.gc())
[9.275s][info][gc,task        ] GC(57) Using 13 workers of 33 for full compaction
[9.276s][info][gc,phases,start] GC(57) Phase 1: Mark live objects
[9.286s][info][gc,phases      ] GC(57) Phase 1: Mark live objects 10.362ms
[9.287s][info][gc,phases,start] GC(57) Phase 2: Prepare compaction
[9.289s][info][gc,phases      ] GC(57) Phase 2: Prepare compaction 2.088ms
[9.289s][info][gc,phases,start] GC(57) Phase 3: Adjust pointers
[9.291s][info][gc,phases      ] GC(57) Phase 3: Adjust pointers 2.318ms
[9.291s][info][gc,phases,start] GC(57) Phase 4: Compact heap
[9.292s][info][gc,phases      ] GC(57) Phase 4: Compact heap 0.452ms
[9.297s][info][gc,heap        ] GC(57) Eden regions: 68->0(56)
[9.297s][info][gc,heap        ] GC(57) Survivor regions: 1->0(7)
[9.297s][info][gc,heap        ] GC(57) Old regions: 27->28
[9.297s][info][gc,heap        ] GC(57) Archive regions: 0->0
[9.297s][info][gc,heap        ] GC(57) Humongous regions: 0->0
[9.297s][info][gc,metaspace   ] GC(57) Metaspace: 11981K(12224K)->11981K(12224K) NonClass: 10352K(10496K)->10352K(10496K) Class: 1628K(1728K)->1628K(1728K)
[9.297s][info][gc             ] GC(57) Pause Full (System.gc()) 94M->25M(94M) 21.966ms
[9.297s][info][gc,cpu         ] GC(57) User=0.20s Sys=0.00s Real=0.02s
[9.439s][info][gc,start       ] GC(58) Pause Young (Normal) (G1 Evacuation Pause)
[9.439s][info][gc,task        ] GC(58) Using 7 workers of 33 for evacuation
[9.441s][info][gc,phases      ] GC(58)   Pre Evacuate Collection Set: 0.1ms
[9.441s][info][gc,phases      ] GC(58)   Merge Heap Roots: 0.1ms
[9.441s][info][gc,phases      ] GC(58)   Evacuate Collection Set: 0.9ms
[9.441s][info][gc,phases      ] GC(58)   Post Evacuate Collection Set: 0.3ms
[9.441s][info][gc,phases      ] GC(58)   Other: 0.1ms
[9.441s][info][gc,heap        ] GC(58) Eden regions: 56->0(55)
[9.441s][info][gc,heap        ] GC(58) Survivor regions: 0->1(7)
[9.441s][info][gc,heap        ] GC(58) Old regions: 28->28
[9.441s][info][gc,heap        ] GC(58) Archive regions: 0->0
[9.441s][info][gc,heap        ] GC(58) Humongous regions: 0->0
[9.441s][info][gc,metaspace   ] GC(58) Metaspace: 12007K(12224K)->12007K(12224K) NonClass: 10378K(10496K)->10378K(10496K) Class: 1628K(1728K)->1628K(1728K)
[9.441s][info][gc             ] GC(58) Pause Young (Normal) (G1 Evacuation Pause) 81M->26M(94M) 1.961ms
[9.441s][info][gc,cpu         ] GC(58) User=0.00s Sys=0.00s Real=0.00s
[9.562s][info][gc,start       ] GC(59) Pause Young (Normal) (G1 Evacuation Pause)
[9.562s][info][gc,task        ] GC(59) Using 4 workers of 33 for evacuation
[9.565s][info][gc,phases      ] GC(59)   Pre Evacuate Collection Set: 0.1ms
[9.565s][info][gc,phases      ] GC(59)   Merge Heap Roots: 0.1ms
[9.565s][info][gc,phases      ] GC(59)   Evacuate Collection Set: 2.4ms
[9.565s][info][gc,phases      ] GC(59)   Post Evacuate Collection Set: 0.2ms
[9.565s][info][gc,phases      ] GC(59)   Other: 0.1ms
[9.565s][info][gc,heap        ] GC(59) Eden regions: 55->0(54)
[9.565s][info][gc,heap        ] GC(59) Survivor regions: 1->2(7)
[9.565s][info][gc,heap        ] GC(59) Old regions: 28->28
[9.565s][info][gc,heap        ] GC(59) Archive regions: 0->0
[9.565s][info][gc,heap        ] GC(59) Humongous regions: 0->0
[9.566s][info][gc,metaspace   ] GC(59) Metaspace: 12007K(12224K)->12007K(12224K) NonClass: 10378K(10496K)->10378K(10496K) Class: 1628K(1728K)->1628K(1728K)
[9.566s][info][gc             ] GC(59) Pause Young (Normal) (G1 Evacuation Pause) 81M->27M(94M) 3.293ms
[9.566s][info][gc,cpu         ] GC(59) User=0.00s Sys=0.00s Real=0.00s
[9.597s][info][gc,start       ] GC(60) Pause Full (System.gc())
[9.597s][info][gc,task        ] GC(60) Using 3 workers of 33 for full compaction
[9.597s][info][gc,phases,start] GC(60) Phase 1: Mark live objects
[9.624s][info][gc,phases      ] GC(60) Phase 1: Mark live objects 27.207ms
[9.624s][info][gc,phases,start] GC(60) Phase 2: Prepare compaction
[9.630s][info][gc,phases      ] GC(60) Phase 2: Prepare compaction 5.298ms
[9.630s][info][gc,phases,start] GC(60) Phase 3: Adjust pointers
[9.637s][info][gc,phases      ] GC(60) Phase 3: Adjust pointers 6.849ms
[9.637s][info][gc,phases,start] GC(60) Phase 4: Compact heap
[9.637s][info][gc,phases      ] GC(60) Phase 4: Compact heap 0.264ms
[9.638s][info][gc,heap        ] GC(60) Eden regions: 11->0(54)
[9.639s][info][gc,heap        ] GC(60) Survivor regions: 2->0(7)
[9.639s][info][gc,heap        ] GC(60) Old regions: 28->27
[9.639s][info][gc,heap        ] GC(60) Archive regions: 0->0
[9.639s][info][gc,heap        ] GC(60) Humongous regions: 0->0
[9.639s][info][gc,metaspace   ] GC(60) Metaspace: 12008K(12224K)->12008K(12224K) NonClass: 10379K(10496K)->10379K(10496K) Class: 1628K(1728K)->1628K(1728K)
[9.639s][info][gc             ] GC(60) Pause Full (System.gc()) 38M->25M(90M) 41.816ms
[9.639s][info][gc,cpu         ] GC(60) User=0.11s Sys=0.00s Real=0.05s
[9.780s][info][gc,start       ] GC(61) Pause Young (Normal) (G1 Evacuation Pause)
[9.780s][info][gc,task        ] GC(61) Using 2 workers of 33 for evacuation
[9.783s][info][gc,phases      ] GC(61)   Pre Evacuate Collection Set: 0.1ms
[9.783s][info][gc,phases      ] GC(61)   Merge Heap Roots: 0.1ms
[9.783s][info][gc,phases      ] GC(61)   Evacuate Collection Set: 1.8ms
[9.783s][info][gc,phases      ] GC(61)   Post Evacuate Collection Set: 0.3ms
[9.783s][info][gc,phases      ] GC(61)   Other: 0.1ms
[9.783s][info][gc,heap        ] GC(61) Eden regions: 54->0(53)
[9.783s][info][gc,heap        ] GC(61) Survivor regions: 0->1(7)
[9.783s][info][gc,heap        ] GC(61) Old regions: 27->27
[9.783s][info][gc,heap        ] GC(61) Archive regions: 0->0
[9.783s][info][gc,heap        ] GC(61) Humongous regions: 0->0
[9.783s][info][gc,metaspace   ] GC(61) Metaspace: 12008K(12224K)->12008K(12224K) NonClass: 10379K(10496K)->10379K(10496K) Class: 1628K(1728K)->1628K(1728K)
[9.783s][info][gc             ] GC(61) Pause Young (Normal) (G1 Evacuation Pause) 79M->26M(90M) 2.771ms
[9.783s][info][gc,cpu         ] GC(61) User=0.00s Sys=0.00s Real=0.00s
[9.900s][info][gc,start       ] GC(62) Pause Young (Normal) (G1 Evacuation Pause)
[9.900s][info][gc,task        ] GC(62) Using 2 workers of 33 for evacuation
[9.906s][info][gc,phases      ] GC(62)   Pre Evacuate Collection Set: 0.1ms
[9.906s][info][gc,phases      ] GC(62)   Merge Heap Roots: 0.1ms
[9.906s][info][gc,phases      ] GC(62)   Evacuate Collection Set: 5.2ms
[9.906s][info][gc,phases      ] GC(62)   Post Evacuate Collection Set: 0.2ms
[9.906s][info][gc,phases      ] GC(62)   Other: 0.1ms
[9.906s][info][gc,heap        ] GC(62) Eden regions: 53->0(52)
[9.906s][info][gc,heap        ] GC(62) Survivor regions: 1->2(7)
[9.906s][info][gc,heap        ] GC(62) Old regions: 27->27
[9.906s][info][gc,heap        ] GC(62) Archive regions: 0->0
[9.906s][info][gc,heap        ] GC(62) Humongous regions: 0->0
[9.906s][info][gc,metaspace   ] GC(62) Metaspace: 12008K(12224K)->12008K(12224K) NonClass: 10379K(10496K)->10379K(10496K) Class: 1628K(1728K)->1628K(1728K)
[9.906s][info][gc             ] GC(62) Pause Young (Normal) (G1 Evacuation Pause) 79M->27M(90M) 6.084ms
[9.906s][info][gc,cpu         ] GC(62) User=0.03s Sys=0.00s Real=0.02s
[9.948s][info][gc,start       ] GC(63) Pause Full (System.gc())
[9.948s][info][gc,task        ] GC(63) Using 2 workers of 33 for full compaction
[9.948s][info][gc,phases,start] GC(63) Phase 1: Mark live objects
[9.983s][info][gc,phases      ] GC(63) Phase 1: Mark live objects 34.718ms
[9.983s][info][gc,phases,start] GC(63) Phase 2: Prepare compaction
[9.986s][info][gc,phases      ] GC(63) Phase 2: Prepare compaction 3.500ms
[9.986s][info][gc,phases,start] GC(63) Phase 3: Adjust pointers
[9.999s][info][gc,phases      ] GC(63) Phase 3: Adjust pointers 12.959ms
[9.999s][info][gc,phases,start] GC(63) Phase 4: Compact heap
[10.000s][info][gc,phases      ] GC(63) Phase 4: Compact heap 0.269ms
[10.002s][info][gc,heap        ] GC(63) Eden regions: 15->0(54)
[10.002s][info][gc,heap        ] GC(63) Survivor regions: 2->0(7)
[10.002s][info][gc,heap        ] GC(63) Old regions: 27->27
[10.002s][info][gc,heap        ] GC(63) Archive regions: 0->0
[10.002s][info][gc,heap        ] GC(63) Humongous regions: 0->0
[10.002s][info][gc,metaspace   ] GC(63) Metaspace: 12008K(12224K)->12008K(12224K) NonClass: 10379K(10496K)->10379K(10496K) Class: 1628K(1728K)->1628K(1728K)
[10.002s][info][gc             ] GC(63) Pause Full (System.gc()) 41M->25M(90M) 54.188ms
[10.002s][info][gc,cpu         ] GC(63) User=0.13s Sys=0.00s Real=0.06s
[10.143s][info][gc,start       ] GC(64) Pause Young (Normal) (G1 Evacuation Pause)
[10.143s][info][gc,task        ] GC(64) Using 2 workers of 33 for evacuation
[10.153s][info][gc,phases      ] GC(64)   Pre Evacuate Collection Set: 0.1ms
[10.153s][info][gc,phases      ] GC(64)   Merge Heap Roots: 0.1ms
[10.153s][info][gc,phases      ] GC(64)   Evacuate Collection Set: 2.8ms
[10.153s][info][gc,phases      ] GC(64)   Post Evacuate Collection Set: 7.1ms
[10.153s][info][gc,phases      ] GC(64)   Other: 0.1ms
[10.153s][info][gc,heap        ] GC(64) Eden regions: 54->0(333)
[10.153s][info][gc,heap        ] GC(64) Survivor regions: 0->1(7)
[10.153s][info][gc,heap        ] GC(64) Old regions: 27->27
[10.153s][info][gc,heap        ] GC(64) Archive regions: 0->0
[10.153s][info][gc,heap        ] GC(64) Humongous regions: 0->0
[10.153s][info][gc,metaspace   ] GC(64) Metaspace: 12008K(12224K)->12008K(12224K) NonClass: 10379K(10496K)->10379K(10496K) Class: 1628K(1728K)->1628K(1728K)
[10.154s][info][gc             ] GC(64) Pause Young (Normal) (G1 Evacuation Pause) 79M->26M(557M) 10.686ms
[10.154s][info][gc,cpu         ] GC(64) User=0.02s Sys=0.00s Real=0.01s
[10.349s][info][gc,start       ] GC(65) Pause Full (System.gc())
[10.349s][info][gc,task        ] GC(65) Using 13 workers of 33 for full compaction
[10.350s][info][gc,phases,start] GC(65) Phase 1: Mark live objects
[10.360s][info][gc,phases      ] GC(65) Phase 1: Mark live objects 10.259ms
[10.360s][info][gc,phases,start] GC(65) Phase 2: Prepare compaction
[10.362s][info][gc,phases      ] GC(65) Phase 2: Prepare compaction 2.100ms
[10.362s][info][gc,phases,start] GC(65) Phase 3: Adjust pointers
[10.364s][info][gc,phases      ] GC(65) Phase 3: Adjust pointers 2.070ms
[10.364s][info][gc,phases,start] GC(65) Phase 4: Compact heap
[10.365s][info][gc,phases      ] GC(65) Phase 4: Compact heap 0.358ms
[10.370s][info][gc,heap        ] GC(65) Eden regions: 68->0(56)
[10.370s][info][gc,heap        ] GC(65) Survivor regions: 1->0(7)
[10.370s][info][gc,heap        ] GC(65) Old regions: 27->28
[10.370s][info][gc,heap        ] GC(65) Archive regions: 0->0
[10.370s][info][gc,heap        ] GC(65) Humongous regions: 0->0
[10.370s][info][gc,metaspace   ] GC(65) Metaspace: 12009K(12224K)->12009K(12224K) NonClass: 10380K(10496K)->10380K(10496K) Class: 1628K(1728K)->1628K(1728K)
[10.370s][info][gc             ] GC(65) Pause Full (System.gc()) 94M->25M(94M) 21.396ms
[10.370s][info][gc,cpu         ] GC(65) User=0.20s Sys=0.00s Real=0.02s
[10.501s][info][gc,start       ] GC(66) Pause Young (Normal) (G1 Evacuation Pause)
[10.502s][info][gc,task        ] GC(66) Using 7 workers of 33 for evacuation
[10.503s][info][gc,phases      ] GC(66)   Pre Evacuate Collection Set: 0.1ms
[10.503s][info][gc,phases      ] GC(66)   Merge Heap Roots: 0.1ms
[10.503s][info][gc,phases      ] GC(66)   Evacuate Collection Set: 1.0ms
[10.503s][info][gc,phases      ] GC(66)   Post Evacuate Collection Set: 0.2ms
[10.503s][info][gc,phases      ] GC(66)   Other: 0.1ms
[10.503s][info][gc,heap        ] GC(66) Eden regions: 56->0(55)
[10.503s][info][gc,heap        ] GC(66) Survivor regions: 0->1(7)
[10.503s][info][gc,heap        ] GC(66) Old regions: 28->28
[10.503s][info][gc,heap        ] GC(66) Archive regions: 0->0
[10.503s][info][gc,heap        ] GC(66) Humongous regions: 0->0
[10.503s][info][gc,metaspace   ] GC(66) Metaspace: 12021K(12224K)->12021K(12224K) NonClass: 10392K(10496K)->10392K(10496K) Class: 1628K(1728K)->1628K(1728K)
[10.503s][info][gc             ] GC(66) Pause Young (Normal) (G1 Evacuation Pause) 81M->26M(94M) 1.999ms
[10.503s][info][gc,cpu         ] GC(66) User=0.02s Sys=0.00s Real=0.02s
[10.625s][info][gc,start       ] GC(67) Pause Young (Normal) (G1 Evacuation Pause)
[10.625s][info][gc,task        ] GC(67) Using 4 workers of 33 for evacuation
[10.628s][info][gc,phases      ] GC(67)   Pre Evacuate Collection Set: 0.1ms
[10.628s][info][gc,phases      ] GC(67)   Merge Heap Roots: 0.1ms
[10.628s][info][gc,phases      ] GC(67)   Evacuate Collection Set: 2.3ms
[10.628s][info][gc,phases      ] GC(67)   Post Evacuate Collection Set: 0.2ms
[10.628s][info][gc,phases      ] GC(67)   Other: 0.1ms
[10.628s][info][gc,heap        ] GC(67) Eden regions: 55->0(54)
[10.628s][info][gc,heap        ] GC(67) Survivor regions: 1->2(7)
[10.628s][info][gc,heap        ] GC(67) Old regions: 28->28
[10.628s][info][gc,heap        ] GC(67) Archive regions: 0->0
[10.628s][info][gc,heap        ] GC(67) Humongous regions: 0->0
[10.628s][info][gc,metaspace   ] GC(67) Metaspace: 12021K(12224K)->12021K(12224K) NonClass: 10392K(10496K)->10392K(10496K) Class: 1628K(1728K)->1628K(1728K)
[10.628s][info][gc             ] GC(67) Pause Young (Normal) (G1 Evacuation Pause) 81M->27M(94M) 3.278ms
[10.628s][info][gc,cpu         ] GC(67) User=0.02s Sys=0.00s Real=0.02s
[10.659s][info][gc,start       ] GC(68) Pause Full (System.gc())
[10.659s][info][gc,task        ] GC(68) Using 3 workers of 33 for full compaction
[10.659s][info][gc,phases,start] GC(68) Phase 1: Mark live objects
[10.680s][info][gc,phases      ] GC(68) Phase 1: Mark live objects 21.036ms
[10.680s][info][gc,phases,start] GC(68) Phase 2: Prepare compaction
[10.684s][info][gc,phases      ] GC(68) Phase 2: Prepare compaction 4.008ms
[10.685s][info][gc,phases,start] GC(68) Phase 3: Adjust pointers
[10.693s][info][gc,phases      ] GC(68) Phase 3: Adjust pointers 8.719ms
[10.693s][info][gc,phases,start] GC(68) Phase 4: Compact heap
[10.694s][info][gc,phases      ] GC(68) Phase 4: Compact heap 0.457ms
[10.696s][info][gc,heap        ] GC(68) Eden regions: 11->0(54)
[10.696s][info][gc,heap        ] GC(68) Survivor regions: 2->0(7)
[10.696s][info][gc,heap        ] GC(68) Old regions: 28->27
[10.696s][info][gc,heap        ] GC(68) Archive regions: 0->0
[10.696s][info][gc,heap        ] GC(68) Humongous regions: 0->0
[10.696s][info][gc,metaspace   ] GC(68) Metaspace: 12021K(12224K)->12021K(12224K) NonClass: 10392K(10496K)->10392K(10496K) Class: 1628K(1728K)->1628K(1728K)
[10.696s][info][gc             ] GC(68) Pause Full (System.gc()) 38M->25M(90M) 37.164ms
[10.696s][info][gc,cpu         ] GC(68) User=0.11s Sys=0.02s Real=0.05s
[10.837s][info][gc,start       ] GC(69) Pause Young (Normal) (G1 Evacuation Pause)
[10.837s][info][gc,task        ] GC(69) Using 2 workers of 33 for evacuation
[10.839s][info][gc,phases      ] GC(69)   Pre Evacuate Collection Set: 0.1ms
[10.839s][info][gc,phases      ] GC(69)   Merge Heap Roots: 0.1ms
[10.839s][info][gc,phases      ] GC(69)   Evacuate Collection Set: 1.8ms
[10.839s][info][gc,phases      ] GC(69)   Post Evacuate Collection Set: 0.3ms
[10.840s][info][gc,phases      ] GC(69)   Other: 0.1ms
[10.840s][info][gc,heap        ] GC(69) Eden regions: 54->0(53)
[10.840s][info][gc,heap        ] GC(69) Survivor regions: 0->1(7)
[10.840s][info][gc,heap        ] GC(69) Old regions: 27->27
[10.840s][info][gc,heap        ] GC(69) Archive regions: 0->0
[10.840s][info][gc,heap        ] GC(69) Humongous regions: 0->0
[10.840s][info][gc,metaspace   ] GC(69) Metaspace: 12021K(12224K)->12021K(12224K) NonClass: 10392K(10496K)->10392K(10496K) Class: 1628K(1728K)->1628K(1728K)
[10.840s][info][gc             ] GC(69) Pause Young (Normal) (G1 Evacuation Pause) 79M->26M(90M) 2.796ms
[10.840s][info][gc,cpu         ] GC(69) User=0.03s Sys=0.00s Real=0.01s
[10.972s][info][gc,start       ] GC(70) Pause Young (Normal) (G1 Evacuation Pause)
[10.972s][info][gc,task        ] GC(70) Using 2 workers of 33 for evacuation
[10.978s][info][gc,phases      ] GC(70)   Pre Evacuate Collection Set: 0.1ms
[10.978s][info][gc,phases      ] GC(70)   Merge Heap Roots: 0.1ms
[10.978s][info][gc,phases      ] GC(70)   Evacuate Collection Set: 5.2ms
[10.978s][info][gc,phases      ] GC(70)   Post Evacuate Collection Set: 0.2ms
[10.978s][info][gc,phases      ] GC(70)   Other: 0.1ms
[10.978s][info][gc,heap        ] GC(70) Eden regions: 53->0(52)
[10.978s][info][gc,heap        ] GC(70) Survivor regions: 1->2(7)
[10.978s][info][gc,heap        ] GC(70) Old regions: 27->27
[10.978s][info][gc,heap        ] GC(70) Archive regions: 0->0
[10.978s][info][gc,heap        ] GC(70) Humongous regions: 0->0
[10.978s][info][gc,metaspace   ] GC(70) Metaspace: 12021K(12224K)->12021K(12224K) NonClass: 10392K(10496K)->10392K(10496K) Class: 1628K(1728K)->1628K(1728K)
[10.978s][info][gc             ] GC(70) Pause Young (Normal) (G1 Evacuation Pause) 79M->27M(90M) 6.098ms
[10.978s][info][gc,cpu         ] GC(70) User=0.00s Sys=0.00s Real=0.00s
[11.019s][info][gc,start       ] GC(71) Pause Full (System.gc())
[11.019s][info][gc,task        ] GC(71) Using 2 workers of 33 for full compaction
[11.020s][info][gc,phases,start] GC(71) Phase 1: Mark live objects
[11.055s][info][gc,phases      ] GC(71) Phase 1: Mark live objects 34.916ms
[11.055s][info][gc,phases,start] GC(71) Phase 2: Prepare compaction
[11.062s][info][gc,phases      ] GC(71) Phase 2: Prepare compaction 7.526ms
[11.062s][info][gc,phases,start] GC(71) Phase 3: Adjust pointers
[11.075s][info][gc,phases      ] GC(71) Phase 3: Adjust pointers 12.486ms
[11.075s][info][gc,phases,start] GC(71) Phase 4: Compact heap
[11.075s][info][gc,phases      ] GC(71) Phase 4: Compact heap 0.309ms
[11.077s][info][gc,heap        ] GC(71) Eden regions: 15->0(54)
[11.077s][info][gc,heap        ] GC(71) Survivor regions: 2->0(7)
[11.077s][info][gc,heap        ] GC(71) Old regions: 27->27
[11.077s][info][gc,heap        ] GC(71) Archive regions: 0->0
[11.077s][info][gc,heap        ] GC(71) Humongous regions: 0->0
[11.077s][info][gc,metaspace   ] GC(71) Metaspace: 12021K(12224K)->12021K(12224K) NonClass: 10392K(10496K)->10392K(10496K) Class: 1628K(1728K)->1628K(1728K)
[11.077s][info][gc             ] GC(71) Pause Full (System.gc()) 41M->25M(90M) 57.803ms
[11.077s][info][gc,cpu         ] GC(71) User=0.13s Sys=0.00s Real=0.06s
[11.218s][info][gc,start       ] GC(72) Pause Young (Normal) (G1 Evacuation Pause)
[11.218s][info][gc,task        ] GC(72) Using 2 workers of 33 for evacuation
[11.228s][info][gc,phases      ] GC(72)   Pre Evacuate Collection Set: 0.1ms
[11.228s][info][gc,phases      ] GC(72)   Merge Heap Roots: 0.1ms
[11.228s][info][gc,phases      ] GC(72)   Evacuate Collection Set: 2.8ms
[11.228s][info][gc,phases      ] GC(72)   Post Evacuate Collection Set: 7.0ms
[11.228s][info][gc,phases      ] GC(72)   Other: 0.1ms
[11.228s][info][gc,heap        ] GC(72) Eden regions: 54->0(333)
[11.228s][info][gc,heap        ] GC(72) Survivor regions: 0->1(7)
[11.228s][info][gc,heap        ] GC(72) Old regions: 27->27
[11.228s][info][gc,heap        ] GC(72) Archive regions: 0->0
[11.228s][info][gc,heap        ] GC(72) Humongous regions: 0->0
[11.228s][info][gc,metaspace   ] GC(72) Metaspace: 12021K(12224K)->12021K(12224K) NonClass: 10392K(10496K)->10392K(10496K) Class: 1628K(1728K)->1628K(1728K)
[11.228s][info][gc             ] GC(72) Pause Young (Normal) (G1 Evacuation Pause) 79M->26M(557M) 10.549ms
[11.228s][info][gc,cpu         ] GC(72) User=0.00s Sys=0.00s Real=0.00s
[11.413s][info][gc,start       ] GC(73) Pause Full (System.gc())
[11.413s][info][gc,task        ] GC(73) Using 13 workers of 33 for full compaction
[11.414s][info][gc,phases,start] GC(73) Phase 1: Mark live objects
[11.425s][info][gc,phases      ] GC(73) Phase 1: Mark live objects 11.345ms
[11.425s][info][gc,phases,start] GC(73) Phase 2: Prepare compaction
[11.427s][info][gc,phases      ] GC(73) Phase 2: Prepare compaction 1.883ms
[11.427s][info][gc,phases,start] GC(73) Phase 3: Adjust pointers
[11.429s][info][gc,phases      ] GC(73) Phase 3: Adjust pointers 2.033ms
[11.429s][info][gc,phases,start] GC(73) Phase 4: Compact heap
[11.429s][info][gc,phases      ] GC(73) Phase 4: Compact heap 0.213ms
[11.435s][info][gc,heap        ] GC(73) Eden regions: 68->0(56)
[11.435s][info][gc,heap        ] GC(73) Survivor regions: 1->0(7)
[11.435s][info][gc,heap        ] GC(73) Old regions: 27->28
[11.435s][info][gc,heap        ] GC(73) Archive regions: 0->0
[11.435s][info][gc,heap        ] GC(73) Humongous regions: 0->0
[11.435s][info][gc,metaspace   ] GC(73) Metaspace: 12021K(12224K)->12021K(12224K) NonClass: 10392K(10496K)->10392K(10496K) Class: 1628K(1728K)->1628K(1728K)
[11.435s][info][gc             ] GC(73) Pause Full (System.gc()) 94M->25M(94M) 21.918ms
[11.435s][info][gc,cpu         ] GC(73) User=0.22s Sys=0.00s Real=0.03s
[11.581s][info][gc,start       ] GC(74) Pause Young (Normal) (G1 Evacuation Pause)
[11.581s][info][gc,task        ] GC(74) Using 7 workers of 33 for evacuation
[11.582s][info][gc,phases      ] GC(74)   Pre Evacuate Collection Set: 0.1ms
[11.582s][info][gc,phases      ] GC(74)   Merge Heap Roots: 0.1ms
[11.582s][info][gc,phases      ] GC(74)   Evacuate Collection Set: 0.9ms
[11.582s][info][gc,phases      ] GC(74)   Post Evacuate Collection Set: 0.2ms
[11.582s][info][gc,phases      ] GC(74)   Other: 0.1ms
[11.582s][info][gc,heap        ] GC(74) Eden regions: 56->0(55)
[11.582s][info][gc,heap        ] GC(74) Survivor regions: 0->1(7)
[11.582s][info][gc,heap        ] GC(74) Old regions: 28->28
[11.582s][info][gc,heap        ] GC(74) Archive regions: 0->0
[11.582s][info][gc,heap        ] GC(74) Humongous regions: 0->0
[11.582s][info][gc,metaspace   ] GC(74) Metaspace: 12021K(12224K)->12021K(12224K) NonClass: 10392K(10496K)->10392K(10496K) Class: 1628K(1728K)->1628K(1728K)
[11.582s][info][gc             ] GC(74) Pause Young (Normal) (G1 Evacuation Pause) 81M->26M(94M) 1.850ms
[11.582s][info][gc,cpu         ] GC(74) User=0.00s Sys=0.00s Real=0.00s
[11.719s][info][gc,start       ] GC(75) Pause Young (Normal) (G1 Evacuation Pause)
[11.719s][info][gc,task        ] GC(75) Using 4 workers of 33 for evacuation
[11.723s][info][gc,phases      ] GC(75)   Pre Evacuate Collection Set: 0.1ms
[11.723s][info][gc,phases      ] GC(75)   Merge Heap Roots: 0.1ms
[11.723s][info][gc,phases      ] GC(75)   Evacuate Collection Set: 3.0ms
[11.723s][info][gc,phases      ] GC(75)   Post Evacuate Collection Set: 0.2ms
[11.723s][info][gc,phases      ] GC(75)   Other: 0.1ms
[11.723s][info][gc,heap        ] GC(75) Eden regions: 55->0(54)
[11.723s][info][gc,heap        ] GC(75) Survivor regions: 1->2(7)
[11.723s][info][gc,heap        ] GC(75) Old regions: 28->28
[11.723s][info][gc,heap        ] GC(75) Archive regions: 0->0
[11.723s][info][gc,heap        ] GC(75) Humongous regions: 0->0
[11.723s][info][gc,metaspace   ] GC(75) Metaspace: 12021K(12224K)->12021K(12224K) NonClass: 10392K(10496K)->10392K(10496K) Class: 1628K(1728K)->1628K(1728K)
[11.723s][info][gc             ] GC(75) Pause Young (Normal) (G1 Evacuation Pause) 81M->27M(94M) 3.986ms
[11.723s][info][gc,cpu         ] GC(75) User=0.00s Sys=0.00s Real=0.00s
[11.754s][info][gc,start       ] GC(76) Pause Full (System.gc())
[11.754s][info][gc,task        ] GC(76) Using 3 workers of 33 for full compaction
[11.754s][info][gc,phases,start] GC(76) Phase 1: Mark live objects
[11.775s][info][gc,phases      ] GC(76) Phase 1: Mark live objects 20.960ms
[11.775s][info][gc,phases,start] GC(76) Phase 2: Prepare compaction
[11.780s][info][gc,phases      ] GC(76) Phase 2: Prepare compaction 4.250ms
[11.780s][info][gc,phases,start] GC(76) Phase 3: Adjust pointers
[11.789s][info][gc,phases      ] GC(76) Phase 3: Adjust pointers 9.177ms
[11.789s][info][gc,phases,start] GC(76) Phase 4: Compact heap
[11.789s][info][gc,phases      ] GC(76) Phase 4: Compact heap 0.451ms
[11.792s][info][gc,heap        ] GC(76) Eden regions: 11->0(54)
[11.792s][info][gc,heap        ] GC(76) Survivor regions: 2->0(7)
[11.792s][info][gc,heap        ] GC(76) Old regions: 28->27
[11.792s][info][gc,heap        ] GC(76) Archive regions: 0->0
[11.792s][info][gc,heap        ] GC(76) Humongous regions: 0->0
[11.792s][info][gc,metaspace   ] GC(76) Metaspace: 12023K(12224K)->12023K(12224K) NonClass: 10394K(10496K)->10394K(10496K) Class: 1628K(1728K)->1628K(1728K)
[11.792s][info][gc             ] GC(76) Pause Full (System.gc()) 37M->25M(90M) 37.746ms
[11.792s][info][gc,cpu         ] GC(76) User=0.06s Sys=0.02s Real=0.05s
[11.922s][info][gc,start       ] GC(77) Pause Young (Normal) (G1 Evacuation Pause)
[11.923s][info][gc,task        ] GC(77) Using 2 workers of 33 for evacuation
[11.926s][info][gc,phases      ] GC(77)   Pre Evacuate Collection Set: 0.1ms
[11.926s][info][gc,phases      ] GC(77)   Merge Heap Roots: 0.1ms
[11.926s][info][gc,phases      ] GC(77)   Evacuate Collection Set: 2.7ms
[11.926s][info][gc,phases      ] GC(77)   Post Evacuate Collection Set: 0.2ms
[11.926s][info][gc,phases      ] GC(77)   Other: 0.1ms
[11.926s][info][gc,heap        ] GC(77) Eden regions: 54->0(53)
[11.926s][info][gc,heap        ] GC(77) Survivor regions: 0->1(7)
[11.926s][info][gc,heap        ] GC(77) Old regions: 27->27
[11.926s][info][gc,heap        ] GC(77) Archive regions: 0->0
[11.926s][info][gc,heap        ] GC(77) Humongous regions: 0->0
[11.926s][info][gc,metaspace   ] GC(77) Metaspace: 12024K(12224K)->12024K(12224K) NonClass: 10396K(10496K)->10396K(10496K) Class: 1628K(1728K)->1628K(1728K)
[11.926s][info][gc             ] GC(77) Pause Young (Normal) (G1 Evacuation Pause) 79M->26M(90M) 3.755ms
[11.926s][info][gc,cpu         ] GC(77) User=0.00s Sys=0.00s Real=0.00s
[12.043s][info][gc,start       ] GC(78) Pause Young (Normal) (G1 Evacuation Pause)
[12.043s][info][gc,task        ] GC(78) Using 2 workers of 33 for evacuation
[12.049s][info][gc,phases      ] GC(78)   Pre Evacuate Collection Set: 0.1ms
[12.049s][info][gc,phases      ] GC(78)   Merge Heap Roots: 0.1ms
[12.049s][info][gc,phases      ] GC(78)   Evacuate Collection Set: 5.2ms
[12.049s][info][gc,phases      ] GC(78)   Post Evacuate Collection Set: 0.2ms
[12.049s][info][gc,phases      ] GC(78)   Other: 0.1ms
[12.049s][info][gc,heap        ] GC(78) Eden regions: 53->0(52)
[12.049s][info][gc,heap        ] GC(78) Survivor regions: 1->2(7)
[12.049s][info][gc,heap        ] GC(78) Old regions: 27->27
[12.049s][info][gc,heap        ] GC(78) Archive regions: 0->0
[12.049s][info][gc,heap        ] GC(78) Humongous regions: 0->0
[12.049s][info][gc,metaspace   ] GC(78) Metaspace: 12024K(12224K)->12024K(12224K) NonClass: 10396K(10496K)->10396K(10496K) Class: 1628K(1728K)->1628K(1728K)
[12.049s][info][gc             ] GC(78) Pause Young (Normal) (G1 Evacuation Pause) 79M->27M(90M) 6.090ms
[12.049s][info][gc,cpu         ] GC(78) User=0.00s Sys=0.00s Real=0.00s
[12.089s][info][gc,start       ] GC(79) Pause Full (System.gc())
[12.089s][info][gc,task        ] GC(79) Using 2 workers of 33 for full compaction
[12.089s][info][gc,phases,start] GC(79) Phase 1: Mark live objects
[12.116s][info][gc,phases      ] GC(79) Phase 1: Mark live objects 27.038ms
[12.116s][info][gc,phases,start] GC(79) Phase 2: Prepare compaction
[12.121s][info][gc,phases      ] GC(79) Phase 2: Prepare compaction 5.045ms
[12.121s][info][gc,phases,start] GC(79) Phase 3: Adjust pointers
[12.135s][info][gc,phases      ] GC(79) Phase 3: Adjust pointers 13.713ms
[12.135s][info][gc,phases,start] GC(79) Phase 4: Compact heap
[12.136s][info][gc,phases      ] GC(79) Phase 4: Compact heap 0.477ms
[12.138s][info][gc,heap        ] GC(79) Eden regions: 15->0(54)
[12.138s][info][gc,heap        ] GC(79) Survivor regions: 2->0(7)
[12.138s][info][gc,heap        ] GC(79) Old regions: 27->27
[12.138s][info][gc,heap        ] GC(79) Archive regions: 0->0
[12.138s][info][gc,heap        ] GC(79) Humongous regions: 0->0
[12.138s][info][gc,metaspace   ] GC(79) Metaspace: 12030K(12224K)->12030K(12224K) NonClass: 10401K(10496K)->10401K(10496K) Class: 1628K(1728K)->1628K(1728K)
[12.138s][info][gc             ] GC(79) Pause Full (System.gc()) 41M->25M(90M) 49.055ms
[12.138s][info][gc,cpu         ] GC(79) User=0.08s Sys=0.00s Real=0.05s
[12.268s][info][gc,start       ] GC(80) Pause Young (Normal) (G1 Evacuation Pause)
[12.268s][info][gc,task        ] GC(80) Using 2 workers of 33 for evacuation
[12.278s][info][gc,phases      ] GC(80)   Pre Evacuate Collection Set: 0.1ms
[12.278s][info][gc,phases      ] GC(80)   Merge Heap Roots: 0.1ms
[12.278s][info][gc,phases      ] GC(80)   Evacuate Collection Set: 2.8ms
[12.278s][info][gc,phases      ] GC(80)   Post Evacuate Collection Set: 7.0ms
[12.278s][info][gc,phases      ] GC(80)   Other: 0.1ms
[12.278s][info][gc,heap        ] GC(80) Eden regions: 54->0(333)
[12.278s][info][gc,heap        ] GC(80) Survivor regions: 0->1(7)
[12.278s][info][gc,heap        ] GC(80) Old regions: 27->27
[12.278s][info][gc,heap        ] GC(80) Archive regions: 0->0
[12.278s][info][gc,heap        ] GC(80) Humongous regions: 0->0
[12.278s][info][gc,metaspace   ] GC(80) Metaspace: 12034K(12224K)->12034K(12224K) NonClass: 10405K(10496K)->10405K(10496K) Class: 1628K(1728K)->1628K(1728K)
[12.278s][info][gc             ] GC(80) Pause Young (Normal) (G1 Evacuation Pause) 79M->26M(557M) 10.567ms
[12.278s][info][gc,cpu         ] GC(80) User=0.00s Sys=0.02s Real=0.02s
[12.476s][info][gc,start       ] GC(81) Pause Full (System.gc())
[12.476s][info][gc,task        ] GC(81) Using 13 workers of 33 for full compaction
[12.477s][info][gc,phases,start] GC(81) Phase 1: Mark live objects
[12.489s][info][gc,phases      ] GC(81) Phase 1: Mark live objects 11.529ms
[12.489s][info][gc,phases,start] GC(81) Phase 2: Prepare compaction
[12.491s][info][gc,phases      ] GC(81) Phase 2: Prepare compaction 2.262ms
[12.491s][info][gc,phases,start] GC(81) Phase 3: Adjust pointers
[12.493s][info][gc,phases      ] GC(81) Phase 3: Adjust pointers 2.116ms
[12.493s][info][gc,phases,start] GC(81) Phase 4: Compact heap
[12.493s][info][gc,phases      ] GC(81) Phase 4: Compact heap 0.336ms
[12.499s][info][gc,heap        ] GC(81) Eden regions: 68->0(56)
[12.499s][info][gc,heap        ] GC(81) Survivor regions: 1->0(7)
[12.499s][info][gc,heap        ] GC(81) Old regions: 27->28
[12.499s][info][gc,heap        ] GC(81) Archive regions: 0->0
[12.499s][info][gc,heap        ] GC(81) Humongous regions: 0->0
[12.499s][info][gc,metaspace   ] GC(81) Metaspace: 12035K(12224K)->12035K(12224K) NonClass: 10406K(10496K)->10406K(10496K) Class: 1628K(1728K)->1628K(1728K)
[12.499s][info][gc             ] GC(81) Pause Full (System.gc()) 94M->25M(94M) 22.666ms
[12.499s][info][gc,cpu         ] GC(81) User=0.22s Sys=0.13s Real=0.03s
[12.643s][info][gc,start       ] GC(82) Pause Young (Normal) (G1 Evacuation Pause)
[12.643s][info][gc,task        ] GC(82) Using 7 workers of 33 for evacuation
[12.644s][info][gc,phases      ] GC(82)   Pre Evacuate Collection Set: 0.1ms
[12.644s][info][gc,phases      ] GC(82)   Merge Heap Roots: 0.1ms
[12.644s][info][gc,phases      ] GC(82)   Evacuate Collection Set: 0.8ms
[12.644s][info][gc,phases      ] GC(82)   Post Evacuate Collection Set: 0.2ms
[12.644s][info][gc,phases      ] GC(82)   Other: 0.1ms
[12.644s][info][gc,heap        ] GC(82) Eden regions: 56->0(55)
[12.644s][info][gc,heap        ] GC(82) Survivor regions: 0->1(7)
[12.644s][info][gc,heap        ] GC(82) Old regions: 28->28
[12.644s][info][gc,heap        ] GC(82) Archive regions: 0->0
[12.644s][info][gc,heap        ] GC(82) Humongous regions: 0->0
[12.644s][info][gc,metaspace   ] GC(82) Metaspace: 12035K(12224K)->12035K(12224K) NonClass: 10406K(10496K)->10406K(10496K) Class: 1628K(1728K)->1628K(1728K)
[12.644s][info][gc             ] GC(82) Pause Young (Normal) (G1 Evacuation Pause) 81M->26M(94M) 1.857ms
[12.644s][info][gc,cpu         ] GC(82) User=0.00s Sys=0.00s Real=0.00s
[12.766s][info][gc,start       ] GC(83) Pause Young (Normal) (G1 Evacuation Pause)
[12.766s][info][gc,task        ] GC(83) Using 4 workers of 33 for evacuation
[12.769s][info][gc,phases      ] GC(83)   Pre Evacuate Collection Set: 0.1ms
[12.769s][info][gc,phases      ] GC(83)   Merge Heap Roots: 0.1ms
[12.769s][info][gc,phases      ] GC(83)   Evacuate Collection Set: 2.4ms
[12.769s][info][gc,phases      ] GC(83)   Post Evacuate Collection Set: 0.2ms
[12.769s][info][gc,phases      ] GC(83)   Other: 0.1ms
[12.769s][info][gc,heap        ] GC(83) Eden regions: 55->0(54)
[12.769s][info][gc,heap        ] GC(83) Survivor regions: 1->2(7)
[12.769s][info][gc,heap        ] GC(83) Old regions: 28->28
[12.769s][info][gc,heap        ] GC(83) Archive regions: 0->0
[12.769s][info][gc,heap        ] GC(83) Humongous regions: 0->0
[12.769s][info][gc,metaspace   ] GC(83) Metaspace: 12035K(12224K)->12035K(12224K) NonClass: 10406K(10496K)->10406K(10496K) Class: 1628K(1728K)->1628K(1728K)
[12.769s][info][gc             ] GC(83) Pause Young (Normal) (G1 Evacuation Pause) 81M->27M(94M) 3.246ms
[12.769s][info][gc,cpu         ] GC(83) User=0.00s Sys=0.00s Real=0.00s
[12.800s][info][gc,start       ] GC(84) Pause Full (System.gc())
[12.800s][info][gc,task        ] GC(84) Using 3 workers of 33 for full compaction
[12.800s][info][gc,phases,start] GC(84) Phase 1: Mark live objects
[12.826s][info][gc,phases      ] GC(84) Phase 1: Mark live objects 25.795ms
[12.826s][info][gc,phases,start] GC(84) Phase 2: Prepare compaction
[12.831s][info][gc,phases      ] GC(84) Phase 2: Prepare compaction 5.250ms
[12.831s][info][gc,phases,start] GC(84) Phase 3: Adjust pointers
[12.838s][info][gc,phases      ] GC(84) Phase 3: Adjust pointers 6.488ms
[12.838s][info][gc,phases,start] GC(84) Phase 4: Compact heap
[12.838s][info][gc,phases      ] GC(84) Phase 4: Compact heap 0.293ms
[12.840s][info][gc,heap        ] GC(84) Eden regions: 11->0(54)
[12.841s][info][gc,heap        ] GC(84) Survivor regions: 2->0(7)
[12.841s][info][gc,heap        ] GC(84) Old regions: 28->27
[12.841s][info][gc,heap        ] GC(84) Archive regions: 0->0
[12.841s][info][gc,heap        ] GC(84) Humongous regions: 0->0
[12.841s][info][gc,metaspace   ] GC(84) Metaspace: 12036K(12224K)->12036K(12224K) NonClass: 10407K(10496K)->10407K(10496K) Class: 1628K(1728K)->1628K(1728K)
[12.841s][info][gc             ] GC(84) Pause Full (System.gc()) 38M->25M(90M) 40.728ms
[12.841s][info][gc,cpu         ] GC(84) User=0.11s Sys=0.00s Real=0.05s
[12.978s][info][gc,start       ] GC(85) Pause Young (Normal) (G1 Evacuation Pause)
[12.978s][info][gc,task        ] GC(85) Using 2 workers of 33 for evacuation
[12.980s][info][gc,phases      ] GC(85)   Pre Evacuate Collection Set: 0.1ms
[12.981s][info][gc,phases      ] GC(85)   Merge Heap Roots: 0.1ms
[12.981s][info][gc,phases      ] GC(85)   Evacuate Collection Set: 1.8ms
[12.981s][info][gc,phases      ] GC(85)   Post Evacuate Collection Set: 0.3ms
[12.981s][info][gc,phases      ] GC(85)   Other: 0.1ms
[12.981s][info][gc,heap        ] GC(85) Eden regions: 54->0(53)
[12.981s][info][gc,heap        ] GC(85) Survivor regions: 0->1(7)
[12.981s][info][gc,heap        ] GC(85) Old regions: 27->27
[12.981s][info][gc,heap        ] GC(85) Archive regions: 0->0
[12.981s][info][gc,heap        ] GC(85) Humongous regions: 0->0
[12.981s][info][gc,metaspace   ] GC(85) Metaspace: 12036K(12224K)->12036K(12224K) NonClass: 10407K(10496K)->10407K(10496K) Class: 1628K(1728K)->1628K(1728K)
[12.981s][info][gc             ] GC(85) Pause Young (Normal) (G1 Evacuation Pause) 79M->26M(90M) 2.824ms
[12.981s][info][gc,cpu         ] GC(85) User=0.02s Sys=0.00s Real=0.02s
[13.099s][info][gc,start       ] GC(86) Pause Young (Normal) (G1 Evacuation Pause)
[13.099s][info][gc,task        ] GC(86) Using 2 workers of 33 for evacuation
[13.104s][info][gc,phases      ] GC(86)   Pre Evacuate Collection Set: 0.1ms
[13.104s][info][gc,phases      ] GC(86)   Merge Heap Roots: 0.1ms
[13.104s][info][gc,phases      ] GC(86)   Evacuate Collection Set: 5.2ms
[13.105s][info][gc,phases      ] GC(86)   Post Evacuate Collection Set: 0.2ms
[13.105s][info][gc,phases      ] GC(86)   Other: 0.1ms
[13.105s][info][gc,heap        ] GC(86) Eden regions: 53->0(52)
[13.105s][info][gc,heap        ] GC(86) Survivor regions: 1->2(7)
[13.105s][info][gc,heap        ] GC(86) Old regions: 27->27
[13.105s][info][gc,heap        ] GC(86) Archive regions: 0->0
[13.105s][info][gc,heap        ] GC(86) Humongous regions: 0->0
[13.105s][info][gc,metaspace   ] GC(86) Metaspace: 12036K(12224K)->12036K(12224K) NonClass: 10407K(10496K)->10407K(10496K) Class: 1628K(1728K)->1628K(1728K)
[13.105s][info][gc             ] GC(86) Pause Young (Normal) (G1 Evacuation Pause) 79M->27M(90M) 6.120ms
[13.105s][info][gc,cpu         ] GC(86) User=0.03s Sys=0.00s Real=0.02s
[13.145s][info][gc,start       ] GC(87) Pause Full (System.gc())
[13.145s][info][gc,task        ] GC(87) Using 2 workers of 33 for full compaction
[13.145s][info][gc,phases,start] GC(87) Phase 1: Mark live objects
[13.180s][info][gc,phases      ] GC(87) Phase 1: Mark live objects 34.726ms
[13.180s][info][gc,phases,start] GC(87) Phase 2: Prepare compaction
[13.187s][info][gc,phases      ] GC(87) Phase 2: Prepare compaction 7.506ms
[13.188s][info][gc,phases,start] GC(87) Phase 3: Adjust pointers
[13.201s][info][gc,phases      ] GC(87) Phase 3: Adjust pointers 13.817ms
[13.201s][info][gc,phases,start] GC(87) Phase 4: Compact heap
[13.202s][info][gc,phases      ] GC(87) Phase 4: Compact heap 0.471ms
[13.203s][info][gc,heap        ] GC(87) Eden regions: 15->0(54)
[13.203s][info][gc,heap        ] GC(87) Survivor regions: 2->0(7)
[13.204s][info][gc,heap        ] GC(87) Old regions: 27->27
[13.204s][info][gc,heap        ] GC(87) Archive regions: 0->0
[13.204s][info][gc,heap        ] GC(87) Humongous regions: 0->0
[13.204s][info][gc,metaspace   ] GC(87) Metaspace: 12036K(12224K)->12036K(12224K) NonClass: 10407K(10496K)->10407K(10496K) Class: 1628K(1728K)->1628K(1728K)
[13.204s][info][gc             ] GC(87) Pause Full (System.gc()) 41M->25M(90M) 58.739ms
[13.204s][info][gc,cpu         ] GC(87) User=0.13s Sys=0.00s Real=0.06s
[13.355s][info][gc,start       ] GC(88) Pause Young (Normal) (G1 Evacuation Pause)
[13.355s][info][gc,task        ] GC(88) Using 2 workers of 33 for evacuation
[13.365s][info][gc,phases      ] GC(88)   Pre Evacuate Collection Set: 0.1ms
[13.365s][info][gc,phases      ] GC(88)   Merge Heap Roots: 0.1ms
[13.365s][info][gc,phases      ] GC(88)   Evacuate Collection Set: 2.7ms
[13.365s][info][gc,phases      ] GC(88)   Post Evacuate Collection Set: 7.0ms
[13.365s][info][gc,phases      ] GC(88)   Other: 0.1ms
[13.365s][info][gc,heap        ] GC(88) Eden regions: 54->0(333)
[13.365s][info][gc,heap        ] GC(88) Survivor regions: 0->1(7)
[13.365s][info][gc,heap        ] GC(88) Old regions: 27->27
[13.365s][info][gc,heap        ] GC(88) Archive regions: 0->0
[13.365s][info][gc,heap        ] GC(88) Humongous regions: 0->0
[13.365s][info][gc,metaspace   ] GC(88) Metaspace: 12036K(12224K)->12036K(12224K) NonClass: 10407K(10496K)->10407K(10496K) Class: 1628K(1728K)->1628K(1728K)
[13.365s][info][gc             ] GC(88) Pause Young (Normal) (G1 Evacuation Pause) 79M->26M(557M) 10.509ms
[13.365s][info][gc,cpu         ] GC(88) User=0.00s Sys=0.00s Real=0.00s
[13.559s][info][gc,start       ] GC(89) Pause Full (System.gc())
[13.559s][info][gc,task        ] GC(89) Using 13 workers of 33 for full compaction
[13.560s][info][gc,phases,start] GC(89) Phase 1: Mark live objects
[13.571s][info][gc,phases      ] GC(89) Phase 1: Mark live objects 11.377ms
[13.571s][info][gc,phases,start] GC(89) Phase 2: Prepare compaction
[13.573s][info][gc,phases      ] GC(89) Phase 2: Prepare compaction 2.259ms
[13.573s][info][gc,phases,start] GC(89) Phase 3: Adjust pointers
[13.577s][info][gc,phases      ] GC(89) Phase 3: Adjust pointers 3.454ms
[13.577s][info][gc,phases,start] GC(89) Phase 4: Compact heap
[13.577s][info][gc,phases      ] GC(89) Phase 4: Compact heap 0.198ms
[13.583s][info][gc,heap        ] GC(89) Eden regions: 68->0(56)
[13.583s][info][gc,heap        ] GC(89) Survivor regions: 1->0(7)
[13.583s][info][gc,heap        ] GC(89) Old regions: 27->28
[13.583s][info][gc,heap        ] GC(89) Archive regions: 0->0
[13.583s][info][gc,heap        ] GC(89) Humongous regions: 0->0
[13.583s][info][gc,metaspace   ] GC(89) Metaspace: 12036K(12224K)->12036K(12224K) NonClass: 10407K(10496K)->10407K(10496K) Class: 1628K(1728K)->1628K(1728K)
[13.583s][info][gc             ] GC(89) Pause Full (System.gc()) 94M->25M(94M) 24.217ms
[13.583s][info][gc,cpu         ] GC(89) User=0.14s Sys=0.06s Real=0.02s
[13.741s][info][gc,start       ] GC(90) Pause Young (Normal) (G1 Evacuation Pause)
[13.741s][info][gc,task        ] GC(90) Using 7 workers of 33 for evacuation
[13.742s][info][gc,phases      ] GC(90)   Pre Evacuate Collection Set: 0.1ms
[13.742s][info][gc,phases      ] GC(90)   Merge Heap Roots: 0.1ms
[13.742s][info][gc,phases      ] GC(90)   Evacuate Collection Set: 0.9ms
[13.742s][info][gc,phases      ] GC(90)   Post Evacuate Collection Set: 0.2ms
[13.743s][info][gc,phases      ] GC(90)   Other: 0.1ms
[13.743s][info][gc,heap        ] GC(90) Eden regions: 56->0(55)
[13.743s][info][gc,heap        ] GC(90) Survivor regions: 0->1(7)
[13.743s][info][gc,heap        ] GC(90) Old regions: 28->28
[13.743s][info][gc,heap        ] GC(90) Archive regions: 0->0
[13.743s][info][gc,heap        ] GC(90) Humongous regions: 0->0
[13.743s][info][gc,metaspace   ] GC(90) Metaspace: 12036K(12224K)->12036K(12224K) NonClass: 10407K(10496K)->10407K(10496K) Class: 1628K(1728K)->1628K(1728K)
[13.743s][info][gc             ] GC(90) Pause Young (Normal) (G1 Evacuation Pause) 81M->26M(94M) 1.755ms
[13.743s][info][gc,cpu         ] GC(90) User=0.00s Sys=0.00s Real=0.00s
[13.881s][info][gc,start       ] GC(91) Pause Young (Normal) (G1 Evacuation Pause)
[13.881s][info][gc,task        ] GC(91) Using 4 workers of 33 for evacuation
[13.884s][info][gc,phases      ] GC(91)   Pre Evacuate Collection Set: 0.1ms
[13.884s][info][gc,phases      ] GC(91)   Merge Heap Roots: 0.1ms
[13.884s][info][gc,phases      ] GC(91)   Evacuate Collection Set: 2.4ms
[13.884s][info][gc,phases      ] GC(91)   Post Evacuate Collection Set: 0.2ms
[13.884s][info][gc,phases      ] GC(91)   Other: 0.1ms
[13.884s][info][gc,heap        ] GC(91) Eden regions: 55->0(54)
[13.884s][info][gc,heap        ] GC(91) Survivor regions: 1->2(7)
[13.884s][info][gc,heap        ] GC(91) Old regions: 28->28
[13.884s][info][gc,heap        ] GC(91) Archive regions: 0->0
[13.884s][info][gc,heap        ] GC(91) Humongous regions: 0->0
[13.884s][info][gc,metaspace   ] GC(91) Metaspace: 12036K(12224K)->12036K(12224K) NonClass: 10407K(10496K)->10407K(10496K) Class: 1628K(1728K)->1628K(1728K)
[13.884s][info][gc             ] GC(91) Pause Young (Normal) (G1 Evacuation Pause) 81M->27M(94M) 3.246ms
[13.884s][info][gc,cpu         ] GC(91) User=0.00s Sys=0.00s Real=0.00s
[13.915s][info][gc,start       ] GC(92) Pause Full (System.gc())
[13.915s][info][gc,task        ] GC(92) Using 3 workers of 33 for full compaction
[13.915s][info][gc,phases,start] GC(92) Phase 1: Mark live objects
[13.937s][info][gc,phases      ] GC(92) Phase 1: Mark live objects 21.370ms
[13.937s][info][gc,phases,start] GC(92) Phase 2: Prepare compaction
[13.941s][info][gc,phases      ] GC(92) Phase 2: Prepare compaction 4.553ms
[13.941s][info][gc,phases,start] GC(92) Phase 3: Adjust pointers
[13.951s][info][gc,phases      ] GC(92) Phase 3: Adjust pointers 9.290ms
[13.951s][info][gc,phases,start] GC(92) Phase 4: Compact heap
[13.951s][info][gc,phases      ] GC(92) Phase 4: Compact heap 0.461ms
[13.953s][info][gc,heap        ] GC(92) Eden regions: 11->0(54)
[13.953s][info][gc,heap        ] GC(92) Survivor regions: 2->0(7)
[13.953s][info][gc,heap        ] GC(92) Old regions: 28->27
[13.954s][info][gc,heap        ] GC(92) Archive regions: 0->0
[13.954s][info][gc,heap        ] GC(92) Humongous regions: 0->0
[13.954s][info][gc,metaspace   ] GC(92) Metaspace: 12036K(12224K)->12036K(12224K) NonClass: 10407K(10496K)->10407K(10496K) Class: 1628K(1728K)->1628K(1728K)
[13.954s][info][gc             ] GC(92) Pause Full (System.gc()) 38M->25M(90M) 38.708ms
[13.954s][info][gc,cpu         ] GC(92) User=0.14s Sys=0.00s Real=0.05s
[14.101s][info][gc,start       ] GC(93) Pause Young (Normal) (G1 Evacuation Pause)
[14.101s][info][gc,task        ] GC(93) Using 2 workers of 33 for evacuation
[14.104s][info][gc,phases      ] GC(93)   Pre Evacuate Collection Set: 0.1ms
[14.104s][info][gc,phases      ] GC(93)   Merge Heap Roots: 0.1ms
[14.104s][info][gc,phases      ] GC(93)   Evacuate Collection Set: 2.8ms
[14.104s][info][gc,phases      ] GC(93)   Post Evacuate Collection Set: 0.2ms
[14.104s][info][gc,phases      ] GC(93)   Other: 0.1ms
[14.104s][info][gc,heap        ] GC(93) Eden regions: 54->0(53)
[14.104s][info][gc,heap        ] GC(93) Survivor regions: 0->1(7)
[14.104s][info][gc,heap        ] GC(93) Old regions: 27->27
[14.104s][info][gc,heap        ] GC(93) Archive regions: 0->0
[14.104s][info][gc,heap        ] GC(93) Humongous regions: 0->0
[14.104s][info][gc,metaspace   ] GC(93) Metaspace: 12039K(12288K)->12039K(12288K) NonClass: 10410K(10560K)->10410K(10560K) Class: 1628K(1728K)->1628K(1728K)
[14.104s][info][gc             ] GC(93) Pause Young (Normal) (G1 Evacuation Pause) 79M->26M(90M) 3.765ms
[14.104s][info][gc,cpu         ] GC(93) User=0.03s Sys=0.00s Real=0.02s
[14.238s][info][gc,start       ] GC(94) Pause Young (Normal) (G1 Evacuation Pause)
[14.238s][info][gc,task        ] GC(94) Using 2 workers of 33 for evacuation
[14.243s][info][gc,phases      ] GC(94)   Pre Evacuate Collection Set: 0.1ms
[14.243s][info][gc,phases      ] GC(94)   Merge Heap Roots: 0.1ms
[14.243s][info][gc,phases      ] GC(94)   Evacuate Collection Set: 5.2ms
[14.243s][info][gc,phases      ] GC(94)   Post Evacuate Collection Set: 0.2ms
[14.244s][info][gc,phases      ] GC(94)   Other: 0.1ms
[14.244s][info][gc,heap        ] GC(94) Eden regions: 53->0(52)
[14.244s][info][gc,heap        ] GC(94) Survivor regions: 1->2(7)
[14.244s][info][gc,heap        ] GC(94) Old regions: 27->27
[14.244s][info][gc,heap        ] GC(94) Archive regions: 0->0
[14.244s][info][gc,heap        ] GC(94) Humongous regions: 0->0
[14.244s][info][gc,metaspace   ] GC(94) Metaspace: 12039K(12288K)->12039K(12288K) NonClass: 10410K(10560K)->10410K(10560K) Class: 1628K(1728K)->1628K(1728K)
[14.244s][info][gc             ] GC(94) Pause Young (Normal) (G1 Evacuation Pause) 79M->27M(90M) 6.134ms
[14.244s][info][gc,cpu         ] GC(94) User=0.02s Sys=0.00s Real=0.02s
[14.283s][info][gc,start       ] GC(95) Pause Full (System.gc())
[14.283s][info][gc,task        ] GC(95) Using 2 workers of 33 for full compaction
[14.283s][info][gc,phases,start] GC(95) Phase 1: Mark live objects
[14.321s][info][gc,phases      ] GC(95) Phase 1: Mark live objects 37.080ms
[14.321s][info][gc,phases,start] GC(95) Phase 2: Prepare compaction
[14.328s][info][gc,phases      ] GC(95) Phase 2: Prepare compaction 7.580ms
[14.328s][info][gc,phases,start] GC(95) Phase 3: Adjust pointers
[14.342s][info][gc,phases      ] GC(95) Phase 3: Adjust pointers 13.546ms
[14.342s][info][gc,phases,start] GC(95) Phase 4: Compact heap
[14.342s][info][gc,phases      ] GC(95) Phase 4: Compact heap 0.485ms
[14.345s][info][gc,heap        ] GC(95) Eden regions: 15->0(54)
[14.345s][info][gc,heap        ] GC(95) Survivor regions: 2->0(7)
[14.345s][info][gc,heap        ] GC(95) Old regions: 27->27
[14.345s][info][gc,heap        ] GC(95) Archive regions: 0->0
[14.345s][info][gc,heap        ] GC(95) Humongous regions: 0->0
[14.345s][info][gc,metaspace   ] GC(95) Metaspace: 12039K(12288K)->12039K(12288K) NonClass: 10410K(10560K)->10410K(10560K) Class: 1628K(1728K)->1628K(1728K)
[14.345s][info][gc             ] GC(95) Pause Full (System.gc()) 41M->25M(90M) 61.647ms
[14.345s][info][gc,cpu         ] GC(95) User=0.13s Sys=0.00s Real=0.06s
[14.500s][info][gc,start       ] GC(96) Pause Young (Normal) (G1 Evacuation Pause)
[14.500s][info][gc,task        ] GC(96) Using 2 workers of 33 for evacuation
[14.510s][info][gc,phases      ] GC(96)   Pre Evacuate Collection Set: 0.1ms
[14.510s][info][gc,phases      ] GC(96)   Merge Heap Roots: 0.1ms
[14.510s][info][gc,phases      ] GC(96)   Evacuate Collection Set: 2.7ms
[14.510s][info][gc,phases      ] GC(96)   Post Evacuate Collection Set: 7.0ms
[14.510s][info][gc,phases      ] GC(96)   Other: 0.1ms
[14.510s][info][gc,heap        ] GC(96) Eden regions: 54->0(333)
[14.510s][info][gc,heap        ] GC(96) Survivor regions: 0->1(7)
[14.510s][info][gc,heap        ] GC(96) Old regions: 27->27
[14.510s][info][gc,heap        ] GC(96) Archive regions: 0->0
[14.510s][info][gc,heap        ] GC(96) Humongous regions: 0->0
[14.510s][info][gc,metaspace   ] GC(96) Metaspace: 12039K(12288K)->12039K(12288K) NonClass: 10410K(10560K)->10410K(10560K) Class: 1628K(1728K)->1628K(1728K)
[14.510s][info][gc             ] GC(96) Pause Young (Normal) (G1 Evacuation Pause) 79M->26M(557M) 10.537ms
[14.510s][info][gc,cpu         ] GC(96) User=0.00s Sys=0.02s Real=0.01s
[14.703s][info][gc,start       ] GC(97) Pause Full (System.gc())
[14.703s][info][gc,task        ] GC(97) Using 13 workers of 33 for full compaction
[14.704s][info][gc,phases,start] GC(97) Phase 1: Mark live objects
[14.714s][info][gc,phases      ] GC(97) Phase 1: Mark live objects 10.357ms
[14.714s][info][gc,phases,start] GC(97) Phase 2: Prepare compaction
[14.716s][info][gc,phases      ] GC(97) Phase 2: Prepare compaction 1.964ms
[14.716s][info][gc,phases,start] GC(97) Phase 3: Adjust pointers
[14.719s][info][gc,phases      ] GC(97) Phase 3: Adjust pointers 2.998ms
[14.719s][info][gc,phases,start] GC(97) Phase 4: Compact heap
[14.719s][info][gc,phases      ] GC(97) Phase 4: Compact heap 0.227ms
[14.725s][info][gc,heap        ] GC(97) Eden regions: 68->0(56)
[14.725s][info][gc,heap        ] GC(97) Survivor regions: 1->0(7)
[14.725s][info][gc,heap        ] GC(97) Old regions: 27->28
[14.725s][info][gc,heap        ] GC(97) Archive regions: 0->0
[14.725s][info][gc,heap        ] GC(97) Humongous regions: 0->0
[14.725s][info][gc,metaspace   ] GC(97) Metaspace: 12039K(12288K)->12039K(12288K) NonClass: 10410K(10560K)->10410K(10560K) Class: 1628K(1728K)->1628K(1728K)
[14.725s][info][gc             ] GC(97) Pause Full (System.gc()) 94M->25M(94M) 22.327ms
[14.725s][info][gc,cpu         ] GC(97) User=0.20s Sys=0.00s Real=0.01s
[14.858s][info][gc,start       ] GC(98) Pause Young (Normal) (G1 Evacuation Pause)
[14.906s][info][gc,task        ] GC(98) Using 7 workers of 33 for evacuation
[14.908s][info][gc,phases      ] GC(98)   Pre Evacuate Collection Set: 0.1ms
[14.908s][info][gc,phases      ] GC(98)   Merge Heap Roots: 0.1ms
[14.908s][info][gc,phases      ] GC(98)   Evacuate Collection Set: 1.0ms
[14.908s][info][gc,phases      ] GC(98)   Post Evacuate Collection Set: 0.2ms
[14.908s][info][gc,phases      ] GC(98)   Other: 0.1ms
[14.908s][info][gc,heap        ] GC(98) Eden regions: 56->0(55)
[14.908s][info][gc,heap        ] GC(98) Survivor regions: 0->1(7)
[14.908s][info][gc,heap        ] GC(98) Old regions: 28->28
[14.908s][info][gc,heap        ] GC(98) Archive regions: 0->0
[14.908s][info][gc,heap        ] GC(98) Humongous regions: 0->0
[14.908s][info][gc,metaspace   ] GC(98) Metaspace: 12039K(12288K)->12039K(12288K) NonClass: 10411K(10560K)->10411K(10560K) Class: 1628K(1728K)->1628K(1728K)
[14.908s][info][gc             ] GC(98) Pause Young (Normal) (G1 Evacuation Pause) 81M->26M(94M) 50.025ms
[14.908s][info][gc,cpu         ] GC(98) User=0.00s Sys=0.00s Real=0.05s
[15.047s][info][gc,start       ] GC(99) Pause Young (Normal) (G1 Evacuation Pause)
[15.047s][info][gc,task        ] GC(99) Using 4 workers of 33 for evacuation
[15.050s][info][gc,phases      ] GC(99)   Pre Evacuate Collection Set: 0.1ms
[15.050s][info][gc,phases      ] GC(99)   Merge Heap Roots: 0.1ms
[15.051s][info][gc,phases      ] GC(99)   Evacuate Collection Set: 3.0ms
[15.051s][info][gc,phases      ] GC(99)   Post Evacuate Collection Set: 0.2ms
[15.051s][info][gc,phases      ] GC(99)   Other: 0.1ms
[15.051s][info][gc,heap        ] GC(99) Eden regions: 55->0(54)
[15.051s][info][gc,heap        ] GC(99) Survivor regions: 1->2(7)
[15.051s][info][gc,heap        ] GC(99) Old regions: 28->28
[15.051s][info][gc,heap        ] GC(99) Archive regions: 0->0
[15.051s][info][gc,heap        ] GC(99) Humongous regions: 0->0
[15.051s][info][gc,metaspace   ] GC(99) Metaspace: 12039K(12288K)->12039K(12288K) NonClass: 10411K(10560K)->10411K(10560K) Class: 1628K(1728K)->1628K(1728K)
[15.051s][info][gc             ] GC(99) Pause Young (Normal) (G1 Evacuation Pause) 81M->27M(94M) 4.012ms
[15.051s][info][gc,cpu         ] GC(99) User=0.00s Sys=0.00s Real=0.00s
[15.082s][info][gc,start       ] GC(100) Pause Full (System.gc())
[15.082s][info][gc,task        ] GC(100) Using 3 workers of 33 for full compaction
[15.082s][info][gc,phases,start] GC(100) Phase 1: Mark live objects
[15.104s][info][gc,phases      ] GC(100) Phase 1: Mark live objects 21.072ms
[15.104s][info][gc,phases,start] GC(100) Phase 2: Prepare compaction
[15.108s][info][gc,phases      ] GC(100) Phase 2: Prepare compaction 4.068ms
[15.108s][info][gc,phases,start] GC(100) Phase 3: Adjust pointers
[15.117s][info][gc,phases      ] GC(100) Phase 3: Adjust pointers 9.221ms
[15.117s][info][gc,phases,start] GC(100) Phase 4: Compact heap
[15.117s][info][gc,phases      ] GC(100) Phase 4: Compact heap 0.343ms
[15.120s][info][gc,heap        ] GC(100) Eden regions: 11->0(54)
[15.120s][info][gc,heap        ] GC(100) Survivor regions: 2->0(7)
[15.120s][info][gc,heap        ] GC(100) Old regions: 28->27
[15.120s][info][gc,heap        ] GC(100) Archive regions: 0->0
[15.120s][info][gc,heap        ] GC(100) Humongous regions: 0->0
[15.120s][info][gc,metaspace   ] GC(100) Metaspace: 12039K(12288K)->12039K(12288K) NonClass: 10411K(10560K)->10411K(10560K) Class: 1628K(1728K)->1628K(1728K)
[15.120s][info][gc             ] GC(100) Pause Full (System.gc()) 37M->25M(90M) 37.639ms
[15.120s][info][gc,cpu         ] GC(100) User=0.11s Sys=0.00s Real=0.05s
[15.251s][info][gc,start       ] GC(101) Pause Young (Normal) (G1 Evacuation Pause)
[15.251s][info][gc,task        ] GC(101) Using 2 workers of 33 for evacuation
[15.254s][info][gc,phases      ] GC(101)   Pre Evacuate Collection Set: 0.1ms
[15.254s][info][gc,phases      ] GC(101)   Merge Heap Roots: 0.1ms
[15.254s][info][gc,phases      ] GC(101)   Evacuate Collection Set: 2.8ms
[15.254s][info][gc,phases      ] GC(101)   Post Evacuate Collection Set: 0.2ms
[15.254s][info][gc,phases      ] GC(101)   Other: 0.1ms
[15.254s][info][gc,heap        ] GC(101) Eden regions: 54->0(53)
[15.254s][info][gc,heap        ] GC(101) Survivor regions: 0->1(7)
[15.254s][info][gc,heap        ] GC(101) Old regions: 27->27
[15.254s][info][gc,heap        ] GC(101) Archive regions: 0->0
[15.254s][info][gc,heap        ] GC(101) Humongous regions: 0->0
[15.254s][info][gc,metaspace   ] GC(101) Metaspace: 12040K(12288K)->12040K(12288K) NonClass: 10411K(10560K)->10411K(10560K) Class: 1628K(1728K)->1628K(1728K)
[15.255s][info][gc             ] GC(101) Pause Young (Normal) (G1 Evacuation Pause) 79M->26M(90M) 3.806ms
[15.255s][info][gc,cpu         ] GC(101) User=0.00s Sys=0.00s Real=0.00s
[15.389s][info][gc,start       ] GC(102) Pause Young (Normal) (G1 Evacuation Pause)
[15.389s][info][gc,task        ] GC(102) Using 2 workers of 33 for evacuation
[15.395s][info][gc,phases      ] GC(102)   Pre Evacuate Collection Set: 0.1ms
[15.395s][info][gc,phases      ] GC(102)   Merge Heap Roots: 0.0ms
[15.395s][info][gc,phases      ] GC(102)   Evacuate Collection Set: 5.2ms
[15.395s][info][gc,phases      ] GC(102)   Post Evacuate Collection Set: 0.2ms
[15.395s][info][gc,phases      ] GC(102)   Other: 0.1ms
[15.395s][info][gc,heap        ] GC(102) Eden regions: 53->0(52)
[15.395s][info][gc,heap        ] GC(102) Survivor regions: 1->2(7)
[15.395s][info][gc,heap        ] GC(102) Old regions: 27->27
[15.395s][info][gc,heap        ] GC(102) Archive regions: 0->0
[15.395s][info][gc,heap        ] GC(102) Humongous regions: 0->0
[15.395s][info][gc,metaspace   ] GC(102) Metaspace: 12040K(12288K)->12040K(12288K) NonClass: 10411K(10560K)->10411K(10560K) Class: 1628K(1728K)->1628K(1728K)
[15.395s][info][gc             ] GC(102) Pause Young (Normal) (G1 Evacuation Pause) 79M->27M(90M) 6.105ms
[15.395s][info][gc,cpu         ] GC(102) User=0.03s Sys=0.00s Real=0.01s
[15.448s][info][gc,start       ] GC(103) Pause Full (System.gc())
[15.448s][info][gc,task        ] GC(103) Using 2 workers of 33 for full compaction
[15.448s][info][gc,phases,start] GC(103) Phase 1: Mark live objects
[15.485s][info][gc,phases      ] GC(103) Phase 1: Mark live objects 36.378ms
[15.485s][info][gc,phases,start] GC(103) Phase 2: Prepare compaction
[15.492s][info][gc,phases      ] GC(103) Phase 2: Prepare compaction 7.535ms
[15.492s][info][gc,phases,start] GC(103) Phase 3: Adjust pointers
[15.506s][info][gc,phases      ] GC(103) Phase 3: Adjust pointers 13.766ms
[15.506s][info][gc,phases,start] GC(103) Phase 4: Compact heap
[15.507s][info][gc,phases      ] GC(103) Phase 4: Compact heap 0.478ms
[15.509s][info][gc,heap        ] GC(103) Eden regions: 15->0(54)
[15.509s][info][gc,heap        ] GC(103) Survivor regions: 2->0(7)
[15.509s][info][gc,heap        ] GC(103) Old regions: 27->27
[15.509s][info][gc,heap        ] GC(103) Archive regions: 0->0
[15.509s][info][gc,heap        ] GC(103) Humongous regions: 0->0
[15.509s][info][gc,metaspace   ] GC(103) Metaspace: 12040K(12288K)->12040K(12288K) NonClass: 10411K(10560K)->10411K(10560K) Class: 1628K(1728K)->1628K(1728K)
[15.509s][info][gc             ] GC(103) Pause Full (System.gc()) 41M->25M(90M) 60.964ms
[15.509s][info][gc,cpu         ] GC(103) User=0.13s Sys=0.00s Real=0.06s
[15.649s][info][gc,start       ] GC(104) Pause Young (Normal) (G1 Evacuation Pause)
[15.649s][info][gc,task        ] GC(104) Using 2 workers of 33 for evacuation
[15.659s][info][gc,phases      ] GC(104)   Pre Evacuate Collection Set: 0.1ms
[15.659s][info][gc,phases      ] GC(104)   Merge Heap Roots: 0.1ms
[15.659s][info][gc,phases      ] GC(104)   Evacuate Collection Set: 2.7ms
[15.659s][info][gc,phases      ] GC(104)   Post Evacuate Collection Set: 7.0ms
[15.659s][info][gc,phases      ] GC(104)   Other: 0.1ms
[15.659s][info][gc,heap        ] GC(104) Eden regions: 54->0(333)
[15.659s][info][gc,heap        ] GC(104) Survivor regions: 0->1(7)
[15.659s][info][gc,heap        ] GC(104) Old regions: 27->27
[15.659s][info][gc,heap        ] GC(104) Archive regions: 0->0
[15.659s][info][gc,heap        ] GC(104) Humongous regions: 0->0
[15.659s][info][gc,metaspace   ] GC(104) Metaspace: 12040K(12288K)->12040K(12288K) NonClass: 10411K(10560K)->10411K(10560K) Class: 1628K(1728K)->1628K(1728K)
[15.659s][info][gc             ] GC(104) Pause Young (Normal) (G1 Evacuation Pause) 79M->26M(557M) 10.538ms
[15.660s][info][gc,cpu         ] GC(104) User=0.00s Sys=0.02s Real=0.02s
[15.842s][info][gc,start       ] GC(105) Pause Full (System.gc())
[15.842s][info][gc,task        ] GC(105) Using 13 workers of 33 for full compaction
[15.843s][info][gc,phases,start] GC(105) Phase 1: Mark live objects
[15.852s][info][gc,phases      ] GC(105) Phase 1: Mark live objects 9.888ms
[15.852s][info][gc,phases,start] GC(105) Phase 2: Prepare compaction
[15.855s][info][gc,phases      ] GC(105) Phase 2: Prepare compaction 2.269ms
[15.855s][info][gc,phases,start] GC(105) Phase 3: Adjust pointers
[15.858s][info][gc,phases      ] GC(105) Phase 3: Adjust pointers 2.833ms
[15.858s][info][gc,phases,start] GC(105) Phase 4: Compact heap
[15.858s][info][gc,phases      ] GC(105) Phase 4: Compact heap 0.477ms
[15.864s][info][gc,heap        ] GC(105) Eden regions: 68->0(56)
[15.864s][info][gc,heap        ] GC(105) Survivor regions: 1->0(7)
[15.864s][info][gc,heap        ] GC(105) Old regions: 27->28
[15.864s][info][gc,heap        ] GC(105) Archive regions: 0->0
[15.864s][info][gc,heap        ] GC(105) Humongous regions: 0->0
[15.864s][info][gc,metaspace   ] GC(105) Metaspace: 12040K(12288K)->12040K(12288K) NonClass: 10411K(10560K)->10411K(10560K) Class: 1628K(1728K)->1628K(1728K)
[15.864s][info][gc             ] GC(105) Pause Full (System.gc()) 94M->25M(94M) 22.579ms
[15.864s][info][gc,cpu         ] GC(105) User=0.28s Sys=0.06s Real=0.03s
[15.995s][info][gc,start       ] GC(106) Pause Young (Normal) (G1 Evacuation Pause)
[15.995s][info][gc,task        ] GC(106) Using 7 workers of 33 for evacuation
[15.997s][info][gc,phases      ] GC(106)   Pre Evacuate Collection Set: 0.1ms
[15.997s][info][gc,phases      ] GC(106)   Merge Heap Roots: 0.1ms
[15.997s][info][gc,phases      ] GC(106)   Evacuate Collection Set: 0.8ms
[15.997s][info][gc,phases      ] GC(106)   Post Evacuate Collection Set: 0.2ms
[15.997s][info][gc,phases      ] GC(106)   Other: 0.1ms
[15.997s][info][gc,heap        ] GC(106) Eden regions: 56->0(55)
[15.997s][info][gc,heap        ] GC(106) Survivor regions: 0->1(7)
[15.997s][info][gc,heap        ] GC(106) Old regions: 28->28
[15.997s][info][gc,heap        ] GC(106) Archive regions: 0->0
[15.997s][info][gc,heap        ] GC(106) Humongous regions: 0->0
[15.997s][info][gc,metaspace   ] GC(106) Metaspace: 12040K(12288K)->12040K(12288K) NonClass: 10411K(10560K)->10411K(10560K) Class: 1628K(1728K)->1628K(1728K)
[15.997s][info][gc             ] GC(106) Pause Young (Normal) (G1 Evacuation Pause) 81M->26M(94M) 1.858ms
[15.997s][info][gc,cpu         ] GC(106) User=0.00s Sys=0.00s Real=0.00s
[16.118s][info][gc,start       ] GC(107) Pause Young (Normal) (G1 Evacuation Pause)
[16.119s][info][gc,task        ] GC(107) Using 4 workers of 33 for evacuation
[16.121s][info][gc,phases      ] GC(107)   Pre Evacuate Collection Set: 0.1ms
[16.121s][info][gc,phases      ] GC(107)   Merge Heap Roots: 0.1ms
[16.121s][info][gc,phases      ] GC(107)   Evacuate Collection Set: 2.4ms
[16.121s][info][gc,phases      ] GC(107)   Post Evacuate Collection Set: 0.2ms
[16.122s][info][gc,phases      ] GC(107)   Other: 0.1ms
[16.122s][info][gc,heap        ] GC(107) Eden regions: 55->0(54)
[16.122s][info][gc,heap        ] GC(107) Survivor regions: 1->2(7)
[16.122s][info][gc,heap        ] GC(107) Old regions: 28->28
[16.122s][info][gc,heap        ] GC(107) Archive regions: 0->0
[16.122s][info][gc,heap        ] GC(107) Humongous regions: 0->0
[16.122s][info][gc,metaspace   ] GC(107) Metaspace: 12040K(12288K)->12040K(12288K) NonClass: 10411K(10560K)->10411K(10560K) Class: 1628K(1728K)->1628K(1728K)
[16.122s][info][gc             ] GC(107) Pause Young (Normal) (G1 Evacuation Pause) 81M->27M(94M) 3.244ms
[16.122s][info][gc,cpu         ] GC(107) User=0.00s Sys=0.00s Real=0.00s
[16.153s][info][gc,start       ] GC(108) Pause Full (System.gc())
[16.153s][info][gc,task        ] GC(108) Using 3 workers of 33 for full compaction
[16.153s][info][gc,phases,start] GC(108) Phase 1: Mark live objects
[16.182s][info][gc,phases      ] GC(108) Phase 1: Mark live objects 29.247ms
[16.182s][info][gc,phases,start] GC(108) Phase 2: Prepare compaction
[16.188s][info][gc,phases      ] GC(108) Phase 2: Prepare compaction 5.300ms
[16.188s][info][gc,phases,start] GC(108) Phase 3: Adjust pointers
[16.195s][info][gc,phases      ] GC(108) Phase 3: Adjust pointers 7.357ms
[16.195s][info][gc,phases,start] GC(108) Phase 4: Compact heap
[16.195s][info][gc,phases      ] GC(108) Phase 4: Compact heap 0.290ms
[16.198s][info][gc,heap        ] GC(108) Eden regions: 11->0(54)
[16.198s][info][gc,heap        ] GC(108) Survivor regions: 2->0(7)
[16.198s][info][gc,heap        ] GC(108) Old regions: 28->27
[16.198s][info][gc,heap        ] GC(108) Archive regions: 0->0
[16.198s][info][gc,heap        ] GC(108) Humongous regions: 0->0
[16.198s][info][gc,metaspace   ] GC(108) Metaspace: 12040K(12288K)->12040K(12288K) NonClass: 10411K(10560K)->10411K(10560K) Class: 1628K(1728K)->1628K(1728K)
[16.198s][info][gc             ] GC(108) Pause Full (System.gc()) 38M->25M(90M) 45.327ms
[16.198s][info][gc,cpu         ] GC(108) User=0.14s Sys=0.00s Real=0.05s
[16.351s][info][gc,start       ] GC(109) Pause Young (Normal) (G1 Evacuation Pause)
[16.351s][info][gc,task        ] GC(109) Using 2 workers of 33 for evacuation
[16.354s][info][gc,phases      ] GC(109)   Pre Evacuate Collection Set: 0.1ms
[16.354s][info][gc,phases      ] GC(109)   Merge Heap Roots: 0.1ms
[16.354s][info][gc,phases      ] GC(109)   Evacuate Collection Set: 2.7ms
[16.354s][info][gc,phases      ] GC(109)   Post Evacuate Collection Set: 0.2ms
[16.354s][info][gc,phases      ] GC(109)   Other: 0.1ms
[16.354s][info][gc,heap        ] GC(109) Eden regions: 54->0(53)
[16.354s][info][gc,heap        ] GC(109) Survivor regions: 0->1(7)
[16.354s][info][gc,heap        ] GC(109) Old regions: 27->27
[16.354s][info][gc,heap        ] GC(109) Archive regions: 0->0
[16.354s][info][gc,heap        ] GC(109) Humongous regions: 0->0
[16.354s][info][gc,metaspace   ] GC(109) Metaspace: 12048K(12288K)->12048K(12288K) NonClass: 10419K(10560K)->10419K(10560K) Class: 1628K(1728K)->1628K(1728K)
[16.355s][info][gc             ] GC(109) Pause Young (Normal) (G1 Evacuation Pause) 79M->26M(90M) 3.761ms
[16.355s][info][gc,cpu         ] GC(109) User=0.00s Sys=0.00s Real=0.00s
[16.485s][info][gc,start       ] GC(110) Pause Young (Normal) (G1 Evacuation Pause)
[16.486s][info][gc,task        ] GC(110) Using 2 workers of 33 for evacuation
[16.491s][info][gc,phases      ] GC(110)   Pre Evacuate Collection Set: 0.1ms
[16.491s][info][gc,phases      ] GC(110)   Merge Heap Roots: 0.1ms
[16.491s][info][gc,phases      ] GC(110)   Evacuate Collection Set: 5.2ms
[16.491s][info][gc,phases      ] GC(110)   Post Evacuate Collection Set: 0.2ms
[16.491s][info][gc,phases      ] GC(110)   Other: 0.1ms
[16.491s][info][gc,heap        ] GC(110) Eden regions: 53->0(52)
[16.491s][info][gc,heap        ] GC(110) Survivor regions: 1->2(7)
[16.491s][info][gc,heap        ] GC(110) Old regions: 27->27
[16.491s][info][gc,heap        ] GC(110) Archive regions: 0->0
[16.491s][info][gc,heap        ] GC(110) Humongous regions: 0->0
[16.491s][info][gc,metaspace   ] GC(110) Metaspace: 12048K(12288K)->12048K(12288K) NonClass: 10419K(10560K)->10419K(10560K) Class: 1628K(1728K)->1628K(1728K)
[16.492s][info][gc             ] GC(110) Pause Young (Normal) (G1 Evacuation Pause) 79M->27M(90M) 6.063ms
[16.492s][info][gc,cpu         ] GC(110) User=0.00s Sys=0.00s Real=0.00s
[16.533s][info][gc,start       ] GC(111) Pause Full (System.gc())
[16.533s][info][gc,task        ] GC(111) Using 2 workers of 33 for full compaction
[16.533s][info][gc,phases,start] GC(111) Phase 1: Mark live objects
[16.569s][info][gc,phases      ] GC(111) Phase 1: Mark live objects 35.075ms
[16.569s][info][gc,phases,start] GC(111) Phase 2: Prepare compaction
[16.576s][info][gc,phases      ] GC(111) Phase 2: Prepare compaction 7.516ms
[16.576s][info][gc,phases,start] GC(111) Phase 3: Adjust pointers
[16.590s][info][gc,phases      ] GC(111) Phase 3: Adjust pointers 13.673ms
[16.590s][info][gc,phases,start] GC(111) Phase 4: Compact heap
[16.590s][info][gc,phases      ] GC(111) Phase 4: Compact heap 0.467ms
[16.593s][info][gc,heap        ] GC(111) Eden regions: 15->0(54)
[16.593s][info][gc,heap        ] GC(111) Survivor regions: 2->0(7)
[16.593s][info][gc,heap        ] GC(111) Old regions: 27->27
[16.593s][info][gc,heap        ] GC(111) Archive regions: 0->0
[16.593s][info][gc,heap        ] GC(111) Humongous regions: 0->0
[16.593s][info][gc,metaspace   ] GC(111) Metaspace: 12048K(12288K)->12048K(12288K) NonClass: 10419K(10560K)->10419K(10560K) Class: 1628K(1728K)->1628K(1728K)
[16.593s][info][gc             ] GC(111) Pause Full (System.gc()) 41M->25M(90M) 59.697ms
[16.593s][info][gc,cpu         ] GC(111) User=0.09s Sys=0.02s Real=0.06s
[16.747s][info][gc,start       ] GC(112) Pause Young (Normal) (G1 Evacuation Pause)
[16.747s][info][gc,task        ] GC(112) Using 2 workers of 33 for evacuation
[16.757s][info][gc,phases      ] GC(112)   Pre Evacuate Collection Set: 0.1ms
[16.757s][info][gc,phases      ] GC(112)   Merge Heap Roots: 0.1ms
[16.757s][info][gc,phases      ] GC(112)   Evacuate Collection Set: 2.8ms
[16.757s][info][gc,phases      ] GC(112)   Post Evacuate Collection Set: 7.0ms
[16.757s][info][gc,phases      ] GC(112)   Other: 0.1ms
[16.757s][info][gc,heap        ] GC(112) Eden regions: 54->0(333)
[16.758s][info][gc,heap        ] GC(112) Survivor regions: 0->1(7)
[16.758s][info][gc,heap        ] GC(112) Old regions: 27->27
[16.758s][info][gc,heap        ] GC(112) Archive regions: 0->0
[16.758s][info][gc,heap        ] GC(112) Humongous regions: 0->0
[16.758s][info][gc,metaspace   ] GC(112) Metaspace: 12050K(12288K)->12050K(12288K) NonClass: 10421K(10560K)->10421K(10560K) Class: 1628K(1728K)->1628K(1728K)
[16.758s][info][gc             ] GC(112) Pause Young (Normal) (G1 Evacuation Pause) 79M->26M(557M) 10.570ms
[16.758s][info][gc,cpu         ] GC(112) User=0.03s Sys=0.00s Real=0.01s
[16.953s][info][gc,start       ] GC(113) Pause Full (System.gc())
[16.953s][info][gc,task        ] GC(113) Using 13 workers of 33 for full compaction
[16.954s][info][gc,phases,start] GC(113) Phase 1: Mark live objects
[16.964s][info][gc,phases      ] GC(113) Phase 1: Mark live objects 10.385ms
[16.964s][info][gc,phases,start] GC(113) Phase 2: Prepare compaction
[16.966s][info][gc,phases      ] GC(113) Phase 2: Prepare compaction 1.815ms
[16.966s][info][gc,phases,start] GC(113) Phase 3: Adjust pointers
[16.969s][info][gc,phases      ] GC(113) Phase 3: Adjust pointers 2.601ms
[16.969s][info][gc,phases,start] GC(113) Phase 4: Compact heap
[16.969s][info][gc,phases      ] GC(113) Phase 4: Compact heap 0.219ms
[16.974s][info][gc,heap        ] GC(113) Eden regions: 68->0(56)
[16.974s][info][gc,heap        ] GC(113) Survivor regions: 1->0(7)
[16.974s][info][gc,heap        ] GC(113) Old regions: 27->28
[16.974s][info][gc,heap        ] GC(113) Archive regions: 0->0
[16.974s][info][gc,heap        ] GC(113) Humongous regions: 0->0
[16.974s][info][gc,metaspace   ] GC(113) Metaspace: 12052K(12288K)->12052K(12288K) NonClass: 10423K(10560K)->10423K(10560K) Class: 1628K(1728K)->1628K(1728K)
[16.974s][info][gc             ] GC(113) Pause Full (System.gc()) 94M->25M(94M) 20.640ms
[16.974s][info][gc,cpu         ] GC(113) User=0.20s Sys=0.00s Real=0.02s
[17.105s][info][gc,start       ] GC(114) Pause Young (Normal) (G1 Evacuation Pause)
[17.105s][info][gc,task        ] GC(114) Using 7 workers of 33 for evacuation
[17.106s][info][gc,phases      ] GC(114)   Pre Evacuate Collection Set: 0.1ms
[17.106s][info][gc,phases      ] GC(114)   Merge Heap Roots: 0.1ms
[17.106s][info][gc,phases      ] GC(114)   Evacuate Collection Set: 0.8ms
[17.106s][info][gc,phases      ] GC(114)   Post Evacuate Collection Set: 0.2ms
[17.106s][info][gc,phases      ] GC(114)   Other: 0.1ms
[17.106s][info][gc,heap        ] GC(114) Eden regions: 56->0(55)
[17.107s][info][gc,heap        ] GC(114) Survivor regions: 0->1(7)
[17.107s][info][gc,heap        ] GC(114) Old regions: 28->28
[17.107s][info][gc,heap        ] GC(114) Archive regions: 0->0
[17.107s][info][gc,heap        ] GC(114) Humongous regions: 0->0
[17.107s][info][gc,metaspace   ] GC(114) Metaspace: 12052K(12288K)->12052K(12288K) NonClass: 10423K(10560K)->10423K(10560K) Class: 1628K(1728K)->1628K(1728K)
[17.107s][info][gc             ] GC(114) Pause Young (Normal) (G1 Evacuation Pause) 81M->26M(94M) 1.923ms
[17.107s][info][gc,cpu         ] GC(114) User=0.00s Sys=0.00s Real=0.00s
[17.228s][info][gc,start       ] GC(115) Pause Young (Normal) (G1 Evacuation Pause)
[17.228s][info][gc,task        ] GC(115) Using 4 workers of 33 for evacuation
[17.231s][info][gc,phases      ] GC(115)   Pre Evacuate Collection Set: 0.1ms
[17.231s][info][gc,phases      ] GC(115)   Merge Heap Roots: 0.1ms
[17.231s][info][gc,phases      ] GC(115)   Evacuate Collection Set: 2.4ms
[17.231s][info][gc,phases      ] GC(115)   Post Evacuate Collection Set: 0.2ms
[17.231s][info][gc,phases      ] GC(115)   Other: 0.1ms
[17.231s][info][gc,heap        ] GC(115) Eden regions: 55->0(54)
[17.231s][info][gc,heap        ] GC(115) Survivor regions: 1->2(7)
[17.231s][info][gc,heap        ] GC(115) Old regions: 28->28
[17.231s][info][gc,heap        ] GC(115) Archive regions: 0->0
[17.231s][info][gc,heap        ] GC(115) Humongous regions: 0->0
[17.231s][info][gc,metaspace   ] GC(115) Metaspace: 12052K(12288K)->12052K(12288K) NonClass: 10423K(10560K)->10423K(10560K) Class: 1628K(1728K)->1628K(1728K)
[17.232s][info][gc             ] GC(115) Pause Young (Normal) (G1 Evacuation Pause) 81M->27M(94M) 3.336ms
[17.232s][info][gc,cpu         ] GC(115) User=0.00s Sys=0.00s Real=0.00s
[17.262s][info][gc,start       ] GC(116) Pause Full (System.gc())
[17.262s][info][gc,task        ] GC(116) Using 3 workers of 33 for full compaction
[17.263s][info][gc,phases,start] GC(116) Phase 1: Mark live objects
[17.284s][info][gc,phases      ] GC(116) Phase 1: Mark live objects 21.289ms
[17.284s][info][gc,phases,start] GC(116) Phase 2: Prepare compaction
[17.288s][info][gc,phases      ] GC(116) Phase 2: Prepare compaction 3.979ms
[17.288s][info][gc,phases,start] GC(116) Phase 3: Adjust pointers
[17.297s][info][gc,phases      ] GC(116) Phase 3: Adjust pointers 9.127ms
[17.297s][info][gc,phases,start] GC(116) Phase 4: Compact heap
[17.298s][info][gc,phases      ] GC(116) Phase 4: Compact heap 0.423ms
[17.300s][info][gc,heap        ] GC(116) Eden regions: 11->0(54)
[17.300s][info][gc,heap        ] GC(116) Survivor regions: 2->0(7)
[17.300s][info][gc,heap        ] GC(116) Old regions: 28->27
[17.300s][info][gc,heap        ] GC(116) Archive regions: 0->0
[17.300s][info][gc,heap        ] GC(116) Humongous regions: 0->0
[17.300s][info][gc,metaspace   ] GC(116) Metaspace: 12052K(12288K)->12052K(12288K) NonClass: 10423K(10560K)->10423K(10560K) Class: 1628K(1728K)->1628K(1728K)
[17.300s][info][gc             ] GC(116) Pause Full (System.gc()) 38M->25M(90M) 37.887ms
[17.300s][info][gc,cpu         ] GC(116) User=0.14s Sys=0.00s Real=0.05s
[17.431s][info][gc,start       ] GC(117) Pause Young (Normal) (G1 Evacuation Pause)
[17.431s][info][gc,task        ] GC(117) Using 2 workers of 33 for evacuation
[17.434s][info][gc,phases      ] GC(117)   Pre Evacuate Collection Set: 0.1ms
[17.434s][info][gc,phases      ] GC(117)   Merge Heap Roots: 0.1ms
[17.434s][info][gc,phases      ] GC(117)   Evacuate Collection Set: 2.8ms
[17.434s][info][gc,phases      ] GC(117)   Post Evacuate Collection Set: 0.2ms
[17.434s][info][gc,phases      ] GC(117)   Other: 0.1ms
[17.434s][info][gc,heap        ] GC(117) Eden regions: 54->0(53)
[17.434s][info][gc,heap        ] GC(117) Survivor regions: 0->1(7)
[17.434s][info][gc,heap        ] GC(117) Old regions: 27->27
[17.434s][info][gc,heap        ] GC(117) Archive regions: 0->0
[17.434s][info][gc,heap        ] GC(117) Humongous regions: 0->0
[17.434s][info][gc,metaspace   ] GC(117) Metaspace: 12052K(12288K)->12052K(12288K) NonClass: 10423K(10560K)->10423K(10560K) Class: 1628K(1728K)->1628K(1728K)
[17.434s][info][gc             ] GC(117) Pause Young (Normal) (G1 Evacuation Pause) 79M->26M(90M) 3.782ms
[17.434s][info][gc,cpu         ] GC(117) User=0.00s Sys=0.00s Real=0.00s
[17.552s][info][gc,start       ] GC(118) Pause Young (Normal) (G1 Evacuation Pause)
[17.552s][info][gc,task        ] GC(118) Using 2 workers of 33 for evacuation
[17.557s][info][gc,phases      ] GC(118)   Pre Evacuate Collection Set: 0.1ms
[17.557s][info][gc,phases      ] GC(118)   Merge Heap Roots: 0.1ms
[17.557s][info][gc,phases      ] GC(118)   Evacuate Collection Set: 5.1ms
[17.557s][info][gc,phases      ] GC(118)   Post Evacuate Collection Set: 0.2ms
[17.557s][info][gc,phases      ] GC(118)   Other: 0.1ms
[17.557s][info][gc,heap        ] GC(118) Eden regions: 53->0(52)
[17.557s][info][gc,heap        ] GC(118) Survivor regions: 1->2(7)
[17.558s][info][gc,heap        ] GC(118) Old regions: 27->27
[17.558s][info][gc,heap        ] GC(118) Archive regions: 0->0
[17.558s][info][gc,heap        ] GC(118) Humongous regions: 0->0
[17.558s][info][gc,metaspace   ] GC(118) Metaspace: 12052K(12288K)->12052K(12288K) NonClass: 10423K(10560K)->10423K(10560K) Class: 1628K(1728K)->1628K(1728K)
[17.558s][info][gc             ] GC(118) Pause Young (Normal) (G1 Evacuation Pause) 79M->27M(90M) 6.058ms
[17.558s][info][gc,cpu         ] GC(118) User=0.00s Sys=0.00s Real=0.00s
[17.599s][info][gc,start       ] GC(119) Pause Full (System.gc())
[17.599s][info][gc,task        ] GC(119) Using 2 workers of 33 for full compaction
[17.600s][info][gc,phases,start] GC(119) Phase 1: Mark live objects
[17.635s][info][gc,phases      ] GC(119) Phase 1: Mark live objects 35.849ms
[17.635s][info][gc,phases,start] GC(119) Phase 2: Prepare compaction
[17.643s][info][gc,phases      ] GC(119) Phase 2: Prepare compaction 7.577ms
[17.643s][info][gc,phases,start] GC(119) Phase 3: Adjust pointers
[17.652s][info][gc,phases      ] GC(119) Phase 3: Adjust pointers 9.119ms
[17.652s][info][gc,phases,start] GC(119) Phase 4: Compact heap
[17.653s][info][gc,phases      ] GC(119) Phase 4: Compact heap 0.309ms
[17.655s][info][gc,heap        ] GC(119) Eden regions: 15->0(54)
[17.655s][info][gc,heap        ] GC(119) Survivor regions: 2->0(7)
[17.655s][info][gc,heap        ] GC(119) Old regions: 27->27
[17.655s][info][gc,heap        ] GC(119) Archive regions: 0->0
[17.655s][info][gc,heap        ] GC(119) Humongous regions: 0->0
[17.655s][info][gc,metaspace   ] GC(119) Metaspace: 12052K(12288K)->12052K(12288K) NonClass: 10423K(10560K)->10423K(10560K) Class: 1628K(1728K)->1628K(1728K)
[17.655s][info][gc             ] GC(119) Pause Full (System.gc()) 41M->25M(90M) 55.426ms
[17.655s][info][gc,cpu         ] GC(119) User=0.09s Sys=0.00s Real=0.05s
[17.794s][info][gc,start       ] GC(120) Pause Young (Normal) (G1 Evacuation Pause)
[17.794s][info][gc,task        ] GC(120) Using 2 workers of 33 for evacuation
[17.804s][info][gc,phases      ] GC(120)   Pre Evacuate Collection Set: 0.1ms
[17.804s][info][gc,phases      ] GC(120)   Merge Heap Roots: 0.0ms
[17.804s][info][gc,phases      ] GC(120)   Evacuate Collection Set: 2.8ms
[17.804s][info][gc,phases      ] GC(120)   Post Evacuate Collection Set: 7.0ms
[17.804s][info][gc,phases      ] GC(120)   Other: 0.1ms
[17.804s][info][gc,heap        ] GC(120) Eden regions: 54->0(333)
[17.804s][info][gc,heap        ] GC(120) Survivor regions: 0->1(7)
[17.804s][info][gc,heap        ] GC(120) Old regions: 27->27
[17.804s][info][gc,heap        ] GC(120) Archive regions: 0->0
[17.804s][info][gc,heap        ] GC(120) Humongous regions: 0->0
[17.804s][info][gc,metaspace   ] GC(120) Metaspace: 12052K(12288K)->12052K(12288K) NonClass: 10423K(10560K)->10423K(10560K) Class: 1628K(1728K)->1628K(1728K)
[17.804s][info][gc             ] GC(120) Pause Young (Normal) (G1 Evacuation Pause) 79M->26M(557M) 10.548ms
[17.804s][info][gc,cpu         ] GC(120) User=0.03s Sys=0.00s Real=0.02s
[17.999s][info][gc,start       ] GC(121) Pause Full (System.gc())
[17.999s][info][gc,task        ] GC(121) Using 13 workers of 33 for full compaction
[17.999s][info][gc,phases,start] GC(121) Phase 1: Mark live objects
[18.010s][info][gc,phases      ] GC(121) Phase 1: Mark live objects 10.735ms
[18.010s][info][gc,phases,start] GC(121) Phase 2: Prepare compaction
[18.012s][info][gc,phases      ] GC(121) Phase 2: Prepare compaction 1.758ms
[18.012s][info][gc,phases,start] GC(121) Phase 3: Adjust pointers
[18.014s][info][gc,phases      ] GC(121) Phase 3: Adjust pointers 1.936ms
[18.014s][info][gc,phases,start] GC(121) Phase 4: Compact heap
[18.014s][info][gc,phases      ] GC(121) Phase 4: Compact heap 0.365ms
[18.020s][info][gc,heap        ] GC(121) Eden regions: 68->0(56)
[18.020s][info][gc,heap        ] GC(121) Survivor regions: 1->0(7)
[18.020s][info][gc,heap        ] GC(121) Old regions: 27->28
[18.020s][info][gc,heap        ] GC(121) Archive regions: 0->0
[18.020s][info][gc,heap        ] GC(121) Humongous regions: 0->0
[18.020s][info][gc,metaspace   ] GC(121) Metaspace: 12052K(12288K)->12052K(12288K) NonClass: 10423K(10560K)->10423K(10560K) Class: 1628K(1728K)->1628K(1728K)
[18.020s][info][gc             ] GC(121) Pause Full (System.gc()) 94M->25M(94M) 21.191ms
[18.020s][info][gc,cpu         ] GC(121) User=0.02s Sys=0.00s Real=0.02s
[18.166s][info][gc,start       ] GC(122) Pause Young (Normal) (G1 Evacuation Pause)
[18.167s][info][gc,task        ] GC(122) Using 7 workers of 33 for evacuation
[18.168s][info][gc,phases      ] GC(122)   Pre Evacuate Collection Set: 0.1ms
[18.168s][info][gc,phases      ] GC(122)   Merge Heap Roots: 0.1ms
[18.168s][info][gc,phases      ] GC(122)   Evacuate Collection Set: 0.9ms
[18.168s][info][gc,phases      ] GC(122)   Post Evacuate Collection Set: 0.2ms
[18.168s][info][gc,phases      ] GC(122)   Other: 0.1ms
[18.168s][info][gc,heap        ] GC(122) Eden regions: 56->0(55)
[18.168s][info][gc,heap        ] GC(122) Survivor regions: 0->1(7)
[18.168s][info][gc,heap        ] GC(122) Old regions: 28->28
[18.168s][info][gc,heap        ] GC(122) Archive regions: 0->0
[18.168s][info][gc,heap        ] GC(122) Humongous regions: 0->0
[18.168s][info][gc,metaspace   ] GC(122) Metaspace: 12052K(12288K)->12052K(12288K) NonClass: 10423K(10560K)->10423K(10560K) Class: 1628K(1728K)->1628K(1728K)
[18.168s][info][gc             ] GC(122) Pause Young (Normal) (G1 Evacuation Pause) 81M->26M(94M) 1.859ms
[18.168s][info][gc,cpu         ] GC(122) User=0.00s Sys=0.00s Real=0.00s
[18.316s][info][gc,start       ] GC(123) Pause Young (Normal) (G1 Evacuation Pause)
[18.316s][info][gc,task        ] GC(123) Using 4 workers of 33 for evacuation
[18.319s][info][gc,phases      ] GC(123)   Pre Evacuate Collection Set: 0.1ms
[18.319s][info][gc,phases      ] GC(123)   Merge Heap Roots: 0.1ms
[18.319s][info][gc,phases      ] GC(123)   Evacuate Collection Set: 2.8ms
[18.319s][info][gc,phases      ] GC(123)   Post Evacuate Collection Set: 0.2ms
[18.320s][info][gc,phases      ] GC(123)   Other: 0.1ms
[18.320s][info][gc,heap        ] GC(123) Eden regions: 55->0(54)
[18.320s][info][gc,heap        ] GC(123) Survivor regions: 1->2(7)
[18.320s][info][gc,heap        ] GC(123) Old regions: 28->28
[18.320s][info][gc,heap        ] GC(123) Archive regions: 0->0
[18.320s][info][gc,heap        ] GC(123) Humongous regions: 0->0
[18.320s][info][gc,metaspace   ] GC(123) Metaspace: 12052K(12288K)->12052K(12288K) NonClass: 10423K(10560K)->10423K(10560K) Class: 1628K(1728K)->1628K(1728K)
[18.320s][info][gc             ] GC(123) Pause Young (Normal) (G1 Evacuation Pause) 81M->27M(94M) 3.667ms
[18.320s][info][gc,cpu         ] GC(123) User=0.00s Sys=0.00s Real=0.00s
[18.358s][info][gc,start       ] GC(124) Pause Full (System.gc())
[18.358s][info][gc,task        ] GC(124) Using 3 workers of 33 for full compaction
[18.358s][info][gc,phases,start] GC(124) Phase 1: Mark live objects
[18.380s][info][gc,phases      ] GC(124) Phase 1: Mark live objects 21.324ms
[18.380s][info][gc,phases,start] GC(124) Phase 2: Prepare compaction
[18.385s][info][gc,phases      ] GC(124) Phase 2: Prepare compaction 5.229ms
[18.385s][info][gc,phases,start] GC(124) Phase 3: Adjust pointers
[18.394s][info][gc,phases      ] GC(124) Phase 3: Adjust pointers 9.267ms
[18.394s][info][gc,phases,start] GC(124) Phase 4: Compact heap
[18.395s][info][gc,phases      ] GC(124) Phase 4: Compact heap 0.454ms
[18.397s][info][gc,heap        ] GC(124) Eden regions: 11->0(54)
[18.397s][info][gc,heap        ] GC(124) Survivor regions: 2->0(7)
[18.397s][info][gc,heap        ] GC(124) Old regions: 28->27
[18.397s][info][gc,heap        ] GC(124) Archive regions: 0->0
[18.397s][info][gc,heap        ] GC(124) Humongous regions: 0->0
[18.397s][info][gc,metaspace   ] GC(124) Metaspace: 12052K(12288K)->12052K(12288K) NonClass: 10423K(10560K)->10423K(10560K) Class: 1628K(1728K)->1628K(1728K)
[18.397s][info][gc             ] GC(124) Pause Full (System.gc()) 38M->25M(90M) 39.316ms
[18.397s][info][gc,cpu         ] GC(124) User=0.13s Sys=0.00s Real=0.05s
[18.528s][info][gc,start       ] GC(125) Pause Young (Normal) (G1 Evacuation Pause)
[18.528s][info][gc,task        ] GC(125) Using 2 workers of 33 for evacuation
[18.531s][info][gc,phases      ] GC(125)   Pre Evacuate Collection Set: 0.1ms
[18.531s][info][gc,phases      ] GC(125)   Merge Heap Roots: 0.1ms
[18.531s][info][gc,phases      ] GC(125)   Evacuate Collection Set: 2.8ms
[18.531s][info][gc,phases      ] GC(125)   Post Evacuate Collection Set: 0.2ms
[18.531s][info][gc,phases      ] GC(125)   Other: 0.1ms
[18.531s][info][gc,heap        ] GC(125) Eden regions: 54->0(53)
[18.531s][info][gc,heap        ] GC(125) Survivor regions: 0->1(7)
[18.532s][info][gc,heap        ] GC(125) Old regions: 27->27
[18.532s][info][gc,heap        ] GC(125) Archive regions: 0->0
[18.532s][info][gc,heap        ] GC(125) Humongous regions: 0->0
[18.532s][info][gc,metaspace   ] GC(125) Metaspace: 12052K(12288K)->12052K(12288K) NonClass: 10423K(10560K)->10423K(10560K) Class: 1628K(1728K)->1628K(1728K)
[18.532s][info][gc             ] GC(125) Pause Young (Normal) (G1 Evacuation Pause) 79M->26M(90M) 3.799ms
[18.532s][info][gc,cpu         ] GC(125) User=0.03s Sys=0.00s Real=0.02s
[18.649s][info][gc,start       ] GC(126) Pause Young (Normal) (G1 Evacuation Pause)
[18.649s][info][gc,task        ] GC(126) Using 2 workers of 33 for evacuation
[18.655s][info][gc,phases      ] GC(126)   Pre Evacuate Collection Set: 0.1ms
[18.655s][info][gc,phases      ] GC(126)   Merge Heap Roots: 0.1ms
[18.655s][info][gc,phases      ] GC(126)   Evacuate Collection Set: 5.2ms
[18.655s][info][gc,phases      ] GC(126)   Post Evacuate Collection Set: 0.3ms
[18.655s][info][gc,phases      ] GC(126)   Other: 0.1ms
[18.655s][info][gc,heap        ] GC(126) Eden regions: 53->0(52)
[18.655s][info][gc,heap        ] GC(126) Survivor regions: 1->2(7)
[18.655s][info][gc,heap        ] GC(126) Old regions: 27->27
[18.655s][info][gc,heap        ] GC(126) Archive regions: 0->0
[18.655s][info][gc,heap        ] GC(126) Humongous regions: 0->0
[18.655s][info][gc,metaspace   ] GC(126) Metaspace: 12052K(12288K)->12052K(12288K) NonClass: 10423K(10560K)->10423K(10560K) Class: 1628K(1728K)->1628K(1728K)
[18.655s][info][gc             ] GC(126) Pause Young (Normal) (G1 Evacuation Pause) 79M->27M(90M) 6.157ms
[18.655s][info][gc,cpu         ] GC(126) User=0.00s Sys=0.02s Real=0.02s
[18.694s][info][gc,start       ] GC(127) Pause Full (System.gc())
[18.694s][info][gc,task        ] GC(127) Using 2 workers of 33 for full compaction
[18.695s][info][gc,phases,start] GC(127) Phase 1: Mark live objects
[18.722s][info][gc,phases      ] GC(127) Phase 1: Mark live objects 27.035ms
[18.722s][info][gc,phases,start] GC(127) Phase 2: Prepare compaction
[18.727s][info][gc,phases      ] GC(127) Phase 2: Prepare compaction 5.262ms
[18.727s][info][gc,phases,start] GC(127) Phase 3: Adjust pointers
[18.741s][info][gc,phases      ] GC(127) Phase 3: Adjust pointers 13.675ms
[18.741s][info][gc,phases,start] GC(127) Phase 4: Compact heap
[18.741s][info][gc,phases      ] GC(127) Phase 4: Compact heap 0.484ms
[18.743s][info][gc,heap        ] GC(127) Eden regions: 15->0(54)
[18.743s][info][gc,heap        ] GC(127) Survivor regions: 2->0(7)
[18.744s][info][gc,heap        ] GC(127) Old regions: 27->27
[18.744s][info][gc,heap        ] GC(127) Archive regions: 0->0
[18.744s][info][gc,heap        ] GC(127) Humongous regions: 0->0
[18.744s][info][gc,metaspace   ] GC(127) Metaspace: 12052K(12288K)->12052K(12288K) NonClass: 10423K(10560K)->10423K(10560K) Class: 1628K(1728K)->1628K(1728K)
[18.744s][info][gc             ] GC(127) Pause Full (System.gc()) 41M->25M(90M) 49.256ms
[18.744s][info][gc,cpu         ] GC(127) User=0.09s Sys=0.00s Real=0.05s
[18.874s][info][gc,start       ] GC(128) Pause Young (Normal) (G1 Evacuation Pause)
[18.874s][info][gc,task        ] GC(128) Using 2 workers of 33 for evacuation
[18.884s][info][gc,phases      ] GC(128)   Pre Evacuate Collection Set: 0.1ms
[18.884s][info][gc,phases      ] GC(128)   Merge Heap Roots: 0.1ms
[18.884s][info][gc,phases      ] GC(128)   Evacuate Collection Set: 2.8ms
[18.884s][info][gc,phases      ] GC(128)   Post Evacuate Collection Set: 7.0ms
[18.884s][info][gc,phases      ] GC(128)   Other: 0.1ms
[18.884s][info][gc,heap        ] GC(128) Eden regions: 54->0(333)
[18.884s][info][gc,heap        ] GC(128) Survivor regions: 0->1(7)
[18.884s][info][gc,heap        ] GC(128) Old regions: 27->27
[18.884s][info][gc,heap        ] GC(128) Archive regions: 0->0
[18.884s][info][gc,heap        ] GC(128) Humongous regions: 0->0
[18.885s][info][gc,metaspace   ] GC(128) Metaspace: 12052K(12288K)->12052K(12288K) NonClass: 10423K(10560K)->10423K(10560K) Class: 1628K(1728K)->1628K(1728K)
[18.885s][info][gc             ] GC(128) Pause Young (Normal) (G1 Evacuation Pause) 79M->26M(557M) 10.552ms
[18.885s][info][gc,cpu         ] GC(128) User=0.00s Sys=0.00s Real=0.00s
[19.066s][info][gc,start       ] GC(129) Pause Full (System.gc())
[19.066s][info][gc,task        ] GC(129) Using 13 workers of 33 for full compaction
[19.067s][info][gc,phases,start] GC(129) Phase 1: Mark live objects
[19.077s][info][gc,phases      ] GC(129) Phase 1: Mark live objects 10.665ms
[19.077s][info][gc,phases,start] GC(129) Phase 2: Prepare compaction
[19.079s][info][gc,phases      ] GC(129) Phase 2: Prepare compaction 1.945ms
[19.079s][info][gc,phases,start] GC(129) Phase 3: Adjust pointers
[19.082s][info][gc,phases      ] GC(129) Phase 3: Adjust pointers 2.946ms
[19.082s][info][gc,phases,start] GC(129) Phase 4: Compact heap
[19.083s][info][gc,phases      ] GC(129) Phase 4: Compact heap 0.402ms
[19.088s][info][gc,heap        ] GC(129) Eden regions: 68->0(56)
[19.088s][info][gc,heap        ] GC(129) Survivor regions: 1->0(7)
[19.088s][info][gc,heap        ] GC(129) Old regions: 27->28
[19.088s][info][gc,heap        ] GC(129) Archive regions: 0->0
[19.088s][info][gc,heap        ] GC(129) Humongous regions: 0->0
[19.088s][info][gc,metaspace   ] GC(129) Metaspace: 12052K(12288K)->12052K(12288K) NonClass: 10423K(10560K)->10423K(10560K) Class: 1628K(1728K)->1628K(1728K)
[19.088s][info][gc             ] GC(129) Pause Full (System.gc()) 94M->25M(94M) 22.662ms
[19.089s][info][gc,cpu         ] GC(129) User=0.19s Sys=0.02s Real=0.02s
[19.254s][info][gc,start       ] GC(130) Pause Young (Normal) (G1 Evacuation Pause)
[19.254s][info][gc,task        ] GC(130) Using 7 workers of 33 for evacuation
[19.255s][info][gc,phases      ] GC(130)   Pre Evacuate Collection Set: 0.1ms
[19.255s][info][gc,phases      ] GC(130)   Merge Heap Roots: 0.1ms
[19.255s][info][gc,phases      ] GC(130)   Evacuate Collection Set: 0.8ms
[19.255s][info][gc,phases      ] GC(130)   Post Evacuate Collection Set: 0.2ms
[19.255s][info][gc,phases      ] GC(130)   Other: 0.1ms
[19.255s][info][gc,heap        ] GC(130) Eden regions: 56->0(55)
[19.255s][info][gc,heap        ] GC(130) Survivor regions: 0->1(7)
[19.255s][info][gc,heap        ] GC(130) Old regions: 28->28
[19.255s][info][gc,heap        ] GC(130) Archive regions: 0->0
[19.255s][info][gc,heap        ] GC(130) Humongous regions: 0->0
[19.255s][info][gc,metaspace   ] GC(130) Metaspace: 12067K(12288K)->12067K(12288K) NonClass: 10438K(10560K)->10438K(10560K) Class: 1628K(1728K)->1628K(1728K)
[19.255s][info][gc             ] GC(130) Pause Young (Normal) (G1 Evacuation Pause) 81M->26M(94M) 1.809ms
[19.255s][info][gc,cpu         ] GC(130) User=0.00s Sys=0.00s Real=0.00s
[19.377s][info][gc,start       ] GC(131) Pause Young (Normal) (G1 Evacuation Pause)
[19.377s][info][gc,task        ] GC(131) Using 4 workers of 33 for evacuation
[19.380s][info][gc,phases      ] GC(131)   Pre Evacuate Collection Set: 0.1ms
[19.380s][info][gc,phases      ] GC(131)   Merge Heap Roots: 0.1ms
[19.380s][info][gc,phases      ] GC(131)   Evacuate Collection Set: 2.4ms
[19.380s][info][gc,phases      ] GC(131)   Post Evacuate Collection Set: 0.2ms
[19.380s][info][gc,phases      ] GC(131)   Other: 0.1ms
[19.380s][info][gc,heap        ] GC(131) Eden regions: 55->0(54)
[19.380s][info][gc,heap        ] GC(131) Survivor regions: 1->2(7)
[19.380s][info][gc,heap        ] GC(131) Old regions: 28->28
[19.380s][info][gc,heap        ] GC(131) Archive regions: 0->0
[19.380s][info][gc,heap        ] GC(131) Humongous regions: 0->0
[19.380s][info][gc,metaspace   ] GC(131) Metaspace: 12067K(12288K)->12067K(12288K) NonClass: 10438K(10560K)->10438K(10560K) Class: 1628K(1728K)->1628K(1728K)
[19.380s][info][gc             ] GC(131) Pause Young (Normal) (G1 Evacuation Pause) 81M->27M(94M) 3.347ms
[19.380s][info][gc,cpu         ] GC(131) User=0.00s Sys=0.00s Real=0.00s
[19.419s][info][gc,heap,exit   ] Heap
[19.420s][info][gc,heap,exit   ]  garbage-first heap   total 96256K, used 41310K [0x00000000c0000000, 0x0000000100000000)
[19.420s][info][gc,heap,exit   ]   region size 1024K, 15 young (15360K), 2 survivors (2048K)
[19.420s][info][gc,heap,exit   ]  Metaspace       used 12131K, committed 12352K, reserved 1114112K
[19.420s][info][gc,heap,exit   ]   class space    used 1638K, committed 1728K, reserved 1048576K
