[0.017s][info][gc,init] CardTable entry size: 512
[0.018s][info][gc     ] Using G1
[0.026s][info][gc,init] Version: 20+36-2344 (release)
[0.026s][info][gc,init] CPUs: 48 total, 48 available
[0.026s][info][gc,init] Memory: 382G
[0.026s][info][gc,init] Large Page Support: Disabled
[0.026s][info][gc,init] NUMA Support: Disabled
[0.026s][info][gc,init] Compressed Oops: Enabled (32-bit)
[0.026s][info][gc,init] Heap Region Size: 1M
[0.026s][info][gc,init] Heap Min Capacity: 8M
[0.026s][info][gc,init] Heap Initial Capacity: 512M
[0.026s][info][gc,init] Heap Max Capacity: 512M
[0.035s][info][gc,init] Pre-touch: Disabled
[0.035s][info][gc,init] Parallel Workers: 33
[0.035s][info][gc,init] Concurrent Workers: 8
[0.035s][info][gc,init] Concurrent Refinement Workers: 33
[0.035s][info][gc,init] Periodic GC: Disabled
[0.036s][info][gc,metaspace] CDS archive(s) mapped at: [0x0000000800000000-0x0000000800c60000-0x0000000800c60000), size 12976128, SharedBaseAddress: 0x0000000800000000, ArchiveRelocationMode: 0.
[0.036s][info][gc,metaspace] Compressed class space mapped at: 0x0000000801000000-0x0000000841000000, reserved size: 1073741824
[0.036s][info][gc,metaspace] Narrow klass base: 0x0000000800000000, Narrow klass shift: 0, Narrow klass range: 0x100000000
[0.833s][info][gc,start    ] GC(0) Pause Young (Normal) (G1 Evacuation Pause)
[0.834s][info][gc,task     ] GC(0) Using 12 workers of 33 for evacuation
[0.839s][info][gc,phases   ] GC(0)   Pre Evacuate Collection Set: 0.2ms
[0.839s][info][gc,phases   ] GC(0)   Merge Heap Roots: 0.1ms
[0.839s][info][gc,phases   ] GC(0)   Evacuate Collection Set: 4.0ms
[0.839s][info][gc,phases   ] GC(0)   Post Evacuate Collection Set: 0.8ms
[0.839s][info][gc,phases   ] GC(0)   Other: 0.9ms
[0.839s][info][gc,heap     ] GC(0) Eden regions: 25->0(32)
[0.839s][info][gc,heap     ] GC(0) Survivor regions: 0->4(4)
[0.839s][info][gc,heap     ] GC(0) Old regions: 0->1
[0.839s][info][gc,heap     ] GC(0) Archive regions: 0->0
[0.839s][info][gc,heap     ] GC(0) Humongous regions: 0->0
[0.839s][info][gc,metaspace] GC(0) Metaspace: 8233K(8448K)->8233K(8448K) NonClass: 7129K(7232K)->7129K(7232K) Class: 1103K(1216K)->1103K(1216K)
[0.839s][info][gc          ] GC(0) Pause Young (Normal) (G1 Evacuation Pause) 25M->4M(512M) 6.813ms
[0.840s][info][gc,cpu      ] GC(0) User=0.00s Sys=0.00s Real=0.01s
[1.007s][info][gc,start    ] GC(1) Pause Young (Normal) (G1 Evacuation Pause)
[1.007s][info][gc,task     ] GC(1) Using 12 workers of 33 for evacuation
[1.019s][info][gc,phases   ] GC(1)   Pre Evacuate Collection Set: 0.1ms
[1.019s][info][gc,phases   ] GC(1)   Merge Heap Roots: 0.1ms
[1.019s][info][gc,phases   ] GC(1)   Evacuate Collection Set: 11.2ms
[1.019s][info][gc,phases   ] GC(1)   Post Evacuate Collection Set: 0.8ms
[1.019s][info][gc,phases   ] GC(1)   Other: 0.1ms
[1.019s][info][gc,heap     ] GC(1) Eden regions: 32->0(204)
[1.019s][info][gc,heap     ] GC(1) Survivor regions: 4->5(5)
[1.019s][info][gc,heap     ] GC(1) Old regions: 1->18
[1.019s][info][gc,heap     ] GC(1) Archive regions: 0->0
[1.019s][info][gc,heap     ] GC(1) Humongous regions: 0->0
[1.019s][info][gc,metaspace] GC(1) Metaspace: 11459K(11712K)->11459K(11712K) NonClass: 9899K(10048K)->9899K(10048K) Class: 1559K(1664K)->1559K(1664K)
[1.019s][info][gc          ] GC(1) Pause Young (Normal) (G1 Evacuation Pause) 36M->22M(512M) 12.833ms
[1.019s][info][gc,cpu      ] GC(1) User=0.17s Sys=0.02s Real=0.01s
[1.031s][info][gc,start    ] GC(2) Pause Full (System.gc())
[1.031s][info][gc,task     ] GC(2) Using 12 workers of 33 for full compaction
[1.032s][info][gc,phases,start] GC(2) Phase 1: Mark live objects
[1.046s][info][gc,phases      ] GC(2) Phase 1: Mark live objects 13.773ms
[1.046s][info][gc,phases,start] GC(2) Phase 2: Prepare compaction
[1.048s][info][gc,phases      ] GC(2) Phase 2: Prepare compaction 2.290ms
[1.048s][info][gc,phases,start] GC(2) Phase 3: Adjust pointers
[1.051s][info][gc,phases      ] GC(2) Phase 3: Adjust pointers 2.615ms
[1.051s][info][gc,phases,start] GC(2) Phase 4: Compact heap
[1.053s][info][gc,phases      ] GC(2) Phase 4: Compact heap 2.232ms
[1.059s][info][gc,heap        ] GC(2) Eden regions: 6->0(36)
[1.059s][info][gc,heap        ] GC(2) Survivor regions: 5->0(5)
[1.059s][info][gc,heap        ] GC(2) Old regions: 18->29
[1.059s][info][gc,heap        ] GC(2) Archive regions: 0->0
[1.059s][info][gc,heap        ] GC(2) Humongous regions: 0->0
[1.059s][info][gc,metaspace   ] GC(2) Metaspace: 11490K(11712K)->11490K(11712K) NonClass: 9927K(10048K)->9927K(10048K) Class: 1562K(1664K)->1562K(1664K)
[1.059s][info][gc             ] GC(2) Pause Full (System.gc()) 28M->25M(97M) 27.498ms
[1.059s][info][gc,cpu         ] GC(2) User=0.20s Sys=0.00s Real=0.03s
[1.426s][info][gc,start       ] GC(3) Pause Full (System.gc())
[1.426s][info][gc,task        ] GC(3) Using 7 workers of 33 for full compaction
[1.426s][info][gc,phases,start] GC(3) Phase 1: Mark live objects
[1.444s][info][gc,phases      ] GC(3) Phase 1: Mark live objects 17.639ms
[1.444s][info][gc,phases,start] GC(3) Phase 2: Prepare compaction
[1.446s][info][gc,phases      ] GC(3) Phase 2: Prepare compaction 2.118ms
[1.446s][info][gc,phases,start] GC(3) Phase 3: Adjust pointers
[1.449s][info][gc,phases      ] GC(3) Phase 3: Adjust pointers 2.784ms
[1.449s][info][gc,phases,start] GC(3) Phase 4: Compact heap
[1.450s][info][gc,phases      ] GC(3) Phase 4: Compact heap 1.403ms
[1.453s][info][gc,heap        ] GC(3) Eden regions: 29->0(36)
[1.453s][info][gc,heap        ] GC(3) Survivor regions: 0->0(5)
[1.453s][info][gc,heap        ] GC(3) Old regions: 29->29
[1.453s][info][gc,heap        ] GC(3) Archive regions: 0->0
[1.453s][info][gc,heap        ] GC(3) Humongous regions: 0->0
[1.453s][info][gc,metaspace   ] GC(3) Metaspace: 11857K(12096K)->11857K(12096K) NonClass: 10232K(10368K)->10232K(10368K) Class: 1624K(1728K)->1624K(1728K)
[1.453s][info][gc             ] GC(3) Pause Full (System.gc()) 54M->25M(97M) 27.527ms
[1.453s][info][gc,cpu         ] GC(3) User=0.19s Sys=0.02s Real=0.03s
[1.702s][info][gc,start       ] GC(4) Pause Full (System.gc())
[1.702s][info][gc,task        ] GC(4) Using 4 workers of 33 for full compaction
[1.703s][info][gc,phases,start] GC(4) Phase 1: Mark live objects
[1.725s][info][gc,phases      ] GC(4) Phase 1: Mark live objects 22.193ms
[1.725s][info][gc,phases,start] GC(4) Phase 2: Prepare compaction
[1.728s][info][gc,phases      ] GC(4) Phase 2: Prepare compaction 3.302ms
[1.728s][info][gc,phases,start] GC(4) Phase 3: Adjust pointers
[1.735s][info][gc,phases      ] GC(4) Phase 3: Adjust pointers 6.885ms
[1.735s][info][gc,phases,start] GC(4) Phase 4: Compact heap
[1.736s][info][gc,phases      ] GC(4) Phase 4: Compact heap 0.738ms
[1.738s][info][gc,heap        ] GC(4) Eden regions: 30->0(34)
[1.738s][info][gc,heap        ] GC(4) Survivor regions: 0->0(5)
[1.738s][info][gc,heap        ] GC(4) Old regions: 29->28
[1.738s][info][gc,heap        ] GC(4) Archive regions: 0->0
[1.738s][info][gc,heap        ] GC(4) Humongous regions: 0->0
[1.738s][info][gc,metaspace   ] GC(4) Metaspace: 11860K(12096K)->11860K(12096K) NonClass: 10235K(10368K)->10235K(10368K) Class: 1624K(1728K)->1624K(1728K)
[1.738s][info][gc             ] GC(4) Pause Full (System.gc()) 55M->25M(94M) 36.112ms
[1.738s][info][gc,cpu         ] GC(4) User=0.13s Sys=0.00s Real=0.03s
[2.015s][info][gc,start       ] GC(5) Pause Full (System.gc())
[2.015s][info][gc,task        ] GC(5) Using 3 workers of 33 for full compaction
[2.015s][info][gc,phases,start] GC(5) Phase 1: Mark live objects
[2.036s][info][gc,phases      ] GC(5) Phase 1: Mark live objects 20.969ms
[2.036s][info][gc,phases,start] GC(5) Phase 2: Prepare compaction
[2.041s][info][gc,phases      ] GC(5) Phase 2: Prepare compaction 4.416ms
[2.041s][info][gc,phases,start] GC(5) Phase 3: Adjust pointers
[2.050s][info][gc,phases      ] GC(5) Phase 3: Adjust pointers 8.999ms
[2.050s][info][gc,phases,start] GC(5) Phase 4: Compact heap
[2.051s][info][gc,phases      ] GC(5) Phase 4: Compact heap 0.948ms
[2.053s][info][gc,heap        ] GC(5) Eden regions: 31->0(34)
[2.053s][info][gc,heap        ] GC(5) Survivor regions: 0->0(5)
[2.053s][info][gc,heap        ] GC(5) Old regions: 28->28
[2.053s][info][gc,heap        ] GC(5) Archive regions: 0->0
[2.053s][info][gc,heap        ] GC(5) Humongous regions: 0->0
[2.053s][info][gc,metaspace   ] GC(5) Metaspace: 11885K(12096K)->11885K(12096K) NonClass: 10260K(10368K)->10260K(10368K) Class: 1624K(1728K)->1624K(1728K)
[2.053s][info][gc             ] GC(5) Pause Full (System.gc()) 55M->25M(94M) 38.310ms
[2.053s][info][gc,cpu         ] GC(5) User=0.05s Sys=0.00s Real=0.03s
[2.242s][info][gc,start       ] GC(6) Pause Young (Normal) (G1 Evacuation Pause)
[2.242s][info][gc,task        ] GC(6) Using 2 workers of 33 for evacuation
[2.245s][info][gc,phases      ] GC(6)   Pre Evacuate Collection Set: 0.1ms
[2.245s][info][gc,phases      ] GC(6)   Merge Heap Roots: 0.1ms
[2.245s][info][gc,phases      ] GC(6)   Evacuate Collection Set: 2.1ms
[2.245s][info][gc,phases      ] GC(6)   Post Evacuate Collection Set: 0.2ms
[2.245s][info][gc,phases      ] GC(6)   Other: 0.1ms
[2.245s][info][gc,heap        ] GC(6) Eden regions: 34->0(42)
[2.245s][info][gc,heap        ] GC(6) Survivor regions: 0->2(5)
[2.245s][info][gc,heap        ] GC(6) Old regions: 28->28
[2.245s][info][gc,heap        ] GC(6) Archive regions: 0->0
[2.245s][info][gc,heap        ] GC(6) Humongous regions: 0->0
[2.245s][info][gc,metaspace   ] GC(6) Metaspace: 11931K(12160K)->11931K(12160K) NonClass: 10306K(10432K)->10306K(10432K) Class: 1625K(1728K)->1625K(1728K)
[2.245s][info][gc             ] GC(6) Pause Young (Normal) (G1 Evacuation Pause) 59M->27M(94M) 2.987ms
[2.245s][info][gc,cpu         ] GC(6) User=0.03s Sys=0.00s Real=0.02s
[2.310s][info][gc,start       ] GC(7) Pause Full (System.gc())
[2.310s][info][gc,task        ] GC(7) Using 2 workers of 33 for full compaction
[2.310s][info][gc,phases,start] GC(7) Phase 1: Mark live objects
[2.345s][info][gc,phases      ] GC(7) Phase 1: Mark live objects 35.033ms
[2.345s][info][gc,phases,start] GC(7) Phase 2: Prepare compaction
[2.348s][info][gc,phases      ] GC(7) Phase 2: Prepare compaction 3.505ms
[2.348s][info][gc,phases,start] GC(7) Phase 3: Adjust pointers
[2.361s][info][gc,phases      ] GC(7) Phase 3: Adjust pointers 12.510ms
[2.361s][info][gc,phases,start] GC(7) Phase 4: Compact heap
[2.362s][info][gc,phases      ] GC(7) Phase 4: Compact heap 0.690ms
[2.364s][info][gc,heap        ] GC(7) Eden regions: 27->0(41)
[2.364s][info][gc,heap        ] GC(7) Survivor regions: 2->0(5)
[2.364s][info][gc,heap        ] GC(7) Old regions: 28->27
[2.364s][info][gc,heap        ] GC(7) Archive regions: 0->0
[2.364s][info][gc,heap        ] GC(7) Humongous regions: 0->0
[2.364s][info][gc,metaspace   ] GC(7) Metaspace: 11934K(12160K)->11934K(12160K) NonClass: 10308K(10432K)->10308K(10432K) Class: 1625K(1728K)->1625K(1728K)
[2.364s][info][gc             ] GC(7) Pause Full (System.gc()) 53M->25M(90M) 54.392ms
[2.364s][info][gc,cpu         ] GC(7) User=0.11s Sys=0.00s Real=0.06s
[2.481s][info][gc,start       ] GC(8) Pause Young (Normal) (G1 Evacuation Pause)
[2.481s][info][gc,task        ] GC(8) Using 2 workers of 33 for evacuation
[2.482s][info][gc,phases      ] GC(8)   Pre Evacuate Collection Set: 0.1ms
[2.482s][info][gc,phases      ] GC(8)   Merge Heap Roots: 0.1ms
[2.482s][info][gc,phases      ] GC(8)   Evacuate Collection Set: 0.2ms
[2.482s][info][gc,phases      ] GC(8)   Post Evacuate Collection Set: 0.2ms
[2.482s][info][gc,phases      ] GC(8)   Other: 0.1ms
[2.482s][info][gc,heap        ] GC(8) Eden regions: 41->0(45)
[2.482s][info][gc,heap        ] GC(8) Survivor regions: 0->1(6)
[2.482s][info][gc,heap        ] GC(8) Old regions: 27->27
[2.482s][info][gc,heap        ] GC(8) Archive regions: 0->0
[2.482s][info][gc,heap        ] GC(8) Humongous regions: 0->0
[2.482s][info][gc,metaspace   ] GC(8) Metaspace: 11934K(12160K)->11934K(12160K) NonClass: 10309K(10432K)->10309K(10432K) Class: 1625K(1728K)->1625K(1728K)
[2.482s][info][gc             ] GC(8) Pause Young (Normal) (G1 Evacuation Pause) 66M->26M(90M) 1.073ms
[2.482s][info][gc,cpu         ] GC(8) User=0.00s Sys=0.00s Real=0.00s
[2.584s][info][gc,start       ] GC(9) Pause Young (Normal) (G1 Evacuation Pause)
[2.584s][info][gc,task        ] GC(9) Using 2 workers of 33 for evacuation
[2.586s][info][gc,phases      ] GC(9)   Pre Evacuate Collection Set: 0.1ms
[2.586s][info][gc,phases      ] GC(9)   Merge Heap Roots: 0.1ms
[2.586s][info][gc,phases      ] GC(9)   Evacuate Collection Set: 1.2ms
[2.586s][info][gc,phases      ] GC(9)   Post Evacuate Collection Set: 0.2ms
[2.586s][info][gc,phases      ] GC(9)   Other: 0.1ms
[2.586s][info][gc,heap        ] GC(9) Eden regions: 45->0(49)
[2.586s][info][gc,heap        ] GC(9) Survivor regions: 1->1(6)
[2.586s][info][gc,heap        ] GC(9) Old regions: 27->27
[2.586s][info][gc,heap        ] GC(9) Archive regions: 0->0
[2.586s][info][gc,heap        ] GC(9) Humongous regions: 0->0
[2.586s][info][gc,metaspace   ] GC(9) Metaspace: 11934K(12160K)->11934K(12160K) NonClass: 10309K(10432K)->10309K(10432K) Class: 1625K(1728K)->1625K(1728K)
[2.586s][info][gc             ] GC(9) Pause Young (Normal) (G1 Evacuation Pause) 71M->26M(90M) 2.140ms
[2.586s][info][gc,cpu         ] GC(9) User=0.00s Sys=0.00s Real=0.00s
[2.669s][info][gc,start       ] GC(10) Pause Full (System.gc())
[2.669s][info][gc,task        ] GC(10) Using 2 workers of 33 for full compaction
[2.669s][info][gc,phases,start] GC(10) Phase 1: Mark live objects
[2.703s][info][gc,phases      ] GC(10) Phase 1: Mark live objects 33.946ms
[2.703s][info][gc,phases,start] GC(10) Phase 2: Prepare compaction
[2.707s][info][gc,phases      ] GC(10) Phase 2: Prepare compaction 3.397ms
[2.707s][info][gc,phases,start] GC(10) Phase 3: Adjust pointers
[2.720s][info][gc,phases      ] GC(10) Phase 3: Adjust pointers 13.005ms
[2.720s][info][gc,phases,start] GC(10) Phase 4: Compact heap
[2.720s][info][gc,phases      ] GC(10) Phase 4: Compact heap 0.365ms
[2.722s][info][gc,heap        ] GC(10) Eden regions: 36->0(50)
[2.722s][info][gc,heap        ] GC(10) Survivor regions: 1->0(6)
[2.722s][info][gc,heap        ] GC(10) Old regions: 27->27
[2.722s][info][gc,heap        ] GC(10) Archive regions: 0->0
[2.722s][info][gc,heap        ] GC(10) Humongous regions: 0->0
[2.722s][info][gc,metaspace   ] GC(10) Metaspace: 11935K(12160K)->11935K(12160K) NonClass: 10310K(10432K)->10310K(10432K) Class: 1625K(1728K)->1625K(1728K)
[2.722s][info][gc             ] GC(10) Pause Full (System.gc()) 61M->25M(90M) 53.365ms
[2.722s][info][gc,cpu         ] GC(10) User=0.11s Sys=0.00s Real=0.06s
[2.849s][info][gc,start       ] GC(11) Pause Young (Normal) (G1 Evacuation Pause)
[2.849s][info][gc,task        ] GC(11) Using 2 workers of 33 for evacuation
[2.852s][info][gc,phases      ] GC(11)   Pre Evacuate Collection Set: 0.1ms
[2.852s][info][gc,phases      ] GC(11)   Merge Heap Roots: 0.0ms
[2.852s][info][gc,phases      ] GC(11)   Evacuate Collection Set: 2.3ms
[2.852s][info][gc,phases      ] GC(11)   Post Evacuate Collection Set: 0.2ms
[2.852s][info][gc,phases      ] GC(11)   Other: 0.1ms
[2.852s][info][gc,heap        ] GC(11) Eden regions: 50->0(51)
[2.852s][info][gc,heap        ] GC(11) Survivor regions: 0->1(7)
[2.852s][info][gc,heap        ] GC(11) Old regions: 27->27
[2.852s][info][gc,heap        ] GC(11) Archive regions: 0->0
[2.852s][info][gc,heap        ] GC(11) Humongous regions: 0->0
[2.852s][info][gc,metaspace   ] GC(11) Metaspace: 11937K(12160K)->11937K(12160K) NonClass: 10312K(10432K)->10312K(10432K) Class: 1625K(1728K)->1625K(1728K)
[2.852s][info][gc             ] GC(11) Pause Young (Normal) (G1 Evacuation Pause) 75M->26M(90M) 3.156ms
[2.852s][info][gc,cpu         ] GC(11) User=0.00s Sys=0.00s Real=0.00s
[2.982s][info][gc,start       ] GC(12) Pause Young (Normal) (G1 Evacuation Pause)
[2.982s][info][gc,task        ] GC(12) Using 2 workers of 33 for evacuation
[2.987s][info][gc,phases      ] GC(12)   Pre Evacuate Collection Set: 0.1ms
[2.987s][info][gc,phases      ] GC(12)   Merge Heap Roots: 0.1ms
[2.987s][info][gc,phases      ] GC(12)   Evacuate Collection Set: 4.6ms
[2.987s][info][gc,phases      ] GC(12)   Post Evacuate Collection Set: 0.2ms
[2.987s][info][gc,phases      ] GC(12)   Other: 0.1ms
[2.987s][info][gc,heap        ] GC(12) Eden regions: 51->0(52)
[2.987s][info][gc,heap        ] GC(12) Survivor regions: 1->2(7)
[2.987s][info][gc,heap        ] GC(12) Old regions: 27->27
[2.987s][info][gc,heap        ] GC(12) Archive regions: 0->0
[2.987s][info][gc,heap        ] GC(12) Humongous regions: 0->0
[2.987s][info][gc,metaspace   ] GC(12) Metaspace: 11937K(12160K)->11937K(12160K) NonClass: 10312K(10432K)->10312K(10432K) Class: 1625K(1728K)->1625K(1728K)
[2.988s][info][gc             ] GC(12) Pause Young (Normal) (G1 Evacuation Pause) 77M->26M(90M) 5.547ms
[2.988s][info][gc,cpu         ] GC(12) User=0.00s Sys=0.00s Real=0.00s
[3.051s][info][gc,start       ] GC(13) Pause Full (System.gc())
[3.052s][info][gc,task        ] GC(13) Using 2 workers of 33 for full compaction
[3.052s][info][gc,phases,start] GC(13) Phase 1: Mark live objects
[3.085s][info][gc,phases      ] GC(13) Phase 1: Mark live objects 33.121ms
[3.085s][info][gc,phases,start] GC(13) Phase 2: Prepare compaction
[3.088s][info][gc,phases      ] GC(13) Phase 2: Prepare compaction 3.382ms
[3.088s][info][gc,phases,start] GC(13) Phase 3: Adjust pointers
[3.096s][info][gc,phases      ] GC(13) Phase 3: Adjust pointers 7.966ms
[3.096s][info][gc,phases,start] GC(13) Phase 4: Compact heap
[3.097s][info][gc,phases      ] GC(13) Phase 4: Compact heap 0.312ms
[3.099s][info][gc,heap        ] GC(13) Eden regions: 21->0(54)
[3.099s][info][gc,heap        ] GC(13) Survivor regions: 2->0(7)
[3.099s][info][gc,heap        ] GC(13) Old regions: 27->27
[3.099s][info][gc,heap        ] GC(13) Archive regions: 0->0
[3.099s][info][gc,heap        ] GC(13) Humongous regions: 0->0
[3.099s][info][gc,metaspace   ] GC(13) Metaspace: 11937K(12160K)->11937K(12160K) NonClass: 10312K(10432K)->10312K(10432K) Class: 1625K(1728K)->1625K(1728K)
[3.099s][info][gc             ] GC(13) Pause Full (System.gc()) 47M->25M(90M) 47.487ms
[3.099s][info][gc,cpu         ] GC(13) User=0.09s Sys=0.00s Real=0.05s
[3.239s][info][gc,start       ] GC(14) Pause Young (Normal) (G1 Evacuation Pause)
[3.239s][info][gc,task        ] GC(14) Using 2 workers of 33 for evacuation
[3.245s][info][gc,phases      ] GC(14)   Pre Evacuate Collection Set: 0.1ms
[3.245s][info][gc,phases      ] GC(14)   Merge Heap Roots: 0.0ms
[3.245s][info][gc,phases      ] GC(14)   Evacuate Collection Set: 2.0ms
[3.245s][info][gc,phases      ] GC(14)   Post Evacuate Collection Set: 3.4ms
[3.245s][info][gc,phases      ] GC(14)   Other: 0.1ms
[3.245s][info][gc,heap        ] GC(14) Eden regions: 54->0(179)
[3.245s][info][gc,heap        ] GC(14) Survivor regions: 0->1(7)
[3.245s][info][gc,heap        ] GC(14) Old regions: 27->27
[3.245s][info][gc,heap        ] GC(14) Archive regions: 0->0
[3.245s][info][gc,heap        ] GC(14) Humongous regions: 0->0
[3.245s][info][gc,metaspace   ] GC(14) Metaspace: 11937K(12160K)->11937K(12160K) NonClass: 10312K(10432K)->10312K(10432K) Class: 1625K(1728K)->1625K(1728K)
[3.245s][info][gc             ] GC(14) Pause Young (Normal) (G1 Evacuation Pause) 79M->26M(301M) 6.111ms
[3.245s][info][gc,cpu         ] GC(14) User=0.00s Sys=0.02s Real=0.02s
[3.440s][info][gc,start       ] GC(15) Pause Full (System.gc())
[3.440s][info][gc,task        ] GC(15) Using 7 workers of 33 for full compaction
[3.440s][info][gc,phases,start] GC(15) Phase 1: Mark live objects
[3.457s][info][gc,phases      ] GC(15) Phase 1: Mark live objects 17.182ms
[3.458s][info][gc,phases,start] GC(15) Phase 2: Prepare compaction
[3.460s][info][gc,phases      ] GC(15) Phase 2: Prepare compaction 2.333ms
[3.460s][info][gc,phases,start] GC(15) Phase 3: Adjust pointers
[3.463s][info][gc,phases      ] GC(15) Phase 3: Adjust pointers 2.814ms
[3.463s][info][gc,phases,start] GC(15) Phase 4: Compact heap
[3.463s][info][gc,phases      ] GC(15) Phase 4: Compact heap 0.217ms
[3.466s][info][gc,heap        ] GC(15) Eden regions: 68->0(56)
[3.466s][info][gc,heap        ] GC(15) Survivor regions: 1->0(7)
[3.466s][info][gc,heap        ] GC(15) Old regions: 27->28
[3.466s][info][gc,heap        ] GC(15) Archive regions: 0->0
[3.466s][info][gc,heap        ] GC(15) Humongous regions: 0->0
[3.466s][info][gc,metaspace   ] GC(15) Metaspace: 11943K(12160K)->11943K(12160K) NonClass: 10316K(10432K)->10316K(10432K) Class: 1627K(1728K)->1627K(1728K)
[3.466s][info][gc             ] GC(15) Pause Full (System.gc()) 94M->25M(94M) 26.310ms
[3.466s][info][gc,cpu         ] GC(15) User=0.13s Sys=0.00s Real=0.03s
[3.608s][info][gc,start       ] GC(16) Pause Young (Normal) (G1 Evacuation Pause)
[3.608s][info][gc,task        ] GC(16) Using 4 workers of 33 for evacuation
[3.610s][info][gc,phases      ] GC(16)   Pre Evacuate Collection Set: 0.1ms
[3.610s][info][gc,phases      ] GC(16)   Merge Heap Roots: 0.0ms
[3.610s][info][gc,phases      ] GC(16)   Evacuate Collection Set: 1.8ms
[3.610s][info][gc,phases      ] GC(16)   Post Evacuate Collection Set: 0.2ms
[3.610s][info][gc,phases      ] GC(16)   Other: 0.1ms
[3.610s][info][gc,heap        ] GC(16) Eden regions: 56->0(55)
[3.610s][info][gc,heap        ] GC(16) Survivor regions: 0->1(7)
[3.610s][info][gc,heap        ] GC(16) Old regions: 28->28
[3.611s][info][gc,heap        ] GC(16) Archive regions: 0->0
[3.611s][info][gc,heap        ] GC(16) Humongous regions: 0->0
[3.611s][info][gc,metaspace   ] GC(16) Metaspace: 11945K(12160K)->11945K(12160K) NonClass: 10318K(10432K)->10318K(10432K) Class: 1627K(1728K)->1627K(1728K)
[3.611s][info][gc             ] GC(16) Pause Young (Normal) (G1 Evacuation Pause) 81M->26M(94M) 2.655ms
[3.611s][info][gc,cpu         ] GC(16) User=0.06s Sys=0.00s Real=0.02s
[3.734s][info][gc,start       ] GC(17) Pause Young (Normal) (G1 Evacuation Pause)
[3.734s][info][gc,task        ] GC(17) Using 3 workers of 33 for evacuation
[3.738s][info][gc,phases      ] GC(17)   Pre Evacuate Collection Set: 0.1ms
[3.738s][info][gc,phases      ] GC(17)   Merge Heap Roots: 0.1ms
[3.738s][info][gc,phases      ] GC(17)   Evacuate Collection Set: 4.1ms
[3.738s][info][gc,phases      ] GC(17)   Post Evacuate Collection Set: 0.2ms
[3.738s][info][gc,phases      ] GC(17)   Other: 0.1ms
[3.738s][info][gc,heap        ] GC(17) Eden regions: 55->0(54)
[3.738s][info][gc,heap        ] GC(17) Survivor regions: 1->2(7)
[3.738s][info][gc,heap        ] GC(17) Old regions: 28->28
[3.738s][info][gc,heap        ] GC(17) Archive regions: 0->0
[3.738s][info][gc,heap        ] GC(17) Humongous regions: 0->0
[3.738s][info][gc,metaspace   ] GC(17) Metaspace: 11947K(12160K)->11947K(12160K) NonClass: 10320K(10432K)->10320K(10432K) Class: 1627K(1728K)->1627K(1728K)
[3.739s][info][gc             ] GC(17) Pause Young (Normal) (G1 Evacuation Pause) 81M->27M(94M) 4.929ms
[3.739s][info][gc,cpu         ] GC(17) User=0.05s Sys=0.00s Real=0.02s
[3.770s][info][gc,start       ] GC(18) Pause Full (System.gc())
[3.770s][info][gc,task        ] GC(18) Using 2 workers of 33 for full compaction
[3.770s][info][gc,phases,start] GC(18) Phase 1: Mark live objects
[3.806s][info][gc,phases      ] GC(18) Phase 1: Mark live objects 36.104ms
[3.806s][info][gc,phases,start] GC(18) Phase 2: Prepare compaction
[3.809s][info][gc,phases      ] GC(18) Phase 2: Prepare compaction 3.415ms
[3.809s][info][gc,phases,start] GC(18) Phase 3: Adjust pointers
[3.817s][info][gc,phases      ] GC(18) Phase 3: Adjust pointers 7.637ms
[3.817s][info][gc,phases,start] GC(18) Phase 4: Compact heap
[3.817s][info][gc,phases      ] GC(18) Phase 4: Compact heap 0.293ms
[3.819s][info][gc,heap        ] GC(18) Eden regions: 11->0(54)
[3.819s][info][gc,heap        ] GC(18) Survivor regions: 2->0(7)
[3.820s][info][gc,heap        ] GC(18) Old regions: 28->27
[3.820s][info][gc,heap        ] GC(18) Archive regions: 0->0
[3.820s][info][gc,heap        ] GC(18) Humongous regions: 0->0
[3.820s][info][gc,metaspace   ] GC(18) Metaspace: 11951K(12160K)->11951K(12160K) NonClass: 10324K(10432K)->10324K(10432K) Class: 1627K(1728K)->1627K(1728K)
[3.820s][info][gc             ] GC(18) Pause Full (System.gc()) 37M->25M(90M) 50.136ms
[3.820s][info][gc,cpu         ] GC(18) User=0.09s Sys=0.00s Real=0.05s
[3.960s][info][gc,start       ] GC(19) Pause Young (Normal) (G1 Evacuation Pause)
[3.960s][info][gc,task        ] GC(19) Using 2 workers of 33 for evacuation
[3.963s][info][gc,phases      ] GC(19)   Pre Evacuate Collection Set: 0.1ms
[3.963s][info][gc,phases      ] GC(19)   Merge Heap Roots: 0.1ms
[3.963s][info][gc,phases      ] GC(19)   Evacuate Collection Set: 1.7ms
[3.963s][info][gc,phases      ] GC(19)   Post Evacuate Collection Set: 0.2ms
[3.963s][info][gc,phases      ] GC(19)   Other: 0.1ms
[3.963s][info][gc,heap        ] GC(19) Eden regions: 54->0(53)
[3.963s][info][gc,heap        ] GC(19) Survivor regions: 0->1(7)
[3.963s][info][gc,heap        ] GC(19) Old regions: 27->27
[3.963s][info][gc,heap        ] GC(19) Archive regions: 0->0
[3.963s][info][gc,heap        ] GC(19) Humongous regions: 0->0
[3.963s][info][gc,metaspace   ] GC(19) Metaspace: 11955K(12160K)->11955K(12160K) NonClass: 10328K(10432K)->10328K(10432K) Class: 1627K(1728K)->1627K(1728K)
[3.963s][info][gc             ] GC(19) Pause Young (Normal) (G1 Evacuation Pause) 79M->26M(90M) 2.645ms
[3.963s][info][gc,cpu         ] GC(19) User=0.00s Sys=0.00s Real=0.00s
[4.080s][info][gc,start       ] GC(20) Pause Young (Normal) (G1 Evacuation Pause)
[4.080s][info][gc,task        ] GC(20) Using 2 workers of 33 for evacuation
[4.086s][info][gc,phases      ] GC(20)   Pre Evacuate Collection Set: 0.1ms
[4.086s][info][gc,phases      ] GC(20)   Merge Heap Roots: 0.1ms
[4.086s][info][gc,phases      ] GC(20)   Evacuate Collection Set: 5.4ms
[4.086s][info][gc,phases      ] GC(20)   Post Evacuate Collection Set: 0.2ms
[4.086s][info][gc,phases      ] GC(20)   Other: 0.1ms
[4.086s][info][gc,heap        ] GC(20) Eden regions: 53->0(52)
[4.086s][info][gc,heap        ] GC(20) Survivor regions: 1->2(7)
[4.086s][info][gc,heap        ] GC(20) Old regions: 27->27
[4.086s][info][gc,heap        ] GC(20) Archive regions: 0->0
[4.086s][info][gc,heap        ] GC(20) Humongous regions: 0->0
[4.086s][info][gc,metaspace   ] GC(20) Metaspace: 11955K(12160K)->11955K(12160K) NonClass: 10328K(10432K)->10328K(10432K) Class: 1627K(1728K)->1627K(1728K)
[4.086s][info][gc             ] GC(20) Pause Young (Normal) (G1 Evacuation Pause) 79M->27M(90M) 6.412ms
[4.086s][info][gc,cpu         ] GC(20) User=0.00s Sys=0.00s Real=0.00s
[4.131s][info][gc,start       ] GC(21) Pause Full (System.gc())
[4.131s][info][gc,task        ] GC(21) Using 2 workers of 33 for full compaction
[4.132s][info][gc,phases,start] GC(21) Phase 1: Mark live objects
[4.168s][info][gc,phases      ] GC(21) Phase 1: Mark live objects 35.861ms
[4.168s][info][gc,phases,start] GC(21) Phase 2: Prepare compaction
[4.171s][info][gc,phases      ] GC(21) Phase 2: Prepare compaction 3.430ms
[4.171s][info][gc,phases,start] GC(21) Phase 3: Adjust pointers
[4.184s][info][gc,phases      ] GC(21) Phase 3: Adjust pointers 13.313ms
[4.184s][info][gc,phases,start] GC(21) Phase 4: Compact heap
[4.185s][info][gc,phases      ] GC(21) Phase 4: Compact heap 0.313ms
[4.187s][info][gc,heap        ] GC(21) Eden regions: 15->0(54)
[4.187s][info][gc,heap        ] GC(21) Survivor regions: 2->0(7)
[4.187s][info][gc,heap        ] GC(21) Old regions: 27->27
[4.187s][info][gc,heap        ] GC(21) Archive regions: 0->0
[4.187s][info][gc,heap        ] GC(21) Humongous regions: 0->0
[4.187s][info][gc,metaspace   ] GC(21) Metaspace: 11955K(12160K)->11955K(12160K) NonClass: 10328K(10432K)->10328K(10432K) Class: 1627K(1728K)->1627K(1728K)
[4.187s][info][gc             ] GC(21) Pause Full (System.gc()) 41M->25M(90M) 55.637ms
[4.187s][info][gc,cpu         ] GC(21) User=0.09s Sys=0.00s Real=0.05s
[4.324s][info][gc,start       ] GC(22) Pause Young (Normal) (G1 Evacuation Pause)
[4.324s][info][gc,task        ] GC(22) Using 2 workers of 33 for evacuation
[4.327s][info][gc,phases      ] GC(22)   Pre Evacuate Collection Set: 0.1ms
[4.327s][info][gc,phases      ] GC(22)   Merge Heap Roots: 0.1ms
[4.327s][info][gc,phases      ] GC(22)   Evacuate Collection Set: 2.8ms
[4.327s][info][gc,phases      ] GC(22)   Post Evacuate Collection Set: 0.2ms
[4.327s][info][gc,phases      ] GC(22)   Other: 0.1ms
[4.327s][info][gc,heap        ] GC(22) Eden regions: 54->0(53)
[4.327s][info][gc,heap        ] GC(22) Survivor regions: 0->1(7)
[4.327s][info][gc,heap        ] GC(22) Old regions: 27->27
[4.327s][info][gc,heap        ] GC(22) Archive regions: 0->0
[4.328s][info][gc,heap        ] GC(22) Humongous regions: 0->0
[4.328s][info][gc,metaspace   ] GC(22) Metaspace: 11957K(12160K)->11957K(12160K) NonClass: 10330K(10432K)->10330K(10432K) Class: 1627K(1728K)->1627K(1728K)
[4.328s][info][gc             ] GC(22) Pause Young (Normal) (G1 Evacuation Pause) 79M->26M(90M) 3.688ms
[4.328s][info][gc,cpu         ] GC(22) User=0.00s Sys=0.00s Real=0.00s
[4.461s][info][gc,start       ] GC(23) Pause Young (Normal) (G1 Evacuation Pause)
[4.461s][info][gc,task        ] GC(23) Using 2 workers of 33 for evacuation
[4.467s][info][gc,phases      ] GC(23)   Pre Evacuate Collection Set: 0.1ms
[4.467s][info][gc,phases      ] GC(23)   Merge Heap Roots: 0.1ms
[4.467s][info][gc,phases      ] GC(23)   Evacuate Collection Set: 5.2ms
[4.467s][info][gc,phases      ] GC(23)   Post Evacuate Collection Set: 0.2ms
[4.467s][info][gc,phases      ] GC(23)   Other: 0.1ms
[4.467s][info][gc,heap        ] GC(23) Eden regions: 53->0(52)
[4.467s][info][gc,heap        ] GC(23) Survivor regions: 1->2(7)
[4.467s][info][gc,heap        ] GC(23) Old regions: 27->27
[4.467s][info][gc,heap        ] GC(23) Archive regions: 0->0
[4.467s][info][gc,heap        ] GC(23) Humongous regions: 0->0
[4.467s][info][gc,metaspace   ] GC(23) Metaspace: 11957K(12160K)->11957K(12160K) NonClass: 10330K(10432K)->10330K(10432K) Class: 1627K(1728K)->1627K(1728K)
[4.467s][info][gc             ] GC(23) Pause Young (Normal) (G1 Evacuation Pause) 79M->27M(90M) 6.112ms
[4.467s][info][gc,cpu         ] GC(23) User=0.00s Sys=0.00s Real=0.00s
[4.521s][info][gc,start       ] GC(24) Pause Full (System.gc())
[4.521s][info][gc,task        ] GC(24) Using 2 workers of 33 for full compaction
[4.521s][info][gc,phases,start] GC(24) Phase 1: Mark live objects
[4.556s][info][gc,phases      ] GC(24) Phase 1: Mark live objects 34.916ms
[4.556s][info][gc,phases,start] GC(24) Phase 2: Prepare compaction
[4.560s][info][gc,phases      ] GC(24) Phase 2: Prepare compaction 3.620ms
[4.560s][info][gc,phases,start] GC(24) Phase 3: Adjust pointers
[4.572s][info][gc,phases      ] GC(24) Phase 3: Adjust pointers 12.556ms
[4.572s][info][gc,phases,start] GC(24) Phase 4: Compact heap
[4.573s][info][gc,phases      ] GC(24) Phase 4: Compact heap 0.304ms
[4.575s][info][gc,heap        ] GC(24) Eden regions: 15->0(54)
[4.575s][info][gc,heap        ] GC(24) Survivor regions: 2->0(7)
[4.575s][info][gc,heap        ] GC(24) Old regions: 27->27
[4.575s][info][gc,heap        ] GC(24) Archive regions: 0->0
[4.575s][info][gc,heap        ] GC(24) Humongous regions: 0->0
[4.575s][info][gc,metaspace   ] GC(24) Metaspace: 11957K(12160K)->11957K(12160K) NonClass: 10330K(10432K)->10330K(10432K) Class: 1627K(1728K)->1627K(1728K)
[4.575s][info][gc             ] GC(24) Pause Full (System.gc()) 41M->25M(90M) 54.086ms
[4.575s][info][gc,cpu         ] GC(24) User=0.09s Sys=0.00s Real=0.05s
[4.716s][info][gc,start       ] GC(25) Pause Young (Normal) (G1 Evacuation Pause)
[4.716s][info][gc,task        ] GC(25) Using 2 workers of 33 for evacuation
[4.722s][info][gc,phases      ] GC(25)   Pre Evacuate Collection Set: 0.1ms
[4.722s][info][gc,phases      ] GC(25)   Merge Heap Roots: 0.1ms
[4.722s][info][gc,phases      ] GC(25)   Evacuate Collection Set: 2.8ms
[4.722s][info][gc,phases      ] GC(25)   Post Evacuate Collection Set: 3.3ms
[4.722s][info][gc,phases      ] GC(25)   Other: 0.1ms
[4.722s][info][gc,heap        ] GC(25) Eden regions: 54->0(179)
[4.722s][info][gc,heap        ] GC(25) Survivor regions: 0->1(7)
[4.722s][info][gc,heap        ] GC(25) Old regions: 27->27
[4.722s][info][gc,heap        ] GC(25) Archive regions: 0->0
[4.722s][info][gc,heap        ] GC(25) Humongous regions: 0->0
[4.723s][info][gc,metaspace   ] GC(25) Metaspace: 11958K(12160K)->11958K(12160K) NonClass: 10331K(10432K)->10331K(10432K) Class: 1627K(1728K)->1627K(1728K)
[4.723s][info][gc             ] GC(25) Pause Young (Normal) (G1 Evacuation Pause) 79M->26M(301M) 6.925ms
[4.723s][info][gc,cpu         ] GC(25) User=0.00s Sys=0.00s Real=0.00s
[4.901s][info][gc,start       ] GC(26) Pause Full (System.gc())
[4.901s][info][gc,task        ] GC(26) Using 7 workers of 33 for full compaction
[4.901s][info][gc,phases,start] GC(26) Phase 1: Mark live objects
[4.918s][info][gc,phases      ] GC(26) Phase 1: Mark live objects 16.410ms
[4.918s][info][gc,phases,start] GC(26) Phase 2: Prepare compaction
[4.920s][info][gc,phases      ] GC(26) Phase 2: Prepare compaction 2.248ms
[4.920s][info][gc,phases,start] GC(26) Phase 3: Adjust pointers
[4.923s][info][gc,phases      ] GC(26) Phase 3: Adjust pointers 3.450ms
[4.923s][info][gc,phases,start] GC(26) Phase 4: Compact heap
[4.924s][info][gc,phases      ] GC(26) Phase 4: Compact heap 0.223ms
[4.927s][info][gc,heap        ] GC(26) Eden regions: 68->0(56)
[4.927s][info][gc,heap        ] GC(26) Survivor regions: 1->0(7)
[4.927s][info][gc,heap        ] GC(26) Old regions: 27->28
[4.927s][info][gc,heap        ] GC(26) Archive regions: 0->0
[4.927s][info][gc,heap        ] GC(26) Humongous regions: 0->0
[4.927s][info][gc,metaspace   ] GC(26) Metaspace: 11959K(12160K)->11959K(12160K) NonClass: 10332K(10432K)->10332K(10432K) Class: 1627K(1728K)->1627K(1728K)
[4.927s][info][gc             ] GC(26) Pause Full (System.gc()) 93M->25M(94M) 26.404ms
[4.927s][info][gc,cpu         ] GC(26) User=0.11s Sys=0.00s Real=0.02s
[5.069s][info][gc,start       ] GC(27) Pause Young (Normal) (G1 Evacuation Pause)
[5.069s][info][gc,task        ] GC(27) Using 4 workers of 33 for evacuation
[5.071s][info][gc,phases      ] GC(27)   Pre Evacuate Collection Set: 0.1ms
[5.071s][info][gc,phases      ] GC(27)   Merge Heap Roots: 0.0ms
[5.071s][info][gc,phases      ] GC(27)   Evacuate Collection Set: 1.7ms
[5.071s][info][gc,phases      ] GC(27)   Post Evacuate Collection Set: 0.2ms
[5.072s][info][gc,phases      ] GC(27)   Other: 0.1ms
[5.072s][info][gc,heap        ] GC(27) Eden regions: 56->0(55)
[5.072s][info][gc,heap        ] GC(27) Survivor regions: 0->1(7)
[5.072s][info][gc,heap        ] GC(27) Old regions: 28->28
[5.072s][info][gc,heap        ] GC(27) Archive regions: 0->0
[5.072s][info][gc,heap        ] GC(27) Humongous regions: 0->0
[5.072s][info][gc,metaspace   ] GC(27) Metaspace: 11959K(12160K)->11959K(12160K) NonClass: 10332K(10432K)->10332K(10432K) Class: 1627K(1728K)->1627K(1728K)
[5.072s][info][gc             ] GC(27) Pause Young (Normal) (G1 Evacuation Pause) 81M->26M(94M) 2.619ms
[5.072s][info][gc,cpu         ] GC(27) User=0.06s Sys=0.00s Real=0.02s
[5.193s][info][gc,start       ] GC(28) Pause Young (Normal) (G1 Evacuation Pause)
[5.193s][info][gc,task        ] GC(28) Using 3 workers of 33 for evacuation
[5.198s][info][gc,phases      ] GC(28)   Pre Evacuate Collection Set: 0.1ms
[5.198s][info][gc,phases      ] GC(28)   Merge Heap Roots: 0.0ms
[5.198s][info][gc,phases      ] GC(28)   Evacuate Collection Set: 4.1ms
[5.198s][info][gc,phases      ] GC(28)   Post Evacuate Collection Set: 0.2ms
[5.198s][info][gc,phases      ] GC(28)   Other: 0.1ms
[5.198s][info][gc,heap        ] GC(28) Eden regions: 55->0(54)
[5.198s][info][gc,heap        ] GC(28) Survivor regions: 1->2(7)
[5.198s][info][gc,heap        ] GC(28) Old regions: 28->28
[5.198s][info][gc,heap        ] GC(28) Archive regions: 0->0
[5.198s][info][gc,heap        ] GC(28) Humongous regions: 0->0
[5.198s][info][gc,metaspace   ] GC(28) Metaspace: 11959K(12160K)->11959K(12160K) NonClass: 10332K(10432K)->10332K(10432K) Class: 1627K(1728K)->1627K(1728K)
[5.198s][info][gc             ] GC(28) Pause Young (Normal) (G1 Evacuation Pause) 81M->27M(94M) 5.059ms
[5.198s][info][gc,cpu         ] GC(28) User=0.05s Sys=0.00s Real=0.02s
[5.231s][info][gc,start       ] GC(29) Pause Full (System.gc())
[5.231s][info][gc,task        ] GC(29) Using 2 workers of 33 for full compaction
[5.231s][info][gc,phases,start] GC(29) Phase 1: Mark live objects
[5.265s][info][gc,phases      ] GC(29) Phase 1: Mark live objects 33.900ms
[5.265s][info][gc,phases,start] GC(29) Phase 2: Prepare compaction
[5.268s][info][gc,phases      ] GC(29) Phase 2: Prepare compaction 3.418ms
[5.268s][info][gc,phases,start] GC(29) Phase 3: Adjust pointers
[5.276s][info][gc,phases      ] GC(29) Phase 3: Adjust pointers 7.575ms
[5.276s][info][gc,phases,start] GC(29) Phase 4: Compact heap
[5.276s][info][gc,phases      ] GC(29) Phase 4: Compact heap 0.299ms
[5.278s][info][gc,heap        ] GC(29) Eden regions: 11->0(54)
[5.278s][info][gc,heap        ] GC(29) Survivor regions: 2->0(7)
[5.278s][info][gc,heap        ] GC(29) Old regions: 28->27
[5.278s][info][gc,heap        ] GC(29) Archive regions: 0->0
[5.278s][info][gc,heap        ] GC(29) Humongous regions: 0->0
[5.278s][info][gc,metaspace   ] GC(29) Metaspace: 11959K(12160K)->11959K(12160K) NonClass: 10332K(10432K)->10332K(10432K) Class: 1627K(1728K)->1627K(1728K)
[5.278s][info][gc             ] GC(29) Pause Full (System.gc()) 38M->25M(90M) 47.963ms
[5.279s][info][gc,cpu         ] GC(29) User=0.09s Sys=0.00s Real=0.05s
[5.418s][info][gc,start       ] GC(30) Pause Young (Normal) (G1 Evacuation Pause)
[5.419s][info][gc,task        ] GC(30) Using 2 workers of 33 for evacuation
[5.421s][info][gc,phases      ] GC(30)   Pre Evacuate Collection Set: 0.1ms
[5.421s][info][gc,phases      ] GC(30)   Merge Heap Roots: 0.1ms
[5.421s][info][gc,phases      ] GC(30)   Evacuate Collection Set: 1.7ms
[5.421s][info][gc,phases      ] GC(30)   Post Evacuate Collection Set: 0.2ms
[5.421s][info][gc,phases      ] GC(30)   Other: 0.1ms
[5.421s][info][gc,heap        ] GC(30) Eden regions: 54->0(53)
[5.421s][info][gc,heap        ] GC(30) Survivor regions: 0->1(7)
[5.421s][info][gc,heap        ] GC(30) Old regions: 27->27
[5.421s][info][gc,heap        ] GC(30) Archive regions: 0->0
[5.421s][info][gc,heap        ] GC(30) Humongous regions: 0->0
[5.421s][info][gc,metaspace   ] GC(30) Metaspace: 11959K(12160K)->11959K(12160K) NonClass: 10332K(10432K)->10332K(10432K) Class: 1627K(1728K)->1627K(1728K)
[5.421s][info][gc             ] GC(30) Pause Young (Normal) (G1 Evacuation Pause) 79M->26M(90M) 2.660ms
[5.421s][info][gc,cpu         ] GC(30) User=0.00s Sys=0.00s Real=0.00s
[5.537s][info][gc,start       ] GC(31) Pause Young (Normal) (G1 Evacuation Pause)
[5.537s][info][gc,task        ] GC(31) Using 2 workers of 33 for evacuation
[5.543s][info][gc,phases      ] GC(31)   Pre Evacuate Collection Set: 0.1ms
[5.543s][info][gc,phases      ] GC(31)   Merge Heap Roots: 0.0ms
[5.543s][info][gc,phases      ] GC(31)   Evacuate Collection Set: 5.2ms
[5.543s][info][gc,phases      ] GC(31)   Post Evacuate Collection Set: 0.2ms
[5.543s][info][gc,phases      ] GC(31)   Other: 0.1ms
[5.543s][info][gc,heap        ] GC(31) Eden regions: 53->0(52)
[5.543s][info][gc,heap        ] GC(31) Survivor regions: 1->2(7)
[5.543s][info][gc,heap        ] GC(31) Old regions: 27->27
[5.543s][info][gc,heap        ] GC(31) Archive regions: 0->0
[5.543s][info][gc,heap        ] GC(31) Humongous regions: 0->0
[5.543s][info][gc,metaspace   ] GC(31) Metaspace: 11959K(12160K)->11959K(12160K) NonClass: 10332K(10432K)->10332K(10432K) Class: 1627K(1728K)->1627K(1728K)
[5.543s][info][gc             ] GC(31) Pause Young (Normal) (G1 Evacuation Pause) 79M->27M(90M) 6.055ms
[5.543s][info][gc,cpu         ] GC(31) User=0.00s Sys=0.00s Real=0.00s
[5.585s][info][gc,start       ] GC(32) Pause Full (System.gc())
[5.585s][info][gc,task        ] GC(32) Using 2 workers of 33 for full compaction
[5.585s][info][gc,phases,start] GC(32) Phase 1: Mark live objects
[5.619s][info][gc,phases      ] GC(32) Phase 1: Mark live objects 33.881ms
[5.619s][info][gc,phases,start] GC(32) Phase 2: Prepare compaction
[5.622s][info][gc,phases      ] GC(32) Phase 2: Prepare compaction 3.380ms
[5.622s][info][gc,phases,start] GC(32) Phase 3: Adjust pointers
[5.635s][info][gc,phases      ] GC(32) Phase 3: Adjust pointers 13.037ms
[5.635s][info][gc,phases,start] GC(32) Phase 4: Compact heap
[5.636s][info][gc,phases      ] GC(32) Phase 4: Compact heap 0.297ms
[5.638s][info][gc,heap        ] GC(32) Eden regions: 15->0(54)
[5.638s][info][gc,heap        ] GC(32) Survivor regions: 2->0(7)
[5.638s][info][gc,heap        ] GC(32) Old regions: 27->27
[5.638s][info][gc,heap        ] GC(32) Archive regions: 0->0
[5.638s][info][gc,heap        ] GC(32) Humongous regions: 0->0
[5.638s][info][gc,metaspace   ] GC(32) Metaspace: 11961K(12160K)->11961K(12160K) NonClass: 10334K(10432K)->10334K(10432K) Class: 1627K(1728K)->1627K(1728K)
[5.638s][info][gc             ] GC(32) Pause Full (System.gc()) 41M->25M(90M) 53.286ms
[5.638s][info][gc,cpu         ] GC(32) User=0.09s Sys=0.00s Real=0.05s
[5.768s][info][gc,start       ] GC(33) Pause Young (Normal) (G1 Evacuation Pause)
[5.768s][info][gc,task        ] GC(33) Using 2 workers of 33 for evacuation
[5.771s][info][gc,phases      ] GC(33)   Pre Evacuate Collection Set: 0.1ms
[5.771s][info][gc,phases      ] GC(33)   Merge Heap Roots: 0.0ms
[5.771s][info][gc,phases      ] GC(33)   Evacuate Collection Set: 2.8ms
[5.771s][info][gc,phases      ] GC(33)   Post Evacuate Collection Set: 0.3ms
[5.771s][info][gc,phases      ] GC(33)   Other: 0.1ms
[5.771s][info][gc,heap        ] GC(33) Eden regions: 54->0(53)
[5.771s][info][gc,heap        ] GC(33) Survivor regions: 0->1(7)
[5.771s][info][gc,heap        ] GC(33) Old regions: 27->27
[5.771s][info][gc,heap        ] GC(33) Archive regions: 0->0
[5.772s][info][gc,heap        ] GC(33) Humongous regions: 0->0
[5.772s][info][gc,metaspace   ] GC(33) Metaspace: 11977K(12224K)->11977K(12224K) NonClass: 10350K(10496K)->10350K(10496K) Class: 1627K(1728K)->1627K(1728K)
[5.772s][info][gc             ] GC(33) Pause Young (Normal) (G1 Evacuation Pause) 79M->26M(90M) 3.820ms
[5.772s][info][gc,cpu         ] GC(33) User=0.00s Sys=0.00s Real=0.01s
[5.903s][info][gc,start       ] GC(34) Pause Young (Normal) (G1 Evacuation Pause)
[5.904s][info][gc,task        ] GC(34) Using 2 workers of 33 for evacuation
[5.909s][info][gc,phases      ] GC(34)   Pre Evacuate Collection Set: 0.1ms
[5.909s][info][gc,phases      ] GC(34)   Merge Heap Roots: 0.0ms
[5.909s][info][gc,phases      ] GC(34)   Evacuate Collection Set: 5.3ms
[5.909s][info][gc,phases      ] GC(34)   Post Evacuate Collection Set: 0.3ms
[5.909s][info][gc,phases      ] GC(34)   Other: 0.1ms
[5.910s][info][gc,heap        ] GC(34) Eden regions: 53->0(52)
[5.910s][info][gc,heap        ] GC(34) Survivor regions: 1->2(7)
[5.910s][info][gc,heap        ] GC(34) Old regions: 27->27
[5.910s][info][gc,heap        ] GC(34) Archive regions: 0->0
[5.910s][info][gc,heap        ] GC(34) Humongous regions: 0->0
[5.910s][info][gc,metaspace   ] GC(34) Metaspace: 11977K(12224K)->11977K(12224K) NonClass: 10350K(10496K)->10350K(10496K) Class: 1627K(1728K)->1627K(1728K)
[5.910s][info][gc             ] GC(34) Pause Young (Normal) (G1 Evacuation Pause) 79M->27M(90M) 6.311ms
[5.910s][info][gc,cpu         ] GC(34) User=0.03s Sys=0.00s Real=0.02s
[5.956s][info][gc,start       ] GC(35) Pause Full (System.gc())
[5.957s][info][gc,task        ] GC(35) Using 2 workers of 33 for full compaction
[5.957s][info][gc,phases,start] GC(35) Phase 1: Mark live objects
[5.988s][info][gc,phases      ] GC(35) Phase 1: Mark live objects 31.598ms
[5.988s][info][gc,phases,start] GC(35) Phase 2: Prepare compaction
[5.993s][info][gc,phases      ] GC(35) Phase 2: Prepare compaction 4.580ms
[5.993s][info][gc,phases,start] GC(35) Phase 3: Adjust pointers
[6.002s][info][gc,phases      ] GC(35) Phase 3: Adjust pointers 8.502ms
[6.002s][info][gc,phases,start] GC(35) Phase 4: Compact heap
[6.002s][info][gc,phases      ] GC(35) Phase 4: Compact heap 0.305ms
[6.004s][info][gc,heap        ] GC(35) Eden regions: 15->0(54)
[6.004s][info][gc,heap        ] GC(35) Survivor regions: 2->0(7)
[6.004s][info][gc,heap        ] GC(35) Old regions: 27->27
[6.004s][info][gc,heap        ] GC(35) Archive regions: 0->0
[6.004s][info][gc,heap        ] GC(35) Humongous regions: 0->0
[6.004s][info][gc,metaspace   ] GC(35) Metaspace: 11978K(12224K)->11978K(12224K) NonClass: 10351K(10496K)->10351K(10496K) Class: 1627K(1728K)->1627K(1728K)
[6.004s][info][gc             ] GC(35) Pause Full (System.gc()) 41M->25M(90M) 47.883ms
[6.004s][info][gc,cpu         ] GC(35) User=0.09s Sys=0.00s Real=0.04s
[6.142s][info][gc,start       ] GC(36) Pause Young (Normal) (G1 Evacuation Pause)
[6.142s][info][gc,task        ] GC(36) Using 2 workers of 33 for evacuation
[6.147s][info][gc,phases      ] GC(36)   Pre Evacuate Collection Set: 0.1ms
[6.147s][info][gc,phases      ] GC(36)   Merge Heap Roots: 0.1ms
[6.147s][info][gc,phases      ] GC(36)   Evacuate Collection Set: 1.8ms
[6.147s][info][gc,phases      ] GC(36)   Post Evacuate Collection Set: 3.3ms
[6.147s][info][gc,phases      ] GC(36)   Other: 0.1ms
[6.147s][info][gc,heap        ] GC(36) Eden regions: 54->0(179)
[6.147s][info][gc,heap        ] GC(36) Survivor regions: 0->1(7)
[6.147s][info][gc,heap        ] GC(36) Old regions: 27->27
[6.147s][info][gc,heap        ] GC(36) Archive regions: 0->0
[6.147s][info][gc,heap        ] GC(36) Humongous regions: 0->0
[6.147s][info][gc,metaspace   ] GC(36) Metaspace: 11981K(12224K)->11981K(12224K) NonClass: 10354K(10496K)->10354K(10496K) Class: 1627K(1728K)->1627K(1728K)
[6.148s][info][gc             ] GC(36) Pause Young (Normal) (G1 Evacuation Pause) 79M->26M(301M) 5.785ms
[6.148s][info][gc,cpu         ] GC(36) User=0.03s Sys=0.00s Real=0.02s
[6.326s][info][gc,start       ] GC(37) Pause Full (System.gc())
[6.326s][info][gc,task        ] GC(37) Using 7 workers of 33 for full compaction
[6.326s][info][gc,phases,start] GC(37) Phase 1: Mark live objects
[6.341s][info][gc,phases      ] GC(37) Phase 1: Mark live objects 14.960ms
[6.341s][info][gc,phases,start] GC(37) Phase 2: Prepare compaction
[6.344s][info][gc,phases      ] GC(37) Phase 2: Prepare compaction 2.381ms
[6.344s][info][gc,phases,start] GC(37) Phase 3: Adjust pointers
[6.346s][info][gc,phases      ] GC(37) Phase 3: Adjust pointers 2.860ms
[6.346s][info][gc,phases,start] GC(37) Phase 4: Compact heap
[6.347s][info][gc,phases      ] GC(37) Phase 4: Compact heap 0.234ms
[6.350s][info][gc,heap        ] GC(37) Eden regions: 68->0(56)
[6.350s][info][gc,heap        ] GC(37) Survivor regions: 1->0(7)
[6.350s][info][gc,heap        ] GC(37) Old regions: 27->28
[6.350s][info][gc,heap        ] GC(37) Archive regions: 0->0
[6.350s][info][gc,heap        ] GC(37) Humongous regions: 0->0
[6.350s][info][gc,metaspace   ] GC(37) Metaspace: 11983K(12224K)->11983K(12224K) NonClass: 10356K(10496K)->10356K(10496K) Class: 1627K(1728K)->1627K(1728K)
[6.350s][info][gc             ] GC(37) Pause Full (System.gc()) 94M->25M(94M) 24.605ms
[6.350s][info][gc,cpu         ] GC(37) User=0.22s Sys=0.00s Real=0.03s
[6.496s][info][gc,start       ] GC(38) Pause Young (Normal) (G1 Evacuation Pause)
[6.496s][info][gc,task        ] GC(38) Using 4 workers of 33 for evacuation
[6.498s][info][gc,phases      ] GC(38)   Pre Evacuate Collection Set: 0.1ms
[6.498s][info][gc,phases      ] GC(38)   Merge Heap Roots: 0.0ms
[6.498s][info][gc,phases      ] GC(38)   Evacuate Collection Set: 1.3ms
[6.498s][info][gc,phases      ] GC(38)   Post Evacuate Collection Set: 0.2ms
[6.498s][info][gc,phases      ] GC(38)   Other: 0.1ms
[6.498s][info][gc,heap        ] GC(38) Eden regions: 56->0(55)
[6.498s][info][gc,heap        ] GC(38) Survivor regions: 0->1(7)
[6.498s][info][gc,heap        ] GC(38) Old regions: 28->28
[6.498s][info][gc,heap        ] GC(38) Archive regions: 0->0
[6.498s][info][gc,heap        ] GC(38) Humongous regions: 0->0
[6.498s][info][gc,metaspace   ] GC(38) Metaspace: 11989K(12224K)->11989K(12224K) NonClass: 10362K(10496K)->10362K(10496K) Class: 1627K(1728K)->1627K(1728K)
[6.498s][info][gc             ] GC(38) Pause Young (Normal) (G1 Evacuation Pause) 81M->26M(94M) 2.199ms
[6.498s][info][gc,cpu         ] GC(38) User=0.00s Sys=0.00s Real=0.00s
[6.633s][info][gc,start       ] GC(39) Pause Young (Normal) (G1 Evacuation Pause)
[6.633s][info][gc,task        ] GC(39) Using 3 workers of 33 for evacuation
[6.638s][info][gc,phases      ] GC(39)   Pre Evacuate Collection Set: 0.1ms
[6.638s][info][gc,phases      ] GC(39)   Merge Heap Roots: 0.1ms
[6.638s][info][gc,phases      ] GC(39)   Evacuate Collection Set: 4.0ms
[6.638s][info][gc,phases      ] GC(39)   Post Evacuate Collection Set: 0.2ms
[6.638s][info][gc,phases      ] GC(39)   Other: 0.1ms
[6.638s][info][gc,heap        ] GC(39) Eden regions: 55->0(54)
[6.638s][info][gc,heap        ] GC(39) Survivor regions: 1->2(7)
[6.638s][info][gc,heap        ] GC(39) Old regions: 28->28
[6.638s][info][gc,heap        ] GC(39) Archive regions: 0->0
[6.638s][info][gc,heap        ] GC(39) Humongous regions: 0->0
[6.638s][info][gc,metaspace   ] GC(39) Metaspace: 11989K(12224K)->11989K(12224K) NonClass: 10362K(10496K)->10362K(10496K) Class: 1627K(1728K)->1627K(1728K)
[6.638s][info][gc             ] GC(39) Pause Young (Normal) (G1 Evacuation Pause) 81M->27M(94M) 4.884ms
[6.638s][info][gc,cpu         ] GC(39) User=0.00s Sys=0.00s Real=0.00s
[6.670s][info][gc,start       ] GC(40) Pause Full (System.gc())
[6.671s][info][gc,task        ] GC(40) Using 2 workers of 33 for full compaction
[6.671s][info][gc,phases,start] GC(40) Phase 1: Mark live objects
[6.706s][info][gc,phases      ] GC(40) Phase 1: Mark live objects 35.106ms
[6.706s][info][gc,phases,start] GC(40) Phase 2: Prepare compaction
[6.709s][info][gc,phases      ] GC(40) Phase 2: Prepare compaction 3.336ms
[6.709s][info][gc,phases,start] GC(40) Phase 3: Adjust pointers
[6.722s][info][gc,phases      ] GC(40) Phase 3: Adjust pointers 12.684ms
[6.722s][info][gc,phases,start] GC(40) Phase 4: Compact heap
[6.722s][info][gc,phases      ] GC(40) Phase 4: Compact heap 0.295ms
[6.724s][info][gc,heap        ] GC(40) Eden regions: 11->0(54)
[6.724s][info][gc,heap        ] GC(40) Survivor regions: 2->0(7)
[6.724s][info][gc,heap        ] GC(40) Old regions: 28->27
[6.725s][info][gc,heap        ] GC(40) Archive regions: 0->0
[6.725s][info][gc,heap        ] GC(40) Humongous regions: 0->0
[6.725s][info][gc,metaspace   ] GC(40) Metaspace: 11989K(12224K)->11989K(12224K) NonClass: 10362K(10496K)->10362K(10496K) Class: 1627K(1728K)->1627K(1728K)
[6.725s][info][gc             ] GC(40) Pause Full (System.gc()) 38M->25M(90M) 54.219ms
[6.725s][info][gc,cpu         ] GC(40) User=0.13s Sys=0.00s Real=0.06s
[6.854s][info][gc,start       ] GC(41) Pause Young (Normal) (G1 Evacuation Pause)
[6.854s][info][gc,task        ] GC(41) Using 2 workers of 33 for evacuation
[6.857s][info][gc,phases      ] GC(41)   Pre Evacuate Collection Set: 0.1ms
[6.858s][info][gc,phases      ] GC(41)   Merge Heap Roots: 0.0ms
[6.858s][info][gc,phases      ] GC(41)   Evacuate Collection Set: 2.7ms
[6.858s][info][gc,phases      ] GC(41)   Post Evacuate Collection Set: 0.2ms
[6.858s][info][gc,phases      ] GC(41)   Other: 0.1ms
[6.858s][info][gc,heap        ] GC(41) Eden regions: 54->0(53)
[6.858s][info][gc,heap        ] GC(41) Survivor regions: 0->1(7)
[6.858s][info][gc,heap        ] GC(41) Old regions: 27->27
[6.858s][info][gc,heap        ] GC(41) Archive regions: 0->0
[6.858s][info][gc,heap        ] GC(41) Humongous regions: 0->0
[6.858s][info][gc,metaspace   ] GC(41) Metaspace: 11989K(12224K)->11989K(12224K) NonClass: 10362K(10496K)->10362K(10496K) Class: 1627K(1728K)->1627K(1728K)
[6.858s][info][gc             ] GC(41) Pause Young (Normal) (G1 Evacuation Pause) 79M->26M(90M) 3.668ms
[6.858s][info][gc,cpu         ] GC(41) User=0.00s Sys=0.00s Real=0.00s
[6.974s][info][gc,start       ] GC(42) Pause Young (Normal) (G1 Evacuation Pause)
[6.974s][info][gc,task        ] GC(42) Using 2 workers of 33 for evacuation
[6.978s][info][gc,phases      ] GC(42)   Pre Evacuate Collection Set: 0.1ms
[6.978s][info][gc,phases      ] GC(42)   Merge Heap Roots: 0.1ms
[6.978s][info][gc,phases      ] GC(42)   Evacuate Collection Set: 3.3ms
[6.978s][info][gc,phases      ] GC(42)   Post Evacuate Collection Set: 0.2ms
[6.978s][info][gc,phases      ] GC(42)   Other: 0.1ms
[6.978s][info][gc,heap        ] GC(42) Eden regions: 53->0(52)
[6.978s][info][gc,heap        ] GC(42) Survivor regions: 1->2(7)
[6.978s][info][gc,heap        ] GC(42) Old regions: 27->27
[6.978s][info][gc,heap        ] GC(42) Archive regions: 0->0
[6.978s][info][gc,heap        ] GC(42) Humongous regions: 0->0
[6.978s][info][gc,metaspace   ] GC(42) Metaspace: 11990K(12224K)->11990K(12224K) NonClass: 10363K(10496K)->10363K(10496K) Class: 1627K(1728K)->1627K(1728K)
[6.979s][info][gc             ] GC(42) Pause Young (Normal) (G1 Evacuation Pause) 79M->27M(90M) 4.164ms
[6.979s][info][gc,cpu         ] GC(42) User=0.00s Sys=0.00s Real=0.00s
[7.018s][info][gc,start       ] GC(43) Pause Full (System.gc())
[7.018s][info][gc,task        ] GC(43) Using 2 workers of 33 for full compaction
[7.018s][info][gc,phases,start] GC(43) Phase 1: Mark live objects
[7.053s][info][gc,phases      ] GC(43) Phase 1: Mark live objects 34.856ms
[7.053s][info][gc,phases,start] GC(43) Phase 2: Prepare compaction
[7.056s][info][gc,phases      ] GC(43) Phase 2: Prepare compaction 3.384ms
[7.056s][info][gc,phases,start] GC(43) Phase 3: Adjust pointers
[7.070s][info][gc,phases      ] GC(43) Phase 3: Adjust pointers 13.368ms
[7.070s][info][gc,phases,start] GC(43) Phase 4: Compact heap
[7.070s][info][gc,phases      ] GC(43) Phase 4: Compact heap 0.310ms
[7.072s][info][gc,heap        ] GC(43) Eden regions: 15->0(54)
[7.072s][info][gc,heap        ] GC(43) Survivor regions: 2->0(7)
[7.072s][info][gc,heap        ] GC(43) Old regions: 27->27
[7.072s][info][gc,heap        ] GC(43) Archive regions: 0->0
[7.072s][info][gc,heap        ] GC(43) Humongous regions: 0->0
[7.072s][info][gc,metaspace   ] GC(43) Metaspace: 11990K(12224K)->11990K(12224K) NonClass: 10363K(10496K)->10363K(10496K) Class: 1627K(1728K)->1627K(1728K)
[7.072s][info][gc             ] GC(43) Pause Full (System.gc()) 41M->25M(90M) 54.685ms
[7.072s][info][gc,cpu         ] GC(43) User=0.09s Sys=0.00s Real=0.05s
[7.211s][info][gc,start       ] GC(44) Pause Young (Normal) (G1 Evacuation Pause)
[7.211s][info][gc,task        ] GC(44) Using 2 workers of 33 for evacuation
[7.215s][info][gc,phases      ] GC(44)   Pre Evacuate Collection Set: 0.1ms
[7.215s][info][gc,phases      ] GC(44)   Merge Heap Roots: 0.1ms
[7.215s][info][gc,phases      ] GC(44)   Evacuate Collection Set: 2.8ms
[7.215s][info][gc,phases      ] GC(44)   Post Evacuate Collection Set: 0.2ms
[7.215s][info][gc,phases      ] GC(44)   Other: 0.1ms
[7.215s][info][gc,heap        ] GC(44) Eden regions: 54->0(53)
[7.215s][info][gc,heap        ] GC(44) Survivor regions: 0->1(7)
[7.215s][info][gc,heap        ] GC(44) Old regions: 27->27
[7.215s][info][gc,heap        ] GC(44) Archive regions: 0->0
[7.215s][info][gc,heap        ] GC(44) Humongous regions: 0->0
[7.215s][info][gc,metaspace   ] GC(44) Metaspace: 11990K(12224K)->11990K(12224K) NonClass: 10363K(10496K)->10363K(10496K) Class: 1627K(1728K)->1627K(1728K)
[7.215s][info][gc             ] GC(44) Pause Young (Normal) (G1 Evacuation Pause) 79M->26M(90M) 3.705ms
[7.215s][info][gc,cpu         ] GC(44) User=0.00s Sys=0.00s Real=0.00s
[7.331s][info][gc,start       ] GC(45) Pause Young (Normal) (G1 Evacuation Pause)
[7.331s][info][gc,task        ] GC(45) Using 2 workers of 33 for evacuation
[7.337s][info][gc,phases      ] GC(45)   Pre Evacuate Collection Set: 0.1ms
[7.337s][info][gc,phases      ] GC(45)   Merge Heap Roots: 0.1ms
[7.337s][info][gc,phases      ] GC(45)   Evacuate Collection Set: 5.2ms
[7.337s][info][gc,phases      ] GC(45)   Post Evacuate Collection Set: 0.2ms
[7.337s][info][gc,phases      ] GC(45)   Other: 0.1ms
[7.337s][info][gc,heap        ] GC(45) Eden regions: 53->0(52)
[7.337s][info][gc,heap        ] GC(45) Survivor regions: 1->2(7)
[7.337s][info][gc,heap        ] GC(45) Old regions: 27->27
[7.337s][info][gc,heap        ] GC(45) Archive regions: 0->0
[7.337s][info][gc,heap        ] GC(45) Humongous regions: 0->0
[7.337s][info][gc,metaspace   ] GC(45) Metaspace: 11990K(12224K)->11990K(12224K) NonClass: 10363K(10496K)->10363K(10496K) Class: 1627K(1728K)->1627K(1728K)
[7.337s][info][gc             ] GC(45) Pause Young (Normal) (G1 Evacuation Pause) 79M->27M(90M) 6.081ms
[7.337s][info][gc,cpu         ] GC(45) User=0.03s Sys=0.00s Real=0.02s
[7.377s][info][gc,start       ] GC(46) Pause Full (System.gc())
[7.377s][info][gc,task        ] GC(46) Using 2 workers of 33 for full compaction
[7.377s][info][gc,phases,start] GC(46) Phase 1: Mark live objects
[7.413s][info][gc,phases      ] GC(46) Phase 1: Mark live objects 36.275ms
[7.413s][info][gc,phases,start] GC(46) Phase 2: Prepare compaction
[7.417s][info][gc,phases      ] GC(46) Phase 2: Prepare compaction 3.517ms
[7.417s][info][gc,phases,start] GC(46) Phase 3: Adjust pointers
[7.430s][info][gc,phases      ] GC(46) Phase 3: Adjust pointers 13.537ms
[7.430s][info][gc,phases,start] GC(46) Phase 4: Compact heap
[7.431s][info][gc,phases      ] GC(46) Phase 4: Compact heap 0.308ms
[7.433s][info][gc,heap        ] GC(46) Eden regions: 15->0(54)
[7.433s][info][gc,heap        ] GC(46) Survivor regions: 2->0(7)
[7.433s][info][gc,heap        ] GC(46) Old regions: 27->27
[7.433s][info][gc,heap        ] GC(46) Archive regions: 0->0
[7.433s][info][gc,heap        ] GC(46) Humongous regions: 0->0
[7.433s][info][gc,metaspace   ] GC(46) Metaspace: 11990K(12224K)->11990K(12224K) NonClass: 10363K(10496K)->10363K(10496K) Class: 1627K(1728K)->1627K(1728K)
[7.433s][info][gc             ] GC(46) Pause Full (System.gc()) 41M->25M(90M) 56.348ms
[7.433s][info][gc,cpu         ] GC(46) User=0.13s Sys=0.00s Real=0.06s
[7.570s][info][gc,start       ] GC(47) Pause Young (Normal) (G1 Evacuation Pause)
[7.570s][info][gc,task        ] GC(47) Using 2 workers of 33 for evacuation
[7.576s][info][gc,phases      ] GC(47)   Pre Evacuate Collection Set: 0.1ms
[7.576s][info][gc,phases      ] GC(47)   Merge Heap Roots: 0.1ms
[7.576s][info][gc,phases      ] GC(47)   Evacuate Collection Set: 2.8ms
[7.576s][info][gc,phases      ] GC(47)   Post Evacuate Collection Set: 3.3ms
[7.576s][info][gc,phases      ] GC(47)   Other: 0.1ms
[7.576s][info][gc,heap        ] GC(47) Eden regions: 54->0(179)
[7.576s][info][gc,heap        ] GC(47) Survivor regions: 0->1(7)
[7.576s][info][gc,heap        ] GC(47) Old regions: 27->27
[7.576s][info][gc,heap        ] GC(47) Archive regions: 0->0
[7.576s][info][gc,heap        ] GC(47) Humongous regions: 0->0
[7.576s][info][gc,metaspace   ] GC(47) Metaspace: 11991K(12224K)->11991K(12224K) NonClass: 10364K(10496K)->10364K(10496K) Class: 1627K(1728K)->1627K(1728K)
[7.576s][info][gc             ] GC(47) Pause Young (Normal) (G1 Evacuation Pause) 79M->26M(301M) 6.896ms
[7.577s][info][gc,cpu         ] GC(47) User=0.03s Sys=0.00s Real=0.02s
[7.758s][info][gc,start       ] GC(48) Pause Full (System.gc())
[7.758s][info][gc,task        ] GC(48) Using 7 workers of 33 for full compaction
[7.758s][info][gc,phases,start] GC(48) Phase 1: Mark live objects
[7.774s][info][gc,phases      ] GC(48) Phase 1: Mark live objects 15.511ms
[7.774s][info][gc,phases,start] GC(48) Phase 2: Prepare compaction
[7.776s][info][gc,phases      ] GC(48) Phase 2: Prepare compaction 2.623ms
[7.776s][info][gc,phases,start] GC(48) Phase 3: Adjust pointers
[7.780s][info][gc,phases      ] GC(48) Phase 3: Adjust pointers 3.371ms
[7.780s][info][gc,phases,start] GC(48) Phase 4: Compact heap
[7.780s][info][gc,phases      ] GC(48) Phase 4: Compact heap 0.241ms
[7.783s][info][gc,heap        ] GC(48) Eden regions: 68->0(56)
[7.783s][info][gc,heap        ] GC(48) Survivor regions: 1->0(7)
[7.783s][info][gc,heap        ] GC(48) Old regions: 27->28
[7.783s][info][gc,heap        ] GC(48) Archive regions: 0->0
[7.783s][info][gc,heap        ] GC(48) Humongous regions: 0->0
[7.783s][info][gc,metaspace   ] GC(48) Metaspace: 11991K(12224K)->11991K(12224K) NonClass: 10364K(10496K)->10364K(10496K) Class: 1627K(1728K)->1627K(1728K)
[7.783s][info][gc             ] GC(48) Pause Full (System.gc()) 93M->25M(94M) 25.491ms
[7.783s][info][gc,cpu         ] GC(48) User=0.17s Sys=0.00s Real=0.03s
[7.922s][info][gc,start       ] GC(49) Pause Young (Normal) (G1 Evacuation Pause)
[7.922s][info][gc,task        ] GC(49) Using 4 workers of 33 for evacuation
[7.924s][info][gc,phases      ] GC(49)   Pre Evacuate Collection Set: 0.1ms
[7.924s][info][gc,phases      ] GC(49)   Merge Heap Roots: 0.0ms
[7.924s][info][gc,phases      ] GC(49)   Evacuate Collection Set: 1.6ms
[7.924s][info][gc,phases      ] GC(49)   Post Evacuate Collection Set: 0.2ms
[7.924s][info][gc,phases      ] GC(49)   Other: 0.1ms
[7.924s][info][gc,heap        ] GC(49) Eden regions: 56->0(55)
[7.924s][info][gc,heap        ] GC(49) Survivor regions: 0->1(7)
[7.924s][info][gc,heap        ] GC(49) Old regions: 28->28
[7.924s][info][gc,heap        ] GC(49) Archive regions: 0->0
[7.924s][info][gc,heap        ] GC(49) Humongous regions: 0->0
[7.924s][info][gc,metaspace   ] GC(49) Metaspace: 11991K(12224K)->11991K(12224K) NonClass: 10364K(10496K)->10364K(10496K) Class: 1627K(1728K)->1627K(1728K)
[7.924s][info][gc             ] GC(49) Pause Young (Normal) (G1 Evacuation Pause) 81M->26M(94M) 2.569ms
[7.924s][info][gc,cpu         ] GC(49) User=0.00s Sys=0.00s Real=0.00s
[8.045s][info][gc,start       ] GC(50) Pause Young (Normal) (G1 Evacuation Pause)
[8.045s][info][gc,task        ] GC(50) Using 3 workers of 33 for evacuation
[8.050s][info][gc,phases      ] GC(50)   Pre Evacuate Collection Set: 0.1ms
[8.050s][info][gc,phases      ] GC(50)   Merge Heap Roots: 0.1ms
[8.050s][info][gc,phases      ] GC(50)   Evacuate Collection Set: 4.0ms
[8.050s][info][gc,phases      ] GC(50)   Post Evacuate Collection Set: 0.2ms
[8.050s][info][gc,phases      ] GC(50)   Other: 0.1ms
[8.050s][info][gc,heap        ] GC(50) Eden regions: 55->0(54)
[8.050s][info][gc,heap        ] GC(50) Survivor regions: 1->2(7)
[8.050s][info][gc,heap        ] GC(50) Old regions: 28->28
[8.050s][info][gc,heap        ] GC(50) Archive regions: 0->0
[8.050s][info][gc,heap        ] GC(50) Humongous regions: 0->0
[8.050s][info][gc,metaspace   ] GC(50) Metaspace: 11991K(12224K)->11991K(12224K) NonClass: 10364K(10496K)->10364K(10496K) Class: 1627K(1728K)->1627K(1728K)
[8.050s][info][gc             ] GC(50) Pause Young (Normal) (G1 Evacuation Pause) 81M->27M(94M) 4.872ms
[8.050s][info][gc,cpu         ] GC(50) User=0.00s Sys=0.00s Real=0.00s
[8.081s][info][gc,start       ] GC(51) Pause Full (System.gc())
[8.081s][info][gc,task        ] GC(51) Using 2 workers of 33 for full compaction
[8.081s][info][gc,phases,start] GC(51) Phase 1: Mark live objects
[8.118s][info][gc,phases      ] GC(51) Phase 1: Mark live objects 36.776ms
[8.118s][info][gc,phases,start] GC(51) Phase 2: Prepare compaction
[8.121s][info][gc,phases      ] GC(51) Phase 2: Prepare compaction 3.383ms
[8.121s][info][gc,phases,start] GC(51) Phase 3: Adjust pointers
[8.130s][info][gc,phases      ] GC(51) Phase 3: Adjust pointers 8.503ms
[8.130s][info][gc,phases,start] GC(51) Phase 4: Compact heap
[8.130s][info][gc,phases      ] GC(51) Phase 4: Compact heap 0.274ms
[8.132s][info][gc,heap        ] GC(51) Eden regions: 11->0(54)
[8.132s][info][gc,heap        ] GC(51) Survivor regions: 2->0(7)
[8.133s][info][gc,heap        ] GC(51) Old regions: 28->27
[8.133s][info][gc,heap        ] GC(51) Archive regions: 0->0
[8.133s][info][gc,heap        ] GC(51) Humongous regions: 0->0
[8.133s][info][gc,metaspace   ] GC(51) Metaspace: 11991K(12224K)->11991K(12224K) NonClass: 10364K(10496K)->10364K(10496K) Class: 1627K(1728K)->1627K(1728K)
[8.133s][info][gc             ] GC(51) Pause Full (System.gc()) 38M->25M(90M) 51.646ms
[8.133s][info][gc,cpu         ] GC(51) User=0.09s Sys=0.00s Real=0.05s
[8.279s][info][gc,start       ] GC(52) Pause Young (Normal) (G1 Evacuation Pause)
[8.279s][info][gc,task        ] GC(52) Using 2 workers of 33 for evacuation
[8.282s][info][gc,phases      ] GC(52)   Pre Evacuate Collection Set: 0.1ms
[8.282s][info][gc,phases      ] GC(52)   Merge Heap Roots: 0.0ms
[8.282s][info][gc,phases      ] GC(52)   Evacuate Collection Set: 2.8ms
[8.282s][info][gc,phases      ] GC(52)   Post Evacuate Collection Set: 0.2ms
[8.282s][info][gc,phases      ] GC(52)   Other: 0.1ms
[8.282s][info][gc,heap        ] GC(52) Eden regions: 54->0(53)
[8.283s][info][gc,heap        ] GC(52) Survivor regions: 0->1(7)
[8.283s][info][gc,heap        ] GC(52) Old regions: 27->27
[8.283s][info][gc,heap        ] GC(52) Archive regions: 0->0
[8.283s][info][gc,heap        ] GC(52) Humongous regions: 0->0
[8.283s][info][gc,metaspace   ] GC(52) Metaspace: 11991K(12224K)->11991K(12224K) NonClass: 10364K(10496K)->10364K(10496K) Class: 1627K(1728K)->1627K(1728K)
[8.283s][info][gc             ] GC(52) Pause Young (Normal) (G1 Evacuation Pause) 79M->26M(90M) 3.823ms
[8.283s][info][gc,cpu         ] GC(52) User=0.03s Sys=0.00s Real=0.02s
[8.416s][info][gc,start       ] GC(53) Pause Young (Normal) (G1 Evacuation Pause)
[8.416s][info][gc,task        ] GC(53) Using 2 workers of 33 for evacuation
[8.422s][info][gc,phases      ] GC(53)   Pre Evacuate Collection Set: 0.1ms
[8.422s][info][gc,phases      ] GC(53)   Merge Heap Roots: 0.0ms
[8.422s][info][gc,phases      ] GC(53)   Evacuate Collection Set: 5.3ms
[8.422s][info][gc,phases      ] GC(53)   Post Evacuate Collection Set: 0.2ms
[8.422s][info][gc,phases      ] GC(53)   Other: 0.1ms
[8.422s][info][gc,heap        ] GC(53) Eden regions: 53->0(52)
[8.422s][info][gc,heap        ] GC(53) Survivor regions: 1->2(7)
[8.422s][info][gc,heap        ] GC(53) Old regions: 27->27
[8.422s][info][gc,heap        ] GC(53) Archive regions: 0->0
[8.422s][info][gc,heap        ] GC(53) Humongous regions: 0->0
[8.422s][info][gc,metaspace   ] GC(53) Metaspace: 11992K(12224K)->11992K(12224K) NonClass: 10365K(10496K)->10365K(10496K) Class: 1627K(1728K)->1627K(1728K)
[8.422s][info][gc             ] GC(53) Pause Young (Normal) (G1 Evacuation Pause) 79M->27M(90M) 6.176ms
[8.422s][info][gc,cpu         ] GC(53) User=0.00s Sys=0.00s Real=0.00s
[8.462s][info][gc,start       ] GC(54) Pause Full (System.gc())
[8.462s][info][gc,task        ] GC(54) Using 2 workers of 33 for full compaction
[8.462s][info][gc,phases,start] GC(54) Phase 1: Mark live objects
[8.499s][info][gc,phases      ] GC(54) Phase 1: Mark live objects 37.124ms
[8.499s][info][gc,phases,start] GC(54) Phase 2: Prepare compaction
[8.502s][info][gc,phases      ] GC(54) Phase 2: Prepare compaction 3.468ms
[8.503s][info][gc,phases,start] GC(54) Phase 3: Adjust pointers
[8.510s][info][gc,phases      ] GC(54) Phase 3: Adjust pointers 7.633ms
[8.510s][info][gc,phases,start] GC(54) Phase 4: Compact heap
[8.511s][info][gc,phases      ] GC(54) Phase 4: Compact heap 0.305ms
[8.513s][info][gc,heap        ] GC(54) Eden regions: 15->0(54)
[8.513s][info][gc,heap        ] GC(54) Survivor regions: 2->0(7)
[8.513s][info][gc,heap        ] GC(54) Old regions: 27->27
[8.513s][info][gc,heap        ] GC(54) Archive regions: 0->0
[8.513s][info][gc,heap        ] GC(54) Humongous regions: 0->0
[8.513s][info][gc,metaspace   ] GC(54) Metaspace: 11992K(12224K)->11992K(12224K) NonClass: 10365K(10496K)->10365K(10496K) Class: 1627K(1728K)->1627K(1728K)
[8.513s][info][gc             ] GC(54) Pause Full (System.gc()) 41M->25M(90M) 51.276ms
[8.513s][info][gc,cpu         ] GC(54) User=0.09s Sys=0.00s Real=0.05s
[8.652s][info][gc,start       ] GC(55) Pause Young (Normal) (G1 Evacuation Pause)
[8.652s][info][gc,task        ] GC(55) Using 2 workers of 33 for evacuation
[8.654s][info][gc,phases      ] GC(55)   Pre Evacuate Collection Set: 0.1ms
[8.655s][info][gc,phases      ] GC(55)   Merge Heap Roots: 0.1ms
[8.655s][info][gc,phases      ] GC(55)   Evacuate Collection Set: 1.7ms
[8.655s][info][gc,phases      ] GC(55)   Post Evacuate Collection Set: 0.2ms
[8.655s][info][gc,phases      ] GC(55)   Other: 0.1ms
[8.655s][info][gc,heap        ] GC(55) Eden regions: 54->0(53)
[8.655s][info][gc,heap        ] GC(55) Survivor regions: 0->1(7)
[8.655s][info][gc,heap        ] GC(55) Old regions: 27->27
[8.655s][info][gc,heap        ] GC(55) Archive regions: 0->0
[8.655s][info][gc,heap        ] GC(55) Humongous regions: 0->0
[8.655s][info][gc,metaspace   ] GC(55) Metaspace: 11992K(12224K)->11992K(12224K) NonClass: 10365K(10496K)->10365K(10496K) Class: 1627K(1728K)->1627K(1728K)
[8.655s][info][gc             ] GC(55) Pause Young (Normal) (G1 Evacuation Pause) 79M->26M(90M) 2.642ms
[8.655s][info][gc,cpu         ] GC(55) User=0.00s Sys=0.00s Real=0.00s
[8.780s][info][gc,start       ] GC(56) Pause Young (Normal) (G1 Evacuation Pause)
[8.780s][info][gc,task        ] GC(56) Using 2 workers of 33 for evacuation
[8.784s][info][gc,phases      ] GC(56)   Pre Evacuate Collection Set: 0.1ms
[8.784s][info][gc,phases      ] GC(56)   Merge Heap Roots: 0.1ms
[8.784s][info][gc,phases      ] GC(56)   Evacuate Collection Set: 3.3ms
[8.784s][info][gc,phases      ] GC(56)   Post Evacuate Collection Set: 0.2ms
[8.784s][info][gc,phases      ] GC(56)   Other: 0.1ms
[8.784s][info][gc,heap        ] GC(56) Eden regions: 53->0(52)
[8.784s][info][gc,heap        ] GC(56) Survivor regions: 1->2(7)
[8.784s][info][gc,heap        ] GC(56) Old regions: 27->27
[8.784s][info][gc,heap        ] GC(56) Archive regions: 0->0
[8.784s][info][gc,heap        ] GC(56) Humongous regions: 0->0
[8.784s][info][gc,metaspace   ] GC(56) Metaspace: 11992K(12224K)->11992K(12224K) NonClass: 10365K(10496K)->10365K(10496K) Class: 1627K(1728K)->1627K(1728K)
[8.785s][info][gc             ] GC(56) Pause Young (Normal) (G1 Evacuation Pause) 79M->27M(90M) 4.156ms
[8.785s][info][gc,cpu         ] GC(56) User=0.00s Sys=0.00s Real=0.00s
[8.841s][info][gc,start       ] GC(57) Pause Full (System.gc())
[8.841s][info][gc,task        ] GC(57) Using 2 workers of 33 for full compaction
[8.841s][info][gc,phases,start] GC(57) Phase 1: Mark live objects
[8.875s][info][gc,phases      ] GC(57) Phase 1: Mark live objects 33.631ms
[8.875s][info][gc,phases,start] GC(57) Phase 2: Prepare compaction
[8.878s][info][gc,phases      ] GC(57) Phase 2: Prepare compaction 3.317ms
[8.878s][info][gc,phases,start] GC(57) Phase 3: Adjust pointers
[8.892s][info][gc,phases      ] GC(57) Phase 3: Adjust pointers 13.581ms
[8.892s][info][gc,phases,start] GC(57) Phase 4: Compact heap
[8.892s][info][gc,phases      ] GC(57) Phase 4: Compact heap 0.301ms
[8.894s][info][gc,heap        ] GC(57) Eden regions: 15->0(54)
[8.894s][info][gc,heap        ] GC(57) Survivor regions: 2->0(7)
[8.894s][info][gc,heap        ] GC(57) Old regions: 27->27
[8.894s][info][gc,heap        ] GC(57) Archive regions: 0->0
[8.894s][info][gc,heap        ] GC(57) Humongous regions: 0->0
[8.894s][info][gc,metaspace   ] GC(57) Metaspace: 11992K(12224K)->11992K(12224K) NonClass: 10365K(10496K)->10365K(10496K) Class: 1627K(1728K)->1627K(1728K)
[8.894s][info][gc             ] GC(57) Pause Full (System.gc()) 41M->25M(90M) 53.518ms
[8.894s][info][gc,cpu         ] GC(57) User=0.09s Sys=0.00s Real=0.05s
[9.035s][info][gc,start       ] GC(58) Pause Young (Normal) (G1 Evacuation Pause)
[9.035s][info][gc,task        ] GC(58) Using 2 workers of 33 for evacuation
[9.040s][info][gc,phases      ] GC(58)   Pre Evacuate Collection Set: 0.1ms
[9.040s][info][gc,phases      ] GC(58)   Merge Heap Roots: 0.1ms
[9.040s][info][gc,phases      ] GC(58)   Evacuate Collection Set: 1.7ms
[9.040s][info][gc,phases      ] GC(58)   Post Evacuate Collection Set: 3.3ms
[9.040s][info][gc,phases      ] GC(58)   Other: 0.1ms
[9.040s][info][gc,heap        ] GC(58) Eden regions: 54->0(179)
[9.040s][info][gc,heap        ] GC(58) Survivor regions: 0->1(7)
[9.040s][info][gc,heap        ] GC(58) Old regions: 27->27
[9.041s][info][gc,heap        ] GC(58) Archive regions: 0->0
[9.041s][info][gc,heap        ] GC(58) Humongous regions: 0->0
[9.041s][info][gc,metaspace   ] GC(58) Metaspace: 12018K(12224K)->12018K(12224K) NonClass: 10391K(10496K)->10391K(10496K) Class: 1627K(1728K)->1627K(1728K)
[9.041s][info][gc             ] GC(58) Pause Young (Normal) (G1 Evacuation Pause) 79M->26M(301M) 5.728ms
[9.041s][info][gc,cpu         ] GC(58) User=0.00s Sys=0.00s Real=0.00s
[9.219s][info][gc,start       ] GC(59) Pause Full (System.gc())
[9.220s][info][gc,task        ] GC(59) Using 7 workers of 33 for full compaction
[9.220s][info][gc,phases,start] GC(59) Phase 1: Mark live objects
[9.236s][info][gc,phases      ] GC(59) Phase 1: Mark live objects 16.539ms
[9.237s][info][gc,phases,start] GC(59) Phase 2: Prepare compaction
[9.239s][info][gc,phases      ] GC(59) Phase 2: Prepare compaction 2.425ms
[9.239s][info][gc,phases,start] GC(59) Phase 3: Adjust pointers
[9.242s][info][gc,phases      ] GC(59) Phase 3: Adjust pointers 2.580ms
[9.242s][info][gc,phases,start] GC(59) Phase 4: Compact heap
[9.242s][info][gc,phases      ] GC(59) Phase 4: Compact heap 0.225ms
[9.245s][info][gc,heap        ] GC(59) Eden regions: 68->0(56)
[9.245s][info][gc,heap        ] GC(59) Survivor regions: 1->0(7)
[9.245s][info][gc,heap        ] GC(59) Old regions: 27->28
[9.245s][info][gc,heap        ] GC(59) Archive regions: 0->0
[9.245s][info][gc,heap        ] GC(59) Humongous regions: 0->0
[9.246s][info][gc,metaspace   ] GC(59) Metaspace: 12019K(12224K)->12019K(12224K) NonClass: 10392K(10496K)->10392K(10496K) Class: 1627K(1728K)->1627K(1728K)
[9.246s][info][gc             ] GC(59) Pause Full (System.gc()) 93M->25M(94M) 26.156ms
[9.246s][info][gc,cpu         ] GC(59) User=0.11s Sys=0.00s Real=0.02s
[9.378s][info][gc,start       ] GC(60) Pause Young (Normal) (G1 Evacuation Pause)
[9.378s][info][gc,task        ] GC(60) Using 4 workers of 33 for evacuation
[9.380s][info][gc,phases      ] GC(60)   Pre Evacuate Collection Set: 0.1ms
[9.380s][info][gc,phases      ] GC(60)   Merge Heap Roots: 0.0ms
[9.380s][info][gc,phases      ] GC(60)   Evacuate Collection Set: 1.6ms
[9.380s][info][gc,phases      ] GC(60)   Post Evacuate Collection Set: 0.2ms
[9.380s][info][gc,phases      ] GC(60)   Other: 0.1ms
[9.381s][info][gc,heap        ] GC(60) Eden regions: 56->0(55)
[9.381s][info][gc,heap        ] GC(60) Survivor regions: 0->1(7)
[9.381s][info][gc,heap        ] GC(60) Old regions: 28->28
[9.381s][info][gc,heap        ] GC(60) Archive regions: 0->0
[9.381s][info][gc,heap        ] GC(60) Humongous regions: 0->0
[9.381s][info][gc,metaspace   ] GC(60) Metaspace: 12019K(12224K)->12019K(12224K) NonClass: 10392K(10496K)->10392K(10496K) Class: 1627K(1728K)->1627K(1728K)
[9.381s][info][gc             ] GC(60) Pause Young (Normal) (G1 Evacuation Pause) 81M->26M(94M) 2.514ms
[9.381s][info][gc,cpu         ] GC(60) User=0.02s Sys=0.00s Real=0.02s
[9.504s][info][gc,start       ] GC(61) Pause Young (Normal) (G1 Evacuation Pause)
[9.504s][info][gc,task        ] GC(61) Using 3 workers of 33 for evacuation
[9.508s][info][gc,phases      ] GC(61)   Pre Evacuate Collection Set: 0.1ms
[9.508s][info][gc,phases      ] GC(61)   Merge Heap Roots: 0.1ms
[9.508s][info][gc,phases      ] GC(61)   Evacuate Collection Set: 4.1ms
[9.508s][info][gc,phases      ] GC(61)   Post Evacuate Collection Set: 0.2ms
[9.508s][info][gc,phases      ] GC(61)   Other: 0.1ms
[9.508s][info][gc,heap        ] GC(61) Eden regions: 55->0(54)
[9.508s][info][gc,heap        ] GC(61) Survivor regions: 1->2(7)
[9.508s][info][gc,heap        ] GC(61) Old regions: 28->28
[9.508s][info][gc,heap        ] GC(61) Archive regions: 0->0
[9.509s][info][gc,heap        ] GC(61) Humongous regions: 0->0
[9.509s][info][gc,metaspace   ] GC(61) Metaspace: 12019K(12224K)->12019K(12224K) NonClass: 10392K(10496K)->10392K(10496K) Class: 1627K(1728K)->1627K(1728K)
[9.509s][info][gc             ] GC(61) Pause Young (Normal) (G1 Evacuation Pause) 81M->27M(94M) 5.042ms
[9.509s][info][gc,cpu         ] GC(61) User=0.05s Sys=0.00s Real=0.02s
[9.541s][info][gc,start       ] GC(62) Pause Full (System.gc())
[9.541s][info][gc,task        ] GC(62) Using 2 workers of 33 for full compaction
[9.541s][info][gc,phases,start] GC(62) Phase 1: Mark live objects
[9.576s][info][gc,phases      ] GC(62) Phase 1: Mark live objects 34.472ms
[9.576s][info][gc,phases,start] GC(62) Phase 2: Prepare compaction
[9.579s][info][gc,phases      ] GC(62) Phase 2: Prepare compaction 3.351ms
[9.579s][info][gc,phases,start] GC(62) Phase 3: Adjust pointers
[9.592s][info][gc,phases      ] GC(62) Phase 3: Adjust pointers 13.062ms
[9.592s][info][gc,phases,start] GC(62) Phase 4: Compact heap
[9.593s][info][gc,phases      ] GC(62) Phase 4: Compact heap 0.299ms
[9.595s][info][gc,heap        ] GC(62) Eden regions: 11->0(54)
[9.595s][info][gc,heap        ] GC(62) Survivor regions: 2->0(7)
[9.595s][info][gc,heap        ] GC(62) Old regions: 28->27
[9.595s][info][gc,heap        ] GC(62) Archive regions: 0->0
[9.595s][info][gc,heap        ] GC(62) Humongous regions: 0->0
[9.595s][info][gc,metaspace   ] GC(62) Metaspace: 12019K(12224K)->12019K(12224K) NonClass: 10392K(10496K)->10392K(10496K) Class: 1627K(1728K)->1627K(1728K)
[9.595s][info][gc             ] GC(62) Pause Full (System.gc()) 38M->25M(90M) 53.981ms
[9.595s][info][gc,cpu         ] GC(62) User=0.09s Sys=0.00s Real=0.05s
[9.748s][info][gc,start       ] GC(63) Pause Young (Normal) (G1 Evacuation Pause)
[9.748s][info][gc,task        ] GC(63) Using 2 workers of 33 for evacuation
[9.751s][info][gc,phases      ] GC(63)   Pre Evacuate Collection Set: 0.1ms
[9.751s][info][gc,phases      ] GC(63)   Merge Heap Roots: 0.1ms
[9.751s][info][gc,phases      ] GC(63)   Evacuate Collection Set: 2.8ms
[9.751s][info][gc,phases      ] GC(63)   Post Evacuate Collection Set: 0.2ms
[9.751s][info][gc,phases      ] GC(63)   Other: 0.1ms
[9.751s][info][gc,heap        ] GC(63) Eden regions: 54->0(53)
[9.751s][info][gc,heap        ] GC(63) Survivor regions: 0->1(7)
[9.751s][info][gc,heap        ] GC(63) Old regions: 27->27
[9.752s][info][gc,heap        ] GC(63) Archive regions: 0->0
[9.752s][info][gc,heap        ] GC(63) Humongous regions: 0->0
[9.752s][info][gc,metaspace   ] GC(63) Metaspace: 12019K(12224K)->12019K(12224K) NonClass: 10392K(10496K)->10392K(10496K) Class: 1627K(1728K)->1627K(1728K)
[9.752s][info][gc             ] GC(63) Pause Young (Normal) (G1 Evacuation Pause) 79M->26M(90M) 3.652ms
[9.752s][info][gc,cpu         ] GC(63) User=0.00s Sys=0.00s Real=0.00s
[9.884s][info][gc,start       ] GC(64) Pause Young (Normal) (G1 Evacuation Pause)
[9.884s][info][gc,task        ] GC(64) Using 2 workers of 33 for evacuation
[9.888s][info][gc,phases      ] GC(64)   Pre Evacuate Collection Set: 0.1ms
[9.888s][info][gc,phases      ] GC(64)   Merge Heap Roots: 0.1ms
[9.888s][info][gc,phases      ] GC(64)   Evacuate Collection Set: 3.3ms
[9.888s][info][gc,phases      ] GC(64)   Post Evacuate Collection Set: 0.2ms
[9.888s][info][gc,phases      ] GC(64)   Other: 0.1ms
[9.888s][info][gc,heap        ] GC(64) Eden regions: 53->0(52)
[9.888s][info][gc,heap        ] GC(64) Survivor regions: 1->2(7)
[9.888s][info][gc,heap        ] GC(64) Old regions: 27->27
[9.888s][info][gc,heap        ] GC(64) Archive regions: 0->0
[9.888s][info][gc,heap        ] GC(64) Humongous regions: 0->0
[9.888s][info][gc,metaspace   ] GC(64) Metaspace: 12020K(12224K)->12020K(12224K) NonClass: 10393K(10496K)->10393K(10496K) Class: 1627K(1728K)->1627K(1728K)
[9.888s][info][gc             ] GC(64) Pause Young (Normal) (G1 Evacuation Pause) 79M->27M(90M) 4.125ms
[9.888s][info][gc,cpu         ] GC(64) User=0.00s Sys=0.00s Real=0.00s
[9.927s][info][gc,start       ] GC(65) Pause Full (System.gc())
[9.927s][info][gc,task        ] GC(65) Using 2 workers of 33 for full compaction
[9.927s][info][gc,phases,start] GC(65) Phase 1: Mark live objects
[9.962s][info][gc,phases      ] GC(65) Phase 1: Mark live objects 35.139ms
[9.962s][info][gc,phases,start] GC(65) Phase 2: Prepare compaction
[9.966s][info][gc,phases      ] GC(65) Phase 2: Prepare compaction 3.273ms
[9.966s][info][gc,phases,start] GC(65) Phase 3: Adjust pointers
[9.979s][info][gc,phases      ] GC(65) Phase 3: Adjust pointers 12.912ms
[9.979s][info][gc,phases,start] GC(65) Phase 4: Compact heap
[9.979s][info][gc,phases      ] GC(65) Phase 4: Compact heap 0.304ms
[9.981s][info][gc,heap        ] GC(65) Eden regions: 15->0(54)
[9.981s][info][gc,heap        ] GC(65) Survivor regions: 2->0(7)
[9.981s][info][gc,heap        ] GC(65) Old regions: 27->27
[9.981s][info][gc,heap        ] GC(65) Archive regions: 0->0
[9.981s][info][gc,heap        ] GC(65) Humongous regions: 0->0
[9.981s][info][gc,metaspace   ] GC(65) Metaspace: 12020K(12224K)->12020K(12224K) NonClass: 10393K(10496K)->10393K(10496K) Class: 1627K(1728K)->1627K(1728K)
[9.981s][info][gc             ] GC(65) Pause Full (System.gc()) 41M->25M(90M) 54.369ms
[9.981s][info][gc,cpu         ] GC(65) User=0.13s Sys=0.00s Real=0.06s
[10.121s][info][gc,start       ] GC(66) Pause Young (Normal) (G1 Evacuation Pause)
[10.121s][info][gc,task        ] GC(66) Using 2 workers of 33 for evacuation
[10.124s][info][gc,phases      ] GC(66)   Pre Evacuate Collection Set: 0.1ms
[10.124s][info][gc,phases      ] GC(66)   Merge Heap Roots: 0.1ms
[10.124s][info][gc,phases      ] GC(66)   Evacuate Collection Set: 2.8ms
[10.124s][info][gc,phases      ] GC(66)   Post Evacuate Collection Set: 0.2ms
[10.124s][info][gc,phases      ] GC(66)   Other: 0.1ms
[10.124s][info][gc,heap        ] GC(66) Eden regions: 54->0(53)
[10.124s][info][gc,heap        ] GC(66) Survivor regions: 0->1(7)
[10.124s][info][gc,heap        ] GC(66) Old regions: 27->27
[10.124s][info][gc,heap        ] GC(66) Archive regions: 0->0
[10.125s][info][gc,heap        ] GC(66) Humongous regions: 0->0
[10.125s][info][gc,metaspace   ] GC(66) Metaspace: 12021K(12224K)->12021K(12224K) NonClass: 10394K(10496K)->10394K(10496K) Class: 1627K(1728K)->1627K(1728K)
[10.125s][info][gc             ] GC(66) Pause Young (Normal) (G1 Evacuation Pause) 79M->26M(90M) 3.740ms
[10.125s][info][gc,cpu         ] GC(66) User=0.00s Sys=0.00s Real=0.00s
[10.258s][info][gc,start       ] GC(67) Pause Young (Normal) (G1 Evacuation Pause)
[10.258s][info][gc,task        ] GC(67) Using 2 workers of 33 for evacuation
[10.262s][info][gc,phases      ] GC(67)   Pre Evacuate Collection Set: 0.1ms
[10.262s][info][gc,phases      ] GC(67)   Merge Heap Roots: 0.0ms
[10.262s][info][gc,phases      ] GC(67)   Evacuate Collection Set: 3.3ms
[10.262s][info][gc,phases      ] GC(67)   Post Evacuate Collection Set: 0.2ms
[10.262s][info][gc,phases      ] GC(67)   Other: 0.1ms
[10.262s][info][gc,heap        ] GC(67) Eden regions: 53->0(52)
[10.262s][info][gc,heap        ] GC(67) Survivor regions: 1->2(7)
[10.262s][info][gc,heap        ] GC(67) Old regions: 27->27
[10.262s][info][gc,heap        ] GC(67) Archive regions: 0->0
[10.262s][info][gc,heap        ] GC(67) Humongous regions: 0->0
[10.262s][info][gc,metaspace   ] GC(67) Metaspace: 12021K(12224K)->12021K(12224K) NonClass: 10394K(10496K)->10394K(10496K) Class: 1627K(1728K)->1627K(1728K)
[10.262s][info][gc             ] GC(67) Pause Young (Normal) (G1 Evacuation Pause) 79M->27M(90M) 4.248ms
[10.262s][info][gc,cpu         ] GC(67) User=0.00s Sys=0.00s Real=0.00s
[10.319s][info][gc,start       ] GC(68) Pause Full (System.gc())
[10.319s][info][gc,task        ] GC(68) Using 2 workers of 33 for full compaction
[10.319s][info][gc,phases,start] GC(68) Phase 1: Mark live objects
[10.354s][info][gc,phases      ] GC(68) Phase 1: Mark live objects 34.714ms
[10.354s][info][gc,phases,start] GC(68) Phase 2: Prepare compaction
[10.357s][info][gc,phases      ] GC(68) Phase 2: Prepare compaction 3.367ms
[10.357s][info][gc,phases,start] GC(68) Phase 3: Adjust pointers
[10.370s][info][gc,phases      ] GC(68) Phase 3: Adjust pointers 12.773ms
[10.370s][info][gc,phases,start] GC(68) Phase 4: Compact heap
[10.371s][info][gc,phases      ] GC(68) Phase 4: Compact heap 0.302ms
[10.373s][info][gc,heap        ] GC(68) Eden regions: 15->0(54)
[10.373s][info][gc,heap        ] GC(68) Survivor regions: 2->0(7)
[10.373s][info][gc,heap        ] GC(68) Old regions: 27->27
[10.373s][info][gc,heap        ] GC(68) Archive regions: 0->0
[10.373s][info][gc,heap        ] GC(68) Humongous regions: 0->0
[10.373s][info][gc,metaspace   ] GC(68) Metaspace: 12021K(12224K)->12021K(12224K) NonClass: 10394K(10496K)->10394K(10496K) Class: 1627K(1728K)->1627K(1728K)
[10.373s][info][gc             ] GC(68) Pause Full (System.gc()) 41M->25M(90M) 53.913ms
[10.373s][info][gc,cpu         ] GC(68) User=0.09s Sys=0.00s Real=0.05s
[10.513s][info][gc,start       ] GC(69) Pause Young (Normal) (G1 Evacuation Pause)
[10.513s][info][gc,task        ] GC(69) Using 2 workers of 33 for evacuation
[10.520s][info][gc,phases      ] GC(69)   Pre Evacuate Collection Set: 0.1ms
[10.520s][info][gc,phases      ] GC(69)   Merge Heap Roots: 0.1ms
[10.520s][info][gc,phases      ] GC(69)   Evacuate Collection Set: 2.8ms
[10.520s][info][gc,phases      ] GC(69)   Post Evacuate Collection Set: 3.3ms
[10.520s][info][gc,phases      ] GC(69)   Other: 0.1ms
[10.520s][info][gc,heap        ] GC(69) Eden regions: 54->0(179)
[10.520s][info][gc,heap        ] GC(69) Survivor regions: 0->1(7)
[10.520s][info][gc,heap        ] GC(69) Old regions: 27->27
[10.520s][info][gc,heap        ] GC(69) Archive regions: 0->0
[10.520s][info][gc,heap        ] GC(69) Humongous regions: 0->0
[10.520s][info][gc,metaspace   ] GC(69) Metaspace: 12021K(12224K)->12021K(12224K) NonClass: 10394K(10496K)->10394K(10496K) Class: 1627K(1728K)->1627K(1728K)
[10.520s][info][gc             ] GC(69) Pause Young (Normal) (G1 Evacuation Pause) 79M->26M(301M) 6.770ms
[10.520s][info][gc,cpu         ] GC(69) User=0.00s Sys=0.00s Real=0.00s
[10.702s][info][gc,start       ] GC(70) Pause Full (System.gc())
[10.702s][info][gc,task        ] GC(70) Using 7 workers of 33 for full compaction
[10.702s][info][gc,phases,start] GC(70) Phase 1: Mark live objects
[10.717s][info][gc,phases      ] GC(70) Phase 1: Mark live objects 15.139ms
[10.717s][info][gc,phases,start] GC(70) Phase 2: Prepare compaction
[10.720s][info][gc,phases      ] GC(70) Phase 2: Prepare compaction 2.547ms
[10.720s][info][gc,phases,start] GC(70) Phase 3: Adjust pointers
[10.723s][info][gc,phases      ] GC(70) Phase 3: Adjust pointers 3.375ms
[10.723s][info][gc,phases,start] GC(70) Phase 4: Compact heap
[10.724s][info][gc,phases      ] GC(70) Phase 4: Compact heap 0.302ms
[10.727s][info][gc,heap        ] GC(70) Eden regions: 68->0(56)
[10.727s][info][gc,heap        ] GC(70) Survivor regions: 1->0(7)
[10.727s][info][gc,heap        ] GC(70) Old regions: 27->28
[10.727s][info][gc,heap        ] GC(70) Archive regions: 0->0
[10.727s][info][gc,heap        ] GC(70) Humongous regions: 0->0
[10.727s][info][gc,metaspace   ] GC(70) Metaspace: 12021K(12224K)->12021K(12224K) NonClass: 10394K(10496K)->10394K(10496K) Class: 1627K(1728K)->1627K(1728K)
[10.727s][info][gc             ] GC(70) Pause Full (System.gc()) 93M->25M(94M) 25.822ms
[10.727s][info][gc,cpu         ] GC(70) User=0.14s Sys=0.08s Real=0.03s
[10.866s][info][gc,start       ] GC(71) Pause Young (Normal) (G1 Evacuation Pause)
[10.866s][info][gc,task        ] GC(71) Using 4 workers of 33 for evacuation
[10.868s][info][gc,phases      ] GC(71)   Pre Evacuate Collection Set: 0.1ms
[10.868s][info][gc,phases      ] GC(71)   Merge Heap Roots: 0.0ms
[10.868s][info][gc,phases      ] GC(71)   Evacuate Collection Set: 1.7ms
[10.868s][info][gc,phases      ] GC(71)   Post Evacuate Collection Set: 0.2ms
[10.868s][info][gc,phases      ] GC(71)   Other: 0.1ms
[10.868s][info][gc,heap        ] GC(71) Eden regions: 56->0(55)
[10.868s][info][gc,heap        ] GC(71) Survivor regions: 0->1(7)
[10.868s][info][gc,heap        ] GC(71) Old regions: 28->28
[10.868s][info][gc,heap        ] GC(71) Archive regions: 0->0
[10.868s][info][gc,heap        ] GC(71) Humongous regions: 0->0
[10.868s][info][gc,metaspace   ] GC(71) Metaspace: 12021K(12224K)->12021K(12224K) NonClass: 10394K(10496K)->10394K(10496K) Class: 1627K(1728K)->1627K(1728K)
[10.868s][info][gc             ] GC(71) Pause Young (Normal) (G1 Evacuation Pause) 81M->26M(94M) 2.550ms
[10.869s][info][gc,cpu         ] GC(71) User=0.00s Sys=0.00s Real=0.00s
[10.989s][info][gc,start       ] GC(72) Pause Young (Normal) (G1 Evacuation Pause)
[10.989s][info][gc,task        ] GC(72) Using 3 workers of 33 for evacuation
[10.993s][info][gc,phases      ] GC(72)   Pre Evacuate Collection Set: 0.1ms
[10.994s][info][gc,phases      ] GC(72)   Merge Heap Roots: 0.1ms
[10.994s][info][gc,phases      ] GC(72)   Evacuate Collection Set: 4.1ms
[10.994s][info][gc,phases      ] GC(72)   Post Evacuate Collection Set: 0.2ms
[10.994s][info][gc,phases      ] GC(72)   Other: 0.1ms
[10.994s][info][gc,heap        ] GC(72) Eden regions: 55->0(54)
[10.994s][info][gc,heap        ] GC(72) Survivor regions: 1->2(7)
[10.994s][info][gc,heap        ] GC(72) Old regions: 28->28
[10.994s][info][gc,heap        ] GC(72) Archive regions: 0->0
[10.994s][info][gc,heap        ] GC(72) Humongous regions: 0->0
[10.994s][info][gc,metaspace   ] GC(72) Metaspace: 12021K(12224K)->12021K(12224K) NonClass: 10394K(10496K)->10394K(10496K) Class: 1627K(1728K)->1627K(1728K)
[10.994s][info][gc             ] GC(72) Pause Young (Normal) (G1 Evacuation Pause) 81M->27M(94M) 4.965ms
[10.994s][info][gc,cpu         ] GC(72) User=0.00s Sys=0.00s Real=0.00s
[11.055s][info][gc,start       ] GC(73) Pause Full (System.gc())
[11.055s][info][gc,task        ] GC(73) Using 2 workers of 33 for full compaction
[11.055s][info][gc,phases,start] GC(73) Phase 1: Mark live objects
[11.091s][info][gc,phases      ] GC(73) Phase 1: Mark live objects 36.305ms
[11.091s][info][gc,phases,start] GC(73) Phase 2: Prepare compaction
[11.095s][info][gc,phases      ] GC(73) Phase 2: Prepare compaction 3.535ms
[11.095s][info][gc,phases,start] GC(73) Phase 3: Adjust pointers
[11.102s][info][gc,phases      ] GC(73) Phase 3: Adjust pointers 7.668ms
[11.102s][info][gc,phases,start] GC(73) Phase 4: Compact heap
[11.103s][info][gc,phases      ] GC(73) Phase 4: Compact heap 0.294ms
[11.105s][info][gc,heap        ] GC(73) Eden regions: 11->0(54)
[11.105s][info][gc,heap        ] GC(73) Survivor regions: 2->0(7)
[11.105s][info][gc,heap        ] GC(73) Old regions: 28->27
[11.105s][info][gc,heap        ] GC(73) Archive regions: 0->0
[11.105s][info][gc,heap        ] GC(73) Humongous regions: 0->0
[11.105s][info][gc,metaspace   ] GC(73) Metaspace: 12021K(12224K)->12021K(12224K) NonClass: 10394K(10496K)->10394K(10496K) Class: 1627K(1728K)->1627K(1728K)
[11.105s][info][gc             ] GC(73) Pause Full (System.gc()) 38M->25M(90M) 50.590ms
[11.105s][info][gc,cpu         ] GC(73) User=0.09s Sys=0.00s Real=0.05s
[11.248s][info][gc,start       ] GC(74) Pause Young (Normal) (G1 Evacuation Pause)
[11.248s][info][gc,task        ] GC(74) Using 2 workers of 33 for evacuation
[11.250s][info][gc,phases      ] GC(74)   Pre Evacuate Collection Set: 0.1ms
[11.250s][info][gc,phases      ] GC(74)   Merge Heap Roots: 0.1ms
[11.250s][info][gc,phases      ] GC(74)   Evacuate Collection Set: 2.2ms
[11.250s][info][gc,phases      ] GC(74)   Post Evacuate Collection Set: 0.2ms
[11.250s][info][gc,phases      ] GC(74)   Other: 0.1ms
[11.250s][info][gc,heap        ] GC(74) Eden regions: 54->0(53)
[11.250s][info][gc,heap        ] GC(74) Survivor regions: 0->1(7)
[11.250s][info][gc,heap        ] GC(74) Old regions: 27->27
[11.251s][info][gc,heap        ] GC(74) Archive regions: 0->0
[11.251s][info][gc,heap        ] GC(74) Humongous regions: 0->0
[11.251s][info][gc,metaspace   ] GC(74) Metaspace: 12021K(12224K)->12021K(12224K) NonClass: 10394K(10496K)->10394K(10496K) Class: 1627K(1728K)->1627K(1728K)
[11.251s][info][gc             ] GC(74) Pause Young (Normal) (G1 Evacuation Pause) 79M->26M(90M) 3.114ms
[11.251s][info][gc,cpu         ] GC(74) User=0.00s Sys=0.00s Real=0.00s
[11.398s][info][gc,start       ] GC(75) Pause Young (Normal) (G1 Evacuation Pause)
[11.398s][info][gc,task        ] GC(75) Using 2 workers of 33 for evacuation
[11.402s][info][gc,phases      ] GC(75)   Pre Evacuate Collection Set: 0.1ms
[11.402s][info][gc,phases      ] GC(75)   Merge Heap Roots: 0.1ms
[11.402s][info][gc,phases      ] GC(75)   Evacuate Collection Set: 3.4ms
[11.402s][info][gc,phases      ] GC(75)   Post Evacuate Collection Set: 0.3ms
[11.402s][info][gc,phases      ] GC(75)   Other: 0.1ms
[11.402s][info][gc,heap        ] GC(75) Eden regions: 53->0(52)
[11.402s][info][gc,heap        ] GC(75) Survivor regions: 1->2(7)
[11.403s][info][gc,heap        ] GC(75) Old regions: 27->27
[11.403s][info][gc,heap        ] GC(75) Archive regions: 0->0
[11.403s][info][gc,heap        ] GC(75) Humongous regions: 0->0
[11.403s][info][gc,metaspace   ] GC(75) Metaspace: 12021K(12224K)->12021K(12224K) NonClass: 10394K(10496K)->10394K(10496K) Class: 1627K(1728K)->1627K(1728K)
[11.403s][info][gc             ] GC(75) Pause Young (Normal) (G1 Evacuation Pause) 79M->27M(90M) 4.388ms
[11.403s][info][gc,cpu         ] GC(75) User=0.03s Sys=0.00s Real=0.02s
[11.456s][info][gc,start       ] GC(76) Pause Full (System.gc())
[11.456s][info][gc,task        ] GC(76) Using 2 workers of 33 for full compaction
[11.456s][info][gc,phases,start] GC(76) Phase 1: Mark live objects
[11.484s][info][gc,phases      ] GC(76) Phase 1: Mark live objects 27.723ms
[11.484s][info][gc,phases,start] GC(76) Phase 2: Prepare compaction
[11.488s][info][gc,phases      ] GC(76) Phase 2: Prepare compaction 3.701ms
[11.488s][info][gc,phases,start] GC(76) Phase 3: Adjust pointers
[11.501s][info][gc,phases      ] GC(76) Phase 3: Adjust pointers 13.406ms
[11.501s][info][gc,phases,start] GC(76) Phase 4: Compact heap
[11.502s][info][gc,phases      ] GC(76) Phase 4: Compact heap 0.290ms
[11.504s][info][gc,heap        ] GC(76) Eden regions: 15->0(54)
[11.504s][info][gc,heap        ] GC(76) Survivor regions: 2->0(7)
[11.504s][info][gc,heap        ] GC(76) Old regions: 27->27
[11.504s][info][gc,heap        ] GC(76) Archive regions: 0->0
[11.504s][info][gc,heap        ] GC(76) Humongous regions: 0->0
[11.504s][info][gc,metaspace   ] GC(76) Metaspace: 12023K(12224K)->12023K(12224K) NonClass: 10396K(10496K)->10396K(10496K) Class: 1627K(1728K)->1627K(1728K)
[11.504s][info][gc             ] GC(76) Pause Full (System.gc()) 41M->25M(90M) 47.915ms
[11.504s][info][gc,cpu         ] GC(76) User=0.09s Sys=0.00s Real=0.05s
[11.633s][info][gc,start       ] GC(77) Pause Young (Normal) (G1 Evacuation Pause)
[11.633s][info][gc,task        ] GC(77) Using 2 workers of 33 for evacuation
[11.636s][info][gc,phases      ] GC(77)   Pre Evacuate Collection Set: 0.1ms
[11.636s][info][gc,phases      ] GC(77)   Merge Heap Roots: 0.1ms
[11.636s][info][gc,phases      ] GC(77)   Evacuate Collection Set: 2.8ms
[11.636s][info][gc,phases      ] GC(77)   Post Evacuate Collection Set: 0.2ms
[11.636s][info][gc,phases      ] GC(77)   Other: 0.1ms
[11.636s][info][gc,heap        ] GC(77) Eden regions: 54->0(53)
[11.636s][info][gc,heap        ] GC(77) Survivor regions: 0->1(7)
[11.636s][info][gc,heap        ] GC(77) Old regions: 27->27
[11.636s][info][gc,heap        ] GC(77) Archive regions: 0->0
[11.636s][info][gc,heap        ] GC(77) Humongous regions: 0->0
[11.636s][info][gc,metaspace   ] GC(77) Metaspace: 12025K(12224K)->12025K(12224K) NonClass: 10398K(10496K)->10398K(10496K) Class: 1627K(1728K)->1627K(1728K)
[11.636s][info][gc             ] GC(77) Pause Young (Normal) (G1 Evacuation Pause) 79M->26M(90M) 3.731ms
[11.637s][info][gc,cpu         ] GC(77) User=0.03s Sys=0.00s Real=0.01s
[11.753s][info][gc,start       ] GC(78) Pause Young (Normal) (G1 Evacuation Pause)
[11.753s][info][gc,task        ] GC(78) Using 2 workers of 33 for evacuation
[11.759s][info][gc,phases      ] GC(78)   Pre Evacuate Collection Set: 0.1ms
[11.759s][info][gc,phases      ] GC(78)   Merge Heap Roots: 0.1ms
[11.759s][info][gc,phases      ] GC(78)   Evacuate Collection Set: 5.2ms
[11.759s][info][gc,phases      ] GC(78)   Post Evacuate Collection Set: 0.2ms
[11.759s][info][gc,phases      ] GC(78)   Other: 0.1ms
[11.759s][info][gc,heap        ] GC(78) Eden regions: 53->0(52)
[11.759s][info][gc,heap        ] GC(78) Survivor regions: 1->2(7)
[11.759s][info][gc,heap        ] GC(78) Old regions: 27->27
[11.759s][info][gc,heap        ] GC(78) Archive regions: 0->0
[11.759s][info][gc,heap        ] GC(78) Humongous regions: 0->0
[11.759s][info][gc,metaspace   ] GC(78) Metaspace: 12025K(12224K)->12025K(12224K) NonClass: 10398K(10496K)->10398K(10496K) Class: 1627K(1728K)->1627K(1728K)
[11.759s][info][gc             ] GC(78) Pause Young (Normal) (G1 Evacuation Pause) 79M->27M(90M) 6.038ms
[11.759s][info][gc,cpu         ] GC(78) User=0.00s Sys=0.00s Real=0.00s
[11.798s][info][gc,start       ] GC(79) Pause Full (System.gc())
[11.798s][info][gc,task        ] GC(79) Using 2 workers of 33 for full compaction
[11.798s][info][gc,phases,start] GC(79) Phase 1: Mark live objects
[11.834s][info][gc,phases      ] GC(79) Phase 1: Mark live objects 36.434ms
[11.835s][info][gc,phases,start] GC(79) Phase 2: Prepare compaction
[11.838s][info][gc,phases      ] GC(79) Phase 2: Prepare compaction 3.647ms
[11.838s][info][gc,phases,start] GC(79) Phase 3: Adjust pointers
[11.850s][info][gc,phases      ] GC(79) Phase 3: Adjust pointers 12.035ms
[11.850s][info][gc,phases,start] GC(79) Phase 4: Compact heap
[11.851s][info][gc,phases      ] GC(79) Phase 4: Compact heap 0.284ms
[11.853s][info][gc,heap        ] GC(79) Eden regions: 15->0(54)
[11.853s][info][gc,heap        ] GC(79) Survivor regions: 2->0(7)
[11.853s][info][gc,heap        ] GC(79) Old regions: 27->27
[11.853s][info][gc,heap        ] GC(79) Archive regions: 0->0
[11.853s][info][gc,heap        ] GC(79) Humongous regions: 0->0
[11.853s][info][gc,metaspace   ] GC(79) Metaspace: 12030K(12224K)->12030K(12224K) NonClass: 10403K(10496K)->10403K(10496K) Class: 1627K(1728K)->1627K(1728K)
[11.853s][info][gc             ] GC(79) Pause Full (System.gc()) 41M->25M(90M) 55.157ms
[11.853s][info][gc,cpu         ] GC(79) User=0.09s Sys=0.00s Real=0.05s
[11.991s][info][gc,start       ] GC(80) Pause Young (Normal) (G1 Evacuation Pause)
[11.991s][info][gc,task        ] GC(80) Using 2 workers of 33 for evacuation
[11.998s][info][gc,phases      ] GC(80)   Pre Evacuate Collection Set: 0.1ms
[11.998s][info][gc,phases      ] GC(80)   Merge Heap Roots: 0.1ms
[11.998s][info][gc,phases      ] GC(80)   Evacuate Collection Set: 2.8ms
[11.998s][info][gc,phases      ] GC(80)   Post Evacuate Collection Set: 3.3ms
[11.998s][info][gc,phases      ] GC(80)   Other: 0.1ms
[11.998s][info][gc,heap        ] GC(80) Eden regions: 54->0(179)
[11.998s][info][gc,heap        ] GC(80) Survivor regions: 0->1(7)
[11.998s][info][gc,heap        ] GC(80) Old regions: 27->27
[11.998s][info][gc,heap        ] GC(80) Archive regions: 0->0
[11.998s][info][gc,heap        ] GC(80) Humongous regions: 0->0
[11.998s][info][gc,metaspace   ] GC(80) Metaspace: 12034K(12224K)->12034K(12224K) NonClass: 10407K(10496K)->10407K(10496K) Class: 1627K(1728K)->1627K(1728K)
[11.998s][info][gc             ] GC(80) Pause Young (Normal) (G1 Evacuation Pause) 79M->26M(301M) 6.772ms
[11.998s][info][gc,cpu         ] GC(80) User=0.00s Sys=0.00s Real=0.00s
[12.178s][info][gc,start       ] GC(81) Pause Full (System.gc())
[12.178s][info][gc,task        ] GC(81) Using 7 workers of 33 for full compaction
[12.179s][info][gc,phases,start] GC(81) Phase 1: Mark live objects
[12.191s][info][gc,phases      ] GC(81) Phase 1: Mark live objects 12.317ms
[12.191s][info][gc,phases,start] GC(81) Phase 2: Prepare compaction
[12.193s][info][gc,phases      ] GC(81) Phase 2: Prepare compaction 2.299ms
[12.193s][info][gc,phases,start] GC(81) Phase 3: Adjust pointers
[12.197s][info][gc,phases      ] GC(81) Phase 3: Adjust pointers 3.756ms
[12.197s][info][gc,phases,start] GC(81) Phase 4: Compact heap
[12.198s][info][gc,phases      ] GC(81) Phase 4: Compact heap 0.319ms
[12.201s][info][gc,heap        ] GC(81) Eden regions: 68->0(56)
[12.201s][info][gc,heap        ] GC(81) Survivor regions: 1->0(7)
[12.201s][info][gc,heap        ] GC(81) Old regions: 27->28
[12.201s][info][gc,heap        ] GC(81) Archive regions: 0->0
[12.201s][info][gc,heap        ] GC(81) Humongous regions: 0->0
[12.201s][info][gc,metaspace   ] GC(81) Metaspace: 12035K(12224K)->12035K(12224K) NonClass: 10408K(10496K)->10408K(10496K) Class: 1627K(1728K)->1627K(1728K)
[12.201s][info][gc             ] GC(81) Pause Full (System.gc()) 93M->25M(94M) 23.185ms
[12.201s][info][gc,cpu         ] GC(81) User=0.11s Sys=0.00s Real=0.02s
[12.350s][info][gc,start       ] GC(82) Pause Young (Normal) (G1 Evacuation Pause)
[12.351s][info][gc,task        ] GC(82) Using 4 workers of 33 for evacuation
[12.352s][info][gc,phases      ] GC(82)   Pre Evacuate Collection Set: 0.1ms
[12.352s][info][gc,phases      ] GC(82)   Merge Heap Roots: 0.0ms
[12.352s][info][gc,phases      ] GC(82)   Evacuate Collection Set: 1.3ms
[12.352s][info][gc,phases      ] GC(82)   Post Evacuate Collection Set: 0.2ms
[12.352s][info][gc,phases      ] GC(82)   Other: 0.1ms
[12.352s][info][gc,heap        ] GC(82) Eden regions: 56->0(55)
[12.352s][info][gc,heap        ] GC(82) Survivor regions: 0->1(7)
[12.352s][info][gc,heap        ] GC(82) Old regions: 28->28
[12.353s][info][gc,heap        ] GC(82) Archive regions: 0->0
[12.353s][info][gc,heap        ] GC(82) Humongous regions: 0->0
[12.353s][info][gc,metaspace   ] GC(82) Metaspace: 12035K(12224K)->12035K(12224K) NonClass: 10408K(10496K)->10408K(10496K) Class: 1627K(1728K)->1627K(1728K)
[12.353s][info][gc             ] GC(82) Pause Young (Normal) (G1 Evacuation Pause) 81M->26M(94M) 2.172ms
[12.353s][info][gc,cpu         ] GC(82) User=0.00s Sys=0.00s Real=0.00s
[12.489s][info][gc,start       ] GC(83) Pause Young (Normal) (G1 Evacuation Pause)
[12.489s][info][gc,task        ] GC(83) Using 3 workers of 33 for evacuation
[12.494s][info][gc,phases      ] GC(83)   Pre Evacuate Collection Set: 0.1ms
[12.494s][info][gc,phases      ] GC(83)   Merge Heap Roots: 0.0ms
[12.494s][info][gc,phases      ] GC(83)   Evacuate Collection Set: 4.0ms
[12.494s][info][gc,phases      ] GC(83)   Post Evacuate Collection Set: 0.2ms
[12.494s][info][gc,phases      ] GC(83)   Other: 0.1ms
[12.494s][info][gc,heap        ] GC(83) Eden regions: 55->0(54)
[12.494s][info][gc,heap        ] GC(83) Survivor regions: 1->2(7)
[12.494s][info][gc,heap        ] GC(83) Old regions: 28->28
[12.494s][info][gc,heap        ] GC(83) Archive regions: 0->0
[12.494s][info][gc,heap        ] GC(83) Humongous regions: 0->0
[12.494s][info][gc,metaspace   ] GC(83) Metaspace: 12035K(12224K)->12035K(12224K) NonClass: 10408K(10496K)->10408K(10496K) Class: 1627K(1728K)->1627K(1728K)
[12.494s][info][gc             ] GC(83) Pause Young (Normal) (G1 Evacuation Pause) 81M->27M(94M) 4.839ms
[12.494s][info][gc,cpu         ] GC(83) User=0.00s Sys=0.00s Real=0.00s
[12.526s][info][gc,start       ] GC(84) Pause Full (System.gc())
[12.526s][info][gc,task        ] GC(84) Using 2 workers of 33 for full compaction
[12.526s][info][gc,phases,start] GC(84) Phase 1: Mark live objects
[12.553s][info][gc,phases      ] GC(84) Phase 1: Mark live objects 27.204ms
[12.553s][info][gc,phases,start] GC(84) Phase 2: Prepare compaction
[12.557s][info][gc,phases      ] GC(84) Phase 2: Prepare compaction 3.567ms
[12.557s][info][gc,phases,start] GC(84) Phase 3: Adjust pointers
[12.570s][info][gc,phases      ] GC(84) Phase 3: Adjust pointers 13.348ms
[12.570s][info][gc,phases,start] GC(84) Phase 4: Compact heap
[12.571s][info][gc,phases      ] GC(84) Phase 4: Compact heap 0.312ms
[12.573s][info][gc,heap        ] GC(84) Eden regions: 11->0(54)
[12.573s][info][gc,heap        ] GC(84) Survivor regions: 2->0(7)
[12.573s][info][gc,heap        ] GC(84) Old regions: 28->27
[12.573s][info][gc,heap        ] GC(84) Archive regions: 0->0
[12.573s][info][gc,heap        ] GC(84) Humongous regions: 0->0
[12.573s][info][gc,metaspace   ] GC(84) Metaspace: 12036K(12224K)->12036K(12224K) NonClass: 10409K(10496K)->10409K(10496K) Class: 1627K(1728K)->1627K(1728K)
[12.573s][info][gc             ] GC(84) Pause Full (System.gc()) 38M->25M(90M) 47.257ms
[12.573s][info][gc,cpu         ] GC(84) User=0.08s Sys=0.00s Real=0.05s
[12.704s][info][gc,start       ] GC(85) Pause Young (Normal) (G1 Evacuation Pause)
[12.704s][info][gc,task        ] GC(85) Using 2 workers of 33 for evacuation
[12.707s][info][gc,phases      ] GC(85)   Pre Evacuate Collection Set: 0.1ms
[12.707s][info][gc,phases      ] GC(85)   Merge Heap Roots: 0.1ms
[12.707s][info][gc,phases      ] GC(85)   Evacuate Collection Set: 2.8ms
[12.707s][info][gc,phases      ] GC(85)   Post Evacuate Collection Set: 0.2ms
[12.707s][info][gc,phases      ] GC(85)   Other: 0.1ms
[12.707s][info][gc,heap        ] GC(85) Eden regions: 54->0(53)
[12.707s][info][gc,heap        ] GC(85) Survivor regions: 0->1(7)
[12.707s][info][gc,heap        ] GC(85) Old regions: 27->27
[12.707s][info][gc,heap        ] GC(85) Archive regions: 0->0
[12.707s][info][gc,heap        ] GC(85) Humongous regions: 0->0
[12.707s][info][gc,metaspace   ] GC(85) Metaspace: 12036K(12224K)->12036K(12224K) NonClass: 10409K(10496K)->10409K(10496K) Class: 1627K(1728K)->1627K(1728K)
[12.707s][info][gc             ] GC(85) Pause Young (Normal) (G1 Evacuation Pause) 79M->26M(90M) 3.647ms
[12.707s][info][gc,cpu         ] GC(85) User=0.00s Sys=0.00s Real=0.00s
[12.823s][info][gc,start       ] GC(86) Pause Young (Normal) (G1 Evacuation Pause)
[12.823s][info][gc,task        ] GC(86) Using 2 workers of 33 for evacuation
[12.829s][info][gc,phases      ] GC(86)   Pre Evacuate Collection Set: 0.1ms
[12.829s][info][gc,phases      ] GC(86)   Merge Heap Roots: 0.0ms
[12.829s][info][gc,phases      ] GC(86)   Evacuate Collection Set: 5.2ms
[12.829s][info][gc,phases      ] GC(86)   Post Evacuate Collection Set: 0.2ms
[12.829s][info][gc,phases      ] GC(86)   Other: 0.1ms
[12.829s][info][gc,heap        ] GC(86) Eden regions: 53->0(52)
[12.829s][info][gc,heap        ] GC(86) Survivor regions: 1->2(7)
[12.829s][info][gc,heap        ] GC(86) Old regions: 27->27
[12.829s][info][gc,heap        ] GC(86) Archive regions: 0->0
[12.829s][info][gc,heap        ] GC(86) Humongous regions: 0->0
[12.829s][info][gc,metaspace   ] GC(86) Metaspace: 12036K(12224K)->12036K(12224K) NonClass: 10409K(10496K)->10409K(10496K) Class: 1627K(1728K)->1627K(1728K)
[12.829s][info][gc             ] GC(86) Pause Young (Normal) (G1 Evacuation Pause) 79M->27M(90M) 6.035ms
[12.829s][info][gc,cpu         ] GC(86) User=0.00s Sys=0.00s Real=0.00s
[12.871s][info][gc,start       ] GC(87) Pause Full (System.gc())
[12.871s][info][gc,task        ] GC(87) Using 2 workers of 33 for full compaction
[12.871s][info][gc,phases,start] GC(87) Phase 1: Mark live objects
[12.905s][info][gc,phases      ] GC(87) Phase 1: Mark live objects 33.741ms
[12.905s][info][gc,phases,start] GC(87) Phase 2: Prepare compaction
[12.908s][info][gc,phases      ] GC(87) Phase 2: Prepare compaction 3.363ms
[12.908s][info][gc,phases,start] GC(87) Phase 3: Adjust pointers
[12.916s][info][gc,phases      ] GC(87) Phase 3: Adjust pointers 8.265ms
[12.916s][info][gc,phases,start] GC(87) Phase 4: Compact heap
[12.917s][info][gc,phases      ] GC(87) Phase 4: Compact heap 0.303ms
[12.919s][info][gc,heap        ] GC(87) Eden regions: 15->0(54)
[12.919s][info][gc,heap        ] GC(87) Survivor regions: 2->0(7)
[12.919s][info][gc,heap        ] GC(87) Old regions: 27->27
[12.919s][info][gc,heap        ] GC(87) Archive regions: 0->0
[12.919s][info][gc,heap        ] GC(87) Humongous regions: 0->0
[12.919s][info][gc,metaspace   ] GC(87) Metaspace: 12036K(12224K)->12036K(12224K) NonClass: 10409K(10496K)->10409K(10496K) Class: 1627K(1728K)->1627K(1728K)
[12.919s][info][gc             ] GC(87) Pause Full (System.gc()) 41M->25M(90M) 48.430ms
[12.919s][info][gc,cpu         ] GC(87) User=0.09s Sys=0.00s Real=0.05s
[13.073s][info][gc,start       ] GC(88) Pause Young (Normal) (G1 Evacuation Pause)
[13.073s][info][gc,task        ] GC(88) Using 2 workers of 33 for evacuation
[13.076s][info][gc,phases      ] GC(88)   Pre Evacuate Collection Set: 0.1ms
[13.076s][info][gc,phases      ] GC(88)   Merge Heap Roots: 0.0ms
[13.076s][info][gc,phases      ] GC(88)   Evacuate Collection Set: 2.8ms
[13.076s][info][gc,phases      ] GC(88)   Post Evacuate Collection Set: 0.2ms
[13.076s][info][gc,phases      ] GC(88)   Other: 0.1ms
[13.076s][info][gc,heap        ] GC(88) Eden regions: 54->0(53)
[13.076s][info][gc,heap        ] GC(88) Survivor regions: 0->1(7)
[13.076s][info][gc,heap        ] GC(88) Old regions: 27->27
[13.076s][info][gc,heap        ] GC(88) Archive regions: 0->0
[13.076s][info][gc,heap        ] GC(88) Humongous regions: 0->0
[13.076s][info][gc,metaspace   ] GC(88) Metaspace: 12036K(12288K)->12036K(12288K) NonClass: 10409K(10560K)->10409K(10560K) Class: 1627K(1728K)->1627K(1728K)
[13.076s][info][gc             ] GC(88) Pause Young (Normal) (G1 Evacuation Pause) 79M->26M(90M) 3.655ms
[13.076s][info][gc,cpu         ] GC(88) User=0.00s Sys=0.00s Real=0.00s
[13.210s][info][gc,start       ] GC(89) Pause Young (Normal) (G1 Evacuation Pause)
[13.210s][info][gc,task        ] GC(89) Using 2 workers of 33 for evacuation
[13.216s][info][gc,phases      ] GC(89)   Pre Evacuate Collection Set: 0.1ms
[13.216s][info][gc,phases      ] GC(89)   Merge Heap Roots: 0.1ms
[13.216s][info][gc,phases      ] GC(89)   Evacuate Collection Set: 5.2ms
[13.216s][info][gc,phases      ] GC(89)   Post Evacuate Collection Set: 0.2ms
[13.216s][info][gc,phases      ] GC(89)   Other: 0.1ms
[13.216s][info][gc,heap        ] GC(89) Eden regions: 53->0(52)
[13.216s][info][gc,heap        ] GC(89) Survivor regions: 1->2(7)
[13.216s][info][gc,heap        ] GC(89) Old regions: 27->27
[13.216s][info][gc,heap        ] GC(89) Archive regions: 0->0
[13.216s][info][gc,heap        ] GC(89) Humongous regions: 0->0
[13.216s][info][gc,metaspace   ] GC(89) Metaspace: 12036K(12288K)->12036K(12288K) NonClass: 10409K(10560K)->10409K(10560K) Class: 1627K(1728K)->1627K(1728K)
[13.216s][info][gc             ] GC(89) Pause Young (Normal) (G1 Evacuation Pause) 79M->27M(90M) 6.123ms
[13.216s][info][gc,cpu         ] GC(89) User=0.00s Sys=0.00s Real=0.00s
[13.255s][info][gc,start       ] GC(90) Pause Full (System.gc())
[13.255s][info][gc,task        ] GC(90) Using 2 workers of 33 for full compaction
[13.255s][info][gc,phases,start] GC(90) Phase 1: Mark live objects
[13.292s][info][gc,phases      ] GC(90) Phase 1: Mark live objects 36.290ms
[13.292s][info][gc,phases,start] GC(90) Phase 2: Prepare compaction
[13.295s][info][gc,phases      ] GC(90) Phase 2: Prepare compaction 3.552ms
[13.295s][info][gc,phases,start] GC(90) Phase 3: Adjust pointers
[13.308s][info][gc,phases      ] GC(90) Phase 3: Adjust pointers 12.803ms
[13.308s][info][gc,phases,start] GC(90) Phase 4: Compact heap
[13.308s][info][gc,phases      ] GC(90) Phase 4: Compact heap 0.307ms
[13.310s][info][gc,heap        ] GC(90) Eden regions: 15->0(54)
[13.311s][info][gc,heap        ] GC(90) Survivor regions: 2->0(7)
[13.311s][info][gc,heap        ] GC(90) Old regions: 27->27
[13.311s][info][gc,heap        ] GC(90) Archive regions: 0->0
[13.311s][info][gc,heap        ] GC(90) Humongous regions: 0->0
[13.311s][info][gc,metaspace   ] GC(90) Metaspace: 12036K(12288K)->12036K(12288K) NonClass: 10409K(10560K)->10409K(10560K) Class: 1627K(1728K)->1627K(1728K)
[13.311s][info][gc             ] GC(90) Pause Full (System.gc()) 41M->25M(90M) 55.718ms
[13.311s][info][gc,cpu         ] GC(90) User=0.09s Sys=0.00s Real=0.05s
[13.448s][info][gc,start       ] GC(91) Pause Young (Normal) (G1 Evacuation Pause)
[13.448s][info][gc,task        ] GC(91) Using 2 workers of 33 for evacuation
[13.454s][info][gc,phases      ] GC(91)   Pre Evacuate Collection Set: 0.1ms
[13.454s][info][gc,phases      ] GC(91)   Merge Heap Roots: 0.1ms
[13.454s][info][gc,phases      ] GC(91)   Evacuate Collection Set: 1.7ms
[13.454s][info][gc,phases      ] GC(91)   Post Evacuate Collection Set: 3.3ms
[13.454s][info][gc,phases      ] GC(91)   Other: 0.1ms
[13.454s][info][gc,heap        ] GC(91) Eden regions: 54->0(179)
[13.454s][info][gc,heap        ] GC(91) Survivor regions: 0->1(7)
[13.454s][info][gc,heap        ] GC(91) Old regions: 27->27
[13.454s][info][gc,heap        ] GC(91) Archive regions: 0->0
[13.454s][info][gc,heap        ] GC(91) Humongous regions: 0->0
[13.454s][info][gc,metaspace   ] GC(91) Metaspace: 12036K(12288K)->12036K(12288K) NonClass: 10409K(10560K)->10409K(10560K) Class: 1627K(1728K)->1627K(1728K)
[13.454s][info][gc             ] GC(91) Pause Young (Normal) (G1 Evacuation Pause) 79M->26M(301M) 5.726ms
[13.454s][info][gc,cpu         ] GC(91) User=0.00s Sys=0.02s Real=0.02s
[13.632s][info][gc,start       ] GC(92) Pause Full (System.gc())
[13.632s][info][gc,task        ] GC(92) Using 7 workers of 33 for full compaction
[13.633s][info][gc,phases,start] GC(92) Phase 1: Mark live objects
[13.649s][info][gc,phases      ] GC(92) Phase 1: Mark live objects 16.705ms
[13.649s][info][gc,phases,start] GC(92) Phase 2: Prepare compaction
[13.652s][info][gc,phases      ] GC(92) Phase 2: Prepare compaction 2.285ms
[13.652s][info][gc,phases,start] GC(92) Phase 3: Adjust pointers
[13.655s][info][gc,phases      ] GC(92) Phase 3: Adjust pointers 2.925ms
[13.655s][info][gc,phases,start] GC(92) Phase 4: Compact heap
[13.655s][info][gc,phases      ] GC(92) Phase 4: Compact heap 0.222ms
[13.658s][info][gc,heap        ] GC(92) Eden regions: 68->0(56)
[13.658s][info][gc,heap        ] GC(92) Survivor regions: 1->0(7)
[13.658s][info][gc,heap        ] GC(92) Old regions: 27->28
[13.658s][info][gc,heap        ] GC(92) Archive regions: 0->0
[13.658s][info][gc,heap        ] GC(92) Humongous regions: 0->0
[13.658s][info][gc,metaspace   ] GC(92) Metaspace: 12036K(12288K)->12036K(12288K) NonClass: 10409K(10560K)->10409K(10560K) Class: 1627K(1728K)->1627K(1728K)
[13.659s][info][gc             ] GC(92) Pause Full (System.gc()) 94M->25M(94M) 26.334ms
[13.659s][info][gc,cpu         ] GC(92) User=0.13s Sys=0.00s Real=0.03s
[13.803s][info][gc,start       ] GC(93) Pause Young (Normal) (G1 Evacuation Pause)
[13.803s][info][gc,task        ] GC(93) Using 4 workers of 33 for evacuation
[13.805s][info][gc,phases      ] GC(93)   Pre Evacuate Collection Set: 0.1ms
[13.805s][info][gc,phases      ] GC(93)   Merge Heap Roots: 0.0ms
[13.805s][info][gc,phases      ] GC(93)   Evacuate Collection Set: 1.6ms
[13.805s][info][gc,phases      ] GC(93)   Post Evacuate Collection Set: 0.2ms
[13.805s][info][gc,phases      ] GC(93)   Other: 0.1ms
[13.805s][info][gc,heap        ] GC(93) Eden regions: 56->0(55)
[13.805s][info][gc,heap        ] GC(93) Survivor regions: 0->1(7)
[13.805s][info][gc,heap        ] GC(93) Old regions: 28->28
[13.805s][info][gc,heap        ] GC(93) Archive regions: 0->0
[13.805s][info][gc,heap        ] GC(93) Humongous regions: 0->0
[13.805s][info][gc,metaspace   ] GC(93) Metaspace: 12039K(12288K)->12039K(12288K) NonClass: 10412K(10560K)->10412K(10560K) Class: 1627K(1728K)->1627K(1728K)
[13.805s][info][gc             ] GC(93) Pause Young (Normal) (G1 Evacuation Pause) 81M->26M(94M) 2.170ms
[13.805s][info][gc,cpu         ] GC(93) User=0.00s Sys=0.00s Real=0.00s
[13.938s][info][gc,start       ] GC(94) Pause Young (Normal) (G1 Evacuation Pause)
[13.939s][info][gc,task        ] GC(94) Using 3 workers of 33 for evacuation
[13.942s][info][gc,phases      ] GC(94)   Pre Evacuate Collection Set: 0.1ms
[13.942s][info][gc,phases      ] GC(94)   Merge Heap Roots: 0.1ms
[13.942s][info][gc,phases      ] GC(94)   Evacuate Collection Set: 2.9ms
[13.942s][info][gc,phases      ] GC(94)   Post Evacuate Collection Set: 0.2ms
[13.942s][info][gc,phases      ] GC(94)   Other: 0.1ms
[13.942s][info][gc,heap        ] GC(94) Eden regions: 55->0(54)
[13.942s][info][gc,heap        ] GC(94) Survivor regions: 1->2(7)
[13.942s][info][gc,heap        ] GC(94) Old regions: 28->28
[13.942s][info][gc,heap        ] GC(94) Archive regions: 0->0
[13.942s][info][gc,heap        ] GC(94) Humongous regions: 0->0
[13.942s][info][gc,metaspace   ] GC(94) Metaspace: 12039K(12288K)->12039K(12288K) NonClass: 10412K(10560K)->10412K(10560K) Class: 1627K(1728K)->1627K(1728K)
[13.942s][info][gc             ] GC(94) Pause Young (Normal) (G1 Evacuation Pause) 81M->27M(94M) 3.740ms
[13.942s][info][gc,cpu         ] GC(94) User=0.00s Sys=0.00s Real=0.00s
[13.973s][info][gc,start       ] GC(95) Pause Full (System.gc())
[13.973s][info][gc,task        ] GC(95) Using 2 workers of 33 for full compaction
[13.973s][info][gc,phases,start] GC(95) Phase 1: Mark live objects
[14.000s][info][gc,phases      ] GC(95) Phase 1: Mark live objects 27.209ms
[14.000s][info][gc,phases,start] GC(95) Phase 2: Prepare compaction
[14.004s][info][gc,phases      ] GC(95) Phase 2: Prepare compaction 3.512ms
[14.004s][info][gc,phases,start] GC(95) Phase 3: Adjust pointers
[14.017s][info][gc,phases      ] GC(95) Phase 3: Adjust pointers 13.417ms
[14.017s][info][gc,phases,start] GC(95) Phase 4: Compact heap
[14.018s][info][gc,phases      ] GC(95) Phase 4: Compact heap 0.295ms
[14.020s][info][gc,heap        ] GC(95) Eden regions: 11->0(54)
[14.020s][info][gc,heap        ] GC(95) Survivor regions: 2->0(7)
[14.020s][info][gc,heap        ] GC(95) Old regions: 28->27
[14.020s][info][gc,heap        ] GC(95) Archive regions: 0->0
[14.020s][info][gc,heap        ] GC(95) Humongous regions: 0->0
[14.020s][info][gc,metaspace   ] GC(95) Metaspace: 12039K(12288K)->12039K(12288K) NonClass: 10412K(10560K)->10412K(10560K) Class: 1627K(1728K)->1627K(1728K)
[14.020s][info][gc             ] GC(95) Pause Full (System.gc()) 37M->25M(90M) 47.238ms
[14.020s][info][gc,cpu         ] GC(95) User=0.09s Sys=0.00s Real=0.05s
[14.151s][info][gc,start       ] GC(96) Pause Young (Normal) (G1 Evacuation Pause)
[14.151s][info][gc,task        ] GC(96) Using 2 workers of 33 for evacuation
[14.154s][info][gc,phases      ] GC(96)   Pre Evacuate Collection Set: 0.1ms
[14.154s][info][gc,phases      ] GC(96)   Merge Heap Roots: 0.1ms
[14.154s][info][gc,phases      ] GC(96)   Evacuate Collection Set: 2.8ms
[14.154s][info][gc,phases      ] GC(96)   Post Evacuate Collection Set: 0.2ms
[14.154s][info][gc,phases      ] GC(96)   Other: 0.1ms
[14.154s][info][gc,heap        ] GC(96) Eden regions: 54->0(53)
[14.154s][info][gc,heap        ] GC(96) Survivor regions: 0->1(7)
[14.154s][info][gc,heap        ] GC(96) Old regions: 27->27
[14.154s][info][gc,heap        ] GC(96) Archive regions: 0->0
[14.154s][info][gc,heap        ] GC(96) Humongous regions: 0->0
[14.154s][info][gc,metaspace   ] GC(96) Metaspace: 12039K(12288K)->12039K(12288K) NonClass: 10412K(10560K)->10412K(10560K) Class: 1627K(1728K)->1627K(1728K)
[14.154s][info][gc             ] GC(96) Pause Young (Normal) (G1 Evacuation Pause) 79M->26M(90M) 3.656ms
[14.154s][info][gc,cpu         ] GC(96) User=0.00s Sys=0.00s Real=0.00s
[14.270s][info][gc,start       ] GC(97) Pause Young (Normal) (G1 Evacuation Pause)
[14.270s][info][gc,task        ] GC(97) Using 2 workers of 33 for evacuation
[14.276s][info][gc,phases      ] GC(97)   Pre Evacuate Collection Set: 0.1ms
[14.276s][info][gc,phases      ] GC(97)   Merge Heap Roots: 0.1ms
[14.276s][info][gc,phases      ] GC(97)   Evacuate Collection Set: 5.3ms
[14.276s][info][gc,phases      ] GC(97)   Post Evacuate Collection Set: 0.2ms
[14.276s][info][gc,phases      ] GC(97)   Other: 0.1ms
[14.276s][info][gc,heap        ] GC(97) Eden regions: 53->0(52)
[14.276s][info][gc,heap        ] GC(97) Survivor regions: 1->2(7)
[14.276s][info][gc,heap        ] GC(97) Old regions: 27->27
[14.276s][info][gc,heap        ] GC(97) Archive regions: 0->0
[14.276s][info][gc,heap        ] GC(97) Humongous regions: 0->0
[14.276s][info][gc,metaspace   ] GC(97) Metaspace: 12039K(12288K)->12039K(12288K) NonClass: 10412K(10560K)->10412K(10560K) Class: 1627K(1728K)->1627K(1728K)
[14.276s][info][gc             ] GC(97) Pause Young (Normal) (G1 Evacuation Pause) 79M->27M(90M) 6.130ms
[14.276s][info][gc,cpu         ] GC(97) User=0.03s Sys=0.00s Real=0.02s
[14.318s][info][gc,start       ] GC(98) Pause Full (System.gc())
[14.318s][info][gc,task        ] GC(98) Using 2 workers of 33 for full compaction
[14.318s][info][gc,phases,start] GC(98) Phase 1: Mark live objects
[14.352s][info][gc,phases      ] GC(98) Phase 1: Mark live objects 33.686ms
[14.352s][info][gc,phases,start] GC(98) Phase 2: Prepare compaction
[14.355s][info][gc,phases      ] GC(98) Phase 2: Prepare compaction 3.332ms
[14.355s][info][gc,phases,start] GC(98) Phase 3: Adjust pointers
[14.363s][info][gc,phases      ] GC(98) Phase 3: Adjust pointers 8.194ms
[14.363s][info][gc,phases,start] GC(98) Phase 4: Compact heap
[14.364s][info][gc,phases      ] GC(98) Phase 4: Compact heap 0.302ms
[14.366s][info][gc,heap        ] GC(98) Eden regions: 15->0(54)
[14.366s][info][gc,heap        ] GC(98) Survivor regions: 2->0(7)
[14.366s][info][gc,heap        ] GC(98) Old regions: 27->27
[14.366s][info][gc,heap        ] GC(98) Archive regions: 0->0
[14.366s][info][gc,heap        ] GC(98) Humongous regions: 0->0
[14.366s][info][gc,metaspace   ] GC(98) Metaspace: 12039K(12288K)->12039K(12288K) NonClass: 10412K(10560K)->10412K(10560K) Class: 1627K(1728K)->1627K(1728K)
[14.366s][info][gc             ] GC(98) Pause Full (System.gc()) 41M->25M(90M) 48.276ms
[14.366s][info][gc,cpu         ] GC(98) User=0.09s Sys=0.00s Real=0.04s
[14.503s][info][gc,start       ] GC(99) Pause Young (Normal) (G1 Evacuation Pause)
[14.503s][info][gc,task        ] GC(99) Using 2 workers of 33 for evacuation
[14.507s][info][gc,phases      ] GC(99)   Pre Evacuate Collection Set: 0.1ms
[14.507s][info][gc,phases      ] GC(99)   Merge Heap Roots: 0.1ms
[14.507s][info][gc,phases      ] GC(99)   Evacuate Collection Set: 2.8ms
[14.507s][info][gc,phases      ] GC(99)   Post Evacuate Collection Set: 0.2ms
[14.507s][info][gc,phases      ] GC(99)   Other: 0.1ms
[14.507s][info][gc,heap        ] GC(99) Eden regions: 54->0(53)
[14.507s][info][gc,heap        ] GC(99) Survivor regions: 0->1(7)
[14.507s][info][gc,heap        ] GC(99) Old regions: 27->27
[14.507s][info][gc,heap        ] GC(99) Archive regions: 0->0
[14.507s][info][gc,heap        ] GC(99) Humongous regions: 0->0
[14.507s][info][gc,metaspace   ] GC(99) Metaspace: 12040K(12288K)->12040K(12288K) NonClass: 10413K(10560K)->10413K(10560K) Class: 1627K(1728K)->1627K(1728K)
[14.507s][info][gc             ] GC(99) Pause Young (Normal) (G1 Evacuation Pause) 79M->26M(90M) 3.675ms
[14.507s][info][gc,cpu         ] GC(99) User=0.00s Sys=0.00s Real=0.00s
[14.623s][info][gc,start       ] GC(100) Pause Young (Normal) (G1 Evacuation Pause)
[14.623s][info][gc,task        ] GC(100) Using 2 workers of 33 for evacuation
[14.629s][info][gc,phases      ] GC(100)   Pre Evacuate Collection Set: 0.1ms
[14.629s][info][gc,phases      ] GC(100)   Merge Heap Roots: 0.1ms
[14.629s][info][gc,phases      ] GC(100)   Evacuate Collection Set: 5.2ms
[14.629s][info][gc,phases      ] GC(100)   Post Evacuate Collection Set: 0.2ms
[14.629s][info][gc,phases      ] GC(100)   Other: 0.1ms
[14.629s][info][gc,heap        ] GC(100) Eden regions: 53->0(52)
[14.629s][info][gc,heap        ] GC(100) Survivor regions: 1->2(7)
[14.629s][info][gc,heap        ] GC(100) Old regions: 27->27
[14.629s][info][gc,heap        ] GC(100) Archive regions: 0->0
[14.629s][info][gc,heap        ] GC(100) Humongous regions: 0->0
[14.629s][info][gc,metaspace   ] GC(100) Metaspace: 12040K(12288K)->12040K(12288K) NonClass: 10413K(10560K)->10413K(10560K) Class: 1627K(1728K)->1627K(1728K)
[14.629s][info][gc             ] GC(100) Pause Young (Normal) (G1 Evacuation Pause) 79M->27M(90M) 6.105ms
[14.629s][info][gc,cpu         ] GC(100) User=0.03s Sys=0.00s Real=0.02s
[14.670s][info][gc,start       ] GC(101) Pause Full (System.gc())
[14.670s][info][gc,task        ] GC(101) Using 2 workers of 33 for full compaction
[14.671s][info][gc,phases,start] GC(101) Phase 1: Mark live objects
[14.704s][info][gc,phases      ] GC(101) Phase 1: Mark live objects 33.681ms
[14.704s][info][gc,phases,start] GC(101) Phase 2: Prepare compaction
[14.708s][info][gc,phases      ] GC(101) Phase 2: Prepare compaction 3.347ms
[14.708s][info][gc,phases,start] GC(101) Phase 3: Adjust pointers
[14.721s][info][gc,phases      ] GC(101) Phase 3: Adjust pointers 13.244ms
[14.721s][info][gc,phases,start] GC(101) Phase 4: Compact heap
[14.721s][info][gc,phases      ] GC(101) Phase 4: Compact heap 0.325ms
[14.723s][info][gc,heap        ] GC(101) Eden regions: 15->0(54)
[14.723s][info][gc,heap        ] GC(101) Survivor regions: 2->0(7)
[14.723s][info][gc,heap        ] GC(101) Old regions: 27->27
[14.724s][info][gc,heap        ] GC(101) Archive regions: 0->0
[14.724s][info][gc,heap        ] GC(101) Humongous regions: 0->0
[14.724s][info][gc,metaspace   ] GC(101) Metaspace: 12040K(12288K)->12040K(12288K) NonClass: 10413K(10560K)->10413K(10560K) Class: 1627K(1728K)->1627K(1728K)
[14.724s][info][gc             ] GC(101) Pause Full (System.gc()) 41M->25M(90M) 53.349ms
[14.724s][info][gc,cpu         ] GC(101) User=0.11s Sys=0.00s Real=0.06s
[14.854s][info][gc,start       ] GC(102) Pause Young (Normal) (G1 Evacuation Pause)
[14.854s][info][gc,task        ] GC(102) Using 2 workers of 33 for evacuation
[14.861s][info][gc,phases      ] GC(102)   Pre Evacuate Collection Set: 0.1ms
[14.861s][info][gc,phases      ] GC(102)   Merge Heap Roots: 0.0ms
[14.861s][info][gc,phases      ] GC(102)   Evacuate Collection Set: 2.8ms
[14.861s][info][gc,phases      ] GC(102)   Post Evacuate Collection Set: 3.4ms
[14.861s][info][gc,phases      ] GC(102)   Other: 0.1ms
[14.861s][info][gc,heap        ] GC(102) Eden regions: 54->0(179)
[14.861s][info][gc,heap        ] GC(102) Survivor regions: 0->1(7)
[14.861s][info][gc,heap        ] GC(102) Old regions: 27->27
[14.861s][info][gc,heap        ] GC(102) Archive regions: 0->0
[14.861s][info][gc,heap        ] GC(102) Humongous regions: 0->0
[14.861s][info][gc,metaspace   ] GC(102) Metaspace: 12040K(12288K)->12040K(12288K) NonClass: 10413K(10560K)->10413K(10560K) Class: 1627K(1728K)->1627K(1728K)
[14.861s][info][gc             ] GC(102) Pause Young (Normal) (G1 Evacuation Pause) 79M->26M(301M) 6.842ms
[14.861s][info][gc,cpu         ] GC(102) User=0.00s Sys=0.02s Real=0.02s
[15.041s][info][gc,start       ] GC(103) Pause Full (System.gc())
[15.042s][info][gc,task        ] GC(103) Using 7 workers of 33 for full compaction
[15.042s][info][gc,phases,start] GC(103) Phase 1: Mark live objects
[15.055s][info][gc,phases      ] GC(103) Phase 1: Mark live objects 12.622ms
[15.055s][info][gc,phases,start] GC(103) Phase 2: Prepare compaction
[15.057s][info][gc,phases      ] GC(103) Phase 2: Prepare compaction 2.583ms
[15.057s][info][gc,phases,start] GC(103) Phase 3: Adjust pointers
[15.060s][info][gc,phases      ] GC(103) Phase 3: Adjust pointers 2.958ms
[15.060s][info][gc,phases,start] GC(103) Phase 4: Compact heap
[15.061s][info][gc,phases      ] GC(103) Phase 4: Compact heap 0.230ms
[15.063s][info][gc,heap        ] GC(103) Eden regions: 68->0(56)
[15.063s][info][gc,heap        ] GC(103) Survivor regions: 1->0(7)
[15.063s][info][gc,heap        ] GC(103) Old regions: 27->28
[15.063s][info][gc,heap        ] GC(103) Archive regions: 0->0
[15.063s][info][gc,heap        ] GC(103) Humongous regions: 0->0
[15.063s][info][gc,metaspace   ] GC(103) Metaspace: 12040K(12288K)->12040K(12288K) NonClass: 10413K(10560K)->10413K(10560K) Class: 1627K(1728K)->1627K(1728K)
[15.063s][info][gc             ] GC(103) Pause Full (System.gc()) 93M->25M(94M) 21.912ms
[15.063s][info][gc,cpu         ] GC(103) User=0.11s Sys=0.00s Real=0.02s
[15.192s][info][gc,start       ] GC(104) Pause Young (Normal) (G1 Evacuation Pause)
[15.192s][info][gc,task        ] GC(104) Using 4 workers of 33 for evacuation
[15.194s][info][gc,phases      ] GC(104)   Pre Evacuate Collection Set: 0.1ms
[15.194s][info][gc,phases      ] GC(104)   Merge Heap Roots: 0.1ms
[15.194s][info][gc,phases      ] GC(104)   Evacuate Collection Set: 1.7ms
[15.194s][info][gc,phases      ] GC(104)   Post Evacuate Collection Set: 0.2ms
[15.194s][info][gc,phases      ] GC(104)   Other: 0.1ms
[15.194s][info][gc,heap        ] GC(104) Eden regions: 56->0(55)
[15.194s][info][gc,heap        ] GC(104) Survivor regions: 0->1(7)
[15.194s][info][gc,heap        ] GC(104) Old regions: 28->28
[15.194s][info][gc,heap        ] GC(104) Archive regions: 0->0
[15.195s][info][gc,heap        ] GC(104) Humongous regions: 0->0
[15.195s][info][gc,metaspace   ] GC(104) Metaspace: 12043K(12288K)->12043K(12288K) NonClass: 10416K(10560K)->10416K(10560K) Class: 1627K(1728K)->1627K(1728K)
[15.195s][info][gc             ] GC(104) Pause Young (Normal) (G1 Evacuation Pause) 81M->26M(94M) 2.623ms
[15.195s][info][gc,cpu         ] GC(104) User=0.06s Sys=0.00s Real=0.02s
[15.315s][info][gc,start       ] GC(105) Pause Young (Normal) (G1 Evacuation Pause)
[15.315s][info][gc,task        ] GC(105) Using 3 workers of 33 for evacuation
[15.319s][info][gc,phases      ] GC(105)   Pre Evacuate Collection Set: 0.1ms
[15.319s][info][gc,phases      ] GC(105)   Merge Heap Roots: 0.0ms
[15.319s][info][gc,phases      ] GC(105)   Evacuate Collection Set: 4.0ms
[15.319s][info][gc,phases      ] GC(105)   Post Evacuate Collection Set: 0.2ms
[15.319s][info][gc,phases      ] GC(105)   Other: 0.1ms
[15.320s][info][gc,heap        ] GC(105) Eden regions: 55->0(54)
[15.320s][info][gc,heap        ] GC(105) Survivor regions: 1->2(7)
[15.320s][info][gc,heap        ] GC(105) Old regions: 28->28
[15.320s][info][gc,heap        ] GC(105) Archive regions: 0->0
[15.320s][info][gc,heap        ] GC(105) Humongous regions: 0->0
[15.320s][info][gc,metaspace   ] GC(105) Metaspace: 12043K(12288K)->12043K(12288K) NonClass: 10416K(10560K)->10416K(10560K) Class: 1627K(1728K)->1627K(1728K)
[15.320s][info][gc             ] GC(105) Pause Young (Normal) (G1 Evacuation Pause) 81M->27M(94M) 5.030ms
[15.320s][info][gc,cpu         ] GC(105) User=0.05s Sys=0.00s Real=0.02s
[15.352s][info][gc,start       ] GC(106) Pause Full (System.gc())
[15.352s][info][gc,task        ] GC(106) Using 2 workers of 33 for full compaction
[15.352s][info][gc,phases,start] GC(106) Phase 1: Mark live objects
[15.378s][info][gc,phases      ] GC(106) Phase 1: Mark live objects 25.968ms
[15.378s][info][gc,phases,start] GC(106) Phase 2: Prepare compaction
[15.382s][info][gc,phases      ] GC(106) Phase 2: Prepare compaction 3.478ms
[15.382s][info][gc,phases,start] GC(106) Phase 3: Adjust pointers
[15.395s][info][gc,phases      ] GC(106) Phase 3: Adjust pointers 13.095ms
[15.395s][info][gc,phases,start] GC(106) Phase 4: Compact heap
[15.395s][info][gc,phases      ] GC(106) Phase 4: Compact heap 0.292ms
[15.398s][info][gc,heap        ] GC(106) Eden regions: 11->0(54)
[15.398s][info][gc,heap        ] GC(106) Survivor regions: 2->0(7)
[15.398s][info][gc,heap        ] GC(106) Old regions: 28->27
[15.398s][info][gc,heap        ] GC(106) Archive regions: 0->0
[15.398s][info][gc,heap        ] GC(106) Humongous regions: 0->0
[15.398s][info][gc,metaspace   ] GC(106) Metaspace: 12043K(12288K)->12043K(12288K) NonClass: 10416K(10560K)->10416K(10560K) Class: 1627K(1728K)->1627K(1728K)
[15.398s][info][gc             ] GC(106) Pause Full (System.gc()) 38M->25M(90M) 45.701ms
[15.398s][info][gc,cpu         ] GC(106) User=0.08s Sys=0.00s Real=0.05s
[15.540s][info][gc,start       ] GC(107) Pause Young (Normal) (G1 Evacuation Pause)
[15.540s][info][gc,task        ] GC(107) Using 2 workers of 33 for evacuation
[15.543s][info][gc,phases      ] GC(107)   Pre Evacuate Collection Set: 0.1ms
[15.543s][info][gc,phases      ] GC(107)   Merge Heap Roots: 0.1ms
[15.543s][info][gc,phases      ] GC(107)   Evacuate Collection Set: 2.7ms
[15.543s][info][gc,phases      ] GC(107)   Post Evacuate Collection Set: 0.2ms
[15.543s][info][gc,phases      ] GC(107)   Other: 0.1ms
[15.543s][info][gc,heap        ] GC(107) Eden regions: 54->0(53)
[15.543s][info][gc,heap        ] GC(107) Survivor regions: 0->1(7)
[15.543s][info][gc,heap        ] GC(107) Old regions: 27->27
[15.543s][info][gc,heap        ] GC(107) Archive regions: 0->0
[15.543s][info][gc,heap        ] GC(107) Humongous regions: 0->0
[15.543s][info][gc,metaspace   ] GC(107) Metaspace: 12043K(12288K)->12043K(12288K) NonClass: 10416K(10560K)->10416K(10560K) Class: 1627K(1728K)->1627K(1728K)
[15.543s][info][gc             ] GC(107) Pause Young (Normal) (G1 Evacuation Pause) 79M->26M(90M) 3.634ms
[15.543s][info][gc,cpu         ] GC(107) User=0.00s Sys=0.00s Real=0.00s
[15.673s][info][gc,start       ] GC(108) Pause Young (Normal) (G1 Evacuation Pause)
[15.673s][info][gc,task        ] GC(108) Using 2 workers of 33 for evacuation
[15.679s][info][gc,phases      ] GC(108)   Pre Evacuate Collection Set: 0.1ms
[15.679s][info][gc,phases      ] GC(108)   Merge Heap Roots: 0.1ms
[15.679s][info][gc,phases      ] GC(108)   Evacuate Collection Set: 5.2ms
[15.679s][info][gc,phases      ] GC(108)   Post Evacuate Collection Set: 0.2ms
[15.679s][info][gc,phases      ] GC(108)   Other: 0.1ms
[15.679s][info][gc,heap        ] GC(108) Eden regions: 53->0(52)
[15.679s][info][gc,heap        ] GC(108) Survivor regions: 1->2(7)
[15.679s][info][gc,heap        ] GC(108) Old regions: 27->27
[15.679s][info][gc,heap        ] GC(108) Archive regions: 0->0
[15.679s][info][gc,heap        ] GC(108) Humongous regions: 0->0
[15.679s][info][gc,metaspace   ] GC(108) Metaspace: 12043K(12288K)->12043K(12288K) NonClass: 10416K(10560K)->10416K(10560K) Class: 1627K(1728K)->1627K(1728K)
[15.679s][info][gc             ] GC(108) Pause Young (Normal) (G1 Evacuation Pause) 79M->27M(90M) 6.137ms
[15.679s][info][gc,cpu         ] GC(108) User=0.00s Sys=0.00s Real=0.00s
[15.718s][info][gc,start       ] GC(109) Pause Full (System.gc())
[15.718s][info][gc,task        ] GC(109) Using 2 workers of 33 for full compaction
[15.718s][info][gc,phases,start] GC(109) Phase 1: Mark live objects
[15.758s][info][gc,phases      ] GC(109) Phase 1: Mark live objects 39.446ms
[15.758s][info][gc,phases,start] GC(109) Phase 2: Prepare compaction
[15.761s][info][gc,phases      ] GC(109) Phase 2: Prepare compaction 3.568ms
[15.761s][info][gc,phases,start] GC(109) Phase 3: Adjust pointers
[15.771s][info][gc,phases      ] GC(109) Phase 3: Adjust pointers 9.415ms
[15.771s][info][gc,phases,start] GC(109) Phase 4: Compact heap
[15.771s][info][gc,phases      ] GC(109) Phase 4: Compact heap 0.301ms
[15.773s][info][gc,heap        ] GC(109) Eden regions: 15->0(54)
[15.773s][info][gc,heap        ] GC(109) Survivor regions: 2->0(7)
[15.773s][info][gc,heap        ] GC(109) Old regions: 27->27
[15.773s][info][gc,heap        ] GC(109) Archive regions: 0->0
[15.773s][info][gc,heap        ] GC(109) Humongous regions: 0->0
[15.773s][info][gc,metaspace   ] GC(109) Metaspace: 12043K(12288K)->12043K(12288K) NonClass: 10416K(10560K)->10416K(10560K) Class: 1627K(1728K)->1627K(1728K)
[15.773s][info][gc             ] GC(109) Pause Full (System.gc()) 41M->25M(90M) 55.518ms
[15.774s][info][gc,cpu         ] GC(109) User=0.09s Sys=0.00s Real=0.05s
[15.910s][info][gc,start       ] GC(110) Pause Young (Normal) (G1 Evacuation Pause)
[15.910s][info][gc,task        ] GC(110) Using 2 workers of 33 for evacuation
[15.914s][info][gc,phases      ] GC(110)   Pre Evacuate Collection Set: 0.1ms
[15.914s][info][gc,phases      ] GC(110)   Merge Heap Roots: 0.1ms
[15.914s][info][gc,phases      ] GC(110)   Evacuate Collection Set: 2.8ms
[15.914s][info][gc,phases      ] GC(110)   Post Evacuate Collection Set: 0.2ms
[15.914s][info][gc,phases      ] GC(110)   Other: 0.1ms
[15.914s][info][gc,heap        ] GC(110) Eden regions: 54->0(53)
[15.914s][info][gc,heap        ] GC(110) Survivor regions: 0->1(7)
[15.914s][info][gc,heap        ] GC(110) Old regions: 27->27
[15.914s][info][gc,heap        ] GC(110) Archive regions: 0->0
[15.914s][info][gc,heap        ] GC(110) Humongous regions: 0->0
[15.914s][info][gc,metaspace   ] GC(110) Metaspace: 12051K(12288K)->12051K(12288K) NonClass: 10424K(10560K)->10424K(10560K) Class: 1627K(1728K)->1627K(1728K)
[15.914s][info][gc             ] GC(110) Pause Young (Normal) (G1 Evacuation Pause) 79M->26M(90M) 3.660ms
[15.914s][info][gc,cpu         ] GC(110) User=0.00s Sys=0.00s Real=0.00s
[16.030s][info][gc,start       ] GC(111) Pause Young (Normal) (G1 Evacuation Pause)
[16.030s][info][gc,task        ] GC(111) Using 2 workers of 33 for evacuation
[16.035s][info][gc,phases      ] GC(111)   Pre Evacuate Collection Set: 0.1ms
[16.035s][info][gc,phases      ] GC(111)   Merge Heap Roots: 0.1ms
[16.036s][info][gc,phases      ] GC(111)   Evacuate Collection Set: 5.2ms
[16.036s][info][gc,phases      ] GC(111)   Post Evacuate Collection Set: 0.2ms
[16.036s][info][gc,phases      ] GC(111)   Other: 0.1ms
[16.036s][info][gc,heap        ] GC(111) Eden regions: 53->0(52)
[16.036s][info][gc,heap        ] GC(111) Survivor regions: 1->2(7)
[16.036s][info][gc,heap        ] GC(111) Old regions: 27->27
[16.036s][info][gc,heap        ] GC(111) Archive regions: 0->0
[16.036s][info][gc,heap        ] GC(111) Humongous regions: 0->0
[16.036s][info][gc,metaspace   ] GC(111) Metaspace: 12051K(12288K)->12051K(12288K) NonClass: 10424K(10560K)->10424K(10560K) Class: 1627K(1728K)->1627K(1728K)
[16.036s][info][gc             ] GC(111) Pause Young (Normal) (G1 Evacuation Pause) 79M->27M(90M) 6.098ms
[16.036s][info][gc,cpu         ] GC(111) User=0.00s Sys=0.00s Real=0.00s
[16.077s][info][gc,start       ] GC(112) Pause Full (System.gc())
[16.077s][info][gc,task        ] GC(112) Using 2 workers of 33 for full compaction
[16.078s][info][gc,phases,start] GC(112) Phase 1: Mark live objects
[16.111s][info][gc,phases      ] GC(112) Phase 1: Mark live objects 33.091ms
[16.111s][info][gc,phases,start] GC(112) Phase 2: Prepare compaction
[16.114s][info][gc,phases      ] GC(112) Phase 2: Prepare compaction 3.416ms
[16.114s][info][gc,phases,start] GC(112) Phase 3: Adjust pointers
[16.122s][info][gc,phases      ] GC(112) Phase 3: Adjust pointers 7.396ms
[16.122s][info][gc,phases,start] GC(112) Phase 4: Compact heap
[16.122s][info][gc,phases      ] GC(112) Phase 4: Compact heap 0.302ms
[16.124s][info][gc,heap        ] GC(112) Eden regions: 15->0(54)
[16.124s][info][gc,heap        ] GC(112) Survivor regions: 2->0(7)
[16.124s][info][gc,heap        ] GC(112) Old regions: 27->27
[16.124s][info][gc,heap        ] GC(112) Archive regions: 0->0
[16.124s][info][gc,heap        ] GC(112) Humongous regions: 0->0
[16.124s][info][gc,metaspace   ] GC(112) Metaspace: 12051K(12288K)->12051K(12288K) NonClass: 10424K(10560K)->10424K(10560K) Class: 1627K(1728K)->1627K(1728K)
[16.124s][info][gc             ] GC(112) Pause Full (System.gc()) 41M->25M(90M) 47.043ms
[16.124s][info][gc,cpu         ] GC(112) User=0.11s Sys=0.00s Real=0.05s
[16.262s][info][gc,start       ] GC(113) Pause Young (Normal) (G1 Evacuation Pause)
[16.262s][info][gc,task        ] GC(113) Using 2 workers of 33 for evacuation
[16.268s][info][gc,phases      ] GC(113)   Pre Evacuate Collection Set: 0.1ms
[16.268s][info][gc,phases      ] GC(113)   Merge Heap Roots: 0.0ms
[16.268s][info][gc,phases      ] GC(113)   Evacuate Collection Set: 2.8ms
[16.268s][info][gc,phases      ] GC(113)   Post Evacuate Collection Set: 3.3ms
[16.268s][info][gc,phases      ] GC(113)   Other: 0.1ms
[16.268s][info][gc,heap        ] GC(113) Eden regions: 54->0(179)
[16.268s][info][gc,heap        ] GC(113) Survivor regions: 0->1(7)
[16.268s][info][gc,heap        ] GC(113) Old regions: 27->27
[16.268s][info][gc,heap        ] GC(113) Archive regions: 0->0
[16.268s][info][gc,heap        ] GC(113) Humongous regions: 0->0
[16.269s][info][gc,metaspace   ] GC(113) Metaspace: 12052K(12288K)->12052K(12288K) NonClass: 10425K(10560K)->10425K(10560K) Class: 1627K(1728K)->1627K(1728K)
[16.269s][info][gc             ] GC(113) Pause Young (Normal) (G1 Evacuation Pause) 79M->26M(301M) 6.745ms
[16.269s][info][gc,cpu         ] GC(113) User=0.00s Sys=0.00s Real=0.00s
[16.449s][info][gc,start       ] GC(114) Pause Full (System.gc())
[16.449s][info][gc,task        ] GC(114) Using 7 workers of 33 for full compaction
[16.450s][info][gc,phases,start] GC(114) Phase 1: Mark live objects
[16.466s][info][gc,phases      ] GC(114) Phase 1: Mark live objects 16.339ms
[16.466s][info][gc,phases,start] GC(114) Phase 2: Prepare compaction
[16.468s][info][gc,phases      ] GC(114) Phase 2: Prepare compaction 2.295ms
[16.468s][info][gc,phases,start] GC(114) Phase 3: Adjust pointers
[16.471s][info][gc,phases      ] GC(114) Phase 3: Adjust pointers 2.914ms
[16.471s][info][gc,phases,start] GC(114) Phase 4: Compact heap
[16.472s][info][gc,phases      ] GC(114) Phase 4: Compact heap 0.316ms
[16.475s][info][gc,heap        ] GC(114) Eden regions: 68->0(56)
[16.475s][info][gc,heap        ] GC(114) Survivor regions: 1->0(7)
[16.475s][info][gc,heap        ] GC(114) Old regions: 27->28
[16.475s][info][gc,heap        ] GC(114) Archive regions: 0->0
[16.475s][info][gc,heap        ] GC(114) Humongous regions: 0->0
[16.475s][info][gc,metaspace   ] GC(114) Metaspace: 12055K(12288K)->12055K(12288K) NonClass: 10427K(10560K)->10427K(10560K) Class: 1627K(1728K)->1627K(1728K)
[16.475s][info][gc             ] GC(114) Pause Full (System.gc()) 93M->25M(94M) 26.166ms
[16.475s][info][gc,cpu         ] GC(114) User=0.13s Sys=0.06s Real=0.03s
[16.611s][info][gc,start       ] GC(115) Pause Young (Normal) (G1 Evacuation Pause)
[16.611s][info][gc,task        ] GC(115) Using 4 workers of 33 for evacuation
[16.613s][info][gc,phases      ] GC(115)   Pre Evacuate Collection Set: 0.1ms
[16.613s][info][gc,phases      ] GC(115)   Merge Heap Roots: 0.0ms
[16.614s][info][gc,phases      ] GC(115)   Evacuate Collection Set: 1.5ms
[16.614s][info][gc,phases      ] GC(115)   Post Evacuate Collection Set: 0.2ms
[16.614s][info][gc,phases      ] GC(115)   Other: 0.1ms
[16.614s][info][gc,heap        ] GC(115) Eden regions: 56->0(55)
[16.614s][info][gc,heap        ] GC(115) Survivor regions: 0->1(7)
[16.614s][info][gc,heap        ] GC(115) Old regions: 28->28
[16.614s][info][gc,heap        ] GC(115) Archive regions: 0->0
[16.614s][info][gc,heap        ] GC(115) Humongous regions: 0->0
[16.614s][info][gc,metaspace   ] GC(115) Metaspace: 12055K(12288K)->12055K(12288K) NonClass: 10427K(10560K)->10427K(10560K) Class: 1627K(1728K)->1627K(1728K)
[16.614s][info][gc             ] GC(115) Pause Young (Normal) (G1 Evacuation Pause) 81M->26M(94M) 2.463ms
[16.614s][info][gc,cpu         ] GC(115) User=0.06s Sys=0.00s Real=0.01s
[16.766s][info][gc,start       ] GC(116) Pause Young (Normal) (G1 Evacuation Pause)
[16.766s][info][gc,task        ] GC(116) Using 3 workers of 33 for evacuation
[16.770s][info][gc,phases      ] GC(116)   Pre Evacuate Collection Set: 0.1ms
[16.770s][info][gc,phases      ] GC(116)   Merge Heap Roots: 0.0ms
[16.770s][info][gc,phases      ] GC(116)   Evacuate Collection Set: 4.0ms
[16.770s][info][gc,phases      ] GC(116)   Post Evacuate Collection Set: 0.2ms
[16.770s][info][gc,phases      ] GC(116)   Other: 0.1ms
[16.770s][info][gc,heap        ] GC(116) Eden regions: 55->0(54)
[16.770s][info][gc,heap        ] GC(116) Survivor regions: 1->2(7)
[16.771s][info][gc,heap        ] GC(116) Old regions: 28->28
[16.771s][info][gc,heap        ] GC(116) Archive regions: 0->0
[16.771s][info][gc,heap        ] GC(116) Humongous regions: 0->0
[16.771s][info][gc,metaspace   ] GC(116) Metaspace: 12055K(12288K)->12055K(12288K) NonClass: 10427K(10560K)->10427K(10560K) Class: 1627K(1728K)->1627K(1728K)
[16.771s][info][gc             ] GC(116) Pause Young (Normal) (G1 Evacuation Pause) 81M->27M(94M) 4.910ms
[16.771s][info][gc,cpu         ] GC(116) User=0.00s Sys=0.00s Real=0.00s
[16.816s][info][gc,start       ] GC(117) Pause Full (System.gc())
[16.816s][info][gc,task        ] GC(117) Using 2 workers of 33 for full compaction
[16.816s][info][gc,phases,start] GC(117) Phase 1: Mark live objects
[16.853s][info][gc,phases      ] GC(117) Phase 1: Mark live objects 36.512ms
[16.853s][info][gc,phases,start] GC(117) Phase 2: Prepare compaction
[16.856s][info][gc,phases      ] GC(117) Phase 2: Prepare compaction 3.404ms
[16.856s][info][gc,phases,start] GC(117) Phase 3: Adjust pointers
[16.864s][info][gc,phases      ] GC(117) Phase 3: Adjust pointers 7.639ms
[16.864s][info][gc,phases,start] GC(117) Phase 4: Compact heap
[16.864s][info][gc,phases      ] GC(117) Phase 4: Compact heap 0.299ms
[16.866s][info][gc,heap        ] GC(117) Eden regions: 11->0(54)
[16.866s][info][gc,heap        ] GC(117) Survivor regions: 2->0(7)
[16.866s][info][gc,heap        ] GC(117) Old regions: 28->27
[16.866s][info][gc,heap        ] GC(117) Archive regions: 0->0
[16.867s][info][gc,heap        ] GC(117) Humongous regions: 0->0
[16.867s][info][gc,metaspace   ] GC(117) Metaspace: 12055K(12288K)->12055K(12288K) NonClass: 10427K(10560K)->10427K(10560K) Class: 1627K(1728K)->1627K(1728K)
[16.867s][info][gc             ] GC(117) Pause Full (System.gc()) 38M->25M(90M) 50.678ms
[16.867s][info][gc,cpu         ] GC(117) User=0.09s Sys=0.00s Real=0.05s
[17.006s][info][gc,start       ] GC(118) Pause Young (Normal) (G1 Evacuation Pause)
[17.006s][info][gc,task        ] GC(118) Using 2 workers of 33 for evacuation
[17.009s][info][gc,phases      ] GC(118)   Pre Evacuate Collection Set: 0.1ms
[17.009s][info][gc,phases      ] GC(118)   Merge Heap Roots: 0.1ms
[17.009s][info][gc,phases      ] GC(118)   Evacuate Collection Set: 2.7ms
[17.009s][info][gc,phases      ] GC(118)   Post Evacuate Collection Set: 0.2ms
[17.009s][info][gc,phases      ] GC(118)   Other: 0.1ms
[17.009s][info][gc,heap        ] GC(118) Eden regions: 54->0(53)
[17.009s][info][gc,heap        ] GC(118) Survivor regions: 0->1(7)
[17.009s][info][gc,heap        ] GC(118) Old regions: 27->27
[17.009s][info][gc,heap        ] GC(118) Archive regions: 0->0
[17.009s][info][gc,heap        ] GC(118) Humongous regions: 0->0
[17.009s][info][gc,metaspace   ] GC(118) Metaspace: 12055K(12288K)->12055K(12288K) NonClass: 10427K(10560K)->10427K(10560K) Class: 1627K(1728K)->1627K(1728K)
[17.009s][info][gc             ] GC(118) Pause Young (Normal) (G1 Evacuation Pause) 79M->26M(90M) 3.660ms
[17.009s][info][gc,cpu         ] GC(118) User=0.00s Sys=0.00s Real=0.00s
[17.125s][info][gc,start       ] GC(119) Pause Young (Normal) (G1 Evacuation Pause)
[17.125s][info][gc,task        ] GC(119) Using 2 workers of 33 for evacuation
[17.131s][info][gc,phases      ] GC(119)   Pre Evacuate Collection Set: 0.1ms
[17.131s][info][gc,phases      ] GC(119)   Merge Heap Roots: 0.1ms
[17.131s][info][gc,phases      ] GC(119)   Evacuate Collection Set: 5.2ms
[17.131s][info][gc,phases      ] GC(119)   Post Evacuate Collection Set: 0.2ms
[17.131s][info][gc,phases      ] GC(119)   Other: 0.1ms
[17.131s][info][gc,heap        ] GC(119) Eden regions: 53->0(52)
[17.131s][info][gc,heap        ] GC(119) Survivor regions: 1->2(7)
[17.131s][info][gc,heap        ] GC(119) Old regions: 27->27
[17.131s][info][gc,heap        ] GC(119) Archive regions: 0->0
[17.131s][info][gc,heap        ] GC(119) Humongous regions: 0->0
[17.131s][info][gc,metaspace   ] GC(119) Metaspace: 12055K(12288K)->12055K(12288K) NonClass: 10427K(10560K)->10427K(10560K) Class: 1627K(1728K)->1627K(1728K)
[17.131s][info][gc             ] GC(119) Pause Young (Normal) (G1 Evacuation Pause) 79M->27M(90M) 6.021ms
[17.131s][info][gc,cpu         ] GC(119) User=0.00s Sys=0.00s Real=0.00s
[17.172s][info][gc,start       ] GC(120) Pause Full (System.gc())
[17.173s][info][gc,task        ] GC(120) Using 2 workers of 33 for full compaction
[17.173s][info][gc,phases,start] GC(120) Phase 1: Mark live objects
[17.206s][info][gc,phases      ] GC(120) Phase 1: Mark live objects 33.587ms
[17.206s][info][gc,phases,start] GC(120) Phase 2: Prepare compaction
[17.210s][info][gc,phases      ] GC(120) Phase 2: Prepare compaction 3.312ms
[17.210s][info][gc,phases,start] GC(120) Phase 3: Adjust pointers
[17.223s][info][gc,phases      ] GC(120) Phase 3: Adjust pointers 12.927ms
[17.223s][info][gc,phases,start] GC(120) Phase 4: Compact heap
[17.223s][info][gc,phases      ] GC(120) Phase 4: Compact heap 0.311ms
[17.225s][info][gc,heap        ] GC(120) Eden regions: 15->0(54)
[17.225s][info][gc,heap        ] GC(120) Survivor regions: 2->0(7)
[17.225s][info][gc,heap        ] GC(120) Old regions: 27->27
[17.225s][info][gc,heap        ] GC(120) Archive regions: 0->0
[17.225s][info][gc,heap        ] GC(120) Humongous regions: 0->0
[17.225s][info][gc,metaspace   ] GC(120) Metaspace: 12055K(12288K)->12055K(12288K) NonClass: 10427K(10560K)->10427K(10560K) Class: 1627K(1728K)->1627K(1728K)
[17.225s][info][gc             ] GC(120) Pause Full (System.gc()) 41M->25M(90M) 52.928ms
[17.225s][info][gc,cpu         ] GC(120) User=0.09s Sys=0.00s Real=0.05s
[17.358s][info][gc,start       ] GC(121) Pause Young (Normal) (G1 Evacuation Pause)
[17.358s][info][gc,task        ] GC(121) Using 2 workers of 33 for evacuation
[17.362s][info][gc,phases      ] GC(121)   Pre Evacuate Collection Set: 0.1ms
[17.362s][info][gc,phases      ] GC(121)   Merge Heap Roots: 0.0ms
[17.362s][info][gc,phases      ] GC(121)   Evacuate Collection Set: 2.7ms
[17.362s][info][gc,phases      ] GC(121)   Post Evacuate Collection Set: 0.2ms
[17.362s][info][gc,phases      ] GC(121)   Other: 0.1ms
[17.362s][info][gc,heap        ] GC(121) Eden regions: 54->0(53)
[17.362s][info][gc,heap        ] GC(121) Survivor regions: 0->1(7)
[17.362s][info][gc,heap        ] GC(121) Old regions: 27->27
[17.362s][info][gc,heap        ] GC(121) Archive regions: 0->0
[17.362s][info][gc,heap        ] GC(121) Humongous regions: 0->0
[17.362s][info][gc,metaspace   ] GC(121) Metaspace: 12055K(12288K)->12055K(12288K) NonClass: 10427K(10560K)->10427K(10560K) Class: 1627K(1728K)->1627K(1728K)
[17.362s][info][gc             ] GC(121) Pause Young (Normal) (G1 Evacuation Pause) 79M->26M(90M) 3.670ms
[17.362s][info][gc,cpu         ] GC(121) User=0.03s Sys=0.00s Real=0.02s
[17.478s][info][gc,start       ] GC(122) Pause Young (Normal) (G1 Evacuation Pause)
[17.478s][info][gc,task        ] GC(122) Using 2 workers of 33 for evacuation
[17.482s][info][gc,phases      ] GC(122)   Pre Evacuate Collection Set: 0.1ms
[17.482s][info][gc,phases      ] GC(122)   Merge Heap Roots: 0.1ms
[17.482s][info][gc,phases      ] GC(122)   Evacuate Collection Set: 3.3ms
[17.482s][info][gc,phases      ] GC(122)   Post Evacuate Collection Set: 0.2ms
[17.482s][info][gc,phases      ] GC(122)   Other: 0.1ms
[17.482s][info][gc,heap        ] GC(122) Eden regions: 53->0(52)
[17.482s][info][gc,heap        ] GC(122) Survivor regions: 1->2(7)
[17.482s][info][gc,heap        ] GC(122) Old regions: 27->27
[17.482s][info][gc,heap        ] GC(122) Archive regions: 0->0
[17.482s][info][gc,heap        ] GC(122) Humongous regions: 0->0
[17.482s][info][gc,metaspace   ] GC(122) Metaspace: 12055K(12288K)->12055K(12288K) NonClass: 10427K(10560K)->10427K(10560K) Class: 1627K(1728K)->1627K(1728K)
[17.482s][info][gc             ] GC(122) Pause Young (Normal) (G1 Evacuation Pause) 79M->27M(90M) 4.110ms
[17.482s][info][gc,cpu         ] GC(122) User=0.00s Sys=0.00s Real=0.00s
[17.521s][info][gc,start       ] GC(123) Pause Full (System.gc())
[17.521s][info][gc,task        ] GC(123) Using 2 workers of 33 for full compaction
[17.521s][info][gc,phases,start] GC(123) Phase 1: Mark live objects
[17.557s][info][gc,phases      ] GC(123) Phase 1: Mark live objects 35.951ms
[17.557s][info][gc,phases,start] GC(123) Phase 2: Prepare compaction
[17.560s][info][gc,phases      ] GC(123) Phase 2: Prepare compaction 3.320ms
[17.560s][info][gc,phases,start] GC(123) Phase 3: Adjust pointers
[17.574s][info][gc,phases      ] GC(123) Phase 3: Adjust pointers 13.431ms
[17.574s][info][gc,phases,start] GC(123) Phase 4: Compact heap
[17.574s][info][gc,phases      ] GC(123) Phase 4: Compact heap 0.312ms
[17.576s][info][gc,heap        ] GC(123) Eden regions: 15->0(54)
[17.576s][info][gc,heap        ] GC(123) Survivor regions: 2->0(7)
[17.576s][info][gc,heap        ] GC(123) Old regions: 27->27
[17.576s][info][gc,heap        ] GC(123) Archive regions: 0->0
[17.576s][info][gc,heap        ] GC(123) Humongous regions: 0->0
[17.576s][info][gc,metaspace   ] GC(123) Metaspace: 12055K(12288K)->12055K(12288K) NonClass: 10427K(10560K)->10427K(10560K) Class: 1627K(1728K)->1627K(1728K)
[17.576s][info][gc             ] GC(123) Pause Full (System.gc()) 41M->25M(90M) 55.794ms
[17.577s][info][gc,cpu         ] GC(123) User=0.09s Sys=0.00s Real=0.05s
[17.714s][info][gc,start       ] GC(124) Pause Young (Normal) (G1 Evacuation Pause)
[17.714s][info][gc,task        ] GC(124) Using 2 workers of 33 for evacuation
[17.719s][info][gc,phases      ] GC(124)   Pre Evacuate Collection Set: 0.1ms
[17.719s][info][gc,phases      ] GC(124)   Merge Heap Roots: 0.1ms
[17.719s][info][gc,phases      ] GC(124)   Evacuate Collection Set: 1.7ms
[17.719s][info][gc,phases      ] GC(124)   Post Evacuate Collection Set: 3.3ms
[17.719s][info][gc,phases      ] GC(124)   Other: 0.1ms
[17.719s][info][gc,heap        ] GC(124) Eden regions: 54->0(179)
[17.719s][info][gc,heap        ] GC(124) Survivor regions: 0->1(7)
[17.720s][info][gc,heap        ] GC(124) Old regions: 27->27
[17.720s][info][gc,heap        ] GC(124) Archive regions: 0->0
[17.720s][info][gc,heap        ] GC(124) Humongous regions: 0->0
[17.720s][info][gc,metaspace   ] GC(124) Metaspace: 12055K(12288K)->12055K(12288K) NonClass: 10427K(10560K)->10427K(10560K) Class: 1627K(1728K)->1627K(1728K)
[17.720s][info][gc             ] GC(124) Pause Young (Normal) (G1 Evacuation Pause) 79M->26M(301M) 5.725ms
[17.720s][info][gc,cpu         ] GC(124) User=0.00s Sys=0.00s Real=0.00s
[17.916s][info][gc,start       ] GC(125) Pause Full (System.gc())
[17.916s][info][gc,task        ] GC(125) Using 7 workers of 33 for full compaction
[17.916s][info][gc,phases,start] GC(125) Phase 1: Mark live objects
[17.931s][info][gc,phases      ] GC(125) Phase 1: Mark live objects 14.816ms
[17.931s][info][gc,phases,start] GC(125) Phase 2: Prepare compaction
[17.933s][info][gc,phases      ] GC(125) Phase 2: Prepare compaction 2.284ms
[17.933s][info][gc,phases,start] GC(125) Phase 3: Adjust pointers
[17.937s][info][gc,phases      ] GC(125) Phase 3: Adjust pointers 3.089ms
[17.937s][info][gc,phases,start] GC(125) Phase 4: Compact heap
[17.937s][info][gc,phases      ] GC(125) Phase 4: Compact heap 0.227ms
[17.940s][info][gc,heap        ] GC(125) Eden regions: 68->0(56)
[17.940s][info][gc,heap        ] GC(125) Survivor regions: 1->0(7)
[17.940s][info][gc,heap        ] GC(125) Old regions: 27->28
[17.940s][info][gc,heap        ] GC(125) Archive regions: 0->0
[17.940s][info][gc,heap        ] GC(125) Humongous regions: 0->0
[17.940s][info][gc,metaspace   ] GC(125) Metaspace: 12055K(12288K)->12055K(12288K) NonClass: 10427K(10560K)->10427K(10560K) Class: 1627K(1728K)->1627K(1728K)
[17.940s][info][gc             ] GC(125) Pause Full (System.gc()) 94M->25M(94M) 24.642ms
[17.940s][info][gc,cpu         ] GC(125) User=0.11s Sys=0.00s Real=0.02s
[18.074s][info][gc,start       ] GC(126) Pause Young (Normal) (G1 Evacuation Pause)
[18.094s][info][gc,task        ] GC(126) Using 4 workers of 33 for evacuation
[18.096s][info][gc,phases      ] GC(126)   Pre Evacuate Collection Set: 0.1ms
[18.096s][info][gc,phases      ] GC(126)   Merge Heap Roots: 0.1ms
[18.096s][info][gc,phases      ] GC(126)   Evacuate Collection Set: 1.3ms
[18.096s][info][gc,phases      ] GC(126)   Post Evacuate Collection Set: 0.2ms
[18.096s][info][gc,phases      ] GC(126)   Other: 0.1ms
[18.096s][info][gc,heap        ] GC(126) Eden regions: 56->0(55)
[18.096s][info][gc,heap        ] GC(126) Survivor regions: 0->1(7)
[18.096s][info][gc,heap        ] GC(126) Old regions: 28->28
[18.096s][info][gc,heap        ] GC(126) Archive regions: 0->0
[18.096s][info][gc,heap        ] GC(126) Humongous regions: 0->0
[18.096s][info][gc,metaspace   ] GC(126) Metaspace: 12055K(12288K)->12055K(12288K) NonClass: 10427K(10560K)->10427K(10560K) Class: 1627K(1728K)->1627K(1728K)
[18.096s][info][gc             ] GC(126) Pause Young (Normal) (G1 Evacuation Pause) 81M->26M(94M) 21.797ms
[18.096s][info][gc,cpu         ] GC(126) User=0.00s Sys=0.00s Real=0.02s
[18.224s][info][gc,start       ] GC(127) Pause Young (Normal) (G1 Evacuation Pause)
[18.224s][info][gc,task        ] GC(127) Using 3 workers of 33 for evacuation
[18.228s][info][gc,phases      ] GC(127)   Pre Evacuate Collection Set: 0.1ms
[18.228s][info][gc,phases      ] GC(127)   Merge Heap Roots: 0.0ms
[18.228s][info][gc,phases      ] GC(127)   Evacuate Collection Set: 4.0ms
[18.228s][info][gc,phases      ] GC(127)   Post Evacuate Collection Set: 0.2ms
[18.228s][info][gc,phases      ] GC(127)   Other: 0.1ms
[18.228s][info][gc,heap        ] GC(127) Eden regions: 55->0(54)
[18.228s][info][gc,heap        ] GC(127) Survivor regions: 1->2(7)
[18.228s][info][gc,heap        ] GC(127) Old regions: 28->28
[18.228s][info][gc,heap        ] GC(127) Archive regions: 0->0
[18.228s][info][gc,heap        ] GC(127) Humongous regions: 0->0
[18.228s][info][gc,metaspace   ] GC(127) Metaspace: 12055K(12288K)->12055K(12288K) NonClass: 10427K(10560K)->10427K(10560K) Class: 1627K(1728K)->1627K(1728K)
[18.228s][info][gc             ] GC(127) Pause Young (Normal) (G1 Evacuation Pause) 81M->27M(94M) 4.886ms
[18.229s][info][gc,cpu         ] GC(127) User=0.05s Sys=0.00s Real=0.02s
[18.261s][info][gc,start       ] GC(128) Pause Full (System.gc())
[18.261s][info][gc,task        ] GC(128) Using 2 workers of 33 for full compaction
[18.261s][info][gc,phases,start] GC(128) Phase 1: Mark live objects
[18.296s][info][gc,phases      ] GC(128) Phase 1: Mark live objects 35.080ms
[18.296s][info][gc,phases,start] GC(128) Phase 2: Prepare compaction
[18.300s][info][gc,phases      ] GC(128) Phase 2: Prepare compaction 3.429ms
[18.300s][info][gc,phases,start] GC(128) Phase 3: Adjust pointers
[18.312s][info][gc,phases      ] GC(128) Phase 3: Adjust pointers 12.453ms
[18.312s][info][gc,phases,start] GC(128) Phase 4: Compact heap
[18.312s][info][gc,phases      ] GC(128) Phase 4: Compact heap 0.305ms
[18.315s][info][gc,heap        ] GC(128) Eden regions: 11->0(54)
[18.315s][info][gc,heap        ] GC(128) Survivor regions: 2->0(7)
[18.315s][info][gc,heap        ] GC(128) Old regions: 28->27
[18.315s][info][gc,heap        ] GC(128) Archive regions: 0->0
[18.315s][info][gc,heap        ] GC(128) Humongous regions: 0->0
[18.315s][info][gc,metaspace   ] GC(128) Metaspace: 12055K(12288K)->12055K(12288K) NonClass: 10427K(10560K)->10427K(10560K) Class: 1627K(1728K)->1627K(1728K)
[18.315s][info][gc             ] GC(128) Pause Full (System.gc()) 38M->25M(90M) 54.059ms
[18.315s][info][gc,cpu         ] GC(128) User=0.09s Sys=0.00s Real=0.05s
[18.445s][info][gc,start       ] GC(129) Pause Young (Normal) (G1 Evacuation Pause)
[18.445s][info][gc,task        ] GC(129) Using 2 workers of 33 for evacuation
[18.449s][info][gc,phases      ] GC(129)   Pre Evacuate Collection Set: 0.1ms
[18.449s][info][gc,phases      ] GC(129)   Merge Heap Roots: 0.0ms
[18.449s][info][gc,phases      ] GC(129)   Evacuate Collection Set: 2.8ms
[18.449s][info][gc,phases      ] GC(129)   Post Evacuate Collection Set: 0.2ms
[18.449s][info][gc,phases      ] GC(129)   Other: 0.1ms
[18.449s][info][gc,heap        ] GC(129) Eden regions: 54->0(53)
[18.449s][info][gc,heap        ] GC(129) Survivor regions: 0->1(7)
[18.449s][info][gc,heap        ] GC(129) Old regions: 27->27
[18.449s][info][gc,heap        ] GC(129) Archive regions: 0->0
[18.449s][info][gc,heap        ] GC(129) Humongous regions: 0->0
[18.449s][info][gc,metaspace   ] GC(129) Metaspace: 12069K(12288K)->12069K(12288K) NonClass: 10442K(10560K)->10442K(10560K) Class: 1627K(1728K)->1627K(1728K)
[18.449s][info][gc             ] GC(129) Pause Young (Normal) (G1 Evacuation Pause) 79M->26M(90M) 3.692ms
[18.449s][info][gc,cpu         ] GC(129) User=0.00s Sys=0.02s Real=0.02s
[18.566s][info][gc,start       ] GC(130) Pause Young (Normal) (G1 Evacuation Pause)
[18.566s][info][gc,task        ] GC(130) Using 2 workers of 33 for evacuation
[18.569s][info][gc,phases      ] GC(130)   Pre Evacuate Collection Set: 0.1ms
[18.569s][info][gc,phases      ] GC(130)   Merge Heap Roots: 0.0ms
[18.569s][info][gc,phases      ] GC(130)   Evacuate Collection Set: 3.3ms
[18.569s][info][gc,phases      ] GC(130)   Post Evacuate Collection Set: 0.2ms
[18.569s][info][gc,phases      ] GC(130)   Other: 0.1ms
[18.569s][info][gc,heap        ] GC(130) Eden regions: 53->0(52)
[18.569s][info][gc,heap        ] GC(130) Survivor regions: 1->2(7)
[18.569s][info][gc,heap        ] GC(130) Old regions: 27->27
[18.570s][info][gc,heap        ] GC(130) Archive regions: 0->0
[18.570s][info][gc,heap        ] GC(130) Humongous regions: 0->0
[18.570s][info][gc,metaspace   ] GC(130) Metaspace: 12069K(12288K)->12069K(12288K) NonClass: 10442K(10560K)->10442K(10560K) Class: 1627K(1728K)->1627K(1728K)
[18.570s][info][gc             ] GC(130) Pause Young (Normal) (G1 Evacuation Pause) 79M->27M(90M) 4.089ms
[18.570s][info][gc,cpu         ] GC(130) User=0.00s Sys=0.00s Real=0.00s
[18.608s][info][gc,start       ] GC(131) Pause Full (System.gc())
[18.608s][info][gc,task        ] GC(131) Using 2 workers of 33 for full compaction
[18.609s][info][gc,phases,start] GC(131) Phase 1: Mark live objects
[18.643s][info][gc,phases      ] GC(131) Phase 1: Mark live objects 34.291ms
[18.643s][info][gc,phases,start] GC(131) Phase 2: Prepare compaction
[18.646s][info][gc,phases      ] GC(131) Phase 2: Prepare compaction 3.283ms
[18.646s][info][gc,phases,start] GC(131) Phase 3: Adjust pointers
[18.659s][info][gc,phases      ] GC(131) Phase 3: Adjust pointers 12.957ms
[18.659s][info][gc,phases,start] GC(131) Phase 4: Compact heap
[18.660s][info][gc,phases      ] GC(131) Phase 4: Compact heap 0.311ms
[18.662s][info][gc,heap        ] GC(131) Eden regions: 15->0(54)
[18.662s][info][gc,heap        ] GC(131) Survivor regions: 2->0(7)
[18.662s][info][gc,heap        ] GC(131) Old regions: 27->27
[18.662s][info][gc,heap        ] GC(131) Archive regions: 0->0
[18.662s][info][gc,heap        ] GC(131) Humongous regions: 0->0
[18.662s][info][gc,metaspace   ] GC(131) Metaspace: 12069K(12288K)->12069K(12288K) NonClass: 10442K(10560K)->10442K(10560K) Class: 1627K(1728K)->1627K(1728K)
[18.662s][info][gc             ] GC(131) Pause Full (System.gc()) 41M->25M(90M) 53.672ms
[18.662s][info][gc,cpu         ] GC(131) User=0.13s Sys=0.00s Real=0.06s
[18.797s][info][gc,start       ] GC(132) Pause Young (Normal) (G1 Evacuation Pause)
[18.797s][info][gc,task        ] GC(132) Using 2 workers of 33 for evacuation
[18.800s][info][gc,phases      ] GC(132)   Pre Evacuate Collection Set: 0.1ms
[18.800s][info][gc,phases      ] GC(132)   Merge Heap Roots: 0.0ms
[18.800s][info][gc,phases      ] GC(132)   Evacuate Collection Set: 2.8ms
[18.800s][info][gc,phases      ] GC(132)   Post Evacuate Collection Set: 0.2ms
[18.800s][info][gc,phases      ] GC(132)   Other: 0.1ms
[18.800s][info][gc,heap        ] GC(132) Eden regions: 54->0(53)
[18.800s][info][gc,heap        ] GC(132) Survivor regions: 0->1(7)
[18.800s][info][gc,heap        ] GC(132) Old regions: 27->27
[18.800s][info][gc,heap        ] GC(132) Archive regions: 0->0
[18.800s][info][gc,heap        ] GC(132) Humongous regions: 0->0
[18.801s][info][gc,metaspace   ] GC(132) Metaspace: 12069K(12288K)->12069K(12288K) NonClass: 10442K(10560K)->10442K(10560K) Class: 1627K(1728K)->1627K(1728K)
[18.801s][info][gc             ] GC(132) Pause Young (Normal) (G1 Evacuation Pause) 79M->26M(90M) 3.729ms
[18.801s][info][gc,cpu         ] GC(132) User=0.00s Sys=0.00s Real=0.00s
[18.916s][info][gc,start       ] GC(133) Pause Young (Normal) (G1 Evacuation Pause)
[18.917s][info][gc,task        ] GC(133) Using 2 workers of 33 for evacuation
[18.920s][info][gc,phases      ] GC(133)   Pre Evacuate Collection Set: 0.1ms
[18.920s][info][gc,phases      ] GC(133)   Merge Heap Roots: 0.1ms
[18.920s][info][gc,phases      ] GC(133)   Evacuate Collection Set: 3.3ms
[18.920s][info][gc,phases      ] GC(133)   Post Evacuate Collection Set: 0.2ms
[18.920s][info][gc,phases      ] GC(133)   Other: 0.1ms
[18.920s][info][gc,heap        ] GC(133) Eden regions: 53->0(52)
[18.920s][info][gc,heap        ] GC(133) Survivor regions: 1->2(7)
[18.920s][info][gc,heap        ] GC(133) Old regions: 27->27
[18.920s][info][gc,heap        ] GC(133) Archive regions: 0->0
[18.920s][info][gc,heap        ] GC(133) Humongous regions: 0->0
[18.921s][info][gc,metaspace   ] GC(133) Metaspace: 12069K(12288K)->12069K(12288K) NonClass: 10442K(10560K)->10442K(10560K) Class: 1627K(1728K)->1627K(1728K)
[18.921s][info][gc             ] GC(133) Pause Young (Normal) (G1 Evacuation Pause) 79M->27M(90M) 4.102ms
[18.921s][info][gc,cpu         ] GC(133) User=0.00s Sys=0.00s Real=0.00s
[18.968s][info][gc,heap,exit   ] Heap
[18.968s][info][gc,heap,exit   ]  garbage-first heap   total 92160K, used 45140K [0x00000000e0000000, 0x0000000100000000)
[18.968s][info][gc,heap,exit   ]   region size 1024K, 19 young (19456K), 2 survivors (2048K)
[18.968s][info][gc,heap,exit   ]  Metaspace       used 12134K, committed 12352K, reserved 1114112K
[18.968s][info][gc,heap,exit   ]   class space    used 1636K, committed 1728K, reserved 1048576K
