[0.016s][info][gc,init] CardTable entry size: 512
[0.016s][info][gc     ] Using Parallel
[0.026s][info][gc,init] Version: 20+36-2344 (release)
[0.026s][info][gc,init] CPUs: 48 total, 48 available
[0.026s][info][gc,init] Memory: 382G
[0.026s][info][gc,init] Large Page Support: Disabled
[0.026s][info][gc,init] NUMA Support: Disabled
[0.026s][info][gc,init] Compressed Oops: Enabled (32-bit)
[0.026s][info][gc,init] Alignments: Space 512K, Generation 512K, Heap 2M
[0.026s][info][gc,init] Heap Min Capacity: 8M
[0.026s][info][gc,init] Heap Initial Capacity: 2G
[0.041s][info][gc,init] Heap Max Capacity: 2G
[0.041s][info][gc,init] Pre-touch: Disabled
[0.041s][info][gc,init] Parallel Workers: 33
[0.042s][info][gc,metaspace] CDS archive(s) mapped at: [0x0000000800000000-0x0000000800c60000-0x0000000800c60000), size 12976128, SharedBaseAddress: 0x0000000800000000, ArchiveRelocationMode: 0.
[0.042s][info][gc,metaspace] Compressed class space mapped at: 0x0000000801000000-0x0000000841000000, reserved size: 1073741824
[0.042s][info][gc,metaspace] Narrow klass base: 0x0000000800000000, Narrow klass shift: 0, Narrow klass range: 0x100000000
[1.162s][info][gc,start    ] GC(0) Pause Young (System.gc())
[1.187s][info][gc,heap     ] GC(0) PSYoungGen: 147106K(611840K)->26804K(611840K) Eden: 147106K(524800K)->0K(524800K) From: 0K(87040K)->26804K(87040K)
[1.187s][info][gc,heap     ] GC(0) ParOldGen: 0K(1398272K)->16K(1398272K)
[1.187s][info][gc,metaspace] GC(0) Metaspace: 11488K(11712K)->11488K(11712K) NonClass: 9923K(10048K)->9923K(10048K) Class: 1564K(1664K)->1564K(1664K)
[1.187s][info][gc          ] GC(0) Pause Young (System.gc()) 143M->26M(1963M) 25.679ms
[1.187s][info][gc,cpu      ] GC(0) User=0.06s Sys=0.45s Real=0.02s
[1.188s][info][gc,start    ] GC(1) Pause Full (System.gc())
[1.188s][info][gc,phases,start] GC(1) Marking Phase
[1.199s][info][gc,phases      ] GC(1) Marking Phase 11.646ms
[1.199s][info][gc,phases,start] GC(1) Summary Phase
[1.199s][info][gc,phases      ] GC(1) Summary Phase 0.013ms
[1.199s][info][gc,phases,start] GC(1) Adjust Roots
[1.201s][info][gc,phases      ] GC(1) Adjust Roots 1.510ms
[1.201s][info][gc,phases,start] GC(1) Compaction Phase
[1.214s][info][gc,phases      ] GC(1) Compaction Phase 12.878ms
[1.214s][info][gc,phases,start] GC(1) Post Compact
[1.215s][info][gc,phases      ] GC(1) Post Compact 1.334ms
[1.215s][info][gc,heap        ] GC(1) PSYoungGen: 26804K(611840K)->0K(611840K) Eden: 0K(524800K)->0K(524800K) From: 26804K(87040K)->0K(87040K)
[1.215s][info][gc,heap        ] GC(1) ParOldGen: 16K(1398272K)->26236K(1398272K)
[1.215s][info][gc,metaspace   ] GC(1) Metaspace: 11488K(11712K)->11488K(11712K) NonClass: 9923K(10048K)->9923K(10048K) Class: 1564K(1664K)->1564K(1664K)
[1.215s][info][gc             ] GC(1) Pause Full (System.gc()) 26M->25M(1963M) 27.583ms
[1.215s][info][gc,cpu         ] GC(1) User=0.66s Sys=0.38s Real=0.03s
[1.599s][info][gc,start       ] GC(2) Pause Young (System.gc())
[1.600s][info][gc,heap        ] GC(2) PSYoungGen: 62976K(611840K)->1024K(611840K) Eden: 62976K(524800K)->0K(524800K) From: 0K(87040K)->1024K(87040K)
[1.600s][info][gc,heap        ] GC(2) ParOldGen: 26236K(1398272K)->26244K(1398272K)
[1.600s][info][gc,metaspace   ] GC(2) Metaspace: 11859K(12096K)->11859K(12096K) NonClass: 10232K(10368K)->10232K(10368K) Class: 1627K(1728K)->1627K(1728K)
[1.600s][info][gc             ] GC(2) Pause Young (System.gc()) 87M->26M(1963M) 1.160ms
[1.600s][info][gc,cpu         ] GC(2) User=0.00s Sys=0.00s Real=0.00s
[1.600s][info][gc,start       ] GC(3) Pause Full (System.gc())
[1.600s][info][gc,phases,start] GC(3) Marking Phase
[1.621s][info][gc,phases      ] GC(3) Marking Phase 20.277ms
[1.621s][info][gc,phases,start] GC(3) Summary Phase
[1.621s][info][gc,phases      ] GC(3) Summary Phase 0.016ms
[1.621s][info][gc,phases,start] GC(3) Adjust Roots
[1.623s][info][gc,phases      ] GC(3) Adjust Roots 2.022ms
[1.623s][info][gc,phases,start] GC(3) Compaction Phase
[1.634s][info][gc,phases      ] GC(3) Compaction Phase 11.045ms
[1.634s][info][gc,phases,start] GC(3) Post Compact
[1.635s][info][gc,phases      ] GC(3) Post Compact 0.683ms
[1.635s][info][gc,heap        ] GC(3) PSYoungGen: 1024K(611840K)->0K(611840K) Eden: 0K(524800K)->0K(524800K) From: 1024K(87040K)->0K(87040K)
[1.635s][info][gc,heap        ] GC(3) ParOldGen: 26244K(1398272K)->26295K(1398272K)
[1.635s][info][gc,metaspace   ] GC(3) Metaspace: 11859K(12096K)->11859K(12096K) NonClass: 10232K(10368K)->10232K(10368K) Class: 1627K(1728K)->1627K(1728K)
[1.635s][info][gc             ] GC(3) Pause Full (System.gc()) 26M->25M(1963M) 34.281ms
[1.635s][info][gc,cpu         ] GC(3) User=0.53s Sys=0.00s Real=0.03s
[1.871s][info][gc,start       ] GC(4) Pause Young (System.gc())
[1.872s][info][gc,heap        ] GC(4) PSYoungGen: 52480K(611840K)->128K(611840K) Eden: 52480K(524800K)->0K(524800K) From: 0K(87040K)->128K(87040K)
[1.872s][info][gc,heap        ] GC(4) ParOldGen: 26295K(1398272K)->26303K(1398272K)
[1.872s][info][gc,metaspace   ] GC(4) Metaspace: 11861K(12096K)->11861K(12096K) NonClass: 10234K(10368K)->10234K(10368K) Class: 1627K(1728K)->1627K(1728K)
[1.872s][info][gc             ] GC(4) Pause Young (System.gc()) 76M->25M(1963M) 0.678ms
[1.872s][info][gc,cpu         ] GC(4) User=0.00s Sys=0.00s Real=0.00s
[1.872s][info][gc,start       ] GC(5) Pause Full (System.gc())
[1.872s][info][gc,phases,start] GC(5) Marking Phase
[1.891s][info][gc,phases      ] GC(5) Marking Phase 19.007ms
[1.891s][info][gc,phases,start] GC(5) Summary Phase
[1.891s][info][gc,phases      ] GC(5) Summary Phase 0.021ms
[1.891s][info][gc,phases,start] GC(5) Adjust Roots
[1.893s][info][gc,phases      ] GC(5) Adjust Roots 1.710ms
[1.893s][info][gc,phases,start] GC(5) Compaction Phase
[1.905s][info][gc,phases      ] GC(5) Compaction Phase 12.295ms
[1.960s][info][gc,phases,start] GC(5) Post Compact
[1.961s][info][gc,phases      ] GC(5) Post Compact 0.740ms
[1.961s][info][gc,heap        ] GC(5) PSYoungGen: 128K(611840K)->0K(611840K) Eden: 0K(524800K)->0K(524800K) From: 128K(87040K)->0K(87040K)
[1.961s][info][gc,heap        ] GC(5) ParOldGen: 26303K(1398272K)->26294K(1398272K)
[1.961s][info][gc,metaspace   ] GC(5) Metaspace: 11861K(12096K)->11861K(12096K) NonClass: 10234K(10368K)->10234K(10368K) Class: 1627K(1728K)->1627K(1728K)
[1.961s][info][gc             ] GC(5) Pause Full (System.gc()) 25M->25M(1963M) 89.135ms
[1.961s][info][gc,cpu         ] GC(5) User=0.53s Sys=0.00s Real=0.08s
[2.208s][info][gc,start       ] GC(6) Pause Young (System.gc())
[2.208s][info][gc,heap        ] GC(6) PSYoungGen: 41984K(611840K)->128K(611840K) Eden: 41984K(524800K)->0K(524800K) From: 0K(87040K)->128K(87040K)
[2.208s][info][gc,heap        ] GC(6) ParOldGen: 26294K(1398272K)->26302K(1398272K)
[2.208s][info][gc,metaspace   ] GC(6) Metaspace: 11886K(12096K)->11886K(12096K) NonClass: 10259K(10368K)->10259K(10368K) Class: 1627K(1728K)->1627K(1728K)
[2.208s][info][gc             ] GC(6) Pause Young (System.gc()) 66M->25M(1963M) 0.712ms
[2.208s][info][gc,cpu         ] GC(6) User=0.00s Sys=0.00s Real=0.00s
[2.208s][info][gc,start       ] GC(7) Pause Full (System.gc())
[2.208s][info][gc,phases,start] GC(7) Marking Phase
[2.228s][info][gc,phases      ] GC(7) Marking Phase 19.590ms
[2.228s][info][gc,phases,start] GC(7) Summary Phase
[2.228s][info][gc,phases      ] GC(7) Summary Phase 0.021ms
[2.228s][info][gc,phases,start] GC(7) Adjust Roots
[2.230s][info][gc,phases      ] GC(7) Adjust Roots 1.658ms
[2.230s][info][gc,phases,start] GC(7) Compaction Phase
[2.243s][info][gc,phases      ] GC(7) Compaction Phase 13.427ms
[2.243s][info][gc,phases,start] GC(7) Post Compact
[2.244s][info][gc,phases      ] GC(7) Post Compact 0.629ms
[2.244s][info][gc,heap        ] GC(7) PSYoungGen: 128K(611840K)->0K(611840K) Eden: 0K(524800K)->0K(524800K) From: 128K(87040K)->0K(87040K)
[2.244s][info][gc,heap        ] GC(7) ParOldGen: 26302K(1398272K)->26294K(1398272K)
[2.244s][info][gc,metaspace   ] GC(7) Metaspace: 11886K(12096K)->11886K(12096K) NonClass: 10259K(10368K)->10259K(10368K) Class: 1627K(1728K)->1627K(1728K)
[2.244s][info][gc             ] GC(7) Pause Full (System.gc()) 25M->25M(1963M) 35.597ms
[2.244s][info][gc,cpu         ] GC(7) User=0.55s Sys=0.00s Real=0.03s
[2.494s][info][gc,start       ] GC(8) Pause Young (System.gc())
[2.494s][info][gc,heap        ] GC(8) PSYoungGen: 62976K(611840K)->416K(611840K) Eden: 62976K(524800K)->0K(524800K) From: 0K(87040K)->416K(87040K)
[2.494s][info][gc,heap        ] GC(8) ParOldGen: 26294K(1398272K)->26294K(1398272K)
[2.494s][info][gc,metaspace   ] GC(8) Metaspace: 11935K(12160K)->11935K(12160K) NonClass: 10308K(10432K)->10308K(10432K) Class: 1627K(1728K)->1627K(1728K)
[2.494s][info][gc             ] GC(8) Pause Young (System.gc()) 87M->26M(1963M) 0.656ms
[2.494s][info][gc,cpu         ] GC(8) User=0.00s Sys=0.00s Real=0.00s
[2.494s][info][gc,start       ] GC(9) Pause Full (System.gc())
[2.494s][info][gc,phases,start] GC(9) Marking Phase
[2.513s][info][gc,phases      ] GC(9) Marking Phase 18.521ms
[2.513s][info][gc,phases,start] GC(9) Summary Phase
[2.513s][info][gc,phases      ] GC(9) Summary Phase 0.020ms
[2.513s][info][gc,phases,start] GC(9) Adjust Roots
[2.515s][info][gc,phases      ] GC(9) Adjust Roots 1.915ms
[2.515s][info][gc,phases,start] GC(9) Compaction Phase
[2.527s][info][gc,phases      ] GC(9) Compaction Phase 12.318ms
[2.527s][info][gc,phases,start] GC(9) Post Compact
[2.528s][info][gc,phases      ] GC(9) Post Compact 0.573ms
[2.528s][info][gc,heap        ] GC(9) PSYoungGen: 416K(611840K)->0K(611840K) Eden: 0K(524800K)->0K(524800K) From: 416K(87040K)->0K(87040K)
[2.528s][info][gc,heap        ] GC(9) ParOldGen: 26294K(1398272K)->26295K(1398272K)
[2.528s][info][gc,metaspace   ] GC(9) Metaspace: 11935K(12160K)->11935K(12160K) NonClass: 10308K(10432K)->10308K(10432K) Class: 1627K(1728K)->1627K(1728K)
[2.528s][info][gc             ] GC(9) Pause Full (System.gc()) 26M->25M(1963M) 33.596ms
[2.528s][info][gc,cpu         ] GC(9) User=0.83s Sys=0.00s Real=0.03s
[2.814s][info][gc,start       ] GC(10) Pause Young (System.gc())
[2.814s][info][gc,heap        ] GC(10) PSYoungGen: 125952K(611840K)->32K(611840K) Eden: 125952K(524800K)->0K(524800K) From: 0K(87040K)->32K(87040K)
[2.814s][info][gc,heap        ] GC(10) ParOldGen: 26295K(1398272K)->26295K(1398272K)
[2.814s][info][gc,metaspace   ] GC(10) Metaspace: 11937K(12160K)->11937K(12160K) NonClass: 10309K(10432K)->10309K(10432K) Class: 1627K(1728K)->1627K(1728K)
[2.814s][info][gc             ] GC(10) Pause Young (System.gc()) 148M->25M(1963M) 0.683ms
[2.814s][info][gc,cpu         ] GC(10) User=0.00s Sys=0.00s Real=0.00s
[2.814s][info][gc,start       ] GC(11) Pause Full (System.gc())
[2.815s][info][gc,phases,start] GC(11) Marking Phase
[2.834s][info][gc,phases      ] GC(11) Marking Phase 19.501ms
[2.834s][info][gc,phases,start] GC(11) Summary Phase
[2.834s][info][gc,phases      ] GC(11) Summary Phase 0.020ms
[2.834s][info][gc,phases,start] GC(11) Adjust Roots
[2.836s][info][gc,phases      ] GC(11) Adjust Roots 1.878ms
[2.836s][info][gc,phases,start] GC(11) Compaction Phase
[2.849s][info][gc,phases      ] GC(11) Compaction Phase 12.810ms
[2.849s][info][gc,phases,start] GC(11) Post Compact
[2.849s][info][gc,phases      ] GC(11) Post Compact 0.584ms
[2.849s][info][gc,heap        ] GC(11) PSYoungGen: 32K(611840K)->0K(611840K) Eden: 0K(524800K)->0K(524800K) From: 32K(87040K)->0K(87040K)
[2.849s][info][gc,heap        ] GC(11) ParOldGen: 26295K(1398272K)->26294K(1398272K)
[2.849s][info][gc,metaspace   ] GC(11) Metaspace: 11937K(12160K)->11937K(12160K) NonClass: 10309K(10432K)->10309K(10432K) Class: 1627K(1728K)->1627K(1728K)
[2.850s][info][gc             ] GC(11) Pause Full (System.gc()) 25M->25M(1963M) 35.043ms
[2.850s][info][gc,cpu         ] GC(11) User=0.55s Sys=0.00s Real=0.03s
[3.110s][info][gc,start       ] GC(12) Pause Young (System.gc())
[3.111s][info][gc,heap        ] GC(12) PSYoungGen: 125952K(611840K)->128K(611840K) Eden: 125952K(524800K)->0K(524800K) From: 0K(87040K)->128K(87040K)
[3.111s][info][gc,heap        ] GC(12) ParOldGen: 26294K(1398272K)->26294K(1398272K)
[3.111s][info][gc,metaspace   ] GC(12) Metaspace: 11938K(12160K)->11938K(12160K) NonClass: 10311K(10432K)->10311K(10432K) Class: 1627K(1728K)->1627K(1728K)
[3.111s][info][gc             ] GC(12) Pause Young (System.gc()) 148M->25M(1963M) 0.684ms
[3.111s][info][gc,cpu         ] GC(12) User=0.02s Sys=0.00s Real=0.02s
[3.111s][info][gc,start       ] GC(13) Pause Full (System.gc())
[3.111s][info][gc,phases,start] GC(13) Marking Phase
[3.131s][info][gc,phases      ] GC(13) Marking Phase 19.936ms
[3.131s][info][gc,phases,start] GC(13) Summary Phase
[3.131s][info][gc,phases      ] GC(13) Summary Phase 0.019ms
[3.131s][info][gc,phases,start] GC(13) Adjust Roots
[3.133s][info][gc,phases      ] GC(13) Adjust Roots 1.749ms
[3.133s][info][gc,phases,start] GC(13) Compaction Phase
[3.146s][info][gc,phases      ] GC(13) Compaction Phase 13.073ms
[3.146s][info][gc,phases,start] GC(13) Post Compact
[3.146s][info][gc,phases      ] GC(13) Post Compact 0.628ms
[3.146s][info][gc,heap        ] GC(13) PSYoungGen: 128K(611840K)->0K(611840K) Eden: 0K(524800K)->0K(524800K) From: 128K(87040K)->0K(87040K)
[3.146s][info][gc,heap        ] GC(13) ParOldGen: 26294K(1398272K)->26295K(1398272K)
[3.146s][info][gc,metaspace   ] GC(13) Metaspace: 11938K(12160K)->11938K(12160K) NonClass: 10311K(10432K)->10311K(10432K) Class: 1627K(1728K)->1627K(1728K)
[3.146s][info][gc             ] GC(13) Pause Full (System.gc()) 25M->25M(1963M) 35.677ms
[3.147s][info][gc,cpu         ] GC(13) User=0.55s Sys=0.00s Real=0.03s
[3.424s][info][gc,start       ] GC(14) Pause Young (System.gc())
[3.424s][info][gc,heap        ] GC(14) PSYoungGen: 136448K(611840K)->128K(611840K) Eden: 136448K(524800K)->0K(524800K) From: 0K(87040K)->128K(87040K)
[3.424s][info][gc,heap        ] GC(14) ParOldGen: 26295K(1398272K)->26295K(1398272K)
[3.424s][info][gc,metaspace   ] GC(14) Metaspace: 11945K(12160K)->11945K(12160K) NonClass: 10315K(10432K)->10315K(10432K) Class: 1629K(1728K)->1629K(1728K)
[3.424s][info][gc             ] GC(14) Pause Young (System.gc()) 158M->25M(1963M) 0.661ms
[3.424s][info][gc,cpu         ] GC(14) User=0.00s Sys=0.00s Real=0.00s
[3.425s][info][gc,start       ] GC(15) Pause Full (System.gc())
[3.425s][info][gc,phases,start] GC(15) Marking Phase
[3.445s][info][gc,phases      ] GC(15) Marking Phase 20.435ms
[3.445s][info][gc,phases,start] GC(15) Summary Phase
[3.445s][info][gc,phases      ] GC(15) Summary Phase 0.021ms
[3.445s][info][gc,phases,start] GC(15) Adjust Roots
[3.447s][info][gc,phases      ] GC(15) Adjust Roots 1.796ms
[3.447s][info][gc,phases,start] GC(15) Compaction Phase
[3.458s][info][gc,phases      ] GC(15) Compaction Phase 11.542ms
[3.459s][info][gc,phases,start] GC(15) Post Compact
[3.459s][info][gc,phases      ] GC(15) Post Compact 0.609ms
[3.459s][info][gc,heap        ] GC(15) PSYoungGen: 128K(611840K)->0K(611840K) Eden: 0K(524800K)->0K(524800K) From: 128K(87040K)->0K(87040K)
[3.459s][info][gc,heap        ] GC(15) ParOldGen: 26295K(1398272K)->26295K(1398272K)
[3.459s][info][gc,metaspace   ] GC(15) Metaspace: 11945K(12160K)->11945K(12160K) NonClass: 10315K(10432K)->10315K(10432K) Class: 1629K(1728K)->1629K(1728K)
[3.459s][info][gc             ] GC(15) Pause Full (System.gc()) 25M->25M(1963M) 34.714ms
[3.459s][info][gc,cpu         ] GC(15) User=0.53s Sys=0.00s Real=0.03s
[3.730s][info][gc,start       ] GC(16) Pause Young (System.gc())
[3.730s][info][gc,heap        ] GC(16) PSYoungGen: 125952K(611840K)->96K(611840K) Eden: 125952K(524800K)->0K(524800K) From: 0K(87040K)->96K(87040K)
[3.730s][info][gc,heap        ] GC(16) ParOldGen: 26295K(1398272K)->26295K(1398272K)
[3.730s][info][gc,metaspace   ] GC(16) Metaspace: 11956K(12160K)->11956K(12160K) NonClass: 10327K(10432K)->10327K(10432K) Class: 1629K(1728K)->1629K(1728K)
[3.730s][info][gc             ] GC(16) Pause Young (System.gc()) 148M->25M(1963M) 0.681ms
[3.730s][info][gc,cpu         ] GC(16) User=0.00s Sys=0.00s Real=0.00s
[3.731s][info][gc,start       ] GC(17) Pause Full (System.gc())
[3.731s][info][gc,phases,start] GC(17) Marking Phase
[3.749s][info][gc,phases      ] GC(17) Marking Phase 17.978ms
[3.749s][info][gc,phases,start] GC(17) Summary Phase
[3.749s][info][gc,phases      ] GC(17) Summary Phase 0.179ms
[3.749s][info][gc,phases,start] GC(17) Adjust Roots
[3.751s][info][gc,phases      ] GC(17) Adjust Roots 1.866ms
[3.751s][info][gc,phases,start] GC(17) Compaction Phase
[3.764s][info][gc,phases      ] GC(17) Compaction Phase 12.962ms
[3.764s][info][gc,phases,start] GC(17) Post Compact
[3.764s][info][gc,phases      ] GC(17) Post Compact 0.587ms
[3.764s][info][gc,heap        ] GC(17) PSYoungGen: 96K(611840K)->0K(611840K) Eden: 0K(524800K)->0K(524800K) From: 96K(87040K)->0K(87040K)
[3.764s][info][gc,heap        ] GC(17) ParOldGen: 26295K(1398272K)->26295K(1398272K)
[3.764s][info][gc,metaspace   ] GC(17) Metaspace: 11956K(12160K)->11956K(12160K) NonClass: 10327K(10432K)->10327K(10432K) Class: 1629K(1728K)->1629K(1728K)
[3.764s][info][gc             ] GC(17) Pause Full (System.gc()) 25M->25M(1963M) 33.845ms
[3.764s][info][gc,cpu         ] GC(17) User=0.55s Sys=0.00s Real=0.03s
[4.039s][info][gc,start       ] GC(18) Pause Young (System.gc())
[4.039s][info][gc,heap        ] GC(18) PSYoungGen: 125952K(611840K)->32K(611840K) Eden: 125952K(524800K)->0K(524800K) From: 0K(87040K)->32K(87040K)
[4.039s][info][gc,heap        ] GC(18) ParOldGen: 26295K(1398272K)->26295K(1398272K)
[4.040s][info][gc,metaspace   ] GC(18) Metaspace: 11958K(12160K)->11958K(12160K) NonClass: 10328K(10432K)->10328K(10432K) Class: 1629K(1728K)->1629K(1728K)
[4.040s][info][gc             ] GC(18) Pause Young (System.gc()) 148M->25M(1963M) 0.647ms
[4.040s][info][gc,cpu         ] GC(18) User=0.00s Sys=0.00s Real=0.00s
[4.040s][info][gc,start       ] GC(19) Pause Full (System.gc())
[4.040s][info][gc,phases,start] GC(19) Marking Phase
[4.058s][info][gc,phases      ] GC(19) Marking Phase 18.477ms
[4.058s][info][gc,phases,start] GC(19) Summary Phase
[4.058s][info][gc,phases      ] GC(19) Summary Phase 0.020ms
[4.058s][info][gc,phases,start] GC(19) Adjust Roots
[4.060s][info][gc,phases      ] GC(19) Adjust Roots 1.688ms
[4.060s][info][gc,phases,start] GC(19) Compaction Phase
[4.073s][info][gc,phases      ] GC(19) Compaction Phase 13.364ms
[4.073s][info][gc,phases,start] GC(19) Post Compact
[4.074s][info][gc,phases      ] GC(19) Post Compact 0.620ms
[4.074s][info][gc,heap        ] GC(19) PSYoungGen: 32K(611840K)->0K(611840K) Eden: 0K(524800K)->0K(524800K) From: 32K(87040K)->0K(87040K)
[4.074s][info][gc,heap        ] GC(19) ParOldGen: 26295K(1398272K)->26295K(1398272K)
[4.074s][info][gc,metaspace   ] GC(19) Metaspace: 11958K(12160K)->11958K(12160K) NonClass: 10328K(10432K)->10328K(10432K) Class: 1629K(1728K)->1629K(1728K)
[4.074s][info][gc             ] GC(19) Pause Full (System.gc()) 25M->25M(1963M) 34.436ms
[4.074s][info][gc,cpu         ] GC(19) User=0.55s Sys=0.00s Real=0.03s
[4.359s][info][gc,start       ] GC(20) Pause Young (System.gc())
[4.360s][info][gc,heap        ] GC(20) PSYoungGen: 125952K(611840K)->96K(611840K) Eden: 125952K(524800K)->0K(524800K) From: 0K(87040K)->96K(87040K)
[4.360s][info][gc,heap        ] GC(20) ParOldGen: 26295K(1398272K)->26295K(1398272K)
[4.360s][info][gc,metaspace   ] GC(20) Metaspace: 11960K(12160K)->11960K(12160K) NonClass: 10330K(10432K)->10330K(10432K) Class: 1629K(1728K)->1629K(1728K)
[4.360s][info][gc             ] GC(20) Pause Young (System.gc()) 148M->25M(1963M) 0.782ms
[4.360s][info][gc,cpu         ] GC(20) User=0.13s Sys=0.00s Real=0.02s
[4.360s][info][gc,start       ] GC(21) Pause Full (System.gc())
[4.360s][info][gc,phases,start] GC(21) Marking Phase
[4.378s][info][gc,phases      ] GC(21) Marking Phase 17.611ms
[4.378s][info][gc,phases,start] GC(21) Summary Phase
[4.378s][info][gc,phases      ] GC(21) Summary Phase 0.021ms
[4.378s][info][gc,phases,start] GC(21) Adjust Roots
[4.380s][info][gc,phases      ] GC(21) Adjust Roots 1.808ms
[4.380s][info][gc,phases,start] GC(21) Compaction Phase
[4.393s][info][gc,phases      ] GC(21) Compaction Phase 13.203ms
[4.393s][info][gc,phases,start] GC(21) Post Compact
[4.394s][info][gc,phases      ] GC(21) Post Compact 0.610ms
[4.394s][info][gc,heap        ] GC(21) PSYoungGen: 96K(611840K)->0K(611840K) Eden: 0K(524800K)->0K(524800K) From: 96K(87040K)->0K(87040K)
[4.394s][info][gc,heap        ] GC(21) ParOldGen: 26295K(1398272K)->26295K(1398272K)
[4.394s][info][gc,metaspace   ] GC(21) Metaspace: 11960K(12160K)->11960K(12160K) NonClass: 10330K(10432K)->10330K(10432K) Class: 1629K(1728K)->1629K(1728K)
[4.394s][info][gc             ] GC(21) Pause Full (System.gc()) 25M->25M(1963M) 33.564ms
[4.394s][info][gc,cpu         ] GC(21) User=0.03s Sys=0.00s Real=0.03s
[4.662s][info][gc,start       ] GC(22) Pause Young (System.gc())
[4.662s][info][gc,heap        ] GC(22) PSYoungGen: 125952K(611840K)->96K(611840K) Eden: 125952K(524800K)->0K(524800K) From: 0K(87040K)->96K(87040K)
[4.662s][info][gc,heap        ] GC(22) ParOldGen: 26295K(1398272K)->26295K(1398272K)
[4.662s][info][gc,metaspace   ] GC(22) Metaspace: 11961K(12160K)->11961K(12160K) NonClass: 10332K(10432K)->10332K(10432K) Class: 1629K(1728K)->1629K(1728K)
[4.662s][info][gc             ] GC(22) Pause Young (System.gc()) 148M->25M(1963M) 0.599ms
[4.662s][info][gc,cpu         ] GC(22) User=0.00s Sys=0.00s Real=0.00s
[4.663s][info][gc,start       ] GC(23) Pause Full (System.gc())
[4.663s][info][gc,phases,start] GC(23) Marking Phase
[4.682s][info][gc,phases      ] GC(23) Marking Phase 19.210ms
[4.682s][info][gc,phases,start] GC(23) Summary Phase
[4.682s][info][gc,phases      ] GC(23) Summary Phase 0.020ms
[4.682s][info][gc,phases,start] GC(23) Adjust Roots
[4.685s][info][gc,phases      ] GC(23) Adjust Roots 2.617ms
[4.685s][info][gc,phases,start] GC(23) Compaction Phase
[4.699s][info][gc,phases      ] GC(23) Compaction Phase 14.116ms
[4.699s][info][gc,phases,start] GC(23) Post Compact
[4.699s][info][gc,phases      ] GC(23) Post Compact 0.606ms
[4.699s][info][gc,heap        ] GC(23) PSYoungGen: 96K(611840K)->0K(611840K) Eden: 0K(524800K)->0K(524800K) From: 96K(87040K)->0K(87040K)
[4.699s][info][gc,heap        ] GC(23) ParOldGen: 26295K(1398272K)->26295K(1398272K)
[4.699s][info][gc,metaspace   ] GC(23) Metaspace: 11961K(12160K)->11961K(12160K) NonClass: 10332K(10432K)->10332K(10432K) Class: 1629K(1728K)->1629K(1728K)
[4.699s][info][gc             ] GC(23) Pause Full (System.gc()) 25M->25M(1963M) 36.846ms
[4.700s][info][gc,cpu         ] GC(23) User=0.56s Sys=0.00s Real=0.05s
[4.965s][info][gc,start       ] GC(24) Pause Young (System.gc())
[4.966s][info][gc,heap        ] GC(24) PSYoungGen: 125952K(611840K)->96K(611840K) Eden: 125952K(524800K)->0K(524800K) From: 0K(87040K)->96K(87040K)
[4.966s][info][gc,heap        ] GC(24) ParOldGen: 26295K(1398272K)->26295K(1398272K)
[4.966s][info][gc,metaspace   ] GC(24) Metaspace: 11961K(12160K)->11961K(12160K) NonClass: 10332K(10432K)->10332K(10432K) Class: 1629K(1728K)->1629K(1728K)
[4.966s][info][gc             ] GC(24) Pause Young (System.gc()) 148M->25M(1963M) 0.637ms
[4.966s][info][gc,cpu         ] GC(24) User=0.00s Sys=0.00s Real=0.00s
[4.966s][info][gc,start       ] GC(25) Pause Full (System.gc())
[4.966s][info][gc,phases,start] GC(25) Marking Phase
[4.984s][info][gc,phases      ] GC(25) Marking Phase 17.964ms
[4.984s][info][gc,phases,start] GC(25) Summary Phase
[4.984s][info][gc,phases      ] GC(25) Summary Phase 0.021ms
[4.984s][info][gc,phases,start] GC(25) Adjust Roots
[4.986s][info][gc,phases      ] GC(25) Adjust Roots 1.821ms
[4.986s][info][gc,phases,start] GC(25) Compaction Phase
[4.999s][info][gc,phases      ] GC(25) Compaction Phase 12.963ms
[4.999s][info][gc,phases,start] GC(25) Post Compact
[5.000s][info][gc,phases      ] GC(25) Post Compact 0.590ms
[5.000s][info][gc,heap        ] GC(25) PSYoungGen: 96K(611840K)->0K(611840K) Eden: 0K(524800K)->0K(524800K) From: 96K(87040K)->0K(87040K)
[5.000s][info][gc,heap        ] GC(25) ParOldGen: 26295K(1398272K)->26295K(1398272K)
[5.000s][info][gc,metaspace   ] GC(25) Metaspace: 11961K(12160K)->11961K(12160K) NonClass: 10332K(10432K)->10332K(10432K) Class: 1629K(1728K)->1629K(1728K)
[5.000s][info][gc             ] GC(25) Pause Full (System.gc()) 25M->25M(1963M) 33.617ms
[5.000s][info][gc,cpu         ] GC(25) User=0.55s Sys=0.00s Real=0.03s
[5.276s][info][gc,start       ] GC(26) Pause Young (System.gc())
[5.277s][info][gc,heap        ] GC(26) PSYoungGen: 125952K(611840K)->32K(611840K) Eden: 125952K(524800K)->0K(524800K) From: 0K(87040K)->32K(87040K)
[5.277s][info][gc,heap        ] GC(26) ParOldGen: 26295K(1398272K)->26295K(1398272K)
[5.277s][info][gc,metaspace   ] GC(26) Metaspace: 11963K(12160K)->11963K(12160K) NonClass: 10334K(10432K)->10334K(10432K) Class: 1629K(1728K)->1629K(1728K)
[5.277s][info][gc             ] GC(26) Pause Young (System.gc()) 148M->25M(1963M) 0.666ms
[5.277s][info][gc,cpu         ] GC(26) User=0.00s Sys=0.00s Real=0.00s
[5.277s][info][gc,start       ] GC(27) Pause Full (System.gc())
[5.277s][info][gc,phases,start] GC(27) Marking Phase
[5.296s][info][gc,phases      ] GC(27) Marking Phase 18.877ms
[5.296s][info][gc,phases,start] GC(27) Summary Phase
[5.296s][info][gc,phases      ] GC(27) Summary Phase 0.021ms
[5.296s][info][gc,phases,start] GC(27) Adjust Roots
[5.298s][info][gc,phases      ] GC(27) Adjust Roots 1.829ms
[5.298s][info][gc,phases,start] GC(27) Compaction Phase
[5.306s][info][gc,phases      ] GC(27) Compaction Phase 7.973ms
[5.306s][info][gc,phases,start] GC(27) Post Compact
[5.306s][info][gc,phases      ] GC(27) Post Compact 0.535ms
[5.306s][info][gc,heap        ] GC(27) PSYoungGen: 32K(611840K)->0K(611840K) Eden: 0K(524800K)->0K(524800K) From: 32K(87040K)->0K(87040K)
[5.306s][info][gc,heap        ] GC(27) ParOldGen: 26295K(1398272K)->26295K(1398272K)
[5.306s][info][gc,metaspace   ] GC(27) Metaspace: 11963K(12160K)->11963K(12160K) NonClass: 10334K(10432K)->10334K(10432K) Class: 1629K(1728K)->1629K(1728K)
[5.306s][info][gc             ] GC(27) Pause Full (System.gc()) 25M->25M(1963M) 29.451ms
[5.306s][info][gc,cpu         ] GC(27) User=0.53s Sys=0.00s Real=0.03s
[5.576s][info][gc,start       ] GC(28) Pause Young (System.gc())
[5.576s][info][gc,heap        ] GC(28) PSYoungGen: 125952K(611840K)->96K(611840K) Eden: 125952K(524800K)->0K(524800K) From: 0K(87040K)->96K(87040K)
[5.576s][info][gc,heap        ] GC(28) ParOldGen: 26295K(1398272K)->26295K(1398272K)
[5.576s][info][gc,metaspace   ] GC(28) Metaspace: 11980K(12224K)->11980K(12224K) NonClass: 10351K(10496K)->10351K(10496K) Class: 1629K(1728K)->1629K(1728K)
[5.576s][info][gc             ] GC(28) Pause Young (System.gc()) 148M->25M(1963M) 0.634ms
[5.576s][info][gc,cpu         ] GC(28) User=0.00s Sys=0.00s Real=0.00s
[5.577s][info][gc,start       ] GC(29) Pause Full (System.gc())
[5.577s][info][gc,phases,start] GC(29) Marking Phase
[5.597s][info][gc,phases      ] GC(29) Marking Phase 20.097ms
[5.597s][info][gc,phases,start] GC(29) Summary Phase
[5.597s][info][gc,phases      ] GC(29) Summary Phase 0.020ms
[5.597s][info][gc,phases,start] GC(29) Adjust Roots
[5.599s][info][gc,phases      ] GC(29) Adjust Roots 1.818ms
[5.599s][info][gc,phases,start] GC(29) Compaction Phase
[5.612s][info][gc,phases      ] GC(29) Compaction Phase 13.116ms
[5.612s][info][gc,phases,start] GC(29) Post Compact
[5.612s][info][gc,phases      ] GC(29) Post Compact 0.598ms
[5.612s][info][gc,heap        ] GC(29) PSYoungGen: 96K(611840K)->0K(611840K) Eden: 0K(524800K)->0K(524800K) From: 96K(87040K)->0K(87040K)
[5.612s][info][gc,heap        ] GC(29) ParOldGen: 26295K(1398272K)->26295K(1398272K)
[5.612s][info][gc,metaspace   ] GC(29) Metaspace: 11980K(12224K)->11980K(12224K) NonClass: 10351K(10496K)->10351K(10496K) Class: 1629K(1728K)->1629K(1728K)
[5.612s][info][gc             ] GC(29) Pause Full (System.gc()) 25M->25M(1963M) 35.909ms
[5.613s][info][gc,cpu         ] GC(29) User=0.92s Sys=0.02s Real=0.05s
[5.876s][info][gc,start       ] GC(30) Pause Young (System.gc())
[5.876s][info][gc,heap        ] GC(30) PSYoungGen: 125952K(611840K)->128K(611840K) Eden: 125952K(524800K)->0K(524800K) From: 0K(87040K)->128K(87040K)
[5.876s][info][gc,heap        ] GC(30) ParOldGen: 26295K(1398272K)->26295K(1398272K)
[5.876s][info][gc,metaspace   ] GC(30) Metaspace: 11985K(12224K)->11985K(12224K) NonClass: 10356K(10496K)->10356K(10496K) Class: 1629K(1728K)->1629K(1728K)
[5.876s][info][gc             ] GC(30) Pause Young (System.gc()) 148M->25M(1963M) 0.600ms
[5.876s][info][gc,cpu         ] GC(30) User=0.00s Sys=0.00s Real=0.00s
[5.876s][info][gc,start       ] GC(31) Pause Full (System.gc())
[5.876s][info][gc,phases,start] GC(31) Marking Phase
[5.895s][info][gc,phases      ] GC(31) Marking Phase 19.023ms
[5.895s][info][gc,phases,start] GC(31) Summary Phase
[5.895s][info][gc,phases      ] GC(31) Summary Phase 0.021ms
[5.895s][info][gc,phases,start] GC(31) Adjust Roots
[5.897s][info][gc,phases      ] GC(31) Adjust Roots 1.820ms
[5.897s][info][gc,phases,start] GC(31) Compaction Phase
[5.911s][info][gc,phases      ] GC(31) Compaction Phase 13.731ms
[5.911s][info][gc,phases,start] GC(31) Post Compact
[5.912s][info][gc,phases      ] GC(31) Post Compact 0.613ms
[5.912s][info][gc,heap        ] GC(31) PSYoungGen: 128K(611840K)->0K(611840K) Eden: 0K(524800K)->0K(524800K) From: 128K(87040K)->0K(87040K)
[5.912s][info][gc,heap        ] GC(31) ParOldGen: 26295K(1398272K)->26295K(1398272K)
[5.912s][info][gc,metaspace   ] GC(31) Metaspace: 11985K(12224K)->11985K(12224K) NonClass: 10356K(10496K)->10356K(10496K) Class: 1629K(1728K)->1629K(1728K)
[5.912s][info][gc             ] GC(31) Pause Full (System.gc()) 25M->25M(1963M) 35.488ms
[5.912s][info][gc,cpu         ] GC(31) User=1.03s Sys=0.00s Real=0.03s
[6.186s][info][gc,start       ] GC(32) Pause Young (System.gc())
[6.187s][info][gc,heap        ] GC(32) PSYoungGen: 125952K(611840K)->128K(611840K) Eden: 125952K(524800K)->0K(524800K) From: 0K(87040K)->128K(87040K)
[6.187s][info][gc,heap        ] GC(32) ParOldGen: 26295K(1398272K)->26295K(1398272K)
[6.187s][info][gc,metaspace   ] GC(32) Metaspace: 11991K(12224K)->11991K(12224K) NonClass: 10362K(10496K)->10362K(10496K) Class: 1629K(1728K)->1629K(1728K)
[6.187s][info][gc             ] GC(32) Pause Young (System.gc()) 148M->25M(1963M) 0.532ms
[6.187s][info][gc,cpu         ] GC(32) User=0.00s Sys=0.00s Real=0.00s
[6.187s][info][gc,start       ] GC(33) Pause Full (System.gc())
[6.187s][info][gc,phases,start] GC(33) Marking Phase
[6.206s][info][gc,phases      ] GC(33) Marking Phase 19.359ms
[6.206s][info][gc,phases,start] GC(33) Summary Phase
[6.206s][info][gc,phases      ] GC(33) Summary Phase 0.012ms
[6.206s][info][gc,phases,start] GC(33) Adjust Roots
[6.208s][info][gc,phases      ] GC(33) Adjust Roots 1.702ms
[6.208s][info][gc,phases,start] GC(33) Compaction Phase
[6.215s][info][gc,phases      ] GC(33) Compaction Phase 6.784ms
[6.215s][info][gc,phases,start] GC(33) Post Compact
[6.215s][info][gc,phases      ] GC(33) Post Compact 0.514ms
[6.215s][info][gc,heap        ] GC(33) PSYoungGen: 128K(611840K)->0K(611840K) Eden: 0K(524800K)->0K(524800K) From: 128K(87040K)->0K(87040K)
[6.215s][info][gc,heap        ] GC(33) ParOldGen: 26295K(1398272K)->26295K(1398272K)
[6.216s][info][gc,metaspace   ] GC(33) Metaspace: 11991K(12224K)->11991K(12224K) NonClass: 10362K(10496K)->10362K(10496K) Class: 1629K(1728K)->1629K(1728K)
[6.216s][info][gc             ] GC(33) Pause Full (System.gc()) 25M->25M(1963M) 28.527ms
[6.216s][info][gc,cpu         ] GC(33) User=0.55s Sys=0.00s Real=0.03s
[6.484s][info][gc,start       ] GC(34) Pause Young (System.gc())
[6.484s][info][gc,heap        ] GC(34) PSYoungGen: 125952K(611840K)->64K(611840K) Eden: 125952K(524800K)->0K(524800K) From: 0K(87040K)->64K(87040K)
[6.485s][info][gc,heap        ] GC(34) ParOldGen: 26295K(1398272K)->26295K(1398272K)
[6.485s][info][gc,metaspace   ] GC(34) Metaspace: 11992K(12224K)->11992K(12224K) NonClass: 10363K(10496K)->10363K(10496K) Class: 1629K(1728K)->1629K(1728K)
[6.485s][info][gc             ] GC(34) Pause Young (System.gc()) 148M->25M(1963M) 0.656ms
[6.485s][info][gc,cpu         ] GC(34) User=0.00s Sys=0.00s Real=0.00s
[6.485s][info][gc,start       ] GC(35) Pause Full (System.gc())
[6.485s][info][gc,phases,start] GC(35) Marking Phase
[6.504s][info][gc,phases      ] GC(35) Marking Phase 19.399ms
[6.504s][info][gc,phases,start] GC(35) Summary Phase
[6.504s][info][gc,phases      ] GC(35) Summary Phase 0.021ms
[6.504s][info][gc,phases,start] GC(35) Adjust Roots
[6.506s][info][gc,phases      ] GC(35) Adjust Roots 1.676ms
[6.506s][info][gc,phases,start] GC(35) Compaction Phase
[6.513s][info][gc,phases      ] GC(35) Compaction Phase 6.892ms
[6.513s][info][gc,phases,start] GC(35) Post Compact
[6.513s][info][gc,phases      ] GC(35) Post Compact 0.522ms
[6.513s][info][gc,heap        ] GC(35) PSYoungGen: 64K(611840K)->0K(611840K) Eden: 0K(524800K)->0K(524800K) From: 64K(87040K)->0K(87040K)
[6.514s][info][gc,heap        ] GC(35) ParOldGen: 26295K(1398272K)->26295K(1398272K)
[6.514s][info][gc,metaspace   ] GC(35) Metaspace: 11992K(12224K)->11992K(12224K) NonClass: 10363K(10496K)->10363K(10496K) Class: 1629K(1728K)->1629K(1728K)
[6.514s][info][gc             ] GC(35) Pause Full (System.gc()) 25M->25M(1963M) 28.801ms
[6.514s][info][gc,cpu         ] GC(35) User=0.52s Sys=0.00s Real=0.02s
[6.782s][info][gc,start       ] GC(36) Pause Young (System.gc())
[6.783s][info][gc,heap        ] GC(36) PSYoungGen: 125952K(611840K)->96K(611840K) Eden: 125952K(524800K)->0K(524800K) From: 0K(87040K)->96K(87040K)
[6.783s][info][gc,heap        ] GC(36) ParOldGen: 26295K(1398272K)->26295K(1398272K)
[6.783s][info][gc,metaspace   ] GC(36) Metaspace: 11992K(12224K)->11992K(12224K) NonClass: 10363K(10496K)->10363K(10496K) Class: 1629K(1728K)->1629K(1728K)
[6.783s][info][gc             ] GC(36) Pause Young (System.gc()) 148M->25M(1963M) 0.562ms
[6.783s][info][gc,cpu         ] GC(36) User=0.00s Sys=0.00s Real=0.00s
[6.783s][info][gc,start       ] GC(37) Pause Full (System.gc())
[6.783s][info][gc,phases,start] GC(37) Marking Phase
[6.802s][info][gc,phases      ] GC(37) Marking Phase 19.324ms
[6.802s][info][gc,phases,start] GC(37) Summary Phase
[6.802s][info][gc,phases      ] GC(37) Summary Phase 0.012ms
[6.802s][info][gc,phases,start] GC(37) Adjust Roots
[6.804s][info][gc,phases      ] GC(37) Adjust Roots 1.849ms
[6.804s][info][gc,phases,start] GC(37) Compaction Phase
[6.816s][info][gc,phases      ] GC(37) Compaction Phase 12.060ms
[6.816s][info][gc,phases,start] GC(37) Post Compact
[6.817s][info][gc,phases      ] GC(37) Post Compact 0.512ms
[6.817s][info][gc,heap        ] GC(37) PSYoungGen: 96K(611840K)->0K(611840K) Eden: 0K(524800K)->0K(524800K) From: 96K(87040K)->0K(87040K)
[6.817s][info][gc,heap        ] GC(37) ParOldGen: 26295K(1398272K)->26295K(1398272K)
[6.817s][info][gc,metaspace   ] GC(37) Metaspace: 11992K(12224K)->11992K(12224K) NonClass: 10363K(10496K)->10363K(10496K) Class: 1629K(1728K)->1629K(1728K)
[6.817s][info][gc             ] GC(37) Pause Full (System.gc()) 25M->25M(1963M) 33.915ms
[6.817s][info][gc,cpu         ] GC(37) User=0.55s Sys=0.00s Real=0.03s
[7.086s][info][gc,start       ] GC(38) Pause Young (System.gc())
[7.086s][info][gc,heap        ] GC(38) PSYoungGen: 125952K(611840K)->96K(611840K) Eden: 125952K(524800K)->0K(524800K) From: 0K(87040K)->96K(87040K)
[7.086s][info][gc,heap        ] GC(38) ParOldGen: 26295K(1398272K)->26295K(1398272K)
[7.086s][info][gc,metaspace   ] GC(38) Metaspace: 11993K(12224K)->11993K(12224K) NonClass: 10363K(10496K)->10363K(10496K) Class: 1629K(1728K)->1629K(1728K)
[7.086s][info][gc             ] GC(38) Pause Young (System.gc()) 148M->25M(1963M) 0.620ms
[7.087s][info][gc,cpu         ] GC(38) User=0.00s Sys=0.00s Real=0.00s
[7.087s][info][gc,start       ] GC(39) Pause Full (System.gc())
[7.087s][info][gc,phases,start] GC(39) Marking Phase
[7.106s][info][gc,phases      ] GC(39) Marking Phase 19.508ms
[7.106s][info][gc,phases,start] GC(39) Summary Phase
[7.106s][info][gc,phases      ] GC(39) Summary Phase 0.020ms
[7.106s][info][gc,phases,start] GC(39) Adjust Roots
[7.108s][info][gc,phases      ] GC(39) Adjust Roots 1.940ms
[7.108s][info][gc,phases,start] GC(39) Compaction Phase
[7.116s][info][gc,phases      ] GC(39) Compaction Phase 7.516ms
[7.116s][info][gc,phases,start] GC(39) Post Compact
[7.116s][info][gc,phases      ] GC(39) Post Compact 0.544ms
[7.116s][info][gc,heap        ] GC(39) PSYoungGen: 96K(611840K)->0K(611840K) Eden: 0K(524800K)->0K(524800K) From: 96K(87040K)->0K(87040K)
[7.116s][info][gc,heap        ] GC(39) ParOldGen: 26295K(1398272K)->26295K(1398272K)
[7.116s][info][gc,metaspace   ] GC(39) Metaspace: 11993K(12224K)->11993K(12224K) NonClass: 10363K(10496K)->10363K(10496K) Class: 1629K(1728K)->1629K(1728K)
[7.117s][info][gc             ] GC(39) Pause Full (System.gc()) 25M->25M(1963M) 29.855ms
[7.117s][info][gc,cpu         ] GC(39) User=0.53s Sys=0.00s Real=0.03s
[7.388s][info][gc,start       ] GC(40) Pause Young (System.gc())
[7.389s][info][gc,heap        ] GC(40) PSYoungGen: 125952K(611840K)->128K(611840K) Eden: 125952K(524800K)->0K(524800K) From: 0K(87040K)->128K(87040K)
[7.389s][info][gc,heap        ] GC(40) ParOldGen: 26295K(1398272K)->26295K(1398272K)
[7.389s][info][gc,metaspace   ] GC(40) Metaspace: 11993K(12224K)->11993K(12224K) NonClass: 10363K(10496K)->10363K(10496K) Class: 1629K(1728K)->1629K(1728K)
[7.389s][info][gc             ] GC(40) Pause Young (System.gc()) 148M->25M(1963M) 0.652ms
[7.389s][info][gc,cpu         ] GC(40) User=0.00s Sys=0.00s Real=0.00s
[7.389s][info][gc,start       ] GC(41) Pause Full (System.gc())
[7.389s][info][gc,phases,start] GC(41) Marking Phase
[7.408s][info][gc,phases      ] GC(41) Marking Phase 18.963ms
[7.408s][info][gc,phases,start] GC(41) Summary Phase
[7.408s][info][gc,phases      ] GC(41) Summary Phase 0.021ms
[7.408s][info][gc,phases,start] GC(41) Adjust Roots
[7.410s][info][gc,phases      ] GC(41) Adjust Roots 1.917ms
[7.410s][info][gc,phases,start] GC(41) Compaction Phase
[7.422s][info][gc,phases      ] GC(41) Compaction Phase 11.764ms
[7.422s][info][gc,phases,start] GC(41) Post Compact
[7.422s][info][gc,phases      ] GC(41) Post Compact 0.579ms
[7.422s][info][gc,heap        ] GC(41) PSYoungGen: 128K(611840K)->0K(611840K) Eden: 0K(524800K)->0K(524800K) From: 128K(87040K)->0K(87040K)
[7.422s][info][gc,heap        ] GC(41) ParOldGen: 26295K(1398272K)->26295K(1398272K)
[7.422s][info][gc,metaspace   ] GC(41) Metaspace: 11993K(12224K)->11993K(12224K) NonClass: 10363K(10496K)->10363K(10496K) Class: 1629K(1728K)->1629K(1728K)
[7.422s][info][gc             ] GC(41) Pause Full (System.gc()) 25M->25M(1963M) 33.510ms
[7.422s][info][gc,cpu         ] GC(41) User=0.55s Sys=0.00s Real=0.03s
[7.707s][info][gc,start       ] GC(42) Pause Young (System.gc())
[7.708s][info][gc,heap        ] GC(42) PSYoungGen: 125952K(611840K)->352K(611840K) Eden: 125952K(524800K)->0K(524800K) From: 0K(87040K)->352K(87040K)
[7.708s][info][gc,heap        ] GC(42) ParOldGen: 26295K(1398272K)->26295K(1398272K)
[7.708s][info][gc,metaspace   ] GC(42) Metaspace: 11994K(12224K)->11994K(12224K) NonClass: 10364K(10496K)->10364K(10496K) Class: 1629K(1728K)->1629K(1728K)
[7.708s][info][gc             ] GC(42) Pause Young (System.gc()) 148M->26M(1963M) 0.597ms
[7.708s][info][gc,cpu         ] GC(42) User=0.00s Sys=0.00s Real=0.00s
[7.708s][info][gc,start       ] GC(43) Pause Full (System.gc())
[7.708s][info][gc,phases,start] GC(43) Marking Phase
[7.727s][info][gc,phases      ] GC(43) Marking Phase 18.701ms
[7.727s][info][gc,phases,start] GC(43) Summary Phase
[7.727s][info][gc,phases      ] GC(43) Summary Phase 0.022ms
[7.727s][info][gc,phases,start] GC(43) Adjust Roots
[7.728s][info][gc,phases      ] GC(43) Adjust Roots 1.429ms
[7.728s][info][gc,phases,start] GC(43) Compaction Phase
[7.742s][info][gc,phases      ] GC(43) Compaction Phase 13.438ms
[7.742s][info][gc,phases,start] GC(43) Post Compact
[7.742s][info][gc,phases      ] GC(43) Post Compact 0.617ms
[7.742s][info][gc,heap        ] GC(43) PSYoungGen: 352K(611840K)->0K(611840K) Eden: 0K(524800K)->0K(524800K) From: 352K(87040K)->0K(87040K)
[7.742s][info][gc,heap        ] GC(43) ParOldGen: 26295K(1398272K)->26296K(1398272K)
[7.742s][info][gc,metaspace   ] GC(43) Metaspace: 11994K(12224K)->11994K(12224K) NonClass: 10364K(10496K)->10364K(10496K) Class: 1629K(1728K)->1629K(1728K)
[7.742s][info][gc             ] GC(43) Pause Full (System.gc()) 26M->25M(1963M) 34.472ms
[7.742s][info][gc,cpu         ] GC(43) User=0.55s Sys=0.00s Real=0.03s
[8.014s][info][gc,start       ] GC(44) Pause Young (System.gc())
[8.015s][info][gc,heap        ] GC(44) PSYoungGen: 125952K(611840K)->96K(611840K) Eden: 125952K(524800K)->0K(524800K) From: 0K(87040K)->96K(87040K)
[8.015s][info][gc,heap        ] GC(44) ParOldGen: 26296K(1398272K)->26296K(1398272K)
[8.015s][info][gc,metaspace   ] GC(44) Metaspace: 11994K(12224K)->11994K(12224K) NonClass: 10364K(10496K)->10364K(10496K) Class: 1629K(1728K)->1629K(1728K)
[8.015s][info][gc             ] GC(44) Pause Young (System.gc()) 148M->25M(1963M) 0.632ms
[8.015s][info][gc,cpu         ] GC(44) User=0.00s Sys=0.00s Real=0.00s
[8.015s][info][gc,start       ] GC(45) Pause Full (System.gc())
[8.015s][info][gc,phases,start] GC(45) Marking Phase
[8.035s][info][gc,phases      ] GC(45) Marking Phase 19.793ms
[8.035s][info][gc,phases,start] GC(45) Summary Phase
[8.035s][info][gc,phases      ] GC(45) Summary Phase 0.017ms
[8.035s][info][gc,phases,start] GC(45) Adjust Roots
[8.037s][info][gc,phases      ] GC(45) Adjust Roots 1.951ms
[8.037s][info][gc,phases,start] GC(45) Compaction Phase
[8.050s][info][gc,phases      ] GC(45) Compaction Phase 12.959ms
[8.050s][info][gc,phases,start] GC(45) Post Compact
[8.051s][info][gc,phases      ] GC(45) Post Compact 0.602ms
[8.051s][info][gc,heap        ] GC(45) PSYoungGen: 96K(611840K)->0K(611840K) Eden: 0K(524800K)->0K(524800K) From: 96K(87040K)->0K(87040K)
[8.051s][info][gc,heap        ] GC(45) ParOldGen: 26296K(1398272K)->26296K(1398272K)
[8.051s][info][gc,metaspace   ] GC(45) Metaspace: 11994K(12224K)->11994K(12224K) NonClass: 10364K(10496K)->10364K(10496K) Class: 1629K(1728K)->1629K(1728K)
[8.051s][info][gc             ] GC(45) Pause Full (System.gc()) 25M->25M(1963M) 35.583ms
[8.051s][info][gc,cpu         ] GC(45) User=0.55s Sys=0.00s Real=0.03s
[8.321s][info][gc,start       ] GC(46) Pause Young (System.gc())
[8.321s][info][gc,heap        ] GC(46) PSYoungGen: 125952K(611840K)->64K(611840K) Eden: 125952K(524800K)->0K(524800K) From: 0K(87040K)->64K(87040K)
[8.321s][info][gc,heap        ] GC(46) ParOldGen: 26296K(1398272K)->26296K(1398272K)
[8.322s][info][gc,metaspace   ] GC(46) Metaspace: 12021K(12224K)->12021K(12224K) NonClass: 10391K(10496K)->10391K(10496K) Class: 1629K(1728K)->1629K(1728K)
[8.322s][info][gc             ] GC(46) Pause Young (System.gc()) 148M->25M(1963M) 0.626ms
[8.322s][info][gc,cpu         ] GC(46) User=0.00s Sys=0.00s Real=0.00s
[8.322s][info][gc,start       ] GC(47) Pause Full (System.gc())
[8.322s][info][gc,phases,start] GC(47) Marking Phase
[8.341s][info][gc,phases      ] GC(47) Marking Phase 19.093ms
[8.341s][info][gc,phases,start] GC(47) Summary Phase
[8.341s][info][gc,phases      ] GC(47) Summary Phase 0.019ms
[8.341s][info][gc,phases,start] GC(47) Adjust Roots
[8.343s][info][gc,phases      ] GC(47) Adjust Roots 2.106ms
[8.343s][info][gc,phases,start] GC(47) Compaction Phase
[8.357s][info][gc,phases      ] GC(47) Compaction Phase 13.601ms
[8.357s][info][gc,phases,start] GC(47) Post Compact
[8.357s][info][gc,phases      ] GC(47) Post Compact 0.599ms
[8.357s][info][gc,heap        ] GC(47) PSYoungGen: 64K(611840K)->0K(611840K) Eden: 0K(524800K)->0K(524800K) From: 64K(87040K)->0K(87040K)
[8.357s][info][gc,heap        ] GC(47) ParOldGen: 26296K(1398272K)->26296K(1398272K)
[8.357s][info][gc,metaspace   ] GC(47) Metaspace: 12021K(12224K)->12021K(12224K) NonClass: 10391K(10496K)->10391K(10496K) Class: 1629K(1728K)->1629K(1728K)
[8.357s][info][gc             ] GC(47) Pause Full (System.gc()) 25M->25M(1963M) 35.680ms
[8.357s][info][gc,cpu         ] GC(47) User=0.55s Sys=0.00s Real=0.03s
[8.621s][info][gc,start       ] GC(48) Pause Young (System.gc())
[8.621s][info][gc,heap        ] GC(48) PSYoungGen: 125952K(611840K)->96K(611840K) Eden: 125952K(524800K)->0K(524800K) From: 0K(87040K)->96K(87040K)
[8.621s][info][gc,heap        ] GC(48) ParOldGen: 26296K(1398272K)->26296K(1398272K)
[8.621s][info][gc,metaspace   ] GC(48) Metaspace: 12021K(12224K)->12021K(12224K) NonClass: 10391K(10496K)->10391K(10496K) Class: 1629K(1728K)->1629K(1728K)
[8.621s][info][gc             ] GC(48) Pause Young (System.gc()) 148M->25M(1963M) 0.598ms
[8.621s][info][gc,cpu         ] GC(48) User=0.00s Sys=0.00s Real=0.00s
[8.621s][info][gc,start       ] GC(49) Pause Full (System.gc())
[8.621s][info][gc,phases,start] GC(49) Marking Phase
[8.642s][info][gc,phases      ] GC(49) Marking Phase 20.277ms
[8.642s][info][gc,phases,start] GC(49) Summary Phase
[8.642s][info][gc,phases      ] GC(49) Summary Phase 0.020ms
[8.642s][info][gc,phases,start] GC(49) Adjust Roots
[8.644s][info][gc,phases      ] GC(49) Adjust Roots 1.733ms
[8.644s][info][gc,phases,start] GC(49) Compaction Phase
[8.655s][info][gc,phases      ] GC(49) Compaction Phase 11.650ms
[8.655s][info][gc,phases,start] GC(49) Post Compact
[8.656s][info][gc,phases      ] GC(49) Post Compact 0.552ms
[8.656s][info][gc,heap        ] GC(49) PSYoungGen: 96K(611840K)->0K(611840K) Eden: 0K(524800K)->0K(524800K) From: 96K(87040K)->0K(87040K)
[8.656s][info][gc,heap        ] GC(49) ParOldGen: 26296K(1398272K)->26296K(1398272K)
[8.656s][info][gc,metaspace   ] GC(49) Metaspace: 12021K(12224K)->12021K(12224K) NonClass: 10391K(10496K)->10391K(10496K) Class: 1629K(1728K)->1629K(1728K)
[8.656s][info][gc             ] GC(49) Pause Full (System.gc()) 25M->25M(1963M) 34.459ms
[8.656s][info][gc,cpu         ] GC(49) User=0.55s Sys=0.00s Real=0.03s
[8.926s][info][gc,start       ] GC(50) Pause Young (System.gc())
[8.926s][info][gc,heap        ] GC(50) PSYoungGen: 125952K(611840K)->32K(611840K) Eden: 125952K(524800K)->0K(524800K) From: 0K(87040K)->32K(87040K)
[8.926s][info][gc,heap        ] GC(50) ParOldGen: 26296K(1398272K)->26296K(1398272K)
[8.926s][info][gc,metaspace   ] GC(50) Metaspace: 12022K(12224K)->12022K(12224K) NonClass: 10393K(10496K)->10393K(10496K) Class: 1629K(1728K)->1629K(1728K)
[8.927s][info][gc             ] GC(50) Pause Young (System.gc()) 148M->25M(1963M) 0.585ms
[8.927s][info][gc,cpu         ] GC(50) User=0.00s Sys=0.00s Real=0.00s
[8.927s][info][gc,start       ] GC(51) Pause Full (System.gc())
[8.927s][info][gc,phases,start] GC(51) Marking Phase
[8.945s][info][gc,phases      ] GC(51) Marking Phase 18.732ms
[8.945s][info][gc,phases,start] GC(51) Summary Phase
[8.946s][info][gc,phases      ] GC(51) Summary Phase 0.019ms
[8.946s][info][gc,phases,start] GC(51) Adjust Roots
[8.947s][info][gc,phases      ] GC(51) Adjust Roots 1.905ms
[8.947s][info][gc,phases,start] GC(51) Compaction Phase
[8.959s][info][gc,phases      ] GC(51) Compaction Phase 11.558ms
[8.959s][info][gc,phases,start] GC(51) Post Compact
[8.960s][info][gc,phases      ] GC(51) Post Compact 0.579ms
[8.960s][info][gc,heap        ] GC(51) PSYoungGen: 32K(611840K)->0K(611840K) Eden: 0K(524800K)->0K(524800K) From: 32K(87040K)->0K(87040K)
[8.960s][info][gc,heap        ] GC(51) ParOldGen: 26296K(1398272K)->26296K(1398272K)
[8.960s][info][gc,metaspace   ] GC(51) Metaspace: 12022K(12224K)->12022K(12224K) NonClass: 10393K(10496K)->10393K(10496K) Class: 1629K(1728K)->1629K(1728K)
[8.960s][info][gc             ] GC(51) Pause Full (System.gc()) 25M->25M(1963M) 33.029ms
[8.960s][info][gc,cpu         ] GC(51) User=0.55s Sys=0.00s Real=0.03s
[9.230s][info][gc,start       ] GC(52) Pause Young (System.gc())
[9.231s][info][gc,heap        ] GC(52) PSYoungGen: 125952K(611840K)->96K(611840K) Eden: 125952K(524800K)->0K(524800K) From: 0K(87040K)->96K(87040K)
[9.231s][info][gc,heap        ] GC(52) ParOldGen: 26296K(1398272K)->26296K(1398272K)
[9.231s][info][gc,metaspace   ] GC(52) Metaspace: 12023K(12224K)->12023K(12224K) NonClass: 10393K(10496K)->10393K(10496K) Class: 1629K(1728K)->1629K(1728K)
[9.231s][info][gc             ] GC(52) Pause Young (System.gc()) 148M->25M(1963M) 0.674ms
[9.231s][info][gc,cpu         ] GC(52) User=0.00s Sys=0.00s Real=0.00s
[9.231s][info][gc,start       ] GC(53) Pause Full (System.gc())
[9.231s][info][gc,phases,start] GC(53) Marking Phase
[9.251s][info][gc,phases      ] GC(53) Marking Phase 19.814ms
[9.251s][info][gc,phases,start] GC(53) Summary Phase
[9.251s][info][gc,phases      ] GC(53) Summary Phase 0.020ms
[9.251s][info][gc,phases,start] GC(53) Adjust Roots
[9.253s][info][gc,phases      ] GC(53) Adjust Roots 1.907ms
[9.253s][info][gc,phases,start] GC(53) Compaction Phase
[9.266s][info][gc,phases      ] GC(53) Compaction Phase 13.397ms
[9.266s][info][gc,phases,start] GC(53) Post Compact
[9.267s][info][gc,phases      ] GC(53) Post Compact 0.620ms
[9.267s][info][gc,heap        ] GC(53) PSYoungGen: 96K(611840K)->0K(611840K) Eden: 0K(524800K)->0K(524800K) From: 96K(87040K)->0K(87040K)
[9.267s][info][gc,heap        ] GC(53) ParOldGen: 26296K(1398272K)->26296K(1398272K)
[9.267s][info][gc,metaspace   ] GC(53) Metaspace: 12023K(12224K)->12023K(12224K) NonClass: 10393K(10496K)->10393K(10496K) Class: 1629K(1728K)->1629K(1728K)
[9.267s][info][gc             ] GC(53) Pause Full (System.gc()) 25M->25M(1963M) 36.029ms
[9.267s][info][gc,cpu         ] GC(53) User=0.53s Sys=0.02s Real=0.05s
[9.554s][info][gc,start       ] GC(54) Pause Young (System.gc())
[9.555s][info][gc,heap        ] GC(54) PSYoungGen: 125952K(611840K)->32K(611840K) Eden: 125952K(524800K)->0K(524800K) From: 0K(87040K)->32K(87040K)
[9.555s][info][gc,heap        ] GC(54) ParOldGen: 26296K(1398272K)->26296K(1398272K)
[9.555s][info][gc,metaspace   ] GC(54) Metaspace: 12023K(12224K)->12023K(12224K) NonClass: 10393K(10496K)->10393K(10496K) Class: 1629K(1728K)->1629K(1728K)
[9.555s][info][gc             ] GC(54) Pause Young (System.gc()) 148M->25M(1963M) 0.646ms
[9.555s][info][gc,cpu         ] GC(54) User=0.00s Sys=0.00s Real=0.00s
[9.555s][info][gc,start       ] GC(55) Pause Full (System.gc())
[9.555s][info][gc,phases,start] GC(55) Marking Phase
[9.575s][info][gc,phases      ] GC(55) Marking Phase 20.512ms
[9.575s][info][gc,phases,start] GC(55) Summary Phase
[9.575s][info][gc,phases      ] GC(55) Summary Phase 0.019ms
[9.575s][info][gc,phases,start] GC(55) Adjust Roots
[9.577s][info][gc,phases      ] GC(55) Adjust Roots 1.907ms
[9.577s][info][gc,phases,start] GC(55) Compaction Phase
[9.591s][info][gc,phases      ] GC(55) Compaction Phase 13.872ms
[9.591s][info][gc,phases,start] GC(55) Post Compact
[9.592s][info][gc,phases      ] GC(55) Post Compact 0.625ms
[9.592s][info][gc,heap        ] GC(55) PSYoungGen: 32K(611840K)->0K(611840K) Eden: 0K(524800K)->0K(524800K) From: 32K(87040K)->0K(87040K)
[9.592s][info][gc,heap        ] GC(55) ParOldGen: 26296K(1398272K)->26296K(1398272K)
[9.592s][info][gc,metaspace   ] GC(55) Metaspace: 12023K(12224K)->12023K(12224K) NonClass: 10393K(10496K)->10393K(10496K) Class: 1629K(1728K)->1629K(1728K)
[9.592s][info][gc             ] GC(55) Pause Full (System.gc()) 25M->25M(1963M) 37.207ms
[9.592s][info][gc,cpu         ] GC(55) User=0.55s Sys=0.00s Real=0.03s
[9.855s][info][gc,start       ] GC(56) Pause Young (System.gc())
[9.855s][info][gc,heap        ] GC(56) PSYoungGen: 125952K(611840K)->32K(611840K) Eden: 125952K(524800K)->0K(524800K) From: 0K(87040K)->32K(87040K)
[9.855s][info][gc,heap        ] GC(56) ParOldGen: 26296K(1398272K)->26296K(1398272K)
[9.855s][info][gc,metaspace   ] GC(56) Metaspace: 12023K(12224K)->12023K(12224K) NonClass: 10393K(10496K)->10393K(10496K) Class: 1629K(1728K)->1629K(1728K)
[9.855s][info][gc             ] GC(56) Pause Young (System.gc()) 148M->25M(1963M) 0.599ms
[9.855s][info][gc,cpu         ] GC(56) User=0.00s Sys=0.00s Real=0.00s
[9.856s][info][gc,start       ] GC(57) Pause Full (System.gc())
[9.856s][info][gc,phases,start] GC(57) Marking Phase
[9.875s][info][gc,phases      ] GC(57) Marking Phase 19.127ms
[9.875s][info][gc,phases,start] GC(57) Summary Phase
[9.875s][info][gc,phases      ] GC(57) Summary Phase 0.021ms
[9.875s][info][gc,phases,start] GC(57) Adjust Roots
[9.877s][info][gc,phases      ] GC(57) Adjust Roots 2.099ms
[9.877s][info][gc,phases,start] GC(57) Compaction Phase
[9.891s][info][gc,phases      ] GC(57) Compaction Phase 14.145ms
[9.891s][info][gc,phases,start] GC(57) Post Compact
[9.892s][info][gc,phases      ] GC(57) Post Compact 0.609ms
[9.892s][info][gc,heap        ] GC(57) PSYoungGen: 32K(611840K)->0K(611840K) Eden: 0K(524800K)->0K(524800K) From: 32K(87040K)->0K(87040K)
[9.892s][info][gc,heap        ] GC(57) ParOldGen: 26296K(1398272K)->26296K(1398272K)
[9.892s][info][gc,metaspace   ] GC(57) Metaspace: 12023K(12224K)->12023K(12224K) NonClass: 10393K(10496K)->10393K(10496K) Class: 1629K(1728K)->1629K(1728K)
[9.892s][info][gc             ] GC(57) Pause Full (System.gc()) 25M->25M(1963M) 36.278ms
[9.892s][info][gc,cpu         ] GC(57) User=0.53s Sys=0.00s Real=0.04s
[10.154s][info][gc,start       ] GC(58) Pause Young (System.gc())
[10.155s][info][gc,heap        ] GC(58) PSYoungGen: 125952K(611840K)->96K(611840K) Eden: 125952K(524800K)->0K(524800K) From: 0K(87040K)->96K(87040K)
[10.155s][info][gc,heap        ] GC(58) ParOldGen: 26296K(1398272K)->26296K(1398272K)
[10.155s][info][gc,metaspace   ] GC(58) Metaspace: 12024K(12224K)->12024K(12224K) NonClass: 10395K(10496K)->10395K(10496K) Class: 1629K(1728K)->1629K(1728K)
[10.155s][info][gc             ] GC(58) Pause Young (System.gc()) 148M->25M(1963M) 0.638ms
[10.155s][info][gc,cpu         ] GC(58) User=0.00s Sys=0.00s Real=0.00s
[10.155s][info][gc,start       ] GC(59) Pause Full (System.gc())
[10.155s][info][gc,phases,start] GC(59) Marking Phase
[10.175s][info][gc,phases      ] GC(59) Marking Phase 19.666ms
[10.175s][info][gc,phases,start] GC(59) Summary Phase
[10.175s][info][gc,phases      ] GC(59) Summary Phase 0.017ms
[10.175s][info][gc,phases,start] GC(59) Adjust Roots
[10.177s][info][gc,phases      ] GC(59) Adjust Roots 1.987ms
[10.177s][info][gc,phases,start] GC(59) Compaction Phase
[10.190s][info][gc,phases      ] GC(59) Compaction Phase 13.300ms
[10.190s][info][gc,phases,start] GC(59) Post Compact
[10.191s][info][gc,phases      ] GC(59) Post Compact 0.629ms
[10.191s][info][gc,heap        ] GC(59) PSYoungGen: 96K(611840K)->0K(611840K) Eden: 0K(524800K)->0K(524800K) From: 96K(87040K)->0K(87040K)
[10.191s][info][gc,heap        ] GC(59) ParOldGen: 26296K(1398272K)->26296K(1398272K)
[10.191s][info][gc,metaspace   ] GC(59) Metaspace: 12024K(12224K)->12024K(12224K) NonClass: 10395K(10496K)->10395K(10496K) Class: 1629K(1728K)->1629K(1728K)
[10.191s][info][gc             ] GC(59) Pause Full (System.gc()) 25M->25M(1963M) 35.898ms
[10.191s][info][gc,cpu         ] GC(59) User=0.55s Sys=0.00s Real=0.03s
[10.481s][info][gc,start       ] GC(60) Pause Young (System.gc())
[10.481s][info][gc,heap        ] GC(60) PSYoungGen: 125952K(611840K)->96K(611840K) Eden: 125952K(524800K)->0K(524800K) From: 0K(87040K)->96K(87040K)
[10.481s][info][gc,heap        ] GC(60) ParOldGen: 26296K(1398272K)->26296K(1398272K)
[10.481s][info][gc,metaspace   ] GC(60) Metaspace: 12032K(12224K)->12032K(12224K) NonClass: 10402K(10496K)->10402K(10496K) Class: 1629K(1728K)->1629K(1728K)
[10.481s][info][gc             ] GC(60) Pause Young (System.gc()) 148M->25M(1963M) 0.701ms
[10.482s][info][gc,cpu         ] GC(60) User=0.00s Sys=0.00s Real=0.00s
[10.482s][info][gc,start       ] GC(61) Pause Full (System.gc())
[10.482s][info][gc,phases,start] GC(61) Marking Phase
[10.501s][info][gc,phases      ] GC(61) Marking Phase 19.536ms
[10.501s][info][gc,phases,start] GC(61) Summary Phase
[10.501s][info][gc,phases      ] GC(61) Summary Phase 0.021ms
[10.501s][info][gc,phases,start] GC(61) Adjust Roots
[10.503s][info][gc,phases      ] GC(61) Adjust Roots 1.916ms
[10.503s][info][gc,phases,start] GC(61) Compaction Phase
[10.511s][info][gc,phases      ] GC(61) Compaction Phase 8.167ms
[10.511s][info][gc,phases,start] GC(61) Post Compact
[10.512s][info][gc,phases      ] GC(61) Post Compact 0.543ms
[10.512s][info][gc,heap        ] GC(61) PSYoungGen: 96K(611840K)->0K(611840K) Eden: 0K(524800K)->0K(524800K) From: 96K(87040K)->0K(87040K)
[10.512s][info][gc,heap        ] GC(61) ParOldGen: 26296K(1398272K)->26296K(1398272K)
[10.512s][info][gc,metaspace   ] GC(61) Metaspace: 12032K(12224K)->12032K(12224K) NonClass: 10402K(10496K)->10402K(10496K) Class: 1629K(1728K)->1629K(1728K)
[10.512s][info][gc             ] GC(61) Pause Full (System.gc()) 25M->25M(1963M) 30.423ms
[10.512s][info][gc,cpu         ] GC(61) User=0.53s Sys=0.00s Real=0.02s
[10.769s][info][gc,start       ] GC(62) Pause Young (System.gc())
[10.770s][info][gc,heap        ] GC(62) PSYoungGen: 125952K(611840K)->96K(611840K) Eden: 125952K(524800K)->0K(524800K) From: 0K(87040K)->96K(87040K)
[10.770s][info][gc,heap        ] GC(62) ParOldGen: 26296K(1398272K)->26296K(1398272K)
[10.770s][info][gc,metaspace   ] GC(62) Metaspace: 12037K(12224K)->12037K(12224K) NonClass: 10407K(10496K)->10407K(10496K) Class: 1629K(1728K)->1629K(1728K)
[10.770s][info][gc             ] GC(62) Pause Young (System.gc()) 148M->25M(1963M) 0.682ms
[10.770s][info][gc,cpu         ] GC(62) User=0.00s Sys=0.00s Real=0.00s
[10.770s][info][gc,start       ] GC(63) Pause Full (System.gc())
[10.770s][info][gc,phases,start] GC(63) Marking Phase
[10.790s][info][gc,phases      ] GC(63) Marking Phase 19.547ms
[10.790s][info][gc,phases,start] GC(63) Summary Phase
[10.790s][info][gc,phases      ] GC(63) Summary Phase 0.021ms
[10.790s][info][gc,phases,start] GC(63) Adjust Roots
[10.792s][info][gc,phases      ] GC(63) Adjust Roots 1.918ms
[10.792s][info][gc,phases,start] GC(63) Compaction Phase
[10.806s][info][gc,phases      ] GC(63) Compaction Phase 13.979ms
[10.806s][info][gc,phases,start] GC(63) Post Compact
[10.807s][info][gc,phases      ] GC(63) Post Compact 0.651ms
[10.807s][info][gc,heap        ] GC(63) PSYoungGen: 96K(611840K)->0K(611840K) Eden: 0K(524800K)->0K(524800K) From: 96K(87040K)->0K(87040K)
[10.807s][info][gc,heap        ] GC(63) ParOldGen: 26296K(1398272K)->26296K(1398272K)
[10.807s][info][gc,metaspace   ] GC(63) Metaspace: 12037K(12224K)->12037K(12224K) NonClass: 10407K(10496K)->10407K(10496K) Class: 1629K(1728K)->1629K(1728K)
[10.807s][info][gc             ] GC(63) Pause Full (System.gc()) 25M->25M(1963M) 36.405ms
[10.807s][info][gc,cpu         ] GC(63) User=0.55s Sys=0.00s Real=0.03s
[11.084s][info][gc,start       ] GC(64) Pause Young (System.gc())
[11.085s][info][gc,heap        ] GC(64) PSYoungGen: 125952K(611840K)->32K(611840K) Eden: 125952K(524800K)->0K(524800K) From: 0K(87040K)->32K(87040K)
[11.085s][info][gc,heap        ] GC(64) ParOldGen: 26296K(1398272K)->26296K(1398272K)
[11.085s][info][gc,metaspace   ] GC(64) Metaspace: 12037K(12224K)->12037K(12224K) NonClass: 10408K(10496K)->10408K(10496K) Class: 1629K(1728K)->1629K(1728K)
[11.085s][info][gc             ] GC(64) Pause Young (System.gc()) 148M->25M(1963M) 0.684ms
[11.085s][info][gc,cpu         ] GC(64) User=0.00s Sys=0.00s Real=0.00s
[11.085s][info][gc,start       ] GC(65) Pause Full (System.gc())
[11.085s][info][gc,phases,start] GC(65) Marking Phase
[11.104s][info][gc,phases      ] GC(65) Marking Phase 18.773ms
[11.104s][info][gc,phases,start] GC(65) Summary Phase
[11.104s][info][gc,phases      ] GC(65) Summary Phase 0.020ms
[11.104s][info][gc,phases,start] GC(65) Adjust Roots
[11.106s][info][gc,phases      ] GC(65) Adjust Roots 1.932ms
[11.106s][info][gc,phases,start] GC(65) Compaction Phase
[11.120s][info][gc,phases      ] GC(65) Compaction Phase 13.668ms
[11.120s][info][gc,phases,start] GC(65) Post Compact
[11.120s][info][gc,phases      ] GC(65) Post Compact 0.588ms
[11.120s][info][gc,heap        ] GC(65) PSYoungGen: 32K(611840K)->0K(611840K) Eden: 0K(524800K)->0K(524800K) From: 32K(87040K)->0K(87040K)
[11.120s][info][gc,heap        ] GC(65) ParOldGen: 26296K(1398272K)->26296K(1398272K)
[11.120s][info][gc,metaspace   ] GC(65) Metaspace: 12037K(12224K)->12037K(12224K) NonClass: 10408K(10496K)->10408K(10496K) Class: 1629K(1728K)->1629K(1728K)
[11.120s][info][gc             ] GC(65) Pause Full (System.gc()) 25M->25M(1963M) 35.228ms
[11.120s][info][gc,cpu         ] GC(65) User=0.03s Sys=0.00s Real=0.03s
[11.379s][info][gc,start       ] GC(66) Pause Young (System.gc())
[11.379s][info][gc,heap        ] GC(66) PSYoungGen: 125952K(611840K)->224K(611840K) Eden: 125952K(524800K)->0K(524800K) From: 0K(87040K)->224K(87040K)
[11.379s][info][gc,heap        ] GC(66) ParOldGen: 26296K(1398272K)->26296K(1398272K)
[11.380s][info][gc,metaspace   ] GC(66) Metaspace: 12037K(12224K)->12037K(12224K) NonClass: 10408K(10496K)->10408K(10496K) Class: 1629K(1728K)->1629K(1728K)
[11.380s][info][gc             ] GC(66) Pause Young (System.gc()) 148M->25M(1963M) 0.636ms
[11.380s][info][gc,cpu         ] GC(66) User=0.00s Sys=0.00s Real=0.00s
[11.380s][info][gc,start       ] GC(67) Pause Full (System.gc())
[11.380s][info][gc,phases,start] GC(67) Marking Phase
[11.400s][info][gc,phases      ] GC(67) Marking Phase 20.159ms
[11.400s][info][gc,phases,start] GC(67) Summary Phase
[11.400s][info][gc,phases      ] GC(67) Summary Phase 0.017ms
[11.400s][info][gc,phases,start] GC(67) Adjust Roots
[11.402s][info][gc,phases      ] GC(67) Adjust Roots 2.033ms
[11.402s][info][gc,phases,start] GC(67) Compaction Phase
[11.413s][info][gc,phases      ] GC(67) Compaction Phase 11.113ms
[11.413s][info][gc,phases,start] GC(67) Post Compact
[11.414s][info][gc,phases      ] GC(67) Post Compact 0.597ms
[11.414s][info][gc,heap        ] GC(67) PSYoungGen: 224K(611840K)->0K(611840K) Eden: 0K(524800K)->0K(524800K) From: 224K(87040K)->0K(87040K)
[11.414s][info][gc,heap        ] GC(67) ParOldGen: 26296K(1398272K)->26296K(1398272K)
[11.414s][info][gc,metaspace   ] GC(67) Metaspace: 12037K(12224K)->12037K(12224K) NonClass: 10408K(10496K)->10408K(10496K) Class: 1629K(1728K)->1629K(1728K)
[11.414s][info][gc             ] GC(67) Pause Full (System.gc()) 25M->25M(1963M) 34.176ms
[11.414s][info][gc,cpu         ] GC(67) User=0.53s Sys=0.00s Real=0.03s
[11.677s][info][gc,start       ] GC(68) Pause Young (System.gc())
[11.678s][info][gc,heap        ] GC(68) PSYoungGen: 125952K(611840K)->96K(611840K) Eden: 125952K(524800K)->0K(524800K) From: 0K(87040K)->96K(87040K)
[11.678s][info][gc,heap        ] GC(68) ParOldGen: 26296K(1398272K)->26296K(1398272K)
[11.678s][info][gc,metaspace   ] GC(68) Metaspace: 12038K(12224K)->12038K(12224K) NonClass: 10408K(10496K)->10408K(10496K) Class: 1629K(1728K)->1629K(1728K)
[11.678s][info][gc             ] GC(68) Pause Young (System.gc()) 148M->25M(1963M) 0.620ms
[11.678s][info][gc,cpu         ] GC(68) User=0.00s Sys=0.00s Real=0.00s
[11.678s][info][gc,start       ] GC(69) Pause Full (System.gc())
[11.678s][info][gc,phases,start] GC(69) Marking Phase
[11.697s][info][gc,phases      ] GC(69) Marking Phase 19.366ms
[11.697s][info][gc,phases,start] GC(69) Summary Phase
[11.697s][info][gc,phases      ] GC(69) Summary Phase 0.020ms
[11.697s][info][gc,phases,start] GC(69) Adjust Roots
[11.699s][info][gc,phases      ] GC(69) Adjust Roots 2.011ms
[11.699s][info][gc,phases,start] GC(69) Compaction Phase
[11.707s][info][gc,phases      ] GC(69) Compaction Phase 8.104ms
[11.707s][info][gc,phases,start] GC(69) Post Compact
[11.708s][info][gc,phases      ] GC(69) Post Compact 0.540ms
[11.708s][info][gc,heap        ] GC(69) PSYoungGen: 96K(611840K)->0K(611840K) Eden: 0K(524800K)->0K(524800K) From: 96K(87040K)->0K(87040K)
[11.708s][info][gc,heap        ] GC(69) ParOldGen: 26296K(1398272K)->26296K(1398272K)
[11.708s][info][gc,metaspace   ] GC(69) Metaspace: 12038K(12224K)->12038K(12224K) NonClass: 10408K(10496K)->10408K(10496K) Class: 1629K(1728K)->1629K(1728K)
[11.708s][info][gc             ] GC(69) Pause Full (System.gc()) 25M->25M(1963M) 30.267ms
[11.708s][info][gc,cpu         ] GC(69) User=0.55s Sys=0.00s Real=0.03s
[11.982s][info][gc,start       ] GC(70) Pause Young (System.gc())
[11.983s][info][gc,heap        ] GC(70) PSYoungGen: 125952K(611840K)->32K(611840K) Eden: 125952K(524800K)->0K(524800K) From: 0K(87040K)->32K(87040K)
[11.983s][info][gc,heap        ] GC(70) ParOldGen: 26296K(1398272K)->26296K(1398272K)
[11.983s][info][gc,metaspace   ] GC(70) Metaspace: 12038K(12224K)->12038K(12224K) NonClass: 10408K(10496K)->10408K(10496K) Class: 1629K(1728K)->1629K(1728K)
[11.983s][info][gc             ] GC(70) Pause Young (System.gc()) 148M->25M(1963M) 0.686ms
[11.983s][info][gc,cpu         ] GC(70) User=0.00s Sys=0.00s Real=0.00s
[11.983s][info][gc,start       ] GC(71) Pause Full (System.gc())
[11.983s][info][gc,phases,start] GC(71) Marking Phase
[12.002s][info][gc,phases      ] GC(71) Marking Phase 18.797ms
[12.002s][info][gc,phases,start] GC(71) Summary Phase
[12.002s][info][gc,phases      ] GC(71) Summary Phase 0.025ms
[12.002s][info][gc,phases,start] GC(71) Adjust Roots
[12.003s][info][gc,phases      ] GC(71) Adjust Roots 1.081ms
[12.003s][info][gc,phases,start] GC(71) Compaction Phase
[12.016s][info][gc,phases      ] GC(71) Compaction Phase 12.884ms
[12.016s][info][gc,phases,start] GC(71) Post Compact
[12.017s][info][gc,phases      ] GC(71) Post Compact 0.613ms
[12.017s][info][gc,heap        ] GC(71) PSYoungGen: 32K(611840K)->0K(611840K) Eden: 0K(524800K)->0K(524800K) From: 32K(87040K)->0K(87040K)
[12.017s][info][gc,heap        ] GC(71) ParOldGen: 26296K(1398272K)->26296K(1398272K)
[12.017s][info][gc,metaspace   ] GC(71) Metaspace: 12038K(12224K)->12038K(12224K) NonClass: 10408K(10496K)->10408K(10496K) Class: 1629K(1728K)->1629K(1728K)
[12.017s][info][gc             ] GC(71) Pause Full (System.gc()) 25M->25M(1963M) 33.681ms
[12.017s][info][gc,cpu         ] GC(71) User=0.48s Sys=0.02s Real=0.05s
[12.314s][info][gc,start       ] GC(72) Pause Young (System.gc())
[12.314s][info][gc,heap        ] GC(72) PSYoungGen: 125952K(611840K)->320K(611840K) Eden: 125952K(524800K)->0K(524800K) From: 0K(87040K)->320K(87040K)
[12.314s][info][gc,heap        ] GC(72) ParOldGen: 26296K(1398272K)->26296K(1398272K)
[12.314s][info][gc,metaspace   ] GC(72) Metaspace: 12040K(12288K)->12040K(12288K) NonClass: 10411K(10560K)->10411K(10560K) Class: 1629K(1728K)->1629K(1728K)
[12.314s][info][gc             ] GC(72) Pause Young (System.gc()) 148M->25M(1963M) 0.663ms
[12.314s][info][gc,cpu         ] GC(72) User=0.00s Sys=0.00s Real=0.00s
[12.315s][info][gc,start       ] GC(73) Pause Full (System.gc())
[12.315s][info][gc,phases,start] GC(73) Marking Phase
[12.335s][info][gc,phases      ] GC(73) Marking Phase 20.070ms
[12.335s][info][gc,phases,start] GC(73) Summary Phase
[12.335s][info][gc,phases      ] GC(73) Summary Phase 0.019ms
[12.335s][info][gc,phases,start] GC(73) Adjust Roots
[12.337s][info][gc,phases      ] GC(73) Adjust Roots 2.052ms
[12.337s][info][gc,phases,start] GC(73) Compaction Phase
[12.349s][info][gc,phases      ] GC(73) Compaction Phase 12.470ms
[12.349s][info][gc,phases,start] GC(73) Post Compact
[12.350s][info][gc,phases      ] GC(73) Post Compact 0.614ms
[12.350s][info][gc,heap        ] GC(73) PSYoungGen: 320K(611840K)->0K(611840K) Eden: 0K(524800K)->0K(524800K) From: 320K(87040K)->0K(87040K)
[12.350s][info][gc,heap        ] GC(73) ParOldGen: 26296K(1398272K)->26298K(1398272K)
[12.350s][info][gc,metaspace   ] GC(73) Metaspace: 12040K(12288K)->12040K(12288K) NonClass: 10411K(10560K)->10411K(10560K) Class: 1629K(1728K)->1629K(1728K)
[12.350s][info][gc             ] GC(73) Pause Full (System.gc()) 25M->25M(1963M) 35.494ms
[12.350s][info][gc,cpu         ] GC(73) User=0.53s Sys=0.00s Real=0.03s
[12.612s][info][gc,start       ] GC(74) Pause Young (System.gc())
[12.612s][info][gc,heap        ] GC(74) PSYoungGen: 125952K(611840K)->96K(611840K) Eden: 125952K(524800K)->0K(524800K) From: 0K(87040K)->96K(87040K)
[12.612s][info][gc,heap        ] GC(74) ParOldGen: 26298K(1398272K)->26298K(1398272K)
[12.612s][info][gc,metaspace   ] GC(74) Metaspace: 12041K(12288K)->12041K(12288K) NonClass: 10411K(10560K)->10411K(10560K) Class: 1629K(1728K)->1629K(1728K)
[12.612s][info][gc             ] GC(74) Pause Young (System.gc()) 148M->25M(1963M) 0.650ms
[12.612s][info][gc,cpu         ] GC(74) User=0.00s Sys=0.00s Real=0.00s
[12.612s][info][gc,start       ] GC(75) Pause Full (System.gc())
[12.612s][info][gc,phases,start] GC(75) Marking Phase
[12.630s][info][gc,phases      ] GC(75) Marking Phase 17.208ms
[12.630s][info][gc,phases,start] GC(75) Summary Phase
[12.630s][info][gc,phases      ] GC(75) Summary Phase 0.013ms
[12.630s][info][gc,phases,start] GC(75) Adjust Roots
[12.632s][info][gc,phases      ] GC(75) Adjust Roots 2.005ms
[12.632s][info][gc,phases,start] GC(75) Compaction Phase
[12.644s][info][gc,phases      ] GC(75) Compaction Phase 12.753ms
[12.644s][info][gc,phases,start] GC(75) Post Compact
[12.645s][info][gc,phases      ] GC(75) Post Compact 0.677ms
[12.645s][info][gc,heap        ] GC(75) PSYoungGen: 96K(611840K)->0K(611840K) Eden: 0K(524800K)->0K(524800K) From: 96K(87040K)->0K(87040K)
[12.645s][info][gc,heap        ] GC(75) ParOldGen: 26298K(1398272K)->26298K(1398272K)
[12.645s][info][gc,metaspace   ] GC(75) Metaspace: 12041K(12288K)->12041K(12288K) NonClass: 10411K(10560K)->10411K(10560K) Class: 1629K(1728K)->1629K(1728K)
[12.645s][info][gc             ] GC(75) Pause Full (System.gc()) 25M->25M(1963M) 32.986ms
[12.645s][info][gc,cpu         ] GC(75) User=0.97s Sys=0.03s Real=0.03s
[12.920s][info][gc,start       ] GC(76) Pause Young (System.gc())
[12.921s][info][gc,heap        ] GC(76) PSYoungGen: 125952K(611840K)->32K(611840K) Eden: 125952K(524800K)->0K(524800K) From: 0K(87040K)->32K(87040K)
[12.921s][info][gc,heap        ] GC(76) ParOldGen: 26298K(1398272K)->26298K(1398272K)
[12.921s][info][gc,metaspace   ] GC(76) Metaspace: 12041K(12288K)->12041K(12288K) NonClass: 10412K(10560K)->10412K(10560K) Class: 1629K(1728K)->1629K(1728K)
[12.921s][info][gc             ] GC(76) Pause Young (System.gc()) 148M->25M(1963M) 0.694ms
[12.921s][info][gc,cpu         ] GC(76) User=0.02s Sys=0.00s Real=0.02s
[12.921s][info][gc,start       ] GC(77) Pause Full (System.gc())
[12.921s][info][gc,phases,start] GC(77) Marking Phase
[12.941s][info][gc,phases      ] GC(77) Marking Phase 19.588ms
[12.941s][info][gc,phases,start] GC(77) Summary Phase
[12.941s][info][gc,phases      ] GC(77) Summary Phase 0.020ms
[12.941s][info][gc,phases,start] GC(77) Adjust Roots
[12.943s][info][gc,phases      ] GC(77) Adjust Roots 1.938ms
[12.943s][info][gc,phases,start] GC(77) Compaction Phase
[12.957s][info][gc,phases      ] GC(77) Compaction Phase 14.010ms
[12.957s][info][gc,phases,start] GC(77) Post Compact
[12.958s][info][gc,phases      ] GC(77) Post Compact 0.649ms
[12.958s][info][gc,heap        ] GC(77) PSYoungGen: 32K(611840K)->0K(611840K) Eden: 0K(524800K)->0K(524800K) From: 32K(87040K)->0K(87040K)
[12.958s][info][gc,heap        ] GC(77) ParOldGen: 26298K(1398272K)->26298K(1398272K)
[12.958s][info][gc,metaspace   ] GC(77) Metaspace: 12041K(12288K)->12041K(12288K) NonClass: 10412K(10560K)->10412K(10560K) Class: 1629K(1728K)->1629K(1728K)
[12.958s][info][gc             ] GC(77) Pause Full (System.gc()) 25M->25M(1963M) 36.492ms
[12.958s][info][gc,cpu         ] GC(77) User=0.55s Sys=0.00s Real=0.03s
[13.228s][info][gc,start       ] GC(78) Pause Young (System.gc())
[13.229s][info][gc,heap        ] GC(78) PSYoungGen: 125952K(611840K)->32K(611840K) Eden: 125952K(524800K)->0K(524800K) From: 0K(87040K)->32K(87040K)
[13.229s][info][gc,heap        ] GC(78) ParOldGen: 26298K(1398272K)->26298K(1398272K)
[13.229s][info][gc,metaspace   ] GC(78) Metaspace: 12041K(12288K)->12041K(12288K) NonClass: 10412K(10560K)->10412K(10560K) Class: 1629K(1728K)->1629K(1728K)
[13.229s][info][gc             ] GC(78) Pause Young (System.gc()) 148M->25M(1963M) 0.627ms
[13.229s][info][gc,cpu         ] GC(78) User=0.00s Sys=0.00s Real=0.00s
[13.229s][info][gc,start       ] GC(79) Pause Full (System.gc())
[13.229s][info][gc,phases,start] GC(79) Marking Phase
[13.249s][info][gc,phases      ] GC(79) Marking Phase 20.175ms
[13.249s][info][gc,phases,start] GC(79) Summary Phase
[13.249s][info][gc,phases      ] GC(79) Summary Phase 0.017ms
[13.249s][info][gc,phases,start] GC(79) Adjust Roots
[13.251s][info][gc,phases      ] GC(79) Adjust Roots 1.920ms
[13.251s][info][gc,phases,start] GC(79) Compaction Phase
[13.263s][info][gc,phases      ] GC(79) Compaction Phase 11.653ms
[13.263s][info][gc,phases,start] GC(79) Post Compact
[13.263s][info][gc,phases      ] GC(79) Post Compact 0.589ms
[13.264s][info][gc,heap        ] GC(79) PSYoungGen: 32K(611840K)->0K(611840K) Eden: 0K(524800K)->0K(524800K) From: 32K(87040K)->0K(87040K)
[13.264s][info][gc,heap        ] GC(79) ParOldGen: 26298K(1398272K)->26298K(1398272K)
[13.264s][info][gc,metaspace   ] GC(79) Metaspace: 12041K(12288K)->12041K(12288K) NonClass: 10412K(10560K)->10412K(10560K) Class: 1629K(1728K)->1629K(1728K)
[13.264s][info][gc             ] GC(79) Pause Full (System.gc()) 25M->25M(1963M) 34.600ms
[13.264s][info][gc,cpu         ] GC(79) User=0.53s Sys=0.00s Real=0.03s
[13.538s][info][gc,start       ] GC(80) Pause Young (System.gc())
[13.539s][info][gc,heap        ] GC(80) PSYoungGen: 125952K(611840K)->32K(611840K) Eden: 125952K(524800K)->0K(524800K) From: 0K(87040K)->32K(87040K)
[13.539s][info][gc,heap        ] GC(80) ParOldGen: 26298K(1398272K)->26298K(1398272K)
[13.539s][info][gc,metaspace   ] GC(80) Metaspace: 12044K(12288K)->12044K(12288K) NonClass: 10415K(10560K)->10415K(10560K) Class: 1629K(1728K)->1629K(1728K)
[13.539s][info][gc             ] GC(80) Pause Young (System.gc()) 148M->25M(1963M) 0.648ms
[13.539s][info][gc,cpu         ] GC(80) User=0.00s Sys=0.00s Real=0.00s
[13.539s][info][gc,start       ] GC(81) Pause Full (System.gc())
[13.539s][info][gc,phases,start] GC(81) Marking Phase
[13.558s][info][gc,phases      ] GC(81) Marking Phase 18.602ms
[13.558s][info][gc,phases,start] GC(81) Summary Phase
[13.558s][info][gc,phases      ] GC(81) Summary Phase 0.021ms
[13.558s][info][gc,phases,start] GC(81) Adjust Roots
[13.560s][info][gc,phases      ] GC(81) Adjust Roots 2.054ms
[13.560s][info][gc,phases,start] GC(81) Compaction Phase
[13.572s][info][gc,phases      ] GC(81) Compaction Phase 12.119ms
[13.572s][info][gc,phases,start] GC(81) Post Compact
[13.572s][info][gc,phases      ] GC(81) Post Compact 0.579ms
[13.572s][info][gc,heap        ] GC(81) PSYoungGen: 32K(611840K)->0K(611840K) Eden: 0K(524800K)->0K(524800K) From: 32K(87040K)->0K(87040K)
[13.573s][info][gc,heap        ] GC(81) ParOldGen: 26298K(1398272K)->26298K(1398272K)
[13.573s][info][gc,metaspace   ] GC(81) Metaspace: 12044K(12288K)->12044K(12288K) NonClass: 10415K(10560K)->10415K(10560K) Class: 1629K(1728K)->1629K(1728K)
[13.573s][info][gc             ] GC(81) Pause Full (System.gc()) 25M->25M(1963M) 33.624ms
[13.573s][info][gc,cpu         ] GC(81) User=0.55s Sys=0.00s Real=0.03s
[13.857s][info][gc,start       ] GC(82) Pause Young (System.gc())
[13.857s][info][gc,heap        ] GC(82) PSYoungGen: 125952K(611840K)->96K(611840K) Eden: 125952K(524800K)->0K(524800K) From: 0K(87040K)->96K(87040K)
[13.858s][info][gc,heap        ] GC(82) ParOldGen: 26298K(1398272K)->26298K(1398272K)
[13.858s][info][gc,metaspace   ] GC(82) Metaspace: 12044K(12288K)->12044K(12288K) NonClass: 10415K(10560K)->10415K(10560K) Class: 1629K(1728K)->1629K(1728K)
[13.858s][info][gc             ] GC(82) Pause Young (System.gc()) 148M->25M(1963M) 0.713ms
[13.858s][info][gc,cpu         ] GC(82) User=0.00s Sys=0.00s Real=0.00s
[13.858s][info][gc,start       ] GC(83) Pause Full (System.gc())
[13.858s][info][gc,phases,start] GC(83) Marking Phase
[13.877s][info][gc,phases      ] GC(83) Marking Phase 19.206ms
[13.877s][info][gc,phases,start] GC(83) Summary Phase
[13.877s][info][gc,phases      ] GC(83) Summary Phase 0.020ms
[13.877s][info][gc,phases,start] GC(83) Adjust Roots
[13.879s][info][gc,phases      ] GC(83) Adjust Roots 1.937ms
[13.879s][info][gc,phases,start] GC(83) Compaction Phase
[13.893s][info][gc,phases      ] GC(83) Compaction Phase 13.720ms
[13.893s][info][gc,phases,start] GC(83) Post Compact
[13.893s][info][gc,phases      ] GC(83) Post Compact 0.617ms
[13.894s][info][gc,heap        ] GC(83) PSYoungGen: 96K(611840K)->0K(611840K) Eden: 0K(524800K)->0K(524800K) From: 96K(87040K)->0K(87040K)
[13.894s][info][gc,heap        ] GC(83) ParOldGen: 26298K(1398272K)->26298K(1398272K)
[13.894s][info][gc,metaspace   ] GC(83) Metaspace: 12044K(12288K)->12044K(12288K) NonClass: 10415K(10560K)->10415K(10560K) Class: 1629K(1728K)->1629K(1728K)
[13.894s][info][gc             ] GC(83) Pause Full (System.gc()) 25M->25M(1963M) 35.791ms
[13.894s][info][gc,cpu         ] GC(83) User=0.78s Sys=0.00s Real=0.03s
[14.166s][info][gc,start       ] GC(84) Pause Young (System.gc())
[14.167s][info][gc,heap        ] GC(84) PSYoungGen: 125952K(611840K)->96K(611840K) Eden: 125952K(524800K)->0K(524800K) From: 0K(87040K)->96K(87040K)
[14.167s][info][gc,heap        ] GC(84) ParOldGen: 26298K(1398272K)->26298K(1398272K)
[14.167s][info][gc,metaspace   ] GC(84) Metaspace: 12053K(12288K)->12053K(12288K) NonClass: 10423K(10560K)->10423K(10560K) Class: 1629K(1728K)->1629K(1728K)
[14.167s][info][gc             ] GC(84) Pause Young (System.gc()) 148M->25M(1963M) 0.644ms
[14.167s][info][gc,cpu         ] GC(84) User=0.00s Sys=0.00s Real=0.00s
[14.167s][info][gc,start       ] GC(85) Pause Full (System.gc())
[14.167s][info][gc,phases,start] GC(85) Marking Phase
[14.188s][info][gc,phases      ] GC(85) Marking Phase 20.455ms
[14.188s][info][gc,phases,start] GC(85) Summary Phase
[14.188s][info][gc,phases      ] GC(85) Summary Phase 0.021ms
[14.188s][info][gc,phases,start] GC(85) Adjust Roots
[14.190s][info][gc,phases      ] GC(85) Adjust Roots 1.941ms
[14.190s][info][gc,phases,start] GC(85) Compaction Phase
[14.204s][info][gc,phases      ] GC(85) Compaction Phase 13.899ms
[14.204s][info][gc,phases,start] GC(85) Post Compact
[14.204s][info][gc,phases      ] GC(85) Post Compact 0.631ms
[14.204s][info][gc,heap        ] GC(85) PSYoungGen: 96K(611840K)->0K(611840K) Eden: 0K(524800K)->0K(524800K) From: 96K(87040K)->0K(87040K)
[14.204s][info][gc,heap        ] GC(85) ParOldGen: 26298K(1398272K)->26298K(1398272K)
[14.204s][info][gc,metaspace   ] GC(85) Metaspace: 12053K(12288K)->12053K(12288K) NonClass: 10423K(10560K)->10423K(10560K) Class: 1629K(1728K)->1629K(1728K)
[14.205s][info][gc             ] GC(85) Pause Full (System.gc()) 25M->25M(1963M) 37.234ms
[14.205s][info][gc,cpu         ] GC(85) User=0.95s Sys=0.02s Real=0.05s
[14.468s][info][gc,start       ] GC(86) Pause Young (System.gc())
[14.469s][info][gc,heap        ] GC(86) PSYoungGen: 125952K(611840K)->96K(611840K) Eden: 125952K(524800K)->0K(524800K) From: 0K(87040K)->96K(87040K)
[14.469s][info][gc,heap        ] GC(86) ParOldGen: 26298K(1398272K)->26298K(1398272K)
[14.469s][info][gc,metaspace   ] GC(86) Metaspace: 12056K(12288K)->12056K(12288K) NonClass: 10427K(10560K)->10427K(10560K) Class: 1629K(1728K)->1629K(1728K)
[14.469s][info][gc             ] GC(86) Pause Young (System.gc()) 148M->25M(1963M) 0.676ms
[14.469s][info][gc,cpu         ] GC(86) User=0.00s Sys=0.00s Real=0.00s
[14.469s][info][gc,start       ] GC(87) Pause Full (System.gc())
[14.469s][info][gc,phases,start] GC(87) Marking Phase
[14.489s][info][gc,phases      ] GC(87) Marking Phase 19.872ms
[14.489s][info][gc,phases,start] GC(87) Summary Phase
[14.489s][info][gc,phases      ] GC(87) Summary Phase 0.020ms
[14.489s][info][gc,phases,start] GC(87) Adjust Roots
[14.491s][info][gc,phases      ] GC(87) Adjust Roots 1.948ms
[14.491s][info][gc,phases,start] GC(87) Compaction Phase
[14.505s][info][gc,phases      ] GC(87) Compaction Phase 13.821ms
[14.505s][info][gc,phases,start] GC(87) Post Compact
[14.506s][info][gc,phases      ] GC(87) Post Compact 0.631ms
[14.506s][info][gc,heap        ] GC(87) PSYoungGen: 96K(611840K)->0K(611840K) Eden: 0K(524800K)->0K(524800K) From: 96K(87040K)->0K(87040K)
[14.506s][info][gc,heap        ] GC(87) ParOldGen: 26298K(1398272K)->26298K(1398272K)
[14.506s][info][gc,metaspace   ] GC(87) Metaspace: 12056K(12288K)->12056K(12288K) NonClass: 10427K(10560K)->10427K(10560K) Class: 1629K(1728K)->1629K(1728K)
[14.506s][info][gc             ] GC(87) Pause Full (System.gc()) 25M->25M(1963M) 36.570ms
[14.506s][info][gc,cpu         ] GC(87) User=0.55s Sys=0.00s Real=0.03s
[14.790s][info][gc,start       ] GC(88) Pause Young (System.gc())
[14.790s][info][gc,heap        ] GC(88) PSYoungGen: 125952K(611840K)->96K(611840K) Eden: 125952K(524800K)->0K(524800K) From: 0K(87040K)->96K(87040K)
[14.790s][info][gc,heap        ] GC(88) ParOldGen: 26298K(1398272K)->26298K(1398272K)
[14.790s][info][gc,metaspace   ] GC(88) Metaspace: 12056K(12288K)->12056K(12288K) NonClass: 10427K(10560K)->10427K(10560K) Class: 1629K(1728K)->1629K(1728K)
[14.790s][info][gc             ] GC(88) Pause Young (System.gc()) 148M->25M(1963M) 0.618ms
[14.790s][info][gc,cpu         ] GC(88) User=0.00s Sys=0.00s Real=0.00s
[14.791s][info][gc,start       ] GC(89) Pause Full (System.gc())
[14.791s][info][gc,phases,start] GC(89) Marking Phase
[14.811s][info][gc,phases      ] GC(89) Marking Phase 20.738ms
[14.811s][info][gc,phases,start] GC(89) Summary Phase
[14.811s][info][gc,phases      ] GC(89) Summary Phase 0.020ms
[14.811s][info][gc,phases,start] GC(89) Adjust Roots
[14.813s][info][gc,phases      ] GC(89) Adjust Roots 1.947ms
[14.813s][info][gc,phases,start] GC(89) Compaction Phase
[14.827s][info][gc,phases      ] GC(89) Compaction Phase 13.751ms
[14.827s][info][gc,phases,start] GC(89) Post Compact
[14.828s][info][gc,phases      ] GC(89) Post Compact 0.614ms
[14.828s][info][gc,heap        ] GC(89) PSYoungGen: 96K(611840K)->0K(611840K) Eden: 0K(524800K)->0K(524800K) From: 96K(87040K)->0K(87040K)
[14.828s][info][gc,heap        ] GC(89) ParOldGen: 26298K(1398272K)->26298K(1398272K)
[14.828s][info][gc,metaspace   ] GC(89) Metaspace: 12056K(12288K)->12056K(12288K) NonClass: 10427K(10560K)->10427K(10560K) Class: 1629K(1728K)->1629K(1728K)
[14.828s][info][gc             ] GC(89) Pause Full (System.gc()) 25M->25M(1963M) 37.344ms
[14.828s][info][gc,cpu         ] GC(89) User=0.55s Sys=0.00s Real=0.03s
[15.093s][info][gc,start       ] GC(90) Pause Young (System.gc())
[15.093s][info][gc,heap        ] GC(90) PSYoungGen: 125952K(611840K)->96K(611840K) Eden: 125952K(524800K)->0K(524800K) From: 0K(87040K)->96K(87040K)
[15.094s][info][gc,heap        ] GC(90) ParOldGen: 26298K(1398272K)->26298K(1398272K)
[15.094s][info][gc,metaspace   ] GC(90) Metaspace: 12056K(12288K)->12056K(12288K) NonClass: 10427K(10560K)->10427K(10560K) Class: 1629K(1728K)->1629K(1728K)
[15.094s][info][gc             ] GC(90) Pause Young (System.gc()) 148M->25M(1963M) 0.602ms
[15.094s][info][gc,cpu         ] GC(90) User=0.00s Sys=0.00s Real=0.00s
[15.094s][info][gc,start       ] GC(91) Pause Full (System.gc())
[15.094s][info][gc,phases,start] GC(91) Marking Phase
[15.113s][info][gc,phases      ] GC(91) Marking Phase 19.224ms
[15.113s][info][gc,phases,start] GC(91) Summary Phase
[15.113s][info][gc,phases      ] GC(91) Summary Phase 0.021ms
[15.113s][info][gc,phases,start] GC(91) Adjust Roots
[15.115s][info][gc,phases      ] GC(91) Adjust Roots 1.820ms
[15.115s][info][gc,phases,start] GC(91) Compaction Phase
[15.129s][info][gc,phases      ] GC(91) Compaction Phase 13.819ms
[15.129s][info][gc,phases,start] GC(91) Post Compact
[15.129s][info][gc,phases      ] GC(91) Post Compact 0.627ms
[15.129s][info][gc,heap        ] GC(91) PSYoungGen: 96K(611840K)->0K(611840K) Eden: 0K(524800K)->0K(524800K) From: 96K(87040K)->0K(87040K)
[15.129s][info][gc,heap        ] GC(91) ParOldGen: 26298K(1398272K)->26298K(1398272K)
[15.129s][info][gc,metaspace   ] GC(91) Metaspace: 12056K(12288K)->12056K(12288K) NonClass: 10427K(10560K)->10427K(10560K) Class: 1629K(1728K)->1629K(1728K)
[15.130s][info][gc             ] GC(91) Pause Full (System.gc()) 25M->25M(1963M) 35.789ms
[15.130s][info][gc,cpu         ] GC(91) User=0.48s Sys=0.02s Real=0.05s
[15.394s][info][gc,start       ] GC(92) Pause Young (System.gc())
[15.395s][info][gc,heap        ] GC(92) PSYoungGen: 125952K(611840K)->128K(611840K) Eden: 125952K(524800K)->0K(524800K) From: 0K(87040K)->128K(87040K)
[15.395s][info][gc,heap        ] GC(92) ParOldGen: 26298K(1398272K)->26298K(1398272K)
[15.395s][info][gc,metaspace   ] GC(92) Metaspace: 12056K(12288K)->12056K(12288K) NonClass: 10427K(10560K)->10427K(10560K) Class: 1629K(1728K)->1629K(1728K)
[15.395s][info][gc             ] GC(92) Pause Young (System.gc()) 148M->25M(1963M) 0.653ms
[15.395s][info][gc,cpu         ] GC(92) User=0.00s Sys=0.00s Real=0.00s
[15.395s][info][gc,start       ] GC(93) Pause Full (System.gc())
[15.395s][info][gc,phases,start] GC(93) Marking Phase
[15.414s][info][gc,phases      ] GC(93) Marking Phase 18.827ms
[15.414s][info][gc,phases,start] GC(93) Summary Phase
[15.414s][info][gc,phases      ] GC(93) Summary Phase 0.019ms
[15.414s][info][gc,phases,start] GC(93) Adjust Roots
[15.417s][info][gc,phases      ] GC(93) Adjust Roots 2.852ms
[15.417s][info][gc,phases,start] GC(93) Compaction Phase
[15.431s][info][gc,phases      ] GC(93) Compaction Phase 14.270ms
[15.431s][info][gc,phases,start] GC(93) Post Compact
[15.432s][info][gc,phases      ] GC(93) Post Compact 0.647ms
[15.432s][info][gc,heap        ] GC(93) PSYoungGen: 128K(611840K)->0K(611840K) Eden: 0K(524800K)->0K(524800K) From: 128K(87040K)->0K(87040K)
[15.432s][info][gc,heap        ] GC(93) ParOldGen: 26298K(1398272K)->26298K(1398272K)
[15.432s][info][gc,metaspace   ] GC(93) Metaspace: 12056K(12288K)->12056K(12288K) NonClass: 10427K(10560K)->10427K(10560K) Class: 1629K(1728K)->1629K(1728K)
[15.432s][info][gc             ] GC(93) Pause Full (System.gc()) 25M->25M(1963M) 36.911ms
[15.432s][info][gc,cpu         ] GC(93) User=0.53s Sys=0.00s Real=0.03s
[15.711s][info][gc,start       ] GC(94) Pause Young (System.gc())
[15.711s][info][gc,heap        ] GC(94) PSYoungGen: 125952K(611840K)->32K(611840K) Eden: 125952K(524800K)->0K(524800K) From: 0K(87040K)->32K(87040K)
[15.711s][info][gc,heap        ] GC(94) ParOldGen: 26298K(1398272K)->26298K(1398272K)
[15.711s][info][gc,metaspace   ] GC(94) Metaspace: 12056K(12288K)->12056K(12288K) NonClass: 10427K(10560K)->10427K(10560K) Class: 1629K(1728K)->1629K(1728K)
[15.712s][info][gc             ] GC(94) Pause Young (System.gc()) 148M->25M(1963M) 0.633ms
[15.712s][info][gc,cpu         ] GC(94) User=0.00s Sys=0.00s Real=0.00s
[15.712s][info][gc,start       ] GC(95) Pause Full (System.gc())
[15.712s][info][gc,phases,start] GC(95) Marking Phase
[15.734s][info][gc,phases      ] GC(95) Marking Phase 21.969ms
[15.734s][info][gc,phases,start] GC(95) Summary Phase
[15.734s][info][gc,phases      ] GC(95) Summary Phase 0.016ms
[15.734s][info][gc,phases,start] GC(95) Adjust Roots
[15.736s][info][gc,phases      ] GC(95) Adjust Roots 1.845ms
[15.736s][info][gc,phases,start] GC(95) Compaction Phase
[15.747s][info][gc,phases      ] GC(95) Compaction Phase 11.017ms
[15.747s][info][gc,phases,start] GC(95) Post Compact
[15.747s][info][gc,phases      ] GC(95) Post Compact 0.583ms
[15.747s][info][gc,heap        ] GC(95) PSYoungGen: 32K(611840K)->0K(611840K) Eden: 0K(524800K)->0K(524800K) From: 32K(87040K)->0K(87040K)
[15.747s][info][gc,heap        ] GC(95) ParOldGen: 26298K(1398272K)->26298K(1398272K)
[15.747s][info][gc,metaspace   ] GC(95) Metaspace: 12056K(12288K)->12056K(12288K) NonClass: 10427K(10560K)->10427K(10560K) Class: 1629K(1728K)->1629K(1728K)
[15.747s][info][gc             ] GC(95) Pause Full (System.gc()) 25M->25M(1963M) 35.674ms
[15.747s][info][gc,cpu         ] GC(95) User=1.05s Sys=0.00s Real=0.05s
[16.017s][info][gc,start       ] GC(96) Pause Young (System.gc())
[16.018s][info][gc,heap        ] GC(96) PSYoungGen: 125952K(611840K)->96K(611840K) Eden: 125952K(524800K)->0K(524800K) From: 0K(87040K)->96K(87040K)
[16.088s][info][gc,heap        ] GC(96) ParOldGen: 26298K(1398272K)->26298K(1398272K)
[16.088s][info][gc,metaspace   ] GC(96) Metaspace: 12056K(12288K)->12056K(12288K) NonClass: 10427K(10560K)->10427K(10560K) Class: 1629K(1728K)->1629K(1728K)
[16.088s][info][gc             ] GC(96) Pause Young (System.gc()) 148M->25M(1963M) 70.988ms
[16.088s][info][gc,cpu         ] GC(96) User=0.34s Sys=0.00s Real=0.08s
[16.089s][info][gc,start       ] GC(97) Pause Full (System.gc())
[16.089s][info][gc,phases,start] GC(97) Marking Phase
[16.109s][info][gc,phases      ] GC(97) Marking Phase 20.170ms
[16.109s][info][gc,phases,start] GC(97) Summary Phase
[16.109s][info][gc,phases      ] GC(97) Summary Phase 0.021ms
[16.109s][info][gc,phases,start] GC(97) Adjust Roots
[16.111s][info][gc,phases      ] GC(97) Adjust Roots 1.986ms
[16.111s][info][gc,phases,start] GC(97) Compaction Phase
[16.124s][info][gc,phases      ] GC(97) Compaction Phase 13.471ms
[16.124s][info][gc,phases,start] GC(97) Post Compact
[16.125s][info][gc,phases      ] GC(97) Post Compact 0.636ms
[16.125s][info][gc,heap        ] GC(97) PSYoungGen: 96K(611840K)->0K(611840K) Eden: 0K(524800K)->0K(524800K) From: 96K(87040K)->0K(87040K)
[16.125s][info][gc,heap        ] GC(97) ParOldGen: 26298K(1398272K)->26298K(1398272K)
[16.125s][info][gc,metaspace   ] GC(97) Metaspace: 12056K(12288K)->12056K(12288K) NonClass: 10427K(10560K)->10427K(10560K) Class: 1629K(1728K)->1629K(1728K)
[16.125s][info][gc             ] GC(97) Pause Full (System.gc()) 25M->25M(1963M) 36.546ms
[16.125s][info][gc,cpu         ] GC(97) User=0.53s Sys=0.00s Real=0.03s
[16.398s][info][gc,start       ] GC(98) Pause Young (System.gc())
[16.398s][info][gc,heap        ] GC(98) PSYoungGen: 125952K(611840K)->64K(611840K) Eden: 125952K(524800K)->0K(524800K) From: 0K(87040K)->64K(87040K)
[16.398s][info][gc,heap        ] GC(98) ParOldGen: 26298K(1398272K)->26298K(1398272K)
[16.398s][info][gc,metaspace   ] GC(98) Metaspace: 12056K(12288K)->12056K(12288K) NonClass: 10427K(10560K)->10427K(10560K) Class: 1629K(1728K)->1629K(1728K)
[16.398s][info][gc             ] GC(98) Pause Young (System.gc()) 148M->25M(1963M) 0.720ms
[16.398s][info][gc,cpu         ] GC(98) User=0.00s Sys=0.00s Real=0.00s
[16.399s][info][gc,start       ] GC(99) Pause Full (System.gc())
[16.399s][info][gc,phases,start] GC(99) Marking Phase
[16.417s][info][gc,phases      ] GC(99) Marking Phase 18.919ms
[16.418s][info][gc,phases,start] GC(99) Summary Phase
[16.418s][info][gc,phases      ] GC(99) Summary Phase 0.020ms
[16.418s][info][gc,phases,start] GC(99) Adjust Roots
[16.420s][info][gc,phases      ] GC(99) Adjust Roots 1.941ms
[16.420s][info][gc,phases,start] GC(99) Compaction Phase
[16.433s][info][gc,phases      ] GC(99) Compaction Phase 13.933ms
[16.433s][info][gc,phases,start] GC(99) Post Compact
[16.434s][info][gc,phases      ] GC(99) Post Compact 0.645ms
[16.434s][info][gc,heap        ] GC(99) PSYoungGen: 64K(611840K)->0K(611840K) Eden: 0K(524800K)->0K(524800K) From: 64K(87040K)->0K(87040K)
[16.434s][info][gc,heap        ] GC(99) ParOldGen: 26298K(1398272K)->26298K(1398272K)
[16.434s][info][gc,metaspace   ] GC(99) Metaspace: 12056K(12288K)->12056K(12288K) NonClass: 10427K(10560K)->10427K(10560K) Class: 1629K(1728K)->1629K(1728K)
[16.434s][info][gc             ] GC(99) Pause Full (System.gc()) 25M->25M(1963M) 35.771ms
[16.434s][info][gc,cpu         ] GC(99) User=0.55s Sys=0.00s Real=0.03s
[16.717s][info][gc,heap,exit   ] Heap
[16.717s][info][gc,heap,exit   ]  PSYoungGen      total 611840K, used 178432K [0x00000000d5580000, 0x0000000100000000, 0x0000000100000000)
[16.717s][info][gc,heap,exit   ]   eden space 524800K, 34% used [0x00000000d5580000,0x00000000e03c01e8,0x00000000f5600000)
[16.717s][info][gc,heap,exit   ]   from space 87040K, 0% used [0x00000000fab00000,0x00000000fab00000,0x0000000100000000)
[16.717s][info][gc,heap,exit   ]   to   space 87040K, 0% used [0x00000000f5600000,0x00000000f5600000,0x00000000fab00000)
[16.717s][info][gc,heap,exit   ]  ParOldGen       total 1398272K, used 26298K [0x0000000080000000, 0x00000000d5580000, 0x00000000d5580000)
[16.717s][info][gc,heap,exit   ]   object space 1398272K, 1% used [0x0000000080000000,0x00000000819ae9f0,0x00000000d5580000)
[16.717s][info][gc,heap,exit   ]  Metaspace       used 12134K, committed 12352K, reserved 1114112K
[16.717s][info][gc,heap,exit   ]   class space    used 1638K, committed 1728K, reserved 1048576K
