[0.017s][info][gc,init] CardTable entry size: 512
[0.017s][info][gc     ] Using Parallel
[0.020s][info][gc,init] Version: 20+36-2344 (release)
[0.020s][info][gc,init] CPUs: 48 total, 48 available
[0.020s][info][gc,init] Memory: 382G
[0.020s][info][gc,init] Large Page Support: Disabled
[0.020s][info][gc,init] NUMA Support: Disabled
[0.020s][info][gc,init] Compressed Oops: Enabled (32-bit)
[0.020s][info][gc,init] Alignments: Space 512K, Generation 512K, Heap 2M
[0.020s][info][gc,init] Heap Min Capacity: 8M
[0.020s][info][gc,init] Heap Initial Capacity: 512M
[0.040s][info][gc,init] Heap Max Capacity: 512M
[0.040s][info][gc,init] Pre-touch: Disabled
[0.040s][info][gc,init] Parallel Workers: 33
[0.041s][info][gc,metaspace] CDS archive(s) mapped at: [0x0000000800000000-0x0000000800c60000-0x0000000800c60000), size 12976128, SharedBaseAddress: 0x0000000800000000, ArchiveRelocationMode: 0.
[0.041s][info][gc,metaspace] Compressed class space mapped at: 0x0000000801000000-0x0000000841000000, reserved size: 1073741824
[0.042s][info][gc,metaspace] Narrow klass base: 0x0000000800000000, Narrow klass shift: 0, Narrow klass range: 0x100000000
[1.120s][info][gc,start    ] GC(0) Pause Young (System.gc())
[1.135s][info][gc,heap     ] GC(0) PSYoungGen: 81844K(153088K)->21476K(153088K) Eden: 81844K(131584K)->0K(131584K) From: 0K(21504K)->21476K(21504K)
[1.135s][info][gc,heap     ] GC(0) ParOldGen: 0K(349696K)->4872K(349696K)
[1.135s][info][gc,metaspace] GC(0) Metaspace: 11485K(11712K)->11485K(11712K) NonClass: 9923K(10048K)->9923K(10048K) Class: 1562K(1664K)->1562K(1664K)
[1.135s][info][gc          ] GC(0) Pause Young (System.gc()) 79M->25M(491M) 14.911ms
[1.135s][info][gc,cpu      ] GC(0) User=0.16s Sys=0.02s Real=0.02s
[1.135s][info][gc,start    ] GC(1) Pause Full (System.gc())
[1.135s][info][gc,phases,start] GC(1) Marking Phase
[1.149s][info][gc,phases      ] GC(1) Marking Phase 13.986ms
[1.149s][info][gc,phases,start] GC(1) Summary Phase
[1.149s][info][gc,phases      ] GC(1) Summary Phase 0.015ms
[1.149s][info][gc,phases,start] GC(1) Adjust Roots
[1.151s][info][gc,phases      ] GC(1) Adjust Roots 1.961ms
[1.151s][info][gc,phases,start] GC(1) Compaction Phase
[1.160s][info][gc,phases      ] GC(1) Compaction Phase 8.944ms
[1.160s][info][gc,phases,start] GC(1) Post Compact
[1.162s][info][gc,phases      ] GC(1) Post Compact 1.842ms
[1.162s][info][gc,heap        ] GC(1) PSYoungGen: 21476K(153088K)->0K(153088K) Eden: 0K(131584K)->0K(131584K) From: 21476K(21504K)->0K(21504K)
[1.162s][info][gc,heap        ] GC(1) ParOldGen: 4872K(349696K)->26236K(349696K)
[1.162s][info][gc,metaspace   ] GC(1) Metaspace: 11485K(11712K)->11485K(11712K) NonClass: 9923K(10048K)->9923K(10048K) Class: 1562K(1664K)->1562K(1664K)
[1.162s][info][gc             ] GC(1) Pause Full (System.gc()) 25M->25M(491M) 27.110ms
[1.162s][info][gc,cpu         ] GC(1) User=0.30s Sys=0.05s Real=0.03s
[1.504s][info][gc,start       ] GC(2) Pause Young (System.gc())
[1.505s][info][gc,heap        ] GC(2) PSYoungGen: 33195K(153088K)->352K(153088K) Eden: 33195K(131584K)->0K(131584K) From: 0K(21504K)->352K(21504K)
[1.505s][info][gc,heap        ] GC(2) ParOldGen: 26236K(349696K)->26244K(349696K)
[1.505s][info][gc,metaspace   ] GC(2) Metaspace: 11859K(12096K)->11859K(12096K) NonClass: 10234K(10368K)->10234K(10368K) Class: 1624K(1728K)->1624K(1728K)
[1.505s][info][gc             ] GC(2) Pause Young (System.gc()) 58M->25M(491M) 0.704ms
[1.505s][info][gc,cpu         ] GC(2) User=0.00s Sys=0.00s Real=0.00s
[1.505s][info][gc,start       ] GC(3) Pause Full (System.gc())
[1.505s][info][gc,phases,start] GC(3) Marking Phase
[1.526s][info][gc,phases      ] GC(3) Marking Phase 20.774ms
[1.526s][info][gc,phases,start] GC(3) Summary Phase
[1.526s][info][gc,phases      ] GC(3) Summary Phase 0.034ms
[1.526s][info][gc,phases,start] GC(3) Adjust Roots
[1.527s][info][gc,phases      ] GC(3) Adjust Roots 1.508ms
[1.527s][info][gc,phases,start] GC(3) Compaction Phase
[1.533s][info][gc,phases      ] GC(3) Compaction Phase 5.899ms
[1.533s][info][gc,phases,start] GC(3) Post Compact
[1.534s][info][gc,phases      ] GC(3) Post Compact 0.542ms
[1.534s][info][gc,heap        ] GC(3) PSYoungGen: 352K(153088K)->0K(153088K) Eden: 0K(131584K)->0K(131584K) From: 352K(21504K)->0K(21504K)
[1.534s][info][gc,heap        ] GC(3) ParOldGen: 26244K(349696K)->26295K(349696K)
[1.534s][info][gc,metaspace   ] GC(3) Metaspace: 11859K(12096K)->11859K(12096K) NonClass: 10234K(10368K)->10234K(10368K) Class: 1624K(1728K)->1624K(1728K)
[1.534s][info][gc             ] GC(3) Pause Full (System.gc()) 25M->25M(491M) 29.162ms
[1.534s][info][gc,cpu         ] GC(3) User=0.34s Sys=0.00s Real=0.03s
[1.771s][info][gc,start       ] GC(4) Pause Young (System.gc())
[1.771s][info][gc,heap        ] GC(4) PSYoungGen: 34128K(153088K)->128K(153088K) Eden: 34128K(131584K)->0K(131584K) From: 0K(21504K)->128K(21504K)
[1.771s][info][gc,heap        ] GC(4) ParOldGen: 26295K(349696K)->26303K(349696K)
[1.771s][info][gc,metaspace   ] GC(4) Metaspace: 11862K(12096K)->11862K(12096K) NonClass: 10237K(10368K)->10237K(10368K) Class: 1624K(1728K)->1624K(1728K)
[1.771s][info][gc             ] GC(4) Pause Young (System.gc()) 59M->25M(491M) 0.471ms
[1.771s][info][gc,cpu         ] GC(4) User=0.00s Sys=0.00s Real=0.00s
[1.772s][info][gc,start       ] GC(5) Pause Full (System.gc())
[1.772s][info][gc,phases,start] GC(5) Marking Phase
[1.791s][info][gc,phases      ] GC(5) Marking Phase 19.389ms
[1.791s][info][gc,phases,start] GC(5) Summary Phase
[1.791s][info][gc,phases      ] GC(5) Summary Phase 0.029ms
[1.791s][info][gc,phases,start] GC(5) Adjust Roots
[1.793s][info][gc,phases      ] GC(5) Adjust Roots 1.621ms
[1.793s][info][gc,phases,start] GC(5) Compaction Phase
[1.799s][info][gc,phases      ] GC(5) Compaction Phase 6.673ms
[1.799s][info][gc,phases,start] GC(5) Post Compact
[1.800s][info][gc,phases      ] GC(5) Post Compact 0.251ms
[1.800s][info][gc,heap        ] GC(5) PSYoungGen: 128K(153088K)->0K(153088K) Eden: 0K(131584K)->0K(131584K) From: 128K(21504K)->0K(21504K)
[1.800s][info][gc,heap        ] GC(5) ParOldGen: 26303K(349696K)->26294K(349696K)
[1.800s][info][gc,metaspace   ] GC(5) Metaspace: 11862K(12096K)->11862K(12096K) NonClass: 10237K(10368K)->10237K(10368K) Class: 1624K(1728K)->1624K(1728K)
[1.800s][info][gc             ] GC(5) Pause Full (System.gc()) 25M->25M(491M) 28.239ms
[1.800s][info][gc,cpu         ] GC(5) User=0.34s Sys=0.00s Real=0.03s
[2.057s][info][gc,start       ] GC(6) Pause Young (System.gc())
[2.058s][info][gc,heap        ] GC(6) PSYoungGen: 64309K(153088K)->128K(153088K) Eden: 64309K(131584K)->0K(131584K) From: 0K(21504K)->128K(21504K)
[2.058s][info][gc,heap        ] GC(6) ParOldGen: 26294K(349696K)->26302K(349696K)
[2.058s][info][gc,metaspace   ] GC(6) Metaspace: 11884K(12096K)->11884K(12096K) NonClass: 10259K(10368K)->10259K(10368K) Class: 1624K(1728K)->1624K(1728K)
[2.058s][info][gc             ] GC(6) Pause Young (System.gc()) 88M->25M(491M) 0.303ms
[2.058s][info][gc,cpu         ] GC(6) User=0.00s Sys=0.00s Real=0.00s
[2.058s][info][gc,start       ] GC(7) Pause Full (System.gc())
[2.058s][info][gc,phases,start] GC(7) Marking Phase
[2.076s][info][gc,phases      ] GC(7) Marking Phase 18.705ms
[2.076s][info][gc,phases,start] GC(7) Summary Phase
[2.076s][info][gc,phases      ] GC(7) Summary Phase 0.023ms
[2.076s][info][gc,phases,start] GC(7) Adjust Roots
[2.078s][info][gc,phases      ] GC(7) Adjust Roots 1.772ms
[2.078s][info][gc,phases,start] GC(7) Compaction Phase
[2.085s][info][gc,phases      ] GC(7) Compaction Phase 6.475ms
[2.085s][info][gc,phases,start] GC(7) Post Compact
[2.085s][info][gc,phases      ] GC(7) Post Compact 0.228ms
[2.085s][info][gc,heap        ] GC(7) PSYoungGen: 128K(153088K)->0K(153088K) Eden: 0K(131584K)->0K(131584K) From: 128K(21504K)->0K(21504K)
[2.085s][info][gc,heap        ] GC(7) ParOldGen: 26302K(349696K)->26294K(349696K)
[2.085s][info][gc,metaspace   ] GC(7) Metaspace: 11884K(12096K)->11884K(12096K) NonClass: 10259K(10368K)->10259K(10368K) Class: 1624K(1728K)->1624K(1728K)
[2.085s][info][gc             ] GC(7) Pause Full (System.gc()) 25M->25M(491M) 27.476ms
[2.085s][info][gc,cpu         ] GC(7) User=0.34s Sys=0.00s Real=0.03s
[2.369s][info][gc,start       ] GC(8) Pause Young (System.gc())
[2.370s][info][gc,heap        ] GC(8) PSYoungGen: 125987K(153088K)->192K(153088K) Eden: 125987K(131584K)->0K(131584K) From: 0K(21504K)->192K(21504K)
[2.370s][info][gc,heap        ] GC(8) ParOldGen: 26294K(349696K)->26294K(349696K)
[2.370s][info][gc,metaspace   ] GC(8) Metaspace: 11933K(12160K)->11933K(12160K) NonClass: 10308K(10432K)->10308K(10432K) Class: 1625K(1728K)->1625K(1728K)
[2.370s][info][gc             ] GC(8) Pause Young (System.gc()) 148M->25M(491M) 0.506ms
[2.370s][info][gc,cpu         ] GC(8) User=0.00s Sys=0.00s Real=0.00s
[2.370s][info][gc,start       ] GC(9) Pause Full (System.gc())
[2.370s][info][gc,phases,start] GC(9) Marking Phase
[2.389s][info][gc,phases      ] GC(9) Marking Phase 18.724ms
[2.389s][info][gc,phases,start] GC(9) Summary Phase
[2.389s][info][gc,phases      ] GC(9) Summary Phase 0.026ms
[2.389s][info][gc,phases,start] GC(9) Adjust Roots
[2.390s][info][gc,phases      ] GC(9) Adjust Roots 1.116ms
[2.390s][info][gc,phases,start] GC(9) Compaction Phase
[2.397s][info][gc,phases      ] GC(9) Compaction Phase 7.070ms
[2.397s][info][gc,phases,start] GC(9) Post Compact
[2.398s][info][gc,phases      ] GC(9) Post Compact 0.288ms
[2.398s][info][gc,heap        ] GC(9) PSYoungGen: 192K(153088K)->0K(153088K) Eden: 0K(131584K)->0K(131584K) From: 192K(21504K)->0K(21504K)
[2.398s][info][gc,heap        ] GC(9) ParOldGen: 26294K(349696K)->26294K(349696K)
[2.398s][info][gc,metaspace   ] GC(9) Metaspace: 11933K(12160K)->11933K(12160K) NonClass: 10308K(10432K)->10308K(10432K) Class: 1625K(1728K)->1625K(1728K)
[2.398s][info][gc             ] GC(9) Pause Full (System.gc()) 25M->25M(491M) 27.638ms
[2.398s][info][gc,cpu         ] GC(9) User=0.34s Sys=0.00s Real=0.03s
[2.687s][info][gc,start       ] GC(10) Pause Young (System.gc())
[2.688s][info][gc,heap        ] GC(10) PSYoungGen: 125438K(153088K)->96K(153088K) Eden: 125438K(131584K)->0K(131584K) From: 0K(21504K)->96K(21504K)
[2.688s][info][gc,heap        ] GC(10) ParOldGen: 26294K(349696K)->26294K(349696K)
[2.688s][info][gc,metaspace   ] GC(10) Metaspace: 11935K(12160K)->11935K(12160K) NonClass: 10309K(10432K)->10309K(10432K) Class: 1625K(1728K)->1625K(1728K)
[2.688s][info][gc             ] GC(10) Pause Young (System.gc()) 148M->25M(491M) 0.500ms
[2.688s][info][gc,cpu         ] GC(10) User=0.00s Sys=0.00s Real=0.00s
[2.688s][info][gc,start       ] GC(11) Pause Full (System.gc())
[2.688s][info][gc,phases,start] GC(11) Marking Phase
[2.707s][info][gc,phases      ] GC(11) Marking Phase 19.403ms
[2.707s][info][gc,phases,start] GC(11) Summary Phase
[2.707s][info][gc,phases      ] GC(11) Summary Phase 0.032ms
[2.707s][info][gc,phases,start] GC(11) Adjust Roots
[2.709s][info][gc,phases      ] GC(11) Adjust Roots 1.717ms
[2.709s][info][gc,phases,start] GC(11) Compaction Phase
[2.717s][info][gc,phases      ] GC(11) Compaction Phase 7.644ms
[2.717s][info][gc,phases,start] GC(11) Post Compact
[2.717s][info][gc,phases      ] GC(11) Post Compact 0.266ms
[2.717s][info][gc,heap        ] GC(11) PSYoungGen: 96K(153088K)->0K(153088K) Eden: 0K(131584K)->0K(131584K) From: 96K(21504K)->0K(21504K)
[2.717s][info][gc,heap        ] GC(11) ParOldGen: 26294K(349696K)->26294K(349696K)
[2.717s][info][gc,metaspace   ] GC(11) Metaspace: 11935K(12160K)->11935K(12160K) NonClass: 10309K(10432K)->10309K(10432K) Class: 1625K(1728K)->1625K(1728K)
[2.717s][info][gc             ] GC(11) Pause Full (System.gc()) 25M->25M(491M) 29.393ms
[2.717s][info][gc,cpu         ] GC(11) User=0.20s Sys=0.00s Real=0.03s
[2.979s][info][gc,start       ] GC(12) Pause Young (System.gc())
[2.980s][info][gc,heap        ] GC(12) PSYoungGen: 124537K(153088K)->32K(153088K) Eden: 124537K(131584K)->0K(131584K) From: 0K(21504K)->32K(21504K)
[2.980s][info][gc,heap        ] GC(12) ParOldGen: 26294K(349696K)->26294K(349696K)
[2.980s][info][gc,metaspace   ] GC(12) Metaspace: 11936K(12160K)->11936K(12160K) NonClass: 10311K(10432K)->10311K(10432K) Class: 1625K(1728K)->1625K(1728K)
[2.980s][info][gc             ] GC(12) Pause Young (System.gc()) 147M->25M(491M) 0.457ms
[2.980s][info][gc,cpu         ] GC(12) User=0.00s Sys=0.00s Real=0.00s
[2.980s][info][gc,start       ] GC(13) Pause Full (System.gc())
[2.980s][info][gc,phases,start] GC(13) Marking Phase
[2.999s][info][gc,phases      ] GC(13) Marking Phase 19.140ms
[2.999s][info][gc,phases,start] GC(13) Summary Phase
[2.999s][info][gc,phases      ] GC(13) Summary Phase 0.034ms
[2.999s][info][gc,phases,start] GC(13) Adjust Roots
[3.001s][info][gc,phases      ] GC(13) Adjust Roots 1.747ms
[3.001s][info][gc,phases,start] GC(13) Compaction Phase
[3.009s][info][gc,phases      ] GC(13) Compaction Phase 7.690ms
[3.009s][info][gc,phases,start] GC(13) Post Compact
[3.009s][info][gc,phases      ] GC(13) Post Compact 0.287ms
[3.009s][info][gc,heap        ] GC(13) PSYoungGen: 32K(153088K)->0K(153088K) Eden: 0K(131584K)->0K(131584K) From: 32K(21504K)->0K(21504K)
[3.009s][info][gc,heap        ] GC(13) ParOldGen: 26294K(349696K)->26294K(349696K)
[3.009s][info][gc,metaspace   ] GC(13) Metaspace: 11936K(12160K)->11936K(12160K) NonClass: 10311K(10432K)->10311K(10432K) Class: 1625K(1728K)->1625K(1728K)
[3.009s][info][gc             ] GC(13) Pause Full (System.gc()) 25M->25M(491M) 29.255ms
[3.009s][info][gc,cpu         ] GC(13) User=0.19s Sys=0.00s Real=0.03s
[3.272s][info][gc,start       ] GC(14) Pause Young (System.gc())
[3.273s][info][gc,heap        ] GC(14) PSYoungGen: 125818K(153088K)->128K(153088K) Eden: 125818K(131584K)->0K(131584K) From: 0K(21504K)->128K(21504K)
[3.273s][info][gc,heap        ] GC(14) ParOldGen: 26294K(349696K)->26294K(349696K)
[3.273s][info][gc,metaspace   ] GC(14) Metaspace: 11943K(12160K)->11943K(12160K) NonClass: 10316K(10432K)->10316K(10432K) Class: 1627K(1728K)->1627K(1728K)
[3.273s][info][gc             ] GC(14) Pause Young (System.gc()) 148M->25M(491M) 0.454ms
[3.273s][info][gc,cpu         ] GC(14) User=0.00s Sys=0.00s Real=0.00s
[3.273s][info][gc,start       ] GC(15) Pause Full (System.gc())
[3.273s][info][gc,phases,start] GC(15) Marking Phase
[3.293s][info][gc,phases      ] GC(15) Marking Phase 19.450ms
[3.293s][info][gc,phases,start] GC(15) Summary Phase
[3.293s][info][gc,phases      ] GC(15) Summary Phase 0.032ms
[3.293s][info][gc,phases,start] GC(15) Adjust Roots
[3.294s][info][gc,phases      ] GC(15) Adjust Roots 1.734ms
[3.294s][info][gc,phases,start] GC(15) Compaction Phase
[3.300s][info][gc,phases      ] GC(15) Compaction Phase 5.336ms
[3.300s][info][gc,phases,start] GC(15) Post Compact
[3.300s][info][gc,phases      ] GC(15) Post Compact 0.246ms
[3.300s][info][gc,heap        ] GC(15) PSYoungGen: 128K(153088K)->0K(153088K) Eden: 0K(131584K)->0K(131584K) From: 128K(21504K)->0K(21504K)
[3.300s][info][gc,heap        ] GC(15) ParOldGen: 26294K(349696K)->26295K(349696K)
[3.300s][info][gc,metaspace   ] GC(15) Metaspace: 11943K(12160K)->11943K(12160K) NonClass: 10316K(10432K)->10316K(10432K) Class: 1627K(1728K)->1627K(1728K)
[3.300s][info][gc             ] GC(15) Pause Full (System.gc()) 25M->25M(491M) 27.092ms
[3.300s][info][gc,cpu         ] GC(15) User=0.19s Sys=0.00s Real=0.03s
[3.591s][info][gc,start       ] GC(16) Pause Young (System.gc())
[3.591s][info][gc,heap        ] GC(16) PSYoungGen: 125578K(153088K)->96K(153088K) Eden: 125578K(131584K)->0K(131584K) From: 0K(21504K)->96K(21504K)
[3.592s][info][gc,heap        ] GC(16) ParOldGen: 26295K(349696K)->26295K(349696K)
[3.592s][info][gc,metaspace   ] GC(16) Metaspace: 11954K(12160K)->11954K(12160K) NonClass: 10327K(10432K)->10327K(10432K) Class: 1627K(1728K)->1627K(1728K)
[3.592s][info][gc             ] GC(16) Pause Young (System.gc()) 148M->25M(491M) 0.454ms
[3.592s][info][gc,cpu         ] GC(16) User=0.00s Sys=0.00s Real=0.00s
[3.592s][info][gc,start       ] GC(17) Pause Full (System.gc())
[3.592s][info][gc,phases,start] GC(17) Marking Phase
[3.612s][info][gc,phases      ] GC(17) Marking Phase 19.730ms
[3.612s][info][gc,phases,start] GC(17) Summary Phase
[3.612s][info][gc,phases      ] GC(17) Summary Phase 0.021ms
[3.612s][info][gc,phases,start] GC(17) Adjust Roots
[3.613s][info][gc,phases      ] GC(17) Adjust Roots 1.718ms
[3.613s][info][gc,phases,start] GC(17) Compaction Phase
[3.620s][info][gc,phases      ] GC(17) Compaction Phase 6.465ms
[3.620s][info][gc,phases,start] GC(17) Post Compact
[3.620s][info][gc,phases      ] GC(17) Post Compact 0.224ms
[3.620s][info][gc,heap        ] GC(17) PSYoungGen: 96K(153088K)->0K(153088K) Eden: 0K(131584K)->0K(131584K) From: 96K(21504K)->0K(21504K)
[3.620s][info][gc,heap        ] GC(17) ParOldGen: 26295K(349696K)->26295K(349696K)
[3.620s][info][gc,metaspace   ] GC(17) Metaspace: 11954K(12160K)->11954K(12160K) NonClass: 10327K(10432K)->10327K(10432K) Class: 1627K(1728K)->1627K(1728K)
[3.620s][info][gc             ] GC(17) Pause Full (System.gc()) 25M->25M(491M) 28.470ms
[3.620s][info][gc,cpu         ] GC(17) User=0.34s Sys=0.00s Real=0.03s
[3.891s][info][gc,start       ] GC(18) Pause Young (System.gc())
[3.891s][info][gc,heap        ] GC(18) PSYoungGen: 124214K(153088K)->64K(153088K) Eden: 124214K(131584K)->0K(131584K) From: 0K(21504K)->64K(21504K)
[3.892s][info][gc,heap        ] GC(18) ParOldGen: 26295K(349696K)->26295K(349696K)
[3.892s][info][gc,metaspace   ] GC(18) Metaspace: 11955K(12160K)->11955K(12160K) NonClass: 10328K(10432K)->10328K(10432K) Class: 1627K(1728K)->1627K(1728K)
[3.892s][info][gc             ] GC(18) Pause Young (System.gc()) 146M->25M(491M) 0.485ms
[3.892s][info][gc,cpu         ] GC(18) User=0.00s Sys=0.00s Real=0.00s
[3.892s][info][gc,start       ] GC(19) Pause Full (System.gc())
[3.892s][info][gc,phases,start] GC(19) Marking Phase
[3.910s][info][gc,phases      ] GC(19) Marking Phase 18.453ms
[3.910s][info][gc,phases,start] GC(19) Summary Phase
[3.910s][info][gc,phases      ] GC(19) Summary Phase 0.033ms
[3.910s][info][gc,phases,start] GC(19) Adjust Roots
[3.912s][info][gc,phases      ] GC(19) Adjust Roots 1.138ms
[3.912s][info][gc,phases,start] GC(19) Compaction Phase
[3.919s][info][gc,phases      ] GC(19) Compaction Phase 7.145ms
[3.919s][info][gc,phases,start] GC(19) Post Compact
[3.919s][info][gc,phases      ] GC(19) Post Compact 0.315ms
[3.919s][info][gc,heap        ] GC(19) PSYoungGen: 64K(153088K)->0K(153088K) Eden: 0K(131584K)->0K(131584K) From: 64K(21504K)->0K(21504K)
[3.919s][info][gc,heap        ] GC(19) ParOldGen: 26295K(349696K)->26295K(349696K)
[3.919s][info][gc,metaspace   ] GC(19) Metaspace: 11955K(12160K)->11955K(12160K) NonClass: 10328K(10432K)->10328K(10432K) Class: 1627K(1728K)->1627K(1728K)
[3.919s][info][gc             ] GC(19) Pause Full (System.gc()) 25M->25M(491M) 27.458ms
[3.919s][info][gc,cpu         ] GC(19) User=0.17s Sys=0.00s Real=0.03s
[4.220s][info][gc,start       ] GC(20) Pause Young (System.gc())
[4.221s][info][gc,heap        ] GC(20) PSYoungGen: 124941K(153088K)->128K(153088K) Eden: 124941K(131584K)->0K(131584K) From: 0K(21504K)->128K(21504K)
[4.221s][info][gc,heap        ] GC(20) ParOldGen: 26295K(349696K)->26295K(349696K)
[4.221s][info][gc,metaspace   ] GC(20) Metaspace: 11957K(12160K)->11957K(12160K) NonClass: 10330K(10432K)->10330K(10432K) Class: 1627K(1728K)->1627K(1728K)
[4.221s][info][gc             ] GC(20) Pause Young (System.gc()) 147M->25M(491M) 0.437ms
[4.221s][info][gc,cpu         ] GC(20) User=0.00s Sys=0.00s Real=0.00s
[4.221s][info][gc,start       ] GC(21) Pause Full (System.gc())
[4.221s][info][gc,phases,start] GC(21) Marking Phase
[4.240s][info][gc,phases      ] GC(21) Marking Phase 19.404ms
[4.240s][info][gc,phases,start] GC(21) Summary Phase
[4.240s][info][gc,phases      ] GC(21) Summary Phase 0.032ms
[4.241s][info][gc,phases,start] GC(21) Adjust Roots
[4.242s][info][gc,phases      ] GC(21) Adjust Roots 1.117ms
[4.242s][info][gc,phases,start] GC(21) Compaction Phase
[4.249s][info][gc,phases      ] GC(21) Compaction Phase 6.951ms
[4.249s][info][gc,phases,start] GC(21) Post Compact
[4.249s][info][gc,phases      ] GC(21) Post Compact 0.248ms
[4.249s][info][gc,heap        ] GC(21) PSYoungGen: 128K(153088K)->0K(153088K) Eden: 0K(131584K)->0K(131584K) From: 128K(21504K)->0K(21504K)
[4.249s][info][gc,heap        ] GC(21) ParOldGen: 26295K(349696K)->26295K(349696K)
[4.249s][info][gc,metaspace   ] GC(21) Metaspace: 11957K(12160K)->11957K(12160K) NonClass: 10330K(10432K)->10330K(10432K) Class: 1627K(1728K)->1627K(1728K)
[4.249s][info][gc             ] GC(21) Pause Full (System.gc()) 25M->25M(491M) 28.109ms
[4.249s][info][gc,cpu         ] GC(21) User=0.19s Sys=0.00s Real=0.03s
[4.511s][info][gc,start       ] GC(22) Pause Young (System.gc())
[4.511s][info][gc,heap        ] GC(22) PSYoungGen: 125415K(153088K)->96K(153088K) Eden: 125415K(131584K)->0K(131584K) From: 0K(21504K)->96K(21504K)
[4.511s][info][gc,heap        ] GC(22) ParOldGen: 26295K(349696K)->26295K(349696K)
[4.511s][info][gc,metaspace   ] GC(22) Metaspace: 11959K(12160K)->11959K(12160K) NonClass: 10332K(10432K)->10332K(10432K) Class: 1627K(1728K)->1627K(1728K)
[4.511s][info][gc             ] GC(22) Pause Young (System.gc()) 148M->25M(491M) 0.438ms
[4.511s][info][gc,cpu         ] GC(22) User=0.00s Sys=0.00s Real=0.00s
[4.511s][info][gc,start       ] GC(23) Pause Full (System.gc())
[4.511s][info][gc,phases,start] GC(23) Marking Phase
[4.530s][info][gc,phases      ] GC(23) Marking Phase 19.150ms
[4.531s][info][gc,phases,start] GC(23) Summary Phase
[4.531s][info][gc,phases      ] GC(23) Summary Phase 0.033ms
[4.531s][info][gc,phases,start] GC(23) Adjust Roots
[4.532s][info][gc,phases      ] GC(23) Adjust Roots 1.157ms
[4.532s][info][gc,phases,start] GC(23) Compaction Phase
[4.536s][info][gc,phases      ] GC(23) Compaction Phase 4.652ms
[4.536s][info][gc,phases,start] GC(23) Post Compact
[4.537s][info][gc,phases      ] GC(23) Post Compact 0.286ms
[4.537s][info][gc,heap        ] GC(23) PSYoungGen: 96K(153088K)->0K(153088K) Eden: 0K(131584K)->0K(131584K) From: 96K(21504K)->0K(21504K)
[4.537s][info][gc,heap        ] GC(23) ParOldGen: 26295K(349696K)->26295K(349696K)
[4.537s][info][gc,metaspace   ] GC(23) Metaspace: 11959K(12160K)->11959K(12160K) NonClass: 10332K(10432K)->10332K(10432K) Class: 1627K(1728K)->1627K(1728K)
[4.537s][info][gc             ] GC(23) Pause Full (System.gc()) 25M->25M(491M) 25.667ms
[4.537s][info][gc,cpu         ] GC(23) User=0.19s Sys=0.00s Real=0.03s
[4.799s][info][gc,start       ] GC(24) Pause Young (System.gc())
[4.800s][info][gc,heap        ] GC(24) PSYoungGen: 125722K(153088K)->128K(153088K) Eden: 125722K(131584K)->0K(131584K) From: 0K(21504K)->128K(21504K)
[4.800s][info][gc,heap        ] GC(24) ParOldGen: 26295K(349696K)->26295K(349696K)
[4.800s][info][gc,metaspace   ] GC(24) Metaspace: 11959K(12160K)->11959K(12160K) NonClass: 10332K(10432K)->10332K(10432K) Class: 1627K(1728K)->1627K(1728K)
[4.800s][info][gc             ] GC(24) Pause Young (System.gc()) 148M->25M(491M) 0.445ms
[4.800s][info][gc,cpu         ] GC(24) User=0.00s Sys=0.00s Real=0.00s
[4.800s][info][gc,start       ] GC(25) Pause Full (System.gc())
[4.800s][info][gc,phases,start] GC(25) Marking Phase
[4.820s][info][gc,phases      ] GC(25) Marking Phase 19.837ms
[4.820s][info][gc,phases,start] GC(25) Summary Phase
[4.820s][info][gc,phases      ] GC(25) Summary Phase 0.020ms
[4.820s][info][gc,phases,start] GC(25) Adjust Roots
[4.822s][info][gc,phases      ] GC(25) Adjust Roots 1.717ms
[4.822s][info][gc,phases,start] GC(25) Compaction Phase
[4.828s][info][gc,phases      ] GC(25) Compaction Phase 6.154ms
[4.828s][info][gc,phases,start] GC(25) Post Compact
[4.828s][info][gc,phases      ] GC(25) Post Compact 0.225ms
[4.828s][info][gc,heap        ] GC(25) PSYoungGen: 128K(153088K)->0K(153088K) Eden: 0K(131584K)->0K(131584K) From: 128K(21504K)->0K(21504K)
[4.828s][info][gc,heap        ] GC(25) ParOldGen: 26295K(349696K)->26295K(349696K)
[4.828s][info][gc,metaspace   ] GC(25) Metaspace: 11959K(12160K)->11959K(12160K) NonClass: 10332K(10432K)->10332K(10432K) Class: 1627K(1728K)->1627K(1728K)
[4.828s][info][gc             ] GC(25) Pause Full (System.gc()) 25M->25M(491M) 28.210ms
[4.828s][info][gc,cpu         ] GC(25) User=0.20s Sys=0.00s Real=0.03s
[5.137s][info][gc,start       ] GC(26) Pause Young (System.gc())
[5.138s][info][gc,heap        ] GC(26) PSYoungGen: 125922K(153088K)->96K(153088K) Eden: 125922K(131584K)->0K(131584K) From: 0K(21504K)->96K(21504K)
[5.138s][info][gc,heap        ] GC(26) ParOldGen: 26295K(349696K)->26295K(349696K)
[5.138s][info][gc,metaspace   ] GC(26) Metaspace: 11961K(12160K)->11961K(12160K) NonClass: 10334K(10432K)->10334K(10432K) Class: 1627K(1728K)->1627K(1728K)
[5.138s][info][gc             ] GC(26) Pause Young (System.gc()) 148M->25M(491M) 0.462ms
[5.138s][info][gc,cpu         ] GC(26) User=0.00s Sys=0.00s Real=0.00s
[5.138s][info][gc,start       ] GC(27) Pause Full (System.gc())
[5.138s][info][gc,phases,start] GC(27) Marking Phase
[5.156s][info][gc,phases      ] GC(27) Marking Phase 18.103ms
[5.156s][info][gc,phases,start] GC(27) Summary Phase
[5.156s][info][gc,phases      ] GC(27) Summary Phase 0.032ms
[5.156s][info][gc,phases,start] GC(27) Adjust Roots
[5.158s][info][gc,phases      ] GC(27) Adjust Roots 1.953ms
[5.158s][info][gc,phases,start] GC(27) Compaction Phase
[5.166s][info][gc,phases      ] GC(27) Compaction Phase 7.514ms
[5.166s][info][gc,phases,start] GC(27) Post Compact
[5.166s][info][gc,phases      ] GC(27) Post Compact 0.284ms
[5.166s][info][gc,heap        ] GC(27) PSYoungGen: 96K(153088K)->0K(153088K) Eden: 0K(131584K)->0K(131584K) From: 96K(21504K)->0K(21504K)
[5.166s][info][gc,heap        ] GC(27) ParOldGen: 26295K(349696K)->26295K(349696K)
[5.166s][info][gc,metaspace   ] GC(27) Metaspace: 11961K(12160K)->11961K(12160K) NonClass: 10334K(10432K)->10334K(10432K) Class: 1627K(1728K)->1627K(1728K)
[5.166s][info][gc             ] GC(27) Pause Full (System.gc()) 25M->25M(491M) 28.237ms
[5.166s][info][gc,cpu         ] GC(27) User=0.17s Sys=0.00s Real=0.03s
[5.428s][info][gc,start       ] GC(28) Pause Young (System.gc())
[5.428s][info][gc,heap        ] GC(28) PSYoungGen: 126051K(153088K)->96K(153088K) Eden: 126051K(131584K)->0K(131584K) From: 0K(21504K)->96K(21504K)
[5.428s][info][gc,heap        ] GC(28) ParOldGen: 26295K(349696K)->26295K(349696K)
[5.428s][info][gc,metaspace   ] GC(28) Metaspace: 11978K(12224K)->11978K(12224K) NonClass: 10351K(10496K)->10351K(10496K) Class: 1627K(1728K)->1627K(1728K)
[5.428s][info][gc             ] GC(28) Pause Young (System.gc()) 148M->25M(491M) 0.430ms
[5.428s][info][gc,cpu         ] GC(28) User=0.00s Sys=0.00s Real=0.00s
[5.428s][info][gc,start       ] GC(29) Pause Full (System.gc())
[5.428s][info][gc,phases,start] GC(29) Marking Phase
[5.449s][info][gc,phases      ] GC(29) Marking Phase 20.146ms
[5.449s][info][gc,phases,start] GC(29) Summary Phase
[5.449s][info][gc,phases      ] GC(29) Summary Phase 0.045ms
[5.449s][info][gc,phases,start] GC(29) Adjust Roots
[5.450s][info][gc,phases      ] GC(29) Adjust Roots 1.779ms
[5.450s][info][gc,phases,start] GC(29) Compaction Phase
[5.458s][info][gc,phases      ] GC(29) Compaction Phase 7.236ms
[5.458s][info][gc,phases,start] GC(29) Post Compact
[5.458s][info][gc,phases      ] GC(29) Post Compact 0.283ms
[5.458s][info][gc,heap        ] GC(29) PSYoungGen: 96K(153088K)->0K(153088K) Eden: 0K(131584K)->0K(131584K) From: 96K(21504K)->0K(21504K)
[5.458s][info][gc,heap        ] GC(29) ParOldGen: 26295K(349696K)->26295K(349696K)
[5.458s][info][gc,metaspace   ] GC(29) Metaspace: 11978K(12224K)->11978K(12224K) NonClass: 10351K(10496K)->10351K(10496K) Class: 1627K(1728K)->1627K(1728K)
[5.458s][info][gc             ] GC(29) Pause Full (System.gc()) 25M->25M(491M) 29.859ms
[5.458s][info][gc,cpu         ] GC(29) User=0.34s Sys=0.00s Real=0.03s
[5.758s][info][gc,start       ] GC(30) Pause Young (System.gc())
[5.758s][info][gc,heap        ] GC(30) PSYoungGen: 126136K(153088K)->96K(153088K) Eden: 126136K(131584K)->0K(131584K) From: 0K(21504K)->96K(21504K)
[5.758s][info][gc,heap        ] GC(30) ParOldGen: 26295K(349696K)->26295K(349696K)
[5.758s][info][gc,metaspace   ] GC(30) Metaspace: 11983K(12224K)->11983K(12224K) NonClass: 10356K(10496K)->10356K(10496K) Class: 1627K(1728K)->1627K(1728K)
[5.759s][info][gc             ] GC(30) Pause Young (System.gc()) 148M->25M(491M) 0.476ms
[5.759s][info][gc,cpu         ] GC(30) User=0.00s Sys=0.00s Real=0.00s
[5.759s][info][gc,start       ] GC(31) Pause Full (System.gc())
[5.759s][info][gc,phases,start] GC(31) Marking Phase
[5.777s][info][gc,phases      ] GC(31) Marking Phase 18.128ms
[5.777s][info][gc,phases,start] GC(31) Summary Phase
[5.777s][info][gc,phases      ] GC(31) Summary Phase 0.033ms
[5.777s][info][gc,phases,start] GC(31) Adjust Roots
[5.778s][info][gc,phases      ] GC(31) Adjust Roots 1.161ms
[5.778s][info][gc,phases,start] GC(31) Compaction Phase
[5.786s][info][gc,phases      ] GC(31) Compaction Phase 7.598ms
[5.786s][info][gc,phases,start] GC(31) Post Compact
[5.786s][info][gc,phases      ] GC(31) Post Compact 0.253ms
[5.786s][info][gc,heap        ] GC(31) PSYoungGen: 96K(153088K)->0K(153088K) Eden: 0K(131584K)->0K(131584K) From: 96K(21504K)->0K(21504K)
[5.786s][info][gc,heap        ] GC(31) ParOldGen: 26295K(349696K)->26295K(349696K)
[5.786s][info][gc,metaspace   ] GC(31) Metaspace: 11983K(12224K)->11983K(12224K) NonClass: 10356K(10496K)->10356K(10496K) Class: 1627K(1728K)->1627K(1728K)
[5.786s][info][gc             ] GC(31) Pause Full (System.gc()) 25M->25M(491M) 27.516ms
[5.786s][info][gc,cpu         ] GC(31) User=0.34s Sys=0.00s Real=0.03s
[6.060s][info][gc,start       ] GC(32) Pause Young (System.gc())
[6.061s][info][gc,heap        ] GC(32) PSYoungGen: 126191K(153088K)->96K(153088K) Eden: 126191K(131584K)->0K(131584K) From: 0K(21504K)->96K(21504K)
[6.061s][info][gc,heap        ] GC(32) ParOldGen: 26295K(349696K)->26295K(349696K)
[6.061s][info][gc,metaspace   ] GC(32) Metaspace: 11989K(12224K)->11989K(12224K) NonClass: 10362K(10496K)->10362K(10496K) Class: 1627K(1728K)->1627K(1728K)
[6.061s][info][gc             ] GC(32) Pause Young (System.gc()) 148M->25M(491M) 0.434ms
[6.061s][info][gc,cpu         ] GC(32) User=0.00s Sys=0.00s Real=0.00s
[6.061s][info][gc,start       ] GC(33) Pause Full (System.gc())
[6.061s][info][gc,phases,start] GC(33) Marking Phase
[6.082s][info][gc,phases      ] GC(33) Marking Phase 21.351ms
[6.082s][info][gc,phases,start] GC(33) Summary Phase
[6.082s][info][gc,phases      ] GC(33) Summary Phase 0.032ms
[6.082s][info][gc,phases,start] GC(33) Adjust Roots
[6.084s][info][gc,phases      ] GC(33) Adjust Roots 1.825ms
[6.084s][info][gc,phases,start] GC(33) Compaction Phase
[6.091s][info][gc,phases      ] GC(33) Compaction Phase 7.187ms
[6.091s][info][gc,phases,start] GC(33) Post Compact
[6.092s][info][gc,phases      ] GC(33) Post Compact 0.284ms
[6.092s][info][gc,heap        ] GC(33) PSYoungGen: 96K(153088K)->0K(153088K) Eden: 0K(131584K)->0K(131584K) From: 96K(21504K)->0K(21504K)
[6.092s][info][gc,heap        ] GC(33) ParOldGen: 26295K(349696K)->26295K(349696K)
[6.092s][info][gc,metaspace   ] GC(33) Metaspace: 11989K(12224K)->11989K(12224K) NonClass: 10362K(10496K)->10362K(10496K) Class: 1627K(1728K)->1627K(1728K)
[6.092s][info][gc             ] GC(33) Pause Full (System.gc()) 25M->25M(491M) 31.071ms
[6.092s][info][gc,cpu         ] GC(33) User=0.17s Sys=0.00s Real=0.03s
[6.379s][info][gc,start       ] GC(34) Pause Young (System.gc())
[6.380s][info][gc,heap        ] GC(34) PSYoungGen: 126227K(153088K)->64K(153088K) Eden: 126227K(131584K)->0K(131584K) From: 0K(21504K)->64K(21504K)
[6.380s][info][gc,heap        ] GC(34) ParOldGen: 26295K(349696K)->26295K(349696K)
[6.380s][info][gc,metaspace   ] GC(34) Metaspace: 11990K(12224K)->11990K(12224K) NonClass: 10363K(10496K)->10363K(10496K) Class: 1627K(1728K)->1627K(1728K)
[6.380s][info][gc             ] GC(34) Pause Young (System.gc()) 148M->25M(491M) 0.432ms
[6.380s][info][gc,cpu         ] GC(34) User=0.00s Sys=0.00s Real=0.00s
[6.380s][info][gc,start       ] GC(35) Pause Full (System.gc())
[6.380s][info][gc,phases,start] GC(35) Marking Phase
[6.398s][info][gc,phases      ] GC(35) Marking Phase 17.974ms
[6.398s][info][gc,phases,start] GC(35) Summary Phase
[6.398s][info][gc,phases      ] GC(35) Summary Phase 0.032ms
[6.398s][info][gc,phases,start] GC(35) Adjust Roots
[6.399s][info][gc,phases      ] GC(35) Adjust Roots 1.226ms
[6.399s][info][gc,phases,start] GC(35) Compaction Phase
[6.408s][info][gc,phases      ] GC(35) Compaction Phase 8.214ms
[6.408s][info][gc,phases,start] GC(35) Post Compact
[6.408s][info][gc,phases      ] GC(35) Post Compact 0.272ms
[6.408s][info][gc,heap        ] GC(35) PSYoungGen: 64K(153088K)->0K(153088K) Eden: 0K(131584K)->0K(131584K) From: 64K(21504K)->0K(21504K)
[6.408s][info][gc,heap        ] GC(35) ParOldGen: 26295K(349696K)->26295K(349696K)
[6.408s][info][gc,metaspace   ] GC(35) Metaspace: 11990K(12224K)->11990K(12224K) NonClass: 10363K(10496K)->10363K(10496K) Class: 1627K(1728K)->1627K(1728K)
[6.408s][info][gc             ] GC(35) Pause Full (System.gc()) 25M->25M(491M) 28.194ms
[6.408s][info][gc,cpu         ] GC(35) User=0.20s Sys=0.00s Real=0.03s
[6.701s][info][gc,start       ] GC(36) Pause Young (System.gc())
[6.701s][info][gc,heap        ] GC(36) PSYoungGen: 126250K(153088K)->32K(153088K) Eden: 126250K(131584K)->0K(131584K) From: 0K(21504K)->32K(21504K)
[6.701s][info][gc,heap        ] GC(36) ParOldGen: 26295K(349696K)->26295K(349696K)
[6.701s][info][gc,metaspace   ] GC(36) Metaspace: 11990K(12224K)->11990K(12224K) NonClass: 10363K(10496K)->10363K(10496K) Class: 1627K(1728K)->1627K(1728K)
[6.701s][info][gc             ] GC(36) Pause Young (System.gc()) 148M->25M(491M) 0.430ms
[6.701s][info][gc,cpu         ] GC(36) User=0.00s Sys=0.00s Real=0.00s
[6.701s][info][gc,start       ] GC(37) Pause Full (System.gc())
[6.701s][info][gc,phases,start] GC(37) Marking Phase
[6.720s][info][gc,phases      ] GC(37) Marking Phase 18.506ms
[6.720s][info][gc,phases,start] GC(37) Summary Phase
[6.720s][info][gc,phases      ] GC(37) Summary Phase 0.033ms
[6.720s][info][gc,phases,start] GC(37) Adjust Roots
[6.722s][info][gc,phases      ] GC(37) Adjust Roots 2.121ms
[6.722s][info][gc,phases,start] GC(37) Compaction Phase
[6.730s][info][gc,phases      ] GC(37) Compaction Phase 7.579ms
[6.730s][info][gc,phases,start] GC(37) Post Compact
[6.730s][info][gc,phases      ] GC(37) Post Compact 0.296ms
[6.730s][info][gc,heap        ] GC(37) PSYoungGen: 32K(153088K)->0K(153088K) Eden: 0K(131584K)->0K(131584K) From: 32K(21504K)->0K(21504K)
[6.730s][info][gc,heap        ] GC(37) ParOldGen: 26295K(349696K)->26295K(349696K)
[6.730s][info][gc,metaspace   ] GC(37) Metaspace: 11990K(12224K)->11990K(12224K) NonClass: 10363K(10496K)->10363K(10496K) Class: 1627K(1728K)->1627K(1728K)
[6.730s][info][gc             ] GC(37) Pause Full (System.gc()) 25M->25M(491M) 28.904ms
[6.730s][info][gc,cpu         ] GC(37) User=0.02s Sys=0.02s Real=0.03s
[6.993s][info][gc,start       ] GC(38) Pause Young (System.gc())
[6.994s][info][gc,heap        ] GC(38) PSYoungGen: 126265K(153088K)->96K(153088K) Eden: 126265K(131584K)->0K(131584K) From: 0K(21504K)->96K(21504K)
[6.994s][info][gc,heap        ] GC(38) ParOldGen: 26295K(349696K)->26295K(349696K)
[6.994s][info][gc,metaspace   ] GC(38) Metaspace: 11990K(12224K)->11990K(12224K) NonClass: 10363K(10496K)->10363K(10496K) Class: 1627K(1728K)->1627K(1728K)
[6.994s][info][gc             ] GC(38) Pause Young (System.gc()) 148M->25M(491M) 0.442ms
[6.994s][info][gc,cpu         ] GC(38) User=0.00s Sys=0.00s Real=0.00s
[6.994s][info][gc,start       ] GC(39) Pause Full (System.gc())
[6.994s][info][gc,phases,start] GC(39) Marking Phase
[7.013s][info][gc,phases      ] GC(39) Marking Phase 19.365ms
[7.013s][info][gc,phases,start] GC(39) Summary Phase
[7.013s][info][gc,phases      ] GC(39) Summary Phase 0.020ms
[7.013s][info][gc,phases,start] GC(39) Adjust Roots
[7.015s][info][gc,phases      ] GC(39) Adjust Roots 1.871ms
[7.015s][info][gc,phases,start] GC(39) Compaction Phase
[7.022s][info][gc,phases      ] GC(39) Compaction Phase 6.987ms
[7.022s][info][gc,phases,start] GC(39) Post Compact
[7.022s][info][gc,phases      ] GC(39) Post Compact 0.259ms
[7.022s][info][gc,heap        ] GC(39) PSYoungGen: 96K(153088K)->0K(153088K) Eden: 0K(131584K)->0K(131584K) From: 96K(21504K)->0K(21504K)
[7.023s][info][gc,heap        ] GC(39) ParOldGen: 26295K(349696K)->26295K(349696K)
[7.023s][info][gc,metaspace   ] GC(39) Metaspace: 11990K(12224K)->11990K(12224K) NonClass: 10363K(10496K)->10363K(10496K) Class: 1627K(1728K)->1627K(1728K)
[7.023s][info][gc             ] GC(39) Pause Full (System.gc()) 25M->25M(491M) 28.781ms
[7.023s][info][gc,cpu         ] GC(39) User=0.19s Sys=0.00s Real=0.03s
[7.322s][info][gc,start       ] GC(40) Pause Young (System.gc())
[7.323s][info][gc,heap        ] GC(40) PSYoungGen: 126275K(153088K)->96K(153088K) Eden: 126275K(131584K)->0K(131584K) From: 0K(21504K)->96K(21504K)
[7.323s][info][gc,heap        ] GC(40) ParOldGen: 26295K(349696K)->26295K(349696K)
[7.323s][info][gc,metaspace   ] GC(40) Metaspace: 11990K(12224K)->11990K(12224K) NonClass: 10363K(10496K)->10363K(10496K) Class: 1627K(1728K)->1627K(1728K)
[7.323s][info][gc             ] GC(40) Pause Young (System.gc()) 148M->25M(491M) 0.487ms
[7.323s][info][gc,cpu         ] GC(40) User=0.00s Sys=0.00s Real=0.00s
[7.323s][info][gc,start       ] GC(41) Pause Full (System.gc())
[7.323s][info][gc,phases,start] GC(41) Marking Phase
[7.342s][info][gc,phases      ] GC(41) Marking Phase 18.839ms
[7.342s][info][gc,phases,start] GC(41) Summary Phase
[7.342s][info][gc,phases      ] GC(41) Summary Phase 0.033ms
[7.342s][info][gc,phases,start] GC(41) Adjust Roots
[7.343s][info][gc,phases      ] GC(41) Adjust Roots 1.394ms
[7.343s][info][gc,phases,start] GC(41) Compaction Phase
[7.351s][info][gc,phases      ] GC(41) Compaction Phase 7.353ms
[7.351s][info][gc,phases,start] GC(41) Post Compact
[7.351s][info][gc,phases      ] GC(41) Post Compact 0.262ms
[7.351s][info][gc,heap        ] GC(41) PSYoungGen: 96K(153088K)->0K(153088K) Eden: 0K(131584K)->0K(131584K) From: 96K(21504K)->0K(21504K)
[7.351s][info][gc,heap        ] GC(41) ParOldGen: 26295K(349696K)->26295K(349696K)
[7.351s][info][gc,metaspace   ] GC(41) Metaspace: 11990K(12224K)->11990K(12224K) NonClass: 10363K(10496K)->10363K(10496K) Class: 1627K(1728K)->1627K(1728K)
[7.351s][info][gc             ] GC(41) Pause Full (System.gc()) 25M->25M(491M) 28.243ms
[7.351s][info][gc,cpu         ] GC(41) User=0.34s Sys=0.00s Real=0.03s
[7.617s][info][gc,start       ] GC(42) Pause Young (System.gc())
[7.617s][info][gc,heap        ] GC(42) PSYoungGen: 126282K(153088K)->224K(153088K) Eden: 126282K(131584K)->0K(131584K) From: 0K(21504K)->224K(21504K)
[7.617s][info][gc,heap        ] GC(42) ParOldGen: 26295K(349696K)->26295K(349696K)
[7.617s][info][gc,metaspace   ] GC(42) Metaspace: 11992K(12224K)->11992K(12224K) NonClass: 10365K(10496K)->10365K(10496K) Class: 1627K(1728K)->1627K(1728K)
[7.617s][info][gc             ] GC(42) Pause Young (System.gc()) 149M->25M(491M) 0.448ms
[7.617s][info][gc,cpu         ] GC(42) User=0.00s Sys=0.00s Real=0.00s
[7.618s][info][gc,start       ] GC(43) Pause Full (System.gc())
[7.618s][info][gc,phases,start] GC(43) Marking Phase
[7.638s][info][gc,phases      ] GC(43) Marking Phase 20.306ms
[7.638s][info][gc,phases,start] GC(43) Summary Phase
[7.638s][info][gc,phases      ] GC(43) Summary Phase 0.020ms
[7.638s][info][gc,phases,start] GC(43) Adjust Roots
[7.640s][info][gc,phases      ] GC(43) Adjust Roots 1.689ms
[7.640s][info][gc,phases,start] GC(43) Compaction Phase
[7.646s][info][gc,phases      ] GC(43) Compaction Phase 6.001ms
[7.646s][info][gc,phases,start] GC(43) Post Compact
[7.646s][info][gc,phases      ] GC(43) Post Compact 0.222ms
[7.646s][info][gc,heap        ] GC(43) PSYoungGen: 224K(153088K)->0K(153088K) Eden: 0K(131584K)->0K(131584K) From: 224K(21504K)->0K(21504K)
[7.646s][info][gc,heap        ] GC(43) ParOldGen: 26295K(349696K)->26296K(349696K)
[7.646s][info][gc,metaspace   ] GC(43) Metaspace: 11992K(12224K)->11992K(12224K) NonClass: 10365K(10496K)->10365K(10496K) Class: 1627K(1728K)->1627K(1728K)
[7.646s][info][gc             ] GC(43) Pause Full (System.gc()) 25M->25M(491M) 28.529ms
[7.646s][info][gc,cpu         ] GC(43) User=0.19s Sys=0.00s Real=0.03s
[7.933s][info][gc,start       ] GC(44) Pause Young (System.gc())
[7.933s][info][gc,heap        ] GC(44) PSYoungGen: 126286K(153088K)->96K(153088K) Eden: 126286K(131584K)->0K(131584K) From: 0K(21504K)->96K(21504K)
[7.933s][info][gc,heap        ] GC(44) ParOldGen: 26296K(349696K)->26296K(349696K)
[7.933s][info][gc,metaspace   ] GC(44) Metaspace: 11992K(12224K)->11992K(12224K) NonClass: 10365K(10496K)->10365K(10496K) Class: 1627K(1728K)->1627K(1728K)
[7.933s][info][gc             ] GC(44) Pause Young (System.gc()) 149M->25M(491M) 0.280ms
[7.933s][info][gc,cpu         ] GC(44) User=0.00s Sys=0.00s Real=0.00s
[7.933s][info][gc,start       ] GC(45) Pause Full (System.gc())
[7.933s][info][gc,phases,start] GC(45) Marking Phase
[7.951s][info][gc,phases      ] GC(45) Marking Phase 17.465ms
[7.951s][info][gc,phases,start] GC(45) Summary Phase
[7.951s][info][gc,phases      ] GC(45) Summary Phase 0.015ms
[7.951s][info][gc,phases,start] GC(45) Adjust Roots
[7.953s][info][gc,phases      ] GC(45) Adjust Roots 1.757ms
[7.953s][info][gc,phases,start] GC(45) Compaction Phase
[7.959s][info][gc,phases      ] GC(45) Compaction Phase 5.916ms
[7.959s][info][gc,phases,start] GC(45) Post Compact
[7.959s][info][gc,phases      ] GC(45) Post Compact 0.227ms
[7.959s][info][gc,heap        ] GC(45) PSYoungGen: 96K(153088K)->0K(153088K) Eden: 0K(131584K)->0K(131584K) From: 96K(21504K)->0K(21504K)
[7.959s][info][gc,heap        ] GC(45) ParOldGen: 26296K(349696K)->26296K(349696K)
[7.959s][info][gc,metaspace   ] GC(45) Metaspace: 11992K(12224K)->11992K(12224K) NonClass: 10365K(10496K)->10365K(10496K) Class: 1627K(1728K)->1627K(1728K)
[7.959s][info][gc             ] GC(45) Pause Full (System.gc()) 25M->25M(491M) 25.599ms
[7.959s][info][gc,cpu         ] GC(45) User=0.19s Sys=0.00s Real=0.02s
[8.252s][info][gc,start       ] GC(46) Pause Young (System.gc())
[8.252s][info][gc,heap        ] GC(46) PSYoungGen: 126288K(153088K)->96K(153088K) Eden: 126288K(131584K)->0K(131584K) From: 0K(21504K)->96K(21504K)
[8.252s][info][gc,heap        ] GC(46) ParOldGen: 26296K(349696K)->26296K(349696K)
[8.252s][info][gc,metaspace   ] GC(46) Metaspace: 12019K(12224K)->12019K(12224K) NonClass: 10392K(10496K)->10392K(10496K) Class: 1627K(1728K)->1627K(1728K)
[8.252s][info][gc             ] GC(46) Pause Young (System.gc()) 149M->25M(491M) 0.456ms
[8.252s][info][gc,cpu         ] GC(46) User=0.00s Sys=0.00s Real=0.00s
[8.252s][info][gc,start       ] GC(47) Pause Full (System.gc())
[8.252s][info][gc,phases,start] GC(47) Marking Phase
[8.274s][info][gc,phases      ] GC(47) Marking Phase 21.298ms
[8.274s][info][gc,phases,start] GC(47) Summary Phase
[8.274s][info][gc,phases      ] GC(47) Summary Phase 0.044ms
[8.274s][info][gc,phases,start] GC(47) Adjust Roots
[8.276s][info][gc,phases      ] GC(47) Adjust Roots 1.843ms
[8.276s][info][gc,phases,start] GC(47) Compaction Phase
[8.283s][info][gc,phases      ] GC(47) Compaction Phase 7.341ms
[8.283s][info][gc,phases,start] GC(47) Post Compact
[8.283s][info][gc,phases      ] GC(47) Post Compact 0.279ms
[8.283s][info][gc,heap        ] GC(47) PSYoungGen: 96K(153088K)->0K(153088K) Eden: 0K(131584K)->0K(131584K) From: 96K(21504K)->0K(21504K)
[8.283s][info][gc,heap        ] GC(47) ParOldGen: 26296K(349696K)->26296K(349696K)
[8.283s][info][gc,metaspace   ] GC(47) Metaspace: 12019K(12224K)->12019K(12224K) NonClass: 10392K(10496K)->10392K(10496K) Class: 1627K(1728K)->1627K(1728K)
[8.283s][info][gc             ] GC(47) Pause Full (System.gc()) 25M->25M(491M) 31.171ms
[8.283s][info][gc,cpu         ] GC(47) User=0.20s Sys=0.00s Real=0.03s
[8.548s][info][gc,start       ] GC(48) Pause Young (System.gc())
[8.549s][info][gc,heap        ] GC(48) PSYoungGen: 126290K(153088K)->96K(153088K) Eden: 126290K(131584K)->0K(131584K) From: 0K(21504K)->96K(21504K)
[8.549s][info][gc,heap        ] GC(48) ParOldGen: 26296K(349696K)->26296K(349696K)
[8.549s][info][gc,metaspace   ] GC(48) Metaspace: 12019K(12224K)->12019K(12224K) NonClass: 10392K(10496K)->10392K(10496K) Class: 1627K(1728K)->1627K(1728K)
[8.549s][info][gc             ] GC(48) Pause Young (System.gc()) 149M->25M(491M) 0.430ms
[8.549s][info][gc,cpu         ] GC(48) User=0.00s Sys=0.00s Real=0.00s
[8.549s][info][gc,start       ] GC(49) Pause Full (System.gc())
[8.549s][info][gc,phases,start] GC(49) Marking Phase
[8.568s][info][gc,phases      ] GC(49) Marking Phase 18.776ms
[8.568s][info][gc,phases,start] GC(49) Summary Phase
[8.568s][info][gc,phases      ] GC(49) Summary Phase 0.033ms
[8.568s][info][gc,phases,start] GC(49) Adjust Roots
[8.570s][info][gc,phases      ] GC(49) Adjust Roots 1.858ms
[8.570s][info][gc,phases,start] GC(49) Compaction Phase
[8.578s][info][gc,phases      ] GC(49) Compaction Phase 8.262ms
[8.578s][info][gc,phases,start] GC(49) Post Compact
[8.578s][info][gc,phases      ] GC(49) Post Compact 0.285ms
[8.578s][info][gc,heap        ] GC(49) PSYoungGen: 96K(153088K)->0K(153088K) Eden: 0K(131584K)->0K(131584K) From: 96K(21504K)->0K(21504K)
[8.578s][info][gc,heap        ] GC(49) ParOldGen: 26296K(349696K)->26296K(349696K)
[8.578s][info][gc,metaspace   ] GC(49) Metaspace: 12019K(12224K)->12019K(12224K) NonClass: 10392K(10496K)->10392K(10496K) Class: 1627K(1728K)->1627K(1728K)
[8.578s][info][gc             ] GC(49) Pause Full (System.gc()) 25M->25M(491M) 29.585ms
[8.579s][info][gc,cpu         ] GC(49) User=0.20s Sys=0.00s Real=0.03s
[8.857s][info][gc,start       ] GC(50) Pause Young (System.gc())
[8.857s][info][gc,heap        ] GC(50) PSYoungGen: 126291K(153088K)->32K(153088K) Eden: 126291K(131584K)->0K(131584K) From: 0K(21504K)->32K(21504K)
[8.857s][info][gc,heap        ] GC(50) ParOldGen: 26296K(349696K)->26296K(349696K)
[8.857s][info][gc,metaspace   ] GC(50) Metaspace: 12020K(12224K)->12020K(12224K) NonClass: 10393K(10496K)->10393K(10496K) Class: 1627K(1728K)->1627K(1728K)
[8.857s][info][gc             ] GC(50) Pause Young (System.gc()) 149M->25M(491M) 0.426ms
[8.858s][info][gc,cpu         ] GC(50) User=0.00s Sys=0.00s Real=0.00s
[8.858s][info][gc,start       ] GC(51) Pause Full (System.gc())
[8.858s][info][gc,phases,start] GC(51) Marking Phase
[8.878s][info][gc,phases      ] GC(51) Marking Phase 20.410ms
[8.878s][info][gc,phases,start] GC(51) Summary Phase
[8.878s][info][gc,phases      ] GC(51) Summary Phase 0.032ms
[8.878s][info][gc,phases,start] GC(51) Adjust Roots
[8.879s][info][gc,phases      ] GC(51) Adjust Roots 1.190ms
[8.879s][info][gc,phases,start] GC(51) Compaction Phase
[8.887s][info][gc,phases      ] GC(51) Compaction Phase 7.264ms
[8.887s][info][gc,phases,start] GC(51) Post Compact
[8.887s][info][gc,phases      ] GC(51) Post Compact 0.279ms
[8.887s][info][gc,heap        ] GC(51) PSYoungGen: 32K(153088K)->0K(153088K) Eden: 0K(131584K)->0K(131584K) From: 32K(21504K)->0K(21504K)
[8.887s][info][gc,heap        ] GC(51) ParOldGen: 26296K(349696K)->26296K(349696K)
[8.887s][info][gc,metaspace   ] GC(51) Metaspace: 12020K(12224K)->12020K(12224K) NonClass: 10393K(10496K)->10393K(10496K) Class: 1627K(1728K)->1627K(1728K)
[8.887s][info][gc             ] GC(51) Pause Full (System.gc()) 25M->25M(491M) 29.529ms
[8.887s][info][gc,cpu         ] GC(51) User=0.17s Sys=0.02s Real=0.03s
[9.160s][info][gc,start       ] GC(52) Pause Young (System.gc())
[9.160s][info][gc,heap        ] GC(52) PSYoungGen: 126292K(153088K)->32K(153088K) Eden: 126292K(131584K)->0K(131584K) From: 0K(21504K)->32K(21504K)
[9.160s][info][gc,heap        ] GC(52) ParOldGen: 26296K(349696K)->26296K(349696K)
[9.160s][info][gc,metaspace   ] GC(52) Metaspace: 12021K(12224K)->12021K(12224K) NonClass: 10394K(10496K)->10394K(10496K) Class: 1627K(1728K)->1627K(1728K)
[9.160s][info][gc             ] GC(52) Pause Young (System.gc()) 149M->25M(491M) 0.449ms
[9.160s][info][gc,cpu         ] GC(52) User=0.00s Sys=0.00s Real=0.00s
[9.160s][info][gc,start       ] GC(53) Pause Full (System.gc())
[9.160s][info][gc,phases,start] GC(53) Marking Phase
[9.179s][info][gc,phases      ] GC(53) Marking Phase 18.297ms
[9.179s][info][gc,phases,start] GC(53) Summary Phase
[9.179s][info][gc,phases      ] GC(53) Summary Phase 0.022ms
[9.179s][info][gc,phases,start] GC(53) Adjust Roots
[9.181s][info][gc,phases      ] GC(53) Adjust Roots 1.839ms
[9.181s][info][gc,phases,start] GC(53) Compaction Phase
[9.188s][info][gc,phases      ] GC(53) Compaction Phase 7.763ms
[9.189s][info][gc,phases,start] GC(53) Post Compact
[9.189s][info][gc,phases      ] GC(53) Post Compact 0.229ms
[9.189s][info][gc,heap        ] GC(53) PSYoungGen: 32K(153088K)->0K(153088K) Eden: 0K(131584K)->0K(131584K) From: 32K(21504K)->0K(21504K)
[9.189s][info][gc,heap        ] GC(53) ParOldGen: 26296K(349696K)->26296K(349696K)
[9.189s][info][gc,metaspace   ] GC(53) Metaspace: 12021K(12224K)->12021K(12224K) NonClass: 10394K(10496K)->10394K(10496K) Class: 1627K(1728K)->1627K(1728K)
[9.189s][info][gc             ] GC(53) Pause Full (System.gc()) 25M->25M(491M) 28.411ms
[9.189s][info][gc,cpu         ] GC(53) User=0.20s Sys=0.00s Real=0.03s
[9.477s][info][gc,start       ] GC(54) Pause Young (System.gc())
[9.477s][info][gc,heap        ] GC(54) PSYoungGen: 126292K(153088K)->32K(153088K) Eden: 126292K(131584K)->0K(131584K) From: 0K(21504K)->32K(21504K)
[9.477s][info][gc,heap        ] GC(54) ParOldGen: 26296K(349696K)->26296K(349696K)
[9.477s][info][gc,metaspace   ] GC(54) Metaspace: 12021K(12224K)->12021K(12224K) NonClass: 10394K(10496K)->10394K(10496K) Class: 1627K(1728K)->1627K(1728K)
[9.477s][info][gc             ] GC(54) Pause Young (System.gc()) 149M->25M(491M) 0.425ms
[9.477s][info][gc,cpu         ] GC(54) User=0.00s Sys=0.00s Real=0.00s
[9.477s][info][gc,start       ] GC(55) Pause Full (System.gc())
[9.478s][info][gc,phases,start] GC(55) Marking Phase
[9.499s][info][gc,phases      ] GC(55) Marking Phase 21.658ms
[9.499s][info][gc,phases,start] GC(55) Summary Phase
[9.499s][info][gc,phases      ] GC(55) Summary Phase 0.032ms
[9.499s][info][gc,phases,start] GC(55) Adjust Roots
[9.501s][info][gc,phases      ] GC(55) Adjust Roots 1.772ms
[9.501s][info][gc,phases,start] GC(55) Compaction Phase
[9.508s][info][gc,phases      ] GC(55) Compaction Phase 6.808ms
[9.508s][info][gc,phases,start] GC(55) Post Compact
[9.508s][info][gc,phases      ] GC(55) Post Compact 0.263ms
[9.508s][info][gc,heap        ] GC(55) PSYoungGen: 32K(153088K)->0K(153088K) Eden: 0K(131584K)->0K(131584K) From: 32K(21504K)->0K(21504K)
[9.508s][info][gc,heap        ] GC(55) ParOldGen: 26296K(349696K)->26296K(349696K)
[9.508s][info][gc,metaspace   ] GC(55) Metaspace: 12021K(12224K)->12021K(12224K) NonClass: 10394K(10496K)->10394K(10496K) Class: 1627K(1728K)->1627K(1728K)
[9.508s][info][gc             ] GC(55) Pause Full (System.gc()) 25M->25M(491M) 30.905ms
[9.508s][info][gc,cpu         ] GC(55) User=0.19s Sys=0.00s Real=0.03s
[9.799s][info][gc,start       ] GC(56) Pause Young (System.gc())
[9.799s][info][gc,heap        ] GC(56) PSYoungGen: 126292K(153088K)->64K(153088K) Eden: 126292K(131584K)->0K(131584K) From: 0K(21504K)->64K(21504K)
[9.799s][info][gc,heap        ] GC(56) ParOldGen: 26296K(349696K)->26296K(349696K)
[9.799s][info][gc,metaspace   ] GC(56) Metaspace: 12021K(12224K)->12021K(12224K) NonClass: 10394K(10496K)->10394K(10496K) Class: 1627K(1728K)->1627K(1728K)
[9.800s][info][gc             ] GC(56) Pause Young (System.gc()) 149M->25M(491M) 0.529ms
[9.800s][info][gc,cpu         ] GC(56) User=0.00s Sys=0.00s Real=0.00s
[9.800s][info][gc,start       ] GC(57) Pause Full (System.gc())
[9.800s][info][gc,phases,start] GC(57) Marking Phase
[9.820s][info][gc,phases      ] GC(57) Marking Phase 20.247ms
[9.820s][info][gc,phases,start] GC(57) Summary Phase
[9.820s][info][gc,phases      ] GC(57) Summary Phase 0.020ms
[9.820s][info][gc,phases,start] GC(57) Adjust Roots
[9.821s][info][gc,phases      ] GC(57) Adjust Roots 1.160ms
[9.821s][info][gc,phases,start] GC(57) Compaction Phase
[9.828s][info][gc,phases      ] GC(57) Compaction Phase 6.478ms
[9.828s][info][gc,phases,start] GC(57) Post Compact
[9.828s][info][gc,phases      ] GC(57) Post Compact 0.252ms
[9.828s][info][gc,heap        ] GC(57) PSYoungGen: 64K(153088K)->0K(153088K) Eden: 0K(131584K)->0K(131584K) From: 64K(21504K)->0K(21504K)
[9.828s][info][gc,heap        ] GC(57) ParOldGen: 26296K(349696K)->26296K(349696K)
[9.828s][info][gc,metaspace   ] GC(57) Metaspace: 12021K(12224K)->12021K(12224K) NonClass: 10394K(10496K)->10394K(10496K) Class: 1627K(1728K)->1627K(1728K)
[9.828s][info][gc             ] GC(57) Pause Full (System.gc()) 25M->25M(491M) 28.446ms
[9.828s][info][gc,cpu         ] GC(57) User=0.20s Sys=0.00s Real=0.03s
[10.110s][info][gc,start       ] GC(58) Pause Young (System.gc())
[10.110s][info][gc,heap        ] GC(58) PSYoungGen: 126293K(153088K)->192K(153088K) Eden: 126293K(131584K)->0K(131584K) From: 0K(21504K)->192K(21504K)
[10.110s][info][gc,heap        ] GC(58) ParOldGen: 26296K(349696K)->26296K(349696K)
[10.110s][info][gc,metaspace   ] GC(58) Metaspace: 12023K(12224K)->12023K(12224K) NonClass: 10396K(10496K)->10396K(10496K) Class: 1627K(1728K)->1627K(1728K)
[10.110s][info][gc             ] GC(58) Pause Young (System.gc()) 149M->25M(491M) 0.470ms
[10.110s][info][gc,cpu         ] GC(58) User=0.00s Sys=0.00s Real=0.00s
[10.110s][info][gc,start       ] GC(59) Pause Full (System.gc())
[10.110s][info][gc,phases,start] GC(59) Marking Phase
[10.131s][info][gc,phases      ] GC(59) Marking Phase 20.742ms
[10.131s][info][gc,phases,start] GC(59) Summary Phase
[10.131s][info][gc,phases      ] GC(59) Summary Phase 0.020ms
[10.131s][info][gc,phases,start] GC(59) Adjust Roots
[10.133s][info][gc,phases      ] GC(59) Adjust Roots 1.741ms
[10.133s][info][gc,phases,start] GC(59) Compaction Phase
[10.137s][info][gc,phases      ] GC(59) Compaction Phase 4.259ms
[10.137s][info][gc,phases,start] GC(59) Post Compact
[10.137s][info][gc,phases      ] GC(59) Post Compact 0.225ms
[10.137s][info][gc,heap        ] GC(59) PSYoungGen: 192K(153088K)->0K(153088K) Eden: 0K(131584K)->0K(131584K) From: 192K(21504K)->0K(21504K)
[10.137s][info][gc,heap        ] GC(59) ParOldGen: 26296K(349696K)->26296K(349696K)
[10.137s][info][gc,metaspace   ] GC(59) Metaspace: 12023K(12224K)->12023K(12224K) NonClass: 10396K(10496K)->10396K(10496K) Class: 1627K(1728K)->1627K(1728K)
[10.137s][info][gc             ] GC(59) Pause Full (System.gc()) 25M->25M(491M) 27.283ms
[10.137s][info][gc,cpu         ] GC(59) User=0.17s Sys=0.00s Real=0.03s
[10.411s][info][gc,start       ] GC(60) Pause Young (System.gc())
[10.411s][info][gc,heap        ] GC(60) PSYoungGen: 126293K(153088K)->32K(153088K) Eden: 126293K(131584K)->0K(131584K) From: 0K(21504K)->32K(21504K)
[10.411s][info][gc,heap        ] GC(60) ParOldGen: 26296K(349696K)->26296K(349696K)
[10.411s][info][gc,metaspace   ] GC(60) Metaspace: 12030K(12224K)->12030K(12224K) NonClass: 10403K(10496K)->10403K(10496K) Class: 1627K(1728K)->1627K(1728K)
[10.411s][info][gc             ] GC(60) Pause Young (System.gc()) 149M->25M(491M) 0.424ms
[10.411s][info][gc,cpu         ] GC(60) User=0.00s Sys=0.00s Real=0.00s
[10.411s][info][gc,start       ] GC(61) Pause Full (System.gc())
[10.411s][info][gc,phases,start] GC(61) Marking Phase
[10.433s][info][gc,phases      ] GC(61) Marking Phase 21.338ms
[10.433s][info][gc,phases,start] GC(61) Summary Phase
[10.433s][info][gc,phases      ] GC(61) Summary Phase 0.032ms
[10.433s][info][gc,phases,start] GC(61) Adjust Roots
[10.435s][info][gc,phases      ] GC(61) Adjust Roots 1.784ms
[10.435s][info][gc,phases,start] GC(61) Compaction Phase
[10.441s][info][gc,phases      ] GC(61) Compaction Phase 6.531ms
[10.441s][info][gc,phases,start] GC(61) Post Compact
[10.442s][info][gc,phases      ] GC(61) Post Compact 0.278ms
[10.442s][info][gc,heap        ] GC(61) PSYoungGen: 32K(153088K)->0K(153088K) Eden: 0K(131584K)->0K(131584K) From: 32K(21504K)->0K(21504K)
[10.442s][info][gc,heap        ] GC(61) ParOldGen: 26296K(349696K)->26296K(349696K)
[10.442s][info][gc,metaspace   ] GC(61) Metaspace: 12030K(12224K)->12030K(12224K) NonClass: 10403K(10496K)->10403K(10496K) Class: 1627K(1728K)->1627K(1728K)
[10.442s][info][gc             ] GC(61) Pause Full (System.gc()) 25M->25M(491M) 30.331ms
[10.442s][info][gc,cpu         ] GC(61) User=0.34s Sys=0.00s Real=0.03s
[10.713s][info][gc,start       ] GC(62) Pause Young (System.gc())
[10.713s][info][gc,heap        ] GC(62) PSYoungGen: 126293K(153088K)->96K(153088K) Eden: 126293K(131584K)->0K(131584K) From: 0K(21504K)->96K(21504K)
[10.713s][info][gc,heap        ] GC(62) ParOldGen: 26296K(349696K)->26296K(349696K)
[10.713s][info][gc,metaspace   ] GC(62) Metaspace: 12035K(12224K)->12035K(12224K) NonClass: 10408K(10496K)->10408K(10496K) Class: 1627K(1728K)->1627K(1728K)
[10.713s][info][gc             ] GC(62) Pause Young (System.gc()) 149M->25M(491M) 0.493ms
[10.713s][info][gc,cpu         ] GC(62) User=0.00s Sys=0.00s Real=0.00s
[10.713s][info][gc,start       ] GC(63) Pause Full (System.gc())
[10.713s][info][gc,phases,start] GC(63) Marking Phase
[10.735s][info][gc,phases      ] GC(63) Marking Phase 21.489ms
[10.735s][info][gc,phases,start] GC(63) Summary Phase
[10.735s][info][gc,phases      ] GC(63) Summary Phase 0.033ms
[10.735s][info][gc,phases,start] GC(63) Adjust Roots
[10.736s][info][gc,phases      ] GC(63) Adjust Roots 1.222ms
[10.736s][info][gc,phases,start] GC(63) Compaction Phase
[10.740s][info][gc,phases      ] GC(63) Compaction Phase 4.279ms
[10.741s][info][gc,phases,start] GC(63) Post Compact
[10.741s][info][gc,phases      ] GC(63) Post Compact 0.244ms
[10.741s][info][gc,heap        ] GC(63) PSYoungGen: 96K(153088K)->0K(153088K) Eden: 0K(131584K)->0K(131584K) From: 96K(21504K)->0K(21504K)
[10.741s][info][gc,heap        ] GC(63) ParOldGen: 26296K(349696K)->26296K(349696K)
[10.741s][info][gc,metaspace   ] GC(63) Metaspace: 12035K(12224K)->12035K(12224K) NonClass: 10408K(10496K)->10408K(10496K) Class: 1627K(1728K)->1627K(1728K)
[10.741s][info][gc             ] GC(63) Pause Full (System.gc()) 25M->25M(491M) 27.617ms
[10.741s][info][gc,cpu         ] GC(63) User=0.19s Sys=0.00s Real=0.03s
[11.027s][info][gc,start       ] GC(64) Pause Young (System.gc())
[11.027s][info][gc,heap        ] GC(64) PSYoungGen: 126293K(153088K)->96K(153088K) Eden: 126293K(131584K)->0K(131584K) From: 0K(21504K)->96K(21504K)
[11.027s][info][gc,heap        ] GC(64) ParOldGen: 26296K(349696K)->26296K(349696K)
[11.027s][info][gc,metaspace   ] GC(64) Metaspace: 12035K(12224K)->12035K(12224K) NonClass: 10408K(10496K)->10408K(10496K) Class: 1627K(1728K)->1627K(1728K)
[11.027s][info][gc             ] GC(64) Pause Young (System.gc()) 149M->25M(491M) 0.440ms
[11.027s][info][gc,cpu         ] GC(64) User=0.00s Sys=0.00s Real=0.00s
[11.027s][info][gc,start       ] GC(65) Pause Full (System.gc())
[11.027s][info][gc,phases,start] GC(65) Marking Phase
[11.047s][info][gc,phases      ] GC(65) Marking Phase 20.343ms
[11.048s][info][gc,phases,start] GC(65) Summary Phase
[11.048s][info][gc,phases      ] GC(65) Summary Phase 0.032ms
[11.048s][info][gc,phases,start] GC(65) Adjust Roots
[11.050s][info][gc,phases      ] GC(65) Adjust Roots 1.901ms
[11.050s][info][gc,phases,start] GC(65) Compaction Phase
[11.057s][info][gc,phases      ] GC(65) Compaction Phase 7.367ms
[11.057s][info][gc,phases,start] GC(65) Post Compact
[11.057s][info][gc,phases      ] GC(65) Post Compact 0.288ms
[11.057s][info][gc,heap        ] GC(65) PSYoungGen: 96K(153088K)->0K(153088K) Eden: 0K(131584K)->0K(131584K) From: 96K(21504K)->0K(21504K)
[11.057s][info][gc,heap        ] GC(65) ParOldGen: 26296K(349696K)->26296K(349696K)
[11.057s][info][gc,metaspace   ] GC(65) Metaspace: 12035K(12224K)->12035K(12224K) NonClass: 10408K(10496K)->10408K(10496K) Class: 1627K(1728K)->1627K(1728K)
[11.057s][info][gc             ] GC(65) Pause Full (System.gc()) 25M->25M(491M) 30.312ms
[11.057s][info][gc,cpu         ] GC(65) User=0.19s Sys=0.00s Real=0.03s
[11.344s][info][gc,start       ] GC(66) Pause Young (System.gc())
[11.344s][info][gc,heap        ] GC(66) PSYoungGen: 126293K(153088K)->192K(153088K) Eden: 126293K(131584K)->0K(131584K) From: 0K(21504K)->192K(21504K)
[11.344s][info][gc,heap        ] GC(66) ParOldGen: 26296K(349696K)->26296K(349696K)
[11.344s][info][gc,metaspace   ] GC(66) Metaspace: 12035K(12224K)->12035K(12224K) NonClass: 10408K(10496K)->10408K(10496K) Class: 1627K(1728K)->1627K(1728K)
[11.344s][info][gc             ] GC(66) Pause Young (System.gc()) 149M->25M(491M) 0.452ms
[11.344s][info][gc,cpu         ] GC(66) User=0.00s Sys=0.00s Real=0.00s
[11.344s][info][gc,start       ] GC(67) Pause Full (System.gc())
[11.344s][info][gc,phases,start] GC(67) Marking Phase
[11.365s][info][gc,phases      ] GC(67) Marking Phase 20.186ms
[11.365s][info][gc,phases,start] GC(67) Summary Phase
[11.365s][info][gc,phases      ] GC(67) Summary Phase 0.036ms
[11.365s][info][gc,phases,start] GC(67) Adjust Roots
[11.367s][info][gc,phases      ] GC(67) Adjust Roots 2.003ms
[11.367s][info][gc,phases,start] GC(67) Compaction Phase
[11.371s][info][gc,phases      ] GC(67) Compaction Phase 4.444ms
[11.371s][info][gc,phases,start] GC(67) Post Compact
[11.371s][info][gc,phases      ] GC(67) Post Compact 0.278ms
[11.372s][info][gc,heap        ] GC(67) PSYoungGen: 192K(153088K)->0K(153088K) Eden: 0K(131584K)->0K(131584K) From: 192K(21504K)->0K(21504K)
[11.372s][info][gc,heap        ] GC(67) ParOldGen: 26296K(349696K)->26297K(349696K)
[11.372s][info][gc,metaspace   ] GC(67) Metaspace: 12035K(12224K)->12035K(12224K) NonClass: 10408K(10496K)->10408K(10496K) Class: 1627K(1728K)->1627K(1728K)
[11.372s][info][gc             ] GC(67) Pause Full (System.gc()) 25M->25M(491M) 27.323ms
[11.372s][info][gc,cpu         ] GC(67) User=0.17s Sys=0.00s Real=0.03s
[11.665s][info][gc,start       ] GC(68) Pause Young (System.gc())
[11.665s][info][gc,heap        ] GC(68) PSYoungGen: 126293K(153088K)->96K(153088K) Eden: 126293K(131584K)->0K(131584K) From: 0K(21504K)->96K(21504K)
[11.665s][info][gc,heap        ] GC(68) ParOldGen: 26297K(349696K)->26297K(349696K)
[11.665s][info][gc,metaspace   ] GC(68) Metaspace: 12036K(12224K)->12036K(12224K) NonClass: 10409K(10496K)->10409K(10496K) Class: 1627K(1728K)->1627K(1728K)
[11.665s][info][gc             ] GC(68) Pause Young (System.gc()) 149M->25M(491M) 0.463ms
[11.665s][info][gc,cpu         ] GC(68) User=0.00s Sys=0.00s Real=0.00s
[11.666s][info][gc,start       ] GC(69) Pause Full (System.gc())
[11.666s][info][gc,phases,start] GC(69) Marking Phase
[11.686s][info][gc,phases      ] GC(69) Marking Phase 20.265ms
[11.686s][info][gc,phases,start] GC(69) Summary Phase
[11.686s][info][gc,phases      ] GC(69) Summary Phase 0.021ms
[11.686s][info][gc,phases,start] GC(69) Adjust Roots
[11.688s][info][gc,phases      ] GC(69) Adjust Roots 2.004ms
[11.688s][info][gc,phases,start] GC(69) Compaction Phase
[11.693s][info][gc,phases      ] GC(69) Compaction Phase 4.893ms
[11.693s][info][gc,phases,start] GC(69) Post Compact
[11.693s][info][gc,phases      ] GC(69) Post Compact 0.242ms
[11.693s][info][gc,heap        ] GC(69) PSYoungGen: 96K(153088K)->0K(153088K) Eden: 0K(131584K)->0K(131584K) From: 96K(21504K)->0K(21504K)
[11.693s][info][gc,heap        ] GC(69) ParOldGen: 26297K(349696K)->26297K(349696K)
[11.693s][info][gc,metaspace   ] GC(69) Metaspace: 12036K(12224K)->12036K(12224K) NonClass: 10409K(10496K)->10409K(10496K) Class: 1627K(1728K)->1627K(1728K)
[11.693s][info][gc             ] GC(69) Pause Full (System.gc()) 25M->25M(491M) 27.726ms
[11.693s][info][gc,cpu         ] GC(69) User=0.19s Sys=0.00s Real=0.03s
[11.971s][info][gc,start       ] GC(70) Pause Young (System.gc())
[11.971s][info][gc,heap        ] GC(70) PSYoungGen: 126293K(153088K)->32K(153088K) Eden: 126293K(131584K)->0K(131584K) From: 0K(21504K)->32K(21504K)
[11.971s][info][gc,heap        ] GC(70) ParOldGen: 26297K(349696K)->26297K(349696K)
[11.971s][info][gc,metaspace   ] GC(70) Metaspace: 12036K(12224K)->12036K(12224K) NonClass: 10409K(10496K)->10409K(10496K) Class: 1627K(1728K)->1627K(1728K)
[11.971s][info][gc             ] GC(70) Pause Young (System.gc()) 149M->25M(491M) 0.446ms
[11.971s][info][gc,cpu         ] GC(70) User=0.00s Sys=0.00s Real=0.00s
[11.972s][info][gc,start       ] GC(71) Pause Full (System.gc())
[11.972s][info][gc,phases,start] GC(71) Marking Phase
[11.992s][info][gc,phases      ] GC(71) Marking Phase 20.200ms
[11.992s][info][gc,phases,start] GC(71) Summary Phase
[11.992s][info][gc,phases      ] GC(71) Summary Phase 0.033ms
[11.992s][info][gc,phases,start] GC(71) Adjust Roots
[11.994s][info][gc,phases      ] GC(71) Adjust Roots 1.901ms
[11.994s][info][gc,phases,start] GC(71) Compaction Phase
[12.001s][info][gc,phases      ] GC(71) Compaction Phase 7.436ms
[12.001s][info][gc,phases,start] GC(71) Post Compact
[12.002s][info][gc,phases      ] GC(71) Post Compact 0.271ms
[12.002s][info][gc,heap        ] GC(71) PSYoungGen: 32K(153088K)->0K(153088K) Eden: 0K(131584K)->0K(131584K) From: 32K(21504K)->0K(21504K)
[12.002s][info][gc,heap        ] GC(71) ParOldGen: 26297K(349696K)->26296K(349696K)
[12.002s][info][gc,metaspace   ] GC(71) Metaspace: 12036K(12224K)->12036K(12224K) NonClass: 10409K(10496K)->10409K(10496K) Class: 1627K(1728K)->1627K(1728K)
[12.002s][info][gc             ] GC(71) Pause Full (System.gc()) 25M->25M(491M) 30.227ms
[12.002s][info][gc,cpu         ] GC(71) User=0.20s Sys=0.00s Real=0.03s
[12.288s][info][gc,start       ] GC(72) Pause Young (System.gc())
[12.288s][info][gc,heap        ] GC(72) PSYoungGen: 126293K(153088K)->256K(153088K) Eden: 126293K(131584K)->0K(131584K) From: 0K(21504K)->256K(21504K)
[12.288s][info][gc,heap        ] GC(72) ParOldGen: 26296K(349696K)->26296K(349696K)
[12.288s][info][gc,metaspace   ] GC(72) Metaspace: 12039K(12288K)->12039K(12288K) NonClass: 10412K(10560K)->10412K(10560K) Class: 1627K(1728K)->1627K(1728K)
[12.288s][info][gc             ] GC(72) Pause Young (System.gc()) 149M->25M(491M) 0.483ms
[12.288s][info][gc,cpu         ] GC(72) User=0.00s Sys=0.00s Real=0.00s
[12.289s][info][gc,start       ] GC(73) Pause Full (System.gc())
[12.289s][info][gc,phases,start] GC(73) Marking Phase
[12.309s][info][gc,phases      ] GC(73) Marking Phase 20.779ms
[12.309s][info][gc,phases,start] GC(73) Summary Phase
[12.309s][info][gc,phases      ] GC(73) Summary Phase 0.017ms
[12.310s][info][gc,phases,start] GC(73) Adjust Roots
[12.311s][info][gc,phases      ] GC(73) Adjust Roots 1.698ms
[12.311s][info][gc,phases,start] GC(73) Compaction Phase
[12.316s][info][gc,phases      ] GC(73) Compaction Phase 4.249ms
[12.316s][info][gc,phases,start] GC(73) Post Compact
[12.316s][info][gc,phases      ] GC(73) Post Compact 0.222ms
[12.316s][info][gc,heap        ] GC(73) PSYoungGen: 256K(153088K)->0K(153088K) Eden: 0K(131584K)->0K(131584K) From: 256K(21504K)->0K(21504K)
[12.316s][info][gc,heap        ] GC(73) ParOldGen: 26296K(349696K)->26298K(349696K)
[12.316s][info][gc,metaspace   ] GC(73) Metaspace: 12039K(12288K)->12039K(12288K) NonClass: 10412K(10560K)->10412K(10560K) Class: 1627K(1728K)->1627K(1728K)
[12.316s][info][gc             ] GC(73) Pause Full (System.gc()) 25M->25M(491M) 27.290ms
[12.316s][info][gc,cpu         ] GC(73) User=0.19s Sys=0.00s Real=0.03s
[12.586s][info][gc,start       ] GC(74) Pause Young (System.gc())
[12.587s][info][gc,heap        ] GC(74) PSYoungGen: 126293K(153088K)->32K(153088K) Eden: 126293K(131584K)->0K(131584K) From: 0K(21504K)->32K(21504K)
[12.587s][info][gc,heap        ] GC(74) ParOldGen: 26298K(349696K)->26298K(349696K)
[12.587s][info][gc,metaspace   ] GC(74) Metaspace: 12039K(12288K)->12039K(12288K) NonClass: 10412K(10560K)->10412K(10560K) Class: 1627K(1728K)->1627K(1728K)
[12.587s][info][gc             ] GC(74) Pause Young (System.gc()) 149M->25M(491M) 0.459ms
[12.587s][info][gc,cpu         ] GC(74) User=0.00s Sys=0.00s Real=0.00s
[12.587s][info][gc,start       ] GC(75) Pause Full (System.gc())
[12.587s][info][gc,phases,start] GC(75) Marking Phase
[12.606s][info][gc,phases      ] GC(75) Marking Phase 19.040ms
[12.606s][info][gc,phases,start] GC(75) Summary Phase
[12.606s][info][gc,phases      ] GC(75) Summary Phase 0.022ms
[12.606s][info][gc,phases,start] GC(75) Adjust Roots
[12.607s][info][gc,phases      ] GC(75) Adjust Roots 1.199ms
[12.607s][info][gc,phases,start] GC(75) Compaction Phase
[12.614s][info][gc,phases      ] GC(75) Compaction Phase 6.749ms
[12.614s][info][gc,phases,start] GC(75) Post Compact
[12.614s][info][gc,phases      ] GC(75) Post Compact 0.262ms
[12.614s][info][gc,heap        ] GC(75) PSYoungGen: 32K(153088K)->0K(153088K) Eden: 0K(131584K)->0K(131584K) From: 32K(21504K)->0K(21504K)
[12.615s][info][gc,heap        ] GC(75) ParOldGen: 26298K(349696K)->26298K(349696K)
[12.615s][info][gc,metaspace   ] GC(75) Metaspace: 12039K(12288K)->12039K(12288K) NonClass: 10412K(10560K)->10412K(10560K) Class: 1627K(1728K)->1627K(1728K)
[12.615s][info][gc             ] GC(75) Pause Full (System.gc()) 25M->25M(491M) 27.571ms
[12.615s][info][gc,cpu         ] GC(75) User=0.34s Sys=0.00s Real=0.03s
[12.907s][info][gc,start       ] GC(76) Pause Young (System.gc())
[12.908s][info][gc,heap        ] GC(76) PSYoungGen: 126293K(153088K)->32K(153088K) Eden: 126293K(131584K)->0K(131584K) From: 0K(21504K)->32K(21504K)
[12.908s][info][gc,heap        ] GC(76) ParOldGen: 26298K(349696K)->26298K(349696K)
[12.908s][info][gc,metaspace   ] GC(76) Metaspace: 12039K(12288K)->12039K(12288K) NonClass: 10412K(10560K)->10412K(10560K) Class: 1627K(1728K)->1627K(1728K)
[12.908s][info][gc             ] GC(76) Pause Young (System.gc()) 149M->25M(491M) 0.429ms
[12.908s][info][gc,cpu         ] GC(76) User=0.00s Sys=0.00s Real=0.00s
[12.908s][info][gc,start       ] GC(77) Pause Full (System.gc())
[12.908s][info][gc,phases,start] GC(77) Marking Phase
[12.927s][info][gc,phases      ] GC(77) Marking Phase 19.390ms
[12.928s][info][gc,phases,start] GC(77) Summary Phase
[12.928s][info][gc,phases      ] GC(77) Summary Phase 0.033ms
[12.928s][info][gc,phases,start] GC(77) Adjust Roots
[12.929s][info][gc,phases      ] GC(77) Adjust Roots 1.233ms
[12.929s][info][gc,phases,start] GC(77) Compaction Phase
[12.936s][info][gc,phases      ] GC(77) Compaction Phase 7.391ms
[12.936s][info][gc,phases,start] GC(77) Post Compact
[12.937s][info][gc,phases      ] GC(77) Post Compact 0.287ms
[12.937s][info][gc,heap        ] GC(77) PSYoungGen: 32K(153088K)->0K(153088K) Eden: 0K(131584K)->0K(131584K) From: 32K(21504K)->0K(21504K)
[12.937s][info][gc,heap        ] GC(77) ParOldGen: 26298K(349696K)->26298K(349696K)
[12.937s][info][gc,metaspace   ] GC(77) Metaspace: 12039K(12288K)->12039K(12288K) NonClass: 10412K(10560K)->10412K(10560K) Class: 1627K(1728K)->1627K(1728K)
[12.937s][info][gc             ] GC(77) Pause Full (System.gc()) 25M->25M(491M) 28.707ms
[12.937s][info][gc,cpu         ] GC(77) User=0.20s Sys=0.00s Real=0.03s
[13.220s][info][gc,start       ] GC(78) Pause Young (System.gc())
[13.220s][info][gc,heap        ] GC(78) PSYoungGen: 126293K(153088K)->96K(153088K) Eden: 126293K(131584K)->0K(131584K) From: 0K(21504K)->96K(21504K)
[13.220s][info][gc,heap        ] GC(78) ParOldGen: 26298K(349696K)->26298K(349696K)
[13.220s][info][gc,metaspace   ] GC(78) Metaspace: 12040K(12288K)->12040K(12288K) NonClass: 10413K(10560K)->10413K(10560K) Class: 1627K(1728K)->1627K(1728K)
[13.220s][info][gc             ] GC(78) Pause Young (System.gc()) 149M->25M(491M) 0.498ms
[13.220s][info][gc,cpu         ] GC(78) User=0.00s Sys=0.00s Real=0.00s
[13.220s][info][gc,start       ] GC(79) Pause Full (System.gc())
[13.220s][info][gc,phases,start] GC(79) Marking Phase
[13.238s][info][gc,phases      ] GC(79) Marking Phase 17.950ms
[13.238s][info][gc,phases,start] GC(79) Summary Phase
[13.238s][info][gc,phases      ] GC(79) Summary Phase 0.020ms
[13.238s][info][gc,phases,start] GC(79) Adjust Roots
[13.240s][info][gc,phases      ] GC(79) Adjust Roots 1.177ms
[13.240s][info][gc,phases,start] GC(79) Compaction Phase
[13.246s][info][gc,phases      ] GC(79) Compaction Phase 6.223ms
[13.246s][info][gc,phases,start] GC(79) Post Compact
[13.246s][info][gc,phases      ] GC(79) Post Compact 0.279ms
[13.246s][info][gc,heap        ] GC(79) PSYoungGen: 96K(153088K)->0K(153088K) Eden: 0K(131584K)->0K(131584K) From: 96K(21504K)->0K(21504K)
[13.246s][info][gc,heap        ] GC(79) ParOldGen: 26298K(349696K)->26298K(349696K)
[13.246s][info][gc,metaspace   ] GC(79) Metaspace: 12040K(12288K)->12040K(12288K) NonClass: 10413K(10560K)->10413K(10560K) Class: 1627K(1728K)->1627K(1728K)
[13.246s][info][gc             ] GC(79) Pause Full (System.gc()) 25M->25M(491M) 26.032ms
[13.246s][info][gc,cpu         ] GC(79) User=0.17s Sys=0.00s Real=0.03s
[13.503s][info][gc,start       ] GC(80) Pause Young (System.gc())
[13.504s][info][gc,heap        ] GC(80) PSYoungGen: 126293K(153088K)->96K(153088K) Eden: 126293K(131584K)->0K(131584K) From: 0K(21504K)->96K(21504K)
[13.504s][info][gc,heap        ] GC(80) ParOldGen: 26298K(349696K)->26298K(349696K)
[13.504s][info][gc,metaspace   ] GC(80) Metaspace: 12043K(12288K)->12043K(12288K) NonClass: 10416K(10560K)->10416K(10560K) Class: 1627K(1728K)->1627K(1728K)
[13.504s][info][gc             ] GC(80) Pause Young (System.gc()) 149M->25M(491M) 0.443ms
[13.504s][info][gc,cpu         ] GC(80) User=0.00s Sys=0.00s Real=0.00s
[13.504s][info][gc,start       ] GC(81) Pause Full (System.gc())
[13.504s][info][gc,phases,start] GC(81) Marking Phase
[13.523s][info][gc,phases      ] GC(81) Marking Phase 18.827ms
[13.523s][info][gc,phases,start] GC(81) Summary Phase
[13.523s][info][gc,phases      ] GC(81) Summary Phase 0.032ms
[13.523s][info][gc,phases,start] GC(81) Adjust Roots
[13.524s][info][gc,phases      ] GC(81) Adjust Roots 1.194ms
[13.524s][info][gc,phases,start] GC(81) Compaction Phase
[13.532s][info][gc,phases      ] GC(81) Compaction Phase 7.887ms
[13.532s][info][gc,phases,start] GC(81) Post Compact
[13.532s][info][gc,phases      ] GC(81) Post Compact 0.277ms
[13.532s][info][gc,heap        ] GC(81) PSYoungGen: 96K(153088K)->0K(153088K) Eden: 0K(131584K)->0K(131584K) From: 96K(21504K)->0K(21504K)
[13.532s][info][gc,heap        ] GC(81) ParOldGen: 26298K(349696K)->26298K(349696K)
[13.532s][info][gc,metaspace   ] GC(81) Metaspace: 12043K(12288K)->12043K(12288K) NonClass: 10416K(10560K)->10416K(10560K) Class: 1627K(1728K)->1627K(1728K)
[13.532s][info][gc             ] GC(81) Pause Full (System.gc()) 25M->25M(491M) 28.567ms
[13.532s][info][gc,cpu         ] GC(81) User=0.17s Sys=0.00s Real=0.02s
[13.793s][info][gc,start       ] GC(82) Pause Young (System.gc())
[13.794s][info][gc,heap        ] GC(82) PSYoungGen: 126293K(153088K)->96K(153088K) Eden: 126293K(131584K)->0K(131584K) From: 0K(21504K)->96K(21504K)
[13.794s][info][gc,heap        ] GC(82) ParOldGen: 26298K(349696K)->26298K(349696K)
[13.794s][info][gc,metaspace   ] GC(82) Metaspace: 12043K(12288K)->12043K(12288K) NonClass: 10416K(10560K)->10416K(10560K) Class: 1627K(1728K)->1627K(1728K)
[13.794s][info][gc             ] GC(82) Pause Young (System.gc()) 149M->25M(491M) 0.426ms
[13.794s][info][gc,cpu         ] GC(82) User=0.00s Sys=0.00s Real=0.00s
[13.794s][info][gc,start       ] GC(83) Pause Full (System.gc())
[13.794s][info][gc,phases,start] GC(83) Marking Phase
[13.812s][info][gc,phases      ] GC(83) Marking Phase 17.934ms
[13.812s][info][gc,phases,start] GC(83) Summary Phase
[13.812s][info][gc,phases      ] GC(83) Summary Phase 0.031ms
[13.812s][info][gc,phases,start] GC(83) Adjust Roots
[13.814s][info][gc,phases      ] GC(83) Adjust Roots 1.864ms
[13.814s][info][gc,phases,start] GC(83) Compaction Phase
[13.821s][info][gc,phases      ] GC(83) Compaction Phase 7.469ms
[13.821s][info][gc,phases,start] GC(83) Post Compact
[13.822s][info][gc,phases      ] GC(83) Post Compact 0.261ms
[13.822s][info][gc,heap        ] GC(83) PSYoungGen: 96K(153088K)->0K(153088K) Eden: 0K(131584K)->0K(131584K) From: 96K(21504K)->0K(21504K)
[13.822s][info][gc,heap        ] GC(83) ParOldGen: 26298K(349696K)->26298K(349696K)
[13.822s][info][gc,metaspace   ] GC(83) Metaspace: 12043K(12288K)->12043K(12288K) NonClass: 10416K(10560K)->10416K(10560K) Class: 1627K(1728K)->1627K(1728K)
[13.822s][info][gc             ] GC(83) Pause Full (System.gc()) 25M->25M(491M) 27.914ms
[13.822s][info][gc,cpu         ] GC(83) User=0.34s Sys=0.00s Real=0.03s
[14.103s][info][gc,start       ] GC(84) Pause Young (System.gc())
[14.104s][info][gc,heap        ] GC(84) PSYoungGen: 126293K(153088K)->96K(153088K) Eden: 126293K(131584K)->0K(131584K) From: 0K(21504K)->96K(21504K)
[14.104s][info][gc,heap        ] GC(84) ParOldGen: 26298K(349696K)->26298K(349696K)
[14.104s][info][gc,metaspace   ] GC(84) Metaspace: 12051K(12288K)->12051K(12288K) NonClass: 10424K(10560K)->10424K(10560K) Class: 1627K(1728K)->1627K(1728K)
[14.104s][info][gc             ] GC(84) Pause Young (System.gc()) 149M->25M(491M) 0.440ms
[14.104s][info][gc,cpu         ] GC(84) User=0.00s Sys=0.00s Real=0.00s
[14.104s][info][gc,start       ] GC(85) Pause Full (System.gc())
[14.104s][info][gc,phases,start] GC(85) Marking Phase
[14.122s][info][gc,phases      ] GC(85) Marking Phase 17.927ms
[14.122s][info][gc,phases,start] GC(85) Summary Phase
[14.122s][info][gc,phases      ] GC(85) Summary Phase 0.020ms
[14.122s][info][gc,phases,start] GC(85) Adjust Roots
[14.124s][info][gc,phases      ] GC(85) Adjust Roots 1.887ms
[14.124s][info][gc,phases,start] GC(85) Compaction Phase
[14.130s][info][gc,phases      ] GC(85) Compaction Phase 6.545ms
[14.131s][info][gc,phases,start] GC(85) Post Compact
[14.131s][info][gc,phases      ] GC(85) Post Compact 0.259ms
[14.131s][info][gc,heap        ] GC(85) PSYoungGen: 96K(153088K)->0K(153088K) Eden: 0K(131584K)->0K(131584K) From: 96K(21504K)->0K(21504K)
[14.131s][info][gc,heap        ] GC(85) ParOldGen: 26298K(349696K)->26298K(349696K)
[14.131s][info][gc,metaspace   ] GC(85) Metaspace: 12051K(12288K)->12051K(12288K) NonClass: 10424K(10560K)->10424K(10560K) Class: 1627K(1728K)->1627K(1728K)
[14.131s][info][gc             ] GC(85) Pause Full (System.gc()) 25M->25M(491M) 26.967ms
[14.131s][info][gc,cpu         ] GC(85) User=0.19s Sys=0.00s Real=0.03s
[14.420s][info][gc,start       ] GC(86) Pause Young (System.gc())
[14.421s][info][gc,heap        ] GC(86) PSYoungGen: 126293K(153088K)->96K(153088K) Eden: 126293K(131584K)->0K(131584K) From: 0K(21504K)->96K(21504K)
[14.421s][info][gc,heap        ] GC(86) ParOldGen: 26298K(349696K)->26298K(349696K)
[14.421s][info][gc,metaspace   ] GC(86) Metaspace: 12054K(12288K)->12054K(12288K) NonClass: 10427K(10560K)->10427K(10560K) Class: 1627K(1728K)->1627K(1728K)
[14.421s][info][gc             ] GC(86) Pause Young (System.gc()) 149M->25M(491M) 0.453ms
[14.421s][info][gc,cpu         ] GC(86) User=0.00s Sys=0.02s Real=0.00s
[14.421s][info][gc,start       ] GC(87) Pause Full (System.gc())
[14.421s][info][gc,phases,start] GC(87) Marking Phase
[14.440s][info][gc,phases      ] GC(87) Marking Phase 19.154ms
[14.440s][info][gc,phases,start] GC(87) Summary Phase
[14.440s][info][gc,phases      ] GC(87) Summary Phase 0.032ms
[14.440s][info][gc,phases,start] GC(87) Adjust Roots
[14.442s][info][gc,phases      ] GC(87) Adjust Roots 1.259ms
[14.442s][info][gc,phases,start] GC(87) Compaction Phase
[14.446s][info][gc,phases      ] GC(87) Compaction Phase 4.708ms
[14.446s][info][gc,phases,start] GC(87) Post Compact
[14.447s][info][gc,phases      ] GC(87) Post Compact 0.283ms
[14.447s][info][gc,heap        ] GC(87) PSYoungGen: 96K(153088K)->0K(153088K) Eden: 0K(131584K)->0K(131584K) From: 96K(21504K)->0K(21504K)
[14.447s][info][gc,heap        ] GC(87) ParOldGen: 26298K(349696K)->26298K(349696K)
[14.447s][info][gc,metaspace   ] GC(87) Metaspace: 12054K(12288K)->12054K(12288K) NonClass: 10427K(10560K)->10427K(10560K) Class: 1627K(1728K)->1627K(1728K)
[14.447s][info][gc             ] GC(87) Pause Full (System.gc()) 25M->25M(491M) 25.839ms
[14.447s][info][gc,cpu         ] GC(87) User=0.17s Sys=0.00s Real=0.03s
[14.706s][info][gc,start       ] GC(88) Pause Young (System.gc())
[14.706s][info][gc,heap        ] GC(88) PSYoungGen: 126293K(153088K)->96K(153088K) Eden: 126293K(131584K)->0K(131584K) From: 0K(21504K)->96K(21504K)
[14.706s][info][gc,heap        ] GC(88) ParOldGen: 26298K(349696K)->26298K(349696K)
[14.706s][info][gc,metaspace   ] GC(88) Metaspace: 12054K(12288K)->12054K(12288K) NonClass: 10427K(10560K)->10427K(10560K) Class: 1627K(1728K)->1627K(1728K)
[14.706s][info][gc             ] GC(88) Pause Young (System.gc()) 149M->25M(491M) 0.440ms
[14.706s][info][gc,cpu         ] GC(88) User=0.00s Sys=0.00s Real=0.00s
[14.706s][info][gc,start       ] GC(89) Pause Full (System.gc())
[14.706s][info][gc,phases,start] GC(89) Marking Phase
[14.726s][info][gc,phases      ] GC(89) Marking Phase 20.171ms
[14.727s][info][gc,phases,start] GC(89) Summary Phase
[14.727s][info][gc,phases      ] GC(89) Summary Phase 0.030ms
[14.727s][info][gc,phases,start] GC(89) Adjust Roots
[14.728s][info][gc,phases      ] GC(89) Adjust Roots 1.205ms
[14.728s][info][gc,phases,start] GC(89) Compaction Phase
[14.735s][info][gc,phases      ] GC(89) Compaction Phase 6.968ms
[14.735s][info][gc,phases,start] GC(89) Post Compact
[14.735s][info][gc,phases      ] GC(89) Post Compact 0.253ms
[14.735s][info][gc,heap        ] GC(89) PSYoungGen: 96K(153088K)->0K(153088K) Eden: 0K(131584K)->0K(131584K) From: 96K(21504K)->0K(21504K)
[14.735s][info][gc,heap        ] GC(89) ParOldGen: 26298K(349696K)->26298K(349696K)
[14.735s][info][gc,metaspace   ] GC(89) Metaspace: 12054K(12288K)->12054K(12288K) NonClass: 10427K(10560K)->10427K(10560K) Class: 1627K(1728K)->1627K(1728K)
[14.735s][info][gc             ] GC(89) Pause Full (System.gc()) 25M->25M(491M) 28.976ms
[14.735s][info][gc,cpu         ] GC(89) User=0.34s Sys=0.00s Real=0.03s
[14.995s][info][gc,start       ] GC(90) Pause Young (System.gc())
[14.995s][info][gc,heap        ] GC(90) PSYoungGen: 126293K(153088K)->96K(153088K) Eden: 126293K(131584K)->0K(131584K) From: 0K(21504K)->96K(21504K)
[14.995s][info][gc,heap        ] GC(90) ParOldGen: 26298K(349696K)->26298K(349696K)
[14.995s][info][gc,metaspace   ] GC(90) Metaspace: 12054K(12288K)->12054K(12288K) NonClass: 10427K(10560K)->10427K(10560K) Class: 1627K(1728K)->1627K(1728K)
[14.995s][info][gc             ] GC(90) Pause Young (System.gc()) 149M->25M(491M) 0.432ms
[14.995s][info][gc,cpu         ] GC(90) User=0.00s Sys=0.00s Real=0.00s
[14.995s][info][gc,start       ] GC(91) Pause Full (System.gc())
[14.995s][info][gc,phases,start] GC(91) Marking Phase
[15.017s][info][gc,phases      ] GC(91) Marking Phase 21.605ms
[15.017s][info][gc,phases,start] GC(91) Summary Phase
[15.017s][info][gc,phases      ] GC(91) Summary Phase 0.033ms
[15.017s][info][gc,phases,start] GC(91) Adjust Roots
[15.019s][info][gc,phases      ] GC(91) Adjust Roots 1.931ms
[15.019s][info][gc,phases,start] GC(91) Compaction Phase
[15.028s][info][gc,phases      ] GC(91) Compaction Phase 8.904ms
[15.028s][info][gc,phases,start] GC(91) Post Compact
[15.028s][info][gc,phases      ] GC(91) Post Compact 0.286ms
[15.028s][info][gc,heap        ] GC(91) PSYoungGen: 96K(153088K)->0K(153088K) Eden: 0K(131584K)->0K(131584K) From: 96K(21504K)->0K(21504K)
[15.028s][info][gc,heap        ] GC(91) ParOldGen: 26298K(349696K)->26298K(349696K)
[15.028s][info][gc,metaspace   ] GC(91) Metaspace: 12054K(12288K)->12054K(12288K) NonClass: 10427K(10560K)->10427K(10560K) Class: 1627K(1728K)->1627K(1728K)
[15.028s][info][gc             ] GC(91) Pause Full (System.gc()) 25M->25M(491M) 33.130ms
[15.028s][info][gc,cpu         ] GC(91) User=0.19s Sys=0.00s Real=0.04s
[15.290s][info][gc,start       ] GC(92) Pause Young (System.gc())
[15.290s][info][gc,heap        ] GC(92) PSYoungGen: 126293K(153088K)->96K(153088K) Eden: 126293K(131584K)->0K(131584K) From: 0K(21504K)->96K(21504K)
[15.290s][info][gc,heap        ] GC(92) ParOldGen: 26298K(349696K)->26298K(349696K)
[15.290s][info][gc,metaspace   ] GC(92) Metaspace: 12054K(12288K)->12054K(12288K) NonClass: 10427K(10560K)->10427K(10560K) Class: 1627K(1728K)->1627K(1728K)
[15.290s][info][gc             ] GC(92) Pause Young (System.gc()) 149M->25M(491M) 0.441ms
[15.290s][info][gc,cpu         ] GC(92) User=0.00s Sys=0.00s Real=0.00s
[15.290s][info][gc,start       ] GC(93) Pause Full (System.gc())
[15.290s][info][gc,phases,start] GC(93) Marking Phase
[15.309s][info][gc,phases      ] GC(93) Marking Phase 18.497ms
[15.309s][info][gc,phases,start] GC(93) Summary Phase
[15.309s][info][gc,phases      ] GC(93) Summary Phase 0.021ms
[15.309s][info][gc,phases,start] GC(93) Adjust Roots
[15.311s][info][gc,phases      ] GC(93) Adjust Roots 1.895ms
[15.311s][info][gc,phases,start] GC(93) Compaction Phase
[15.320s][info][gc,phases      ] GC(93) Compaction Phase 8.835ms
[15.320s][info][gc,phases,start] GC(93) Post Compact
[15.320s][info][gc,phases      ] GC(93) Post Compact 0.253ms
[15.320s][info][gc,heap        ] GC(93) PSYoungGen: 96K(153088K)->0K(153088K) Eden: 0K(131584K)->0K(131584K) From: 96K(21504K)->0K(21504K)
[15.320s][info][gc,heap        ] GC(93) ParOldGen: 26298K(349696K)->26298K(349696K)
[15.320s][info][gc,metaspace   ] GC(93) Metaspace: 12054K(12288K)->12054K(12288K) NonClass: 10427K(10560K)->10427K(10560K) Class: 1627K(1728K)->1627K(1728K)
[15.320s][info][gc             ] GC(93) Pause Full (System.gc()) 25M->25M(491M) 29.826ms
[15.320s][info][gc,cpu         ] GC(93) User=0.19s Sys=0.00s Real=0.03s
[15.580s][info][gc,start       ] GC(94) Pause Young (System.gc())
[15.580s][info][gc,heap        ] GC(94) PSYoungGen: 126293K(153088K)->96K(153088K) Eden: 126293K(131584K)->0K(131584K) From: 0K(21504K)->96K(21504K)
[15.580s][info][gc,heap        ] GC(94) ParOldGen: 26298K(349696K)->26298K(349696K)
[15.580s][info][gc,metaspace   ] GC(94) Metaspace: 12054K(12288K)->12054K(12288K) NonClass: 10427K(10560K)->10427K(10560K) Class: 1627K(1728K)->1627K(1728K)
[15.580s][info][gc             ] GC(94) Pause Young (System.gc()) 149M->25M(491M) 0.454ms
[15.580s][info][gc,cpu         ] GC(94) User=0.00s Sys=0.00s Real=0.00s
[15.580s][info][gc,start       ] GC(95) Pause Full (System.gc())
[15.580s][info][gc,phases,start] GC(95) Marking Phase
[15.601s][info][gc,phases      ] GC(95) Marking Phase 20.393ms
[15.601s][info][gc,phases,start] GC(95) Summary Phase
[15.601s][info][gc,phases      ] GC(95) Summary Phase 0.032ms
[15.601s][info][gc,phases,start] GC(95) Adjust Roots
[15.603s][info][gc,phases      ] GC(95) Adjust Roots 1.894ms
[15.603s][info][gc,phases,start] GC(95) Compaction Phase
[15.610s][info][gc,phases      ] GC(95) Compaction Phase 7.389ms
[15.610s][info][gc,phases,start] GC(95) Post Compact
[15.610s][info][gc,phases      ] GC(95) Post Compact 0.276ms
[15.611s][info][gc,heap        ] GC(95) PSYoungGen: 96K(153088K)->0K(153088K) Eden: 0K(131584K)->0K(131584K) From: 96K(21504K)->0K(21504K)
[15.611s][info][gc,heap        ] GC(95) ParOldGen: 26298K(349696K)->26298K(349696K)
[15.611s][info][gc,metaspace   ] GC(95) Metaspace: 12054K(12288K)->12054K(12288K) NonClass: 10427K(10560K)->10427K(10560K) Class: 1627K(1728K)->1627K(1728K)
[15.611s][info][gc             ] GC(95) Pause Full (System.gc()) 25M->25M(491M) 30.322ms
[15.611s][info][gc,cpu         ] GC(95) User=0.20s Sys=0.00s Real=0.03s
[15.876s][info][gc,start       ] GC(96) Pause Young (System.gc())
[15.876s][info][gc,heap        ] GC(96) PSYoungGen: 126293K(153088K)->96K(153088K) Eden: 126293K(131584K)->0K(131584K) From: 0K(21504K)->96K(21504K)
[15.876s][info][gc,heap        ] GC(96) ParOldGen: 26298K(349696K)->26298K(349696K)
[15.876s][info][gc,metaspace   ] GC(96) Metaspace: 12054K(12288K)->12054K(12288K) NonClass: 10427K(10560K)->10427K(10560K) Class: 1627K(1728K)->1627K(1728K)
[15.876s][info][gc             ] GC(96) Pause Young (System.gc()) 149M->25M(491M) 0.450ms
[15.876s][info][gc,cpu         ] GC(96) User=0.00s Sys=0.00s Real=0.00s
[15.876s][info][gc,start       ] GC(97) Pause Full (System.gc())
[15.876s][info][gc,phases,start] GC(97) Marking Phase
[15.897s][info][gc,phases      ] GC(97) Marking Phase 20.666ms
[15.897s][info][gc,phases,start] GC(97) Summary Phase
[15.897s][info][gc,phases      ] GC(97) Summary Phase 0.032ms
[15.897s][info][gc,phases,start] GC(97) Adjust Roots
[15.899s][info][gc,phases      ] GC(97) Adjust Roots 1.905ms
[15.899s][info][gc,phases,start] GC(97) Compaction Phase
[15.905s][info][gc,phases      ] GC(97) Compaction Phase 6.265ms
[15.905s][info][gc,phases,start] GC(97) Post Compact
[15.906s][info][gc,phases      ] GC(97) Post Compact 0.277ms
[15.906s][info][gc,heap        ] GC(97) PSYoungGen: 96K(153088K)->0K(153088K) Eden: 0K(131584K)->0K(131584K) From: 96K(21504K)->0K(21504K)
[15.906s][info][gc,heap        ] GC(97) ParOldGen: 26298K(349696K)->26298K(349696K)
[15.906s][info][gc,metaspace   ] GC(97) Metaspace: 12054K(12288K)->12054K(12288K) NonClass: 10427K(10560K)->10427K(10560K) Class: 1627K(1728K)->1627K(1728K)
[15.906s][info][gc             ] GC(97) Pause Full (System.gc()) 25M->25M(491M) 29.489ms
[15.906s][info][gc,cpu         ] GC(97) User=0.20s Sys=0.00s Real=0.03s
[16.166s][info][gc,start       ] GC(98) Pause Young (System.gc())
[16.167s][info][gc,heap        ] GC(98) PSYoungGen: 126293K(153088K)->32K(153088K) Eden: 126293K(131584K)->0K(131584K) From: 0K(21504K)->32K(21504K)
[16.167s][info][gc,heap        ] GC(98) ParOldGen: 26298K(349696K)->26298K(349696K)
[16.167s][info][gc,metaspace   ] GC(98) Metaspace: 12069K(12288K)->12069K(12288K) NonClass: 10442K(10560K)->10442K(10560K) Class: 1627K(1728K)->1627K(1728K)
[16.167s][info][gc             ] GC(98) Pause Young (System.gc()) 149M->25M(491M) 0.458ms
[16.167s][info][gc,cpu         ] GC(98) User=0.00s Sys=0.00s Real=0.00s
[16.167s][info][gc,start       ] GC(99) Pause Full (System.gc())
[16.167s][info][gc,phases,start] GC(99) Marking Phase
[16.185s][info][gc,phases      ] GC(99) Marking Phase 18.295ms
[16.185s][info][gc,phases,start] GC(99) Summary Phase
[16.185s][info][gc,phases      ] GC(99) Summary Phase 0.033ms
[16.185s][info][gc,phases,start] GC(99) Adjust Roots
[16.187s][info][gc,phases      ] GC(99) Adjust Roots 1.909ms
[16.187s][info][gc,phases,start] GC(99) Compaction Phase
[16.195s][info][gc,phases      ] GC(99) Compaction Phase 7.899ms
[16.195s][info][gc,phases,start] GC(99) Post Compact
[16.195s][info][gc,phases      ] GC(99) Post Compact 0.278ms
[16.195s][info][gc,heap        ] GC(99) PSYoungGen: 32K(153088K)->0K(153088K) Eden: 0K(131584K)->0K(131584K) From: 32K(21504K)->0K(21504K)
[16.196s][info][gc,heap        ] GC(99) ParOldGen: 26298K(349696K)->26298K(349696K)
[16.196s][info][gc,metaspace   ] GC(99) Metaspace: 12069K(12288K)->12069K(12288K) NonClass: 10442K(10560K)->10442K(10560K) Class: 1627K(1728K)->1627K(1728K)
[16.196s][info][gc             ] GC(99) Pause Full (System.gc()) 25M->25M(491M) 28.776ms
[16.196s][info][gc,cpu         ] GC(99) User=0.19s Sys=0.00s Real=0.03s
[16.474s][info][gc,start       ] GC(100) Pause Young (Allocation Failure)
[16.474s][info][gc,heap        ] GC(100) PSYoungGen: 131584K(153088K)->192K(153088K) Eden: 131584K(131584K)->0K(131584K) From: 0K(21504K)->192K(21504K)
[16.474s][info][gc,heap        ] GC(100) ParOldGen: 26298K(349696K)->26298K(349696K)
[16.474s][info][gc,metaspace   ] GC(100) Metaspace: 12071K(12288K)->12071K(12288K) NonClass: 10444K(10560K)->10444K(10560K) Class: 1627K(1728K)->1627K(1728K)
[16.474s][info][gc             ] GC(100) Pause Young (Allocation Failure) 154M->25M(491M) 0.668ms
[16.474s][info][gc,cpu         ] GC(100) User=0.00s Sys=0.00s Real=0.00s
[16.479s][info][gc,heap,exit   ] Heap
[16.479s][info][gc,heap,exit   ]  PSYoungGen      total 153088K, used 5455K [0x00000000f5580000, 0x0000000100000000, 0x0000000100000000)
[16.479s][info][gc,heap,exit   ]   eden space 131584K, 4% used [0x00000000f5580000,0x00000000f5aa3ed8,0x00000000fd600000)
[16.479s][info][gc,heap,exit   ]   from space 21504K, 0% used [0x00000000fd600000,0x00000000fd630000,0x00000000feb00000)
[16.479s][info][gc,heap,exit   ]   to   space 21504K, 0% used [0x00000000feb00000,0x00000000feb00000,0x0000000100000000)
[16.479s][info][gc,heap,exit   ]  ParOldGen       total 349696K, used 26298K [0x00000000e0000000, 0x00000000f5580000, 0x00000000f5580000)
[16.479s][info][gc,heap,exit   ]   object space 349696K, 7% used [0x00000000e0000000,0x00000000e19aeb00,0x00000000f5580000)
[16.479s][info][gc,heap,exit   ]  Metaspace       used 12133K, committed 12352K, reserved 1114112K
[16.479s][info][gc,heap,exit   ]   class space    used 1636K, committed 1728K, reserved 1048576K
