[0.015s][info][gc,init] CardTable entry size: 512
[0.016s][info][gc     ] Using Parallel
[0.022s][info][gc,init] Version: 20+36-2344 (release)
[0.022s][info][gc,init] CPUs: 48 total, 48 available
[0.022s][info][gc,init] Memory: 382G
[0.022s][info][gc,init] Large Page Support: Disabled
[0.022s][info][gc,init] NUMA Support: Disabled
[0.022s][info][gc,init] Compressed Oops: Enabled (32-bit)
[0.022s][info][gc,init] Alignments: Space 512K, Generation 512K, Heap 2M
[0.022s][info][gc,init] Heap Min Capacity: 8M
[0.022s][info][gc,init] Heap Initial Capacity: 1G
[0.042s][info][gc,init] Heap Max Capacity: 1G
[0.042s][info][gc,init] Pre-touch: Disabled
[0.042s][info][gc,init] Parallel Workers: 33
[0.044s][info][gc,metaspace] CDS archive(s) mapped at: [0x0000000800000000-0x0000000800c60000-0x0000000800c60000), size 12976128, SharedBaseAddress: 0x0000000800000000, ArchiveRelocationMode: 0.
[0.044s][info][gc,metaspace] Compressed class space mapped at: 0x0000000801000000-0x0000000841000000, reserved size: 1073741824
[0.044s][info][gc,metaspace] Narrow klass base: 0x0000000800000000, Narrow klass shift: 0, Narrow klass range: 0x100000000
[1.133s][info][gc,start    ] GC(0) Pause Young (System.gc())
[1.148s][info][gc,heap     ] GC(0) PSYoungGen: 105131K(305664K)->26692K(305664K) Eden: 105131K(262144K)->0K(262144K) From: 0K(43520K)->26692K(43520K)
[1.148s][info][gc,heap     ] GC(0) ParOldGen: 0K(699392K)->16K(699392K)
[1.149s][info][gc,metaspace] GC(0) Metaspace: 11484K(11712K)->11484K(11712K) NonClass: 9922K(10048K)->9922K(10048K) Class: 1562K(1664K)->1562K(1664K)
[1.149s][info][gc          ] GC(0) Pause Young (System.gc()) 102M->26M(981M) 15.517ms
[1.149s][info][gc,cpu      ] GC(0) User=0.17s Sys=0.19s Real=0.01s
[1.149s][info][gc,start    ] GC(1) Pause Full (System.gc())
[1.149s][info][gc,phases,start] GC(1) Marking Phase
[1.161s][info][gc,phases      ] GC(1) Marking Phase 12.762ms
[1.162s][info][gc,phases,start] GC(1) Summary Phase
[1.162s][info][gc,phases      ] GC(1) Summary Phase 0.015ms
[1.162s][info][gc,phases,start] GC(1) Adjust Roots
[1.164s][info][gc,phases      ] GC(1) Adjust Roots 2.102ms
[1.164s][info][gc,phases,start] GC(1) Compaction Phase
[1.170s][info][gc,phases      ] GC(1) Compaction Phase 6.750ms
[1.170s][info][gc,phases,start] GC(1) Post Compact
[1.172s][info][gc,phases      ] GC(1) Post Compact 1.205ms
[1.172s][info][gc,heap        ] GC(1) PSYoungGen: 26692K(305664K)->0K(305664K) Eden: 0K(262144K)->0K(262144K) From: 26692K(43520K)->0K(43520K)
[1.172s][info][gc,heap        ] GC(1) ParOldGen: 16K(699392K)->26237K(699392K)
[1.172s][info][gc,metaspace   ] GC(1) Metaspace: 11484K(11712K)->11484K(11712K) NonClass: 9922K(10048K)->9922K(10048K) Class: 1562K(1664K)->1562K(1664K)
[1.172s][info][gc             ] GC(1) Pause Full (System.gc()) 26M->25M(981M) 23.048ms
[1.172s][info][gc,cpu         ] GC(1) User=0.67s Sys=0.05s Real=0.03s
[1.556s][info][gc,start       ] GC(2) Pause Young (System.gc())
[1.556s][info][gc,heap        ] GC(2) PSYoungGen: 47186K(305664K)->704K(305664K) Eden: 47186K(262144K)->0K(262144K) From: 0K(43520K)->704K(43520K)
[1.556s][info][gc,heap        ] GC(2) ParOldGen: 26237K(699392K)->26245K(699392K)
[1.556s][info][gc,metaspace   ] GC(2) Metaspace: 11858K(12096K)->11858K(12096K) NonClass: 10233K(10368K)->10233K(10368K) Class: 1624K(1728K)->1624K(1728K)
[1.556s][info][gc             ] GC(2) Pause Young (System.gc()) 71M->26M(981M) 0.514ms
[1.556s][info][gc,cpu         ] GC(2) User=0.00s Sys=0.00s Real=0.00s
[1.557s][info][gc,start       ] GC(3) Pause Full (System.gc())
[1.557s][info][gc,phases,start] GC(3) Marking Phase
[1.575s][info][gc,phases      ] GC(3) Marking Phase 18.102ms
[1.575s][info][gc,phases,start] GC(3) Summary Phase
[1.575s][info][gc,phases      ] GC(3) Summary Phase 0.013ms
[1.575s][info][gc,phases,start] GC(3) Adjust Roots
[1.577s][info][gc,phases      ] GC(3) Adjust Roots 2.024ms
[1.577s][info][gc,phases,start] GC(3) Compaction Phase
[1.584s][info][gc,phases      ] GC(3) Compaction Phase 6.921ms
[1.608s][info][gc,phases,start] GC(3) Post Compact
[1.608s][info][gc,phases      ] GC(3) Post Compact 0.581ms
[1.609s][info][gc,heap        ] GC(3) PSYoungGen: 704K(305664K)->0K(305664K) Eden: 0K(262144K)->0K(262144K) From: 704K(43520K)->0K(43520K)
[1.609s][info][gc,heap        ] GC(3) ParOldGen: 26245K(699392K)->26295K(699392K)
[1.609s][info][gc,metaspace   ] GC(3) Metaspace: 11858K(12096K)->11858K(12096K) NonClass: 10233K(10368K)->10233K(10368K) Class: 1624K(1728K)->1624K(1728K)
[1.609s][info][gc             ] GC(3) Pause Full (System.gc()) 26M->25M(981M) 52.040ms
[1.609s][info][gc,cpu         ] GC(3) User=0.59s Sys=0.02s Real=0.05s
[1.856s][info][gc,start       ] GC(4) Pause Young (System.gc())
[1.856s][info][gc,heap        ] GC(4) PSYoungGen: 41943K(305664K)->128K(305664K) Eden: 41943K(262144K)->0K(262144K) From: 0K(43520K)->128K(43520K)
[1.856s][info][gc,heap        ] GC(4) ParOldGen: 26295K(699392K)->26303K(699392K)
[1.856s][info][gc,metaspace   ] GC(4) Metaspace: 11860K(12096K)->11860K(12096K) NonClass: 10236K(10368K)->10236K(10368K) Class: 1624K(1728K)->1624K(1728K)
[1.856s][info][gc             ] GC(4) Pause Young (System.gc()) 66M->25M(981M) 0.493ms
[1.856s][info][gc,cpu         ] GC(4) User=0.00s Sys=0.00s Real=0.00s
[1.856s][info][gc,start       ] GC(5) Pause Full (System.gc())
[1.857s][info][gc,phases,start] GC(5) Marking Phase
[1.874s][info][gc,phases      ] GC(5) Marking Phase 17.590ms
[1.874s][info][gc,phases,start] GC(5) Summary Phase
[1.874s][info][gc,phases      ] GC(5) Summary Phase 0.020ms
[1.874s][info][gc,phases,start] GC(5) Adjust Roots
[1.875s][info][gc,phases      ] GC(5) Adjust Roots 1.003ms
[1.875s][info][gc,phases,start] GC(5) Compaction Phase
[1.880s][info][gc,phases      ] GC(5) Compaction Phase 4.565ms
[1.880s][info][gc,phases,start] GC(5) Post Compact
[1.880s][info][gc,phases      ] GC(5) Post Compact 0.331ms
[1.880s][info][gc,heap        ] GC(5) PSYoungGen: 128K(305664K)->0K(305664K) Eden: 0K(262144K)->0K(262144K) From: 128K(43520K)->0K(43520K)
[1.880s][info][gc,heap        ] GC(5) ParOldGen: 26303K(699392K)->26294K(699392K)
[1.880s][info][gc,metaspace   ] GC(5) Metaspace: 11860K(12096K)->11860K(12096K) NonClass: 10236K(10368K)->10236K(10368K) Class: 1624K(1728K)->1624K(1728K)
[1.880s][info][gc             ] GC(5) Pause Full (System.gc()) 25M->25M(981M) 23.805ms
[1.880s][info][gc,cpu         ] GC(5) User=0.39s Sys=0.00s Real=0.03s
[2.133s][info][gc,start       ] GC(6) Pause Young (System.gc())
[2.134s][info][gc,heap        ] GC(6) PSYoungGen: 68157K(305664K)->128K(305664K) Eden: 68157K(262144K)->0K(262144K) From: 0K(43520K)->128K(43520K)
[2.134s][info][gc,heap        ] GC(6) ParOldGen: 26294K(699392K)->26302K(699392K)
[2.134s][info][gc,metaspace   ] GC(6) Metaspace: 11883K(12096K)->11883K(12096K) NonClass: 10258K(10368K)->10258K(10368K) Class: 1624K(1728K)->1624K(1728K)
[2.134s][info][gc             ] GC(6) Pause Young (System.gc()) 92M->25M(981M) 0.498ms
[2.134s][info][gc,cpu         ] GC(6) User=0.00s Sys=0.00s Real=0.00s
[2.134s][info][gc,start       ] GC(7) Pause Full (System.gc())
[2.134s][info][gc,phases,start] GC(7) Marking Phase
[2.153s][info][gc,phases      ] GC(7) Marking Phase 18.948ms
[2.153s][info][gc,phases,start] GC(7) Summary Phase
[2.153s][info][gc,phases      ] GC(7) Summary Phase 0.021ms
[2.153s][info][gc,phases,start] GC(7) Adjust Roots
[2.155s][info][gc,phases      ] GC(7) Adjust Roots 1.967ms
[2.155s][info][gc,phases,start] GC(7) Compaction Phase
[2.158s][info][gc,phases      ] GC(7) Compaction Phase 3.467ms
[2.158s][info][gc,phases,start] GC(7) Post Compact
[2.159s][info][gc,phases      ] GC(7) Post Compact 0.335ms
[2.159s][info][gc,heap        ] GC(7) PSYoungGen: 128K(305664K)->0K(305664K) Eden: 0K(262144K)->0K(262144K) From: 128K(43520K)->0K(43520K)
[2.159s][info][gc,heap        ] GC(7) ParOldGen: 26302K(699392K)->26294K(699392K)
[2.159s][info][gc,metaspace   ] GC(7) Metaspace: 11883K(12096K)->11883K(12096K) NonClass: 10258K(10368K)->10258K(10368K) Class: 1624K(1728K)->1624K(1728K)
[2.159s][info][gc             ] GC(7) Pause Full (System.gc()) 25M->25M(981M) 25.008ms
[2.159s][info][gc,cpu         ] GC(7) User=0.38s Sys=0.00s Real=0.03s
[2.430s][info][gc,start       ] GC(8) Pause Young (System.gc())
[2.430s][info][gc,heap        ] GC(8) PSYoungGen: 125829K(305664K)->256K(305664K) Eden: 125829K(262144K)->0K(262144K) From: 0K(43520K)->256K(43520K)
[2.430s][info][gc,heap        ] GC(8) ParOldGen: 26294K(699392K)->26294K(699392K)
[2.430s][info][gc,metaspace   ] GC(8) Metaspace: 11932K(12160K)->11932K(12160K) NonClass: 10307K(10432K)->10307K(10432K) Class: 1625K(1728K)->1625K(1728K)
[2.430s][info][gc             ] GC(8) Pause Young (System.gc()) 148M->25M(981M) 0.493ms
[2.430s][info][gc,cpu         ] GC(8) User=0.00s Sys=0.00s Real=0.00s
[2.430s][info][gc,start       ] GC(9) Pause Full (System.gc())
[2.430s][info][gc,phases,start] GC(9) Marking Phase
[2.449s][info][gc,phases      ] GC(9) Marking Phase 18.749ms
[2.449s][info][gc,phases,start] GC(9) Summary Phase
[2.449s][info][gc,phases      ] GC(9) Summary Phase 0.021ms
[2.449s][info][gc,phases,start] GC(9) Adjust Roots
[2.450s][info][gc,phases      ] GC(9) Adjust Roots 1.060ms
[2.450s][info][gc,phases,start] GC(9) Compaction Phase
[2.455s][info][gc,phases      ] GC(9) Compaction Phase 4.526ms
[2.455s][info][gc,phases,start] GC(9) Post Compact
[2.455s][info][gc,phases      ] GC(9) Post Compact 0.327ms
[2.455s][info][gc,heap        ] GC(9) PSYoungGen: 256K(305664K)->0K(305664K) Eden: 0K(262144K)->0K(262144K) From: 256K(43520K)->0K(43520K)
[2.455s][info][gc,heap        ] GC(9) ParOldGen: 26294K(699392K)->26295K(699392K)
[2.455s][info][gc,metaspace   ] GC(9) Metaspace: 11932K(12160K)->11932K(12160K) NonClass: 10307K(10432K)->10307K(10432K) Class: 1625K(1728K)->1625K(1728K)
[2.455s][info][gc             ] GC(9) Pause Full (System.gc()) 25M->25M(981M) 24.951ms
[2.455s][info][gc,cpu         ] GC(9) User=0.38s Sys=0.00s Real=0.03s
[2.717s][info][gc,start       ] GC(10) Pause Young (System.gc())
[2.717s][info][gc,heap        ] GC(10) PSYoungGen: 125829K(305664K)->96K(305664K) Eden: 125829K(262144K)->0K(262144K) From: 0K(43520K)->96K(43520K)
[2.717s][info][gc,heap        ] GC(10) ParOldGen: 26295K(699392K)->26295K(699392K)
[2.717s][info][gc,metaspace   ] GC(10) Metaspace: 11933K(12160K)->11933K(12160K) NonClass: 10308K(10432K)->10308K(10432K) Class: 1625K(1728K)->1625K(1728K)
[2.718s][info][gc             ] GC(10) Pause Young (System.gc()) 148M->25M(981M) 0.485ms
[2.718s][info][gc,cpu         ] GC(10) User=0.00s Sys=0.00s Real=0.00s
[2.718s][info][gc,start       ] GC(11) Pause Full (System.gc())
[2.718s][info][gc,phases,start] GC(11) Marking Phase
[2.737s][info][gc,phases      ] GC(11) Marking Phase 18.777ms
[2.737s][info][gc,phases,start] GC(11) Summary Phase
[2.737s][info][gc,phases      ] GC(11) Summary Phase 0.021ms
[2.737s][info][gc,phases,start] GC(11) Adjust Roots
[2.738s][info][gc,phases      ] GC(11) Adjust Roots 1.058ms
[2.738s][info][gc,phases,start] GC(11) Compaction Phase
[2.742s][info][gc,phases      ] GC(11) Compaction Phase 4.517ms
[2.742s][info][gc,phases,start] GC(11) Post Compact
[2.743s][info][gc,phases      ] GC(11) Post Compact 0.323ms
[2.743s][info][gc,heap        ] GC(11) PSYoungGen: 96K(305664K)->0K(305664K) Eden: 0K(262144K)->0K(262144K) From: 96K(43520K)->0K(43520K)
[2.743s][info][gc,heap        ] GC(11) ParOldGen: 26295K(699392K)->26295K(699392K)
[2.743s][info][gc,metaspace   ] GC(11) Metaspace: 11933K(12160K)->11933K(12160K) NonClass: 10308K(10432K)->10308K(10432K) Class: 1625K(1728K)->1625K(1728K)
[2.743s][info][gc             ] GC(11) Pause Full (System.gc()) 25M->25M(981M) 24.951ms
[2.743s][info][gc,cpu         ] GC(11) User=0.38s Sys=0.00s Real=0.03s
[3.004s][info][gc,start       ] GC(12) Pause Young (System.gc())
[3.005s][info][gc,heap        ] GC(12) PSYoungGen: 125829K(305664K)->32K(305664K) Eden: 125829K(262144K)->0K(262144K) From: 0K(43520K)->32K(43520K)
[3.005s][info][gc,heap        ] GC(12) ParOldGen: 26295K(699392K)->26295K(699392K)
[3.005s][info][gc,metaspace   ] GC(12) Metaspace: 11935K(12160K)->11935K(12160K) NonClass: 10310K(10432K)->10310K(10432K) Class: 1625K(1728K)->1625K(1728K)
[3.005s][info][gc             ] GC(12) Pause Young (System.gc()) 148M->25M(981M) 0.545ms
[3.005s][info][gc,cpu         ] GC(12) User=0.00s Sys=0.00s Real=0.00s
[3.005s][info][gc,start       ] GC(13) Pause Full (System.gc())
[3.005s][info][gc,phases,start] GC(13) Marking Phase
[3.023s][info][gc,phases      ] GC(13) Marking Phase 17.662ms
[3.023s][info][gc,phases,start] GC(13) Summary Phase
[3.023s][info][gc,phases      ] GC(13) Summary Phase 0.021ms
[3.023s][info][gc,phases,start] GC(13) Adjust Roots
[3.024s][info][gc,phases      ] GC(13) Adjust Roots 1.039ms
[3.024s][info][gc,phases,start] GC(13) Compaction Phase
[3.028s][info][gc,phases      ] GC(13) Compaction Phase 4.527ms
[3.028s][info][gc,phases,start] GC(13) Post Compact
[3.029s][info][gc,phases      ] GC(13) Post Compact 0.308ms
[3.029s][info][gc,heap        ] GC(13) PSYoungGen: 32K(305664K)->0K(305664K) Eden: 0K(262144K)->0K(262144K) From: 32K(43520K)->0K(43520K)
[3.029s][info][gc,heap        ] GC(13) ParOldGen: 26295K(699392K)->26294K(699392K)
[3.029s][info][gc,metaspace   ] GC(13) Metaspace: 11935K(12160K)->11935K(12160K) NonClass: 10310K(10432K)->10310K(10432K) Class: 1625K(1728K)->1625K(1728K)
[3.029s][info][gc             ] GC(13) Pause Full (System.gc()) 25M->25M(981M) 23.797ms
[3.029s][info][gc,cpu         ] GC(13) User=0.36s Sys=0.00s Real=0.02s
[3.291s][info][gc,start       ] GC(14) Pause Young (System.gc())
[3.291s][info][gc,heap        ] GC(14) PSYoungGen: 131072K(305664K)->64K(305664K) Eden: 131072K(262144K)->0K(262144K) From: 0K(43520K)->64K(43520K)
[3.291s][info][gc,heap        ] GC(14) ParOldGen: 26294K(699392K)->26294K(699392K)
[3.291s][info][gc,metaspace   ] GC(14) Metaspace: 11941K(12160K)->11941K(12160K) NonClass: 10314K(10432K)->10314K(10432K) Class: 1627K(1728K)->1627K(1728K)
[3.291s][info][gc             ] GC(14) Pause Young (System.gc()) 153M->25M(981M) 0.484ms
[3.291s][info][gc,cpu         ] GC(14) User=0.00s Sys=0.00s Real=0.00s
[3.291s][info][gc,start       ] GC(15) Pause Full (System.gc())
[3.291s][info][gc,phases,start] GC(15) Marking Phase
[3.312s][info][gc,phases      ] GC(15) Marking Phase 20.592ms
[3.312s][info][gc,phases,start] GC(15) Summary Phase
[3.312s][info][gc,phases      ] GC(15) Summary Phase 0.020ms
[3.312s][info][gc,phases,start] GC(15) Adjust Roots
[3.314s][info][gc,phases      ] GC(15) Adjust Roots 1.723ms
[3.314s][info][gc,phases,start] GC(15) Compaction Phase
[3.318s][info][gc,phases      ] GC(15) Compaction Phase 4.615ms
[3.318s][info][gc,phases,start] GC(15) Post Compact
[3.319s][info][gc,phases      ] GC(15) Post Compact 0.318ms
[3.319s][info][gc,heap        ] GC(15) PSYoungGen: 64K(305664K)->0K(305664K) Eden: 0K(262144K)->0K(262144K) From: 64K(43520K)->0K(43520K)
[3.319s][info][gc,heap        ] GC(15) ParOldGen: 26294K(699392K)->26295K(699392K)
[3.319s][info][gc,metaspace   ] GC(15) Metaspace: 11941K(12160K)->11941K(12160K) NonClass: 10314K(10432K)->10314K(10432K) Class: 1627K(1728K)->1627K(1728K)
[3.319s][info][gc             ] GC(15) Pause Full (System.gc()) 25M->25M(981M) 27.539ms
[3.319s][info][gc,cpu         ] GC(15) User=0.36s Sys=0.00s Real=0.02s
[3.581s][info][gc,start       ] GC(16) Pause Young (System.gc())
[3.581s][info][gc,heap        ] GC(16) PSYoungGen: 125823K(305664K)->128K(305664K) Eden: 125823K(262144K)->0K(262144K) From: 0K(43520K)->128K(43520K)
[3.581s][info][gc,heap        ] GC(16) ParOldGen: 26295K(699392K)->26295K(699392K)
[3.581s][info][gc,metaspace   ] GC(16) Metaspace: 11953K(12160K)->11953K(12160K) NonClass: 10326K(10432K)->10326K(10432K) Class: 1627K(1728K)->1627K(1728K)
[3.581s][info][gc             ] GC(16) Pause Young (System.gc()) 148M->25M(981M) 0.533ms
[3.581s][info][gc,cpu         ] GC(16) User=0.00s Sys=0.00s Real=0.00s
[3.581s][info][gc,start       ] GC(17) Pause Full (System.gc())
[3.581s][info][gc,phases,start] GC(17) Marking Phase
[3.601s][info][gc,phases      ] GC(17) Marking Phase 19.257ms
[3.601s][info][gc,phases,start] GC(17) Summary Phase
[3.601s][info][gc,phases      ] GC(17) Summary Phase 0.021ms
[3.601s][info][gc,phases,start] GC(17) Adjust Roots
[3.602s][info][gc,phases      ] GC(17) Adjust Roots 1.087ms
[3.602s][info][gc,phases,start] GC(17) Compaction Phase
[3.605s][info][gc,phases      ] GC(17) Compaction Phase 3.116ms
[3.605s][info][gc,phases,start] GC(17) Post Compact
[3.605s][info][gc,phases      ] GC(17) Post Compact 0.328ms
[3.605s][info][gc,heap        ] GC(17) PSYoungGen: 128K(305664K)->0K(305664K) Eden: 0K(262144K)->0K(262144K) From: 128K(43520K)->0K(43520K)
[3.605s][info][gc,heap        ] GC(17) ParOldGen: 26295K(699392K)->26295K(699392K)
[3.605s][info][gc,metaspace   ] GC(17) Metaspace: 11953K(12160K)->11953K(12160K) NonClass: 10326K(10432K)->10326K(10432K) Class: 1627K(1728K)->1627K(1728K)
[3.606s][info][gc             ] GC(17) Pause Full (System.gc()) 25M->25M(981M) 24.163ms
[3.606s][info][gc,cpu         ] GC(17) User=0.38s Sys=0.00s Real=0.03s
[3.876s][info][gc,start       ] GC(18) Pause Young (System.gc())
[3.876s][info][gc,heap        ] GC(18) PSYoungGen: 125823K(305664K)->32K(305664K) Eden: 125823K(262144K)->0K(262144K) From: 0K(43520K)->32K(43520K)
[3.876s][info][gc,heap        ] GC(18) ParOldGen: 26295K(699392K)->26295K(699392K)
[3.876s][info][gc,metaspace   ] GC(18) Metaspace: 11955K(12160K)->11955K(12160K) NonClass: 10328K(10432K)->10328K(10432K) Class: 1627K(1728K)->1627K(1728K)
[3.876s][info][gc             ] GC(18) Pause Young (System.gc()) 148M->25M(981M) 0.480ms
[3.876s][info][gc,cpu         ] GC(18) User=0.00s Sys=0.00s Real=0.00s
[3.876s][info][gc,start       ] GC(19) Pause Full (System.gc())
[3.876s][info][gc,phases,start] GC(19) Marking Phase
[3.895s][info][gc,phases      ] GC(19) Marking Phase 18.907ms
[3.895s][info][gc,phases,start] GC(19) Summary Phase
[3.895s][info][gc,phases      ] GC(19) Summary Phase 0.020ms
[3.895s][info][gc,phases,start] GC(19) Adjust Roots
[3.896s][info][gc,phases      ] GC(19) Adjust Roots 1.078ms
[3.897s][info][gc,phases,start] GC(19) Compaction Phase
[3.901s][info][gc,phases      ] GC(19) Compaction Phase 4.554ms
[3.901s][info][gc,phases,start] GC(19) Post Compact
[3.901s][info][gc,phases      ] GC(19) Post Compact 0.340ms
[3.901s][info][gc,heap        ] GC(19) PSYoungGen: 32K(305664K)->0K(305664K) Eden: 0K(262144K)->0K(262144K) From: 32K(43520K)->0K(43520K)
[3.901s][info][gc,heap        ] GC(19) ParOldGen: 26295K(699392K)->26295K(699392K)
[3.902s][info][gc,metaspace   ] GC(19) Metaspace: 11955K(12160K)->11955K(12160K) NonClass: 10328K(10432K)->10328K(10432K) Class: 1627K(1728K)->1627K(1728K)
[3.902s][info][gc             ] GC(19) Pause Full (System.gc()) 25M->25M(981M) 25.178ms
[3.902s][info][gc,cpu         ] GC(19) User=0.36s Sys=0.00s Real=0.01s
[4.197s][info][gc,start       ] GC(20) Pause Young (System.gc())
[4.197s][info][gc,heap        ] GC(20) PSYoungGen: 125823K(305664K)->192K(305664K) Eden: 125823K(262144K)->0K(262144K) From: 0K(43520K)->192K(43520K)
[4.197s][info][gc,heap        ] GC(20) ParOldGen: 26295K(699392K)->26295K(699392K)
[4.197s][info][gc,metaspace   ] GC(20) Metaspace: 11957K(12160K)->11957K(12160K) NonClass: 10330K(10432K)->10330K(10432K) Class: 1627K(1728K)->1627K(1728K)
[4.197s][info][gc             ] GC(20) Pause Young (System.gc()) 148M->25M(981M) 0.485ms
[4.197s][info][gc,cpu         ] GC(20) User=0.00s Sys=0.00s Real=0.00s
[4.198s][info][gc,start       ] GC(21) Pause Full (System.gc())
[4.198s][info][gc,phases,start] GC(21) Marking Phase
[4.215s][info][gc,phases      ] GC(21) Marking Phase 17.457ms
[4.215s][info][gc,phases,start] GC(21) Summary Phase
[4.215s][info][gc,phases      ] GC(21) Summary Phase 0.019ms
[4.215s][info][gc,phases,start] GC(21) Adjust Roots
[4.216s][info][gc,phases      ] GC(21) Adjust Roots 1.061ms
[4.216s][info][gc,phases,start] GC(21) Compaction Phase
[4.221s][info][gc,phases      ] GC(21) Compaction Phase 4.518ms
[4.221s][info][gc,phases,start] GC(21) Post Compact
[4.221s][info][gc,phases      ] GC(21) Post Compact 0.323ms
[4.221s][info][gc,heap        ] GC(21) PSYoungGen: 192K(305664K)->0K(305664K) Eden: 0K(262144K)->0K(262144K) From: 192K(43520K)->0K(43520K)
[4.221s][info][gc,heap        ] GC(21) ParOldGen: 26295K(699392K)->26295K(699392K)
[4.221s][info][gc,metaspace   ] GC(21) Metaspace: 11957K(12160K)->11957K(12160K) NonClass: 10330K(10432K)->10330K(10432K) Class: 1627K(1728K)->1627K(1728K)
[4.221s][info][gc             ] GC(21) Pause Full (System.gc()) 25M->25M(981M) 23.644ms
[4.221s][info][gc,cpu         ] GC(21) User=0.70s Sys=0.00s Real=0.03s
[4.482s][info][gc,start       ] GC(22) Pause Young (System.gc())
[4.482s][info][gc,heap        ] GC(22) PSYoungGen: 125823K(305664K)->96K(305664K) Eden: 125823K(262144K)->0K(262144K) From: 0K(43520K)->96K(43520K)
[4.482s][info][gc,heap        ] GC(22) ParOldGen: 26295K(699392K)->26295K(699392K)
[4.482s][info][gc,metaspace   ] GC(22) Metaspace: 11958K(12160K)->11958K(12160K) NonClass: 10331K(10432K)->10331K(10432K) Class: 1627K(1728K)->1627K(1728K)
[4.482s][info][gc             ] GC(22) Pause Young (System.gc()) 148M->25M(981M) 0.464ms
[4.483s][info][gc,cpu         ] GC(22) User=0.00s Sys=0.00s Real=0.00s
[4.483s][info][gc,start       ] GC(23) Pause Full (System.gc())
[4.483s][info][gc,phases,start] GC(23) Marking Phase
[4.503s][info][gc,phases      ] GC(23) Marking Phase 20.158ms
[4.503s][info][gc,phases,start] GC(23) Summary Phase
[4.503s][info][gc,phases      ] GC(23) Summary Phase 0.015ms
[4.503s][info][gc,phases,start] GC(23) Adjust Roots
[4.504s][info][gc,phases      ] GC(23) Adjust Roots 1.587ms
[4.504s][info][gc,phases,start] GC(23) Compaction Phase
[4.508s][info][gc,phases      ] GC(23) Compaction Phase 3.202ms
[4.508s][info][gc,phases,start] GC(23) Post Compact
[4.508s][info][gc,phases      ] GC(23) Post Compact 0.290ms
[4.508s][info][gc,heap        ] GC(23) PSYoungGen: 96K(305664K)->0K(305664K) Eden: 0K(262144K)->0K(262144K) From: 96K(43520K)->0K(43520K)
[4.508s][info][gc,heap        ] GC(23) ParOldGen: 26295K(699392K)->26295K(699392K)
[4.508s][info][gc,metaspace   ] GC(23) Metaspace: 11958K(12160K)->11958K(12160K) NonClass: 10331K(10432K)->10331K(10432K) Class: 1627K(1728K)->1627K(1728K)
[4.508s][info][gc             ] GC(23) Pause Full (System.gc()) 25M->25M(981M) 25.453ms
[4.508s][info][gc,cpu         ] GC(23) User=0.70s Sys=0.00s Real=0.03s
[4.770s][info][gc,start       ] GC(24) Pause Young (System.gc())
[4.770s][info][gc,heap        ] GC(24) PSYoungGen: 125823K(305664K)->32K(305664K) Eden: 125823K(262144K)->0K(262144K) From: 0K(43520K)->32K(43520K)
[4.770s][info][gc,heap        ] GC(24) ParOldGen: 26295K(699392K)->26295K(699392K)
[4.770s][info][gc,metaspace   ] GC(24) Metaspace: 11958K(12160K)->11958K(12160K) NonClass: 10331K(10432K)->10331K(10432K) Class: 1627K(1728K)->1627K(1728K)
[4.771s][info][gc             ] GC(24) Pause Young (System.gc()) 148M->25M(981M) 0.464ms
[4.771s][info][gc,cpu         ] GC(24) User=0.00s Sys=0.00s Real=0.00s
[4.771s][info][gc,start       ] GC(25) Pause Full (System.gc())
[4.771s][info][gc,phases,start] GC(25) Marking Phase
[4.788s][info][gc,phases      ] GC(25) Marking Phase 17.350ms
[4.788s][info][gc,phases,start] GC(25) Summary Phase
[4.788s][info][gc,phases      ] GC(25) Summary Phase 0.021ms
[4.788s][info][gc,phases,start] GC(25) Adjust Roots
[4.789s][info][gc,phases      ] GC(25) Adjust Roots 1.091ms
[4.789s][info][gc,phases,start] GC(25) Compaction Phase
[4.794s][info][gc,phases      ] GC(25) Compaction Phase 4.493ms
[4.794s][info][gc,phases,start] GC(25) Post Compact
[4.794s][info][gc,phases      ] GC(25) Post Compact 0.328ms
[4.794s][info][gc,heap        ] GC(25) PSYoungGen: 32K(305664K)->0K(305664K) Eden: 0K(262144K)->0K(262144K) From: 32K(43520K)->0K(43520K)
[4.794s][info][gc,heap        ] GC(25) ParOldGen: 26295K(699392K)->26295K(699392K)
[4.794s][info][gc,metaspace   ] GC(25) Metaspace: 11958K(12160K)->11958K(12160K) NonClass: 10331K(10432K)->10331K(10432K) Class: 1627K(1728K)->1627K(1728K)
[4.794s][info][gc             ] GC(25) Pause Full (System.gc()) 25M->25M(981M) 23.534ms
[4.794s][info][gc,cpu         ] GC(25) User=0.38s Sys=0.00s Real=0.03s
[5.085s][info][gc,start       ] GC(26) Pause Young (System.gc())
[5.086s][info][gc,heap        ] GC(26) PSYoungGen: 125823K(305664K)->160K(305664K) Eden: 125823K(262144K)->0K(262144K) From: 0K(43520K)->160K(43520K)
[5.086s][info][gc,heap        ] GC(26) ParOldGen: 26295K(699392K)->26295K(699392K)
[5.086s][info][gc,metaspace   ] GC(26) Metaspace: 11960K(12160K)->11960K(12160K) NonClass: 10333K(10432K)->10333K(10432K) Class: 1627K(1728K)->1627K(1728K)
[5.086s][info][gc             ] GC(26) Pause Young (System.gc()) 148M->25M(981M) 0.492ms
[5.086s][info][gc,cpu         ] GC(26) User=0.00s Sys=0.00s Real=0.00s
[5.086s][info][gc,start       ] GC(27) Pause Full (System.gc())
[5.086s][info][gc,phases,start] GC(27) Marking Phase
[5.104s][info][gc,phases      ] GC(27) Marking Phase 18.310ms
[5.104s][info][gc,phases,start] GC(27) Summary Phase
[5.104s][info][gc,phases      ] GC(27) Summary Phase 0.032ms
[5.104s][info][gc,phases,start] GC(27) Adjust Roots
[5.106s][info][gc,phases      ] GC(27) Adjust Roots 2.020ms
[5.106s][info][gc,phases,start] GC(27) Compaction Phase
[5.111s][info][gc,phases      ] GC(27) Compaction Phase 4.856ms
[5.111s][info][gc,phases,start] GC(27) Post Compact
[5.112s][info][gc,phases      ] GC(27) Post Compact 0.328ms
[5.112s][info][gc,heap        ] GC(27) PSYoungGen: 160K(305664K)->0K(305664K) Eden: 0K(262144K)->0K(262144K) From: 160K(43520K)->0K(43520K)
[5.112s][info][gc,heap        ] GC(27) ParOldGen: 26295K(699392K)->26295K(699392K)
[5.112s][info][gc,metaspace   ] GC(27) Metaspace: 11960K(12160K)->11960K(12160K) NonClass: 10333K(10432K)->10333K(10432K) Class: 1627K(1728K)->1627K(1728K)
[5.112s][info][gc             ] GC(27) Pause Full (System.gc()) 25M->25M(981M) 25.832ms
[5.112s][info][gc,cpu         ] GC(27) User=0.72s Sys=0.00s Real=0.03s
[5.373s][info][gc,start       ] GC(28) Pause Young (System.gc())
[5.373s][info][gc,heap        ] GC(28) PSYoungGen: 125823K(305664K)->32K(305664K) Eden: 125823K(262144K)->0K(262144K) From: 0K(43520K)->32K(43520K)
[5.373s][info][gc,heap        ] GC(28) ParOldGen: 26295K(699392K)->26295K(699392K)
[5.373s][info][gc,metaspace   ] GC(28) Metaspace: 11977K(12224K)->11977K(12224K) NonClass: 10350K(10496K)->10350K(10496K) Class: 1627K(1728K)->1627K(1728K)
[5.373s][info][gc             ] GC(28) Pause Young (System.gc()) 148M->25M(981M) 0.481ms
[5.373s][info][gc,cpu         ] GC(28) User=0.00s Sys=0.00s Real=0.00s
[5.373s][info][gc,start       ] GC(29) Pause Full (System.gc())
[5.373s][info][gc,phases,start] GC(29) Marking Phase
[5.391s][info][gc,phases      ] GC(29) Marking Phase 17.786ms
[5.391s][info][gc,phases,start] GC(29) Summary Phase
[5.391s][info][gc,phases      ] GC(29) Summary Phase 0.021ms
[5.391s][info][gc,phases,start] GC(29) Adjust Roots
[5.392s][info][gc,phases      ] GC(29) Adjust Roots 1.095ms
[5.392s][info][gc,phases,start] GC(29) Compaction Phase
[5.397s][info][gc,phases      ] GC(29) Compaction Phase 4.519ms
[5.397s][info][gc,phases,start] GC(29) Post Compact
[5.397s][info][gc,phases      ] GC(29) Post Compact 0.363ms
[5.397s][info][gc,heap        ] GC(29) PSYoungGen: 32K(305664K)->0K(305664K) Eden: 0K(262144K)->0K(262144K) From: 32K(43520K)->0K(43520K)
[5.397s][info][gc,heap        ] GC(29) ParOldGen: 26295K(699392K)->26295K(699392K)
[5.397s][info][gc,metaspace   ] GC(29) Metaspace: 11977K(12224K)->11977K(12224K) NonClass: 10350K(10496K)->10350K(10496K) Class: 1627K(1728K)->1627K(1728K)
[5.397s][info][gc             ] GC(29) Pause Full (System.gc()) 25M->25M(981M) 24.078ms
[5.398s][info][gc,cpu         ] GC(29) User=0.36s Sys=0.00s Real=0.02s
[5.673s][info][gc,start       ] GC(30) Pause Young (System.gc())
[5.673s][info][gc,heap        ] GC(30) PSYoungGen: 125823K(305664K)->128K(305664K) Eden: 125823K(262144K)->0K(262144K) From: 0K(43520K)->128K(43520K)
[5.673s][info][gc,heap        ] GC(30) ParOldGen: 26295K(699392K)->26295K(699392K)
[5.673s][info][gc,metaspace   ] GC(30) Metaspace: 11984K(12224K)->11984K(12224K) NonClass: 10357K(10496K)->10357K(10496K) Class: 1627K(1728K)->1627K(1728K)
[5.673s][info][gc             ] GC(30) Pause Young (System.gc()) 148M->25M(981M) 0.466ms
[5.673s][info][gc,cpu         ] GC(30) User=0.00s Sys=0.00s Real=0.00s
[5.673s][info][gc,start       ] GC(31) Pause Full (System.gc())
[5.673s][info][gc,phases,start] GC(31) Marking Phase
[5.691s][info][gc,phases      ] GC(31) Marking Phase 18.126ms
[5.691s][info][gc,phases,start] GC(31) Summary Phase
[5.691s][info][gc,phases      ] GC(31) Summary Phase 0.020ms
[5.691s][info][gc,phases,start] GC(31) Adjust Roots
[5.693s][info][gc,phases      ] GC(31) Adjust Roots 1.109ms
[5.693s][info][gc,phases,start] GC(31) Compaction Phase
[5.697s][info][gc,phases      ] GC(31) Compaction Phase 4.553ms
[5.697s][info][gc,phases,start] GC(31) Post Compact
[5.698s][info][gc,phases      ] GC(31) Post Compact 0.360ms
[5.698s][info][gc,heap        ] GC(31) PSYoungGen: 128K(305664K)->0K(305664K) Eden: 0K(262144K)->0K(262144K) From: 128K(43520K)->0K(43520K)
[5.698s][info][gc,heap        ] GC(31) ParOldGen: 26295K(699392K)->26295K(699392K)
[5.698s][info][gc,metaspace   ] GC(31) Metaspace: 11984K(12224K)->11984K(12224K) NonClass: 10357K(10496K)->10357K(10496K) Class: 1627K(1728K)->1627K(1728K)
[5.698s][info][gc             ] GC(31) Pause Full (System.gc()) 25M->25M(981M) 24.435ms
[5.698s][info][gc,cpu         ] GC(31) User=0.38s Sys=0.00s Real=0.03s
[5.972s][info][gc,start       ] GC(32) Pause Young (System.gc())
[5.973s][info][gc,heap        ] GC(32) PSYoungGen: 125823K(305664K)->64K(305664K) Eden: 125823K(262144K)->0K(262144K) From: 0K(43520K)->64K(43520K)
[5.973s][info][gc,heap        ] GC(32) ParOldGen: 26295K(699392K)->26295K(699392K)
[5.973s][info][gc,metaspace   ] GC(32) Metaspace: 11988K(12224K)->11988K(12224K) NonClass: 10361K(10496K)->10361K(10496K) Class: 1627K(1728K)->1627K(1728K)
[5.973s][info][gc             ] GC(32) Pause Young (System.gc()) 148M->25M(981M) 0.466ms
[5.973s][info][gc,cpu         ] GC(32) User=0.00s Sys=0.00s Real=0.00s
[5.973s][info][gc,start       ] GC(33) Pause Full (System.gc())
[5.973s][info][gc,phases,start] GC(33) Marking Phase
[5.992s][info][gc,phases      ] GC(33) Marking Phase 19.303ms
[5.992s][info][gc,phases,start] GC(33) Summary Phase
[5.992s][info][gc,phases      ] GC(33) Summary Phase 0.020ms
[5.992s][info][gc,phases,start] GC(33) Adjust Roots
[5.993s][info][gc,phases      ] GC(33) Adjust Roots 1.085ms
[5.993s][info][gc,phases,start] GC(33) Compaction Phase
[5.998s][info][gc,phases      ] GC(33) Compaction Phase 4.551ms
[5.998s][info][gc,phases,start] GC(33) Post Compact
[5.998s][info][gc,phases      ] GC(33) Post Compact 0.322ms
[5.998s][info][gc,heap        ] GC(33) PSYoungGen: 64K(305664K)->0K(305664K) Eden: 0K(262144K)->0K(262144K) From: 64K(43520K)->0K(43520K)
[5.998s][info][gc,heap        ] GC(33) ParOldGen: 26295K(699392K)->26295K(699392K)
[5.998s][info][gc,metaspace   ] GC(33) Metaspace: 11988K(12224K)->11988K(12224K) NonClass: 10361K(10496K)->10361K(10496K) Class: 1627K(1728K)->1627K(1728K)
[5.998s][info][gc             ] GC(33) Pause Full (System.gc()) 25M->25M(981M) 25.540ms
[5.998s][info][gc,cpu         ] GC(33) User=0.72s Sys=0.00s Real=0.03s
[6.274s][info][gc,start       ] GC(34) Pause Young (System.gc())
[6.275s][info][gc,heap        ] GC(34) PSYoungGen: 125823K(305664K)->64K(305664K) Eden: 125823K(262144K)->0K(262144K) From: 0K(43520K)->64K(43520K)
[6.275s][info][gc,heap        ] GC(34) ParOldGen: 26295K(699392K)->26295K(699392K)
[6.275s][info][gc,metaspace   ] GC(34) Metaspace: 11989K(12224K)->11989K(12224K) NonClass: 10362K(10496K)->10362K(10496K) Class: 1627K(1728K)->1627K(1728K)
[6.275s][info][gc             ] GC(34) Pause Young (System.gc()) 148M->25M(981M) 0.444ms
[6.275s][info][gc,cpu         ] GC(34) User=0.00s Sys=0.00s Real=0.00s
[6.275s][info][gc,start       ] GC(35) Pause Full (System.gc())
[6.275s][info][gc,phases,start] GC(35) Marking Phase
[6.295s][info][gc,phases      ] GC(35) Marking Phase 20.046ms
[6.295s][info][gc,phases,start] GC(35) Summary Phase
[6.295s][info][gc,phases      ] GC(35) Summary Phase 0.020ms
[6.295s][info][gc,phases,start] GC(35) Adjust Roots
[6.297s][info][gc,phases      ] GC(35) Adjust Roots 1.777ms
[6.297s][info][gc,phases,start] GC(35) Compaction Phase
[6.301s][info][gc,phases      ] GC(35) Compaction Phase 4.610ms
[6.301s][info][gc,phases,start] GC(35) Post Compact
[6.302s][info][gc,phases      ] GC(35) Post Compact 0.350ms
[6.302s][info][gc,heap        ] GC(35) PSYoungGen: 64K(305664K)->0K(305664K) Eden: 0K(262144K)->0K(262144K) From: 64K(43520K)->0K(43520K)
[6.302s][info][gc,heap        ] GC(35) ParOldGen: 26295K(699392K)->26295K(699392K)
[6.302s][info][gc,metaspace   ] GC(35) Metaspace: 11989K(12224K)->11989K(12224K) NonClass: 10362K(10496K)->10362K(10496K) Class: 1627K(1728K)->1627K(1728K)
[6.302s][info][gc             ] GC(35) Pause Full (System.gc()) 25M->25M(981M) 27.184ms
[6.302s][info][gc,cpu         ] GC(35) User=0.38s Sys=0.00s Real=0.03s
[6.572s][info][gc,start       ] GC(36) Pause Young (System.gc())
[6.573s][info][gc,heap        ] GC(36) PSYoungGen: 125823K(305664K)->32K(305664K) Eden: 125823K(262144K)->0K(262144K) From: 0K(43520K)->32K(43520K)
[6.573s][info][gc,heap        ] GC(36) ParOldGen: 26295K(699392K)->26295K(699392K)
[6.573s][info][gc,metaspace   ] GC(36) Metaspace: 11989K(12224K)->11989K(12224K) NonClass: 10362K(10496K)->10362K(10496K) Class: 1627K(1728K)->1627K(1728K)
[6.573s][info][gc             ] GC(36) Pause Young (System.gc()) 148M->25M(981M) 0.471ms
[6.573s][info][gc,cpu         ] GC(36) User=0.00s Sys=0.00s Real=0.00s
[6.573s][info][gc,start       ] GC(37) Pause Full (System.gc())
[6.573s][info][gc,phases,start] GC(37) Marking Phase
[6.593s][info][gc,phases      ] GC(37) Marking Phase 19.582ms
[6.593s][info][gc,phases,start] GC(37) Summary Phase
[6.593s][info][gc,phases      ] GC(37) Summary Phase 0.020ms
[6.593s][info][gc,phases,start] GC(37) Adjust Roots
[6.595s][info][gc,phases      ] GC(37) Adjust Roots 1.869ms
[6.595s][info][gc,phases,start] GC(37) Compaction Phase
[6.599s][info][gc,phases      ] GC(37) Compaction Phase 4.782ms
[6.600s][info][gc,phases,start] GC(37) Post Compact
[6.600s][info][gc,phases      ] GC(37) Post Compact 0.331ms
[6.600s][info][gc,heap        ] GC(37) PSYoungGen: 32K(305664K)->0K(305664K) Eden: 0K(262144K)->0K(262144K) From: 32K(43520K)->0K(43520K)
[6.600s][info][gc,heap        ] GC(37) ParOldGen: 26295K(699392K)->26295K(699392K)
[6.600s][info][gc,metaspace   ] GC(37) Metaspace: 11989K(12224K)->11989K(12224K) NonClass: 10362K(10496K)->10362K(10496K) Class: 1627K(1728K)->1627K(1728K)
[6.600s][info][gc             ] GC(37) Pause Full (System.gc()) 25M->25M(981M) 26.880ms
[6.600s][info][gc,cpu         ] GC(37) User=0.38s Sys=0.00s Real=0.03s
[6.864s][info][gc,start       ] GC(38) Pause Young (System.gc())
[6.864s][info][gc,heap        ] GC(38) PSYoungGen: 125823K(305664K)->96K(305664K) Eden: 125823K(262144K)->0K(262144K) From: 0K(43520K)->96K(43520K)
[6.864s][info][gc,heap        ] GC(38) ParOldGen: 26295K(699392K)->26295K(699392K)
[6.864s][info][gc,metaspace   ] GC(38) Metaspace: 11990K(12224K)->11990K(12224K) NonClass: 10363K(10496K)->10363K(10496K) Class: 1627K(1728K)->1627K(1728K)
[6.864s][info][gc             ] GC(38) Pause Young (System.gc()) 148M->25M(981M) 0.463ms
[6.864s][info][gc,cpu         ] GC(38) User=0.00s Sys=0.00s Real=0.00s
[6.864s][info][gc,start       ] GC(39) Pause Full (System.gc())
[6.864s][info][gc,phases,start] GC(39) Marking Phase
[6.885s][info][gc,phases      ] GC(39) Marking Phase 20.258ms
[6.885s][info][gc,phases,start] GC(39) Summary Phase
[6.885s][info][gc,phases      ] GC(39) Summary Phase 0.019ms
[6.885s][info][gc,phases,start] GC(39) Adjust Roots
[6.886s][info][gc,phases      ] GC(39) Adjust Roots 1.628ms
[6.886s][info][gc,phases,start] GC(39) Compaction Phase
[6.891s][info][gc,phases      ] GC(39) Compaction Phase 4.308ms
[6.891s][info][gc,phases,start] GC(39) Post Compact
[6.891s][info][gc,phases      ] GC(39) Post Compact 0.314ms
[6.891s][info][gc,heap        ] GC(39) PSYoungGen: 96K(305664K)->0K(305664K) Eden: 0K(262144K)->0K(262144K) From: 96K(43520K)->0K(43520K)
[6.891s][info][gc,heap        ] GC(39) ParOldGen: 26295K(699392K)->26295K(699392K)
[6.891s][info][gc,metaspace   ] GC(39) Metaspace: 11990K(12224K)->11990K(12224K) NonClass: 10363K(10496K)->10363K(10496K) Class: 1627K(1728K)->1627K(1728K)
[6.891s][info][gc             ] GC(39) Pause Full (System.gc()) 25M->25M(981M) 26.804ms
[6.891s][info][gc,cpu         ] GC(39) User=0.36s Sys=0.00s Real=0.02s
[7.153s][info][gc,start       ] GC(40) Pause Young (System.gc())
[7.154s][info][gc,heap        ] GC(40) PSYoungGen: 125823K(305664K)->96K(305664K) Eden: 125823K(262144K)->0K(262144K) From: 0K(43520K)->96K(43520K)
[7.154s][info][gc,heap        ] GC(40) ParOldGen: 26295K(699392K)->26295K(699392K)
[7.154s][info][gc,metaspace   ] GC(40) Metaspace: 11990K(12224K)->11990K(12224K) NonClass: 10363K(10496K)->10363K(10496K) Class: 1627K(1728K)->1627K(1728K)
[7.154s][info][gc             ] GC(40) Pause Young (System.gc()) 148M->25M(981M) 0.515ms
[7.154s][info][gc,cpu         ] GC(40) User=0.00s Sys=0.00s Real=0.00s
[7.154s][info][gc,start       ] GC(41) Pause Full (System.gc())
[7.154s][info][gc,phases,start] GC(41) Marking Phase
[7.173s][info][gc,phases      ] GC(41) Marking Phase 19.195ms
[7.173s][info][gc,phases,start] GC(41) Summary Phase
[7.173s][info][gc,phases      ] GC(41) Summary Phase 0.021ms
[7.173s][info][gc,phases,start] GC(41) Adjust Roots
[7.175s][info][gc,phases      ] GC(41) Adjust Roots 2.013ms
[7.175s][info][gc,phases,start] GC(41) Compaction Phase
[7.179s][info][gc,phases      ] GC(41) Compaction Phase 3.091ms
[7.179s][info][gc,phases,start] GC(41) Post Compact
[7.179s][info][gc,phases      ] GC(41) Post Compact 0.294ms
[7.179s][info][gc,heap        ] GC(41) PSYoungGen: 96K(305664K)->0K(305664K) Eden: 0K(262144K)->0K(262144K) From: 96K(43520K)->0K(43520K)
[7.179s][info][gc,heap        ] GC(41) ParOldGen: 26295K(699392K)->26295K(699392K)
[7.179s][info][gc,metaspace   ] GC(41) Metaspace: 11990K(12224K)->11990K(12224K) NonClass: 10363K(10496K)->10363K(10496K) Class: 1627K(1728K)->1627K(1728K)
[7.179s][info][gc             ] GC(41) Pause Full (System.gc()) 25M->25M(981M) 24.832ms
[7.179s][info][gc,cpu         ] GC(41) User=0.38s Sys=0.00s Real=0.03s
[7.454s][info][gc,start       ] GC(42) Pause Young (System.gc())
[7.455s][info][gc,heap        ] GC(42) PSYoungGen: 125822K(305664K)->320K(305664K) Eden: 125822K(262144K)->0K(262144K) From: 0K(43520K)->320K(43520K)
[7.455s][info][gc,heap        ] GC(42) ParOldGen: 26295K(699392K)->26295K(699392K)
[7.455s][info][gc,metaspace   ] GC(42) Metaspace: 11991K(12224K)->11991K(12224K) NonClass: 10364K(10496K)->10364K(10496K) Class: 1627K(1728K)->1627K(1728K)
[7.455s][info][gc             ] GC(42) Pause Young (System.gc()) 148M->25M(981M) 0.478ms
[7.455s][info][gc,cpu         ] GC(42) User=0.00s Sys=0.00s Real=0.00s
[7.455s][info][gc,start       ] GC(43) Pause Full (System.gc())
[7.455s][info][gc,phases,start] GC(43) Marking Phase
[7.473s][info][gc,phases      ] GC(43) Marking Phase 18.060ms
[7.473s][info][gc,phases,start] GC(43) Summary Phase
[7.473s][info][gc,phases      ] GC(43) Summary Phase 0.020ms
[7.473s][info][gc,phases,start] GC(43) Adjust Roots
[7.475s][info][gc,phases      ] GC(43) Adjust Roots 1.802ms
[7.475s][info][gc,phases,start] GC(43) Compaction Phase
[7.480s][info][gc,phases      ] GC(43) Compaction Phase 4.975ms
[7.480s][info][gc,phases,start] GC(43) Post Compact
[7.480s][info][gc,phases      ] GC(43) Post Compact 0.292ms
[7.480s][info][gc,heap        ] GC(43) PSYoungGen: 320K(305664K)->0K(305664K) Eden: 0K(262144K)->0K(262144K) From: 320K(43520K)->0K(43520K)
[7.480s][info][gc,heap        ] GC(43) ParOldGen: 26295K(699392K)->26296K(699392K)
[7.480s][info][gc,metaspace   ] GC(43) Metaspace: 11991K(12224K)->11991K(12224K) NonClass: 10364K(10496K)->10364K(10496K) Class: 1627K(1728K)->1627K(1728K)
[7.480s][info][gc             ] GC(43) Pause Full (System.gc()) 25M->25M(981M) 25.398ms
[7.480s][info][gc,cpu         ] GC(43) User=0.39s Sys=0.02s Real=0.03s
[7.749s][info][gc,start       ] GC(44) Pause Young (System.gc())
[7.749s][info][gc,heap        ] GC(44) PSYoungGen: 125823K(305664K)->96K(305664K) Eden: 125823K(262144K)->0K(262144K) From: 0K(43520K)->96K(43520K)
[7.749s][info][gc,heap        ] GC(44) ParOldGen: 26296K(699392K)->26296K(699392K)
[7.749s][info][gc,metaspace   ] GC(44) Metaspace: 11991K(12224K)->11991K(12224K) NonClass: 10364K(10496K)->10364K(10496K) Class: 1627K(1728K)->1627K(1728K)
[7.749s][info][gc             ] GC(44) Pause Young (System.gc()) 148M->25M(981M) 0.476ms
[7.749s][info][gc,cpu         ] GC(44) User=0.00s Sys=0.00s Real=0.00s
[7.749s][info][gc,start       ] GC(45) Pause Full (System.gc())
[7.749s][info][gc,phases,start] GC(45) Marking Phase
[7.769s][info][gc,phases      ] GC(45) Marking Phase 20.120ms
[7.769s][info][gc,phases,start] GC(45) Summary Phase
[7.769s][info][gc,phases      ] GC(45) Summary Phase 0.020ms
[7.769s][info][gc,phases,start] GC(45) Adjust Roots
[7.771s][info][gc,phases      ] GC(45) Adjust Roots 1.109ms
[7.771s][info][gc,phases,start] GC(45) Compaction Phase
[7.775s][info][gc,phases      ] GC(45) Compaction Phase 4.453ms
[7.775s][info][gc,phases,start] GC(45) Post Compact
[7.775s][info][gc,phases      ] GC(45) Post Compact 0.326ms
[7.775s][info][gc,heap        ] GC(45) PSYoungGen: 96K(305664K)->0K(305664K) Eden: 0K(262144K)->0K(262144K) From: 96K(43520K)->0K(43520K)
[7.775s][info][gc,heap        ] GC(45) ParOldGen: 26296K(699392K)->26296K(699392K)
[7.775s][info][gc,metaspace   ] GC(45) Metaspace: 11991K(12224K)->11991K(12224K) NonClass: 10364K(10496K)->10364K(10496K) Class: 1627K(1728K)->1627K(1728K)
[7.775s][info][gc             ] GC(45) Pause Full (System.gc()) 25M->25M(981M) 26.278ms
[7.776s][info][gc,cpu         ] GC(45) User=0.39s Sys=0.00s Real=0.03s
[8.038s][info][gc,start       ] GC(46) Pause Young (System.gc())
[8.038s][info][gc,heap        ] GC(46) PSYoungGen: 125823K(305664K)->128K(305664K) Eden: 125823K(262144K)->0K(262144K) From: 0K(43520K)->128K(43520K)
[8.038s][info][gc,heap        ] GC(46) ParOldGen: 26296K(699392K)->26296K(699392K)
[8.039s][info][gc,metaspace   ] GC(46) Metaspace: 12018K(12224K)->12018K(12224K) NonClass: 10391K(10496K)->10391K(10496K) Class: 1627K(1728K)->1627K(1728K)
[8.039s][info][gc             ] GC(46) Pause Young (System.gc()) 148M->25M(981M) 0.486ms
[8.039s][info][gc,cpu         ] GC(46) User=0.00s Sys=0.00s Real=0.00s
[8.039s][info][gc,start       ] GC(47) Pause Full (System.gc())
[8.039s][info][gc,phases,start] GC(47) Marking Phase
[8.059s][info][gc,phases      ] GC(47) Marking Phase 20.423ms
[8.059s][info][gc,phases,start] GC(47) Summary Phase
[8.059s][info][gc,phases      ] GC(47) Summary Phase 0.018ms
[8.059s][info][gc,phases,start] GC(47) Adjust Roots
[8.060s][info][gc,phases      ] GC(47) Adjust Roots 1.124ms
[8.060s][info][gc,phases,start] GC(47) Compaction Phase
[8.065s][info][gc,phases      ] GC(47) Compaction Phase 4.524ms
[8.065s][info][gc,phases,start] GC(47) Post Compact
[8.065s][info][gc,phases      ] GC(47) Post Compact 0.310ms
[8.065s][info][gc,heap        ] GC(47) PSYoungGen: 128K(305664K)->0K(305664K) Eden: 0K(262144K)->0K(262144K) From: 128K(43520K)->0K(43520K)
[8.065s][info][gc,heap        ] GC(47) ParOldGen: 26296K(699392K)->26296K(699392K)
[8.065s][info][gc,metaspace   ] GC(47) Metaspace: 12018K(12224K)->12018K(12224K) NonClass: 10391K(10496K)->10391K(10496K) Class: 1627K(1728K)->1627K(1728K)
[8.065s][info][gc             ] GC(47) Pause Full (System.gc()) 25M->25M(981M) 26.648ms
[8.065s][info][gc,cpu         ] GC(47) User=0.39s Sys=0.00s Real=0.03s
[8.340s][info][gc,start       ] GC(48) Pause Young (System.gc())
[8.340s][info][gc,heap        ] GC(48) PSYoungGen: 125823K(305664K)->32K(305664K) Eden: 125823K(262144K)->0K(262144K) From: 0K(43520K)->32K(43520K)
[8.340s][info][gc,heap        ] GC(48) ParOldGen: 26296K(699392K)->26296K(699392K)
[8.340s][info][gc,metaspace   ] GC(48) Metaspace: 12018K(12224K)->12018K(12224K) NonClass: 10391K(10496K)->10391K(10496K) Class: 1627K(1728K)->1627K(1728K)
[8.340s][info][gc             ] GC(48) Pause Young (System.gc()) 148M->25M(981M) 0.499ms
[8.340s][info][gc,cpu         ] GC(48) User=0.00s Sys=0.00s Real=0.00s
[8.341s][info][gc,start       ] GC(49) Pause Full (System.gc())
[8.341s][info][gc,phases,start] GC(49) Marking Phase
[8.360s][info][gc,phases      ] GC(49) Marking Phase 19.220ms
[8.360s][info][gc,phases,start] GC(49) Summary Phase
[8.360s][info][gc,phases      ] GC(49) Summary Phase 0.019ms
[8.360s][info][gc,phases,start] GC(49) Adjust Roots
[8.363s][info][gc,phases      ] GC(49) Adjust Roots 2.859ms
[8.363s][info][gc,phases,start] GC(49) Compaction Phase
[8.367s][info][gc,phases      ] GC(49) Compaction Phase 4.022ms
[8.367s][info][gc,phases,start] GC(49) Post Compact
[8.367s][info][gc,phases      ] GC(49) Post Compact 0.314ms
[8.367s][info][gc,heap        ] GC(49) PSYoungGen: 32K(305664K)->0K(305664K) Eden: 0K(262144K)->0K(262144K) From: 32K(43520K)->0K(43520K)
[8.367s][info][gc,heap        ] GC(49) ParOldGen: 26296K(699392K)->26296K(699392K)
[8.367s][info][gc,metaspace   ] GC(49) Metaspace: 12018K(12224K)->12018K(12224K) NonClass: 10391K(10496K)->10391K(10496K) Class: 1627K(1728K)->1627K(1728K)
[8.367s][info][gc             ] GC(49) Pause Full (System.gc()) 25M->25M(981M) 26.685ms
[8.367s][info][gc,cpu         ] GC(49) User=0.38s Sys=0.00s Real=0.03s
[8.642s][info][gc,start       ] GC(50) Pause Young (System.gc())
[8.642s][info][gc,heap        ] GC(50) PSYoungGen: 125823K(305664K)->96K(305664K) Eden: 125823K(262144K)->0K(262144K) From: 0K(43520K)->96K(43520K)
[8.642s][info][gc,heap        ] GC(50) ParOldGen: 26296K(699392K)->26296K(699392K)
[8.642s][info][gc,metaspace   ] GC(50) Metaspace: 12019K(12224K)->12019K(12224K) NonClass: 10392K(10496K)->10392K(10496K) Class: 1627K(1728K)->1627K(1728K)
[8.642s][info][gc             ] GC(50) Pause Young (System.gc()) 148M->25M(981M) 0.540ms
[8.642s][info][gc,cpu         ] GC(50) User=0.00s Sys=0.00s Real=0.00s
[8.642s][info][gc,start       ] GC(51) Pause Full (System.gc())
[8.642s][info][gc,phases,start] GC(51) Marking Phase
[8.661s][info][gc,phases      ] GC(51) Marking Phase 18.882ms
[8.661s][info][gc,phases,start] GC(51) Summary Phase
[8.661s][info][gc,phases      ] GC(51) Summary Phase 0.019ms
[8.661s][info][gc,phases,start] GC(51) Adjust Roots
[8.663s][info][gc,phases      ] GC(51) Adjust Roots 1.640ms
[8.663s][info][gc,phases,start] GC(51) Compaction Phase
[8.667s][info][gc,phases      ] GC(51) Compaction Phase 3.549ms
[8.667s][info][gc,phases,start] GC(51) Post Compact
[8.667s][info][gc,phases      ] GC(51) Post Compact 0.317ms
[8.667s][info][gc,heap        ] GC(51) PSYoungGen: 96K(305664K)->0K(305664K) Eden: 0K(262144K)->0K(262144K) From: 96K(43520K)->0K(43520K)
[8.667s][info][gc,heap        ] GC(51) ParOldGen: 26296K(699392K)->26296K(699392K)
[8.667s][info][gc,metaspace   ] GC(51) Metaspace: 12019K(12224K)->12019K(12224K) NonClass: 10392K(10496K)->10392K(10496K) Class: 1627K(1728K)->1627K(1728K)
[8.667s][info][gc             ] GC(51) Pause Full (System.gc()) 25M->25M(981M) 24.681ms
[8.667s][info][gc,cpu         ] GC(51) User=0.36s Sys=0.00s Real=0.02s
[8.928s][info][gc,start       ] GC(52) Pause Young (System.gc())
[8.928s][info][gc,heap        ] GC(52) PSYoungGen: 125823K(305664K)->32K(305664K) Eden: 125823K(262144K)->0K(262144K) From: 0K(43520K)->32K(43520K)
[8.928s][info][gc,heap        ] GC(52) ParOldGen: 26296K(699392K)->26296K(699392K)
[8.928s][info][gc,metaspace   ] GC(52) Metaspace: 12020K(12224K)->12020K(12224K) NonClass: 10393K(10496K)->10393K(10496K) Class: 1627K(1728K)->1627K(1728K)
[8.928s][info][gc             ] GC(52) Pause Young (System.gc()) 148M->25M(981M) 0.476ms
[8.928s][info][gc,cpu         ] GC(52) User=0.00s Sys=0.00s Real=0.00s
[8.929s][info][gc,start       ] GC(53) Pause Full (System.gc())
[8.929s][info][gc,phases,start] GC(53) Marking Phase
[8.948s][info][gc,phases      ] GC(53) Marking Phase 19.249ms
[8.948s][info][gc,phases,start] GC(53) Summary Phase
[8.948s][info][gc,phases      ] GC(53) Summary Phase 0.019ms
[8.948s][info][gc,phases,start] GC(53) Adjust Roots
[8.949s][info][gc,phases      ] GC(53) Adjust Roots 1.114ms
[8.949s][info][gc,phases,start] GC(53) Compaction Phase
[8.954s][info][gc,phases      ] GC(53) Compaction Phase 4.545ms
[8.954s][info][gc,phases,start] GC(53) Post Compact
[8.954s][info][gc,phases      ] GC(53) Post Compact 0.345ms
[8.954s][info][gc,heap        ] GC(53) PSYoungGen: 32K(305664K)->0K(305664K) Eden: 0K(262144K)->0K(262144K) From: 32K(43520K)->0K(43520K)
[8.954s][info][gc,heap        ] GC(53) ParOldGen: 26296K(699392K)->26296K(699392K)
[8.954s][info][gc,metaspace   ] GC(53) Metaspace: 12020K(12224K)->12020K(12224K) NonClass: 10393K(10496K)->10393K(10496K) Class: 1627K(1728K)->1627K(1728K)
[8.954s][info][gc             ] GC(53) Pause Full (System.gc()) 25M->25M(981M) 25.548ms
[8.954s][info][gc,cpu         ] GC(53) User=0.38s Sys=0.00s Real=0.03s
[9.227s][info][gc,start       ] GC(54) Pause Young (System.gc())
[9.227s][info][gc,heap        ] GC(54) PSYoungGen: 125823K(305664K)->32K(305664K) Eden: 125823K(262144K)->0K(262144K) From: 0K(43520K)->32K(43520K)
[9.227s][info][gc,heap        ] GC(54) ParOldGen: 26296K(699392K)->26296K(699392K)
[9.227s][info][gc,metaspace   ] GC(54) Metaspace: 12020K(12224K)->12020K(12224K) NonClass: 10393K(10496K)->10393K(10496K) Class: 1627K(1728K)->1627K(1728K)
[9.227s][info][gc             ] GC(54) Pause Young (System.gc()) 148M->25M(981M) 0.490ms
[9.227s][info][gc,cpu         ] GC(54) User=0.00s Sys=0.00s Real=0.00s
[9.227s][info][gc,start       ] GC(55) Pause Full (System.gc())
[9.227s][info][gc,phases,start] GC(55) Marking Phase
[9.246s][info][gc,phases      ] GC(55) Marking Phase 18.527ms
[9.246s][info][gc,phases,start] GC(55) Summary Phase
[9.246s][info][gc,phases      ] GC(55) Summary Phase 0.021ms
[9.246s][info][gc,phases,start] GC(55) Adjust Roots
[9.247s][info][gc,phases      ] GC(55) Adjust Roots 1.116ms
[9.247s][info][gc,phases,start] GC(55) Compaction Phase
[9.250s][info][gc,phases      ] GC(55) Compaction Phase 3.344ms
[9.251s][info][gc,phases,start] GC(55) Post Compact
[9.251s][info][gc,phases      ] GC(55) Post Compact 0.333ms
[9.251s][info][gc,heap        ] GC(55) PSYoungGen: 32K(305664K)->0K(305664K) Eden: 0K(262144K)->0K(262144K) From: 32K(43520K)->0K(43520K)
[9.251s][info][gc,heap        ] GC(55) ParOldGen: 26296K(699392K)->26296K(699392K)
[9.251s][info][gc,metaspace   ] GC(55) Metaspace: 12020K(12224K)->12020K(12224K) NonClass: 10393K(10496K)->10393K(10496K) Class: 1627K(1728K)->1627K(1728K)
[9.251s][info][gc             ] GC(55) Pause Full (System.gc()) 25M->25M(981M) 23.629ms
[9.251s][info][gc,cpu         ] GC(55) User=0.38s Sys=0.00s Real=0.02s
[9.522s][info][gc,start       ] GC(56) Pause Young (System.gc())
[9.523s][info][gc,heap        ] GC(56) PSYoungGen: 125823K(305664K)->96K(305664K) Eden: 125823K(262144K)->0K(262144K) From: 0K(43520K)->96K(43520K)
[9.523s][info][gc,heap        ] GC(56) ParOldGen: 26296K(699392K)->26296K(699392K)
[9.523s][info][gc,metaspace   ] GC(56) Metaspace: 12020K(12224K)->12020K(12224K) NonClass: 10393K(10496K)->10393K(10496K) Class: 1627K(1728K)->1627K(1728K)
[9.523s][info][gc             ] GC(56) Pause Young (System.gc()) 148M->25M(981M) 0.504ms
[9.523s][info][gc,cpu         ] GC(56) User=0.00s Sys=0.00s Real=0.00s
[9.523s][info][gc,start       ] GC(57) Pause Full (System.gc())
[9.523s][info][gc,phases,start] GC(57) Marking Phase
[9.542s][info][gc,phases      ] GC(57) Marking Phase 18.678ms
[9.542s][info][gc,phases,start] GC(57) Summary Phase
[9.542s][info][gc,phases      ] GC(57) Summary Phase 0.019ms
[9.542s][info][gc,phases,start] GC(57) Adjust Roots
[9.544s][info][gc,phases      ] GC(57) Adjust Roots 1.797ms
[9.544s][info][gc,phases,start] GC(57) Compaction Phase
[9.549s][info][gc,phases      ] GC(57) Compaction Phase 5.052ms
[9.549s][info][gc,phases,start] GC(57) Post Compact
[9.549s][info][gc,phases      ] GC(57) Post Compact 0.342ms
[9.549s][info][gc,heap        ] GC(57) PSYoungGen: 96K(305664K)->0K(305664K) Eden: 0K(262144K)->0K(262144K) From: 96K(43520K)->0K(43520K)
[9.549s][info][gc,heap        ] GC(57) ParOldGen: 26296K(699392K)->26296K(699392K)
[9.549s][info][gc,metaspace   ] GC(57) Metaspace: 12020K(12224K)->12020K(12224K) NonClass: 10393K(10496K)->10393K(10496K) Class: 1627K(1728K)->1627K(1728K)
[9.549s][info][gc             ] GC(57) Pause Full (System.gc()) 25M->25M(981M) 26.161ms
[9.549s][info][gc,cpu         ] GC(57) User=0.70s Sys=0.00s Real=0.03s
[9.809s][info][gc,start       ] GC(58) Pause Young (System.gc())
[9.810s][info][gc,heap        ] GC(58) PSYoungGen: 125823K(305664K)->96K(305664K) Eden: 125823K(262144K)->0K(262144K) From: 0K(43520K)->96K(43520K)
[9.810s][info][gc,heap        ] GC(58) ParOldGen: 26296K(699392K)->26296K(699392K)
[9.810s][info][gc,metaspace   ] GC(58) Metaspace: 12022K(12224K)->12022K(12224K) NonClass: 10395K(10496K)->10395K(10496K) Class: 1627K(1728K)->1627K(1728K)
[9.810s][info][gc             ] GC(58) Pause Young (System.gc()) 148M->25M(981M) 0.478ms
[9.810s][info][gc,cpu         ] GC(58) User=0.00s Sys=0.00s Real=0.00s
[9.810s][info][gc,start       ] GC(59) Pause Full (System.gc())
[9.810s][info][gc,phases,start] GC(59) Marking Phase
[9.830s][info][gc,phases      ] GC(59) Marking Phase 19.963ms
[9.830s][info][gc,phases,start] GC(59) Summary Phase
[9.830s][info][gc,phases      ] GC(59) Summary Phase 0.021ms
[9.830s][info][gc,phases,start] GC(59) Adjust Roots
[9.832s][info][gc,phases      ] GC(59) Adjust Roots 1.808ms
[9.832s][info][gc,phases,start] GC(59) Compaction Phase
[9.835s][info][gc,phases      ] GC(59) Compaction Phase 3.049ms
[9.835s][info][gc,phases,start] GC(59) Post Compact
[9.835s][info][gc,phases      ] GC(59) Post Compact 0.331ms
[9.835s][info][gc,heap        ] GC(59) PSYoungGen: 96K(305664K)->0K(305664K) Eden: 0K(262144K)->0K(262144K) From: 96K(43520K)->0K(43520K)
[9.835s][info][gc,heap        ] GC(59) ParOldGen: 26296K(699392K)->26296K(699392K)
[9.835s][info][gc,metaspace   ] GC(59) Metaspace: 12022K(12224K)->12022K(12224K) NonClass: 10395K(10496K)->10395K(10496K) Class: 1627K(1728K)->1627K(1728K)
[9.836s][info][gc             ] GC(59) Pause Full (System.gc()) 25M->25M(981M) 25.471ms
[9.836s][info][gc,cpu         ] GC(59) User=0.72s Sys=0.00s Real=0.04s
[10.112s][info][gc,start       ] GC(60) Pause Young (System.gc())
[10.112s][info][gc,heap        ] GC(60) PSYoungGen: 125823K(305664K)->96K(305664K) Eden: 125823K(262144K)->0K(262144K) From: 0K(43520K)->96K(43520K)
[10.112s][info][gc,heap        ] GC(60) ParOldGen: 26296K(699392K)->26296K(699392K)
[10.113s][info][gc,metaspace   ] GC(60) Metaspace: 12029K(12224K)->12029K(12224K) NonClass: 10402K(10496K)->10402K(10496K) Class: 1627K(1728K)->1627K(1728K)
[10.113s][info][gc             ] GC(60) Pause Young (System.gc()) 148M->25M(981M) 0.466ms
[10.113s][info][gc,cpu         ] GC(60) User=0.00s Sys=0.00s Real=0.00s
[10.113s][info][gc,start       ] GC(61) Pause Full (System.gc())
[10.113s][info][gc,phases,start] GC(61) Marking Phase
[10.132s][info][gc,phases      ] GC(61) Marking Phase 19.335ms
[10.132s][info][gc,phases,start] GC(61) Summary Phase
[10.132s][info][gc,phases      ] GC(61) Summary Phase 0.020ms
[10.132s][info][gc,phases,start] GC(61) Adjust Roots
[10.133s][info][gc,phases      ] GC(61) Adjust Roots 1.137ms
[10.133s][info][gc,phases,start] GC(61) Compaction Phase
[10.138s][info][gc,phases      ] GC(61) Compaction Phase 4.487ms
[10.138s][info][gc,phases,start] GC(61) Post Compact
[10.138s][info][gc,phases      ] GC(61) Post Compact 0.328ms
[10.138s][info][gc,heap        ] GC(61) PSYoungGen: 96K(305664K)->0K(305664K) Eden: 0K(262144K)->0K(262144K) From: 96K(43520K)->0K(43520K)
[10.138s][info][gc,heap        ] GC(61) ParOldGen: 26296K(699392K)->26296K(699392K)
[10.138s][info][gc,metaspace   ] GC(61) Metaspace: 12029K(12224K)->12029K(12224K) NonClass: 10402K(10496K)->10402K(10496K) Class: 1627K(1728K)->1627K(1728K)
[10.138s][info][gc             ] GC(61) Pause Full (System.gc()) 25M->25M(981M) 25.556ms
[10.138s][info][gc,cpu         ] GC(61) User=0.38s Sys=0.00s Real=0.03s
[10.409s][info][gc,start       ] GC(62) Pause Young (System.gc())
[10.409s][info][gc,heap        ] GC(62) PSYoungGen: 125823K(305664K)->96K(305664K) Eden: 125823K(262144K)->0K(262144K) From: 0K(43520K)->96K(43520K)
[10.409s][info][gc,heap        ] GC(62) ParOldGen: 26296K(699392K)->26296K(699392K)
[10.410s][info][gc,metaspace   ] GC(62) Metaspace: 12034K(12224K)->12034K(12224K) NonClass: 10407K(10496K)->10407K(10496K) Class: 1627K(1728K)->1627K(1728K)
[10.410s][info][gc             ] GC(62) Pause Young (System.gc()) 148M->25M(981M) 0.527ms
[10.410s][info][gc,cpu         ] GC(62) User=0.00s Sys=0.00s Real=0.00s
[10.410s][info][gc,start       ] GC(63) Pause Full (System.gc())
[10.410s][info][gc,phases,start] GC(63) Marking Phase
[10.428s][info][gc,phases      ] GC(63) Marking Phase 18.087ms
[10.428s][info][gc,phases,start] GC(63) Summary Phase
[10.428s][info][gc,phases      ] GC(63) Summary Phase 0.021ms
[10.428s][info][gc,phases,start] GC(63) Adjust Roots
[10.429s][info][gc,phases      ] GC(63) Adjust Roots 1.156ms
[10.429s][info][gc,phases,start] GC(63) Compaction Phase
[10.433s][info][gc,phases      ] GC(63) Compaction Phase 3.656ms
[10.433s][info][gc,phases,start] GC(63) Post Compact
[10.433s][info][gc,phases      ] GC(63) Post Compact 0.355ms
[10.433s][info][gc,heap        ] GC(63) PSYoungGen: 96K(305664K)->0K(305664K) Eden: 0K(262144K)->0K(262144K) From: 96K(43520K)->0K(43520K)
[10.433s][info][gc,heap        ] GC(63) ParOldGen: 26296K(699392K)->26296K(699392K)
[10.433s][info][gc,metaspace   ] GC(63) Metaspace: 12034K(12224K)->12034K(12224K) NonClass: 10407K(10496K)->10407K(10496K) Class: 1627K(1728K)->1627K(1728K)
[10.433s][info][gc             ] GC(63) Pause Full (System.gc()) 25M->25M(981M) 23.608ms
[10.433s][info][gc,cpu         ] GC(63) User=0.48s Sys=0.00s Real=0.04s
[10.710s][info][gc,start       ] GC(64) Pause Young (System.gc())
[10.710s][info][gc,heap        ] GC(64) PSYoungGen: 125823K(305664K)->32K(305664K) Eden: 125823K(262144K)->0K(262144K) From: 0K(43520K)->32K(43520K)
[10.710s][info][gc,heap        ] GC(64) ParOldGen: 26296K(699392K)->26296K(699392K)
[10.710s][info][gc,metaspace   ] GC(64) Metaspace: 12035K(12224K)->12035K(12224K) NonClass: 10408K(10496K)->10408K(10496K) Class: 1627K(1728K)->1627K(1728K)
[10.710s][info][gc             ] GC(64) Pause Young (System.gc()) 148M->25M(981M) 0.466ms
[10.711s][info][gc,cpu         ] GC(64) User=0.00s Sys=0.00s Real=0.00s
[10.711s][info][gc,start       ] GC(65) Pause Full (System.gc())
[10.711s][info][gc,phases,start] GC(65) Marking Phase
[10.730s][info][gc,phases      ] GC(65) Marking Phase 19.319ms
[10.730s][info][gc,phases,start] GC(65) Summary Phase
[10.730s][info][gc,phases      ] GC(65) Summary Phase 0.020ms
[10.730s][info][gc,phases,start] GC(65) Adjust Roots
[10.731s][info][gc,phases      ] GC(65) Adjust Roots 1.121ms
[10.731s][info][gc,phases,start] GC(65) Compaction Phase
[10.734s][info][gc,phases      ] GC(65) Compaction Phase 3.144ms
[10.734s][info][gc,phases,start] GC(65) Post Compact
[10.735s][info][gc,phases      ] GC(65) Post Compact 0.295ms
[10.735s][info][gc,heap        ] GC(65) PSYoungGen: 32K(305664K)->0K(305664K) Eden: 0K(262144K)->0K(262144K) From: 32K(43520K)->0K(43520K)
[10.735s][info][gc,heap        ] GC(65) ParOldGen: 26296K(699392K)->26296K(699392K)
[10.735s][info][gc,metaspace   ] GC(65) Metaspace: 12035K(12224K)->12035K(12224K) NonClass: 10408K(10496K)->10408K(10496K) Class: 1627K(1728K)->1627K(1728K)
[10.735s][info][gc             ] GC(65) Pause Full (System.gc()) 25M->25M(981M) 24.126ms
[10.735s][info][gc,cpu         ] GC(65) User=0.36s Sys=0.02s Real=0.03s
[11.014s][info][gc,start       ] GC(66) Pause Young (System.gc())
[11.014s][info][gc,heap        ] GC(66) PSYoungGen: 125823K(305664K)->128K(305664K) Eden: 125823K(262144K)->0K(262144K) From: 0K(43520K)->128K(43520K)
[11.014s][info][gc,heap        ] GC(66) ParOldGen: 26296K(699392K)->26296K(699392K)
[11.014s][info][gc,metaspace   ] GC(66) Metaspace: 12035K(12224K)->12035K(12224K) NonClass: 10408K(10496K)->10408K(10496K) Class: 1627K(1728K)->1627K(1728K)
[11.015s][info][gc             ] GC(66) Pause Young (System.gc()) 148M->25M(981M) 0.467ms
[11.015s][info][gc,cpu         ] GC(66) User=0.00s Sys=0.00s Real=0.00s
[11.015s][info][gc,start       ] GC(67) Pause Full (System.gc())
[11.015s][info][gc,phases,start] GC(67) Marking Phase
[11.034s][info][gc,phases      ] GC(67) Marking Phase 19.181ms
[11.034s][info][gc,phases,start] GC(67) Summary Phase
[11.034s][info][gc,phases      ] GC(67) Summary Phase 0.020ms
[11.034s][info][gc,phases,start] GC(67) Adjust Roots
[11.035s][info][gc,phases      ] GC(67) Adjust Roots 1.269ms
[11.035s][info][gc,phases,start] GC(67) Compaction Phase
[11.040s][info][gc,phases      ] GC(67) Compaction Phase 4.560ms
[11.040s][info][gc,phases,start] GC(67) Post Compact
[11.040s][info][gc,phases      ] GC(67) Post Compact 0.325ms
[11.040s][info][gc,heap        ] GC(67) PSYoungGen: 128K(305664K)->0K(305664K) Eden: 0K(262144K)->0K(262144K) From: 128K(43520K)->0K(43520K)
[11.040s][info][gc,heap        ] GC(67) ParOldGen: 26296K(699392K)->26296K(699392K)
[11.040s][info][gc,metaspace   ] GC(67) Metaspace: 12035K(12224K)->12035K(12224K) NonClass: 10408K(10496K)->10408K(10496K) Class: 1627K(1728K)->1627K(1728K)
[11.040s][info][gc             ] GC(67) Pause Full (System.gc()) 25M->25M(981M) 25.623ms
[11.040s][info][gc,cpu         ] GC(67) User=0.36s Sys=0.00s Real=0.03s
[11.314s][info][gc,start       ] GC(68) Pause Young (System.gc())
[11.314s][info][gc,heap        ] GC(68) PSYoungGen: 125823K(305664K)->96K(305664K) Eden: 125823K(262144K)->0K(262144K) From: 0K(43520K)->96K(43520K)
[11.314s][info][gc,heap        ] GC(68) ParOldGen: 26296K(699392K)->26296K(699392K)
[11.314s][info][gc,metaspace   ] GC(68) Metaspace: 12035K(12224K)->12035K(12224K) NonClass: 10408K(10496K)->10408K(10496K) Class: 1627K(1728K)->1627K(1728K)
[11.315s][info][gc             ] GC(68) Pause Young (System.gc()) 148M->25M(981M) 0.456ms
[11.315s][info][gc,cpu         ] GC(68) User=0.00s Sys=0.00s Real=0.00s
[11.315s][info][gc,start       ] GC(69) Pause Full (System.gc())
[11.315s][info][gc,phases,start] GC(69) Marking Phase
[11.333s][info][gc,phases      ] GC(69) Marking Phase 18.243ms
[11.333s][info][gc,phases,start] GC(69) Summary Phase
[11.333s][info][gc,phases      ] GC(69) Summary Phase 0.028ms
[11.333s][info][gc,phases,start] GC(69) Adjust Roots
[11.335s][info][gc,phases      ] GC(69) Adjust Roots 2.329ms
[11.335s][info][gc,phases,start] GC(69) Compaction Phase
[11.340s][info][gc,phases      ] GC(69) Compaction Phase 4.541ms
[11.340s][info][gc,phases,start] GC(69) Post Compact
[11.340s][info][gc,phases      ] GC(69) Post Compact 0.319ms
[11.340s][info][gc,heap        ] GC(69) PSYoungGen: 96K(305664K)->0K(305664K) Eden: 0K(262144K)->0K(262144K) From: 96K(43520K)->0K(43520K)
[11.340s][info][gc,heap        ] GC(69) ParOldGen: 26296K(699392K)->26296K(699392K)
[11.340s][info][gc,metaspace   ] GC(69) Metaspace: 12035K(12224K)->12035K(12224K) NonClass: 10408K(10496K)->10408K(10496K) Class: 1627K(1728K)->1627K(1728K)
[11.340s][info][gc             ] GC(69) Pause Full (System.gc()) 25M->25M(981M) 25.755ms
[11.340s][info][gc,cpu         ] GC(69) User=0.38s Sys=0.00s Real=0.03s
[11.602s][info][gc,start       ] GC(70) Pause Young (System.gc())
[11.603s][info][gc,heap        ] GC(70) PSYoungGen: 125823K(305664K)->64K(305664K) Eden: 125823K(262144K)->0K(262144K) From: 0K(43520K)->64K(43520K)
[11.603s][info][gc,heap        ] GC(70) ParOldGen: 26296K(699392K)->26296K(699392K)
[11.603s][info][gc,metaspace   ] GC(70) Metaspace: 12035K(12224K)->12035K(12224K) NonClass: 10408K(10496K)->10408K(10496K) Class: 1627K(1728K)->1627K(1728K)
[11.603s][info][gc             ] GC(70) Pause Young (System.gc()) 148M->25M(981M) 0.467ms
[11.603s][info][gc,cpu         ] GC(70) User=0.00s Sys=0.00s Real=0.00s
[11.603s][info][gc,start       ] GC(71) Pause Full (System.gc())
[11.603s][info][gc,phases,start] GC(71) Marking Phase
[11.622s][info][gc,phases      ] GC(71) Marking Phase 18.905ms
[11.622s][info][gc,phases,start] GC(71) Summary Phase
[11.622s][info][gc,phases      ] GC(71) Summary Phase 0.021ms
[11.622s][info][gc,phases,start] GC(71) Adjust Roots
[11.623s][info][gc,phases      ] GC(71) Adjust Roots 1.120ms
[11.623s][info][gc,phases,start] GC(71) Compaction Phase
[11.628s][info][gc,phases      ] GC(71) Compaction Phase 4.584ms
[11.628s][info][gc,phases,start] GC(71) Post Compact
[11.628s][info][gc,phases      ] GC(71) Post Compact 0.345ms
[11.628s][info][gc,heap        ] GC(71) PSYoungGen: 64K(305664K)->0K(305664K) Eden: 0K(262144K)->0K(262144K) From: 64K(43520K)->0K(43520K)
[11.628s][info][gc,heap        ] GC(71) ParOldGen: 26296K(699392K)->26296K(699392K)
[11.628s][info][gc,metaspace   ] GC(71) Metaspace: 12035K(12224K)->12035K(12224K) NonClass: 10408K(10496K)->10408K(10496K) Class: 1627K(1728K)->1627K(1728K)
[11.628s][info][gc             ] GC(71) Pause Full (System.gc()) 25M->25M(981M) 25.420ms
[11.628s][info][gc,cpu         ] GC(71) User=0.36s Sys=0.00s Real=0.01s
[11.901s][info][gc,start       ] GC(72) Pause Young (System.gc())
[11.901s][info][gc,heap        ] GC(72) PSYoungGen: 125823K(305664K)->416K(305664K) Eden: 125823K(262144K)->0K(262144K) From: 0K(43520K)->416K(43520K)
[11.901s][info][gc,heap        ] GC(72) ParOldGen: 26296K(699392K)->26296K(699392K)
[11.901s][info][gc,metaspace   ] GC(72) Metaspace: 12038K(12288K)->12038K(12288K) NonClass: 10411K(10560K)->10411K(10560K) Class: 1627K(1728K)->1627K(1728K)
[11.901s][info][gc             ] GC(72) Pause Young (System.gc()) 148M->26M(981M) 0.514ms
[11.901s][info][gc,cpu         ] GC(72) User=0.00s Sys=0.02s Real=0.02s
[11.902s][info][gc,start       ] GC(73) Pause Full (System.gc())
[11.902s][info][gc,phases,start] GC(73) Marking Phase
[11.920s][info][gc,phases      ] GC(73) Marking Phase 18.663ms
[11.920s][info][gc,phases,start] GC(73) Summary Phase
[11.920s][info][gc,phases      ] GC(73) Summary Phase 0.021ms
[11.920s][info][gc,phases,start] GC(73) Adjust Roots
[11.922s][info][gc,phases      ] GC(73) Adjust Roots 1.144ms
[11.922s][info][gc,phases,start] GC(73) Compaction Phase
[11.926s][info][gc,phases      ] GC(73) Compaction Phase 4.564ms
[11.926s][info][gc,phases,start] GC(73) Post Compact
[11.927s][info][gc,phases      ] GC(73) Post Compact 0.373ms
[11.927s][info][gc,heap        ] GC(73) PSYoungGen: 416K(305664K)->0K(305664K) Eden: 0K(262144K)->0K(262144K) From: 416K(43520K)->0K(43520K)
[11.927s][info][gc,heap        ] GC(73) ParOldGen: 26296K(699392K)->26298K(699392K)
[11.927s][info][gc,metaspace   ] GC(73) Metaspace: 12038K(12288K)->12038K(12288K) NonClass: 10411K(10560K)->10411K(10560K) Class: 1627K(1728K)->1627K(1728K)
[11.927s][info][gc             ] GC(73) Pause Full (System.gc()) 26M->25M(981M) 25.058ms
[11.927s][info][gc,cpu         ] GC(73) User=0.36s Sys=0.00s Real=0.02s
[12.189s][info][gc,start       ] GC(74) Pause Young (System.gc())
[12.189s][info][gc,heap        ] GC(74) PSYoungGen: 125823K(305664K)->32K(305664K) Eden: 125823K(262144K)->0K(262144K) From: 0K(43520K)->32K(43520K)
[12.189s][info][gc,heap        ] GC(74) ParOldGen: 26298K(699392K)->26298K(699392K)
[12.189s][info][gc,metaspace   ] GC(74) Metaspace: 12038K(12288K)->12038K(12288K) NonClass: 10411K(10560K)->10411K(10560K) Class: 1627K(1728K)->1627K(1728K)
[12.190s][info][gc             ] GC(74) Pause Young (System.gc()) 148M->25M(981M) 0.480ms
[12.190s][info][gc,cpu         ] GC(74) User=0.00s Sys=0.00s Real=0.00s
[12.190s][info][gc,start       ] GC(75) Pause Full (System.gc())
[12.190s][info][gc,phases,start] GC(75) Marking Phase
[12.211s][info][gc,phases      ] GC(75) Marking Phase 21.516ms
[12.211s][info][gc,phases,start] GC(75) Summary Phase
[12.211s][info][gc,phases      ] GC(75) Summary Phase 0.020ms
[12.211s][info][gc,phases,start] GC(75) Adjust Roots
[12.212s][info][gc,phases      ] GC(75) Adjust Roots 1.125ms
[12.212s][info][gc,phases,start] GC(75) Compaction Phase
[12.217s][info][gc,phases      ] GC(75) Compaction Phase 4.569ms
[12.217s][info][gc,phases,start] GC(75) Post Compact
[12.217s][info][gc,phases      ] GC(75) Post Compact 0.325ms
[12.217s][info][gc,heap        ] GC(75) PSYoungGen: 32K(305664K)->0K(305664K) Eden: 0K(262144K)->0K(262144K) From: 32K(43520K)->0K(43520K)
[12.217s][info][gc,heap        ] GC(75) ParOldGen: 26298K(699392K)->26298K(699392K)
[12.217s][info][gc,metaspace   ] GC(75) Metaspace: 12038K(12288K)->12038K(12288K) NonClass: 10411K(10560K)->10411K(10560K) Class: 1627K(1728K)->1627K(1728K)
[12.218s][info][gc             ] GC(75) Pause Full (System.gc()) 25M->25M(981M) 27.816ms
[12.218s][info][gc,cpu         ] GC(75) User=0.72s Sys=0.00s Real=0.03s
[12.479s][info][gc,start       ] GC(76) Pause Young (System.gc())
[12.480s][info][gc,heap        ] GC(76) PSYoungGen: 125823K(305664K)->96K(305664K) Eden: 125823K(262144K)->0K(262144K) From: 0K(43520K)->96K(43520K)
[12.480s][info][gc,heap        ] GC(76) ParOldGen: 26298K(699392K)->26298K(699392K)
[12.480s][info][gc,metaspace   ] GC(76) Metaspace: 12039K(12288K)->12039K(12288K) NonClass: 10412K(10560K)->10412K(10560K) Class: 1627K(1728K)->1627K(1728K)
[12.480s][info][gc             ] GC(76) Pause Young (System.gc()) 148M->25M(981M) 0.472ms
[12.480s][info][gc,cpu         ] GC(76) User=0.00s Sys=0.00s Real=0.00s
[12.480s][info][gc,start       ] GC(77) Pause Full (System.gc())
[12.480s][info][gc,phases,start] GC(77) Marking Phase
[12.499s][info][gc,phases      ] GC(77) Marking Phase 19.436ms
[12.500s][info][gc,phases,start] GC(77) Summary Phase
[12.500s][info][gc,phases      ] GC(77) Summary Phase 0.019ms
[12.500s][info][gc,phases,start] GC(77) Adjust Roots
[12.501s][info][gc,phases      ] GC(77) Adjust Roots 1.649ms
[12.501s][info][gc,phases,start] GC(77) Compaction Phase
[12.506s][info][gc,phases      ] GC(77) Compaction Phase 5.020ms
[12.506s][info][gc,phases,start] GC(77) Post Compact
[12.507s][info][gc,phases      ] GC(77) Post Compact 0.317ms
[12.507s][info][gc,heap        ] GC(77) PSYoungGen: 96K(305664K)->0K(305664K) Eden: 0K(262144K)->0K(262144K) From: 96K(43520K)->0K(43520K)
[12.507s][info][gc,heap        ] GC(77) ParOldGen: 26298K(699392K)->26298K(699392K)
[12.507s][info][gc,metaspace   ] GC(77) Metaspace: 12039K(12288K)->12039K(12288K) NonClass: 10412K(10560K)->10412K(10560K) Class: 1627K(1728K)->1627K(1728K)
[12.507s][info][gc             ] GC(77) Pause Full (System.gc()) 25M->25M(981M) 26.715ms
[12.507s][info][gc,cpu         ] GC(77) User=0.72s Sys=0.00s Real=0.03s
[12.782s][info][gc,start       ] GC(78) Pause Young (System.gc())
[12.783s][info][gc,heap        ] GC(78) PSYoungGen: 125823K(305664K)->32K(305664K) Eden: 125823K(262144K)->0K(262144K) From: 0K(43520K)->32K(43520K)
[12.783s][info][gc,heap        ] GC(78) ParOldGen: 26298K(699392K)->26298K(699392K)
[12.783s][info][gc,metaspace   ] GC(78) Metaspace: 12039K(12288K)->12039K(12288K) NonClass: 10412K(10560K)->10412K(10560K) Class: 1627K(1728K)->1627K(1728K)
[12.783s][info][gc             ] GC(78) Pause Young (System.gc()) 148M->25M(981M) 0.535ms
[12.783s][info][gc,cpu         ] GC(78) User=0.00s Sys=0.00s Real=0.00s
[12.783s][info][gc,start       ] GC(79) Pause Full (System.gc())
[12.783s][info][gc,phases,start] GC(79) Marking Phase
[12.804s][info][gc,phases      ] GC(79) Marking Phase 20.536ms
[12.804s][info][gc,phases,start] GC(79) Summary Phase
[12.804s][info][gc,phases      ] GC(79) Summary Phase 0.020ms
[12.804s][info][gc,phases,start] GC(79) Adjust Roots
[12.805s][info][gc,phases      ] GC(79) Adjust Roots 1.133ms
[12.805s][info][gc,phases,start] GC(79) Compaction Phase
[12.809s][info][gc,phases      ] GC(79) Compaction Phase 4.538ms
[12.809s][info][gc,phases,start] GC(79) Post Compact
[12.810s][info][gc,phases      ] GC(79) Post Compact 0.321ms
[12.810s][info][gc,heap        ] GC(79) PSYoungGen: 32K(305664K)->0K(305664K) Eden: 0K(262144K)->0K(262144K) From: 32K(43520K)->0K(43520K)
[12.810s][info][gc,heap        ] GC(79) ParOldGen: 26298K(699392K)->26298K(699392K)
[12.810s][info][gc,metaspace   ] GC(79) Metaspace: 12039K(12288K)->12039K(12288K) NonClass: 10412K(10560K)->10412K(10560K) Class: 1627K(1728K)->1627K(1728K)
[12.810s][info][gc             ] GC(79) Pause Full (System.gc()) 25M->25M(981M) 26.797ms
[12.810s][info][gc,cpu         ] GC(79) User=0.36s Sys=0.02s Real=0.03s
[13.080s][info][gc,start       ] GC(80) Pause Young (System.gc())
[13.080s][info][gc,heap        ] GC(80) PSYoungGen: 125823K(305664K)->96K(305664K) Eden: 125823K(262144K)->0K(262144K) From: 0K(43520K)->96K(43520K)
[13.080s][info][gc,heap        ] GC(80) ParOldGen: 26298K(699392K)->26298K(699392K)
[13.080s][info][gc,metaspace   ] GC(80) Metaspace: 12042K(12288K)->12042K(12288K) NonClass: 10415K(10560K)->10415K(10560K) Class: 1627K(1728K)->1627K(1728K)
[13.080s][info][gc             ] GC(80) Pause Young (System.gc()) 148M->25M(981M) 0.578ms
[13.080s][info][gc,cpu         ] GC(80) User=0.02s Sys=0.00s Real=0.01s
[13.080s][info][gc,start       ] GC(81) Pause Full (System.gc())
[13.081s][info][gc,phases,start] GC(81) Marking Phase
[13.100s][info][gc,phases      ] GC(81) Marking Phase 19.981ms
[13.101s][info][gc,phases,start] GC(81) Summary Phase
[13.101s][info][gc,phases      ] GC(81) Summary Phase 0.022ms
[13.101s][info][gc,phases,start] GC(81) Adjust Roots
[13.102s][info][gc,phases      ] GC(81) Adjust Roots 1.130ms
[13.102s][info][gc,phases,start] GC(81) Compaction Phase
[13.106s][info][gc,phases      ] GC(81) Compaction Phase 4.564ms
[13.106s][info][gc,phases,start] GC(81) Post Compact
[13.107s][info][gc,phases      ] GC(81) Post Compact 0.322ms
[13.107s][info][gc,heap        ] GC(81) PSYoungGen: 96K(305664K)->0K(305664K) Eden: 0K(262144K)->0K(262144K) From: 96K(43520K)->0K(43520K)
[13.107s][info][gc,heap        ] GC(81) ParOldGen: 26298K(699392K)->26298K(699392K)
[13.107s][info][gc,metaspace   ] GC(81) Metaspace: 12042K(12288K)->12042K(12288K) NonClass: 10415K(10560K)->10415K(10560K) Class: 1627K(1728K)->1627K(1728K)
[13.107s][info][gc             ] GC(81) Pause Full (System.gc()) 25M->25M(981M) 26.278ms
[13.107s][info][gc,cpu         ] GC(81) User=0.36s Sys=0.00s Real=0.02s
[13.367s][info][gc,start       ] GC(82) Pause Young (System.gc())
[13.367s][info][gc,heap        ] GC(82) PSYoungGen: 125823K(305664K)->32K(305664K) Eden: 125823K(262144K)->0K(262144K) From: 0K(43520K)->32K(43520K)
[13.367s][info][gc,heap        ] GC(82) ParOldGen: 26298K(699392K)->26298K(699392K)
[13.367s][info][gc,metaspace   ] GC(82) Metaspace: 12042K(12288K)->12042K(12288K) NonClass: 10415K(10560K)->10415K(10560K) Class: 1627K(1728K)->1627K(1728K)
[13.368s][info][gc             ] GC(82) Pause Young (System.gc()) 148M->25M(981M) 0.474ms
[13.368s][info][gc,cpu         ] GC(82) User=0.00s Sys=0.00s Real=0.00s
[13.368s][info][gc,start       ] GC(83) Pause Full (System.gc())
[13.368s][info][gc,phases,start] GC(83) Marking Phase
[13.388s][info][gc,phases      ] GC(83) Marking Phase 20.224ms
[13.388s][info][gc,phases,start] GC(83) Summary Phase
[13.388s][info][gc,phases      ] GC(83) Summary Phase 0.020ms
[13.388s][info][gc,phases,start] GC(83) Adjust Roots
[13.390s][info][gc,phases      ] GC(83) Adjust Roots 1.809ms
[13.390s][info][gc,phases,start] GC(83) Compaction Phase
[13.395s][info][gc,phases      ] GC(83) Compaction Phase 4.669ms
[13.395s][info][gc,phases,start] GC(83) Post Compact
[13.395s][info][gc,phases      ] GC(83) Post Compact 0.343ms
[13.395s][info][gc,heap        ] GC(83) PSYoungGen: 32K(305664K)->0K(305664K) Eden: 0K(262144K)->0K(262144K) From: 32K(43520K)->0K(43520K)
[13.395s][info][gc,heap        ] GC(83) ParOldGen: 26298K(699392K)->26298K(699392K)
[13.395s][info][gc,metaspace   ] GC(83) Metaspace: 12042K(12288K)->12042K(12288K) NonClass: 10415K(10560K)->10415K(10560K) Class: 1627K(1728K)->1627K(1728K)
[13.395s][info][gc             ] GC(83) Pause Full (System.gc()) 25M->25M(981M) 27.333ms
[13.395s][info][gc,cpu         ] GC(83) User=0.67s Sys=0.00s Real=0.03s
[13.683s][info][gc,start       ] GC(84) Pause Young (System.gc())
[13.684s][info][gc,heap        ] GC(84) PSYoungGen: 125823K(305664K)->32K(305664K) Eden: 125823K(262144K)->0K(262144K) From: 0K(43520K)->32K(43520K)
[13.684s][info][gc,heap        ] GC(84) ParOldGen: 26298K(699392K)->26298K(699392K)
[13.684s][info][gc,metaspace   ] GC(84) Metaspace: 12050K(12288K)->12050K(12288K) NonClass: 10423K(10560K)->10423K(10560K) Class: 1627K(1728K)->1627K(1728K)
[13.684s][info][gc             ] GC(84) Pause Young (System.gc()) 148M->25M(981M) 0.405ms
[13.684s][info][gc,cpu         ] GC(84) User=0.00s Sys=0.00s Real=0.00s
[13.684s][info][gc,start       ] GC(85) Pause Full (System.gc())
[13.684s][info][gc,phases,start] GC(85) Marking Phase
[13.702s][info][gc,phases      ] GC(85) Marking Phase 18.100ms
[13.702s][info][gc,phases,start] GC(85) Summary Phase
[13.702s][info][gc,phases      ] GC(85) Summary Phase 0.012ms
[13.702s][info][gc,phases,start] GC(85) Adjust Roots
[13.703s][info][gc,phases      ] GC(85) Adjust Roots 1.130ms
[13.703s][info][gc,phases,start] GC(85) Compaction Phase
[13.708s][info][gc,phases      ] GC(85) Compaction Phase 4.410ms
[13.708s][info][gc,phases,start] GC(85) Post Compact
[13.708s][info][gc,phases      ] GC(85) Post Compact 0.285ms
[13.708s][info][gc,heap        ] GC(85) PSYoungGen: 32K(305664K)->0K(305664K) Eden: 0K(262144K)->0K(262144K) From: 32K(43520K)->0K(43520K)
[13.708s][info][gc,heap        ] GC(85) ParOldGen: 26298K(699392K)->26298K(699392K)
[13.708s][info][gc,metaspace   ] GC(85) Metaspace: 12050K(12288K)->12050K(12288K) NonClass: 10423K(10560K)->10423K(10560K) Class: 1627K(1728K)->1627K(1728K)
[13.708s][info][gc             ] GC(85) Pause Full (System.gc()) 25M->25M(981M) 24.136ms
[13.708s][info][gc,cpu         ] GC(85) User=0.72s Sys=0.00s Real=0.03s
[13.972s][info][gc,start       ] GC(86) Pause Young (System.gc())
[13.973s][info][gc,heap        ] GC(86) PSYoungGen: 125823K(305664K)->96K(305664K) Eden: 125823K(262144K)->0K(262144K) From: 0K(43520K)->96K(43520K)
[13.973s][info][gc,heap        ] GC(86) ParOldGen: 26298K(699392K)->26298K(699392K)
[13.973s][info][gc,metaspace   ] GC(86) Metaspace: 12053K(12288K)->12053K(12288K) NonClass: 10426K(10560K)->10426K(10560K) Class: 1627K(1728K)->1627K(1728K)
[13.973s][info][gc             ] GC(86) Pause Young (System.gc()) 148M->25M(981M) 0.478ms
[13.973s][info][gc,cpu         ] GC(86) User=0.00s Sys=0.00s Real=0.00s
[13.973s][info][gc,start       ] GC(87) Pause Full (System.gc())
[13.973s][info][gc,phases,start] GC(87) Marking Phase
[13.992s][info][gc,phases      ] GC(87) Marking Phase 18.730ms
[13.992s][info][gc,phases,start] GC(87) Summary Phase
[13.992s][info][gc,phases      ] GC(87) Summary Phase 0.019ms
[13.992s][info][gc,phases,start] GC(87) Adjust Roots
[13.993s][info][gc,phases      ] GC(87) Adjust Roots 1.121ms
[13.993s][info][gc,phases,start] GC(87) Compaction Phase
[13.998s][info][gc,phases      ] GC(87) Compaction Phase 4.567ms
[13.998s][info][gc,phases,start] GC(87) Post Compact
[13.998s][info][gc,phases      ] GC(87) Post Compact 0.336ms
[13.998s][info][gc,heap        ] GC(87) PSYoungGen: 96K(305664K)->0K(305664K) Eden: 0K(262144K)->0K(262144K) From: 96K(43520K)->0K(43520K)
[13.998s][info][gc,heap        ] GC(87) ParOldGen: 26298K(699392K)->26298K(699392K)
[13.998s][info][gc,metaspace   ] GC(87) Metaspace: 12053K(12288K)->12053K(12288K) NonClass: 10426K(10560K)->10426K(10560K) Class: 1627K(1728K)->1627K(1728K)
[13.998s][info][gc             ] GC(87) Pause Full (System.gc()) 25M->25M(981M) 25.041ms
[13.998s][info][gc,cpu         ] GC(87) User=0.36s Sys=0.00s Real=0.02s
[14.258s][info][gc,start       ] GC(88) Pause Young (System.gc())
[14.258s][info][gc,heap        ] GC(88) PSYoungGen: 125823K(305664K)->128K(305664K) Eden: 125823K(262144K)->0K(262144K) From: 0K(43520K)->128K(43520K)
[14.259s][info][gc,heap        ] GC(88) ParOldGen: 26298K(699392K)->26298K(699392K)
[14.259s][info][gc,metaspace   ] GC(88) Metaspace: 12053K(12288K)->12053K(12288K) NonClass: 10426K(10560K)->10426K(10560K) Class: 1627K(1728K)->1627K(1728K)
[14.259s][info][gc             ] GC(88) Pause Young (System.gc()) 148M->25M(981M) 0.481ms
[14.259s][info][gc,cpu         ] GC(88) User=0.00s Sys=0.00s Real=0.00s
[14.259s][info][gc,start       ] GC(89) Pause Full (System.gc())
[14.259s][info][gc,phases,start] GC(89) Marking Phase
[14.279s][info][gc,phases      ] GC(89) Marking Phase 19.828ms
[14.279s][info][gc,phases,start] GC(89) Summary Phase
[14.279s][info][gc,phases      ] GC(89) Summary Phase 0.019ms
[14.279s][info][gc,phases,start] GC(89) Adjust Roots
[14.280s][info][gc,phases      ] GC(89) Adjust Roots 1.128ms
[14.280s][info][gc,phases,start] GC(89) Compaction Phase
[14.284s][info][gc,phases      ] GC(89) Compaction Phase 4.497ms
[14.284s][info][gc,phases,start] GC(89) Post Compact
[14.285s][info][gc,phases      ] GC(89) Post Compact 0.316ms
[14.285s][info][gc,heap        ] GC(89) PSYoungGen: 128K(305664K)->0K(305664K) Eden: 0K(262144K)->0K(262144K) From: 128K(43520K)->0K(43520K)
[14.285s][info][gc,heap        ] GC(89) ParOldGen: 26298K(699392K)->26298K(699392K)
[14.285s][info][gc,metaspace   ] GC(89) Metaspace: 12053K(12288K)->12053K(12288K) NonClass: 10426K(10560K)->10426K(10560K) Class: 1627K(1728K)->1627K(1728K)
[14.285s][info][gc             ] GC(89) Pause Full (System.gc()) 25M->25M(981M) 26.042ms
[14.285s][info][gc,cpu         ] GC(89) User=0.39s Sys=0.00s Real=0.03s
[14.560s][info][gc,start       ] GC(90) Pause Young (System.gc())
[14.560s][info][gc,heap        ] GC(90) PSYoungGen: 125823K(305664K)->32K(305664K) Eden: 125823K(262144K)->0K(262144K) From: 0K(43520K)->32K(43520K)
[14.560s][info][gc,heap        ] GC(90) ParOldGen: 26298K(699392K)->26298K(699392K)
[14.560s][info][gc,metaspace   ] GC(90) Metaspace: 12053K(12288K)->12053K(12288K) NonClass: 10426K(10560K)->10426K(10560K) Class: 1627K(1728K)->1627K(1728K)
[14.560s][info][gc             ] GC(90) Pause Young (System.gc()) 148M->25M(981M) 0.477ms
[14.560s][info][gc,cpu         ] GC(90) User=0.00s Sys=0.00s Real=0.00s
[14.560s][info][gc,start       ] GC(91) Pause Full (System.gc())
[14.560s][info][gc,phases,start] GC(91) Marking Phase
[14.580s][info][gc,phases      ] GC(91) Marking Phase 20.206ms
[14.580s][info][gc,phases,start] GC(91) Summary Phase
[14.581s][info][gc,phases      ] GC(91) Summary Phase 0.019ms
[14.581s][info][gc,phases,start] GC(91) Adjust Roots
[14.582s][info][gc,phases      ] GC(91) Adjust Roots 1.745ms
[14.582s][info][gc,phases,start] GC(91) Compaction Phase
[14.587s][info][gc,phases      ] GC(91) Compaction Phase 4.474ms
[14.587s][info][gc,phases,start] GC(91) Post Compact
[14.587s][info][gc,phases      ] GC(91) Post Compact 0.327ms
[14.587s][info][gc,heap        ] GC(91) PSYoungGen: 32K(305664K)->0K(305664K) Eden: 0K(262144K)->0K(262144K) From: 32K(43520K)->0K(43520K)
[14.587s][info][gc,heap        ] GC(91) ParOldGen: 26298K(699392K)->26298K(699392K)
[14.587s][info][gc,metaspace   ] GC(91) Metaspace: 12053K(12288K)->12053K(12288K) NonClass: 10426K(10560K)->10426K(10560K) Class: 1627K(1728K)->1627K(1728K)
[14.587s][info][gc             ] GC(91) Pause Full (System.gc()) 25M->25M(981M) 27.059ms
[14.587s][info][gc,cpu         ] GC(91) User=0.38s Sys=0.00s Real=0.03s
[14.857s][info][gc,start       ] GC(92) Pause Young (System.gc())
[14.858s][info][gc,heap        ] GC(92) PSYoungGen: 125823K(305664K)->352K(305664K) Eden: 125823K(262144K)->0K(262144K) From: 0K(43520K)->352K(43520K)
[14.858s][info][gc,heap        ] GC(92) ParOldGen: 26298K(699392K)->26298K(699392K)
[14.858s][info][gc,metaspace   ] GC(92) Metaspace: 12053K(12288K)->12053K(12288K) NonClass: 10426K(10560K)->10426K(10560K) Class: 1627K(1728K)->1627K(1728K)
[14.858s][info][gc             ] GC(92) Pause Young (System.gc()) 148M->26M(981M) 0.545ms
[14.858s][info][gc,cpu         ] GC(92) User=0.00s Sys=0.00s Real=0.00s
[14.858s][info][gc,start       ] GC(93) Pause Full (System.gc())
[14.858s][info][gc,phases,start] GC(93) Marking Phase
[14.876s][info][gc,phases      ] GC(93) Marking Phase 17.710ms
[14.876s][info][gc,phases,start] GC(93) Summary Phase
[14.876s][info][gc,phases      ] GC(93) Summary Phase 0.021ms
[14.876s][info][gc,phases,start] GC(93) Adjust Roots
[14.878s][info][gc,phases      ] GC(93) Adjust Roots 1.844ms
[14.878s][info][gc,phases,start] GC(93) Compaction Phase
[14.883s][info][gc,phases      ] GC(93) Compaction Phase 4.781ms
[14.883s][info][gc,phases,start] GC(93) Post Compact
[14.883s][info][gc,phases      ] GC(93) Post Compact 0.344ms
[14.883s][info][gc,heap        ] GC(93) PSYoungGen: 352K(305664K)->0K(305664K) Eden: 0K(262144K)->0K(262144K) From: 352K(43520K)->0K(43520K)
[14.883s][info][gc,heap        ] GC(93) ParOldGen: 26298K(699392K)->26299K(699392K)
[14.883s][info][gc,metaspace   ] GC(93) Metaspace: 12053K(12288K)->12053K(12288K) NonClass: 10426K(10560K)->10426K(10560K) Class: 1627K(1728K)->1627K(1728K)
[14.883s][info][gc             ] GC(93) Pause Full (System.gc()) 26M->25M(981M) 24.987ms
[14.883s][info][gc,cpu         ] GC(93) User=0.38s Sys=0.00s Real=0.03s
[15.145s][info][gc,start       ] GC(94) Pause Young (System.gc())
[15.145s][info][gc,heap        ] GC(94) PSYoungGen: 125823K(305664K)->32K(305664K) Eden: 125823K(262144K)->0K(262144K) From: 0K(43520K)->32K(43520K)
[15.145s][info][gc,heap        ] GC(94) ParOldGen: 26299K(699392K)->26299K(699392K)
[15.145s][info][gc,metaspace   ] GC(94) Metaspace: 12053K(12288K)->12053K(12288K) NonClass: 10426K(10560K)->10426K(10560K) Class: 1627K(1728K)->1627K(1728K)
[15.145s][info][gc             ] GC(94) Pause Young (System.gc()) 148M->25M(981M) 0.486ms
[15.146s][info][gc,cpu         ] GC(94) User=0.00s Sys=0.00s Real=0.00s
[15.146s][info][gc,start       ] GC(95) Pause Full (System.gc())
[15.146s][info][gc,phases,start] GC(95) Marking Phase
[15.167s][info][gc,phases      ] GC(95) Marking Phase 21.381ms
[15.167s][info][gc,phases,start] GC(95) Summary Phase
[15.167s][info][gc,phases      ] GC(95) Summary Phase 0.020ms
[15.167s][info][gc,phases,start] GC(95) Adjust Roots
[15.169s][info][gc,phases      ] GC(95) Adjust Roots 1.836ms
[15.169s][info][gc,phases,start] GC(95) Compaction Phase
[15.174s][info][gc,phases      ] GC(95) Compaction Phase 4.905ms
[15.174s][info][gc,phases,start] GC(95) Post Compact
[15.174s][info][gc,phases      ] GC(95) Post Compact 0.342ms
[15.174s][info][gc,heap        ] GC(95) PSYoungGen: 32K(305664K)->0K(305664K) Eden: 0K(262144K)->0K(262144K) From: 32K(43520K)->0K(43520K)
[15.174s][info][gc,heap        ] GC(95) ParOldGen: 26299K(699392K)->26299K(699392K)
[15.174s][info][gc,metaspace   ] GC(95) Metaspace: 12053K(12288K)->12053K(12288K) NonClass: 10426K(10560K)->10426K(10560K) Class: 1627K(1728K)->1627K(1728K)
[15.174s][info][gc             ] GC(95) Pause Full (System.gc()) 25M->25M(981M) 28.757ms
[15.174s][info][gc,cpu         ] GC(95) User=0.39s Sys=0.00s Real=0.03s
[15.448s][info][gc,start       ] GC(96) Pause Young (System.gc())
[15.449s][info][gc,heap        ] GC(96) PSYoungGen: 125823K(305664K)->32K(305664K) Eden: 125823K(262144K)->0K(262144K) From: 0K(43520K)->32K(43520K)
[15.449s][info][gc,heap        ] GC(96) ParOldGen: 26299K(699392K)->26299K(699392K)
[15.449s][info][gc,metaspace   ] GC(96) Metaspace: 12053K(12288K)->12053K(12288K) NonClass: 10426K(10560K)->10426K(10560K) Class: 1627K(1728K)->1627K(1728K)
[15.449s][info][gc             ] GC(96) Pause Young (System.gc()) 148M->25M(981M) 0.476ms
[15.449s][info][gc,cpu         ] GC(96) User=0.00s Sys=0.00s Real=0.00s
[15.449s][info][gc,start       ] GC(97) Pause Full (System.gc())
[15.449s][info][gc,phases,start] GC(97) Marking Phase
[15.467s][info][gc,phases      ] GC(97) Marking Phase 18.010ms
[15.467s][info][gc,phases,start] GC(97) Summary Phase
[15.467s][info][gc,phases      ] GC(97) Summary Phase 0.020ms
[15.467s][info][gc,phases,start] GC(97) Adjust Roots
[15.468s][info][gc,phases      ] GC(97) Adjust Roots 1.140ms
[15.468s][info][gc,phases,start] GC(97) Compaction Phase
[15.473s][info][gc,phases      ] GC(97) Compaction Phase 4.542ms
[15.473s][info][gc,phases,start] GC(97) Post Compact
[15.473s][info][gc,phases      ] GC(97) Post Compact 0.327ms
[15.473s][info][gc,heap        ] GC(97) PSYoungGen: 32K(305664K)->0K(305664K) Eden: 0K(262144K)->0K(262144K) From: 32K(43520K)->0K(43520K)
[15.473s][info][gc,heap        ] GC(97) ParOldGen: 26299K(699392K)->26299K(699392K)
[15.473s][info][gc,metaspace   ] GC(97) Metaspace: 12053K(12288K)->12053K(12288K) NonClass: 10426K(10560K)->10426K(10560K) Class: 1627K(1728K)->1627K(1728K)
[15.473s][info][gc             ] GC(97) Pause Full (System.gc()) 25M->25M(981M) 24.298ms
[15.473s][info][gc,cpu         ] GC(97) User=0.72s Sys=0.00s Real=0.03s
[15.743s][info][gc,start       ] GC(98) Pause Young (System.gc())
[15.743s][info][gc,heap        ] GC(98) PSYoungGen: 125823K(305664K)->32K(305664K) Eden: 125823K(262144K)->0K(262144K) From: 0K(43520K)->32K(43520K)
[15.743s][info][gc,heap        ] GC(98) ParOldGen: 26299K(699392K)->26299K(699392K)
[15.743s][info][gc,metaspace   ] GC(98) Metaspace: 12068K(12288K)->12068K(12288K) NonClass: 10441K(10560K)->10441K(10560K) Class: 1627K(1728K)->1627K(1728K)
[15.743s][info][gc             ] GC(98) Pause Young (System.gc()) 148M->25M(981M) 0.467ms
[15.743s][info][gc,cpu         ] GC(98) User=0.00s Sys=0.00s Real=0.00s
[15.743s][info][gc,start       ] GC(99) Pause Full (System.gc())
[15.744s][info][gc,phases,start] GC(99) Marking Phase
[15.762s][info][gc,phases      ] GC(99) Marking Phase 18.503ms
[15.762s][info][gc,phases,start] GC(99) Summary Phase
[15.762s][info][gc,phases      ] GC(99) Summary Phase 0.020ms
[15.762s][info][gc,phases,start] GC(99) Adjust Roots
[15.763s][info][gc,phases      ] GC(99) Adjust Roots 1.137ms
[15.763s][info][gc,phases,start] GC(99) Compaction Phase
[15.768s][info][gc,phases      ] GC(99) Compaction Phase 4.521ms
[15.768s][info][gc,phases,start] GC(99) Post Compact
[15.768s][info][gc,phases      ] GC(99) Post Compact 0.307ms
[15.768s][info][gc,heap        ] GC(99) PSYoungGen: 32K(305664K)->0K(305664K) Eden: 0K(262144K)->0K(262144K) From: 32K(43520K)->0K(43520K)
[15.768s][info][gc,heap        ] GC(99) ParOldGen: 26299K(699392K)->26299K(699392K)
[15.768s][info][gc,metaspace   ] GC(99) Metaspace: 12068K(12288K)->12068K(12288K) NonClass: 10441K(10560K)->10441K(10560K) Class: 1627K(1728K)->1627K(1728K)
[15.768s][info][gc             ] GC(99) Pause Full (System.gc()) 25M->25M(981M) 24.720ms
[15.768s][info][gc,cpu         ] GC(99) User=0.39s Sys=0.00s Real=0.03s
[16.037s][info][gc,heap,exit   ] Heap
[16.037s][info][gc,heap,exit   ]  PSYoungGen      total 305664K, used 152037K [0x00000000eab00000, 0x0000000100000000, 0x0000000100000000)
[16.037s][info][gc,heap,exit   ]   eden space 262144K, 57% used [0x00000000eab00000,0x00000000f3f79690,0x00000000fab00000)
[16.037s][info][gc,heap,exit   ]   from space 43520K, 0% used [0x00000000fd580000,0x00000000fd580000,0x0000000100000000)
[16.037s][info][gc,heap,exit   ]   to   space 43520K, 0% used [0x00000000fab00000,0x00000000fab00000,0x00000000fd580000)
[16.037s][info][gc,heap,exit   ]  ParOldGen       total 699392K, used 26299K [0x00000000c0000000, 0x00000000eab00000, 0x00000000eab00000)
[16.037s][info][gc,heap,exit   ]   object space 699392K, 3% used [0x00000000c0000000,0x00000000c19aeca8,0x00000000eab00000)
[16.037s][info][gc,heap,exit   ]  Metaspace       used 12133K, committed 12352K, reserved 1114112K
[16.037s][info][gc,heap,exit   ]   class space    used 1636K, committed 1728K, reserved 1048576K
