[0.015s][info][gc,init] Initializing The Z Garbage Collector
[0.016s][info][gc,init] Version: 20+36-2344 (release)
[0.016s][info][gc,init] NUMA Support: Disabled
[0.016s][info][gc,init] CPUs: 48 total, 48 available
[0.016s][info][gc,init] Memory: 391843M
[0.016s][info][gc,init] Large Page Support: Disabled
[0.016s][info][gc,init] GC Workers: 10 (dynamic)
[0.018s][info][gc,init] Address Space Type: Contiguous/Unrestricted/Complete
[0.018s][info][gc,init] Address Space Size: 16384M x 3 = 49152M
[0.018s][info][gc,init] Min Capacity: 8M
[0.018s][info][gc,init] Initial Capacity: 1024M
[0.029s][info][gc,init] Max Capacity: 1024M
[0.029s][info][gc,init] Medium Page Size: 32M
[0.029s][info][gc,init] Pre-touch: Disabled
[0.029s][info][gc,init] Uncommit: Enabled
[0.029s][info][gc,init] Uncommit Delay: 300s
[0.078s][info][gc,init] Runtime Workers: 10
[0.080s][info][gc     ] Using The Z Garbage Collector
[0.080s][info][gc,metaspace] CDS archive(s) mapped at: [0x0000000800000000-0x0000000800c60000-0x0000000800c60000), size 12976128, SharedBaseAddress: 0x0000000800000000, ArchiveRelocationMode: 0.
[0.081s][info][gc,metaspace] Compressed class space mapped at: 0x0000000801000000-0x0000000841000000, reserved size: 1073741824
[0.081s][info][gc,metaspace] Narrow klass base: 0x0000000800000000, Narrow klass shift: 0, Narrow klass range: 0x100000000
[1.432s][info][gc,start    ] GC(0) Garbage Collection (System.gc())
[1.432s][info][gc,task     ] GC(0) Using 10 workers
[1.433s][info][gc,phases   ] GC(0) Pause Mark Start 0.015ms
[1.476s][info][gc,phases   ] GC(0) Concurrent Mark 43.713ms
[1.477s][info][gc,phases   ] GC(0) Pause Mark End 0.017ms
[1.477s][info][gc,phases   ] GC(0) Concurrent Mark Free 0.001ms
[1.478s][info][gc,phases   ] GC(0) Concurrent Process Non-Strong References 1.006ms
[1.478s][info][gc,phases   ] GC(0) Concurrent Reset Relocation Set 0.000ms
[1.493s][info][gc,phases   ] GC(0) Concurrent Select Relocation Set 15.254ms
[1.493s][info][gc,phases   ] GC(0) Pause Relocate Start 0.009ms
[1.497s][info][gc,phases   ] GC(0) Concurrent Relocate 3.842ms
[1.497s][info][gc,load     ] GC(0) Load: 0.00/0.00/0.00
[1.497s][info][gc,mmu      ] GC(0) MMU: 2ms/99.1%, 5ms/99.7%, 10ms/99.8%, 20ms/99.9%, 50ms/99.9%, 100ms/100.0%
[1.497s][info][gc,marking  ] GC(0) Mark: 8 stripe(s), 10 proactive flush(es), 1 terminate flush(es), 0 completion(s), 0 continuation(s) 
[1.497s][info][gc,marking  ] GC(0) Mark Stack Usage: 32M
[1.497s][info][gc,nmethod  ] GC(0) NMethods: 1102 registered, 132 unregistered
[1.497s][info][gc,metaspace] GC(0) Metaspace: 11M used, 11M committed, 1088M reserved
[1.497s][info][gc,ref      ] GC(0) Soft: 170 encountered, 0 discovered, 0 enqueued
[1.497s][info][gc,ref      ] GC(0) Weak: 781 encountered, 490 discovered, 266 enqueued
[1.497s][info][gc,ref      ] GC(0) Final: 0 encountered, 0 discovered, 0 enqueued
[1.497s][info][gc,ref      ] GC(0) Phantom: 216 encountered, 207 discovered, 192 enqueued
[1.497s][info][gc,reloc    ] GC(0) Small Pages: 35 / 70M, Empty: 0M, Relocated: 6M, In-Place: 0
[1.497s][info][gc,reloc    ] GC(0) Medium Pages: 0 / 0M, Empty: 0M, Relocated: 0M, In-Place: 0
[1.497s][info][gc,reloc    ] GC(0) Large Pages: 0 / 0M, Empty: 0M, Relocated: 0M, In-Place: 0
[1.497s][info][gc,reloc    ] GC(0) Forwarding Usage: 1M
[1.497s][info][gc,heap     ] GC(0) Min Capacity: 8M(1%)
[1.497s][info][gc,heap     ] GC(0) Max Capacity: 1024M(100%)
[1.497s][info][gc,heap     ] GC(0) Soft Max Capacity: 1024M(100%)
[1.497s][info][gc,heap     ] GC(0)                Mark Start          Mark End        Relocate Start      Relocate End           High               Low         
[1.497s][info][gc,heap     ] GC(0)  Capacity:     1024M (100%)       1024M (100%)       1024M (100%)       1024M (100%)       1024M (100%)       1024M (100%)   
[1.497s][info][gc,heap     ] GC(0)      Free:      954M (93%)         954M (93%)         952M (93%)         968M (95%)         968M (95%)         932M (91%)    
[1.497s][info][gc,heap     ] GC(0)      Used:       70M (7%)           70M (7%)           72M (7%)           56M (5%)           92M (9%)           56M (5%)     
[1.498s][info][gc,heap     ] GC(0)      Live:         -                32M (3%)           32M (3%)           32M (3%)             -                  -          
[1.498s][info][gc,heap     ] GC(0) Allocated:         -                 0M (0%)            2M (0%)            2M (0%)             -                  -          
[1.498s][info][gc,heap     ] GC(0)   Garbage:         -                37M (4%)           37M (4%)           21M (2%)             -                  -          
[1.498s][info][gc,heap     ] GC(0) Reclaimed:         -                  -                 0M (0%)           16M (2%)             -                  -          
[1.498s][info][gc          ] GC(0) Garbage Collection (System.gc()) 70M(7%)->56M(5%)
[1.805s][info][gc,start    ] GC(1) Garbage Collection (Warmup)
[1.805s][info][gc,task     ] GC(1) Using 10 workers
[1.805s][info][gc,phases   ] GC(1) Pause Mark Start 0.015ms
[1.851s][info][gc,phases   ] GC(1) Concurrent Mark 46.394ms
[1.851s][info][gc,phases   ] GC(1) Pause Mark End 0.013ms
[1.852s][info][gc,phases   ] GC(1) Concurrent Mark Free 0.001ms
[1.852s][info][gc,phases   ] GC(1) Concurrent Process Non-Strong References 0.719ms
[1.852s][info][gc,phases   ] GC(1) Concurrent Reset Relocation Set 0.003ms
[1.859s][info][gc,phases   ] GC(1) Concurrent Select Relocation Set 6.728ms
[1.859s][info][gc,phases   ] GC(1) Pause Relocate Start 0.005ms
[1.862s][info][gc,phases   ] GC(1) Concurrent Relocate 2.893ms
[1.862s][info][gc,load     ] GC(1) Load: 0.00/0.00/0.00
[1.862s][info][gc,mmu      ] GC(1) MMU: 2ms/99.1%, 5ms/99.7%, 10ms/99.8%, 20ms/99.9%, 50ms/99.9%, 100ms/100.0%
[1.862s][info][gc,marking  ] GC(1) Mark: 8 stripe(s), 2 proactive flush(es), 1 terminate flush(es), 0 completion(s), 0 continuation(s) 
[1.862s][info][gc,marking  ] GC(1) Mark Stack Usage: 32M
[1.862s][info][gc,nmethod  ] GC(1) NMethods: 1188 registered, 179 unregistered
[1.862s][info][gc,metaspace] GC(1) Metaspace: 11M used, 11M committed, 1088M reserved
[1.862s][info][gc,ref      ] GC(1) Soft: 179 encountered, 0 discovered, 0 enqueued
[1.862s][info][gc,ref      ] GC(1) Weak: 571 encountered, 51 discovered, 15 enqueued
[1.862s][info][gc,ref      ] GC(1) Final: 0 encountered, 0 discovered, 0 enqueued
[1.862s][info][gc,ref      ] GC(1) Phantom: 32 encountered, 25 discovered, 8 enqueued
[1.862s][info][gc,reloc    ] GC(1) Small Pages: 64 / 128M, Empty: 28M, Relocated: 10M, In-Place: 0
[1.862s][info][gc,reloc    ] GC(1) Medium Pages: 0 / 0M, Empty: 0M, Relocated: 0M, In-Place: 0
[1.863s][info][gc,reloc    ] GC(1) Large Pages: 0 / 0M, Empty: 0M, Relocated: 0M, In-Place: 0
[1.863s][info][gc,reloc    ] GC(1) Forwarding Usage: 2M
[1.863s][info][gc,heap     ] GC(1) Min Capacity: 8M(1%)
[1.863s][info][gc,heap     ] GC(1) Max Capacity: 1024M(100%)
[1.863s][info][gc,heap     ] GC(1) Soft Max Capacity: 1024M(100%)
[1.863s][info][gc,heap     ] GC(1)                Mark Start          Mark End        Relocate Start      Relocate End           High               Low         
[1.863s][info][gc,heap     ] GC(1)  Capacity:     1024M (100%)       1024M (100%)       1024M (100%)       1024M (100%)       1024M (100%)       1024M (100%)   
[1.863s][info][gc,heap     ] GC(1)      Free:      896M (88%)         888M (87%)         912M (89%)         956M (93%)         956M (93%)         886M (87%)    
[1.863s][info][gc,heap     ] GC(1)      Used:      128M (13%)         136M (13%)         112M (11%)          68M (7%)          138M (13%)          68M (7%)     
[1.863s][info][gc,heap     ] GC(1)      Live:         -                36M (4%)           36M (4%)           36M (4%)             -                  -          
[1.863s][info][gc,heap     ] GC(1) Allocated:         -                 8M (1%)           12M (1%)           13M (1%)             -                  -          
[1.863s][info][gc,heap     ] GC(1)   Garbage:         -                91M (9%)           63M (6%)           17M (2%)             -                  -          
[1.863s][info][gc,heap     ] GC(1) Reclaimed:         -                  -                28M (3%)           73M (7%)             -                  -          
[1.863s][info][gc          ] GC(1) Garbage Collection (Warmup) 128M(13%)->68M(7%)
[1.942s][info][gc,start    ] GC(2) Garbage Collection (System.gc())
[1.942s][info][gc,task     ] GC(2) Using 10 workers
[1.942s][info][gc,phases   ] GC(2) Pause Mark Start 0.015ms
[1.992s][info][gc,phases   ] GC(2) Concurrent Mark 49.877ms
[1.992s][info][gc,phases   ] GC(2) Pause Mark End 0.017ms
[1.992s][info][gc,phases   ] GC(2) Concurrent Mark Free 0.001ms
[1.993s][info][gc,phases   ] GC(2) Concurrent Process Non-Strong References 0.734ms
[1.993s][info][gc,phases   ] GC(2) Concurrent Reset Relocation Set 0.005ms
[1.996s][info][gc,phases   ] GC(2) Concurrent Select Relocation Set 2.713ms
[1.996s][info][gc,phases   ] GC(2) Pause Relocate Start 0.007ms
[1.998s][info][gc,phases   ] GC(2) Concurrent Relocate 2.411ms
[1.998s][info][gc,load     ] GC(2) Load: 0.00/0.00/0.00
[1.998s][info][gc,mmu      ] GC(2) MMU: 2ms/99.1%, 5ms/99.5%, 10ms/99.8%, 20ms/99.9%, 50ms/99.9%, 100ms/100.0%
[1.998s][info][gc,marking  ] GC(2) Mark: 8 stripe(s), 3 proactive flush(es), 1 terminate flush(es), 0 completion(s), 0 continuation(s) 
[1.998s][info][gc,marking  ] GC(2) Mark Stack Usage: 32M
[1.998s][info][gc,nmethod  ] GC(2) NMethods: 1208 registered, 182 unregistered
[1.998s][info][gc,metaspace] GC(2) Metaspace: 11M used, 11M committed, 1088M reserved
[1.998s][info][gc,ref      ] GC(2) Soft: 186 encountered, 0 discovered, 0 enqueued
[1.998s][info][gc,ref      ] GC(2) Weak: 591 encountered, 166 discovered, 9 enqueued
[1.998s][info][gc,ref      ] GC(2) Final: 0 encountered, 0 discovered, 0 enqueued
[1.998s][info][gc,ref      ] GC(2) Phantom: 27 encountered, 24 discovered, 3 enqueued
[1.998s][info][gc,reloc    ] GC(2) Small Pages: 47 / 94M, Empty: 36M, Relocated: 5M, In-Place: 0
[1.998s][info][gc,reloc    ] GC(2) Medium Pages: 0 / 0M, Empty: 0M, Relocated: 0M, In-Place: 0
[1.998s][info][gc,reloc    ] GC(2) Large Pages: 0 / 0M, Empty: 0M, Relocated: 0M, In-Place: 0
[1.998s][info][gc,reloc    ] GC(2) Forwarding Usage: 2M
[1.998s][info][gc,heap     ] GC(2) Min Capacity: 8M(1%)
[1.998s][info][gc,heap     ] GC(2) Max Capacity: 1024M(100%)
[1.998s][info][gc,heap     ] GC(2) Soft Max Capacity: 1024M(100%)
[1.998s][info][gc,heap     ] GC(2)                Mark Start          Mark End        Relocate Start      Relocate End           High               Low         
[1.998s][info][gc,heap     ] GC(2)  Capacity:     1024M (100%)       1024M (100%)       1024M (100%)       1024M (100%)       1024M (100%)       1024M (100%)   
[1.999s][info][gc,heap     ] GC(2)      Free:      930M (91%)         930M (91%)         964M (94%)         966M (94%)         966M (94%)         928M (91%)    
[1.999s][info][gc,heap     ] GC(2)      Used:       94M (9%)           94M (9%)           60M (6%)           58M (6%)           96M (9%)           58M (6%)     
[1.999s][info][gc,heap     ] GC(2)      Live:         -                32M (3%)           32M (3%)           32M (3%)             -                  -          
[1.999s][info][gc,heap     ] GC(2) Allocated:         -                 0M (0%)            2M (0%)            2M (0%)             -                  -          
[1.999s][info][gc,heap     ] GC(2)   Garbage:         -                61M (6%)           25M (2%)           23M (2%)             -                  -          
[1.999s][info][gc,heap     ] GC(2) Reclaimed:         -                  -                36M (4%)           38M (4%)             -                  -          
[1.999s][info][gc          ] GC(2) Garbage Collection (System.gc()) 94M(9%)->58M(6%)
[2.281s][info][gc,start    ] GC(3) Garbage Collection (System.gc())
[2.281s][info][gc,task     ] GC(3) Using 10 workers
[2.282s][info][gc,phases   ] GC(3) Pause Mark Start 0.016ms
[2.304s][info][gc,phases   ] GC(3) Concurrent Mark 22.713ms
[2.304s][info][gc,phases   ] GC(3) Pause Mark End 0.019ms
[2.305s][info][gc,phases   ] GC(3) Concurrent Mark Free 0.001ms
[2.305s][info][gc,phases   ] GC(3) Concurrent Process Non-Strong References 0.711ms
[2.305s][info][gc,phases   ] GC(3) Concurrent Reset Relocation Set 0.002ms
[2.309s][info][gc,phases   ] GC(3) Concurrent Select Relocation Set 3.558ms
[2.309s][info][gc,phases   ] GC(3) Pause Relocate Start 0.005ms
[2.311s][info][gc,phases   ] GC(3) Concurrent Relocate 2.058ms
[2.311s][info][gc,load     ] GC(3) Load: 0.00/0.00/0.00
[2.311s][info][gc,mmu      ] GC(3) MMU: 2ms/99.1%, 5ms/99.5%, 10ms/99.8%, 20ms/99.9%, 50ms/99.9%, 100ms/100.0%
[2.311s][info][gc,marking  ] GC(3) Mark: 8 stripe(s), 2 proactive flush(es), 1 terminate flush(es), 0 completion(s), 0 continuation(s) 
[2.311s][info][gc,marking  ] GC(3) Mark Stack Usage: 32M
[2.311s][info][gc,nmethod  ] GC(3) NMethods: 1223 registered, 189 unregistered
[2.311s][info][gc,metaspace] GC(3) Metaspace: 11M used, 11M committed, 1088M reserved
[2.311s][info][gc,ref      ] GC(3) Soft: 186 encountered, 0 discovered, 0 enqueued
[2.311s][info][gc,ref      ] GC(3) Weak: 582 encountered, 29 discovered, 0 enqueued
[2.311s][info][gc,ref      ] GC(3) Final: 0 encountered, 0 discovered, 0 enqueued
[2.311s][info][gc,ref      ] GC(3) Phantom: 24 encountered, 21 discovered, 0 enqueued
[2.311s][info][gc,reloc    ] GC(3) Small Pages: 87 / 174M, Empty: 112M, Relocated: 5M, In-Place: 0
[2.311s][info][gc,reloc    ] GC(3) Medium Pages: 0 / 0M, Empty: 0M, Relocated: 0M, In-Place: 0
[2.312s][info][gc,reloc    ] GC(3) Large Pages: 0 / 0M, Empty: 0M, Relocated: 0M, In-Place: 0
[2.312s][info][gc,reloc    ] GC(3) Forwarding Usage: 2M
[2.312s][info][gc,heap     ] GC(3) Min Capacity: 8M(1%)
[2.312s][info][gc,heap     ] GC(3) Max Capacity: 1024M(100%)
[2.312s][info][gc,heap     ] GC(3) Soft Max Capacity: 1024M(100%)
[2.312s][info][gc,heap     ] GC(3)                Mark Start          Mark End        Relocate Start      Relocate End           High               Low         
[2.312s][info][gc,heap     ] GC(3)  Capacity:     1024M (100%)       1024M (100%)       1024M (100%)       1024M (100%)       1024M (100%)       1024M (100%)   
[2.312s][info][gc,heap     ] GC(3)      Free:      850M (83%)         850M (83%)         962M (94%)         968M (95%)         968M (95%)         850M (83%)    
[2.312s][info][gc,heap     ] GC(3)      Used:      174M (17%)         174M (17%)          62M (6%)           56M (5%)          174M (17%)          56M (5%)     
[2.312s][info][gc,heap     ] GC(3)      Live:         -                32M (3%)           32M (3%)           32M (3%)             -                  -          
[2.312s][info][gc,heap     ] GC(3) Allocated:         -                 0M (0%)            0M (0%)            0M (0%)             -                  -          
[2.312s][info][gc,heap     ] GC(3)   Garbage:         -               141M (14%)          29M (3%)           23M (2%)             -                  -          
[2.312s][info][gc,heap     ] GC(3) Reclaimed:         -                  -               112M (11%)         118M (12%)            -                  -          
[2.312s][info][gc          ] GC(3) Garbage Collection (System.gc()) 174M(17%)->56M(5%)
[2.585s][info][gc,start    ] GC(4) Garbage Collection (System.gc())
[2.585s][info][gc,task     ] GC(4) Using 10 workers
[2.585s][info][gc,phases   ] GC(4) Pause Mark Start 0.011ms
[2.632s][info][gc,phases   ] GC(4) Concurrent Mark 47.045ms
[2.633s][info][gc,phases   ] GC(4) Pause Mark End 0.017ms
[2.633s][info][gc,phases   ] GC(4) Concurrent Mark Free 0.001ms
[2.633s][info][gc,phases   ] GC(4) Concurrent Process Non-Strong References 0.698ms
[2.633s][info][gc,phases   ] GC(4) Concurrent Reset Relocation Set 0.002ms
[2.637s][info][gc,phases   ] GC(4) Concurrent Select Relocation Set 3.572ms
[2.637s][info][gc,phases   ] GC(4) Pause Relocate Start 0.006ms
[2.639s][info][gc,phases   ] GC(4) Concurrent Relocate 2.331ms
[2.640s][info][gc,load     ] GC(4) Load: 0.00/0.00/0.00
[2.640s][info][gc,mmu      ] GC(4) MMU: 2ms/99.1%, 5ms/99.5%, 10ms/99.8%, 20ms/99.9%, 50ms/99.9%, 100ms/100.0%
[2.640s][info][gc,marking  ] GC(4) Mark: 8 stripe(s), 4 proactive flush(es), 1 terminate flush(es), 0 completion(s), 0 continuation(s) 
[2.640s][info][gc,marking  ] GC(4) Mark Stack Usage: 32M
[2.640s][info][gc,nmethod  ] GC(4) NMethods: 1261 registered, 2 unregistered
[2.640s][info][gc,metaspace] GC(4) Metaspace: 11M used, 11M committed, 1088M reserved
[2.640s][info][gc,ref      ] GC(4) Soft: 186 encountered, 0 discovered, 0 enqueued
[2.640s][info][gc,ref      ] GC(4) Weak: 582 encountered, 39 discovered, 0 enqueued
[2.640s][info][gc,ref      ] GC(4) Final: 0 encountered, 0 discovered, 0 enqueued
[2.640s][info][gc,ref      ] GC(4) Phantom: 24 encountered, 22 discovered, 0 enqueued
[2.640s][info][gc,reloc    ] GC(4) Small Pages: 87 / 174M, Empty: 116M, Relocated: 5M, In-Place: 0
[2.640s][info][gc,reloc    ] GC(4) Medium Pages: 0 / 0M, Empty: 0M, Relocated: 0M, In-Place: 0
[2.640s][info][gc,reloc    ] GC(4) Large Pages: 0 / 0M, Empty: 0M, Relocated: 0M, In-Place: 0
[2.640s][info][gc,reloc    ] GC(4) Forwarding Usage: 2M
[2.640s][info][gc,heap     ] GC(4) Min Capacity: 8M(1%)
[2.640s][info][gc,heap     ] GC(4) Max Capacity: 1024M(100%)
[2.640s][info][gc,heap     ] GC(4) Soft Max Capacity: 1024M(100%)
[2.640s][info][gc,heap     ] GC(4)                Mark Start          Mark End        Relocate Start      Relocate End           High               Low         
[2.640s][info][gc,heap     ] GC(4)  Capacity:     1024M (100%)       1024M (100%)       1024M (100%)       1024M (100%)       1024M (100%)       1024M (100%)   
[2.640s][info][gc,heap     ] GC(4)      Free:      850M (83%)         850M (83%)         966M (94%)         968M (95%)         968M (95%)         850M (83%)    
[2.640s][info][gc,heap     ] GC(4)      Used:      174M (17%)         174M (17%)          58M (6%)           56M (5%)          174M (17%)          56M (5%)     
[2.640s][info][gc,heap     ] GC(4)      Live:         -                32M (3%)           32M (3%)           32M (3%)             -                  -          
[2.640s][info][gc,heap     ] GC(4) Allocated:         -                 0M (0%)            0M (0%)            0M (0%)             -                  -          
[2.640s][info][gc,heap     ] GC(4)   Garbage:         -               141M (14%)          25M (2%)           23M (2%)             -                  -          
[2.640s][info][gc,heap     ] GC(4) Reclaimed:         -                  -               116M (11%)         118M (12%)            -                  -          
[2.640s][info][gc          ] GC(4) Garbage Collection (System.gc()) 174M(17%)->56M(5%)
[2.900s][info][gc,start    ] GC(5) Garbage Collection (System.gc())
[2.900s][info][gc,task     ] GC(5) Using 10 workers
[2.900s][info][gc,phases   ] GC(5) Pause Mark Start 0.015ms
[2.945s][info][gc,phases   ] GC(5) Concurrent Mark 44.747ms
[2.945s][info][gc,phases   ] GC(5) Pause Mark End 0.022ms
[2.945s][info][gc,phases   ] GC(5) Concurrent Mark Free 0.001ms
[2.946s][info][gc,phases   ] GC(5) Concurrent Process Non-Strong References 0.761ms
[2.946s][info][gc,phases   ] GC(5) Concurrent Reset Relocation Set 0.002ms
[2.950s][info][gc,phases   ] GC(5) Concurrent Select Relocation Set 3.616ms
[2.950s][info][gc,phases   ] GC(5) Pause Relocate Start 0.009ms
[2.953s][info][gc,phases   ] GC(5) Concurrent Relocate 2.857ms
[2.953s][info][gc,load     ] GC(5) Load: 0.00/0.00/0.00
[2.953s][info][gc,mmu      ] GC(5) MMU: 2ms/98.9%, 5ms/99.4%, 10ms/99.7%, 20ms/99.8%, 50ms/99.9%, 100ms/100.0%
[2.953s][info][gc,marking  ] GC(5) Mark: 8 stripe(s), 5 proactive flush(es), 1 terminate flush(es), 0 completion(s), 0 continuation(s) 
[2.953s][info][gc,marking  ] GC(5) Mark Stack Usage: 32M
[2.953s][info][gc,nmethod  ] GC(5) NMethods: 1270 registered, 2 unregistered
[2.953s][info][gc,metaspace] GC(5) Metaspace: 11M used, 11M committed, 1088M reserved
[2.953s][info][gc,ref      ] GC(5) Soft: 186 encountered, 0 discovered, 0 enqueued
[2.953s][info][gc,ref      ] GC(5) Weak: 582 encountered, 175 discovered, 0 enqueued
[2.953s][info][gc,ref      ] GC(5) Final: 0 encountered, 0 discovered, 0 enqueued
[2.953s][info][gc,ref      ] GC(5) Phantom: 24 encountered, 17 discovered, 0 enqueued
[2.953s][info][gc,reloc    ] GC(5) Small Pages: 87 / 174M, Empty: 114M, Relocated: 5M, In-Place: 0
[2.953s][info][gc,reloc    ] GC(5) Medium Pages: 0 / 0M, Empty: 0M, Relocated: 0M, In-Place: 0
[2.953s][info][gc,reloc    ] GC(5) Large Pages: 0 / 0M, Empty: 0M, Relocated: 0M, In-Place: 0
[2.953s][info][gc,reloc    ] GC(5) Forwarding Usage: 2M
[2.953s][info][gc,heap     ] GC(5) Min Capacity: 8M(1%)
[2.953s][info][gc,heap     ] GC(5) Max Capacity: 1024M(100%)
[2.953s][info][gc,heap     ] GC(5) Soft Max Capacity: 1024M(100%)
[2.953s][info][gc,heap     ] GC(5)                Mark Start          Mark End        Relocate Start      Relocate End           High               Low         
[2.953s][info][gc,heap     ] GC(5)  Capacity:     1024M (100%)       1024M (100%)       1024M (100%)       1024M (100%)       1024M (100%)       1024M (100%)   
[2.953s][info][gc,heap     ] GC(5)      Free:      850M (83%)         850M (83%)         964M (94%)         968M (95%)         968M (95%)         850M (83%)    
[2.953s][info][gc,heap     ] GC(5)      Used:      174M (17%)         174M (17%)          60M (6%)           56M (5%)          174M (17%)          56M (5%)     
[2.953s][info][gc,heap     ] GC(5)      Live:         -                32M (3%)           32M (3%)           32M (3%)             -                  -          
[2.953s][info][gc,heap     ] GC(5) Allocated:         -                 0M (0%)            0M (0%)            0M (0%)             -                  -          
[2.953s][info][gc,heap     ] GC(5)   Garbage:         -               141M (14%)          27M (3%)           23M (2%)             -                  -          
[2.953s][info][gc,heap     ] GC(5) Reclaimed:         -                  -               114M (11%)         118M (12%)            -                  -          
[2.953s][info][gc          ] GC(5) Garbage Collection (System.gc()) 174M(17%)->56M(5%)
[3.211s][info][gc,start    ] GC(6) Garbage Collection (System.gc())
[3.211s][info][gc,task     ] GC(6) Using 10 workers
[3.211s][info][gc,phases   ] GC(6) Pause Mark Start 0.016ms
[3.242s][info][gc,phases   ] GC(6) Concurrent Mark 30.301ms
[3.242s][info][gc,phases   ] GC(6) Pause Mark End 0.015ms
[3.242s][info][gc,phases   ] GC(6) Concurrent Mark Free 0.001ms
[3.242s][info][gc,phases   ] GC(6) Concurrent Process Non-Strong References 0.630ms
[3.242s][info][gc,phases   ] GC(6) Concurrent Reset Relocation Set 0.002ms
[3.246s][info][gc,phases   ] GC(6) Concurrent Select Relocation Set 3.091ms
[3.246s][info][gc,phases   ] GC(6) Pause Relocate Start 0.004ms
[3.248s][info][gc,phases   ] GC(6) Concurrent Relocate 2.024ms
[3.248s][info][gc,load     ] GC(6) Load: 0.00/0.00/0.00
[3.248s][info][gc,mmu      ] GC(6) MMU: 2ms/98.9%, 5ms/99.4%, 10ms/99.7%, 20ms/99.8%, 50ms/99.9%, 100ms/100.0%
[3.248s][info][gc,marking  ] GC(6) Mark: 8 stripe(s), 2 proactive flush(es), 1 terminate flush(es), 0 completion(s), 0 continuation(s) 
[3.248s][info][gc,marking  ] GC(6) Mark Stack Usage: 32M
[3.248s][info][gc,nmethod  ] GC(6) NMethods: 1277 registered, 3 unregistered
[3.248s][info][gc,metaspace] GC(6) Metaspace: 11M used, 11M committed, 1088M reserved
[3.248s][info][gc,ref      ] GC(6) Soft: 186 encountered, 0 discovered, 0 enqueued
[3.248s][info][gc,ref      ] GC(6) Weak: 582 encountered, 28 discovered, 0 enqueued
[3.248s][info][gc,ref      ] GC(6) Final: 0 encountered, 0 discovered, 0 enqueued
[3.248s][info][gc,ref      ] GC(6) Phantom: 24 encountered, 12 discovered, 0 enqueued
[3.248s][info][gc,reloc    ] GC(6) Small Pages: 87 / 174M, Empty: 116M, Relocated: 5M, In-Place: 0
[3.248s][info][gc,reloc    ] GC(6) Medium Pages: 0 / 0M, Empty: 0M, Relocated: 0M, In-Place: 0
[3.248s][info][gc,reloc    ] GC(6) Large Pages: 0 / 0M, Empty: 0M, Relocated: 0M, In-Place: 0
[3.248s][info][gc,reloc    ] GC(6) Forwarding Usage: 2M
[3.248s][info][gc,heap     ] GC(6) Min Capacity: 8M(1%)
[3.248s][info][gc,heap     ] GC(6) Max Capacity: 1024M(100%)
[3.248s][info][gc,heap     ] GC(6) Soft Max Capacity: 1024M(100%)
[3.248s][info][gc,heap     ] GC(6)                Mark Start          Mark End        Relocate Start      Relocate End           High               Low         
[3.248s][info][gc,heap     ] GC(6)  Capacity:     1024M (100%)       1024M (100%)       1024M (100%)       1024M (100%)       1024M (100%)       1024M (100%)   
[3.248s][info][gc,heap     ] GC(6)      Free:      850M (83%)         850M (83%)         966M (94%)         968M (95%)         968M (95%)         850M (83%)    
[3.248s][info][gc,heap     ] GC(6)      Used:      174M (17%)         174M (17%)          58M (6%)           56M (5%)          174M (17%)          56M (5%)     
[3.248s][info][gc,heap     ] GC(6)      Live:         -                32M (3%)           32M (3%)           32M (3%)             -                  -          
[3.248s][info][gc,heap     ] GC(6) Allocated:         -                 0M (0%)            0M (0%)            0M (0%)             -                  -          
[3.248s][info][gc,heap     ] GC(6)   Garbage:         -               141M (14%)          25M (2%)           23M (2%)             -                  -          
[3.248s][info][gc,heap     ] GC(6) Reclaimed:         -                  -               116M (11%)         118M (12%)            -                  -          
[3.248s][info][gc          ] GC(6) Garbage Collection (System.gc()) 174M(17%)->56M(5%)
[3.528s][info][gc,start    ] GC(7) Garbage Collection (System.gc())
[3.528s][info][gc,task     ] GC(7) Using 10 workers
[3.529s][info][gc,phases   ] GC(7) Pause Mark Start 0.015ms
[3.554s][info][gc,phases   ] GC(7) Concurrent Mark 25.383ms
[3.554s][info][gc,phases   ] GC(7) Pause Mark End 0.016ms
[3.554s][info][gc,phases   ] GC(7) Concurrent Mark Free 0.001ms
[3.555s][info][gc,phases   ] GC(7) Concurrent Process Non-Strong References 0.699ms
[3.555s][info][gc,phases   ] GC(7) Concurrent Reset Relocation Set 0.002ms
[3.559s][info][gc,phases   ] GC(7) Concurrent Select Relocation Set 3.552ms
[3.559s][info][gc,phases   ] GC(7) Pause Relocate Start 0.009ms
[3.561s][info][gc,phases   ] GC(7) Concurrent Relocate 1.883ms
[3.561s][info][gc,load     ] GC(7) Load: 0.00/0.00/0.00
[3.561s][info][gc,mmu      ] GC(7) MMU: 2ms/98.9%, 5ms/99.4%, 10ms/99.7%, 20ms/99.8%, 50ms/99.9%, 100ms/100.0%
[3.561s][info][gc,marking  ] GC(7) Mark: 8 stripe(s), 2 proactive flush(es), 1 terminate flush(es), 0 completion(s), 0 continuation(s) 
[3.561s][info][gc,marking  ] GC(7) Mark Stack Usage: 32M
[3.561s][info][gc,nmethod  ] GC(7) NMethods: 1280 registered, 6 unregistered
[3.561s][info][gc,metaspace] GC(7) Metaspace: 11M used, 11M committed, 1088M reserved
[3.561s][info][gc,ref      ] GC(7) Soft: 186 encountered, 0 discovered, 0 enqueued
[3.561s][info][gc,ref      ] GC(7) Weak: 582 encountered, 28 discovered, 0 enqueued
[3.561s][info][gc,ref      ] GC(7) Final: 0 encountered, 0 discovered, 0 enqueued
[3.561s][info][gc,ref      ] GC(7) Phantom: 24 encountered, 21 discovered, 0 enqueued
[3.561s][info][gc,reloc    ] GC(7) Small Pages: 87 / 174M, Empty: 116M, Relocated: 5M, In-Place: 0
[3.561s][info][gc,reloc    ] GC(7) Medium Pages: 0 / 0M, Empty: 0M, Relocated: 0M, In-Place: 0
[3.561s][info][gc,reloc    ] GC(7) Large Pages: 0 / 0M, Empty: 0M, Relocated: 0M, In-Place: 0
[3.561s][info][gc,reloc    ] GC(7) Forwarding Usage: 2M
[3.561s][info][gc,heap     ] GC(7) Min Capacity: 8M(1%)
[3.561s][info][gc,heap     ] GC(7) Max Capacity: 1024M(100%)
[3.561s][info][gc,heap     ] GC(7) Soft Max Capacity: 1024M(100%)
[3.561s][info][gc,heap     ] GC(7)                Mark Start          Mark End        Relocate Start      Relocate End           High               Low         
[3.561s][info][gc,heap     ] GC(7)  Capacity:     1024M (100%)       1024M (100%)       1024M (100%)       1024M (100%)       1024M (100%)       1024M (100%)   
[3.561s][info][gc,heap     ] GC(7)      Free:      850M (83%)         850M (83%)         966M (94%)         968M (95%)         968M (95%)         850M (83%)    
[3.561s][info][gc,heap     ] GC(7)      Used:      174M (17%)         174M (17%)          58M (6%)           56M (5%)          174M (17%)          56M (5%)     
[3.561s][info][gc,heap     ] GC(7)      Live:         -                32M (3%)           32M (3%)           32M (3%)             -                  -          
[3.561s][info][gc,heap     ] GC(7) Allocated:         -                 0M (0%)            0M (0%)            0M (0%)             -                  -          
[3.561s][info][gc,heap     ] GC(7)   Garbage:         -               141M (14%)          25M (2%)           23M (2%)             -                  -          
[3.561s][info][gc,heap     ] GC(7) Reclaimed:         -                  -               116M (11%)         118M (12%)            -                  -          
[3.561s][info][gc          ] GC(7) Garbage Collection (System.gc()) 174M(17%)->56M(5%)
[3.817s][info][gc,start    ] GC(8) Garbage Collection (System.gc())
[3.817s][info][gc,task     ] GC(8) Using 10 workers
[3.818s][info][gc,phases   ] GC(8) Pause Mark Start 0.017ms
[3.835s][info][gc,phases   ] GC(8) Concurrent Mark 17.505ms
[3.835s][info][gc,phases   ] GC(8) Pause Mark End 0.017ms
[3.835s][info][gc,phases   ] GC(8) Concurrent Mark Free 0.001ms
[3.836s][info][gc,phases   ] GC(8) Concurrent Process Non-Strong References 0.600ms
[3.836s][info][gc,phases   ] GC(8) Concurrent Reset Relocation Set 0.002ms
[3.840s][info][gc,phases   ] GC(8) Concurrent Select Relocation Set 3.586ms
[3.840s][info][gc,phases   ] GC(8) Pause Relocate Start 0.006ms
[3.842s][info][gc,phases   ] GC(8) Concurrent Relocate 2.286ms
[3.842s][info][gc,load     ] GC(8) Load: 0.00/0.00/0.00
[3.842s][info][gc,mmu      ] GC(8) MMU: 2ms/98.9%, 5ms/99.4%, 10ms/99.7%, 20ms/99.8%, 50ms/99.9%, 100ms/100.0%
[3.842s][info][gc,marking  ] GC(8) Mark: 8 stripe(s), 1 proactive flush(es), 1 terminate flush(es), 0 completion(s), 0 continuation(s) 
[3.842s][info][gc,marking  ] GC(8) Mark Stack Usage: 32M
[3.842s][info][gc,nmethod  ] GC(8) NMethods: 1284 registered, 6 unregistered
[3.842s][info][gc,metaspace] GC(8) Metaspace: 11M used, 11M committed, 1088M reserved
[3.842s][info][gc,ref      ] GC(8) Soft: 186 encountered, 0 discovered, 0 enqueued
[3.842s][info][gc,ref      ] GC(8) Weak: 582 encountered, 106 discovered, 0 enqueued
[3.842s][info][gc,ref      ] GC(8) Final: 0 encountered, 0 discovered, 0 enqueued
[3.842s][info][gc,ref      ] GC(8) Phantom: 24 encountered, 21 discovered, 0 enqueued
[3.842s][info][gc,reloc    ] GC(8) Small Pages: 87 / 174M, Empty: 116M, Relocated: 5M, In-Place: 0
[3.842s][info][gc,reloc    ] GC(8) Medium Pages: 0 / 0M, Empty: 0M, Relocated: 0M, In-Place: 0
[3.842s][info][gc,reloc    ] GC(8) Large Pages: 0 / 0M, Empty: 0M, Relocated: 0M, In-Place: 0
[3.843s][info][gc,reloc    ] GC(8) Forwarding Usage: 2M
[3.843s][info][gc,heap     ] GC(8) Min Capacity: 8M(1%)
[3.843s][info][gc,heap     ] GC(8) Max Capacity: 1024M(100%)
[3.843s][info][gc,heap     ] GC(8) Soft Max Capacity: 1024M(100%)
[3.843s][info][gc,heap     ] GC(8)                Mark Start          Mark End        Relocate Start      Relocate End           High               Low         
[3.843s][info][gc,heap     ] GC(8)  Capacity:     1024M (100%)       1024M (100%)       1024M (100%)       1024M (100%)       1024M (100%)       1024M (100%)   
[3.843s][info][gc,heap     ] GC(8)      Free:      850M (83%)         850M (83%)         966M (94%)         968M (95%)         968M (95%)         850M (83%)    
[3.843s][info][gc,heap     ] GC(8)      Used:      174M (17%)         174M (17%)          58M (6%)           56M (5%)          174M (17%)          56M (5%)     
[3.843s][info][gc,heap     ] GC(8)      Live:         -                32M (3%)           32M (3%)           32M (3%)             -                  -          
[3.843s][info][gc,heap     ] GC(8) Allocated:         -                 0M (0%)            0M (0%)            0M (0%)             -                  -          
[3.843s][info][gc,heap     ] GC(8)   Garbage:         -               141M (14%)          25M (2%)           23M (2%)             -                  -          
[3.843s][info][gc,heap     ] GC(8) Reclaimed:         -                  -               116M (11%)         118M (12%)            -                  -          
[3.843s][info][gc          ] GC(8) Garbage Collection (System.gc()) 174M(17%)->56M(5%)
[4.090s][info][gc,start    ] GC(9) Garbage Collection (System.gc())
[4.090s][info][gc,task     ] GC(9) Using 10 workers
[4.090s][info][gc,phases   ] GC(9) Pause Mark Start 0.013ms
[4.116s][info][gc,phases   ] GC(9) Concurrent Mark 26.434ms
[4.117s][info][gc,phases   ] GC(9) Pause Mark End 0.014ms
[4.117s][info][gc,phases   ] GC(9) Concurrent Mark Free 0.001ms
[4.117s][info][gc,phases   ] GC(9) Concurrent Process Non-Strong References 0.643ms
[4.117s][info][gc,phases   ] GC(9) Concurrent Reset Relocation Set 0.002ms
[4.121s][info][gc,phases   ] GC(9) Concurrent Select Relocation Set 3.569ms
[4.121s][info][gc,phases   ] GC(9) Pause Relocate Start 0.004ms
[4.123s][info][gc,phases   ] GC(9) Concurrent Relocate 1.558ms
[4.123s][info][gc,load     ] GC(9) Load: 0.00/0.00/0.00
[4.123s][info][gc,mmu      ] GC(9) MMU: 2ms/98.9%, 5ms/99.4%, 10ms/99.7%, 20ms/99.8%, 50ms/99.9%, 100ms/100.0%
[4.123s][info][gc,marking  ] GC(9) Mark: 8 stripe(s), 3 proactive flush(es), 1 terminate flush(es), 0 completion(s), 0 continuation(s) 
[4.123s][info][gc,marking  ] GC(9) Mark Stack Usage: 32M
[4.123s][info][gc,nmethod  ] GC(9) NMethods: 1306 registered, 6 unregistered
[4.123s][info][gc,metaspace] GC(9) Metaspace: 11M used, 11M committed, 1088M reserved
[4.123s][info][gc,ref      ] GC(9) Soft: 186 encountered, 0 discovered, 0 enqueued
[4.123s][info][gc,ref      ] GC(9) Weak: 582 encountered, 5 discovered, 0 enqueued
[4.123s][info][gc,ref      ] GC(9) Final: 0 encountered, 0 discovered, 0 enqueued
[4.123s][info][gc,ref      ] GC(9) Phantom: 24 encountered, 19 discovered, 0 enqueued
[4.123s][info][gc,reloc    ] GC(9) Small Pages: 87 / 174M, Empty: 116M, Relocated: 5M, In-Place: 0
[4.123s][info][gc,reloc    ] GC(9) Medium Pages: 0 / 0M, Empty: 0M, Relocated: 0M, In-Place: 0
[4.123s][info][gc,reloc    ] GC(9) Large Pages: 0 / 0M, Empty: 0M, Relocated: 0M, In-Place: 0
[4.123s][info][gc,reloc    ] GC(9) Forwarding Usage: 2M
[4.123s][info][gc,heap     ] GC(9) Min Capacity: 8M(1%)
[4.123s][info][gc,heap     ] GC(9) Max Capacity: 1024M(100%)
[4.123s][info][gc,heap     ] GC(9) Soft Max Capacity: 1024M(100%)
[4.123s][info][gc,heap     ] GC(9)                Mark Start          Mark End        Relocate Start      Relocate End           High               Low         
[4.123s][info][gc,heap     ] GC(9)  Capacity:     1024M (100%)       1024M (100%)       1024M (100%)       1024M (100%)       1024M (100%)       1024M (100%)   
[4.123s][info][gc,heap     ] GC(9)      Free:      850M (83%)         850M (83%)         966M (94%)         968M (95%)         968M (95%)         850M (83%)    
[4.123s][info][gc,heap     ] GC(9)      Used:      174M (17%)         174M (17%)          58M (6%)           56M (5%)          174M (17%)          56M (5%)     
[4.123s][info][gc,heap     ] GC(9)      Live:         -                32M (3%)           32M (3%)           32M (3%)             -                  -          
[4.123s][info][gc,heap     ] GC(9) Allocated:         -                 0M (0%)            0M (0%)            0M (0%)             -                  -          
[4.123s][info][gc,heap     ] GC(9)   Garbage:         -               141M (14%)          25M (2%)           23M (2%)             -                  -          
[4.123s][info][gc,heap     ] GC(9) Reclaimed:         -                  -               116M (11%)         118M (12%)            -                  -          
[4.123s][info][gc          ] GC(9) Garbage Collection (System.gc()) 174M(17%)->56M(5%)
[4.383s][info][gc,start    ] GC(10) Garbage Collection (System.gc())
[4.383s][info][gc,task     ] GC(10) Using 10 workers
[4.384s][info][gc,phases   ] GC(10) Pause Mark Start 0.012ms
[4.429s][info][gc,phases   ] GC(10) Concurrent Mark 45.233ms
[4.429s][info][gc,phases   ] GC(10) Pause Mark End 0.021ms
[4.429s][info][gc,phases   ] GC(10) Concurrent Mark Free 0.001ms
[4.430s][info][gc,phases   ] GC(10) Concurrent Process Non-Strong References 0.728ms
[4.430s][info][gc,phases   ] GC(10) Concurrent Reset Relocation Set 0.002ms
[4.434s][info][gc,phases   ] GC(10) Concurrent Select Relocation Set 3.564ms
[4.434s][info][gc,phases   ] GC(10) Pause Relocate Start 0.008ms
[4.436s][info][gc,phases   ] GC(10) Concurrent Relocate 2.356ms
[4.436s][info][gc,load     ] GC(10) Load: 0.00/0.00/0.00
[4.436s][info][gc,mmu      ] GC(10) MMU: 2ms/98.9%, 5ms/99.4%, 10ms/99.7%, 20ms/99.8%, 50ms/99.9%, 100ms/100.0%
[4.436s][info][gc,marking  ] GC(10) Mark: 8 stripe(s), 6 proactive flush(es), 1 terminate flush(es), 0 completion(s), 0 continuation(s) 
[4.436s][info][gc,marking  ] GC(10) Mark Stack Usage: 32M
[4.436s][info][gc,nmethod  ] GC(10) NMethods: 1310 registered, 6 unregistered
[4.436s][info][gc,metaspace] GC(10) Metaspace: 11M used, 11M committed, 1088M reserved
[4.436s][info][gc,ref      ] GC(10) Soft: 186 encountered, 0 discovered, 0 enqueued
[4.436s][info][gc,ref      ] GC(10) Weak: 582 encountered, 43 discovered, 0 enqueued
[4.436s][info][gc,ref      ] GC(10) Final: 0 encountered, 0 discovered, 0 enqueued
[4.436s][info][gc,ref      ] GC(10) Phantom: 24 encountered, 10 discovered, 0 enqueued
[4.436s][info][gc,reloc    ] GC(10) Small Pages: 87 / 174M, Empty: 116M, Relocated: 5M, In-Place: 0
[4.436s][info][gc,reloc    ] GC(10) Medium Pages: 0 / 0M, Empty: 0M, Relocated: 0M, In-Place: 0
[4.436s][info][gc,reloc    ] GC(10) Large Pages: 0 / 0M, Empty: 0M, Relocated: 0M, In-Place: 0
[4.436s][info][gc,reloc    ] GC(10) Forwarding Usage: 2M
[4.436s][info][gc,heap     ] GC(10) Min Capacity: 8M(1%)
[4.436s][info][gc,heap     ] GC(10) Max Capacity: 1024M(100%)
[4.437s][info][gc,heap     ] GC(10) Soft Max Capacity: 1024M(100%)
[4.437s][info][gc,heap     ] GC(10)                Mark Start          Mark End        Relocate Start      Relocate End           High               Low         
[4.437s][info][gc,heap     ] GC(10)  Capacity:     1024M (100%)       1024M (100%)       1024M (100%)       1024M (100%)       1024M (100%)       1024M (100%)   
[4.437s][info][gc,heap     ] GC(10)      Free:      850M (83%)         850M (83%)         966M (94%)         968M (95%)         968M (95%)         850M (83%)    
[4.437s][info][gc,heap     ] GC(10)      Used:      174M (17%)         174M (17%)          58M (6%)           56M (5%)          174M (17%)          56M (5%)     
[4.437s][info][gc,heap     ] GC(10)      Live:         -                32M (3%)           32M (3%)           32M (3%)             -                  -          
[4.437s][info][gc,heap     ] GC(10) Allocated:         -                 0M (0%)            0M (0%)            0M (0%)             -                  -          
[4.437s][info][gc,heap     ] GC(10)   Garbage:         -               141M (14%)          25M (2%)           23M (2%)             -                  -          
[4.437s][info][gc,heap     ] GC(10) Reclaimed:         -                  -               116M (11%)         118M (12%)            -                  -          
[4.437s][info][gc          ] GC(10) Garbage Collection (System.gc()) 174M(17%)->56M(5%)
[4.707s][info][gc,start    ] GC(11) Garbage Collection (System.gc())
[4.707s][info][gc,task     ] GC(11) Using 10 workers
[4.707s][info][gc,phases   ] GC(11) Pause Mark Start 0.013ms
[4.741s][info][gc,phases   ] GC(11) Concurrent Mark 34.019ms
[4.741s][info][gc,phases   ] GC(11) Pause Mark End 0.020ms
[4.741s][info][gc,phases   ] GC(11) Concurrent Mark Free 0.001ms
[4.742s][info][gc,phases   ] GC(11) Concurrent Process Non-Strong References 0.661ms
[4.742s][info][gc,phases   ] GC(11) Concurrent Reset Relocation Set 0.002ms
[4.745s][info][gc,phases   ] GC(11) Concurrent Select Relocation Set 3.127ms
[4.745s][info][gc,phases   ] GC(11) Pause Relocate Start 0.006ms
[4.749s][info][gc,phases   ] GC(11) Concurrent Relocate 3.470ms
[4.749s][info][gc,load     ] GC(11) Load: 0.00/0.00/0.00
[4.749s][info][gc,mmu      ] GC(11) MMU: 2ms/98.9%, 5ms/99.4%, 10ms/99.7%, 20ms/99.8%, 50ms/99.9%, 100ms/100.0%
[4.749s][info][gc,marking  ] GC(11) Mark: 8 stripe(s), 6 proactive flush(es), 1 terminate flush(es), 0 completion(s), 0 continuation(s) 
[4.749s][info][gc,marking  ] GC(11) Mark Stack Usage: 32M
[4.749s][info][gc,nmethod  ] GC(11) NMethods: 1313 registered, 8 unregistered
[4.749s][info][gc,metaspace] GC(11) Metaspace: 11M used, 11M committed, 1088M reserved
[4.749s][info][gc,ref      ] GC(11) Soft: 186 encountered, 0 discovered, 0 enqueued
[4.749s][info][gc,ref      ] GC(11) Weak: 582 encountered, 47 discovered, 0 enqueued
[4.749s][info][gc,ref      ] GC(11) Final: 0 encountered, 0 discovered, 0 enqueued
[4.749s][info][gc,ref      ] GC(11) Phantom: 24 encountered, 19 discovered, 0 enqueued
[4.749s][info][gc,reloc    ] GC(11) Small Pages: 87 / 174M, Empty: 116M, Relocated: 5M, In-Place: 0
[4.749s][info][gc,reloc    ] GC(11) Medium Pages: 0 / 0M, Empty: 0M, Relocated: 0M, In-Place: 0
[4.749s][info][gc,reloc    ] GC(11) Large Pages: 0 / 0M, Empty: 0M, Relocated: 0M, In-Place: 0
[4.749s][info][gc,reloc    ] GC(11) Forwarding Usage: 2M
[4.749s][info][gc,heap     ] GC(11) Min Capacity: 8M(1%)
[4.749s][info][gc,heap     ] GC(11) Max Capacity: 1024M(100%)
[4.750s][info][gc,heap     ] GC(11) Soft Max Capacity: 1024M(100%)
[4.750s][info][gc,heap     ] GC(11)                Mark Start          Mark End        Relocate Start      Relocate End           High               Low         
[4.750s][info][gc,heap     ] GC(11)  Capacity:     1024M (100%)       1024M (100%)       1024M (100%)       1024M (100%)       1024M (100%)       1024M (100%)   
[4.750s][info][gc,heap     ] GC(11)      Free:      850M (83%)         850M (83%)         966M (94%)         968M (95%)         968M (95%)         850M (83%)    
[4.750s][info][gc,heap     ] GC(11)      Used:      174M (17%)         174M (17%)          58M (6%)           56M (5%)          174M (17%)          56M (5%)     
[4.750s][info][gc,heap     ] GC(11)      Live:         -                32M (3%)           32M (3%)           32M (3%)             -                  -          
[4.750s][info][gc,heap     ] GC(11) Allocated:         -                 0M (0%)            0M (0%)            0M (0%)             -                  -          
[4.750s][info][gc,heap     ] GC(11)   Garbage:         -               141M (14%)          25M (2%)           23M (2%)             -                  -          
[4.750s][info][gc,heap     ] GC(11) Reclaimed:         -                  -               116M (11%)         118M (12%)            -                  -          
[4.750s][info][gc          ] GC(11) Garbage Collection (System.gc()) 174M(17%)->56M(5%)
[5.000s][info][gc,start    ] GC(12) Garbage Collection (System.gc())
[5.000s][info][gc,task     ] GC(12) Using 10 workers
[5.000s][info][gc,phases   ] GC(12) Pause Mark Start 0.013ms
[5.038s][info][gc,phases   ] GC(12) Concurrent Mark 37.515ms
[5.038s][info][gc,phases   ] GC(12) Pause Mark End 0.013ms
[5.038s][info][gc,phases   ] GC(12) Concurrent Mark Free 0.001ms
[5.039s][info][gc,phases   ] GC(12) Concurrent Process Non-Strong References 0.722ms
[5.039s][info][gc,phases   ] GC(12) Concurrent Reset Relocation Set 0.002ms
[5.043s][info][gc,phases   ] GC(12) Concurrent Select Relocation Set 3.497ms
[5.043s][info][gc,phases   ] GC(12) Pause Relocate Start 0.004ms
[5.046s][info][gc,phases   ] GC(12) Concurrent Relocate 3.498ms
[5.046s][info][gc,load     ] GC(12) Load: 0.00/0.00/0.00
[5.046s][info][gc,mmu      ] GC(12) MMU: 2ms/98.9%, 5ms/99.4%, 10ms/99.7%, 20ms/99.8%, 50ms/99.9%, 100ms/100.0%
[5.046s][info][gc,marking  ] GC(12) Mark: 8 stripe(s), 7 proactive flush(es), 1 terminate flush(es), 0 completion(s), 0 continuation(s) 
[5.046s][info][gc,marking  ] GC(12) Mark Stack Usage: 32M
[5.046s][info][gc,nmethod  ] GC(12) NMethods: 1316 registered, 10 unregistered
[5.046s][info][gc,metaspace] GC(12) Metaspace: 11M used, 11M committed, 1088M reserved
[5.046s][info][gc,ref      ] GC(12) Soft: 186 encountered, 0 discovered, 0 enqueued
[5.046s][info][gc,ref      ] GC(12) Weak: 582 encountered, 131 discovered, 0 enqueued
[5.046s][info][gc,ref      ] GC(12) Final: 0 encountered, 0 discovered, 0 enqueued
[5.046s][info][gc,ref      ] GC(12) Phantom: 24 encountered, 21 discovered, 0 enqueued
[5.047s][info][gc,reloc    ] GC(12) Small Pages: 87 / 174M, Empty: 116M, Relocated: 5M, In-Place: 0
[5.047s][info][gc,reloc    ] GC(12) Medium Pages: 0 / 0M, Empty: 0M, Relocated: 0M, In-Place: 0
[5.047s][info][gc,reloc    ] GC(12) Large Pages: 0 / 0M, Empty: 0M, Relocated: 0M, In-Place: 0
[5.047s][info][gc,reloc    ] GC(12) Forwarding Usage: 2M
[5.047s][info][gc,heap     ] GC(12) Min Capacity: 8M(1%)
[5.047s][info][gc,heap     ] GC(12) Max Capacity: 1024M(100%)
[5.047s][info][gc,heap     ] GC(12) Soft Max Capacity: 1024M(100%)
[5.047s][info][gc,heap     ] GC(12)                Mark Start          Mark End        Relocate Start      Relocate End           High               Low         
[5.047s][info][gc,heap     ] GC(12)  Capacity:     1024M (100%)       1024M (100%)       1024M (100%)       1024M (100%)       1024M (100%)       1024M (100%)   
[5.047s][info][gc,heap     ] GC(12)      Free:      850M (83%)         850M (83%)         966M (94%)         968M (95%)         968M (95%)         850M (83%)    
[5.047s][info][gc,heap     ] GC(12)      Used:      174M (17%)         174M (17%)          58M (6%)           56M (5%)          174M (17%)          56M (5%)     
[5.047s][info][gc,heap     ] GC(12)      Live:         -                32M (3%)           32M (3%)           32M (3%)             -                  -          
[5.047s][info][gc,heap     ] GC(12) Allocated:         -                 0M (0%)            0M (0%)            0M (0%)             -                  -          
[5.047s][info][gc,heap     ] GC(12)   Garbage:         -               141M (14%)          25M (2%)           23M (2%)             -                  -          
[5.047s][info][gc,heap     ] GC(12) Reclaimed:         -                  -               116M (11%)         118M (12%)            -                  -          
[5.047s][info][gc          ] GC(12) Garbage Collection (System.gc()) 174M(17%)->56M(5%)
[5.319s][info][gc,start    ] GC(13) Garbage Collection (System.gc())
[5.319s][info][gc,task     ] GC(13) Using 10 workers
[5.320s][info][gc,phases   ] GC(13) Pause Mark Start 0.013ms
[5.344s][info][gc,phases   ] GC(13) Concurrent Mark 24.310ms
[5.344s][info][gc,phases   ] GC(13) Pause Mark End 0.018ms
[5.344s][info][gc,phases   ] GC(13) Concurrent Mark Free 0.001ms
[5.345s][info][gc,phases   ] GC(13) Concurrent Process Non-Strong References 0.703ms
[5.345s][info][gc,phases   ] GC(13) Concurrent Reset Relocation Set 0.001ms
[5.348s][info][gc,phases   ] GC(13) Concurrent Select Relocation Set 2.709ms
[5.348s][info][gc,phases   ] GC(13) Pause Relocate Start 0.006ms
[5.350s][info][gc,phases   ] GC(13) Concurrent Relocate 2.269ms
[5.350s][info][gc,load     ] GC(13) Load: 0.00/0.00/0.00
[5.350s][info][gc,mmu      ] GC(13) MMU: 2ms/98.9%, 5ms/99.4%, 10ms/99.7%, 20ms/99.8%, 50ms/99.9%, 100ms/100.0%
[5.350s][info][gc,marking  ] GC(13) Mark: 8 stripe(s), 6 proactive flush(es), 1 terminate flush(es), 0 completion(s), 0 continuation(s) 
[5.350s][info][gc,marking  ] GC(13) Mark Stack Usage: 32M
[5.350s][info][gc,nmethod  ] GC(13) NMethods: 1317 registered, 12 unregistered
[5.350s][info][gc,metaspace] GC(13) Metaspace: 11M used, 11M committed, 1088M reserved
[5.350s][info][gc,ref      ] GC(13) Soft: 186 encountered, 0 discovered, 0 enqueued
[5.350s][info][gc,ref      ] GC(13) Weak: 582 encountered, 143 discovered, 0 enqueued
[5.350s][info][gc,ref      ] GC(13) Final: 0 encountered, 0 discovered, 0 enqueued
[5.350s][info][gc,ref      ] GC(13) Phantom: 24 encountered, 15 discovered, 0 enqueued
[5.350s][info][gc,reloc    ] GC(13) Small Pages: 87 / 174M, Empty: 116M, Relocated: 5M, In-Place: 0
[5.350s][info][gc,reloc    ] GC(13) Medium Pages: 0 / 0M, Empty: 0M, Relocated: 0M, In-Place: 0
[5.350s][info][gc,reloc    ] GC(13) Large Pages: 0 / 0M, Empty: 0M, Relocated: 0M, In-Place: 0
[5.350s][info][gc,reloc    ] GC(13) Forwarding Usage: 2M
[5.350s][info][gc,heap     ] GC(13) Min Capacity: 8M(1%)
[5.350s][info][gc,heap     ] GC(13) Max Capacity: 1024M(100%)
[5.350s][info][gc,heap     ] GC(13) Soft Max Capacity: 1024M(100%)
[5.350s][info][gc,heap     ] GC(13)                Mark Start          Mark End        Relocate Start      Relocate End           High               Low         
[5.351s][info][gc,heap     ] GC(13)  Capacity:     1024M (100%)       1024M (100%)       1024M (100%)       1024M (100%)       1024M (100%)       1024M (100%)   
[5.351s][info][gc,heap     ] GC(13)      Free:      850M (83%)         850M (83%)         966M (94%)         968M (95%)         968M (95%)         850M (83%)    
[5.351s][info][gc,heap     ] GC(13)      Used:      174M (17%)         174M (17%)          58M (6%)           56M (5%)          174M (17%)          56M (5%)     
[5.351s][info][gc,heap     ] GC(13)      Live:         -                32M (3%)           32M (3%)           32M (3%)             -                  -          
[5.351s][info][gc,heap     ] GC(13) Allocated:         -                 0M (0%)            0M (0%)            0M (0%)             -                  -          
[5.351s][info][gc,heap     ] GC(13)   Garbage:         -               141M (14%)          25M (2%)           23M (2%)             -                  -          
[5.351s][info][gc,heap     ] GC(13) Reclaimed:         -                  -               116M (11%)         118M (12%)            -                  -          
[5.351s][info][gc          ] GC(13) Garbage Collection (System.gc()) 174M(17%)->56M(5%)
[5.610s][info][gc,start    ] GC(14) Garbage Collection (System.gc())
[5.610s][info][gc,task     ] GC(14) Using 10 workers
[5.610s][info][gc,phases   ] GC(14) Pause Mark Start 0.013ms
[5.656s][info][gc,phases   ] GC(14) Concurrent Mark 46.234ms
[5.657s][info][gc,phases   ] GC(14) Pause Mark End 0.020ms
[5.657s][info][gc,phases   ] GC(14) Concurrent Mark Free 0.001ms
[5.657s][info][gc,phases   ] GC(14) Concurrent Process Non-Strong References 0.739ms
[5.657s][info][gc,phases   ] GC(14) Concurrent Reset Relocation Set 0.002ms
[5.661s][info][gc,phases   ] GC(14) Concurrent Select Relocation Set 3.517ms
[5.661s][info][gc,phases   ] GC(14) Pause Relocate Start 0.010ms
[5.663s][info][gc,phases   ] GC(14) Concurrent Relocate 2.345ms
[5.664s][info][gc,load     ] GC(14) Load: 0.00/0.00/0.00
[5.664s][info][gc,mmu      ] GC(14) MMU: 2ms/98.9%, 5ms/99.4%, 10ms/99.7%, 20ms/99.8%, 50ms/99.9%, 100ms/100.0%
[5.664s][info][gc,marking  ] GC(14) Mark: 8 stripe(s), 4 proactive flush(es), 1 terminate flush(es), 0 completion(s), 0 continuation(s) 
[5.664s][info][gc,marking  ] GC(14) Mark Stack Usage: 32M
[5.664s][info][gc,nmethod  ] GC(14) NMethods: 1323 registered, 12 unregistered
[5.664s][info][gc,metaspace] GC(14) Metaspace: 11M used, 11M committed, 1088M reserved
[5.664s][info][gc,ref      ] GC(14) Soft: 186 encountered, 0 discovered, 0 enqueued
[5.664s][info][gc,ref      ] GC(14) Weak: 582 encountered, 46 discovered, 0 enqueued
[5.664s][info][gc,ref      ] GC(14) Final: 0 encountered, 0 discovered, 0 enqueued
[5.664s][info][gc,ref      ] GC(14) Phantom: 24 encountered, 14 discovered, 0 enqueued
[5.664s][info][gc,reloc    ] GC(14) Small Pages: 87 / 174M, Empty: 116M, Relocated: 5M, In-Place: 0
[5.664s][info][gc,reloc    ] GC(14) Medium Pages: 0 / 0M, Empty: 0M, Relocated: 0M, In-Place: 0
[5.664s][info][gc,reloc    ] GC(14) Large Pages: 0 / 0M, Empty: 0M, Relocated: 0M, In-Place: 0
[5.664s][info][gc,reloc    ] GC(14) Forwarding Usage: 2M
[5.664s][info][gc,heap     ] GC(14) Min Capacity: 8M(1%)
[5.664s][info][gc,heap     ] GC(14) Max Capacity: 1024M(100%)
[5.664s][info][gc,heap     ] GC(14) Soft Max Capacity: 1024M(100%)
[5.664s][info][gc,heap     ] GC(14)                Mark Start          Mark End        Relocate Start      Relocate End           High               Low         
[5.664s][info][gc,heap     ] GC(14)  Capacity:     1024M (100%)       1024M (100%)       1024M (100%)       1024M (100%)       1024M (100%)       1024M (100%)   
[5.664s][info][gc,heap     ] GC(14)      Free:      850M (83%)         850M (83%)         966M (94%)         968M (95%)         968M (95%)         850M (83%)    
[5.664s][info][gc,heap     ] GC(14)      Used:      174M (17%)         174M (17%)          58M (6%)           56M (5%)          174M (17%)          56M (5%)     
[5.664s][info][gc,heap     ] GC(14)      Live:         -                32M (3%)           32M (3%)           32M (3%)             -                  -          
[5.664s][info][gc,heap     ] GC(14) Allocated:         -                 0M (0%)            0M (0%)            0M (0%)             -                  -          
[5.664s][info][gc,heap     ] GC(14)   Garbage:         -               141M (14%)          25M (2%)           23M (2%)             -                  -          
[5.664s][info][gc,heap     ] GC(14) Reclaimed:         -                  -               116M (11%)         118M (12%)            -                  -          
[5.664s][info][gc          ] GC(14) Garbage Collection (System.gc()) 174M(17%)->56M(5%)
[5.923s][info][gc,start    ] GC(15) Garbage Collection (System.gc())
[5.923s][info][gc,task     ] GC(15) Using 10 workers
[5.923s][info][gc,phases   ] GC(15) Pause Mark Start 0.015ms
[5.960s][info][gc,phases   ] GC(15) Concurrent Mark 37.287ms
[5.960s][info][gc,phases   ] GC(15) Pause Mark End 0.020ms
[5.960s][info][gc,phases   ] GC(15) Concurrent Mark Free 0.001ms
[5.961s][info][gc,phases   ] GC(15) Concurrent Process Non-Strong References 0.754ms
[5.961s][info][gc,phases   ] GC(15) Concurrent Reset Relocation Set 0.002ms
[5.965s][info][gc,phases   ] GC(15) Concurrent Select Relocation Set 3.493ms
[5.965s][info][gc,phases   ] GC(15) Pause Relocate Start 0.010ms
[5.969s][info][gc,phases   ] GC(15) Concurrent Relocate 3.499ms
[5.969s][info][gc,load     ] GC(15) Load: 0.00/0.00/0.00
[5.969s][info][gc,mmu      ] GC(15) MMU: 2ms/98.9%, 5ms/99.4%, 10ms/99.7%, 20ms/99.8%, 50ms/99.9%, 100ms/100.0%
[5.969s][info][gc,marking  ] GC(15) Mark: 8 stripe(s), 4 proactive flush(es), 1 terminate flush(es), 0 completion(s), 0 continuation(s) 
[5.969s][info][gc,marking  ] GC(15) Mark Stack Usage: 32M
[5.969s][info][gc,nmethod  ] GC(15) NMethods: 1329 registered, 12 unregistered
[5.969s][info][gc,metaspace] GC(15) Metaspace: 11M used, 11M committed, 1088M reserved
[5.969s][info][gc,ref      ] GC(15) Soft: 186 encountered, 0 discovered, 0 enqueued
[5.969s][info][gc,ref      ] GC(15) Weak: 582 encountered, 48 discovered, 0 enqueued
[5.969s][info][gc,ref      ] GC(15) Final: 0 encountered, 0 discovered, 0 enqueued
[5.969s][info][gc,ref      ] GC(15) Phantom: 24 encountered, 15 discovered, 0 enqueued
[5.969s][info][gc,reloc    ] GC(15) Small Pages: 87 / 174M, Empty: 116M, Relocated: 5M, In-Place: 0
[5.969s][info][gc,reloc    ] GC(15) Medium Pages: 0 / 0M, Empty: 0M, Relocated: 0M, In-Place: 0
[5.969s][info][gc,reloc    ] GC(15) Large Pages: 0 / 0M, Empty: 0M, Relocated: 0M, In-Place: 0
[5.969s][info][gc,reloc    ] GC(15) Forwarding Usage: 2M
[5.969s][info][gc,heap     ] GC(15) Min Capacity: 8M(1%)
[5.969s][info][gc,heap     ] GC(15) Max Capacity: 1024M(100%)
[5.969s][info][gc,heap     ] GC(15) Soft Max Capacity: 1024M(100%)
[5.969s][info][gc,heap     ] GC(15)                Mark Start          Mark End        Relocate Start      Relocate End           High               Low         
[5.969s][info][gc,heap     ] GC(15)  Capacity:     1024M (100%)       1024M (100%)       1024M (100%)       1024M (100%)       1024M (100%)       1024M (100%)   
[5.969s][info][gc,heap     ] GC(15)      Free:      850M (83%)         850M (83%)         966M (94%)         968M (95%)         968M (95%)         850M (83%)    
[5.969s][info][gc,heap     ] GC(15)      Used:      174M (17%)         174M (17%)          58M (6%)           56M (5%)          174M (17%)          56M (5%)     
[5.969s][info][gc,heap     ] GC(15)      Live:         -                32M (3%)           32M (3%)           32M (3%)             -                  -          
[5.969s][info][gc,heap     ] GC(15) Allocated:         -                 0M (0%)            0M (0%)            0M (0%)             -                  -          
[5.969s][info][gc,heap     ] GC(15)   Garbage:         -               141M (14%)          25M (2%)           23M (2%)             -                  -          
[5.969s][info][gc,heap     ] GC(15) Reclaimed:         -                  -               116M (11%)         118M (12%)            -                  -          
[5.969s][info][gc          ] GC(15) Garbage Collection (System.gc()) 174M(17%)->56M(5%)
[6.246s][info][gc,start    ] GC(16) Garbage Collection (System.gc())
[6.246s][info][gc,task     ] GC(16) Using 10 workers
[6.246s][info][gc,phases   ] GC(16) Pause Mark Start 0.015ms
[6.273s][info][gc,phases   ] GC(16) Concurrent Mark 26.074ms
[6.273s][info][gc,phases   ] GC(16) Pause Mark End 0.018ms
[6.273s][info][gc,phases   ] GC(16) Concurrent Mark Free 0.001ms
[6.274s][info][gc,phases   ] GC(16) Concurrent Process Non-Strong References 0.748ms
[6.274s][info][gc,phases   ] GC(16) Concurrent Reset Relocation Set 0.002ms
[6.277s][info][gc,phases   ] GC(16) Concurrent Select Relocation Set 3.512ms
[6.277s][info][gc,phases   ] GC(16) Pause Relocate Start 0.006ms
[6.280s][info][gc,phases   ] GC(16) Concurrent Relocate 2.329ms
[6.280s][info][gc,load     ] GC(16) Load: 0.00/0.00/0.00
[6.280s][info][gc,mmu      ] GC(16) MMU: 2ms/98.9%, 5ms/99.4%, 10ms/99.7%, 20ms/99.8%, 50ms/99.9%, 100ms/100.0%
[6.280s][info][gc,marking  ] GC(16) Mark: 8 stripe(s), 6 proactive flush(es), 1 terminate flush(es), 0 completion(s), 0 continuation(s) 
[6.280s][info][gc,marking  ] GC(16) Mark Stack Usage: 32M
[6.280s][info][gc,nmethod  ] GC(16) NMethods: 1349 registered, 12 unregistered
[6.280s][info][gc,metaspace] GC(16) Metaspace: 11M used, 11M committed, 1088M reserved
[6.280s][info][gc,ref      ] GC(16) Soft: 186 encountered, 0 discovered, 0 enqueued
[6.280s][info][gc,ref      ] GC(16) Weak: 582 encountered, 114 discovered, 0 enqueued
[6.280s][info][gc,ref      ] GC(16) Final: 0 encountered, 0 discovered, 0 enqueued
[6.280s][info][gc,ref      ] GC(16) Phantom: 24 encountered, 15 discovered, 0 enqueued
[6.280s][info][gc,reloc    ] GC(16) Small Pages: 87 / 174M, Empty: 118M, Relocated: 5M, In-Place: 0
[6.280s][info][gc,reloc    ] GC(16) Medium Pages: 0 / 0M, Empty: 0M, Relocated: 0M, In-Place: 0
[6.280s][info][gc,reloc    ] GC(16) Large Pages: 0 / 0M, Empty: 0M, Relocated: 0M, In-Place: 0
[6.280s][info][gc,reloc    ] GC(16) Forwarding Usage: 2M
[6.280s][info][gc,heap     ] GC(16) Min Capacity: 8M(1%)
[6.280s][info][gc,heap     ] GC(16) Max Capacity: 1024M(100%)
[6.280s][info][gc,heap     ] GC(16) Soft Max Capacity: 1024M(100%)
[6.280s][info][gc,heap     ] GC(16)                Mark Start          Mark End        Relocate Start      Relocate End           High               Low         
[6.280s][info][gc,heap     ] GC(16)  Capacity:     1024M (100%)       1024M (100%)       1024M (100%)       1024M (100%)       1024M (100%)       1024M (100%)   
[6.280s][info][gc,heap     ] GC(16)      Free:      850M (83%)         850M (83%)         968M (95%)         968M (95%)         968M (95%)         850M (83%)    
[6.280s][info][gc,heap     ] GC(16)      Used:      174M (17%)         174M (17%)          56M (5%)           56M (5%)          174M (17%)          56M (5%)     
[6.280s][info][gc,heap     ] GC(16)      Live:         -                32M (3%)           32M (3%)           32M (3%)             -                  -          
[6.280s][info][gc,heap     ] GC(16) Allocated:         -                 0M (0%)            0M (0%)            0M (0%)             -                  -          
[6.280s][info][gc,heap     ] GC(16)   Garbage:         -               141M (14%)          23M (2%)           23M (2%)             -                  -          
[6.280s][info][gc,heap     ] GC(16) Reclaimed:         -                  -               118M (12%)         118M (12%)            -                  -          
[6.280s][info][gc          ] GC(16) Garbage Collection (System.gc()) 174M(17%)->56M(5%)
[6.537s][info][gc,start    ] GC(17) Garbage Collection (System.gc())
[6.537s][info][gc,task     ] GC(17) Using 10 workers
[6.537s][info][gc,phases   ] GC(17) Pause Mark Start 0.016ms
[6.560s][info][gc,phases   ] GC(17) Concurrent Mark 23.150ms
[6.560s][info][gc,phases   ] GC(17) Pause Mark End 0.016ms
[6.560s][info][gc,phases   ] GC(17) Concurrent Mark Free 0.001ms
[6.561s][info][gc,phases   ] GC(17) Concurrent Process Non-Strong References 0.596ms
[6.561s][info][gc,phases   ] GC(17) Concurrent Reset Relocation Set 0.002ms
[6.564s][info][gc,phases   ] GC(17) Concurrent Select Relocation Set 3.459ms
[6.564s][info][gc,phases   ] GC(17) Pause Relocate Start 0.006ms
[6.567s][info][gc,phases   ] GC(17) Concurrent Relocate 2.158ms
[6.567s][info][gc,load     ] GC(17) Load: 0.00/0.00/0.00
[6.567s][info][gc,mmu      ] GC(17) MMU: 2ms/98.9%, 5ms/99.4%, 10ms/99.7%, 20ms/99.8%, 50ms/99.9%, 100ms/100.0%
[6.567s][info][gc,marking  ] GC(17) Mark: 8 stripe(s), 1 proactive flush(es), 1 terminate flush(es), 0 completion(s), 0 continuation(s) 
[6.567s][info][gc,marking  ] GC(17) Mark Stack Usage: 32M
[6.567s][info][gc,nmethod  ] GC(17) NMethods: 1349 registered, 12 unregistered
[6.567s][info][gc,metaspace] GC(17) Metaspace: 11M used, 11M committed, 1088M reserved
[6.567s][info][gc,ref      ] GC(17) Soft: 186 encountered, 0 discovered, 0 enqueued
[6.567s][info][gc,ref      ] GC(17) Weak: 582 encountered, 99 discovered, 0 enqueued
[6.567s][info][gc,ref      ] GC(17) Final: 0 encountered, 0 discovered, 0 enqueued
[6.567s][info][gc,ref      ] GC(17) Phantom: 24 encountered, 14 discovered, 0 enqueued
[6.567s][info][gc,reloc    ] GC(17) Small Pages: 87 / 174M, Empty: 118M, Relocated: 5M, In-Place: 0
[6.567s][info][gc,reloc    ] GC(17) Medium Pages: 0 / 0M, Empty: 0M, Relocated: 0M, In-Place: 0
[6.567s][info][gc,reloc    ] GC(17) Large Pages: 0 / 0M, Empty: 0M, Relocated: 0M, In-Place: 0
[6.567s][info][gc,reloc    ] GC(17) Forwarding Usage: 2M
[6.567s][info][gc,heap     ] GC(17) Min Capacity: 8M(1%)
[6.567s][info][gc,heap     ] GC(17) Max Capacity: 1024M(100%)
[6.567s][info][gc,heap     ] GC(17) Soft Max Capacity: 1024M(100%)
[6.567s][info][gc,heap     ] GC(17)                Mark Start          Mark End        Relocate Start      Relocate End           High               Low         
[6.567s][info][gc,heap     ] GC(17)  Capacity:     1024M (100%)       1024M (100%)       1024M (100%)       1024M (100%)       1024M (100%)       1024M (100%)   
[6.567s][info][gc,heap     ] GC(17)      Free:      850M (83%)         850M (83%)         968M (95%)         968M (95%)         968M (95%)         850M (83%)    
[6.567s][info][gc,heap     ] GC(17)      Used:      174M (17%)         174M (17%)          56M (5%)           56M (5%)          174M (17%)          56M (5%)     
[6.567s][info][gc,heap     ] GC(17)      Live:         -                32M (3%)           32M (3%)           32M (3%)             -                  -          
[6.567s][info][gc,heap     ] GC(17) Allocated:         -                 0M (0%)            0M (0%)            0M (0%)             -                  -          
[6.567s][info][gc,heap     ] GC(17)   Garbage:         -               141M (14%)          23M (2%)           23M (2%)             -                  -          
[6.567s][info][gc,heap     ] GC(17) Reclaimed:         -                  -               118M (12%)         118M (12%)            -                  -          
[6.567s][info][gc          ] GC(17) Garbage Collection (System.gc()) 174M(17%)->56M(5%)
[6.826s][info][gc,start    ] GC(18) Garbage Collection (System.gc())
[6.826s][info][gc,task     ] GC(18) Using 10 workers
[6.826s][info][gc,phases   ] GC(18) Pause Mark Start 0.016ms
[6.857s][info][gc,phases   ] GC(18) Concurrent Mark 30.410ms
[6.857s][info][gc,phases   ] GC(18) Pause Mark End 0.019ms
[6.857s][info][gc,phases   ] GC(18) Concurrent Mark Free 0.001ms
[6.858s][info][gc,phases   ] GC(18) Concurrent Process Non-Strong References 0.683ms
[6.858s][info][gc,phases   ] GC(18) Concurrent Reset Relocation Set 0.002ms
[6.861s][info][gc,phases   ] GC(18) Concurrent Select Relocation Set 3.122ms
[6.861s][info][gc,phases   ] GC(18) Pause Relocate Start 0.005ms
[6.863s][info][gc,phases   ] GC(18) Concurrent Relocate 2.024ms
[6.863s][info][gc,load     ] GC(18) Load: 0.00/0.00/0.00
[6.863s][info][gc,mmu      ] GC(18) MMU: 2ms/98.9%, 5ms/99.4%, 10ms/99.7%, 20ms/99.8%, 50ms/99.9%, 100ms/100.0%
[6.863s][info][gc,marking  ] GC(18) Mark: 8 stripe(s), 3 proactive flush(es), 1 terminate flush(es), 0 completion(s), 0 continuation(s) 
[6.863s][info][gc,marking  ] GC(18) Mark Stack Usage: 32M
[6.863s][info][gc,nmethod  ] GC(18) NMethods: 1351 registered, 12 unregistered
[6.863s][info][gc,metaspace] GC(18) Metaspace: 11M used, 11M committed, 1088M reserved
[6.863s][info][gc,ref      ] GC(18) Soft: 186 encountered, 0 discovered, 0 enqueued
[6.863s][info][gc,ref      ] GC(18) Weak: 582 encountered, 42 discovered, 0 enqueued
[6.863s][info][gc,ref      ] GC(18) Final: 0 encountered, 0 discovered, 0 enqueued
[6.863s][info][gc,ref      ] GC(18) Phantom: 24 encountered, 20 discovered, 0 enqueued
[6.863s][info][gc,reloc    ] GC(18) Small Pages: 87 / 174M, Empty: 118M, Relocated: 5M, In-Place: 0
[6.863s][info][gc,reloc    ] GC(18) Medium Pages: 0 / 0M, Empty: 0M, Relocated: 0M, In-Place: 0
[6.863s][info][gc,reloc    ] GC(18) Large Pages: 0 / 0M, Empty: 0M, Relocated: 0M, In-Place: 0
[6.863s][info][gc,reloc    ] GC(18) Forwarding Usage: 2M
[6.863s][info][gc,heap     ] GC(18) Min Capacity: 8M(1%)
[6.864s][info][gc,heap     ] GC(18) Max Capacity: 1024M(100%)
[6.864s][info][gc,heap     ] GC(18) Soft Max Capacity: 1024M(100%)
[6.864s][info][gc,heap     ] GC(18)                Mark Start          Mark End        Relocate Start      Relocate End           High               Low         
[6.864s][info][gc,heap     ] GC(18)  Capacity:     1024M (100%)       1024M (100%)       1024M (100%)       1024M (100%)       1024M (100%)       1024M (100%)   
[6.864s][info][gc,heap     ] GC(18)      Free:      850M (83%)         850M (83%)         968M (95%)         968M (95%)         968M (95%)         850M (83%)    
[6.864s][info][gc,heap     ] GC(18)      Used:      174M (17%)         174M (17%)          56M (5%)           56M (5%)          174M (17%)          56M (5%)     
[6.864s][info][gc,heap     ] GC(18)      Live:         -                32M (3%)           32M (3%)           32M (3%)             -                  -          
[6.864s][info][gc,heap     ] GC(18) Allocated:         -                 0M (0%)            0M (0%)            0M (0%)             -                  -          
[6.864s][info][gc,heap     ] GC(18)   Garbage:         -               141M (14%)          23M (2%)           23M (2%)             -                  -          
[6.864s][info][gc,heap     ] GC(18) Reclaimed:         -                  -               118M (12%)         118M (12%)            -                  -          
[6.864s][info][gc          ] GC(18) Garbage Collection (System.gc()) 174M(17%)->56M(5%)
[7.148s][info][gc,start    ] GC(19) Garbage Collection (System.gc())
[7.148s][info][gc,task     ] GC(19) Using 10 workers
[7.148s][info][gc,phases   ] GC(19) Pause Mark Start 0.015ms
[7.176s][info][gc,phases   ] GC(19) Concurrent Mark 27.748ms
[7.176s][info][gc,phases   ] GC(19) Pause Mark End 0.014ms
[7.176s][info][gc,phases   ] GC(19) Concurrent Mark Free 0.001ms
[7.177s][info][gc,phases   ] GC(19) Concurrent Process Non-Strong References 0.720ms
[7.177s][info][gc,phases   ] GC(19) Concurrent Reset Relocation Set 0.002ms
[7.180s][info][gc,phases   ] GC(19) Concurrent Select Relocation Set 3.455ms
[7.180s][info][gc,phases   ] GC(19) Pause Relocate Start 0.005ms
[7.182s][info][gc,phases   ] GC(19) Concurrent Relocate 1.883ms
[7.182s][info][gc,load     ] GC(19) Load: 0.00/0.00/0.00
[7.182s][info][gc,mmu      ] GC(19) MMU: 2ms/98.9%, 5ms/99.4%, 10ms/99.7%, 20ms/99.8%, 50ms/99.9%, 100ms/100.0%
[7.182s][info][gc,marking  ] GC(19) Mark: 8 stripe(s), 3 proactive flush(es), 1 terminate flush(es), 0 completion(s), 0 continuation(s) 
[7.183s][info][gc,marking  ] GC(19) Mark Stack Usage: 32M
[7.183s][info][gc,nmethod  ] GC(19) NMethods: 1351 registered, 12 unregistered
[7.183s][info][gc,metaspace] GC(19) Metaspace: 11M used, 11M committed, 1088M reserved
[7.183s][info][gc,ref      ] GC(19) Soft: 186 encountered, 0 discovered, 0 enqueued
[7.183s][info][gc,ref      ] GC(19) Weak: 582 encountered, 41 discovered, 0 enqueued
[7.183s][info][gc,ref      ] GC(19) Final: 0 encountered, 0 discovered, 0 enqueued
[7.183s][info][gc,ref      ] GC(19) Phantom: 24 encountered, 18 discovered, 0 enqueued
[7.183s][info][gc,reloc    ] GC(19) Small Pages: 87 / 174M, Empty: 118M, Relocated: 5M, In-Place: 0
[7.183s][info][gc,reloc    ] GC(19) Medium Pages: 0 / 0M, Empty: 0M, Relocated: 0M, In-Place: 0
[7.183s][info][gc,reloc    ] GC(19) Large Pages: 0 / 0M, Empty: 0M, Relocated: 0M, In-Place: 0
[7.183s][info][gc,reloc    ] GC(19) Forwarding Usage: 2M
[7.183s][info][gc,heap     ] GC(19) Min Capacity: 8M(1%)
[7.183s][info][gc,heap     ] GC(19) Max Capacity: 1024M(100%)
[7.183s][info][gc,heap     ] GC(19) Soft Max Capacity: 1024M(100%)
[7.183s][info][gc,heap     ] GC(19)                Mark Start          Mark End        Relocate Start      Relocate End           High               Low         
[7.183s][info][gc,heap     ] GC(19)  Capacity:     1024M (100%)       1024M (100%)       1024M (100%)       1024M (100%)       1024M (100%)       1024M (100%)   
[7.183s][info][gc,heap     ] GC(19)      Free:      850M (83%)         850M (83%)         968M (95%)         968M (95%)         968M (95%)         850M (83%)    
[7.183s][info][gc,heap     ] GC(19)      Used:      174M (17%)         174M (17%)          56M (5%)           56M (5%)          174M (17%)          56M (5%)     
[7.183s][info][gc,heap     ] GC(19)      Live:         -                32M (3%)           32M (3%)           32M (3%)             -                  -          
[7.183s][info][gc,heap     ] GC(19) Allocated:         -                 0M (0%)            0M (0%)            0M (0%)             -                  -          
[7.183s][info][gc,heap     ] GC(19)   Garbage:         -               141M (14%)          23M (2%)           23M (2%)             -                  -          
[7.183s][info][gc,heap     ] GC(19) Reclaimed:         -                  -               118M (12%)         118M (12%)            -                  -          
[7.183s][info][gc          ] GC(19) Garbage Collection (System.gc()) 174M(17%)->56M(5%)
[7.432s][info][gc,start    ] GC(20) Garbage Collection (System.gc())
[7.432s][info][gc,task     ] GC(20) Using 10 workers
[7.432s][info][gc,phases   ] GC(20) Pause Mark Start 0.016ms
[7.457s][info][gc,phases   ] GC(20) Concurrent Mark 25.128ms
[7.457s][info][gc,phases   ] GC(20) Pause Mark End 0.019ms
[7.457s][info][gc,phases   ] GC(20) Concurrent Mark Free 0.001ms
[7.458s][info][gc,phases   ] GC(20) Concurrent Process Non-Strong References 0.744ms
[7.458s][info][gc,phases   ] GC(20) Concurrent Reset Relocation Set 0.002ms
[7.462s][info][gc,phases   ] GC(20) Concurrent Select Relocation Set 3.518ms
[7.462s][info][gc,phases   ] GC(20) Pause Relocate Start 0.007ms
[7.464s][info][gc,phases   ] GC(20) Concurrent Relocate 2.323ms
[7.464s][info][gc,load     ] GC(20) Load: 0.00/0.00/0.00
[7.464s][info][gc,mmu      ] GC(20) MMU: 2ms/98.9%, 5ms/99.4%, 10ms/99.7%, 20ms/99.8%, 50ms/99.9%, 100ms/100.0%
[7.464s][info][gc,marking  ] GC(20) Mark: 8 stripe(s), 4 proactive flush(es), 1 terminate flush(es), 0 completion(s), 0 continuation(s) 
[7.464s][info][gc,marking  ] GC(20) Mark Stack Usage: 32M
[7.464s][info][gc,nmethod  ] GC(20) NMethods: 1352 registered, 12 unregistered
[7.464s][info][gc,metaspace] GC(20) Metaspace: 11M used, 11M committed, 1088M reserved
[7.464s][info][gc,ref      ] GC(20) Soft: 186 encountered, 0 discovered, 0 enqueued
[7.464s][info][gc,ref      ] GC(20) Weak: 582 encountered, 92 discovered, 0 enqueued
[7.464s][info][gc,ref      ] GC(20) Final: 0 encountered, 0 discovered, 0 enqueued
[7.464s][info][gc,ref      ] GC(20) Phantom: 24 encountered, 12 discovered, 0 enqueued
[7.464s][info][gc,reloc    ] GC(20) Small Pages: 87 / 174M, Empty: 118M, Relocated: 5M, In-Place: 0
[7.464s][info][gc,reloc    ] GC(20) Medium Pages: 0 / 0M, Empty: 0M, Relocated: 0M, In-Place: 0
[7.464s][info][gc,reloc    ] GC(20) Large Pages: 0 / 0M, Empty: 0M, Relocated: 0M, In-Place: 0
[7.465s][info][gc,reloc    ] GC(20) Forwarding Usage: 2M
[7.465s][info][gc,heap     ] GC(20) Min Capacity: 8M(1%)
[7.465s][info][gc,heap     ] GC(20) Max Capacity: 1024M(100%)
[7.465s][info][gc,heap     ] GC(20) Soft Max Capacity: 1024M(100%)
[7.465s][info][gc,heap     ] GC(20)                Mark Start          Mark End        Relocate Start      Relocate End           High               Low         
[7.465s][info][gc,heap     ] GC(20)  Capacity:     1024M (100%)       1024M (100%)       1024M (100%)       1024M (100%)       1024M (100%)       1024M (100%)   
[7.465s][info][gc,heap     ] GC(20)      Free:      850M (83%)         850M (83%)         968M (95%)         968M (95%)         968M (95%)         850M (83%)    
[7.465s][info][gc,heap     ] GC(20)      Used:      174M (17%)         174M (17%)          56M (5%)           56M (5%)          174M (17%)          56M (5%)     
[7.465s][info][gc,heap     ] GC(20)      Live:         -                32M (3%)           32M (3%)           32M (3%)             -                  -          
[7.465s][info][gc,heap     ] GC(20) Allocated:         -                 0M (0%)            0M (0%)            0M (0%)             -                  -          
[7.465s][info][gc,heap     ] GC(20)   Garbage:         -               141M (14%)          23M (2%)           23M (2%)             -                  -          
[7.465s][info][gc,heap     ] GC(20) Reclaimed:         -                  -               118M (12%)         118M (12%)            -                  -          
[7.465s][info][gc          ] GC(20) Garbage Collection (System.gc()) 174M(17%)->56M(5%)
[7.720s][info][gc,start    ] GC(21) Garbage Collection (System.gc())
[7.721s][info][gc,task     ] GC(21) Using 10 workers
[7.721s][info][gc,phases   ] GC(21) Pause Mark Start 0.015ms
[7.754s][info][gc,phases   ] GC(21) Concurrent Mark 33.081ms
[7.754s][info][gc,phases   ] GC(21) Pause Mark End 0.024ms
[7.754s][info][gc,phases   ] GC(21) Concurrent Mark Free 0.001ms
[7.755s][info][gc,phases   ] GC(21) Concurrent Process Non-Strong References 0.675ms
[7.755s][info][gc,phases   ] GC(21) Concurrent Reset Relocation Set 0.002ms
[7.758s][info][gc,phases   ] GC(21) Concurrent Select Relocation Set 3.505ms
[7.758s][info][gc,phases   ] GC(21) Pause Relocate Start 0.006ms
[7.761s][info][gc,phases   ] GC(21) Concurrent Relocate 2.106ms
[7.761s][info][gc,load     ] GC(21) Load: 0.00/0.00/0.00
[7.761s][info][gc,mmu      ] GC(21) MMU: 2ms/98.8%, 5ms/99.4%, 10ms/99.7%, 20ms/99.8%, 50ms/99.9%, 100ms/100.0%
[7.761s][info][gc,marking  ] GC(21) Mark: 8 stripe(s), 2 proactive flush(es), 1 terminate flush(es), 0 completion(s), 0 continuation(s) 
[7.761s][info][gc,marking  ] GC(21) Mark Stack Usage: 32M
[7.761s][info][gc,nmethod  ] GC(21) NMethods: 1353 registered, 12 unregistered
[7.761s][info][gc,metaspace] GC(21) Metaspace: 11M used, 11M committed, 1088M reserved
[7.761s][info][gc,ref      ] GC(21) Soft: 186 encountered, 0 discovered, 0 enqueued
[7.761s][info][gc,ref      ] GC(21) Weak: 582 encountered, 48 discovered, 0 enqueued
[7.761s][info][gc,ref      ] GC(21) Final: 0 encountered, 0 discovered, 0 enqueued
[7.761s][info][gc,ref      ] GC(21) Phantom: 24 encountered, 21 discovered, 0 enqueued
[7.761s][info][gc,reloc    ] GC(21) Small Pages: 87 / 174M, Empty: 118M, Relocated: 5M, In-Place: 0
[7.761s][info][gc,reloc    ] GC(21) Medium Pages: 0 / 0M, Empty: 0M, Relocated: 0M, In-Place: 0
[7.761s][info][gc,reloc    ] GC(21) Large Pages: 0 / 0M, Empty: 0M, Relocated: 0M, In-Place: 0
[7.761s][info][gc,reloc    ] GC(21) Forwarding Usage: 2M
[7.761s][info][gc,heap     ] GC(21) Min Capacity: 8M(1%)
[7.761s][info][gc,heap     ] GC(21) Max Capacity: 1024M(100%)
[7.761s][info][gc,heap     ] GC(21) Soft Max Capacity: 1024M(100%)
[7.761s][info][gc,heap     ] GC(21)                Mark Start          Mark End        Relocate Start      Relocate End           High               Low         
[7.761s][info][gc,heap     ] GC(21)  Capacity:     1024M (100%)       1024M (100%)       1024M (100%)       1024M (100%)       1024M (100%)       1024M (100%)   
[7.761s][info][gc,heap     ] GC(21)      Free:      850M (83%)         850M (83%)         968M (95%)         968M (95%)         968M (95%)         850M (83%)    
[7.761s][info][gc,heap     ] GC(21)      Used:      174M (17%)         174M (17%)          56M (5%)           56M (5%)          174M (17%)          56M (5%)     
[7.761s][info][gc,heap     ] GC(21)      Live:         -                32M (3%)           32M (3%)           32M (3%)             -                  -          
[7.761s][info][gc,heap     ] GC(21) Allocated:         -                 0M (0%)            0M (0%)            0M (0%)             -                  -          
[7.761s][info][gc,heap     ] GC(21)   Garbage:         -               141M (14%)          23M (2%)           23M (2%)             -                  -          
[7.761s][info][gc,heap     ] GC(21) Reclaimed:         -                  -               118M (12%)         118M (12%)            -                  -          
[7.761s][info][gc          ] GC(21) Garbage Collection (System.gc()) 174M(17%)->56M(5%)
[8.049s][info][gc,start    ] GC(22) Garbage Collection (System.gc())
[8.049s][info][gc,task     ] GC(22) Using 10 workers
[8.049s][info][gc,phases   ] GC(22) Pause Mark Start 0.016ms
[8.082s][info][gc,phases   ] GC(22) Concurrent Mark 32.393ms
[8.082s][info][gc,phases   ] GC(22) Pause Mark End 0.020ms
[8.082s][info][gc,phases   ] GC(22) Concurrent Mark Free 0.001ms
[8.083s][info][gc,phases   ] GC(22) Concurrent Process Non-Strong References 0.766ms
[8.083s][info][gc,phases   ] GC(22) Concurrent Reset Relocation Set 0.002ms
[8.087s][info][gc,phases   ] GC(22) Concurrent Select Relocation Set 3.516ms
[8.087s][info][gc,phases   ] GC(22) Pause Relocate Start 0.009ms
[8.090s][info][gc,phases   ] GC(22) Concurrent Relocate 3.493ms
[8.090s][info][gc,load     ] GC(22) Load: 0.00/0.00/0.00
[8.090s][info][gc,mmu      ] GC(22) MMU: 2ms/98.8%, 5ms/99.4%, 10ms/99.7%, 20ms/99.8%, 50ms/99.9%, 100ms/100.0%
[8.090s][info][gc,marking  ] GC(22) Mark: 8 stripe(s), 4 proactive flush(es), 1 terminate flush(es), 0 completion(s), 0 continuation(s) 
[8.090s][info][gc,marking  ] GC(22) Mark Stack Usage: 32M
[8.090s][info][gc,nmethod  ] GC(22) NMethods: 1355 registered, 13 unregistered
[8.090s][info][gc,metaspace] GC(22) Metaspace: 11M used, 11M committed, 1088M reserved
[8.090s][info][gc,ref      ] GC(22) Soft: 186 encountered, 0 discovered, 0 enqueued
[8.090s][info][gc,ref      ] GC(22) Weak: 582 encountered, 313 discovered, 0 enqueued
[8.090s][info][gc,ref      ] GC(22) Final: 0 encountered, 0 discovered, 0 enqueued
[8.091s][info][gc,ref      ] GC(22) Phantom: 24 encountered, 20 discovered, 0 enqueued
[8.091s][info][gc,reloc    ] GC(22) Small Pages: 87 / 174M, Empty: 116M, Relocated: 5M, In-Place: 0
[8.091s][info][gc,reloc    ] GC(22) Medium Pages: 0 / 0M, Empty: 0M, Relocated: 0M, In-Place: 0
[8.091s][info][gc,reloc    ] GC(22) Large Pages: 0 / 0M, Empty: 0M, Relocated: 0M, In-Place: 0
[8.091s][info][gc,reloc    ] GC(22) Forwarding Usage: 2M
[8.091s][info][gc,heap     ] GC(22) Min Capacity: 8M(1%)
[8.091s][info][gc,heap     ] GC(22) Max Capacity: 1024M(100%)
[8.091s][info][gc,heap     ] GC(22) Soft Max Capacity: 1024M(100%)
[8.091s][info][gc,heap     ] GC(22)                Mark Start          Mark End        Relocate Start      Relocate End           High               Low         
[8.091s][info][gc,heap     ] GC(22)  Capacity:     1024M (100%)       1024M (100%)       1024M (100%)       1024M (100%)       1024M (100%)       1024M (100%)   
[8.091s][info][gc,heap     ] GC(22)      Free:      850M (83%)         850M (83%)         966M (94%)         968M (95%)         968M (95%)         850M (83%)    
[8.091s][info][gc,heap     ] GC(22)      Used:      174M (17%)         174M (17%)          58M (6%)           56M (5%)          174M (17%)          56M (5%)     
[8.091s][info][gc,heap     ] GC(22)      Live:         -                32M (3%)           32M (3%)           32M (3%)             -                  -          
[8.091s][info][gc,heap     ] GC(22) Allocated:         -                 0M (0%)            0M (0%)            0M (0%)             -                  -          
[8.091s][info][gc,heap     ] GC(22)   Garbage:         -               141M (14%)          25M (2%)           23M (2%)             -                  -          
[8.091s][info][gc,heap     ] GC(22) Reclaimed:         -                  -               116M (11%)         118M (12%)            -                  -          
[8.091s][info][gc          ] GC(22) Garbage Collection (System.gc()) 174M(17%)->56M(5%)
[8.347s][info][gc,start    ] GC(23) Garbage Collection (System.gc())
[8.347s][info][gc,task     ] GC(23) Using 10 workers
[8.348s][info][gc,phases   ] GC(23) Pause Mark Start 0.015ms
[8.402s][info][gc,phases   ] GC(23) Concurrent Mark 54.354ms
[8.402s][info][gc,phases   ] GC(23) Pause Mark End 0.022ms
[8.402s][info][gc,phases   ] GC(23) Concurrent Mark Free 0.001ms
[8.403s][info][gc,phases   ] GC(23) Concurrent Process Non-Strong References 0.740ms
[8.403s][info][gc,phases   ] GC(23) Concurrent Reset Relocation Set 0.002ms
[8.407s][info][gc,phases   ] GC(23) Concurrent Select Relocation Set 3.491ms
[8.407s][info][gc,phases   ] GC(23) Pause Relocate Start 0.007ms
[8.409s][info][gc,phases   ] GC(23) Concurrent Relocate 2.310ms
[8.409s][info][gc,load     ] GC(23) Load: 0.00/0.00/0.00
[8.409s][info][gc,mmu      ] GC(23) MMU: 2ms/98.8%, 5ms/99.4%, 10ms/99.7%, 20ms/99.8%, 50ms/99.9%, 100ms/100.0%
[8.409s][info][gc,marking  ] GC(23) Mark: 8 stripe(s), 5 proactive flush(es), 1 terminate flush(es), 0 completion(s), 0 continuation(s) 
[8.409s][info][gc,marking  ] GC(23) Mark Stack Usage: 32M
[8.409s][info][gc,nmethod  ] GC(23) NMethods: 1355 registered, 13 unregistered
[8.409s][info][gc,metaspace] GC(23) Metaspace: 11M used, 11M committed, 1088M reserved
[8.409s][info][gc,ref      ] GC(23) Soft: 186 encountered, 0 discovered, 0 enqueued
[8.409s][info][gc,ref      ] GC(23) Weak: 582 encountered, 63 discovered, 0 enqueued
[8.409s][info][gc,ref      ] GC(23) Final: 0 encountered, 0 discovered, 0 enqueued
[8.409s][info][gc,ref      ] GC(23) Phantom: 24 encountered, 14 discovered, 0 enqueued
[8.409s][info][gc,reloc    ] GC(23) Small Pages: 87 / 174M, Empty: 118M, Relocated: 5M, In-Place: 0
[8.409s][info][gc,reloc    ] GC(23) Medium Pages: 0 / 0M, Empty: 0M, Relocated: 0M, In-Place: 0
[8.409s][info][gc,reloc    ] GC(23) Large Pages: 0 / 0M, Empty: 0M, Relocated: 0M, In-Place: 0
[8.409s][info][gc,reloc    ] GC(23) Forwarding Usage: 2M
[8.409s][info][gc,heap     ] GC(23) Min Capacity: 8M(1%)
[8.410s][info][gc,heap     ] GC(23) Max Capacity: 1024M(100%)
[8.410s][info][gc,heap     ] GC(23) Soft Max Capacity: 1024M(100%)
[8.410s][info][gc,heap     ] GC(23)                Mark Start          Mark End        Relocate Start      Relocate End           High               Low         
[8.410s][info][gc,heap     ] GC(23)  Capacity:     1024M (100%)       1024M (100%)       1024M (100%)       1024M (100%)       1024M (100%)       1024M (100%)   
[8.410s][info][gc,heap     ] GC(23)      Free:      850M (83%)         850M (83%)         968M (95%)         968M (95%)         968M (95%)         850M (83%)    
[8.410s][info][gc,heap     ] GC(23)      Used:      174M (17%)         174M (17%)          56M (5%)           56M (5%)          174M (17%)          56M (5%)     
[8.410s][info][gc,heap     ] GC(23)      Live:         -                32M (3%)           32M (3%)           32M (3%)             -                  -          
[8.410s][info][gc,heap     ] GC(23) Allocated:         -                 0M (0%)            0M (0%)            0M (0%)             -                  -          
[8.410s][info][gc,heap     ] GC(23)   Garbage:         -               141M (14%)          23M (2%)           23M (2%)             -                  -          
[8.410s][info][gc,heap     ] GC(23) Reclaimed:         -                  -               118M (12%)         118M (12%)            -                  -          
[8.410s][info][gc          ] GC(23) Garbage Collection (System.gc()) 174M(17%)->56M(5%)
[8.680s][info][gc,start    ] GC(24) Garbage Collection (System.gc())
[8.680s][info][gc,task     ] GC(24) Using 10 workers
[8.680s][info][gc,phases   ] GC(24) Pause Mark Start 0.015ms
[8.714s][info][gc,phases   ] GC(24) Concurrent Mark 34.316ms
[8.715s][info][gc,phases   ] GC(24) Pause Mark End 0.022ms
[8.715s][info][gc,phases   ] GC(24) Concurrent Mark Free 0.001ms
[8.715s][info][gc,phases   ] GC(24) Concurrent Process Non-Strong References 0.722ms
[8.716s][info][gc,phases   ] GC(24) Concurrent Reset Relocation Set 0.002ms
[8.719s][info][gc,phases   ] GC(24) Concurrent Select Relocation Set 3.212ms
[8.719s][info][gc,phases   ] GC(24) Pause Relocate Start 0.008ms
[8.721s][info][gc,phases   ] GC(24) Concurrent Relocate 2.287ms
[8.721s][info][gc,load     ] GC(24) Load: 0.00/0.00/0.00
[8.721s][info][gc,mmu      ] GC(24) MMU: 2ms/98.8%, 5ms/99.4%, 10ms/99.7%, 20ms/99.8%, 50ms/99.9%, 100ms/100.0%
[8.721s][info][gc,marking  ] GC(24) Mark: 8 stripe(s), 1 proactive flush(es), 1 terminate flush(es), 0 completion(s), 0 continuation(s) 
[8.721s][info][gc,marking  ] GC(24) Mark Stack Usage: 32M
[8.721s][info][gc,nmethod  ] GC(24) NMethods: 1381 registered, 13 unregistered
[8.721s][info][gc,metaspace] GC(24) Metaspace: 11M used, 11M committed, 1088M reserved
[8.721s][info][gc,ref      ] GC(24) Soft: 186 encountered, 0 discovered, 0 enqueued
[8.721s][info][gc,ref      ] GC(24) Weak: 582 encountered, 51 discovered, 0 enqueued
[8.721s][info][gc,ref      ] GC(24) Final: 0 encountered, 0 discovered, 0 enqueued
[8.721s][info][gc,ref      ] GC(24) Phantom: 24 encountered, 19 discovered, 0 enqueued
[8.721s][info][gc,reloc    ] GC(24) Small Pages: 87 / 174M, Empty: 118M, Relocated: 5M, In-Place: 0
[8.721s][info][gc,reloc    ] GC(24) Medium Pages: 0 / 0M, Empty: 0M, Relocated: 0M, In-Place: 0
[8.722s][info][gc,reloc    ] GC(24) Large Pages: 0 / 0M, Empty: 0M, Relocated: 0M, In-Place: 0
[8.722s][info][gc,reloc    ] GC(24) Forwarding Usage: 2M
[8.722s][info][gc,heap     ] GC(24) Min Capacity: 8M(1%)
[8.722s][info][gc,heap     ] GC(24) Max Capacity: 1024M(100%)
[8.722s][info][gc,heap     ] GC(24) Soft Max Capacity: 1024M(100%)
[8.722s][info][gc,heap     ] GC(24)                Mark Start          Mark End        Relocate Start      Relocate End           High               Low         
[8.722s][info][gc,heap     ] GC(24)  Capacity:     1024M (100%)       1024M (100%)       1024M (100%)       1024M (100%)       1024M (100%)       1024M (100%)   
[8.722s][info][gc,heap     ] GC(24)      Free:      850M (83%)         850M (83%)         968M (95%)         968M (95%)         968M (95%)         850M (83%)    
[8.722s][info][gc,heap     ] GC(24)      Used:      174M (17%)         174M (17%)          56M (5%)           56M (5%)          174M (17%)          56M (5%)     
[8.722s][info][gc,heap     ] GC(24)      Live:         -                32M (3%)           32M (3%)           32M (3%)             -                  -          
[8.722s][info][gc,heap     ] GC(24) Allocated:         -                 0M (0%)            0M (0%)            0M (0%)             -                  -          
[8.722s][info][gc,heap     ] GC(24)   Garbage:         -               141M (14%)          23M (2%)           23M (2%)             -                  -          
[8.722s][info][gc,heap     ] GC(24) Reclaimed:         -                  -               118M (12%)         118M (12%)            -                  -          
[8.722s][info][gc          ] GC(24) Garbage Collection (System.gc()) 174M(17%)->56M(5%)
[8.975s][info][gc,start    ] GC(25) Garbage Collection (System.gc())
[8.975s][info][gc,task     ] GC(25) Using 10 workers
[8.975s][info][gc,phases   ] GC(25) Pause Mark Start 0.013ms
[9.003s][info][gc,phases   ] GC(25) Concurrent Mark 27.906ms
[9.004s][info][gc,phases   ] GC(25) Pause Mark End 0.023ms
[9.004s][info][gc,phases   ] GC(25) Concurrent Mark Free 0.001ms
[9.004s][info][gc,phases   ] GC(25) Concurrent Process Non-Strong References 0.759ms
[9.004s][info][gc,phases   ] GC(25) Concurrent Reset Relocation Set 0.002ms
[9.008s][info][gc,phases   ] GC(25) Concurrent Select Relocation Set 3.468ms
[9.008s][info][gc,phases   ] GC(25) Pause Relocate Start 0.009ms
[9.010s][info][gc,phases   ] GC(25) Concurrent Relocate 2.337ms
[9.010s][info][gc,load     ] GC(25) Load: 0.00/0.00/0.00
[9.011s][info][gc,mmu      ] GC(25) MMU: 2ms/98.8%, 5ms/99.4%, 10ms/99.7%, 20ms/99.8%, 50ms/99.9%, 100ms/100.0%
[9.011s][info][gc,marking  ] GC(25) Mark: 8 stripe(s), 1 proactive flush(es), 1 terminate flush(es), 0 completion(s), 0 continuation(s) 
[9.011s][info][gc,marking  ] GC(25) Mark Stack Usage: 32M
[9.011s][info][gc,nmethod  ] GC(25) NMethods: 1383 registered, 15 unregistered
[9.011s][info][gc,metaspace] GC(25) Metaspace: 11M used, 11M committed, 1088M reserved
[9.011s][info][gc,ref      ] GC(25) Soft: 186 encountered, 0 discovered, 0 enqueued
[9.011s][info][gc,ref      ] GC(25) Weak: 582 encountered, 117 discovered, 0 enqueued
[9.011s][info][gc,ref      ] GC(25) Final: 0 encountered, 0 discovered, 0 enqueued
[9.011s][info][gc,ref      ] GC(25) Phantom: 24 encountered, 21 discovered, 0 enqueued
[9.011s][info][gc,reloc    ] GC(25) Small Pages: 87 / 174M, Empty: 118M, Relocated: 5M, In-Place: 0
[9.011s][info][gc,reloc    ] GC(25) Medium Pages: 0 / 0M, Empty: 0M, Relocated: 0M, In-Place: 0
[9.011s][info][gc,reloc    ] GC(25) Large Pages: 0 / 0M, Empty: 0M, Relocated: 0M, In-Place: 0
[9.011s][info][gc,reloc    ] GC(25) Forwarding Usage: 2M
[9.011s][info][gc,heap     ] GC(25) Min Capacity: 8M(1%)
[9.011s][info][gc,heap     ] GC(25) Max Capacity: 1024M(100%)
[9.011s][info][gc,heap     ] GC(25) Soft Max Capacity: 1024M(100%)
[9.011s][info][gc,heap     ] GC(25)                Mark Start          Mark End        Relocate Start      Relocate End           High               Low         
[9.011s][info][gc,heap     ] GC(25)  Capacity:     1024M (100%)       1024M (100%)       1024M (100%)       1024M (100%)       1024M (100%)       1024M (100%)   
[9.011s][info][gc,heap     ] GC(25)      Free:      850M (83%)         850M (83%)         968M (95%)         968M (95%)         968M (95%)         850M (83%)    
[9.011s][info][gc,heap     ] GC(25)      Used:      174M (17%)         174M (17%)          56M (5%)           56M (5%)          174M (17%)          56M (5%)     
[9.011s][info][gc,heap     ] GC(25)      Live:         -                32M (3%)           32M (3%)           32M (3%)             -                  -          
[9.011s][info][gc,heap     ] GC(25) Allocated:         -                 0M (0%)            0M (0%)            0M (0%)             -                  -          
[9.011s][info][gc,heap     ] GC(25)   Garbage:         -               141M (14%)          23M (2%)           23M (2%)             -                  -          
[9.011s][info][gc,heap     ] GC(25) Reclaimed:         -                  -               118M (12%)         118M (12%)            -                  -          
[9.011s][info][gc          ] GC(25) Garbage Collection (System.gc()) 174M(17%)->56M(5%)
[9.281s][info][gc,start    ] GC(26) Garbage Collection (System.gc())
[9.281s][info][gc,task     ] GC(26) Using 10 workers
[9.281s][info][gc,phases   ] GC(26) Pause Mark Start 0.015ms
[9.316s][info][gc,phases   ] GC(26) Concurrent Mark 35.006ms
[9.316s][info][gc,phases   ] GC(26) Pause Mark End 0.021ms
[9.316s][info][gc,phases   ] GC(26) Concurrent Mark Free 0.001ms
[9.317s][info][gc,phases   ] GC(26) Concurrent Process Non-Strong References 0.730ms
[9.317s][info][gc,phases   ] GC(26) Concurrent Reset Relocation Set 0.002ms
[9.320s][info][gc,phases   ] GC(26) Concurrent Select Relocation Set 3.397ms
[9.320s][info][gc,phases   ] GC(26) Pause Relocate Start 0.010ms
[9.323s][info][gc,phases   ] GC(26) Concurrent Relocate 3.114ms
[9.324s][info][gc,load     ] GC(26) Load: 0.00/0.00/0.00
[9.324s][info][gc,mmu      ] GC(26) MMU: 2ms/98.8%, 5ms/99.4%, 10ms/99.7%, 20ms/99.8%, 50ms/99.9%, 100ms/100.0%
[9.324s][info][gc,marking  ] GC(26) Mark: 8 stripe(s), 2 proactive flush(es), 1 terminate flush(es), 0 completion(s), 0 continuation(s) 
[9.324s][info][gc,marking  ] GC(26) Mark Stack Usage: 32M
[9.324s][info][gc,nmethod  ] GC(26) NMethods: 1385 registered, 15 unregistered
[9.324s][info][gc,metaspace] GC(26) Metaspace: 11M used, 11M committed, 1088M reserved
[9.324s][info][gc,ref      ] GC(26) Soft: 186 encountered, 0 discovered, 0 enqueued
[9.324s][info][gc,ref      ] GC(26) Weak: 582 encountered, 206 discovered, 0 enqueued
[9.324s][info][gc,ref      ] GC(26) Final: 0 encountered, 0 discovered, 0 enqueued
[9.324s][info][gc,ref      ] GC(26) Phantom: 24 encountered, 15 discovered, 0 enqueued
[9.324s][info][gc,reloc    ] GC(26) Small Pages: 87 / 174M, Empty: 118M, Relocated: 5M, In-Place: 0
[9.324s][info][gc,reloc    ] GC(26) Medium Pages: 0 / 0M, Empty: 0M, Relocated: 0M, In-Place: 0
[9.324s][info][gc,reloc    ] GC(26) Large Pages: 0 / 0M, Empty: 0M, Relocated: 0M, In-Place: 0
[9.324s][info][gc,reloc    ] GC(26) Forwarding Usage: 2M
[9.324s][info][gc,heap     ] GC(26) Min Capacity: 8M(1%)
[9.324s][info][gc,heap     ] GC(26) Max Capacity: 1024M(100%)
[9.324s][info][gc,heap     ] GC(26) Soft Max Capacity: 1024M(100%)
[9.324s][info][gc,heap     ] GC(26)                Mark Start          Mark End        Relocate Start      Relocate End           High               Low         
[9.324s][info][gc,heap     ] GC(26)  Capacity:     1024M (100%)       1024M (100%)       1024M (100%)       1024M (100%)       1024M (100%)       1024M (100%)   
[9.324s][info][gc,heap     ] GC(26)      Free:      850M (83%)         850M (83%)         968M (95%)         968M (95%)         968M (95%)         850M (83%)    
[9.324s][info][gc,heap     ] GC(26)      Used:      174M (17%)         174M (17%)          56M (5%)           56M (5%)          174M (17%)          56M (5%)     
[9.324s][info][gc,heap     ] GC(26)      Live:         -                32M (3%)           32M (3%)           32M (3%)             -                  -          
[9.324s][info][gc,heap     ] GC(26) Allocated:         -                 0M (0%)            0M (0%)            0M (0%)             -                  -          
[9.324s][info][gc,heap     ] GC(26)   Garbage:         -               141M (14%)          23M (2%)           23M (2%)             -                  -          
[9.324s][info][gc,heap     ] GC(26) Reclaimed:         -                  -               118M (12%)         118M (12%)            -                  -          
[9.324s][info][gc          ] GC(26) Garbage Collection (System.gc()) 174M(17%)->56M(5%)
[9.598s][info][gc,start    ] GC(27) Garbage Collection (System.gc())
[9.598s][info][gc,task     ] GC(27) Using 10 workers
[9.598s][info][gc,phases   ] GC(27) Pause Mark Start 0.011ms
[9.636s][info][gc,phases   ] GC(27) Concurrent Mark 37.861ms
[9.636s][info][gc,phases   ] GC(27) Pause Mark End 0.017ms
[9.636s][info][gc,phases   ] GC(27) Concurrent Mark Free 0.001ms
[9.637s][info][gc,phases   ] GC(27) Concurrent Process Non-Strong References 0.715ms
[9.637s][info][gc,phases   ] GC(27) Concurrent Reset Relocation Set 0.002ms
[9.640s][info][gc,phases   ] GC(27) Concurrent Select Relocation Set 3.426ms
[9.640s][info][gc,phases   ] GC(27) Pause Relocate Start 0.011ms
[9.643s][info][gc,phases   ] GC(27) Concurrent Relocate 2.326ms
[9.643s][info][gc,load     ] GC(27) Load: 0.00/0.00/0.00
[9.643s][info][gc,mmu      ] GC(27) MMU: 2ms/98.8%, 5ms/99.4%, 10ms/99.7%, 20ms/99.8%, 50ms/99.9%, 100ms/100.0%
[9.643s][info][gc,marking  ] GC(27) Mark: 8 stripe(s), 4 proactive flush(es), 1 terminate flush(es), 0 completion(s), 0 continuation(s) 
[9.643s][info][gc,marking  ] GC(27) Mark Stack Usage: 32M
[9.643s][info][gc,nmethod  ] GC(27) NMethods: 1387 registered, 15 unregistered
[9.643s][info][gc,metaspace] GC(27) Metaspace: 11M used, 11M committed, 1088M reserved
[9.643s][info][gc,ref      ] GC(27) Soft: 186 encountered, 0 discovered, 0 enqueued
[9.643s][info][gc,ref      ] GC(27) Weak: 582 encountered, 125 discovered, 0 enqueued
[9.643s][info][gc,ref      ] GC(27) Final: 0 encountered, 0 discovered, 0 enqueued
[9.643s][info][gc,ref      ] GC(27) Phantom: 24 encountered, 16 discovered, 0 enqueued
[9.643s][info][gc,reloc    ] GC(27) Small Pages: 87 / 174M, Empty: 118M, Relocated: 5M, In-Place: 0
[9.643s][info][gc,reloc    ] GC(27) Medium Pages: 0 / 0M, Empty: 0M, Relocated: 0M, In-Place: 0
[9.643s][info][gc,reloc    ] GC(27) Large Pages: 0 / 0M, Empty: 0M, Relocated: 0M, In-Place: 0
[9.643s][info][gc,reloc    ] GC(27) Forwarding Usage: 2M
[9.643s][info][gc,heap     ] GC(27) Min Capacity: 8M(1%)
[9.643s][info][gc,heap     ] GC(27) Max Capacity: 1024M(100%)
[9.643s][info][gc,heap     ] GC(27) Soft Max Capacity: 1024M(100%)
[9.643s][info][gc,heap     ] GC(27)                Mark Start          Mark End        Relocate Start      Relocate End           High               Low         
[9.643s][info][gc,heap     ] GC(27)  Capacity:     1024M (100%)       1024M (100%)       1024M (100%)       1024M (100%)       1024M (100%)       1024M (100%)   
[9.643s][info][gc,heap     ] GC(27)      Free:      850M (83%)         850M (83%)         968M (95%)         968M (95%)         968M (95%)         850M (83%)    
[9.644s][info][gc,heap     ] GC(27)      Used:      174M (17%)         174M (17%)          56M (5%)           56M (5%)          174M (17%)          56M (5%)     
[9.644s][info][gc,heap     ] GC(27)      Live:         -                32M (3%)           32M (3%)           32M (3%)             -                  -          
[9.644s][info][gc,heap     ] GC(27) Allocated:         -                 0M (0%)            0M (0%)            0M (0%)             -                  -          
[9.644s][info][gc,heap     ] GC(27)   Garbage:         -               141M (14%)          23M (2%)           23M (2%)             -                  -          
[9.644s][info][gc,heap     ] GC(27) Reclaimed:         -                  -               118M (12%)         118M (12%)            -                  -          
[9.644s][info][gc          ] GC(27) Garbage Collection (System.gc()) 174M(17%)->56M(5%)
[9.901s][info][gc,start    ] GC(28) Garbage Collection (System.gc())
[9.901s][info][gc,task     ] GC(28) Using 10 workers
[9.901s][info][gc,phases   ] GC(28) Pause Mark Start 0.016ms
[9.940s][info][gc,phases   ] GC(28) Concurrent Mark 39.474ms
[9.941s][info][gc,phases   ] GC(28) Pause Mark End 0.018ms
[9.941s][info][gc,phases   ] GC(28) Concurrent Mark Free 0.001ms
[9.941s][info][gc,phases   ] GC(28) Concurrent Process Non-Strong References 0.793ms
[9.941s][info][gc,phases   ] GC(28) Concurrent Reset Relocation Set 0.002ms
[9.945s][info][gc,phases   ] GC(28) Concurrent Select Relocation Set 3.532ms
[9.945s][info][gc,phases   ] GC(28) Pause Relocate Start 0.010ms
[9.947s][info][gc,phases   ] GC(28) Concurrent Relocate 2.301ms
[9.948s][info][gc,load     ] GC(28) Load: 0.00/0.00/0.00
[9.948s][info][gc,mmu      ] GC(28) MMU: 2ms/98.8%, 5ms/99.4%, 10ms/99.7%, 20ms/99.8%, 50ms/99.9%, 100ms/100.0%
[9.948s][info][gc,marking  ] GC(28) Mark: 8 stripe(s), 3 proactive flush(es), 1 terminate flush(es), 0 completion(s), 0 continuation(s) 
[9.948s][info][gc,marking  ] GC(28) Mark Stack Usage: 32M
[9.948s][info][gc,nmethod  ] GC(28) NMethods: 1387 registered, 16 unregistered
[9.948s][info][gc,metaspace] GC(28) Metaspace: 11M used, 11M committed, 1088M reserved
[9.948s][info][gc,ref      ] GC(28) Soft: 186 encountered, 0 discovered, 0 enqueued
[9.948s][info][gc,ref      ] GC(28) Weak: 582 encountered, 185 discovered, 0 enqueued
[9.948s][info][gc,ref      ] GC(28) Final: 0 encountered, 0 discovered, 0 enqueued
[9.948s][info][gc,ref      ] GC(28) Phantom: 24 encountered, 14 discovered, 0 enqueued
[9.948s][info][gc,reloc    ] GC(28) Small Pages: 87 / 174M, Empty: 118M, Relocated: 5M, In-Place: 0
[9.948s][info][gc,reloc    ] GC(28) Medium Pages: 0 / 0M, Empty: 0M, Relocated: 0M, In-Place: 0
[9.948s][info][gc,reloc    ] GC(28) Large Pages: 0 / 0M, Empty: 0M, Relocated: 0M, In-Place: 0
[9.948s][info][gc,reloc    ] GC(28) Forwarding Usage: 2M
[9.948s][info][gc,heap     ] GC(28) Min Capacity: 8M(1%)
[9.948s][info][gc,heap     ] GC(28) Max Capacity: 1024M(100%)
[9.948s][info][gc,heap     ] GC(28) Soft Max Capacity: 1024M(100%)
[9.948s][info][gc,heap     ] GC(28)                Mark Start          Mark End        Relocate Start      Relocate End           High               Low         
[9.948s][info][gc,heap     ] GC(28)  Capacity:     1024M (100%)       1024M (100%)       1024M (100%)       1024M (100%)       1024M (100%)       1024M (100%)   
[9.948s][info][gc,heap     ] GC(28)      Free:      850M (83%)         850M (83%)         968M (95%)         968M (95%)         968M (95%)         850M (83%)    
[9.948s][info][gc,heap     ] GC(28)      Used:      174M (17%)         174M (17%)          56M (5%)           56M (5%)          174M (17%)          56M (5%)     
[9.948s][info][gc,heap     ] GC(28)      Live:         -                32M (3%)           32M (3%)           32M (3%)             -                  -          
[9.948s][info][gc,heap     ] GC(28) Allocated:         -                 0M (0%)            0M (0%)            0M (0%)             -                  -          
[9.948s][info][gc,heap     ] GC(28)   Garbage:         -               141M (14%)          23M (2%)           23M (2%)             -                  -          
[9.948s][info][gc,heap     ] GC(28) Reclaimed:         -                  -               118M (12%)         118M (12%)            -                  -          
[9.948s][info][gc          ] GC(28) Garbage Collection (System.gc()) 174M(17%)->56M(5%)
[10.112s][info][gc,stats    ] === Garbage Collection Statistics =======================================================================================================================
[10.112s][info][gc,stats    ]                                                              Last 10s              Last 10m              Last 10h                Total
[10.112s][info][gc,stats    ]                                                              Avg / Max             Avg / Max             Avg / Max             Avg / Max
[10.112s][info][gc,stats    ]   Collector: Garbage Collection Cycle                     42.645 / 64.742       42.645 / 64.742       42.645 / 64.742       42.645 / 64.742      ms
[10.112s][info][gc,stats    ]  Contention: Mark Segment Reset Contention                     3 / 8                 3 / 8                 3 / 8                 3 / 8           ops/s
[10.112s][info][gc,stats    ]  Contention: Mark SeqNum Reset Contention                      1 / 3                 1 / 3                 1 / 3                 1 / 3           ops/s
[10.113s][info][gc,stats    ]    Critical: Allocation Stall                                  0 / 0                 0 / 0                 0 / 0                 0 / 0           ops/s
[10.113s][info][gc,stats    ]    Critical: Allocation Stall                              0.000 / 0.000         0.000 / 0.000         0.000 / 0.000         0.000 / 0.000       ms
[10.113s][info][gc,stats    ]    Critical: GC Locker Stall                                   0 / 0                 0 / 0                 0 / 0                 0 / 0           ops/s
[10.113s][info][gc,stats    ]    Critical: GC Locker Stall                               0.000 / 0.000         0.000 / 0.000         0.000 / 0.000         0.000 / 0.000       ms
[10.113s][info][gc,stats    ]    Critical: Relocation Stall                                  0 / 0                 0 / 0                 0 / 0                 0 / 0           ops/s
[10.113s][info][gc,stats    ]    Critical: Relocation Stall                              0.000 / 0.000         0.000 / 0.000         0.000 / 0.000         0.000 / 0.000       ms
[10.113s][info][gc,stats    ]      Memory: Allocation Rate                                 332 / 400             332 / 400             332 / 400             332 / 400         MB/s
[10.113s][info][gc,stats    ]      Memory: Defragment                                        0 / 0                 0 / 0                 0 / 0                 0 / 0           ops/s
[10.113s][info][gc,stats    ]      Memory: Out Of Memory                                     0 / 0                 0 / 0                 0 / 0                 0 / 0           ops/s
[10.113s][info][gc,stats    ]      Memory: Page Cache Flush                                  0 / 0                 0 / 0                 0 / 0                 0 / 0           MB/s
[10.113s][info][gc,stats    ]      Memory: Page Cache Hit L1                               186 / 230             186 / 230             186 / 230             186 / 230         ops/s
[10.113s][info][gc,stats    ]      Memory: Page Cache Hit L2                                 0 / 0                 0 / 0                 0 / 0                 0 / 0           ops/s
[10.113s][info][gc,stats    ]      Memory: Page Cache Hit L3                                 8 / 56                8 / 56                8 / 56                8 / 56          ops/s
[10.113s][info][gc,stats    ]      Memory: Page Cache Miss                                   0 / 1                 0 / 1                 0 / 1                 0 / 1           ops/s
[10.113s][info][gc,stats    ]      Memory: Uncommit                                          0 / 0                 0 / 0                 0 / 0                 0 / 0           MB/s
[10.113s][info][gc,stats    ]      Memory: Undo Object Allocation Failed                     0 / 0                 0 / 0                 0 / 0                 0 / 0           ops/s
[10.113s][info][gc,stats    ]      Memory: Undo Object Allocation Succeeded                  0 / 0                 0 / 0                 0 / 0                 0 / 0           ops/s
[10.113s][info][gc,stats    ]      Memory: Undo Page Allocation                              0 / 0                 0 / 0                 0 / 0                 0 / 0           ops/s
[10.113s][info][gc,stats    ]       Phase: Concurrent Mark                              34.676 / 54.354       34.676 / 54.354       34.676 / 54.354       34.676 / 54.354      ms
[10.113s][info][gc,stats    ]       Phase: Concurrent Mark Continue                      0.000 / 0.000         0.000 / 0.000         0.000 / 0.000         0.000 / 0.000       ms
[10.113s][info][gc,stats    ]       Phase: Concurrent Mark Free                          0.001 / 0.001         0.001 / 0.001         0.001 / 0.001         0.001 / 0.001       ms
[10.113s][info][gc,stats    ]       Phase: Concurrent Process Non-Strong References      0.721 / 1.006         0.721 / 1.006         0.721 / 1.006         0.721 / 1.006       ms
[10.113s][info][gc,stats    ]       Phase: Concurrent Relocate                           2.502 / 3.842         2.502 / 3.842         2.502 / 3.842         2.502 / 3.842       ms
[10.113s][info][gc,stats    ]       Phase: Concurrent Reset Relocation Set               0.002 / 0.005         0.002 / 0.005         0.002 / 0.005         0.002 / 0.005       ms
[10.113s][info][gc,stats    ]       Phase: Concurrent Select Relocation Set              3.923 / 15.254        3.923 / 15.254        3.923 / 15.254        3.923 / 15.254      ms
[10.113s][info][gc,stats    ]       Phase: Pause Mark End                                0.018 / 0.024         0.018 / 0.024         0.018 / 0.024         0.018 / 0.024       ms
[10.113s][info][gc,stats    ]       Phase: Pause Mark Start                              0.015 / 0.017         0.015 / 0.017         0.015 / 0.017         0.015 / 0.017       ms
[10.113s][info][gc,stats    ]       Phase: Pause Relocate Start                          0.007 / 0.011         0.007 / 0.011         0.007 / 0.011         0.007 / 0.011       ms
[10.113s][info][gc,stats    ]    Subphase: Concurrent Classes Purge                      0.031 / 0.420         0.031 / 0.420         0.031 / 0.420         0.031 / 0.420       ms
[10.114s][info][gc,stats    ]    Subphase: Concurrent Classes Unlink                     0.437 / 0.489         0.437 / 0.489         0.437 / 0.489         0.437 / 0.489       ms
[10.114s][info][gc,stats    ]    Subphase: Concurrent Mark                              33.080 / 53.553       33.080 / 53.553       33.080 / 53.553       33.080 / 53.553      ms
[10.114s][info][gc,stats    ]    Subphase: Concurrent Mark Try Flush                     0.033 / 0.131         0.033 / 0.131         0.033 / 0.131         0.033 / 0.131       ms
[10.114s][info][gc,stats    ]    Subphase: Concurrent Mark Try Terminate                 8.702 / 16.165        8.702 / 16.165        8.702 / 16.165        8.702 / 16.165      ms
[10.114s][info][gc,stats    ]    Subphase: Concurrent References Enqueue                 0.001 / 0.003         0.001 / 0.003         0.001 / 0.003         0.001 / 0.003       ms
[10.114s][info][gc,stats    ]    Subphase: Concurrent References Process                 0.036 / 0.069         0.036 / 0.069         0.036 / 0.069         0.036 / 0.069       ms
[10.114s][info][gc,stats    ]    Subphase: Concurrent Roots ClassLoaderDataGraph         0.075 / 0.609         0.075 / 0.609         0.075 / 0.609         0.075 / 0.609       ms
[10.114s][info][gc,stats    ]    Subphase: Concurrent Roots CodeCache                    0.000 / 0.000         0.000 / 0.000         0.000 / 0.000         0.000 / 0.000       ms
[10.114s][info][gc,stats    ]    Subphase: Concurrent Roots JavaThreads                  0.161 / 0.942         0.161 / 0.942         0.161 / 0.942         0.161 / 0.942       ms
[10.114s][info][gc,stats    ]    Subphase: Concurrent Roots OopStorageSet                0.015 / 0.273         0.015 / 0.273         0.015 / 0.273         0.015 / 0.273       ms
[10.114s][info][gc,stats    ]    Subphase: Concurrent Weak Roots OopStorageSet           0.147 / 0.184         0.147 / 0.184         0.147 / 0.184         0.147 / 0.184       ms
[10.114s][info][gc,stats    ]    Subphase: Pause Mark Try Complete                       0.000 / 0.000         0.000 / 0.000         0.000 / 0.000         0.000 / 0.000       ms
[10.114s][info][gc,stats    ]      System: Java Threads                                     13 / 18               13 / 18               13 / 18               13 / 18          threads
[10.114s][info][gc,stats    ] =========================================================================================================================================================
[10.203s][info][gc,start    ] GC(29) Garbage Collection (System.gc())
[10.204s][info][gc,task     ] GC(29) Using 10 workers
[10.204s][info][gc,phases   ] GC(29) Pause Mark Start 0.017ms
[10.237s][info][gc,phases   ] GC(29) Concurrent Mark 33.367ms
[10.237s][info][gc,phases   ] GC(29) Pause Mark End 0.022ms
[10.237s][info][gc,phases   ] GC(29) Concurrent Mark Free 0.001ms
[10.238s][info][gc,phases   ] GC(29) Concurrent Process Non-Strong References 0.641ms
[10.238s][info][gc,phases   ] GC(29) Concurrent Reset Relocation Set 0.001ms
[10.241s][info][gc,phases   ] GC(29) Concurrent Select Relocation Set 3.025ms
[10.241s][info][gc,phases   ] GC(29) Pause Relocate Start 0.010ms
[10.245s][info][gc,phases   ] GC(29) Concurrent Relocate 3.641ms
[10.245s][info][gc,load     ] GC(29) Load: 0.00/0.00/0.00
[10.245s][info][gc,mmu      ] GC(29) MMU: 2ms/98.8%, 5ms/99.4%, 10ms/99.7%, 20ms/99.8%, 50ms/99.9%, 100ms/100.0%
[10.245s][info][gc,marking  ] GC(29) Mark: 8 stripe(s), 1 proactive flush(es), 1 terminate flush(es), 0 completion(s), 0 continuation(s) 
[10.245s][info][gc,marking  ] GC(29) Mark Stack Usage: 32M
[10.245s][info][gc,nmethod  ] GC(29) NMethods: 1387 registered, 16 unregistered
[10.245s][info][gc,metaspace] GC(29) Metaspace: 11M used, 11M committed, 1088M reserved
[10.245s][info][gc,ref      ] GC(29) Soft: 186 encountered, 0 discovered, 0 enqueued
[10.245s][info][gc,ref      ] GC(29) Weak: 582 encountered, 30 discovered, 0 enqueued
[10.245s][info][gc,ref      ] GC(29) Final: 0 encountered, 0 discovered, 0 enqueued
[10.245s][info][gc,ref      ] GC(29) Phantom: 24 encountered, 14 discovered, 0 enqueued
[10.245s][info][gc,reloc    ] GC(29) Small Pages: 87 / 174M, Empty: 118M, Relocated: 5M, In-Place: 0
[10.245s][info][gc,reloc    ] GC(29) Medium Pages: 0 / 0M, Empty: 0M, Relocated: 0M, In-Place: 0
[10.245s][info][gc,reloc    ] GC(29) Large Pages: 0 / 0M, Empty: 0M, Relocated: 0M, In-Place: 0
[10.245s][info][gc,reloc    ] GC(29) Forwarding Usage: 2M
[10.245s][info][gc,heap     ] GC(29) Min Capacity: 8M(1%)
[10.245s][info][gc,heap     ] GC(29) Max Capacity: 1024M(100%)
[10.245s][info][gc,heap     ] GC(29) Soft Max Capacity: 1024M(100%)
[10.245s][info][gc,heap     ] GC(29)                Mark Start          Mark End        Relocate Start      Relocate End           High               Low         
[10.246s][info][gc,heap     ] GC(29)  Capacity:     1024M (100%)       1024M (100%)       1024M (100%)       1024M (100%)       1024M (100%)       1024M (100%)   
[10.246s][info][gc,heap     ] GC(29)      Free:      850M (83%)         850M (83%)         968M (95%)         968M (95%)         968M (95%)         850M (83%)    
[10.246s][info][gc,heap     ] GC(29)      Used:      174M (17%)         174M (17%)          56M (5%)           56M (5%)          174M (17%)          56M (5%)     
[10.246s][info][gc,heap     ] GC(29)      Live:         -                32M (3%)           32M (3%)           32M (3%)             -                  -          
[10.246s][info][gc,heap     ] GC(29) Allocated:         -                 0M (0%)            0M (0%)            0M (0%)             -                  -          
[10.246s][info][gc,heap     ] GC(29)   Garbage:         -               141M (14%)          23M (2%)           23M (2%)             -                  -          
[10.246s][info][gc,heap     ] GC(29) Reclaimed:         -                  -               118M (12%)         118M (12%)            -                  -          
[10.246s][info][gc          ] GC(29) Garbage Collection (System.gc()) 174M(17%)->56M(5%)
[10.533s][info][gc,start    ] GC(30) Garbage Collection (System.gc())
[10.533s][info][gc,task     ] GC(30) Using 10 workers
[10.534s][info][gc,phases   ] GC(30) Pause Mark Start 0.009ms
[10.557s][info][gc,phases   ] GC(30) Concurrent Mark 23.559ms
[10.557s][info][gc,phases   ] GC(30) Pause Mark End 0.013ms
[10.557s][info][gc,phases   ] GC(30) Concurrent Mark Free 0.001ms
[10.558s][info][gc,phases   ] GC(30) Concurrent Process Non-Strong References 0.737ms
[10.558s][info][gc,phases   ] GC(30) Concurrent Reset Relocation Set 0.002ms
[10.562s][info][gc,phases   ] GC(30) Concurrent Select Relocation Set 3.509ms
[10.562s][info][gc,phases   ] GC(30) Pause Relocate Start 0.005ms
[10.564s][info][gc,phases   ] GC(30) Concurrent Relocate 2.305ms
[10.564s][info][gc,load     ] GC(30) Load: 0.00/0.00/0.00
[10.564s][info][gc,mmu      ] GC(30) MMU: 2ms/98.8%, 5ms/99.4%, 10ms/99.7%, 20ms/99.8%, 50ms/99.9%, 100ms/100.0%
[10.564s][info][gc,marking  ] GC(30) Mark: 8 stripe(s), 3 proactive flush(es), 1 terminate flush(es), 0 completion(s), 0 continuation(s) 
[10.564s][info][gc,marking  ] GC(30) Mark Stack Usage: 32M
[10.564s][info][gc,nmethod  ] GC(30) NMethods: 1388 registered, 16 unregistered
[10.564s][info][gc,metaspace] GC(30) Metaspace: 11M used, 11M committed, 1088M reserved
[10.564s][info][gc,ref      ] GC(30) Soft: 186 encountered, 0 discovered, 0 enqueued
[10.564s][info][gc,ref      ] GC(30) Weak: 582 encountered, 232 discovered, 0 enqueued
[10.564s][info][gc,ref      ] GC(30) Final: 0 encountered, 0 discovered, 0 enqueued
[10.564s][info][gc,ref      ] GC(30) Phantom: 24 encountered, 15 discovered, 0 enqueued
[10.564s][info][gc,reloc    ] GC(30) Small Pages: 87 / 174M, Empty: 118M, Relocated: 5M, In-Place: 0
[10.564s][info][gc,reloc    ] GC(30) Medium Pages: 0 / 0M, Empty: 0M, Relocated: 0M, In-Place: 0
[10.564s][info][gc,reloc    ] GC(30) Large Pages: 0 / 0M, Empty: 0M, Relocated: 0M, In-Place: 0
[10.565s][info][gc,reloc    ] GC(30) Forwarding Usage: 2M
[10.565s][info][gc,heap     ] GC(30) Min Capacity: 8M(1%)
[10.565s][info][gc,heap     ] GC(30) Max Capacity: 1024M(100%)
[10.565s][info][gc,heap     ] GC(30) Soft Max Capacity: 1024M(100%)
[10.565s][info][gc,heap     ] GC(30)                Mark Start          Mark End        Relocate Start      Relocate End           High               Low         
[10.565s][info][gc,heap     ] GC(30)  Capacity:     1024M (100%)       1024M (100%)       1024M (100%)       1024M (100%)       1024M (100%)       1024M (100%)   
[10.565s][info][gc,heap     ] GC(30)      Free:      850M (83%)         850M (83%)         968M (95%)         968M (95%)         968M (95%)         850M (83%)    
[10.565s][info][gc,heap     ] GC(30)      Used:      174M (17%)         174M (17%)          56M (5%)           56M (5%)          174M (17%)          56M (5%)     
[10.565s][info][gc,heap     ] GC(30)      Live:         -                32M (3%)           32M (3%)           32M (3%)             -                  -          
[10.565s][info][gc,heap     ] GC(30) Allocated:         -                 0M (0%)            0M (0%)            0M (0%)             -                  -          
[10.565s][info][gc,heap     ] GC(30)   Garbage:         -               141M (14%)          23M (2%)           23M (2%)             -                  -          
[10.565s][info][gc,heap     ] GC(30) Reclaimed:         -                  -               118M (12%)         118M (12%)            -                  -          
[10.565s][info][gc          ] GC(30) Garbage Collection (System.gc()) 174M(17%)->56M(5%)
[10.824s][info][gc,start    ] GC(31) Garbage Collection (System.gc())
[10.824s][info][gc,task     ] GC(31) Using 10 workers
[10.824s][info][gc,phases   ] GC(31) Pause Mark Start 0.016ms
[10.854s][info][gc,phases   ] GC(31) Concurrent Mark 30.062ms
[10.854s][info][gc,phases   ] GC(31) Pause Mark End 0.019ms
[10.854s][info][gc,phases   ] GC(31) Concurrent Mark Free 0.001ms
[10.855s][info][gc,phases   ] GC(31) Concurrent Process Non-Strong References 0.795ms
[10.855s][info][gc,phases   ] GC(31) Concurrent Reset Relocation Set 0.003ms
[10.859s][info][gc,phases   ] GC(31) Concurrent Select Relocation Set 3.528ms
[10.859s][info][gc,phases   ] GC(31) Pause Relocate Start 0.007ms
[10.861s][info][gc,phases   ] GC(31) Concurrent Relocate 2.330ms
[10.861s][info][gc,load     ] GC(31) Load: 0.00/0.00/0.00
[10.861s][info][gc,mmu      ] GC(31) MMU: 2ms/98.8%, 5ms/99.4%, 10ms/99.7%, 20ms/99.8%, 50ms/99.9%, 100ms/100.0%
[10.861s][info][gc,marking  ] GC(31) Mark: 8 stripe(s), 3 proactive flush(es), 1 terminate flush(es), 0 completion(s), 0 continuation(s) 
[10.861s][info][gc,marking  ] GC(31) Mark Stack Usage: 32M
[10.861s][info][gc,nmethod  ] GC(31) NMethods: 1402 registered, 16 unregistered
[10.861s][info][gc,metaspace] GC(31) Metaspace: 11M used, 11M committed, 1088M reserved
[10.861s][info][gc,ref      ] GC(31) Soft: 186 encountered, 0 discovered, 0 enqueued
[10.861s][info][gc,ref      ] GC(31) Weak: 582 encountered, 185 discovered, 0 enqueued
[10.861s][info][gc,ref      ] GC(31) Final: 0 encountered, 0 discovered, 0 enqueued
[10.861s][info][gc,ref      ] GC(31) Phantom: 24 encountered, 13 discovered, 0 enqueued
[10.861s][info][gc,reloc    ] GC(31) Small Pages: 87 / 174M, Empty: 118M, Relocated: 5M, In-Place: 0
[10.861s][info][gc,reloc    ] GC(31) Medium Pages: 0 / 0M, Empty: 0M, Relocated: 0M, In-Place: 0
[10.861s][info][gc,reloc    ] GC(31) Large Pages: 0 / 0M, Empty: 0M, Relocated: 0M, In-Place: 0
[10.862s][info][gc,reloc    ] GC(31) Forwarding Usage: 2M
[10.862s][info][gc,heap     ] GC(31) Min Capacity: 8M(1%)
[10.862s][info][gc,heap     ] GC(31) Max Capacity: 1024M(100%)
[10.862s][info][gc,heap     ] GC(31) Soft Max Capacity: 1024M(100%)
[10.862s][info][gc,heap     ] GC(31)                Mark Start          Mark End        Relocate Start      Relocate End           High               Low         
[10.862s][info][gc,heap     ] GC(31)  Capacity:     1024M (100%)       1024M (100%)       1024M (100%)       1024M (100%)       1024M (100%)       1024M (100%)   
[10.862s][info][gc,heap     ] GC(31)      Free:      850M (83%)         850M (83%)         968M (95%)         968M (95%)         968M (95%)         850M (83%)    
[10.862s][info][gc,heap     ] GC(31)      Used:      174M (17%)         174M (17%)          56M (5%)           56M (5%)          174M (17%)          56M (5%)     
[10.862s][info][gc,heap     ] GC(31)      Live:         -                32M (3%)           32M (3%)           32M (3%)             -                  -          
[10.862s][info][gc,heap     ] GC(31) Allocated:         -                 0M (0%)            0M (0%)            0M (0%)             -                  -          
[10.862s][info][gc,heap     ] GC(31)   Garbage:         -               141M (14%)          23M (2%)           23M (2%)             -                  -          
[10.862s][info][gc,heap     ] GC(31) Reclaimed:         -                  -               118M (12%)         118M (12%)            -                  -          
[10.862s][info][gc          ] GC(31) Garbage Collection (System.gc()) 174M(17%)->56M(5%)
[11.117s][info][gc,start    ] GC(32) Garbage Collection (System.gc())
[11.117s][info][gc,task     ] GC(32) Using 10 workers
[11.117s][info][gc,phases   ] GC(32) Pause Mark Start 0.013ms
[11.143s][info][gc,phases   ] GC(32) Concurrent Mark 25.494ms
[11.143s][info][gc,phases   ] GC(32) Pause Mark End 0.016ms
[11.143s][info][gc,phases   ] GC(32) Concurrent Mark Free 0.001ms
[11.143s][info][gc,phases   ] GC(32) Concurrent Process Non-Strong References 0.622ms
[11.144s][info][gc,phases   ] GC(32) Concurrent Reset Relocation Set 0.002ms
[11.147s][info][gc,phases   ] GC(32) Concurrent Select Relocation Set 3.527ms
[11.147s][info][gc,phases   ] GC(32) Pause Relocate Start 0.009ms
[11.150s][info][gc,phases   ] GC(32) Concurrent Relocate 3.178ms
[11.150s][info][gc,load     ] GC(32) Load: 0.00/0.00/0.00
[11.151s][info][gc,mmu      ] GC(32) MMU: 2ms/98.8%, 5ms/99.4%, 10ms/99.7%, 20ms/99.8%, 50ms/99.9%, 100ms/100.0%
[11.151s][info][gc,marking  ] GC(32) Mark: 8 stripe(s), 4 proactive flush(es), 1 terminate flush(es), 0 completion(s), 0 continuation(s) 
[11.151s][info][gc,marking  ] GC(32) Mark Stack Usage: 32M
[11.151s][info][gc,nmethod  ] GC(32) NMethods: 1408 registered, 16 unregistered
[11.151s][info][gc,metaspace] GC(32) Metaspace: 11M used, 11M committed, 1088M reserved
[11.151s][info][gc,ref      ] GC(32) Soft: 186 encountered, 0 discovered, 0 enqueued
[11.151s][info][gc,ref      ] GC(32) Weak: 582 encountered, 163 discovered, 0 enqueued
[11.151s][info][gc,ref      ] GC(32) Final: 0 encountered, 0 discovered, 0 enqueued
[11.151s][info][gc,ref      ] GC(32) Phantom: 24 encountered, 15 discovered, 0 enqueued
[11.151s][info][gc,reloc    ] GC(32) Small Pages: 87 / 174M, Empty: 118M, Relocated: 5M, In-Place: 0
[11.151s][info][gc,reloc    ] GC(32) Medium Pages: 0 / 0M, Empty: 0M, Relocated: 0M, In-Place: 0
[11.151s][info][gc,reloc    ] GC(32) Large Pages: 0 / 0M, Empty: 0M, Relocated: 0M, In-Place: 0
[11.151s][info][gc,reloc    ] GC(32) Forwarding Usage: 2M
[11.151s][info][gc,heap     ] GC(32) Min Capacity: 8M(1%)
[11.151s][info][gc,heap     ] GC(32) Max Capacity: 1024M(100%)
[11.151s][info][gc,heap     ] GC(32) Soft Max Capacity: 1024M(100%)
[11.151s][info][gc,heap     ] GC(32)                Mark Start          Mark End        Relocate Start      Relocate End           High               Low         
[11.151s][info][gc,heap     ] GC(32)  Capacity:     1024M (100%)       1024M (100%)       1024M (100%)       1024M (100%)       1024M (100%)       1024M (100%)   
[11.151s][info][gc,heap     ] GC(32)      Free:      850M (83%)         850M (83%)         968M (95%)         968M (95%)         968M (95%)         850M (83%)    
[11.151s][info][gc,heap     ] GC(32)      Used:      174M (17%)         174M (17%)          56M (5%)           56M (5%)          174M (17%)          56M (5%)     
[11.151s][info][gc,heap     ] GC(32)      Live:         -                32M (3%)           32M (3%)           32M (3%)             -                  -          
[11.151s][info][gc,heap     ] GC(32) Allocated:         -                 0M (0%)            0M (0%)            0M (0%)             -                  -          
[11.151s][info][gc,heap     ] GC(32)   Garbage:         -               141M (14%)          23M (2%)           23M (2%)             -                  -          
[11.151s][info][gc,heap     ] GC(32) Reclaimed:         -                  -               118M (12%)         118M (12%)            -                  -          
[11.151s][info][gc          ] GC(32) Garbage Collection (System.gc()) 174M(17%)->56M(5%)
[11.436s][info][gc,start    ] GC(33) Garbage Collection (System.gc())
[11.436s][info][gc,task     ] GC(33) Using 10 workers
[11.436s][info][gc,phases   ] GC(33) Pause Mark Start 0.013ms
[11.455s][info][gc,phases   ] GC(33) Concurrent Mark 18.996ms
[11.455s][info][gc,phases   ] GC(33) Pause Mark End 0.019ms
[11.455s][info][gc,phases   ] GC(33) Concurrent Mark Free 0.001ms
[11.456s][info][gc,phases   ] GC(33) Concurrent Process Non-Strong References 0.669ms
[11.456s][info][gc,phases   ] GC(33) Concurrent Reset Relocation Set 0.002ms
[11.460s][info][gc,phases   ] GC(33) Concurrent Select Relocation Set 3.583ms
[11.460s][info][gc,phases   ] GC(33) Pause Relocate Start 0.007ms
[11.463s][info][gc,phases   ] GC(33) Concurrent Relocate 3.680ms
[11.464s][info][gc,load     ] GC(33) Load: 0.00/0.00/0.00
[11.464s][info][gc,mmu      ] GC(33) MMU: 2ms/98.8%, 5ms/99.4%, 10ms/99.7%, 20ms/99.8%, 50ms/99.9%, 100ms/100.0%
[11.464s][info][gc,marking  ] GC(33) Mark: 8 stripe(s), 1 proactive flush(es), 1 terminate flush(es), 0 completion(s), 0 continuation(s) 
[11.464s][info][gc,marking  ] GC(33) Mark Stack Usage: 32M
[11.464s][info][gc,nmethod  ] GC(33) NMethods: 1414 registered, 16 unregistered
[11.464s][info][gc,metaspace] GC(33) Metaspace: 11M used, 11M committed, 1088M reserved
[11.464s][info][gc,ref      ] GC(33) Soft: 186 encountered, 0 discovered, 0 enqueued
[11.464s][info][gc,ref      ] GC(33) Weak: 582 encountered, 169 discovered, 0 enqueued
[11.464s][info][gc,ref      ] GC(33) Final: 0 encountered, 0 discovered, 0 enqueued
[11.464s][info][gc,ref      ] GC(33) Phantom: 24 encountered, 17 discovered, 0 enqueued
[11.464s][info][gc,reloc    ] GC(33) Small Pages: 87 / 174M, Empty: 118M, Relocated: 5M, In-Place: 0
[11.464s][info][gc,reloc    ] GC(33) Medium Pages: 0 / 0M, Empty: 0M, Relocated: 0M, In-Place: 0
[11.464s][info][gc,reloc    ] GC(33) Large Pages: 0 / 0M, Empty: 0M, Relocated: 0M, In-Place: 0
[11.464s][info][gc,reloc    ] GC(33) Forwarding Usage: 2M
[11.464s][info][gc,heap     ] GC(33) Min Capacity: 8M(1%)
[11.464s][info][gc,heap     ] GC(33) Max Capacity: 1024M(100%)
[11.464s][info][gc,heap     ] GC(33) Soft Max Capacity: 1024M(100%)
[11.464s][info][gc,heap     ] GC(33)                Mark Start          Mark End        Relocate Start      Relocate End           High               Low         
[11.464s][info][gc,heap     ] GC(33)  Capacity:     1024M (100%)       1024M (100%)       1024M (100%)       1024M (100%)       1024M (100%)       1024M (100%)   
[11.464s][info][gc,heap     ] GC(33)      Free:      850M (83%)         850M (83%)         968M (95%)         968M (95%)         968M (95%)         850M (83%)    
[11.464s][info][gc,heap     ] GC(33)      Used:      174M (17%)         174M (17%)          56M (5%)           56M (5%)          174M (17%)          56M (5%)     
[11.464s][info][gc,heap     ] GC(33)      Live:         -                32M (3%)           32M (3%)           32M (3%)             -                  -          
[11.464s][info][gc,heap     ] GC(33) Allocated:         -                 0M (0%)            0M (0%)            0M (0%)             -                  -          
[11.464s][info][gc,heap     ] GC(33)   Garbage:         -               141M (14%)          23M (2%)           23M (2%)             -                  -          
[11.464s][info][gc,heap     ] GC(33) Reclaimed:         -                  -               118M (12%)         118M (12%)            -                  -          
[11.464s][info][gc          ] GC(33) Garbage Collection (System.gc()) 174M(17%)->56M(5%)
[11.713s][info][gc,start    ] GC(34) Garbage Collection (System.gc())
[11.713s][info][gc,task     ] GC(34) Using 10 workers
[11.713s][info][gc,phases   ] GC(34) Pause Mark Start 0.015ms
[11.760s][info][gc,phases   ] GC(34) Concurrent Mark 46.396ms
[11.760s][info][gc,phases   ] GC(34) Pause Mark End 0.021ms
[11.760s][info][gc,phases   ] GC(34) Concurrent Mark Free 0.001ms
[11.761s][info][gc,phases   ] GC(34) Concurrent Process Non-Strong References 0.764ms
[11.761s][info][gc,phases   ] GC(34) Concurrent Reset Relocation Set 0.002ms
[11.764s][info][gc,phases   ] GC(34) Concurrent Select Relocation Set 3.496ms
[11.764s][info][gc,phases   ] GC(34) Pause Relocate Start 0.009ms
[11.767s][info][gc,phases   ] GC(34) Concurrent Relocate 2.292ms
[11.767s][info][gc,load     ] GC(34) Load: 0.00/0.00/0.00
[11.767s][info][gc,mmu      ] GC(34) MMU: 2ms/98.8%, 5ms/99.4%, 10ms/99.7%, 20ms/99.8%, 50ms/99.9%, 100ms/100.0%
[11.767s][info][gc,marking  ] GC(34) Mark: 8 stripe(s), 8 proactive flush(es), 1 terminate flush(es), 0 completion(s), 0 continuation(s) 
[11.767s][info][gc,marking  ] GC(34) Mark Stack Usage: 32M
[11.767s][info][gc,nmethod  ] GC(34) NMethods: 1414 registered, 18 unregistered
[11.767s][info][gc,metaspace] GC(34) Metaspace: 11M used, 11M committed, 1088M reserved
[11.767s][info][gc,ref      ] GC(34) Soft: 186 encountered, 0 discovered, 0 enqueued
[11.767s][info][gc,ref      ] GC(34) Weak: 582 encountered, 50 discovered, 0 enqueued
[11.767s][info][gc,ref      ] GC(34) Final: 0 encountered, 0 discovered, 0 enqueued
[11.767s][info][gc,ref      ] GC(34) Phantom: 24 encountered, 20 discovered, 0 enqueued
[11.767s][info][gc,reloc    ] GC(34) Small Pages: 87 / 174M, Empty: 116M, Relocated: 5M, In-Place: 0
[11.767s][info][gc,reloc    ] GC(34) Medium Pages: 0 / 0M, Empty: 0M, Relocated: 0M, In-Place: 0
[11.767s][info][gc,reloc    ] GC(34) Large Pages: 0 / 0M, Empty: 0M, Relocated: 0M, In-Place: 0
[11.767s][info][gc,reloc    ] GC(34) Forwarding Usage: 2M
[11.767s][info][gc,heap     ] GC(34) Min Capacity: 8M(1%)
[11.767s][info][gc,heap     ] GC(34) Max Capacity: 1024M(100%)
[11.767s][info][gc,heap     ] GC(34) Soft Max Capacity: 1024M(100%)
[11.767s][info][gc,heap     ] GC(34)                Mark Start          Mark End        Relocate Start      Relocate End           High               Low         
[11.767s][info][gc,heap     ] GC(34)  Capacity:     1024M (100%)       1024M (100%)       1024M (100%)       1024M (100%)       1024M (100%)       1024M (100%)   
[11.767s][info][gc,heap     ] GC(34)      Free:      850M (83%)         850M (83%)         966M (94%)         968M (95%)         968M (95%)         850M (83%)    
[11.767s][info][gc,heap     ] GC(34)      Used:      174M (17%)         174M (17%)          58M (6%)           56M (5%)          174M (17%)          56M (5%)     
[11.767s][info][gc,heap     ] GC(34)      Live:         -                32M (3%)           32M (3%)           32M (3%)             -                  -          
[11.767s][info][gc,heap     ] GC(34) Allocated:         -                 0M (0%)            0M (0%)            0M (0%)             -                  -          
[11.767s][info][gc,heap     ] GC(34)   Garbage:         -               141M (14%)          25M (2%)           23M (2%)             -                  -          
[11.767s][info][gc,heap     ] GC(34) Reclaimed:         -                  -               116M (11%)         118M (12%)            -                  -          
[11.767s][info][gc          ] GC(34) Garbage Collection (System.gc()) 174M(17%)->56M(5%)
[12.022s][info][gc,start    ] GC(35) Garbage Collection (System.gc())
[12.022s][info][gc,task     ] GC(35) Using 10 workers
[12.023s][info][gc,phases   ] GC(35) Pause Mark Start 0.016ms
[12.056s][info][gc,phases   ] GC(35) Concurrent Mark 33.642ms
[12.056s][info][gc,phases   ] GC(35) Pause Mark End 0.019ms
[12.057s][info][gc,phases   ] GC(35) Concurrent Mark Free 0.001ms
[12.057s][info][gc,phases   ] GC(35) Concurrent Process Non-Strong References 0.683ms
[12.057s][info][gc,phases   ] GC(35) Concurrent Reset Relocation Set 0.002ms
[12.060s][info][gc,phases   ] GC(35) Concurrent Select Relocation Set 3.030ms
[12.060s][info][gc,phases   ] GC(35) Pause Relocate Start 0.006ms
[12.064s][info][gc,phases   ] GC(35) Concurrent Relocate 3.593ms
[12.064s][info][gc,load     ] GC(35) Load: 0.00/0.00/0.00
[12.064s][info][gc,mmu      ] GC(35) MMU: 2ms/98.8%, 5ms/99.4%, 10ms/99.7%, 20ms/99.8%, 50ms/99.9%, 100ms/100.0%
[12.064s][info][gc,marking  ] GC(35) Mark: 8 stripe(s), 3 proactive flush(es), 1 terminate flush(es), 0 completion(s), 0 continuation(s) 
[12.064s][info][gc,marking  ] GC(35) Mark Stack Usage: 32M
[12.064s][info][gc,nmethod  ] GC(35) NMethods: 1415 registered, 18 unregistered
[12.064s][info][gc,metaspace] GC(35) Metaspace: 11M used, 11M committed, 1088M reserved
[12.064s][info][gc,ref      ] GC(35) Soft: 186 encountered, 0 discovered, 0 enqueued
[12.064s][info][gc,ref      ] GC(35) Weak: 582 encountered, 48 discovered, 0 enqueued
[12.064s][info][gc,ref      ] GC(35) Final: 0 encountered, 0 discovered, 0 enqueued
[12.064s][info][gc,ref      ] GC(35) Phantom: 24 encountered, 22 discovered, 0 enqueued
[12.064s][info][gc,reloc    ] GC(35) Small Pages: 87 / 174M, Empty: 118M, Relocated: 5M, In-Place: 0
[12.064s][info][gc,reloc    ] GC(35) Medium Pages: 0 / 0M, Empty: 0M, Relocated: 0M, In-Place: 0
[12.064s][info][gc,reloc    ] GC(35) Large Pages: 0 / 0M, Empty: 0M, Relocated: 0M, In-Place: 0
[12.064s][info][gc,reloc    ] GC(35) Forwarding Usage: 2M
[12.065s][info][gc,heap     ] GC(35) Min Capacity: 8M(1%)
[12.065s][info][gc,heap     ] GC(35) Max Capacity: 1024M(100%)
[12.065s][info][gc,heap     ] GC(35) Soft Max Capacity: 1024M(100%)
[12.065s][info][gc,heap     ] GC(35)                Mark Start          Mark End        Relocate Start      Relocate End           High               Low         
[12.065s][info][gc,heap     ] GC(35)  Capacity:     1024M (100%)       1024M (100%)       1024M (100%)       1024M (100%)       1024M (100%)       1024M (100%)   
[12.065s][info][gc,heap     ] GC(35)      Free:      850M (83%)         850M (83%)         968M (95%)         968M (95%)         968M (95%)         850M (83%)    
[12.065s][info][gc,heap     ] GC(35)      Used:      174M (17%)         174M (17%)          56M (5%)           56M (5%)          174M (17%)          56M (5%)     
[12.065s][info][gc,heap     ] GC(35)      Live:         -                32M (3%)           32M (3%)           32M (3%)             -                  -          
[12.065s][info][gc,heap     ] GC(35) Allocated:         -                 0M (0%)            0M (0%)            0M (0%)             -                  -          
[12.065s][info][gc,heap     ] GC(35)   Garbage:         -               141M (14%)          23M (2%)           23M (2%)             -                  -          
[12.065s][info][gc,heap     ] GC(35) Reclaimed:         -                  -               118M (12%)         118M (12%)            -                  -          
[12.065s][info][gc          ] GC(35) Garbage Collection (System.gc()) 174M(17%)->56M(5%)
[12.349s][info][gc,start    ] GC(36) Garbage Collection (System.gc())
[12.350s][info][gc,task     ] GC(36) Using 10 workers
[12.350s][info][gc,phases   ] GC(36) Pause Mark Start 0.012ms
[12.392s][info][gc,phases   ] GC(36) Concurrent Mark 42.181ms
[12.392s][info][gc,phases   ] GC(36) Pause Mark End 0.019ms
[12.392s][info][gc,phases   ] GC(36) Concurrent Mark Free 0.001ms
[12.393s][info][gc,phases   ] GC(36) Concurrent Process Non-Strong References 0.762ms
[12.393s][info][gc,phases   ] GC(36) Concurrent Reset Relocation Set 0.002ms
[12.397s][info][gc,phases   ] GC(36) Concurrent Select Relocation Set 3.574ms
[12.397s][info][gc,phases   ] GC(36) Pause Relocate Start 0.006ms
[12.400s][info][gc,phases   ] GC(36) Concurrent Relocate 3.599ms
[12.400s][info][gc,load     ] GC(36) Load: 0.00/0.00/0.00
[12.401s][info][gc,mmu      ] GC(36) MMU: 2ms/98.8%, 5ms/99.4%, 10ms/99.7%, 20ms/99.8%, 50ms/99.9%, 100ms/100.0%
[12.401s][info][gc,marking  ] GC(36) Mark: 8 stripe(s), 3 proactive flush(es), 1 terminate flush(es), 0 completion(s), 0 continuation(s) 
[12.401s][info][gc,marking  ] GC(36) Mark Stack Usage: 32M
[12.401s][info][gc,nmethod  ] GC(36) NMethods: 1416 registered, 18 unregistered
[12.401s][info][gc,metaspace] GC(36) Metaspace: 11M used, 11M committed, 1088M reserved
[12.401s][info][gc,ref      ] GC(36) Soft: 186 encountered, 0 discovered, 0 enqueued
[12.401s][info][gc,ref      ] GC(36) Weak: 582 encountered, 236 discovered, 0 enqueued
[12.401s][info][gc,ref      ] GC(36) Final: 0 encountered, 0 discovered, 0 enqueued
[12.401s][info][gc,ref      ] GC(36) Phantom: 24 encountered, 20 discovered, 0 enqueued
[12.401s][info][gc,reloc    ] GC(36) Small Pages: 87 / 174M, Empty: 118M, Relocated: 5M, In-Place: 0
[12.401s][info][gc,reloc    ] GC(36) Medium Pages: 0 / 0M, Empty: 0M, Relocated: 0M, In-Place: 0
[12.401s][info][gc,reloc    ] GC(36) Large Pages: 0 / 0M, Empty: 0M, Relocated: 0M, In-Place: 0
[12.401s][info][gc,reloc    ] GC(36) Forwarding Usage: 2M
[12.401s][info][gc,heap     ] GC(36) Min Capacity: 8M(1%)
[12.401s][info][gc,heap     ] GC(36) Max Capacity: 1024M(100%)
[12.401s][info][gc,heap     ] GC(36) Soft Max Capacity: 1024M(100%)
[12.401s][info][gc,heap     ] GC(36)                Mark Start          Mark End        Relocate Start      Relocate End           High               Low         
[12.401s][info][gc,heap     ] GC(36)  Capacity:     1024M (100%)       1024M (100%)       1024M (100%)       1024M (100%)       1024M (100%)       1024M (100%)   
[12.401s][info][gc,heap     ] GC(36)      Free:      850M (83%)         850M (83%)         968M (95%)         968M (95%)         968M (95%)         850M (83%)    
[12.401s][info][gc,heap     ] GC(36)      Used:      174M (17%)         174M (17%)          56M (5%)           56M (5%)          174M (17%)          56M (5%)     
[12.401s][info][gc,heap     ] GC(36)      Live:         -                32M (3%)           32M (3%)           32M (3%)             -                  -          
[12.401s][info][gc,heap     ] GC(36) Allocated:         -                 0M (0%)            0M (0%)            0M (0%)             -                  -          
[12.401s][info][gc,heap     ] GC(36)   Garbage:         -               141M (14%)          23M (2%)           23M (2%)             -                  -          
[12.401s][info][gc,heap     ] GC(36) Reclaimed:         -                  -               118M (12%)         118M (12%)            -                  -          
[12.401s][info][gc          ] GC(36) Garbage Collection (System.gc()) 174M(17%)->56M(5%)
[12.657s][info][gc,start    ] GC(37) Garbage Collection (System.gc())
[12.657s][info][gc,task     ] GC(37) Using 10 workers
[12.657s][info][gc,phases   ] GC(37) Pause Mark Start 0.019ms
[12.689s][info][gc,phases   ] GC(37) Concurrent Mark 31.664ms
[12.689s][info][gc,phases   ] GC(37) Pause Mark End 0.020ms
[12.689s][info][gc,phases   ] GC(37) Concurrent Mark Free 0.001ms
[12.690s][info][gc,phases   ] GC(37) Concurrent Process Non-Strong References 0.661ms
[12.690s][info][gc,phases   ] GC(37) Concurrent Reset Relocation Set 0.001ms
[12.693s][info][gc,phases   ] GC(37) Concurrent Select Relocation Set 2.999ms
[12.693s][info][gc,phases   ] GC(37) Pause Relocate Start 0.008ms
[12.696s][info][gc,phases   ] GC(37) Concurrent Relocate 3.209ms
[12.696s][info][gc,load     ] GC(37) Load: 0.00/0.00/0.00
[12.696s][info][gc,mmu      ] GC(37) MMU: 2ms/98.8%, 5ms/99.4%, 10ms/99.7%, 20ms/99.8%, 50ms/99.9%, 100ms/100.0%
[12.696s][info][gc,marking  ] GC(37) Mark: 8 stripe(s), 2 proactive flush(es), 1 terminate flush(es), 0 completion(s), 0 continuation(s) 
[12.696s][info][gc,marking  ] GC(37) Mark Stack Usage: 32M
[12.696s][info][gc,nmethod  ] GC(37) NMethods: 1418 registered, 1 unregistered
[12.696s][info][gc,metaspace] GC(37) Metaspace: 11M used, 12M committed, 1088M reserved
[12.696s][info][gc,ref      ] GC(37) Soft: 186 encountered, 0 discovered, 0 enqueued
[12.696s][info][gc,ref      ] GC(37) Weak: 582 encountered, 178 discovered, 0 enqueued
[12.696s][info][gc,ref      ] GC(37) Final: 0 encountered, 0 discovered, 0 enqueued
[12.696s][info][gc,ref      ] GC(37) Phantom: 24 encountered, 14 discovered, 0 enqueued
[12.696s][info][gc,reloc    ] GC(37) Small Pages: 87 / 174M, Empty: 118M, Relocated: 5M, In-Place: 0
[12.696s][info][gc,reloc    ] GC(37) Medium Pages: 0 / 0M, Empty: 0M, Relocated: 0M, In-Place: 0
[12.696s][info][gc,reloc    ] GC(37) Large Pages: 0 / 0M, Empty: 0M, Relocated: 0M, In-Place: 0
[12.696s][info][gc,reloc    ] GC(37) Forwarding Usage: 2M
[12.697s][info][gc,heap     ] GC(37) Min Capacity: 8M(1%)
[12.697s][info][gc,heap     ] GC(37) Max Capacity: 1024M(100%)
[12.697s][info][gc,heap     ] GC(37) Soft Max Capacity: 1024M(100%)
[12.697s][info][gc,heap     ] GC(37)                Mark Start          Mark End        Relocate Start      Relocate End           High               Low         
[12.697s][info][gc,heap     ] GC(37)  Capacity:     1024M (100%)       1024M (100%)       1024M (100%)       1024M (100%)       1024M (100%)       1024M (100%)   
[12.697s][info][gc,heap     ] GC(37)      Free:      850M (83%)         850M (83%)         968M (95%)         968M (95%)         968M (95%)         850M (83%)    
[12.697s][info][gc,heap     ] GC(37)      Used:      174M (17%)         174M (17%)          56M (5%)           56M (5%)          174M (17%)          56M (5%)     
[12.697s][info][gc,heap     ] GC(37)      Live:         -                32M (3%)           32M (3%)           32M (3%)             -                  -          
[12.697s][info][gc,heap     ] GC(37) Allocated:         -                 0M (0%)            0M (0%)            0M (0%)             -                  -          
[12.697s][info][gc,heap     ] GC(37)   Garbage:         -               141M (14%)          23M (2%)           23M (2%)             -                  -          
[12.697s][info][gc,heap     ] GC(37) Reclaimed:         -                  -               118M (12%)         118M (12%)            -                  -          
[12.697s][info][gc          ] GC(37) Garbage Collection (System.gc()) 174M(17%)->56M(5%)
[12.970s][info][gc,start    ] GC(38) Garbage Collection (System.gc())
[12.970s][info][gc,task     ] GC(38) Using 10 workers
[12.970s][info][gc,phases   ] GC(38) Pause Mark Start 0.016ms
[13.009s][info][gc,phases   ] GC(38) Concurrent Mark 38.504ms
[13.009s][info][gc,phases   ] GC(38) Pause Mark End 0.016ms
[13.009s][info][gc,phases   ] GC(38) Concurrent Mark Free 0.001ms
[13.010s][info][gc,phases   ] GC(38) Concurrent Process Non-Strong References 0.734ms
[13.010s][info][gc,phases   ] GC(38) Concurrent Reset Relocation Set 0.002ms
[13.012s][info][gc,phases   ] GC(38) Concurrent Select Relocation Set 2.758ms
[13.013s][info][gc,phases   ] GC(38) Pause Relocate Start 0.009ms
[13.014s][info][gc,phases   ] GC(38) Concurrent Relocate 1.882ms
[13.015s][info][gc,load     ] GC(38) Load: 0.00/0.00/0.00
[13.015s][info][gc,mmu      ] GC(38) MMU: 2ms/98.8%, 5ms/99.4%, 10ms/99.7%, 20ms/99.8%, 50ms/99.9%, 100ms/100.0%
[13.015s][info][gc,marking  ] GC(38) Mark: 8 stripe(s), 3 proactive flush(es), 1 terminate flush(es), 0 completion(s), 0 continuation(s) 
[13.015s][info][gc,marking  ] GC(38) Mark Stack Usage: 32M
[13.015s][info][gc,nmethod  ] GC(38) NMethods: 1419 registered, 1 unregistered
[13.015s][info][gc,metaspace] GC(38) Metaspace: 11M used, 12M committed, 1088M reserved
[13.015s][info][gc,ref      ] GC(38) Soft: 186 encountered, 0 discovered, 0 enqueued
[13.015s][info][gc,ref      ] GC(38) Weak: 582 encountered, 36 discovered, 0 enqueued
[13.015s][info][gc,ref      ] GC(38) Final: 0 encountered, 0 discovered, 0 enqueued
[13.015s][info][gc,ref      ] GC(38) Phantom: 24 encountered, 12 discovered, 0 enqueued
[13.015s][info][gc,reloc    ] GC(38) Small Pages: 87 / 174M, Empty: 116M, Relocated: 5M, In-Place: 0
[13.015s][info][gc,reloc    ] GC(38) Medium Pages: 0 / 0M, Empty: 0M, Relocated: 0M, In-Place: 0
[13.015s][info][gc,reloc    ] GC(38) Large Pages: 0 / 0M, Empty: 0M, Relocated: 0M, In-Place: 0
[13.015s][info][gc,reloc    ] GC(38) Forwarding Usage: 2M
[13.015s][info][gc,heap     ] GC(38) Min Capacity: 8M(1%)
[13.015s][info][gc,heap     ] GC(38) Max Capacity: 1024M(100%)
[13.015s][info][gc,heap     ] GC(38) Soft Max Capacity: 1024M(100%)
[13.015s][info][gc,heap     ] GC(38)                Mark Start          Mark End        Relocate Start      Relocate End           High               Low         
[13.015s][info][gc,heap     ] GC(38)  Capacity:     1024M (100%)       1024M (100%)       1024M (100%)       1024M (100%)       1024M (100%)       1024M (100%)   
[13.015s][info][gc,heap     ] GC(38)      Free:      850M (83%)         850M (83%)         966M (94%)         968M (95%)         968M (95%)         850M (83%)    
[13.015s][info][gc,heap     ] GC(38)      Used:      174M (17%)         174M (17%)          58M (6%)           56M (5%)          174M (17%)          56M (5%)     
[13.015s][info][gc,heap     ] GC(38)      Live:         -                32M (3%)           32M (3%)           32M (3%)             -                  -          
[13.015s][info][gc,heap     ] GC(38) Allocated:         -                 0M (0%)            0M (0%)            0M (0%)             -                  -          
[13.015s][info][gc,heap     ] GC(38)   Garbage:         -               141M (14%)          25M (2%)           23M (2%)             -                  -          
[13.015s][info][gc,heap     ] GC(38) Reclaimed:         -                  -               116M (11%)         118M (12%)            -                  -          
[13.015s][info][gc          ] GC(38) Garbage Collection (System.gc()) 174M(17%)->56M(5%)
[13.298s][info][gc,start    ] GC(39) Garbage Collection (System.gc())
[13.298s][info][gc,task     ] GC(39) Using 10 workers
[13.298s][info][gc,phases   ] GC(39) Pause Mark Start 0.011ms
[13.321s][info][gc,phases   ] GC(39) Concurrent Mark 23.292ms
[13.321s][info][gc,phases   ] GC(39) Pause Mark End 0.013ms
[13.321s][info][gc,phases   ] GC(39) Concurrent Mark Free 0.001ms
[13.322s][info][gc,phases   ] GC(39) Concurrent Process Non-Strong References 0.644ms
[13.322s][info][gc,phases   ] GC(39) Concurrent Reset Relocation Set 0.002ms
[13.325s][info][gc,phases   ] GC(39) Concurrent Select Relocation Set 3.276ms
[13.325s][info][gc,phases   ] GC(39) Pause Relocate Start 0.003ms
[13.328s][info][gc,phases   ] GC(39) Concurrent Relocate 2.317ms
[13.328s][info][gc,load     ] GC(39) Load: 0.00/0.00/0.00
[13.328s][info][gc,mmu      ] GC(39) MMU: 2ms/98.8%, 5ms/99.4%, 10ms/99.7%, 20ms/99.8%, 50ms/99.9%, 100ms/100.0%
[13.328s][info][gc,marking  ] GC(39) Mark: 8 stripe(s), 1 proactive flush(es), 1 terminate flush(es), 0 completion(s), 0 continuation(s) 
[13.328s][info][gc,marking  ] GC(39) Mark Stack Usage: 32M
[13.328s][info][gc,nmethod  ] GC(39) NMethods: 1420 registered, 1 unregistered
[13.328s][info][gc,metaspace] GC(39) Metaspace: 11M used, 12M committed, 1088M reserved
[13.328s][info][gc,ref      ] GC(39) Soft: 186 encountered, 0 discovered, 0 enqueued
[13.328s][info][gc,ref      ] GC(39) Weak: 582 encountered, 91 discovered, 0 enqueued
[13.328s][info][gc,ref      ] GC(39) Final: 0 encountered, 0 discovered, 0 enqueued
[13.328s][info][gc,ref      ] GC(39) Phantom: 24 encountered, 16 discovered, 0 enqueued
[13.328s][info][gc,reloc    ] GC(39) Small Pages: 87 / 174M, Empty: 116M, Relocated: 5M, In-Place: 0
[13.328s][info][gc,reloc    ] GC(39) Medium Pages: 0 / 0M, Empty: 0M, Relocated: 0M, In-Place: 0
[13.328s][info][gc,reloc    ] GC(39) Large Pages: 0 / 0M, Empty: 0M, Relocated: 0M, In-Place: 0
[13.328s][info][gc,reloc    ] GC(39) Forwarding Usage: 2M
[13.328s][info][gc,heap     ] GC(39) Min Capacity: 8M(1%)
[13.328s][info][gc,heap     ] GC(39) Max Capacity: 1024M(100%)
[13.328s][info][gc,heap     ] GC(39) Soft Max Capacity: 1024M(100%)
[13.328s][info][gc,heap     ] GC(39)                Mark Start          Mark End        Relocate Start      Relocate End           High               Low         
[13.328s][info][gc,heap     ] GC(39)  Capacity:     1024M (100%)       1024M (100%)       1024M (100%)       1024M (100%)       1024M (100%)       1024M (100%)   
[13.328s][info][gc,heap     ] GC(39)      Free:      850M (83%)         850M (83%)         966M (94%)         968M (95%)         968M (95%)         850M (83%)    
[13.328s][info][gc,heap     ] GC(39)      Used:      174M (17%)         174M (17%)          58M (6%)           56M (5%)          174M (17%)          56M (5%)     
[13.328s][info][gc,heap     ] GC(39)      Live:         -                32M (3%)           32M (3%)           32M (3%)             -                  -          
[13.328s][info][gc,heap     ] GC(39) Allocated:         -                 0M (0%)            0M (0%)            0M (0%)             -                  -          
[13.328s][info][gc,heap     ] GC(39)   Garbage:         -               141M (14%)          25M (2%)           23M (2%)             -                  -          
[13.328s][info][gc,heap     ] GC(39) Reclaimed:         -                  -               116M (11%)         118M (12%)            -                  -          
[13.329s][info][gc          ] GC(39) Garbage Collection (System.gc()) 174M(17%)->56M(5%)
[13.587s][info][gc,start    ] GC(40) Garbage Collection (System.gc())
[13.587s][info][gc,task     ] GC(40) Using 10 workers
[13.587s][info][gc,phases   ] GC(40) Pause Mark Start 0.015ms
[13.626s][info][gc,phases   ] GC(40) Concurrent Mark 38.614ms
[13.626s][info][gc,phases   ] GC(40) Pause Mark End 0.021ms
[13.626s][info][gc,phases   ] GC(40) Concurrent Mark Free 0.001ms
[13.627s][info][gc,phases   ] GC(40) Concurrent Process Non-Strong References 0.752ms
[13.627s][info][gc,phases   ] GC(40) Concurrent Reset Relocation Set 0.002ms
[13.630s][info][gc,phases   ] GC(40) Concurrent Select Relocation Set 3.481ms
[13.630s][info][gc,phases   ] GC(40) Pause Relocate Start 0.009ms
[13.634s][info][gc,phases   ] GC(40) Concurrent Relocate 3.217ms
[13.634s][info][gc,load     ] GC(40) Load: 0.00/0.00/0.00
[13.634s][info][gc,mmu      ] GC(40) MMU: 2ms/98.8%, 5ms/99.4%, 10ms/99.7%, 20ms/99.8%, 50ms/99.9%, 100ms/100.0%
[13.634s][info][gc,marking  ] GC(40) Mark: 8 stripe(s), 3 proactive flush(es), 1 terminate flush(es), 0 completion(s), 0 continuation(s) 
[13.634s][info][gc,marking  ] GC(40) Mark Stack Usage: 32M
[13.634s][info][gc,nmethod  ] GC(40) NMethods: 1421 registered, 1 unregistered
[13.634s][info][gc,metaspace] GC(40) Metaspace: 11M used, 12M committed, 1088M reserved
[13.634s][info][gc,ref      ] GC(40) Soft: 186 encountered, 0 discovered, 0 enqueued
[13.634s][info][gc,ref      ] GC(40) Weak: 582 encountered, 85 discovered, 0 enqueued
[13.634s][info][gc,ref      ] GC(40) Final: 0 encountered, 0 discovered, 0 enqueued
[13.634s][info][gc,ref      ] GC(40) Phantom: 24 encountered, 18 discovered, 0 enqueued
[13.634s][info][gc,reloc    ] GC(40) Small Pages: 87 / 174M, Empty: 116M, Relocated: 5M, In-Place: 0
[13.634s][info][gc,reloc    ] GC(40) Medium Pages: 0 / 0M, Empty: 0M, Relocated: 0M, In-Place: 0
[13.634s][info][gc,reloc    ] GC(40) Large Pages: 0 / 0M, Empty: 0M, Relocated: 0M, In-Place: 0
[13.634s][info][gc,reloc    ] GC(40) Forwarding Usage: 2M
[13.634s][info][gc,heap     ] GC(40) Min Capacity: 8M(1%)
[13.634s][info][gc,heap     ] GC(40) Max Capacity: 1024M(100%)
[13.634s][info][gc,heap     ] GC(40) Soft Max Capacity: 1024M(100%)
[13.634s][info][gc,heap     ] GC(40)                Mark Start          Mark End        Relocate Start      Relocate End           High               Low         
[13.634s][info][gc,heap     ] GC(40)  Capacity:     1024M (100%)       1024M (100%)       1024M (100%)       1024M (100%)       1024M (100%)       1024M (100%)   
[13.634s][info][gc,heap     ] GC(40)      Free:      850M (83%)         850M (83%)         966M (94%)         968M (95%)         968M (95%)         850M (83%)    
[13.634s][info][gc,heap     ] GC(40)      Used:      174M (17%)         174M (17%)          58M (6%)           56M (5%)          174M (17%)          56M (5%)     
[13.634s][info][gc,heap     ] GC(40)      Live:         -                32M (3%)           32M (3%)           32M (3%)             -                  -          
[13.634s][info][gc,heap     ] GC(40) Allocated:         -                 0M (0%)            0M (0%)            0M (0%)             -                  -          
[13.634s][info][gc,heap     ] GC(40)   Garbage:         -               141M (14%)          25M (2%)           23M (2%)             -                  -          
[13.634s][info][gc,heap     ] GC(40) Reclaimed:         -                  -               116M (11%)         118M (12%)            -                  -          
[13.634s][info][gc          ] GC(40) Garbage Collection (System.gc()) 174M(17%)->56M(5%)
[13.889s][info][gc,start    ] GC(41) Garbage Collection (System.gc())
[13.889s][info][gc,task     ] GC(41) Using 10 workers
[13.890s][info][gc,phases   ] GC(41) Pause Mark Start 0.016ms
[13.922s][info][gc,phases   ] GC(41) Concurrent Mark 32.777ms
[13.923s][info][gc,phases   ] GC(41) Pause Mark End 0.019ms
[13.923s][info][gc,phases   ] GC(41) Concurrent Mark Free 0.001ms
[13.923s][info][gc,phases   ] GC(41) Concurrent Process Non-Strong References 0.799ms
[13.924s][info][gc,phases   ] GC(41) Concurrent Reset Relocation Set 0.002ms
[13.927s][info][gc,phases   ] GC(41) Concurrent Select Relocation Set 3.531ms
[13.927s][info][gc,phases   ] GC(41) Pause Relocate Start 0.010ms
[13.931s][info][gc,phases   ] GC(41) Concurrent Relocate 3.355ms
[13.931s][info][gc,load     ] GC(41) Load: 0.00/0.00/0.00
[13.931s][info][gc,mmu      ] GC(41) MMU: 2ms/98.8%, 5ms/99.4%, 10ms/99.7%, 20ms/99.8%, 50ms/99.9%, 100ms/100.0%
[13.931s][info][gc,marking  ] GC(41) Mark: 8 stripe(s), 1 proactive flush(es), 1 terminate flush(es), 0 completion(s), 0 continuation(s) 
[13.931s][info][gc,marking  ] GC(41) Mark Stack Usage: 32M
[13.931s][info][gc,nmethod  ] GC(41) NMethods: 1423 registered, 2 unregistered
[13.931s][info][gc,metaspace] GC(41) Metaspace: 11M used, 12M committed, 1088M reserved
[13.931s][info][gc,ref      ] GC(41) Soft: 186 encountered, 0 discovered, 0 enqueued
[13.931s][info][gc,ref      ] GC(41) Weak: 582 encountered, 33 discovered, 0 enqueued
[13.931s][info][gc,ref      ] GC(41) Final: 0 encountered, 0 discovered, 0 enqueued
[13.931s][info][gc,ref      ] GC(41) Phantom: 24 encountered, 19 discovered, 0 enqueued
[13.931s][info][gc,reloc    ] GC(41) Small Pages: 87 / 174M, Empty: 116M, Relocated: 5M, In-Place: 0
[13.931s][info][gc,reloc    ] GC(41) Medium Pages: 0 / 0M, Empty: 0M, Relocated: 0M, In-Place: 0
[13.931s][info][gc,reloc    ] GC(41) Large Pages: 0 / 0M, Empty: 0M, Relocated: 0M, In-Place: 0
[13.931s][info][gc,reloc    ] GC(41) Forwarding Usage: 2M
[13.931s][info][gc,heap     ] GC(41) Min Capacity: 8M(1%)
[13.931s][info][gc,heap     ] GC(41) Max Capacity: 1024M(100%)
[13.931s][info][gc,heap     ] GC(41) Soft Max Capacity: 1024M(100%)
[13.931s][info][gc,heap     ] GC(41)                Mark Start          Mark End        Relocate Start      Relocate End           High               Low         
[13.931s][info][gc,heap     ] GC(41)  Capacity:     1024M (100%)       1024M (100%)       1024M (100%)       1024M (100%)       1024M (100%)       1024M (100%)   
[13.931s][info][gc,heap     ] GC(41)      Free:      850M (83%)         850M (83%)         966M (94%)         968M (95%)         968M (95%)         850M (83%)    
[13.931s][info][gc,heap     ] GC(41)      Used:      174M (17%)         174M (17%)          58M (6%)           56M (5%)          174M (17%)          56M (5%)     
[13.931s][info][gc,heap     ] GC(41)      Live:         -                32M (3%)           32M (3%)           32M (3%)             -                  -          
[13.931s][info][gc,heap     ] GC(41) Allocated:         -                 0M (0%)            0M (0%)            0M (0%)             -                  -          
[13.931s][info][gc,heap     ] GC(41)   Garbage:         -               141M (14%)          25M (2%)           23M (2%)             -                  -          
[13.931s][info][gc,heap     ] GC(41) Reclaimed:         -                  -               116M (11%)         118M (12%)            -                  -          
[13.931s][info][gc          ] GC(41) Garbage Collection (System.gc()) 174M(17%)->56M(5%)
[14.207s][info][gc,start    ] GC(42) Garbage Collection (System.gc())
[14.207s][info][gc,task     ] GC(42) Using 10 workers
[14.207s][info][gc,phases   ] GC(42) Pause Mark Start 0.015ms
[14.242s][info][gc,phases   ] GC(42) Concurrent Mark 34.984ms
[14.242s][info][gc,phases   ] GC(42) Pause Mark End 0.016ms
[14.242s][info][gc,phases   ] GC(42) Concurrent Mark Free 0.001ms
[14.243s][info][gc,phases   ] GC(42) Concurrent Process Non-Strong References 0.757ms
[14.243s][info][gc,phases   ] GC(42) Concurrent Reset Relocation Set 0.002ms
[14.246s][info][gc,phases   ] GC(42) Concurrent Select Relocation Set 3.113ms
[14.246s][info][gc,phases   ] GC(42) Pause Relocate Start 0.010ms
[14.249s][info][gc,phases   ] GC(42) Concurrent Relocate 2.271ms
[14.249s][info][gc,load     ] GC(42) Load: 0.00/0.00/0.00
[14.249s][info][gc,mmu      ] GC(42) MMU: 2ms/98.8%, 5ms/99.4%, 10ms/99.7%, 20ms/99.8%, 50ms/99.9%, 100ms/100.0%
[14.249s][info][gc,marking  ] GC(42) Mark: 8 stripe(s), 2 proactive flush(es), 1 terminate flush(es), 0 completion(s), 0 continuation(s) 
[14.249s][info][gc,marking  ] GC(42) Mark Stack Usage: 32M
[14.249s][info][gc,nmethod  ] GC(42) NMethods: 1424 registered, 2 unregistered
[14.249s][info][gc,metaspace] GC(42) Metaspace: 11M used, 12M committed, 1088M reserved
[14.249s][info][gc,ref      ] GC(42) Soft: 186 encountered, 0 discovered, 0 enqueued
[14.249s][info][gc,ref      ] GC(42) Weak: 582 encountered, 55 discovered, 0 enqueued
[14.249s][info][gc,ref      ] GC(42) Final: 0 encountered, 0 discovered, 0 enqueued
[14.249s][info][gc,ref      ] GC(42) Phantom: 24 encountered, 18 discovered, 0 enqueued
[14.249s][info][gc,reloc    ] GC(42) Small Pages: 87 / 174M, Empty: 116M, Relocated: 5M, In-Place: 0
[14.249s][info][gc,reloc    ] GC(42) Medium Pages: 0 / 0M, Empty: 0M, Relocated: 0M, In-Place: 0
[14.249s][info][gc,reloc    ] GC(42) Large Pages: 0 / 0M, Empty: 0M, Relocated: 0M, In-Place: 0
[14.249s][info][gc,reloc    ] GC(42) Forwarding Usage: 2M
[14.249s][info][gc,heap     ] GC(42) Min Capacity: 8M(1%)
[14.249s][info][gc,heap     ] GC(42) Max Capacity: 1024M(100%)
[14.249s][info][gc,heap     ] GC(42) Soft Max Capacity: 1024M(100%)
[14.249s][info][gc,heap     ] GC(42)                Mark Start          Mark End        Relocate Start      Relocate End           High               Low         
[14.249s][info][gc,heap     ] GC(42)  Capacity:     1024M (100%)       1024M (100%)       1024M (100%)       1024M (100%)       1024M (100%)       1024M (100%)   
[14.249s][info][gc,heap     ] GC(42)      Free:      850M (83%)         850M (83%)         966M (94%)         968M (95%)         968M (95%)         850M (83%)    
[14.249s][info][gc,heap     ] GC(42)      Used:      174M (17%)         174M (17%)          58M (6%)           56M (5%)          174M (17%)          56M (5%)     
[14.249s][info][gc,heap     ] GC(42)      Live:         -                32M (3%)           32M (3%)           32M (3%)             -                  -          
[14.249s][info][gc,heap     ] GC(42) Allocated:         -                 0M (0%)            0M (0%)            0M (0%)             -                  -          
[14.249s][info][gc,heap     ] GC(42)   Garbage:         -               141M (14%)          25M (2%)           23M (2%)             -                  -          
[14.249s][info][gc,heap     ] GC(42) Reclaimed:         -                  -               116M (11%)         118M (12%)            -                  -          
[14.249s][info][gc          ] GC(42) Garbage Collection (System.gc()) 174M(17%)->56M(5%)
[14.504s][info][gc,start    ] GC(43) Garbage Collection (System.gc())
[14.504s][info][gc,task     ] GC(43) Using 10 workers
[14.504s][info][gc,phases   ] GC(43) Pause Mark Start 0.013ms
[14.539s][info][gc,phases   ] GC(43) Concurrent Mark 34.390ms
[14.539s][info][gc,phases   ] GC(43) Pause Mark End 0.017ms
[14.539s][info][gc,phases   ] GC(43) Concurrent Mark Free 0.001ms
[14.540s][info][gc,phases   ] GC(43) Concurrent Process Non-Strong References 0.683ms
[14.540s][info][gc,phases   ] GC(43) Concurrent Reset Relocation Set 0.002ms
[14.543s][info][gc,phases   ] GC(43) Concurrent Select Relocation Set 3.211ms
[14.543s][info][gc,phases   ] GC(43) Pause Relocate Start 0.009ms
[14.546s][info][gc,phases   ] GC(43) Concurrent Relocate 3.354ms
[14.547s][info][gc,load     ] GC(43) Load: 0.00/0.00/0.00
[14.547s][info][gc,mmu      ] GC(43) MMU: 2ms/98.8%, 5ms/99.4%, 10ms/99.7%, 20ms/99.8%, 50ms/99.9%, 100ms/100.0%
[14.547s][info][gc,marking  ] GC(43) Mark: 8 stripe(s), 4 proactive flush(es), 1 terminate flush(es), 0 completion(s), 0 continuation(s) 
[14.547s][info][gc,marking  ] GC(43) Mark Stack Usage: 32M
[14.547s][info][gc,nmethod  ] GC(43) NMethods: 1426 registered, 2 unregistered
[14.547s][info][gc,metaspace] GC(43) Metaspace: 11M used, 12M committed, 1088M reserved
[14.547s][info][gc,ref      ] GC(43) Soft: 186 encountered, 0 discovered, 0 enqueued
[14.547s][info][gc,ref      ] GC(43) Weak: 582 encountered, 79 discovered, 0 enqueued
[14.547s][info][gc,ref      ] GC(43) Final: 0 encountered, 0 discovered, 0 enqueued
[14.547s][info][gc,ref      ] GC(43) Phantom: 24 encountered, 22 discovered, 0 enqueued
[14.547s][info][gc,reloc    ] GC(43) Small Pages: 87 / 174M, Empty: 116M, Relocated: 5M, In-Place: 0
[14.547s][info][gc,reloc    ] GC(43) Medium Pages: 0 / 0M, Empty: 0M, Relocated: 0M, In-Place: 0
[14.547s][info][gc,reloc    ] GC(43) Large Pages: 0 / 0M, Empty: 0M, Relocated: 0M, In-Place: 0
[14.547s][info][gc,reloc    ] GC(43) Forwarding Usage: 2M
[14.547s][info][gc,heap     ] GC(43) Min Capacity: 8M(1%)
[14.547s][info][gc,heap     ] GC(43) Max Capacity: 1024M(100%)
[14.547s][info][gc,heap     ] GC(43) Soft Max Capacity: 1024M(100%)
[14.547s][info][gc,heap     ] GC(43)                Mark Start          Mark End        Relocate Start      Relocate End           High               Low         
[14.547s][info][gc,heap     ] GC(43)  Capacity:     1024M (100%)       1024M (100%)       1024M (100%)       1024M (100%)       1024M (100%)       1024M (100%)   
[14.547s][info][gc,heap     ] GC(43)      Free:      850M (83%)         850M (83%)         966M (94%)         968M (95%)         968M (95%)         850M (83%)    
[14.547s][info][gc,heap     ] GC(43)      Used:      174M (17%)         174M (17%)          58M (6%)           56M (5%)          174M (17%)          56M (5%)     
[14.547s][info][gc,heap     ] GC(43)      Live:         -                32M (3%)           32M (3%)           32M (3%)             -                  -          
[14.547s][info][gc,heap     ] GC(43) Allocated:         -                 0M (0%)            0M (0%)            0M (0%)             -                  -          
[14.547s][info][gc,heap     ] GC(43)   Garbage:         -               141M (14%)          25M (2%)           23M (2%)             -                  -          
[14.547s][info][gc,heap     ] GC(43) Reclaimed:         -                  -               116M (11%)         118M (12%)            -                  -          
[14.547s][info][gc          ] GC(43) Garbage Collection (System.gc()) 174M(17%)->56M(5%)
[14.804s][info][gc,start    ] GC(44) Garbage Collection (System.gc())
[14.804s][info][gc,task     ] GC(44) Using 10 workers
[14.804s][info][gc,phases   ] GC(44) Pause Mark Start 0.013ms
[14.827s][info][gc,phases   ] GC(44) Concurrent Mark 23.140ms
[14.827s][info][gc,phases   ] GC(44) Pause Mark End 0.016ms
[14.827s][info][gc,phases   ] GC(44) Concurrent Mark Free 0.001ms
[14.828s][info][gc,phases   ] GC(44) Concurrent Process Non-Strong References 0.639ms
[14.828s][info][gc,phases   ] GC(44) Concurrent Reset Relocation Set 0.001ms
[14.831s][info][gc,phases   ] GC(44) Concurrent Select Relocation Set 2.699ms
[14.831s][info][gc,phases   ] GC(44) Pause Relocate Start 0.005ms
[14.833s][info][gc,phases   ] GC(44) Concurrent Relocate 1.847ms
[14.833s][info][gc,load     ] GC(44) Load: 0.00/0.00/0.00
[14.833s][info][gc,mmu      ] GC(44) MMU: 2ms/98.8%, 5ms/99.4%, 10ms/99.7%, 20ms/99.8%, 50ms/99.9%, 100ms/100.0%
[14.833s][info][gc,marking  ] GC(44) Mark: 8 stripe(s), 3 proactive flush(es), 1 terminate flush(es), 0 completion(s), 0 continuation(s) 
[14.833s][info][gc,marking  ] GC(44) Mark Stack Usage: 32M
[14.833s][info][gc,nmethod  ] GC(44) NMethods: 1431 registered, 3 unregistered
[14.833s][info][gc,metaspace] GC(44) Metaspace: 11M used, 12M committed, 1088M reserved
[14.833s][info][gc,ref      ] GC(44) Soft: 186 encountered, 0 discovered, 0 enqueued
[14.833s][info][gc,ref      ] GC(44) Weak: 582 encountered, 133 discovered, 0 enqueued
[14.833s][info][gc,ref      ] GC(44) Final: 0 encountered, 0 discovered, 0 enqueued
[14.833s][info][gc,ref      ] GC(44) Phantom: 24 encountered, 17 discovered, 0 enqueued
[14.833s][info][gc,reloc    ] GC(44) Small Pages: 87 / 174M, Empty: 116M, Relocated: 5M, In-Place: 0
[14.833s][info][gc,reloc    ] GC(44) Medium Pages: 0 / 0M, Empty: 0M, Relocated: 0M, In-Place: 0
[14.833s][info][gc,reloc    ] GC(44) Large Pages: 0 / 0M, Empty: 0M, Relocated: 0M, In-Place: 0
[14.833s][info][gc,reloc    ] GC(44) Forwarding Usage: 2M
[14.833s][info][gc,heap     ] GC(44) Min Capacity: 8M(1%)
[14.833s][info][gc,heap     ] GC(44) Max Capacity: 1024M(100%)
[14.833s][info][gc,heap     ] GC(44) Soft Max Capacity: 1024M(100%)
[14.833s][info][gc,heap     ] GC(44)                Mark Start          Mark End        Relocate Start      Relocate End           High               Low         
[14.833s][info][gc,heap     ] GC(44)  Capacity:     1024M (100%)       1024M (100%)       1024M (100%)       1024M (100%)       1024M (100%)       1024M (100%)   
[14.833s][info][gc,heap     ] GC(44)      Free:      850M (83%)         850M (83%)         966M (94%)         968M (95%)         968M (95%)         850M (83%)    
[14.833s][info][gc,heap     ] GC(44)      Used:      174M (17%)         174M (17%)          58M (6%)           56M (5%)          174M (17%)          56M (5%)     
[14.833s][info][gc,heap     ] GC(44)      Live:         -                32M (3%)           32M (3%)           32M (3%)             -                  -          
[14.833s][info][gc,heap     ] GC(44) Allocated:         -                 0M (0%)            0M (0%)            0M (0%)             -                  -          
[14.833s][info][gc,heap     ] GC(44)   Garbage:         -               141M (14%)          25M (2%)           23M (2%)             -                  -          
[14.833s][info][gc,heap     ] GC(44) Reclaimed:         -                  -               116M (11%)         118M (12%)            -                  -          
[14.833s][info][gc          ] GC(44) Garbage Collection (System.gc()) 174M(17%)->56M(5%)
[15.084s][info][gc,start    ] GC(45) Garbage Collection (System.gc())
[15.111s][info][gc,task     ] GC(45) Using 10 workers
[15.111s][info][gc,phases   ] GC(45) Pause Mark Start 0.015ms
[15.139s][info][gc,phases   ] GC(45) Concurrent Mark 28.462ms
[15.140s][info][gc,phases   ] GC(45) Pause Mark End 0.020ms
[15.140s][info][gc,phases   ] GC(45) Concurrent Mark Free 0.001ms
[15.140s][info][gc,phases   ] GC(45) Concurrent Process Non-Strong References 0.764ms
[15.140s][info][gc,phases   ] GC(45) Concurrent Reset Relocation Set 0.002ms
[15.144s][info][gc,phases   ] GC(45) Concurrent Select Relocation Set 3.207ms
[15.144s][info][gc,phases   ] GC(45) Pause Relocate Start 0.008ms
[15.146s][info][gc,phases   ] GC(45) Concurrent Relocate 2.234ms
[15.146s][info][gc,load     ] GC(45) Load: 0.00/0.00/0.00
[15.146s][info][gc,mmu      ] GC(45) MMU: 2ms/98.8%, 5ms/99.4%, 10ms/99.7%, 20ms/99.8%, 50ms/99.9%, 100ms/100.0%
[15.146s][info][gc,marking  ] GC(45) Mark: 8 stripe(s), 1 proactive flush(es), 1 terminate flush(es), 0 completion(s), 0 continuation(s) 
[15.146s][info][gc,marking  ] GC(45) Mark Stack Usage: 32M
[15.146s][info][gc,nmethod  ] GC(45) NMethods: 1431 registered, 3 unregistered
[15.146s][info][gc,metaspace] GC(45) Metaspace: 11M used, 12M committed, 1088M reserved
[15.146s][info][gc,ref      ] GC(45) Soft: 186 encountered, 0 discovered, 0 enqueued
[15.146s][info][gc,ref      ] GC(45) Weak: 582 encountered, 17 discovered, 0 enqueued
[15.146s][info][gc,ref      ] GC(45) Final: 0 encountered, 0 discovered, 0 enqueued
[15.146s][info][gc,ref      ] GC(45) Phantom: 24 encountered, 19 discovered, 0 enqueued
[15.146s][info][gc,reloc    ] GC(45) Small Pages: 87 / 174M, Empty: 118M, Relocated: 5M, In-Place: 0
[15.146s][info][gc,reloc    ] GC(45) Medium Pages: 0 / 0M, Empty: 0M, Relocated: 0M, In-Place: 0
[15.146s][info][gc,reloc    ] GC(45) Large Pages: 0 / 0M, Empty: 0M, Relocated: 0M, In-Place: 0
[15.146s][info][gc,reloc    ] GC(45) Forwarding Usage: 2M
[15.146s][info][gc,heap     ] GC(45) Min Capacity: 8M(1%)
[15.146s][info][gc,heap     ] GC(45) Max Capacity: 1024M(100%)
[15.146s][info][gc,heap     ] GC(45) Soft Max Capacity: 1024M(100%)
[15.146s][info][gc,heap     ] GC(45)                Mark Start          Mark End        Relocate Start      Relocate End           High               Low         
[15.146s][info][gc,heap     ] GC(45)  Capacity:     1024M (100%)       1024M (100%)       1024M (100%)       1024M (100%)       1024M (100%)       1024M (100%)   
[15.146s][info][gc,heap     ] GC(45)      Free:      850M (83%)         850M (83%)         968M (95%)         968M (95%)         968M (95%)         850M (83%)    
[15.147s][info][gc,heap     ] GC(45)      Used:      174M (17%)         174M (17%)          56M (5%)           56M (5%)          174M (17%)          56M (5%)     
[15.147s][info][gc,heap     ] GC(45)      Live:         -                32M (3%)           32M (3%)           32M (3%)             -                  -          
[15.147s][info][gc,heap     ] GC(45) Allocated:         -                 0M (0%)            0M (0%)            0M (0%)             -                  -          
[15.147s][info][gc,heap     ] GC(45)   Garbage:         -               141M (14%)          23M (2%)           23M (2%)             -                  -          
[15.147s][info][gc,heap     ] GC(45) Reclaimed:         -                  -               118M (12%)         118M (12%)            -                  -          
[15.147s][info][gc          ] GC(45) Garbage Collection (System.gc()) 174M(17%)->56M(5%)
[15.401s][info][gc,start    ] GC(46) Garbage Collection (System.gc())
[15.401s][info][gc,task     ] GC(46) Using 10 workers
[15.401s][info][gc,phases   ] GC(46) Pause Mark Start 0.015ms
[15.428s][info][gc,phases   ] GC(46) Concurrent Mark 26.176ms
[15.428s][info][gc,phases   ] GC(46) Pause Mark End 0.016ms
[15.428s][info][gc,phases   ] GC(46) Concurrent Mark Free 0.001ms
[15.429s][info][gc,phases   ] GC(46) Concurrent Process Non-Strong References 0.632ms
[15.429s][info][gc,phases   ] GC(46) Concurrent Reset Relocation Set 0.002ms
[15.432s][info][gc,phases   ] GC(46) Concurrent Select Relocation Set 3.553ms
[15.432s][info][gc,phases   ] GC(46) Pause Relocate Start 0.005ms
[15.434s][info][gc,phases   ] GC(46) Concurrent Relocate 1.831ms
[15.434s][info][gc,load     ] GC(46) Load: 0.00/0.00/0.00
[15.434s][info][gc,mmu      ] GC(46) MMU: 2ms/98.8%, 5ms/99.4%, 10ms/99.7%, 20ms/99.8%, 50ms/99.9%, 100ms/100.0%
[15.434s][info][gc,marking  ] GC(46) Mark: 8 stripe(s), 2 proactive flush(es), 1 terminate flush(es), 0 completion(s), 0 continuation(s) 
[15.434s][info][gc,marking  ] GC(46) Mark Stack Usage: 32M
[15.434s][info][gc,nmethod  ] GC(46) NMethods: 1431 registered, 3 unregistered
[15.434s][info][gc,metaspace] GC(46) Metaspace: 11M used, 12M committed, 1088M reserved
[15.434s][info][gc,ref      ] GC(46) Soft: 186 encountered, 0 discovered, 0 enqueued
[15.434s][info][gc,ref      ] GC(46) Weak: 582 encountered, 86 discovered, 0 enqueued
[15.434s][info][gc,ref      ] GC(46) Final: 0 encountered, 0 discovered, 0 enqueued
[15.434s][info][gc,ref      ] GC(46) Phantom: 24 encountered, 16 discovered, 0 enqueued
[15.434s][info][gc,reloc    ] GC(46) Small Pages: 87 / 174M, Empty: 118M, Relocated: 5M, In-Place: 0
[15.434s][info][gc,reloc    ] GC(46) Medium Pages: 0 / 0M, Empty: 0M, Relocated: 0M, In-Place: 0
[15.435s][info][gc,reloc    ] GC(46) Large Pages: 0 / 0M, Empty: 0M, Relocated: 0M, In-Place: 0
[15.435s][info][gc,reloc    ] GC(46) Forwarding Usage: 2M
[15.435s][info][gc,heap     ] GC(46) Min Capacity: 8M(1%)
[15.435s][info][gc,heap     ] GC(46) Max Capacity: 1024M(100%)
[15.435s][info][gc,heap     ] GC(46) Soft Max Capacity: 1024M(100%)
[15.435s][info][gc,heap     ] GC(46)                Mark Start          Mark End        Relocate Start      Relocate End           High               Low         
[15.435s][info][gc,heap     ] GC(46)  Capacity:     1024M (100%)       1024M (100%)       1024M (100%)       1024M (100%)       1024M (100%)       1024M (100%)   
[15.435s][info][gc,heap     ] GC(46)      Free:      850M (83%)         850M (83%)         968M (95%)         968M (95%)         968M (95%)         850M (83%)    
[15.435s][info][gc,heap     ] GC(46)      Used:      174M (17%)         174M (17%)          56M (5%)           56M (5%)          174M (17%)          56M (5%)     
[15.435s][info][gc,heap     ] GC(46)      Live:         -                32M (3%)           32M (3%)           32M (3%)             -                  -          
[15.435s][info][gc,heap     ] GC(46) Allocated:         -                 0M (0%)            0M (0%)            0M (0%)             -                  -          
[15.435s][info][gc,heap     ] GC(46)   Garbage:         -               141M (14%)          23M (2%)           23M (2%)             -                  -          
[15.435s][info][gc,heap     ] GC(46) Reclaimed:         -                  -               118M (12%)         118M (12%)            -                  -          
[15.435s][info][gc          ] GC(46) Garbage Collection (System.gc()) 174M(17%)->56M(5%)
[15.687s][info][gc,start    ] GC(47) Garbage Collection (System.gc())
[15.687s][info][gc,task     ] GC(47) Using 10 workers
[15.687s][info][gc,phases   ] GC(47) Pause Mark Start 0.018ms
[15.709s][info][gc,phases   ] GC(47) Concurrent Mark 21.374ms
[15.709s][info][gc,phases   ] GC(47) Pause Mark End 0.017ms
[15.709s][info][gc,phases   ] GC(47) Concurrent Mark Free 0.001ms
[15.710s][info][gc,phases   ] GC(47) Concurrent Process Non-Strong References 0.775ms
[15.710s][info][gc,phases   ] GC(47) Concurrent Reset Relocation Set 0.002ms
[15.714s][info][gc,phases   ] GC(47) Concurrent Select Relocation Set 3.604ms
[15.714s][info][gc,phases   ] GC(47) Pause Relocate Start 0.008ms
[15.716s][info][gc,phases   ] GC(47) Concurrent Relocate 2.041ms
[15.716s][info][gc,load     ] GC(47) Load: 0.00/0.00/0.00
[15.716s][info][gc,mmu      ] GC(47) MMU: 2ms/98.8%, 5ms/99.4%, 10ms/99.7%, 20ms/99.8%, 50ms/99.9%, 100ms/100.0%
[15.716s][info][gc,marking  ] GC(47) Mark: 8 stripe(s), 2 proactive flush(es), 1 terminate flush(es), 0 completion(s), 0 continuation(s) 
[15.716s][info][gc,marking  ] GC(47) Mark Stack Usage: 32M
[15.716s][info][gc,nmethod  ] GC(47) NMethods: 1432 registered, 4 unregistered
[15.716s][info][gc,metaspace] GC(47) Metaspace: 11M used, 12M committed, 1088M reserved
[15.716s][info][gc,ref      ] GC(47) Soft: 186 encountered, 0 discovered, 0 enqueued
[15.716s][info][gc,ref      ] GC(47) Weak: 582 encountered, 70 discovered, 0 enqueued
[15.716s][info][gc,ref      ] GC(47) Final: 0 encountered, 0 discovered, 0 enqueued
[15.716s][info][gc,ref      ] GC(47) Phantom: 24 encountered, 19 discovered, 0 enqueued
[15.716s][info][gc,reloc    ] GC(47) Small Pages: 87 / 174M, Empty: 118M, Relocated: 5M, In-Place: 0
[15.716s][info][gc,reloc    ] GC(47) Medium Pages: 0 / 0M, Empty: 0M, Relocated: 0M, In-Place: 0
[15.716s][info][gc,reloc    ] GC(47) Large Pages: 0 / 0M, Empty: 0M, Relocated: 0M, In-Place: 0
[15.716s][info][gc,reloc    ] GC(47) Forwarding Usage: 2M
[15.716s][info][gc,heap     ] GC(47) Min Capacity: 8M(1%)
[15.716s][info][gc,heap     ] GC(47) Max Capacity: 1024M(100%)
[15.716s][info][gc,heap     ] GC(47) Soft Max Capacity: 1024M(100%)
[15.716s][info][gc,heap     ] GC(47)                Mark Start          Mark End        Relocate Start      Relocate End           High               Low         
[15.716s][info][gc,heap     ] GC(47)  Capacity:     1024M (100%)       1024M (100%)       1024M (100%)       1024M (100%)       1024M (100%)       1024M (100%)   
[15.716s][info][gc,heap     ] GC(47)      Free:      850M (83%)         850M (83%)         968M (95%)         968M (95%)         968M (95%)         850M (83%)    
[15.716s][info][gc,heap     ] GC(47)      Used:      174M (17%)         174M (17%)          56M (5%)           56M (5%)          174M (17%)          56M (5%)     
[15.716s][info][gc,heap     ] GC(47)      Live:         -                32M (3%)           32M (3%)           32M (3%)             -                  -          
[15.717s][info][gc,heap     ] GC(47) Allocated:         -                 0M (0%)            0M (0%)            0M (0%)             -                  -          
[15.717s][info][gc,heap     ] GC(47)   Garbage:         -               141M (14%)          23M (2%)           23M (2%)             -                  -          
[15.717s][info][gc,heap     ] GC(47) Reclaimed:         -                  -               118M (12%)         118M (12%)            -                  -          
[15.717s][info][gc          ] GC(47) Garbage Collection (System.gc()) 174M(17%)->56M(5%)
[15.977s][info][gc,start    ] GC(48) Garbage Collection (System.gc())
[15.977s][info][gc,task     ] GC(48) Using 10 workers
[15.977s][info][gc,phases   ] GC(48) Pause Mark Start 0.015ms
[15.997s][info][gc,phases   ] GC(48) Concurrent Mark 19.941ms
[15.997s][info][gc,phases   ] GC(48) Pause Mark End 0.015ms
[15.997s][info][gc,phases   ] GC(48) Concurrent Mark Free 0.001ms
[15.998s][info][gc,phases   ] GC(48) Concurrent Process Non-Strong References 0.683ms
[15.998s][info][gc,phases   ] GC(48) Concurrent Reset Relocation Set 0.002ms
[16.002s][info][gc,phases   ] GC(48) Concurrent Select Relocation Set 3.550ms
[16.002s][info][gc,phases   ] GC(48) Pause Relocate Start 0.004ms
[16.004s][info][gc,phases   ] GC(48) Concurrent Relocate 1.955ms
[16.004s][info][gc,load     ] GC(48) Load: 0.00/0.00/0.00
[16.004s][info][gc,mmu      ] GC(48) MMU: 2ms/98.8%, 5ms/99.4%, 10ms/99.7%, 20ms/99.8%, 50ms/99.9%, 100ms/100.0%
[16.004s][info][gc,marking  ] GC(48) Mark: 8 stripe(s), 2 proactive flush(es), 1 terminate flush(es), 0 completion(s), 0 continuation(s) 
[16.004s][info][gc,marking  ] GC(48) Mark Stack Usage: 32M
[16.004s][info][gc,nmethod  ] GC(48) NMethods: 1432 registered, 5 unregistered
[16.004s][info][gc,metaspace] GC(48) Metaspace: 11M used, 12M committed, 1088M reserved
[16.004s][info][gc,ref      ] GC(48) Soft: 186 encountered, 0 discovered, 0 enqueued
[16.004s][info][gc,ref      ] GC(48) Weak: 582 encountered, 188 discovered, 0 enqueued
[16.004s][info][gc,ref      ] GC(48) Final: 0 encountered, 0 discovered, 0 enqueued
[16.004s][info][gc,ref      ] GC(48) Phantom: 24 encountered, 17 discovered, 0 enqueued
[16.004s][info][gc,reloc    ] GC(48) Small Pages: 87 / 174M, Empty: 118M, Relocated: 5M, In-Place: 0
[16.004s][info][gc,reloc    ] GC(48) Medium Pages: 0 / 0M, Empty: 0M, Relocated: 0M, In-Place: 0
[16.004s][info][gc,reloc    ] GC(48) Large Pages: 0 / 0M, Empty: 0M, Relocated: 0M, In-Place: 0
[16.004s][info][gc,reloc    ] GC(48) Forwarding Usage: 2M
[16.004s][info][gc,heap     ] GC(48) Min Capacity: 8M(1%)
[16.004s][info][gc,heap     ] GC(48) Max Capacity: 1024M(100%)
[16.004s][info][gc,heap     ] GC(48) Soft Max Capacity: 1024M(100%)
[16.004s][info][gc,heap     ] GC(48)                Mark Start          Mark End        Relocate Start      Relocate End           High               Low         
[16.004s][info][gc,heap     ] GC(48)  Capacity:     1024M (100%)       1024M (100%)       1024M (100%)       1024M (100%)       1024M (100%)       1024M (100%)   
[16.004s][info][gc,heap     ] GC(48)      Free:      850M (83%)         850M (83%)         968M (95%)         968M (95%)         968M (95%)         850M (83%)    
[16.004s][info][gc,heap     ] GC(48)      Used:      174M (17%)         174M (17%)          56M (5%)           56M (5%)          174M (17%)          56M (5%)     
[16.004s][info][gc,heap     ] GC(48)      Live:         -                32M (3%)           32M (3%)           32M (3%)             -                  -          
[16.004s][info][gc,heap     ] GC(48) Allocated:         -                 0M (0%)            0M (0%)            0M (0%)             -                  -          
[16.005s][info][gc,heap     ] GC(48)   Garbage:         -               141M (14%)          23M (2%)           23M (2%)             -                  -          
[16.005s][info][gc,heap     ] GC(48) Reclaimed:         -                  -               118M (12%)         118M (12%)            -                  -          
[16.005s][info][gc          ] GC(48) Garbage Collection (System.gc()) 174M(17%)->56M(5%)
[16.261s][info][gc,start    ] GC(49) Garbage Collection (System.gc())
[16.261s][info][gc,task     ] GC(49) Using 10 workers
[16.261s][info][gc,phases   ] GC(49) Pause Mark Start 0.015ms
[16.294s][info][gc,phases   ] GC(49) Concurrent Mark 32.634ms
[16.294s][info][gc,phases   ] GC(49) Pause Mark End 0.015ms
[16.294s][info][gc,phases   ] GC(49) Concurrent Mark Free 0.001ms
[16.295s][info][gc,phases   ] GC(49) Concurrent Process Non-Strong References 0.691ms
[16.295s][info][gc,phases   ] GC(49) Concurrent Reset Relocation Set 0.002ms
[16.299s][info][gc,phases   ] GC(49) Concurrent Select Relocation Set 3.567ms
[16.299s][info][gc,phases   ] GC(49) Pause Relocate Start 0.006ms
[16.301s][info][gc,phases   ] GC(49) Concurrent Relocate 2.322ms
[16.301s][info][gc,load     ] GC(49) Load: 0.00/0.00/0.00
[16.301s][info][gc,mmu      ] GC(49) MMU: 2ms/98.8%, 5ms/99.4%, 10ms/99.7%, 20ms/99.8%, 50ms/99.9%, 100ms/100.0%
[16.301s][info][gc,marking  ] GC(49) Mark: 8 stripe(s), 4 proactive flush(es), 1 terminate flush(es), 0 completion(s), 0 continuation(s) 
[16.301s][info][gc,marking  ] GC(49) Mark Stack Usage: 32M
[16.301s][info][gc,nmethod  ] GC(49) NMethods: 1432 registered, 5 unregistered
[16.301s][info][gc,metaspace] GC(49) Metaspace: 11M used, 12M committed, 1088M reserved
[16.301s][info][gc,ref      ] GC(49) Soft: 186 encountered, 0 discovered, 0 enqueued
[16.301s][info][gc,ref      ] GC(49) Weak: 582 encountered, 202 discovered, 0 enqueued
[16.301s][info][gc,ref      ] GC(49) Final: 0 encountered, 0 discovered, 0 enqueued
[16.301s][info][gc,ref      ] GC(49) Phantom: 24 encountered, 20 discovered, 0 enqueued
[16.301s][info][gc,reloc    ] GC(49) Small Pages: 87 / 174M, Empty: 118M, Relocated: 5M, In-Place: 0
[16.301s][info][gc,reloc    ] GC(49) Medium Pages: 0 / 0M, Empty: 0M, Relocated: 0M, In-Place: 0
[16.301s][info][gc,reloc    ] GC(49) Large Pages: 0 / 0M, Empty: 0M, Relocated: 0M, In-Place: 0
[16.301s][info][gc,reloc    ] GC(49) Forwarding Usage: 2M
[16.301s][info][gc,heap     ] GC(49) Min Capacity: 8M(1%)
[16.301s][info][gc,heap     ] GC(49) Max Capacity: 1024M(100%)
[16.302s][info][gc,heap     ] GC(49) Soft Max Capacity: 1024M(100%)
[16.302s][info][gc,heap     ] GC(49)                Mark Start          Mark End        Relocate Start      Relocate End           High               Low         
[16.302s][info][gc,heap     ] GC(49)  Capacity:     1024M (100%)       1024M (100%)       1024M (100%)       1024M (100%)       1024M (100%)       1024M (100%)   
[16.302s][info][gc,heap     ] GC(49)      Free:      850M (83%)         850M (83%)         968M (95%)         968M (95%)         968M (95%)         850M (83%)    
[16.302s][info][gc,heap     ] GC(49)      Used:      174M (17%)         174M (17%)          56M (5%)           56M (5%)          174M (17%)          56M (5%)     
[16.302s][info][gc,heap     ] GC(49)      Live:         -                32M (3%)           32M (3%)           32M (3%)             -                  -          
[16.302s][info][gc,heap     ] GC(49) Allocated:         -                 0M (0%)            0M (0%)            0M (0%)             -                  -          
[16.302s][info][gc,heap     ] GC(49)   Garbage:         -               141M (14%)          23M (2%)           23M (2%)             -                  -          
[16.302s][info][gc,heap     ] GC(49) Reclaimed:         -                  -               118M (12%)         118M (12%)            -                  -          
[16.302s][info][gc          ] GC(49) Garbage Collection (System.gc()) 174M(17%)->56M(5%)
[16.559s][info][gc,start    ] GC(50) Garbage Collection (System.gc())
[16.559s][info][gc,task     ] GC(50) Using 10 workers
[16.559s][info][gc,phases   ] GC(50) Pause Mark Start 0.015ms
[16.598s][info][gc,phases   ] GC(50) Concurrent Mark 38.751ms
[16.598s][info][gc,phases   ] GC(50) Pause Mark End 0.016ms
[16.598s][info][gc,phases   ] GC(50) Concurrent Mark Free 0.001ms
[16.599s][info][gc,phases   ] GC(50) Concurrent Process Non-Strong References 0.700ms
[16.599s][info][gc,phases   ] GC(50) Concurrent Reset Relocation Set 0.002ms
[16.602s][info][gc,phases   ] GC(50) Concurrent Select Relocation Set 3.517ms
[16.602s][info][gc,phases   ] GC(50) Pause Relocate Start 0.009ms
[16.606s][info][gc,phases   ] GC(50) Concurrent Relocate 3.599ms
[16.606s][info][gc,load     ] GC(50) Load: 0.00/0.00/0.00
[16.606s][info][gc,mmu      ] GC(50) MMU: 2ms/98.8%, 5ms/99.4%, 10ms/99.7%, 20ms/99.8%, 50ms/99.9%, 100ms/100.0%
[16.606s][info][gc,marking  ] GC(50) Mark: 8 stripe(s), 4 proactive flush(es), 1 terminate flush(es), 0 completion(s), 0 continuation(s) 
[16.606s][info][gc,marking  ] GC(50) Mark Stack Usage: 32M
[16.606s][info][gc,nmethod  ] GC(50) NMethods: 1432 registered, 6 unregistered
[16.606s][info][gc,metaspace] GC(50) Metaspace: 11M used, 12M committed, 1088M reserved
[16.606s][info][gc,ref      ] GC(50) Soft: 186 encountered, 0 discovered, 0 enqueued
[16.606s][info][gc,ref      ] GC(50) Weak: 582 encountered, 147 discovered, 0 enqueued
[16.606s][info][gc,ref      ] GC(50) Final: 0 encountered, 0 discovered, 0 enqueued
[16.606s][info][gc,ref      ] GC(50) Phantom: 24 encountered, 15 discovered, 0 enqueued
[16.606s][info][gc,reloc    ] GC(50) Small Pages: 87 / 174M, Empty: 118M, Relocated: 5M, In-Place: 0
[16.606s][info][gc,reloc    ] GC(50) Medium Pages: 0 / 0M, Empty: 0M, Relocated: 0M, In-Place: 0
[16.606s][info][gc,reloc    ] GC(50) Large Pages: 0 / 0M, Empty: 0M, Relocated: 0M, In-Place: 0
[16.606s][info][gc,reloc    ] GC(50) Forwarding Usage: 2M
[16.606s][info][gc,heap     ] GC(50) Min Capacity: 8M(1%)
[16.606s][info][gc,heap     ] GC(50) Max Capacity: 1024M(100%)
[16.606s][info][gc,heap     ] GC(50) Soft Max Capacity: 1024M(100%)
[16.606s][info][gc,heap     ] GC(50)                Mark Start          Mark End        Relocate Start      Relocate End           High               Low         
[16.607s][info][gc,heap     ] GC(50)  Capacity:     1024M (100%)       1024M (100%)       1024M (100%)       1024M (100%)       1024M (100%)       1024M (100%)   
[16.607s][info][gc,heap     ] GC(50)      Free:      850M (83%)         850M (83%)         968M (95%)         968M (95%)         968M (95%)         850M (83%)    
[16.607s][info][gc,heap     ] GC(50)      Used:      174M (17%)         174M (17%)          56M (5%)           56M (5%)          174M (17%)          56M (5%)     
[16.607s][info][gc,heap     ] GC(50)      Live:         -                32M (3%)           32M (3%)           32M (3%)             -                  -          
[16.607s][info][gc,heap     ] GC(50) Allocated:         -                 0M (0%)            0M (0%)            0M (0%)             -                  -          
[16.607s][info][gc,heap     ] GC(50)   Garbage:         -               141M (14%)          23M (2%)           23M (2%)             -                  -          
[16.607s][info][gc,heap     ] GC(50) Reclaimed:         -                  -               118M (12%)         118M (12%)            -                  -          
[16.607s][info][gc          ] GC(50) Garbage Collection (System.gc()) 174M(17%)->56M(5%)
[16.886s][info][gc,heap,exit] Heap
[16.886s][info][gc,heap,exit]  ZHeap           used 174M, capacity 1024M, max capacity 1024M
[16.886s][info][gc,heap,exit]  Metaspace       used 12116K, committed 12352K, reserved 1114112K
[16.886s][info][gc,heap,exit]   class space    used 1635K, committed 1728K, reserved 1048576K
