[0.016s][info][gc,init] Initializing The Z Garbage Collector
[0.016s][info][gc,init] Version: 20+36-2344 (release)
[0.016s][info][gc,init] NUMA Support: Disabled
[0.016s][info][gc,init] CPUs: 48 total, 48 available
[0.016s][info][gc,init] Memory: 391843M
[0.016s][info][gc,init] Large Page Support: Disabled
[0.016s][info][gc,init] GC Workers: 5 (dynamic)
[0.017s][info][gc,init] Address Space Type: Contiguous/Unrestricted/Complete
[0.017s][info][gc,init] Address Space Size: 8192M x 3 = 24576M
[0.018s][info][gc,init] Min Capacity: 8M
[0.018s][info][gc,init] Initial Capacity: 512M
[0.026s][info][gc,init] Max Capacity: 512M
[0.026s][info][gc,init] Medium Page Size: 16M
[0.026s][info][gc,init] Pre-touch: Disabled
[0.026s][info][gc,init] Uncommit: Enabled
[0.026s][info][gc,init] Uncommit Delay: 300s
[0.056s][info][gc,init] Runtime Workers: 5
[0.057s][info][gc     ] Using The Z Garbage Collector
[0.058s][info][gc,metaspace] CDS archive(s) mapped at: [0x0000000800000000-0x0000000800c60000-0x0000000800c60000), size 12976128, SharedBaseAddress: 0x0000000800000000, ArchiveRelocationMode: 0.
[0.058s][info][gc,metaspace] Compressed class space mapped at: 0x0000000801000000-0x0000000841000000, reserved size: 1073741824
[0.058s][info][gc,metaspace] Narrow klass base: 0x0000000800000000, Narrow klass shift: 0, Narrow klass range: 0x100000000
[1.080s][info][gc,start    ] GC(0) Garbage Collection (Warmup)
[1.080s][info][gc,task     ] GC(0) Using 5 workers
[1.081s][info][gc,phases   ] GC(0) Pause Mark Start 0.015ms
[1.123s][info][gc,phases   ] GC(0) Concurrent Mark 42.401ms
[1.123s][info][gc,phases   ] GC(0) Pause Mark End 0.016ms
[1.123s][info][gc,phases   ] GC(0) Concurrent Mark Free 0.001ms
[1.125s][info][gc,phases   ] GC(0) Concurrent Process Non-Strong References 1.243ms
[1.125s][info][gc,phases   ] GC(0) Concurrent Reset Relocation Set 0.001ms
[1.139s][info][gc,phases   ] GC(0) Concurrent Select Relocation Set 14.495ms
[1.139s][info][gc,phases   ] GC(0) Pause Relocate Start 0.009ms
[1.144s][info][gc,phases   ] GC(0) Concurrent Relocate 4.457ms
[1.144s][info][gc,load     ] GC(0) Load: 0.00/0.00/0.00
[1.144s][info][gc,mmu      ] GC(0) MMU: 2ms/99.2%, 5ms/99.7%, 10ms/99.8%, 20ms/99.9%, 50ms/99.9%, 100ms/100.0%
[1.144s][info][gc,marking  ] GC(0) Mark: 4 stripe(s), 5 proactive flush(es), 1 terminate flush(es), 0 completion(s), 0 continuation(s) 
[1.144s][info][gc,marking  ] GC(0) Mark Stack Usage: 32M
[1.144s][info][gc,nmethod  ] GC(0) NMethods: 1104 registered, 128 unregistered
[1.144s][info][gc,metaspace] GC(0) Metaspace: 11M used, 11M committed, 1088M reserved
[1.144s][info][gc,ref      ] GC(0) Soft: 169 encountered, 0 discovered, 0 enqueued
[1.144s][info][gc,ref      ] GC(0) Weak: 774 encountered, 453 discovered, 262 enqueued
[1.144s][info][gc,ref      ] GC(0) Final: 0 encountered, 0 discovered, 0 enqueued
[1.144s][info][gc,ref      ] GC(0) Phantom: 213 encountered, 204 discovered, 189 enqueued
[1.144s][info][gc,reloc    ] GC(0) Small Pages: 31 / 62M, Empty: 0M, Relocated: 4M, In-Place: 0
[1.144s][info][gc,reloc    ] GC(0) Medium Pages: 0 / 0M, Empty: 0M, Relocated: 0M, In-Place: 0
[1.144s][info][gc,reloc    ] GC(0) Large Pages: 0 / 0M, Empty: 0M, Relocated: 0M, In-Place: 0
[1.144s][info][gc,reloc    ] GC(0) Forwarding Usage: 1M
[1.144s][info][gc,heap     ] GC(0) Min Capacity: 8M(2%)
[1.144s][info][gc,heap     ] GC(0) Max Capacity: 512M(100%)
[1.144s][info][gc,heap     ] GC(0) Soft Max Capacity: 512M(100%)
[1.144s][info][gc,heap     ] GC(0)                Mark Start          Mark End        Relocate Start      Relocate End           High               Low         
[1.144s][info][gc,heap     ] GC(0)  Capacity:      512M (100%)        512M (100%)        512M (100%)        512M (100%)        512M (100%)        512M (100%)   
[1.144s][info][gc,heap     ] GC(0)      Free:      450M (88%)         440M (86%)         440M (86%)         464M (91%)         464M (91%)         430M (84%)    
[1.144s][info][gc,heap     ] GC(0)      Used:       62M (12%)          72M (14%)          72M (14%)          48M (9%)           82M (16%)          48M (9%)     
[1.144s][info][gc,heap     ] GC(0)      Live:         -                25M (5%)           25M (5%)           25M (5%)             -                  -          
[1.144s][info][gc,heap     ] GC(0) Allocated:         -                10M (2%)           10M (2%)           10M (2%)             -                  -          
[1.144s][info][gc,heap     ] GC(0)   Garbage:         -                36M (7%)           36M (7%)           12M (2%)             -                  -          
[1.144s][info][gc,heap     ] GC(0) Reclaimed:         -                  -                 0M (0%)           24M (5%)             -                  -          
[1.144s][info][gc          ] GC(0) Garbage Collection (Warmup) 62M(12%)->48M(9%)
[1.144s][info][gc,start    ] GC(1) Garbage Collection (System.gc())
[1.145s][info][gc,task     ] GC(1) Using 5 workers
[1.145s][info][gc,phases   ] GC(1) Pause Mark Start 0.009ms
[1.208s][info][gc,phases   ] GC(1) Concurrent Mark 63.229ms
[1.208s][info][gc,phases   ] GC(1) Pause Mark End 0.015ms
[1.208s][info][gc,phases   ] GC(1) Concurrent Mark Free 0.001ms
[1.209s][info][gc,phases   ] GC(1) Concurrent Process Non-Strong References 1.011ms
[1.209s][info][gc,phases   ] GC(1) Concurrent Reset Relocation Set 0.003ms
[1.215s][info][gc,phases   ] GC(1) Concurrent Select Relocation Set 5.927ms
[1.215s][info][gc,phases   ] GC(1) Pause Relocate Start 0.007ms
[1.218s][info][gc,phases   ] GC(1) Concurrent Relocate 3.100ms
[1.218s][info][gc,load     ] GC(1) Load: 0.00/0.00/0.00
[1.218s][info][gc,mmu      ] GC(1) MMU: 2ms/99.2%, 5ms/99.7%, 10ms/99.8%, 20ms/99.9%, 50ms/99.9%, 100ms/99.9%
[1.218s][info][gc,marking  ] GC(1) Mark: 4 stripe(s), 2 proactive flush(es), 1 terminate flush(es), 0 completion(s), 0 continuation(s) 
[1.218s][info][gc,marking  ] GC(1) Mark Stack Usage: 32M
[1.219s][info][gc,nmethod  ] GC(1) NMethods: 1099 registered, 133 unregistered
[1.219s][info][gc,metaspace] GC(1) Metaspace: 11M used, 11M committed, 1088M reserved
[1.219s][info][gc,ref      ] GC(1) Soft: 170 encountered, 0 discovered, 0 enqueued
[1.219s][info][gc,ref      ] GC(1) Weak: 519 encountered, 132 discovered, 4 enqueued
[1.219s][info][gc,ref      ] GC(1) Final: 0 encountered, 0 discovered, 0 enqueued
[1.219s][info][gc,ref      ] GC(1) Phantom: 27 encountered, 14 discovered, 3 enqueued
[1.219s][info][gc,reloc    ] GC(1) Small Pages: 24 / 48M, Empty: 0M, Relocated: 4M, In-Place: 0
[1.219s][info][gc,reloc    ] GC(1) Medium Pages: 0 / 0M, Empty: 0M, Relocated: 0M, In-Place: 0
[1.219s][info][gc,reloc    ] GC(1) Large Pages: 0 / 0M, Empty: 0M, Relocated: 0M, In-Place: 0
[1.219s][info][gc,reloc    ] GC(1) Forwarding Usage: 1M
[1.219s][info][gc,heap     ] GC(1) Min Capacity: 8M(2%)
[1.219s][info][gc,heap     ] GC(1) Max Capacity: 512M(100%)
[1.219s][info][gc,heap     ] GC(1) Soft Max Capacity: 512M(100%)
[1.219s][info][gc,heap     ] GC(1)                Mark Start          Mark End        Relocate Start      Relocate End           High               Low         
[1.219s][info][gc,heap     ] GC(1)  Capacity:      512M (100%)        512M (100%)        512M (100%)        512M (100%)        512M (100%)        512M (100%)   
[1.219s][info][gc,heap     ] GC(1)      Free:      464M (91%)         464M (91%)         462M (90%)         464M (91%)         464M (91%)         452M (88%)    
[1.219s][info][gc,heap     ] GC(1)      Used:       48M (9%)           48M (9%)           50M (10%)          48M (9%)           60M (12%)          48M (9%)     
[1.219s][info][gc,heap     ] GC(1)      Live:         -                32M (6%)           32M (6%)           32M (6%)             -                  -          
[1.219s][info][gc,heap     ] GC(1) Allocated:         -                 0M (0%)            2M (0%)            2M (0%)             -                  -          
[1.219s][info][gc,heap     ] GC(1)   Garbage:         -                15M (3%)           15M (3%)           13M (3%)             -                  -          
[1.219s][info][gc,heap     ] GC(1) Reclaimed:         -                  -                 0M (0%)            2M (0%)             -                  -          
[1.219s][info][gc          ] GC(1) Garbage Collection (System.gc()) 48M(9%)->48M(9%)
[1.581s][info][gc,start    ] GC(2) Garbage Collection (Warmup)
[1.581s][info][gc,task     ] GC(2) Using 5 workers
[1.581s][info][gc,phases   ] GC(2) Pause Mark Start 0.016ms
[1.616s][info][gc,phases   ] GC(2) Concurrent Mark 35.496ms
[1.617s][info][gc,phases   ] GC(2) Pause Mark End 0.012ms
[1.617s][info][gc,phases   ] GC(2) Concurrent Mark Free 0.001ms
[1.618s][info][gc,phases   ] GC(2) Concurrent Process Non-Strong References 0.987ms
[1.618s][info][gc,phases   ] GC(2) Concurrent Reset Relocation Set 0.001ms
[1.624s][info][gc,phases   ] GC(2) Concurrent Select Relocation Set 6.388ms
[1.624s][info][gc,phases   ] GC(2) Pause Relocate Start 0.005ms
[1.627s][info][gc,phases   ] GC(2) Concurrent Relocate 2.530ms
[1.627s][info][gc,load     ] GC(2) Load: 0.00/0.00/0.00
[1.627s][info][gc,mmu      ] GC(2) MMU: 2ms/99.2%, 5ms/99.7%, 10ms/99.8%, 20ms/99.9%, 50ms/99.9%, 100ms/99.9%
[1.627s][info][gc,marking  ] GC(2) Mark: 4 stripe(s), 3 proactive flush(es), 1 terminate flush(es), 0 completion(s), 0 continuation(s) 
[1.627s][info][gc,marking  ] GC(2) Mark Stack Usage: 32M
[1.627s][info][gc,nmethod  ] GC(2) NMethods: 1186 registered, 182 unregistered
[1.627s][info][gc,metaspace] GC(2) Metaspace: 11M used, 11M committed, 1088M reserved
[1.627s][info][gc,ref      ] GC(2) Soft: 179 encountered, 0 discovered, 0 enqueued
[1.627s][info][gc,ref      ] GC(2) Weak: 571 encountered, 316 discovered, 15 enqueued
[1.627s][info][gc,ref      ] GC(2) Final: 0 encountered, 0 discovered, 0 enqueued
[1.627s][info][gc,ref      ] GC(2) Phantom: 32 encountered, 21 discovered, 8 enqueued
[1.627s][info][gc,reloc    ] GC(2) Small Pages: 69 / 138M, Empty: 62M, Relocated: 6M, In-Place: 0
[1.627s][info][gc,reloc    ] GC(2) Medium Pages: 0 / 0M, Empty: 0M, Relocated: 0M, In-Place: 0
[1.627s][info][gc,reloc    ] GC(2) Large Pages: 0 / 0M, Empty: 0M, Relocated: 0M, In-Place: 0
[1.627s][info][gc,reloc    ] GC(2) Forwarding Usage: 1M
[1.627s][info][gc,heap     ] GC(2) Min Capacity: 8M(2%)
[1.627s][info][gc,heap     ] GC(2) Max Capacity: 512M(100%)
[1.627s][info][gc,heap     ] GC(2) Soft Max Capacity: 512M(100%)
[1.627s][info][gc,heap     ] GC(2)                Mark Start          Mark End        Relocate Start      Relocate End           High               Low         
[1.627s][info][gc,heap     ] GC(2)  Capacity:      512M (100%)        512M (100%)        512M (100%)        512M (100%)        512M (100%)        512M (100%)   
[1.627s][info][gc,heap     ] GC(2)      Free:      374M (73%)         358M (70%)         416M (81%)         446M (87%)         446M (87%)         356M (70%)    
[1.628s][info][gc,heap     ] GC(2)      Used:      138M (27%)         154M (30%)          96M (19%)          66M (13%)         156M (30%)          66M (13%)    
[1.628s][info][gc,heap     ] GC(2)      Live:         -                34M (7%)           34M (7%)           34M (7%)             -                  -          
[1.628s][info][gc,heap     ] GC(2) Allocated:         -                16M (3%)           20M (4%)           19M (4%)             -                  -          
[1.628s][info][gc,heap     ] GC(2)   Garbage:         -               103M (20%)          41M (8%)           11M (2%)             -                  -          
[1.628s][info][gc,heap     ] GC(2) Reclaimed:         -                  -                62M (12%)          91M (18%)            -                  -          
[1.628s][info][gc          ] GC(2) Garbage Collection (Warmup) 138M(27%)->66M(13%)
[1.673s][info][gc,start    ] GC(3) Garbage Collection (System.gc())
[1.673s][info][gc,task     ] GC(3) Using 5 workers
[1.673s][info][gc,phases   ] GC(3) Pause Mark Start 0.015ms
[1.714s][info][gc,phases   ] GC(3) Concurrent Mark 40.708ms
[1.714s][info][gc,phases   ] GC(3) Pause Mark End 0.015ms
[1.714s][info][gc,phases   ] GC(3) Concurrent Mark Free 0.001ms
[1.715s][info][gc,phases   ] GC(3) Concurrent Process Non-Strong References 0.976ms
[1.715s][info][gc,phases   ] GC(3) Concurrent Reset Relocation Set 0.003ms
[1.719s][info][gc,phases   ] GC(3) Concurrent Select Relocation Set 3.591ms
[1.719s][info][gc,phases   ] GC(3) Pause Relocate Start 0.006ms
[1.722s][info][gc,phases   ] GC(3) Concurrent Relocate 2.799ms
[1.722s][info][gc,load     ] GC(3) Load: 0.00/0.00/0.00
[1.722s][info][gc,mmu      ] GC(3) MMU: 2ms/99.2%, 5ms/99.6%, 10ms/99.8%, 20ms/99.9%, 50ms/99.9%, 100ms/99.9%
[1.722s][info][gc,marking  ] GC(3) Mark: 4 stripe(s), 2 proactive flush(es), 1 terminate flush(es), 0 completion(s), 0 continuation(s) 
[1.722s][info][gc,marking  ] GC(3) Mark Stack Usage: 32M
[1.722s][info][gc,nmethod  ] GC(3) NMethods: 1207 registered, 186 unregistered
[1.722s][info][gc,metaspace] GC(3) Metaspace: 11M used, 11M committed, 1088M reserved
[1.722s][info][gc,ref      ] GC(3) Soft: 186 encountered, 0 discovered, 0 enqueued
[1.722s][info][gc,ref      ] GC(3) Weak: 591 encountered, 57 discovered, 9 enqueued
[1.722s][info][gc,ref      ] GC(3) Final: 0 encountered, 0 discovered, 0 enqueued
[1.722s][info][gc,ref      ] GC(3) Phantom: 27 encountered, 24 discovered, 3 enqueued
[1.722s][info][gc,reloc    ] GC(3) Small Pages: 35 / 70M, Empty: 18M, Relocated: 4M, In-Place: 0
[1.722s][info][gc,reloc    ] GC(3) Medium Pages: 0 / 0M, Empty: 0M, Relocated: 0M, In-Place: 0
[1.722s][info][gc,reloc    ] GC(3) Large Pages: 0 / 0M, Empty: 0M, Relocated: 0M, In-Place: 0
[1.722s][info][gc,reloc    ] GC(3) Forwarding Usage: 1M
[1.722s][info][gc,heap     ] GC(3) Min Capacity: 8M(2%)
[1.722s][info][gc,heap     ] GC(3) Max Capacity: 512M(100%)
[1.722s][info][gc,heap     ] GC(3) Soft Max Capacity: 512M(100%)
[1.722s][info][gc,heap     ] GC(3)                Mark Start          Mark End        Relocate Start      Relocate End           High               Low         
[1.723s][info][gc,heap     ] GC(3)  Capacity:      512M (100%)        512M (100%)        512M (100%)        512M (100%)        512M (100%)        512M (100%)   
[1.723s][info][gc,heap     ] GC(3)      Free:      442M (86%)         442M (86%)         458M (89%)         464M (91%)         464M (91%)         440M (86%)    
[1.723s][info][gc,heap     ] GC(3)      Used:       70M (14%)          70M (14%)          54M (11%)          48M (9%)           72M (14%)          48M (9%)     
[1.723s][info][gc,heap     ] GC(3)      Live:         -                32M (6%)           32M (6%)           32M (6%)             -                  -          
[1.723s][info][gc,heap     ] GC(3) Allocated:         -                 0M (0%)            2M (0%)            2M (0%)             -                  -          
[1.723s][info][gc,heap     ] GC(3)   Garbage:         -                37M (7%)           19M (4%)           13M (3%)             -                  -          
[1.723s][info][gc,heap     ] GC(3) Reclaimed:         -                  -                18M (4%)           24M (5%)             -                  -          
[1.723s][info][gc          ] GC(3) Garbage Collection (System.gc()) 70M(14%)->48M(9%)
[1.995s][info][gc,start    ] GC(4) Garbage Collection (Warmup)
[1.995s][info][gc,task     ] GC(4) Using 5 workers
[1.996s][info][gc,phases   ] GC(4) Pause Mark Start 0.015ms
[2.042s][info][gc,phases   ] GC(4) Concurrent Mark 46.543ms
[2.042s][info][gc,phases   ] GC(4) Pause Mark End 0.013ms
[2.042s][info][gc,phases   ] GC(4) Concurrent Mark Free 0.001ms
[2.043s][info][gc,phases   ] GC(4) Concurrent Process Non-Strong References 0.810ms
[2.043s][info][gc,phases   ] GC(4) Concurrent Reset Relocation Set 0.001ms
[2.050s][info][gc,phases   ] GC(4) Concurrent Select Relocation Set 6.444ms
[2.050s][info][gc,phases   ] GC(4) Pause Relocate Start 0.006ms
[2.055s][info][gc,phases   ] GC(4) Concurrent Relocate 5.346ms
[2.055s][info][gc,load     ] GC(4) Load: 0.00/0.00/0.00
[2.055s][info][gc,mmu      ] GC(4) MMU: 2ms/99.2%, 5ms/99.6%, 10ms/99.8%, 20ms/99.9%, 50ms/99.9%, 100ms/99.9%
[2.055s][info][gc,marking  ] GC(4) Mark: 4 stripe(s), 2 proactive flush(es), 1 terminate flush(es), 0 completion(s), 0 continuation(s) 
[2.055s][info][gc,marking  ] GC(4) Mark Stack Usage: 32M
[2.055s][info][gc,nmethod  ] GC(4) NMethods: 1223 registered, 190 unregistered
[2.056s][info][gc,metaspace] GC(4) Metaspace: 11M used, 11M committed, 1088M reserved
[2.056s][info][gc,ref      ] GC(4) Soft: 186 encountered, 0 discovered, 0 enqueued
[2.056s][info][gc,ref      ] GC(4) Weak: 582 encountered, 184 discovered, 0 enqueued
[2.056s][info][gc,ref      ] GC(4) Final: 0 encountered, 0 discovered, 0 enqueued
[2.056s][info][gc,ref      ] GC(4) Phantom: 24 encountered, 15 discovered, 0 enqueued
[2.056s][info][gc,reloc    ] GC(4) Small Pages: 82 / 164M, Empty: 74M, Relocated: 10M, In-Place: 0
[2.056s][info][gc,reloc    ] GC(4) Medium Pages: 0 / 0M, Empty: 0M, Relocated: 0M, In-Place: 0
[2.056s][info][gc,reloc    ] GC(4) Large Pages: 0 / 0M, Empty: 0M, Relocated: 0M, In-Place: 0
[2.056s][info][gc,reloc    ] GC(4) Forwarding Usage: 2M
[2.056s][info][gc,heap     ] GC(4) Min Capacity: 8M(2%)
[2.056s][info][gc,heap     ] GC(4) Max Capacity: 512M(100%)
[2.056s][info][gc,heap     ] GC(4) Soft Max Capacity: 512M(100%)
[2.056s][info][gc,heap     ] GC(4)                Mark Start          Mark End        Relocate Start      Relocate End           High               Low         
[2.056s][info][gc,heap     ] GC(4)  Capacity:      512M (100%)        512M (100%)        512M (100%)        512M (100%)        512M (100%)        512M (100%)   
[2.056s][info][gc,heap     ] GC(4)      Free:      348M (68%)         346M (68%)         420M (82%)         462M (90%)         462M (90%)         346M (68%)    
[2.056s][info][gc,heap     ] GC(4)      Used:      164M (32%)         166M (32%)          92M (18%)          50M (10%)         166M (32%)          50M (10%)    
[2.056s][info][gc,heap     ] GC(4)      Live:         -                36M (7%)           36M (7%)           36M (7%)             -                  -          
[2.056s][info][gc,heap     ] GC(4) Allocated:         -                 2M (0%)            2M (0%)            2M (0%)             -                  -          
[2.056s][info][gc,heap     ] GC(4)   Garbage:         -               127M (25%)          53M (10%)          11M (2%)             -                  -          
[2.056s][info][gc,heap     ] GC(4) Reclaimed:         -                  -                74M (14%)         116M (23%)            -                  -          
[2.056s][info][gc          ] GC(4) Garbage Collection (Warmup) 164M(32%)->50M(10%)
[2.056s][info][gc,start    ] GC(5) Garbage Collection (System.gc())
[2.056s][info][gc,task     ] GC(5) Using 5 workers
[2.056s][info][gc,phases   ] GC(5) Pause Mark Start 0.006ms
[2.089s][info][gc,phases   ] GC(5) Concurrent Mark 32.720ms
[2.089s][info][gc,phases   ] GC(5) Pause Mark End 0.011ms
[2.089s][info][gc,phases   ] GC(5) Concurrent Mark Free 0.001ms
[2.090s][info][gc,phases   ] GC(5) Concurrent Process Non-Strong References 0.791ms
[2.090s][info][gc,phases   ] GC(5) Concurrent Reset Relocation Set 0.004ms
[2.094s][info][gc,phases   ] GC(5) Concurrent Select Relocation Set 3.738ms
[2.094s][info][gc,phases   ] GC(5) Pause Relocate Start 0.004ms
[2.096s][info][gc,phases   ] GC(5) Concurrent Relocate 1.875ms
[2.096s][info][gc,load     ] GC(5) Load: 0.00/0.00/0.00
[2.096s][info][gc,mmu      ] GC(5) MMU: 2ms/99.2%, 5ms/99.6%, 10ms/99.8%, 20ms/99.9%, 50ms/99.9%, 100ms/99.9%
[2.096s][info][gc,marking  ] GC(5) Mark: 4 stripe(s), 1 proactive flush(es), 1 terminate flush(es), 0 completion(s), 0 continuation(s) 
[2.096s][info][gc,marking  ] GC(5) Mark Stack Usage: 32M
[2.096s][info][gc,nmethod  ] GC(5) NMethods: 1223 registered, 190 unregistered
[2.096s][info][gc,metaspace] GC(5) Metaspace: 11M used, 11M committed, 1088M reserved
[2.096s][info][gc,ref      ] GC(5) Soft: 186 encountered, 0 discovered, 0 enqueued
[2.096s][info][gc,ref      ] GC(5) Weak: 582 encountered, 271 discovered, 0 enqueued
[2.096s][info][gc,ref      ] GC(5) Final: 0 encountered, 0 discovered, 0 enqueued
[2.096s][info][gc,ref      ] GC(5) Phantom: 24 encountered, 13 discovered, 0 enqueued
[2.096s][info][gc,reloc    ] GC(5) Small Pages: 25 / 50M, Empty: 0M, Relocated: 4M, In-Place: 0
[2.096s][info][gc,reloc    ] GC(5) Medium Pages: 0 / 0M, Empty: 0M, Relocated: 0M, In-Place: 0
[2.096s][info][gc,reloc    ] GC(5) Large Pages: 0 / 0M, Empty: 0M, Relocated: 0M, In-Place: 0
[2.096s][info][gc,reloc    ] GC(5) Forwarding Usage: 1M
[2.096s][info][gc,heap     ] GC(5) Min Capacity: 8M(2%)
[2.096s][info][gc,heap     ] GC(5) Max Capacity: 512M(100%)
[2.096s][info][gc,heap     ] GC(5) Soft Max Capacity: 512M(100%)
[2.096s][info][gc,heap     ] GC(5)                Mark Start          Mark End        Relocate Start      Relocate End           High               Low         
[2.096s][info][gc,heap     ] GC(5)  Capacity:      512M (100%)        512M (100%)        512M (100%)        512M (100%)        512M (100%)        512M (100%)   
[2.096s][info][gc,heap     ] GC(5)      Free:      462M (90%)         462M (90%)         462M (90%)         466M (91%)         466M (91%)         452M (88%)    
[2.096s][info][gc,heap     ] GC(5)      Used:       50M (10%)          50M (10%)          50M (10%)          46M (9%)           60M (12%)          46M (9%)     
[2.096s][info][gc,heap     ] GC(5)      Live:         -                32M (6%)           32M (6%)           32M (6%)             -                  -          
[2.096s][info][gc,heap     ] GC(5) Allocated:         -                 0M (0%)            0M (0%)            0M (0%)             -                  -          
[2.097s][info][gc,heap     ] GC(5)   Garbage:         -                17M (3%)           17M (3%)           13M (3%)             -                  -          
[2.097s][info][gc,heap     ] GC(5) Reclaimed:         -                  -                 0M (0%)            4M (1%)             -                  -          
[2.097s][info][gc          ] GC(5) Garbage Collection (System.gc()) 50M(10%)->46M(9%)
[2.379s][info][gc,start    ] GC(6) Garbage Collection (System.gc())
[2.379s][info][gc,task     ] GC(6) Using 5 workers
[2.379s][info][gc,phases   ] GC(6) Pause Mark Start 0.015ms
[2.404s][info][gc,phases   ] GC(6) Concurrent Mark 24.823ms
[2.404s][info][gc,phases   ] GC(6) Pause Mark End 0.020ms
[2.405s][info][gc,phases   ] GC(6) Concurrent Mark Free 0.001ms
[2.406s][info][gc,phases   ] GC(6) Concurrent Process Non-Strong References 0.980ms
[2.406s][info][gc,phases   ] GC(6) Concurrent Reset Relocation Set 0.001ms
[2.409s][info][gc,phases   ] GC(6) Concurrent Select Relocation Set 3.661ms
[2.409s][info][gc,phases   ] GC(6) Pause Relocate Start 0.007ms
[2.412s][info][gc,phases   ] GC(6) Concurrent Relocate 2.178ms
[2.412s][info][gc,load     ] GC(6) Load: 0.00/0.00/0.00
[2.412s][info][gc,mmu      ] GC(6) MMU: 2ms/99.0%, 5ms/99.5%, 10ms/99.7%, 20ms/99.9%, 50ms/99.9%, 100ms/99.9%
[2.412s][info][gc,marking  ] GC(6) Mark: 4 stripe(s), 1 proactive flush(es), 1 terminate flush(es), 0 completion(s), 0 continuation(s) 
[2.412s][info][gc,marking  ] GC(6) Mark Stack Usage: 32M
[2.412s][info][gc,nmethod  ] GC(6) NMethods: 1261 registered, 4 unregistered
[2.412s][info][gc,metaspace] GC(6) Metaspace: 11M used, 11M committed, 1088M reserved
[2.412s][info][gc,ref      ] GC(6) Soft: 186 encountered, 0 discovered, 0 enqueued
[2.412s][info][gc,ref      ] GC(6) Weak: 582 encountered, 281 discovered, 0 enqueued
[2.412s][info][gc,ref      ] GC(6) Final: 0 encountered, 0 discovered, 0 enqueued
[2.412s][info][gc,ref      ] GC(6) Phantom: 24 encountered, 11 discovered, 0 enqueued
[2.412s][info][gc,reloc    ] GC(6) Small Pages: 82 / 164M, Empty: 116M, Relocated: 4M, In-Place: 0
[2.412s][info][gc,reloc    ] GC(6) Medium Pages: 0 / 0M, Empty: 0M, Relocated: 0M, In-Place: 0
[2.412s][info][gc,reloc    ] GC(6) Large Pages: 0 / 0M, Empty: 0M, Relocated: 0M, In-Place: 0
[2.412s][info][gc,reloc    ] GC(6) Forwarding Usage: 1M
[2.412s][info][gc,heap     ] GC(6) Min Capacity: 8M(2%)
[2.412s][info][gc,heap     ] GC(6) Max Capacity: 512M(100%)
[2.412s][info][gc,heap     ] GC(6) Soft Max Capacity: 512M(100%)
[2.412s][info][gc,heap     ] GC(6)                Mark Start          Mark End        Relocate Start      Relocate End           High               Low         
[2.412s][info][gc,heap     ] GC(6)  Capacity:      512M (100%)        512M (100%)        512M (100%)        512M (100%)        512M (100%)        512M (100%)   
[2.412s][info][gc,heap     ] GC(6)      Free:      348M (68%)         348M (68%)         464M (91%)         466M (91%)         466M (91%)         348M (68%)    
[2.412s][info][gc,heap     ] GC(6)      Used:      164M (32%)         164M (32%)          48M (9%)           46M (9%)          164M (32%)          46M (9%)     
[2.412s][info][gc,heap     ] GC(6)      Live:         -                32M (6%)           32M (6%)           32M (6%)             -                  -          
[2.412s][info][gc,heap     ] GC(6) Allocated:         -                 0M (0%)            0M (0%)            0M (0%)             -                  -          
[2.412s][info][gc,heap     ] GC(6)   Garbage:         -               131M (26%)          15M (3%)           13M (3%)             -                  -          
[2.412s][info][gc,heap     ] GC(6) Reclaimed:         -                  -               116M (23%)         118M (23%)            -                  -          
[2.412s][info][gc          ] GC(6) Garbage Collection (System.gc()) 164M(32%)->46M(9%)
[2.690s][info][gc,start    ] GC(7) Garbage Collection (System.gc())
[2.737s][info][gc,task     ] GC(7) Using 5 workers
[2.738s][info][gc,phases   ] GC(7) Pause Mark Start 0.016ms
[2.772s][info][gc,phases   ] GC(7) Concurrent Mark 34.830ms
[2.773s][info][gc,phases   ] GC(7) Pause Mark End 0.014ms
[2.773s][info][gc,phases   ] GC(7) Concurrent Mark Free 0.001ms
[2.773s][info][gc,phases   ] GC(7) Concurrent Process Non-Strong References 0.845ms
[2.774s][info][gc,phases   ] GC(7) Concurrent Reset Relocation Set 0.001ms
[2.777s][info][gc,phases   ] GC(7) Concurrent Select Relocation Set 3.580ms
[2.777s][info][gc,phases   ] GC(7) Pause Relocate Start 0.005ms
[2.779s][info][gc,phases   ] GC(7) Concurrent Relocate 2.219ms
[2.780s][info][gc,load     ] GC(7) Load: 0.00/0.00/0.00
[2.780s][info][gc,mmu      ] GC(7) MMU: 2ms/99.0%, 5ms/99.5%, 10ms/99.7%, 20ms/99.9%, 50ms/99.9%, 100ms/99.9%
[2.780s][info][gc,marking  ] GC(7) Mark: 4 stripe(s), 1 proactive flush(es), 1 terminate flush(es), 0 completion(s), 0 continuation(s) 
[2.780s][info][gc,marking  ] GC(7) Mark Stack Usage: 32M
[2.780s][info][gc,nmethod  ] GC(7) NMethods: 1269 registered, 5 unregistered
[2.780s][info][gc,metaspace] GC(7) Metaspace: 11M used, 11M committed, 1088M reserved
[2.780s][info][gc,ref      ] GC(7) Soft: 186 encountered, 0 discovered, 0 enqueued
[2.780s][info][gc,ref      ] GC(7) Weak: 582 encountered, 218 discovered, 0 enqueued
[2.780s][info][gc,ref      ] GC(7) Final: 0 encountered, 0 discovered, 0 enqueued
[2.780s][info][gc,ref      ] GC(7) Phantom: 24 encountered, 17 discovered, 0 enqueued
[2.780s][info][gc,reloc    ] GC(7) Small Pages: 82 / 164M, Empty: 114M, Relocated: 4M, In-Place: 0
[2.780s][info][gc,reloc    ] GC(7) Medium Pages: 0 / 0M, Empty: 0M, Relocated: 0M, In-Place: 0
[2.780s][info][gc,reloc    ] GC(7) Large Pages: 0 / 0M, Empty: 0M, Relocated: 0M, In-Place: 0
[2.780s][info][gc,reloc    ] GC(7) Forwarding Usage: 1M
[2.780s][info][gc,heap     ] GC(7) Min Capacity: 8M(2%)
[2.780s][info][gc,heap     ] GC(7) Max Capacity: 512M(100%)
[2.780s][info][gc,heap     ] GC(7) Soft Max Capacity: 512M(100%)
[2.780s][info][gc,heap     ] GC(7)                Mark Start          Mark End        Relocate Start      Relocate End           High               Low         
[2.780s][info][gc,heap     ] GC(7)  Capacity:      512M (100%)        512M (100%)        512M (100%)        512M (100%)        512M (100%)        512M (100%)   
[2.780s][info][gc,heap     ] GC(7)      Free:      348M (68%)         348M (68%)         462M (90%)         466M (91%)         466M (91%)         348M (68%)    
[2.780s][info][gc,heap     ] GC(7)      Used:      164M (32%)         164M (32%)          50M (10%)          46M (9%)          164M (32%)          46M (9%)     
[2.780s][info][gc,heap     ] GC(7)      Live:         -                32M (6%)           32M (6%)           32M (6%)             -                  -          
[2.780s][info][gc,heap     ] GC(7) Allocated:         -                 0M (0%)            0M (0%)            0M (0%)             -                  -          
[2.780s][info][gc,heap     ] GC(7)   Garbage:         -               131M (26%)          17M (3%)           13M (3%)             -                  -          
[2.780s][info][gc,heap     ] GC(7) Reclaimed:         -                  -               114M (22%)         118M (23%)            -                  -          
[2.780s][info][gc          ] GC(7) Garbage Collection (System.gc()) 164M(32%)->46M(9%)
[3.041s][info][gc,start    ] GC(8) Garbage Collection (System.gc())
[3.041s][info][gc,task     ] GC(8) Using 5 workers
[3.041s][info][gc,phases   ] GC(8) Pause Mark Start 0.015ms
[3.068s][info][gc,phases   ] GC(8) Concurrent Mark 26.568ms
[3.068s][info][gc,phases   ] GC(8) Pause Mark End 0.012ms
[3.068s][info][gc,phases   ] GC(8) Concurrent Mark Free 0.001ms
[3.069s][info][gc,phases   ] GC(8) Concurrent Process Non-Strong References 0.760ms
[3.069s][info][gc,phases   ] GC(8) Concurrent Reset Relocation Set 0.001ms
[3.073s][info][gc,phases   ] GC(8) Concurrent Select Relocation Set 3.536ms
[3.073s][info][gc,phases   ] GC(8) Pause Relocate Start 0.004ms
[3.075s][info][gc,phases   ] GC(8) Concurrent Relocate 1.909ms
[3.075s][info][gc,load     ] GC(8) Load: 0.00/0.00/0.00
[3.075s][info][gc,mmu      ] GC(8) MMU: 2ms/99.0%, 5ms/99.5%, 10ms/99.7%, 20ms/99.9%, 50ms/99.9%, 100ms/99.9%
[3.075s][info][gc,marking  ] GC(8) Mark: 4 stripe(s), 7 proactive flush(es), 1 terminate flush(es), 0 completion(s), 0 continuation(s) 
[3.075s][info][gc,marking  ] GC(8) Mark Stack Usage: 32M
[3.075s][info][gc,nmethod  ] GC(8) NMethods: 1276 registered, 5 unregistered
[3.075s][info][gc,metaspace] GC(8) Metaspace: 11M used, 11M committed, 1088M reserved
[3.075s][info][gc,ref      ] GC(8) Soft: 186 encountered, 0 discovered, 0 enqueued
[3.075s][info][gc,ref      ] GC(8) Weak: 582 encountered, 276 discovered, 0 enqueued
[3.075s][info][gc,ref      ] GC(8) Final: 0 encountered, 0 discovered, 0 enqueued
[3.075s][info][gc,ref      ] GC(8) Phantom: 24 encountered, 21 discovered, 0 enqueued
[3.075s][info][gc,reloc    ] GC(8) Small Pages: 82 / 164M, Empty: 116M, Relocated: 4M, In-Place: 0
[3.075s][info][gc,reloc    ] GC(8) Medium Pages: 0 / 0M, Empty: 0M, Relocated: 0M, In-Place: 0
[3.075s][info][gc,reloc    ] GC(8) Large Pages: 0 / 0M, Empty: 0M, Relocated: 0M, In-Place: 0
[3.075s][info][gc,reloc    ] GC(8) Forwarding Usage: 1M
[3.075s][info][gc,heap     ] GC(8) Min Capacity: 8M(2%)
[3.075s][info][gc,heap     ] GC(8) Max Capacity: 512M(100%)
[3.075s][info][gc,heap     ] GC(8) Soft Max Capacity: 512M(100%)
[3.075s][info][gc,heap     ] GC(8)                Mark Start          Mark End        Relocate Start      Relocate End           High               Low         
[3.075s][info][gc,heap     ] GC(8)  Capacity:      512M (100%)        512M (100%)        512M (100%)        512M (100%)        512M (100%)        512M (100%)   
[3.075s][info][gc,heap     ] GC(8)      Free:      348M (68%)         348M (68%)         464M (91%)         466M (91%)         466M (91%)         348M (68%)    
[3.075s][info][gc,heap     ] GC(8)      Used:      164M (32%)         164M (32%)          48M (9%)           46M (9%)          164M (32%)          46M (9%)     
[3.075s][info][gc,heap     ] GC(8)      Live:         -                32M (6%)           32M (6%)           32M (6%)             -                  -          
[3.075s][info][gc,heap     ] GC(8) Allocated:         -                 0M (0%)            0M (0%)            0M (0%)             -                  -          
[3.075s][info][gc,heap     ] GC(8)   Garbage:         -               131M (26%)          15M (3%)           13M (3%)             -                  -          
[3.075s][info][gc,heap     ] GC(8) Reclaimed:         -                  -               116M (23%)         118M (23%)            -                  -          
[3.075s][info][gc          ] GC(8) Garbage Collection (System.gc()) 164M(32%)->46M(9%)
[3.335s][info][gc,start    ] GC(9) Garbage Collection (System.gc())
[3.335s][info][gc,task     ] GC(9) Using 5 workers
[3.335s][info][gc,phases   ] GC(9) Pause Mark Start 0.015ms
[3.370s][info][gc,phases   ] GC(9) Concurrent Mark 35.423ms
[3.371s][info][gc,phases   ] GC(9) Pause Mark End 0.015ms
[3.371s][info][gc,phases   ] GC(9) Concurrent Mark Free 0.001ms
[3.372s][info][gc,phases   ] GC(9) Concurrent Process Non-Strong References 0.934ms
[3.372s][info][gc,phases   ] GC(9) Concurrent Reset Relocation Set 0.001ms
[3.375s][info][gc,phases   ] GC(9) Concurrent Select Relocation Set 3.557ms
[3.375s][info][gc,phases   ] GC(9) Pause Relocate Start 0.006ms
[3.378s][info][gc,phases   ] GC(9) Concurrent Relocate 2.795ms
[3.378s][info][gc,load     ] GC(9) Load: 0.00/0.00/0.00
[3.378s][info][gc,mmu      ] GC(9) MMU: 2ms/99.0%, 5ms/99.5%, 10ms/99.7%, 20ms/99.9%, 50ms/99.9%, 100ms/99.9%
[3.378s][info][gc,marking  ] GC(9) Mark: 4 stripe(s), 4 proactive flush(es), 1 terminate flush(es), 0 completion(s), 0 continuation(s) 
[3.378s][info][gc,marking  ] GC(9) Mark Stack Usage: 32M
[3.378s][info][gc,nmethod  ] GC(9) NMethods: 1279 registered, 6 unregistered
[3.378s][info][gc,metaspace] GC(9) Metaspace: 11M used, 11M committed, 1088M reserved
[3.378s][info][gc,ref      ] GC(9) Soft: 186 encountered, 0 discovered, 0 enqueued
[3.378s][info][gc,ref      ] GC(9) Weak: 582 encountered, 115 discovered, 0 enqueued
[3.378s][info][gc,ref      ] GC(9) Final: 0 encountered, 0 discovered, 0 enqueued
[3.379s][info][gc,ref      ] GC(9) Phantom: 24 encountered, 20 discovered, 0 enqueued
[3.379s][info][gc,reloc    ] GC(9) Small Pages: 82 / 164M, Empty: 116M, Relocated: 4M, In-Place: 0
[3.379s][info][gc,reloc    ] GC(9) Medium Pages: 0 / 0M, Empty: 0M, Relocated: 0M, In-Place: 0
[3.379s][info][gc,reloc    ] GC(9) Large Pages: 0 / 0M, Empty: 0M, Relocated: 0M, In-Place: 0
[3.379s][info][gc,reloc    ] GC(9) Forwarding Usage: 1M
[3.379s][info][gc,heap     ] GC(9) Min Capacity: 8M(2%)
[3.379s][info][gc,heap     ] GC(9) Max Capacity: 512M(100%)
[3.379s][info][gc,heap     ] GC(9) Soft Max Capacity: 512M(100%)
[3.379s][info][gc,heap     ] GC(9)                Mark Start          Mark End        Relocate Start      Relocate End           High               Low         
[3.379s][info][gc,heap     ] GC(9)  Capacity:      512M (100%)        512M (100%)        512M (100%)        512M (100%)        512M (100%)        512M (100%)   
[3.379s][info][gc,heap     ] GC(9)      Free:      348M (68%)         348M (68%)         464M (91%)         466M (91%)         466M (91%)         348M (68%)    
[3.379s][info][gc,heap     ] GC(9)      Used:      164M (32%)         164M (32%)          48M (9%)           46M (9%)          164M (32%)          46M (9%)     
[3.379s][info][gc,heap     ] GC(9)      Live:         -                32M (6%)           32M (6%)           32M (6%)             -                  -          
[3.379s][info][gc,heap     ] GC(9) Allocated:         -                 0M (0%)            0M (0%)            0M (0%)             -                  -          
[3.379s][info][gc,heap     ] GC(9)   Garbage:         -               131M (26%)          15M (3%)           13M (3%)             -                  -          
[3.379s][info][gc,heap     ] GC(9) Reclaimed:         -                  -               116M (23%)         118M (23%)            -                  -          
[3.379s][info][gc          ] GC(9) Garbage Collection (System.gc()) 164M(32%)->46M(9%)
[3.654s][info][gc,start    ] GC(10) Garbage Collection (System.gc())
[3.654s][info][gc,task     ] GC(10) Using 5 workers
[3.654s][info][gc,phases   ] GC(10) Pause Mark Start 0.015ms
[3.690s][info][gc,phases   ] GC(10) Concurrent Mark 36.128ms
[3.690s][info][gc,phases   ] GC(10) Pause Mark End 0.014ms
[3.690s][info][gc,phases   ] GC(10) Concurrent Mark Free 0.001ms
[3.691s][info][gc,phases   ] GC(10) Concurrent Process Non-Strong References 0.886ms
[3.691s][info][gc,phases   ] GC(10) Concurrent Reset Relocation Set 0.002ms
[3.695s][info][gc,phases   ] GC(10) Concurrent Select Relocation Set 3.465ms
[3.695s][info][gc,phases   ] GC(10) Pause Relocate Start 0.005ms
[3.697s][info][gc,phases   ] GC(10) Concurrent Relocate 2.324ms
[3.697s][info][gc,load     ] GC(10) Load: 0.00/0.00/0.00
[3.697s][info][gc,mmu      ] GC(10) MMU: 2ms/99.0%, 5ms/99.5%, 10ms/99.7%, 20ms/99.9%, 50ms/99.9%, 100ms/99.9%
[3.697s][info][gc,marking  ] GC(10) Mark: 4 stripe(s), 1 proactive flush(es), 1 terminate flush(es), 0 completion(s), 0 continuation(s) 
[3.697s][info][gc,marking  ] GC(10) Mark Stack Usage: 32M
[3.697s][info][gc,nmethod  ] GC(10) NMethods: 1282 registered, 6 unregistered
[3.697s][info][gc,metaspace] GC(10) Metaspace: 11M used, 11M committed, 1088M reserved
[3.697s][info][gc,ref      ] GC(10) Soft: 186 encountered, 0 discovered, 0 enqueued
[3.697s][info][gc,ref      ] GC(10) Weak: 582 encountered, 237 discovered, 0 enqueued
[3.697s][info][gc,ref      ] GC(10) Final: 0 encountered, 0 discovered, 0 enqueued
[3.697s][info][gc,ref      ] GC(10) Phantom: 24 encountered, 22 discovered, 0 enqueued
[3.697s][info][gc,reloc    ] GC(10) Small Pages: 82 / 164M, Empty: 116M, Relocated: 4M, In-Place: 0
[3.697s][info][gc,reloc    ] GC(10) Medium Pages: 0 / 0M, Empty: 0M, Relocated: 0M, In-Place: 0
[3.697s][info][gc,reloc    ] GC(10) Large Pages: 0 / 0M, Empty: 0M, Relocated: 0M, In-Place: 0
[3.698s][info][gc,reloc    ] GC(10) Forwarding Usage: 1M
[3.698s][info][gc,heap     ] GC(10) Min Capacity: 8M(2%)
[3.698s][info][gc,heap     ] GC(10) Max Capacity: 512M(100%)
[3.698s][info][gc,heap     ] GC(10) Soft Max Capacity: 512M(100%)
[3.698s][info][gc,heap     ] GC(10)                Mark Start          Mark End        Relocate Start      Relocate End           High               Low         
[3.698s][info][gc,heap     ] GC(10)  Capacity:      512M (100%)        512M (100%)        512M (100%)        512M (100%)        512M (100%)        512M (100%)   
[3.698s][info][gc,heap     ] GC(10)      Free:      348M (68%)         348M (68%)         464M (91%)         466M (91%)         466M (91%)         348M (68%)    
[3.698s][info][gc,heap     ] GC(10)      Used:      164M (32%)         164M (32%)          48M (9%)           46M (9%)          164M (32%)          46M (9%)     
[3.698s][info][gc,heap     ] GC(10)      Live:         -                32M (6%)           32M (6%)           32M (6%)             -                  -          
[3.698s][info][gc,heap     ] GC(10) Allocated:         -                 0M (0%)            0M (0%)            0M (0%)             -                  -          
[3.698s][info][gc,heap     ] GC(10)   Garbage:         -               131M (26%)          15M (3%)           13M (3%)             -                  -          
[3.698s][info][gc,heap     ] GC(10) Reclaimed:         -                  -               116M (23%)         118M (23%)            -                  -          
[3.698s][info][gc          ] GC(10) Garbage Collection (System.gc()) 164M(32%)->46M(9%)
[3.960s][info][gc,start    ] GC(11) Garbage Collection (System.gc())
[3.961s][info][gc,task     ] GC(11) Using 5 workers
[3.961s][info][gc,phases   ] GC(11) Pause Mark Start 0.015ms
[4.000s][info][gc,phases   ] GC(11) Concurrent Mark 39.223ms
[4.000s][info][gc,phases   ] GC(11) Pause Mark End 0.012ms
[4.000s][info][gc,phases   ] GC(11) Concurrent Mark Free 0.001ms
[4.001s][info][gc,phases   ] GC(11) Concurrent Process Non-Strong References 0.933ms
[4.001s][info][gc,phases   ] GC(11) Concurrent Reset Relocation Set 0.002ms
[4.005s][info][gc,phases   ] GC(11) Concurrent Select Relocation Set 3.551ms
[4.005s][info][gc,phases   ] GC(11) Pause Relocate Start 0.005ms
[4.008s][info][gc,phases   ] GC(11) Concurrent Relocate 3.139ms
[4.008s][info][gc,load     ] GC(11) Load: 0.00/0.00/0.00
[4.008s][info][gc,mmu      ] GC(11) MMU: 2ms/99.0%, 5ms/99.5%, 10ms/99.7%, 20ms/99.9%, 50ms/99.9%, 100ms/99.9%
[4.008s][info][gc,marking  ] GC(11) Mark: 4 stripe(s), 10 proactive flush(es), 1 terminate flush(es), 0 completion(s), 0 continuation(s) 
[4.008s][info][gc,marking  ] GC(11) Mark Stack Usage: 32M
[4.008s][info][gc,nmethod  ] GC(11) NMethods: 1306 registered, 7 unregistered
[4.008s][info][gc,metaspace] GC(11) Metaspace: 11M used, 11M committed, 1088M reserved
[4.008s][info][gc,ref      ] GC(11) Soft: 186 encountered, 0 discovered, 0 enqueued
[4.008s][info][gc,ref      ] GC(11) Weak: 582 encountered, 318 discovered, 0 enqueued
[4.008s][info][gc,ref      ] GC(11) Final: 0 encountered, 0 discovered, 0 enqueued
[4.008s][info][gc,ref      ] GC(11) Phantom: 24 encountered, 14 discovered, 0 enqueued
[4.008s][info][gc,reloc    ] GC(11) Small Pages: 82 / 164M, Empty: 116M, Relocated: 4M, In-Place: 0
[4.008s][info][gc,reloc    ] GC(11) Medium Pages: 0 / 0M, Empty: 0M, Relocated: 0M, In-Place: 0
[4.008s][info][gc,reloc    ] GC(11) Large Pages: 0 / 0M, Empty: 0M, Relocated: 0M, In-Place: 0
[4.008s][info][gc,reloc    ] GC(11) Forwarding Usage: 1M
[4.008s][info][gc,heap     ] GC(11) Min Capacity: 8M(2%)
[4.008s][info][gc,heap     ] GC(11) Max Capacity: 512M(100%)
[4.008s][info][gc,heap     ] GC(11) Soft Max Capacity: 512M(100%)
[4.009s][info][gc,heap     ] GC(11)                Mark Start          Mark End        Relocate Start      Relocate End           High               Low         
[4.009s][info][gc,heap     ] GC(11)  Capacity:      512M (100%)        512M (100%)        512M (100%)        512M (100%)        512M (100%)        512M (100%)   
[4.009s][info][gc,heap     ] GC(11)      Free:      348M (68%)         348M (68%)         464M (91%)         466M (91%)         466M (91%)         348M (68%)    
[4.009s][info][gc,heap     ] GC(11)      Used:      164M (32%)         164M (32%)          48M (9%)           46M (9%)          164M (32%)          46M (9%)     
[4.009s][info][gc,heap     ] GC(11)      Live:         -                32M (6%)           32M (6%)           32M (6%)             -                  -          
[4.009s][info][gc,heap     ] GC(11) Allocated:         -                 0M (0%)            0M (0%)            0M (0%)             -                  -          
[4.009s][info][gc,heap     ] GC(11)   Garbage:         -               131M (26%)          15M (3%)           13M (3%)             -                  -          
[4.009s][info][gc,heap     ] GC(11) Reclaimed:         -                  -               116M (23%)         118M (23%)            -                  -          
[4.009s][info][gc          ] GC(11) Garbage Collection (System.gc()) 164M(32%)->46M(9%)
[4.288s][info][gc,start    ] GC(12) Garbage Collection (System.gc())
[4.288s][info][gc,task     ] GC(12) Using 5 workers
[4.288s][info][gc,phases   ] GC(12) Pause Mark Start 0.015ms
[4.321s][info][gc,phases   ] GC(12) Concurrent Mark 33.276ms
[4.321s][info][gc,phases   ] GC(12) Pause Mark End 0.013ms
[4.321s][info][gc,phases   ] GC(12) Concurrent Mark Free 0.001ms
[4.322s][info][gc,phases   ] GC(12) Concurrent Process Non-Strong References 0.931ms
[4.322s][info][gc,phases   ] GC(12) Concurrent Reset Relocation Set 0.001ms
[4.326s][info][gc,phases   ] GC(12) Concurrent Select Relocation Set 3.469ms
[4.326s][info][gc,phases   ] GC(12) Pause Relocate Start 0.005ms
[4.328s][info][gc,phases   ] GC(12) Concurrent Relocate 2.161ms
[4.328s][info][gc,load     ] GC(12) Load: 0.00/0.00/0.00
[4.328s][info][gc,mmu      ] GC(12) MMU: 2ms/99.0%, 5ms/99.5%, 10ms/99.7%, 20ms/99.9%, 50ms/99.9%, 100ms/99.9%
[4.328s][info][gc,marking  ] GC(12) Mark: 4 stripe(s), 1 proactive flush(es), 1 terminate flush(es), 0 completion(s), 0 continuation(s) 
[4.328s][info][gc,marking  ] GC(12) Mark Stack Usage: 32M
[4.328s][info][gc,nmethod  ] GC(12) NMethods: 1310 registered, 7 unregistered
[4.328s][info][gc,metaspace] GC(12) Metaspace: 11M used, 11M committed, 1088M reserved
[4.329s][info][gc,ref      ] GC(12) Soft: 186 encountered, 0 discovered, 0 enqueued
[4.329s][info][gc,ref      ] GC(12) Weak: 582 encountered, 294 discovered, 0 enqueued
[4.329s][info][gc,ref      ] GC(12) Final: 0 encountered, 0 discovered, 0 enqueued
[4.329s][info][gc,ref      ] GC(12) Phantom: 24 encountered, 15 discovered, 0 enqueued
[4.329s][info][gc,reloc    ] GC(12) Small Pages: 82 / 164M, Empty: 116M, Relocated: 4M, In-Place: 0
[4.329s][info][gc,reloc    ] GC(12) Medium Pages: 0 / 0M, Empty: 0M, Relocated: 0M, In-Place: 0
[4.329s][info][gc,reloc    ] GC(12) Large Pages: 0 / 0M, Empty: 0M, Relocated: 0M, In-Place: 0
[4.329s][info][gc,reloc    ] GC(12) Forwarding Usage: 1M
[4.329s][info][gc,heap     ] GC(12) Min Capacity: 8M(2%)
[4.329s][info][gc,heap     ] GC(12) Max Capacity: 512M(100%)
[4.329s][info][gc,heap     ] GC(12) Soft Max Capacity: 512M(100%)
[4.329s][info][gc,heap     ] GC(12)                Mark Start          Mark End        Relocate Start      Relocate End           High               Low         
[4.329s][info][gc,heap     ] GC(12)  Capacity:      512M (100%)        512M (100%)        512M (100%)        512M (100%)        512M (100%)        512M (100%)   
[4.329s][info][gc,heap     ] GC(12)      Free:      348M (68%)         348M (68%)         464M (91%)         466M (91%)         466M (91%)         348M (68%)    
[4.329s][info][gc,heap     ] GC(12)      Used:      164M (32%)         164M (32%)          48M (9%)           46M (9%)          164M (32%)          46M (9%)     
[4.329s][info][gc,heap     ] GC(12)      Live:         -                32M (6%)           32M (6%)           32M (6%)             -                  -          
[4.329s][info][gc,heap     ] GC(12) Allocated:         -                 0M (0%)            0M (0%)            0M (0%)             -                  -          
[4.329s][info][gc,heap     ] GC(12)   Garbage:         -               131M (26%)          15M (3%)           13M (3%)             -                  -          
[4.329s][info][gc,heap     ] GC(12) Reclaimed:         -                  -               116M (23%)         118M (23%)            -                  -          
[4.329s][info][gc          ] GC(12) Garbage Collection (System.gc()) 164M(32%)->46M(9%)
[4.585s][info][gc,start    ] GC(13) Garbage Collection (System.gc())
[4.585s][info][gc,task     ] GC(13) Using 5 workers
[4.585s][info][gc,phases   ] GC(13) Pause Mark Start 0.013ms
[4.622s][info][gc,phases   ] GC(13) Concurrent Mark 36.175ms
[4.622s][info][gc,phases   ] GC(13) Pause Mark End 0.017ms
[4.622s][info][gc,phases   ] GC(13) Concurrent Mark Free 0.001ms
[4.623s][info][gc,phases   ] GC(13) Concurrent Process Non-Strong References 1.106ms
[4.623s][info][gc,phases   ] GC(13) Concurrent Reset Relocation Set 0.001ms
[4.627s][info][gc,phases   ] GC(13) Concurrent Select Relocation Set 3.495ms
[4.627s][info][gc,phases   ] GC(13) Pause Relocate Start 0.009ms
[4.630s][info][gc,phases   ] GC(13) Concurrent Relocate 3.123ms
[4.630s][info][gc,load     ] GC(13) Load: 0.00/0.00/0.00
[4.630s][info][gc,mmu      ] GC(13) MMU: 2ms/99.0%, 5ms/99.5%, 10ms/99.7%, 20ms/99.9%, 50ms/99.9%, 100ms/99.9%
[4.630s][info][gc,marking  ] GC(13) Mark: 4 stripe(s), 4 proactive flush(es), 1 terminate flush(es), 0 completion(s), 0 continuation(s) 
[4.630s][info][gc,marking  ] GC(13) Mark Stack Usage: 32M
[4.630s][info][gc,nmethod  ] GC(13) NMethods: 1313 registered, 9 unregistered
[4.630s][info][gc,metaspace] GC(13) Metaspace: 11M used, 11M committed, 1088M reserved
[4.630s][info][gc,ref      ] GC(13) Soft: 186 encountered, 0 discovered, 0 enqueued
[4.630s][info][gc,ref      ] GC(13) Weak: 582 encountered, 266 discovered, 0 enqueued
[4.630s][info][gc,ref      ] GC(13) Final: 0 encountered, 0 discovered, 0 enqueued
[4.630s][info][gc,ref      ] GC(13) Phantom: 24 encountered, 21 discovered, 0 enqueued
[4.630s][info][gc,reloc    ] GC(13) Small Pages: 82 / 164M, Empty: 114M, Relocated: 4M, In-Place: 0
[4.630s][info][gc,reloc    ] GC(13) Medium Pages: 0 / 0M, Empty: 0M, Relocated: 0M, In-Place: 0
[4.630s][info][gc,reloc    ] GC(13) Large Pages: 0 / 0M, Empty: 0M, Relocated: 0M, In-Place: 0
[4.630s][info][gc,reloc    ] GC(13) Forwarding Usage: 1M
[4.630s][info][gc,heap     ] GC(13) Min Capacity: 8M(2%)
[4.630s][info][gc,heap     ] GC(13) Max Capacity: 512M(100%)
[4.630s][info][gc,heap     ] GC(13) Soft Max Capacity: 512M(100%)
[4.630s][info][gc,heap     ] GC(13)                Mark Start          Mark End        Relocate Start      Relocate End           High               Low         
[4.630s][info][gc,heap     ] GC(13)  Capacity:      512M (100%)        512M (100%)        512M (100%)        512M (100%)        512M (100%)        512M (100%)   
[4.630s][info][gc,heap     ] GC(13)      Free:      348M (68%)         348M (68%)         462M (90%)         466M (91%)         466M (91%)         348M (68%)    
[4.630s][info][gc,heap     ] GC(13)      Used:      164M (32%)         164M (32%)          50M (10%)          46M (9%)          164M (32%)          46M (9%)     
[4.631s][info][gc,heap     ] GC(13)      Live:         -                32M (6%)           32M (6%)           32M (6%)             -                  -          
[4.631s][info][gc,heap     ] GC(13) Allocated:         -                 0M (0%)            0M (0%)            0M (0%)             -                  -          
[4.631s][info][gc,heap     ] GC(13)   Garbage:         -               131M (26%)          17M (3%)           13M (3%)             -                  -          
[4.631s][info][gc,heap     ] GC(13) Reclaimed:         -                  -               114M (22%)         118M (23%)            -                  -          
[4.631s][info][gc          ] GC(13) Garbage Collection (System.gc()) 164M(32%)->46M(9%)
[4.890s][info][gc,start    ] GC(14) Garbage Collection (System.gc())
[4.890s][info][gc,task     ] GC(14) Using 5 workers
[4.890s][info][gc,phases   ] GC(14) Pause Mark Start 0.014ms
[4.918s][info][gc,phases   ] GC(14) Concurrent Mark 27.987ms
[4.918s][info][gc,phases   ] GC(14) Pause Mark End 0.013ms
[4.918s][info][gc,phases   ] GC(14) Concurrent Mark Free 0.001ms
[4.919s][info][gc,phases   ] GC(14) Concurrent Process Non-Strong References 0.832ms
[4.919s][info][gc,phases   ] GC(14) Concurrent Reset Relocation Set 0.001ms
[4.923s][info][gc,phases   ] GC(14) Concurrent Select Relocation Set 3.542ms
[4.923s][info][gc,phases   ] GC(14) Pause Relocate Start 0.004ms
[4.925s][info][gc,phases   ] GC(14) Concurrent Relocate 2.599ms
[4.925s][info][gc,load     ] GC(14) Load: 0.00/0.00/0.00
[4.925s][info][gc,mmu      ] GC(14) MMU: 2ms/99.0%, 5ms/99.5%, 10ms/99.7%, 20ms/99.9%, 50ms/99.9%, 100ms/99.9%
[4.925s][info][gc,marking  ] GC(14) Mark: 4 stripe(s), 10 proactive flush(es), 1 terminate flush(es), 0 completion(s), 0 continuation(s) 
[4.926s][info][gc,marking  ] GC(14) Mark Stack Usage: 32M
[4.926s][info][gc,nmethod  ] GC(14) NMethods: 1317 registered, 11 unregistered
[4.926s][info][gc,metaspace] GC(14) Metaspace: 11M used, 11M committed, 1088M reserved
[4.926s][info][gc,ref      ] GC(14) Soft: 186 encountered, 0 discovered, 0 enqueued
[4.926s][info][gc,ref      ] GC(14) Weak: 582 encountered, 233 discovered, 0 enqueued
[4.926s][info][gc,ref      ] GC(14) Final: 0 encountered, 0 discovered, 0 enqueued
[4.926s][info][gc,ref      ] GC(14) Phantom: 24 encountered, 21 discovered, 0 enqueued
[4.926s][info][gc,reloc    ] GC(14) Small Pages: 82 / 164M, Empty: 114M, Relocated: 4M, In-Place: 0
[4.926s][info][gc,reloc    ] GC(14) Medium Pages: 0 / 0M, Empty: 0M, Relocated: 0M, In-Place: 0
[4.926s][info][gc,reloc    ] GC(14) Large Pages: 0 / 0M, Empty: 0M, Relocated: 0M, In-Place: 0
[4.926s][info][gc,reloc    ] GC(14) Forwarding Usage: 1M
[4.926s][info][gc,heap     ] GC(14) Min Capacity: 8M(2%)
[4.926s][info][gc,heap     ] GC(14) Max Capacity: 512M(100%)
[4.926s][info][gc,heap     ] GC(14) Soft Max Capacity: 512M(100%)
[4.926s][info][gc,heap     ] GC(14)                Mark Start          Mark End        Relocate Start      Relocate End           High               Low         
[4.926s][info][gc,heap     ] GC(14)  Capacity:      512M (100%)        512M (100%)        512M (100%)        512M (100%)        512M (100%)        512M (100%)   
[4.926s][info][gc,heap     ] GC(14)      Free:      348M (68%)         348M (68%)         462M (90%)         466M (91%)         466M (91%)         348M (68%)    
[4.926s][info][gc,heap     ] GC(14)      Used:      164M (32%)         164M (32%)          50M (10%)          46M (9%)          164M (32%)          46M (9%)     
[4.926s][info][gc,heap     ] GC(14)      Live:         -                32M (6%)           32M (6%)           32M (6%)             -                  -          
[4.926s][info][gc,heap     ] GC(14) Allocated:         -                 0M (0%)            0M (0%)            0M (0%)             -                  -          
[4.926s][info][gc,heap     ] GC(14)   Garbage:         -               131M (26%)          17M (3%)           13M (3%)             -                  -          
[4.926s][info][gc,heap     ] GC(14) Reclaimed:         -                  -               114M (22%)         118M (23%)            -                  -          
[4.926s][info][gc          ] GC(14) Garbage Collection (System.gc()) 164M(32%)->46M(9%)
[5.200s][info][gc,start    ] GC(15) Garbage Collection (System.gc())
[5.201s][info][gc,task     ] GC(15) Using 5 workers
[5.201s][info][gc,phases   ] GC(15) Pause Mark Start 0.015ms
[5.231s][info][gc,phases   ] GC(15) Concurrent Mark 29.752ms
[5.231s][info][gc,phases   ] GC(15) Pause Mark End 0.013ms
[5.231s][info][gc,phases   ] GC(15) Concurrent Mark Free 0.001ms
[5.232s][info][gc,phases   ] GC(15) Concurrent Process Non-Strong References 0.911ms
[5.232s][info][gc,phases   ] GC(15) Concurrent Reset Relocation Set 0.001ms
[5.235s][info][gc,phases   ] GC(15) Concurrent Select Relocation Set 3.572ms
[5.235s][info][gc,phases   ] GC(15) Pause Relocate Start 0.006ms
[5.238s][info][gc,phases   ] GC(15) Concurrent Relocate 2.159ms
[5.238s][info][gc,load     ] GC(15) Load: 0.00/0.00/0.00
[5.238s][info][gc,mmu      ] GC(15) MMU: 2ms/99.0%, 5ms/99.5%, 10ms/99.7%, 20ms/99.9%, 50ms/99.9%, 100ms/99.9%
[5.238s][info][gc,marking  ] GC(15) Mark: 4 stripe(s), 7 proactive flush(es), 1 terminate flush(es), 0 completion(s), 0 continuation(s) 
[5.238s][info][gc,marking  ] GC(15) Mark Stack Usage: 32M
[5.238s][info][gc,nmethod  ] GC(15) NMethods: 1319 registered, 12 unregistered
[5.238s][info][gc,metaspace] GC(15) Metaspace: 11M used, 11M committed, 1088M reserved
[5.238s][info][gc,ref      ] GC(15) Soft: 186 encountered, 0 discovered, 0 enqueued
[5.238s][info][gc,ref      ] GC(15) Weak: 582 encountered, 294 discovered, 0 enqueued
[5.238s][info][gc,ref      ] GC(15) Final: 0 encountered, 0 discovered, 0 enqueued
[5.238s][info][gc,ref      ] GC(15) Phantom: 24 encountered, 14 discovered, 0 enqueued
[5.238s][info][gc,reloc    ] GC(15) Small Pages: 82 / 164M, Empty: 116M, Relocated: 4M, In-Place: 0
[5.238s][info][gc,reloc    ] GC(15) Medium Pages: 0 / 0M, Empty: 0M, Relocated: 0M, In-Place: 0
[5.238s][info][gc,reloc    ] GC(15) Large Pages: 0 / 0M, Empty: 0M, Relocated: 0M, In-Place: 0
[5.238s][info][gc,reloc    ] GC(15) Forwarding Usage: 1M
[5.238s][info][gc,heap     ] GC(15) Min Capacity: 8M(2%)
[5.238s][info][gc,heap     ] GC(15) Max Capacity: 512M(100%)
[5.238s][info][gc,heap     ] GC(15) Soft Max Capacity: 512M(100%)
[5.238s][info][gc,heap     ] GC(15)                Mark Start          Mark End        Relocate Start      Relocate End           High               Low         
[5.238s][info][gc,heap     ] GC(15)  Capacity:      512M (100%)        512M (100%)        512M (100%)        512M (100%)        512M (100%)        512M (100%)   
[5.238s][info][gc,heap     ] GC(15)      Free:      348M (68%)         348M (68%)         464M (91%)         466M (91%)         466M (91%)         348M (68%)    
[5.238s][info][gc,heap     ] GC(15)      Used:      164M (32%)         164M (32%)          48M (9%)           46M (9%)          164M (32%)          46M (9%)     
[5.238s][info][gc,heap     ] GC(15)      Live:         -                32M (6%)           32M (6%)           32M (6%)             -                  -          
[5.238s][info][gc,heap     ] GC(15) Allocated:         -                 0M (0%)            0M (0%)            0M (0%)             -                  -          
[5.238s][info][gc,heap     ] GC(15)   Garbage:         -               131M (26%)          15M (3%)           13M (3%)             -                  -          
[5.238s][info][gc,heap     ] GC(15) Reclaimed:         -                  -               116M (23%)         118M (23%)            -                  -          
[5.238s][info][gc          ] GC(15) Garbage Collection (System.gc()) 164M(32%)->46M(9%)
[5.528s][info][gc,start    ] GC(16) Garbage Collection (System.gc())
[5.528s][info][gc,task     ] GC(16) Using 5 workers
[5.528s][info][gc,phases   ] GC(16) Pause Mark Start 0.015ms
[5.562s][info][gc,phases   ] GC(16) Concurrent Mark 33.387ms
[5.562s][info][gc,phases   ] GC(16) Pause Mark End 0.012ms
[5.562s][info][gc,phases   ] GC(16) Concurrent Mark Free 0.001ms
[5.563s][info][gc,phases   ] GC(16) Concurrent Process Non-Strong References 0.997ms
[5.563s][info][gc,phases   ] GC(16) Concurrent Reset Relocation Set 0.001ms
[5.567s][info][gc,phases   ] GC(16) Concurrent Select Relocation Set 3.556ms
[5.567s][info][gc,phases   ] GC(16) Pause Relocate Start 0.004ms
[5.569s][info][gc,phases   ] GC(16) Concurrent Relocate 2.220ms
[5.569s][info][gc,load     ] GC(16) Load: 0.00/0.00/0.00
[5.569s][info][gc,mmu      ] GC(16) MMU: 2ms/99.0%, 5ms/99.5%, 10ms/99.7%, 20ms/99.9%, 50ms/99.9%, 100ms/99.9%
[5.569s][info][gc,marking  ] GC(16) Mark: 4 stripe(s), 7 proactive flush(es), 1 terminate flush(es), 0 completion(s), 0 continuation(s) 
[5.569s][info][gc,marking  ] GC(16) Mark Stack Usage: 32M
[5.569s][info][gc,nmethod  ] GC(16) NMethods: 1325 registered, 12 unregistered
[5.569s][info][gc,metaspace] GC(16) Metaspace: 11M used, 11M committed, 1088M reserved
[5.569s][info][gc,ref      ] GC(16) Soft: 186 encountered, 0 discovered, 0 enqueued
[5.569s][info][gc,ref      ] GC(16) Weak: 582 encountered, 256 discovered, 0 enqueued
[5.569s][info][gc,ref      ] GC(16) Final: 0 encountered, 0 discovered, 0 enqueued
[5.569s][info][gc,ref      ] GC(16) Phantom: 24 encountered, 13 discovered, 0 enqueued
[5.570s][info][gc,reloc    ] GC(16) Small Pages: 82 / 164M, Empty: 116M, Relocated: 4M, In-Place: 0
[5.570s][info][gc,reloc    ] GC(16) Medium Pages: 0 / 0M, Empty: 0M, Relocated: 0M, In-Place: 0
[5.570s][info][gc,reloc    ] GC(16) Large Pages: 0 / 0M, Empty: 0M, Relocated: 0M, In-Place: 0
[5.570s][info][gc,reloc    ] GC(16) Forwarding Usage: 1M
[5.570s][info][gc,heap     ] GC(16) Min Capacity: 8M(2%)
[5.570s][info][gc,heap     ] GC(16) Max Capacity: 512M(100%)
[5.570s][info][gc,heap     ] GC(16) Soft Max Capacity: 512M(100%)
[5.570s][info][gc,heap     ] GC(16)                Mark Start          Mark End        Relocate Start      Relocate End           High               Low         
[5.570s][info][gc,heap     ] GC(16)  Capacity:      512M (100%)        512M (100%)        512M (100%)        512M (100%)        512M (100%)        512M (100%)   
[5.570s][info][gc,heap     ] GC(16)      Free:      348M (68%)         348M (68%)         464M (91%)         466M (91%)         466M (91%)         348M (68%)    
[5.570s][info][gc,heap     ] GC(16)      Used:      164M (32%)         164M (32%)          48M (9%)           46M (9%)          164M (32%)          46M (9%)     
[5.570s][info][gc,heap     ] GC(16)      Live:         -                32M (6%)           32M (6%)           32M (6%)             -                  -          
[5.570s][info][gc,heap     ] GC(16) Allocated:         -                 0M (0%)            0M (0%)            0M (0%)             -                  -          
[5.570s][info][gc,heap     ] GC(16)   Garbage:         -               131M (26%)          15M (3%)           13M (3%)             -                  -          
[5.570s][info][gc,heap     ] GC(16) Reclaimed:         -                  -               116M (23%)         118M (23%)            -                  -          
[5.570s][info][gc          ] GC(16) Garbage Collection (System.gc()) 164M(32%)->46M(9%)
[5.834s][info][gc,start    ] GC(17) Garbage Collection (System.gc())
[5.834s][info][gc,task     ] GC(17) Using 5 workers
[5.834s][info][gc,phases   ] GC(17) Pause Mark Start 0.017ms
[5.877s][info][gc,phases   ] GC(17) Concurrent Mark 42.215ms
[5.877s][info][gc,phases   ] GC(17) Pause Mark End 0.021ms
[5.877s][info][gc,phases   ] GC(17) Concurrent Mark Free 0.001ms
[5.878s][info][gc,phases   ] GC(17) Concurrent Process Non-Strong References 1.037ms
[5.878s][info][gc,phases   ] GC(17) Concurrent Reset Relocation Set 0.001ms
[5.881s][info][gc,phases   ] GC(17) Concurrent Select Relocation Set 3.602ms
[5.882s][info][gc,phases   ] GC(17) Pause Relocate Start 0.008ms
[5.884s][info][gc,phases   ] GC(17) Concurrent Relocate 2.144ms
[5.884s][info][gc,load     ] GC(17) Load: 0.00/0.00/0.00
[5.884s][info][gc,mmu      ] GC(17) MMU: 2ms/99.0%, 5ms/99.4%, 10ms/99.7%, 20ms/99.9%, 50ms/99.9%, 100ms/99.9%
[5.884s][info][gc,marking  ] GC(17) Mark: 4 stripe(s), 10 proactive flush(es), 1 terminate flush(es), 0 completion(s), 0 continuation(s) 
[5.884s][info][gc,marking  ] GC(17) Mark Stack Usage: 32M
[5.884s][info][gc,nmethod  ] GC(17) NMethods: 1331 registered, 12 unregistered
[5.884s][info][gc,metaspace] GC(17) Metaspace: 11M used, 11M committed, 1088M reserved
[5.884s][info][gc,ref      ] GC(17) Soft: 186 encountered, 0 discovered, 0 enqueued
[5.884s][info][gc,ref      ] GC(17) Weak: 582 encountered, 359 discovered, 0 enqueued
[5.884s][info][gc,ref      ] GC(17) Final: 0 encountered, 0 discovered, 0 enqueued
[5.884s][info][gc,ref      ] GC(17) Phantom: 24 encountered, 13 discovered, 0 enqueued
[5.884s][info][gc,reloc    ] GC(17) Small Pages: 82 / 164M, Empty: 116M, Relocated: 4M, In-Place: 0
[5.884s][info][gc,reloc    ] GC(17) Medium Pages: 0 / 0M, Empty: 0M, Relocated: 0M, In-Place: 0
[5.884s][info][gc,reloc    ] GC(17) Large Pages: 0 / 0M, Empty: 0M, Relocated: 0M, In-Place: 0
[5.884s][info][gc,reloc    ] GC(17) Forwarding Usage: 1M
[5.884s][info][gc,heap     ] GC(17) Min Capacity: 8M(2%)
[5.884s][info][gc,heap     ] GC(17) Max Capacity: 512M(100%)
[5.884s][info][gc,heap     ] GC(17) Soft Max Capacity: 512M(100%)
[5.884s][info][gc,heap     ] GC(17)                Mark Start          Mark End        Relocate Start      Relocate End           High               Low         
[5.884s][info][gc,heap     ] GC(17)  Capacity:      512M (100%)        512M (100%)        512M (100%)        512M (100%)        512M (100%)        512M (100%)   
[5.884s][info][gc,heap     ] GC(17)      Free:      348M (68%)         348M (68%)         464M (91%)         466M (91%)         466M (91%)         348M (68%)    
[5.885s][info][gc,heap     ] GC(17)      Used:      164M (32%)         164M (32%)          48M (9%)           46M (9%)          164M (32%)          46M (9%)     
[5.885s][info][gc,heap     ] GC(17)      Live:         -                32M (6%)           32M (6%)           32M (6%)             -                  -          
[5.885s][info][gc,heap     ] GC(17) Allocated:         -                 0M (0%)            0M (0%)            0M (0%)             -                  -          
[5.885s][info][gc,heap     ] GC(17)   Garbage:         -               131M (26%)          15M (3%)           13M (3%)             -                  -          
[5.885s][info][gc,heap     ] GC(17) Reclaimed:         -                  -               116M (23%)         118M (23%)            -                  -          
[5.885s][info][gc          ] GC(17) Garbage Collection (System.gc()) 164M(32%)->46M(9%)
[6.146s][info][gc,start    ] GC(18) Garbage Collection (System.gc())
[6.146s][info][gc,task     ] GC(18) Using 5 workers
[6.146s][info][gc,phases   ] GC(18) Pause Mark Start 0.016ms
[6.176s][info][gc,phases   ] GC(18) Concurrent Mark 29.297ms
[6.176s][info][gc,phases   ] GC(18) Pause Mark End 0.017ms
[6.176s][info][gc,phases   ] GC(18) Concurrent Mark Free 0.001ms
[6.177s][info][gc,phases   ] GC(18) Concurrent Process Non-Strong References 1.043ms
[6.177s][info][gc,phases   ] GC(18) Concurrent Reset Relocation Set 0.001ms
[6.180s][info][gc,phases   ] GC(18) Concurrent Select Relocation Set 3.540ms
[6.181s][info][gc,phases   ] GC(18) Pause Relocate Start 0.006ms
[6.183s][info][gc,phases   ] GC(18) Concurrent Relocate 2.167ms
[6.183s][info][gc,load     ] GC(18) Load: 0.00/0.00/0.00
[6.183s][info][gc,mmu      ] GC(18) MMU: 2ms/99.0%, 5ms/99.4%, 10ms/99.7%, 20ms/99.9%, 50ms/99.9%, 100ms/99.9%
[6.183s][info][gc,marking  ] GC(18) Mark: 4 stripe(s), 8 proactive flush(es), 1 terminate flush(es), 0 completion(s), 0 continuation(s) 
[6.183s][info][gc,marking  ] GC(18) Mark Stack Usage: 32M
[6.183s][info][gc,nmethod  ] GC(18) NMethods: 1354 registered, 12 unregistered
[6.183s][info][gc,metaspace] GC(18) Metaspace: 11M used, 11M committed, 1088M reserved
[6.183s][info][gc,ref      ] GC(18) Soft: 186 encountered, 0 discovered, 0 enqueued
[6.183s][info][gc,ref      ] GC(18) Weak: 582 encountered, 275 discovered, 0 enqueued
[6.183s][info][gc,ref      ] GC(18) Final: 0 encountered, 0 discovered, 0 enqueued
[6.183s][info][gc,ref      ] GC(18) Phantom: 24 encountered, 23 discovered, 0 enqueued
[6.183s][info][gc,reloc    ] GC(18) Small Pages: 82 / 164M, Empty: 116M, Relocated: 4M, In-Place: 0
[6.183s][info][gc,reloc    ] GC(18) Medium Pages: 0 / 0M, Empty: 0M, Relocated: 0M, In-Place: 0
[6.183s][info][gc,reloc    ] GC(18) Large Pages: 0 / 0M, Empty: 0M, Relocated: 0M, In-Place: 0
[6.183s][info][gc,reloc    ] GC(18) Forwarding Usage: 1M
[6.183s][info][gc,heap     ] GC(18) Min Capacity: 8M(2%)
[6.183s][info][gc,heap     ] GC(18) Max Capacity: 512M(100%)
[6.183s][info][gc,heap     ] GC(18) Soft Max Capacity: 512M(100%)
[6.183s][info][gc,heap     ] GC(18)                Mark Start          Mark End        Relocate Start      Relocate End           High               Low         
[6.183s][info][gc,heap     ] GC(18)  Capacity:      512M (100%)        512M (100%)        512M (100%)        512M (100%)        512M (100%)        512M (100%)   
[6.184s][info][gc,heap     ] GC(18)      Free:      348M (68%)         348M (68%)         464M (91%)         466M (91%)         466M (91%)         348M (68%)    
[6.184s][info][gc,heap     ] GC(18)      Used:      164M (32%)         164M (32%)          48M (9%)           46M (9%)          164M (32%)          46M (9%)     
[6.184s][info][gc,heap     ] GC(18)      Live:         -                32M (6%)           32M (6%)           32M (6%)             -                  -          
[6.184s][info][gc,heap     ] GC(18) Allocated:         -                 0M (0%)            0M (0%)            0M (0%)             -                  -          
[6.184s][info][gc,heap     ] GC(18)   Garbage:         -               131M (26%)          15M (3%)           13M (3%)             -                  -          
[6.184s][info][gc,heap     ] GC(18) Reclaimed:         -                  -               116M (23%)         118M (23%)            -                  -          
[6.184s][info][gc          ] GC(18) Garbage Collection (System.gc()) 164M(32%)->46M(9%)
[6.447s][info][gc,start    ] GC(19) Garbage Collection (System.gc())
[6.447s][info][gc,task     ] GC(19) Using 5 workers
[6.448s][info][gc,phases   ] GC(19) Pause Mark Start 0.014ms
[6.470s][info][gc,phases   ] GC(19) Concurrent Mark 22.377ms
[6.470s][info][gc,phases   ] GC(19) Pause Mark End 0.015ms
[6.470s][info][gc,phases   ] GC(19) Concurrent Mark Free 0.001ms
[6.471s][info][gc,phases   ] GC(19) Concurrent Process Non-Strong References 0.918ms
[6.471s][info][gc,phases   ] GC(19) Concurrent Reset Relocation Set 0.001ms
[6.475s][info][gc,phases   ] GC(19) Concurrent Select Relocation Set 3.554ms
[6.475s][info][gc,phases   ] GC(19) Pause Relocate Start 0.006ms
[6.477s][info][gc,phases   ] GC(19) Concurrent Relocate 1.819ms
[6.477s][info][gc,load     ] GC(19) Load: 0.00/0.00/0.00
[6.477s][info][gc,mmu      ] GC(19) MMU: 2ms/99.0%, 5ms/99.4%, 10ms/99.7%, 20ms/99.9%, 50ms/99.9%, 100ms/99.9%
[6.477s][info][gc,marking  ] GC(19) Mark: 4 stripe(s), 1 proactive flush(es), 1 terminate flush(es), 0 completion(s), 0 continuation(s) 
[6.477s][info][gc,marking  ] GC(19) Mark Stack Usage: 32M
[6.477s][info][gc,nmethod  ] GC(19) NMethods: 1354 registered, 12 unregistered
[6.477s][info][gc,metaspace] GC(19) Metaspace: 11M used, 11M committed, 1088M reserved
[6.477s][info][gc,ref      ] GC(19) Soft: 186 encountered, 0 discovered, 0 enqueued
[6.477s][info][gc,ref      ] GC(19) Weak: 582 encountered, 254 discovered, 0 enqueued
[6.477s][info][gc,ref      ] GC(19) Final: 0 encountered, 0 discovered, 0 enqueued
[6.477s][info][gc,ref      ] GC(19) Phantom: 24 encountered, 21 discovered, 0 enqueued
[6.477s][info][gc,reloc    ] GC(19) Small Pages: 82 / 164M, Empty: 116M, Relocated: 4M, In-Place: 0
[6.477s][info][gc,reloc    ] GC(19) Medium Pages: 0 / 0M, Empty: 0M, Relocated: 0M, In-Place: 0
[6.477s][info][gc,reloc    ] GC(19) Large Pages: 0 / 0M, Empty: 0M, Relocated: 0M, In-Place: 0
[6.477s][info][gc,reloc    ] GC(19) Forwarding Usage: 1M
[6.477s][info][gc,heap     ] GC(19) Min Capacity: 8M(2%)
[6.477s][info][gc,heap     ] GC(19) Max Capacity: 512M(100%)
[6.477s][info][gc,heap     ] GC(19) Soft Max Capacity: 512M(100%)
[6.477s][info][gc,heap     ] GC(19)                Mark Start          Mark End        Relocate Start      Relocate End           High               Low         
[6.477s][info][gc,heap     ] GC(19)  Capacity:      512M (100%)        512M (100%)        512M (100%)        512M (100%)        512M (100%)        512M (100%)   
[6.477s][info][gc,heap     ] GC(19)      Free:      348M (68%)         348M (68%)         464M (91%)         466M (91%)         466M (91%)         348M (68%)    
[6.477s][info][gc,heap     ] GC(19)      Used:      164M (32%)         164M (32%)          48M (9%)           46M (9%)          164M (32%)          46M (9%)     
[6.477s][info][gc,heap     ] GC(19)      Live:         -                32M (6%)           32M (6%)           32M (6%)             -                  -          
[6.478s][info][gc,heap     ] GC(19) Allocated:         -                 0M (0%)            0M (0%)            0M (0%)             -                  -          
[6.478s][info][gc,heap     ] GC(19)   Garbage:         -               131M (26%)          15M (3%)           13M (3%)             -                  -          
[6.478s][info][gc,heap     ] GC(19) Reclaimed:         -                  -               116M (23%)         118M (23%)            -                  -          
[6.478s][info][gc          ] GC(19) Garbage Collection (System.gc()) 164M(32%)->46M(9%)
[6.735s][info][gc,start    ] GC(20) Garbage Collection (System.gc())
[6.735s][info][gc,task     ] GC(20) Using 5 workers
[6.735s][info][gc,phases   ] GC(20) Pause Mark Start 0.015ms
[6.781s][info][gc,phases   ] GC(20) Concurrent Mark 45.313ms
[6.781s][info][gc,phases   ] GC(20) Pause Mark End 0.015ms
[6.781s][info][gc,phases   ] GC(20) Concurrent Mark Free 0.001ms
[6.782s][info][gc,phases   ] GC(20) Concurrent Process Non-Strong References 1.125ms
[6.782s][info][gc,phases   ] GC(20) Concurrent Reset Relocation Set 0.001ms
[6.786s][info][gc,phases   ] GC(20) Concurrent Select Relocation Set 3.584ms
[6.786s][info][gc,phases   ] GC(20) Pause Relocate Start 0.006ms
[6.789s][info][gc,phases   ] GC(20) Concurrent Relocate 3.225ms
[6.789s][info][gc,load     ] GC(20) Load: 0.00/0.00/0.00
[6.789s][info][gc,mmu      ] GC(20) MMU: 2ms/99.0%, 5ms/99.4%, 10ms/99.7%, 20ms/99.9%, 50ms/99.9%, 100ms/99.9%
[6.789s][info][gc,marking  ] GC(20) Mark: 4 stripe(s), 10 proactive flush(es), 1 terminate flush(es), 0 completion(s), 0 continuation(s) 
[6.789s][info][gc,marking  ] GC(20) Mark Stack Usage: 32M
[6.789s][info][gc,nmethod  ] GC(20) NMethods: 1356 registered, 12 unregistered
[6.789s][info][gc,metaspace] GC(20) Metaspace: 11M used, 11M committed, 1088M reserved
[6.789s][info][gc,ref      ] GC(20) Soft: 186 encountered, 0 discovered, 0 enqueued
[6.789s][info][gc,ref      ] GC(20) Weak: 582 encountered, 254 discovered, 0 enqueued
[6.789s][info][gc,ref      ] GC(20) Final: 0 encountered, 0 discovered, 0 enqueued
[6.789s][info][gc,ref      ] GC(20) Phantom: 24 encountered, 21 discovered, 0 enqueued
[6.789s][info][gc,reloc    ] GC(20) Small Pages: 82 / 164M, Empty: 116M, Relocated: 4M, In-Place: 0
[6.789s][info][gc,reloc    ] GC(20) Medium Pages: 0 / 0M, Empty: 0M, Relocated: 0M, In-Place: 0
[6.789s][info][gc,reloc    ] GC(20) Large Pages: 0 / 0M, Empty: 0M, Relocated: 0M, In-Place: 0
[6.789s][info][gc,reloc    ] GC(20) Forwarding Usage: 1M
[6.789s][info][gc,heap     ] GC(20) Min Capacity: 8M(2%)
[6.789s][info][gc,heap     ] GC(20) Max Capacity: 512M(100%)
[6.789s][info][gc,heap     ] GC(20) Soft Max Capacity: 512M(100%)
[6.789s][info][gc,heap     ] GC(20)                Mark Start          Mark End        Relocate Start      Relocate End           High               Low         
[6.790s][info][gc,heap     ] GC(20)  Capacity:      512M (100%)        512M (100%)        512M (100%)        512M (100%)        512M (100%)        512M (100%)   
[6.790s][info][gc,heap     ] GC(20)      Free:      348M (68%)         348M (68%)         464M (91%)         466M (91%)         466M (91%)         348M (68%)    
[6.790s][info][gc,heap     ] GC(20)      Used:      164M (32%)         164M (32%)          48M (9%)           46M (9%)          164M (32%)          46M (9%)     
[6.790s][info][gc,heap     ] GC(20)      Live:         -                32M (6%)           32M (6%)           32M (6%)             -                  -          
[6.790s][info][gc,heap     ] GC(20) Allocated:         -                 0M (0%)            0M (0%)            0M (0%)             -                  -          
[6.790s][info][gc,heap     ] GC(20)   Garbage:         -               131M (26%)          15M (3%)           13M (3%)             -                  -          
[6.790s][info][gc,heap     ] GC(20) Reclaimed:         -                  -               116M (23%)         118M (23%)            -                  -          
[6.790s][info][gc          ] GC(20) Garbage Collection (System.gc()) 164M(32%)->46M(9%)
[7.066s][info][gc,start    ] GC(21) Garbage Collection (System.gc())
[7.066s][info][gc,task     ] GC(21) Using 5 workers
[7.066s][info][gc,phases   ] GC(21) Pause Mark Start 0.015ms
[7.097s][info][gc,phases   ] GC(21) Concurrent Mark 30.794ms
[7.097s][info][gc,phases   ] GC(21) Pause Mark End 0.015ms
[7.097s][info][gc,phases   ] GC(21) Concurrent Mark Free 0.001ms
[7.098s][info][gc,phases   ] GC(21) Concurrent Process Non-Strong References 0.980ms
[7.098s][info][gc,phases   ] GC(21) Concurrent Reset Relocation Set 0.001ms
[7.102s][info][gc,phases   ] GC(21) Concurrent Select Relocation Set 3.543ms
[7.102s][info][gc,phases   ] GC(21) Pause Relocate Start 0.005ms
[7.105s][info][gc,phases   ] GC(21) Concurrent Relocate 3.160ms
[7.105s][info][gc,load     ] GC(21) Load: 0.00/0.00/0.00
[7.105s][info][gc,mmu      ] GC(21) MMU: 2ms/99.0%, 5ms/99.4%, 10ms/99.7%, 20ms/99.9%, 50ms/99.9%, 100ms/99.9%
[7.105s][info][gc,marking  ] GC(21) Mark: 4 stripe(s), 10 proactive flush(es), 1 terminate flush(es), 0 completion(s), 0 continuation(s) 
[7.105s][info][gc,marking  ] GC(21) Mark Stack Usage: 32M
[7.105s][info][gc,nmethod  ] GC(21) NMethods: 1356 registered, 12 unregistered
[7.105s][info][gc,metaspace] GC(21) Metaspace: 11M used, 11M committed, 1088M reserved
[7.105s][info][gc,ref      ] GC(21) Soft: 186 encountered, 0 discovered, 0 enqueued
[7.105s][info][gc,ref      ] GC(21) Weak: 582 encountered, 154 discovered, 0 enqueued
[7.106s][info][gc,ref      ] GC(21) Final: 0 encountered, 0 discovered, 0 enqueued
[7.106s][info][gc,ref      ] GC(21) Phantom: 24 encountered, 21 discovered, 0 enqueued
[7.106s][info][gc,reloc    ] GC(21) Small Pages: 82 / 164M, Empty: 116M, Relocated: 4M, In-Place: 0
[7.106s][info][gc,reloc    ] GC(21) Medium Pages: 0 / 0M, Empty: 0M, Relocated: 0M, In-Place: 0
[7.106s][info][gc,reloc    ] GC(21) Large Pages: 0 / 0M, Empty: 0M, Relocated: 0M, In-Place: 0
[7.106s][info][gc,reloc    ] GC(21) Forwarding Usage: 1M
[7.106s][info][gc,heap     ] GC(21) Min Capacity: 8M(2%)
[7.106s][info][gc,heap     ] GC(21) Max Capacity: 512M(100%)
[7.106s][info][gc,heap     ] GC(21) Soft Max Capacity: 512M(100%)
[7.106s][info][gc,heap     ] GC(21)                Mark Start          Mark End        Relocate Start      Relocate End           High               Low         
[7.106s][info][gc,heap     ] GC(21)  Capacity:      512M (100%)        512M (100%)        512M (100%)        512M (100%)        512M (100%)        512M (100%)   
[7.106s][info][gc,heap     ] GC(21)      Free:      348M (68%)         348M (68%)         464M (91%)         466M (91%)         466M (91%)         348M (68%)    
[7.106s][info][gc,heap     ] GC(21)      Used:      164M (32%)         164M (32%)          48M (9%)           46M (9%)          164M (32%)          46M (9%)     
[7.106s][info][gc,heap     ] GC(21)      Live:         -                32M (6%)           32M (6%)           32M (6%)             -                  -          
[7.106s][info][gc,heap     ] GC(21) Allocated:         -                 0M (0%)            0M (0%)            0M (0%)             -                  -          
[7.106s][info][gc,heap     ] GC(21)   Garbage:         -               131M (26%)          15M (3%)           13M (3%)             -                  -          
[7.106s][info][gc,heap     ] GC(21) Reclaimed:         -                  -               116M (23%)         118M (23%)            -                  -          
[7.106s][info][gc          ] GC(21) Garbage Collection (System.gc()) 164M(32%)->46M(9%)
[7.368s][info][gc,start    ] GC(22) Garbage Collection (System.gc())
[7.368s][info][gc,task     ] GC(22) Using 5 workers
[7.368s][info][gc,phases   ] GC(22) Pause Mark Start 0.015ms
[7.396s][info][gc,phases   ] GC(22) Concurrent Mark 27.189ms
[7.396s][info][gc,phases   ] GC(22) Pause Mark End 0.013ms
[7.396s][info][gc,phases   ] GC(22) Concurrent Mark Free 0.001ms
[7.397s][info][gc,phases   ] GC(22) Concurrent Process Non-Strong References 0.894ms
[7.397s][info][gc,phases   ] GC(22) Concurrent Reset Relocation Set 0.001ms
[7.400s][info][gc,phases   ] GC(22) Concurrent Select Relocation Set 3.555ms
[7.400s][info][gc,phases   ] GC(22) Pause Relocate Start 0.005ms
[7.403s][info][gc,phases   ] GC(22) Concurrent Relocate 2.078ms
[7.403s][info][gc,load     ] GC(22) Load: 0.00/0.00/0.00
[7.403s][info][gc,mmu      ] GC(22) MMU: 2ms/99.0%, 5ms/99.4%, 10ms/99.7%, 20ms/99.9%, 50ms/99.9%, 100ms/99.9%
[7.403s][info][gc,marking  ] GC(22) Mark: 4 stripe(s), 2 proactive flush(es), 1 terminate flush(es), 0 completion(s), 0 continuation(s) 
[7.403s][info][gc,marking  ] GC(22) Mark Stack Usage: 32M
[7.403s][info][gc,nmethod  ] GC(22) NMethods: 1357 registered, 12 unregistered
[7.403s][info][gc,metaspace] GC(22) Metaspace: 11M used, 11M committed, 1088M reserved
[7.403s][info][gc,ref      ] GC(22) Soft: 186 encountered, 0 discovered, 0 enqueued
[7.403s][info][gc,ref      ] GC(22) Weak: 582 encountered, 5 discovered, 0 enqueued
[7.403s][info][gc,ref      ] GC(22) Final: 0 encountered, 0 discovered, 0 enqueued
[7.403s][info][gc,ref      ] GC(22) Phantom: 24 encountered, 19 discovered, 0 enqueued
[7.403s][info][gc,reloc    ] GC(22) Small Pages: 82 / 164M, Empty: 116M, Relocated: 4M, In-Place: 0
[7.403s][info][gc,reloc    ] GC(22) Medium Pages: 0 / 0M, Empty: 0M, Relocated: 0M, In-Place: 0
[7.403s][info][gc,reloc    ] GC(22) Large Pages: 0 / 0M, Empty: 0M, Relocated: 0M, In-Place: 0
[7.403s][info][gc,reloc    ] GC(22) Forwarding Usage: 1M
[7.403s][info][gc,heap     ] GC(22) Min Capacity: 8M(2%)
[7.403s][info][gc,heap     ] GC(22) Max Capacity: 512M(100%)
[7.403s][info][gc,heap     ] GC(22) Soft Max Capacity: 512M(100%)
[7.403s][info][gc,heap     ] GC(22)                Mark Start          Mark End        Relocate Start      Relocate End           High               Low         
[7.403s][info][gc,heap     ] GC(22)  Capacity:      512M (100%)        512M (100%)        512M (100%)        512M (100%)        512M (100%)        512M (100%)   
[7.403s][info][gc,heap     ] GC(22)      Free:      348M (68%)         348M (68%)         464M (91%)         466M (91%)         466M (91%)         348M (68%)    
[7.403s][info][gc,heap     ] GC(22)      Used:      164M (32%)         164M (32%)          48M (9%)           46M (9%)          164M (32%)          46M (9%)     
[7.403s][info][gc,heap     ] GC(22)      Live:         -                32M (6%)           32M (6%)           32M (6%)             -                  -          
[7.403s][info][gc,heap     ] GC(22) Allocated:         -                 0M (0%)            0M (0%)            0M (0%)             -                  -          
[7.403s][info][gc,heap     ] GC(22)   Garbage:         -               131M (26%)          15M (3%)           13M (3%)             -                  -          
[7.403s][info][gc,heap     ] GC(22) Reclaimed:         -                  -               116M (23%)         118M (23%)            -                  -          
[7.403s][info][gc          ] GC(22) Garbage Collection (System.gc()) 164M(32%)->46M(9%)
[7.677s][info][gc,start    ] GC(23) Garbage Collection (System.gc())
[7.677s][info][gc,task     ] GC(23) Using 5 workers
[7.677s][info][gc,phases   ] GC(23) Pause Mark Start 0.016ms
[7.709s][info][gc,phases   ] GC(23) Concurrent Mark 31.760ms
[7.709s][info][gc,phases   ] GC(23) Pause Mark End 0.012ms
[7.709s][info][gc,phases   ] GC(23) Concurrent Mark Free 0.001ms
[7.710s][info][gc,phases   ] GC(23) Concurrent Process Non-Strong References 0.861ms
[7.710s][info][gc,phases   ] GC(23) Concurrent Reset Relocation Set 0.001ms
[7.714s][info][gc,phases   ] GC(23) Concurrent Select Relocation Set 3.556ms
[7.714s][info][gc,phases   ] GC(23) Pause Relocate Start 0.006ms
[7.715s][info][gc,phases   ] GC(23) Concurrent Relocate 1.496ms
[7.715s][info][gc,load     ] GC(23) Load: 0.00/0.00/0.00
[7.715s][info][gc,mmu      ] GC(23) MMU: 2ms/99.0%, 5ms/99.4%, 10ms/99.7%, 20ms/99.9%, 50ms/99.9%, 100ms/99.9%
[7.715s][info][gc,marking  ] GC(23) Mark: 4 stripe(s), 2 proactive flush(es), 1 terminate flush(es), 0 completion(s), 0 continuation(s) 
[7.716s][info][gc,marking  ] GC(23) Mark Stack Usage: 32M
[7.716s][info][gc,nmethod  ] GC(23) NMethods: 1358 registered, 12 unregistered
[7.716s][info][gc,metaspace] GC(23) Metaspace: 11M used, 11M committed, 1088M reserved
[7.716s][info][gc,ref      ] GC(23) Soft: 186 encountered, 0 discovered, 0 enqueued
[7.716s][info][gc,ref      ] GC(23) Weak: 582 encountered, 206 discovered, 0 enqueued
[7.716s][info][gc,ref      ] GC(23) Final: 0 encountered, 0 discovered, 0 enqueued
[7.716s][info][gc,ref      ] GC(23) Phantom: 24 encountered, 13 discovered, 0 enqueued
[7.716s][info][gc,reloc    ] GC(23) Small Pages: 82 / 164M, Empty: 116M, Relocated: 4M, In-Place: 0
[7.716s][info][gc,reloc    ] GC(23) Medium Pages: 0 / 0M, Empty: 0M, Relocated: 0M, In-Place: 0
[7.716s][info][gc,reloc    ] GC(23) Large Pages: 0 / 0M, Empty: 0M, Relocated: 0M, In-Place: 0
[7.716s][info][gc,reloc    ] GC(23) Forwarding Usage: 1M
[7.716s][info][gc,heap     ] GC(23) Min Capacity: 8M(2%)
[7.716s][info][gc,heap     ] GC(23) Max Capacity: 512M(100%)
[7.716s][info][gc,heap     ] GC(23) Soft Max Capacity: 512M(100%)
[7.716s][info][gc,heap     ] GC(23)                Mark Start          Mark End        Relocate Start      Relocate End           High               Low         
[7.716s][info][gc,heap     ] GC(23)  Capacity:      512M (100%)        512M (100%)        512M (100%)        512M (100%)        512M (100%)        512M (100%)   
[7.716s][info][gc,heap     ] GC(23)      Free:      348M (68%)         348M (68%)         464M (91%)         466M (91%)         466M (91%)         348M (68%)    
[7.716s][info][gc,heap     ] GC(23)      Used:      164M (32%)         164M (32%)          48M (9%)           46M (9%)          164M (32%)          46M (9%)     
[7.716s][info][gc,heap     ] GC(23)      Live:         -                32M (6%)           32M (6%)           32M (6%)             -                  -          
[7.716s][info][gc,heap     ] GC(23) Allocated:         -                 0M (0%)            0M (0%)            0M (0%)             -                  -          
[7.716s][info][gc,heap     ] GC(23)   Garbage:         -               131M (26%)          15M (3%)           13M (3%)             -                  -          
[7.716s][info][gc,heap     ] GC(23) Reclaimed:         -                  -               116M (23%)         118M (23%)            -                  -          
[7.716s][info][gc          ] GC(23) Garbage Collection (System.gc()) 164M(32%)->46M(9%)
[7.975s][info][gc,start    ] GC(24) Garbage Collection (System.gc())
[7.975s][info][gc,task     ] GC(24) Using 5 workers
[7.975s][info][gc,phases   ] GC(24) Pause Mark Start 0.016ms
[8.017s][info][gc,phases   ] GC(24) Concurrent Mark 41.405ms
[8.017s][info][gc,phases   ] GC(24) Pause Mark End 0.016ms
[8.017s][info][gc,phases   ] GC(24) Concurrent Mark Free 0.001ms
[8.018s][info][gc,phases   ] GC(24) Concurrent Process Non-Strong References 1.007ms
[8.018s][info][gc,phases   ] GC(24) Concurrent Reset Relocation Set 0.001ms
[8.021s][info][gc,phases   ] GC(24) Concurrent Select Relocation Set 3.555ms
[8.022s][info][gc,phases   ] GC(24) Pause Relocate Start 0.007ms
[8.024s][info][gc,phases   ] GC(24) Concurrent Relocate 2.129ms
[8.024s][info][gc,load     ] GC(24) Load: 0.00/0.00/0.00
[8.024s][info][gc,mmu      ] GC(24) MMU: 2ms/99.0%, 5ms/99.4%, 10ms/99.7%, 20ms/99.9%, 50ms/99.9%, 100ms/99.9%
[8.024s][info][gc,marking  ] GC(24) Mark: 4 stripe(s), 10 proactive flush(es), 1 terminate flush(es), 0 completion(s), 0 continuation(s) 
[8.024s][info][gc,marking  ] GC(24) Mark Stack Usage: 32M
[8.024s][info][gc,nmethod  ] GC(24) NMethods: 1360 registered, 13 unregistered
[8.024s][info][gc,metaspace] GC(24) Metaspace: 11M used, 11M committed, 1088M reserved
[8.024s][info][gc,ref      ] GC(24) Soft: 186 encountered, 0 discovered, 0 enqueued
[8.024s][info][gc,ref      ] GC(24) Weak: 582 encountered, 211 discovered, 0 enqueued
[8.024s][info][gc,ref      ] GC(24) Final: 0 encountered, 0 discovered, 0 enqueued
[8.024s][info][gc,ref      ] GC(24) Phantom: 24 encountered, 14 discovered, 0 enqueued
[8.024s][info][gc,reloc    ] GC(24) Small Pages: 82 / 164M, Empty: 114M, Relocated: 4M, In-Place: 0
[8.024s][info][gc,reloc    ] GC(24) Medium Pages: 0 / 0M, Empty: 0M, Relocated: 0M, In-Place: 0
[8.024s][info][gc,reloc    ] GC(24) Large Pages: 0 / 0M, Empty: 0M, Relocated: 0M, In-Place: 0
[8.024s][info][gc,reloc    ] GC(24) Forwarding Usage: 1M
[8.024s][info][gc,heap     ] GC(24) Min Capacity: 8M(2%)
[8.024s][info][gc,heap     ] GC(24) Max Capacity: 512M(100%)
[8.024s][info][gc,heap     ] GC(24) Soft Max Capacity: 512M(100%)
[8.024s][info][gc,heap     ] GC(24)                Mark Start          Mark End        Relocate Start      Relocate End           High               Low         
[8.024s][info][gc,heap     ] GC(24)  Capacity:      512M (100%)        512M (100%)        512M (100%)        512M (100%)        512M (100%)        512M (100%)   
[8.024s][info][gc,heap     ] GC(24)      Free:      348M (68%)         348M (68%)         462M (90%)         466M (91%)         466M (91%)         348M (68%)    
[8.024s][info][gc,heap     ] GC(24)      Used:      164M (32%)         164M (32%)          50M (10%)          46M (9%)          164M (32%)          46M (9%)     
[8.024s][info][gc,heap     ] GC(24)      Live:         -                32M (6%)           32M (6%)           32M (6%)             -                  -          
[8.025s][info][gc,heap     ] GC(24) Allocated:         -                 0M (0%)            0M (0%)            0M (0%)             -                  -          
[8.025s][info][gc,heap     ] GC(24)   Garbage:         -               131M (26%)          17M (3%)           13M (3%)             -                  -          
[8.025s][info][gc,heap     ] GC(24) Reclaimed:         -                  -               114M (22%)         118M (23%)            -                  -          
[8.025s][info][gc          ] GC(24) Garbage Collection (System.gc()) 164M(32%)->46M(9%)
[8.290s][info][gc,start    ] GC(25) Garbage Collection (System.gc())
[8.291s][info][gc,task     ] GC(25) Using 5 workers
[8.291s][info][gc,phases   ] GC(25) Pause Mark Start 0.016ms
[8.331s][info][gc,phases   ] GC(25) Concurrent Mark 40.296ms
[8.331s][info][gc,phases   ] GC(25) Pause Mark End 0.017ms
[8.331s][info][gc,phases   ] GC(25) Concurrent Mark Free 0.001ms
[8.332s][info][gc,phases   ] GC(25) Concurrent Process Non-Strong References 1.111ms
[8.332s][info][gc,phases   ] GC(25) Concurrent Reset Relocation Set 0.001ms
[8.336s][info][gc,phases   ] GC(25) Concurrent Select Relocation Set 3.591ms
[8.336s][info][gc,phases   ] GC(25) Pause Relocate Start 0.008ms
[8.338s][info][gc,phases   ] GC(25) Concurrent Relocate 2.197ms
[8.339s][info][gc,load     ] GC(25) Load: 0.00/0.00/0.00
[8.339s][info][gc,mmu      ] GC(25) MMU: 2ms/99.0%, 5ms/99.4%, 10ms/99.7%, 20ms/99.9%, 50ms/99.9%, 100ms/99.9%
[8.339s][info][gc,marking  ] GC(25) Mark: 4 stripe(s), 7 proactive flush(es), 1 terminate flush(es), 0 completion(s), 0 continuation(s) 
[8.339s][info][gc,marking  ] GC(25) Mark Stack Usage: 32M
[8.339s][info][gc,nmethod  ] GC(25) NMethods: 1360 registered, 13 unregistered
[8.339s][info][gc,metaspace] GC(25) Metaspace: 11M used, 11M committed, 1088M reserved
[8.339s][info][gc,ref      ] GC(25) Soft: 186 encountered, 0 discovered, 0 enqueued
[8.339s][info][gc,ref      ] GC(25) Weak: 582 encountered, 194 discovered, 0 enqueued
[8.339s][info][gc,ref      ] GC(25) Final: 0 encountered, 0 discovered, 0 enqueued
[8.339s][info][gc,ref      ] GC(25) Phantom: 24 encountered, 15 discovered, 0 enqueued
[8.339s][info][gc,reloc    ] GC(25) Small Pages: 82 / 164M, Empty: 116M, Relocated: 4M, In-Place: 0
[8.339s][info][gc,reloc    ] GC(25) Medium Pages: 0 / 0M, Empty: 0M, Relocated: 0M, In-Place: 0
[8.339s][info][gc,reloc    ] GC(25) Large Pages: 0 / 0M, Empty: 0M, Relocated: 0M, In-Place: 0
[8.339s][info][gc,reloc    ] GC(25) Forwarding Usage: 1M
[8.339s][info][gc,heap     ] GC(25) Min Capacity: 8M(2%)
[8.339s][info][gc,heap     ] GC(25) Max Capacity: 512M(100%)
[8.339s][info][gc,heap     ] GC(25) Soft Max Capacity: 512M(100%)
[8.339s][info][gc,heap     ] GC(25)                Mark Start          Mark End        Relocate Start      Relocate End           High               Low         
[8.339s][info][gc,heap     ] GC(25)  Capacity:      512M (100%)        512M (100%)        512M (100%)        512M (100%)        512M (100%)        512M (100%)   
[8.339s][info][gc,heap     ] GC(25)      Free:      348M (68%)         348M (68%)         464M (91%)         466M (91%)         466M (91%)         348M (68%)    
[8.339s][info][gc,heap     ] GC(25)      Used:      164M (32%)         164M (32%)          48M (9%)           46M (9%)          164M (32%)          46M (9%)     
[8.339s][info][gc,heap     ] GC(25)      Live:         -                32M (6%)           32M (6%)           32M (6%)             -                  -          
[8.339s][info][gc,heap     ] GC(25) Allocated:         -                 0M (0%)            0M (0%)            0M (0%)             -                  -          
[8.339s][info][gc,heap     ] GC(25)   Garbage:         -               131M (26%)          15M (3%)           13M (3%)             -                  -          
[8.339s][info][gc,heap     ] GC(25) Reclaimed:         -                  -               116M (23%)         118M (23%)            -                  -          
[8.339s][info][gc          ] GC(25) Garbage Collection (System.gc()) 164M(32%)->46M(9%)
[8.602s][info][gc,start    ] GC(26) Garbage Collection (System.gc())
[8.602s][info][gc,task     ] GC(26) Using 5 workers
[8.602s][info][gc,phases   ] GC(26) Pause Mark Start 0.017ms
[8.654s][info][gc,phases   ] GC(26) Concurrent Mark 52.302ms
[8.655s][info][gc,phases   ] GC(26) Pause Mark End 0.018ms
[8.655s][info][gc,phases   ] GC(26) Concurrent Mark Free 0.001ms
[8.656s][info][gc,phases   ] GC(26) Concurrent Process Non-Strong References 1.138ms
[8.656s][info][gc,phases   ] GC(26) Concurrent Reset Relocation Set 0.001ms
[8.660s][info][gc,phases   ] GC(26) Concurrent Select Relocation Set 3.603ms
[8.660s][info][gc,phases   ] GC(26) Pause Relocate Start 0.007ms
[8.663s][info][gc,phases   ] GC(26) Concurrent Relocate 3.183ms
[8.663s][info][gc,load     ] GC(26) Load: 0.00/0.00/0.00
[8.663s][info][gc,mmu      ] GC(26) MMU: 2ms/99.0%, 5ms/99.4%, 10ms/99.7%, 20ms/99.9%, 50ms/99.9%, 100ms/99.9%
[8.663s][info][gc,marking  ] GC(26) Mark: 4 stripe(s), 10 proactive flush(es), 1 terminate flush(es), 0 completion(s), 0 continuation(s) 
[8.663s][info][gc,marking  ] GC(26) Mark Stack Usage: 32M
[8.663s][info][gc,nmethod  ] GC(26) NMethods: 1387 registered, 13 unregistered
[8.663s][info][gc,metaspace] GC(26) Metaspace: 11M used, 11M committed, 1088M reserved
[8.663s][info][gc,ref      ] GC(26) Soft: 186 encountered, 0 discovered, 0 enqueued
[8.663s][info][gc,ref      ] GC(26) Weak: 582 encountered, 276 discovered, 0 enqueued
[8.663s][info][gc,ref      ] GC(26) Final: 0 encountered, 0 discovered, 0 enqueued
[8.663s][info][gc,ref      ] GC(26) Phantom: 24 encountered, 15 discovered, 0 enqueued
[8.663s][info][gc,reloc    ] GC(26) Small Pages: 82 / 164M, Empty: 116M, Relocated: 4M, In-Place: 0
[8.663s][info][gc,reloc    ] GC(26) Medium Pages: 0 / 0M, Empty: 0M, Relocated: 0M, In-Place: 0
[8.663s][info][gc,reloc    ] GC(26) Large Pages: 0 / 0M, Empty: 0M, Relocated: 0M, In-Place: 0
[8.663s][info][gc,reloc    ] GC(26) Forwarding Usage: 1M
[8.663s][info][gc,heap     ] GC(26) Min Capacity: 8M(2%)
[8.663s][info][gc,heap     ] GC(26) Max Capacity: 512M(100%)
[8.663s][info][gc,heap     ] GC(26) Soft Max Capacity: 512M(100%)
[8.663s][info][gc,heap     ] GC(26)                Mark Start          Mark End        Relocate Start      Relocate End           High               Low         
[8.663s][info][gc,heap     ] GC(26)  Capacity:      512M (100%)        512M (100%)        512M (100%)        512M (100%)        512M (100%)        512M (100%)   
[8.663s][info][gc,heap     ] GC(26)      Free:      348M (68%)         348M (68%)         464M (91%)         466M (91%)         466M (91%)         348M (68%)    
[8.664s][info][gc,heap     ] GC(26)      Used:      164M (32%)         164M (32%)          48M (9%)           46M (9%)          164M (32%)          46M (9%)     
[8.664s][info][gc,heap     ] GC(26)      Live:         -                32M (6%)           32M (6%)           32M (6%)             -                  -          
[8.664s][info][gc,heap     ] GC(26) Allocated:         -                 0M (0%)            0M (0%)            0M (0%)             -                  -          
[8.664s][info][gc,heap     ] GC(26)   Garbage:         -               131M (26%)          15M (3%)           13M (3%)             -                  -          
[8.664s][info][gc,heap     ] GC(26) Reclaimed:         -                  -               116M (23%)         118M (23%)            -                  -          
[8.664s][info][gc          ] GC(26) Garbage Collection (System.gc()) 164M(32%)->46M(9%)
[8.951s][info][gc,start    ] GC(27) Garbage Collection (System.gc())
[8.951s][info][gc,task     ] GC(27) Using 5 workers
[8.951s][info][gc,phases   ] GC(27) Pause Mark Start 0.016ms
[8.985s][info][gc,phases   ] GC(27) Concurrent Mark 33.504ms
[8.985s][info][gc,phases   ] GC(27) Pause Mark End 0.017ms
[8.985s][info][gc,phases   ] GC(27) Concurrent Mark Free 0.001ms
[8.986s][info][gc,phases   ] GC(27) Concurrent Process Non-Strong References 1.049ms
[8.986s][info][gc,phases   ] GC(27) Concurrent Reset Relocation Set 0.001ms
[8.990s][info][gc,phases   ] GC(27) Concurrent Select Relocation Set 3.555ms
[8.990s][info][gc,phases   ] GC(27) Pause Relocate Start 0.009ms
[8.992s][info][gc,phases   ] GC(27) Concurrent Relocate 2.167ms
[8.992s][info][gc,load     ] GC(27) Load: 0.00/0.00/0.00
[8.992s][info][gc,mmu      ] GC(27) MMU: 2ms/99.0%, 5ms/99.4%, 10ms/99.7%, 20ms/99.9%, 50ms/99.9%, 100ms/99.9%
[8.992s][info][gc,marking  ] GC(27) Mark: 4 stripe(s), 2 proactive flush(es), 1 terminate flush(es), 0 completion(s), 0 continuation(s) 
[8.992s][info][gc,marking  ] GC(27) Mark Stack Usage: 32M
[8.992s][info][gc,nmethod  ] GC(27) NMethods: 1389 registered, 15 unregistered
[8.993s][info][gc,metaspace] GC(27) Metaspace: 11M used, 11M committed, 1088M reserved
[8.993s][info][gc,ref      ] GC(27) Soft: 186 encountered, 0 discovered, 0 enqueued
[8.993s][info][gc,ref      ] GC(27) Weak: 582 encountered, 81 discovered, 0 enqueued
[8.993s][info][gc,ref      ] GC(27) Final: 0 encountered, 0 discovered, 0 enqueued
[8.993s][info][gc,ref      ] GC(27) Phantom: 24 encountered, 18 discovered, 0 enqueued
[8.993s][info][gc,reloc    ] GC(27) Small Pages: 82 / 164M, Empty: 116M, Relocated: 4M, In-Place: 0
[8.993s][info][gc,reloc    ] GC(27) Medium Pages: 0 / 0M, Empty: 0M, Relocated: 0M, In-Place: 0
[8.993s][info][gc,reloc    ] GC(27) Large Pages: 0 / 0M, Empty: 0M, Relocated: 0M, In-Place: 0
[8.993s][info][gc,reloc    ] GC(27) Forwarding Usage: 1M
[8.993s][info][gc,heap     ] GC(27) Min Capacity: 8M(2%)
[8.993s][info][gc,heap     ] GC(27) Max Capacity: 512M(100%)
[8.993s][info][gc,heap     ] GC(27) Soft Max Capacity: 512M(100%)
[8.993s][info][gc,heap     ] GC(27)                Mark Start          Mark End        Relocate Start      Relocate End           High               Low         
[8.993s][info][gc,heap     ] GC(27)  Capacity:      512M (100%)        512M (100%)        512M (100%)        512M (100%)        512M (100%)        512M (100%)   
[8.993s][info][gc,heap     ] GC(27)      Free:      348M (68%)         348M (68%)         464M (91%)         466M (91%)         466M (91%)         348M (68%)    
[8.993s][info][gc,heap     ] GC(27)      Used:      164M (32%)         164M (32%)          48M (9%)           46M (9%)          164M (32%)          46M (9%)     
[8.993s][info][gc,heap     ] GC(27)      Live:         -                32M (6%)           32M (6%)           32M (6%)             -                  -          
[8.993s][info][gc,heap     ] GC(27) Allocated:         -                 0M (0%)            0M (0%)            0M (0%)             -                  -          
[8.993s][info][gc,heap     ] GC(27)   Garbage:         -               131M (26%)          15M (3%)           13M (3%)             -                  -          
[8.993s][info][gc,heap     ] GC(27) Reclaimed:         -                  -               116M (23%)         118M (23%)            -                  -          
[8.993s][info][gc          ] GC(27) Garbage Collection (System.gc()) 164M(32%)->46M(9%)
[9.265s][info][gc,start    ] GC(28) Garbage Collection (System.gc())
[9.265s][info][gc,task     ] GC(28) Using 5 workers
[9.265s][info][gc,phases   ] GC(28) Pause Mark Start 0.016ms
[9.293s][info][gc,phases   ] GC(28) Concurrent Mark 27.620ms
[9.293s][info][gc,phases   ] GC(28) Pause Mark End 0.013ms
[9.293s][info][gc,phases   ] GC(28) Concurrent Mark Free 0.001ms
[9.294s][info][gc,phases   ] GC(28) Concurrent Process Non-Strong References 0.816ms
[9.294s][info][gc,phases   ] GC(28) Concurrent Reset Relocation Set 0.001ms
[9.298s][info][gc,phases   ] GC(28) Concurrent Select Relocation Set 3.458ms
[9.298s][info][gc,phases   ] GC(28) Pause Relocate Start 0.006ms
[9.300s][info][gc,phases   ] GC(28) Concurrent Relocate 2.370ms
[9.300s][info][gc,load     ] GC(28) Load: 0.00/0.00/0.00
[9.300s][info][gc,mmu      ] GC(28) MMU: 2ms/99.0%, 5ms/99.4%, 10ms/99.7%, 20ms/99.9%, 50ms/99.9%, 100ms/99.9%
[9.300s][info][gc,marking  ] GC(28) Mark: 4 stripe(s), 1 proactive flush(es), 1 terminate flush(es), 0 completion(s), 0 continuation(s) 
[9.300s][info][gc,marking  ] GC(28) Mark Stack Usage: 32M
[9.300s][info][gc,nmethod  ] GC(28) NMethods: 1391 registered, 15 unregistered
[9.300s][info][gc,metaspace] GC(28) Metaspace: 11M used, 11M committed, 1088M reserved
[9.300s][info][gc,ref      ] GC(28) Soft: 186 encountered, 0 discovered, 0 enqueued
[9.300s][info][gc,ref      ] GC(28) Weak: 582 encountered, 270 discovered, 0 enqueued
[9.300s][info][gc,ref      ] GC(28) Final: 0 encountered, 0 discovered, 0 enqueued
[9.300s][info][gc,ref      ] GC(28) Phantom: 24 encountered, 17 discovered, 0 enqueued
[9.300s][info][gc,reloc    ] GC(28) Small Pages: 82 / 164M, Empty: 116M, Relocated: 4M, In-Place: 0
[9.300s][info][gc,reloc    ] GC(28) Medium Pages: 0 / 0M, Empty: 0M, Relocated: 0M, In-Place: 0
[9.301s][info][gc,reloc    ] GC(28) Large Pages: 0 / 0M, Empty: 0M, Relocated: 0M, In-Place: 0
[9.301s][info][gc,reloc    ] GC(28) Forwarding Usage: 1M
[9.301s][info][gc,heap     ] GC(28) Min Capacity: 8M(2%)
[9.301s][info][gc,heap     ] GC(28) Max Capacity: 512M(100%)
[9.301s][info][gc,heap     ] GC(28) Soft Max Capacity: 512M(100%)
[9.301s][info][gc,heap     ] GC(28)                Mark Start          Mark End        Relocate Start      Relocate End           High               Low         
[9.301s][info][gc,heap     ] GC(28)  Capacity:      512M (100%)        512M (100%)        512M (100%)        512M (100%)        512M (100%)        512M (100%)   
[9.301s][info][gc,heap     ] GC(28)      Free:      348M (68%)         348M (68%)         464M (91%)         466M (91%)         466M (91%)         348M (68%)    
[9.301s][info][gc,heap     ] GC(28)      Used:      164M (32%)         164M (32%)          48M (9%)           46M (9%)          164M (32%)          46M (9%)     
[9.301s][info][gc,heap     ] GC(28)      Live:         -                32M (6%)           32M (6%)           32M (6%)             -                  -          
[9.301s][info][gc,heap     ] GC(28) Allocated:         -                 0M (0%)            0M (0%)            0M (0%)             -                  -          
[9.301s][info][gc,heap     ] GC(28)   Garbage:         -               131M (26%)          15M (3%)           13M (3%)             -                  -          
[9.301s][info][gc,heap     ] GC(28) Reclaimed:         -                  -               116M (23%)         118M (23%)            -                  -          
[9.301s][info][gc          ] GC(28) Garbage Collection (System.gc()) 164M(32%)->46M(9%)
[9.561s][info][gc,start    ] GC(29) Garbage Collection (System.gc())
[9.561s][info][gc,task     ] GC(29) Using 5 workers
[9.562s][info][gc,phases   ] GC(29) Pause Mark Start 0.015ms
[9.594s][info][gc,phases   ] GC(29) Concurrent Mark 31.907ms
[9.594s][info][gc,phases   ] GC(29) Pause Mark End 0.013ms
[9.594s][info][gc,phases   ] GC(29) Concurrent Mark Free 0.001ms
[9.595s][info][gc,phases   ] GC(29) Concurrent Process Non-Strong References 0.988ms
[9.595s][info][gc,phases   ] GC(29) Concurrent Reset Relocation Set 0.001ms
[9.598s][info][gc,phases   ] GC(29) Concurrent Select Relocation Set 3.555ms
[9.598s][info][gc,phases   ] GC(29) Pause Relocate Start 0.009ms
[9.602s][info][gc,phases   ] GC(29) Concurrent Relocate 3.150ms
[9.602s][info][gc,load     ] GC(29) Load: 0.00/0.00/0.00
[9.602s][info][gc,mmu      ] GC(29) MMU: 2ms/99.0%, 5ms/99.4%, 10ms/99.7%, 20ms/99.9%, 50ms/99.9%, 100ms/99.9%
[9.602s][info][gc,marking  ] GC(29) Mark: 4 stripe(s), 6 proactive flush(es), 1 terminate flush(es), 0 completion(s), 0 continuation(s) 
[9.602s][info][gc,marking  ] GC(29) Mark Stack Usage: 32M
[9.602s][info][gc,nmethod  ] GC(29) NMethods: 1393 registered, 15 unregistered
[9.602s][info][gc,metaspace] GC(29) Metaspace: 11M used, 11M committed, 1088M reserved
[9.602s][info][gc,ref      ] GC(29) Soft: 186 encountered, 0 discovered, 0 enqueued
[9.602s][info][gc,ref      ] GC(29) Weak: 582 encountered, 267 discovered, 0 enqueued
[9.602s][info][gc,ref      ] GC(29) Final: 0 encountered, 0 discovered, 0 enqueued
[9.602s][info][gc,ref      ] GC(29) Phantom: 24 encountered, 20 discovered, 0 enqueued
[9.602s][info][gc,reloc    ] GC(29) Small Pages: 82 / 164M, Empty: 116M, Relocated: 4M, In-Place: 0
[9.602s][info][gc,reloc    ] GC(29) Medium Pages: 0 / 0M, Empty: 0M, Relocated: 0M, In-Place: 0
[9.602s][info][gc,reloc    ] GC(29) Large Pages: 0 / 0M, Empty: 0M, Relocated: 0M, In-Place: 0
[9.602s][info][gc,reloc    ] GC(29) Forwarding Usage: 1M
[9.602s][info][gc,heap     ] GC(29) Min Capacity: 8M(2%)
[9.602s][info][gc,heap     ] GC(29) Max Capacity: 512M(100%)
[9.602s][info][gc,heap     ] GC(29) Soft Max Capacity: 512M(100%)
[9.602s][info][gc,heap     ] GC(29)                Mark Start          Mark End        Relocate Start      Relocate End           High               Low         
[9.602s][info][gc,heap     ] GC(29)  Capacity:      512M (100%)        512M (100%)        512M (100%)        512M (100%)        512M (100%)        512M (100%)   
[9.602s][info][gc,heap     ] GC(29)      Free:      348M (68%)         348M (68%)         464M (91%)         466M (91%)         466M (91%)         348M (68%)    
[9.602s][info][gc,heap     ] GC(29)      Used:      164M (32%)         164M (32%)          48M (9%)           46M (9%)          164M (32%)          46M (9%)     
[9.602s][info][gc,heap     ] GC(29)      Live:         -                32M (6%)           32M (6%)           32M (6%)             -                  -          
[9.602s][info][gc,heap     ] GC(29) Allocated:         -                 0M (0%)            0M (0%)            0M (0%)             -                  -          
[9.602s][info][gc,heap     ] GC(29)   Garbage:         -               131M (26%)          15M (3%)           13M (3%)             -                  -          
[9.603s][info][gc,heap     ] GC(29) Reclaimed:         -                  -               116M (23%)         118M (23%)            -                  -          
[9.603s][info][gc          ] GC(29) Garbage Collection (System.gc()) 164M(32%)->46M(9%)
[9.894s][info][gc,start    ] GC(30) Garbage Collection (System.gc())
[9.894s][info][gc,task     ] GC(30) Using 5 workers
[9.894s][info][gc,phases   ] GC(30) Pause Mark Start 0.016ms
[9.918s][info][gc,phases   ] GC(30) Concurrent Mark 24.246ms
[9.918s][info][gc,phases   ] GC(30) Pause Mark End 0.013ms
[9.918s][info][gc,phases   ] GC(30) Concurrent Mark Free 0.001ms
[9.919s][info][gc,phases   ] GC(30) Concurrent Process Non-Strong References 0.821ms
[9.919s][info][gc,phases   ] GC(30) Concurrent Reset Relocation Set 0.001ms
[9.923s][info][gc,phases   ] GC(30) Concurrent Select Relocation Set 3.517ms
[9.923s][info][gc,phases   ] GC(30) Pause Relocate Start 0.004ms
[9.925s][info][gc,phases   ] GC(30) Concurrent Relocate 1.759ms
[9.925s][info][gc,load     ] GC(30) Load: 0.00/0.00/0.00
[9.925s][info][gc,mmu      ] GC(30) MMU: 2ms/99.0%, 5ms/99.4%, 10ms/99.7%, 20ms/99.9%, 50ms/99.9%, 100ms/99.9%
[9.925s][info][gc,marking  ] GC(30) Mark: 4 stripe(s), 1 proactive flush(es), 1 terminate flush(es), 0 completion(s), 0 continuation(s) 
[9.925s][info][gc,marking  ] GC(30) Mark Stack Usage: 32M
[9.925s][info][gc,nmethod  ] GC(30) NMethods: 1393 registered, 16 unregistered
[9.925s][info][gc,metaspace] GC(30) Metaspace: 11M used, 11M committed, 1088M reserved
[9.925s][info][gc,ref      ] GC(30) Soft: 186 encountered, 0 discovered, 0 enqueued
[9.925s][info][gc,ref      ] GC(30) Weak: 582 encountered, 231 discovered, 0 enqueued
[9.925s][info][gc,ref      ] GC(30) Final: 0 encountered, 0 discovered, 0 enqueued
[9.925s][info][gc,ref      ] GC(30) Phantom: 24 encountered, 16 discovered, 0 enqueued
[9.925s][info][gc,reloc    ] GC(30) Small Pages: 82 / 164M, Empty: 116M, Relocated: 4M, In-Place: 0
[9.925s][info][gc,reloc    ] GC(30) Medium Pages: 0 / 0M, Empty: 0M, Relocated: 0M, In-Place: 0
[9.925s][info][gc,reloc    ] GC(30) Large Pages: 0 / 0M, Empty: 0M, Relocated: 0M, In-Place: 0
[9.925s][info][gc,reloc    ] GC(30) Forwarding Usage: 1M
[9.925s][info][gc,heap     ] GC(30) Min Capacity: 8M(2%)
[9.925s][info][gc,heap     ] GC(30) Max Capacity: 512M(100%)
[9.925s][info][gc,heap     ] GC(30) Soft Max Capacity: 512M(100%)
[9.925s][info][gc,heap     ] GC(30)                Mark Start          Mark End        Relocate Start      Relocate End           High               Low         
[9.925s][info][gc,heap     ] GC(30)  Capacity:      512M (100%)        512M (100%)        512M (100%)        512M (100%)        512M (100%)        512M (100%)   
[9.925s][info][gc,heap     ] GC(30)      Free:      348M (68%)         348M (68%)         464M (91%)         466M (91%)         466M (91%)         348M (68%)    
[9.925s][info][gc,heap     ] GC(30)      Used:      164M (32%)         164M (32%)          48M (9%)           46M (9%)          164M (32%)          46M (9%)     
[9.925s][info][gc,heap     ] GC(30)      Live:         -                32M (6%)           32M (6%)           32M (6%)             -                  -          
[9.925s][info][gc,heap     ] GC(30) Allocated:         -                 0M (0%)            0M (0%)            0M (0%)             -                  -          
[9.925s][info][gc,heap     ] GC(30)   Garbage:         -               131M (26%)          15M (3%)           13M (3%)             -                  -          
[9.925s][info][gc,heap     ] GC(30) Reclaimed:         -                  -               116M (23%)         118M (23%)            -                  -          
[9.925s][info][gc          ] GC(30) Garbage Collection (System.gc()) 164M(32%)->46M(9%)
[10.081s][info][gc,stats    ] === Garbage Collection Statistics =======================================================================================================================
[10.081s][info][gc,stats    ]                                                              Last 10s              Last 10m              Last 10h                Total
[10.081s][info][gc,stats    ]                                                              Avg / Max             Avg / Max             Avg / Max             Avg / Max
[10.081s][info][gc,stats    ]   Collector: Garbage Collection Cycle                     45.482 / 89.701       45.482 / 89.701       45.482 / 89.701       45.482 / 89.701      ms
[10.081s][info][gc,stats    ]  Contention: Mark Segment Reset Contention                     3 / 7                 3 / 7                 3 / 7                 3 / 7           ops/s
[10.081s][info][gc,stats    ]  Contention: Mark SeqNum Reset Contention                      1 / 3                 1 / 3                 1 / 3                 1 / 3           ops/s
[10.081s][info][gc,stats    ]    Critical: Allocation Stall                                  0 / 0                 0 / 0                 0 / 0                 0 / 0           ops/s
[10.081s][info][gc,stats    ]    Critical: Allocation Stall                              0.000 / 0.000         0.000 / 0.000         0.000 / 0.000         0.000 / 0.000       ms
[10.081s][info][gc,stats    ]    Critical: GC Locker Stall                                   0 / 0                 0 / 0                 0 / 0                 0 / 0           ops/s
[10.081s][info][gc,stats    ]    Critical: GC Locker Stall                               0.000 / 0.000         0.000 / 0.000         0.000 / 0.000         0.000 / 0.000       ms
[10.081s][info][gc,stats    ]    Critical: Relocation Stall                                  0 / 0                 0 / 0                 0 / 0                 0 / 0           ops/s
[10.081s][info][gc,stats    ]    Critical: Relocation Stall                              0.000 / 0.000         0.000 / 0.000         0.000 / 0.000         0.000 / 0.000       ms
[10.081s][info][gc,stats    ]      Memory: Allocation Rate                                 332 / 388             332 / 388             332 / 388             332 / 388         MB/s
[10.081s][info][gc,stats    ]      Memory: Defragment                                        0 / 0                 0 / 0                 0 / 0                 0 / 0           ops/s
[10.081s][info][gc,stats    ]      Memory: Out Of Memory                                     0 / 0                 0 / 0                 0 / 0                 0 / 0           ops/s
[10.081s][info][gc,stats    ]      Memory: Page Cache Flush                                  0 / 0                 0 / 0                 0 / 0                 0 / 0           MB/s
[10.082s][info][gc,stats    ]      Memory: Page Cache Hit L1                               173 / 209             173 / 209             173 / 209             173 / 209         ops/s
[10.082s][info][gc,stats    ]      Memory: Page Cache Hit L2                                 0 / 0                 0 / 0                 0 / 0                 0 / 0           ops/s
[10.082s][info][gc,stats    ]      Memory: Page Cache Hit L3                                 8 / 52                8 / 52                8 / 52                8 / 52          ops/s
[10.082s][info][gc,stats    ]      Memory: Page Cache Miss                                   0 / 1                 0 / 1                 0 / 1                 0 / 1           ops/s
[10.082s][info][gc,stats    ]      Memory: Uncommit                                          0 / 0                 0 / 0                 0 / 0                 0 / 0           MB/s
[10.082s][info][gc,stats    ]      Memory: Undo Object Allocation Failed                     0 / 0                 0 / 0                 0 / 0                 0 / 0           ops/s
[10.082s][info][gc,stats    ]      Memory: Undo Object Allocation Succeeded                  0 / 0                 0 / 0                 0 / 0                 0 / 0           ops/s
[10.082s][info][gc,stats    ]      Memory: Undo Page Allocation                              0 / 0                 0 / 0                 0 / 0                 0 / 0           ops/s
[10.082s][info][gc,stats    ]       Phase: Concurrent Mark                              35.448 / 63.229       35.448 / 63.229       35.448 / 63.229       35.448 / 63.229      ms
[10.082s][info][gc,stats    ]       Phase: Concurrent Mark Continue                      0.000 / 0.000         0.000 / 0.000         0.000 / 0.000         0.000 / 0.000       ms
[10.082s][info][gc,stats    ]       Phase: Concurrent Mark Free                          0.001 / 0.001         0.001 / 0.001         0.001 / 0.001         0.001 / 0.001       ms
[10.082s][info][gc,stats    ]       Phase: Concurrent Process Non-Strong References      0.959 / 1.243         0.959 / 1.243         0.959 / 1.243         0.959 / 1.243       ms
[10.082s][info][gc,stats    ]       Phase: Concurrent Relocate                           2.580 / 5.346         2.580 / 5.346         2.580 / 5.346         2.580 / 5.346       ms
[10.082s][info][gc,stats    ]       Phase: Concurrent Reset Relocation Set               0.001 / 0.004         0.001 / 0.004         0.001 / 0.004         0.001 / 0.004       ms
[10.082s][info][gc,stats    ]       Phase: Concurrent Select Relocation Set              4.172 / 14.495        4.172 / 14.495        4.172 / 14.495        4.172 / 14.495      ms
[10.082s][info][gc,stats    ]       Phase: Pause Mark End                                0.014 / 0.021         0.014 / 0.021         0.014 / 0.021         0.014 / 0.021       ms
[10.082s][info][gc,stats    ]       Phase: Pause Mark Start                              0.015 / 0.017         0.015 / 0.017         0.015 / 0.017         0.015 / 0.017       ms
[10.082s][info][gc,stats    ]       Phase: Pause Relocate Start                          0.006 / 0.009         0.006 / 0.009         0.006 / 0.009         0.006 / 0.009       ms
[10.082s][info][gc,stats    ]    Subphase: Concurrent Classes Purge                      0.034 / 0.492         0.034 / 0.492         0.034 / 0.492         0.034 / 0.492       ms
[10.082s][info][gc,stats    ]    Subphase: Concurrent Classes Unlink                     0.622 / 0.774         0.622 / 0.774         0.622 / 0.774         0.622 / 0.774       ms
[10.082s][info][gc,stats    ]    Subphase: Concurrent Mark                              33.834 / 62.373       33.834 / 62.373       33.834 / 62.373       33.834 / 62.373      ms
[10.082s][info][gc,stats    ]    Subphase: Concurrent Mark Try Flush                     0.036 / 0.088         0.036 / 0.088         0.036 / 0.088         0.036 / 0.088       ms
[10.082s][info][gc,stats    ]    Subphase: Concurrent Mark Try Terminate                 2.486 / 16.098        2.486 / 16.098        2.486 / 16.098        2.486 / 16.098      ms
[10.082s][info][gc,stats    ]    Subphase: Concurrent References Enqueue                 0.001 / 0.005         0.001 / 0.005         0.001 / 0.005         0.001 / 0.005       ms
[10.082s][info][gc,stats    ]    Subphase: Concurrent References Process                 0.036 / 0.063         0.036 / 0.063         0.036 / 0.063         0.036 / 0.063       ms
[10.082s][info][gc,stats    ]    Subphase: Concurrent Roots ClassLoaderDataGraph         0.226 / 0.548         0.226 / 0.548         0.226 / 0.548         0.226 / 0.548       ms
[10.082s][info][gc,stats    ]    Subphase: Concurrent Roots CodeCache                    0.000 / 0.000         0.000 / 0.000         0.000 / 0.000         0.000 / 0.000       ms
[10.083s][info][gc,stats    ]    Subphase: Concurrent Roots JavaThreads                  0.283 / 0.844         0.283 / 0.844         0.283 / 0.844         0.283 / 0.844       ms
[10.083s][info][gc,stats    ]    Subphase: Concurrent Roots OopStorageSet                0.018 / 0.166         0.018 / 0.166         0.018 / 0.166         0.018 / 0.166       ms
[10.083s][info][gc,stats    ]    Subphase: Concurrent Weak Roots OopStorageSet           0.206 / 0.275         0.206 / 0.275         0.206 / 0.275         0.206 / 0.275       ms
[10.083s][info][gc,stats    ]    Subphase: Pause Mark Try Complete                       0.000 / 0.000         0.000 / 0.000         0.000 / 0.000         0.000 / 0.000       ms
[10.083s][info][gc,stats    ]      System: Java Threads                                     14 / 20               14 / 20               14 / 20               14 / 20          threads
[10.083s][info][gc,stats    ] =========================================================================================================================================================
[10.200s][info][gc,start    ] GC(31) Garbage Collection (System.gc())
[10.200s][info][gc,task     ] GC(31) Using 5 workers
[10.200s][info][gc,phases   ] GC(31) Pause Mark Start 0.015ms
[10.223s][info][gc,phases   ] GC(31) Concurrent Mark 22.528ms
[10.223s][info][gc,phases   ] GC(31) Pause Mark End 0.012ms
[10.223s][info][gc,phases   ] GC(31) Concurrent Mark Free 0.001ms
[10.224s][info][gc,phases   ] GC(31) Concurrent Process Non-Strong References 0.810ms
[10.224s][info][gc,phases   ] GC(31) Concurrent Reset Relocation Set 0.001ms
[10.226s][info][gc,phases   ] GC(31) Concurrent Select Relocation Set 2.337ms
[10.226s][info][gc,phases   ] GC(31) Pause Relocate Start 0.008ms
[10.228s][info][gc,phases   ] GC(31) Concurrent Relocate 1.926ms
[10.228s][info][gc,load     ] GC(31) Load: 0.00/0.00/0.00
[10.228s][info][gc,mmu      ] GC(31) MMU: 2ms/99.0%, 5ms/99.4%, 10ms/99.7%, 20ms/99.9%, 50ms/99.9%, 100ms/99.9%
[10.228s][info][gc,marking  ] GC(31) Mark: 4 stripe(s), 2 proactive flush(es), 1 terminate flush(es), 0 completion(s), 0 continuation(s) 
[10.228s][info][gc,marking  ] GC(31) Mark Stack Usage: 32M
[10.228s][info][gc,nmethod  ] GC(31) NMethods: 1393 registered, 16 unregistered
[10.228s][info][gc,metaspace] GC(31) Metaspace: 11M used, 11M committed, 1088M reserved
[10.228s][info][gc,ref      ] GC(31) Soft: 186 encountered, 0 discovered, 0 enqueued
[10.228s][info][gc,ref      ] GC(31) Weak: 582 encountered, 269 discovered, 0 enqueued
[10.228s][info][gc,ref      ] GC(31) Final: 0 encountered, 0 discovered, 0 enqueued
[10.228s][info][gc,ref      ] GC(31) Phantom: 24 encountered, 18 discovered, 0 enqueued
[10.228s][info][gc,reloc    ] GC(31) Small Pages: 82 / 164M, Empty: 116M, Relocated: 4M, In-Place: 0
[10.228s][info][gc,reloc    ] GC(31) Medium Pages: 0 / 0M, Empty: 0M, Relocated: 0M, In-Place: 0
[10.228s][info][gc,reloc    ] GC(31) Large Pages: 0 / 0M, Empty: 0M, Relocated: 0M, In-Place: 0
[10.228s][info][gc,reloc    ] GC(31) Forwarding Usage: 1M
[10.228s][info][gc,heap     ] GC(31) Min Capacity: 8M(2%)
[10.228s][info][gc,heap     ] GC(31) Max Capacity: 512M(100%)
[10.228s][info][gc,heap     ] GC(31) Soft Max Capacity: 512M(100%)
[10.228s][info][gc,heap     ] GC(31)                Mark Start          Mark End        Relocate Start      Relocate End           High               Low         
[10.228s][info][gc,heap     ] GC(31)  Capacity:      512M (100%)        512M (100%)        512M (100%)        512M (100%)        512M (100%)        512M (100%)   
[10.228s][info][gc,heap     ] GC(31)      Free:      348M (68%)         348M (68%)         464M (91%)         466M (91%)         466M (91%)         348M (68%)    
[10.228s][info][gc,heap     ] GC(31)      Used:      164M (32%)         164M (32%)          48M (9%)           46M (9%)          164M (32%)          46M (9%)     
[10.228s][info][gc,heap     ] GC(31)      Live:         -                32M (6%)           32M (6%)           32M (6%)             -                  -          
[10.228s][info][gc,heap     ] GC(31) Allocated:         -                 0M (0%)            0M (0%)            0M (0%)             -                  -          
[10.228s][info][gc,heap     ] GC(31)   Garbage:         -               131M (26%)          15M (3%)           13M (3%)             -                  -          
[10.228s][info][gc,heap     ] GC(31) Reclaimed:         -                  -               116M (23%)         118M (23%)            -                  -          
[10.228s][info][gc          ] GC(31) Garbage Collection (System.gc()) 164M(32%)->46M(9%)
[10.511s][info][gc,start    ] GC(32) Garbage Collection (System.gc())
[10.511s][info][gc,task     ] GC(32) Using 5 workers
[10.511s][info][gc,phases   ] GC(32) Pause Mark Start 0.017ms
[10.540s][info][gc,phases   ] GC(32) Concurrent Mark 29.033ms
[10.540s][info][gc,phases   ] GC(32) Pause Mark End 0.014ms
[10.540s][info][gc,phases   ] GC(32) Concurrent Mark Free 0.001ms
[10.541s][info][gc,phases   ] GC(32) Concurrent Process Non-Strong References 0.889ms
[10.541s][info][gc,phases   ] GC(32) Concurrent Reset Relocation Set 0.001ms
[10.545s][info][gc,phases   ] GC(32) Concurrent Select Relocation Set 3.504ms
[10.545s][info][gc,phases   ] GC(32) Pause Relocate Start 0.006ms
[10.547s][info][gc,phases   ] GC(32) Concurrent Relocate 2.378ms
[10.547s][info][gc,load     ] GC(32) Load: 0.00/0.00/0.00
[10.547s][info][gc,mmu      ] GC(32) MMU: 2ms/99.0%, 5ms/99.4%, 10ms/99.7%, 20ms/99.9%, 50ms/99.9%, 100ms/99.9%
[10.547s][info][gc,marking  ] GC(32) Mark: 4 stripe(s), 3 proactive flush(es), 1 terminate flush(es), 0 completion(s), 0 continuation(s) 
[10.547s][info][gc,marking  ] GC(32) Mark Stack Usage: 32M
[10.547s][info][gc,nmethod  ] GC(32) NMethods: 1394 registered, 16 unregistered
[10.548s][info][gc,metaspace] GC(32) Metaspace: 11M used, 11M committed, 1088M reserved
[10.548s][info][gc,ref      ] GC(32) Soft: 186 encountered, 0 discovered, 0 enqueued
[10.548s][info][gc,ref      ] GC(32) Weak: 582 encountered, 241 discovered, 0 enqueued
[10.548s][info][gc,ref      ] GC(32) Final: 0 encountered, 0 discovered, 0 enqueued
[10.548s][info][gc,ref      ] GC(32) Phantom: 24 encountered, 16 discovered, 0 enqueued
[10.548s][info][gc,reloc    ] GC(32) Small Pages: 82 / 164M, Empty: 116M, Relocated: 4M, In-Place: 0
[10.548s][info][gc,reloc    ] GC(32) Medium Pages: 0 / 0M, Empty: 0M, Relocated: 0M, In-Place: 0
[10.548s][info][gc,reloc    ] GC(32) Large Pages: 0 / 0M, Empty: 0M, Relocated: 0M, In-Place: 0
[10.548s][info][gc,reloc    ] GC(32) Forwarding Usage: 1M
[10.548s][info][gc,heap     ] GC(32) Min Capacity: 8M(2%)
[10.548s][info][gc,heap     ] GC(32) Max Capacity: 512M(100%)
[10.548s][info][gc,heap     ] GC(32) Soft Max Capacity: 512M(100%)
[10.548s][info][gc,heap     ] GC(32)                Mark Start          Mark End        Relocate Start      Relocate End           High               Low         
[10.548s][info][gc,heap     ] GC(32)  Capacity:      512M (100%)        512M (100%)        512M (100%)        512M (100%)        512M (100%)        512M (100%)   
[10.548s][info][gc,heap     ] GC(32)      Free:      348M (68%)         348M (68%)         464M (91%)         466M (91%)         466M (91%)         348M (68%)    
[10.548s][info][gc,heap     ] GC(32)      Used:      164M (32%)         164M (32%)          48M (9%)           46M (9%)          164M (32%)          46M (9%)     
[10.548s][info][gc,heap     ] GC(32)      Live:         -                32M (6%)           32M (6%)           32M (6%)             -                  -          
[10.548s][info][gc,heap     ] GC(32) Allocated:         -                 0M (0%)            0M (0%)            0M (0%)             -                  -          
[10.548s][info][gc,heap     ] GC(32)   Garbage:         -               131M (26%)          15M (3%)           13M (3%)             -                  -          
[10.548s][info][gc,heap     ] GC(32) Reclaimed:         -                  -               116M (23%)         118M (23%)            -                  -          
[10.548s][info][gc          ] GC(32) Garbage Collection (System.gc()) 164M(32%)->46M(9%)
[10.807s][info][gc,start    ] GC(33) Garbage Collection (System.gc())
[10.807s][info][gc,task     ] GC(33) Using 5 workers
[10.807s][info][gc,phases   ] GC(33) Pause Mark Start 0.015ms
[10.844s][info][gc,phases   ] GC(33) Concurrent Mark 36.873ms
[10.845s][info][gc,phases   ] GC(33) Pause Mark End 0.015ms
[10.845s][info][gc,phases   ] GC(33) Concurrent Mark Free 0.001ms
[10.846s][info][gc,phases   ] GC(33) Concurrent Process Non-Strong References 0.974ms
[10.846s][info][gc,phases   ] GC(33) Concurrent Reset Relocation Set 0.002ms
[10.849s][info][gc,phases   ] GC(33) Concurrent Select Relocation Set 3.478ms
[10.849s][info][gc,phases   ] GC(33) Pause Relocate Start 0.005ms
[10.851s][info][gc,phases   ] GC(33) Concurrent Relocate 2.073ms
[10.851s][info][gc,load     ] GC(33) Load: 0.00/0.00/0.00
[10.852s][info][gc,mmu      ] GC(33) MMU: 2ms/99.0%, 5ms/99.4%, 10ms/99.7%, 20ms/99.9%, 50ms/99.9%, 100ms/99.9%
[10.852s][info][gc,marking  ] GC(33) Mark: 4 stripe(s), 3 proactive flush(es), 1 terminate flush(es), 0 completion(s), 0 continuation(s) 
[10.852s][info][gc,marking  ] GC(33) Mark Stack Usage: 32M
[10.852s][info][gc,nmethod  ] GC(33) NMethods: 1404 registered, 16 unregistered
[10.852s][info][gc,metaspace] GC(33) Metaspace: 11M used, 11M committed, 1088M reserved
[10.852s][info][gc,ref      ] GC(33) Soft: 186 encountered, 0 discovered, 0 enqueued
[10.852s][info][gc,ref      ] GC(33) Weak: 582 encountered, 252 discovered, 0 enqueued
[10.852s][info][gc,ref      ] GC(33) Final: 0 encountered, 0 discovered, 0 enqueued
[10.852s][info][gc,ref      ] GC(33) Phantom: 24 encountered, 15 discovered, 0 enqueued
[10.852s][info][gc,reloc    ] GC(33) Small Pages: 82 / 164M, Empty: 116M, Relocated: 4M, In-Place: 0
[10.852s][info][gc,reloc    ] GC(33) Medium Pages: 0 / 0M, Empty: 0M, Relocated: 0M, In-Place: 0
[10.852s][info][gc,reloc    ] GC(33) Large Pages: 0 / 0M, Empty: 0M, Relocated: 0M, In-Place: 0
[10.852s][info][gc,reloc    ] GC(33) Forwarding Usage: 1M
[10.852s][info][gc,heap     ] GC(33) Min Capacity: 8M(2%)
[10.852s][info][gc,heap     ] GC(33) Max Capacity: 512M(100%)
[10.852s][info][gc,heap     ] GC(33) Soft Max Capacity: 512M(100%)
[10.852s][info][gc,heap     ] GC(33)                Mark Start          Mark End        Relocate Start      Relocate End           High               Low         
[10.852s][info][gc,heap     ] GC(33)  Capacity:      512M (100%)        512M (100%)        512M (100%)        512M (100%)        512M (100%)        512M (100%)   
[10.852s][info][gc,heap     ] GC(33)      Free:      348M (68%)         348M (68%)         464M (91%)         466M (91%)         466M (91%)         348M (68%)    
[10.852s][info][gc,heap     ] GC(33)      Used:      164M (32%)         164M (32%)          48M (9%)           46M (9%)          164M (32%)          46M (9%)     
[10.852s][info][gc,heap     ] GC(33)      Live:         -                32M (6%)           32M (6%)           32M (6%)             -                  -          
[10.852s][info][gc,heap     ] GC(33) Allocated:         -                 0M (0%)            0M (0%)            0M (0%)             -                  -          
[10.852s][info][gc,heap     ] GC(33)   Garbage:         -               131M (26%)          15M (3%)           13M (3%)             -                  -          
[10.852s][info][gc,heap     ] GC(33) Reclaimed:         -                  -               116M (23%)         118M (23%)            -                  -          
[10.852s][info][gc          ] GC(33) Garbage Collection (System.gc()) 164M(32%)->46M(9%)
[11.126s][info][gc,start    ] GC(34) Garbage Collection (System.gc())
[11.126s][info][gc,task     ] GC(34) Using 5 workers
[11.126s][info][gc,phases   ] GC(34) Pause Mark Start 0.015ms
[11.157s][info][gc,phases   ] GC(34) Concurrent Mark 30.793ms
[11.157s][info][gc,phases   ] GC(34) Pause Mark End 0.014ms
[11.158s][info][gc,phases   ] GC(34) Concurrent Mark Free 0.001ms
[11.159s][info][gc,phases   ] GC(34) Concurrent Process Non-Strong References 1.051ms
[11.159s][info][gc,phases   ] GC(34) Concurrent Reset Relocation Set 0.001ms
[11.162s][info][gc,phases   ] GC(34) Concurrent Select Relocation Set 3.544ms
[11.162s][info][gc,phases   ] GC(34) Pause Relocate Start 0.007ms
[11.165s][info][gc,phases   ] GC(34) Concurrent Relocate 2.750ms
[11.165s][info][gc,load     ] GC(34) Load: 0.00/0.00/0.00
[11.165s][info][gc,mmu      ] GC(34) MMU: 2ms/99.0%, 5ms/99.4%, 10ms/99.7%, 20ms/99.9%, 50ms/99.9%, 100ms/99.9%
[11.165s][info][gc,marking  ] GC(34) Mark: 4 stripe(s), 2 proactive flush(es), 1 terminate flush(es), 0 completion(s), 0 continuation(s) 
[11.165s][info][gc,marking  ] GC(34) Mark Stack Usage: 32M
[11.165s][info][gc,nmethod  ] GC(34) NMethods: 1411 registered, 16 unregistered
[11.165s][info][gc,metaspace] GC(34) Metaspace: 11M used, 11M committed, 1088M reserved
[11.165s][info][gc,ref      ] GC(34) Soft: 186 encountered, 0 discovered, 0 enqueued
[11.165s][info][gc,ref      ] GC(34) Weak: 582 encountered, 200 discovered, 0 enqueued
[11.165s][info][gc,ref      ] GC(34) Final: 0 encountered, 0 discovered, 0 enqueued
[11.166s][info][gc,ref      ] GC(34) Phantom: 24 encountered, 13 discovered, 0 enqueued
[11.166s][info][gc,reloc    ] GC(34) Small Pages: 82 / 164M, Empty: 116M, Relocated: 4M, In-Place: 0
[11.166s][info][gc,reloc    ] GC(34) Medium Pages: 0 / 0M, Empty: 0M, Relocated: 0M, In-Place: 0
[11.166s][info][gc,reloc    ] GC(34) Large Pages: 0 / 0M, Empty: 0M, Relocated: 0M, In-Place: 0
[11.166s][info][gc,reloc    ] GC(34) Forwarding Usage: 1M
[11.166s][info][gc,heap     ] GC(34) Min Capacity: 8M(2%)
[11.166s][info][gc,heap     ] GC(34) Max Capacity: 512M(100%)
[11.166s][info][gc,heap     ] GC(34) Soft Max Capacity: 512M(100%)
[11.166s][info][gc,heap     ] GC(34)                Mark Start          Mark End        Relocate Start      Relocate End           High               Low         
[11.166s][info][gc,heap     ] GC(34)  Capacity:      512M (100%)        512M (100%)        512M (100%)        512M (100%)        512M (100%)        512M (100%)   
[11.166s][info][gc,heap     ] GC(34)      Free:      348M (68%)         348M (68%)         464M (91%)         466M (91%)         466M (91%)         348M (68%)    
[11.166s][info][gc,heap     ] GC(34)      Used:      164M (32%)         164M (32%)          48M (9%)           46M (9%)          164M (32%)          46M (9%)     
[11.166s][info][gc,heap     ] GC(34)      Live:         -                32M (6%)           32M (6%)           32M (6%)             -                  -          
[11.166s][info][gc,heap     ] GC(34) Allocated:         -                 0M (0%)            0M (0%)            0M (0%)             -                  -          
[11.166s][info][gc,heap     ] GC(34)   Garbage:         -               131M (26%)          15M (3%)           13M (3%)             -                  -          
[11.166s][info][gc,heap     ] GC(34) Reclaimed:         -                  -               116M (23%)         118M (23%)            -                  -          
[11.166s][info][gc          ] GC(34) Garbage Collection (System.gc()) 164M(32%)->46M(9%)
[11.429s][info][gc,start    ] GC(35) Garbage Collection (System.gc())
[11.429s][info][gc,task     ] GC(35) Using 5 workers
[11.429s][info][gc,phases   ] GC(35) Pause Mark Start 0.016ms
[11.459s][info][gc,phases   ] GC(35) Concurrent Mark 29.899ms
[11.459s][info][gc,phases   ] GC(35) Pause Mark End 0.011ms
[11.459s][info][gc,phases   ] GC(35) Concurrent Mark Free 0.001ms
[11.460s][info][gc,phases   ] GC(35) Concurrent Process Non-Strong References 0.975ms
[11.460s][info][gc,phases   ] GC(35) Concurrent Reset Relocation Set 0.002ms
[11.464s][info][gc,phases   ] GC(35) Concurrent Select Relocation Set 3.547ms
[11.464s][info][gc,phases   ] GC(35) Pause Relocate Start 0.006ms
[11.466s][info][gc,phases   ] GC(35) Concurrent Relocate 2.304ms
[11.466s][info][gc,load     ] GC(35) Load: 0.00/0.00/0.00
[11.466s][info][gc,mmu      ] GC(35) MMU: 2ms/99.0%, 5ms/99.4%, 10ms/99.7%, 20ms/99.9%, 50ms/99.9%, 100ms/99.9%
[11.466s][info][gc,marking  ] GC(35) Mark: 4 stripe(s), 6 proactive flush(es), 1 terminate flush(es), 0 completion(s), 0 continuation(s) 
[11.466s][info][gc,marking  ] GC(35) Mark Stack Usage: 32M
[11.466s][info][gc,nmethod  ] GC(35) NMethods: 1417 registered, 16 unregistered
[11.466s][info][gc,metaspace] GC(35) Metaspace: 11M used, 11M committed, 1088M reserved
[11.466s][info][gc,ref      ] GC(35) Soft: 186 encountered, 0 discovered, 0 enqueued
[11.466s][info][gc,ref      ] GC(35) Weak: 582 encountered, 315 discovered, 0 enqueued
[11.466s][info][gc,ref      ] GC(35) Final: 0 encountered, 0 discovered, 0 enqueued
[11.466s][info][gc,ref      ] GC(35) Phantom: 24 encountered, 22 discovered, 0 enqueued
[11.466s][info][gc,reloc    ] GC(35) Small Pages: 82 / 164M, Empty: 116M, Relocated: 4M, In-Place: 0
[11.466s][info][gc,reloc    ] GC(35) Medium Pages: 0 / 0M, Empty: 0M, Relocated: 0M, In-Place: 0
[11.466s][info][gc,reloc    ] GC(35) Large Pages: 0 / 0M, Empty: 0M, Relocated: 0M, In-Place: 0
[11.466s][info][gc,reloc    ] GC(35) Forwarding Usage: 1M
[11.466s][info][gc,heap     ] GC(35) Min Capacity: 8M(2%)
[11.467s][info][gc,heap     ] GC(35) Max Capacity: 512M(100%)
[11.467s][info][gc,heap     ] GC(35) Soft Max Capacity: 512M(100%)
[11.467s][info][gc,heap     ] GC(35)                Mark Start          Mark End        Relocate Start      Relocate End           High               Low         
[11.467s][info][gc,heap     ] GC(35)  Capacity:      512M (100%)        512M (100%)        512M (100%)        512M (100%)        512M (100%)        512M (100%)   
[11.467s][info][gc,heap     ] GC(35)      Free:      348M (68%)         348M (68%)         464M (91%)         466M (91%)         466M (91%)         348M (68%)    
[11.467s][info][gc,heap     ] GC(35)      Used:      164M (32%)         164M (32%)          48M (9%)           46M (9%)          164M (32%)          46M (9%)     
[11.467s][info][gc,heap     ] GC(35)      Live:         -                32M (6%)           32M (6%)           32M (6%)             -                  -          
[11.467s][info][gc,heap     ] GC(35) Allocated:         -                 0M (0%)            0M (0%)            0M (0%)             -                  -          
[11.467s][info][gc,heap     ] GC(35)   Garbage:         -               131M (26%)          15M (3%)           13M (3%)             -                  -          
[11.467s][info][gc,heap     ] GC(35) Reclaimed:         -                  -               116M (23%)         118M (23%)            -                  -          
[11.467s][info][gc          ] GC(35) Garbage Collection (System.gc()) 164M(32%)->46M(9%)
[11.727s][info][gc,start    ] GC(36) Garbage Collection (System.gc())
[11.727s][info][gc,task     ] GC(36) Using 5 workers
[11.727s][info][gc,phases   ] GC(36) Pause Mark Start 0.015ms
[11.771s][info][gc,phases   ] GC(36) Concurrent Mark 43.773ms
[11.771s][info][gc,phases   ] GC(36) Pause Mark End 0.017ms
[11.772s][info][gc,phases   ] GC(36) Concurrent Mark Free 0.001ms
[11.773s][info][gc,phases   ] GC(36) Concurrent Process Non-Strong References 1.110ms
[11.773s][info][gc,phases   ] GC(36) Concurrent Reset Relocation Set 0.001ms
[11.776s][info][gc,phases   ] GC(36) Concurrent Select Relocation Set 3.566ms
[11.776s][info][gc,phases   ] GC(36) Pause Relocate Start 0.007ms
[11.779s][info][gc,phases   ] GC(36) Concurrent Relocate 2.148ms
[11.779s][info][gc,load     ] GC(36) Load: 0.00/0.00/0.00
[11.779s][info][gc,mmu      ] GC(36) MMU: 2ms/99.0%, 5ms/99.4%, 10ms/99.7%, 20ms/99.9%, 50ms/99.9%, 100ms/99.9%
[11.779s][info][gc,marking  ] GC(36) Mark: 4 stripe(s), 10 proactive flush(es), 1 terminate flush(es), 0 completion(s), 0 continuation(s) 
[11.779s][info][gc,marking  ] GC(36) Mark Stack Usage: 32M
[11.779s][info][gc,nmethod  ] GC(36) NMethods: 1417 registered, 2 unregistered
[11.779s][info][gc,metaspace] GC(36) Metaspace: 11M used, 11M committed, 1088M reserved
[11.779s][info][gc,ref      ] GC(36) Soft: 186 encountered, 0 discovered, 0 enqueued
[11.779s][info][gc,ref      ] GC(36) Weak: 582 encountered, 192 discovered, 0 enqueued
[11.779s][info][gc,ref      ] GC(36) Final: 0 encountered, 0 discovered, 0 enqueued
[11.779s][info][gc,ref      ] GC(36) Phantom: 24 encountered, 20 discovered, 0 enqueued
[11.779s][info][gc,reloc    ] GC(36) Small Pages: 82 / 164M, Empty: 114M, Relocated: 4M, In-Place: 0
[11.779s][info][gc,reloc    ] GC(36) Medium Pages: 0 / 0M, Empty: 0M, Relocated: 0M, In-Place: 0
[11.779s][info][gc,reloc    ] GC(36) Large Pages: 0 / 0M, Empty: 0M, Relocated: 0M, In-Place: 0
[11.779s][info][gc,reloc    ] GC(36) Forwarding Usage: 1M
[11.779s][info][gc,heap     ] GC(36) Min Capacity: 8M(2%)
[11.779s][info][gc,heap     ] GC(36) Max Capacity: 512M(100%)
[11.779s][info][gc,heap     ] GC(36) Soft Max Capacity: 512M(100%)
[11.779s][info][gc,heap     ] GC(36)                Mark Start          Mark End        Relocate Start      Relocate End           High               Low         
[11.779s][info][gc,heap     ] GC(36)  Capacity:      512M (100%)        512M (100%)        512M (100%)        512M (100%)        512M (100%)        512M (100%)   
[11.779s][info][gc,heap     ] GC(36)      Free:      348M (68%)         348M (68%)         462M (90%)         466M (91%)         466M (91%)         348M (68%)    
[11.779s][info][gc,heap     ] GC(36)      Used:      164M (32%)         164M (32%)          50M (10%)          46M (9%)          164M (32%)          46M (9%)     
[11.779s][info][gc,heap     ] GC(36)      Live:         -                32M (6%)           32M (6%)           32M (6%)             -                  -          
[11.779s][info][gc,heap     ] GC(36) Allocated:         -                 0M (0%)            0M (0%)            0M (0%)             -                  -          
[11.779s][info][gc,heap     ] GC(36)   Garbage:         -               131M (26%)          17M (3%)           13M (3%)             -                  -          
[11.779s][info][gc,heap     ] GC(36) Reclaimed:         -                  -               114M (22%)         118M (23%)            -                  -          
[11.779s][info][gc          ] GC(36) Garbage Collection (System.gc()) 164M(32%)->46M(9%)
[12.048s][info][gc,start    ] GC(37) Garbage Collection (System.gc())
[12.048s][info][gc,task     ] GC(37) Using 5 workers
[12.048s][info][gc,phases   ] GC(37) Pause Mark Start 0.015ms
[12.095s][info][gc,phases   ] GC(37) Concurrent Mark 46.395ms
[12.095s][info][gc,phases   ] GC(37) Pause Mark End 0.017ms
[12.095s][info][gc,phases   ] GC(37) Concurrent Mark Free 0.001ms
[12.096s][info][gc,phases   ] GC(37) Concurrent Process Non-Strong References 1.079ms
[12.096s][info][gc,phases   ] GC(37) Concurrent Reset Relocation Set 0.002ms
[12.099s][info][gc,phases   ] GC(37) Concurrent Select Relocation Set 3.439ms
[12.100s][info][gc,phases   ] GC(37) Pause Relocate Start 0.008ms
[12.103s][info][gc,phases   ] GC(37) Concurrent Relocate 3.148ms
[12.103s][info][gc,load     ] GC(37) Load: 0.00/0.00/0.00
[12.103s][info][gc,mmu      ] GC(37) MMU: 2ms/99.0%, 5ms/99.4%, 10ms/99.7%, 20ms/99.9%, 50ms/99.9%, 100ms/99.9%
[12.103s][info][gc,marking  ] GC(37) Mark: 4 stripe(s), 3 proactive flush(es), 1 terminate flush(es), 0 completion(s), 0 continuation(s) 
[12.103s][info][gc,marking  ] GC(37) Mark Stack Usage: 32M
[12.103s][info][gc,nmethod  ] GC(37) NMethods: 1418 registered, 2 unregistered
[12.103s][info][gc,metaspace] GC(37) Metaspace: 11M used, 11M committed, 1088M reserved
[12.103s][info][gc,ref      ] GC(37) Soft: 186 encountered, 0 discovered, 0 enqueued
[12.103s][info][gc,ref      ] GC(37) Weak: 582 encountered, 243 discovered, 0 enqueued
[12.103s][info][gc,ref      ] GC(37) Final: 0 encountered, 0 discovered, 0 enqueued
[12.103s][info][gc,ref      ] GC(37) Phantom: 24 encountered, 13 discovered, 0 enqueued
[12.103s][info][gc,reloc    ] GC(37) Small Pages: 82 / 164M, Empty: 116M, Relocated: 4M, In-Place: 0
[12.103s][info][gc,reloc    ] GC(37) Medium Pages: 0 / 0M, Empty: 0M, Relocated: 0M, In-Place: 0
[12.103s][info][gc,reloc    ] GC(37) Large Pages: 0 / 0M, Empty: 0M, Relocated: 0M, In-Place: 0
[12.103s][info][gc,reloc    ] GC(37) Forwarding Usage: 1M
[12.103s][info][gc,heap     ] GC(37) Min Capacity: 8M(2%)
[12.103s][info][gc,heap     ] GC(37) Max Capacity: 512M(100%)
[12.103s][info][gc,heap     ] GC(37) Soft Max Capacity: 512M(100%)
[12.103s][info][gc,heap     ] GC(37)                Mark Start          Mark End        Relocate Start      Relocate End           High               Low         
[12.103s][info][gc,heap     ] GC(37)  Capacity:      512M (100%)        512M (100%)        512M (100%)        512M (100%)        512M (100%)        512M (100%)   
[12.103s][info][gc,heap     ] GC(37)      Free:      348M (68%)         348M (68%)         464M (91%)         466M (91%)         466M (91%)         348M (68%)    
[12.103s][info][gc,heap     ] GC(37)      Used:      164M (32%)         164M (32%)          48M (9%)           46M (9%)          164M (32%)          46M (9%)     
[12.103s][info][gc,heap     ] GC(37)      Live:         -                32M (6%)           32M (6%)           32M (6%)             -                  -          
[12.104s][info][gc,heap     ] GC(37) Allocated:         -                 0M (0%)            0M (0%)            0M (0%)             -                  -          
[12.104s][info][gc,heap     ] GC(37)   Garbage:         -               131M (26%)          15M (3%)           13M (3%)             -                  -          
[12.104s][info][gc,heap     ] GC(37) Reclaimed:         -                  -               116M (23%)         118M (23%)            -                  -          
[12.104s][info][gc          ] GC(37) Garbage Collection (System.gc()) 164M(32%)->46M(9%)
[12.363s][info][gc,start    ] GC(38) Garbage Collection (System.gc())
[12.363s][info][gc,task     ] GC(38) Using 5 workers
[12.364s][info][gc,phases   ] GC(38) Pause Mark Start 0.015ms
[12.407s][info][gc,phases   ] GC(38) Concurrent Mark 43.391ms
[12.407s][info][gc,phases   ] GC(38) Pause Mark End 0.019ms
[12.407s][info][gc,phases   ] GC(38) Concurrent Mark Free 0.001ms
[12.408s][info][gc,phases   ] GC(38) Concurrent Process Non-Strong References 1.090ms
[12.408s][info][gc,phases   ] GC(38) Concurrent Reset Relocation Set 0.001ms
[12.412s][info][gc,phases   ] GC(38) Concurrent Select Relocation Set 3.480ms
[12.412s][info][gc,phases   ] GC(38) Pause Relocate Start 0.009ms
[12.415s][info][gc,phases   ] GC(38) Concurrent Relocate 2.530ms
[12.415s][info][gc,load     ] GC(38) Load: 0.00/0.00/0.00
[12.415s][info][gc,mmu      ] GC(38) MMU: 2ms/99.0%, 5ms/99.4%, 10ms/99.7%, 20ms/99.9%, 50ms/99.9%, 100ms/99.9%
[12.415s][info][gc,marking  ] GC(38) Mark: 4 stripe(s), 1 proactive flush(es), 1 terminate flush(es), 0 completion(s), 0 continuation(s) 
[12.415s][info][gc,marking  ] GC(38) Mark Stack Usage: 32M
[12.415s][info][gc,nmethod  ] GC(38) NMethods: 1419 registered, 2 unregistered
[12.415s][info][gc,metaspace] GC(38) Metaspace: 11M used, 11M committed, 1088M reserved
[12.415s][info][gc,ref      ] GC(38) Soft: 186 encountered, 0 discovered, 0 enqueued
[12.415s][info][gc,ref      ] GC(38) Weak: 582 encountered, 283 discovered, 0 enqueued
[12.415s][info][gc,ref      ] GC(38) Final: 0 encountered, 0 discovered, 0 enqueued
[12.415s][info][gc,ref      ] GC(38) Phantom: 24 encountered, 10 discovered, 0 enqueued
[12.415s][info][gc,reloc    ] GC(38) Small Pages: 82 / 164M, Empty: 116M, Relocated: 4M, In-Place: 0
[12.415s][info][gc,reloc    ] GC(38) Medium Pages: 0 / 0M, Empty: 0M, Relocated: 0M, In-Place: 0
[12.415s][info][gc,reloc    ] GC(38) Large Pages: 0 / 0M, Empty: 0M, Relocated: 0M, In-Place: 0
[12.415s][info][gc,reloc    ] GC(38) Forwarding Usage: 1M
[12.415s][info][gc,heap     ] GC(38) Min Capacity: 8M(2%)
[12.415s][info][gc,heap     ] GC(38) Max Capacity: 512M(100%)
[12.415s][info][gc,heap     ] GC(38) Soft Max Capacity: 512M(100%)
[12.415s][info][gc,heap     ] GC(38)                Mark Start          Mark End        Relocate Start      Relocate End           High               Low         
[12.415s][info][gc,heap     ] GC(38)  Capacity:      512M (100%)        512M (100%)        512M (100%)        512M (100%)        512M (100%)        512M (100%)   
[12.415s][info][gc,heap     ] GC(38)      Free:      348M (68%)         348M (68%)         464M (91%)         466M (91%)         466M (91%)         348M (68%)    
[12.415s][info][gc,heap     ] GC(38)      Used:      164M (32%)         164M (32%)          48M (9%)           46M (9%)          164M (32%)          46M (9%)     
[12.415s][info][gc,heap     ] GC(38)      Live:         -                32M (6%)           32M (6%)           32M (6%)             -                  -          
[12.415s][info][gc,heap     ] GC(38) Allocated:         -                 0M (0%)            0M (0%)            0M (0%)             -                  -          
[12.415s][info][gc,heap     ] GC(38)   Garbage:         -               131M (26%)          15M (3%)           13M (3%)             -                  -          
[12.415s][info][gc,heap     ] GC(38) Reclaimed:         -                  -               116M (23%)         118M (23%)            -                  -          
[12.415s][info][gc          ] GC(38) Garbage Collection (System.gc()) 164M(32%)->46M(9%)
[12.686s][info][gc,start    ] GC(39) Garbage Collection (System.gc())
[12.686s][info][gc,task     ] GC(39) Using 5 workers
[12.686s][info][gc,phases   ] GC(39) Pause Mark Start 0.015ms
[12.710s][info][gc,phases   ] GC(39) Concurrent Mark 23.526ms
[12.710s][info][gc,phases   ] GC(39) Pause Mark End 0.015ms
[12.710s][info][gc,phases   ] GC(39) Concurrent Mark Free 0.001ms
[12.711s][info][gc,phases   ] GC(39) Concurrent Process Non-Strong References 0.929ms
[12.711s][info][gc,phases   ] GC(39) Concurrent Reset Relocation Set 0.001ms
[12.714s][info][gc,phases   ] GC(39) Concurrent Select Relocation Set 3.511ms
[12.714s][info][gc,phases   ] GC(39) Pause Relocate Start 0.005ms
[12.717s][info][gc,phases   ] GC(39) Concurrent Relocate 2.223ms
[12.717s][info][gc,load     ] GC(39) Load: 0.00/0.00/0.00
[12.717s][info][gc,mmu      ] GC(39) MMU: 2ms/99.0%, 5ms/99.4%, 10ms/99.7%, 20ms/99.9%, 50ms/99.9%, 100ms/99.9%
[12.717s][info][gc,marking  ] GC(39) Mark: 4 stripe(s), 6 proactive flush(es), 1 terminate flush(es), 0 completion(s), 0 continuation(s) 
[12.717s][info][gc,marking  ] GC(39) Mark Stack Usage: 32M
[12.717s][info][gc,nmethod  ] GC(39) NMethods: 1421 registered, 3 unregistered
[12.717s][info][gc,metaspace] GC(39) Metaspace: 11M used, 12M committed, 1088M reserved
[12.717s][info][gc,ref      ] GC(39) Soft: 186 encountered, 0 discovered, 0 enqueued
[12.717s][info][gc,ref      ] GC(39) Weak: 582 encountered, 236 discovered, 0 enqueued
[12.717s][info][gc,ref      ] GC(39) Final: 0 encountered, 0 discovered, 0 enqueued
[12.717s][info][gc,ref      ] GC(39) Phantom: 24 encountered, 21 discovered, 0 enqueued
[12.717s][info][gc,reloc    ] GC(39) Small Pages: 82 / 164M, Empty: 116M, Relocated: 4M, In-Place: 0
[12.717s][info][gc,reloc    ] GC(39) Medium Pages: 0 / 0M, Empty: 0M, Relocated: 0M, In-Place: 0
[12.717s][info][gc,reloc    ] GC(39) Large Pages: 0 / 0M, Empty: 0M, Relocated: 0M, In-Place: 0
[12.717s][info][gc,reloc    ] GC(39) Forwarding Usage: 1M
[12.717s][info][gc,heap     ] GC(39) Min Capacity: 8M(2%)
[12.717s][info][gc,heap     ] GC(39) Max Capacity: 512M(100%)
[12.717s][info][gc,heap     ] GC(39) Soft Max Capacity: 512M(100%)
[12.717s][info][gc,heap     ] GC(39)                Mark Start          Mark End        Relocate Start      Relocate End           High               Low         
[12.717s][info][gc,heap     ] GC(39)  Capacity:      512M (100%)        512M (100%)        512M (100%)        512M (100%)        512M (100%)        512M (100%)   
[12.717s][info][gc,heap     ] GC(39)      Free:      348M (68%)         348M (68%)         464M (91%)         466M (91%)         466M (91%)         348M (68%)    
[12.717s][info][gc,heap     ] GC(39)      Used:      164M (32%)         164M (32%)          48M (9%)           46M (9%)          164M (32%)          46M (9%)     
[12.717s][info][gc,heap     ] GC(39)      Live:         -                32M (6%)           32M (6%)           32M (6%)             -                  -          
[12.717s][info][gc,heap     ] GC(39) Allocated:         -                 0M (0%)            0M (0%)            0M (0%)             -                  -          
[12.717s][info][gc,heap     ] GC(39)   Garbage:         -               131M (26%)          15M (3%)           13M (3%)             -                  -          
[12.718s][info][gc,heap     ] GC(39) Reclaimed:         -                  -               116M (23%)         118M (23%)            -                  -          
[12.718s][info][gc          ] GC(39) Garbage Collection (System.gc()) 164M(32%)->46M(9%)
[12.992s][info][gc,start    ] GC(40) Garbage Collection (System.gc())
[12.992s][info][gc,task     ] GC(40) Using 5 workers
[12.992s][info][gc,phases   ] GC(40) Pause Mark Start 0.014ms
[13.020s][info][gc,phases   ] GC(40) Concurrent Mark 28.199ms
[13.020s][info][gc,phases   ] GC(40) Pause Mark End 0.010ms
[13.020s][info][gc,phases   ] GC(40) Concurrent Mark Free 0.001ms
[13.021s][info][gc,phases   ] GC(40) Concurrent Process Non-Strong References 0.878ms
[13.021s][info][gc,phases   ] GC(40) Concurrent Reset Relocation Set 0.001ms
[13.025s][info][gc,phases   ] GC(40) Concurrent Select Relocation Set 3.524ms
[13.025s][info][gc,phases   ] GC(40) Pause Relocate Start 0.004ms
[13.028s][info][gc,phases   ] GC(40) Concurrent Relocate 2.764ms
[13.028s][info][gc,load     ] GC(40) Load: 0.00/0.00/0.00
[13.028s][info][gc,mmu      ] GC(40) MMU: 2ms/99.0%, 5ms/99.4%, 10ms/99.7%, 20ms/99.9%, 50ms/99.9%, 100ms/99.9%
[13.028s][info][gc,marking  ] GC(40) Mark: 4 stripe(s), 6 proactive flush(es), 1 terminate flush(es), 0 completion(s), 0 continuation(s) 
[13.028s][info][gc,marking  ] GC(40) Mark Stack Usage: 32M
[13.028s][info][gc,nmethod  ] GC(40) NMethods: 1422 registered, 3 unregistered
[13.028s][info][gc,metaspace] GC(40) Metaspace: 11M used, 12M committed, 1088M reserved
[13.028s][info][gc,ref      ] GC(40) Soft: 186 encountered, 0 discovered, 0 enqueued
[13.028s][info][gc,ref      ] GC(40) Weak: 582 encountered, 185 discovered, 0 enqueued
[13.028s][info][gc,ref      ] GC(40) Final: 0 encountered, 0 discovered, 0 enqueued
[13.028s][info][gc,ref      ] GC(40) Phantom: 24 encountered, 16 discovered, 0 enqueued
[13.028s][info][gc,reloc    ] GC(40) Small Pages: 82 / 164M, Empty: 116M, Relocated: 4M, In-Place: 0
[13.028s][info][gc,reloc    ] GC(40) Medium Pages: 0 / 0M, Empty: 0M, Relocated: 0M, In-Place: 0
[13.028s][info][gc,reloc    ] GC(40) Large Pages: 0 / 0M, Empty: 0M, Relocated: 0M, In-Place: 0
[13.028s][info][gc,reloc    ] GC(40) Forwarding Usage: 1M
[13.028s][info][gc,heap     ] GC(40) Min Capacity: 8M(2%)
[13.028s][info][gc,heap     ] GC(40) Max Capacity: 512M(100%)
[13.028s][info][gc,heap     ] GC(40) Soft Max Capacity: 512M(100%)
[13.028s][info][gc,heap     ] GC(40)                Mark Start          Mark End        Relocate Start      Relocate End           High               Low         
[13.028s][info][gc,heap     ] GC(40)  Capacity:      512M (100%)        512M (100%)        512M (100%)        512M (100%)        512M (100%)        512M (100%)   
[13.028s][info][gc,heap     ] GC(40)      Free:      348M (68%)         348M (68%)         464M (91%)         466M (91%)         466M (91%)         348M (68%)    
[13.028s][info][gc,heap     ] GC(40)      Used:      164M (32%)         164M (32%)          48M (9%)           46M (9%)          164M (32%)          46M (9%)     
[13.028s][info][gc,heap     ] GC(40)      Live:         -                32M (6%)           32M (6%)           32M (6%)             -                  -          
[13.028s][info][gc,heap     ] GC(40) Allocated:         -                 0M (0%)            0M (0%)            0M (0%)             -                  -          
[13.029s][info][gc,heap     ] GC(40)   Garbage:         -               131M (26%)          15M (3%)           13M (3%)             -                  -          
[13.029s][info][gc,heap     ] GC(40) Reclaimed:         -                  -               116M (23%)         118M (23%)            -                  -          
[13.029s][info][gc          ] GC(40) Garbage Collection (System.gc()) 164M(32%)->46M(9%)
[13.290s][info][gc,start    ] GC(41) Garbage Collection (System.gc())
[13.290s][info][gc,task     ] GC(41) Using 5 workers
[13.290s][info][gc,phases   ] GC(41) Pause Mark Start 0.017ms
[13.336s][info][gc,phases   ] GC(41) Concurrent Mark 45.314ms
[13.336s][info][gc,phases   ] GC(41) Pause Mark End 0.025ms
[13.336s][info][gc,phases   ] GC(41) Concurrent Mark Free 0.001ms
[13.337s][info][gc,phases   ] GC(41) Concurrent Process Non-Strong References 1.138ms
[13.337s][info][gc,phases   ] GC(41) Concurrent Reset Relocation Set 0.001ms
[13.341s][info][gc,phases   ] GC(41) Concurrent Select Relocation Set 3.527ms
[13.341s][info][gc,phases   ] GC(41) Pause Relocate Start 0.009ms
[13.343s][info][gc,phases   ] GC(41) Concurrent Relocate 2.156ms
[13.343s][info][gc,load     ] GC(41) Load: 0.00/0.00/0.00
[13.343s][info][gc,mmu      ] GC(41) MMU: 2ms/98.8%, 5ms/99.3%, 10ms/99.7%, 20ms/99.8%, 50ms/99.9%, 100ms/99.9%
[13.343s][info][gc,marking  ] GC(41) Mark: 4 stripe(s), 7 proactive flush(es), 1 terminate flush(es), 0 completion(s), 0 continuation(s) 
[13.343s][info][gc,marking  ] GC(41) Mark Stack Usage: 32M
[13.343s][info][gc,nmethod  ] GC(41) NMethods: 1423 registered, 3 unregistered
[13.343s][info][gc,metaspace] GC(41) Metaspace: 11M used, 12M committed, 1088M reserved
[13.343s][info][gc,ref      ] GC(41) Soft: 186 encountered, 0 discovered, 0 enqueued
[13.343s][info][gc,ref      ] GC(41) Weak: 582 encountered, 144 discovered, 0 enqueued
[13.343s][info][gc,ref      ] GC(41) Final: 0 encountered, 0 discovered, 0 enqueued
[13.343s][info][gc,ref      ] GC(41) Phantom: 24 encountered, 12 discovered, 0 enqueued
[13.343s][info][gc,reloc    ] GC(41) Small Pages: 82 / 164M, Empty: 116M, Relocated: 4M, In-Place: 0
[13.343s][info][gc,reloc    ] GC(41) Medium Pages: 0 / 0M, Empty: 0M, Relocated: 0M, In-Place: 0
[13.343s][info][gc,reloc    ] GC(41) Large Pages: 0 / 0M, Empty: 0M, Relocated: 0M, In-Place: 0
[13.343s][info][gc,reloc    ] GC(41) Forwarding Usage: 1M
[13.343s][info][gc,heap     ] GC(41) Min Capacity: 8M(2%)
[13.343s][info][gc,heap     ] GC(41) Max Capacity: 512M(100%)
[13.344s][info][gc,heap     ] GC(41) Soft Max Capacity: 512M(100%)
[13.344s][info][gc,heap     ] GC(41)                Mark Start          Mark End        Relocate Start      Relocate End           High               Low         
[13.344s][info][gc,heap     ] GC(41)  Capacity:      512M (100%)        512M (100%)        512M (100%)        512M (100%)        512M (100%)        512M (100%)   
[13.344s][info][gc,heap     ] GC(41)      Free:      348M (68%)         348M (68%)         464M (91%)         466M (91%)         466M (91%)         348M (68%)    
[13.344s][info][gc,heap     ] GC(41)      Used:      164M (32%)         164M (32%)          48M (9%)           46M (9%)          164M (32%)          46M (9%)     
[13.344s][info][gc,heap     ] GC(41)      Live:         -                32M (6%)           32M (6%)           32M (6%)             -                  -          
[13.344s][info][gc,heap     ] GC(41) Allocated:         -                 0M (0%)            0M (0%)            0M (0%)             -                  -          
[13.344s][info][gc,heap     ] GC(41)   Garbage:         -               131M (26%)          15M (3%)           13M (3%)             -                  -          
[13.344s][info][gc,heap     ] GC(41) Reclaimed:         -                  -               116M (23%)         118M (23%)            -                  -          
[13.344s][info][gc          ] GC(41) Garbage Collection (System.gc()) 164M(32%)->46M(9%)
[13.602s][info][gc,start    ] GC(42) Garbage Collection (System.gc())
[13.602s][info][gc,task     ] GC(42) Using 5 workers
[13.602s][info][gc,phases   ] GC(42) Pause Mark Start 0.016ms
[13.632s][info][gc,phases   ] GC(42) Concurrent Mark 29.708ms
[13.632s][info][gc,phases   ] GC(42) Pause Mark End 0.011ms
[13.632s][info][gc,phases   ] GC(42) Concurrent Mark Free 0.001ms
[13.633s][info][gc,phases   ] GC(42) Concurrent Process Non-Strong References 0.991ms
[13.633s][info][gc,phases   ] GC(42) Concurrent Reset Relocation Set 0.001ms
[13.637s][info][gc,phases   ] GC(42) Concurrent Select Relocation Set 3.542ms
[13.637s][info][gc,phases   ] GC(42) Pause Relocate Start 0.004ms
[13.640s][info][gc,phases   ] GC(42) Concurrent Relocate 2.546ms
[13.640s][info][gc,load     ] GC(42) Load: 0.00/0.00/0.00
[13.640s][info][gc,mmu      ] GC(42) MMU: 2ms/98.8%, 5ms/99.3%, 10ms/99.7%, 20ms/99.8%, 50ms/99.9%, 100ms/99.9%
[13.640s][info][gc,marking  ] GC(42) Mark: 4 stripe(s), 3 proactive flush(es), 1 terminate flush(es), 0 completion(s), 0 continuation(s) 
[13.640s][info][gc,marking  ] GC(42) Mark Stack Usage: 32M
[13.640s][info][gc,nmethod  ] GC(42) NMethods: 1424 registered, 3 unregistered
[13.640s][info][gc,metaspace] GC(42) Metaspace: 11M used, 12M committed, 1088M reserved
[13.640s][info][gc,ref      ] GC(42) Soft: 186 encountered, 0 discovered, 0 enqueued
[13.640s][info][gc,ref      ] GC(42) Weak: 582 encountered, 245 discovered, 0 enqueued
[13.640s][info][gc,ref      ] GC(42) Final: 0 encountered, 0 discovered, 0 enqueued
[13.640s][info][gc,ref      ] GC(42) Phantom: 24 encountered, 15 discovered, 0 enqueued
[13.640s][info][gc,reloc    ] GC(42) Small Pages: 82 / 164M, Empty: 116M, Relocated: 4M, In-Place: 0
[13.640s][info][gc,reloc    ] GC(42) Medium Pages: 0 / 0M, Empty: 0M, Relocated: 0M, In-Place: 0
[13.640s][info][gc,reloc    ] GC(42) Large Pages: 0 / 0M, Empty: 0M, Relocated: 0M, In-Place: 0
[13.640s][info][gc,reloc    ] GC(42) Forwarding Usage: 1M
[13.640s][info][gc,heap     ] GC(42) Min Capacity: 8M(2%)
[13.640s][info][gc,heap     ] GC(42) Max Capacity: 512M(100%)
[13.640s][info][gc,heap     ] GC(42) Soft Max Capacity: 512M(100%)
[13.640s][info][gc,heap     ] GC(42)                Mark Start          Mark End        Relocate Start      Relocate End           High               Low         
[13.640s][info][gc,heap     ] GC(42)  Capacity:      512M (100%)        512M (100%)        512M (100%)        512M (100%)        512M (100%)        512M (100%)   
[13.640s][info][gc,heap     ] GC(42)      Free:      348M (68%)         348M (68%)         464M (91%)         466M (91%)         466M (91%)         348M (68%)    
[13.640s][info][gc,heap     ] GC(42)      Used:      164M (32%)         164M (32%)          48M (9%)           46M (9%)          164M (32%)          46M (9%)     
[13.640s][info][gc,heap     ] GC(42)      Live:         -                32M (6%)           32M (6%)           32M (6%)             -                  -          
[13.640s][info][gc,heap     ] GC(42) Allocated:         -                 0M (0%)            0M (0%)            0M (0%)             -                  -          
[13.640s][info][gc,heap     ] GC(42)   Garbage:         -               131M (26%)          15M (3%)           13M (3%)             -                  -          
[13.640s][info][gc,heap     ] GC(42) Reclaimed:         -                  -               116M (23%)         118M (23%)            -                  -          
[13.640s][info][gc          ] GC(42) Garbage Collection (System.gc()) 164M(32%)->46M(9%)
[13.908s][info][gc,start    ] GC(43) Garbage Collection (System.gc())
[13.908s][info][gc,task     ] GC(43) Using 5 workers
[13.908s][info][gc,phases   ] GC(43) Pause Mark Start 0.014ms
[13.947s][info][gc,phases   ] GC(43) Concurrent Mark 39.273ms
[13.948s][info][gc,phases   ] GC(43) Pause Mark End 0.014ms
[13.948s][info][gc,phases   ] GC(43) Concurrent Mark Free 0.001ms
[13.949s][info][gc,phases   ] GC(43) Concurrent Process Non-Strong References 1.080ms
[13.949s][info][gc,phases   ] GC(43) Concurrent Reset Relocation Set 0.001ms
[13.952s][info][gc,phases   ] GC(43) Concurrent Select Relocation Set 3.468ms
[13.952s][info][gc,phases   ] GC(43) Pause Relocate Start 0.005ms
[13.955s][info][gc,phases   ] GC(43) Concurrent Relocate 3.120ms
[13.956s][info][gc,load     ] GC(43) Load: 0.00/0.00/0.00
[13.956s][info][gc,mmu      ] GC(43) MMU: 2ms/98.8%, 5ms/99.3%, 10ms/99.7%, 20ms/99.8%, 50ms/99.9%, 100ms/99.9%
[13.956s][info][gc,marking  ] GC(43) Mark: 4 stripe(s), 3 proactive flush(es), 1 terminate flush(es), 0 completion(s), 0 continuation(s) 
[13.956s][info][gc,marking  ] GC(43) Mark Stack Usage: 32M
[13.956s][info][gc,nmethod  ] GC(43) NMethods: 1426 registered, 4 unregistered
[13.956s][info][gc,metaspace] GC(43) Metaspace: 11M used, 12M committed, 1088M reserved
[13.956s][info][gc,ref      ] GC(43) Soft: 186 encountered, 0 discovered, 0 enqueued
[13.956s][info][gc,ref      ] GC(43) Weak: 582 encountered, 219 discovered, 0 enqueued
[13.956s][info][gc,ref      ] GC(43) Final: 0 encountered, 0 discovered, 0 enqueued
[13.956s][info][gc,ref      ] GC(43) Phantom: 24 encountered, 21 discovered, 0 enqueued
[13.956s][info][gc,reloc    ] GC(43) Small Pages: 82 / 164M, Empty: 116M, Relocated: 4M, In-Place: 0
[13.956s][info][gc,reloc    ] GC(43) Medium Pages: 0 / 0M, Empty: 0M, Relocated: 0M, In-Place: 0
[13.956s][info][gc,reloc    ] GC(43) Large Pages: 0 / 0M, Empty: 0M, Relocated: 0M, In-Place: 0
[13.956s][info][gc,reloc    ] GC(43) Forwarding Usage: 1M
[13.956s][info][gc,heap     ] GC(43) Min Capacity: 8M(2%)
[13.956s][info][gc,heap     ] GC(43) Max Capacity: 512M(100%)
[13.956s][info][gc,heap     ] GC(43) Soft Max Capacity: 512M(100%)
[13.956s][info][gc,heap     ] GC(43)                Mark Start          Mark End        Relocate Start      Relocate End           High               Low         
[13.956s][info][gc,heap     ] GC(43)  Capacity:      512M (100%)        512M (100%)        512M (100%)        512M (100%)        512M (100%)        512M (100%)   
[13.956s][info][gc,heap     ] GC(43)      Free:      348M (68%)         348M (68%)         464M (91%)         466M (91%)         466M (91%)         348M (68%)    
[13.956s][info][gc,heap     ] GC(43)      Used:      164M (32%)         164M (32%)          48M (9%)           46M (9%)          164M (32%)          46M (9%)     
[13.956s][info][gc,heap     ] GC(43)      Live:         -                32M (6%)           32M (6%)           32M (6%)             -                  -          
[13.956s][info][gc,heap     ] GC(43) Allocated:         -                 0M (0%)            0M (0%)            0M (0%)             -                  -          
[13.956s][info][gc,heap     ] GC(43)   Garbage:         -               131M (26%)          15M (3%)           13M (3%)             -                  -          
[13.956s][info][gc,heap     ] GC(43) Reclaimed:         -                  -               116M (23%)         118M (23%)            -                  -          
[13.956s][info][gc          ] GC(43) Garbage Collection (System.gc()) 164M(32%)->46M(9%)
[14.227s][info][gc,start    ] GC(44) Garbage Collection (System.gc())
[14.227s][info][gc,task     ] GC(44) Using 5 workers
[14.227s][info][gc,phases   ] GC(44) Pause Mark Start 0.015ms
[14.261s][info][gc,phases   ] GC(44) Concurrent Mark 33.636ms
[14.261s][info][gc,phases   ] GC(44) Pause Mark End 0.011ms
[14.261s][info][gc,phases   ] GC(44) Concurrent Mark Free 0.001ms
[14.262s][info][gc,phases   ] GC(44) Concurrent Process Non-Strong References 0.947ms
[14.262s][info][gc,phases   ] GC(44) Concurrent Reset Relocation Set 0.001ms
[14.266s][info][gc,phases   ] GC(44) Concurrent Select Relocation Set 3.513ms
[14.266s][info][gc,phases   ] GC(44) Pause Relocate Start 0.004ms
[14.268s][info][gc,phases   ] GC(44) Concurrent Relocate 2.495ms
[14.268s][info][gc,load     ] GC(44) Load: 0.00/0.00/0.00
[14.268s][info][gc,mmu      ] GC(44) MMU: 2ms/98.8%, 5ms/99.3%, 10ms/99.7%, 20ms/99.8%, 50ms/99.9%, 100ms/99.9%
[14.268s][info][gc,marking  ] GC(44) Mark: 4 stripe(s), 6 proactive flush(es), 1 terminate flush(es), 0 completion(s), 0 continuation(s) 
[14.268s][info][gc,marking  ] GC(44) Mark Stack Usage: 32M
[14.268s][info][gc,nmethod  ] GC(44) NMethods: 1427 registered, 4 unregistered
[14.268s][info][gc,metaspace] GC(44) Metaspace: 11M used, 12M committed, 1088M reserved
[14.268s][info][gc,ref      ] GC(44) Soft: 186 encountered, 0 discovered, 0 enqueued
[14.268s][info][gc,ref      ] GC(44) Weak: 582 encountered, 198 discovered, 0 enqueued
[14.269s][info][gc,ref      ] GC(44) Final: 0 encountered, 0 discovered, 0 enqueued
[14.269s][info][gc,ref      ] GC(44) Phantom: 24 encountered, 17 discovered, 0 enqueued
[14.269s][info][gc,reloc    ] GC(44) Small Pages: 82 / 164M, Empty: 116M, Relocated: 4M, In-Place: 0
[14.269s][info][gc,reloc    ] GC(44) Medium Pages: 0 / 0M, Empty: 0M, Relocated: 0M, In-Place: 0
[14.269s][info][gc,reloc    ] GC(44) Large Pages: 0 / 0M, Empty: 0M, Relocated: 0M, In-Place: 0
[14.269s][info][gc,reloc    ] GC(44) Forwarding Usage: 1M
[14.269s][info][gc,heap     ] GC(44) Min Capacity: 8M(2%)
[14.269s][info][gc,heap     ] GC(44) Max Capacity: 512M(100%)
[14.269s][info][gc,heap     ] GC(44) Soft Max Capacity: 512M(100%)
[14.269s][info][gc,heap     ] GC(44)                Mark Start          Mark End        Relocate Start      Relocate End           High               Low         
[14.269s][info][gc,heap     ] GC(44)  Capacity:      512M (100%)        512M (100%)        512M (100%)        512M (100%)        512M (100%)        512M (100%)   
[14.269s][info][gc,heap     ] GC(44)      Free:      348M (68%)         348M (68%)         464M (91%)         466M (91%)         466M (91%)         348M (68%)    
[14.269s][info][gc,heap     ] GC(44)      Used:      164M (32%)         164M (32%)          48M (9%)           46M (9%)          164M (32%)          46M (9%)     
[14.269s][info][gc,heap     ] GC(44)      Live:         -                32M (6%)           32M (6%)           32M (6%)             -                  -          
[14.269s][info][gc,heap     ] GC(44) Allocated:         -                 0M (0%)            0M (0%)            0M (0%)             -                  -          
[14.269s][info][gc,heap     ] GC(44)   Garbage:         -               131M (26%)          15M (3%)           13M (3%)             -                  -          
[14.269s][info][gc,heap     ] GC(44) Reclaimed:         -                  -               116M (23%)         118M (23%)            -                  -          
[14.269s][info][gc          ] GC(44) Garbage Collection (System.gc()) 164M(32%)->46M(9%)
[14.527s][info][gc,start    ] GC(45) Garbage Collection (System.gc())
[14.527s][info][gc,task     ] GC(45) Using 5 workers
[14.527s][info][gc,phases   ] GC(45) Pause Mark Start 0.014ms
[14.556s][info][gc,phases   ] GC(45) Concurrent Mark 28.884ms
[14.557s][info][gc,phases   ] GC(45) Pause Mark End 0.017ms
[14.557s][info][gc,phases   ] GC(45) Concurrent Mark Free 0.001ms
[14.558s][info][gc,phases   ] GC(45) Concurrent Process Non-Strong References 1.107ms
[14.558s][info][gc,phases   ] GC(45) Concurrent Reset Relocation Set 0.001ms
[14.561s][info][gc,phases   ] GC(45) Concurrent Select Relocation Set 3.567ms
[14.561s][info][gc,phases   ] GC(45) Pause Relocate Start 0.008ms
[14.564s][info][gc,phases   ] GC(45) Concurrent Relocate 2.147ms
[14.564s][info][gc,load     ] GC(45) Load: 0.00/0.00/0.00
[14.564s][info][gc,mmu      ] GC(45) MMU: 2ms/98.8%, 5ms/99.3%, 10ms/99.7%, 20ms/99.8%, 50ms/99.9%, 100ms/99.9%
[14.564s][info][gc,marking  ] GC(45) Mark: 4 stripe(s), 5 proactive flush(es), 1 terminate flush(es), 0 completion(s), 0 continuation(s) 
[14.564s][info][gc,marking  ] GC(45) Mark Stack Usage: 32M
[14.564s][info][gc,nmethod  ] GC(45) NMethods: 1429 registered, 4 unregistered
[14.564s][info][gc,metaspace] GC(45) Metaspace: 11M used, 12M committed, 1088M reserved
[14.564s][info][gc,ref      ] GC(45) Soft: 186 encountered, 0 discovered, 0 enqueued
[14.564s][info][gc,ref      ] GC(45) Weak: 582 encountered, 271 discovered, 0 enqueued
[14.564s][info][gc,ref      ] GC(45) Final: 0 encountered, 0 discovered, 0 enqueued
[14.564s][info][gc,ref      ] GC(45) Phantom: 24 encountered, 22 discovered, 0 enqueued
[14.564s][info][gc,reloc    ] GC(45) Small Pages: 82 / 164M, Empty: 116M, Relocated: 4M, In-Place: 0
[14.564s][info][gc,reloc    ] GC(45) Medium Pages: 0 / 0M, Empty: 0M, Relocated: 0M, In-Place: 0
[14.564s][info][gc,reloc    ] GC(45) Large Pages: 0 / 0M, Empty: 0M, Relocated: 0M, In-Place: 0
[14.564s][info][gc,reloc    ] GC(45) Forwarding Usage: 1M
[14.564s][info][gc,heap     ] GC(45) Min Capacity: 8M(2%)
[14.564s][info][gc,heap     ] GC(45) Max Capacity: 512M(100%)
[14.564s][info][gc,heap     ] GC(45) Soft Max Capacity: 512M(100%)
[14.564s][info][gc,heap     ] GC(45)                Mark Start          Mark End        Relocate Start      Relocate End           High               Low         
[14.564s][info][gc,heap     ] GC(45)  Capacity:      512M (100%)        512M (100%)        512M (100%)        512M (100%)        512M (100%)        512M (100%)   
[14.564s][info][gc,heap     ] GC(45)      Free:      348M (68%)         348M (68%)         464M (91%)         466M (91%)         466M (91%)         348M (68%)    
[14.564s][info][gc,heap     ] GC(45)      Used:      164M (32%)         164M (32%)          48M (9%)           46M (9%)          164M (32%)          46M (9%)     
[14.564s][info][gc,heap     ] GC(45)      Live:         -                32M (6%)           32M (6%)           32M (6%)             -                  -          
[14.564s][info][gc,heap     ] GC(45) Allocated:         -                 0M (0%)            0M (0%)            0M (0%)             -                  -          
[14.564s][info][gc,heap     ] GC(45)   Garbage:         -               131M (26%)          15M (3%)           13M (3%)             -                  -          
[14.565s][info][gc,heap     ] GC(45) Reclaimed:         -                  -               116M (23%)         118M (23%)            -                  -          
[14.565s][info][gc          ] GC(45) Garbage Collection (System.gc()) 164M(32%)->46M(9%)
[14.818s][info][gc,start    ] GC(46) Garbage Collection (System.gc())
[14.818s][info][gc,task     ] GC(46) Using 5 workers
[14.818s][info][gc,phases   ] GC(46) Pause Mark Start 0.016ms
[14.863s][info][gc,phases   ] GC(46) Concurrent Mark 44.883ms
[14.863s][info][gc,phases   ] GC(46) Pause Mark End 0.013ms
[14.863s][info][gc,phases   ] GC(46) Concurrent Mark Free 0.001ms
[14.864s][info][gc,phases   ] GC(46) Concurrent Process Non-Strong References 1.020ms
[14.864s][info][gc,phases   ] GC(46) Concurrent Reset Relocation Set 0.001ms
[14.868s][info][gc,phases   ] GC(46) Concurrent Select Relocation Set 3.472ms
[14.868s][info][gc,phases   ] GC(46) Pause Relocate Start 0.006ms
[14.871s][info][gc,phases   ] GC(46) Concurrent Relocate 2.585ms
[14.871s][info][gc,load     ] GC(46) Load: 0.00/0.00/0.00
[14.871s][info][gc,mmu      ] GC(46) MMU: 2ms/98.8%, 5ms/99.3%, 10ms/99.7%, 20ms/99.8%, 50ms/99.9%, 100ms/99.9%
[14.871s][info][gc,marking  ] GC(46) Mark: 4 stripe(s), 3 proactive flush(es), 1 terminate flush(es), 0 completion(s), 0 continuation(s) 
[14.871s][info][gc,marking  ] GC(46) Mark Stack Usage: 32M
[14.871s][info][gc,nmethod  ] GC(46) NMethods: 1434 registered, 5 unregistered
[14.871s][info][gc,metaspace] GC(46) Metaspace: 11M used, 12M committed, 1088M reserved
[14.871s][info][gc,ref      ] GC(46) Soft: 186 encountered, 0 discovered, 0 enqueued
[14.871s][info][gc,ref      ] GC(46) Weak: 582 encountered, 96 discovered, 0 enqueued
[14.871s][info][gc,ref      ] GC(46) Final: 0 encountered, 0 discovered, 0 enqueued
[14.871s][info][gc,ref      ] GC(46) Phantom: 24 encountered, 18 discovered, 0 enqueued
[14.871s][info][gc,reloc    ] GC(46) Small Pages: 82 / 164M, Empty: 116M, Relocated: 4M, In-Place: 0
[14.871s][info][gc,reloc    ] GC(46) Medium Pages: 0 / 0M, Empty: 0M, Relocated: 0M, In-Place: 0
[14.871s][info][gc,reloc    ] GC(46) Large Pages: 0 / 0M, Empty: 0M, Relocated: 0M, In-Place: 0
[14.871s][info][gc,reloc    ] GC(46) Forwarding Usage: 1M
[14.871s][info][gc,heap     ] GC(46) Min Capacity: 8M(2%)
[14.871s][info][gc,heap     ] GC(46) Max Capacity: 512M(100%)
[14.871s][info][gc,heap     ] GC(46) Soft Max Capacity: 512M(100%)
[14.871s][info][gc,heap     ] GC(46)                Mark Start          Mark End        Relocate Start      Relocate End           High               Low         
[14.871s][info][gc,heap     ] GC(46)  Capacity:      512M (100%)        512M (100%)        512M (100%)        512M (100%)        512M (100%)        512M (100%)   
[14.871s][info][gc,heap     ] GC(46)      Free:      348M (68%)         348M (68%)         464M (91%)         466M (91%)         466M (91%)         348M (68%)    
[14.871s][info][gc,heap     ] GC(46)      Used:      164M (32%)         164M (32%)          48M (9%)           46M (9%)          164M (32%)          46M (9%)     
[14.871s][info][gc,heap     ] GC(46)      Live:         -                32M (6%)           32M (6%)           32M (6%)             -                  -          
[14.871s][info][gc,heap     ] GC(46) Allocated:         -                 0M (0%)            0M (0%)            0M (0%)             -                  -          
[14.871s][info][gc,heap     ] GC(46)   Garbage:         -               131M (26%)          15M (3%)           13M (3%)             -                  -          
[14.871s][info][gc,heap     ] GC(46) Reclaimed:         -                  -               116M (23%)         118M (23%)            -                  -          
[14.871s][info][gc          ] GC(46) Garbage Collection (System.gc()) 164M(32%)->46M(9%)
[15.128s][info][gc,start    ] GC(47) Garbage Collection (System.gc())
[15.128s][info][gc,task     ] GC(47) Using 5 workers
[15.129s][info][gc,phases   ] GC(47) Pause Mark Start 0.015ms
[15.176s][info][gc,phases   ] GC(47) Concurrent Mark 46.989ms
[15.176s][info][gc,phases   ] GC(47) Pause Mark End 0.018ms
[15.176s][info][gc,phases   ] GC(47) Concurrent Mark Free 0.001ms
[15.177s][info][gc,phases   ] GC(47) Concurrent Process Non-Strong References 1.182ms
[15.177s][info][gc,phases   ] GC(47) Concurrent Reset Relocation Set 0.001ms
[15.181s][info][gc,phases   ] GC(47) Concurrent Select Relocation Set 3.492ms
[15.181s][info][gc,phases   ] GC(47) Pause Relocate Start 0.007ms
[15.183s][info][gc,phases   ] GC(47) Concurrent Relocate 2.545ms
[15.183s][info][gc,load     ] GC(47) Load: 0.00/0.00/0.00
[15.183s][info][gc,mmu      ] GC(47) MMU: 2ms/98.8%, 5ms/99.3%, 10ms/99.7%, 20ms/99.8%, 50ms/99.9%, 100ms/99.9%
[15.183s][info][gc,marking  ] GC(47) Mark: 4 stripe(s), 2 proactive flush(es), 1 terminate flush(es), 0 completion(s), 0 continuation(s) 
[15.183s][info][gc,marking  ] GC(47) Mark Stack Usage: 32M
[15.183s][info][gc,nmethod  ] GC(47) NMethods: 1434 registered, 5 unregistered
[15.183s][info][gc,metaspace] GC(47) Metaspace: 11M used, 12M committed, 1088M reserved
[15.183s][info][gc,ref      ] GC(47) Soft: 186 encountered, 0 discovered, 0 enqueued
[15.184s][info][gc,ref      ] GC(47) Weak: 582 encountered, 156 discovered, 0 enqueued
[15.184s][info][gc,ref      ] GC(47) Final: 0 encountered, 0 discovered, 0 enqueued
[15.184s][info][gc,ref      ] GC(47) Phantom: 24 encountered, 19 discovered, 0 enqueued
[15.184s][info][gc,reloc    ] GC(47) Small Pages: 82 / 164M, Empty: 116M, Relocated: 4M, In-Place: 0
[15.184s][info][gc,reloc    ] GC(47) Medium Pages: 0 / 0M, Empty: 0M, Relocated: 0M, In-Place: 0
[15.184s][info][gc,reloc    ] GC(47) Large Pages: 0 / 0M, Empty: 0M, Relocated: 0M, In-Place: 0
[15.184s][info][gc,reloc    ] GC(47) Forwarding Usage: 1M
[15.184s][info][gc,heap     ] GC(47) Min Capacity: 8M(2%)
[15.184s][info][gc,heap     ] GC(47) Max Capacity: 512M(100%)
[15.184s][info][gc,heap     ] GC(47) Soft Max Capacity: 512M(100%)
[15.184s][info][gc,heap     ] GC(47)                Mark Start          Mark End        Relocate Start      Relocate End           High               Low         
[15.184s][info][gc,heap     ] GC(47)  Capacity:      512M (100%)        512M (100%)        512M (100%)        512M (100%)        512M (100%)        512M (100%)   
[15.184s][info][gc,heap     ] GC(47)      Free:      348M (68%)         348M (68%)         464M (91%)         466M (91%)         466M (91%)         348M (68%)    
[15.184s][info][gc,heap     ] GC(47)      Used:      164M (32%)         164M (32%)          48M (9%)           46M (9%)          164M (32%)          46M (9%)     
[15.184s][info][gc,heap     ] GC(47)      Live:         -                32M (6%)           32M (6%)           32M (6%)             -                  -          
[15.184s][info][gc,heap     ] GC(47) Allocated:         -                 0M (0%)            0M (0%)            0M (0%)             -                  -          
[15.184s][info][gc,heap     ] GC(47)   Garbage:         -               131M (26%)          15M (3%)           13M (3%)             -                  -          
[15.184s][info][gc,heap     ] GC(47) Reclaimed:         -                  -               116M (23%)         118M (23%)            -                  -          
[15.184s][info][gc          ] GC(47) Garbage Collection (System.gc()) 164M(32%)->46M(9%)
[15.457s][info][gc,start    ] GC(48) Garbage Collection (System.gc())
[15.457s][info][gc,task     ] GC(48) Using 5 workers
[15.457s][info][gc,phases   ] GC(48) Pause Mark Start 0.017ms
[15.478s][info][gc,phases   ] GC(48) Concurrent Mark 20.486ms
[15.478s][info][gc,phases   ] GC(48) Pause Mark End 0.018ms
[15.478s][info][gc,phases   ] GC(48) Concurrent Mark Free 0.001ms
[15.479s][info][gc,phases   ] GC(48) Concurrent Process Non-Strong References 1.035ms
[15.479s][info][gc,phases   ] GC(48) Concurrent Reset Relocation Set 0.001ms
[15.482s][info][gc,phases   ] GC(48) Concurrent Select Relocation Set 2.669ms
[15.482s][info][gc,phases   ] GC(48) Pause Relocate Start 0.007ms
[15.484s][info][gc,phases   ] GC(48) Concurrent Relocate 2.156ms
[15.484s][info][gc,load     ] GC(48) Load: 0.00/0.00/0.00
[15.484s][info][gc,mmu      ] GC(48) MMU: 2ms/98.8%, 5ms/99.3%, 10ms/99.7%, 20ms/99.8%, 50ms/99.9%, 100ms/99.9%
[15.484s][info][gc,marking  ] GC(48) Mark: 4 stripe(s), 1 proactive flush(es), 1 terminate flush(es), 0 completion(s), 0 continuation(s) 
[15.484s][info][gc,marking  ] GC(48) Mark Stack Usage: 32M
[15.484s][info][gc,nmethod  ] GC(48) NMethods: 1434 registered, 5 unregistered
[15.484s][info][gc,metaspace] GC(48) Metaspace: 11M used, 12M committed, 1088M reserved
[15.484s][info][gc,ref      ] GC(48) Soft: 186 encountered, 0 discovered, 0 enqueued
[15.484s][info][gc,ref      ] GC(48) Weak: 582 encountered, 273 discovered, 0 enqueued
[15.484s][info][gc,ref      ] GC(48) Final: 0 encountered, 0 discovered, 0 enqueued
[15.484s][info][gc,ref      ] GC(48) Phantom: 24 encountered, 17 discovered, 0 enqueued
[15.484s][info][gc,reloc    ] GC(48) Small Pages: 82 / 164M, Empty: 116M, Relocated: 4M, In-Place: 0
[15.484s][info][gc,reloc    ] GC(48) Medium Pages: 0 / 0M, Empty: 0M, Relocated: 0M, In-Place: 0
[15.484s][info][gc,reloc    ] GC(48) Large Pages: 0 / 0M, Empty: 0M, Relocated: 0M, In-Place: 0
[15.484s][info][gc,reloc    ] GC(48) Forwarding Usage: 1M
[15.484s][info][gc,heap     ] GC(48) Min Capacity: 8M(2%)
[15.485s][info][gc,heap     ] GC(48) Max Capacity: 512M(100%)
[15.485s][info][gc,heap     ] GC(48) Soft Max Capacity: 512M(100%)
[15.485s][info][gc,heap     ] GC(48)                Mark Start          Mark End        Relocate Start      Relocate End           High               Low         
[15.485s][info][gc,heap     ] GC(48)  Capacity:      512M (100%)        512M (100%)        512M (100%)        512M (100%)        512M (100%)        512M (100%)   
[15.485s][info][gc,heap     ] GC(48)      Free:      348M (68%)         348M (68%)         464M (91%)         466M (91%)         466M (91%)         348M (68%)    
[15.485s][info][gc,heap     ] GC(48)      Used:      164M (32%)         164M (32%)          48M (9%)           46M (9%)          164M (32%)          46M (9%)     
[15.485s][info][gc,heap     ] GC(48)      Live:         -                32M (6%)           32M (6%)           32M (6%)             -                  -          
[15.485s][info][gc,heap     ] GC(48) Allocated:         -                 0M (0%)            0M (0%)            0M (0%)             -                  -          
[15.485s][info][gc,heap     ] GC(48)   Garbage:         -               131M (26%)          15M (3%)           13M (3%)             -                  -          
[15.485s][info][gc,heap     ] GC(48) Reclaimed:         -                  -               116M (23%)         118M (23%)            -                  -          
[15.485s][info][gc          ] GC(48) Garbage Collection (System.gc()) 164M(32%)->46M(9%)
[15.742s][info][gc,start    ] GC(49) Garbage Collection (System.gc())
[15.742s][info][gc,task     ] GC(49) Using 5 workers
[15.742s][info][gc,phases   ] GC(49) Pause Mark Start 0.015ms
[15.770s][info][gc,phases   ] GC(49) Concurrent Mark 27.352ms
[15.770s][info][gc,phases   ] GC(49) Pause Mark End 0.013ms
[15.770s][info][gc,phases   ] GC(49) Concurrent Mark Free 0.001ms
[15.771s][info][gc,phases   ] GC(49) Concurrent Process Non-Strong References 0.901ms
[15.771s][info][gc,phases   ] GC(49) Concurrent Reset Relocation Set 0.001ms
[15.774s][info][gc,phases   ] GC(49) Concurrent Select Relocation Set 3.507ms
[15.774s][info][gc,phases   ] GC(49) Pause Relocate Start 0.008ms
[15.776s][info][gc,phases   ] GC(49) Concurrent Relocate 1.710ms
[15.776s][info][gc,load     ] GC(49) Load: 0.00/0.00/0.00
[15.776s][info][gc,mmu      ] GC(49) MMU: 2ms/98.8%, 5ms/99.3%, 10ms/99.7%, 20ms/99.8%, 50ms/99.9%, 100ms/99.9%
[15.776s][info][gc,marking  ] GC(49) Mark: 4 stripe(s), 2 proactive flush(es), 1 terminate flush(es), 0 completion(s), 0 continuation(s) 
[15.776s][info][gc,marking  ] GC(49) Mark Stack Usage: 32M
[15.776s][info][gc,nmethod  ] GC(49) NMethods: 1435 registered, 6 unregistered
[15.776s][info][gc,metaspace] GC(49) Metaspace: 11M used, 12M committed, 1088M reserved
[15.776s][info][gc,ref      ] GC(49) Soft: 186 encountered, 0 discovered, 0 enqueued
[15.776s][info][gc,ref      ] GC(49) Weak: 582 encountered, 207 discovered, 0 enqueued
[15.776s][info][gc,ref      ] GC(49) Final: 0 encountered, 0 discovered, 0 enqueued
[15.776s][info][gc,ref      ] GC(49) Phantom: 24 encountered, 15 discovered, 0 enqueued
[15.776s][info][gc,reloc    ] GC(49) Small Pages: 82 / 164M, Empty: 116M, Relocated: 4M, In-Place: 0
[15.776s][info][gc,reloc    ] GC(49) Medium Pages: 0 / 0M, Empty: 0M, Relocated: 0M, In-Place: 0
[15.777s][info][gc,reloc    ] GC(49) Large Pages: 0 / 0M, Empty: 0M, Relocated: 0M, In-Place: 0
[15.777s][info][gc,reloc    ] GC(49) Forwarding Usage: 1M
[15.777s][info][gc,heap     ] GC(49) Min Capacity: 8M(2%)
[15.777s][info][gc,heap     ] GC(49) Max Capacity: 512M(100%)
[15.777s][info][gc,heap     ] GC(49) Soft Max Capacity: 512M(100%)
[15.777s][info][gc,heap     ] GC(49)                Mark Start          Mark End        Relocate Start      Relocate End           High               Low         
[15.777s][info][gc,heap     ] GC(49)  Capacity:      512M (100%)        512M (100%)        512M (100%)        512M (100%)        512M (100%)        512M (100%)   
[15.777s][info][gc,heap     ] GC(49)      Free:      348M (68%)         348M (68%)         464M (91%)         466M (91%)         466M (91%)         348M (68%)    
[15.777s][info][gc,heap     ] GC(49)      Used:      164M (32%)         164M (32%)          48M (9%)           46M (9%)          164M (32%)          46M (9%)     
[15.777s][info][gc,heap     ] GC(49)      Live:         -                32M (6%)           32M (6%)           32M (6%)             -                  -          
[15.777s][info][gc,heap     ] GC(49) Allocated:         -                 0M (0%)            0M (0%)            0M (0%)             -                  -          
[15.777s][info][gc,heap     ] GC(49)   Garbage:         -               131M (26%)          15M (3%)           13M (3%)             -                  -          
[15.777s][info][gc,heap     ] GC(49) Reclaimed:         -                  -               116M (23%)         118M (23%)            -                  -          
[15.777s][info][gc          ] GC(49) Garbage Collection (System.gc()) 164M(32%)->46M(9%)
[16.036s][info][gc,start    ] GC(50) Garbage Collection (System.gc())
[16.036s][info][gc,task     ] GC(50) Using 5 workers
[16.036s][info][gc,phases   ] GC(50) Pause Mark Start 0.015ms
[16.084s][info][gc,phases   ] GC(50) Concurrent Mark 48.632ms
[16.085s][info][gc,phases   ] GC(50) Pause Mark End 0.019ms
[16.085s][info][gc,phases   ] GC(50) Concurrent Mark Free 0.001ms
[16.086s][info][gc,phases   ] GC(50) Concurrent Process Non-Strong References 1.176ms
[16.086s][info][gc,phases   ] GC(50) Concurrent Reset Relocation Set 0.001ms
[16.089s][info][gc,phases   ] GC(50) Concurrent Select Relocation Set 3.443ms
[16.090s][info][gc,phases   ] GC(50) Pause Relocate Start 0.006ms
[16.093s][info][gc,phases   ] GC(50) Concurrent Relocate 3.267ms
[16.093s][info][gc,load     ] GC(50) Load: 0.00/0.00/0.00
[16.093s][info][gc,mmu      ] GC(50) MMU: 2ms/98.8%, 5ms/99.3%, 10ms/99.7%, 20ms/99.8%, 50ms/99.9%, 100ms/99.9%
[16.093s][info][gc,marking  ] GC(50) Mark: 4 stripe(s), 3 proactive flush(es), 1 terminate flush(es), 0 completion(s), 0 continuation(s) 
[16.093s][info][gc,marking  ] GC(50) Mark Stack Usage: 32M
[16.093s][info][gc,nmethod  ] GC(50) NMethods: 1435 registered, 6 unregistered
[16.093s][info][gc,metaspace] GC(50) Metaspace: 11M used, 12M committed, 1088M reserved
[16.093s][info][gc,ref      ] GC(50) Soft: 186 encountered, 0 discovered, 0 enqueued
[16.093s][info][gc,ref      ] GC(50) Weak: 582 encountered, 134 discovered, 0 enqueued
[16.093s][info][gc,ref      ] GC(50) Final: 0 encountered, 0 discovered, 0 enqueued
[16.093s][info][gc,ref      ] GC(50) Phantom: 24 encountered, 16 discovered, 0 enqueued
[16.093s][info][gc,reloc    ] GC(50) Small Pages: 82 / 164M, Empty: 116M, Relocated: 4M, In-Place: 0
[16.093s][info][gc,reloc    ] GC(50) Medium Pages: 0 / 0M, Empty: 0M, Relocated: 0M, In-Place: 0
[16.093s][info][gc,reloc    ] GC(50) Large Pages: 0 / 0M, Empty: 0M, Relocated: 0M, In-Place: 0
[16.093s][info][gc,reloc    ] GC(50) Forwarding Usage: 1M
[16.093s][info][gc,heap     ] GC(50) Min Capacity: 8M(2%)
[16.093s][info][gc,heap     ] GC(50) Max Capacity: 512M(100%)
[16.093s][info][gc,heap     ] GC(50) Soft Max Capacity: 512M(100%)
[16.093s][info][gc,heap     ] GC(50)                Mark Start          Mark End        Relocate Start      Relocate End           High               Low         
[16.093s][info][gc,heap     ] GC(50)  Capacity:      512M (100%)        512M (100%)        512M (100%)        512M (100%)        512M (100%)        512M (100%)   
[16.093s][info][gc,heap     ] GC(50)      Free:      348M (68%)         348M (68%)         464M (91%)         466M (91%)         466M (91%)         348M (68%)    
[16.093s][info][gc,heap     ] GC(50)      Used:      164M (32%)         164M (32%)          48M (9%)           46M (9%)          164M (32%)          46M (9%)     
[16.094s][info][gc,heap     ] GC(50)      Live:         -                32M (6%)           32M (6%)           32M (6%)             -                  -          
[16.094s][info][gc,heap     ] GC(50) Allocated:         -                 0M (0%)            0M (0%)            0M (0%)             -                  -          
[16.094s][info][gc,heap     ] GC(50)   Garbage:         -               131M (26%)          15M (3%)           13M (3%)             -                  -          
[16.094s][info][gc,heap     ] GC(50) Reclaimed:         -                  -               116M (23%)         118M (23%)            -                  -          
[16.094s][info][gc          ] GC(50) Garbage Collection (System.gc()) 164M(32%)->46M(9%)
[16.364s][info][gc,start    ] GC(51) Garbage Collection (System.gc())
[16.364s][info][gc,task     ] GC(51) Using 5 workers
[16.364s][info][gc,phases   ] GC(51) Pause Mark Start 0.016ms
[16.397s][info][gc,phases   ] GC(51) Concurrent Mark 33.044ms
[16.397s][info][gc,phases   ] GC(51) Pause Mark End 0.012ms
[16.397s][info][gc,phases   ] GC(51) Concurrent Mark Free 0.001ms
[16.398s][info][gc,phases   ] GC(51) Concurrent Process Non-Strong References 0.846ms
[16.398s][info][gc,phases   ] GC(51) Concurrent Reset Relocation Set 0.001ms
[16.401s][info][gc,phases   ] GC(51) Concurrent Select Relocation Set 2.672ms
[16.401s][info][gc,phases   ] GC(51) Pause Relocate Start 0.004ms
[16.403s][info][gc,phases   ] GC(51) Concurrent Relocate 2.126ms
[16.403s][info][gc,load     ] GC(51) Load: 0.00/0.00/0.00
[16.403s][info][gc,mmu      ] GC(51) MMU: 2ms/98.8%, 5ms/99.3%, 10ms/99.7%, 20ms/99.8%, 50ms/99.9%, 100ms/99.9%
[16.403s][info][gc,marking  ] GC(51) Mark: 4 stripe(s), 4 proactive flush(es), 1 terminate flush(es), 0 completion(s), 0 continuation(s) 
[16.403s][info][gc,marking  ] GC(51) Mark Stack Usage: 32M
[16.403s][info][gc,nmethod  ] GC(51) NMethods: 1435 registered, 6 unregistered
[16.403s][info][gc,metaspace] GC(51) Metaspace: 11M used, 12M committed, 1088M reserved
[16.403s][info][gc,ref      ] GC(51) Soft: 186 encountered, 0 discovered, 0 enqueued
[16.403s][info][gc,ref      ] GC(51) Weak: 582 encountered, 95 discovered, 0 enqueued
[16.403s][info][gc,ref      ] GC(51) Final: 0 encountered, 0 discovered, 0 enqueued
[16.403s][info][gc,ref      ] GC(51) Phantom: 24 encountered, 14 discovered, 0 enqueued
[16.403s][info][gc,reloc    ] GC(51) Small Pages: 82 / 164M, Empty: 116M, Relocated: 4M, In-Place: 0
[16.403s][info][gc,reloc    ] GC(51) Medium Pages: 0 / 0M, Empty: 0M, Relocated: 0M, In-Place: 0
[16.403s][info][gc,reloc    ] GC(51) Large Pages: 0 / 0M, Empty: 0M, Relocated: 0M, In-Place: 0
[16.403s][info][gc,reloc    ] GC(51) Forwarding Usage: 1M
[16.403s][info][gc,heap     ] GC(51) Min Capacity: 8M(2%)
[16.403s][info][gc,heap     ] GC(51) Max Capacity: 512M(100%)
[16.403s][info][gc,heap     ] GC(51) Soft Max Capacity: 512M(100%)
[16.403s][info][gc,heap     ] GC(51)                Mark Start          Mark End        Relocate Start      Relocate End           High               Low         
[16.403s][info][gc,heap     ] GC(51)  Capacity:      512M (100%)        512M (100%)        512M (100%)        512M (100%)        512M (100%)        512M (100%)   
[16.403s][info][gc,heap     ] GC(51)      Free:      348M (68%)         348M (68%)         464M (91%)         466M (91%)         466M (91%)         348M (68%)    
[16.403s][info][gc,heap     ] GC(51)      Used:      164M (32%)         164M (32%)          48M (9%)           46M (9%)          164M (32%)          46M (9%)     
[16.403s][info][gc,heap     ] GC(51)      Live:         -                32M (6%)           32M (6%)           32M (6%)             -                  -          
[16.403s][info][gc,heap     ] GC(51) Allocated:         -                 0M (0%)            0M (0%)            0M (0%)             -                  -          
[16.403s][info][gc,heap     ] GC(51)   Garbage:         -               131M (26%)          15M (3%)           13M (3%)             -                  -          
[16.403s][info][gc,heap     ] GC(51) Reclaimed:         -                  -               116M (23%)         118M (23%)            -                  -          
[16.403s][info][gc          ] GC(51) Garbage Collection (System.gc()) 164M(32%)->46M(9%)
[16.675s][info][gc,start    ] GC(52) Garbage Collection (System.gc())
[16.675s][info][gc,task     ] GC(52) Using 5 workers
[16.675s][info][gc,phases   ] GC(52) Pause Mark Start 0.016ms
[16.699s][info][gc,phases   ] GC(52) Concurrent Mark 23.936ms
[16.700s][info][gc,phases   ] GC(52) Pause Mark End 0.014ms
[16.700s][info][gc,phases   ] GC(52) Concurrent Mark Free 0.001ms
[16.701s][info][gc,phases   ] GC(52) Concurrent Process Non-Strong References 0.906ms
[16.701s][info][gc,phases   ] GC(52) Concurrent Reset Relocation Set 0.001ms
[16.704s][info][gc,phases   ] GC(52) Concurrent Select Relocation Set 3.448ms
[16.704s][info][gc,phases   ] GC(52) Pause Relocate Start 0.005ms
[16.706s][info][gc,phases   ] GC(52) Concurrent Relocate 1.818ms
[16.706s][info][gc,load     ] GC(52) Load: 0.00/0.00/0.00
[16.706s][info][gc,mmu      ] GC(52) MMU: 2ms/98.8%, 5ms/99.3%, 10ms/99.7%, 20ms/99.8%, 50ms/99.9%, 100ms/99.9%
[16.706s][info][gc,marking  ] GC(52) Mark: 4 stripe(s), 2 proactive flush(es), 1 terminate flush(es), 0 completion(s), 0 continuation(s) 
[16.706s][info][gc,marking  ] GC(52) Mark Stack Usage: 32M
[16.706s][info][gc,nmethod  ] GC(52) NMethods: 1435 registered, 7 unregistered
[16.706s][info][gc,metaspace] GC(52) Metaspace: 11M used, 12M committed, 1088M reserved
[16.706s][info][gc,ref      ] GC(52) Soft: 186 encountered, 0 discovered, 0 enqueued
[16.707s][info][gc,ref      ] GC(52) Weak: 582 encountered, 294 discovered, 0 enqueued
[16.707s][info][gc,ref      ] GC(52) Final: 0 encountered, 0 discovered, 0 enqueued
[16.707s][info][gc,ref      ] GC(52) Phantom: 24 encountered, 20 discovered, 0 enqueued
[16.707s][info][gc,reloc    ] GC(52) Small Pages: 82 / 164M, Empty: 116M, Relocated: 4M, In-Place: 0
[16.707s][info][gc,reloc    ] GC(52) Medium Pages: 0 / 0M, Empty: 0M, Relocated: 0M, In-Place: 0
[16.707s][info][gc,reloc    ] GC(52) Large Pages: 0 / 0M, Empty: 0M, Relocated: 0M, In-Place: 0
[16.707s][info][gc,reloc    ] GC(52) Forwarding Usage: 1M
[16.707s][info][gc,heap     ] GC(52) Min Capacity: 8M(2%)
[16.707s][info][gc,heap     ] GC(52) Max Capacity: 512M(100%)
[16.707s][info][gc,heap     ] GC(52) Soft Max Capacity: 512M(100%)
[16.707s][info][gc,heap     ] GC(52)                Mark Start          Mark End        Relocate Start      Relocate End           High               Low         
[16.707s][info][gc,heap     ] GC(52)  Capacity:      512M (100%)        512M (100%)        512M (100%)        512M (100%)        512M (100%)        512M (100%)   
[16.707s][info][gc,heap     ] GC(52)      Free:      348M (68%)         348M (68%)         464M (91%)         466M (91%)         466M (91%)         348M (68%)    
[16.707s][info][gc,heap     ] GC(52)      Used:      164M (32%)         164M (32%)          48M (9%)           46M (9%)          164M (32%)          46M (9%)     
[16.707s][info][gc,heap     ] GC(52)      Live:         -                32M (6%)           32M (6%)           32M (6%)             -                  -          
[16.707s][info][gc,heap     ] GC(52) Allocated:         -                 0M (0%)            0M (0%)            0M (0%)             -                  -          
[16.707s][info][gc,heap     ] GC(52)   Garbage:         -               131M (26%)          15M (3%)           13M (3%)             -                  -          
[16.707s][info][gc,heap     ] GC(52) Reclaimed:         -                  -               116M (23%)         118M (23%)            -                  -          
[16.707s][info][gc          ] GC(52) Garbage Collection (System.gc()) 164M(32%)->46M(9%)
[16.974s][info][gc,heap,exit] Heap
[16.974s][info][gc,heap,exit]  ZHeap           used 164M, capacity 512M, max capacity 512M
[16.974s][info][gc,heap,exit]  Metaspace       used 12116K, committed 12352K, reserved 1114112K
[16.974s][info][gc,heap,exit]   class space    used 1635K, committed 1728K, reserved 1048576K
