[0.018s][info][gc,init] CardTable entry size: 512
[0.019s][info][gc     ] Using G1
[0.030s][info][gc,init] Version: 20+36-2344 (release)
[0.030s][info][gc,init] CPUs: 48 total, 48 available
[0.030s][info][gc,init] Memory: 382G
[0.030s][info][gc,init] Large Page Support: Disabled
[0.030s][info][gc,init] NUMA Support: Disabled
[0.030s][info][gc,init] Compressed Oops: Enabled (Zero based)
[0.030s][info][gc,init] Heap Region Size: 16M
[0.030s][info][gc,init] Heap Min Capacity: 16M
[0.030s][info][gc,init] Heap Initial Capacity: 2G
[0.030s][info][gc,init] Heap Max Capacity: 30208M
[0.030s][info][gc,init] Pre-touch: Disabled
[0.030s][info][gc,init] Parallel Workers: 33
[0.030s][info][gc,init] Concurrent Workers: 8
[0.038s][info][gc,init] Concurrent Refinement Workers: 33
[0.038s][info][gc,init] Periodic GC: Disabled
[0.040s][info][gc,metaspace] CDS archive(s) mapped at: [0x0000000800000000-0x0000000800c60000-0x0000000800c60000), size 12976128, SharedBaseAddress: 0x0000000800000000, ArchiveRelocationMode: 0.
[0.040s][info][gc,metaspace] Compressed class space mapped at: 0x0000000801000000-0x0000000841000000, reserved size: 1073741824
[0.040s][info][gc,metaspace] Narrow klass base: 0x0000000800000000, Narrow klass shift: 0, Narrow klass range: 0x100000000
[0.599s][info][gc,start    ] GC(0) Pause Full (System.gc())
[0.599s][info][gc,task     ] GC(0) Using 2 workers of 33 for full compaction
[0.599s][info][gc,phases,start] GC(0) Phase 1: Mark live objects
[0.603s][info][gc,phases      ] GC(0) Phase 1: Mark live objects 3.497ms
[0.603s][info][gc,phases,start] GC(0) Phase 2: Prepare compaction
[0.606s][info][gc,phases      ] GC(0) Phase 2: Prepare compaction 3.184ms
[0.606s][info][gc,phases,start] GC(0) Phase 3: Adjust pointers
[0.608s][info][gc,phases      ] GC(0) Phase 3: Adjust pointers 1.904ms
[0.608s][info][gc,phases,start] GC(0) Phase 4: Compact heap
[0.610s][info][gc,phases      ] GC(0) Phase 4: Compact heap 2.003ms
[0.623s][info][gc,heap        ] GC(0) Eden regions: 2->0(1)
[0.623s][info][gc,heap        ] GC(0) Survivor regions: 0->0(0)
[0.623s][info][gc,heap        ] GC(0) Old regions: 0->2
[0.623s][info][gc,heap        ] GC(0) Archive regions: 0->0
[0.623s][info][gc,heap        ] GC(0) Humongous regions: 0->0
[0.623s][info][gc,metaspace   ] GC(0) Metaspace: 1051K(1216K)->1051K(1216K) NonClass: 974K(1088K)->974K(1088K) Class: 76K(128K)->76K(128K)
[0.624s][info][gc             ] GC(0) Pause Full (System.gc()) 18M->2M(112M) 24.927ms
[0.624s][info][gc,cpu         ] GC(0) User=0.03s Sys=0.05s Real=0.03s
[0.748s][info][gc,start       ] GC(1) Pause Young (Normal) (G1 Evacuation Pause)
[0.748s][info][gc,task        ] GC(1) Using 2 workers of 33 for evacuation
[0.752s][info][gc,phases      ] GC(1)   Pre Evacuate Collection Set: 0.1ms
[0.752s][info][gc,phases      ] GC(1)   Merge Heap Roots: 1.1ms
[0.752s][info][gc,phases      ] GC(1)   Evacuate Collection Set: 2.0ms
[0.752s][info][gc,phases      ] GC(1)   Post Evacuate Collection Set: 0.6ms
[0.752s][info][gc,phases      ] GC(1)   Other: 0.1ms
[0.752s][info][gc,heap        ] GC(1) Eden regions: 1->0(1)
[0.752s][info][gc,heap        ] GC(1) Survivor regions: 0->1(1)
[0.752s][info][gc,heap        ] GC(1) Old regions: 2->2
[0.752s][info][gc,heap        ] GC(1) Archive regions: 0->0
[0.752s][info][gc,heap        ] GC(1) Humongous regions: 0->0
[0.752s][info][gc,metaspace   ] GC(1) Metaspace: 2912K(3072K)->2912K(3072K) NonClass: 2565K(2624K)->2565K(2624K) Class: 346K(448K)->346K(448K)
[0.752s][info][gc             ] GC(1) Pause Young (Normal) (G1 Evacuation Pause) 18M->3M(112M) 4.399ms
[0.752s][info][gc,cpu         ] GC(1) User=0.00s Sys=0.00s Real=0.00s
[1.148s][info][gc,start       ] GC(2) Pause Young (Normal) (G1 Evacuation Pause)
[1.148s][info][gc,task        ] GC(2) Using 2 workers of 33 for evacuation
[1.158s][info][gc,phases      ] GC(2)   Pre Evacuate Collection Set: 0.0ms
[1.158s][info][gc,phases      ] GC(2)   Merge Heap Roots: 0.1ms
[1.158s][info][gc,phases      ] GC(2)   Evacuate Collection Set: 8.7ms
[1.158s][info][gc,phases      ] GC(2)   Post Evacuate Collection Set: 0.9ms
[1.158s][info][gc,phases      ] GC(2)   Other: 0.1ms
[1.159s][info][gc,heap        ] GC(2) Eden regions: 1->0(1)
[1.159s][info][gc,heap        ] GC(2) Survivor regions: 1->1(1)
[1.159s][info][gc,heap        ] GC(2) Old regions: 2->2
[1.159s][info][gc,heap        ] GC(2) Archive regions: 0->0
[1.159s][info][gc,heap        ] GC(2) Humongous regions: 0->0
[1.159s][info][gc,metaspace   ] GC(2) Metaspace: 7641K(7872K)->7641K(7872K) NonClass: 6724K(6848K)->6724K(6848K) Class: 916K(1024K)->916K(1024K)
[1.159s][info][gc             ] GC(2) Pause Young (Normal) (G1 Evacuation Pause) 19M->4M(112M) 10.394ms
[1.159s][info][gc,cpu         ] GC(2) User=0.06s Sys=0.00s Real=0.02s
[1.268s][info][gc,start       ] GC(3) Pause Young (Normal) (G1 Evacuation Pause)
[1.268s][info][gc,task        ] GC(3) Using 2 workers of 33 for evacuation
[1.279s][info][gc,phases      ] GC(3)   Pre Evacuate Collection Set: 0.1ms
[1.279s][info][gc,phases      ] GC(3)   Merge Heap Roots: 0.2ms
[1.279s][info][gc,phases      ] GC(3)   Evacuate Collection Set: 9.8ms
[1.279s][info][gc,phases      ] GC(3)   Post Evacuate Collection Set: 0.6ms
[1.279s][info][gc,phases      ] GC(3)   Other: 0.3ms
[1.279s][info][gc,heap        ] GC(3) Eden regions: 1->0(2)
[1.280s][info][gc,heap        ] GC(3) Survivor regions: 1->1(1)
[1.280s][info][gc,heap        ] GC(3) Old regions: 2->2
[1.280s][info][gc,heap        ] GC(3) Archive regions: 0->0
[1.280s][info][gc,heap        ] GC(3) Humongous regions: 0->0
[1.280s][info][gc,metaspace   ] GC(3) Metaspace: 7850K(8000K)->7850K(8000K) NonClass: 6922K(6976K)->6922K(6976K) Class: 927K(1024K)->927K(1024K)
[1.280s][info][gc             ] GC(3) Pause Young (Normal) (G1 Evacuation Pause) 20M->6M(112M) 11.457ms
[1.280s][info][gc,cpu         ] GC(3) User=0.00s Sys=0.00s Real=0.00s
[1.797s][info][gc,start       ] GC(4) Pause Young (Normal) (G1 Evacuation Pause)
[1.797s][info][gc,task        ] GC(4) Using 2 workers of 33 for evacuation
[1.829s][info][gc,phases      ] GC(4)   Pre Evacuate Collection Set: 0.0ms
[1.829s][info][gc,phases      ] GC(4)   Merge Heap Roots: 0.1ms
[1.829s][info][gc,phases      ] GC(4)   Evacuate Collection Set: 24.4ms
[1.829s][info][gc,phases      ] GC(4)   Post Evacuate Collection Set: 6.8ms
[1.829s][info][gc,phases      ] GC(4)   Other: 0.1ms
[1.829s][info][gc,heap        ] GC(4) Eden regions: 2->0(3)
[1.829s][info][gc,heap        ] GC(4) Survivor regions: 1->1(1)
[1.829s][info][gc,heap        ] GC(4) Old regions: 2->2
[1.829s][info][gc,heap        ] GC(4) Archive regions: 0->0
[1.829s][info][gc,heap        ] GC(4) Humongous regions: 0->0
[1.829s][info][gc,metaspace   ] GC(4) Metaspace: 10176K(10368K)->10176K(10368K) NonClass: 9102K(9216K)->9102K(9216K) Class: 1073K(1152K)->1073K(1152K)
[1.829s][info][gc             ] GC(4) Pause Young (Normal) (G1 Evacuation Pause) 38M->14M(1088M) 32.003ms
[1.829s][info][gc,cpu         ] GC(4) User=0.09s Sys=0.00s Real=0.03s
[2.065s][info][gc,start       ] GC(5) Pause Young (Normal) (G1 Evacuation Pause)
[2.065s][info][gc,task        ] GC(5) Using 26 workers of 33 for evacuation
[2.080s][info][gc,phases      ] GC(5)   Pre Evacuate Collection Set: 0.1ms
[2.080s][info][gc,phases      ] GC(5)   Merge Heap Roots: 0.1ms
[2.080s][info][gc,phases      ] GC(5)   Evacuate Collection Set: 13.8ms
[2.080s][info][gc,phases      ] GC(5)   Post Evacuate Collection Set: 0.5ms
[2.080s][info][gc,phases      ] GC(5)   Other: 0.7ms
[2.080s][info][gc,heap        ] GC(5) Eden regions: 3->0(4)
[2.080s][info][gc,heap        ] GC(5) Survivor regions: 1->1(1)
[2.080s][info][gc,heap        ] GC(5) Old regions: 2->3
[2.080s][info][gc,heap        ] GC(5) Archive regions: 0->0
[2.080s][info][gc,heap        ] GC(5) Humongous regions: 0->0
[2.080s][info][gc,metaspace   ] GC(5) Metaspace: 10291K(10496K)->10291K(10496K) NonClass: 9218K(9344K)->9218K(9344K) Class: 1073K(1152K)->1073K(1152K)
[2.080s][info][gc             ] GC(5) Pause Young (Normal) (G1 Evacuation Pause) 62M->25M(1088M) 15.579ms
[2.080s][info][gc,cpu         ] GC(5) User=0.20s Sys=0.27s Real=0.02s
[2.138s][info][gc,heap,exit   ] Heap
[2.138s][info][gc,heap,exit   ]  garbage-first heap   total 1114112K, used 33371K [0x00000000a0000000, 0x0000000800000000)
[2.138s][info][gc,heap,exit   ]   region size 16384K, 2 young (32768K), 1 survivors (16384K)
[2.138s][info][gc,heap,exit   ]  Metaspace       used 10744K, committed 11008K, reserved 1114112K
[2.138s][info][gc,heap,exit   ]   class space    used 1124K, committed 1216K, reserved 1048576K
