[0.017s][info][gc,init] CardTable entry size: 512
[0.017s][info][gc     ] Using Parallel
[0.029s][info][gc,init] Version: 20+36-2344 (release)
[0.030s][info][gc,init] CPUs: 48 total, 48 available
[0.030s][info][gc,init] Memory: 382G
[0.030s][info][gc,init] Large Page Support: Disabled
[0.030s][info][gc,init] NUMA Support: Disabled
[0.030s][info][gc,init] Compressed Oops: Enabled (Zero based)
[0.030s][info][gc,init] Alignments: Space 512K, Generation 512K, Heap 2M
[0.030s][info][gc,init] Heap Min Capacity: 8M
[0.030s][info][gc,init] Heap Initial Capacity: 2G
[0.030s][info][gc,init] Heap Max Capacity: 30718M
[0.041s][info][gc,init] Pre-touch: Disabled
[0.041s][info][gc,init] Parallel Workers: 33
[0.042s][info][gc,metaspace] CDS archive(s) mapped at: [0x0000000800000000-0x0000000800c60000-0x0000000800c60000), size 12976128, SharedBaseAddress: 0x0000000800000000, ArchiveRelocationMode: 0.
[0.042s][info][gc,metaspace] Compressed class space mapped at: 0x0000000801000000-0x0000000841000000, reserved size: 1073741824
[0.042s][info][gc,metaspace] Narrow klass base: 0x0000000800000000, Narrow klass shift: 0, Narrow klass range: 0x100000000
[1.035s][info][gc,start    ] GC(0) Pause Young (System.gc())
[1.042s][info][gc,heap     ] GC(0) PSYoungGen: 73472K(611840K)->3262K(611840K) Eden: 73472K(524800K)->0K(524800K) From: 0K(87040K)->3262K(87040K)
[1.042s][info][gc,heap     ] GC(0) ParOldGen: 0K(1398272K)->8K(1398272K)
[1.042s][info][gc,metaspace] GC(0) Metaspace: 1053K(1216K)->1053K(1216K) NonClass: 977K(1088K)->977K(1088K) Class: 76K(128K)->76K(128K)
[1.042s][info][gc          ] GC(0) Pause Young (System.gc()) 71M->3M(1963M) 7.389ms
[1.042s][info][gc,cpu      ] GC(0) User=0.00s Sys=0.02s Real=0.02s
[1.043s][info][gc,start    ] GC(1) Pause Full (System.gc())
[1.043s][info][gc,phases,start] GC(1) Marking Phase
[1.048s][info][gc,phases      ] GC(1) Marking Phase 4.844ms
[1.048s][info][gc,phases,start] GC(1) Summary Phase
[1.048s][info][gc,phases      ] GC(1) Summary Phase 0.022ms
[1.048s][info][gc,phases,start] GC(1) Adjust Roots
[1.049s][info][gc,phases      ] GC(1) Adjust Roots 1.270ms
[1.049s][info][gc,phases,start] GC(1) Compaction Phase
[1.055s][info][gc,phases      ] GC(1) Compaction Phase 6.045ms
[1.055s][info][gc,phases,start] GC(1) Post Compact
[1.056s][info][gc,phases      ] GC(1) Post Compact 0.701ms
[1.056s][info][gc,heap        ] GC(1) PSYoungGen: 3262K(611840K)->0K(611840K) Eden: 0K(524800K)->0K(524800K) From: 3262K(87040K)->0K(87040K)
[1.056s][info][gc,heap        ] GC(1) ParOldGen: 8K(1398272K)->2671K(1398272K)
[1.056s][info][gc,metaspace   ] GC(1) Metaspace: 1053K(1216K)->1053K(1216K) NonClass: 977K(1088K)->977K(1088K) Class: 76K(128K)->76K(128K)
[1.056s][info][gc             ] GC(1) Pause Full (System.gc()) 3M->2M(1963M) 13.140ms
[1.056s][info][gc,cpu         ] GC(1) User=0.08s Sys=0.00s Real=0.02s
[2.550s][info][gc,heap,exit   ] Heap
[2.550s][info][gc,heap,exit   ]  PSYoungGen      total 611840K, used 175808K [0x0000000580100000, 0x00000005aab80000, 0x0000000800000000)
[2.550s][info][gc,heap,exit   ]   eden space 524800K, 33% used [0x0000000580100000,0x000000058acb0368,0x00000005a0180000)
[2.550s][info][gc,heap,exit   ]   from space 87040K, 0% used [0x00000005a0180000,0x00000005a0180000,0x00000005a5680000)
[2.550s][info][gc,heap,exit   ]   to   space 87040K, 0% used [0x00000005a5680000,0x00000005a5680000,0x00000005aab80000)
[2.550s][info][gc,heap,exit   ]  ParOldGen       total 1398272K, used 2671K [0x0000000080200000, 0x00000000d5780000, 0x0000000580100000)
[2.550s][info][gc,heap,exit   ]   object space 1398272K, 0% used [0x0000000080200000,0x000000008049be00,0x00000000d5780000)
[2.550s][info][gc,heap,exit   ]  Metaspace       used 10742K, committed 11008K, reserved 1114112K
[2.550s][info][gc,heap,exit   ]   class space    used 1124K, committed 1216K, reserved 1048576K
