[0.017s][info][gc,init] Initializing The Z Garbage Collector
[0.018s][info][gc,init] Version: 20+36-2344 (release)
[0.018s][info][gc,init] NUMA Support: Disabled
[0.018s][info][gc,init] CPUs: 48 total, 48 available
[0.018s][info][gc,init] Memory: 391843M
[0.018s][info][gc,init] Large Page Support: Disabled
[0.018s][info][gc,init] GC Workers: 12 (dynamic)
[0.020s][info][gc,init] Address Space Type: Contiguous/Unrestricted/Complete
[0.020s][info][gc,init] Address Space Size: 491488M x 3 = 1474464M
[0.020s][info][gc,init] Min Capacity: 8M
[0.020s][info][gc,init] Initial Capacity: 2048M
[0.020s][info][gc,init] Max Capacity: 30718M
[0.020s][info][gc,init] Medium Page Size: 32M
[0.020s][info][gc,init] Pre-touch: Disabled
[0.056s][info][gc,init] Uncommit: Enabled
[0.056s][info][gc,init] Uncommit Delay: 300s
[0.136s][info][gc,init] Runtime Workers: 29
[0.138s][info][gc     ] Using The Z Garbage Collector
[0.139s][info][gc,metaspace] CDS archive(s) mapped at: [0x0000000800000000-0x0000000800c60000-0x0000000800c60000), size 12976128, SharedBaseAddress: 0x0000000800000000, ArchiveRelocationMode: 0.
[0.139s][info][gc,metaspace] Compressed class space mapped at: 0x0000000801000000-0x0000000841000000, reserved size: 1073741824
[0.139s][info][gc,metaspace] Narrow klass base: 0x0000000800000000, Narrow klass shift: 0, Narrow klass range: 0x100000000
[0.674s][info][gc,start    ] GC(0) Garbage Collection (System.gc())
[0.674s][info][gc,task     ] GC(0) Using 12 workers
[0.674s][info][gc,phases   ] GC(0) Pause Mark Start 0.015ms
[0.685s][info][gc,phases   ] GC(0) Concurrent Mark 10.872ms
[0.685s][info][gc,phases   ] GC(0) Pause Mark End 0.034ms
[0.685s][info][gc,phases   ] GC(0) Concurrent Mark Free 0.001ms
[0.686s][info][gc,phases   ] GC(0) Concurrent Process Non-Strong References 0.494ms
[0.686s][info][gc,phases   ] GC(0) Concurrent Reset Relocation Set 0.000ms
[0.701s][info][gc,phases   ] GC(0) Concurrent Select Relocation Set 14.864ms
[0.701s][info][gc,phases   ] GC(0) Pause Relocate Start 0.009ms
[0.704s][info][gc,phases   ] GC(0) Concurrent Relocate 3.286ms
[0.704s][info][gc,load     ] GC(0) Load: 0.00/0.00/0.00
[0.704s][info][gc,mmu      ] GC(0) MMU: 2ms/98.3%, 5ms/99.3%, 10ms/99.7%, 20ms/99.8%, 50ms/99.9%, 100ms/99.9%
[0.704s][info][gc,marking  ] GC(0) Mark: 8 stripe(s), 2 proactive flush(es), 1 terminate flush(es), 0 completion(s), 0 continuation(s) 
[0.704s][info][gc,marking  ] GC(0) Mark Stack Usage: 32M
[0.704s][info][gc,nmethod  ] GC(0) NMethods: 388 registered, 47 unregistered
[0.704s][info][gc,metaspace] GC(0) Metaspace: 1M used, 1M committed, 1088M reserved
[0.704s][info][gc,ref      ] GC(0) Soft: 48 encountered, 0 discovered, 0 enqueued
[0.704s][info][gc,ref      ] GC(0) Weak: 138 encountered, 63 discovered, 61 enqueued
[0.704s][info][gc,ref      ] GC(0) Final: 2 encountered, 1 discovered, 0 enqueued
[0.704s][info][gc,ref      ] GC(0) Phantom: 178 encountered, 155 discovered, 28 enqueued
[0.704s][info][gc,reloc    ] GC(0) Small Pages: 10 / 20M, Empty: 0M, Relocated: 1M, In-Place: 0
[0.705s][info][gc,reloc    ] GC(0) Medium Pages: 1 / 32M, Empty: 0M, Relocated: 0M, In-Place: 0
[0.705s][info][gc,reloc    ] GC(0) Large Pages: 0 / 0M, Empty: 0M, Relocated: 0M, In-Place: 0
[0.705s][info][gc,reloc    ] GC(0) Forwarding Usage: 0M
[0.705s][info][gc,heap     ] GC(0) Min Capacity: 8M(0%)
[0.705s][info][gc,heap     ] GC(0) Max Capacity: 30718M(100%)
[0.705s][info][gc,heap     ] GC(0) Soft Max Capacity: 30718M(100%)
[0.705s][info][gc,heap     ] GC(0)                Mark Start          Mark End        Relocate Start      Relocate End           High               Low         
[0.705s][info][gc,heap     ] GC(0)  Capacity:     2048M (7%)         2048M (7%)         2048M (7%)         2048M (7%)         2048M (7%)         2048M (7%)     
[0.705s][info][gc,heap     ] GC(0)      Free:    30666M (100%)      30666M (100%)      30664M (100%)      30664M (100%)      30666M (100%)      30650M (100%)   
[0.705s][info][gc,heap     ] GC(0)      Used:       52M (0%)           52M (0%)           54M (0%)           54M (0%)           68M (0%)           52M (0%)     
[0.705s][info][gc,heap     ] GC(0)      Live:         -                 2M (0%)            2M (0%)            2M (0%)             -                  -          
[0.705s][info][gc,heap     ] GC(0) Allocated:         -                 0M (0%)            2M (0%)            2M (0%)             -                  -          
[0.705s][info][gc,heap     ] GC(0)   Garbage:         -                49M (0%)           49M (0%)           49M (0%)             -                  -          
[0.705s][info][gc,heap     ] GC(0) Reclaimed:         -                  -                 0M (0%)            0M (0%)             -                  -          
[0.705s][info][gc          ] GC(0) Garbage Collection (System.gc()) 52M(0%)->54M(0%)
[2.134s][info][gc,heap,exit] Heap
[2.134s][info][gc,heap,exit]  ZHeap           used 218M, capacity 2048M, max capacity 30718M
[2.134s][info][gc,heap,exit]  Metaspace       used 10750K, committed 11008K, reserved 1114112K
[2.134s][info][gc,heap,exit]   class space    used 1126K, committed 1216K, reserved 1048576K
