[0.017s][info][gc,init] CardTable entry size: 512
[0.017s][info][gc     ] Using G1
[0.026s][info][gc,init] Version: 20+36-2344 (release)
[0.026s][info][gc,init] CPUs: 48 total, 48 available
[0.026s][info][gc,init] Memory: 382G
[0.026s][info][gc,init] Large Page Support: Disabled
[0.026s][info][gc,init] NUMA Support: Disabled
[0.026s][info][gc,init] Compressed Oops: Enabled (32-bit)
[0.026s][info][gc,init] Heap Region Size: 1M
[0.026s][info][gc,init] Heap Min Capacity: 8M
[0.026s][info][gc,init] Heap Initial Capacity: 512M
[0.026s][info][gc,init] Heap Max Capacity: 512M
[0.043s][info][gc,init] Pre-touch: Disabled
[0.043s][info][gc,init] Parallel Workers: 33
[0.043s][info][gc,init] Concurrent Workers: 8
[0.043s][info][gc,init] Concurrent Refinement Workers: 33
[0.043s][info][gc,init] Periodic GC: Disabled
[0.044s][info][gc,metaspace] CDS archive(s) mapped at: [0x0000000800000000-0x0000000800c60000-0x0000000800c60000), size 12976128, SharedBaseAddress: 0x0000000800000000, ArchiveRelocationMode: 0.
[0.044s][info][gc,metaspace] Compressed class space mapped at: 0x0000000801000000-0x0000000841000000, reserved size: 1073741824
[0.044s][info][gc,metaspace] Narrow klass base: 0x0000000800000000, Narrow klass shift: 0, Narrow klass range: 0x100000000
[2.582s][info][gc,start    ] GC(0) Pause Full (System.gc())
[2.583s][info][gc,task     ] GC(0) Using 11 workers of 33 for full compaction
[2.584s][info][gc,phases,start] GC(0) Phase 1: Mark live objects
[2.585s][info][gc,phases      ] GC(0) Phase 1: Mark live objects 1.728ms
[2.585s][info][gc,phases,start] GC(0) Phase 2: Prepare compaction
[2.586s][info][gc,phases      ] GC(0) Phase 2: Prepare compaction 1.001ms
[2.586s][info][gc,phases,start] GC(0) Phase 3: Adjust pointers
[2.587s][info][gc,phases      ] GC(0) Phase 3: Adjust pointers 0.915ms
[2.587s][info][gc,phases,start] GC(0) Phase 4: Compact heap
[2.588s][info][gc,phases      ] GC(0) Phase 4: Compact heap 0.907ms
[2.593s][info][gc,heap        ] GC(0) Eden regions: 11->0(13)
[2.593s][info][gc,heap        ] GC(0) Survivor regions: 0->0(0)
[2.593s][info][gc,heap        ] GC(0) Old regions: 0->11
[2.593s][info][gc,heap        ] GC(0) Archive regions: 0->0
[2.593s][info][gc,heap        ] GC(0) Humongous regions: 0->0
[2.593s][info][gc,metaspace   ] GC(0) Metaspace: 1006K(1152K)->1006K(1152K) NonClass: 933K(1024K)->933K(1024K) Class: 73K(128K)->73K(128K)
[2.593s][info][gc             ] GC(0) Pause Full (System.gc()) 11M->0M(37M) 11.191ms
[2.593s][info][gc,cpu         ] GC(0) User=0.00s Sys=0.00s Real=0.00s
[5.403s][info][gc,start       ] GC(1) Pause Young (Normal) (G1 Evacuation Pause)
[5.403s][info][gc,task        ] GC(1) Using 6 workers of 33 for evacuation
[5.408s][info][gc,phases      ] GC(1)   Pre Evacuate Collection Set: 0.1ms
[5.408s][info][gc,phases      ] GC(1)   Merge Heap Roots: 0.1ms
[5.408s][info][gc,phases      ] GC(1)   Evacuate Collection Set: 3.8ms
[5.408s][info][gc,phases      ] GC(1)   Post Evacuate Collection Set: 0.7ms
[5.408s][info][gc,phases      ] GC(1)   Other: 0.2ms
[5.408s][info][gc,heap        ] GC(1) Eden regions: 13->0(7)
[5.408s][info][gc,heap        ] GC(1) Survivor regions: 0->2(2)
[5.408s][info][gc,heap        ] GC(1) Old regions: 11->14
[5.408s][info][gc,heap        ] GC(1) Archive regions: 0->0
[5.408s][info][gc,heap        ] GC(1) Humongous regions: 0->0
[5.408s][info][gc,metaspace   ] GC(1) Metaspace: 3210K(3392K)->3210K(3392K) NonClass: 2954K(3072K)->2954K(3072K) Class: 255K(320K)->255K(320K)
[5.408s][info][gc             ] GC(1) Pause Young (Normal) (G1 Evacuation Pause) 13M->5M(37M) 5.306ms
[5.408s][info][gc,cpu         ] GC(1) User=0.08s Sys=0.02s Real=0.02s
[8.763s][info][gc,start       ] GC(2) Pause Young (Normal) (G1 Evacuation Pause)
[8.763s][info][gc,task        ] GC(2) Using 4 workers of 33 for evacuation
[8.767s][info][gc,phases      ] GC(2)   Pre Evacuate Collection Set: 0.1ms
[8.767s][info][gc,phases      ] GC(2)   Merge Heap Roots: 0.1ms
[8.767s][info][gc,phases      ] GC(2)   Evacuate Collection Set: 3.1ms
[8.767s][info][gc,phases      ] GC(2)   Post Evacuate Collection Set: 0.4ms
[8.767s][info][gc,phases      ] GC(2)   Other: 0.1ms
[8.767s][info][gc,heap        ] GC(2) Eden regions: 7->0(8)
[8.767s][info][gc,heap        ] GC(2) Survivor regions: 2->1(2)
[8.767s][info][gc,heap        ] GC(2) Old regions: 14->16
[8.767s][info][gc,heap        ] GC(2) Archive regions: 0->0
[8.767s][info][gc,heap        ] GC(2) Humongous regions: 0->0
[8.767s][info][gc,metaspace   ] GC(2) Metaspace: 3244K(3392K)->3244K(3392K) NonClass: 2988K(3072K)->2988K(3072K) Class: 255K(320K)->255K(320K)
[8.767s][info][gc             ] GC(2) Pause Young (Normal) (G1 Evacuation Pause) 12M->6M(37M) 4.333ms
[8.767s][info][gc,cpu         ] GC(2) User=0.00s Sys=0.00s Real=0.00s
[11.040s][info][gc,start       ] GC(3) Pause Young (Normal) (G1 Evacuation Pause)
[11.040s][info][gc,task        ] GC(3) Using 3 workers of 33 for evacuation
[11.042s][info][gc,phases      ] GC(3)   Pre Evacuate Collection Set: 0.1ms
[11.042s][info][gc,phases      ] GC(3)   Merge Heap Roots: 0.0ms
[11.042s][info][gc,phases      ] GC(3)   Evacuate Collection Set: 0.5ms
[11.042s][info][gc,phases      ] GC(3)   Post Evacuate Collection Set: 0.5ms
[11.042s][info][gc,phases      ] GC(3)   Other: 0.1ms
[11.042s][info][gc,heap        ] GC(3) Eden regions: 8->0(11)
[11.042s][info][gc,heap        ] GC(3) Survivor regions: 1->1(2)
[11.042s][info][gc,heap        ] GC(3) Old regions: 16->16
[11.042s][info][gc,heap        ] GC(3) Archive regions: 0->0
[11.042s][info][gc,heap        ] GC(3) Humongous regions: 0->0
[11.042s][info][gc,metaspace   ] GC(3) Metaspace: 3510K(3648K)->3510K(3648K) NonClass: 3226K(3328K)->3226K(3328K) Class: 284K(320K)->284K(320K)
[11.042s][info][gc             ] GC(3) Pause Young (Normal) (G1 Evacuation Pause) 14M->6M(37M) 1.727ms
[11.042s][info][gc,cpu         ] GC(3) User=0.00s Sys=0.00s Real=0.00s
[11.815s][info][gc,heap,exit   ] Heap
[11.815s][info][gc,heap,exit   ]  garbage-first heap   total 37888K, used 10066K [0x00000000e0000000, 0x0000000100000000)
[11.815s][info][gc,heap,exit   ]   region size 1024K, 5 young (5120K), 1 survivors (1024K)
[11.815s][info][gc,heap,exit   ]  Metaspace       used 3597K, committed 3776K, reserved 1114112K
[11.815s][info][gc,heap,exit   ]   class space    used 288K, committed 384K, reserved 1048576K
