[0.019s][info][gc,init] CardTable entry size: 512
[0.019s][info][gc     ] Using G1
[0.035s][info][gc,init] Version: 20+36-2344 (release)
[0.035s][info][gc,init] CPUs: 48 total, 48 available
[0.035s][info][gc,init] Memory: 382G
[0.035s][info][gc,init] Large Page Support: Disabled
[0.035s][info][gc,init] NUMA Support: Disabled
[0.035s][info][gc,init] Compressed Oops: Enabled (Zero based)
[0.035s][info][gc,init] Heap Region Size: 2M
[0.035s][info][gc,init] Heap Min Capacity: 8M
[0.035s][info][gc,init] Heap Initial Capacity: 2G
[0.035s][info][gc,init] Heap Max Capacity: 4G
[0.054s][info][gc,init] Pre-touch: Disabled
[0.054s][info][gc,init] Parallel Workers: 33
[0.054s][info][gc,init] Concurrent Workers: 8
[0.054s][info][gc,init] Concurrent Refinement Workers: 33
[0.054s][info][gc,init] Periodic GC: Disabled
[0.056s][info][gc,metaspace] CDS archive(s) mapped at: [0x0000000800000000-0x0000000800c60000-0x0000000800c60000), size 12976128, SharedBaseAddress: 0x0000000800000000, ArchiveRelocationMode: 0.
[0.056s][info][gc,metaspace] Compressed class space mapped at: 0x0000000801000000-0x0000000841000000, reserved size: 1073741824
[0.056s][info][gc,metaspace] Narrow klass base: 0x0000000800000000, Narrow klass shift: 0, Narrow klass range: 0x100000000
[2.259s][info][gc,start    ] GC(0) Pause Full (System.gc())
[2.260s][info][gc,task     ] GC(0) Using 8 workers of 33 for full compaction
[2.261s][info][gc,phases,start] GC(0) Phase 1: Mark live objects
[2.262s][info][gc,phases      ] GC(0) Phase 1: Mark live objects 1.652ms
[2.262s][info][gc,phases,start] GC(0) Phase 2: Prepare compaction
[2.265s][info][gc,phases      ] GC(0) Phase 2: Prepare compaction 2.537ms
[2.265s][info][gc,phases,start] GC(0) Phase 3: Adjust pointers
[2.266s][info][gc,phases      ] GC(0) Phase 3: Adjust pointers 0.918ms
[2.266s][info][gc,phases,start] GC(0) Phase 4: Compact heap
[2.268s][info][gc,phases      ] GC(0) Phase 4: Compact heap 1.550ms
[2.281s][info][gc,heap        ] GC(0) Eden regions: 8->0(8)
[2.281s][info][gc,heap        ] GC(0) Survivor regions: 0->0(0)
[2.281s][info][gc,heap        ] GC(0) Old regions: 0->7
[2.281s][info][gc,heap        ] GC(0) Archive regions: 0->0
[2.281s][info][gc,heap        ] GC(0) Humongous regions: 0->0
[2.281s][info][gc,metaspace   ] GC(0) Metaspace: 1006K(1152K)->1006K(1152K) NonClass: 933K(1024K)->933K(1024K) Class: 73K(128K)->73K(128K)
[2.281s][info][gc             ] GC(0) Pause Full (System.gc()) 16M->0M(48M) 21.794ms
[2.281s][info][gc,cpu         ] GC(0) User=0.00s Sys=0.13s Real=0.01s
[6.406s][info][gc,start       ] GC(1) Pause Young (Normal) (G1 Evacuation Pause)
[6.406s][info][gc,task        ] GC(1) Using 5 workers of 33 for evacuation
[6.412s][info][gc,phases      ] GC(1)   Pre Evacuate Collection Set: 0.1ms
[6.412s][info][gc,phases      ] GC(1)   Merge Heap Roots: 0.2ms
[6.412s][info][gc,phases      ] GC(1)   Evacuate Collection Set: 4.4ms
[6.412s][info][gc,phases      ] GC(1)   Post Evacuate Collection Set: 0.6ms
[6.412s][info][gc,phases      ] GC(1)   Other: 0.2ms
[6.412s][info][gc,heap        ] GC(1) Eden regions: 8->0(5)
[6.412s][info][gc,heap        ] GC(1) Survivor regions: 0->1(1)
[6.412s][info][gc,heap        ] GC(1) Old regions: 7->9
[6.412s][info][gc,heap        ] GC(1) Archive regions: 0->0
[6.412s][info][gc,heap        ] GC(1) Humongous regions: 0->0
[6.412s][info][gc,metaspace   ] GC(1) Metaspace: 3240K(3392K)->3240K(3392K) NonClass: 2984K(3072K)->2984K(3072K) Class: 255K(320K)->255K(320K)
[6.412s][info][gc             ] GC(1) Pause Young (Normal) (G1 Evacuation Pause) 16M->5M(48M) 5.967ms
[6.412s][info][gc,cpu         ] GC(1) User=0.02s Sys=0.00s Real=0.02s
[11.395s][info][gc,start       ] GC(2) Pause Young (Normal) (G1 Evacuation Pause)
[11.396s][info][gc,task        ] GC(2) Using 3 workers of 33 for evacuation
[11.399s][info][gc,phases      ] GC(2)   Pre Evacuate Collection Set: 0.1ms
[11.399s][info][gc,phases      ] GC(2)   Merge Heap Roots: 0.1ms
[11.399s][info][gc,phases      ] GC(2)   Evacuate Collection Set: 2.5ms
[11.399s][info][gc,phases      ] GC(2)   Post Evacuate Collection Set: 0.4ms
[11.399s][info][gc,phases      ] GC(2)   Other: 0.1ms
[11.399s][info][gc,heap        ] GC(2) Eden regions: 5->0(6)
[11.399s][info][gc,heap        ] GC(2) Survivor regions: 1->1(1)
[11.399s][info][gc,heap        ] GC(2) Old regions: 9->10
[11.399s][info][gc,heap        ] GC(2) Archive regions: 0->0
[11.399s][info][gc,heap        ] GC(2) Humongous regions: 0->0
[11.399s][info][gc,metaspace   ] GC(2) Metaspace: 3317K(3456K)->3317K(3456K) NonClass: 3052K(3136K)->3052K(3136K) Class: 265K(320K)->265K(320K)
[11.399s][info][gc             ] GC(2) Pause Young (Normal) (G1 Evacuation Pause) 15M->6M(48M) 3.813ms
[11.399s][info][gc,cpu         ] GC(2) User=0.00s Sys=0.00s Real=0.00s
[12.302s][info][gc,heap,exit   ] Heap
[12.302s][info][gc,heap,exit   ]  garbage-first heap   total 49152K, used 13380K [0x0000000700000000, 0x0000000800000000)
[12.302s][info][gc,heap,exit   ]   region size 2048K, 5 young (10240K), 1 survivors (2048K)
[12.303s][info][gc,heap,exit   ]  Metaspace       used 3594K, committed 3776K, reserved 1114112K
[12.303s][info][gc,heap,exit   ]   class space    used 288K, committed 384K, reserved 1048576K
