[0.016s][info][gc,init] CardTable entry size: 512
[0.017s][info][gc     ] Using G1
[0.040s][info][gc,init] Version: 20+36-2344 (release)
[0.040s][info][gc,init] CPUs: 48 total, 48 available
[0.040s][info][gc,init] Memory: 382G
[0.040s][info][gc,init] Large Page Support: Disabled
[0.040s][info][gc,init] NUMA Support: Disabled
[0.040s][info][gc,init] Compressed Oops: Enabled (32-bit)
[0.040s][info][gc,init] Heap Region Size: 1M
[0.040s][info][gc,init] Heap Min Capacity: 8M
[0.040s][info][gc,init] Heap Initial Capacity: 2G
[0.040s][info][gc,init] Heap Max Capacity: 2G
[0.040s][info][gc,init] Pre-touch: Disabled
[0.047s][info][gc,init] Parallel Workers: 33
[0.047s][info][gc,init] Concurrent Workers: 8
[0.047s][info][gc,init] Concurrent Refinement Workers: 33
[0.047s][info][gc,init] Periodic GC: Disabled
[0.048s][info][gc,metaspace] CDS archive(s) mapped at: [0x0000000800000000-0x0000000800c60000-0x0000000800c60000), size 12976128, SharedBaseAddress: 0x0000000800000000, ArchiveRelocationMode: 0.
[0.048s][info][gc,metaspace] Compressed class space mapped at: 0x0000000801000000-0x0000000841000000, reserved size: 1073741824
[0.048s][info][gc,metaspace] Narrow klass base: 0x0000000800000000, Narrow klass shift: 0, Narrow klass range: 0x100000000
[2.113s][info][gc,start    ] GC(0) Pause Full (System.gc())
[2.114s][info][gc,task     ] GC(0) Using 11 workers of 33 for full compaction
[2.115s][info][gc,phases,start] GC(0) Phase 1: Mark live objects
[2.117s][info][gc,phases      ] GC(0) Phase 1: Mark live objects 1.724ms
[2.117s][info][gc,phases,start] GC(0) Phase 2: Prepare compaction
[2.120s][info][gc,phases      ] GC(0) Phase 2: Prepare compaction 3.817ms
[2.120s][info][gc,phases,start] GC(0) Phase 3: Adjust pointers
[2.121s][info][gc,phases      ] GC(0) Phase 3: Adjust pointers 0.977ms
[2.121s][info][gc,phases,start] GC(0) Phase 4: Compact heap
[2.122s][info][gc,phases      ] GC(0) Phase 4: Compact heap 1.006ms
[2.138s][info][gc,heap        ] GC(0) Eden regions: 11->0(12)
[2.138s][info][gc,heap        ] GC(0) Survivor regions: 0->0(0)
[2.138s][info][gc,heap        ] GC(0) Old regions: 0->10
[2.138s][info][gc,heap        ] GC(0) Archive regions: 0->0
[2.138s][info][gc,heap        ] GC(0) Humongous regions: 0->0
[2.138s][info][gc,metaspace   ] GC(0) Metaspace: 1006K(1152K)->1006K(1152K) NonClass: 933K(1024K)->933K(1024K) Class: 73K(128K)->73K(128K)
[2.138s][info][gc             ] GC(0) Pause Full (System.gc()) 11M->0M(34M) 25.101ms
[2.138s][info][gc,cpu         ] GC(0) User=0.00s Sys=0.17s Real=0.02s
[5.031s][info][gc,start       ] GC(1) Pause Young (Normal) (G1 Evacuation Pause)
[5.031s][info][gc,task        ] GC(1) Using 6 workers of 33 for evacuation
[5.036s][info][gc,phases      ] GC(1)   Pre Evacuate Collection Set: 0.1ms
[5.036s][info][gc,phases      ] GC(1)   Merge Heap Roots: 0.2ms
[5.036s][info][gc,phases      ] GC(1)   Evacuate Collection Set: 3.8ms
[5.036s][info][gc,phases      ] GC(1)   Post Evacuate Collection Set: 0.6ms
[5.036s][info][gc,phases      ] GC(1)   Other: 0.2ms
[5.036s][info][gc,heap        ] GC(1) Eden regions: 12->0(6)
[5.036s][info][gc,heap        ] GC(1) Survivor regions: 0->2(2)
[5.036s][info][gc,heap        ] GC(1) Old regions: 10->13
[5.036s][info][gc,heap        ] GC(1) Archive regions: 0->0
[5.036s][info][gc,heap        ] GC(1) Humongous regions: 0->0
[5.036s][info][gc,metaspace   ] GC(1) Metaspace: 3125K(3264K)->3125K(3264K) NonClass: 2870K(2944K)->2870K(2944K) Class: 255K(320K)->255K(320K)
[5.036s][info][gc             ] GC(1) Pause Young (Normal) (G1 Evacuation Pause) 12M->5M(34M) 5.287ms
[5.036s][info][gc,cpu         ] GC(1) User=0.09s Sys=0.00s Real=0.02s
[7.863s][info][gc,start       ] GC(2) Pause Young (Normal) (G1 Evacuation Pause)
[7.863s][info][gc,task        ] GC(2) Using 4 workers of 33 for evacuation
[7.867s][info][gc,phases      ] GC(2)   Pre Evacuate Collection Set: 0.1ms
[7.867s][info][gc,phases      ] GC(2)   Merge Heap Roots: 0.1ms
[7.867s][info][gc,phases      ] GC(2)   Evacuate Collection Set: 3.3ms
[7.867s][info][gc,phases      ] GC(2)   Post Evacuate Collection Set: 0.4ms
[7.867s][info][gc,phases      ] GC(2)   Other: 0.1ms
[7.867s][info][gc,heap        ] GC(2) Eden regions: 6->0(7)
[7.867s][info][gc,heap        ] GC(2) Survivor regions: 2->1(1)
[7.867s][info][gc,heap        ] GC(2) Old regions: 13->15
[7.867s][info][gc,heap        ] GC(2) Archive regions: 0->0
[7.868s][info][gc,heap        ] GC(2) Humongous regions: 0->0
[7.868s][info][gc,metaspace   ] GC(2) Metaspace: 3242K(3392K)->3242K(3392K) NonClass: 2986K(3072K)->2986K(3072K) Class: 255K(320K)->255K(320K)
[7.868s][info][gc             ] GC(2) Pause Young (Normal) (G1 Evacuation Pause) 11M->5M(34M) 4.596ms
[7.868s][info][gc,cpu         ] GC(2) User=0.00s Sys=0.00s Real=0.00s
[11.162s][info][gc,start       ] GC(3) Pause Young (Normal) (G1 Evacuation Pause)
[11.162s][info][gc,task        ] GC(3) Using 3 workers of 33 for evacuation
[11.164s][info][gc,phases      ] GC(3)   Pre Evacuate Collection Set: 0.1ms
[11.164s][info][gc,phases      ] GC(3)   Merge Heap Roots: 0.1ms
[11.164s][info][gc,phases      ] GC(3)   Evacuate Collection Set: 1.4ms
[11.164s][info][gc,phases      ] GC(3)   Post Evacuate Collection Set: 0.5ms
[11.164s][info][gc,phases      ] GC(3)   Other: 0.1ms
[11.164s][info][gc,heap        ] GC(3) Eden regions: 7->0(10)
[11.164s][info][gc,heap        ] GC(3) Survivor regions: 1->1(1)
[11.165s][info][gc,heap        ] GC(3) Old regions: 15->15
[11.165s][info][gc,heap        ] GC(3) Archive regions: 0->0
[11.165s][info][gc,heap        ] GC(3) Humongous regions: 0->0
[11.165s][info][gc,metaspace   ] GC(3) Metaspace: 3435K(3520K)->3435K(3520K) NonClass: 3156K(3200K)->3156K(3200K) Class: 278K(320K)->278K(320K)
[11.165s][info][gc             ] GC(3) Pause Young (Normal) (G1 Evacuation Pause) 12M->6M(34M) 2.785ms
[11.165s][info][gc,cpu         ] GC(3) User=0.00s Sys=0.02s Real=0.02s
[12.118s][info][gc,heap,exit   ] Heap
[12.118s][info][gc,heap,exit   ]  garbage-first heap   total 34816K, used 12766K [0x0000000080000000, 0x0000000100000000)
[12.118s][info][gc,heap,exit   ]   region size 1024K, 8 young (8192K), 1 survivors (1024K)
[12.118s][info][gc,heap,exit   ]  Metaspace       used 3603K, committed 3776K, reserved 1114112K
[12.118s][info][gc,heap,exit   ]   class space    used 288K, committed 384K, reserved 1048576K
