[0.016s][info][gc,init] CardTable entry size: 512
[0.016s][info][gc     ] Using Parallel
[0.027s][info][gc,init] Version: 20+36-2344 (release)
[0.027s][info][gc,init] CPUs: 48 total, 48 available
[0.027s][info][gc,init] Memory: 382G
[0.027s][info][gc,init] Large Page Support: Disabled
[0.027s][info][gc,init] NUMA Support: Disabled
[0.027s][info][gc,init] Compressed Oops: Enabled (Zero based)
[0.027s][info][gc,init] Alignments: Space 512K, Generation 512K, Heap 2M
[0.027s][info][gc,init] Heap Min Capacity: 8M
[0.027s][info][gc,init] Heap Initial Capacity: 2G
[0.042s][info][gc,init] Heap Max Capacity: 4G
[0.042s][info][gc,init] Pre-touch: Disabled
[0.042s][info][gc,init] Parallel Workers: 33
[0.043s][info][gc,metaspace] CDS archive(s) mapped at: [0x0000000800000000-0x0000000800c60000-0x0000000800c60000), size 12976128, SharedBaseAddress: 0x0000000800000000, ArchiveRelocationMode: 0.
[0.043s][info][gc,metaspace] Compressed class space mapped at: 0x0000000801000000-0x0000000841000000, reserved size: 1073741824
[0.043s][info][gc,metaspace] Narrow klass base: 0x0000000800000000, Narrow klass shift: 0, Narrow klass range: 0x100000000
[2.650s][info][gc,start    ] GC(0) Pause Young (System.gc())
[2.656s][info][gc,heap     ] GC(0) PSYoungGen: 94464K(611840K)->1650K(611840K) Eden: 94464K(524800K)->0K(524800K) From: 0K(87040K)->1650K(87040K)
[2.656s][info][gc,heap     ] GC(0) ParOldGen: 0K(1398272K)->8K(1398272K)
[2.656s][info][gc,metaspace] GC(0) Metaspace: 1007K(1152K)->1007K(1152K) NonClass: 933K(1024K)->933K(1024K) Class: 73K(128K)->73K(128K)
[2.656s][info][gc          ] GC(0) Pause Young (System.gc()) 92M->1M(1963M) 5.548ms
[2.656s][info][gc,cpu      ] GC(0) User=0.39s Sys=0.06s Real=0.02s
[2.656s][info][gc,start    ] GC(1) Pause Full (System.gc())
[2.656s][info][gc,phases,start] GC(1) Marking Phase
[2.661s][info][gc,phases      ] GC(1) Marking Phase 5.002ms
[2.661s][info][gc,phases,start] GC(1) Summary Phase
[2.661s][info][gc,phases      ] GC(1) Summary Phase 0.031ms
[2.661s][info][gc,phases,start] GC(1) Adjust Roots
[2.663s][info][gc,phases      ] GC(1) Adjust Roots 1.374ms
[2.663s][info][gc,phases,start] GC(1) Compaction Phase
[2.670s][info][gc,phases      ] GC(1) Compaction Phase 6.789ms
[2.670s][info][gc,phases,start] GC(1) Post Compact
[2.670s][info][gc,phases      ] GC(1) Post Compact 0.683ms
[2.670s][info][gc,heap        ] GC(1) PSYoungGen: 1650K(611840K)->0K(611840K) Eden: 0K(524800K)->0K(524800K) From: 1650K(87040K)->0K(87040K)
[2.670s][info][gc,heap        ] GC(1) ParOldGen: 8K(1398272K)->966K(1398272K)
[2.670s][info][gc,metaspace   ] GC(1) Metaspace: 1007K(1152K)->1007K(1152K) NonClass: 933K(1024K)->933K(1024K) Class: 73K(128K)->73K(128K)
[2.670s][info][gc             ] GC(1) Pause Full (System.gc()) 1M->0M(1963M) 14.201ms
[2.670s][info][gc,cpu         ] GC(1) User=0.03s Sys=0.00s Real=0.02s
[12.651s][info][gc,heap,exit   ] Heap
[12.651s][info][gc,heap,exit   ]  PSYoungGen      total 611840K, used 80485K [0x00000007aab00000, 0x00000007d5580000, 0x0000000800000000)
[12.651s][info][gc,heap,exit   ]   eden space 524800K, 15% used [0x00000007aab00000,0x00000007af9996f0,0x00000007cab80000)
[12.651s][info][gc,heap,exit   ]   from space 87040K, 0% used [0x00000007cab80000,0x00000007cab80000,0x00000007d0080000)
[12.651s][info][gc,heap,exit   ]   to   space 87040K, 0% used [0x00000007d0080000,0x00000007d0080000,0x00000007d5580000)
[12.651s][info][gc,heap,exit   ]  ParOldGen       total 1398272K, used 966K [0x0000000700000000, 0x0000000755580000, 0x00000007aab00000)
[12.651s][info][gc,heap,exit   ]   object space 1398272K, 0% used [0x0000000700000000,0x00000007000f19c8,0x0000000755580000)
[12.651s][info][gc,heap,exit   ]  Metaspace       used 3598K, committed 3776K, reserved 1114112K
[12.651s][info][gc,heap,exit   ]   class space    used 288K, committed 384K, reserved 1048576K
