[0.017s][info][gc,init] CardTable entry size: 512
[0.017s][info][gc     ] Using Parallel
[0.020s][info][gc,init] Version: 20+36-2344 (release)
[0.020s][info][gc,init] CPUs: 48 total, 48 available
[0.020s][info][gc,init] Memory: 382G
[0.020s][info][gc,init] Large Page Support: Disabled
[0.020s][info][gc,init] NUMA Support: Disabled
[0.020s][info][gc,init] Compressed Oops: Enabled (32-bit)
[0.020s][info][gc,init] Alignments: Space 512K, Generation 512K, Heap 2M
[0.020s][info][gc,init] Heap Min Capacity: 8M
[0.020s][info][gc,init] Heap Initial Capacity: 512M
[0.020s][info][gc,init] Heap Max Capacity: 512M
[0.028s][info][gc,init] Pre-touch: Disabled
[0.028s][info][gc,init] Parallel Workers: 33
[0.030s][info][gc,metaspace] CDS archive(s) mapped at: [0x0000000800000000-0x0000000800c60000-0x0000000800c60000), size 12976128, SharedBaseAddress: 0x0000000800000000, ArchiveRelocationMode: 0.
[0.030s][info][gc,metaspace] Compressed class space mapped at: 0x0000000801000000-0x0000000841000000, reserved size: 1073741824
[0.030s][info][gc,metaspace] Narrow klass base: 0x0000000800000000, Narrow klass shift: 0, Narrow klass range: 0x100000000
[2.393s][info][gc,start    ] GC(0) Pause Young (System.gc())
[2.396s][info][gc,heap     ] GC(0) PSYoungGen: 31586K(153088K)->1123K(153088K) Eden: 31586K(131584K)->0K(131584K) From: 0K(21504K)->1123K(21504K)
[2.397s][info][gc,heap     ] GC(0) ParOldGen: 0K(349696K)->8K(349696K)
[2.397s][info][gc,metaspace] GC(0) Metaspace: 1007K(1152K)->1007K(1152K) NonClass: 933K(1024K)->933K(1024K) Class: 73K(128K)->73K(128K)
[2.397s][info][gc          ] GC(0) Pause Young (System.gc()) 30M->1M(491M) 3.402ms
[2.397s][info][gc,cpu      ] GC(0) User=0.00s Sys=0.00s Real=0.00s
[2.397s][info][gc,start    ] GC(1) Pause Full (System.gc())
[2.397s][info][gc,phases,start] GC(1) Marking Phase
[2.400s][info][gc,phases      ] GC(1) Marking Phase 3.181ms
[2.400s][info][gc,phases,start] GC(1) Summary Phase
[2.400s][info][gc,phases      ] GC(1) Summary Phase 0.029ms
[2.400s][info][gc,phases,start] GC(1) Adjust Roots
[2.401s][info][gc,phases      ] GC(1) Adjust Roots 0.942ms
[2.401s][info][gc,phases,start] GC(1) Compaction Phase
[2.405s][info][gc,phases      ] GC(1) Compaction Phase 4.141ms
[2.405s][info][gc,phases,start] GC(1) Post Compact
[2.405s][info][gc,phases      ] GC(1) Post Compact 0.219ms
[2.406s][info][gc,heap        ] GC(1) PSYoungGen: 1123K(153088K)->0K(153088K) Eden: 0K(131584K)->0K(131584K) From: 1123K(21504K)->0K(21504K)
[2.406s][info][gc,heap        ] GC(1) ParOldGen: 8K(349696K)->966K(349696K)
[2.406s][info][gc,metaspace   ] GC(1) Metaspace: 1007K(1152K)->1007K(1152K) NonClass: 933K(1024K)->933K(1024K) Class: 73K(128K)->73K(128K)
[2.406s][info][gc             ] GC(1) Pause Full (System.gc()) 1M->0M(491M) 8.825ms
[2.406s][info][gc,cpu         ] GC(1) User=0.17s Sys=0.00s Real=0.01s
[12.407s][info][gc,heap,exit   ] Heap
[12.407s][info][gc,heap,exit   ]  PSYoungGen      total 153088K, used 43106K [0x00000000f5580000, 0x0000000100000000, 0x0000000100000000)
[12.407s][info][gc,heap,exit   ]   eden space 131584K, 32% used [0x00000000f5580000,0x00000000f7f98b78,0x00000000fd600000)
[12.407s][info][gc,heap,exit   ]   from space 21504K, 0% used [0x00000000fd600000,0x00000000fd600000,0x00000000feb00000)
[12.407s][info][gc,heap,exit   ]   to   space 21504K, 0% used [0x00000000feb00000,0x00000000feb00000,0x0000000100000000)
[12.407s][info][gc,heap,exit   ]  ParOldGen       total 349696K, used 966K [0x00000000e0000000, 0x00000000f5580000, 0x00000000f5580000)
[12.407s][info][gc,heap,exit   ]   object space 349696K, 0% used [0x00000000e0000000,0x00000000e00f19c0,0x00000000f5580000)
[12.407s][info][gc,heap,exit   ]  Metaspace       used 3597K, committed 3776K, reserved 1114112K
[12.407s][info][gc,heap,exit   ]   class space    used 288K, committed 384K, reserved 1048576K
