[0.019s][info][gc,init] CardTable entry size: 512
[0.019s][info][gc     ] Using Parallel
[0.030s][info][gc,init] Version: 20+36-2344 (release)
[0.030s][info][gc,init] CPUs: 48 total, 48 available
[0.030s][info][gc,init] Memory: 382G
[0.030s][info][gc,init] Large Page Support: Disabled
[0.030s][info][gc,init] NUMA Support: Disabled
[0.030s][info][gc,init] Compressed Oops: Enabled (32-bit)
[0.030s][info][gc,init] Alignments: Space 512K, Generation 512K, Heap 2M
[0.030s][info][gc,init] Heap Min Capacity: 8M
[0.030s][info][gc,init] Heap Initial Capacity: 2G
[0.050s][info][gc,init] Heap Max Capacity: 2G
[0.050s][info][gc,init] Pre-touch: Disabled
[0.050s][info][gc,init] Parallel Workers: 33
[0.052s][info][gc,metaspace] CDS archive(s) mapped at: [0x0000000800000000-0x0000000800c60000-0x0000000800c60000), size 12976128, SharedBaseAddress: 0x0000000800000000, ArchiveRelocationMode: 0.
[0.052s][info][gc,metaspace] Compressed class space mapped at: 0x0000000801000000-0x0000000841000000, reserved size: 1073741824
[0.052s][info][gc,metaspace] Narrow klass base: 0x0000000800000000, Narrow klass shift: 0, Narrow klass range: 0x100000000
[4.470s][info][gc,start    ] GC(0) Pause Young (System.gc())
[4.475s][info][gc,heap     ] GC(0) PSYoungGen: 83968K(611840K)->1619K(611840K) Eden: 83968K(524800K)->0K(524800K) From: 0K(87040K)->1619K(87040K)
[4.475s][info][gc,heap     ] GC(0) ParOldGen: 0K(1398272K)->8K(1398272K)
[4.475s][info][gc,metaspace] GC(0) Metaspace: 1006K(1152K)->1006K(1152K) NonClass: 933K(1024K)->933K(1024K) Class: 73K(128K)->73K(128K)
[4.475s][info][gc          ] GC(0) Pause Young (System.gc()) 82M->1M(1963M) 5.393ms
[4.475s][info][gc,cpu      ] GC(0) User=0.00s Sys=0.00s Real=0.00s
[4.476s][info][gc,start    ] GC(1) Pause Full (System.gc())
[4.476s][info][gc,phases,start] GC(1) Marking Phase
[4.480s][info][gc,phases      ] GC(1) Marking Phase 3.977ms
[4.480s][info][gc,phases,start] GC(1) Summary Phase
[4.480s][info][gc,phases      ] GC(1) Summary Phase 0.027ms
[4.480s][info][gc,phases,start] GC(1) Adjust Roots
[4.481s][info][gc,phases      ] GC(1) Adjust Roots 1.331ms
[4.481s][info][gc,phases,start] GC(1) Compaction Phase
[4.489s][info][gc,phases      ] GC(1) Compaction Phase 7.800ms
[4.489s][info][gc,phases,start] GC(1) Post Compact
[4.490s][info][gc,phases      ] GC(1) Post Compact 0.630ms
[4.490s][info][gc,heap        ] GC(1) PSYoungGen: 1619K(611840K)->0K(611840K) Eden: 0K(524800K)->0K(524800K) From: 1619K(87040K)->0K(87040K)
[4.490s][info][gc,heap        ] GC(1) ParOldGen: 8K(1398272K)->966K(1398272K)
[4.490s][info][gc,metaspace   ] GC(1) Metaspace: 1006K(1152K)->1006K(1152K) NonClass: 933K(1024K)->933K(1024K) Class: 73K(128K)->73K(128K)
[4.490s][info][gc             ] GC(1) Pause Full (System.gc()) 1M->0M(1963M) 14.106ms
[4.490s][info][gc,cpu         ] GC(1) User=0.03s Sys=0.02s Real=0.02s
[15.036s][info][gc,heap,exit   ] Heap
[15.036s][info][gc,heap,exit   ]  PSYoungGen      total 611840K, used 87482K [0x00000000d5580000, 0x0000000100000000, 0x0000000100000000)
[15.036s][info][gc,heap,exit   ]   eden space 524800K, 16% used [0x00000000d5580000,0x00000000daaeebd0,0x00000000f5600000)
[15.036s][info][gc,heap,exit   ]   from space 87040K, 0% used [0x00000000f5600000,0x00000000f5600000,0x00000000fab00000)
[15.036s][info][gc,heap,exit   ]   to   space 87040K, 0% used [0x00000000fab00000,0x00000000fab00000,0x0000000100000000)
[15.036s][info][gc,heap,exit   ]  ParOldGen       total 1398272K, used 966K [0x0000000080000000, 0x00000000d5580000, 0x00000000d5580000)
[15.036s][info][gc,heap,exit   ]   object space 1398272K, 0% used [0x0000000080000000,0x00000000800f1be8,0x00000000d5580000)
[15.036s][info][gc,heap,exit   ]  Metaspace       used 3597K, committed 3776K, reserved 1114112K
[15.036s][info][gc,heap,exit   ]   class space    used 288K, committed 384K, reserved 1048576K
