[0.018s][info][gc,init] CardTable entry size: 512
[0.018s][info][gc     ] Using Parallel
[0.023s][info][gc,init] Version: 20+36-2344 (release)
[0.023s][info][gc,init] CPUs: 48 total, 48 available
[0.023s][info][gc,init] Memory: 382G
[0.023s][info][gc,init] Large Page Support: Disabled
[0.023s][info][gc,init] NUMA Support: Disabled
[0.023s][info][gc,init] Compressed Oops: Enabled (32-bit)
[0.023s][info][gc,init] Alignments: Space 512K, Generation 512K, Heap 2M
[0.023s][info][gc,init] Heap Min Capacity: 8M
[0.023s][info][gc,init] Heap Initial Capacity: 1G
[0.042s][info][gc,init] Heap Max Capacity: 1G
[0.042s][info][gc,init] Pre-touch: Disabled
[0.042s][info][gc,init] Parallel Workers: 33
[0.043s][info][gc,metaspace] CDS archive(s) mapped at: [0x0000000800000000-0x0000000800c60000-0x0000000800c60000), size 12976128, SharedBaseAddress: 0x0000000800000000, ArchiveRelocationMode: 0.
[0.043s][info][gc,metaspace] Compressed class space mapped at: 0x0000000801000000-0x0000000841000000, reserved size: 1073741824
[0.043s][info][gc,metaspace] Narrow klass base: 0x0000000800000000, Narrow klass shift: 0, Narrow klass range: 0x100000000
[2.538s][info][gc,start    ] GC(0) Pause Young (System.gc())
[2.542s][info][gc,heap     ] GC(0) PSYoungGen: 52431K(305664K)->1331K(305664K) Eden: 52431K(262144K)->0K(262144K) From: 0K(43520K)->1331K(43520K)
[2.542s][info][gc,heap     ] GC(0) ParOldGen: 0K(699392K)->8K(699392K)
[2.542s][info][gc,metaspace] GC(0) Metaspace: 1008K(1152K)->1008K(1152K) NonClass: 935K(1024K)->935K(1024K) Class: 73K(128K)->73K(128K)
[2.542s][info][gc          ] GC(0) Pause Young (System.gc()) 51M->1M(981M) 3.861ms
[2.542s][info][gc,cpu      ] GC(0) User=0.02s Sys=0.03s Real=0.01s
[2.542s][info][gc,start    ] GC(1) Pause Full (System.gc())
[2.542s][info][gc,phases,start] GC(1) Marking Phase
[2.546s][info][gc,phases      ] GC(1) Marking Phase 4.231ms
[2.546s][info][gc,phases,start] GC(1) Summary Phase
[2.546s][info][gc,phases      ] GC(1) Summary Phase 0.031ms
[2.546s][info][gc,phases,start] GC(1) Adjust Roots
[2.548s][info][gc,phases      ] GC(1) Adjust Roots 1.351ms
[2.548s][info][gc,phases,start] GC(1) Compaction Phase
[2.554s][info][gc,phases      ] GC(1) Compaction Phase 6.149ms
[2.554s][info][gc,phases,start] GC(1) Post Compact
[2.554s][info][gc,phases      ] GC(1) Post Compact 0.367ms
[2.554s][info][gc,heap        ] GC(1) PSYoungGen: 1331K(305664K)->0K(305664K) Eden: 0K(262144K)->0K(262144K) From: 1331K(43520K)->0K(43520K)
[2.554s][info][gc,heap        ] GC(1) ParOldGen: 8K(699392K)->966K(699392K)
[2.554s][info][gc,metaspace   ] GC(1) Metaspace: 1008K(1152K)->1008K(1152K) NonClass: 935K(1024K)->935K(1024K) Class: 73K(128K)->73K(128K)
[2.554s][info][gc             ] GC(1) Pause Full (System.gc()) 1M->0M(981M) 12.449ms
[2.554s][info][gc,cpu         ] GC(1) User=0.00s Sys=0.00s Real=0.00s
[13.044s][info][gc,heap,exit   ] Heap
[13.044s][info][gc,heap,exit   ]  PSYoungGen      total 305664K, used 54224K [0x00000000eab00000, 0x0000000100000000, 0x0000000100000000)
[13.044s][info][gc,heap,exit   ]   eden space 262144K, 20% used [0x00000000eab00000,0x00000000edff4358,0x00000000fab00000)
[13.044s][info][gc,heap,exit   ]   from space 43520K, 0% used [0x00000000fab00000,0x00000000fab00000,0x00000000fd580000)
[13.044s][info][gc,heap,exit   ]   to   space 43520K, 0% used [0x00000000fd580000,0x00000000fd580000,0x0000000100000000)
[13.044s][info][gc,heap,exit   ]  ParOldGen       total 699392K, used 966K [0x00000000c0000000, 0x00000000eab00000, 0x00000000eab00000)
[13.044s][info][gc,heap,exit   ]   object space 699392K, 0% used [0x00000000c0000000,0x00000000c00f19c0,0x00000000eab00000)
[13.044s][info][gc,heap,exit   ]  Metaspace       used 3601K, committed 3776K, reserved 1114112K
[13.044s][info][gc,heap,exit   ]   class space    used 288K, committed 384K, reserved 1048576K
