[0.019s][info][gc,init] CardTable entry size: 512
[0.019s][info][gc     ] Using Serial
[0.024s][info][gc,init] Version: 20+36-2344 (release)
[0.024s][info][gc,init] CPUs: 48 total, 48 available
[0.024s][info][gc,init] Memory: 382G
[0.024s][info][gc,init] Large Page Support: Disabled
[0.024s][info][gc,init] NUMA Support: Disabled
[0.024s][info][gc,init] Compressed Oops: Enabled (32-bit)
[0.024s][info][gc,init] Heap Min Capacity: 8M
[0.024s][info][gc,init] Heap Initial Capacity: 1G
[0.024s][info][gc,init] Heap Max Capacity: 1G
[0.024s][info][gc,init] Pre-touch: Disabled
[0.033s][info][gc,metaspace] CDS archive(s) mapped at: [0x0000000800000000-0x0000000800c60000-0x0000000800c60000), size 12976128, SharedBaseAddress: 0x0000000800000000, ArchiveRelocationMode: 0.
[0.033s][info][gc,metaspace] Compressed class space mapped at: 0x0000000801000000-0x0000000841000000, reserved size: 1073741824
[0.033s][info][gc,metaspace] Narrow klass base: 0x0000000800000000, Narrow klass shift: 0, Narrow klass range: 0x100000000
[3.013s][info][gc,start    ] GC(0) Pause Full (System.gc())
[3.014s][info][gc,phases,start] GC(0) Phase 1: Mark live objects
[3.018s][info][gc,phases      ] GC(0) Phase 1: Mark live objects 4.236ms
[3.018s][info][gc,phases,start] GC(0) Phase 2: Compute new object addresses
[3.021s][info][gc,phases      ] GC(0) Phase 2: Compute new object addresses 2.638ms
[3.021s][info][gc,phases,start] GC(0) Phase 3: Adjust pointers
[3.023s][info][gc,phases      ] GC(0) Phase 3: Adjust pointers 2.216ms
[3.023s][info][gc,phases,start] GC(0) Phase 4: Move objects
[3.024s][info][gc,phases      ] GC(0) Phase 4: Move objects 1.548ms
[3.025s][info][gc,heap        ] GC(0) DefNew: 55925K(314560K)->0K(314560K) Eden: 55925K(279616K)->0K(279616K) From: 0K(34944K)->0K(34944K)
[3.025s][info][gc,heap        ] GC(0) Tenured: 0K(699072K)->966K(699072K)
[3.025s][info][gc,metaspace   ] GC(0) Metaspace: 1006K(1152K)->1006K(1152K) NonClass: 933K(1024K)->933K(1024K) Class: 73K(128K)->73K(128K)
[3.025s][info][gc             ] GC(0) Pause Full (System.gc()) 54M->0M(989M) 11.422ms
[3.025s][info][gc,cpu         ] GC(0) User=0.02s Sys=0.00s Real=0.02s
[14.512s][info][gc,heap,exit   ] Heap
[14.512s][info][gc,heap,exit   ]  def new generation   total 314560K, used 54211K [0x00000000c0000000, 0x00000000d5550000, 0x00000000d5550000)
[14.512s][info][gc,heap,exit   ]   eden space 279616K,  19% used [0x00000000c0000000, 0x00000000c34f0dd0, 0x00000000d1110000)
[14.512s][info][gc,heap,exit   ]   from space 34944K,   0% used [0x00000000d1110000, 0x00000000d1110000, 0x00000000d3330000)
[14.512s][info][gc,heap,exit   ]   to   space 34944K,   0% used [0x00000000d3330000, 0x00000000d3330000, 0x00000000d5550000)
[14.512s][info][gc,heap,exit   ]  tenured generation   total 699072K, used 966K [0x00000000d5550000, 0x0000000100000000, 0x0000000100000000)
[14.512s][info][gc,heap,exit   ]    the space 699072K,   0% used [0x00000000d5550000, 0x00000000d56419c0, 0x00000000d5641a00, 0x0000000100000000)
[14.512s][info][gc,heap,exit   ]  Metaspace       used 3599K, committed 3776K, reserved 1114112K
[14.512s][info][gc,heap,exit   ]   class space    used 288K, committed 384K, reserved 1048576K
