[0.017s][info][gc,init] Initializing The Z Garbage Collector
[0.017s][info][gc,init] Version: 20+36-2344 (release)
[0.017s][info][gc,init] NUMA Support: Disabled
[0.017s][info][gc,init] CPUs: 48 total, 48 available
[0.017s][info][gc,init] Memory: 391843M
[0.017s][info][gc,init] Large Page Support: Disabled
[0.017s][info][gc,init] GC Workers: 12 (dynamic)
[0.019s][info][gc,init] Address Space Type: Contiguous/Unrestricted/Complete
[0.019s][info][gc,init] Address Space Size: 65536M x 3 = 196608M
[0.019s][info][gc,init] Min Capacity: 8M
[0.019s][info][gc,init] Initial Capacity: 2048M
[0.024s][info][gc,init] Max Capacity: 4096M
[0.024s][info][gc,init] Medium Page Size: 32M
[0.024s][info][gc,init] Pre-touch: Disabled
[0.024s][info][gc,init] Uncommit: Enabled
[0.024s][info][gc,init] Uncommit Delay: 300s
[0.099s][info][gc,init] Runtime Workers: 29
[0.102s][info][gc     ] Using The Z Garbage Collector
[0.103s][info][gc,metaspace] CDS archive(s) mapped at: [0x0000000800000000-0x0000000800c60000-0x0000000800c60000), size 12976128, SharedBaseAddress: 0x0000000800000000, ArchiveRelocationMode: 0.
[0.103s][info][gc,metaspace] Compressed class space mapped at: 0x0000000801000000-0x0000000841000000, reserved size: 1073741824
[0.103s][info][gc,metaspace] Narrow klass base: 0x0000000800000000, Narrow klass shift: 0, Narrow klass range: 0x100000000
[4.465s][info][gc,start    ] GC(0) Garbage Collection (System.gc())
[4.465s][info][gc,task     ] GC(0) Using 12 workers
[4.465s][info][gc,phases   ] GC(0) Pause Mark Start 0.017ms
[4.470s][info][gc,phases   ] GC(0) Concurrent Mark 4.779ms
[4.470s][info][gc,phases   ] GC(0) Pause Mark End 0.026ms
[4.470s][info][gc,phases   ] GC(0) Concurrent Mark Free 0.001ms
[4.471s][info][gc,phases   ] GC(0) Concurrent Process Non-Strong References 0.509ms
[4.471s][info][gc,phases   ] GC(0) Concurrent Reset Relocation Set 0.001ms
[4.486s][info][gc,phases   ] GC(0) Concurrent Select Relocation Set 15.296ms
[4.486s][info][gc,phases   ] GC(0) Pause Relocate Start 0.008ms
[4.488s][info][gc,phases   ] GC(0) Concurrent Relocate 1.948ms
[4.489s][info][gc,load     ] GC(0) Load: 0.00/0.00/0.00
[4.489s][info][gc,mmu      ] GC(0) MMU: 2ms/98.7%, 5ms/99.5%, 10ms/99.6%, 20ms/99.8%, 50ms/99.9%, 100ms/99.9%
[4.489s][info][gc,marking  ] GC(0) Mark: 8 stripe(s), 1 proactive flush(es), 1 terminate flush(es), 0 completion(s), 0 continuation(s) 
[4.489s][info][gc,marking  ] GC(0) Mark Stack Usage: 32M
[4.489s][info][gc,nmethod  ] GC(0) NMethods: 428 registered, 50 unregistered
[4.489s][info][gc,metaspace] GC(0) Metaspace: 0M used, 1M committed, 1088M reserved
[4.489s][info][gc,ref      ] GC(0) Soft: 49 encountered, 0 discovered, 0 enqueued
[4.489s][info][gc,ref      ] GC(0) Weak: 132 encountered, 61 discovered, 52 enqueued
[4.489s][info][gc,ref      ] GC(0) Final: 2 encountered, 2 discovered, 0 enqueued
[4.489s][info][gc,ref      ] GC(0) Phantom: 98 encountered, 79 discovered, 25 enqueued
[4.489s][info][gc,reloc    ] GC(0) Small Pages: 10 / 20M, Empty: 2M, Relocated: 1M, In-Place: 0
[4.489s][info][gc,reloc    ] GC(0) Medium Pages: 0 / 0M, Empty: 0M, Relocated: 0M, In-Place: 0
[4.489s][info][gc,reloc    ] GC(0) Large Pages: 0 / 0M, Empty: 0M, Relocated: 0M, In-Place: 0
[4.489s][info][gc,reloc    ] GC(0) Forwarding Usage: 0M
[4.489s][info][gc,heap     ] GC(0) Min Capacity: 8M(0%)
[4.489s][info][gc,heap     ] GC(0) Max Capacity: 4096M(100%)
[4.489s][info][gc,heap     ] GC(0) Soft Max Capacity: 4096M(100%)
[4.489s][info][gc,heap     ] GC(0)                Mark Start          Mark End        Relocate Start      Relocate End           High               Low         
[4.489s][info][gc,heap     ] GC(0)  Capacity:     2048M (50%)        2048M (50%)        2048M (50%)        2048M (50%)        2048M (50%)        2048M (50%)    
[4.489s][info][gc,heap     ] GC(0)      Free:     4076M (100%)       4076M (100%)       4076M (100%)       4076M (100%)       4076M (100%)       4062M (99%)    
[4.489s][info][gc,heap     ] GC(0)      Used:       20M (0%)           20M (0%)           20M (0%)           20M (0%)           34M (1%)           20M (0%)     
[4.489s][info][gc,heap     ] GC(0)      Live:         -                 1M (0%)            1M (0%)            1M (0%)             -                  -          
[4.489s][info][gc,heap     ] GC(0) Allocated:         -                 0M (0%)            2M (0%)            2M (0%)             -                  -          
[4.489s][info][gc,heap     ] GC(0)   Garbage:         -                18M (0%)           16M (0%)           16M (0%)             -                  -          
[4.489s][info][gc,heap     ] GC(0) Reclaimed:         -                  -                 2M (0%)            2M (0%)             -                  -          
[4.489s][info][gc          ] GC(0) Garbage Collection (System.gc()) 20M(0%)->20M(0%)
[10.148s][info][gc,stats    ] === Garbage Collection Statistics =======================================================================================================================
[10.148s][info][gc,stats    ]                                                              Last 10s              Last 10m              Last 10h                Total
[10.148s][info][gc,stats    ]                                                              Avg / Max             Avg / Max             Avg / Max             Avg / Max
[10.148s][info][gc,stats    ]   Collector: Garbage Collection Cycle                     23.619 / 23.619       23.619 / 23.619       23.619 / 23.619       23.619 / 23.619      ms
[10.148s][info][gc,stats    ]  Contention: Mark Segment Reset Contention                     0 / 0                 0 / 0                 0 / 0                 0 / 0           ops/s
[10.148s][info][gc,stats    ]  Contention: Mark SeqNum Reset Contention                      0 / 0                 0 / 0                 0 / 0                 0 / 0           ops/s
[10.148s][info][gc,stats    ]    Critical: Allocation Stall                                  0 / 0                 0 / 0                 0 / 0                 0 / 0           ops/s
[10.148s][info][gc,stats    ]    Critical: Allocation Stall                              0.000 / 0.000         0.000 / 0.000         0.000 / 0.000         0.000 / 0.000       ms
[10.148s][info][gc,stats    ]    Critical: GC Locker Stall                                   0 / 0                 0 / 0                 0 / 0                 0 / 0           ops/s
[10.148s][info][gc,stats    ]    Critical: GC Locker Stall                               0.000 / 0.000         0.000 / 0.000         0.000 / 0.000         0.000 / 0.000       ms
[10.148s][info][gc,stats    ]    Critical: Relocation Stall                                  0 / 0                 0 / 0                 0 / 0                 0 / 0           ops/s
[10.148s][info][gc,stats    ]    Critical: Relocation Stall                              0.000 / 0.000         0.000 / 0.000         0.000 / 0.000         0.000 / 0.000       ms
[10.148s][info][gc,stats    ]      Memory: Allocation Rate                                   7 / 50                7 / 50                7 / 50                7 / 50          MB/s
[10.148s][info][gc,stats    ]      Memory: Defragment                                        0 / 0                 0 / 0                 0 / 0                 0 / 0           ops/s
[10.148s][info][gc,stats    ]      Memory: Out Of Memory                                     0 / 0                 0 / 0                 0 / 0                 0 / 0           ops/s
[10.148s][info][gc,stats    ]      Memory: Page Cache Flush                                  0 / 0                 0 / 0                 0 / 0                 0 / 0           MB/s
[10.148s][info][gc,stats    ]      Memory: Page Cache Hit L1                                 1 / 10                1 / 10                1 / 10                1 / 10          ops/s
[10.148s][info][gc,stats    ]      Memory: Page Cache Hit L2                                 0 / 0                 0 / 0                 0 / 0                 0 / 0           ops/s
[10.148s][info][gc,stats    ]      Memory: Page Cache Hit L3                                 2 / 9                 2 / 9                 2 / 9                 2 / 9           ops/s
[10.149s][info][gc,stats    ]      Memory: Page Cache Miss                                   0 / 1                 0 / 1                 0 / 1                 0 / 1           ops/s
[10.149s][info][gc,stats    ]      Memory: Uncommit                                          0 / 0                 0 / 0                 0 / 0                 0 / 0           MB/s
[10.149s][info][gc,stats    ]      Memory: Undo Object Allocation Failed                     0 / 0                 0 / 0                 0 / 0                 0 / 0           ops/s
[10.149s][info][gc,stats    ]      Memory: Undo Object Allocation Succeeded                  0 / 0                 0 / 0                 0 / 0                 0 / 0           ops/s
[10.149s][info][gc,stats    ]      Memory: Undo Page Allocation                              0 / 0                 0 / 0                 0 / 0                 0 / 0           ops/s
[10.149s][info][gc,stats    ]       Phase: Concurrent Mark                               4.779 / 4.779         4.779 / 4.779         4.779 / 4.779         4.779 / 4.779       ms
[10.149s][info][gc,stats    ]       Phase: Concurrent Mark Continue                      0.000 / 0.000         0.000 / 0.000         0.000 / 0.000         0.000 / 0.000       ms
[10.149s][info][gc,stats    ]       Phase: Concurrent Mark Free                          0.001 / 0.001         0.001 / 0.001         0.001 / 0.001         0.001 / 0.001       ms
[10.149s][info][gc,stats    ]       Phase: Concurrent Process Non-Strong References      0.509 / 0.509         0.509 / 0.509         0.509 / 0.509         0.509 / 0.509       ms
[10.149s][info][gc,stats    ]       Phase: Concurrent Relocate                           1.948 / 1.948         1.948 / 1.948         1.948 / 1.948         1.948 / 1.948       ms
[10.149s][info][gc,stats    ]       Phase: Concurrent Reset Relocation Set               0.001 / 0.001         0.001 / 0.001         0.001 / 0.001         0.001 / 0.001       ms
[10.149s][info][gc,stats    ]       Phase: Concurrent Select Relocation Set             15.296 / 15.296       15.296 / 15.296       15.296 / 15.296       15.296 / 15.296      ms
[10.149s][info][gc,stats    ]       Phase: Pause Mark End                                0.026 / 0.026         0.026 / 0.026         0.026 / 0.026         0.026 / 0.026       ms
[10.149s][info][gc,stats    ]       Phase: Pause Mark Start                              0.017 / 0.017         0.017 / 0.017         0.017 / 0.017         0.017 / 0.017       ms
[10.149s][info][gc,stats    ]       Phase: Pause Relocate Start                          0.008 / 0.008         0.008 / 0.008         0.008 / 0.008         0.008 / 0.008       ms
[10.149s][info][gc,stats    ]    Subphase: Concurrent Classes Purge                      0.199 / 0.199         0.199 / 0.199         0.199 / 0.199         0.199 / 0.199       ms
[10.149s][info][gc,stats    ]    Subphase: Concurrent Classes Unlink                     0.172 / 0.172         0.172 / 0.172         0.172 / 0.172         0.172 / 0.172       ms
[10.149s][info][gc,stats    ]    Subphase: Concurrent Mark                               3.254 / 3.675         3.254 / 3.675         3.254 / 3.675         3.254 / 3.675       ms
[10.149s][info][gc,stats    ]    Subphase: Concurrent Mark Try Flush                     0.039 / 0.050         0.039 / 0.050         0.039 / 0.050         0.039 / 0.050       ms
[10.149s][info][gc,stats    ]    Subphase: Concurrent Mark Try Terminate                 1.595 / 2.459         1.595 / 2.459         1.595 / 2.459         1.595 / 2.459       ms
[10.149s][info][gc,stats    ]    Subphase: Concurrent References Enqueue                 0.004 / 0.004         0.004 / 0.004         0.004 / 0.004         0.004 / 0.004       ms
[10.149s][info][gc,stats    ]    Subphase: Concurrent References Process                 0.040 / 0.040         0.040 / 0.040         0.040 / 0.040         0.040 / 0.040       ms
[10.149s][info][gc,stats    ]    Subphase: Concurrent Roots ClassLoaderDataGraph         0.072 / 0.421         0.072 / 0.421         0.072 / 0.421         0.072 / 0.421       ms
[10.149s][info][gc,stats    ]    Subphase: Concurrent Roots CodeCache                    0.000 / 0.000         0.000 / 0.000         0.000 / 0.000         0.000 / 0.000       ms
[10.149s][info][gc,stats    ]    Subphase: Concurrent Roots JavaThreads                  0.313 / 0.768         0.313 / 0.768         0.313 / 0.768         0.313 / 0.768       ms
[10.149s][info][gc,stats    ]    Subphase: Concurrent Roots OopStorageSet                0.098 / 0.277         0.098 / 0.277         0.098 / 0.277         0.098 / 0.277       ms
[10.149s][info][gc,stats    ]    Subphase: Concurrent Weak Roots OopStorageSet           0.026 / 0.030         0.026 / 0.030         0.026 / 0.030         0.026 / 0.030       ms
[10.149s][info][gc,stats    ]    Subphase: Pause Mark Try Complete                       0.000 / 0.000         0.000 / 0.000         0.000 / 0.000         0.000 / 0.000       ms
[10.150s][info][gc,stats    ]      System: Java Threads                                     12 / 12               12 / 12               12 / 12               12 / 12          threads
[10.150s][info][gc,stats    ] =========================================================================================================================================================
[14.552s][info][gc,heap,exit] Heap
[14.552s][info][gc,heap,exit]  ZHeap           used 98M, capacity 2048M, max capacity 4096M
[14.552s][info][gc,heap,exit]  Metaspace       used 3599K, committed 3776K, reserved 1114112K
[14.552s][info][gc,heap,exit]   class space    used 287K, committed 384K, reserved 1048576K
