[0.016s][info][gc,init] Initializing The Z Garbage Collector
[0.016s][info][gc,init] Version: 20+36-2344 (release)
[0.016s][info][gc,init] NUMA Support: Disabled
[0.016s][info][gc,init] CPUs: 48 total, 48 available
[0.016s][info][gc,init] Memory: 391843M
[0.016s][info][gc,init] Large Page Support: Disabled
[0.016s][info][gc,init] GC Workers: 10 (dynamic)
[0.018s][info][gc,init] Address Space Type: Contiguous/Unrestricted/Complete
[0.018s][info][gc,init] Address Space Size: 16384M x 3 = 49152M
[0.018s][info][gc,init] Min Capacity: 8M
[0.018s][info][gc,init] Initial Capacity: 1024M
[0.028s][info][gc,init] Max Capacity: 1024M
[0.028s][info][gc,init] Medium Page Size: 32M
[0.028s][info][gc,init] Pre-touch: Disabled
[0.029s][info][gc,init] Uncommit: Enabled
[0.029s][info][gc,init] Uncommit Delay: 300s
[0.076s][info][gc,init] Runtime Workers: 10
[0.077s][info][gc     ] Using The Z Garbage Collector
[0.078s][info][gc,metaspace] CDS archive(s) mapped at: [0x0000000800000000-0x0000000800c60000-0x0000000800c60000), size 12976128, SharedBaseAddress: 0x0000000800000000, ArchiveRelocationMode: 0.
[0.078s][info][gc,metaspace] Compressed class space mapped at: 0x0000000801000000-0x0000000841000000, reserved size: 1073741824
[0.078s][info][gc,metaspace] Narrow klass base: 0x0000000800000000, Narrow klass shift: 0, Narrow klass range: 0x100000000
[3.024s][info][gc,start    ] GC(0) Garbage Collection (System.gc())
[3.024s][info][gc,task     ] GC(0) Using 10 workers
[3.024s][info][gc,phases   ] GC(0) Pause Mark Start 0.018ms
[3.029s][info][gc,phases   ] GC(0) Concurrent Mark 4.406ms
[3.029s][info][gc,phases   ] GC(0) Pause Mark End 0.022ms
[3.029s][info][gc,phases   ] GC(0) Concurrent Mark Free 0.001ms
[3.030s][info][gc,phases   ] GC(0) Concurrent Process Non-Strong References 0.536ms
[3.030s][info][gc,phases   ] GC(0) Concurrent Reset Relocation Set 0.001ms
[3.044s][info][gc,phases   ] GC(0) Concurrent Select Relocation Set 14.674ms
[3.044s][info][gc,phases   ] GC(0) Pause Relocate Start 0.006ms
[3.046s][info][gc,phases   ] GC(0) Concurrent Relocate 1.858ms
[3.046s][info][gc,load     ] GC(0) Load: 0.00/0.00/0.00
[3.046s][info][gc,mmu      ] GC(0) MMU: 2ms/98.9%, 5ms/99.2%, 10ms/99.6%, 20ms/99.8%, 50ms/99.9%, 100ms/100.0%
[3.046s][info][gc,marking  ] GC(0) Mark: 8 stripe(s), 1 proactive flush(es), 1 terminate flush(es), 0 completion(s), 0 continuation(s) 
[3.046s][info][gc,marking  ] GC(0) Mark Stack Usage: 32M
[3.046s][info][gc,nmethod  ] GC(0) NMethods: 423 registered, 50 unregistered
[3.047s][info][gc,metaspace] GC(0) Metaspace: 0M used, 1M committed, 1088M reserved
[3.047s][info][gc,ref      ] GC(0) Soft: 49 encountered, 0 discovered, 0 enqueued
[3.047s][info][gc,ref      ] GC(0) Weak: 132 encountered, 56 discovered, 52 enqueued
[3.047s][info][gc,ref      ] GC(0) Final: 2 encountered, 2 discovered, 0 enqueued
[3.047s][info][gc,ref      ] GC(0) Phantom: 98 encountered, 70 discovered, 40 enqueued
[3.047s][info][gc,reloc    ] GC(0) Small Pages: 6 / 12M, Empty: 0M, Relocated: 1M, In-Place: 0
[3.047s][info][gc,reloc    ] GC(0) Medium Pages: 0 / 0M, Empty: 0M, Relocated: 0M, In-Place: 0
[3.047s][info][gc,reloc    ] GC(0) Large Pages: 0 / 0M, Empty: 0M, Relocated: 0M, In-Place: 0
[3.047s][info][gc,reloc    ] GC(0) Forwarding Usage: 0M
[3.047s][info][gc,heap     ] GC(0) Min Capacity: 8M(1%)
[3.047s][info][gc,heap     ] GC(0) Max Capacity: 1024M(100%)
[3.047s][info][gc,heap     ] GC(0) Soft Max Capacity: 1024M(100%)
[3.047s][info][gc,heap     ] GC(0)                Mark Start          Mark End        Relocate Start      Relocate End           High               Low         
[3.047s][info][gc,heap     ] GC(0)  Capacity:     1024M (100%)       1024M (100%)       1024M (100%)       1024M (100%)       1024M (100%)       1024M (100%)   
[3.047s][info][gc,heap     ] GC(0)      Free:     1012M (99%)        1012M (99%)        1010M (99%)        1010M (99%)        1012M (99%)        1000M (98%)    
[3.047s][info][gc,heap     ] GC(0)      Used:       12M (1%)           12M (1%)           14M (1%)           14M (1%)           24M (2%)           12M (1%)     
[3.047s][info][gc,heap     ] GC(0)      Live:         -                 1M (0%)            1M (0%)            1M (0%)             -                  -          
[3.047s][info][gc,heap     ] GC(0) Allocated:         -                 0M (0%)            2M (0%)            2M (0%)             -                  -          
[3.047s][info][gc,heap     ] GC(0)   Garbage:         -                10M (1%)           10M (1%)           10M (1%)             -                  -          
[3.047s][info][gc,heap     ] GC(0) Reclaimed:         -                  -                 0M (0%)            0M (0%)             -                  -          
[3.047s][info][gc          ] GC(0) Garbage Collection (System.gc()) 12M(1%)->14M(1%)
[10.113s][info][gc,stats    ] === Garbage Collection Statistics =======================================================================================================================
[10.113s][info][gc,stats    ]                                                              Last 10s              Last 10m              Last 10h                Total
[10.113s][info][gc,stats    ]                                                              Avg / Max             Avg / Max             Avg / Max             Avg / Max
[10.113s][info][gc,stats    ]   Collector: Garbage Collection Cycle                     22.455 / 22.455       22.455 / 22.455       22.455 / 22.455       22.455 / 22.455      ms
[10.113s][info][gc,stats    ]  Contention: Mark Segment Reset Contention                     0 / 2                 0 / 2                 0 / 2                 0 / 2           ops/s
[10.113s][info][gc,stats    ]  Contention: Mark SeqNum Reset Contention                      0 / 0                 0 / 0                 0 / 0                 0 / 0           ops/s
[10.113s][info][gc,stats    ]    Critical: Allocation Stall                                  0 / 0                 0 / 0                 0 / 0                 0 / 0           ops/s
[10.113s][info][gc,stats    ]    Critical: Allocation Stall                              0.000 / 0.000         0.000 / 0.000         0.000 / 0.000         0.000 / 0.000       ms
[10.113s][info][gc,stats    ]    Critical: GC Locker Stall                                   0 / 0                 0 / 0                 0 / 0                 0 / 0           ops/s
[10.113s][info][gc,stats    ]    Critical: GC Locker Stall                               0.000 / 0.000         0.000 / 0.000         0.000 / 0.000         0.000 / 0.000       ms
[10.113s][info][gc,stats    ]    Critical: Relocation Stall                                  0 / 0                 0 / 0                 0 / 0                 0 / 0           ops/s
[10.113s][info][gc,stats    ]    Critical: Relocation Stall                              0.000 / 0.000         0.000 / 0.000         0.000 / 0.000         0.000 / 0.000       ms
[10.113s][info][gc,stats    ]      Memory: Allocation Rate                                   6 / 42                6 / 42                6 / 42                6 / 42          MB/s
[10.113s][info][gc,stats    ]      Memory: Defragment                                        0 / 0                 0 / 0                 0 / 0                 0 / 0           ops/s
[10.114s][info][gc,stats    ]      Memory: Out Of Memory                                     0 / 0                 0 / 0                 0 / 0                 0 / 0           ops/s
[10.114s][info][gc,stats    ]      Memory: Page Cache Flush                                  0 / 0                 0 / 0                 0 / 0                 0 / 0           MB/s
[10.114s][info][gc,stats    ]      Memory: Page Cache Hit L1                                 0 / 5                 0 / 5                 0 / 5                 0 / 5           ops/s
[10.114s][info][gc,stats    ]      Memory: Page Cache Hit L2                                 0 / 0                 0 / 0                 0 / 0                 0 / 0           ops/s
[10.114s][info][gc,stats    ]      Memory: Page Cache Hit L3                                 1 / 7                 1 / 7                 1 / 7                 1 / 7           ops/s
[10.114s][info][gc,stats    ]      Memory: Page Cache Miss                                   0 / 1                 0 / 1                 0 / 1                 0 / 1           ops/s
[10.114s][info][gc,stats    ]      Memory: Uncommit                                          0 / 0                 0 / 0                 0 / 0                 0 / 0           MB/s
[10.114s][info][gc,stats    ]      Memory: Undo Object Allocation Failed                     0 / 0                 0 / 0                 0 / 0                 0 / 0           ops/s
[10.114s][info][gc,stats    ]      Memory: Undo Object Allocation Succeeded                  0 / 0                 0 / 0                 0 / 0                 0 / 0           ops/s
[10.114s][info][gc,stats    ]      Memory: Undo Page Allocation                              0 / 0                 0 / 0                 0 / 0                 0 / 0           ops/s
[10.114s][info][gc,stats    ]       Phase: Concurrent Mark                               4.406 / 4.406         4.406 / 4.406         4.406 / 4.406         4.406 / 4.406       ms
[10.114s][info][gc,stats    ]       Phase: Concurrent Mark Continue                      0.000 / 0.000         0.000 / 0.000         0.000 / 0.000         0.000 / 0.000       ms
[10.114s][info][gc,stats    ]       Phase: Concurrent Mark Free                          0.001 / 0.001         0.001 / 0.001         0.001 / 0.001         0.001 / 0.001       ms
[10.114s][info][gc,stats    ]       Phase: Concurrent Process Non-Strong References      0.536 / 0.536         0.536 / 0.536         0.536 / 0.536         0.536 / 0.536       ms
[10.114s][info][gc,stats    ]       Phase: Concurrent Relocate                           1.858 / 1.858         1.858 / 1.858         1.858 / 1.858         1.858 / 1.858       ms
[10.114s][info][gc,stats    ]       Phase: Concurrent Reset Relocation Set               0.001 / 0.001         0.001 / 0.001         0.001 / 0.001         0.001 / 0.001       ms
[10.114s][info][gc,stats    ]       Phase: Concurrent Select Relocation Set             14.674 / 14.674       14.674 / 14.674       14.674 / 14.674       14.674 / 14.674      ms
[10.114s][info][gc,stats    ]       Phase: Pause Mark End                                0.022 / 0.022         0.022 / 0.022         0.022 / 0.022         0.022 / 0.022       ms
[10.114s][info][gc,stats    ]       Phase: Pause Mark Start                              0.018 / 0.018         0.018 / 0.018         0.018 / 0.018         0.018 / 0.018       ms
[10.114s][info][gc,stats    ]       Phase: Pause Relocate Start                          0.006 / 0.006         0.006 / 0.006         0.006 / 0.006         0.006 / 0.006       ms
[10.114s][info][gc,stats    ]    Subphase: Concurrent Classes Purge                      0.200 / 0.200         0.200 / 0.200         0.200 / 0.200         0.200 / 0.200       ms
[10.114s][info][gc,stats    ]    Subphase: Concurrent Classes Unlink                     0.193 / 0.193         0.193 / 0.193         0.193 / 0.193         0.193 / 0.193       ms
[10.114s][info][gc,stats    ]    Subphase: Concurrent Mark                               2.968 / 3.477         2.968 / 3.477         2.968 / 3.477         2.968 / 3.477       ms
[10.114s][info][gc,stats    ]    Subphase: Concurrent Mark Try Flush                     0.037 / 0.047         0.037 / 0.047         0.037 / 0.047         0.037 / 0.047       ms
[10.114s][info][gc,stats    ]    Subphase: Concurrent Mark Try Terminate                 1.589 / 2.178         1.589 / 2.178         1.589 / 2.178         1.589 / 2.178       ms
[10.115s][info][gc,stats    ]    Subphase: Concurrent References Enqueue                 0.004 / 0.004         0.004 / 0.004         0.004 / 0.004         0.004 / 0.004       ms
[10.115s][info][gc,stats    ]    Subphase: Concurrent References Process                 0.042 / 0.042         0.042 / 0.042         0.042 / 0.042         0.042 / 0.042       ms
[10.115s][info][gc,stats    ]    Subphase: Concurrent Roots ClassLoaderDataGraph         0.032 / 0.212         0.032 / 0.212         0.032 / 0.212         0.032 / 0.212       ms
[10.115s][info][gc,stats    ]    Subphase: Concurrent Roots CodeCache                    0.000 / 0.000         0.000 / 0.000         0.000 / 0.000         0.000 / 0.000       ms
[10.115s][info][gc,stats    ]    Subphase: Concurrent Roots JavaThreads                  0.350 / 0.744         0.350 / 0.744         0.350 / 0.744         0.350 / 0.744       ms
[10.115s][info][gc,stats    ]    Subphase: Concurrent Roots OopStorageSet                0.079 / 0.280         0.079 / 0.280         0.079 / 0.280         0.079 / 0.280       ms
[10.115s][info][gc,stats    ]    Subphase: Concurrent Weak Roots OopStorageSet           0.029 / 0.034         0.029 / 0.034         0.029 / 0.034         0.029 / 0.034       ms
[10.115s][info][gc,stats    ]    Subphase: Pause Mark Try Complete                       0.000 / 0.000         0.000 / 0.000         0.000 / 0.000         0.000 / 0.000       ms
[10.115s][info][gc,stats    ]      System: Java Threads                                     11 / 11               11 / 11               11 / 11               11 / 11          threads
[10.115s][info][gc,stats    ] =========================================================================================================================================================
[12.991s][info][gc,heap,exit] Heap
[12.991s][info][gc,heap,exit]  ZHeap           used 80M, capacity 1024M, max capacity 1024M
[12.991s][info][gc,heap,exit]  Metaspace       used 3597K, committed 3776K, reserved 1114112K
[12.991s][info][gc,heap,exit]   class space    used 287K, committed 384K, reserved 1048576K
