[0.016s][info][gc] Using Epsilon
[0.022s][info][gc,init] Version: 20+36-2344 (release)
[0.022s][info][gc,init] CPUs: 48 total, 48 available
[0.022s][info][gc,init] Memory: 382G
[0.022s][info][gc,init] Large Page Support: Disabled
[0.022s][info][gc,init] NUMA Support: Disabled
[0.022s][info][gc,init] Compressed Oops: Enabled (Zero based)
[0.022s][info][gc,init] Heap Min Capacity: 6656K
[0.022s][info][gc,init] Heap Initial Capacity: 2G
[0.022s][info][gc,init] Heap Max Capacity: 30718M
[0.022s][info][gc,init] Pre-touch: Disabled
[0.022s][warning][gc,init] Consider setting -Xms equal to -Xmx to avoid resizing hiccups
[0.027s][warning][gc,init] Consider enabling -XX:+AlwaysPreTouch to avoid memory commit hiccups
[0.027s][info   ][gc,init] TLAB Size Max: 4M
[0.027s][info   ][gc,init] TLAB Size Elasticity: 1.10x
[0.027s][info   ][gc,init] TLAB Size Decay Time: 1000ms
[0.028s][info   ][gc,metaspace] CDS archive(s) mapped at: [0x0000000800000000-0x0000000800c60000-0x0000000800c60000), size 12976128, SharedBaseAddress: 0x0000000800000000, ArchiveRelocationMode: 0.
[0.028s][info   ][gc,metaspace] Compressed class space mapped at: 0x0000000801000000-0x0000000841000000, reserved size: 1073741824
[0.028s][info   ][gc,metaspace] Narrow klass base: 0x0000000800000000, Narrow klass shift: 0, Narrow klass range: 0x100000000
[15.522s][info   ][gc          ] GC request for "System.gc()" is ignored
[43.053s][info   ][gc,heap,exit] Heap
[43.053s][info   ][gc,heap,exit] Epsilon Heap
[43.053s][info   ][gc,heap,exit] Allocation space:
[43.053s][info   ][gc,heap,exit]  space 2097152K,  30% used [0x0000000080200000, 0x00000000a6cd8948, 0x0000000100200000)
[43.053s][info   ][gc,heap,exit]  Metaspace       used 20803K, committed 21184K, reserved 1114112K
[43.053s][info   ][gc,heap,exit]   class space    used 1758K, committed 1920K, reserved 1048576K
[43.053s][info   ][gc          ] Heap: 30718M reserved, 2048M (6.67%) committed, 618M (2.01%) used
[43.053s][info   ][gc,metaspace] Metaspace: 1088M reserved, 21184K (1.90%) committed, 20803K (1.87%) used
