[0.018s][info][gc,init] CardTable entry size: 512
[0.018s][info][gc     ] Using G1
[0.029s][info][gc,init] Version: 20+36-2344 (release)
[0.029s][info][gc,init] CPUs: 48 total, 48 available
[0.029s][info][gc,init] Memory: 382G
[0.029s][info][gc,init] Large Page Support: Disabled
[0.029s][info][gc,init] NUMA Support: Disabled
[0.030s][info][gc,init] Compressed Oops: Enabled (Zero based)
[0.030s][info][gc,init] Heap Region Size: 16M
[0.030s][info][gc,init] Heap Min Capacity: 16M
[0.030s][info][gc,init] Heap Initial Capacity: 2G
[0.030s][info][gc,init] Heap Max Capacity: 30208M
[0.030s][info][gc,init] Pre-touch: Disabled
[0.040s][info][gc,init] Parallel Workers: 33
[0.040s][info][gc,init] Concurrent Workers: 8
[0.040s][info][gc,init] Concurrent Refinement Workers: 33
[0.040s][info][gc,init] Periodic GC: Disabled
[0.042s][info][gc,metaspace] CDS archive(s) mapped at: [0x0000000800000000-0x0000000800c60000-0x0000000800c60000), size 12976128, SharedBaseAddress: 0x0000000800000000, ArchiveRelocationMode: 0.
[0.042s][info][gc,metaspace] Compressed class space mapped at: 0x0000000801000000-0x0000000841000000, reserved size: 1073741824
[0.042s][info][gc,metaspace] Narrow klass base: 0x0000000800000000, Narrow klass shift: 0, Narrow klass range: 0x100000000
[10.642s][info][gc,start    ] GC(0) Pause Young (Normal) (G1 Evacuation Pause)
[10.645s][info][gc,task     ] GC(0) Using 33 workers of 33 for evacuation
[10.660s][info][gc,phases   ] GC(0)   Pre Evacuate Collection Set: 0.2ms
[10.660s][info][gc,phases   ] GC(0)   Merge Heap Roots: 0.7ms
[10.660s][info][gc,phases   ] GC(0)   Evacuate Collection Set: 12.7ms
[10.660s][info][gc,phases   ] GC(0)   Post Evacuate Collection Set: 1.1ms
[10.660s][info][gc,phases   ] GC(0)   Other: 2.3ms
[10.660s][info][gc,heap     ] GC(0) Eden regions: 6->0(5)
[10.660s][info][gc,heap     ] GC(0) Survivor regions: 0->1(1)
[10.660s][info][gc,heap     ] GC(0) Old regions: 0->0
[10.660s][info][gc,heap     ] GC(0) Archive regions: 0->0
[10.660s][info][gc,heap     ] GC(0) Humongous regions: 0->0
[10.660s][info][gc,metaspace] GC(0) Metaspace: 9550K(9856K)->9550K(9856K) NonClass: 8622K(8768K)->8622K(8768K) Class: 927K(1088K)->927K(1088K)
[10.660s][info][gc          ] GC(0) Pause Young (Normal) (G1 Evacuation Pause) 96M->7M(2048M) 17.480ms
[10.660s][info][gc,cpu      ] GC(0) User=0.22s Sys=0.30s Real=0.02s
[10.724s][info][gc,start    ] GC(1) Pause Full (System.gc())
[10.724s][info][gc,task     ] GC(1) Using 2 workers of 33 for full compaction
[10.724s][info][gc,phases,start] GC(1) Phase 1: Mark live objects
[10.742s][info][gc,phases      ] GC(1) Phase 1: Mark live objects 17.432ms
[10.742s][info][gc,phases,start] GC(1) Phase 2: Prepare compaction
[10.747s][info][gc,phases      ] GC(1) Phase 2: Prepare compaction 5.148ms
[10.747s][info][gc,phases,start] GC(1) Phase 3: Adjust pointers
[10.754s][info][gc,phases      ] GC(1) Phase 3: Adjust pointers 6.527ms
[10.754s][info][gc,phases,start] GC(1) Phase 4: Compact heap
[10.765s][info][gc,phases      ] GC(1) Phase 4: Compact heap 11.782ms
[10.790s][info][gc,heap        ] GC(1) Eden regions: 1->0(1)
[10.790s][info][gc,heap        ] GC(1) Survivor regions: 1->0(1)
[10.790s][info][gc,heap        ] GC(1) Old regions: 0->1
[10.790s][info][gc,heap        ] GC(1) Archive regions: 0->0
[10.790s][info][gc,heap        ] GC(1) Humongous regions: 0->0
[10.790s][info][gc,metaspace   ] GC(1) Metaspace: 9833K(10176K)->9833K(10176K) NonClass: 8881K(9088K)->8881K(9088K) Class: 951K(1088K)->951K(1088K)
[10.790s][info][gc             ] GC(1) Pause Full (System.gc()) 16M->6M(64M) 65.784ms
[10.790s][info][gc,cpu         ] GC(1) User=0.05s Sys=0.52s Real=0.06s
[10.971s][info][gc,start       ] GC(2) Pause Young (Normal) (G1 Evacuation Pause)
[10.971s][info][gc,task        ] GC(2) Using 20 workers of 33 for evacuation
[10.974s][info][gc,phases      ] GC(2)   Pre Evacuate Collection Set: 0.1ms
[10.974s][info][gc,phases      ] GC(2)   Merge Heap Roots: 0.1ms
[10.974s][info][gc,phases      ] GC(2)   Evacuate Collection Set: 1.4ms
[10.974s][info][gc,phases      ] GC(2)   Post Evacuate Collection Set: 0.7ms
[10.974s][info][gc,phases      ] GC(2)   Other: 0.1ms
[10.974s][info][gc,heap        ] GC(2) Eden regions: 1->0(1)
[10.974s][info][gc,heap        ] GC(2) Survivor regions: 0->1(1)
[10.974s][info][gc,heap        ] GC(2) Old regions: 1->1
[10.974s][info][gc,heap        ] GC(2) Archive regions: 0->0
[10.974s][info][gc,heap        ] GC(2) Humongous regions: 0->0
[10.974s][info][gc,metaspace   ] GC(2) Metaspace: 11522K(11904K)->11522K(11904K) NonClass: 10376K(10560K)->10376K(10560K) Class: 1146K(1344K)->1146K(1344K)
[10.974s][info][gc             ] GC(2) Pause Young (Normal) (G1 Evacuation Pause) 22M->8M(64M) 3.112ms
[10.974s][info][gc,cpu         ] GC(2) User=0.00s Sys=0.00s Real=0.00s
[11.191s][info][gc,start       ] GC(3) Pause Young (Normal) (G1 Evacuation Pause)
[11.191s][info][gc,task        ] GC(3) Using 33 workers of 33 for evacuation
[11.199s][info][gc,phases      ] GC(3)   Pre Evacuate Collection Set: 0.2ms
[11.199s][info][gc,phases      ] GC(3)   Merge Heap Roots: 0.2ms
[11.199s][info][gc,phases      ] GC(3)   Evacuate Collection Set: 6.3ms
[11.199s][info][gc,phases      ] GC(3)   Post Evacuate Collection Set: 0.8ms
[11.199s][info][gc,phases      ] GC(3)   Other: 0.1ms
[11.199s][info][gc,heap        ] GC(3) Eden regions: 1->0(1)
[11.199s][info][gc,heap        ] GC(3) Survivor regions: 1->1(1)
[11.199s][info][gc,heap        ] GC(3) Old regions: 1->1
[11.199s][info][gc,heap        ] GC(3) Archive regions: 0->0
[11.199s][info][gc,heap        ] GC(3) Humongous regions: 0->0
[11.199s][info][gc,metaspace   ] GC(3) Metaspace: 14409K(14720K)->14409K(14720K) NonClass: 12998K(13120K)->12998K(13120K) Class: 1411K(1600K)->1411K(1600K)
[11.199s][info][gc             ] GC(3) Pause Young (Normal) (G1 Evacuation Pause) 24M->11M(64M) 8.200ms
[11.200s][info][gc,cpu         ] GC(3) User=0.00s Sys=0.00s Real=0.01s
[11.438s][info][gc,start       ] GC(4) Pause Young (Normal) (G1 Evacuation Pause)
[11.438s][info][gc,task        ] GC(4) Using 33 workers of 33 for evacuation
[11.446s][info][gc,phases      ] GC(4)   Pre Evacuate Collection Set: 0.1ms
[11.446s][info][gc,phases      ] GC(4)   Merge Heap Roots: 0.2ms
[11.446s][info][gc,phases      ] GC(4)   Evacuate Collection Set: 6.0ms
[11.446s][info][gc,phases      ] GC(4)   Post Evacuate Collection Set: 0.9ms
[11.446s][info][gc,phases      ] GC(4)   Other: 0.1ms
[11.446s][info][gc,heap        ] GC(4) Eden regions: 1->0(1)
[11.446s][info][gc,heap        ] GC(4) Survivor regions: 1->1(1)
[11.446s][info][gc,heap        ] GC(4) Old regions: 1->1
[11.446s][info][gc,heap        ] GC(4) Archive regions: 0->0
[11.446s][info][gc,heap        ] GC(4) Humongous regions: 0->0
[11.446s][info][gc,metaspace   ] GC(4) Metaspace: 17004K(17408K)->17004K(17408K) NonClass: 15419K(15616K)->15419K(15616K) Class: 1585K(1792K)->1585K(1792K)
[11.446s][info][gc             ] GC(4) Pause Young (Normal) (G1 Evacuation Pause) 27M->12M(64M) 7.822ms
[11.446s][info][gc,cpu         ] GC(4) User=0.00s Sys=0.00s Real=0.01s
[11.566s][info][gc,start       ] GC(5) Pause Young (Normal) (G1 Evacuation Pause)
[11.566s][info][gc,task        ] GC(5) Using 33 workers of 33 for evacuation
[11.574s][info][gc,phases      ] GC(5)   Pre Evacuate Collection Set: 0.1ms
[11.574s][info][gc,phases      ] GC(5)   Merge Heap Roots: 0.1ms
[11.574s][info][gc,phases      ] GC(5)   Evacuate Collection Set: 2.9ms
[11.574s][info][gc,phases      ] GC(5)   Post Evacuate Collection Set: 4.4ms
[11.574s][info][gc,phases      ] GC(5)   Other: 0.1ms
[11.574s][info][gc,heap        ] GC(5) Eden regions: 1->0(22)
[11.574s][info][gc,heap        ] GC(5) Survivor regions: 1->1(1)
[11.574s][info][gc,heap        ] GC(5) Old regions: 1->1
[11.574s][info][gc,heap        ] GC(5) Archive regions: 0->0
[11.574s][info][gc,heap        ] GC(5) Humongous regions: 0->0
[11.574s][info][gc,metaspace   ] GC(5) Metaspace: 17313K(17728K)->17313K(17728K) NonClass: 15723K(15936K)->15723K(15936K) Class: 1590K(1792K)->1590K(1792K)
[11.574s][info][gc             ] GC(5) Pause Young (Normal) (G1 Evacuation Pause) 28M->13M(1056M) 7.991ms
[11.574s][info][gc,cpu         ] GC(5) User=0.00s Sys=0.00s Real=0.01s
[13.760s][info][gc,start       ] GC(6) Pause Young (Normal) (G1 Evacuation Pause)
[13.760s][info][gc,task        ] GC(6) Using 33 workers of 33 for evacuation
[13.768s][info][gc,phases      ] GC(6)   Pre Evacuate Collection Set: 0.2ms
[13.768s][info][gc,phases      ] GC(6)   Merge Heap Roots: 0.2ms
[13.768s][info][gc,phases      ] GC(6)   Evacuate Collection Set: 7.0ms
[13.768s][info][gc,phases      ] GC(6)   Post Evacuate Collection Set: 0.9ms
[13.768s][info][gc,phases      ] GC(6)   Other: 0.1ms
[13.768s][info][gc,heap        ] GC(6) Eden regions: 22->0(38)
[13.768s][info][gc,heap        ] GC(6) Survivor regions: 1->1(3)
[13.768s][info][gc,heap        ] GC(6) Old regions: 1->1
[13.768s][info][gc,heap        ] GC(6) Archive regions: 0->0
[13.768s][info][gc,heap        ] GC(6) Humongous regions: 0->0
[13.768s][info][gc,metaspace   ] GC(6) Metaspace: 20233K(20608K)->20233K(20608K) NonClass: 18516K(18688K)->18516K(18688K) Class: 1717K(1920K)->1717K(1920K)
[13.768s][info][gc             ] GC(6) Pause Young (Normal) (G1 Evacuation Pause) 365M->15M(1056M) 8.537ms
[13.769s][info][gc,cpu         ] GC(6) User=0.16s Sys=0.42s Real=0.01s
[38.722s][info][gc,heap,exit   ] Heap
[38.722s][info][gc,heap,exit   ]  garbage-first heap   total 1081344K, used 238394K [0x00000000a0000000, 0x0000000800000000)
[38.722s][info][gc,heap,exit   ]   region size 16384K, 15 young (245760K), 1 survivors (16384K)
[38.722s][info][gc,heap,exit   ]  Metaspace       used 20818K, committed 21184K, reserved 1114112K
[38.722s][info][gc,heap,exit   ]   class space    used 1756K, committed 1920K, reserved 1048576K
