[0.015s][info][gc,init] CardTable entry size: 512
[0.016s][info][gc     ] Using G1
[0.027s][info][gc,init] Version: 20+36-2344 (release)
[0.027s][info][gc,init] CPUs: 48 total, 48 available
[0.027s][info][gc,init] Memory: 382G
[0.028s][info][gc,init] Large Page Support: Disabled
[0.028s][info][gc,init] NUMA Support: Disabled
[0.028s][info][gc,init] Compressed Oops: Enabled (Zero based)
[0.028s][info][gc,init] Heap Region Size: 16M
[0.028s][info][gc,init] Heap Min Capacity: 16M
[0.028s][info][gc,init] Heap Initial Capacity: 2G
[0.028s][info][gc,init] Heap Max Capacity: 30208M
[0.045s][info][gc,init] Pre-touch: Disabled
[0.045s][info][gc,init] Parallel Workers: 33
[0.045s][info][gc,init] Concurrent Workers: 8
[0.045s][info][gc,init] Concurrent Refinement Workers: 33
[0.045s][info][gc,init] Periodic GC: Disabled
[0.046s][info][gc,metaspace] CDS archive(s) mapped at: [0x0000000800000000-0x0000000800c60000-0x0000000800c60000), size 12976128, SharedBaseAddress: 0x0000000800000000, ArchiveRelocationMode: 0.
[0.046s][info][gc,metaspace] Compressed class space mapped at: 0x0000000801000000-0x0000000841000000, reserved size: 1073741824
[0.046s][info][gc,metaspace] Narrow klass base: 0x0000000800000000, Narrow klass shift: 0, Narrow klass range: 0x100000000
[1.106s][info][gc,start    ] GC(0) Pause Full (System.gc())
[1.107s][info][gc,task     ] GC(0) Using 3 workers of 33 for full compaction
[1.107s][info][gc,phases,start] GC(0) Phase 1: Mark live objects
[1.114s][info][gc,phases      ] GC(0) Phase 1: Mark live objects 6.710ms
[1.114s][info][gc,phases,start] GC(0) Phase 2: Prepare compaction
[1.117s][info][gc,phases      ] GC(0) Phase 2: Prepare compaction 3.357ms
[1.117s][info][gc,phases,start] GC(0) Phase 3: Adjust pointers
[1.121s][info][gc,phases      ] GC(0) Phase 3: Adjust pointers 3.589ms
[1.121s][info][gc,phases,start] GC(0) Phase 4: Compact heap
[1.124s][info][gc,phases      ] GC(0) Phase 4: Compact heap 3.366ms
[1.138s][info][gc,heap        ] GC(0) Eden regions: 3->0(1)
[1.138s][info][gc,heap        ] GC(0) Survivor regions: 0->0(0)
[1.138s][info][gc,heap        ] GC(0) Old regions: 0->3
[1.138s][info][gc,heap        ] GC(0) Archive regions: 0->0
[1.138s][info][gc,heap        ] GC(0) Humongous regions: 0->0
[1.138s][info][gc,metaspace   ] GC(0) Metaspace: 8306K(8512K)->8306K(8512K) NonClass: 7192K(7296K)->7192K(7296K) Class: 1114K(1216K)->1114K(1216K)
[1.138s][info][gc             ] GC(0) Pause Full (System.gc()) 36M->3M(160M) 31.748ms
[1.138s][info][gc,cpu         ] GC(0) User=0.03s Sys=0.03s Real=0.05s
[1.222s][info][gc,start       ] GC(1) Pause Young (Normal) (G1 Evacuation Pause)
[1.223s][info][gc,task        ] GC(1) Using 3 workers of 33 for evacuation
[1.227s][info][gc,phases      ] GC(1)   Pre Evacuate Collection Set: 0.1ms
[1.227s][info][gc,phases      ] GC(1)   Merge Heap Roots: 0.5ms
[1.227s][info][gc,phases      ] GC(1)   Evacuate Collection Set: 3.3ms
[1.227s][info][gc,phases      ] GC(1)   Post Evacuate Collection Set: 0.5ms
[1.227s][info][gc,phases      ] GC(1)   Other: 0.1ms
[1.227s][info][gc,heap        ] GC(1) Eden regions: 1->0(1)
[1.227s][info][gc,heap        ] GC(1) Survivor regions: 0->1(1)
[1.227s][info][gc,heap        ] GC(1) Old regions: 3->3
[1.227s][info][gc,heap        ] GC(1) Archive regions: 0->0
[1.227s][info][gc,heap        ] GC(1) Humongous regions: 0->0
[1.227s][info][gc,metaspace   ] GC(1) Metaspace: 9331K(9600K)->9331K(9600K) NonClass: 8066K(8192K)->8066K(8192K) Class: 1265K(1408K)->1265K(1408K)
[1.227s][info][gc             ] GC(1) Pause Young (Normal) (G1 Evacuation Pause) 19M->5M(160M) 5.037ms
[1.227s][info][gc,cpu         ] GC(1) User=0.00s Sys=0.00s Real=0.00s
[1.382s][info][gc,start       ] GC(2) Pause Young (Normal) (G1 Evacuation Pause)
[1.382s][info][gc,task        ] GC(2) Using 3 workers of 33 for evacuation
[1.386s][info][gc,phases      ] GC(2)   Pre Evacuate Collection Set: 0.1ms
[1.386s][info][gc,phases      ] GC(2)   Merge Heap Roots: 0.1ms
[1.386s][info][gc,phases      ] GC(2)   Evacuate Collection Set: 2.9ms
[1.386s][info][gc,phases      ] GC(2)   Post Evacuate Collection Set: 0.7ms
[1.386s][info][gc,phases      ] GC(2)   Other: 0.1ms
[1.386s][info][gc,heap        ] GC(2) Eden regions: 1->0(2)
[1.386s][info][gc,heap        ] GC(2) Survivor regions: 1->1(1)
[1.386s][info][gc,heap        ] GC(2) Old regions: 3->3
[1.386s][info][gc,heap        ] GC(2) Archive regions: 0->0
[1.386s][info][gc,heap        ] GC(2) Humongous regions: 0->0
[1.386s][info][gc,metaspace   ] GC(2) Metaspace: 9699K(9984K)->9699K(9984K) NonClass: 8399K(8576K)->8399K(8576K) Class: 1299K(1408K)->1299K(1408K)
[1.386s][info][gc             ] GC(2) Pause Young (Normal) (G1 Evacuation Pause) 21M->5M(160M) 4.572ms
[1.386s][info][gc,cpu         ] GC(2) User=0.00s Sys=0.00s Real=0.00s
[1.532s][info][gc,start       ] GC(3) Pause Young (Normal) (G1 Evacuation Pause)
[1.532s][info][gc,task        ] GC(3) Using 3 workers of 33 for evacuation
[1.537s][info][gc,phases      ] GC(3)   Pre Evacuate Collection Set: 0.1ms
[1.537s][info][gc,phases      ] GC(3)   Merge Heap Roots: 0.1ms
[1.537s][info][gc,phases      ] GC(3)   Evacuate Collection Set: 3.8ms
[1.537s][info][gc,phases      ] GC(3)   Post Evacuate Collection Set: 0.3ms
[1.537s][info][gc,phases      ] GC(3)   Other: 0.1ms
[1.537s][info][gc,heap        ] GC(3) Eden regions: 2->0(5)
[1.537s][info][gc,heap        ] GC(3) Survivor regions: 1->1(1)
[1.537s][info][gc,heap        ] GC(3) Old regions: 3->3
[1.537s][info][gc,heap        ] GC(3) Archive regions: 0->0
[1.537s][info][gc,heap        ] GC(3) Humongous regions: 0->0
[1.537s][info][gc,metaspace   ] GC(3) Metaspace: 9750K(9984K)->9750K(9984K) NonClass: 8450K(8576K)->8450K(8576K) Class: 1299K(1408K)->1299K(1408K)
[1.537s][info][gc             ] GC(3) Pause Young (Normal) (G1 Evacuation Pause) 37M->5M(160M) 4.862ms
[1.537s][info][gc,cpu         ] GC(3) User=0.00s Sys=0.00s Real=0.01s
[1.903s][info][gc,start       ] GC(4) Pause Young (Normal) (G1 Evacuation Pause)
[1.903s][info][gc,task        ] GC(4) Using 3 workers of 33 for evacuation
[1.915s][info][gc,phases      ] GC(4)   Pre Evacuate Collection Set: 0.1ms
[1.915s][info][gc,phases      ] GC(4)   Merge Heap Roots: 0.1ms
[1.915s][info][gc,phases      ] GC(4)   Evacuate Collection Set: 3.9ms
[1.915s][info][gc,phases      ] GC(4)   Post Evacuate Collection Set: 7.2ms
[1.915s][info][gc,phases      ] GC(4)   Other: 0.1ms
[1.915s][info][gc,heap        ] GC(4) Eden regions: 5->0(40)
[1.915s][info][gc,heap        ] GC(4) Survivor regions: 1->1(1)
[1.915s][info][gc,heap        ] GC(4) Old regions: 3->3
[1.915s][info][gc,heap        ] GC(4) Archive regions: 0->0
[1.915s][info][gc,heap        ] GC(4) Humongous regions: 0->0
[1.915s][info][gc,metaspace   ] GC(4) Metaspace: 9799K(10048K)->9799K(10048K) NonClass: 8500K(8640K)->8500K(8640K) Class: 1299K(1408K)->1299K(1408K)
[1.915s][info][gc             ] GC(4) Pause Young (Normal) (G1 Evacuation Pause) 85M->5M(1104M) 12.002ms
[1.915s][info][gc,cpu         ] GC(4) User=0.00s Sys=0.02s Real=0.01s
[4.826s][info][gc,start       ] GC(5) Pause Young (Normal) (G1 Evacuation Pause)
[4.828s][info][gc,task        ] GC(5) Using 26 workers of 33 for evacuation
[4.831s][info][gc,phases      ] GC(5)   Pre Evacuate Collection Set: 0.1ms
[4.831s][info][gc,phases      ] GC(5)   Merge Heap Roots: 0.2ms
[4.831s][info][gc,phases      ] GC(5)   Evacuate Collection Set: 1.9ms
[4.831s][info][gc,phases      ] GC(5)   Post Evacuate Collection Set: 0.7ms
[4.831s][info][gc,phases      ] GC(5)   Other: 1.3ms
[4.831s][info][gc,heap        ] GC(5) Eden regions: 40->0(40)
[4.831s][info][gc,heap        ] GC(5) Survivor regions: 1->1(6)
[4.831s][info][gc,heap        ] GC(5) Old regions: 3->3
[4.831s][info][gc,heap        ] GC(5) Archive regions: 0->0
[4.831s][info][gc,heap        ] GC(5) Humongous regions: 0->0
[4.831s][info][gc,metaspace   ] GC(5) Metaspace: 9800K(10048K)->9800K(10048K) NonClass: 8501K(8640K)->8501K(8640K) Class: 1299K(1408K)->1299K(1408K)
[4.831s][info][gc             ] GC(5) Pause Young (Normal) (G1 Evacuation Pause) 645M->5M(1104M) 4.731ms
[4.831s][info][gc,cpu         ] GC(5) User=0.00s Sys=0.00s Real=0.00s
[7.560s][info][gc,start       ] GC(6) Pause Young (Normal) (G1 Evacuation Pause)
[7.561s][info][gc,task        ] GC(6) Using 26 workers of 33 for evacuation
[7.564s][info][gc,phases      ] GC(6)   Pre Evacuate Collection Set: 0.2ms
[7.564s][info][gc,phases      ] GC(6)   Merge Heap Roots: 0.2ms
[7.564s][info][gc,phases      ] GC(6)   Evacuate Collection Set: 1.7ms
[7.564s][info][gc,phases      ] GC(6)   Post Evacuate Collection Set: 0.8ms
[7.564s][info][gc,phases      ] GC(6)   Other: 0.1ms
[7.564s][info][gc,heap        ] GC(6) Eden regions: 40->0(40)
[7.564s][info][gc,heap        ] GC(6) Survivor regions: 1->1(6)
[7.564s][info][gc,heap        ] GC(6) Old regions: 3->3
[7.564s][info][gc,heap        ] GC(6) Archive regions: 0->0
[7.564s][info][gc,heap        ] GC(6) Humongous regions: 0->0
[7.564s][info][gc,metaspace   ] GC(6) Metaspace: 9800K(10048K)->9800K(10048K) NonClass: 8501K(8640K)->8501K(8640K) Class: 1299K(1408K)->1299K(1408K)
[7.564s][info][gc             ] GC(6) Pause Young (Normal) (G1 Evacuation Pause) 645M->5M(1104M) 3.555ms
[7.564s][info][gc,cpu         ] GC(6) User=0.00s Sys=0.00s Real=0.00s
[8.393s][info][gc,start       ] GC(7) Pause Full (System.gc())
[8.393s][info][gc,task        ] GC(7) Using 6 workers of 33 for full compaction
[8.393s][info][gc,phases,start] GC(7) Phase 1: Mark live objects
[8.401s][info][gc,phases      ] GC(7) Phase 1: Mark live objects 8.098ms
[8.402s][info][gc,phases,start] GC(7) Phase 2: Prepare compaction
[8.404s][info][gc,phases      ] GC(7) Phase 2: Prepare compaction 2.564ms
[8.404s][info][gc,phases,start] GC(7) Phase 3: Adjust pointers
[8.408s][info][gc,phases      ] GC(7) Phase 3: Adjust pointers 4.294ms
[8.408s][info][gc,phases,start] GC(7) Phase 4: Compact heap
[8.410s][info][gc,phases      ] GC(7) Phase 4: Compact heap 1.701ms
[8.419s][info][gc,heap        ] GC(7) Eden regions: 13->0(8)
[8.419s][info][gc,heap        ] GC(7) Survivor regions: 1->0(6)
[8.419s][info][gc,heap        ] GC(7) Old regions: 3->4
[8.419s][info][gc,heap        ] GC(7) Archive regions: 0->0
[8.419s][info][gc,heap        ] GC(7) Humongous regions: 0->0
[8.419s][info][gc,metaspace   ] GC(7) Metaspace: 9861K(10176K)->9824K(10176K) NonClass: 8551K(8768K)->8524K(8768K) Class: 1310K(1408K)->1299K(1408K)
[8.419s][info][gc             ] GC(7) Pause Full (System.gc()) 209M->3M(224M) 26.362ms
[8.419s][info][gc,cpu         ] GC(7) User=0.11s Sys=0.27s Real=0.03s
[8.944s][info][gc,start       ] GC(8) Pause Young (Normal) (G1 Evacuation Pause)
[8.944s][info][gc,task        ] GC(8) Using 5 workers of 33 for evacuation
[8.946s][info][gc,phases      ] GC(8)   Pre Evacuate Collection Set: 0.1ms
[8.946s][info][gc,phases      ] GC(8)   Merge Heap Roots: 0.1ms
[8.946s][info][gc,phases      ] GC(8)   Evacuate Collection Set: 1.6ms
[8.946s][info][gc,phases      ] GC(8)   Post Evacuate Collection Set: 0.2ms
[8.946s][info][gc,phases      ] GC(8)   Other: 0.1ms
[8.946s][info][gc,heap        ] GC(8) Eden regions: 8->0(7)
[8.946s][info][gc,heap        ] GC(8) Survivor regions: 0->1(1)
[8.946s][info][gc,heap        ] GC(8) Old regions: 4->4
[8.946s][info][gc,heap        ] GC(8) Archive regions: 0->0
[8.946s][info][gc,heap        ] GC(8) Humongous regions: 0->0
[8.946s][info][gc,metaspace   ] GC(8) Metaspace: 9824K(10176K)->9824K(10176K) NonClass: 8524K(8768K)->8524K(8768K) Class: 1299K(1408K)->1299K(1408K)
[8.946s][info][gc             ] GC(8) Pause Young (Normal) (G1 Evacuation Pause) 131M->5M(224M) 2.761ms
[8.946s][info][gc,cpu         ] GC(8) User=0.00s Sys=0.00s Real=0.00s
[9.427s][info][gc,start       ] GC(9) Pause Young (Normal) (G1 Evacuation Pause)
[9.427s][info][gc,task        ] GC(9) Using 5 workers of 33 for evacuation
[9.429s][info][gc,phases      ] GC(9)   Pre Evacuate Collection Set: 0.1ms
[9.429s][info][gc,phases      ] GC(9)   Merge Heap Roots: 0.2ms
[9.429s][info][gc,phases      ] GC(9)   Evacuate Collection Set: 1.6ms
[9.429s][info][gc,phases      ] GC(9)   Post Evacuate Collection Set: 0.3ms
[9.429s][info][gc,phases      ] GC(9)   Other: 0.1ms
[9.429s][info][gc,heap        ] GC(9) Eden regions: 7->0(7)
[9.429s][info][gc,heap        ] GC(9) Survivor regions: 1->1(1)
[9.429s][info][gc,heap        ] GC(9) Old regions: 4->4
[9.429s][info][gc,heap        ] GC(9) Archive regions: 0->0
[9.430s][info][gc,heap        ] GC(9) Humongous regions: 0->0
[9.430s][info][gc,metaspace   ] GC(9) Metaspace: 9824K(10176K)->9824K(10176K) NonClass: 8524K(8768K)->8524K(8768K) Class: 1299K(1408K)->1299K(1408K)
[9.430s][info][gc             ] GC(9) Pause Young (Normal) (G1 Evacuation Pause) 117M->5M(224M) 2.835ms
[9.430s][info][gc,cpu         ] GC(9) User=0.02s Sys=0.00s Real=0.01s
[9.935s][info][gc,start       ] GC(10) Pause Young (Normal) (G1 Evacuation Pause)
[9.935s][info][gc,task        ] GC(10) Using 5 workers of 33 for evacuation
[9.937s][info][gc,phases      ] GC(10)   Pre Evacuate Collection Set: 0.1ms
[9.937s][info][gc,phases      ] GC(10)   Merge Heap Roots: 0.2ms
[9.937s][info][gc,phases      ] GC(10)   Evacuate Collection Set: 1.6ms
[9.937s][info][gc,phases      ] GC(10)   Post Evacuate Collection Set: 0.3ms
[9.937s][info][gc,phases      ] GC(10)   Other: 0.1ms
[9.937s][info][gc,heap        ] GC(10) Eden regions: 7->0(7)
[9.937s][info][gc,heap        ] GC(10) Survivor regions: 1->1(1)
[9.937s][info][gc,heap        ] GC(10) Old regions: 4->4
[9.938s][info][gc,heap        ] GC(10) Archive regions: 0->0
[9.938s][info][gc,heap        ] GC(10) Humongous regions: 0->0
[9.938s][info][gc,metaspace   ] GC(10) Metaspace: 9824K(10176K)->9824K(10176K) NonClass: 8524K(8768K)->8524K(8768K) Class: 1299K(1408K)->1299K(1408K)
[9.938s][info][gc             ] GC(10) Pause Young (Normal) (G1 Evacuation Pause) 117M->5M(224M) 2.731ms
[9.938s][info][gc,cpu         ] GC(10) User=0.00s Sys=0.00s Real=0.00s
[10.435s][info][gc,start       ] GC(11) Pause Young (Normal) (G1 Evacuation Pause)
[10.435s][info][gc,task        ] GC(11) Using 5 workers of 33 for evacuation
[10.437s][info][gc,phases      ] GC(11)   Pre Evacuate Collection Set: 0.1ms
[10.437s][info][gc,phases      ] GC(11)   Merge Heap Roots: 0.2ms
[10.437s][info][gc,phases      ] GC(11)   Evacuate Collection Set: 1.6ms
[10.437s][info][gc,phases      ] GC(11)   Post Evacuate Collection Set: 0.3ms
[10.437s][info][gc,phases      ] GC(11)   Other: 0.1ms
[10.437s][info][gc,heap        ] GC(11) Eden regions: 7->0(7)
[10.437s][info][gc,heap        ] GC(11) Survivor regions: 1->1(1)
[10.437s][info][gc,heap        ] GC(11) Old regions: 4->4
[10.437s][info][gc,heap        ] GC(11) Archive regions: 0->0
[10.437s][info][gc,heap        ] GC(11) Humongous regions: 0->0
[10.437s][info][gc,metaspace   ] GC(11) Metaspace: 9824K(10176K)->9824K(10176K) NonClass: 8524K(8768K)->8524K(8768K) Class: 1299K(1408K)->1299K(1408K)
[10.437s][info][gc             ] GC(11) Pause Young (Normal) (G1 Evacuation Pause) 117M->5M(224M) 2.743ms
[10.437s][info][gc,cpu         ] GC(11) User=0.08s Sys=0.00s Real=0.02s
[10.934s][info][gc,start       ] GC(12) Pause Young (Normal) (G1 Evacuation Pause)
[10.934s][info][gc,task        ] GC(12) Using 5 workers of 33 for evacuation
[10.936s][info][gc,phases      ] GC(12)   Pre Evacuate Collection Set: 0.1ms
[10.936s][info][gc,phases      ] GC(12)   Merge Heap Roots: 0.2ms
[10.936s][info][gc,phases      ] GC(12)   Evacuate Collection Set: 1.6ms
[10.936s][info][gc,phases      ] GC(12)   Post Evacuate Collection Set: 0.3ms
[10.936s][info][gc,phases      ] GC(12)   Other: 0.1ms
[10.936s][info][gc,heap        ] GC(12) Eden regions: 7->0(7)
[10.936s][info][gc,heap        ] GC(12) Survivor regions: 1->1(1)
[10.936s][info][gc,heap        ] GC(12) Old regions: 4->4
[10.936s][info][gc,heap        ] GC(12) Archive regions: 0->0
[10.936s][info][gc,heap        ] GC(12) Humongous regions: 0->0
[10.937s][info][gc,metaspace   ] GC(12) Metaspace: 9824K(10176K)->9824K(10176K) NonClass: 8524K(8768K)->8524K(8768K) Class: 1299K(1408K)->1299K(1408K)
[10.937s][info][gc             ] GC(12) Pause Young (Normal) (G1 Evacuation Pause) 117M->5M(224M) 2.725ms
[10.937s][info][gc,cpu         ] GC(12) User=0.00s Sys=0.00s Real=0.00s
[11.439s][info][gc,start       ] GC(13) Pause Young (Normal) (G1 Evacuation Pause)
[11.439s][info][gc,task        ] GC(13) Using 5 workers of 33 for evacuation
[11.441s][info][gc,phases      ] GC(13)   Pre Evacuate Collection Set: 0.1ms
[11.441s][info][gc,phases      ] GC(13)   Merge Heap Roots: 0.1ms
[11.441s][info][gc,phases      ] GC(13)   Evacuate Collection Set: 1.4ms
[11.441s][info][gc,phases      ] GC(13)   Post Evacuate Collection Set: 0.2ms
[11.441s][info][gc,phases      ] GC(13)   Other: 0.1ms
[11.441s][info][gc,heap        ] GC(13) Eden regions: 7->0(7)
[11.441s][info][gc,heap        ] GC(13) Survivor regions: 1->1(1)
[11.441s][info][gc,heap        ] GC(13) Old regions: 4->4
[11.441s][info][gc,heap        ] GC(13) Archive regions: 0->0
[11.441s][info][gc,heap        ] GC(13) Humongous regions: 0->0
[11.441s][info][gc,metaspace   ] GC(13) Metaspace: 9824K(10176K)->9824K(10176K) NonClass: 8524K(8768K)->8524K(8768K) Class: 1299K(1408K)->1299K(1408K)
[11.441s][info][gc             ] GC(13) Pause Young (Normal) (G1 Evacuation Pause) 117M->5M(224M) 2.462ms
[11.441s][info][gc,cpu         ] GC(13) User=0.00s Sys=0.00s Real=0.00s
[11.945s][info][gc,start       ] GC(14) Pause Young (Normal) (G1 Evacuation Pause)
[11.946s][info][gc,task        ] GC(14) Using 5 workers of 33 for evacuation
[11.948s][info][gc,phases      ] GC(14)   Pre Evacuate Collection Set: 0.1ms
[11.948s][info][gc,phases      ] GC(14)   Merge Heap Roots: 0.2ms
[11.948s][info][gc,phases      ] GC(14)   Evacuate Collection Set: 1.6ms
[11.948s][info][gc,phases      ] GC(14)   Post Evacuate Collection Set: 0.3ms
[11.948s][info][gc,phases      ] GC(14)   Other: 0.1ms
[11.948s][info][gc,heap        ] GC(14) Eden regions: 7->0(7)
[11.948s][info][gc,heap        ] GC(14) Survivor regions: 1->1(1)
[11.948s][info][gc,heap        ] GC(14) Old regions: 4->4
[11.948s][info][gc,heap        ] GC(14) Archive regions: 0->0
[11.948s][info][gc,heap        ] GC(14) Humongous regions: 0->0
[11.948s][info][gc,metaspace   ] GC(14) Metaspace: 9824K(10176K)->9824K(10176K) NonClass: 8524K(8768K)->8524K(8768K) Class: 1299K(1408K)->1299K(1408K)
[11.948s][info][gc             ] GC(14) Pause Young (Normal) (G1 Evacuation Pause) 117M->5M(224M) 2.754ms
[11.948s][info][gc,cpu         ] GC(14) User=0.00s Sys=0.00s Real=0.00s
[12.445s][info][gc,start       ] GC(15) Pause Young (Normal) (G1 Evacuation Pause)
[12.445s][info][gc,task        ] GC(15) Using 5 workers of 33 for evacuation
[12.447s][info][gc,phases      ] GC(15)   Pre Evacuate Collection Set: 0.1ms
[12.447s][info][gc,phases      ] GC(15)   Merge Heap Roots: 0.2ms
[12.447s][info][gc,phases      ] GC(15)   Evacuate Collection Set: 1.5ms
[12.447s][info][gc,phases      ] GC(15)   Post Evacuate Collection Set: 0.3ms
[12.447s][info][gc,phases      ] GC(15)   Other: 0.1ms
[12.447s][info][gc,heap        ] GC(15) Eden regions: 7->0(7)
[12.447s][info][gc,heap        ] GC(15) Survivor regions: 1->1(1)
[12.447s][info][gc,heap        ] GC(15) Old regions: 4->4
[12.447s][info][gc,heap        ] GC(15) Archive regions: 0->0
[12.447s][info][gc,heap        ] GC(15) Humongous regions: 0->0
[12.447s][info][gc,metaspace   ] GC(15) Metaspace: 9824K(10176K)->9824K(10176K) NonClass: 8524K(8768K)->8524K(8768K) Class: 1299K(1408K)->1299K(1408K)
[12.447s][info][gc             ] GC(15) Pause Young (Normal) (G1 Evacuation Pause) 117M->5M(224M) 2.639ms
[12.447s][info][gc,cpu         ] GC(15) User=0.00s Sys=0.00s Real=0.00s
[12.930s][info][gc,start       ] GC(16) Pause Young (Normal) (G1 Evacuation Pause)
[12.930s][info][gc,task        ] GC(16) Using 5 workers of 33 for evacuation
[12.932s][info][gc,phases      ] GC(16)   Pre Evacuate Collection Set: 0.1ms
[12.932s][info][gc,phases      ] GC(16)   Merge Heap Roots: 0.1ms
[12.932s][info][gc,phases      ] GC(16)   Evacuate Collection Set: 1.5ms
[12.932s][info][gc,phases      ] GC(16)   Post Evacuate Collection Set: 0.3ms
[12.932s][info][gc,phases      ] GC(16)   Other: 0.1ms
[12.932s][info][gc,heap        ] GC(16) Eden regions: 7->0(7)
[12.933s][info][gc,heap        ] GC(16) Survivor regions: 1->1(1)
[12.933s][info][gc,heap        ] GC(16) Old regions: 4->4
[12.933s][info][gc,heap        ] GC(16) Archive regions: 0->0
[12.933s][info][gc,heap        ] GC(16) Humongous regions: 0->0
[12.933s][info][gc,metaspace   ] GC(16) Metaspace: 9824K(10176K)->9824K(10176K) NonClass: 8524K(8768K)->8524K(8768K) Class: 1299K(1408K)->1299K(1408K)
[12.933s][info][gc             ] GC(16) Pause Young (Normal) (G1 Evacuation Pause) 117M->5M(224M) 2.692ms
[12.933s][info][gc,cpu         ] GC(16) User=0.00s Sys=0.00s Real=0.00s
[13.410s][info][gc,start       ] GC(17) Pause Young (Normal) (G1 Evacuation Pause)
[13.411s][info][gc,task        ] GC(17) Using 5 workers of 33 for evacuation
[13.413s][info][gc,phases      ] GC(17)   Pre Evacuate Collection Set: 0.1ms
[13.413s][info][gc,phases      ] GC(17)   Merge Heap Roots: 0.1ms
[13.413s][info][gc,phases      ] GC(17)   Evacuate Collection Set: 1.5ms
[13.413s][info][gc,phases      ] GC(17)   Post Evacuate Collection Set: 0.2ms
[13.413s][info][gc,phases      ] GC(17)   Other: 0.1ms
[13.413s][info][gc,heap        ] GC(17) Eden regions: 7->0(7)
[13.413s][info][gc,heap        ] GC(17) Survivor regions: 1->1(1)
[13.413s][info][gc,heap        ] GC(17) Old regions: 4->4
[13.413s][info][gc,heap        ] GC(17) Archive regions: 0->0
[13.413s][info][gc,heap        ] GC(17) Humongous regions: 0->0
[13.413s][info][gc,metaspace   ] GC(17) Metaspace: 9824K(10176K)->9824K(10176K) NonClass: 8524K(8768K)->8524K(8768K) Class: 1299K(1408K)->1299K(1408K)
[13.413s][info][gc             ] GC(17) Pause Young (Normal) (G1 Evacuation Pause) 117M->5M(224M) 2.610ms
[13.413s][info][gc,cpu         ] GC(17) User=0.02s Sys=0.00s Real=0.01s
[13.902s][info][gc,start       ] GC(18) Pause Young (Normal) (G1 Evacuation Pause)
[13.902s][info][gc,task        ] GC(18) Using 5 workers of 33 for evacuation
[13.904s][info][gc,phases      ] GC(18)   Pre Evacuate Collection Set: 0.1ms
[13.904s][info][gc,phases      ] GC(18)   Merge Heap Roots: 0.1ms
[13.904s][info][gc,phases      ] GC(18)   Evacuate Collection Set: 1.2ms
[13.904s][info][gc,phases      ] GC(18)   Post Evacuate Collection Set: 0.2ms
[13.904s][info][gc,phases      ] GC(18)   Other: 0.1ms
[13.904s][info][gc,heap        ] GC(18) Eden regions: 7->0(7)
[13.904s][info][gc,heap        ] GC(18) Survivor regions: 1->1(1)
[13.904s][info][gc,heap        ] GC(18) Old regions: 4->4
[13.904s][info][gc,heap        ] GC(18) Archive regions: 0->0
[13.904s][info][gc,heap        ] GC(18) Humongous regions: 0->0
[13.904s][info][gc,metaspace   ] GC(18) Metaspace: 9824K(10176K)->9824K(10176K) NonClass: 8524K(8768K)->8524K(8768K) Class: 1299K(1408K)->1299K(1408K)
[13.904s][info][gc             ] GC(18) Pause Young (Normal) (G1 Evacuation Pause) 117M->5M(224M) 2.295ms
[13.904s][info][gc,cpu         ] GC(18) User=0.00s Sys=0.00s Real=0.00s
[14.381s][info][gc,start       ] GC(19) Pause Young (Normal) (G1 Evacuation Pause)
[14.382s][info][gc,task        ] GC(19) Using 5 workers of 33 for evacuation
[14.384s][info][gc,phases      ] GC(19)   Pre Evacuate Collection Set: 0.1ms
[14.384s][info][gc,phases      ] GC(19)   Merge Heap Roots: 0.2ms
[14.384s][info][gc,phases      ] GC(19)   Evacuate Collection Set: 1.5ms
[14.384s][info][gc,phases      ] GC(19)   Post Evacuate Collection Set: 0.3ms
[14.384s][info][gc,phases      ] GC(19)   Other: 0.1ms
[14.384s][info][gc,heap        ] GC(19) Eden regions: 7->0(7)
[14.384s][info][gc,heap        ] GC(19) Survivor regions: 1->1(1)
[14.384s][info][gc,heap        ] GC(19) Old regions: 4->4
[14.384s][info][gc,heap        ] GC(19) Archive regions: 0->0
[14.384s][info][gc,heap        ] GC(19) Humongous regions: 0->0
[14.384s][info][gc,metaspace   ] GC(19) Metaspace: 9824K(10176K)->9824K(10176K) NonClass: 8524K(8768K)->8524K(8768K) Class: 1299K(1408K)->1299K(1408K)
[14.384s][info][gc             ] GC(19) Pause Young (Normal) (G1 Evacuation Pause) 117M->5M(224M) 2.708ms
[14.384s][info][gc,cpu         ] GC(19) User=0.00s Sys=0.00s Real=0.00s
[14.878s][info][gc,start       ] GC(20) Pause Young (Normal) (G1 Evacuation Pause)
[14.878s][info][gc,task        ] GC(20) Using 5 workers of 33 for evacuation
[14.880s][info][gc,phases      ] GC(20)   Pre Evacuate Collection Set: 0.1ms
[14.880s][info][gc,phases      ] GC(20)   Merge Heap Roots: 0.2ms
[14.880s][info][gc,phases      ] GC(20)   Evacuate Collection Set: 1.6ms
[14.880s][info][gc,phases      ] GC(20)   Post Evacuate Collection Set: 0.3ms
[14.880s][info][gc,phases      ] GC(20)   Other: 0.1ms
[14.880s][info][gc,heap        ] GC(20) Eden regions: 7->0(7)
[14.880s][info][gc,heap        ] GC(20) Survivor regions: 1->1(1)
[14.880s][info][gc,heap        ] GC(20) Old regions: 4->4
[14.880s][info][gc,heap        ] GC(20) Archive regions: 0->0
[14.880s][info][gc,heap        ] GC(20) Humongous regions: 0->0
[14.880s][info][gc,metaspace   ] GC(20) Metaspace: 9824K(10176K)->9824K(10176K) NonClass: 8524K(8768K)->8524K(8768K) Class: 1299K(1408K)->1299K(1408K)
[14.880s][info][gc             ] GC(20) Pause Young (Normal) (G1 Evacuation Pause) 117M->5M(224M) 2.700ms
[14.880s][info][gc,cpu         ] GC(20) User=0.00s Sys=0.00s Real=0.00s
[15.382s][info][gc,start       ] GC(21) Pause Young (Normal) (G1 Evacuation Pause)
[15.382s][info][gc,task        ] GC(21) Using 5 workers of 33 for evacuation
[15.384s][info][gc,phases      ] GC(21)   Pre Evacuate Collection Set: 0.1ms
[15.384s][info][gc,phases      ] GC(21)   Merge Heap Roots: 0.2ms
[15.384s][info][gc,phases      ] GC(21)   Evacuate Collection Set: 1.5ms
[15.384s][info][gc,phases      ] GC(21)   Post Evacuate Collection Set: 0.3ms
[15.384s][info][gc,phases      ] GC(21)   Other: 0.1ms
[15.384s][info][gc,heap        ] GC(21) Eden regions: 7->0(7)
[15.384s][info][gc,heap        ] GC(21) Survivor regions: 1->1(1)
[15.384s][info][gc,heap        ] GC(21) Old regions: 4->4
[15.384s][info][gc,heap        ] GC(21) Archive regions: 0->0
[15.384s][info][gc,heap        ] GC(21) Humongous regions: 0->0
[15.384s][info][gc,metaspace   ] GC(21) Metaspace: 9824K(10176K)->9824K(10176K) NonClass: 8524K(8768K)->8524K(8768K) Class: 1299K(1408K)->1299K(1408K)
[15.384s][info][gc             ] GC(21) Pause Young (Normal) (G1 Evacuation Pause) 117M->5M(224M) 2.633ms
[15.384s][info][gc,cpu         ] GC(21) User=0.00s Sys=0.00s Real=0.00s
[15.507s][info][gc,start       ] GC(22) Pause Full (System.gc())
[15.508s][info][gc,task        ] GC(22) Using 1 workers of 33 for full compaction
[15.508s][info][gc,phases,start] GC(22) Phase 1: Mark live objects
[15.531s][info][gc,phases      ] GC(22) Phase 1: Mark live objects 23.084ms
[15.531s][info][gc,phases,start] GC(22) Phase 2: Prepare compaction
[15.534s][info][gc,phases      ] GC(22) Phase 2: Prepare compaction 3.423ms
[15.534s][info][gc,phases,start] GC(22) Phase 3: Adjust pointers
[15.544s][info][gc,phases      ] GC(22) Phase 3: Adjust pointers 9.541ms
[15.544s][info][gc,phases,start] GC(22) Phase 4: Compact heap
[15.549s][info][gc,phases      ] GC(22) Phase 4: Compact heap 4.911ms
[15.552s][info][gc,heap        ] GC(22) Eden regions: 2->0(2)
[15.552s][info][gc,heap        ] GC(22) Survivor regions: 1->0(1)
[15.552s][info][gc,heap        ] GC(22) Old regions: 4->1
[15.552s][info][gc,heap        ] GC(22) Archive regions: 0->0
[15.552s][info][gc,heap        ] GC(22) Humongous regions: 0->0
[15.552s][info][gc,metaspace   ] GC(22) Metaspace: 9824K(10176K)->9824K(10176K) NonClass: 8524K(8768K)->8524K(8768K) Class: 1299K(1408K)->1299K(1408K)
[15.552s][info][gc             ] GC(22) Pause Full (System.gc()) 31M->3M(64M) 44.348ms
[15.552s][info][gc,cpu         ] GC(22) User=0.08s Sys=0.00s Real=0.04s
[15.693s][info][gc,start       ] GC(23) Pause Young (Normal) (G1 Evacuation Pause)
[15.693s][info][gc,task        ] GC(23) Using 2 workers of 33 for evacuation
[15.697s][info][gc,phases      ] GC(23)   Pre Evacuate Collection Set: 0.1ms
[15.697s][info][gc,phases      ] GC(23)   Merge Heap Roots: 0.2ms
[15.697s][info][gc,phases      ] GC(23)   Evacuate Collection Set: 3.5ms
[15.697s][info][gc,phases      ] GC(23)   Post Evacuate Collection Set: 0.2ms
[15.697s][info][gc,phases      ] GC(23)   Other: 0.1ms
[15.698s][info][gc,heap        ] GC(23) Eden regions: 2->0(1)
[15.698s][info][gc,heap        ] GC(23) Survivor regions: 0->1(1)
[15.698s][info][gc,heap        ] GC(23) Old regions: 1->1
[15.698s][info][gc,heap        ] GC(23) Archive regions: 0->0
[15.698s][info][gc,heap        ] GC(23) Humongous regions: 0->0
[15.698s][info][gc,metaspace   ] GC(23) Metaspace: 9831K(10176K)->9831K(10176K) NonClass: 8532K(8768K)->8532K(8768K) Class: 1299K(1408K)->1299K(1408K)
[15.698s][info][gc             ] GC(23) Pause Young (Normal) (G1 Evacuation Pause) 35M->5M(64M) 4.552ms
[15.698s][info][gc,cpu         ] GC(23) User=0.00s Sys=0.00s Real=0.00s
[15.766s][info][gc,start       ] GC(24) Pause Young (Normal) (G1 Evacuation Pause)
[15.766s][info][gc,task        ] GC(24) Using 2 workers of 33 for evacuation
[15.769s][info][gc,phases      ] GC(24)   Pre Evacuate Collection Set: 0.1ms
[15.769s][info][gc,phases      ] GC(24)   Merge Heap Roots: 0.1ms
[15.769s][info][gc,phases      ] GC(24)   Evacuate Collection Set: 2.7ms
[15.770s][info][gc,phases      ] GC(24)   Post Evacuate Collection Set: 0.2ms
[15.770s][info][gc,phases      ] GC(24)   Other: 0.1ms
[15.770s][info][gc,heap        ] GC(24) Eden regions: 1->0(1)
[15.770s][info][gc,heap        ] GC(24) Survivor regions: 1->1(1)
[15.770s][info][gc,heap        ] GC(24) Old regions: 1->1
[15.770s][info][gc,heap        ] GC(24) Archive regions: 0->0
[15.770s][info][gc,heap        ] GC(24) Humongous regions: 0->0
[15.770s][info][gc,metaspace   ] GC(24) Metaspace: 9831K(10176K)->9831K(10176K) NonClass: 8532K(8768K)->8532K(8768K) Class: 1299K(1408K)->1299K(1408K)
[15.770s][info][gc             ] GC(24) Pause Young (Normal) (G1 Evacuation Pause) 21M->5M(64M) 3.755ms
[15.770s][info][gc,cpu         ] GC(24) User=0.03s Sys=0.00s Real=0.02s
[15.833s][info][gc,start       ] GC(25) Pause Young (Normal) (G1 Evacuation Pause)
[15.833s][info][gc,task        ] GC(25) Using 2 workers of 33 for evacuation
[15.837s][info][gc,phases      ] GC(25)   Pre Evacuate Collection Set: 0.1ms
[15.837s][info][gc,phases      ] GC(25)   Merge Heap Roots: 0.2ms
[15.837s][info][gc,phases      ] GC(25)   Evacuate Collection Set: 3.5ms
[15.837s][info][gc,phases      ] GC(25)   Post Evacuate Collection Set: 0.2ms
[15.837s][info][gc,phases      ] GC(25)   Other: 0.1ms
[15.837s][info][gc,heap        ] GC(25) Eden regions: 1->0(1)
[15.838s][info][gc,heap        ] GC(25) Survivor regions: 1->1(1)
[15.838s][info][gc,heap        ] GC(25) Old regions: 1->1
[15.838s][info][gc,heap        ] GC(25) Archive regions: 0->0
[15.838s][info][gc,heap        ] GC(25) Humongous regions: 0->0
[15.838s][info][gc,metaspace   ] GC(25) Metaspace: 9831K(10176K)->9831K(10176K) NonClass: 8532K(8768K)->8532K(8768K) Class: 1299K(1408K)->1299K(1408K)
[15.838s][info][gc             ] GC(25) Pause Young (Normal) (G1 Evacuation Pause) 21M->5M(64M) 4.631ms
[15.838s][info][gc,cpu         ] GC(25) User=0.03s Sys=0.00s Real=0.00s
[15.903s][info][gc,start       ] GC(26) Pause Young (Normal) (G1 Evacuation Pause)
[15.903s][info][gc,task        ] GC(26) Using 2 workers of 33 for evacuation
[15.914s][info][gc,phases      ] GC(26)   Pre Evacuate Collection Set: 0.1ms
[15.914s][info][gc,phases      ] GC(26)   Merge Heap Roots: 0.1ms
[15.914s][info][gc,phases      ] GC(26)   Evacuate Collection Set: 3.6ms
[15.914s][info][gc,phases      ] GC(26)   Post Evacuate Collection Set: 7.3ms
[15.914s][info][gc,phases      ] GC(26)   Other: 0.1ms
[15.914s][info][gc,heap        ] GC(26) Eden regions: 1->0(38)
[15.914s][info][gc,heap        ] GC(26) Survivor regions: 1->1(1)
[15.915s][info][gc,heap        ] GC(26) Old regions: 1->1
[15.915s][info][gc,heap        ] GC(26) Archive regions: 0->0
[15.915s][info][gc,heap        ] GC(26) Humongous regions: 0->0
[15.915s][info][gc,metaspace   ] GC(26) Metaspace: 9831K(10176K)->9831K(10176K) NonClass: 8532K(8768K)->8532K(8768K) Class: 1299K(1408K)->1299K(1408K)
[15.915s][info][gc             ] GC(26) Pause Young (Normal) (G1 Evacuation Pause) 21M->5M(1056M) 11.835ms
[15.915s][info][gc,cpu         ] GC(26) User=0.00s Sys=0.02s Real=0.02s
[18.641s][info][gc,start       ] GC(27) Pause Young (Normal) (G1 Evacuation Pause)
[18.641s][info][gc,task        ] GC(27) Using 25 workers of 33 for evacuation
[18.644s][info][gc,phases      ] GC(27)   Pre Evacuate Collection Set: 0.1ms
[18.644s][info][gc,phases      ] GC(27)   Merge Heap Roots: 0.2ms
[18.644s][info][gc,phases      ] GC(27)   Evacuate Collection Set: 1.3ms
[18.644s][info][gc,phases      ] GC(27)   Post Evacuate Collection Set: 0.5ms
[18.644s][info][gc,phases      ] GC(27)   Other: 0.1ms
[18.644s][info][gc,heap        ] GC(27) Eden regions: 38->0(38)
[18.644s][info][gc,heap        ] GC(27) Survivor regions: 1->1(5)
[18.644s][info][gc,heap        ] GC(27) Old regions: 1->1
[18.644s][info][gc,heap        ] GC(27) Archive regions: 0->0
[18.644s][info][gc,heap        ] GC(27) Humongous regions: 0->0
[18.644s][info][gc,metaspace   ] GC(27) Metaspace: 9831K(10176K)->9831K(10176K) NonClass: 8532K(8768K)->8532K(8768K) Class: 1299K(1408K)->1299K(1408K)
[18.644s][info][gc             ] GC(27) Pause Young (Normal) (G1 Evacuation Pause) 613M->5M(1056M) 2.890ms
[18.644s][info][gc,cpu         ] GC(27) User=0.00s Sys=0.00s Real=0.00s
[21.242s][info][gc,start       ] GC(28) Pause Young (Normal) (G1 Evacuation Pause)
[21.243s][info][gc,task        ] GC(28) Using 25 workers of 33 for evacuation
[21.245s][info][gc,phases      ] GC(28)   Pre Evacuate Collection Set: 0.1ms
[21.245s][info][gc,phases      ] GC(28)   Merge Heap Roots: 0.2ms
[21.245s][info][gc,phases      ] GC(28)   Evacuate Collection Set: 1.6ms
[21.245s][info][gc,phases      ] GC(28)   Post Evacuate Collection Set: 0.5ms
[21.245s][info][gc,phases      ] GC(28)   Other: 0.1ms
[21.245s][info][gc,heap        ] GC(28) Eden regions: 38->0(38)
[21.245s][info][gc,heap        ] GC(28) Survivor regions: 1->1(5)
[21.245s][info][gc,heap        ] GC(28) Old regions: 1->1
[21.245s][info][gc,heap        ] GC(28) Archive regions: 0->0
[21.246s][info][gc,heap        ] GC(28) Humongous regions: 0->0
[21.246s][info][gc,metaspace   ] GC(28) Metaspace: 9831K(10176K)->9831K(10176K) NonClass: 8532K(8768K)->8532K(8768K) Class: 1299K(1408K)->1299K(1408K)
[21.246s][info][gc             ] GC(28) Pause Young (Normal) (G1 Evacuation Pause) 613M->5M(1056M) 3.225ms
[21.246s][info][gc,cpu         ] GC(28) User=0.00s Sys=0.00s Real=0.00s
[22.557s][info][gc,start       ] GC(29) Pause Full (System.gc())
[22.557s][info][gc,task        ] GC(29) Using 6 workers of 33 for full compaction
[22.558s][info][gc,phases,start] GC(29) Phase 1: Mark live objects
[22.563s][info][gc,phases      ] GC(29) Phase 1: Mark live objects 5.401ms
[22.563s][info][gc,phases,start] GC(29) Phase 2: Prepare compaction
[22.567s][info][gc,phases      ] GC(29) Phase 2: Prepare compaction 3.581ms
[22.567s][info][gc,phases,start] GC(29) Phase 3: Adjust pointers
[22.572s][info][gc,phases      ] GC(29) Phase 3: Adjust pointers 4.858ms
[22.572s][info][gc,phases,start] GC(29) Phase 4: Compact heap
[22.574s][info][gc,phases      ] GC(29) Phase 4: Compact heap 2.489ms
[22.581s][info][gc,heap        ] GC(29) Eden regions: 20->0(6)
[22.581s][info][gc,heap        ] GC(29) Survivor regions: 1->0(5)
[22.581s][info][gc,heap        ] GC(29) Old regions: 1->3
[22.581s][info][gc,heap        ] GC(29) Archive regions: 0->0
[22.581s][info][gc,heap        ] GC(29) Humongous regions: 0->0
[22.581s][info][gc,metaspace   ] GC(29) Metaspace: 9831K(10176K)->9831K(10176K) NonClass: 8532K(8768K)->8532K(8768K) Class: 1299K(1408K)->1299K(1408K)
[22.581s][info][gc             ] GC(29) Pause Full (System.gc()) 322M->3M(160M) 24.072ms
[22.581s][info][gc,cpu         ] GC(29) User=0.06s Sys=0.05s Real=0.03s
[22.977s][info][gc,start       ] GC(30) Pause Young (Normal) (G1 Evacuation Pause)
[22.977s][info][gc,task        ] GC(30) Using 4 workers of 33 for evacuation
[22.979s][info][gc,phases      ] GC(30)   Pre Evacuate Collection Set: 0.1ms
[22.979s][info][gc,phases      ] GC(30)   Merge Heap Roots: 0.1ms
[22.979s][info][gc,phases      ] GC(30)   Evacuate Collection Set: 1.6ms
[22.979s][info][gc,phases      ] GC(30)   Post Evacuate Collection Set: 0.2ms
[22.979s][info][gc,phases      ] GC(30)   Other: 0.1ms
[22.979s][info][gc,heap        ] GC(30) Eden regions: 6->0(5)
[22.979s][info][gc,heap        ] GC(30) Survivor regions: 0->1(1)
[22.979s][info][gc,heap        ] GC(30) Old regions: 3->3
[22.979s][info][gc,heap        ] GC(30) Archive regions: 0->0
[22.979s][info][gc,heap        ] GC(30) Humongous regions: 0->0
[22.979s][info][gc,metaspace   ] GC(30) Metaspace: 9834K(10176K)->9834K(10176K) NonClass: 8534K(8768K)->8534K(8768K) Class: 1299K(1408K)->1299K(1408K)
[22.979s][info][gc             ] GC(30) Pause Young (Normal) (G1 Evacuation Pause) 99M->5M(160M) 2.611ms
[22.979s][info][gc,cpu         ] GC(30) User=0.00s Sys=0.00s Real=0.00s
[23.312s][info][gc,start       ] GC(31) Pause Young (Normal) (G1 Evacuation Pause)
[23.312s][info][gc,task        ] GC(31) Using 3 workers of 33 for evacuation
[23.315s][info][gc,phases      ] GC(31)   Pre Evacuate Collection Set: 0.1ms
[23.315s][info][gc,phases      ] GC(31)   Merge Heap Roots: 0.2ms
[23.315s][info][gc,phases      ] GC(31)   Evacuate Collection Set: 2.4ms
[23.315s][info][gc,phases      ] GC(31)   Post Evacuate Collection Set: 0.2ms
[23.315s][info][gc,phases      ] GC(31)   Other: 0.1ms
[23.315s][info][gc,heap        ] GC(31) Eden regions: 5->0(5)
[23.315s][info][gc,heap        ] GC(31) Survivor regions: 1->1(1)
[23.315s][info][gc,heap        ] GC(31) Old regions: 3->3
[23.315s][info][gc,heap        ] GC(31) Archive regions: 0->0
[23.315s][info][gc,heap        ] GC(31) Humongous regions: 0->0
[23.315s][info][gc,metaspace   ] GC(31) Metaspace: 9834K(10176K)->9834K(10176K) NonClass: 8534K(8768K)->8534K(8768K) Class: 1299K(1408K)->1299K(1408K)
[23.315s][info][gc             ] GC(31) Pause Young (Normal) (G1 Evacuation Pause) 85M->5M(160M) 3.549ms
[23.315s][info][gc,cpu         ] GC(31) User=0.00s Sys=0.00s Real=0.00s
[23.651s][info][gc,start       ] GC(32) Pause Young (Normal) (G1 Evacuation Pause)
[23.651s][info][gc,task        ] GC(32) Using 3 workers of 33 for evacuation
[23.654s][info][gc,phases      ] GC(32)   Pre Evacuate Collection Set: 0.1ms
[23.654s][info][gc,phases      ] GC(32)   Merge Heap Roots: 0.2ms
[23.654s][info][gc,phases      ] GC(32)   Evacuate Collection Set: 2.5ms
[23.654s][info][gc,phases      ] GC(32)   Post Evacuate Collection Set: 0.2ms
[23.654s][info][gc,phases      ] GC(32)   Other: 0.1ms
[23.654s][info][gc,heap        ] GC(32) Eden regions: 5->0(5)
[23.654s][info][gc,heap        ] GC(32) Survivor regions: 1->1(1)
[23.654s][info][gc,heap        ] GC(32) Old regions: 3->3
[23.654s][info][gc,heap        ] GC(32) Archive regions: 0->0
[23.654s][info][gc,heap        ] GC(32) Humongous regions: 0->0
[23.654s][info][gc,metaspace   ] GC(32) Metaspace: 9834K(10176K)->9834K(10176K) NonClass: 8534K(8768K)->8534K(8768K) Class: 1299K(1408K)->1299K(1408K)
[23.654s][info][gc             ] GC(32) Pause Young (Normal) (G1 Evacuation Pause) 85M->5M(160M) 3.635ms
[23.654s][info][gc,cpu         ] GC(32) User=0.00s Sys=0.00s Real=0.00s
[24.000s][info][gc,start       ] GC(33) Pause Young (Normal) (G1 Evacuation Pause)
[24.000s][info][gc,task        ] GC(33) Using 3 workers of 33 for evacuation
[24.003s][info][gc,phases      ] GC(33)   Pre Evacuate Collection Set: 0.1ms
[24.003s][info][gc,phases      ] GC(33)   Merge Heap Roots: 0.2ms
[24.003s][info][gc,phases      ] GC(33)   Evacuate Collection Set: 2.3ms
[24.003s][info][gc,phases      ] GC(33)   Post Evacuate Collection Set: 0.2ms
[24.003s][info][gc,phases      ] GC(33)   Other: 0.1ms
[24.003s][info][gc,heap        ] GC(33) Eden regions: 5->0(5)
[24.003s][info][gc,heap        ] GC(33) Survivor regions: 1->1(1)
[24.003s][info][gc,heap        ] GC(33) Old regions: 3->3
[24.003s][info][gc,heap        ] GC(33) Archive regions: 0->0
[24.003s][info][gc,heap        ] GC(33) Humongous regions: 0->0
[24.003s][info][gc,metaspace   ] GC(33) Metaspace: 9834K(10176K)->9834K(10176K) NonClass: 8534K(8768K)->8534K(8768K) Class: 1299K(1408K)->1299K(1408K)
[24.003s][info][gc             ] GC(33) Pause Young (Normal) (G1 Evacuation Pause) 85M->5M(160M) 3.429ms
[24.003s][info][gc,cpu         ] GC(33) User=0.00s Sys=0.00s Real=0.00s
[24.335s][info][gc,start       ] GC(34) Pause Young (Normal) (G1 Evacuation Pause)
[24.336s][info][gc,task        ] GC(34) Using 3 workers of 33 for evacuation
[24.339s][info][gc,phases      ] GC(34)   Pre Evacuate Collection Set: 0.1ms
[24.339s][info][gc,phases      ] GC(34)   Merge Heap Roots: 0.1ms
[24.339s][info][gc,phases      ] GC(34)   Evacuate Collection Set: 2.4ms
[24.339s][info][gc,phases      ] GC(34)   Post Evacuate Collection Set: 0.2ms
[24.339s][info][gc,phases      ] GC(34)   Other: 0.1ms
[24.339s][info][gc,heap        ] GC(34) Eden regions: 5->0(5)
[24.339s][info][gc,heap        ] GC(34) Survivor regions: 1->1(1)
[24.339s][info][gc,heap        ] GC(34) Old regions: 3->3
[24.339s][info][gc,heap        ] GC(34) Archive regions: 0->0
[24.339s][info][gc,heap        ] GC(34) Humongous regions: 0->0
[24.339s][info][gc,metaspace   ] GC(34) Metaspace: 9834K(10176K)->9834K(10176K) NonClass: 8534K(8768K)->8534K(8768K) Class: 1299K(1408K)->1299K(1408K)
[24.339s][info][gc             ] GC(34) Pause Young (Normal) (G1 Evacuation Pause) 85M->5M(160M) 3.433ms
[24.339s][info][gc,cpu         ] GC(34) User=0.00s Sys=0.00s Real=0.00s
[24.664s][info][gc,start       ] GC(35) Pause Young (Normal) (G1 Evacuation Pause)
[24.665s][info][gc,task        ] GC(35) Using 3 workers of 33 for evacuation
[24.668s][info][gc,phases      ] GC(35)   Pre Evacuate Collection Set: 0.1ms
[24.668s][info][gc,phases      ] GC(35)   Merge Heap Roots: 0.2ms
[24.668s][info][gc,phases      ] GC(35)   Evacuate Collection Set: 2.3ms
[24.668s][info][gc,phases      ] GC(35)   Post Evacuate Collection Set: 0.2ms
[24.668s][info][gc,phases      ] GC(35)   Other: 0.2ms
[24.668s][info][gc,heap        ] GC(35) Eden regions: 5->0(5)
[24.668s][info][gc,heap        ] GC(35) Survivor regions: 1->1(1)
[24.668s][info][gc,heap        ] GC(35) Old regions: 3->3
[24.668s][info][gc,heap        ] GC(35) Archive regions: 0->0
[24.668s][info][gc,heap        ] GC(35) Humongous regions: 0->0
[24.668s][info][gc,metaspace   ] GC(35) Metaspace: 9834K(10176K)->9834K(10176K) NonClass: 8534K(8768K)->8534K(8768K) Class: 1299K(1408K)->1299K(1408K)
[24.668s][info][gc             ] GC(35) Pause Young (Normal) (G1 Evacuation Pause) 85M->5M(160M) 3.541ms
[24.668s][info][gc,cpu         ] GC(35) User=0.00s Sys=0.00s Real=0.00s
[25.002s][info][gc,start       ] GC(36) Pause Young (Normal) (G1 Evacuation Pause)
[25.002s][info][gc,task        ] GC(36) Using 3 workers of 33 for evacuation
[25.005s][info][gc,phases      ] GC(36)   Pre Evacuate Collection Set: 0.1ms
[25.005s][info][gc,phases      ] GC(36)   Merge Heap Roots: 0.2ms
[25.005s][info][gc,phases      ] GC(36)   Evacuate Collection Set: 2.5ms
[25.005s][info][gc,phases      ] GC(36)   Post Evacuate Collection Set: 0.3ms
[25.005s][info][gc,phases      ] GC(36)   Other: 0.1ms
[25.005s][info][gc,heap        ] GC(36) Eden regions: 5->0(5)
[25.005s][info][gc,heap        ] GC(36) Survivor regions: 1->1(1)
[25.005s][info][gc,heap        ] GC(36) Old regions: 3->3
[25.005s][info][gc,heap        ] GC(36) Archive regions: 0->0
[25.005s][info][gc,heap        ] GC(36) Humongous regions: 0->0
[25.005s][info][gc,metaspace   ] GC(36) Metaspace: 9834K(10176K)->9834K(10176K) NonClass: 8534K(8768K)->8534K(8768K) Class: 1299K(1408K)->1299K(1408K)
[25.005s][info][gc             ] GC(36) Pause Young (Normal) (G1 Evacuation Pause) 85M->5M(160M) 3.721ms
[25.006s][info][gc,cpu         ] GC(36) User=0.00s Sys=0.00s Real=0.00s
[25.347s][info][gc,start       ] GC(37) Pause Young (Normal) (G1 Evacuation Pause)
[25.347s][info][gc,task        ] GC(37) Using 3 workers of 33 for evacuation
[25.350s][info][gc,phases      ] GC(37)   Pre Evacuate Collection Set: 0.1ms
[25.350s][info][gc,phases      ] GC(37)   Merge Heap Roots: 0.2ms
[25.350s][info][gc,phases      ] GC(37)   Evacuate Collection Set: 2.5ms
[25.350s][info][gc,phases      ] GC(37)   Post Evacuate Collection Set: 0.3ms
[25.350s][info][gc,phases      ] GC(37)   Other: 0.1ms
[25.350s][info][gc,heap        ] GC(37) Eden regions: 5->0(5)
[25.350s][info][gc,heap        ] GC(37) Survivor regions: 1->1(1)
[25.350s][info][gc,heap        ] GC(37) Old regions: 3->3
[25.350s][info][gc,heap        ] GC(37) Archive regions: 0->0
[25.350s][info][gc,heap        ] GC(37) Humongous regions: 0->0
[25.351s][info][gc,metaspace   ] GC(37) Metaspace: 9834K(10176K)->9834K(10176K) NonClass: 8534K(8768K)->8534K(8768K) Class: 1299K(1408K)->1299K(1408K)
[25.351s][info][gc             ] GC(37) Pause Young (Normal) (G1 Evacuation Pause) 85M->5M(160M) 3.589ms
[25.351s][info][gc,cpu         ] GC(37) User=0.00s Sys=0.00s Real=0.00s
[25.692s][info][gc,start       ] GC(38) Pause Young (Normal) (G1 Evacuation Pause)
[25.692s][info][gc,task        ] GC(38) Using 3 workers of 33 for evacuation
[25.695s][info][gc,phases      ] GC(38)   Pre Evacuate Collection Set: 0.1ms
[25.695s][info][gc,phases      ] GC(38)   Merge Heap Roots: 0.2ms
[25.695s][info][gc,phases      ] GC(38)   Evacuate Collection Set: 1.7ms
[25.695s][info][gc,phases      ] GC(38)   Post Evacuate Collection Set: 0.3ms
[25.695s][info][gc,phases      ] GC(38)   Other: 0.1ms
[25.695s][info][gc,heap        ] GC(38) Eden regions: 5->0(5)
[25.695s][info][gc,heap        ] GC(38) Survivor regions: 1->1(1)
[25.695s][info][gc,heap        ] GC(38) Old regions: 3->3
[25.695s][info][gc,heap        ] GC(38) Archive regions: 0->0
[25.695s][info][gc,heap        ] GC(38) Humongous regions: 0->0
[25.695s][info][gc,metaspace   ] GC(38) Metaspace: 9834K(10176K)->9834K(10176K) NonClass: 8534K(8768K)->8534K(8768K) Class: 1299K(1408K)->1299K(1408K)
[25.695s][info][gc             ] GC(38) Pause Young (Normal) (G1 Evacuation Pause) 85M->5M(160M) 2.849ms
[25.695s][info][gc,cpu         ] GC(38) User=0.05s Sys=0.00s Real=0.00s
[26.026s][info][gc,start       ] GC(39) Pause Young (Normal) (G1 Evacuation Pause)
[26.027s][info][gc,task        ] GC(39) Using 3 workers of 33 for evacuation
[26.030s][info][gc,phases      ] GC(39)   Pre Evacuate Collection Set: 0.1ms
[26.030s][info][gc,phases      ] GC(39)   Merge Heap Roots: 0.2ms
[26.030s][info][gc,phases      ] GC(39)   Evacuate Collection Set: 2.6ms
[26.030s][info][gc,phases      ] GC(39)   Post Evacuate Collection Set: 0.3ms
[26.030s][info][gc,phases      ] GC(39)   Other: 0.1ms
[26.030s][info][gc,heap        ] GC(39) Eden regions: 5->0(5)
[26.030s][info][gc,heap        ] GC(39) Survivor regions: 1->1(1)
[26.030s][info][gc,heap        ] GC(39) Old regions: 3->3
[26.030s][info][gc,heap        ] GC(39) Archive regions: 0->0
[26.030s][info][gc,heap        ] GC(39) Humongous regions: 0->0
[26.030s][info][gc,metaspace   ] GC(39) Metaspace: 9834K(10176K)->9834K(10176K) NonClass: 8534K(8768K)->8534K(8768K) Class: 1299K(1408K)->1299K(1408K)
[26.030s][info][gc             ] GC(39) Pause Young (Normal) (G1 Evacuation Pause) 85M->5M(160M) 3.723ms
[26.030s][info][gc,cpu         ] GC(39) User=0.00s Sys=0.00s Real=0.00s
[26.373s][info][gc,start       ] GC(40) Pause Young (Normal) (G1 Evacuation Pause)
[26.373s][info][gc,task        ] GC(40) Using 3 workers of 33 for evacuation
[26.376s][info][gc,phases      ] GC(40)   Pre Evacuate Collection Set: 0.1ms
[26.376s][info][gc,phases      ] GC(40)   Merge Heap Roots: 0.1ms
[26.376s][info][gc,phases      ] GC(40)   Evacuate Collection Set: 2.4ms
[26.376s][info][gc,phases      ] GC(40)   Post Evacuate Collection Set: 0.2ms
[26.376s][info][gc,phases      ] GC(40)   Other: 0.1ms
[26.376s][info][gc,heap        ] GC(40) Eden regions: 5->0(5)
[26.376s][info][gc,heap        ] GC(40) Survivor regions: 1->1(1)
[26.376s][info][gc,heap        ] GC(40) Old regions: 3->3
[26.376s][info][gc,heap        ] GC(40) Archive regions: 0->0
[26.376s][info][gc,heap        ] GC(40) Humongous regions: 0->0
[26.376s][info][gc,metaspace   ] GC(40) Metaspace: 9834K(10176K)->9834K(10176K) NonClass: 8534K(8768K)->8534K(8768K) Class: 1299K(1408K)->1299K(1408K)
[26.376s][info][gc             ] GC(40) Pause Young (Normal) (G1 Evacuation Pause) 85M->5M(160M) 3.476ms
[26.376s][info][gc,cpu         ] GC(40) User=0.00s Sys=0.00s Real=0.00s
[26.693s][info][gc,start       ] GC(41) Pause Young (Normal) (G1 Evacuation Pause)
[26.694s][info][gc,task        ] GC(41) Using 3 workers of 33 for evacuation
[26.696s][info][gc,phases      ] GC(41)   Pre Evacuate Collection Set: 0.1ms
[26.696s][info][gc,phases      ] GC(41)   Merge Heap Roots: 0.1ms
[26.696s][info][gc,phases      ] GC(41)   Evacuate Collection Set: 2.1ms
[26.696s][info][gc,phases      ] GC(41)   Post Evacuate Collection Set: 0.2ms
[26.696s][info][gc,phases      ] GC(41)   Other: 0.1ms
[26.696s][info][gc,heap        ] GC(41) Eden regions: 5->0(5)
[26.696s][info][gc,heap        ] GC(41) Survivor regions: 1->1(1)
[26.696s][info][gc,heap        ] GC(41) Old regions: 3->3
[26.696s][info][gc,heap        ] GC(41) Archive regions: 0->0
[26.696s][info][gc,heap        ] GC(41) Humongous regions: 0->0
[26.696s][info][gc,metaspace   ] GC(41) Metaspace: 9834K(10176K)->9834K(10176K) NonClass: 8534K(8768K)->8534K(8768K) Class: 1299K(1408K)->1299K(1408K)
[26.697s][info][gc             ] GC(41) Pause Young (Normal) (G1 Evacuation Pause) 85M->5M(160M) 3.158ms
[26.697s][info][gc,cpu         ] GC(41) User=0.00s Sys=0.00s Real=0.00s
[27.012s][info][gc,start       ] GC(42) Pause Young (Normal) (G1 Evacuation Pause)
[27.012s][info][gc,task        ] GC(42) Using 3 workers of 33 for evacuation
[27.015s][info][gc,phases      ] GC(42)   Pre Evacuate Collection Set: 0.1ms
[27.015s][info][gc,phases      ] GC(42)   Merge Heap Roots: 0.2ms
[27.015s][info][gc,phases      ] GC(42)   Evacuate Collection Set: 2.4ms
[27.015s][info][gc,phases      ] GC(42)   Post Evacuate Collection Set: 0.2ms
[27.015s][info][gc,phases      ] GC(42)   Other: 0.1ms
[27.015s][info][gc,heap        ] GC(42) Eden regions: 5->0(5)
[27.015s][info][gc,heap        ] GC(42) Survivor regions: 1->1(1)
[27.015s][info][gc,heap        ] GC(42) Old regions: 3->3
[27.016s][info][gc,heap        ] GC(42) Archive regions: 0->0
[27.016s][info][gc,heap        ] GC(42) Humongous regions: 0->0
[27.016s][info][gc,metaspace   ] GC(42) Metaspace: 9834K(10176K)->9834K(10176K) NonClass: 8534K(8768K)->8534K(8768K) Class: 1299K(1408K)->1299K(1408K)
[27.016s][info][gc             ] GC(42) Pause Young (Normal) (G1 Evacuation Pause) 85M->5M(160M) 3.442ms
[27.016s][info][gc,cpu         ] GC(42) User=0.05s Sys=0.00s Real=0.02s
[27.356s][info][gc,start       ] GC(43) Pause Young (Normal) (G1 Evacuation Pause)
[27.357s][info][gc,task        ] GC(43) Using 3 workers of 33 for evacuation
[27.360s][info][gc,phases      ] GC(43)   Pre Evacuate Collection Set: 0.1ms
[27.360s][info][gc,phases      ] GC(43)   Merge Heap Roots: 0.2ms
[27.360s][info][gc,phases      ] GC(43)   Evacuate Collection Set: 2.3ms
[27.360s][info][gc,phases      ] GC(43)   Post Evacuate Collection Set: 0.2ms
[27.360s][info][gc,phases      ] GC(43)   Other: 0.1ms
[27.360s][info][gc,heap        ] GC(43) Eden regions: 5->0(5)
[27.360s][info][gc,heap        ] GC(43) Survivor regions: 1->1(1)
[27.360s][info][gc,heap        ] GC(43) Old regions: 3->3
[27.360s][info][gc,heap        ] GC(43) Archive regions: 0->0
[27.360s][info][gc,heap        ] GC(43) Humongous regions: 0->0
[27.360s][info][gc,metaspace   ] GC(43) Metaspace: 9834K(10176K)->9834K(10176K) NonClass: 8534K(8768K)->8534K(8768K) Class: 1299K(1408K)->1299K(1408K)
[27.360s][info][gc             ] GC(43) Pause Young (Normal) (G1 Evacuation Pause) 85M->5M(160M) 3.462ms
[27.360s][info][gc,cpu         ] GC(43) User=0.00s Sys=0.00s Real=0.00s
[27.700s][info][gc,start       ] GC(44) Pause Young (Normal) (G1 Evacuation Pause)
[27.700s][info][gc,task        ] GC(44) Using 3 workers of 33 for evacuation
[27.703s][info][gc,phases      ] GC(44)   Pre Evacuate Collection Set: 0.1ms
[27.703s][info][gc,phases      ] GC(44)   Merge Heap Roots: 0.2ms
[27.703s][info][gc,phases      ] GC(44)   Evacuate Collection Set: 2.4ms
[27.703s][info][gc,phases      ] GC(44)   Post Evacuate Collection Set: 0.2ms
[27.703s][info][gc,phases      ] GC(44)   Other: 0.1ms
[27.703s][info][gc,heap        ] GC(44) Eden regions: 5->0(5)
[27.703s][info][gc,heap        ] GC(44) Survivor regions: 1->1(1)
[27.703s][info][gc,heap        ] GC(44) Old regions: 3->3
[27.703s][info][gc,heap        ] GC(44) Archive regions: 0->0
[27.703s][info][gc,heap        ] GC(44) Humongous regions: 0->0
[27.703s][info][gc,metaspace   ] GC(44) Metaspace: 9834K(10176K)->9834K(10176K) NonClass: 8534K(8768K)->8534K(8768K) Class: 1299K(1408K)->1299K(1408K)
[27.703s][info][gc             ] GC(44) Pause Young (Normal) (G1 Evacuation Pause) 85M->5M(160M) 3.573ms
[27.703s][info][gc,cpu         ] GC(44) User=0.00s Sys=0.00s Real=0.00s
[28.039s][info][gc,start       ] GC(45) Pause Young (Normal) (G1 Evacuation Pause)
[28.039s][info][gc,task        ] GC(45) Using 3 workers of 33 for evacuation
[28.042s][info][gc,phases      ] GC(45)   Pre Evacuate Collection Set: 0.1ms
[28.042s][info][gc,phases      ] GC(45)   Merge Heap Roots: 0.1ms
[28.042s][info][gc,phases      ] GC(45)   Evacuate Collection Set: 2.5ms
[28.042s][info][gc,phases      ] GC(45)   Post Evacuate Collection Set: 0.2ms
[28.042s][info][gc,phases      ] GC(45)   Other: 0.1ms
[28.042s][info][gc,heap        ] GC(45) Eden regions: 5->0(4)
[28.042s][info][gc,heap        ] GC(45) Survivor regions: 1->1(1)
[28.042s][info][gc,heap        ] GC(45) Old regions: 3->4
[28.042s][info][gc,heap        ] GC(45) Archive regions: 0->0
[28.042s][info][gc,heap        ] GC(45) Humongous regions: 0->0
[28.042s][info][gc,metaspace   ] GC(45) Metaspace: 9834K(10176K)->9834K(10176K) NonClass: 8534K(8768K)->8534K(8768K) Class: 1299K(1408K)->1299K(1408K)
[28.042s][info][gc             ] GC(45) Pause Young (Normal) (G1 Evacuation Pause) 85M->5M(176M) 3.600ms
[28.042s][info][gc,cpu         ] GC(45) User=0.00s Sys=0.00s Real=0.00s
[28.310s][info][gc,start       ] GC(46) Pause Young (Normal) (G1 Evacuation Pause)
[28.310s][info][gc,task        ] GC(46) Using 4 workers of 33 for evacuation
[28.312s][info][gc,phases      ] GC(46)   Pre Evacuate Collection Set: 0.1ms
[28.312s][info][gc,phases      ] GC(46)   Merge Heap Roots: 0.1ms
[28.312s][info][gc,phases      ] GC(46)   Evacuate Collection Set: 1.6ms
[28.312s][info][gc,phases      ] GC(46)   Post Evacuate Collection Set: 0.2ms
[28.312s][info][gc,phases      ] GC(46)   Other: 0.1ms
[28.312s][info][gc,heap        ] GC(46) Eden regions: 4->0(4)
[28.312s][info][gc,heap        ] GC(46) Survivor regions: 1->1(1)
[28.312s][info][gc,heap        ] GC(46) Old regions: 4->4
[28.312s][info][gc,heap        ] GC(46) Archive regions: 0->0
[28.312s][info][gc,heap        ] GC(46) Humongous regions: 0->0
[28.312s][info][gc,metaspace   ] GC(46) Metaspace: 9834K(10176K)->9834K(10176K) NonClass: 8534K(8768K)->8534K(8768K) Class: 1299K(1408K)->1299K(1408K)
[28.312s][info][gc             ] GC(46) Pause Young (Normal) (G1 Evacuation Pause) 69M->5M(176M) 2.647ms
[28.313s][info][gc,cpu         ] GC(46) User=0.00s Sys=0.00s Real=0.00s
[28.583s][info][gc,start       ] GC(47) Pause Young (Normal) (G1 Evacuation Pause)
[28.583s][info][gc,task        ] GC(47) Using 4 workers of 33 for evacuation
[28.585s][info][gc,phases      ] GC(47)   Pre Evacuate Collection Set: 0.1ms
[28.585s][info][gc,phases      ] GC(47)   Merge Heap Roots: 0.2ms
[28.585s][info][gc,phases      ] GC(47)   Evacuate Collection Set: 1.6ms
[28.585s][info][gc,phases      ] GC(47)   Post Evacuate Collection Set: 0.2ms
[28.585s][info][gc,phases      ] GC(47)   Other: 0.1ms
[28.585s][info][gc,heap        ] GC(47) Eden regions: 4->0(4)
[28.585s][info][gc,heap        ] GC(47) Survivor regions: 1->1(1)
[28.585s][info][gc,heap        ] GC(47) Old regions: 4->4
[28.585s][info][gc,heap        ] GC(47) Archive regions: 0->0
[28.585s][info][gc,heap        ] GC(47) Humongous regions: 0->0
[28.585s][info][gc,metaspace   ] GC(47) Metaspace: 9834K(10176K)->9834K(10176K) NonClass: 8534K(8768K)->8534K(8768K) Class: 1299K(1408K)->1299K(1408K)
[28.585s][info][gc             ] GC(47) Pause Young (Normal) (G1 Evacuation Pause) 69M->5M(176M) 2.675ms
[28.585s][info][gc,cpu         ] GC(47) User=0.00s Sys=0.00s Real=0.00s
[28.866s][info][gc,start       ] GC(48) Pause Young (Normal) (G1 Evacuation Pause)
[28.867s][info][gc,task        ] GC(48) Using 4 workers of 33 for evacuation
[28.869s][info][gc,phases      ] GC(48)   Pre Evacuate Collection Set: 0.1ms
[28.869s][info][gc,phases      ] GC(48)   Merge Heap Roots: 0.2ms
[28.869s][info][gc,phases      ] GC(48)   Evacuate Collection Set: 1.6ms
[28.869s][info][gc,phases      ] GC(48)   Post Evacuate Collection Set: 0.2ms
[28.869s][info][gc,phases      ] GC(48)   Other: 0.1ms
[28.869s][info][gc,heap        ] GC(48) Eden regions: 4->0(4)
[28.869s][info][gc,heap        ] GC(48) Survivor regions: 1->1(1)
[28.869s][info][gc,heap        ] GC(48) Old regions: 4->4
[28.869s][info][gc,heap        ] GC(48) Archive regions: 0->0
[28.869s][info][gc,heap        ] GC(48) Humongous regions: 0->0
[28.869s][info][gc,metaspace   ] GC(48) Metaspace: 9834K(10176K)->9834K(10176K) NonClass: 8534K(8768K)->8534K(8768K) Class: 1299K(1408K)->1299K(1408K)
[28.869s][info][gc             ] GC(48) Pause Young (Normal) (G1 Evacuation Pause) 69M->5M(176M) 2.749ms
[28.869s][info][gc,cpu         ] GC(48) User=0.00s Sys=0.00s Real=0.00s
[29.135s][info][gc,start       ] GC(49) Pause Young (Normal) (G1 Evacuation Pause)
[29.135s][info][gc,task        ] GC(49) Using 4 workers of 33 for evacuation
[29.137s][info][gc,phases      ] GC(49)   Pre Evacuate Collection Set: 0.1ms
[29.137s][info][gc,phases      ] GC(49)   Merge Heap Roots: 0.2ms
[29.137s][info][gc,phases      ] GC(49)   Evacuate Collection Set: 1.4ms
[29.137s][info][gc,phases      ] GC(49)   Post Evacuate Collection Set: 0.2ms
[29.137s][info][gc,phases      ] GC(49)   Other: 0.1ms
[29.137s][info][gc,heap        ] GC(49) Eden regions: 4->0(4)
[29.137s][info][gc,heap        ] GC(49) Survivor regions: 1->1(1)
[29.137s][info][gc,heap        ] GC(49) Old regions: 4->4
[29.137s][info][gc,heap        ] GC(49) Archive regions: 0->0
[29.137s][info][gc,heap        ] GC(49) Humongous regions: 0->0
[29.137s][info][gc,metaspace   ] GC(49) Metaspace: 9834K(10176K)->9834K(10176K) NonClass: 8534K(8768K)->8534K(8768K) Class: 1299K(1408K)->1299K(1408K)
[29.138s][info][gc             ] GC(49) Pause Young (Normal) (G1 Evacuation Pause) 69M->5M(176M) 2.483ms
[29.138s][info][gc,cpu         ] GC(49) User=0.00s Sys=0.00s Real=0.00s
[29.389s][info][gc,start       ] GC(50) Pause Full (System.gc())
[29.389s][info][gc,task        ] GC(50) Using 1 workers of 33 for full compaction
[29.389s][info][gc,phases,start] GC(50) Phase 1: Mark live objects
[29.409s][info][gc,phases      ] GC(50) Phase 1: Mark live objects 20.125ms
[29.409s][info][gc,phases,start] GC(50) Phase 2: Prepare compaction
[29.413s][info][gc,phases      ] GC(50) Phase 2: Prepare compaction 3.652ms
[29.413s][info][gc,phases,start] GC(50) Phase 3: Adjust pointers
[29.422s][info][gc,phases      ] GC(50) Phase 3: Adjust pointers 9.190ms
[29.422s][info][gc,phases,start] GC(50) Phase 4: Compact heap
[29.425s][info][gc,phases      ] GC(50) Phase 4: Compact heap 2.590ms
[29.427s][info][gc,heap        ] GC(50) Eden regions: 4->0(2)
[29.427s][info][gc,heap        ] GC(50) Survivor regions: 1->0(1)
[29.427s][info][gc,heap        ] GC(50) Old regions: 4->1
[29.427s][info][gc,heap        ] GC(50) Archive regions: 0->0
[29.427s][info][gc,heap        ] GC(50) Humongous regions: 0->0
[29.427s][info][gc,metaspace   ] GC(50) Metaspace: 9834K(10176K)->9834K(10176K) NonClass: 8534K(8768K)->8534K(8768K) Class: 1299K(1408K)->1299K(1408K)
[29.428s][info][gc             ] GC(50) Pause Full (System.gc()) 65M->3M(64M) 38.760ms
[29.428s][info][gc,cpu         ] GC(50) User=0.05s Sys=0.00s Real=0.05s
[29.571s][info][gc,start       ] GC(51) Pause Young (Normal) (G1 Evacuation Pause)
[29.571s][info][gc,task        ] GC(51) Using 2 workers of 33 for evacuation
[29.575s][info][gc,phases      ] GC(51)   Pre Evacuate Collection Set: 0.1ms
[29.575s][info][gc,phases      ] GC(51)   Merge Heap Roots: 0.1ms
[29.575s][info][gc,phases      ] GC(51)   Evacuate Collection Set: 3.5ms
[29.575s][info][gc,phases      ] GC(51)   Post Evacuate Collection Set: 0.2ms
[29.575s][info][gc,phases      ] GC(51)   Other: 0.1ms
[29.575s][info][gc,heap        ] GC(51) Eden regions: 2->0(1)
[29.575s][info][gc,heap        ] GC(51) Survivor regions: 0->1(1)
[29.575s][info][gc,heap        ] GC(51) Old regions: 1->1
[29.575s][info][gc,heap        ] GC(51) Archive regions: 0->0
[29.575s][info][gc,heap        ] GC(51) Humongous regions: 0->0
[29.575s][info][gc,metaspace   ] GC(51) Metaspace: 9835K(10176K)->9835K(10176K) NonClass: 8536K(8768K)->8536K(8768K) Class: 1299K(1408K)->1299K(1408K)
[29.575s][info][gc             ] GC(51) Pause Young (Normal) (G1 Evacuation Pause) 35M->5M(64M) 4.583ms
[29.575s][info][gc,cpu         ] GC(51) User=0.00s Sys=0.00s Real=0.00s
[29.639s][info][gc,start       ] GC(52) Pause Young (Normal) (G1 Evacuation Pause)
[29.639s][info][gc,task        ] GC(52) Using 2 workers of 33 for evacuation
[29.643s][info][gc,phases      ] GC(52)   Pre Evacuate Collection Set: 0.1ms
[29.643s][info][gc,phases      ] GC(52)   Merge Heap Roots: 0.1ms
[29.643s][info][gc,phases      ] GC(52)   Evacuate Collection Set: 3.5ms
[29.643s][info][gc,phases      ] GC(52)   Post Evacuate Collection Set: 0.2ms
[29.643s][info][gc,phases      ] GC(52)   Other: 0.1ms
[29.643s][info][gc,heap        ] GC(52) Eden regions: 1->0(1)
[29.643s][info][gc,heap        ] GC(52) Survivor regions: 1->1(1)
[29.643s][info][gc,heap        ] GC(52) Old regions: 1->1
[29.643s][info][gc,heap        ] GC(52) Archive regions: 0->0
[29.643s][info][gc,heap        ] GC(52) Humongous regions: 0->0
[29.643s][info][gc,metaspace   ] GC(52) Metaspace: 9835K(10176K)->9835K(10176K) NonClass: 8536K(8768K)->8536K(8768K) Class: 1299K(1408K)->1299K(1408K)
[29.643s][info][gc             ] GC(52) Pause Young (Normal) (G1 Evacuation Pause) 21M->5M(64M) 4.560ms
[29.643s][info][gc,cpu         ] GC(52) User=0.00s Sys=0.00s Real=0.00s
[29.709s][info][gc,start       ] GC(53) Pause Young (Normal) (G1 Evacuation Pause)
[29.709s][info][gc,task        ] GC(53) Using 2 workers of 33 for evacuation
[29.713s][info][gc,phases      ] GC(53)   Pre Evacuate Collection Set: 0.1ms
[29.713s][info][gc,phases      ] GC(53)   Merge Heap Roots: 0.1ms
[29.713s][info][gc,phases      ] GC(53)   Evacuate Collection Set: 3.5ms
[29.713s][info][gc,phases      ] GC(53)   Post Evacuate Collection Set: 0.2ms
[29.713s][info][gc,phases      ] GC(53)   Other: 0.1ms
[29.713s][info][gc,heap        ] GC(53) Eden regions: 1->0(1)
[29.713s][info][gc,heap        ] GC(53) Survivor regions: 1->1(1)
[29.713s][info][gc,heap        ] GC(53) Old regions: 1->1
[29.713s][info][gc,heap        ] GC(53) Archive regions: 0->0
[29.713s][info][gc,heap        ] GC(53) Humongous regions: 0->0
[29.713s][info][gc,metaspace   ] GC(53) Metaspace: 9835K(10176K)->9835K(10176K) NonClass: 8536K(8768K)->8536K(8768K) Class: 1299K(1408K)->1299K(1408K)
[29.713s][info][gc             ] GC(53) Pause Young (Normal) (G1 Evacuation Pause) 21M->5M(64M) 4.414ms
[29.713s][info][gc,cpu         ] GC(53) User=0.00s Sys=0.00s Real=0.00s
[29.776s][info][gc,start       ] GC(54) Pause Young (Normal) (G1 Evacuation Pause)
[29.776s][info][gc,task        ] GC(54) Using 2 workers of 33 for evacuation
[29.787s][info][gc,phases      ] GC(54)   Pre Evacuate Collection Set: 0.1ms
[29.787s][info][gc,phases      ] GC(54)   Merge Heap Roots: 0.1ms
[29.787s][info][gc,phases      ] GC(54)   Evacuate Collection Set: 3.5ms
[29.787s][info][gc,phases      ] GC(54)   Post Evacuate Collection Set: 7.2ms
[29.787s][info][gc,phases      ] GC(54)   Other: 0.1ms
[29.787s][info][gc,heap        ] GC(54) Eden regions: 1->0(38)
[29.787s][info][gc,heap        ] GC(54) Survivor regions: 1->1(1)
[29.787s][info][gc,heap        ] GC(54) Old regions: 1->1
[29.787s][info][gc,heap        ] GC(54) Archive regions: 0->0
[29.787s][info][gc,heap        ] GC(54) Humongous regions: 0->0
[29.787s][info][gc,metaspace   ] GC(54) Metaspace: 9835K(10176K)->9835K(10176K) NonClass: 8536K(8768K)->8536K(8768K) Class: 1299K(1408K)->1299K(1408K)
[29.787s][info][gc             ] GC(54) Pause Young (Normal) (G1 Evacuation Pause) 21M->5M(1056M) 11.621ms
[29.787s][info][gc,cpu         ] GC(54) User=0.03s Sys=0.00s Real=0.02s
[32.482s][info][gc,start       ] GC(55) Pause Young (Normal) (G1 Evacuation Pause)
[32.482s][info][gc,task        ] GC(55) Using 25 workers of 33 for evacuation
[32.485s][info][gc,phases      ] GC(55)   Pre Evacuate Collection Set: 0.1ms
[32.485s][info][gc,phases      ] GC(55)   Merge Heap Roots: 0.2ms
[32.485s][info][gc,phases      ] GC(55)   Evacuate Collection Set: 1.4ms
[32.485s][info][gc,phases      ] GC(55)   Post Evacuate Collection Set: 0.6ms
[32.485s][info][gc,phases      ] GC(55)   Other: 0.2ms
[32.485s][info][gc,heap        ] GC(55) Eden regions: 38->0(38)
[32.485s][info][gc,heap        ] GC(55) Survivor regions: 1->1(5)
[32.485s][info][gc,heap        ] GC(55) Old regions: 1->1
[32.485s][info][gc,heap        ] GC(55) Archive regions: 0->0
[32.485s][info][gc,heap        ] GC(55) Humongous regions: 0->0
[32.485s][info][gc,metaspace   ] GC(55) Metaspace: 9835K(10176K)->9835K(10176K) NonClass: 8536K(8768K)->8536K(8768K) Class: 1299K(1408K)->1299K(1408K)
[32.485s][info][gc             ] GC(55) Pause Young (Normal) (G1 Evacuation Pause) 613M->5M(1056M) 3.102ms
[32.485s][info][gc,cpu         ] GC(55) User=0.02s Sys=0.00s Real=0.02s
[35.008s][info][gc,start       ] GC(56) Pause Young (Normal) (G1 Evacuation Pause)
[35.008s][info][gc,task        ] GC(56) Using 25 workers of 33 for evacuation
[35.011s][info][gc,phases      ] GC(56)   Pre Evacuate Collection Set: 0.1ms
[35.011s][info][gc,phases      ] GC(56)   Merge Heap Roots: 0.2ms
[35.011s][info][gc,phases      ] GC(56)   Evacuate Collection Set: 1.5ms
[35.011s][info][gc,phases      ] GC(56)   Post Evacuate Collection Set: 0.5ms
[35.011s][info][gc,phases      ] GC(56)   Other: 0.1ms
[35.011s][info][gc,heap        ] GC(56) Eden regions: 38->0(38)
[35.011s][info][gc,heap        ] GC(56) Survivor regions: 1->1(5)
[35.011s][info][gc,heap        ] GC(56) Old regions: 1->1
[35.011s][info][gc,heap        ] GC(56) Archive regions: 0->0
[35.011s][info][gc,heap        ] GC(56) Humongous regions: 0->0
[35.011s][info][gc,metaspace   ] GC(56) Metaspace: 9835K(10176K)->9835K(10176K) NonClass: 8536K(8768K)->8536K(8768K) Class: 1299K(1408K)->1299K(1408K)
[35.011s][info][gc             ] GC(56) Pause Young (Normal) (G1 Evacuation Pause) 613M->5M(1056M) 3.021ms
[35.011s][info][gc,cpu         ] GC(56) User=0.00s Sys=0.00s Real=0.00s
[36.331s][info][gc,start       ] GC(57) Pause Full (System.gc())
[36.331s][info][gc,task        ] GC(57) Using 6 workers of 33 for full compaction
[36.332s][info][gc,phases,start] GC(57) Phase 1: Mark live objects
[36.338s][info][gc,phases      ] GC(57) Phase 1: Mark live objects 5.883ms
[36.338s][info][gc,phases,start] GC(57) Phase 2: Prepare compaction
[36.342s][info][gc,phases      ] GC(57) Phase 2: Prepare compaction 3.996ms
[36.342s][info][gc,phases,start] GC(57) Phase 3: Adjust pointers
[36.347s][info][gc,phases      ] GC(57) Phase 3: Adjust pointers 4.923ms
[36.347s][info][gc,phases,start] GC(57) Phase 4: Compact heap
[36.349s][info][gc,phases      ] GC(57) Phase 4: Compact heap 2.512ms
[36.357s][info][gc,heap        ] GC(57) Eden regions: 20->0(4)
[36.357s][info][gc,heap        ] GC(57) Survivor regions: 1->0(5)
[36.357s][info][gc,heap        ] GC(57) Old regions: 1->2
[36.357s][info][gc,heap        ] GC(57) Archive regions: 0->0
[36.357s][info][gc,heap        ] GC(57) Humongous regions: 0->0
[36.357s][info][gc,metaspace   ] GC(57) Metaspace: 9835K(10176K)->9835K(10176K) NonClass: 8536K(8768K)->8536K(8768K) Class: 1299K(1408K)->1299K(1408K)
[36.357s][info][gc             ] GC(57) Pause Full (System.gc()) 316M->3M(112M) 26.030ms
[36.357s][info][gc,cpu         ] GC(57) User=0.03s Sys=0.00s Real=0.02s
[36.623s][info][gc,start       ] GC(58) Pause Young (Normal) (G1 Evacuation Pause)
[36.624s][info][gc,task        ] GC(58) Using 4 workers of 33 for evacuation
[36.626s][info][gc,phases      ] GC(58)   Pre Evacuate Collection Set: 0.1ms
[36.626s][info][gc,phases      ] GC(58)   Merge Heap Roots: 0.1ms
[36.626s][info][gc,phases      ] GC(58)   Evacuate Collection Set: 1.9ms
[36.626s][info][gc,phases      ] GC(58)   Post Evacuate Collection Set: 0.4ms
[36.626s][info][gc,phases      ] GC(58)   Other: 0.1ms
[36.626s][info][gc,heap        ] GC(58) Eden regions: 4->0(3)
[36.626s][info][gc,heap        ] GC(58) Survivor regions: 0->1(1)
[36.626s][info][gc,heap        ] GC(58) Old regions: 2->2
[36.627s][info][gc,heap        ] GC(58) Archive regions: 0->0
[36.627s][info][gc,heap        ] GC(58) Humongous regions: 0->0
[36.627s][info][gc,metaspace   ] GC(58) Metaspace: 9836K(10176K)->9836K(10176K) NonClass: 8537K(8768K)->8537K(8768K) Class: 1299K(1408K)->1299K(1408K)
[36.627s][info][gc             ] GC(58) Pause Young (Normal) (G1 Evacuation Pause) 67M->5M(112M) 3.227ms
[36.627s][info][gc,cpu         ] GC(58) User=0.00s Sys=0.00s Real=0.00s
[36.822s][info][gc,start       ] GC(59) Pause Young (Normal) (G1 Evacuation Pause)
[36.822s][info][gc,task        ] GC(59) Using 3 workers of 33 for evacuation
[36.824s][info][gc,phases      ] GC(59)   Pre Evacuate Collection Set: 0.1ms
[36.825s][info][gc,phases      ] GC(59)   Merge Heap Roots: 0.1ms
[36.825s][info][gc,phases      ] GC(59)   Evacuate Collection Set: 2.1ms
[36.825s][info][gc,phases      ] GC(59)   Post Evacuate Collection Set: 0.2ms
[36.825s][info][gc,phases      ] GC(59)   Other: 0.1ms
[36.825s][info][gc,heap        ] GC(59) Eden regions: 3->0(3)
[36.825s][info][gc,heap        ] GC(59) Survivor regions: 1->1(1)
[36.825s][info][gc,heap        ] GC(59) Old regions: 2->2
[36.825s][info][gc,heap        ] GC(59) Archive regions: 0->0
[36.825s][info][gc,heap        ] GC(59) Humongous regions: 0->0
[36.825s][info][gc,metaspace   ] GC(59) Metaspace: 9836K(10176K)->9836K(10176K) NonClass: 8537K(8768K)->8537K(8768K) Class: 1299K(1408K)->1299K(1408K)
[36.825s][info][gc             ] GC(59) Pause Young (Normal) (G1 Evacuation Pause) 53M->5M(112M) 3.118ms
[36.825s][info][gc,cpu         ] GC(59) User=0.00s Sys=0.00s Real=0.00s
[37.021s][info][gc,start       ] GC(60) Pause Young (Normal) (G1 Evacuation Pause)
[37.021s][info][gc,task        ] GC(60) Using 2 workers of 33 for evacuation
[37.024s][info][gc,phases      ] GC(60)   Pre Evacuate Collection Set: 0.1ms
[37.025s][info][gc,phases      ] GC(60)   Merge Heap Roots: 0.2ms
[37.025s][info][gc,phases      ] GC(60)   Evacuate Collection Set: 3.1ms
[37.025s][info][gc,phases      ] GC(60)   Post Evacuate Collection Set: 0.3ms
[37.025s][info][gc,phases      ] GC(60)   Other: 0.1ms
[37.025s][info][gc,heap        ] GC(60) Eden regions: 3->0(3)
[37.025s][info][gc,heap        ] GC(60) Survivor regions: 1->1(1)
[37.025s][info][gc,heap        ] GC(60) Old regions: 2->2
[37.025s][info][gc,heap        ] GC(60) Archive regions: 0->0
[37.025s][info][gc,heap        ] GC(60) Humongous regions: 0->0
[37.025s][info][gc,metaspace   ] GC(60) Metaspace: 9836K(10176K)->9836K(10176K) NonClass: 8537K(8768K)->8537K(8768K) Class: 1299K(1408K)->1299K(1408K)
[37.025s][info][gc             ] GC(60) Pause Young (Normal) (G1 Evacuation Pause) 53M->5M(112M) 4.223ms
[37.025s][info][gc,cpu         ] GC(60) User=0.03s Sys=0.00s Real=0.02s
[37.219s][info][gc,start       ] GC(61) Pause Young (Normal) (G1 Evacuation Pause)
[37.219s][info][gc,task        ] GC(61) Using 2 workers of 33 for evacuation
[37.230s][info][gc,phases      ] GC(61)   Pre Evacuate Collection Set: 0.1ms
[37.243s][info][gc,phases      ] GC(61)   Merge Heap Roots: 0.1ms
[37.244s][info][gc,phases      ] GC(61)   Evacuate Collection Set: 3.5ms
[37.244s][info][gc,phases      ] GC(61)   Post Evacuate Collection Set: 7.1ms
[37.244s][info][gc,phases      ] GC(61)   Other: 0.1ms
[37.244s][info][gc,heap        ] GC(61) Eden regions: 3->0(39)
[37.244s][info][gc,heap        ] GC(61) Survivor regions: 1->1(1)
[37.244s][info][gc,heap        ] GC(61) Old regions: 2->2
[37.244s][info][gc,heap        ] GC(61) Archive regions: 0->0
[37.244s][info][gc,heap        ] GC(61) Humongous regions: 0->0
[37.244s][info][gc,metaspace   ] GC(61) Metaspace: 9836K(10176K)->9836K(10176K) NonClass: 8537K(8768K)->8537K(8768K) Class: 1299K(1408K)->1299K(1408K)
[37.244s][info][gc             ] GC(61) Pause Young (Normal) (G1 Evacuation Pause) 53M->5M(1088M) 25.278ms
[37.244s][info][gc,cpu         ] GC(61) User=0.00s Sys=0.02s Real=0.03s
[40.009s][info][gc,start       ] GC(62) Pause Young (Normal) (G1 Evacuation Pause)
[40.010s][info][gc,task        ] GC(62) Using 26 workers of 33 for evacuation
[40.012s][info][gc,phases      ] GC(62)   Pre Evacuate Collection Set: 0.1ms
[40.012s][info][gc,phases      ] GC(62)   Merge Heap Roots: 0.2ms
[40.012s][info][gc,phases      ] GC(62)   Evacuate Collection Set: 1.4ms
[40.012s][info][gc,phases      ] GC(62)   Post Evacuate Collection Set: 0.6ms
[40.012s][info][gc,phases      ] GC(62)   Other: 0.1ms
[40.012s][info][gc,heap        ] GC(62) Eden regions: 39->0(39)
[40.012s][info][gc,heap        ] GC(62) Survivor regions: 1->1(5)
[40.012s][info][gc,heap        ] GC(62) Old regions: 2->2
[40.012s][info][gc,heap        ] GC(62) Archive regions: 0->0
[40.012s][info][gc,heap        ] GC(62) Humongous regions: 0->0
[40.012s][info][gc,metaspace   ] GC(62) Metaspace: 9836K(10176K)->9836K(10176K) NonClass: 8537K(8768K)->8537K(8768K) Class: 1299K(1408K)->1299K(1408K)
[40.012s][info][gc             ] GC(62) Pause Young (Normal) (G1 Evacuation Pause) 629M->5M(1088M) 3.054ms
[40.012s][info][gc,cpu         ] GC(62) User=0.00s Sys=0.00s Real=0.00s
[42.665s][info][gc,start       ] GC(63) Pause Young (Normal) (G1 Evacuation Pause)
[42.665s][info][gc,task        ] GC(63) Using 26 workers of 33 for evacuation
[42.668s][info][gc,phases      ] GC(63)   Pre Evacuate Collection Set: 0.1ms
[42.668s][info][gc,phases      ] GC(63)   Merge Heap Roots: 0.2ms
[42.668s][info][gc,phases      ] GC(63)   Evacuate Collection Set: 1.7ms
[42.668s][info][gc,phases      ] GC(63)   Post Evacuate Collection Set: 0.7ms
[42.668s][info][gc,phases      ] GC(63)   Other: 0.2ms
[42.668s][info][gc,heap        ] GC(63) Eden regions: 39->0(39)
[42.668s][info][gc,heap        ] GC(63) Survivor regions: 1->1(5)
[42.668s][info][gc,heap        ] GC(63) Old regions: 2->2
[42.668s][info][gc,heap        ] GC(63) Archive regions: 0->0
[42.668s][info][gc,heap        ] GC(63) Humongous regions: 0->0
[42.668s][info][gc,metaspace   ] GC(63) Metaspace: 9836K(10176K)->9836K(10176K) NonClass: 8537K(8768K)->8537K(8768K) Class: 1299K(1408K)->1299K(1408K)
[42.669s][info][gc             ] GC(63) Pause Young (Normal) (G1 Evacuation Pause) 629M->5M(1088M) 3.483ms
[42.669s][info][gc,cpu         ] GC(63) User=0.41s Sys=0.00s Real=0.02s
[43.309s][info][gc,start       ] GC(64) Pause Full (System.gc())
[43.309s][info][gc,task        ] GC(64) Using 6 workers of 33 for full compaction
[43.310s][info][gc,phases,start] GC(64) Phase 1: Mark live objects
[43.315s][info][gc,phases      ] GC(64) Phase 1: Mark live objects 5.398ms
[43.315s][info][gc,phases,start] GC(64) Phase 2: Prepare compaction
[43.318s][info][gc,phases      ] GC(64) Phase 2: Prepare compaction 3.462ms
[43.319s][info][gc,phases,start] GC(64) Phase 3: Adjust pointers
[43.324s][info][gc,phases      ] GC(64) Phase 3: Adjust pointers 5.165ms
[43.324s][info][gc,phases,start] GC(64) Phase 4: Compact heap
[43.326s][info][gc,phases      ] GC(64) Phase 4: Compact heap 2.576ms
[43.335s][info][gc,heap        ] GC(64) Eden regions: 10->0(6)
[43.335s][info][gc,heap        ] GC(64) Survivor regions: 1->0(5)
[43.335s][info][gc,heap        ] GC(64) Old regions: 2->3
[43.335s][info][gc,heap        ] GC(64) Archive regions: 0->0
[43.335s][info][gc,heap        ] GC(64) Humongous regions: 0->0
[43.335s][info][gc,metaspace   ] GC(64) Metaspace: 9837K(10176K)->9837K(10176K) NonClass: 8537K(8768K)->8537K(8768K) Class: 1299K(1408K)->1299K(1408K)
[43.336s][info][gc             ] GC(64) Pause Full (System.gc()) 156M->3M(160M) 26.491ms
[43.336s][info][gc,cpu         ] GC(64) User=0.03s Sys=0.02s Real=0.03s
[43.719s][info][gc,start       ] GC(65) Pause Young (Normal) (G1 Evacuation Pause)
[43.719s][info][gc,task        ] GC(65) Using 4 workers of 33 for evacuation
[43.721s][info][gc,phases      ] GC(65)   Pre Evacuate Collection Set: 0.1ms
[43.722s][info][gc,phases      ] GC(65)   Merge Heap Roots: 0.1ms
[43.722s][info][gc,phases      ] GC(65)   Evacuate Collection Set: 2.1ms
[43.722s][info][gc,phases      ] GC(65)   Post Evacuate Collection Set: 0.4ms
[43.722s][info][gc,phases      ] GC(65)   Other: 0.1ms
[43.722s][info][gc,heap        ] GC(65) Eden regions: 6->0(5)
[43.722s][info][gc,heap        ] GC(65) Survivor regions: 0->1(1)
[43.722s][info][gc,heap        ] GC(65) Old regions: 3->3
[43.722s][info][gc,heap        ] GC(65) Archive regions: 0->0
[43.722s][info][gc,heap        ] GC(65) Humongous regions: 0->0
[43.722s][info][gc,metaspace   ] GC(65) Metaspace: 9837K(10176K)->9837K(10176K) NonClass: 8538K(8768K)->8538K(8768K) Class: 1299K(1408K)->1299K(1408K)
[43.722s][info][gc             ] GC(65) Pause Young (Normal) (G1 Evacuation Pause) 99M->5M(160M) 3.356ms
[43.722s][info][gc,cpu         ] GC(65) User=0.00s Sys=0.00s Real=0.00s
[44.053s][info][gc,start       ] GC(66) Pause Young (Normal) (G1 Evacuation Pause)
[44.053s][info][gc,task        ] GC(66) Using 3 workers of 33 for evacuation
[44.056s][info][gc,phases      ] GC(66)   Pre Evacuate Collection Set: 0.1ms
[44.056s][info][gc,phases      ] GC(66)   Merge Heap Roots: 0.2ms
[44.056s][info][gc,phases      ] GC(66)   Evacuate Collection Set: 2.5ms
[44.056s][info][gc,phases      ] GC(66)   Post Evacuate Collection Set: 0.2ms
[44.056s][info][gc,phases      ] GC(66)   Other: 0.1ms
[44.056s][info][gc,heap        ] GC(66) Eden regions: 5->0(5)
[44.056s][info][gc,heap        ] GC(66) Survivor regions: 1->1(1)
[44.056s][info][gc,heap        ] GC(66) Old regions: 3->3
[44.056s][info][gc,heap        ] GC(66) Archive regions: 0->0
[44.056s][info][gc,heap        ] GC(66) Humongous regions: 0->0
[44.056s][info][gc,metaspace   ] GC(66) Metaspace: 9837K(10176K)->9837K(10176K) NonClass: 8538K(8768K)->8538K(8768K) Class: 1299K(1408K)->1299K(1408K)
[44.056s][info][gc             ] GC(66) Pause Young (Normal) (G1 Evacuation Pause) 85M->5M(160M) 3.617ms
[44.056s][info][gc,cpu         ] GC(66) User=0.00s Sys=0.00s Real=0.00s
[44.393s][info][gc,start       ] GC(67) Pause Young (Normal) (G1 Evacuation Pause)
[44.393s][info][gc,task        ] GC(67) Using 3 workers of 33 for evacuation
[44.397s][info][gc,phases      ] GC(67)   Pre Evacuate Collection Set: 0.1ms
[44.397s][info][gc,phases      ] GC(67)   Merge Heap Roots: 0.2ms
[44.397s][info][gc,phases      ] GC(67)   Evacuate Collection Set: 2.5ms
[44.397s][info][gc,phases      ] GC(67)   Post Evacuate Collection Set: 0.4ms
[44.397s][info][gc,phases      ] GC(67)   Other: 0.1ms
[44.397s][info][gc,heap        ] GC(67) Eden regions: 5->0(5)
[44.397s][info][gc,heap        ] GC(67) Survivor regions: 1->1(1)
[44.397s][info][gc,heap        ] GC(67) Old regions: 3->3
[44.397s][info][gc,heap        ] GC(67) Archive regions: 0->0
[44.397s][info][gc,heap        ] GC(67) Humongous regions: 0->0
[44.397s][info][gc,metaspace   ] GC(67) Metaspace: 9837K(10176K)->9837K(10176K) NonClass: 8538K(8768K)->8538K(8768K) Class: 1299K(1408K)->1299K(1408K)
[44.397s][info][gc             ] GC(67) Pause Young (Normal) (G1 Evacuation Pause) 85M->5M(160M) 3.727ms
[44.397s][info][gc,cpu         ] GC(67) User=0.00s Sys=0.00s Real=0.00s
[44.736s][info][gc,start       ] GC(68) Pause Young (Normal) (G1 Evacuation Pause)
[44.736s][info][gc,task        ] GC(68) Using 3 workers of 33 for evacuation
[44.739s][info][gc,phases      ] GC(68)   Pre Evacuate Collection Set: 0.1ms
[44.739s][info][gc,phases      ] GC(68)   Merge Heap Roots: 0.2ms
[44.739s][info][gc,phases      ] GC(68)   Evacuate Collection Set: 2.4ms
[44.739s][info][gc,phases      ] GC(68)   Post Evacuate Collection Set: 0.4ms
[44.740s][info][gc,phases      ] GC(68)   Other: 0.1ms
[44.740s][info][gc,heap        ] GC(68) Eden regions: 5->0(5)
[44.740s][info][gc,heap        ] GC(68) Survivor regions: 1->1(1)
[44.740s][info][gc,heap        ] GC(68) Old regions: 3->3
[44.740s][info][gc,heap        ] GC(68) Archive regions: 0->0
[44.740s][info][gc,heap        ] GC(68) Humongous regions: 0->0
[44.740s][info][gc,metaspace   ] GC(68) Metaspace: 9837K(10176K)->9837K(10176K) NonClass: 8538K(8768K)->8538K(8768K) Class: 1299K(1408K)->1299K(1408K)
[44.740s][info][gc             ] GC(68) Pause Young (Normal) (G1 Evacuation Pause) 85M->5M(160M) 3.694ms
[44.740s][info][gc,cpu         ] GC(68) User=0.00s Sys=0.00s Real=0.00s
[45.074s][info][gc,start       ] GC(69) Pause Young (Normal) (G1 Evacuation Pause)
[45.075s][info][gc,task        ] GC(69) Using 3 workers of 33 for evacuation
[45.078s][info][gc,phases      ] GC(69)   Pre Evacuate Collection Set: 0.1ms
[45.078s][info][gc,phases      ] GC(69)   Merge Heap Roots: 0.2ms
[45.078s][info][gc,phases      ] GC(69)   Evacuate Collection Set: 2.5ms
[45.078s][info][gc,phases      ] GC(69)   Post Evacuate Collection Set: 0.2ms
[45.078s][info][gc,phases      ] GC(69)   Other: 0.1ms
[45.078s][info][gc,heap        ] GC(69) Eden regions: 5->0(5)
[45.078s][info][gc,heap        ] GC(69) Survivor regions: 1->1(1)
[45.078s][info][gc,heap        ] GC(69) Old regions: 3->3
[45.078s][info][gc,heap        ] GC(69) Archive regions: 0->0
[45.078s][info][gc,heap        ] GC(69) Humongous regions: 0->0
[45.078s][info][gc,metaspace   ] GC(69) Metaspace: 9837K(10176K)->9837K(10176K) NonClass: 8538K(8768K)->8538K(8768K) Class: 1299K(1408K)->1299K(1408K)
[45.078s][info][gc             ] GC(69) Pause Young (Normal) (G1 Evacuation Pause) 85M->5M(160M) 3.637ms
[45.078s][info][gc,cpu         ] GC(69) User=0.00s Sys=0.00s Real=0.00s
[45.428s][info][gc,start       ] GC(70) Pause Young (Normal) (G1 Evacuation Pause)
[45.429s][info][gc,task        ] GC(70) Using 3 workers of 33 for evacuation
[45.432s][info][gc,phases      ] GC(70)   Pre Evacuate Collection Set: 0.1ms
[45.432s][info][gc,phases      ] GC(70)   Merge Heap Roots: 0.2ms
[45.432s][info][gc,phases      ] GC(70)   Evacuate Collection Set: 2.6ms
[45.432s][info][gc,phases      ] GC(70)   Post Evacuate Collection Set: 0.2ms
[45.432s][info][gc,phases      ] GC(70)   Other: 0.1ms
[45.432s][info][gc,heap        ] GC(70) Eden regions: 5->0(5)
[45.432s][info][gc,heap        ] GC(70) Survivor regions: 1->1(1)
[45.432s][info][gc,heap        ] GC(70) Old regions: 3->3
[45.432s][info][gc,heap        ] GC(70) Archive regions: 0->0
[45.432s][info][gc,heap        ] GC(70) Humongous regions: 0->0
[45.432s][info][gc,metaspace   ] GC(70) Metaspace: 9837K(10176K)->9837K(10176K) NonClass: 8538K(8768K)->8538K(8768K) Class: 1299K(1408K)->1299K(1408K)
[45.432s][info][gc             ] GC(70) Pause Young (Normal) (G1 Evacuation Pause) 85M->5M(160M) 3.697ms
[45.432s][info][gc,cpu         ] GC(70) User=0.00s Sys=0.00s Real=0.00s
[45.777s][info][gc,start       ] GC(71) Pause Young (Normal) (G1 Evacuation Pause)
[45.777s][info][gc,task        ] GC(71) Using 3 workers of 33 for evacuation
[45.780s][info][gc,phases      ] GC(71)   Pre Evacuate Collection Set: 0.1ms
[45.780s][info][gc,phases      ] GC(71)   Merge Heap Roots: 0.2ms
[45.780s][info][gc,phases      ] GC(71)   Evacuate Collection Set: 2.4ms
[45.780s][info][gc,phases      ] GC(71)   Post Evacuate Collection Set: 0.3ms
[45.780s][info][gc,phases      ] GC(71)   Other: 0.1ms
[45.780s][info][gc,heap        ] GC(71) Eden regions: 5->0(5)
[45.780s][info][gc,heap        ] GC(71) Survivor regions: 1->1(1)
[45.780s][info][gc,heap        ] GC(71) Old regions: 3->3
[45.780s][info][gc,heap        ] GC(71) Archive regions: 0->0
[45.780s][info][gc,heap        ] GC(71) Humongous regions: 0->0
[45.780s][info][gc,metaspace   ] GC(71) Metaspace: 9837K(10176K)->9837K(10176K) NonClass: 8538K(8768K)->8538K(8768K) Class: 1299K(1408K)->1299K(1408K)
[45.780s][info][gc             ] GC(71) Pause Young (Normal) (G1 Evacuation Pause) 85M->5M(160M) 3.551ms
[45.780s][info][gc,cpu         ] GC(71) User=0.00s Sys=0.00s Real=0.00s
[46.123s][info][gc,start       ] GC(72) Pause Young (Normal) (G1 Evacuation Pause)
[46.123s][info][gc,task        ] GC(72) Using 3 workers of 33 for evacuation
[46.126s][info][gc,phases      ] GC(72)   Pre Evacuate Collection Set: 0.1ms
[46.126s][info][gc,phases      ] GC(72)   Merge Heap Roots: 0.2ms
[46.126s][info][gc,phases      ] GC(72)   Evacuate Collection Set: 2.3ms
[46.126s][info][gc,phases      ] GC(72)   Post Evacuate Collection Set: 0.4ms
[46.126s][info][gc,phases      ] GC(72)   Other: 0.1ms
[46.126s][info][gc,heap        ] GC(72) Eden regions: 5->0(5)
[46.126s][info][gc,heap        ] GC(72) Survivor regions: 1->1(1)
[46.127s][info][gc,heap        ] GC(72) Old regions: 3->3
[46.127s][info][gc,heap        ] GC(72) Archive regions: 0->0
[46.127s][info][gc,heap        ] GC(72) Humongous regions: 0->0
[46.127s][info][gc,metaspace   ] GC(72) Metaspace: 9837K(10176K)->9837K(10176K) NonClass: 8538K(8768K)->8538K(8768K) Class: 1299K(1408K)->1299K(1408K)
[46.127s][info][gc             ] GC(72) Pause Young (Normal) (G1 Evacuation Pause) 85M->5M(160M) 3.622ms
[46.127s][info][gc,cpu         ] GC(72) User=0.00s Sys=0.00s Real=0.00s
[46.472s][info][gc,start       ] GC(73) Pause Young (Normal) (G1 Evacuation Pause)
[46.472s][info][gc,task        ] GC(73) Using 3 workers of 33 for evacuation
[46.476s][info][gc,phases      ] GC(73)   Pre Evacuate Collection Set: 0.1ms
[46.476s][info][gc,phases      ] GC(73)   Merge Heap Roots: 0.2ms
[46.476s][info][gc,phases      ] GC(73)   Evacuate Collection Set: 2.4ms
[46.476s][info][gc,phases      ] GC(73)   Post Evacuate Collection Set: 0.4ms
[46.476s][info][gc,phases      ] GC(73)   Other: 0.1ms
[46.476s][info][gc,heap        ] GC(73) Eden regions: 5->0(5)
[46.476s][info][gc,heap        ] GC(73) Survivor regions: 1->1(1)
[46.476s][info][gc,heap        ] GC(73) Old regions: 3->3
[46.476s][info][gc,heap        ] GC(73) Archive regions: 0->0
[46.476s][info][gc,heap        ] GC(73) Humongous regions: 0->0
[46.476s][info][gc,metaspace   ] GC(73) Metaspace: 9837K(10176K)->9837K(10176K) NonClass: 8538K(8768K)->8538K(8768K) Class: 1299K(1408K)->1299K(1408K)
[46.476s][info][gc             ] GC(73) Pause Young (Normal) (G1 Evacuation Pause) 85M->5M(160M) 3.714ms
[46.476s][info][gc,cpu         ] GC(73) User=0.00s Sys=0.00s Real=0.00s
[46.815s][info][gc,start       ] GC(74) Pause Young (Normal) (G1 Evacuation Pause)
[46.815s][info][gc,task        ] GC(74) Using 3 workers of 33 for evacuation
[46.818s][info][gc,phases      ] GC(74)   Pre Evacuate Collection Set: 0.1ms
[46.818s][info][gc,phases      ] GC(74)   Merge Heap Roots: 0.2ms
[46.818s][info][gc,phases      ] GC(74)   Evacuate Collection Set: 2.3ms
[46.818s][info][gc,phases      ] GC(74)   Post Evacuate Collection Set: 0.4ms
[46.818s][info][gc,phases      ] GC(74)   Other: 0.1ms
[46.818s][info][gc,heap        ] GC(74) Eden regions: 5->0(5)
[46.818s][info][gc,heap        ] GC(74) Survivor regions: 1->1(1)
[46.818s][info][gc,heap        ] GC(74) Old regions: 3->3
[46.818s][info][gc,heap        ] GC(74) Archive regions: 0->0
[46.818s][info][gc,heap        ] GC(74) Humongous regions: 0->0
[46.818s][info][gc,metaspace   ] GC(74) Metaspace: 9837K(10176K)->9837K(10176K) NonClass: 8538K(8768K)->8538K(8768K) Class: 1299K(1408K)->1299K(1408K)
[46.819s][info][gc             ] GC(74) Pause Young (Normal) (G1 Evacuation Pause) 85M->5M(160M) 3.612ms
[46.819s][info][gc,cpu         ] GC(74) User=0.00s Sys=0.00s Real=0.00s
[47.151s][info][gc,start       ] GC(75) Pause Young (Normal) (G1 Evacuation Pause)
[47.152s][info][gc,task        ] GC(75) Using 3 workers of 33 for evacuation
[47.155s][info][gc,phases      ] GC(75)   Pre Evacuate Collection Set: 0.1ms
[47.155s][info][gc,phases      ] GC(75)   Merge Heap Roots: 0.2ms
[47.155s][info][gc,phases      ] GC(75)   Evacuate Collection Set: 2.2ms
[47.155s][info][gc,phases      ] GC(75)   Post Evacuate Collection Set: 0.4ms
[47.155s][info][gc,phases      ] GC(75)   Other: 0.1ms
[47.155s][info][gc,heap        ] GC(75) Eden regions: 5->0(5)
[47.155s][info][gc,heap        ] GC(75) Survivor regions: 1->1(1)
[47.155s][info][gc,heap        ] GC(75) Old regions: 3->3
[47.155s][info][gc,heap        ] GC(75) Archive regions: 0->0
[47.155s][info][gc,heap        ] GC(75) Humongous regions: 0->0
[47.155s][info][gc,metaspace   ] GC(75) Metaspace: 9837K(10176K)->9837K(10176K) NonClass: 8538K(8768K)->8538K(8768K) Class: 1299K(1408K)->1299K(1408K)
[47.155s][info][gc             ] GC(75) Pause Young (Normal) (G1 Evacuation Pause) 85M->5M(160M) 3.544ms
[47.155s][info][gc,cpu         ] GC(75) User=0.00s Sys=0.00s Real=0.00s
[47.490s][info][gc,start       ] GC(76) Pause Young (Normal) (G1 Evacuation Pause)
[47.490s][info][gc,task        ] GC(76) Using 3 workers of 33 for evacuation
[47.493s][info][gc,phases      ] GC(76)   Pre Evacuate Collection Set: 0.1ms
[47.493s][info][gc,phases      ] GC(76)   Merge Heap Roots: 0.2ms
[47.493s][info][gc,phases      ] GC(76)   Evacuate Collection Set: 2.3ms
[47.493s][info][gc,phases      ] GC(76)   Post Evacuate Collection Set: 0.3ms
[47.493s][info][gc,phases      ] GC(76)   Other: 0.1ms
[47.493s][info][gc,heap        ] GC(76) Eden regions: 5->0(5)
[47.493s][info][gc,heap        ] GC(76) Survivor regions: 1->1(1)
[47.493s][info][gc,heap        ] GC(76) Old regions: 3->3
[47.493s][info][gc,heap        ] GC(76) Archive regions: 0->0
[47.493s][info][gc,heap        ] GC(76) Humongous regions: 0->0
[47.493s][info][gc,metaspace   ] GC(76) Metaspace: 9837K(10176K)->9837K(10176K) NonClass: 8538K(8768K)->8538K(8768K) Class: 1299K(1408K)->1299K(1408K)
[47.493s][info][gc             ] GC(76) Pause Young (Normal) (G1 Evacuation Pause) 85M->5M(160M) 3.436ms
[47.493s][info][gc,cpu         ] GC(76) User=0.00s Sys=0.00s Real=0.00s
[47.835s][info][gc,start       ] GC(77) Pause Young (Normal) (G1 Evacuation Pause)
[47.835s][info][gc,task        ] GC(77) Using 3 workers of 33 for evacuation
[47.838s][info][gc,phases      ] GC(77)   Pre Evacuate Collection Set: 0.1ms
[47.838s][info][gc,phases      ] GC(77)   Merge Heap Roots: 0.2ms
[47.838s][info][gc,phases      ] GC(77)   Evacuate Collection Set: 2.3ms
[47.838s][info][gc,phases      ] GC(77)   Post Evacuate Collection Set: 0.4ms
[47.838s][info][gc,phases      ] GC(77)   Other: 0.1ms
[47.838s][info][gc,heap        ] GC(77) Eden regions: 5->0(5)
[47.838s][info][gc,heap        ] GC(77) Survivor regions: 1->1(1)
[47.838s][info][gc,heap        ] GC(77) Old regions: 3->3
[47.838s][info][gc,heap        ] GC(77) Archive regions: 0->0
[47.839s][info][gc,heap        ] GC(77) Humongous regions: 0->0
[47.839s][info][gc,metaspace   ] GC(77) Metaspace: 9837K(10176K)->9837K(10176K) NonClass: 8538K(8768K)->8538K(8768K) Class: 1299K(1408K)->1299K(1408K)
[47.839s][info][gc             ] GC(77) Pause Young (Normal) (G1 Evacuation Pause) 85M->5M(160M) 3.542ms
[47.839s][info][gc,cpu         ] GC(77) User=0.05s Sys=0.00s Real=0.01s
[48.184s][info][gc,start       ] GC(78) Pause Young (Normal) (G1 Evacuation Pause)
[48.184s][info][gc,task        ] GC(78) Using 3 workers of 33 for evacuation
[48.187s][info][gc,phases      ] GC(78)   Pre Evacuate Collection Set: 0.1ms
[48.187s][info][gc,phases      ] GC(78)   Merge Heap Roots: 0.2ms
[48.187s][info][gc,phases      ] GC(78)   Evacuate Collection Set: 2.3ms
[48.187s][info][gc,phases      ] GC(78)   Post Evacuate Collection Set: 0.2ms
[48.187s][info][gc,phases      ] GC(78)   Other: 0.1ms
[48.187s][info][gc,heap        ] GC(78) Eden regions: 5->0(5)
[48.187s][info][gc,heap        ] GC(78) Survivor regions: 1->1(1)
[48.187s][info][gc,heap        ] GC(78) Old regions: 3->3
[48.187s][info][gc,heap        ] GC(78) Archive regions: 0->0
[48.187s][info][gc,heap        ] GC(78) Humongous regions: 0->0
[48.187s][info][gc,metaspace   ] GC(78) Metaspace: 9837K(10176K)->9837K(10176K) NonClass: 8538K(8768K)->8538K(8768K) Class: 1299K(1408K)->1299K(1408K)
[48.187s][info][gc             ] GC(78) Pause Young (Normal) (G1 Evacuation Pause) 85M->5M(160M) 3.398ms
[48.187s][info][gc,cpu         ] GC(78) User=0.00s Sys=0.00s Real=0.00s
[48.532s][info][gc,start       ] GC(79) Pause Young (Normal) (G1 Evacuation Pause)
[48.532s][info][gc,task        ] GC(79) Using 3 workers of 33 for evacuation
[48.535s][info][gc,phases      ] GC(79)   Pre Evacuate Collection Set: 0.1ms
[48.535s][info][gc,phases      ] GC(79)   Merge Heap Roots: 0.2ms
[48.535s][info][gc,phases      ] GC(79)   Evacuate Collection Set: 2.5ms
[48.535s][info][gc,phases      ] GC(79)   Post Evacuate Collection Set: 0.2ms
[48.535s][info][gc,phases      ] GC(79)   Other: 0.1ms
[48.535s][info][gc,heap        ] GC(79) Eden regions: 5->0(5)
[48.535s][info][gc,heap        ] GC(79) Survivor regions: 1->1(1)
[48.535s][info][gc,heap        ] GC(79) Old regions: 3->3
[48.535s][info][gc,heap        ] GC(79) Archive regions: 0->0
[48.535s][info][gc,heap        ] GC(79) Humongous regions: 0->0
[48.535s][info][gc,metaspace   ] GC(79) Metaspace: 9837K(10176K)->9837K(10176K) NonClass: 8538K(8768K)->8538K(8768K) Class: 1299K(1408K)->1299K(1408K)
[48.535s][info][gc             ] GC(79) Pause Young (Normal) (G1 Evacuation Pause) 85M->5M(160M) 3.579ms
[48.535s][info][gc,cpu         ] GC(79) User=0.00s Sys=0.00s Real=0.00s
[48.874s][info][gc,start       ] GC(80) Pause Young (Normal) (G1 Evacuation Pause)
[48.874s][info][gc,task        ] GC(80) Using 3 workers of 33 for evacuation
[48.878s][info][gc,phases      ] GC(80)   Pre Evacuate Collection Set: 0.1ms
[48.878s][info][gc,phases      ] GC(80)   Merge Heap Roots: 0.2ms
[48.878s][info][gc,phases      ] GC(80)   Evacuate Collection Set: 3.0ms
[48.878s][info][gc,phases      ] GC(80)   Post Evacuate Collection Set: 0.2ms
[48.878s][info][gc,phases      ] GC(80)   Other: 0.1ms
[48.878s][info][gc,heap        ] GC(80) Eden regions: 5->0(4)
[48.878s][info][gc,heap        ] GC(80) Survivor regions: 1->1(1)
[48.878s][info][gc,heap        ] GC(80) Old regions: 3->4
[48.878s][info][gc,heap        ] GC(80) Archive regions: 0->0
[48.878s][info][gc,heap        ] GC(80) Humongous regions: 0->0
[48.878s][info][gc,metaspace   ] GC(80) Metaspace: 9837K(10176K)->9837K(10176K) NonClass: 8538K(8768K)->8538K(8768K) Class: 1299K(1408K)->1299K(1408K)
[48.878s][info][gc             ] GC(80) Pause Young (Normal) (G1 Evacuation Pause) 85M->5M(176M) 4.088ms
[48.878s][info][gc,cpu         ] GC(80) User=0.00s Sys=0.00s Real=0.00s
[49.143s][info][gc,start       ] GC(81) Pause Young (Normal) (G1 Evacuation Pause)
[49.144s][info][gc,task        ] GC(81) Using 4 workers of 33 for evacuation
[49.146s][info][gc,phases      ] GC(81)   Pre Evacuate Collection Set: 0.1ms
[49.146s][info][gc,phases      ] GC(81)   Merge Heap Roots: 0.2ms
[49.146s][info][gc,phases      ] GC(81)   Evacuate Collection Set: 1.9ms
[49.146s][info][gc,phases      ] GC(81)   Post Evacuate Collection Set: 0.2ms
[49.146s][info][gc,phases      ] GC(81)   Other: 0.1ms
[49.146s][info][gc,heap        ] GC(81) Eden regions: 4->0(4)
[49.146s][info][gc,heap        ] GC(81) Survivor regions: 1->1(1)
[49.146s][info][gc,heap        ] GC(81) Old regions: 4->4
[49.146s][info][gc,heap        ] GC(81) Archive regions: 0->0
[49.146s][info][gc,heap        ] GC(81) Humongous regions: 0->0
[49.146s][info][gc,metaspace   ] GC(81) Metaspace: 9837K(10176K)->9837K(10176K) NonClass: 8538K(8768K)->8538K(8768K) Class: 1299K(1408K)->1299K(1408K)
[49.146s][info][gc             ] GC(81) Pause Young (Normal) (G1 Evacuation Pause) 69M->5M(176M) 3.052ms
[49.147s][info][gc,cpu         ] GC(81) User=0.00s Sys=0.00s Real=0.00s
[49.422s][info][gc,start       ] GC(82) Pause Young (Normal) (G1 Evacuation Pause)
[49.422s][info][gc,task        ] GC(82) Using 4 workers of 33 for evacuation
[49.424s][info][gc,phases      ] GC(82)   Pre Evacuate Collection Set: 0.1ms
[49.424s][info][gc,phases      ] GC(82)   Merge Heap Roots: 0.2ms
[49.424s][info][gc,phases      ] GC(82)   Evacuate Collection Set: 1.7ms
[49.424s][info][gc,phases      ] GC(82)   Post Evacuate Collection Set: 0.2ms
[49.424s][info][gc,phases      ] GC(82)   Other: 0.1ms
[49.424s][info][gc,heap        ] GC(82) Eden regions: 4->0(4)
[49.424s][info][gc,heap        ] GC(82) Survivor regions: 1->1(1)
[49.424s][info][gc,heap        ] GC(82) Old regions: 4->4
[49.424s][info][gc,heap        ] GC(82) Archive regions: 0->0
[49.424s][info][gc,heap        ] GC(82) Humongous regions: 0->0
[49.424s][info][gc,metaspace   ] GC(82) Metaspace: 9837K(10176K)->9837K(10176K) NonClass: 8538K(8768K)->8538K(8768K) Class: 1299K(1408K)->1299K(1408K)
[49.424s][info][gc             ] GC(82) Pause Young (Normal) (G1 Evacuation Pause) 69M->5M(176M) 2.789ms
[49.424s][info][gc,cpu         ] GC(82) User=0.00s Sys=0.00s Real=0.00s
[49.692s][info][gc,start       ] GC(83) Pause Young (Normal) (G1 Evacuation Pause)
[49.692s][info][gc,task        ] GC(83) Using 4 workers of 33 for evacuation
[49.695s][info][gc,phases      ] GC(83)   Pre Evacuate Collection Set: 0.1ms
[49.695s][info][gc,phases      ] GC(83)   Merge Heap Roots: 0.2ms
[49.695s][info][gc,phases      ] GC(83)   Evacuate Collection Set: 1.7ms
[49.695s][info][gc,phases      ] GC(83)   Post Evacuate Collection Set: 0.2ms
[49.695s][info][gc,phases      ] GC(83)   Other: 0.1ms
[49.695s][info][gc,heap        ] GC(83) Eden regions: 4->0(4)
[49.695s][info][gc,heap        ] GC(83) Survivor regions: 1->1(1)
[49.695s][info][gc,heap        ] GC(83) Old regions: 4->4
[49.695s][info][gc,heap        ] GC(83) Archive regions: 0->0
[49.695s][info][gc,heap        ] GC(83) Humongous regions: 0->0
[49.695s][info][gc,metaspace   ] GC(83) Metaspace: 9837K(10176K)->9837K(10176K) NonClass: 8538K(8768K)->8538K(8768K) Class: 1299K(1408K)->1299K(1408K)
[49.695s][info][gc             ] GC(83) Pause Young (Normal) (G1 Evacuation Pause) 69M->5M(176M) 2.829ms
[49.695s][info][gc,cpu         ] GC(83) User=0.00s Sys=0.00s Real=0.00s
[49.969s][info][gc,start       ] GC(84) Pause Young (Normal) (G1 Evacuation Pause)
[49.969s][info][gc,task        ] GC(84) Using 4 workers of 33 for evacuation
[49.972s][info][gc,phases      ] GC(84)   Pre Evacuate Collection Set: 0.1ms
[49.972s][info][gc,phases      ] GC(84)   Merge Heap Roots: 0.1ms
[49.972s][info][gc,phases      ] GC(84)   Evacuate Collection Set: 1.7ms
[49.972s][info][gc,phases      ] GC(84)   Post Evacuate Collection Set: 0.2ms
[49.972s][info][gc,phases      ] GC(84)   Other: 0.1ms
[49.972s][info][gc,heap        ] GC(84) Eden regions: 4->0(4)
[49.972s][info][gc,heap        ] GC(84) Survivor regions: 1->1(1)
[49.972s][info][gc,heap        ] GC(84) Old regions: 4->4
[49.972s][info][gc,heap        ] GC(84) Archive regions: 0->0
[49.972s][info][gc,heap        ] GC(84) Humongous regions: 0->0
[49.972s][info][gc,metaspace   ] GC(84) Metaspace: 9837K(10176K)->9837K(10176K) NonClass: 8538K(8768K)->8538K(8768K) Class: 1299K(1408K)->1299K(1408K)
[49.972s][info][gc             ] GC(84) Pause Young (Normal) (G1 Evacuation Pause) 69M->5M(176M) 2.743ms
[49.972s][info][gc,cpu         ] GC(84) User=0.00s Sys=0.00s Real=0.00s
[50.226s][info][gc,start       ] GC(85) Pause Full (System.gc())
[50.226s][info][gc,task        ] GC(85) Using 1 workers of 33 for full compaction
[50.226s][info][gc,phases,start] GC(85) Phase 1: Mark live objects
[50.246s][info][gc,phases      ] GC(85) Phase 1: Mark live objects 19.465ms
[50.246s][info][gc,phases,start] GC(85) Phase 2: Prepare compaction
[50.249s][info][gc,phases      ] GC(85) Phase 2: Prepare compaction 3.300ms
[50.249s][info][gc,phases,start] GC(85) Phase 3: Adjust pointers
[50.259s][info][gc,phases      ] GC(85) Phase 3: Adjust pointers 9.235ms
[50.259s][info][gc,phases,start] GC(85) Phase 4: Compact heap
[50.261s][info][gc,phases      ] GC(85) Phase 4: Compact heap 2.614ms
[50.264s][info][gc,heap        ] GC(85) Eden regions: 4->0(2)
[50.264s][info][gc,heap        ] GC(85) Survivor regions: 1->0(1)
[50.264s][info][gc,heap        ] GC(85) Old regions: 4->1
[50.264s][info][gc,heap        ] GC(85) Archive regions: 0->0
[50.264s][info][gc,heap        ] GC(85) Humongous regions: 0->0
[50.264s][info][gc,metaspace   ] GC(85) Metaspace: 9839K(10176K)->9839K(10176K) NonClass: 8540K(8768K)->8540K(8768K) Class: 1299K(1408K)->1299K(1408K)
[50.264s][info][gc             ] GC(85) Pause Full (System.gc()) 64M->3M(64M) 37.759ms
[50.264s][info][gc,cpu         ] GC(85) User=0.03s Sys=0.00s Real=0.04s
[50.393s][info][gc,start       ] GC(86) Pause Young (Normal) (G1 Evacuation Pause)
[50.393s][info][gc,task        ] GC(86) Using 2 workers of 33 for evacuation
[50.397s][info][gc,phases      ] GC(86)   Pre Evacuate Collection Set: 0.1ms
[50.397s][info][gc,phases      ] GC(86)   Merge Heap Roots: 0.1ms
[50.397s][info][gc,phases      ] GC(86)   Evacuate Collection Set: 3.5ms
[50.397s][info][gc,phases      ] GC(86)   Post Evacuate Collection Set: 0.2ms
[50.397s][info][gc,phases      ] GC(86)   Other: 0.1ms
[50.397s][info][gc,heap        ] GC(86) Eden regions: 2->0(1)
[50.397s][info][gc,heap        ] GC(86) Survivor regions: 0->1(1)
[50.397s][info][gc,heap        ] GC(86) Old regions: 1->1
[50.397s][info][gc,heap        ] GC(86) Archive regions: 0->0
[50.397s][info][gc,heap        ] GC(86) Humongous regions: 0->0
[50.397s][info][gc,metaspace   ] GC(86) Metaspace: 9839K(10176K)->9839K(10176K) NonClass: 8540K(8768K)->8540K(8768K) Class: 1299K(1408K)->1299K(1408K)
[50.397s][info][gc             ] GC(86) Pause Young (Normal) (G1 Evacuation Pause) 35M->5M(64M) 4.463ms
[50.397s][info][gc,cpu         ] GC(86) User=0.03s Sys=0.00s Real=0.00s
[50.461s][info][gc,start       ] GC(87) Pause Young (Normal) (G1 Evacuation Pause)
[50.461s][info][gc,task        ] GC(87) Using 2 workers of 33 for evacuation
[50.465s][info][gc,phases      ] GC(87)   Pre Evacuate Collection Set: 0.1ms
[50.465s][info][gc,phases      ] GC(87)   Merge Heap Roots: 0.1ms
[50.465s][info][gc,phases      ] GC(87)   Evacuate Collection Set: 3.5ms
[50.465s][info][gc,phases      ] GC(87)   Post Evacuate Collection Set: 0.2ms
[50.465s][info][gc,phases      ] GC(87)   Other: 0.1ms
[50.465s][info][gc,heap        ] GC(87) Eden regions: 1->0(1)
[50.465s][info][gc,heap        ] GC(87) Survivor regions: 1->1(1)
[50.465s][info][gc,heap        ] GC(87) Old regions: 1->1
[50.465s][info][gc,heap        ] GC(87) Archive regions: 0->0
[50.465s][info][gc,heap        ] GC(87) Humongous regions: 0->0
[50.465s][info][gc,metaspace   ] GC(87) Metaspace: 9839K(10176K)->9839K(10176K) NonClass: 8540K(8768K)->8540K(8768K) Class: 1299K(1408K)->1299K(1408K)
[50.465s][info][gc             ] GC(87) Pause Young (Normal) (G1 Evacuation Pause) 21M->5M(64M) 4.449ms
[50.465s][info][gc,cpu         ] GC(87) User=0.00s Sys=0.00s Real=0.00s
[50.529s][info][gc,start       ] GC(88) Pause Young (Normal) (G1 Evacuation Pause)
[50.530s][info][gc,task        ] GC(88) Using 2 workers of 33 for evacuation
[50.540s][info][gc,phases      ] GC(88)   Pre Evacuate Collection Set: 0.1ms
[50.540s][info][gc,phases      ] GC(88)   Merge Heap Roots: 0.1ms
[50.540s][info][gc,phases      ] GC(88)   Evacuate Collection Set: 3.3ms
[50.540s][info][gc,phases      ] GC(88)   Post Evacuate Collection Set: 7.1ms
[50.540s][info][gc,phases      ] GC(88)   Other: 0.1ms
[50.540s][info][gc,heap        ] GC(88) Eden regions: 1->0(38)
[50.540s][info][gc,heap        ] GC(88) Survivor regions: 1->1(1)
[50.540s][info][gc,heap        ] GC(88) Old regions: 1->1
[50.540s][info][gc,heap        ] GC(88) Archive regions: 0->0
[50.540s][info][gc,heap        ] GC(88) Humongous regions: 0->0
[50.540s][info][gc,metaspace   ] GC(88) Metaspace: 9839K(10176K)->9839K(10176K) NonClass: 8540K(8768K)->8540K(8768K) Class: 1299K(1408K)->1299K(1408K)
[50.541s][info][gc             ] GC(88) Pause Young (Normal) (G1 Evacuation Pause) 21M->5M(1056M) 11.135ms
[50.541s][info][gc,cpu         ] GC(88) User=0.00s Sys=0.02s Real=0.02s
[53.261s][info][gc,start       ] GC(89) Pause Young (Normal) (G1 Evacuation Pause)
[53.261s][info][gc,task        ] GC(89) Using 25 workers of 33 for evacuation
[53.263s][info][gc,phases      ] GC(89)   Pre Evacuate Collection Set: 0.1ms
[53.263s][info][gc,phases      ] GC(89)   Merge Heap Roots: 0.2ms
[53.264s][info][gc,phases      ] GC(89)   Evacuate Collection Set: 1.4ms
[53.264s][info][gc,phases      ] GC(89)   Post Evacuate Collection Set: 0.5ms
[53.264s][info][gc,phases      ] GC(89)   Other: 0.1ms
[53.264s][info][gc,heap        ] GC(89) Eden regions: 38->0(38)
[53.264s][info][gc,heap        ] GC(89) Survivor regions: 1->1(5)
[53.264s][info][gc,heap        ] GC(89) Old regions: 1->1
[53.264s][info][gc,heap        ] GC(89) Archive regions: 0->0
[53.264s][info][gc,heap        ] GC(89) Humongous regions: 0->0
[53.264s][info][gc,metaspace   ] GC(89) Metaspace: 9839K(10176K)->9839K(10176K) NonClass: 8540K(8768K)->8540K(8768K) Class: 1299K(1408K)->1299K(1408K)
[53.264s][info][gc             ] GC(89) Pause Young (Normal) (G1 Evacuation Pause) 613M->5M(1056M) 2.884ms
[53.264s][info][gc,cpu         ] GC(89) User=0.00s Sys=0.00s Real=0.00s
[55.828s][info][gc,start       ] GC(90) Pause Young (Normal) (G1 Evacuation Pause)
[55.828s][info][gc,task        ] GC(90) Using 25 workers of 33 for evacuation
[55.830s][info][gc,phases      ] GC(90)   Pre Evacuate Collection Set: 0.1ms
[55.830s][info][gc,phases      ] GC(90)   Merge Heap Roots: 0.2ms
[55.830s][info][gc,phases      ] GC(90)   Evacuate Collection Set: 1.5ms
[55.830s][info][gc,phases      ] GC(90)   Post Evacuate Collection Set: 0.5ms
[55.831s][info][gc,phases      ] GC(90)   Other: 0.1ms
[55.831s][info][gc,heap        ] GC(90) Eden regions: 38->0(38)
[55.831s][info][gc,heap        ] GC(90) Survivor regions: 1->1(5)
[55.831s][info][gc,heap        ] GC(90) Old regions: 1->1
[55.831s][info][gc,heap        ] GC(90) Archive regions: 0->0
[55.831s][info][gc,heap        ] GC(90) Humongous regions: 0->0
[55.831s][info][gc,metaspace   ] GC(90) Metaspace: 9839K(10176K)->9839K(10176K) NonClass: 8540K(8768K)->8540K(8768K) Class: 1299K(1408K)->1299K(1408K)
[55.831s][info][gc             ] GC(90) Pause Young (Normal) (G1 Evacuation Pause) 613M->5M(1056M) 2.986ms
[55.831s][info][gc,cpu         ] GC(90) User=0.00s Sys=0.00s Real=0.00s
[57.192s][info][gc,start       ] GC(91) Pause Full (System.gc())
[57.193s][info][gc,task        ] GC(91) Using 6 workers of 33 for full compaction
[57.193s][info][gc,phases,start] GC(91) Phase 1: Mark live objects
[57.198s][info][gc,phases      ] GC(91) Phase 1: Mark live objects 5.361ms
[57.198s][info][gc,phases,start] GC(91) Phase 2: Prepare compaction
[57.202s][info][gc,phases      ] GC(91) Phase 2: Prepare compaction 3.607ms
[57.202s][info][gc,phases,start] GC(91) Phase 3: Adjust pointers
[57.207s][info][gc,phases      ] GC(91) Phase 3: Adjust pointers 4.958ms
[57.207s][info][gc,phases,start] GC(91) Phase 4: Compact heap
[57.209s][info][gc,phases      ] GC(91) Phase 4: Compact heap 2.555ms
[57.216s][info][gc,heap        ] GC(91) Eden regions: 21->0(4)
[57.216s][info][gc,heap        ] GC(91) Survivor regions: 1->0(5)
[57.217s][info][gc,heap        ] GC(91) Old regions: 1->2
[57.217s][info][gc,heap        ] GC(91) Archive regions: 0->0
[57.217s][info][gc,heap        ] GC(91) Humongous regions: 0->0
[57.217s][info][gc,metaspace   ] GC(91) Metaspace: 9840K(10176K)->9840K(10176K) NonClass: 8540K(8768K)->8540K(8768K) Class: 1299K(1408K)->1299K(1408K)
[57.217s][info][gc             ] GC(91) Pause Full (System.gc()) 335M->3M(112M) 24.304ms
[57.217s][info][gc,cpu         ] GC(91) User=0.11s Sys=0.00s Real=0.03s
[57.480s][info][gc,start       ] GC(92) Pause Young (Normal) (G1 Evacuation Pause)
[57.480s][info][gc,task        ] GC(92) Using 4 workers of 33 for evacuation
[57.482s][info][gc,phases      ] GC(92)   Pre Evacuate Collection Set: 0.1ms
[57.482s][info][gc,phases      ] GC(92)   Merge Heap Roots: 0.1ms
[57.482s][info][gc,phases      ] GC(92)   Evacuate Collection Set: 1.6ms
[57.482s][info][gc,phases      ] GC(92)   Post Evacuate Collection Set: 0.2ms
[57.482s][info][gc,phases      ] GC(92)   Other: 0.1ms
[57.482s][info][gc,heap        ] GC(92) Eden regions: 4->0(3)
[57.482s][info][gc,heap        ] GC(92) Survivor regions: 0->1(1)
[57.482s][info][gc,heap        ] GC(92) Old regions: 2->2
[57.482s][info][gc,heap        ] GC(92) Archive regions: 0->0
[57.482s][info][gc,heap        ] GC(92) Humongous regions: 0->0
[57.482s][info][gc,metaspace   ] GC(92) Metaspace: 9843K(10176K)->9843K(10176K) NonClass: 8544K(8768K)->8544K(8768K) Class: 1299K(1408K)->1299K(1408K)
[57.482s][info][gc             ] GC(92) Pause Young (Normal) (G1 Evacuation Pause) 67M->5M(112M) 2.719ms
[57.482s][info][gc,cpu         ] GC(92) User=0.00s Sys=0.00s Real=0.00s
[57.679s][info][gc,start       ] GC(93) Pause Young (Normal) (G1 Evacuation Pause)
[57.679s][info][gc,task        ] GC(93) Using 3 workers of 33 for evacuation
[57.682s][info][gc,phases      ] GC(93)   Pre Evacuate Collection Set: 0.1ms
[57.682s][info][gc,phases      ] GC(93)   Merge Heap Roots: 0.1ms
[57.682s][info][gc,phases      ] GC(93)   Evacuate Collection Set: 2.6ms
[57.682s][info][gc,phases      ] GC(93)   Post Evacuate Collection Set: 0.2ms
[57.682s][info][gc,phases      ] GC(93)   Other: 0.1ms
[57.682s][info][gc,heap        ] GC(93) Eden regions: 3->0(3)
[57.682s][info][gc,heap        ] GC(93) Survivor regions: 1->1(1)
[57.682s][info][gc,heap        ] GC(93) Old regions: 2->2
[57.682s][info][gc,heap        ] GC(93) Archive regions: 0->0
[57.682s][info][gc,heap        ] GC(93) Humongous regions: 0->0
[57.682s][info][gc,metaspace   ] GC(93) Metaspace: 9843K(10176K)->9843K(10176K) NonClass: 8544K(8768K)->8544K(8768K) Class: 1299K(1408K)->1299K(1408K)
[57.682s][info][gc             ] GC(93) Pause Young (Normal) (G1 Evacuation Pause) 53M->5M(112M) 3.674ms
[57.682s][info][gc,cpu         ] GC(93) User=0.00s Sys=0.00s Real=0.00s
[57.879s][info][gc,start       ] GC(94) Pause Young (Normal) (G1 Evacuation Pause)
[57.879s][info][gc,task        ] GC(94) Using 2 workers of 33 for evacuation
[57.883s][info][gc,phases      ] GC(94)   Pre Evacuate Collection Set: 0.1ms
[57.883s][info][gc,phases      ] GC(94)   Merge Heap Roots: 0.1ms
[57.883s][info][gc,phases      ] GC(94)   Evacuate Collection Set: 3.5ms
[57.883s][info][gc,phases      ] GC(94)   Post Evacuate Collection Set: 0.2ms
[57.883s][info][gc,phases      ] GC(94)   Other: 0.1ms
[57.883s][info][gc,heap        ] GC(94) Eden regions: 3->0(3)
[57.883s][info][gc,heap        ] GC(94) Survivor regions: 1->1(1)
[57.883s][info][gc,heap        ] GC(94) Old regions: 2->2
[57.883s][info][gc,heap        ] GC(94) Archive regions: 0->0
[57.883s][info][gc,heap        ] GC(94) Humongous regions: 0->0
[57.883s][info][gc,metaspace   ] GC(94) Metaspace: 9843K(10176K)->9843K(10176K) NonClass: 8544K(8768K)->8544K(8768K) Class: 1299K(1408K)->1299K(1408K)
[57.883s][info][gc             ] GC(94) Pause Young (Normal) (G1 Evacuation Pause) 53M->5M(112M) 4.533ms
[57.883s][info][gc,cpu         ] GC(94) User=0.03s Sys=0.00s Real=0.00s
[58.079s][info][gc,start       ] GC(95) Pause Young (Normal) (G1 Evacuation Pause)
[58.079s][info][gc,task        ] GC(95) Using 2 workers of 33 for evacuation
[58.090s][info][gc,phases      ] GC(95)   Pre Evacuate Collection Set: 0.1ms
[58.090s][info][gc,phases      ] GC(95)   Merge Heap Roots: 0.2ms
[58.090s][info][gc,phases      ] GC(95)   Evacuate Collection Set: 3.2ms
[58.090s][info][gc,phases      ] GC(95)   Post Evacuate Collection Set: 7.0ms
[58.090s][info][gc,phases      ] GC(95)   Other: 0.1ms
[58.090s][info][gc,heap        ] GC(95) Eden regions: 3->0(39)
[58.090s][info][gc,heap        ] GC(95) Survivor regions: 1->1(1)
[58.090s][info][gc,heap        ] GC(95) Old regions: 2->2
[58.090s][info][gc,heap        ] GC(95) Archive regions: 0->0
[58.090s][info][gc,heap        ] GC(95) Humongous regions: 0->0
[58.090s][info][gc,metaspace   ] GC(95) Metaspace: 9843K(10176K)->9843K(10176K) NonClass: 8544K(8768K)->8544K(8768K) Class: 1299K(1408K)->1299K(1408K)
[58.090s][info][gc             ] GC(95) Pause Young (Normal) (G1 Evacuation Pause) 53M->5M(1088M) 11.153ms
[58.090s][info][gc,cpu         ] GC(95) User=0.00s Sys=0.02s Real=0.02s
[60.898s][info][gc,start       ] GC(96) Pause Young (Normal) (G1 Evacuation Pause)
[60.898s][info][gc,task        ] GC(96) Using 26 workers of 33 for evacuation
[60.901s][info][gc,phases      ] GC(96)   Pre Evacuate Collection Set: 0.2ms
[60.901s][info][gc,phases      ] GC(96)   Merge Heap Roots: 0.2ms
[60.901s][info][gc,phases      ] GC(96)   Evacuate Collection Set: 1.6ms
[60.901s][info][gc,phases      ] GC(96)   Post Evacuate Collection Set: 0.5ms
[60.901s][info][gc,phases      ] GC(96)   Other: 0.1ms
[60.901s][info][gc,heap        ] GC(96) Eden regions: 39->0(39)
[60.901s][info][gc,heap        ] GC(96) Survivor regions: 1->1(5)
[60.901s][info][gc,heap        ] GC(96) Old regions: 2->2
[60.901s][info][gc,heap        ] GC(96) Archive regions: 0->0
[60.901s][info][gc,heap        ] GC(96) Humongous regions: 0->0
[60.901s][info][gc,metaspace   ] GC(96) Metaspace: 9843K(10176K)->9843K(10176K) NonClass: 8544K(8768K)->8544K(8768K) Class: 1299K(1408K)->1299K(1408K)
[60.901s][info][gc             ] GC(96) Pause Young (Normal) (G1 Evacuation Pause) 629M->5M(1088M) 3.182ms
[60.902s][info][gc,cpu         ] GC(96) User=0.00s Sys=0.00s Real=0.00s
[63.573s][info][gc,start       ] GC(97) Pause Young (Normal) (G1 Evacuation Pause)
[63.573s][info][gc,task        ] GC(97) Using 26 workers of 33 for evacuation
[63.576s][info][gc,phases      ] GC(97)   Pre Evacuate Collection Set: 0.1ms
[63.576s][info][gc,phases      ] GC(97)   Merge Heap Roots: 0.2ms
[63.576s][info][gc,phases      ] GC(97)   Evacuate Collection Set: 1.6ms
[63.576s][info][gc,phases      ] GC(97)   Post Evacuate Collection Set: 0.5ms
[63.576s][info][gc,phases      ] GC(97)   Other: 0.1ms
[63.576s][info][gc,heap        ] GC(97) Eden regions: 39->0(39)
[63.576s][info][gc,heap        ] GC(97) Survivor regions: 1->1(5)
[63.576s][info][gc,heap        ] GC(97) Old regions: 2->2
[63.576s][info][gc,heap        ] GC(97) Archive regions: 0->0
[63.576s][info][gc,heap        ] GC(97) Humongous regions: 0->0
[63.576s][info][gc,metaspace   ] GC(97) Metaspace: 9843K(10176K)->9843K(10176K) NonClass: 8544K(8768K)->8544K(8768K) Class: 1299K(1408K)->1299K(1408K)
[63.576s][info][gc             ] GC(97) Pause Young (Normal) (G1 Evacuation Pause) 629M->5M(1088M) 3.073ms
[63.576s][info][gc,cpu         ] GC(97) User=0.00s Sys=0.00s Real=0.00s
[64.198s][info][gc,start       ] GC(98) Pause Full (System.gc())
[64.198s][info][gc,task        ] GC(98) Using 6 workers of 33 for full compaction
[64.198s][info][gc,phases,start] GC(98) Phase 1: Mark live objects
[64.203s][info][gc,phases      ] GC(98) Phase 1: Mark live objects 5.043ms
[64.203s][info][gc,phases,start] GC(98) Phase 2: Prepare compaction
[64.207s][info][gc,phases      ] GC(98) Phase 2: Prepare compaction 3.302ms
[64.207s][info][gc,phases,start] GC(98) Phase 3: Adjust pointers
[64.211s][info][gc,phases      ] GC(98) Phase 3: Adjust pointers 4.753ms
[64.211s][info][gc,phases,start] GC(98) Phase 4: Compact heap
[64.214s][info][gc,phases      ] GC(98) Phase 4: Compact heap 2.400ms
[64.222s][info][gc,heap        ] GC(98) Eden regions: 10->0(4)
[64.222s][info][gc,heap        ] GC(98) Survivor regions: 1->0(5)
[64.222s][info][gc,heap        ] GC(98) Old regions: 2->2
[64.222s][info][gc,heap        ] GC(98) Archive regions: 0->0
[64.222s][info][gc,heap        ] GC(98) Humongous regions: 0->0
[64.222s][info][gc,metaspace   ] GC(98) Metaspace: 9843K(10176K)->9843K(10176K) NonClass: 8544K(8768K)->8544K(8768K) Class: 1299K(1408K)->1299K(1408K)
[64.222s][info][gc             ] GC(98) Pause Full (System.gc()) 157M->3M(112M) 24.158ms
[64.222s][info][gc,cpu         ] GC(98) User=0.09s Sys=0.27s Real=0.03s
[64.475s][info][gc,start       ] GC(99) Pause Young (Normal) (G1 Evacuation Pause)
[64.475s][info][gc,task        ] GC(99) Using 4 workers of 33 for evacuation
[64.478s][info][gc,phases      ] GC(99)   Pre Evacuate Collection Set: 0.1ms
[64.478s][info][gc,phases      ] GC(99)   Merge Heap Roots: 0.1ms
[64.478s][info][gc,phases      ] GC(99)   Evacuate Collection Set: 2.0ms
[64.478s][info][gc,phases      ] GC(99)   Post Evacuate Collection Set: 0.2ms
[64.478s][info][gc,phases      ] GC(99)   Other: 0.1ms
[64.478s][info][gc,heap        ] GC(99) Eden regions: 4->0(3)
[64.478s][info][gc,heap        ] GC(99) Survivor regions: 0->1(1)
[64.478s][info][gc,heap        ] GC(99) Old regions: 2->2
[64.478s][info][gc,heap        ] GC(99) Archive regions: 0->0
[64.478s][info][gc,heap        ] GC(99) Humongous regions: 0->0
[64.478s][info][gc,metaspace   ] GC(99) Metaspace: 9843K(10176K)->9843K(10176K) NonClass: 8544K(8768K)->8544K(8768K) Class: 1299K(1408K)->1299K(1408K)
[64.478s][info][gc             ] GC(99) Pause Young (Normal) (G1 Evacuation Pause) 67M->5M(112M) 2.646ms
[64.478s][info][gc,cpu         ] GC(99) User=0.00s Sys=0.00s Real=0.00s
[64.666s][info][gc,start       ] GC(100) Pause Young (Normal) (G1 Evacuation Pause)
[64.666s][info][gc,task        ] GC(100) Using 3 workers of 33 for evacuation
[64.669s][info][gc,phases      ] GC(100)   Pre Evacuate Collection Set: 0.1ms
[64.669s][info][gc,phases      ] GC(100)   Merge Heap Roots: 0.1ms
[64.669s][info][gc,phases      ] GC(100)   Evacuate Collection Set: 2.3ms
[64.669s][info][gc,phases      ] GC(100)   Post Evacuate Collection Set: 0.2ms
[64.669s][info][gc,phases      ] GC(100)   Other: 0.1ms
[64.669s][info][gc,heap        ] GC(100) Eden regions: 3->0(3)
[64.669s][info][gc,heap        ] GC(100) Survivor regions: 1->1(1)
[64.669s][info][gc,heap        ] GC(100) Old regions: 2->2
[64.669s][info][gc,heap        ] GC(100) Archive regions: 0->0
[64.669s][info][gc,heap        ] GC(100) Humongous regions: 0->0
[64.669s][info][gc,metaspace   ] GC(100) Metaspace: 9843K(10176K)->9843K(10176K) NonClass: 8544K(8768K)->8544K(8768K) Class: 1299K(1408K)->1299K(1408K)
[64.669s][info][gc             ] GC(100) Pause Young (Normal) (G1 Evacuation Pause) 53M->5M(112M) 3.295ms
[64.669s][info][gc,cpu         ] GC(100) User=0.00s Sys=0.00s Real=0.00s
[64.869s][info][gc,start       ] GC(101) Pause Young (Normal) (G1 Evacuation Pause)
[64.869s][info][gc,task        ] GC(101) Using 2 workers of 33 for evacuation
[64.873s][info][gc,phases      ] GC(101)   Pre Evacuate Collection Set: 0.1ms
[64.873s][info][gc,phases      ] GC(101)   Merge Heap Roots: 0.2ms
[64.873s][info][gc,phases      ] GC(101)   Evacuate Collection Set: 3.3ms
[64.873s][info][gc,phases      ] GC(101)   Post Evacuate Collection Set: 0.2ms
[64.873s][info][gc,phases      ] GC(101)   Other: 0.1ms
[64.873s][info][gc,heap        ] GC(101) Eden regions: 3->0(3)
[64.873s][info][gc,heap        ] GC(101) Survivor regions: 1->1(1)
[64.873s][info][gc,heap        ] GC(101) Old regions: 2->2
[64.873s][info][gc,heap        ] GC(101) Archive regions: 0->0
[64.873s][info][gc,heap        ] GC(101) Humongous regions: 0->0
[64.873s][info][gc,metaspace   ] GC(101) Metaspace: 9843K(10176K)->9843K(10176K) NonClass: 8544K(8768K)->8544K(8768K) Class: 1299K(1408K)->1299K(1408K)
[64.873s][info][gc             ] GC(101) Pause Young (Normal) (G1 Evacuation Pause) 53M->5M(112M) 4.481ms
[64.873s][info][gc,cpu         ] GC(101) User=0.00s Sys=0.00s Real=0.00s
[65.075s][info][gc,start       ] GC(102) Pause Young (Normal) (G1 Evacuation Pause)
[65.075s][info][gc,task        ] GC(102) Using 2 workers of 33 for evacuation
[65.086s][info][gc,phases      ] GC(102)   Pre Evacuate Collection Set: 0.1ms
[65.086s][info][gc,phases      ] GC(102)   Merge Heap Roots: 0.2ms
[65.086s][info][gc,phases      ] GC(102)   Evacuate Collection Set: 3.4ms
[65.086s][info][gc,phases      ] GC(102)   Post Evacuate Collection Set: 7.1ms
[65.086s][info][gc,phases      ] GC(102)   Other: 0.1ms
[65.086s][info][gc,heap        ] GC(102) Eden regions: 3->0(39)
[65.086s][info][gc,heap        ] GC(102) Survivor regions: 1->1(1)
[65.086s][info][gc,heap        ] GC(102) Old regions: 2->2
[65.086s][info][gc,heap        ] GC(102) Archive regions: 0->0
[65.086s][info][gc,heap        ] GC(102) Humongous regions: 0->0
[65.086s][info][gc,metaspace   ] GC(102) Metaspace: 9843K(10176K)->9843K(10176K) NonClass: 8544K(8768K)->8544K(8768K) Class: 1299K(1408K)->1299K(1408K)
[65.086s][info][gc             ] GC(102) Pause Young (Normal) (G1 Evacuation Pause) 53M->5M(1088M) 11.369ms
[65.086s][info][gc,cpu         ] GC(102) User=0.00s Sys=0.00s Real=0.00s
[67.918s][info][gc,start       ] GC(103) Pause Young (Normal) (G1 Evacuation Pause)
[67.918s][info][gc,task        ] GC(103) Using 26 workers of 33 for evacuation
[67.921s][info][gc,phases      ] GC(103)   Pre Evacuate Collection Set: 0.2ms
[67.921s][info][gc,phases      ] GC(103)   Merge Heap Roots: 0.2ms
[67.921s][info][gc,phases      ] GC(103)   Evacuate Collection Set: 1.8ms
[67.921s][info][gc,phases      ] GC(103)   Post Evacuate Collection Set: 0.5ms
[67.921s][info][gc,phases      ] GC(103)   Other: 0.1ms
[67.921s][info][gc,heap        ] GC(103) Eden regions: 39->0(39)
[67.922s][info][gc,heap        ] GC(103) Survivor regions: 1->1(5)
[67.922s][info][gc,heap        ] GC(103) Old regions: 2->2
[67.922s][info][gc,heap        ] GC(103) Archive regions: 0->0
[67.922s][info][gc,heap        ] GC(103) Humongous regions: 0->0
[67.922s][info][gc,metaspace   ] GC(103) Metaspace: 9843K(10176K)->9843K(10176K) NonClass: 8544K(8768K)->8544K(8768K) Class: 1299K(1408K)->1299K(1408K)
[67.922s][info][gc             ] GC(103) Pause Young (Normal) (G1 Evacuation Pause) 629M->5M(1088M) 3.435ms
[67.922s][info][gc,cpu         ] GC(103) User=0.02s Sys=0.00s Real=0.02s
[70.591s][info][gc,start       ] GC(104) Pause Young (Normal) (G1 Evacuation Pause)
[70.591s][info][gc,task        ] GC(104) Using 26 workers of 33 for evacuation
[70.593s][info][gc,phases      ] GC(104)   Pre Evacuate Collection Set: 0.1ms
[70.593s][info][gc,phases      ] GC(104)   Merge Heap Roots: 0.2ms
[70.593s][info][gc,phases      ] GC(104)   Evacuate Collection Set: 1.4ms
[70.593s][info][gc,phases      ] GC(104)   Post Evacuate Collection Set: 0.5ms
[70.594s][info][gc,phases      ] GC(104)   Other: 0.1ms
[70.594s][info][gc,heap        ] GC(104) Eden regions: 39->0(39)
[70.594s][info][gc,heap        ] GC(104) Survivor regions: 1->1(5)
[70.594s][info][gc,heap        ] GC(104) Old regions: 2->2
[70.594s][info][gc,heap        ] GC(104) Archive regions: 0->0
[70.594s][info][gc,heap        ] GC(104) Humongous regions: 0->0
[70.594s][info][gc,metaspace   ] GC(104) Metaspace: 9843K(10176K)->9843K(10176K) NonClass: 8544K(8768K)->8544K(8768K) Class: 1299K(1408K)->1299K(1408K)
[70.594s][info][gc             ] GC(104) Pause Young (Normal) (G1 Evacuation Pause) 629M->5M(1088M) 2.821ms
[70.594s][info][gc,cpu         ] GC(104) User=0.00s Sys=0.00s Real=0.00s
[71.182s][info][gc,start       ] GC(105) Pause Full (System.gc())
[71.183s][info][gc,task        ] GC(105) Using 6 workers of 33 for full compaction
[71.183s][info][gc,phases,start] GC(105) Phase 1: Mark live objects
[71.188s][info][gc,phases      ] GC(105) Phase 1: Mark live objects 5.447ms
[71.188s][info][gc,phases,start] GC(105) Phase 2: Prepare compaction
[71.192s][info][gc,phases      ] GC(105) Phase 2: Prepare compaction 3.410ms
[71.192s][info][gc,phases,start] GC(105) Phase 3: Adjust pointers
[71.197s][info][gc,phases      ] GC(105) Phase 3: Adjust pointers 5.016ms
[71.197s][info][gc,phases,start] GC(105) Phase 4: Compact heap
[71.198s][info][gc,phases      ] GC(105) Phase 4: Compact heap 1.186ms
[71.206s][info][gc,heap        ] GC(105) Eden regions: 9->0(6)
[71.206s][info][gc,heap        ] GC(105) Survivor regions: 1->0(5)
[71.206s][info][gc,heap        ] GC(105) Old regions: 2->3
[71.206s][info][gc,heap        ] GC(105) Archive regions: 0->0
[71.206s][info][gc,heap        ] GC(105) Humongous regions: 0->0
[71.206s][info][gc,metaspace   ] GC(105) Metaspace: 9843K(10176K)->9843K(10176K) NonClass: 8544K(8768K)->8544K(8768K) Class: 1299K(1408K)->1299K(1408K)
[71.206s][info][gc             ] GC(105) Pause Full (System.gc()) 148M->3M(160M) 23.692ms
[71.206s][info][gc,cpu         ] GC(105) User=0.13s Sys=0.00s Real=0.04s
[71.590s][info][gc,start       ] GC(106) Pause Young (Normal) (G1 Evacuation Pause)
[71.590s][info][gc,task        ] GC(106) Using 4 workers of 33 for evacuation
[71.592s][info][gc,phases      ] GC(106)   Pre Evacuate Collection Set: 0.1ms
[71.592s][info][gc,phases      ] GC(106)   Merge Heap Roots: 0.1ms
[71.592s][info][gc,phases      ] GC(106)   Evacuate Collection Set: 1.9ms
[71.592s][info][gc,phases      ] GC(106)   Post Evacuate Collection Set: 0.2ms
[71.592s][info][gc,phases      ] GC(106)   Other: 0.1ms
[71.593s][info][gc,heap        ] GC(106) Eden regions: 6->0(5)
[71.593s][info][gc,heap        ] GC(106) Survivor regions: 0->1(1)
[71.593s][info][gc,heap        ] GC(106) Old regions: 3->3
[71.593s][info][gc,heap        ] GC(106) Archive regions: 0->0
[71.593s][info][gc,heap        ] GC(106) Humongous regions: 0->0
[71.593s][info][gc,metaspace   ] GC(106) Metaspace: 9844K(10176K)->9844K(10176K) NonClass: 8545K(8768K)->8545K(8768K) Class: 1299K(1408K)->1299K(1408K)
[71.593s][info][gc             ] GC(106) Pause Young (Normal) (G1 Evacuation Pause) 99M->5M(160M) 2.930ms
[71.593s][info][gc,cpu         ] GC(106) User=0.00s Sys=0.00s Real=0.00s
[71.920s][info][gc,start       ] GC(107) Pause Young (Normal) (G1 Evacuation Pause)
[71.921s][info][gc,task        ] GC(107) Using 3 workers of 33 for evacuation
[71.923s][info][gc,phases      ] GC(107)   Pre Evacuate Collection Set: 0.1ms
[71.923s][info][gc,phases      ] GC(107)   Merge Heap Roots: 0.1ms
[71.923s][info][gc,phases      ] GC(107)   Evacuate Collection Set: 2.3ms
[71.923s][info][gc,phases      ] GC(107)   Post Evacuate Collection Set: 0.2ms
[71.923s][info][gc,phases      ] GC(107)   Other: 0.1ms
[71.923s][info][gc,heap        ] GC(107) Eden regions: 5->0(5)
[71.923s][info][gc,heap        ] GC(107) Survivor regions: 1->1(1)
[71.924s][info][gc,heap        ] GC(107) Old regions: 3->3
[71.924s][info][gc,heap        ] GC(107) Archive regions: 0->0
[71.924s][info][gc,heap        ] GC(107) Humongous regions: 0->0
[71.924s][info][gc,metaspace   ] GC(107) Metaspace: 9844K(10176K)->9844K(10176K) NonClass: 8545K(8768K)->8545K(8768K) Class: 1299K(1408K)->1299K(1408K)
[71.924s][info][gc             ] GC(107) Pause Young (Normal) (G1 Evacuation Pause) 85M->5M(160M) 3.310ms
[71.924s][info][gc,cpu         ] GC(107) User=0.00s Sys=0.00s Real=0.00s
[72.249s][info][gc,start       ] GC(108) Pause Young (Normal) (G1 Evacuation Pause)
[72.250s][info][gc,task        ] GC(108) Using 3 workers of 33 for evacuation
[72.253s][info][gc,phases      ] GC(108)   Pre Evacuate Collection Set: 0.1ms
[72.253s][info][gc,phases      ] GC(108)   Merge Heap Roots: 0.1ms
[72.253s][info][gc,phases      ] GC(108)   Evacuate Collection Set: 2.4ms
[72.253s][info][gc,phases      ] GC(108)   Post Evacuate Collection Set: 0.2ms
[72.253s][info][gc,phases      ] GC(108)   Other: 0.1ms
[72.253s][info][gc,heap        ] GC(108) Eden regions: 5->0(5)
[72.253s][info][gc,heap        ] GC(108) Survivor regions: 1->1(1)
[72.253s][info][gc,heap        ] GC(108) Old regions: 3->3
[72.253s][info][gc,heap        ] GC(108) Archive regions: 0->0
[72.253s][info][gc,heap        ] GC(108) Humongous regions: 0->0
[72.253s][info][gc,metaspace   ] GC(108) Metaspace: 9844K(10176K)->9844K(10176K) NonClass: 8545K(8768K)->8545K(8768K) Class: 1299K(1408K)->1299K(1408K)
[72.253s][info][gc             ] GC(108) Pause Young (Normal) (G1 Evacuation Pause) 85M->5M(160M) 3.456ms
[72.253s][info][gc,cpu         ] GC(108) User=0.00s Sys=0.00s Real=0.00s
[72.572s][info][gc,start       ] GC(109) Pause Young (Normal) (G1 Evacuation Pause)
[72.572s][info][gc,task        ] GC(109) Using 3 workers of 33 for evacuation
[72.576s][info][gc,phases      ] GC(109)   Pre Evacuate Collection Set: 0.1ms
[72.576s][info][gc,phases      ] GC(109)   Merge Heap Roots: 0.1ms
[72.576s][info][gc,phases      ] GC(109)   Evacuate Collection Set: 2.6ms
[72.576s][info][gc,phases      ] GC(109)   Post Evacuate Collection Set: 0.3ms
[72.576s][info][gc,phases      ] GC(109)   Other: 0.1ms
[72.576s][info][gc,heap        ] GC(109) Eden regions: 5->0(5)
[72.576s][info][gc,heap        ] GC(109) Survivor regions: 1->1(1)
[72.576s][info][gc,heap        ] GC(109) Old regions: 3->3
[72.576s][info][gc,heap        ] GC(109) Archive regions: 0->0
[72.576s][info][gc,heap        ] GC(109) Humongous regions: 0->0
[72.576s][info][gc,metaspace   ] GC(109) Metaspace: 9844K(10176K)->9844K(10176K) NonClass: 8545K(8768K)->8545K(8768K) Class: 1299K(1408K)->1299K(1408K)
[72.576s][info][gc             ] GC(109) Pause Young (Normal) (G1 Evacuation Pause) 85M->5M(160M) 3.694ms
[72.576s][info][gc,cpu         ] GC(109) User=0.00s Sys=0.00s Real=0.00s
[72.919s][info][gc,start       ] GC(110) Pause Young (Normal) (G1 Evacuation Pause)
[72.919s][info][gc,task        ] GC(110) Using 3 workers of 33 for evacuation
[72.922s][info][gc,phases      ] GC(110)   Pre Evacuate Collection Set: 0.1ms
[72.922s][info][gc,phases      ] GC(110)   Merge Heap Roots: 0.2ms
[72.922s][info][gc,phases      ] GC(110)   Evacuate Collection Set: 2.4ms
[72.922s][info][gc,phases      ] GC(110)   Post Evacuate Collection Set: 0.2ms
[72.922s][info][gc,phases      ] GC(110)   Other: 0.1ms
[72.922s][info][gc,heap        ] GC(110) Eden regions: 5->0(5)
[72.922s][info][gc,heap        ] GC(110) Survivor regions: 1->1(1)
[72.922s][info][gc,heap        ] GC(110) Old regions: 3->3
[72.922s][info][gc,heap        ] GC(110) Archive regions: 0->0
[72.922s][info][gc,heap        ] GC(110) Humongous regions: 0->0
[72.922s][info][gc,metaspace   ] GC(110) Metaspace: 9844K(10176K)->9844K(10176K) NonClass: 8545K(8768K)->8545K(8768K) Class: 1299K(1408K)->1299K(1408K)
[72.923s][info][gc             ] GC(110) Pause Young (Normal) (G1 Evacuation Pause) 85M->5M(160M) 3.497ms
[72.923s][info][gc,cpu         ] GC(110) User=0.02s Sys=0.00s Real=0.02s
[73.268s][info][gc,start       ] GC(111) Pause Young (Normal) (G1 Evacuation Pause)
[73.268s][info][gc,task        ] GC(111) Using 3 workers of 33 for evacuation
[73.271s][info][gc,phases      ] GC(111)   Pre Evacuate Collection Set: 0.1ms
[73.271s][info][gc,phases      ] GC(111)   Merge Heap Roots: 0.2ms
[73.271s][info][gc,phases      ] GC(111)   Evacuate Collection Set: 2.2ms
[73.271s][info][gc,phases      ] GC(111)   Post Evacuate Collection Set: 0.2ms
[73.271s][info][gc,phases      ] GC(111)   Other: 0.1ms
[73.271s][info][gc,heap        ] GC(111) Eden regions: 5->0(5)
[73.271s][info][gc,heap        ] GC(111) Survivor regions: 1->1(1)
[73.271s][info][gc,heap        ] GC(111) Old regions: 3->3
[73.271s][info][gc,heap        ] GC(111) Archive regions: 0->0
[73.271s][info][gc,heap        ] GC(111) Humongous regions: 0->0
[73.271s][info][gc,metaspace   ] GC(111) Metaspace: 9844K(10176K)->9844K(10176K) NonClass: 8545K(8768K)->8545K(8768K) Class: 1299K(1408K)->1299K(1408K)
[73.271s][info][gc             ] GC(111) Pause Young (Normal) (G1 Evacuation Pause) 85M->5M(160M) 3.404ms
[73.271s][info][gc,cpu         ] GC(111) User=0.02s Sys=0.00s Real=0.01s
[73.604s][info][gc,start       ] GC(112) Pause Young (Normal) (G1 Evacuation Pause)
[73.604s][info][gc,task        ] GC(112) Using 3 workers of 33 for evacuation
[73.607s][info][gc,phases      ] GC(112)   Pre Evacuate Collection Set: 0.1ms
[73.607s][info][gc,phases      ] GC(112)   Merge Heap Roots: 0.2ms
[73.607s][info][gc,phases      ] GC(112)   Evacuate Collection Set: 2.4ms
[73.607s][info][gc,phases      ] GC(112)   Post Evacuate Collection Set: 0.2ms
[73.607s][info][gc,phases      ] GC(112)   Other: 0.1ms
[73.607s][info][gc,heap        ] GC(112) Eden regions: 5->0(5)
[73.607s][info][gc,heap        ] GC(112) Survivor regions: 1->1(1)
[73.607s][info][gc,heap        ] GC(112) Old regions: 3->3
[73.607s][info][gc,heap        ] GC(112) Archive regions: 0->0
[73.607s][info][gc,heap        ] GC(112) Humongous regions: 0->0
[73.607s][info][gc,metaspace   ] GC(112) Metaspace: 9844K(10176K)->9844K(10176K) NonClass: 8545K(8768K)->8545K(8768K) Class: 1299K(1408K)->1299K(1408K)
[73.607s][info][gc             ] GC(112) Pause Young (Normal) (G1 Evacuation Pause) 85M->5M(160M) 3.468ms
[73.607s][info][gc,cpu         ] GC(112) User=0.00s Sys=0.00s Real=0.00s
[73.934s][info][gc,start       ] GC(113) Pause Young (Normal) (G1 Evacuation Pause)
[73.934s][info][gc,task        ] GC(113) Using 3 workers of 33 for evacuation
[73.937s][info][gc,phases      ] GC(113)   Pre Evacuate Collection Set: 0.1ms
[73.937s][info][gc,phases      ] GC(113)   Merge Heap Roots: 0.1ms
[73.937s][info][gc,phases      ] GC(113)   Evacuate Collection Set: 2.2ms
[73.937s][info][gc,phases      ] GC(113)   Post Evacuate Collection Set: 0.3ms
[73.937s][info][gc,phases      ] GC(113)   Other: 0.1ms
[73.937s][info][gc,heap        ] GC(113) Eden regions: 5->0(5)
[73.937s][info][gc,heap        ] GC(113) Survivor regions: 1->1(1)
[73.937s][info][gc,heap        ] GC(113) Old regions: 3->3
[73.937s][info][gc,heap        ] GC(113) Archive regions: 0->0
[73.937s][info][gc,heap        ] GC(113) Humongous regions: 0->0
[73.937s][info][gc,metaspace   ] GC(113) Metaspace: 9844K(10176K)->9844K(10176K) NonClass: 8545K(8768K)->8545K(8768K) Class: 1299K(1408K)->1299K(1408K)
[73.937s][info][gc             ] GC(113) Pause Young (Normal) (G1 Evacuation Pause) 85M->5M(160M) 3.250ms
[73.937s][info][gc,cpu         ] GC(113) User=0.00s Sys=0.00s Real=0.00s
[74.260s][info][gc,start       ] GC(114) Pause Young (Normal) (G1 Evacuation Pause)
[74.261s][info][gc,task        ] GC(114) Using 3 workers of 33 for evacuation
[74.263s][info][gc,phases      ] GC(114)   Pre Evacuate Collection Set: 0.1ms
[74.263s][info][gc,phases      ] GC(114)   Merge Heap Roots: 0.1ms
[74.264s][info][gc,phases      ] GC(114)   Evacuate Collection Set: 2.3ms
[74.264s][info][gc,phases      ] GC(114)   Post Evacuate Collection Set: 0.2ms
[74.264s][info][gc,phases      ] GC(114)   Other: 0.1ms
[74.264s][info][gc,heap        ] GC(114) Eden regions: 5->0(5)
[74.264s][info][gc,heap        ] GC(114) Survivor regions: 1->1(1)
[74.264s][info][gc,heap        ] GC(114) Old regions: 3->3
[74.264s][info][gc,heap        ] GC(114) Archive regions: 0->0
[74.264s][info][gc,heap        ] GC(114) Humongous regions: 0->0
[74.264s][info][gc,metaspace   ] GC(114) Metaspace: 9844K(10176K)->9844K(10176K) NonClass: 8545K(8768K)->8545K(8768K) Class: 1299K(1408K)->1299K(1408K)
[74.264s][info][gc             ] GC(114) Pause Young (Normal) (G1 Evacuation Pause) 85M->5M(160M) 3.370ms
[74.264s][info][gc,cpu         ] GC(114) User=0.00s Sys=0.00s Real=0.00s
[74.589s][info][gc,start       ] GC(115) Pause Young (Normal) (G1 Evacuation Pause)
[74.589s][info][gc,task        ] GC(115) Using 3 workers of 33 for evacuation
[74.592s][info][gc,phases      ] GC(115)   Pre Evacuate Collection Set: 0.1ms
[74.592s][info][gc,phases      ] GC(115)   Merge Heap Roots: 0.1ms
[74.592s][info][gc,phases      ] GC(115)   Evacuate Collection Set: 2.2ms
[74.592s][info][gc,phases      ] GC(115)   Post Evacuate Collection Set: 0.3ms
[74.592s][info][gc,phases      ] GC(115)   Other: 0.1ms
[74.592s][info][gc,heap        ] GC(115) Eden regions: 5->0(5)
[74.592s][info][gc,heap        ] GC(115) Survivor regions: 1->1(1)
[74.592s][info][gc,heap        ] GC(115) Old regions: 3->3
[74.592s][info][gc,heap        ] GC(115) Archive regions: 0->0
[74.592s][info][gc,heap        ] GC(115) Humongous regions: 0->0
[74.592s][info][gc,metaspace   ] GC(115) Metaspace: 9844K(10176K)->9844K(10176K) NonClass: 8545K(8768K)->8545K(8768K) Class: 1299K(1408K)->1299K(1408K)
[74.592s][info][gc             ] GC(115) Pause Young (Normal) (G1 Evacuation Pause) 85M->5M(160M) 3.433ms
[74.593s][info][gc,cpu         ] GC(115) User=0.00s Sys=0.00s Real=0.01s
[74.934s][info][gc,start       ] GC(116) Pause Young (Normal) (G1 Evacuation Pause)
[74.934s][info][gc,task        ] GC(116) Using 3 workers of 33 for evacuation
[74.937s][info][gc,phases      ] GC(116)   Pre Evacuate Collection Set: 0.1ms
[74.937s][info][gc,phases      ] GC(116)   Merge Heap Roots: 0.2ms
[74.937s][info][gc,phases      ] GC(116)   Evacuate Collection Set: 2.3ms
[74.937s][info][gc,phases      ] GC(116)   Post Evacuate Collection Set: 0.2ms
[74.937s][info][gc,phases      ] GC(116)   Other: 0.1ms
[74.937s][info][gc,heap        ] GC(116) Eden regions: 5->0(5)
[74.937s][info][gc,heap        ] GC(116) Survivor regions: 1->1(1)
[74.937s][info][gc,heap        ] GC(116) Old regions: 3->3
[74.937s][info][gc,heap        ] GC(116) Archive regions: 0->0
[74.937s][info][gc,heap        ] GC(116) Humongous regions: 0->0
[74.937s][info][gc,metaspace   ] GC(116) Metaspace: 9844K(10176K)->9844K(10176K) NonClass: 8545K(8768K)->8545K(8768K) Class: 1299K(1408K)->1299K(1408K)
[74.937s][info][gc             ] GC(116) Pause Young (Normal) (G1 Evacuation Pause) 85M->5M(160M) 3.409ms
[74.937s][info][gc,cpu         ] GC(116) User=0.00s Sys=0.00s Real=0.00s
[75.280s][info][gc,start       ] GC(117) Pause Young (Normal) (G1 Evacuation Pause)
[75.280s][info][gc,task        ] GC(117) Using 3 workers of 33 for evacuation
[75.283s][info][gc,phases      ] GC(117)   Pre Evacuate Collection Set: 0.1ms
[75.283s][info][gc,phases      ] GC(117)   Merge Heap Roots: 0.2ms
[75.283s][info][gc,phases      ] GC(117)   Evacuate Collection Set: 2.4ms
[75.283s][info][gc,phases      ] GC(117)   Post Evacuate Collection Set: 0.2ms
[75.283s][info][gc,phases      ] GC(117)   Other: 0.1ms
[75.283s][info][gc,heap        ] GC(117) Eden regions: 5->0(5)
[75.283s][info][gc,heap        ] GC(117) Survivor regions: 1->1(1)
[75.283s][info][gc,heap        ] GC(117) Old regions: 3->3
[75.283s][info][gc,heap        ] GC(117) Archive regions: 0->0
[75.283s][info][gc,heap        ] GC(117) Humongous regions: 0->0
[75.283s][info][gc,metaspace   ] GC(117) Metaspace: 9844K(10176K)->9844K(10176K) NonClass: 8545K(8768K)->8545K(8768K) Class: 1299K(1408K)->1299K(1408K)
[75.283s][info][gc             ] GC(117) Pause Young (Normal) (G1 Evacuation Pause) 85M->5M(160M) 3.483ms
[75.283s][info][gc,cpu         ] GC(117) User=0.05s Sys=0.00s Real=0.02s
[75.630s][info][gc,start       ] GC(118) Pause Young (Normal) (G1 Evacuation Pause)
[75.630s][info][gc,task        ] GC(118) Using 3 workers of 33 for evacuation
[75.633s][info][gc,phases      ] GC(118)   Pre Evacuate Collection Set: 0.1ms
[75.633s][info][gc,phases      ] GC(118)   Merge Heap Roots: 0.2ms
[75.633s][info][gc,phases      ] GC(118)   Evacuate Collection Set: 2.3ms
[75.633s][info][gc,phases      ] GC(118)   Post Evacuate Collection Set: 0.2ms
[75.634s][info][gc,phases      ] GC(118)   Other: 0.1ms
[75.634s][info][gc,heap        ] GC(118) Eden regions: 5->0(5)
[75.634s][info][gc,heap        ] GC(118) Survivor regions: 1->1(1)
[75.634s][info][gc,heap        ] GC(118) Old regions: 3->3
[75.634s][info][gc,heap        ] GC(118) Archive regions: 0->0
[75.634s][info][gc,heap        ] GC(118) Humongous regions: 0->0
[75.634s][info][gc,metaspace   ] GC(118) Metaspace: 9844K(10176K)->9844K(10176K) NonClass: 8545K(8768K)->8545K(8768K) Class: 1299K(1408K)->1299K(1408K)
[75.634s][info][gc             ] GC(118) Pause Young (Normal) (G1 Evacuation Pause) 85M->5M(160M) 3.437ms
[75.634s][info][gc,cpu         ] GC(118) User=0.00s Sys=0.00s Real=0.00s
[75.982s][info][gc,start       ] GC(119) Pause Young (Normal) (G1 Evacuation Pause)
[75.982s][info][gc,task        ] GC(119) Using 3 workers of 33 for evacuation
[75.985s][info][gc,phases      ] GC(119)   Pre Evacuate Collection Set: 0.1ms
[75.985s][info][gc,phases      ] GC(119)   Merge Heap Roots: 0.2ms
[75.985s][info][gc,phases      ] GC(119)   Evacuate Collection Set: 2.3ms
[75.985s][info][gc,phases      ] GC(119)   Post Evacuate Collection Set: 0.2ms
[75.985s][info][gc,phases      ] GC(119)   Other: 0.1ms
[75.985s][info][gc,heap        ] GC(119) Eden regions: 5->0(5)
[75.985s][info][gc,heap        ] GC(119) Survivor regions: 1->1(1)
[75.985s][info][gc,heap        ] GC(119) Old regions: 3->3
[75.985s][info][gc,heap        ] GC(119) Archive regions: 0->0
[75.985s][info][gc,heap        ] GC(119) Humongous regions: 0->0
[75.985s][info][gc,metaspace   ] GC(119) Metaspace: 9844K(10176K)->9844K(10176K) NonClass: 8545K(8768K)->8545K(8768K) Class: 1299K(1408K)->1299K(1408K)
[75.985s][info][gc             ] GC(119) Pause Young (Normal) (G1 Evacuation Pause) 85M->5M(160M) 3.455ms
[75.985s][info][gc,cpu         ] GC(119) User=0.05s Sys=0.00s Real=0.02s
[76.332s][info][gc,start       ] GC(120) Pause Young (Normal) (G1 Evacuation Pause)
[76.333s][info][gc,task        ] GC(120) Using 3 workers of 33 for evacuation
[76.336s][info][gc,phases      ] GC(120)   Pre Evacuate Collection Set: 0.1ms
[76.336s][info][gc,phases      ] GC(120)   Merge Heap Roots: 0.2ms
[76.336s][info][gc,phases      ] GC(120)   Evacuate Collection Set: 2.4ms
[76.336s][info][gc,phases      ] GC(120)   Post Evacuate Collection Set: 0.2ms
[76.336s][info][gc,phases      ] GC(120)   Other: 0.1ms
[76.336s][info][gc,heap        ] GC(120) Eden regions: 5->0(5)
[76.336s][info][gc,heap        ] GC(120) Survivor regions: 1->1(1)
[76.336s][info][gc,heap        ] GC(120) Old regions: 3->3
[76.336s][info][gc,heap        ] GC(120) Archive regions: 0->0
[76.336s][info][gc,heap        ] GC(120) Humongous regions: 0->0
[76.336s][info][gc,metaspace   ] GC(120) Metaspace: 9844K(10176K)->9844K(10176K) NonClass: 8545K(8768K)->8545K(8768K) Class: 1299K(1408K)->1299K(1408K)
[76.336s][info][gc             ] GC(120) Pause Young (Normal) (G1 Evacuation Pause) 85M->5M(160M) 3.562ms
[76.336s][info][gc,cpu         ] GC(120) User=0.05s Sys=0.00s Real=0.00s
[76.674s][info][gc,start       ] GC(121) Pause Young (Normal) (G1 Evacuation Pause)
[76.674s][info][gc,task        ] GC(121) Using 3 workers of 33 for evacuation
[76.677s][info][gc,phases      ] GC(121)   Pre Evacuate Collection Set: 0.1ms
[76.677s][info][gc,phases      ] GC(121)   Merge Heap Roots: 0.2ms
[76.677s][info][gc,phases      ] GC(121)   Evacuate Collection Set: 2.9ms
[76.678s][info][gc,phases      ] GC(121)   Post Evacuate Collection Set: 0.3ms
[76.678s][info][gc,phases      ] GC(121)   Other: 0.1ms
[76.678s][info][gc,heap        ] GC(121) Eden regions: 5->0(4)
[76.678s][info][gc,heap        ] GC(121) Survivor regions: 1->1(1)
[76.678s][info][gc,heap        ] GC(121) Old regions: 3->4
[76.678s][info][gc,heap        ] GC(121) Archive regions: 0->0
[76.678s][info][gc,heap        ] GC(121) Humongous regions: 0->0
[76.678s][info][gc,metaspace   ] GC(121) Metaspace: 9844K(10176K)->9844K(10176K) NonClass: 8545K(8768K)->8545K(8768K) Class: 1299K(1408K)->1299K(1408K)
[76.678s][info][gc             ] GC(121) Pause Young (Normal) (G1 Evacuation Pause) 85M->5M(176M) 4.036ms
[76.678s][info][gc,cpu         ] GC(121) User=0.00s Sys=0.02s Real=0.00s
[76.940s][info][gc,start       ] GC(122) Pause Young (Normal) (G1 Evacuation Pause)
[76.941s][info][gc,task        ] GC(122) Using 4 workers of 33 for evacuation
[76.943s][info][gc,phases      ] GC(122)   Pre Evacuate Collection Set: 0.1ms
[76.943s][info][gc,phases      ] GC(122)   Merge Heap Roots: 0.1ms
[76.943s][info][gc,phases      ] GC(122)   Evacuate Collection Set: 1.8ms
[76.943s][info][gc,phases      ] GC(122)   Post Evacuate Collection Set: 0.2ms
[76.943s][info][gc,phases      ] GC(122)   Other: 0.1ms
[76.943s][info][gc,heap        ] GC(122) Eden regions: 4->0(4)
[76.943s][info][gc,heap        ] GC(122) Survivor regions: 1->1(1)
[76.943s][info][gc,heap        ] GC(122) Old regions: 4->4
[76.943s][info][gc,heap        ] GC(122) Archive regions: 0->0
[76.943s][info][gc,heap        ] GC(122) Humongous regions: 0->0
[76.943s][info][gc,metaspace   ] GC(122) Metaspace: 9844K(10176K)->9844K(10176K) NonClass: 8545K(8768K)->8545K(8768K) Class: 1299K(1408K)->1299K(1408K)
[76.943s][info][gc             ] GC(122) Pause Young (Normal) (G1 Evacuation Pause) 69M->5M(176M) 2.839ms
[76.943s][info][gc,cpu         ] GC(122) User=0.02s Sys=0.00s Real=0.00s
[77.210s][info][gc,start       ] GC(123) Pause Young (Normal) (G1 Evacuation Pause)
[77.242s][info][gc,task        ] GC(123) Using 4 workers of 33 for evacuation
[77.245s][info][gc,phases      ] GC(123)   Pre Evacuate Collection Set: 0.1ms
[77.245s][info][gc,phases      ] GC(123)   Merge Heap Roots: 0.1ms
[77.245s][info][gc,phases      ] GC(123)   Evacuate Collection Set: 1.7ms
[77.245s][info][gc,phases      ] GC(123)   Post Evacuate Collection Set: 0.2ms
[77.245s][info][gc,phases      ] GC(123)   Other: 0.1ms
[77.245s][info][gc,heap        ] GC(123) Eden regions: 4->0(4)
[77.245s][info][gc,heap        ] GC(123) Survivor regions: 1->1(1)
[77.245s][info][gc,heap        ] GC(123) Old regions: 4->4
[77.245s][info][gc,heap        ] GC(123) Archive regions: 0->0
[77.245s][info][gc,heap        ] GC(123) Humongous regions: 0->0
[77.245s][info][gc,metaspace   ] GC(123) Metaspace: 9844K(10176K)->9844K(10176K) NonClass: 8545K(8768K)->8545K(8768K) Class: 1299K(1408K)->1299K(1408K)
[77.245s][info][gc             ] GC(123) Pause Young (Normal) (G1 Evacuation Pause) 69M->5M(176M) 34.648ms
[77.245s][info][gc,cpu         ] GC(123) User=0.00s Sys=0.00s Real=0.04s
[77.510s][info][gc,start       ] GC(124) Pause Young (Normal) (G1 Evacuation Pause)
[77.510s][info][gc,task        ] GC(124) Using 4 workers of 33 for evacuation
[77.512s][info][gc,phases      ] GC(124)   Pre Evacuate Collection Set: 0.1ms
[77.512s][info][gc,phases      ] GC(124)   Merge Heap Roots: 0.1ms
[77.512s][info][gc,phases      ] GC(124)   Evacuate Collection Set: 1.7ms
[77.512s][info][gc,phases      ] GC(124)   Post Evacuate Collection Set: 0.2ms
[77.512s][info][gc,phases      ] GC(124)   Other: 0.1ms
[77.512s][info][gc,heap        ] GC(124) Eden regions: 4->0(4)
[77.512s][info][gc,heap        ] GC(124) Survivor regions: 1->1(1)
[77.512s][info][gc,heap        ] GC(124) Old regions: 4->4
[77.512s][info][gc,heap        ] GC(124) Archive regions: 0->0
[77.512s][info][gc,heap        ] GC(124) Humongous regions: 0->0
[77.513s][info][gc,metaspace   ] GC(124) Metaspace: 9844K(10176K)->9844K(10176K) NonClass: 8545K(8768K)->8545K(8768K) Class: 1299K(1408K)->1299K(1408K)
[77.513s][info][gc             ] GC(124) Pause Young (Normal) (G1 Evacuation Pause) 69M->5M(176M) 2.802ms
[77.513s][info][gc,cpu         ] GC(124) User=0.00s Sys=0.00s Real=0.00s
[77.771s][info][gc,start       ] GC(125) Pause Young (Normal) (G1 Evacuation Pause)
[77.771s][info][gc,task        ] GC(125) Using 4 workers of 33 for evacuation
[77.773s][info][gc,phases      ] GC(125)   Pre Evacuate Collection Set: 0.1ms
[77.773s][info][gc,phases      ] GC(125)   Merge Heap Roots: 0.1ms
[77.773s][info][gc,phases      ] GC(125)   Evacuate Collection Set: 1.4ms
[77.773s][info][gc,phases      ] GC(125)   Post Evacuate Collection Set: 0.2ms
[77.773s][info][gc,phases      ] GC(125)   Other: 0.1ms
[77.773s][info][gc,heap        ] GC(125) Eden regions: 4->0(4)
[77.773s][info][gc,heap        ] GC(125) Survivor regions: 1->1(1)
[77.773s][info][gc,heap        ] GC(125) Old regions: 4->4
[77.773s][info][gc,heap        ] GC(125) Archive regions: 0->0
[77.773s][info][gc,heap        ] GC(125) Humongous regions: 0->0
[77.773s][info][gc,metaspace   ] GC(125) Metaspace: 9844K(10176K)->9844K(10176K) NonClass: 8545K(8768K)->8545K(8768K) Class: 1299K(1408K)->1299K(1408K)
[77.773s][info][gc             ] GC(125) Pause Young (Normal) (G1 Evacuation Pause) 69M->5M(176M) 2.484ms
[77.773s][info][gc,cpu         ] GC(125) User=0.06s Sys=0.00s Real=0.00s
[77.998s][info][gc,start       ] GC(126) Pause Full (System.gc())
[77.999s][info][gc,task        ] GC(126) Using 1 workers of 33 for full compaction
[77.999s][info][gc,phases,start] GC(126) Phase 1: Mark live objects
[78.020s][info][gc,phases      ] GC(126) Phase 1: Mark live objects 20.885ms
[78.020s][info][gc,phases,start] GC(126) Phase 2: Prepare compaction
[78.022s][info][gc,phases      ] GC(126) Phase 2: Prepare compaction 2.459ms
[78.022s][info][gc,phases,start] GC(126) Phase 3: Adjust pointers
[78.031s][info][gc,phases      ] GC(126) Phase 3: Adjust pointers 9.141ms
[78.031s][info][gc,phases,start] GC(126) Phase 4: Compact heap
[78.034s][info][gc,phases      ] GC(126) Phase 4: Compact heap 2.538ms
[78.036s][info][gc,heap        ] GC(126) Eden regions: 4->0(2)
[78.036s][info][gc,heap        ] GC(126) Survivor regions: 1->0(1)
[78.037s][info][gc,heap        ] GC(126) Old regions: 4->1
[78.037s][info][gc,heap        ] GC(126) Archive regions: 0->0
[78.037s][info][gc,heap        ] GC(126) Humongous regions: 0->0
[78.037s][info][gc,metaspace   ] GC(126) Metaspace: 9845K(10176K)->9845K(10176K) NonClass: 8546K(8768K)->8546K(8768K) Class: 1299K(1408K)->1299K(1408K)
[78.037s][info][gc             ] GC(126) Pause Full (System.gc()) 59M->3M(64M) 38.302ms
[78.037s][info][gc,cpu         ] GC(126) User=0.05s Sys=0.00s Real=0.05s
[78.177s][info][gc,start       ] GC(127) Pause Young (Normal) (G1 Evacuation Pause)
[78.177s][info][gc,task        ] GC(127) Using 2 workers of 33 for evacuation
[78.181s][info][gc,phases      ] GC(127)   Pre Evacuate Collection Set: 0.1ms
[78.181s][info][gc,phases      ] GC(127)   Merge Heap Roots: 0.2ms
[78.181s][info][gc,phases      ] GC(127)   Evacuate Collection Set: 3.5ms
[78.181s][info][gc,phases      ] GC(127)   Post Evacuate Collection Set: 0.2ms
[78.181s][info][gc,phases      ] GC(127)   Other: 0.1ms
[78.181s][info][gc,heap        ] GC(127) Eden regions: 2->0(1)
[78.181s][info][gc,heap        ] GC(127) Survivor regions: 0->1(1)
[78.182s][info][gc,heap        ] GC(127) Old regions: 1->1
[78.182s][info][gc,heap        ] GC(127) Archive regions: 0->0
[78.182s][info][gc,heap        ] GC(127) Humongous regions: 0->0
[78.182s][info][gc,metaspace   ] GC(127) Metaspace: 9860K(10176K)->9860K(10176K) NonClass: 8561K(8768K)->8561K(8768K) Class: 1299K(1408K)->1299K(1408K)
[78.182s][info][gc             ] GC(127) Pause Young (Normal) (G1 Evacuation Pause) 35M->5M(64M) 4.630ms
[78.182s][info][gc,cpu         ] GC(127) User=0.03s Sys=0.00s Real=0.02s
[78.245s][info][gc,start       ] GC(128) Pause Young (Normal) (G1 Evacuation Pause)
[78.245s][info][gc,task        ] GC(128) Using 2 workers of 33 for evacuation
[78.249s][info][gc,phases      ] GC(128)   Pre Evacuate Collection Set: 0.1ms
[78.249s][info][gc,phases      ] GC(128)   Merge Heap Roots: 0.1ms
[78.249s][info][gc,phases      ] GC(128)   Evacuate Collection Set: 3.0ms
[78.249s][info][gc,phases      ] GC(128)   Post Evacuate Collection Set: 0.2ms
[78.249s][info][gc,phases      ] GC(128)   Other: 0.1ms
[78.249s][info][gc,heap        ] GC(128) Eden regions: 1->0(1)
[78.249s][info][gc,heap        ] GC(128) Survivor regions: 1->1(1)
[78.249s][info][gc,heap        ] GC(128) Old regions: 1->1
[78.249s][info][gc,heap        ] GC(128) Archive regions: 0->0
[78.249s][info][gc,heap        ] GC(128) Humongous regions: 0->0
[78.249s][info][gc,metaspace   ] GC(128) Metaspace: 9860K(10176K)->9860K(10176K) NonClass: 8561K(8768K)->8561K(8768K) Class: 1299K(1408K)->1299K(1408K)
[78.249s][info][gc             ] GC(128) Pause Young (Normal) (G1 Evacuation Pause) 21M->5M(64M) 4.097ms
[78.249s][info][gc,cpu         ] GC(128) User=0.00s Sys=0.00s Real=0.00s
[78.317s][info][gc,start       ] GC(129) Pause Young (Normal) (G1 Evacuation Pause)
[78.318s][info][gc,task        ] GC(129) Using 2 workers of 33 for evacuation
[78.322s][info][gc,phases      ] GC(129)   Pre Evacuate Collection Set: 0.1ms
[78.322s][info][gc,phases      ] GC(129)   Merge Heap Roots: 0.1ms
[78.322s][info][gc,phases      ] GC(129)   Evacuate Collection Set: 3.6ms
[78.322s][info][gc,phases      ] GC(129)   Post Evacuate Collection Set: 0.2ms
[78.322s][info][gc,phases      ] GC(129)   Other: 0.1ms
[78.322s][info][gc,heap        ] GC(129) Eden regions: 1->0(1)
[78.322s][info][gc,heap        ] GC(129) Survivor regions: 1->1(1)
[78.322s][info][gc,heap        ] GC(129) Old regions: 1->1
[78.322s][info][gc,heap        ] GC(129) Archive regions: 0->0
[78.322s][info][gc,heap        ] GC(129) Humongous regions: 0->0
[78.322s][info][gc,metaspace   ] GC(129) Metaspace: 9860K(10176K)->9860K(10176K) NonClass: 8561K(8768K)->8561K(8768K) Class: 1299K(1408K)->1299K(1408K)
[78.322s][info][gc             ] GC(129) Pause Young (Normal) (G1 Evacuation Pause) 21M->5M(64M) 4.578ms
[78.322s][info][gc,cpu         ] GC(129) User=0.03s Sys=0.00s Real=0.00s
[78.389s][info][gc,start       ] GC(130) Pause Young (Normal) (G1 Evacuation Pause)
[78.389s][info][gc,task        ] GC(130) Using 2 workers of 33 for evacuation
[78.400s][info][gc,phases      ] GC(130)   Pre Evacuate Collection Set: 0.1ms
[78.400s][info][gc,phases      ] GC(130)   Merge Heap Roots: 0.1ms
[78.400s][info][gc,phases      ] GC(130)   Evacuate Collection Set: 3.5ms
[78.400s][info][gc,phases      ] GC(130)   Post Evacuate Collection Set: 7.2ms
[78.400s][info][gc,phases      ] GC(130)   Other: 0.1ms
[78.400s][info][gc,heap        ] GC(130) Eden regions: 1->0(38)
[78.401s][info][gc,heap        ] GC(130) Survivor regions: 1->1(1)
[78.401s][info][gc,heap        ] GC(130) Old regions: 1->1
[78.401s][info][gc,heap        ] GC(130) Archive regions: 0->0
[78.401s][info][gc,heap        ] GC(130) Humongous regions: 0->0
[78.401s][info][gc,metaspace   ] GC(130) Metaspace: 9860K(10176K)->9860K(10176K) NonClass: 8561K(8768K)->8561K(8768K) Class: 1299K(1408K)->1299K(1408K)
[78.401s][info][gc             ] GC(130) Pause Young (Normal) (G1 Evacuation Pause) 21M->5M(1056M) 11.497ms
[78.401s][info][gc,cpu         ] GC(130) User=0.00s Sys=0.02s Real=0.01s
[81.108s][info][gc,start       ] GC(131) Pause Young (Normal) (G1 Evacuation Pause)
[81.108s][info][gc,task        ] GC(131) Using 25 workers of 33 for evacuation
[81.111s][info][gc,phases      ] GC(131)   Pre Evacuate Collection Set: 0.1ms
[81.111s][info][gc,phases      ] GC(131)   Merge Heap Roots: 0.2ms
[81.111s][info][gc,phases      ] GC(131)   Evacuate Collection Set: 1.4ms
[81.111s][info][gc,phases      ] GC(131)   Post Evacuate Collection Set: 0.5ms
[81.111s][info][gc,phases      ] GC(131)   Other: 0.1ms
[81.111s][info][gc,heap        ] GC(131) Eden regions: 38->0(38)
[81.111s][info][gc,heap        ] GC(131) Survivor regions: 1->1(5)
[81.111s][info][gc,heap        ] GC(131) Old regions: 1->1
[81.111s][info][gc,heap        ] GC(131) Archive regions: 0->0
[81.111s][info][gc,heap        ] GC(131) Humongous regions: 0->0
[81.111s][info][gc,metaspace   ] GC(131) Metaspace: 9860K(10176K)->9860K(10176K) NonClass: 8561K(8768K)->8561K(8768K) Class: 1299K(1408K)->1299K(1408K)
[81.111s][info][gc             ] GC(131) Pause Young (Normal) (G1 Evacuation Pause) 613M->5M(1056M) 2.916ms
[81.111s][info][gc,cpu         ] GC(131) User=0.00s Sys=0.00s Real=0.00s
[83.631s][info][gc,start       ] GC(132) Pause Young (Normal) (G1 Evacuation Pause)
[83.631s][info][gc,task        ] GC(132) Using 25 workers of 33 for evacuation
[83.634s][info][gc,phases      ] GC(132)   Pre Evacuate Collection Set: 0.1ms
[83.634s][info][gc,phases      ] GC(132)   Merge Heap Roots: 0.2ms
[83.634s][info][gc,phases      ] GC(132)   Evacuate Collection Set: 1.3ms
[83.634s][info][gc,phases      ] GC(132)   Post Evacuate Collection Set: 0.5ms
[83.634s][info][gc,phases      ] GC(132)   Other: 0.1ms
[83.634s][info][gc,heap        ] GC(132) Eden regions: 38->0(38)
[83.634s][info][gc,heap        ] GC(132) Survivor regions: 1->1(5)
[83.634s][info][gc,heap        ] GC(132) Old regions: 1->1
[83.634s][info][gc,heap        ] GC(132) Archive regions: 0->0
[83.634s][info][gc,heap        ] GC(132) Humongous regions: 0->0
[83.634s][info][gc,metaspace   ] GC(132) Metaspace: 9860K(10176K)->9860K(10176K) NonClass: 8561K(8768K)->8561K(8768K) Class: 1299K(1408K)->1299K(1408K)
[83.634s][info][gc             ] GC(132) Pause Young (Normal) (G1 Evacuation Pause) 613M->5M(1056M) 2.821ms
[83.634s][info][gc,cpu         ] GC(132) User=0.00s Sys=0.00s Real=0.00s
[84.942s][info][gc,start       ] GC(133) Pause Full (System.gc())
[84.943s][info][gc,task        ] GC(133) Using 6 workers of 33 for full compaction
[84.943s][info][gc,phases,start] GC(133) Phase 1: Mark live objects
[84.948s][info][gc,phases      ] GC(133) Phase 1: Mark live objects 5.321ms
[84.948s][info][gc,phases,start] GC(133) Phase 2: Prepare compaction
[84.952s][info][gc,phases      ] GC(133) Phase 2: Prepare compaction 3.626ms
[84.952s][info][gc,phases,start] GC(133) Phase 3: Adjust pointers
[84.957s][info][gc,phases      ] GC(133) Phase 3: Adjust pointers 5.013ms
[84.957s][info][gc,phases,start] GC(133) Phase 4: Compact heap
[84.960s][info][gc,phases      ] GC(133) Phase 4: Compact heap 2.569ms
[84.967s][info][gc,heap        ] GC(133) Eden regions: 20->0(4)
[84.967s][info][gc,heap        ] GC(133) Survivor regions: 1->0(5)
[84.967s][info][gc,heap        ] GC(133) Old regions: 1->2
[84.967s][info][gc,heap        ] GC(133) Archive regions: 0->0
[84.967s][info][gc,heap        ] GC(133) Humongous regions: 0->0
[84.967s][info][gc,metaspace   ] GC(133) Metaspace: 9861K(10176K)->9861K(10176K) NonClass: 8561K(8768K)->8561K(8768K) Class: 1299K(1408K)->1299K(1408K)
[84.967s][info][gc             ] GC(133) Pause Full (System.gc()) 319M->3M(112M) 24.631ms
[84.967s][info][gc,cpu         ] GC(133) User=0.11s Sys=0.00s Real=0.03s
[85.223s][info][gc,start       ] GC(134) Pause Young (Normal) (G1 Evacuation Pause)
[85.223s][info][gc,task        ] GC(134) Using 4 workers of 33 for evacuation
[85.225s][info][gc,phases      ] GC(134)   Pre Evacuate Collection Set: 0.1ms
[85.225s][info][gc,phases      ] GC(134)   Merge Heap Roots: 0.1ms
[85.225s][info][gc,phases      ] GC(134)   Evacuate Collection Set: 1.6ms
[85.225s][info][gc,phases      ] GC(134)   Post Evacuate Collection Set: 0.2ms
[85.225s][info][gc,phases      ] GC(134)   Other: 0.1ms
[85.225s][info][gc,heap        ] GC(134) Eden regions: 4->0(3)
[85.225s][info][gc,heap        ] GC(134) Survivor regions: 0->1(1)
[85.225s][info][gc,heap        ] GC(134) Old regions: 2->2
[85.225s][info][gc,heap        ] GC(134) Archive regions: 0->0
[85.225s][info][gc,heap        ] GC(134) Humongous regions: 0->0
[85.225s][info][gc,metaspace   ] GC(134) Metaspace: 9863K(10176K)->9863K(10176K) NonClass: 8563K(8768K)->8563K(8768K) Class: 1299K(1408K)->1299K(1408K)
[85.225s][info][gc             ] GC(134) Pause Young (Normal) (G1 Evacuation Pause) 67M->5M(112M) 2.642ms
[85.225s][info][gc,cpu         ] GC(134) User=0.00s Sys=0.00s Real=0.00s
[85.417s][info][gc,start       ] GC(135) Pause Young (Normal) (G1 Evacuation Pause)
[85.417s][info][gc,task        ] GC(135) Using 3 workers of 33 for evacuation
[85.420s][info][gc,phases      ] GC(135)   Pre Evacuate Collection Set: 0.1ms
[85.420s][info][gc,phases      ] GC(135)   Merge Heap Roots: 0.1ms
[85.420s][info][gc,phases      ] GC(135)   Evacuate Collection Set: 2.3ms
[85.420s][info][gc,phases      ] GC(135)   Post Evacuate Collection Set: 0.2ms
[85.420s][info][gc,phases      ] GC(135)   Other: 0.1ms
[85.420s][info][gc,heap        ] GC(135) Eden regions: 3->0(3)
[85.420s][info][gc,heap        ] GC(135) Survivor regions: 1->1(1)
[85.420s][info][gc,heap        ] GC(135) Old regions: 2->2
[85.420s][info][gc,heap        ] GC(135) Archive regions: 0->0
[85.420s][info][gc,heap        ] GC(135) Humongous regions: 0->0
[85.420s][info][gc,metaspace   ] GC(135) Metaspace: 9863K(10176K)->9863K(10176K) NonClass: 8563K(8768K)->8563K(8768K) Class: 1299K(1408K)->1299K(1408K)
[85.421s][info][gc             ] GC(135) Pause Young (Normal) (G1 Evacuation Pause) 53M->5M(112M) 3.311ms
[85.421s][info][gc,cpu         ] GC(135) User=0.00s Sys=0.00s Real=0.00s
[85.617s][info][gc,start       ] GC(136) Pause Young (Normal) (G1 Evacuation Pause)
[85.617s][info][gc,task        ] GC(136) Using 2 workers of 33 for evacuation
[85.621s][info][gc,phases      ] GC(136)   Pre Evacuate Collection Set: 0.1ms
[85.621s][info][gc,phases      ] GC(136)   Merge Heap Roots: 0.2ms
[85.621s][info][gc,phases      ] GC(136)   Evacuate Collection Set: 3.6ms
[85.621s][info][gc,phases      ] GC(136)   Post Evacuate Collection Set: 0.2ms
[85.621s][info][gc,phases      ] GC(136)   Other: 0.1ms
[85.621s][info][gc,heap        ] GC(136) Eden regions: 3->0(3)
[85.621s][info][gc,heap        ] GC(136) Survivor regions: 1->1(1)
[85.621s][info][gc,heap        ] GC(136) Old regions: 2->2
[85.622s][info][gc,heap        ] GC(136) Archive regions: 0->0
[85.622s][info][gc,heap        ] GC(136) Humongous regions: 0->0
[85.622s][info][gc,metaspace   ] GC(136) Metaspace: 9863K(10176K)->9863K(10176K) NonClass: 8563K(8768K)->8563K(8768K) Class: 1299K(1408K)->1299K(1408K)
[85.622s][info][gc             ] GC(136) Pause Young (Normal) (G1 Evacuation Pause) 53M->5M(112M) 4.777ms
[85.622s][info][gc,cpu         ] GC(136) User=0.02s Sys=0.00s Real=0.00s
[85.826s][info][gc,start       ] GC(137) Pause Young (Normal) (G1 Evacuation Pause)
[85.826s][info][gc,task        ] GC(137) Using 2 workers of 33 for evacuation
[85.837s][info][gc,phases      ] GC(137)   Pre Evacuate Collection Set: 0.1ms
[85.837s][info][gc,phases      ] GC(137)   Merge Heap Roots: 0.2ms
[85.837s][info][gc,phases      ] GC(137)   Evacuate Collection Set: 3.6ms
[85.837s][info][gc,phases      ] GC(137)   Post Evacuate Collection Set: 7.3ms
[85.837s][info][gc,phases      ] GC(137)   Other: 0.1ms
[85.837s][info][gc,heap        ] GC(137) Eden regions: 3->0(39)
[85.837s][info][gc,heap        ] GC(137) Survivor regions: 1->1(1)
[85.837s][info][gc,heap        ] GC(137) Old regions: 2->2
[85.837s][info][gc,heap        ] GC(137) Archive regions: 0->0
[85.837s][info][gc,heap        ] GC(137) Humongous regions: 0->0
[85.837s][info][gc,metaspace   ] GC(137) Metaspace: 9863K(10176K)->9863K(10176K) NonClass: 8563K(8768K)->8563K(8768K) Class: 1299K(1408K)->1299K(1408K)
[85.837s][info][gc             ] GC(137) Pause Young (Normal) (G1 Evacuation Pause) 53M->5M(1088M) 11.785ms
[85.837s][info][gc,cpu         ] GC(137) User=0.00s Sys=0.02s Real=0.01s
[88.703s][info][gc,start       ] GC(138) Pause Young (Normal) (G1 Evacuation Pause)
[88.704s][info][gc,task        ] GC(138) Using 26 workers of 33 for evacuation
[88.706s][info][gc,phases      ] GC(138)   Pre Evacuate Collection Set: 0.2ms
[88.706s][info][gc,phases      ] GC(138)   Merge Heap Roots: 0.2ms
[88.706s][info][gc,phases      ] GC(138)   Evacuate Collection Set: 1.6ms
[88.706s][info][gc,phases      ] GC(138)   Post Evacuate Collection Set: 0.5ms
[88.706s][info][gc,phases      ] GC(138)   Other: 0.2ms
[88.706s][info][gc,heap        ] GC(138) Eden regions: 39->0(39)
[88.707s][info][gc,heap        ] GC(138) Survivor regions: 1->1(5)
[88.707s][info][gc,heap        ] GC(138) Old regions: 2->2
[88.707s][info][gc,heap        ] GC(138) Archive regions: 0->0
[88.707s][info][gc,heap        ] GC(138) Humongous regions: 0->0
[88.707s][info][gc,metaspace   ] GC(138) Metaspace: 9863K(10176K)->9863K(10176K) NonClass: 8563K(8768K)->8563K(8768K) Class: 1299K(1408K)->1299K(1408K)
[88.707s][info][gc             ] GC(138) Pause Young (Normal) (G1 Evacuation Pause) 629M->5M(1088M) 3.226ms
[88.707s][info][gc,cpu         ] GC(138) User=0.00s Sys=0.00s Real=0.00s
[91.306s][info][gc,start       ] GC(139) Pause Young (Normal) (G1 Evacuation Pause)
[91.306s][info][gc,task        ] GC(139) Using 26 workers of 33 for evacuation
[91.309s][info][gc,phases      ] GC(139)   Pre Evacuate Collection Set: 0.1ms
[91.309s][info][gc,phases      ] GC(139)   Merge Heap Roots: 0.2ms
[91.309s][info][gc,phases      ] GC(139)   Evacuate Collection Set: 1.6ms
[91.309s][info][gc,phases      ] GC(139)   Post Evacuate Collection Set: 0.5ms
[91.309s][info][gc,phases      ] GC(139)   Other: 0.1ms
[91.309s][info][gc,heap        ] GC(139) Eden regions: 39->0(39)
[91.309s][info][gc,heap        ] GC(139) Survivor regions: 1->1(5)
[91.309s][info][gc,heap        ] GC(139) Old regions: 2->2
[91.309s][info][gc,heap        ] GC(139) Archive regions: 0->0
[91.309s][info][gc,heap        ] GC(139) Humongous regions: 0->0
[91.309s][info][gc,metaspace   ] GC(139) Metaspace: 9863K(10176K)->9863K(10176K) NonClass: 8563K(8768K)->8563K(8768K) Class: 1299K(1408K)->1299K(1408K)
[91.309s][info][gc             ] GC(139) Pause Young (Normal) (G1 Evacuation Pause) 629M->5M(1088M) 3.191ms
[91.309s][info][gc,cpu         ] GC(139) User=0.00s Sys=0.00s Real=0.00s
[91.909s][info][gc,start       ] GC(140) Pause Full (System.gc())
[91.909s][info][gc,task        ] GC(140) Using 6 workers of 33 for full compaction
[91.910s][info][gc,phases,start] GC(140) Phase 1: Mark live objects
[91.915s][info][gc,phases      ] GC(140) Phase 1: Mark live objects 5.652ms
[91.915s][info][gc,phases,start] GC(140) Phase 2: Prepare compaction
[91.919s][info][gc,phases      ] GC(140) Phase 2: Prepare compaction 3.484ms
[91.919s][info][gc,phases,start] GC(140) Phase 3: Adjust pointers
[91.924s][info][gc,phases      ] GC(140) Phase 3: Adjust pointers 4.883ms
[91.924s][info][gc,phases,start] GC(140) Phase 4: Compact heap
[91.926s][info][gc,phases      ] GC(140) Phase 4: Compact heap 2.457ms
[91.935s][info][gc,heap        ] GC(140) Eden regions: 10->0(6)
[91.935s][info][gc,heap        ] GC(140) Survivor regions: 1->0(5)
[91.935s][info][gc,heap        ] GC(140) Old regions: 2->3
[91.935s][info][gc,heap        ] GC(140) Archive regions: 0->0
[91.935s][info][gc,heap        ] GC(140) Humongous regions: 0->0
[91.935s][info][gc,metaspace   ] GC(140) Metaspace: 9865K(10176K)->9865K(10176K) NonClass: 8566K(8768K)->8566K(8768K) Class: 1299K(1408K)->1299K(1408K)
[91.935s][info][gc             ] GC(140) Pause Full (System.gc()) 149M->3M(160M) 26.434ms
[91.936s][info][gc,cpu         ] GC(140) User=0.09s Sys=0.27s Real=0.03s
[92.324s][info][gc,start       ] GC(141) Pause Young (Normal) (G1 Evacuation Pause)
[92.324s][info][gc,task        ] GC(141) Using 4 workers of 33 for evacuation
[92.326s][info][gc,phases      ] GC(141)   Pre Evacuate Collection Set: 0.1ms
[92.326s][info][gc,phases      ] GC(141)   Merge Heap Roots: 0.1ms
[92.326s][info][gc,phases      ] GC(141)   Evacuate Collection Set: 1.9ms
[92.326s][info][gc,phases      ] GC(141)   Post Evacuate Collection Set: 0.2ms
[92.326s][info][gc,phases      ] GC(141)   Other: 0.1ms
[92.326s][info][gc,heap        ] GC(141) Eden regions: 6->0(5)
[92.326s][info][gc,heap        ] GC(141) Survivor regions: 0->1(1)
[92.326s][info][gc,heap        ] GC(141) Old regions: 3->3
[92.327s][info][gc,heap        ] GC(141) Archive regions: 0->0
[92.327s][info][gc,heap        ] GC(141) Humongous regions: 0->0
[92.327s][info][gc,metaspace   ] GC(141) Metaspace: 9873K(10176K)->9873K(10176K) NonClass: 8574K(8768K)->8574K(8768K) Class: 1299K(1408K)->1299K(1408K)
[92.327s][info][gc             ] GC(141) Pause Young (Normal) (G1 Evacuation Pause) 99M->5M(160M) 2.957ms
[92.327s][info][gc,cpu         ] GC(141) User=0.00s Sys=0.00s Real=0.00s
[92.650s][info][gc,start       ] GC(142) Pause Young (Normal) (G1 Evacuation Pause)
[92.650s][info][gc,task        ] GC(142) Using 3 workers of 33 for evacuation
[92.653s][info][gc,phases      ] GC(142)   Pre Evacuate Collection Set: 0.1ms
[92.653s][info][gc,phases      ] GC(142)   Merge Heap Roots: 0.2ms
[92.654s][info][gc,phases      ] GC(142)   Evacuate Collection Set: 2.6ms
[92.654s][info][gc,phases      ] GC(142)   Post Evacuate Collection Set: 0.2ms
[92.654s][info][gc,phases      ] GC(142)   Other: 0.1ms
[92.654s][info][gc,heap        ] GC(142) Eden regions: 5->0(5)
[92.654s][info][gc,heap        ] GC(142) Survivor regions: 1->1(1)
[92.654s][info][gc,heap        ] GC(142) Old regions: 3->3
[92.654s][info][gc,heap        ] GC(142) Archive regions: 0->0
[92.654s][info][gc,heap        ] GC(142) Humongous regions: 0->0
[92.654s][info][gc,metaspace   ] GC(142) Metaspace: 9873K(10176K)->9873K(10176K) NonClass: 8574K(8768K)->8574K(8768K) Class: 1299K(1408K)->1299K(1408K)
[92.654s][info][gc             ] GC(142) Pause Young (Normal) (G1 Evacuation Pause) 85M->5M(160M) 3.711ms
[92.654s][info][gc,cpu         ] GC(142) User=0.00s Sys=0.00s Real=0.00s
[92.979s][info][gc,start       ] GC(143) Pause Young (Normal) (G1 Evacuation Pause)
[92.980s][info][gc,task        ] GC(143) Using 3 workers of 33 for evacuation
[92.983s][info][gc,phases      ] GC(143)   Pre Evacuate Collection Set: 0.1ms
[92.983s][info][gc,phases      ] GC(143)   Merge Heap Roots: 0.1ms
[92.983s][info][gc,phases      ] GC(143)   Evacuate Collection Set: 2.4ms
[92.983s][info][gc,phases      ] GC(143)   Post Evacuate Collection Set: 0.2ms
[92.983s][info][gc,phases      ] GC(143)   Other: 0.1ms
[92.983s][info][gc,heap        ] GC(143) Eden regions: 5->0(5)
[92.983s][info][gc,heap        ] GC(143) Survivor regions: 1->1(1)
[92.983s][info][gc,heap        ] GC(143) Old regions: 3->3
[92.983s][info][gc,heap        ] GC(143) Archive regions: 0->0
[92.983s][info][gc,heap        ] GC(143) Humongous regions: 0->0
[92.983s][info][gc,metaspace   ] GC(143) Metaspace: 9873K(10176K)->9873K(10176K) NonClass: 8574K(8768K)->8574K(8768K) Class: 1299K(1408K)->1299K(1408K)
[92.983s][info][gc             ] GC(143) Pause Young (Normal) (G1 Evacuation Pause) 85M->5M(160M) 3.435ms
[92.983s][info][gc,cpu         ] GC(143) User=0.05s Sys=0.00s Real=0.02s
[93.317s][info][gc,start       ] GC(144) Pause Young (Normal) (G1 Evacuation Pause)
[93.317s][info][gc,task        ] GC(144) Using 3 workers of 33 for evacuation
[93.320s][info][gc,phases      ] GC(144)   Pre Evacuate Collection Set: 0.1ms
[93.320s][info][gc,phases      ] GC(144)   Merge Heap Roots: 0.2ms
[93.320s][info][gc,phases      ] GC(144)   Evacuate Collection Set: 2.4ms
[93.320s][info][gc,phases      ] GC(144)   Post Evacuate Collection Set: 0.2ms
[93.320s][info][gc,phases      ] GC(144)   Other: 0.1ms
[93.320s][info][gc,heap        ] GC(144) Eden regions: 5->0(5)
[93.320s][info][gc,heap        ] GC(144) Survivor regions: 1->1(1)
[93.320s][info][gc,heap        ] GC(144) Old regions: 3->3
[93.320s][info][gc,heap        ] GC(144) Archive regions: 0->0
[93.320s][info][gc,heap        ] GC(144) Humongous regions: 0->0
[93.320s][info][gc,metaspace   ] GC(144) Metaspace: 9873K(10176K)->9873K(10176K) NonClass: 8574K(8768K)->8574K(8768K) Class: 1299K(1408K)->1299K(1408K)
[93.321s][info][gc             ] GC(144) Pause Young (Normal) (G1 Evacuation Pause) 85M->5M(160M) 3.504ms
[93.321s][info][gc,cpu         ] GC(144) User=0.00s Sys=0.00s Real=0.00s
[93.673s][info][gc,start       ] GC(145) Pause Young (Normal) (G1 Evacuation Pause)
[93.674s][info][gc,task        ] GC(145) Using 3 workers of 33 for evacuation
[93.676s][info][gc,phases      ] GC(145)   Pre Evacuate Collection Set: 0.1ms
[93.676s][info][gc,phases      ] GC(145)   Merge Heap Roots: 0.2ms
[93.677s][info][gc,phases      ] GC(145)   Evacuate Collection Set: 2.3ms
[93.677s][info][gc,phases      ] GC(145)   Post Evacuate Collection Set: 0.3ms
[93.677s][info][gc,phases      ] GC(145)   Other: 0.1ms
[93.677s][info][gc,heap        ] GC(145) Eden regions: 5->0(5)
[93.677s][info][gc,heap        ] GC(145) Survivor regions: 1->1(1)
[93.677s][info][gc,heap        ] GC(145) Old regions: 3->3
[93.677s][info][gc,heap        ] GC(145) Archive regions: 0->0
[93.677s][info][gc,heap        ] GC(145) Humongous regions: 0->0
[93.677s][info][gc,metaspace   ] GC(145) Metaspace: 9873K(10176K)->9873K(10176K) NonClass: 8574K(8768K)->8574K(8768K) Class: 1299K(1408K)->1299K(1408K)
[93.677s][info][gc             ] GC(145) Pause Young (Normal) (G1 Evacuation Pause) 85M->5M(160M) 3.497ms
[93.677s][info][gc,cpu         ] GC(145) User=0.00s Sys=0.00s Real=0.00s
[94.019s][info][gc,start       ] GC(146) Pause Young (Normal) (G1 Evacuation Pause)
[94.019s][info][gc,task        ] GC(146) Using 3 workers of 33 for evacuation
[94.022s][info][gc,phases      ] GC(146)   Pre Evacuate Collection Set: 0.1ms
[94.022s][info][gc,phases      ] GC(146)   Merge Heap Roots: 0.2ms
[94.022s][info][gc,phases      ] GC(146)   Evacuate Collection Set: 2.3ms
[94.022s][info][gc,phases      ] GC(146)   Post Evacuate Collection Set: 0.3ms
[94.022s][info][gc,phases      ] GC(146)   Other: 0.1ms
[94.022s][info][gc,heap        ] GC(146) Eden regions: 5->0(5)
[94.022s][info][gc,heap        ] GC(146) Survivor regions: 1->1(1)
[94.022s][info][gc,heap        ] GC(146) Old regions: 3->3
[94.022s][info][gc,heap        ] GC(146) Archive regions: 0->0
[94.022s][info][gc,heap        ] GC(146) Humongous regions: 0->0
[94.022s][info][gc,metaspace   ] GC(146) Metaspace: 9873K(10176K)->9873K(10176K) NonClass: 8574K(8768K)->8574K(8768K) Class: 1299K(1408K)->1299K(1408K)
[94.022s][info][gc             ] GC(146) Pause Young (Normal) (G1 Evacuation Pause) 85M->5M(160M) 3.448ms
[94.022s][info][gc,cpu         ] GC(146) User=0.02s Sys=0.00s Real=0.02s
[94.351s][info][gc,start       ] GC(147) Pause Young (Normal) (G1 Evacuation Pause)
[94.351s][info][gc,task        ] GC(147) Using 3 workers of 33 for evacuation
[94.354s][info][gc,phases      ] GC(147)   Pre Evacuate Collection Set: 0.1ms
[94.354s][info][gc,phases      ] GC(147)   Merge Heap Roots: 0.1ms
[94.354s][info][gc,phases      ] GC(147)   Evacuate Collection Set: 2.3ms
[94.354s][info][gc,phases      ] GC(147)   Post Evacuate Collection Set: 0.2ms
[94.354s][info][gc,phases      ] GC(147)   Other: 0.1ms
[94.354s][info][gc,heap        ] GC(147) Eden regions: 5->0(5)
[94.354s][info][gc,heap        ] GC(147) Survivor regions: 1->1(1)
[94.354s][info][gc,heap        ] GC(147) Old regions: 3->3
[94.354s][info][gc,heap        ] GC(147) Archive regions: 0->0
[94.354s][info][gc,heap        ] GC(147) Humongous regions: 0->0
[94.354s][info][gc,metaspace   ] GC(147) Metaspace: 9873K(10176K)->9873K(10176K) NonClass: 8574K(8768K)->8574K(8768K) Class: 1299K(1408K)->1299K(1408K)
[94.354s][info][gc             ] GC(147) Pause Young (Normal) (G1 Evacuation Pause) 85M->5M(160M) 3.351ms
[94.354s][info][gc,cpu         ] GC(147) User=0.00s Sys=0.00s Real=0.00s
[94.678s][info][gc,start       ] GC(148) Pause Young (Normal) (G1 Evacuation Pause)
[94.678s][info][gc,task        ] GC(148) Using 3 workers of 33 for evacuation
[94.681s][info][gc,phases      ] GC(148)   Pre Evacuate Collection Set: 0.1ms
[94.681s][info][gc,phases      ] GC(148)   Merge Heap Roots: 0.1ms
[94.681s][info][gc,phases      ] GC(148)   Evacuate Collection Set: 2.4ms
[94.681s][info][gc,phases      ] GC(148)   Post Evacuate Collection Set: 0.2ms
[94.681s][info][gc,phases      ] GC(148)   Other: 0.1ms
[94.681s][info][gc,heap        ] GC(148) Eden regions: 5->0(5)
[94.681s][info][gc,heap        ] GC(148) Survivor regions: 1->1(1)
[94.681s][info][gc,heap        ] GC(148) Old regions: 3->3
[94.681s][info][gc,heap        ] GC(148) Archive regions: 0->0
[94.681s][info][gc,heap        ] GC(148) Humongous regions: 0->0
[94.681s][info][gc,metaspace   ] GC(148) Metaspace: 9873K(10176K)->9873K(10176K) NonClass: 8574K(8768K)->8574K(8768K) Class: 1299K(1408K)->1299K(1408K)
[94.681s][info][gc             ] GC(148) Pause Young (Normal) (G1 Evacuation Pause) 85M->5M(160M) 3.536ms
[94.681s][info][gc,cpu         ] GC(148) User=0.02s Sys=0.00s Real=0.00s
[95.014s][info][gc,start       ] GC(149) Pause Young (Normal) (G1 Evacuation Pause)
[95.014s][info][gc,task        ] GC(149) Using 3 workers of 33 for evacuation
[95.017s][info][gc,phases      ] GC(149)   Pre Evacuate Collection Set: 0.1ms
[95.017s][info][gc,phases      ] GC(149)   Merge Heap Roots: 0.2ms
[95.017s][info][gc,phases      ] GC(149)   Evacuate Collection Set: 2.4ms
[95.017s][info][gc,phases      ] GC(149)   Post Evacuate Collection Set: 0.2ms
[95.017s][info][gc,phases      ] GC(149)   Other: 0.1ms
[95.017s][info][gc,heap        ] GC(149) Eden regions: 5->0(5)
[95.017s][info][gc,heap        ] GC(149) Survivor regions: 1->1(1)
[95.017s][info][gc,heap        ] GC(149) Old regions: 3->3
[95.017s][info][gc,heap        ] GC(149) Archive regions: 0->0
[95.017s][info][gc,heap        ] GC(149) Humongous regions: 0->0
[95.017s][info][gc,metaspace   ] GC(149) Metaspace: 9873K(10176K)->9873K(10176K) NonClass: 8574K(8768K)->8574K(8768K) Class: 1299K(1408K)->1299K(1408K)
[95.017s][info][gc             ] GC(149) Pause Young (Normal) (G1 Evacuation Pause) 85M->5M(160M) 3.620ms
[95.017s][info][gc,cpu         ] GC(149) User=0.00s Sys=0.00s Real=0.00s
[95.351s][info][gc,start       ] GC(150) Pause Young (Normal) (G1 Evacuation Pause)
[95.351s][info][gc,task        ] GC(150) Using 3 workers of 33 for evacuation
[95.354s][info][gc,phases      ] GC(150)   Pre Evacuate Collection Set: 0.1ms
[95.354s][info][gc,phases      ] GC(150)   Merge Heap Roots: 0.1ms
[95.354s][info][gc,phases      ] GC(150)   Evacuate Collection Set: 2.4ms
[95.354s][info][gc,phases      ] GC(150)   Post Evacuate Collection Set: 0.2ms
[95.354s][info][gc,phases      ] GC(150)   Other: 0.1ms
[95.354s][info][gc,heap        ] GC(150) Eden regions: 5->0(5)
[95.354s][info][gc,heap        ] GC(150) Survivor regions: 1->1(1)
[95.354s][info][gc,heap        ] GC(150) Old regions: 3->3
[95.354s][info][gc,heap        ] GC(150) Archive regions: 0->0
[95.354s][info][gc,heap        ] GC(150) Humongous regions: 0->0
[95.354s][info][gc,metaspace   ] GC(150) Metaspace: 9873K(10176K)->9873K(10176K) NonClass: 8574K(8768K)->8574K(8768K) Class: 1299K(1408K)->1299K(1408K)
[95.354s][info][gc             ] GC(150) Pause Young (Normal) (G1 Evacuation Pause) 85M->5M(160M) 3.543ms
[95.354s][info][gc,cpu         ] GC(150) User=0.00s Sys=0.00s Real=0.00s
[95.690s][info][gc,start       ] GC(151) Pause Young (Normal) (G1 Evacuation Pause)
[95.690s][info][gc,task        ] GC(151) Using 3 workers of 33 for evacuation
[95.693s][info][gc,phases      ] GC(151)   Pre Evacuate Collection Set: 0.1ms
[95.693s][info][gc,phases      ] GC(151)   Merge Heap Roots: 0.1ms
[95.693s][info][gc,phases      ] GC(151)   Evacuate Collection Set: 2.2ms
[95.693s][info][gc,phases      ] GC(151)   Post Evacuate Collection Set: 0.2ms
[95.693s][info][gc,phases      ] GC(151)   Other: 0.1ms
[95.693s][info][gc,heap        ] GC(151) Eden regions: 5->0(5)
[95.693s][info][gc,heap        ] GC(151) Survivor regions: 1->1(1)
[95.693s][info][gc,heap        ] GC(151) Old regions: 3->3
[95.693s][info][gc,heap        ] GC(151) Archive regions: 0->0
[95.693s][info][gc,heap        ] GC(151) Humongous regions: 0->0
[95.693s][info][gc,metaspace   ] GC(151) Metaspace: 9873K(10176K)->9873K(10176K) NonClass: 8574K(8768K)->8574K(8768K) Class: 1299K(1408K)->1299K(1408K)
[95.693s][info][gc             ] GC(151) Pause Young (Normal) (G1 Evacuation Pause) 85M->5M(160M) 3.349ms
[95.693s][info][gc,cpu         ] GC(151) User=0.00s Sys=0.00s Real=0.00s
[96.032s][info][gc,start       ] GC(152) Pause Young (Normal) (G1 Evacuation Pause)
[96.033s][info][gc,task        ] GC(152) Using 3 workers of 33 for evacuation
[96.035s][info][gc,phases      ] GC(152)   Pre Evacuate Collection Set: 0.1ms
[96.035s][info][gc,phases      ] GC(152)   Merge Heap Roots: 0.1ms
[96.035s][info][gc,phases      ] GC(152)   Evacuate Collection Set: 2.3ms
[96.035s][info][gc,phases      ] GC(152)   Post Evacuate Collection Set: 0.2ms
[96.036s][info][gc,phases      ] GC(152)   Other: 0.1ms
[96.036s][info][gc,heap        ] GC(152) Eden regions: 5->0(5)
[96.036s][info][gc,heap        ] GC(152) Survivor regions: 1->1(1)
[96.036s][info][gc,heap        ] GC(152) Old regions: 3->3
[96.036s][info][gc,heap        ] GC(152) Archive regions: 0->0
[96.036s][info][gc,heap        ] GC(152) Humongous regions: 0->0
[96.036s][info][gc,metaspace   ] GC(152) Metaspace: 9873K(10176K)->9873K(10176K) NonClass: 8574K(8768K)->8574K(8768K) Class: 1299K(1408K)->1299K(1408K)
[96.036s][info][gc             ] GC(152) Pause Young (Normal) (G1 Evacuation Pause) 85M->5M(160M) 3.379ms
[96.036s][info][gc,cpu         ] GC(152) User=0.00s Sys=0.00s Real=0.00s
[96.362s][info][gc,start       ] GC(153) Pause Young (Normal) (G1 Evacuation Pause)
[96.362s][info][gc,task        ] GC(153) Using 3 workers of 33 for evacuation
[96.365s][info][gc,phases      ] GC(153)   Pre Evacuate Collection Set: 0.1ms
[96.365s][info][gc,phases      ] GC(153)   Merge Heap Roots: 0.2ms
[96.365s][info][gc,phases      ] GC(153)   Evacuate Collection Set: 2.5ms
[96.365s][info][gc,phases      ] GC(153)   Post Evacuate Collection Set: 0.2ms
[96.366s][info][gc,phases      ] GC(153)   Other: 0.1ms
[96.366s][info][gc,heap        ] GC(153) Eden regions: 5->0(5)
[96.366s][info][gc,heap        ] GC(153) Survivor regions: 1->1(1)
[96.366s][info][gc,heap        ] GC(153) Old regions: 3->3
[96.366s][info][gc,heap        ] GC(153) Archive regions: 0->0
[96.366s][info][gc,heap        ] GC(153) Humongous regions: 0->0
[96.366s][info][gc,metaspace   ] GC(153) Metaspace: 9873K(10176K)->9873K(10176K) NonClass: 8574K(8768K)->8574K(8768K) Class: 1299K(1408K)->1299K(1408K)
[96.366s][info][gc             ] GC(153) Pause Young (Normal) (G1 Evacuation Pause) 85M->5M(160M) 3.565ms
[96.366s][info][gc,cpu         ] GC(153) User=0.00s Sys=0.00s Real=0.00s
[96.701s][info][gc,start       ] GC(154) Pause Young (Normal) (G1 Evacuation Pause)
[96.701s][info][gc,task        ] GC(154) Using 3 workers of 33 for evacuation
[96.704s][info][gc,phases      ] GC(154)   Pre Evacuate Collection Set: 0.1ms
[96.705s][info][gc,phases      ] GC(154)   Merge Heap Roots: 0.2ms
[96.705s][info][gc,phases      ] GC(154)   Evacuate Collection Set: 2.6ms
[96.705s][info][gc,phases      ] GC(154)   Post Evacuate Collection Set: 0.2ms
[96.705s][info][gc,phases      ] GC(154)   Other: 0.1ms
[96.705s][info][gc,heap        ] GC(154) Eden regions: 5->0(5)
[96.705s][info][gc,heap        ] GC(154) Survivor regions: 1->1(1)
[96.705s][info][gc,heap        ] GC(154) Old regions: 3->3
[96.705s][info][gc,heap        ] GC(154) Archive regions: 0->0
[96.705s][info][gc,heap        ] GC(154) Humongous regions: 0->0
[96.705s][info][gc,metaspace   ] GC(154) Metaspace: 9873K(10176K)->9873K(10176K) NonClass: 8574K(8768K)->8574K(8768K) Class: 1299K(1408K)->1299K(1408K)
[96.705s][info][gc             ] GC(154) Pause Young (Normal) (G1 Evacuation Pause) 85M->5M(160M) 3.749ms
[96.705s][info][gc,cpu         ] GC(154) User=0.00s Sys=0.00s Real=0.00s
[97.043s][info][gc,start       ] GC(155) Pause Young (Normal) (G1 Evacuation Pause)
[97.043s][info][gc,task        ] GC(155) Using 3 workers of 33 for evacuation
[97.046s][info][gc,phases      ] GC(155)   Pre Evacuate Collection Set: 0.1ms
[97.046s][info][gc,phases      ] GC(155)   Merge Heap Roots: 0.1ms
[97.046s][info][gc,phases      ] GC(155)   Evacuate Collection Set: 2.3ms
[97.046s][info][gc,phases      ] GC(155)   Post Evacuate Collection Set: 0.2ms
[97.046s][info][gc,phases      ] GC(155)   Other: 0.1ms
[97.046s][info][gc,heap        ] GC(155) Eden regions: 5->0(5)
[97.046s][info][gc,heap        ] GC(155) Survivor regions: 1->1(1)
[97.046s][info][gc,heap        ] GC(155) Old regions: 3->3
[97.046s][info][gc,heap        ] GC(155) Archive regions: 0->0
[97.046s][info][gc,heap        ] GC(155) Humongous regions: 0->0
[97.046s][info][gc,metaspace   ] GC(155) Metaspace: 9873K(10176K)->9873K(10176K) NonClass: 8574K(8768K)->8574K(8768K) Class: 1299K(1408K)->1299K(1408K)
[97.046s][info][gc             ] GC(155) Pause Young (Normal) (G1 Evacuation Pause) 85M->5M(160M) 3.283ms
[97.046s][info][gc,cpu         ] GC(155) User=0.00s Sys=0.00s Real=0.00s
[97.380s][info][gc,start       ] GC(156) Pause Young (Normal) (G1 Evacuation Pause)
[97.380s][info][gc,task        ] GC(156) Using 3 workers of 33 for evacuation
[97.383s][info][gc,phases      ] GC(156)   Pre Evacuate Collection Set: 0.1ms
[97.383s][info][gc,phases      ] GC(156)   Merge Heap Roots: 0.2ms
[97.383s][info][gc,phases      ] GC(156)   Evacuate Collection Set: 2.8ms
[97.383s][info][gc,phases      ] GC(156)   Post Evacuate Collection Set: 0.3ms
[97.383s][info][gc,phases      ] GC(156)   Other: 0.1ms
[97.383s][info][gc,heap        ] GC(156) Eden regions: 5->0(4)
[97.383s][info][gc,heap        ] GC(156) Survivor regions: 1->1(1)
[97.383s][info][gc,heap        ] GC(156) Old regions: 3->4
[97.383s][info][gc,heap        ] GC(156) Archive regions: 0->0
[97.384s][info][gc,heap        ] GC(156) Humongous regions: 0->0
[97.384s][info][gc,metaspace   ] GC(156) Metaspace: 9873K(10176K)->9873K(10176K) NonClass: 8574K(8768K)->8574K(8768K) Class: 1299K(1408K)->1299K(1408K)
[97.384s][info][gc             ] GC(156) Pause Young (Normal) (G1 Evacuation Pause) 85M->5M(176M) 3.914ms
[97.384s][info][gc,cpu         ] GC(156) User=0.05s Sys=0.00s Real=0.00s
[97.645s][info][gc,start       ] GC(157) Pause Young (Normal) (G1 Evacuation Pause)
[97.645s][info][gc,task        ] GC(157) Using 4 workers of 33 for evacuation
[97.647s][info][gc,phases      ] GC(157)   Pre Evacuate Collection Set: 0.1ms
[97.648s][info][gc,phases      ] GC(157)   Merge Heap Roots: 0.1ms
[97.648s][info][gc,phases      ] GC(157)   Evacuate Collection Set: 1.8ms
[97.648s][info][gc,phases      ] GC(157)   Post Evacuate Collection Set: 0.2ms
[97.648s][info][gc,phases      ] GC(157)   Other: 0.1ms
[97.648s][info][gc,heap        ] GC(157) Eden regions: 4->0(4)
[97.648s][info][gc,heap        ] GC(157) Survivor regions: 1->1(1)
[97.648s][info][gc,heap        ] GC(157) Old regions: 4->4
[97.648s][info][gc,heap        ] GC(157) Archive regions: 0->0
[97.648s][info][gc,heap        ] GC(157) Humongous regions: 0->0
[97.648s][info][gc,metaspace   ] GC(157) Metaspace: 9873K(10176K)->9873K(10176K) NonClass: 8574K(8768K)->8574K(8768K) Class: 1299K(1408K)->1299K(1408K)
[97.648s][info][gc             ] GC(157) Pause Young (Normal) (G1 Evacuation Pause) 69M->5M(176M) 2.885ms
[97.648s][info][gc,cpu         ] GC(157) User=0.06s Sys=0.00s Real=0.00s
[97.917s][info][gc,start       ] GC(158) Pause Young (Normal) (G1 Evacuation Pause)
[97.917s][info][gc,task        ] GC(158) Using 4 workers of 33 for evacuation
[97.919s][info][gc,phases      ] GC(158)   Pre Evacuate Collection Set: 0.1ms
[97.919s][info][gc,phases      ] GC(158)   Merge Heap Roots: 0.2ms
[97.919s][info][gc,phases      ] GC(158)   Evacuate Collection Set: 1.3ms
[97.919s][info][gc,phases      ] GC(158)   Post Evacuate Collection Set: 0.2ms
[97.919s][info][gc,phases      ] GC(158)   Other: 0.1ms
[97.919s][info][gc,heap        ] GC(158) Eden regions: 4->0(4)
[97.919s][info][gc,heap        ] GC(158) Survivor regions: 1->1(1)
[97.919s][info][gc,heap        ] GC(158) Old regions: 4->4
[97.919s][info][gc,heap        ] GC(158) Archive regions: 0->0
[97.919s][info][gc,heap        ] GC(158) Humongous regions: 0->0
[97.919s][info][gc,metaspace   ] GC(158) Metaspace: 9873K(10176K)->9873K(10176K) NonClass: 8574K(8768K)->8574K(8768K) Class: 1299K(1408K)->1299K(1408K)
[97.919s][info][gc             ] GC(158) Pause Young (Normal) (G1 Evacuation Pause) 69M->5M(176M) 2.431ms
[97.919s][info][gc,cpu         ] GC(158) User=0.00s Sys=0.00s Real=0.00s
[98.177s][info][gc,start       ] GC(159) Pause Young (Normal) (G1 Evacuation Pause)
[98.177s][info][gc,task        ] GC(159) Using 4 workers of 33 for evacuation
[98.178s][info][gc,phases      ] GC(159)   Pre Evacuate Collection Set: 0.1ms
[98.178s][info][gc,phases      ] GC(159)   Merge Heap Roots: 0.1ms
[98.178s][info][gc,phases      ] GC(159)   Evacuate Collection Set: 1.1ms
[98.178s][info][gc,phases      ] GC(159)   Post Evacuate Collection Set: 0.2ms
[98.178s][info][gc,phases      ] GC(159)   Other: 0.1ms
[98.179s][info][gc,heap        ] GC(159) Eden regions: 4->0(4)
[98.179s][info][gc,heap        ] GC(159) Survivor regions: 1->1(1)
[98.179s][info][gc,heap        ] GC(159) Old regions: 4->4
[98.179s][info][gc,heap        ] GC(159) Archive regions: 0->0
[98.179s][info][gc,heap        ] GC(159) Humongous regions: 0->0
[98.179s][info][gc,metaspace   ] GC(159) Metaspace: 9873K(10176K)->9873K(10176K) NonClass: 8574K(8768K)->8574K(8768K) Class: 1299K(1408K)->1299K(1408K)
[98.179s][info][gc             ] GC(159) Pause Young (Normal) (G1 Evacuation Pause) 69M->5M(176M) 2.149ms
[98.179s][info][gc,cpu         ] GC(159) User=0.06s Sys=0.00s Real=0.00s
[98.441s][info][gc,start       ] GC(160) Pause Young (Normal) (G1 Evacuation Pause)
[98.441s][info][gc,task        ] GC(160) Using 4 workers of 33 for evacuation
[98.442s][info][gc,phases      ] GC(160)   Pre Evacuate Collection Set: 0.1ms
[98.443s][info][gc,phases      ] GC(160)   Merge Heap Roots: 0.1ms
[98.443s][info][gc,phases      ] GC(160)   Evacuate Collection Set: 1.0ms
[98.443s][info][gc,phases      ] GC(160)   Post Evacuate Collection Set: 0.2ms
[98.443s][info][gc,phases      ] GC(160)   Other: 0.1ms
[98.443s][info][gc,heap        ] GC(160) Eden regions: 4->0(4)
[98.443s][info][gc,heap        ] GC(160) Survivor regions: 1->1(1)
[98.443s][info][gc,heap        ] GC(160) Old regions: 4->4
[98.443s][info][gc,heap        ] GC(160) Archive regions: 0->0
[98.443s][info][gc,heap        ] GC(160) Humongous regions: 0->0
[98.443s][info][gc,metaspace   ] GC(160) Metaspace: 9873K(10176K)->9873K(10176K) NonClass: 8574K(8768K)->8574K(8768K) Class: 1299K(1408K)->1299K(1408K)
[98.443s][info][gc             ] GC(160) Pause Young (Normal) (G1 Evacuation Pause) 69M->5M(176M) 2.017ms
[98.443s][info][gc,cpu         ] GC(160) User=0.00s Sys=0.00s Real=0.00s
[98.665s][info][gc,start       ] GC(161) Pause Full (System.gc())
[98.665s][info][gc,task        ] GC(161) Using 1 workers of 33 for full compaction
[98.665s][info][gc,phases,start] GC(161) Phase 1: Mark live objects
[98.684s][info][gc,phases      ] GC(161) Phase 1: Mark live objects 18.963ms
[98.684s][info][gc,phases,start] GC(161) Phase 2: Prepare compaction
[98.688s][info][gc,phases      ] GC(161) Phase 2: Prepare compaction 3.597ms
[98.688s][info][gc,phases,start] GC(161) Phase 3: Adjust pointers
[98.697s][info][gc,phases      ] GC(161) Phase 3: Adjust pointers 9.273ms
[98.697s][info][gc,phases,start] GC(161) Phase 4: Compact heap
[98.700s][info][gc,phases      ] GC(161) Phase 4: Compact heap 2.582ms
[98.703s][info][gc,heap        ] GC(161) Eden regions: 4->0(2)
[98.703s][info][gc,heap        ] GC(161) Survivor regions: 1->0(1)
[98.703s][info][gc,heap        ] GC(161) Old regions: 4->1
[98.703s][info][gc,heap        ] GC(161) Archive regions: 0->0
[98.703s][info][gc,heap        ] GC(161) Humongous regions: 0->0
[98.703s][info][gc,metaspace   ] GC(161) Metaspace: 9873K(10176K)->9873K(10176K) NonClass: 8574K(8768K)->8574K(8768K) Class: 1299K(1408K)->1299K(1408K)
[98.703s][info][gc             ] GC(161) Pause Full (System.gc()) 58M->3M(64M) 37.578ms
[98.703s][info][gc,cpu         ] GC(161) User=0.03s Sys=0.00s Real=0.04s
[98.834s][info][gc,start       ] GC(162) Pause Young (Normal) (G1 Evacuation Pause)
[98.835s][info][gc,task        ] GC(162) Using 2 workers of 33 for evacuation
[98.838s][info][gc,phases      ] GC(162)   Pre Evacuate Collection Set: 0.1ms
[98.838s][info][gc,phases      ] GC(162)   Merge Heap Roots: 0.1ms
[98.838s][info][gc,phases      ] GC(162)   Evacuate Collection Set: 3.5ms
[98.838s][info][gc,phases      ] GC(162)   Post Evacuate Collection Set: 0.2ms
[98.839s][info][gc,phases      ] GC(162)   Other: 0.1ms
[98.839s][info][gc,heap        ] GC(162) Eden regions: 2->0(1)
[98.839s][info][gc,heap        ] GC(162) Survivor regions: 0->1(1)
[98.839s][info][gc,heap        ] GC(162) Old regions: 1->1
[98.839s][info][gc,heap        ] GC(162) Archive regions: 0->0
[98.839s][info][gc,heap        ] GC(162) Humongous regions: 0->0
[98.839s][info][gc,metaspace   ] GC(162) Metaspace: 9878K(10240K)->9878K(10240K) NonClass: 8579K(8832K)->8579K(8832K) Class: 1299K(1408K)->1299K(1408K)
[98.839s][info][gc             ] GC(162) Pause Young (Normal) (G1 Evacuation Pause) 35M->5M(64M) 4.147ms
[98.839s][info][gc,cpu         ] GC(162) User=0.00s Sys=0.00s Real=0.00s
[98.903s][info][gc,start       ] GC(163) Pause Young (Normal) (G1 Evacuation Pause)
[98.903s][info][gc,task        ] GC(163) Using 2 workers of 33 for evacuation
[98.907s][info][gc,phases      ] GC(163)   Pre Evacuate Collection Set: 0.1ms
[98.907s][info][gc,phases      ] GC(163)   Merge Heap Roots: 0.1ms
[98.907s][info][gc,phases      ] GC(163)   Evacuate Collection Set: 3.3ms
[98.907s][info][gc,phases      ] GC(163)   Post Evacuate Collection Set: 0.2ms
[98.907s][info][gc,phases      ] GC(163)   Other: 0.1ms
[98.907s][info][gc,heap        ] GC(163) Eden regions: 1->0(1)
[98.907s][info][gc,heap        ] GC(163) Survivor regions: 1->1(1)
[98.907s][info][gc,heap        ] GC(163) Old regions: 1->1
[98.907s][info][gc,heap        ] GC(163) Archive regions: 0->0
[98.907s][info][gc,heap        ] GC(163) Humongous regions: 0->0
[98.907s][info][gc,metaspace   ] GC(163) Metaspace: 9878K(10240K)->9878K(10240K) NonClass: 8579K(8832K)->8579K(8832K) Class: 1299K(1408K)->1299K(1408K)
[98.908s][info][gc             ] GC(163) Pause Young (Normal) (G1 Evacuation Pause) 21M->5M(64M) 4.234ms
[98.908s][info][gc,cpu         ] GC(163) User=0.00s Sys=0.00s Real=0.01s
[98.971s][info][gc,start       ] GC(164) Pause Young (Normal) (G1 Evacuation Pause)
[98.971s][info][gc,task        ] GC(164) Using 2 workers of 33 for evacuation
[98.975s][info][gc,phases      ] GC(164)   Pre Evacuate Collection Set: 0.1ms
[98.975s][info][gc,phases      ] GC(164)   Merge Heap Roots: 0.2ms
[98.975s][info][gc,phases      ] GC(164)   Evacuate Collection Set: 3.1ms
[98.975s][info][gc,phases      ] GC(164)   Post Evacuate Collection Set: 0.2ms
[98.975s][info][gc,phases      ] GC(164)   Other: 0.1ms
[98.975s][info][gc,heap        ] GC(164) Eden regions: 1->0(1)
[98.975s][info][gc,heap        ] GC(164) Survivor regions: 1->1(1)
[98.975s][info][gc,heap        ] GC(164) Old regions: 1->1
[98.975s][info][gc,heap        ] GC(164) Archive regions: 0->0
[98.975s][info][gc,heap        ] GC(164) Humongous regions: 0->0
[98.975s][info][gc,metaspace   ] GC(164) Metaspace: 9878K(10240K)->9878K(10240K) NonClass: 8579K(8832K)->8579K(8832K) Class: 1299K(1408K)->1299K(1408K)
[98.975s][info][gc             ] GC(164) Pause Young (Normal) (G1 Evacuation Pause) 21M->5M(64M) 4.223ms
[98.975s][info][gc,cpu         ] GC(164) User=0.03s Sys=0.00s Real=0.00s
[99.038s][info][gc,start       ] GC(165) Pause Young (Normal) (G1 Evacuation Pause)
[99.038s][info][gc,task        ] GC(165) Using 2 workers of 33 for evacuation
[99.049s][info][gc,phases      ] GC(165)   Pre Evacuate Collection Set: 0.1ms
[99.049s][info][gc,phases      ] GC(165)   Merge Heap Roots: 0.1ms
[99.049s][info][gc,phases      ] GC(165)   Evacuate Collection Set: 3.2ms
[99.049s][info][gc,phases      ] GC(165)   Post Evacuate Collection Set: 7.1ms
[99.049s][info][gc,phases      ] GC(165)   Other: 0.1ms
[99.049s][info][gc,heap        ] GC(165) Eden regions: 1->0(38)
[99.049s][info][gc,heap        ] GC(165) Survivor regions: 1->1(1)
[99.049s][info][gc,heap        ] GC(165) Old regions: 1->1
[99.049s][info][gc,heap        ] GC(165) Archive regions: 0->0
[99.049s][info][gc,heap        ] GC(165) Humongous regions: 0->0
[99.049s][info][gc,metaspace   ] GC(165) Metaspace: 9878K(10240K)->9878K(10240K) NonClass: 8579K(8832K)->8579K(8832K) Class: 1299K(1408K)->1299K(1408K)
[99.049s][info][gc             ] GC(165) Pause Young (Normal) (G1 Evacuation Pause) 21M->5M(1056M) 10.982ms
[99.049s][info][gc,cpu         ] GC(165) User=0.00s Sys=0.00s Real=0.01s
[101.683s][info][gc,start       ] GC(166) Pause Young (Normal) (G1 Evacuation Pause)
[101.683s][info][gc,task        ] GC(166) Using 25 workers of 33 for evacuation
[101.686s][info][gc,phases      ] GC(166)   Pre Evacuate Collection Set: 0.1ms
[101.686s][info][gc,phases      ] GC(166)   Merge Heap Roots: 0.2ms
[101.686s][info][gc,phases      ] GC(166)   Evacuate Collection Set: 1.5ms
[101.686s][info][gc,phases      ] GC(166)   Post Evacuate Collection Set: 0.5ms
[101.686s][info][gc,phases      ] GC(166)   Other: 0.1ms
[101.686s][info][gc,heap        ] GC(166) Eden regions: 38->0(38)
[101.686s][info][gc,heap        ] GC(166) Survivor regions: 1->1(5)
[101.686s][info][gc,heap        ] GC(166) Old regions: 1->1
[101.686s][info][gc,heap        ] GC(166) Archive regions: 0->0
[101.686s][info][gc,heap        ] GC(166) Humongous regions: 0->0
[101.686s][info][gc,metaspace   ] GC(166) Metaspace: 9878K(10240K)->9878K(10240K) NonClass: 8579K(8832K)->8579K(8832K) Class: 1299K(1408K)->1299K(1408K)
[101.686s][info][gc             ] GC(166) Pause Young (Normal) (G1 Evacuation Pause) 613M->5M(1056M) 2.959ms
[101.686s][info][gc,cpu         ] GC(166) User=0.00s Sys=0.00s Real=0.00s
[104.146s][info][gc,start       ] GC(167) Pause Young (Normal) (G1 Evacuation Pause)
[104.147s][info][gc,task        ] GC(167) Using 25 workers of 33 for evacuation
[104.149s][info][gc,phases      ] GC(167)   Pre Evacuate Collection Set: 0.1ms
[104.149s][info][gc,phases      ] GC(167)   Merge Heap Roots: 0.1ms
[104.149s][info][gc,phases      ] GC(167)   Evacuate Collection Set: 1.5ms
[104.149s][info][gc,phases      ] GC(167)   Post Evacuate Collection Set: 0.4ms
[104.149s][info][gc,phases      ] GC(167)   Other: 0.1ms
[104.149s][info][gc,heap        ] GC(167) Eden regions: 38->0(38)
[104.149s][info][gc,heap        ] GC(167) Survivor regions: 1->1(5)
[104.149s][info][gc,heap        ] GC(167) Old regions: 1->1
[104.149s][info][gc,heap        ] GC(167) Archive regions: 0->0
[104.149s][info][gc,heap        ] GC(167) Humongous regions: 0->0
[104.149s][info][gc,metaspace   ] GC(167) Metaspace: 9878K(10240K)->9878K(10240K) NonClass: 8579K(8832K)->8579K(8832K) Class: 1299K(1408K)->1299K(1408K)
[104.149s][info][gc             ] GC(167) Pause Young (Normal) (G1 Evacuation Pause) 613M->5M(1056M) 2.486ms
[104.149s][info][gc,cpu         ] GC(167) User=0.00s Sys=0.00s Real=0.00s
[105.438s][info][gc,start       ] GC(168) Pause Full (System.gc())
[105.439s][info][gc,task        ] GC(168) Using 6 workers of 33 for full compaction
[105.439s][info][gc,phases,start] GC(168) Phase 1: Mark live objects
[105.444s][info][gc,phases      ] GC(168) Phase 1: Mark live objects 5.091ms
[105.444s][info][gc,phases,start] GC(168) Phase 2: Prepare compaction
[105.448s][info][gc,phases      ] GC(168) Phase 2: Prepare compaction 3.594ms
[105.448s][info][gc,phases,start] GC(168) Phase 3: Adjust pointers
[105.453s][info][gc,phases      ] GC(168) Phase 3: Adjust pointers 4.881ms
[105.453s][info][gc,phases,start] GC(168) Phase 4: Compact heap
[105.455s][info][gc,phases      ] GC(168) Phase 4: Compact heap 2.516ms
[105.462s][info][gc,heap        ] GC(168) Eden regions: 20->0(4)
[105.462s][info][gc,heap        ] GC(168) Survivor regions: 1->0(5)
[105.462s][info][gc,heap        ] GC(168) Old regions: 1->2
[105.462s][info][gc,heap        ] GC(168) Archive regions: 0->0
[105.462s][info][gc,heap        ] GC(168) Humongous regions: 0->0
[105.462s][info][gc,metaspace   ] GC(168) Metaspace: 9879K(10240K)->9879K(10240K) NonClass: 8579K(8832K)->8579K(8832K) Class: 1299K(1408K)->1299K(1408K)
[105.462s][info][gc             ] GC(168) Pause Full (System.gc()) 317M->3M(112M) 24.126ms
[105.463s][info][gc,cpu         ] GC(168) User=0.11s Sys=0.11s Real=0.02s
[105.716s][info][gc,start       ] GC(169) Pause Young (Normal) (G1 Evacuation Pause)
[105.716s][info][gc,task        ] GC(169) Using 4 workers of 33 for evacuation
[105.718s][info][gc,phases      ] GC(169)   Pre Evacuate Collection Set: 0.1ms
[105.718s][info][gc,phases      ] GC(169)   Merge Heap Roots: 0.1ms
[105.718s][info][gc,phases      ] GC(169)   Evacuate Collection Set: 1.9ms
[105.718s][info][gc,phases      ] GC(169)   Post Evacuate Collection Set: 0.2ms
[105.718s][info][gc,phases      ] GC(169)   Other: 0.1ms
[105.718s][info][gc,heap        ] GC(169) Eden regions: 4->0(3)
[105.718s][info][gc,heap        ] GC(169) Survivor regions: 0->1(1)
[105.718s][info][gc,heap        ] GC(169) Old regions: 2->2
[105.718s][info][gc,heap        ] GC(169) Archive regions: 0->0
[105.718s][info][gc,heap        ] GC(169) Humongous regions: 0->0
[105.718s][info][gc,metaspace   ] GC(169) Metaspace: 9879K(10240K)->9879K(10240K) NonClass: 8579K(8832K)->8579K(8832K) Class: 1299K(1408K)->1299K(1408K)
[105.718s][info][gc             ] GC(169) Pause Young (Normal) (G1 Evacuation Pause) 67M->5M(112M) 2.695ms
[105.718s][info][gc,cpu         ] GC(169) User=0.00s Sys=0.00s Real=0.00s
[105.912s][info][gc,start       ] GC(170) Pause Young (Normal) (G1 Evacuation Pause)
[105.912s][info][gc,task        ] GC(170) Using 3 workers of 33 for evacuation
[105.915s][info][gc,phases      ] GC(170)   Pre Evacuate Collection Set: 0.1ms
[105.915s][info][gc,phases      ] GC(170)   Merge Heap Roots: 0.1ms
[105.915s][info][gc,phases      ] GC(170)   Evacuate Collection Set: 2.6ms
[105.915s][info][gc,phases      ] GC(170)   Post Evacuate Collection Set: 0.2ms
[105.915s][info][gc,phases      ] GC(170)   Other: 0.1ms
[105.916s][info][gc,heap        ] GC(170) Eden regions: 3->0(3)
[105.916s][info][gc,heap        ] GC(170) Survivor regions: 1->1(1)
[105.916s][info][gc,heap        ] GC(170) Old regions: 2->2
[105.916s][info][gc,heap        ] GC(170) Archive regions: 0->0
[105.916s][info][gc,heap        ] GC(170) Humongous regions: 0->0
[105.916s][info][gc,metaspace   ] GC(170) Metaspace: 9879K(10240K)->9879K(10240K) NonClass: 8579K(8832K)->8579K(8832K) Class: 1299K(1408K)->1299K(1408K)
[105.916s][info][gc             ] GC(170) Pause Young (Normal) (G1 Evacuation Pause) 53M->5M(112M) 3.589ms
[105.916s][info][gc,cpu         ] GC(170) User=0.00s Sys=0.00s Real=0.00s
[106.105s][info][gc,start       ] GC(171) Pause Young (Normal) (G1 Evacuation Pause)
[106.105s][info][gc,task        ] GC(171) Using 2 workers of 33 for evacuation
[106.109s][info][gc,phases      ] GC(171)   Pre Evacuate Collection Set: 0.1ms
[106.109s][info][gc,phases      ] GC(171)   Merge Heap Roots: 0.2ms
[106.109s][info][gc,phases      ] GC(171)   Evacuate Collection Set: 3.3ms
[106.109s][info][gc,phases      ] GC(171)   Post Evacuate Collection Set: 0.2ms
[106.109s][info][gc,phases      ] GC(171)   Other: 0.1ms
[106.109s][info][gc,heap        ] GC(171) Eden regions: 3->0(3)
[106.109s][info][gc,heap        ] GC(171) Survivor regions: 1->1(1)
[106.109s][info][gc,heap        ] GC(171) Old regions: 2->2
[106.109s][info][gc,heap        ] GC(171) Archive regions: 0->0
[106.109s][info][gc,heap        ] GC(171) Humongous regions: 0->0
[106.109s][info][gc,metaspace   ] GC(171) Metaspace: 9879K(10240K)->9879K(10240K) NonClass: 8579K(8832K)->8579K(8832K) Class: 1299K(1408K)->1299K(1408K)
[106.109s][info][gc             ] GC(171) Pause Young (Normal) (G1 Evacuation Pause) 53M->5M(112M) 4.396ms
[106.109s][info][gc,cpu         ] GC(171) User=0.00s Sys=0.00s Real=0.00s
[106.298s][info][gc,start       ] GC(172) Pause Young (Normal) (G1 Evacuation Pause)
[106.298s][info][gc,task        ] GC(172) Using 2 workers of 33 for evacuation
[106.309s][info][gc,phases      ] GC(172)   Pre Evacuate Collection Set: 0.1ms
[106.309s][info][gc,phases      ] GC(172)   Merge Heap Roots: 0.1ms
[106.309s][info][gc,phases      ] GC(172)   Evacuate Collection Set: 3.2ms
[106.309s][info][gc,phases      ] GC(172)   Post Evacuate Collection Set: 7.0ms
[106.309s][info][gc,phases      ] GC(172)   Other: 0.1ms
[106.309s][info][gc,heap        ] GC(172) Eden regions: 3->0(39)
[106.309s][info][gc,heap        ] GC(172) Survivor regions: 1->1(1)
[106.309s][info][gc,heap        ] GC(172) Old regions: 2->2
[106.309s][info][gc,heap        ] GC(172) Archive regions: 0->0
[106.309s][info][gc,heap        ] GC(172) Humongous regions: 0->0
[106.309s][info][gc,metaspace   ] GC(172) Metaspace: 9879K(10240K)->9879K(10240K) NonClass: 8579K(8832K)->8579K(8832K) Class: 1299K(1408K)->1299K(1408K)
[106.309s][info][gc             ] GC(172) Pause Young (Normal) (G1 Evacuation Pause) 53M->5M(1088M) 11.082ms
[106.309s][info][gc,cpu         ] GC(172) User=0.00s Sys=0.02s Real=0.01s
[109.099s][info][gc,start       ] GC(173) Pause Young (Normal) (G1 Evacuation Pause)
[109.099s][info][gc,task        ] GC(173) Using 26 workers of 33 for evacuation
[109.103s][info][gc,phases      ] GC(173)   Pre Evacuate Collection Set: 0.1ms
[109.103s][info][gc,phases      ] GC(173)   Merge Heap Roots: 0.2ms
[109.103s][info][gc,phases      ] GC(173)   Evacuate Collection Set: 2.2ms
[109.103s][info][gc,phases      ] GC(173)   Post Evacuate Collection Set: 0.5ms
[109.103s][info][gc,phases      ] GC(173)   Other: 0.1ms
[109.103s][info][gc,heap        ] GC(173) Eden regions: 39->0(39)
[109.103s][info][gc,heap        ] GC(173) Survivor regions: 1->1(5)
[109.103s][info][gc,heap        ] GC(173) Old regions: 2->2
[109.103s][info][gc,heap        ] GC(173) Archive regions: 0->0
[109.103s][info][gc,heap        ] GC(173) Humongous regions: 0->0
[109.103s][info][gc,metaspace   ] GC(173) Metaspace: 9879K(10240K)->9879K(10240K) NonClass: 8579K(8832K)->8579K(8832K) Class: 1299K(1408K)->1299K(1408K)
[109.103s][info][gc             ] GC(173) Pause Young (Normal) (G1 Evacuation Pause) 629M->5M(1088M) 3.747ms
[109.103s][info][gc,cpu         ] GC(173) User=0.00s Sys=0.00s Real=0.00s
[111.734s][info][gc,start       ] GC(174) Pause Young (Normal) (G1 Evacuation Pause)
[111.734s][info][gc,task        ] GC(174) Using 26 workers of 33 for evacuation
[111.737s][info][gc,phases      ] GC(174)   Pre Evacuate Collection Set: 0.2ms
[111.737s][info][gc,phases      ] GC(174)   Merge Heap Roots: 0.2ms
[111.737s][info][gc,phases      ] GC(174)   Evacuate Collection Set: 1.6ms
[111.737s][info][gc,phases      ] GC(174)   Post Evacuate Collection Set: 0.5ms
[111.737s][info][gc,phases      ] GC(174)   Other: 0.1ms
[111.737s][info][gc,heap        ] GC(174) Eden regions: 39->0(39)
[111.737s][info][gc,heap        ] GC(174) Survivor regions: 1->1(5)
[111.737s][info][gc,heap        ] GC(174) Old regions: 2->2
[111.737s][info][gc,heap        ] GC(174) Archive regions: 0->0
[111.737s][info][gc,heap        ] GC(174) Humongous regions: 0->0
[111.737s][info][gc,metaspace   ] GC(174) Metaspace: 9879K(10240K)->9879K(10240K) NonClass: 8579K(8832K)->8579K(8832K) Class: 1299K(1408K)->1299K(1408K)
[111.737s][info][gc             ] GC(174) Pause Young (Normal) (G1 Evacuation Pause) 629M->5M(1088M) 3.169ms
[111.737s][info][gc,cpu         ] GC(174) User=0.00s Sys=0.00s Real=0.00s
[112.378s][info][gc,start       ] GC(175) Pause Full (System.gc())
[112.379s][info][gc,task        ] GC(175) Using 6 workers of 33 for full compaction
[112.379s][info][gc,phases,start] GC(175) Phase 1: Mark live objects
[112.385s][info][gc,phases      ] GC(175) Phase 1: Mark live objects 5.590ms
[112.385s][info][gc,phases,start] GC(175) Phase 2: Prepare compaction
[112.388s][info][gc,phases      ] GC(175) Phase 2: Prepare compaction 3.346ms
[112.388s][info][gc,phases,start] GC(175) Phase 3: Adjust pointers
[112.393s][info][gc,phases      ] GC(175) Phase 3: Adjust pointers 5.001ms
[112.393s][info][gc,phases,start] GC(175) Phase 4: Compact heap
[112.395s][info][gc,phases      ] GC(175) Phase 4: Compact heap 2.471ms
[112.405s][info][gc,heap        ] GC(175) Eden regions: 10->0(4)
[112.405s][info][gc,heap        ] GC(175) Survivor regions: 1->0(5)
[112.405s][info][gc,heap        ] GC(175) Old regions: 2->2
[112.405s][info][gc,heap        ] GC(175) Archive regions: 0->0
[112.405s][info][gc,heap        ] GC(175) Humongous regions: 0->0
[112.405s][info][gc,metaspace   ] GC(175) Metaspace: 9879K(10240K)->9879K(10240K) NonClass: 8580K(8832K)->8580K(8832K) Class: 1299K(1408K)->1299K(1408K)
[112.405s][info][gc             ] GC(175) Pause Full (System.gc()) 154M->3M(112M) 26.384ms
[112.405s][info][gc,cpu         ] GC(175) User=0.02s Sys=0.00s Real=0.02s
[112.682s][info][gc,start       ] GC(176) Pause Young (Normal) (G1 Evacuation Pause)
[112.682s][info][gc,task        ] GC(176) Using 4 workers of 33 for evacuation
[112.684s][info][gc,phases      ] GC(176)   Pre Evacuate Collection Set: 0.1ms
[112.684s][info][gc,phases      ] GC(176)   Merge Heap Roots: 0.2ms
[112.684s][info][gc,phases      ] GC(176)   Evacuate Collection Set: 1.9ms
[112.685s][info][gc,phases      ] GC(176)   Post Evacuate Collection Set: 0.2ms
[112.685s][info][gc,phases      ] GC(176)   Other: 0.1ms
[112.685s][info][gc,heap        ] GC(176) Eden regions: 4->0(3)
[112.685s][info][gc,heap        ] GC(176) Survivor regions: 0->1(1)
[112.685s][info][gc,heap        ] GC(176) Old regions: 2->2
[112.685s][info][gc,heap        ] GC(176) Archive regions: 0->0
[112.685s][info][gc,heap        ] GC(176) Humongous regions: 0->0
[112.685s][info][gc,metaspace   ] GC(176) Metaspace: 9879K(10240K)->9879K(10240K) NonClass: 8580K(8832K)->8580K(8832K) Class: 1299K(1408K)->1299K(1408K)
[112.685s][info][gc             ] GC(176) Pause Young (Normal) (G1 Evacuation Pause) 67M->5M(112M) 2.932ms
[112.685s][info][gc,cpu         ] GC(176) User=0.00s Sys=0.00s Real=0.00s
[112.872s][info][gc,start       ] GC(177) Pause Young (Normal) (G1 Evacuation Pause)
[112.873s][info][gc,task        ] GC(177) Using 3 workers of 33 for evacuation
[112.876s][info][gc,phases      ] GC(177)   Pre Evacuate Collection Set: 0.1ms
[112.876s][info][gc,phases      ] GC(177)   Merge Heap Roots: 0.1ms
[112.876s][info][gc,phases      ] GC(177)   Evacuate Collection Set: 2.5ms
[112.876s][info][gc,phases      ] GC(177)   Post Evacuate Collection Set: 0.3ms
[112.876s][info][gc,phases      ] GC(177)   Other: 0.1ms
[112.876s][info][gc,heap        ] GC(177) Eden regions: 3->0(3)
[112.876s][info][gc,heap        ] GC(177) Survivor regions: 1->1(1)
[112.876s][info][gc,heap        ] GC(177) Old regions: 2->2
[112.876s][info][gc,heap        ] GC(177) Archive regions: 0->0
[112.876s][info][gc,heap        ] GC(177) Humongous regions: 0->0
[112.876s][info][gc,metaspace   ] GC(177) Metaspace: 9879K(10240K)->9879K(10240K) NonClass: 8580K(8832K)->8580K(8832K) Class: 1299K(1408K)->1299K(1408K)
[112.876s][info][gc             ] GC(177) Pause Young (Normal) (G1 Evacuation Pause) 53M->5M(112M) 3.623ms
[112.876s][info][gc,cpu         ] GC(177) User=0.00s Sys=0.00s Real=0.00s
[113.073s][info][gc,start       ] GC(178) Pause Young (Normal) (G1 Evacuation Pause)
[113.073s][info][gc,task        ] GC(178) Using 2 workers of 33 for evacuation
[113.077s][info][gc,phases      ] GC(178)   Pre Evacuate Collection Set: 0.1ms
[113.077s][info][gc,phases      ] GC(178)   Merge Heap Roots: 0.1ms
[113.077s][info][gc,phases      ] GC(178)   Evacuate Collection Set: 3.4ms
[113.077s][info][gc,phases      ] GC(178)   Post Evacuate Collection Set: 0.2ms
[113.077s][info][gc,phases      ] GC(178)   Other: 0.1ms
[113.077s][info][gc,heap        ] GC(178) Eden regions: 3->0(3)
[113.077s][info][gc,heap        ] GC(178) Survivor regions: 1->1(1)
[113.077s][info][gc,heap        ] GC(178) Old regions: 2->2
[113.077s][info][gc,heap        ] GC(178) Archive regions: 0->0
[113.077s][info][gc,heap        ] GC(178) Humongous regions: 0->0
[113.077s][info][gc,metaspace   ] GC(178) Metaspace: 9879K(10240K)->9879K(10240K) NonClass: 8580K(8832K)->8580K(8832K) Class: 1299K(1408K)->1299K(1408K)
[113.077s][info][gc             ] GC(178) Pause Young (Normal) (G1 Evacuation Pause) 53M->5M(112M) 4.443ms
[113.077s][info][gc,cpu         ] GC(178) User=0.00s Sys=0.00s Real=0.01s
[113.273s][info][gc,start       ] GC(179) Pause Young (Normal) (G1 Evacuation Pause)
[113.273s][info][gc,task        ] GC(179) Using 2 workers of 33 for evacuation
[113.284s][info][gc,phases      ] GC(179)   Pre Evacuate Collection Set: 0.1ms
[113.284s][info][gc,phases      ] GC(179)   Merge Heap Roots: 0.1ms
[113.284s][info][gc,phases      ] GC(179)   Evacuate Collection Set: 3.5ms
[113.284s][info][gc,phases      ] GC(179)   Post Evacuate Collection Set: 7.0ms
[113.284s][info][gc,phases      ] GC(179)   Other: 0.1ms
[113.284s][info][gc,heap        ] GC(179) Eden regions: 3->0(39)
[113.284s][info][gc,heap        ] GC(179) Survivor regions: 1->1(1)
[113.284s][info][gc,heap        ] GC(179) Old regions: 2->2
[113.284s][info][gc,heap        ] GC(179) Archive regions: 0->0
[113.284s][info][gc,heap        ] GC(179) Humongous regions: 0->0
[113.284s][info][gc,metaspace   ] GC(179) Metaspace: 9879K(10240K)->9879K(10240K) NonClass: 8580K(8832K)->8580K(8832K) Class: 1299K(1408K)->1299K(1408K)
[113.284s][info][gc             ] GC(179) Pause Young (Normal) (G1 Evacuation Pause) 53M->5M(1088M) 11.345ms
[113.284s][info][gc,cpu         ] GC(179) User=0.00s Sys=0.00s Real=0.01s
[116.037s][info][gc,start       ] GC(180) Pause Young (Normal) (G1 Evacuation Pause)
[116.037s][info][gc,task        ] GC(180) Using 26 workers of 33 for evacuation
[116.040s][info][gc,phases      ] GC(180)   Pre Evacuate Collection Set: 0.1ms
[116.040s][info][gc,phases      ] GC(180)   Merge Heap Roots: 0.2ms
[116.040s][info][gc,phases      ] GC(180)   Evacuate Collection Set: 1.6ms
[116.040s][info][gc,phases      ] GC(180)   Post Evacuate Collection Set: 0.5ms
[116.040s][info][gc,phases      ] GC(180)   Other: 0.1ms
[116.040s][info][gc,heap        ] GC(180) Eden regions: 39->0(39)
[116.040s][info][gc,heap        ] GC(180) Survivor regions: 1->1(5)
[116.040s][info][gc,heap        ] GC(180) Old regions: 2->2
[116.040s][info][gc,heap        ] GC(180) Archive regions: 0->0
[116.040s][info][gc,heap        ] GC(180) Humongous regions: 0->0
[116.040s][info][gc,metaspace   ] GC(180) Metaspace: 9879K(10240K)->9879K(10240K) NonClass: 8580K(8832K)->8580K(8832K) Class: 1299K(1408K)->1299K(1408K)
[116.040s][info][gc             ] GC(180) Pause Young (Normal) (G1 Evacuation Pause) 629M->5M(1088M) 3.037ms
[116.040s][info][gc,cpu         ] GC(180) User=0.00s Sys=0.00s Real=0.00s
[118.630s][info][gc,start       ] GC(181) Pause Young (Normal) (G1 Evacuation Pause)
[118.631s][info][gc,task        ] GC(181) Using 26 workers of 33 for evacuation
[118.633s][info][gc,phases      ] GC(181)   Pre Evacuate Collection Set: 0.1ms
[118.633s][info][gc,phases      ] GC(181)   Merge Heap Roots: 0.2ms
[118.633s][info][gc,phases      ] GC(181)   Evacuate Collection Set: 1.7ms
[118.633s][info][gc,phases      ] GC(181)   Post Evacuate Collection Set: 0.5ms
[118.633s][info][gc,phases      ] GC(181)   Other: 0.1ms
[118.634s][info][gc,heap        ] GC(181) Eden regions: 39->0(39)
[118.634s][info][gc,heap        ] GC(181) Survivor regions: 1->1(5)
[118.634s][info][gc,heap        ] GC(181) Old regions: 2->2
[118.634s][info][gc,heap        ] GC(181) Archive regions: 0->0
[118.634s][info][gc,heap        ] GC(181) Humongous regions: 0->0
[118.634s][info][gc,metaspace   ] GC(181) Metaspace: 9879K(10240K)->9879K(10240K) NonClass: 8580K(8832K)->8580K(8832K) Class: 1299K(1408K)->1299K(1408K)
[118.634s][info][gc             ] GC(181) Pause Young (Normal) (G1 Evacuation Pause) 629M->5M(1088M) 3.324ms
[118.634s][info][gc,cpu         ] GC(181) User=0.13s Sys=0.28s Real=0.02s
[119.253s][info][gc,start       ] GC(182) Pause Full (System.gc())
[119.254s][info][gc,task        ] GC(182) Using 6 workers of 33 for full compaction
[119.254s][info][gc,phases,start] GC(182) Phase 1: Mark live objects
[119.259s][info][gc,phases      ] GC(182) Phase 1: Mark live objects 5.414ms
[119.260s][info][gc,phases,start] GC(182) Phase 2: Prepare compaction
[119.263s][info][gc,phases      ] GC(182) Phase 2: Prepare compaction 3.383ms
[119.263s][info][gc,phases,start] GC(182) Phase 3: Adjust pointers
[119.268s][info][gc,phases      ] GC(182) Phase 3: Adjust pointers 4.874ms
[119.268s][info][gc,phases,start] GC(182) Phase 4: Compact heap
[119.270s][info][gc,phases      ] GC(182) Phase 4: Compact heap 2.455ms
[119.279s][info][gc,heap        ] GC(182) Eden regions: 10->0(4)
[119.280s][info][gc,heap        ] GC(182) Survivor regions: 1->0(5)
[119.280s][info][gc,heap        ] GC(182) Old regions: 2->2
[119.280s][info][gc,heap        ] GC(182) Archive regions: 0->0
[119.280s][info][gc,heap        ] GC(182) Humongous regions: 0->0
[119.280s][info][gc,metaspace   ] GC(182) Metaspace: 9879K(10240K)->9879K(10240K) NonClass: 8580K(8832K)->8580K(8832K) Class: 1299K(1408K)->1299K(1408K)
[119.280s][info][gc             ] GC(182) Pause Full (System.gc()) 149M->3M(112M) 26.266ms
[119.280s][info][gc,cpu         ] GC(182) User=0.02s Sys=0.02s Real=0.03s
[119.537s][info][gc,start       ] GC(183) Pause Young (Normal) (G1 Evacuation Pause)
[119.537s][info][gc,task        ] GC(183) Using 4 workers of 33 for evacuation
[119.539s][info][gc,phases      ] GC(183)   Pre Evacuate Collection Set: 0.1ms
[119.539s][info][gc,phases      ] GC(183)   Merge Heap Roots: 0.1ms
[119.539s][info][gc,phases      ] GC(183)   Evacuate Collection Set: 1.8ms
[119.539s][info][gc,phases      ] GC(183)   Post Evacuate Collection Set: 0.2ms
[119.539s][info][gc,phases      ] GC(183)   Other: 0.1ms
[119.539s][info][gc,heap        ] GC(183) Eden regions: 4->0(3)
[119.539s][info][gc,heap        ] GC(183) Survivor regions: 0->1(1)
[119.539s][info][gc,heap        ] GC(183) Old regions: 2->2
[119.539s][info][gc,heap        ] GC(183) Archive regions: 0->0
[119.539s][info][gc,heap        ] GC(183) Humongous regions: 0->0
[119.539s][info][gc,metaspace   ] GC(183) Metaspace: 9879K(10240K)->9879K(10240K) NonClass: 8580K(8832K)->8580K(8832K) Class: 1299K(1408K)->1299K(1408K)
[119.539s][info][gc             ] GC(183) Pause Young (Normal) (G1 Evacuation Pause) 67M->5M(112M) 2.808ms
[119.539s][info][gc,cpu         ] GC(183) User=0.00s Sys=0.00s Real=0.00s
[119.729s][info][gc,start       ] GC(184) Pause Young (Normal) (G1 Evacuation Pause)
[119.729s][info][gc,task        ] GC(184) Using 3 workers of 33 for evacuation
[119.731s][info][gc,phases      ] GC(184)   Pre Evacuate Collection Set: 0.1ms
[119.731s][info][gc,phases      ] GC(184)   Merge Heap Roots: 0.1ms
[119.731s][info][gc,phases      ] GC(184)   Evacuate Collection Set: 2.1ms
[119.731s][info][gc,phases      ] GC(184)   Post Evacuate Collection Set: 0.2ms
[119.731s][info][gc,phases      ] GC(184)   Other: 0.1ms
[119.731s][info][gc,heap        ] GC(184) Eden regions: 3->0(3)
[119.731s][info][gc,heap        ] GC(184) Survivor regions: 1->1(1)
[119.732s][info][gc,heap        ] GC(184) Old regions: 2->2
[119.732s][info][gc,heap        ] GC(184) Archive regions: 0->0
[119.732s][info][gc,heap        ] GC(184) Humongous regions: 0->0
[119.732s][info][gc,metaspace   ] GC(184) Metaspace: 9879K(10240K)->9879K(10240K) NonClass: 8580K(8832K)->8580K(8832K) Class: 1299K(1408K)->1299K(1408K)
[119.732s][info][gc             ] GC(184) Pause Young (Normal) (G1 Evacuation Pause) 53M->5M(112M) 3.058ms
[119.732s][info][gc,cpu         ] GC(184) User=0.05s Sys=0.00s Real=0.02s
[119.929s][info][gc,start       ] GC(185) Pause Young (Normal) (G1 Evacuation Pause)
[119.929s][info][gc,task        ] GC(185) Using 2 workers of 33 for evacuation
[119.933s][info][gc,phases      ] GC(185)   Pre Evacuate Collection Set: 0.1ms
[119.933s][info][gc,phases      ] GC(185)   Merge Heap Roots: 0.2ms
[119.933s][info][gc,phases      ] GC(185)   Evacuate Collection Set: 3.3ms
[119.933s][info][gc,phases      ] GC(185)   Post Evacuate Collection Set: 0.2ms
[119.933s][info][gc,phases      ] GC(185)   Other: 0.1ms
[119.933s][info][gc,heap        ] GC(185) Eden regions: 3->0(3)
[119.933s][info][gc,heap        ] GC(185) Survivor regions: 1->1(1)
[119.933s][info][gc,heap        ] GC(185) Old regions: 2->2
[119.933s][info][gc,heap        ] GC(185) Archive regions: 0->0
[119.934s][info][gc,heap        ] GC(185) Humongous regions: 0->0
[119.934s][info][gc,metaspace   ] GC(185) Metaspace: 9879K(10240K)->9879K(10240K) NonClass: 8580K(8832K)->8580K(8832K) Class: 1299K(1408K)->1299K(1408K)
[119.934s][info][gc             ] GC(185) Pause Young (Normal) (G1 Evacuation Pause) 53M->5M(112M) 4.389ms
[119.934s][info][gc,cpu         ] GC(185) User=0.00s Sys=0.00s Real=0.00s
[120.131s][info][gc,start       ] GC(186) Pause Young (Normal) (G1 Evacuation Pause)
[120.131s][info][gc,task        ] GC(186) Using 2 workers of 33 for evacuation
[120.142s][info][gc,phases      ] GC(186)   Pre Evacuate Collection Set: 0.1ms
[120.142s][info][gc,phases      ] GC(186)   Merge Heap Roots: 0.2ms
[120.142s][info][gc,phases      ] GC(186)   Evacuate Collection Set: 3.5ms
[120.142s][info][gc,phases      ] GC(186)   Post Evacuate Collection Set: 7.2ms
[120.142s][info][gc,phases      ] GC(186)   Other: 0.1ms
[120.142s][info][gc,heap        ] GC(186) Eden regions: 3->0(39)
[120.142s][info][gc,heap        ] GC(186) Survivor regions: 1->1(1)
[120.142s][info][gc,heap        ] GC(186) Old regions: 2->2
[120.142s][info][gc,heap        ] GC(186) Archive regions: 0->0
[120.142s][info][gc,heap        ] GC(186) Humongous regions: 0->0
[120.142s][info][gc,metaspace   ] GC(186) Metaspace: 9879K(10240K)->9879K(10240K) NonClass: 8580K(8832K)->8580K(8832K) Class: 1299K(1408K)->1299K(1408K)
[120.142s][info][gc             ] GC(186) Pause Young (Normal) (G1 Evacuation Pause) 53M->5M(1088M) 11.555ms
[120.142s][info][gc,cpu         ] GC(186) User=0.00s Sys=0.00s Real=0.00s
[123.002s][info][gc,start       ] GC(187) Pause Young (Normal) (G1 Evacuation Pause)
[123.002s][info][gc,task        ] GC(187) Using 26 workers of 33 for evacuation
[123.005s][info][gc,phases      ] GC(187)   Pre Evacuate Collection Set: 0.1ms
[123.005s][info][gc,phases      ] GC(187)   Merge Heap Roots: 0.2ms
[123.005s][info][gc,phases      ] GC(187)   Evacuate Collection Set: 1.7ms
[123.005s][info][gc,phases      ] GC(187)   Post Evacuate Collection Set: 0.5ms
[123.005s][info][gc,phases      ] GC(187)   Other: 0.1ms
[123.005s][info][gc,heap        ] GC(187) Eden regions: 39->0(39)
[123.005s][info][gc,heap        ] GC(187) Survivor regions: 1->1(5)
[123.005s][info][gc,heap        ] GC(187) Old regions: 2->2
[123.005s][info][gc,heap        ] GC(187) Archive regions: 0->0
[123.005s][info][gc,heap        ] GC(187) Humongous regions: 0->0
[123.005s][info][gc,metaspace   ] GC(187) Metaspace: 9879K(10240K)->9879K(10240K) NonClass: 8580K(8832K)->8580K(8832K) Class: 1299K(1408K)->1299K(1408K)
[123.005s][info][gc             ] GC(187) Pause Young (Normal) (G1 Evacuation Pause) 629M->5M(1088M) 3.264ms
[123.005s][info][gc,cpu         ] GC(187) User=0.00s Sys=0.00s Real=0.00s
[125.624s][info][gc,start       ] GC(188) Pause Young (Normal) (G1 Evacuation Pause)
[125.624s][info][gc,task        ] GC(188) Using 26 workers of 33 for evacuation
[125.627s][info][gc,phases      ] GC(188)   Pre Evacuate Collection Set: 0.1ms
[125.627s][info][gc,phases      ] GC(188)   Merge Heap Roots: 0.2ms
[125.627s][info][gc,phases      ] GC(188)   Evacuate Collection Set: 1.6ms
[125.627s][info][gc,phases      ] GC(188)   Post Evacuate Collection Set: 0.5ms
[125.627s][info][gc,phases      ] GC(188)   Other: 0.1ms
[125.627s][info][gc,heap        ] GC(188) Eden regions: 39->0(39)
[125.627s][info][gc,heap        ] GC(188) Survivor regions: 1->1(5)
[125.627s][info][gc,heap        ] GC(188) Old regions: 2->2
[125.627s][info][gc,heap        ] GC(188) Archive regions: 0->0
[125.627s][info][gc,heap        ] GC(188) Humongous regions: 0->0
[125.627s][info][gc,metaspace   ] GC(188) Metaspace: 9879K(10240K)->9879K(10240K) NonClass: 8580K(8832K)->8580K(8832K) Class: 1299K(1408K)->1299K(1408K)
[125.627s][info][gc             ] GC(188) Pause Young (Normal) (G1 Evacuation Pause) 629M->5M(1088M) 3.100ms
[125.627s][info][gc,cpu         ] GC(188) User=0.00s Sys=0.00s Real=0.00s
[126.205s][info][gc,start       ] GC(189) Pause Full (System.gc())
[126.205s][info][gc,task        ] GC(189) Using 6 workers of 33 for full compaction
[126.205s][info][gc,phases,start] GC(189) Phase 1: Mark live objects
[126.210s][info][gc,phases      ] GC(189) Phase 1: Mark live objects 4.819ms
[126.210s][info][gc,phases,start] GC(189) Phase 2: Prepare compaction
[126.213s][info][gc,phases      ] GC(189) Phase 2: Prepare compaction 3.351ms
[126.213s][info][gc,phases,start] GC(189) Phase 3: Adjust pointers
[126.218s][info][gc,phases      ] GC(189) Phase 3: Adjust pointers 4.922ms
[126.218s][info][gc,phases,start] GC(189) Phase 4: Compact heap
[126.221s][info][gc,phases      ] GC(189) Phase 4: Compact heap 2.443ms
[126.229s][info][gc,heap        ] GC(189) Eden regions: 9->0(4)
[126.229s][info][gc,heap        ] GC(189) Survivor regions: 1->0(5)
[126.229s][info][gc,heap        ] GC(189) Old regions: 2->2
[126.229s][info][gc,heap        ] GC(189) Archive regions: 0->0
[126.229s][info][gc,heap        ] GC(189) Humongous regions: 0->0
[126.229s][info][gc,metaspace   ] GC(189) Metaspace: 9881K(10240K)->9881K(10240K) NonClass: 8581K(8832K)->8581K(8832K) Class: 1299K(1408K)->1299K(1408K)
[126.229s][info][gc             ] GC(189) Pause Full (System.gc()) 147M->3M(112M) 24.355ms
[126.229s][info][gc,cpu         ] GC(189) User=0.09s Sys=0.27s Real=0.02s
[126.487s][info][gc,start       ] GC(190) Pause Young (Normal) (G1 Evacuation Pause)
[126.488s][info][gc,task        ] GC(190) Using 4 workers of 33 for evacuation
[126.490s][info][gc,phases      ] GC(190)   Pre Evacuate Collection Set: 0.1ms
[126.490s][info][gc,phases      ] GC(190)   Merge Heap Roots: 0.1ms
[126.490s][info][gc,phases      ] GC(190)   Evacuate Collection Set: 1.6ms
[126.490s][info][gc,phases      ] GC(190)   Post Evacuate Collection Set: 0.2ms
[126.490s][info][gc,phases      ] GC(190)   Other: 0.1ms
[126.490s][info][gc,heap        ] GC(190) Eden regions: 4->0(3)
[126.490s][info][gc,heap        ] GC(190) Survivor regions: 0->1(1)
[126.490s][info][gc,heap        ] GC(190) Old regions: 2->2
[126.490s][info][gc,heap        ] GC(190) Archive regions: 0->0
[126.490s][info][gc,heap        ] GC(190) Humongous regions: 0->0
[126.490s][info][gc,metaspace   ] GC(190) Metaspace: 9881K(10240K)->9881K(10240K) NonClass: 8582K(8832K)->8582K(8832K) Class: 1299K(1408K)->1299K(1408K)
[126.490s][info][gc             ] GC(190) Pause Young (Normal) (G1 Evacuation Pause) 67M->5M(112M) 2.646ms
[126.490s][info][gc,cpu         ] GC(190) User=0.02s Sys=0.00s Real=0.00s
[126.684s][info][gc,start       ] GC(191) Pause Young (Normal) (G1 Evacuation Pause)
[126.684s][info][gc,task        ] GC(191) Using 3 workers of 33 for evacuation
[126.687s][info][gc,phases      ] GC(191)   Pre Evacuate Collection Set: 0.1ms
[126.687s][info][gc,phases      ] GC(191)   Merge Heap Roots: 0.1ms
[126.687s][info][gc,phases      ] GC(191)   Evacuate Collection Set: 2.2ms
[126.687s][info][gc,phases      ] GC(191)   Post Evacuate Collection Set: 0.3ms
[126.687s][info][gc,phases      ] GC(191)   Other: 0.1ms
[126.687s][info][gc,heap        ] GC(191) Eden regions: 3->0(3)
[126.687s][info][gc,heap        ] GC(191) Survivor regions: 1->1(1)
[126.687s][info][gc,heap        ] GC(191) Old regions: 2->2
[126.687s][info][gc,heap        ] GC(191) Archive regions: 0->0
[126.687s][info][gc,heap        ] GC(191) Humongous regions: 0->0
[126.687s][info][gc,metaspace   ] GC(191) Metaspace: 9881K(10240K)->9881K(10240K) NonClass: 8582K(8832K)->8582K(8832K) Class: 1299K(1408K)->1299K(1408K)
[126.687s][info][gc             ] GC(191) Pause Young (Normal) (G1 Evacuation Pause) 53M->5M(112M) 3.324ms
[126.687s][info][gc,cpu         ] GC(191) User=0.00s Sys=0.00s Real=0.00s
[126.875s][info][gc,start       ] GC(192) Pause Young (Normal) (G1 Evacuation Pause)
[126.875s][info][gc,task        ] GC(192) Using 2 workers of 33 for evacuation
[126.879s][info][gc,phases      ] GC(192)   Pre Evacuate Collection Set: 0.1ms
[126.879s][info][gc,phases      ] GC(192)   Merge Heap Roots: 0.1ms
[126.879s][info][gc,phases      ] GC(192)   Evacuate Collection Set: 3.6ms
[126.879s][info][gc,phases      ] GC(192)   Post Evacuate Collection Set: 0.2ms
[126.879s][info][gc,phases      ] GC(192)   Other: 0.1ms
[126.879s][info][gc,heap        ] GC(192) Eden regions: 3->0(3)
[126.879s][info][gc,heap        ] GC(192) Survivor regions: 1->1(1)
[126.879s][info][gc,heap        ] GC(192) Old regions: 2->2
[126.879s][info][gc,heap        ] GC(192) Archive regions: 0->0
[126.879s][info][gc,heap        ] GC(192) Humongous regions: 0->0
[126.879s][info][gc,metaspace   ] GC(192) Metaspace: 9881K(10240K)->9881K(10240K) NonClass: 8582K(8832K)->8582K(8832K) Class: 1299K(1408K)->1299K(1408K)
[126.879s][info][gc             ] GC(192) Pause Young (Normal) (G1 Evacuation Pause) 53M->5M(112M) 4.608ms
[126.879s][info][gc,cpu         ] GC(192) User=0.00s Sys=0.00s Real=0.00s
[127.076s][info][gc,start       ] GC(193) Pause Young (Normal) (G1 Evacuation Pause)
[127.076s][info][gc,task        ] GC(193) Using 2 workers of 33 for evacuation
[127.087s][info][gc,phases      ] GC(193)   Pre Evacuate Collection Set: 0.1ms
[127.087s][info][gc,phases      ] GC(193)   Merge Heap Roots: 0.1ms
[127.087s][info][gc,phases      ] GC(193)   Evacuate Collection Set: 3.2ms
[127.087s][info][gc,phases      ] GC(193)   Post Evacuate Collection Set: 7.1ms
[127.087s][info][gc,phases      ] GC(193)   Other: 0.1ms
[127.087s][info][gc,heap        ] GC(193) Eden regions: 3->0(39)
[127.087s][info][gc,heap        ] GC(193) Survivor regions: 1->1(1)
[127.087s][info][gc,heap        ] GC(193) Old regions: 2->2
[127.087s][info][gc,heap        ] GC(193) Archive regions: 0->0
[127.087s][info][gc,heap        ] GC(193) Humongous regions: 0->0
[127.087s][info][gc,metaspace   ] GC(193) Metaspace: 9881K(10240K)->9881K(10240K) NonClass: 8582K(8832K)->8582K(8832K) Class: 1299K(1408K)->1299K(1408K)
[127.087s][info][gc             ] GC(193) Pause Young (Normal) (G1 Evacuation Pause) 53M->5M(1088M) 11.057ms
[127.087s][info][gc,cpu         ] GC(193) User=0.00s Sys=0.02s Real=0.01s
[129.903s][info][gc,start       ] GC(194) Pause Young (Normal) (G1 Evacuation Pause)
[129.903s][info][gc,task        ] GC(194) Using 26 workers of 33 for evacuation
[129.906s][info][gc,phases      ] GC(194)   Pre Evacuate Collection Set: 0.2ms
[129.906s][info][gc,phases      ] GC(194)   Merge Heap Roots: 0.2ms
[129.906s][info][gc,phases      ] GC(194)   Evacuate Collection Set: 1.6ms
[129.906s][info][gc,phases      ] GC(194)   Post Evacuate Collection Set: 0.5ms
[129.906s][info][gc,phases      ] GC(194)   Other: 0.1ms
[129.906s][info][gc,heap        ] GC(194) Eden regions: 39->0(39)
[129.906s][info][gc,heap        ] GC(194) Survivor regions: 1->1(5)
[129.906s][info][gc,heap        ] GC(194) Old regions: 2->2
[129.906s][info][gc,heap        ] GC(194) Archive regions: 0->0
[129.906s][info][gc,heap        ] GC(194) Humongous regions: 0->0
[129.906s][info][gc,metaspace   ] GC(194) Metaspace: 9881K(10240K)->9881K(10240K) NonClass: 8582K(8832K)->8582K(8832K) Class: 1299K(1408K)->1299K(1408K)
[129.906s][info][gc             ] GC(194) Pause Young (Normal) (G1 Evacuation Pause) 629M->5M(1088M) 3.249ms
[129.906s][info][gc,cpu         ] GC(194) User=0.03s Sys=0.00s Real=0.02s
[132.535s][info][gc,start       ] GC(195) Pause Young (Normal) (G1 Evacuation Pause)
[132.535s][info][gc,task        ] GC(195) Using 26 workers of 33 for evacuation
[132.537s][info][gc,phases      ] GC(195)   Pre Evacuate Collection Set: 0.2ms
[132.537s][info][gc,phases      ] GC(195)   Merge Heap Roots: 0.2ms
[132.537s][info][gc,phases      ] GC(195)   Evacuate Collection Set: 1.6ms
[132.537s][info][gc,phases      ] GC(195)   Post Evacuate Collection Set: 0.5ms
[132.538s][info][gc,phases      ] GC(195)   Other: 0.1ms
[132.538s][info][gc,heap        ] GC(195) Eden regions: 39->0(39)
[132.538s][info][gc,heap        ] GC(195) Survivor regions: 1->1(5)
[132.538s][info][gc,heap        ] GC(195) Old regions: 2->2
[132.538s][info][gc,heap        ] GC(195) Archive regions: 0->0
[132.538s][info][gc,heap        ] GC(195) Humongous regions: 0->0
[132.538s][info][gc,metaspace   ] GC(195) Metaspace: 9881K(10240K)->9881K(10240K) NonClass: 8582K(8832K)->8582K(8832K) Class: 1299K(1408K)->1299K(1408K)
[132.538s][info][gc             ] GC(195) Pause Young (Normal) (G1 Evacuation Pause) 629M->5M(1088M) 3.210ms
[132.538s][info][gc,cpu         ] GC(195) User=0.00s Sys=0.00s Real=0.00s
[133.145s][info][gc,start       ] GC(196) Pause Full (System.gc())
[133.158s][info][gc,task        ] GC(196) Using 6 workers of 33 for full compaction
[133.159s][info][gc,phases,start] GC(196) Phase 1: Mark live objects
[133.164s][info][gc,phases      ] GC(196) Phase 1: Mark live objects 4.974ms
[133.164s][info][gc,phases,start] GC(196) Phase 2: Prepare compaction
[133.167s][info][gc,phases      ] GC(196) Phase 2: Prepare compaction 3.453ms
[133.167s][info][gc,phases,start] GC(196) Phase 3: Adjust pointers
[133.172s][info][gc,phases      ] GC(196) Phase 3: Adjust pointers 4.968ms
[133.172s][info][gc,phases,start] GC(196) Phase 4: Compact heap
[133.175s][info][gc,phases      ] GC(196) Phase 4: Compact heap 2.458ms
[133.183s][info][gc,heap        ] GC(196) Eden regions: 10->0(6)
[133.183s][info][gc,heap        ] GC(196) Survivor regions: 1->0(5)
[133.183s][info][gc,heap        ] GC(196) Old regions: 2->3
[133.183s][info][gc,heap        ] GC(196) Archive regions: 0->0
[133.183s][info][gc,heap        ] GC(196) Humongous regions: 0->0
[133.183s][info][gc,metaspace   ] GC(196) Metaspace: 9881K(10240K)->9881K(10240K) NonClass: 8582K(8832K)->8582K(8832K) Class: 1299K(1408K)->1299K(1408K)
[133.183s][info][gc             ] GC(196) Pause Full (System.gc()) 155M->3M(160M) 38.031ms
[133.183s][info][gc,cpu         ] GC(196) User=0.09s Sys=0.27s Real=0.04s
[133.583s][info][gc,start       ] GC(197) Pause Young (Normal) (G1 Evacuation Pause)
[133.583s][info][gc,task        ] GC(197) Using 4 workers of 33 for evacuation
[133.585s][info][gc,phases      ] GC(197)   Pre Evacuate Collection Set: 0.1ms
[133.585s][info][gc,phases      ] GC(197)   Merge Heap Roots: 0.1ms
[133.585s][info][gc,phases      ] GC(197)   Evacuate Collection Set: 2.1ms
[133.585s][info][gc,phases      ] GC(197)   Post Evacuate Collection Set: 0.2ms
[133.585s][info][gc,phases      ] GC(197)   Other: 0.1ms
[133.585s][info][gc,heap        ] GC(197) Eden regions: 6->0(5)
[133.586s][info][gc,heap        ] GC(197) Survivor regions: 0->1(1)
[133.586s][info][gc,heap        ] GC(197) Old regions: 3->3
[133.586s][info][gc,heap        ] GC(197) Archive regions: 0->0
[133.586s][info][gc,heap        ] GC(197) Humongous regions: 0->0
[133.586s][info][gc,metaspace   ] GC(197) Metaspace: 9881K(10240K)->9881K(10240K) NonClass: 8582K(8832K)->8582K(8832K) Class: 1299K(1408K)->1299K(1408K)
[133.586s][info][gc             ] GC(197) Pause Young (Normal) (G1 Evacuation Pause) 99M->5M(160M) 3.151ms
[133.586s][info][gc,cpu         ] GC(197) User=0.06s Sys=0.00s Real=0.00s
[133.917s][info][gc,start       ] GC(198) Pause Young (Normal) (G1 Evacuation Pause)
[133.917s][info][gc,task        ] GC(198) Using 3 workers of 33 for evacuation
[133.920s][info][gc,phases      ] GC(198)   Pre Evacuate Collection Set: 0.1ms
[133.920s][info][gc,phases      ] GC(198)   Merge Heap Roots: 0.1ms
[133.920s][info][gc,phases      ] GC(198)   Evacuate Collection Set: 2.6ms
[133.920s][info][gc,phases      ] GC(198)   Post Evacuate Collection Set: 0.2ms
[133.921s][info][gc,phases      ] GC(198)   Other: 0.1ms
[133.921s][info][gc,heap        ] GC(198) Eden regions: 5->0(5)
[133.921s][info][gc,heap        ] GC(198) Survivor regions: 1->1(1)
[133.921s][info][gc,heap        ] GC(198) Old regions: 3->3
[133.921s][info][gc,heap        ] GC(198) Archive regions: 0->0
[133.921s][info][gc,heap        ] GC(198) Humongous regions: 0->0
[133.921s][info][gc,metaspace   ] GC(198) Metaspace: 9881K(10240K)->9881K(10240K) NonClass: 8582K(8832K)->8582K(8832K) Class: 1299K(1408K)->1299K(1408K)
[133.921s][info][gc             ] GC(198) Pause Young (Normal) (G1 Evacuation Pause) 85M->5M(160M) 3.643ms
[133.921s][info][gc,cpu         ] GC(198) User=0.05s Sys=0.00s Real=0.02s
[134.244s][info][gc,start       ] GC(199) Pause Young (Normal) (G1 Evacuation Pause)
[134.244s][info][gc,task        ] GC(199) Using 3 workers of 33 for evacuation
[134.247s][info][gc,phases      ] GC(199)   Pre Evacuate Collection Set: 0.1ms
[134.247s][info][gc,phases      ] GC(199)   Merge Heap Roots: 0.2ms
[134.247s][info][gc,phases      ] GC(199)   Evacuate Collection Set: 2.5ms
[134.247s][info][gc,phases      ] GC(199)   Post Evacuate Collection Set: 0.2ms
[134.247s][info][gc,phases      ] GC(199)   Other: 0.1ms
[134.247s][info][gc,heap        ] GC(199) Eden regions: 5->0(5)
[134.247s][info][gc,heap        ] GC(199) Survivor regions: 1->1(1)
[134.247s][info][gc,heap        ] GC(199) Old regions: 3->3
[134.247s][info][gc,heap        ] GC(199) Archive regions: 0->0
[134.247s][info][gc,heap        ] GC(199) Humongous regions: 0->0
[134.248s][info][gc,metaspace   ] GC(199) Metaspace: 9881K(10240K)->9881K(10240K) NonClass: 8582K(8832K)->8582K(8832K) Class: 1299K(1408K)->1299K(1408K)
[134.248s][info][gc             ] GC(199) Pause Young (Normal) (G1 Evacuation Pause) 85M->5M(160M) 3.633ms
[134.248s][info][gc,cpu         ] GC(199) User=0.00s Sys=0.00s Real=0.00s
[134.589s][info][gc,start       ] GC(200) Pause Young (Normal) (G1 Evacuation Pause)
[134.589s][info][gc,task        ] GC(200) Using 3 workers of 33 for evacuation
[134.593s][info][gc,phases      ] GC(200)   Pre Evacuate Collection Set: 0.1ms
[134.593s][info][gc,phases      ] GC(200)   Merge Heap Roots: 0.2ms
[134.593s][info][gc,phases      ] GC(200)   Evacuate Collection Set: 2.7ms
[134.593s][info][gc,phases      ] GC(200)   Post Evacuate Collection Set: 0.2ms
[134.593s][info][gc,phases      ] GC(200)   Other: 0.1ms
[134.593s][info][gc,heap        ] GC(200) Eden regions: 5->0(5)
[134.593s][info][gc,heap        ] GC(200) Survivor regions: 1->1(1)
[134.593s][info][gc,heap        ] GC(200) Old regions: 3->3
[134.593s][info][gc,heap        ] GC(200) Archive regions: 0->0
[134.593s][info][gc,heap        ] GC(200) Humongous regions: 0->0
[134.593s][info][gc,metaspace   ] GC(200) Metaspace: 9881K(10240K)->9881K(10240K) NonClass: 8582K(8832K)->8582K(8832K) Class: 1299K(1408K)->1299K(1408K)
[134.593s][info][gc             ] GC(200) Pause Young (Normal) (G1 Evacuation Pause) 85M->5M(160M) 3.779ms
[134.593s][info][gc,cpu         ] GC(200) User=0.05s Sys=0.00s Real=0.02s
[134.925s][info][gc,start       ] GC(201) Pause Young (Normal) (G1 Evacuation Pause)
[134.925s][info][gc,task        ] GC(201) Using 3 workers of 33 for evacuation
[134.928s][info][gc,phases      ] GC(201)   Pre Evacuate Collection Set: 0.1ms
[134.928s][info][gc,phases      ] GC(201)   Merge Heap Roots: 0.2ms
[134.928s][info][gc,phases      ] GC(201)   Evacuate Collection Set: 2.4ms
[134.928s][info][gc,phases      ] GC(201)   Post Evacuate Collection Set: 0.2ms
[134.928s][info][gc,phases      ] GC(201)   Other: 0.1ms
[134.928s][info][gc,heap        ] GC(201) Eden regions: 5->0(5)
[134.928s][info][gc,heap        ] GC(201) Survivor regions: 1->1(1)
[134.928s][info][gc,heap        ] GC(201) Old regions: 3->3
[134.928s][info][gc,heap        ] GC(201) Archive regions: 0->0
[134.928s][info][gc,heap        ] GC(201) Humongous regions: 0->0
[134.928s][info][gc,metaspace   ] GC(201) Metaspace: 9881K(10240K)->9881K(10240K) NonClass: 8582K(8832K)->8582K(8832K) Class: 1299K(1408K)->1299K(1408K)
[134.928s][info][gc             ] GC(201) Pause Young (Normal) (G1 Evacuation Pause) 85M->5M(160M) 3.498ms
[134.928s][info][gc,cpu         ] GC(201) User=0.00s Sys=0.00s Real=0.00s
[135.273s][info][gc,start       ] GC(202) Pause Young (Normal) (G1 Evacuation Pause)
[135.273s][info][gc,task        ] GC(202) Using 3 workers of 33 for evacuation
[135.276s][info][gc,phases      ] GC(202)   Pre Evacuate Collection Set: 0.1ms
[135.276s][info][gc,phases      ] GC(202)   Merge Heap Roots: 0.2ms
[135.276s][info][gc,phases      ] GC(202)   Evacuate Collection Set: 2.2ms
[135.276s][info][gc,phases      ] GC(202)   Post Evacuate Collection Set: 0.2ms
[135.276s][info][gc,phases      ] GC(202)   Other: 0.1ms
[135.276s][info][gc,heap        ] GC(202) Eden regions: 5->0(5)
[135.276s][info][gc,heap        ] GC(202) Survivor regions: 1->1(1)
[135.276s][info][gc,heap        ] GC(202) Old regions: 3->3
[135.276s][info][gc,heap        ] GC(202) Archive regions: 0->0
[135.276s][info][gc,heap        ] GC(202) Humongous regions: 0->0
[135.276s][info][gc,metaspace   ] GC(202) Metaspace: 9881K(10240K)->9881K(10240K) NonClass: 8582K(8832K)->8582K(8832K) Class: 1299K(1408K)->1299K(1408K)
[135.276s][info][gc             ] GC(202) Pause Young (Normal) (G1 Evacuation Pause) 85M->5M(160M) 3.360ms
[135.276s][info][gc,cpu         ] GC(202) User=0.00s Sys=0.00s Real=0.00s
[135.621s][info][gc,start       ] GC(203) Pause Young (Normal) (G1 Evacuation Pause)
[135.621s][info][gc,task        ] GC(203) Using 3 workers of 33 for evacuation
[135.624s][info][gc,phases      ] GC(203)   Pre Evacuate Collection Set: 0.1ms
[135.625s][info][gc,phases      ] GC(203)   Merge Heap Roots: 0.2ms
[135.625s][info][gc,phases      ] GC(203)   Evacuate Collection Set: 2.5ms
[135.625s][info][gc,phases      ] GC(203)   Post Evacuate Collection Set: 0.2ms
[135.625s][info][gc,phases      ] GC(203)   Other: 0.1ms
[135.625s][info][gc,heap        ] GC(203) Eden regions: 5->0(5)
[135.625s][info][gc,heap        ] GC(203) Survivor regions: 1->1(1)
[135.625s][info][gc,heap        ] GC(203) Old regions: 3->3
[135.625s][info][gc,heap        ] GC(203) Archive regions: 0->0
[135.625s][info][gc,heap        ] GC(203) Humongous regions: 0->0
[135.625s][info][gc,metaspace   ] GC(203) Metaspace: 9881K(10240K)->9881K(10240K) NonClass: 8582K(8832K)->8582K(8832K) Class: 1299K(1408K)->1299K(1408K)
[135.625s][info][gc             ] GC(203) Pause Young (Normal) (G1 Evacuation Pause) 85M->5M(160M) 3.655ms
[135.625s][info][gc,cpu         ] GC(203) User=0.00s Sys=0.00s Real=0.00s
[135.962s][info][gc,start       ] GC(204) Pause Young (Normal) (G1 Evacuation Pause)
[135.962s][info][gc,task        ] GC(204) Using 3 workers of 33 for evacuation
[135.965s][info][gc,phases      ] GC(204)   Pre Evacuate Collection Set: 0.1ms
[135.965s][info][gc,phases      ] GC(204)   Merge Heap Roots: 0.2ms
[135.965s][info][gc,phases      ] GC(204)   Evacuate Collection Set: 2.4ms
[135.965s][info][gc,phases      ] GC(204)   Post Evacuate Collection Set: 0.2ms
[135.965s][info][gc,phases      ] GC(204)   Other: 0.1ms
[135.965s][info][gc,heap        ] GC(204) Eden regions: 5->0(5)
[135.965s][info][gc,heap        ] GC(204) Survivor regions: 1->1(1)
[135.965s][info][gc,heap        ] GC(204) Old regions: 3->3
[135.965s][info][gc,heap        ] GC(204) Archive regions: 0->0
[135.965s][info][gc,heap        ] GC(204) Humongous regions: 0->0
[135.966s][info][gc,metaspace   ] GC(204) Metaspace: 9881K(10240K)->9881K(10240K) NonClass: 8582K(8832K)->8582K(8832K) Class: 1299K(1408K)->1299K(1408K)
[135.966s][info][gc             ] GC(204) Pause Young (Normal) (G1 Evacuation Pause) 85M->5M(160M) 3.495ms
[135.966s][info][gc,cpu         ] GC(204) User=0.00s Sys=0.00s Real=0.00s
[136.308s][info][gc,start       ] GC(205) Pause Young (Normal) (G1 Evacuation Pause)
[136.308s][info][gc,task        ] GC(205) Using 3 workers of 33 for evacuation
[136.312s][info][gc,phases      ] GC(205)   Pre Evacuate Collection Set: 0.1ms
[136.312s][info][gc,phases      ] GC(205)   Merge Heap Roots: 0.2ms
[136.312s][info][gc,phases      ] GC(205)   Evacuate Collection Set: 2.6ms
[136.312s][info][gc,phases      ] GC(205)   Post Evacuate Collection Set: 0.2ms
[136.312s][info][gc,phases      ] GC(205)   Other: 0.1ms
[136.312s][info][gc,heap        ] GC(205) Eden regions: 5->0(5)
[136.312s][info][gc,heap        ] GC(205) Survivor regions: 1->1(1)
[136.312s][info][gc,heap        ] GC(205) Old regions: 3->3
[136.312s][info][gc,heap        ] GC(205) Archive regions: 0->0
[136.312s][info][gc,heap        ] GC(205) Humongous regions: 0->0
[136.312s][info][gc,metaspace   ] GC(205) Metaspace: 9881K(10240K)->9881K(10240K) NonClass: 8582K(8832K)->8582K(8832K) Class: 1299K(1408K)->1299K(1408K)
[136.312s][info][gc             ] GC(205) Pause Young (Normal) (G1 Evacuation Pause) 85M->5M(160M) 3.736ms
[136.312s][info][gc,cpu         ] GC(205) User=0.00s Sys=0.00s Real=0.00s
[136.661s][info][gc,start       ] GC(206) Pause Young (Normal) (G1 Evacuation Pause)
[136.661s][info][gc,task        ] GC(206) Using 3 workers of 33 for evacuation
[136.664s][info][gc,phases      ] GC(206)   Pre Evacuate Collection Set: 0.1ms
[136.664s][info][gc,phases      ] GC(206)   Merge Heap Roots: 0.2ms
[136.664s][info][gc,phases      ] GC(206)   Evacuate Collection Set: 2.5ms
[136.664s][info][gc,phases      ] GC(206)   Post Evacuate Collection Set: 0.3ms
[136.664s][info][gc,phases      ] GC(206)   Other: 0.1ms
[136.664s][info][gc,heap        ] GC(206) Eden regions: 5->0(5)
[136.664s][info][gc,heap        ] GC(206) Survivor regions: 1->1(1)
[136.664s][info][gc,heap        ] GC(206) Old regions: 3->3
[136.664s][info][gc,heap        ] GC(206) Archive regions: 0->0
[136.664s][info][gc,heap        ] GC(206) Humongous regions: 0->0
[136.664s][info][gc,metaspace   ] GC(206) Metaspace: 9881K(10240K)->9881K(10240K) NonClass: 8582K(8832K)->8582K(8832K) Class: 1299K(1408K)->1299K(1408K)
[136.664s][info][gc             ] GC(206) Pause Young (Normal) (G1 Evacuation Pause) 85M->5M(160M) 3.596ms
[136.664s][info][gc,cpu         ] GC(206) User=0.00s Sys=0.00s Real=0.00s
[137.002s][info][gc,start       ] GC(207) Pause Young (Normal) (G1 Evacuation Pause)
[137.002s][info][gc,task        ] GC(207) Using 3 workers of 33 for evacuation
[137.005s][info][gc,phases      ] GC(207)   Pre Evacuate Collection Set: 0.1ms
[137.005s][info][gc,phases      ] GC(207)   Merge Heap Roots: 0.2ms
[137.005s][info][gc,phases      ] GC(207)   Evacuate Collection Set: 2.3ms
[137.005s][info][gc,phases      ] GC(207)   Post Evacuate Collection Set: 0.3ms
[137.005s][info][gc,phases      ] GC(207)   Other: 0.1ms
[137.005s][info][gc,heap        ] GC(207) Eden regions: 5->0(5)
[137.005s][info][gc,heap        ] GC(207) Survivor regions: 1->1(1)
[137.005s][info][gc,heap        ] GC(207) Old regions: 3->3
[137.005s][info][gc,heap        ] GC(207) Archive regions: 0->0
[137.005s][info][gc,heap        ] GC(207) Humongous regions: 0->0
[137.005s][info][gc,metaspace   ] GC(207) Metaspace: 9881K(10240K)->9881K(10240K) NonClass: 8582K(8832K)->8582K(8832K) Class: 1299K(1408K)->1299K(1408K)
[137.005s][info][gc             ] GC(207) Pause Young (Normal) (G1 Evacuation Pause) 85M->5M(160M) 3.448ms
[137.005s][info][gc,cpu         ] GC(207) User=0.00s Sys=0.00s Real=0.00s
[137.359s][info][gc,start       ] GC(208) Pause Young (Normal) (G1 Evacuation Pause)
[137.359s][info][gc,task        ] GC(208) Using 3 workers of 33 for evacuation
[137.362s][info][gc,phases      ] GC(208)   Pre Evacuate Collection Set: 0.1ms
[137.362s][info][gc,phases      ] GC(208)   Merge Heap Roots: 0.2ms
[137.362s][info][gc,phases      ] GC(208)   Evacuate Collection Set: 2.5ms
[137.362s][info][gc,phases      ] GC(208)   Post Evacuate Collection Set: 0.2ms
[137.362s][info][gc,phases      ] GC(208)   Other: 0.1ms
[137.362s][info][gc,heap        ] GC(208) Eden regions: 5->0(5)
[137.362s][info][gc,heap        ] GC(208) Survivor regions: 1->1(1)
[137.362s][info][gc,heap        ] GC(208) Old regions: 3->3
[137.362s][info][gc,heap        ] GC(208) Archive regions: 0->0
[137.362s][info][gc,heap        ] GC(208) Humongous regions: 0->0
[137.362s][info][gc,metaspace   ] GC(208) Metaspace: 9881K(10240K)->9881K(10240K) NonClass: 8582K(8832K)->8582K(8832K) Class: 1299K(1408K)->1299K(1408K)
[137.363s][info][gc             ] GC(208) Pause Young (Normal) (G1 Evacuation Pause) 85M->5M(160M) 3.655ms
[137.363s][info][gc,cpu         ] GC(208) User=0.00s Sys=0.00s Real=0.00s
[137.697s][info][gc,start       ] GC(209) Pause Young (Normal) (G1 Evacuation Pause)
[137.698s][info][gc,task        ] GC(209) Using 3 workers of 33 for evacuation
[137.701s][info][gc,phases      ] GC(209)   Pre Evacuate Collection Set: 0.1ms
[137.701s][info][gc,phases      ] GC(209)   Merge Heap Roots: 0.2ms
[137.701s][info][gc,phases      ] GC(209)   Evacuate Collection Set: 2.4ms
[137.701s][info][gc,phases      ] GC(209)   Post Evacuate Collection Set: 0.2ms
[137.701s][info][gc,phases      ] GC(209)   Other: 0.1ms
[137.701s][info][gc,heap        ] GC(209) Eden regions: 5->0(5)
[137.701s][info][gc,heap        ] GC(209) Survivor regions: 1->1(1)
[137.701s][info][gc,heap        ] GC(209) Old regions: 3->3
[137.701s][info][gc,heap        ] GC(209) Archive regions: 0->0
[137.701s][info][gc,heap        ] GC(209) Humongous regions: 0->0
[137.701s][info][gc,metaspace   ] GC(209) Metaspace: 9881K(10240K)->9881K(10240K) NonClass: 8582K(8832K)->8582K(8832K) Class: 1299K(1408K)->1299K(1408K)
[137.701s][info][gc             ] GC(209) Pause Young (Normal) (G1 Evacuation Pause) 85M->5M(160M) 3.526ms
[137.701s][info][gc,cpu         ] GC(209) User=0.00s Sys=0.00s Real=0.00s
[138.042s][info][gc,start       ] GC(210) Pause Young (Normal) (G1 Evacuation Pause)
[138.042s][info][gc,task        ] GC(210) Using 3 workers of 33 for evacuation
[138.045s][info][gc,phases      ] GC(210)   Pre Evacuate Collection Set: 0.1ms
[138.045s][info][gc,phases      ] GC(210)   Merge Heap Roots: 0.2ms
[138.045s][info][gc,phases      ] GC(210)   Evacuate Collection Set: 2.4ms
[138.045s][info][gc,phases      ] GC(210)   Post Evacuate Collection Set: 0.2ms
[138.045s][info][gc,phases      ] GC(210)   Other: 0.1ms
[138.045s][info][gc,heap        ] GC(210) Eden regions: 5->0(5)
[138.045s][info][gc,heap        ] GC(210) Survivor regions: 1->1(1)
[138.045s][info][gc,heap        ] GC(210) Old regions: 3->3
[138.045s][info][gc,heap        ] GC(210) Archive regions: 0->0
[138.045s][info][gc,heap        ] GC(210) Humongous regions: 0->0
[138.045s][info][gc,metaspace   ] GC(210) Metaspace: 9881K(10240K)->9881K(10240K) NonClass: 8582K(8832K)->8582K(8832K) Class: 1299K(1408K)->1299K(1408K)
[138.045s][info][gc             ] GC(210) Pause Young (Normal) (G1 Evacuation Pause) 85M->5M(160M) 3.515ms
[138.045s][info][gc,cpu         ] GC(210) User=0.00s Sys=0.00s Real=0.00s
[138.383s][info][gc,start       ] GC(211) Pause Young (Normal) (G1 Evacuation Pause)
[138.383s][info][gc,task        ] GC(211) Using 3 workers of 33 for evacuation
[138.386s][info][gc,phases      ] GC(211)   Pre Evacuate Collection Set: 0.1ms
[138.386s][info][gc,phases      ] GC(211)   Merge Heap Roots: 0.2ms
[138.386s][info][gc,phases      ] GC(211)   Evacuate Collection Set: 2.4ms
[138.386s][info][gc,phases      ] GC(211)   Post Evacuate Collection Set: 0.2ms
[138.386s][info][gc,phases      ] GC(211)   Other: 0.1ms
[138.386s][info][gc,heap        ] GC(211) Eden regions: 5->0(5)
[138.387s][info][gc,heap        ] GC(211) Survivor regions: 1->1(1)
[138.387s][info][gc,heap        ] GC(211) Old regions: 3->3
[138.387s][info][gc,heap        ] GC(211) Archive regions: 0->0
[138.387s][info][gc,heap        ] GC(211) Humongous regions: 0->0
[138.387s][info][gc,metaspace   ] GC(211) Metaspace: 9881K(10240K)->9881K(10240K) NonClass: 8582K(8832K)->8582K(8832K) Class: 1299K(1408K)->1299K(1408K)
[138.387s][info][gc             ] GC(211) Pause Young (Normal) (G1 Evacuation Pause) 85M->5M(160M) 3.469ms
[138.387s][info][gc,cpu         ] GC(211) User=0.00s Sys=0.00s Real=0.00s
[138.727s][info][gc,start       ] GC(212) Pause Young (Normal) (G1 Evacuation Pause)
[138.727s][info][gc,task        ] GC(212) Using 3 workers of 33 for evacuation
[138.730s][info][gc,phases      ] GC(212)   Pre Evacuate Collection Set: 0.1ms
[138.730s][info][gc,phases      ] GC(212)   Merge Heap Roots: 0.2ms
[138.730s][info][gc,phases      ] GC(212)   Evacuate Collection Set: 2.8ms
[138.730s][info][gc,phases      ] GC(212)   Post Evacuate Collection Set: 0.2ms
[138.730s][info][gc,phases      ] GC(212)   Other: 0.1ms
[138.730s][info][gc,heap        ] GC(212) Eden regions: 5->0(4)
[138.730s][info][gc,heap        ] GC(212) Survivor regions: 1->1(1)
[138.730s][info][gc,heap        ] GC(212) Old regions: 3->4
[138.730s][info][gc,heap        ] GC(212) Archive regions: 0->0
[138.730s][info][gc,heap        ] GC(212) Humongous regions: 0->0
[138.731s][info][gc,metaspace   ] GC(212) Metaspace: 9881K(10240K)->9881K(10240K) NonClass: 8582K(8832K)->8582K(8832K) Class: 1299K(1408K)->1299K(1408K)
[138.731s][info][gc             ] GC(212) Pause Young (Normal) (G1 Evacuation Pause) 85M->5M(176M) 3.914ms
[138.731s][info][gc,cpu         ] GC(212) User=0.00s Sys=0.00s Real=0.00s
[139.006s][info][gc,start       ] GC(213) Pause Young (Normal) (G1 Evacuation Pause)
[139.006s][info][gc,task        ] GC(213) Using 4 workers of 33 for evacuation
[139.009s][info][gc,phases      ] GC(213)   Pre Evacuate Collection Set: 0.1ms
[139.009s][info][gc,phases      ] GC(213)   Merge Heap Roots: 0.2ms
[139.009s][info][gc,phases      ] GC(213)   Evacuate Collection Set: 1.9ms
[139.009s][info][gc,phases      ] GC(213)   Post Evacuate Collection Set: 0.2ms
[139.009s][info][gc,phases      ] GC(213)   Other: 0.1ms
[139.009s][info][gc,heap        ] GC(213) Eden regions: 4->0(4)
[139.009s][info][gc,heap        ] GC(213) Survivor regions: 1->1(1)
[139.009s][info][gc,heap        ] GC(213) Old regions: 4->4
[139.009s][info][gc,heap        ] GC(213) Archive regions: 0->0
[139.009s][info][gc,heap        ] GC(213) Humongous regions: 0->0
[139.009s][info][gc,metaspace   ] GC(213) Metaspace: 9881K(10240K)->9881K(10240K) NonClass: 8582K(8832K)->8582K(8832K) Class: 1299K(1408K)->1299K(1408K)
[139.009s][info][gc             ] GC(213) Pause Young (Normal) (G1 Evacuation Pause) 69M->5M(176M) 3.060ms
[139.009s][info][gc,cpu         ] GC(213) User=0.00s Sys=0.00s Real=0.00s
[139.284s][info][gc,start       ] GC(214) Pause Young (Normal) (G1 Evacuation Pause)
[139.284s][info][gc,task        ] GC(214) Using 4 workers of 33 for evacuation
[139.286s][info][gc,phases      ] GC(214)   Pre Evacuate Collection Set: 0.1ms
[139.286s][info][gc,phases      ] GC(214)   Merge Heap Roots: 0.2ms
[139.286s][info][gc,phases      ] GC(214)   Evacuate Collection Set: 1.8ms
[139.287s][info][gc,phases      ] GC(214)   Post Evacuate Collection Set: 0.2ms
[139.287s][info][gc,phases      ] GC(214)   Other: 0.1ms
[139.287s][info][gc,heap        ] GC(214) Eden regions: 4->0(4)
[139.287s][info][gc,heap        ] GC(214) Survivor regions: 1->1(1)
[139.287s][info][gc,heap        ] GC(214) Old regions: 4->4
[139.287s][info][gc,heap        ] GC(214) Archive regions: 0->0
[139.287s][info][gc,heap        ] GC(214) Humongous regions: 0->0
[139.287s][info][gc,metaspace   ] GC(214) Metaspace: 9881K(10240K)->9881K(10240K) NonClass: 8582K(8832K)->8582K(8832K) Class: 1299K(1408K)->1299K(1408K)
[139.287s][info][gc             ] GC(214) Pause Young (Normal) (G1 Evacuation Pause) 69M->5M(176M) 2.864ms
[139.287s][info][gc,cpu         ] GC(214) User=0.00s Sys=0.00s Real=0.00s
[139.555s][info][gc,start       ] GC(215) Pause Young (Normal) (G1 Evacuation Pause)
[139.555s][info][gc,task        ] GC(215) Using 4 workers of 33 for evacuation
[139.558s][info][gc,phases      ] GC(215)   Pre Evacuate Collection Set: 0.1ms
[139.558s][info][gc,phases      ] GC(215)   Merge Heap Roots: 0.2ms
[139.558s][info][gc,phases      ] GC(215)   Evacuate Collection Set: 1.9ms
[139.558s][info][gc,phases      ] GC(215)   Post Evacuate Collection Set: 0.2ms
[139.558s][info][gc,phases      ] GC(215)   Other: 0.1ms
[139.558s][info][gc,heap        ] GC(215) Eden regions: 4->0(4)
[139.558s][info][gc,heap        ] GC(215) Survivor regions: 1->1(1)
[139.558s][info][gc,heap        ] GC(215) Old regions: 4->4
[139.558s][info][gc,heap        ] GC(215) Archive regions: 0->0
[139.558s][info][gc,heap        ] GC(215) Humongous regions: 0->0
[139.558s][info][gc,metaspace   ] GC(215) Metaspace: 9881K(10240K)->9881K(10240K) NonClass: 8582K(8832K)->8582K(8832K) Class: 1299K(1408K)->1299K(1408K)
[139.558s][info][gc             ] GC(215) Pause Young (Normal) (G1 Evacuation Pause) 69M->5M(176M) 2.982ms
[139.558s][info][gc,cpu         ] GC(215) User=0.00s Sys=0.00s Real=0.00s
[139.833s][info][gc,start       ] GC(216) Pause Young (Normal) (G1 Evacuation Pause)
[139.833s][info][gc,task        ] GC(216) Using 4 workers of 33 for evacuation
[139.835s][info][gc,phases      ] GC(216)   Pre Evacuate Collection Set: 0.1ms
[139.835s][info][gc,phases      ] GC(216)   Merge Heap Roots: 0.2ms
[139.835s][info][gc,phases      ] GC(216)   Evacuate Collection Set: 1.5ms
[139.835s][info][gc,phases      ] GC(216)   Post Evacuate Collection Set: 0.2ms
[139.835s][info][gc,phases      ] GC(216)   Other: 0.1ms
[139.835s][info][gc,heap        ] GC(216) Eden regions: 4->0(4)
[139.835s][info][gc,heap        ] GC(216) Survivor regions: 1->1(1)
[139.835s][info][gc,heap        ] GC(216) Old regions: 4->4
[139.835s][info][gc,heap        ] GC(216) Archive regions: 0->0
[139.835s][info][gc,heap        ] GC(216) Humongous regions: 0->0
[139.835s][info][gc,metaspace   ] GC(216) Metaspace: 9881K(10240K)->9881K(10240K) NonClass: 8582K(8832K)->8582K(8832K) Class: 1299K(1408K)->1299K(1408K)
[139.836s][info][gc             ] GC(216) Pause Young (Normal) (G1 Evacuation Pause) 69M->5M(176M) 2.635ms
[139.836s][info][gc,cpu         ] GC(216) User=0.00s Sys=0.00s Real=0.00s
[140.064s][info][gc,start       ] GC(217) Pause Full (System.gc())
[140.064s][info][gc,task        ] GC(217) Using 1 workers of 33 for full compaction
[140.065s][info][gc,phases,start] GC(217) Phase 1: Mark live objects
[140.084s][info][gc,phases      ] GC(217) Phase 1: Mark live objects 19.282ms
[140.084s][info][gc,phases,start] GC(217) Phase 2: Prepare compaction
[140.088s][info][gc,phases      ] GC(217) Phase 2: Prepare compaction 3.602ms
[140.088s][info][gc,phases,start] GC(217) Phase 3: Adjust pointers
[140.097s][info][gc,phases      ] GC(217) Phase 3: Adjust pointers 9.285ms
[140.101s][info][gc,phases,start] GC(217) Phase 4: Compact heap
[140.103s][info][gc,phases      ] GC(217) Phase 4: Compact heap 2.571ms
[140.106s][info][gc,heap        ] GC(217) Eden regions: 4->0(2)
[140.106s][info][gc,heap        ] GC(217) Survivor regions: 1->0(1)
[140.106s][info][gc,heap        ] GC(217) Old regions: 4->1
[140.106s][info][gc,heap        ] GC(217) Archive regions: 0->0
[140.106s][info][gc,heap        ] GC(217) Humongous regions: 0->0
[140.106s][info][gc,metaspace   ] GC(217) Metaspace: 9881K(10240K)->9881K(10240K) NonClass: 8582K(8832K)->8582K(8832K) Class: 1299K(1408K)->1299K(1408K)
[140.106s][info][gc             ] GC(217) Pause Full (System.gc()) 55M->3M(64M) 41.907ms
[140.106s][info][gc,cpu         ] GC(217) User=0.03s Sys=0.00s Real=0.03s
[140.240s][info][gc,start       ] GC(218) Pause Young (Normal) (G1 Evacuation Pause)
[140.240s][info][gc,task        ] GC(218) Using 2 workers of 33 for evacuation
[140.243s][info][gc,phases      ] GC(218)   Pre Evacuate Collection Set: 0.1ms
[140.243s][info][gc,phases      ] GC(218)   Merge Heap Roots: 0.1ms
[140.243s][info][gc,phases      ] GC(218)   Evacuate Collection Set: 2.7ms
[140.243s][info][gc,phases      ] GC(218)   Post Evacuate Collection Set: 0.2ms
[140.243s][info][gc,phases      ] GC(218)   Other: 0.1ms
[140.243s][info][gc,heap        ] GC(218) Eden regions: 2->0(1)
[140.244s][info][gc,heap        ] GC(218) Survivor regions: 0->1(1)
[140.244s][info][gc,heap        ] GC(218) Old regions: 1->1
[140.244s][info][gc,heap        ] GC(218) Archive regions: 0->0
[140.244s][info][gc,heap        ] GC(218) Humongous regions: 0->0
[140.244s][info][gc,metaspace   ] GC(218) Metaspace: 9902K(10240K)->9902K(10240K) NonClass: 8603K(8832K)->8603K(8832K) Class: 1299K(1408K)->1299K(1408K)
[140.244s][info][gc             ] GC(218) Pause Young (Normal) (G1 Evacuation Pause) 35M->5M(64M) 3.910ms
[140.244s][info][gc,cpu         ] GC(218) User=0.02s Sys=0.00s Real=0.00s
[140.305s][info][gc,start       ] GC(219) Pause Young (Normal) (G1 Evacuation Pause)
[140.305s][info][gc,task        ] GC(219) Using 2 workers of 33 for evacuation
[140.309s][info][gc,phases      ] GC(219)   Pre Evacuate Collection Set: 0.1ms
[140.309s][info][gc,phases      ] GC(219)   Merge Heap Roots: 0.1ms
[140.309s][info][gc,phases      ] GC(219)   Evacuate Collection Set: 3.3ms
[140.309s][info][gc,phases      ] GC(219)   Post Evacuate Collection Set: 0.2ms
[140.309s][info][gc,phases      ] GC(219)   Other: 0.1ms
[140.309s][info][gc,heap        ] GC(219) Eden regions: 1->0(1)
[140.309s][info][gc,heap        ] GC(219) Survivor regions: 1->1(1)
[140.309s][info][gc,heap        ] GC(219) Old regions: 1->1
[140.309s][info][gc,heap        ] GC(219) Archive regions: 0->0
[140.309s][info][gc,heap        ] GC(219) Humongous regions: 0->0
[140.309s][info][gc,metaspace   ] GC(219) Metaspace: 9902K(10240K)->9902K(10240K) NonClass: 8603K(8832K)->8603K(8832K) Class: 1299K(1408K)->1299K(1408K)
[140.309s][info][gc             ] GC(219) Pause Young (Normal) (G1 Evacuation Pause) 21M->5M(64M) 4.280ms
[140.309s][info][gc,cpu         ] GC(219) User=0.00s Sys=0.00s Real=0.00s
[140.372s][info][gc,start       ] GC(220) Pause Young (Normal) (G1 Evacuation Pause)
[140.372s][info][gc,task        ] GC(220) Using 2 workers of 33 for evacuation
[140.377s][info][gc,phases      ] GC(220)   Pre Evacuate Collection Set: 0.1ms
[140.377s][info][gc,phases      ] GC(220)   Merge Heap Roots: 0.1ms
[140.377s][info][gc,phases      ] GC(220)   Evacuate Collection Set: 3.7ms
[140.377s][info][gc,phases      ] GC(220)   Post Evacuate Collection Set: 0.2ms
[140.377s][info][gc,phases      ] GC(220)   Other: 0.1ms
[140.377s][info][gc,heap        ] GC(220) Eden regions: 1->0(1)
[140.377s][info][gc,heap        ] GC(220) Survivor regions: 1->1(1)
[140.377s][info][gc,heap        ] GC(220) Old regions: 1->1
[140.377s][info][gc,heap        ] GC(220) Archive regions: 0->0
[140.377s][info][gc,heap        ] GC(220) Humongous regions: 0->0
[140.377s][info][gc,metaspace   ] GC(220) Metaspace: 9902K(10240K)->9902K(10240K) NonClass: 8603K(8832K)->8603K(8832K) Class: 1299K(1408K)->1299K(1408K)
[140.377s][info][gc             ] GC(220) Pause Young (Normal) (G1 Evacuation Pause) 21M->5M(64M) 4.715ms
[140.377s][info][gc,cpu         ] GC(220) User=0.00s Sys=0.00s Real=0.01s
[140.442s][info][gc,start       ] GC(221) Pause Young (Normal) (G1 Evacuation Pause)
[140.443s][info][gc,task        ] GC(221) Using 2 workers of 33 for evacuation
[140.453s][info][gc,phases      ] GC(221)   Pre Evacuate Collection Set: 0.1ms
[140.453s][info][gc,phases      ] GC(221)   Merge Heap Roots: 0.1ms
[140.454s][info][gc,phases      ] GC(221)   Evacuate Collection Set: 3.4ms
[140.454s][info][gc,phases      ] GC(221)   Post Evacuate Collection Set: 7.2ms
[140.454s][info][gc,phases      ] GC(221)   Other: 0.1ms
[140.454s][info][gc,heap        ] GC(221) Eden regions: 1->0(38)
[140.454s][info][gc,heap        ] GC(221) Survivor regions: 1->1(1)
[140.454s][info][gc,heap        ] GC(221) Old regions: 1->1
[140.454s][info][gc,heap        ] GC(221) Archive regions: 0->0
[140.454s][info][gc,heap        ] GC(221) Humongous regions: 0->0
[140.454s][info][gc,metaspace   ] GC(221) Metaspace: 9902K(10240K)->9902K(10240K) NonClass: 8603K(8832K)->8603K(8832K) Class: 1299K(1408K)->1299K(1408K)
[140.454s][info][gc             ] GC(221) Pause Young (Normal) (G1 Evacuation Pause) 21M->5M(1056M) 11.476ms
[140.454s][info][gc,cpu         ] GC(221) User=0.03s Sys=0.00s Real=0.01s
[143.183s][info][gc,start       ] GC(222) Pause Young (Normal) (G1 Evacuation Pause)
[143.183s][info][gc,task        ] GC(222) Using 25 workers of 33 for evacuation
[143.185s][info][gc,phases      ] GC(222)   Pre Evacuate Collection Set: 0.1ms
[143.185s][info][gc,phases      ] GC(222)   Merge Heap Roots: 0.1ms
[143.185s][info][gc,phases      ] GC(222)   Evacuate Collection Set: 1.3ms
[143.185s][info][gc,phases      ] GC(222)   Post Evacuate Collection Set: 0.4ms
[143.185s][info][gc,phases      ] GC(222)   Other: 0.1ms
[143.185s][info][gc,heap        ] GC(222) Eden regions: 38->0(38)
[143.185s][info][gc,heap        ] GC(222) Survivor regions: 1->1(5)
[143.185s][info][gc,heap        ] GC(222) Old regions: 1->1
[143.185s][info][gc,heap        ] GC(222) Archive regions: 0->0
[143.185s][info][gc,heap        ] GC(222) Humongous regions: 0->0
[143.185s][info][gc,metaspace   ] GC(222) Metaspace: 9902K(10240K)->9902K(10240K) NonClass: 8603K(8832K)->8603K(8832K) Class: 1299K(1408K)->1299K(1408K)
[143.185s][info][gc             ] GC(222) Pause Young (Normal) (G1 Evacuation Pause) 613M->5M(1056M) 2.327ms
[143.185s][info][gc,cpu         ] GC(222) User=0.00s Sys=0.00s Real=0.00s
[145.705s][info][gc,start       ] GC(223) Pause Young (Normal) (G1 Evacuation Pause)
[145.705s][info][gc,task        ] GC(223) Using 25 workers of 33 for evacuation
[145.707s][info][gc,phases      ] GC(223)   Pre Evacuate Collection Set: 0.1ms
[145.707s][info][gc,phases      ] GC(223)   Merge Heap Roots: 0.2ms
[145.707s][info][gc,phases      ] GC(223)   Evacuate Collection Set: 1.2ms
[145.707s][info][gc,phases      ] GC(223)   Post Evacuate Collection Set: 0.5ms
[145.707s][info][gc,phases      ] GC(223)   Other: 0.1ms
[145.707s][info][gc,heap        ] GC(223) Eden regions: 38->0(38)
[145.707s][info][gc,heap        ] GC(223) Survivor regions: 1->1(5)
[145.707s][info][gc,heap        ] GC(223) Old regions: 1->1
[145.707s][info][gc,heap        ] GC(223) Archive regions: 0->0
[145.707s][info][gc,heap        ] GC(223) Humongous regions: 0->0
[145.707s][info][gc,metaspace   ] GC(223) Metaspace: 9902K(10240K)->9902K(10240K) NonClass: 8603K(8832K)->8603K(8832K) Class: 1299K(1408K)->1299K(1408K)
[145.707s][info][gc             ] GC(223) Pause Young (Normal) (G1 Evacuation Pause) 613M->5M(1056M) 2.679ms
[145.707s][info][gc,cpu         ] GC(223) User=0.00s Sys=0.00s Real=0.00s
[147.061s][info][gc,start       ] GC(224) Pause Full (System.gc())
[147.061s][info][gc,task        ] GC(224) Using 6 workers of 33 for full compaction
[147.062s][info][gc,phases,start] GC(224) Phase 1: Mark live objects
[147.067s][info][gc,phases      ] GC(224) Phase 1: Mark live objects 5.504ms
[147.067s][info][gc,phases,start] GC(224) Phase 2: Prepare compaction
[147.071s][info][gc,phases      ] GC(224) Phase 2: Prepare compaction 3.952ms
[147.071s][info][gc,phases,start] GC(224) Phase 3: Adjust pointers
[147.076s][info][gc,phases      ] GC(224) Phase 3: Adjust pointers 4.931ms
[147.076s][info][gc,phases,start] GC(224) Phase 4: Compact heap
[147.079s][info][gc,phases      ] GC(224) Phase 4: Compact heap 2.535ms
[147.087s][info][gc,heap        ] GC(224) Eden regions: 20->0(4)
[147.088s][info][gc,heap        ] GC(224) Survivor regions: 1->0(5)
[147.088s][info][gc,heap        ] GC(224) Old regions: 1->2
[147.088s][info][gc,heap        ] GC(224) Archive regions: 0->0
[147.088s][info][gc,heap        ] GC(224) Humongous regions: 0->0
[147.088s][info][gc,metaspace   ] GC(224) Metaspace: 9902K(10240K)->9902K(10240K) NonClass: 8603K(8832K)->8603K(8832K) Class: 1299K(1408K)->1299K(1408K)
[147.088s][info][gc             ] GC(224) Pause Full (System.gc()) 320M->3M(112M) 26.696ms
[147.088s][info][gc,cpu         ] GC(224) User=0.11s Sys=0.27s Real=0.04s
[147.343s][info][gc,start       ] GC(225) Pause Young (Normal) (G1 Evacuation Pause)
[147.343s][info][gc,task        ] GC(225) Using 4 workers of 33 for evacuation
[147.345s][info][gc,phases      ] GC(225)   Pre Evacuate Collection Set: 0.1ms
[147.346s][info][gc,phases      ] GC(225)   Merge Heap Roots: 0.1ms
[147.346s][info][gc,phases      ] GC(225)   Evacuate Collection Set: 1.7ms
[147.346s][info][gc,phases      ] GC(225)   Post Evacuate Collection Set: 0.2ms
[147.346s][info][gc,phases      ] GC(225)   Other: 0.1ms
[147.346s][info][gc,heap        ] GC(225) Eden regions: 4->0(3)
[147.346s][info][gc,heap        ] GC(225) Survivor regions: 0->1(1)
[147.346s][info][gc,heap        ] GC(225) Old regions: 2->2
[147.346s][info][gc,heap        ] GC(225) Archive regions: 0->0
[147.346s][info][gc,heap        ] GC(225) Humongous regions: 0->0
[147.346s][info][gc,metaspace   ] GC(225) Metaspace: 9902K(10240K)->9902K(10240K) NonClass: 8603K(8832K)->8603K(8832K) Class: 1299K(1408K)->1299K(1408K)
[147.346s][info][gc             ] GC(225) Pause Young (Normal) (G1 Evacuation Pause) 67M->5M(112M) 2.710ms
[147.346s][info][gc,cpu         ] GC(225) User=0.00s Sys=0.00s Real=0.00s
[147.537s][info][gc,start       ] GC(226) Pause Young (Normal) (G1 Evacuation Pause)
[147.538s][info][gc,task        ] GC(226) Using 3 workers of 33 for evacuation
[147.540s][info][gc,phases      ] GC(226)   Pre Evacuate Collection Set: 0.1ms
[147.540s][info][gc,phases      ] GC(226)   Merge Heap Roots: 0.1ms
[147.540s][info][gc,phases      ] GC(226)   Evacuate Collection Set: 2.2ms
[147.540s][info][gc,phases      ] GC(226)   Post Evacuate Collection Set: 0.2ms
[147.540s][info][gc,phases      ] GC(226)   Other: 0.1ms
[147.540s][info][gc,heap        ] GC(226) Eden regions: 3->0(3)
[147.540s][info][gc,heap        ] GC(226) Survivor regions: 1->1(1)
[147.541s][info][gc,heap        ] GC(226) Old regions: 2->2
[147.541s][info][gc,heap        ] GC(226) Archive regions: 0->0
[147.541s][info][gc,heap        ] GC(226) Humongous regions: 0->0
[147.541s][info][gc,metaspace   ] GC(226) Metaspace: 9902K(10240K)->9902K(10240K) NonClass: 8603K(8832K)->8603K(8832K) Class: 1299K(1408K)->1299K(1408K)
[147.541s][info][gc             ] GC(226) Pause Young (Normal) (G1 Evacuation Pause) 53M->5M(112M) 3.203ms
[147.541s][info][gc,cpu         ] GC(226) User=0.00s Sys=0.00s Real=0.00s
[147.737s][info][gc,start       ] GC(227) Pause Young (Normal) (G1 Evacuation Pause)
[147.737s][info][gc,task        ] GC(227) Using 2 workers of 33 for evacuation
[147.742s][info][gc,phases      ] GC(227)   Pre Evacuate Collection Set: 0.1ms
[147.742s][info][gc,phases      ] GC(227)   Merge Heap Roots: 0.2ms
[147.742s][info][gc,phases      ] GC(227)   Evacuate Collection Set: 3.7ms
[147.742s][info][gc,phases      ] GC(227)   Post Evacuate Collection Set: 0.2ms
[147.742s][info][gc,phases      ] GC(227)   Other: 0.1ms
[147.742s][info][gc,heap        ] GC(227) Eden regions: 3->0(3)
[147.742s][info][gc,heap        ] GC(227) Survivor regions: 1->1(1)
[147.742s][info][gc,heap        ] GC(227) Old regions: 2->2
[147.742s][info][gc,heap        ] GC(227) Archive regions: 0->0
[147.742s][info][gc,heap        ] GC(227) Humongous regions: 0->0
[147.742s][info][gc,metaspace   ] GC(227) Metaspace: 9902K(10240K)->9902K(10240K) NonClass: 8603K(8832K)->8603K(8832K) Class: 1299K(1408K)->1299K(1408K)
[147.742s][info][gc             ] GC(227) Pause Young (Normal) (G1 Evacuation Pause) 53M->5M(112M) 4.866ms
[147.742s][info][gc,cpu         ] GC(227) User=0.03s Sys=0.00s Real=0.01s
[147.962s][info][gc,start       ] GC(228) Pause Young (Normal) (G1 Evacuation Pause)
[147.962s][info][gc,task        ] GC(228) Using 2 workers of 33 for evacuation
[147.973s][info][gc,phases      ] GC(228)   Pre Evacuate Collection Set: 0.1ms
[147.973s][info][gc,phases      ] GC(228)   Merge Heap Roots: 0.1ms
[147.973s][info][gc,phases      ] GC(228)   Evacuate Collection Set: 3.4ms
[147.973s][info][gc,phases      ] GC(228)   Post Evacuate Collection Set: 7.1ms
[147.973s][info][gc,phases      ] GC(228)   Other: 0.1ms
[147.973s][info][gc,heap        ] GC(228) Eden regions: 3->0(39)
[147.973s][info][gc,heap        ] GC(228) Survivor regions: 1->1(1)
[147.973s][info][gc,heap        ] GC(228) Old regions: 2->2
[147.973s][info][gc,heap        ] GC(228) Archive regions: 0->0
[147.973s][info][gc,heap        ] GC(228) Humongous regions: 0->0
[147.973s][info][gc,metaspace   ] GC(228) Metaspace: 9902K(10240K)->9902K(10240K) NonClass: 8603K(8832K)->8603K(8832K) Class: 1299K(1408K)->1299K(1408K)
[147.973s][info][gc             ] GC(228) Pause Young (Normal) (G1 Evacuation Pause) 53M->5M(1088M) 11.304ms
[147.973s][info][gc,cpu         ] GC(228) User=0.00s Sys=0.00s Real=0.01s
[150.791s][info][gc,start       ] GC(229) Pause Young (Normal) (G1 Evacuation Pause)
[150.792s][info][gc,task        ] GC(229) Using 26 workers of 33 for evacuation
[150.794s][info][gc,phases      ] GC(229)   Pre Evacuate Collection Set: 0.1ms
[150.794s][info][gc,phases      ] GC(229)   Merge Heap Roots: 0.2ms
[150.794s][info][gc,phases      ] GC(229)   Evacuate Collection Set: 1.4ms
[150.794s][info][gc,phases      ] GC(229)   Post Evacuate Collection Set: 0.5ms
[150.794s][info][gc,phases      ] GC(229)   Other: 0.1ms
[150.794s][info][gc,heap        ] GC(229) Eden regions: 39->0(39)
[150.794s][info][gc,heap        ] GC(229) Survivor regions: 1->1(5)
[150.794s][info][gc,heap        ] GC(229) Old regions: 2->2
[150.794s][info][gc,heap        ] GC(229) Archive regions: 0->0
[150.794s][info][gc,heap        ] GC(229) Humongous regions: 0->0
[150.794s][info][gc,metaspace   ] GC(229) Metaspace: 9902K(10240K)->9902K(10240K) NonClass: 8603K(8832K)->8603K(8832K) Class: 1299K(1408K)->1299K(1408K)
[150.794s][info][gc             ] GC(229) Pause Young (Normal) (G1 Evacuation Pause) 629M->5M(1088M) 2.828ms
[150.794s][info][gc,cpu         ] GC(229) User=0.00s Sys=0.00s Real=0.00s
[153.381s][info][gc,start       ] GC(230) Pause Young (Normal) (G1 Evacuation Pause)
[153.381s][info][gc,task        ] GC(230) Using 26 workers of 33 for evacuation
[153.384s][info][gc,phases      ] GC(230)   Pre Evacuate Collection Set: 0.1ms
[153.384s][info][gc,phases      ] GC(230)   Merge Heap Roots: 0.2ms
[153.384s][info][gc,phases      ] GC(230)   Evacuate Collection Set: 1.4ms
[153.384s][info][gc,phases      ] GC(230)   Post Evacuate Collection Set: 0.5ms
[153.384s][info][gc,phases      ] GC(230)   Other: 0.1ms
[153.384s][info][gc,heap        ] GC(230) Eden regions: 39->0(39)
[153.384s][info][gc,heap        ] GC(230) Survivor regions: 1->1(5)
[153.384s][info][gc,heap        ] GC(230) Old regions: 2->2
[153.384s][info][gc,heap        ] GC(230) Archive regions: 0->0
[153.384s][info][gc,heap        ] GC(230) Humongous regions: 0->0
[153.384s][info][gc,metaspace   ] GC(230) Metaspace: 9902K(10240K)->9902K(10240K) NonClass: 8603K(8832K)->8603K(8832K) Class: 1299K(1408K)->1299K(1408K)
[153.384s][info][gc             ] GC(230) Pause Young (Normal) (G1 Evacuation Pause) 629M->5M(1088M) 2.844ms
[153.384s][info][gc,cpu         ] GC(230) User=0.00s Sys=0.00s Real=0.00s
[154.014s][info][gc,start       ] GC(231) Pause Full (System.gc())
[154.014s][info][gc,task        ] GC(231) Using 6 workers of 33 for full compaction
[154.014s][info][gc,phases,start] GC(231) Phase 1: Mark live objects
[154.019s][info][gc,phases      ] GC(231) Phase 1: Mark live objects 4.838ms
[154.019s][info][gc,phases,start] GC(231) Phase 2: Prepare compaction
[154.022s][info][gc,phases      ] GC(231) Phase 2: Prepare compaction 3.353ms
[154.022s][info][gc,phases,start] GC(231) Phase 3: Adjust pointers
[154.027s][info][gc,phases      ] GC(231) Phase 3: Adjust pointers 4.911ms
[154.027s][info][gc,phases,start] GC(231) Phase 4: Compact heap
[154.030s][info][gc,phases      ] GC(231) Phase 4: Compact heap 2.447ms
[154.037s][info][gc,heap        ] GC(231) Eden regions: 10->0(4)
[154.038s][info][gc,heap        ] GC(231) Survivor regions: 1->0(5)
[154.038s][info][gc,heap        ] GC(231) Old regions: 2->2
[154.038s][info][gc,heap        ] GC(231) Archive regions: 0->0
[154.038s][info][gc,heap        ] GC(231) Humongous regions: 0->0
[154.038s][info][gc,metaspace   ] GC(231) Metaspace: 9902K(10240K)->9902K(10240K) NonClass: 8603K(8832K)->8603K(8832K) Class: 1299K(1408K)->1299K(1408K)
[154.038s][info][gc             ] GC(231) Pause Full (System.gc()) 159M->3M(112M) 24.214ms
[154.038s][info][gc,cpu         ] GC(231) User=0.02s Sys=0.02s Real=0.02s
[154.286s][info][gc,start       ] GC(232) Pause Young (Normal) (G1 Evacuation Pause)
[154.286s][info][gc,task        ] GC(232) Using 4 workers of 33 for evacuation
[154.288s][info][gc,phases      ] GC(232)   Pre Evacuate Collection Set: 0.1ms
[154.288s][info][gc,phases      ] GC(232)   Merge Heap Roots: 0.1ms
[154.289s][info][gc,phases      ] GC(232)   Evacuate Collection Set: 1.7ms
[154.289s][info][gc,phases      ] GC(232)   Post Evacuate Collection Set: 0.2ms
[154.289s][info][gc,phases      ] GC(232)   Other: 0.1ms
[154.289s][info][gc,heap        ] GC(232) Eden regions: 4->0(3)
[154.289s][info][gc,heap        ] GC(232) Survivor regions: 0->1(1)
[154.289s][info][gc,heap        ] GC(232) Old regions: 2->2
[154.289s][info][gc,heap        ] GC(232) Archive regions: 0->0
[154.289s][info][gc,heap        ] GC(232) Humongous regions: 0->0
[154.289s][info][gc,metaspace   ] GC(232) Metaspace: 9902K(10240K)->9902K(10240K) NonClass: 8603K(8832K)->8603K(8832K) Class: 1299K(1408K)->1299K(1408K)
[154.289s][info][gc             ] GC(232) Pause Young (Normal) (G1 Evacuation Pause) 67M->5M(112M) 2.720ms
[154.289s][info][gc,cpu         ] GC(232) User=0.06s Sys=0.00s Real=0.00s
[154.481s][info][gc,start       ] GC(233) Pause Young (Normal) (G1 Evacuation Pause)
[154.481s][info][gc,task        ] GC(233) Using 3 workers of 33 for evacuation
[154.484s][info][gc,phases      ] GC(233)   Pre Evacuate Collection Set: 0.1ms
[154.484s][info][gc,phases      ] GC(233)   Merge Heap Roots: 0.1ms
[154.484s][info][gc,phases      ] GC(233)   Evacuate Collection Set: 2.2ms
[154.484s][info][gc,phases      ] GC(233)   Post Evacuate Collection Set: 0.2ms
[154.484s][info][gc,phases      ] GC(233)   Other: 0.1ms
[154.484s][info][gc,heap        ] GC(233) Eden regions: 3->0(3)
[154.484s][info][gc,heap        ] GC(233) Survivor regions: 1->1(1)
[154.484s][info][gc,heap        ] GC(233) Old regions: 2->2
[154.484s][info][gc,heap        ] GC(233) Archive regions: 0->0
[154.484s][info][gc,heap        ] GC(233) Humongous regions: 0->0
[154.484s][info][gc,metaspace   ] GC(233) Metaspace: 9902K(10240K)->9902K(10240K) NonClass: 8603K(8832K)->8603K(8832K) Class: 1299K(1408K)->1299K(1408K)
[154.484s][info][gc             ] GC(233) Pause Young (Normal) (G1 Evacuation Pause) 53M->5M(112M) 3.248ms
[154.484s][info][gc,cpu         ] GC(233) User=0.00s Sys=0.00s Real=0.00s
[154.674s][info][gc,start       ] GC(234) Pause Young (Normal) (G1 Evacuation Pause)
[154.674s][info][gc,task        ] GC(234) Using 2 workers of 33 for evacuation
[154.678s][info][gc,phases      ] GC(234)   Pre Evacuate Collection Set: 0.1ms
[154.678s][info][gc,phases      ] GC(234)   Merge Heap Roots: 0.2ms
[154.678s][info][gc,phases      ] GC(234)   Evacuate Collection Set: 3.3ms
[154.678s][info][gc,phases      ] GC(234)   Post Evacuate Collection Set: 0.2ms
[154.678s][info][gc,phases      ] GC(234)   Other: 0.1ms
[154.678s][info][gc,heap        ] GC(234) Eden regions: 3->0(3)
[154.678s][info][gc,heap        ] GC(234) Survivor regions: 1->1(1)
[154.679s][info][gc,heap        ] GC(234) Old regions: 2->2
[154.679s][info][gc,heap        ] GC(234) Archive regions: 0->0
[154.679s][info][gc,heap        ] GC(234) Humongous regions: 0->0
[154.679s][info][gc,metaspace   ] GC(234) Metaspace: 9902K(10240K)->9902K(10240K) NonClass: 8603K(8832K)->8603K(8832K) Class: 1299K(1408K)->1299K(1408K)
[154.679s][info][gc             ] GC(234) Pause Young (Normal) (G1 Evacuation Pause) 53M->5M(112M) 4.372ms
[154.679s][info][gc,cpu         ] GC(234) User=0.05s Sys=0.00s Real=0.02s
[154.884s][info][gc,start       ] GC(235) Pause Young (Normal) (G1 Evacuation Pause)
[154.884s][info][gc,task        ] GC(235) Using 2 workers of 33 for evacuation
[154.895s][info][gc,phases      ] GC(235)   Pre Evacuate Collection Set: 0.1ms
[154.895s][info][gc,phases      ] GC(235)   Merge Heap Roots: 0.2ms
[154.895s][info][gc,phases      ] GC(235)   Evacuate Collection Set: 3.4ms
[154.895s][info][gc,phases      ] GC(235)   Post Evacuate Collection Set: 7.2ms
[154.895s][info][gc,phases      ] GC(235)   Other: 0.1ms
[154.895s][info][gc,heap        ] GC(235) Eden regions: 3->0(39)
[154.895s][info][gc,heap        ] GC(235) Survivor regions: 1->1(1)
[154.895s][info][gc,heap        ] GC(235) Old regions: 2->2
[154.895s][info][gc,heap        ] GC(235) Archive regions: 0->0
[154.895s][info][gc,heap        ] GC(235) Humongous regions: 0->0
[154.895s][info][gc,metaspace   ] GC(235) Metaspace: 9902K(10240K)->9902K(10240K) NonClass: 8603K(8832K)->8603K(8832K) Class: 1299K(1408K)->1299K(1408K)
[154.895s][info][gc             ] GC(235) Pause Young (Normal) (G1 Evacuation Pause) 53M->5M(1088M) 11.487ms
[154.895s][info][gc,cpu         ] GC(235) User=0.03s Sys=0.00s Real=0.02s
[157.691s][info][gc,start       ] GC(236) Pause Young (Normal) (G1 Evacuation Pause)
[157.691s][info][gc,task        ] GC(236) Using 26 workers of 33 for evacuation
[157.694s][info][gc,phases      ] GC(236)   Pre Evacuate Collection Set: 0.2ms
[157.694s][info][gc,phases      ] GC(236)   Merge Heap Roots: 0.2ms
[157.694s][info][gc,phases      ] GC(236)   Evacuate Collection Set: 1.7ms
[157.694s][info][gc,phases      ] GC(236)   Post Evacuate Collection Set: 0.5ms
[157.694s][info][gc,phases      ] GC(236)   Other: 0.1ms
[157.694s][info][gc,heap        ] GC(236) Eden regions: 39->0(39)
[157.694s][info][gc,heap        ] GC(236) Survivor regions: 1->1(5)
[157.694s][info][gc,heap        ] GC(236) Old regions: 2->2
[157.694s][info][gc,heap        ] GC(236) Archive regions: 0->0
[157.694s][info][gc,heap        ] GC(236) Humongous regions: 0->0
[157.694s][info][gc,metaspace   ] GC(236) Metaspace: 9902K(10240K)->9902K(10240K) NonClass: 8603K(8832K)->8603K(8832K) Class: 1299K(1408K)->1299K(1408K)
[157.694s][info][gc             ] GC(236) Pause Young (Normal) (G1 Evacuation Pause) 629M->5M(1088M) 3.231ms
[157.694s][info][gc,cpu         ] GC(236) User=0.00s Sys=0.00s Real=0.00s
[160.369s][info][gc,start       ] GC(237) Pause Young (Normal) (G1 Evacuation Pause)
[160.369s][info][gc,task        ] GC(237) Using 26 workers of 33 for evacuation
[160.371s][info][gc,phases      ] GC(237)   Pre Evacuate Collection Set: 0.1ms
[160.371s][info][gc,phases      ] GC(237)   Merge Heap Roots: 0.2ms
[160.371s][info][gc,phases      ] GC(237)   Evacuate Collection Set: 1.5ms
[160.371s][info][gc,phases      ] GC(237)   Post Evacuate Collection Set: 0.5ms
[160.371s][info][gc,phases      ] GC(237)   Other: 0.1ms
[160.371s][info][gc,heap        ] GC(237) Eden regions: 39->0(39)
[160.371s][info][gc,heap        ] GC(237) Survivor regions: 1->1(5)
[160.371s][info][gc,heap        ] GC(237) Old regions: 2->2
[160.371s][info][gc,heap        ] GC(237) Archive regions: 0->0
[160.371s][info][gc,heap        ] GC(237) Humongous regions: 0->0
[160.371s][info][gc,metaspace   ] GC(237) Metaspace: 9902K(10240K)->9902K(10240K) NonClass: 8603K(8832K)->8603K(8832K) Class: 1299K(1408K)->1299K(1408K)
[160.372s][info][gc             ] GC(237) Pause Young (Normal) (G1 Evacuation Pause) 629M->5M(1088M) 2.988ms
[160.372s][info][gc,cpu         ] GC(237) User=0.00s Sys=0.00s Real=0.00s
[160.972s][info][gc,start       ] GC(238) Pause Full (System.gc())
[160.972s][info][gc,task        ] GC(238) Using 6 workers of 33 for full compaction
[160.972s][info][gc,phases,start] GC(238) Phase 1: Mark live objects
[160.977s][info][gc,phases      ] GC(238) Phase 1: Mark live objects 5.344ms
[160.977s][info][gc,phases,start] GC(238) Phase 2: Prepare compaction
[160.980s][info][gc,phases      ] GC(238) Phase 2: Prepare compaction 2.645ms
[160.980s][info][gc,phases,start] GC(238) Phase 3: Adjust pointers
[160.984s][info][gc,phases      ] GC(238) Phase 3: Adjust pointers 3.992ms
[160.984s][info][gc,phases,start] GC(238) Phase 4: Compact heap
[160.987s][info][gc,phases      ] GC(238) Phase 4: Compact heap 2.465ms
[160.995s][info][gc,heap        ] GC(238) Eden regions: 10->0(4)
[160.995s][info][gc,heap        ] GC(238) Survivor regions: 1->0(5)
[160.995s][info][gc,heap        ] GC(238) Old regions: 2->2
[160.995s][info][gc,heap        ] GC(238) Archive regions: 0->0
[160.995s][info][gc,heap        ] GC(238) Humongous regions: 0->0
[160.995s][info][gc,metaspace   ] GC(238) Metaspace: 9902K(10240K)->9902K(10240K) NonClass: 8603K(8832K)->8603K(8832K) Class: 1299K(1408K)->1299K(1408K)
[160.995s][info][gc             ] GC(238) Pause Full (System.gc()) 150M->3M(112M) 23.500ms
[160.995s][info][gc,cpu         ] GC(238) User=0.11s Sys=0.25s Real=0.02s
[161.237s][info][gc,start       ] GC(239) Pause Young (Normal) (G1 Evacuation Pause)
[161.237s][info][gc,task        ] GC(239) Using 4 workers of 33 for evacuation
[161.239s][info][gc,phases      ] GC(239)   Pre Evacuate Collection Set: 0.1ms
[161.239s][info][gc,phases      ] GC(239)   Merge Heap Roots: 0.1ms
[161.239s][info][gc,phases      ] GC(239)   Evacuate Collection Set: 1.6ms
[161.239s][info][gc,phases      ] GC(239)   Post Evacuate Collection Set: 0.2ms
[161.239s][info][gc,phases      ] GC(239)   Other: 0.1ms
[161.239s][info][gc,heap        ] GC(239) Eden regions: 4->0(3)
[161.239s][info][gc,heap        ] GC(239) Survivor regions: 0->1(1)
[161.239s][info][gc,heap        ] GC(239) Old regions: 2->2
[161.239s][info][gc,heap        ] GC(239) Archive regions: 0->0
[161.239s][info][gc,heap        ] GC(239) Humongous regions: 0->0
[161.239s][info][gc,metaspace   ] GC(239) Metaspace: 9907K(10240K)->9907K(10240K) NonClass: 8608K(8832K)->8608K(8832K) Class: 1299K(1408K)->1299K(1408K)
[161.239s][info][gc             ] GC(239) Pause Young (Normal) (G1 Evacuation Pause) 67M->5M(112M) 2.641ms
[161.239s][info][gc,cpu         ] GC(239) User=0.00s Sys=0.00s Real=0.00s
[161.431s][info][gc,start       ] GC(240) Pause Young (Normal) (G1 Evacuation Pause)
[161.431s][info][gc,task        ] GC(240) Using 3 workers of 33 for evacuation
[161.434s][info][gc,phases      ] GC(240)   Pre Evacuate Collection Set: 0.1ms
[161.434s][info][gc,phases      ] GC(240)   Merge Heap Roots: 0.1ms
[161.434s][info][gc,phases      ] GC(240)   Evacuate Collection Set: 2.4ms
[161.434s][info][gc,phases      ] GC(240)   Post Evacuate Collection Set: 0.2ms
[161.434s][info][gc,phases      ] GC(240)   Other: 0.1ms
[161.434s][info][gc,heap        ] GC(240) Eden regions: 3->0(3)
[161.434s][info][gc,heap        ] GC(240) Survivor regions: 1->1(1)
[161.434s][info][gc,heap        ] GC(240) Old regions: 2->2
[161.434s][info][gc,heap        ] GC(240) Archive regions: 0->0
[161.434s][info][gc,heap        ] GC(240) Humongous regions: 0->0
[161.434s][info][gc,metaspace   ] GC(240) Metaspace: 9907K(10240K)->9907K(10240K) NonClass: 8608K(8832K)->8608K(8832K) Class: 1299K(1408K)->1299K(1408K)
[161.434s][info][gc             ] GC(240) Pause Young (Normal) (G1 Evacuation Pause) 53M->5M(112M) 3.418ms
[161.434s][info][gc,cpu         ] GC(240) User=0.05s Sys=0.00s Real=0.01s
[161.625s][info][gc,start       ] GC(241) Pause Young (Normal) (G1 Evacuation Pause)
[161.625s][info][gc,task        ] GC(241) Using 2 workers of 33 for evacuation
[161.629s][info][gc,phases      ] GC(241)   Pre Evacuate Collection Set: 0.1ms
[161.629s][info][gc,phases      ] GC(241)   Merge Heap Roots: 0.1ms
[161.629s][info][gc,phases      ] GC(241)   Evacuate Collection Set: 3.6ms
[161.629s][info][gc,phases      ] GC(241)   Post Evacuate Collection Set: 0.2ms
[161.629s][info][gc,phases      ] GC(241)   Other: 0.1ms
[161.629s][info][gc,heap        ] GC(241) Eden regions: 3->0(3)
[161.629s][info][gc,heap        ] GC(241) Survivor regions: 1->1(1)
[161.629s][info][gc,heap        ] GC(241) Old regions: 2->2
[161.629s][info][gc,heap        ] GC(241) Archive regions: 0->0
[161.629s][info][gc,heap        ] GC(241) Humongous regions: 0->0
[161.630s][info][gc,metaspace   ] GC(241) Metaspace: 9907K(10240K)->9907K(10240K) NonClass: 8608K(8832K)->8608K(8832K) Class: 1299K(1408K)->1299K(1408K)
[161.630s][info][gc             ] GC(241) Pause Young (Normal) (G1 Evacuation Pause) 53M->5M(112M) 4.641ms
[161.630s][info][gc,cpu         ] GC(241) User=0.03s Sys=0.00s Real=0.01s
[161.830s][info][gc,start       ] GC(242) Pause Young (Normal) (G1 Evacuation Pause)
[161.830s][info][gc,task        ] GC(242) Using 2 workers of 33 for evacuation
[161.841s][info][gc,phases      ] GC(242)   Pre Evacuate Collection Set: 0.1ms
[161.841s][info][gc,phases      ] GC(242)   Merge Heap Roots: 0.2ms
[161.841s][info][gc,phases      ] GC(242)   Evacuate Collection Set: 3.3ms
[161.841s][info][gc,phases      ] GC(242)   Post Evacuate Collection Set: 7.2ms
[161.841s][info][gc,phases      ] GC(242)   Other: 0.1ms
[161.841s][info][gc,heap        ] GC(242) Eden regions: 3->0(39)
[161.841s][info][gc,heap        ] GC(242) Survivor regions: 1->1(1)
[161.841s][info][gc,heap        ] GC(242) Old regions: 2->2
[161.841s][info][gc,heap        ] GC(242) Archive regions: 0->0
[161.841s][info][gc,heap        ] GC(242) Humongous regions: 0->0
[161.841s][info][gc,metaspace   ] GC(242) Metaspace: 9907K(10240K)->9907K(10240K) NonClass: 8608K(8832K)->8608K(8832K) Class: 1299K(1408K)->1299K(1408K)
[161.841s][info][gc             ] GC(242) Pause Young (Normal) (G1 Evacuation Pause) 53M->5M(1088M) 11.427ms
[161.841s][info][gc,cpu         ] GC(242) User=0.00s Sys=0.00s Real=0.00s
[164.685s][info][gc,start       ] GC(243) Pause Young (Normal) (G1 Evacuation Pause)
[164.685s][info][gc,task        ] GC(243) Using 26 workers of 33 for evacuation
[164.688s][info][gc,phases      ] GC(243)   Pre Evacuate Collection Set: 0.1ms
[164.688s][info][gc,phases      ] GC(243)   Merge Heap Roots: 0.2ms
[164.688s][info][gc,phases      ] GC(243)   Evacuate Collection Set: 1.6ms
[164.688s][info][gc,phases      ] GC(243)   Post Evacuate Collection Set: 0.5ms
[164.688s][info][gc,phases      ] GC(243)   Other: 0.1ms
[164.688s][info][gc,heap        ] GC(243) Eden regions: 39->0(39)
[164.688s][info][gc,heap        ] GC(243) Survivor regions: 1->1(5)
[164.688s][info][gc,heap        ] GC(243) Old regions: 2->2
[164.688s][info][gc,heap        ] GC(243) Archive regions: 0->0
[164.688s][info][gc,heap        ] GC(243) Humongous regions: 0->0
[164.688s][info][gc,metaspace   ] GC(243) Metaspace: 9907K(10240K)->9907K(10240K) NonClass: 8608K(8832K)->8608K(8832K) Class: 1299K(1408K)->1299K(1408K)
[164.688s][info][gc             ] GC(243) Pause Young (Normal) (G1 Evacuation Pause) 629M->5M(1088M) 3.232ms
[164.688s][info][gc,cpu         ] GC(243) User=0.00s Sys=0.00s Real=0.00s
[167.379s][info][gc,start       ] GC(244) Pause Young (Normal) (G1 Evacuation Pause)
[167.379s][info][gc,task        ] GC(244) Using 26 workers of 33 for evacuation
[167.381s][info][gc,phases      ] GC(244)   Pre Evacuate Collection Set: 0.1ms
[167.381s][info][gc,phases      ] GC(244)   Merge Heap Roots: 0.2ms
[167.381s][info][gc,phases      ] GC(244)   Evacuate Collection Set: 1.4ms
[167.381s][info][gc,phases      ] GC(244)   Post Evacuate Collection Set: 0.5ms
[167.381s][info][gc,phases      ] GC(244)   Other: 0.1ms
[167.381s][info][gc,heap        ] GC(244) Eden regions: 39->0(39)
[167.381s][info][gc,heap        ] GC(244) Survivor regions: 1->1(5)
[167.381s][info][gc,heap        ] GC(244) Old regions: 2->2
[167.381s][info][gc,heap        ] GC(244) Archive regions: 0->0
[167.381s][info][gc,heap        ] GC(244) Humongous regions: 0->0
[167.382s][info][gc,metaspace   ] GC(244) Metaspace: 9907K(10240K)->9907K(10240K) NonClass: 8608K(8832K)->8608K(8832K) Class: 1299K(1408K)->1299K(1408K)
[167.382s][info][gc             ] GC(244) Pause Young (Normal) (G1 Evacuation Pause) 629M->5M(1088M) 2.827ms
[167.382s][info][gc,cpu         ] GC(244) User=0.38s Sys=0.03s Real=0.00s
[167.983s][info][gc,start       ] GC(245) Pause Full (System.gc())
[167.984s][info][gc,task        ] GC(245) Using 6 workers of 33 for full compaction
[167.984s][info][gc,phases,start] GC(245) Phase 1: Mark live objects
[167.989s][info][gc,phases      ] GC(245) Phase 1: Mark live objects 5.253ms
[167.989s][info][gc,phases,start] GC(245) Phase 2: Prepare compaction
[167.993s][info][gc,phases      ] GC(245) Phase 2: Prepare compaction 3.508ms
[167.993s][info][gc,phases,start] GC(245) Phase 3: Adjust pointers
[167.998s][info][gc,phases      ] GC(245) Phase 3: Adjust pointers 5.063ms
[167.998s][info][gc,phases,start] GC(245) Phase 4: Compact heap
[168.000s][info][gc,phases      ] GC(245) Phase 4: Compact heap 2.522ms
[168.009s][info][gc,heap        ] GC(245) Eden regions: 10->0(4)
[168.010s][info][gc,heap        ] GC(245) Survivor regions: 1->0(5)
[168.010s][info][gc,heap        ] GC(245) Old regions: 2->2
[168.010s][info][gc,heap        ] GC(245) Archive regions: 0->0
[168.010s][info][gc,heap        ] GC(245) Humongous regions: 0->0
[168.010s][info][gc,metaspace   ] GC(245) Metaspace: 9910K(10240K)->9910K(10240K) NonClass: 8611K(8832K)->8611K(8832K) Class: 1299K(1408K)->1299K(1408K)
[168.010s][info][gc             ] GC(245) Pause Full (System.gc()) 152M->3M(112M) 26.332ms
[168.010s][info][gc,cpu         ] GC(245) User=0.05s Sys=0.22s Real=0.03s
[168.244s][info][gc,start       ] GC(246) Pause Young (Normal) (G1 Evacuation Pause)
[168.244s][info][gc,task        ] GC(246) Using 4 workers of 33 for evacuation
[168.246s][info][gc,phases      ] GC(246)   Pre Evacuate Collection Set: 0.1ms
[168.246s][info][gc,phases      ] GC(246)   Merge Heap Roots: 0.1ms
[168.246s][info][gc,phases      ] GC(246)   Evacuate Collection Set: 1.7ms
[168.246s][info][gc,phases      ] GC(246)   Post Evacuate Collection Set: 0.2ms
[168.246s][info][gc,phases      ] GC(246)   Other: 0.1ms
[168.246s][info][gc,heap        ] GC(246) Eden regions: 4->0(3)
[168.247s][info][gc,heap        ] GC(246) Survivor regions: 0->1(1)
[168.247s][info][gc,heap        ] GC(246) Old regions: 2->2
[168.247s][info][gc,heap        ] GC(246) Archive regions: 0->0
[168.247s][info][gc,heap        ] GC(246) Humongous regions: 0->0
[168.247s][info][gc,metaspace   ] GC(246) Metaspace: 9910K(10240K)->9910K(10240K) NonClass: 8611K(8832K)->8611K(8832K) Class: 1299K(1408K)->1299K(1408K)
[168.247s][info][gc             ] GC(246) Pause Young (Normal) (G1 Evacuation Pause) 67M->5M(112M) 2.731ms
[168.247s][info][gc,cpu         ] GC(246) User=0.00s Sys=0.00s Real=0.00s
[168.436s][info][gc,start       ] GC(247) Pause Young (Normal) (G1 Evacuation Pause)
[168.437s][info][gc,task        ] GC(247) Using 3 workers of 33 for evacuation
[168.439s][info][gc,phases      ] GC(247)   Pre Evacuate Collection Set: 0.1ms
[168.439s][info][gc,phases      ] GC(247)   Merge Heap Roots: 0.1ms
[168.439s][info][gc,phases      ] GC(247)   Evacuate Collection Set: 2.1ms
[168.439s][info][gc,phases      ] GC(247)   Post Evacuate Collection Set: 0.2ms
[168.439s][info][gc,phases      ] GC(247)   Other: 0.1ms
[168.439s][info][gc,heap        ] GC(247) Eden regions: 3->0(3)
[168.439s][info][gc,heap        ] GC(247) Survivor regions: 1->1(1)
[168.439s][info][gc,heap        ] GC(247) Old regions: 2->2
[168.439s][info][gc,heap        ] GC(247) Archive regions: 0->0
[168.439s][info][gc,heap        ] GC(247) Humongous regions: 0->0
[168.440s][info][gc,metaspace   ] GC(247) Metaspace: 9910K(10240K)->9910K(10240K) NonClass: 8611K(8832K)->8611K(8832K) Class: 1299K(1408K)->1299K(1408K)
[168.440s][info][gc             ] GC(247) Pause Young (Normal) (G1 Evacuation Pause) 53M->5M(112M) 3.135ms
[168.440s][info][gc,cpu         ] GC(247) User=0.00s Sys=0.00s Real=0.00s
[168.637s][info][gc,start       ] GC(248) Pause Young (Normal) (G1 Evacuation Pause)
[168.637s][info][gc,task        ] GC(248) Using 2 workers of 33 for evacuation
[168.642s][info][gc,phases      ] GC(248)   Pre Evacuate Collection Set: 0.1ms
[168.642s][info][gc,phases      ] GC(248)   Merge Heap Roots: 0.2ms
[168.642s][info][gc,phases      ] GC(248)   Evacuate Collection Set: 3.8ms
[168.642s][info][gc,phases      ] GC(248)   Post Evacuate Collection Set: 0.2ms
[168.642s][info][gc,phases      ] GC(248)   Other: 0.1ms
[168.642s][info][gc,heap        ] GC(248) Eden regions: 3->0(3)
[168.642s][info][gc,heap        ] GC(248) Survivor regions: 1->1(1)
[168.642s][info][gc,heap        ] GC(248) Old regions: 2->2
[168.642s][info][gc,heap        ] GC(248) Archive regions: 0->0
[168.642s][info][gc,heap        ] GC(248) Humongous regions: 0->0
[168.642s][info][gc,metaspace   ] GC(248) Metaspace: 9910K(10240K)->9910K(10240K) NonClass: 8611K(8832K)->8611K(8832K) Class: 1299K(1408K)->1299K(1408K)
[168.642s][info][gc             ] GC(248) Pause Young (Normal) (G1 Evacuation Pause) 53M->5M(112M) 4.899ms
[168.642s][info][gc,cpu         ] GC(248) User=0.00s Sys=0.00s Real=0.01s
[168.850s][info][gc,start       ] GC(249) Pause Young (Normal) (G1 Evacuation Pause)
[168.850s][info][gc,task        ] GC(249) Using 2 workers of 33 for evacuation
[168.861s][info][gc,phases      ] GC(249)   Pre Evacuate Collection Set: 0.1ms
[168.861s][info][gc,phases      ] GC(249)   Merge Heap Roots: 0.2ms
[168.861s][info][gc,phases      ] GC(249)   Evacuate Collection Set: 3.7ms
[168.861s][info][gc,phases      ] GC(249)   Post Evacuate Collection Set: 7.2ms
[168.861s][info][gc,phases      ] GC(249)   Other: 0.1ms
[168.861s][info][gc,heap        ] GC(249) Eden regions: 3->0(39)
[168.861s][info][gc,heap        ] GC(249) Survivor regions: 1->1(1)
[168.861s][info][gc,heap        ] GC(249) Old regions: 2->2
[168.861s][info][gc,heap        ] GC(249) Archive regions: 0->0
[168.861s][info][gc,heap        ] GC(249) Humongous regions: 0->0
[168.861s][info][gc,metaspace   ] GC(249) Metaspace: 9910K(10240K)->9910K(10240K) NonClass: 8611K(8832K)->8611K(8832K) Class: 1299K(1408K)->1299K(1408K)
[168.861s][info][gc             ] GC(249) Pause Young (Normal) (G1 Evacuation Pause) 53M->5M(1088M) 11.829ms
[168.861s][info][gc,cpu         ] GC(249) User=0.03s Sys=0.00s Real=0.02s
[171.645s][info][gc,start       ] GC(250) Pause Young (Normal) (G1 Evacuation Pause)
[171.645s][info][gc,task        ] GC(250) Using 26 workers of 33 for evacuation
[171.648s][info][gc,phases      ] GC(250)   Pre Evacuate Collection Set: 0.2ms
[171.648s][info][gc,phases      ] GC(250)   Merge Heap Roots: 0.2ms
[171.648s][info][gc,phases      ] GC(250)   Evacuate Collection Set: 1.7ms
[171.648s][info][gc,phases      ] GC(250)   Post Evacuate Collection Set: 0.5ms
[171.648s][info][gc,phases      ] GC(250)   Other: 0.1ms
[171.648s][info][gc,heap        ] GC(250) Eden regions: 39->0(39)
[171.648s][info][gc,heap        ] GC(250) Survivor regions: 1->1(5)
[171.648s][info][gc,heap        ] GC(250) Old regions: 2->2
[171.648s][info][gc,heap        ] GC(250) Archive regions: 0->0
[171.648s][info][gc,heap        ] GC(250) Humongous regions: 0->0
[171.648s][info][gc,metaspace   ] GC(250) Metaspace: 9910K(10240K)->9910K(10240K) NonClass: 8611K(8832K)->8611K(8832K) Class: 1299K(1408K)->1299K(1408K)
[171.648s][info][gc             ] GC(250) Pause Young (Normal) (G1 Evacuation Pause) 629M->5M(1088M) 3.272ms
[171.648s][info][gc,cpu         ] GC(250) User=0.00s Sys=0.00s Real=0.00s
[174.314s][info][gc,start       ] GC(251) Pause Young (Normal) (G1 Evacuation Pause)
[174.314s][info][gc,task        ] GC(251) Using 26 workers of 33 for evacuation
[174.316s][info][gc,phases      ] GC(251)   Pre Evacuate Collection Set: 0.2ms
[174.316s][info][gc,phases      ] GC(251)   Merge Heap Roots: 0.2ms
[174.316s][info][gc,phases      ] GC(251)   Evacuate Collection Set: 1.4ms
[174.316s][info][gc,phases      ] GC(251)   Post Evacuate Collection Set: 0.5ms
[174.316s][info][gc,phases      ] GC(251)   Other: 0.2ms
[174.316s][info][gc,heap        ] GC(251) Eden regions: 39->0(39)
[174.316s][info][gc,heap        ] GC(251) Survivor regions: 1->1(5)
[174.316s][info][gc,heap        ] GC(251) Old regions: 2->2
[174.316s][info][gc,heap        ] GC(251) Archive regions: 0->0
[174.316s][info][gc,heap        ] GC(251) Humongous regions: 0->0
[174.316s][info][gc,metaspace   ] GC(251) Metaspace: 9910K(10240K)->9910K(10240K) NonClass: 8611K(8832K)->8611K(8832K) Class: 1299K(1408K)->1299K(1408K)
[174.317s][info][gc             ] GC(251) Pause Young (Normal) (G1 Evacuation Pause) 629M->5M(1088M) 2.976ms
[174.317s][info][gc,cpu         ] GC(251) User=0.00s Sys=0.00s Real=0.00s
[174.944s][info][gc,start       ] GC(252) Pause Full (System.gc())
[174.944s][info][gc,task        ] GC(252) Using 6 workers of 33 for full compaction
[174.945s][info][gc,phases,start] GC(252) Phase 1: Mark live objects
[174.950s][info][gc,phases      ] GC(252) Phase 1: Mark live objects 5.152ms
[174.950s][info][gc,phases,start] GC(252) Phase 2: Prepare compaction
[174.953s][info][gc,phases      ] GC(252) Phase 2: Prepare compaction 3.342ms
[174.953s][info][gc,phases,start] GC(252) Phase 3: Adjust pointers
[174.958s][info][gc,phases      ] GC(252) Phase 3: Adjust pointers 4.836ms
[174.958s][info][gc,phases,start] GC(252) Phase 4: Compact heap
[174.960s][info][gc,phases      ] GC(252) Phase 4: Compact heap 2.453ms
[174.968s][info][gc,heap        ] GC(252) Eden regions: 10->0(4)
[174.968s][info][gc,heap        ] GC(252) Survivor regions: 1->0(5)
[174.968s][info][gc,heap        ] GC(252) Old regions: 2->2
[174.969s][info][gc,heap        ] GC(252) Archive regions: 0->0
[174.969s][info][gc,heap        ] GC(252) Humongous regions: 0->0
[174.969s][info][gc,metaspace   ] GC(252) Metaspace: 9910K(10240K)->9910K(10240K) NonClass: 8611K(8832K)->8611K(8832K) Class: 1299K(1408K)->1299K(1408K)
[174.969s][info][gc             ] GC(252) Pause Full (System.gc()) 157M->3M(112M) 24.633ms
[174.969s][info][gc,cpu         ] GC(252) User=0.00s Sys=0.02s Real=0.02s
[175.201s][info][gc,start       ] GC(253) Pause Young (Normal) (G1 Evacuation Pause)
[175.201s][info][gc,task        ] GC(253) Using 4 workers of 33 for evacuation
[175.203s][info][gc,phases      ] GC(253)   Pre Evacuate Collection Set: 0.1ms
[175.203s][info][gc,phases      ] GC(253)   Merge Heap Roots: 0.1ms
[175.203s][info][gc,phases      ] GC(253)   Evacuate Collection Set: 1.6ms
[175.203s][info][gc,phases      ] GC(253)   Post Evacuate Collection Set: 0.2ms
[175.203s][info][gc,phases      ] GC(253)   Other: 0.1ms
[175.203s][info][gc,heap        ] GC(253) Eden regions: 4->0(3)
[175.203s][info][gc,heap        ] GC(253) Survivor regions: 0->1(1)
[175.203s][info][gc,heap        ] GC(253) Old regions: 2->2
[175.203s][info][gc,heap        ] GC(253) Archive regions: 0->0
[175.203s][info][gc,heap        ] GC(253) Humongous regions: 0->0
[175.203s][info][gc,metaspace   ] GC(253) Metaspace: 9911K(10240K)->9911K(10240K) NonClass: 8612K(8832K)->8612K(8832K) Class: 1299K(1408K)->1299K(1408K)
[175.203s][info][gc             ] GC(253) Pause Young (Normal) (G1 Evacuation Pause) 67M->5M(112M) 2.651ms
[175.203s][info][gc,cpu         ] GC(253) User=0.00s Sys=0.00s Real=0.00s
[175.394s][info][gc,start       ] GC(254) Pause Young (Normal) (G1 Evacuation Pause)
[175.394s][info][gc,task        ] GC(254) Using 3 workers of 33 for evacuation
[175.397s][info][gc,phases      ] GC(254)   Pre Evacuate Collection Set: 0.1ms
[175.397s][info][gc,phases      ] GC(254)   Merge Heap Roots: 0.1ms
[175.397s][info][gc,phases      ] GC(254)   Evacuate Collection Set: 2.2ms
[175.397s][info][gc,phases      ] GC(254)   Post Evacuate Collection Set: 0.2ms
[175.397s][info][gc,phases      ] GC(254)   Other: 0.1ms
[175.397s][info][gc,heap        ] GC(254) Eden regions: 3->0(3)
[175.397s][info][gc,heap        ] GC(254) Survivor regions: 1->1(1)
[175.397s][info][gc,heap        ] GC(254) Old regions: 2->2
[175.397s][info][gc,heap        ] GC(254) Archive regions: 0->0
[175.397s][info][gc,heap        ] GC(254) Humongous regions: 0->0
[175.397s][info][gc,metaspace   ] GC(254) Metaspace: 9911K(10240K)->9911K(10240K) NonClass: 8612K(8832K)->8612K(8832K) Class: 1299K(1408K)->1299K(1408K)
[175.397s][info][gc             ] GC(254) Pause Young (Normal) (G1 Evacuation Pause) 53M->5M(112M) 3.215ms
[175.397s][info][gc,cpu         ] GC(254) User=0.00s Sys=0.00s Real=0.00s
[175.595s][info][gc,start       ] GC(255) Pause Young (Normal) (G1 Evacuation Pause)
[175.595s][info][gc,task        ] GC(255) Using 2 workers of 33 for evacuation
[175.599s][info][gc,phases      ] GC(255)   Pre Evacuate Collection Set: 0.1ms
[175.599s][info][gc,phases      ] GC(255)   Merge Heap Roots: 0.2ms
[175.599s][info][gc,phases      ] GC(255)   Evacuate Collection Set: 3.3ms
[175.599s][info][gc,phases      ] GC(255)   Post Evacuate Collection Set: 0.2ms
[175.599s][info][gc,phases      ] GC(255)   Other: 0.1ms
[175.599s][info][gc,heap        ] GC(255) Eden regions: 3->0(3)
[175.599s][info][gc,heap        ] GC(255) Survivor regions: 1->1(1)
[175.599s][info][gc,heap        ] GC(255) Old regions: 2->2
[175.599s][info][gc,heap        ] GC(255) Archive regions: 0->0
[175.599s][info][gc,heap        ] GC(255) Humongous regions: 0->0
[175.599s][info][gc,metaspace   ] GC(255) Metaspace: 9911K(10240K)->9911K(10240K) NonClass: 8612K(8832K)->8612K(8832K) Class: 1299K(1408K)->1299K(1408K)
[175.599s][info][gc             ] GC(255) Pause Young (Normal) (G1 Evacuation Pause) 53M->5M(112M) 4.457ms
[175.599s][info][gc,cpu         ] GC(255) User=0.00s Sys=0.00s Real=0.00s
[175.806s][info][gc,start       ] GC(256) Pause Young (Normal) (G1 Evacuation Pause)
[175.806s][info][gc,task        ] GC(256) Using 2 workers of 33 for evacuation
[175.818s][info][gc,phases      ] GC(256)   Pre Evacuate Collection Set: 0.1ms
[175.818s][info][gc,phases      ] GC(256)   Merge Heap Roots: 0.2ms
[175.818s][info][gc,phases      ] GC(256)   Evacuate Collection Set: 3.8ms
[175.818s][info][gc,phases      ] GC(256)   Post Evacuate Collection Set: 7.2ms
[175.818s][info][gc,phases      ] GC(256)   Other: 0.1ms
[175.818s][info][gc,heap        ] GC(256) Eden regions: 3->0(39)
[175.818s][info][gc,heap        ] GC(256) Survivor regions: 1->1(1)
[175.818s][info][gc,heap        ] GC(256) Old regions: 2->2
[175.818s][info][gc,heap        ] GC(256) Archive regions: 0->0
[175.818s][info][gc,heap        ] GC(256) Humongous regions: 0->0
[175.818s][info][gc,metaspace   ] GC(256) Metaspace: 9911K(10240K)->9911K(10240K) NonClass: 8612K(8832K)->8612K(8832K) Class: 1299K(1408K)->1299K(1408K)
[175.818s][info][gc             ] GC(256) Pause Young (Normal) (G1 Evacuation Pause) 53M->5M(1088M) 11.977ms
[175.818s][info][gc,cpu         ] GC(256) User=0.00s Sys=0.00s Real=0.01s
[178.652s][info][gc,start       ] GC(257) Pause Young (Normal) (G1 Evacuation Pause)
[178.652s][info][gc,task        ] GC(257) Using 26 workers of 33 for evacuation
[178.655s][info][gc,phases      ] GC(257)   Pre Evacuate Collection Set: 0.1ms
[178.655s][info][gc,phases      ] GC(257)   Merge Heap Roots: 0.2ms
[178.655s][info][gc,phases      ] GC(257)   Evacuate Collection Set: 1.4ms
[178.655s][info][gc,phases      ] GC(257)   Post Evacuate Collection Set: 0.5ms
[178.655s][info][gc,phases      ] GC(257)   Other: 0.1ms
[178.655s][info][gc,heap        ] GC(257) Eden regions: 39->0(39)
[178.655s][info][gc,heap        ] GC(257) Survivor regions: 1->1(5)
[178.655s][info][gc,heap        ] GC(257) Old regions: 2->2
[178.655s][info][gc,heap        ] GC(257) Archive regions: 0->0
[178.655s][info][gc,heap        ] GC(257) Humongous regions: 0->0
[178.655s][info][gc,metaspace   ] GC(257) Metaspace: 9911K(10240K)->9911K(10240K) NonClass: 8612K(8832K)->8612K(8832K) Class: 1299K(1408K)->1299K(1408K)
[178.655s][info][gc             ] GC(257) Pause Young (Normal) (G1 Evacuation Pause) 629M->5M(1088M) 2.871ms
[178.655s][info][gc,cpu         ] GC(257) User=0.00s Sys=0.00s Real=0.00s
[181.238s][info][gc,start       ] GC(258) Pause Young (Normal) (G1 Evacuation Pause)
[181.238s][info][gc,task        ] GC(258) Using 26 workers of 33 for evacuation
[181.241s][info][gc,phases      ] GC(258)   Pre Evacuate Collection Set: 0.2ms
[181.241s][info][gc,phases      ] GC(258)   Merge Heap Roots: 0.2ms
[181.241s][info][gc,phases      ] GC(258)   Evacuate Collection Set: 1.3ms
[181.241s][info][gc,phases      ] GC(258)   Post Evacuate Collection Set: 0.5ms
[181.241s][info][gc,phases      ] GC(258)   Other: 0.1ms
[181.241s][info][gc,heap        ] GC(258) Eden regions: 39->0(39)
[181.241s][info][gc,heap        ] GC(258) Survivor regions: 1->1(5)
[181.241s][info][gc,heap        ] GC(258) Old regions: 2->2
[181.241s][info][gc,heap        ] GC(258) Archive regions: 0->0
[181.241s][info][gc,heap        ] GC(258) Humongous regions: 0->0
[181.241s][info][gc,metaspace   ] GC(258) Metaspace: 9911K(10240K)->9911K(10240K) NonClass: 8612K(8832K)->8612K(8832K) Class: 1299K(1408K)->1299K(1408K)
[181.241s][info][gc             ] GC(258) Pause Young (Normal) (G1 Evacuation Pause) 629M->5M(1088M) 2.815ms
[181.241s][info][gc,cpu         ] GC(258) User=0.08s Sys=0.06s Real=0.00s
[181.821s][info][gc,start       ] GC(259) Pause Full (System.gc())
[181.822s][info][gc,task        ] GC(259) Using 6 workers of 33 for full compaction
[181.822s][info][gc,phases,start] GC(259) Phase 1: Mark live objects
[181.827s][info][gc,phases      ] GC(259) Phase 1: Mark live objects 5.218ms
[181.827s][info][gc,phases,start] GC(259) Phase 2: Prepare compaction
[181.831s][info][gc,phases      ] GC(259) Phase 2: Prepare compaction 3.358ms
[181.831s][info][gc,phases,start] GC(259) Phase 3: Adjust pointers
[181.835s][info][gc,phases      ] GC(259) Phase 3: Adjust pointers 4.848ms
[181.836s][info][gc,phases,start] GC(259) Phase 4: Compact heap
[181.838s][info][gc,phases      ] GC(259) Phase 4: Compact heap 2.418ms
[181.846s][info][gc,heap        ] GC(259) Eden regions: 10->0(4)
[181.846s][info][gc,heap        ] GC(259) Survivor regions: 1->0(5)
[181.846s][info][gc,heap        ] GC(259) Old regions: 2->2
[181.846s][info][gc,heap        ] GC(259) Archive regions: 0->0
[181.846s][info][gc,heap        ] GC(259) Humongous regions: 0->0
[181.846s][info][gc,metaspace   ] GC(259) Metaspace: 9911K(10240K)->9911K(10240K) NonClass: 8612K(8832K)->8612K(8832K) Class: 1299K(1408K)->1299K(1408K)
[181.846s][info][gc             ] GC(259) Pause Full (System.gc()) 152M->3M(112M) 24.571ms
[181.846s][info][gc,cpu         ] GC(259) User=0.03s Sys=0.00s Real=0.02s
[182.096s][info][gc,start       ] GC(260) Pause Young (Normal) (G1 Evacuation Pause)
[182.096s][info][gc,task        ] GC(260) Using 4 workers of 33 for evacuation
[182.098s][info][gc,phases      ] GC(260)   Pre Evacuate Collection Set: 0.1ms
[182.098s][info][gc,phases      ] GC(260)   Merge Heap Roots: 0.1ms
[182.098s][info][gc,phases      ] GC(260)   Evacuate Collection Set: 1.7ms
[182.098s][info][gc,phases      ] GC(260)   Post Evacuate Collection Set: 0.2ms
[182.098s][info][gc,phases      ] GC(260)   Other: 0.1ms
[182.098s][info][gc,heap        ] GC(260) Eden regions: 4->0(3)
[182.098s][info][gc,heap        ] GC(260) Survivor regions: 0->1(1)
[182.098s][info][gc,heap        ] GC(260) Old regions: 2->2
[182.098s][info][gc,heap        ] GC(260) Archive regions: 0->0
[182.098s][info][gc,heap        ] GC(260) Humongous regions: 0->0
[182.098s][info][gc,metaspace   ] GC(260) Metaspace: 9911K(10240K)->9911K(10240K) NonClass: 8612K(8832K)->8612K(8832K) Class: 1299K(1408K)->1299K(1408K)
[182.098s][info][gc             ] GC(260) Pause Young (Normal) (G1 Evacuation Pause) 67M->5M(112M) 2.712ms
[182.098s][info][gc,cpu         ] GC(260) User=0.00s Sys=0.00s Real=0.00s
[182.295s][info][gc,start       ] GC(261) Pause Young (Normal) (G1 Evacuation Pause)
[182.295s][info][gc,task        ] GC(261) Using 3 workers of 33 for evacuation
[182.298s][info][gc,phases      ] GC(261)   Pre Evacuate Collection Set: 0.1ms
[182.298s][info][gc,phases      ] GC(261)   Merge Heap Roots: 0.1ms
[182.298s][info][gc,phases      ] GC(261)   Evacuate Collection Set: 2.5ms
[182.298s][info][gc,phases      ] GC(261)   Post Evacuate Collection Set: 0.2ms
[182.298s][info][gc,phases      ] GC(261)   Other: 0.1ms
[182.298s][info][gc,heap        ] GC(261) Eden regions: 3->0(3)
[182.298s][info][gc,heap        ] GC(261) Survivor regions: 1->1(1)
[182.298s][info][gc,heap        ] GC(261) Old regions: 2->2
[182.298s][info][gc,heap        ] GC(261) Archive regions: 0->0
[182.298s][info][gc,heap        ] GC(261) Humongous regions: 0->0
[182.298s][info][gc,metaspace   ] GC(261) Metaspace: 9911K(10240K)->9911K(10240K) NonClass: 8612K(8832K)->8612K(8832K) Class: 1299K(1408K)->1299K(1408K)
[182.298s][info][gc             ] GC(261) Pause Young (Normal) (G1 Evacuation Pause) 53M->5M(112M) 3.519ms
[182.298s][info][gc,cpu         ] GC(261) User=0.00s Sys=0.00s Real=0.00s
[182.498s][info][gc,start       ] GC(262) Pause Young (Normal) (G1 Evacuation Pause)
[182.498s][info][gc,task        ] GC(262) Using 2 workers of 33 for evacuation
[182.502s][info][gc,phases      ] GC(262)   Pre Evacuate Collection Set: 0.1ms
[182.502s][info][gc,phases      ] GC(262)   Merge Heap Roots: 0.2ms
[182.502s][info][gc,phases      ] GC(262)   Evacuate Collection Set: 3.5ms
[182.502s][info][gc,phases      ] GC(262)   Post Evacuate Collection Set: 0.2ms
[182.502s][info][gc,phases      ] GC(262)   Other: 0.1ms
[182.502s][info][gc,heap        ] GC(262) Eden regions: 3->0(3)
[182.502s][info][gc,heap        ] GC(262) Survivor regions: 1->1(1)
[182.502s][info][gc,heap        ] GC(262) Old regions: 2->2
[182.502s][info][gc,heap        ] GC(262) Archive regions: 0->0
[182.502s][info][gc,heap        ] GC(262) Humongous regions: 0->0
[182.502s][info][gc,metaspace   ] GC(262) Metaspace: 9911K(10240K)->9911K(10240K) NonClass: 8612K(8832K)->8612K(8832K) Class: 1299K(1408K)->1299K(1408K)
[182.503s][info][gc             ] GC(262) Pause Young (Normal) (G1 Evacuation Pause) 53M->5M(112M) 4.622ms
[182.503s][info][gc,cpu         ] GC(262) User=0.00s Sys=0.00s Real=0.00s
[182.704s][info][gc,start       ] GC(263) Pause Young (Normal) (G1 Evacuation Pause)
[182.704s][info][gc,task        ] GC(263) Using 2 workers of 33 for evacuation
[182.715s][info][gc,phases      ] GC(263)   Pre Evacuate Collection Set: 0.1ms
[182.715s][info][gc,phases      ] GC(263)   Merge Heap Roots: 0.2ms
[182.715s][info][gc,phases      ] GC(263)   Evacuate Collection Set: 3.5ms
[182.715s][info][gc,phases      ] GC(263)   Post Evacuate Collection Set: 7.2ms
[182.715s][info][gc,phases      ] GC(263)   Other: 0.1ms
[182.715s][info][gc,heap        ] GC(263) Eden regions: 3->0(39)
[182.715s][info][gc,heap        ] GC(263) Survivor regions: 1->1(1)
[182.715s][info][gc,heap        ] GC(263) Old regions: 2->2
[182.715s][info][gc,heap        ] GC(263) Archive regions: 0->0
[182.715s][info][gc,heap        ] GC(263) Humongous regions: 0->0
[182.715s][info][gc,metaspace   ] GC(263) Metaspace: 9911K(10240K)->9911K(10240K) NonClass: 8612K(8832K)->8612K(8832K) Class: 1299K(1408K)->1299K(1408K)
[182.715s][info][gc             ] GC(263) Pause Young (Normal) (G1 Evacuation Pause) 53M->5M(1088M) 11.629ms
[182.716s][info][gc,cpu         ] GC(263) User=0.00s Sys=0.00s Real=0.00s
[185.514s][info][gc,start       ] GC(264) Pause Young (Normal) (G1 Evacuation Pause)
[185.514s][info][gc,task        ] GC(264) Using 26 workers of 33 for evacuation
[185.518s][info][gc,phases      ] GC(264)   Pre Evacuate Collection Set: 0.1ms
[185.518s][info][gc,phases      ] GC(264)   Merge Heap Roots: 0.2ms
[185.518s][info][gc,phases      ] GC(264)   Evacuate Collection Set: 2.6ms
[185.518s][info][gc,phases      ] GC(264)   Post Evacuate Collection Set: 0.5ms
[185.518s][info][gc,phases      ] GC(264)   Other: 0.1ms
[185.518s][info][gc,heap        ] GC(264) Eden regions: 39->0(39)
[185.518s][info][gc,heap        ] GC(264) Survivor regions: 1->1(5)
[185.518s][info][gc,heap        ] GC(264) Old regions: 2->2
[185.518s][info][gc,heap        ] GC(264) Archive regions: 0->0
[185.518s][info][gc,heap        ] GC(264) Humongous regions: 0->0
[185.518s][info][gc,metaspace   ] GC(264) Metaspace: 9911K(10240K)->9911K(10240K) NonClass: 8612K(8832K)->8612K(8832K) Class: 1299K(1408K)->1299K(1408K)
[185.518s][info][gc             ] GC(264) Pause Young (Normal) (G1 Evacuation Pause) 629M->5M(1088M) 4.207ms
[185.518s][info][gc,cpu         ] GC(264) User=0.00s Sys=0.00s Real=0.00s
[188.173s][info][gc,start       ] GC(265) Pause Young (Normal) (G1 Evacuation Pause)
[188.173s][info][gc,task        ] GC(265) Using 26 workers of 33 for evacuation
[188.176s][info][gc,phases      ] GC(265)   Pre Evacuate Collection Set: 0.1ms
[188.176s][info][gc,phases      ] GC(265)   Merge Heap Roots: 0.2ms
[188.176s][info][gc,phases      ] GC(265)   Evacuate Collection Set: 1.6ms
[188.176s][info][gc,phases      ] GC(265)   Post Evacuate Collection Set: 0.5ms
[188.176s][info][gc,phases      ] GC(265)   Other: 0.1ms
[188.176s][info][gc,heap        ] GC(265) Eden regions: 39->0(39)
[188.176s][info][gc,heap        ] GC(265) Survivor regions: 1->1(5)
[188.176s][info][gc,heap        ] GC(265) Old regions: 2->2
[188.176s][info][gc,heap        ] GC(265) Archive regions: 0->0
[188.176s][info][gc,heap        ] GC(265) Humongous regions: 0->0
[188.176s][info][gc,metaspace   ] GC(265) Metaspace: 9911K(10240K)->9911K(10240K) NonClass: 8612K(8832K)->8612K(8832K) Class: 1299K(1408K)->1299K(1408K)
[188.176s][info][gc             ] GC(265) Pause Young (Normal) (G1 Evacuation Pause) 629M->5M(1088M) 3.206ms
[188.176s][info][gc,cpu         ] GC(265) User=0.14s Sys=0.27s Real=0.02s
[188.808s][info][gc,start       ] GC(266) Pause Full (System.gc())
[188.808s][info][gc,task        ] GC(266) Using 6 workers of 33 for full compaction
[188.808s][info][gc,phases,start] GC(266) Phase 1: Mark live objects
[188.814s][info][gc,phases      ] GC(266) Phase 1: Mark live objects 5.701ms
[188.814s][info][gc,phases,start] GC(266) Phase 2: Prepare compaction
[188.818s][info][gc,phases      ] GC(266) Phase 2: Prepare compaction 3.401ms
[188.818s][info][gc,phases,start] GC(266) Phase 3: Adjust pointers
[188.823s][info][gc,phases      ] GC(266) Phase 3: Adjust pointers 5.089ms
[188.823s][info][gc,phases,start] GC(266) Phase 4: Compact heap
[188.825s][info][gc,phases      ] GC(266) Phase 4: Compact heap 2.564ms
[188.835s][info][gc,heap        ] GC(266) Eden regions: 10->0(6)
[188.835s][info][gc,heap        ] GC(266) Survivor regions: 1->0(5)
[188.835s][info][gc,heap        ] GC(266) Old regions: 2->3
[188.835s][info][gc,heap        ] GC(266) Archive regions: 0->0
[188.835s][info][gc,heap        ] GC(266) Humongous regions: 0->0
[188.835s][info][gc,metaspace   ] GC(266) Metaspace: 9912K(10240K)->9912K(10240K) NonClass: 8613K(8832K)->8613K(8832K) Class: 1299K(1408K)->1299K(1408K)
[188.835s][info][gc             ] GC(266) Pause Full (System.gc()) 156M->3M(160M) 27.087ms
[188.835s][info][gc,cpu         ] GC(266) User=0.03s Sys=0.02s Real=0.03s
[189.230s][info][gc,start       ] GC(267) Pause Young (Normal) (G1 Evacuation Pause)
[189.230s][info][gc,task        ] GC(267) Using 4 workers of 33 for evacuation
[189.233s][info][gc,phases      ] GC(267)   Pre Evacuate Collection Set: 0.1ms
[189.233s][info][gc,phases      ] GC(267)   Merge Heap Roots: 0.1ms
[189.233s][info][gc,phases      ] GC(267)   Evacuate Collection Set: 1.8ms
[189.233s][info][gc,phases      ] GC(267)   Post Evacuate Collection Set: 0.2ms
[189.233s][info][gc,phases      ] GC(267)   Other: 0.1ms
[189.233s][info][gc,heap        ] GC(267) Eden regions: 6->0(5)
[189.233s][info][gc,heap        ] GC(267) Survivor regions: 0->1(1)
[189.233s][info][gc,heap        ] GC(267) Old regions: 3->3
[189.233s][info][gc,heap        ] GC(267) Archive regions: 0->0
[189.233s][info][gc,heap        ] GC(267) Humongous regions: 0->0
[189.233s][info][gc,metaspace   ] GC(267) Metaspace: 9916K(10240K)->9916K(10240K) NonClass: 8617K(8832K)->8617K(8832K) Class: 1299K(1408K)->1299K(1408K)
[189.233s][info][gc             ] GC(267) Pause Young (Normal) (G1 Evacuation Pause) 99M->5M(160M) 2.881ms
[189.233s][info][gc,cpu         ] GC(267) User=0.02s Sys=0.00s Real=0.01s
[189.562s][info][gc,start       ] GC(268) Pause Young (Normal) (G1 Evacuation Pause)
[189.562s][info][gc,task        ] GC(268) Using 3 workers of 33 for evacuation
[189.565s][info][gc,phases      ] GC(268)   Pre Evacuate Collection Set: 0.1ms
[189.565s][info][gc,phases      ] GC(268)   Merge Heap Roots: 0.2ms
[189.565s][info][gc,phases      ] GC(268)   Evacuate Collection Set: 2.5ms
[189.565s][info][gc,phases      ] GC(268)   Post Evacuate Collection Set: 0.2ms
[189.565s][info][gc,phases      ] GC(268)   Other: 0.1ms
[189.565s][info][gc,heap        ] GC(268) Eden regions: 5->0(5)
[189.565s][info][gc,heap        ] GC(268) Survivor regions: 1->1(1)
[189.565s][info][gc,heap        ] GC(268) Old regions: 3->3
[189.565s][info][gc,heap        ] GC(268) Archive regions: 0->0
[189.565s][info][gc,heap        ] GC(268) Humongous regions: 0->0
[189.565s][info][gc,metaspace   ] GC(268) Metaspace: 9916K(10240K)->9916K(10240K) NonClass: 8617K(8832K)->8617K(8832K) Class: 1299K(1408K)->1299K(1408K)
[189.566s][info][gc             ] GC(268) Pause Young (Normal) (G1 Evacuation Pause) 85M->5M(160M) 3.587ms
[189.566s][info][gc,cpu         ] GC(268) User=0.00s Sys=0.00s Real=0.00s
[189.905s][info][gc,start       ] GC(269) Pause Young (Normal) (G1 Evacuation Pause)
[189.906s][info][gc,task        ] GC(269) Using 3 workers of 33 for evacuation
[189.909s][info][gc,phases      ] GC(269)   Pre Evacuate Collection Set: 0.1ms
[189.909s][info][gc,phases      ] GC(269)   Merge Heap Roots: 0.2ms
[189.909s][info][gc,phases      ] GC(269)   Evacuate Collection Set: 2.6ms
[189.909s][info][gc,phases      ] GC(269)   Post Evacuate Collection Set: 0.2ms
[189.909s][info][gc,phases      ] GC(269)   Other: 0.1ms
[189.909s][info][gc,heap        ] GC(269) Eden regions: 5->0(5)
[189.909s][info][gc,heap        ] GC(269) Survivor regions: 1->1(1)
[189.909s][info][gc,heap        ] GC(269) Old regions: 3->3
[189.909s][info][gc,heap        ] GC(269) Archive regions: 0->0
[189.909s][info][gc,heap        ] GC(269) Humongous regions: 0->0
[189.909s][info][gc,metaspace   ] GC(269) Metaspace: 9916K(10240K)->9916K(10240K) NonClass: 8617K(8832K)->8617K(8832K) Class: 1299K(1408K)->1299K(1408K)
[189.909s][info][gc             ] GC(269) Pause Young (Normal) (G1 Evacuation Pause) 85M->5M(160M) 3.730ms
[189.909s][info][gc,cpu         ] GC(269) User=0.00s Sys=0.00s Real=0.00s
[190.251s][info][gc,start       ] GC(270) Pause Young (Normal) (G1 Evacuation Pause)
[190.251s][info][gc,task        ] GC(270) Using 3 workers of 33 for evacuation
[190.253s][info][gc,phases      ] GC(270)   Pre Evacuate Collection Set: 0.1ms
[190.253s][info][gc,phases      ] GC(270)   Merge Heap Roots: 0.1ms
[190.253s][info][gc,phases      ] GC(270)   Evacuate Collection Set: 1.7ms
[190.253s][info][gc,phases      ] GC(270)   Post Evacuate Collection Set: 0.2ms
[190.253s][info][gc,phases      ] GC(270)   Other: 0.1ms
[190.253s][info][gc,heap        ] GC(270) Eden regions: 5->0(5)
[190.253s][info][gc,heap        ] GC(270) Survivor regions: 1->1(1)
[190.253s][info][gc,heap        ] GC(270) Old regions: 3->3
[190.253s][info][gc,heap        ] GC(270) Archive regions: 0->0
[190.253s][info][gc,heap        ] GC(270) Humongous regions: 0->0
[190.253s][info][gc,metaspace   ] GC(270) Metaspace: 9916K(10240K)->9916K(10240K) NonClass: 8617K(8832K)->8617K(8832K) Class: 1299K(1408K)->1299K(1408K)
[190.254s][info][gc             ] GC(270) Pause Young (Normal) (G1 Evacuation Pause) 85M->5M(160M) 2.845ms
[190.254s][info][gc,cpu         ] GC(270) User=0.00s Sys=0.00s Real=0.00s
[190.589s][info][gc,start       ] GC(271) Pause Young (Normal) (G1 Evacuation Pause)
[190.589s][info][gc,task        ] GC(271) Using 3 workers of 33 for evacuation
[190.592s][info][gc,phases      ] GC(271)   Pre Evacuate Collection Set: 0.1ms
[190.592s][info][gc,phases      ] GC(271)   Merge Heap Roots: 0.2ms
[190.592s][info][gc,phases      ] GC(271)   Evacuate Collection Set: 2.3ms
[190.592s][info][gc,phases      ] GC(271)   Post Evacuate Collection Set: 0.3ms
[190.592s][info][gc,phases      ] GC(271)   Other: 0.1ms
[190.592s][info][gc,heap        ] GC(271) Eden regions: 5->0(5)
[190.592s][info][gc,heap        ] GC(271) Survivor regions: 1->1(1)
[190.592s][info][gc,heap        ] GC(271) Old regions: 3->3
[190.592s][info][gc,heap        ] GC(271) Archive regions: 0->0
[190.592s][info][gc,heap        ] GC(271) Humongous regions: 0->0
[190.592s][info][gc,metaspace   ] GC(271) Metaspace: 9916K(10240K)->9916K(10240K) NonClass: 8617K(8832K)->8617K(8832K) Class: 1299K(1408K)->1299K(1408K)
[190.592s][info][gc             ] GC(271) Pause Young (Normal) (G1 Evacuation Pause) 85M->5M(160M) 3.374ms
[190.592s][info][gc,cpu         ] GC(271) User=0.00s Sys=0.00s Real=0.00s
[190.931s][info][gc,start       ] GC(272) Pause Young (Normal) (G1 Evacuation Pause)
[190.931s][info][gc,task        ] GC(272) Using 3 workers of 33 for evacuation
[190.934s][info][gc,phases      ] GC(272)   Pre Evacuate Collection Set: 0.1ms
[190.934s][info][gc,phases      ] GC(272)   Merge Heap Roots: 0.2ms
[190.934s][info][gc,phases      ] GC(272)   Evacuate Collection Set: 2.4ms
[190.934s][info][gc,phases      ] GC(272)   Post Evacuate Collection Set: 0.2ms
[190.934s][info][gc,phases      ] GC(272)   Other: 0.1ms
[190.934s][info][gc,heap        ] GC(272) Eden regions: 5->0(5)
[190.934s][info][gc,heap        ] GC(272) Survivor regions: 1->1(1)
[190.934s][info][gc,heap        ] GC(272) Old regions: 3->3
[190.934s][info][gc,heap        ] GC(272) Archive regions: 0->0
[190.934s][info][gc,heap        ] GC(272) Humongous regions: 0->0
[190.934s][info][gc,metaspace   ] GC(272) Metaspace: 9916K(10240K)->9916K(10240K) NonClass: 8617K(8832K)->8617K(8832K) Class: 1299K(1408K)->1299K(1408K)
[190.934s][info][gc             ] GC(272) Pause Young (Normal) (G1 Evacuation Pause) 85M->5M(160M) 3.695ms
[190.934s][info][gc,cpu         ] GC(272) User=0.00s Sys=0.00s Real=0.00s
[191.273s][info][gc,start       ] GC(273) Pause Young (Normal) (G1 Evacuation Pause)
[191.273s][info][gc,task        ] GC(273) Using 3 workers of 33 for evacuation
[191.276s][info][gc,phases      ] GC(273)   Pre Evacuate Collection Set: 0.1ms
[191.276s][info][gc,phases      ] GC(273)   Merge Heap Roots: 0.2ms
[191.276s][info][gc,phases      ] GC(273)   Evacuate Collection Set: 2.3ms
[191.276s][info][gc,phases      ] GC(273)   Post Evacuate Collection Set: 0.2ms
[191.276s][info][gc,phases      ] GC(273)   Other: 0.1ms
[191.276s][info][gc,heap        ] GC(273) Eden regions: 5->0(5)
[191.276s][info][gc,heap        ] GC(273) Survivor regions: 1->1(1)
[191.276s][info][gc,heap        ] GC(273) Old regions: 3->3
[191.276s][info][gc,heap        ] GC(273) Archive regions: 0->0
[191.276s][info][gc,heap        ] GC(273) Humongous regions: 0->0
[191.276s][info][gc,metaspace   ] GC(273) Metaspace: 9916K(10240K)->9916K(10240K) NonClass: 8617K(8832K)->8617K(8832K) Class: 1299K(1408K)->1299K(1408K)
[191.276s][info][gc             ] GC(273) Pause Young (Normal) (G1 Evacuation Pause) 85M->5M(160M) 3.454ms
[191.276s][info][gc,cpu         ] GC(273) User=0.00s Sys=0.00s Real=0.00s
[191.620s][info][gc,start       ] GC(274) Pause Young (Normal) (G1 Evacuation Pause)
[191.620s][info][gc,task        ] GC(274) Using 3 workers of 33 for evacuation
[191.623s][info][gc,phases      ] GC(274)   Pre Evacuate Collection Set: 0.1ms
[191.623s][info][gc,phases      ] GC(274)   Merge Heap Roots: 0.2ms
[191.623s][info][gc,phases      ] GC(274)   Evacuate Collection Set: 2.2ms
[191.623s][info][gc,phases      ] GC(274)   Post Evacuate Collection Set: 0.2ms
[191.623s][info][gc,phases      ] GC(274)   Other: 0.1ms
[191.623s][info][gc,heap        ] GC(274) Eden regions: 5->0(5)
[191.623s][info][gc,heap        ] GC(274) Survivor regions: 1->1(1)
[191.623s][info][gc,heap        ] GC(274) Old regions: 3->3
[191.623s][info][gc,heap        ] GC(274) Archive regions: 0->0
[191.623s][info][gc,heap        ] GC(274) Humongous regions: 0->0
[191.623s][info][gc,metaspace   ] GC(274) Metaspace: 9916K(10240K)->9916K(10240K) NonClass: 8617K(8832K)->8617K(8832K) Class: 1299K(1408K)->1299K(1408K)
[191.623s][info][gc             ] GC(274) Pause Young (Normal) (G1 Evacuation Pause) 85M->5M(160M) 3.357ms
[191.623s][info][gc,cpu         ] GC(274) User=0.00s Sys=0.00s Real=0.00s
[191.964s][info][gc,start       ] GC(275) Pause Young (Normal) (G1 Evacuation Pause)
[191.965s][info][gc,task        ] GC(275) Using 3 workers of 33 for evacuation
[191.968s][info][gc,phases      ] GC(275)   Pre Evacuate Collection Set: 0.1ms
[191.968s][info][gc,phases      ] GC(275)   Merge Heap Roots: 0.2ms
[191.968s][info][gc,phases      ] GC(275)   Evacuate Collection Set: 2.4ms
[191.968s][info][gc,phases      ] GC(275)   Post Evacuate Collection Set: 0.2ms
[191.968s][info][gc,phases      ] GC(275)   Other: 0.1ms
[191.968s][info][gc,heap        ] GC(275) Eden regions: 5->0(5)
[191.968s][info][gc,heap        ] GC(275) Survivor regions: 1->1(1)
[191.968s][info][gc,heap        ] GC(275) Old regions: 3->3
[191.968s][info][gc,heap        ] GC(275) Archive regions: 0->0
[191.968s][info][gc,heap        ] GC(275) Humongous regions: 0->0
[191.968s][info][gc,metaspace   ] GC(275) Metaspace: 9916K(10240K)->9916K(10240K) NonClass: 8617K(8832K)->8617K(8832K) Class: 1299K(1408K)->1299K(1408K)
[191.968s][info][gc             ] GC(275) Pause Young (Normal) (G1 Evacuation Pause) 85M->5M(160M) 3.486ms
[191.968s][info][gc,cpu         ] GC(275) User=0.00s Sys=0.00s Real=0.00s
[192.304s][info][gc,start       ] GC(276) Pause Young (Normal) (G1 Evacuation Pause)
[192.304s][info][gc,task        ] GC(276) Using 3 workers of 33 for evacuation
[192.307s][info][gc,phases      ] GC(276)   Pre Evacuate Collection Set: 0.1ms
[192.307s][info][gc,phases      ] GC(276)   Merge Heap Roots: 0.2ms
[192.307s][info][gc,phases      ] GC(276)   Evacuate Collection Set: 2.5ms
[192.307s][info][gc,phases      ] GC(276)   Post Evacuate Collection Set: 0.3ms
[192.307s][info][gc,phases      ] GC(276)   Other: 0.1ms
[192.307s][info][gc,heap        ] GC(276) Eden regions: 5->0(5)
[192.307s][info][gc,heap        ] GC(276) Survivor regions: 1->1(1)
[192.307s][info][gc,heap        ] GC(276) Old regions: 3->3
[192.307s][info][gc,heap        ] GC(276) Archive regions: 0->0
[192.307s][info][gc,heap        ] GC(276) Humongous regions: 0->0
[192.307s][info][gc,metaspace   ] GC(276) Metaspace: 9916K(10240K)->9916K(10240K) NonClass: 8617K(8832K)->8617K(8832K) Class: 1299K(1408K)->1299K(1408K)
[192.307s][info][gc             ] GC(276) Pause Young (Normal) (G1 Evacuation Pause) 85M->5M(160M) 3.570ms
[192.307s][info][gc,cpu         ] GC(276) User=0.05s Sys=0.00s Real=0.01s
[192.637s][info][gc,start       ] GC(277) Pause Young (Normal) (G1 Evacuation Pause)
[192.637s][info][gc,task        ] GC(277) Using 3 workers of 33 for evacuation
[192.640s][info][gc,phases      ] GC(277)   Pre Evacuate Collection Set: 0.1ms
[192.640s][info][gc,phases      ] GC(277)   Merge Heap Roots: 0.1ms
[192.640s][info][gc,phases      ] GC(277)   Evacuate Collection Set: 2.3ms
[192.640s][info][gc,phases      ] GC(277)   Post Evacuate Collection Set: 0.2ms
[192.640s][info][gc,phases      ] GC(277)   Other: 0.1ms
[192.640s][info][gc,heap        ] GC(277) Eden regions: 5->0(5)
[192.640s][info][gc,heap        ] GC(277) Survivor regions: 1->1(1)
[192.640s][info][gc,heap        ] GC(277) Old regions: 3->3
[192.640s][info][gc,heap        ] GC(277) Archive regions: 0->0
[192.640s][info][gc,heap        ] GC(277) Humongous regions: 0->0
[192.640s][info][gc,metaspace   ] GC(277) Metaspace: 9916K(10240K)->9916K(10240K) NonClass: 8617K(8832K)->8617K(8832K) Class: 1299K(1408K)->1299K(1408K)
[192.640s][info][gc             ] GC(277) Pause Young (Normal) (G1 Evacuation Pause) 85M->5M(160M) 3.351ms
[192.640s][info][gc,cpu         ] GC(277) User=0.00s Sys=0.00s Real=0.00s
[192.974s][info][gc,start       ] GC(278) Pause Young (Normal) (G1 Evacuation Pause)
[192.974s][info][gc,task        ] GC(278) Using 3 workers of 33 for evacuation
[192.977s][info][gc,phases      ] GC(278)   Pre Evacuate Collection Set: 0.1ms
[192.977s][info][gc,phases      ] GC(278)   Merge Heap Roots: 0.2ms
[192.977s][info][gc,phases      ] GC(278)   Evacuate Collection Set: 2.3ms
[192.977s][info][gc,phases      ] GC(278)   Post Evacuate Collection Set: 0.2ms
[192.977s][info][gc,phases      ] GC(278)   Other: 0.1ms
[192.977s][info][gc,heap        ] GC(278) Eden regions: 5->0(5)
[192.977s][info][gc,heap        ] GC(278) Survivor regions: 1->1(1)
[192.977s][info][gc,heap        ] GC(278) Old regions: 3->3
[192.977s][info][gc,heap        ] GC(278) Archive regions: 0->0
[192.977s][info][gc,heap        ] GC(278) Humongous regions: 0->0
[192.977s][info][gc,metaspace   ] GC(278) Metaspace: 9916K(10240K)->9916K(10240K) NonClass: 8617K(8832K)->8617K(8832K) Class: 1299K(1408K)->1299K(1408K)
[192.977s][info][gc             ] GC(278) Pause Young (Normal) (G1 Evacuation Pause) 85M->5M(160M) 3.400ms
[192.977s][info][gc,cpu         ] GC(278) User=0.00s Sys=0.00s Real=0.00s
[193.313s][info][gc,start       ] GC(279) Pause Young (Normal) (G1 Evacuation Pause)
[193.313s][info][gc,task        ] GC(279) Using 3 workers of 33 for evacuation
[193.316s][info][gc,phases      ] GC(279)   Pre Evacuate Collection Set: 0.1ms
[193.316s][info][gc,phases      ] GC(279)   Merge Heap Roots: 0.1ms
[193.316s][info][gc,phases      ] GC(279)   Evacuate Collection Set: 2.2ms
[193.316s][info][gc,phases      ] GC(279)   Post Evacuate Collection Set: 0.2ms
[193.316s][info][gc,phases      ] GC(279)   Other: 0.1ms
[193.316s][info][gc,heap        ] GC(279) Eden regions: 5->0(5)
[193.316s][info][gc,heap        ] GC(279) Survivor regions: 1->1(1)
[193.316s][info][gc,heap        ] GC(279) Old regions: 3->3
[193.316s][info][gc,heap        ] GC(279) Archive regions: 0->0
[193.316s][info][gc,heap        ] GC(279) Humongous regions: 0->0
[193.316s][info][gc,metaspace   ] GC(279) Metaspace: 9916K(10240K)->9916K(10240K) NonClass: 8617K(8832K)->8617K(8832K) Class: 1299K(1408K)->1299K(1408K)
[193.316s][info][gc             ] GC(279) Pause Young (Normal) (G1 Evacuation Pause) 85M->5M(160M) 3.377ms
[193.316s][info][gc,cpu         ] GC(279) User=0.00s Sys=0.00s Real=0.00s
[193.635s][info][gc,start       ] GC(280) Pause Young (Normal) (G1 Evacuation Pause)
[193.636s][info][gc,task        ] GC(280) Using 3 workers of 33 for evacuation
[193.638s][info][gc,phases      ] GC(280)   Pre Evacuate Collection Set: 0.1ms
[193.638s][info][gc,phases      ] GC(280)   Merge Heap Roots: 0.1ms
[193.638s][info][gc,phases      ] GC(280)   Evacuate Collection Set: 2.2ms
[193.638s][info][gc,phases      ] GC(280)   Post Evacuate Collection Set: 0.2ms
[193.639s][info][gc,phases      ] GC(280)   Other: 0.1ms
[193.639s][info][gc,heap        ] GC(280) Eden regions: 5->0(5)
[193.639s][info][gc,heap        ] GC(280) Survivor regions: 1->1(1)
[193.639s][info][gc,heap        ] GC(280) Old regions: 3->3
[193.639s][info][gc,heap        ] GC(280) Archive regions: 0->0
[193.639s][info][gc,heap        ] GC(280) Humongous regions: 0->0
[193.639s][info][gc,metaspace   ] GC(280) Metaspace: 9916K(10240K)->9916K(10240K) NonClass: 8617K(8832K)->8617K(8832K) Class: 1299K(1408K)->1299K(1408K)
[193.639s][info][gc             ] GC(280) Pause Young (Normal) (G1 Evacuation Pause) 85M->5M(160M) 3.288ms
[193.639s][info][gc,cpu         ] GC(280) User=0.00s Sys=0.00s Real=0.00s
[193.963s][info][gc,start       ] GC(281) Pause Young (Normal) (G1 Evacuation Pause)
[193.963s][info][gc,task        ] GC(281) Using 3 workers of 33 for evacuation
[193.966s][info][gc,phases      ] GC(281)   Pre Evacuate Collection Set: 0.1ms
[193.966s][info][gc,phases      ] GC(281)   Merge Heap Roots: 0.1ms
[193.966s][info][gc,phases      ] GC(281)   Evacuate Collection Set: 2.3ms
[193.966s][info][gc,phases      ] GC(281)   Post Evacuate Collection Set: 0.2ms
[193.966s][info][gc,phases      ] GC(281)   Other: 0.1ms
[193.966s][info][gc,heap        ] GC(281) Eden regions: 5->0(5)
[193.966s][info][gc,heap        ] GC(281) Survivor regions: 1->1(1)
[193.966s][info][gc,heap        ] GC(281) Old regions: 3->3
[193.967s][info][gc,heap        ] GC(281) Archive regions: 0->0
[193.967s][info][gc,heap        ] GC(281) Humongous regions: 0->0
[193.967s][info][gc,metaspace   ] GC(281) Metaspace: 9916K(10240K)->9916K(10240K) NonClass: 8617K(8832K)->8617K(8832K) Class: 1299K(1408K)->1299K(1408K)
[193.967s][info][gc             ] GC(281) Pause Young (Normal) (G1 Evacuation Pause) 85M->5M(160M) 3.307ms
[193.967s][info][gc,cpu         ] GC(281) User=0.00s Sys=0.00s Real=0.00s
[194.300s][info][gc,start       ] GC(282) Pause Young (Normal) (G1 Evacuation Pause)
[194.300s][info][gc,task        ] GC(282) Using 3 workers of 33 for evacuation
[194.303s][info][gc,phases      ] GC(282)   Pre Evacuate Collection Set: 0.1ms
[194.303s][info][gc,phases      ] GC(282)   Merge Heap Roots: 0.2ms
[194.304s][info][gc,phases      ] GC(282)   Evacuate Collection Set: 2.9ms
[194.304s][info][gc,phases      ] GC(282)   Post Evacuate Collection Set: 0.3ms
[194.304s][info][gc,phases      ] GC(282)   Other: 0.1ms
[194.304s][info][gc,heap        ] GC(282) Eden regions: 5->0(4)
[194.304s][info][gc,heap        ] GC(282) Survivor regions: 1->1(1)
[194.304s][info][gc,heap        ] GC(282) Old regions: 3->4
[194.304s][info][gc,heap        ] GC(282) Archive regions: 0->0
[194.304s][info][gc,heap        ] GC(282) Humongous regions: 0->0
[194.304s][info][gc,metaspace   ] GC(282) Metaspace: 9916K(10240K)->9916K(10240K) NonClass: 8617K(8832K)->8617K(8832K) Class: 1299K(1408K)->1299K(1408K)
[194.304s][info][gc             ] GC(282) Pause Young (Normal) (G1 Evacuation Pause) 85M->5M(176M) 4.062ms
[194.304s][info][gc,cpu         ] GC(282) User=0.05s Sys=0.00s Real=0.00s
[194.578s][info][gc,start       ] GC(283) Pause Young (Normal) (G1 Evacuation Pause)
[194.578s][info][gc,task        ] GC(283) Using 4 workers of 33 for evacuation
[194.580s][info][gc,phases      ] GC(283)   Pre Evacuate Collection Set: 0.1ms
[194.580s][info][gc,phases      ] GC(283)   Merge Heap Roots: 0.2ms
[194.580s][info][gc,phases      ] GC(283)   Evacuate Collection Set: 1.8ms
[194.580s][info][gc,phases      ] GC(283)   Post Evacuate Collection Set: 0.2ms
[194.580s][info][gc,phases      ] GC(283)   Other: 0.1ms
[194.580s][info][gc,heap        ] GC(283) Eden regions: 4->0(4)
[194.580s][info][gc,heap        ] GC(283) Survivor regions: 1->1(1)
[194.581s][info][gc,heap        ] GC(283) Old regions: 4->4
[194.581s][info][gc,heap        ] GC(283) Archive regions: 0->0
[194.581s][info][gc,heap        ] GC(283) Humongous regions: 0->0
[194.581s][info][gc,metaspace   ] GC(283) Metaspace: 9916K(10240K)->9916K(10240K) NonClass: 8617K(8832K)->8617K(8832K) Class: 1299K(1408K)->1299K(1408K)
[194.581s][info][gc             ] GC(283) Pause Young (Normal) (G1 Evacuation Pause) 69M->5M(176M) 2.900ms
[194.581s][info][gc,cpu         ] GC(283) User=0.00s Sys=0.00s Real=0.00s
[194.854s][info][gc,start       ] GC(284) Pause Young (Normal) (G1 Evacuation Pause)
[194.854s][info][gc,task        ] GC(284) Using 4 workers of 33 for evacuation
[194.857s][info][gc,phases      ] GC(284)   Pre Evacuate Collection Set: 0.1ms
[194.857s][info][gc,phases      ] GC(284)   Merge Heap Roots: 0.2ms
[194.857s][info][gc,phases      ] GC(284)   Evacuate Collection Set: 1.9ms
[194.857s][info][gc,phases      ] GC(284)   Post Evacuate Collection Set: 0.2ms
[194.857s][info][gc,phases      ] GC(284)   Other: 0.1ms
[194.857s][info][gc,heap        ] GC(284) Eden regions: 4->0(4)
[194.857s][info][gc,heap        ] GC(284) Survivor regions: 1->1(1)
[194.857s][info][gc,heap        ] GC(284) Old regions: 4->4
[194.857s][info][gc,heap        ] GC(284) Archive regions: 0->0
[194.857s][info][gc,heap        ] GC(284) Humongous regions: 0->0
[194.857s][info][gc,metaspace   ] GC(284) Metaspace: 9916K(10240K)->9916K(10240K) NonClass: 8617K(8832K)->8617K(8832K) Class: 1299K(1408K)->1299K(1408K)
[194.857s][info][gc             ] GC(284) Pause Young (Normal) (G1 Evacuation Pause) 69M->5M(176M) 3.030ms
[194.857s][info][gc,cpu         ] GC(284) User=0.00s Sys=0.00s Real=0.00s
[195.129s][info][gc,start       ] GC(285) Pause Young (Normal) (G1 Evacuation Pause)
[195.129s][info][gc,task        ] GC(285) Using 4 workers of 33 for evacuation
[195.132s][info][gc,phases      ] GC(285)   Pre Evacuate Collection Set: 0.1ms
[195.132s][info][gc,phases      ] GC(285)   Merge Heap Roots: 0.2ms
[195.132s][info][gc,phases      ] GC(285)   Evacuate Collection Set: 1.8ms
[195.132s][info][gc,phases      ] GC(285)   Post Evacuate Collection Set: 0.2ms
[195.132s][info][gc,phases      ] GC(285)   Other: 0.1ms
[195.132s][info][gc,heap        ] GC(285) Eden regions: 4->0(4)
[195.132s][info][gc,heap        ] GC(285) Survivor regions: 1->1(1)
[195.132s][info][gc,heap        ] GC(285) Old regions: 4->4
[195.132s][info][gc,heap        ] GC(285) Archive regions: 0->0
[195.132s][info][gc,heap        ] GC(285) Humongous regions: 0->0
[195.132s][info][gc,metaspace   ] GC(285) Metaspace: 9916K(10240K)->9916K(10240K) NonClass: 8617K(8832K)->8617K(8832K) Class: 1299K(1408K)->1299K(1408K)
[195.132s][info][gc             ] GC(285) Pause Young (Normal) (G1 Evacuation Pause) 69M->5M(176M) 2.908ms
[195.132s][info][gc,cpu         ] GC(285) User=0.00s Sys=0.00s Real=0.00s
[195.405s][info][gc,start       ] GC(286) Pause Young (Normal) (G1 Evacuation Pause)
[195.406s][info][gc,task        ] GC(286) Using 4 workers of 33 for evacuation
[195.408s][info][gc,phases      ] GC(286)   Pre Evacuate Collection Set: 0.1ms
[195.408s][info][gc,phases      ] GC(286)   Merge Heap Roots: 0.1ms
[195.408s][info][gc,phases      ] GC(286)   Evacuate Collection Set: 1.5ms
[195.408s][info][gc,phases      ] GC(286)   Post Evacuate Collection Set: 0.2ms
[195.408s][info][gc,phases      ] GC(286)   Other: 0.1ms
[195.408s][info][gc,heap        ] GC(286) Eden regions: 4->0(4)
[195.408s][info][gc,heap        ] GC(286) Survivor regions: 1->1(1)
[195.408s][info][gc,heap        ] GC(286) Old regions: 4->4
[195.408s][info][gc,heap        ] GC(286) Archive regions: 0->0
[195.408s][info][gc,heap        ] GC(286) Humongous regions: 0->0
[195.408s][info][gc,metaspace   ] GC(286) Metaspace: 9916K(10240K)->9916K(10240K) NonClass: 8617K(8832K)->8617K(8832K) Class: 1299K(1408K)->1299K(1408K)
[195.408s][info][gc             ] GC(286) Pause Young (Normal) (G1 Evacuation Pause) 69M->5M(176M) 2.584ms
[195.408s][info][gc,cpu         ] GC(286) User=0.00s Sys=0.00s Real=0.00s
[195.646s][info][gc,start       ] GC(287) Pause Full (System.gc())
[195.646s][info][gc,task        ] GC(287) Using 1 workers of 33 for full compaction
[195.646s][info][gc,phases,start] GC(287) Phase 1: Mark live objects
[195.665s][info][gc,phases      ] GC(287) Phase 1: Mark live objects 18.759ms
[195.665s][info][gc,phases,start] GC(287) Phase 2: Prepare compaction
[195.669s][info][gc,phases      ] GC(287) Phase 2: Prepare compaction 3.691ms
[195.669s][info][gc,phases,start] GC(287) Phase 3: Adjust pointers
[195.678s][info][gc,phases      ] GC(287) Phase 3: Adjust pointers 9.578ms
[195.678s][info][gc,phases,start] GC(287) Phase 4: Compact heap
[195.680s][info][gc,phases      ] GC(287) Phase 4: Compact heap 2.246ms
[195.683s][info][gc,heap        ] GC(287) Eden regions: 4->0(2)
[195.683s][info][gc,heap        ] GC(287) Survivor regions: 1->0(1)
[195.683s][info][gc,heap        ] GC(287) Old regions: 4->1
[195.683s][info][gc,heap        ] GC(287) Archive regions: 0->0
[195.683s][info][gc,heap        ] GC(287) Humongous regions: 0->0
[195.683s][info][gc,metaspace   ] GC(287) Metaspace: 9916K(10240K)->9916K(10240K) NonClass: 8617K(8832K)->8617K(8832K) Class: 1299K(1408K)->1299K(1408K)
[195.683s][info][gc             ] GC(287) Pause Full (System.gc()) 61M->3M(64M) 37.590ms
[195.683s][info][gc,cpu         ] GC(287) User=0.05s Sys=0.00s Real=0.04s
[195.821s][info][gc,start       ] GC(288) Pause Young (Normal) (G1 Evacuation Pause)
[195.821s][info][gc,task        ] GC(288) Using 2 workers of 33 for evacuation
[195.825s][info][gc,phases      ] GC(288)   Pre Evacuate Collection Set: 0.1ms
[195.826s][info][gc,phases      ] GC(288)   Merge Heap Roots: 0.2ms
[195.826s][info][gc,phases      ] GC(288)   Evacuate Collection Set: 4.0ms
[195.826s][info][gc,phases      ] GC(288)   Post Evacuate Collection Set: 0.2ms
[195.826s][info][gc,phases      ] GC(288)   Other: 0.1ms
[195.826s][info][gc,heap        ] GC(288) Eden regions: 2->0(1)
[195.826s][info][gc,heap        ] GC(288) Survivor regions: 0->1(1)
[195.826s][info][gc,heap        ] GC(288) Old regions: 1->1
[195.826s][info][gc,heap        ] GC(288) Archive regions: 0->0
[195.826s][info][gc,heap        ] GC(288) Humongous regions: 0->0
[195.826s][info][gc,metaspace   ] GC(288) Metaspace: 9916K(10240K)->9916K(10240K) NonClass: 8617K(8832K)->8617K(8832K) Class: 1299K(1408K)->1299K(1408K)
[195.826s][info][gc             ] GC(288) Pause Young (Normal) (G1 Evacuation Pause) 35M->5M(64M) 5.067ms
[195.826s][info][gc,cpu         ] GC(288) User=0.00s Sys=0.00s Real=0.00s
[195.893s][info][gc,start       ] GC(289) Pause Young (Normal) (G1 Evacuation Pause)
[195.893s][info][gc,task        ] GC(289) Using 2 workers of 33 for evacuation
[195.897s][info][gc,phases      ] GC(289)   Pre Evacuate Collection Set: 0.1ms
[195.897s][info][gc,phases      ] GC(289)   Merge Heap Roots: 0.1ms
[195.897s][info][gc,phases      ] GC(289)   Evacuate Collection Set: 3.3ms
[195.897s][info][gc,phases      ] GC(289)   Post Evacuate Collection Set: 0.2ms
[195.897s][info][gc,phases      ] GC(289)   Other: 0.1ms
[195.897s][info][gc,heap        ] GC(289) Eden regions: 1->0(1)
[195.897s][info][gc,heap        ] GC(289) Survivor regions: 1->1(1)
[195.897s][info][gc,heap        ] GC(289) Old regions: 1->1
[195.897s][info][gc,heap        ] GC(289) Archive regions: 0->0
[195.897s][info][gc,heap        ] GC(289) Humongous regions: 0->0
[195.897s][info][gc,metaspace   ] GC(289) Metaspace: 9916K(10240K)->9916K(10240K) NonClass: 8617K(8832K)->8617K(8832K) Class: 1299K(1408K)->1299K(1408K)
[195.897s][info][gc             ] GC(289) Pause Young (Normal) (G1 Evacuation Pause) 21M->5M(64M) 4.330ms
[195.897s][info][gc,cpu         ] GC(289) User=0.00s Sys=0.00s Real=0.00s
[195.967s][info][gc,start       ] GC(290) Pause Young (Normal) (G1 Evacuation Pause)
[195.967s][info][gc,task        ] GC(290) Using 2 workers of 33 for evacuation
[195.978s][info][gc,phases      ] GC(290)   Pre Evacuate Collection Set: 0.1ms
[195.979s][info][gc,phases      ] GC(290)   Merge Heap Roots: 0.1ms
[195.979s][info][gc,phases      ] GC(290)   Evacuate Collection Set: 3.5ms
[195.979s][info][gc,phases      ] GC(290)   Post Evacuate Collection Set: 7.3ms
[195.979s][info][gc,phases      ] GC(290)   Other: 0.1ms
[195.979s][info][gc,heap        ] GC(290) Eden regions: 1->0(38)
[195.979s][info][gc,heap        ] GC(290) Survivor regions: 1->1(1)
[195.979s][info][gc,heap        ] GC(290) Old regions: 1->1
[195.979s][info][gc,heap        ] GC(290) Archive regions: 0->0
[195.979s][info][gc,heap        ] GC(290) Humongous regions: 0->0
[195.979s][info][gc,metaspace   ] GC(290) Metaspace: 9916K(10240K)->9916K(10240K) NonClass: 8617K(8832K)->8617K(8832K) Class: 1299K(1408K)->1299K(1408K)
[195.979s][info][gc             ] GC(290) Pause Young (Normal) (G1 Evacuation Pause) 21M->5M(1056M) 11.596ms
[195.979s][info][gc,cpu         ] GC(290) User=0.02s Sys=0.00s Real=0.02s
[198.711s][info][gc,start       ] GC(291) Pause Young (Normal) (G1 Evacuation Pause)
[198.711s][info][gc,task        ] GC(291) Using 25 workers of 33 for evacuation
[198.714s][info][gc,phases      ] GC(291)   Pre Evacuate Collection Set: 0.1ms
[198.714s][info][gc,phases      ] GC(291)   Merge Heap Roots: 0.2ms
[198.714s][info][gc,phases      ] GC(291)   Evacuate Collection Set: 1.2ms
[198.714s][info][gc,phases      ] GC(291)   Post Evacuate Collection Set: 0.5ms
[198.714s][info][gc,phases      ] GC(291)   Other: 0.2ms
[198.714s][info][gc,heap        ] GC(291) Eden regions: 38->0(38)
[198.714s][info][gc,heap        ] GC(291) Survivor regions: 1->1(5)
[198.714s][info][gc,heap        ] GC(291) Old regions: 1->1
[198.714s][info][gc,heap        ] GC(291) Archive regions: 0->0
[198.714s][info][gc,heap        ] GC(291) Humongous regions: 0->0
[198.714s][info][gc,metaspace   ] GC(291) Metaspace: 9916K(10240K)->9916K(10240K) NonClass: 8617K(8832K)->8617K(8832K) Class: 1299K(1408K)->1299K(1408K)
[198.714s][info][gc             ] GC(291) Pause Young (Normal) (G1 Evacuation Pause) 613M->5M(1056M) 2.733ms
[198.714s][info][gc,cpu         ] GC(291) User=0.00s Sys=0.00s Real=0.00s
[201.278s][info][gc,start       ] GC(292) Pause Young (Normal) (G1 Evacuation Pause)
[201.278s][info][gc,task        ] GC(292) Using 25 workers of 33 for evacuation
[201.280s][info][gc,phases      ] GC(292)   Pre Evacuate Collection Set: 0.1ms
[201.280s][info][gc,phases      ] GC(292)   Merge Heap Roots: 0.2ms
[201.280s][info][gc,phases      ] GC(292)   Evacuate Collection Set: 1.3ms
[201.280s][info][gc,phases      ] GC(292)   Post Evacuate Collection Set: 0.5ms
[201.280s][info][gc,phases      ] GC(292)   Other: 0.1ms
[201.280s][info][gc,heap        ] GC(292) Eden regions: 38->0(38)
[201.280s][info][gc,heap        ] GC(292) Survivor regions: 1->1(5)
[201.280s][info][gc,heap        ] GC(292) Old regions: 1->1
[201.280s][info][gc,heap        ] GC(292) Archive regions: 0->0
[201.280s][info][gc,heap        ] GC(292) Humongous regions: 0->0
[201.280s][info][gc,metaspace   ] GC(292) Metaspace: 9916K(10240K)->9916K(10240K) NonClass: 8617K(8832K)->8617K(8832K) Class: 1299K(1408K)->1299K(1408K)
[201.280s][info][gc             ] GC(292) Pause Young (Normal) (G1 Evacuation Pause) 613M->5M(1056M) 2.843ms
[201.280s][info][gc,cpu         ] GC(292) User=0.00s Sys=0.00s Real=0.00s
[202.658s][info][gc,start       ] GC(293) Pause Full (System.gc())
[202.659s][info][gc,task        ] GC(293) Using 6 workers of 33 for full compaction
[202.659s][info][gc,phases,start] GC(293) Phase 1: Mark live objects
[202.664s][info][gc,phases      ] GC(293) Phase 1: Mark live objects 4.904ms
[202.664s][info][gc,phases,start] GC(293) Phase 2: Prepare compaction
[202.667s][info][gc,phases      ] GC(293) Phase 2: Prepare compaction 3.595ms
[202.667s][info][gc,phases,start] GC(293) Phase 3: Adjust pointers
[202.672s][info][gc,phases      ] GC(293) Phase 3: Adjust pointers 4.881ms
[202.672s][info][gc,phases,start] GC(293) Phase 4: Compact heap
[202.675s][info][gc,phases      ] GC(293) Phase 4: Compact heap 2.508ms
[202.682s][info][gc,heap        ] GC(293) Eden regions: 21->0(4)
[202.682s][info][gc,heap        ] GC(293) Survivor regions: 1->0(5)
[202.682s][info][gc,heap        ] GC(293) Old regions: 1->2
[202.682s][info][gc,heap        ] GC(293) Archive regions: 0->0
[202.682s][info][gc,heap        ] GC(293) Humongous regions: 0->0
[202.682s][info][gc,metaspace   ] GC(293) Metaspace: 9918K(10240K)->9918K(10240K) NonClass: 8618K(8832K)->8618K(8832K) Class: 1299K(1408K)->1299K(1408K)
[202.682s][info][gc             ] GC(293) Pause Full (System.gc()) 327M->3M(112M) 23.570ms
[202.682s][info][gc,cpu         ] GC(293) User=0.09s Sys=0.00s Real=0.01s
[202.928s][info][gc,start       ] GC(294) Pause Young (Normal) (G1 Evacuation Pause)
[202.928s][info][gc,task        ] GC(294) Using 4 workers of 33 for evacuation
[202.931s][info][gc,phases      ] GC(294)   Pre Evacuate Collection Set: 0.1ms
[202.931s][info][gc,phases      ] GC(294)   Merge Heap Roots: 0.1ms
[202.931s][info][gc,phases      ] GC(294)   Evacuate Collection Set: 1.9ms
[202.931s][info][gc,phases      ] GC(294)   Post Evacuate Collection Set: 0.2ms
[202.931s][info][gc,phases      ] GC(294)   Other: 0.1ms
[202.931s][info][gc,heap        ] GC(294) Eden regions: 4->0(3)
[202.931s][info][gc,heap        ] GC(294) Survivor regions: 0->1(1)
[202.931s][info][gc,heap        ] GC(294) Old regions: 2->2
[202.931s][info][gc,heap        ] GC(294) Archive regions: 0->0
[202.931s][info][gc,heap        ] GC(294) Humongous regions: 0->0
[202.931s][info][gc,metaspace   ] GC(294) Metaspace: 9919K(10240K)->9919K(10240K) NonClass: 8620K(8832K)->8620K(8832K) Class: 1299K(1408K)->1299K(1408K)
[202.931s][info][gc             ] GC(294) Pause Young (Normal) (G1 Evacuation Pause) 67M->5M(112M) 3.012ms
[202.931s][info][gc,cpu         ] GC(294) User=0.00s Sys=0.00s Real=0.00s
[203.126s][info][gc,start       ] GC(295) Pause Young (Normal) (G1 Evacuation Pause)
[203.127s][info][gc,task        ] GC(295) Using 3 workers of 33 for evacuation
[203.130s][info][gc,phases      ] GC(295)   Pre Evacuate Collection Set: 0.1ms
[203.130s][info][gc,phases      ] GC(295)   Merge Heap Roots: 0.1ms
[203.130s][info][gc,phases      ] GC(295)   Evacuate Collection Set: 2.4ms
[203.130s][info][gc,phases      ] GC(295)   Post Evacuate Collection Set: 0.2ms
[203.130s][info][gc,phases      ] GC(295)   Other: 0.1ms
[203.130s][info][gc,heap        ] GC(295) Eden regions: 3->0(3)
[203.130s][info][gc,heap        ] GC(295) Survivor regions: 1->1(1)
[203.130s][info][gc,heap        ] GC(295) Old regions: 2->2
[203.130s][info][gc,heap        ] GC(295) Archive regions: 0->0
[203.130s][info][gc,heap        ] GC(295) Humongous regions: 0->0
[203.130s][info][gc,metaspace   ] GC(295) Metaspace: 9919K(10240K)->9919K(10240K) NonClass: 8620K(8832K)->8620K(8832K) Class: 1299K(1408K)->1299K(1408K)
[203.130s][info][gc             ] GC(295) Pause Young (Normal) (G1 Evacuation Pause) 53M->5M(112M) 3.420ms
[203.130s][info][gc,cpu         ] GC(295) User=0.00s Sys=0.00s Real=0.00s
[203.329s][info][gc,start       ] GC(296) Pause Young (Normal) (G1 Evacuation Pause)
[203.329s][info][gc,task        ] GC(296) Using 2 workers of 33 for evacuation
[203.332s][info][gc,phases      ] GC(296)   Pre Evacuate Collection Set: 0.1ms
[203.332s][info][gc,phases      ] GC(296)   Merge Heap Roots: 0.1ms
[203.332s][info][gc,phases      ] GC(296)   Evacuate Collection Set: 3.2ms
[203.333s][info][gc,phases      ] GC(296)   Post Evacuate Collection Set: 0.2ms
[203.333s][info][gc,phases      ] GC(296)   Other: 0.1ms
[203.333s][info][gc,heap        ] GC(296) Eden regions: 3->0(3)
[203.333s][info][gc,heap        ] GC(296) Survivor regions: 1->1(1)
[203.333s][info][gc,heap        ] GC(296) Old regions: 2->2
[203.333s][info][gc,heap        ] GC(296) Archive regions: 0->0
[203.333s][info][gc,heap        ] GC(296) Humongous regions: 0->0
[203.333s][info][gc,metaspace   ] GC(296) Metaspace: 9919K(10240K)->9919K(10240K) NonClass: 8620K(8832K)->8620K(8832K) Class: 1299K(1408K)->1299K(1408K)
[203.333s][info][gc             ] GC(296) Pause Young (Normal) (G1 Evacuation Pause) 53M->5M(112M) 4.243ms
[203.333s][info][gc,cpu         ] GC(296) User=0.00s Sys=0.00s Real=0.01s
[203.525s][info][gc,start       ] GC(297) Pause Young (Normal) (G1 Evacuation Pause)
[203.525s][info][gc,task        ] GC(297) Using 2 workers of 33 for evacuation
[203.536s][info][gc,phases      ] GC(297)   Pre Evacuate Collection Set: 0.1ms
[203.536s][info][gc,phases      ] GC(297)   Merge Heap Roots: 0.1ms
[203.536s][info][gc,phases      ] GC(297)   Evacuate Collection Set: 3.3ms
[203.536s][info][gc,phases      ] GC(297)   Post Evacuate Collection Set: 7.0ms
[203.536s][info][gc,phases      ] GC(297)   Other: 0.3ms
[203.536s][info][gc,heap        ] GC(297) Eden regions: 3->0(39)
[203.536s][info][gc,heap        ] GC(297) Survivor regions: 1->1(1)
[203.536s][info][gc,heap        ] GC(297) Old regions: 2->2
[203.536s][info][gc,heap        ] GC(297) Archive regions: 0->0
[203.536s][info][gc,heap        ] GC(297) Humongous regions: 0->0
[203.536s][info][gc,metaspace   ] GC(297) Metaspace: 9919K(10240K)->9919K(10240K) NonClass: 8620K(8832K)->8620K(8832K) Class: 1299K(1408K)->1299K(1408K)
[203.536s][info][gc             ] GC(297) Pause Young (Normal) (G1 Evacuation Pause) 53M->5M(1088M) 11.430ms
[203.536s][info][gc,cpu         ] GC(297) User=0.02s Sys=0.00s Real=0.02s
[206.301s][info][gc,start       ] GC(298) Pause Young (Normal) (G1 Evacuation Pause)
[206.302s][info][gc,task        ] GC(298) Using 26 workers of 33 for evacuation
[206.304s][info][gc,phases      ] GC(298)   Pre Evacuate Collection Set: 0.2ms
[206.304s][info][gc,phases      ] GC(298)   Merge Heap Roots: 0.2ms
[206.304s][info][gc,phases      ] GC(298)   Evacuate Collection Set: 1.7ms
[206.304s][info][gc,phases      ] GC(298)   Post Evacuate Collection Set: 0.5ms
[206.304s][info][gc,phases      ] GC(298)   Other: 0.1ms
[206.304s][info][gc,heap        ] GC(298) Eden regions: 39->0(39)
[206.304s][info][gc,heap        ] GC(298) Survivor regions: 1->1(5)
[206.305s][info][gc,heap        ] GC(298) Old regions: 2->2
[206.305s][info][gc,heap        ] GC(298) Archive regions: 0->0
[206.305s][info][gc,heap        ] GC(298) Humongous regions: 0->0
[206.305s][info][gc,metaspace   ] GC(298) Metaspace: 9919K(10240K)->9919K(10240K) NonClass: 8620K(8832K)->8620K(8832K) Class: 1299K(1408K)->1299K(1408K)
[206.305s][info][gc             ] GC(298) Pause Young (Normal) (G1 Evacuation Pause) 629M->5M(1088M) 3.252ms
[206.305s][info][gc,cpu         ] GC(298) User=0.00s Sys=0.00s Real=0.00s
[208.978s][info][gc,start       ] GC(299) Pause Young (Normal) (G1 Evacuation Pause)
[208.978s][info][gc,task        ] GC(299) Using 26 workers of 33 for evacuation
[208.980s][info][gc,phases      ] GC(299)   Pre Evacuate Collection Set: 0.1ms
[208.980s][info][gc,phases      ] GC(299)   Merge Heap Roots: 0.2ms
[208.980s][info][gc,phases      ] GC(299)   Evacuate Collection Set: 1.6ms
[208.980s][info][gc,phases      ] GC(299)   Post Evacuate Collection Set: 0.5ms
[208.981s][info][gc,phases      ] GC(299)   Other: 0.1ms
[208.981s][info][gc,heap        ] GC(299) Eden regions: 39->0(39)
[208.981s][info][gc,heap        ] GC(299) Survivor regions: 1->1(5)
[208.981s][info][gc,heap        ] GC(299) Old regions: 2->2
[208.981s][info][gc,heap        ] GC(299) Archive regions: 0->0
[208.981s][info][gc,heap        ] GC(299) Humongous regions: 0->0
[208.981s][info][gc,metaspace   ] GC(299) Metaspace: 9919K(10240K)->9919K(10240K) NonClass: 8620K(8832K)->8620K(8832K) Class: 1299K(1408K)->1299K(1408K)
[208.981s][info][gc             ] GC(299) Pause Young (Normal) (G1 Evacuation Pause) 629M->5M(1088M) 3.163ms
[208.981s][info][gc,cpu         ] GC(299) User=0.00s Sys=0.00s Real=0.00s
[209.592s][info][gc,start       ] GC(300) Pause Full (System.gc())
[209.592s][info][gc,task        ] GC(300) Using 6 workers of 33 for full compaction
[209.592s][info][gc,phases,start] GC(300) Phase 1: Mark live objects
[209.597s][info][gc,phases      ] GC(300) Phase 1: Mark live objects 4.813ms
[209.597s][info][gc,phases,start] GC(300) Phase 2: Prepare compaction
[209.601s][info][gc,phases      ] GC(300) Phase 2: Prepare compaction 3.370ms
[209.601s][info][gc,phases,start] GC(300) Phase 3: Adjust pointers
[209.605s][info][gc,phases      ] GC(300) Phase 3: Adjust pointers 4.905ms
[209.605s][info][gc,phases,start] GC(300) Phase 4: Compact heap
[209.608s][info][gc,phases      ] GC(300) Phase 4: Compact heap 2.465ms
[209.616s][info][gc,heap        ] GC(300) Eden regions: 10->0(4)
[209.616s][info][gc,heap        ] GC(300) Survivor regions: 1->0(5)
[209.616s][info][gc,heap        ] GC(300) Old regions: 2->2
[209.616s][info][gc,heap        ] GC(300) Archive regions: 0->0
[209.616s][info][gc,heap        ] GC(300) Humongous regions: 0->0
[209.616s][info][gc,metaspace   ] GC(300) Metaspace: 9921K(10240K)->9921K(10240K) NonClass: 8622K(8832K)->8622K(8832K) Class: 1299K(1408K)->1299K(1408K)
[209.616s][info][gc             ] GC(300) Pause Full (System.gc()) 154M->3M(112M) 24.316ms
[209.616s][info][gc,cpu         ] GC(300) User=0.02s Sys=0.02s Real=0.02s
[209.870s][info][gc,start       ] GC(301) Pause Young (Normal) (G1 Evacuation Pause)
[209.870s][info][gc,task        ] GC(301) Using 4 workers of 33 for evacuation
[209.872s][info][gc,phases      ] GC(301)   Pre Evacuate Collection Set: 0.1ms
[209.872s][info][gc,phases      ] GC(301)   Merge Heap Roots: 0.1ms
[209.872s][info][gc,phases      ] GC(301)   Evacuate Collection Set: 1.4ms
[209.872s][info][gc,phases      ] GC(301)   Post Evacuate Collection Set: 0.2ms
[209.872s][info][gc,phases      ] GC(301)   Other: 0.1ms
[209.872s][info][gc,heap        ] GC(301) Eden regions: 4->0(3)
[209.872s][info][gc,heap        ] GC(301) Survivor regions: 0->1(1)
[209.872s][info][gc,heap        ] GC(301) Old regions: 2->2
[209.872s][info][gc,heap        ] GC(301) Archive regions: 0->0
[209.872s][info][gc,heap        ] GC(301) Humongous regions: 0->0
[209.872s][info][gc,metaspace   ] GC(301) Metaspace: 9922K(10240K)->9922K(10240K) NonClass: 8623K(8832K)->8623K(8832K) Class: 1299K(1408K)->1299K(1408K)
[209.872s][info][gc             ] GC(301) Pause Young (Normal) (G1 Evacuation Pause) 67M->5M(112M) 2.414ms
[209.872s][info][gc,cpu         ] GC(301) User=0.00s Sys=0.00s Real=0.00s
[210.063s][info][gc,start       ] GC(302) Pause Young (Normal) (G1 Evacuation Pause)
[210.063s][info][gc,task        ] GC(302) Using 3 workers of 33 for evacuation
[210.066s][info][gc,phases      ] GC(302)   Pre Evacuate Collection Set: 0.1ms
[210.066s][info][gc,phases      ] GC(302)   Merge Heap Roots: 0.1ms
[210.066s][info][gc,phases      ] GC(302)   Evacuate Collection Set: 2.4ms
[210.066s][info][gc,phases      ] GC(302)   Post Evacuate Collection Set: 0.2ms
[210.066s][info][gc,phases      ] GC(302)   Other: 0.1ms
[210.066s][info][gc,heap        ] GC(302) Eden regions: 3->0(3)
[210.066s][info][gc,heap        ] GC(302) Survivor regions: 1->1(1)
[210.066s][info][gc,heap        ] GC(302) Old regions: 2->2
[210.066s][info][gc,heap        ] GC(302) Archive regions: 0->0
[210.066s][info][gc,heap        ] GC(302) Humongous regions: 0->0
[210.066s][info][gc,metaspace   ] GC(302) Metaspace: 9922K(10240K)->9922K(10240K) NonClass: 8623K(8832K)->8623K(8832K) Class: 1299K(1408K)->1299K(1408K)
[210.066s][info][gc             ] GC(302) Pause Young (Normal) (G1 Evacuation Pause) 53M->5M(112M) 3.446ms
[210.066s][info][gc,cpu         ] GC(302) User=0.00s Sys=0.00s Real=0.00s
[210.263s][info][gc,start       ] GC(303) Pause Young (Normal) (G1 Evacuation Pause)
[210.263s][info][gc,task        ] GC(303) Using 2 workers of 33 for evacuation
[210.267s][info][gc,phases      ] GC(303)   Pre Evacuate Collection Set: 0.1ms
[210.267s][info][gc,phases      ] GC(303)   Merge Heap Roots: 0.1ms
[210.267s][info][gc,phases      ] GC(303)   Evacuate Collection Set: 3.2ms
[210.267s][info][gc,phases      ] GC(303)   Post Evacuate Collection Set: 0.2ms
[210.267s][info][gc,phases      ] GC(303)   Other: 0.1ms
[210.267s][info][gc,heap        ] GC(303) Eden regions: 3->0(3)
[210.267s][info][gc,heap        ] GC(303) Survivor regions: 1->1(1)
[210.267s][info][gc,heap        ] GC(303) Old regions: 2->2
[210.267s][info][gc,heap        ] GC(303) Archive regions: 0->0
[210.267s][info][gc,heap        ] GC(303) Humongous regions: 0->0
[210.267s][info][gc,metaspace   ] GC(303) Metaspace: 9922K(10240K)->9922K(10240K) NonClass: 8623K(8832K)->8623K(8832K) Class: 1299K(1408K)->1299K(1408K)
[210.267s][info][gc             ] GC(303) Pause Young (Normal) (G1 Evacuation Pause) 53M->5M(112M) 4.203ms
[210.267s][info][gc,cpu         ] GC(303) User=0.00s Sys=0.00s Real=0.00s
[210.470s][info][gc,start       ] GC(304) Pause Young (Normal) (G1 Evacuation Pause)
[210.471s][info][gc,task        ] GC(304) Using 2 workers of 33 for evacuation
[210.481s][info][gc,phases      ] GC(304)   Pre Evacuate Collection Set: 0.1ms
[210.481s][info][gc,phases      ] GC(304)   Merge Heap Roots: 0.2ms
[210.482s][info][gc,phases      ] GC(304)   Evacuate Collection Set: 3.4ms
[210.482s][info][gc,phases      ] GC(304)   Post Evacuate Collection Set: 7.2ms
[210.482s][info][gc,phases      ] GC(304)   Other: 0.1ms
[210.482s][info][gc,heap        ] GC(304) Eden regions: 3->0(39)
[210.482s][info][gc,heap        ] GC(304) Survivor regions: 1->1(1)
[210.482s][info][gc,heap        ] GC(304) Old regions: 2->2
[210.482s][info][gc,heap        ] GC(304) Archive regions: 0->0
[210.482s][info][gc,heap        ] GC(304) Humongous regions: 0->0
[210.482s][info][gc,metaspace   ] GC(304) Metaspace: 9922K(10240K)->9922K(10240K) NonClass: 8623K(8832K)->8623K(8832K) Class: 1299K(1408K)->1299K(1408K)
[210.482s][info][gc             ] GC(304) Pause Young (Normal) (G1 Evacuation Pause) 53M->5M(1088M) 11.462ms
[210.482s][info][gc,cpu         ] GC(304) User=0.03s Sys=0.00s Real=0.02s
[213.325s][info][gc,start       ] GC(305) Pause Young (Normal) (G1 Evacuation Pause)
[213.325s][info][gc,task        ] GC(305) Using 26 workers of 33 for evacuation
[213.328s][info][gc,phases      ] GC(305)   Pre Evacuate Collection Set: 0.2ms
[213.328s][info][gc,phases      ] GC(305)   Merge Heap Roots: 0.2ms
[213.328s][info][gc,phases      ] GC(305)   Evacuate Collection Set: 1.6ms
[213.328s][info][gc,phases      ] GC(305)   Post Evacuate Collection Set: 0.5ms
[213.328s][info][gc,phases      ] GC(305)   Other: 0.1ms
[213.328s][info][gc,heap        ] GC(305) Eden regions: 39->0(39)
[213.328s][info][gc,heap        ] GC(305) Survivor regions: 1->1(5)
[213.328s][info][gc,heap        ] GC(305) Old regions: 2->2
[213.328s][info][gc,heap        ] GC(305) Archive regions: 0->0
[213.328s][info][gc,heap        ] GC(305) Humongous regions: 0->0
[213.328s][info][gc,metaspace   ] GC(305) Metaspace: 9922K(10240K)->9922K(10240K) NonClass: 8623K(8832K)->8623K(8832K) Class: 1299K(1408K)->1299K(1408K)
[213.328s][info][gc             ] GC(305) Pause Young (Normal) (G1 Evacuation Pause) 629M->5M(1088M) 3.178ms
[213.328s][info][gc,cpu         ] GC(305) User=0.00s Sys=0.00s Real=0.00s
[215.969s][info][gc,start       ] GC(306) Pause Young (Normal) (G1 Evacuation Pause)
[215.969s][info][gc,task        ] GC(306) Using 26 workers of 33 for evacuation
[215.972s][info][gc,phases      ] GC(306)   Pre Evacuate Collection Set: 0.2ms
[215.972s][info][gc,phases      ] GC(306)   Merge Heap Roots: 0.2ms
[215.972s][info][gc,phases      ] GC(306)   Evacuate Collection Set: 1.6ms
[215.972s][info][gc,phases      ] GC(306)   Post Evacuate Collection Set: 0.5ms
[215.972s][info][gc,phases      ] GC(306)   Other: 0.1ms
[215.972s][info][gc,heap        ] GC(306) Eden regions: 39->0(39)
[215.972s][info][gc,heap        ] GC(306) Survivor regions: 1->1(5)
[215.972s][info][gc,heap        ] GC(306) Old regions: 2->2
[215.972s][info][gc,heap        ] GC(306) Archive regions: 0->0
[215.972s][info][gc,heap        ] GC(306) Humongous regions: 0->0
[215.972s][info][gc,metaspace   ] GC(306) Metaspace: 9922K(10240K)->9922K(10240K) NonClass: 8623K(8832K)->8623K(8832K) Class: 1299K(1408K)->1299K(1408K)
[215.972s][info][gc             ] GC(306) Pause Young (Normal) (G1 Evacuation Pause) 629M->5M(1088M) 3.160ms
[215.972s][info][gc,cpu         ] GC(306) User=0.00s Sys=0.00s Real=0.00s
[216.606s][info][gc,start       ] GC(307) Pause Full (System.gc())
[216.606s][info][gc,task        ] GC(307) Using 6 workers of 33 for full compaction
[216.606s][info][gc,phases,start] GC(307) Phase 1: Mark live objects
[216.612s][info][gc,phases      ] GC(307) Phase 1: Mark live objects 5.881ms
[216.612s][info][gc,phases,start] GC(307) Phase 2: Prepare compaction
[216.616s][info][gc,phases      ] GC(307) Phase 2: Prepare compaction 3.381ms
[216.616s][info][gc,phases,start] GC(307) Phase 3: Adjust pointers
[216.621s][info][gc,phases      ] GC(307) Phase 3: Adjust pointers 4.958ms
[216.621s][info][gc,phases,start] GC(307) Phase 4: Compact heap
[216.623s][info][gc,phases      ] GC(307) Phase 4: Compact heap 2.477ms
[216.632s][info][gc,heap        ] GC(307) Eden regions: 10->0(4)
[216.632s][info][gc,heap        ] GC(307) Survivor regions: 1->0(5)
[216.632s][info][gc,heap        ] GC(307) Old regions: 2->2
[216.632s][info][gc,heap        ] GC(307) Archive regions: 0->0
[216.632s][info][gc,heap        ] GC(307) Humongous regions: 0->0
[216.632s][info][gc,metaspace   ] GC(307) Metaspace: 9923K(10240K)->9923K(10240K) NonClass: 8624K(8832K)->8624K(8832K) Class: 1299K(1408K)->1299K(1408K)
[216.632s][info][gc             ] GC(307) Pause Full (System.gc()) 155M->3M(112M) 26.615ms
[216.632s][info][gc,cpu         ] GC(307) User=0.09s Sys=0.27s Real=0.03s
[216.888s][info][gc,start       ] GC(308) Pause Young (Normal) (G1 Evacuation Pause)
[216.888s][info][gc,task        ] GC(308) Using 4 workers of 33 for evacuation
[216.890s][info][gc,phases      ] GC(308)   Pre Evacuate Collection Set: 0.1ms
[216.890s][info][gc,phases      ] GC(308)   Merge Heap Roots: 0.1ms
[216.890s][info][gc,phases      ] GC(308)   Evacuate Collection Set: 1.8ms
[216.890s][info][gc,phases      ] GC(308)   Post Evacuate Collection Set: 0.2ms
[216.890s][info][gc,phases      ] GC(308)   Other: 0.1ms
[216.890s][info][gc,heap        ] GC(308) Eden regions: 4->0(3)
[216.890s][info][gc,heap        ] GC(308) Survivor regions: 0->1(1)
[216.890s][info][gc,heap        ] GC(308) Old regions: 2->2
[216.890s][info][gc,heap        ] GC(308) Archive regions: 0->0
[216.891s][info][gc,heap        ] GC(308) Humongous regions: 0->0
[216.891s][info][gc,metaspace   ] GC(308) Metaspace: 9923K(10240K)->9923K(10240K) NonClass: 8624K(8832K)->8624K(8832K) Class: 1299K(1408K)->1299K(1408K)
[216.891s][info][gc             ] GC(308) Pause Young (Normal) (G1 Evacuation Pause) 67M->5M(112M) 2.922ms
[216.891s][info][gc,cpu         ] GC(308) User=0.02s Sys=0.02s Real=0.02s
[217.077s][info][gc,start       ] GC(309) Pause Young (Normal) (G1 Evacuation Pause)
[217.077s][info][gc,task        ] GC(309) Using 3 workers of 33 for evacuation
[217.080s][info][gc,phases      ] GC(309)   Pre Evacuate Collection Set: 0.1ms
[217.080s][info][gc,phases      ] GC(309)   Merge Heap Roots: 0.2ms
[217.081s][info][gc,phases      ] GC(309)   Evacuate Collection Set: 2.5ms
[217.081s][info][gc,phases      ] GC(309)   Post Evacuate Collection Set: 0.2ms
[217.081s][info][gc,phases      ] GC(309)   Other: 0.1ms
[217.081s][info][gc,heap        ] GC(309) Eden regions: 3->0(3)
[217.081s][info][gc,heap        ] GC(309) Survivor regions: 1->1(1)
[217.081s][info][gc,heap        ] GC(309) Old regions: 2->2
[217.081s][info][gc,heap        ] GC(309) Archive regions: 0->0
[217.081s][info][gc,heap        ] GC(309) Humongous regions: 0->0
[217.081s][info][gc,metaspace   ] GC(309) Metaspace: 9923K(10240K)->9923K(10240K) NonClass: 8624K(8832K)->8624K(8832K) Class: 1299K(1408K)->1299K(1408K)
[217.081s][info][gc             ] GC(309) Pause Young (Normal) (G1 Evacuation Pause) 53M->5M(112M) 3.585ms
[217.081s][info][gc,cpu         ] GC(309) User=0.00s Sys=0.02s Real=0.01s
[217.281s][info][gc,start       ] GC(310) Pause Young (Normal) (G1 Evacuation Pause)
[217.281s][info][gc,task        ] GC(310) Using 2 workers of 33 for evacuation
[217.286s][info][gc,phases      ] GC(310)   Pre Evacuate Collection Set: 0.1ms
[217.286s][info][gc,phases      ] GC(310)   Merge Heap Roots: 0.2ms
[217.286s][info][gc,phases      ] GC(310)   Evacuate Collection Set: 3.7ms
[217.286s][info][gc,phases      ] GC(310)   Post Evacuate Collection Set: 0.2ms
[217.286s][info][gc,phases      ] GC(310)   Other: 0.1ms
[217.286s][info][gc,heap        ] GC(310) Eden regions: 3->0(3)
[217.286s][info][gc,heap        ] GC(310) Survivor regions: 1->1(1)
[217.286s][info][gc,heap        ] GC(310) Old regions: 2->2
[217.286s][info][gc,heap        ] GC(310) Archive regions: 0->0
[217.286s][info][gc,heap        ] GC(310) Humongous regions: 0->0
[217.286s][info][gc,metaspace   ] GC(310) Metaspace: 9923K(10240K)->9923K(10240K) NonClass: 8624K(8832K)->8624K(8832K) Class: 1299K(1408K)->1299K(1408K)
[217.286s][info][gc             ] GC(310) Pause Young (Normal) (G1 Evacuation Pause) 53M->5M(112M) 4.741ms
[217.286s][info][gc,cpu         ] GC(310) User=0.00s Sys=0.00s Real=0.00s
[217.489s][info][gc,start       ] GC(311) Pause Young (Normal) (G1 Evacuation Pause)
[217.489s][info][gc,task        ] GC(311) Using 2 workers of 33 for evacuation
[217.501s][info][gc,phases      ] GC(311)   Pre Evacuate Collection Set: 0.1ms
[217.531s][info][gc,phases      ] GC(311)   Merge Heap Roots: 0.2ms
[217.531s][info][gc,phases      ] GC(311)   Evacuate Collection Set: 3.5ms
[217.531s][info][gc,phases      ] GC(311)   Post Evacuate Collection Set: 7.2ms
[217.531s][info][gc,phases      ] GC(311)   Other: 0.1ms
[217.531s][info][gc,heap        ] GC(311) Eden regions: 3->0(39)
[217.531s][info][gc,heap        ] GC(311) Survivor regions: 1->1(1)
[217.531s][info][gc,heap        ] GC(311) Old regions: 2->2
[217.531s][info][gc,heap        ] GC(311) Archive regions: 0->0
[217.531s][info][gc,heap        ] GC(311) Humongous regions: 0->0
[217.531s][info][gc,metaspace   ] GC(311) Metaspace: 9923K(10240K)->9923K(10240K) NonClass: 8624K(8832K)->8624K(8832K) Class: 1299K(1408K)->1299K(1408K)
[217.531s][info][gc             ] GC(311) Pause Young (Normal) (G1 Evacuation Pause) 53M->5M(1088M) 41.757ms
[217.531s][info][gc,cpu         ] GC(311) User=0.00s Sys=0.02s Real=0.05s
[220.378s][info][gc,start       ] GC(312) Pause Young (Normal) (G1 Evacuation Pause)
[220.378s][info][gc,task        ] GC(312) Using 26 workers of 33 for evacuation
[220.381s][info][gc,phases      ] GC(312)   Pre Evacuate Collection Set: 0.1ms
[220.381s][info][gc,phases      ] GC(312)   Merge Heap Roots: 0.2ms
[220.381s][info][gc,phases      ] GC(312)   Evacuate Collection Set: 1.6ms
[220.381s][info][gc,phases      ] GC(312)   Post Evacuate Collection Set: 0.5ms
[220.381s][info][gc,phases      ] GC(312)   Other: 0.1ms
[220.381s][info][gc,heap        ] GC(312) Eden regions: 39->0(39)
[220.381s][info][gc,heap        ] GC(312) Survivor regions: 1->1(5)
[220.381s][info][gc,heap        ] GC(312) Old regions: 2->2
[220.381s][info][gc,heap        ] GC(312) Archive regions: 0->0
[220.381s][info][gc,heap        ] GC(312) Humongous regions: 0->0
[220.381s][info][gc,metaspace   ] GC(312) Metaspace: 9923K(10240K)->9923K(10240K) NonClass: 8624K(8832K)->8624K(8832K) Class: 1299K(1408K)->1299K(1408K)
[220.381s][info][gc             ] GC(312) Pause Young (Normal) (G1 Evacuation Pause) 629M->5M(1088M) 3.171ms
[220.382s][info][gc,cpu         ] GC(312) User=0.00s Sys=0.00s Real=0.00s
[223.108s][info][gc,start       ] GC(313) Pause Young (Normal) (G1 Evacuation Pause)
[223.108s][info][gc,task        ] GC(313) Using 26 workers of 33 for evacuation
[223.111s][info][gc,phases      ] GC(313)   Pre Evacuate Collection Set: 0.2ms
[223.111s][info][gc,phases      ] GC(313)   Merge Heap Roots: 0.2ms
[223.111s][info][gc,phases      ] GC(313)   Evacuate Collection Set: 2.0ms
[223.111s][info][gc,phases      ] GC(313)   Post Evacuate Collection Set: 0.5ms
[223.111s][info][gc,phases      ] GC(313)   Other: 0.1ms
[223.111s][info][gc,heap        ] GC(313) Eden regions: 39->0(39)
[223.112s][info][gc,heap        ] GC(313) Survivor regions: 1->1(5)
[223.112s][info][gc,heap        ] GC(313) Old regions: 2->2
[223.112s][info][gc,heap        ] GC(313) Archive regions: 0->0
[223.112s][info][gc,heap        ] GC(313) Humongous regions: 0->0
[223.112s][info][gc,metaspace   ] GC(313) Metaspace: 9923K(10240K)->9923K(10240K) NonClass: 8624K(8832K)->8624K(8832K) Class: 1299K(1408K)->1299K(1408K)
[223.112s][info][gc             ] GC(313) Pause Young (Normal) (G1 Evacuation Pause) 629M->5M(1088M) 3.529ms
[223.112s][info][gc,cpu         ] GC(313) User=0.00s Sys=0.00s Real=0.00s
[223.721s][info][gc,start       ] GC(314) Pause Full (System.gc())
[223.721s][info][gc,task        ] GC(314) Using 6 workers of 33 for full compaction
[223.721s][info][gc,phases,start] GC(314) Phase 1: Mark live objects
[223.727s][info][gc,phases      ] GC(314) Phase 1: Mark live objects 5.253ms
[223.727s][info][gc,phases,start] GC(314) Phase 2: Prepare compaction
[223.730s][info][gc,phases      ] GC(314) Phase 2: Prepare compaction 3.424ms
[223.730s][info][gc,phases,start] GC(314) Phase 3: Adjust pointers
[223.735s][info][gc,phases      ] GC(314) Phase 3: Adjust pointers 4.936ms
[223.735s][info][gc,phases,start] GC(314) Phase 4: Compact heap
[223.738s][info][gc,phases      ] GC(314) Phase 4: Compact heap 2.460ms
[223.747s][info][gc,heap        ] GC(314) Eden regions: 10->0(4)
[223.747s][info][gc,heap        ] GC(314) Survivor regions: 1->0(5)
[223.747s][info][gc,heap        ] GC(314) Old regions: 2->2
[223.747s][info][gc,heap        ] GC(314) Archive regions: 0->0
[223.747s][info][gc,heap        ] GC(314) Humongous regions: 0->0
[223.747s][info][gc,metaspace   ] GC(314) Metaspace: 9923K(10240K)->9923K(10240K) NonClass: 8624K(8832K)->8624K(8832K) Class: 1299K(1408K)->1299K(1408K)
[223.747s][info][gc             ] GC(314) Pause Full (System.gc()) 153M->3M(112M) 26.198ms
[223.747s][info][gc,cpu         ] GC(314) User=0.09s Sys=0.27s Real=0.03s
[224.020s][info][gc,start       ] GC(315) Pause Young (Normal) (G1 Evacuation Pause)
[224.020s][info][gc,task        ] GC(315) Using 4 workers of 33 for evacuation
[224.022s][info][gc,phases      ] GC(315)   Pre Evacuate Collection Set: 0.1ms
[224.022s][info][gc,phases      ] GC(315)   Merge Heap Roots: 0.1ms
[224.022s][info][gc,phases      ] GC(315)   Evacuate Collection Set: 1.8ms
[224.022s][info][gc,phases      ] GC(315)   Post Evacuate Collection Set: 0.2ms
[224.022s][info][gc,phases      ] GC(315)   Other: 0.1ms
[224.022s][info][gc,heap        ] GC(315) Eden regions: 4->0(3)
[224.022s][info][gc,heap        ] GC(315) Survivor regions: 0->1(1)
[224.023s][info][gc,heap        ] GC(315) Old regions: 2->2
[224.023s][info][gc,heap        ] GC(315) Archive regions: 0->0
[224.023s][info][gc,heap        ] GC(315) Humongous regions: 0->0
[224.023s][info][gc,metaspace   ] GC(315) Metaspace: 9923K(10240K)->9923K(10240K) NonClass: 8624K(8832K)->8624K(8832K) Class: 1299K(1408K)->1299K(1408K)
[224.023s][info][gc             ] GC(315) Pause Young (Normal) (G1 Evacuation Pause) 67M->5M(112M) 2.841ms
[224.023s][info][gc,cpu         ] GC(315) User=0.00s Sys=0.00s Real=0.00s
[224.208s][info][gc,start       ] GC(316) Pause Young (Normal) (G1 Evacuation Pause)
[224.209s][info][gc,task        ] GC(316) Using 3 workers of 33 for evacuation
[224.212s][info][gc,phases      ] GC(316)   Pre Evacuate Collection Set: 0.1ms
[224.212s][info][gc,phases      ] GC(316)   Merge Heap Roots: 0.1ms
[224.212s][info][gc,phases      ] GC(316)   Evacuate Collection Set: 2.4ms
[224.212s][info][gc,phases      ] GC(316)   Post Evacuate Collection Set: 0.2ms
[224.212s][info][gc,phases      ] GC(316)   Other: 0.1ms
[224.212s][info][gc,heap        ] GC(316) Eden regions: 3->0(3)
[224.212s][info][gc,heap        ] GC(316) Survivor regions: 1->1(1)
[224.212s][info][gc,heap        ] GC(316) Old regions: 2->2
[224.212s][info][gc,heap        ] GC(316) Archive regions: 0->0
[224.212s][info][gc,heap        ] GC(316) Humongous regions: 0->0
[224.212s][info][gc,metaspace   ] GC(316) Metaspace: 9923K(10240K)->9923K(10240K) NonClass: 8624K(8832K)->8624K(8832K) Class: 1299K(1408K)->1299K(1408K)
[224.212s][info][gc             ] GC(316) Pause Young (Normal) (G1 Evacuation Pause) 53M->5M(112M) 3.426ms
[224.212s][info][gc,cpu         ] GC(316) User=0.00s Sys=0.00s Real=0.00s
[224.406s][info][gc,start       ] GC(317) Pause Young (Normal) (G1 Evacuation Pause)
[224.406s][info][gc,task        ] GC(317) Using 2 workers of 33 for evacuation
[224.411s][info][gc,phases      ] GC(317)   Pre Evacuate Collection Set: 0.1ms
[224.411s][info][gc,phases      ] GC(317)   Merge Heap Roots: 0.2ms
[224.411s][info][gc,phases      ] GC(317)   Evacuate Collection Set: 3.5ms
[224.411s][info][gc,phases      ] GC(317)   Post Evacuate Collection Set: 0.2ms
[224.411s][info][gc,phases      ] GC(317)   Other: 0.1ms
[224.411s][info][gc,heap        ] GC(317) Eden regions: 3->0(3)
[224.411s][info][gc,heap        ] GC(317) Survivor regions: 1->1(1)
[224.411s][info][gc,heap        ] GC(317) Old regions: 2->2
[224.411s][info][gc,heap        ] GC(317) Archive regions: 0->0
[224.411s][info][gc,heap        ] GC(317) Humongous regions: 0->0
[224.411s][info][gc,metaspace   ] GC(317) Metaspace: 9923K(10240K)->9923K(10240K) NonClass: 8624K(8832K)->8624K(8832K) Class: 1299K(1408K)->1299K(1408K)
[224.411s][info][gc             ] GC(317) Pause Young (Normal) (G1 Evacuation Pause) 53M->5M(112M) 4.690ms
[224.411s][info][gc,cpu         ] GC(317) User=0.00s Sys=0.00s Real=0.00s
[224.616s][info][gc,start       ] GC(318) Pause Young (Normal) (G1 Evacuation Pause)
[224.616s][info][gc,task        ] GC(318) Using 2 workers of 33 for evacuation
[224.627s][info][gc,phases      ] GC(318)   Pre Evacuate Collection Set: 0.1ms
[224.627s][info][gc,phases      ] GC(318)   Merge Heap Roots: 0.2ms
[224.627s][info][gc,phases      ] GC(318)   Evacuate Collection Set: 3.7ms
[224.627s][info][gc,phases      ] GC(318)   Post Evacuate Collection Set: 7.2ms
[224.627s][info][gc,phases      ] GC(318)   Other: 0.1ms
[224.628s][info][gc,heap        ] GC(318) Eden regions: 3->0(39)
[224.628s][info][gc,heap        ] GC(318) Survivor regions: 1->1(1)
[224.628s][info][gc,heap        ] GC(318) Old regions: 2->2
[224.628s][info][gc,heap        ] GC(318) Archive regions: 0->0
[224.628s][info][gc,heap        ] GC(318) Humongous regions: 0->0
[224.628s][info][gc,metaspace   ] GC(318) Metaspace: 9923K(10240K)->9923K(10240K) NonClass: 8624K(8832K)->8624K(8832K) Class: 1299K(1408K)->1299K(1408K)
[224.628s][info][gc             ] GC(318) Pause Young (Normal) (G1 Evacuation Pause) 53M->5M(1088M) 11.719ms
[224.628s][info][gc,cpu         ] GC(318) User=0.00s Sys=0.00s Real=0.00s
[227.460s][info][gc,start       ] GC(319) Pause Young (Normal) (G1 Evacuation Pause)
[227.460s][info][gc,task        ] GC(319) Using 26 workers of 33 for evacuation
[227.463s][info][gc,phases      ] GC(319)   Pre Evacuate Collection Set: 0.1ms
[227.463s][info][gc,phases      ] GC(319)   Merge Heap Roots: 0.2ms
[227.463s][info][gc,phases      ] GC(319)   Evacuate Collection Set: 1.6ms
[227.463s][info][gc,phases      ] GC(319)   Post Evacuate Collection Set: 0.5ms
[227.463s][info][gc,phases      ] GC(319)   Other: 0.1ms
[227.463s][info][gc,heap        ] GC(319) Eden regions: 39->0(39)
[227.463s][info][gc,heap        ] GC(319) Survivor regions: 1->1(5)
[227.463s][info][gc,heap        ] GC(319) Old regions: 2->2
[227.463s][info][gc,heap        ] GC(319) Archive regions: 0->0
[227.463s][info][gc,heap        ] GC(319) Humongous regions: 0->0
[227.463s][info][gc,metaspace   ] GC(319) Metaspace: 9923K(10240K)->9923K(10240K) NonClass: 8624K(8832K)->8624K(8832K) Class: 1299K(1408K)->1299K(1408K)
[227.463s][info][gc             ] GC(319) Pause Young (Normal) (G1 Evacuation Pause) 629M->5M(1088M) 3.223ms
[227.463s][info][gc,cpu         ] GC(319) User=0.00s Sys=0.00s Real=0.00s
[230.140s][info][gc,start       ] GC(320) Pause Young (Normal) (G1 Evacuation Pause)
[230.140s][info][gc,task        ] GC(320) Using 26 workers of 33 for evacuation
[230.143s][info][gc,phases      ] GC(320)   Pre Evacuate Collection Set: 0.2ms
[230.143s][info][gc,phases      ] GC(320)   Merge Heap Roots: 0.2ms
[230.143s][info][gc,phases      ] GC(320)   Evacuate Collection Set: 2.2ms
[230.143s][info][gc,phases      ] GC(320)   Post Evacuate Collection Set: 0.5ms
[230.143s][info][gc,phases      ] GC(320)   Other: 0.1ms
[230.143s][info][gc,heap        ] GC(320) Eden regions: 39->0(39)
[230.143s][info][gc,heap        ] GC(320) Survivor regions: 1->1(5)
[230.143s][info][gc,heap        ] GC(320) Old regions: 2->2
[230.144s][info][gc,heap        ] GC(320) Archive regions: 0->0
[230.144s][info][gc,heap        ] GC(320) Humongous regions: 0->0
[230.144s][info][gc,metaspace   ] GC(320) Metaspace: 9923K(10240K)->9923K(10240K) NonClass: 8624K(8832K)->8624K(8832K) Class: 1299K(1408K)->1299K(1408K)
[230.144s][info][gc             ] GC(320) Pause Young (Normal) (G1 Evacuation Pause) 629M->5M(1088M) 3.874ms
[230.144s][info][gc,cpu         ] GC(320) User=0.00s Sys=0.00s Real=0.00s
[230.802s][info][gc,start       ] GC(321) Pause Full (System.gc())
[230.802s][info][gc,task        ] GC(321) Using 6 workers of 33 for full compaction
[230.802s][info][gc,phases,start] GC(321) Phase 1: Mark live objects
[230.808s][info][gc,phases      ] GC(321) Phase 1: Mark live objects 5.814ms
[230.808s][info][gc,phases,start] GC(321) Phase 2: Prepare compaction
[230.812s][info][gc,phases      ] GC(321) Phase 2: Prepare compaction 3.235ms
[230.812s][info][gc,phases,start] GC(321) Phase 3: Adjust pointers
[230.816s][info][gc,phases      ] GC(321) Phase 3: Adjust pointers 4.908ms
[230.816s][info][gc,phases,start] GC(321) Phase 4: Compact heap
[230.819s][info][gc,phases      ] GC(321) Phase 4: Compact heap 2.440ms
[230.828s][info][gc,heap        ] GC(321) Eden regions: 10->0(4)
[230.828s][info][gc,heap        ] GC(321) Survivor regions: 1->0(5)
[230.828s][info][gc,heap        ] GC(321) Old regions: 2->2
[230.828s][info][gc,heap        ] GC(321) Archive regions: 0->0
[230.828s][info][gc,heap        ] GC(321) Humongous regions: 0->0
[230.828s][info][gc,metaspace   ] GC(321) Metaspace: 9923K(10240K)->9923K(10240K) NonClass: 8624K(8832K)->8624K(8832K) Class: 1299K(1408K)->1299K(1408K)
[230.828s][info][gc             ] GC(321) Pause Full (System.gc()) 161M->3M(112M) 26.320ms
[230.828s][info][gc,cpu         ] GC(321) User=0.11s Sys=0.25s Real=0.03s
[231.073s][info][gc,start       ] GC(322) Pause Young (Normal) (G1 Evacuation Pause)
[231.073s][info][gc,task        ] GC(322) Using 4 workers of 33 for evacuation
[231.076s][info][gc,phases      ] GC(322)   Pre Evacuate Collection Set: 0.1ms
[231.076s][info][gc,phases      ] GC(322)   Merge Heap Roots: 0.1ms
[231.076s][info][gc,phases      ] GC(322)   Evacuate Collection Set: 2.0ms
[231.076s][info][gc,phases      ] GC(322)   Post Evacuate Collection Set: 0.2ms
[231.076s][info][gc,phases      ] GC(322)   Other: 0.1ms
[231.076s][info][gc,heap        ] GC(322) Eden regions: 4->0(3)
[231.076s][info][gc,heap        ] GC(322) Survivor regions: 0->1(1)
[231.076s][info][gc,heap        ] GC(322) Old regions: 2->2
[231.076s][info][gc,heap        ] GC(322) Archive regions: 0->0
[231.076s][info][gc,heap        ] GC(322) Humongous regions: 0->0
[231.076s][info][gc,metaspace   ] GC(322) Metaspace: 9923K(10240K)->9923K(10240K) NonClass: 8624K(8832K)->8624K(8832K) Class: 1299K(1408K)->1299K(1408K)
[231.076s][info][gc             ] GC(322) Pause Young (Normal) (G1 Evacuation Pause) 67M->5M(112M) 2.743ms
[231.076s][info][gc,cpu         ] GC(322) User=0.00s Sys=0.00s Real=0.00s
[231.259s][info][gc,start       ] GC(323) Pause Young (Normal) (G1 Evacuation Pause)
[231.259s][info][gc,task        ] GC(323) Using 3 workers of 33 for evacuation
[231.262s][info][gc,phases      ] GC(323)   Pre Evacuate Collection Set: 0.1ms
[231.262s][info][gc,phases      ] GC(323)   Merge Heap Roots: 0.1ms
[231.262s][info][gc,phases      ] GC(323)   Evacuate Collection Set: 1.6ms
[231.262s][info][gc,phases      ] GC(323)   Post Evacuate Collection Set: 0.2ms
[231.262s][info][gc,phases      ] GC(323)   Other: 0.1ms
[231.262s][info][gc,heap        ] GC(323) Eden regions: 3->0(3)
[231.262s][info][gc,heap        ] GC(323) Survivor regions: 1->1(1)
[231.262s][info][gc,heap        ] GC(323) Old regions: 2->2
[231.262s][info][gc,heap        ] GC(323) Archive regions: 0->0
[231.262s][info][gc,heap        ] GC(323) Humongous regions: 0->0
[231.262s][info][gc,metaspace   ] GC(323) Metaspace: 9923K(10240K)->9923K(10240K) NonClass: 8624K(8832K)->8624K(8832K) Class: 1299K(1408K)->1299K(1408K)
[231.262s][info][gc             ] GC(323) Pause Young (Normal) (G1 Evacuation Pause) 53M->5M(112M) 2.649ms
[231.262s][info][gc,cpu         ] GC(323) User=0.00s Sys=0.00s Real=0.00s
[231.463s][info][gc,start       ] GC(324) Pause Young (Normal) (G1 Evacuation Pause)
[231.463s][info][gc,task        ] GC(324) Using 2 workers of 33 for evacuation
[231.467s][info][gc,phases      ] GC(324)   Pre Evacuate Collection Set: 0.1ms
[231.467s][info][gc,phases      ] GC(324)   Merge Heap Roots: 0.2ms
[231.467s][info][gc,phases      ] GC(324)   Evacuate Collection Set: 3.4ms
[231.467s][info][gc,phases      ] GC(324)   Post Evacuate Collection Set: 0.2ms
[231.467s][info][gc,phases      ] GC(324)   Other: 0.1ms
[231.467s][info][gc,heap        ] GC(324) Eden regions: 3->0(3)
[231.467s][info][gc,heap        ] GC(324) Survivor regions: 1->1(1)
[231.467s][info][gc,heap        ] GC(324) Old regions: 2->2
[231.467s][info][gc,heap        ] GC(324) Archive regions: 0->0
[231.467s][info][gc,heap        ] GC(324) Humongous regions: 0->0
[231.467s][info][gc,metaspace   ] GC(324) Metaspace: 9923K(10240K)->9923K(10240K) NonClass: 8624K(8832K)->8624K(8832K) Class: 1299K(1408K)->1299K(1408K)
[231.467s][info][gc             ] GC(324) Pause Young (Normal) (G1 Evacuation Pause) 53M->5M(112M) 4.499ms
[231.467s][info][gc,cpu         ] GC(324) User=0.00s Sys=0.00s Real=0.00s
[231.664s][info][gc,start       ] GC(325) Pause Young (Normal) (G1 Evacuation Pause)
[231.664s][info][gc,task        ] GC(325) Using 2 workers of 33 for evacuation
[231.675s][info][gc,phases      ] GC(325)   Pre Evacuate Collection Set: 0.1ms
[231.675s][info][gc,phases      ] GC(325)   Merge Heap Roots: 0.2ms
[231.675s][info][gc,phases      ] GC(325)   Evacuate Collection Set: 3.2ms
[231.675s][info][gc,phases      ] GC(325)   Post Evacuate Collection Set: 7.2ms
[231.675s][info][gc,phases      ] GC(325)   Other: 0.1ms
[231.675s][info][gc,heap        ] GC(325) Eden regions: 3->0(39)
[231.675s][info][gc,heap        ] GC(325) Survivor regions: 1->1(1)
[231.675s][info][gc,heap        ] GC(325) Old regions: 2->2
[231.675s][info][gc,heap        ] GC(325) Archive regions: 0->0
[231.675s][info][gc,heap        ] GC(325) Humongous regions: 0->0
[231.675s][info][gc,metaspace   ] GC(325) Metaspace: 9923K(10240K)->9923K(10240K) NonClass: 8624K(8832K)->8624K(8832K) Class: 1299K(1408K)->1299K(1408K)
[231.675s][info][gc             ] GC(325) Pause Young (Normal) (G1 Evacuation Pause) 53M->5M(1088M) 11.291ms
[231.676s][info][gc,cpu         ] GC(325) User=0.00s Sys=0.00s Real=0.00s
[234.501s][info][gc,start       ] GC(326) Pause Young (Normal) (G1 Evacuation Pause)
[234.501s][info][gc,task        ] GC(326) Using 26 workers of 33 for evacuation
[234.504s][info][gc,phases      ] GC(326)   Pre Evacuate Collection Set: 0.1ms
[234.504s][info][gc,phases      ] GC(326)   Merge Heap Roots: 0.2ms
[234.504s][info][gc,phases      ] GC(326)   Evacuate Collection Set: 1.7ms
[234.504s][info][gc,phases      ] GC(326)   Post Evacuate Collection Set: 0.5ms
[234.504s][info][gc,phases      ] GC(326)   Other: 0.2ms
[234.504s][info][gc,heap        ] GC(326) Eden regions: 39->0(39)
[234.504s][info][gc,heap        ] GC(326) Survivor regions: 1->1(5)
[234.504s][info][gc,heap        ] GC(326) Old regions: 2->2
[234.504s][info][gc,heap        ] GC(326) Archive regions: 0->0
[234.504s][info][gc,heap        ] GC(326) Humongous regions: 0->0
[234.504s][info][gc,metaspace   ] GC(326) Metaspace: 9923K(10240K)->9923K(10240K) NonClass: 8624K(8832K)->8624K(8832K) Class: 1299K(1408K)->1299K(1408K)
[234.504s][info][gc             ] GC(326) Pause Young (Normal) (G1 Evacuation Pause) 629M->5M(1088M) 3.283ms
[234.504s][info][gc,cpu         ] GC(326) User=0.00s Sys=0.02s Real=0.02s
[237.200s][info][gc,start       ] GC(327) Pause Young (Normal) (G1 Evacuation Pause)
[237.200s][info][gc,task        ] GC(327) Using 26 workers of 33 for evacuation
[237.203s][info][gc,phases      ] GC(327)   Pre Evacuate Collection Set: 0.1ms
[237.203s][info][gc,phases      ] GC(327)   Merge Heap Roots: 0.2ms
[237.204s][info][gc,phases      ] GC(327)   Evacuate Collection Set: 2.0ms
[237.204s][info][gc,phases      ] GC(327)   Post Evacuate Collection Set: 0.5ms
[237.204s][info][gc,phases      ] GC(327)   Other: 0.1ms
[237.204s][info][gc,heap        ] GC(327) Eden regions: 39->0(39)
[237.204s][info][gc,heap        ] GC(327) Survivor regions: 1->1(5)
[237.204s][info][gc,heap        ] GC(327) Old regions: 2->2
[237.204s][info][gc,heap        ] GC(327) Archive regions: 0->0
[237.204s][info][gc,heap        ] GC(327) Humongous regions: 0->0
[237.204s][info][gc,metaspace   ] GC(327) Metaspace: 9923K(10240K)->9923K(10240K) NonClass: 8624K(8832K)->8624K(8832K) Class: 1299K(1408K)->1299K(1408K)
[237.204s][info][gc             ] GC(327) Pause Young (Normal) (G1 Evacuation Pause) 629M->5M(1088M) 3.569ms
[237.204s][info][gc,cpu         ] GC(327) User=0.14s Sys=0.27s Real=0.02s
[237.827s][info][gc,start       ] GC(328) Pause Full (System.gc())
[237.827s][info][gc,task        ] GC(328) Using 6 workers of 33 for full compaction
[237.827s][info][gc,phases,start] GC(328) Phase 1: Mark live objects
[237.833s][info][gc,phases      ] GC(328) Phase 1: Mark live objects 5.335ms
[237.833s][info][gc,phases,start] GC(328) Phase 2: Prepare compaction
[237.836s][info][gc,phases      ] GC(328) Phase 2: Prepare compaction 3.413ms
[237.836s][info][gc,phases,start] GC(328) Phase 3: Adjust pointers
[237.841s][info][gc,phases      ] GC(328) Phase 3: Adjust pointers 4.916ms
[237.841s][info][gc,phases,start] GC(328) Phase 4: Compact heap
[237.844s][info][gc,phases      ] GC(328) Phase 4: Compact heap 2.451ms
[237.853s][info][gc,heap        ] GC(328) Eden regions: 10->0(4)
[237.853s][info][gc,heap        ] GC(328) Survivor regions: 1->0(5)
[237.853s][info][gc,heap        ] GC(328) Old regions: 2->2
[237.853s][info][gc,heap        ] GC(328) Archive regions: 0->0
[237.853s][info][gc,heap        ] GC(328) Humongous regions: 0->0
[237.853s][info][gc,metaspace   ] GC(328) Metaspace: 9923K(10240K)->9923K(10240K) NonClass: 8624K(8832K)->8624K(8832K) Class: 1299K(1408K)->1299K(1408K)
[237.853s][info][gc             ] GC(328) Pause Full (System.gc()) 156M->3M(112M) 26.098ms
[237.853s][info][gc,cpu         ] GC(328) User=0.05s Sys=0.25s Real=0.03s
[238.093s][info][gc,start       ] GC(329) Pause Young (Normal) (G1 Evacuation Pause)
[238.093s][info][gc,task        ] GC(329) Using 4 workers of 33 for evacuation
[238.096s][info][gc,phases      ] GC(329)   Pre Evacuate Collection Set: 0.1ms
[238.096s][info][gc,phases      ] GC(329)   Merge Heap Roots: 0.1ms
[238.096s][info][gc,phases      ] GC(329)   Evacuate Collection Set: 1.9ms
[238.096s][info][gc,phases      ] GC(329)   Post Evacuate Collection Set: 0.2ms
[238.096s][info][gc,phases      ] GC(329)   Other: 0.1ms
[238.096s][info][gc,heap        ] GC(329) Eden regions: 4->0(3)
[238.096s][info][gc,heap        ] GC(329) Survivor regions: 0->1(1)
[238.096s][info][gc,heap        ] GC(329) Old regions: 2->2
[238.096s][info][gc,heap        ] GC(329) Archive regions: 0->0
[238.096s][info][gc,heap        ] GC(329) Humongous regions: 0->0
[238.096s][info][gc,metaspace   ] GC(329) Metaspace: 9923K(10240K)->9923K(10240K) NonClass: 8624K(8832K)->8624K(8832K) Class: 1299K(1408K)->1299K(1408K)
[238.096s][info][gc             ] GC(329) Pause Young (Normal) (G1 Evacuation Pause) 67M->5M(112M) 2.999ms
[238.096s][info][gc,cpu         ] GC(329) User=0.00s Sys=0.00s Real=0.00s
[238.290s][info][gc,start       ] GC(330) Pause Young (Normal) (G1 Evacuation Pause)
[238.290s][info][gc,task        ] GC(330) Using 3 workers of 33 for evacuation
[238.293s][info][gc,phases      ] GC(330)   Pre Evacuate Collection Set: 0.1ms
[238.293s][info][gc,phases      ] GC(330)   Merge Heap Roots: 0.1ms
[238.293s][info][gc,phases      ] GC(330)   Evacuate Collection Set: 2.2ms
[238.293s][info][gc,phases      ] GC(330)   Post Evacuate Collection Set: 0.2ms
[238.293s][info][gc,phases      ] GC(330)   Other: 0.1ms
[238.293s][info][gc,heap        ] GC(330) Eden regions: 3->0(3)
[238.293s][info][gc,heap        ] GC(330) Survivor regions: 1->1(1)
[238.293s][info][gc,heap        ] GC(330) Old regions: 2->2
[238.293s][info][gc,heap        ] GC(330) Archive regions: 0->0
[238.293s][info][gc,heap        ] GC(330) Humongous regions: 0->0
[238.293s][info][gc,metaspace   ] GC(330) Metaspace: 9923K(10240K)->9923K(10240K) NonClass: 8624K(8832K)->8624K(8832K) Class: 1299K(1408K)->1299K(1408K)
[238.293s][info][gc             ] GC(330) Pause Young (Normal) (G1 Evacuation Pause) 53M->5M(112M) 3.226ms
[238.293s][info][gc,cpu         ] GC(330) User=0.00s Sys=0.00s Real=0.00s
[238.490s][info][gc,start       ] GC(331) Pause Young (Normal) (G1 Evacuation Pause)
[238.491s][info][gc,task        ] GC(331) Using 2 workers of 33 for evacuation
[238.494s][info][gc,phases      ] GC(331)   Pre Evacuate Collection Set: 0.1ms
[238.495s][info][gc,phases      ] GC(331)   Merge Heap Roots: 0.2ms
[238.495s][info][gc,phases      ] GC(331)   Evacuate Collection Set: 3.3ms
[238.495s][info][gc,phases      ] GC(331)   Post Evacuate Collection Set: 0.2ms
[238.495s][info][gc,phases      ] GC(331)   Other: 0.1ms
[238.495s][info][gc,heap        ] GC(331) Eden regions: 3->0(3)
[238.495s][info][gc,heap        ] GC(331) Survivor regions: 1->1(1)
[238.495s][info][gc,heap        ] GC(331) Old regions: 2->2
[238.495s][info][gc,heap        ] GC(331) Archive regions: 0->0
[238.495s][info][gc,heap        ] GC(331) Humongous regions: 0->0
[238.495s][info][gc,metaspace   ] GC(331) Metaspace: 9923K(10240K)->9923K(10240K) NonClass: 8624K(8832K)->8624K(8832K) Class: 1299K(1408K)->1299K(1408K)
[238.495s][info][gc             ] GC(331) Pause Young (Normal) (G1 Evacuation Pause) 53M->5M(112M) 4.408ms
[238.495s][info][gc,cpu         ] GC(331) User=0.00s Sys=0.00s Real=0.00s
[238.694s][info][gc,start       ] GC(332) Pause Young (Normal) (G1 Evacuation Pause)
[238.695s][info][gc,task        ] GC(332) Using 2 workers of 33 for evacuation
[238.705s][info][gc,phases      ] GC(332)   Pre Evacuate Collection Set: 0.1ms
[238.705s][info][gc,phases      ] GC(332)   Merge Heap Roots: 0.2ms
[238.705s][info][gc,phases      ] GC(332)   Evacuate Collection Set: 3.4ms
[238.706s][info][gc,phases      ] GC(332)   Post Evacuate Collection Set: 7.2ms
[238.706s][info][gc,phases      ] GC(332)   Other: 0.1ms
[238.706s][info][gc,heap        ] GC(332) Eden regions: 3->0(39)
[238.706s][info][gc,heap        ] GC(332) Survivor regions: 1->1(1)
[238.706s][info][gc,heap        ] GC(332) Old regions: 2->2
[238.706s][info][gc,heap        ] GC(332) Archive regions: 0->0
[238.706s][info][gc,heap        ] GC(332) Humongous regions: 0->0
[238.706s][info][gc,metaspace   ] GC(332) Metaspace: 9923K(10240K)->9923K(10240K) NonClass: 8624K(8832K)->8624K(8832K) Class: 1299K(1408K)->1299K(1408K)
[238.706s][info][gc             ] GC(332) Pause Young (Normal) (G1 Evacuation Pause) 53M->5M(1088M) 11.440ms
[238.706s][info][gc,cpu         ] GC(332) User=0.00s Sys=0.02s Real=0.02s
[241.494s][info][gc,start       ] GC(333) Pause Young (Normal) (G1 Evacuation Pause)
[241.494s][info][gc,task        ] GC(333) Using 26 workers of 33 for evacuation
[241.496s][info][gc,phases      ] GC(333)   Pre Evacuate Collection Set: 0.1ms
[241.497s][info][gc,phases      ] GC(333)   Merge Heap Roots: 0.2ms
[241.497s][info][gc,phases      ] GC(333)   Evacuate Collection Set: 1.7ms
[241.497s][info][gc,phases      ] GC(333)   Post Evacuate Collection Set: 0.5ms
[241.497s][info][gc,phases      ] GC(333)   Other: 0.1ms
[241.497s][info][gc,heap        ] GC(333) Eden regions: 39->0(39)
[241.497s][info][gc,heap        ] GC(333) Survivor regions: 1->1(5)
[241.497s][info][gc,heap        ] GC(333) Old regions: 2->2
[241.497s][info][gc,heap        ] GC(333) Archive regions: 0->0
[241.497s][info][gc,heap        ] GC(333) Humongous regions: 0->0
[241.497s][info][gc,metaspace   ] GC(333) Metaspace: 9923K(10240K)->9923K(10240K) NonClass: 8624K(8832K)->8624K(8832K) Class: 1299K(1408K)->1299K(1408K)
[241.497s][info][gc             ] GC(333) Pause Young (Normal) (G1 Evacuation Pause) 629M->5M(1088M) 3.179ms
[241.497s][info][gc,cpu         ] GC(333) User=0.06s Sys=0.34s Real=0.01s
[244.151s][info][gc,start       ] GC(334) Pause Young (Normal) (G1 Evacuation Pause)
[244.151s][info][gc,task        ] GC(334) Using 26 workers of 33 for evacuation
[244.154s][info][gc,phases      ] GC(334)   Pre Evacuate Collection Set: 0.1ms
[244.154s][info][gc,phases      ] GC(334)   Merge Heap Roots: 0.2ms
[244.154s][info][gc,phases      ] GC(334)   Evacuate Collection Set: 1.4ms
[244.154s][info][gc,phases      ] GC(334)   Post Evacuate Collection Set: 0.5ms
[244.154s][info][gc,phases      ] GC(334)   Other: 0.1ms
[244.154s][info][gc,heap        ] GC(334) Eden regions: 39->0(39)
[244.154s][info][gc,heap        ] GC(334) Survivor regions: 1->1(5)
[244.154s][info][gc,heap        ] GC(334) Old regions: 2->2
[244.154s][info][gc,heap        ] GC(334) Archive regions: 0->0
[244.154s][info][gc,heap        ] GC(334) Humongous regions: 0->0
[244.154s][info][gc,metaspace   ] GC(334) Metaspace: 9923K(10240K)->9923K(10240K) NonClass: 8624K(8832K)->8624K(8832K) Class: 1299K(1408K)->1299K(1408K)
[244.154s][info][gc             ] GC(334) Pause Young (Normal) (G1 Evacuation Pause) 629M->5M(1088M) 2.961ms
[244.154s][info][gc,cpu         ] GC(334) User=0.00s Sys=0.00s Real=0.00s
[244.739s][info][gc,start       ] GC(335) Pause Full (System.gc())
[244.739s][info][gc,task        ] GC(335) Using 6 workers of 33 for full compaction
[244.740s][info][gc,phases,start] GC(335) Phase 1: Mark live objects
[244.745s][info][gc,phases      ] GC(335) Phase 1: Mark live objects 5.178ms
[244.745s][info][gc,phases,start] GC(335) Phase 2: Prepare compaction
[244.748s][info][gc,phases      ] GC(335) Phase 2: Prepare compaction 3.339ms
[244.748s][info][gc,phases,start] GC(335) Phase 3: Adjust pointers
[244.753s][info][gc,phases      ] GC(335) Phase 3: Adjust pointers 4.891ms
[244.753s][info][gc,phases,start] GC(335) Phase 4: Compact heap
[244.756s][info][gc,phases      ] GC(335) Phase 4: Compact heap 2.419ms
[244.764s][info][gc,heap        ] GC(335) Eden regions: 10->0(6)
[244.764s][info][gc,heap        ] GC(335) Survivor regions: 1->0(5)
[244.764s][info][gc,heap        ] GC(335) Old regions: 2->3
[244.764s][info][gc,heap        ] GC(335) Archive regions: 0->0
[244.764s][info][gc,heap        ] GC(335) Humongous regions: 0->0
[244.764s][info][gc,metaspace   ] GC(335) Metaspace: 9923K(10240K)->9923K(10240K) NonClass: 8624K(8832K)->8624K(8832K) Class: 1299K(1408K)->1299K(1408K)
[244.764s][info][gc             ] GC(335) Pause Full (System.gc()) 154M->3M(160M) 24.713ms
[244.764s][info][gc,cpu         ] GC(335) User=0.23s Sys=0.14s Real=0.03s
[245.149s][info][gc,start       ] GC(336) Pause Young (Normal) (G1 Evacuation Pause)
[245.149s][info][gc,task        ] GC(336) Using 4 workers of 33 for evacuation
[245.151s][info][gc,phases      ] GC(336)   Pre Evacuate Collection Set: 0.1ms
[245.151s][info][gc,phases      ] GC(336)   Merge Heap Roots: 0.1ms
[245.151s][info][gc,phases      ] GC(336)   Evacuate Collection Set: 1.5ms
[245.151s][info][gc,phases      ] GC(336)   Post Evacuate Collection Set: 0.2ms
[245.152s][info][gc,phases      ] GC(336)   Other: 0.1ms
[245.152s][info][gc,heap        ] GC(336) Eden regions: 6->0(5)
[245.152s][info][gc,heap        ] GC(336) Survivor regions: 0->1(1)
[245.152s][info][gc,heap        ] GC(336) Old regions: 3->3
[245.152s][info][gc,heap        ] GC(336) Archive regions: 0->0
[245.152s][info][gc,heap        ] GC(336) Humongous regions: 0->0
[245.152s][info][gc,metaspace   ] GC(336) Metaspace: 9923K(10240K)->9923K(10240K) NonClass: 8624K(8832K)->8624K(8832K) Class: 1299K(1408K)->1299K(1408K)
[245.152s][info][gc             ] GC(336) Pause Young (Normal) (G1 Evacuation Pause) 99M->5M(160M) 2.551ms
[245.152s][info][gc,cpu         ] GC(336) User=0.00s Sys=0.00s Real=0.00s
[245.479s][info][gc,start       ] GC(337) Pause Young (Normal) (G1 Evacuation Pause)
[245.479s][info][gc,task        ] GC(337) Using 3 workers of 33 for evacuation
[245.482s][info][gc,phases      ] GC(337)   Pre Evacuate Collection Set: 0.1ms
[245.482s][info][gc,phases      ] GC(337)   Merge Heap Roots: 0.1ms
[245.482s][info][gc,phases      ] GC(337)   Evacuate Collection Set: 2.5ms
[245.482s][info][gc,phases      ] GC(337)   Post Evacuate Collection Set: 0.2ms
[245.482s][info][gc,phases      ] GC(337)   Other: 0.1ms
[245.482s][info][gc,heap        ] GC(337) Eden regions: 5->0(5)
[245.482s][info][gc,heap        ] GC(337) Survivor regions: 1->1(1)
[245.482s][info][gc,heap        ] GC(337) Old regions: 3->3
[245.482s][info][gc,heap        ] GC(337) Archive regions: 0->0
[245.482s][info][gc,heap        ] GC(337) Humongous regions: 0->0
[245.482s][info][gc,metaspace   ] GC(337) Metaspace: 9923K(10240K)->9923K(10240K) NonClass: 8624K(8832K)->8624K(8832K) Class: 1299K(1408K)->1299K(1408K)
[245.482s][info][gc             ] GC(337) Pause Young (Normal) (G1 Evacuation Pause) 85M->5M(160M) 3.553ms
[245.482s][info][gc,cpu         ] GC(337) User=0.00s Sys=0.00s Real=0.00s
[245.820s][info][gc,start       ] GC(338) Pause Young (Normal) (G1 Evacuation Pause)
[245.820s][info][gc,task        ] GC(338) Using 3 workers of 33 for evacuation
[245.823s][info][gc,phases      ] GC(338)   Pre Evacuate Collection Set: 0.1ms
[245.823s][info][gc,phases      ] GC(338)   Merge Heap Roots: 0.1ms
[245.823s][info][gc,phases      ] GC(338)   Evacuate Collection Set: 2.4ms
[245.823s][info][gc,phases      ] GC(338)   Post Evacuate Collection Set: 0.2ms
[245.823s][info][gc,phases      ] GC(338)   Other: 0.1ms
[245.823s][info][gc,heap        ] GC(338) Eden regions: 5->0(5)
[245.824s][info][gc,heap        ] GC(338) Survivor regions: 1->1(1)
[245.824s][info][gc,heap        ] GC(338) Old regions: 3->3
[245.824s][info][gc,heap        ] GC(338) Archive regions: 0->0
[245.824s][info][gc,heap        ] GC(338) Humongous regions: 0->0
[245.824s][info][gc,metaspace   ] GC(338) Metaspace: 9923K(10240K)->9923K(10240K) NonClass: 8624K(8832K)->8624K(8832K) Class: 1299K(1408K)->1299K(1408K)
[245.824s][info][gc             ] GC(338) Pause Young (Normal) (G1 Evacuation Pause) 85M->5M(160M) 3.444ms
[245.824s][info][gc,cpu         ] GC(338) User=0.00s Sys=0.00s Real=0.00s
[246.155s][info][gc,start       ] GC(339) Pause Young (Normal) (G1 Evacuation Pause)
[246.155s][info][gc,task        ] GC(339) Using 3 workers of 33 for evacuation
[246.158s][info][gc,phases      ] GC(339)   Pre Evacuate Collection Set: 0.1ms
[246.158s][info][gc,phases      ] GC(339)   Merge Heap Roots: 0.2ms
[246.158s][info][gc,phases      ] GC(339)   Evacuate Collection Set: 2.4ms
[246.158s][info][gc,phases      ] GC(339)   Post Evacuate Collection Set: 0.2ms
[246.158s][info][gc,phases      ] GC(339)   Other: 0.1ms
[246.158s][info][gc,heap        ] GC(339) Eden regions: 5->0(5)
[246.158s][info][gc,heap        ] GC(339) Survivor regions: 1->1(1)
[246.158s][info][gc,heap        ] GC(339) Old regions: 3->3
[246.158s][info][gc,heap        ] GC(339) Archive regions: 0->0
[246.158s][info][gc,heap        ] GC(339) Humongous regions: 0->0
[246.158s][info][gc,metaspace   ] GC(339) Metaspace: 9923K(10240K)->9923K(10240K) NonClass: 8624K(8832K)->8624K(8832K) Class: 1299K(1408K)->1299K(1408K)
[246.158s][info][gc             ] GC(339) Pause Young (Normal) (G1 Evacuation Pause) 85M->5M(160M) 3.577ms
[246.158s][info][gc,cpu         ] GC(339) User=0.00s Sys=0.00s Real=0.00s
[246.481s][info][gc,start       ] GC(340) Pause Young (Normal) (G1 Evacuation Pause)
[246.482s][info][gc,task        ] GC(340) Using 3 workers of 33 for evacuation
[246.484s][info][gc,phases      ] GC(340)   Pre Evacuate Collection Set: 0.1ms
[246.484s][info][gc,phases      ] GC(340)   Merge Heap Roots: 0.1ms
[246.484s][info][gc,phases      ] GC(340)   Evacuate Collection Set: 2.3ms
[246.485s][info][gc,phases      ] GC(340)   Post Evacuate Collection Set: 0.2ms
[246.485s][info][gc,phases      ] GC(340)   Other: 0.1ms
[246.485s][info][gc,heap        ] GC(340) Eden regions: 5->0(5)
[246.485s][info][gc,heap        ] GC(340) Survivor regions: 1->1(1)
[246.485s][info][gc,heap        ] GC(340) Old regions: 3->3
[246.485s][info][gc,heap        ] GC(340) Archive regions: 0->0
[246.485s][info][gc,heap        ] GC(340) Humongous regions: 0->0
[246.485s][info][gc,metaspace   ] GC(340) Metaspace: 9923K(10240K)->9923K(10240K) NonClass: 8624K(8832K)->8624K(8832K) Class: 1299K(1408K)->1299K(1408K)
[246.485s][info][gc             ] GC(340) Pause Young (Normal) (G1 Evacuation Pause) 85M->5M(160M) 3.374ms
[246.485s][info][gc,cpu         ] GC(340) User=0.00s Sys=0.00s Real=0.00s
[246.804s][info][gc,start       ] GC(341) Pause Young (Normal) (G1 Evacuation Pause)
[246.804s][info][gc,task        ] GC(341) Using 3 workers of 33 for evacuation
[246.807s][info][gc,phases      ] GC(341)   Pre Evacuate Collection Set: 0.1ms
[246.807s][info][gc,phases      ] GC(341)   Merge Heap Roots: 0.1ms
[246.807s][info][gc,phases      ] GC(341)   Evacuate Collection Set: 2.5ms
[246.807s][info][gc,phases      ] GC(341)   Post Evacuate Collection Set: 0.2ms
[246.807s][info][gc,phases      ] GC(341)   Other: 0.1ms
[246.807s][info][gc,heap        ] GC(341) Eden regions: 5->0(5)
[246.807s][info][gc,heap        ] GC(341) Survivor regions: 1->1(1)
[246.807s][info][gc,heap        ] GC(341) Old regions: 3->3
[246.807s][info][gc,heap        ] GC(341) Archive regions: 0->0
[246.807s][info][gc,heap        ] GC(341) Humongous regions: 0->0
[246.807s][info][gc,metaspace   ] GC(341) Metaspace: 9923K(10240K)->9923K(10240K) NonClass: 8624K(8832K)->8624K(8832K) Class: 1299K(1408K)->1299K(1408K)
[246.808s][info][gc             ] GC(341) Pause Young (Normal) (G1 Evacuation Pause) 85M->5M(160M) 3.526ms
[246.808s][info][gc,cpu         ] GC(341) User=0.00s Sys=0.00s Real=0.00s
[247.138s][info][gc,start       ] GC(342) Pause Young (Normal) (G1 Evacuation Pause)
[247.138s][info][gc,task        ] GC(342) Using 3 workers of 33 for evacuation
[247.141s][info][gc,phases      ] GC(342)   Pre Evacuate Collection Set: 0.1ms
[247.141s][info][gc,phases      ] GC(342)   Merge Heap Roots: 0.1ms
[247.141s][info][gc,phases      ] GC(342)   Evacuate Collection Set: 2.5ms
[247.141s][info][gc,phases      ] GC(342)   Post Evacuate Collection Set: 0.2ms
[247.142s][info][gc,phases      ] GC(342)   Other: 0.1ms
[247.142s][info][gc,heap        ] GC(342) Eden regions: 5->0(5)
[247.142s][info][gc,heap        ] GC(342) Survivor regions: 1->1(1)
[247.142s][info][gc,heap        ] GC(342) Old regions: 3->3
[247.142s][info][gc,heap        ] GC(342) Archive regions: 0->0
[247.142s][info][gc,heap        ] GC(342) Humongous regions: 0->0
[247.142s][info][gc,metaspace   ] GC(342) Metaspace: 9923K(10240K)->9923K(10240K) NonClass: 8624K(8832K)->8624K(8832K) Class: 1299K(1408K)->1299K(1408K)
[247.142s][info][gc             ] GC(342) Pause Young (Normal) (G1 Evacuation Pause) 85M->5M(160M) 3.545ms
[247.142s][info][gc,cpu         ] GC(342) User=0.00s Sys=0.00s Real=0.00s
[247.480s][info][gc,start       ] GC(343) Pause Young (Normal) (G1 Evacuation Pause)
[247.480s][info][gc,task        ] GC(343) Using 3 workers of 33 for evacuation
[247.483s][info][gc,phases      ] GC(343)   Pre Evacuate Collection Set: 0.1ms
[247.483s][info][gc,phases      ] GC(343)   Merge Heap Roots: 0.1ms
[247.483s][info][gc,phases      ] GC(343)   Evacuate Collection Set: 2.4ms
[247.483s][info][gc,phases      ] GC(343)   Post Evacuate Collection Set: 0.2ms
[247.483s][info][gc,phases      ] GC(343)   Other: 0.1ms
[247.483s][info][gc,heap        ] GC(343) Eden regions: 5->0(5)
[247.483s][info][gc,heap        ] GC(343) Survivor regions: 1->1(1)
[247.483s][info][gc,heap        ] GC(343) Old regions: 3->3
[247.483s][info][gc,heap        ] GC(343) Archive regions: 0->0
[247.483s][info][gc,heap        ] GC(343) Humongous regions: 0->0
[247.483s][info][gc,metaspace   ] GC(343) Metaspace: 9923K(10240K)->9923K(10240K) NonClass: 8624K(8832K)->8624K(8832K) Class: 1299K(1408K)->1299K(1408K)
[247.483s][info][gc             ] GC(343) Pause Young (Normal) (G1 Evacuation Pause) 85M->5M(160M) 3.517ms
[247.483s][info][gc,cpu         ] GC(343) User=0.00s Sys=0.00s Real=0.00s
[247.805s][info][gc,start       ] GC(344) Pause Young (Normal) (G1 Evacuation Pause)
[247.806s][info][gc,task        ] GC(344) Using 3 workers of 33 for evacuation
[247.808s][info][gc,phases      ] GC(344)   Pre Evacuate Collection Set: 0.1ms
[247.808s][info][gc,phases      ] GC(344)   Merge Heap Roots: 0.1ms
[247.808s][info][gc,phases      ] GC(344)   Evacuate Collection Set: 2.3ms
[247.808s][info][gc,phases      ] GC(344)   Post Evacuate Collection Set: 0.2ms
[247.809s][info][gc,phases      ] GC(344)   Other: 0.1ms
[247.809s][info][gc,heap        ] GC(344) Eden regions: 5->0(5)
[247.809s][info][gc,heap        ] GC(344) Survivor regions: 1->1(1)
[247.809s][info][gc,heap        ] GC(344) Old regions: 3->3
[247.809s][info][gc,heap        ] GC(344) Archive regions: 0->0
[247.809s][info][gc,heap        ] GC(344) Humongous regions: 0->0
[247.809s][info][gc,metaspace   ] GC(344) Metaspace: 9923K(10240K)->9923K(10240K) NonClass: 8624K(8832K)->8624K(8832K) Class: 1299K(1408K)->1299K(1408K)
[247.809s][info][gc             ] GC(344) Pause Young (Normal) (G1 Evacuation Pause) 85M->5M(160M) 3.349ms
[247.809s][info][gc,cpu         ] GC(344) User=0.00s Sys=0.00s Real=0.00s
[248.138s][info][gc,start       ] GC(345) Pause Young (Normal) (G1 Evacuation Pause)
[248.138s][info][gc,task        ] GC(345) Using 3 workers of 33 for evacuation
[248.141s][info][gc,phases      ] GC(345)   Pre Evacuate Collection Set: 0.1ms
[248.141s][info][gc,phases      ] GC(345)   Merge Heap Roots: 0.1ms
[248.141s][info][gc,phases      ] GC(345)   Evacuate Collection Set: 2.4ms
[248.141s][info][gc,phases      ] GC(345)   Post Evacuate Collection Set: 0.2ms
[248.141s][info][gc,phases      ] GC(345)   Other: 0.1ms
[248.141s][info][gc,heap        ] GC(345) Eden regions: 5->0(5)
[248.141s][info][gc,heap        ] GC(345) Survivor regions: 1->1(1)
[248.141s][info][gc,heap        ] GC(345) Old regions: 3->3
[248.141s][info][gc,heap        ] GC(345) Archive regions: 0->0
[248.141s][info][gc,heap        ] GC(345) Humongous regions: 0->0
[248.141s][info][gc,metaspace   ] GC(345) Metaspace: 9923K(10240K)->9923K(10240K) NonClass: 8624K(8832K)->8624K(8832K) Class: 1299K(1408K)->1299K(1408K)
[248.141s][info][gc             ] GC(345) Pause Young (Normal) (G1 Evacuation Pause) 85M->5M(160M) 3.417ms
[248.141s][info][gc,cpu         ] GC(345) User=0.00s Sys=0.00s Real=0.00s
[248.465s][info][gc,start       ] GC(346) Pause Young (Normal) (G1 Evacuation Pause)
[248.465s][info][gc,task        ] GC(346) Using 3 workers of 33 for evacuation
[248.468s][info][gc,phases      ] GC(346)   Pre Evacuate Collection Set: 0.1ms
[248.468s][info][gc,phases      ] GC(346)   Merge Heap Roots: 0.2ms
[248.468s][info][gc,phases      ] GC(346)   Evacuate Collection Set: 2.4ms
[248.468s][info][gc,phases      ] GC(346)   Post Evacuate Collection Set: 0.2ms
[248.468s][info][gc,phases      ] GC(346)   Other: 0.1ms
[248.468s][info][gc,heap        ] GC(346) Eden regions: 5->0(5)
[248.468s][info][gc,heap        ] GC(346) Survivor regions: 1->1(1)
[248.468s][info][gc,heap        ] GC(346) Old regions: 3->3
[248.468s][info][gc,heap        ] GC(346) Archive regions: 0->0
[248.468s][info][gc,heap        ] GC(346) Humongous regions: 0->0
[248.468s][info][gc,metaspace   ] GC(346) Metaspace: 9923K(10240K)->9923K(10240K) NonClass: 8624K(8832K)->8624K(8832K) Class: 1299K(1408K)->1299K(1408K)
[248.469s][info][gc             ] GC(346) Pause Young (Normal) (G1 Evacuation Pause) 85M->5M(160M) 3.466ms
[248.469s][info][gc,cpu         ] GC(346) User=0.00s Sys=0.00s Real=0.00s
[248.793s][info][gc,start       ] GC(347) Pause Young (Normal) (G1 Evacuation Pause)
[248.793s][info][gc,task        ] GC(347) Using 3 workers of 33 for evacuation
[248.796s][info][gc,phases      ] GC(347)   Pre Evacuate Collection Set: 0.1ms
[248.796s][info][gc,phases      ] GC(347)   Merge Heap Roots: 0.2ms
[248.797s][info][gc,phases      ] GC(347)   Evacuate Collection Set: 2.5ms
[248.797s][info][gc,phases      ] GC(347)   Post Evacuate Collection Set: 0.2ms
[248.797s][info][gc,phases      ] GC(347)   Other: 0.1ms
[248.797s][info][gc,heap        ] GC(347) Eden regions: 5->0(5)
[248.797s][info][gc,heap        ] GC(347) Survivor regions: 1->1(1)
[248.797s][info][gc,heap        ] GC(347) Old regions: 3->3
[248.797s][info][gc,heap        ] GC(347) Archive regions: 0->0
[248.797s][info][gc,heap        ] GC(347) Humongous regions: 0->0
[248.797s][info][gc,metaspace   ] GC(347) Metaspace: 9923K(10240K)->9923K(10240K) NonClass: 8624K(8832K)->8624K(8832K) Class: 1299K(1408K)->1299K(1408K)
[248.797s][info][gc             ] GC(347) Pause Young (Normal) (G1 Evacuation Pause) 85M->5M(160M) 3.608ms
[248.797s][info][gc,cpu         ] GC(347) User=0.05s Sys=0.00s Real=0.02s
[249.141s][info][gc,start       ] GC(348) Pause Young (Normal) (G1 Evacuation Pause)
[249.141s][info][gc,task        ] GC(348) Using 3 workers of 33 for evacuation
[249.144s][info][gc,phases      ] GC(348)   Pre Evacuate Collection Set: 0.1ms
[249.144s][info][gc,phases      ] GC(348)   Merge Heap Roots: 0.2ms
[249.144s][info][gc,phases      ] GC(348)   Evacuate Collection Set: 2.4ms
[249.144s][info][gc,phases      ] GC(348)   Post Evacuate Collection Set: 0.3ms
[249.144s][info][gc,phases      ] GC(348)   Other: 0.1ms
[249.144s][info][gc,heap        ] GC(348) Eden regions: 5->0(5)
[249.144s][info][gc,heap        ] GC(348) Survivor regions: 1->1(1)
[249.144s][info][gc,heap        ] GC(348) Old regions: 3->3
[249.144s][info][gc,heap        ] GC(348) Archive regions: 0->0
[249.144s][info][gc,heap        ] GC(348) Humongous regions: 0->0
[249.144s][info][gc,metaspace   ] GC(348) Metaspace: 9923K(10240K)->9923K(10240K) NonClass: 8624K(8832K)->8624K(8832K) Class: 1299K(1408K)->1299K(1408K)
[249.145s][info][gc             ] GC(348) Pause Young (Normal) (G1 Evacuation Pause) 85M->5M(160M) 3.602ms
[249.145s][info][gc,cpu         ] GC(348) User=0.00s Sys=0.00s Real=0.00s
[249.481s][info][gc,start       ] GC(349) Pause Young (Normal) (G1 Evacuation Pause)
[249.481s][info][gc,task        ] GC(349) Using 3 workers of 33 for evacuation
[249.484s][info][gc,phases      ] GC(349)   Pre Evacuate Collection Set: 0.1ms
[249.484s][info][gc,phases      ] GC(349)   Merge Heap Roots: 0.2ms
[249.484s][info][gc,phases      ] GC(349)   Evacuate Collection Set: 2.3ms
[249.484s][info][gc,phases      ] GC(349)   Post Evacuate Collection Set: 0.2ms
[249.484s][info][gc,phases      ] GC(349)   Other: 0.1ms
[249.485s][info][gc,heap        ] GC(349) Eden regions: 5->0(5)
[249.485s][info][gc,heap        ] GC(349) Survivor regions: 1->1(1)
[249.485s][info][gc,heap        ] GC(349) Old regions: 3->3
[249.485s][info][gc,heap        ] GC(349) Archive regions: 0->0
[249.485s][info][gc,heap        ] GC(349) Humongous regions: 0->0
[249.485s][info][gc,metaspace   ] GC(349) Metaspace: 9923K(10240K)->9923K(10240K) NonClass: 8624K(8832K)->8624K(8832K) Class: 1299K(1408K)->1299K(1408K)
[249.485s][info][gc             ] GC(349) Pause Young (Normal) (G1 Evacuation Pause) 85M->5M(160M) 3.436ms
[249.485s][info][gc,cpu         ] GC(349) User=0.00s Sys=0.00s Real=0.00s
[249.831s][info][gc,start       ] GC(350) Pause Young (Normal) (G1 Evacuation Pause)
[249.831s][info][gc,task        ] GC(350) Using 3 workers of 33 for evacuation
[249.834s][info][gc,phases      ] GC(350)   Pre Evacuate Collection Set: 0.1ms
[249.834s][info][gc,phases      ] GC(350)   Merge Heap Roots: 0.2ms
[249.834s][info][gc,phases      ] GC(350)   Evacuate Collection Set: 2.4ms
[249.834s][info][gc,phases      ] GC(350)   Post Evacuate Collection Set: 0.2ms
[249.834s][info][gc,phases      ] GC(350)   Other: 0.1ms
[249.834s][info][gc,heap        ] GC(350) Eden regions: 5->0(5)
[249.834s][info][gc,heap        ] GC(350) Survivor regions: 1->1(1)
[249.834s][info][gc,heap        ] GC(350) Old regions: 3->3
[249.834s][info][gc,heap        ] GC(350) Archive regions: 0->0
[249.834s][info][gc,heap        ] GC(350) Humongous regions: 0->0
[249.834s][info][gc,metaspace   ] GC(350) Metaspace: 9923K(10240K)->9923K(10240K) NonClass: 8624K(8832K)->8624K(8832K) Class: 1299K(1408K)->1299K(1408K)
[249.834s][info][gc             ] GC(350) Pause Young (Normal) (G1 Evacuation Pause) 85M->5M(160M) 3.560ms
[249.834s][info][gc,cpu         ] GC(350) User=0.00s Sys=0.00s Real=0.00s
[250.179s][info][gc,start       ] GC(351) Pause Young (Normal) (G1 Evacuation Pause)
[250.179s][info][gc,task        ] GC(351) Using 3 workers of 33 for evacuation
[250.182s][info][gc,phases      ] GC(351)   Pre Evacuate Collection Set: 0.1ms
[250.182s][info][gc,phases      ] GC(351)   Merge Heap Roots: 0.2ms
[250.182s][info][gc,phases      ] GC(351)   Evacuate Collection Set: 2.9ms
[250.183s][info][gc,phases      ] GC(351)   Post Evacuate Collection Set: 0.2ms
[250.183s][info][gc,phases      ] GC(351)   Other: 0.1ms
[250.183s][info][gc,heap        ] GC(351) Eden regions: 5->0(4)
[250.183s][info][gc,heap        ] GC(351) Survivor regions: 1->1(1)
[250.183s][info][gc,heap        ] GC(351) Old regions: 3->4
[250.183s][info][gc,heap        ] GC(351) Archive regions: 0->0
[250.183s][info][gc,heap        ] GC(351) Humongous regions: 0->0
[250.183s][info][gc,metaspace   ] GC(351) Metaspace: 9923K(10240K)->9923K(10240K) NonClass: 8624K(8832K)->8624K(8832K) Class: 1299K(1408K)->1299K(1408K)
[250.183s][info][gc             ] GC(351) Pause Young (Normal) (G1 Evacuation Pause) 85M->5M(176M) 3.963ms
[250.183s][info][gc,cpu         ] GC(351) User=0.00s Sys=0.00s Real=0.00s
[250.453s][info][gc,start       ] GC(352) Pause Young (Normal) (G1 Evacuation Pause)
[250.453s][info][gc,task        ] GC(352) Using 4 workers of 33 for evacuation
[250.455s][info][gc,phases      ] GC(352)   Pre Evacuate Collection Set: 0.1ms
[250.455s][info][gc,phases      ] GC(352)   Merge Heap Roots: 0.2ms
[250.455s][info][gc,phases      ] GC(352)   Evacuate Collection Set: 1.7ms
[250.455s][info][gc,phases      ] GC(352)   Post Evacuate Collection Set: 0.2ms
[250.455s][info][gc,phases      ] GC(352)   Other: 0.1ms
[250.455s][info][gc,heap        ] GC(352) Eden regions: 4->0(4)
[250.455s][info][gc,heap        ] GC(352) Survivor regions: 1->1(1)
[250.455s][info][gc,heap        ] GC(352) Old regions: 4->4
[250.455s][info][gc,heap        ] GC(352) Archive regions: 0->0
[250.455s][info][gc,heap        ] GC(352) Humongous regions: 0->0
[250.455s][info][gc,metaspace   ] GC(352) Metaspace: 9923K(10240K)->9923K(10240K) NonClass: 8624K(8832K)->8624K(8832K) Class: 1299K(1408K)->1299K(1408K)
[250.456s][info][gc             ] GC(352) Pause Young (Normal) (G1 Evacuation Pause) 69M->5M(176M) 2.790ms
[250.456s][info][gc,cpu         ] GC(352) User=0.00s Sys=0.00s Real=0.00s
[250.726s][info][gc,start       ] GC(353) Pause Young (Normal) (G1 Evacuation Pause)
[250.726s][info][gc,task        ] GC(353) Using 4 workers of 33 for evacuation
[250.728s][info][gc,phases      ] GC(353)   Pre Evacuate Collection Set: 0.1ms
[250.728s][info][gc,phases      ] GC(353)   Merge Heap Roots: 0.2ms
[250.728s][info][gc,phases      ] GC(353)   Evacuate Collection Set: 1.3ms
[250.728s][info][gc,phases      ] GC(353)   Post Evacuate Collection Set: 0.2ms
[250.728s][info][gc,phases      ] GC(353)   Other: 0.1ms
[250.729s][info][gc,heap        ] GC(353) Eden regions: 4->0(4)
[250.729s][info][gc,heap        ] GC(353) Survivor regions: 1->1(1)
[250.729s][info][gc,heap        ] GC(353) Old regions: 4->4
[250.729s][info][gc,heap        ] GC(353) Archive regions: 0->0
[250.729s][info][gc,heap        ] GC(353) Humongous regions: 0->0
[250.729s][info][gc,metaspace   ] GC(353) Metaspace: 9923K(10240K)->9923K(10240K) NonClass: 8624K(8832K)->8624K(8832K) Class: 1299K(1408K)->1299K(1408K)
[250.729s][info][gc             ] GC(353) Pause Young (Normal) (G1 Evacuation Pause) 69M->5M(176M) 2.542ms
[250.729s][info][gc,cpu         ] GC(353) User=0.00s Sys=0.00s Real=0.00s
[250.999s][info][gc,start       ] GC(354) Pause Young (Normal) (G1 Evacuation Pause)
[250.999s][info][gc,task        ] GC(354) Using 4 workers of 33 for evacuation
[251.002s][info][gc,phases      ] GC(354)   Pre Evacuate Collection Set: 0.1ms
[251.002s][info][gc,phases      ] GC(354)   Merge Heap Roots: 0.2ms
[251.002s][info][gc,phases      ] GC(354)   Evacuate Collection Set: 1.7ms
[251.002s][info][gc,phases      ] GC(354)   Post Evacuate Collection Set: 0.2ms
[251.002s][info][gc,phases      ] GC(354)   Other: 0.1ms
[251.002s][info][gc,heap        ] GC(354) Eden regions: 4->0(4)
[251.002s][info][gc,heap        ] GC(354) Survivor regions: 1->1(1)
[251.002s][info][gc,heap        ] GC(354) Old regions: 4->4
[251.002s][info][gc,heap        ] GC(354) Archive regions: 0->0
[251.002s][info][gc,heap        ] GC(354) Humongous regions: 0->0
[251.002s][info][gc,metaspace   ] GC(354) Metaspace: 9923K(10240K)->9923K(10240K) NonClass: 8624K(8832K)->8624K(8832K) Class: 1299K(1408K)->1299K(1408K)
[251.002s][info][gc             ] GC(354) Pause Young (Normal) (G1 Evacuation Pause) 69M->5M(176M) 2.801ms
[251.002s][info][gc,cpu         ] GC(354) User=0.00s Sys=0.00s Real=0.00s
[251.270s][info][gc,start       ] GC(355) Pause Young (Normal) (G1 Evacuation Pause)
[251.270s][info][gc,task        ] GC(355) Using 4 workers of 33 for evacuation
[251.272s][info][gc,phases      ] GC(355)   Pre Evacuate Collection Set: 0.1ms
[251.272s][info][gc,phases      ] GC(355)   Merge Heap Roots: 0.2ms
[251.272s][info][gc,phases      ] GC(355)   Evacuate Collection Set: 1.6ms
[251.272s][info][gc,phases      ] GC(355)   Post Evacuate Collection Set: 0.2ms
[251.272s][info][gc,phases      ] GC(355)   Other: 0.1ms
[251.272s][info][gc,heap        ] GC(355) Eden regions: 4->0(4)
[251.272s][info][gc,heap        ] GC(355) Survivor regions: 1->1(1)
[251.272s][info][gc,heap        ] GC(355) Old regions: 4->4
[251.272s][info][gc,heap        ] GC(355) Archive regions: 0->0
[251.272s][info][gc,heap        ] GC(355) Humongous regions: 0->0
[251.272s][info][gc,metaspace   ] GC(355) Metaspace: 9923K(10240K)->9923K(10240K) NonClass: 8624K(8832K)->8624K(8832K) Class: 1299K(1408K)->1299K(1408K)
[251.272s][info][gc             ] GC(355) Pause Young (Normal) (G1 Evacuation Pause) 69M->5M(176M) 2.690ms
[251.272s][info][gc,cpu         ] GC(355) User=0.00s Sys=0.00s Real=0.00s
[251.496s][info][gc,start       ] GC(356) Pause Full (System.gc())
[251.496s][info][gc,task        ] GC(356) Using 1 workers of 33 for full compaction
[251.496s][info][gc,phases,start] GC(356) Phase 1: Mark live objects
[251.516s][info][gc,phases      ] GC(356) Phase 1: Mark live objects 19.812ms
[251.516s][info][gc,phases,start] GC(356) Phase 2: Prepare compaction
[251.520s][info][gc,phases      ] GC(356) Phase 2: Prepare compaction 3.632ms
[251.520s][info][gc,phases,start] GC(356) Phase 3: Adjust pointers
[251.529s][info][gc,phases      ] GC(356) Phase 3: Adjust pointers 9.584ms
[251.529s][info][gc,phases,start] GC(356) Phase 4: Compact heap
[251.532s][info][gc,phases      ] GC(356) Phase 4: Compact heap 2.544ms
[251.535s][info][gc,heap        ] GC(356) Eden regions: 4->0(2)
[251.535s][info][gc,heap        ] GC(356) Survivor regions: 1->0(1)
[251.535s][info][gc,heap        ] GC(356) Old regions: 4->1
[251.535s][info][gc,heap        ] GC(356) Archive regions: 0->0
[251.535s][info][gc,heap        ] GC(356) Humongous regions: 0->0
[251.535s][info][gc,metaspace   ] GC(356) Metaspace: 9923K(10240K)->9923K(10240K) NonClass: 8624K(8832K)->8624K(8832K) Class: 1299K(1408K)->1299K(1408K)
[251.535s][info][gc             ] GC(356) Pause Full (System.gc()) 55M->3M(64M) 38.868ms
[251.535s][info][gc,cpu         ] GC(356) User=0.03s Sys=0.02s Real=0.05s
[251.669s][info][gc,start       ] GC(357) Pause Young (Normal) (G1 Evacuation Pause)
[251.669s][info][gc,task        ] GC(357) Using 2 workers of 33 for evacuation
[251.673s][info][gc,phases      ] GC(357)   Pre Evacuate Collection Set: 0.1ms
[251.673s][info][gc,phases      ] GC(357)   Merge Heap Roots: 0.2ms
[251.673s][info][gc,phases      ] GC(357)   Evacuate Collection Set: 3.6ms
[251.673s][info][gc,phases      ] GC(357)   Post Evacuate Collection Set: 0.2ms
[251.673s][info][gc,phases      ] GC(357)   Other: 0.1ms
[251.673s][info][gc,heap        ] GC(357) Eden regions: 2->0(1)
[251.673s][info][gc,heap        ] GC(357) Survivor regions: 0->1(1)
[251.673s][info][gc,heap        ] GC(357) Old regions: 1->1
[251.673s][info][gc,heap        ] GC(357) Archive regions: 0->0
[251.673s][info][gc,heap        ] GC(357) Humongous regions: 0->0
[251.673s][info][gc,metaspace   ] GC(357) Metaspace: 9924K(10240K)->9924K(10240K) NonClass: 8624K(8832K)->8624K(8832K) Class: 1299K(1408K)->1299K(1408K)
[251.674s][info][gc             ] GC(357) Pause Young (Normal) (G1 Evacuation Pause) 35M->5M(64M) 4.686ms
[251.674s][info][gc,cpu         ] GC(357) User=0.00s Sys=0.00s Real=0.00s
[251.737s][info][gc,start       ] GC(358) Pause Young (Normal) (G1 Evacuation Pause)
[251.737s][info][gc,task        ] GC(358) Using 2 workers of 33 for evacuation
[251.741s][info][gc,phases      ] GC(358)   Pre Evacuate Collection Set: 0.1ms
[251.741s][info][gc,phases      ] GC(358)   Merge Heap Roots: 0.1ms
[251.741s][info][gc,phases      ] GC(358)   Evacuate Collection Set: 3.4ms
[251.741s][info][gc,phases      ] GC(358)   Post Evacuate Collection Set: 0.2ms
[251.741s][info][gc,phases      ] GC(358)   Other: 0.1ms
[251.741s][info][gc,heap        ] GC(358) Eden regions: 1->0(1)
[251.741s][info][gc,heap        ] GC(358) Survivor regions: 1->1(1)
[251.741s][info][gc,heap        ] GC(358) Old regions: 1->1
[251.741s][info][gc,heap        ] GC(358) Archive regions: 0->0
[251.741s][info][gc,heap        ] GC(358) Humongous regions: 0->0
[251.741s][info][gc,metaspace   ] GC(358) Metaspace: 9924K(10240K)->9924K(10240K) NonClass: 8624K(8832K)->8624K(8832K) Class: 1299K(1408K)->1299K(1408K)
[251.741s][info][gc             ] GC(358) Pause Young (Normal) (G1 Evacuation Pause) 21M->5M(64M) 4.383ms
[251.741s][info][gc,cpu         ] GC(358) User=0.00s Sys=0.00s Real=0.00s
[251.811s][info][gc,start       ] GC(359) Pause Young (Normal) (G1 Evacuation Pause)
[251.811s][info][gc,task        ] GC(359) Using 2 workers of 33 for evacuation
[251.815s][info][gc,phases      ] GC(359)   Pre Evacuate Collection Set: 0.1ms
[251.815s][info][gc,phases      ] GC(359)   Merge Heap Roots: 0.2ms
[251.815s][info][gc,phases      ] GC(359)   Evacuate Collection Set: 3.4ms
[251.815s][info][gc,phases      ] GC(359)   Post Evacuate Collection Set: 0.2ms
[251.815s][info][gc,phases      ] GC(359)   Other: 0.1ms
[251.815s][info][gc,heap        ] GC(359) Eden regions: 1->0(1)
[251.815s][info][gc,heap        ] GC(359) Survivor regions: 1->1(1)
[251.815s][info][gc,heap        ] GC(359) Old regions: 1->1
[251.815s][info][gc,heap        ] GC(359) Archive regions: 0->0
[251.815s][info][gc,heap        ] GC(359) Humongous regions: 0->0
[251.815s][info][gc,metaspace   ] GC(359) Metaspace: 9924K(10240K)->9924K(10240K) NonClass: 8624K(8832K)->8624K(8832K) Class: 1299K(1408K)->1299K(1408K)
[251.815s][info][gc             ] GC(359) Pause Young (Normal) (G1 Evacuation Pause) 21M->5M(64M) 4.466ms
[251.815s][info][gc,cpu         ] GC(359) User=0.00s Sys=0.00s Real=0.00s
[251.880s][info][gc,start       ] GC(360) Pause Young (Normal) (G1 Evacuation Pause)
[251.880s][info][gc,task        ] GC(360) Using 2 workers of 33 for evacuation
[251.891s][info][gc,phases      ] GC(360)   Pre Evacuate Collection Set: 0.1ms
[251.891s][info][gc,phases      ] GC(360)   Merge Heap Roots: 0.1ms
[251.891s][info][gc,phases      ] GC(360)   Evacuate Collection Set: 3.4ms
[251.891s][info][gc,phases      ] GC(360)   Post Evacuate Collection Set: 7.3ms
[251.891s][info][gc,phases      ] GC(360)   Other: 0.1ms
[251.891s][info][gc,heap        ] GC(360) Eden regions: 1->0(38)
[251.891s][info][gc,heap        ] GC(360) Survivor regions: 1->1(1)
[251.891s][info][gc,heap        ] GC(360) Old regions: 1->1
[251.891s][info][gc,heap        ] GC(360) Archive regions: 0->0
[251.891s][info][gc,heap        ] GC(360) Humongous regions: 0->0
[251.891s][info][gc,metaspace   ] GC(360) Metaspace: 9924K(10240K)->9924K(10240K) NonClass: 8624K(8832K)->8624K(8832K) Class: 1299K(1408K)->1299K(1408K)
[251.892s][info][gc             ] GC(360) Pause Young (Normal) (G1 Evacuation Pause) 21M->5M(1056M) 11.592ms
[251.892s][info][gc,cpu         ] GC(360) User=0.00s Sys=0.02s Real=0.02s
[254.630s][info][gc,start       ] GC(361) Pause Young (Normal) (G1 Evacuation Pause)
[254.630s][info][gc,task        ] GC(361) Using 25 workers of 33 for evacuation
[254.632s][info][gc,phases      ] GC(361)   Pre Evacuate Collection Set: 0.1ms
[254.632s][info][gc,phases      ] GC(361)   Merge Heap Roots: 0.2ms
[254.632s][info][gc,phases      ] GC(361)   Evacuate Collection Set: 1.3ms
[254.632s][info][gc,phases      ] GC(361)   Post Evacuate Collection Set: 0.5ms
[254.632s][info][gc,phases      ] GC(361)   Other: 0.1ms
[254.632s][info][gc,heap        ] GC(361) Eden regions: 38->0(38)
[254.632s][info][gc,heap        ] GC(361) Survivor regions: 1->1(5)
[254.632s][info][gc,heap        ] GC(361) Old regions: 1->1
[254.632s][info][gc,heap        ] GC(361) Archive regions: 0->0
[254.632s][info][gc,heap        ] GC(361) Humongous regions: 0->0
[254.632s][info][gc,metaspace   ] GC(361) Metaspace: 9924K(10240K)->9924K(10240K) NonClass: 8624K(8832K)->8624K(8832K) Class: 1299K(1408K)->1299K(1408K)
[254.632s][info][gc             ] GC(361) Pause Young (Normal) (G1 Evacuation Pause) 613M->5M(1056M) 2.767ms
[254.632s][info][gc,cpu         ] GC(361) User=0.14s Sys=0.25s Real=0.00s
[257.161s][info][gc,start       ] GC(362) Pause Young (Normal) (G1 Evacuation Pause)
[257.162s][info][gc,task        ] GC(362) Using 25 workers of 33 for evacuation
[257.164s][info][gc,phases      ] GC(362)   Pre Evacuate Collection Set: 0.1ms
[257.164s][info][gc,phases      ] GC(362)   Merge Heap Roots: 0.2ms
[257.164s][info][gc,phases      ] GC(362)   Evacuate Collection Set: 1.3ms
[257.164s][info][gc,phases      ] GC(362)   Post Evacuate Collection Set: 0.5ms
[257.164s][info][gc,phases      ] GC(362)   Other: 0.1ms
[257.164s][info][gc,heap        ] GC(362) Eden regions: 38->0(38)
[257.164s][info][gc,heap        ] GC(362) Survivor regions: 1->1(5)
[257.164s][info][gc,heap        ] GC(362) Old regions: 1->1
[257.164s][info][gc,heap        ] GC(362) Archive regions: 0->0
[257.164s][info][gc,heap        ] GC(362) Humongous regions: 0->0
[257.164s][info][gc,metaspace   ] GC(362) Metaspace: 9924K(10240K)->9924K(10240K) NonClass: 8624K(8832K)->8624K(8832K) Class: 1299K(1408K)->1299K(1408K)
[257.164s][info][gc             ] GC(362) Pause Young (Normal) (G1 Evacuation Pause) 613M->5M(1056M) 2.775ms
[257.164s][info][gc,cpu         ] GC(362) User=0.39s Sys=0.00s Real=0.00s
[258.471s][info][gc,start       ] GC(363) Pause Full (System.gc())
[258.471s][info][gc,task        ] GC(363) Using 6 workers of 33 for full compaction
[258.472s][info][gc,phases,start] GC(363) Phase 1: Mark live objects
[258.476s][info][gc,phases      ] GC(363) Phase 1: Mark live objects 4.268ms
[258.476s][info][gc,phases,start] GC(363) Phase 2: Prepare compaction
[258.479s][info][gc,phases      ] GC(363) Phase 2: Prepare compaction 2.678ms
[258.479s][info][gc,phases,start] GC(363) Phase 3: Adjust pointers
[258.482s][info][gc,phases      ] GC(363) Phase 3: Adjust pointers 3.801ms
[258.482s][info][gc,phases,start] GC(363) Phase 4: Compact heap
[258.485s][info][gc,phases      ] GC(363) Phase 4: Compact heap 2.519ms
[258.492s][info][gc,heap        ] GC(363) Eden regions: 20->0(4)
[258.492s][info][gc,heap        ] GC(363) Survivor regions: 1->0(5)
[258.492s][info][gc,heap        ] GC(363) Old regions: 1->2
[258.492s][info][gc,heap        ] GC(363) Archive regions: 0->0
[258.492s][info][gc,heap        ] GC(363) Humongous regions: 0->0
[258.492s][info][gc,metaspace   ] GC(363) Metaspace: 9924K(10240K)->9924K(10240K) NonClass: 8624K(8832K)->8624K(8832K) Class: 1299K(1408K)->1299K(1408K)
[258.492s][info][gc             ] GC(363) Pause Full (System.gc()) 319M->3M(112M) 21.028ms
[258.492s][info][gc,cpu         ] GC(363) User=0.02s Sys=0.00s Real=0.02s
[258.753s][info][gc,start       ] GC(364) Pause Young (Normal) (G1 Evacuation Pause)
[258.753s][info][gc,task        ] GC(364) Using 4 workers of 33 for evacuation
[258.756s][info][gc,phases      ] GC(364)   Pre Evacuate Collection Set: 0.1ms
[258.756s][info][gc,phases      ] GC(364)   Merge Heap Roots: 0.1ms
[258.756s][info][gc,phases      ] GC(364)   Evacuate Collection Set: 1.8ms
[258.756s][info][gc,phases      ] GC(364)   Post Evacuate Collection Set: 0.2ms
[258.756s][info][gc,phases      ] GC(364)   Other: 0.1ms
[258.756s][info][gc,heap        ] GC(364) Eden regions: 4->0(3)
[258.756s][info][gc,heap        ] GC(364) Survivor regions: 0->1(1)
[258.756s][info][gc,heap        ] GC(364) Old regions: 2->2
[258.756s][info][gc,heap        ] GC(364) Archive regions: 0->0
[258.756s][info][gc,heap        ] GC(364) Humongous regions: 0->0
[258.756s][info][gc,metaspace   ] GC(364) Metaspace: 9924K(10240K)->9924K(10240K) NonClass: 8624K(8832K)->8624K(8832K) Class: 1299K(1408K)->1299K(1408K)
[258.756s][info][gc             ] GC(364) Pause Young (Normal) (G1 Evacuation Pause) 67M->5M(112M) 2.802ms
[258.756s][info][gc,cpu         ] GC(364) User=0.00s Sys=0.00s Real=0.00s
[258.952s][info][gc,start       ] GC(365) Pause Young (Normal) (G1 Evacuation Pause)
[258.952s][info][gc,task        ] GC(365) Using 3 workers of 33 for evacuation
[258.955s][info][gc,phases      ] GC(365)   Pre Evacuate Collection Set: 0.1ms
[258.955s][info][gc,phases      ] GC(365)   Merge Heap Roots: 0.1ms
[258.955s][info][gc,phases      ] GC(365)   Evacuate Collection Set: 2.3ms
[258.955s][info][gc,phases      ] GC(365)   Post Evacuate Collection Set: 0.2ms
[258.955s][info][gc,phases      ] GC(365)   Other: 0.1ms
[258.955s][info][gc,heap        ] GC(365) Eden regions: 3->0(3)
[258.955s][info][gc,heap        ] GC(365) Survivor regions: 1->1(1)
[258.955s][info][gc,heap        ] GC(365) Old regions: 2->2
[258.955s][info][gc,heap        ] GC(365) Archive regions: 0->0
[258.955s][info][gc,heap        ] GC(365) Humongous regions: 0->0
[258.955s][info][gc,metaspace   ] GC(365) Metaspace: 9924K(10240K)->9924K(10240K) NonClass: 8624K(8832K)->8624K(8832K) Class: 1299K(1408K)->1299K(1408K)
[258.955s][info][gc             ] GC(365) Pause Young (Normal) (G1 Evacuation Pause) 53M->5M(112M) 3.337ms
[258.956s][info][gc,cpu         ] GC(365) User=0.00s Sys=0.00s Real=0.00s
[259.151s][info][gc,start       ] GC(366) Pause Young (Normal) (G1 Evacuation Pause)
[259.151s][info][gc,task        ] GC(366) Using 2 workers of 33 for evacuation
[259.155s][info][gc,phases      ] GC(366)   Pre Evacuate Collection Set: 0.1ms
[259.155s][info][gc,phases      ] GC(366)   Merge Heap Roots: 0.1ms
[259.155s][info][gc,phases      ] GC(366)   Evacuate Collection Set: 3.4ms
[259.155s][info][gc,phases      ] GC(366)   Post Evacuate Collection Set: 0.2ms
[259.155s][info][gc,phases      ] GC(366)   Other: 0.1ms
[259.155s][info][gc,heap        ] GC(366) Eden regions: 3->0(3)
[259.155s][info][gc,heap        ] GC(366) Survivor regions: 1->1(1)
[259.155s][info][gc,heap        ] GC(366) Old regions: 2->2
[259.155s][info][gc,heap        ] GC(366) Archive regions: 0->0
[259.155s][info][gc,heap        ] GC(366) Humongous regions: 0->0
[259.155s][info][gc,metaspace   ] GC(366) Metaspace: 9924K(10240K)->9924K(10240K) NonClass: 8624K(8832K)->8624K(8832K) Class: 1299K(1408K)->1299K(1408K)
[259.156s][info][gc             ] GC(366) Pause Young (Normal) (G1 Evacuation Pause) 53M->5M(112M) 4.414ms
[259.156s][info][gc,cpu         ] GC(366) User=0.00s Sys=0.00s Real=0.00s
[259.350s][info][gc,start       ] GC(367) Pause Young (Normal) (G1 Evacuation Pause)
[259.350s][info][gc,task        ] GC(367) Using 2 workers of 33 for evacuation
[259.361s][info][gc,phases      ] GC(367)   Pre Evacuate Collection Set: 0.1ms
[259.361s][info][gc,phases      ] GC(367)   Merge Heap Roots: 0.1ms
[259.361s][info][gc,phases      ] GC(367)   Evacuate Collection Set: 3.2ms
[259.361s][info][gc,phases      ] GC(367)   Post Evacuate Collection Set: 7.1ms
[259.361s][info][gc,phases      ] GC(367)   Other: 0.1ms
[259.361s][info][gc,heap        ] GC(367) Eden regions: 3->0(39)
[259.361s][info][gc,heap        ] GC(367) Survivor regions: 1->1(1)
[259.361s][info][gc,heap        ] GC(367) Old regions: 2->2
[259.361s][info][gc,heap        ] GC(367) Archive regions: 0->0
[259.361s][info][gc,heap        ] GC(367) Humongous regions: 0->0
[259.361s][info][gc,metaspace   ] GC(367) Metaspace: 9924K(10240K)->9924K(10240K) NonClass: 8624K(8832K)->8624K(8832K) Class: 1299K(1408K)->1299K(1408K)
[259.361s][info][gc             ] GC(367) Pause Young (Normal) (G1 Evacuation Pause) 53M->5M(1088M) 11.204ms
[259.361s][info][gc,cpu         ] GC(367) User=0.02s Sys=0.00s Real=0.02s
[262.095s][info][gc,start       ] GC(368) Pause Young (Normal) (G1 Evacuation Pause)
[262.095s][info][gc,task        ] GC(368) Using 26 workers of 33 for evacuation
[262.097s][info][gc,phases      ] GC(368)   Pre Evacuate Collection Set: 0.1ms
[262.097s][info][gc,phases      ] GC(368)   Merge Heap Roots: 0.2ms
[262.097s][info][gc,phases      ] GC(368)   Evacuate Collection Set: 1.4ms
[262.097s][info][gc,phases      ] GC(368)   Post Evacuate Collection Set: 0.5ms
[262.097s][info][gc,phases      ] GC(368)   Other: 0.1ms
[262.097s][info][gc,heap        ] GC(368) Eden regions: 39->0(39)
[262.097s][info][gc,heap        ] GC(368) Survivor regions: 1->1(5)
[262.097s][info][gc,heap        ] GC(368) Old regions: 2->2
[262.097s][info][gc,heap        ] GC(368) Archive regions: 0->0
[262.098s][info][gc,heap        ] GC(368) Humongous regions: 0->0
[262.098s][info][gc,metaspace   ] GC(368) Metaspace: 9924K(10240K)->9924K(10240K) NonClass: 8624K(8832K)->8624K(8832K) Class: 1299K(1408K)->1299K(1408K)
[262.098s][info][gc             ] GC(368) Pause Young (Normal) (G1 Evacuation Pause) 629M->5M(1088M) 2.959ms
[262.098s][info][gc,cpu         ] GC(368) User=0.00s Sys=0.00s Real=0.00s
[264.691s][info][gc,start       ] GC(369) Pause Young (Normal) (G1 Evacuation Pause)
[264.691s][info][gc,task        ] GC(369) Using 26 workers of 33 for evacuation
[264.694s][info][gc,phases      ] GC(369)   Pre Evacuate Collection Set: 0.1ms
[264.694s][info][gc,phases      ] GC(369)   Merge Heap Roots: 0.2ms
[264.694s][info][gc,phases      ] GC(369)   Evacuate Collection Set: 1.7ms
[264.694s][info][gc,phases      ] GC(369)   Post Evacuate Collection Set: 0.5ms
[264.694s][info][gc,phases      ] GC(369)   Other: 0.1ms
[264.694s][info][gc,heap        ] GC(369) Eden regions: 39->0(39)
[264.694s][info][gc,heap        ] GC(369) Survivor regions: 1->1(5)
[264.694s][info][gc,heap        ] GC(369) Old regions: 2->2
[264.694s][info][gc,heap        ] GC(369) Archive regions: 0->0
[264.694s][info][gc,heap        ] GC(369) Humongous regions: 0->0
[264.694s][info][gc,metaspace   ] GC(369) Metaspace: 9924K(10240K)->9924K(10240K) NonClass: 8624K(8832K)->8624K(8832K) Class: 1299K(1408K)->1299K(1408K)
[264.694s][info][gc             ] GC(369) Pause Young (Normal) (G1 Evacuation Pause) 629M->5M(1088M) 3.244ms
[264.694s][info][gc,cpu         ] GC(369) User=0.00s Sys=0.00s Real=0.00s
[265.303s][info][gc,start       ] GC(370) Pause Full (System.gc())
[265.303s][info][gc,task        ] GC(370) Using 6 workers of 33 for full compaction
[265.303s][info][gc,phases,start] GC(370) Phase 1: Mark live objects
[265.309s][info][gc,phases      ] GC(370) Phase 1: Mark live objects 5.372ms
[265.309s][info][gc,phases,start] GC(370) Phase 2: Prepare compaction
[265.312s][info][gc,phases      ] GC(370) Phase 2: Prepare compaction 3.364ms
[265.312s][info][gc,phases,start] GC(370) Phase 3: Adjust pointers
[265.317s][info][gc,phases      ] GC(370) Phase 3: Adjust pointers 4.943ms
[265.317s][info][gc,phases,start] GC(370) Phase 4: Compact heap
[265.320s][info][gc,phases      ] GC(370) Phase 4: Compact heap 2.467ms
[265.329s][info][gc,heap        ] GC(370) Eden regions: 10->0(4)
[265.329s][info][gc,heap        ] GC(370) Survivor regions: 1->0(5)
[265.329s][info][gc,heap        ] GC(370) Old regions: 2->2
[265.329s][info][gc,heap        ] GC(370) Archive regions: 0->0
[265.329s][info][gc,heap        ] GC(370) Humongous regions: 0->0
[265.329s][info][gc,metaspace   ] GC(370) Metaspace: 9924K(10240K)->9924K(10240K) NonClass: 8624K(8832K)->8624K(8832K) Class: 1299K(1408K)->1299K(1408K)
[265.329s][info][gc             ] GC(370) Pause Full (System.gc()) 151M->3M(112M) 26.012ms
[265.329s][info][gc,cpu         ] GC(370) User=0.05s Sys=0.25s Real=0.03s
[265.616s][info][gc,start       ] GC(371) Pause Young (Normal) (G1 Evacuation Pause)
[265.617s][info][gc,task        ] GC(371) Using 4 workers of 33 for evacuation
[265.619s][info][gc,phases      ] GC(371)   Pre Evacuate Collection Set: 0.1ms
[265.619s][info][gc,phases      ] GC(371)   Merge Heap Roots: 0.1ms
[265.619s][info][gc,phases      ] GC(371)   Evacuate Collection Set: 1.9ms
[265.619s][info][gc,phases      ] GC(371)   Post Evacuate Collection Set: 0.2ms
[265.619s][info][gc,phases      ] GC(371)   Other: 0.1ms
[265.619s][info][gc,heap        ] GC(371) Eden regions: 4->0(3)
[265.619s][info][gc,heap        ] GC(371) Survivor regions: 0->1(1)
[265.619s][info][gc,heap        ] GC(371) Old regions: 2->2
[265.619s][info][gc,heap        ] GC(371) Archive regions: 0->0
[265.619s][info][gc,heap        ] GC(371) Humongous regions: 0->0
[265.619s][info][gc,metaspace   ] GC(371) Metaspace: 9924K(10240K)->9924K(10240K) NonClass: 8624K(8832K)->8624K(8832K) Class: 1299K(1408K)->1299K(1408K)
[265.619s][info][gc             ] GC(371) Pause Young (Normal) (G1 Evacuation Pause) 67M->5M(112M) 2.948ms
[265.619s][info][gc,cpu         ] GC(371) User=0.00s Sys=0.00s Real=0.00s
[265.813s][info][gc,start       ] GC(372) Pause Young (Normal) (G1 Evacuation Pause)
[265.814s][info][gc,task        ] GC(372) Using 3 workers of 33 for evacuation
[265.817s][info][gc,phases      ] GC(372)   Pre Evacuate Collection Set: 0.1ms
[265.817s][info][gc,phases      ] GC(372)   Merge Heap Roots: 0.1ms
[265.817s][info][gc,phases      ] GC(372)   Evacuate Collection Set: 2.5ms
[265.817s][info][gc,phases      ] GC(372)   Post Evacuate Collection Set: 0.2ms
[265.817s][info][gc,phases      ] GC(372)   Other: 0.1ms
[265.817s][info][gc,heap        ] GC(372) Eden regions: 3->0(3)
[265.817s][info][gc,heap        ] GC(372) Survivor regions: 1->1(1)
[265.817s][info][gc,heap        ] GC(372) Old regions: 2->2
[265.817s][info][gc,heap        ] GC(372) Archive regions: 0->0
[265.817s][info][gc,heap        ] GC(372) Humongous regions: 0->0
[265.817s][info][gc,metaspace   ] GC(372) Metaspace: 9924K(10240K)->9924K(10240K) NonClass: 8624K(8832K)->8624K(8832K) Class: 1299K(1408K)->1299K(1408K)
[265.817s][info][gc             ] GC(372) Pause Young (Normal) (G1 Evacuation Pause) 53M->5M(112M) 3.484ms
[265.817s][info][gc,cpu         ] GC(372) User=0.00s Sys=0.00s Real=0.00s
[266.008s][info][gc,start       ] GC(373) Pause Young (Normal) (G1 Evacuation Pause)
[266.008s][info][gc,task        ] GC(373) Using 2 workers of 33 for evacuation
[266.011s][info][gc,phases      ] GC(373)   Pre Evacuate Collection Set: 0.1ms
[266.011s][info][gc,phases      ] GC(373)   Merge Heap Roots: 0.2ms
[266.011s][info][gc,phases      ] GC(373)   Evacuate Collection Set: 2.4ms
[266.011s][info][gc,phases      ] GC(373)   Post Evacuate Collection Set: 0.2ms
[266.011s][info][gc,phases      ] GC(373)   Other: 0.1ms
[266.011s][info][gc,heap        ] GC(373) Eden regions: 3->0(3)
[266.011s][info][gc,heap        ] GC(373) Survivor regions: 1->1(1)
[266.011s][info][gc,heap        ] GC(373) Old regions: 2->2
[266.011s][info][gc,heap        ] GC(373) Archive regions: 0->0
[266.011s][info][gc,heap        ] GC(373) Humongous regions: 0->0
[266.011s][info][gc,metaspace   ] GC(373) Metaspace: 9924K(10240K)->9924K(10240K) NonClass: 8624K(8832K)->8624K(8832K) Class: 1299K(1408K)->1299K(1408K)
[266.011s][info][gc             ] GC(373) Pause Young (Normal) (G1 Evacuation Pause) 53M->5M(112M) 3.465ms
[266.011s][info][gc,cpu         ] GC(373) User=0.00s Sys=0.00s Real=0.00s
[266.213s][info][gc,start       ] GC(374) Pause Young (Normal) (G1 Evacuation Pause)
[266.213s][info][gc,task        ] GC(374) Using 2 workers of 33 for evacuation
[266.224s][info][gc,phases      ] GC(374)   Pre Evacuate Collection Set: 0.1ms
[266.225s][info][gc,phases      ] GC(374)   Merge Heap Roots: 0.2ms
[266.225s][info][gc,phases      ] GC(374)   Evacuate Collection Set: 3.4ms
[266.225s][info][gc,phases      ] GC(374)   Post Evacuate Collection Set: 7.2ms
[266.225s][info][gc,phases      ] GC(374)   Other: 0.1ms
[266.225s][info][gc,heap        ] GC(374) Eden regions: 3->0(39)
[266.225s][info][gc,heap        ] GC(374) Survivor regions: 1->1(1)
[266.225s][info][gc,heap        ] GC(374) Old regions: 2->2
[266.225s][info][gc,heap        ] GC(374) Archive regions: 0->0
[266.225s][info][gc,heap        ] GC(374) Humongous regions: 0->0
[266.225s][info][gc,metaspace   ] GC(374) Metaspace: 9924K(10240K)->9924K(10240K) NonClass: 8624K(8832K)->8624K(8832K) Class: 1299K(1408K)->1299K(1408K)
[266.225s][info][gc             ] GC(374) Pause Young (Normal) (G1 Evacuation Pause) 53M->5M(1088M) 11.564ms
[266.225s][info][gc,cpu         ] GC(374) User=0.02s Sys=0.00s Real=0.02s
[269.048s][info][gc,start       ] GC(375) Pause Young (Normal) (G1 Evacuation Pause)
[269.048s][info][gc,task        ] GC(375) Using 26 workers of 33 for evacuation
[269.051s][info][gc,phases      ] GC(375)   Pre Evacuate Collection Set: 0.2ms
[269.051s][info][gc,phases      ] GC(375)   Merge Heap Roots: 0.2ms
[269.051s][info][gc,phases      ] GC(375)   Evacuate Collection Set: 1.6ms
[269.051s][info][gc,phases      ] GC(375)   Post Evacuate Collection Set: 0.5ms
[269.051s][info][gc,phases      ] GC(375)   Other: 0.1ms
[269.051s][info][gc,heap        ] GC(375) Eden regions: 39->0(39)
[269.051s][info][gc,heap        ] GC(375) Survivor regions: 1->1(5)
[269.051s][info][gc,heap        ] GC(375) Old regions: 2->2
[269.051s][info][gc,heap        ] GC(375) Archive regions: 0->0
[269.051s][info][gc,heap        ] GC(375) Humongous regions: 0->0
[269.051s][info][gc,metaspace   ] GC(375) Metaspace: 9924K(10240K)->9924K(10240K) NonClass: 8624K(8832K)->8624K(8832K) Class: 1299K(1408K)->1299K(1408K)
[269.051s][info][gc             ] GC(375) Pause Young (Normal) (G1 Evacuation Pause) 629M->5M(1088M) 3.171ms
[269.051s][info][gc,cpu         ] GC(375) User=0.00s Sys=0.00s Real=0.00s
[271.732s][info][gc,start       ] GC(376) Pause Young (Normal) (G1 Evacuation Pause)
[271.732s][info][gc,task        ] GC(376) Using 26 workers of 33 for evacuation
[271.735s][info][gc,phases      ] GC(376)   Pre Evacuate Collection Set: 0.1ms
[271.735s][info][gc,phases      ] GC(376)   Merge Heap Roots: 0.2ms
[271.735s][info][gc,phases      ] GC(376)   Evacuate Collection Set: 1.6ms
[271.735s][info][gc,phases      ] GC(376)   Post Evacuate Collection Set: 0.5ms
[271.735s][info][gc,phases      ] GC(376)   Other: 0.1ms
[271.735s][info][gc,heap        ] GC(376) Eden regions: 39->0(39)
[271.735s][info][gc,heap        ] GC(376) Survivor regions: 1->1(5)
[271.735s][info][gc,heap        ] GC(376) Old regions: 2->2
[271.735s][info][gc,heap        ] GC(376) Archive regions: 0->0
[271.735s][info][gc,heap        ] GC(376) Humongous regions: 0->0
[271.735s][info][gc,metaspace   ] GC(376) Metaspace: 9924K(10240K)->9924K(10240K) NonClass: 8624K(8832K)->8624K(8832K) Class: 1299K(1408K)->1299K(1408K)
[271.735s][info][gc             ] GC(376) Pause Young (Normal) (G1 Evacuation Pause) 629M->5M(1088M) 3.186ms
[271.735s][info][gc,cpu         ] GC(376) User=0.00s Sys=0.00s Real=0.00s
[272.349s][info][gc,start       ] GC(377) Pause Full (System.gc())
[272.349s][info][gc,task        ] GC(377) Using 6 workers of 33 for full compaction
[272.349s][info][gc,phases,start] GC(377) Phase 1: Mark live objects
[272.355s][info][gc,phases      ] GC(377) Phase 1: Mark live objects 5.461ms
[272.355s][info][gc,phases,start] GC(377) Phase 2: Prepare compaction
[272.358s][info][gc,phases      ] GC(377) Phase 2: Prepare compaction 3.369ms
[272.358s][info][gc,phases,start] GC(377) Phase 3: Adjust pointers
[272.363s][info][gc,phases      ] GC(377) Phase 3: Adjust pointers 4.879ms
[272.363s][info][gc,phases,start] GC(377) Phase 4: Compact heap
[272.366s][info][gc,phases      ] GC(377) Phase 4: Compact heap 2.423ms
[272.375s][info][gc,heap        ] GC(377) Eden regions: 10->0(4)
[272.375s][info][gc,heap        ] GC(377) Survivor regions: 1->0(5)
[272.375s][info][gc,heap        ] GC(377) Old regions: 2->2
[272.375s][info][gc,heap        ] GC(377) Archive regions: 0->0
[272.375s][info][gc,heap        ] GC(377) Humongous regions: 0->0
[272.375s][info][gc,metaspace   ] GC(377) Metaspace: 9924K(10240K)->9924K(10240K) NonClass: 8624K(8832K)->8624K(8832K) Class: 1299K(1408K)->1299K(1408K)
[272.375s][info][gc             ] GC(377) Pause Full (System.gc()) 151M->3M(112M) 26.068ms
[272.375s][info][gc,cpu         ] GC(377) User=0.09s Sys=0.27s Real=0.03s
[272.637s][info][gc,start       ] GC(378) Pause Young (Normal) (G1 Evacuation Pause)
[272.637s][info][gc,task        ] GC(378) Using 4 workers of 33 for evacuation
[272.639s][info][gc,phases      ] GC(378)   Pre Evacuate Collection Set: 0.1ms
[272.639s][info][gc,phases      ] GC(378)   Merge Heap Roots: 0.1ms
[272.639s][info][gc,phases      ] GC(378)   Evacuate Collection Set: 1.9ms
[272.639s][info][gc,phases      ] GC(378)   Post Evacuate Collection Set: 0.2ms
[272.639s][info][gc,phases      ] GC(378)   Other: 0.1ms
[272.639s][info][gc,heap        ] GC(378) Eden regions: 4->0(3)
[272.639s][info][gc,heap        ] GC(378) Survivor regions: 0->1(1)
[272.639s][info][gc,heap        ] GC(378) Old regions: 2->2
[272.639s][info][gc,heap        ] GC(378) Archive regions: 0->0
[272.639s][info][gc,heap        ] GC(378) Humongous regions: 0->0
[272.639s][info][gc,metaspace   ] GC(378) Metaspace: 9924K(10240K)->9924K(10240K) NonClass: 8624K(8832K)->8624K(8832K) Class: 1299K(1408K)->1299K(1408K)
[272.640s][info][gc             ] GC(378) Pause Young (Normal) (G1 Evacuation Pause) 67M->5M(112M) 2.979ms
[272.640s][info][gc,cpu         ] GC(378) User=0.00s Sys=0.00s Real=0.00s
[272.833s][info][gc,start       ] GC(379) Pause Young (Normal) (G1 Evacuation Pause)
[272.834s][info][gc,task        ] GC(379) Using 3 workers of 33 for evacuation
[272.836s][info][gc,phases      ] GC(379)   Pre Evacuate Collection Set: 0.1ms
[272.836s][info][gc,phases      ] GC(379)   Merge Heap Roots: 0.1ms
[272.837s][info][gc,phases      ] GC(379)   Evacuate Collection Set: 2.4ms
[272.837s][info][gc,phases      ] GC(379)   Post Evacuate Collection Set: 0.2ms
[272.837s][info][gc,phases      ] GC(379)   Other: 0.1ms
[272.837s][info][gc,heap        ] GC(379) Eden regions: 3->0(3)
[272.837s][info][gc,heap        ] GC(379) Survivor regions: 1->1(1)
[272.837s][info][gc,heap        ] GC(379) Old regions: 2->2
[272.837s][info][gc,heap        ] GC(379) Archive regions: 0->0
[272.837s][info][gc,heap        ] GC(379) Humongous regions: 0->0
[272.837s][info][gc,metaspace   ] GC(379) Metaspace: 9924K(10240K)->9924K(10240K) NonClass: 8624K(8832K)->8624K(8832K) Class: 1299K(1408K)->1299K(1408K)
[272.837s][info][gc             ] GC(379) Pause Young (Normal) (G1 Evacuation Pause) 53M->5M(112M) 3.424ms
[272.837s][info][gc,cpu         ] GC(379) User=0.00s Sys=0.02s Real=0.02s
[273.037s][info][gc,start       ] GC(380) Pause Young (Normal) (G1 Evacuation Pause)
[273.037s][info][gc,task        ] GC(380) Using 2 workers of 33 for evacuation
[273.041s][info][gc,phases      ] GC(380)   Pre Evacuate Collection Set: 0.1ms
[273.041s][info][gc,phases      ] GC(380)   Merge Heap Roots: 0.2ms
[273.041s][info][gc,phases      ] GC(380)   Evacuate Collection Set: 3.4ms
[273.041s][info][gc,phases      ] GC(380)   Post Evacuate Collection Set: 0.2ms
[273.041s][info][gc,phases      ] GC(380)   Other: 0.1ms
[273.041s][info][gc,heap        ] GC(380) Eden regions: 3->0(3)
[273.041s][info][gc,heap        ] GC(380) Survivor regions: 1->1(1)
[273.041s][info][gc,heap        ] GC(380) Old regions: 2->2
[273.041s][info][gc,heap        ] GC(380) Archive regions: 0->0
[273.041s][info][gc,heap        ] GC(380) Humongous regions: 0->0
[273.041s][info][gc,metaspace   ] GC(380) Metaspace: 9924K(10240K)->9924K(10240K) NonClass: 8624K(8832K)->8624K(8832K) Class: 1299K(1408K)->1299K(1408K)
[273.041s][info][gc             ] GC(380) Pause Young (Normal) (G1 Evacuation Pause) 53M->5M(112M) 4.650ms
[273.041s][info][gc,cpu         ] GC(380) User=0.03s Sys=0.00s Real=0.02s
[273.244s][info][gc,start       ] GC(381) Pause Young (Normal) (G1 Evacuation Pause)
[273.245s][info][gc,task        ] GC(381) Using 2 workers of 33 for evacuation
[273.255s][info][gc,phases      ] GC(381)   Pre Evacuate Collection Set: 0.1ms
[273.255s][info][gc,phases      ] GC(381)   Merge Heap Roots: 0.2ms
[273.256s][info][gc,phases      ] GC(381)   Evacuate Collection Set: 3.4ms
[273.256s][info][gc,phases      ] GC(381)   Post Evacuate Collection Set: 7.2ms
[273.256s][info][gc,phases      ] GC(381)   Other: 0.1ms
[273.256s][info][gc,heap        ] GC(381) Eden regions: 3->0(39)
[273.256s][info][gc,heap        ] GC(381) Survivor regions: 1->1(1)
[273.256s][info][gc,heap        ] GC(381) Old regions: 2->2
[273.256s][info][gc,heap        ] GC(381) Archive regions: 0->0
[273.256s][info][gc,heap        ] GC(381) Humongous regions: 0->0
[273.256s][info][gc,metaspace   ] GC(381) Metaspace: 9924K(10240K)->9924K(10240K) NonClass: 8624K(8832K)->8624K(8832K) Class: 1299K(1408K)->1299K(1408K)
[273.256s][info][gc             ] GC(381) Pause Young (Normal) (G1 Evacuation Pause) 53M->5M(1088M) 11.423ms
[273.256s][info][gc,cpu         ] GC(381) User=0.00s Sys=0.00s Real=0.00s
[276.054s][info][gc,start       ] GC(382) Pause Young (Normal) (G1 Evacuation Pause)
[276.054s][info][gc,task        ] GC(382) Using 26 workers of 33 for evacuation
[276.057s][info][gc,phases      ] GC(382)   Pre Evacuate Collection Set: 0.1ms
[276.057s][info][gc,phases      ] GC(382)   Merge Heap Roots: 0.2ms
[276.057s][info][gc,phases      ] GC(382)   Evacuate Collection Set: 1.5ms
[276.057s][info][gc,phases      ] GC(382)   Post Evacuate Collection Set: 0.5ms
[276.057s][info][gc,phases      ] GC(382)   Other: 0.1ms
[276.057s][info][gc,heap        ] GC(382) Eden regions: 39->0(39)
[276.057s][info][gc,heap        ] GC(382) Survivor regions: 1->1(5)
[276.057s][info][gc,heap        ] GC(382) Old regions: 2->2
[276.057s][info][gc,heap        ] GC(382) Archive regions: 0->0
[276.057s][info][gc,heap        ] GC(382) Humongous regions: 0->0
[276.057s][info][gc,metaspace   ] GC(382) Metaspace: 9924K(10240K)->9924K(10240K) NonClass: 8624K(8832K)->8624K(8832K) Class: 1299K(1408K)->1299K(1408K)
[276.057s][info][gc             ] GC(382) Pause Young (Normal) (G1 Evacuation Pause) 629M->5M(1088M) 2.940ms
[276.057s][info][gc,cpu         ] GC(382) User=0.00s Sys=0.00s Real=0.00s
[278.675s][info][gc,start       ] GC(383) Pause Young (Normal) (G1 Evacuation Pause)
[278.675s][info][gc,task        ] GC(383) Using 26 workers of 33 for evacuation
[278.678s][info][gc,phases      ] GC(383)   Pre Evacuate Collection Set: 0.2ms
[278.678s][info][gc,phases      ] GC(383)   Merge Heap Roots: 0.2ms
[278.678s][info][gc,phases      ] GC(383)   Evacuate Collection Set: 1.6ms
[278.678s][info][gc,phases      ] GC(383)   Post Evacuate Collection Set: 0.5ms
[278.678s][info][gc,phases      ] GC(383)   Other: 0.2ms
[278.678s][info][gc,heap        ] GC(383) Eden regions: 39->0(39)
[278.678s][info][gc,heap        ] GC(383) Survivor regions: 1->1(5)
[278.678s][info][gc,heap        ] GC(383) Old regions: 2->2
[278.678s][info][gc,heap        ] GC(383) Archive regions: 0->0
[278.678s][info][gc,heap        ] GC(383) Humongous regions: 0->0
[278.678s][info][gc,metaspace   ] GC(383) Metaspace: 9924K(10240K)->9924K(10240K) NonClass: 8624K(8832K)->8624K(8832K) Class: 1299K(1408K)->1299K(1408K)
[278.678s][info][gc             ] GC(383) Pause Young (Normal) (G1 Evacuation Pause) 629M->5M(1088M) 3.235ms
[278.678s][info][gc,cpu         ] GC(383) User=0.00s Sys=0.00s Real=0.00s
[279.313s][info][gc,start       ] GC(384) Pause Full (System.gc())
[279.313s][info][gc,task        ] GC(384) Using 6 workers of 33 for full compaction
[279.313s][info][gc,phases,start] GC(384) Phase 1: Mark live objects
[279.318s][info][gc,phases      ] GC(384) Phase 1: Mark live objects 4.464ms
[279.318s][info][gc,phases,start] GC(384) Phase 2: Prepare compaction
[279.321s][info][gc,phases      ] GC(384) Phase 2: Prepare compaction 3.437ms
[279.321s][info][gc,phases,start] GC(384) Phase 3: Adjust pointers
[279.326s][info][gc,phases      ] GC(384) Phase 3: Adjust pointers 4.075ms
[279.326s][info][gc,phases,start] GC(384) Phase 4: Compact heap
[279.328s][info][gc,phases      ] GC(384) Phase 4: Compact heap 2.544ms
[279.339s][info][gc,heap        ] GC(384) Eden regions: 10->0(6)
[279.339s][info][gc,heap        ] GC(384) Survivor regions: 1->0(5)
[279.339s][info][gc,heap        ] GC(384) Old regions: 2->3
[279.339s][info][gc,heap        ] GC(384) Archive regions: 0->0
[279.339s][info][gc,heap        ] GC(384) Humongous regions: 0->0
[279.339s][info][gc,metaspace   ] GC(384) Metaspace: 9924K(10240K)->9924K(10240K) NonClass: 8624K(8832K)->8624K(8832K) Class: 1299K(1408K)->1299K(1408K)
[279.339s][info][gc             ] GC(384) Pause Full (System.gc()) 159M->3M(160M) 25.907ms
[279.339s][info][gc,cpu         ] GC(384) User=0.03s Sys=0.02s Real=0.03s
[279.708s][info][gc,start       ] GC(385) Pause Young (Normal) (G1 Evacuation Pause)
[279.708s][info][gc,task        ] GC(385) Using 4 workers of 33 for evacuation
[279.711s][info][gc,phases      ] GC(385)   Pre Evacuate Collection Set: 0.1ms
[279.711s][info][gc,phases      ] GC(385)   Merge Heap Roots: 0.1ms
[279.711s][info][gc,phases      ] GC(385)   Evacuate Collection Set: 2.1ms
[279.711s][info][gc,phases      ] GC(385)   Post Evacuate Collection Set: 0.2ms
[279.711s][info][gc,phases      ] GC(385)   Other: 0.1ms
[279.711s][info][gc,heap        ] GC(385) Eden regions: 6->0(5)
[279.711s][info][gc,heap        ] GC(385) Survivor regions: 0->1(1)
[279.711s][info][gc,heap        ] GC(385) Old regions: 3->3
[279.711s][info][gc,heap        ] GC(385) Archive regions: 0->0
[279.711s][info][gc,heap        ] GC(385) Humongous regions: 0->0
[279.711s][info][gc,metaspace   ] GC(385) Metaspace: 9924K(10240K)->9924K(10240K) NonClass: 8624K(8832K)->8624K(8832K) Class: 1299K(1408K)->1299K(1408K)
[279.711s][info][gc             ] GC(385) Pause Young (Normal) (G1 Evacuation Pause) 99M->5M(160M) 3.111ms
[279.711s][info][gc,cpu         ] GC(385) User=0.00s Sys=0.00s Real=0.00s
[280.045s][info][gc,start       ] GC(386) Pause Young (Normal) (G1 Evacuation Pause)
[280.045s][info][gc,task        ] GC(386) Using 3 workers of 33 for evacuation
[280.048s][info][gc,phases      ] GC(386)   Pre Evacuate Collection Set: 0.1ms
[280.048s][info][gc,phases      ] GC(386)   Merge Heap Roots: 0.1ms
[280.048s][info][gc,phases      ] GC(386)   Evacuate Collection Set: 2.3ms
[280.048s][info][gc,phases      ] GC(386)   Post Evacuate Collection Set: 0.2ms
[280.048s][info][gc,phases      ] GC(386)   Other: 0.1ms
[280.048s][info][gc,heap        ] GC(386) Eden regions: 5->0(5)
[280.048s][info][gc,heap        ] GC(386) Survivor regions: 1->1(1)
[280.048s][info][gc,heap        ] GC(386) Old regions: 3->3
[280.048s][info][gc,heap        ] GC(386) Archive regions: 0->0
[280.048s][info][gc,heap        ] GC(386) Humongous regions: 0->0
[280.048s][info][gc,metaspace   ] GC(386) Metaspace: 9924K(10240K)->9924K(10240K) NonClass: 8624K(8832K)->8624K(8832K) Class: 1299K(1408K)->1299K(1408K)
[280.048s][info][gc             ] GC(386) Pause Young (Normal) (G1 Evacuation Pause) 85M->5M(160M) 3.035ms
[280.048s][info][gc,cpu         ] GC(386) User=0.00s Sys=0.00s Real=0.00s
[280.365s][info][gc,start       ] GC(387) Pause Young (Normal) (G1 Evacuation Pause)
[280.365s][info][gc,task        ] GC(387) Using 3 workers of 33 for evacuation
[280.369s][info][gc,phases      ] GC(387)   Pre Evacuate Collection Set: 0.1ms
[280.369s][info][gc,phases      ] GC(387)   Merge Heap Roots: 0.2ms
[280.369s][info][gc,phases      ] GC(387)   Evacuate Collection Set: 2.6ms
[280.369s][info][gc,phases      ] GC(387)   Post Evacuate Collection Set: 0.3ms
[280.369s][info][gc,phases      ] GC(387)   Other: 0.1ms
[280.369s][info][gc,heap        ] GC(387) Eden regions: 5->0(5)
[280.369s][info][gc,heap        ] GC(387) Survivor regions: 1->1(1)
[280.369s][info][gc,heap        ] GC(387) Old regions: 3->3
[280.369s][info][gc,heap        ] GC(387) Archive regions: 0->0
[280.369s][info][gc,heap        ] GC(387) Humongous regions: 0->0
[280.369s][info][gc,metaspace   ] GC(387) Metaspace: 9924K(10240K)->9924K(10240K) NonClass: 8624K(8832K)->8624K(8832K) Class: 1299K(1408K)->1299K(1408K)
[280.369s][info][gc             ] GC(387) Pause Young (Normal) (G1 Evacuation Pause) 85M->5M(160M) 3.790ms
[280.369s][info][gc,cpu         ] GC(387) User=0.02s Sys=0.00s Real=0.00s
[280.717s][info][gc,start       ] GC(388) Pause Young (Normal) (G1 Evacuation Pause)
[280.717s][info][gc,task        ] GC(388) Using 3 workers of 33 for evacuation
[280.720s][info][gc,phases      ] GC(388)   Pre Evacuate Collection Set: 0.1ms
[280.721s][info][gc,phases      ] GC(388)   Merge Heap Roots: 0.2ms
[280.721s][info][gc,phases      ] GC(388)   Evacuate Collection Set: 2.6ms
[280.721s][info][gc,phases      ] GC(388)   Post Evacuate Collection Set: 0.3ms
[280.721s][info][gc,phases      ] GC(388)   Other: 0.1ms
[280.721s][info][gc,heap        ] GC(388) Eden regions: 5->0(5)
[280.721s][info][gc,heap        ] GC(388) Survivor regions: 1->1(1)
[280.721s][info][gc,heap        ] GC(388) Old regions: 3->3
[280.721s][info][gc,heap        ] GC(388) Archive regions: 0->0
[280.721s][info][gc,heap        ] GC(388) Humongous regions: 0->0
[280.721s][info][gc,metaspace   ] GC(388) Metaspace: 9924K(10240K)->9924K(10240K) NonClass: 8624K(8832K)->8624K(8832K) Class: 1299K(1408K)->1299K(1408K)
[280.721s][info][gc             ] GC(388) Pause Young (Normal) (G1 Evacuation Pause) 85M->5M(160M) 3.801ms
[280.721s][info][gc,cpu         ] GC(388) User=0.00s Sys=0.00s Real=0.00s
[281.052s][info][gc,start       ] GC(389) Pause Young (Normal) (G1 Evacuation Pause)
[281.052s][info][gc,task        ] GC(389) Using 3 workers of 33 for evacuation
[281.055s][info][gc,phases      ] GC(389)   Pre Evacuate Collection Set: 0.1ms
[281.055s][info][gc,phases      ] GC(389)   Merge Heap Roots: 0.1ms
[281.055s][info][gc,phases      ] GC(389)   Evacuate Collection Set: 2.3ms
[281.055s][info][gc,phases      ] GC(389)   Post Evacuate Collection Set: 0.2ms
[281.055s][info][gc,phases      ] GC(389)   Other: 0.1ms
[281.055s][info][gc,heap        ] GC(389) Eden regions: 5->0(5)
[281.055s][info][gc,heap        ] GC(389) Survivor regions: 1->1(1)
[281.055s][info][gc,heap        ] GC(389) Old regions: 3->3
[281.055s][info][gc,heap        ] GC(389) Archive regions: 0->0
[281.055s][info][gc,heap        ] GC(389) Humongous regions: 0->0
[281.055s][info][gc,metaspace   ] GC(389) Metaspace: 9924K(10240K)->9924K(10240K) NonClass: 8624K(8832K)->8624K(8832K) Class: 1299K(1408K)->1299K(1408K)
[281.055s][info][gc             ] GC(389) Pause Young (Normal) (G1 Evacuation Pause) 85M->5M(160M) 3.369ms
[281.055s][info][gc,cpu         ] GC(389) User=0.05s Sys=0.00s Real=0.00s
[281.379s][info][gc,start       ] GC(390) Pause Young (Normal) (G1 Evacuation Pause)
[281.379s][info][gc,task        ] GC(390) Using 3 workers of 33 for evacuation
[281.382s][info][gc,phases      ] GC(390)   Pre Evacuate Collection Set: 0.1ms
[281.382s][info][gc,phases      ] GC(390)   Merge Heap Roots: 0.1ms
[281.382s][info][gc,phases      ] GC(390)   Evacuate Collection Set: 2.4ms
[281.382s][info][gc,phases      ] GC(390)   Post Evacuate Collection Set: 0.2ms
[281.382s][info][gc,phases      ] GC(390)   Other: 0.1ms
[281.382s][info][gc,heap        ] GC(390) Eden regions: 5->0(5)
[281.382s][info][gc,heap        ] GC(390) Survivor regions: 1->1(1)
[281.382s][info][gc,heap        ] GC(390) Old regions: 3->3
[281.382s][info][gc,heap        ] GC(390) Archive regions: 0->0
[281.382s][info][gc,heap        ] GC(390) Humongous regions: 0->0
[281.382s][info][gc,metaspace   ] GC(390) Metaspace: 9924K(10240K)->9924K(10240K) NonClass: 8624K(8832K)->8624K(8832K) Class: 1299K(1408K)->1299K(1408K)
[281.382s][info][gc             ] GC(390) Pause Young (Normal) (G1 Evacuation Pause) 85M->5M(160M) 3.507ms
[281.382s][info][gc,cpu         ] GC(390) User=0.05s Sys=0.00s Real=0.00s
[281.716s][info][gc,start       ] GC(391) Pause Young (Normal) (G1 Evacuation Pause)
[281.721s][info][gc,task        ] GC(391) Using 3 workers of 33 for evacuation
[281.724s][info][gc,phases      ] GC(391)   Pre Evacuate Collection Set: 0.1ms
[281.724s][info][gc,phases      ] GC(391)   Merge Heap Roots: 0.1ms
[281.724s][info][gc,phases      ] GC(391)   Evacuate Collection Set: 2.3ms
[281.724s][info][gc,phases      ] GC(391)   Post Evacuate Collection Set: 0.2ms
[281.724s][info][gc,phases      ] GC(391)   Other: 0.1ms
[281.724s][info][gc,heap        ] GC(391) Eden regions: 5->0(5)
[281.724s][info][gc,heap        ] GC(391) Survivor regions: 1->1(1)
[281.724s][info][gc,heap        ] GC(391) Old regions: 3->3
[281.724s][info][gc,heap        ] GC(391) Archive regions: 0->0
[281.724s][info][gc,heap        ] GC(391) Humongous regions: 0->0
[281.724s][info][gc,metaspace   ] GC(391) Metaspace: 9924K(10240K)->9924K(10240K) NonClass: 8624K(8832K)->8624K(8832K) Class: 1299K(1408K)->1299K(1408K)
[281.724s][info][gc             ] GC(391) Pause Young (Normal) (G1 Evacuation Pause) 85M->5M(160M) 8.787ms
[281.724s][info][gc,cpu         ] GC(391) User=0.00s Sys=0.00s Real=0.02s
[282.060s][info][gc,start       ] GC(392) Pause Young (Normal) (G1 Evacuation Pause)
[282.061s][info][gc,task        ] GC(392) Using 3 workers of 33 for evacuation
[282.064s][info][gc,phases      ] GC(392)   Pre Evacuate Collection Set: 0.1ms
[282.064s][info][gc,phases      ] GC(392)   Merge Heap Roots: 0.2ms
[282.064s][info][gc,phases      ] GC(392)   Evacuate Collection Set: 2.5ms
[282.064s][info][gc,phases      ] GC(392)   Post Evacuate Collection Set: 0.2ms
[282.064s][info][gc,phases      ] GC(392)   Other: 0.1ms
[282.064s][info][gc,heap        ] GC(392) Eden regions: 5->0(5)
[282.064s][info][gc,heap        ] GC(392) Survivor regions: 1->1(1)
[282.064s][info][gc,heap        ] GC(392) Old regions: 3->3
[282.064s][info][gc,heap        ] GC(392) Archive regions: 0->0
[282.064s][info][gc,heap        ] GC(392) Humongous regions: 0->0
[282.064s][info][gc,metaspace   ] GC(392) Metaspace: 9924K(10240K)->9924K(10240K) NonClass: 8624K(8832K)->8624K(8832K) Class: 1299K(1408K)->1299K(1408K)
[282.064s][info][gc             ] GC(392) Pause Young (Normal) (G1 Evacuation Pause) 85M->5M(160M) 3.549ms
[282.064s][info][gc,cpu         ] GC(392) User=0.00s Sys=0.00s Real=0.00s
[282.404s][info][gc,start       ] GC(393) Pause Young (Normal) (G1 Evacuation Pause)
[282.404s][info][gc,task        ] GC(393) Using 3 workers of 33 for evacuation
[282.407s][info][gc,phases      ] GC(393)   Pre Evacuate Collection Set: 0.1ms
[282.407s][info][gc,phases      ] GC(393)   Merge Heap Roots: 0.2ms
[282.407s][info][gc,phases      ] GC(393)   Evacuate Collection Set: 2.4ms
[282.407s][info][gc,phases      ] GC(393)   Post Evacuate Collection Set: 0.2ms
[282.407s][info][gc,phases      ] GC(393)   Other: 0.1ms
[282.407s][info][gc,heap        ] GC(393) Eden regions: 5->0(5)
[282.407s][info][gc,heap        ] GC(393) Survivor regions: 1->1(1)
[282.407s][info][gc,heap        ] GC(393) Old regions: 3->3
[282.407s][info][gc,heap        ] GC(393) Archive regions: 0->0
[282.407s][info][gc,heap        ] GC(393) Humongous regions: 0->0
[282.407s][info][gc,metaspace   ] GC(393) Metaspace: 9924K(10240K)->9924K(10240K) NonClass: 8624K(8832K)->8624K(8832K) Class: 1299K(1408K)->1299K(1408K)
[282.408s][info][gc             ] GC(393) Pause Young (Normal) (G1 Evacuation Pause) 85M->5M(160M) 3.553ms
[282.408s][info][gc,cpu         ] GC(393) User=0.00s Sys=0.00s Real=0.00s
[282.747s][info][gc,start       ] GC(394) Pause Young (Normal) (G1 Evacuation Pause)
[282.747s][info][gc,task        ] GC(394) Using 3 workers of 33 for evacuation
[282.750s][info][gc,phases      ] GC(394)   Pre Evacuate Collection Set: 0.1ms
[282.750s][info][gc,phases      ] GC(394)   Merge Heap Roots: 0.2ms
[282.750s][info][gc,phases      ] GC(394)   Evacuate Collection Set: 2.5ms
[282.750s][info][gc,phases      ] GC(394)   Post Evacuate Collection Set: 0.2ms
[282.750s][info][gc,phases      ] GC(394)   Other: 0.1ms
[282.750s][info][gc,heap        ] GC(394) Eden regions: 5->0(5)
[282.750s][info][gc,heap        ] GC(394) Survivor regions: 1->1(1)
[282.750s][info][gc,heap        ] GC(394) Old regions: 3->3
[282.750s][info][gc,heap        ] GC(394) Archive regions: 0->0
[282.750s][info][gc,heap        ] GC(394) Humongous regions: 0->0
[282.750s][info][gc,metaspace   ] GC(394) Metaspace: 9924K(10240K)->9924K(10240K) NonClass: 8624K(8832K)->8624K(8832K) Class: 1299K(1408K)->1299K(1408K)
[282.750s][info][gc             ] GC(394) Pause Young (Normal) (G1 Evacuation Pause) 85M->5M(160M) 3.598ms
[282.750s][info][gc,cpu         ] GC(394) User=0.00s Sys=0.00s Real=0.00s
[283.095s][info][gc,start       ] GC(395) Pause Young (Normal) (G1 Evacuation Pause)
[283.095s][info][gc,task        ] GC(395) Using 3 workers of 33 for evacuation
[283.098s][info][gc,phases      ] GC(395)   Pre Evacuate Collection Set: 0.1ms
[283.098s][info][gc,phases      ] GC(395)   Merge Heap Roots: 0.2ms
[283.098s][info][gc,phases      ] GC(395)   Evacuate Collection Set: 2.4ms
[283.098s][info][gc,phases      ] GC(395)   Post Evacuate Collection Set: 0.3ms
[283.098s][info][gc,phases      ] GC(395)   Other: 0.1ms
[283.098s][info][gc,heap        ] GC(395) Eden regions: 5->0(5)
[283.098s][info][gc,heap        ] GC(395) Survivor regions: 1->1(1)
[283.098s][info][gc,heap        ] GC(395) Old regions: 3->3
[283.098s][info][gc,heap        ] GC(395) Archive regions: 0->0
[283.098s][info][gc,heap        ] GC(395) Humongous regions: 0->0
[283.098s][info][gc,metaspace   ] GC(395) Metaspace: 9924K(10240K)->9924K(10240K) NonClass: 8624K(8832K)->8624K(8832K) Class: 1299K(1408K)->1299K(1408K)
[283.098s][info][gc             ] GC(395) Pause Young (Normal) (G1 Evacuation Pause) 85M->5M(160M) 3.493ms
[283.098s][info][gc,cpu         ] GC(395) User=0.00s Sys=0.00s Real=0.00s
[283.446s][info][gc,start       ] GC(396) Pause Young (Normal) (G1 Evacuation Pause)
[283.446s][info][gc,task        ] GC(396) Using 3 workers of 33 for evacuation
[283.449s][info][gc,phases      ] GC(396)   Pre Evacuate Collection Set: 0.1ms
[283.449s][info][gc,phases      ] GC(396)   Merge Heap Roots: 0.2ms
[283.449s][info][gc,phases      ] GC(396)   Evacuate Collection Set: 2.4ms
[283.449s][info][gc,phases      ] GC(396)   Post Evacuate Collection Set: 0.2ms
[283.449s][info][gc,phases      ] GC(396)   Other: 0.1ms
[283.449s][info][gc,heap        ] GC(396) Eden regions: 5->0(5)
[283.449s][info][gc,heap        ] GC(396) Survivor regions: 1->1(1)
[283.449s][info][gc,heap        ] GC(396) Old regions: 3->3
[283.449s][info][gc,heap        ] GC(396) Archive regions: 0->0
[283.449s][info][gc,heap        ] GC(396) Humongous regions: 0->0
[283.449s][info][gc,metaspace   ] GC(396) Metaspace: 9924K(10240K)->9924K(10240K) NonClass: 8624K(8832K)->8624K(8832K) Class: 1299K(1408K)->1299K(1408K)
[283.449s][info][gc             ] GC(396) Pause Young (Normal) (G1 Evacuation Pause) 85M->5M(160M) 3.505ms
[283.450s][info][gc,cpu         ] GC(396) User=0.00s Sys=0.02s Real=0.02s
[283.796s][info][gc,start       ] GC(397) Pause Young (Normal) (G1 Evacuation Pause)
[283.796s][info][gc,task        ] GC(397) Using 3 workers of 33 for evacuation
[283.799s][info][gc,phases      ] GC(397)   Pre Evacuate Collection Set: 0.1ms
[283.799s][info][gc,phases      ] GC(397)   Merge Heap Roots: 0.2ms
[283.799s][info][gc,phases      ] GC(397)   Evacuate Collection Set: 2.5ms
[283.799s][info][gc,phases      ] GC(397)   Post Evacuate Collection Set: 0.2ms
[283.799s][info][gc,phases      ] GC(397)   Other: 0.1ms
[283.799s][info][gc,heap        ] GC(397) Eden regions: 5->0(5)
[283.799s][info][gc,heap        ] GC(397) Survivor regions: 1->1(1)
[283.799s][info][gc,heap        ] GC(397) Old regions: 3->3
[283.799s][info][gc,heap        ] GC(397) Archive regions: 0->0
[283.799s][info][gc,heap        ] GC(397) Humongous regions: 0->0
[283.799s][info][gc,metaspace   ] GC(397) Metaspace: 9924K(10240K)->9924K(10240K) NonClass: 8624K(8832K)->8624K(8832K) Class: 1299K(1408K)->1299K(1408K)
[283.799s][info][gc             ] GC(397) Pause Young (Normal) (G1 Evacuation Pause) 85M->5M(160M) 3.573ms
[283.800s][info][gc,cpu         ] GC(397) User=0.00s Sys=0.00s Real=0.00s
[284.135s][info][gc,start       ] GC(398) Pause Young (Normal) (G1 Evacuation Pause)
[284.135s][info][gc,task        ] GC(398) Using 3 workers of 33 for evacuation
[284.138s][info][gc,phases      ] GC(398)   Pre Evacuate Collection Set: 0.1ms
[284.138s][info][gc,phases      ] GC(398)   Merge Heap Roots: 0.2ms
[284.138s][info][gc,phases      ] GC(398)   Evacuate Collection Set: 2.5ms
[284.138s][info][gc,phases      ] GC(398)   Post Evacuate Collection Set: 0.2ms
[284.138s][info][gc,phases      ] GC(398)   Other: 0.1ms
[284.138s][info][gc,heap        ] GC(398) Eden regions: 5->0(5)
[284.138s][info][gc,heap        ] GC(398) Survivor regions: 1->1(1)
[284.138s][info][gc,heap        ] GC(398) Old regions: 3->3
[284.138s][info][gc,heap        ] GC(398) Archive regions: 0->0
[284.138s][info][gc,heap        ] GC(398) Humongous regions: 0->0
[284.138s][info][gc,metaspace   ] GC(398) Metaspace: 9924K(10240K)->9924K(10240K) NonClass: 8624K(8832K)->8624K(8832K) Class: 1299K(1408K)->1299K(1408K)
[284.138s][info][gc             ] GC(398) Pause Young (Normal) (G1 Evacuation Pause) 85M->5M(160M) 3.568ms
[284.138s][info][gc,cpu         ] GC(398) User=0.05s Sys=0.00s Real=0.01s
[284.468s][info][gc,start       ] GC(399) Pause Young (Normal) (G1 Evacuation Pause)
[284.468s][info][gc,task        ] GC(399) Using 3 workers of 33 for evacuation
[284.471s][info][gc,phases      ] GC(399)   Pre Evacuate Collection Set: 0.1ms
[284.471s][info][gc,phases      ] GC(399)   Merge Heap Roots: 0.2ms
[284.471s][info][gc,phases      ] GC(399)   Evacuate Collection Set: 2.4ms
[284.471s][info][gc,phases      ] GC(399)   Post Evacuate Collection Set: 0.3ms
[284.471s][info][gc,phases      ] GC(399)   Other: 0.1ms
[284.471s][info][gc,heap        ] GC(399) Eden regions: 5->0(5)
[284.471s][info][gc,heap        ] GC(399) Survivor regions: 1->1(1)
[284.471s][info][gc,heap        ] GC(399) Old regions: 3->3
[284.471s][info][gc,heap        ] GC(399) Archive regions: 0->0
[284.471s][info][gc,heap        ] GC(399) Humongous regions: 0->0
[284.471s][info][gc,metaspace   ] GC(399) Metaspace: 9924K(10240K)->9924K(10240K) NonClass: 8624K(8832K)->8624K(8832K) Class: 1299K(1408K)->1299K(1408K)
[284.471s][info][gc             ] GC(399) Pause Young (Normal) (G1 Evacuation Pause) 85M->5M(160M) 3.510ms
[284.471s][info][gc,cpu         ] GC(399) User=0.00s Sys=0.00s Real=0.00s
[284.814s][info][gc,start       ] GC(400) Pause Young (Normal) (G1 Evacuation Pause)
[284.814s][info][gc,task        ] GC(400) Using 3 workers of 33 for evacuation
[284.817s][info][gc,phases      ] GC(400)   Pre Evacuate Collection Set: 0.1ms
[284.817s][info][gc,phases      ] GC(400)   Merge Heap Roots: 0.2ms
[284.818s][info][gc,phases      ] GC(400)   Evacuate Collection Set: 3.0ms
[284.818s][info][gc,phases      ] GC(400)   Post Evacuate Collection Set: 0.3ms
[284.818s][info][gc,phases      ] GC(400)   Other: 0.1ms
[284.818s][info][gc,heap        ] GC(400) Eden regions: 5->0(4)
[284.818s][info][gc,heap        ] GC(400) Survivor regions: 1->1(1)
[284.818s][info][gc,heap        ] GC(400) Old regions: 3->4
[284.818s][info][gc,heap        ] GC(400) Archive regions: 0->0
[284.818s][info][gc,heap        ] GC(400) Humongous regions: 0->0
[284.818s][info][gc,metaspace   ] GC(400) Metaspace: 9924K(10240K)->9924K(10240K) NonClass: 8624K(8832K)->8624K(8832K) Class: 1299K(1408K)->1299K(1408K)
[284.818s][info][gc             ] GC(400) Pause Young (Normal) (G1 Evacuation Pause) 85M->5M(176M) 4.156ms
[284.818s][info][gc,cpu         ] GC(400) User=0.00s Sys=0.00s Real=0.00s
[285.080s][info][gc,start       ] GC(401) Pause Young (Normal) (G1 Evacuation Pause)
[285.080s][info][gc,task        ] GC(401) Using 4 workers of 33 for evacuation
[285.083s][info][gc,phases      ] GC(401)   Pre Evacuate Collection Set: 0.1ms
[285.083s][info][gc,phases      ] GC(401)   Merge Heap Roots: 0.2ms
[285.083s][info][gc,phases      ] GC(401)   Evacuate Collection Set: 1.9ms
[285.083s][info][gc,phases      ] GC(401)   Post Evacuate Collection Set: 0.2ms
[285.083s][info][gc,phases      ] GC(401)   Other: 0.1ms
[285.083s][info][gc,heap        ] GC(401) Eden regions: 4->0(4)
[285.083s][info][gc,heap        ] GC(401) Survivor regions: 1->1(1)
[285.083s][info][gc,heap        ] GC(401) Old regions: 4->4
[285.083s][info][gc,heap        ] GC(401) Archive regions: 0->0
[285.083s][info][gc,heap        ] GC(401) Humongous regions: 0->0
[285.083s][info][gc,metaspace   ] GC(401) Metaspace: 9924K(10240K)->9924K(10240K) NonClass: 8624K(8832K)->8624K(8832K) Class: 1299K(1408K)->1299K(1408K)
[285.083s][info][gc             ] GC(401) Pause Young (Normal) (G1 Evacuation Pause) 69M->5M(176M) 2.941ms
[285.083s][info][gc,cpu         ] GC(401) User=0.00s Sys=0.00s Real=0.00s
[285.358s][info][gc,start       ] GC(402) Pause Young (Normal) (G1 Evacuation Pause)
[285.359s][info][gc,task        ] GC(402) Using 4 workers of 33 for evacuation
[285.361s][info][gc,phases      ] GC(402)   Pre Evacuate Collection Set: 0.1ms
[285.361s][info][gc,phases      ] GC(402)   Merge Heap Roots: 0.2ms
[285.361s][info][gc,phases      ] GC(402)   Evacuate Collection Set: 1.9ms
[285.361s][info][gc,phases      ] GC(402)   Post Evacuate Collection Set: 0.2ms
[285.361s][info][gc,phases      ] GC(402)   Other: 0.1ms
[285.361s][info][gc,heap        ] GC(402) Eden regions: 4->0(4)
[285.361s][info][gc,heap        ] GC(402) Survivor regions: 1->1(1)
[285.361s][info][gc,heap        ] GC(402) Old regions: 4->4
[285.361s][info][gc,heap        ] GC(402) Archive regions: 0->0
[285.361s][info][gc,heap        ] GC(402) Humongous regions: 0->0
[285.361s][info][gc,metaspace   ] GC(402) Metaspace: 9924K(10240K)->9924K(10240K) NonClass: 8624K(8832K)->8624K(8832K) Class: 1299K(1408K)->1299K(1408K)
[285.361s][info][gc             ] GC(402) Pause Young (Normal) (G1 Evacuation Pause) 69M->5M(176M) 3.005ms
[285.362s][info][gc,cpu         ] GC(402) User=0.00s Sys=0.00s Real=0.00s
[285.633s][info][gc,start       ] GC(403) Pause Young (Normal) (G1 Evacuation Pause)
[285.634s][info][gc,task        ] GC(403) Using 4 workers of 33 for evacuation
[285.636s][info][gc,phases      ] GC(403)   Pre Evacuate Collection Set: 0.1ms
[285.636s][info][gc,phases      ] GC(403)   Merge Heap Roots: 0.2ms
[285.636s][info][gc,phases      ] GC(403)   Evacuate Collection Set: 1.8ms
[285.636s][info][gc,phases      ] GC(403)   Post Evacuate Collection Set: 0.2ms
[285.636s][info][gc,phases      ] GC(403)   Other: 0.1ms
[285.636s][info][gc,heap        ] GC(403) Eden regions: 4->0(4)
[285.636s][info][gc,heap        ] GC(403) Survivor regions: 1->1(1)
[285.636s][info][gc,heap        ] GC(403) Old regions: 4->4
[285.636s][info][gc,heap        ] GC(403) Archive regions: 0->0
[285.636s][info][gc,heap        ] GC(403) Humongous regions: 0->0
[285.636s][info][gc,metaspace   ] GC(403) Metaspace: 9924K(10240K)->9924K(10240K) NonClass: 8624K(8832K)->8624K(8832K) Class: 1299K(1408K)->1299K(1408K)
[285.636s][info][gc             ] GC(403) Pause Young (Normal) (G1 Evacuation Pause) 69M->5M(176M) 2.910ms
[285.636s][info][gc,cpu         ] GC(403) User=0.00s Sys=0.00s Real=0.00s
[285.894s][info][gc,start       ] GC(404) Pause Young (Normal) (G1 Evacuation Pause)
[285.894s][info][gc,task        ] GC(404) Using 4 workers of 33 for evacuation
[285.896s][info][gc,phases      ] GC(404)   Pre Evacuate Collection Set: 0.1ms
[285.896s][info][gc,phases      ] GC(404)   Merge Heap Roots: 0.1ms
[285.896s][info][gc,phases      ] GC(404)   Evacuate Collection Set: 1.4ms
[285.896s][info][gc,phases      ] GC(404)   Post Evacuate Collection Set: 0.2ms
[285.896s][info][gc,phases      ] GC(404)   Other: 0.1ms
[285.896s][info][gc,heap        ] GC(404) Eden regions: 4->0(4)
[285.896s][info][gc,heap        ] GC(404) Survivor regions: 1->1(1)
[285.896s][info][gc,heap        ] GC(404) Old regions: 4->4
[285.896s][info][gc,heap        ] GC(404) Archive regions: 0->0
[285.896s][info][gc,heap        ] GC(404) Humongous regions: 0->0
[285.896s][info][gc,metaspace   ] GC(404) Metaspace: 9924K(10240K)->9924K(10240K) NonClass: 8624K(8832K)->8624K(8832K) Class: 1299K(1408K)->1299K(1408K)
[285.896s][info][gc             ] GC(404) Pause Young (Normal) (G1 Evacuation Pause) 69M->5M(176M) 2.457ms
[285.896s][info][gc,cpu         ] GC(404) User=0.00s Sys=0.00s Real=0.00s
[286.158s][info][gc,start       ] GC(405) Pause Full (System.gc())
[286.158s][info][gc,task        ] GC(405) Using 1 workers of 33 for full compaction
[286.158s][info][gc,phases,start] GC(405) Phase 1: Mark live objects
[286.178s][info][gc,phases      ] GC(405) Phase 1: Mark live objects 19.650ms
[286.178s][info][gc,phases,start] GC(405) Phase 2: Prepare compaction
[286.182s][info][gc,phases      ] GC(405) Phase 2: Prepare compaction 3.643ms
[286.182s][info][gc,phases,start] GC(405) Phase 3: Adjust pointers
[286.191s][info][gc,phases      ] GC(405) Phase 3: Adjust pointers 9.485ms
[286.191s][info][gc,phases,start] GC(405) Phase 4: Compact heap
[286.194s][info][gc,phases      ] GC(405) Phase 4: Compact heap 2.588ms
[286.197s][info][gc,heap        ] GC(405) Eden regions: 4->0(2)
[286.197s][info][gc,heap        ] GC(405) Survivor regions: 1->0(1)
[286.197s][info][gc,heap        ] GC(405) Old regions: 4->1
[286.197s][info][gc,heap        ] GC(405) Archive regions: 0->0
[286.197s][info][gc,heap        ] GC(405) Humongous regions: 0->0
[286.197s][info][gc,metaspace   ] GC(405) Metaspace: 9925K(10240K)->9925K(10240K) NonClass: 8626K(8832K)->8626K(8832K) Class: 1299K(1408K)->1299K(1408K)
[286.197s][info][gc             ] GC(405) Pause Full (System.gc()) 65M->3M(64M) 38.729ms
[286.197s][info][gc,cpu         ] GC(405) User=0.05s Sys=0.00s Real=0.04s
[286.324s][info][gc,start       ] GC(406) Pause Young (Normal) (G1 Evacuation Pause)
[286.325s][info][gc,task        ] GC(406) Using 2 workers of 33 for evacuation
[286.329s][info][gc,phases      ] GC(406)   Pre Evacuate Collection Set: 0.1ms
[286.329s][info][gc,phases      ] GC(406)   Merge Heap Roots: 0.1ms
[286.329s][info][gc,phases      ] GC(406)   Evacuate Collection Set: 3.7ms
[286.329s][info][gc,phases      ] GC(406)   Post Evacuate Collection Set: 0.2ms
[286.329s][info][gc,phases      ] GC(406)   Other: 0.1ms
[286.329s][info][gc,heap        ] GC(406) Eden regions: 2->0(1)
[286.329s][info][gc,heap        ] GC(406) Survivor regions: 0->1(1)
[286.329s][info][gc,heap        ] GC(406) Old regions: 1->1
[286.329s][info][gc,heap        ] GC(406) Archive regions: 0->0
[286.329s][info][gc,heap        ] GC(406) Humongous regions: 0->0
[286.329s][info][gc,metaspace   ] GC(406) Metaspace: 9934K(10240K)->9934K(10240K) NonClass: 8634K(8832K)->8634K(8832K) Class: 1299K(1408K)->1299K(1408K)
[286.329s][info][gc             ] GC(406) Pause Young (Normal) (G1 Evacuation Pause) 35M->5M(64M) 4.419ms
[286.329s][info][gc,cpu         ] GC(406) User=0.00s Sys=0.00s Real=0.00s
[286.390s][info][gc,start       ] GC(407) Pause Young (Normal) (G1 Evacuation Pause)
[286.391s][info][gc,task        ] GC(407) Using 2 workers of 33 for evacuation
[286.394s][info][gc,phases      ] GC(407)   Pre Evacuate Collection Set: 0.1ms
[286.394s][info][gc,phases      ] GC(407)   Merge Heap Roots: 0.1ms
[286.394s][info][gc,phases      ] GC(407)   Evacuate Collection Set: 3.2ms
[286.394s][info][gc,phases      ] GC(407)   Post Evacuate Collection Set: 0.2ms
[286.394s][info][gc,phases      ] GC(407)   Other: 0.1ms
[286.394s][info][gc,heap        ] GC(407) Eden regions: 1->0(1)
[286.394s][info][gc,heap        ] GC(407) Survivor regions: 1->1(1)
[286.395s][info][gc,heap        ] GC(407) Old regions: 1->1
[286.395s][info][gc,heap        ] GC(407) Archive regions: 0->0
[286.395s][info][gc,heap        ] GC(407) Humongous regions: 0->0
[286.395s][info][gc,metaspace   ] GC(407) Metaspace: 9934K(10240K)->9934K(10240K) NonClass: 8634K(8832K)->8634K(8832K) Class: 1299K(1408K)->1299K(1408K)
[286.395s][info][gc             ] GC(407) Pause Young (Normal) (G1 Evacuation Pause) 21M->5M(64M) 4.239ms
[286.395s][info][gc,cpu         ] GC(407) User=0.00s Sys=0.00s Real=0.00s
[286.457s][info][gc,start       ] GC(408) Pause Young (Normal) (G1 Evacuation Pause)
[286.457s][info][gc,task        ] GC(408) Using 2 workers of 33 for evacuation
[286.468s][info][gc,phases      ] GC(408)   Pre Evacuate Collection Set: 0.1ms
[286.468s][info][gc,phases      ] GC(408)   Merge Heap Roots: 0.1ms
[286.468s][info][gc,phases      ] GC(408)   Evacuate Collection Set: 3.3ms
[286.468s][info][gc,phases      ] GC(408)   Post Evacuate Collection Set: 7.1ms
[286.468s][info][gc,phases      ] GC(408)   Other: 0.1ms
[286.468s][info][gc,heap        ] GC(408) Eden regions: 1->0(38)
[286.468s][info][gc,heap        ] GC(408) Survivor regions: 1->1(1)
[286.468s][info][gc,heap        ] GC(408) Old regions: 1->1
[286.468s][info][gc,heap        ] GC(408) Archive regions: 0->0
[286.468s][info][gc,heap        ] GC(408) Humongous regions: 0->0
[286.468s][info][gc,metaspace   ] GC(408) Metaspace: 9934K(10240K)->9934K(10240K) NonClass: 8634K(8832K)->8634K(8832K) Class: 1299K(1408K)->1299K(1408K)
[286.468s][info][gc             ] GC(408) Pause Young (Normal) (G1 Evacuation Pause) 21M->5M(1056M) 11.211ms
[286.468s][info][gc,cpu         ] GC(408) User=0.03s Sys=0.00s Real=0.01s
[289.203s][info][gc,start       ] GC(409) Pause Young (Normal) (G1 Evacuation Pause)
[289.203s][info][gc,task        ] GC(409) Using 25 workers of 33 for evacuation
[289.205s][info][gc,phases      ] GC(409)   Pre Evacuate Collection Set: 0.1ms
[289.205s][info][gc,phases      ] GC(409)   Merge Heap Roots: 0.2ms
[289.205s][info][gc,phases      ] GC(409)   Evacuate Collection Set: 1.5ms
[289.205s][info][gc,phases      ] GC(409)   Post Evacuate Collection Set: 0.5ms
[289.205s][info][gc,phases      ] GC(409)   Other: 0.1ms
[289.205s][info][gc,heap        ] GC(409) Eden regions: 38->0(38)
[289.206s][info][gc,heap        ] GC(409) Survivor regions: 1->1(5)
[289.206s][info][gc,heap        ] GC(409) Old regions: 1->1
[289.206s][info][gc,heap        ] GC(409) Archive regions: 0->0
[289.206s][info][gc,heap        ] GC(409) Humongous regions: 0->0
[289.206s][info][gc,metaspace   ] GC(409) Metaspace: 9934K(10240K)->9934K(10240K) NonClass: 8634K(8832K)->8634K(8832K) Class: 1299K(1408K)->1299K(1408K)
[289.206s][info][gc             ] GC(409) Pause Young (Normal) (G1 Evacuation Pause) 613M->5M(1056M) 3.110ms
[289.206s][info][gc,cpu         ] GC(409) User=0.11s Sys=0.28s Real=0.02s
[291.794s][info][gc,start       ] GC(410) Pause Young (Normal) (G1 Evacuation Pause)
[291.795s][info][gc,task        ] GC(410) Using 25 workers of 33 for evacuation
[291.797s][info][gc,phases      ] GC(410)   Pre Evacuate Collection Set: 0.2ms
[291.797s][info][gc,phases      ] GC(410)   Merge Heap Roots: 0.2ms
[291.797s][info][gc,phases      ] GC(410)   Evacuate Collection Set: 1.6ms
[291.797s][info][gc,phases      ] GC(410)   Post Evacuate Collection Set: 0.5ms
[291.797s][info][gc,phases      ] GC(410)   Other: 0.1ms
[291.797s][info][gc,heap        ] GC(410) Eden regions: 38->0(38)
[291.797s][info][gc,heap        ] GC(410) Survivor regions: 1->1(5)
[291.797s][info][gc,heap        ] GC(410) Old regions: 1->1
[291.797s][info][gc,heap        ] GC(410) Archive regions: 0->0
[291.798s][info][gc,heap        ] GC(410) Humongous regions: 0->0
[291.798s][info][gc,metaspace   ] GC(410) Metaspace: 9934K(10240K)->9934K(10240K) NonClass: 8634K(8832K)->8634K(8832K) Class: 1299K(1408K)->1299K(1408K)
[291.798s][info][gc             ] GC(410) Pause Young (Normal) (G1 Evacuation Pause) 613M->5M(1056M) 3.228ms
[291.798s][info][gc,cpu         ] GC(410) User=0.00s Sys=0.00s Real=0.00s
[293.173s][info][gc,start       ] GC(411) Pause Full (System.gc())
[293.173s][info][gc,task        ] GC(411) Using 6 workers of 33 for full compaction
[293.173s][info][gc,phases,start] GC(411) Phase 1: Mark live objects
[293.179s][info][gc,phases      ] GC(411) Phase 1: Mark live objects 5.253ms
[293.179s][info][gc,phases,start] GC(411) Phase 2: Prepare compaction
[293.182s][info][gc,phases      ] GC(411) Phase 2: Prepare compaction 3.655ms
[293.182s][info][gc,phases,start] GC(411) Phase 3: Adjust pointers
[293.187s][info][gc,phases      ] GC(411) Phase 3: Adjust pointers 4.976ms
[293.187s][info][gc,phases,start] GC(411) Phase 4: Compact heap
[293.190s][info][gc,phases      ] GC(411) Phase 4: Compact heap 2.525ms
[293.197s][info][gc,heap        ] GC(411) Eden regions: 21->0(4)
[293.197s][info][gc,heap        ] GC(411) Survivor regions: 1->0(5)
[293.197s][info][gc,heap        ] GC(411) Old regions: 1->2
[293.197s][info][gc,heap        ] GC(411) Archive regions: 0->0
[293.197s][info][gc,heap        ] GC(411) Humongous regions: 0->0
[293.197s][info][gc,metaspace   ] GC(411) Metaspace: 9934K(10240K)->9934K(10240K) NonClass: 8634K(8832K)->8634K(8832K) Class: 1299K(1408K)->1299K(1408K)
[293.197s][info][gc             ] GC(411) Pause Full (System.gc()) 329M->3M(112M) 24.360ms
[293.197s][info][gc,cpu         ] GC(411) User=0.11s Sys=0.20s Real=0.03s
[293.453s][info][gc,start       ] GC(412) Pause Young (Normal) (G1 Evacuation Pause)
[293.453s][info][gc,task        ] GC(412) Using 4 workers of 33 for evacuation
[293.455s][info][gc,phases      ] GC(412)   Pre Evacuate Collection Set: 0.1ms
[293.455s][info][gc,phases      ] GC(412)   Merge Heap Roots: 0.1ms
[293.455s][info][gc,phases      ] GC(412)   Evacuate Collection Set: 1.4ms
[293.455s][info][gc,phases      ] GC(412)   Post Evacuate Collection Set: 0.2ms
[293.455s][info][gc,phases      ] GC(412)   Other: 0.1ms
[293.455s][info][gc,heap        ] GC(412) Eden regions: 4->0(3)
[293.455s][info][gc,heap        ] GC(412) Survivor regions: 0->1(1)
[293.455s][info][gc,heap        ] GC(412) Old regions: 2->2
[293.455s][info][gc,heap        ] GC(412) Archive regions: 0->0
[293.455s][info][gc,heap        ] GC(412) Humongous regions: 0->0
[293.455s][info][gc,metaspace   ] GC(412) Metaspace: 9935K(10240K)->9935K(10240K) NonClass: 8636K(8832K)->8636K(8832K) Class: 1299K(1408K)->1299K(1408K)
[293.455s][info][gc             ] GC(412) Pause Young (Normal) (G1 Evacuation Pause) 67M->5M(112M) 2.372ms
[293.455s][info][gc,cpu         ] GC(412) User=0.00s Sys=0.00s Real=0.00s
[293.650s][info][gc,start       ] GC(413) Pause Young (Normal) (G1 Evacuation Pause)
[293.650s][info][gc,task        ] GC(413) Using 3 workers of 33 for evacuation
[293.653s][info][gc,phases      ] GC(413)   Pre Evacuate Collection Set: 0.1ms
[293.653s][info][gc,phases      ] GC(413)   Merge Heap Roots: 0.1ms
[293.653s][info][gc,phases      ] GC(413)   Evacuate Collection Set: 2.2ms
[293.653s][info][gc,phases      ] GC(413)   Post Evacuate Collection Set: 0.2ms
[293.653s][info][gc,phases      ] GC(413)   Other: 0.1ms
[293.653s][info][gc,heap        ] GC(413) Eden regions: 3->0(3)
[293.653s][info][gc,heap        ] GC(413) Survivor regions: 1->1(1)
[293.653s][info][gc,heap        ] GC(413) Old regions: 2->2
[293.653s][info][gc,heap        ] GC(413) Archive regions: 0->0
[293.653s][info][gc,heap        ] GC(413) Humongous regions: 0->0
[293.653s][info][gc,metaspace   ] GC(413) Metaspace: 9935K(10240K)->9935K(10240K) NonClass: 8636K(8832K)->8636K(8832K) Class: 1299K(1408K)->1299K(1408K)
[293.653s][info][gc             ] GC(413) Pause Young (Normal) (G1 Evacuation Pause) 53M->5M(112M) 3.193ms
[293.653s][info][gc,cpu         ] GC(413) User=0.00s Sys=0.00s Real=0.00s
[293.853s][info][gc,start       ] GC(414) Pause Young (Normal) (G1 Evacuation Pause)
[293.853s][info][gc,task        ] GC(414) Using 2 workers of 33 for evacuation
[293.856s][info][gc,phases      ] GC(414)   Pre Evacuate Collection Set: 0.1ms
[293.856s][info][gc,phases      ] GC(414)   Merge Heap Roots: 0.2ms
[293.856s][info][gc,phases      ] GC(414)   Evacuate Collection Set: 2.4ms
[293.856s][info][gc,phases      ] GC(414)   Post Evacuate Collection Set: 0.2ms
[293.856s][info][gc,phases      ] GC(414)   Other: 0.1ms
[293.856s][info][gc,heap        ] GC(414) Eden regions: 3->0(3)
[293.856s][info][gc,heap        ] GC(414) Survivor regions: 1->1(1)
[293.856s][info][gc,heap        ] GC(414) Old regions: 2->2
[293.857s][info][gc,heap        ] GC(414) Archive regions: 0->0
[293.857s][info][gc,heap        ] GC(414) Humongous regions: 0->0
[293.857s][info][gc,metaspace   ] GC(414) Metaspace: 9935K(10240K)->9935K(10240K) NonClass: 8636K(8832K)->8636K(8832K) Class: 1299K(1408K)->1299K(1408K)
[293.857s][info][gc             ] GC(414) Pause Young (Normal) (G1 Evacuation Pause) 53M->5M(112M) 3.672ms
[293.857s][info][gc,cpu         ] GC(414) User=0.00s Sys=0.02s Real=0.02s
[294.059s][info][gc,start       ] GC(415) Pause Young (Normal) (G1 Evacuation Pause)
[294.059s][info][gc,task        ] GC(415) Using 2 workers of 33 for evacuation
[294.070s][info][gc,phases      ] GC(415)   Pre Evacuate Collection Set: 0.1ms
[294.070s][info][gc,phases      ] GC(415)   Merge Heap Roots: 0.1ms
[294.070s][info][gc,phases      ] GC(415)   Evacuate Collection Set: 3.6ms
[294.070s][info][gc,phases      ] GC(415)   Post Evacuate Collection Set: 7.1ms
[294.070s][info][gc,phases      ] GC(415)   Other: 0.1ms
[294.070s][info][gc,heap        ] GC(415) Eden regions: 3->0(39)
[294.070s][info][gc,heap        ] GC(415) Survivor regions: 1->1(1)
[294.070s][info][gc,heap        ] GC(415) Old regions: 2->2
[294.070s][info][gc,heap        ] GC(415) Archive regions: 0->0
[294.070s][info][gc,heap        ] GC(415) Humongous regions: 0->0
[294.070s][info][gc,metaspace   ] GC(415) Metaspace: 9935K(10240K)->9935K(10240K) NonClass: 8636K(8832K)->8636K(8832K) Class: 1299K(1408K)->1299K(1408K)
[294.070s][info][gc             ] GC(415) Pause Young (Normal) (G1 Evacuation Pause) 53M->5M(1088M) 11.564ms
[294.070s][info][gc,cpu         ] GC(415) User=0.02s Sys=0.00s Real=0.01s
[296.863s][info][gc,start       ] GC(416) Pause Young (Normal) (G1 Evacuation Pause)
[296.863s][info][gc,task        ] GC(416) Using 26 workers of 33 for evacuation
[296.866s][info][gc,phases      ] GC(416)   Pre Evacuate Collection Set: 0.2ms
[296.866s][info][gc,phases      ] GC(416)   Merge Heap Roots: 0.2ms
[296.866s][info][gc,phases      ] GC(416)   Evacuate Collection Set: 1.7ms
[296.866s][info][gc,phases      ] GC(416)   Post Evacuate Collection Set: 0.5ms
[296.866s][info][gc,phases      ] GC(416)   Other: 0.2ms
[296.866s][info][gc,heap        ] GC(416) Eden regions: 39->0(39)
[296.866s][info][gc,heap        ] GC(416) Survivor regions: 1->1(5)
[296.866s][info][gc,heap        ] GC(416) Old regions: 2->2
[296.866s][info][gc,heap        ] GC(416) Archive regions: 0->0
[296.866s][info][gc,heap        ] GC(416) Humongous regions: 0->0
[296.866s][info][gc,metaspace   ] GC(416) Metaspace: 9935K(10240K)->9935K(10240K) NonClass: 8636K(8832K)->8636K(8832K) Class: 1299K(1408K)->1299K(1408K)
[296.867s][info][gc             ] GC(416) Pause Young (Normal) (G1 Evacuation Pause) 629M->5M(1088M) 3.253ms
[296.867s][info][gc,cpu         ] GC(416) User=0.00s Sys=0.00s Real=0.00s
[299.529s][info][gc,start       ] GC(417) Pause Young (Normal) (G1 Evacuation Pause)
[299.530s][info][gc,task        ] GC(417) Using 26 workers of 33 for evacuation
[299.532s][info][gc,phases      ] GC(417)   Pre Evacuate Collection Set: 0.2ms
[299.532s][info][gc,phases      ] GC(417)   Merge Heap Roots: 0.2ms
[299.532s][info][gc,phases      ] GC(417)   Evacuate Collection Set: 1.7ms
[299.532s][info][gc,phases      ] GC(417)   Post Evacuate Collection Set: 0.5ms
[299.532s][info][gc,phases      ] GC(417)   Other: 0.1ms
[299.532s][info][gc,heap        ] GC(417) Eden regions: 39->0(39)
[299.533s][info][gc,heap        ] GC(417) Survivor regions: 1->1(5)
[299.533s][info][gc,heap        ] GC(417) Old regions: 2->2
[299.533s][info][gc,heap        ] GC(417) Archive regions: 0->0
[299.533s][info][gc,heap        ] GC(417) Humongous regions: 0->0
[299.533s][info][gc,metaspace   ] GC(417) Metaspace: 9935K(10240K)->9935K(10240K) NonClass: 8636K(8832K)->8636K(8832K) Class: 1299K(1408K)->1299K(1408K)
[299.533s][info][gc             ] GC(417) Pause Young (Normal) (G1 Evacuation Pause) 629M->5M(1088M) 3.306ms
[299.533s][info][gc,cpu         ] GC(417) User=0.00s Sys=0.00s Real=0.00s
[300.130s][info][gc,start       ] GC(418) Pause Full (System.gc())
[300.131s][info][gc,task        ] GC(418) Using 6 workers of 33 for full compaction
[300.131s][info][gc,phases,start] GC(418) Phase 1: Mark live objects
[300.136s][info][gc,phases      ] GC(418) Phase 1: Mark live objects 5.495ms
[300.136s][info][gc,phases,start] GC(418) Phase 2: Prepare compaction
[300.140s][info][gc,phases      ] GC(418) Phase 2: Prepare compaction 3.478ms
[300.140s][info][gc,phases,start] GC(418) Phase 3: Adjust pointers
[300.145s][info][gc,phases      ] GC(418) Phase 3: Adjust pointers 5.030ms
[300.145s][info][gc,phases,start] GC(418) Phase 4: Compact heap
[300.147s][info][gc,phases      ] GC(418) Phase 4: Compact heap 1.772ms
[300.156s][info][gc,heap        ] GC(418) Eden regions: 9->0(4)
[300.156s][info][gc,heap        ] GC(418) Survivor regions: 1->0(5)
[300.156s][info][gc,heap        ] GC(418) Old regions: 2->2
[300.156s][info][gc,heap        ] GC(418) Archive regions: 0->0
[300.156s][info][gc,heap        ] GC(418) Humongous regions: 0->0
[300.156s][info][gc,metaspace   ] GC(418) Metaspace: 9936K(10240K)->9936K(10240K) NonClass: 8636K(8832K)->8636K(8832K) Class: 1299K(1408K)->1299K(1408K)
[300.156s][info][gc             ] GC(418) Pause Full (System.gc()) 148M->3M(112M) 25.863ms
[300.156s][info][gc,cpu         ] GC(418) User=0.13s Sys=0.00s Real=0.03s
[300.424s][info][gc,start       ] GC(419) Pause Young (Normal) (G1 Evacuation Pause)
[300.424s][info][gc,task        ] GC(419) Using 4 workers of 33 for evacuation
[300.427s][info][gc,phases      ] GC(419)   Pre Evacuate Collection Set: 0.1ms
[300.427s][info][gc,phases      ] GC(419)   Merge Heap Roots: 0.1ms
[300.427s][info][gc,phases      ] GC(419)   Evacuate Collection Set: 1.6ms
[300.427s][info][gc,phases      ] GC(419)   Post Evacuate Collection Set: 0.2ms
[300.427s][info][gc,phases      ] GC(419)   Other: 0.1ms
[300.427s][info][gc,heap        ] GC(419) Eden regions: 4->0(3)
[300.427s][info][gc,heap        ] GC(419) Survivor regions: 0->1(1)
[300.427s][info][gc,heap        ] GC(419) Old regions: 2->2
[300.427s][info][gc,heap        ] GC(419) Archive regions: 0->0
[300.427s][info][gc,heap        ] GC(419) Humongous regions: 0->0
[300.427s][info][gc,metaspace   ] GC(419) Metaspace: 9936K(10240K)->9936K(10240K) NonClass: 8636K(8832K)->8636K(8832K) Class: 1299K(1408K)->1299K(1408K)
[300.427s][info][gc             ] GC(419) Pause Young (Normal) (G1 Evacuation Pause) 67M->5M(112M) 2.664ms
[300.427s][info][gc,cpu         ] GC(419) User=0.00s Sys=0.00s Real=0.00s
[300.623s][info][gc,start       ] GC(420) Pause Young (Normal) (G1 Evacuation Pause)
[300.623s][info][gc,task        ] GC(420) Using 3 workers of 33 for evacuation
[300.626s][info][gc,phases      ] GC(420)   Pre Evacuate Collection Set: 0.1ms
[300.626s][info][gc,phases      ] GC(420)   Merge Heap Roots: 0.1ms
[300.626s][info][gc,phases      ] GC(420)   Evacuate Collection Set: 2.4ms
[300.626s][info][gc,phases      ] GC(420)   Post Evacuate Collection Set: 0.2ms
[300.627s][info][gc,phases      ] GC(420)   Other: 0.1ms
[300.627s][info][gc,heap        ] GC(420) Eden regions: 3->0(3)
[300.627s][info][gc,heap        ] GC(420) Survivor regions: 1->1(1)
[300.627s][info][gc,heap        ] GC(420) Old regions: 2->2
[300.627s][info][gc,heap        ] GC(420) Archive regions: 0->0
[300.627s][info][gc,heap        ] GC(420) Humongous regions: 0->0
[300.627s][info][gc,metaspace   ] GC(420) Metaspace: 9936K(10240K)->9936K(10240K) NonClass: 8636K(8832K)->8636K(8832K) Class: 1299K(1408K)->1299K(1408K)
[300.627s][info][gc             ] GC(420) Pause Young (Normal) (G1 Evacuation Pause) 53M->5M(112M) 3.481ms
[300.627s][info][gc,cpu         ] GC(420) User=0.00s Sys=0.00s Real=0.00s
[300.824s][info][gc,start       ] GC(421) Pause Young (Normal) (G1 Evacuation Pause)
[300.824s][info][gc,task        ] GC(421) Using 2 workers of 33 for evacuation
[300.828s][info][gc,phases      ] GC(421)   Pre Evacuate Collection Set: 0.1ms
[300.828s][info][gc,phases      ] GC(421)   Merge Heap Roots: 0.2ms
[300.828s][info][gc,phases      ] GC(421)   Evacuate Collection Set: 3.5ms
[300.828s][info][gc,phases      ] GC(421)   Post Evacuate Collection Set: 0.2ms
[300.828s][info][gc,phases      ] GC(421)   Other: 0.1ms
[300.828s][info][gc,heap        ] GC(421) Eden regions: 3->0(3)
[300.829s][info][gc,heap        ] GC(421) Survivor regions: 1->1(1)
[300.829s][info][gc,heap        ] GC(421) Old regions: 2->2
[300.829s][info][gc,heap        ] GC(421) Archive regions: 0->0
[300.829s][info][gc,heap        ] GC(421) Humongous regions: 0->0
[300.829s][info][gc,metaspace   ] GC(421) Metaspace: 9936K(10240K)->9936K(10240K) NonClass: 8636K(8832K)->8636K(8832K) Class: 1299K(1408K)->1299K(1408K)
[300.829s][info][gc             ] GC(421) Pause Young (Normal) (G1 Evacuation Pause) 53M->5M(112M) 4.591ms
[300.829s][info][gc,cpu         ] GC(421) User=0.00s Sys=0.00s Real=0.00s
[301.031s][info][gc,start       ] GC(422) Pause Young (Normal) (G1 Evacuation Pause)
[301.031s][info][gc,task        ] GC(422) Using 2 workers of 33 for evacuation
[301.042s][info][gc,phases      ] GC(422)   Pre Evacuate Collection Set: 0.1ms
[301.042s][info][gc,phases      ] GC(422)   Merge Heap Roots: 0.1ms
[301.042s][info][gc,phases      ] GC(422)   Evacuate Collection Set: 3.2ms
[301.042s][info][gc,phases      ] GC(422)   Post Evacuate Collection Set: 7.0ms
[301.042s][info][gc,phases      ] GC(422)   Other: 0.1ms
[301.042s][info][gc,heap        ] GC(422) Eden regions: 3->0(39)
[301.042s][info][gc,heap        ] GC(422) Survivor regions: 1->1(1)
[301.042s][info][gc,heap        ] GC(422) Old regions: 2->2
[301.042s][info][gc,heap        ] GC(422) Archive regions: 0->0
[301.042s][info][gc,heap        ] GC(422) Humongous regions: 0->0
[301.042s][info][gc,metaspace   ] GC(422) Metaspace: 9936K(10240K)->9936K(10240K) NonClass: 8636K(8832K)->8636K(8832K) Class: 1299K(1408K)->1299K(1408K)
[301.042s][info][gc             ] GC(422) Pause Young (Normal) (G1 Evacuation Pause) 53M->5M(1088M) 11.145ms
[301.042s][info][gc,cpu         ] GC(422) User=0.00s Sys=0.02s Real=0.01s
[303.855s][info][gc,start       ] GC(423) Pause Young (Normal) (G1 Evacuation Pause)
[303.855s][info][gc,task        ] GC(423) Using 26 workers of 33 for evacuation
[303.858s][info][gc,phases      ] GC(423)   Pre Evacuate Collection Set: 0.2ms
[303.858s][info][gc,phases      ] GC(423)   Merge Heap Roots: 0.2ms
[303.858s][info][gc,phases      ] GC(423)   Evacuate Collection Set: 1.8ms
[303.858s][info][gc,phases      ] GC(423)   Post Evacuate Collection Set: 0.5ms
[303.858s][info][gc,phases      ] GC(423)   Other: 0.1ms
[303.858s][info][gc,heap        ] GC(423) Eden regions: 39->0(39)
[303.858s][info][gc,heap        ] GC(423) Survivor regions: 1->1(5)
[303.858s][info][gc,heap        ] GC(423) Old regions: 2->2
[303.858s][info][gc,heap        ] GC(423) Archive regions: 0->0
[303.858s][info][gc,heap        ] GC(423) Humongous regions: 0->0
[303.858s][info][gc,metaspace   ] GC(423) Metaspace: 9936K(10240K)->9936K(10240K) NonClass: 8636K(8832K)->8636K(8832K) Class: 1299K(1408K)->1299K(1408K)
[303.858s][info][gc             ] GC(423) Pause Young (Normal) (G1 Evacuation Pause) 629M->5M(1088M) 3.366ms
[303.858s][info][gc,cpu         ] GC(423) User=0.00s Sys=0.00s Real=0.00s
[306.502s][info][gc,start       ] GC(424) Pause Young (Normal) (G1 Evacuation Pause)
[306.502s][info][gc,task        ] GC(424) Using 26 workers of 33 for evacuation
[306.505s][info][gc,phases      ] GC(424)   Pre Evacuate Collection Set: 0.1ms
[306.505s][info][gc,phases      ] GC(424)   Merge Heap Roots: 0.2ms
[306.505s][info][gc,phases      ] GC(424)   Evacuate Collection Set: 2.0ms
[306.505s][info][gc,phases      ] GC(424)   Post Evacuate Collection Set: 0.5ms
[306.505s][info][gc,phases      ] GC(424)   Other: 0.1ms
[306.505s][info][gc,heap        ] GC(424) Eden regions: 39->0(39)
[306.505s][info][gc,heap        ] GC(424) Survivor regions: 1->1(5)
[306.505s][info][gc,heap        ] GC(424) Old regions: 2->2
[306.505s][info][gc,heap        ] GC(424) Archive regions: 0->0
[306.505s][info][gc,heap        ] GC(424) Humongous regions: 0->0
[306.505s][info][gc,metaspace   ] GC(424) Metaspace: 9936K(10240K)->9936K(10240K) NonClass: 8636K(8832K)->8636K(8832K) Class: 1299K(1408K)->1299K(1408K)
[306.505s][info][gc             ] GC(424) Pause Young (Normal) (G1 Evacuation Pause) 629M->5M(1088M) 3.535ms
[306.505s][info][gc,cpu         ] GC(424) User=0.00s Sys=0.00s Real=0.00s
[307.095s][info][gc,start       ] GC(425) Pause Full (System.gc())
[307.095s][info][gc,task        ] GC(425) Using 6 workers of 33 for full compaction
[307.096s][info][gc,phases,start] GC(425) Phase 1: Mark live objects
[307.101s][info][gc,phases      ] GC(425) Phase 1: Mark live objects 4.968ms
[307.101s][info][gc,phases,start] GC(425) Phase 2: Prepare compaction
[307.104s][info][gc,phases      ] GC(425) Phase 2: Prepare compaction 3.377ms
[307.104s][info][gc,phases,start] GC(425) Phase 3: Adjust pointers
[307.109s][info][gc,phases      ] GC(425) Phase 3: Adjust pointers 4.936ms
[307.109s][info][gc,phases,start] GC(425) Phase 4: Compact heap
[307.112s][info][gc,phases      ] GC(425) Phase 4: Compact heap 2.447ms
[307.120s][info][gc,heap        ] GC(425) Eden regions: 9->0(4)
[307.120s][info][gc,heap        ] GC(425) Survivor regions: 1->0(5)
[307.120s][info][gc,heap        ] GC(425) Old regions: 2->2
[307.120s][info][gc,heap        ] GC(425) Archive regions: 0->0
[307.120s][info][gc,heap        ] GC(425) Humongous regions: 0->0
[307.120s][info][gc,metaspace   ] GC(425) Metaspace: 9936K(10240K)->9936K(10240K) NonClass: 8636K(8832K)->8636K(8832K) Class: 1299K(1408K)->1299K(1408K)
[307.120s][info][gc             ] GC(425) Pause Full (System.gc()) 148M->3M(112M) 24.812ms
[307.120s][info][gc,cpu         ] GC(425) User=0.09s Sys=0.27s Real=0.03s
[307.359s][info][gc,start       ] GC(426) Pause Young (Normal) (G1 Evacuation Pause)
[307.359s][info][gc,task        ] GC(426) Using 4 workers of 33 for evacuation
[307.361s][info][gc,phases      ] GC(426)   Pre Evacuate Collection Set: 0.1ms
[307.361s][info][gc,phases      ] GC(426)   Merge Heap Roots: 0.1ms
[307.361s][info][gc,phases      ] GC(426)   Evacuate Collection Set: 1.4ms
[307.361s][info][gc,phases      ] GC(426)   Post Evacuate Collection Set: 0.2ms
[307.361s][info][gc,phases      ] GC(426)   Other: 0.1ms
[307.361s][info][gc,heap        ] GC(426) Eden regions: 4->0(3)
[307.362s][info][gc,heap        ] GC(426) Survivor regions: 0->1(1)
[307.362s][info][gc,heap        ] GC(426) Old regions: 2->2
[307.362s][info][gc,heap        ] GC(426) Archive regions: 0->0
[307.362s][info][gc,heap        ] GC(426) Humongous regions: 0->0
[307.362s][info][gc,metaspace   ] GC(426) Metaspace: 9936K(10240K)->9936K(10240K) NonClass: 8636K(8832K)->8636K(8832K) Class: 1299K(1408K)->1299K(1408K)
[307.362s][info][gc             ] GC(426) Pause Young (Normal) (G1 Evacuation Pause) 67M->5M(112M) 2.432ms
[307.362s][info][gc,cpu         ] GC(426) User=0.00s Sys=0.00s Real=0.00s
[307.551s][info][gc,start       ] GC(427) Pause Young (Normal) (G1 Evacuation Pause)
[307.552s][info][gc,task        ] GC(427) Using 3 workers of 33 for evacuation
[307.554s][info][gc,phases      ] GC(427)   Pre Evacuate Collection Set: 0.1ms
[307.554s][info][gc,phases      ] GC(427)   Merge Heap Roots: 0.1ms
[307.554s][info][gc,phases      ] GC(427)   Evacuate Collection Set: 2.3ms
[307.554s][info][gc,phases      ] GC(427)   Post Evacuate Collection Set: 0.2ms
[307.554s][info][gc,phases      ] GC(427)   Other: 0.1ms
[307.555s][info][gc,heap        ] GC(427) Eden regions: 3->0(3)
[307.555s][info][gc,heap        ] GC(427) Survivor regions: 1->1(1)
[307.555s][info][gc,heap        ] GC(427) Old regions: 2->2
[307.555s][info][gc,heap        ] GC(427) Archive regions: 0->0
[307.555s][info][gc,heap        ] GC(427) Humongous regions: 0->0
[307.555s][info][gc,metaspace   ] GC(427) Metaspace: 9936K(10240K)->9936K(10240K) NonClass: 8636K(8832K)->8636K(8832K) Class: 1299K(1408K)->1299K(1408K)
[307.555s][info][gc             ] GC(427) Pause Young (Normal) (G1 Evacuation Pause) 53M->5M(112M) 3.292ms
[307.555s][info][gc,cpu         ] GC(427) User=0.05s Sys=0.00s Real=0.00s
[307.746s][info][gc,start       ] GC(428) Pause Young (Normal) (G1 Evacuation Pause)
[307.746s][info][gc,task        ] GC(428) Using 2 workers of 33 for evacuation
[307.750s][info][gc,phases      ] GC(428)   Pre Evacuate Collection Set: 0.1ms
[307.750s][info][gc,phases      ] GC(428)   Merge Heap Roots: 0.1ms
[307.750s][info][gc,phases      ] GC(428)   Evacuate Collection Set: 3.3ms
[307.750s][info][gc,phases      ] GC(428)   Post Evacuate Collection Set: 0.2ms
[307.750s][info][gc,phases      ] GC(428)   Other: 0.1ms
[307.750s][info][gc,heap        ] GC(428) Eden regions: 3->0(3)
[307.750s][info][gc,heap        ] GC(428) Survivor regions: 1->1(1)
[307.750s][info][gc,heap        ] GC(428) Old regions: 2->2
[307.750s][info][gc,heap        ] GC(428) Archive regions: 0->0
[307.750s][info][gc,heap        ] GC(428) Humongous regions: 0->0
[307.750s][info][gc,metaspace   ] GC(428) Metaspace: 9936K(10240K)->9936K(10240K) NonClass: 8636K(8832K)->8636K(8832K) Class: 1299K(1408K)->1299K(1408K)
[307.750s][info][gc             ] GC(428) Pause Young (Normal) (G1 Evacuation Pause) 53M->5M(112M) 4.372ms
[307.750s][info][gc,cpu         ] GC(428) User=0.00s Sys=0.00s Real=0.00s
[307.942s][info][gc,start       ] GC(429) Pause Young (Normal) (G1 Evacuation Pause)
[307.942s][info][gc,task        ] GC(429) Using 2 workers of 33 for evacuation
[307.953s][info][gc,phases      ] GC(429)   Pre Evacuate Collection Set: 0.1ms
[307.953s][info][gc,phases      ] GC(429)   Merge Heap Roots: 0.1ms
[307.953s][info][gc,phases      ] GC(429)   Evacuate Collection Set: 3.5ms
[307.953s][info][gc,phases      ] GC(429)   Post Evacuate Collection Set: 7.1ms
[307.954s][info][gc,phases      ] GC(429)   Other: 0.1ms
[307.954s][info][gc,heap        ] GC(429) Eden regions: 3->0(39)
[307.954s][info][gc,heap        ] GC(429) Survivor regions: 1->1(1)
[307.954s][info][gc,heap        ] GC(429) Old regions: 2->2
[307.954s][info][gc,heap        ] GC(429) Archive regions: 0->0
[307.954s][info][gc,heap        ] GC(429) Humongous regions: 0->0
[307.954s][info][gc,metaspace   ] GC(429) Metaspace: 9936K(10240K)->9936K(10240K) NonClass: 8636K(8832K)->8636K(8832K) Class: 1299K(1408K)->1299K(1408K)
[307.954s][info][gc             ] GC(429) Pause Young (Normal) (G1 Evacuation Pause) 53M->5M(1088M) 11.462ms
[307.954s][info][gc,cpu         ] GC(429) User=0.03s Sys=0.00s Real=0.01s
[310.710s][info][gc,start       ] GC(430) Pause Young (Normal) (G1 Evacuation Pause)
[310.710s][info][gc,task        ] GC(430) Using 26 workers of 33 for evacuation
[310.713s][info][gc,phases      ] GC(430)   Pre Evacuate Collection Set: 0.1ms
[310.713s][info][gc,phases      ] GC(430)   Merge Heap Roots: 0.2ms
[310.713s][info][gc,phases      ] GC(430)   Evacuate Collection Set: 1.4ms
[310.713s][info][gc,phases      ] GC(430)   Post Evacuate Collection Set: 0.5ms
[310.713s][info][gc,phases      ] GC(430)   Other: 0.1ms
[310.713s][info][gc,heap        ] GC(430) Eden regions: 39->0(39)
[310.713s][info][gc,heap        ] GC(430) Survivor regions: 1->1(5)
[310.713s][info][gc,heap        ] GC(430) Old regions: 2->2
[310.713s][info][gc,heap        ] GC(430) Archive regions: 0->0
[310.713s][info][gc,heap        ] GC(430) Humongous regions: 0->0
[310.713s][info][gc,metaspace   ] GC(430) Metaspace: 9936K(10240K)->9936K(10240K) NonClass: 8636K(8832K)->8636K(8832K) Class: 1299K(1408K)->1299K(1408K)
[310.713s][info][gc             ] GC(430) Pause Young (Normal) (G1 Evacuation Pause) 629M->5M(1088M) 2.853ms
[310.713s][info][gc,cpu         ] GC(430) User=0.00s Sys=0.00s Real=0.00s
[313.298s][info][gc,start       ] GC(431) Pause Young (Normal) (G1 Evacuation Pause)
[313.298s][info][gc,task        ] GC(431) Using 26 workers of 33 for evacuation
[313.301s][info][gc,phases      ] GC(431)   Pre Evacuate Collection Set: 0.1ms
[313.301s][info][gc,phases      ] GC(431)   Merge Heap Roots: 0.2ms
[313.301s][info][gc,phases      ] GC(431)   Evacuate Collection Set: 1.9ms
[313.301s][info][gc,phases      ] GC(431)   Post Evacuate Collection Set: 0.5ms
[313.301s][info][gc,phases      ] GC(431)   Other: 0.1ms
[313.301s][info][gc,heap        ] GC(431) Eden regions: 39->0(39)
[313.301s][info][gc,heap        ] GC(431) Survivor regions: 1->1(5)
[313.301s][info][gc,heap        ] GC(431) Old regions: 2->2
[313.301s][info][gc,heap        ] GC(431) Archive regions: 0->0
[313.301s][info][gc,heap        ] GC(431) Humongous regions: 0->0
[313.301s][info][gc,metaspace   ] GC(431) Metaspace: 9936K(10240K)->9936K(10240K) NonClass: 8636K(8832K)->8636K(8832K) Class: 1299K(1408K)->1299K(1408K)
[313.301s][info][gc             ] GC(431) Pause Young (Normal) (G1 Evacuation Pause) 629M->5M(1088M) 3.330ms
[313.301s][info][gc,cpu         ] GC(431) User=0.00s Sys=0.00s Real=0.00s
[313.877s][info][gc,start       ] GC(432) Pause Full (System.gc())
[313.877s][info][gc,task        ] GC(432) Using 6 workers of 33 for full compaction
[313.878s][info][gc,phases,start] GC(432) Phase 1: Mark live objects
[313.883s][info][gc,phases      ] GC(432) Phase 1: Mark live objects 5.106ms
[313.883s][info][gc,phases,start] GC(432) Phase 2: Prepare compaction
[313.886s][info][gc,phases      ] GC(432) Phase 2: Prepare compaction 3.356ms
[313.886s][info][gc,phases,start] GC(432) Phase 3: Adjust pointers
[313.891s][info][gc,phases      ] GC(432) Phase 3: Adjust pointers 4.877ms
[313.891s][info][gc,phases,start] GC(432) Phase 4: Compact heap
[313.894s][info][gc,phases      ] GC(432) Phase 4: Compact heap 2.428ms
[313.901s][info][gc,heap        ] GC(432) Eden regions: 10->0(6)
[313.902s][info][gc,heap        ] GC(432) Survivor regions: 1->0(5)
[313.902s][info][gc,heap        ] GC(432) Old regions: 2->3
[313.902s][info][gc,heap        ] GC(432) Archive regions: 0->0
[313.902s][info][gc,heap        ] GC(432) Humongous regions: 0->0
[313.902s][info][gc,metaspace   ] GC(432) Metaspace: 9936K(10240K)->9936K(10240K) NonClass: 8636K(8832K)->8636K(8832K) Class: 1299K(1408K)->1299K(1408K)
[313.902s][info][gc             ] GC(432) Pause Full (System.gc()) 151M->3M(160M) 24.581ms
[313.902s][info][gc,cpu         ] GC(432) User=0.11s Sys=0.25s Real=0.03s
[314.292s][info][gc,start       ] GC(433) Pause Young (Normal) (G1 Evacuation Pause)
[314.292s][info][gc,task        ] GC(433) Using 4 workers of 33 for evacuation
[314.295s][info][gc,phases      ] GC(433)   Pre Evacuate Collection Set: 0.1ms
[314.295s][info][gc,phases      ] GC(433)   Merge Heap Roots: 0.1ms
[314.295s][info][gc,phases      ] GC(433)   Evacuate Collection Set: 2.0ms
[314.295s][info][gc,phases      ] GC(433)   Post Evacuate Collection Set: 0.2ms
[314.295s][info][gc,phases      ] GC(433)   Other: 0.1ms
[314.295s][info][gc,heap        ] GC(433) Eden regions: 6->0(5)
[314.295s][info][gc,heap        ] GC(433) Survivor regions: 0->1(1)
[314.295s][info][gc,heap        ] GC(433) Old regions: 3->3
[314.295s][info][gc,heap        ] GC(433) Archive regions: 0->0
[314.295s][info][gc,heap        ] GC(433) Humongous regions: 0->0
[314.295s][info][gc,metaspace   ] GC(433) Metaspace: 9936K(10240K)->9936K(10240K) NonClass: 8636K(8832K)->8636K(8832K) Class: 1299K(1408K)->1299K(1408K)
[314.295s][info][gc             ] GC(433) Pause Young (Normal) (G1 Evacuation Pause) 99M->5M(160M) 3.029ms
[314.295s][info][gc,cpu         ] GC(433) User=0.00s Sys=0.00s Real=0.00s
[314.635s][info][gc,start       ] GC(434) Pause Young (Normal) (G1 Evacuation Pause)
[314.635s][info][gc,task        ] GC(434) Using 3 workers of 33 for evacuation
[314.639s][info][gc,phases      ] GC(434)   Pre Evacuate Collection Set: 0.1ms
[314.639s][info][gc,phases      ] GC(434)   Merge Heap Roots: 0.2ms
[314.639s][info][gc,phases      ] GC(434)   Evacuate Collection Set: 2.4ms
[314.639s][info][gc,phases      ] GC(434)   Post Evacuate Collection Set: 0.2ms
[314.639s][info][gc,phases      ] GC(434)   Other: 0.4ms
[314.639s][info][gc,heap        ] GC(434) Eden regions: 5->0(5)
[314.639s][info][gc,heap        ] GC(434) Survivor regions: 1->1(1)
[314.639s][info][gc,heap        ] GC(434) Old regions: 3->3
[314.639s][info][gc,heap        ] GC(434) Archive regions: 0->0
[314.639s][info][gc,heap        ] GC(434) Humongous regions: 0->0
[314.639s][info][gc,metaspace   ] GC(434) Metaspace: 9936K(10240K)->9936K(10240K) NonClass: 8636K(8832K)->8636K(8832K) Class: 1299K(1408K)->1299K(1408K)
[314.639s][info][gc             ] GC(434) Pause Young (Normal) (G1 Evacuation Pause) 85M->5M(160M) 3.774ms
[314.639s][info][gc,cpu         ] GC(434) User=0.00s Sys=0.00s Real=0.00s
[314.982s][info][gc,start       ] GC(435) Pause Young (Normal) (G1 Evacuation Pause)
[314.982s][info][gc,task        ] GC(435) Using 3 workers of 33 for evacuation
[314.985s][info][gc,phases      ] GC(435)   Pre Evacuate Collection Set: 0.1ms
[314.985s][info][gc,phases      ] GC(435)   Merge Heap Roots: 0.2ms
[314.985s][info][gc,phases      ] GC(435)   Evacuate Collection Set: 2.4ms
[314.985s][info][gc,phases      ] GC(435)   Post Evacuate Collection Set: 0.2ms
[314.985s][info][gc,phases      ] GC(435)   Other: 0.1ms
[314.985s][info][gc,heap        ] GC(435) Eden regions: 5->0(5)
[314.985s][info][gc,heap        ] GC(435) Survivor regions: 1->1(1)
[314.985s][info][gc,heap        ] GC(435) Old regions: 3->3
[314.985s][info][gc,heap        ] GC(435) Archive regions: 0->0
[314.985s][info][gc,heap        ] GC(435) Humongous regions: 0->0
[314.985s][info][gc,metaspace   ] GC(435) Metaspace: 9936K(10240K)->9936K(10240K) NonClass: 8636K(8832K)->8636K(8832K) Class: 1299K(1408K)->1299K(1408K)
[314.985s][info][gc             ] GC(435) Pause Young (Normal) (G1 Evacuation Pause) 85M->5M(160M) 3.547ms
[314.985s][info][gc,cpu         ] GC(435) User=0.00s Sys=0.00s Real=0.00s
[315.324s][info][gc,start       ] GC(436) Pause Young (Normal) (G1 Evacuation Pause)
[315.324s][info][gc,task        ] GC(436) Using 3 workers of 33 for evacuation
[315.327s][info][gc,phases      ] GC(436)   Pre Evacuate Collection Set: 0.1ms
[315.328s][info][gc,phases      ] GC(436)   Merge Heap Roots: 0.2ms
[315.328s][info][gc,phases      ] GC(436)   Evacuate Collection Set: 2.4ms
[315.328s][info][gc,phases      ] GC(436)   Post Evacuate Collection Set: 0.3ms
[315.328s][info][gc,phases      ] GC(436)   Other: 0.1ms
[315.328s][info][gc,heap        ] GC(436) Eden regions: 5->0(5)
[315.328s][info][gc,heap        ] GC(436) Survivor regions: 1->1(1)
[315.328s][info][gc,heap        ] GC(436) Old regions: 3->3
[315.328s][info][gc,heap        ] GC(436) Archive regions: 0->0
[315.328s][info][gc,heap        ] GC(436) Humongous regions: 0->0
[315.328s][info][gc,metaspace   ] GC(436) Metaspace: 9936K(10240K)->9936K(10240K) NonClass: 8636K(8832K)->8636K(8832K) Class: 1299K(1408K)->1299K(1408K)
[315.328s][info][gc             ] GC(436) Pause Young (Normal) (G1 Evacuation Pause) 85M->5M(160M) 3.556ms
[315.328s][info][gc,cpu         ] GC(436) User=0.00s Sys=0.00s Real=0.00s
[315.649s][info][gc,start       ] GC(437) Pause Young (Normal) (G1 Evacuation Pause)
[315.649s][info][gc,task        ] GC(437) Using 3 workers of 33 for evacuation
[315.652s][info][gc,phases      ] GC(437)   Pre Evacuate Collection Set: 0.1ms
[315.652s][info][gc,phases      ] GC(437)   Merge Heap Roots: 0.1ms
[315.652s][info][gc,phases      ] GC(437)   Evacuate Collection Set: 2.3ms
[315.652s][info][gc,phases      ] GC(437)   Post Evacuate Collection Set: 0.2ms
[315.652s][info][gc,phases      ] GC(437)   Other: 0.1ms
[315.652s][info][gc,heap        ] GC(437) Eden regions: 5->0(5)
[315.652s][info][gc,heap        ] GC(437) Survivor regions: 1->1(1)
[315.652s][info][gc,heap        ] GC(437) Old regions: 3->3
[315.652s][info][gc,heap        ] GC(437) Archive regions: 0->0
[315.652s][info][gc,heap        ] GC(437) Humongous regions: 0->0
[315.652s][info][gc,metaspace   ] GC(437) Metaspace: 9936K(10240K)->9936K(10240K) NonClass: 8636K(8832K)->8636K(8832K) Class: 1299K(1408K)->1299K(1408K)
[315.653s][info][gc             ] GC(437) Pause Young (Normal) (G1 Evacuation Pause) 85M->5M(160M) 3.514ms
[315.653s][info][gc,cpu         ] GC(437) User=0.00s Sys=0.00s Real=0.00s
[315.980s][info][gc,start       ] GC(438) Pause Young (Normal) (G1 Evacuation Pause)
[315.980s][info][gc,task        ] GC(438) Using 3 workers of 33 for evacuation
[315.983s][info][gc,phases      ] GC(438)   Pre Evacuate Collection Set: 0.1ms
[315.983s][info][gc,phases      ] GC(438)   Merge Heap Roots: 0.1ms
[315.983s][info][gc,phases      ] GC(438)   Evacuate Collection Set: 2.3ms
[315.983s][info][gc,phases      ] GC(438)   Post Evacuate Collection Set: 0.2ms
[315.983s][info][gc,phases      ] GC(438)   Other: 0.1ms
[315.983s][info][gc,heap        ] GC(438) Eden regions: 5->0(5)
[315.983s][info][gc,heap        ] GC(438) Survivor regions: 1->1(1)
[315.983s][info][gc,heap        ] GC(438) Old regions: 3->3
[315.983s][info][gc,heap        ] GC(438) Archive regions: 0->0
[315.983s][info][gc,heap        ] GC(438) Humongous regions: 0->0
[315.983s][info][gc,metaspace   ] GC(438) Metaspace: 9936K(10240K)->9936K(10240K) NonClass: 8636K(8832K)->8636K(8832K) Class: 1299K(1408K)->1299K(1408K)
[315.983s][info][gc             ] GC(438) Pause Young (Normal) (G1 Evacuation Pause) 85M->5M(160M) 3.347ms
[315.983s][info][gc,cpu         ] GC(438) User=0.00s Sys=0.00s Real=0.00s
[316.310s][info][gc,start       ] GC(439) Pause Young (Normal) (G1 Evacuation Pause)
[316.310s][info][gc,task        ] GC(439) Using 3 workers of 33 for evacuation
[316.313s][info][gc,phases      ] GC(439)   Pre Evacuate Collection Set: 0.1ms
[316.313s][info][gc,phases      ] GC(439)   Merge Heap Roots: 0.1ms
[316.313s][info][gc,phases      ] GC(439)   Evacuate Collection Set: 2.4ms
[316.313s][info][gc,phases      ] GC(439)   Post Evacuate Collection Set: 0.2ms
[316.313s][info][gc,phases      ] GC(439)   Other: 0.1ms
[316.313s][info][gc,heap        ] GC(439) Eden regions: 5->0(5)
[316.313s][info][gc,heap        ] GC(439) Survivor regions: 1->1(1)
[316.313s][info][gc,heap        ] GC(439) Old regions: 3->3
[316.313s][info][gc,heap        ] GC(439) Archive regions: 0->0
[316.314s][info][gc,heap        ] GC(439) Humongous regions: 0->0
[316.314s][info][gc,metaspace   ] GC(439) Metaspace: 9936K(10240K)->9936K(10240K) NonClass: 8636K(8832K)->8636K(8832K) Class: 1299K(1408K)->1299K(1408K)
[316.314s][info][gc             ] GC(439) Pause Young (Normal) (G1 Evacuation Pause) 85M->5M(160M) 3.425ms
[316.314s][info][gc,cpu         ] GC(439) User=0.00s Sys=0.00s Real=0.00s
[316.642s][info][gc,start       ] GC(440) Pause Young (Normal) (G1 Evacuation Pause)
[316.642s][info][gc,task        ] GC(440) Using 3 workers of 33 for evacuation
[316.645s][info][gc,phases      ] GC(440)   Pre Evacuate Collection Set: 0.1ms
[316.645s][info][gc,phases      ] GC(440)   Merge Heap Roots: 0.1ms
[316.645s][info][gc,phases      ] GC(440)   Evacuate Collection Set: 2.3ms
[316.645s][info][gc,phases      ] GC(440)   Post Evacuate Collection Set: 0.2ms
[316.645s][info][gc,phases      ] GC(440)   Other: 0.1ms
[316.645s][info][gc,heap        ] GC(440) Eden regions: 5->0(5)
[316.645s][info][gc,heap        ] GC(440) Survivor regions: 1->1(1)
[316.645s][info][gc,heap        ] GC(440) Old regions: 3->3
[316.645s][info][gc,heap        ] GC(440) Archive regions: 0->0
[316.645s][info][gc,heap        ] GC(440) Humongous regions: 0->0
[316.645s][info][gc,metaspace   ] GC(440) Metaspace: 9936K(10240K)->9936K(10240K) NonClass: 8636K(8832K)->8636K(8832K) Class: 1299K(1408K)->1299K(1408K)
[316.646s][info][gc             ] GC(440) Pause Young (Normal) (G1 Evacuation Pause) 85M->5M(160M) 3.378ms
[316.646s][info][gc,cpu         ] GC(440) User=0.00s Sys=0.00s Real=0.00s
[316.971s][info][gc,start       ] GC(441) Pause Young (Normal) (G1 Evacuation Pause)
[316.972s][info][gc,task        ] GC(441) Using 3 workers of 33 for evacuation
[316.974s][info][gc,phases      ] GC(441)   Pre Evacuate Collection Set: 0.1ms
[316.974s][info][gc,phases      ] GC(441)   Merge Heap Roots: 0.1ms
[316.974s][info][gc,phases      ] GC(441)   Evacuate Collection Set: 2.2ms
[316.974s][info][gc,phases      ] GC(441)   Post Evacuate Collection Set: 0.2ms
[316.974s][info][gc,phases      ] GC(441)   Other: 0.1ms
[316.974s][info][gc,heap        ] GC(441) Eden regions: 5->0(5)
[316.974s][info][gc,heap        ] GC(441) Survivor regions: 1->1(1)
[316.975s][info][gc,heap        ] GC(441) Old regions: 3->3
[316.975s][info][gc,heap        ] GC(441) Archive regions: 0->0
[316.975s][info][gc,heap        ] GC(441) Humongous regions: 0->0
[316.975s][info][gc,metaspace   ] GC(441) Metaspace: 9936K(10240K)->9936K(10240K) NonClass: 8636K(8832K)->8636K(8832K) Class: 1299K(1408K)->1299K(1408K)
[316.975s][info][gc             ] GC(441) Pause Young (Normal) (G1 Evacuation Pause) 85M->5M(160M) 3.208ms
[316.975s][info][gc,cpu         ] GC(441) User=0.02s Sys=0.00s Real=0.00s
[317.304s][info][gc,start       ] GC(442) Pause Young (Normal) (G1 Evacuation Pause)
[317.305s][info][gc,task        ] GC(442) Using 3 workers of 33 for evacuation
[317.307s][info][gc,phases      ] GC(442)   Pre Evacuate Collection Set: 0.1ms
[317.307s][info][gc,phases      ] GC(442)   Merge Heap Roots: 0.1ms
[317.308s][info][gc,phases      ] GC(442)   Evacuate Collection Set: 2.3ms
[317.308s][info][gc,phases      ] GC(442)   Post Evacuate Collection Set: 0.2ms
[317.308s][info][gc,phases      ] GC(442)   Other: 0.1ms
[317.308s][info][gc,heap        ] GC(442) Eden regions: 5->0(5)
[317.308s][info][gc,heap        ] GC(442) Survivor regions: 1->1(1)
[317.308s][info][gc,heap        ] GC(442) Old regions: 3->3
[317.308s][info][gc,heap        ] GC(442) Archive regions: 0->0
[317.308s][info][gc,heap        ] GC(442) Humongous regions: 0->0
[317.308s][info][gc,metaspace   ] GC(442) Metaspace: 9936K(10240K)->9936K(10240K) NonClass: 8636K(8832K)->8636K(8832K) Class: 1299K(1408K)->1299K(1408K)
[317.308s][info][gc             ] GC(442) Pause Young (Normal) (G1 Evacuation Pause) 85M->5M(160M) 3.311ms
[317.308s][info][gc,cpu         ] GC(442) User=0.00s Sys=0.00s Real=0.00s
[317.632s][info][gc,start       ] GC(443) Pause Young (Normal) (G1 Evacuation Pause)
[317.632s][info][gc,task        ] GC(443) Using 3 workers of 33 for evacuation
[317.635s][info][gc,phases      ] GC(443)   Pre Evacuate Collection Set: 0.1ms
[317.635s][info][gc,phases      ] GC(443)   Merge Heap Roots: 0.1ms
[317.635s][info][gc,phases      ] GC(443)   Evacuate Collection Set: 2.4ms
[317.635s][info][gc,phases      ] GC(443)   Post Evacuate Collection Set: 0.2ms
[317.635s][info][gc,phases      ] GC(443)   Other: 0.1ms
[317.635s][info][gc,heap        ] GC(443) Eden regions: 5->0(5)
[317.635s][info][gc,heap        ] GC(443) Survivor regions: 1->1(1)
[317.635s][info][gc,heap        ] GC(443) Old regions: 3->3
[317.635s][info][gc,heap        ] GC(443) Archive regions: 0->0
[317.635s][info][gc,heap        ] GC(443) Humongous regions: 0->0
[317.635s][info][gc,metaspace   ] GC(443) Metaspace: 9936K(10240K)->9936K(10240K) NonClass: 8636K(8832K)->8636K(8832K) Class: 1299K(1408K)->1299K(1408K)
[317.635s][info][gc             ] GC(443) Pause Young (Normal) (G1 Evacuation Pause) 85M->5M(160M) 3.430ms
[317.635s][info][gc,cpu         ] GC(443) User=0.00s Sys=0.00s Real=0.00s
[317.958s][info][gc,start       ] GC(444) Pause Young (Normal) (G1 Evacuation Pause)
[317.958s][info][gc,task        ] GC(444) Using 3 workers of 33 for evacuation
[317.961s][info][gc,phases      ] GC(444)   Pre Evacuate Collection Set: 0.1ms
[317.961s][info][gc,phases      ] GC(444)   Merge Heap Roots: 0.2ms
[317.961s][info][gc,phases      ] GC(444)   Evacuate Collection Set: 2.4ms
[317.961s][info][gc,phases      ] GC(444)   Post Evacuate Collection Set: 0.2ms
[317.961s][info][gc,phases      ] GC(444)   Other: 0.1ms
[317.962s][info][gc,heap        ] GC(444) Eden regions: 5->0(5)
[317.962s][info][gc,heap        ] GC(444) Survivor regions: 1->1(1)
[317.962s][info][gc,heap        ] GC(444) Old regions: 3->3
[317.962s][info][gc,heap        ] GC(444) Archive regions: 0->0
[317.962s][info][gc,heap        ] GC(444) Humongous regions: 0->0
[317.962s][info][gc,metaspace   ] GC(444) Metaspace: 9936K(10240K)->9936K(10240K) NonClass: 8636K(8832K)->8636K(8832K) Class: 1299K(1408K)->1299K(1408K)
[317.962s][info][gc             ] GC(444) Pause Young (Normal) (G1 Evacuation Pause) 85M->5M(160M) 3.479ms
[317.962s][info][gc,cpu         ] GC(444) User=0.00s Sys=0.00s Real=0.00s
[318.298s][info][gc,start       ] GC(445) Pause Young (Normal) (G1 Evacuation Pause)
[318.298s][info][gc,task        ] GC(445) Using 3 workers of 33 for evacuation
[318.301s][info][gc,phases      ] GC(445)   Pre Evacuate Collection Set: 0.1ms
[318.301s][info][gc,phases      ] GC(445)   Merge Heap Roots: 0.1ms
[318.301s][info][gc,phases      ] GC(445)   Evacuate Collection Set: 2.2ms
[318.301s][info][gc,phases      ] GC(445)   Post Evacuate Collection Set: 0.2ms
[318.301s][info][gc,phases      ] GC(445)   Other: 0.1ms
[318.301s][info][gc,heap        ] GC(445) Eden regions: 5->0(5)
[318.301s][info][gc,heap        ] GC(445) Survivor regions: 1->1(1)
[318.301s][info][gc,heap        ] GC(445) Old regions: 3->3
[318.301s][info][gc,heap        ] GC(445) Archive regions: 0->0
[318.301s][info][gc,heap        ] GC(445) Humongous regions: 0->0
[318.301s][info][gc,metaspace   ] GC(445) Metaspace: 9936K(10240K)->9936K(10240K) NonClass: 8636K(8832K)->8636K(8832K) Class: 1299K(1408K)->1299K(1408K)
[318.301s][info][gc             ] GC(445) Pause Young (Normal) (G1 Evacuation Pause) 85M->5M(160M) 3.271ms
[318.301s][info][gc,cpu         ] GC(445) User=0.00s Sys=0.00s Real=0.00s
[318.621s][info][gc,start       ] GC(446) Pause Young (Normal) (G1 Evacuation Pause)
[318.621s][info][gc,task        ] GC(446) Using 3 workers of 33 for evacuation
[318.624s][info][gc,phases      ] GC(446)   Pre Evacuate Collection Set: 0.1ms
[318.624s][info][gc,phases      ] GC(446)   Merge Heap Roots: 0.1ms
[318.624s][info][gc,phases      ] GC(446)   Evacuate Collection Set: 2.2ms
[318.624s][info][gc,phases      ] GC(446)   Post Evacuate Collection Set: 0.2ms
[318.624s][info][gc,phases      ] GC(446)   Other: 0.1ms
[318.624s][info][gc,heap        ] GC(446) Eden regions: 5->0(5)
[318.624s][info][gc,heap        ] GC(446) Survivor regions: 1->1(1)
[318.624s][info][gc,heap        ] GC(446) Old regions: 3->3
[318.624s][info][gc,heap        ] GC(446) Archive regions: 0->0
[318.624s][info][gc,heap        ] GC(446) Humongous regions: 0->0
[318.624s][info][gc,metaspace   ] GC(446) Metaspace: 9936K(10240K)->9936K(10240K) NonClass: 8636K(8832K)->8636K(8832K) Class: 1299K(1408K)->1299K(1408K)
[318.624s][info][gc             ] GC(446) Pause Young (Normal) (G1 Evacuation Pause) 85M->5M(160M) 3.242ms
[318.624s][info][gc,cpu         ] GC(446) User=0.00s Sys=0.00s Real=0.00s
[318.946s][info][gc,start       ] GC(447) Pause Young (Normal) (G1 Evacuation Pause)
[318.947s][info][gc,task        ] GC(447) Using 3 workers of 33 for evacuation
[318.949s][info][gc,phases      ] GC(447)   Pre Evacuate Collection Set: 0.1ms
[318.949s][info][gc,phases      ] GC(447)   Merge Heap Roots: 0.1ms
[318.949s][info][gc,phases      ] GC(447)   Evacuate Collection Set: 2.3ms
[318.949s][info][gc,phases      ] GC(447)   Post Evacuate Collection Set: 0.2ms
[318.950s][info][gc,phases      ] GC(447)   Other: 0.1ms
[318.950s][info][gc,heap        ] GC(447) Eden regions: 5->0(5)
[318.950s][info][gc,heap        ] GC(447) Survivor regions: 1->1(1)
[318.950s][info][gc,heap        ] GC(447) Old regions: 3->3
[318.950s][info][gc,heap        ] GC(447) Archive regions: 0->0
[318.950s][info][gc,heap        ] GC(447) Humongous regions: 0->0
[318.950s][info][gc,metaspace   ] GC(447) Metaspace: 9936K(10240K)->9936K(10240K) NonClass: 8636K(8832K)->8636K(8832K) Class: 1299K(1408K)->1299K(1408K)
[318.950s][info][gc             ] GC(447) Pause Young (Normal) (G1 Evacuation Pause) 85M->5M(160M) 3.317ms
[318.950s][info][gc,cpu         ] GC(447) User=0.00s Sys=0.00s Real=0.00s
[319.282s][info][gc,start       ] GC(448) Pause Young (Normal) (G1 Evacuation Pause)
[319.283s][info][gc,task        ] GC(448) Using 3 workers of 33 for evacuation
[319.286s][info][gc,phases      ] GC(448)   Pre Evacuate Collection Set: 0.1ms
[319.286s][info][gc,phases      ] GC(448)   Merge Heap Roots: 0.2ms
[319.286s][info][gc,phases      ] GC(448)   Evacuate Collection Set: 2.6ms
[319.286s][info][gc,phases      ] GC(448)   Post Evacuate Collection Set: 0.2ms
[319.286s][info][gc,phases      ] GC(448)   Other: 0.1ms
[319.286s][info][gc,heap        ] GC(448) Eden regions: 5->0(4)
[319.286s][info][gc,heap        ] GC(448) Survivor regions: 1->1(1)
[319.286s][info][gc,heap        ] GC(448) Old regions: 3->4
[319.286s][info][gc,heap        ] GC(448) Archive regions: 0->0
[319.286s][info][gc,heap        ] GC(448) Humongous regions: 0->0
[319.286s][info][gc,metaspace   ] GC(448) Metaspace: 9936K(10240K)->9936K(10240K) NonClass: 8636K(8832K)->8636K(8832K) Class: 1299K(1408K)->1299K(1408K)
[319.286s][info][gc             ] GC(448) Pause Young (Normal) (G1 Evacuation Pause) 85M->5M(176M) 3.675ms
[319.286s][info][gc,cpu         ] GC(448) User=0.00s Sys=0.00s Real=0.00s
[319.550s][info][gc,start       ] GC(449) Pause Young (Normal) (G1 Evacuation Pause)
[319.550s][info][gc,task        ] GC(449) Using 4 workers of 33 for evacuation
[319.552s][info][gc,phases      ] GC(449)   Pre Evacuate Collection Set: 0.1ms
[319.552s][info][gc,phases      ] GC(449)   Merge Heap Roots: 0.2ms
[319.552s][info][gc,phases      ] GC(449)   Evacuate Collection Set: 1.5ms
[319.552s][info][gc,phases      ] GC(449)   Post Evacuate Collection Set: 0.2ms
[319.552s][info][gc,phases      ] GC(449)   Other: 0.1ms
[319.552s][info][gc,heap        ] GC(449) Eden regions: 4->0(4)
[319.552s][info][gc,heap        ] GC(449) Survivor regions: 1->1(1)
[319.552s][info][gc,heap        ] GC(449) Old regions: 4->4
[319.552s][info][gc,heap        ] GC(449) Archive regions: 0->0
[319.552s][info][gc,heap        ] GC(449) Humongous regions: 0->0
[319.552s][info][gc,metaspace   ] GC(449) Metaspace: 9936K(10240K)->9936K(10240K) NonClass: 8636K(8832K)->8636K(8832K) Class: 1299K(1408K)->1299K(1408K)
[319.552s][info][gc             ] GC(449) Pause Young (Normal) (G1 Evacuation Pause) 69M->5M(176M) 2.616ms
[319.552s][info][gc,cpu         ] GC(449) User=0.00s Sys=0.00s Real=0.00s
[319.823s][info][gc,start       ] GC(450) Pause Young (Normal) (G1 Evacuation Pause)
[319.823s][info][gc,task        ] GC(450) Using 4 workers of 33 for evacuation
[319.825s][info][gc,phases      ] GC(450)   Pre Evacuate Collection Set: 0.1ms
[319.825s][info][gc,phases      ] GC(450)   Merge Heap Roots: 0.1ms
[319.825s][info][gc,phases      ] GC(450)   Evacuate Collection Set: 1.5ms
[319.825s][info][gc,phases      ] GC(450)   Post Evacuate Collection Set: 0.2ms
[319.825s][info][gc,phases      ] GC(450)   Other: 0.1ms
[319.825s][info][gc,heap        ] GC(450) Eden regions: 4->0(4)
[319.825s][info][gc,heap        ] GC(450) Survivor regions: 1->1(1)
[319.825s][info][gc,heap        ] GC(450) Old regions: 4->4
[319.825s][info][gc,heap        ] GC(450) Archive regions: 0->0
[319.825s][info][gc,heap        ] GC(450) Humongous regions: 0->0
[319.825s][info][gc,metaspace   ] GC(450) Metaspace: 9936K(10240K)->9936K(10240K) NonClass: 8636K(8832K)->8636K(8832K) Class: 1299K(1408K)->1299K(1408K)
[319.825s][info][gc             ] GC(450) Pause Young (Normal) (G1 Evacuation Pause) 69M->5M(176M) 2.479ms
[319.825s][info][gc,cpu         ] GC(450) User=0.00s Sys=0.00s Real=0.00s
[320.086s][info][gc,start       ] GC(451) Pause Young (Normal) (G1 Evacuation Pause)
[320.086s][info][gc,task        ] GC(451) Using 4 workers of 33 for evacuation
[320.088s][info][gc,phases      ] GC(451)   Pre Evacuate Collection Set: 0.1ms
[320.088s][info][gc,phases      ] GC(451)   Merge Heap Roots: 0.1ms
[320.088s][info][gc,phases      ] GC(451)   Evacuate Collection Set: 1.5ms
[320.088s][info][gc,phases      ] GC(451)   Post Evacuate Collection Set: 0.2ms
[320.088s][info][gc,phases      ] GC(451)   Other: 0.1ms
[320.088s][info][gc,heap        ] GC(451) Eden regions: 4->0(4)
[320.088s][info][gc,heap        ] GC(451) Survivor regions: 1->1(1)
[320.088s][info][gc,heap        ] GC(451) Old regions: 4->4
[320.088s][info][gc,heap        ] GC(451) Archive regions: 0->0
[320.088s][info][gc,heap        ] GC(451) Humongous regions: 0->0
[320.088s][info][gc,metaspace   ] GC(451) Metaspace: 9936K(10240K)->9936K(10240K) NonClass: 8636K(8832K)->8636K(8832K) Class: 1299K(1408K)->1299K(1408K)
[320.088s][info][gc             ] GC(451) Pause Young (Normal) (G1 Evacuation Pause) 69M->5M(176M) 2.613ms
[320.088s][info][gc,cpu         ] GC(451) User=0.00s Sys=0.00s Real=0.00s
[320.341s][info][gc,start       ] GC(452) Pause Young (Normal) (G1 Evacuation Pause)
[320.341s][info][gc,task        ] GC(452) Using 4 workers of 33 for evacuation
[320.343s][info][gc,phases      ] GC(452)   Pre Evacuate Collection Set: 0.1ms
[320.343s][info][gc,phases      ] GC(452)   Merge Heap Roots: 0.1ms
[320.343s][info][gc,phases      ] GC(452)   Evacuate Collection Set: 1.4ms
[320.343s][info][gc,phases      ] GC(452)   Post Evacuate Collection Set: 0.2ms
[320.343s][info][gc,phases      ] GC(452)   Other: 0.1ms
[320.343s][info][gc,heap        ] GC(452) Eden regions: 4->0(4)
[320.343s][info][gc,heap        ] GC(452) Survivor regions: 1->1(1)
[320.343s][info][gc,heap        ] GC(452) Old regions: 4->4
[320.343s][info][gc,heap        ] GC(452) Archive regions: 0->0
[320.343s][info][gc,heap        ] GC(452) Humongous regions: 0->0
[320.343s][info][gc,metaspace   ] GC(452) Metaspace: 9936K(10240K)->9936K(10240K) NonClass: 8636K(8832K)->8636K(8832K) Class: 1299K(1408K)->1299K(1408K)
[320.343s][info][gc             ] GC(452) Pause Young (Normal) (G1 Evacuation Pause) 69M->5M(176M) 2.401ms
[320.343s][info][gc,cpu         ] GC(452) User=0.00s Sys=0.00s Real=0.00s
[320.554s][info][gc,start       ] GC(453) Pause Full (System.gc())
[320.554s][info][gc,task        ] GC(453) Using 1 workers of 33 for full compaction
[320.554s][info][gc,phases,start] GC(453) Phase 1: Mark live objects
[320.573s][info][gc,phases      ] GC(453) Phase 1: Mark live objects 18.851ms
[320.573s][info][gc,phases,start] GC(453) Phase 2: Prepare compaction
[320.577s][info][gc,phases      ] GC(453) Phase 2: Prepare compaction 3.686ms
[320.577s][info][gc,phases,start] GC(453) Phase 3: Adjust pointers
[320.587s][info][gc,phases      ] GC(453) Phase 3: Adjust pointers 9.546ms
[320.587s][info][gc,phases,start] GC(453) Phase 4: Compact heap
[320.589s][info][gc,phases      ] GC(453) Phase 4: Compact heap 2.590ms
[320.592s][info][gc,heap        ] GC(453) Eden regions: 4->0(2)
[320.592s][info][gc,heap        ] GC(453) Survivor regions: 1->0(1)
[320.592s][info][gc,heap        ] GC(453) Old regions: 4->1
[320.592s][info][gc,heap        ] GC(453) Archive regions: 0->0
[320.592s][info][gc,heap        ] GC(453) Humongous regions: 0->0
[320.592s][info][gc,metaspace   ] GC(453) Metaspace: 9936K(10240K)->9936K(10240K) NonClass: 8636K(8832K)->8636K(8832K) Class: 1299K(1408K)->1299K(1408K)
[320.592s][info][gc             ] GC(453) Pause Full (System.gc()) 59M->3M(64M) 38.022ms
[320.592s][info][gc,cpu         ] GC(453) User=0.05s Sys=0.00s Real=0.05s
[320.734s][info][gc,start       ] GC(454) Pause Young (Normal) (G1 Evacuation Pause)
[320.734s][info][gc,task        ] GC(454) Using 2 workers of 33 for evacuation
[320.738s][info][gc,phases      ] GC(454)   Pre Evacuate Collection Set: 0.1ms
[320.738s][info][gc,phases      ] GC(454)   Merge Heap Roots: 0.2ms
[320.738s][info][gc,phases      ] GC(454)   Evacuate Collection Set: 3.7ms
[320.738s][info][gc,phases      ] GC(454)   Post Evacuate Collection Set: 0.2ms
[320.738s][info][gc,phases      ] GC(454)   Other: 0.1ms
[320.738s][info][gc,heap        ] GC(454) Eden regions: 2->0(1)
[320.738s][info][gc,heap        ] GC(454) Survivor regions: 0->1(1)
[320.738s][info][gc,heap        ] GC(454) Old regions: 1->1
[320.738s][info][gc,heap        ] GC(454) Archive regions: 0->0
[320.738s][info][gc,heap        ] GC(454) Humongous regions: 0->0
[320.739s][info][gc,metaspace   ] GC(454) Metaspace: 9936K(10240K)->9936K(10240K) NonClass: 8636K(8832K)->8636K(8832K) Class: 1299K(1408K)->1299K(1408K)
[320.739s][info][gc             ] GC(454) Pause Young (Normal) (G1 Evacuation Pause) 35M->5M(64M) 4.897ms
[320.739s][info][gc,cpu         ] GC(454) User=0.00s Sys=0.00s Real=0.00s
[320.803s][info][gc,start       ] GC(455) Pause Young (Normal) (G1 Evacuation Pause)
[320.803s][info][gc,task        ] GC(455) Using 2 workers of 33 for evacuation
[320.807s][info][gc,phases      ] GC(455)   Pre Evacuate Collection Set: 0.1ms
[320.807s][info][gc,phases      ] GC(455)   Merge Heap Roots: 0.1ms
[320.807s][info][gc,phases      ] GC(455)   Evacuate Collection Set: 3.4ms
[320.807s][info][gc,phases      ] GC(455)   Post Evacuate Collection Set: 0.2ms
[320.807s][info][gc,phases      ] GC(455)   Other: 0.1ms
[320.807s][info][gc,heap        ] GC(455) Eden regions: 1->0(1)
[320.807s][info][gc,heap        ] GC(455) Survivor regions: 1->1(1)
[320.807s][info][gc,heap        ] GC(455) Old regions: 1->1
[320.807s][info][gc,heap        ] GC(455) Archive regions: 0->0
[320.807s][info][gc,heap        ] GC(455) Humongous regions: 0->0
[320.807s][info][gc,metaspace   ] GC(455) Metaspace: 9936K(10240K)->9936K(10240K) NonClass: 8636K(8832K)->8636K(8832K) Class: 1299K(1408K)->1299K(1408K)
[320.807s][info][gc             ] GC(455) Pause Young (Normal) (G1 Evacuation Pause) 21M->5M(64M) 4.408ms
[320.807s][info][gc,cpu         ] GC(455) User=0.00s Sys=0.02s Real=0.00s
[320.873s][info][gc,start       ] GC(456) Pause Young (Normal) (G1 Evacuation Pause)
[320.873s][info][gc,task        ] GC(456) Using 2 workers of 33 for evacuation
[320.878s][info][gc,phases      ] GC(456)   Pre Evacuate Collection Set: 0.1ms
[320.878s][info][gc,phases      ] GC(456)   Merge Heap Roots: 0.1ms
[320.878s][info][gc,phases      ] GC(456)   Evacuate Collection Set: 3.6ms
[320.878s][info][gc,phases      ] GC(456)   Post Evacuate Collection Set: 0.2ms
[320.878s][info][gc,phases      ] GC(456)   Other: 0.1ms
[320.878s][info][gc,heap        ] GC(456) Eden regions: 1->0(1)
[320.878s][info][gc,heap        ] GC(456) Survivor regions: 1->1(1)
[320.878s][info][gc,heap        ] GC(456) Old regions: 1->1
[320.878s][info][gc,heap        ] GC(456) Archive regions: 0->0
[320.878s][info][gc,heap        ] GC(456) Humongous regions: 0->0
[320.878s][info][gc,metaspace   ] GC(456) Metaspace: 9936K(10240K)->9936K(10240K) NonClass: 8636K(8832K)->8636K(8832K) Class: 1299K(1408K)->1299K(1408K)
[320.878s][info][gc             ] GC(456) Pause Young (Normal) (G1 Evacuation Pause) 21M->5M(64M) 4.646ms
[320.878s][info][gc,cpu         ] GC(456) User=0.00s Sys=0.00s Real=0.01s
[320.943s][info][gc,start       ] GC(457) Pause Young (Normal) (G1 Evacuation Pause)
[320.943s][info][gc,task        ] GC(457) Using 2 workers of 33 for evacuation
[320.954s][info][gc,phases      ] GC(457)   Pre Evacuate Collection Set: 0.1ms
[320.954s][info][gc,phases      ] GC(457)   Merge Heap Roots: 0.2ms
[320.954s][info][gc,phases      ] GC(457)   Evacuate Collection Set: 3.2ms
[320.954s][info][gc,phases      ] GC(457)   Post Evacuate Collection Set: 7.1ms
[320.954s][info][gc,phases      ] GC(457)   Other: 0.1ms
[320.954s][info][gc,heap        ] GC(457) Eden regions: 1->0(38)
[320.954s][info][gc,heap        ] GC(457) Survivor regions: 1->1(1)
[320.954s][info][gc,heap        ] GC(457) Old regions: 1->1
[320.954s][info][gc,heap        ] GC(457) Archive regions: 0->0
[320.954s][info][gc,heap        ] GC(457) Humongous regions: 0->0
[320.954s][info][gc,metaspace   ] GC(457) Metaspace: 9936K(10240K)->9936K(10240K) NonClass: 8636K(8832K)->8636K(8832K) Class: 1299K(1408K)->1299K(1408K)
[320.954s][info][gc             ] GC(457) Pause Young (Normal) (G1 Evacuation Pause) 21M->5M(1056M) 11.168ms
[320.954s][info][gc,cpu         ] GC(457) User=0.03s Sys=0.00s Real=0.01s
[323.629s][info][gc,start       ] GC(458) Pause Young (Normal) (G1 Evacuation Pause)
[323.630s][info][gc,task        ] GC(458) Using 25 workers of 33 for evacuation
[323.632s][info][gc,phases      ] GC(458)   Pre Evacuate Collection Set: 0.1ms
[323.632s][info][gc,phases      ] GC(458)   Merge Heap Roots: 0.2ms
[323.632s][info][gc,phases      ] GC(458)   Evacuate Collection Set: 1.3ms
[323.632s][info][gc,phases      ] GC(458)   Post Evacuate Collection Set: 0.5ms
[323.632s][info][gc,phases      ] GC(458)   Other: 0.1ms
[323.632s][info][gc,heap        ] GC(458) Eden regions: 38->0(38)
[323.632s][info][gc,heap        ] GC(458) Survivor regions: 1->1(5)
[323.632s][info][gc,heap        ] GC(458) Old regions: 1->1
[323.632s][info][gc,heap        ] GC(458) Archive regions: 0->0
[323.632s][info][gc,heap        ] GC(458) Humongous regions: 0->0
[323.632s][info][gc,metaspace   ] GC(458) Metaspace: 9936K(10240K)->9936K(10240K) NonClass: 8636K(8832K)->8636K(8832K) Class: 1299K(1408K)->1299K(1408K)
[323.632s][info][gc             ] GC(458) Pause Young (Normal) (G1 Evacuation Pause) 613M->5M(1056M) 2.738ms
[323.632s][info][gc,cpu         ] GC(458) User=0.13s Sys=0.27s Real=0.02s
[326.142s][info][gc,start       ] GC(459) Pause Young (Normal) (G1 Evacuation Pause)
[326.142s][info][gc,task        ] GC(459) Using 25 workers of 33 for evacuation
[326.144s][info][gc,phases      ] GC(459)   Pre Evacuate Collection Set: 0.1ms
[326.144s][info][gc,phases      ] GC(459)   Merge Heap Roots: 0.2ms
[326.144s][info][gc,phases      ] GC(459)   Evacuate Collection Set: 1.4ms
[326.144s][info][gc,phases      ] GC(459)   Post Evacuate Collection Set: 0.5ms
[326.144s][info][gc,phases      ] GC(459)   Other: 0.1ms
[326.144s][info][gc,heap        ] GC(459) Eden regions: 38->0(38)
[326.144s][info][gc,heap        ] GC(459) Survivor regions: 1->1(5)
[326.144s][info][gc,heap        ] GC(459) Old regions: 1->1
[326.144s][info][gc,heap        ] GC(459) Archive regions: 0->0
[326.144s][info][gc,heap        ] GC(459) Humongous regions: 0->0
[326.145s][info][gc,metaspace   ] GC(459) Metaspace: 9936K(10240K)->9936K(10240K) NonClass: 8636K(8832K)->8636K(8832K) Class: 1299K(1408K)->1299K(1408K)
[326.145s][info][gc             ] GC(459) Pause Young (Normal) (G1 Evacuation Pause) 613M->5M(1056M) 2.914ms
[326.145s][info][gc,cpu         ] GC(459) User=0.00s Sys=0.00s Real=0.00s
[327.476s][info][gc,start       ] GC(460) Pause Full (System.gc())
[327.477s][info][gc,task        ] GC(460) Using 6 workers of 33 for full compaction
[327.477s][info][gc,phases,start] GC(460) Phase 1: Mark live objects
[327.482s][info][gc,phases      ] GC(460) Phase 1: Mark live objects 5.185ms
[327.482s][info][gc,phases,start] GC(460) Phase 2: Prepare compaction
[327.486s][info][gc,phases      ] GC(460) Phase 2: Prepare compaction 3.992ms
[327.486s][info][gc,phases,start] GC(460) Phase 3: Adjust pointers
[327.491s][info][gc,phases      ] GC(460) Phase 3: Adjust pointers 4.912ms
[327.491s][info][gc,phases,start] GC(460) Phase 4: Compact heap
[327.494s][info][gc,phases      ] GC(460) Phase 4: Compact heap 2.524ms
[327.501s][info][gc,heap        ] GC(460) Eden regions: 20->0(4)
[327.502s][info][gc,heap        ] GC(460) Survivor regions: 1->0(5)
[327.502s][info][gc,heap        ] GC(460) Old regions: 1->2
[327.502s][info][gc,heap        ] GC(460) Archive regions: 0->0
[327.502s][info][gc,heap        ] GC(460) Humongous regions: 0->0
[327.502s][info][gc,metaspace   ] GC(460) Metaspace: 9936K(10240K)->9936K(10240K) NonClass: 8636K(8832K)->8636K(8832K) Class: 1299K(1408K)->1299K(1408K)
[327.502s][info][gc             ] GC(460) Pause Full (System.gc()) 319M->3M(112M) 25.373ms
[327.502s][info][gc,cpu         ] GC(460) User=0.02s Sys=0.00s Real=0.02s
[327.776s][info][gc,start       ] GC(461) Pause Young (Normal) (G1 Evacuation Pause)
[327.776s][info][gc,task        ] GC(461) Using 4 workers of 33 for evacuation
[327.778s][info][gc,phases      ] GC(461)   Pre Evacuate Collection Set: 0.1ms
[327.778s][info][gc,phases      ] GC(461)   Merge Heap Roots: 0.1ms
[327.779s][info][gc,phases      ] GC(461)   Evacuate Collection Set: 1.6ms
[327.779s][info][gc,phases      ] GC(461)   Post Evacuate Collection Set: 0.2ms
[327.779s][info][gc,phases      ] GC(461)   Other: 0.1ms
[327.779s][info][gc,heap        ] GC(461) Eden regions: 4->0(3)
[327.779s][info][gc,heap        ] GC(461) Survivor regions: 0->1(1)
[327.779s][info][gc,heap        ] GC(461) Old regions: 2->2
[327.779s][info][gc,heap        ] GC(461) Archive regions: 0->0
[327.779s][info][gc,heap        ] GC(461) Humongous regions: 0->0
[327.779s][info][gc,metaspace   ] GC(461) Metaspace: 9950K(10304K)->9950K(10304K) NonClass: 8651K(8896K)->8651K(8896K) Class: 1299K(1408K)->1299K(1408K)
[327.779s][info][gc             ] GC(461) Pause Young (Normal) (G1 Evacuation Pause) 67M->5M(112M) 2.681ms
[327.779s][info][gc,cpu         ] GC(461) User=0.00s Sys=0.00s Real=0.00s
[327.969s][info][gc,start       ] GC(462) Pause Young (Normal) (G1 Evacuation Pause)
[327.970s][info][gc,task        ] GC(462) Using 3 workers of 33 for evacuation
[327.972s][info][gc,phases      ] GC(462)   Pre Evacuate Collection Set: 0.1ms
[327.972s][info][gc,phases      ] GC(462)   Merge Heap Roots: 0.1ms
[327.972s][info][gc,phases      ] GC(462)   Evacuate Collection Set: 2.3ms
[327.972s][info][gc,phases      ] GC(462)   Post Evacuate Collection Set: 0.2ms
[327.972s][info][gc,phases      ] GC(462)   Other: 0.1ms
[327.972s][info][gc,heap        ] GC(462) Eden regions: 3->0(3)
[327.972s][info][gc,heap        ] GC(462) Survivor regions: 1->1(1)
[327.973s][info][gc,heap        ] GC(462) Old regions: 2->2
[327.973s][info][gc,heap        ] GC(462) Archive regions: 0->0
[327.973s][info][gc,heap        ] GC(462) Humongous regions: 0->0
[327.973s][info][gc,metaspace   ] GC(462) Metaspace: 9950K(10304K)->9950K(10304K) NonClass: 8651K(8896K)->8651K(8896K) Class: 1299K(1408K)->1299K(1408K)
[327.973s][info][gc             ] GC(462) Pause Young (Normal) (G1 Evacuation Pause) 53M->5M(112M) 3.315ms
[327.973s][info][gc,cpu         ] GC(462) User=0.00s Sys=0.00s Real=0.00s
[328.167s][info][gc,start       ] GC(463) Pause Young (Normal) (G1 Evacuation Pause)
[328.167s][info][gc,task        ] GC(463) Using 2 workers of 33 for evacuation
[328.171s][info][gc,phases      ] GC(463)   Pre Evacuate Collection Set: 0.1ms
[328.171s][info][gc,phases      ] GC(463)   Merge Heap Roots: 0.2ms
[328.171s][info][gc,phases      ] GC(463)   Evacuate Collection Set: 3.6ms
[328.171s][info][gc,phases      ] GC(463)   Post Evacuate Collection Set: 0.2ms
[328.171s][info][gc,phases      ] GC(463)   Other: 0.1ms
[328.171s][info][gc,heap        ] GC(463) Eden regions: 3->0(3)
[328.171s][info][gc,heap        ] GC(463) Survivor regions: 1->1(1)
[328.171s][info][gc,heap        ] GC(463) Old regions: 2->2
[328.171s][info][gc,heap        ] GC(463) Archive regions: 0->0
[328.171s][info][gc,heap        ] GC(463) Humongous regions: 0->0
[328.171s][info][gc,metaspace   ] GC(463) Metaspace: 9950K(10304K)->9950K(10304K) NonClass: 8651K(8896K)->8651K(8896K) Class: 1299K(1408K)->1299K(1408K)
[328.171s][info][gc             ] GC(463) Pause Young (Normal) (G1 Evacuation Pause) 53M->5M(112M) 4.651ms
[328.172s][info][gc,cpu         ] GC(463) User=0.00s Sys=0.00s Real=0.00s
[328.371s][info][gc,start       ] GC(464) Pause Young (Normal) (G1 Evacuation Pause)
[328.371s][info][gc,task        ] GC(464) Using 2 workers of 33 for evacuation
[328.382s][info][gc,phases      ] GC(464)   Pre Evacuate Collection Set: 0.1ms
[328.382s][info][gc,phases      ] GC(464)   Merge Heap Roots: 0.2ms
[328.382s][info][gc,phases      ] GC(464)   Evacuate Collection Set: 3.4ms
[328.382s][info][gc,phases      ] GC(464)   Post Evacuate Collection Set: 7.2ms
[328.382s][info][gc,phases      ] GC(464)   Other: 0.1ms
[328.382s][info][gc,heap        ] GC(464) Eden regions: 3->0(39)
[328.382s][info][gc,heap        ] GC(464) Survivor regions: 1->1(1)
[328.382s][info][gc,heap        ] GC(464) Old regions: 2->2
[328.382s][info][gc,heap        ] GC(464) Archive regions: 0->0
[328.382s][info][gc,heap        ] GC(464) Humongous regions: 0->0
[328.382s][info][gc,metaspace   ] GC(464) Metaspace: 9950K(10304K)->9950K(10304K) NonClass: 8651K(8896K)->8651K(8896K) Class: 1299K(1408K)->1299K(1408K)
[328.382s][info][gc             ] GC(464) Pause Young (Normal) (G1 Evacuation Pause) 53M->5M(1088M) 11.449ms
[328.382s][info][gc,cpu         ] GC(464) User=0.02s Sys=0.00s Real=0.02s
[331.157s][info][gc,start       ] GC(465) Pause Young (Normal) (G1 Evacuation Pause)
[331.157s][info][gc,task        ] GC(465) Using 26 workers of 33 for evacuation
[331.159s][info][gc,phases      ] GC(465)   Pre Evacuate Collection Set: 0.1ms
[331.159s][info][gc,phases      ] GC(465)   Merge Heap Roots: 0.2ms
[331.160s][info][gc,phases      ] GC(465)   Evacuate Collection Set: 1.5ms
[331.160s][info][gc,phases      ] GC(465)   Post Evacuate Collection Set: 0.5ms
[331.160s][info][gc,phases      ] GC(465)   Other: 0.2ms
[331.160s][info][gc,heap        ] GC(465) Eden regions: 39->0(39)
[331.160s][info][gc,heap        ] GC(465) Survivor regions: 1->1(5)
[331.160s][info][gc,heap        ] GC(465) Old regions: 2->2
[331.160s][info][gc,heap        ] GC(465) Archive regions: 0->0
[331.160s][info][gc,heap        ] GC(465) Humongous regions: 0->0
[331.160s][info][gc,metaspace   ] GC(465) Metaspace: 9950K(10304K)->9950K(10304K) NonClass: 8651K(8896K)->8651K(8896K) Class: 1299K(1408K)->1299K(1408K)
[331.160s][info][gc             ] GC(465) Pause Young (Normal) (G1 Evacuation Pause) 629M->5M(1088M) 3.080ms
[331.160s][info][gc,cpu         ] GC(465) User=0.00s Sys=0.00s Real=0.00s
[333.789s][info][gc,start       ] GC(466) Pause Young (Normal) (G1 Evacuation Pause)
[333.789s][info][gc,task        ] GC(466) Using 26 workers of 33 for evacuation
[333.792s][info][gc,phases      ] GC(466)   Pre Evacuate Collection Set: 0.2ms
[333.792s][info][gc,phases      ] GC(466)   Merge Heap Roots: 0.2ms
[333.792s][info][gc,phases      ] GC(466)   Evacuate Collection Set: 2.1ms
[333.792s][info][gc,phases      ] GC(466)   Post Evacuate Collection Set: 0.5ms
[333.792s][info][gc,phases      ] GC(466)   Other: 0.1ms
[333.792s][info][gc,heap        ] GC(466) Eden regions: 39->0(39)
[333.792s][info][gc,heap        ] GC(466) Survivor regions: 1->1(5)
[333.792s][info][gc,heap        ] GC(466) Old regions: 2->2
[333.792s][info][gc,heap        ] GC(466) Archive regions: 0->0
[333.792s][info][gc,heap        ] GC(466) Humongous regions: 0->0
[333.792s][info][gc,metaspace   ] GC(466) Metaspace: 9950K(10304K)->9950K(10304K) NonClass: 8651K(8896K)->8651K(8896K) Class: 1299K(1408K)->1299K(1408K)
[333.793s][info][gc             ] GC(466) Pause Young (Normal) (G1 Evacuation Pause) 629M->5M(1088M) 3.712ms
[333.793s][info][gc,cpu         ] GC(466) User=0.41s Sys=0.00s Real=0.02s
[334.433s][info][gc,start       ] GC(467) Pause Full (System.gc())
[334.433s][info][gc,task        ] GC(467) Using 6 workers of 33 for full compaction
[334.433s][info][gc,phases,start] GC(467) Phase 1: Mark live objects
[334.439s][info][gc,phases      ] GC(467) Phase 1: Mark live objects 5.590ms
[334.439s][info][gc,phases,start] GC(467) Phase 2: Prepare compaction
[334.442s][info][gc,phases      ] GC(467) Phase 2: Prepare compaction 3.382ms
[334.442s][info][gc,phases,start] GC(467) Phase 3: Adjust pointers
[334.447s][info][gc,phases      ] GC(467) Phase 3: Adjust pointers 4.945ms
[334.447s][info][gc,phases,start] GC(467) Phase 4: Compact heap
[334.449s][info][gc,phases      ] GC(467) Phase 4: Compact heap 2.345ms
[334.459s][info][gc,heap        ] GC(467) Eden regions: 10->0(4)
[334.459s][info][gc,heap        ] GC(467) Survivor regions: 1->0(5)
[334.459s][info][gc,heap        ] GC(467) Old regions: 2->2
[334.459s][info][gc,heap        ] GC(467) Archive regions: 0->0
[334.459s][info][gc,heap        ] GC(467) Humongous regions: 0->0
[334.459s][info][gc,metaspace   ] GC(467) Metaspace: 9950K(10304K)->9950K(10304K) NonClass: 8651K(8896K)->8651K(8896K) Class: 1299K(1408K)->1299K(1408K)
[334.459s][info][gc             ] GC(467) Pause Full (System.gc()) 155M->3M(112M) 26.354ms
[334.459s][info][gc,cpu         ] GC(467) User=0.03s Sys=0.00s Real=0.02s
[334.700s][info][gc,start       ] GC(468) Pause Young (Normal) (G1 Evacuation Pause)
[334.700s][info][gc,task        ] GC(468) Using 4 workers of 33 for evacuation
[334.702s][info][gc,phases      ] GC(468)   Pre Evacuate Collection Set: 0.1ms
[334.703s][info][gc,phases      ] GC(468)   Merge Heap Roots: 0.1ms
[334.703s][info][gc,phases      ] GC(468)   Evacuate Collection Set: 1.9ms
[334.703s][info][gc,phases      ] GC(468)   Post Evacuate Collection Set: 0.2ms
[334.703s][info][gc,phases      ] GC(468)   Other: 0.1ms
[334.703s][info][gc,heap        ] GC(468) Eden regions: 4->0(3)
[334.703s][info][gc,heap        ] GC(468) Survivor regions: 0->1(1)
[334.703s][info][gc,heap        ] GC(468) Old regions: 2->2
[334.703s][info][gc,heap        ] GC(468) Archive regions: 0->0
[334.703s][info][gc,heap        ] GC(468) Humongous regions: 0->0
[334.703s][info][gc,metaspace   ] GC(468) Metaspace: 9950K(10304K)->9950K(10304K) NonClass: 8651K(8896K)->8651K(8896K) Class: 1299K(1408K)->1299K(1408K)
[334.703s][info][gc             ] GC(468) Pause Young (Normal) (G1 Evacuation Pause) 67M->5M(112M) 2.530ms
[334.703s][info][gc,cpu         ] GC(468) User=0.00s Sys=0.00s Real=0.00s
[334.899s][info][gc,start       ] GC(469) Pause Young (Normal) (G1 Evacuation Pause)
[334.900s][info][gc,task        ] GC(469) Using 3 workers of 33 for evacuation
[334.902s][info][gc,phases      ] GC(469)   Pre Evacuate Collection Set: 0.1ms
[334.902s][info][gc,phases      ] GC(469)   Merge Heap Roots: 0.1ms
[334.902s][info][gc,phases      ] GC(469)   Evacuate Collection Set: 1.7ms
[334.902s][info][gc,phases      ] GC(469)   Post Evacuate Collection Set: 0.2ms
[334.902s][info][gc,phases      ] GC(469)   Other: 0.1ms
[334.902s][info][gc,heap        ] GC(469) Eden regions: 3->0(3)
[334.902s][info][gc,heap        ] GC(469) Survivor regions: 1->1(1)
[334.902s][info][gc,heap        ] GC(469) Old regions: 2->2
[334.902s][info][gc,heap        ] GC(469) Archive regions: 0->0
[334.902s][info][gc,heap        ] GC(469) Humongous regions: 0->0
[334.902s][info][gc,metaspace   ] GC(469) Metaspace: 9950K(10304K)->9950K(10304K) NonClass: 8651K(8896K)->8651K(8896K) Class: 1299K(1408K)->1299K(1408K)
[334.902s][info][gc             ] GC(469) Pause Young (Normal) (G1 Evacuation Pause) 53M->5M(112M) 2.650ms
[334.902s][info][gc,cpu         ] GC(469) User=0.00s Sys=0.00s Real=0.00s
[335.098s][info][gc,start       ] GC(470) Pause Young (Normal) (G1 Evacuation Pause)
[335.098s][info][gc,task        ] GC(470) Using 2 workers of 33 for evacuation
[335.102s][info][gc,phases      ] GC(470)   Pre Evacuate Collection Set: 0.1ms
[335.102s][info][gc,phases      ] GC(470)   Merge Heap Roots: 0.2ms
[335.102s][info][gc,phases      ] GC(470)   Evacuate Collection Set: 3.4ms
[335.102s][info][gc,phases      ] GC(470)   Post Evacuate Collection Set: 0.2ms
[335.103s][info][gc,phases      ] GC(470)   Other: 0.1ms
[335.103s][info][gc,heap        ] GC(470) Eden regions: 3->0(3)
[335.103s][info][gc,heap        ] GC(470) Survivor regions: 1->1(1)
[335.103s][info][gc,heap        ] GC(470) Old regions: 2->2
[335.103s][info][gc,heap        ] GC(470) Archive regions: 0->0
[335.103s][info][gc,heap        ] GC(470) Humongous regions: 0->0
[335.103s][info][gc,metaspace   ] GC(470) Metaspace: 9950K(10304K)->9950K(10304K) NonClass: 8651K(8896K)->8651K(8896K) Class: 1299K(1408K)->1299K(1408K)
[335.103s][info][gc             ] GC(470) Pause Young (Normal) (G1 Evacuation Pause) 53M->5M(112M) 4.489ms
[335.103s][info][gc,cpu         ] GC(470) User=0.00s Sys=0.00s Real=0.00s
[335.307s][info][gc,start       ] GC(471) Pause Young (Normal) (G1 Evacuation Pause)
[335.307s][info][gc,task        ] GC(471) Using 2 workers of 33 for evacuation
[335.318s][info][gc,phases      ] GC(471)   Pre Evacuate Collection Set: 0.1ms
[335.318s][info][gc,phases      ] GC(471)   Merge Heap Roots: 0.2ms
[335.318s][info][gc,phases      ] GC(471)   Evacuate Collection Set: 3.5ms
[335.318s][info][gc,phases      ] GC(471)   Post Evacuate Collection Set: 7.2ms
[335.318s][info][gc,phases      ] GC(471)   Other: 0.1ms
[335.319s][info][gc,heap        ] GC(471) Eden regions: 3->0(39)
[335.319s][info][gc,heap        ] GC(471) Survivor regions: 1->1(1)
[335.319s][info][gc,heap        ] GC(471) Old regions: 2->2
[335.319s][info][gc,heap        ] GC(471) Archive regions: 0->0
[335.319s][info][gc,heap        ] GC(471) Humongous regions: 0->0
[335.319s][info][gc,metaspace   ] GC(471) Metaspace: 9950K(10304K)->9950K(10304K) NonClass: 8651K(8896K)->8651K(8896K) Class: 1299K(1408K)->1299K(1408K)
[335.319s][info][gc             ] GC(471) Pause Young (Normal) (G1 Evacuation Pause) 53M->5M(1088M) 11.622ms
[335.319s][info][gc,cpu         ] GC(471) User=0.03s Sys=0.00s Real=0.02s
[338.182s][info][gc,start       ] GC(472) Pause Young (Normal) (G1 Evacuation Pause)
[338.182s][info][gc,task        ] GC(472) Using 26 workers of 33 for evacuation
[338.185s][info][gc,phases      ] GC(472)   Pre Evacuate Collection Set: 0.1ms
[338.185s][info][gc,phases      ] GC(472)   Merge Heap Roots: 0.2ms
[338.185s][info][gc,phases      ] GC(472)   Evacuate Collection Set: 1.6ms
[338.185s][info][gc,phases      ] GC(472)   Post Evacuate Collection Set: 0.5ms
[338.185s][info][gc,phases      ] GC(472)   Other: 0.1ms
[338.185s][info][gc,heap        ] GC(472) Eden regions: 39->0(39)
[338.185s][info][gc,heap        ] GC(472) Survivor regions: 1->1(5)
[338.185s][info][gc,heap        ] GC(472) Old regions: 2->2
[338.185s][info][gc,heap        ] GC(472) Archive regions: 0->0
[338.185s][info][gc,heap        ] GC(472) Humongous regions: 0->0
[338.185s][info][gc,metaspace   ] GC(472) Metaspace: 9950K(10304K)->9950K(10304K) NonClass: 8651K(8896K)->8651K(8896K) Class: 1299K(1408K)->1299K(1408K)
[338.185s][info][gc             ] GC(472) Pause Young (Normal) (G1 Evacuation Pause) 629M->5M(1088M) 3.207ms
[338.185s][info][gc,cpu         ] GC(472) User=0.19s Sys=0.22s Real=0.02s
[340.889s][info][gc,start       ] GC(473) Pause Young (Normal) (G1 Evacuation Pause)
[340.889s][info][gc,task        ] GC(473) Using 26 workers of 33 for evacuation
[340.892s][info][gc,phases      ] GC(473)   Pre Evacuate Collection Set: 0.1ms
[340.892s][info][gc,phases      ] GC(473)   Merge Heap Roots: 0.2ms
[340.892s][info][gc,phases      ] GC(473)   Evacuate Collection Set: 1.5ms
[340.892s][info][gc,phases      ] GC(473)   Post Evacuate Collection Set: 0.5ms
[340.892s][info][gc,phases      ] GC(473)   Other: 0.1ms
[340.892s][info][gc,heap        ] GC(473) Eden regions: 39->0(39)
[340.892s][info][gc,heap        ] GC(473) Survivor regions: 1->1(5)
[340.892s][info][gc,heap        ] GC(473) Old regions: 2->2
[340.892s][info][gc,heap        ] GC(473) Archive regions: 0->0
[340.892s][info][gc,heap        ] GC(473) Humongous regions: 0->0
[340.892s][info][gc,metaspace   ] GC(473) Metaspace: 9950K(10304K)->9950K(10304K) NonClass: 8651K(8896K)->8651K(8896K) Class: 1299K(1408K)->1299K(1408K)
[340.892s][info][gc             ] GC(473) Pause Young (Normal) (G1 Evacuation Pause) 629M->5M(1088M) 3.111ms
[340.892s][info][gc,cpu         ] GC(473) User=0.00s Sys=0.00s Real=0.00s
[341.509s][info][gc,start       ] GC(474) Pause Full (System.gc())
[341.509s][info][gc,task        ] GC(474) Using 6 workers of 33 for full compaction
[341.509s][info][gc,phases,start] GC(474) Phase 1: Mark live objects
[341.515s][info][gc,phases      ] GC(474) Phase 1: Mark live objects 5.232ms
[341.515s][info][gc,phases,start] GC(474) Phase 2: Prepare compaction
[341.518s][info][gc,phases      ] GC(474) Phase 2: Prepare compaction 3.373ms
[341.518s][info][gc,phases,start] GC(474) Phase 3: Adjust pointers
[341.523s][info][gc,phases      ] GC(474) Phase 3: Adjust pointers 4.919ms
[341.523s][info][gc,phases,start] GC(474) Phase 4: Compact heap
[341.525s][info][gc,phases      ] GC(474) Phase 4: Compact heap 2.436ms
[341.535s][info][gc,heap        ] GC(474) Eden regions: 10->0(4)
[341.535s][info][gc,heap        ] GC(474) Survivor regions: 1->0(5)
[341.535s][info][gc,heap        ] GC(474) Old regions: 2->2
[341.535s][info][gc,heap        ] GC(474) Archive regions: 0->0
[341.535s][info][gc,heap        ] GC(474) Humongous regions: 0->0
[341.535s][info][gc,metaspace   ] GC(474) Metaspace: 9950K(10304K)->9950K(10304K) NonClass: 8651K(8896K)->8651K(8896K) Class: 1299K(1408K)->1299K(1408K)
[341.535s][info][gc             ] GC(474) Pause Full (System.gc()) 153M->3M(112M) 26.029ms
[341.535s][info][gc,cpu         ] GC(474) User=0.02s Sys=0.00s Real=0.01s
[341.785s][info][gc,start       ] GC(475) Pause Young (Normal) (G1 Evacuation Pause)
[341.786s][info][gc,task        ] GC(475) Using 4 workers of 33 for evacuation
[341.788s][info][gc,phases      ] GC(475)   Pre Evacuate Collection Set: 0.1ms
[341.788s][info][gc,phases      ] GC(475)   Merge Heap Roots: 0.1ms
[341.788s][info][gc,phases      ] GC(475)   Evacuate Collection Set: 1.4ms
[341.788s][info][gc,phases      ] GC(475)   Post Evacuate Collection Set: 0.2ms
[341.788s][info][gc,phases      ] GC(475)   Other: 0.1ms
[341.788s][info][gc,heap        ] GC(475) Eden regions: 4->0(3)
[341.788s][info][gc,heap        ] GC(475) Survivor regions: 0->1(1)
[341.788s][info][gc,heap        ] GC(475) Old regions: 2->2
[341.788s][info][gc,heap        ] GC(475) Archive regions: 0->0
[341.788s][info][gc,heap        ] GC(475) Humongous regions: 0->0
[341.788s][info][gc,metaspace   ] GC(475) Metaspace: 9950K(10304K)->9950K(10304K) NonClass: 8651K(8896K)->8651K(8896K) Class: 1299K(1408K)->1299K(1408K)
[341.788s][info][gc             ] GC(475) Pause Young (Normal) (G1 Evacuation Pause) 67M->5M(112M) 2.510ms
[341.788s][info][gc,cpu         ] GC(475) User=0.00s Sys=0.00s Real=0.00s
[341.982s][info][gc,start       ] GC(476) Pause Young (Normal) (G1 Evacuation Pause)
[341.982s][info][gc,task        ] GC(476) Using 3 workers of 33 for evacuation
[341.985s][info][gc,phases      ] GC(476)   Pre Evacuate Collection Set: 0.1ms
[341.985s][info][gc,phases      ] GC(476)   Merge Heap Roots: 0.1ms
[341.985s][info][gc,phases      ] GC(476)   Evacuate Collection Set: 2.1ms
[341.985s][info][gc,phases      ] GC(476)   Post Evacuate Collection Set: 0.2ms
[341.985s][info][gc,phases      ] GC(476)   Other: 0.1ms
[341.985s][info][gc,heap        ] GC(476) Eden regions: 3->0(3)
[341.985s][info][gc,heap        ] GC(476) Survivor regions: 1->1(1)
[341.985s][info][gc,heap        ] GC(476) Old regions: 2->2
[341.985s][info][gc,heap        ] GC(476) Archive regions: 0->0
[341.985s][info][gc,heap        ] GC(476) Humongous regions: 0->0
[341.985s][info][gc,metaspace   ] GC(476) Metaspace: 9950K(10304K)->9950K(10304K) NonClass: 8651K(8896K)->8651K(8896K) Class: 1299K(1408K)->1299K(1408K)
[341.985s][info][gc             ] GC(476) Pause Young (Normal) (G1 Evacuation Pause) 53M->5M(112M) 3.141ms
[341.985s][info][gc,cpu         ] GC(476) User=0.00s Sys=0.00s Real=0.00s
[342.185s][info][gc,start       ] GC(477) Pause Young (Normal) (G1 Evacuation Pause)
[342.185s][info][gc,task        ] GC(477) Using 2 workers of 33 for evacuation
[342.189s][info][gc,phases      ] GC(477)   Pre Evacuate Collection Set: 0.1ms
[342.189s][info][gc,phases      ] GC(477)   Merge Heap Roots: 0.2ms
[342.190s][info][gc,phases      ] GC(477)   Evacuate Collection Set: 3.5ms
[342.190s][info][gc,phases      ] GC(477)   Post Evacuate Collection Set: 0.2ms
[342.190s][info][gc,phases      ] GC(477)   Other: 0.1ms
[342.190s][info][gc,heap        ] GC(477) Eden regions: 3->0(3)
[342.190s][info][gc,heap        ] GC(477) Survivor regions: 1->1(1)
[342.190s][info][gc,heap        ] GC(477) Old regions: 2->2
[342.190s][info][gc,heap        ] GC(477) Archive regions: 0->0
[342.190s][info][gc,heap        ] GC(477) Humongous regions: 0->0
[342.190s][info][gc,metaspace   ] GC(477) Metaspace: 9950K(10304K)->9950K(10304K) NonClass: 8651K(8896K)->8651K(8896K) Class: 1299K(1408K)->1299K(1408K)
[342.190s][info][gc             ] GC(477) Pause Young (Normal) (G1 Evacuation Pause) 53M->5M(112M) 4.584ms
[342.190s][info][gc,cpu         ] GC(477) User=0.03s Sys=0.00s Real=0.02s
[342.396s][info][gc,start       ] GC(478) Pause Young (Normal) (G1 Evacuation Pause)
[342.396s][info][gc,task        ] GC(478) Using 2 workers of 33 for evacuation
[342.408s][info][gc,phases      ] GC(478)   Pre Evacuate Collection Set: 0.1ms
[342.408s][info][gc,phases      ] GC(478)   Merge Heap Roots: 0.2ms
[342.408s][info][gc,phases      ] GC(478)   Evacuate Collection Set: 3.8ms
[342.408s][info][gc,phases      ] GC(478)   Post Evacuate Collection Set: 7.2ms
[342.408s][info][gc,phases      ] GC(478)   Other: 0.1ms
[342.408s][info][gc,heap        ] GC(478) Eden regions: 3->0(39)
[342.408s][info][gc,heap        ] GC(478) Survivor regions: 1->1(1)
[342.408s][info][gc,heap        ] GC(478) Old regions: 2->2
[342.408s][info][gc,heap        ] GC(478) Archive regions: 0->0
[342.408s][info][gc,heap        ] GC(478) Humongous regions: 0->0
[342.408s][info][gc,metaspace   ] GC(478) Metaspace: 9950K(10304K)->9950K(10304K) NonClass: 8651K(8896K)->8651K(8896K) Class: 1299K(1408K)->1299K(1408K)
[342.408s][info][gc             ] GC(478) Pause Young (Normal) (G1 Evacuation Pause) 53M->5M(1088M) 12.008ms
[342.408s][info][gc,cpu         ] GC(478) User=0.03s Sys=0.00s Real=0.01s
[345.246s][info][gc,start       ] GC(479) Pause Young (Normal) (G1 Evacuation Pause)
[345.247s][info][gc,task        ] GC(479) Using 26 workers of 33 for evacuation
[345.249s][info][gc,phases      ] GC(479)   Pre Evacuate Collection Set: 0.1ms
[345.249s][info][gc,phases      ] GC(479)   Merge Heap Roots: 0.2ms
[345.249s][info][gc,phases      ] GC(479)   Evacuate Collection Set: 1.7ms
[345.249s][info][gc,phases      ] GC(479)   Post Evacuate Collection Set: 0.5ms
[345.249s][info][gc,phases      ] GC(479)   Other: 0.2ms
[345.249s][info][gc,heap        ] GC(479) Eden regions: 39->0(39)
[345.249s][info][gc,heap        ] GC(479) Survivor regions: 1->1(5)
[345.249s][info][gc,heap        ] GC(479) Old regions: 2->2
[345.249s][info][gc,heap        ] GC(479) Archive regions: 0->0
[345.250s][info][gc,heap        ] GC(479) Humongous regions: 0->0
[345.250s][info][gc,metaspace   ] GC(479) Metaspace: 9950K(10304K)->9950K(10304K) NonClass: 8651K(8896K)->8651K(8896K) Class: 1299K(1408K)->1299K(1408K)
[345.250s][info][gc             ] GC(479) Pause Young (Normal) (G1 Evacuation Pause) 629M->5M(1088M) 3.281ms
[345.250s][info][gc,cpu         ] GC(479) User=0.00s Sys=0.00s Real=0.00s
[347.959s][info][gc,start       ] GC(480) Pause Young (Normal) (G1 Evacuation Pause)
[347.959s][info][gc,task        ] GC(480) Using 26 workers of 33 for evacuation
[347.961s][info][gc,phases      ] GC(480)   Pre Evacuate Collection Set: 0.1ms
[347.962s][info][gc,phases      ] GC(480)   Merge Heap Roots: 0.2ms
[347.962s][info][gc,phases      ] GC(480)   Evacuate Collection Set: 1.6ms
[347.962s][info][gc,phases      ] GC(480)   Post Evacuate Collection Set: 0.5ms
[347.962s][info][gc,phases      ] GC(480)   Other: 0.1ms
[347.962s][info][gc,heap        ] GC(480) Eden regions: 39->0(39)
[347.962s][info][gc,heap        ] GC(480) Survivor regions: 1->1(5)
[347.962s][info][gc,heap        ] GC(480) Old regions: 2->2
[347.962s][info][gc,heap        ] GC(480) Archive regions: 0->0
[347.962s][info][gc,heap        ] GC(480) Humongous regions: 0->0
[347.962s][info][gc,metaspace   ] GC(480) Metaspace: 9950K(10304K)->9950K(10304K) NonClass: 8651K(8896K)->8651K(8896K) Class: 1299K(1408K)->1299K(1408K)
[347.962s][info][gc             ] GC(480) Pause Young (Normal) (G1 Evacuation Pause) 629M->5M(1088M) 3.171ms
[347.962s][info][gc,cpu         ] GC(480) User=0.00s Sys=0.00s Real=0.00s
[348.587s][info][gc,heap,exit   ] Heap
[348.588s][info][gc,heap,exit   ]  garbage-first heap   total 1114112K, used 162372K [0x00000000a0000000, 0x0000000800000000)
[348.588s][info][gc,heap,exit   ]   region size 16384K, 11 young (180224K), 1 survivors (16384K)
[348.588s][info][gc,heap,exit   ]  Metaspace       used 10011K, committed 10304K, reserved 1114112K
[348.588s][info][gc,heap,exit   ]   class space    used 1308K, committed 1408K, reserved 1048576K
