[0.015s][info][gc,init] CardTable entry size: 512
[0.015s][info][gc     ] Using Parallel
[0.028s][info][gc,init] Version: 20+36-2344 (release)
[0.028s][info][gc,init] CPUs: 48 total, 48 available
[0.028s][info][gc,init] Memory: 382G
[0.028s][info][gc,init] Large Page Support: Disabled
[0.028s][info][gc,init] NUMA Support: Disabled
[0.028s][info][gc,init] Compressed Oops: Enabled (Zero based)
[0.028s][info][gc,init] Alignments: Space 512K, Generation 512K, Heap 2M
[0.028s][info][gc,init] Heap Min Capacity: 8M
[0.028s][info][gc,init] Heap Initial Capacity: 2G
[0.046s][info][gc,init] Heap Max Capacity: 30718M
[0.046s][info][gc,init] Pre-touch: Disabled
[0.046s][info][gc,init] Parallel Workers: 33
[0.047s][info][gc,metaspace] CDS archive(s) mapped at: [0x0000000800000000-0x0000000800c60000-0x0000000800c60000), size 12976128, SharedBaseAddress: 0x0000000800000000, ArchiveRelocationMode: 0.
[0.047s][info][gc,metaspace] Compressed class space mapped at: 0x0000000801000000-0x0000000841000000, reserved size: 1073741824
[0.047s][info][gc,metaspace] Narrow klass base: 0x0000000800000000, Narrow klass shift: 0, Narrow klass range: 0x100000000
[1.045s][info][gc,start    ] GC(0) Pause Young (System.gc())
[1.054s][info][gc,heap     ] GC(0) PSYoungGen: 115618K(611840K)->4405K(611840K) Eden: 115618K(524800K)->0K(524800K) From: 0K(87040K)->4405K(87040K)
[1.054s][info][gc,heap     ] GC(0) ParOldGen: 0K(1398272K)->16K(1398272K)
[1.054s][info][gc,metaspace] GC(0) Metaspace: 8306K(8512K)->8306K(8512K) NonClass: 7192K(7296K)->7192K(7296K) Class: 1114K(1216K)->1114K(1216K)
[1.054s][info][gc          ] GC(0) Pause Young (System.gc()) 112M->4M(1963M) 9.350ms
[1.054s][info][gc,cpu      ] GC(0) User=0.00s Sys=0.00s Real=0.00s
[1.054s][info][gc,start    ] GC(1) Pause Full (System.gc())
[1.054s][info][gc,phases,start] GC(1) Marking Phase
[1.064s][info][gc,phases      ] GC(1) Marking Phase 9.874ms
[1.064s][info][gc,phases,start] GC(1) Summary Phase
[1.064s][info][gc,phases      ] GC(1) Summary Phase 0.021ms
[1.064s][info][gc,phases,start] GC(1) Adjust Roots
[1.067s][info][gc,phases      ] GC(1) Adjust Roots 2.402ms
[1.067s][info][gc,phases,start] GC(1) Compaction Phase
[1.073s][info][gc,phases      ] GC(1) Compaction Phase 6.428ms
[1.073s][info][gc,phases,start] GC(1) Post Compact
[1.074s][info][gc,phases      ] GC(1) Post Compact 1.076ms
[1.074s][info][gc,heap        ] GC(1) PSYoungGen: 4405K(611840K)->0K(611840K) Eden: 0K(524800K)->0K(524800K) From: 4405K(87040K)->0K(87040K)
[1.074s][info][gc,heap        ] GC(1) ParOldGen: 16K(1398272K)->3817K(1398272K)
[1.074s][info][gc,metaspace   ] GC(1) Metaspace: 8306K(8512K)->8306K(8512K) NonClass: 7192K(7296K)->7192K(7296K) Class: 1114K(1216K)->1114K(1216K)
[1.074s][info][gc             ] GC(1) Pause Full (System.gc()) 4M->3M(1963M) 20.075ms
[1.074s][info][gc,cpu         ] GC(1) User=0.42s Sys=0.02s Real=0.03s
[3.120s][info][gc,start       ] GC(2) Pause Young (Allocation Failure)
[3.123s][info][gc,heap        ] GC(2) PSYoungGen: 524800K(611840K)->1952K(611840K) Eden: 524800K(524800K)->0K(524800K) From: 0K(87040K)->1952K(87040K)
[3.123s][info][gc,heap        ] GC(2) ParOldGen: 3817K(1398272K)->3825K(1398272K)
[3.123s][info][gc,metaspace   ] GC(2) Metaspace: 9809K(10048K)->9809K(10048K) NonClass: 8509K(8640K)->8509K(8640K) Class: 1300K(1408K)->1300K(1408K)
[3.123s][info][gc             ] GC(2) Pause Young (Allocation Failure) 516M->5M(1963M) 3.189ms
[3.123s][info][gc,cpu         ] GC(2) User=0.00s Sys=0.00s Real=0.00s
[5.270s][info][gc,start       ] GC(3) Pause Young (Allocation Failure)
[5.272s][info][gc,heap        ] GC(3) PSYoungGen: 526752K(611840K)->2176K(611840K) Eden: 524800K(524800K)->0K(524800K) From: 1952K(87040K)->2176K(87040K)
[5.272s][info][gc,heap        ] GC(3) ParOldGen: 3825K(1398272K)->3833K(1398272K)
[5.272s][info][gc,metaspace   ] GC(3) Metaspace: 9815K(10112K)->9815K(10112K) NonClass: 8515K(8704K)->8515K(8704K) Class: 1300K(1408K)->1300K(1408K)
[5.272s][info][gc             ] GC(3) Pause Young (Allocation Failure) 518M->5M(1963M) 1.789ms
[5.272s][info][gc,cpu         ] GC(3) User=0.00s Sys=0.00s Real=0.00s
[7.454s][info][gc,start       ] GC(4) Pause Young (Allocation Failure)
[7.455s][info][gc,heap        ] GC(4) PSYoungGen: 526976K(611840K)->2016K(611840K) Eden: 524800K(524800K)->0K(524800K) From: 2176K(87040K)->2016K(87040K)
[7.456s][info][gc,heap        ] GC(4) ParOldGen: 3833K(1398272K)->3841K(1398272K)
[7.456s][info][gc,metaspace   ] GC(4) Metaspace: 9815K(10112K)->9815K(10112K) NonClass: 8515K(8704K)->8515K(8704K) Class: 1300K(1408K)->1300K(1408K)
[7.456s][info][gc             ] GC(4) Pause Young (Allocation Failure) 518M->5M(1963M) 1.685ms
[7.456s][info][gc,cpu         ] GC(4) User=0.00s Sys=0.00s Real=0.00s
[8.282s][info][gc,start       ] GC(5) Pause Young (System.gc())
[8.284s][info][gc,heap        ] GC(5) PSYoungGen: 205471K(611840K)->1088K(611840K) Eden: 203455K(524800K)->0K(524800K) From: 2016K(87040K)->1088K(87040K)
[8.284s][info][gc,heap        ] GC(5) ParOldGen: 3841K(1398272K)->3849K(1398272K)
[8.284s][info][gc,metaspace   ] GC(5) Metaspace: 9876K(10176K)->9876K(10176K) NonClass: 8564K(8768K)->8564K(8768K) Class: 1311K(1408K)->1311K(1408K)
[8.284s][info][gc             ] GC(5) Pause Young (System.gc()) 204M->4M(1963M) 1.889ms
[8.284s][info][gc,cpu         ] GC(5) User=0.02s Sys=0.00s Real=0.02s
[8.284s][info][gc,start       ] GC(6) Pause Full (System.gc())
[8.284s][info][gc,phases,start] GC(6) Marking Phase
[8.303s][info][gc,phases      ] GC(6) Marking Phase 18.695ms
[8.303s][info][gc,phases,start] GC(6) Summary Phase
[8.303s][info][gc,phases      ] GC(6) Summary Phase 0.021ms
[8.303s][info][gc,phases,start] GC(6) Adjust Roots
[8.308s][info][gc,phases      ] GC(6) Adjust Roots 5.209ms
[8.308s][info][gc,phases,start] GC(6) Compaction Phase
[8.320s][info][gc,phases      ] GC(6) Compaction Phase 11.588ms
[8.320s][info][gc,phases,start] GC(6) Post Compact
[8.321s][info][gc,phases      ] GC(6) Post Compact 0.994ms
[8.321s][info][gc,heap        ] GC(6) PSYoungGen: 1088K(611840K)->0K(611840K) Eden: 0K(524800K)->0K(524800K) From: 1088K(87040K)->0K(87040K)
[8.321s][info][gc,heap        ] GC(6) ParOldGen: 3849K(1398272K)->4068K(1398272K)
[8.321s][info][gc,metaspace   ] GC(6) Metaspace: 9876K(10176K)->9835K(10176K) NonClass: 8564K(8768K)->8536K(8768K) Class: 1311K(1408K)->1299K(1408K)
[8.321s][info][gc             ] GC(6) Pause Full (System.gc()) 4M->3M(1963M) 36.844ms
[8.321s][info][gc,cpu         ] GC(6) User=0.06s Sys=0.00s Real=0.03s
[10.395s][info][gc,start       ] GC(7) Pause Young (Allocation Failure)
[10.396s][info][gc,heap        ] GC(7) PSYoungGen: 524800K(611840K)->1824K(611840K) Eden: 524800K(524800K)->0K(524800K) From: 0K(87040K)->1824K(87040K)
[10.396s][info][gc,heap        ] GC(7) ParOldGen: 4068K(1398272K)->4076K(1398272K)
[10.396s][info][gc,metaspace   ] GC(7) Metaspace: 9835K(10176K)->9835K(10176K) NonClass: 8536K(8768K)->8536K(8768K) Class: 1299K(1408K)->1299K(1408K)
[10.397s][info][gc             ] GC(7) Pause Young (Allocation Failure) 516M->5M(1963M) 1.184ms
[10.397s][info][gc,cpu         ] GC(7) User=0.00s Sys=0.00s Real=0.00s
[12.430s][info][gc,start       ] GC(8) Pause Young (Allocation Failure)
[12.432s][info][gc,heap        ] GC(8) PSYoungGen: 526624K(611840K)->1888K(514048K) Eden: 524800K(524800K)->0K(512000K) From: 1824K(87040K)->1888K(2048K)
[12.432s][info][gc,heap        ] GC(8) ParOldGen: 4076K(1398272K)->4076K(1398272K)
[12.432s][info][gc,metaspace   ] GC(8) Metaspace: 9835K(10176K)->9835K(10176K) NonClass: 8536K(8768K)->8536K(8768K) Class: 1299K(1408K)->1299K(1408K)
[12.432s][info][gc             ] GC(8) Pause Young (Allocation Failure) 518M->5M(1867M) 2.060ms
[12.432s][info][gc,cpu         ] GC(8) User=0.00s Sys=0.00s Real=0.00s
[14.197s][info][gc,start       ] GC(9) Pause Young (Allocation Failure)
[14.200s][info][gc,heap        ] GC(9) PSYoungGen: 513888K(514048K)->1728K(501760K) Eden: 512000K(512000K)->0K(499712K) From: 1888K(2048K)->1728K(2048K)
[14.200s][info][gc,heap        ] GC(9) ParOldGen: 4076K(1398272K)->4076K(1398272K)
[14.200s][info][gc,metaspace   ] GC(9) Metaspace: 9835K(10176K)->9835K(10176K) NonClass: 8536K(8768K)->8536K(8768K) Class: 1299K(1408K)->1299K(1408K)
[14.200s][info][gc             ] GC(9) Pause Young (Allocation Failure) 505M->5M(1855M) 2.967ms
[14.200s][info][gc,cpu         ] GC(9) User=0.00s Sys=0.00s Real=0.00s
[14.535s][info][gc,start       ] GC(10) Pause Young (System.gc())
[14.536s][info][gc,heap        ] GC(10) PSYoungGen: 108192K(501760K)->160K(500224K) Eden: 106464K(499712K)->0K(499712K) From: 1728K(2048K)->160K(512K)
[14.536s][info][gc,heap        ] GC(10) ParOldGen: 4076K(1398272K)->4076K(1398272K)
[14.536s][info][gc,metaspace   ] GC(10) Metaspace: 9835K(10176K)->9835K(10176K) NonClass: 8536K(8768K)->8536K(8768K) Class: 1299K(1408K)->1299K(1408K)
[14.536s][info][gc             ] GC(10) Pause Young (System.gc()) 109M->4M(1854M) 1.036ms
[14.536s][info][gc,cpu         ] GC(10) User=0.00s Sys=0.00s Real=0.00s
[14.536s][info][gc,start       ] GC(11) Pause Full (System.gc())
[14.536s][info][gc,phases,start] GC(11) Marking Phase
[14.553s][info][gc,phases      ] GC(11) Marking Phase 16.476ms
[14.553s][info][gc,phases,start] GC(11) Summary Phase
[14.553s][info][gc,phases      ] GC(11) Summary Phase 0.019ms
[14.553s][info][gc,phases,start] GC(11) Adjust Roots
[14.557s][info][gc,phases      ] GC(11) Adjust Roots 4.490ms
[14.557s][info][gc,phases,start] GC(11) Compaction Phase
[14.561s][info][gc,phases      ] GC(11) Compaction Phase 4.086ms
[14.561s][info][gc,phases,start] GC(11) Post Compact
[14.562s][info][gc,phases      ] GC(11) Post Compact 0.672ms
[14.562s][info][gc,heap        ] GC(11) PSYoungGen: 160K(500224K)->0K(500224K) Eden: 0K(499712K)->0K(499712K) From: 160K(512K)->0K(512K)
[14.562s][info][gc,heap        ] GC(11) ParOldGen: 4076K(1398272K)->4067K(1398272K)
[14.562s][info][gc,metaspace   ] GC(11) Metaspace: 9835K(10176K)->9835K(10176K) NonClass: 8536K(8768K)->8536K(8768K) Class: 1299K(1408K)->1299K(1408K)
[14.562s][info][gc             ] GC(11) Pause Full (System.gc()) 4M->3M(1854M) 25.998ms
[14.562s][info][gc,cpu         ] GC(11) User=0.53s Sys=0.00s Real=0.03s
[16.535s][info][gc,start       ] GC(12) Pause Young (Allocation Failure)
[16.537s][info][gc,heap        ] GC(12) PSYoungGen: 499712K(500224K)->1696K(489984K) Eden: 499712K(499712K)->0K(487936K) From: 0K(512K)->1696K(2048K)
[16.537s][info][gc,heap        ] GC(12) ParOldGen: 4067K(1398272K)->4067K(1398272K)
[16.537s][info][gc,metaspace   ] GC(12) Metaspace: 9844K(10176K)->9844K(10176K) NonClass: 8545K(8768K)->8545K(8768K) Class: 1299K(1408K)->1299K(1408K)
[16.537s][info][gc             ] GC(12) Pause Young (Allocation Failure) 491M->5M(1844M) 2.487ms
[16.537s][info][gc,cpu         ] GC(12) User=0.00s Sys=0.00s Real=0.00s
[18.470s][info][gc,start       ] GC(13) Pause Young (Allocation Failure)
[18.473s][info][gc,heap        ] GC(13) PSYoungGen: 489632K(489984K)->1632K(478720K) Eden: 487936K(487936K)->0K(476672K) From: 1696K(2048K)->1632K(2048K)
[18.473s][info][gc,heap        ] GC(13) ParOldGen: 4067K(1398272K)->4067K(1398272K)
[18.473s][info][gc,metaspace   ] GC(13) Metaspace: 9844K(10176K)->9844K(10176K) NonClass: 8545K(8768K)->8545K(8768K) Class: 1299K(1408K)->1299K(1408K)
[18.473s][info][gc             ] GC(13) Pause Young (Allocation Failure) 482M->5M(1833M) 2.808ms
[18.473s][info][gc,cpu         ] GC(13) User=0.00s Sys=0.00s Real=0.00s
[20.387s][info][gc,start       ] GC(14) Pause Young (Allocation Failure)
[20.389s][info][gc,heap        ] GC(14) PSYoungGen: 478304K(478720K)->1152K(466944K) Eden: 476672K(476672K)->0K(465408K) From: 1632K(2048K)->1152K(1536K)
[20.389s][info][gc,heap        ] GC(14) ParOldGen: 4067K(1398272K)->4771K(1398272K)
[20.389s][info][gc,metaspace   ] GC(14) Metaspace: 9844K(10176K)->9844K(10176K) NonClass: 8545K(8768K)->8545K(8768K) Class: 1299K(1408K)->1299K(1408K)
[20.389s][info][gc             ] GC(14) Pause Young (Allocation Failure) 471M->5M(1821M) 2.023ms
[20.389s][info][gc,cpu         ] GC(14) User=0.00s Sys=0.00s Real=0.00s
[21.069s][info][gc,start       ] GC(15) Pause Young (System.gc())
[21.071s][info][gc,heap        ] GC(15) PSYoungGen: 171281K(466944K)->1280K(466944K) Eden: 170129K(465408K)->0K(465408K) From: 1152K(1536K)->1280K(1536K)
[21.071s][info][gc,heap        ] GC(15) ParOldGen: 4771K(1398272K)->5195K(1398272K)
[21.071s][info][gc,metaspace   ] GC(15) Metaspace: 9844K(10176K)->9844K(10176K) NonClass: 8545K(8768K)->8545K(8768K) Class: 1299K(1408K)->1299K(1408K)
[21.071s][info][gc             ] GC(15) Pause Young (System.gc()) 171M->6M(1821M) 1.858ms
[21.071s][info][gc,cpu         ] GC(15) User=0.23s Sys=0.28s Real=0.01s
[21.071s][info][gc,start       ] GC(16) Pause Full (System.gc())
[21.071s][info][gc,phases,start] GC(16) Marking Phase
[21.088s][info][gc,phases      ] GC(16) Marking Phase 16.897ms
[21.088s][info][gc,phases,start] GC(16) Summary Phase
[21.088s][info][gc,phases      ] GC(16) Summary Phase 0.020ms
[21.088s][info][gc,phases,start] GC(16) Adjust Roots
[21.092s][info][gc,phases      ] GC(16) Adjust Roots 4.359ms
[21.092s][info][gc,phases,start] GC(16) Compaction Phase
[21.096s][info][gc,phases      ] GC(16) Compaction Phase 4.055ms
[21.096s][info][gc,phases,start] GC(16) Post Compact
[21.097s][info][gc,phases      ] GC(16) Post Compact 0.704ms
[21.097s][info][gc,heap        ] GC(16) PSYoungGen: 1280K(466944K)->0K(466944K) Eden: 0K(465408K)->0K(465408K) From: 1280K(1536K)->0K(1536K)
[21.097s][info][gc,heap        ] GC(16) ParOldGen: 5195K(1398272K)->4067K(1398272K)
[21.097s][info][gc,metaspace   ] GC(16) Metaspace: 9844K(10176K)->9844K(10176K) NonClass: 8545K(8768K)->8545K(8768K) Class: 1299K(1408K)->1299K(1408K)
[21.097s][info][gc             ] GC(16) Pause Full (System.gc()) 6M->3M(1821M) 26.268ms
[21.097s][info][gc,cpu         ] GC(16) User=0.02s Sys=0.00s Real=0.02s
[22.973s][info][gc,start       ] GC(17) Pause Young (Allocation Failure)
[22.975s][info][gc,heap        ] GC(17) PSYoungGen: 465408K(466944K)->1792K(456704K) Eden: 465408K(465408K)->0K(454656K) From: 0K(1536K)->1792K(2048K)
[22.975s][info][gc,heap        ] GC(17) ParOldGen: 4067K(1398272K)->4067K(1398272K)
[22.975s][info][gc,metaspace   ] GC(17) Metaspace: 9849K(10176K)->9849K(10176K) NonClass: 8549K(8768K)->8549K(8768K) Class: 1300K(1408K)->1300K(1408K)
[22.975s][info][gc             ] GC(17) Pause Young (Allocation Failure) 458M->5M(1811M) 2.060ms
[22.975s][info][gc,cpu         ] GC(17) User=0.00s Sys=0.00s Real=0.00s
[24.775s][info][gc,start       ] GC(18) Pause Young (Allocation Failure)
[24.777s][info][gc,heap        ] GC(18) PSYoungGen: 456448K(456704K)->1312K(445952K) Eden: 454656K(454656K)->0K(444416K) From: 1792K(2048K)->1312K(1536K)
[24.777s][info][gc,heap        ] GC(18) ParOldGen: 4067K(1398272K)->4859K(1398272K)
[24.777s][info][gc,metaspace   ] GC(18) Metaspace: 9849K(10176K)->9849K(10176K) NonClass: 8549K(8768K)->8549K(8768K) Class: 1300K(1408K)->1300K(1408K)
[24.777s][info][gc             ] GC(18) Pause Young (Allocation Failure) 449M->6M(1801M) 2.154ms
[24.777s][info][gc,cpu         ] GC(18) User=0.00s Sys=0.00s Real=0.00s
[26.558s][info][gc,start       ] GC(19) Pause Young (Allocation Failure)
[26.559s][info][gc,heap        ] GC(19) PSYoungGen: 445728K(445952K)->1056K(436224K) Eden: 444416K(444416K)->0K(434688K) From: 1312K(1536K)->1056K(1536K)
[26.559s][info][gc,heap        ] GC(19) ParOldGen: 4859K(1398272K)->4859K(1398272K)
[26.559s][info][gc,metaspace   ] GC(19) Metaspace: 9849K(10176K)->9849K(10176K) NonClass: 8549K(8768K)->8549K(8768K) Class: 1300K(1408K)->1300K(1408K)
[26.559s][info][gc             ] GC(19) Pause Young (Allocation Failure) 440M->5M(1791M) 1.267ms
[26.559s][info][gc,cpu         ] GC(19) User=0.00s Sys=0.00s Real=0.00s
[27.642s][info][gc,start       ] GC(20) Pause Young (System.gc())
[27.644s][info][gc,heap        ] GC(20) PSYoungGen: 270886K(436224K)->1056K(436224K) Eden: 269830K(434688K)->0K(434688K) From: 1056K(1536K)->1056K(1536K)
[27.644s][info][gc,heap        ] GC(20) ParOldGen: 4859K(1398272K)->5179K(1398272K)
[27.644s][info][gc,metaspace   ] GC(20) Metaspace: 9849K(10176K)->9849K(10176K) NonClass: 8549K(8768K)->8549K(8768K) Class: 1300K(1408K)->1300K(1408K)
[27.644s][info][gc             ] GC(20) Pause Young (System.gc()) 269M->6M(1791M) 1.460ms
[27.644s][info][gc,cpu         ] GC(20) User=0.00s Sys=0.00s Real=0.00s
[27.644s][info][gc,start       ] GC(21) Pause Full (System.gc())
[27.644s][info][gc,phases,start] GC(21) Marking Phase
[27.661s][info][gc,phases      ] GC(21) Marking Phase 16.543ms
[27.661s][info][gc,phases,start] GC(21) Summary Phase
[27.661s][info][gc,phases      ] GC(21) Summary Phase 0.021ms
[27.661s][info][gc,phases,start] GC(21) Adjust Roots
[27.665s][info][gc,phases      ] GC(21) Adjust Roots 4.346ms
[27.665s][info][gc,phases,start] GC(21) Compaction Phase
[27.671s][info][gc,phases      ] GC(21) Compaction Phase 5.989ms
[27.671s][info][gc,phases,start] GC(21) Post Compact
[27.672s][info][gc,phases      ] GC(21) Post Compact 0.716ms
[27.672s][info][gc,heap        ] GC(21) PSYoungGen: 1056K(436224K)->0K(436224K) Eden: 0K(434688K)->0K(434688K) From: 1056K(1536K)->0K(1536K)
[27.672s][info][gc,heap        ] GC(21) ParOldGen: 5179K(1398272K)->4072K(1398272K)
[27.672s][info][gc,metaspace   ] GC(21) Metaspace: 9849K(10176K)->9849K(10176K) NonClass: 8549K(8768K)->8549K(8768K) Class: 1300K(1408K)->1300K(1408K)
[27.672s][info][gc             ] GC(21) Pause Full (System.gc()) 6M->3M(1791M) 27.880ms
[27.672s][info][gc,cpu         ] GC(21) User=0.02s Sys=0.02s Real=0.03s
[29.392s][info][gc,start       ] GC(22) Pause Young (Allocation Failure)
[29.394s][info][gc,heap        ] GC(22) PSYoungGen: 434688K(436224K)->1472K(426496K) Eden: 434688K(434688K)->0K(424960K) From: 0K(1536K)->1472K(1536K)
[29.394s][info][gc,heap        ] GC(22) ParOldGen: 4072K(1398272K)->4072K(1398272K)
[29.394s][info][gc,metaspace   ] GC(22) Metaspace: 9851K(10176K)->9851K(10176K) NonClass: 8550K(8768K)->8550K(8768K) Class: 1300K(1408K)->1300K(1408K)
[29.394s][info][gc             ] GC(22) Pause Young (Allocation Failure) 428M->5M(1782M) 1.973ms
[29.394s][info][gc,cpu         ] GC(22) User=0.00s Sys=0.00s Real=0.00s
[31.088s][info][gc,start       ] GC(23) Pause Young (Allocation Failure)
[31.090s][info][gc,heap        ] GC(23) PSYoungGen: 426432K(426496K)->1312K(417280K) Eden: 424960K(424960K)->0K(415744K) From: 1472K(1536K)->1312K(1536K)
[31.090s][info][gc,heap        ] GC(23) ParOldGen: 4072K(1398272K)->4584K(1398272K)
[31.090s][info][gc,metaspace   ] GC(23) Metaspace: 9851K(10176K)->9851K(10176K) NonClass: 8550K(8768K)->8550K(8768K) Class: 1300K(1408K)->1300K(1408K)
[31.091s][info][gc             ] GC(23) Pause Young (Allocation Failure) 420M->5M(1773M) 2.145ms
[31.091s][info][gc,cpu         ] GC(23) User=0.00s Sys=0.00s Real=0.00s
[32.748s][info][gc,start       ] GC(24) Pause Young (Allocation Failure)
[32.749s][info][gc,heap        ] GC(24) PSYoungGen: 417056K(417280K)->1280K(408576K) Eden: 415744K(415744K)->0K(407040K) From: 1312K(1536K)->1280K(1536K)
[32.749s][info][gc,heap        ] GC(24) ParOldGen: 4584K(1398272K)->5096K(1398272K)
[32.749s][info][gc,metaspace   ] GC(24) Metaspace: 9851K(10176K)->9851K(10176K) NonClass: 8550K(8768K)->8550K(8768K) Class: 1300K(1408K)->1300K(1408K)
[32.749s][info][gc             ] GC(24) Pause Young (Allocation Failure) 411M->6M(1764M) 1.447ms
[32.750s][info][gc,cpu         ] GC(24) User=0.00s Sys=0.00s Real=0.00s
[34.168s][info][gc,start       ] GC(25) Pause Young (System.gc())
[34.170s][info][gc,heap        ] GC(25) PSYoungGen: 354944K(408576K)->1184K(408576K) Eden: 353664K(407040K)->0K(407040K) From: 1280K(1536K)->1184K(1536K)
[34.170s][info][gc,heap        ] GC(25) ParOldGen: 5096K(1398272K)->5416K(1398272K)
[34.170s][info][gc,metaspace   ] GC(25) Metaspace: 9851K(10176K)->9851K(10176K) NonClass: 8550K(8768K)->8550K(8768K) Class: 1300K(1408K)->1300K(1408K)
[34.170s][info][gc             ] GC(25) Pause Young (System.gc()) 351M->6M(1764M) 1.821ms
[34.170s][info][gc,cpu         ] GC(25) User=0.00s Sys=0.00s Real=0.00s
[34.170s][info][gc,start       ] GC(26) Pause Full (System.gc())
[34.170s][info][gc,phases,start] GC(26) Marking Phase
[34.188s][info][gc,phases      ] GC(26) Marking Phase 17.403ms
[34.188s][info][gc,phases,start] GC(26) Summary Phase
[34.188s][info][gc,phases      ] GC(26) Summary Phase 0.029ms
[34.188s][info][gc,phases,start] GC(26) Adjust Roots
[34.191s][info][gc,phases      ] GC(26) Adjust Roots 3.577ms
[34.191s][info][gc,phases,start] GC(26) Compaction Phase
[34.195s][info][gc,phases      ] GC(26) Compaction Phase 3.530ms
[34.195s][info][gc,phases,start] GC(26) Post Compact
[34.196s][info][gc,phases      ] GC(26) Post Compact 0.707ms
[34.196s][info][gc,heap        ] GC(26) PSYoungGen: 1184K(408576K)->0K(408576K) Eden: 0K(407040K)->0K(407040K) From: 1184K(1536K)->0K(1536K)
[34.196s][info][gc,heap        ] GC(26) ParOldGen: 5416K(1398272K)->4072K(1398272K)
[34.196s][info][gc,metaspace   ] GC(26) Metaspace: 9851K(10176K)->9851K(10176K) NonClass: 8550K(8768K)->8550K(8768K) Class: 1300K(1408K)->1300K(1408K)
[34.196s][info][gc             ] GC(26) Pause Full (System.gc()) 6M->3M(1764M) 25.555ms
[34.196s][info][gc,cpu         ] GC(26) User=0.53s Sys=0.00s Real=0.03s
[35.808s][info][gc,start       ] GC(27) Pause Young (Allocation Failure)
[35.810s][info][gc,heap        ] GC(27) PSYoungGen: 407040K(408576K)->1856K(400384K) Eden: 407040K(407040K)->0K(398336K) From: 0K(1536K)->1856K(2048K)
[35.810s][info][gc,heap        ] GC(27) ParOldGen: 4072K(1398272K)->4072K(1398272K)
[35.810s][info][gc,metaspace   ] GC(27) Metaspace: 9851K(10176K)->9851K(10176K) NonClass: 8551K(8768K)->8551K(8768K) Class: 1300K(1408K)->1300K(1408K)
[35.810s][info][gc             ] GC(27) Pause Young (Allocation Failure) 401M->5M(1756M) 1.853ms
[35.810s][info][gc,cpu         ] GC(27) User=0.00s Sys=0.00s Real=0.00s
[37.388s][info][gc,start       ] GC(28) Pause Young (Allocation Failure)
[37.390s][info][gc,heap        ] GC(28) PSYoungGen: 400192K(400384K)->1312K(391680K) Eden: 398336K(398336K)->0K(390144K) From: 1856K(2048K)->1312K(1536K)
[37.390s][info][gc,heap        ] GC(28) ParOldGen: 4072K(1398272K)->4760K(1398272K)
[37.390s][info][gc,metaspace   ] GC(28) Metaspace: 9851K(10176K)->9851K(10176K) NonClass: 8551K(8768K)->8551K(8768K) Class: 1300K(1408K)->1300K(1408K)
[37.391s][info][gc             ] GC(28) Pause Young (Allocation Failure) 394M->5M(1748M) 2.486ms
[37.391s][info][gc,cpu         ] GC(28) User=0.00s Sys=0.00s Real=0.00s
[38.939s][info][gc,start       ] GC(29) Pause Young (Allocation Failure)
[38.940s][info][gc,heap        ] GC(29) PSYoungGen: 391456K(391680K)->1088K(383488K) Eden: 390144K(390144K)->0K(381952K) From: 1312K(1536K)->1088K(1536K)
[38.940s][info][gc,heap        ] GC(29) ParOldGen: 4760K(1398272K)->5120K(1398272K)
[38.940s][info][gc,metaspace   ] GC(29) Metaspace: 9851K(10176K)->9851K(10176K) NonClass: 8551K(8768K)->8551K(8768K) Class: 1300K(1408K)->1300K(1408K)
[38.941s][info][gc             ] GC(29) Pause Young (Allocation Failure) 386M->6M(1740M) 1.485ms
[38.941s][info][gc,cpu         ] GC(29) User=0.00s Sys=0.00s Real=0.00s
[40.478s][info][gc,start       ] GC(30) Pause Young (Allocation Failure)
[40.479s][info][gc,heap        ] GC(30) PSYoungGen: 383040K(383488K)->736K(375296K) Eden: 381952K(381952K)->0K(374272K) From: 1088K(1536K)->736K(1024K)
[40.479s][info][gc,heap        ] GC(30) ParOldGen: 5120K(1398272K)->5120K(1398272K)
[40.480s][info][gc,metaspace   ] GC(30) Metaspace: 9851K(10176K)->9851K(10176K) NonClass: 8551K(8768K)->8551K(8768K) Class: 1300K(1408K)->1300K(1408K)
[40.480s][info][gc             ] GC(30) Pause Young (Allocation Failure) 379M->5M(1732M) 1.395ms
[40.480s][info][gc,cpu         ] GC(30) User=0.00s Sys=0.00s Real=0.00s
[40.709s][info][gc,start       ] GC(31) Pause Young (System.gc())
[40.711s][info][gc,heap        ] GC(31) PSYoungGen: 61893K(375296K)->1056K(375808K) Eden: 61157K(374272K)->0K(374272K) From: 736K(1024K)->1056K(1536K)
[40.711s][info][gc,heap        ] GC(31) ParOldGen: 5120K(1398272K)->5120K(1398272K)
[40.711s][info][gc,metaspace   ] GC(31) Metaspace: 9852K(10176K)->9852K(10176K) NonClass: 8552K(8768K)->8552K(8768K) Class: 1300K(1408K)->1300K(1408K)
[40.711s][info][gc             ] GC(31) Pause Young (System.gc()) 65M->6M(1732M) 1.492ms
[40.711s][info][gc,cpu         ] GC(31) User=0.00s Sys=0.00s Real=0.00s
[40.711s][info][gc,start       ] GC(32) Pause Full (System.gc())
[40.711s][info][gc,phases,start] GC(32) Marking Phase
[40.728s][info][gc,phases      ] GC(32) Marking Phase 16.532ms
[40.728s][info][gc,phases,start] GC(32) Summary Phase
[40.728s][info][gc,phases      ] GC(32) Summary Phase 0.021ms
[40.728s][info][gc,phases,start] GC(32) Adjust Roots
[40.732s][info][gc,phases      ] GC(32) Adjust Roots 3.834ms
[40.732s][info][gc,phases,start] GC(32) Compaction Phase
[40.735s][info][gc,phases      ] GC(32) Compaction Phase 3.187ms
[40.735s][info][gc,phases,start] GC(32) Post Compact
[40.735s][info][gc,phases      ] GC(32) Post Compact 0.720ms
[40.736s][info][gc,heap        ] GC(32) PSYoungGen: 1056K(375808K)->0K(375808K) Eden: 0K(374272K)->0K(374272K) From: 1056K(1536K)->0K(1536K)
[40.736s][info][gc,heap        ] GC(32) ParOldGen: 5120K(1398272K)->4072K(1398272K)
[40.736s][info][gc,metaspace   ] GC(32) Metaspace: 9852K(10176K)->9852K(10176K) NonClass: 8552K(8768K)->8552K(8768K) Class: 1300K(1408K)->1300K(1408K)
[40.736s][info][gc             ] GC(32) Pause Full (System.gc()) 6M->3M(1732M) 24.561ms
[40.736s][info][gc,cpu         ] GC(32) User=0.52s Sys=0.00s Real=0.02s
[42.216s][info][gc,start       ] GC(33) Pause Young (Allocation Failure)
[42.218s][info][gc,heap        ] GC(33) PSYoungGen: 374272K(375808K)->1696K(368640K) Eden: 374272K(374272K)->0K(366592K) From: 0K(1536K)->1696K(2048K)
[42.218s][info][gc,heap        ] GC(33) ParOldGen: 4072K(1398272K)->4072K(1398272K)
[42.218s][info][gc,metaspace   ] GC(33) Metaspace: 9853K(10176K)->9853K(10176K) NonClass: 8552K(8768K)->8552K(8768K) Class: 1300K(1408K)->1300K(1408K)
[42.218s][info][gc             ] GC(33) Pause Young (Allocation Failure) 369M->5M(1725M) 2.446ms
[42.218s][info][gc,cpu         ] GC(33) User=0.00s Sys=0.00s Real=0.00s
[43.698s][info][gc,start       ] GC(34) Pause Young (Allocation Failure)
[43.699s][info][gc,heap        ] GC(34) PSYoungGen: 368288K(368640K)->1184K(360960K) Eden: 366592K(366592K)->0K(359424K) From: 1696K(2048K)->1184K(1536K)
[43.699s][info][gc,heap        ] GC(34) ParOldGen: 4072K(1398272K)->4768K(1398272K)
[43.699s][info][gc,metaspace   ] GC(34) Metaspace: 9853K(10176K)->9853K(10176K) NonClass: 8552K(8768K)->8552K(8768K) Class: 1300K(1408K)->1300K(1408K)
[43.699s][info][gc             ] GC(34) Pause Young (Allocation Failure) 363M->5M(1718M) 1.551ms
[43.699s][info][gc,cpu         ] GC(34) User=0.00s Sys=0.00s Real=0.00s
[45.150s][info][gc,start       ] GC(35) Pause Young (Allocation Failure)
[45.152s][info][gc,heap        ] GC(35) PSYoungGen: 360608K(360960K)->1600K(354304K) Eden: 359424K(359424K)->0K(352256K) From: 1184K(1536K)->1600K(2048K)
[45.152s][info][gc,heap        ] GC(35) ParOldGen: 4768K(1398272K)->4768K(1398272K)
[45.152s][info][gc,metaspace   ] GC(35) Metaspace: 9853K(10176K)->9853K(10176K) NonClass: 8552K(8768K)->8552K(8768K) Class: 1300K(1408K)->1300K(1408K)
[45.152s][info][gc             ] GC(35) Pause Young (Allocation Failure) 356M->6M(1711M) 2.165ms
[45.152s][info][gc,cpu         ] GC(35) User=0.00s Sys=0.02s Real=0.02s
[46.546s][info][gc,start       ] GC(36) Pause Young (Allocation Failure)
[46.547s][info][gc,heap        ] GC(36) PSYoungGen: 353856K(354304K)->992K(346624K) Eden: 352256K(352256K)->0K(345600K) From: 1600K(2048K)->992K(1024K)
[46.547s][info][gc,heap        ] GC(36) ParOldGen: 4768K(1398272K)->5480K(1398272K)
[46.547s][info][gc,metaspace   ] GC(36) Metaspace: 9853K(10176K)->9853K(10176K) NonClass: 8552K(8768K)->8552K(8768K) Class: 1300K(1408K)->1300K(1408K)
[46.547s][info][gc             ] GC(36) Pause Young (Allocation Failure) 350M->6M(1704M) 1.494ms
[46.547s][info][gc,cpu         ] GC(36) User=0.00s Sys=0.00s Real=0.00s
[47.272s][info][gc,start       ] GC(37) Pause Young (System.gc())
[47.274s][info][gc,heap        ] GC(37) PSYoungGen: 186107K(346624K)->1120K(347136K) Eden: 185115K(345600K)->0K(345600K) From: 992K(1024K)->1120K(1536K)
[47.274s][info][gc,heap        ] GC(37) ParOldGen: 5480K(1398272K)->5480K(1398272K)
[47.274s][info][gc,metaspace   ] GC(37) Metaspace: 9854K(10176K)->9854K(10176K) NonClass: 8554K(8768K)->8554K(8768K) Class: 1300K(1408K)->1300K(1408K)
[47.274s][info][gc             ] GC(37) Pause Young (System.gc()) 187M->6M(1704M) 1.546ms
[47.274s][info][gc,cpu         ] GC(37) User=0.33s Sys=0.05s Real=0.02s
[47.274s][info][gc,start       ] GC(38) Pause Full (System.gc())
[47.274s][info][gc,phases,start] GC(38) Marking Phase
[47.290s][info][gc,phases      ] GC(38) Marking Phase 15.592ms
[47.290s][info][gc,phases,start] GC(38) Summary Phase
[47.290s][info][gc,phases      ] GC(38) Summary Phase 0.021ms
[47.290s][info][gc,phases,start] GC(38) Adjust Roots
[47.293s][info][gc,phases      ] GC(38) Adjust Roots 2.955ms
[47.293s][info][gc,phases,start] GC(38) Compaction Phase
[47.296s][info][gc,phases      ] GC(38) Compaction Phase 3.422ms
[47.296s][info][gc,phases,start] GC(38) Post Compact
[47.297s][info][gc,phases      ] GC(38) Post Compact 0.703ms
[47.297s][info][gc,heap        ] GC(38) PSYoungGen: 1120K(347136K)->0K(347136K) Eden: 0K(345600K)->0K(345600K) From: 1120K(1536K)->0K(1536K)
[47.297s][info][gc,heap        ] GC(38) ParOldGen: 5480K(1398272K)->4072K(1398272K)
[47.297s][info][gc,metaspace   ] GC(38) Metaspace: 9854K(10176K)->9854K(10176K) NonClass: 8554K(8768K)->8554K(8768K) Class: 1300K(1408K)->1300K(1408K)
[47.297s][info][gc             ] GC(38) Pause Full (System.gc()) 6M->3M(1704M) 22.928ms
[47.297s][info][gc,cpu         ] GC(38) User=0.02s Sys=0.00s Real=0.02s
[48.672s][info][gc,start       ] GC(39) Pause Young (Allocation Failure)
[48.674s][info][gc,heap        ] GC(39) PSYoungGen: 345600K(347136K)->1952K(340992K) Eden: 345600K(345600K)->0K(338944K) From: 0K(1536K)->1952K(2048K)
[48.674s][info][gc,heap        ] GC(39) ParOldGen: 4072K(1398272K)->4072K(1398272K)
[48.674s][info][gc,metaspace   ] GC(39) Metaspace: 9855K(10176K)->9855K(10176K) NonClass: 8554K(8768K)->8554K(8768K) Class: 1300K(1408K)->1300K(1408K)
[48.674s][info][gc             ] GC(39) Pause Young (Allocation Failure) 341M->5M(1698M) 1.390ms
[48.674s][info][gc,cpu         ] GC(39) User=0.00s Sys=0.00s Real=0.00s
[50.040s][info][gc,start       ] GC(40) Pause Young (Allocation Failure)
[50.042s][info][gc,heap        ] GC(40) PSYoungGen: 340896K(340992K)->1472K(334336K) Eden: 338944K(338944K)->0K(332800K) From: 1952K(2048K)->1472K(1536K)
[50.042s][info][gc,heap        ] GC(40) ParOldGen: 4072K(1398272K)->4456K(1398272K)
[50.042s][info][gc,metaspace   ] GC(40) Metaspace: 9855K(10176K)->9855K(10176K) NonClass: 8554K(8768K)->8554K(8768K) Class: 1300K(1408K)->1300K(1408K)
[50.042s][info][gc             ] GC(40) Pause Young (Allocation Failure) 336M->5M(1692M) 2.141ms
[50.042s][info][gc,cpu         ] GC(40) User=0.00s Sys=0.00s Real=0.00s
[51.384s][info][gc,start       ] GC(41) Pause Young (Allocation Failure)
[51.385s][info][gc,heap        ] GC(41) PSYoungGen: 334272K(334336K)->1088K(328192K) Eden: 332800K(332800K)->0K(326656K) From: 1472K(1536K)->1088K(1536K)
[51.385s][info][gc,heap        ] GC(41) ParOldGen: 4456K(1398272K)->5168K(1398272K)
[51.385s][info][gc,metaspace   ] GC(41) Metaspace: 9855K(10176K)->9855K(10176K) NonClass: 8554K(8768K)->8554K(8768K) Class: 1300K(1408K)->1300K(1408K)
[51.385s][info][gc             ] GC(41) Pause Young (Allocation Failure) 330M->6M(1686M) 1.590ms
[51.385s][info][gc,cpu         ] GC(41) User=0.00s Sys=0.00s Real=0.00s
[52.682s][info][gc,start       ] GC(42) Pause Young (Allocation Failure)
[52.683s][info][gc,heap        ] GC(42) PSYoungGen: 327744K(328192K)->1248K(322048K) Eden: 326656K(326656K)->0K(320512K) From: 1088K(1536K)->1248K(1536K)
[52.683s][info][gc,heap        ] GC(42) ParOldGen: 5168K(1398272K)->5168K(1398272K)
[52.683s][info][gc,metaspace   ] GC(42) Metaspace: 9855K(10176K)->9855K(10176K) NonClass: 8554K(8768K)->8554K(8768K) Class: 1300K(1408K)->1300K(1408K)
[52.683s][info][gc             ] GC(42) Pause Young (Allocation Failure) 325M->6M(1680M) 1.874ms
[52.684s][info][gc,cpu         ] GC(42) User=0.02s Sys=0.00s Real=0.02s
[53.804s][info][gc,start       ] GC(43) Pause Young (System.gc())
[53.805s][info][gc,heap        ] GC(43) PSYoungGen: 285193K(322048K)->1056K(322048K) Eden: 283945K(320512K)->0K(320512K) From: 1248K(1536K)->1056K(1536K)
[53.805s][info][gc,heap        ] GC(43) ParOldGen: 5168K(1398272K)->5528K(1398272K)
[53.805s][info][gc,metaspace   ] GC(43) Metaspace: 9855K(10176K)->9855K(10176K) NonClass: 8555K(8768K)->8555K(8768K) Class: 1300K(1408K)->1300K(1408K)
[53.805s][info][gc             ] GC(43) Pause Young (System.gc()) 283M->6M(1680M) 1.647ms
[53.805s][info][gc,cpu         ] GC(43) User=0.00s Sys=0.00s Real=0.00s
[53.805s][info][gc,start       ] GC(44) Pause Full (System.gc())
[53.805s][info][gc,phases,start] GC(44) Marking Phase
[53.822s][info][gc,phases      ] GC(44) Marking Phase 16.124ms
[53.822s][info][gc,phases,start] GC(44) Summary Phase
[53.822s][info][gc,phases      ] GC(44) Summary Phase 0.029ms
[53.822s][info][gc,phases,start] GC(44) Adjust Roots
[53.825s][info][gc,phases      ] GC(44) Adjust Roots 2.750ms
[53.825s][info][gc,phases,start] GC(44) Compaction Phase
[53.828s][info][gc,phases      ] GC(44) Compaction Phase 3.137ms
[53.828s][info][gc,phases,start] GC(44) Post Compact
[53.829s][info][gc,phases      ] GC(44) Post Compact 0.808ms
[53.829s][info][gc,heap        ] GC(44) PSYoungGen: 1056K(322048K)->0K(322048K) Eden: 0K(320512K)->0K(320512K) From: 1056K(1536K)->0K(1536K)
[53.829s][info][gc,heap        ] GC(44) ParOldGen: 5528K(1398272K)->4072K(1398272K)
[53.829s][info][gc,metaspace   ] GC(44) Metaspace: 9855K(10176K)->9855K(10176K) NonClass: 8555K(8768K)->8555K(8768K) Class: 1300K(1408K)->1300K(1408K)
[53.829s][info][gc             ] GC(44) Pause Full (System.gc()) 6M->3M(1680M) 23.252ms
[53.829s][info][gc,cpu         ] GC(44) User=0.47s Sys=0.05s Real=0.03s
[55.120s][info][gc,start       ] GC(45) Pause Young (Allocation Failure)
[55.122s][info][gc,heap        ] GC(45) PSYoungGen: 320512K(322048K)->1760K(316928K) Eden: 320512K(320512K)->0K(314880K) From: 0K(1536K)->1760K(2048K)
[55.122s][info][gc,heap        ] GC(45) ParOldGen: 4072K(1398272K)->4072K(1398272K)
[55.122s][info][gc,metaspace   ] GC(45) Metaspace: 9858K(10176K)->9858K(10176K) NonClass: 8558K(8768K)->8558K(8768K) Class: 1300K(1408K)->1300K(1408K)
[55.122s][info][gc             ] GC(45) Pause Young (Allocation Failure) 316M->5M(1675M) 2.490ms
[55.122s][info][gc,cpu         ] GC(45) User=0.00s Sys=0.00s Real=0.00s
[56.361s][info][gc,start       ] GC(46) Pause Young (Allocation Failure)
[56.363s][info][gc,heap        ] GC(46) PSYoungGen: 316640K(316928K)->1088K(310784K) Eden: 314880K(314880K)->0K(309248K) From: 1760K(2048K)->1088K(1536K)
[56.363s][info][gc,heap        ] GC(46) ParOldGen: 4072K(1398272K)->4936K(1398272K)
[56.363s][info][gc,metaspace   ] GC(46) Metaspace: 9858K(10176K)->9858K(10176K) NonClass: 8558K(8768K)->8558K(8768K) Class: 1300K(1408K)->1300K(1408K)
[56.363s][info][gc             ] GC(46) Pause Young (Allocation Failure) 313M->5M(1669M) 1.523ms
[56.363s][info][gc,cpu         ] GC(46) User=0.00s Sys=0.00s Real=0.00s
[57.595s][info][gc,start       ] GC(47) Pause Young (Allocation Failure)
[57.596s][info][gc,heap        ] GC(47) PSYoungGen: 310336K(310784K)->1088K(305152K) Eden: 309248K(309248K)->0K(303616K) From: 1088K(1536K)->1088K(1536K)
[57.597s][info][gc,heap        ] GC(47) ParOldGen: 4936K(1398272K)->4936K(1398272K)
[57.597s][info][gc,metaspace   ] GC(47) Metaspace: 9858K(10176K)->9858K(10176K) NonClass: 8558K(8768K)->8558K(8768K) Class: 1300K(1408K)->1300K(1408K)
[57.597s][info][gc             ] GC(47) Pause Young (Allocation Failure) 307M->5M(1663M) 1.523ms
[57.597s][info][gc,cpu         ] GC(47) User=0.00s Sys=0.00s Real=0.00s
[58.808s][info][gc,start       ] GC(48) Pause Young (Allocation Failure)
[58.810s][info][gc,heap        ] GC(48) PSYoungGen: 304704K(305152K)->1056K(300032K) Eden: 303616K(303616K)->0K(298496K) From: 1088K(1536K)->1056K(1536K)
[58.810s][info][gc,heap        ] GC(48) ParOldGen: 4936K(1398272K)->4944K(1398272K)
[58.810s][info][gc,metaspace   ] GC(48) Metaspace: 9858K(10176K)->9858K(10176K) NonClass: 8558K(8768K)->8558K(8768K) Class: 1300K(1408K)->1300K(1408K)
[58.810s][info][gc             ] GC(48) Pause Young (Allocation Failure) 302M->5M(1658M) 1.190ms
[58.810s][info][gc,cpu         ] GC(48) User=0.00s Sys=0.00s Real=0.00s
[59.991s][info][gc,start       ] GC(49) Pause Young (Allocation Failure)
[59.992s][info][gc,heap        ] GC(49) PSYoungGen: 299552K(300032K)->1088K(294912K) Eden: 298496K(298496K)->0K(293376K) From: 1056K(1536K)->1088K(1536K)
[59.992s][info][gc,heap        ] GC(49) ParOldGen: 4944K(1398272K)->5232K(1398272K)
[59.992s][info][gc,metaspace   ] GC(49) Metaspace: 9858K(10176K)->9858K(10176K) NonClass: 8558K(8768K)->8558K(8768K) Class: 1300K(1408K)->1300K(1408K)
[59.992s][info][gc             ] GC(49) Pause Young (Allocation Failure) 297M->6M(1653M) 1.754ms
[59.992s][info][gc,cpu         ] GC(49) User=0.17s Sys=0.34s Real=0.00s
[60.337s][info][gc,start       ] GC(50) Pause Young (System.gc())
[60.338s][info][gc,heap        ] GC(50) PSYoungGen: 87840K(294912K)->1056K(294912K) Eden: 86752K(293376K)->0K(293376K) From: 1088K(1536K)->1056K(1536K)
[60.338s][info][gc,heap        ] GC(50) ParOldGen: 5232K(1398272K)->5232K(1398272K)
[60.338s][info][gc,metaspace   ] GC(50) Metaspace: 9858K(10176K)->9858K(10176K) NonClass: 8558K(8768K)->8558K(8768K) Class: 1300K(1408K)->1300K(1408K)
[60.338s][info][gc             ] GC(50) Pause Young (System.gc()) 90M->6M(1653M) 1.304ms
[60.338s][info][gc,cpu         ] GC(50) User=0.00s Sys=0.00s Real=0.00s
[60.338s][info][gc,start       ] GC(51) Pause Full (System.gc())
[60.338s][info][gc,phases,start] GC(51) Marking Phase
[60.355s][info][gc,phases      ] GC(51) Marking Phase 16.917ms
[60.355s][info][gc,phases,start] GC(51) Summary Phase
[60.355s][info][gc,phases      ] GC(51) Summary Phase 0.026ms
[60.356s][info][gc,phases,start] GC(51) Adjust Roots
[60.360s][info][gc,phases      ] GC(51) Adjust Roots 4.354ms
[60.360s][info][gc,phases,start] GC(51) Compaction Phase
[60.364s][info][gc,phases      ] GC(51) Compaction Phase 4.118ms
[60.364s][info][gc,phases,start] GC(51) Post Compact
[60.365s][info][gc,phases      ] GC(51) Post Compact 0.802ms
[60.365s][info][gc,heap        ] GC(51) PSYoungGen: 1056K(294912K)->0K(294912K) Eden: 0K(293376K)->0K(293376K) From: 1056K(1536K)->0K(1536K)
[60.365s][info][gc,heap        ] GC(51) ParOldGen: 5232K(1398272K)->4072K(1398272K)
[60.365s][info][gc,metaspace   ] GC(51) Metaspace: 9858K(10176K)->9858K(10176K) NonClass: 8558K(8768K)->8558K(8768K) Class: 1300K(1408K)->1300K(1408K)
[60.365s][info][gc             ] GC(51) Pause Full (System.gc()) 6M->3M(1653M) 26.589ms
[60.365s][info][gc,cpu         ] GC(51) User=0.02s Sys=0.00s Real=0.02s
[61.535s][info][gc,start       ] GC(52) Pause Young (Allocation Failure)
[61.537s][info][gc,heap        ] GC(52) PSYoungGen: 293375K(294912K)->1824K(290304K) Eden: 293375K(293376K)->0K(288256K) From: 0K(1536K)->1824K(2048K)
[61.537s][info][gc,heap        ] GC(52) ParOldGen: 4072K(1398272K)->4072K(1398272K)
[61.537s][info][gc,metaspace   ] GC(52) Metaspace: 9859K(10176K)->9859K(10176K) NonClass: 8558K(8768K)->8558K(8768K) Class: 1300K(1408K)->1300K(1408K)
[61.537s][info][gc             ] GC(52) Pause Young (Allocation Failure) 290M->5M(1649M) 2.485ms
[61.537s][info][gc,cpu         ] GC(52) User=0.44s Sys=0.02s Real=0.02s
[62.691s][info][gc,start       ] GC(53) Pause Young (Allocation Failure)
[62.692s][info][gc,heap        ] GC(53) PSYoungGen: 290080K(290304K)->1376K(285184K) Eden: 288256K(288256K)->0K(283648K) From: 1824K(2048K)->1376K(1536K)
[62.692s][info][gc,heap        ] GC(53) ParOldGen: 4072K(1398272K)->4656K(1398272K)
[62.692s][info][gc,metaspace   ] GC(53) Metaspace: 9859K(10176K)->9859K(10176K) NonClass: 8558K(8768K)->8558K(8768K) Class: 1300K(1408K)->1300K(1408K)
[62.692s][info][gc             ] GC(53) Pause Young (Allocation Failure) 287M->5M(1644M) 1.456ms
[62.692s][info][gc,cpu         ] GC(53) User=0.02s Sys=0.00s Real=0.02s
[63.815s][info][gc,start       ] GC(54) Pause Young (Allocation Failure)
[63.817s][info][gc,heap        ] GC(54) PSYoungGen: 285024K(285184K)->1088K(280576K) Eden: 283648K(283648K)->0K(279040K) From: 1376K(1536K)->1088K(1536K)
[63.817s][info][gc,heap        ] GC(54) ParOldGen: 4656K(1398272K)->4944K(1398272K)
[63.817s][info][gc,metaspace   ] GC(54) Metaspace: 9859K(10176K)->9859K(10176K) NonClass: 8558K(8768K)->8558K(8768K) Class: 1300K(1408K)->1300K(1408K)
[63.817s][info][gc             ] GC(54) Pause Young (Allocation Failure) 282M->5M(1639M) 1.764ms
[63.817s][info][gc,cpu         ] GC(54) User=0.00s Sys=0.00s Real=0.00s
[64.946s][info][gc,start       ] GC(55) Pause Young (Allocation Failure)
[64.948s][info][gc,heap        ] GC(55) PSYoungGen: 280128K(280576K)->1120K(275968K) Eden: 279040K(279040K)->0K(274432K) From: 1088K(1536K)->1120K(1536K)
[64.948s][info][gc,heap        ] GC(55) ParOldGen: 4944K(1398272K)->5272K(1398272K)
[64.948s][info][gc,metaspace   ] GC(55) Metaspace: 9859K(10176K)->9859K(10176K) NonClass: 8558K(8768K)->8558K(8768K) Class: 1300K(1408K)->1300K(1408K)
[64.948s][info][gc             ] GC(55) Pause Young (Allocation Failure) 278M->6M(1635M) 1.359ms
[64.948s][info][gc,cpu         ] GC(55) User=0.00s Sys=0.00s Real=0.00s
[66.039s][info][gc,start       ] GC(56) Pause Young (Allocation Failure)
[66.040s][info][gc,heap        ] GC(56) PSYoungGen: 275552K(275968K)->1344K(271360K) Eden: 274432K(274432K)->0K(269824K) From: 1120K(1536K)->1344K(1536K)
[66.040s][info][gc,heap        ] GC(56) ParOldGen: 5272K(1398272K)->5464K(1398272K)
[66.040s][info][gc,metaspace   ] GC(56) Metaspace: 9859K(10176K)->9859K(10176K) NonClass: 8558K(8768K)->8558K(8768K) Class: 1300K(1408K)->1300K(1408K)
[66.041s][info][gc             ] GC(56) Pause Young (Allocation Failure) 274M->6M(1630M) 1.910ms
[66.041s][info][gc,cpu         ] GC(56) User=0.00s Sys=0.00s Real=0.00s
[66.888s][info][gc,start       ] GC(57) Pause Young (System.gc())
[66.889s][info][gc,heap        ] GC(57) PSYoungGen: 214411K(271360K)->1120K(271360K) Eden: 213067K(269824K)->0K(269824K) From: 1344K(1536K)->1120K(1536K)
[66.889s][info][gc,heap        ] GC(57) ParOldGen: 5464K(1398272K)->5744K(1398272K)
[66.889s][info][gc,metaspace   ] GC(57) Metaspace: 9859K(10176K)->9859K(10176K) NonClass: 8558K(8768K)->8558K(8768K) Class: 1300K(1408K)->1300K(1408K)
[66.889s][info][gc             ] GC(57) Pause Young (System.gc()) 214M->6M(1630M) 1.280ms
[66.889s][info][gc,cpu         ] GC(57) User=0.00s Sys=0.00s Real=0.00s
[66.890s][info][gc,start       ] GC(58) Pause Full (System.gc())
[66.890s][info][gc,phases,start] GC(58) Marking Phase
[66.906s][info][gc,phases      ] GC(58) Marking Phase 16.611ms
[66.906s][info][gc,phases,start] GC(58) Summary Phase
[66.906s][info][gc,phases      ] GC(58) Summary Phase 0.021ms
[66.906s][info][gc,phases,start] GC(58) Adjust Roots
[66.911s][info][gc,phases      ] GC(58) Adjust Roots 4.401ms
[66.911s][info][gc,phases,start] GC(58) Compaction Phase
[66.915s][info][gc,phases      ] GC(58) Compaction Phase 4.065ms
[66.915s][info][gc,phases,start] GC(58) Post Compact
[66.916s][info][gc,phases      ] GC(58) Post Compact 0.747ms
[66.916s][info][gc,heap        ] GC(58) PSYoungGen: 1120K(271360K)->0K(271360K) Eden: 0K(269824K)->0K(269824K) From: 1120K(1536K)->0K(1536K)
[66.916s][info][gc,heap        ] GC(58) ParOldGen: 5744K(1398272K)->4072K(1398272K)
[66.916s][info][gc,metaspace   ] GC(58) Metaspace: 9859K(10176K)->9859K(10176K) NonClass: 8558K(8768K)->8558K(8768K) Class: 1300K(1408K)->1300K(1408K)
[66.916s][info][gc             ] GC(58) Pause Full (System.gc()) 6M->3M(1630M) 26.122ms
[66.916s][info][gc,cpu         ] GC(58) User=0.53s Sys=0.00s Real=0.03s
[67.985s][info][gc,start       ] GC(59) Pause Young (Allocation Failure)
[67.987s][info][gc,heap        ] GC(59) PSYoungGen: 269824K(271360K)->1696K(267776K) Eden: 269824K(269824K)->0K(265728K) From: 0K(1536K)->1696K(2048K)
[67.987s][info][gc,heap        ] GC(59) ParOldGen: 4072K(1398272K)->4072K(1398272K)
[67.987s][info][gc,metaspace   ] GC(59) Metaspace: 9859K(10176K)->9859K(10176K) NonClass: 8559K(8768K)->8559K(8768K) Class: 1300K(1408K)->1300K(1408K)
[67.987s][info][gc             ] GC(59) Pause Young (Allocation Failure) 267M->5M(1627M) 1.986ms
[67.987s][info][gc,cpu         ] GC(59) User=0.20s Sys=0.31s Real=0.02s
[69.029s][info][gc,start       ] GC(60) Pause Young (Allocation Failure)
[69.030s][info][gc,heap        ] GC(60) PSYoungGen: 267424K(267776K)->1024K(262656K) Eden: 265728K(265728K)->0K(261632K) From: 1696K(2048K)->1024K(1024K)
[69.030s][info][gc,heap        ] GC(60) ParOldGen: 4072K(1398272K)->4504K(1398272K)
[69.030s][info][gc,metaspace   ] GC(60) Metaspace: 9859K(10176K)->9859K(10176K) NonClass: 8559K(8768K)->8559K(8768K) Class: 1300K(1408K)->1300K(1408K)
[69.030s][info][gc             ] GC(60) Pause Young (Allocation Failure) 265M->5M(1622M) 1.290ms
[69.030s][info][gc,cpu         ] GC(60) User=0.00s Sys=0.00s Real=0.00s
[70.063s][info][gc,start       ] GC(61) Pause Young (Allocation Failure)
[70.064s][info][gc,heap        ] GC(61) PSYoungGen: 262656K(262656K)->1184K(259072K) Eden: 261632K(261632K)->0K(257536K) From: 1024K(1024K)->1184K(1536K)
[70.065s][info][gc,heap        ] GC(61) ParOldGen: 4504K(1398272K)->5024K(1398272K)
[70.065s][info][gc,metaspace   ] GC(61) Metaspace: 9859K(10176K)->9859K(10176K) NonClass: 8559K(8768K)->8559K(8768K) Class: 1300K(1408K)->1300K(1408K)
[70.065s][info][gc             ] GC(61) Pause Young (Allocation Failure) 260M->6M(1618M) 1.718ms
[70.065s][info][gc,cpu         ] GC(61) User=0.00s Sys=0.00s Real=0.00s
[71.077s][info][gc,start       ] GC(62) Pause Young (Allocation Failure)
[71.078s][info][gc,heap        ] GC(62) PSYoungGen: 258720K(259072K)->1312K(254976K) Eden: 257536K(257536K)->0K(253440K) From: 1184K(1536K)->1312K(1536K)
[71.078s][info][gc,heap        ] GC(62) ParOldGen: 5024K(1398272K)->5448K(1398272K)
[71.078s][info][gc,metaspace   ] GC(62) Metaspace: 9859K(10176K)->9859K(10176K) NonClass: 8559K(8768K)->8559K(8768K) Class: 1300K(1408K)->1300K(1408K)
[71.078s][info][gc             ] GC(62) Pause Young (Allocation Failure) 257M->6M(1614M) 1.379ms
[71.078s][info][gc,cpu         ] GC(62) User=0.00s Sys=0.00s Real=0.00s
[72.063s][info][gc,start       ] GC(63) Pause Young (Allocation Failure)
[72.065s][info][gc,heap        ] GC(63) PSYoungGen: 254752K(254976K)->1216K(250880K) Eden: 253440K(253440K)->0K(249344K) From: 1312K(1536K)->1216K(1536K)
[72.065s][info][gc,heap        ] GC(63) ParOldGen: 5448K(1398272K)->5944K(1398272K)
[72.065s][info][gc,metaspace   ] GC(63) Metaspace: 9859K(10176K)->9859K(10176K) NonClass: 8559K(8768K)->8559K(8768K) Class: 1300K(1408K)->1300K(1408K)
[72.065s][info][gc             ] GC(63) Pause Young (Allocation Failure) 254M->6M(1610M) 1.790ms
[72.065s][info][gc,cpu         ] GC(63) User=0.31s Sys=0.20s Real=0.02s
[73.041s][info][gc,start       ] GC(64) Pause Young (Allocation Failure)
[73.042s][info][gc,heap        ] GC(64) PSYoungGen: 250560K(250880K)->1024K(246784K) Eden: 249344K(249344K)->0K(245760K) From: 1216K(1536K)->1024K(1024K)
[73.042s][info][gc,heap        ] GC(64) ParOldGen: 5944K(1398272K)->6288K(1398272K)
[73.042s][info][gc,metaspace   ] GC(64) Metaspace: 9859K(10176K)->9859K(10176K) NonClass: 8559K(8768K)->8559K(8768K) Class: 1300K(1408K)->1300K(1408K)
[73.042s][info][gc             ] GC(64) Pause Young (Allocation Failure) 250M->7M(1606M) 1.358ms
[73.042s][info][gc,cpu         ] GC(64) User=0.00s Sys=0.00s Real=0.00s
[73.355s][info][gc,start       ] GC(65) Pause Young (System.gc())
[73.357s][info][gc,heap        ] GC(65) PSYoungGen: 82067K(246784K)->1088K(247296K) Eden: 81043K(245760K)->0K(245760K) From: 1024K(1024K)->1088K(1536K)
[73.357s][info][gc,heap        ] GC(65) ParOldGen: 6288K(1398272K)->6288K(1398272K)
[73.357s][info][gc,metaspace   ] GC(65) Metaspace: 9861K(10176K)->9861K(10176K) NonClass: 8561K(8768K)->8561K(8768K) Class: 1300K(1408K)->1300K(1408K)
[73.357s][info][gc             ] GC(65) Pause Young (System.gc()) 86M->7M(1607M) 1.588ms
[73.357s][info][gc,cpu         ] GC(65) User=0.00s Sys=0.00s Real=0.00s
[73.357s][info][gc,start       ] GC(66) Pause Full (System.gc())
[73.357s][info][gc,phases,start] GC(66) Marking Phase
[73.373s][info][gc,phases      ] GC(66) Marking Phase 15.807ms
[73.373s][info][gc,phases,start] GC(66) Summary Phase
[73.373s][info][gc,phases      ] GC(66) Summary Phase 0.030ms
[73.373s][info][gc,phases,start] GC(66) Adjust Roots
[73.376s][info][gc,phases      ] GC(66) Adjust Roots 3.673ms
[73.377s][info][gc,phases,start] GC(66) Compaction Phase
[73.381s][info][gc,phases      ] GC(66) Compaction Phase 4.112ms
[73.381s][info][gc,phases,start] GC(66) Post Compact
[73.381s][info][gc,phases      ] GC(66) Post Compact 0.737ms
[73.381s][info][gc,heap        ] GC(66) PSYoungGen: 1088K(247296K)->0K(247296K) Eden: 0K(245760K)->0K(245760K) From: 1088K(1536K)->0K(1536K)
[73.381s][info][gc,heap        ] GC(66) ParOldGen: 6288K(1398272K)->4072K(1398272K)
[73.381s][info][gc,metaspace   ] GC(66) Metaspace: 9861K(10176K)->9861K(10176K) NonClass: 8561K(8768K)->8561K(8768K) Class: 1300K(1408K)->1300K(1408K)
[73.381s][info][gc             ] GC(66) Pause Full (System.gc()) 7M->3M(1607M) 24.608ms
[73.381s][info][gc,cpu         ] GC(66) User=0.53s Sys=0.00s Real=0.03s
[74.357s][info][gc,start       ] GC(67) Pause Young (Allocation Failure)
[74.359s][info][gc,heap        ] GC(67) PSYoungGen: 245760K(247296K)->1952K(244224K) Eden: 245760K(245760K)->0K(242176K) From: 0K(1536K)->1952K(2048K)
[74.359s][info][gc,heap        ] GC(67) ParOldGen: 4072K(1398272K)->4072K(1398272K)
[74.359s][info][gc,metaspace   ] GC(67) Metaspace: 9875K(10176K)->9875K(10176K) NonClass: 8575K(8768K)->8575K(8768K) Class: 1300K(1408K)->1300K(1408K)
[74.359s][info][gc             ] GC(67) Pause Young (Allocation Failure) 243M->5M(1604M) 1.261ms
[74.359s][info][gc,cpu         ] GC(67) User=0.00s Sys=0.00s Real=0.00s
[75.311s][info][gc,start       ] GC(68) Pause Young (Allocation Failure)
[75.313s][info][gc,heap        ] GC(68) PSYoungGen: 244128K(244224K)->1408K(240128K) Eden: 242176K(242176K)->0K(238592K) From: 1952K(2048K)->1408K(1536K)
[75.313s][info][gc,heap        ] GC(68) ParOldGen: 4072K(1398272K)->4616K(1398272K)
[75.313s][info][gc,metaspace   ] GC(68) Metaspace: 9875K(10176K)->9875K(10176K) NonClass: 8575K(8768K)->8575K(8768K) Class: 1300K(1408K)->1300K(1408K)
[75.313s][info][gc             ] GC(68) Pause Young (Allocation Failure) 242M->5M(1600M) 1.707ms
[75.313s][info][gc,cpu         ] GC(68) User=0.00s Sys=0.00s Real=0.00s
[76.263s][info][gc,start       ] GC(69) Pause Young (Allocation Failure)
[76.264s][info][gc,heap        ] GC(69) PSYoungGen: 240000K(240128K)->1024K(236032K) Eden: 238592K(238592K)->0K(235008K) From: 1408K(1536K)->1024K(1024K)
[76.264s][info][gc,heap        ] GC(69) ParOldGen: 4616K(1398272K)->4776K(1398272K)
[76.264s][info][gc,metaspace   ] GC(69) Metaspace: 9875K(10176K)->9875K(10176K) NonClass: 8575K(8768K)->8575K(8768K) Class: 1300K(1408K)->1300K(1408K)
[76.264s][info][gc             ] GC(69) Pause Young (Allocation Failure) 238M->5M(1596M) 1.206ms
[76.264s][info][gc,cpu         ] GC(69) User=0.00s Sys=0.00s Real=0.00s
[77.206s][info][gc,start       ] GC(70) Pause Young (Allocation Failure)
[77.207s][info][gc,heap        ] GC(70) PSYoungGen: 236032K(236032K)->1120K(232960K) Eden: 235008K(235008K)->0K(231424K) From: 1024K(1024K)->1120K(1536K)
[77.208s][info][gc,heap        ] GC(70) ParOldGen: 4776K(1398272K)->5448K(1398272K)
[77.208s][info][gc,metaspace   ] GC(70) Metaspace: 9875K(10176K)->9875K(10176K) NonClass: 8575K(8768K)->8575K(8768K) Class: 1300K(1408K)->1300K(1408K)
[77.208s][info][gc             ] GC(70) Pause Young (Allocation Failure) 235M->6M(1593M) 1.445ms
[77.208s][info][gc,cpu         ] GC(70) User=0.00s Sys=0.00s Real=0.00s
[78.113s][info][gc,start       ] GC(71) Pause Young (Allocation Failure)
[78.114s][info][gc,heap        ] GC(71) PSYoungGen: 232544K(232960K)->1536K(229888K) Eden: 231424K(231424K)->0K(228352K) From: 1120K(1536K)->1536K(1536K)
[78.114s][info][gc,heap        ] GC(71) ParOldGen: 5448K(1398272K)->5448K(1398272K)
[78.115s][info][gc,metaspace   ] GC(71) Metaspace: 9875K(10176K)->9875K(10176K) NonClass: 8575K(8768K)->8575K(8768K) Class: 1300K(1408K)->1300K(1408K)
[78.115s][info][gc             ] GC(71) Pause Young (Allocation Failure) 232M->6M(1590M) 1.318ms
[78.115s][info][gc,cpu         ] GC(71) User=0.00s Sys=0.00s Real=0.00s
[79.035s][info][gc,start       ] GC(72) Pause Young (Allocation Failure)
[79.037s][info][gc,heap        ] GC(72) PSYoungGen: 229888K(229888K)->1312K(226816K) Eden: 228352K(228352K)->0K(225280K) From: 1536K(1536K)->1312K(1536K)
[79.037s][info][gc,heap        ] GC(72) ParOldGen: 5448K(1398272K)->6000K(1398272K)
[79.037s][info][gc,metaspace   ] GC(72) Metaspace: 9875K(10176K)->9875K(10176K) NonClass: 8575K(8768K)->8575K(8768K) Class: 1300K(1408K)->1300K(1408K)
[79.037s][info][gc             ] GC(72) Pause Young (Allocation Failure) 229M->7M(1587M) 1.899ms
[79.037s][info][gc,cpu         ] GC(72) User=0.00s Sys=0.00s Real=0.00s
[79.891s][info][gc,start       ] GC(73) Pause Young (System.gc())
[79.892s][info][gc,heap        ] GC(73) PSYoungGen: 216948K(226816K)->1088K(226816K) Eden: 215636K(225280K)->0K(225280K) From: 1312K(1536K)->1088K(1536K)
[79.892s][info][gc,heap        ] GC(73) ParOldGen: 6000K(1398272K)->6464K(1398272K)
[79.892s][info][gc,metaspace   ] GC(73) Metaspace: 9877K(10176K)->9877K(10176K) NonClass: 8577K(8768K)->8577K(8768K) Class: 1300K(1408K)->1300K(1408K)
[79.892s][info][gc             ] GC(73) Pause Young (System.gc()) 217M->7M(1587M) 1.326ms
[79.892s][info][gc,cpu         ] GC(73) User=0.00s Sys=0.00s Real=0.00s
[79.892s][info][gc,start       ] GC(74) Pause Full (System.gc())
[79.892s][info][gc,phases,start] GC(74) Marking Phase
[79.908s][info][gc,phases      ] GC(74) Marking Phase 15.613ms
[79.908s][info][gc,phases,start] GC(74) Summary Phase
[79.908s][info][gc,phases      ] GC(74) Summary Phase 0.021ms
[79.908s][info][gc,phases,start] GC(74) Adjust Roots
[79.913s][info][gc,phases      ] GC(74) Adjust Roots 4.349ms
[79.913s][info][gc,phases,start] GC(74) Compaction Phase
[79.916s][info][gc,phases      ] GC(74) Compaction Phase 3.125ms
[79.916s][info][gc,phases,start] GC(74) Post Compact
[79.916s][info][gc,phases      ] GC(74) Post Compact 0.722ms
[79.916s][info][gc,heap        ] GC(74) PSYoungGen: 1088K(226816K)->0K(226816K) Eden: 0K(225280K)->0K(225280K) From: 1088K(1536K)->0K(1536K)
[79.916s][info][gc,heap        ] GC(74) ParOldGen: 6464K(1398272K)->4072K(1398272K)
[79.916s][info][gc,metaspace   ] GC(74) Metaspace: 9877K(10176K)->9877K(10176K) NonClass: 8577K(8768K)->8577K(8768K) Class: 1300K(1408K)->1300K(1408K)
[79.917s][info][gc             ] GC(74) Pause Full (System.gc()) 7M->3M(1587M) 24.079ms
[79.917s][info][gc,cpu         ] GC(74) User=0.02s Sys=0.00s Real=0.02s
[80.810s][info][gc,start       ] GC(75) Pause Young (Allocation Failure)
[80.812s][info][gc,heap        ] GC(75) PSYoungGen: 225280K(226816K)->1696K(224256K) Eden: 225280K(225280K)->0K(222208K) From: 0K(1536K)->1696K(2048K)
[80.812s][info][gc,heap        ] GC(75) ParOldGen: 4072K(1398272K)->4072K(1398272K)
[80.812s][info][gc,metaspace   ] GC(75) Metaspace: 9878K(10176K)->9878K(10176K) NonClass: 8578K(8768K)->8578K(8768K) Class: 1300K(1408K)->1300K(1408K)
[80.813s][info][gc             ] GC(75) Pause Young (Allocation Failure) 223M->5M(1584M) 2.189ms
[80.813s][info][gc,cpu         ] GC(75) User=0.02s Sys=0.00s Real=0.01s
[81.697s][info][gc,start       ] GC(76) Pause Young (Allocation Failure)
[81.698s][info][gc,heap        ] GC(76) PSYoungGen: 223904K(224256K)->1024K(220160K) Eden: 222208K(222208K)->0K(219136K) From: 1696K(2048K)->1024K(1024K)
[81.698s][info][gc,heap        ] GC(76) ParOldGen: 4072K(1398272K)->4424K(1398272K)
[81.698s][info][gc,metaspace   ] GC(76) Metaspace: 9878K(10176K)->9878K(10176K) NonClass: 8578K(8768K)->8578K(8768K) Class: 1300K(1408K)->1300K(1408K)
[81.698s][info][gc             ] GC(76) Pause Young (Allocation Failure) 222M->5M(1580M) 1.293ms
[81.698s][info][gc,cpu         ] GC(76) User=0.00s Sys=0.00s Real=0.00s
[82.570s][info][gc,start       ] GC(77) Pause Young (Allocation Failure)
[82.572s][info][gc,heap        ] GC(77) PSYoungGen: 220160K(220160K)->1344K(217600K) Eden: 219136K(219136K)->0K(216064K) From: 1024K(1024K)->1344K(1536K)
[82.572s][info][gc,heap        ] GC(77) ParOldGen: 4424K(1398272K)->5016K(1398272K)
[82.572s][info][gc,metaspace   ] GC(77) Metaspace: 9878K(10176K)->9878K(10176K) NonClass: 8578K(8768K)->8578K(8768K) Class: 1300K(1408K)->1300K(1408K)
[82.572s][info][gc             ] GC(77) Pause Young (Allocation Failure) 219M->6M(1578M) 1.942ms
[82.572s][info][gc,cpu         ] GC(77) User=0.00s Sys=0.00s Real=0.00s
[83.426s][info][gc,start       ] GC(78) Pause Young (Allocation Failure)
[83.427s][info][gc,heap        ] GC(78) PSYoungGen: 217408K(217600K)->1152K(214528K) Eden: 216064K(216064K)->0K(212992K) From: 1344K(1536K)->1152K(1536K)
[83.427s][info][gc,heap        ] GC(78) ParOldGen: 5016K(1398272K)->5536K(1398272K)
[83.427s][info][gc,metaspace   ] GC(78) Metaspace: 9878K(10176K)->9878K(10176K) NonClass: 8578K(8768K)->8578K(8768K) Class: 1300K(1408K)->1300K(1408K)
[83.427s][info][gc             ] GC(78) Pause Young (Allocation Failure) 217M->6M(1575M) 1.426ms
[83.427s][info][gc,cpu         ] GC(78) User=0.52s Sys=0.00s Real=0.02s
[84.266s][info][gc,start       ] GC(79) Pause Young (Allocation Failure)
[84.268s][info][gc,heap        ] GC(79) PSYoungGen: 214144K(214528K)->1216K(211456K) Eden: 212992K(212992K)->0K(209920K) From: 1152K(1536K)->1216K(1536K)
[84.268s][info][gc,heap        ] GC(79) ParOldGen: 5536K(1398272K)->5536K(1398272K)
[84.268s][info][gc,metaspace   ] GC(79) Metaspace: 9878K(10176K)->9878K(10176K) NonClass: 8578K(8768K)->8578K(8768K) Class: 1300K(1408K)->1300K(1408K)
[84.268s][info][gc             ] GC(79) Pause Young (Allocation Failure) 214M->6M(1572M) 1.941ms
[84.268s][info][gc,cpu         ] GC(79) User=0.00s Sys=0.00s Real=0.00s
[85.092s][info][gc,start       ] GC(80) Pause Young (Allocation Failure)
[85.093s][info][gc,heap        ] GC(80) PSYoungGen: 211136K(211456K)->1216K(208896K) Eden: 209920K(209920K)->0K(207360K) From: 1216K(1536K)->1216K(1536K)
[85.093s][info][gc,heap        ] GC(80) ParOldGen: 5536K(1398272K)->5864K(1398272K)
[85.094s][info][gc,metaspace   ] GC(80) Metaspace: 9878K(10176K)->9878K(10176K) NonClass: 8578K(8768K)->8578K(8768K) Class: 1300K(1408K)->1300K(1408K)
[85.094s][info][gc             ] GC(80) Pause Young (Allocation Failure) 211M->6M(1569M) 1.228ms
[85.094s][info][gc,cpu         ] GC(80) User=0.00s Sys=0.00s Real=0.00s
[85.910s][info][gc,start       ] GC(81) Pause Young (Allocation Failure)
[85.912s][info][gc,heap        ] GC(81) PSYoungGen: 208576K(208896K)->1024K(205824K) Eden: 207360K(207360K)->0K(204800K) From: 1216K(1536K)->1024K(1024K)
[85.912s][info][gc,heap        ] GC(81) ParOldGen: 5864K(1398272K)->6376K(1398272K)
[85.912s][info][gc,metaspace   ] GC(81) Metaspace: 9878K(10176K)->9878K(10176K) NonClass: 8578K(8768K)->8578K(8768K) Class: 1300K(1408K)->1300K(1408K)
[85.912s][info][gc             ] GC(81) Pause Young (Allocation Failure) 209M->7M(1566M) 1.832ms
[85.912s][info][gc,cpu         ] GC(81) User=0.00s Sys=0.00s Real=0.00s
[86.375s][info][gc,start       ] GC(82) Pause Young (System.gc())
[86.376s][info][gc,heap        ] GC(82) PSYoungGen: 120611K(205824K)->1056K(206336K) Eden: 119587K(204800K)->0K(204800K) From: 1024K(1024K)->1056K(1536K)
[86.376s][info][gc,heap        ] GC(82) ParOldGen: 6376K(1398272K)->6376K(1398272K)
[86.376s][info][gc,metaspace   ] GC(82) Metaspace: 9881K(10240K)->9881K(10240K) NonClass: 8580K(8832K)->8580K(8832K) Class: 1300K(1408K)->1300K(1408K)
[86.376s][info][gc             ] GC(82) Pause Young (System.gc()) 124M->7M(1567M) 1.203ms
[86.376s][info][gc,cpu         ] GC(82) User=0.00s Sys=0.00s Real=0.00s
[86.376s][info][gc,start       ] GC(83) Pause Full (System.gc())
[86.376s][info][gc,phases,start] GC(83) Marking Phase
[86.393s][info][gc,phases      ] GC(83) Marking Phase 16.863ms
[86.393s][info][gc,phases,start] GC(83) Summary Phase
[86.393s][info][gc,phases      ] GC(83) Summary Phase 0.029ms
[86.393s][info][gc,phases,start] GC(83) Adjust Roots
[86.397s][info][gc,phases      ] GC(83) Adjust Roots 3.879ms
[86.397s][info][gc,phases,start] GC(83) Compaction Phase
[86.401s][info][gc,phases      ] GC(83) Compaction Phase 3.824ms
[86.401s][info][gc,phases,start] GC(83) Post Compact
[86.401s][info][gc,phases      ] GC(83) Post Compact 0.749ms
[86.401s][info][gc,heap        ] GC(83) PSYoungGen: 1056K(206336K)->0K(206336K) Eden: 0K(204800K)->0K(204800K) From: 1056K(1536K)->0K(1536K)
[86.401s][info][gc,heap        ] GC(83) ParOldGen: 6376K(1398272K)->4073K(1398272K)
[86.401s][info][gc,metaspace   ] GC(83) Metaspace: 9881K(10240K)->9881K(10240K) NonClass: 8580K(8832K)->8580K(8832K) Class: 1300K(1408K)->1300K(1408K)
[86.402s][info][gc             ] GC(83) Pause Full (System.gc()) 7M->3M(1567M) 25.611ms
[86.402s][info][gc,cpu         ] GC(83) User=0.53s Sys=0.00s Real=0.03s
[87.219s][info][gc,start       ] GC(84) Pause Young (Allocation Failure)
[87.221s][info][gc,heap        ] GC(84) PSYoungGen: 204800K(206336K)->1696K(204288K) Eden: 204800K(204800K)->0K(202240K) From: 0K(1536K)->1696K(2048K)
[87.221s][info][gc,heap        ] GC(84) ParOldGen: 4073K(1398272K)->4073K(1398272K)
[87.221s][info][gc,metaspace   ] GC(84) Metaspace: 9886K(10240K)->9886K(10240K) NonClass: 8586K(8832K)->8586K(8832K) Class: 1300K(1408K)->1300K(1408K)
[87.221s][info][gc             ] GC(84) Pause Young (Allocation Failure) 203M->5M(1565M) 2.230ms
[87.221s][info][gc,cpu         ] GC(84) User=0.00s Sys=0.00s Real=0.00s
[88.018s][info][gc,start       ] GC(85) Pause Young (Allocation Failure)
[88.019s][info][gc,heap        ] GC(85) PSYoungGen: 203936K(204288K)->1024K(200704K) Eden: 202240K(202240K)->0K(199680K) From: 1696K(2048K)->1024K(1024K)
[88.019s][info][gc,heap        ] GC(85) ParOldGen: 4073K(1398272K)->4505K(1398272K)
[88.019s][info][gc,metaspace   ] GC(85) Metaspace: 9886K(10240K)->9886K(10240K) NonClass: 8586K(8832K)->8586K(8832K) Class: 1300K(1408K)->1300K(1408K)
[88.019s][info][gc             ] GC(85) Pause Young (Allocation Failure) 203M->5M(1561M) 1.348ms
[88.019s][info][gc,cpu         ] GC(85) User=0.00s Sys=0.00s Real=0.00s
[88.815s][info][gc,start       ] GC(86) Pause Young (Allocation Failure)
[88.816s][info][gc,heap        ] GC(86) PSYoungGen: 200704K(200704K)->1088K(198656K) Eden: 199680K(199680K)->0K(197120K) From: 1024K(1024K)->1088K(1536K)
[88.816s][info][gc,heap        ] GC(86) ParOldGen: 4505K(1398272K)->5161K(1398272K)
[88.816s][info][gc,metaspace   ] GC(86) Metaspace: 9886K(10240K)->9886K(10240K) NonClass: 8586K(8832K)->8586K(8832K) Class: 1300K(1408K)->1300K(1408K)
[88.816s][info][gc             ] GC(86) Pause Young (Allocation Failure) 200M->6M(1559M) 1.645ms
[88.816s][info][gc,cpu         ] GC(86) User=0.00s Sys=0.00s Real=0.00s
[89.592s][info][gc,start       ] GC(87) Pause Young (Allocation Failure)
[89.593s][info][gc,heap        ] GC(87) PSYoungGen: 198208K(198656K)->1056K(196096K) Eden: 197120K(197120K)->0K(194560K) From: 1088K(1536K)->1056K(1536K)
[89.593s][info][gc,heap        ] GC(87) ParOldGen: 5161K(1398272K)->5161K(1398272K)
[89.593s][info][gc,metaspace   ] GC(87) Metaspace: 9886K(10240K)->9886K(10240K) NonClass: 8586K(8832K)->8586K(8832K) Class: 1300K(1408K)->1300K(1408K)
[89.594s][info][gc             ] GC(87) Pause Young (Allocation Failure) 198M->6M(1557M) 1.324ms
[89.594s][info][gc,cpu         ] GC(87) User=0.00s Sys=0.00s Real=0.00s
[90.372s][info][gc,start       ] GC(88) Pause Young (Allocation Failure)
[90.374s][info][gc,heap        ] GC(88) PSYoungGen: 195616K(196096K)->1248K(193536K) Eden: 194560K(194560K)->0K(192000K) From: 1056K(1536K)->1248K(1536K)
[90.374s][info][gc,heap        ] GC(88) ParOldGen: 5161K(1398272K)->5161K(1398272K)
[90.374s][info][gc,metaspace   ] GC(88) Metaspace: 9886K(10240K)->9886K(10240K) NonClass: 8586K(8832K)->8586K(8832K) Class: 1300K(1408K)->1300K(1408K)
[90.374s][info][gc             ] GC(88) Pause Young (Allocation Failure) 196M->6M(1554M) 1.874ms
[90.374s][info][gc,cpu         ] GC(88) User=0.00s Sys=0.00s Real=0.00s
[91.132s][info][gc,start       ] GC(89) Pause Young (Allocation Failure)
[91.133s][info][gc,heap        ] GC(89) PSYoungGen: 193248K(193536K)->1056K(190976K) Eden: 192000K(192000K)->0K(189440K) From: 1248K(1536K)->1056K(1536K)
[91.134s][info][gc,heap        ] GC(89) ParOldGen: 5161K(1398272K)->5657K(1398272K)
[91.134s][info][gc,metaspace   ] GC(89) Metaspace: 9886K(10240K)->9886K(10240K) NonClass: 8586K(8832K)->8586K(8832K) Class: 1300K(1408K)->1300K(1408K)
[91.134s][info][gc             ] GC(89) Pause Young (Allocation Failure) 193M->6M(1552M) 1.402ms
[91.134s][info][gc,cpu         ] GC(89) User=0.00s Sys=0.00s Real=0.00s
[91.875s][info][gc,start       ] GC(90) Pause Young (Allocation Failure)
[91.876s][info][gc,heap        ] GC(90) PSYoungGen: 190496K(190976K)->1056K(188928K) Eden: 189440K(189440K)->0K(187392K) From: 1056K(1536K)->1056K(1536K)
[91.876s][info][gc,heap        ] GC(90) ParOldGen: 5657K(1398272K)->5657K(1398272K)
[91.876s][info][gc,metaspace   ] GC(90) Metaspace: 9886K(10240K)->9886K(10240K) NonClass: 8586K(8832K)->8586K(8832K) Class: 1300K(1408K)->1300K(1408K)
[91.876s][info][gc             ] GC(90) Pause Young (Allocation Failure) 191M->6M(1550M) 1.656ms
[91.877s][info][gc,cpu         ] GC(90) User=0.00s Sys=0.00s Real=0.00s
[92.606s][info][gc,start       ] GC(91) Pause Young (Allocation Failure)
[92.607s][info][gc,heap        ] GC(91) PSYoungGen: 188448K(188928K)->1056K(186880K) Eden: 187392K(187392K)->0K(185344K) From: 1056K(1536K)->1056K(1536K)
[92.607s][info][gc,heap        ] GC(91) ParOldGen: 5657K(1398272K)->5657K(1398272K)
[92.607s][info][gc,metaspace   ] GC(91) Metaspace: 9886K(10240K)->9886K(10240K) NonClass: 8586K(8832K)->8586K(8832K) Class: 1300K(1408K)->1300K(1408K)
[92.607s][info][gc             ] GC(91) Pause Young (Allocation Failure) 189M->6M(1548M) 1.061ms
[92.607s][info][gc,cpu         ] GC(91) User=0.00s Sys=0.00s Real=0.00s
[92.861s][info][gc,start       ] GC(92) Pause Young (System.gc())
[92.863s][info][gc,heap        ] GC(92) PSYoungGen: 64878K(186880K)->1120K(186880K) Eden: 63822K(185344K)->0K(185344K) From: 1056K(1536K)->1120K(1536K)
[92.863s][info][gc,heap        ] GC(92) ParOldGen: 5657K(1398272K)->5657K(1398272K)
[92.863s][info][gc,metaspace   ] GC(92) Metaspace: 9886K(10240K)->9886K(10240K) NonClass: 8586K(8832K)->8586K(8832K) Class: 1300K(1408K)->1300K(1408K)
[92.863s][info][gc             ] GC(92) Pause Young (System.gc()) 68M->6M(1548M) 1.578ms
[92.863s][info][gc,cpu         ] GC(92) User=0.00s Sys=0.00s Real=0.00s
[92.863s][info][gc,start       ] GC(93) Pause Full (System.gc())
[92.863s][info][gc,phases,start] GC(93) Marking Phase
[92.879s][info][gc,phases      ] GC(93) Marking Phase 15.630ms
[92.879s][info][gc,phases,start] GC(93) Summary Phase
[92.879s][info][gc,phases      ] GC(93) Summary Phase 0.021ms
[92.879s][info][gc,phases,start] GC(93) Adjust Roots
[92.882s][info][gc,phases      ] GC(93) Adjust Roots 2.846ms
[92.882s][info][gc,phases,start] GC(93) Compaction Phase
[92.884s][info][gc,phases      ] GC(93) Compaction Phase 2.700ms
[92.884s][info][gc,phases,start] GC(93) Post Compact
[92.885s][info][gc,phases      ] GC(93) Post Compact 0.696ms
[92.885s][info][gc,heap        ] GC(93) PSYoungGen: 1120K(186880K)->0K(186880K) Eden: 0K(185344K)->0K(185344K) From: 1120K(1536K)->0K(1536K)
[92.885s][info][gc,heap        ] GC(93) ParOldGen: 5657K(1398272K)->4073K(1398272K)
[92.885s][info][gc,metaspace   ] GC(93) Metaspace: 9886K(10240K)->9886K(10240K) NonClass: 8586K(8832K)->8586K(8832K) Class: 1300K(1408K)->1300K(1408K)
[92.885s][info][gc             ] GC(93) Pause Full (System.gc()) 6M->3M(1548M) 22.209ms
[92.885s][info][gc,cpu         ] GC(93) User=0.39s Sys=0.03s Real=0.03s
[93.632s][info][gc,start       ] GC(94) Pause Young (Allocation Failure)
[93.633s][info][gc,heap        ] GC(94) PSYoungGen: 185344K(186880K)->1536K(184832K) Eden: 185344K(185344K)->0K(183296K) From: 0K(1536K)->1536K(1536K)
[93.633s][info][gc,heap        ] GC(94) ParOldGen: 4073K(1398272K)->4137K(1398272K)
[93.633s][info][gc,metaspace   ] GC(94) Metaspace: 9891K(10240K)->9891K(10240K) NonClass: 8591K(8832K)->8591K(8832K) Class: 1300K(1408K)->1300K(1408K)
[93.633s][info][gc             ] GC(94) Pause Young (Allocation Failure) 184M->5M(1546M) 1.387ms
[93.633s][info][gc,cpu         ] GC(94) User=0.00s Sys=0.00s Real=0.00s
[94.375s][info][gc,start       ] GC(95) Pause Young (Allocation Failure)
[94.377s][info][gc,heap        ] GC(95) PSYoungGen: 184832K(184832K)->1056K(182784K) Eden: 183296K(183296K)->0K(181248K) From: 1536K(1536K)->1056K(1536K)
[94.377s][info][gc,heap        ] GC(95) ParOldGen: 4137K(1398272K)->5017K(1398272K)
[94.377s][info][gc,metaspace   ] GC(95) Metaspace: 9891K(10240K)->9891K(10240K) NonClass: 8591K(8832K)->8591K(8832K) Class: 1300K(1408K)->1300K(1408K)
[94.377s][info][gc             ] GC(95) Pause Young (Allocation Failure) 184M->5M(1544M) 1.766ms
[94.377s][info][gc,cpu         ] GC(95) User=0.00s Sys=0.00s Real=0.00s
[95.112s][info][gc,start       ] GC(96) Pause Young (Allocation Failure)
[95.113s][info][gc,heap        ] GC(96) PSYoungGen: 182304K(182784K)->1056K(180736K) Eden: 181248K(181248K)->0K(179200K) From: 1056K(1536K)->1056K(1536K)
[95.113s][info][gc,heap        ] GC(96) ParOldGen: 5017K(1398272K)->5089K(1398272K)
[95.114s][info][gc,metaspace   ] GC(96) Metaspace: 9891K(10240K)->9891K(10240K) NonClass: 8591K(8832K)->8591K(8832K) Class: 1300K(1408K)->1300K(1408K)
[95.114s][info][gc             ] GC(96) Pause Young (Allocation Failure) 182M->6M(1542M) 1.100ms
[95.114s][info][gc,cpu         ] GC(96) User=0.00s Sys=0.00s Real=0.00s
[95.839s][info][gc,start       ] GC(97) Pause Young (Allocation Failure)
[95.841s][info][gc,heap        ] GC(97) PSYoungGen: 180256K(180736K)->1088K(178688K) Eden: 179200K(179200K)->0K(177152K) From: 1056K(1536K)->1088K(1536K)
[95.841s][info][gc,heap        ] GC(97) ParOldGen: 5089K(1398272K)->5401K(1398272K)
[95.841s][info][gc,metaspace   ] GC(97) Metaspace: 9891K(10240K)->9891K(10240K) NonClass: 8591K(8832K)->8591K(8832K) Class: 1300K(1408K)->1300K(1408K)
[95.841s][info][gc             ] GC(97) Pause Young (Allocation Failure) 181M->6M(1540M) 1.581ms
[95.841s][info][gc,cpu         ] GC(97) User=0.00s Sys=0.00s Real=0.00s
[96.553s][info][gc,start       ] GC(98) Pause Young (Allocation Failure)
[96.554s][info][gc,heap        ] GC(98) PSYoungGen: 178240K(178688K)->1152K(176640K) Eden: 177152K(177152K)->0K(175104K) From: 1088K(1536K)->1152K(1536K)
[96.554s][info][gc,heap        ] GC(98) ParOldGen: 5401K(1398272K)->5689K(1398272K)
[96.554s][info][gc,metaspace   ] GC(98) Metaspace: 9891K(10240K)->9891K(10240K) NonClass: 8591K(8832K)->8591K(8832K) Class: 1300K(1408K)->1300K(1408K)
[96.554s][info][gc             ] GC(98) Pause Young (Allocation Failure) 179M->6M(1538M) 1.160ms
[96.554s][info][gc,cpu         ] GC(98) User=0.00s Sys=0.00s Real=0.00s
[97.259s][info][gc,start       ] GC(99) Pause Young (Allocation Failure)
[97.260s][info][gc,heap        ] GC(99) PSYoungGen: 176256K(176640K)->1152K(174592K) Eden: 175104K(175104K)->0K(173056K) From: 1152K(1536K)->1152K(1536K)
[97.260s][info][gc,heap        ] GC(99) ParOldGen: 5689K(1398272K)->5913K(1398272K)
[97.260s][info][gc,metaspace   ] GC(99) Metaspace: 9891K(10240K)->9891K(10240K) NonClass: 8591K(8832K)->8591K(8832K) Class: 1300K(1408K)->1300K(1408K)
[97.260s][info][gc             ] GC(99) Pause Young (Allocation Failure) 177M->6M(1536M) 1.828ms
[97.260s][info][gc,cpu         ] GC(99) User=0.00s Sys=0.00s Real=0.00s
[97.947s][info][gc,start       ] GC(100) Pause Young (Allocation Failure)
[97.948s][info][gc,heap        ] GC(100) PSYoungGen: 174208K(174592K)->1056K(172544K) Eden: 173056K(173056K)->0K(171008K) From: 1152K(1536K)->1056K(1536K)
[97.948s][info][gc,heap        ] GC(100) ParOldGen: 5913K(1398272K)->6289K(1398272K)
[97.948s][info][gc,metaspace   ] GC(100) Metaspace: 9891K(10240K)->9891K(10240K) NonClass: 8591K(8832K)->8591K(8832K) Class: 1300K(1408K)->1300K(1408K)
[97.948s][info][gc             ] GC(100) Pause Young (Allocation Failure) 175M->7M(1534M) 1.168ms
[97.948s][info][gc,cpu         ] GC(100) User=0.00s Sys=0.00s Real=0.00s
[98.636s][info][gc,start       ] GC(101) Pause Young (Allocation Failure)
[98.637s][info][gc,heap        ] GC(101) PSYoungGen: 172064K(172544K)->1120K(170496K) Eden: 171008K(171008K)->0K(168960K) From: 1056K(1536K)->1120K(1536K)
[98.637s][info][gc,heap        ] GC(101) ParOldGen: 6289K(1398272K)->6601K(1398272K)
[98.637s][info][gc,metaspace   ] GC(101) Metaspace: 9891K(10240K)->9891K(10240K) NonClass: 8591K(8832K)->8591K(8832K) Class: 1300K(1408K)->1300K(1408K)
[98.637s][info][gc             ] GC(101) Pause Young (Allocation Failure) 174M->7M(1532M) 1.742ms
[98.637s][info][gc,cpu         ] GC(101) User=0.00s Sys=0.00s Real=0.00s
[99.313s][info][gc,start       ] GC(102) Pause Young (Allocation Failure)
[99.314s][info][gc,heap        ] GC(102) PSYoungGen: 170080K(170496K)->1088K(168448K) Eden: 168960K(168960K)->0K(166912K) From: 1120K(1536K)->1088K(1536K)
[99.314s][info][gc,heap        ] GC(102) ParOldGen: 6601K(1398272K)->6969K(1398272K)
[99.314s][info][gc,metaspace   ] GC(102) Metaspace: 9891K(10240K)->9891K(10240K) NonClass: 8591K(8832K)->8591K(8832K) Class: 1300K(1408K)->1300K(1408K)
[99.314s][info][gc             ] GC(102) Pause Young (Allocation Failure) 172M->7M(1530M) 1.282ms
[99.314s][info][gc,cpu         ] GC(102) User=0.00s Sys=0.00s Real=0.00s
[99.495s][info][gc,start       ] GC(103) Pause Young (System.gc())
[99.496s][info][gc,heap        ] GC(103) PSYoungGen: 48725K(168448K)->1088K(168448K) Eden: 47637K(166912K)->0K(166912K) From: 1088K(1536K)->1088K(1536K)
[99.496s][info][gc,heap        ] GC(103) ParOldGen: 6969K(1398272K)->7321K(1398272K)
[99.496s][info][gc,metaspace   ] GC(103) Metaspace: 9892K(10240K)->9892K(10240K) NonClass: 8591K(8832K)->8591K(8832K) Class: 1300K(1408K)->1300K(1408K)
[99.496s][info][gc             ] GC(103) Pause Young (System.gc()) 54M->8M(1530M) 1.665ms
[99.496s][info][gc,cpu         ] GC(103) User=0.00s Sys=0.00s Real=0.00s
[99.496s][info][gc,start       ] GC(104) Pause Full (System.gc())
[99.496s][info][gc,phases,start] GC(104) Marking Phase
[99.513s][info][gc,phases      ] GC(104) Marking Phase 16.299ms
[99.513s][info][gc,phases,start] GC(104) Summary Phase
[99.513s][info][gc,phases      ] GC(104) Summary Phase 0.021ms
[99.513s][info][gc,phases,start] GC(104) Adjust Roots
[99.517s][info][gc,phases      ] GC(104) Adjust Roots 3.864ms
[99.517s][info][gc,phases,start] GC(104) Compaction Phase
[99.520s][info][gc,phases      ] GC(104) Compaction Phase 3.339ms
[99.520s][info][gc,phases,start] GC(104) Post Compact
[99.521s][info][gc,phases      ] GC(104) Post Compact 0.782ms
[99.521s][info][gc,heap        ] GC(104) PSYoungGen: 1088K(168448K)->0K(168448K) Eden: 0K(166912K)->0K(166912K) From: 1088K(1536K)->0K(1536K)
[99.521s][info][gc,heap        ] GC(104) ParOldGen: 7321K(1398272K)->4073K(1398272K)
[99.521s][info][gc,metaspace   ] GC(104) Metaspace: 9892K(10240K)->9892K(10240K) NonClass: 8591K(8832K)->8591K(8832K) Class: 1300K(1408K)->1300K(1408K)
[99.521s][info][gc             ] GC(104) Pause Full (System.gc()) 8M->3M(1530M) 24.578ms
[99.521s][info][gc,cpu         ] GC(104) User=0.52s Sys=0.00s Real=0.02s
[100.203s][info][gc,start       ] GC(105) Pause Young (Allocation Failure)
[100.204s][info][gc,heap        ] GC(105) PSYoungGen: 166912K(168448K)->1536K(166912K) Eden: 166912K(166912K)->0K(165376K) From: 0K(1536K)->1536K(1536K)
[100.204s][info][gc,heap        ] GC(105) ParOldGen: 4073K(1398272K)->4081K(1398272K)
[100.204s][info][gc,metaspace   ] GC(105) Metaspace: 9892K(10240K)->9892K(10240K) NonClass: 8591K(8832K)->8591K(8832K) Class: 1300K(1408K)->1300K(1408K)
[100.204s][info][gc             ] GC(105) Pause Young (Allocation Failure) 166M->5M(1528M) 1.312ms
[100.204s][info][gc,cpu         ] GC(105) User=0.00s Sys=0.00s Real=0.00s
[100.876s][info][gc,start       ] GC(106) Pause Young (Allocation Failure)
[100.878s][info][gc,heap        ] GC(106) PSYoungGen: 166912K(166912K)->1216K(165376K) Eden: 165376K(165376K)->0K(163840K) From: 1536K(1536K)->1216K(1536K)
[100.878s][info][gc,heap        ] GC(106) ParOldGen: 4081K(1398272K)->4721K(1398272K)
[100.878s][info][gc,metaspace   ] GC(106) Metaspace: 9892K(10240K)->9892K(10240K) NonClass: 8591K(8832K)->8591K(8832K) Class: 1300K(1408K)->1300K(1408K)
[100.878s][info][gc             ] GC(106) Pause Young (Allocation Failure) 166M->5M(1527M) 1.857ms
[100.878s][info][gc,cpu         ] GC(106) User=0.00s Sys=0.00s Real=0.00s
[101.519s][info][gc,start       ] GC(107) Pause Young (Allocation Failure)
[101.520s][info][gc,heap        ] GC(107) PSYoungGen: 165056K(165376K)->1472K(163840K) Eden: 163840K(163840K)->0K(162304K) From: 1216K(1536K)->1472K(1536K)
[101.521s][info][gc,heap        ] GC(107) ParOldGen: 4721K(1398272K)->4809K(1398272K)
[101.521s][info][gc,metaspace   ] GC(107) Metaspace: 9892K(10240K)->9892K(10240K) NonClass: 8591K(8832K)->8591K(8832K) Class: 1300K(1408K)->1300K(1408K)
[101.521s][info][gc             ] GC(107) Pause Young (Allocation Failure) 165M->6M(1525M) 1.340ms
[101.521s][info][gc,cpu         ] GC(107) User=0.00s Sys=0.00s Real=0.00s
[102.172s][info][gc,start       ] GC(108) Pause Young (Allocation Failure)
[102.173s][info][gc,heap        ] GC(108) PSYoungGen: 163776K(163840K)->1088K(162304K) Eden: 162304K(162304K)->0K(160768K) From: 1472K(1536K)->1088K(1536K)
[102.173s][info][gc,heap        ] GC(108) ParOldGen: 4809K(1398272K)->5553K(1398272K)
[102.173s][info][gc,metaspace   ] GC(108) Metaspace: 9892K(10240K)->9892K(10240K) NonClass: 8591K(8832K)->8591K(8832K) Class: 1300K(1408K)->1300K(1408K)
[102.174s][info][gc             ] GC(108) Pause Young (Allocation Failure) 164M->6M(1524M) 1.877ms
[102.174s][info][gc,cpu         ] GC(108) User=0.00s Sys=0.00s Real=0.00s
[102.808s][info][gc,start       ] GC(109) Pause Young (Allocation Failure)
[102.808s][info][gc,heap        ] GC(109) PSYoungGen: 161856K(162304K)->1056K(160768K) Eden: 160768K(160768K)->0K(159232K) From: 1088K(1536K)->1056K(1536K)
[102.809s][info][gc,heap        ] GC(109) ParOldGen: 5553K(1398272K)->5553K(1398272K)
[102.809s][info][gc,metaspace   ] GC(109) Metaspace: 9892K(10240K)->9892K(10240K) NonClass: 8591K(8832K)->8591K(8832K) Class: 1300K(1408K)->1300K(1408K)
[102.809s][info][gc             ] GC(109) Pause Young (Allocation Failure) 163M->6M(1522M) 1.015ms
[102.809s][info][gc,cpu         ] GC(109) User=0.00s Sys=0.00s Real=0.00s
[103.449s][info][gc,start       ] GC(110) Pause Young (Allocation Failure)
[103.451s][info][gc,heap        ] GC(110) PSYoungGen: 160288K(160768K)->1248K(159232K) Eden: 159232K(159232K)->0K(157696K) From: 1056K(1536K)->1248K(1536K)
[103.451s][info][gc,heap        ] GC(110) ParOldGen: 5553K(1398272K)->5553K(1398272K)
[103.451s][info][gc,metaspace   ] GC(110) Metaspace: 9892K(10240K)->9892K(10240K) NonClass: 8591K(8832K)->8591K(8832K) Class: 1300K(1408K)->1300K(1408K)
[103.451s][info][gc             ] GC(110) Pause Young (Allocation Failure) 161M->6M(1521M) 1.912ms
[103.451s][info][gc,cpu         ] GC(110) User=0.00s Sys=0.00s Real=0.00s
[104.079s][info][gc,start       ] GC(111) Pause Young (Allocation Failure)
[104.080s][info][gc,heap        ] GC(111) PSYoungGen: 158944K(159232K)->1216K(157696K) Eden: 157696K(157696K)->0K(156160K) From: 1248K(1536K)->1216K(1536K)
[104.080s][info][gc,heap        ] GC(111) ParOldGen: 5553K(1398272K)->6097K(1398272K)
[104.080s][info][gc,metaspace   ] GC(111) Metaspace: 9892K(10240K)->9892K(10240K) NonClass: 8591K(8832K)->8591K(8832K) Class: 1300K(1408K)->1300K(1408K)
[104.080s][info][gc             ] GC(111) Pause Young (Allocation Failure) 160M->7M(1519M) 1.236ms
[104.080s][info][gc,cpu         ] GC(111) User=0.00s Sys=0.00s Real=0.00s
[104.693s][info][gc,start       ] GC(112) Pause Young (Allocation Failure)
[104.694s][info][gc,heap        ] GC(112) PSYoungGen: 157375K(157696K)->1056K(156160K) Eden: 156159K(156160K)->0K(154624K) From: 1216K(1536K)->1056K(1536K)
[104.694s][info][gc,heap        ] GC(112) ParOldGen: 6097K(1398272K)->6393K(1398272K)
[104.694s][info][gc,metaspace   ] GC(112) Metaspace: 9892K(10240K)->9892K(10240K) NonClass: 8591K(8832K)->8591K(8832K) Class: 1300K(1408K)->1300K(1408K)
[104.694s][info][gc             ] GC(112) Pause Young (Allocation Failure) 159M->7M(1518M) 1.664ms
[104.694s][info][gc,cpu         ] GC(112) User=0.00s Sys=0.00s Real=0.00s
[105.318s][info][gc,start       ] GC(113) Pause Young (Allocation Failure)
[105.319s][info][gc,heap        ] GC(113) PSYoungGen: 155680K(156160K)->1056K(154624K) Eden: 154624K(154624K)->0K(153088K) From: 1056K(1536K)->1056K(1536K)
[105.319s][info][gc,heap        ] GC(113) ParOldGen: 6393K(1398272K)->6393K(1398272K)
[105.319s][info][gc,metaspace   ] GC(113) Metaspace: 9892K(10240K)->9892K(10240K) NonClass: 8591K(8832K)->8591K(8832K) Class: 1300K(1408K)->1300K(1408K)
[105.320s][info][gc             ] GC(113) Pause Young (Allocation Failure) 158M->7M(1516M) 1.046ms
[105.320s][info][gc,cpu         ] GC(113) User=0.00s Sys=0.00s Real=0.00s
[105.920s][info][gc,start       ] GC(114) Pause Young (Allocation Failure)
[105.921s][info][gc,heap        ] GC(114) PSYoungGen: 154144K(154624K)->1056K(153088K) Eden: 153088K(153088K)->0K(151552K) From: 1056K(1536K)->1056K(1536K)
[105.921s][info][gc,heap        ] GC(114) ParOldGen: 6393K(1398272K)->6393K(1398272K)
[105.921s][info][gc,metaspace   ] GC(114) Metaspace: 9892K(10240K)->9892K(10240K) NonClass: 8591K(8832K)->8591K(8832K) Class: 1300K(1408K)->1300K(1408K)
[105.921s][info][gc             ] GC(114) Pause Young (Allocation Failure) 156M->7M(1515M) 1.325ms
[105.921s][info][gc,cpu         ] GC(114) User=0.00s Sys=0.00s Real=0.00s
[106.079s][info][gc,start       ] GC(115) Pause Young (System.gc())
[106.080s][info][gc,heap        ] GC(115) PSYoungGen: 39278K(153088K)->512K(152064K) Eden: 38222K(151552K)->0K(151552K) From: 1056K(1536K)->512K(512K)
[106.080s][info][gc,heap        ] GC(115) ParOldGen: 6393K(1398272K)->6841K(1398272K)
[106.080s][info][gc,metaspace   ] GC(115) Metaspace: 9892K(10240K)->9892K(10240K) NonClass: 8592K(8832K)->8592K(8832K) Class: 1300K(1408K)->1300K(1408K)
[106.080s][info][gc             ] GC(115) Pause Young (System.gc()) 44M->7M(1514M) 1.134ms
[106.080s][info][gc,cpu         ] GC(115) User=0.00s Sys=0.00s Real=0.00s
[106.080s][info][gc,start       ] GC(116) Pause Full (System.gc())
[106.080s][info][gc,phases,start] GC(116) Marking Phase
[106.096s][info][gc,phases      ] GC(116) Marking Phase 15.869ms
[106.096s][info][gc,phases,start] GC(116) Summary Phase
[106.096s][info][gc,phases      ] GC(116) Summary Phase 0.022ms
[106.096s][info][gc,phases,start] GC(116) Adjust Roots
[106.100s][info][gc,phases      ] GC(116) Adjust Roots 3.818ms
[106.100s][info][gc,phases,start] GC(116) Compaction Phase
[106.103s][info][gc,phases      ] GC(116) Compaction Phase 3.196ms
[106.103s][info][gc,phases,start] GC(116) Post Compact
[106.104s][info][gc,phases      ] GC(116) Post Compact 0.693ms
[106.104s][info][gc,heap        ] GC(116) PSYoungGen: 512K(152064K)->0K(152064K) Eden: 0K(151552K)->0K(151552K) From: 512K(512K)->0K(512K)
[106.104s][info][gc,heap        ] GC(116) ParOldGen: 6841K(1398272K)->4073K(1398272K)
[106.104s][info][gc,metaspace   ] GC(116) Metaspace: 9892K(10240K)->9892K(10240K) NonClass: 8592K(8832K)->8592K(8832K) Class: 1300K(1408K)->1300K(1408K)
[106.104s][info][gc             ] GC(116) Pause Full (System.gc()) 7M->3M(1514M) 23.848ms
[106.104s][info][gc,cpu         ] GC(116) User=0.53s Sys=0.00s Real=0.03s
[106.706s][info][gc,start       ] GC(117) Pause Young (Allocation Failure)
[106.708s][info][gc,heap        ] GC(117) PSYoungGen: 151552K(152064K)->1536K(151552K) Eden: 151552K(151552K)->0K(150016K) From: 0K(512K)->1536K(1536K)
[106.708s][info][gc,heap        ] GC(117) ParOldGen: 4073K(1398272K)->4137K(1398272K)
[106.708s][info][gc,metaspace   ] GC(117) Metaspace: 9892K(10240K)->9892K(10240K) NonClass: 8592K(8832K)->8592K(8832K) Class: 1300K(1408K)->1300K(1408K)
[106.708s][info][gc             ] GC(117) Pause Young (Allocation Failure) 151M->5M(1513M) 1.873ms
[106.708s][info][gc,cpu         ] GC(117) User=0.00s Sys=0.00s Real=0.00s
[107.301s][info][gc,start       ] GC(118) Pause Young (Allocation Failure)
[107.302s][info][gc,heap        ] GC(118) PSYoungGen: 151552K(151552K)->1536K(150016K) Eden: 150016K(150016K)->0K(148480K) From: 1536K(1536K)->1536K(1536K)
[107.302s][info][gc,heap        ] GC(118) ParOldGen: 4137K(1398272K)->4401K(1398272K)
[107.302s][info][gc,metaspace   ] GC(118) Metaspace: 9892K(10240K)->9892K(10240K) NonClass: 8592K(8832K)->8592K(8832K) Class: 1300K(1408K)->1300K(1408K)
[107.302s][info][gc             ] GC(118) Pause Young (Allocation Failure) 152M->5M(1512M) 1.332ms
[107.302s][info][gc,cpu         ] GC(118) User=0.00s Sys=0.00s Real=0.00s
[107.887s][info][gc,start       ] GC(119) Pause Young (Allocation Failure)
[107.889s][info][gc,heap        ] GC(119) PSYoungGen: 150016K(150016K)->1536K(148480K) Eden: 148480K(148480K)->0K(146944K) From: 1536K(1536K)->1536K(1536K)
[107.889s][info][gc,heap        ] GC(119) ParOldGen: 4401K(1398272K)->4753K(1398272K)
[107.889s][info][gc,metaspace   ] GC(119) Metaspace: 9892K(10240K)->9892K(10240K) NonClass: 8592K(8832K)->8592K(8832K) Class: 1300K(1408K)->1300K(1408K)
[107.889s][info][gc             ] GC(119) Pause Young (Allocation Failure) 150M->6M(1510M) 2.107ms
[107.889s][info][gc,cpu         ] GC(119) User=0.00s Sys=0.00s Real=0.00s
[108.473s][info][gc,start       ] GC(120) Pause Young (Allocation Failure)
[108.474s][info][gc,heap        ] GC(120) PSYoungGen: 148480K(148480K)->1312K(146944K) Eden: 146944K(146944K)->0K(145408K) From: 1536K(1536K)->1312K(1536K)
[108.474s][info][gc,heap        ] GC(120) ParOldGen: 4753K(1398272K)->5321K(1398272K)
[108.474s][info][gc,metaspace   ] GC(120) Metaspace: 9892K(10240K)->9892K(10240K) NonClass: 8592K(8832K)->8592K(8832K) Class: 1300K(1408K)->1300K(1408K)
[108.474s][info][gc             ] GC(120) Pause Young (Allocation Failure) 149M->6M(1509M) 1.298ms
[108.474s][info][gc,cpu         ] GC(120) User=0.00s Sys=0.00s Real=0.00s
[109.050s][info][gc,start       ] GC(121) Pause Young (Allocation Failure)
[109.051s][info][gc,heap        ] GC(121) PSYoungGen: 146720K(146944K)->1088K(145408K) Eden: 145408K(145408K)->0K(143872K) From: 1312K(1536K)->1088K(1536K)
[109.052s][info][gc,heap        ] GC(121) ParOldGen: 5321K(1398272K)->5617K(1398272K)
[109.052s][info][gc,metaspace   ] GC(121) Metaspace: 9892K(10240K)->9892K(10240K) NonClass: 8592K(8832K)->8592K(8832K) Class: 1300K(1408K)->1300K(1408K)
[109.052s][info][gc             ] GC(121) Pause Young (Allocation Failure) 148M->6M(1507M) 1.670ms
[109.052s][info][gc,cpu         ] GC(121) User=0.00s Sys=0.02s Real=0.02s
[109.636s][info][gc,start       ] GC(122) Pause Young (Allocation Failure)
[109.637s][info][gc,heap        ] GC(122) PSYoungGen: 144960K(145408K)->1056K(143872K) Eden: 143872K(143872K)->0K(142336K) From: 1088K(1536K)->1056K(1536K)
[109.637s][info][gc,heap        ] GC(122) ParOldGen: 5617K(1398272K)->5617K(1398272K)
[109.637s][info][gc,metaspace   ] GC(122) Metaspace: 9892K(10240K)->9892K(10240K) NonClass: 8592K(8832K)->8592K(8832K) Class: 1300K(1408K)->1300K(1408K)
[109.637s][info][gc             ] GC(122) Pause Young (Allocation Failure) 147M->6M(1506M) 1.069ms
[109.637s][info][gc,cpu         ] GC(122) User=0.00s Sys=0.00s Real=0.00s
[110.196s][info][gc,start       ] GC(123) Pause Young (Allocation Failure)
[110.197s][info][gc,heap        ] GC(123) PSYoungGen: 143392K(143872K)->1056K(142848K) Eden: 142336K(142336K)->0K(141312K) From: 1056K(1536K)->1056K(1536K)
[110.197s][info][gc,heap        ] GC(123) ParOldGen: 5617K(1398272K)->5617K(1398272K)
[110.197s][info][gc,metaspace   ] GC(123) Metaspace: 9892K(10240K)->9892K(10240K) NonClass: 8592K(8832K)->8592K(8832K) Class: 1300K(1408K)->1300K(1408K)
[110.197s][info][gc             ] GC(123) Pause Young (Allocation Failure) 145M->6M(1505M) 1.379ms
[110.197s][info][gc,cpu         ] GC(123) User=0.00s Sys=0.00s Real=0.00s
[110.744s][info][gc,start       ] GC(124) Pause Young (Allocation Failure)
[110.745s][info][gc,heap        ] GC(124) PSYoungGen: 142368K(142848K)->1056K(141824K) Eden: 141312K(141312K)->0K(140288K) From: 1056K(1536K)->1056K(1536K)
[110.745s][info][gc,heap        ] GC(124) ParOldGen: 5617K(1398272K)->5617K(1398272K)
[110.745s][info][gc,metaspace   ] GC(124) Metaspace: 9892K(10240K)->9892K(10240K) NonClass: 8592K(8832K)->8592K(8832K) Class: 1300K(1408K)->1300K(1408K)
[110.745s][info][gc             ] GC(124) Pause Young (Allocation Failure) 144M->6M(1504M) 1.036ms
[110.745s][info][gc,cpu         ] GC(124) User=0.00s Sys=0.00s Real=0.00s
[111.297s][info][gc,start       ] GC(125) Pause Young (Allocation Failure)
[111.298s][info][gc,heap        ] GC(125) PSYoungGen: 141344K(141824K)->1056K(140800K) Eden: 140288K(140288K)->0K(139264K) From: 1056K(1536K)->1056K(1536K)
[111.298s][info][gc,heap        ] GC(125) ParOldGen: 5617K(1398272K)->5617K(1398272K)
[111.298s][info][gc,metaspace   ] GC(125) Metaspace: 9892K(10240K)->9892K(10240K) NonClass: 8592K(8832K)->8592K(8832K) Class: 1300K(1408K)->1300K(1408K)
[111.298s][info][gc             ] GC(125) Pause Young (Allocation Failure) 143M->6M(1503M) 1.258ms
[111.298s][info][gc,cpu         ] GC(125) User=0.00s Sys=0.00s Real=0.00s
[111.842s][info][gc,start       ] GC(126) Pause Young (Allocation Failure)
[111.842s][info][gc,heap        ] GC(126) PSYoungGen: 140320K(140800K)->1056K(139776K) Eden: 139264K(139264K)->0K(138240K) From: 1056K(1536K)->1056K(1536K)
[111.843s][info][gc,heap        ] GC(126) ParOldGen: 5617K(1398272K)->5617K(1398272K)
[111.843s][info][gc,metaspace   ] GC(126) Metaspace: 9892K(10240K)->9892K(10240K) NonClass: 8592K(8832K)->8592K(8832K) Class: 1300K(1408K)->1300K(1408K)
[111.843s][info][gc             ] GC(126) Pause Young (Allocation Failure) 142M->6M(1502M) 1.050ms
[111.843s][info][gc,cpu         ] GC(126) User=0.00s Sys=0.00s Real=0.00s
[112.396s][info][gc,start       ] GC(127) Pause Young (Allocation Failure)
[112.397s][info][gc,heap        ] GC(127) PSYoungGen: 139296K(139776K)->1056K(138752K) Eden: 138240K(138240K)->0K(137216K) From: 1056K(1536K)->1056K(1536K)
[112.397s][info][gc,heap        ] GC(127) ParOldGen: 5617K(1398272K)->5617K(1398272K)
[112.397s][info][gc,metaspace   ] GC(127) Metaspace: 9892K(10240K)->9892K(10240K) NonClass: 8592K(8832K)->8592K(8832K) Class: 1300K(1408K)->1300K(1408K)
[112.397s][info][gc             ] GC(127) Pause Young (Allocation Failure) 141M->6M(1501M) 1.338ms
[112.397s][info][gc,cpu         ] GC(127) User=0.00s Sys=0.00s Real=0.00s
[112.605s][info][gc,start       ] GC(128) Pause Young (System.gc())
[112.605s][info][gc,heap        ] GC(128) PSYoungGen: 52686K(138752K)->1056K(138752K) Eden: 51630K(137216K)->0K(137216K) From: 1056K(1536K)->1056K(1536K)
[112.605s][info][gc,heap        ] GC(128) ParOldGen: 5617K(1398272K)->5617K(1398272K)
[112.605s][info][gc,metaspace   ] GC(128) Metaspace: 9892K(10240K)->9892K(10240K) NonClass: 8592K(8832K)->8592K(8832K) Class: 1300K(1408K)->1300K(1408K)
[112.606s][info][gc             ] GC(128) Pause Young (System.gc()) 56M->6M(1501M) 1.002ms
[112.606s][info][gc,cpu         ] GC(128) User=0.00s Sys=0.00s Real=0.00s
[112.606s][info][gc,start       ] GC(129) Pause Full (System.gc())
[112.606s][info][gc,phases,start] GC(129) Marking Phase
[112.622s][info][gc,phases      ] GC(129) Marking Phase 16.346ms
[112.622s][info][gc,phases,start] GC(129) Summary Phase
[112.622s][info][gc,phases      ] GC(129) Summary Phase 0.021ms
[112.622s][info][gc,phases,start] GC(129) Adjust Roots
[112.627s][info][gc,phases      ] GC(129) Adjust Roots 4.436ms
[112.627s][info][gc,phases,start] GC(129) Compaction Phase
[112.631s][info][gc,phases      ] GC(129) Compaction Phase 4.152ms
[112.631s][info][gc,phases,start] GC(129) Post Compact
[112.632s][info][gc,phases      ] GC(129) Post Compact 0.747ms
[112.632s][info][gc,heap        ] GC(129) PSYoungGen: 1056K(138752K)->0K(138752K) Eden: 0K(137216K)->0K(137216K) From: 1056K(1536K)->0K(1536K)
[112.632s][info][gc,heap        ] GC(129) ParOldGen: 5617K(1398272K)->4073K(1398272K)
[112.632s][info][gc,metaspace   ] GC(129) Metaspace: 9892K(10240K)->9892K(10240K) NonClass: 8592K(8832K)->8592K(8832K) Class: 1300K(1408K)->1300K(1408K)
[112.632s][info][gc             ] GC(129) Pause Full (System.gc()) 6M->3M(1501M) 25.982ms
[112.632s][info][gc,cpu         ] GC(129) User=0.58s Sys=0.00s Real=0.03s
[113.180s][info][gc,start       ] GC(130) Pause Young (Allocation Failure)
[113.182s][info][gc,heap        ] GC(130) PSYoungGen: 137216K(138752K)->1920K(138240K) Eden: 137216K(137216K)->0K(136192K) From: 0K(1536K)->1920K(2048K)
[113.182s][info][gc,heap        ] GC(130) ParOldGen: 4073K(1398272K)->4073K(1398272K)
[113.182s][info][gc,metaspace   ] GC(130) Metaspace: 9892K(10240K)->9892K(10240K) NonClass: 8592K(8832K)->8592K(8832K) Class: 1300K(1408K)->1300K(1408K)
[113.182s][info][gc             ] GC(130) Pause Young (Allocation Failure) 137M->5M(1500M) 1.592ms
[113.182s][info][gc,cpu         ] GC(130) User=0.00s Sys=0.00s Real=0.00s
[113.721s][info][gc,start       ] GC(131) Pause Young (Allocation Failure)
[113.722s][info][gc,heap        ] GC(131) PSYoungGen: 138112K(138240K)->1024K(136192K) Eden: 136192K(136192K)->0K(135168K) From: 1920K(2048K)->1024K(1024K)
[113.722s][info][gc,heap        ] GC(131) ParOldGen: 4073K(1398272K)->4729K(1398272K)
[113.722s][info][gc,metaspace   ] GC(131) Metaspace: 9892K(10240K)->9892K(10240K) NonClass: 8592K(8832K)->8592K(8832K) Class: 1300K(1408K)->1300K(1408K)
[113.722s][info][gc             ] GC(131) Pause Young (Allocation Failure) 138M->5M(1498M) 1.299ms
[113.722s][info][gc,cpu         ] GC(131) User=0.02s Sys=0.00s Real=0.02s
[114.257s][info][gc,start       ] GC(132) Pause Young (Allocation Failure)
[114.258s][info][gc,heap        ] GC(132) PSYoungGen: 136192K(136192K)->1152K(135680K) Eden: 135168K(135168K)->0K(134144K) From: 1024K(1024K)->1152K(1536K)
[114.258s][info][gc,heap        ] GC(132) ParOldGen: 4729K(1398272K)->5105K(1398272K)
[114.259s][info][gc,metaspace   ] GC(132) Metaspace: 9892K(10240K)->9892K(10240K) NonClass: 8592K(8832K)->8592K(8832K) Class: 1300K(1408K)->1300K(1408K)
[114.259s][info][gc             ] GC(132) Pause Young (Allocation Failure) 137M->6M(1498M) 1.400ms
[114.259s][info][gc,cpu         ] GC(132) User=0.00s Sys=0.00s Real=0.00s
[114.797s][info][gc,start       ] GC(133) Pause Young (Allocation Failure)
[114.798s][info][gc,heap        ] GC(133) PSYoungGen: 135296K(135680K)->1120K(134656K) Eden: 134144K(134144K)->0K(133120K) From: 1152K(1536K)->1120K(1536K)
[114.798s][info][gc,heap        ] GC(133) ParOldGen: 5105K(1398272K)->5489K(1398272K)
[114.798s][info][gc,metaspace   ] GC(133) Metaspace: 9892K(10240K)->9892K(10240K) NonClass: 8592K(8832K)->8592K(8832K) Class: 1300K(1408K)->1300K(1408K)
[114.798s][info][gc             ] GC(133) Pause Young (Allocation Failure) 137M->6M(1497M) 1.353ms
[114.799s][info][gc,cpu         ] GC(133) User=0.00s Sys=0.00s Real=0.00s
[115.329s][info][gc,start       ] GC(134) Pause Young (Allocation Failure)
[115.331s][info][gc,heap        ] GC(134) PSYoungGen: 134240K(134656K)->1280K(133632K) Eden: 133120K(133120K)->0K(132096K) From: 1120K(1536K)->1280K(1536K)
[115.331s][info][gc,heap        ] GC(134) ParOldGen: 5489K(1398272K)->5809K(1398272K)
[115.331s][info][gc,metaspace   ] GC(134) Metaspace: 9892K(10240K)->9892K(10240K) NonClass: 8592K(8832K)->8592K(8832K) Class: 1300K(1408K)->1300K(1408K)
[115.331s][info][gc             ] GC(134) Pause Young (Allocation Failure) 136M->6M(1496M) 1.483ms
[115.331s][info][gc,cpu         ] GC(134) User=0.00s Sys=0.00s Real=0.02s
[115.850s][info][gc,start       ] GC(135) Pause Young (Allocation Failure)
[115.851s][info][gc,heap        ] GC(135) PSYoungGen: 133376K(133632K)->1024K(132096K) Eden: 132096K(132096K)->0K(131072K) From: 1280K(1536K)->1024K(1024K)
[115.851s][info][gc,heap        ] GC(135) ParOldGen: 5809K(1398272K)->6289K(1398272K)
[115.851s][info][gc,metaspace   ] GC(135) Metaspace: 9892K(10240K)->9892K(10240K) NonClass: 8592K(8832K)->8592K(8832K) Class: 1300K(1408K)->1300K(1408K)
[115.851s][info][gc             ] GC(135) Pause Young (Allocation Failure) 135M->7M(1494M) 1.350ms
[115.851s][info][gc,cpu         ] GC(135) User=0.00s Sys=0.00s Real=0.00s
[116.375s][info][gc,start       ] GC(136) Pause Young (Allocation Failure)
[116.376s][info][gc,heap        ] GC(136) PSYoungGen: 132096K(132096K)->1056K(131584K) Eden: 131072K(131072K)->0K(130048K) From: 1024K(1024K)->1056K(1536K)
[116.377s][info][gc,heap        ] GC(136) ParOldGen: 6289K(1398272K)->6289K(1398272K)
[116.377s][info][gc,metaspace   ] GC(136) Metaspace: 9892K(10240K)->9892K(10240K) NonClass: 8592K(8832K)->8592K(8832K) Class: 1300K(1408K)->1300K(1408K)
[116.377s][info][gc             ] GC(136) Pause Young (Allocation Failure) 135M->7M(1494M) 1.249ms
[116.377s][info][gc,cpu         ] GC(136) User=0.00s Sys=0.00s Real=0.00s
[116.892s][info][gc,start       ] GC(137) Pause Young (Allocation Failure)
[116.893s][info][gc,heap        ] GC(137) PSYoungGen: 131104K(131584K)->1088K(130560K) Eden: 130048K(130048K)->0K(129024K) From: 1056K(1536K)->1088K(1536K)
[116.893s][info][gc,heap        ] GC(137) ParOldGen: 6289K(1398272K)->6289K(1398272K)
[116.893s][info][gc,metaspace   ] GC(137) Metaspace: 9892K(10240K)->9892K(10240K) NonClass: 8592K(8832K)->8592K(8832K) Class: 1300K(1408K)->1300K(1408K)
[116.893s][info][gc             ] GC(137) Pause Young (Allocation Failure) 134M->7M(1493M) 1.259ms
[116.893s][info][gc,cpu         ] GC(137) User=0.00s Sys=0.02s Real=0.02s
[117.411s][info][gc,start       ] GC(138) Pause Young (Allocation Failure)
[117.412s][info][gc,heap        ] GC(138) PSYoungGen: 130112K(130560K)->1056K(129536K) Eden: 129024K(129024K)->0K(128000K) From: 1088K(1536K)->1056K(1536K)
[117.412s][info][gc,heap        ] GC(138) ParOldGen: 6289K(1398272K)->6777K(1398272K)
[117.412s][info][gc,metaspace   ] GC(138) Metaspace: 9892K(10240K)->9892K(10240K) NonClass: 8592K(8832K)->8592K(8832K) Class: 1300K(1408K)->1300K(1408K)
[117.412s][info][gc             ] GC(138) Pause Young (Allocation Failure) 133M->7M(1492M) 1.419ms
[117.412s][info][gc,cpu         ] GC(138) User=0.00s Sys=0.00s Real=0.00s
[117.915s][info][gc,start       ] GC(139) Pause Young (Allocation Failure)
[117.916s][info][gc,heap        ] GC(139) PSYoungGen: 129056K(129536K)->1056K(128512K) Eden: 128000K(128000K)->0K(126976K) From: 1056K(1536K)->1056K(1536K)
[117.916s][info][gc,heap        ] GC(139) ParOldGen: 6777K(1398272K)->6777K(1398272K)
[117.916s][info][gc,metaspace   ] GC(139) Metaspace: 9892K(10240K)->9892K(10240K) NonClass: 8592K(8832K)->8592K(8832K) Class: 1300K(1408K)->1300K(1408K)
[117.916s][info][gc             ] GC(139) Pause Young (Allocation Failure) 132M->7M(1491M) 1.026ms
[117.916s][info][gc,cpu         ] GC(139) User=0.00s Sys=0.00s Real=0.00s
[118.417s][info][gc,start       ] GC(140) Pause Young (Allocation Failure)
[118.418s][info][gc,heap        ] GC(140) PSYoungGen: 128032K(128512K)->1056K(127488K) Eden: 126976K(126976K)->0K(125952K) From: 1056K(1536K)->1056K(1536K)
[118.418s][info][gc,heap        ] GC(140) ParOldGen: 6777K(1398272K)->6777K(1398272K)
[118.418s][info][gc,metaspace   ] GC(140) Metaspace: 9892K(10240K)->9892K(10240K) NonClass: 8592K(8832K)->8592K(8832K) Class: 1300K(1408K)->1300K(1408K)
[118.418s][info][gc             ] GC(140) Pause Young (Allocation Failure) 131M->7M(1490M) 1.310ms
[118.418s][info][gc,cpu         ] GC(140) User=0.02s Sys=0.00s Real=0.02s
[118.927s][info][gc,start       ] GC(141) Pause Young (Allocation Failure)
[118.928s][info][gc,heap        ] GC(141) PSYoungGen: 127008K(127488K)->1056K(126464K) Eden: 125952K(125952K)->0K(124928K) From: 1056K(1536K)->1056K(1536K)
[118.928s][info][gc,heap        ] GC(141) ParOldGen: 6777K(1398272K)->6777K(1398272K)
[118.928s][info][gc,metaspace   ] GC(141) Metaspace: 9892K(10240K)->9892K(10240K) NonClass: 8592K(8832K)->8592K(8832K) Class: 1300K(1408K)->1300K(1408K)
[118.928s][info][gc             ] GC(141) Pause Young (Allocation Failure) 130M->7M(1489M) 1.066ms
[118.928s][info][gc,cpu         ] GC(141) User=0.00s Sys=0.00s Real=0.00s
[119.170s][info][gc,start       ] GC(142) Pause Young (System.gc())
[119.171s][info][gc,heap        ] GC(142) PSYoungGen: 62508K(126464K)->1056K(126464K) Eden: 61452K(124928K)->0K(124928K) From: 1056K(1536K)->1056K(1536K)
[119.171s][info][gc,heap        ] GC(142) ParOldGen: 6777K(1398272K)->6777K(1398272K)
[119.171s][info][gc,metaspace   ] GC(142) Metaspace: 9893K(10240K)->9893K(10240K) NonClass: 8593K(8832K)->8593K(8832K) Class: 1300K(1408K)->1300K(1408K)
[119.172s][info][gc             ] GC(142) Pause Young (System.gc()) 67M->7M(1489M) 1.373ms
[119.172s][info][gc,cpu         ] GC(142) User=0.00s Sys=0.00s Real=0.00s
[119.172s][info][gc,start       ] GC(143) Pause Full (System.gc())
[119.172s][info][gc,phases,start] GC(143) Marking Phase
[119.189s][info][gc,phases      ] GC(143) Marking Phase 17.046ms
[119.189s][info][gc,phases,start] GC(143) Summary Phase
[119.189s][info][gc,phases      ] GC(143) Summary Phase 0.020ms
[119.189s][info][gc,phases,start] GC(143) Adjust Roots
[119.192s][info][gc,phases      ] GC(143) Adjust Roots 2.682ms
[119.192s][info][gc,phases,start] GC(143) Compaction Phase
[119.196s][info][gc,phases      ] GC(143) Compaction Phase 4.388ms
[119.196s][info][gc,phases,start] GC(143) Post Compact
[119.197s][info][gc,phases      ] GC(143) Post Compact 0.744ms
[119.197s][info][gc,heap        ] GC(143) PSYoungGen: 1056K(126464K)->0K(126464K) Eden: 0K(124928K)->0K(124928K) From: 1056K(1536K)->0K(1536K)
[119.197s][info][gc,heap        ] GC(143) ParOldGen: 6777K(1398272K)->4072K(1398272K)
[119.197s][info][gc,metaspace   ] GC(143) Metaspace: 9893K(10240K)->9893K(10240K) NonClass: 8593K(8832K)->8593K(8832K) Class: 1300K(1408K)->1300K(1408K)
[119.197s][info][gc             ] GC(143) Pause Full (System.gc()) 7M->3M(1489M) 25.203ms
[119.197s][info][gc,cpu         ] GC(143) User=0.45s Sys=0.02s Real=0.03s
[119.702s][info][gc,start       ] GC(144) Pause Young (Allocation Failure)
[119.703s][info][gc,heap        ] GC(144) PSYoungGen: 124928K(126464K)->1536K(125440K) Eden: 124928K(124928K)->0K(123904K) From: 0K(1536K)->1536K(1536K)
[119.703s][info][gc,heap        ] GC(144) ParOldGen: 4072K(1398272K)->4192K(1398272K)
[119.703s][info][gc,metaspace   ] GC(144) Metaspace: 9894K(10240K)->9894K(10240K) NonClass: 8594K(8832K)->8594K(8832K) Class: 1300K(1408K)->1300K(1408K)
[119.703s][info][gc             ] GC(144) Pause Young (Allocation Failure) 125M->5M(1488M) 1.259ms
[119.703s][info][gc,cpu         ] GC(144) User=0.00s Sys=0.00s Real=0.00s
[120.195s][info][gc,start       ] GC(145) Pause Young (Allocation Failure)
[120.197s][info][gc,heap        ] GC(145) PSYoungGen: 125440K(125440K)->1376K(124416K) Eden: 123904K(123904K)->0K(122880K) From: 1536K(1536K)->1376K(1536K)
[120.197s][info][gc,heap        ] GC(145) ParOldGen: 4192K(1398272K)->4896K(1398272K)
[120.197s][info][gc,metaspace   ] GC(145) Metaspace: 9894K(10240K)->9894K(10240K) NonClass: 8594K(8832K)->8594K(8832K) Class: 1300K(1408K)->1300K(1408K)
[120.197s][info][gc             ] GC(145) Pause Young (Allocation Failure) 126M->6M(1487M) 1.736ms
[120.197s][info][gc,cpu         ] GC(145) User=0.00s Sys=0.00s Real=0.00s
[120.708s][info][gc,start       ] GC(146) Pause Young (Allocation Failure)
[120.709s][info][gc,heap        ] GC(146) PSYoungGen: 124256K(124416K)->1120K(123392K) Eden: 122880K(122880K)->0K(121856K) From: 1376K(1536K)->1120K(1536K)
[120.709s][info][gc,heap        ] GC(146) ParOldGen: 4896K(1398272K)->5192K(1398272K)
[120.710s][info][gc,metaspace   ] GC(146) Metaspace: 9894K(10240K)->9894K(10240K) NonClass: 8594K(8832K)->8594K(8832K) Class: 1300K(1408K)->1300K(1408K)
[120.710s][info][gc             ] GC(146) Pause Young (Allocation Failure) 126M->6M(1486M) 1.186ms
[120.710s][info][gc,cpu         ] GC(146) User=0.00s Sys=0.00s Real=0.00s
[121.192s][info][gc,start       ] GC(147) Pause Young (Allocation Failure)
[121.193s][info][gc,heap        ] GC(147) PSYoungGen: 122976K(123392K)->1568K(122880K) Eden: 121856K(121856K)->0K(120832K) From: 1120K(1536K)->1568K(2048K)
[121.194s][info][gc,heap        ] GC(147) ParOldGen: 5192K(1398272K)->5192K(1398272K)
[121.194s][info][gc,metaspace   ] GC(147) Metaspace: 9894K(10240K)->9894K(10240K) NonClass: 8594K(8832K)->8594K(8832K) Class: 1300K(1408K)->1300K(1408K)
[121.194s][info][gc             ] GC(147) Pause Young (Allocation Failure) 125M->6M(1485M) 1.389ms
[121.194s][info][gc,cpu         ] GC(147) User=0.00s Sys=0.00s Real=0.00s
[121.672s][info][gc,start       ] GC(148) Pause Young (Allocation Failure)
[121.673s][info][gc,heap        ] GC(148) PSYoungGen: 122400K(122880K)->1024K(120832K) Eden: 120832K(120832K)->0K(119808K) From: 1568K(2048K)->1024K(1024K)
[121.673s][info][gc,heap        ] GC(148) ParOldGen: 5192K(1398272K)->5768K(1398272K)
[121.673s][info][gc,metaspace   ] GC(148) Metaspace: 9894K(10240K)->9894K(10240K) NonClass: 8594K(8832K)->8594K(8832K) Class: 1300K(1408K)->1300K(1408K)
[121.673s][info][gc             ] GC(148) Pause Young (Allocation Failure) 124M->6M(1483M) 1.216ms
[121.673s][info][gc,cpu         ] GC(148) User=0.00s Sys=0.00s Real=0.00s
[122.138s][info][gc,start       ] GC(149) Pause Young (Allocation Failure)
[122.139s][info][gc,heap        ] GC(149) PSYoungGen: 120832K(120832K)->992K(119808K) Eden: 119808K(119808K)->0K(118784K) From: 1024K(1024K)->992K(1024K)
[122.139s][info][gc,heap        ] GC(149) ParOldGen: 5768K(1398272K)->6136K(1398272K)
[122.139s][info][gc,metaspace   ] GC(149) Metaspace: 9894K(10240K)->9894K(10240K) NonClass: 8594K(8832K)->8594K(8832K) Class: 1300K(1408K)->1300K(1408K)
[122.139s][info][gc             ] GC(149) Pause Young (Allocation Failure) 123M->6M(1482M) 1.392ms
[122.139s][info][gc,cpu         ] GC(149) User=0.02s Sys=0.00s Real=0.02s
[122.613s][info][gc,start       ] GC(150) Pause Young (Allocation Failure)
[122.614s][info][gc,heap        ] GC(150) PSYoungGen: 119776K(119808K)->1056K(119296K) Eden: 118784K(118784K)->0K(117760K) From: 992K(1024K)->1056K(1536K)
[122.614s][info][gc,heap        ] GC(150) ParOldGen: 6136K(1398272K)->6136K(1398272K)
[122.614s][info][gc,metaspace   ] GC(150) Metaspace: 9894K(10240K)->9894K(10240K) NonClass: 8594K(8832K)->8594K(8832K) Class: 1300K(1408K)->1300K(1408K)
[122.614s][info][gc             ] GC(150) Pause Young (Allocation Failure) 122M->7M(1482M) 1.109ms
[122.614s][info][gc,cpu         ] GC(150) User=0.00s Sys=0.00s Real=0.00s
[123.084s][info][gc,start       ] GC(151) Pause Young (Allocation Failure)
[123.085s][info][gc,heap        ] GC(151) PSYoungGen: 118816K(119296K)->1056K(118272K) Eden: 117760K(117760K)->0K(116736K) From: 1056K(1536K)->1056K(1536K)
[123.085s][info][gc,heap        ] GC(151) ParOldGen: 6136K(1398272K)->6136K(1398272K)
[123.085s][info][gc,metaspace   ] GC(151) Metaspace: 9894K(10240K)->9894K(10240K) NonClass: 8594K(8832K)->8594K(8832K) Class: 1300K(1408K)->1300K(1408K)
[123.085s][info][gc             ] GC(151) Pause Young (Allocation Failure) 122M->7M(1481M) 1.376ms
[123.085s][info][gc,cpu         ] GC(151) User=0.00s Sys=0.00s Real=0.00s
[123.553s][info][gc,start       ] GC(152) Pause Young (Allocation Failure)
[123.554s][info][gc,heap        ] GC(152) PSYoungGen: 117792K(118272K)->992K(116736K) Eden: 116736K(116736K)->0K(115712K) From: 1056K(1536K)->992K(1024K)
[123.554s][info][gc,heap        ] GC(152) ParOldGen: 6136K(1398272K)->6472K(1398272K)
[123.554s][info][gc,metaspace   ] GC(152) Metaspace: 9894K(10240K)->9894K(10240K) NonClass: 8594K(8832K)->8594K(8832K) Class: 1300K(1408K)->1300K(1408K)
[123.554s][info][gc             ] GC(152) Pause Young (Allocation Failure) 121M->7M(1479M) 1.266ms
[123.554s][info][gc,cpu         ] GC(152) User=0.00s Sys=0.00s Real=0.00s
[124.006s][info][gc,start       ] GC(153) Pause Young (Allocation Failure)
[124.007s][info][gc,heap        ] GC(153) PSYoungGen: 116704K(116736K)->1056K(116224K) Eden: 115712K(115712K)->0K(114688K) From: 992K(1024K)->1056K(1536K)
[124.007s][info][gc,heap        ] GC(153) ParOldGen: 6472K(1398272K)->6472K(1398272K)
[124.007s][info][gc,metaspace   ] GC(153) Metaspace: 9894K(10240K)->9894K(10240K) NonClass: 8594K(8832K)->8594K(8832K) Class: 1300K(1408K)->1300K(1408K)
[124.007s][info][gc             ] GC(153) Pause Young (Allocation Failure) 120M->7M(1479M) 1.193ms
[124.007s][info][gc,cpu         ] GC(153) User=0.00s Sys=0.00s Real=0.00s
[124.462s][info][gc,start       ] GC(154) Pause Young (Allocation Failure)
[124.464s][info][gc,heap        ] GC(154) PSYoungGen: 115744K(116224K)->1056K(115200K) Eden: 114688K(114688K)->0K(113664K) From: 1056K(1536K)->1056K(1536K)
[124.464s][info][gc,heap        ] GC(154) ParOldGen: 6472K(1398272K)->6472K(1398272K)
[124.464s][info][gc,metaspace   ] GC(154) Metaspace: 9894K(10240K)->9894K(10240K) NonClass: 8594K(8832K)->8594K(8832K) Class: 1300K(1408K)->1300K(1408K)
[124.464s][info][gc             ] GC(154) Pause Young (Allocation Failure) 119M->7M(1478M) 1.214ms
[124.464s][info][gc,cpu         ] GC(154) User=0.00s Sys=0.00s Real=0.00s
[124.920s][info][gc,start       ] GC(155) Pause Young (Allocation Failure)
[124.922s][info][gc,heap        ] GC(155) PSYoungGen: 114720K(115200K)->1056K(114688K) Eden: 113664K(113664K)->0K(113152K) From: 1056K(1536K)->1056K(1536K)
[124.922s][info][gc,heap        ] GC(155) ParOldGen: 6472K(1398272K)->6472K(1398272K)
[124.922s][info][gc,metaspace   ] GC(155) Metaspace: 9894K(10240K)->9894K(10240K) NonClass: 8594K(8832K)->8594K(8832K) Class: 1300K(1408K)->1300K(1408K)
[124.922s][info][gc             ] GC(155) Pause Young (Allocation Failure) 118M->7M(1477M) 1.478ms
[124.922s][info][gc,cpu         ] GC(155) User=0.00s Sys=0.00s Real=0.00s
[125.379s][info][gc,start       ] GC(156) Pause Young (Allocation Failure)
[125.380s][info][gc,heap        ] GC(156) PSYoungGen: 114208K(114688K)->1056K(114176K) Eden: 113152K(113152K)->0K(112640K) From: 1056K(1536K)->1056K(1536K)
[125.380s][info][gc,heap        ] GC(156) ParOldGen: 6472K(1398272K)->6472K(1398272K)
[125.380s][info][gc,metaspace   ] GC(156) Metaspace: 9894K(10240K)->9894K(10240K) NonClass: 8594K(8832K)->8594K(8832K) Class: 1300K(1408K)->1300K(1408K)
[125.380s][info][gc             ] GC(156) Pause Young (Allocation Failure) 117M->7M(1477M) 1.052ms
[125.380s][info][gc,cpu         ] GC(156) User=0.00s Sys=0.00s Real=0.00s
[125.774s][info][gc,start       ] GC(157) Pause Young (System.gc())
[125.775s][info][gc,heap        ] GC(157) PSYoungGen: 99478K(114176K)->1056K(114176K) Eden: 98422K(112640K)->0K(112640K) From: 1056K(1536K)->1056K(1536K)
[125.775s][info][gc,heap        ] GC(157) ParOldGen: 6472K(1398272K)->6472K(1398272K)
[125.775s][info][gc,metaspace   ] GC(157) Metaspace: 9894K(10240K)->9894K(10240K) NonClass: 8594K(8832K)->8594K(8832K) Class: 1300K(1408K)->1300K(1408K)
[125.775s][info][gc             ] GC(157) Pause Young (System.gc()) 103M->7M(1477M) 1.305ms
[125.775s][info][gc,cpu         ] GC(157) User=0.00s Sys=0.00s Real=0.00s
[125.775s][info][gc,start       ] GC(158) Pause Full (System.gc())
[125.775s][info][gc,phases,start] GC(158) Marking Phase
[125.792s][info][gc,phases      ] GC(158) Marking Phase 16.442ms
[125.792s][info][gc,phases,start] GC(158) Summary Phase
[125.792s][info][gc,phases      ] GC(158) Summary Phase 0.022ms
[125.792s][info][gc,phases,start] GC(158) Adjust Roots
[125.795s][info][gc,phases      ] GC(158) Adjust Roots 3.477ms
[125.795s][info][gc,phases,start] GC(158) Compaction Phase
[125.799s][info][gc,phases      ] GC(158) Compaction Phase 3.343ms
[125.799s][info][gc,phases,start] GC(158) Post Compact
[125.800s][info][gc,phases      ] GC(158) Post Compact 0.769ms
[125.800s][info][gc,heap        ] GC(158) PSYoungGen: 1056K(114176K)->0K(114176K) Eden: 0K(112640K)->0K(112640K) From: 1056K(1536K)->0K(1536K)
[125.800s][info][gc,heap        ] GC(158) ParOldGen: 6472K(1398272K)->4073K(1398272K)
[125.800s][info][gc,metaspace   ] GC(158) Metaspace: 9894K(10240K)->9894K(10240K) NonClass: 8594K(8832K)->8594K(8832K) Class: 1300K(1408K)->1300K(1408K)
[125.800s][info][gc             ] GC(158) Pause Full (System.gc()) 7M->3M(1477M) 24.331ms
[125.800s][info][gc,cpu         ] GC(158) User=0.42s Sys=0.00s Real=0.02s
[126.254s][info][gc,start       ] GC(159) Pause Young (Allocation Failure)
[126.256s][info][gc,heap        ] GC(159) PSYoungGen: 112640K(114176K)->1536K(113664K) Eden: 112640K(112640K)->0K(112128K) From: 0K(1536K)->1536K(1536K)
[126.256s][info][gc,heap        ] GC(159) ParOldGen: 4073K(1398272K)->4193K(1398272K)
[126.256s][info][gc,metaspace   ] GC(159) Metaspace: 9894K(10240K)->9894K(10240K) NonClass: 8594K(8832K)->8594K(8832K) Class: 1300K(1408K)->1300K(1408K)
[126.256s][info][gc             ] GC(159) Pause Young (Allocation Failure) 113M->5M(1476M) 1.339ms
[126.256s][info][gc,cpu         ] GC(159) User=0.00s Sys=0.00s Real=0.00s
[126.713s][info][gc,start       ] GC(160) Pause Young (Allocation Failure)
[126.715s][info][gc,heap        ] GC(160) PSYoungGen: 113664K(113664K)->1312K(113152K) Eden: 112128K(112128K)->0K(111616K) From: 1536K(1536K)->1312K(1536K)
[126.715s][info][gc,heap        ] GC(160) ParOldGen: 4193K(1398272K)->4785K(1398272K)
[126.715s][info][gc,metaspace   ] GC(160) Metaspace: 9894K(10240K)->9894K(10240K) NonClass: 8594K(8832K)->8594K(8832K) Class: 1300K(1408K)->1300K(1408K)
[126.715s][info][gc             ] GC(160) Pause Young (Allocation Failure) 115M->5M(1476M) 2.223ms
[126.715s][info][gc,cpu         ] GC(160) User=0.52s Sys=0.00s Real=0.02s
[127.150s][info][gc,start       ] GC(161) Pause Young (Allocation Failure)
[127.152s][info][gc,heap        ] GC(161) PSYoungGen: 112928K(113152K)->992K(112128K) Eden: 111616K(111616K)->0K(111104K) From: 1312K(1536K)->992K(1024K)
[127.152s][info][gc,heap        ] GC(161) ParOldGen: 4785K(1398272K)->5289K(1398272K)
[127.152s][info][gc,metaspace   ] GC(161) Metaspace: 9894K(10240K)->9894K(10240K) NonClass: 8594K(8832K)->8594K(8832K) Class: 1300K(1408K)->1300K(1408K)
[127.152s][info][gc             ] GC(161) Pause Young (Allocation Failure) 114M->6M(1475M) 1.378ms
[127.152s][info][gc,cpu         ] GC(161) User=0.00s Sys=0.00s Real=0.00s
[127.597s][info][gc,start       ] GC(162) Pause Young (Allocation Failure)
[127.598s][info][gc,heap        ] GC(162) PSYoungGen: 112096K(112128K)->1056K(112128K) Eden: 111104K(111104K)->0K(110592K) From: 992K(1024K)->1056K(1536K)
[127.598s][info][gc,heap        ] GC(162) ParOldGen: 5289K(1398272K)->5289K(1398272K)
[127.598s][info][gc,metaspace   ] GC(162) Metaspace: 9894K(10240K)->9894K(10240K) NonClass: 8594K(8832K)->8594K(8832K) Class: 1300K(1408K)->1300K(1408K)
[127.598s][info][gc             ] GC(162) Pause Young (Allocation Failure) 114M->6M(1475M) 1.298ms
[127.598s][info][gc,cpu         ] GC(162) User=0.00s Sys=0.00s Real=0.00s
[128.042s][info][gc,start       ] GC(163) Pause Young (Allocation Failure)
[128.043s][info][gc,heap        ] GC(163) PSYoungGen: 111648K(112128K)->1088K(111616K) Eden: 110592K(110592K)->0K(110080K) From: 1056K(1536K)->1088K(1536K)
[128.043s][info][gc,heap        ] GC(163) ParOldGen: 5289K(1398272K)->5377K(1398272K)
[128.043s][info][gc,metaspace   ] GC(163) Metaspace: 9894K(10240K)->9894K(10240K) NonClass: 8594K(8832K)->8594K(8832K) Class: 1300K(1408K)->1300K(1408K)
[128.043s][info][gc             ] GC(163) Pause Young (Allocation Failure) 114M->6M(1474M) 1.229ms
[128.043s][info][gc,cpu         ] GC(163) User=0.00s Sys=0.00s Real=0.00s
[128.491s][info][gc,start       ] GC(164) Pause Young (Allocation Failure)
[128.492s][info][gc,heap        ] GC(164) PSYoungGen: 111168K(111616K)->1056K(111104K) Eden: 110080K(110080K)->0K(109568K) From: 1088K(1536K)->1056K(1536K)
[128.492s][info][gc,heap        ] GC(164) ParOldGen: 5377K(1398272K)->5377K(1398272K)
[128.492s][info][gc,metaspace   ] GC(164) Metaspace: 9894K(10240K)->9894K(10240K) NonClass: 8594K(8832K)->8594K(8832K) Class: 1300K(1408K)->1300K(1408K)
[128.492s][info][gc             ] GC(164) Pause Young (Allocation Failure) 113M->6M(1474M) 1.323ms
[128.492s][info][gc,cpu         ] GC(164) User=0.00s Sys=0.00s Real=0.00s
[128.922s][info][gc,start       ] GC(165) Pause Young (Allocation Failure)
[128.923s][info][gc,heap        ] GC(165) PSYoungGen: 110624K(111104K)->992K(110080K) Eden: 109568K(109568K)->0K(109056K) From: 1056K(1536K)->992K(1024K)
[128.923s][info][gc,heap        ] GC(165) ParOldGen: 5377K(1398272K)->5721K(1398272K)
[128.923s][info][gc,metaspace   ] GC(165) Metaspace: 9894K(10240K)->9894K(10240K) NonClass: 8594K(8832K)->8594K(8832K) Class: 1300K(1408K)->1300K(1408K)
[128.924s][info][gc             ] GC(165) Pause Young (Allocation Failure) 113M->6M(1473M) 1.343ms
[128.924s][info][gc,cpu         ] GC(165) User=0.00s Sys=0.00s Real=0.00s
[129.350s][info][gc,start       ] GC(166) Pause Young (Allocation Failure)
[129.351s][info][gc,heap        ] GC(166) PSYoungGen: 110048K(110080K)->1056K(110080K) Eden: 109056K(109056K)->0K(108544K) From: 992K(1024K)->1056K(1536K)
[129.351s][info][gc,heap        ] GC(166) ParOldGen: 5721K(1398272K)->5721K(1398272K)
[129.351s][info][gc,metaspace   ] GC(166) Metaspace: 9894K(10240K)->9894K(10240K) NonClass: 8594K(8832K)->8594K(8832K) Class: 1300K(1408K)->1300K(1408K)
[129.351s][info][gc             ] GC(166) Pause Young (Allocation Failure) 113M->6M(1473M) 1.321ms
[129.351s][info][gc,cpu         ] GC(166) User=0.52s Sys=0.00s Real=0.02s
[129.785s][info][gc,start       ] GC(167) Pause Young (Allocation Failure)
[129.786s][info][gc,heap        ] GC(167) PSYoungGen: 109600K(110080K)->1056K(109568K) Eden: 108544K(108544K)->0K(108032K) From: 1056K(1536K)->1056K(1536K)
[129.786s][info][gc,heap        ] GC(167) ParOldGen: 5721K(1398272K)->5729K(1398272K)
[129.786s][info][gc,metaspace   ] GC(167) Metaspace: 9894K(10240K)->9894K(10240K) NonClass: 8594K(8832K)->8594K(8832K) Class: 1300K(1408K)->1300K(1408K)
[129.786s][info][gc             ] GC(167) Pause Young (Allocation Failure) 112M->6M(1472M) 1.195ms
[129.786s][info][gc,cpu         ] GC(167) User=0.00s Sys=0.00s Real=0.00s
[130.208s][info][gc,start       ] GC(168) Pause Young (Allocation Failure)
[130.209s][info][gc,heap        ] GC(168) PSYoungGen: 109088K(109568K)->1056K(109056K) Eden: 108032K(108032K)->0K(107520K) From: 1056K(1536K)->1056K(1536K)
[130.209s][info][gc,heap        ] GC(168) ParOldGen: 5729K(1398272K)->6073K(1398272K)
[130.209s][info][gc,metaspace   ] GC(168) Metaspace: 9894K(10240K)->9894K(10240K) NonClass: 8594K(8832K)->8594K(8832K) Class: 1300K(1408K)->1300K(1408K)
[130.209s][info][gc             ] GC(168) Pause Young (Allocation Failure) 112M->6M(1472M) 1.366ms
[130.209s][info][gc,cpu         ] GC(168) User=0.00s Sys=0.00s Real=0.00s
[130.644s][info][gc,start       ] GC(169) Pause Young (Allocation Failure)
[130.645s][info][gc,heap        ] GC(169) PSYoungGen: 108576K(109056K)->512K(107520K) Eden: 107520K(107520K)->0K(107008K) From: 1056K(1536K)->512K(512K)
[130.645s][info][gc,heap        ] GC(169) ParOldGen: 6073K(1398272K)->6297K(1398272K)
[130.645s][info][gc,metaspace   ] GC(169) Metaspace: 9894K(10240K)->9894K(10240K) NonClass: 8594K(8832K)->8594K(8832K) Class: 1300K(1408K)->1300K(1408K)
[130.645s][info][gc             ] GC(169) Pause Young (Allocation Failure) 111M->6M(1470M) 1.073ms
[130.645s][info][gc,cpu         ] GC(169) User=0.00s Sys=0.00s Real=0.00s
[131.078s][info][gc,start       ] GC(170) Pause Young (Allocation Failure)
[131.080s][info][gc,heap        ] GC(170) PSYoungGen: 107520K(107520K)->1024K(108032K) Eden: 107008K(107008K)->0K(106496K) From: 512K(512K)->1024K(1536K)
[131.080s][info][gc,heap        ] GC(170) ParOldGen: 6297K(1398272K)->6649K(1398272K)
[131.080s][info][gc,metaspace   ] GC(170) Metaspace: 9894K(10240K)->9894K(10240K) NonClass: 8594K(8832K)->8594K(8832K) Class: 1300K(1408K)->1300K(1408K)
[131.080s][info][gc             ] GC(170) Pause Young (Allocation Failure) 111M->7M(1471M) 2.375ms
[131.080s][info][gc,cpu         ] GC(170) User=0.00s Sys=0.00s Real=0.00s
[131.505s][info][gc,start       ] GC(171) Pause Young (Allocation Failure)
[131.506s][info][gc,heap        ] GC(171) PSYoungGen: 107520K(108032K)->1056K(107520K) Eden: 106496K(106496K)->0K(105984K) From: 1024K(1536K)->1056K(1536K)
[131.506s][info][gc,heap        ] GC(171) ParOldGen: 6649K(1398272K)->6721K(1398272K)
[131.506s][info][gc,metaspace   ] GC(171) Metaspace: 9894K(10240K)->9894K(10240K) NonClass: 8594K(8832K)->8594K(8832K) Class: 1300K(1408K)->1300K(1408K)
[131.507s][info][gc             ] GC(171) Pause Young (Allocation Failure) 111M->7M(1470M) 1.106ms
[131.507s][info][gc,cpu         ] GC(171) User=0.00s Sys=0.00s Real=0.00s
[131.917s][info][gc,start       ] GC(172) Pause Young (Allocation Failure)
[131.919s][info][gc,heap        ] GC(172) PSYoungGen: 107040K(107520K)->1056K(107008K) Eden: 105984K(105984K)->0K(105472K) From: 1056K(1536K)->1056K(1536K)
[131.919s][info][gc,heap        ] GC(172) ParOldGen: 6721K(1398272K)->7025K(1398272K)
[131.919s][info][gc,metaspace   ] GC(172) Metaspace: 9894K(10240K)->9894K(10240K) NonClass: 8594K(8832K)->8594K(8832K) Class: 1300K(1408K)->1300K(1408K)
[131.919s][info][gc             ] GC(172) Pause Young (Allocation Failure) 111M->7M(1470M) 1.369ms
[131.919s][info][gc,cpu         ] GC(172) User=0.00s Sys=0.00s Real=0.00s
[132.337s][info][gc,start       ] GC(173) Pause Young (Allocation Failure)
[132.338s][info][gc,heap        ] GC(173) PSYoungGen: 106528K(107008K)->512K(105472K) Eden: 105472K(105472K)->0K(104960K) From: 1056K(1536K)->512K(512K)
[132.338s][info][gc,heap        ] GC(173) ParOldGen: 7025K(1398272K)->7265K(1398272K)
[132.338s][info][gc,metaspace   ] GC(173) Metaspace: 9894K(10240K)->9894K(10240K) NonClass: 8594K(8832K)->8594K(8832K) Class: 1300K(1408K)->1300K(1408K)
[132.338s][info][gc             ] GC(173) Pause Young (Allocation Failure) 110M->7M(1468M) 1.086ms
[132.338s][info][gc,cpu         ] GC(173) User=0.52s Sys=0.00s Real=0.02s
[132.383s][info][gc,start       ] GC(174) Pause Young (System.gc())
[132.385s][info][gc,heap        ] GC(174) PSYoungGen: 10945K(105472K)->1024K(106496K) Eden: 10433K(104960K)->0K(104960K) From: 512K(512K)->1024K(1536K)
[132.385s][info][gc,heap        ] GC(174) ParOldGen: 7265K(1398272K)->7657K(1398272K)
[132.385s][info][gc,metaspace   ] GC(174) Metaspace: 9894K(10240K)->9894K(10240K) NonClass: 8594K(8832K)->8594K(8832K) Class: 1300K(1408K)->1300K(1408K)
[132.385s][info][gc             ] GC(174) Pause Young (System.gc()) 17M->8M(1469M) 1.904ms
[132.385s][info][gc,cpu         ] GC(174) User=0.00s Sys=0.00s Real=0.00s
[132.385s][info][gc,start       ] GC(175) Pause Full (System.gc())
[132.385s][info][gc,phases,start] GC(175) Marking Phase
[132.400s][info][gc,phases      ] GC(175) Marking Phase 15.551ms
[132.401s][info][gc,phases,start] GC(175) Summary Phase
[132.401s][info][gc,phases      ] GC(175) Summary Phase 0.022ms
[132.401s][info][gc,phases,start] GC(175) Adjust Roots
[132.405s][info][gc,phases      ] GC(175) Adjust Roots 4.432ms
[132.405s][info][gc,phases,start] GC(175) Compaction Phase
[132.409s][info][gc,phases      ] GC(175) Compaction Phase 3.885ms
[132.409s][info][gc,phases,start] GC(175) Post Compact
[132.410s][info][gc,phases      ] GC(175) Post Compact 0.745ms
[132.410s][info][gc,heap        ] GC(175) PSYoungGen: 1024K(106496K)->0K(106496K) Eden: 0K(104960K)->0K(104960K) From: 1024K(1536K)->0K(1536K)
[132.410s][info][gc,heap        ] GC(175) ParOldGen: 7657K(1398272K)->4073K(1398272K)
[132.410s][info][gc,metaspace   ] GC(175) Metaspace: 9894K(10240K)->9894K(10240K) NonClass: 8594K(8832K)->8594K(8832K) Class: 1300K(1408K)->1300K(1408K)
[132.410s][info][gc             ] GC(175) Pause Full (System.gc()) 8M->3M(1469M) 24.925ms
[132.410s][info][gc,cpu         ] GC(175) User=0.05s Sys=0.00s Real=0.02s
[132.818s][info][gc,start       ] GC(176) Pause Young (Allocation Failure)
[132.819s][info][gc,heap        ] GC(176) PSYoungGen: 104960K(106496K)->1536K(105984K) Eden: 104960K(104960K)->0K(104448K) From: 0K(1536K)->1536K(1536K)
[132.819s][info][gc,heap        ] GC(176) ParOldGen: 4073K(1398272K)->4177K(1398272K)
[132.819s][info][gc,metaspace   ] GC(176) Metaspace: 9919K(10240K)->9919K(10240K) NonClass: 8619K(8832K)->8619K(8832K) Class: 1300K(1408K)->1300K(1408K)
[132.819s][info][gc             ] GC(176) Pause Young (Allocation Failure) 106M->5M(1469M) 1.217ms
[132.819s][info][gc,cpu         ] GC(176) User=0.00s Sys=0.00s Real=0.00s
[133.230s][info][gc,start       ] GC(177) Pause Young (Allocation Failure)
[133.231s][info][gc,heap        ] GC(177) PSYoungGen: 105984K(105984K)->1536K(105472K) Eden: 104448K(104448K)->0K(103936K) From: 1536K(1536K)->1536K(1536K)
[133.232s][info][gc,heap        ] GC(177) ParOldGen: 4177K(1398272K)->4609K(1398272K)
[133.232s][info][gc,metaspace   ] GC(177) Metaspace: 9919K(10240K)->9919K(10240K) NonClass: 8619K(8832K)->8619K(8832K) Class: 1300K(1408K)->1300K(1408K)
[133.232s][info][gc             ] GC(177) Pause Young (Allocation Failure) 107M->6M(1468M) 1.911ms
[133.232s][info][gc,cpu         ] GC(177) User=0.00s Sys=0.00s Real=0.00s
[133.642s][info][gc,start       ] GC(178) Pause Young (Allocation Failure)
[133.643s][info][gc,heap        ] GC(178) PSYoungGen: 105472K(105472K)->1536K(104960K) Eden: 103936K(103936K)->0K(103424K) From: 1536K(1536K)->1536K(1536K)
[133.643s][info][gc,heap        ] GC(178) ParOldGen: 4609K(1398272K)->4969K(1398272K)
[133.643s][info][gc,metaspace   ] GC(178) Metaspace: 9919K(10240K)->9919K(10240K) NonClass: 8619K(8832K)->8619K(8832K) Class: 1300K(1408K)->1300K(1408K)
[133.643s][info][gc             ] GC(178) Pause Young (Allocation Failure) 107M->6M(1468M) 1.282ms
[133.643s][info][gc,cpu         ] GC(178) User=0.00s Sys=0.00s Real=0.00s
[134.044s][info][gc,start       ] GC(179) Pause Young (Allocation Failure)
[134.045s][info][gc,heap        ] GC(179) PSYoungGen: 104960K(104960K)->1120K(104448K) Eden: 103424K(103424K)->0K(102912K) From: 1536K(1536K)->1120K(1536K)
[134.045s][info][gc,heap        ] GC(179) ParOldGen: 4969K(1398272K)->5473K(1398272K)
[134.045s][info][gc,metaspace   ] GC(179) Metaspace: 9919K(10240K)->9919K(10240K) NonClass: 8619K(8832K)->8619K(8832K) Class: 1300K(1408K)->1300K(1408K)
[134.045s][info][gc             ] GC(179) Pause Young (Allocation Failure) 107M->6M(1467M) 1.521ms
[134.045s][info][gc,cpu         ] GC(179) User=0.00s Sys=0.00s Real=0.01s
[134.461s][info][gc,start       ] GC(180) Pause Young (Allocation Failure)
[134.463s][info][gc,heap        ] GC(180) PSYoungGen: 104032K(104448K)->1024K(103424K) Eden: 102912K(102912K)->0K(102400K) From: 1120K(1536K)->1024K(1024K)
[134.463s][info][gc,heap        ] GC(180) ParOldGen: 5473K(1398272K)->5793K(1398272K)
[134.463s][info][gc,metaspace   ] GC(180) Metaspace: 9919K(10240K)->9919K(10240K) NonClass: 8619K(8832K)->8619K(8832K) Class: 1300K(1408K)->1300K(1408K)
[134.463s][info][gc             ] GC(180) Pause Young (Allocation Failure) 106M->6M(1466M) 1.271ms
[134.463s][info][gc,cpu         ] GC(180) User=0.00s Sys=0.00s Real=0.00s
[134.868s][info][gc,start       ] GC(181) Pause Young (Allocation Failure)
[134.869s][info][gc,heap        ] GC(181) PSYoungGen: 103424K(103424K)->1056K(103424K) Eden: 102400K(102400K)->0K(101888K) From: 1024K(1024K)->1056K(1536K)
[134.869s][info][gc,heap        ] GC(181) ParOldGen: 5793K(1398272K)->5793K(1398272K)
[134.869s][info][gc,metaspace   ] GC(181) Metaspace: 9919K(10240K)->9919K(10240K) NonClass: 8619K(8832K)->8619K(8832K) Class: 1300K(1408K)->1300K(1408K)
[134.869s][info][gc             ] GC(181) Pause Young (Allocation Failure) 106M->6M(1466M) 1.271ms
[134.869s][info][gc,cpu         ] GC(181) User=0.00s Sys=0.00s Real=0.00s
[135.274s][info][gc,start       ] GC(182) Pause Young (Allocation Failure)
[135.275s][info][gc,heap        ] GC(182) PSYoungGen: 102944K(103424K)->1056K(102912K) Eden: 101888K(101888K)->0K(101376K) From: 1056K(1536K)->1056K(1536K)
[135.275s][info][gc,heap        ] GC(182) ParOldGen: 5793K(1398272K)->5793K(1398272K)
[135.275s][info][gc,metaspace   ] GC(182) Metaspace: 9919K(10240K)->9919K(10240K) NonClass: 8619K(8832K)->8619K(8832K) Class: 1300K(1408K)->1300K(1408K)
[135.275s][info][gc             ] GC(182) Pause Young (Allocation Failure) 106M->6M(1466M) 1.242ms
[135.275s][info][gc,cpu         ] GC(182) User=0.00s Sys=0.00s Real=0.00s
[135.684s][info][gc,start       ] GC(183) Pause Young (Allocation Failure)
[135.685s][info][gc,heap        ] GC(183) PSYoungGen: 102432K(102912K)->1056K(102400K) Eden: 101376K(101376K)->0K(100864K) From: 1056K(1536K)->1056K(1536K)
[135.685s][info][gc,heap        ] GC(183) ParOldGen: 5793K(1398272K)->5793K(1398272K)
[135.686s][info][gc,metaspace   ] GC(183) Metaspace: 9919K(10240K)->9919K(10240K) NonClass: 8619K(8832K)->8619K(8832K) Class: 1300K(1408K)->1300K(1408K)
[135.686s][info][gc             ] GC(183) Pause Young (Allocation Failure) 105M->6M(1465M) 1.399ms
[135.686s][info][gc,cpu         ] GC(183) User=0.00s Sys=0.00s Real=0.00s
[136.085s][info][gc,start       ] GC(184) Pause Young (Allocation Failure)
[136.086s][info][gc,heap        ] GC(184) PSYoungGen: 101920K(102400K)->1088K(101888K) Eden: 100864K(100864K)->0K(100352K) From: 1056K(1536K)->1088K(1536K)
[136.086s][info][gc,heap        ] GC(184) ParOldGen: 5793K(1398272K)->5793K(1398272K)
[136.086s][info][gc,metaspace   ] GC(184) Metaspace: 9919K(10240K)->9919K(10240K) NonClass: 8619K(8832K)->8619K(8832K) Class: 1300K(1408K)->1300K(1408K)
[136.086s][info][gc             ] GC(184) Pause Young (Allocation Failure) 105M->6M(1465M) 1.212ms
[136.086s][info][gc,cpu         ] GC(184) User=0.00s Sys=0.00s Real=0.00s
[136.489s][info][gc,start       ] GC(185) Pause Young (Allocation Failure)
[136.491s][info][gc,heap        ] GC(185) PSYoungGen: 101440K(101888K)->992K(100864K) Eden: 100352K(100352K)->0K(99840K) From: 1088K(1536K)->992K(1024K)
[136.491s][info][gc,heap        ] GC(185) ParOldGen: 5793K(1398272K)->6161K(1398272K)
[136.491s][info][gc,metaspace   ] GC(185) Metaspace: 9919K(10240K)->9919K(10240K) NonClass: 8619K(8832K)->8619K(8832K) Class: 1300K(1408K)->1300K(1408K)
[136.491s][info][gc             ] GC(185) Pause Young (Allocation Failure) 104M->6M(1464M) 1.773ms
[136.491s][info][gc,cpu         ] GC(185) User=0.00s Sys=0.00s Real=0.00s
[136.880s][info][gc,start       ] GC(186) Pause Young (Allocation Failure)
[136.881s][info][gc,heap        ] GC(186) PSYoungGen: 100832K(100864K)->1056K(100864K) Eden: 99840K(99840K)->0K(99328K) From: 992K(1024K)->1056K(1536K)
[136.881s][info][gc,heap        ] GC(186) ParOldGen: 6161K(1398272K)->6161K(1398272K)
[136.881s][info][gc,metaspace   ] GC(186) Metaspace: 9919K(10240K)->9919K(10240K) NonClass: 8619K(8832K)->8619K(8832K) Class: 1300K(1408K)->1300K(1408K)
[136.881s][info][gc             ] GC(186) Pause Young (Allocation Failure) 104M->7M(1464M) 1.111ms
[136.881s][info][gc,cpu         ] GC(186) User=0.00s Sys=0.00s Real=0.00s
[137.279s][info][gc,start       ] GC(187) Pause Young (Allocation Failure)
[137.280s][info][gc,heap        ] GC(187) PSYoungGen: 100384K(100864K)->1056K(100352K) Eden: 99328K(99328K)->0K(98816K) From: 1056K(1536K)->1056K(1536K)
[137.280s][info][gc,heap        ] GC(187) ParOldGen: 6161K(1398272K)->6161K(1398272K)
[137.280s][info][gc,metaspace   ] GC(187) Metaspace: 9919K(10240K)->9919K(10240K) NonClass: 8619K(8832K)->8619K(8832K) Class: 1300K(1408K)->1300K(1408K)
[137.281s][info][gc             ] GC(187) Pause Young (Allocation Failure) 104M->7M(1463M) 1.345ms
[137.281s][info][gc,cpu         ] GC(187) User=0.00s Sys=0.00s Real=0.00s
[137.688s][info][gc,start       ] GC(188) Pause Young (Allocation Failure)
[137.690s][info][gc,heap        ] GC(188) PSYoungGen: 99872K(100352K)->1024K(99328K) Eden: 98816K(98816K)->0K(98304K) From: 1056K(1536K)->1024K(1024K)
[137.690s][info][gc,heap        ] GC(188) ParOldGen: 6161K(1398272K)->6513K(1398272K)
[137.690s][info][gc,metaspace   ] GC(188) Metaspace: 9919K(10240K)->9919K(10240K) NonClass: 8619K(8832K)->8619K(8832K) Class: 1300K(1408K)->1300K(1408K)
[137.690s][info][gc             ] GC(188) Pause Young (Allocation Failure) 103M->7M(1462M) 1.386ms
[137.690s][info][gc,cpu         ] GC(188) User=0.00s Sys=0.00s Real=0.00s
[138.096s][info][gc,start       ] GC(189) Pause Young (Allocation Failure)
[138.097s][info][gc,heap        ] GC(189) PSYoungGen: 99328K(99328K)->1152K(99328K) Eden: 98304K(98304K)->0K(97792K) From: 1024K(1024K)->1152K(1536K)
[138.097s][info][gc,heap        ] GC(189) ParOldGen: 6513K(1398272K)->6545K(1398272K)
[138.097s][info][gc,metaspace   ] GC(189) Metaspace: 9919K(10240K)->9919K(10240K) NonClass: 8619K(8832K)->8619K(8832K) Class: 1300K(1408K)->1300K(1408K)
[138.097s][info][gc             ] GC(189) Pause Young (Allocation Failure) 103M->7M(1462M) 1.249ms
[138.097s][info][gc,cpu         ] GC(189) User=0.00s Sys=0.00s Real=0.00s
[138.473s][info][gc,start       ] GC(190) Pause Young (Allocation Failure)
[138.474s][info][gc,heap        ] GC(190) PSYoungGen: 98944K(99328K)->1024K(98304K) Eden: 97792K(97792K)->0K(97280K) From: 1152K(1536K)->1024K(1024K)
[138.474s][info][gc,heap        ] GC(190) ParOldGen: 6545K(1398272K)->7033K(1398272K)
[138.474s][info][gc,metaspace   ] GC(190) Metaspace: 9919K(10240K)->9919K(10240K) NonClass: 8619K(8832K)->8619K(8832K) Class: 1300K(1408K)->1300K(1408K)
[138.474s][info][gc             ] GC(190) Pause Young (Allocation Failure) 103M->7M(1461M) 1.229ms
[138.474s][info][gc,cpu         ] GC(190) User=0.00s Sys=0.00s Real=0.00s
[138.858s][info][gc,start       ] GC(191) Pause Young (Allocation Failure)
[138.859s][info][gc,heap        ] GC(191) PSYoungGen: 98304K(98304K)->1056K(98304K) Eden: 97280K(97280K)->0K(96768K) From: 1024K(1024K)->1056K(1536K)
[138.859s][info][gc,heap        ] GC(191) ParOldGen: 7033K(1398272K)->7033K(1398272K)
[138.859s][info][gc,metaspace   ] GC(191) Metaspace: 9919K(10240K)->9919K(10240K) NonClass: 8619K(8832K)->8619K(8832K) Class: 1300K(1408K)->1300K(1408K)
[138.859s][info][gc             ] GC(191) Pause Young (Allocation Failure) 102M->7M(1461M) 1.234ms
[138.859s][info][gc,cpu         ] GC(191) User=0.00s Sys=0.00s Real=0.00s
[138.971s][info][gc,start       ] GC(192) Pause Young (System.gc())
[138.972s][info][gc,heap        ] GC(192) PSYoungGen: 28303K(98304K)->1056K(98304K) Eden: 27247K(96768K)->0K(96768K) From: 1056K(1536K)->1056K(1536K)
[138.972s][info][gc,heap        ] GC(192) ParOldGen: 7033K(1398272K)->7089K(1398272K)
[138.972s][info][gc,metaspace   ] GC(192) Metaspace: 9919K(10240K)->9919K(10240K) NonClass: 8619K(8832K)->8619K(8832K) Class: 1300K(1408K)->1300K(1408K)
[138.972s][info][gc             ] GC(192) Pause Young (System.gc()) 34M->7M(1461M) 1.207ms
[138.972s][info][gc,cpu         ] GC(192) User=0.00s Sys=0.00s Real=0.00s
[138.972s][info][gc,start       ] GC(193) Pause Full (System.gc())
[138.972s][info][gc,phases,start] GC(193) Marking Phase
[138.989s][info][gc,phases      ] GC(193) Marking Phase 16.748ms
[138.989s][info][gc,phases,start] GC(193) Summary Phase
[138.989s][info][gc,phases      ] GC(193) Summary Phase 0.021ms
[138.989s][info][gc,phases,start] GC(193) Adjust Roots
[138.993s][info][gc,phases      ] GC(193) Adjust Roots 4.097ms
[138.993s][info][gc,phases,start] GC(193) Compaction Phase
[138.997s][info][gc,phases      ] GC(193) Compaction Phase 3.616ms
[138.997s][info][gc,phases,start] GC(193) Post Compact
[138.998s][info][gc,phases      ] GC(193) Post Compact 0.755ms
[138.998s][info][gc,heap        ] GC(193) PSYoungGen: 1056K(98304K)->0K(98304K) Eden: 0K(96768K)->0K(96768K) From: 1056K(1536K)->0K(1536K)
[138.998s][info][gc,heap        ] GC(193) ParOldGen: 7089K(1398272K)->4075K(1398272K)
[138.998s][info][gc,metaspace   ] GC(193) Metaspace: 9919K(10240K)->9919K(10240K) NonClass: 8619K(8832K)->8619K(8832K) Class: 1300K(1408K)->1300K(1408K)
[138.998s][info][gc             ] GC(193) Pause Full (System.gc()) 7M->3M(1461M) 25.515ms
[138.998s][info][gc,cpu         ] GC(193) User=1.03s Sys=0.00s Real=0.04s
[139.384s][info][gc,start       ] GC(194) Pause Young (Allocation Failure)
[139.385s][info][gc,heap        ] GC(194) PSYoungGen: 96768K(98304K)->1952K(98304K) Eden: 96768K(96768K)->0K(96256K) From: 0K(1536K)->1952K(2048K)
[139.386s][info][gc,heap        ] GC(194) ParOldGen: 4075K(1398272K)->4075K(1398272K)
[139.386s][info][gc,metaspace   ] GC(194) Metaspace: 9919K(10240K)->9919K(10240K) NonClass: 8619K(8832K)->8619K(8832K) Class: 1300K(1408K)->1300K(1408K)
[139.386s][info][gc             ] GC(194) Pause Young (Allocation Failure) 98M->5M(1461M) 1.813ms
[139.386s][info][gc,cpu         ] GC(194) User=0.00s Sys=0.00s Real=0.00s
[139.773s][info][gc,start       ] GC(195) Pause Young (Allocation Failure)
[139.774s][info][gc,heap        ] GC(195) PSYoungGen: 98208K(98304K)->1024K(96768K) Eden: 96256K(96256K)->0K(95744K) From: 1952K(2048K)->1024K(1024K)
[139.774s][info][gc,heap        ] GC(195) ParOldGen: 4075K(1398272K)->4835K(1398272K)
[139.775s][info][gc,metaspace   ] GC(195) Metaspace: 9919K(10240K)->9919K(10240K) NonClass: 8619K(8832K)->8619K(8832K) Class: 1300K(1408K)->1300K(1408K)
[139.775s][info][gc             ] GC(195) Pause Young (Allocation Failure) 99M->5M(1460M) 1.329ms
[139.775s][info][gc,cpu         ] GC(195) User=0.00s Sys=0.00s Real=0.00s
[140.161s][info][gc,start       ] GC(196) Pause Young (Allocation Failure)
[140.162s][info][gc,heap        ] GC(196) PSYoungGen: 96768K(96768K)->1472K(96768K) Eden: 95744K(95744K)->0K(95232K) From: 1024K(1024K)->1472K(1536K)
[140.162s][info][gc,heap        ] GC(196) ParOldGen: 4835K(1398272K)->5251K(1398272K)
[140.162s][info][gc,metaspace   ] GC(196) Metaspace: 9919K(10240K)->9919K(10240K) NonClass: 8619K(8832K)->8619K(8832K) Class: 1300K(1408K)->1300K(1408K)
[140.162s][info][gc             ] GC(196) Pause Young (Allocation Failure) 99M->6M(1460M) 1.433ms
[140.162s][info][gc,cpu         ] GC(196) User=0.00s Sys=0.00s Real=0.00s
[140.541s][info][gc,start       ] GC(197) Pause Young (Allocation Failure)
[140.542s][info][gc,heap        ] GC(197) PSYoungGen: 96704K(96768K)->1280K(96256K) Eden: 95232K(95232K)->0K(94720K) From: 1472K(1536K)->1280K(1536K)
[140.542s][info][gc,heap        ] GC(197) ParOldGen: 5251K(1398272K)->5699K(1398272K)
[140.542s][info][gc,metaspace   ] GC(197) Metaspace: 9919K(10240K)->9919K(10240K) NonClass: 8619K(8832K)->8619K(8832K) Class: 1300K(1408K)->1300K(1408K)
[140.542s][info][gc             ] GC(197) Pause Young (Allocation Failure) 99M->6M(1459M) 1.359ms
[140.542s][info][gc,cpu         ] GC(197) User=0.02s Sys=0.00s Real=0.02s
[140.921s][info][gc,start       ] GC(198) Pause Young (Allocation Failure)
[140.922s][info][gc,heap        ] GC(198) PSYoungGen: 96000K(96256K)->1152K(95744K) Eden: 94720K(94720K)->0K(94208K) From: 1280K(1536K)->1152K(1536K)
[140.922s][info][gc,heap        ] GC(198) ParOldGen: 5699K(1398272K)->5699K(1398272K)
[140.922s][info][gc,metaspace   ] GC(198) Metaspace: 9919K(10240K)->9919K(10240K) NonClass: 8619K(8832K)->8619K(8832K) Class: 1300K(1408K)->1300K(1408K)
[140.922s][info][gc             ] GC(198) Pause Young (Allocation Failure) 99M->6M(1459M) 1.359ms
[140.922s][info][gc,cpu         ] GC(198) User=0.00s Sys=0.00s Real=0.00s
[141.302s][info][gc,start       ] GC(199) Pause Young (Allocation Failure)
[141.303s][info][gc,heap        ] GC(199) PSYoungGen: 95360K(95744K)->1216K(95232K) Eden: 94208K(94208K)->0K(93696K) From: 1152K(1536K)->1216K(1536K)
[141.303s][info][gc,heap        ] GC(199) ParOldGen: 5699K(1398272K)->6043K(1398272K)
[141.303s][info][gc,metaspace   ] GC(199) Metaspace: 9919K(10240K)->9919K(10240K) NonClass: 8619K(8832K)->8619K(8832K) Class: 1300K(1408K)->1300K(1408K)
[141.303s][info][gc             ] GC(199) Pause Young (Allocation Failure) 98M->7M(1458M) 1.167ms
[141.303s][info][gc,cpu         ] GC(199) User=0.00s Sys=0.00s Real=0.00s
[141.670s][info][gc,start       ] GC(200) Pause Young (Allocation Failure)
[141.671s][info][gc,heap        ] GC(200) PSYoungGen: 94912K(95232K)->960K(94208K) Eden: 93696K(93696K)->0K(93184K) From: 1216K(1536K)->960K(1024K)
[141.671s][info][gc,heap        ] GC(200) ParOldGen: 6043K(1398272K)->6539K(1398272K)
[141.671s][info][gc,metaspace   ] GC(200) Metaspace: 9919K(10240K)->9919K(10240K) NonClass: 8619K(8832K)->8619K(8832K) Class: 1300K(1408K)->1300K(1408K)
[141.671s][info][gc             ] GC(200) Pause Young (Allocation Failure) 98M->7M(1457M) 1.500ms
[141.671s][info][gc,cpu         ] GC(200) User=0.00s Sys=0.00s Real=0.00s
[142.038s][info][gc,start       ] GC(201) Pause Young (Allocation Failure)
[142.039s][info][gc,heap        ] GC(201) PSYoungGen: 94144K(94208K)->1056K(94208K) Eden: 93184K(93184K)->0K(92672K) From: 960K(1024K)->1056K(1536K)
[142.039s][info][gc,heap        ] GC(201) ParOldGen: 6539K(1398272K)->6547K(1398272K)
[142.039s][info][gc,metaspace   ] GC(201) Metaspace: 9919K(10240K)->9919K(10240K) NonClass: 8619K(8832K)->8619K(8832K) Class: 1300K(1408K)->1300K(1408K)
[142.039s][info][gc             ] GC(201) Pause Young (Allocation Failure) 98M->7M(1457M) 1.178ms
[142.039s][info][gc,cpu         ] GC(201) User=0.00s Sys=0.00s Real=0.00s
[142.414s][info][gc,start       ] GC(202) Pause Young (Allocation Failure)
[142.416s][info][gc,heap        ] GC(202) PSYoungGen: 93728K(94208K)->1088K(93696K) Eden: 92672K(92672K)->0K(92160K) From: 1056K(1536K)->1088K(1536K)
[142.416s][info][gc,heap        ] GC(202) ParOldGen: 6547K(1398272K)->6907K(1398272K)
[142.416s][info][gc,metaspace   ] GC(202) Metaspace: 9919K(10240K)->9919K(10240K) NonClass: 8619K(8832K)->8619K(8832K) Class: 1300K(1408K)->1300K(1408K)
[142.416s][info][gc             ] GC(202) Pause Young (Allocation Failure) 97M->7M(1457M) 1.399ms
[142.416s][info][gc,cpu         ] GC(202) User=0.00s Sys=0.00s Real=0.00s
[142.785s][info][gc,start       ] GC(203) Pause Young (Allocation Failure)
[142.787s][info][gc,heap        ] GC(203) PSYoungGen: 93248K(93696K)->1024K(92672K) Eden: 92160K(92160K)->0K(91648K) From: 1088K(1536K)->1024K(1024K)
[142.787s][info][gc,heap        ] GC(203) ParOldGen: 6907K(1398272K)->7259K(1398272K)
[142.787s][info][gc,metaspace   ] GC(203) Metaspace: 9919K(10240K)->9919K(10240K) NonClass: 8619K(8832K)->8619K(8832K) Class: 1300K(1408K)->1300K(1408K)
[142.787s][info][gc             ] GC(203) Pause Young (Allocation Failure) 97M->8M(1456M) 1.257ms
[142.787s][info][gc,cpu         ] GC(203) User=0.00s Sys=0.00s Real=0.00s
[143.153s][info][gc,start       ] GC(204) Pause Young (Allocation Failure)
[143.155s][info][gc,heap        ] GC(204) PSYoungGen: 92672K(92672K)->1056K(92672K) Eden: 91648K(91648K)->0K(91136K) From: 1024K(1024K)->1056K(1536K)
[143.155s][info][gc,heap        ] GC(204) ParOldGen: 7259K(1398272K)->7259K(1398272K)
[143.155s][info][gc,metaspace   ] GC(204) Metaspace: 9919K(10240K)->9919K(10240K) NonClass: 8619K(8832K)->8619K(8832K) Class: 1300K(1408K)->1300K(1408K)
[143.155s][info][gc             ] GC(204) Pause Young (Allocation Failure) 97M->8M(1456M) 1.216ms
[143.155s][info][gc,cpu         ] GC(204) User=0.00s Sys=0.00s Real=0.00s
[143.521s][info][gc,start       ] GC(205) Pause Young (Allocation Failure)
[143.522s][info][gc,heap        ] GC(205) PSYoungGen: 92192K(92672K)->1056K(92160K) Eden: 91136K(91136K)->0K(90624K) From: 1056K(1536K)->1056K(1536K)
[143.522s][info][gc,heap        ] GC(205) ParOldGen: 7259K(1398272K)->7259K(1398272K)
[143.522s][info][gc,metaspace   ] GC(205) Metaspace: 9919K(10240K)->9919K(10240K) NonClass: 8619K(8832K)->8619K(8832K) Class: 1300K(1408K)->1300K(1408K)
[143.522s][info][gc             ] GC(205) Pause Young (Allocation Failure) 97M->8M(1455M) 1.285ms
[143.522s][info][gc,cpu         ] GC(205) User=0.00s Sys=0.00s Real=0.00s
[143.885s][info][gc,start       ] GC(206) Pause Young (Allocation Failure)
[143.886s][info][gc,heap        ] GC(206) PSYoungGen: 91680K(92160K)->1056K(91648K) Eden: 90624K(90624K)->0K(90112K) From: 1056K(1536K)->1056K(1536K)
[143.887s][info][gc,heap        ] GC(206) ParOldGen: 7259K(1398272K)->7259K(1398272K)
[143.887s][info][gc,metaspace   ] GC(206) Metaspace: 9919K(10240K)->9919K(10240K) NonClass: 8619K(8832K)->8619K(8832K) Class: 1300K(1408K)->1300K(1408K)
[143.887s][info][gc             ] GC(206) Pause Young (Allocation Failure) 96M->8M(1455M) 1.371ms
[143.887s][info][gc,cpu         ] GC(206) User=0.00s Sys=0.00s Real=0.00s
[144.244s][info][gc,start       ] GC(207) Pause Young (Allocation Failure)
[144.245s][info][gc,heap        ] GC(207) PSYoungGen: 91168K(91648K)->1056K(91136K) Eden: 90112K(90112K)->0K(89600K) From: 1056K(1536K)->1056K(1536K)
[144.245s][info][gc,heap        ] GC(207) ParOldGen: 7259K(1398272K)->7259K(1398272K)
[144.245s][info][gc,metaspace   ] GC(207) Metaspace: 9919K(10240K)->9919K(10240K) NonClass: 8619K(8832K)->8619K(8832K) Class: 1300K(1408K)->1300K(1408K)
[144.245s][info][gc             ] GC(207) Pause Young (Allocation Failure) 96M->8M(1454M) 1.023ms
[144.245s][info][gc,cpu         ] GC(207) User=0.00s Sys=0.00s Real=0.00s
[144.605s][info][gc,start       ] GC(208) Pause Young (Allocation Failure)
[144.606s][info][gc,heap        ] GC(208) PSYoungGen: 90656K(91136K)->1056K(90624K) Eden: 89600K(89600K)->0K(89088K) From: 1056K(1536K)->1056K(1536K)
[144.606s][info][gc,heap        ] GC(208) ParOldGen: 7259K(1398272K)->7259K(1398272K)
[144.606s][info][gc,metaspace   ] GC(208) Metaspace: 9919K(10240K)->9919K(10240K) NonClass: 8619K(8832K)->8619K(8832K) Class: 1300K(1408K)->1300K(1408K)
[144.606s][info][gc             ] GC(208) Pause Young (Allocation Failure) 95M->8M(1454M) 1.398ms
[144.607s][info][gc,cpu         ] GC(208) User=0.00s Sys=0.00s Real=0.00s
[144.962s][info][gc,start       ] GC(209) Pause Young (Allocation Failure)
[144.963s][info][gc,heap        ] GC(209) PSYoungGen: 90144K(90624K)->1056K(90112K) Eden: 89088K(89088K)->0K(88576K) From: 1056K(1536K)->1056K(1536K)
[144.963s][info][gc,heap        ] GC(209) ParOldGen: 7259K(1398272K)->7259K(1398272K)
[144.963s][info][gc,metaspace   ] GC(209) Metaspace: 9919K(10240K)->9919K(10240K) NonClass: 8619K(8832K)->8619K(8832K) Class: 1300K(1408K)->1300K(1408K)
[144.963s][info][gc             ] GC(209) Pause Young (Allocation Failure) 95M->8M(1453M) 1.023ms
[144.963s][info][gc,cpu         ] GC(209) User=0.00s Sys=0.00s Real=0.00s
[145.310s][info][gc,start       ] GC(210) Pause Young (Allocation Failure)
[145.311s][info][gc,heap        ] GC(210) PSYoungGen: 89632K(90112K)->1056K(89600K) Eden: 88576K(88576K)->0K(88064K) From: 1056K(1536K)->1056K(1536K)
[145.311s][info][gc,heap        ] GC(210) ParOldGen: 7259K(1398272K)->7259K(1398272K)
[145.311s][info][gc,metaspace   ] GC(210) Metaspace: 9919K(10240K)->9919K(10240K) NonClass: 8619K(8832K)->8619K(8832K) Class: 1300K(1408K)->1300K(1408K)
[145.311s][info][gc             ] GC(210) Pause Young (Allocation Failure) 94M->8M(1453M) 1.338ms
[145.311s][info][gc,cpu         ] GC(210) User=0.00s Sys=0.00s Real=0.00s
[145.560s][info][gc,start       ] GC(211) Pause Young (System.gc())
[145.561s][info][gc,heap        ] GC(211) PSYoungGen: 63309K(89600K)->1024K(89088K) Eden: 62253K(88064K)->0K(88064K) From: 1056K(1536K)->1024K(1024K)
[145.561s][info][gc,heap        ] GC(211) ParOldGen: 7259K(1398272K)->7643K(1398272K)
[145.561s][info][gc,metaspace   ] GC(211) Metaspace: 9919K(10240K)->9919K(10240K) NonClass: 8619K(8832K)->8619K(8832K) Class: 1300K(1408K)->1300K(1408K)
[145.561s][info][gc             ] GC(211) Pause Young (System.gc()) 68M->8M(1452M) 1.345ms
[145.561s][info][gc,cpu         ] GC(211) User=0.00s Sys=0.00s Real=0.00s
[145.562s][info][gc,start       ] GC(212) Pause Full (System.gc())
[145.562s][info][gc,phases,start] GC(212) Marking Phase
[145.579s][info][gc,phases      ] GC(212) Marking Phase 17.561ms
[145.579s][info][gc,phases,start] GC(212) Summary Phase
[145.579s][info][gc,phases      ] GC(212) Summary Phase 0.021ms
[145.579s][info][gc,phases,start] GC(212) Adjust Roots
[145.583s][info][gc,phases      ] GC(212) Adjust Roots 3.685ms
[145.583s][info][gc,phases,start] GC(212) Compaction Phase
[145.587s][info][gc,phases      ] GC(212) Compaction Phase 4.081ms
[145.587s][info][gc,phases,start] GC(212) Post Compact
[145.588s][info][gc,phases      ] GC(212) Post Compact 0.713ms
[145.588s][info][gc,heap        ] GC(212) PSYoungGen: 1024K(89088K)->0K(89088K) Eden: 0K(88064K)->0K(88064K) From: 1024K(1024K)->0K(1024K)
[145.588s][info][gc,heap        ] GC(212) ParOldGen: 7643K(1398272K)->4075K(1398272K)
[145.588s][info][gc,metaspace   ] GC(212) Metaspace: 9919K(10240K)->9919K(10240K) NonClass: 8619K(8832K)->8619K(8832K) Class: 1300K(1408K)->1300K(1408K)
[145.588s][info][gc             ] GC(212) Pause Full (System.gc()) 8M->3M(1452M) 26.305ms
[145.588s][info][gc,cpu         ] GC(212) User=0.53s Sys=0.00s Real=0.03s
[145.937s][info][gc,start       ] GC(213) Pause Young (Allocation Failure)
[145.938s][info][gc,heap        ] GC(213) PSYoungGen: 88064K(89088K)->1536K(89088K) Eden: 88064K(88064K)->0K(87552K) From: 0K(1024K)->1536K(1536K)
[145.938s][info][gc,heap        ] GC(213) ParOldGen: 4075K(1398272K)->4147K(1398272K)
[145.939s][info][gc,metaspace   ] GC(213) Metaspace: 9919K(10240K)->9919K(10240K) NonClass: 8619K(8832K)->8619K(8832K) Class: 1300K(1408K)->1300K(1408K)
[145.939s][info][gc             ] GC(213) Pause Young (Allocation Failure) 89M->5M(1452M) 1.468ms
[145.939s][info][gc,cpu         ] GC(213) User=0.00s Sys=0.00s Real=0.00s
[146.295s][info][gc,start       ] GC(214) Pause Young (Allocation Failure)
[146.310s][info][gc,heap        ] GC(214) PSYoungGen: 89088K(89088K)->1024K(88064K) Eden: 87552K(87552K)->0K(87040K) From: 1536K(1536K)->1024K(1024K)
[146.310s][info][gc,heap        ] GC(214) ParOldGen: 4147K(1398272K)->4675K(1398272K)
[146.310s][info][gc,metaspace   ] GC(214) Metaspace: 9919K(10240K)->9919K(10240K) NonClass: 8619K(8832K)->8619K(8832K) Class: 1300K(1408K)->1300K(1408K)
[146.311s][info][gc             ] GC(214) Pause Young (Allocation Failure) 91M->5M(1451M) 15.739ms
[146.311s][info][gc,cpu         ] GC(214) User=0.00s Sys=0.00s Real=0.02s
[146.647s][info][gc,start       ] GC(215) Pause Young (Allocation Failure)
[146.649s][info][gc,heap        ] GC(215) PSYoungGen: 88064K(88064K)->1280K(88064K) Eden: 87040K(87040K)->0K(86528K) From: 1024K(1024K)->1280K(1536K)
[146.649s][info][gc,heap        ] GC(215) ParOldGen: 4675K(1398272K)->5059K(1398272K)
[146.649s][info][gc,metaspace   ] GC(215) Metaspace: 9919K(10240K)->9919K(10240K) NonClass: 8619K(8832K)->8619K(8832K) Class: 1300K(1408K)->1300K(1408K)
[146.649s][info][gc             ] GC(215) Pause Young (Allocation Failure) 90M->6M(1451M) 1.533ms
[146.649s][info][gc,cpu         ] GC(215) User=0.00s Sys=0.00s Real=0.00s
[146.993s][info][gc,start       ] GC(216) Pause Young (Allocation Failure)
[146.994s][info][gc,heap        ] GC(216) PSYoungGen: 87808K(88064K)->1344K(87552K) Eden: 86528K(86528K)->0K(86016K) From: 1280K(1536K)->1344K(1536K)
[146.995s][info][gc,heap        ] GC(216) ParOldGen: 5059K(1398272K)->5147K(1398272K)
[146.995s][info][gc,metaspace   ] GC(216) Metaspace: 9919K(10240K)->9919K(10240K) NonClass: 8619K(8832K)->8619K(8832K) Class: 1300K(1408K)->1300K(1408K)
[146.995s][info][gc             ] GC(216) Pause Young (Allocation Failure) 90M->6M(1451M) 1.421ms
[146.995s][info][gc,cpu         ] GC(216) User=0.00s Sys=0.00s Real=0.00s
[147.341s][info][gc,start       ] GC(217) Pause Young (Allocation Failure)
[147.343s][info][gc,heap        ] GC(217) PSYoungGen: 87360K(87552K)->1056K(87040K) Eden: 86016K(86016K)->0K(85504K) From: 1344K(1536K)->1056K(1536K)
[147.343s][info][gc,heap        ] GC(217) ParOldGen: 5147K(1398272K)->5699K(1398272K)
[147.343s][info][gc,metaspace   ] GC(217) Metaspace: 9919K(10240K)->9919K(10240K) NonClass: 8619K(8832K)->8619K(8832K) Class: 1300K(1408K)->1300K(1408K)
[147.343s][info][gc             ] GC(217) Pause Young (Allocation Failure) 90M->6M(1450M) 2.003ms
[147.343s][info][gc,cpu         ] GC(217) User=0.00s Sys=0.00s Real=0.00s
[147.682s][info][gc,start       ] GC(218) Pause Young (Allocation Failure)
[147.683s][info][gc,heap        ] GC(218) PSYoungGen: 86560K(87040K)->1056K(86528K) Eden: 85504K(85504K)->0K(84992K) From: 1056K(1536K)->1056K(1536K)
[147.683s][info][gc,heap        ] GC(218) ParOldGen: 5699K(1398272K)->5699K(1398272K)
[147.683s][info][gc,metaspace   ] GC(218) Metaspace: 9919K(10240K)->9919K(10240K) NonClass: 8619K(8832K)->8619K(8832K) Class: 1300K(1408K)->1300K(1408K)
[147.683s][info][gc             ] GC(218) Pause Young (Allocation Failure) 90M->6M(1450M) 1.053ms
[147.683s][info][gc,cpu         ] GC(218) User=0.00s Sys=0.00s Real=0.00s
[148.007s][info][gc,start       ] GC(219) Pause Young (Allocation Failure)
[148.008s][info][gc,heap        ] GC(219) PSYoungGen: 86048K(86528K)->1056K(86016K) Eden: 84992K(84992K)->0K(84480K) From: 1056K(1536K)->1056K(1536K)
[148.008s][info][gc,heap        ] GC(219) ParOldGen: 5699K(1398272K)->5699K(1398272K)
[148.008s][info][gc,metaspace   ] GC(219) Metaspace: 9919K(10240K)->9919K(10240K) NonClass: 8619K(8832K)->8619K(8832K) Class: 1300K(1408K)->1300K(1408K)
[148.008s][info][gc             ] GC(219) Pause Young (Allocation Failure) 89M->6M(1449M) 1.254ms
[148.008s][info][gc,cpu         ] GC(219) User=0.00s Sys=0.00s Real=0.00s
[148.341s][info][gc,start       ] GC(220) Pause Young (Allocation Failure)
[148.342s][info][gc,heap        ] GC(220) PSYoungGen: 85536K(86016K)->1056K(85504K) Eden: 84480K(84480K)->0K(83968K) From: 1056K(1536K)->1056K(1536K)
[148.342s][info][gc,heap        ] GC(220) ParOldGen: 5699K(1398272K)->5787K(1398272K)
[148.342s][info][gc,metaspace   ] GC(220) Metaspace: 9919K(10240K)->9919K(10240K) NonClass: 8619K(8832K)->8619K(8832K) Class: 1300K(1408K)->1300K(1408K)
[148.342s][info][gc             ] GC(220) Pause Young (Allocation Failure) 89M->6M(1449M) 1.022ms
[148.342s][info][gc,cpu         ] GC(220) User=0.00s Sys=0.00s Real=0.00s
[148.676s][info][gc,start       ] GC(221) Pause Young (Allocation Failure)
[148.677s][info][gc,heap        ] GC(221) PSYoungGen: 85024K(85504K)->1216K(84992K) Eden: 83968K(83968K)->0K(83456K) From: 1056K(1536K)->1216K(1536K)
[148.677s][info][gc,heap        ] GC(221) ParOldGen: 5787K(1398272K)->6115K(1398272K)
[148.677s][info][gc,metaspace   ] GC(221) Metaspace: 9919K(10240K)->9919K(10240K) NonClass: 8619K(8832K)->8619K(8832K) Class: 1300K(1408K)->1300K(1408K)
[148.677s][info][gc             ] GC(221) Pause Young (Allocation Failure) 88M->7M(1448M) 1.396ms
[148.677s][info][gc,cpu         ] GC(221) User=0.00s Sys=0.00s Real=0.00s
[149.013s][info][gc,start       ] GC(222) Pause Young (Allocation Failure)
[149.014s][info][gc,heap        ] GC(222) PSYoungGen: 84672K(84992K)->960K(83968K) Eden: 83456K(83456K)->0K(82944K) From: 1216K(1536K)->960K(1024K)
[149.014s][info][gc,heap        ] GC(222) ParOldGen: 6115K(1398272K)->6475K(1398272K)
[149.014s][info][gc,metaspace   ] GC(222) Metaspace: 9919K(10240K)->9919K(10240K) NonClass: 8619K(8832K)->8619K(8832K) Class: 1300K(1408K)->1300K(1408K)
[149.014s][info][gc             ] GC(222) Pause Young (Allocation Failure) 88M->7M(1447M) 1.202ms
[149.014s][info][gc,cpu         ] GC(222) User=0.00s Sys=0.00s Real=0.00s
[149.346s][info][gc,start       ] GC(223) Pause Young (Allocation Failure)
[149.347s][info][gc,heap        ] GC(223) PSYoungGen: 83904K(83968K)->1056K(83968K) Eden: 82944K(82944K)->0K(82432K) From: 960K(1024K)->1056K(1536K)
[149.347s][info][gc,heap        ] GC(223) ParOldGen: 6475K(1398272K)->6475K(1398272K)
[149.347s][info][gc,metaspace   ] GC(223) Metaspace: 9919K(10240K)->9919K(10240K) NonClass: 8619K(8832K)->8619K(8832K) Class: 1300K(1408K)->1300K(1408K)
[149.347s][info][gc             ] GC(223) Pause Young (Allocation Failure) 88M->7M(1447M) 1.187ms
[149.347s][info][gc,cpu         ] GC(223) User=0.02s Sys=0.00s Real=0.02s
[149.683s][info][gc,start       ] GC(224) Pause Young (Allocation Failure)
[149.684s][info][gc,heap        ] GC(224) PSYoungGen: 83488K(83968K)->1056K(83456K) Eden: 82432K(82432K)->0K(81920K) From: 1056K(1536K)->1056K(1536K)
[149.684s][info][gc,heap        ] GC(224) ParOldGen: 6475K(1398272K)->6475K(1398272K)
[149.684s][info][gc,metaspace   ] GC(224) Metaspace: 9919K(10240K)->9919K(10240K) NonClass: 8619K(8832K)->8619K(8832K) Class: 1300K(1408K)->1300K(1408K)
[149.684s][info][gc             ] GC(224) Pause Young (Allocation Failure) 87M->7M(1447M) 1.154ms
[149.684s][info][gc,cpu         ] GC(224) User=0.00s Sys=0.00s Real=0.00s
[150.005s][info][gc,start       ] GC(225) Pause Young (Allocation Failure)
[150.006s][info][gc,heap        ] GC(225) PSYoungGen: 82976K(83456K)->1056K(82944K) Eden: 81920K(81920K)->0K(81408K) From: 1056K(1536K)->1056K(1536K)
[150.006s][info][gc,heap        ] GC(225) ParOldGen: 6475K(1398272K)->6475K(1398272K)
[150.006s][info][gc,metaspace   ] GC(225) Metaspace: 9919K(10240K)->9919K(10240K) NonClass: 8619K(8832K)->8619K(8832K) Class: 1300K(1408K)->1300K(1408K)
[150.007s][info][gc             ] GC(225) Pause Young (Allocation Failure) 87M->7M(1446M) 1.272ms
[150.007s][info][gc,cpu         ] GC(225) User=0.00s Sys=0.00s Real=0.00s
[150.332s][info][gc,start       ] GC(226) Pause Young (Allocation Failure)
[150.333s][info][gc,heap        ] GC(226) PSYoungGen: 82464K(82944K)->512K(81408K) Eden: 81408K(81408K)->0K(80896K) From: 1056K(1536K)->512K(512K)
[150.333s][info][gc,heap        ] GC(226) ParOldGen: 6475K(1398272K)->6723K(1398272K)
[150.333s][info][gc,metaspace   ] GC(226) Metaspace: 9919K(10240K)->9919K(10240K) NonClass: 8619K(8832K)->8619K(8832K) Class: 1300K(1408K)->1300K(1408K)
[150.333s][info][gc             ] GC(226) Pause Young (Allocation Failure) 86M->7M(1445M) 1.085ms
[150.333s][info][gc,cpu         ] GC(226) User=0.00s Sys=0.00s Real=0.00s
[150.658s][info][gc,start       ] GC(227) Pause Young (Allocation Failure)
[150.659s][info][gc,heap        ] GC(227) PSYoungGen: 81408K(81408K)->928K(81920K) Eden: 80896K(80896K)->0K(80384K) From: 512K(512K)->928K(1536K)
[150.659s][info][gc,heap        ] GC(227) ParOldGen: 6723K(1398272K)->7067K(1398272K)
[150.660s][info][gc,metaspace   ] GC(227) Metaspace: 9919K(10240K)->9919K(10240K) NonClass: 8619K(8832K)->8619K(8832K) Class: 1300K(1408K)->1300K(1408K)
[150.660s][info][gc             ] GC(227) Pause Young (Allocation Failure) 86M->7M(1445M) 1.791ms
[150.660s][info][gc,cpu         ] GC(227) User=0.45s Sys=0.02s Real=0.02s
[150.982s][info][gc,start       ] GC(228) Pause Young (Allocation Failure)
[150.983s][info][gc,heap        ] GC(228) PSYoungGen: 81312K(81920K)->1056K(81408K) Eden: 80384K(80384K)->0K(79872K) From: 928K(1536K)->1056K(1536K)
[150.983s][info][gc,heap        ] GC(228) ParOldGen: 7067K(1398272K)->7067K(1398272K)
[150.983s][info][gc,metaspace   ] GC(228) Metaspace: 9919K(10240K)->9919K(10240K) NonClass: 8619K(8832K)->8619K(8832K) Class: 1300K(1408K)->1300K(1408K)
[150.983s][info][gc             ] GC(228) Pause Young (Allocation Failure) 86M->7M(1445M) 1.021ms
[150.984s][info][gc,cpu         ] GC(228) User=0.00s Sys=0.00s Real=0.00s
[151.304s][info][gc,start       ] GC(229) Pause Young (Allocation Failure)
[151.305s][info][gc,heap        ] GC(229) PSYoungGen: 80928K(81408K)->1056K(80896K) Eden: 79872K(79872K)->0K(79360K) From: 1056K(1536K)->1056K(1536K)
[151.305s][info][gc,heap        ] GC(229) ParOldGen: 7067K(1398272K)->7067K(1398272K)
[151.305s][info][gc,metaspace   ] GC(229) Metaspace: 9919K(10240K)->9919K(10240K) NonClass: 8619K(8832K)->8619K(8832K) Class: 1300K(1408K)->1300K(1408K)
[151.305s][info][gc             ] GC(229) Pause Young (Allocation Failure) 85M->7M(1444M) 1.390ms
[151.305s][info][gc,cpu         ] GC(229) User=0.00s Sys=0.00s Real=0.00s
[151.623s][info][gc,start       ] GC(230) Pause Young (Allocation Failure)
[151.624s][info][gc,heap        ] GC(230) PSYoungGen: 80416K(80896K)->512K(79360K) Eden: 79360K(79360K)->0K(78848K) From: 1056K(1536K)->512K(512K)
[151.624s][info][gc,heap        ] GC(230) ParOldGen: 7067K(1398272K)->7315K(1398272K)
[151.624s][info][gc,metaspace   ] GC(230) Metaspace: 9919K(10240K)->9919K(10240K) NonClass: 8619K(8832K)->8619K(8832K) Class: 1300K(1408K)->1300K(1408K)
[151.624s][info][gc             ] GC(230) Pause Young (Allocation Failure) 85M->7M(1443M) 1.098ms
[151.624s][info][gc,cpu         ] GC(230) User=0.00s Sys=0.00s Real=0.00s
[151.953s][info][gc,start       ] GC(231) Pause Young (Allocation Failure)
[151.955s][info][gc,heap        ] GC(231) PSYoungGen: 79360K(79360K)->1056K(79872K) Eden: 78848K(78848K)->0K(78336K) From: 512K(512K)->1056K(1536K)
[151.956s][info][gc,heap        ] GC(231) ParOldGen: 7315K(1398272K)->7635K(1398272K)
[151.956s][info][gc,metaspace   ] GC(231) Metaspace: 9919K(10240K)->9919K(10240K) NonClass: 8619K(8832K)->8619K(8832K) Class: 1300K(1408K)->1300K(1408K)
[151.956s][info][gc             ] GC(231) Pause Young (Allocation Failure) 84M->8M(1443M) 2.250ms
[151.956s][info][gc,cpu         ] GC(231) User=0.00s Sys=0.02s Real=0.02s
[152.167s][info][gc,start       ] GC(232) Pause Young (System.gc())
[152.168s][info][gc,heap        ] GC(232) PSYoungGen: 54644K(79872K)->1056K(79872K) Eden: 53588K(78336K)->0K(78336K) From: 1056K(1536K)->1056K(1536K)
[152.168s][info][gc,heap        ] GC(232) ParOldGen: 7635K(1398272K)->7779K(1398272K)
[152.168s][info][gc,metaspace   ] GC(232) Metaspace: 9919K(10240K)->9919K(10240K) NonClass: 8619K(8832K)->8619K(8832K) Class: 1300K(1408K)->1300K(1408K)
[152.168s][info][gc             ] GC(232) Pause Young (System.gc()) 60M->8M(1443M) 1.058ms
[152.168s][info][gc,cpu         ] GC(232) User=0.00s Sys=0.00s Real=0.00s
[152.168s][info][gc,start       ] GC(233) Pause Full (System.gc())
[152.168s][info][gc,phases,start] GC(233) Marking Phase
[152.184s][info][gc,phases      ] GC(233) Marking Phase 15.641ms
[152.184s][info][gc,phases,start] GC(233) Summary Phase
[152.184s][info][gc,phases      ] GC(233) Summary Phase 0.022ms
[152.184s][info][gc,phases,start] GC(233) Adjust Roots
[152.188s][info][gc,phases      ] GC(233) Adjust Roots 4.491ms
[152.188s][info][gc,phases,start] GC(233) Compaction Phase
[152.192s][info][gc,phases      ] GC(233) Compaction Phase 3.468ms
[152.192s][info][gc,phases,start] GC(233) Post Compact
[152.192s][info][gc,phases      ] GC(233) Post Compact 0.755ms
[152.193s][info][gc,heap        ] GC(233) PSYoungGen: 1056K(79872K)->0K(79872K) Eden: 0K(78336K)->0K(78336K) From: 1056K(1536K)->0K(1536K)
[152.193s][info][gc,heap        ] GC(233) ParOldGen: 7779K(1398272K)->4075K(1398272K)
[152.193s][info][gc,metaspace   ] GC(233) Metaspace: 9919K(10240K)->9919K(10240K) NonClass: 8619K(8832K)->8619K(8832K) Class: 1300K(1408K)->1300K(1408K)
[152.193s][info][gc             ] GC(233) Pause Full (System.gc()) 8M->3M(1443M) 24.649ms
[152.193s][info][gc,cpu         ] GC(233) User=0.56s Sys=0.00s Real=0.03s
[152.512s][info][gc,start       ] GC(234) Pause Young (Allocation Failure)
[152.514s][info][gc,heap        ] GC(234) PSYoungGen: 78336K(79872K)->1536K(79872K) Eden: 78336K(78336K)->0K(78336K) From: 0K(1536K)->1536K(1536K)
[152.514s][info][gc,heap        ] GC(234) ParOldGen: 4075K(1398272K)->4155K(1398272K)
[152.514s][info][gc,metaspace   ] GC(234) Metaspace: 9925K(10240K)->9925K(10240K) NonClass: 8624K(8832K)->8624K(8832K) Class: 1300K(1408K)->1300K(1408K)
[152.514s][info][gc             ] GC(234) Pause Young (Allocation Failure) 80M->5M(1443M) 1.476ms
[152.514s][info][gc,cpu         ] GC(234) User=0.00s Sys=0.00s Real=0.00s
[152.822s][info][gc,start       ] GC(235) Pause Young (Allocation Failure)
[152.823s][info][gc,heap        ] GC(235) PSYoungGen: 79872K(79872K)->512K(78848K) Eden: 78336K(78336K)->0K(78336K) From: 1536K(1536K)->512K(512K)
[152.823s][info][gc,heap        ] GC(235) ParOldGen: 4155K(1398272K)->5139K(1398272K)
[152.823s][info][gc,metaspace   ] GC(235) Metaspace: 9925K(10240K)->9925K(10240K) NonClass: 8624K(8832K)->8624K(8832K) Class: 1300K(1408K)->1300K(1408K)
[152.823s][info][gc             ] GC(235) Pause Young (Allocation Failure) 82M->5M(1442M) 1.388ms
[152.823s][info][gc,cpu         ] GC(235) User=0.00s Sys=0.00s Real=0.00s
[153.130s][info][gc,start       ] GC(236) Pause Young (Allocation Failure)
[153.131s][info][gc,heap        ] GC(236) PSYoungGen: 78848K(78848K)->1344K(80384K) Eden: 78336K(78336K)->0K(78336K) From: 512K(512K)->1344K(2048K)
[153.131s][info][gc,heap        ] GC(236) ParOldGen: 5139K(1398272K)->5683K(1398272K)
[153.131s][info][gc,metaspace   ] GC(236) Metaspace: 9925K(10240K)->9925K(10240K) NonClass: 8624K(8832K)->8624K(8832K) Class: 1300K(1408K)->1300K(1408K)
[153.131s][info][gc             ] GC(236) Pause Young (Allocation Failure) 82M->6M(1444M) 1.262ms
[153.131s][info][gc,cpu         ] GC(236) User=0.00s Sys=0.00s Real=0.00s
[153.446s][info][gc,start       ] GC(237) Pause Young (Allocation Failure)
[153.447s][info][gc,heap        ] GC(237) PSYoungGen: 79680K(80384K)->1088K(79872K) Eden: 78336K(78336K)->0K(78336K) From: 1344K(2048K)->1088K(1536K)
[153.447s][info][gc,heap        ] GC(237) ParOldGen: 5683K(1398272K)->6003K(1398272K)
[153.447s][info][gc,metaspace   ] GC(237) Metaspace: 9925K(10240K)->9925K(10240K) NonClass: 8624K(8832K)->8624K(8832K) Class: 1300K(1408K)->1300K(1408K)
[153.447s][info][gc             ] GC(237) Pause Young (Allocation Failure) 83M->6M(1443M) 1.211ms
[153.447s][info][gc,cpu         ] GC(237) User=0.00s Sys=0.00s Real=0.00s
[153.755s][info][gc,start       ] GC(238) Pause Young (Allocation Failure)
[153.756s][info][gc,heap        ] GC(238) PSYoungGen: 79424K(79872K)->1056K(79872K) Eden: 78336K(78336K)->0K(78336K) From: 1088K(1536K)->1056K(1536K)
[153.756s][info][gc,heap        ] GC(238) ParOldGen: 6003K(1398272K)->6155K(1398272K)
[153.756s][info][gc,metaspace   ] GC(238) Metaspace: 9925K(10240K)->9925K(10240K) NonClass: 8624K(8832K)->8624K(8832K) Class: 1300K(1408K)->1300K(1408K)
[153.756s][info][gc             ] GC(238) Pause Young (Allocation Failure) 83M->7M(1443M) 1.432ms
[153.756s][info][gc,cpu         ] GC(238) User=0.00s Sys=0.00s Real=0.00s
[154.055s][info][gc,start       ] GC(239) Pause Young (Allocation Failure)
[154.056s][info][gc,heap        ] GC(239) PSYoungGen: 79392K(79872K)->1056K(79872K) Eden: 78336K(78336K)->0K(78336K) From: 1056K(1536K)->1056K(1536K)
[154.056s][info][gc,heap        ] GC(239) ParOldGen: 6155K(1398272K)->6467K(1398272K)
[154.056s][info][gc,metaspace   ] GC(239) Metaspace: 9925K(10240K)->9925K(10240K) NonClass: 8624K(8832K)->8624K(8832K) Class: 1300K(1408K)->1300K(1408K)
[154.057s][info][gc             ] GC(239) Pause Young (Allocation Failure) 83M->7M(1443M) 1.082ms
[154.057s][info][gc,cpu         ] GC(239) User=0.00s Sys=0.00s Real=0.00s
[154.369s][info][gc,start       ] GC(240) Pause Young (Allocation Failure)
[154.371s][info][gc,heap        ] GC(240) PSYoungGen: 79392K(79872K)->1056K(79872K) Eden: 78336K(78336K)->0K(78336K) From: 1056K(1536K)->1056K(1536K)
[154.371s][info][gc,heap        ] GC(240) ParOldGen: 6467K(1398272K)->6555K(1398272K)
[154.371s][info][gc,metaspace   ] GC(240) Metaspace: 9925K(10240K)->9925K(10240K) NonClass: 8624K(8832K)->8624K(8832K) Class: 1300K(1408K)->1300K(1408K)
[154.371s][info][gc             ] GC(240) Pause Young (Allocation Failure) 83M->7M(1443M) 1.730ms
[154.371s][info][gc,cpu         ] GC(240) User=0.00s Sys=0.00s Real=0.00s
[154.672s][info][gc,start       ] GC(241) Pause Young (Allocation Failure)
[154.673s][info][gc,heap        ] GC(241) PSYoungGen: 79392K(79872K)->1024K(79360K) Eden: 78336K(78336K)->0K(78336K) From: 1056K(1536K)->1024K(1024K)
[154.673s][info][gc,heap        ] GC(241) ParOldGen: 6555K(1398272K)->6899K(1398272K)
[154.673s][info][gc,metaspace   ] GC(241) Metaspace: 9925K(10240K)->9925K(10240K) NonClass: 8624K(8832K)->8624K(8832K) Class: 1300K(1408K)->1300K(1408K)
[154.673s][info][gc             ] GC(241) Pause Young (Allocation Failure) 83M->7M(1443M) 1.376ms
[154.673s][info][gc,cpu         ] GC(241) User=0.00s Sys=0.00s Real=0.00s
[154.980s][info][gc,start       ] GC(242) Pause Young (Allocation Failure)
[154.981s][info][gc,heap        ] GC(242) PSYoungGen: 79360K(79360K)->1088K(79872K) Eden: 78336K(78336K)->0K(78336K) From: 1024K(1024K)->1088K(1536K)
[154.981s][info][gc,heap        ] GC(242) ParOldGen: 6899K(1398272K)->6979K(1398272K)
[154.981s][info][gc,metaspace   ] GC(242) Metaspace: 9925K(10240K)->9925K(10240K) NonClass: 8624K(8832K)->8624K(8832K) Class: 1300K(1408K)->1300K(1408K)
[154.981s][info][gc             ] GC(242) Pause Young (Allocation Failure) 84M->7M(1443M) 1.363ms
[154.981s][info][gc,cpu         ] GC(242) User=0.00s Sys=0.00s Real=0.00s
[155.294s][info][gc,start       ] GC(243) Pause Young (Allocation Failure)
[155.295s][info][gc,heap        ] GC(243) PSYoungGen: 79424K(79872K)->1024K(79360K) Eden: 78336K(78336K)->0K(78336K) From: 1088K(1536K)->1024K(1024K)
[155.295s][info][gc,heap        ] GC(243) ParOldGen: 6979K(1398272K)->7371K(1398272K)
[155.295s][info][gc,metaspace   ] GC(243) Metaspace: 9925K(10240K)->9925K(10240K) NonClass: 8624K(8832K)->8624K(8832K) Class: 1300K(1408K)->1300K(1408K)
[155.295s][info][gc             ] GC(243) Pause Young (Allocation Failure) 84M->8M(1443M) 1.190ms
[155.295s][info][gc,cpu         ] GC(243) User=0.00s Sys=0.00s Real=0.00s
[155.605s][info][gc,start       ] GC(244) Pause Young (Allocation Failure)
[155.606s][info][gc,heap        ] GC(244) PSYoungGen: 79360K(79360K)->1024K(79360K) Eden: 78336K(78336K)->0K(78336K) From: 1024K(1024K)->1024K(1024K)
[155.606s][info][gc,heap        ] GC(244) ParOldGen: 7371K(1398272K)->7723K(1398272K)
[155.606s][info][gc,metaspace   ] GC(244) Metaspace: 9925K(10240K)->9925K(10240K) NonClass: 8624K(8832K)->8624K(8832K) Class: 1300K(1408K)->1300K(1408K)
[155.606s][info][gc             ] GC(244) Pause Young (Allocation Failure) 84M->8M(1443M) 1.218ms
[155.606s][info][gc,cpu         ] GC(244) User=0.00s Sys=0.00s Real=0.00s
[155.920s][info][gc,start       ] GC(245) Pause Young (Allocation Failure)
[155.921s][info][gc,heap        ] GC(245) PSYoungGen: 79360K(79360K)->1056K(79872K) Eden: 78336K(78336K)->0K(78336K) From: 1024K(1024K)->1056K(1536K)
[155.921s][info][gc,heap        ] GC(245) ParOldGen: 7723K(1398272K)->7723K(1398272K)
[155.921s][info][gc,metaspace   ] GC(245) Metaspace: 9925K(10240K)->9925K(10240K) NonClass: 8624K(8832K)->8624K(8832K) Class: 1300K(1408K)->1300K(1408K)
[155.921s][info][gc             ] GC(245) Pause Young (Allocation Failure) 85M->8M(1443M) 1.180ms
[155.921s][info][gc,cpu         ] GC(245) User=0.41s Sys=0.03s Real=0.02s
[156.235s][info][gc,start       ] GC(246) Pause Young (Allocation Failure)
[156.236s][info][gc,heap        ] GC(246) PSYoungGen: 79392K(79872K)->1056K(79872K) Eden: 78336K(78336K)->0K(78336K) From: 1056K(1536K)->1056K(1536K)
[156.236s][info][gc,heap        ] GC(246) ParOldGen: 7723K(1398272K)->7723K(1398272K)
[156.236s][info][gc,metaspace   ] GC(246) Metaspace: 9925K(10240K)->9925K(10240K) NonClass: 8624K(8832K)->8624K(8832K) Class: 1300K(1408K)->1300K(1408K)
[156.236s][info][gc             ] GC(246) Pause Young (Allocation Failure) 85M->8M(1443M) 1.313ms
[156.236s][info][gc,cpu         ] GC(246) User=0.00s Sys=0.00s Real=0.00s
[156.545s][info][gc,start       ] GC(247) Pause Young (Allocation Failure)
[156.546s][info][gc,heap        ] GC(247) PSYoungGen: 79392K(79872K)->512K(78848K) Eden: 78336K(78336K)->0K(78336K) From: 1056K(1536K)->512K(512K)
[156.546s][info][gc,heap        ] GC(247) ParOldGen: 7723K(1398272K)->8003K(1398272K)
[156.546s][info][gc,metaspace   ] GC(247) Metaspace: 9925K(10240K)->9925K(10240K) NonClass: 8624K(8832K)->8624K(8832K) Class: 1300K(1408K)->1300K(1408K)
[156.546s][info][gc             ] GC(247) Pause Young (Allocation Failure) 85M->8M(1442M) 1.135ms
[156.546s][info][gc,cpu         ] GC(247) User=0.00s Sys=0.00s Real=0.00s
[156.858s][info][gc,start       ] GC(248) Pause Young (Allocation Failure)
[156.860s][info][gc,heap        ] GC(248) PSYoungGen: 78848K(78848K)->1056K(79872K) Eden: 78336K(78336K)->0K(78336K) From: 512K(512K)->1056K(1536K)
[156.860s][info][gc,heap        ] GC(248) ParOldGen: 8003K(1398272K)->8467K(1398272K)
[156.860s][info][gc,metaspace   ] GC(248) Metaspace: 9925K(10240K)->9925K(10240K) NonClass: 8624K(8832K)->8624K(8832K) Class: 1300K(1408K)->1300K(1408K)
[156.860s][info][gc             ] GC(248) Pause Young (Allocation Failure) 84M->9M(1443M) 2.052ms
[156.861s][info][gc,cpu         ] GC(248) User=0.00s Sys=0.00s Real=0.00s
[157.172s][info][gc,start       ] GC(249) Pause Young (Allocation Failure)
[157.173s][info][gc,heap        ] GC(249) PSYoungGen: 79392K(79872K)->1056K(79872K) Eden: 78336K(78336K)->0K(78336K) From: 1056K(1536K)->1056K(1536K)
[157.173s][info][gc,heap        ] GC(249) ParOldGen: 8467K(1398272K)->8555K(1398272K)
[157.173s][info][gc,metaspace   ] GC(249) Metaspace: 9925K(10240K)->9925K(10240K) NonClass: 8624K(8832K)->8624K(8832K) Class: 1300K(1408K)->1300K(1408K)
[157.173s][info][gc             ] GC(249) Pause Young (Allocation Failure) 85M->9M(1443M) 1.069ms
[157.173s][info][gc,cpu         ] GC(249) User=0.00s Sys=0.00s Real=0.00s
[157.483s][info][gc,start       ] GC(250) Pause Young (Allocation Failure)
[157.484s][info][gc,heap        ] GC(250) PSYoungGen: 79392K(79872K)->1056K(79872K) Eden: 78336K(78336K)->0K(78336K) From: 1056K(1536K)->1056K(1536K)
[157.484s][info][gc,heap        ] GC(250) ParOldGen: 8555K(1398272K)->8555K(1398272K)
[157.484s][info][gc,metaspace   ] GC(250) Metaspace: 9925K(10240K)->9925K(10240K) NonClass: 8624K(8832K)->8624K(8832K) Class: 1300K(1408K)->1300K(1408K)
[157.484s][info][gc             ] GC(250) Pause Young (Allocation Failure) 85M->9M(1443M) 1.265ms
[157.485s][info][gc,cpu         ] GC(250) User=0.00s Sys=0.00s Real=0.00s
[157.792s][info][gc,start       ] GC(251) Pause Young (Allocation Failure)
[157.793s][info][gc,heap        ] GC(251) PSYoungGen: 79392K(79872K)->512K(78848K) Eden: 78336K(78336K)->0K(78336K) From: 1056K(1536K)->512K(512K)
[157.793s][info][gc,heap        ] GC(251) ParOldGen: 8555K(1398272K)->8763K(1398272K)
[157.793s][info][gc,metaspace   ] GC(251) Metaspace: 9925K(10240K)->9925K(10240K) NonClass: 8624K(8832K)->8624K(8832K) Class: 1300K(1408K)->1300K(1408K)
[157.793s][info][gc             ] GC(251) Pause Young (Allocation Failure) 85M->9M(1442M) 1.133ms
[157.794s][info][gc,cpu         ] GC(251) User=0.00s Sys=0.00s Real=0.00s
[158.109s][info][gc,start       ] GC(252) Pause Young (Allocation Failure)
[158.110s][info][gc,heap        ] GC(252) PSYoungGen: 78848K(78848K)->1088K(79872K) Eden: 78336K(78336K)->0K(78336K) From: 512K(512K)->1088K(1536K)
[158.110s][info][gc,heap        ] GC(252) ParOldGen: 8763K(1398272K)->9195K(1398272K)
[158.111s][info][gc,metaspace   ] GC(252) Metaspace: 9925K(10240K)->9925K(10240K) NonClass: 8624K(8832K)->8624K(8832K) Class: 1300K(1408K)->1300K(1408K)
[158.111s][info][gc             ] GC(252) Pause Young (Allocation Failure) 85M->10M(1443M) 1.866ms
[158.111s][info][gc,cpu         ] GC(252) User=0.00s Sys=0.00s Real=0.00s
[158.421s][info][gc,start       ] GC(253) Pause Young (Allocation Failure)
[158.422s][info][gc,heap        ] GC(253) PSYoungGen: 79424K(79872K)->992K(79360K) Eden: 78336K(78336K)->0K(78336K) From: 1088K(1536K)->992K(1024K)
[158.423s][info][gc,heap        ] GC(253) ParOldGen: 9195K(1398272K)->9643K(1398272K)
[158.423s][info][gc,metaspace   ] GC(253) Metaspace: 9925K(10240K)->9925K(10240K) NonClass: 8624K(8832K)->8624K(8832K) Class: 1300K(1408K)->1300K(1408K)
[158.423s][info][gc             ] GC(253) Pause Young (Allocation Failure) 86M->10M(1443M) 1.474ms
[158.423s][info][gc,cpu         ] GC(253) User=0.00s Sys=0.00s Real=0.00s
[158.727s][info][gc,start       ] GC(254) Pause Young (System.gc())
[158.728s][info][gc,heap        ] GC(254) PSYoungGen: 77013K(79360K)->1056K(79872K) Eden: 76021K(78336K)->0K(78336K) From: 992K(1024K)->1056K(1536K)
[158.728s][info][gc,heap        ] GC(254) ParOldGen: 9643K(1398272K)->9643K(1398272K)
[158.728s][info][gc,metaspace   ] GC(254) Metaspace: 9927K(10240K)->9927K(10240K) NonClass: 8627K(8832K)->8627K(8832K) Class: 1300K(1408K)->1300K(1408K)
[158.728s][info][gc             ] GC(254) Pause Young (System.gc()) 84M->10M(1443M) 1.209ms
[158.728s][info][gc,cpu         ] GC(254) User=0.00s Sys=0.00s Real=0.00s
[158.728s][info][gc,start       ] GC(255) Pause Full (System.gc())
[158.728s][info][gc,phases,start] GC(255) Marking Phase
[158.745s][info][gc,phases      ] GC(255) Marking Phase 16.319ms
[158.745s][info][gc,phases,start] GC(255) Summary Phase
[158.745s][info][gc,phases      ] GC(255) Summary Phase 0.022ms
[158.745s][info][gc,phases,start] GC(255) Adjust Roots
[158.749s][info][gc,phases      ] GC(255) Adjust Roots 4.510ms
[158.749s][info][gc,phases,start] GC(255) Compaction Phase
[158.753s][info][gc,phases      ] GC(255) Compaction Phase 3.655ms
[158.753s][info][gc,phases,start] GC(255) Post Compact
[158.754s][info][gc,phases      ] GC(255) Post Compact 0.786ms
[158.754s][info][gc,heap        ] GC(255) PSYoungGen: 1056K(79872K)->0K(79872K) Eden: 0K(78336K)->0K(78336K) From: 1056K(1536K)->0K(1536K)
[158.754s][info][gc,heap        ] GC(255) ParOldGen: 9643K(1398272K)->4075K(1398272K)
[158.754s][info][gc,metaspace   ] GC(255) Metaspace: 9927K(10240K)->9927K(10240K) NonClass: 8627K(8832K)->8627K(8832K) Class: 1300K(1408K)->1300K(1408K)
[158.754s][info][gc             ] GC(255) Pause Full (System.gc()) 10M->3M(1443M) 25.556ms
[158.754s][info][gc,cpu         ] GC(255) User=0.02s Sys=0.00s Real=0.02s
[159.069s][info][gc,start       ] GC(256) Pause Young (Allocation Failure)
[159.071s][info][gc,heap        ] GC(256) PSYoungGen: 78336K(79872K)->1024K(79360K) Eden: 78336K(78336K)->0K(78336K) From: 0K(1536K)->1024K(1024K)
[159.071s][info][gc,heap        ] GC(256) ParOldGen: 4075K(1398272K)->4443K(1398272K)
[159.071s][info][gc,metaspace   ] GC(256) Metaspace: 9927K(10240K)->9927K(10240K) NonClass: 8627K(8832K)->8627K(8832K) Class: 1300K(1408K)->1300K(1408K)
[159.071s][info][gc             ] GC(256) Pause Young (Allocation Failure) 80M->5M(1443M) 1.292ms
[159.071s][info][gc,cpu         ] GC(256) User=0.00s Sys=0.00s Real=0.00s
[159.376s][info][gc,start       ] GC(257) Pause Young (Allocation Failure)
[159.377s][info][gc,heap        ] GC(257) PSYoungGen: 79360K(79360K)->1536K(79872K) Eden: 78336K(78336K)->0K(78336K) From: 1024K(1024K)->1536K(1536K)
[159.377s][info][gc,heap        ] GC(257) ParOldGen: 4443K(1398272K)->4923K(1398272K)
[159.377s][info][gc,metaspace   ] GC(257) Metaspace: 9927K(10240K)->9927K(10240K) NonClass: 8627K(8832K)->8627K(8832K) Class: 1300K(1408K)->1300K(1408K)
[159.377s][info][gc             ] GC(257) Pause Young (Allocation Failure) 81M->6M(1443M) 1.790ms
[159.377s][info][gc,cpu         ] GC(257) User=0.00s Sys=0.00s Real=0.00s
[159.683s][info][gc,start       ] GC(258) Pause Young (Allocation Failure)
[159.684s][info][gc,heap        ] GC(258) PSYoungGen: 79872K(79872K)->1024K(79360K) Eden: 78336K(78336K)->0K(78336K) From: 1536K(1536K)->1024K(1024K)
[159.684s][info][gc,heap        ] GC(258) ParOldGen: 4923K(1398272K)->5427K(1398272K)
[159.684s][info][gc,metaspace   ] GC(258) Metaspace: 9927K(10240K)->9927K(10240K) NonClass: 8627K(8832K)->8627K(8832K) Class: 1300K(1408K)->1300K(1408K)
[159.684s][info][gc             ] GC(258) Pause Young (Allocation Failure) 82M->6M(1443M) 1.108ms
[159.685s][info][gc,cpu         ] GC(258) User=0.00s Sys=0.00s Real=0.00s
[159.993s][info][gc,start       ] GC(259) Pause Young (Allocation Failure)
[159.994s][info][gc,heap        ] GC(259) PSYoungGen: 79360K(79360K)->1184K(79872K) Eden: 78336K(78336K)->0K(78336K) From: 1024K(1024K)->1184K(1536K)
[159.994s][info][gc,heap        ] GC(259) ParOldGen: 5427K(1398272K)->5827K(1398272K)
[159.994s][info][gc,metaspace   ] GC(259) Metaspace: 9927K(10240K)->9927K(10240K) NonClass: 8627K(8832K)->8627K(8832K) Class: 1300K(1408K)->1300K(1408K)
[159.994s][info][gc             ] GC(259) Pause Young (Allocation Failure) 82M->6M(1443M) 1.282ms
[159.994s][info][gc,cpu         ] GC(259) User=0.00s Sys=0.00s Real=0.00s
[160.310s][info][gc,start       ] GC(260) Pause Young (Allocation Failure)
[160.311s][info][gc,heap        ] GC(260) PSYoungGen: 79520K(79872K)->1152K(79872K) Eden: 78336K(78336K)->0K(78336K) From: 1184K(1536K)->1152K(1536K)
[160.311s][info][gc,heap        ] GC(260) ParOldGen: 5827K(1398272K)->6187K(1398272K)
[160.311s][info][gc,metaspace   ] GC(260) Metaspace: 9927K(10240K)->9927K(10240K) NonClass: 8627K(8832K)->8627K(8832K) Class: 1300K(1408K)->1300K(1408K)
[160.312s][info][gc             ] GC(260) Pause Young (Allocation Failure) 83M->7M(1443M) 1.471ms
[160.312s][info][gc,cpu         ] GC(260) User=0.00s Sys=0.00s Real=0.00s
[160.615s][info][gc,start       ] GC(261) Pause Young (Allocation Failure)
[160.617s][info][gc,heap        ] GC(261) PSYoungGen: 79488K(79872K)->1056K(79872K) Eden: 78336K(78336K)->0K(78336K) From: 1152K(1536K)->1056K(1536K)
[160.617s][info][gc,heap        ] GC(261) ParOldGen: 6187K(1398272K)->6547K(1398272K)
[160.617s][info][gc,metaspace   ] GC(261) Metaspace: 9927K(10240K)->9927K(10240K) NonClass: 8627K(8832K)->8627K(8832K) Class: 1300K(1408K)->1300K(1408K)
[160.617s][info][gc             ] GC(261) Pause Young (Allocation Failure) 83M->7M(1443M) 1.369ms
[160.617s][info][gc,cpu         ] GC(261) User=0.00s Sys=0.00s Real=0.00s
[160.928s][info][gc,start       ] GC(262) Pause Young (Allocation Failure)
[160.929s][info][gc,heap        ] GC(262) PSYoungGen: 79392K(79872K)->1056K(79872K) Eden: 78336K(78336K)->0K(78336K) From: 1056K(1536K)->1056K(1536K)
[160.929s][info][gc,heap        ] GC(262) ParOldGen: 6547K(1398272K)->6547K(1398272K)
[160.929s][info][gc,metaspace   ] GC(262) Metaspace: 9927K(10240K)->9927K(10240K) NonClass: 8627K(8832K)->8627K(8832K) Class: 1300K(1408K)->1300K(1408K)
[160.929s][info][gc             ] GC(262) Pause Young (Allocation Failure) 83M->7M(1443M) 1.141ms
[160.929s][info][gc,cpu         ] GC(262) User=0.00s Sys=0.00s Real=0.00s
[161.238s][info][gc,start       ] GC(263) Pause Young (Allocation Failure)
[161.239s][info][gc,heap        ] GC(263) PSYoungGen: 79392K(79872K)->1056K(79872K) Eden: 78336K(78336K)->0K(78336K) From: 1056K(1536K)->1056K(1536K)
[161.239s][info][gc,heap        ] GC(263) ParOldGen: 6547K(1398272K)->6547K(1398272K)
[161.239s][info][gc,metaspace   ] GC(263) Metaspace: 9927K(10240K)->9927K(10240K) NonClass: 8627K(8832K)->8627K(8832K) Class: 1300K(1408K)->1300K(1408K)
[161.239s][info][gc             ] GC(263) Pause Young (Allocation Failure) 83M->7M(1443M) 1.540ms
[161.239s][info][gc,cpu         ] GC(263) User=0.00s Sys=0.00s Real=0.00s
[161.546s][info][gc,start       ] GC(264) Pause Young (Allocation Failure)
[161.549s][info][gc,heap        ] GC(264) PSYoungGen: 79392K(79872K)->1024K(79360K) Eden: 78336K(78336K)->0K(78336K) From: 1056K(1536K)->1024K(1024K)
[161.549s][info][gc,heap        ] GC(264) ParOldGen: 6547K(1398272K)->6899K(1398272K)
[161.549s][info][gc,metaspace   ] GC(264) Metaspace: 9927K(10240K)->9927K(10240K) NonClass: 8627K(8832K)->8627K(8832K) Class: 1300K(1408K)->1300K(1408K)
[161.549s][info][gc             ] GC(264) Pause Young (Allocation Failure) 83M->7M(1443M) 3.017ms
[161.549s][info][gc,cpu         ] GC(264) User=0.00s Sys=0.00s Real=0.00s
[161.864s][info][gc,start       ] GC(265) Pause Young (Allocation Failure)
[161.865s][info][gc,heap        ] GC(265) PSYoungGen: 79360K(79360K)->1056K(79872K) Eden: 78336K(78336K)->0K(78336K) From: 1024K(1024K)->1056K(1536K)
[161.865s][info][gc,heap        ] GC(265) ParOldGen: 6899K(1398272K)->6899K(1398272K)
[161.865s][info][gc,metaspace   ] GC(265) Metaspace: 9927K(10240K)->9927K(10240K) NonClass: 8627K(8832K)->8627K(8832K) Class: 1300K(1408K)->1300K(1408K)
[161.865s][info][gc             ] GC(265) Pause Young (Allocation Failure) 84M->7M(1443M) 1.227ms
[161.865s][info][gc,cpu         ] GC(265) User=0.00s Sys=0.00s Real=0.00s
[162.174s][info][gc,start       ] GC(266) Pause Young (Allocation Failure)
[162.175s][info][gc,heap        ] GC(266) PSYoungGen: 79392K(79872K)->1056K(79872K) Eden: 78336K(78336K)->0K(78336K) From: 1056K(1536K)->1056K(1536K)
[162.176s][info][gc,heap        ] GC(266) ParOldGen: 6899K(1398272K)->6899K(1398272K)
[162.176s][info][gc,metaspace   ] GC(266) Metaspace: 9927K(10240K)->9927K(10240K) NonClass: 8627K(8832K)->8627K(8832K) Class: 1300K(1408K)->1300K(1408K)
[162.176s][info][gc             ] GC(266) Pause Young (Allocation Failure) 84M->7M(1443M) 1.172ms
[162.176s][info][gc,cpu         ] GC(266) User=0.00s Sys=0.00s Real=0.00s
[162.485s][info][gc,start       ] GC(267) Pause Young (Allocation Failure)
[162.486s][info][gc,heap        ] GC(267) PSYoungGen: 79392K(79872K)->1056K(79872K) Eden: 78336K(78336K)->0K(78336K) From: 1056K(1536K)->1056K(1536K)
[162.487s][info][gc,heap        ] GC(267) ParOldGen: 6899K(1398272K)->6963K(1398272K)
[162.487s][info][gc,metaspace   ] GC(267) Metaspace: 9927K(10240K)->9927K(10240K) NonClass: 8627K(8832K)->8627K(8832K) Class: 1300K(1408K)->1300K(1408K)
[162.487s][info][gc             ] GC(267) Pause Young (Allocation Failure) 84M->7M(1443M) 1.567ms
[162.487s][info][gc,cpu         ] GC(267) User=0.00s Sys=0.02s Real=0.02s
[162.802s][info][gc,start       ] GC(268) Pause Young (Allocation Failure)
[162.803s][info][gc,heap        ] GC(268) PSYoungGen: 79392K(79872K)->1248K(79872K) Eden: 78336K(78336K)->0K(78336K) From: 1056K(1536K)->1248K(1536K)
[162.803s][info][gc,heap        ] GC(268) ParOldGen: 6963K(1398272K)->7355K(1398272K)
[162.803s][info][gc,metaspace   ] GC(268) Metaspace: 9927K(10240K)->9927K(10240K) NonClass: 8627K(8832K)->8627K(8832K) Class: 1300K(1408K)->1300K(1408K)
[162.803s][info][gc             ] GC(268) Pause Young (Allocation Failure) 84M->8M(1443M) 1.149ms
[162.804s][info][gc,cpu         ] GC(268) User=0.00s Sys=0.00s Real=0.00s
[163.110s][info][gc,start       ] GC(269) Pause Young (Allocation Failure)
[163.112s][info][gc,heap        ] GC(269) PSYoungGen: 79584K(79872K)->1152K(79872K) Eden: 78336K(78336K)->0K(78336K) From: 1248K(1536K)->1152K(1536K)
[163.112s][info][gc,heap        ] GC(269) ParOldGen: 7355K(1398272K)->7763K(1398272K)
[163.112s][info][gc,metaspace   ] GC(269) Metaspace: 9927K(10240K)->9927K(10240K) NonClass: 8627K(8832K)->8627K(8832K) Class: 1300K(1408K)->1300K(1408K)
[163.112s][info][gc             ] GC(269) Pause Young (Allocation Failure) 84M->8M(1443M) 1.402ms
[163.112s][info][gc,cpu         ] GC(269) User=0.00s Sys=0.00s Real=0.00s
[163.421s][info][gc,start       ] GC(270) Pause Young (Allocation Failure)
[163.422s][info][gc,heap        ] GC(270) PSYoungGen: 79488K(79872K)->512K(78848K) Eden: 78336K(78336K)->0K(78336K) From: 1152K(1536K)->512K(512K)
[163.422s][info][gc,heap        ] GC(270) ParOldGen: 7763K(1398272K)->8219K(1398272K)
[163.422s][info][gc,metaspace   ] GC(270) Metaspace: 9927K(10240K)->9927K(10240K) NonClass: 8627K(8832K)->8627K(8832K) Class: 1300K(1408K)->1300K(1408K)
[163.422s][info][gc             ] GC(270) Pause Young (Allocation Failure) 85M->8M(1442M) 1.140ms
[163.422s][info][gc,cpu         ] GC(270) User=0.00s Sys=0.00s Real=0.00s
[163.733s][info][gc,start       ] GC(271) Pause Young (Allocation Failure)
[163.734s][info][gc,heap        ] GC(271) PSYoungGen: 78848K(78848K)->1056K(79872K) Eden: 78336K(78336K)->0K(78336K) From: 512K(512K)->1056K(1536K)
[163.734s][info][gc,heap        ] GC(271) ParOldGen: 8219K(1398272K)->8523K(1398272K)
[163.734s][info][gc,metaspace   ] GC(271) Metaspace: 9927K(10240K)->9927K(10240K) NonClass: 8627K(8832K)->8627K(8832K) Class: 1300K(1408K)->1300K(1408K)
[163.734s][info][gc             ] GC(271) Pause Young (Allocation Failure) 85M->9M(1443M) 1.214ms
[163.734s][info][gc,cpu         ] GC(271) User=0.00s Sys=0.00s Real=0.00s
[164.045s][info][gc,start       ] GC(272) Pause Young (Allocation Failure)
[164.046s][info][gc,heap        ] GC(272) PSYoungGen: 79392K(79872K)->1056K(79872K) Eden: 78336K(78336K)->0K(78336K) From: 1056K(1536K)->1056K(1536K)
[164.046s][info][gc,heap        ] GC(272) ParOldGen: 8523K(1398272K)->8595K(1398272K)
[164.046s][info][gc,metaspace   ] GC(272) Metaspace: 9927K(10240K)->9927K(10240K) NonClass: 8627K(8832K)->8627K(8832K) Class: 1300K(1408K)->1300K(1408K)
[164.046s][info][gc             ] GC(272) Pause Young (Allocation Failure) 85M->9M(1443M) 0.980ms
[164.046s][info][gc,cpu         ] GC(272) User=0.00s Sys=0.00s Real=0.00s
[164.362s][info][gc,start       ] GC(273) Pause Young (Allocation Failure)
[164.363s][info][gc,heap        ] GC(273) PSYoungGen: 79392K(79872K)->1056K(79872K) Eden: 78336K(78336K)->0K(78336K) From: 1056K(1536K)->1056K(1536K)
[164.363s][info][gc,heap        ] GC(273) ParOldGen: 8595K(1398272K)->8595K(1398272K)
[164.363s][info][gc,metaspace   ] GC(273) Metaspace: 9927K(10240K)->9927K(10240K) NonClass: 8627K(8832K)->8627K(8832K) Class: 1300K(1408K)->1300K(1408K)
[164.363s][info][gc             ] GC(273) Pause Young (Allocation Failure) 85M->9M(1443M) 1.336ms
[164.363s][info][gc,cpu         ] GC(273) User=0.00s Sys=0.00s Real=0.00s
[164.674s][info][gc,start       ] GC(274) Pause Young (Allocation Failure)
[164.675s][info][gc,heap        ] GC(274) PSYoungGen: 79392K(79872K)->512K(78848K) Eden: 78336K(78336K)->0K(78336K) From: 1056K(1536K)->512K(512K)
[164.675s][info][gc,heap        ] GC(274) ParOldGen: 8595K(1398272K)->8931K(1398272K)
[164.675s][info][gc,metaspace   ] GC(274) Metaspace: 9927K(10240K)->9927K(10240K) NonClass: 8627K(8832K)->8627K(8832K) Class: 1300K(1408K)->1300K(1408K)
[164.675s][info][gc             ] GC(274) Pause Young (Allocation Failure) 85M->9M(1442M) 1.197ms
[164.675s][info][gc,cpu         ] GC(274) User=0.00s Sys=0.00s Real=0.00s
[164.984s][info][gc,start       ] GC(275) Pause Young (Allocation Failure)
[164.986s][info][gc,heap        ] GC(275) PSYoungGen: 78848K(78848K)->992K(79872K) Eden: 78336K(78336K)->0K(78336K) From: 512K(512K)->992K(1536K)
[164.986s][info][gc,heap        ] GC(275) ParOldGen: 8931K(1398272K)->9379K(1398272K)
[164.986s][info][gc,metaspace   ] GC(275) Metaspace: 9927K(10240K)->9927K(10240K) NonClass: 8627K(8832K)->8627K(8832K) Class: 1300K(1408K)->1300K(1408K)
[164.986s][info][gc             ] GC(275) Pause Young (Allocation Failure) 85M->10M(1443M) 1.627ms
[164.986s][info][gc,cpu         ] GC(275) User=0.00s Sys=0.00s Real=0.00s
[165.240s][info][gc,start       ] GC(276) Pause Young (System.gc())
[165.241s][info][gc,heap        ] GC(276) PSYoungGen: 65855K(79872K)->1056K(79872K) Eden: 64863K(78336K)->0K(78336K) From: 992K(1536K)->1056K(1536K)
[165.241s][info][gc,heap        ] GC(276) ParOldGen: 9379K(1398272K)->9411K(1398272K)
[165.241s][info][gc,metaspace   ] GC(276) Metaspace: 9927K(10240K)->9927K(10240K) NonClass: 8627K(8832K)->8627K(8832K) Class: 1300K(1408K)->1300K(1408K)
[165.241s][info][gc             ] GC(276) Pause Young (System.gc()) 73M->10M(1443M) 0.983ms
[165.241s][info][gc,cpu         ] GC(276) User=0.00s Sys=0.00s Real=0.00s
[165.241s][info][gc,start       ] GC(277) Pause Full (System.gc())
[165.241s][info][gc,phases,start] GC(277) Marking Phase
[165.257s][info][gc,phases      ] GC(277) Marking Phase 15.546ms
[165.257s][info][gc,phases,start] GC(277) Summary Phase
[165.257s][info][gc,phases      ] GC(277) Summary Phase 0.023ms
[165.257s][info][gc,phases,start] GC(277) Adjust Roots
[165.262s][info][gc,phases      ] GC(277) Adjust Roots 4.540ms
[165.262s][info][gc,phases,start] GC(277) Compaction Phase
[165.266s][info][gc,phases      ] GC(277) Compaction Phase 4.081ms
[165.266s][info][gc,phases,start] GC(277) Post Compact
[165.267s][info][gc,phases      ] GC(277) Post Compact 0.715ms
[165.267s][info][gc,heap        ] GC(277) PSYoungGen: 1056K(79872K)->0K(79872K) Eden: 0K(78336K)->0K(78336K) From: 1056K(1536K)->0K(1536K)
[165.267s][info][gc,heap        ] GC(277) ParOldGen: 9411K(1398272K)->4075K(1398272K)
[165.267s][info][gc,metaspace   ] GC(277) Metaspace: 9927K(10240K)->9927K(10240K) NonClass: 8627K(8832K)->8627K(8832K) Class: 1300K(1408K)->1300K(1408K)
[165.267s][info][gc             ] GC(277) Pause Full (System.gc()) 10M->3M(1443M) 25.148ms
[165.267s][info][gc,cpu         ] GC(277) User=0.02s Sys=0.00s Real=0.02s
[165.574s][info][gc,start       ] GC(278) Pause Young (Allocation Failure)
[165.576s][info][gc,heap        ] GC(278) PSYoungGen: 78336K(79872K)->1536K(79872K) Eden: 78336K(78336K)->0K(78336K) From: 0K(1536K)->1536K(1536K)
[165.576s][info][gc,heap        ] GC(278) ParOldGen: 4075K(1398272K)->4171K(1398272K)
[165.576s][info][gc,metaspace   ] GC(278) Metaspace: 9929K(10240K)->9929K(10240K) NonClass: 8628K(8832K)->8628K(8832K) Class: 1300K(1408K)->1300K(1408K)
[165.576s][info][gc             ] GC(278) Pause Young (Allocation Failure) 80M->5M(1443M) 1.903ms
[165.576s][info][gc,cpu         ] GC(278) User=0.00s Sys=0.00s Real=0.00s
[165.882s][info][gc,start       ] GC(279) Pause Young (Allocation Failure)
[165.883s][info][gc,heap        ] GC(279) PSYoungGen: 79872K(79872K)->512K(78848K) Eden: 78336K(78336K)->0K(78336K) From: 1536K(1536K)->512K(512K)
[165.883s][info][gc,heap        ] GC(279) ParOldGen: 4171K(1398272K)->5171K(1398272K)
[165.883s][info][gc,metaspace   ] GC(279) Metaspace: 9929K(10240K)->9929K(10240K) NonClass: 8628K(8832K)->8628K(8832K) Class: 1300K(1408K)->1300K(1408K)
[165.883s][info][gc             ] GC(279) Pause Young (Allocation Failure) 82M->5M(1442M) 1.428ms
[165.883s][info][gc,cpu         ] GC(279) User=0.00s Sys=0.00s Real=0.00s
[166.191s][info][gc,start       ] GC(280) Pause Young (Allocation Failure)
[166.193s][info][gc,heap        ] GC(280) PSYoungGen: 78848K(78848K)->1216K(80384K) Eden: 78336K(78336K)->0K(78336K) From: 512K(512K)->1216K(2048K)
[166.193s][info][gc,heap        ] GC(280) ParOldGen: 5171K(1398272K)->5667K(1398272K)
[166.193s][info][gc,metaspace   ] GC(280) Metaspace: 9929K(10240K)->9929K(10240K) NonClass: 8628K(8832K)->8628K(8832K) Class: 1300K(1408K)->1300K(1408K)
[166.193s][info][gc             ] GC(280) Pause Young (Allocation Failure) 82M->6M(1444M) 1.287ms
[166.193s][info][gc,cpu         ] GC(280) User=0.00s Sys=0.00s Real=0.00s
[166.500s][info][gc,start       ] GC(281) Pause Young (Allocation Failure)
[166.515s][info][gc,heap        ] GC(281) PSYoungGen: 79552K(80384K)->1216K(79872K) Eden: 78336K(78336K)->0K(78336K) From: 1216K(2048K)->1216K(1536K)
[166.515s][info][gc,heap        ] GC(281) ParOldGen: 5667K(1398272K)->5923K(1398272K)
[166.515s][info][gc,metaspace   ] GC(281) Metaspace: 9929K(10240K)->9929K(10240K) NonClass: 8628K(8832K)->8628K(8832K) Class: 1300K(1408K)->1300K(1408K)
[166.515s][info][gc             ] GC(281) Pause Young (Allocation Failure) 83M->6M(1443M) 14.816ms
[166.515s][info][gc,cpu         ] GC(281) User=0.00s Sys=0.00s Real=0.02s
[166.826s][info][gc,start       ] GC(282) Pause Young (Allocation Failure)
[166.827s][info][gc,heap        ] GC(282) PSYoungGen: 79552K(79872K)->1472K(79872K) Eden: 78336K(78336K)->0K(78336K) From: 1216K(1536K)->1472K(1536K)
[166.827s][info][gc,heap        ] GC(282) ParOldGen: 5923K(1398272K)->6291K(1398272K)
[166.827s][info][gc,metaspace   ] GC(282) Metaspace: 9929K(10240K)->9929K(10240K) NonClass: 8628K(8832K)->8628K(8832K) Class: 1300K(1408K)->1300K(1408K)
[166.827s][info][gc             ] GC(282) Pause Young (Allocation Failure) 83M->7M(1443M) 1.647ms
[166.827s][info][gc,cpu         ] GC(282) User=0.00s Sys=0.00s Real=0.00s
[167.143s][info][gc,start       ] GC(283) Pause Young (Allocation Failure)
[167.144s][info][gc,heap        ] GC(283) PSYoungGen: 79808K(79872K)->1184K(79872K) Eden: 78336K(78336K)->0K(78336K) From: 1472K(1536K)->1184K(1536K)
[167.144s][info][gc,heap        ] GC(283) ParOldGen: 6291K(1398272K)->6931K(1398272K)
[167.144s][info][gc,metaspace   ] GC(283) Metaspace: 9929K(10240K)->9929K(10240K) NonClass: 8628K(8832K)->8628K(8832K) Class: 1300K(1408K)->1300K(1408K)
[167.144s][info][gc             ] GC(283) Pause Young (Allocation Failure) 84M->7M(1443M) 1.274ms
[167.144s][info][gc,cpu         ] GC(283) User=0.00s Sys=0.00s Real=0.00s
[167.455s][info][gc,start       ] GC(284) Pause Young (Allocation Failure)
[167.456s][info][gc,heap        ] GC(284) PSYoungGen: 79520K(79872K)->1056K(79872K) Eden: 78336K(78336K)->0K(78336K) From: 1184K(1536K)->1056K(1536K)
[167.456s][info][gc,heap        ] GC(284) ParOldGen: 6931K(1398272K)->6931K(1398272K)
[167.456s][info][gc,metaspace   ] GC(284) Metaspace: 9929K(10240K)->9929K(10240K) NonClass: 8628K(8832K)->8628K(8832K) Class: 1300K(1408K)->1300K(1408K)
[167.456s][info][gc             ] GC(284) Pause Young (Allocation Failure) 84M->7M(1443M) 1.514ms
[167.457s][info][gc,cpu         ] GC(284) User=0.00s Sys=0.00s Real=0.00s
[167.770s][info][gc,start       ] GC(285) Pause Young (Allocation Failure)
[167.771s][info][gc,heap        ] GC(285) PSYoungGen: 79392K(79872K)->1056K(79872K) Eden: 78336K(78336K)->0K(78336K) From: 1056K(1536K)->1056K(1536K)
[167.771s][info][gc,heap        ] GC(285) ParOldGen: 6931K(1398272K)->6931K(1398272K)
[167.771s][info][gc,metaspace   ] GC(285) Metaspace: 9929K(10240K)->9929K(10240K) NonClass: 8628K(8832K)->8628K(8832K) Class: 1300K(1408K)->1300K(1408K)
[167.771s][info][gc             ] GC(285) Pause Young (Allocation Failure) 84M->7M(1443M) 1.030ms
[167.771s][info][gc,cpu         ] GC(285) User=0.00s Sys=0.00s Real=0.00s
[168.083s][info][gc,start       ] GC(286) Pause Young (Allocation Failure)
[168.085s][info][gc,heap        ] GC(286) PSYoungGen: 79392K(79872K)->1152K(79872K) Eden: 78336K(78336K)->0K(78336K) From: 1056K(1536K)->1152K(1536K)
[168.085s][info][gc,heap        ] GC(286) ParOldGen: 6931K(1398272K)->7299K(1398272K)
[168.085s][info][gc,metaspace   ] GC(286) Metaspace: 9929K(10240K)->9929K(10240K) NonClass: 8628K(8832K)->8628K(8832K) Class: 1300K(1408K)->1300K(1408K)
[168.085s][info][gc             ] GC(286) Pause Young (Allocation Failure) 84M->8M(1443M) 1.648ms
[168.085s][info][gc,cpu         ] GC(286) User=0.00s Sys=0.00s Real=0.00s
[168.398s][info][gc,start       ] GC(287) Pause Young (Allocation Failure)
[168.399s][info][gc,heap        ] GC(287) PSYoungGen: 79488K(79872K)->1024K(79360K) Eden: 78336K(78336K)->0K(78336K) From: 1152K(1536K)->1024K(1024K)
[168.399s][info][gc,heap        ] GC(287) ParOldGen: 7299K(1398272K)->7603K(1398272K)
[168.399s][info][gc,metaspace   ] GC(287) Metaspace: 9929K(10240K)->9929K(10240K) NonClass: 8628K(8832K)->8628K(8832K) Class: 1300K(1408K)->1300K(1408K)
[168.399s][info][gc             ] GC(287) Pause Young (Allocation Failure) 84M->8M(1443M) 1.414ms
[168.399s][info][gc,cpu         ] GC(287) User=0.00s Sys=0.00s Real=0.00s
[168.708s][info][gc,start       ] GC(288) Pause Young (Allocation Failure)
[168.709s][info][gc,heap        ] GC(288) PSYoungGen: 79360K(79360K)->1056K(79872K) Eden: 78336K(78336K)->0K(78336K) From: 1024K(1024K)->1056K(1536K)
[168.709s][info][gc,heap        ] GC(288) ParOldGen: 7603K(1398272K)->7603K(1398272K)
[168.709s][info][gc,metaspace   ] GC(288) Metaspace: 9929K(10240K)->9929K(10240K) NonClass: 8628K(8832K)->8628K(8832K) Class: 1300K(1408K)->1300K(1408K)
[168.709s][info][gc             ] GC(288) Pause Young (Allocation Failure) 84M->8M(1443M) 1.245ms
[168.709s][info][gc,cpu         ] GC(288) User=0.00s Sys=0.00s Real=0.00s
[169.018s][info][gc,start       ] GC(289) Pause Young (Allocation Failure)
[169.019s][info][gc,heap        ] GC(289) PSYoungGen: 79392K(79872K)->1024K(79360K) Eden: 78336K(78336K)->0K(78336K) From: 1056K(1536K)->1024K(1024K)
[169.019s][info][gc,heap        ] GC(289) ParOldGen: 7603K(1398272K)->7611K(1398272K)
[169.019s][info][gc,metaspace   ] GC(289) Metaspace: 9929K(10240K)->9929K(10240K) NonClass: 8628K(8832K)->8628K(8832K) Class: 1300K(1408K)->1300K(1408K)
[169.019s][info][gc             ] GC(289) Pause Young (Allocation Failure) 84M->8M(1443M) 1.019ms
[169.020s][info][gc,cpu         ] GC(289) User=0.00s Sys=0.00s Real=0.00s
[169.332s][info][gc,start       ] GC(290) Pause Young (Allocation Failure)
[169.333s][info][gc,heap        ] GC(290) PSYoungGen: 79360K(79360K)->1056K(79872K) Eden: 78336K(78336K)->0K(78336K) From: 1024K(1024K)->1056K(1536K)
[169.333s][info][gc,heap        ] GC(290) ParOldGen: 7611K(1398272K)->7707K(1398272K)
[169.333s][info][gc,metaspace   ] GC(290) Metaspace: 9929K(10240K)->9929K(10240K) NonClass: 8628K(8832K)->8628K(8832K) Class: 1300K(1408K)->1300K(1408K)
[169.333s][info][gc             ] GC(290) Pause Young (Allocation Failure) 84M->8M(1443M) 1.135ms
[169.333s][info][gc,cpu         ] GC(290) User=0.00s Sys=0.00s Real=0.00s
[169.644s][info][gc,start       ] GC(291) Pause Young (Allocation Failure)
[169.645s][info][gc,heap        ] GC(291) PSYoungGen: 79392K(79872K)->1024K(79360K) Eden: 78336K(78336K)->0K(78336K) From: 1056K(1536K)->1024K(1024K)
[169.645s][info][gc,heap        ] GC(291) ParOldGen: 7707K(1398272K)->7723K(1398272K)
[169.645s][info][gc,metaspace   ] GC(291) Metaspace: 9929K(10240K)->9929K(10240K) NonClass: 8628K(8832K)->8628K(8832K) Class: 1300K(1408K)->1300K(1408K)
[169.645s][info][gc             ] GC(291) Pause Young (Allocation Failure) 85M->8M(1443M) 1.078ms
[169.645s][info][gc,cpu         ] GC(291) User=0.02s Sys=0.00s Real=0.02s
[169.957s][info][gc,start       ] GC(292) Pause Young (Allocation Failure)
[169.959s][info][gc,heap        ] GC(292) PSYoungGen: 79360K(79360K)->1024K(79360K) Eden: 78336K(78336K)->0K(78336K) From: 1024K(1024K)->1024K(1024K)
[169.959s][info][gc,heap        ] GC(292) ParOldGen: 7723K(1398272K)->7995K(1398272K)
[169.959s][info][gc,metaspace   ] GC(292) Metaspace: 9929K(10240K)->9929K(10240K) NonClass: 8628K(8832K)->8628K(8832K) Class: 1300K(1408K)->1300K(1408K)
[169.959s][info][gc             ] GC(292) Pause Young (Allocation Failure) 85M->8M(1443M) 1.431ms
[169.959s][info][gc,cpu         ] GC(292) User=0.00s Sys=0.00s Real=0.00s
[170.266s][info][gc,start       ] GC(293) Pause Young (Allocation Failure)
[170.267s][info][gc,heap        ] GC(293) PSYoungGen: 79360K(79360K)->1056K(79872K) Eden: 78336K(78336K)->0K(78336K) From: 1024K(1024K)->1056K(1536K)
[170.267s][info][gc,heap        ] GC(293) ParOldGen: 7995K(1398272K)->7995K(1398272K)
[170.267s][info][gc,metaspace   ] GC(293) Metaspace: 9929K(10240K)->9929K(10240K) NonClass: 8628K(8832K)->8628K(8832K) Class: 1300K(1408K)->1300K(1408K)
[170.267s][info][gc             ] GC(293) Pause Young (Allocation Failure) 85M->8M(1443M) 1.057ms
[170.267s][info][gc,cpu         ] GC(293) User=0.00s Sys=0.00s Real=0.00s
[170.571s][info][gc,start       ] GC(294) Pause Young (Allocation Failure)
[170.573s][info][gc,heap        ] GC(294) PSYoungGen: 79392K(79872K)->1056K(79872K) Eden: 78336K(78336K)->0K(78336K) From: 1056K(1536K)->1056K(1536K)
[170.573s][info][gc,heap        ] GC(294) ParOldGen: 7995K(1398272K)->8075K(1398272K)
[170.573s][info][gc,metaspace   ] GC(294) Metaspace: 9929K(10240K)->9929K(10240K) NonClass: 8628K(8832K)->8628K(8832K) Class: 1300K(1408K)->1300K(1408K)
[170.573s][info][gc             ] GC(294) Pause Young (Allocation Failure) 85M->8M(1443M) 2.405ms
[170.573s][info][gc,cpu         ] GC(294) User=0.00s Sys=0.00s Real=0.00s
[170.879s][info][gc,start       ] GC(295) Pause Young (Allocation Failure)
[170.880s][info][gc,heap        ] GC(295) PSYoungGen: 79392K(79872K)->512K(78848K) Eden: 78336K(78336K)->0K(78336K) From: 1056K(1536K)->512K(512K)
[170.880s][info][gc,heap        ] GC(295) ParOldGen: 8075K(1398272K)->8779K(1398272K)
[170.880s][info][gc,metaspace   ] GC(295) Metaspace: 9929K(10240K)->9929K(10240K) NonClass: 8628K(8832K)->8628K(8832K) Class: 1300K(1408K)->1300K(1408K)
[170.880s][info][gc             ] GC(295) Pause Young (Allocation Failure) 85M->9M(1442M) 1.303ms
[170.880s][info][gc,cpu         ] GC(295) User=0.00s Sys=0.00s Real=0.00s
[171.195s][info][gc,start       ] GC(296) Pause Young (Allocation Failure)
[171.197s][info][gc,heap        ] GC(296) PSYoungGen: 78848K(78848K)->1056K(79872K) Eden: 78336K(78336K)->0K(78336K) From: 512K(512K)->1056K(1536K)
[171.197s][info][gc,heap        ] GC(296) ParOldGen: 8779K(1398272K)->9411K(1398272K)
[171.197s][info][gc,metaspace   ] GC(296) Metaspace: 9929K(10240K)->9929K(10240K) NonClass: 8628K(8832K)->8628K(8832K) Class: 1300K(1408K)->1300K(1408K)
[171.197s][info][gc             ] GC(296) Pause Young (Allocation Failure) 85M->10M(1443M) 1.509ms
[171.197s][info][gc,cpu         ] GC(296) User=0.00s Sys=0.02s Real=0.02s
[171.507s][info][gc,start       ] GC(297) Pause Young (Allocation Failure)
[171.508s][info][gc,heap        ] GC(297) PSYoungGen: 79392K(79872K)->1056K(79872K) Eden: 78336K(78336K)->0K(78336K) From: 1056K(1536K)->1056K(1536K)
[171.508s][info][gc,heap        ] GC(297) ParOldGen: 9411K(1398272K)->9499K(1398272K)
[171.508s][info][gc,metaspace   ] GC(297) Metaspace: 9929K(10240K)->9929K(10240K) NonClass: 8628K(8832K)->8628K(8832K) Class: 1300K(1408K)->1300K(1408K)
[171.508s][info][gc             ] GC(297) Pause Young (Allocation Failure) 86M->10M(1443M) 0.989ms
[171.508s][info][gc,cpu         ] GC(297) User=0.00s Sys=0.00s Real=0.00s
[171.776s][info][gc,start       ] GC(298) Pause Young (System.gc())
[171.777s][info][gc,heap        ] GC(298) PSYoungGen: 69728K(79872K)->1056K(79872K) Eden: 68672K(78336K)->0K(78336K) From: 1056K(1536K)->1056K(1536K)
[171.777s][info][gc,heap        ] GC(298) ParOldGen: 9499K(1398272K)->9499K(1398272K)
[171.777s][info][gc,metaspace   ] GC(298) Metaspace: 9929K(10240K)->9929K(10240K) NonClass: 8628K(8832K)->8628K(8832K) Class: 1300K(1408K)->1300K(1408K)
[171.777s][info][gc             ] GC(298) Pause Young (System.gc()) 77M->10M(1443M) 1.549ms
[171.777s][info][gc,cpu         ] GC(298) User=0.00s Sys=0.00s Real=0.00s
[171.777s][info][gc,start       ] GC(299) Pause Full (System.gc())
[171.777s][info][gc,phases,start] GC(299) Marking Phase
[171.793s][info][gc,phases      ] GC(299) Marking Phase 16.110ms
[171.794s][info][gc,phases,start] GC(299) Summary Phase
[171.794s][info][gc,phases      ] GC(299) Summary Phase 0.023ms
[171.794s][info][gc,phases,start] GC(299) Adjust Roots
[171.798s][info][gc,phases      ] GC(299) Adjust Roots 4.493ms
[171.798s][info][gc,phases,start] GC(299) Compaction Phase
[171.802s][info][gc,phases      ] GC(299) Compaction Phase 3.538ms
[171.802s][info][gc,phases,start] GC(299) Post Compact
[171.802s][info][gc,phases      ] GC(299) Post Compact 0.767ms
[171.802s][info][gc,heap        ] GC(299) PSYoungGen: 1056K(79872K)->0K(79872K) Eden: 0K(78336K)->0K(78336K) From: 1056K(1536K)->0K(1536K)
[171.802s][info][gc,heap        ] GC(299) ParOldGen: 9499K(1398272K)->4075K(1398272K)
[171.803s][info][gc,metaspace   ] GC(299) Metaspace: 9929K(10240K)->9929K(10240K) NonClass: 8628K(8832K)->8628K(8832K) Class: 1300K(1408K)->1300K(1408K)
[171.803s][info][gc             ] GC(299) Pause Full (System.gc()) 10M->3M(1443M) 25.217ms
[171.803s][info][gc,cpu         ] GC(299) User=0.53s Sys=0.00s Real=0.03s
[172.115s][info][gc,start       ] GC(300) Pause Young (Allocation Failure)
[172.117s][info][gc,heap        ] GC(300) PSYoungGen: 78336K(79872K)->512K(78848K) Eden: 78336K(78336K)->0K(78336K) From: 0K(1536K)->512K(512K)
[172.117s][info][gc,heap        ] GC(300) ParOldGen: 4075K(1398272K)->5003K(1398272K)
[172.117s][info][gc,metaspace   ] GC(300) Metaspace: 9929K(10240K)->9929K(10240K) NonClass: 8628K(8832K)->8628K(8832K) Class: 1300K(1408K)->1300K(1408K)
[172.117s][info][gc             ] GC(300) Pause Young (Allocation Failure) 80M->5M(1442M) 1.528ms
[172.117s][info][gc,cpu         ] GC(300) User=0.00s Sys=0.00s Real=0.00s
[172.430s][info][gc,start       ] GC(301) Pause Young (Allocation Failure)
[172.431s][info][gc,heap        ] GC(301) PSYoungGen: 78848K(78848K)->1536K(79872K) Eden: 78336K(78336K)->0K(78336K) From: 512K(512K)->1536K(1536K)
[172.431s][info][gc,heap        ] GC(301) ParOldGen: 5003K(1398272K)->5579K(1398272K)
[172.431s][info][gc,metaspace   ] GC(301) Metaspace: 9929K(10240K)->9929K(10240K) NonClass: 8628K(8832K)->8628K(8832K) Class: 1300K(1408K)->1300K(1408K)
[172.431s][info][gc             ] GC(301) Pause Young (Allocation Failure) 81M->6M(1443M) 1.501ms
[172.431s][info][gc,cpu         ] GC(301) User=0.00s Sys=0.00s Real=0.00s
[172.742s][info][gc,start       ] GC(302) Pause Young (Allocation Failure)
[172.743s][info][gc,heap        ] GC(302) PSYoungGen: 79872K(79872K)->960K(79360K) Eden: 78336K(78336K)->0K(78336K) From: 1536K(1536K)->960K(1024K)
[172.744s][info][gc,heap        ] GC(302) ParOldGen: 5579K(1398272K)->6219K(1398272K)
[172.744s][info][gc,metaspace   ] GC(302) Metaspace: 9929K(10240K)->9929K(10240K) NonClass: 8628K(8832K)->8628K(8832K) Class: 1300K(1408K)->1300K(1408K)
[172.744s][info][gc             ] GC(302) Pause Young (Allocation Failure) 83M->7M(1443M) 1.591ms
[172.744s][info][gc,cpu         ] GC(302) User=0.00s Sys=0.00s Real=0.00s
[173.054s][info][gc,start       ] GC(303) Pause Young (Allocation Failure)
[173.055s][info][gc,heap        ] GC(303) PSYoungGen: 79296K(79360K)->1056K(79872K) Eden: 78336K(78336K)->0K(78336K) From: 960K(1024K)->1056K(1536K)
[173.055s][info][gc,heap        ] GC(303) ParOldGen: 6219K(1398272K)->6323K(1398272K)
[173.056s][info][gc,metaspace   ] GC(303) Metaspace: 9929K(10240K)->9929K(10240K) NonClass: 8628K(8832K)->8628K(8832K) Class: 1300K(1408K)->1300K(1408K)
[173.056s][info][gc             ] GC(303) Pause Young (Allocation Failure) 83M->7M(1443M) 1.288ms
[173.056s][info][gc,cpu         ] GC(303) User=0.00s Sys=0.00s Real=0.00s
[173.368s][info][gc,start       ] GC(304) Pause Young (Allocation Failure)
[173.369s][info][gc,heap        ] GC(304) PSYoungGen: 79392K(79872K)->1216K(79872K) Eden: 78336K(78336K)->0K(78336K) From: 1056K(1536K)->1216K(1536K)
[173.369s][info][gc,heap        ] GC(304) ParOldGen: 6323K(1398272K)->6715K(1398272K)
[173.369s][info][gc,metaspace   ] GC(304) Metaspace: 9929K(10240K)->9929K(10240K) NonClass: 8628K(8832K)->8628K(8832K) Class: 1300K(1408K)->1300K(1408K)
[173.369s][info][gc             ] GC(304) Pause Young (Allocation Failure) 83M->7M(1443M) 1.350ms
[173.369s][info][gc,cpu         ] GC(304) User=0.00s Sys=0.00s Real=0.00s
[173.679s][info][gc,start       ] GC(305) Pause Young (Allocation Failure)
[173.680s][info][gc,heap        ] GC(305) PSYoungGen: 79552K(79872K)->1056K(79872K) Eden: 78336K(78336K)->0K(78336K) From: 1216K(1536K)->1056K(1536K)
[173.680s][info][gc,heap        ] GC(305) ParOldGen: 6715K(1398272K)->7187K(1398272K)
[173.680s][info][gc,metaspace   ] GC(305) Metaspace: 9929K(10240K)->9929K(10240K) NonClass: 8628K(8832K)->8628K(8832K) Class: 1300K(1408K)->1300K(1408K)
[173.680s][info][gc             ] GC(305) Pause Young (Allocation Failure) 84M->8M(1443M) 1.739ms
[173.680s][info][gc,cpu         ] GC(305) User=0.00s Sys=0.00s Real=0.00s
[173.998s][info][gc,start       ] GC(306) Pause Young (Allocation Failure)
[173.999s][info][gc,heap        ] GC(306) PSYoungGen: 79392K(79872K)->1056K(79872K) Eden: 78336K(78336K)->0K(78336K) From: 1056K(1536K)->1056K(1536K)
[173.999s][info][gc,heap        ] GC(306) ParOldGen: 7187K(1398272K)->7187K(1398272K)
[173.999s][info][gc,metaspace   ] GC(306) Metaspace: 9929K(10240K)->9929K(10240K) NonClass: 8628K(8832K)->8628K(8832K) Class: 1300K(1408K)->1300K(1408K)
[173.999s][info][gc             ] GC(306) Pause Young (Allocation Failure) 84M->8M(1443M) 1.097ms
[173.999s][info][gc,cpu         ] GC(306) User=0.00s Sys=0.00s Real=0.00s
[174.303s][info][gc,start       ] GC(307) Pause Young (Allocation Failure)
[174.304s][info][gc,heap        ] GC(307) PSYoungGen: 79392K(79872K)->1056K(79872K) Eden: 78336K(78336K)->0K(78336K) From: 1056K(1536K)->1056K(1536K)
[174.304s][info][gc,heap        ] GC(307) ParOldGen: 7187K(1398272K)->7555K(1398272K)
[174.304s][info][gc,metaspace   ] GC(307) Metaspace: 9929K(10240K)->9929K(10240K) NonClass: 8628K(8832K)->8628K(8832K) Class: 1300K(1408K)->1300K(1408K)
[174.304s][info][gc             ] GC(307) Pause Young (Allocation Failure) 84M->8M(1443M) 1.480ms
[174.304s][info][gc,cpu         ] GC(307) User=0.00s Sys=0.00s Real=0.00s
[174.609s][info][gc,start       ] GC(308) Pause Young (Allocation Failure)
[174.610s][info][gc,heap        ] GC(308) PSYoungGen: 79392K(79872K)->1120K(79872K) Eden: 78336K(78336K)->0K(78336K) From: 1056K(1536K)->1120K(1536K)
[174.610s][info][gc,heap        ] GC(308) ParOldGen: 7555K(1398272K)->7555K(1398272K)
[174.610s][info][gc,metaspace   ] GC(308) Metaspace: 9929K(10240K)->9929K(10240K) NonClass: 8628K(8832K)->8628K(8832K) Class: 1300K(1408K)->1300K(1408K)
[174.610s][info][gc             ] GC(308) Pause Young (Allocation Failure) 84M->8M(1443M) 1.096ms
[174.610s][info][gc,cpu         ] GC(308) User=0.00s Sys=0.00s Real=0.00s
[174.917s][info][gc,start       ] GC(309) Pause Young (Allocation Failure)
[174.918s][info][gc,heap        ] GC(309) PSYoungGen: 79456K(79872K)->1024K(79360K) Eden: 78336K(78336K)->0K(78336K) From: 1120K(1536K)->1024K(1024K)
[174.918s][info][gc,heap        ] GC(309) ParOldGen: 7555K(1398272K)->8083K(1398272K)
[174.918s][info][gc,metaspace   ] GC(309) Metaspace: 9929K(10240K)->9929K(10240K) NonClass: 8628K(8832K)->8628K(8832K) Class: 1300K(1408K)->1300K(1408K)
[174.918s][info][gc             ] GC(309) Pause Young (Allocation Failure) 84M->8M(1443M) 1.652ms
[174.918s][info][gc,cpu         ] GC(309) User=0.00s Sys=0.00s Real=0.00s
[175.237s][info][gc,start       ] GC(310) Pause Young (Allocation Failure)
[175.238s][info][gc,heap        ] GC(310) PSYoungGen: 79360K(79360K)->1056K(79872K) Eden: 78336K(78336K)->0K(78336K) From: 1024K(1024K)->1056K(1536K)
[175.239s][info][gc,heap        ] GC(310) ParOldGen: 8083K(1398272K)->8083K(1398272K)
[175.239s][info][gc,metaspace   ] GC(310) Metaspace: 9929K(10240K)->9929K(10240K) NonClass: 8628K(8832K)->8628K(8832K) Class: 1300K(1408K)->1300K(1408K)
[175.239s][info][gc             ] GC(310) Pause Young (Allocation Failure) 85M->8M(1443M) 1.250ms
[175.239s][info][gc,cpu         ] GC(310) User=0.00s Sys=0.00s Real=0.00s
[175.536s][info][gc,start       ] GC(311) Pause Young (Allocation Failure)
[175.537s][info][gc,heap        ] GC(311) PSYoungGen: 79392K(79872K)->1056K(79872K) Eden: 78336K(78336K)->0K(78336K) From: 1056K(1536K)->1056K(1536K)
[175.537s][info][gc,heap        ] GC(311) ParOldGen: 8083K(1398272K)->8083K(1398272K)
[175.537s][info][gc,metaspace   ] GC(311) Metaspace: 9929K(10240K)->9929K(10240K) NonClass: 8628K(8832K)->8628K(8832K) Class: 1300K(1408K)->1300K(1408K)
[175.537s][info][gc             ] GC(311) Pause Young (Allocation Failure) 85M->8M(1443M) 1.130ms
[175.537s][info][gc,cpu         ] GC(311) User=0.00s Sys=0.00s Real=0.00s
[175.850s][info][gc,start       ] GC(312) Pause Young (Allocation Failure)
[175.851s][info][gc,heap        ] GC(312) PSYoungGen: 79392K(79872K)->512K(78848K) Eden: 78336K(78336K)->0K(78336K) From: 1056K(1536K)->512K(512K)
[175.851s][info][gc,heap        ] GC(312) ParOldGen: 8083K(1398272K)->8347K(1398272K)
[175.851s][info][gc,metaspace   ] GC(312) Metaspace: 9929K(10240K)->9929K(10240K) NonClass: 8628K(8832K)->8628K(8832K) Class: 1300K(1408K)->1300K(1408K)
[175.851s][info][gc             ] GC(312) Pause Young (Allocation Failure) 85M->8M(1442M) 1.106ms
[175.851s][info][gc,cpu         ] GC(312) User=0.00s Sys=0.00s Real=0.00s
[176.169s][info][gc,start       ] GC(313) Pause Young (Allocation Failure)
[176.171s][info][gc,heap        ] GC(313) PSYoungGen: 78848K(78848K)->1120K(79872K) Eden: 78336K(78336K)->0K(78336K) From: 512K(512K)->1120K(1536K)
[176.172s][info][gc,heap        ] GC(313) ParOldGen: 8347K(1398272K)->8723K(1398272K)
[176.172s][info][gc,metaspace   ] GC(313) Metaspace: 9929K(10240K)->9929K(10240K) NonClass: 8628K(8832K)->8628K(8832K) Class: 1300K(1408K)->1300K(1408K)
[176.172s][info][gc             ] GC(313) Pause Young (Allocation Failure) 85M->9M(1443M) 2.102ms
[176.172s][info][gc,cpu         ] GC(313) User=0.00s Sys=0.00s Real=0.00s
[176.487s][info][gc,start       ] GC(314) Pause Young (Allocation Failure)
[176.488s][info][gc,heap        ] GC(314) PSYoungGen: 79456K(79872K)->1056K(79872K) Eden: 78336K(78336K)->0K(78336K) From: 1120K(1536K)->1056K(1536K)
[176.488s][info][gc,heap        ] GC(314) ParOldGen: 8723K(1398272K)->8899K(1398272K)
[176.488s][info][gc,metaspace   ] GC(314) Metaspace: 9929K(10240K)->9929K(10240K) NonClass: 8628K(8832K)->8628K(8832K) Class: 1300K(1408K)->1300K(1408K)
[176.488s][info][gc             ] GC(314) Pause Young (Allocation Failure) 86M->9M(1443M) 1.129ms
[176.488s][info][gc,cpu         ] GC(314) User=0.00s Sys=0.00s Real=0.00s
[176.794s][info][gc,start       ] GC(315) Pause Young (Allocation Failure)
[176.795s][info][gc,heap        ] GC(315) PSYoungGen: 79392K(79872K)->1056K(79872K) Eden: 78336K(78336K)->0K(78336K) From: 1056K(1536K)->1056K(1536K)
[176.796s][info][gc,heap        ] GC(315) ParOldGen: 8899K(1398272K)->8899K(1398272K)
[176.796s][info][gc,metaspace   ] GC(315) Metaspace: 9929K(10240K)->9929K(10240K) NonClass: 8628K(8832K)->8628K(8832K) Class: 1300K(1408K)->1300K(1408K)
[176.796s][info][gc             ] GC(315) Pause Young (Allocation Failure) 86M->9M(1443M) 1.262ms
[176.796s][info][gc,cpu         ] GC(315) User=0.00s Sys=0.00s Real=0.00s
[177.113s][info][gc,start       ] GC(316) Pause Young (Allocation Failure)
[177.116s][info][gc,heap        ] GC(316) PSYoungGen: 79392K(79872K)->512K(78848K) Eden: 78336K(78336K)->0K(78336K) From: 1056K(1536K)->512K(512K)
[177.116s][info][gc,heap        ] GC(316) ParOldGen: 8899K(1398272K)->9139K(1398272K)
[177.116s][info][gc,metaspace   ] GC(316) Metaspace: 9929K(10240K)->9929K(10240K) NonClass: 8628K(8832K)->8628K(8832K) Class: 1300K(1408K)->1300K(1408K)
[177.116s][info][gc             ] GC(316) Pause Young (Allocation Failure) 86M->9M(1442M) 3.679ms
[177.116s][info][gc,cpu         ] GC(316) User=0.00s Sys=0.00s Real=0.00s
[177.427s][info][gc,start       ] GC(317) Pause Young (Allocation Failure)
[177.429s][info][gc,heap        ] GC(317) PSYoungGen: 78848K(78848K)->992K(79872K) Eden: 78336K(78336K)->0K(78336K) From: 512K(512K)->992K(1536K)
[177.429s][info][gc,heap        ] GC(317) ParOldGen: 9139K(1398272K)->9459K(1398272K)
[177.429s][info][gc,metaspace   ] GC(317) Metaspace: 9929K(10240K)->9929K(10240K) NonClass: 8628K(8832K)->8628K(8832K) Class: 1300K(1408K)->1300K(1408K)
[177.429s][info][gc             ] GC(317) Pause Young (Allocation Failure) 85M->10M(1443M) 2.013ms
[177.429s][info][gc,cpu         ] GC(317) User=0.00s Sys=0.00s Real=0.00s
[177.743s][info][gc,start       ] GC(318) Pause Young (Allocation Failure)
[177.744s][info][gc,heap        ] GC(318) PSYoungGen: 79328K(79872K)->1056K(79872K) Eden: 78336K(78336K)->0K(78336K) From: 992K(1536K)->1056K(1536K)
[177.744s][info][gc,heap        ] GC(318) ParOldGen: 9459K(1398272K)->9555K(1398272K)
[177.744s][info][gc,metaspace   ] GC(318) Metaspace: 9929K(10240K)->9929K(10240K) NonClass: 8628K(8832K)->8628K(8832K) Class: 1300K(1408K)->1300K(1408K)
[177.744s][info][gc             ] GC(318) Pause Young (Allocation Failure) 86M->10M(1443M) 1.034ms
[177.744s][info][gc,cpu         ] GC(318) User=0.00s Sys=0.00s Real=0.00s
[178.056s][info][gc,start       ] GC(319) Pause Young (Allocation Failure)
[178.057s][info][gc,heap        ] GC(319) PSYoungGen: 79392K(79872K)->1056K(79872K) Eden: 78336K(78336K)->0K(78336K) From: 1056K(1536K)->1056K(1536K)
[178.057s][info][gc,heap        ] GC(319) ParOldGen: 9555K(1398272K)->9667K(1398272K)
[178.058s][info][gc,metaspace   ] GC(319) Metaspace: 9929K(10240K)->9929K(10240K) NonClass: 8628K(8832K)->8628K(8832K) Class: 1300K(1408K)->1300K(1408K)
[178.058s][info][gc             ] GC(319) Pause Young (Allocation Failure) 86M->10M(1443M) 1.291ms
[178.058s][info][gc,cpu         ] GC(319) User=0.00s Sys=0.00s Real=0.00s
[178.366s][info][gc,start       ] GC(320) Pause Young (System.gc())
[178.367s][info][gc,heap        ] GC(320) PSYoungGen: 77842K(79872K)->512K(78848K) Eden: 76786K(78336K)->0K(78336K) From: 1056K(1536K)->512K(512K)
[178.367s][info][gc,heap        ] GC(320) ParOldGen: 9667K(1398272K)->10091K(1398272K)
[178.367s][info][gc,metaspace   ] GC(320) Metaspace: 9932K(10240K)->9932K(10240K) NonClass: 8631K(8832K)->8631K(8832K) Class: 1300K(1408K)->1300K(1408K)
[178.367s][info][gc             ] GC(320) Pause Young (System.gc()) 85M->10M(1442M) 1.277ms
[178.367s][info][gc,cpu         ] GC(320) User=0.00s Sys=0.00s Real=0.00s
[178.368s][info][gc,start       ] GC(321) Pause Full (System.gc())
[178.368s][info][gc,phases,start] GC(321) Marking Phase
[178.383s][info][gc,phases      ] GC(321) Marking Phase 15.752ms
[178.383s][info][gc,phases,start] GC(321) Summary Phase
[178.383s][info][gc,phases      ] GC(321) Summary Phase 0.023ms
[178.384s][info][gc,phases,start] GC(321) Adjust Roots
[178.387s][info][gc,phases      ] GC(321) Adjust Roots 3.705ms
[178.387s][info][gc,phases,start] GC(321) Compaction Phase
[178.390s][info][gc,phases      ] GC(321) Compaction Phase 3.211ms
[178.390s][info][gc,phases,start] GC(321) Post Compact
[178.391s][info][gc,phases      ] GC(321) Post Compact 0.738ms
[178.391s][info][gc,heap        ] GC(321) PSYoungGen: 512K(78848K)->0K(78848K) Eden: 0K(78336K)->0K(78336K) From: 512K(512K)->0K(512K)
[178.391s][info][gc,heap        ] GC(321) ParOldGen: 10091K(1398272K)->4075K(1398272K)
[178.391s][info][gc,metaspace   ] GC(321) Metaspace: 9932K(10240K)->9932K(10240K) NonClass: 8631K(8832K)->8631K(8832K) Class: 1300K(1408K)->1300K(1408K)
[178.391s][info][gc             ] GC(321) Pause Full (System.gc()) 10M->3M(1442M) 23.692ms
[178.391s][info][gc,cpu         ] GC(321) User=0.53s Sys=0.00s Real=0.03s
[178.708s][info][gc,start       ] GC(322) Pause Young (Allocation Failure)
[178.709s][info][gc,heap        ] GC(322) PSYoungGen: 78336K(78848K)->1536K(79872K) Eden: 78336K(78336K)->0K(78336K) From: 0K(512K)->1536K(1536K)
[178.709s][info][gc,heap        ] GC(322) ParOldGen: 4075K(1398272K)->4171K(1398272K)
[178.709s][info][gc,metaspace   ] GC(322) Metaspace: 9932K(10240K)->9932K(10240K) NonClass: 8631K(8832K)->8631K(8832K) Class: 1300K(1408K)->1300K(1408K)
[178.709s][info][gc             ] GC(322) Pause Young (Allocation Failure) 80M->5M(1443M) 1.234ms
[178.709s][info][gc,cpu         ] GC(322) User=0.00s Sys=0.00s Real=0.00s
[179.026s][info][gc,start       ] GC(323) Pause Young (Allocation Failure)
[179.027s][info][gc,heap        ] GC(323) PSYoungGen: 79872K(79872K)->1504K(79872K) Eden: 78336K(78336K)->0K(78336K) From: 1536K(1536K)->1504K(1536K)
[179.027s][info][gc,heap        ] GC(323) ParOldGen: 4171K(1398272K)->4571K(1398272K)
[179.027s][info][gc,metaspace   ] GC(323) Metaspace: 9932K(10240K)->9932K(10240K) NonClass: 8631K(8832K)->8631K(8832K) Class: 1300K(1408K)->1300K(1408K)
[179.027s][info][gc             ] GC(323) Pause Young (Allocation Failure) 82M->5M(1443M) 1.238ms
[179.027s][info][gc,cpu         ] GC(323) User=0.00s Sys=0.00s Real=0.00s
[179.346s][info][gc,start       ] GC(324) Pause Young (Allocation Failure)
[179.347s][info][gc,heap        ] GC(324) PSYoungGen: 79840K(79872K)->1184K(79872K) Eden: 78336K(78336K)->0K(78336K) From: 1504K(1536K)->1184K(1536K)
[179.347s][info][gc,heap        ] GC(324) ParOldGen: 4571K(1398272K)->4915K(1398272K)
[179.348s][info][gc,metaspace   ] GC(324) Metaspace: 9932K(10240K)->9932K(10240K) NonClass: 8631K(8832K)->8631K(8832K) Class: 1300K(1408K)->1300K(1408K)
[179.348s][info][gc             ] GC(324) Pause Young (Allocation Failure) 82M->5M(1443M) 1.520ms
[179.348s][info][gc,cpu         ] GC(324) User=0.00s Sys=0.02s Real=0.02s
[179.662s][info][gc,start       ] GC(325) Pause Young (Allocation Failure)
[179.663s][info][gc,heap        ] GC(325) PSYoungGen: 79520K(79872K)->1440K(79872K) Eden: 78336K(78336K)->0K(78336K) From: 1184K(1536K)->1440K(1536K)
[179.663s][info][gc,heap        ] GC(325) ParOldGen: 4915K(1398272K)->5307K(1398272K)
[179.663s][info][gc,metaspace   ] GC(325) Metaspace: 9932K(10240K)->9932K(10240K) NonClass: 8631K(8832K)->8631K(8832K) Class: 1300K(1408K)->1300K(1408K)
[179.663s][info][gc             ] GC(325) Pause Young (Allocation Failure) 82M->6M(1443M) 1.168ms
[179.663s][info][gc,cpu         ] GC(325) User=0.00s Sys=0.00s Real=0.00s
[179.974s][info][gc,start       ] GC(326) Pause Young (Allocation Failure)
[179.976s][info][gc,heap        ] GC(326) PSYoungGen: 79776K(79872K)->1248K(79872K) Eden: 78336K(78336K)->0K(78336K) From: 1440K(1536K)->1248K(1536K)
[179.976s][info][gc,heap        ] GC(326) ParOldGen: 5307K(1398272K)->5779K(1398272K)
[179.976s][info][gc,metaspace   ] GC(326) Metaspace: 9932K(10240K)->9932K(10240K) NonClass: 8631K(8832K)->8631K(8832K) Class: 1300K(1408K)->1300K(1408K)
[179.976s][info][gc             ] GC(326) Pause Young (Allocation Failure) 83M->6M(1443M) 1.486ms
[179.976s][info][gc,cpu         ] GC(326) User=0.00s Sys=0.00s Real=0.00s
[180.289s][info][gc,start       ] GC(327) Pause Young (Allocation Failure)
[180.290s][info][gc,heap        ] GC(327) PSYoungGen: 79584K(79872K)->992K(79360K) Eden: 78336K(78336K)->0K(78336K) From: 1248K(1536K)->992K(1024K)
[180.290s][info][gc,heap        ] GC(327) ParOldGen: 5779K(1398272K)->6131K(1398272K)
[180.290s][info][gc,metaspace   ] GC(327) Metaspace: 9932K(10240K)->9932K(10240K) NonClass: 8631K(8832K)->8631K(8832K) Class: 1300K(1408K)->1300K(1408K)
[180.290s][info][gc             ] GC(327) Pause Young (Allocation Failure) 83M->6M(1443M) 1.321ms
[180.290s][info][gc,cpu         ] GC(327) User=0.00s Sys=0.00s Real=0.00s
[180.603s][info][gc,start       ] GC(328) Pause Young (Allocation Failure)
[180.604s][info][gc,heap        ] GC(328) PSYoungGen: 79328K(79360K)->1056K(79872K) Eden: 78336K(78336K)->0K(78336K) From: 992K(1024K)->1056K(1536K)
[180.604s][info][gc,heap        ] GC(328) ParOldGen: 6131K(1398272K)->6131K(1398272K)
[180.604s][info][gc,metaspace   ] GC(328) Metaspace: 9932K(10240K)->9932K(10240K) NonClass: 8631K(8832K)->8631K(8832K) Class: 1300K(1408K)->1300K(1408K)
[180.604s][info][gc             ] GC(328) Pause Young (Allocation Failure) 83M->7M(1443M) 1.158ms
[180.604s][info][gc,cpu         ] GC(328) User=0.00s Sys=0.00s Real=0.00s
[180.914s][info][gc,start       ] GC(329) Pause Young (Allocation Failure)
[180.915s][info][gc,heap        ] GC(329) PSYoungGen: 79392K(79872K)->960K(79360K) Eden: 78336K(78336K)->0K(78336K) From: 1056K(1536K)->960K(1024K)
[180.915s][info][gc,heap        ] GC(329) ParOldGen: 6131K(1398272K)->6515K(1398272K)
[180.915s][info][gc,metaspace   ] GC(329) Metaspace: 9932K(10240K)->9932K(10240K) NonClass: 8631K(8832K)->8631K(8832K) Class: 1300K(1408K)->1300K(1408K)
[180.915s][info][gc             ] GC(329) Pause Young (Allocation Failure) 83M->7M(1443M) 1.368ms
[180.915s][info][gc,cpu         ] GC(329) User=0.00s Sys=0.00s Real=0.00s
[181.229s][info][gc,start       ] GC(330) Pause Young (Allocation Failure)
[181.230s][info][gc,heap        ] GC(330) PSYoungGen: 79296K(79360K)->1056K(79872K) Eden: 78336K(78336K)->0K(78336K) From: 960K(1024K)->1056K(1536K)
[181.230s][info][gc,heap        ] GC(330) ParOldGen: 6515K(1398272K)->6515K(1398272K)
[181.230s][info][gc,metaspace   ] GC(330) Metaspace: 9932K(10240K)->9932K(10240K) NonClass: 8631K(8832K)->8631K(8832K) Class: 1300K(1408K)->1300K(1408K)
[181.230s][info][gc             ] GC(330) Pause Young (Allocation Failure) 83M->7M(1443M) 1.159ms
[181.230s][info][gc,cpu         ] GC(330) User=0.00s Sys=0.00s Real=0.00s
[181.536s][info][gc,start       ] GC(331) Pause Young (Allocation Failure)
[181.537s][info][gc,heap        ] GC(331) PSYoungGen: 79392K(79872K)->1056K(79872K) Eden: 78336K(78336K)->0K(78336K) From: 1056K(1536K)->1056K(1536K)
[181.537s][info][gc,heap        ] GC(331) ParOldGen: 6515K(1398272K)->6795K(1398272K)
[181.537s][info][gc,metaspace   ] GC(331) Metaspace: 9932K(10240K)->9932K(10240K) NonClass: 8631K(8832K)->8631K(8832K) Class: 1300K(1408K)->1300K(1408K)
[181.537s][info][gc             ] GC(331) Pause Young (Allocation Failure) 83M->7M(1443M) 1.248ms
[181.537s][info][gc,cpu         ] GC(331) User=0.00s Sys=0.00s Real=0.00s
[181.845s][info][gc,start       ] GC(332) Pause Young (Allocation Failure)
[181.846s][info][gc,heap        ] GC(332) PSYoungGen: 79392K(79872K)->1056K(79872K) Eden: 78336K(78336K)->0K(78336K) From: 1056K(1536K)->1056K(1536K)
[181.846s][info][gc,heap        ] GC(332) ParOldGen: 6795K(1398272K)->6795K(1398272K)
[181.846s][info][gc,metaspace   ] GC(332) Metaspace: 9932K(10240K)->9932K(10240K) NonClass: 8631K(8832K)->8631K(8832K) Class: 1300K(1408K)->1300K(1408K)
[181.846s][info][gc             ] GC(332) Pause Young (Allocation Failure) 84M->7M(1443M) 1.316ms
[181.846s][info][gc,cpu         ] GC(332) User=0.00s Sys=0.00s Real=0.00s
[182.158s][info][gc,start       ] GC(333) Pause Young (Allocation Failure)
[182.159s][info][gc,heap        ] GC(333) PSYoungGen: 79392K(79872K)->512K(78848K) Eden: 78336K(78336K)->0K(78336K) From: 1056K(1536K)->512K(512K)
[182.159s][info][gc,heap        ] GC(333) ParOldGen: 6795K(1398272K)->7019K(1398272K)
[182.159s][info][gc,metaspace   ] GC(333) Metaspace: 9932K(10240K)->9932K(10240K) NonClass: 8631K(8832K)->8631K(8832K) Class: 1300K(1408K)->1300K(1408K)
[182.159s][info][gc             ] GC(333) Pause Young (Allocation Failure) 84M->7M(1442M) 1.040ms
[182.160s][info][gc,cpu         ] GC(333) User=0.00s Sys=0.00s Real=0.00s
[182.467s][info][gc,start       ] GC(334) Pause Young (Allocation Failure)
[182.469s][info][gc,heap        ] GC(334) PSYoungGen: 78848K(78848K)->960K(79872K) Eden: 78336K(78336K)->0K(78336K) From: 512K(512K)->960K(1536K)
[182.469s][info][gc,heap        ] GC(334) ParOldGen: 7019K(1398272K)->7339K(1398272K)
[182.469s][info][gc,metaspace   ] GC(334) Metaspace: 9932K(10240K)->9932K(10240K) NonClass: 8631K(8832K)->8631K(8832K) Class: 1300K(1408K)->1300K(1408K)
[182.469s][info][gc             ] GC(334) Pause Young (Allocation Failure) 83M->8M(1443M) 1.750ms
[182.469s][info][gc,cpu         ] GC(334) User=0.00s Sys=0.00s Real=0.00s
[182.774s][info][gc,start       ] GC(335) Pause Young (Allocation Failure)
[182.775s][info][gc,heap        ] GC(335) PSYoungGen: 79296K(79872K)->1056K(79872K) Eden: 78336K(78336K)->0K(78336K) From: 960K(1536K)->1056K(1536K)
[182.775s][info][gc,heap        ] GC(335) ParOldGen: 7339K(1398272K)->7435K(1398272K)
[182.775s][info][gc,metaspace   ] GC(335) Metaspace: 9932K(10240K)->9932K(10240K) NonClass: 8631K(8832K)->8631K(8832K) Class: 1300K(1408K)->1300K(1408K)
[182.775s][info][gc             ] GC(335) Pause Young (Allocation Failure) 84M->8M(1443M) 1.115ms
[182.775s][info][gc,cpu         ] GC(335) User=0.00s Sys=0.00s Real=0.00s
[183.079s][info][gc,start       ] GC(336) Pause Young (Allocation Failure)
[183.080s][info][gc,heap        ] GC(336) PSYoungGen: 79392K(79872K)->1056K(79872K) Eden: 78336K(78336K)->0K(78336K) From: 1056K(1536K)->1056K(1536K)
[183.080s][info][gc,heap        ] GC(336) ParOldGen: 7435K(1398272K)->7435K(1398272K)
[183.080s][info][gc,metaspace   ] GC(336) Metaspace: 9932K(10240K)->9932K(10240K) NonClass: 8631K(8832K)->8631K(8832K) Class: 1300K(1408K)->1300K(1408K)
[183.080s][info][gc             ] GC(336) Pause Young (Allocation Failure) 84M->8M(1443M) 1.396ms
[183.080s][info][gc,cpu         ] GC(336) User=0.52s Sys=0.00s Real=0.02s
[183.387s][info][gc,start       ] GC(337) Pause Young (Allocation Failure)
[183.388s][info][gc,heap        ] GC(337) PSYoungGen: 79392K(79872K)->512K(78848K) Eden: 78336K(78336K)->0K(78336K) From: 1056K(1536K)->512K(512K)
[183.388s][info][gc,heap        ] GC(337) ParOldGen: 7435K(1398272K)->7659K(1398272K)
[183.388s][info][gc,metaspace   ] GC(337) Metaspace: 9932K(10240K)->9932K(10240K) NonClass: 8631K(8832K)->8631K(8832K) Class: 1300K(1408K)->1300K(1408K)
[183.388s][info][gc             ] GC(337) Pause Young (Allocation Failure) 84M->7M(1442M) 1.073ms
[183.388s][info][gc,cpu         ] GC(337) User=0.00s Sys=0.00s Real=0.00s
[183.695s][info][gc,start       ] GC(338) Pause Young (Allocation Failure)
[183.697s][info][gc,heap        ] GC(338) PSYoungGen: 78848K(78848K)->1056K(79872K) Eden: 78336K(78336K)->0K(78336K) From: 512K(512K)->1056K(1536K)
[183.697s][info][gc,heap        ] GC(338) ParOldGen: 7659K(1398272K)->8067K(1398272K)
[183.697s][info][gc,metaspace   ] GC(338) Metaspace: 9932K(10240K)->9932K(10240K) NonClass: 8631K(8832K)->8631K(8832K) Class: 1300K(1408K)->1300K(1408K)
[183.697s][info][gc             ] GC(338) Pause Young (Allocation Failure) 84M->8M(1443M) 1.730ms
[183.697s][info][gc,cpu         ] GC(338) User=0.00s Sys=0.00s Real=0.00s
[184.009s][info][gc,start       ] GC(339) Pause Young (Allocation Failure)
[184.010s][info][gc,heap        ] GC(339) PSYoungGen: 79392K(79872K)->1056K(79872K) Eden: 78336K(78336K)->0K(78336K) From: 1056K(1536K)->1056K(1536K)
[184.010s][info][gc,heap        ] GC(339) ParOldGen: 8067K(1398272K)->8211K(1398272K)
[184.010s][info][gc,metaspace   ] GC(339) Metaspace: 9932K(10240K)->9932K(10240K) NonClass: 8631K(8832K)->8631K(8832K) Class: 1300K(1408K)->1300K(1408K)
[184.010s][info][gc             ] GC(339) Pause Young (Allocation Failure) 85M->9M(1443M) 1.089ms
[184.010s][info][gc,cpu         ] GC(339) User=0.00s Sys=0.00s Real=0.00s
[184.313s][info][gc,start       ] GC(340) Pause Young (Allocation Failure)
[184.314s][info][gc,heap        ] GC(340) PSYoungGen: 79392K(79872K)->1056K(79872K) Eden: 78336K(78336K)->0K(78336K) From: 1056K(1536K)->1056K(1536K)
[184.314s][info][gc,heap        ] GC(340) ParOldGen: 8211K(1398272K)->8211K(1398272K)
[184.314s][info][gc,metaspace   ] GC(340) Metaspace: 9932K(10240K)->9932K(10240K) NonClass: 8631K(8832K)->8631K(8832K) Class: 1300K(1408K)->1300K(1408K)
[184.314s][info][gc             ] GC(340) Pause Young (Allocation Failure) 85M->9M(1443M) 1.405ms
[184.314s][info][gc,cpu         ] GC(340) User=0.52s Sys=0.00s Real=0.02s
[184.626s][info][gc,start       ] GC(341) Pause Young (Allocation Failure)
[184.627s][info][gc,heap        ] GC(341) PSYoungGen: 79392K(79872K)->512K(78848K) Eden: 78336K(78336K)->0K(78336K) From: 1056K(1536K)->512K(512K)
[184.627s][info][gc,heap        ] GC(341) ParOldGen: 8211K(1398272K)->8467K(1398272K)
[184.627s][info][gc,metaspace   ] GC(341) Metaspace: 9932K(10240K)->9932K(10240K) NonClass: 8631K(8832K)->8631K(8832K) Class: 1300K(1408K)->1300K(1408K)
[184.627s][info][gc             ] GC(341) Pause Young (Allocation Failure) 85M->8M(1442M) 1.105ms
[184.627s][info][gc,cpu         ] GC(341) User=0.00s Sys=0.00s Real=0.00s
[184.931s][info][gc,start       ] GC(342) Pause Young (System.gc())
[184.933s][info][gc,heap        ] GC(342) PSYoungGen: 76529K(78848K)->1056K(79872K) Eden: 76017K(78336K)->0K(78336K) From: 512K(512K)->1056K(1536K)
[184.933s][info][gc,heap        ] GC(342) ParOldGen: 8467K(1398272K)->8843K(1398272K)
[184.933s][info][gc,metaspace   ] GC(342) Metaspace: 9932K(10240K)->9932K(10240K) NonClass: 8631K(8832K)->8631K(8832K) Class: 1300K(1408K)->1300K(1408K)
[184.933s][info][gc             ] GC(342) Pause Young (System.gc()) 83M->9M(1443M) 2.209ms
[184.933s][info][gc,cpu         ] GC(342) User=0.00s Sys=0.00s Real=0.00s
[184.933s][info][gc,start       ] GC(343) Pause Full (System.gc())
[184.933s][info][gc,phases,start] GC(343) Marking Phase
[184.950s][info][gc,phases      ] GC(343) Marking Phase 16.748ms
[184.950s][info][gc,phases,start] GC(343) Summary Phase
[184.950s][info][gc,phases      ] GC(343) Summary Phase 0.020ms
[184.950s][info][gc,phases,start] GC(343) Adjust Roots
[184.953s][info][gc,phases      ] GC(343) Adjust Roots 2.767ms
[184.953s][info][gc,phases,start] GC(343) Compaction Phase
[184.957s][info][gc,phases      ] GC(343) Compaction Phase 4.297ms
[184.957s][info][gc,phases,start] GC(343) Post Compact
[184.958s][info][gc,phases      ] GC(343) Post Compact 0.746ms
[184.958s][info][gc,heap        ] GC(343) PSYoungGen: 1056K(79872K)->0K(79872K) Eden: 0K(78336K)->0K(78336K) From: 1056K(1536K)->0K(1536K)
[184.958s][info][gc,heap        ] GC(343) ParOldGen: 8843K(1398272K)->4075K(1398272K)
[184.958s][info][gc,metaspace   ] GC(343) Metaspace: 9932K(10240K)->9932K(10240K) NonClass: 8631K(8832K)->8631K(8832K) Class: 1300K(1408K)->1300K(1408K)
[184.958s][info][gc             ] GC(343) Pause Full (System.gc()) 9M->3M(1443M) 24.910ms
[184.958s][info][gc,cpu         ] GC(343) User=0.45s Sys=0.00s Real=0.03s
[185.281s][info][gc,start       ] GC(344) Pause Young (Allocation Failure)
[185.282s][info][gc,heap        ] GC(344) PSYoungGen: 78336K(79872K)->1536K(79872K) Eden: 78336K(78336K)->0K(78336K) From: 0K(1536K)->1536K(1536K)
[185.282s][info][gc,heap        ] GC(344) ParOldGen: 4075K(1398272K)->4115K(1398272K)
[185.282s][info][gc,metaspace   ] GC(344) Metaspace: 9932K(10240K)->9932K(10240K) NonClass: 8631K(8832K)->8631K(8832K) Class: 1300K(1408K)->1300K(1408K)
[185.282s][info][gc             ] GC(344) Pause Young (Allocation Failure) 80M->5M(1443M) 1.349ms
[185.282s][info][gc,cpu         ] GC(344) User=0.52s Sys=0.00s Real=0.02s
[185.600s][info][gc,start       ] GC(345) Pause Young (Allocation Failure)
[185.609s][info][gc,heap        ] GC(345) PSYoungGen: 79872K(79872K)->1536K(79872K) Eden: 78336K(78336K)->0K(78336K) From: 1536K(1536K)->1536K(1536K)
[185.610s][info][gc,heap        ] GC(345) ParOldGen: 4115K(1398272K)->4331K(1398272K)
[185.610s][info][gc,metaspace   ] GC(345) Metaspace: 9932K(10240K)->9932K(10240K) NonClass: 8631K(8832K)->8631K(8832K) Class: 1300K(1408K)->1300K(1408K)
[185.610s][info][gc             ] GC(345) Pause Young (Allocation Failure) 82M->5M(1443M) 9.721ms
[185.610s][info][gc,cpu         ] GC(345) User=0.00s Sys=0.02s Real=0.02s
[185.937s][info][gc,start       ] GC(346) Pause Young (Allocation Failure)
[185.938s][info][gc,heap        ] GC(346) PSYoungGen: 79872K(79872K)->512K(78848K) Eden: 78336K(78336K)->0K(78336K) From: 1536K(1536K)->512K(512K)
[185.938s][info][gc,heap        ] GC(346) ParOldGen: 4331K(1398272K)->5347K(1398272K)
[185.938s][info][gc,metaspace   ] GC(346) Metaspace: 9932K(10240K)->9932K(10240K) NonClass: 8631K(8832K)->8631K(8832K) Class: 1300K(1408K)->1300K(1408K)
[185.938s][info][gc             ] GC(346) Pause Young (Allocation Failure) 82M->5M(1442M) 1.360ms
[185.938s][info][gc,cpu         ] GC(346) User=0.52s Sys=0.00s Real=0.02s
[186.255s][info][gc,start       ] GC(347) Pause Young (Allocation Failure)
[186.256s][info][gc,heap        ] GC(347) PSYoungGen: 78848K(78848K)->1376K(80384K) Eden: 78336K(78336K)->0K(78336K) From: 512K(512K)->1376K(2048K)
[186.256s][info][gc,heap        ] GC(347) ParOldGen: 5347K(1398272K)->5763K(1398272K)
[186.256s][info][gc,metaspace   ] GC(347) Metaspace: 9932K(10240K)->9932K(10240K) NonClass: 8631K(8832K)->8631K(8832K) Class: 1300K(1408K)->1300K(1408K)
[186.256s][info][gc             ] GC(347) Pause Young (Allocation Failure) 82M->6M(1444M) 1.562ms
[186.256s][info][gc,cpu         ] GC(347) User=0.00s Sys=0.00s Real=0.00s
[186.573s][info][gc,start       ] GC(348) Pause Young (Allocation Failure)
[186.575s][info][gc,heap        ] GC(348) PSYoungGen: 79712K(80384K)->1248K(79872K) Eden: 78336K(78336K)->0K(78336K) From: 1376K(2048K)->1248K(1536K)
[186.575s][info][gc,heap        ] GC(348) ParOldGen: 5763K(1398272K)->6291K(1398272K)
[186.575s][info][gc,metaspace   ] GC(348) Metaspace: 9932K(10240K)->9932K(10240K) NonClass: 8631K(8832K)->8631K(8832K) Class: 1300K(1408K)->1300K(1408K)
[186.575s][info][gc             ] GC(348) Pause Young (Allocation Failure) 83M->7M(1443M) 1.377ms
[186.575s][info][gc,cpu         ] GC(348) User=0.00s Sys=0.00s Real=0.00s
[186.892s][info][gc,start       ] GC(349) Pause Young (Allocation Failure)
[186.894s][info][gc,heap        ] GC(349) PSYoungGen: 79584K(79872K)->1184K(79872K) Eden: 78336K(78336K)->0K(78336K) From: 1248K(1536K)->1184K(1536K)
[186.894s][info][gc,heap        ] GC(349) ParOldGen: 6291K(1398272K)->6651K(1398272K)
[186.894s][info][gc,metaspace   ] GC(349) Metaspace: 9932K(10240K)->9932K(10240K) NonClass: 8631K(8832K)->8631K(8832K) Class: 1300K(1408K)->1300K(1408K)
[186.894s][info][gc             ] GC(349) Pause Young (Allocation Failure) 83M->7M(1443M) 1.468ms
[186.894s][info][gc,cpu         ] GC(349) User=0.00s Sys=0.00s Real=0.00s
[187.199s][info][gc,start       ] GC(350) Pause Young (Allocation Failure)
[187.200s][info][gc,heap        ] GC(350) PSYoungGen: 79520K(79872K)->960K(79360K) Eden: 78336K(78336K)->0K(78336K) From: 1184K(1536K)->960K(1024K)
[187.201s][info][gc,heap        ] GC(350) ParOldGen: 6651K(1398272K)->7011K(1398272K)
[187.201s][info][gc,metaspace   ] GC(350) Metaspace: 9932K(10240K)->9932K(10240K) NonClass: 8631K(8832K)->8631K(8832K) Class: 1300K(1408K)->1300K(1408K)
[187.201s][info][gc             ] GC(350) Pause Young (Allocation Failure) 84M->7M(1443M) 1.197ms
[187.201s][info][gc,cpu         ] GC(350) User=0.00s Sys=0.00s Real=0.00s
[187.505s][info][gc,start       ] GC(351) Pause Young (Allocation Failure)
[187.507s][info][gc,heap        ] GC(351) PSYoungGen: 79296K(79360K)->1088K(79872K) Eden: 78336K(78336K)->0K(78336K) From: 960K(1024K)->1088K(1536K)
[187.507s][info][gc,heap        ] GC(351) ParOldGen: 7011K(1398272K)->7011K(1398272K)
[187.507s][info][gc,metaspace   ] GC(351) Metaspace: 9932K(10240K)->9932K(10240K) NonClass: 8631K(8832K)->8631K(8832K) Class: 1300K(1408K)->1300K(1408K)
[187.507s][info][gc             ] GC(351) Pause Young (Allocation Failure) 84M->7M(1443M) 1.193ms
[187.507s][info][gc,cpu         ] GC(351) User=0.00s Sys=0.00s Real=0.00s
[187.821s][info][gc,start       ] GC(352) Pause Young (Allocation Failure)
[187.822s][info][gc,heap        ] GC(352) PSYoungGen: 79424K(79872K)->1024K(79360K) Eden: 78336K(78336K)->0K(78336K) From: 1088K(1536K)->1024K(1024K)
[187.822s][info][gc,heap        ] GC(352) ParOldGen: 7011K(1398272K)->7355K(1398272K)
[187.822s][info][gc,metaspace   ] GC(352) Metaspace: 9932K(10240K)->9932K(10240K) NonClass: 8631K(8832K)->8631K(8832K) Class: 1300K(1408K)->1300K(1408K)
[187.822s][info][gc             ] GC(352) Pause Young (Allocation Failure) 84M->8M(1443M) 1.495ms
[187.822s][info][gc,cpu         ] GC(352) User=0.00s Sys=0.00s Real=0.00s
[188.135s][info][gc,start       ] GC(353) Pause Young (Allocation Failure)
[188.136s][info][gc,heap        ] GC(353) PSYoungGen: 79360K(79360K)->1056K(79872K) Eden: 78336K(78336K)->0K(78336K) From: 1024K(1024K)->1056K(1536K)
[188.136s][info][gc,heap        ] GC(353) ParOldGen: 7355K(1398272K)->7355K(1398272K)
[188.136s][info][gc,metaspace   ] GC(353) Metaspace: 9932K(10240K)->9932K(10240K) NonClass: 8631K(8832K)->8631K(8832K) Class: 1300K(1408K)->1300K(1408K)
[188.136s][info][gc             ] GC(353) Pause Young (Allocation Failure) 84M->8M(1443M) 1.316ms
[188.136s][info][gc,cpu         ] GC(353) User=0.00s Sys=0.00s Real=0.00s
[188.451s][info][gc,start       ] GC(354) Pause Young (Allocation Failure)
[188.452s][info][gc,heap        ] GC(354) PSYoungGen: 79392K(79872K)->1088K(79872K) Eden: 78336K(78336K)->0K(78336K) From: 1056K(1536K)->1088K(1536K)
[188.452s][info][gc,heap        ] GC(354) ParOldGen: 7355K(1398272K)->7739K(1398272K)
[188.452s][info][gc,metaspace   ] GC(354) Metaspace: 9932K(10240K)->9932K(10240K) NonClass: 8631K(8832K)->8631K(8832K) Class: 1300K(1408K)->1300K(1408K)
[188.452s][info][gc             ] GC(354) Pause Young (Allocation Failure) 84M->8M(1443M) 1.364ms
[188.452s][info][gc,cpu         ] GC(354) User=0.00s Sys=0.00s Real=0.00s
[188.762s][info][gc,start       ] GC(355) Pause Young (Allocation Failure)
[188.764s][info][gc,heap        ] GC(355) PSYoungGen: 79424K(79872K)->1056K(79872K) Eden: 78336K(78336K)->0K(78336K) From: 1088K(1536K)->1056K(1536K)
[188.764s][info][gc,heap        ] GC(355) ParOldGen: 7739K(1398272K)->7747K(1398272K)
[188.764s][info][gc,metaspace   ] GC(355) Metaspace: 9932K(10240K)->9932K(10240K) NonClass: 8631K(8832K)->8631K(8832K) Class: 1300K(1408K)->1300K(1408K)
[188.764s][info][gc             ] GC(355) Pause Young (Allocation Failure) 85M->8M(1443M) 1.418ms
[188.764s][info][gc,cpu         ] GC(355) User=0.00s Sys=0.00s Real=0.00s
[189.066s][info][gc,start       ] GC(356) Pause Young (Allocation Failure)
[189.067s][info][gc,heap        ] GC(356) PSYoungGen: 79392K(79872K)->1056K(79872K) Eden: 78336K(78336K)->0K(78336K) From: 1056K(1536K)->1056K(1536K)
[189.067s][info][gc,heap        ] GC(356) ParOldGen: 7747K(1398272K)->7747K(1398272K)
[189.067s][info][gc,metaspace   ] GC(356) Metaspace: 9932K(10240K)->9932K(10240K) NonClass: 8631K(8832K)->8631K(8832K) Class: 1300K(1408K)->1300K(1408K)
[189.067s][info][gc             ] GC(356) Pause Young (Allocation Failure) 85M->8M(1443M) 1.040ms
[189.067s][info][gc,cpu         ] GC(356) User=0.00s Sys=0.00s Real=0.00s
[189.375s][info][gc,start       ] GC(357) Pause Young (Allocation Failure)
[189.377s][info][gc,heap        ] GC(357) PSYoungGen: 79392K(79872K)->1056K(79872K) Eden: 78336K(78336K)->0K(78336K) From: 1056K(1536K)->1056K(1536K)
[189.377s][info][gc,heap        ] GC(357) ParOldGen: 7747K(1398272K)->7747K(1398272K)
[189.377s][info][gc,metaspace   ] GC(357) Metaspace: 9932K(10240K)->9932K(10240K) NonClass: 8631K(8832K)->8631K(8832K) Class: 1300K(1408K)->1300K(1408K)
[189.377s][info][gc             ] GC(357) Pause Young (Allocation Failure) 85M->8M(1443M) 1.335ms
[189.377s][info][gc,cpu         ] GC(357) User=0.00s Sys=0.00s Real=0.00s
[189.683s][info][gc,start       ] GC(358) Pause Young (Allocation Failure)
[189.684s][info][gc,heap        ] GC(358) PSYoungGen: 79392K(79872K)->512K(78848K) Eden: 78336K(78336K)->0K(78336K) From: 1056K(1536K)->512K(512K)
[189.684s][info][gc,heap        ] GC(358) ParOldGen: 7747K(1398272K)->8003K(1398272K)
[189.684s][info][gc,metaspace   ] GC(358) Metaspace: 9932K(10240K)->9932K(10240K) NonClass: 8631K(8832K)->8631K(8832K) Class: 1300K(1408K)->1300K(1408K)
[189.684s][info][gc             ] GC(358) Pause Young (Allocation Failure) 85M->8M(1442M) 0.992ms
[189.684s][info][gc,cpu         ] GC(358) User=0.00s Sys=0.00s Real=0.00s
[189.988s][info][gc,start       ] GC(359) Pause Young (Allocation Failure)
[189.990s][info][gc,heap        ] GC(359) PSYoungGen: 78848K(78848K)->992K(79872K) Eden: 78336K(78336K)->0K(78336K) From: 512K(512K)->992K(1536K)
[189.990s][info][gc,heap        ] GC(359) ParOldGen: 8003K(1398272K)->8371K(1398272K)
[189.990s][info][gc,metaspace   ] GC(359) Metaspace: 9932K(10240K)->9932K(10240K) NonClass: 8631K(8832K)->8631K(8832K) Class: 1300K(1408K)->1300K(1408K)
[189.990s][info][gc             ] GC(359) Pause Young (Allocation Failure) 84M->9M(1443M) 1.754ms
[189.990s][info][gc,cpu         ] GC(359) User=0.00s Sys=0.00s Real=0.00s
[190.307s][info][gc,start       ] GC(360) Pause Young (Allocation Failure)
[190.308s][info][gc,heap        ] GC(360) PSYoungGen: 79328K(79872K)->1056K(79872K) Eden: 78336K(78336K)->0K(78336K) From: 992K(1536K)->1056K(1536K)
[190.308s][info][gc,heap        ] GC(360) ParOldGen: 8371K(1398272K)->8467K(1398272K)
[190.308s][info][gc,metaspace   ] GC(360) Metaspace: 9932K(10240K)->9932K(10240K) NonClass: 8631K(8832K)->8631K(8832K) Class: 1300K(1408K)->1300K(1408K)
[190.308s][info][gc             ] GC(360) Pause Young (Allocation Failure) 85M->9M(1443M) 1.044ms
[190.308s][info][gc,cpu         ] GC(360) User=0.00s Sys=0.00s Real=0.00s
[190.616s][info][gc,start       ] GC(361) Pause Young (Allocation Failure)
[190.618s][info][gc,heap        ] GC(361) PSYoungGen: 79392K(79872K)->1056K(79872K) Eden: 78336K(78336K)->0K(78336K) From: 1056K(1536K)->1056K(1536K)
[190.618s][info][gc,heap        ] GC(361) ParOldGen: 8467K(1398272K)->8467K(1398272K)
[190.618s][info][gc,metaspace   ] GC(361) Metaspace: 9932K(10240K)->9932K(10240K) NonClass: 8631K(8832K)->8631K(8832K) Class: 1300K(1408K)->1300K(1408K)
[190.618s][info][gc             ] GC(361) Pause Young (Allocation Failure) 85M->9M(1443M) 1.507ms
[190.618s][info][gc,cpu         ] GC(361) User=0.00s Sys=0.00s Real=0.00s
[190.928s][info][gc,start       ] GC(362) Pause Young (Allocation Failure)
[190.929s][info][gc,heap        ] GC(362) PSYoungGen: 79392K(79872K)->512K(78848K) Eden: 78336K(78336K)->0K(78336K) From: 1056K(1536K)->512K(512K)
[190.929s][info][gc,heap        ] GC(362) ParOldGen: 8467K(1398272K)->8723K(1398272K)
[190.930s][info][gc,metaspace   ] GC(362) Metaspace: 9932K(10240K)->9932K(10240K) NonClass: 8631K(8832K)->8631K(8832K) Class: 1300K(1408K)->1300K(1408K)
[190.930s][info][gc             ] GC(362) Pause Young (Allocation Failure) 85M->9M(1442M) 1.200ms
[190.930s][info][gc,cpu         ] GC(362) User=0.00s Sys=0.00s Real=0.00s
[191.242s][info][gc,start       ] GC(363) Pause Young (Allocation Failure)
[191.244s][info][gc,heap        ] GC(363) PSYoungGen: 78848K(78848K)->1056K(79872K) Eden: 78336K(78336K)->0K(78336K) From: 512K(512K)->1056K(1536K)
[191.244s][info][gc,heap        ] GC(363) ParOldGen: 8723K(1398272K)->9139K(1398272K)
[191.244s][info][gc,metaspace   ] GC(363) Metaspace: 9932K(10240K)->9932K(10240K) NonClass: 8631K(8832K)->8631K(8832K) Class: 1300K(1408K)->1300K(1408K)
[191.244s][info][gc             ] GC(363) Pause Young (Allocation Failure) 85M->9M(1443M) 2.403ms
[191.244s][info][gc,cpu         ] GC(363) User=0.00s Sys=0.00s Real=0.00s
[191.551s][info][gc,start       ] GC(364) Pause Young (System.gc())
[191.551s][info][gc,heap        ] GC(364) PSYoungGen: 76434K(79872K)->1056K(79872K) Eden: 75378K(78336K)->0K(78336K) From: 1056K(1536K)->1056K(1536K)
[191.552s][info][gc,heap        ] GC(364) ParOldGen: 9139K(1398272K)->9339K(1398272K)
[191.552s][info][gc,metaspace   ] GC(364) Metaspace: 9933K(10240K)->9933K(10240K) NonClass: 8633K(8832K)->8633K(8832K) Class: 1300K(1408K)->1300K(1408K)
[191.552s][info][gc             ] GC(364) Pause Young (System.gc()) 83M->10M(1443M) 1.007ms
[191.552s][info][gc,cpu         ] GC(364) User=0.45s Sys=0.02s Real=0.02s
[191.552s][info][gc,start       ] GC(365) Pause Full (System.gc())
[191.552s][info][gc,phases,start] GC(365) Marking Phase
[191.568s][info][gc,phases      ] GC(365) Marking Phase 16.503ms
[191.568s][info][gc,phases,start] GC(365) Summary Phase
[191.568s][info][gc,phases      ] GC(365) Summary Phase 0.027ms
[191.568s][info][gc,phases,start] GC(365) Adjust Roots
[191.573s][info][gc,phases      ] GC(365) Adjust Roots 4.575ms
[191.573s][info][gc,phases,start] GC(365) Compaction Phase
[191.577s][info][gc,phases      ] GC(365) Compaction Phase 4.133ms
[191.577s][info][gc,phases,start] GC(365) Post Compact
[191.578s][info][gc,phases      ] GC(365) Post Compact 0.765ms
[191.578s][info][gc,heap        ] GC(365) PSYoungGen: 1056K(79872K)->0K(79872K) Eden: 0K(78336K)->0K(78336K) From: 1056K(1536K)->0K(1536K)
[191.578s][info][gc,heap        ] GC(365) ParOldGen: 9339K(1398272K)->4075K(1398272K)
[191.578s][info][gc,metaspace   ] GC(365) Metaspace: 9933K(10240K)->9933K(10240K) NonClass: 8633K(8832K)->8633K(8832K) Class: 1300K(1408K)->1300K(1408K)
[191.578s][info][gc             ] GC(365) Pause Full (System.gc()) 10M->3M(1443M) 26.266ms
[191.578s][info][gc,cpu         ] GC(365) User=0.03s Sys=0.00s Real=0.02s
[191.901s][info][gc,start       ] GC(366) Pause Young (Allocation Failure)
[191.902s][info][gc,heap        ] GC(366) PSYoungGen: 78336K(79872K)->1536K(79872K) Eden: 78336K(78336K)->0K(78336K) From: 0K(1536K)->1536K(1536K)
[191.902s][info][gc,heap        ] GC(366) ParOldGen: 4075K(1398272K)->4131K(1398272K)
[191.902s][info][gc,metaspace   ] GC(366) Metaspace: 9935K(10240K)->9935K(10240K) NonClass: 8635K(8832K)->8635K(8832K) Class: 1300K(1408K)->1300K(1408K)
[191.902s][info][gc             ] GC(366) Pause Young (Allocation Failure) 80M->5M(1443M) 1.465ms
[191.902s][info][gc,cpu         ] GC(366) User=0.00s Sys=0.00s Real=0.00s
[192.216s][info][gc,start       ] GC(367) Pause Young (Allocation Failure)
[192.217s][info][gc,heap        ] GC(367) PSYoungGen: 79872K(79872K)->512K(78848K) Eden: 78336K(78336K)->0K(78336K) From: 1536K(1536K)->512K(512K)
[192.217s][info][gc,heap        ] GC(367) ParOldGen: 4131K(1398272K)->5075K(1398272K)
[192.218s][info][gc,metaspace   ] GC(367) Metaspace: 9935K(10240K)->9935K(10240K) NonClass: 8635K(8832K)->8635K(8832K) Class: 1300K(1408K)->1300K(1408K)
[192.218s][info][gc             ] GC(367) Pause Young (Allocation Failure) 82M->5M(1442M) 1.391ms
[192.218s][info][gc,cpu         ] GC(367) User=0.00s Sys=0.00s Real=0.00s
[192.531s][info][gc,start       ] GC(368) Pause Young (Allocation Failure)
[192.532s][info][gc,heap        ] GC(368) PSYoungGen: 78848K(78848K)->1312K(80384K) Eden: 78336K(78336K)->0K(78336K) From: 512K(512K)->1312K(2048K)
[192.532s][info][gc,heap        ] GC(368) ParOldGen: 5075K(1398272K)->5587K(1398272K)
[192.532s][info][gc,metaspace   ] GC(368) Metaspace: 9935K(10240K)->9935K(10240K) NonClass: 8635K(8832K)->8635K(8832K) Class: 1300K(1408K)->1300K(1408K)
[192.532s][info][gc             ] GC(368) Pause Young (Allocation Failure) 81M->6M(1444M) 1.417ms
[192.532s][info][gc,cpu         ] GC(368) User=0.00s Sys=0.00s Real=0.00s
[192.848s][info][gc,start       ] GC(369) Pause Young (Allocation Failure)
[192.849s][info][gc,heap        ] GC(369) PSYoungGen: 79648K(80384K)->1440K(79872K) Eden: 78336K(78336K)->0K(78336K) From: 1312K(2048K)->1440K(1536K)
[192.849s][info][gc,heap        ] GC(369) ParOldGen: 5587K(1398272K)->5811K(1398272K)
[192.849s][info][gc,metaspace   ] GC(369) Metaspace: 9935K(10240K)->9935K(10240K) NonClass: 8635K(8832K)->8635K(8832K) Class: 1300K(1408K)->1300K(1408K)
[192.849s][info][gc             ] GC(369) Pause Young (Allocation Failure) 83M->7M(1443M) 1.429ms
[192.849s][info][gc,cpu         ] GC(369) User=0.00s Sys=0.00s Real=0.00s
[193.159s][info][gc,start       ] GC(370) Pause Young (Allocation Failure)
[193.161s][info][gc,heap        ] GC(370) PSYoungGen: 79776K(79872K)->1312K(79872K) Eden: 78336K(78336K)->0K(78336K) From: 1440K(1536K)->1312K(1536K)
[193.161s][info][gc,heap        ] GC(370) ParOldGen: 5811K(1398272K)->6211K(1398272K)
[193.161s][info][gc,metaspace   ] GC(370) Metaspace: 9935K(10240K)->9935K(10240K) NonClass: 8635K(8832K)->8635K(8832K) Class: 1300K(1408K)->1300K(1408K)
[193.161s][info][gc             ] GC(370) Pause Young (Allocation Failure) 83M->7M(1443M) 1.622ms
[193.161s][info][gc,cpu         ] GC(370) User=0.00s Sys=0.00s Real=0.00s
[193.485s][info][gc,start       ] GC(371) Pause Young (Allocation Failure)
[193.486s][info][gc,heap        ] GC(371) PSYoungGen: 79648K(79872K)->1024K(79360K) Eden: 78336K(78336K)->0K(78336K) From: 1312K(1536K)->1024K(1024K)
[193.486s][info][gc,heap        ] GC(371) ParOldGen: 6211K(1398272K)->6555K(1398272K)
[193.486s][info][gc,metaspace   ] GC(371) Metaspace: 9935K(10240K)->9935K(10240K) NonClass: 8635K(8832K)->8635K(8832K) Class: 1300K(1408K)->1300K(1408K)
[193.486s][info][gc             ] GC(371) Pause Young (Allocation Failure) 83M->7M(1443M) 1.312ms
[193.486s][info][gc,cpu         ] GC(371) User=0.00s Sys=0.00s Real=0.00s
[193.802s][info][gc,start       ] GC(372) Pause Young (Allocation Failure)
[193.803s][info][gc,heap        ] GC(372) PSYoungGen: 79360K(79360K)->1024K(79360K) Eden: 78336K(78336K)->0K(78336K) From: 1024K(1024K)->1024K(1024K)
[193.803s][info][gc,heap        ] GC(372) ParOldGen: 6555K(1398272K)->6883K(1398272K)
[193.803s][info][gc,metaspace   ] GC(372) Metaspace: 9935K(10240K)->9935K(10240K) NonClass: 8635K(8832K)->8635K(8832K) Class: 1300K(1408K)->1300K(1408K)
[193.803s][info][gc             ] GC(372) Pause Young (Allocation Failure) 83M->7M(1443M) 1.299ms
[193.803s][info][gc,cpu         ] GC(372) User=0.00s Sys=0.00s Real=0.00s
[194.114s][info][gc,start       ] GC(373) Pause Young (Allocation Failure)
[194.116s][info][gc,heap        ] GC(373) PSYoungGen: 79360K(79360K)->1088K(79872K) Eden: 78336K(78336K)->0K(78336K) From: 1024K(1024K)->1088K(1536K)
[194.116s][info][gc,heap        ] GC(373) ParOldGen: 6883K(1398272K)->6883K(1398272K)
[194.116s][info][gc,metaspace   ] GC(373) Metaspace: 9935K(10240K)->9935K(10240K) NonClass: 8635K(8832K)->8635K(8832K) Class: 1300K(1408K)->1300K(1408K)
[194.116s][info][gc             ] GC(373) Pause Young (Allocation Failure) 84M->7M(1443M) 1.277ms
[194.116s][info][gc,cpu         ] GC(373) User=0.00s Sys=0.00s Real=0.00s
[194.428s][info][gc,start       ] GC(374) Pause Young (Allocation Failure)
[194.429s][info][gc,heap        ] GC(374) PSYoungGen: 79424K(79872K)->1024K(79360K) Eden: 78336K(78336K)->0K(78336K) From: 1088K(1536K)->1024K(1024K)
[194.429s][info][gc,heap        ] GC(374) ParOldGen: 6883K(1398272K)->7259K(1398272K)
[194.429s][info][gc,metaspace   ] GC(374) Metaspace: 9935K(10240K)->9935K(10240K) NonClass: 8635K(8832K)->8635K(8832K) Class: 1300K(1408K)->1300K(1408K)
[194.429s][info][gc             ] GC(374) Pause Young (Allocation Failure) 84M->8M(1443M) 1.393ms
[194.429s][info][gc,cpu         ] GC(374) User=0.00s Sys=0.00s Real=0.00s
[194.741s][info][gc,start       ] GC(375) Pause Young (Allocation Failure)
[194.742s][info][gc,heap        ] GC(375) PSYoungGen: 79360K(79360K)->1024K(79360K) Eden: 78336K(78336K)->0K(78336K) From: 1024K(1024K)->1024K(1024K)
[194.742s][info][gc,heap        ] GC(375) ParOldGen: 7259K(1398272K)->7611K(1398272K)
[194.742s][info][gc,metaspace   ] GC(375) Metaspace: 9935K(10240K)->9935K(10240K) NonClass: 8635K(8832K)->8635K(8832K) Class: 1300K(1408K)->1300K(1408K)
[194.742s][info][gc             ] GC(375) Pause Young (Allocation Failure) 84M->8M(1443M) 1.352ms
[194.742s][info][gc,cpu         ] GC(375) User=0.00s Sys=0.00s Real=0.00s
[195.053s][info][gc,start       ] GC(376) Pause Young (Allocation Failure)
[195.055s][info][gc,heap        ] GC(376) PSYoungGen: 79360K(79360K)->1056K(80384K) Eden: 78336K(78336K)->0K(78336K) From: 1024K(1024K)->1056K(2048K)
[195.055s][info][gc,heap        ] GC(376) ParOldGen: 7611K(1398272K)->7611K(1398272K)
[195.055s][info][gc,metaspace   ] GC(376) Metaspace: 9935K(10240K)->9935K(10240K) NonClass: 8635K(8832K)->8635K(8832K) Class: 1300K(1408K)->1300K(1408K)
[195.055s][info][gc             ] GC(376) Pause Young (Allocation Failure) 84M->8M(1444M) 1.225ms
[195.055s][info][gc,cpu         ] GC(376) User=0.00s Sys=0.00s Real=0.00s
[195.370s][info][gc,start       ] GC(377) Pause Young (Allocation Failure)
[195.371s][info][gc,heap        ] GC(377) PSYoungGen: 79392K(80384K)->1056K(79872K) Eden: 78336K(78336K)->0K(78336K) From: 1056K(2048K)->1056K(1536K)
[195.371s][info][gc,heap        ] GC(377) ParOldGen: 7611K(1398272K)->7787K(1398272K)
[195.371s][info][gc,metaspace   ] GC(377) Metaspace: 9935K(10240K)->9935K(10240K) NonClass: 8635K(8832K)->8635K(8832K) Class: 1300K(1408K)->1300K(1408K)
[195.371s][info][gc             ] GC(377) Pause Young (Allocation Failure) 84M->8M(1443M) 1.098ms
[195.371s][info][gc,cpu         ] GC(377) User=0.00s Sys=0.00s Real=0.00s
[195.690s][info][gc,start       ] GC(378) Pause Young (Allocation Failure)
[195.691s][info][gc,heap        ] GC(378) PSYoungGen: 79392K(79872K)->1024K(79360K) Eden: 78336K(78336K)->0K(78336K) From: 1056K(1536K)->1024K(1024K)
[195.691s][info][gc,heap        ] GC(378) ParOldGen: 7787K(1398272K)->8139K(1398272K)
[195.691s][info][gc,metaspace   ] GC(378) Metaspace: 9935K(10240K)->9935K(10240K) NonClass: 8635K(8832K)->8635K(8832K) Class: 1300K(1408K)->1300K(1408K)
[195.691s][info][gc             ] GC(378) Pause Young (Allocation Failure) 85M->8M(1443M) 1.352ms
[195.691s][info][gc,cpu         ] GC(378) User=0.00s Sys=0.00s Real=0.00s
[196.011s][info][gc,start       ] GC(379) Pause Young (Allocation Failure)
[196.012s][info][gc,heap        ] GC(379) PSYoungGen: 79360K(79360K)->1024K(79360K) Eden: 78336K(78336K)->0K(78336K) From: 1024K(1024K)->1024K(1024K)
[196.012s][info][gc,heap        ] GC(379) ParOldGen: 8139K(1398272K)->8147K(1398272K)
[196.012s][info][gc,metaspace   ] GC(379) Metaspace: 9935K(10240K)->9935K(10240K) NonClass: 8635K(8832K)->8635K(8832K) Class: 1300K(1408K)->1300K(1408K)
[196.012s][info][gc             ] GC(379) Pause Young (Allocation Failure) 85M->8M(1443M) 1.072ms
[196.012s][info][gc,cpu         ] GC(379) User=0.00s Sys=0.00s Real=0.00s
[196.315s][info][gc,start       ] GC(380) Pause Young (Allocation Failure)
[196.317s][info][gc,heap        ] GC(380) PSYoungGen: 79360K(79360K)->1056K(79872K) Eden: 78336K(78336K)->0K(78336K) From: 1024K(1024K)->1056K(1536K)
[196.317s][info][gc,heap        ] GC(380) ParOldGen: 8147K(1398272K)->8483K(1398272K)
[196.317s][info][gc,metaspace   ] GC(380) Metaspace: 9935K(10240K)->9935K(10240K) NonClass: 8635K(8832K)->8635K(8832K) Class: 1300K(1408K)->1300K(1408K)
[196.317s][info][gc             ] GC(380) Pause Young (Allocation Failure) 85M->9M(1443M) 1.510ms
[196.317s][info][gc,cpu         ] GC(380) User=0.00s Sys=0.00s Real=0.00s
[196.634s][info][gc,start       ] GC(381) Pause Young (Allocation Failure)
[196.635s][info][gc,heap        ] GC(381) PSYoungGen: 79392K(79872K)->1024K(79360K) Eden: 78336K(78336K)->0K(78336K) From: 1056K(1536K)->1024K(1024K)
[196.635s][info][gc,heap        ] GC(381) ParOldGen: 8483K(1398272K)->8547K(1398272K)
[196.635s][info][gc,metaspace   ] GC(381) Metaspace: 9935K(10240K)->9935K(10240K) NonClass: 8635K(8832K)->8635K(8832K) Class: 1300K(1408K)->1300K(1408K)
[196.635s][info][gc             ] GC(381) Pause Young (Allocation Failure) 85M->9M(1443M) 1.178ms
[196.635s][info][gc,cpu         ] GC(381) User=0.00s Sys=0.00s Real=0.00s
[196.944s][info][gc,start       ] GC(382) Pause Young (Allocation Failure)
[196.945s][info][gc,heap        ] GC(382) PSYoungGen: 79360K(79360K)->960K(79360K) Eden: 78336K(78336K)->0K(78336K) From: 1024K(1024K)->960K(1024K)
[196.945s][info][gc,heap        ] GC(382) ParOldGen: 8547K(1398272K)->8907K(1398272K)
[196.945s][info][gc,metaspace   ] GC(382) Metaspace: 9935K(10240K)->9935K(10240K) NonClass: 8635K(8832K)->8635K(8832K) Class: 1300K(1408K)->1300K(1408K)
[196.945s][info][gc             ] GC(382) Pause Young (Allocation Failure) 85M->9M(1443M) 1.370ms
[196.945s][info][gc,cpu         ] GC(382) User=0.00s Sys=0.00s Real=0.00s
[197.258s][info][gc,start       ] GC(383) Pause Young (Allocation Failure)
[197.259s][info][gc,heap        ] GC(383) PSYoungGen: 79296K(79360K)->1056K(79872K) Eden: 78336K(78336K)->0K(78336K) From: 960K(1024K)->1056K(1536K)
[197.259s][info][gc,heap        ] GC(383) ParOldGen: 8907K(1398272K)->8907K(1398272K)
[197.259s][info][gc,metaspace   ] GC(383) Metaspace: 9935K(10240K)->9935K(10240K) NonClass: 8635K(8832K)->8635K(8832K) Class: 1300K(1408K)->1300K(1408K)
[197.259s][info][gc             ] GC(383) Pause Young (Allocation Failure) 86M->9M(1443M) 0.980ms
[197.259s][info][gc,cpu         ] GC(383) User=0.00s Sys=0.00s Real=0.00s
[197.577s][info][gc,start       ] GC(384) Pause Young (Allocation Failure)
[197.578s][info][gc,heap        ] GC(384) PSYoungGen: 79392K(79872K)->1056K(79872K) Eden: 78336K(78336K)->0K(78336K) From: 1056K(1536K)->1056K(1536K)
[197.578s][info][gc,heap        ] GC(384) ParOldGen: 8907K(1398272K)->8907K(1398272K)
[197.578s][info][gc,metaspace   ] GC(384) Metaspace: 9935K(10240K)->9935K(10240K) NonClass: 8635K(8832K)->8635K(8832K) Class: 1300K(1408K)->1300K(1408K)
[197.578s][info][gc             ] GC(384) Pause Young (Allocation Failure) 86M->9M(1443M) 1.460ms
[197.578s][info][gc,cpu         ] GC(384) User=0.00s Sys=0.00s Real=0.00s
[197.893s][info][gc,start       ] GC(385) Pause Young (Allocation Failure)
[197.894s][info][gc,heap        ] GC(385) PSYoungGen: 79392K(79872K)->512K(78848K) Eden: 78336K(78336K)->0K(78336K) From: 1056K(1536K)->512K(512K)
[197.894s][info][gc,heap        ] GC(385) ParOldGen: 8907K(1398272K)->9307K(1398272K)
[197.894s][info][gc,metaspace   ] GC(385) Metaspace: 9935K(10240K)->9935K(10240K) NonClass: 8635K(8832K)->8635K(8832K) Class: 1300K(1408K)->1300K(1408K)
[197.894s][info][gc             ] GC(385) Pause Young (Allocation Failure) 86M->9M(1442M) 1.138ms
[197.894s][info][gc,cpu         ] GC(385) User=0.00s Sys=0.00s Real=0.00s
[198.175s][info][gc,start       ] GC(386) Pause Young (System.gc())
[198.176s][info][gc,heap        ] GC(386) PSYoungGen: 69255K(78848K)->1056K(79872K) Eden: 68743K(78336K)->0K(78336K) From: 512K(512K)->1056K(1536K)
[198.176s][info][gc,heap        ] GC(386) ParOldGen: 9307K(1398272K)->9723K(1398272K)
[198.176s][info][gc,metaspace   ] GC(386) Metaspace: 9937K(10240K)->9937K(10240K) NonClass: 8636K(8832K)->8636K(8832K) Class: 1300K(1408K)->1300K(1408K)
[198.177s][info][gc             ] GC(386) Pause Young (System.gc()) 76M->10M(1443M) 1.728ms
[198.177s][info][gc,cpu         ] GC(386) User=0.00s Sys=0.00s Real=0.00s
[198.177s][info][gc,start       ] GC(387) Pause Full (System.gc())
[198.177s][info][gc,phases,start] GC(387) Marking Phase
[198.194s][info][gc,phases      ] GC(387) Marking Phase 17.179ms
[198.194s][info][gc,phases,start] GC(387) Summary Phase
[198.194s][info][gc,phases      ] GC(387) Summary Phase 0.029ms
[198.194s][info][gc,phases,start] GC(387) Adjust Roots
[198.199s][info][gc,phases      ] GC(387) Adjust Roots 4.523ms
[198.199s][info][gc,phases,start] GC(387) Compaction Phase
[198.202s][info][gc,phases      ] GC(387) Compaction Phase 3.802ms
[198.202s][info][gc,phases,start] GC(387) Post Compact
[198.203s][info][gc,phases      ] GC(387) Post Compact 0.818ms
[198.203s][info][gc,heap        ] GC(387) PSYoungGen: 1056K(79872K)->0K(79872K) Eden: 0K(78336K)->0K(78336K) From: 1056K(1536K)->0K(1536K)
[198.203s][info][gc,heap        ] GC(387) ParOldGen: 9723K(1398272K)->4075K(1398272K)
[198.203s][info][gc,metaspace   ] GC(387) Metaspace: 9937K(10240K)->9937K(10240K) NonClass: 8636K(8832K)->8636K(8832K) Class: 1300K(1408K)->1300K(1408K)
[198.203s][info][gc             ] GC(387) Pause Full (System.gc()) 10M->3M(1443M) 26.630ms
[198.203s][info][gc,cpu         ] GC(387) User=0.55s Sys=0.00s Real=0.03s
[198.521s][info][gc,start       ] GC(388) Pause Young (Allocation Failure)
[198.522s][info][gc,heap        ] GC(388) PSYoungGen: 78336K(79872K)->1536K(79872K) Eden: 78336K(78336K)->0K(78336K) From: 0K(1536K)->1536K(1536K)
[198.522s][info][gc,heap        ] GC(388) ParOldGen: 4075K(1398272K)->4155K(1398272K)
[198.522s][info][gc,metaspace   ] GC(388) Metaspace: 9938K(10240K)->9938K(10240K) NonClass: 8637K(8832K)->8637K(8832K) Class: 1300K(1408K)->1300K(1408K)
[198.522s][info][gc             ] GC(388) Pause Young (Allocation Failure) 80M->5M(1443M) 1.256ms
[198.522s][info][gc,cpu         ] GC(388) User=0.00s Sys=0.00s Real=0.00s
[198.837s][info][gc,start       ] GC(389) Pause Young (Allocation Failure)
[198.839s][info][gc,heap        ] GC(389) PSYoungGen: 79872K(79872K)->1536K(79872K) Eden: 78336K(78336K)->0K(78336K) From: 1536K(1536K)->1536K(1536K)
[198.839s][info][gc,heap        ] GC(389) ParOldGen: 4155K(1398272K)->4379K(1398272K)
[198.839s][info][gc,metaspace   ] GC(389) Metaspace: 9938K(10240K)->9938K(10240K) NonClass: 8637K(8832K)->8637K(8832K) Class: 1300K(1408K)->1300K(1408K)
[198.839s][info][gc             ] GC(389) Pause Young (Allocation Failure) 82M->5M(1443M) 1.581ms
[198.839s][info][gc,cpu         ] GC(389) User=0.00s Sys=0.00s Real=0.00s
[199.146s][info][gc,start       ] GC(390) Pause Young (Allocation Failure)
[199.148s][info][gc,heap        ] GC(390) PSYoungGen: 79872K(79872K)->512K(78848K) Eden: 78336K(78336K)->0K(78336K) From: 1536K(1536K)->512K(512K)
[199.148s][info][gc,heap        ] GC(390) ParOldGen: 4379K(1398272K)->5283K(1398272K)
[199.148s][info][gc,metaspace   ] GC(390) Metaspace: 9938K(10240K)->9938K(10240K) NonClass: 8637K(8832K)->8637K(8832K) Class: 1300K(1408K)->1300K(1408K)
[199.148s][info][gc             ] GC(390) Pause Young (Allocation Failure) 82M->5M(1442M) 1.392ms
[199.148s][info][gc,cpu         ] GC(390) User=0.00s Sys=0.00s Real=0.00s
[199.463s][info][gc,start       ] GC(391) Pause Young (Allocation Failure)
[199.465s][info][gc,heap        ] GC(391) PSYoungGen: 78848K(78848K)->1152K(80384K) Eden: 78336K(78336K)->0K(78336K) From: 512K(512K)->1152K(2048K)
[199.465s][info][gc,heap        ] GC(391) ParOldGen: 5283K(1398272K)->5739K(1398272K)
[199.465s][info][gc,metaspace   ] GC(391) Metaspace: 9938K(10240K)->9938K(10240K) NonClass: 8637K(8832K)->8637K(8832K) Class: 1300K(1408K)->1300K(1408K)
[199.465s][info][gc             ] GC(391) Pause Young (Allocation Failure) 82M->6M(1444M) 1.804ms
[199.465s][info][gc,cpu         ] GC(391) User=0.00s Sys=0.00s Real=0.00s
[199.770s][info][gc,start       ] GC(392) Pause Young (Allocation Failure)
[199.771s][info][gc,heap        ] GC(392) PSYoungGen: 79488K(80384K)->1056K(79872K) Eden: 78336K(78336K)->0K(78336K) From: 1152K(2048K)->1056K(1536K)
[199.771s][info][gc,heap        ] GC(392) ParOldGen: 5739K(1398272K)->6123K(1398272K)
[199.771s][info][gc,metaspace   ] GC(392) Metaspace: 9938K(10240K)->9938K(10240K) NonClass: 8637K(8832K)->8637K(8832K) Class: 1300K(1408K)->1300K(1408K)
[199.771s][info][gc             ] GC(392) Pause Young (Allocation Failure) 83M->7M(1443M) 1.253ms
[199.771s][info][gc,cpu         ] GC(392) User=0.00s Sys=0.00s Real=0.00s
[200.087s][info][gc,start       ] GC(393) Pause Young (Allocation Failure)
[200.088s][info][gc,heap        ] GC(393) PSYoungGen: 79392K(79872K)->1056K(79872K) Eden: 78336K(78336K)->0K(78336K) From: 1056K(1536K)->1056K(1536K)
[200.088s][info][gc,heap        ] GC(393) ParOldGen: 6123K(1398272K)->6339K(1398272K)
[200.088s][info][gc,metaspace   ] GC(393) Metaspace: 9938K(10240K)->9938K(10240K) NonClass: 8637K(8832K)->8637K(8832K) Class: 1300K(1408K)->1300K(1408K)
[200.088s][info][gc             ] GC(393) Pause Young (Allocation Failure) 83M->7M(1443M) 1.450ms
[200.088s][info][gc,cpu         ] GC(393) User=0.00s Sys=0.00s Real=0.00s
[200.403s][info][gc,start       ] GC(394) Pause Young (Allocation Failure)
[200.404s][info][gc,heap        ] GC(394) PSYoungGen: 79392K(79872K)->1216K(79872K) Eden: 78336K(78336K)->0K(78336K) From: 1056K(1536K)->1216K(1536K)
[200.404s][info][gc,heap        ] GC(394) ParOldGen: 6339K(1398272K)->6659K(1398272K)
[200.404s][info][gc,metaspace   ] GC(394) Metaspace: 9938K(10240K)->9938K(10240K) NonClass: 8637K(8832K)->8637K(8832K) Class: 1300K(1408K)->1300K(1408K)
[200.404s][info][gc             ] GC(394) Pause Young (Allocation Failure) 83M->7M(1443M) 1.140ms
[200.404s][info][gc,cpu         ] GC(394) User=0.00s Sys=0.00s Real=0.00s
[200.709s][info][gc,start       ] GC(395) Pause Young (Allocation Failure)
[200.711s][info][gc,heap        ] GC(395) PSYoungGen: 79552K(79872K)->1184K(79872K) Eden: 78336K(78336K)->0K(78336K) From: 1216K(1536K)->1184K(1536K)
[200.711s][info][gc,heap        ] GC(395) ParOldGen: 6659K(1398272K)->7155K(1398272K)
[200.711s][info][gc,metaspace   ] GC(395) Metaspace: 9938K(10240K)->9938K(10240K) NonClass: 8637K(8832K)->8637K(8832K) Class: 1300K(1408K)->1300K(1408K)
[200.711s][info][gc             ] GC(395) Pause Young (Allocation Failure) 84M->8M(1443M) 1.339ms
[200.711s][info][gc,cpu         ] GC(395) User=0.00s Sys=0.00s Real=0.00s
[201.022s][info][gc,start       ] GC(396) Pause Young (Allocation Failure)
[201.023s][info][gc,heap        ] GC(396) PSYoungGen: 79520K(79872K)->1056K(79872K) Eden: 78336K(78336K)->0K(78336K) From: 1184K(1536K)->1056K(1536K)
[201.024s][info][gc,heap        ] GC(396) ParOldGen: 7155K(1398272K)->7539K(1398272K)
[201.024s][info][gc,metaspace   ] GC(396) Metaspace: 9938K(10240K)->9938K(10240K) NonClass: 8637K(8832K)->8637K(8832K) Class: 1300K(1408K)->1300K(1408K)
[201.024s][info][gc             ] GC(396) Pause Young (Allocation Failure) 84M->8M(1443M) 1.139ms
[201.024s][info][gc,cpu         ] GC(396) User=0.00s Sys=0.00s Real=0.00s
[201.338s][info][gc,start       ] GC(397) Pause Young (Allocation Failure)
[201.340s][info][gc,heap        ] GC(397) PSYoungGen: 79392K(79872K)->1056K(79872K) Eden: 78336K(78336K)->0K(78336K) From: 1056K(1536K)->1056K(1536K)
[201.340s][info][gc,heap        ] GC(397) ParOldGen: 7539K(1398272K)->7587K(1398272K)
[201.340s][info][gc,metaspace   ] GC(397) Metaspace: 9938K(10240K)->9938K(10240K) NonClass: 8637K(8832K)->8637K(8832K) Class: 1300K(1408K)->1300K(1408K)
[201.340s][info][gc             ] GC(397) Pause Young (Allocation Failure) 84M->8M(1443M) 1.693ms
[201.340s][info][gc,cpu         ] GC(397) User=0.00s Sys=0.00s Real=0.00s
[201.657s][info][gc,start       ] GC(398) Pause Young (Allocation Failure)
[201.658s][info][gc,heap        ] GC(398) PSYoungGen: 79392K(79872K)->1056K(79872K) Eden: 78336K(78336K)->0K(78336K) From: 1056K(1536K)->1056K(1536K)
[201.658s][info][gc,heap        ] GC(398) ParOldGen: 7587K(1398272K)->7947K(1398272K)
[201.658s][info][gc,metaspace   ] GC(398) Metaspace: 9938K(10240K)->9938K(10240K) NonClass: 8637K(8832K)->8637K(8832K) Class: 1300K(1408K)->1300K(1408K)
[201.658s][info][gc             ] GC(398) Pause Young (Allocation Failure) 84M->8M(1443M) 1.127ms
[201.658s][info][gc,cpu         ] GC(398) User=0.02s Sys=0.00s Real=0.02s
[201.971s][info][gc,start       ] GC(399) Pause Young (Allocation Failure)
[201.973s][info][gc,heap        ] GC(399) PSYoungGen: 79392K(79872K)->1088K(79872K) Eden: 78336K(78336K)->0K(78336K) From: 1056K(1536K)->1088K(1536K)
[201.973s][info][gc,heap        ] GC(399) ParOldGen: 7947K(1398272K)->8243K(1398272K)
[201.973s][info][gc,metaspace   ] GC(399) Metaspace: 9938K(10240K)->9938K(10240K) NonClass: 8637K(8832K)->8637K(8832K) Class: 1300K(1408K)->1300K(1408K)
[201.973s][info][gc             ] GC(399) Pause Young (Allocation Failure) 85M->9M(1443M) 2.151ms
[201.973s][info][gc,cpu         ] GC(399) User=0.00s Sys=0.00s Real=0.00s
[202.288s][info][gc,start       ] GC(400) Pause Young (Allocation Failure)
[202.289s][info][gc,heap        ] GC(400) PSYoungGen: 79424K(79872K)->512K(78848K) Eden: 78336K(78336K)->0K(78336K) From: 1088K(1536K)->512K(512K)
[202.289s][info][gc,heap        ] GC(400) ParOldGen: 8243K(1398272K)->8579K(1398272K)
[202.289s][info][gc,metaspace   ] GC(400) Metaspace: 9938K(10240K)->9938K(10240K) NonClass: 8637K(8832K)->8637K(8832K) Class: 1300K(1408K)->1300K(1408K)
[202.289s][info][gc             ] GC(400) Pause Young (Allocation Failure) 85M->8M(1442M) 1.161ms
[202.289s][info][gc,cpu         ] GC(400) User=0.00s Sys=0.00s Real=0.00s
[202.593s][info][gc,start       ] GC(401) Pause Young (Allocation Failure)
[202.595s][info][gc,heap        ] GC(401) PSYoungGen: 78848K(78848K)->1024K(79872K) Eden: 78336K(78336K)->0K(78336K) From: 512K(512K)->1024K(1536K)
[202.595s][info][gc,heap        ] GC(401) ParOldGen: 8579K(1398272K)->9099K(1398272K)
[202.595s][info][gc,metaspace   ] GC(401) Metaspace: 9938K(10240K)->9938K(10240K) NonClass: 8637K(8832K)->8637K(8832K) Class: 1300K(1408K)->1300K(1408K)
[202.595s][info][gc             ] GC(401) Pause Young (Allocation Failure) 85M->9M(1443M) 1.929ms
[202.595s][info][gc,cpu         ] GC(401) User=0.00s Sys=0.00s Real=0.00s
[202.904s][info][gc,start       ] GC(402) Pause Young (Allocation Failure)
[202.905s][info][gc,heap        ] GC(402) PSYoungGen: 79360K(79872K)->1056K(79872K) Eden: 78336K(78336K)->0K(78336K) From: 1024K(1536K)->1056K(1536K)
[202.905s][info][gc,heap        ] GC(402) ParOldGen: 9099K(1398272K)->9155K(1398272K)
[202.905s][info][gc,metaspace   ] GC(402) Metaspace: 9938K(10240K)->9938K(10240K) NonClass: 8637K(8832K)->8637K(8832K) Class: 1300K(1408K)->1300K(1408K)
[202.905s][info][gc             ] GC(402) Pause Young (Allocation Failure) 86M->9M(1443M) 1.094ms
[202.905s][info][gc,cpu         ] GC(402) User=0.00s Sys=0.00s Real=0.00s
[203.212s][info][gc,start       ] GC(403) Pause Young (Allocation Failure)
[203.213s][info][gc,heap        ] GC(403) PSYoungGen: 79392K(79872K)->1056K(79872K) Eden: 78336K(78336K)->0K(78336K) From: 1056K(1536K)->1056K(1536K)
[203.213s][info][gc,heap        ] GC(403) ParOldGen: 9155K(1398272K)->9155K(1398272K)
[203.213s][info][gc,metaspace   ] GC(403) Metaspace: 9938K(10240K)->9938K(10240K) NonClass: 8637K(8832K)->8637K(8832K) Class: 1300K(1408K)->1300K(1408K)
[203.214s][info][gc             ] GC(403) Pause Young (Allocation Failure) 86M->9M(1443M) 1.563ms
[203.214s][info][gc,cpu         ] GC(403) User=0.00s Sys=0.00s Real=0.00s
[203.518s][info][gc,start       ] GC(404) Pause Young (Allocation Failure)
[203.519s][info][gc,heap        ] GC(404) PSYoungGen: 79392K(79872K)->512K(78848K) Eden: 78336K(78336K)->0K(78336K) From: 1056K(1536K)->512K(512K)
[203.519s][info][gc,heap        ] GC(404) ParOldGen: 9155K(1398272K)->9427K(1398272K)
[203.519s][info][gc,metaspace   ] GC(404) Metaspace: 9938K(10240K)->9938K(10240K) NonClass: 8637K(8832K)->8637K(8832K) Class: 1300K(1408K)->1300K(1408K)
[203.519s][info][gc             ] GC(404) Pause Young (Allocation Failure) 86M->9M(1442M) 1.073ms
[203.519s][info][gc,cpu         ] GC(404) User=0.00s Sys=0.00s Real=0.00s
[203.834s][info][gc,start       ] GC(405) Pause Young (Allocation Failure)
[203.835s][info][gc,heap        ] GC(405) PSYoungGen: 78848K(78848K)->1216K(79872K) Eden: 78336K(78336K)->0K(78336K) From: 512K(512K)->1216K(1536K)
[203.835s][info][gc,heap        ] GC(405) ParOldGen: 9427K(1398272K)->9827K(1398272K)
[203.835s][info][gc,metaspace   ] GC(405) Metaspace: 9938K(10240K)->9938K(10240K) NonClass: 8637K(8832K)->8637K(8832K) Class: 1300K(1408K)->1300K(1408K)
[203.836s][info][gc             ] GC(405) Pause Young (Allocation Failure) 86M->10M(1443M) 1.975ms
[203.836s][info][gc,cpu         ] GC(405) User=0.00s Sys=0.00s Real=0.00s
[204.154s][info][gc,start       ] GC(406) Pause Young (Allocation Failure)
[204.155s][info][gc,heap        ] GC(406) PSYoungGen: 79552K(79872K)->1056K(79872K) Eden: 78336K(78336K)->0K(78336K) From: 1216K(1536K)->1056K(1536K)
[204.155s][info][gc,heap        ] GC(406) ParOldGen: 9827K(1398272K)->10267K(1398272K)
[204.155s][info][gc,metaspace   ] GC(406) Metaspace: 9938K(10240K)->9938K(10240K) NonClass: 8637K(8832K)->8637K(8832K) Class: 1300K(1408K)->1300K(1408K)
[204.155s][info][gc             ] GC(406) Pause Young (Allocation Failure) 87M->11M(1443M) 1.237ms
[204.155s][info][gc,cpu         ] GC(406) User=0.00s Sys=0.00s Real=0.00s
[204.465s][info][gc,start       ] GC(407) Pause Young (Allocation Failure)
[204.466s][info][gc,heap        ] GC(407) PSYoungGen: 79392K(79872K)->1056K(79872K) Eden: 78336K(78336K)->0K(78336K) From: 1056K(1536K)->1056K(1536K)
[204.466s][info][gc,heap        ] GC(407) ParOldGen: 10267K(1398272K)->10267K(1398272K)
[204.466s][info][gc,metaspace   ] GC(407) Metaspace: 9938K(10240K)->9938K(10240K) NonClass: 8637K(8832K)->8637K(8832K) Class: 1300K(1408K)->1300K(1408K)
[204.466s][info][gc             ] GC(407) Pause Young (Allocation Failure) 87M->11M(1443M) 1.282ms
[204.466s][info][gc,cpu         ] GC(407) User=0.00s Sys=0.00s Real=0.00s
[204.780s][info][gc,start       ] GC(408) Pause Young (Allocation Failure)
[204.781s][info][gc,heap        ] GC(408) PSYoungGen: 79392K(79872K)->512K(78848K) Eden: 78336K(78336K)->0K(78336K) From: 1056K(1536K)->512K(512K)
[204.781s][info][gc,heap        ] GC(408) ParOldGen: 10267K(1398272K)->10587K(1398272K)
[204.781s][info][gc,metaspace   ] GC(408) Metaspace: 9938K(10240K)->9938K(10240K) NonClass: 8637K(8832K)->8637K(8832K) Class: 1300K(1408K)->1300K(1408K)
[204.781s][info][gc             ] GC(408) Pause Young (Allocation Failure) 87M->10M(1442M) 1.200ms
[204.781s][info][gc,cpu         ] GC(408) User=0.00s Sys=0.00s Real=0.00s
[204.793s][info][gc,start       ] GC(409) Pause Young (System.gc())
[204.795s][info][gc,heap        ] GC(409) PSYoungGen: 3197K(78848K)->992K(79872K) Eden: 2685K(78336K)->0K(78336K) From: 512K(512K)->992K(1536K)
[204.795s][info][gc,heap        ] GC(409) ParOldGen: 10587K(1398272K)->11187K(1398272K)
[204.795s][info][gc,metaspace   ] GC(409) Metaspace: 9939K(10240K)->9939K(10240K) NonClass: 8639K(8832K)->8639K(8832K) Class: 1300K(1408K)->1300K(1408K)
[204.795s][info][gc             ] GC(409) Pause Young (System.gc()) 13M->11M(1443M) 2.190ms
[204.795s][info][gc,cpu         ] GC(409) User=0.00s Sys=0.00s Real=0.00s
[204.795s][info][gc,start       ] GC(410) Pause Full (System.gc())
[204.795s][info][gc,phases,start] GC(410) Marking Phase
[204.810s][info][gc,phases      ] GC(410) Marking Phase 15.077ms
[204.810s][info][gc,phases,start] GC(410) Summary Phase
[204.810s][info][gc,phases      ] GC(410) Summary Phase 0.021ms
[204.810s][info][gc,phases,start] GC(410) Adjust Roots
[204.814s][info][gc,phases      ] GC(410) Adjust Roots 3.890ms
[204.814s][info][gc,phases,start] GC(410) Compaction Phase
[204.818s][info][gc,phases      ] GC(410) Compaction Phase 4.039ms
[204.818s][info][gc,phases,start] GC(410) Post Compact
[204.819s][info][gc,phases      ] GC(410) Post Compact 0.699ms
[204.819s][info][gc,heap        ] GC(410) PSYoungGen: 992K(79872K)->0K(79872K) Eden: 0K(78336K)->0K(78336K) From: 992K(1536K)->0K(1536K)
[204.819s][info][gc,heap        ] GC(410) ParOldGen: 11187K(1398272K)->4075K(1398272K)
[204.819s][info][gc,metaspace   ] GC(410) Metaspace: 9939K(10240K)->9939K(10240K) NonClass: 8639K(8832K)->8639K(8832K) Class: 1300K(1408K)->1300K(1408K)
[204.819s][info][gc             ] GC(410) Pause Full (System.gc()) 11M->3M(1443M) 23.954ms
[204.819s][info][gc,cpu         ] GC(410) User=0.02s Sys=0.00s Real=0.01s
[205.135s][info][gc,start       ] GC(411) Pause Young (Allocation Failure)
[205.137s][info][gc,heap        ] GC(411) PSYoungGen: 78336K(79872K)->1536K(79872K) Eden: 78336K(78336K)->0K(78336K) From: 0K(1536K)->1536K(1536K)
[205.137s][info][gc,heap        ] GC(411) ParOldGen: 4075K(1398272K)->4203K(1398272K)
[205.137s][info][gc,metaspace   ] GC(411) Metaspace: 9939K(10240K)->9939K(10240K) NonClass: 8639K(8832K)->8639K(8832K) Class: 1300K(1408K)->1300K(1408K)
[205.137s][info][gc             ] GC(411) Pause Young (Allocation Failure) 80M->5M(1443M) 1.366ms
[205.137s][info][gc,cpu         ] GC(411) User=0.42s Sys=0.05s Real=0.02s
[205.441s][info][gc,start       ] GC(412) Pause Young (Allocation Failure)
[205.443s][info][gc,heap        ] GC(412) PSYoungGen: 79872K(79872K)->1024K(79360K) Eden: 78336K(78336K)->0K(78336K) From: 1536K(1536K)->1024K(1024K)
[205.443s][info][gc,heap        ] GC(412) ParOldGen: 4203K(1398272K)->5099K(1398272K)
[205.443s][info][gc,metaspace   ] GC(412) Metaspace: 9939K(10240K)->9939K(10240K) NonClass: 8639K(8832K)->8639K(8832K) Class: 1300K(1408K)->1300K(1408K)
[205.443s][info][gc             ] GC(412) Pause Young (Allocation Failure) 82M->5M(1443M) 1.819ms
[205.443s][info][gc,cpu         ] GC(412) User=0.00s Sys=0.00s Real=0.00s
[205.751s][info][gc,start       ] GC(413) Pause Young (Allocation Failure)
[205.752s][info][gc,heap        ] GC(413) PSYoungGen: 79360K(79360K)->1504K(79872K) Eden: 78336K(78336K)->0K(78336K) From: 1024K(1024K)->1504K(1536K)
[205.752s][info][gc,heap        ] GC(413) ParOldGen: 5099K(1398272K)->5187K(1398272K)
[205.752s][info][gc,metaspace   ] GC(413) Metaspace: 9939K(10240K)->9939K(10240K) NonClass: 8639K(8832K)->8639K(8832K) Class: 1300K(1408K)->1300K(1408K)
[205.753s][info][gc             ] GC(413) Pause Young (Allocation Failure) 82M->6M(1443M) 1.568ms
[205.753s][info][gc,cpu         ] GC(413) User=0.44s Sys=0.00s Real=0.01s
[206.064s][info][gc,start       ] GC(414) Pause Young (Allocation Failure)
[206.065s][info][gc,heap        ] GC(414) PSYoungGen: 79840K(79872K)->1120K(79872K) Eden: 78336K(78336K)->0K(78336K) From: 1504K(1536K)->1120K(1536K)
[206.065s][info][gc,heap        ] GC(414) ParOldGen: 5187K(1398272K)->5699K(1398272K)
[206.065s][info][gc,metaspace   ] GC(414) Metaspace: 9939K(10240K)->9939K(10240K) NonClass: 8639K(8832K)->8639K(8832K) Class: 1300K(1408K)->1300K(1408K)
[206.066s][info][gc             ] GC(414) Pause Young (Allocation Failure) 83M->6M(1443M) 1.463ms
[206.066s][info][gc,cpu         ] GC(414) User=0.00s Sys=0.00s Real=0.00s
[206.379s][info][gc,start       ] GC(415) Pause Young (Allocation Failure)
[206.381s][info][gc,heap        ] GC(415) PSYoungGen: 79456K(79872K)->1376K(79872K) Eden: 78336K(78336K)->0K(78336K) From: 1120K(1536K)->1376K(1536K)
[206.381s][info][gc,heap        ] GC(415) ParOldGen: 5699K(1398272K)->6091K(1398272K)
[206.381s][info][gc,metaspace   ] GC(415) Metaspace: 9939K(10240K)->9939K(10240K) NonClass: 8639K(8832K)->8639K(8832K) Class: 1300K(1408K)->1300K(1408K)
[206.381s][info][gc             ] GC(415) Pause Young (Allocation Failure) 83M->7M(1443M) 1.221ms
[206.381s][info][gc,cpu         ] GC(415) User=0.00s Sys=0.00s Real=0.00s
[206.692s][info][gc,start       ] GC(416) Pause Young (Allocation Failure)
[206.693s][info][gc,heap        ] GC(416) PSYoungGen: 79712K(79872K)->1024K(79360K) Eden: 78336K(78336K)->0K(78336K) From: 1376K(1536K)->1024K(1024K)
[206.693s][info][gc,heap        ] GC(416) ParOldGen: 6091K(1398272K)->6587K(1398272K)
[206.694s][info][gc,metaspace   ] GC(416) Metaspace: 9939K(10240K)->9939K(10240K) NonClass: 8639K(8832K)->8639K(8832K) Class: 1300K(1408K)->1300K(1408K)
[206.694s][info][gc             ] GC(416) Pause Young (Allocation Failure) 83M->7M(1443M) 1.463ms
[206.694s][info][gc,cpu         ] GC(416) User=0.00s Sys=0.00s Real=0.00s
[207.010s][info][gc,start       ] GC(417) Pause Young (Allocation Failure)
[207.012s][info][gc,heap        ] GC(417) PSYoungGen: 79360K(79360K)->1056K(79872K) Eden: 78336K(78336K)->0K(78336K) From: 1024K(1024K)->1056K(1536K)
[207.012s][info][gc,heap        ] GC(417) ParOldGen: 6587K(1398272K)->6587K(1398272K)
[207.012s][info][gc,metaspace   ] GC(417) Metaspace: 9939K(10240K)->9939K(10240K) NonClass: 8639K(8832K)->8639K(8832K) Class: 1300K(1408K)->1300K(1408K)
[207.012s][info][gc             ] GC(417) Pause Young (Allocation Failure) 83M->7M(1443M) 1.163ms
[207.012s][info][gc,cpu         ] GC(417) User=0.00s Sys=0.00s Real=0.00s
[207.335s][info][gc,start       ] GC(418) Pause Young (Allocation Failure)
[207.337s][info][gc,heap        ] GC(418) PSYoungGen: 79392K(79872K)->1056K(79872K) Eden: 78336K(78336K)->0K(78336K) From: 1056K(1536K)->1056K(1536K)
[207.337s][info][gc,heap        ] GC(418) ParOldGen: 6587K(1398272K)->6587K(1398272K)
[207.337s][info][gc,metaspace   ] GC(418) Metaspace: 9939K(10240K)->9939K(10240K) NonClass: 8639K(8832K)->8639K(8832K) Class: 1300K(1408K)->1300K(1408K)
[207.337s][info][gc             ] GC(418) Pause Young (Allocation Failure) 83M->7M(1443M) 1.376ms
[207.337s][info][gc,cpu         ] GC(418) User=0.00s Sys=0.00s Real=0.00s
[207.649s][info][gc,start       ] GC(419) Pause Young (Allocation Failure)
[207.650s][info][gc,heap        ] GC(419) PSYoungGen: 79392K(79872K)->1056K(79872K) Eden: 78336K(78336K)->0K(78336K) From: 1056K(1536K)->1056K(1536K)
[207.650s][info][gc,heap        ] GC(419) ParOldGen: 6587K(1398272K)->6587K(1398272K)
[207.650s][info][gc,metaspace   ] GC(419) Metaspace: 9939K(10240K)->9939K(10240K) NonClass: 8639K(8832K)->8639K(8832K) Class: 1300K(1408K)->1300K(1408K)
[207.650s][info][gc             ] GC(419) Pause Young (Allocation Failure) 83M->7M(1443M) 1.058ms
[207.650s][info][gc,cpu         ] GC(419) User=0.00s Sys=0.00s Real=0.00s
[207.962s][info][gc,start       ] GC(420) Pause Young (Allocation Failure)
[207.964s][info][gc,heap        ] GC(420) PSYoungGen: 79391K(79872K)->1056K(79872K) Eden: 78335K(78336K)->0K(78336K) From: 1056K(1536K)->1056K(1536K)
[207.964s][info][gc,heap        ] GC(420) ParOldGen: 6587K(1398272K)->6587K(1398272K)
[207.964s][info][gc,metaspace   ] GC(420) Metaspace: 9939K(10240K)->9939K(10240K) NonClass: 8639K(8832K)->8639K(8832K) Class: 1300K(1408K)->1300K(1408K)
[207.964s][info][gc             ] GC(420) Pause Young (Allocation Failure) 83M->7M(1443M) 1.501ms
[207.964s][info][gc,cpu         ] GC(420) User=0.00s Sys=0.00s Real=0.00s
[208.270s][info][gc,start       ] GC(421) Pause Young (Allocation Failure)
[208.271s][info][gc,heap        ] GC(421) PSYoungGen: 79392K(79872K)->512K(78848K) Eden: 78336K(78336K)->0K(78336K) From: 1056K(1536K)->512K(512K)
[208.271s][info][gc,heap        ] GC(421) ParOldGen: 6587K(1398272K)->6867K(1398272K)
[208.271s][info][gc,metaspace   ] GC(421) Metaspace: 9939K(10240K)->9939K(10240K) NonClass: 8639K(8832K)->8639K(8832K) Class: 1300K(1408K)->1300K(1408K)
[208.271s][info][gc             ] GC(421) Pause Young (Allocation Failure) 83M->7M(1442M) 1.095ms
[208.271s][info][gc,cpu         ] GC(421) User=0.00s Sys=0.00s Real=0.00s
[208.581s][info][gc,start       ] GC(422) Pause Young (Allocation Failure)
[208.583s][info][gc,heap        ] GC(422) PSYoungGen: 78848K(78848K)->960K(79872K) Eden: 78336K(78336K)->0K(78336K) From: 512K(512K)->960K(1536K)
[208.583s][info][gc,heap        ] GC(422) ParOldGen: 6867K(1398272K)->7211K(1398272K)
[208.583s][info][gc,metaspace   ] GC(422) Metaspace: 9939K(10240K)->9939K(10240K) NonClass: 8639K(8832K)->8639K(8832K) Class: 1300K(1408K)->1300K(1408K)
[208.583s][info][gc             ] GC(422) Pause Young (Allocation Failure) 83M->7M(1443M) 2.262ms
[208.583s][info][gc,cpu         ] GC(422) User=0.52s Sys=0.00s Real=0.02s
[208.889s][info][gc,start       ] GC(423) Pause Young (Allocation Failure)
[208.890s][info][gc,heap        ] GC(423) PSYoungGen: 79296K(79872K)->1056K(79872K) Eden: 78336K(78336K)->0K(78336K) From: 960K(1536K)->1056K(1536K)
[208.890s][info][gc,heap        ] GC(423) ParOldGen: 7211K(1398272K)->7339K(1398272K)
[208.890s][info][gc,metaspace   ] GC(423) Metaspace: 9939K(10240K)->9939K(10240K) NonClass: 8639K(8832K)->8639K(8832K) Class: 1300K(1408K)->1300K(1408K)
[208.890s][info][gc             ] GC(423) Pause Young (Allocation Failure) 84M->8M(1443M) 1.046ms
[208.890s][info][gc,cpu         ] GC(423) User=0.00s Sys=0.00s Real=0.00s
[209.201s][info][gc,start       ] GC(424) Pause Young (Allocation Failure)
[209.202s][info][gc,heap        ] GC(424) PSYoungGen: 79392K(79872K)->1056K(79872K) Eden: 78336K(78336K)->0K(78336K) From: 1056K(1536K)->1056K(1536K)
[209.202s][info][gc,heap        ] GC(424) ParOldGen: 7339K(1398272K)->7339K(1398272K)
[209.202s][info][gc,metaspace   ] GC(424) Metaspace: 9939K(10240K)->9939K(10240K) NonClass: 8639K(8832K)->8639K(8832K) Class: 1300K(1408K)->1300K(1408K)
[209.203s][info][gc             ] GC(424) Pause Young (Allocation Failure) 84M->8M(1443M) 1.321ms
[209.203s][info][gc,cpu         ] GC(424) User=0.00s Sys=0.00s Real=0.00s
[209.504s][info][gc,start       ] GC(425) Pause Young (Allocation Failure)
[209.505s][info][gc,heap        ] GC(425) PSYoungGen: 79392K(79872K)->512K(78848K) Eden: 78336K(78336K)->0K(78336K) From: 1056K(1536K)->512K(512K)
[209.505s][info][gc,heap        ] GC(425) ParOldGen: 7339K(1398272K)->7595K(1398272K)
[209.505s][info][gc,metaspace   ] GC(425) Metaspace: 9939K(10240K)->9939K(10240K) NonClass: 8639K(8832K)->8639K(8832K) Class: 1300K(1408K)->1300K(1408K)
[209.505s][info][gc             ] GC(425) Pause Young (Allocation Failure) 84M->7M(1442M) 1.143ms
[209.505s][info][gc,cpu         ] GC(425) User=0.00s Sys=0.00s Real=0.00s
[209.805s][info][gc,start       ] GC(426) Pause Young (Allocation Failure)
[209.807s][info][gc,heap        ] GC(426) PSYoungGen: 78848K(78848K)->992K(79872K) Eden: 78336K(78336K)->0K(78336K) From: 512K(512K)->992K(1536K)
[209.807s][info][gc,heap        ] GC(426) ParOldGen: 7595K(1398272K)->8027K(1398272K)
[209.807s][info][gc,metaspace   ] GC(426) Metaspace: 9939K(10240K)->9939K(10240K) NonClass: 8639K(8832K)->8639K(8832K) Class: 1300K(1408K)->1300K(1408K)
[209.807s][info][gc             ] GC(426) Pause Young (Allocation Failure) 84M->8M(1443M) 2.280ms
[209.807s][info][gc,cpu         ] GC(426) User=0.00s Sys=0.00s Real=0.00s
[210.115s][info][gc,start       ] GC(427) Pause Young (Allocation Failure)
[210.116s][info][gc,heap        ] GC(427) PSYoungGen: 79328K(79872K)->1056K(79872K) Eden: 78336K(78336K)->0K(78336K) From: 992K(1536K)->1056K(1536K)
[210.116s][info][gc,heap        ] GC(427) ParOldGen: 8027K(1398272K)->8099K(1398272K)
[210.116s][info][gc,metaspace   ] GC(427) Metaspace: 9939K(10240K)->9939K(10240K) NonClass: 8639K(8832K)->8639K(8832K) Class: 1300K(1408K)->1300K(1408K)
[210.116s][info][gc             ] GC(427) Pause Young (Allocation Failure) 85M->8M(1443M) 1.190ms
[210.116s][info][gc,cpu         ] GC(427) User=0.00s Sys=0.00s Real=0.00s
[210.421s][info][gc,start       ] GC(428) Pause Young (Allocation Failure)
[210.422s][info][gc,heap        ] GC(428) PSYoungGen: 79392K(79872K)->1024K(79360K) Eden: 78336K(78336K)->0K(78336K) From: 1056K(1536K)->1024K(1024K)
[210.422s][info][gc,heap        ] GC(428) ParOldGen: 8099K(1398272K)->8467K(1398272K)
[210.422s][info][gc,metaspace   ] GC(428) Metaspace: 9939K(10240K)->9939K(10240K) NonClass: 8639K(8832K)->8639K(8832K) Class: 1300K(1408K)->1300K(1408K)
[210.422s][info][gc             ] GC(428) Pause Young (Allocation Failure) 85M->9M(1443M) 1.387ms
[210.422s][info][gc,cpu         ] GC(428) User=0.00s Sys=0.00s Real=0.00s
[210.730s][info][gc,start       ] GC(429) Pause Young (Allocation Failure)
[210.730s][info][gc,heap        ] GC(429) PSYoungGen: 79360K(79360K)->1024K(79360K) Eden: 78336K(78336K)->0K(78336K) From: 1024K(1024K)->1024K(1024K)
[210.730s][info][gc,heap        ] GC(429) ParOldGen: 8467K(1398272K)->8475K(1398272K)
[210.730s][info][gc,metaspace   ] GC(429) Metaspace: 9939K(10240K)->9939K(10240K) NonClass: 8639K(8832K)->8639K(8832K) Class: 1300K(1408K)->1300K(1408K)
[210.731s][info][gc             ] GC(429) Pause Young (Allocation Failure) 85M->9M(1443M) 0.945ms
[210.731s][info][gc,cpu         ] GC(429) User=0.00s Sys=0.00s Real=0.00s
[211.042s][info][gc,start       ] GC(430) Pause Young (Allocation Failure)
[211.043s][info][gc,heap        ] GC(430) PSYoungGen: 79360K(79360K)->1056K(79872K) Eden: 78336K(78336K)->0K(78336K) From: 1024K(1024K)->1056K(1536K)
[211.043s][info][gc,heap        ] GC(430) ParOldGen: 8475K(1398272K)->8715K(1398272K)
[211.044s][info][gc,metaspace   ] GC(430) Metaspace: 9939K(10240K)->9939K(10240K) NonClass: 8639K(8832K)->8639K(8832K) Class: 1300K(1408K)->1300K(1408K)
[211.044s][info][gc             ] GC(430) Pause Young (Allocation Failure) 85M->9M(1443M) 1.300ms
[211.044s][info][gc,cpu         ] GC(430) User=0.00s Sys=0.00s Real=0.00s
[211.320s][info][gc,start       ] GC(431) Pause Young (System.gc())
[211.321s][info][gc,heap        ] GC(431) PSYoungGen: 71791K(79872K)->1024K(79360K) Eden: 70735K(78336K)->0K(78336K) From: 1056K(1536K)->1024K(1024K)
[211.321s][info][gc,heap        ] GC(431) ParOldGen: 8715K(1398272K)->8811K(1398272K)
[211.321s][info][gc,metaspace   ] GC(431) Metaspace: 9939K(10240K)->9939K(10240K) NonClass: 8639K(8832K)->8639K(8832K) Class: 1300K(1408K)->1300K(1408K)
[211.321s][info][gc             ] GC(431) Pause Young (System.gc()) 78M->9M(1443M) 1.042ms
[211.322s][info][gc,cpu         ] GC(431) User=0.00s Sys=0.00s Real=0.00s
[211.322s][info][gc,start       ] GC(432) Pause Full (System.gc())
[211.322s][info][gc,phases,start] GC(432) Marking Phase
[211.338s][info][gc,phases      ] GC(432) Marking Phase 16.104ms
[211.338s][info][gc,phases,start] GC(432) Summary Phase
[211.338s][info][gc,phases      ] GC(432) Summary Phase 0.023ms
[211.338s][info][gc,phases,start] GC(432) Adjust Roots
[211.341s][info][gc,phases      ] GC(432) Adjust Roots 3.122ms
[211.341s][info][gc,phases,start] GC(432) Compaction Phase
[211.344s][info][gc,phases      ] GC(432) Compaction Phase 3.041ms
[211.344s][info][gc,phases,start] GC(432) Post Compact
[211.345s][info][gc,phases      ] GC(432) Post Compact 0.745ms
[211.345s][info][gc,heap        ] GC(432) PSYoungGen: 1024K(79360K)->0K(79360K) Eden: 0K(78336K)->0K(78336K) From: 1024K(1024K)->0K(1024K)
[211.345s][info][gc,heap        ] GC(432) ParOldGen: 8811K(1398272K)->4078K(1398272K)
[211.345s][info][gc,metaspace   ] GC(432) Metaspace: 9939K(10240K)->9939K(10240K) NonClass: 8639K(8832K)->8639K(8832K) Class: 1300K(1408K)->1300K(1408K)
[211.345s][info][gc             ] GC(432) Pause Full (System.gc()) 9M->3M(1443M) 23.298ms
[211.345s][info][gc,cpu         ] GC(432) User=0.91s Sys=0.02s Real=0.03s
[211.663s][info][gc,start       ] GC(433) Pause Young (Allocation Failure)
[211.664s][info][gc,heap        ] GC(433) PSYoungGen: 78336K(79360K)->1536K(79872K) Eden: 78336K(78336K)->0K(78336K) From: 0K(1024K)->1536K(1536K)
[211.664s][info][gc,heap        ] GC(433) ParOldGen: 4078K(1398272K)->4198K(1398272K)
[211.664s][info][gc,metaspace   ] GC(433) Metaspace: 9939K(10240K)->9939K(10240K) NonClass: 8639K(8832K)->8639K(8832K) Class: 1300K(1408K)->1300K(1408K)
[211.664s][info][gc             ] GC(433) Pause Young (Allocation Failure) 80M->5M(1443M) 1.591ms
[211.664s][info][gc,cpu         ] GC(433) User=0.42s Sys=0.03s Real=0.01s
[211.969s][info][gc,start       ] GC(434) Pause Young (Allocation Failure)
[211.970s][info][gc,heap        ] GC(434) PSYoungGen: 79872K(79872K)->1024K(79360K) Eden: 78336K(78336K)->0K(78336K) From: 1536K(1536K)->1024K(1024K)
[211.970s][info][gc,heap        ] GC(434) ParOldGen: 4198K(1398272K)->4758K(1398272K)
[211.970s][info][gc,metaspace   ] GC(434) Metaspace: 9939K(10240K)->9939K(10240K) NonClass: 8639K(8832K)->8639K(8832K) Class: 1300K(1408K)->1300K(1408K)
[211.970s][info][gc             ] GC(434) Pause Young (Allocation Failure) 82M->5M(1443M) 1.366ms
[211.970s][info][gc,cpu         ] GC(434) User=0.00s Sys=0.00s Real=0.00s
[212.276s][info][gc,start       ] GC(435) Pause Young (Allocation Failure)
[212.277s][info][gc,heap        ] GC(435) PSYoungGen: 79360K(79360K)->1088K(79872K) Eden: 78336K(78336K)->0K(78336K) From: 1024K(1024K)->1088K(1536K)
[212.277s][info][gc,heap        ] GC(435) ParOldGen: 4758K(1398272K)->5254K(1398272K)
[212.277s][info][gc,metaspace   ] GC(435) Metaspace: 9939K(10240K)->9939K(10240K) NonClass: 8639K(8832K)->8639K(8832K) Class: 1300K(1408K)->1300K(1408K)
[212.277s][info][gc             ] GC(435) Pause Young (Allocation Failure) 82M->6M(1443M) 1.591ms
[212.277s][info][gc,cpu         ] GC(435) User=0.00s Sys=0.00s Real=0.00s
[212.592s][info][gc,start       ] GC(436) Pause Young (Allocation Failure)
[212.593s][info][gc,heap        ] GC(436) PSYoungGen: 79424K(79872K)->1248K(79872K) Eden: 78336K(78336K)->0K(78336K) From: 1088K(1536K)->1248K(1536K)
[212.593s][info][gc,heap        ] GC(436) ParOldGen: 5254K(1398272K)->5630K(1398272K)
[212.593s][info][gc,metaspace   ] GC(436) Metaspace: 9939K(10240K)->9939K(10240K) NonClass: 8639K(8832K)->8639K(8832K) Class: 1300K(1408K)->1300K(1408K)
[212.593s][info][gc             ] GC(436) Pause Young (Allocation Failure) 82M->6M(1443M) 1.303ms
[212.593s][info][gc,cpu         ] GC(436) User=0.00s Sys=0.00s Real=0.00s
[212.903s][info][gc,start       ] GC(437) Pause Young (Allocation Failure)
[212.905s][info][gc,heap        ] GC(437) PSYoungGen: 79584K(79872K)->1056K(79872K) Eden: 78336K(78336K)->0K(78336K) From: 1248K(1536K)->1056K(1536K)
[212.905s][info][gc,heap        ] GC(437) ParOldGen: 5630K(1398272K)->5990K(1398272K)
[212.905s][info][gc,metaspace   ] GC(437) Metaspace: 9939K(10240K)->9939K(10240K) NonClass: 8639K(8832K)->8639K(8832K) Class: 1300K(1408K)->1300K(1408K)
[212.905s][info][gc             ] GC(437) Pause Young (Allocation Failure) 83M->6M(1443M) 1.302ms
[212.905s][info][gc,cpu         ] GC(437) User=0.00s Sys=0.00s Real=0.00s
[213.218s][info][gc,start       ] GC(438) Pause Young (Allocation Failure)
[213.219s][info][gc,heap        ] GC(438) PSYoungGen: 79392K(79872K)->1056K(79872K) Eden: 78336K(78336K)->0K(78336K) From: 1056K(1536K)->1056K(1536K)
[213.219s][info][gc,heap        ] GC(438) ParOldGen: 5990K(1398272K)->5990K(1398272K)
[213.219s][info][gc,metaspace   ] GC(438) Metaspace: 9939K(10240K)->9939K(10240K) NonClass: 8639K(8832K)->8639K(8832K) Class: 1300K(1408K)->1300K(1408K)
[213.219s][info][gc             ] GC(438) Pause Young (Allocation Failure) 83M->6M(1443M) 1.023ms
[213.219s][info][gc,cpu         ] GC(438) User=0.00s Sys=0.00s Real=0.00s
[213.521s][info][gc,start       ] GC(439) Pause Young (Allocation Failure)
[213.522s][info][gc,heap        ] GC(439) PSYoungGen: 79392K(79872K)->1056K(79872K) Eden: 78336K(78336K)->0K(78336K) From: 1056K(1536K)->1056K(1536K)
[213.522s][info][gc,heap        ] GC(439) ParOldGen: 5990K(1398272K)->5990K(1398272K)
[213.522s][info][gc,metaspace   ] GC(439) Metaspace: 9939K(10240K)->9939K(10240K) NonClass: 8639K(8832K)->8639K(8832K) Class: 1300K(1408K)->1300K(1408K)
[213.522s][info][gc             ] GC(439) Pause Young (Allocation Failure) 83M->6M(1443M) 1.527ms
[213.523s][info][gc,cpu         ] GC(439) User=0.00s Sys=0.00s Real=0.00s
[213.842s][info][gc,start       ] GC(440) Pause Young (Allocation Failure)
[213.843s][info][gc,heap        ] GC(440) PSYoungGen: 79392K(79872K)->1088K(79872K) Eden: 78336K(78336K)->0K(78336K) From: 1056K(1536K)->1088K(1536K)
[213.843s][info][gc,heap        ] GC(440) ParOldGen: 5990K(1398272K)->6358K(1398272K)
[213.843s][info][gc,metaspace   ] GC(440) Metaspace: 9939K(10240K)->9939K(10240K) NonClass: 8639K(8832K)->8639K(8832K) Class: 1300K(1408K)->1300K(1408K)
[213.843s][info][gc             ] GC(440) Pause Young (Allocation Failure) 83M->7M(1443M) 1.127ms
[213.843s][info][gc,cpu         ] GC(440) User=0.00s Sys=0.00s Real=0.00s
[214.157s][info][gc,start       ] GC(441) Pause Young (Allocation Failure)
[214.159s][info][gc,heap        ] GC(441) PSYoungGen: 79424K(79872K)->1056K(79872K) Eden: 78336K(78336K)->0K(78336K) From: 1088K(1536K)->1056K(1536K)
[214.159s][info][gc,heap        ] GC(441) ParOldGen: 6358K(1398272K)->6750K(1398272K)
[214.159s][info][gc,metaspace   ] GC(441) Metaspace: 9939K(10240K)->9939K(10240K) NonClass: 8639K(8832K)->8639K(8832K) Class: 1300K(1408K)->1300K(1408K)
[214.159s][info][gc             ] GC(441) Pause Young (Allocation Failure) 83M->7M(1443M) 1.616ms
[214.159s][info][gc,cpu         ] GC(441) User=0.02s Sys=0.00s Real=0.02s
[214.464s][info][gc,start       ] GC(442) Pause Young (Allocation Failure)
[214.465s][info][gc,heap        ] GC(442) PSYoungGen: 79392K(79872K)->512K(78848K) Eden: 78336K(78336K)->0K(78336K) From: 1056K(1536K)->512K(512K)
[214.465s][info][gc,heap        ] GC(442) ParOldGen: 6750K(1398272K)->6990K(1398272K)
[214.465s][info][gc,metaspace   ] GC(442) Metaspace: 9939K(10240K)->9939K(10240K) NonClass: 8639K(8832K)->8639K(8832K) Class: 1300K(1408K)->1300K(1408K)
[214.465s][info][gc             ] GC(442) Pause Young (Allocation Failure) 84M->7M(1442M) 1.083ms
[214.465s][info][gc,cpu         ] GC(442) User=0.00s Sys=0.00s Real=0.00s
[214.770s][info][gc,start       ] GC(443) Pause Young (Allocation Failure)
[214.771s][info][gc,heap        ] GC(443) PSYoungGen: 78848K(78848K)->992K(79872K) Eden: 78336K(78336K)->0K(78336K) From: 512K(512K)->992K(1536K)
[214.771s][info][gc,heap        ] GC(443) ParOldGen: 6990K(1398272K)->7326K(1398272K)
[214.771s][info][gc,metaspace   ] GC(443) Metaspace: 9939K(10240K)->9939K(10240K) NonClass: 8639K(8832K)->8639K(8832K) Class: 1300K(1408K)->1300K(1408K)
[214.772s][info][gc             ] GC(443) Pause Young (Allocation Failure) 83M->8M(1443M) 1.903ms
[214.772s][info][gc,cpu         ] GC(443) User=0.00s Sys=0.00s Real=0.00s
[215.081s][info][gc,start       ] GC(444) Pause Young (Allocation Failure)
[215.082s][info][gc,heap        ] GC(444) PSYoungGen: 79328K(79872K)->1056K(79872K) Eden: 78336K(78336K)->0K(78336K) From: 992K(1536K)->1056K(1536K)
[215.082s][info][gc,heap        ] GC(444) ParOldGen: 7326K(1398272K)->7430K(1398272K)
[215.082s][info][gc,metaspace   ] GC(444) Metaspace: 9939K(10240K)->9939K(10240K) NonClass: 8639K(8832K)->8639K(8832K) Class: 1300K(1408K)->1300K(1408K)
[215.082s][info][gc             ] GC(444) Pause Young (Allocation Failure) 84M->8M(1443M) 1.100ms
[215.082s][info][gc,cpu         ] GC(444) User=0.00s Sys=0.00s Real=0.00s
[215.383s][info][gc,start       ] GC(445) Pause Young (Allocation Failure)
[215.384s][info][gc,heap        ] GC(445) PSYoungGen: 79392K(79872K)->1056K(79872K) Eden: 78336K(78336K)->0K(78336K) From: 1056K(1536K)->1056K(1536K)
[215.384s][info][gc,heap        ] GC(445) ParOldGen: 7430K(1398272K)->7798K(1398272K)
[215.385s][info][gc,metaspace   ] GC(445) Metaspace: 9939K(10240K)->9939K(10240K) NonClass: 8639K(8832K)->8639K(8832K) Class: 1300K(1408K)->1300K(1408K)
[215.385s][info][gc             ] GC(445) Pause Young (Allocation Failure) 84M->8M(1443M) 1.467ms
[215.385s][info][gc,cpu         ] GC(445) User=0.00s Sys=0.00s Real=0.00s
[215.693s][info][gc,start       ] GC(446) Pause Young (Allocation Failure)
[215.694s][info][gc,heap        ] GC(446) PSYoungGen: 79392K(79872K)->512K(78848K) Eden: 78336K(78336K)->0K(78336K) From: 1056K(1536K)->512K(512K)
[215.694s][info][gc,heap        ] GC(446) ParOldGen: 7798K(1398272K)->8046K(1398272K)
[215.694s][info][gc,metaspace   ] GC(446) Metaspace: 9939K(10240K)->9939K(10240K) NonClass: 8639K(8832K)->8639K(8832K) Class: 1300K(1408K)->1300K(1408K)
[215.694s][info][gc             ] GC(446) Pause Young (Allocation Failure) 85M->8M(1442M) 1.069ms
[215.694s][info][gc,cpu         ] GC(446) User=0.00s Sys=0.00s Real=0.00s
[216.009s][info][gc,start       ] GC(447) Pause Young (Allocation Failure)
[216.012s][info][gc,heap        ] GC(447) PSYoungGen: 78848K(78848K)->1024K(79872K) Eden: 78336K(78336K)->0K(78336K) From: 512K(512K)->1024K(1536K)
[216.012s][info][gc,heap        ] GC(447) ParOldGen: 8046K(1398272K)->8478K(1398272K)
[216.012s][info][gc,metaspace   ] GC(447) Metaspace: 9939K(10240K)->9939K(10240K) NonClass: 8639K(8832K)->8639K(8832K) Class: 1300K(1408K)->1300K(1408K)
[216.012s][info][gc             ] GC(447) Pause Young (Allocation Failure) 84M->9M(1443M) 3.206ms
[216.012s][info][gc,cpu         ] GC(447) User=0.00s Sys=0.00s Real=0.00s
[216.325s][info][gc,start       ] GC(448) Pause Young (Allocation Failure)
[216.326s][info][gc,heap        ] GC(448) PSYoungGen: 79360K(79872K)->1056K(79872K) Eden: 78336K(78336K)->0K(78336K) From: 1024K(1536K)->1056K(1536K)
[216.326s][info][gc,heap        ] GC(448) ParOldGen: 8478K(1398272K)->8662K(1398272K)
[216.326s][info][gc,metaspace   ] GC(448) Metaspace: 9939K(10240K)->9939K(10240K) NonClass: 8639K(8832K)->8639K(8832K) Class: 1300K(1408K)->1300K(1408K)
[216.326s][info][gc             ] GC(448) Pause Young (Allocation Failure) 85M->9M(1443M) 1.044ms
[216.326s][info][gc,cpu         ] GC(448) User=0.00s Sys=0.00s Real=0.00s
[216.636s][info][gc,start       ] GC(449) Pause Young (Allocation Failure)
[216.637s][info][gc,heap        ] GC(449) PSYoungGen: 79392K(79872K)->1056K(79872K) Eden: 78336K(78336K)->0K(78336K) From: 1056K(1536K)->1056K(1536K)
[216.637s][info][gc,heap        ] GC(449) ParOldGen: 8662K(1398272K)->8662K(1398272K)
[216.637s][info][gc,metaspace   ] GC(449) Metaspace: 9939K(10240K)->9939K(10240K) NonClass: 8639K(8832K)->8639K(8832K) Class: 1300K(1408K)->1300K(1408K)
[216.637s][info][gc             ] GC(449) Pause Young (Allocation Failure) 85M->9M(1443M) 1.239ms
[216.637s][info][gc,cpu         ] GC(449) User=0.00s Sys=0.00s Real=0.00s
[216.947s][info][gc,start       ] GC(450) Pause Young (Allocation Failure)
[216.948s][info][gc,heap        ] GC(450) PSYoungGen: 79392K(79872K)->512K(78848K) Eden: 78336K(78336K)->0K(78336K) From: 1056K(1536K)->512K(512K)
[216.948s][info][gc,heap        ] GC(450) ParOldGen: 8662K(1398272K)->8926K(1398272K)
[216.948s][info][gc,metaspace   ] GC(450) Metaspace: 9939K(10240K)->9939K(10240K) NonClass: 8639K(8832K)->8639K(8832K) Class: 1300K(1408K)->1300K(1408K)
[216.948s][info][gc             ] GC(450) Pause Young (Allocation Failure) 85M->9M(1442M) 1.104ms
[216.948s][info][gc,cpu         ] GC(450) User=0.00s Sys=0.00s Real=0.00s
[217.267s][info][gc,start       ] GC(451) Pause Young (Allocation Failure)
[217.269s][info][gc,heap        ] GC(451) PSYoungGen: 78848K(78848K)->1248K(79872K) Eden: 78336K(78336K)->0K(78336K) From: 512K(512K)->1248K(1536K)
[217.269s][info][gc,heap        ] GC(451) ParOldGen: 8926K(1398272K)->9342K(1398272K)
[217.269s][info][gc,metaspace   ] GC(451) Metaspace: 9939K(10240K)->9939K(10240K) NonClass: 8639K(8832K)->8639K(8832K) Class: 1300K(1408K)->1300K(1408K)
[217.269s][info][gc             ] GC(451) Pause Young (Allocation Failure) 85M->10M(1443M) 1.630ms
[217.269s][info][gc,cpu         ] GC(451) User=0.00s Sys=0.00s Real=0.00s
[217.572s][info][gc,start       ] GC(452) Pause Young (Allocation Failure)
[217.573s][info][gc,heap        ] GC(452) PSYoungGen: 79584K(79872K)->1024K(79360K) Eden: 78336K(78336K)->0K(78336K) From: 1248K(1536K)->1024K(1024K)
[217.573s][info][gc,heap        ] GC(452) ParOldGen: 9342K(1398272K)->9710K(1398272K)
[217.573s][info][gc,metaspace   ] GC(452) Metaspace: 9939K(10240K)->9939K(10240K) NonClass: 8639K(8832K)->8639K(8832K) Class: 1300K(1408K)->1300K(1408K)
[217.573s][info][gc             ] GC(452) Pause Young (Allocation Failure) 86M->10M(1443M) 1.310ms
[217.573s][info][gc,cpu         ] GC(452) User=0.00s Sys=0.00s Real=0.00s
[217.886s][info][gc,start       ] GC(453) Pause Young (System.gc())
[217.887s][info][gc,heap        ] GC(453) PSYoungGen: 77551K(79360K)->1056K(79872K) Eden: 76527K(78336K)->0K(78336K) From: 1024K(1024K)->1056K(1536K)
[217.887s][info][gc,heap        ] GC(453) ParOldGen: 9710K(1398272K)->9710K(1398272K)
[217.887s][info][gc,metaspace   ] GC(453) Metaspace: 9939K(10240K)->9939K(10240K) NonClass: 8639K(8832K)->8639K(8832K) Class: 1300K(1408K)->1300K(1408K)
[217.887s][info][gc             ] GC(453) Pause Young (System.gc()) 85M->10M(1443M) 1.200ms
[217.887s][info][gc,cpu         ] GC(453) User=0.00s Sys=0.00s Real=0.00s
[217.887s][info][gc,start       ] GC(454) Pause Full (System.gc())
[217.887s][info][gc,phases,start] GC(454) Marking Phase
[217.903s][info][gc,phases      ] GC(454) Marking Phase 15.959ms
[217.903s][info][gc,phases,start] GC(454) Summary Phase
[217.903s][info][gc,phases      ] GC(454) Summary Phase 0.021ms
[217.903s][info][gc,phases,start] GC(454) Adjust Roots
[217.908s][info][gc,phases      ] GC(454) Adjust Roots 4.531ms
[217.908s][info][gc,phases,start] GC(454) Compaction Phase
[217.911s][info][gc,phases      ] GC(454) Compaction Phase 3.440ms
[217.911s][info][gc,phases,start] GC(454) Post Compact
[217.912s][info][gc,phases      ] GC(454) Post Compact 0.762ms
[217.912s][info][gc,heap        ] GC(454) PSYoungGen: 1056K(79872K)->0K(79872K) Eden: 0K(78336K)->0K(78336K) From: 1056K(1536K)->0K(1536K)
[217.912s][info][gc,heap        ] GC(454) ParOldGen: 9710K(1398272K)->4078K(1398272K)
[217.912s][info][gc,metaspace   ] GC(454) Metaspace: 9939K(10240K)->9939K(10240K) NonClass: 8639K(8832K)->8639K(8832K) Class: 1300K(1408K)->1300K(1408K)
[217.912s][info][gc             ] GC(454) Pause Full (System.gc()) 10M->3M(1443M) 24.977ms
[217.912s][info][gc,cpu         ] GC(454) User=0.33s Sys=0.03s Real=0.02s
[218.226s][info][gc,start       ] GC(455) Pause Young (Allocation Failure)
[218.228s][info][gc,heap        ] GC(455) PSYoungGen: 78336K(79872K)->1024K(79360K) Eden: 78336K(78336K)->0K(78336K) From: 0K(1536K)->1024K(1024K)
[218.228s][info][gc,heap        ] GC(455) ParOldGen: 4078K(1398272K)->4390K(1398272K)
[218.228s][info][gc,metaspace   ] GC(455) Metaspace: 9939K(10240K)->9939K(10240K) NonClass: 8639K(8832K)->8639K(8832K) Class: 1300K(1408K)->1300K(1408K)
[218.228s][info][gc             ] GC(455) Pause Young (Allocation Failure) 80M->5M(1443M) 1.384ms
[218.228s][info][gc,cpu         ] GC(455) User=0.00s Sys=0.00s Real=0.00s
[218.537s][info][gc,start       ] GC(456) Pause Young (Allocation Failure)
[218.538s][info][gc,heap        ] GC(456) PSYoungGen: 79360K(79360K)->1184K(79872K) Eden: 78336K(78336K)->0K(78336K) From: 1024K(1024K)->1184K(1536K)
[218.538s][info][gc,heap        ] GC(456) ParOldGen: 4390K(1398272K)->5158K(1398272K)
[218.538s][info][gc,metaspace   ] GC(456) Metaspace: 9939K(10240K)->9939K(10240K) NonClass: 8639K(8832K)->8639K(8832K) Class: 1300K(1408K)->1300K(1408K)
[218.538s][info][gc             ] GC(456) Pause Young (Allocation Failure) 81M->6M(1443M) 1.661ms
[218.538s][info][gc,cpu         ] GC(456) User=0.00s Sys=0.00s Real=0.00s
[218.844s][info][gc,start       ] GC(457) Pause Young (Allocation Failure)
[218.845s][info][gc,heap        ] GC(457) PSYoungGen: 79520K(79872K)->1024K(79360K) Eden: 78336K(78336K)->0K(78336K) From: 1184K(1536K)->1024K(1024K)
[218.845s][info][gc,heap        ] GC(457) ParOldGen: 5158K(1398272K)->5518K(1398272K)
[218.845s][info][gc,metaspace   ] GC(457) Metaspace: 9939K(10240K)->9939K(10240K) NonClass: 8639K(8832K)->8639K(8832K) Class: 1300K(1408K)->1300K(1408K)
[218.845s][info][gc             ] GC(457) Pause Young (Allocation Failure) 82M->6M(1443M) 1.129ms
[218.845s][info][gc,cpu         ] GC(457) User=0.00s Sys=0.00s Real=0.00s
[219.158s][info][gc,start       ] GC(458) Pause Young (Allocation Failure)
[219.159s][info][gc,heap        ] GC(458) PSYoungGen: 79360K(79360K)->992K(79360K) Eden: 78336K(78336K)->0K(78336K) From: 1024K(1024K)->992K(1024K)
[219.159s][info][gc,heap        ] GC(458) ParOldGen: 5518K(1398272K)->5910K(1398272K)
[219.159s][info][gc,metaspace   ] GC(458) Metaspace: 9939K(10240K)->9939K(10240K) NonClass: 8639K(8832K)->8639K(8832K) Class: 1300K(1408K)->1300K(1408K)
[219.159s][info][gc             ] GC(458) Pause Young (Allocation Failure) 82M->6M(1443M) 1.290ms
[219.159s][info][gc,cpu         ] GC(458) User=0.00s Sys=0.00s Real=0.00s
[219.471s][info][gc,start       ] GC(459) Pause Young (Allocation Failure)
[219.472s][info][gc,heap        ] GC(459) PSYoungGen: 79328K(79360K)->1056K(79872K) Eden: 78336K(78336K)->0K(78336K) From: 992K(1024K)->1056K(1536K)
[219.472s][info][gc,heap        ] GC(459) ParOldGen: 5910K(1398272K)->5910K(1398272K)
[219.472s][info][gc,metaspace   ] GC(459) Metaspace: 9939K(10240K)->9939K(10240K) NonClass: 8639K(8832K)->8639K(8832K) Class: 1300K(1408K)->1300K(1408K)
[219.472s][info][gc             ] GC(459) Pause Young (Allocation Failure) 83M->6M(1443M) 1.077ms
[219.472s][info][gc,cpu         ] GC(459) User=0.00s Sys=0.00s Real=0.00s
[219.783s][info][gc,start       ] GC(460) Pause Young (Allocation Failure)
[219.784s][info][gc,heap        ] GC(460) PSYoungGen: 79392K(79872K)->1184K(79872K) Eden: 78336K(78336K)->0K(78336K) From: 1056K(1536K)->1184K(1536K)
[219.784s][info][gc,heap        ] GC(460) ParOldGen: 5910K(1398272K)->6278K(1398272K)
[219.784s][info][gc,metaspace   ] GC(460) Metaspace: 9939K(10240K)->9939K(10240K) NonClass: 8639K(8832K)->8639K(8832K) Class: 1300K(1408K)->1300K(1408K)
[219.785s][info][gc             ] GC(460) Pause Young (Allocation Failure) 83M->7M(1443M) 1.565ms
[219.785s][info][gc,cpu         ] GC(460) User=0.00s Sys=0.00s Real=0.00s
[220.093s][info][gc,start       ] GC(461) Pause Young (Allocation Failure)
[220.094s][info][gc,heap        ] GC(461) PSYoungGen: 79520K(79872K)->512K(78848K) Eden: 78336K(78336K)->0K(78336K) From: 1184K(1536K)->512K(512K)
[220.094s][info][gc,heap        ] GC(461) ParOldGen: 6278K(1398272K)->6726K(1398272K)
[220.094s][info][gc,metaspace   ] GC(461) Metaspace: 9939K(10240K)->9939K(10240K) NonClass: 8639K(8832K)->8639K(8832K) Class: 1300K(1408K)->1300K(1408K)
[220.094s][info][gc             ] GC(461) Pause Young (Allocation Failure) 83M->7M(1442M) 1.134ms
[220.094s][info][gc,cpu         ] GC(461) User=0.00s Sys=0.00s Real=0.00s
[220.408s][info][gc,start       ] GC(462) Pause Young (Allocation Failure)
[220.409s][info][gc,heap        ] GC(462) PSYoungGen: 78848K(78848K)->960K(79872K) Eden: 78336K(78336K)->0K(78336K) From: 512K(512K)->960K(1536K)
[220.409s][info][gc,heap        ] GC(462) ParOldGen: 6726K(1398272K)->7142K(1398272K)
[220.409s][info][gc,metaspace   ] GC(462) Metaspace: 9939K(10240K)->9939K(10240K) NonClass: 8639K(8832K)->8639K(8832K) Class: 1300K(1408K)->1300K(1408K)
[220.409s][info][gc             ] GC(462) Pause Young (Allocation Failure) 83M->7M(1443M) 1.259ms
[220.409s][info][gc,cpu         ] GC(462) User=0.00s Sys=0.00s Real=0.00s
[220.725s][info][gc,start       ] GC(463) Pause Young (Allocation Failure)
[220.726s][info][gc,heap        ] GC(463) PSYoungGen: 79296K(79872K)->1056K(79872K) Eden: 78336K(78336K)->0K(78336K) From: 960K(1536K)->1056K(1536K)
[220.726s][info][gc,heap        ] GC(463) ParOldGen: 7142K(1398272K)->7254K(1398272K)
[220.726s][info][gc,metaspace   ] GC(463) Metaspace: 9939K(10240K)->9939K(10240K) NonClass: 8639K(8832K)->8639K(8832K) Class: 1300K(1408K)->1300K(1408K)
[220.726s][info][gc             ] GC(463) Pause Young (Allocation Failure) 84M->8M(1443M) 1.058ms
[220.726s][info][gc,cpu         ] GC(463) User=0.52s Sys=0.00s Real=0.01s
[221.039s][info][gc,start       ] GC(464) Pause Young (Allocation Failure)
[221.046s][info][gc,heap        ] GC(464) PSYoungGen: 79392K(79872K)->1088K(79872K) Eden: 78336K(78336K)->0K(78336K) From: 1056K(1536K)->1088K(1536K)
[221.046s][info][gc,heap        ] GC(464) ParOldGen: 7254K(1398272K)->7254K(1398272K)
[221.046s][info][gc,metaspace   ] GC(464) Metaspace: 9939K(10240K)->9939K(10240K) NonClass: 8639K(8832K)->8639K(8832K) Class: 1300K(1408K)->1300K(1408K)
[221.046s][info][gc             ] GC(464) Pause Young (Allocation Failure) 84M->8M(1443M) 7.149ms
[221.046s][info][gc,cpu         ] GC(464) User=0.00s Sys=0.00s Real=0.00s
[221.356s][info][gc,start       ] GC(465) Pause Young (Allocation Failure)
[221.358s][info][gc,heap        ] GC(465) PSYoungGen: 79424K(79872K)->512K(78848K) Eden: 78336K(78336K)->0K(78336K) From: 1088K(1536K)->512K(512K)
[221.358s][info][gc,heap        ] GC(465) ParOldGen: 7254K(1398272K)->7726K(1398272K)
[221.358s][info][gc,metaspace   ] GC(465) Metaspace: 9939K(10240K)->9939K(10240K) NonClass: 8639K(8832K)->8639K(8832K) Class: 1300K(1408K)->1300K(1408K)
[221.358s][info][gc             ] GC(465) Pause Young (Allocation Failure) 84M->8M(1442M) 1.247ms
[221.358s][info][gc,cpu         ] GC(465) User=0.00s Sys=0.00s Real=0.00s
[221.677s][info][gc,start       ] GC(466) Pause Young (Allocation Failure)
[221.679s][info][gc,heap        ] GC(466) PSYoungGen: 78848K(78848K)->1184K(79872K) Eden: 78336K(78336K)->0K(78336K) From: 512K(512K)->1184K(1536K)
[221.679s][info][gc,heap        ] GC(466) ParOldGen: 7726K(1398272K)->8358K(1398272K)
[221.679s][info][gc,metaspace   ] GC(466) Metaspace: 9939K(10240K)->9939K(10240K) NonClass: 8639K(8832K)->8639K(8832K) Class: 1300K(1408K)->1300K(1408K)
[221.679s][info][gc             ] GC(466) Pause Young (Allocation Failure) 84M->9M(1443M) 2.200ms
[221.679s][info][gc,cpu         ] GC(466) User=0.52s Sys=0.00s Real=0.02s
[221.994s][info][gc,start       ] GC(467) Pause Young (Allocation Failure)
[221.995s][info][gc,heap        ] GC(467) PSYoungGen: 79520K(79872K)->1056K(79872K) Eden: 78336K(78336K)->0K(78336K) From: 1184K(1536K)->1056K(1536K)
[221.995s][info][gc,heap        ] GC(467) ParOldGen: 8358K(1398272K)->8542K(1398272K)
[221.995s][info][gc,metaspace   ] GC(467) Metaspace: 9939K(10240K)->9939K(10240K) NonClass: 8639K(8832K)->8639K(8832K) Class: 1300K(1408K)->1300K(1408K)
[221.995s][info][gc             ] GC(467) Pause Young (Allocation Failure) 85M->9M(1443M) 1.032ms
[221.995s][info][gc,cpu         ] GC(467) User=0.00s Sys=0.00s Real=0.00s
[222.305s][info][gc,start       ] GC(468) Pause Young (Allocation Failure)
[222.322s][info][gc,heap        ] GC(468) PSYoungGen: 79392K(79872K)->1056K(79872K) Eden: 78336K(78336K)->0K(78336K) From: 1056K(1536K)->1056K(1536K)
[222.322s][info][gc,heap        ] GC(468) ParOldGen: 8542K(1398272K)->8542K(1398272K)
[222.322s][info][gc,metaspace   ] GC(468) Metaspace: 9939K(10240K)->9939K(10240K) NonClass: 8639K(8832K)->8639K(8832K) Class: 1300K(1408K)->1300K(1408K)
[222.322s][info][gc             ] GC(468) Pause Young (Allocation Failure) 85M->9M(1443M) 17.003ms
[222.323s][info][gc,cpu         ] GC(468) User=0.00s Sys=0.00s Real=0.02s
[222.631s][info][gc,start       ] GC(469) Pause Young (Allocation Failure)
[222.632s][info][gc,heap        ] GC(469) PSYoungGen: 79392K(79872K)->512K(78848K) Eden: 78336K(78336K)->0K(78336K) From: 1056K(1536K)->512K(512K)
[222.632s][info][gc,heap        ] GC(469) ParOldGen: 8542K(1398272K)->8750K(1398272K)
[222.632s][info][gc,metaspace   ] GC(469) Metaspace: 9939K(10240K)->9939K(10240K) NonClass: 8639K(8832K)->8639K(8832K) Class: 1300K(1408K)->1300K(1408K)
[222.633s][info][gc             ] GC(469) Pause Young (Allocation Failure) 85M->9M(1442M) 1.094ms
[222.633s][info][gc,cpu         ] GC(469) User=0.00s Sys=0.00s Real=0.00s
[222.944s][info][gc,start       ] GC(470) Pause Young (Allocation Failure)
[222.946s][info][gc,heap        ] GC(470) PSYoungGen: 78848K(78848K)->1024K(79872K) Eden: 78336K(78336K)->0K(78336K) From: 512K(512K)->1024K(1536K)
[222.946s][info][gc,heap        ] GC(470) ParOldGen: 8750K(1398272K)->9158K(1398272K)
[222.946s][info][gc,metaspace   ] GC(470) Metaspace: 9939K(10240K)->9939K(10240K) NonClass: 8639K(8832K)->8639K(8832K) Class: 1300K(1408K)->1300K(1408K)
[222.946s][info][gc             ] GC(470) Pause Young (Allocation Failure) 85M->9M(1443M) 1.485ms
[222.946s][info][gc,cpu         ] GC(470) User=0.00s Sys=0.00s Real=0.00s
[223.261s][info][gc,start       ] GC(471) Pause Young (Allocation Failure)
[223.262s][info][gc,heap        ] GC(471) PSYoungGen: 79360K(79872K)->1056K(79872K) Eden: 78336K(78336K)->0K(78336K) From: 1024K(1536K)->1056K(1536K)
[223.262s][info][gc,heap        ] GC(471) ParOldGen: 9158K(1398272K)->9286K(1398272K)
[223.262s][info][gc,metaspace   ] GC(471) Metaspace: 9939K(10240K)->9939K(10240K) NonClass: 8639K(8832K)->8639K(8832K) Class: 1300K(1408K)->1300K(1408K)
[223.262s][info][gc             ] GC(471) Pause Young (Allocation Failure) 86M->10M(1443M) 1.022ms
[223.262s][info][gc,cpu         ] GC(471) User=0.00s Sys=0.00s Real=0.00s
[223.579s][info][gc,start       ] GC(472) Pause Young (Allocation Failure)
[223.580s][info][gc,heap        ] GC(472) PSYoungGen: 79392K(79872K)->1056K(79872K) Eden: 78336K(78336K)->0K(78336K) From: 1056K(1536K)->1056K(1536K)
[223.580s][info][gc,heap        ] GC(472) ParOldGen: 9286K(1398272K)->9286K(1398272K)
[223.580s][info][gc,metaspace   ] GC(472) Metaspace: 9939K(10240K)->9939K(10240K) NonClass: 8639K(8832K)->8639K(8832K) Class: 1300K(1408K)->1300K(1408K)
[223.580s][info][gc             ] GC(472) Pause Young (Allocation Failure) 86M->10M(1443M) 1.347ms
[223.580s][info][gc,cpu         ] GC(472) User=0.00s Sys=0.00s Real=0.00s
[223.890s][info][gc,start       ] GC(473) Pause Young (Allocation Failure)
[223.891s][info][gc,heap        ] GC(473) PSYoungGen: 79392K(79872K)->512K(78848K) Eden: 78336K(78336K)->0K(78336K) From: 1056K(1536K)->512K(512K)
[223.891s][info][gc,heap        ] GC(473) ParOldGen: 9286K(1398272K)->9558K(1398272K)
[223.891s][info][gc,metaspace   ] GC(473) Metaspace: 9939K(10240K)->9939K(10240K) NonClass: 8639K(8832K)->8639K(8832K) Class: 1300K(1408K)->1300K(1408K)
[223.891s][info][gc             ] GC(473) Pause Young (Allocation Failure) 86M->9M(1442M) 1.073ms
[223.891s][info][gc,cpu         ] GC(473) User=0.00s Sys=0.00s Real=0.00s
[224.208s][info][gc,start       ] GC(474) Pause Young (Allocation Failure)
[224.210s][info][gc,heap        ] GC(474) PSYoungGen: 78848K(78848K)->928K(79872K) Eden: 78336K(78336K)->0K(78336K) From: 512K(512K)->928K(1536K)
[224.210s][info][gc,heap        ] GC(474) ParOldGen: 9558K(1398272K)->9918K(1398272K)
[224.210s][info][gc,metaspace   ] GC(474) Metaspace: 9939K(10240K)->9939K(10240K) NonClass: 8639K(8832K)->8639K(8832K) Class: 1300K(1408K)->1300K(1408K)
[224.210s][info][gc             ] GC(474) Pause Young (Allocation Failure) 86M->10M(1443M) 2.205ms
[224.210s][info][gc,cpu         ] GC(474) User=0.52s Sys=0.00s Real=0.02s
[224.480s][info][gc,start       ] GC(475) Pause Young (System.gc())
[224.481s][info][gc,heap        ] GC(475) PSYoungGen: 68136K(79872K)->1056K(79872K) Eden: 67208K(78336K)->0K(78336K) From: 928K(1536K)->1056K(1536K)
[224.481s][info][gc,heap        ] GC(475) ParOldGen: 9918K(1398272K)->10046K(1398272K)
[224.481s][info][gc,metaspace   ] GC(475) Metaspace: 9939K(10240K)->9939K(10240K) NonClass: 8639K(8832K)->8639K(8832K) Class: 1300K(1408K)->1300K(1408K)
[224.481s][info][gc             ] GC(475) Pause Young (System.gc()) 76M->10M(1443M) 1.023ms
[224.481s][info][gc,cpu         ] GC(475) User=0.00s Sys=0.00s Real=0.00s
[224.482s][info][gc,start       ] GC(476) Pause Full (System.gc())
[224.482s][info][gc,phases,start] GC(476) Marking Phase
[224.499s][info][gc,phases      ] GC(476) Marking Phase 17.714ms
[224.499s][info][gc,phases,start] GC(476) Summary Phase
[224.499s][info][gc,phases      ] GC(476) Summary Phase 0.022ms
[224.499s][info][gc,phases,start] GC(476) Adjust Roots
[224.504s][info][gc,phases      ] GC(476) Adjust Roots 4.220ms
[224.504s][info][gc,phases,start] GC(476) Compaction Phase
[224.508s][info][gc,phases      ] GC(476) Compaction Phase 4.194ms
[224.508s][info][gc,phases,start] GC(476) Post Compact
[224.509s][info][gc,phases      ] GC(476) Post Compact 0.771ms
[224.509s][info][gc,heap        ] GC(476) PSYoungGen: 1056K(79872K)->0K(79872K) Eden: 0K(78336K)->0K(78336K) From: 1056K(1536K)->0K(1536K)
[224.509s][info][gc,heap        ] GC(476) ParOldGen: 10046K(1398272K)->4078K(1398272K)
[224.509s][info][gc,metaspace   ] GC(476) Metaspace: 9939K(10240K)->9939K(10240K) NonClass: 8639K(8832K)->8639K(8832K) Class: 1300K(1408K)->1300K(1408K)
[224.509s][info][gc             ] GC(476) Pause Full (System.gc()) 10M->3M(1443M) 27.183ms
[224.509s][info][gc,cpu         ] GC(476) User=0.56s Sys=0.00s Real=0.03s
[224.819s][info][gc,start       ] GC(477) Pause Young (Allocation Failure)
[224.821s][info][gc,heap        ] GC(477) PSYoungGen: 78336K(79872K)->1536K(79872K) Eden: 78336K(78336K)->0K(78336K) From: 0K(1536K)->1536K(1536K)
[224.821s][info][gc,heap        ] GC(477) ParOldGen: 4078K(1398272K)->4198K(1398272K)
[224.821s][info][gc,metaspace   ] GC(477) Metaspace: 9939K(10240K)->9939K(10240K) NonClass: 8639K(8832K)->8639K(8832K) Class: 1300K(1408K)->1300K(1408K)
[224.821s][info][gc             ] GC(477) Pause Young (Allocation Failure) 80M->5M(1443M) 1.719ms
[224.821s][info][gc,cpu         ] GC(477) User=0.00s Sys=0.00s Real=0.00s
[225.133s][info][gc,start       ] GC(478) Pause Young (Allocation Failure)
[225.134s][info][gc,heap        ] GC(478) PSYoungGen: 79872K(79872K)->512K(78848K) Eden: 78336K(78336K)->0K(78336K) From: 1536K(1536K)->512K(512K)
[225.134s][info][gc,heap        ] GC(478) ParOldGen: 4198K(1398272K)->5198K(1398272K)
[225.134s][info][gc,metaspace   ] GC(478) Metaspace: 9939K(10240K)->9939K(10240K) NonClass: 8639K(8832K)->8639K(8832K) Class: 1300K(1408K)->1300K(1408K)
[225.135s][info][gc             ] GC(478) Pause Young (Allocation Failure) 82M->5M(1442M) 1.638ms
[225.135s][info][gc,cpu         ] GC(478) User=0.00s Sys=0.00s Real=0.00s
[225.447s][info][gc,start       ] GC(479) Pause Young (Allocation Failure)
[225.449s][info][gc,heap        ] GC(479) PSYoungGen: 78848K(78848K)->1440K(80384K) Eden: 78336K(78336K)->0K(78336K) From: 512K(512K)->1440K(2048K)
[225.449s][info][gc,heap        ] GC(479) ParOldGen: 5198K(1398272K)->5662K(1398272K)
[225.449s][info][gc,metaspace   ] GC(479) Metaspace: 9939K(10240K)->9939K(10240K) NonClass: 8639K(8832K)->8639K(8832K) Class: 1300K(1408K)->1300K(1408K)
[225.449s][info][gc             ] GC(479) Pause Young (Allocation Failure) 82M->6M(1444M) 1.674ms
[225.449s][info][gc,cpu         ] GC(479) User=0.00s Sys=0.00s Real=0.00s
[225.756s][info][gc,start       ] GC(480) Pause Young (Allocation Failure)
[225.757s][info][gc,heap        ] GC(480) PSYoungGen: 79776K(80384K)->1280K(79872K) Eden: 78336K(78336K)->0K(78336K) From: 1440K(2048K)->1280K(1536K)
[225.757s][info][gc,heap        ] GC(480) ParOldGen: 5662K(1398272K)->6046K(1398272K)
[225.757s][info][gc,metaspace   ] GC(480) Metaspace: 9939K(10240K)->9939K(10240K) NonClass: 8639K(8832K)->8639K(8832K) Class: 1300K(1408K)->1300K(1408K)
[225.757s][info][gc             ] GC(480) Pause Young (Allocation Failure) 83M->7M(1443M) 1.319ms
[225.757s][info][gc,cpu         ] GC(480) User=0.00s Sys=0.00s Real=0.00s
[226.064s][info][gc,start       ] GC(481) Pause Young (Allocation Failure)
[226.066s][info][gc,heap        ] GC(481) PSYoungGen: 79616K(79872K)->1056K(79872K) Eden: 78336K(78336K)->0K(78336K) From: 1280K(1536K)->1056K(1536K)
[226.066s][info][gc,heap        ] GC(481) ParOldGen: 6046K(1398272K)->6590K(1398272K)
[226.066s][info][gc,metaspace   ] GC(481) Metaspace: 9939K(10240K)->9939K(10240K) NonClass: 8639K(8832K)->8639K(8832K) Class: 1300K(1408K)->1300K(1408K)
[226.066s][info][gc             ] GC(481) Pause Young (Allocation Failure) 83M->7M(1443M) 1.423ms
[226.066s][info][gc,cpu         ] GC(481) User=0.00s Sys=0.00s Real=0.00s
[226.369s][info][gc,start       ] GC(482) Pause Young (Allocation Failure)
[226.370s][info][gc,heap        ] GC(482) PSYoungGen: 79392K(79872K)->1056K(79872K) Eden: 78336K(78336K)->0K(78336K) From: 1056K(1536K)->1056K(1536K)
[226.370s][info][gc,heap        ] GC(482) ParOldGen: 6590K(1398272K)->6590K(1398272K)
[226.370s][info][gc,metaspace   ] GC(482) Metaspace: 9939K(10240K)->9939K(10240K) NonClass: 8639K(8832K)->8639K(8832K) Class: 1300K(1408K)->1300K(1408K)
[226.370s][info][gc             ] GC(482) Pause Young (Allocation Failure) 83M->7M(1443M) 0.962ms
[226.370s][info][gc,cpu         ] GC(482) User=0.00s Sys=0.00s Real=0.00s
[226.682s][info][gc,start       ] GC(483) Pause Young (Allocation Failure)
[226.683s][info][gc,heap        ] GC(483) PSYoungGen: 79392K(79872K)->1056K(79872K) Eden: 78336K(78336K)->0K(78336K) From: 1056K(1536K)->1056K(1536K)
[226.683s][info][gc,heap        ] GC(483) ParOldGen: 6590K(1398272K)->6590K(1398272K)
[226.683s][info][gc,metaspace   ] GC(483) Metaspace: 9939K(10240K)->9939K(10240K) NonClass: 8639K(8832K)->8639K(8832K) Class: 1300K(1408K)->1300K(1408K)
[226.683s][info][gc             ] GC(483) Pause Young (Allocation Failure) 83M->7M(1443M) 1.717ms
[226.683s][info][gc,cpu         ] GC(483) User=0.00s Sys=0.02s Real=0.02s
[226.996s][info][gc,start       ] GC(484) Pause Young (Allocation Failure)
[226.997s][info][gc,heap        ] GC(484) PSYoungGen: 79392K(79872K)->1056K(79872K) Eden: 78336K(78336K)->0K(78336K) From: 1056K(1536K)->1056K(1536K)
[226.997s][info][gc,heap        ] GC(484) ParOldGen: 6590K(1398272K)->6590K(1398272K)
[226.997s][info][gc,metaspace   ] GC(484) Metaspace: 9939K(10240K)->9939K(10240K) NonClass: 8639K(8832K)->8639K(8832K) Class: 1300K(1408K)->1300K(1408K)
[226.997s][info][gc             ] GC(484) Pause Young (Allocation Failure) 83M->7M(1443M) 0.973ms
[226.997s][info][gc,cpu         ] GC(484) User=0.00s Sys=0.00s Real=0.00s
[227.313s][info][gc,start       ] GC(485) Pause Young (Allocation Failure)
[227.315s][info][gc,heap        ] GC(485) PSYoungGen: 79392K(79872K)->1056K(79872K) Eden: 78336K(78336K)->0K(78336K) From: 1056K(1536K)->1056K(1536K)
[227.315s][info][gc,heap        ] GC(485) ParOldGen: 6590K(1398272K)->6590K(1398272K)
[227.315s][info][gc,metaspace   ] GC(485) Metaspace: 9939K(10240K)->9939K(10240K) NonClass: 8639K(8832K)->8639K(8832K) Class: 1300K(1408K)->1300K(1408K)
[227.315s][info][gc             ] GC(485) Pause Young (Allocation Failure) 83M->7M(1443M) 1.470ms
[227.315s][info][gc,cpu         ] GC(485) User=0.00s Sys=0.00s Real=0.00s
[227.623s][info][gc,start       ] GC(486) Pause Young (Allocation Failure)
[227.624s][info][gc,heap        ] GC(486) PSYoungGen: 79392K(79872K)->1024K(79360K) Eden: 78336K(78336K)->0K(78336K) From: 1056K(1536K)->1024K(1024K)
[227.624s][info][gc,heap        ] GC(486) ParOldGen: 6590K(1398272K)->6910K(1398272K)
[227.624s][info][gc,metaspace   ] GC(486) Metaspace: 9939K(10240K)->9939K(10240K) NonClass: 8639K(8832K)->8639K(8832K) Class: 1300K(1408K)->1300K(1408K)
[227.624s][info][gc             ] GC(486) Pause Young (Allocation Failure) 83M->7M(1443M) 1.393ms
[227.624s][info][gc,cpu         ] GC(486) User=0.00s Sys=0.00s Real=0.00s
[227.932s][info][gc,start       ] GC(487) Pause Young (Allocation Failure)
[227.933s][info][gc,heap        ] GC(487) PSYoungGen: 79360K(79360K)->1056K(79872K) Eden: 78336K(78336K)->0K(78336K) From: 1024K(1024K)->1056K(1536K)
[227.933s][info][gc,heap        ] GC(487) ParOldGen: 6910K(1398272K)->6910K(1398272K)
[227.933s][info][gc,metaspace   ] GC(487) Metaspace: 9939K(10240K)->9939K(10240K) NonClass: 8639K(8832K)->8639K(8832K) Class: 1300K(1408K)->1300K(1408K)
[227.933s][info][gc             ] GC(487) Pause Young (Allocation Failure) 84M->7M(1443M) 1.366ms
[227.933s][info][gc,cpu         ] GC(487) User=0.02s Sys=0.00s Real=0.02s
[228.244s][info][gc,start       ] GC(488) Pause Young (Allocation Failure)
[228.245s][info][gc,heap        ] GC(488) PSYoungGen: 79392K(79872K)->1024K(79360K) Eden: 78336K(78336K)->0K(78336K) From: 1056K(1536K)->1024K(1024K)
[228.245s][info][gc,heap        ] GC(488) ParOldGen: 6910K(1398272K)->6918K(1398272K)
[228.245s][info][gc,metaspace   ] GC(488) Metaspace: 9939K(10240K)->9939K(10240K) NonClass: 8639K(8832K)->8639K(8832K) Class: 1300K(1408K)->1300K(1408K)
[228.245s][info][gc             ] GC(488) Pause Young (Allocation Failure) 84M->7M(1443M) 0.974ms
[228.245s][info][gc,cpu         ] GC(488) User=0.02s Sys=0.00s Real=0.02s
[228.557s][info][gc,start       ] GC(489) Pause Young (Allocation Failure)
[228.558s][info][gc,heap        ] GC(489) PSYoungGen: 79360K(79360K)->1056K(79872K) Eden: 78336K(78336K)->0K(78336K) From: 1024K(1024K)->1056K(1536K)
[228.558s][info][gc,heap        ] GC(489) ParOldGen: 6918K(1398272K)->7006K(1398272K)
[228.558s][info][gc,metaspace   ] GC(489) Metaspace: 9939K(10240K)->9939K(10240K) NonClass: 8639K(8832K)->8639K(8832K) Class: 1300K(1408K)->1300K(1408K)
[228.558s][info][gc             ] GC(489) Pause Young (Allocation Failure) 84M->7M(1443M) 1.182ms
[228.559s][info][gc,cpu         ] GC(489) User=0.00s Sys=0.00s Real=0.00s
[228.861s][info][gc,start       ] GC(490) Pause Young (Allocation Failure)
[228.862s][info][gc,heap        ] GC(490) PSYoungGen: 79392K(79872K)->1024K(79360K) Eden: 78336K(78336K)->0K(78336K) From: 1056K(1536K)->1024K(1024K)
[228.862s][info][gc,heap        ] GC(490) ParOldGen: 7006K(1398272K)->7102K(1398272K)
[228.862s][info][gc,metaspace   ] GC(490) Metaspace: 9939K(10240K)->9939K(10240K) NonClass: 8639K(8832K)->8639K(8832K) Class: 1300K(1408K)->1300K(1408K)
[228.863s][info][gc             ] GC(490) Pause Young (Allocation Failure) 84M->7M(1443M) 1.113ms
[228.863s][info][gc,cpu         ] GC(490) User=0.00s Sys=0.00s Real=0.00s
[229.174s][info][gc,start       ] GC(491) Pause Young (Allocation Failure)
[229.176s][info][gc,heap        ] GC(491) PSYoungGen: 79360K(79360K)->864K(79360K) Eden: 78336K(78336K)->0K(78336K) From: 1024K(1024K)->864K(1024K)
[229.176s][info][gc,heap        ] GC(491) ParOldGen: 7102K(1398272K)->7662K(1398272K)
[229.176s][info][gc,metaspace   ] GC(491) Metaspace: 9939K(10240K)->9939K(10240K) NonClass: 8639K(8832K)->8639K(8832K) Class: 1300K(1408K)->1300K(1408K)
[229.176s][info][gc             ] GC(491) Pause Young (Allocation Failure) 84M->8M(1443M) 1.378ms
[229.176s][info][gc,cpu         ] GC(491) User=0.00s Sys=0.00s Real=0.00s
[229.481s][info][gc,start       ] GC(492) Pause Young (Allocation Failure)
[229.482s][info][gc,heap        ] GC(492) PSYoungGen: 79200K(79360K)->1056K(79872K) Eden: 78336K(78336K)->0K(78336K) From: 864K(1024K)->1056K(1536K)
[229.482s][info][gc,heap        ] GC(492) ParOldGen: 7662K(1398272K)->7662K(1398272K)
[229.482s][info][gc,metaspace   ] GC(492) Metaspace: 9939K(10240K)->9939K(10240K) NonClass: 8639K(8832K)->8639K(8832K) Class: 1300K(1408K)->1300K(1408K)
[229.482s][info][gc             ] GC(492) Pause Young (Allocation Failure) 84M->8M(1443M) 1.009ms
[229.482s][info][gc,cpu         ] GC(492) User=0.00s Sys=0.00s Real=0.00s
[229.796s][info][gc,start       ] GC(493) Pause Young (Allocation Failure)
[229.797s][info][gc,heap        ] GC(493) PSYoungGen: 79392K(79872K)->1056K(79872K) Eden: 78336K(78336K)->0K(78336K) From: 1056K(1536K)->1056K(1536K)
[229.797s][info][gc,heap        ] GC(493) ParOldGen: 7662K(1398272K)->7662K(1398272K)
[229.797s][info][gc,metaspace   ] GC(493) Metaspace: 9939K(10240K)->9939K(10240K) NonClass: 8639K(8832K)->8639K(8832K) Class: 1300K(1408K)->1300K(1408K)
[229.797s][info][gc             ] GC(493) Pause Young (Allocation Failure) 85M->8M(1443M) 1.256ms
[229.797s][info][gc,cpu         ] GC(493) User=0.02s Sys=0.00s Real=0.02s
[230.115s][info][gc,start       ] GC(494) Pause Young (Allocation Failure)
[230.116s][info][gc,heap        ] GC(494) PSYoungGen: 79392K(79872K)->512K(78848K) Eden: 78336K(78336K)->0K(78336K) From: 1056K(1536K)->512K(512K)
[230.116s][info][gc,heap        ] GC(494) ParOldGen: 7662K(1398272K)->7910K(1398272K)
[230.116s][info][gc,metaspace   ] GC(494) Metaspace: 9939K(10240K)->9939K(10240K) NonClass: 8639K(8832K)->8639K(8832K) Class: 1300K(1408K)->1300K(1408K)
[230.116s][info][gc             ] GC(494) Pause Young (Allocation Failure) 85M->8M(1442M) 1.079ms
[230.116s][info][gc,cpu         ] GC(494) User=0.00s Sys=0.00s Real=0.00s
[230.424s][info][gc,start       ] GC(495) Pause Young (Allocation Failure)
[230.426s][info][gc,heap        ] GC(495) PSYoungGen: 78848K(78848K)->1024K(79872K) Eden: 78336K(78336K)->0K(78336K) From: 512K(512K)->1024K(1536K)
[230.426s][info][gc,heap        ] GC(495) ParOldGen: 7910K(1398272K)->8294K(1398272K)
[230.426s][info][gc,metaspace   ] GC(495) Metaspace: 9939K(10240K)->9939K(10240K) NonClass: 8639K(8832K)->8639K(8832K) Class: 1300K(1408K)->1300K(1408K)
[230.426s][info][gc             ] GC(495) Pause Young (Allocation Failure) 84M->9M(1443M) 1.719ms
[230.426s][info][gc,cpu         ] GC(495) User=0.00s Sys=0.00s Real=0.00s
[230.740s][info][gc,start       ] GC(496) Pause Young (Allocation Failure)
[230.741s][info][gc,heap        ] GC(496) PSYoungGen: 79360K(79872K)->1056K(79872K) Eden: 78336K(78336K)->0K(78336K) From: 1024K(1536K)->1056K(1536K)
[230.741s][info][gc,heap        ] GC(496) ParOldGen: 8294K(1398272K)->8382K(1398272K)
[230.741s][info][gc,metaspace   ] GC(496) Metaspace: 9939K(10240K)->9939K(10240K) NonClass: 8639K(8832K)->8639K(8832K) Class: 1300K(1408K)->1300K(1408K)
[230.741s][info][gc             ] GC(496) Pause Young (Allocation Failure) 85M->9M(1443M) 1.063ms
[230.741s][info][gc,cpu         ] GC(496) User=0.00s Sys=0.00s Real=0.00s
[231.028s][info][gc,start       ] GC(497) Pause Young (System.gc())
[231.029s][info][gc,heap        ] GC(497) PSYoungGen: 72149K(79872K)->1056K(79872K) Eden: 71093K(78336K)->0K(78336K) From: 1056K(1536K)->1056K(1536K)
[231.029s][info][gc,heap        ] GC(497) ParOldGen: 8382K(1398272K)->8382K(1398272K)
[231.029s][info][gc,metaspace   ] GC(497) Metaspace: 9939K(10240K)->9939K(10240K) NonClass: 8639K(8832K)->8639K(8832K) Class: 1300K(1408K)->1300K(1408K)
[231.029s][info][gc             ] GC(497) Pause Young (System.gc()) 78M->9M(1443M) 1.345ms
[231.030s][info][gc,cpu         ] GC(497) User=0.00s Sys=0.00s Real=0.00s
[231.030s][info][gc,start       ] GC(498) Pause Full (System.gc())
[231.030s][info][gc,phases,start] GC(498) Marking Phase
[231.046s][info][gc,phases      ] GC(498) Marking Phase 16.255ms
[231.046s][info][gc,phases,start] GC(498) Summary Phase
[231.046s][info][gc,phases      ] GC(498) Summary Phase 0.027ms
[231.046s][info][gc,phases,start] GC(498) Adjust Roots
[231.051s][info][gc,phases      ] GC(498) Adjust Roots 4.605ms
[231.051s][info][gc,phases,start] GC(498) Compaction Phase
[231.055s][info][gc,phases      ] GC(498) Compaction Phase 4.117ms
[231.055s][info][gc,phases,start] GC(498) Post Compact
[231.056s][info][gc,phases      ] GC(498) Post Compact 0.760ms
[231.056s][info][gc,heap        ] GC(498) PSYoungGen: 1056K(79872K)->0K(79872K) Eden: 0K(78336K)->0K(78336K) From: 1056K(1536K)->0K(1536K)
[231.056s][info][gc,heap        ] GC(498) ParOldGen: 8382K(1398272K)->4078K(1398272K)
[231.056s][info][gc,metaspace   ] GC(498) Metaspace: 9939K(10240K)->9939K(10240K) NonClass: 8639K(8832K)->8639K(8832K) Class: 1300K(1408K)->1300K(1408K)
[231.056s][info][gc             ] GC(498) Pause Full (System.gc()) 9M->3M(1443M) 26.022ms
[231.056s][info][gc,cpu         ] GC(498) User=1.03s Sys=0.00s Real=0.03s
[231.370s][info][gc,start       ] GC(499) Pause Young (Allocation Failure)
[231.372s][info][gc,heap        ] GC(499) PSYoungGen: 78336K(79872K)->512K(78848K) Eden: 78336K(78336K)->0K(78336K) From: 0K(1536K)->512K(512K)
[231.372s][info][gc,heap        ] GC(499) ParOldGen: 4078K(1398272K)->4830K(1398272K)
[231.372s][info][gc,metaspace   ] GC(499) Metaspace: 9939K(10240K)->9939K(10240K) NonClass: 8639K(8832K)->8639K(8832K) Class: 1300K(1408K)->1300K(1408K)
[231.372s][info][gc             ] GC(499) Pause Young (Allocation Failure) 80M->5M(1442M) 1.384ms
[231.372s][info][gc,cpu         ] GC(499) User=0.00s Sys=0.00s Real=0.00s
[231.683s][info][gc,start       ] GC(500) Pause Young (Allocation Failure)
[231.684s][info][gc,heap        ] GC(500) PSYoungGen: 78848K(78848K)->1376K(79872K) Eden: 78336K(78336K)->0K(78336K) From: 512K(512K)->1376K(1536K)
[231.685s][info][gc,heap        ] GC(500) ParOldGen: 4830K(1398272K)->5430K(1398272K)
[231.685s][info][gc,metaspace   ] GC(500) Metaspace: 9939K(10240K)->9939K(10240K) NonClass: 8639K(8832K)->8639K(8832K) Class: 1300K(1408K)->1300K(1408K)
[231.685s][info][gc             ] GC(500) Pause Young (Allocation Failure) 81M->6M(1443M) 1.494ms
[231.685s][info][gc,cpu         ] GC(500) User=0.00s Sys=0.00s Real=0.00s
[231.991s][info][gc,start       ] GC(501) Pause Young (Allocation Failure)
[231.992s][info][gc,heap        ] GC(501) PSYoungGen: 79712K(79872K)->1088K(79872K) Eden: 78336K(78336K)->0K(78336K) From: 1376K(1536K)->1088K(1536K)
[231.992s][info][gc,heap        ] GC(501) ParOldGen: 5430K(1398272K)->5974K(1398272K)
[231.992s][info][gc,metaspace   ] GC(501) Metaspace: 9939K(10240K)->9939K(10240K) NonClass: 8639K(8832K)->8639K(8832K) Class: 1300K(1408K)->1300K(1408K)
[231.992s][info][gc             ] GC(501) Pause Young (Allocation Failure) 83M->6M(1443M) 1.178ms
[231.992s][info][gc,cpu         ] GC(501) User=0.00s Sys=0.00s Real=0.00s
[232.309s][info][gc,start       ] GC(502) Pause Young (Allocation Failure)
[232.311s][info][gc,heap        ] GC(502) PSYoungGen: 79424K(79872K)->1056K(79872K) Eden: 78336K(78336K)->0K(78336K) From: 1088K(1536K)->1056K(1536K)
[232.311s][info][gc,heap        ] GC(502) ParOldGen: 5974K(1398272K)->5974K(1398272K)
[232.311s][info][gc,metaspace   ] GC(502) Metaspace: 9939K(10240K)->9939K(10240K) NonClass: 8639K(8832K)->8639K(8832K) Class: 1300K(1408K)->1300K(1408K)
[232.311s][info][gc             ] GC(502) Pause Young (Allocation Failure) 83M->6M(1443M) 1.599ms
[232.311s][info][gc,cpu         ] GC(502) User=0.00s Sys=0.00s Real=0.00s
[232.615s][info][gc,start       ] GC(503) Pause Young (Allocation Failure)
[232.616s][info][gc,heap        ] GC(503) PSYoungGen: 79392K(79872K)->512K(78848K) Eden: 78336K(78336K)->0K(78336K) From: 1056K(1536K)->512K(512K)
[232.626s][info][gc,heap        ] GC(503) ParOldGen: 5974K(1398272K)->6214K(1398272K)
[232.626s][info][gc,metaspace   ] GC(503) Metaspace: 9939K(10240K)->9939K(10240K) NonClass: 8639K(8832K)->8639K(8832K) Class: 1300K(1408K)->1300K(1408K)
[232.626s][info][gc             ] GC(503) Pause Young (Allocation Failure) 83M->6M(1442M) 11.137ms
[232.626s][info][gc,cpu         ] GC(503) User=0.25s Sys=0.03s Real=0.02s
[232.945s][info][gc,start       ] GC(504) Pause Young (Allocation Failure)
[232.947s][info][gc,heap        ] GC(504) PSYoungGen: 78848K(78848K)->1216K(79872K) Eden: 78336K(78336K)->0K(78336K) From: 512K(512K)->1216K(1536K)
[232.947s][info][gc,heap        ] GC(504) ParOldGen: 6214K(1398272K)->6630K(1398272K)
[232.947s][info][gc,metaspace   ] GC(504) Metaspace: 9939K(10240K)->9939K(10240K) NonClass: 8639K(8832K)->8639K(8832K) Class: 1300K(1408K)->1300K(1408K)
[232.947s][info][gc             ] GC(504) Pause Young (Allocation Failure) 83M->7M(1443M) 1.845ms
[232.947s][info][gc,cpu         ] GC(504) User=0.00s Sys=0.00s Real=0.00s
[233.263s][info][gc,start       ] GC(505) Pause Young (Allocation Failure)
[233.264s][info][gc,heap        ] GC(505) PSYoungGen: 79552K(79872K)->1248K(79872K) Eden: 78336K(78336K)->0K(78336K) From: 1216K(1536K)->1248K(1536K)
[233.264s][info][gc,heap        ] GC(505) ParOldGen: 6630K(1398272K)->7182K(1398272K)
[233.264s][info][gc,metaspace   ] GC(505) Metaspace: 9939K(10240K)->9939K(10240K) NonClass: 8639K(8832K)->8639K(8832K) Class: 1300K(1408K)->1300K(1408K)
[233.264s][info][gc             ] GC(505) Pause Young (Allocation Failure) 84M->8M(1443M) 1.276ms
[233.264s][info][gc,cpu         ] GC(505) User=0.25s Sys=0.02s Real=0.02s
[233.576s][info][gc,start       ] GC(506) Pause Young (Allocation Failure)
[233.577s][info][gc,heap        ] GC(506) PSYoungGen: 79584K(79872K)->1088K(79872K) Eden: 78336K(78336K)->0K(78336K) From: 1248K(1536K)->1088K(1536K)
[233.577s][info][gc,heap        ] GC(506) ParOldGen: 7182K(1398272K)->7526K(1398272K)
[233.577s][info][gc,metaspace   ] GC(506) Metaspace: 9939K(10240K)->9939K(10240K) NonClass: 8639K(8832K)->8639K(8832K) Class: 1300K(1408K)->1300K(1408K)
[233.577s][info][gc             ] GC(506) Pause Young (Allocation Failure) 84M->8M(1443M) 1.476ms
[233.577s][info][gc,cpu         ] GC(506) User=0.00s Sys=0.02s Real=0.02s
[233.892s][info][gc,start       ] GC(507) Pause Young (Allocation Failure)
[233.893s][info][gc,heap        ] GC(507) PSYoungGen: 79424K(79872K)->512K(78848K) Eden: 78336K(78336K)->0K(78336K) From: 1088K(1536K)->512K(512K)
[233.893s][info][gc,heap        ] GC(507) ParOldGen: 7526K(1398272K)->7814K(1398272K)
[233.893s][info][gc,metaspace   ] GC(507) Metaspace: 9939K(10240K)->9939K(10240K) NonClass: 8639K(8832K)->8639K(8832K) Class: 1300K(1408K)->1300K(1408K)
[233.893s][info][gc             ] GC(507) Pause Young (Allocation Failure) 84M->8M(1442M) 1.135ms
[233.893s][info][gc,cpu         ] GC(507) User=0.00s Sys=0.00s Real=0.00s
[234.204s][info][gc,start       ] GC(508) Pause Young (Allocation Failure)
[234.205s][info][gc,heap        ] GC(508) PSYoungGen: 78848K(78848K)->1248K(79872K) Eden: 78336K(78336K)->0K(78336K) From: 512K(512K)->1248K(1536K)
[234.205s][info][gc,heap        ] GC(508) ParOldGen: 7814K(1398272K)->8238K(1398272K)
[234.205s][info][gc,metaspace   ] GC(508) Metaspace: 9939K(10240K)->9939K(10240K) NonClass: 8639K(8832K)->8639K(8832K) Class: 1300K(1408K)->1300K(1408K)
[234.205s][info][gc             ] GC(508) Pause Young (Allocation Failure) 84M->9M(1443M) 1.672ms
[234.205s][info][gc,cpu         ] GC(508) User=0.00s Sys=0.00s Real=0.00s
[234.519s][info][gc,start       ] GC(509) Pause Young (Allocation Failure)
[234.520s][info][gc,heap        ] GC(509) PSYoungGen: 79584K(79872K)->1024K(79360K) Eden: 78336K(78336K)->0K(78336K) From: 1248K(1536K)->1024K(1024K)
[234.520s][info][gc,heap        ] GC(509) ParOldGen: 8238K(1398272K)->8582K(1398272K)
[234.520s][info][gc,metaspace   ] GC(509) Metaspace: 9939K(10240K)->9939K(10240K) NonClass: 8639K(8832K)->8639K(8832K) Class: 1300K(1408K)->1300K(1408K)
[234.520s][info][gc             ] GC(509) Pause Young (Allocation Failure) 85M->9M(1443M) 1.271ms
[234.520s][info][gc,cpu         ] GC(509) User=0.00s Sys=0.00s Real=0.00s
[234.833s][info][gc,start       ] GC(510) Pause Young (Allocation Failure)
[234.834s][info][gc,heap        ] GC(510) PSYoungGen: 79360K(79360K)->1056K(79872K) Eden: 78336K(78336K)->0K(78336K) From: 1024K(1024K)->1056K(1536K)
[234.834s][info][gc,heap        ] GC(510) ParOldGen: 8582K(1398272K)->8582K(1398272K)
[234.834s][info][gc,metaspace   ] GC(510) Metaspace: 9939K(10240K)->9939K(10240K) NonClass: 8639K(8832K)->8639K(8832K) Class: 1300K(1408K)->1300K(1408K)
[234.834s][info][gc             ] GC(510) Pause Young (Allocation Failure) 85M->9M(1443M) 1.178ms
[234.834s][info][gc,cpu         ] GC(510) User=0.00s Sys=0.00s Real=0.00s
[235.150s][info][gc,start       ] GC(511) Pause Young (Allocation Failure)
[235.151s][info][gc,heap        ] GC(511) PSYoungGen: 79392K(79872K)->1024K(79360K) Eden: 78336K(78336K)->0K(78336K) From: 1056K(1536K)->1024K(1024K)
[235.151s][info][gc,heap        ] GC(511) ParOldGen: 8582K(1398272K)->8598K(1398272K)
[235.151s][info][gc,metaspace   ] GC(511) Metaspace: 9939K(10240K)->9939K(10240K) NonClass: 8639K(8832K)->8639K(8832K) Class: 1300K(1408K)->1300K(1408K)
[235.151s][info][gc             ] GC(511) Pause Young (Allocation Failure) 85M->9M(1443M) 1.049ms
[235.151s][info][gc,cpu         ] GC(511) User=0.00s Sys=0.00s Real=0.00s
[235.465s][info][gc,start       ] GC(512) Pause Young (Allocation Failure)
[235.466s][info][gc,heap        ] GC(512) PSYoungGen: 79360K(79360K)->1056K(79872K) Eden: 78336K(78336K)->0K(78336K) From: 1024K(1024K)->1056K(1536K)
[235.466s][info][gc,heap        ] GC(512) ParOldGen: 8598K(1398272K)->8718K(1398272K)
[235.466s][info][gc,metaspace   ] GC(512) Metaspace: 9939K(10240K)->9939K(10240K) NonClass: 8639K(8832K)->8639K(8832K) Class: 1300K(1408K)->1300K(1408K)
[235.466s][info][gc             ] GC(512) Pause Young (Allocation Failure) 85M->9M(1443M) 1.165ms
[235.466s][info][gc,cpu         ] GC(512) User=0.00s Sys=0.00s Real=0.00s
[235.780s][info][gc,start       ] GC(513) Pause Young (Allocation Failure)
[235.780s][info][gc,heap        ] GC(513) PSYoungGen: 79392K(79872K)->1024K(79360K) Eden: 78336K(78336K)->0K(78336K) From: 1056K(1536K)->1024K(1024K)
[235.781s][info][gc,heap        ] GC(513) ParOldGen: 8718K(1398272K)->8750K(1398272K)
[235.781s][info][gc,metaspace   ] GC(513) Metaspace: 9939K(10240K)->9939K(10240K) NonClass: 8639K(8832K)->8639K(8832K) Class: 1300K(1408K)->1300K(1408K)
[235.781s][info][gc             ] GC(513) Pause Young (Allocation Failure) 86M->9M(1443M) 1.029ms
[235.781s][info][gc,cpu         ] GC(513) User=0.00s Sys=0.00s Real=0.00s
[236.095s][info][gc,start       ] GC(514) Pause Young (Allocation Failure)
[236.097s][info][gc,heap        ] GC(514) PSYoungGen: 79360K(79360K)->1088K(79872K) Eden: 78336K(78336K)->0K(78336K) From: 1024K(1024K)->1088K(1536K)
[236.097s][info][gc,heap        ] GC(514) ParOldGen: 8750K(1398272K)->9110K(1398272K)
[236.097s][info][gc,metaspace   ] GC(514) Metaspace: 9939K(10240K)->9939K(10240K) NonClass: 8639K(8832K)->8639K(8832K) Class: 1300K(1408K)->1300K(1408K)
[236.097s][info][gc             ] GC(514) Pause Young (Allocation Failure) 86M->9M(1443M) 1.288ms
[236.097s][info][gc,cpu         ] GC(514) User=0.00s Sys=0.00s Real=0.00s
[236.410s][info][gc,start       ] GC(515) Pause Young (Allocation Failure)
[236.411s][info][gc,heap        ] GC(515) PSYoungGen: 79424K(79872K)->1024K(79360K) Eden: 78336K(78336K)->0K(78336K) From: 1088K(1536K)->1024K(1024K)
[236.411s][info][gc,heap        ] GC(515) ParOldGen: 9110K(1398272K)->9126K(1398272K)
[236.411s][info][gc,metaspace   ] GC(515) Metaspace: 9939K(10240K)->9939K(10240K) NonClass: 8639K(8832K)->8639K(8832K) Class: 1300K(1408K)->1300K(1408K)
[236.411s][info][gc             ] GC(515) Pause Young (Allocation Failure) 86M->9M(1443M) 1.093ms
[236.411s][info][gc,cpu         ] GC(515) User=0.00s Sys=0.00s Real=0.00s
[236.729s][info][gc,start       ] GC(516) Pause Young (Allocation Failure)
[236.730s][info][gc,heap        ] GC(516) PSYoungGen: 79360K(79360K)->1088K(79872K) Eden: 78336K(78336K)->0K(78336K) From: 1024K(1024K)->1088K(1536K)
[236.731s][info][gc,heap        ] GC(516) ParOldGen: 9126K(1398272K)->9166K(1398272K)
[236.731s][info][gc,metaspace   ] GC(516) Metaspace: 9939K(10240K)->9939K(10240K) NonClass: 8639K(8832K)->8639K(8832K) Class: 1300K(1408K)->1300K(1408K)
[236.731s][info][gc             ] GC(516) Pause Young (Allocation Failure) 86M->10M(1443M) 1.185ms
[236.731s][info][gc,cpu         ] GC(516) User=0.00s Sys=0.00s Real=0.00s
[237.034s][info][gc,start       ] GC(517) Pause Young (Allocation Failure)
[237.035s][info][gc,heap        ] GC(517) PSYoungGen: 79424K(79872K)->1024K(79360K) Eden: 78336K(78336K)->0K(78336K) From: 1088K(1536K)->1024K(1024K)
[237.035s][info][gc,heap        ] GC(517) ParOldGen: 9166K(1398272K)->9478K(1398272K)
[237.035s][info][gc,metaspace   ] GC(517) Metaspace: 9939K(10240K)->9939K(10240K) NonClass: 8639K(8832K)->8639K(8832K) Class: 1300K(1408K)->1300K(1408K)
[237.035s][info][gc             ] GC(517) Pause Young (Allocation Failure) 86M->10M(1443M) 1.133ms
[237.035s][info][gc,cpu         ] GC(517) User=0.00s Sys=0.00s Real=0.00s
[237.359s][info][gc,start       ] GC(518) Pause Young (Allocation Failure)
[237.360s][info][gc,heap        ] GC(518) PSYoungGen: 79360K(79360K)->1056K(79872K) Eden: 78336K(78336K)->0K(78336K) From: 1024K(1024K)->1056K(1536K)
[237.360s][info][gc,heap        ] GC(518) ParOldGen: 9478K(1398272K)->9478K(1398272K)
[237.360s][info][gc,metaspace   ] GC(518) Metaspace: 9939K(10240K)->9939K(10240K) NonClass: 8639K(8832K)->8639K(8832K) Class: 1300K(1408K)->1300K(1408K)
[237.360s][info][gc             ] GC(518) Pause Young (Allocation Failure) 86M->10M(1443M) 1.248ms
[237.360s][info][gc,cpu         ] GC(518) User=0.00s Sys=0.00s Real=0.00s
[237.661s][info][gc,start       ] GC(519) Pause Young (System.gc())
[237.662s][info][gc,heap        ] GC(519) PSYoungGen: 74066K(79872K)->1024K(79360K) Eden: 73010K(78336K)->0K(78336K) From: 1056K(1536K)->1024K(1024K)
[237.662s][info][gc,heap        ] GC(519) ParOldGen: 9478K(1398272K)->9606K(1398272K)
[237.663s][info][gc,metaspace   ] GC(519) Metaspace: 9939K(10240K)->9939K(10240K) NonClass: 8639K(8832K)->8639K(8832K) Class: 1300K(1408K)->1300K(1408K)
[237.663s][info][gc             ] GC(519) Pause Young (System.gc()) 81M->10M(1443M) 1.110ms
[237.663s][info][gc,cpu         ] GC(519) User=0.00s Sys=0.00s Real=0.00s
[237.663s][info][gc,start       ] GC(520) Pause Full (System.gc())
[237.663s][info][gc,phases,start] GC(520) Marking Phase
[237.678s][info][gc,phases      ] GC(520) Marking Phase 14.728ms
[237.678s][info][gc,phases,start] GC(520) Summary Phase
[237.678s][info][gc,phases      ] GC(520) Summary Phase 0.032ms
[237.678s][info][gc,phases,start] GC(520) Adjust Roots
[237.682s][info][gc,phases      ] GC(520) Adjust Roots 4.614ms
[237.682s][info][gc,phases,start] GC(520) Compaction Phase
[237.686s][info][gc,phases      ] GC(520) Compaction Phase 4.136ms
[237.686s][info][gc,phases,start] GC(520) Post Compact
[237.687s][info][gc,phases      ] GC(520) Post Compact 0.772ms
[237.687s][info][gc,heap        ] GC(520) PSYoungGen: 1024K(79360K)->0K(79360K) Eden: 0K(78336K)->0K(78336K) From: 1024K(1024K)->0K(1024K)
[237.687s][info][gc,heap        ] GC(520) ParOldGen: 9606K(1398272K)->4078K(1398272K)
[237.687s][info][gc,metaspace   ] GC(520) Metaspace: 9939K(10240K)->9939K(10240K) NonClass: 8639K(8832K)->8639K(8832K) Class: 1300K(1408K)->1300K(1408K)
[237.687s][info][gc             ] GC(520) Pause Full (System.gc()) 10M->3M(1443M) 24.558ms
[237.687s][info][gc,cpu         ] GC(520) User=0.38s Sys=0.00s Real=0.03s
[237.998s][info][gc,start       ] GC(521) Pause Young (Allocation Failure)
[237.999s][info][gc,heap        ] GC(521) PSYoungGen: 78336K(79360K)->1536K(79872K) Eden: 78336K(78336K)->0K(78336K) From: 0K(1024K)->1536K(1536K)
[237.999s][info][gc,heap        ] GC(521) ParOldGen: 4078K(1398272K)->4182K(1398272K)
[237.999s][info][gc,metaspace   ] GC(521) Metaspace: 9940K(10240K)->9940K(10240K) NonClass: 8639K(8832K)->8639K(8832K) Class: 1300K(1408K)->1300K(1408K)
[237.999s][info][gc             ] GC(521) Pause Young (Allocation Failure) 80M->5M(1443M) 1.440ms
[237.999s][info][gc,cpu         ] GC(521) User=0.00s Sys=0.00s Real=0.00s
[238.309s][info][gc,start       ] GC(522) Pause Young (Allocation Failure)
[238.310s][info][gc,heap        ] GC(522) PSYoungGen: 79872K(79872K)->1024K(79360K) Eden: 78336K(78336K)->0K(78336K) From: 1536K(1536K)->1024K(1024K)
[238.310s][info][gc,heap        ] GC(522) ParOldGen: 4182K(1398272K)->4806K(1398272K)
[238.310s][info][gc,metaspace   ] GC(522) Metaspace: 9940K(10240K)->9940K(10240K) NonClass: 8639K(8832K)->8639K(8832K) Class: 1300K(1408K)->1300K(1408K)
[238.311s][info][gc             ] GC(522) Pause Young (Allocation Failure) 82M->5M(1443M) 1.358ms
[238.311s][info][gc,cpu         ] GC(522) User=0.00s Sys=0.00s Real=0.00s
[238.622s][info][gc,start       ] GC(523) Pause Young (Allocation Failure)
[238.623s][info][gc,heap        ] GC(523) PSYoungGen: 79360K(79360K)->1248K(79872K) Eden: 78336K(78336K)->0K(78336K) From: 1024K(1024K)->1248K(1536K)
[238.623s][info][gc,heap        ] GC(523) ParOldGen: 4806K(1398272K)->5438K(1398272K)
[238.623s][info][gc,metaspace   ] GC(523) Metaspace: 9940K(10240K)->9940K(10240K) NonClass: 8639K(8832K)->8639K(8832K) Class: 1300K(1408K)->1300K(1408K)
[238.623s][info][gc             ] GC(523) Pause Young (Allocation Failure) 82M->6M(1443M) 1.544ms
[238.623s][info][gc,cpu         ] GC(523) User=0.50s Sys=0.02s Real=0.02s
[238.919s][info][gc,start       ] GC(524) Pause Young (Allocation Failure)
[238.920s][info][gc,heap        ] GC(524) PSYoungGen: 79584K(79872K)->1088K(79872K) Eden: 78336K(78336K)->0K(78336K) From: 1248K(1536K)->1088K(1536K)
[238.920s][info][gc,heap        ] GC(524) ParOldGen: 5438K(1398272K)->5822K(1398272K)
[238.920s][info][gc,metaspace   ] GC(524) Metaspace: 9940K(10240K)->9940K(10240K) NonClass: 8639K(8832K)->8639K(8832K) Class: 1300K(1408K)->1300K(1408K)
[238.920s][info][gc             ] GC(524) Pause Young (Allocation Failure) 83M->6M(1443M) 1.523ms
[238.920s][info][gc,cpu         ] GC(524) User=0.52s Sys=0.00s Real=0.02s
[239.236s][info][gc,start       ] GC(525) Pause Young (Allocation Failure)
[239.238s][info][gc,heap        ] GC(525) PSYoungGen: 79424K(79872K)->1024K(79360K) Eden: 78336K(78336K)->0K(78336K) From: 1088K(1536K)->1024K(1024K)
[239.238s][info][gc,heap        ] GC(525) ParOldGen: 5822K(1398272K)->6206K(1398272K)
[239.238s][info][gc,metaspace   ] GC(525) Metaspace: 9940K(10240K)->9940K(10240K) NonClass: 8639K(8832K)->8639K(8832K) Class: 1300K(1408K)->1300K(1408K)
[239.238s][info][gc             ] GC(525) Pause Young (Allocation Failure) 83M->7M(1443M) 1.478ms
[239.238s][info][gc,cpu         ] GC(525) User=0.00s Sys=0.00s Real=0.00s
[239.546s][info][gc,start       ] GC(526) Pause Young (Allocation Failure)
[239.547s][info][gc,heap        ] GC(526) PSYoungGen: 79360K(79360K)->1056K(79872K) Eden: 78336K(78336K)->0K(78336K) From: 1024K(1024K)->1056K(1536K)
[239.547s][info][gc,heap        ] GC(526) ParOldGen: 6206K(1398272K)->6206K(1398272K)
[239.547s][info][gc,metaspace   ] GC(526) Metaspace: 9940K(10240K)->9940K(10240K) NonClass: 8639K(8832K)->8639K(8832K) Class: 1300K(1408K)->1300K(1408K)
[239.547s][info][gc             ] GC(526) Pause Young (Allocation Failure) 83M->7M(1443M) 1.160ms
[239.547s][info][gc,cpu         ] GC(526) User=0.00s Sys=0.00s Real=0.00s
[239.864s][info][gc,start       ] GC(527) Pause Young (Allocation Failure)
[239.865s][info][gc,heap        ] GC(527) PSYoungGen: 79392K(79872K)->1056K(79872K) Eden: 78336K(78336K)->0K(78336K) From: 1056K(1536K)->1056K(1536K)
[239.865s][info][gc,heap        ] GC(527) ParOldGen: 6206K(1398272K)->6206K(1398272K)
[239.865s][info][gc,metaspace   ] GC(527) Metaspace: 9940K(10240K)->9940K(10240K) NonClass: 8639K(8832K)->8639K(8832K) Class: 1300K(1408K)->1300K(1408K)
[239.865s][info][gc             ] GC(527) Pause Young (Allocation Failure) 83M->7M(1443M) 1.244ms
[239.865s][info][gc,cpu         ] GC(527) User=0.00s Sys=0.00s Real=0.00s
[240.174s][info][gc,start       ] GC(528) Pause Young (Allocation Failure)
[240.175s][info][gc,heap        ] GC(528) PSYoungGen: 79392K(79872K)->1088K(79872K) Eden: 78336K(78336K)->0K(78336K) From: 1056K(1536K)->1088K(1536K)
[240.175s][info][gc,heap        ] GC(528) ParOldGen: 6206K(1398272K)->6566K(1398272K)
[240.175s][info][gc,metaspace   ] GC(528) Metaspace: 9940K(10240K)->9940K(10240K) NonClass: 8639K(8832K)->8639K(8832K) Class: 1300K(1408K)->1300K(1408K)
[240.175s][info][gc             ] GC(528) Pause Young (Allocation Failure) 83M->7M(1443M) 1.128ms
[240.175s][info][gc,cpu         ] GC(528) User=0.52s Sys=0.00s Real=0.02s
[240.487s][info][gc,start       ] GC(529) Pause Young (Allocation Failure)
[240.488s][info][gc,heap        ] GC(529) PSYoungGen: 79424K(79872K)->1056K(79872K) Eden: 78336K(78336K)->0K(78336K) From: 1088K(1536K)->1056K(1536K)
[240.488s][info][gc,heap        ] GC(529) ParOldGen: 6566K(1398272K)->6566K(1398272K)
[240.488s][info][gc,metaspace   ] GC(529) Metaspace: 9940K(10240K)->9940K(10240K) NonClass: 8639K(8832K)->8639K(8832K) Class: 1300K(1408K)->1300K(1408K)
[240.488s][info][gc             ] GC(529) Pause Young (Allocation Failure) 83M->7M(1443M) 1.359ms
[240.488s][info][gc,cpu         ] GC(529) User=0.00s Sys=0.00s Real=0.00s
[240.801s][info][gc,start       ] GC(530) Pause Young (Allocation Failure)
[240.802s][info][gc,heap        ] GC(530) PSYoungGen: 79392K(79872K)->512K(78848K) Eden: 78336K(78336K)->0K(78336K) From: 1056K(1536K)->512K(512K)
[240.802s][info][gc,heap        ] GC(530) ParOldGen: 6566K(1398272K)->6798K(1398272K)
[240.802s][info][gc,metaspace   ] GC(530) Metaspace: 9940K(10240K)->9940K(10240K) NonClass: 8639K(8832K)->8639K(8832K) Class: 1300K(1408K)->1300K(1408K)
[240.802s][info][gc             ] GC(530) Pause Young (Allocation Failure) 83M->7M(1442M) 1.079ms
[240.802s][info][gc,cpu         ] GC(530) User=0.00s Sys=0.00s Real=0.00s
[241.117s][info][gc,start       ] GC(531) Pause Young (Allocation Failure)
[241.119s][info][gc,heap        ] GC(531) PSYoungGen: 78848K(78848K)->1120K(79872K) Eden: 78336K(78336K)->0K(78336K) From: 512K(512K)->1120K(1536K)
[241.119s][info][gc,heap        ] GC(531) ParOldGen: 6798K(1398272K)->7214K(1398272K)
[241.119s][info][gc,metaspace   ] GC(531) Metaspace: 9940K(10240K)->9940K(10240K) NonClass: 8639K(8832K)->8639K(8832K) Class: 1300K(1408K)->1300K(1408K)
[241.119s][info][gc             ] GC(531) Pause Young (Allocation Failure) 83M->8M(1443M) 1.772ms
[241.119s][info][gc,cpu         ] GC(531) User=0.52s Sys=0.00s Real=0.02s
[241.439s][info][gc,start       ] GC(532) Pause Young (Allocation Failure)
[241.440s][info][gc,heap        ] GC(532) PSYoungGen: 79456K(79872K)->1056K(79872K) Eden: 78336K(78336K)->0K(78336K) From: 1120K(1536K)->1056K(1536K)
[241.440s][info][gc,heap        ] GC(532) ParOldGen: 7214K(1398272K)->7326K(1398272K)
[241.440s][info][gc,metaspace   ] GC(532) Metaspace: 9940K(10240K)->9940K(10240K) NonClass: 8639K(8832K)->8639K(8832K) Class: 1300K(1408K)->1300K(1408K)
[241.440s][info][gc             ] GC(532) Pause Young (Allocation Failure) 84M->8M(1443M) 1.101ms
[241.440s][info][gc,cpu         ] GC(532) User=0.00s Sys=0.00s Real=0.00s
[241.751s][info][gc,start       ] GC(533) Pause Young (Allocation Failure)
[241.752s][info][gc,heap        ] GC(533) PSYoungGen: 79392K(79872K)->1056K(79872K) Eden: 78336K(78336K)->0K(78336K) From: 1056K(1536K)->1056K(1536K)
[241.752s][info][gc,heap        ] GC(533) ParOldGen: 7326K(1398272K)->7326K(1398272K)
[241.752s][info][gc,metaspace   ] GC(533) Metaspace: 9940K(10240K)->9940K(10240K) NonClass: 8639K(8832K)->8639K(8832K) Class: 1300K(1408K)->1300K(1408K)
[241.752s][info][gc             ] GC(533) Pause Young (Allocation Failure) 84M->8M(1443M) 0.976ms
[241.752s][info][gc,cpu         ] GC(533) User=0.00s Sys=0.00s Real=0.00s
[242.056s][info][gc,start       ] GC(534) Pause Young (Allocation Failure)
[242.057s][info][gc,heap        ] GC(534) PSYoungGen: 79392K(79872K)->512K(78848K) Eden: 78336K(78336K)->0K(78336K) From: 1056K(1536K)->512K(512K)
[242.057s][info][gc,heap        ] GC(534) ParOldGen: 7326K(1398272K)->7566K(1398272K)
[242.058s][info][gc,metaspace   ] GC(534) Metaspace: 9940K(10240K)->9940K(10240K) NonClass: 8639K(8832K)->8639K(8832K) Class: 1300K(1408K)->1300K(1408K)
[242.058s][info][gc             ] GC(534) Pause Young (Allocation Failure) 84M->7M(1442M) 1.106ms
[242.058s][info][gc,cpu         ] GC(534) User=0.00s Sys=0.00s Real=0.00s
[242.376s][info][gc,start       ] GC(535) Pause Young (Allocation Failure)
[242.378s][info][gc,heap        ] GC(535) PSYoungGen: 78848K(78848K)->992K(79872K) Eden: 78336K(78336K)->0K(78336K) From: 512K(512K)->992K(1536K)
[242.378s][info][gc,heap        ] GC(535) ParOldGen: 7566K(1398272K)->7894K(1398272K)
[242.378s][info][gc,metaspace   ] GC(535) Metaspace: 9940K(10240K)->9940K(10240K) NonClass: 8639K(8832K)->8639K(8832K) Class: 1300K(1408K)->1300K(1408K)
[242.378s][info][gc             ] GC(535) Pause Young (Allocation Failure) 84M->8M(1443M) 1.790ms
[242.378s][info][gc,cpu         ] GC(535) User=0.00s Sys=0.00s Real=0.00s
[242.680s][info][gc,start       ] GC(536) Pause Young (Allocation Failure)
[242.681s][info][gc,heap        ] GC(536) PSYoungGen: 79328K(79872K)->1056K(79872K) Eden: 78336K(78336K)->0K(78336K) From: 992K(1536K)->1056K(1536K)
[242.681s][info][gc,heap        ] GC(536) ParOldGen: 7894K(1398272K)->8006K(1398272K)
[242.681s][info][gc,metaspace   ] GC(536) Metaspace: 9940K(10240K)->9940K(10240K) NonClass: 8639K(8832K)->8639K(8832K) Class: 1300K(1408K)->1300K(1408K)
[242.681s][info][gc             ] GC(536) Pause Young (Allocation Failure) 85M->8M(1443M) 1.019ms
[242.681s][info][gc,cpu         ] GC(536) User=0.00s Sys=0.00s Real=0.00s
[242.992s][info][gc,start       ] GC(537) Pause Young (Allocation Failure)
[242.993s][info][gc,heap        ] GC(537) PSYoungGen: 79392K(79872K)->1056K(79872K) Eden: 78336K(78336K)->0K(78336K) From: 1056K(1536K)->1056K(1536K)
[242.993s][info][gc,heap        ] GC(537) ParOldGen: 8006K(1398272K)->8006K(1398272K)
[242.993s][info][gc,metaspace   ] GC(537) Metaspace: 9940K(10240K)->9940K(10240K) NonClass: 8639K(8832K)->8639K(8832K) Class: 1300K(1408K)->1300K(1408K)
[242.993s][info][gc             ] GC(537) Pause Young (Allocation Failure) 85M->8M(1443M) 1.310ms
[242.993s][info][gc,cpu         ] GC(537) User=0.00s Sys=0.00s Real=0.00s
[243.300s][info][gc,start       ] GC(538) Pause Young (Allocation Failure)
[243.301s][info][gc,heap        ] GC(538) PSYoungGen: 79392K(79872K)->512K(78848K) Eden: 78336K(78336K)->0K(78336K) From: 1056K(1536K)->512K(512K)
[243.301s][info][gc,heap        ] GC(538) ParOldGen: 8006K(1398272K)->8382K(1398272K)
[243.301s][info][gc,metaspace   ] GC(538) Metaspace: 9940K(10240K)->9940K(10240K) NonClass: 8639K(8832K)->8639K(8832K) Class: 1300K(1408K)->1300K(1408K)
[243.301s][info][gc             ] GC(538) Pause Young (Allocation Failure) 85M->8M(1442M) 1.157ms
[243.301s][info][gc,cpu         ] GC(538) User=0.00s Sys=0.00s Real=0.00s
[243.612s][info][gc,start       ] GC(539) Pause Young (Allocation Failure)
[243.614s][info][gc,heap        ] GC(539) PSYoungGen: 78848K(78848K)->1152K(79872K) Eden: 78336K(78336K)->0K(78336K) From: 512K(512K)->1152K(1536K)
[243.614s][info][gc,heap        ] GC(539) ParOldGen: 8382K(1398272K)->8854K(1398272K)
[243.614s][info][gc,metaspace   ] GC(539) Metaspace: 9940K(10240K)->9940K(10240K) NonClass: 8639K(8832K)->8639K(8832K) Class: 1300K(1408K)->1300K(1408K)
[243.614s][info][gc             ] GC(539) Pause Young (Allocation Failure) 85M->9M(1443M) 1.488ms
[243.614s][info][gc,cpu         ] GC(539) User=0.00s Sys=0.00s Real=0.00s
[243.914s][info][gc,start       ] GC(540) Pause Young (Allocation Failure)
[243.915s][info][gc,heap        ] GC(540) PSYoungGen: 79488K(79872K)->1056K(79872K) Eden: 78336K(78336K)->0K(78336K) From: 1152K(1536K)->1056K(1536K)
[243.915s][info][gc,heap        ] GC(540) ParOldGen: 8854K(1398272K)->9238K(1398272K)
[243.915s][info][gc,metaspace   ] GC(540) Metaspace: 9940K(10240K)->9940K(10240K) NonClass: 8639K(8832K)->8639K(8832K) Class: 1300K(1408K)->1300K(1408K)
[243.915s][info][gc             ] GC(540) Pause Young (Allocation Failure) 86M->10M(1443M) 1.078ms
[243.915s][info][gc,cpu         ] GC(540) User=0.00s Sys=0.00s Real=0.00s
[244.183s][info][gc,start       ] GC(541) Pause Young (System.gc())
[244.185s][info][gc,heap        ] GC(541) PSYoungGen: 68742K(79872K)->1056K(79872K) Eden: 67686K(78336K)->0K(78336K) From: 1056K(1536K)->1056K(1536K)
[244.185s][info][gc,heap        ] GC(541) ParOldGen: 9238K(1398272K)->9238K(1398272K)
[244.185s][info][gc,metaspace   ] GC(541) Metaspace: 9940K(10240K)->9940K(10240K) NonClass: 8639K(8832K)->8639K(8832K) Class: 1300K(1408K)->1300K(1408K)
[244.185s][info][gc             ] GC(541) Pause Young (System.gc()) 76M->10M(1443M) 1.366ms
[244.185s][info][gc,cpu         ] GC(541) User=0.52s Sys=0.00s Real=0.02s
[244.185s][info][gc,start       ] GC(542) Pause Full (System.gc())
[244.185s][info][gc,phases,start] GC(542) Marking Phase
[244.202s][info][gc,phases      ] GC(542) Marking Phase 16.557ms
[244.202s][info][gc,phases,start] GC(542) Summary Phase
[244.202s][info][gc,phases      ] GC(542) Summary Phase 0.021ms
[244.202s][info][gc,phases,start] GC(542) Adjust Roots
[244.206s][info][gc,phases      ] GC(542) Adjust Roots 4.251ms
[244.206s][info][gc,phases,start] GC(542) Compaction Phase
[244.210s][info][gc,phases      ] GC(542) Compaction Phase 3.864ms
[244.210s][info][gc,phases,start] GC(542) Post Compact
[244.211s][info][gc,phases      ] GC(542) Post Compact 0.844ms
[244.211s][info][gc,heap        ] GC(542) PSYoungGen: 1056K(79872K)->0K(79872K) Eden: 0K(78336K)->0K(78336K) From: 1056K(1536K)->0K(1536K)
[244.211s][info][gc,heap        ] GC(542) ParOldGen: 9238K(1398272K)->4078K(1398272K)
[244.211s][info][gc,metaspace   ] GC(542) Metaspace: 9940K(10240K)->9940K(10240K) NonClass: 8639K(8832K)->8639K(8832K) Class: 1300K(1408K)->1300K(1408K)
[244.211s][info][gc             ] GC(542) Pause Full (System.gc()) 10M->3M(1443M) 25.909ms
[244.211s][info][gc,cpu         ] GC(542) User=0.02s Sys=0.00s Real=0.02s
[244.526s][info][gc,start       ] GC(543) Pause Young (Allocation Failure)
[244.527s][info][gc,heap        ] GC(543) PSYoungGen: 78336K(79872K)->512K(78848K) Eden: 78336K(78336K)->0K(78336K) From: 0K(1536K)->512K(512K)
[244.528s][info][gc,heap        ] GC(543) ParOldGen: 4078K(1398272K)->4910K(1398272K)
[244.528s][info][gc,metaspace   ] GC(543) Metaspace: 9940K(10240K)->9940K(10240K) NonClass: 8639K(8832K)->8639K(8832K) Class: 1300K(1408K)->1300K(1408K)
[244.528s][info][gc             ] GC(543) Pause Young (Allocation Failure) 80M->5M(1442M) 1.442ms
[244.528s][info][gc,cpu         ] GC(543) User=0.00s Sys=0.02s Real=0.02s
[244.843s][info][gc,start       ] GC(544) Pause Young (Allocation Failure)
[244.845s][info][gc,heap        ] GC(544) PSYoungGen: 78848K(78848K)->1472K(79872K) Eden: 78336K(78336K)->0K(78336K) From: 512K(512K)->1472K(1536K)
[244.845s][info][gc,heap        ] GC(544) ParOldGen: 4910K(1398272K)->5558K(1398272K)
[244.845s][info][gc,metaspace   ] GC(544) Metaspace: 9940K(10240K)->9940K(10240K) NonClass: 8639K(8832K)->8639K(8832K) Class: 1300K(1408K)->1300K(1408K)
[244.845s][info][gc             ] GC(544) Pause Young (Allocation Failure) 81M->6M(1443M) 1.443ms
[244.845s][info][gc,cpu         ] GC(544) User=0.00s Sys=0.00s Real=0.00s
[245.145s][info][gc,start       ] GC(545) Pause Young (Allocation Failure)
[245.146s][info][gc,heap        ] GC(545) PSYoungGen: 79808K(79872K)->1152K(79872K) Eden: 78336K(78336K)->0K(78336K) From: 1472K(1536K)->1152K(1536K)
[245.146s][info][gc,heap        ] GC(545) ParOldGen: 5558K(1398272K)->5958K(1398272K)
[245.146s][info][gc,metaspace   ] GC(545) Metaspace: 9940K(10240K)->9940K(10240K) NonClass: 8639K(8832K)->8639K(8832K) Class: 1300K(1408K)->1300K(1408K)
[245.146s][info][gc             ] GC(545) Pause Young (Allocation Failure) 83M->6M(1443M) 1.054ms
[245.146s][info][gc,cpu         ] GC(545) User=0.00s Sys=0.00s Real=0.00s
[245.430s][info][gc,start       ] GC(546) Pause Young (Allocation Failure)
[245.431s][info][gc,heap        ] GC(546) PSYoungGen: 79488K(79872K)->1088K(79872K) Eden: 78336K(78336K)->0K(78336K) From: 1152K(1536K)->1088K(1536K)
[245.431s][info][gc,heap        ] GC(546) ParOldGen: 5958K(1398272K)->6246K(1398272K)
[245.431s][info][gc,metaspace   ] GC(546) Metaspace: 9940K(10240K)->9940K(10240K) NonClass: 8639K(8832K)->8639K(8832K) Class: 1300K(1408K)->1300K(1408K)
[245.431s][info][gc             ] GC(546) Pause Young (Allocation Failure) 83M->7M(1443M) 1.301ms
[245.431s][info][gc,cpu         ] GC(546) User=0.00s Sys=0.00s Real=0.00s
[245.728s][info][gc,start       ] GC(547) Pause Young (Allocation Failure)
[245.729s][info][gc,heap        ] GC(547) PSYoungGen: 79424K(79872K)->512K(78848K) Eden: 78336K(78336K)->0K(78336K) From: 1088K(1536K)->512K(512K)
[245.729s][info][gc,heap        ] GC(547) ParOldGen: 6246K(1398272K)->6638K(1398272K)
[245.729s][info][gc,metaspace   ] GC(547) Metaspace: 9940K(10240K)->9940K(10240K) NonClass: 8639K(8832K)->8639K(8832K) Class: 1300K(1408K)->1300K(1408K)
[245.729s][info][gc             ] GC(547) Pause Young (Allocation Failure) 83M->6M(1442M) 1.087ms
[245.729s][info][gc,cpu         ] GC(547) User=0.00s Sys=0.00s Real=0.00s
[246.033s][info][gc,start       ] GC(548) Pause Young (Allocation Failure)
[246.034s][info][gc,heap        ] GC(548) PSYoungGen: 78848K(78848K)->1152K(79872K) Eden: 78336K(78336K)->0K(78336K) From: 512K(512K)->1152K(1536K)
[246.034s][info][gc,heap        ] GC(548) ParOldGen: 6638K(1398272K)->7086K(1398272K)
[246.034s][info][gc,metaspace   ] GC(548) Metaspace: 9940K(10240K)->9940K(10240K) NonClass: 8639K(8832K)->8639K(8832K) Class: 1300K(1408K)->1300K(1408K)
[246.034s][info][gc             ] GC(548) Pause Young (Allocation Failure) 83M->8M(1443M) 1.172ms
[246.034s][info][gc,cpu         ] GC(548) User=0.00s Sys=0.00s Real=0.00s
[246.335s][info][gc,start       ] GC(549) Pause Young (Allocation Failure)
[246.336s][info][gc,heap        ] GC(549) PSYoungGen: 79488K(79872K)->1024K(79360K) Eden: 78336K(78336K)->0K(78336K) From: 1152K(1536K)->1024K(1024K)
[246.337s][info][gc,heap        ] GC(549) ParOldGen: 7086K(1398272K)->7478K(1398272K)
[246.337s][info][gc,metaspace   ] GC(549) Metaspace: 9940K(10240K)->9940K(10240K) NonClass: 8639K(8832K)->8639K(8832K) Class: 1300K(1408K)->1300K(1408K)
[246.337s][info][gc             ] GC(549) Pause Young (Allocation Failure) 84M->8M(1443M) 1.150ms
[246.337s][info][gc,cpu         ] GC(549) User=0.00s Sys=0.00s Real=0.00s
[246.631s][info][gc,start       ] GC(550) Pause Young (Allocation Failure)
[246.632s][info][gc,heap        ] GC(550) PSYoungGen: 79360K(79360K)->1088K(79872K) Eden: 78336K(78336K)->0K(78336K) From: 1024K(1024K)->1088K(1536K)
[246.632s][info][gc,heap        ] GC(550) ParOldGen: 7478K(1398272K)->7478K(1398272K)
[246.632s][info][gc,metaspace   ] GC(550) Metaspace: 9940K(10240K)->9940K(10240K) NonClass: 8639K(8832K)->8639K(8832K) Class: 1300K(1408K)->1300K(1408K)
[246.632s][info][gc             ] GC(550) Pause Young (Allocation Failure) 84M->8M(1443M) 1.149ms
[246.632s][info][gc,cpu         ] GC(550) User=0.52s Sys=0.00s Real=0.00s
[246.937s][info][gc,start       ] GC(551) Pause Young (Allocation Failure)
[246.938s][info][gc,heap        ] GC(551) PSYoungGen: 79423K(79872K)->1024K(79360K) Eden: 78335K(78336K)->0K(78336K) From: 1088K(1536K)->1024K(1024K)
[246.938s][info][gc,heap        ] GC(551) ParOldGen: 7478K(1398272K)->7494K(1398272K)
[246.938s][info][gc,metaspace   ] GC(551) Metaspace: 9940K(10240K)->9940K(10240K) NonClass: 8639K(8832K)->8639K(8832K) Class: 1300K(1408K)->1300K(1408K)
[246.938s][info][gc             ] GC(551) Pause Young (Allocation Failure) 84M->8M(1443M) 1.041ms
[246.938s][info][gc,cpu         ] GC(551) User=0.00s Sys=0.00s Real=0.00s
[247.248s][info][gc,start       ] GC(552) Pause Young (Allocation Failure)
[247.249s][info][gc,heap        ] GC(552) PSYoungGen: 79360K(79360K)->1056K(79872K) Eden: 78336K(78336K)->0K(78336K) From: 1024K(1024K)->1056K(1536K)
[247.249s][info][gc,heap        ] GC(552) ParOldGen: 7494K(1398272K)->7542K(1398272K)
[247.249s][info][gc,metaspace   ] GC(552) Metaspace: 9940K(10240K)->9940K(10240K) NonClass: 8639K(8832K)->8639K(8832K) Class: 1300K(1408K)->1300K(1408K)
[247.249s][info][gc             ] GC(552) Pause Young (Allocation Failure) 84M->8M(1443M) 1.070ms
[247.249s][info][gc,cpu         ] GC(552) User=0.00s Sys=0.00s Real=0.00s
[247.548s][info][gc,start       ] GC(553) Pause Young (Allocation Failure)
[247.548s][info][gc,heap        ] GC(553) PSYoungGen: 79392K(79872K)->1024K(79360K) Eden: 78336K(78336K)->0K(78336K) From: 1056K(1536K)->1024K(1024K)
[247.548s][info][gc,heap        ] GC(553) ParOldGen: 7542K(1398272K)->7550K(1398272K)
[247.549s][info][gc,metaspace   ] GC(553) Metaspace: 9940K(10240K)->9940K(10240K) NonClass: 8639K(8832K)->8639K(8832K) Class: 1300K(1408K)->1300K(1408K)
[247.549s][info][gc             ] GC(553) Pause Young (Allocation Failure) 84M->8M(1443M) 0.907ms
[247.549s][info][gc,cpu         ] GC(553) User=0.00s Sys=0.00s Real=0.00s
[247.841s][info][gc,start       ] GC(554) Pause Young (Allocation Failure)
[247.842s][info][gc,heap        ] GC(554) PSYoungGen: 79360K(79360K)->1088K(79872K) Eden: 78336K(78336K)->0K(78336K) From: 1024K(1024K)->1088K(1536K)
[247.842s][info][gc,heap        ] GC(554) ParOldGen: 7550K(1398272K)->7774K(1398272K)
[247.842s][info][gc,metaspace   ] GC(554) Metaspace: 9940K(10240K)->9940K(10240K) NonClass: 8639K(8832K)->8639K(8832K) Class: 1300K(1408K)->1300K(1408K)
[247.842s][info][gc             ] GC(554) Pause Young (Allocation Failure) 84M->8M(1443M) 1.098ms
[247.842s][info][gc,cpu         ] GC(554) User=0.00s Sys=0.00s Real=0.00s
[248.132s][info][gc,start       ] GC(555) Pause Young (Allocation Failure)
[248.133s][info][gc,heap        ] GC(555) PSYoungGen: 79424K(79872K)->1024K(79360K) Eden: 78336K(78336K)->0K(78336K) From: 1088K(1536K)->1024K(1024K)
[248.133s][info][gc,heap        ] GC(555) ParOldGen: 7774K(1398272K)->7902K(1398272K)
[248.133s][info][gc,metaspace   ] GC(555) Metaspace: 9940K(10240K)->9940K(10240K) NonClass: 8639K(8832K)->8639K(8832K) Class: 1300K(1408K)->1300K(1408K)
[248.133s][info][gc             ] GC(555) Pause Young (Allocation Failure) 85M->8M(1443M) 0.990ms
[248.133s][info][gc,cpu         ] GC(555) User=0.00s Sys=0.00s Real=0.00s
[248.422s][info][gc,start       ] GC(556) Pause Young (Allocation Failure)
[248.422s][info][gc,heap        ] GC(556) PSYoungGen: 79360K(79360K)->1056K(79872K) Eden: 78336K(78336K)->0K(78336K) From: 1024K(1024K)->1056K(1536K)
[248.422s][info][gc,heap        ] GC(556) ParOldGen: 7902K(1398272K)->7966K(1398272K)
[248.422s][info][gc,metaspace   ] GC(556) Metaspace: 9940K(10240K)->9940K(10240K) NonClass: 8639K(8832K)->8639K(8832K) Class: 1300K(1408K)->1300K(1408K)
[248.422s][info][gc             ] GC(556) Pause Young (Allocation Failure) 85M->8M(1443M) 0.887ms
[248.422s][info][gc,cpu         ] GC(556) User=0.00s Sys=0.00s Real=0.00s
[248.702s][info][gc,start       ] GC(557) Pause Young (Allocation Failure)
[248.703s][info][gc,heap        ] GC(557) PSYoungGen: 79392K(79872K)->1024K(79360K) Eden: 78336K(78336K)->0K(78336K) From: 1056K(1536K)->1024K(1024K)
[248.703s][info][gc,heap        ] GC(557) ParOldGen: 7966K(1398272K)->7998K(1398272K)
[248.703s][info][gc,metaspace   ] GC(557) Metaspace: 9940K(10240K)->9940K(10240K) NonClass: 8639K(8832K)->8639K(8832K) Class: 1300K(1408K)->1300K(1408K)
[248.703s][info][gc             ] GC(557) Pause Young (Allocation Failure) 85M->8M(1443M) 0.910ms
[248.703s][info][gc,cpu         ] GC(557) User=0.00s Sys=0.00s Real=0.00s
[248.984s][info][gc,start       ] GC(558) Pause Young (Allocation Failure)
[248.985s][info][gc,heap        ] GC(558) PSYoungGen: 79360K(79360K)->1056K(79872K) Eden: 78336K(78336K)->0K(78336K) From: 1024K(1024K)->1056K(1536K)
[248.985s][info][gc,heap        ] GC(558) ParOldGen: 7998K(1398272K)->8126K(1398272K)
[248.985s][info][gc,metaspace   ] GC(558) Metaspace: 9940K(10240K)->9940K(10240K) NonClass: 8639K(8832K)->8639K(8832K) Class: 1300K(1408K)->1300K(1408K)
[248.985s][info][gc             ] GC(558) Pause Young (Allocation Failure) 85M->8M(1443M) 1.018ms
[248.985s][info][gc,cpu         ] GC(558) User=0.00s Sys=0.00s Real=0.00s
[249.271s][info][gc,start       ] GC(559) Pause Young (Allocation Failure)
[249.271s][info][gc,heap        ] GC(559) PSYoungGen: 79392K(79872K)->1024K(79360K) Eden: 78336K(78336K)->0K(78336K) From: 1056K(1536K)->1024K(1024K)
[249.271s][info][gc,heap        ] GC(559) ParOldGen: 8126K(1398272K)->8134K(1398272K)
[249.271s][info][gc,metaspace   ] GC(559) Metaspace: 9940K(10240K)->9940K(10240K) NonClass: 8639K(8832K)->8639K(8832K) Class: 1300K(1408K)->1300K(1408K)
[249.272s][info][gc             ] GC(559) Pause Young (Allocation Failure) 85M->8M(1443M) 0.753ms
[249.272s][info][gc,cpu         ] GC(559) User=0.00s Sys=0.00s Real=0.00s
[249.560s][info][gc,start       ] GC(560) Pause Young (Allocation Failure)
[249.561s][info][gc,heap        ] GC(560) PSYoungGen: 79360K(79360K)->1088K(79872K) Eden: 78336K(78336K)->0K(78336K) From: 1024K(1024K)->1088K(1536K)
[249.561s][info][gc,heap        ] GC(560) ParOldGen: 8134K(1398272K)->8206K(1398272K)
[249.561s][info][gc,metaspace   ] GC(560) Metaspace: 9940K(10240K)->9940K(10240K) NonClass: 8639K(8832K)->8639K(8832K) Class: 1300K(1408K)->1300K(1408K)
[249.561s][info][gc             ] GC(560) Pause Young (Allocation Failure) 85M->9M(1443M) 1.023ms
[249.561s][info][gc,cpu         ] GC(560) User=0.00s Sys=0.00s Real=0.00s
[249.848s][info][gc,start       ] GC(561) Pause Young (Allocation Failure)
[249.849s][info][gc,heap        ] GC(561) PSYoungGen: 79424K(79872K)->1024K(79360K) Eden: 78336K(78336K)->0K(78336K) From: 1088K(1536K)->1024K(1024K)
[249.849s][info][gc,heap        ] GC(561) ParOldGen: 8206K(1398272K)->8222K(1398272K)
[249.849s][info][gc,metaspace   ] GC(561) Metaspace: 9940K(10240K)->9940K(10240K) NonClass: 8639K(8832K)->8639K(8832K) Class: 1300K(1408K)->1300K(1408K)
[249.849s][info][gc             ] GC(561) Pause Young (Allocation Failure) 85M->9M(1443M) 0.977ms
[249.849s][info][gc,cpu         ] GC(561) User=0.00s Sys=0.00s Real=0.00s
[250.136s][info][gc,start       ] GC(562) Pause Young (Allocation Failure)
[250.137s][info][gc,heap        ] GC(562) PSYoungGen: 79360K(79360K)->1088K(79872K) Eden: 78336K(78336K)->0K(78336K) From: 1024K(1024K)->1088K(1536K)
[250.137s][info][gc,heap        ] GC(562) ParOldGen: 8222K(1398272K)->8590K(1398272K)
[250.137s][info][gc,metaspace   ] GC(562) Metaspace: 9940K(10240K)->9940K(10240K) NonClass: 8639K(8832K)->8639K(8832K) Class: 1300K(1408K)->1300K(1408K)
[250.137s][info][gc             ] GC(562) Pause Young (Allocation Failure) 85M->9M(1443M) 1.196ms
[250.137s][info][gc,cpu         ] GC(562) User=0.00s Sys=0.00s Real=0.00s
[250.420s][info][gc,start       ] GC(563) Pause Young (System.gc())
[250.420s][info][gc,heap        ] GC(563) PSYoungGen: 75999K(79872K)->1024K(79360K) Eden: 74911K(78336K)->0K(78336K) From: 1088K(1536K)->1024K(1024K)
[250.420s][info][gc,heap        ] GC(563) ParOldGen: 8590K(1398272K)->8606K(1398272K)
[250.421s][info][gc,metaspace   ] GC(563) Metaspace: 9940K(10240K)->9940K(10240K) NonClass: 8639K(8832K)->8639K(8832K) Class: 1300K(1408K)->1300K(1408K)
[250.421s][info][gc             ] GC(563) Pause Young (System.gc()) 82M->9M(1443M) 0.863ms
[250.421s][info][gc,cpu         ] GC(563) User=0.00s Sys=0.00s Real=0.00s
[250.421s][info][gc,start       ] GC(564) Pause Full (System.gc())
[250.421s][info][gc,phases,start] GC(564) Marking Phase
[250.436s][info][gc,phases      ] GC(564) Marking Phase 15.481ms
[250.436s][info][gc,phases,start] GC(564) Summary Phase
[250.436s][info][gc,phases      ] GC(564) Summary Phase 0.028ms
[250.436s][info][gc,phases,start] GC(564) Adjust Roots
[250.440s][info][gc,phases      ] GC(564) Adjust Roots 3.580ms
[250.440s][info][gc,phases,start] GC(564) Compaction Phase
[250.444s][info][gc,phases      ] GC(564) Compaction Phase 3.996ms
[250.444s][info][gc,phases,start] GC(564) Post Compact
[250.445s][info][gc,phases      ] GC(564) Post Compact 0.535ms
[250.445s][info][gc,heap        ] GC(564) PSYoungGen: 1024K(79360K)->0K(79360K) Eden: 0K(78336K)->0K(78336K) From: 1024K(1024K)->0K(1024K)
[250.445s][info][gc,heap        ] GC(564) ParOldGen: 8606K(1398272K)->4078K(1398272K)
[250.445s][info][gc,metaspace   ] GC(564) Metaspace: 9940K(10240K)->9940K(10240K) NonClass: 8639K(8832K)->8639K(8832K) Class: 1300K(1408K)->1300K(1408K)
[250.445s][info][gc             ] GC(564) Pause Full (System.gc()) 9M->3M(1443M) 23.908ms
[250.445s][info][gc,cpu         ] GC(564) User=0.53s Sys=0.00s Real=0.02s
[250.736s][info][gc,start       ] GC(565) Pause Young (Allocation Failure)
[250.737s][info][gc,heap        ] GC(565) PSYoungGen: 78336K(79360K)->1536K(79872K) Eden: 78336K(78336K)->0K(78336K) From: 0K(1024K)->1536K(1536K)
[250.737s][info][gc,heap        ] GC(565) ParOldGen: 4078K(1398272K)->4086K(1398272K)
[250.737s][info][gc,metaspace   ] GC(565) Metaspace: 9940K(10240K)->9940K(10240K) NonClass: 8639K(8832K)->8639K(8832K) Class: 1300K(1408K)->1300K(1408K)
[250.737s][info][gc             ] GC(565) Pause Young (Allocation Failure) 80M->5M(1443M) 1.275ms
[250.737s][info][gc,cpu         ] GC(565) User=0.00s Sys=0.00s Real=0.00s
[251.020s][info][gc,start       ] GC(566) Pause Young (Allocation Failure)
[251.021s][info][gc,heap        ] GC(566) PSYoungGen: 79872K(79872K)->1024K(79360K) Eden: 78336K(78336K)->0K(78336K) From: 1536K(1536K)->1024K(1024K)
[251.021s][info][gc,heap        ] GC(566) ParOldGen: 4086K(1398272K)->4622K(1398272K)
[251.021s][info][gc,metaspace   ] GC(566) Metaspace: 9940K(10240K)->9940K(10240K) NonClass: 8639K(8832K)->8639K(8832K) Class: 1300K(1408K)->1300K(1408K)
[251.021s][info][gc             ] GC(566) Pause Young (Allocation Failure) 81M->5M(1443M) 1.195ms
[251.022s][info][gc,cpu         ] GC(566) User=0.00s Sys=0.00s Real=0.00s
[251.317s][info][gc,start       ] GC(567) Pause Young (Allocation Failure)
[251.318s][info][gc,heap        ] GC(567) PSYoungGen: 79360K(79360K)->1408K(79872K) Eden: 78336K(78336K)->0K(78336K) From: 1024K(1024K)->1408K(1536K)
[251.318s][info][gc,heap        ] GC(567) ParOldGen: 4622K(1398272K)->5062K(1398272K)
[251.318s][info][gc,metaspace   ] GC(567) Metaspace: 9940K(10240K)->9940K(10240K) NonClass: 8639K(8832K)->8639K(8832K) Class: 1300K(1408K)->1300K(1408K)
[251.318s][info][gc             ] GC(567) Pause Young (Allocation Failure) 82M->6M(1443M) 1.264ms
[251.318s][info][gc,cpu         ] GC(567) User=0.00s Sys=0.00s Real=0.00s
[251.602s][info][gc,start       ] GC(568) Pause Young (Allocation Failure)
[251.603s][info][gc,heap        ] GC(568) PSYoungGen: 79743K(79872K)->1024K(79360K) Eden: 78335K(78336K)->0K(78336K) From: 1408K(1536K)->1024K(1024K)
[251.603s][info][gc,heap        ] GC(568) ParOldGen: 5062K(1398272K)->5558K(1398272K)
[251.603s][info][gc,metaspace   ] GC(568) Metaspace: 9940K(10240K)->9940K(10240K) NonClass: 8639K(8832K)->8639K(8832K) Class: 1300K(1408K)->1300K(1408K)
[251.603s][info][gc             ] GC(568) Pause Young (Allocation Failure) 82M->6M(1443M) 0.990ms
[251.603s][info][gc,cpu         ] GC(568) User=0.00s Sys=0.00s Real=0.00s
[251.883s][info][gc,start       ] GC(569) Pause Young (Allocation Failure)
[251.884s][info][gc,heap        ] GC(569) PSYoungGen: 79360K(79360K)->1216K(79872K) Eden: 78336K(78336K)->0K(78336K) From: 1024K(1024K)->1216K(1536K)
[251.884s][info][gc,heap        ] GC(569) ParOldGen: 5558K(1398272K)->5950K(1398272K)
[251.884s][info][gc,metaspace   ] GC(569) Metaspace: 9940K(10240K)->9940K(10240K) NonClass: 8639K(8832K)->8639K(8832K) Class: 1300K(1408K)->1300K(1408K)
[251.884s][info][gc             ] GC(569) Pause Young (Allocation Failure) 82M->6M(1443M) 1.235ms
[251.884s][info][gc,cpu         ] GC(569) User=0.00s Sys=0.00s Real=0.00s
[252.177s][info][gc,start       ] GC(570) Pause Young (Allocation Failure)
[252.178s][info][gc,heap        ] GC(570) PSYoungGen: 79552K(79872K)->1056K(79872K) Eden: 78336K(78336K)->0K(78336K) From: 1216K(1536K)->1056K(1536K)
[252.178s][info][gc,heap        ] GC(570) ParOldGen: 5950K(1398272K)->6270K(1398272K)
[252.178s][info][gc,metaspace   ] GC(570) Metaspace: 9940K(10240K)->9940K(10240K) NonClass: 8639K(8832K)->8639K(8832K) Class: 1300K(1408K)->1300K(1408K)
[252.178s][info][gc             ] GC(570) Pause Young (Allocation Failure) 83M->7M(1443M) 1.157ms
[252.178s][info][gc,cpu         ] GC(570) User=0.00s Sys=0.00s Real=0.00s
[252.468s][info][gc,start       ] GC(571) Pause Young (Allocation Failure)
[252.469s][info][gc,heap        ] GC(571) PSYoungGen: 79392K(79872K)->1120K(79872K) Eden: 78336K(78336K)->0K(78336K) From: 1056K(1536K)->1120K(1536K)
[252.469s][info][gc,heap        ] GC(571) ParOldGen: 6270K(1398272K)->6270K(1398272K)
[252.469s][info][gc,metaspace   ] GC(571) Metaspace: 9940K(10240K)->9940K(10240K) NonClass: 8639K(8832K)->8639K(8832K) Class: 1300K(1408K)->1300K(1408K)
[252.469s][info][gc             ] GC(571) Pause Young (Allocation Failure) 83M->7M(1443M) 1.234ms
[252.469s][info][gc,cpu         ] GC(571) User=0.00s Sys=0.00s Real=0.00s
[252.740s][info][gc,start       ] GC(572) Pause Young (Allocation Failure)
[252.741s][info][gc,heap        ] GC(572) PSYoungGen: 79456K(79872K)->1024K(79360K) Eden: 78336K(78336K)->0K(78336K) From: 1120K(1536K)->1024K(1024K)
[252.741s][info][gc,heap        ] GC(572) ParOldGen: 6270K(1398272K)->6646K(1398272K)
[252.741s][info][gc,metaspace   ] GC(572) Metaspace: 9940K(10240K)->9940K(10240K) NonClass: 8639K(8832K)->8639K(8832K) Class: 1300K(1408K)->1300K(1408K)
[252.741s][info][gc             ] GC(572) Pause Young (Allocation Failure) 83M->7M(1443M) 1.157ms
[252.741s][info][gc,cpu         ] GC(572) User=0.00s Sys=0.00s Real=0.00s
[253.011s][info][gc,start       ] GC(573) Pause Young (Allocation Failure)
[253.012s][info][gc,heap        ] GC(573) PSYoungGen: 79360K(79360K)->1120K(80384K) Eden: 78336K(78336K)->0K(78336K) From: 1024K(1024K)->1120K(2048K)
[253.012s][info][gc,heap        ] GC(573) ParOldGen: 6646K(1398272K)->6726K(1398272K)
[253.012s][info][gc,metaspace   ] GC(573) Metaspace: 9940K(10240K)->9940K(10240K) NonClass: 8639K(8832K)->8639K(8832K) Class: 1300K(1408K)->1300K(1408K)
[253.012s][info][gc             ] GC(573) Pause Young (Allocation Failure) 83M->7M(1444M) 1.102ms
[253.013s][info][gc,cpu         ] GC(573) User=0.00s Sys=0.00s Real=0.00s
[253.297s][info][gc,start       ] GC(574) Pause Young (Allocation Failure)
[253.298s][info][gc,heap        ] GC(574) PSYoungGen: 79456K(80384K)->1120K(79872K) Eden: 78336K(78336K)->0K(78336K) From: 1120K(2048K)->1120K(1536K)
[253.298s][info][gc,heap        ] GC(574) ParOldGen: 6726K(1398272K)->7094K(1398272K)
[253.298s][info][gc,metaspace   ] GC(574) Metaspace: 9940K(10240K)->9940K(10240K) NonClass: 8639K(8832K)->8639K(8832K) Class: 1300K(1408K)->1300K(1408K)
[253.298s][info][gc             ] GC(574) Pause Young (Allocation Failure) 84M->8M(1443M) 1.064ms
[253.298s][info][gc,cpu         ] GC(574) User=0.00s Sys=0.00s Real=0.00s
[253.590s][info][gc,start       ] GC(575) Pause Young (Allocation Failure)
[253.591s][info][gc,heap        ] GC(575) PSYoungGen: 79456K(79872K)->1088K(79872K) Eden: 78336K(78336K)->0K(78336K) From: 1120K(1536K)->1088K(1536K)
[253.591s][info][gc,heap        ] GC(575) ParOldGen: 7094K(1398272K)->7438K(1398272K)
[253.591s][info][gc,metaspace   ] GC(575) Metaspace: 9940K(10240K)->9940K(10240K) NonClass: 8639K(8832K)->8639K(8832K) Class: 1300K(1408K)->1300K(1408K)
[253.591s][info][gc             ] GC(575) Pause Young (Allocation Failure) 84M->8M(1443M) 1.137ms
[253.591s][info][gc,cpu         ] GC(575) User=0.00s Sys=0.00s Real=0.00s
[253.875s][info][gc,start       ] GC(576) Pause Young (Allocation Failure)
[253.876s][info][gc,heap        ] GC(576) PSYoungGen: 79424K(79872K)->512K(78848K) Eden: 78336K(78336K)->0K(78336K) From: 1088K(1536K)->512K(512K)
[253.876s][info][gc,heap        ] GC(576) ParOldGen: 7438K(1398272K)->7694K(1398272K)
[253.876s][info][gc,metaspace   ] GC(576) Metaspace: 9940K(10240K)->9940K(10240K) NonClass: 8639K(8832K)->8639K(8832K) Class: 1300K(1408K)->1300K(1408K)
[253.876s][info][gc             ] GC(576) Pause Young (Allocation Failure) 84M->8M(1442M) 0.946ms
[253.876s][info][gc,cpu         ] GC(576) User=0.00s Sys=0.00s Real=0.00s
[254.177s][info][gc,start       ] GC(577) Pause Young (Allocation Failure)
[254.178s][info][gc,heap        ] GC(577) PSYoungGen: 78848K(78848K)->960K(79872K) Eden: 78336K(78336K)->0K(78336K) From: 512K(512K)->960K(1536K)
[254.178s][info][gc,heap        ] GC(577) ParOldGen: 7694K(1398272K)->7998K(1398272K)
[254.178s][info][gc,metaspace   ] GC(577) Metaspace: 9940K(10240K)->9940K(10240K) NonClass: 8639K(8832K)->8639K(8832K) Class: 1300K(1408K)->1300K(1408K)
[254.178s][info][gc             ] GC(577) Pause Young (Allocation Failure) 84M->8M(1443M) 1.787ms
[254.178s][info][gc,cpu         ] GC(577) User=0.02s Sys=0.00s Real=0.00s
[254.469s][info][gc,start       ] GC(578) Pause Young (Allocation Failure)
[254.470s][info][gc,heap        ] GC(578) PSYoungGen: 79296K(79872K)->1056K(79872K) Eden: 78336K(78336K)->0K(78336K) From: 960K(1536K)->1056K(1536K)
[254.470s][info][gc,heap        ] GC(578) ParOldGen: 7998K(1398272K)->8022K(1398272K)
[254.470s][info][gc,metaspace   ] GC(578) Metaspace: 9940K(10240K)->9940K(10240K) NonClass: 8639K(8832K)->8639K(8832K) Class: 1300K(1408K)->1300K(1408K)
[254.470s][info][gc             ] GC(578) Pause Young (Allocation Failure) 85M->8M(1443M) 0.916ms
[254.470s][info][gc,cpu         ] GC(578) User=0.00s Sys=0.00s Real=0.00s
[254.764s][info][gc,start       ] GC(579) Pause Young (Allocation Failure)
[254.765s][info][gc,heap        ] GC(579) PSYoungGen: 79392K(79872K)->1056K(79872K) Eden: 78336K(78336K)->0K(78336K) From: 1056K(1536K)->1056K(1536K)
[254.765s][info][gc,heap        ] GC(579) ParOldGen: 8022K(1398272K)->8022K(1398272K)
[254.765s][info][gc,metaspace   ] GC(579) Metaspace: 9940K(10240K)->9940K(10240K) NonClass: 8639K(8832K)->8639K(8832K) Class: 1300K(1408K)->1300K(1408K)
[254.765s][info][gc             ] GC(579) Pause Young (Allocation Failure) 85M->8M(1443M) 1.112ms
[254.765s][info][gc,cpu         ] GC(579) User=0.00s Sys=0.00s Real=0.00s
[255.053s][info][gc,start       ] GC(580) Pause Young (Allocation Failure)
[255.054s][info][gc,heap        ] GC(580) PSYoungGen: 79392K(79872K)->512K(78848K) Eden: 78336K(78336K)->0K(78336K) From: 1056K(1536K)->512K(512K)
[255.054s][info][gc,heap        ] GC(580) ParOldGen: 8022K(1398272K)->8270K(1398272K)
[255.054s][info][gc,metaspace   ] GC(580) Metaspace: 9940K(10240K)->9940K(10240K) NonClass: 8639K(8832K)->8639K(8832K) Class: 1300K(1408K)->1300K(1408K)
[255.054s][info][gc             ] GC(580) Pause Young (Allocation Failure) 85M->8M(1442M) 0.950ms
[255.054s][info][gc,cpu         ] GC(580) User=0.02s Sys=0.00s Real=0.00s
[255.348s][info][gc,start       ] GC(581) Pause Young (Allocation Failure)
[255.349s][info][gc,heap        ] GC(581) PSYoungGen: 78848K(78848K)->960K(79872K) Eden: 78336K(78336K)->0K(78336K) From: 512K(512K)->960K(1536K)
[255.349s][info][gc,heap        ] GC(581) ParOldGen: 8270K(1398272K)->8654K(1398272K)
[255.349s][info][gc,metaspace   ] GC(581) Metaspace: 9940K(10240K)->9940K(10240K) NonClass: 8639K(8832K)->8639K(8832K) Class: 1300K(1408K)->1300K(1408K)
[255.349s][info][gc             ] GC(581) Pause Young (Allocation Failure) 85M->9M(1443M) 1.525ms
[255.349s][info][gc,cpu         ] GC(581) User=0.00s Sys=0.00s Real=0.00s
[255.647s][info][gc,start       ] GC(582) Pause Young (Allocation Failure)
[255.648s][info][gc,heap        ] GC(582) PSYoungGen: 79296K(79872K)->1056K(79872K) Eden: 78336K(78336K)->0K(78336K) From: 960K(1536K)->1056K(1536K)
[255.648s][info][gc,heap        ] GC(582) ParOldGen: 8654K(1398272K)->8862K(1398272K)
[255.648s][info][gc,metaspace   ] GC(582) Metaspace: 9940K(10240K)->9940K(10240K) NonClass: 8639K(8832K)->8639K(8832K) Class: 1300K(1408K)->1300K(1408K)
[255.648s][info][gc             ] GC(582) Pause Young (Allocation Failure) 85M->9M(1443M) 1.049ms
[255.648s][info][gc,cpu         ] GC(582) User=0.02s Sys=0.00s Real=0.00s
[255.938s][info][gc,start       ] GC(583) Pause Young (Allocation Failure)
[255.939s][info][gc,heap        ] GC(583) PSYoungGen: 79392K(79872K)->1056K(79872K) Eden: 78336K(78336K)->0K(78336K) From: 1056K(1536K)->1056K(1536K)
[255.939s][info][gc,heap        ] GC(583) ParOldGen: 8862K(1398272K)->8862K(1398272K)
[255.939s][info][gc,metaspace   ] GC(583) Metaspace: 9940K(10240K)->9940K(10240K) NonClass: 8639K(8832K)->8639K(8832K) Class: 1300K(1408K)->1300K(1408K)
[255.939s][info][gc             ] GC(583) Pause Young (Allocation Failure) 86M->9M(1443M) 1.193ms
[255.939s][info][gc,cpu         ] GC(583) User=0.00s Sys=0.00s Real=0.00s
[256.232s][info][gc,start       ] GC(584) Pause Young (Allocation Failure)
[256.233s][info][gc,heap        ] GC(584) PSYoungGen: 79392K(79872K)->512K(78848K) Eden: 78336K(78336K)->0K(78336K) From: 1056K(1536K)->512K(512K)
[256.233s][info][gc,heap        ] GC(584) ParOldGen: 8862K(1398272K)->9086K(1398272K)
[256.233s][info][gc,metaspace   ] GC(584) Metaspace: 9940K(10240K)->9940K(10240K) NonClass: 8639K(8832K)->8639K(8832K) Class: 1300K(1408K)->1300K(1408K)
[256.233s][info][gc             ] GC(584) Pause Young (Allocation Failure) 86M->9M(1442M) 0.896ms
[256.233s][info][gc,cpu         ] GC(584) User=0.00s Sys=0.00s Real=0.00s
[256.499s][info][gc,start       ] GC(585) Pause Young (System.gc())
[256.501s][info][gc,heap        ] GC(585) PSYoungGen: 69778K(78848K)->992K(79872K) Eden: 69266K(78336K)->0K(78336K) From: 512K(512K)->992K(1536K)
[256.501s][info][gc,heap        ] GC(585) ParOldGen: 9086K(1398272K)->9382K(1398272K)
[256.501s][info][gc,metaspace   ] GC(585) Metaspace: 9940K(10240K)->9940K(10240K) NonClass: 8639K(8832K)->8639K(8832K) Class: 1300K(1408K)->1300K(1408K)
[256.501s][info][gc             ] GC(585) Pause Young (System.gc()) 77M->10M(1443M) 1.827ms
[256.501s][info][gc,cpu         ] GC(585) User=0.52s Sys=0.00s Real=0.02s
[256.501s][info][gc,start       ] GC(586) Pause Full (System.gc())
[256.501s][info][gc,phases,start] GC(586) Marking Phase
[256.517s][info][gc,phases      ] GC(586) Marking Phase 15.620ms
[256.517s][info][gc,phases,start] GC(586) Summary Phase
[256.517s][info][gc,phases      ] GC(586) Summary Phase 0.022ms
[256.517s][info][gc,phases,start] GC(586) Adjust Roots
[256.521s][info][gc,phases      ] GC(586) Adjust Roots 3.736ms
[256.521s][info][gc,phases,start] GC(586) Compaction Phase
[256.524s][info][gc,phases      ] GC(586) Compaction Phase 3.698ms
[256.524s][info][gc,phases,start] GC(586) Post Compact
[256.525s][info][gc,phases      ] GC(586) Post Compact 0.543ms
[256.525s][info][gc,heap        ] GC(586) PSYoungGen: 992K(79872K)->0K(79872K) Eden: 0K(78336K)->0K(78336K) From: 992K(1536K)->0K(1536K)
[256.525s][info][gc,heap        ] GC(586) ParOldGen: 9382K(1398272K)->4078K(1398272K)
[256.525s][info][gc,metaspace   ] GC(586) Metaspace: 9940K(10240K)->9940K(10240K) NonClass: 8639K(8832K)->8639K(8832K) Class: 1300K(1408K)->1300K(1408K)
[256.525s][info][gc             ] GC(586) Pause Full (System.gc()) 10M->3M(1443M) 23.943ms
[256.525s][info][gc,cpu         ] GC(586) User=0.02s Sys=0.00s Real=0.02s
[256.813s][info][gc,start       ] GC(587) Pause Young (Allocation Failure)
[256.814s][info][gc,heap        ] GC(587) PSYoungGen: 78336K(79872K)->1536K(79872K) Eden: 78336K(78336K)->0K(78336K) From: 0K(1536K)->1536K(1536K)
[256.814s][info][gc,heap        ] GC(587) ParOldGen: 4078K(1398272K)->4134K(1398272K)
[256.814s][info][gc,metaspace   ] GC(587) Metaspace: 9940K(10240K)->9940K(10240K) NonClass: 8639K(8832K)->8639K(8832K) Class: 1300K(1408K)->1300K(1408K)
[256.814s][info][gc             ] GC(587) Pause Young (Allocation Failure) 80M->5M(1443M) 1.157ms
[256.814s][info][gc,cpu         ] GC(587) User=0.00s Sys=0.00s Real=0.00s
[257.102s][info][gc,start       ] GC(588) Pause Young (Allocation Failure)
[257.103s][info][gc,heap        ] GC(588) PSYoungGen: 79872K(79872K)->1472K(79872K) Eden: 78336K(78336K)->0K(78336K) From: 1536K(1536K)->1472K(1536K)
[257.103s][info][gc,heap        ] GC(588) ParOldGen: 4134K(1398272K)->4502K(1398272K)
[257.103s][info][gc,metaspace   ] GC(588) Metaspace: 9940K(10240K)->9940K(10240K) NonClass: 8639K(8832K)->8639K(8832K) Class: 1300K(1408K)->1300K(1408K)
[257.103s][info][gc             ] GC(588) Pause Young (Allocation Failure) 82M->5M(1443M) 1.322ms
[257.103s][info][gc,cpu         ] GC(588) User=0.00s Sys=0.00s Real=0.00s
[257.391s][info][gc,start       ] GC(589) Pause Young (Allocation Failure)
[257.392s][info][gc,heap        ] GC(589) PSYoungGen: 79808K(79872K)->1024K(79360K) Eden: 78336K(78336K)->0K(78336K) From: 1472K(1536K)->1024K(1024K)
[257.392s][info][gc,heap        ] GC(589) ParOldGen: 4502K(1398272K)->5190K(1398272K)
[257.392s][info][gc,metaspace   ] GC(589) Metaspace: 9940K(10240K)->9940K(10240K) NonClass: 8639K(8832K)->8639K(8832K) Class: 1300K(1408K)->1300K(1408K)
[257.392s][info][gc             ] GC(589) Pause Young (Allocation Failure) 82M->6M(1443M) 1.242ms
[257.392s][info][gc,cpu         ] GC(589) User=0.00s Sys=0.00s Real=0.00s
[257.679s][info][gc,start       ] GC(590) Pause Young (Allocation Failure)
[257.680s][info][gc,heap        ] GC(590) PSYoungGen: 79360K(79360K)->1088K(79872K) Eden: 78336K(78336K)->0K(78336K) From: 1024K(1024K)->1088K(1536K)
[257.680s][info][gc,heap        ] GC(590) ParOldGen: 5190K(1398272K)->5190K(1398272K)
[257.680s][info][gc,metaspace   ] GC(590) Metaspace: 9940K(10240K)->9940K(10240K) NonClass: 8639K(8832K)->8639K(8832K) Class: 1300K(1408K)->1300K(1408K)
[257.680s][info][gc             ] GC(590) Pause Young (Allocation Failure) 82M->6M(1443M) 1.112ms
[257.680s][info][gc,cpu         ] GC(590) User=0.00s Sys=0.00s Real=0.00s
[257.974s][info][gc,start       ] GC(591) Pause Young (Allocation Failure)
[257.975s][info][gc,heap        ] GC(591) PSYoungGen: 79424K(79872K)->992K(79360K) Eden: 78336K(78336K)->0K(78336K) From: 1088K(1536K)->992K(1024K)
[257.975s][info][gc,heap        ] GC(591) ParOldGen: 5190K(1398272K)->5534K(1398272K)
[257.975s][info][gc,metaspace   ] GC(591) Metaspace: 9940K(10240K)->9940K(10240K) NonClass: 8639K(8832K)->8639K(8832K) Class: 1300K(1408K)->1300K(1408K)
[257.975s][info][gc             ] GC(591) Pause Young (Allocation Failure) 82M->6M(1443M) 1.337ms
[257.975s][info][gc,cpu         ] GC(591) User=0.00s Sys=0.00s Real=0.00s
[258.268s][info][gc,start       ] GC(592) Pause Young (Allocation Failure)
[258.268s][info][gc,heap        ] GC(592) PSYoungGen: 79328K(79360K)->1088K(79872K) Eden: 78336K(78336K)->0K(78336K) From: 992K(1024K)->1088K(1536K)
[258.268s][info][gc,heap        ] GC(592) ParOldGen: 5534K(1398272K)->5534K(1398272K)
[258.268s][info][gc,metaspace   ] GC(592) Metaspace: 9940K(10240K)->9940K(10240K) NonClass: 8639K(8832K)->8639K(8832K) Class: 1300K(1408K)->1300K(1408K)
[258.269s][info][gc             ] GC(592) Pause Young (Allocation Failure) 82M->6M(1443M) 0.985ms
[258.269s][info][gc,cpu         ] GC(592) User=0.00s Sys=0.00s Real=0.00s
[258.555s][info][gc,start       ] GC(593) Pause Young (Allocation Failure)
[258.555s][info][gc,heap        ] GC(593) PSYoungGen: 79424K(79872K)->1024K(79360K) Eden: 78336K(78336K)->0K(78336K) From: 1088K(1536K)->1024K(1024K)
[258.555s][info][gc,heap        ] GC(593) ParOldGen: 5534K(1398272K)->5550K(1398272K)
[258.556s][info][gc,metaspace   ] GC(593) Metaspace: 9940K(10240K)->9940K(10240K) NonClass: 8639K(8832K)->8639K(8832K) Class: 1300K(1408K)->1300K(1408K)
[258.556s][info][gc             ] GC(593) Pause Young (Allocation Failure) 82M->6M(1443M) 0.943ms
[258.556s][info][gc,cpu         ] GC(593) User=0.00s Sys=0.00s Real=0.00s
[258.849s][info][gc,start       ] GC(594) Pause Young (Allocation Failure)
[258.850s][info][gc,heap        ] GC(594) PSYoungGen: 79360K(79360K)->1056K(79872K) Eden: 78336K(78336K)->0K(78336K) From: 1024K(1024K)->1056K(1536K)
[258.850s][info][gc,heap        ] GC(594) ParOldGen: 5550K(1398272K)->5918K(1398272K)
[258.850s][info][gc,metaspace   ] GC(594) Metaspace: 9940K(10240K)->9940K(10240K) NonClass: 8639K(8832K)->8639K(8832K) Class: 1300K(1408K)->1300K(1408K)
[258.850s][info][gc             ] GC(594) Pause Young (Allocation Failure) 82M->6M(1443M) 1.231ms
[258.850s][info][gc,cpu         ] GC(594) User=0.00s Sys=0.02s Real=0.00s
[259.137s][info][gc,start       ] GC(595) Pause Young (Allocation Failure)
[259.138s][info][gc,heap        ] GC(595) PSYoungGen: 79392K(79872K)->1024K(79360K) Eden: 78336K(78336K)->0K(78336K) From: 1056K(1536K)->1024K(1024K)
[259.138s][info][gc,heap        ] GC(595) ParOldGen: 5918K(1398272K)->6030K(1398272K)
[259.138s][info][gc,metaspace   ] GC(595) Metaspace: 9940K(10240K)->9940K(10240K) NonClass: 8639K(8832K)->8639K(8832K) Class: 1300K(1408K)->1300K(1408K)
[259.138s][info][gc             ] GC(595) Pause Young (Allocation Failure) 83M->6M(1443M) 0.993ms
[259.138s][info][gc,cpu         ] GC(595) User=0.00s Sys=0.00s Real=0.00s
[259.438s][info][gc,start       ] GC(596) Pause Young (Allocation Failure)
[259.439s][info][gc,heap        ] GC(596) PSYoungGen: 79360K(79360K)->1088K(79872K) Eden: 78336K(78336K)->0K(78336K) From: 1024K(1024K)->1088K(1536K)
[259.439s][info][gc,heap        ] GC(596) ParOldGen: 6030K(1398272K)->6406K(1398272K)
[259.439s][info][gc,metaspace   ] GC(596) Metaspace: 9940K(10240K)->9940K(10240K) NonClass: 8639K(8832K)->8639K(8832K) Class: 1300K(1408K)->1300K(1408K)
[259.439s][info][gc             ] GC(596) Pause Young (Allocation Failure) 83M->7M(1443M) 1.287ms
[259.439s][info][gc,cpu         ] GC(596) User=0.00s Sys=0.00s Real=0.00s
[259.701s][info][gc,start       ] GC(597) Pause Young (Allocation Failure)
[259.702s][info][gc,heap        ] GC(597) PSYoungGen: 79424K(79872K)->1024K(79360K) Eden: 78336K(78336K)->0K(78336K) From: 1088K(1536K)->1024K(1024K)
[259.702s][info][gc,heap        ] GC(597) ParOldGen: 6406K(1398272K)->6758K(1398272K)
[259.702s][info][gc,metaspace   ] GC(597) Metaspace: 9940K(10240K)->9940K(10240K) NonClass: 8639K(8832K)->8639K(8832K) Class: 1300K(1408K)->1300K(1408K)
[259.702s][info][gc             ] GC(597) Pause Young (Allocation Failure) 83M->7M(1443M) 0.896ms
[259.702s][info][gc,cpu         ] GC(597) User=0.00s Sys=0.00s Real=0.00s
[259.999s][info][gc,start       ] GC(598) Pause Young (Allocation Failure)
[260.000s][info][gc,heap        ] GC(598) PSYoungGen: 79360K(79360K)->1312K(79872K) Eden: 78336K(78336K)->0K(78336K) From: 1024K(1024K)->1312K(1536K)
[260.000s][info][gc,heap        ] GC(598) ParOldGen: 6758K(1398272K)->6814K(1398272K)
[260.000s][info][gc,metaspace   ] GC(598) Metaspace: 9940K(10240K)->9940K(10240K) NonClass: 8639K(8832K)->8639K(8832K) Class: 1300K(1408K)->1300K(1408K)
[260.000s][info][gc             ] GC(598) Pause Young (Allocation Failure) 84M->7M(1443M) 1.204ms
[260.000s][info][gc,cpu         ] GC(598) User=0.00s Sys=0.00s Real=0.00s
[260.292s][info][gc,start       ] GC(599) Pause Young (Allocation Failure)
[260.293s][info][gc,heap        ] GC(599) PSYoungGen: 79648K(79872K)->992K(79360K) Eden: 78336K(78336K)->0K(78336K) From: 1312K(1536K)->992K(1024K)
[260.293s][info][gc,heap        ] GC(599) ParOldGen: 6814K(1398272K)->7358K(1398272K)
[260.293s][info][gc,metaspace   ] GC(599) Metaspace: 9940K(10240K)->9940K(10240K) NonClass: 8639K(8832K)->8639K(8832K) Class: 1300K(1408K)->1300K(1408K)
[260.293s][info][gc             ] GC(599) Pause Young (Allocation Failure) 84M->8M(1443M) 1.109ms
[260.293s][info][gc,cpu         ] GC(599) User=0.00s Sys=0.00s Real=0.00s
[260.589s][info][gc,start       ] GC(600) Pause Young (Allocation Failure)
[260.590s][info][gc,heap        ] GC(600) PSYoungGen: 79328K(79360K)->1056K(79872K) Eden: 78336K(78336K)->0K(78336K) From: 992K(1024K)->1056K(1536K)
[260.590s][info][gc,heap        ] GC(600) ParOldGen: 7358K(1398272K)->7358K(1398272K)
[260.590s][info][gc,metaspace   ] GC(600) Metaspace: 9940K(10240K)->9940K(10240K) NonClass: 8639K(8832K)->8639K(8832K) Class: 1300K(1408K)->1300K(1408K)
[260.590s][info][gc             ] GC(600) Pause Young (Allocation Failure) 84M->8M(1443M) 1.055ms
[260.590s][info][gc,cpu         ] GC(600) User=0.00s Sys=0.00s Real=0.00s
[260.883s][info][gc,start       ] GC(601) Pause Young (Allocation Failure)
[260.883s][info][gc,heap        ] GC(601) PSYoungGen: 79392K(79872K)->1024K(79360K) Eden: 78336K(78336K)->0K(78336K) From: 1056K(1536K)->1024K(1024K)
[260.884s][info][gc,heap        ] GC(601) ParOldGen: 7358K(1398272K)->7382K(1398272K)
[260.884s][info][gc,metaspace   ] GC(601) Metaspace: 9940K(10240K)->9940K(10240K) NonClass: 8639K(8832K)->8639K(8832K) Class: 1300K(1408K)->1300K(1408K)
[260.884s][info][gc             ] GC(601) Pause Young (Allocation Failure) 84M->8M(1443M) 0.898ms
[260.884s][info][gc,cpu         ] GC(601) User=0.00s Sys=0.00s Real=0.00s
[261.177s][info][gc,start       ] GC(602) Pause Young (Allocation Failure)
[261.178s][info][gc,heap        ] GC(602) PSYoungGen: 79360K(79360K)->1056K(79872K) Eden: 78336K(78336K)->0K(78336K) From: 1024K(1024K)->1056K(1536K)
[261.178s][info][gc,heap        ] GC(602) ParOldGen: 7382K(1398272K)->7542K(1398272K)
[261.178s][info][gc,metaspace   ] GC(602) Metaspace: 9940K(10240K)->9940K(10240K) NonClass: 8639K(8832K)->8639K(8832K) Class: 1300K(1408K)->1300K(1408K)
[261.178s][info][gc             ] GC(602) Pause Young (Allocation Failure) 84M->8M(1443M) 1.102ms
[261.178s][info][gc,cpu         ] GC(602) User=0.00s Sys=0.00s Real=0.00s
[261.471s][info][gc,start       ] GC(603) Pause Young (Allocation Failure)
[261.472s][info][gc,heap        ] GC(603) PSYoungGen: 79392K(79872K)->1024K(79360K) Eden: 78336K(78336K)->0K(78336K) From: 1056K(1536K)->1024K(1024K)
[261.472s][info][gc,heap        ] GC(603) ParOldGen: 7542K(1398272K)->7550K(1398272K)
[261.472s][info][gc,metaspace   ] GC(603) Metaspace: 9940K(10240K)->9940K(10240K) NonClass: 8639K(8832K)->8639K(8832K) Class: 1300K(1408K)->1300K(1408K)
[261.472s][info][gc             ] GC(603) Pause Young (Allocation Failure) 84M->8M(1443M) 0.992ms
[261.472s][info][gc,cpu         ] GC(603) User=0.00s Sys=0.00s Real=0.00s
[261.763s][info][gc,start       ] GC(604) Pause Young (Allocation Failure)
[261.764s][info][gc,heap        ] GC(604) PSYoungGen: 79360K(79360K)->1056K(79872K) Eden: 78336K(78336K)->0K(78336K) From: 1024K(1024K)->1056K(1536K)
[261.764s][info][gc,heap        ] GC(604) ParOldGen: 7550K(1398272K)->7678K(1398272K)
[261.764s][info][gc,metaspace   ] GC(604) Metaspace: 9940K(10240K)->9940K(10240K) NonClass: 8639K(8832K)->8639K(8832K) Class: 1300K(1408K)->1300K(1408K)
[261.764s][info][gc             ] GC(604) Pause Young (Allocation Failure) 84M->8M(1443M) 1.092ms
[261.765s][info][gc,cpu         ] GC(604) User=0.00s Sys=0.00s Real=0.00s
[262.059s][info][gc,start       ] GC(605) Pause Young (Allocation Failure)
[262.060s][info][gc,heap        ] GC(605) PSYoungGen: 79392K(79872K)->1024K(79360K) Eden: 78336K(78336K)->0K(78336K) From: 1056K(1536K)->1024K(1024K)
[262.060s][info][gc,heap        ] GC(605) ParOldGen: 7678K(1398272K)->7686K(1398272K)
[262.060s][info][gc,metaspace   ] GC(605) Metaspace: 9940K(10240K)->9940K(10240K) NonClass: 8639K(8832K)->8639K(8832K) Class: 1300K(1408K)->1300K(1408K)
[262.060s][info][gc             ] GC(605) Pause Young (Allocation Failure) 85M->8M(1443M) 0.942ms
[262.060s][info][gc,cpu         ] GC(605) User=0.00s Sys=0.00s Real=0.00s
[262.356s][info][gc,start       ] GC(606) Pause Young (Allocation Failure)
[262.357s][info][gc,heap        ] GC(606) PSYoungGen: 79360K(79360K)->1056K(79872K) Eden: 78336K(78336K)->0K(78336K) From: 1024K(1024K)->1056K(1536K)
[262.357s][info][gc,heap        ] GC(606) ParOldGen: 7686K(1398272K)->7782K(1398272K)
[262.357s][info][gc,metaspace   ] GC(606) Metaspace: 9940K(10240K)->9940K(10240K) NonClass: 8639K(8832K)->8639K(8832K) Class: 1300K(1408K)->1300K(1408K)
[262.357s][info][gc             ] GC(606) Pause Young (Allocation Failure) 85M->8M(1443M) 1.070ms
[262.358s][info][gc,cpu         ] GC(606) User=0.00s Sys=0.00s Real=0.00s
[262.641s][info][gc,start       ] GC(607) Pause Young (System.gc())
[262.642s][info][gc,heap        ] GC(607) PSYoungGen: 74974K(79872K)->1024K(79360K) Eden: 73918K(78336K)->0K(78336K) From: 1056K(1536K)->1024K(1024K)
[262.642s][info][gc,heap        ] GC(607) ParOldGen: 7782K(1398272K)->7798K(1398272K)
[262.642s][info][gc,metaspace   ] GC(607) Metaspace: 9940K(10240K)->9940K(10240K) NonClass: 8639K(8832K)->8639K(8832K) Class: 1300K(1408K)->1300K(1408K)
[262.642s][info][gc             ] GC(607) Pause Young (System.gc()) 80M->8M(1443M) 0.970ms
[262.642s][info][gc,cpu         ] GC(607) User=0.00s Sys=0.00s Real=0.00s
[262.642s][info][gc,start       ] GC(608) Pause Full (System.gc())
[262.643s][info][gc,phases,start] GC(608) Marking Phase
[262.657s][info][gc,phases      ] GC(608) Marking Phase 14.688ms
[262.657s][info][gc,phases,start] GC(608) Summary Phase
[262.657s][info][gc,phases      ] GC(608) Summary Phase 0.038ms
[262.657s][info][gc,phases,start] GC(608) Adjust Roots
[262.661s][info][gc,phases      ] GC(608) Adjust Roots 4.111ms
[262.661s][info][gc,phases,start] GC(608) Compaction Phase
[262.665s][info][gc,phases      ] GC(608) Compaction Phase 3.672ms
[262.665s][info][gc,phases,start] GC(608) Post Compact
[262.666s][info][gc,phases      ] GC(608) Post Compact 0.530ms
[262.666s][info][gc,heap        ] GC(608) PSYoungGen: 1024K(79360K)->0K(79360K) Eden: 0K(78336K)->0K(78336K) From: 1024K(1024K)->0K(1024K)
[262.666s][info][gc,heap        ] GC(608) ParOldGen: 7798K(1398272K)->4078K(1398272K)
[262.666s][info][gc,metaspace   ] GC(608) Metaspace: 9940K(10240K)->9940K(10240K) NonClass: 8639K(8832K)->8639K(8832K) Class: 1300K(1408K)->1300K(1408K)
[262.666s][info][gc             ] GC(608) Pause Full (System.gc()) 8M->3M(1443M) 23.318ms
[262.666s][info][gc,cpu         ] GC(608) User=0.56s Sys=0.00s Real=0.02s
[262.964s][info][gc,start       ] GC(609) Pause Young (Allocation Failure)
[262.965s][info][gc,heap        ] GC(609) PSYoungGen: 78336K(79360K)->1376K(79872K) Eden: 78336K(78336K)->0K(78336K) From: 0K(1024K)->1376K(1536K)
[262.965s][info][gc,heap        ] GC(609) ParOldGen: 4078K(1398272K)->4078K(1398272K)
[262.965s][info][gc,metaspace   ] GC(609) Metaspace: 9940K(10240K)->9940K(10240K) NonClass: 8639K(8832K)->8639K(8832K) Class: 1300K(1408K)->1300K(1408K)
[262.965s][info][gc             ] GC(609) Pause Young (Allocation Failure) 80M->5M(1443M) 1.322ms
[262.965s][info][gc,cpu         ] GC(609) User=0.00s Sys=0.00s Real=0.00s
[263.259s][info][gc,start       ] GC(610) Pause Young (Allocation Failure)
[263.260s][info][gc,heap        ] GC(610) PSYoungGen: 79712K(79872K)->1024K(79360K) Eden: 78336K(78336K)->0K(78336K) From: 1376K(1536K)->1024K(1024K)
[263.260s][info][gc,heap        ] GC(610) ParOldGen: 4078K(1398272K)->4518K(1398272K)
[263.260s][info][gc,metaspace   ] GC(610) Metaspace: 9940K(10240K)->9940K(10240K) NonClass: 8639K(8832K)->8639K(8832K) Class: 1300K(1408K)->1300K(1408K)
[263.260s][info][gc             ] GC(610) Pause Young (Allocation Failure) 81M->5M(1443M) 1.072ms
[263.260s][info][gc,cpu         ] GC(610) User=0.00s Sys=0.00s Real=0.00s
[263.562s][info][gc,start       ] GC(611) Pause Young (Allocation Failure)
[263.563s][info][gc,heap        ] GC(611) PSYoungGen: 79360K(79360K)->1088K(79872K) Eden: 78336K(78336K)->0K(78336K) From: 1024K(1024K)->1088K(1536K)
[263.563s][info][gc,heap        ] GC(611) ParOldGen: 4518K(1398272K)->5086K(1398272K)
[263.563s][info][gc,metaspace   ] GC(611) Metaspace: 9940K(10240K)->9940K(10240K) NonClass: 8639K(8832K)->8639K(8832K) Class: 1300K(1408K)->1300K(1408K)
[263.563s][info][gc             ] GC(611) Pause Young (Allocation Failure) 81M->6M(1443M) 1.205ms
[263.563s][info][gc,cpu         ] GC(611) User=0.00s Sys=0.00s Real=0.00s
[263.865s][info][gc,start       ] GC(612) Pause Young (Allocation Failure)
[263.866s][info][gc,heap        ] GC(612) PSYoungGen: 79424K(79872K)->1024K(79360K) Eden: 78336K(78336K)->0K(78336K) From: 1088K(1536K)->1024K(1024K)
[263.866s][info][gc,heap        ] GC(612) ParOldGen: 5086K(1398272K)->5326K(1398272K)
[263.866s][info][gc,metaspace   ] GC(612) Metaspace: 9940K(10240K)->9940K(10240K) NonClass: 8639K(8832K)->8639K(8832K) Class: 1300K(1408K)->1300K(1408K)
[263.866s][info][gc             ] GC(612) Pause Young (Allocation Failure) 82M->6M(1443M) 1.074ms
[263.866s][info][gc,cpu         ] GC(612) User=0.00s Sys=0.00s Real=0.00s
[264.166s][info][gc,start       ] GC(613) Pause Young (Allocation Failure)
[264.167s][info][gc,heap        ] GC(613) PSYoungGen: 79359K(79360K)->1024K(79360K) Eden: 78335K(78336K)->0K(78336K) From: 1024K(1024K)->1024K(1024K)
[264.167s][info][gc,heap        ] GC(613) ParOldGen: 5326K(1398272K)->5838K(1398272K)
[264.167s][info][gc,metaspace   ] GC(613) Metaspace: 9940K(10240K)->9940K(10240K) NonClass: 8639K(8832K)->8639K(8832K) Class: 1300K(1408K)->1300K(1408K)
[264.167s][info][gc             ] GC(613) Pause Young (Allocation Failure) 82M->6M(1443M) 1.290ms
[264.167s][info][gc,cpu         ] GC(613) User=0.00s Sys=0.00s Real=0.00s
[264.464s][info][gc,start       ] GC(614) Pause Young (Allocation Failure)
[264.465s][info][gc,heap        ] GC(614) PSYoungGen: 79360K(79360K)->1088K(79872K) Eden: 78336K(78336K)->0K(78336K) From: 1024K(1024K)->1088K(1536K)
[264.465s][info][gc,heap        ] GC(614) ParOldGen: 5838K(1398272K)->5838K(1398272K)
[264.465s][info][gc,metaspace   ] GC(614) Metaspace: 9940K(10240K)->9940K(10240K) NonClass: 8639K(8832K)->8639K(8832K) Class: 1300K(1408K)->1300K(1408K)
[264.465s][info][gc             ] GC(614) Pause Young (Allocation Failure) 83M->6M(1443M) 0.931ms
[264.465s][info][gc,cpu         ] GC(614) User=0.00s Sys=0.00s Real=0.00s
[264.756s][info][gc,start       ] GC(615) Pause Young (Allocation Failure)
[264.758s][info][gc,heap        ] GC(615) PSYoungGen: 79424K(79872K)->1120K(79872K) Eden: 78336K(78336K)->0K(78336K) From: 1088K(1536K)->1120K(1536K)
[264.758s][info][gc,heap        ] GC(615) ParOldGen: 5838K(1398272K)->6206K(1398272K)
[264.758s][info][gc,metaspace   ] GC(615) Metaspace: 9940K(10240K)->9940K(10240K) NonClass: 8639K(8832K)->8639K(8832K) Class: 1300K(1408K)->1300K(1408K)
[264.758s][info][gc             ] GC(615) Pause Young (Allocation Failure) 83M->7M(1443M) 1.311ms
[264.758s][info][gc,cpu         ] GC(615) User=0.52s Sys=0.00s Real=0.00s
[265.044s][info][gc,start       ] GC(616) Pause Young (Allocation Failure)
[265.045s][info][gc,heap        ] GC(616) PSYoungGen: 79456K(79872K)->512K(78848K) Eden: 78336K(78336K)->0K(78336K) From: 1120K(1536K)->512K(512K)
[265.045s][info][gc,heap        ] GC(616) ParOldGen: 6206K(1398272K)->6766K(1398272K)
[265.045s][info][gc,metaspace   ] GC(616) Metaspace: 9940K(10240K)->9940K(10240K) NonClass: 8639K(8832K)->8639K(8832K) Class: 1300K(1408K)->1300K(1408K)
[265.045s][info][gc             ] GC(616) Pause Young (Allocation Failure) 83M->7M(1442M) 1.074ms
[265.045s][info][gc,cpu         ] GC(616) User=0.00s Sys=0.00s Real=0.00s
[265.353s][info][gc,start       ] GC(617) Pause Young (Allocation Failure)
[265.354s][info][gc,heap        ] GC(617) PSYoungGen: 78848K(78848K)->1088K(79872K) Eden: 78336K(78336K)->0K(78336K) From: 512K(512K)->1088K(1536K)
[265.354s][info][gc,heap        ] GC(617) ParOldGen: 6766K(1398272K)->7286K(1398272K)
[265.354s][info][gc,metaspace   ] GC(617) Metaspace: 9940K(10240K)->9940K(10240K) NonClass: 8639K(8832K)->8639K(8832K) Class: 1300K(1408K)->1300K(1408K)
[265.354s][info][gc             ] GC(617) Pause Young (Allocation Failure) 83M->8M(1443M) 1.137ms
[265.354s][info][gc,cpu         ] GC(617) User=0.00s Sys=0.00s Real=0.00s
[265.658s][info][gc,start       ] GC(618) Pause Young (Allocation Failure)
[265.658s][info][gc,heap        ] GC(618) PSYoungGen: 79424K(79872K)->1120K(79872K) Eden: 78336K(78336K)->0K(78336K) From: 1088K(1536K)->1120K(1536K)
[265.659s][info][gc,heap        ] GC(618) ParOldGen: 7286K(1398272K)->7462K(1398272K)
[265.659s][info][gc,metaspace   ] GC(618) Metaspace: 9940K(10240K)->9940K(10240K) NonClass: 8639K(8832K)->8639K(8832K) Class: 1300K(1408K)->1300K(1408K)
[265.659s][info][gc             ] GC(618) Pause Young (Allocation Failure) 84M->8M(1443M) 0.992ms
[265.659s][info][gc,cpu         ] GC(618) User=0.00s Sys=0.00s Real=0.00s
[265.959s][info][gc,start       ] GC(619) Pause Young (Allocation Failure)
[265.960s][info][gc,heap        ] GC(619) PSYoungGen: 79456K(79872K)->1056K(79872K) Eden: 78336K(78336K)->0K(78336K) From: 1120K(1536K)->1056K(1536K)
[265.960s][info][gc,heap        ] GC(619) ParOldGen: 7462K(1398272K)->7830K(1398272K)
[265.960s][info][gc,metaspace   ] GC(619) Metaspace: 9940K(10240K)->9940K(10240K) NonClass: 8639K(8832K)->8639K(8832K) Class: 1300K(1408K)->1300K(1408K)
[265.960s][info][gc             ] GC(619) Pause Young (Allocation Failure) 84M->8M(1443M) 1.119ms
[265.960s][info][gc,cpu         ] GC(619) User=0.00s Sys=0.00s Real=0.00s
[266.256s][info][gc,start       ] GC(620) Pause Young (Allocation Failure)
[266.259s][info][gc,heap        ] GC(620) PSYoungGen: 79392K(79872K)->512K(78848K) Eden: 78336K(78336K)->0K(78336K) From: 1056K(1536K)->512K(512K)
[266.259s][info][gc,heap        ] GC(620) ParOldGen: 7830K(1398272K)->8118K(1398272K)
[266.259s][info][gc,metaspace   ] GC(620) Metaspace: 9940K(10240K)->9940K(10240K) NonClass: 8639K(8832K)->8639K(8832K) Class: 1300K(1408K)->1300K(1408K)
[266.259s][info][gc             ] GC(620) Pause Young (Allocation Failure) 85M->8M(1442M) 2.567ms
[266.259s][info][gc,cpu         ] GC(620) User=0.00s Sys=0.00s Real=0.00s
[266.551s][info][gc,start       ] GC(621) Pause Young (Allocation Failure)
[266.552s][info][gc,heap        ] GC(621) PSYoungGen: 78848K(78848K)->992K(79872K) Eden: 78336K(78336K)->0K(78336K) From: 512K(512K)->992K(1536K)
[266.552s][info][gc,heap        ] GC(621) ParOldGen: 8118K(1398272K)->8558K(1398272K)
[266.552s][info][gc,metaspace   ] GC(621) Metaspace: 9940K(10240K)->9940K(10240K) NonClass: 8639K(8832K)->8639K(8832K) Class: 1300K(1408K)->1300K(1408K)
[266.552s][info][gc             ] GC(621) Pause Young (Allocation Failure) 84M->9M(1443M) 1.148ms
[266.552s][info][gc,cpu         ] GC(621) User=0.00s Sys=0.00s Real=0.00s
[266.845s][info][gc,start       ] GC(622) Pause Young (Allocation Failure)
[266.846s][info][gc,heap        ] GC(622) PSYoungGen: 79328K(79872K)->1056K(79872K) Eden: 78336K(78336K)->0K(78336K) From: 992K(1536K)->1056K(1536K)
[266.846s][info][gc,heap        ] GC(622) ParOldGen: 8558K(1398272K)->8614K(1398272K)
[266.846s][info][gc,metaspace   ] GC(622) Metaspace: 9940K(10240K)->9940K(10240K) NonClass: 8639K(8832K)->8639K(8832K) Class: 1300K(1408K)->1300K(1408K)
[266.846s][info][gc             ] GC(622) Pause Young (Allocation Failure) 85M->9M(1443M) 0.755ms
[266.846s][info][gc,cpu         ] GC(622) User=0.00s Sys=0.00s Real=0.00s
[267.145s][info][gc,start       ] GC(623) Pause Young (Allocation Failure)
[267.146s][info][gc,heap        ] GC(623) PSYoungGen: 79392K(79872K)->1056K(79872K) Eden: 78336K(78336K)->0K(78336K) From: 1056K(1536K)->1056K(1536K)
[267.146s][info][gc,heap        ] GC(623) ParOldGen: 8614K(1398272K)->8614K(1398272K)
[267.146s][info][gc,metaspace   ] GC(623) Metaspace: 9940K(10240K)->9940K(10240K) NonClass: 8639K(8832K)->8639K(8832K) Class: 1300K(1408K)->1300K(1408K)
[267.146s][info][gc             ] GC(623) Pause Young (Allocation Failure) 85M->9M(1443M) 1.263ms
[267.146s][info][gc,cpu         ] GC(623) User=0.00s Sys=0.00s Real=0.00s
[267.446s][info][gc,start       ] GC(624) Pause Young (Allocation Failure)
[267.447s][info][gc,heap        ] GC(624) PSYoungGen: 79392K(79872K)->512K(78848K) Eden: 78336K(78336K)->0K(78336K) From: 1056K(1536K)->512K(512K)
[267.447s][info][gc,heap        ] GC(624) ParOldGen: 8614K(1398272K)->8878K(1398272K)
[267.447s][info][gc,metaspace   ] GC(624) Metaspace: 9940K(10240K)->9940K(10240K) NonClass: 8639K(8832K)->8639K(8832K) Class: 1300K(1408K)->1300K(1408K)
[267.447s][info][gc             ] GC(624) Pause Young (Allocation Failure) 85M->9M(1442M) 0.941ms
[267.447s][info][gc,cpu         ] GC(624) User=0.00s Sys=0.00s Real=0.00s
[267.745s][info][gc,start       ] GC(625) Pause Young (Allocation Failure)
[267.746s][info][gc,heap        ] GC(625) PSYoungGen: 78848K(78848K)->1024K(79872K) Eden: 78336K(78336K)->0K(78336K) From: 512K(512K)->1024K(1536K)
[267.746s][info][gc,heap        ] GC(625) ParOldGen: 8878K(1398272K)->9318K(1398272K)
[267.746s][info][gc,metaspace   ] GC(625) Metaspace: 9940K(10240K)->9940K(10240K) NonClass: 8639K(8832K)->8639K(8832K) Class: 1300K(1408K)->1300K(1408K)
[267.746s][info][gc             ] GC(625) Pause Young (Allocation Failure) 85M->10M(1443M) 1.484ms
[267.746s][info][gc,cpu         ] GC(625) User=0.00s Sys=0.00s Real=0.00s
[268.036s][info][gc,start       ] GC(626) Pause Young (Allocation Failure)
[268.036s][info][gc,heap        ] GC(626) PSYoungGen: 79360K(79872K)->1056K(79872K) Eden: 78336K(78336K)->0K(78336K) From: 1024K(1536K)->1056K(1536K)
[268.037s][info][gc,heap        ] GC(626) ParOldGen: 9318K(1398272K)->9526K(1398272K)
[268.037s][info][gc,metaspace   ] GC(626) Metaspace: 9940K(10240K)->9940K(10240K) NonClass: 8639K(8832K)->8639K(8832K) Class: 1300K(1408K)->1300K(1408K)
[268.037s][info][gc             ] GC(626) Pause Young (Allocation Failure) 86M->10M(1443M) 0.981ms
[268.037s][info][gc,cpu         ] GC(626) User=0.00s Sys=0.00s Real=0.00s
[268.330s][info][gc,start       ] GC(627) Pause Young (Allocation Failure)
[268.331s][info][gc,heap        ] GC(627) PSYoungGen: 79392K(79872K)->1088K(79872K) Eden: 78336K(78336K)->0K(78336K) From: 1056K(1536K)->1088K(1536K)
[268.331s][info][gc,heap        ] GC(627) ParOldGen: 9526K(1398272K)->9598K(1398272K)
[268.331s][info][gc,metaspace   ] GC(627) Metaspace: 9940K(10240K)->9940K(10240K) NonClass: 8639K(8832K)->8639K(8832K) Class: 1300K(1408K)->1300K(1408K)
[268.331s][info][gc             ] GC(627) Pause Young (Allocation Failure) 86M->10M(1443M) 1.094ms
[268.331s][info][gc,cpu         ] GC(627) User=0.00s Sys=0.00s Real=0.00s
[268.642s][info][gc,start       ] GC(628) Pause Young (Allocation Failure)
[268.643s][info][gc,heap        ] GC(628) PSYoungGen: 79424K(79872K)->512K(78848K) Eden: 78336K(78336K)->0K(78336K) From: 1088K(1536K)->512K(512K)
[268.643s][info][gc,heap        ] GC(628) ParOldGen: 9598K(1398272K)->10118K(1398272K)
[268.643s][info][gc,metaspace   ] GC(628) Metaspace: 9940K(10240K)->9940K(10240K) NonClass: 8639K(8832K)->8639K(8832K) Class: 1300K(1408K)->1300K(1408K)
[268.644s][info][gc             ] GC(628) Pause Young (Allocation Failure) 86M->10M(1442M) 1.116ms
[268.644s][info][gc,cpu         ] GC(628) User=0.00s Sys=0.00s Real=0.00s
[268.924s][info][gc,start       ] GC(629) Pause Young (System.gc())
[268.925s][info][gc,heap        ] GC(629) PSYoungGen: 72932K(78848K)->1088K(79872K) Eden: 72420K(78336K)->0K(78336K) From: 512K(512K)->1088K(1536K)
[268.925s][info][gc,heap        ] GC(629) ParOldGen: 10118K(1398272K)->10494K(1398272K)
[268.925s][info][gc,metaspace   ] GC(629) Metaspace: 9941K(10240K)->9941K(10240K) NonClass: 8641K(8832K)->8641K(8832K) Class: 1300K(1408K)->1300K(1408K)
[268.925s][info][gc             ] GC(629) Pause Young (System.gc()) 81M->11M(1443M) 1.213ms
[268.925s][info][gc,cpu         ] GC(629) User=0.00s Sys=0.00s Real=0.00s
[268.925s][info][gc,start       ] GC(630) Pause Full (System.gc())
[268.925s][info][gc,phases,start] GC(630) Marking Phase
[268.938s][info][gc,phases      ] GC(630) Marking Phase 13.167ms
[268.938s][info][gc,phases,start] GC(630) Summary Phase
[268.938s][info][gc,phases      ] GC(630) Summary Phase 0.022ms
[268.938s][info][gc,phases,start] GC(630) Adjust Roots
[268.942s][info][gc,phases      ] GC(630) Adjust Roots 4.105ms
[268.942s][info][gc,phases,start] GC(630) Compaction Phase
[268.946s][info][gc,phases      ] GC(630) Compaction Phase 3.980ms
[268.946s][info][gc,phases,start] GC(630) Post Compact
[268.947s][info][gc,phases      ] GC(630) Post Compact 0.616ms
[268.947s][info][gc,heap        ] GC(630) PSYoungGen: 1088K(79872K)->0K(79872K) Eden: 0K(78336K)->0K(78336K) From: 1088K(1536K)->0K(1536K)
[268.947s][info][gc,heap        ] GC(630) ParOldGen: 10494K(1398272K)->4078K(1398272K)
[268.947s][info][gc,metaspace   ] GC(630) Metaspace: 9941K(10240K)->9941K(10240K) NonClass: 8641K(8832K)->8641K(8832K) Class: 1300K(1408K)->1300K(1408K)
[268.947s][info][gc             ] GC(630) Pause Full (System.gc()) 11M->3M(1443M) 22.128ms
[268.947s][info][gc,cpu         ] GC(630) User=0.02s Sys=0.00s Real=0.02s
[269.255s][info][gc,start       ] GC(631) Pause Young (Allocation Failure)
[269.256s][info][gc,heap        ] GC(631) PSYoungGen: 78336K(79872K)->1536K(79872K) Eden: 78336K(78336K)->0K(78336K) From: 0K(1536K)->1536K(1536K)
[269.256s][info][gc,heap        ] GC(631) ParOldGen: 4078K(1398272K)->4158K(1398272K)
[269.256s][info][gc,metaspace   ] GC(631) Metaspace: 9950K(10304K)->9950K(10304K) NonClass: 8649K(8896K)->8649K(8896K) Class: 1300K(1408K)->1300K(1408K)
[269.256s][info][gc             ] GC(631) Pause Young (Allocation Failure) 80M->5M(1443M) 1.021ms
[269.256s][info][gc,cpu         ] GC(631) User=0.00s Sys=0.00s Real=0.00s
[269.556s][info][gc,start       ] GC(632) Pause Young (Allocation Failure)
[269.558s][info][gc,heap        ] GC(632) PSYoungGen: 79872K(79872K)->1504K(79872K) Eden: 78336K(78336K)->0K(78336K) From: 1536K(1536K)->1504K(1536K)
[269.558s][info][gc,heap        ] GC(632) ParOldGen: 4158K(1398272K)->4582K(1398272K)
[269.558s][info][gc,metaspace   ] GC(632) Metaspace: 9950K(10304K)->9950K(10304K) NonClass: 8649K(8896K)->8649K(8896K) Class: 1300K(1408K)->1300K(1408K)
[269.558s][info][gc             ] GC(632) Pause Young (Allocation Failure) 82M->5M(1443M) 1.394ms
[269.558s][info][gc,cpu         ] GC(632) User=0.00s Sys=0.00s Real=0.00s
[269.851s][info][gc,start       ] GC(633) Pause Young (Allocation Failure)
[269.852s][info][gc,heap        ] GC(633) PSYoungGen: 79840K(79872K)->512K(78848K) Eden: 78336K(78336K)->0K(78336K) From: 1504K(1536K)->512K(512K)
[269.852s][info][gc,heap        ] GC(633) ParOldGen: 4582K(1398272K)->5558K(1398272K)
[269.852s][info][gc,metaspace   ] GC(633) Metaspace: 9950K(10304K)->9950K(10304K) NonClass: 8649K(8896K)->8649K(8896K) Class: 1300K(1408K)->1300K(1408K)
[269.852s][info][gc             ] GC(633) Pause Young (Allocation Failure) 82M->5M(1442M) 1.303ms
[269.852s][info][gc,cpu         ] GC(633) User=0.00s Sys=0.00s Real=0.00s
[270.160s][info][gc,start       ] GC(634) Pause Young (Allocation Failure)
[270.162s][info][gc,heap        ] GC(634) PSYoungGen: 78848K(78848K)->1248K(80384K) Eden: 78336K(78336K)->0K(78336K) From: 512K(512K)->1248K(2048K)
[270.162s][info][gc,heap        ] GC(634) ParOldGen: 5558K(1398272K)->6086K(1398272K)
[270.162s][info][gc,metaspace   ] GC(634) Metaspace: 9950K(10304K)->9950K(10304K) NonClass: 8649K(8896K)->8649K(8896K) Class: 1300K(1408K)->1300K(1408K)
[270.162s][info][gc             ] GC(634) Pause Young (Allocation Failure) 82M->7M(1444M) 1.631ms
[270.162s][info][gc,cpu         ] GC(634) User=0.00s Sys=0.00s Real=0.00s
[270.475s][info][gc,start       ] GC(635) Pause Young (Allocation Failure)
[270.477s][info][gc,heap        ] GC(635) PSYoungGen: 79584K(80384K)->1120K(79872K) Eden: 78336K(78336K)->0K(78336K) From: 1248K(2048K)->1120K(1536K)
[270.477s][info][gc,heap        ] GC(635) ParOldGen: 6086K(1398272K)->6494K(1398272K)
[270.477s][info][gc,metaspace   ] GC(635) Metaspace: 9950K(10304K)->9950K(10304K) NonClass: 8649K(8896K)->8649K(8896K) Class: 1300K(1408K)->1300K(1408K)
[270.477s][info][gc             ] GC(635) Pause Young (Allocation Failure) 83M->7M(1443M) 1.338ms
[270.477s][info][gc,cpu         ] GC(635) User=0.00s Sys=0.00s Real=0.00s
[270.784s][info][gc,start       ] GC(636) Pause Young (Allocation Failure)
[270.785s][info][gc,heap        ] GC(636) PSYoungGen: 79456K(79872K)->1024K(79360K) Eden: 78336K(78336K)->0K(78336K) From: 1120K(1536K)->1024K(1024K)
[270.785s][info][gc,heap        ] GC(636) ParOldGen: 6494K(1398272K)->6846K(1398272K)
[270.785s][info][gc,metaspace   ] GC(636) Metaspace: 9950K(10304K)->9950K(10304K) NonClass: 8649K(8896K)->8649K(8896K) Class: 1300K(1408K)->1300K(1408K)
[270.785s][info][gc             ] GC(636) Pause Young (Allocation Failure) 83M->7M(1443M) 1.377ms
[270.785s][info][gc,cpu         ] GC(636) User=0.00s Sys=0.00s Real=0.00s
[271.101s][info][gc,start       ] GC(637) Pause Young (Allocation Failure)
[271.102s][info][gc,heap        ] GC(637) PSYoungGen: 79360K(79360K)->1056K(79872K) Eden: 78336K(78336K)->0K(78336K) From: 1024K(1024K)->1056K(1536K)
[271.102s][info][gc,heap        ] GC(637) ParOldGen: 6846K(1398272K)->6846K(1398272K)
[271.102s][info][gc,metaspace   ] GC(637) Metaspace: 9950K(10304K)->9950K(10304K) NonClass: 8649K(8896K)->8649K(8896K) Class: 1300K(1408K)->1300K(1408K)
[271.102s][info][gc             ] GC(637) Pause Young (Allocation Failure) 84M->7M(1443M) 1.231ms
[271.102s][info][gc,cpu         ] GC(637) User=0.00s Sys=0.00s Real=0.00s
[271.415s][info][gc,start       ] GC(638) Pause Young (Allocation Failure)
[271.416s][info][gc,heap        ] GC(638) PSYoungGen: 79392K(79872K)->1056K(79872K) Eden: 78336K(78336K)->0K(78336K) From: 1056K(1536K)->1056K(1536K)
[271.416s][info][gc,heap        ] GC(638) ParOldGen: 6846K(1398272K)->6846K(1398272K)
[271.416s][info][gc,metaspace   ] GC(638) Metaspace: 9950K(10304K)->9950K(10304K) NonClass: 8649K(8896K)->8649K(8896K) Class: 1300K(1408K)->1300K(1408K)
[271.416s][info][gc             ] GC(638) Pause Young (Allocation Failure) 84M->7M(1443M) 1.199ms
[271.416s][info][gc,cpu         ] GC(638) User=0.00s Sys=0.00s Real=0.00s
[271.725s][info][gc,start       ] GC(639) Pause Young (Allocation Failure)
[271.726s][info][gc,heap        ] GC(639) PSYoungGen: 79392K(79872K)->1088K(79872K) Eden: 78336K(78336K)->0K(78336K) From: 1056K(1536K)->1088K(1536K)
[271.726s][info][gc,heap        ] GC(639) ParOldGen: 6846K(1398272K)->6846K(1398272K)
[271.726s][info][gc,metaspace   ] GC(639) Metaspace: 9950K(10304K)->9950K(10304K) NonClass: 8649K(8896K)->8649K(8896K) Class: 1300K(1408K)->1300K(1408K)
[271.726s][info][gc             ] GC(639) Pause Young (Allocation Failure) 84M->7M(1443M) 0.961ms
[271.726s][info][gc,cpu         ] GC(639) User=0.00s Sys=0.00s Real=0.00s
[272.038s][info][gc,start       ] GC(640) Pause Young (Allocation Failure)
[272.040s][info][gc,heap        ] GC(640) PSYoungGen: 79424K(79872K)->1088K(79872K) Eden: 78336K(78336K)->0K(78336K) From: 1088K(1536K)->1088K(1536K)
[272.040s][info][gc,heap        ] GC(640) ParOldGen: 6846K(1398272K)->7190K(1398272K)
[272.040s][info][gc,metaspace   ] GC(640) Metaspace: 9950K(10304K)->9950K(10304K) NonClass: 8649K(8896K)->8649K(8896K) Class: 1300K(1408K)->1300K(1408K)
[272.040s][info][gc             ] GC(640) Pause Young (Allocation Failure) 84M->8M(1443M) 1.419ms
[272.040s][info][gc,cpu         ] GC(640) User=0.00s Sys=0.00s Real=0.00s
[272.350s][info][gc,start       ] GC(641) Pause Young (Allocation Failure)
[272.351s][info][gc,heap        ] GC(641) PSYoungGen: 79424K(79872K)->512K(78848K) Eden: 78336K(78336K)->0K(78336K) From: 1088K(1536K)->512K(512K)
[272.351s][info][gc,heap        ] GC(641) ParOldGen: 7190K(1398272K)->7438K(1398272K)
[272.351s][info][gc,metaspace   ] GC(641) Metaspace: 9950K(10304K)->9950K(10304K) NonClass: 8649K(8896K)->8649K(8896K) Class: 1300K(1408K)->1300K(1408K)
[272.351s][info][gc             ] GC(641) Pause Young (Allocation Failure) 84M->7M(1442M) 1.083ms
[272.351s][info][gc,cpu         ] GC(641) User=0.00s Sys=0.00s Real=0.00s
[272.661s][info][gc,start       ] GC(642) Pause Young (Allocation Failure)
[272.663s][info][gc,heap        ] GC(642) PSYoungGen: 78848K(78848K)->1024K(79872K) Eden: 78336K(78336K)->0K(78336K) From: 512K(512K)->1024K(1536K)
[272.663s][info][gc,heap        ] GC(642) ParOldGen: 7438K(1398272K)->7838K(1398272K)
[272.663s][info][gc,metaspace   ] GC(642) Metaspace: 9950K(10304K)->9950K(10304K) NonClass: 8649K(8896K)->8649K(8896K) Class: 1300K(1408K)->1300K(1408K)
[272.663s][info][gc             ] GC(642) Pause Young (Allocation Failure) 84M->8M(1443M) 1.754ms
[272.663s][info][gc,cpu         ] GC(642) User=0.00s Sys=0.00s Real=0.00s
[272.970s][info][gc,start       ] GC(643) Pause Young (Allocation Failure)
[272.971s][info][gc,heap        ] GC(643) PSYoungGen: 79360K(79872K)->1088K(79872K) Eden: 78336K(78336K)->0K(78336K) From: 1024K(1536K)->1088K(1536K)
[272.971s][info][gc,heap        ] GC(643) ParOldGen: 7838K(1398272K)->7958K(1398272K)
[272.971s][info][gc,metaspace   ] GC(643) Metaspace: 9950K(10304K)->9950K(10304K) NonClass: 8649K(8896K)->8649K(8896K) Class: 1300K(1408K)->1300K(1408K)
[272.971s][info][gc             ] GC(643) Pause Young (Allocation Failure) 85M->8M(1443M) 1.042ms
[272.971s][info][gc,cpu         ] GC(643) User=0.00s Sys=0.00s Real=0.00s
[273.279s][info][gc,start       ] GC(644) Pause Young (Allocation Failure)
[273.281s][info][gc,heap        ] GC(644) PSYoungGen: 79424K(79872K)->992K(79360K) Eden: 78336K(78336K)->0K(78336K) From: 1088K(1536K)->992K(1024K)
[273.281s][info][gc,heap        ] GC(644) ParOldGen: 7958K(1398272K)->8326K(1398272K)
[273.281s][info][gc,metaspace   ] GC(644) Metaspace: 9950K(10304K)->9950K(10304K) NonClass: 8649K(8896K)->8649K(8896K) Class: 1300K(1408K)->1300K(1408K)
[273.281s][info][gc             ] GC(644) Pause Young (Allocation Failure) 85M->9M(1443M) 1.377ms
[273.281s][info][gc,cpu         ] GC(644) User=0.00s Sys=0.00s Real=0.00s
[273.590s][info][gc,start       ] GC(645) Pause Young (Allocation Failure)
[273.591s][info][gc,heap        ] GC(645) PSYoungGen: 79328K(79360K)->1024K(79360K) Eden: 78336K(78336K)->0K(78336K) From: 992K(1024K)->1024K(1024K)
[273.591s][info][gc,heap        ] GC(645) ParOldGen: 8326K(1398272K)->8334K(1398272K)
[273.591s][info][gc,metaspace   ] GC(645) Metaspace: 9950K(10304K)->9950K(10304K) NonClass: 8649K(8896K)->8649K(8896K) Class: 1300K(1408K)->1300K(1408K)
[273.591s][info][gc             ] GC(645) Pause Young (Allocation Failure) 85M->9M(1443M) 1.037ms
[273.592s][info][gc,cpu         ] GC(645) User=0.00s Sys=0.00s Real=0.00s
[273.901s][info][gc,start       ] GC(646) Pause Young (Allocation Failure)
[273.902s][info][gc,heap        ] GC(646) PSYoungGen: 79360K(79360K)->1056K(79872K) Eden: 78336K(78336K)->0K(78336K) From: 1024K(1024K)->1056K(1536K)
[273.902s][info][gc,heap        ] GC(646) ParOldGen: 8334K(1398272K)->8382K(1398272K)
[273.902s][info][gc,metaspace   ] GC(646) Metaspace: 9950K(10304K)->9950K(10304K) NonClass: 8649K(8896K)->8649K(8896K) Class: 1300K(1408K)->1300K(1408K)
[273.902s][info][gc             ] GC(646) Pause Young (Allocation Failure) 85M->9M(1443M) 1.121ms
[273.902s][info][gc,cpu         ] GC(646) User=0.00s Sys=0.00s Real=0.00s
[274.208s][info][gc,start       ] GC(647) Pause Young (Allocation Failure)
[274.209s][info][gc,heap        ] GC(647) PSYoungGen: 79392K(79872K)->1024K(79360K) Eden: 78336K(78336K)->0K(78336K) From: 1056K(1536K)->1024K(1024K)
[274.209s][info][gc,heap        ] GC(647) ParOldGen: 8382K(1398272K)->8406K(1398272K)
[274.209s][info][gc,metaspace   ] GC(647) Metaspace: 9950K(10304K)->9950K(10304K) NonClass: 8649K(8896K)->8649K(8896K) Class: 1300K(1408K)->1300K(1408K)
[274.209s][info][gc             ] GC(647) Pause Young (Allocation Failure) 85M->9M(1443M) 1.082ms
[274.209s][info][gc,cpu         ] GC(647) User=0.00s Sys=0.00s Real=0.00s
[274.524s][info][gc,start       ] GC(648) Pause Young (Allocation Failure)
[274.525s][info][gc,heap        ] GC(648) PSYoungGen: 79360K(79360K)->1056K(79872K) Eden: 78336K(78336K)->0K(78336K) From: 1024K(1024K)->1056K(1536K)
[274.525s][info][gc,heap        ] GC(648) ParOldGen: 8406K(1398272K)->8790K(1398272K)
[274.525s][info][gc,metaspace   ] GC(648) Metaspace: 9950K(10304K)->9950K(10304K) NonClass: 8649K(8896K)->8649K(8896K) Class: 1300K(1408K)->1300K(1408K)
[274.525s][info][gc             ] GC(648) Pause Young (Allocation Failure) 85M->9M(1443M) 1.261ms
[274.525s][info][gc,cpu         ] GC(648) User=0.52s Sys=0.00s Real=0.02s
[274.832s][info][gc,start       ] GC(649) Pause Young (Allocation Failure)
[274.833s][info][gc,heap        ] GC(649) PSYoungGen: 79392K(79872K)->1024K(79360K) Eden: 78336K(78336K)->0K(78336K) From: 1056K(1536K)->1024K(1024K)
[274.833s][info][gc,heap        ] GC(649) ParOldGen: 8790K(1398272K)->8798K(1398272K)
[274.833s][info][gc,metaspace   ] GC(649) Metaspace: 9950K(10304K)->9950K(10304K) NonClass: 8649K(8896K)->8649K(8896K) Class: 1300K(1408K)->1300K(1408K)
[274.833s][info][gc             ] GC(649) Pause Young (Allocation Failure) 86M->9M(1443M) 1.038ms
[274.833s][info][gc,cpu         ] GC(649) User=0.00s Sys=0.00s Real=0.00s
[275.137s][info][gc,start       ] GC(650) Pause Young (Allocation Failure)
[275.138s][info][gc,heap        ] GC(650) PSYoungGen: 79360K(79360K)->1248K(79872K) Eden: 78336K(78336K)->0K(78336K) From: 1024K(1024K)->1248K(1536K)
[275.139s][info][gc,heap        ] GC(650) ParOldGen: 8798K(1398272K)->9110K(1398272K)
[275.139s][info][gc,metaspace   ] GC(650) Metaspace: 9950K(10304K)->9950K(10304K) NonClass: 8649K(8896K)->8649K(8896K) Class: 1300K(1408K)->1300K(1408K)
[275.139s][info][gc             ] GC(650) Pause Young (Allocation Failure) 86M->10M(1443M) 1.301ms
[275.139s][info][gc,cpu         ] GC(650) User=0.00s Sys=0.00s Real=0.00s
[275.448s][info][gc,start       ] GC(651) Pause Young (System.gc())
[275.449s][info][gc,heap        ] GC(651) PSYoungGen: 75564K(79872K)->960K(79360K) Eden: 74316K(78336K)->0K(78336K) From: 1248K(1536K)->960K(1024K)
[275.449s][info][gc,heap        ] GC(651) ParOldGen: 9110K(1398272K)->9702K(1398272K)
[275.449s][info][gc,metaspace   ] GC(651) Metaspace: 9950K(10304K)->9950K(10304K) NonClass: 8649K(8896K)->8649K(8896K) Class: 1300K(1408K)->1300K(1408K)
[275.449s][info][gc             ] GC(651) Pause Young (System.gc()) 82M->10M(1443M) 1.188ms
[275.449s][info][gc,cpu         ] GC(651) User=0.00s Sys=0.00s Real=0.00s
[275.449s][info][gc,start       ] GC(652) Pause Full (System.gc())
[275.449s][info][gc,phases,start] GC(652) Marking Phase
[275.465s][info][gc,phases      ] GC(652) Marking Phase 15.644ms
[275.465s][info][gc,phases,start] GC(652) Summary Phase
[275.465s][info][gc,phases      ] GC(652) Summary Phase 0.023ms
[275.465s][info][gc,phases,start] GC(652) Adjust Roots
[275.469s][info][gc,phases      ] GC(652) Adjust Roots 4.557ms
[275.469s][info][gc,phases,start] GC(652) Compaction Phase
[275.473s][info][gc,phases      ] GC(652) Compaction Phase 4.085ms
[275.473s][info][gc,phases,start] GC(652) Post Compact
[275.474s][info][gc,phases      ] GC(652) Post Compact 0.741ms
[275.474s][info][gc,heap        ] GC(652) PSYoungGen: 960K(79360K)->0K(79360K) Eden: 0K(78336K)->0K(78336K) From: 960K(1024K)->0K(1024K)
[275.474s][info][gc,heap        ] GC(652) ParOldGen: 9702K(1398272K)->4078K(1398272K)
[275.474s][info][gc,metaspace   ] GC(652) Metaspace: 9950K(10304K)->9950K(10304K) NonClass: 8649K(8896K)->8649K(8896K) Class: 1300K(1408K)->1300K(1408K)
[275.474s][info][gc             ] GC(652) Pause Full (System.gc()) 10M->3M(1443M) 25.294ms
[275.474s][info][gc,cpu         ] GC(652) User=0.53s Sys=0.00s Real=0.03s
[275.792s][info][gc,start       ] GC(653) Pause Young (Allocation Failure)
[275.793s][info][gc,heap        ] GC(653) PSYoungGen: 78336K(79360K)->1504K(79872K) Eden: 78336K(78336K)->0K(78336K) From: 0K(1024K)->1504K(1536K)
[275.793s][info][gc,heap        ] GC(653) ParOldGen: 4078K(1398272K)->4078K(1398272K)
[275.793s][info][gc,metaspace   ] GC(653) Metaspace: 9951K(10304K)->9951K(10304K) NonClass: 8651K(8896K)->8651K(8896K) Class: 1300K(1408K)->1300K(1408K)
[275.793s][info][gc             ] GC(653) Pause Young (Allocation Failure) 80M->5M(1443M) 1.345ms
[275.793s][info][gc,cpu         ] GC(653) User=0.00s Sys=0.00s Real=0.00s
[276.109s][info][gc,start       ] GC(654) Pause Young (Allocation Failure)
[276.110s][info][gc,heap        ] GC(654) PSYoungGen: 79840K(79872K)->1024K(79360K) Eden: 78336K(78336K)->0K(78336K) From: 1504K(1536K)->1024K(1024K)
[276.110s][info][gc,heap        ] GC(654) ParOldGen: 4078K(1398272K)->4542K(1398272K)
[276.110s][info][gc,metaspace   ] GC(654) Metaspace: 9951K(10304K)->9951K(10304K) NonClass: 8651K(8896K)->8651K(8896K) Class: 1300K(1408K)->1300K(1408K)
[276.110s][info][gc             ] GC(654) Pause Young (Allocation Failure) 81M->5M(1443M) 1.275ms
[276.110s][info][gc,cpu         ] GC(654) User=0.00s Sys=0.00s Real=0.00s
[276.421s][info][gc,start       ] GC(655) Pause Young (Allocation Failure)
[276.422s][info][gc,heap        ] GC(655) PSYoungGen: 79360K(79360K)->1504K(79872K) Eden: 78336K(78336K)->0K(78336K) From: 1024K(1024K)->1504K(1536K)
[276.423s][info][gc,heap        ] GC(655) ParOldGen: 4542K(1398272K)->5110K(1398272K)
[276.423s][info][gc,metaspace   ] GC(655) Metaspace: 9951K(10304K)->9951K(10304K) NonClass: 8651K(8896K)->8651K(8896K) Class: 1300K(1408K)->1300K(1408K)
[276.423s][info][gc             ] GC(655) Pause Young (Allocation Failure) 81M->6M(1443M) 1.491ms
[276.423s][info][gc,cpu         ] GC(655) User=0.00s Sys=0.00s Real=0.00s
[276.738s][info][gc,start       ] GC(656) Pause Young (Allocation Failure)
[276.740s][info][gc,heap        ] GC(656) PSYoungGen: 79840K(79872K)->1024K(79360K) Eden: 78336K(78336K)->0K(78336K) From: 1504K(1536K)->1024K(1024K)
[276.740s][info][gc,heap        ] GC(656) ParOldGen: 5110K(1398272K)->5638K(1398272K)
[276.740s][info][gc,metaspace   ] GC(656) Metaspace: 9951K(10304K)->9951K(10304K) NonClass: 8651K(8896K)->8651K(8896K) Class: 1300K(1408K)->1300K(1408K)
[276.740s][info][gc             ] GC(656) Pause Young (Allocation Failure) 82M->6M(1443M) 1.456ms
[276.740s][info][gc,cpu         ] GC(656) User=0.00s Sys=0.00s Real=0.00s
[277.054s][info][gc,start       ] GC(657) Pause Young (Allocation Failure)
[277.055s][info][gc,heap        ] GC(657) PSYoungGen: 79360K(79360K)->1056K(79872K) Eden: 78336K(78336K)->0K(78336K) From: 1024K(1024K)->1056K(1536K)
[277.055s][info][gc,heap        ] GC(657) ParOldGen: 5638K(1398272K)->5638K(1398272K)
[277.055s][info][gc,metaspace   ] GC(657) Metaspace: 9951K(10304K)->9951K(10304K) NonClass: 8651K(8896K)->8651K(8896K) Class: 1300K(1408K)->1300K(1408K)
[277.055s][info][gc             ] GC(657) Pause Young (Allocation Failure) 83M->6M(1443M) 1.161ms
[277.055s][info][gc,cpu         ] GC(657) User=0.00s Sys=0.00s Real=0.00s
[277.372s][info][gc,start       ] GC(658) Pause Young (Allocation Failure)
[277.373s][info][gc,heap        ] GC(658) PSYoungGen: 79392K(79872K)->1056K(79872K) Eden: 78336K(78336K)->0K(78336K) From: 1056K(1536K)->1056K(1536K)
[277.373s][info][gc,heap        ] GC(658) ParOldGen: 5638K(1398272K)->5638K(1398272K)
[277.373s][info][gc,metaspace   ] GC(658) Metaspace: 9951K(10304K)->9951K(10304K) NonClass: 8651K(8896K)->8651K(8896K) Class: 1300K(1408K)->1300K(1408K)
[277.373s][info][gc             ] GC(658) Pause Young (Allocation Failure) 83M->6M(1443M) 1.229ms
[277.373s][info][gc,cpu         ] GC(658) User=0.00s Sys=0.00s Real=0.00s
[277.685s][info][gc,start       ] GC(659) Pause Young (Allocation Failure)
[277.686s][info][gc,heap        ] GC(659) PSYoungGen: 79392K(79872K)->1024K(79360K) Eden: 78336K(78336K)->0K(78336K) From: 1056K(1536K)->1024K(1024K)
[277.686s][info][gc,heap        ] GC(659) ParOldGen: 5638K(1398272K)->6006K(1398272K)
[277.686s][info][gc,metaspace   ] GC(659) Metaspace: 9951K(10304K)->9951K(10304K) NonClass: 8651K(8896K)->8651K(8896K) Class: 1300K(1408K)->1300K(1408K)
[277.686s][info][gc             ] GC(659) Pause Young (Allocation Failure) 83M->6M(1443M) 1.420ms
[277.686s][info][gc,cpu         ] GC(659) User=0.00s Sys=0.00s Real=0.00s
[277.974s][info][gc,start       ] GC(660) Pause Young (Allocation Failure)
[277.975s][info][gc,heap        ] GC(660) PSYoungGen: 79360K(79360K)->1248K(79872K) Eden: 78336K(78336K)->0K(78336K) From: 1024K(1024K)->1248K(1536K)
[277.975s][info][gc,heap        ] GC(660) ParOldGen: 6006K(1398272K)->6054K(1398272K)
[277.975s][info][gc,metaspace   ] GC(660) Metaspace: 9951K(10304K)->9951K(10304K) NonClass: 8651K(8896K)->8651K(8896K) Class: 1300K(1408K)->1300K(1408K)
[277.975s][info][gc             ] GC(660) Pause Young (Allocation Failure) 83M->7M(1443M) 1.282ms
[277.975s][info][gc,cpu         ] GC(660) User=0.00s Sys=0.00s Real=0.00s
[278.286s][info][gc,start       ] GC(661) Pause Young (Allocation Failure)
[278.287s][info][gc,heap        ] GC(661) PSYoungGen: 79584K(79872K)->1088K(79872K) Eden: 78336K(78336K)->0K(78336K) From: 1248K(1536K)->1088K(1536K)
[278.287s][info][gc,heap        ] GC(661) ParOldGen: 6054K(1398272K)->6422K(1398272K)
[278.287s][info][gc,metaspace   ] GC(661) Metaspace: 9951K(10304K)->9951K(10304K) NonClass: 8651K(8896K)->8651K(8896K) Class: 1300K(1408K)->1300K(1408K)
[278.288s][info][gc             ] GC(661) Pause Young (Allocation Failure) 83M->7M(1443M) 1.545ms
[278.288s][info][gc,cpu         ] GC(661) User=0.00s Sys=0.00s Real=0.00s
[278.543s][info][gc,start       ] GC(662) Pause Young (Allocation Failure)
[278.544s][info][gc,heap        ] GC(662) PSYoungGen: 79424K(79872K)->1024K(79360K) Eden: 78336K(78336K)->0K(78336K) From: 1088K(1536K)->1024K(1024K)
[278.544s][info][gc,heap        ] GC(662) ParOldGen: 6422K(1398272K)->6782K(1398272K)
[278.544s][info][gc,metaspace   ] GC(662) Metaspace: 9951K(10304K)->9951K(10304K) NonClass: 8651K(8896K)->8651K(8896K) Class: 1300K(1408K)->1300K(1408K)
[278.544s][info][gc             ] GC(662) Pause Young (Allocation Failure) 83M->7M(1443M) 1.251ms
[278.544s][info][gc,cpu         ] GC(662) User=0.00s Sys=0.00s Real=0.00s
[278.851s][info][gc,start       ] GC(663) Pause Young (Allocation Failure)
[278.852s][info][gc,heap        ] GC(663) PSYoungGen: 79360K(79360K)->1056K(79872K) Eden: 78336K(78336K)->0K(78336K) From: 1024K(1024K)->1056K(1536K)
[278.852s][info][gc,heap        ] GC(663) ParOldGen: 6782K(1398272K)->6958K(1398272K)
[278.852s][info][gc,metaspace   ] GC(663) Metaspace: 9951K(10304K)->9951K(10304K) NonClass: 8651K(8896K)->8651K(8896K) Class: 1300K(1408K)->1300K(1408K)
[278.852s][info][gc             ] GC(663) Pause Young (Allocation Failure) 84M->7M(1443M) 1.232ms
[278.853s][info][gc,cpu         ] GC(663) User=0.00s Sys=0.00s Real=0.00s
[279.094s][info][gc,start       ] GC(664) Pause Young (Allocation Failure)
[279.095s][info][gc,heap        ] GC(664) PSYoungGen: 79392K(79872K)->1024K(79360K) Eden: 78336K(78336K)->0K(78336K) From: 1056K(1536K)->1024K(1024K)
[279.095s][info][gc,heap        ] GC(664) ParOldGen: 6958K(1398272K)->7294K(1398272K)
[279.095s][info][gc,metaspace   ] GC(664) Metaspace: 9951K(10304K)->9951K(10304K) NonClass: 8651K(8896K)->8651K(8896K) Class: 1300K(1408K)->1300K(1408K)
[279.095s][info][gc             ] GC(664) Pause Young (Allocation Failure) 84M->8M(1443M) 0.989ms
[279.095s][info][gc,cpu         ] GC(664) User=0.00s Sys=0.00s Real=0.00s
[279.407s][info][gc,start       ] GC(665) Pause Young (Allocation Failure)
[279.408s][info][gc,heap        ] GC(665) PSYoungGen: 79360K(79360K)->1056K(80384K) Eden: 78336K(78336K)->0K(78336K) From: 1024K(1024K)->1056K(2048K)
[279.408s][info][gc,heap        ] GC(665) ParOldGen: 7294K(1398272K)->7294K(1398272K)
[279.408s][info][gc,metaspace   ] GC(665) Metaspace: 9951K(10304K)->9951K(10304K) NonClass: 8651K(8896K)->8651K(8896K) Class: 1300K(1408K)->1300K(1408K)
[279.408s][info][gc             ] GC(665) Pause Young (Allocation Failure) 84M->8M(1444M) 1.193ms
[279.408s][info][gc,cpu         ] GC(665) User=0.00s Sys=0.00s Real=0.00s
[279.718s][info][gc,start       ] GC(666) Pause Young (Allocation Failure)
[279.719s][info][gc,heap        ] GC(666) PSYoungGen: 79392K(80384K)->1056K(79872K) Eden: 78336K(78336K)->0K(78336K) From: 1056K(2048K)->1056K(1536K)
[279.719s][info][gc,heap        ] GC(666) ParOldGen: 7294K(1398272K)->7294K(1398272K)
[279.719s][info][gc,metaspace   ] GC(666) Metaspace: 9951K(10304K)->9951K(10304K) NonClass: 8651K(8896K)->8651K(8896K) Class: 1300K(1408K)->1300K(1408K)
[279.719s][info][gc             ] GC(666) Pause Young (Allocation Failure) 84M->8M(1443M) 1.028ms
[279.719s][info][gc,cpu         ] GC(666) User=0.00s Sys=0.00s Real=0.00s
[280.022s][info][gc,start       ] GC(667) Pause Young (Allocation Failure)
[280.023s][info][gc,heap        ] GC(667) PSYoungGen: 79392K(79872K)->1056K(79872K) Eden: 78336K(78336K)->0K(78336K) From: 1056K(1536K)->1056K(1536K)
[280.023s][info][gc,heap        ] GC(667) ParOldGen: 7294K(1398272K)->7294K(1398272K)
[280.023s][info][gc,metaspace   ] GC(667) Metaspace: 9951K(10304K)->9951K(10304K) NonClass: 8651K(8896K)->8651K(8896K) Class: 1300K(1408K)->1300K(1408K)
[280.023s][info][gc             ] GC(667) Pause Young (Allocation Failure) 84M->8M(1443M) 1.279ms
[280.024s][info][gc,cpu         ] GC(667) User=0.00s Sys=0.00s Real=0.00s
[280.336s][info][gc,start       ] GC(668) Pause Young (Allocation Failure)
[280.337s][info][gc,heap        ] GC(668) PSYoungGen: 79392K(79872K)->512K(78848K) Eden: 78336K(78336K)->0K(78336K) From: 1056K(1536K)->512K(512K)
[280.337s][info][gc,heap        ] GC(668) ParOldGen: 7294K(1398272K)->7518K(1398272K)
[280.337s][info][gc,metaspace   ] GC(668) Metaspace: 9951K(10304K)->9951K(10304K) NonClass: 8651K(8896K)->8651K(8896K) Class: 1300K(1408K)->1300K(1408K)
[280.337s][info][gc             ] GC(668) Pause Young (Allocation Failure) 84M->7M(1442M) 1.081ms
[280.337s][info][gc,cpu         ] GC(668) User=0.52s Sys=0.00s Real=0.02s
[280.650s][info][gc,start       ] GC(669) Pause Young (Allocation Failure)
[280.652s][info][gc,heap        ] GC(669) PSYoungGen: 78848K(78848K)->1024K(79872K) Eden: 78336K(78336K)->0K(78336K) From: 512K(512K)->1024K(1536K)
[280.652s][info][gc,heap        ] GC(669) ParOldGen: 7518K(1398272K)->7838K(1398272K)
[280.652s][info][gc,metaspace   ] GC(669) Metaspace: 9951K(10304K)->9951K(10304K) NonClass: 8651K(8896K)->8651K(8896K) Class: 1300K(1408K)->1300K(1408K)
[280.652s][info][gc             ] GC(669) Pause Young (Allocation Failure) 84M->8M(1443M) 2.149ms
[280.652s][info][gc,cpu         ] GC(669) User=0.00s Sys=0.00s Real=0.00s
[280.962s][info][gc,start       ] GC(670) Pause Young (Allocation Failure)
[280.963s][info][gc,heap        ] GC(670) PSYoungGen: 79360K(79872K)->1056K(79872K) Eden: 78336K(78336K)->0K(78336K) From: 1024K(1536K)->1056K(1536K)
[280.963s][info][gc,heap        ] GC(670) ParOldGen: 7838K(1398272K)->7918K(1398272K)
[280.963s][info][gc,metaspace   ] GC(670) Metaspace: 9951K(10304K)->9951K(10304K) NonClass: 8651K(8896K)->8651K(8896K) Class: 1300K(1408K)->1300K(1408K)
[280.963s][info][gc             ] GC(670) Pause Young (Allocation Failure) 85M->8M(1443M) 0.982ms
[280.963s][info][gc,cpu         ] GC(670) User=0.00s Sys=0.00s Real=0.00s
[281.262s][info][gc,start       ] GC(671) Pause Young (Allocation Failure)
[281.263s][info][gc,heap        ] GC(671) PSYoungGen: 79392K(79872K)->1056K(79872K) Eden: 78336K(78336K)->0K(78336K) From: 1056K(1536K)->1056K(1536K)
[281.263s][info][gc,heap        ] GC(671) ParOldGen: 7918K(1398272K)->7918K(1398272K)
[281.263s][info][gc,metaspace   ] GC(671) Metaspace: 9951K(10304K)->9951K(10304K) NonClass: 8651K(8896K)->8651K(8896K) Class: 1300K(1408K)->1300K(1408K)
[281.263s][info][gc             ] GC(671) Pause Young (Allocation Failure) 85M->8M(1443M) 1.242ms
[281.263s][info][gc,cpu         ] GC(671) User=0.00s Sys=0.00s Real=0.00s
[281.561s][info][gc,start       ] GC(672) Pause Young (Allocation Failure)
[281.562s][info][gc,heap        ] GC(672) PSYoungGen: 79392K(79872K)->512K(78848K) Eden: 78336K(78336K)->0K(78336K) From: 1056K(1536K)->512K(512K)
[281.562s][info][gc,heap        ] GC(672) ParOldGen: 7918K(1398272K)->8174K(1398272K)
[281.562s][info][gc,metaspace   ] GC(672) Metaspace: 9951K(10304K)->9951K(10304K) NonClass: 8651K(8896K)->8651K(8896K) Class: 1300K(1408K)->1300K(1408K)
[281.562s][info][gc             ] GC(672) Pause Young (Allocation Failure) 85M->8M(1442M) 1.039ms
[281.563s][info][gc,cpu         ] GC(672) User=0.00s Sys=0.00s Real=0.00s
[281.860s][info][gc,start       ] GC(673) Pause Young (System.gc())
[281.862s][info][gc,heap        ] GC(673) PSYoungGen: 74953K(78848K)->960K(79872K) Eden: 74441K(78336K)->0K(78336K) From: 512K(512K)->960K(1536K)
[281.862s][info][gc,heap        ] GC(673) ParOldGen: 8174K(1398272K)->8494K(1398272K)
[281.862s][info][gc,metaspace   ] GC(673) Metaspace: 9951K(10304K)->9951K(10304K) NonClass: 8651K(8896K)->8651K(8896K) Class: 1300K(1408K)->1300K(1408K)
[281.862s][info][gc             ] GC(673) Pause Young (System.gc()) 81M->9M(1443M) 2.113ms
[281.862s][info][gc,cpu         ] GC(673) User=0.00s Sys=0.00s Real=0.00s
[281.862s][info][gc,start       ] GC(674) Pause Full (System.gc())
[281.862s][info][gc,phases,start] GC(674) Marking Phase
[281.878s][info][gc,phases      ] GC(674) Marking Phase 15.665ms
[281.878s][info][gc,phases,start] GC(674) Summary Phase
[281.878s][info][gc,phases      ] GC(674) Summary Phase 0.020ms
[281.878s][info][gc,phases,start] GC(674) Adjust Roots
[281.881s][info][gc,phases      ] GC(674) Adjust Roots 2.840ms
[281.881s][info][gc,phases,start] GC(674) Compaction Phase
[281.885s][info][gc,phases      ] GC(674) Compaction Phase 3.529ms
[281.885s][info][gc,phases,start] GC(674) Post Compact
[281.885s][info][gc,phases      ] GC(674) Post Compact 0.542ms
[281.885s][info][gc,heap        ] GC(674) PSYoungGen: 960K(79872K)->0K(79872K) Eden: 0K(78336K)->0K(78336K) From: 960K(1536K)->0K(1536K)
[281.885s][info][gc,heap        ] GC(674) ParOldGen: 8494K(1398272K)->4078K(1398272K)
[281.885s][info][gc,metaspace   ] GC(674) Metaspace: 9951K(10304K)->9951K(10304K) NonClass: 8651K(8896K)->8651K(8896K) Class: 1300K(1408K)->1300K(1408K)
[281.885s][info][gc             ] GC(674) Pause Full (System.gc()) 9M->3M(1443M) 22.918ms
[281.885s][info][gc,cpu         ] GC(674) User=0.67s Sys=0.00s Real=0.02s
[282.187s][info][gc,start       ] GC(675) Pause Young (Allocation Failure)
[282.188s][info][gc,heap        ] GC(675) PSYoungGen: 78336K(79872K)->1536K(79872K) Eden: 78336K(78336K)->0K(78336K) From: 0K(1536K)->1536K(1536K)
[282.188s][info][gc,heap        ] GC(675) ParOldGen: 4078K(1398272K)->4126K(1398272K)
[282.188s][info][gc,metaspace   ] GC(675) Metaspace: 9951K(10304K)->9951K(10304K) NonClass: 8651K(8896K)->8651K(8896K) Class: 1300K(1408K)->1300K(1408K)
[282.189s][info][gc             ] GC(675) Pause Young (Allocation Failure) 80M->5M(1443M) 1.377ms
[282.189s][info][gc,cpu         ] GC(675) User=0.00s Sys=0.00s Real=0.00s
[282.499s][info][gc,start       ] GC(676) Pause Young (Allocation Failure)
[282.500s][info][gc,heap        ] GC(676) PSYoungGen: 79872K(79872K)->1504K(79872K) Eden: 78336K(78336K)->0K(78336K) From: 1536K(1536K)->1504K(1536K)
[282.500s][info][gc,heap        ] GC(676) ParOldGen: 4126K(1398272K)->4518K(1398272K)
[282.500s][info][gc,metaspace   ] GC(676) Metaspace: 9951K(10304K)->9951K(10304K) NonClass: 8651K(8896K)->8651K(8896K) Class: 1300K(1408K)->1300K(1408K)
[282.500s][info][gc             ] GC(676) Pause Young (Allocation Failure) 82M->5M(1443M) 1.367ms
[282.500s][info][gc,cpu         ] GC(676) User=0.00s Sys=0.00s Real=0.00s
[282.813s][info][gc,start       ] GC(677) Pause Young (Allocation Failure)
[282.814s][info][gc,heap        ] GC(677) PSYoungGen: 79840K(79872K)->1120K(79872K) Eden: 78336K(78336K)->0K(78336K) From: 1504K(1536K)->1120K(1536K)
[282.814s][info][gc,heap        ] GC(677) ParOldGen: 4518K(1398272K)->5198K(1398272K)
[282.814s][info][gc,metaspace   ] GC(677) Metaspace: 9951K(10304K)->9951K(10304K) NonClass: 8651K(8896K)->8651K(8896K) Class: 1300K(1408K)->1300K(1408K)
[282.814s][info][gc             ] GC(677) Pause Young (Allocation Failure) 82M->6M(1443M) 1.294ms
[282.814s][info][gc,cpu         ] GC(677) User=0.00s Sys=0.00s Real=0.00s
[283.125s][info][gc,start       ] GC(678) Pause Young (Allocation Failure)
[283.127s][info][gc,heap        ] GC(678) PSYoungGen: 79456K(79872K)->1056K(79872K) Eden: 78336K(78336K)->0K(78336K) From: 1120K(1536K)->1056K(1536K)
[283.127s][info][gc,heap        ] GC(678) ParOldGen: 5198K(1398272K)->5198K(1398272K)
[283.127s][info][gc,metaspace   ] GC(678) Metaspace: 9951K(10304K)->9951K(10304K) NonClass: 8651K(8896K)->8651K(8896K) Class: 1300K(1408K)->1300K(1408K)
[283.127s][info][gc             ] GC(678) Pause Young (Allocation Failure) 82M->6M(1443M) 1.332ms
[283.127s][info][gc,cpu         ] GC(678) User=0.00s Sys=0.00s Real=0.00s
[283.433s][info][gc,start       ] GC(679) Pause Young (Allocation Failure)
[283.434s][info][gc,heap        ] GC(679) PSYoungGen: 79392K(79872K)->1536K(79872K) Eden: 78336K(78336K)->0K(78336K) From: 1056K(1536K)->1536K(1536K)
[283.434s][info][gc,heap        ] GC(679) ParOldGen: 5198K(1398272K)->5246K(1398272K)
[283.434s][info][gc,metaspace   ] GC(679) Metaspace: 9951K(10304K)->9951K(10304K) NonClass: 8651K(8896K)->8651K(8896K) Class: 1300K(1408K)->1300K(1408K)
[283.434s][info][gc             ] GC(679) Pause Young (Allocation Failure) 82M->6M(1443M) 1.251ms
[283.434s][info][gc,cpu         ] GC(679) User=0.00s Sys=0.00s Real=0.00s
[283.749s][info][gc,start       ] GC(680) Pause Young (Allocation Failure)
[283.750s][info][gc,heap        ] GC(680) PSYoungGen: 79872K(79872K)->1088K(79872K) Eden: 78336K(78336K)->0K(78336K) From: 1536K(1536K)->1088K(1536K)
[283.750s][info][gc,heap        ] GC(680) ParOldGen: 5246K(1398272K)->5950K(1398272K)
[283.750s][info][gc,metaspace   ] GC(680) Metaspace: 9951K(10304K)->9951K(10304K) NonClass: 8651K(8896K)->8651K(8896K) Class: 1300K(1408K)->1300K(1408K)
[283.750s][info][gc             ] GC(680) Pause Young (Allocation Failure) 83M->6M(1443M) 1.513ms
[283.750s][info][gc,cpu         ] GC(680) User=0.00s Sys=0.00s Real=0.00s
[284.060s][info][gc,start       ] GC(681) Pause Young (Allocation Failure)
[284.061s][info][gc,heap        ] GC(681) PSYoungGen: 79424K(79872K)->1056K(79872K) Eden: 78336K(78336K)->0K(78336K) From: 1088K(1536K)->1056K(1536K)
[284.061s][info][gc,heap        ] GC(681) ParOldGen: 5950K(1398272K)->5974K(1398272K)
[284.061s][info][gc,metaspace   ] GC(681) Metaspace: 9951K(10304K)->9951K(10304K) NonClass: 8651K(8896K)->8651K(8896K) Class: 1300K(1408K)->1300K(1408K)
[284.061s][info][gc             ] GC(681) Pause Young (Allocation Failure) 83M->6M(1443M) 1.072ms
[284.061s][info][gc,cpu         ] GC(681) User=0.00s Sys=0.00s Real=0.00s
[284.370s][info][gc,start       ] GC(682) Pause Young (Allocation Failure)
[284.372s][info][gc,heap        ] GC(682) PSYoungGen: 79392K(79872K)->1216K(79872K) Eden: 78336K(78336K)->0K(78336K) From: 1056K(1536K)->1216K(1536K)
[284.372s][info][gc,heap        ] GC(682) ParOldGen: 5974K(1398272K)->5990K(1398272K)
[284.372s][info][gc,metaspace   ] GC(682) Metaspace: 9951K(10304K)->9951K(10304K) NonClass: 8651K(8896K)->8651K(8896K) Class: 1300K(1408K)->1300K(1408K)
[284.372s][info][gc             ] GC(682) Pause Young (Allocation Failure) 83M->7M(1443M) 1.407ms
[284.372s][info][gc,cpu         ] GC(682) User=0.00s Sys=0.00s Real=0.00s
[284.679s][info][gc,start       ] GC(683) Pause Young (Allocation Failure)
[284.680s][info][gc,heap        ] GC(683) PSYoungGen: 79552K(79872K)->992K(79360K) Eden: 78336K(78336K)->0K(78336K) From: 1216K(1536K)->992K(1024K)
[284.680s][info][gc,heap        ] GC(683) ParOldGen: 5990K(1398272K)->6502K(1398272K)
[284.680s][info][gc,metaspace   ] GC(683) Metaspace: 9951K(10304K)->9951K(10304K) NonClass: 8651K(8896K)->8651K(8896K) Class: 1300K(1408K)->1300K(1408K)
[284.680s][info][gc             ] GC(683) Pause Young (Allocation Failure) 83M->7M(1443M) 1.171ms
[284.680s][info][gc,cpu         ] GC(683) User=0.00s Sys=0.00s Real=0.00s
[284.978s][info][gc,start       ] GC(684) Pause Young (Allocation Failure)
[284.979s][info][gc,heap        ] GC(684) PSYoungGen: 79328K(79360K)->1056K(79872K) Eden: 78336K(78336K)->0K(78336K) From: 992K(1024K)->1056K(1536K)
[284.979s][info][gc,heap        ] GC(684) ParOldGen: 6502K(1398272K)->6502K(1398272K)
[284.979s][info][gc,metaspace   ] GC(684) Metaspace: 9951K(10304K)->9951K(10304K) NonClass: 8651K(8896K)->8651K(8896K) Class: 1300K(1408K)->1300K(1408K)
[284.979s][info][gc             ] GC(684) Pause Young (Allocation Failure) 83M->7M(1443M) 1.099ms
[284.979s][info][gc,cpu         ] GC(684) User=0.00s Sys=0.00s Real=0.00s
[285.268s][info][gc,start       ] GC(685) Pause Young (Allocation Failure)
[285.269s][info][gc,heap        ] GC(685) PSYoungGen: 79392K(79872K)->1056K(79872K) Eden: 78336K(78336K)->0K(78336K) From: 1056K(1536K)->1056K(1536K)
[285.269s][info][gc,heap        ] GC(685) ParOldGen: 6502K(1398272K)->6502K(1398272K)
[285.269s][info][gc,metaspace   ] GC(685) Metaspace: 9951K(10304K)->9951K(10304K) NonClass: 8651K(8896K)->8651K(8896K) Class: 1300K(1408K)->1300K(1408K)
[285.269s][info][gc             ] GC(685) Pause Young (Allocation Failure) 83M->7M(1443M) 1.128ms
[285.269s][info][gc,cpu         ] GC(685) User=0.00s Sys=0.00s Real=0.00s
[285.566s][info][gc,start       ] GC(686) Pause Young (Allocation Failure)
[285.567s][info][gc,heap        ] GC(686) PSYoungGen: 79392K(79872K)->1056K(79872K) Eden: 78336K(78336K)->0K(78336K) From: 1056K(1536K)->1056K(1536K)
[285.567s][info][gc,heap        ] GC(686) ParOldGen: 6502K(1398272K)->6502K(1398272K)
[285.567s][info][gc,metaspace   ] GC(686) Metaspace: 9951K(10304K)->9951K(10304K) NonClass: 8651K(8896K)->8651K(8896K) Class: 1300K(1408K)->1300K(1408K)
[285.568s][info][gc             ] GC(686) Pause Young (Allocation Failure) 83M->7M(1443M) 1.162ms
[285.568s][info][gc,cpu         ] GC(686) User=0.00s Sys=0.00s Real=0.00s
[285.870s][info][gc,start       ] GC(687) Pause Young (Allocation Failure)
[285.871s][info][gc,heap        ] GC(687) PSYoungGen: 79392K(79872K)->512K(78848K) Eden: 78336K(78336K)->0K(78336K) From: 1056K(1536K)->512K(512K)
[285.871s][info][gc,heap        ] GC(687) ParOldGen: 6502K(1398272K)->6998K(1398272K)
[285.871s][info][gc,metaspace   ] GC(687) Metaspace: 9951K(10304K)->9951K(10304K) NonClass: 8651K(8896K)->8651K(8896K) Class: 1300K(1408K)->1300K(1408K)
[285.871s][info][gc             ] GC(687) Pause Young (Allocation Failure) 83M->7M(1442M) 1.237ms
[285.871s][info][gc,cpu         ] GC(687) User=0.00s Sys=0.00s Real=0.00s
[286.189s][info][gc,start       ] GC(688) Pause Young (Allocation Failure)
[286.190s][info][gc,heap        ] GC(688) PSYoungGen: 78848K(78848K)->1120K(79872K) Eden: 78336K(78336K)->0K(78336K) From: 512K(512K)->1120K(1536K)
[286.190s][info][gc,heap        ] GC(688) ParOldGen: 6998K(1398272K)->7614K(1398272K)
[286.190s][info][gc,metaspace   ] GC(688) Metaspace: 9951K(10304K)->9951K(10304K) NonClass: 8651K(8896K)->8651K(8896K) Class: 1300K(1408K)->1300K(1408K)
[286.190s][info][gc             ] GC(688) Pause Young (Allocation Failure) 83M->8M(1443M) 1.574ms
[286.190s][info][gc,cpu         ] GC(688) User=0.00s Sys=0.00s Real=0.00s
[286.497s][info][gc,start       ] GC(689) Pause Young (Allocation Failure)
[286.498s][info][gc,heap        ] GC(689) PSYoungGen: 79456K(79872K)->1056K(79872K) Eden: 78336K(78336K)->0K(78336K) From: 1120K(1536K)->1056K(1536K)
[286.498s][info][gc,heap        ] GC(689) ParOldGen: 7614K(1398272K)->7734K(1398272K)
[286.498s][info][gc,metaspace   ] GC(689) Metaspace: 9951K(10304K)->9951K(10304K) NonClass: 8651K(8896K)->8651K(8896K) Class: 1300K(1408K)->1300K(1408K)
[286.498s][info][gc             ] GC(689) Pause Young (Allocation Failure) 85M->8M(1443M) 0.988ms
[286.498s][info][gc,cpu         ] GC(689) User=0.00s Sys=0.00s Real=0.00s
[286.818s][info][gc,start       ] GC(690) Pause Young (Allocation Failure)
[286.819s][info][gc,heap        ] GC(690) PSYoungGen: 79392K(79872K)->1088K(79872K) Eden: 78336K(78336K)->0K(78336K) From: 1056K(1536K)->1088K(1536K)
[286.819s][info][gc,heap        ] GC(690) ParOldGen: 7734K(1398272K)->7734K(1398272K)
[286.819s][info][gc,metaspace   ] GC(690) Metaspace: 9951K(10304K)->9951K(10304K) NonClass: 8651K(8896K)->8651K(8896K) Class: 1300K(1408K)->1300K(1408K)
[286.819s][info][gc             ] GC(690) Pause Young (Allocation Failure) 85M->8M(1443M) 1.345ms
[286.819s][info][gc,cpu         ] GC(690) User=0.00s Sys=0.00s Real=0.00s
[287.126s][info][gc,start       ] GC(691) Pause Young (Allocation Failure)
[287.127s][info][gc,heap        ] GC(691) PSYoungGen: 79424K(79872K)->512K(78848K) Eden: 78336K(78336K)->0K(78336K) From: 1088K(1536K)->512K(512K)
[287.127s][info][gc,heap        ] GC(691) ParOldGen: 7734K(1398272K)->8486K(1398272K)
[287.127s][info][gc,metaspace   ] GC(691) Metaspace: 9951K(10304K)->9951K(10304K) NonClass: 8651K(8896K)->8651K(8896K) Class: 1300K(1408K)->1300K(1408K)
[287.127s][info][gc             ] GC(691) Pause Young (Allocation Failure) 85M->8M(1442M) 1.319ms
[287.127s][info][gc,cpu         ] GC(691) User=0.00s Sys=0.00s Real=0.00s
[287.431s][info][gc,start       ] GC(692) Pause Young (Allocation Failure)
[287.432s][info][gc,heap        ] GC(692) PSYoungGen: 78848K(78848K)->1152K(79872K) Eden: 78336K(78336K)->0K(78336K) From: 512K(512K)->1152K(1536K)
[287.432s][info][gc,heap        ] GC(692) ParOldGen: 8486K(1398272K)->8934K(1398272K)
[287.432s][info][gc,metaspace   ] GC(692) Metaspace: 9951K(10304K)->9951K(10304K) NonClass: 8651K(8896K)->8651K(8896K) Class: 1300K(1408K)->1300K(1408K)
[287.433s][info][gc             ] GC(692) Pause Young (Allocation Failure) 85M->9M(1443M) 1.228ms
[287.433s][info][gc,cpu         ] GC(692) User=0.00s Sys=0.00s Real=0.00s
[287.752s][info][gc,start       ] GC(693) Pause Young (Allocation Failure)
[287.753s][info][gc,heap        ] GC(693) PSYoungGen: 79488K(79872K)->1056K(79872K) Eden: 78336K(78336K)->0K(78336K) From: 1152K(1536K)->1056K(1536K)
[287.753s][info][gc,heap        ] GC(693) ParOldGen: 8934K(1398272K)->9014K(1398272K)
[287.754s][info][gc,metaspace   ] GC(693) Metaspace: 9951K(10304K)->9951K(10304K) NonClass: 8651K(8896K)->8651K(8896K) Class: 1300K(1408K)->1300K(1408K)
[287.754s][info][gc             ] GC(693) Pause Young (Allocation Failure) 86M->9M(1443M) 1.071ms
[287.754s][info][gc,cpu         ] GC(693) User=0.00s Sys=0.00s Real=0.00s
[288.060s][info][gc,start       ] GC(694) Pause Young (Allocation Failure)
[288.061s][info][gc,heap        ] GC(694) PSYoungGen: 79392K(79872K)->1056K(79872K) Eden: 78336K(78336K)->0K(78336K) From: 1056K(1536K)->1056K(1536K)
[288.061s][info][gc,heap        ] GC(694) ParOldGen: 9014K(1398272K)->9094K(1398272K)
[288.061s][info][gc,metaspace   ] GC(694) Metaspace: 9951K(10304K)->9951K(10304K) NonClass: 8651K(8896K)->8651K(8896K) Class: 1300K(1408K)->1300K(1408K)
[288.061s][info][gc             ] GC(694) Pause Young (Allocation Failure) 86M->9M(1443M) 1.295ms
[288.061s][info][gc,cpu         ] GC(694) User=0.00s Sys=0.00s Real=0.00s
[288.370s][info][gc,start       ] GC(695) Pause Young (Allocation Failure)
[288.371s][info][gc,heap        ] GC(695) PSYoungGen: 79392K(79872K)->512K(78848K) Eden: 78336K(78336K)->0K(78336K) From: 1056K(1536K)->512K(512K)
[288.371s][info][gc,heap        ] GC(695) ParOldGen: 9094K(1398272K)->9582K(1398272K)
[288.371s][info][gc,metaspace   ] GC(695) Metaspace: 9951K(10304K)->9951K(10304K) NonClass: 8651K(8896K)->8651K(8896K) Class: 1300K(1408K)->1300K(1408K)
[288.371s][info][gc             ] GC(695) Pause Young (Allocation Failure) 86M->9M(1442M) 1.077ms
[288.371s][info][gc,cpu         ] GC(695) User=0.00s Sys=0.00s Real=0.00s
[288.382s][info][gc,start       ] GC(696) Pause Young (System.gc())
[288.383s][info][gc,heap        ] GC(696) PSYoungGen: 2827K(78848K)->928K(79872K) Eden: 2315K(78336K)->0K(78336K) From: 512K(512K)->928K(1536K)
[288.383s][info][gc,heap        ] GC(696) ParOldGen: 9582K(1398272K)->9934K(1398272K)
[288.383s][info][gc,metaspace   ] GC(696) Metaspace: 9951K(10304K)->9951K(10304K) NonClass: 8651K(8896K)->8651K(8896K) Class: 1300K(1408K)->1300K(1408K)
[288.383s][info][gc             ] GC(696) Pause Young (System.gc()) 12M->10M(1443M) 1.316ms
[288.383s][info][gc,cpu         ] GC(696) User=0.00s Sys=0.00s Real=0.00s
[288.383s][info][gc,start       ] GC(697) Pause Full (System.gc())
[288.383s][info][gc,phases,start] GC(697) Marking Phase
[288.399s][info][gc,phases      ] GC(697) Marking Phase 16.051ms
[288.400s][info][gc,phases,start] GC(697) Summary Phase
[288.400s][info][gc,phases      ] GC(697) Summary Phase 0.020ms
[288.400s][info][gc,phases,start] GC(697) Adjust Roots
[288.404s][info][gc,phases      ] GC(697) Adjust Roots 4.528ms
[288.404s][info][gc,phases,start] GC(697) Compaction Phase
[288.408s][info][gc,phases      ] GC(697) Compaction Phase 4.077ms
[288.408s][info][gc,phases,start] GC(697) Post Compact
[288.409s][info][gc,phases      ] GC(697) Post Compact 0.647ms
[288.409s][info][gc,heap        ] GC(697) PSYoungGen: 928K(79872K)->0K(79872K) Eden: 0K(78336K)->0K(78336K) From: 928K(1536K)->0K(1536K)
[288.409s][info][gc,heap        ] GC(697) ParOldGen: 9934K(1398272K)->4078K(1398272K)
[288.409s][info][gc,metaspace   ] GC(697) Metaspace: 9951K(10304K)->9951K(10304K) NonClass: 8651K(8896K)->8651K(8896K) Class: 1300K(1408K)->1300K(1408K)
[288.409s][info][gc             ] GC(697) Pause Full (System.gc()) 10M->3M(1443M) 25.594ms
[288.409s][info][gc,cpu         ] GC(697) User=0.02s Sys=0.00s Real=0.03s
[288.715s][info][gc,start       ] GC(698) Pause Young (Allocation Failure)
[288.716s][info][gc,heap        ] GC(698) PSYoungGen: 78336K(79872K)->1536K(79872K) Eden: 78336K(78336K)->0K(78336K) From: 0K(1536K)->1536K(1536K)
[288.716s][info][gc,heap        ] GC(698) ParOldGen: 4078K(1398272K)->4158K(1398272K)
[288.716s][info][gc,metaspace   ] GC(698) Metaspace: 9951K(10304K)->9951K(10304K) NonClass: 8651K(8896K)->8651K(8896K) Class: 1300K(1408K)->1300K(1408K)
[288.716s][info][gc             ] GC(698) Pause Young (Allocation Failure) 80M->5M(1443M) 1.148ms
[288.716s][info][gc,cpu         ] GC(698) User=0.00s Sys=0.00s Real=0.00s
[289.017s][info][gc,start       ] GC(699) Pause Young (Allocation Failure)
[289.036s][info][gc,heap        ] GC(699) PSYoungGen: 79872K(79872K)->1536K(79872K) Eden: 78336K(78336K)->0K(78336K) From: 1536K(1536K)->1536K(1536K)
[289.036s][info][gc,heap        ] GC(699) ParOldGen: 4158K(1398272K)->4550K(1398272K)
[289.036s][info][gc,metaspace   ] GC(699) Metaspace: 9951K(10304K)->9951K(10304K) NonClass: 8651K(8896K)->8651K(8896K) Class: 1300K(1408K)->1300K(1408K)
[289.037s][info][gc             ] GC(699) Pause Young (Allocation Failure) 82M->5M(1443M) 19.492ms
[289.037s][info][gc,cpu         ] GC(699) User=0.00s Sys=0.00s Real=0.02s
[289.327s][info][gc,start       ] GC(700) Pause Young (Allocation Failure)
[289.328s][info][gc,heap        ] GC(700) PSYoungGen: 79872K(79872K)->512K(78848K) Eden: 78336K(78336K)->0K(78336K) From: 1536K(1536K)->512K(512K)
[289.328s][info][gc,heap        ] GC(700) ParOldGen: 4550K(1398272K)->5582K(1398272K)
[289.328s][info][gc,metaspace   ] GC(700) Metaspace: 9951K(10304K)->9951K(10304K) NonClass: 8651K(8896K)->8651K(8896K) Class: 1300K(1408K)->1300K(1408K)
[289.328s][info][gc             ] GC(700) Pause Young (Allocation Failure) 82M->5M(1442M) 1.321ms
[289.328s][info][gc,cpu         ] GC(700) User=0.00s Sys=0.00s Real=0.00s
[289.632s][info][gc,start       ] GC(701) Pause Young (Allocation Failure)
[289.633s][info][gc,heap        ] GC(701) PSYoungGen: 78848K(78848K)->1088K(80384K) Eden: 78336K(78336K)->0K(78336K) From: 512K(512K)->1088K(2048K)
[289.633s][info][gc,heap        ] GC(701) ParOldGen: 5582K(1398272K)->5950K(1398272K)
[289.633s][info][gc,metaspace   ] GC(701) Metaspace: 9951K(10304K)->9951K(10304K) NonClass: 8651K(8896K)->8651K(8896K) Class: 1300K(1408K)->1300K(1408K)
[289.633s][info][gc             ] GC(701) Pause Young (Allocation Failure) 82M->6M(1444M) 1.041ms
[289.633s][info][gc,cpu         ] GC(701) User=0.00s Sys=0.00s Real=0.00s
[289.928s][info][gc,start       ] GC(702) Pause Young (Allocation Failure)
[289.929s][info][gc,heap        ] GC(702) PSYoungGen: 79423K(80384K)->1056K(79872K) Eden: 78335K(78336K)->0K(78336K) From: 1088K(2048K)->1056K(1536K)
[289.929s][info][gc,heap        ] GC(702) ParOldGen: 5950K(1398272K)->6078K(1398272K)
[289.929s][info][gc,metaspace   ] GC(702) Metaspace: 9951K(10304K)->9951K(10304K) NonClass: 8651K(8896K)->8651K(8896K) Class: 1300K(1408K)->1300K(1408K)
[289.929s][info][gc             ] GC(702) Pause Young (Allocation Failure) 83M->6M(1443M) 1.151ms
[289.930s][info][gc,cpu         ] GC(702) User=0.00s Sys=0.00s Real=0.00s
[290.228s][info][gc,start       ] GC(703) Pause Young (Allocation Failure)
[290.229s][info][gc,heap        ] GC(703) PSYoungGen: 79392K(79872K)->1120K(79872K) Eden: 78336K(78336K)->0K(78336K) From: 1056K(1536K)->1120K(1536K)
[290.230s][info][gc,heap        ] GC(703) ParOldGen: 6078K(1398272K)->6078K(1398272K)
[290.230s][info][gc,metaspace   ] GC(703) Metaspace: 9951K(10304K)->9951K(10304K) NonClass: 8651K(8896K)->8651K(8896K) Class: 1300K(1408K)->1300K(1408K)
[290.230s][info][gc             ] GC(703) Pause Young (Allocation Failure) 83M->7M(1443M) 1.316ms
[290.230s][info][gc,cpu         ] GC(703) User=0.00s Sys=0.00s Real=0.00s
[290.530s][info][gc,start       ] GC(704) Pause Young (Allocation Failure)
[290.531s][info][gc,heap        ] GC(704) PSYoungGen: 79456K(79872K)->1056K(79872K) Eden: 78336K(78336K)->0K(78336K) From: 1120K(1536K)->1056K(1536K)
[290.531s][info][gc,heap        ] GC(704) ParOldGen: 6078K(1398272K)->6486K(1398272K)
[290.531s][info][gc,metaspace   ] GC(704) Metaspace: 9951K(10304K)->9951K(10304K) NonClass: 8651K(8896K)->8651K(8896K) Class: 1300K(1408K)->1300K(1408K)
[290.531s][info][gc             ] GC(704) Pause Young (Allocation Failure) 83M->7M(1443M) 1.046ms
[290.531s][info][gc,cpu         ] GC(704) User=0.00s Sys=0.00s Real=0.00s
[290.833s][info][gc,start       ] GC(705) Pause Young (Allocation Failure)
[290.834s][info][gc,heap        ] GC(705) PSYoungGen: 79392K(79872K)->1088K(79872K) Eden: 78336K(78336K)->0K(78336K) From: 1056K(1536K)->1088K(1536K)
[290.834s][info][gc,heap        ] GC(705) ParOldGen: 6486K(1398272K)->6790K(1398272K)
[290.834s][info][gc,metaspace   ] GC(705) Metaspace: 9951K(10304K)->9951K(10304K) NonClass: 8651K(8896K)->8651K(8896K) Class: 1300K(1408K)->1300K(1408K)
[290.834s][info][gc             ] GC(705) Pause Young (Allocation Failure) 83M->7M(1443M) 1.482ms
[290.835s][info][gc,cpu         ] GC(705) User=0.00s Sys=0.00s Real=0.00s
[291.119s][info][gc,start       ] GC(706) Pause Young (Allocation Failure)
[291.120s][info][gc,heap        ] GC(706) PSYoungGen: 79424K(79872K)->1024K(79360K) Eden: 78336K(78336K)->0K(78336K) From: 1088K(1536K)->1024K(1024K)
[291.120s][info][gc,heap        ] GC(706) ParOldGen: 6790K(1398272K)->7166K(1398272K)
[291.120s][info][gc,metaspace   ] GC(706) Metaspace: 9951K(10304K)->9951K(10304K) NonClass: 8651K(8896K)->8651K(8896K) Class: 1300K(1408K)->1300K(1408K)
[291.120s][info][gc             ] GC(706) Pause Young (Allocation Failure) 84M->7M(1443M) 1.226ms
[291.120s][info][gc,cpu         ] GC(706) User=0.00s Sys=0.00s Real=0.00s
[291.413s][info][gc,start       ] GC(707) Pause Young (Allocation Failure)
[291.414s][info][gc,heap        ] GC(707) PSYoungGen: 79360K(79360K)->1056K(79872K) Eden: 78336K(78336K)->0K(78336K) From: 1024K(1024K)->1056K(1536K)
[291.414s][info][gc,heap        ] GC(707) ParOldGen: 7166K(1398272K)->7166K(1398272K)
[291.414s][info][gc,metaspace   ] GC(707) Metaspace: 9951K(10304K)->9951K(10304K) NonClass: 8651K(8896K)->8651K(8896K) Class: 1300K(1408K)->1300K(1408K)
[291.414s][info][gc             ] GC(707) Pause Young (Allocation Failure) 84M->8M(1443M) 1.161ms
[291.414s][info][gc,cpu         ] GC(707) User=0.00s Sys=0.00s Real=0.00s
[291.712s][info][gc,start       ] GC(708) Pause Young (Allocation Failure)
[291.713s][info][gc,heap        ] GC(708) PSYoungGen: 79392K(79872K)->1056K(79872K) Eden: 78336K(78336K)->0K(78336K) From: 1056K(1536K)->1056K(1536K)
[291.713s][info][gc,heap        ] GC(708) ParOldGen: 7166K(1398272K)->7166K(1398272K)
[291.713s][info][gc,metaspace   ] GC(708) Metaspace: 9951K(10304K)->9951K(10304K) NonClass: 8651K(8896K)->8651K(8896K) Class: 1300K(1408K)->1300K(1408K)
[291.713s][info][gc             ] GC(708) Pause Young (Allocation Failure) 84M->8M(1443M) 1.079ms
[291.713s][info][gc,cpu         ] GC(708) User=0.00s Sys=0.00s Real=0.00s
[292.011s][info][gc,start       ] GC(709) Pause Young (Allocation Failure)
[292.012s][info][gc,heap        ] GC(709) PSYoungGen: 79392K(79872K)->1056K(79872K) Eden: 78336K(78336K)->0K(78336K) From: 1056K(1536K)->1056K(1536K)
[292.012s][info][gc,heap        ] GC(709) ParOldGen: 7166K(1398272K)->7166K(1398272K)
[292.012s][info][gc,metaspace   ] GC(709) Metaspace: 9951K(10304K)->9951K(10304K) NonClass: 8651K(8896K)->8651K(8896K) Class: 1300K(1408K)->1300K(1408K)
[292.012s][info][gc             ] GC(709) Pause Young (Allocation Failure) 84M->8M(1443M) 1.195ms
[292.012s][info][gc,cpu         ] GC(709) User=0.00s Sys=0.00s Real=0.00s
[292.333s][info][gc,start       ] GC(710) Pause Young (Allocation Failure)
[292.334s][info][gc,heap        ] GC(710) PSYoungGen: 79392K(79872K)->1120K(79872K) Eden: 78336K(78336K)->0K(78336K) From: 1056K(1536K)->1120K(1536K)
[292.334s][info][gc,heap        ] GC(710) ParOldGen: 7166K(1398272K)->7166K(1398272K)
[292.334s][info][gc,metaspace   ] GC(710) Metaspace: 9951K(10304K)->9951K(10304K) NonClass: 8651K(8896K)->8651K(8896K) Class: 1300K(1408K)->1300K(1408K)
[292.334s][info][gc             ] GC(710) Pause Young (Allocation Failure) 84M->8M(1443M) 1.019ms
[292.334s][info][gc,cpu         ] GC(710) User=0.00s Sys=0.00s Real=0.00s
[292.626s][info][gc,start       ] GC(711) Pause Young (Allocation Failure)
[292.627s][info][gc,heap        ] GC(711) PSYoungGen: 79456K(79872K)->1056K(79872K) Eden: 78336K(78336K)->0K(78336K) From: 1120K(1536K)->1056K(1536K)
[292.627s][info][gc,heap        ] GC(711) ParOldGen: 7166K(1398272K)->7654K(1398272K)
[292.627s][info][gc,metaspace   ] GC(711) Metaspace: 9951K(10304K)->9951K(10304K) NonClass: 8651K(8896K)->8651K(8896K) Class: 1300K(1408K)->1300K(1408K)
[292.627s][info][gc             ] GC(711) Pause Young (Allocation Failure) 84M->8M(1443M) 1.329ms
[292.627s][info][gc,cpu         ] GC(711) User=0.00s Sys=0.00s Real=0.00s
[292.919s][info][gc,start       ] GC(712) Pause Young (Allocation Failure)
[292.920s][info][gc,heap        ] GC(712) PSYoungGen: 79392K(79872K)->512K(78848K) Eden: 78336K(78336K)->0K(78336K) From: 1056K(1536K)->512K(512K)
[292.920s][info][gc,heap        ] GC(712) ParOldGen: 7654K(1398272K)->7918K(1398272K)
[292.920s][info][gc,metaspace   ] GC(712) Metaspace: 9951K(10304K)->9951K(10304K) NonClass: 8651K(8896K)->8651K(8896K) Class: 1300K(1408K)->1300K(1408K)
[292.920s][info][gc             ] GC(712) Pause Young (Allocation Failure) 85M->8M(1442M) 1.007ms
[292.920s][info][gc,cpu         ] GC(712) User=0.00s Sys=0.00s Real=0.00s
[293.210s][info][gc,start       ] GC(713) Pause Young (Allocation Failure)
[293.212s][info][gc,heap        ] GC(713) PSYoungGen: 78848K(78848K)->1088K(79872K) Eden: 78336K(78336K)->0K(78336K) From: 512K(512K)->1088K(1536K)
[293.212s][info][gc,heap        ] GC(713) ParOldGen: 7918K(1398272K)->8254K(1398272K)
[293.212s][info][gc,metaspace   ] GC(713) Metaspace: 9951K(10304K)->9951K(10304K) NonClass: 8651K(8896K)->8651K(8896K) Class: 1300K(1408K)->1300K(1408K)
[293.212s][info][gc             ] GC(713) Pause Young (Allocation Failure) 84M->9M(1443M) 1.409ms
[293.212s][info][gc,cpu         ] GC(713) User=0.00s Sys=0.00s Real=0.00s
[293.505s][info][gc,start       ] GC(714) Pause Young (Allocation Failure)
[293.506s][info][gc,heap        ] GC(714) PSYoungGen: 79424K(79872K)->1056K(79872K) Eden: 78336K(78336K)->0K(78336K) From: 1088K(1536K)->1056K(1536K)
[293.506s][info][gc,heap        ] GC(714) ParOldGen: 8254K(1398272K)->8438K(1398272K)
[293.506s][info][gc,metaspace   ] GC(714) Metaspace: 9951K(10304K)->9951K(10304K) NonClass: 8651K(8896K)->8651K(8896K) Class: 1300K(1408K)->1300K(1408K)
[293.506s][info][gc             ] GC(714) Pause Young (Allocation Failure) 85M->9M(1443M) 0.954ms
[293.506s][info][gc,cpu         ] GC(714) User=0.00s Sys=0.00s Real=0.00s
[293.811s][info][gc,start       ] GC(715) Pause Young (Allocation Failure)
[293.813s][info][gc,heap        ] GC(715) PSYoungGen: 79392K(79872K)->1056K(79872K) Eden: 78336K(78336K)->0K(78336K) From: 1056K(1536K)->1056K(1536K)
[293.813s][info][gc,heap        ] GC(715) ParOldGen: 8438K(1398272K)->8438K(1398272K)
[293.813s][info][gc,metaspace   ] GC(715) Metaspace: 9951K(10304K)->9951K(10304K) NonClass: 8651K(8896K)->8651K(8896K) Class: 1300K(1408K)->1300K(1408K)
[293.813s][info][gc             ] GC(715) Pause Young (Allocation Failure) 85M->9M(1443M) 1.422ms
[293.813s][info][gc,cpu         ] GC(715) User=0.00s Sys=0.00s Real=0.00s
[294.119s][info][gc,start       ] GC(716) Pause Young (Allocation Failure)
[294.120s][info][gc,heap        ] GC(716) PSYoungGen: 79392K(79872K)->512K(78848K) Eden: 78336K(78336K)->0K(78336K) From: 1056K(1536K)->512K(512K)
[294.120s][info][gc,heap        ] GC(716) ParOldGen: 8438K(1398272K)->8670K(1398272K)
[294.120s][info][gc,metaspace   ] GC(716) Metaspace: 9951K(10304K)->9951K(10304K) NonClass: 8651K(8896K)->8651K(8896K) Class: 1300K(1408K)->1300K(1408K)
[294.120s][info][gc             ] GC(716) Pause Young (Allocation Failure) 85M->8M(1442M) 1.079ms
[294.120s][info][gc,cpu         ] GC(716) User=0.00s Sys=0.00s Real=0.00s
[294.423s][info][gc,start       ] GC(717) Pause Young (Allocation Failure)
[294.424s][info][gc,heap        ] GC(717) PSYoungGen: 78848K(78848K)->1024K(79872K) Eden: 78336K(78336K)->0K(78336K) From: 512K(512K)->1024K(1536K)
[294.424s][info][gc,heap        ] GC(717) ParOldGen: 8670K(1398272K)->8974K(1398272K)
[294.424s][info][gc,metaspace   ] GC(717) Metaspace: 9951K(10304K)->9951K(10304K) NonClass: 8651K(8896K)->8651K(8896K) Class: 1300K(1408K)->1300K(1408K)
[294.424s][info][gc             ] GC(717) Pause Young (Allocation Failure) 85M->9M(1443M) 1.484ms
[294.424s][info][gc,cpu         ] GC(717) User=0.00s Sys=0.00s Real=0.00s
[294.726s][info][gc,start       ] GC(718) Pause Young (System.gc())
[294.727s][info][gc,heap        ] GC(718) PSYoungGen: 74211K(79872K)->1056K(79872K) Eden: 73187K(78336K)->0K(78336K) From: 1024K(1536K)->1056K(1536K)
[294.727s][info][gc,heap        ] GC(718) ParOldGen: 8974K(1398272K)->9174K(1398272K)
[294.727s][info][gc,metaspace   ] GC(718) Metaspace: 9951K(10304K)->9951K(10304K) NonClass: 8651K(8896K)->8651K(8896K) Class: 1300K(1408K)->1300K(1408K)
[294.727s][info][gc             ] GC(718) Pause Young (System.gc()) 81M->9M(1443M) 1.062ms
[294.727s][info][gc,cpu         ] GC(718) User=0.00s Sys=0.00s Real=0.00s
[294.727s][info][gc,start       ] GC(719) Pause Full (System.gc())
[294.727s][info][gc,phases,start] GC(719) Marking Phase
[294.743s][info][gc,phases      ] GC(719) Marking Phase 15.205ms
[294.743s][info][gc,phases,start] GC(719) Summary Phase
[294.743s][info][gc,phases      ] GC(719) Summary Phase 0.021ms
[294.743s][info][gc,phases,start] GC(719) Adjust Roots
[294.747s][info][gc,phases      ] GC(719) Adjust Roots 4.206ms
[294.747s][info][gc,phases,start] GC(719) Compaction Phase
[294.751s][info][gc,phases      ] GC(719) Compaction Phase 3.791ms
[294.751s][info][gc,phases,start] GC(719) Post Compact
[294.751s][info][gc,phases      ] GC(719) Post Compact 0.686ms
[294.751s][info][gc,heap        ] GC(719) PSYoungGen: 1056K(79872K)->0K(79872K) Eden: 0K(78336K)->0K(78336K) From: 1056K(1536K)->0K(1536K)
[294.751s][info][gc,heap        ] GC(719) ParOldGen: 9174K(1398272K)->4078K(1398272K)
[294.751s][info][gc,metaspace   ] GC(719) Metaspace: 9951K(10304K)->9951K(10304K) NonClass: 8651K(8896K)->8651K(8896K) Class: 1300K(1408K)->1300K(1408K)
[294.751s][info][gc             ] GC(719) Pause Full (System.gc()) 9M->3M(1443M) 24.167ms
[294.751s][info][gc,cpu         ] GC(719) User=0.02s Sys=0.00s Real=0.02s
[295.061s][info][gc,start       ] GC(720) Pause Young (Allocation Failure)
[295.062s][info][gc,heap        ] GC(720) PSYoungGen: 78336K(79872K)->1536K(79872K) Eden: 78336K(78336K)->0K(78336K) From: 0K(1536K)->1536K(1536K)
[295.063s][info][gc,heap        ] GC(720) ParOldGen: 4078K(1398272K)->4206K(1398272K)
[295.063s][info][gc,metaspace   ] GC(720) Metaspace: 9951K(10304K)->9951K(10304K) NonClass: 8651K(8896K)->8651K(8896K) Class: 1300K(1408K)->1300K(1408K)
[295.063s][info][gc             ] GC(720) Pause Young (Allocation Failure) 80M->5M(1443M) 1.548ms
[295.063s][info][gc,cpu         ] GC(720) User=0.00s Sys=0.00s Real=0.00s
[295.362s][info][gc,start       ] GC(721) Pause Young (Allocation Failure)
[295.364s][info][gc,heap        ] GC(721) PSYoungGen: 79872K(79872K)->512K(78848K) Eden: 78336K(78336K)->0K(78336K) From: 1536K(1536K)->512K(512K)
[295.364s][info][gc,heap        ] GC(721) ParOldGen: 4206K(1398272K)->5286K(1398272K)
[295.364s][info][gc,metaspace   ] GC(721) Metaspace: 9951K(10304K)->9951K(10304K) NonClass: 8651K(8896K)->8651K(8896K) Class: 1300K(1408K)->1300K(1408K)
[295.364s][info][gc             ] GC(721) Pause Young (Allocation Failure) 82M->5M(1442M) 1.308ms
[295.364s][info][gc,cpu         ] GC(721) User=0.00s Sys=0.00s Real=0.00s
[295.671s][info][gc,start       ] GC(722) Pause Young (Allocation Failure)
[295.672s][info][gc,heap        ] GC(722) PSYoungGen: 78848K(78848K)->1120K(80384K) Eden: 78336K(78336K)->0K(78336K) From: 512K(512K)->1120K(2048K)
[295.672s][info][gc,heap        ] GC(722) ParOldGen: 5286K(1398272K)->5734K(1398272K)
[295.672s][info][gc,metaspace   ] GC(722) Metaspace: 9951K(10304K)->9951K(10304K) NonClass: 8651K(8896K)->8651K(8896K) Class: 1300K(1408K)->1300K(1408K)
[295.672s][info][gc             ] GC(722) Pause Young (Allocation Failure) 82M->6M(1444M) 1.227ms
[295.672s][info][gc,cpu         ] GC(722) User=0.00s Sys=0.00s Real=0.00s
[295.968s][info][gc,start       ] GC(723) Pause Young (Allocation Failure)
[295.969s][info][gc,heap        ] GC(723) PSYoungGen: 79456K(80384K)->1120K(79872K) Eden: 78336K(78336K)->0K(78336K) From: 1120K(2048K)->1120K(1536K)
[295.969s][info][gc,heap        ] GC(723) ParOldGen: 5734K(1398272K)->6134K(1398272K)
[295.969s][info][gc,metaspace   ] GC(723) Metaspace: 9951K(10304K)->9951K(10304K) NonClass: 8651K(8896K)->8651K(8896K) Class: 1300K(1408K)->1300K(1408K)
[295.969s][info][gc             ] GC(723) Pause Young (Allocation Failure) 83M->7M(1443M) 1.150ms
[295.969s][info][gc,cpu         ] GC(723) User=0.00s Sys=0.00s Real=0.00s
[296.275s][info][gc,start       ] GC(724) Pause Young (Allocation Failure)
[296.277s][info][gc,heap        ] GC(724) PSYoungGen: 79456K(79872K)->1024K(79360K) Eden: 78336K(78336K)->0K(78336K) From: 1120K(1536K)->1024K(1024K)
[296.277s][info][gc,heap        ] GC(724) ParOldGen: 6134K(1398272K)->6478K(1398272K)
[296.277s][info][gc,metaspace   ] GC(724) Metaspace: 9951K(10304K)->9951K(10304K) NonClass: 8651K(8896K)->8651K(8896K) Class: 1300K(1408K)->1300K(1408K)
[296.277s][info][gc             ] GC(724) Pause Young (Allocation Failure) 83M->7M(1443M) 1.343ms
[296.277s][info][gc,cpu         ] GC(724) User=0.00s Sys=0.00s Real=0.00s
[296.575s][info][gc,start       ] GC(725) Pause Young (Allocation Failure)
[296.576s][info][gc,heap        ] GC(725) PSYoungGen: 79360K(79360K)->1056K(79872K) Eden: 78336K(78336K)->0K(78336K) From: 1024K(1024K)->1056K(1536K)
[296.576s][info][gc,heap        ] GC(725) ParOldGen: 6478K(1398272K)->6478K(1398272K)
[296.576s][info][gc,metaspace   ] GC(725) Metaspace: 9951K(10304K)->9951K(10304K) NonClass: 8651K(8896K)->8651K(8896K) Class: 1300K(1408K)->1300K(1408K)
[296.576s][info][gc             ] GC(725) Pause Young (Allocation Failure) 83M->7M(1443M) 1.119ms
[296.576s][info][gc,cpu         ] GC(725) User=0.00s Sys=0.00s Real=0.00s
[296.873s][info][gc,start       ] GC(726) Pause Young (Allocation Failure)
[296.874s][info][gc,heap        ] GC(726) PSYoungGen: 79392K(79872K)->1056K(79872K) Eden: 78336K(78336K)->0K(78336K) From: 1056K(1536K)->1056K(1536K)
[296.874s][info][gc,heap        ] GC(726) ParOldGen: 6478K(1398272K)->6478K(1398272K)
[296.874s][info][gc,metaspace   ] GC(726) Metaspace: 9951K(10304K)->9951K(10304K) NonClass: 8651K(8896K)->8651K(8896K) Class: 1300K(1408K)->1300K(1408K)
[296.874s][info][gc             ] GC(726) Pause Young (Allocation Failure) 83M->7M(1443M) 1.396ms
[296.874s][info][gc,cpu         ] GC(726) User=0.00s Sys=0.00s Real=0.00s
[297.180s][info][gc,start       ] GC(727) Pause Young (Allocation Failure)
[297.181s][info][gc,heap        ] GC(727) PSYoungGen: 79392K(79872K)->1056K(79872K) Eden: 78336K(78336K)->0K(78336K) From: 1056K(1536K)->1056K(1536K)
[297.181s][info][gc,heap        ] GC(727) ParOldGen: 6478K(1398272K)->6478K(1398272K)
[297.181s][info][gc,metaspace   ] GC(727) Metaspace: 9951K(10304K)->9951K(10304K) NonClass: 8651K(8896K)->8651K(8896K) Class: 1300K(1408K)->1300K(1408K)
[297.181s][info][gc             ] GC(727) Pause Young (Allocation Failure) 83M->7M(1443M) 0.951ms
[297.181s][info][gc,cpu         ] GC(727) User=0.00s Sys=0.00s Real=0.00s
[297.481s][info][gc,start       ] GC(728) Pause Young (Allocation Failure)
[297.482s][info][gc,heap        ] GC(728) PSYoungGen: 79392K(79872K)->992K(79360K) Eden: 78336K(78336K)->0K(78336K) From: 1056K(1536K)->992K(1024K)
[297.482s][info][gc,heap        ] GC(728) ParOldGen: 6478K(1398272K)->6838K(1398272K)
[297.482s][info][gc,metaspace   ] GC(728) Metaspace: 9951K(10304K)->9951K(10304K) NonClass: 8651K(8896K)->8651K(8896K) Class: 1300K(1408K)->1300K(1408K)
[297.482s][info][gc             ] GC(728) Pause Young (Allocation Failure) 83M->7M(1443M) 1.063ms
[297.482s][info][gc,cpu         ] GC(728) User=0.00s Sys=0.00s Real=0.00s
[297.793s][info][gc,start       ] GC(729) Pause Young (Allocation Failure)
[297.794s][info][gc,heap        ] GC(729) PSYoungGen: 79328K(79360K)->1024K(79360K) Eden: 78336K(78336K)->0K(78336K) From: 992K(1024K)->1024K(1024K)
[297.794s][info][gc,heap        ] GC(729) ParOldGen: 6838K(1398272K)->6854K(1398272K)
[297.794s][info][gc,metaspace   ] GC(729) Metaspace: 9951K(10304K)->9951K(10304K) NonClass: 8651K(8896K)->8651K(8896K) Class: 1300K(1408K)->1300K(1408K)
[297.794s][info][gc             ] GC(729) Pause Young (Allocation Failure) 84M->7M(1443M) 1.097ms
[297.794s][info][gc,cpu         ] GC(729) User=0.00s Sys=0.00s Real=0.00s
[298.114s][info][gc,start       ] GC(730) Pause Young (Allocation Failure)
[298.115s][info][gc,heap        ] GC(730) PSYoungGen: 79360K(79360K)->1184K(79872K) Eden: 78336K(78336K)->0K(78336K) From: 1024K(1024K)->1184K(1536K)
[298.115s][info][gc,heap        ] GC(730) ParOldGen: 6854K(1398272K)->7230K(1398272K)
[298.115s][info][gc,metaspace   ] GC(730) Metaspace: 9951K(10304K)->9951K(10304K) NonClass: 8651K(8896K)->8651K(8896K) Class: 1300K(1408K)->1300K(1408K)
[298.115s][info][gc             ] GC(730) Pause Young (Allocation Failure) 84M->8M(1443M) 1.327ms
[298.115s][info][gc,cpu         ] GC(730) User=0.00s Sys=0.00s Real=0.00s
[298.428s][info][gc,start       ] GC(731) Pause Young (Allocation Failure)
[298.429s][info][gc,heap        ] GC(731) PSYoungGen: 79520K(79872K)->1024K(79360K) Eden: 78336K(78336K)->0K(78336K) From: 1184K(1536K)->1024K(1024K)
[298.429s][info][gc,heap        ] GC(731) ParOldGen: 7230K(1398272K)->7598K(1398272K)
[298.429s][info][gc,metaspace   ] GC(731) Metaspace: 9951K(10304K)->9951K(10304K) NonClass: 8651K(8896K)->8651K(8896K) Class: 1300K(1408K)->1300K(1408K)
[298.429s][info][gc             ] GC(731) Pause Young (Allocation Failure) 84M->8M(1443M) 1.065ms
[298.429s][info][gc,cpu         ] GC(731) User=0.02s Sys=0.00s Real=0.00s
[298.729s][info][gc,start       ] GC(732) Pause Young (Allocation Failure)
[298.730s][info][gc,heap        ] GC(732) PSYoungGen: 79360K(79360K)->1024K(79360K) Eden: 78336K(78336K)->0K(78336K) From: 1024K(1024K)->1024K(1024K)
[298.730s][info][gc,heap        ] GC(732) ParOldGen: 7598K(1398272K)->7958K(1398272K)
[298.730s][info][gc,metaspace   ] GC(732) Metaspace: 9951K(10304K)->9951K(10304K) NonClass: 8651K(8896K)->8651K(8896K) Class: 1300K(1408K)->1300K(1408K)
[298.730s][info][gc             ] GC(732) Pause Young (Allocation Failure) 84M->8M(1443M) 1.130ms
[298.730s][info][gc,cpu         ] GC(732) User=0.00s Sys=0.00s Real=0.00s
[299.038s][info][gc,start       ] GC(733) Pause Young (Allocation Failure)
[299.039s][info][gc,heap        ] GC(733) PSYoungGen: 79360K(79360K)->1056K(79872K) Eden: 78336K(78336K)->0K(78336K) From: 1024K(1024K)->1056K(1536K)
[299.039s][info][gc,heap        ] GC(733) ParOldGen: 7958K(1398272K)->7958K(1398272K)
[299.039s][info][gc,metaspace   ] GC(733) Metaspace: 9951K(10304K)->9951K(10304K) NonClass: 8651K(8896K)->8651K(8896K) Class: 1300K(1408K)->1300K(1408K)
[299.039s][info][gc             ] GC(733) Pause Young (Allocation Failure) 85M->8M(1443M) 0.989ms
[299.039s][info][gc,cpu         ] GC(733) User=0.00s Sys=0.00s Real=0.00s
[299.338s][info][gc,start       ] GC(734) Pause Young (Allocation Failure)
[299.339s][info][gc,heap        ] GC(734) PSYoungGen: 79392K(79872K)->1056K(79872K) Eden: 78336K(78336K)->0K(78336K) From: 1056K(1536K)->1056K(1536K)
[299.339s][info][gc,heap        ] GC(734) ParOldGen: 7958K(1398272K)->7958K(1398272K)
[299.339s][info][gc,metaspace   ] GC(734) Metaspace: 9951K(10304K)->9951K(10304K) NonClass: 8651K(8896K)->8651K(8896K) Class: 1300K(1408K)->1300K(1408K)
[299.339s][info][gc             ] GC(734) Pause Young (Allocation Failure) 85M->8M(1443M) 1.337ms
[299.339s][info][gc,cpu         ] GC(734) User=0.00s Sys=0.00s Real=0.00s
[299.639s][info][gc,start       ] GC(735) Pause Young (Allocation Failure)
[299.640s][info][gc,heap        ] GC(735) PSYoungGen: 79392K(79872K)->512K(78848K) Eden: 78336K(78336K)->0K(78336K) From: 1056K(1536K)->512K(512K)
[299.640s][info][gc,heap        ] GC(735) ParOldGen: 7958K(1398272K)->8214K(1398272K)
[299.640s][info][gc,metaspace   ] GC(735) Metaspace: 9951K(10304K)->9951K(10304K) NonClass: 8651K(8896K)->8651K(8896K) Class: 1300K(1408K)->1300K(1408K)
[299.640s][info][gc             ] GC(735) Pause Young (Allocation Failure) 85M->8M(1442M) 0.966ms
[299.640s][info][gc,cpu         ] GC(735) User=0.00s Sys=0.00s Real=0.00s
[299.941s][info][gc,start       ] GC(736) Pause Young (Allocation Failure)
[299.943s][info][gc,heap        ] GC(736) PSYoungGen: 78848K(78848K)->1088K(79872K) Eden: 78336K(78336K)->0K(78336K) From: 512K(512K)->1088K(1536K)
[299.943s][info][gc,heap        ] GC(736) ParOldGen: 8214K(1398272K)->8574K(1398272K)
[299.943s][info][gc,metaspace   ] GC(736) Metaspace: 9951K(10304K)->9951K(10304K) NonClass: 8651K(8896K)->8651K(8896K) Class: 1300K(1408K)->1300K(1408K)
[299.943s][info][gc             ] GC(736) Pause Young (Allocation Failure) 85M->9M(1443M) 1.891ms
[299.943s][info][gc,cpu         ] GC(736) User=0.00s Sys=0.00s Real=0.00s
[300.250s][info][gc,start       ] GC(737) Pause Young (Allocation Failure)
[300.251s][info][gc,heap        ] GC(737) PSYoungGen: 79424K(79872K)->1088K(79872K) Eden: 78336K(78336K)->0K(78336K) From: 1088K(1536K)->1088K(1536K)
[300.251s][info][gc,heap        ] GC(737) ParOldGen: 8574K(1398272K)->8734K(1398272K)
[300.251s][info][gc,metaspace   ] GC(737) Metaspace: 9951K(10304K)->9951K(10304K) NonClass: 8651K(8896K)->8651K(8896K) Class: 1300K(1408K)->1300K(1408K)
[300.251s][info][gc             ] GC(737) Pause Young (Allocation Failure) 85M->9M(1443M) 1.020ms
[300.251s][info][gc,cpu         ] GC(737) User=0.00s Sys=0.00s Real=0.00s
[300.554s][info][gc,start       ] GC(738) Pause Young (Allocation Failure)
[300.555s][info][gc,heap        ] GC(738) PSYoungGen: 79424K(79872K)->1056K(79872K) Eden: 78336K(78336K)->0K(78336K) From: 1088K(1536K)->1056K(1536K)
[300.555s][info][gc,heap        ] GC(738) ParOldGen: 8734K(1398272K)->8734K(1398272K)
[300.555s][info][gc,metaspace   ] GC(738) Metaspace: 9951K(10304K)->9951K(10304K) NonClass: 8651K(8896K)->8651K(8896K) Class: 1300K(1408K)->1300K(1408K)
[300.555s][info][gc             ] GC(738) Pause Young (Allocation Failure) 86M->9M(1443M) 1.247ms
[300.556s][info][gc,cpu         ] GC(738) User=0.00s Sys=0.00s Real=0.00s
[300.852s][info][gc,start       ] GC(739) Pause Young (Allocation Failure)
[300.853s][info][gc,heap        ] GC(739) PSYoungGen: 79392K(79872K)->512K(78848K) Eden: 78336K(78336K)->0K(78336K) From: 1056K(1536K)->512K(512K)
[300.853s][info][gc,heap        ] GC(739) ParOldGen: 8734K(1398272K)->8982K(1398272K)
[300.853s][info][gc,metaspace   ] GC(739) Metaspace: 9951K(10304K)->9951K(10304K) NonClass: 8651K(8896K)->8651K(8896K) Class: 1300K(1408K)->1300K(1408K)
[300.853s][info][gc             ] GC(739) Pause Young (Allocation Failure) 86M->9M(1442M) 0.981ms
[300.853s][info][gc,cpu         ] GC(739) User=0.00s Sys=0.00s Real=0.00s
[301.155s][info][gc,start       ] GC(740) Pause Young (System.gc())
[301.156s][info][gc,heap        ] GC(740) PSYoungGen: 76424K(78848K)->1024K(79872K) Eden: 75912K(78336K)->0K(78336K) From: 512K(512K)->1024K(1536K)
[301.156s][info][gc,heap        ] GC(740) ParOldGen: 8982K(1398272K)->9350K(1398272K)
[301.156s][info][gc,metaspace   ] GC(740) Metaspace: 9951K(10304K)->9951K(10304K) NonClass: 8651K(8896K)->8651K(8896K) Class: 1300K(1408K)->1300K(1408K)
[301.156s][info][gc             ] GC(740) Pause Young (System.gc()) 83M->10M(1443M) 1.829ms
[301.157s][info][gc,cpu         ] GC(740) User=0.00s Sys=0.00s Real=0.00s
[301.157s][info][gc,start       ] GC(741) Pause Full (System.gc())
[301.157s][info][gc,phases,start] GC(741) Marking Phase
[301.171s][info][gc,phases      ] GC(741) Marking Phase 14.284ms
[301.171s][info][gc,phases,start] GC(741) Summary Phase
[301.171s][info][gc,phases      ] GC(741) Summary Phase 0.021ms
[301.171s][info][gc,phases,start] GC(741) Adjust Roots
[301.174s][info][gc,phases      ] GC(741) Adjust Roots 3.152ms
[301.174s][info][gc,phases,start] GC(741) Compaction Phase
[301.177s][info][gc,phases      ] GC(741) Compaction Phase 3.065ms
[301.177s][info][gc,phases,start] GC(741) Post Compact
[301.178s][info][gc,phases      ] GC(741) Post Compact 0.534ms
[301.178s][info][gc,heap        ] GC(741) PSYoungGen: 1024K(79872K)->0K(79872K) Eden: 0K(78336K)->0K(78336K) From: 1024K(1536K)->0K(1536K)
[301.178s][info][gc,heap        ] GC(741) ParOldGen: 9350K(1398272K)->4078K(1398272K)
[301.178s][info][gc,metaspace   ] GC(741) Metaspace: 9951K(10304K)->9951K(10304K) NonClass: 8651K(8896K)->8651K(8896K) Class: 1300K(1408K)->1300K(1408K)
[301.178s][info][gc             ] GC(741) Pause Full (System.gc()) 10M->3M(1443M) 21.299ms
[301.178s][info][gc,cpu         ] GC(741) User=0.52s Sys=0.00s Real=0.01s
[301.478s][info][gc,start       ] GC(742) Pause Young (Allocation Failure)
[301.479s][info][gc,heap        ] GC(742) PSYoungGen: 78336K(79872K)->1536K(79872K) Eden: 78336K(78336K)->0K(78336K) From: 0K(1536K)->1536K(1536K)
[301.479s][info][gc,heap        ] GC(742) ParOldGen: 4078K(1398272K)->4174K(1398272K)
[301.479s][info][gc,metaspace   ] GC(742) Metaspace: 9951K(10304K)->9951K(10304K) NonClass: 8651K(8896K)->8651K(8896K) Class: 1300K(1408K)->1300K(1408K)
[301.479s][info][gc             ] GC(742) Pause Young (Allocation Failure) 80M->5M(1443M) 1.284ms
[301.479s][info][gc,cpu         ] GC(742) User=0.00s Sys=0.00s Real=0.00s
[301.780s][info][gc,start       ] GC(743) Pause Young (Allocation Failure)
[301.782s][info][gc,heap        ] GC(743) PSYoungGen: 79872K(79872K)->1664K(80384K) Eden: 78336K(78336K)->0K(78336K) From: 1536K(1536K)->1664K(2048K)
[301.782s][info][gc,heap        ] GC(743) ParOldGen: 4174K(1398272K)->4422K(1398272K)
[301.782s][info][gc,metaspace   ] GC(743) Metaspace: 9951K(10304K)->9951K(10304K) NonClass: 8651K(8896K)->8651K(8896K) Class: 1300K(1408K)->1300K(1408K)
[301.782s][info][gc             ] GC(743) Pause Young (Allocation Failure) 82M->5M(1444M) 1.390ms
[301.782s][info][gc,cpu         ] GC(743) User=0.00s Sys=0.00s Real=0.00s
[302.078s][info][gc,start       ] GC(744) Pause Young (Allocation Failure)
[302.079s][info][gc,heap        ] GC(744) PSYoungGen: 80000K(80384K)->1024K(79360K) Eden: 78336K(78336K)->0K(78336K) From: 1664K(2048K)->1024K(1024K)
[302.079s][info][gc,heap        ] GC(744) ParOldGen: 4422K(1398272K)->5038K(1398272K)
[302.079s][info][gc,metaspace   ] GC(744) Metaspace: 9951K(10304K)->9951K(10304K) NonClass: 8651K(8896K)->8651K(8896K) Class: 1300K(1408K)->1300K(1408K)
[302.079s][info][gc             ] GC(744) Pause Young (Allocation Failure) 82M->5M(1443M) 1.180ms
[302.079s][info][gc,cpu         ] GC(744) User=0.00s Sys=0.00s Real=0.00s
[302.374s][info][gc,start       ] GC(745) Pause Young (Allocation Failure)
[302.375s][info][gc,heap        ] GC(745) PSYoungGen: 79360K(79360K)->1088K(79872K) Eden: 78336K(78336K)->0K(78336K) From: 1024K(1024K)->1088K(1536K)
[302.375s][info][gc,heap        ] GC(745) ParOldGen: 5038K(1398272K)->5574K(1398272K)
[302.375s][info][gc,metaspace   ] GC(745) Metaspace: 9951K(10304K)->9951K(10304K) NonClass: 8651K(8896K)->8651K(8896K) Class: 1300K(1408K)->1300K(1408K)
[302.375s][info][gc             ] GC(745) Pause Young (Allocation Failure) 82M->6M(1443M) 1.370ms
[302.375s][info][gc,cpu         ] GC(745) User=0.00s Sys=0.00s Real=0.00s
[302.689s][info][gc,start       ] GC(746) Pause Young (Allocation Failure)
[302.690s][info][gc,heap        ] GC(746) PSYoungGen: 79424K(79872K)->1088K(79872K) Eden: 78336K(78336K)->0K(78336K) From: 1088K(1536K)->1088K(1536K)
[302.690s][info][gc,heap        ] GC(746) ParOldGen: 5574K(1398272K)->5574K(1398272K)
[302.690s][info][gc,metaspace   ] GC(746) Metaspace: 9951K(10304K)->9951K(10304K) NonClass: 8651K(8896K)->8651K(8896K) Class: 1300K(1408K)->1300K(1408K)
[302.690s][info][gc             ] GC(746) Pause Young (Allocation Failure) 83M->6M(1443M) 1.180ms
[302.690s][info][gc,cpu         ] GC(746) User=0.00s Sys=0.00s Real=0.00s
[302.996s][info][gc,start       ] GC(747) Pause Young (Allocation Failure)
[302.997s][info][gc,heap        ] GC(747) PSYoungGen: 79424K(79872K)->1056K(79872K) Eden: 78336K(78336K)->0K(78336K) From: 1088K(1536K)->1056K(1536K)
[302.997s][info][gc,heap        ] GC(747) ParOldGen: 5574K(1398272K)->6102K(1398272K)
[302.997s][info][gc,metaspace   ] GC(747) Metaspace: 9951K(10304K)->9951K(10304K) NonClass: 8651K(8896K)->8651K(8896K) Class: 1300K(1408K)->1300K(1408K)
[302.997s][info][gc             ] GC(747) Pause Young (Allocation Failure) 83M->6M(1443M) 1.301ms
[302.997s][info][gc,cpu         ] GC(747) User=0.00s Sys=0.00s Real=0.00s
[303.296s][info][gc,start       ] GC(748) Pause Young (Allocation Failure)
[303.297s][info][gc,heap        ] GC(748) PSYoungGen: 79392K(79872K)->1056K(79872K) Eden: 78336K(78336K)->0K(78336K) From: 1056K(1536K)->1056K(1536K)
[303.297s][info][gc,heap        ] GC(748) ParOldGen: 6102K(1398272K)->6102K(1398272K)
[303.297s][info][gc,metaspace   ] GC(748) Metaspace: 9951K(10304K)->9951K(10304K) NonClass: 8651K(8896K)->8651K(8896K) Class: 1300K(1408K)->1300K(1408K)
[303.297s][info][gc             ] GC(748) Pause Young (Allocation Failure) 83M->6M(1443M) 1.033ms
[303.297s][info][gc,cpu         ] GC(748) User=0.00s Sys=0.00s Real=0.00s
[303.602s][info][gc,start       ] GC(749) Pause Young (Allocation Failure)
[303.603s][info][gc,heap        ] GC(749) PSYoungGen: 79392K(79872K)->1056K(79872K) Eden: 78336K(78336K)->0K(78336K) From: 1056K(1536K)->1056K(1536K)
[303.603s][info][gc,heap        ] GC(749) ParOldGen: 6102K(1398272K)->6102K(1398272K)
[303.603s][info][gc,metaspace   ] GC(749) Metaspace: 9951K(10304K)->9951K(10304K) NonClass: 8651K(8896K)->8651K(8896K) Class: 1300K(1408K)->1300K(1408K)
[303.603s][info][gc             ] GC(749) Pause Young (Allocation Failure) 83M->6M(1443M) 1.707ms
[303.603s][info][gc,cpu         ] GC(749) User=0.00s Sys=0.00s Real=0.00s
[303.909s][info][gc,start       ] GC(750) Pause Young (Allocation Failure)
[303.910s][info][gc,heap        ] GC(750) PSYoungGen: 79392K(79872K)->1024K(79360K) Eden: 78336K(78336K)->0K(78336K) From: 1056K(1536K)->1024K(1024K)
[303.910s][info][gc,heap        ] GC(750) ParOldGen: 6102K(1398272K)->6478K(1398272K)
[303.910s][info][gc,metaspace   ] GC(750) Metaspace: 9951K(10304K)->9951K(10304K) NonClass: 8651K(8896K)->8651K(8896K) Class: 1300K(1408K)->1300K(1408K)
[303.910s][info][gc             ] GC(750) Pause Young (Allocation Failure) 83M->7M(1443M) 1.231ms
[303.910s][info][gc,cpu         ] GC(750) User=0.00s Sys=0.00s Real=0.00s
[304.220s][info][gc,start       ] GC(751) Pause Young (Allocation Failure)
[304.221s][info][gc,heap        ] GC(751) PSYoungGen: 79360K(79360K)->1056K(79872K) Eden: 78336K(78336K)->0K(78336K) From: 1024K(1024K)->1056K(1536K)
[304.221s][info][gc,heap        ] GC(751) ParOldGen: 6478K(1398272K)->6542K(1398272K)
[304.221s][info][gc,metaspace   ] GC(751) Metaspace: 9951K(10304K)->9951K(10304K) NonClass: 8651K(8896K)->8651K(8896K) Class: 1300K(1408K)->1300K(1408K)
[304.221s][info][gc             ] GC(751) Pause Young (Allocation Failure) 83M->7M(1443M) 1.327ms
[304.221s][info][gc,cpu         ] GC(751) User=0.00s Sys=0.00s Real=0.00s
[304.540s][info][gc,start       ] GC(752) Pause Young (Allocation Failure)
[304.542s][info][gc,heap        ] GC(752) PSYoungGen: 79392K(79872K)->1024K(79360K) Eden: 78336K(78336K)->0K(78336K) From: 1056K(1536K)->1024K(1024K)
[304.542s][info][gc,heap        ] GC(752) ParOldGen: 6542K(1398272K)->6886K(1398272K)
[304.542s][info][gc,metaspace   ] GC(752) Metaspace: 9951K(10304K)->9951K(10304K) NonClass: 8651K(8896K)->8651K(8896K) Class: 1300K(1408K)->1300K(1408K)
[304.542s][info][gc             ] GC(752) Pause Young (Allocation Failure) 83M->7M(1443M) 1.329ms
[304.542s][info][gc,cpu         ] GC(752) User=0.00s Sys=0.00s Real=0.00s
[304.853s][info][gc,start       ] GC(753) Pause Young (Allocation Failure)
[304.854s][info][gc,heap        ] GC(753) PSYoungGen: 79360K(79360K)->1056K(80384K) Eden: 78336K(78336K)->0K(78336K) From: 1024K(1024K)->1056K(2048K)
[304.855s][info][gc,heap        ] GC(753) ParOldGen: 6886K(1398272K)->6886K(1398272K)
[304.855s][info][gc,metaspace   ] GC(753) Metaspace: 9951K(10304K)->9951K(10304K) NonClass: 8651K(8896K)->8651K(8896K) Class: 1300K(1408K)->1300K(1408K)
[304.855s][info][gc             ] GC(753) Pause Young (Allocation Failure) 84M->7M(1444M) 1.266ms
[304.855s][info][gc,cpu         ] GC(753) User=0.00s Sys=0.00s Real=0.00s
[305.172s][info][gc,start       ] GC(754) Pause Young (Allocation Failure)
[305.173s][info][gc,heap        ] GC(754) PSYoungGen: 79392K(80384K)->1056K(79872K) Eden: 78336K(78336K)->0K(78336K) From: 1056K(2048K)->1056K(1536K)
[305.173s][info][gc,heap        ] GC(754) ParOldGen: 6886K(1398272K)->6886K(1398272K)
[305.173s][info][gc,metaspace   ] GC(754) Metaspace: 9951K(10304K)->9951K(10304K) NonClass: 8651K(8896K)->8651K(8896K) Class: 1300K(1408K)->1300K(1408K)
[305.173s][info][gc             ] GC(754) Pause Young (Allocation Failure) 84M->7M(1443M) 1.020ms
[305.173s][info][gc,cpu         ] GC(754) User=0.00s Sys=0.00s Real=0.00s
[305.484s][info][gc,start       ] GC(755) Pause Young (Allocation Failure)
[305.486s][info][gc,heap        ] GC(755) PSYoungGen: 79392K(79872K)->1056K(79872K) Eden: 78336K(78336K)->0K(78336K) From: 1056K(1536K)->1056K(1536K)
[305.486s][info][gc,heap        ] GC(755) ParOldGen: 6886K(1398272K)->6886K(1398272K)
[305.486s][info][gc,metaspace   ] GC(755) Metaspace: 9951K(10304K)->9951K(10304K) NonClass: 8651K(8896K)->8651K(8896K) Class: 1300K(1408K)->1300K(1408K)
[305.486s][info][gc             ] GC(755) Pause Young (Allocation Failure) 84M->7M(1443M) 1.919ms
[305.486s][info][gc,cpu         ] GC(755) User=0.00s Sys=0.00s Real=0.00s
[305.795s][info][gc,start       ] GC(756) Pause Young (Allocation Failure)
[305.796s][info][gc,heap        ] GC(756) PSYoungGen: 79392K(79872K)->512K(78848K) Eden: 78336K(78336K)->0K(78336K) From: 1056K(1536K)->512K(512K)
[305.796s][info][gc,heap        ] GC(756) ParOldGen: 6886K(1398272K)->7166K(1398272K)
[305.797s][info][gc,metaspace   ] GC(756) Metaspace: 9951K(10304K)->9951K(10304K) NonClass: 8651K(8896K)->8651K(8896K) Class: 1300K(1408K)->1300K(1408K)
[305.797s][info][gc             ] GC(756) Pause Young (Allocation Failure) 84M->7M(1442M) 1.089ms
[305.797s][info][gc,cpu         ] GC(756) User=0.00s Sys=0.00s Real=0.00s
[306.105s][info][gc,start       ] GC(757) Pause Young (Allocation Failure)
[306.107s][info][gc,heap        ] GC(757) PSYoungGen: 78848K(78848K)->960K(79872K) Eden: 78336K(78336K)->0K(78336K) From: 512K(512K)->960K(1536K)
[306.107s][info][gc,heap        ] GC(757) ParOldGen: 7166K(1398272K)->7534K(1398272K)
[306.107s][info][gc,metaspace   ] GC(757) Metaspace: 9951K(10304K)->9951K(10304K) NonClass: 8651K(8896K)->8651K(8896K) Class: 1300K(1408K)->1300K(1408K)
[306.107s][info][gc             ] GC(757) Pause Young (Allocation Failure) 83M->8M(1443M) 1.770ms
[306.107s][info][gc,cpu         ] GC(757) User=0.00s Sys=0.00s Real=0.00s
[306.420s][info][gc,start       ] GC(758) Pause Young (Allocation Failure)
[306.421s][info][gc,heap        ] GC(758) PSYoungGen: 79296K(79872K)->1056K(79872K) Eden: 78336K(78336K)->0K(78336K) From: 960K(1536K)->1056K(1536K)
[306.421s][info][gc,heap        ] GC(758) ParOldGen: 7534K(1398272K)->7662K(1398272K)
[306.421s][info][gc,metaspace   ] GC(758) Metaspace: 9951K(10304K)->9951K(10304K) NonClass: 8651K(8896K)->8651K(8896K) Class: 1300K(1408K)->1300K(1408K)
[306.421s][info][gc             ] GC(758) Pause Young (Allocation Failure) 84M->8M(1443M) 1.022ms
[306.421s][info][gc,cpu         ] GC(758) User=0.00s Sys=0.00s Real=0.00s
[306.733s][info][gc,start       ] GC(759) Pause Young (Allocation Failure)
[306.735s][info][gc,heap        ] GC(759) PSYoungGen: 79392K(79872K)->1056K(79872K) Eden: 78336K(78336K)->0K(78336K) From: 1056K(1536K)->1056K(1536K)
[306.735s][info][gc,heap        ] GC(759) ParOldGen: 7662K(1398272K)->7662K(1398272K)
[306.735s][info][gc,metaspace   ] GC(759) Metaspace: 9951K(10304K)->9951K(10304K) NonClass: 8651K(8896K)->8651K(8896K) Class: 1300K(1408K)->1300K(1408K)
[306.735s][info][gc             ] GC(759) Pause Young (Allocation Failure) 85M->8M(1443M) 1.304ms
[306.735s][info][gc,cpu         ] GC(759) User=0.00s Sys=0.00s Real=0.00s
[307.025s][info][gc,start       ] GC(760) Pause Young (Allocation Failure)
[307.026s][info][gc,heap        ] GC(760) PSYoungGen: 79392K(79872K)->512K(78848K) Eden: 78336K(78336K)->0K(78336K) From: 1056K(1536K)->512K(512K)
[307.026s][info][gc,heap        ] GC(760) ParOldGen: 7662K(1398272K)->8142K(1398272K)
[307.026s][info][gc,metaspace   ] GC(760) Metaspace: 9951K(10304K)->9951K(10304K) NonClass: 8651K(8896K)->8651K(8896K) Class: 1300K(1408K)->1300K(1408K)
[307.026s][info][gc             ] GC(760) Pause Young (Allocation Failure) 85M->8M(1442M) 1.048ms
[307.027s][info][gc,cpu         ] GC(760) User=0.00s Sys=0.00s Real=0.00s
[307.316s][info][gc,start       ] GC(761) Pause Young (Allocation Failure)
[307.317s][info][gc,heap        ] GC(761) PSYoungGen: 78848K(78848K)->928K(79872K) Eden: 78336K(78336K)->0K(78336K) From: 512K(512K)->928K(1536K)
[307.317s][info][gc,heap        ] GC(761) ParOldGen: 8142K(1398272K)->8446K(1398272K)
[307.317s][info][gc,metaspace   ] GC(761) Metaspace: 9951K(10304K)->9951K(10304K) NonClass: 8651K(8896K)->8651K(8896K) Class: 1300K(1408K)->1300K(1408K)
[307.318s][info][gc             ] GC(761) Pause Young (Allocation Failure) 84M->9M(1443M) 1.510ms
[307.318s][info][gc,cpu         ] GC(761) User=0.00s Sys=0.00s Real=0.00s
[307.623s][info][gc,start       ] GC(762) Pause Young (Allocation Failure)
[307.624s][info][gc,heap        ] GC(762) PSYoungGen: 79264K(79872K)->1056K(79872K) Eden: 78336K(78336K)->0K(78336K) From: 928K(1536K)->1056K(1536K)
[307.624s][info][gc,heap        ] GC(762) ParOldGen: 8446K(1398272K)->8510K(1398272K)
[307.624s][info][gc,metaspace   ] GC(762) Metaspace: 9951K(10304K)->9951K(10304K) NonClass: 8651K(8896K)->8651K(8896K) Class: 1300K(1408K)->1300K(1408K)
[307.624s][info][gc             ] GC(762) Pause Young (Allocation Failure) 85M->9M(1443M) 0.958ms
[307.624s][info][gc,cpu         ] GC(762) User=0.00s Sys=0.00s Real=0.00s
[307.635s][info][gc,start       ] GC(763) Pause Young (System.gc())
[307.636s][info][gc,heap        ] GC(763) PSYoungGen: 3176K(79872K)->1024K(79360K) Eden: 2120K(78336K)->0K(78336K) From: 1056K(1536K)->1024K(1024K)
[307.636s][info][gc,heap        ] GC(763) ParOldGen: 8510K(1398272K)->8894K(1398272K)
[307.636s][info][gc,metaspace   ] GC(763) Metaspace: 9951K(10304K)->9951K(10304K) NonClass: 8651K(8896K)->8651K(8896K) Class: 1300K(1408K)->1300K(1408K)
[307.636s][info][gc             ] GC(763) Pause Young (System.gc()) 11M->9M(1443M) 1.123ms
[307.636s][info][gc,cpu         ] GC(763) User=0.00s Sys=0.00s Real=0.00s
[307.636s][info][gc,start       ] GC(764) Pause Full (System.gc())
[307.636s][info][gc,phases,start] GC(764) Marking Phase
[307.648s][info][gc,phases      ] GC(764) Marking Phase 12.140ms
[307.649s][info][gc,phases,start] GC(764) Summary Phase
[307.649s][info][gc,phases      ] GC(764) Summary Phase 0.022ms
[307.649s][info][gc,phases,start] GC(764) Adjust Roots
[307.652s][info][gc,phases      ] GC(764) Adjust Roots 3.294ms
[307.652s][info][gc,phases,start] GC(764) Compaction Phase
[307.654s][info][gc,phases      ] GC(764) Compaction Phase 2.043ms
[307.654s][info][gc,phases,start] GC(764) Post Compact
[307.654s][info][gc,phases      ] GC(764) Post Compact 0.526ms
[307.654s][info][gc,heap        ] GC(764) PSYoungGen: 1024K(79360K)->0K(79360K) Eden: 0K(78336K)->0K(78336K) From: 1024K(1024K)->0K(1024K)
[307.655s][info][gc,heap        ] GC(764) ParOldGen: 8894K(1398272K)->4078K(1398272K)
[307.655s][info][gc,metaspace   ] GC(764) Metaspace: 9951K(10304K)->9951K(10304K) NonClass: 8651K(8896K)->8651K(8896K) Class: 1300K(1408K)->1300K(1408K)
[307.655s][info][gc             ] GC(764) Pause Full (System.gc()) 9M->3M(1443M) 18.273ms
[307.655s][info][gc,cpu         ] GC(764) User=0.02s Sys=0.00s Real=0.02s
[307.939s][info][gc,start       ] GC(765) Pause Young (Allocation Failure)
[307.940s][info][gc,heap        ] GC(765) PSYoungGen: 78336K(79360K)->1024K(79360K) Eden: 78336K(78336K)->0K(78336K) From: 0K(1024K)->1024K(1024K)
[307.940s][info][gc,heap        ] GC(765) ParOldGen: 4078K(1398272K)->4582K(1398272K)
[307.940s][info][gc,metaspace   ] GC(765) Metaspace: 9951K(10304K)->9951K(10304K) NonClass: 8651K(8896K)->8651K(8896K) Class: 1300K(1408K)->1300K(1408K)
[307.940s][info][gc             ] GC(765) Pause Young (Allocation Failure) 80M->5M(1443M) 1.188ms
[307.940s][info][gc,cpu         ] GC(765) User=0.00s Sys=0.00s Real=0.00s
[308.235s][info][gc,start       ] GC(766) Pause Young (Allocation Failure)
[308.237s][info][gc,heap        ] GC(766) PSYoungGen: 79360K(79360K)->1376K(79872K) Eden: 78336K(78336K)->0K(78336K) From: 1024K(1024K)->1376K(1536K)
[308.237s][info][gc,heap        ] GC(766) ParOldGen: 4582K(1398272K)->5126K(1398272K)
[308.237s][info][gc,metaspace   ] GC(766) Metaspace: 9951K(10304K)->9951K(10304K) NonClass: 8651K(8896K)->8651K(8896K) Class: 1300K(1408K)->1300K(1408K)
[308.237s][info][gc             ] GC(766) Pause Young (Allocation Failure) 81M->6M(1443M) 2.154ms
[308.237s][info][gc,cpu         ] GC(766) User=0.00s Sys=0.00s Real=0.00s
[308.546s][info][gc,start       ] GC(767) Pause Young (Allocation Failure)
[308.547s][info][gc,heap        ] GC(767) PSYoungGen: 79712K(79872K)->1024K(79360K) Eden: 78336K(78336K)->0K(78336K) From: 1376K(1536K)->1024K(1024K)
[308.548s][info][gc,heap        ] GC(767) ParOldGen: 5126K(1398272K)->5686K(1398272K)
[308.548s][info][gc,metaspace   ] GC(767) Metaspace: 9951K(10304K)->9951K(10304K) NonClass: 8651K(8896K)->8651K(8896K) Class: 1300K(1408K)->1300K(1408K)
[308.548s][info][gc             ] GC(767) Pause Young (Allocation Failure) 82M->6M(1443M) 1.244ms
[308.548s][info][gc,cpu         ] GC(767) User=0.00s Sys=0.00s Real=0.00s
[308.853s][info][gc,start       ] GC(768) Pause Young (Allocation Failure)
[308.854s][info][gc,heap        ] GC(768) PSYoungGen: 79360K(79360K)->1248K(79872K) Eden: 78336K(78336K)->0K(78336K) From: 1024K(1024K)->1248K(1536K)
[308.855s][info][gc,heap        ] GC(768) ParOldGen: 5686K(1398272K)->6014K(1398272K)
[308.855s][info][gc,metaspace   ] GC(768) Metaspace: 9951K(10304K)->9951K(10304K) NonClass: 8651K(8896K)->8651K(8896K) Class: 1300K(1408K)->1300K(1408K)
[308.855s][info][gc             ] GC(768) Pause Young (Allocation Failure) 83M->7M(1443M) 1.182ms
[308.855s][info][gc,cpu         ] GC(768) User=0.00s Sys=0.00s Real=0.00s
[309.148s][info][gc,start       ] GC(769) Pause Young (Allocation Failure)
[309.149s][info][gc,heap        ] GC(769) PSYoungGen: 79584K(79872K)->1056K(79872K) Eden: 78336K(78336K)->0K(78336K) From: 1248K(1536K)->1056K(1536K)
[309.149s][info][gc,heap        ] GC(769) ParOldGen: 6014K(1398272K)->6542K(1398272K)
[309.149s][info][gc,metaspace   ] GC(769) Metaspace: 9951K(10304K)->9951K(10304K) NonClass: 8651K(8896K)->8651K(8896K) Class: 1300K(1408K)->1300K(1408K)
[309.149s][info][gc             ] GC(769) Pause Young (Allocation Failure) 83M->7M(1443M) 1.144ms
[309.149s][info][gc,cpu         ] GC(769) User=0.00s Sys=0.00s Real=0.00s
[309.450s][info][gc,start       ] GC(770) Pause Young (Allocation Failure)
[309.451s][info][gc,heap        ] GC(770) PSYoungGen: 79392K(79872K)->1056K(79872K) Eden: 78336K(78336K)->0K(78336K) From: 1056K(1536K)->1056K(1536K)
[309.451s][info][gc,heap        ] GC(770) ParOldGen: 6542K(1398272K)->6542K(1398272K)
[309.451s][info][gc,metaspace   ] GC(770) Metaspace: 9951K(10304K)->9951K(10304K) NonClass: 8651K(8896K)->8651K(8896K) Class: 1300K(1408K)->1300K(1408K)
[309.451s][info][gc             ] GC(770) Pause Young (Allocation Failure) 83M->7M(1443M) 1.141ms
[309.451s][info][gc,cpu         ] GC(770) User=0.00s Sys=0.00s Real=0.00s
[309.753s][info][gc,start       ] GC(771) Pause Young (Allocation Failure)
[309.754s][info][gc,heap        ] GC(771) PSYoungGen: 79392K(79872K)->1056K(79872K) Eden: 78336K(78336K)->0K(78336K) From: 1056K(1536K)->1056K(1536K)
[309.754s][info][gc,heap        ] GC(771) ParOldGen: 6542K(1398272K)->6542K(1398272K)
[309.754s][info][gc,metaspace   ] GC(771) Metaspace: 9951K(10304K)->9951K(10304K) NonClass: 8651K(8896K)->8651K(8896K) Class: 1300K(1408K)->1300K(1408K)
[309.754s][info][gc             ] GC(771) Pause Young (Allocation Failure) 83M->7M(1443M) 1.002ms
[309.754s][info][gc,cpu         ] GC(771) User=0.00s Sys=0.00s Real=0.00s
[310.045s][info][gc,start       ] GC(772) Pause Young (Allocation Failure)
[310.046s][info][gc,heap        ] GC(772) PSYoungGen: 79392K(79872K)->1088K(79872K) Eden: 78336K(78336K)->0K(78336K) From: 1056K(1536K)->1088K(1536K)
[310.046s][info][gc,heap        ] GC(772) ParOldGen: 6542K(1398272K)->6814K(1398272K)
[310.046s][info][gc,metaspace   ] GC(772) Metaspace: 9951K(10304K)->9951K(10304K) NonClass: 8651K(8896K)->8651K(8896K) Class: 1300K(1408K)->1300K(1408K)
[310.046s][info][gc             ] GC(772) Pause Young (Allocation Failure) 83M->7M(1443M) 1.460ms
[310.046s][info][gc,cpu         ] GC(772) User=0.00s Sys=0.00s Real=0.00s
[310.342s][info][gc,start       ] GC(773) Pause Young (Allocation Failure)
[310.343s][info][gc,heap        ] GC(773) PSYoungGen: 79424K(79872K)->1056K(79872K) Eden: 78336K(78336K)->0K(78336K) From: 1088K(1536K)->1056K(1536K)
[310.343s][info][gc,heap        ] GC(773) ParOldGen: 6814K(1398272K)->6814K(1398272K)
[310.343s][info][gc,metaspace   ] GC(773) Metaspace: 9951K(10304K)->9951K(10304K) NonClass: 8651K(8896K)->8651K(8896K) Class: 1300K(1408K)->1300K(1408K)
[310.343s][info][gc             ] GC(773) Pause Young (Allocation Failure) 84M->7M(1443M) 1.147ms
[310.343s][info][gc,cpu         ] GC(773) User=0.00s Sys=0.00s Real=0.00s
[310.648s][info][gc,start       ] GC(774) Pause Young (Allocation Failure)
[310.649s][info][gc,heap        ] GC(774) PSYoungGen: 79392K(79872K)->1056K(79872K) Eden: 78336K(78336K)->0K(78336K) From: 1056K(1536K)->1056K(1536K)
[310.649s][info][gc,heap        ] GC(774) ParOldGen: 6814K(1398272K)->6814K(1398272K)
[310.649s][info][gc,metaspace   ] GC(774) Metaspace: 9951K(10304K)->9951K(10304K) NonClass: 8651K(8896K)->8651K(8896K) Class: 1300K(1408K)->1300K(1408K)
[310.649s][info][gc             ] GC(774) Pause Young (Allocation Failure) 84M->7M(1443M) 1.167ms
[310.649s][info][gc,cpu         ] GC(774) User=0.00s Sys=0.00s Real=0.00s
[310.947s][info][gc,start       ] GC(775) Pause Young (Allocation Failure)
[310.948s][info][gc,heap        ] GC(775) PSYoungGen: 79392K(79872K)->512K(78848K) Eden: 78336K(78336K)->0K(78336K) From: 1056K(1536K)->512K(512K)
[310.948s][info][gc,heap        ] GC(775) ParOldGen: 6814K(1398272K)->7078K(1398272K)
[310.948s][info][gc,metaspace   ] GC(775) Metaspace: 9951K(10304K)->9951K(10304K) NonClass: 8651K(8896K)->8651K(8896K) Class: 1300K(1408K)->1300K(1408K)
[310.949s][info][gc             ] GC(775) Pause Young (Allocation Failure) 84M->7M(1442M) 1.095ms
[310.949s][info][gc,cpu         ] GC(775) User=0.00s Sys=0.00s Real=0.00s
[311.263s][info][gc,start       ] GC(776) Pause Young (Allocation Failure)
[311.265s][info][gc,heap        ] GC(776) PSYoungGen: 78848K(78848K)->1024K(79872K) Eden: 78336K(78336K)->0K(78336K) From: 512K(512K)->1024K(1536K)
[311.265s][info][gc,heap        ] GC(776) ParOldGen: 7078K(1398272K)->7446K(1398272K)
[311.265s][info][gc,metaspace   ] GC(776) Metaspace: 9951K(10304K)->9951K(10304K) NonClass: 8651K(8896K)->8651K(8896K) Class: 1300K(1408K)->1300K(1408K)
[311.265s][info][gc             ] GC(776) Pause Young (Allocation Failure) 83M->8M(1443M) 1.715ms
[311.265s][info][gc,cpu         ] GC(776) User=0.00s Sys=0.00s Real=0.00s
[311.551s][info][gc,start       ] GC(777) Pause Young (Allocation Failure)
[311.552s][info][gc,heap        ] GC(777) PSYoungGen: 79360K(79872K)->1056K(79872K) Eden: 78336K(78336K)->0K(78336K) From: 1024K(1536K)->1056K(1536K)
[311.552s][info][gc,heap        ] GC(777) ParOldGen: 7446K(1398272K)->7558K(1398272K)
[311.552s][info][gc,metaspace   ] GC(777) Metaspace: 9951K(10304K)->9951K(10304K) NonClass: 8651K(8896K)->8651K(8896K) Class: 1300K(1408K)->1300K(1408K)
[311.552s][info][gc             ] GC(777) Pause Young (Allocation Failure) 84M->8M(1443M) 1.019ms
[311.552s][info][gc,cpu         ] GC(777) User=0.00s Sys=0.00s Real=0.00s
[311.843s][info][gc,start       ] GC(778) Pause Young (Allocation Failure)
[311.844s][info][gc,heap        ] GC(778) PSYoungGen: 79392K(79872K)->1056K(79872K) Eden: 78336K(78336K)->0K(78336K) From: 1056K(1536K)->1056K(1536K)
[311.844s][info][gc,heap        ] GC(778) ParOldGen: 7558K(1398272K)->7558K(1398272K)
[311.844s][info][gc,metaspace   ] GC(778) Metaspace: 9951K(10304K)->9951K(10304K) NonClass: 8651K(8896K)->8651K(8896K) Class: 1300K(1408K)->1300K(1408K)
[311.844s][info][gc             ] GC(778) Pause Young (Allocation Failure) 84M->8M(1443M) 1.137ms
[311.844s][info][gc,cpu         ] GC(778) User=0.00s Sys=0.00s Real=0.00s
[312.151s][info][gc,start       ] GC(779) Pause Young (Allocation Failure)
[312.152s][info][gc,heap        ] GC(779) PSYoungGen: 79392K(79872K)->512K(78848K) Eden: 78336K(78336K)->0K(78336K) From: 1056K(1536K)->512K(512K)
[312.152s][info][gc,heap        ] GC(779) ParOldGen: 7558K(1398272K)->7782K(1398272K)
[312.152s][info][gc,metaspace   ] GC(779) Metaspace: 9951K(10304K)->9951K(10304K) NonClass: 8651K(8896K)->8651K(8896K) Class: 1300K(1408K)->1300K(1408K)
[312.152s][info][gc             ] GC(779) Pause Young (Allocation Failure) 84M->8M(1442M) 0.990ms
[312.152s][info][gc,cpu         ] GC(779) User=0.00s Sys=0.00s Real=0.00s
[312.442s][info][gc,start       ] GC(780) Pause Young (Allocation Failure)
[312.443s][info][gc,heap        ] GC(780) PSYoungGen: 78848K(78848K)->960K(79872K) Eden: 78336K(78336K)->0K(78336K) From: 512K(512K)->960K(1536K)
[312.443s][info][gc,heap        ] GC(780) ParOldGen: 7782K(1398272K)->8158K(1398272K)
[312.443s][info][gc,metaspace   ] GC(780) Metaspace: 9951K(10304K)->9951K(10304K) NonClass: 8651K(8896K)->8651K(8896K) Class: 1300K(1408K)->1300K(1408K)
[312.443s][info][gc             ] GC(780) Pause Young (Allocation Failure) 84M->8M(1443M) 1.554ms
[312.443s][info][gc,cpu         ] GC(780) User=0.00s Sys=0.00s Real=0.00s
[312.754s][info][gc,start       ] GC(781) Pause Young (Allocation Failure)
[312.755s][info][gc,heap        ] GC(781) PSYoungGen: 79296K(79872K)->1056K(79872K) Eden: 78336K(78336K)->0K(78336K) From: 960K(1536K)->1056K(1536K)
[312.755s][info][gc,heap        ] GC(781) ParOldGen: 8158K(1398272K)->8374K(1398272K)
[312.755s][info][gc,metaspace   ] GC(781) Metaspace: 9951K(10304K)->9951K(10304K) NonClass: 8651K(8896K)->8651K(8896K) Class: 1300K(1408K)->1300K(1408K)
[312.755s][info][gc             ] GC(781) Pause Young (Allocation Failure) 85M->9M(1443M) 0.994ms
[312.755s][info][gc,cpu         ] GC(781) User=0.00s Sys=0.00s Real=0.00s
[313.044s][info][gc,start       ] GC(782) Pause Young (Allocation Failure)
[313.046s][info][gc,heap        ] GC(782) PSYoungGen: 79392K(79872K)->1056K(79872K) Eden: 78336K(78336K)->0K(78336K) From: 1056K(1536K)->1056K(1536K)
[313.046s][info][gc,heap        ] GC(782) ParOldGen: 8374K(1398272K)->8646K(1398272K)
[313.046s][info][gc,metaspace   ] GC(782) Metaspace: 9951K(10304K)->9951K(10304K) NonClass: 8651K(8896K)->8651K(8896K) Class: 1300K(1408K)->1300K(1408K)
[313.046s][info][gc             ] GC(782) Pause Young (Allocation Failure) 85M->9M(1443M) 1.226ms
[313.046s][info][gc,cpu         ] GC(782) User=0.00s Sys=0.00s Real=0.00s
[313.350s][info][gc,start       ] GC(783) Pause Young (Allocation Failure)
[313.351s][info][gc,heap        ] GC(783) PSYoungGen: 79392K(79872K)->512K(78848K) Eden: 78336K(78336K)->0K(78336K) From: 1056K(1536K)->512K(512K)
[313.351s][info][gc,heap        ] GC(783) ParOldGen: 8646K(1398272K)->8878K(1398272K)
[313.351s][info][gc,metaspace   ] GC(783) Metaspace: 9951K(10304K)->9951K(10304K) NonClass: 8651K(8896K)->8651K(8896K) Class: 1300K(1408K)->1300K(1408K)
[313.351s][info][gc             ] GC(783) Pause Young (Allocation Failure) 85M->9M(1442M) 1.068ms
[313.351s][info][gc,cpu         ] GC(783) User=0.00s Sys=0.00s Real=0.00s
[313.661s][info][gc,start       ] GC(784) Pause Young (Allocation Failure)
[313.662s][info][gc,heap        ] GC(784) PSYoungGen: 78848K(78848K)->992K(79872K) Eden: 78336K(78336K)->0K(78336K) From: 512K(512K)->992K(1536K)
[313.663s][info][gc,heap        ] GC(784) ParOldGen: 8878K(1398272K)->9230K(1398272K)
[313.663s][info][gc,metaspace   ] GC(784) Metaspace: 9951K(10304K)->9951K(10304K) NonClass: 8651K(8896K)->8651K(8896K) Class: 1300K(1408K)->1300K(1408K)
[313.663s][info][gc             ] GC(784) Pause Young (Allocation Failure) 85M->9M(1443M) 1.433ms
[313.663s][info][gc,cpu         ] GC(784) User=0.00s Sys=0.00s Real=0.00s
[313.951s][info][gc,start       ] GC(785) Pause Young (System.gc())
[313.952s][info][gc,heap        ] GC(785) PSYoungGen: 71136K(79872K)->1056K(79872K) Eden: 70144K(78336K)->0K(78336K) From: 992K(1536K)->1056K(1536K)
[313.952s][info][gc,heap        ] GC(785) ParOldGen: 9230K(1398272K)->9398K(1398272K)
[313.952s][info][gc,metaspace   ] GC(785) Metaspace: 9951K(10304K)->9951K(10304K) NonClass: 8651K(8896K)->8651K(8896K) Class: 1300K(1408K)->1300K(1408K)
[313.952s][info][gc             ] GC(785) Pause Young (System.gc()) 78M->10M(1443M) 1.081ms
[313.952s][info][gc,cpu         ] GC(785) User=0.00s Sys=0.00s Real=0.00s
[313.952s][info][gc,start       ] GC(786) Pause Full (System.gc())
[313.952s][info][gc,phases,start] GC(786) Marking Phase
[313.969s][info][gc,phases      ] GC(786) Marking Phase 16.409ms
[313.969s][info][gc,phases,start] GC(786) Summary Phase
[313.969s][info][gc,phases      ] GC(786) Summary Phase 0.025ms
[313.969s][info][gc,phases,start] GC(786) Adjust Roots
[313.973s][info][gc,phases      ] GC(786) Adjust Roots 4.066ms
[313.973s][info][gc,phases,start] GC(786) Compaction Phase
[313.979s][info][gc,phases      ] GC(786) Compaction Phase 5.627ms
[313.979s][info][gc,phases,start] GC(786) Post Compact
[313.979s][info][gc,phases      ] GC(786) Post Compact 0.834ms
[313.980s][info][gc,heap        ] GC(786) PSYoungGen: 1056K(79872K)->0K(79872K) Eden: 0K(78336K)->0K(78336K) From: 1056K(1536K)->0K(1536K)
[313.980s][info][gc,heap        ] GC(786) ParOldGen: 9398K(1398272K)->4078K(1398272K)
[313.980s][info][gc,metaspace   ] GC(786) Metaspace: 9951K(10304K)->9951K(10304K) NonClass: 8651K(8896K)->8651K(8896K) Class: 1300K(1408K)->1300K(1408K)
[313.980s][info][gc             ] GC(786) Pause Full (System.gc()) 10M->3M(1443M) 27.395ms
[313.980s][info][gc,cpu         ] GC(786) User=0.56s Sys=0.00s Real=0.04s
[314.283s][info][gc,start       ] GC(787) Pause Young (Allocation Failure)
[314.284s][info][gc,heap        ] GC(787) PSYoungGen: 78336K(79872K)->1536K(79872K) Eden: 78336K(78336K)->0K(78336K) From: 0K(1536K)->1536K(1536K)
[314.284s][info][gc,heap        ] GC(787) ParOldGen: 4078K(1398272K)->4094K(1398272K)
[314.284s][info][gc,metaspace   ] GC(787) Metaspace: 9966K(10304K)->9966K(10304K) NonClass: 8666K(8896K)->8666K(8896K) Class: 1300K(1408K)->1300K(1408K)
[314.284s][info][gc             ] GC(787) Pause Young (Allocation Failure) 80M->5M(1443M) 1.331ms
[314.284s][info][gc,cpu         ] GC(787) User=0.00s Sys=0.00s Real=0.00s
[314.576s][info][gc,start       ] GC(788) Pause Young (Allocation Failure)
[314.577s][info][gc,heap        ] GC(788) PSYoungGen: 79872K(79872K)->512K(78848K) Eden: 78336K(78336K)->0K(78336K) From: 1536K(1536K)->512K(512K)
[314.577s][info][gc,heap        ] GC(788) ParOldGen: 4094K(1398272K)->4958K(1398272K)
[314.578s][info][gc,metaspace   ] GC(788) Metaspace: 9966K(10304K)->9966K(10304K) NonClass: 8666K(8896K)->8666K(8896K) Class: 1300K(1408K)->1300K(1408K)
[314.578s][info][gc             ] GC(788) Pause Young (Allocation Failure) 81M->5M(1442M) 1.167ms
[314.578s][info][gc,cpu         ] GC(788) User=0.00s Sys=0.00s Real=0.00s
[314.870s][info][gc,start       ] GC(789) Pause Young (Allocation Failure)
[314.871s][info][gc,heap        ] GC(789) PSYoungGen: 78848K(78848K)->1120K(80384K) Eden: 78336K(78336K)->0K(78336K) From: 512K(512K)->1120K(2048K)
[314.871s][info][gc,heap        ] GC(789) ParOldGen: 4958K(1398272K)->5502K(1398272K)
[314.871s][info][gc,metaspace   ] GC(789) Metaspace: 9966K(10304K)->9966K(10304K) NonClass: 8666K(8896K)->8666K(8896K) Class: 1300K(1408K)->1300K(1408K)
[314.871s][info][gc             ] GC(789) Pause Young (Allocation Failure) 81M->6M(1444M) 1.136ms
[314.871s][info][gc,cpu         ] GC(789) User=0.00s Sys=0.00s Real=0.00s
[315.160s][info][gc,start       ] GC(790) Pause Young (Allocation Failure)
[315.161s][info][gc,heap        ] GC(790) PSYoungGen: 79456K(80384K)->1120K(79872K) Eden: 78336K(78336K)->0K(78336K) From: 1120K(2048K)->1120K(1536K)
[315.161s][info][gc,heap        ] GC(790) ParOldGen: 5502K(1398272K)->5638K(1398272K)
[315.161s][info][gc,metaspace   ] GC(790) Metaspace: 9966K(10304K)->9966K(10304K) NonClass: 8666K(8896K)->8666K(8896K) Class: 1300K(1408K)->1300K(1408K)
[315.161s][info][gc             ] GC(790) Pause Young (Allocation Failure) 82M->6M(1443M) 0.952ms
[315.161s][info][gc,cpu         ] GC(790) User=0.00s Sys=0.00s Real=0.00s
[315.457s][info][gc,start       ] GC(791) Pause Young (Allocation Failure)
[315.458s][info][gc,heap        ] GC(791) PSYoungGen: 79456K(79872K)->992K(79360K) Eden: 78336K(78336K)->0K(78336K) From: 1120K(1536K)->992K(1024K)
[315.458s][info][gc,heap        ] GC(791) ParOldGen: 5638K(1398272K)->6166K(1398272K)
[315.458s][info][gc,metaspace   ] GC(791) Metaspace: 9966K(10304K)->9966K(10304K) NonClass: 8666K(8896K)->8666K(8896K) Class: 1300K(1408K)->1300K(1408K)
[315.458s][info][gc             ] GC(791) Pause Young (Allocation Failure) 83M->6M(1443M) 1.277ms
[315.458s][info][gc,cpu         ] GC(791) User=0.00s Sys=0.00s Real=0.00s
[315.737s][info][gc,start       ] GC(792) Pause Young (Allocation Failure)
[315.737s][info][gc,heap        ] GC(792) PSYoungGen: 79328K(79360K)->1024K(79360K) Eden: 78336K(78336K)->0K(78336K) From: 992K(1024K)->1024K(1024K)
[315.737s][info][gc,heap        ] GC(792) ParOldGen: 6166K(1398272K)->6190K(1398272K)
[315.738s][info][gc,metaspace   ] GC(792) Metaspace: 9966K(10304K)->9966K(10304K) NonClass: 8666K(8896K)->8666K(8896K) Class: 1300K(1408K)->1300K(1408K)
[315.738s][info][gc             ] GC(792) Pause Young (Allocation Failure) 83M->7M(1443M) 0.911ms
[315.738s][info][gc,cpu         ] GC(792) User=0.00s Sys=0.00s Real=0.00s
[316.007s][info][gc,start       ] GC(793) Pause Young (Allocation Failure)
[316.008s][info][gc,heap        ] GC(793) PSYoungGen: 79360K(79360K)->1120K(79872K) Eden: 78336K(78336K)->0K(78336K) From: 1024K(1024K)->1120K(1536K)
[316.008s][info][gc,heap        ] GC(793) ParOldGen: 6190K(1398272K)->6230K(1398272K)
[316.008s][info][gc,metaspace   ] GC(793) Metaspace: 9966K(10304K)->9966K(10304K) NonClass: 8666K(8896K)->8666K(8896K) Class: 1300K(1408K)->1300K(1408K)
[316.008s][info][gc             ] GC(793) Pause Young (Allocation Failure) 83M->7M(1443M) 1.157ms
[316.008s][info][gc,cpu         ] GC(793) User=0.00s Sys=0.00s Real=0.00s
[316.278s][info][gc,start       ] GC(794) Pause Young (Allocation Failure)
[316.279s][info][gc,heap        ] GC(794) PSYoungGen: 79456K(79872K)->1024K(79360K) Eden: 78336K(78336K)->0K(78336K) From: 1120K(1536K)->1024K(1024K)
[316.279s][info][gc,heap        ] GC(794) ParOldGen: 6230K(1398272K)->6582K(1398272K)
[316.279s][info][gc,metaspace   ] GC(794) Metaspace: 9966K(10304K)->9966K(10304K) NonClass: 8666K(8896K)->8666K(8896K) Class: 1300K(1408K)->1300K(1408K)
[316.279s][info][gc             ] GC(794) Pause Young (Allocation Failure) 83M->7M(1443M) 1.035ms
[316.279s][info][gc,cpu         ] GC(794) User=0.00s Sys=0.00s Real=0.00s
[316.581s][info][gc,start       ] GC(795) Pause Young (Allocation Failure)
[316.582s][info][gc,heap        ] GC(795) PSYoungGen: 79360K(79360K)->1056K(79872K) Eden: 78336K(78336K)->0K(78336K) From: 1024K(1024K)->1056K(1536K)
[316.582s][info][gc,heap        ] GC(795) ParOldGen: 6582K(1398272K)->6950K(1398272K)
[316.582s][info][gc,metaspace   ] GC(795) Metaspace: 9966K(10304K)->9966K(10304K) NonClass: 8666K(8896K)->8666K(8896K) Class: 1300K(1408K)->1300K(1408K)
[316.582s][info][gc             ] GC(795) Pause Young (Allocation Failure) 83M->7M(1443M) 1.105ms
[316.583s][info][gc,cpu         ] GC(795) User=0.00s Sys=0.00s Real=0.00s
[316.873s][info][gc,start       ] GC(796) Pause Young (Allocation Failure)
[316.874s][info][gc,heap        ] GC(796) PSYoungGen: 79392K(79872K)->1024K(79360K) Eden: 78336K(78336K)->0K(78336K) From: 1056K(1536K)->1024K(1024K)
[316.874s][info][gc,heap        ] GC(796) ParOldGen: 6950K(1398272K)->6958K(1398272K)
[316.874s][info][gc,metaspace   ] GC(796) Metaspace: 9966K(10304K)->9966K(10304K) NonClass: 8666K(8896K)->8666K(8896K) Class: 1300K(1408K)->1300K(1408K)
[316.874s][info][gc             ] GC(796) Pause Young (Allocation Failure) 84M->7M(1443M) 0.977ms
[316.875s][info][gc,cpu         ] GC(796) User=0.00s Sys=0.00s Real=0.00s
[317.158s][info][gc,start       ] GC(797) Pause Young (Allocation Failure)
[317.159s][info][gc,heap        ] GC(797) PSYoungGen: 79360K(79360K)->1056K(79872K) Eden: 78336K(78336K)->0K(78336K) From: 1024K(1024K)->1056K(1536K)
[317.159s][info][gc,heap        ] GC(797) ParOldGen: 6958K(1398272K)->7038K(1398272K)
[317.159s][info][gc,metaspace   ] GC(797) Metaspace: 9966K(10304K)->9966K(10304K) NonClass: 8666K(8896K)->8666K(8896K) Class: 1300K(1408K)->1300K(1408K)
[317.159s][info][gc             ] GC(797) Pause Young (Allocation Failure) 84M->7M(1443M) 1.056ms
[317.159s][info][gc,cpu         ] GC(797) User=0.00s Sys=0.00s Real=0.00s
[317.449s][info][gc,start       ] GC(798) Pause Young (Allocation Failure)
[317.449s][info][gc,heap        ] GC(798) PSYoungGen: 79392K(79872K)->1024K(79360K) Eden: 78336K(78336K)->0K(78336K) From: 1056K(1536K)->1024K(1024K)
[317.450s][info][gc,heap        ] GC(798) ParOldGen: 7038K(1398272K)->7126K(1398272K)
[317.450s][info][gc,metaspace   ] GC(798) Metaspace: 9966K(10304K)->9966K(10304K) NonClass: 8666K(8896K)->8666K(8896K) Class: 1300K(1408K)->1300K(1408K)
[317.450s][info][gc             ] GC(798) Pause Young (Allocation Failure) 84M->7M(1443M) 0.943ms
[317.450s][info][gc,cpu         ] GC(798) User=0.00s Sys=0.00s Real=0.00s
[317.741s][info][gc,start       ] GC(799) Pause Young (Allocation Failure)
[317.742s][info][gc,heap        ] GC(799) PSYoungGen: 79360K(79360K)->1056K(79872K) Eden: 78336K(78336K)->0K(78336K) From: 1024K(1024K)->1056K(1536K)
[317.742s][info][gc,heap        ] GC(799) ParOldGen: 7126K(1398272K)->7190K(1398272K)
[317.742s][info][gc,metaspace   ] GC(799) Metaspace: 9966K(10304K)->9966K(10304K) NonClass: 8666K(8896K)->8666K(8896K) Class: 1300K(1408K)->1300K(1408K)
[317.742s][info][gc             ] GC(799) Pause Young (Allocation Failure) 84M->8M(1443M) 1.073ms
[317.742s][info][gc,cpu         ] GC(799) User=0.00s Sys=0.00s Real=0.00s
[318.028s][info][gc,start       ] GC(800) Pause Young (Allocation Failure)
[318.029s][info][gc,heap        ] GC(800) PSYoungGen: 79392K(79872K)->1024K(79360K) Eden: 78336K(78336K)->0K(78336K) From: 1056K(1536K)->1024K(1024K)
[318.029s][info][gc,heap        ] GC(800) ParOldGen: 7190K(1398272K)->7310K(1398272K)
[318.029s][info][gc,metaspace   ] GC(800) Metaspace: 9966K(10304K)->9966K(10304K) NonClass: 8666K(8896K)->8666K(8896K) Class: 1300K(1408K)->1300K(1408K)
[318.030s][info][gc             ] GC(800) Pause Young (Allocation Failure) 84M->8M(1443M) 1.023ms
[318.030s][info][gc,cpu         ] GC(800) User=0.00s Sys=0.00s Real=0.00s
[318.317s][info][gc,start       ] GC(801) Pause Young (Allocation Failure)
[318.318s][info][gc,heap        ] GC(801) PSYoungGen: 79360K(79360K)->1024K(79360K) Eden: 78336K(78336K)->0K(78336K) From: 1024K(1024K)->1024K(1024K)
[318.318s][info][gc,heap        ] GC(801) ParOldGen: 7310K(1398272K)->7646K(1398272K)
[318.318s][info][gc,metaspace   ] GC(801) Metaspace: 9966K(10304K)->9966K(10304K) NonClass: 8666K(8896K)->8666K(8896K) Class: 1300K(1408K)->1300K(1408K)
[318.318s][info][gc             ] GC(801) Pause Young (Allocation Failure) 84M->8M(1443M) 1.141ms
[318.318s][info][gc,cpu         ] GC(801) User=0.00s Sys=0.00s Real=0.00s
[318.612s][info][gc,start       ] GC(802) Pause Young (Allocation Failure)
[318.612s][info][gc,heap        ] GC(802) PSYoungGen: 79360K(79360K)->1056K(79872K) Eden: 78336K(78336K)->0K(78336K) From: 1024K(1024K)->1056K(1536K)
[318.613s][info][gc,heap        ] GC(802) ParOldGen: 7646K(1398272K)->7646K(1398272K)
[318.613s][info][gc,metaspace   ] GC(802) Metaspace: 9966K(10304K)->9966K(10304K) NonClass: 8666K(8896K)->8666K(8896K) Class: 1300K(1408K)->1300K(1408K)
[318.613s][info][gc             ] GC(802) Pause Young (Allocation Failure) 84M->8M(1443M) 0.920ms
[318.613s][info][gc,cpu         ] GC(802) User=0.00s Sys=0.00s Real=0.00s
[318.916s][info][gc,start       ] GC(803) Pause Young (Allocation Failure)
[318.917s][info][gc,heap        ] GC(803) PSYoungGen: 79392K(79872K)->1088K(79872K) Eden: 78336K(78336K)->0K(78336K) From: 1056K(1536K)->1088K(1536K)
[318.917s][info][gc,heap        ] GC(803) ParOldGen: 7646K(1398272K)->7646K(1398272K)
[318.917s][info][gc,metaspace   ] GC(803) Metaspace: 9966K(10304K)->9966K(10304K) NonClass: 8666K(8896K)->8666K(8896K) Class: 1300K(1408K)->1300K(1408K)
[318.917s][info][gc             ] GC(803) Pause Young (Allocation Failure) 84M->8M(1443M) 1.228ms
[318.917s][info][gc,cpu         ] GC(803) User=0.00s Sys=0.00s Real=0.00s
[319.211s][info][gc,start       ] GC(804) Pause Young (Allocation Failure)
[319.212s][info][gc,heap        ] GC(804) PSYoungGen: 79424K(79872K)->512K(78848K) Eden: 78336K(78336K)->0K(78336K) From: 1088K(1536K)->512K(512K)
[319.212s][info][gc,heap        ] GC(804) ParOldGen: 7646K(1398272K)->7886K(1398272K)
[319.212s][info][gc,metaspace   ] GC(804) Metaspace: 9966K(10304K)->9966K(10304K) NonClass: 8666K(8896K)->8666K(8896K) Class: 1300K(1408K)->1300K(1408K)
[319.212s][info][gc             ] GC(804) Pause Young (Allocation Failure) 85M->8M(1442M) 0.993ms
[319.212s][info][gc,cpu         ] GC(804) User=0.00s Sys=0.00s Real=0.00s
[319.507s][info][gc,start       ] GC(805) Pause Young (Allocation Failure)
[319.508s][info][gc,heap        ] GC(805) PSYoungGen: 78848K(78848K)->1056K(79872K) Eden: 78336K(78336K)->0K(78336K) From: 512K(512K)->1056K(1536K)
[319.508s][info][gc,heap        ] GC(805) ParOldGen: 7886K(1398272K)->8222K(1398272K)
[319.509s][info][gc,metaspace   ] GC(805) Metaspace: 9966K(10304K)->9966K(10304K) NonClass: 8666K(8896K)->8666K(8896K) Class: 1300K(1408K)->1300K(1408K)
[319.509s][info][gc             ] GC(805) Pause Young (Allocation Failure) 84M->9M(1443M) 1.524ms
[319.509s][info][gc,cpu         ] GC(805) User=0.00s Sys=0.00s Real=0.00s
[319.803s][info][gc,start       ] GC(806) Pause Young (Allocation Failure)
[319.804s][info][gc,heap        ] GC(806) PSYoungGen: 79392K(79872K)->1152K(79872K) Eden: 78336K(78336K)->0K(78336K) From: 1056K(1536K)->1152K(1536K)
[319.804s][info][gc,heap        ] GC(806) ParOldGen: 8222K(1398272K)->8598K(1398272K)
[319.804s][info][gc,metaspace   ] GC(806) Metaspace: 9966K(10304K)->9966K(10304K) NonClass: 8666K(8896K)->8666K(8896K) Class: 1300K(1408K)->1300K(1408K)
[319.804s][info][gc             ] GC(806) Pause Young (Allocation Failure) 85M->9M(1443M) 1.007ms
[319.804s][info][gc,cpu         ] GC(806) User=0.02s Sys=0.00s Real=0.00s
[320.109s][info][gc,start       ] GC(807) Pause Young (System.gc())
[320.110s][info][gc,heap        ] GC(807) PSYoungGen: 76465K(79872K)->1056K(79872K) Eden: 75313K(78336K)->0K(78336K) From: 1152K(1536K)->1056K(1536K)
[320.110s][info][gc,heap        ] GC(807) ParOldGen: 8598K(1398272K)->8598K(1398272K)
[320.110s][info][gc,metaspace   ] GC(807) Metaspace: 9966K(10304K)->9966K(10304K) NonClass: 8666K(8896K)->8666K(8896K) Class: 1300K(1408K)->1300K(1408K)
[320.110s][info][gc             ] GC(807) Pause Young (System.gc()) 83M->9M(1443M) 1.223ms
[320.110s][info][gc,cpu         ] GC(807) User=0.00s Sys=0.00s Real=0.00s
[320.110s][info][gc,start       ] GC(808) Pause Full (System.gc())
[320.110s][info][gc,phases,start] GC(808) Marking Phase
[320.123s][info][gc,phases      ] GC(808) Marking Phase 12.916ms
[320.123s][info][gc,phases,start] GC(808) Summary Phase
[320.123s][info][gc,phases      ] GC(808) Summary Phase 0.013ms
[320.123s][info][gc,phases,start] GC(808) Adjust Roots
[320.125s][info][gc,phases      ] GC(808) Adjust Roots 1.817ms
[320.125s][info][gc,phases,start] GC(808) Compaction Phase
[320.129s][info][gc,phases      ] GC(808) Compaction Phase 4.212ms
[320.129s][info][gc,phases,start] GC(808) Post Compact
[320.130s][info][gc,phases      ] GC(808) Post Compact 0.471ms
[320.130s][info][gc,heap        ] GC(808) PSYoungGen: 1056K(79872K)->0K(79872K) Eden: 0K(78336K)->0K(78336K) From: 1056K(1536K)->0K(1536K)
[320.130s][info][gc,heap        ] GC(808) ParOldGen: 8598K(1398272K)->4078K(1398272K)
[320.130s][info][gc,metaspace   ] GC(808) Metaspace: 9966K(10304K)->9966K(10304K) NonClass: 8666K(8896K)->8666K(8896K) Class: 1300K(1408K)->1300K(1408K)
[320.130s][info][gc             ] GC(808) Pause Full (System.gc()) 9M->3M(1443M) 19.683ms
[320.130s][info][gc,cpu         ] GC(808) User=0.48s Sys=0.00s Real=0.02s
[320.431s][info][gc,start       ] GC(809) Pause Young (Allocation Failure)
[320.432s][info][gc,heap        ] GC(809) PSYoungGen: 78336K(79872K)->512K(78848K) Eden: 78336K(78336K)->0K(78336K) From: 0K(1536K)->512K(512K)
[320.432s][info][gc,heap        ] GC(809) ParOldGen: 4078K(1398272K)->4958K(1398272K)
[320.433s][info][gc,metaspace   ] GC(809) Metaspace: 9966K(10304K)->9966K(10304K) NonClass: 8666K(8896K)->8666K(8896K) Class: 1300K(1408K)->1300K(1408K)
[320.433s][info][gc             ] GC(809) Pause Young (Allocation Failure) 80M->5M(1442M) 1.104ms
[320.433s][info][gc,cpu         ] GC(809) User=0.00s Sys=0.00s Real=0.00s
[320.726s][info][gc,start       ] GC(810) Pause Young (Allocation Failure)
[320.728s][info][gc,heap        ] GC(810) PSYoungGen: 78848K(78848K)->1536K(79872K) Eden: 78336K(78336K)->0K(78336K) From: 512K(512K)->1536K(1536K)
[320.728s][info][gc,heap        ] GC(810) ParOldGen: 4958K(1398272K)->5606K(1398272K)
[320.728s][info][gc,metaspace   ] GC(810) Metaspace: 9966K(10304K)->9966K(10304K) NonClass: 8666K(8896K)->8666K(8896K) Class: 1300K(1408K)->1300K(1408K)
[320.728s][info][gc             ] GC(810) Pause Young (Allocation Failure) 81M->6M(1443M) 1.567ms
[320.728s][info][gc,cpu         ] GC(810) User=0.00s Sys=0.00s Real=0.00s
[321.012s][info][gc,start       ] GC(811) Pause Young (Allocation Failure)
[321.013s][info][gc,heap        ] GC(811) PSYoungGen: 79872K(79872K)->1376K(79872K) Eden: 78336K(78336K)->0K(78336K) From: 1536K(1536K)->1376K(1536K)
[321.013s][info][gc,heap        ] GC(811) ParOldGen: 5606K(1398272K)->6206K(1398272K)
[321.013s][info][gc,metaspace   ] GC(811) Metaspace: 9966K(10304K)->9966K(10304K) NonClass: 8666K(8896K)->8666K(8896K) Class: 1300K(1408K)->1300K(1408K)
[321.013s][info][gc             ] GC(811) Pause Young (Allocation Failure) 83M->7M(1443M) 1.118ms
[321.013s][info][gc,cpu         ] GC(811) User=0.00s Sys=0.00s Real=0.00s
[321.292s][info][gc,start       ] GC(812) Pause Young (Allocation Failure)
[321.293s][info][gc,heap        ] GC(812) PSYoungGen: 79712K(79872K)->1152K(79872K) Eden: 78336K(78336K)->0K(78336K) From: 1376K(1536K)->1152K(1536K)
[321.293s][info][gc,heap        ] GC(812) ParOldGen: 6206K(1398272K)->6502K(1398272K)
[321.293s][info][gc,metaspace   ] GC(812) Metaspace: 9966K(10304K)->9966K(10304K) NonClass: 8666K(8896K)->8666K(8896K) Class: 1300K(1408K)->1300K(1408K)
[321.293s][info][gc             ] GC(812) Pause Young (Allocation Failure) 83M->7M(1443M) 1.140ms
[321.293s][info][gc,cpu         ] GC(812) User=0.00s Sys=0.00s Real=0.00s
[321.575s][info][gc,start       ] GC(813) Pause Young (Allocation Failure)
[321.576s][info][gc,heap        ] GC(813) PSYoungGen: 79488K(79872K)->1056K(79872K) Eden: 78336K(78336K)->0K(78336K) From: 1152K(1536K)->1056K(1536K)
[321.576s][info][gc,heap        ] GC(813) ParOldGen: 6502K(1398272K)->6990K(1398272K)
[321.576s][info][gc,metaspace   ] GC(813) Metaspace: 9966K(10304K)->9966K(10304K) NonClass: 8666K(8896K)->8666K(8896K) Class: 1300K(1408K)->1300K(1408K)
[321.576s][info][gc             ] GC(813) Pause Young (Allocation Failure) 83M->7M(1443M) 1.062ms
[321.576s][info][gc,cpu         ] GC(813) User=0.00s Sys=0.00s Real=0.00s
[321.868s][info][gc,start       ] GC(814) Pause Young (Allocation Failure)
[321.870s][info][gc,heap        ] GC(814) PSYoungGen: 79392K(79872K)->1056K(79872K) Eden: 78336K(78336K)->0K(78336K) From: 1056K(1536K)->1056K(1536K)
[321.870s][info][gc,heap        ] GC(814) ParOldGen: 6990K(1398272K)->6990K(1398272K)
[321.870s][info][gc,metaspace   ] GC(814) Metaspace: 9966K(10304K)->9966K(10304K) NonClass: 8666K(8896K)->8666K(8896K) Class: 1300K(1408K)->1300K(1408K)
[321.870s][info][gc             ] GC(814) Pause Young (Allocation Failure) 84M->7M(1443M) 1.281ms
[321.870s][info][gc,cpu         ] GC(814) User=0.00s Sys=0.00s Real=0.00s
[322.156s][info][gc,start       ] GC(815) Pause Young (Allocation Failure)
[322.157s][info][gc,heap        ] GC(815) PSYoungGen: 79392K(79872K)->1088K(79872K) Eden: 78336K(78336K)->0K(78336K) From: 1056K(1536K)->1088K(1536K)
[322.157s][info][gc,heap        ] GC(815) ParOldGen: 6990K(1398272K)->7310K(1398272K)
[322.157s][info][gc,metaspace   ] GC(815) Metaspace: 9966K(10304K)->9966K(10304K) NonClass: 8666K(8896K)->8666K(8896K) Class: 1300K(1408K)->1300K(1408K)
[322.157s][info][gc             ] GC(815) Pause Young (Allocation Failure) 84M->8M(1443M) 1.029ms
[322.157s][info][gc,cpu         ] GC(815) User=0.00s Sys=0.00s Real=0.00s
[322.445s][info][gc,start       ] GC(816) Pause Young (Allocation Failure)
[322.446s][info][gc,heap        ] GC(816) PSYoungGen: 79424K(79872K)->1088K(79872K) Eden: 78336K(78336K)->0K(78336K) From: 1088K(1536K)->1088K(1536K)
[322.446s][info][gc,heap        ] GC(816) ParOldGen: 7310K(1398272K)->7334K(1398272K)
[322.446s][info][gc,metaspace   ] GC(816) Metaspace: 9966K(10304K)->9966K(10304K) NonClass: 8666K(8896K)->8666K(8896K) Class: 1300K(1408K)->1300K(1408K)
[322.446s][info][gc             ] GC(816) Pause Young (Allocation Failure) 84M->8M(1443M) 1.080ms
[322.446s][info][gc,cpu         ] GC(816) User=0.00s Sys=0.00s Real=0.00s
[322.756s][info][gc,start       ] GC(817) Pause Young (Allocation Failure)
[322.757s][info][gc,heap        ] GC(817) PSYoungGen: 79424K(79872K)->1120K(79872K) Eden: 78336K(78336K)->0K(78336K) From: 1088K(1536K)->1120K(1536K)
[322.757s][info][gc,heap        ] GC(817) ParOldGen: 7334K(1398272K)->7742K(1398272K)
[322.757s][info][gc,metaspace   ] GC(817) Metaspace: 9966K(10304K)->9966K(10304K) NonClass: 8666K(8896K)->8666K(8896K) Class: 1300K(1408K)->1300K(1408K)
[322.757s][info][gc             ] GC(817) Pause Young (Allocation Failure) 84M->8M(1443M) 1.013ms
[322.757s][info][gc,cpu         ] GC(817) User=0.00s Sys=0.00s Real=0.00s
[323.055s][info][gc,start       ] GC(818) Pause Young (Allocation Failure)
[323.056s][info][gc,heap        ] GC(818) PSYoungGen: 79456K(79872K)->1056K(79872K) Eden: 78336K(78336K)->0K(78336K) From: 1120K(1536K)->1056K(1536K)
[323.056s][info][gc,heap        ] GC(818) ParOldGen: 7742K(1398272K)->8094K(1398272K)
[323.056s][info][gc,metaspace   ] GC(818) Metaspace: 9966K(10304K)->9966K(10304K) NonClass: 8666K(8896K)->8666K(8896K) Class: 1300K(1408K)->1300K(1408K)
[323.056s][info][gc             ] GC(818) Pause Young (Allocation Failure) 85M->8M(1443M) 1.222ms
[323.056s][info][gc,cpu         ] GC(818) User=0.00s Sys=0.00s Real=0.00s
[323.352s][info][gc,start       ] GC(819) Pause Young (Allocation Failure)
[323.353s][info][gc,heap        ] GC(819) PSYoungGen: 79392K(79872K)->1056K(79872K) Eden: 78336K(78336K)->0K(78336K) From: 1056K(1536K)->1056K(1536K)
[323.353s][info][gc,heap        ] GC(819) ParOldGen: 8094K(1398272K)->8094K(1398272K)
[323.353s][info][gc,metaspace   ] GC(819) Metaspace: 9966K(10304K)->9966K(10304K) NonClass: 8666K(8896K)->8666K(8896K) Class: 1300K(1408K)->1300K(1408K)
[323.353s][info][gc             ] GC(819) Pause Young (Allocation Failure) 85M->8M(1443M) 0.977ms
[323.353s][info][gc,cpu         ] GC(819) User=0.00s Sys=0.00s Real=0.00s
[323.651s][info][gc,start       ] GC(820) Pause Young (Allocation Failure)
[323.652s][info][gc,heap        ] GC(820) PSYoungGen: 79392K(79872K)->1056K(79872K) Eden: 78336K(78336K)->0K(78336K) From: 1056K(1536K)->1056K(1536K)
[323.652s][info][gc,heap        ] GC(820) ParOldGen: 8094K(1398272K)->8094K(1398272K)
[323.652s][info][gc,metaspace   ] GC(820) Metaspace: 9966K(10304K)->9966K(10304K) NonClass: 8666K(8896K)->8666K(8896K) Class: 1300K(1408K)->1300K(1408K)
[323.652s][info][gc             ] GC(820) Pause Young (Allocation Failure) 85M->8M(1443M) 1.266ms
[323.652s][info][gc,cpu         ] GC(820) User=0.00s Sys=0.00s Real=0.00s
[323.943s][info][gc,start       ] GC(821) Pause Young (Allocation Failure)
[323.944s][info][gc,heap        ] GC(821) PSYoungGen: 79392K(79872K)->512K(78848K) Eden: 78336K(78336K)->0K(78336K) From: 1056K(1536K)->512K(512K)
[323.944s][info][gc,heap        ] GC(821) ParOldGen: 8094K(1398272K)->8358K(1398272K)
[323.944s][info][gc,metaspace   ] GC(821) Metaspace: 9966K(10304K)->9966K(10304K) NonClass: 8666K(8896K)->8666K(8896K) Class: 1300K(1408K)->1300K(1408K)
[323.944s][info][gc             ] GC(821) Pause Young (Allocation Failure) 85M->8M(1442M) 0.961ms
[323.944s][info][gc,cpu         ] GC(821) User=0.00s Sys=0.00s Real=0.00s
[324.242s][info][gc,start       ] GC(822) Pause Young (Allocation Failure)
[324.244s][info][gc,heap        ] GC(822) PSYoungGen: 78848K(78848K)->1024K(79872K) Eden: 78336K(78336K)->0K(78336K) From: 512K(512K)->1024K(1536K)
[324.244s][info][gc,heap        ] GC(822) ParOldGen: 8358K(1398272K)->8694K(1398272K)
[324.244s][info][gc,metaspace   ] GC(822) Metaspace: 9966K(10304K)->9966K(10304K) NonClass: 8666K(8896K)->8666K(8896K) Class: 1300K(1408K)->1300K(1408K)
[324.244s][info][gc             ] GC(822) Pause Young (Allocation Failure) 85M->9M(1443M) 2.043ms
[324.244s][info][gc,cpu         ] GC(822) User=0.00s Sys=0.00s Real=0.00s
[324.538s][info][gc,start       ] GC(823) Pause Young (Allocation Failure)
[324.539s][info][gc,heap        ] GC(823) PSYoungGen: 79360K(79872K)->1056K(79872K) Eden: 78336K(78336K)->0K(78336K) From: 1024K(1536K)->1056K(1536K)
[324.539s][info][gc,heap        ] GC(823) ParOldGen: 8694K(1398272K)->8750K(1398272K)
[324.539s][info][gc,metaspace   ] GC(823) Metaspace: 9966K(10304K)->9966K(10304K) NonClass: 8666K(8896K)->8666K(8896K) Class: 1300K(1408K)->1300K(1408K)
[324.539s][info][gc             ] GC(823) Pause Young (Allocation Failure) 85M->9M(1443M) 0.960ms
[324.539s][info][gc,cpu         ] GC(823) User=0.00s Sys=0.00s Real=0.00s
[324.842s][info][gc,start       ] GC(824) Pause Young (Allocation Failure)
[324.843s][info][gc,heap        ] GC(824) PSYoungGen: 79392K(79872K)->1056K(79872K) Eden: 78336K(78336K)->0K(78336K) From: 1056K(1536K)->1056K(1536K)
[324.843s][info][gc,heap        ] GC(824) ParOldGen: 8750K(1398272K)->8750K(1398272K)
[324.844s][info][gc,metaspace   ] GC(824) Metaspace: 9966K(10304K)->9966K(10304K) NonClass: 8666K(8896K)->8666K(8896K) Class: 1300K(1408K)->1300K(1408K)
[324.844s][info][gc             ] GC(824) Pause Young (Allocation Failure) 86M->9M(1443M) 1.246ms
[324.844s][info][gc,cpu         ] GC(824) User=0.00s Sys=0.00s Real=0.00s
[325.139s][info][gc,start       ] GC(825) Pause Young (Allocation Failure)
[325.140s][info][gc,heap        ] GC(825) PSYoungGen: 79392K(79872K)->512K(78848K) Eden: 78336K(78336K)->0K(78336K) From: 1056K(1536K)->512K(512K)
[325.140s][info][gc,heap        ] GC(825) ParOldGen: 8750K(1398272K)->9006K(1398272K)
[325.140s][info][gc,metaspace   ] GC(825) Metaspace: 9966K(10304K)->9966K(10304K) NonClass: 8666K(8896K)->8666K(8896K) Class: 1300K(1408K)->1300K(1408K)
[325.140s][info][gc             ] GC(825) Pause Young (Allocation Failure) 86M->9M(1442M) 0.921ms
[325.140s][info][gc,cpu         ] GC(825) User=0.00s Sys=0.00s Real=0.00s
[325.428s][info][gc,start       ] GC(826) Pause Young (Allocation Failure)
[325.429s][info][gc,heap        ] GC(826) PSYoungGen: 78848K(78848K)->1024K(79872K) Eden: 78336K(78336K)->0K(78336K) From: 512K(512K)->1024K(1536K)
[325.429s][info][gc,heap        ] GC(826) ParOldGen: 9006K(1398272K)->9350K(1398272K)
[325.429s][info][gc,metaspace   ] GC(826) Metaspace: 9966K(10304K)->9966K(10304K) NonClass: 8666K(8896K)->8666K(8896K) Class: 1300K(1408K)->1300K(1408K)
[325.429s][info][gc             ] GC(826) Pause Young (Allocation Failure) 85M->10M(1443M) 1.419ms
[325.429s][info][gc,cpu         ] GC(826) User=0.52s Sys=0.00s Real=0.00s
[325.714s][info][gc,start       ] GC(827) Pause Young (Allocation Failure)
[325.714s][info][gc,heap        ] GC(827) PSYoungGen: 79360K(79872K)->1152K(79872K) Eden: 78336K(78336K)->0K(78336K) From: 1024K(1536K)->1152K(1536K)
[325.714s][info][gc,heap        ] GC(827) ParOldGen: 9350K(1398272K)->9566K(1398272K)
[325.714s][info][gc,metaspace   ] GC(827) Metaspace: 9966K(10304K)->9966K(10304K) NonClass: 8666K(8896K)->8666K(8896K) Class: 1300K(1408K)->1300K(1408K)
[325.715s][info][gc             ] GC(827) Pause Young (Allocation Failure) 86M->10M(1443M) 1.002ms
[325.715s][info][gc,cpu         ] GC(827) User=0.00s Sys=0.00s Real=0.00s
[326.012s][info][gc,start       ] GC(828) Pause Young (Allocation Failure)
[326.014s][info][gc,heap        ] GC(828) PSYoungGen: 79488K(79872K)->1120K(79872K) Eden: 78336K(78336K)->0K(78336K) From: 1152K(1536K)->1120K(1536K)
[326.014s][info][gc,heap        ] GC(828) ParOldGen: 9566K(1398272K)->9934K(1398272K)
[326.014s][info][gc,metaspace   ] GC(828) Metaspace: 9966K(10304K)->9966K(10304K) NonClass: 8666K(8896K)->8666K(8896K) Class: 1300K(1408K)->1300K(1408K)
[326.014s][info][gc             ] GC(828) Pause Young (Allocation Failure) 86M->10M(1443M) 1.204ms
[326.014s][info][gc,cpu         ] GC(828) User=0.00s Sys=0.00s Real=0.00s
[326.304s][info][gc,heap,exit   ] Heap
[326.304s][info][gc,heap,exit   ]  PSYoungGen      total 79872K, used 70847K [0x0000000580100000, 0x0000000590800000, 0x0000000800000000)
[326.304s][info][gc,heap,exit   ]   eden space 78336K, 89% used [0x0000000580100000,0x0000000584517c88,0x0000000584d80000)
[326.304s][info][gc,heap,exit   ]   from space 1536K, 72% used [0x0000000590600000,0x0000000590718000,0x0000000590780000)
[326.304s][info][gc,heap,exit   ]   to   space 512K, 0% used [0x0000000590780000,0x0000000590780000,0x0000000590800000)
[326.304s][info][gc,heap,exit   ]  ParOldGen       total 1398272K, used 9934K [0x0000000080200000, 0x00000000d5780000, 0x0000000580100000)
[326.304s][info][gc,heap,exit   ]   object space 1398272K, 0% used [0x0000000080200000,0x0000000080bb3b58,0x00000000d5780000)
[326.304s][info][gc,heap,exit   ]  Metaspace       used 10027K, committed 10368K, reserved 1114112K
[326.304s][info][gc,heap,exit   ]   class space    used 1309K, committed 1408K, reserved 1048576K
