[0.017s][info][gc,init] Initializing The Z Garbage Collector
[0.017s][info][gc,init] Version: 20+36-2344 (release)
[0.017s][info][gc,init] NUMA Support: Disabled
[0.017s][info][gc,init] CPUs: 48 total, 48 available
[0.017s][info][gc,init] Memory: 391843M
[0.017s][info][gc,init] Large Page Support: Disabled
[0.018s][info][gc,init] GC Workers: 12 (dynamic)
[0.019s][info][gc,init] Address Space Type: Contiguous/Unrestricted/Complete
[0.019s][info][gc,init] Address Space Size: 491488M x 3 = 1474464M
[0.019s][info][gc,init] Min Capacity: 8M
[0.019s][info][gc,init] Initial Capacity: 2048M
[0.039s][info][gc,init] Max Capacity: 30718M
[0.039s][info][gc,init] Medium Page Size: 32M
[0.039s][info][gc,init] Pre-touch: Disabled
[0.039s][info][gc,init] Uncommit: Enabled
[0.039s][info][gc,init] Uncommit Delay: 300s
[0.118s][info][gc,init] Runtime Workers: 29
[0.120s][info][gc     ] Using The Z Garbage Collector
[0.122s][info][gc,metaspace] CDS archive(s) mapped at: [0x0000000800000000-0x0000000800c60000-0x0000000800c60000), size 12976128, SharedBaseAddress: 0x0000000800000000, ArchiveRelocationMode: 0.
[0.122s][info][gc,metaspace] Compressed class space mapped at: 0x0000000801000000-0x0000000841000000, reserved size: 1073741824
[0.122s][info][gc,metaspace] Narrow klass base: 0x0000000800000000, Narrow klass shift: 0, Narrow klass range: 0x100000000
[1.064s][info][gc,start    ] GC(0) Garbage Collection (System.gc())
[1.064s][info][gc,task     ] GC(0) Using 12 workers
[1.064s][info][gc,phases   ] GC(0) Pause Mark Start 0.013ms
[1.074s][info][gc,phases   ] GC(0) Concurrent Mark 9.562ms
[1.074s][info][gc,phases   ] GC(0) Pause Mark End 0.033ms
[1.074s][info][gc,phases   ] GC(0) Concurrent Mark Free 0.001ms
[1.075s][info][gc,phases   ] GC(0) Concurrent Process Non-Strong References 0.970ms
[1.075s][info][gc,phases   ] GC(0) Concurrent Reset Relocation Set 0.001ms
[1.089s][info][gc,phases   ] GC(0) Concurrent Select Relocation Set 14.176ms
[1.090s][info][gc,phases   ] GC(0) Pause Relocate Start 0.012ms
[1.093s][info][gc,phases   ] GC(0) Concurrent Relocate 3.834ms
[1.093s][info][gc,load     ] GC(0) Load: 0.00/0.00/0.00
[1.094s][info][gc,mmu      ] GC(0) MMU: 2ms/98.3%, 5ms/99.3%, 10ms/99.5%, 20ms/99.8%, 50ms/99.9%, 100ms/99.9%
[1.094s][info][gc,marking  ] GC(0) Mark: 8 stripe(s), 2 proactive flush(es), 1 terminate flush(es), 0 completion(s), 0 continuation(s) 
[1.094s][info][gc,marking  ] GC(0) Mark Stack Usage: 32M
[1.094s][info][gc,nmethod  ] GC(0) NMethods: 1069 registered, 102 unregistered
[1.094s][info][gc,metaspace] GC(0) Metaspace: 8M used, 8M committed, 1088M reserved
[1.094s][info][gc,ref      ] GC(0) Soft: 166 encountered, 0 discovered, 0 enqueued
[1.094s][info][gc,ref      ] GC(0) Weak: 769 encountered, 448 discovered, 258 enqueued
[1.094s][info][gc,ref      ] GC(0) Final: 0 encountered, 0 discovered, 0 enqueued
[1.094s][info][gc,ref      ] GC(0) Phantom: 217 encountered, 206 discovered, 190 enqueued
[1.094s][info][gc,reloc    ] GC(0) Small Pages: 20 / 40M, Empty: 0M, Relocated: 3M, In-Place: 0
[1.094s][info][gc,reloc    ] GC(0) Medium Pages: 0 / 0M, Empty: 0M, Relocated: 0M, In-Place: 0
[1.094s][info][gc,reloc    ] GC(0) Large Pages: 0 / 0M, Empty: 0M, Relocated: 0M, In-Place: 0
[1.094s][info][gc,reloc    ] GC(0) Forwarding Usage: 1M
[1.094s][info][gc,heap     ] GC(0) Min Capacity: 8M(0%)
[1.094s][info][gc,heap     ] GC(0) Max Capacity: 30718M(100%)
[1.094s][info][gc,heap     ] GC(0) Soft Max Capacity: 30718M(100%)
[1.094s][info][gc,heap     ] GC(0)                Mark Start          Mark End        Relocate Start      Relocate End           High               Low         
[1.094s][info][gc,heap     ] GC(0)  Capacity:     2048M (7%)         2048M (7%)         2048M (7%)         2048M (7%)         2048M (7%)         2048M (7%)     
[1.094s][info][gc,heap     ] GC(0)      Free:    30678M (100%)      30678M (100%)      30674M (100%)      30688M (100%)      30688M (100%)      30658M (100%)   
[1.094s][info][gc,heap     ] GC(0)      Used:       40M (0%)           40M (0%)           44M (0%)           30M (0%)           60M (0%)           30M (0%)     
[1.094s][info][gc,heap     ] GC(0)      Live:         -                 4M (0%)            4M (0%)            4M (0%)             -                  -          
[1.094s][info][gc,heap     ] GC(0) Allocated:         -                 0M (0%)            4M (0%)            4M (0%)             -                  -          
[1.094s][info][gc,heap     ] GC(0)   Garbage:         -                35M (0%)           35M (0%)           21M (0%)             -                  -          
[1.094s][info][gc,heap     ] GC(0) Reclaimed:         -                  -                 0M (0%)           14M (0%)             -                  -          
[1.094s][info][gc          ] GC(0) Garbage Collection (System.gc()) 40M(0%)->30M(0%)
[8.822s][info][gc,start    ] GC(1) Garbage Collection (System.gc())
[8.822s][info][gc,task     ] GC(1) Using 12 workers
[8.822s][info][gc,phases   ] GC(1) Pause Mark Start 0.016ms
[8.835s][info][gc,phases   ] GC(1) Concurrent Mark 12.729ms
[8.835s][info][gc,phases   ] GC(1) Pause Mark End 0.023ms
[8.835s][info][gc,phases   ] GC(1) Concurrent Mark Free 0.002ms
[8.842s][info][gc,phases   ] GC(1) Concurrent Process Non-Strong References 6.554ms
[8.842s][info][gc,phases   ] GC(1) Concurrent Reset Relocation Set 0.003ms
[8.848s][info][gc,phases   ] GC(1) Concurrent Select Relocation Set 6.338ms
[8.848s][info][gc,phases   ] GC(1) Pause Relocate Start 0.008ms
[8.852s][info][gc,phases   ] GC(1) Concurrent Relocate 3.787ms
[8.852s][info][gc,load     ] GC(1) Load: 0.00/0.00/0.00
[8.852s][info][gc,mmu      ] GC(1) MMU: 2ms/98.3%, 5ms/99.3%, 10ms/99.5%, 20ms/99.8%, 50ms/99.9%, 100ms/99.9%
[8.852s][info][gc,marking  ] GC(1) Mark: 8 stripe(s), 2 proactive flush(es), 1 terminate flush(es), 0 completion(s), 0 continuation(s) 
[8.852s][info][gc,marking  ] GC(1) Mark Stack Usage: 32M
[8.852s][info][gc,nmethod  ] GC(1) NMethods: 1815 registered, 292 unregistered
[8.852s][info][gc,metaspace] GC(1) Metaspace: 9M used, 9M committed, 1088M reserved
[8.852s][info][gc,ref      ] GC(1) Soft: 214 encountered, 0 discovered, 0 enqueued
[8.852s][info][gc,ref      ] GC(1) Weak: 969 encountered, 260 discovered, 176 enqueued
[8.853s][info][gc,ref      ] GC(1) Final: 0 encountered, 0 discovered, 0 enqueued
[8.853s][info][gc,ref      ] GC(1) Phantom: 154 encountered, 145 discovered, 127 enqueued
[8.853s][info][gc,reloc    ] GC(1) Small Pages: 1111 / 2222M, Empty: 2128M, Relocated: 4M, In-Place: 0
[8.853s][info][gc,reloc    ] GC(1) Medium Pages: 0 / 0M, Empty: 0M, Relocated: 0M, In-Place: 0
[8.853s][info][gc,reloc    ] GC(1) Large Pages: 0 / 0M, Empty: 0M, Relocated: 0M, In-Place: 0
[8.853s][info][gc,reloc    ] GC(1) Forwarding Usage: 1M
[8.853s][info][gc,heap     ] GC(1) Min Capacity: 8M(0%)
[8.853s][info][gc,heap     ] GC(1) Max Capacity: 30718M(100%)
[8.853s][info][gc,heap     ] GC(1) Soft Max Capacity: 30718M(100%)
[8.853s][info][gc,heap     ] GC(1)                Mark Start          Mark End        Relocate Start      Relocate End           High               Low         
[8.853s][info][gc,heap     ] GC(1)  Capacity:     2222M (7%)         2222M (7%)         2222M (7%)         2222M (7%)         2222M (7%)         2222M (7%)     
[8.853s][info][gc,heap     ] GC(1)      Free:    28496M (93%)       28496M (93%)       30618M (100%)      30688M (100%)      30688M (100%)      28496M (93%)    
[8.853s][info][gc,heap     ] GC(1)      Used:     2222M (7%)         2222M (7%)          100M (0%)           30M (0%)         2222M (7%)           30M (0%)     
[8.853s][info][gc,heap     ] GC(1)      Live:         -                 4M (0%)            4M (0%)            4M (0%)             -                  -          
[8.853s][info][gc,heap     ] GC(1) Allocated:         -                 0M (0%)            6M (0%)            6M (0%)             -                  -          
[8.853s][info][gc,heap     ] GC(1)   Garbage:         -              2217M (7%)           89M (0%)           19M (0%)             -                  -          
[8.853s][info][gc,heap     ] GC(1) Reclaimed:         -                  -              2128M (7%)         2198M (7%)             -                  -          
[8.853s][info][gc          ] GC(1) Garbage Collection (System.gc()) 2222M(7%)->30M(0%)
[10.146s][info][gc,stats    ] === Garbage Collection Statistics =======================================================================================================================
[10.146s][info][gc,stats    ]                                                              Last 10s              Last 10m              Last 10h                Total
[10.146s][info][gc,stats    ]                                                              Avg / Max             Avg / Max             Avg / Max             Avg / Max
[10.146s][info][gc,stats    ]   Collector: Garbage Collection Cycle                     30.002 / 30.459       30.002 / 30.459       30.002 / 30.459       30.002 / 30.459      ms
[10.146s][info][gc,stats    ]  Contention: Mark Segment Reset Contention                     0 / 2                 0 / 2                 0 / 2                 0 / 2           ops/s
[10.146s][info][gc,stats    ]  Contention: Mark SeqNum Reset Contention                      0 / 0                 0 / 0                 0 / 0                 0 / 0           ops/s
[10.146s][info][gc,stats    ]    Critical: Allocation Stall                                  0 / 0                 0 / 0                 0 / 0                 0 / 0           ops/s
[10.146s][info][gc,stats    ]    Critical: Allocation Stall                              0.000 / 0.000         0.000 / 0.000         0.000 / 0.000         0.000 / 0.000       ms
[10.146s][info][gc,stats    ]    Critical: GC Locker Stall                                   0 / 0                 0 / 0                 0 / 0                 0 / 0           ops/s
[10.146s][info][gc,stats    ]    Critical: GC Locker Stall                               0.000 / 0.000         0.000 / 0.000         0.000 / 0.000         0.000 / 0.000       ms
[10.146s][info][gc,stats    ]    Critical: Relocation Stall                                  0 / 0                 0 / 0                 0 / 0                 0 / 0           ops/s
[10.146s][info][gc,stats    ]    Critical: Relocation Stall                              0.000 / 0.000         0.000 / 0.000         0.000 / 0.000         0.000 / 0.000       ms
[10.146s][info][gc,stats    ]      Memory: Allocation Rate                                 265 / 314             265 / 314             265 / 314             265 / 314         MB/s
[10.146s][info][gc,stats    ]      Memory: Defragment                                        0 / 0                 0 / 0                 0 / 0                 0 / 0           ops/s
[10.146s][info][gc,stats    ]      Memory: Out Of Memory                                     0 / 0                 0 / 0                 0 / 0                 0 / 0           ops/s
[10.146s][info][gc,stats    ]      Memory: Page Cache Flush                                  0 / 0                 0 / 0                 0 / 0                 0 / 0           MB/s
[10.146s][info][gc,stats    ]      Memory: Page Cache Hit L1                                24 / 157              24 / 157              24 / 157              24 / 157         ops/s
[10.146s][info][gc,stats    ]      Memory: Page Cache Hit L2                                 0 / 0                 0 / 0                 0 / 0                 0 / 0           ops/s
[10.146s][info][gc,stats    ]      Memory: Page Cache Hit L3                               102 / 152             102 / 152             102 / 152             102 / 152         ops/s
[10.146s][info][gc,stats    ]      Memory: Page Cache Miss                                   8 / 87                8 / 87                8 / 87                8 / 87          ops/s
[10.146s][info][gc,stats    ]      Memory: Uncommit                                          0 / 0                 0 / 0                 0 / 0                 0 / 0           MB/s
[10.146s][info][gc,stats    ]      Memory: Undo Object Allocation Failed                     0 / 0                 0 / 0                 0 / 0                 0 / 0           ops/s
[10.146s][info][gc,stats    ]      Memory: Undo Object Allocation Succeeded                  0 / 0                 0 / 0                 0 / 0                 0 / 0           ops/s
[10.146s][info][gc,stats    ]      Memory: Undo Page Allocation                              0 / 0                 0 / 0                 0 / 0                 0 / 0           ops/s
[10.146s][info][gc,stats    ]       Phase: Concurrent Mark                              11.145 / 12.729       11.145 / 12.729       11.145 / 12.729       11.145 / 12.729      ms
[10.147s][info][gc,stats    ]       Phase: Concurrent Mark Continue                      0.000 / 0.000         0.000 / 0.000         0.000 / 0.000         0.000 / 0.000       ms
[10.147s][info][gc,stats    ]       Phase: Concurrent Mark Free                          0.002 / 0.002         0.002 / 0.002         0.002 / 0.002         0.002 / 0.002       ms
[10.147s][info][gc,stats    ]       Phase: Concurrent Process Non-Strong References      3.762 / 6.554         3.762 / 6.554         3.762 / 6.554         3.762 / 6.554       ms
[10.147s][info][gc,stats    ]       Phase: Concurrent Relocate                           3.811 / 3.834         3.811 / 3.834         3.811 / 3.834         3.811 / 3.834       ms
[10.147s][info][gc,stats    ]       Phase: Concurrent Reset Relocation Set               0.002 / 0.003         0.002 / 0.003         0.002 / 0.003         0.002 / 0.003       ms
[10.147s][info][gc,stats    ]       Phase: Concurrent Select Relocation Set             10.257 / 14.176       10.257 / 14.176       10.257 / 14.176       10.257 / 14.176      ms
[10.147s][info][gc,stats    ]       Phase: Pause Mark End                                0.028 / 0.033         0.028 / 0.033         0.028 / 0.033         0.028 / 0.033       ms
[10.147s][info][gc,stats    ]       Phase: Pause Mark Start                              0.015 / 0.016         0.015 / 0.016         0.015 / 0.016         0.015 / 0.016       ms
[10.147s][info][gc,stats    ]       Phase: Pause Relocate Start                          0.010 / 0.012         0.010 / 0.012         0.010 / 0.012         0.010 / 0.012       ms
[10.147s][info][gc,stats    ]    Subphase: Concurrent Classes Purge                      0.816 / 1.237         0.816 / 1.237         0.816 / 1.237         0.816 / 1.237       ms
[10.147s][info][gc,stats    ]    Subphase: Concurrent Classes Unlink                     2.687 / 4.999         2.687 / 4.999         2.687 / 4.999         2.687 / 4.999       ms
[10.147s][info][gc,stats    ]    Subphase: Concurrent Mark                               9.634 / 11.575        9.634 / 11.575        9.634 / 11.575        9.634 / 11.575      ms
[10.147s][info][gc,stats    ]    Subphase: Concurrent Mark Try Flush                     0.052 / 0.075         0.052 / 0.075         0.052 / 0.075         0.052 / 0.075       ms
[10.147s][info][gc,stats    ]    Subphase: Concurrent Mark Try Terminate                 3.046 / 8.589         3.046 / 8.589         3.046 / 8.589         3.046 / 8.589       ms
[10.147s][info][gc,stats    ]    Subphase: Concurrent References Enqueue                 0.004 / 0.005         0.004 / 0.005         0.004 / 0.005         0.004 / 0.005       ms
[10.147s][info][gc,stats    ]    Subphase: Concurrent References Process                 0.070 / 0.080         0.070 / 0.080         0.070 / 0.080         0.070 / 0.080       ms
[10.147s][info][gc,stats    ]    Subphase: Concurrent Roots ClassLoaderDataGraph         0.055 / 0.533         0.055 / 0.533         0.055 / 0.533         0.055 / 0.533       ms
[10.147s][info][gc,stats    ]    Subphase: Concurrent Roots CodeCache                    0.000 / 0.000         0.000 / 0.000         0.000 / 0.000         0.000 / 0.000       ms
[10.147s][info][gc,stats    ]    Subphase: Concurrent Roots JavaThreads                  0.444 / 1.054         0.444 / 1.054         0.444 / 1.054         0.444 / 1.054       ms
[10.147s][info][gc,stats    ]    Subphase: Concurrent Roots OopStorageSet                0.030 / 0.151         0.030 / 0.151         0.030 / 0.151         0.030 / 0.151       ms
[10.147s][info][gc,stats    ]    Subphase: Concurrent Weak Roots OopStorageSet           0.088 / 0.122         0.088 / 0.122         0.088 / 0.122         0.088 / 0.122       ms
[10.147s][info][gc,stats    ]    Subphase: Pause Mark Try Complete                       0.000 / 0.000         0.000 / 0.000         0.000 / 0.000         0.000 / 0.000       ms
[10.147s][info][gc,stats    ]      System: Java Threads                                     24 / 33               24 / 33               24 / 33               24 / 33          threads
[10.147s][info][gc,stats    ] =========================================================================================================================================================
[15.620s][info][gc,start    ] GC(2) Garbage Collection (System.gc())
[15.620s][info][gc,task     ] GC(2) Using 12 workers
[15.620s][info][gc,phases   ] GC(2) Pause Mark Start 0.016ms
[15.629s][info][gc,phases   ] GC(2) Concurrent Mark 8.974ms
[15.629s][info][gc,phases   ] GC(2) Pause Mark End 0.021ms
[15.629s][info][gc,phases   ] GC(2) Concurrent Mark Free 0.001ms
[15.630s][info][gc,phases   ] GC(2) Concurrent Process Non-Strong References 1.030ms
[15.630s][info][gc,phases   ] GC(2) Concurrent Reset Relocation Set 0.006ms
[15.634s][info][gc,phases   ] GC(2) Concurrent Select Relocation Set 3.927ms
[15.635s][info][gc,phases   ] GC(2) Pause Relocate Start 0.007ms
[15.638s][info][gc,phases   ] GC(2) Concurrent Relocate 3.276ms
[15.638s][info][gc,load     ] GC(2) Load: 0.00/0.00/0.00
[15.638s][info][gc,mmu      ] GC(2) MMU: 2ms/98.3%, 5ms/99.3%, 10ms/99.5%, 20ms/99.8%, 50ms/99.9%, 100ms/99.9%
[15.638s][info][gc,marking  ] GC(2) Mark: 8 stripe(s), 3 proactive flush(es), 1 terminate flush(es), 0 completion(s), 0 continuation(s) 
[15.638s][info][gc,marking  ] GC(2) Mark Stack Usage: 32M
[15.638s][info][gc,nmethod  ] GC(2) NMethods: 1831 registered, 318 unregistered
[15.638s][info][gc,metaspace] GC(2) Metaspace: 9M used, 9M committed, 1088M reserved
[15.638s][info][gc,ref      ] GC(2) Soft: 214 encountered, 0 discovered, 0 enqueued
[15.638s][info][gc,ref      ] GC(2) Weak: 795 encountered, 45 discovered, 0 enqueued
[15.638s][info][gc,ref      ] GC(2) Final: 0 encountered, 0 discovered, 0 enqueued
[15.638s][info][gc,ref      ] GC(2) Phantom: 27 encountered, 13 discovered, 0 enqueued
[15.638s][info][gc,reloc    ] GC(2) Small Pages: 1102 / 2204M, Empty: 2166M, Relocated: 4M, In-Place: 0
[15.638s][info][gc,reloc    ] GC(2) Medium Pages: 0 / 0M, Empty: 0M, Relocated: 0M, In-Place: 0
[15.638s][info][gc,reloc    ] GC(2) Large Pages: 0 / 0M, Empty: 0M, Relocated: 0M, In-Place: 0
[15.638s][info][gc,reloc    ] GC(2) Forwarding Usage: 1M
[15.638s][info][gc,heap     ] GC(2) Min Capacity: 8M(0%)
[15.638s][info][gc,heap     ] GC(2) Max Capacity: 30718M(100%)
[15.639s][info][gc,heap     ] GC(2) Soft Max Capacity: 30718M(100%)
[15.639s][info][gc,heap     ] GC(2)                Mark Start          Mark End        Relocate Start      Relocate End           High               Low         
[15.639s][info][gc,heap     ] GC(2)  Capacity:     2222M (7%)         2222M (7%)         2222M (7%)         2222M (7%)         2222M (7%)         2222M (7%)     
[15.639s][info][gc,heap     ] GC(2)      Free:    28514M (93%)       28514M (93%)       30680M (100%)      30694M (100%)      30694M (100%)      28514M (93%)    
[15.639s][info][gc,heap     ] GC(2)      Used:     2204M (7%)         2204M (7%)           38M (0%)           24M (0%)         2204M (7%)           24M (0%)     
[15.639s][info][gc,heap     ] GC(2)      Live:         -                 4M (0%)            4M (0%)            4M (0%)             -                  -          
[15.639s][info][gc,heap     ] GC(2) Allocated:         -                 0M (0%)            0M (0%)            0M (0%)             -                  -          
[15.639s][info][gc,heap     ] GC(2)   Garbage:         -              2199M (7%)           33M (0%)           19M (0%)             -                  -          
[15.639s][info][gc,heap     ] GC(2) Reclaimed:         -                  -              2166M (7%)         2180M (7%)             -                  -          
[15.639s][info][gc          ] GC(2) Garbage Collection (System.gc()) 2204M(7%)->24M(0%)
[20.150s][info][gc,stats    ] === Garbage Collection Statistics =======================================================================================================================
[20.151s][info][gc,stats    ]                                                              Last 10s              Last 10m              Last 10h                Total
[20.151s][info][gc,stats    ]                                                              Avg / Max             Avg / Max             Avg / Max             Avg / Max
[20.151s][info][gc,stats    ]   Collector: Garbage Collection Cycle                     18.289 / 18.289       26.098 / 30.459       26.098 / 30.459       26.098 / 30.459      ms
[20.151s][info][gc,stats    ]  Contention: Mark Segment Reset Contention                     0 / 2                 0 / 2                 0 / 2                 0 / 2           ops/s
[20.151s][info][gc,stats    ]  Contention: Mark SeqNum Reset Contention                      0 / 0                 0 / 0                 0 / 0                 0 / 0           ops/s
[20.151s][info][gc,stats    ]    Critical: Allocation Stall                                  0 / 0                 0 / 0                 0 / 0                 0 / 0           ops/s
[20.151s][info][gc,stats    ]    Critical: Allocation Stall                              0.000 / 0.000         0.000 / 0.000         0.000 / 0.000         0.000 / 0.000       ms
[20.151s][info][gc,stats    ]    Critical: GC Locker Stall                                   0 / 0                 0 / 0                 0 / 0                 0 / 0           ops/s
[20.151s][info][gc,stats    ]    Critical: GC Locker Stall                               0.000 / 0.000         0.000 / 0.000         0.000 / 0.000         0.000 / 0.000       ms
[20.151s][info][gc,stats    ]    Critical: Relocation Stall                                  0 / 0                 0 / 0                 0 / 0                 0 / 0           ops/s
[20.151s][info][gc,stats    ]    Critical: Relocation Stall                              0.000 / 0.000         0.000 / 0.000         0.000 / 0.000         0.000 / 0.000       ms
[20.151s][info][gc,stats    ]      Memory: Allocation Rate                                 326 / 350             295 / 350             295 / 350             295 / 350         MB/s
[20.151s][info][gc,stats    ]      Memory: Defragment                                        0 / 0                 0 / 0                 0 / 0                 0 / 0           ops/s
[20.151s][info][gc,stats    ]      Memory: Out Of Memory                                     0 / 0                 0 / 0                 0 / 0                 0 / 0           ops/s
[20.151s][info][gc,stats    ]      Memory: Page Cache Flush                                  0 / 0                 0 / 0                 0 / 0                 0 / 0           MB/s
[20.151s][info][gc,stats    ]      Memory: Page Cache Hit L1                               164 / 187              94 / 187              94 / 187              94 / 187         ops/s
[20.151s][info][gc,stats    ]      Memory: Page Cache Hit L2                                 0 / 0                 0 / 0                 0 / 0                 0 / 0           ops/s
[20.151s][info][gc,stats    ]      Memory: Page Cache Hit L3                                 0 / 0                51 / 152              51 / 152              51 / 152         ops/s
[20.151s][info][gc,stats    ]      Memory: Page Cache Miss                                   0 / 0                 4 / 87                4 / 87                4 / 87          ops/s
[20.151s][info][gc,stats    ]      Memory: Uncommit                                          0 / 0                 0 / 0                 0 / 0                 0 / 0           MB/s
[20.151s][info][gc,stats    ]      Memory: Undo Object Allocation Failed                     0 / 0                 0 / 0                 0 / 0                 0 / 0           ops/s
[20.151s][info][gc,stats    ]      Memory: Undo Object Allocation Succeeded                  0 / 0                 0 / 0                 0 / 0                 0 / 0           ops/s
[20.151s][info][gc,stats    ]      Memory: Undo Page Allocation                              0 / 0                 0 / 0                 0 / 0                 0 / 0           ops/s
[20.151s][info][gc,stats    ]       Phase: Concurrent Mark                               8.974 / 8.974        10.422 / 12.729       10.422 / 12.729       10.422 / 12.729      ms
[20.151s][info][gc,stats    ]       Phase: Concurrent Mark Continue                      0.000 / 0.000         0.000 / 0.000         0.000 / 0.000         0.000 / 0.000       ms
[20.151s][info][gc,stats    ]       Phase: Concurrent Mark Free                          0.001 / 0.001         0.001 / 0.002         0.001 / 0.002         0.001 / 0.002       ms
[20.151s][info][gc,stats    ]       Phase: Concurrent Process Non-Strong References      1.030 / 1.030         2.851 / 6.554         2.851 / 6.554         2.851 / 6.554       ms
[20.152s][info][gc,stats    ]       Phase: Concurrent Relocate                           3.276 / 3.276         3.633 / 3.834         3.633 / 3.834         3.633 / 3.834       ms
[20.152s][info][gc,stats    ]       Phase: Concurrent Reset Relocation Set               0.006 / 0.006         0.003 / 0.006         0.003 / 0.006         0.003 / 0.006       ms
[20.152s][info][gc,stats    ]       Phase: Concurrent Select Relocation Set              3.927 / 3.927         8.147 / 14.176        8.147 / 14.176        8.147 / 14.176      ms
[20.152s][info][gc,stats    ]       Phase: Pause Mark End                                0.021 / 0.021         0.026 / 0.033         0.026 / 0.033         0.026 / 0.033       ms
[20.152s][info][gc,stats    ]       Phase: Pause Mark Start                              0.016 / 0.016         0.015 / 0.016         0.015 / 0.016         0.015 / 0.016       ms
[20.152s][info][gc,stats    ]       Phase: Pause Relocate Start                          0.007 / 0.007         0.009 / 0.012         0.009 / 0.012         0.009 / 0.012       ms
[20.152s][info][gc,stats    ]    Subphase: Concurrent Classes Purge                      0.129 / 0.129         0.587 / 1.237         0.587 / 1.237         0.587 / 1.237       ms
[20.152s][info][gc,stats    ]    Subphase: Concurrent Classes Unlink                     0.640 / 0.640         2.005 / 4.999         2.005 / 4.999         2.005 / 4.999       ms
[20.152s][info][gc,stats    ]    Subphase: Concurrent Mark                               7.042 / 7.917         8.770 / 11.575        8.770 / 11.575        8.770 / 11.575      ms
[20.152s][info][gc,stats    ]    Subphase: Concurrent Mark Try Flush                     0.064 / 0.090         0.057 / 0.090         0.057 / 0.090         0.057 / 0.090       ms
[20.152s][info][gc,stats    ]    Subphase: Concurrent Mark Try Terminate                 1.677 / 2.041         2.557 / 8.589         2.557 / 8.589         2.557 / 8.589       ms
[20.152s][info][gc,stats    ]    Subphase: Concurrent References Enqueue                 0.000 / 0.000         0.003 / 0.005         0.003 / 0.005         0.003 / 0.005       ms
[20.152s][info][gc,stats    ]    Subphase: Concurrent References Process                 0.032 / 0.032         0.057 / 0.080         0.057 / 0.080         0.057 / 0.080       ms
[20.152s][info][gc,stats    ]    Subphase: Concurrent Roots ClassLoaderDataGraph         0.083 / 0.542         0.063 / 0.542         0.063 / 0.542         0.063 / 0.542       ms
[20.152s][info][gc,stats    ]    Subphase: Concurrent Roots CodeCache                    0.000 / 0.000         0.000 / 0.000         0.000 / 0.000         0.000 / 0.000       ms
[20.152s][info][gc,stats    ]    Subphase: Concurrent Roots JavaThreads                  0.582 / 0.954         0.497 / 1.054         0.497 / 1.054         0.497 / 1.054       ms
[20.152s][info][gc,stats    ]    Subphase: Concurrent Roots OopStorageSet                0.021 / 0.100         0.027 / 0.151         0.027 / 0.151         0.027 / 0.151       ms
[20.152s][info][gc,stats    ]    Subphase: Concurrent Weak Roots OopStorageSet           0.134 / 0.143         0.104 / 0.143         0.104 / 0.143         0.104 / 0.143       ms
[20.152s][info][gc,stats    ]    Subphase: Pause Mark Try Complete                       0.000 / 0.000         0.000 / 0.000         0.000 / 0.000         0.000 / 0.000       ms
[20.152s][info][gc,stats    ]      System: Java Threads                                     34 / 34               27 / 34               27 / 34               27 / 34          threads
[20.152s][info][gc,stats    ] =========================================================================================================================================================
[22.326s][info][gc,start    ] GC(3) Garbage Collection (System.gc())
[22.326s][info][gc,task     ] GC(3) Using 12 workers
[22.326s][info][gc,phases   ] GC(3) Pause Mark Start 0.017ms
[22.350s][info][gc,phases   ] GC(3) Concurrent Mark 24.168ms
[22.351s][info][gc,phases   ] GC(3) Pause Mark End 0.021ms
[22.351s][info][gc,phases   ] GC(3) Concurrent Mark Free 0.001ms
[22.352s][info][gc,phases   ] GC(3) Concurrent Process Non-Strong References 1.002ms
[22.352s][info][gc,phases   ] GC(3) Concurrent Reset Relocation Set 0.004ms
[22.356s][info][gc,phases   ] GC(3) Concurrent Select Relocation Set 3.943ms
[22.356s][info][gc,phases   ] GC(3) Pause Relocate Start 0.007ms
[22.360s][info][gc,phases   ] GC(3) Concurrent Relocate 4.227ms
[22.360s][info][gc,load     ] GC(3) Load: 0.00/0.00/0.00
[22.360s][info][gc,mmu      ] GC(3) MMU: 2ms/98.3%, 5ms/99.3%, 10ms/99.5%, 20ms/99.8%, 50ms/99.9%, 100ms/99.9%
[22.360s][info][gc,marking  ] GC(3) Mark: 8 stripe(s), 2 proactive flush(es), 1 terminate flush(es), 0 completion(s), 0 continuation(s) 
[22.360s][info][gc,marking  ] GC(3) Mark Stack Usage: 32M
[22.360s][info][gc,nmethod  ] GC(3) NMethods: 1852 registered, 328 unregistered
[22.360s][info][gc,metaspace] GC(3) Metaspace: 9M used, 10M committed, 1088M reserved
[22.360s][info][gc,ref      ] GC(3) Soft: 214 encountered, 0 discovered, 0 enqueued
[22.360s][info][gc,ref      ] GC(3) Weak: 795 encountered, 160 discovered, 0 enqueued
[22.360s][info][gc,ref      ] GC(3) Final: 0 encountered, 0 discovered, 0 enqueued
[22.360s][info][gc,ref      ] GC(3) Phantom: 27 encountered, 15 discovered, 0 enqueued
[22.360s][info][gc,reloc    ] GC(3) Small Pages: 1110 / 2220M, Empty: 2194M, Relocated: 4M, In-Place: 0
[22.360s][info][gc,reloc    ] GC(3) Medium Pages: 0 / 0M, Empty: 0M, Relocated: 0M, In-Place: 0
[22.360s][info][gc,reloc    ] GC(3) Large Pages: 0 / 0M, Empty: 0M, Relocated: 0M, In-Place: 0
[22.361s][info][gc,reloc    ] GC(3) Forwarding Usage: 1M
[22.361s][info][gc,heap     ] GC(3) Min Capacity: 8M(0%)
[22.361s][info][gc,heap     ] GC(3) Max Capacity: 30718M(100%)
[22.361s][info][gc,heap     ] GC(3) Soft Max Capacity: 30718M(100%)
[22.361s][info][gc,heap     ] GC(3)                Mark Start          Mark End        Relocate Start      Relocate End           High               Low         
[22.361s][info][gc,heap     ] GC(3)  Capacity:     2222M (7%)         2222M (7%)         2222M (7%)         2222M (7%)         2222M (7%)         2222M (7%)     
[22.361s][info][gc,heap     ] GC(3)      Free:    28498M (93%)       28498M (93%)       30692M (100%)      30694M (100%)      30694M (100%)      28498M (93%)    
[22.361s][info][gc,heap     ] GC(3)      Used:     2220M (7%)         2220M (7%)           26M (0%)           24M (0%)         2220M (7%)           24M (0%)     
[22.361s][info][gc,heap     ] GC(3)      Live:         -                 4M (0%)            4M (0%)            4M (0%)             -                  -          
[22.361s][info][gc,heap     ] GC(3) Allocated:         -                 0M (0%)            0M (0%)            0M (0%)             -                  -          
[22.361s][info][gc,heap     ] GC(3)   Garbage:         -              2215M (7%)           21M (0%)           19M (0%)             -                  -          
[22.361s][info][gc,heap     ] GC(3) Reclaimed:         -                  -              2194M (7%)         2196M (7%)             -                  -          
[22.361s][info][gc          ] GC(3) Garbage Collection (System.gc()) 2220M(7%)->24M(0%)
[29.154s][info][gc,start    ] GC(4) Garbage Collection (System.gc())
[29.154s][info][gc,task     ] GC(4) Using 12 workers
[29.154s][info][gc,phases   ] GC(4) Pause Mark Start 0.018ms
[29.174s][info][gc,phases   ] GC(4) Concurrent Mark 20.100ms
[29.174s][info][gc,phases   ] GC(4) Pause Mark End 0.024ms
[29.174s][info][gc,phases   ] GC(4) Concurrent Mark Free 0.001ms
[29.175s][info][gc,phases   ] GC(4) Concurrent Process Non-Strong References 0.950ms
[29.176s][info][gc,phases   ] GC(4) Concurrent Reset Relocation Set 0.002ms
[29.179s][info][gc,phases   ] GC(4) Concurrent Select Relocation Set 3.847ms
[29.180s][info][gc,phases   ] GC(4) Pause Relocate Start 0.007ms
[29.183s][info][gc,phases   ] GC(4) Concurrent Relocate 3.414ms
[29.183s][info][gc,load     ] GC(4) Load: 0.00/0.00/0.00
[29.183s][info][gc,mmu      ] GC(4) MMU: 2ms/98.3%, 5ms/99.3%, 10ms/99.5%, 20ms/99.8%, 50ms/99.9%, 100ms/99.9%
[29.183s][info][gc,marking  ] GC(4) Mark: 8 stripe(s), 1 proactive flush(es), 1 terminate flush(es), 0 completion(s), 0 continuation(s) 
[29.183s][info][gc,marking  ] GC(4) Mark Stack Usage: 32M
[29.183s][info][gc,nmethod  ] GC(4) NMethods: 1866 registered, 330 unregistered
[29.183s][info][gc,metaspace] GC(4) Metaspace: 9M used, 10M committed, 1088M reserved
[29.183s][info][gc,ref      ] GC(4) Soft: 214 encountered, 0 discovered, 0 enqueued
[29.183s][info][gc,ref      ] GC(4) Weak: 795 encountered, 11 discovered, 0 enqueued
[29.183s][info][gc,ref      ] GC(4) Final: 0 encountered, 0 discovered, 0 enqueued
[29.183s][info][gc,ref      ] GC(4) Phantom: 27 encountered, 16 discovered, 0 enqueued
[29.183s][info][gc,reloc    ] GC(4) Small Pages: 1111 / 2222M, Empty: 2194M, Relocated: 4M, In-Place: 0
[29.183s][info][gc,reloc    ] GC(4) Medium Pages: 0 / 0M, Empty: 0M, Relocated: 0M, In-Place: 0
[29.183s][info][gc,reloc    ] GC(4) Large Pages: 0 / 0M, Empty: 0M, Relocated: 0M, In-Place: 0
[29.183s][info][gc,reloc    ] GC(4) Forwarding Usage: 1M
[29.183s][info][gc,heap     ] GC(4) Min Capacity: 8M(0%)
[29.184s][info][gc,heap     ] GC(4) Max Capacity: 30718M(100%)
[29.184s][info][gc,heap     ] GC(4) Soft Max Capacity: 30718M(100%)
[29.184s][info][gc,heap     ] GC(4)                Mark Start          Mark End        Relocate Start      Relocate End           High               Low         
[29.184s][info][gc,heap     ] GC(4)  Capacity:     2222M (7%)         2222M (7%)         2222M (7%)         2222M (7%)         2222M (7%)         2222M (7%)     
[29.184s][info][gc,heap     ] GC(4)      Free:    28496M (93%)       28496M (93%)       30690M (100%)      30694M (100%)      30694M (100%)      28496M (93%)    
[29.184s][info][gc,heap     ] GC(4)      Used:     2222M (7%)         2222M (7%)           28M (0%)           24M (0%)         2222M (7%)           24M (0%)     
[29.184s][info][gc,heap     ] GC(4)      Live:         -                 4M (0%)            4M (0%)            4M (0%)             -                  -          
[29.184s][info][gc,heap     ] GC(4) Allocated:         -                 0M (0%)            0M (0%)            0M (0%)             -                  -          
[29.184s][info][gc,heap     ] GC(4)   Garbage:         -              2217M (7%)           23M (0%)           19M (0%)             -                  -          
[29.184s][info][gc,heap     ] GC(4) Reclaimed:         -                  -              2194M (7%)         2198M (7%)             -                  -          
[29.184s][info][gc          ] GC(4) Garbage Collection (System.gc()) 2222M(7%)->24M(0%)
[30.159s][info][gc,stats    ] === Garbage Collection Statistics =======================================================================================================================
[30.174s][info][gc,stats    ]                                                              Last 10s              Last 10m              Last 10h                Total
[30.174s][info][gc,stats    ]                                                              Avg / Max             Avg / Max             Avg / Max             Avg / Max
[30.174s][info][gc,stats    ]   Collector: Garbage Collection Cycle                     31.871 / 34.356       28.407 / 34.356       28.407 / 34.356       28.407 / 34.356      ms
[30.174s][info][gc,stats    ]  Contention: Mark Segment Reset Contention                     1 / 10                0 / 10                0 / 10                0 / 10          ops/s
[30.174s][info][gc,stats    ]  Contention: Mark SeqNum Reset Contention                      0 / 0                 0 / 0                 0 / 0                 0 / 0           ops/s
[30.174s][info][gc,stats    ]    Critical: Allocation Stall                                  0 / 0                 0 / 0                 0 / 0                 0 / 0           ops/s
[30.174s][info][gc,stats    ]    Critical: Allocation Stall                              0.000 / 0.000         0.000 / 0.000         0.000 / 0.000         0.000 / 0.000       ms
[30.174s][info][gc,stats    ]    Critical: GC Locker Stall                                   0 / 0                 0 / 0                 0 / 0                 0 / 0           ops/s
[30.174s][info][gc,stats    ]    Critical: GC Locker Stall                               0.000 / 0.000         0.000 / 0.000         0.000 / 0.000         0.000 / 0.000       ms
[30.174s][info][gc,stats    ]    Critical: Relocation Stall                                  0 / 0                 0 / 0                 0 / 0                 0 / 0           ops/s
[30.174s][info][gc,stats    ]    Critical: Relocation Stall                              0.000 / 0.000         0.000 / 0.000         0.000 / 0.000         0.000 / 0.000       ms
[30.175s][info][gc,stats    ]      Memory: Allocation Rate                                 322 / 330             304 / 350             304 / 350             304 / 350         MB/s
[30.175s][info][gc,stats    ]      Memory: Defragment                                        0 / 0                 0 / 0                 0 / 0                 0 / 0           ops/s
[30.175s][info][gc,stats    ]      Memory: Out Of Memory                                     0 / 0                 0 / 0                 0 / 0                 0 / 0           ops/s
[30.175s][info][gc,stats    ]      Memory: Page Cache Flush                                  0 / 0                 0 / 0                 0 / 0                 0 / 0           MB/s
[30.175s][info][gc,stats    ]      Memory: Page Cache Hit L1                               163 / 177             117 / 187             117 / 187             117 / 187         ops/s
[30.175s][info][gc,stats    ]      Memory: Page Cache Hit L2                                 0 / 0                 0 / 0                 0 / 0                 0 / 0           ops/s
[30.175s][info][gc,stats    ]      Memory: Page Cache Hit L3                                 0 / 0                34 / 152              34 / 152              34 / 152         ops/s
[30.175s][info][gc,stats    ]      Memory: Page Cache Miss                                   0 / 0                 2 / 87                2 / 87                2 / 87          ops/s
[30.175s][info][gc,stats    ]      Memory: Uncommit                                          0 / 0                 0 / 0                 0 / 0                 0 / 0           MB/s
[30.175s][info][gc,stats    ]      Memory: Undo Object Allocation Failed                     0 / 0                 0 / 0                 0 / 0                 0 / 0           ops/s
[30.175s][info][gc,stats    ]      Memory: Undo Object Allocation Succeeded                  0 / 0                 0 / 0                 0 / 0                 0 / 0           ops/s
[30.175s][info][gc,stats    ]      Memory: Undo Page Allocation                              0 / 0                 0 / 0                 0 / 0                 0 / 0           ops/s
[30.175s][info][gc,stats    ]       Phase: Concurrent Mark                              22.134 / 24.168       15.107 / 24.168       15.107 / 24.168       15.107 / 24.168      ms
[30.175s][info][gc,stats    ]       Phase: Concurrent Mark Continue                      0.000 / 0.000         0.000 / 0.000         0.000 / 0.000         0.000 / 0.000       ms
[30.175s][info][gc,stats    ]       Phase: Concurrent Mark Free                          0.001 / 0.001         0.001 / 0.002         0.001 / 0.002         0.001 / 0.002       ms
[30.175s][info][gc,stats    ]       Phase: Concurrent Process Non-Strong References      0.976 / 1.002         2.101 / 6.554         2.101 / 6.554         2.101 / 6.554       ms
[30.175s][info][gc,stats    ]       Phase: Concurrent Relocate                           3.820 / 4.227         3.708 / 4.227         3.708 / 4.227         3.708 / 4.227       ms
[30.175s][info][gc,stats    ]       Phase: Concurrent Reset Relocation Set               0.003 / 0.004         0.003 / 0.006         0.003 / 0.006         0.003 / 0.006       ms
[30.175s][info][gc,stats    ]       Phase: Concurrent Select Relocation Set              3.895 / 3.943         6.446 / 14.176        6.446 / 14.176        6.446 / 14.176      ms
[30.175s][info][gc,stats    ]       Phase: Pause Mark End                                0.022 / 0.024         0.024 / 0.033         0.024 / 0.033         0.024 / 0.033       ms
[30.175s][info][gc,stats    ]       Phase: Pause Mark Start                              0.017 / 0.018         0.016 / 0.018         0.016 / 0.018         0.016 / 0.018       ms
[30.175s][info][gc,stats    ]       Phase: Pause Relocate Start                          0.007 / 0.007         0.008 / 0.012         0.008 / 0.012         0.008 / 0.012       ms
[30.175s][info][gc,stats    ]    Subphase: Concurrent Classes Purge                      0.057 / 0.079         0.375 / 1.237         0.375 / 1.237         0.375 / 1.237       ms
[30.175s][info][gc,stats    ]    Subphase: Concurrent Classes Unlink                     0.627 / 0.632         1.454 / 4.999         1.454 / 4.999         1.454 / 4.999       ms
[30.175s][info][gc,stats    ]    Subphase: Concurrent Mark                              19.903 / 23.120       13.223 / 23.120       13.223 / 23.120       13.223 / 23.120      ms
[30.175s][info][gc,stats    ]    Subphase: Concurrent Mark Try Flush                     0.087 / 0.101         0.067 / 0.101         0.067 / 0.101         0.067 / 0.101       ms
[30.176s][info][gc,stats    ]    Subphase: Concurrent Mark Try Terminate                10.523 / 16.687        5.312 / 16.687        5.312 / 16.687        5.312 / 16.687      ms
[30.176s][info][gc,stats    ]    Subphase: Concurrent References Enqueue                 0.000 / 0.000         0.002 / 0.005         0.002 / 0.005         0.002 / 0.005       ms
[30.176s][info][gc,stats    ]    Subphase: Concurrent References Process                 0.043 / 0.051         0.052 / 0.080         0.052 / 0.080         0.052 / 0.080       ms
[30.176s][info][gc,stats    ]    Subphase: Concurrent Roots ClassLoaderDataGraph         0.096 / 0.717         0.076 / 0.717         0.076 / 0.717         0.076 / 0.717       ms
[30.176s][info][gc,stats    ]    Subphase: Concurrent Roots CodeCache                    0.000 / 0.000         0.000 / 0.000         0.000 / 0.000         0.000 / 0.000       ms
[30.176s][info][gc,stats    ]    Subphase: Concurrent Roots JavaThreads                  0.485 / 0.947         0.492 / 1.054         0.492 / 1.054         0.492 / 1.054       ms
[30.176s][info][gc,stats    ]    Subphase: Concurrent Roots OopStorageSet                0.023 / 0.088         0.025 / 0.151         0.025 / 0.151         0.025 / 0.151       ms
[30.176s][info][gc,stats    ]    Subphase: Concurrent Weak Roots OopStorageSet           0.150 / 0.159         0.122 / 0.159         0.122 / 0.159         0.122 / 0.159       ms
[30.176s][info][gc,stats    ]    Subphase: Pause Mark Try Complete                       0.000 / 0.000         0.000 / 0.000         0.000 / 0.000         0.000 / 0.000       ms
[30.176s][info][gc,stats    ]      System: Java Threads                                     32 / 32               29 / 34               29 / 34               29 / 34          threads
[30.176s][info][gc,stats    ] =========================================================================================================================================================
[35.852s][info][gc,start    ] GC(5) Garbage Collection (System.gc())
[35.852s][info][gc,task     ] GC(5) Using 12 workers
[35.852s][info][gc,phases   ] GC(5) Pause Mark Start 0.018ms
[35.864s][info][gc,phases   ] GC(5) Concurrent Mark 11.700ms
[35.892s][info][gc,phases   ] GC(5) Pause Mark End 0.034ms
[35.892s][info][gc,phases   ] GC(5) Concurrent Mark Free 0.002ms
[35.893s][info][gc,phases   ] GC(5) Concurrent Process Non-Strong References 0.936ms
[35.893s][info][gc,phases   ] GC(5) Concurrent Reset Relocation Set 0.002ms
[35.897s][info][gc,phases   ] GC(5) Concurrent Select Relocation Set 3.809ms
[35.897s][info][gc,phases   ] GC(5) Pause Relocate Start 0.012ms
[35.900s][info][gc,phases   ] GC(5) Concurrent Relocate 2.430ms
[35.900s][info][gc,load     ] GC(5) Load: 0.00/0.00/0.00
[35.900s][info][gc,mmu      ] GC(5) MMU: 2ms/98.3%, 5ms/99.3%, 10ms/99.5%, 20ms/99.8%, 50ms/99.9%, 100ms/99.9%
[35.900s][info][gc,marking  ] GC(5) Mark: 8 stripe(s), 3 proactive flush(es), 1 terminate flush(es), 0 completion(s), 0 continuation(s) 
[35.900s][info][gc,marking  ] GC(5) Mark Stack Usage: 32M
[35.900s][info][gc,nmethod  ] GC(5) NMethods: 1873 registered, 337 unregistered
[35.900s][info][gc,metaspace] GC(5) Metaspace: 9M used, 10M committed, 1088M reserved
[35.900s][info][gc,ref      ] GC(5) Soft: 214 encountered, 0 discovered, 0 enqueued
[35.900s][info][gc,ref      ] GC(5) Weak: 796 encountered, 13 discovered, 0 enqueued
[35.900s][info][gc,ref      ] GC(5) Final: 0 encountered, 0 discovered, 0 enqueued
[35.900s][info][gc,ref      ] GC(5) Phantom: 27 encountered, 16 discovered, 0 enqueued
[35.900s][info][gc,reloc    ] GC(5) Small Pages: 1106 / 2212M, Empty: 2184M, Relocated: 4M, In-Place: 0
[35.900s][info][gc,reloc    ] GC(5) Medium Pages: 0 / 0M, Empty: 0M, Relocated: 0M, In-Place: 0
[35.900s][info][gc,reloc    ] GC(5) Large Pages: 0 / 0M, Empty: 0M, Relocated: 0M, In-Place: 0
[35.900s][info][gc,reloc    ] GC(5) Forwarding Usage: 1M
[35.900s][info][gc,heap     ] GC(5) Min Capacity: 8M(0%)
[35.900s][info][gc,heap     ] GC(5) Max Capacity: 30718M(100%)
[35.900s][info][gc,heap     ] GC(5) Soft Max Capacity: 30718M(100%)
[35.900s][info][gc,heap     ] GC(5)                Mark Start          Mark End        Relocate Start      Relocate End           High               Low         
[35.900s][info][gc,heap     ] GC(5)  Capacity:     2222M (7%)         2222M (7%)         2222M (7%)         2222M (7%)         2222M (7%)         2222M (7%)     
[35.900s][info][gc,heap     ] GC(5)      Free:    28506M (93%)       28506M (93%)       30690M (100%)      30694M (100%)      30694M (100%)      28506M (93%)    
[35.900s][info][gc,heap     ] GC(5)      Used:     2212M (7%)         2212M (7%)           28M (0%)           24M (0%)         2212M (7%)           24M (0%)     
[35.900s][info][gc,heap     ] GC(5)      Live:         -                 4M (0%)            4M (0%)            4M (0%)             -                  -          
[35.900s][info][gc,heap     ] GC(5) Allocated:         -                 0M (0%)            0M (0%)            0M (0%)             -                  -          
[35.900s][info][gc,heap     ] GC(5)   Garbage:         -              2207M (7%)           23M (0%)           19M (0%)             -                  -          
[35.900s][info][gc,heap     ] GC(5) Reclaimed:         -                  -              2184M (7%)         2188M (7%)             -                  -          
[35.900s][info][gc          ] GC(5) Garbage Collection (System.gc()) 2212M(7%)->24M(0%)
[40.146s][info][gc,stats    ] === Garbage Collection Statistics =======================================================================================================================
[40.146s][info][gc,stats    ]                                                              Last 10s              Last 10m              Last 10h                Total
[40.146s][info][gc,stats    ]                                                              Avg / Max             Avg / Max             Avg / Max             Avg / Max
[40.146s][info][gc,stats    ]   Collector: Garbage Collection Cycle                     47.906 / 47.906       31.657 / 47.906       31.657 / 47.906       31.657 / 47.906      ms
[40.146s][info][gc,stats    ]  Contention: Mark Segment Reset Contention                     0 / 1                 0 / 10                0 / 10                0 / 10          ops/s
[40.146s][info][gc,stats    ]  Contention: Mark SeqNum Reset Contention                      0 / 1                 0 / 1                 0 / 1                 0 / 1           ops/s
[40.146s][info][gc,stats    ]    Critical: Allocation Stall                                  0 / 0                 0 / 0                 0 / 0                 0 / 0           ops/s
[40.146s][info][gc,stats    ]    Critical: Allocation Stall                              0.000 / 0.000         0.000 / 0.000         0.000 / 0.000         0.000 / 0.000       ms
[40.146s][info][gc,stats    ]    Critical: GC Locker Stall                                   0 / 0                 0 / 0                 0 / 0                 0 / 0           ops/s
[40.146s][info][gc,stats    ]    Critical: GC Locker Stall                               0.000 / 0.000         0.000 / 0.000         0.000 / 0.000         0.000 / 0.000       ms
[40.146s][info][gc,stats    ]    Critical: Relocation Stall                                  0 / 0                 0 / 0                 0 / 0                 0 / 0           ops/s
[40.146s][info][gc,stats    ]    Critical: Relocation Stall                              0.000 / 0.000         0.000 / 0.000         0.000 / 0.000         0.000 / 0.000       ms
[40.146s][info][gc,stats    ]      Memory: Allocation Rate                                 327 / 346             310 / 350             310 / 350             310 / 350         MB/s
[40.146s][info][gc,stats    ]      Memory: Defragment                                        0 / 0                 0 / 0                 0 / 0                 0 / 0           ops/s
[40.146s][info][gc,stats    ]      Memory: Out Of Memory                                     0 / 0                 0 / 0                 0 / 0                 0 / 0           ops/s
[40.146s][info][gc,stats    ]      Memory: Page Cache Flush                                  0 / 0                 0 / 0                 0 / 0                 0 / 0           MB/s
[40.147s][info][gc,stats    ]      Memory: Page Cache Hit L1                               164 / 180             129 / 187             129 / 187             129 / 187         ops/s
[40.147s][info][gc,stats    ]      Memory: Page Cache Hit L2                                 0 / 0                 0 / 0                 0 / 0                 0 / 0           ops/s
[40.147s][info][gc,stats    ]      Memory: Page Cache Hit L3                                 0 / 0                25 / 152              25 / 152              25 / 152         ops/s
[40.147s][info][gc,stats    ]      Memory: Page Cache Miss                                   0 / 0                 2 / 87                2 / 87                2 / 87          ops/s
[40.147s][info][gc,stats    ]      Memory: Uncommit                                          0 / 0                 0 / 0                 0 / 0                 0 / 0           MB/s
[40.147s][info][gc,stats    ]      Memory: Undo Object Allocation Failed                     0 / 0                 0 / 0                 0 / 0                 0 / 0           ops/s
[40.147s][info][gc,stats    ]      Memory: Undo Object Allocation Succeeded                  0 / 0                 0 / 0                 0 / 0                 0 / 0           ops/s
[40.147s][info][gc,stats    ]      Memory: Undo Page Allocation                              0 / 0                 0 / 0                 0 / 0                 0 / 0           ops/s
[40.147s][info][gc,stats    ]       Phase: Concurrent Mark                              11.700 / 11.700       14.539 / 24.168       14.539 / 24.168       14.539 / 24.168      ms
[40.147s][info][gc,stats    ]       Phase: Concurrent Mark Continue                      0.000 / 0.000         0.000 / 0.000         0.000 / 0.000         0.000 / 0.000       ms
[40.147s][info][gc,stats    ]       Phase: Concurrent Mark Free                          0.002 / 0.002         0.001 / 0.002         0.001 / 0.002         0.001 / 0.002       ms
[40.147s][info][gc,stats    ]       Phase: Concurrent Process Non-Strong References      0.936 / 0.936         1.907 / 6.554         1.907 / 6.554         1.907 / 6.554       ms
[40.147s][info][gc,stats    ]       Phase: Concurrent Relocate                           2.430 / 2.430         3.495 / 4.227         3.495 / 4.227         3.495 / 4.227       ms
[40.147s][info][gc,stats    ]       Phase: Concurrent Reset Relocation Set               0.002 / 0.002         0.003 / 0.006         0.003 / 0.006         0.003 / 0.006       ms
[40.147s][info][gc,stats    ]       Phase: Concurrent Select Relocation Set              3.809 / 3.809         6.007 / 14.176        6.007 / 14.176        6.007 / 14.176      ms
[40.147s][info][gc,stats    ]       Phase: Pause Mark End                                0.034 / 0.034         0.026 / 0.034         0.026 / 0.034         0.026 / 0.034       ms
[40.147s][info][gc,stats    ]       Phase: Pause Mark Start                              0.018 / 0.018         0.017 / 0.018         0.017 / 0.018         0.017 / 0.018       ms
[40.147s][info][gc,stats    ]       Phase: Pause Relocate Start                          0.012 / 0.012         0.009 / 0.012         0.009 / 0.012         0.009 / 0.012       ms
[40.147s][info][gc,stats    ]    Subphase: Concurrent Classes Purge                      0.064 / 0.064         0.323 / 1.237         0.323 / 1.237         0.323 / 1.237       ms
[40.147s][info][gc,stats    ]    Subphase: Concurrent Classes Unlink                     0.547 / 0.547         1.302 / 4.999         1.302 / 4.999         1.302 / 4.999       ms
[40.147s][info][gc,stats    ]    Subphase: Concurrent Mark                               9.935 / 10.659       12.675 / 23.120       12.675 / 23.120       12.675 / 23.120      ms
[40.147s][info][gc,stats    ]    Subphase: Concurrent Mark Try Flush                     0.086 / 0.111         0.071 / 0.111         0.071 / 0.111         0.071 / 0.111       ms
[40.147s][info][gc,stats    ]    Subphase: Concurrent Mark Try Terminate                 1.774 / 2.130         4.281 / 16.687        4.281 / 16.687        4.281 / 16.687      ms
[40.147s][info][gc,stats    ]    Subphase: Concurrent References Enqueue                 0.001 / 0.001         0.002 / 0.005         0.002 / 0.005         0.002 / 0.005       ms
[40.147s][info][gc,stats    ]    Subphase: Concurrent References Process                 0.038 / 0.038         0.049 / 0.080         0.049 / 0.080         0.049 / 0.080       ms
[40.147s][info][gc,stats    ]    Subphase: Concurrent Roots ClassLoaderDataGraph         0.101 / 0.640         0.080 / 0.717         0.080 / 0.717         0.080 / 0.717       ms
[40.147s][info][gc,stats    ]    Subphase: Concurrent Roots CodeCache                    0.000 / 0.000         0.000 / 0.000         0.000 / 0.000         0.000 / 0.000       ms
[40.147s][info][gc,stats    ]    Subphase: Concurrent Roots JavaThreads                  0.426 / 0.949         0.481 / 1.054         0.481 / 1.054         0.481 / 1.054       ms
[40.148s][info][gc,stats    ]    Subphase: Concurrent Roots OopStorageSet                0.018 / 0.069         0.024 / 0.151         0.024 / 0.151         0.024 / 0.151       ms
[40.148s][info][gc,stats    ]    Subphase: Concurrent Weak Roots OopStorageSet           0.159 / 0.165         0.128 / 0.165         0.128 / 0.165         0.128 / 0.165       ms
[40.148s][info][gc,stats    ]    Subphase: Pause Mark Try Complete                       0.000 / 0.000         0.000 / 0.000         0.000 / 0.000         0.000 / 0.000       ms
[40.148s][info][gc,stats    ]      System: Java Threads                                     32 / 32               29 / 34               29 / 34               29 / 34          threads
[40.148s][info][gc,stats    ] =========================================================================================================================================================
[42.519s][info][gc,start    ] GC(6) Garbage Collection (System.gc())
[42.519s][info][gc,task     ] GC(6) Using 12 workers
[42.520s][info][gc,phases   ] GC(6) Pause Mark Start 0.018ms
[42.527s][info][gc,phases   ] GC(6) Concurrent Mark 7.362ms
[42.527s][info][gc,phases   ] GC(6) Pause Mark End 0.025ms
[42.527s][info][gc,phases   ] GC(6) Concurrent Mark Free 0.001ms
[42.529s][info][gc,phases   ] GC(6) Concurrent Process Non-Strong References 1.065ms
[42.529s][info][gc,phases   ] GC(6) Concurrent Reset Relocation Set 0.002ms
[42.533s][info][gc,phases   ] GC(6) Concurrent Select Relocation Set 4.030ms
[42.533s][info][gc,phases   ] GC(6) Pause Relocate Start 0.008ms
[42.537s][info][gc,phases   ] GC(6) Concurrent Relocate 4.601ms
[42.538s][info][gc,load     ] GC(6) Load: 0.00/0.00/0.00
[42.538s][info][gc,mmu      ] GC(6) MMU: 2ms/98.3%, 5ms/99.3%, 10ms/99.5%, 20ms/99.7%, 50ms/99.9%, 100ms/99.9%
[42.538s][info][gc,marking  ] GC(6) Mark: 8 stripe(s), 2 proactive flush(es), 1 terminate flush(es), 0 completion(s), 0 continuation(s) 
[42.538s][info][gc,marking  ] GC(6) Mark Stack Usage: 32M
[42.538s][info][gc,nmethod  ] GC(6) NMethods: 1877 registered, 343 unregistered
[42.538s][info][gc,metaspace] GC(6) Metaspace: 9M used, 10M committed, 1088M reserved
[42.538s][info][gc,ref      ] GC(6) Soft: 214 encountered, 0 discovered, 0 enqueued
[42.538s][info][gc,ref      ] GC(6) Weak: 796 encountered, 24 discovered, 0 enqueued
[42.538s][info][gc,ref      ] GC(6) Final: 0 encountered, 0 discovered, 0 enqueued
[42.538s][info][gc,ref      ] GC(6) Phantom: 27 encountered, 24 discovered, 0 enqueued
[42.538s][info][gc,reloc    ] GC(6) Small Pages: 1113 / 2226M, Empty: 2200M, Relocated: 4M, In-Place: 0
[42.538s][info][gc,reloc    ] GC(6) Medium Pages: 0 / 0M, Empty: 0M, Relocated: 0M, In-Place: 0
[42.538s][info][gc,reloc    ] GC(6) Large Pages: 0 / 0M, Empty: 0M, Relocated: 0M, In-Place: 0
[42.538s][info][gc,reloc    ] GC(6) Forwarding Usage: 1M
[42.538s][info][gc,heap     ] GC(6) Min Capacity: 8M(0%)
[42.538s][info][gc,heap     ] GC(6) Max Capacity: 30718M(100%)
[42.538s][info][gc,heap     ] GC(6) Soft Max Capacity: 30718M(100%)
[42.538s][info][gc,heap     ] GC(6)                Mark Start          Mark End        Relocate Start      Relocate End           High               Low         
[42.538s][info][gc,heap     ] GC(6)  Capacity:     2226M (7%)         2226M (7%)         2226M (7%)         2226M (7%)         2226M (7%)         2226M (7%)     
[42.538s][info][gc,heap     ] GC(6)      Free:    28492M (93%)       28492M (93%)       30692M (100%)      30694M (100%)      30694M (100%)      28492M (93%)    
[42.538s][info][gc,heap     ] GC(6)      Used:     2226M (7%)         2226M (7%)           26M (0%)           24M (0%)         2226M (7%)           24M (0%)     
[42.538s][info][gc,heap     ] GC(6)      Live:         -                 4M (0%)            4M (0%)            4M (0%)             -                  -          
[42.538s][info][gc,heap     ] GC(6) Allocated:         -                 0M (0%)            0M (0%)            0M (0%)             -                  -          
[42.538s][info][gc,heap     ] GC(6)   Garbage:         -              2221M (7%)           21M (0%)           19M (0%)             -                  -          
[42.538s][info][gc,heap     ] GC(6) Reclaimed:         -                  -              2200M (7%)         2202M (7%)             -                  -          
[42.538s][info][gc          ] GC(6) Garbage Collection (System.gc()) 2226M(7%)->24M(0%)
[49.285s][info][gc,start    ] GC(7) Garbage Collection (System.gc())
[49.285s][info][gc,task     ] GC(7) Using 12 workers
[49.285s][info][gc,phases   ] GC(7) Pause Mark Start 0.018ms
[49.294s][info][gc,phases   ] GC(7) Concurrent Mark 8.932ms
[49.295s][info][gc,phases   ] GC(7) Pause Mark End 0.027ms
[49.295s][info][gc,phases   ] GC(7) Concurrent Mark Free 0.001ms
[49.296s][info][gc,phases   ] GC(7) Concurrent Process Non-Strong References 1.002ms
[49.296s][info][gc,phases   ] GC(7) Concurrent Reset Relocation Set 0.002ms
[49.300s][info][gc,phases   ] GC(7) Concurrent Select Relocation Set 3.949ms
[49.300s][info][gc,phases   ] GC(7) Pause Relocate Start 0.010ms
[49.304s][info][gc,phases   ] GC(7) Concurrent Relocate 4.347ms
[49.304s][info][gc,load     ] GC(7) Load: 0.00/0.00/0.00
[49.304s][info][gc,mmu      ] GC(7) MMU: 2ms/98.3%, 5ms/99.3%, 10ms/99.5%, 20ms/99.7%, 50ms/99.9%, 100ms/99.9%
[49.304s][info][gc,marking  ] GC(7) Mark: 8 stripe(s), 2 proactive flush(es), 1 terminate flush(es), 0 completion(s), 0 continuation(s) 
[49.304s][info][gc,marking  ] GC(7) Mark Stack Usage: 32M
[49.304s][info][gc,nmethod  ] GC(7) NMethods: 1885 registered, 349 unregistered
[49.304s][info][gc,metaspace] GC(7) Metaspace: 9M used, 10M committed, 1088M reserved
[49.304s][info][gc,ref      ] GC(7) Soft: 214 encountered, 0 discovered, 0 enqueued
[49.304s][info][gc,ref      ] GC(7) Weak: 796 encountered, 52 discovered, 0 enqueued
[49.305s][info][gc,ref      ] GC(7) Final: 0 encountered, 0 discovered, 0 enqueued
[49.305s][info][gc,ref      ] GC(7) Phantom: 27 encountered, 17 discovered, 0 enqueued
[49.305s][info][gc,reloc    ] GC(7) Small Pages: 1108 / 2216M, Empty: 2190M, Relocated: 4M, In-Place: 0
[49.305s][info][gc,reloc    ] GC(7) Medium Pages: 0 / 0M, Empty: 0M, Relocated: 0M, In-Place: 0
[49.305s][info][gc,reloc    ] GC(7) Large Pages: 0 / 0M, Empty: 0M, Relocated: 0M, In-Place: 0
[49.305s][info][gc,reloc    ] GC(7) Forwarding Usage: 1M
[49.305s][info][gc,heap     ] GC(7) Min Capacity: 8M(0%)
[49.305s][info][gc,heap     ] GC(7) Max Capacity: 30718M(100%)
[49.305s][info][gc,heap     ] GC(7) Soft Max Capacity: 30718M(100%)
[49.305s][info][gc,heap     ] GC(7)                Mark Start          Mark End        Relocate Start      Relocate End           High               Low         
[49.305s][info][gc,heap     ] GC(7)  Capacity:     2226M (7%)         2226M (7%)         2226M (7%)         2226M (7%)         2226M (7%)         2226M (7%)     
[49.305s][info][gc,heap     ] GC(7)      Free:    28502M (93%)       28502M (93%)       30692M (100%)      30694M (100%)      30694M (100%)      28502M (93%)    
[49.305s][info][gc,heap     ] GC(7)      Used:     2216M (7%)         2216M (7%)           26M (0%)           24M (0%)         2216M (7%)           24M (0%)     
[49.305s][info][gc,heap     ] GC(7)      Live:         -                 4M (0%)            4M (0%)            4M (0%)             -                  -          
[49.305s][info][gc,heap     ] GC(7) Allocated:         -                 0M (0%)            0M (0%)            0M (0%)             -                  -          
[49.305s][info][gc,heap     ] GC(7)   Garbage:         -              2211M (7%)           21M (0%)           19M (0%)             -                  -          
[49.305s][info][gc,heap     ] GC(7) Reclaimed:         -                  -              2190M (7%)         2192M (7%)             -                  -          
[49.305s][info][gc          ] GC(7) Garbage Collection (System.gc()) 2216M(7%)->24M(0%)
[50.146s][info][gc,stats    ] === Garbage Collection Statistics =======================================================================================================================
[50.146s][info][gc,stats    ]                                                              Last 10s              Last 10m              Last 10h                Total
[50.146s][info][gc,stats    ]                                                              Avg / Max             Avg / Max             Avg / Max             Avg / Max
[50.146s][info][gc,stats    ]   Collector: Garbage Collection Cycle                     18.762 / 19.324       28.433 / 47.906       28.433 / 47.906       28.433 / 47.906      ms
[50.146s][info][gc,stats    ]  Contention: Mark Segment Reset Contention                     0 / 3                 0 / 10                0 / 10                0 / 10          ops/s
[50.146s][info][gc,stats    ]  Contention: Mark SeqNum Reset Contention                      0 / 0                 0 / 1                 0 / 1                 0 / 1           ops/s
[50.146s][info][gc,stats    ]    Critical: Allocation Stall                                  0 / 0                 0 / 0                 0 / 0                 0 / 0           ops/s
[50.146s][info][gc,stats    ]    Critical: Allocation Stall                              0.000 / 0.000         0.000 / 0.000         0.000 / 0.000         0.000 / 0.000       ms
[50.146s][info][gc,stats    ]    Critical: GC Locker Stall                                   0 / 0                 0 / 0                 0 / 0                 0 / 0           ops/s
[50.146s][info][gc,stats    ]    Critical: GC Locker Stall                               0.000 / 0.000         0.000 / 0.000         0.000 / 0.000         0.000 / 0.000       ms
[50.146s][info][gc,stats    ]    Critical: Relocation Stall                                  0 / 0                 0 / 0                 0 / 0                 0 / 0           ops/s
[50.146s][info][gc,stats    ]    Critical: Relocation Stall                              0.000 / 0.000         0.000 / 0.000         0.000 / 0.000         0.000 / 0.000       ms
[50.146s][info][gc,stats    ]      Memory: Allocation Rate                                 326 / 350             313 / 350             313 / 350             313 / 350         MB/s
[50.146s][info][gc,stats    ]      Memory: Defragment                                        0 / 0                 0 / 0                 0 / 0                 0 / 0           ops/s
[50.146s][info][gc,stats    ]      Memory: Out Of Memory                                     0 / 0                 0 / 0                 0 / 0                 0 / 0           ops/s
[50.146s][info][gc,stats    ]      Memory: Page Cache Flush                                  0 / 0                 0 / 0                 0 / 0                 0 / 0           MB/s
[50.146s][info][gc,stats    ]      Memory: Page Cache Hit L1                               165 / 185             136 / 187             136 / 187             136 / 187         ops/s
[50.146s][info][gc,stats    ]      Memory: Page Cache Hit L2                                 0 / 0                 0 / 0                 0 / 0                 0 / 0           ops/s
[50.147s][info][gc,stats    ]      Memory: Page Cache Hit L3                                 0 / 0                20 / 152              20 / 152              20 / 152         ops/s
[50.147s][info][gc,stats    ]      Memory: Page Cache Miss                                   0 / 2                 1 / 87                1 / 87                1 / 87          ops/s
[50.147s][info][gc,stats    ]      Memory: Uncommit                                          0 / 0                 0 / 0                 0 / 0                 0 / 0           MB/s
[50.147s][info][gc,stats    ]      Memory: Undo Object Allocation Failed                     0 / 0                 0 / 0                 0 / 0                 0 / 0           ops/s
[50.147s][info][gc,stats    ]      Memory: Undo Object Allocation Succeeded                  0 / 0                 0 / 0                 0 / 0                 0 / 0           ops/s
[50.147s][info][gc,stats    ]      Memory: Undo Page Allocation                              0 / 0                 0 / 0                 0 / 0                 0 / 0           ops/s
[50.147s][info][gc,stats    ]       Phase: Concurrent Mark                               8.147 / 8.932        12.941 / 24.168       12.941 / 24.168       12.941 / 24.168      ms
[50.147s][info][gc,stats    ]       Phase: Concurrent Mark Continue                      0.000 / 0.000         0.000 / 0.000         0.000 / 0.000         0.000 / 0.000       ms
[50.147s][info][gc,stats    ]       Phase: Concurrent Mark Free                          0.001 / 0.001         0.001 / 0.002         0.001 / 0.002         0.001 / 0.002       ms
[50.147s][info][gc,stats    ]       Phase: Concurrent Process Non-Strong References      1.034 / 1.065         1.689 / 6.554         1.689 / 6.554         1.689 / 6.554       ms
[50.147s][info][gc,stats    ]       Phase: Concurrent Relocate                           4.474 / 4.601         3.740 / 4.601         3.740 / 4.601         3.740 / 4.601       ms
[50.147s][info][gc,stats    ]       Phase: Concurrent Reset Relocation Set               0.002 / 0.002         0.003 / 0.006         0.003 / 0.006         0.003 / 0.006       ms
[50.147s][info][gc,stats    ]       Phase: Concurrent Select Relocation Set              3.990 / 4.030         5.502 / 14.176        5.502 / 14.176        5.502 / 14.176      ms
[50.147s][info][gc,stats    ]       Phase: Pause Mark End                                0.026 / 0.027         0.026 / 0.034         0.026 / 0.034         0.026 / 0.034       ms
[50.147s][info][gc,stats    ]       Phase: Pause Mark Start                              0.018 / 0.018         0.017 / 0.018         0.017 / 0.018         0.017 / 0.018       ms
[50.147s][info][gc,stats    ]       Phase: Pause Relocate Start                          0.009 / 0.010         0.009 / 0.012         0.009 / 0.012         0.009 / 0.012       ms
[50.147s][info][gc,stats    ]    Subphase: Concurrent Classes Purge                      0.050 / 0.057         0.255 / 1.237         0.255 / 1.237         0.255 / 1.237       ms
[50.147s][info][gc,stats    ]    Subphase: Concurrent Classes Unlink                     0.669 / 0.699         1.144 / 4.999         1.144 / 4.999         1.144 / 4.999       ms
[50.147s][info][gc,stats    ]    Subphase: Concurrent Mark                               6.529 / 7.890        11.139 / 23.120       11.139 / 23.120       11.139 / 23.120      ms
[50.147s][info][gc,stats    ]    Subphase: Concurrent Mark Try Flush                     0.052 / 0.092         0.066 / 0.111         0.066 / 0.111         0.066 / 0.111       ms
[50.147s][info][gc,stats    ]    Subphase: Concurrent Mark Try Terminate                 2.478 / 5.090         3.982 / 16.687        3.982 / 16.687        3.982 / 16.687      ms
[50.147s][info][gc,stats    ]    Subphase: Concurrent References Enqueue                 0.000 / 0.000         0.001 / 0.005         0.001 / 0.005         0.001 / 0.005       ms
[50.147s][info][gc,stats    ]    Subphase: Concurrent References Process                 0.039 / 0.042         0.047 / 0.080         0.047 / 0.080         0.047 / 0.080       ms
[50.147s][info][gc,stats    ]    Subphase: Concurrent Roots ClassLoaderDataGraph         0.089 / 0.689         0.082 / 0.717         0.082 / 0.717         0.082 / 0.717       ms
[50.147s][info][gc,stats    ]    Subphase: Concurrent Roots CodeCache                    0.000 / 0.000         0.000 / 0.000         0.000 / 0.000         0.000 / 0.000       ms
[50.147s][info][gc,stats    ]    Subphase: Concurrent Roots JavaThreads                  0.482 / 1.015         0.481 / 1.054         0.481 / 1.054         0.481 / 1.054       ms
[50.147s][info][gc,stats    ]    Subphase: Concurrent Roots OopStorageSet                0.019 / 0.074         0.023 / 0.151         0.023 / 0.151         0.023 / 0.151       ms
[50.147s][info][gc,stats    ]    Subphase: Concurrent Weak Roots OopStorageSet           0.157 / 0.168         0.135 / 0.168         0.135 / 0.168         0.135 / 0.168       ms
[50.148s][info][gc,stats    ]    Subphase: Pause Mark Try Complete                       0.000 / 0.000         0.000 / 0.000         0.000 / 0.000         0.000 / 0.000       ms
[50.148s][info][gc,stats    ]      System: Java Threads                                     32 / 32               30 / 34               30 / 34               30 / 34          threads
[50.148s][info][gc,stats    ] =========================================================================================================================================================
[56.105s][info][gc,start    ] GC(8) Garbage Collection (System.gc())
[56.105s][info][gc,task     ] GC(8) Using 12 workers
[56.106s][info][gc,phases   ] GC(8) Pause Mark Start 0.017ms
[56.113s][info][gc,phases   ] GC(8) Concurrent Mark 7.295ms
[56.113s][info][gc,phases   ] GC(8) Pause Mark End 0.020ms
[56.113s][info][gc,phases   ] GC(8) Concurrent Mark Free 0.001ms
[56.114s][info][gc,phases   ] GC(8) Concurrent Process Non-Strong References 0.870ms
[56.114s][info][gc,phases   ] GC(8) Concurrent Reset Relocation Set 0.002ms
[56.118s][info][gc,phases   ] GC(8) Concurrent Select Relocation Set 3.866ms
[56.118s][info][gc,phases   ] GC(8) Pause Relocate Start 0.007ms
[56.121s][info][gc,phases   ] GC(8) Concurrent Relocate 2.998ms
[56.121s][info][gc,load     ] GC(8) Load: 0.00/0.00/0.00
[56.121s][info][gc,mmu      ] GC(8) MMU: 2ms/98.3%, 5ms/99.3%, 10ms/99.5%, 20ms/99.7%, 50ms/99.9%, 100ms/99.9%
[56.121s][info][gc,marking  ] GC(8) Mark: 8 stripe(s), 3 proactive flush(es), 1 terminate flush(es), 0 completion(s), 0 continuation(s) 
[56.121s][info][gc,marking  ] GC(8) Mark Stack Usage: 32M
[56.121s][info][gc,nmethod  ] GC(8) NMethods: 1887 registered, 351 unregistered
[56.121s][info][gc,metaspace] GC(8) Metaspace: 9M used, 10M committed, 1088M reserved
[56.122s][info][gc,ref      ] GC(8) Soft: 214 encountered, 0 discovered, 0 enqueued
[56.122s][info][gc,ref      ] GC(8) Weak: 796 encountered, 11 discovered, 0 enqueued
[56.122s][info][gc,ref      ] GC(8) Final: 0 encountered, 0 discovered, 0 enqueued
[56.122s][info][gc,ref      ] GC(8) Phantom: 27 encountered, 20 discovered, 0 enqueued
[56.122s][info][gc,reloc    ] GC(8) Small Pages: 1114 / 2228M, Empty: 2202M, Relocated: 4M, In-Place: 0
[56.122s][info][gc,reloc    ] GC(8) Medium Pages: 0 / 0M, Empty: 0M, Relocated: 0M, In-Place: 0
[56.122s][info][gc,reloc    ] GC(8) Large Pages: 0 / 0M, Empty: 0M, Relocated: 0M, In-Place: 0
[56.122s][info][gc,reloc    ] GC(8) Forwarding Usage: 1M
[56.122s][info][gc,heap     ] GC(8) Min Capacity: 8M(0%)
[56.122s][info][gc,heap     ] GC(8) Max Capacity: 30718M(100%)
[56.122s][info][gc,heap     ] GC(8) Soft Max Capacity: 30718M(100%)
[56.122s][info][gc,heap     ] GC(8)                Mark Start          Mark End        Relocate Start      Relocate End           High               Low         
[56.122s][info][gc,heap     ] GC(8)  Capacity:     2228M (7%)         2228M (7%)         2228M (7%)         2228M (7%)         2228M (7%)         2228M (7%)     
[56.122s][info][gc,heap     ] GC(8)      Free:    28490M (93%)       28490M (93%)       30692M (100%)      30694M (100%)      30694M (100%)      28490M (93%)    
[56.122s][info][gc,heap     ] GC(8)      Used:     2228M (7%)         2228M (7%)           26M (0%)           24M (0%)         2228M (7%)           24M (0%)     
[56.122s][info][gc,heap     ] GC(8)      Live:         -                 4M (0%)            4M (0%)            4M (0%)             -                  -          
[56.122s][info][gc,heap     ] GC(8) Allocated:         -                 0M (0%)            0M (0%)            0M (0%)             -                  -          
[56.122s][info][gc,heap     ] GC(8)   Garbage:         -              2223M (7%)           21M (0%)           19M (0%)             -                  -          
[56.122s][info][gc,heap     ] GC(8) Reclaimed:         -                  -              2202M (7%)         2204M (7%)             -                  -          
[56.122s][info][gc          ] GC(8) Garbage Collection (System.gc()) 2228M(7%)->24M(0%)
[60.155s][info][gc,stats    ] === Garbage Collection Statistics =======================================================================================================================
[60.155s][info][gc,stats    ]                                                              Last 10s              Last 10m              Last 10h                Total
[60.155s][info][gc,stats    ]                                                              Avg / Max             Avg / Max             Avg / Max             Avg / Max
[60.155s][info][gc,stats    ]   Collector: Garbage Collection Cycle                     16.001 / 16.001       27.052 / 47.906       27.052 / 47.906       27.052 / 47.906      ms
[60.155s][info][gc,stats    ]  Contention: Mark Segment Reset Contention                     0 / 2                 0 / 10                0 / 10                0 / 10          ops/s
[60.155s][info][gc,stats    ]  Contention: Mark SeqNum Reset Contention                      0 / 1                 0 / 1                 0 / 1                 0 / 1           ops/s
[60.155s][info][gc,stats    ]    Critical: Allocation Stall                                  0 / 0                 0 / 0                 0 / 0                 0 / 0           ops/s
[60.155s][info][gc,stats    ]    Critical: Allocation Stall                              0.000 / 0.000         0.000 / 0.000         0.000 / 0.000         0.000 / 0.000       ms
[60.155s][info][gc,stats    ]    Critical: GC Locker Stall                                   0 / 0                 0 / 0                 0 / 0                 0 / 0           ops/s
[60.155s][info][gc,stats    ]    Critical: GC Locker Stall                               0.000 / 0.000         0.000 / 0.000         0.000 / 0.000         0.000 / 0.000       ms
[60.155s][info][gc,stats    ]    Critical: Relocation Stall                                  0 / 0                 0 / 0                 0 / 0                 0 / 0           ops/s
[60.155s][info][gc,stats    ]    Critical: Relocation Stall                              0.000 / 0.000         0.000 / 0.000         0.000 / 0.000         0.000 / 0.000       ms
[60.155s][info][gc,stats    ]      Memory: Allocation Rate                                 328 / 340             315 / 350             315 / 350             315 / 350         MB/s
[60.155s][info][gc,stats    ]      Memory: Defragment                                        0 / 0                 0 / 0                 0 / 0                 0 / 0           ops/s
[60.155s][info][gc,stats    ]      Memory: Out Of Memory                                     0 / 0                 0 / 0                 0 / 0                 0 / 0           ops/s
[60.155s][info][gc,stats    ]      Memory: Page Cache Flush                                  0 / 0                 0 / 0                 0 / 0                 0 / 0           MB/s
[60.155s][info][gc,stats    ]      Memory: Page Cache Hit L1                               165 / 181             141 / 187             141 / 187             141 / 187         ops/s
[60.155s][info][gc,stats    ]      Memory: Page Cache Hit L2                                 0 / 0                 0 / 0                 0 / 0                 0 / 0           ops/s
[60.155s][info][gc,stats    ]      Memory: Page Cache Hit L3                                 0 / 0                17 / 152              17 / 152              17 / 152         ops/s
[60.155s][info][gc,stats    ]      Memory: Page Cache Miss                                   0 / 1                 1 / 87                1 / 87                1 / 87          ops/s
[60.155s][info][gc,stats    ]      Memory: Uncommit                                          0 / 0                 0 / 0                 0 / 0                 0 / 0           MB/s
[60.155s][info][gc,stats    ]      Memory: Undo Object Allocation Failed                     0 / 0                 0 / 0                 0 / 0                 0 / 0           ops/s
[60.156s][info][gc,stats    ]      Memory: Undo Object Allocation Succeeded                  0 / 0                 0 / 0                 0 / 0                 0 / 0           ops/s
[60.156s][info][gc,stats    ]      Memory: Undo Page Allocation                              0 / 0                 0 / 0                 0 / 0                 0 / 0           ops/s
[60.156s][info][gc,stats    ]       Phase: Concurrent Mark                               7.295 / 7.295        12.313 / 24.168       12.313 / 24.168       12.313 / 24.168      ms
[60.156s][info][gc,stats    ]       Phase: Concurrent Mark Continue                      0.000 / 0.000         0.000 / 0.000         0.000 / 0.000         0.000 / 0.000       ms
[60.156s][info][gc,stats    ]       Phase: Concurrent Mark Free                          0.001 / 0.001         0.001 / 0.002         0.001 / 0.002         0.001 / 0.002       ms
[60.156s][info][gc,stats    ]       Phase: Concurrent Process Non-Strong References      0.870 / 0.870         1.598 / 6.554         1.598 / 6.554         1.598 / 6.554       ms
[60.156s][info][gc,stats    ]       Phase: Concurrent Relocate                           2.998 / 2.998         3.657 / 4.601         3.657 / 4.601         3.657 / 4.601       ms
[60.156s][info][gc,stats    ]       Phase: Concurrent Reset Relocation Set               0.002 / 0.002         0.003 / 0.006         0.003 / 0.006         0.003 / 0.006       ms
[60.156s][info][gc,stats    ]       Phase: Concurrent Select Relocation Set              3.866 / 3.866         5.321 / 14.176        5.321 / 14.176        5.321 / 14.176      ms
[60.156s][info][gc,stats    ]       Phase: Pause Mark End                                0.020 / 0.020         0.025 / 0.034         0.025 / 0.034         0.025 / 0.034       ms
[60.156s][info][gc,stats    ]       Phase: Pause Mark Start                              0.017 / 0.017         0.017 / 0.018         0.017 / 0.018         0.017 / 0.018       ms
[60.156s][info][gc,stats    ]       Phase: Pause Relocate Start                          0.007 / 0.007         0.009 / 0.012         0.009 / 0.012         0.009 / 0.012       ms
[60.156s][info][gc,stats    ]    Subphase: Concurrent Classes Purge                      0.023 / 0.023         0.229 / 1.237         0.229 / 1.237         0.229 / 1.237       ms
[60.156s][info][gc,stats    ]    Subphase: Concurrent Classes Unlink                     0.589 / 0.589         1.082 / 4.999         1.082 / 4.999         1.082 / 4.999       ms
[60.156s][info][gc,stats    ]    Subphase: Concurrent Mark                               5.269 / 6.271        10.486 / 23.120       10.486 / 23.120       10.486 / 23.120      ms
[60.156s][info][gc,stats    ]    Subphase: Concurrent Mark Try Flush                     0.072 / 0.096         0.067 / 0.111         0.067 / 0.111         0.067 / 0.111       ms
[60.156s][info][gc,stats    ]    Subphase: Concurrent Mark Try Terminate                 1.388 / 2.043         3.724 / 16.687        3.724 / 16.687        3.724 / 16.687      ms
[60.156s][info][gc,stats    ]    Subphase: Concurrent References Enqueue                 0.001 / 0.001         0.001 / 0.005         0.001 / 0.005         0.001 / 0.005       ms
[60.156s][info][gc,stats    ]    Subphase: Concurrent References Process                 0.030 / 0.030         0.045 / 0.080         0.045 / 0.080         0.045 / 0.080       ms
[60.156s][info][gc,stats    ]    Subphase: Concurrent Roots ClassLoaderDataGraph         0.085 / 0.623         0.082 / 0.717         0.082 / 0.717         0.082 / 0.717       ms
[60.156s][info][gc,stats    ]    Subphase: Concurrent Roots CodeCache                    0.000 / 0.000         0.000 / 0.000         0.000 / 0.000         0.000 / 0.000       ms
[60.156s][info][gc,stats    ]    Subphase: Concurrent Roots JavaThreads                  0.437 / 0.928         0.476 / 1.054         0.476 / 1.054         0.476 / 1.054       ms
[60.156s][info][gc,stats    ]    Subphase: Concurrent Roots OopStorageSet                0.014 / 0.051         0.022 / 0.151         0.022 / 0.151         0.022 / 0.151       ms
[60.156s][info][gc,stats    ]    Subphase: Concurrent Weak Roots OopStorageSet           0.140 / 0.146         0.136 / 0.168         0.136 / 0.168         0.136 / 0.168       ms
[60.156s][info][gc,stats    ]    Subphase: Pause Mark Try Complete                       0.000 / 0.000         0.000 / 0.000         0.000 / 0.000         0.000 / 0.000       ms
[60.156s][info][gc,stats    ]      System: Java Threads                                     32 / 32               30 / 34               30 / 34               30 / 34          threads
[60.156s][info][gc,stats    ] =========================================================================================================================================================
[62.711s][info][gc,start    ] GC(9) Garbage Collection (System.gc())
[62.711s][info][gc,task     ] GC(9) Using 12 workers
[62.711s][info][gc,phases   ] GC(9) Pause Mark Start 0.020ms
[62.718s][info][gc,phases   ] GC(9) Concurrent Mark 6.641ms
[62.718s][info][gc,phases   ] GC(9) Pause Mark End 0.022ms
[62.719s][info][gc,phases   ] GC(9) Concurrent Mark Free 0.001ms
[62.719s][info][gc,phases   ] GC(9) Concurrent Process Non-Strong References 0.920ms
[62.720s][info][gc,phases   ] GC(9) Concurrent Reset Relocation Set 0.002ms
[62.724s][info][gc,phases   ] GC(9) Concurrent Select Relocation Set 3.998ms
[62.724s][info][gc,phases   ] GC(9) Pause Relocate Start 0.006ms
[62.727s][info][gc,phases   ] GC(9) Concurrent Relocate 3.503ms
[62.727s][info][gc,load     ] GC(9) Load: 0.00/0.00/0.00
[62.727s][info][gc,mmu      ] GC(9) MMU: 2ms/98.3%, 5ms/99.3%, 10ms/99.5%, 20ms/99.7%, 50ms/99.9%, 100ms/99.9%
[62.727s][info][gc,marking  ] GC(9) Mark: 8 stripe(s), 1 proactive flush(es), 1 terminate flush(es), 0 completion(s), 0 continuation(s) 
[62.727s][info][gc,marking  ] GC(9) Mark Stack Usage: 32M
[62.727s][info][gc,nmethod  ] GC(9) NMethods: 1892 registered, 351 unregistered
[62.727s][info][gc,metaspace] GC(9) Metaspace: 9M used, 10M committed, 1088M reserved
[62.727s][info][gc,ref      ] GC(9) Soft: 214 encountered, 0 discovered, 0 enqueued
[62.728s][info][gc,ref      ] GC(9) Weak: 796 encountered, 22 discovered, 0 enqueued
[62.728s][info][gc,ref      ] GC(9) Final: 0 encountered, 0 discovered, 0 enqueued
[62.728s][info][gc,ref      ] GC(9) Phantom: 27 encountered, 15 discovered, 0 enqueued
[62.728s][info][gc,reloc    ] GC(9) Small Pages: 1110 / 2220M, Empty: 2194M, Relocated: 4M, In-Place: 0
[62.728s][info][gc,reloc    ] GC(9) Medium Pages: 0 / 0M, Empty: 0M, Relocated: 0M, In-Place: 0
[62.728s][info][gc,reloc    ] GC(9) Large Pages: 0 / 0M, Empty: 0M, Relocated: 0M, In-Place: 0
[62.728s][info][gc,reloc    ] GC(9) Forwarding Usage: 1M
[62.728s][info][gc,heap     ] GC(9) Min Capacity: 8M(0%)
[62.728s][info][gc,heap     ] GC(9) Max Capacity: 30718M(100%)
[62.728s][info][gc,heap     ] GC(9) Soft Max Capacity: 30718M(100%)
[62.728s][info][gc,heap     ] GC(9)                Mark Start          Mark End        Relocate Start      Relocate End           High               Low         
[62.728s][info][gc,heap     ] GC(9)  Capacity:     2228M (7%)         2228M (7%)         2228M (7%)         2228M (7%)         2228M (7%)         2228M (7%)     
[62.728s][info][gc,heap     ] GC(9)      Free:    28498M (93%)       28498M (93%)       30692M (100%)      30694M (100%)      30694M (100%)      28498M (93%)    
[62.728s][info][gc,heap     ] GC(9)      Used:     2220M (7%)         2220M (7%)           26M (0%)           24M (0%)         2220M (7%)           24M (0%)     
[62.728s][info][gc,heap     ] GC(9)      Live:         -                 4M (0%)            4M (0%)            4M (0%)             -                  -          
[62.728s][info][gc,heap     ] GC(9) Allocated:         -                 0M (0%)            0M (0%)            0M (0%)             -                  -          
[62.728s][info][gc,heap     ] GC(9)   Garbage:         -              2215M (7%)           21M (0%)           19M (0%)             -                  -          
[62.728s][info][gc,heap     ] GC(9) Reclaimed:         -                  -              2194M (7%)         2196M (7%)             -                  -          
[62.728s][info][gc          ] GC(9) Garbage Collection (System.gc()) 2220M(7%)->24M(0%)
[69.433s][info][gc,start    ] GC(10) Garbage Collection (System.gc())
[69.433s][info][gc,task     ] GC(10) Using 12 workers
[69.433s][info][gc,phases   ] GC(10) Pause Mark Start 0.018ms
[69.452s][info][gc,phases   ] GC(10) Concurrent Mark 18.994ms
[69.452s][info][gc,phases   ] GC(10) Pause Mark End 0.022ms
[69.453s][info][gc,phases   ] GC(10) Concurrent Mark Free 0.001ms
[69.454s][info][gc,phases   ] GC(10) Concurrent Process Non-Strong References 0.920ms
[69.454s][info][gc,phases   ] GC(10) Concurrent Reset Relocation Set 0.002ms
[69.457s][info][gc,phases   ] GC(10) Concurrent Select Relocation Set 3.862ms
[69.458s][info][gc,phases   ] GC(10) Pause Relocate Start 0.007ms
[69.461s][info][gc,phases   ] GC(10) Concurrent Relocate 3.473ms
[69.461s][info][gc,load     ] GC(10) Load: 0.00/0.00/0.00
[69.461s][info][gc,mmu      ] GC(10) MMU: 2ms/98.3%, 5ms/99.3%, 10ms/99.5%, 20ms/99.7%, 50ms/99.9%, 100ms/99.9%
[69.461s][info][gc,marking  ] GC(10) Mark: 8 stripe(s), 1 proactive flush(es), 1 terminate flush(es), 0 completion(s), 0 continuation(s) 
[69.461s][info][gc,marking  ] GC(10) Mark Stack Usage: 32M
[69.461s][info][gc,nmethod  ] GC(10) NMethods: 1893 registered, 352 unregistered
[69.461s][info][gc,metaspace] GC(10) Metaspace: 9M used, 10M committed, 1088M reserved
[69.461s][info][gc,ref      ] GC(10) Soft: 214 encountered, 0 discovered, 0 enqueued
[69.461s][info][gc,ref      ] GC(10) Weak: 796 encountered, 10 discovered, 0 enqueued
[69.461s][info][gc,ref      ] GC(10) Final: 0 encountered, 0 discovered, 0 enqueued
[69.461s][info][gc,ref      ] GC(10) Phantom: 27 encountered, 19 discovered, 0 enqueued
[69.462s][info][gc,reloc    ] GC(10) Small Pages: 1113 / 2226M, Empty: 2198M, Relocated: 4M, In-Place: 0
[69.462s][info][gc,reloc    ] GC(10) Medium Pages: 0 / 0M, Empty: 0M, Relocated: 0M, In-Place: 0
[69.462s][info][gc,reloc    ] GC(10) Large Pages: 0 / 0M, Empty: 0M, Relocated: 0M, In-Place: 0
[69.462s][info][gc,reloc    ] GC(10) Forwarding Usage: 1M
[69.462s][info][gc,heap     ] GC(10) Min Capacity: 8M(0%)
[69.462s][info][gc,heap     ] GC(10) Max Capacity: 30718M(100%)
[69.462s][info][gc,heap     ] GC(10) Soft Max Capacity: 30718M(100%)
[69.462s][info][gc,heap     ] GC(10)                Mark Start          Mark End        Relocate Start      Relocate End           High               Low         
[69.462s][info][gc,heap     ] GC(10)  Capacity:     2228M (7%)         2228M (7%)         2228M (7%)         2228M (7%)         2228M (7%)         2228M (7%)     
[69.462s][info][gc,heap     ] GC(10)      Free:    28492M (93%)       28492M (93%)       30690M (100%)      30694M (100%)      30694M (100%)      28492M (93%)    
[69.462s][info][gc,heap     ] GC(10)      Used:     2226M (7%)         2226M (7%)           28M (0%)           24M (0%)         2226M (7%)           24M (0%)     
[69.462s][info][gc,heap     ] GC(10)      Live:         -                 4M (0%)            4M (0%)            4M (0%)             -                  -          
[69.462s][info][gc,heap     ] GC(10) Allocated:         -                 0M (0%)            0M (0%)            0M (0%)             -                  -          
[69.462s][info][gc,heap     ] GC(10)   Garbage:         -              2221M (7%)           23M (0%)           19M (0%)             -                  -          
[69.462s][info][gc,heap     ] GC(10) Reclaimed:         -                  -              2198M (7%)         2202M (7%)             -                  -          
[69.462s][info][gc          ] GC(10) Garbage Collection (System.gc()) 2226M(7%)->24M(0%)
[70.147s][info][gc,stats    ] === Garbage Collection Statistics =======================================================================================================================
[70.147s][info][gc,stats    ]                                                              Last 10s              Last 10m              Last 10h                Total
[70.147s][info][gc,stats    ]                                                              Avg / Max             Avg / Max             Avg / Max             Avg / Max
[70.147s][info][gc,stats    ]   Collector: Garbage Collection Cycle                     22.225 / 28.285       26.174 / 47.906       26.174 / 47.906       26.174 / 47.906      ms
[70.147s][info][gc,stats    ]  Contention: Mark Segment Reset Contention                     0 / 3                 0 / 10                0 / 10                0 / 10          ops/s
[70.147s][info][gc,stats    ]  Contention: Mark SeqNum Reset Contention                      0 / 0                 0 / 1                 0 / 1                 0 / 1           ops/s
[70.147s][info][gc,stats    ]    Critical: Allocation Stall                                  0 / 0                 0 / 0                 0 / 0                 0 / 0           ops/s
[70.147s][info][gc,stats    ]    Critical: Allocation Stall                              0.000 / 0.000         0.000 / 0.000         0.000 / 0.000         0.000 / 0.000       ms
[70.147s][info][gc,stats    ]    Critical: GC Locker Stall                                   0 / 0                 0 / 0                 0 / 0                 0 / 0           ops/s
[70.147s][info][gc,stats    ]    Critical: GC Locker Stall                               0.000 / 0.000         0.000 / 0.000         0.000 / 0.000         0.000 / 0.000       ms
[70.147s][info][gc,stats    ]    Critical: Relocation Stall                                  0 / 0                 0 / 0                 0 / 0                 0 / 0           ops/s
[70.147s][info][gc,stats    ]    Critical: Relocation Stall                              0.000 / 0.000         0.000 / 0.000         0.000 / 0.000         0.000 / 0.000       ms
[70.147s][info][gc,stats    ]      Memory: Allocation Rate                                 327 / 338             317 / 350             317 / 350             317 / 350         MB/s
[70.147s][info][gc,stats    ]      Memory: Defragment                                        0 / 0                 0 / 0                 0 / 0                 0 / 0           ops/s
[70.147s][info][gc,stats    ]      Memory: Out Of Memory                                     0 / 0                 0 / 0                 0 / 0                 0 / 0           ops/s
[70.147s][info][gc,stats    ]      Memory: Page Cache Flush                                  0 / 0                 0 / 0                 0 / 0                 0 / 0           MB/s
[70.147s][info][gc,stats    ]      Memory: Page Cache Hit L1                               166 / 181             144 / 187             144 / 187             144 / 187         ops/s
[70.147s][info][gc,stats    ]      Memory: Page Cache Hit L2                                 0 / 0                 0 / 0                 0 / 0                 0 / 0           ops/s
[70.147s][info][gc,stats    ]      Memory: Page Cache Hit L3                                 0 / 0                14 / 152              14 / 152              14 / 152         ops/s
[70.148s][info][gc,stats    ]      Memory: Page Cache Miss                                   0 / 0                 1 / 87                1 / 87                1 / 87          ops/s
[70.148s][info][gc,stats    ]      Memory: Uncommit                                          0 / 0                 0 / 0                 0 / 0                 0 / 0           MB/s
[70.148s][info][gc,stats    ]      Memory: Undo Object Allocation Failed                     0 / 0                 0 / 0                 0 / 0                 0 / 0           ops/s
[70.148s][info][gc,stats    ]      Memory: Undo Object Allocation Succeeded                  0 / 0                 0 / 0                 0 / 0                 0 / 0           ops/s
[70.148s][info][gc,stats    ]      Memory: Undo Page Allocation                              0 / 0                 0 / 0                 0 / 0                 0 / 0           ops/s
[70.148s][info][gc,stats    ]       Phase: Concurrent Mark                              12.818 / 18.994       12.405 / 24.168       12.405 / 24.168       12.405 / 24.168      ms
[70.148s][info][gc,stats    ]       Phase: Concurrent Mark Continue                      0.000 / 0.000         0.000 / 0.000         0.000 / 0.000         0.000 / 0.000       ms
[70.148s][info][gc,stats    ]       Phase: Concurrent Mark Free                          0.001 / 0.001         0.001 / 0.002         0.001 / 0.002         0.001 / 0.002       ms
[70.148s][info][gc,stats    ]       Phase: Concurrent Process Non-Strong References      0.920 / 0.920         1.475 / 6.554         1.475 / 6.554         1.475 / 6.554       ms
[70.148s][info][gc,stats    ]       Phase: Concurrent Relocate                           3.488 / 3.503         3.626 / 4.601         3.626 / 4.601         3.626 / 4.601       ms
[70.148s][info][gc,stats    ]       Phase: Concurrent Reset Relocation Set               0.002 / 0.002         0.003 / 0.006         0.003 / 0.006         0.003 / 0.006       ms
[70.148s][info][gc,stats    ]       Phase: Concurrent Select Relocation Set              3.930 / 3.998         5.068 / 14.176        5.068 / 14.176        5.068 / 14.176      ms
[70.148s][info][gc,stats    ]       Phase: Pause Mark End                                0.022 / 0.022         0.025 / 0.034         0.025 / 0.034         0.025 / 0.034       ms
[70.148s][info][gc,stats    ]       Phase: Pause Mark Start                              0.019 / 0.020         0.017 / 0.020         0.017 / 0.020         0.017 / 0.020       ms
[70.148s][info][gc,stats    ]       Phase: Pause Relocate Start                          0.007 / 0.007         0.008 / 0.012         0.008 / 0.012         0.008 / 0.012       ms
[70.148s][info][gc,stats    ]    Subphase: Concurrent Classes Purge                      0.009 / 0.014         0.189 / 1.237         0.189 / 1.237         0.189 / 1.237       ms
[70.148s][info][gc,stats    ]    Subphase: Concurrent Classes Unlink                     0.626 / 0.629         0.999 / 4.999         0.999 / 4.999         0.999 / 4.999       ms
[70.148s][info][gc,stats    ]    Subphase: Concurrent Mark                              10.867 / 17.985       10.556 / 23.120       10.556 / 23.120       10.556 / 23.120      ms
[70.148s][info][gc,stats    ]    Subphase: Concurrent Mark Try Flush                     0.077 / 0.089         0.068 / 0.111         0.068 / 0.111         0.068 / 0.111       ms
[70.148s][info][gc,stats    ]    Subphase: Concurrent Mark Try Terminate                 7.070 / 15.634        4.107 / 16.687        4.107 / 16.687        4.107 / 16.687      ms
[70.148s][info][gc,stats    ]    Subphase: Concurrent References Enqueue                 0.000 / 0.000         0.001 / 0.005         0.001 / 0.005         0.001 / 0.005       ms
[70.148s][info][gc,stats    ]    Subphase: Concurrent References Process                 0.035 / 0.037         0.043 / 0.080         0.043 / 0.080         0.043 / 0.080       ms
[70.148s][info][gc,stats    ]    Subphase: Concurrent Roots ClassLoaderDataGraph         0.092 / 0.673         0.084 / 0.717         0.084 / 0.717         0.084 / 0.717       ms
[70.148s][info][gc,stats    ]    Subphase: Concurrent Roots CodeCache                    0.000 / 0.000         0.000 / 0.000         0.000 / 0.000         0.000 / 0.000       ms
[70.148s][info][gc,stats    ]    Subphase: Concurrent Roots JavaThreads                  0.451 / 0.919         0.471 / 1.054         0.471 / 1.054         0.471 / 1.054       ms
[70.148s][info][gc,stats    ]    Subphase: Concurrent Roots OopStorageSet                0.016 / 0.055         0.021 / 0.151         0.021 / 0.151         0.021 / 0.151       ms
[70.148s][info][gc,stats    ]    Subphase: Concurrent Weak Roots OopStorageSet           0.148 / 0.159         0.138 / 0.168         0.138 / 0.168         0.138 / 0.168       ms
[70.149s][info][gc,stats    ]    Subphase: Pause Mark Try Complete                       0.000 / 0.000         0.000 / 0.000         0.000 / 0.000         0.000 / 0.000       ms
[70.149s][info][gc,stats    ]      System: Java Threads                                     32 / 32               30 / 34               30 / 34               30 / 34          threads
[70.149s][info][gc,stats    ] =========================================================================================================================================================
[76.314s][info][gc,start    ] GC(11) Garbage Collection (System.gc())
[76.314s][info][gc,task     ] GC(11) Using 12 workers
[76.315s][info][gc,phases   ] GC(11) Pause Mark Start 0.018ms
[76.335s][info][gc,phases   ] GC(11) Concurrent Mark 20.447ms
[76.335s][info][gc,phases   ] GC(11) Pause Mark End 0.023ms
[76.335s][info][gc,phases   ] GC(11) Concurrent Mark Free 0.001ms
[76.336s][info][gc,phases   ] GC(11) Concurrent Process Non-Strong References 0.932ms
[76.336s][info][gc,phases   ] GC(11) Concurrent Reset Relocation Set 0.003ms
[76.340s][info][gc,phases   ] GC(11) Concurrent Select Relocation Set 3.946ms
[76.341s][info][gc,phases   ] GC(11) Pause Relocate Start 0.007ms
[76.344s][info][gc,phases   ] GC(11) Concurrent Relocate 3.187ms
[76.344s][info][gc,load     ] GC(11) Load: 0.00/0.00/0.00
[76.344s][info][gc,mmu      ] GC(11) MMU: 2ms/98.3%, 5ms/99.3%, 10ms/99.5%, 20ms/99.7%, 50ms/99.9%, 100ms/99.9%
[76.344s][info][gc,marking  ] GC(11) Mark: 8 stripe(s), 2 proactive flush(es), 1 terminate flush(es), 0 completion(s), 0 continuation(s) 
[76.344s][info][gc,marking  ] GC(11) Mark Stack Usage: 32M
[76.344s][info][gc,nmethod  ] GC(11) NMethods: 1899 registered, 354 unregistered
[76.344s][info][gc,metaspace] GC(11) Metaspace: 9M used, 10M committed, 1088M reserved
[76.344s][info][gc,ref      ] GC(11) Soft: 214 encountered, 0 discovered, 0 enqueued
[76.344s][info][gc,ref      ] GC(11) Weak: 796 encountered, 24 discovered, 0 enqueued
[76.344s][info][gc,ref      ] GC(11) Final: 0 encountered, 0 discovered, 0 enqueued
[76.344s][info][gc,ref      ] GC(11) Phantom: 27 encountered, 22 discovered, 0 enqueued
[76.344s][info][gc,reloc    ] GC(11) Small Pages: 1111 / 2222M, Empty: 2196M, Relocated: 4M, In-Place: 0
[76.344s][info][gc,reloc    ] GC(11) Medium Pages: 0 / 0M, Empty: 0M, Relocated: 0M, In-Place: 0
[76.344s][info][gc,reloc    ] GC(11) Large Pages: 0 / 0M, Empty: 0M, Relocated: 0M, In-Place: 0
[76.344s][info][gc,reloc    ] GC(11) Forwarding Usage: 1M
[76.344s][info][gc,heap     ] GC(11) Min Capacity: 8M(0%)
[76.344s][info][gc,heap     ] GC(11) Max Capacity: 30718M(100%)
[76.344s][info][gc,heap     ] GC(11) Soft Max Capacity: 30718M(100%)
[76.344s][info][gc,heap     ] GC(11)                Mark Start          Mark End        Relocate Start      Relocate End           High               Low         
[76.344s][info][gc,heap     ] GC(11)  Capacity:     2228M (7%)         2228M (7%)         2228M (7%)         2228M (7%)         2228M (7%)         2228M (7%)     
[76.344s][info][gc,heap     ] GC(11)      Free:    28496M (93%)       28496M (93%)       30692M (100%)      30694M (100%)      30694M (100%)      28496M (93%)    
[76.344s][info][gc,heap     ] GC(11)      Used:     2222M (7%)         2222M (7%)           26M (0%)           24M (0%)         2222M (7%)           24M (0%)     
[76.345s][info][gc,heap     ] GC(11)      Live:         -                 4M (0%)            4M (0%)            4M (0%)             -                  -          
[76.345s][info][gc,heap     ] GC(11) Allocated:         -                 0M (0%)            0M (0%)            0M (0%)             -                  -          
[76.345s][info][gc,heap     ] GC(11)   Garbage:         -              2217M (7%)           21M (0%)           19M (0%)             -                  -          
[76.345s][info][gc,heap     ] GC(11) Reclaimed:         -                  -              2196M (7%)         2198M (7%)             -                  -          
[76.345s][info][gc          ] GC(11) Garbage Collection (System.gc()) 2222M(7%)->24M(0%)
[80.153s][info][gc,stats    ] === Garbage Collection Statistics =======================================================================================================================
[80.153s][info][gc,stats    ]                                                              Last 10s              Last 10m              Last 10h                Total
[80.154s][info][gc,stats    ]                                                              Avg / Max             Avg / Max             Avg / Max             Avg / Max
[80.154s][info][gc,stats    ]   Collector: Garbage Collection Cycle                     29.593 / 29.593       26.459 / 47.906       26.459 / 47.906       26.459 / 47.906      ms
[80.154s][info][gc,stats    ]  Contention: Mark Segment Reset Contention                     0 / 2                 0 / 10                0 / 10                0 / 10          ops/s
[80.154s][info][gc,stats    ]  Contention: Mark SeqNum Reset Contention                      0 / 0                 0 / 1                 0 / 1                 0 / 1           ops/s
[80.154s][info][gc,stats    ]    Critical: Allocation Stall                                  0 / 0                 0 / 0                 0 / 0                 0 / 0           ops/s
[80.154s][info][gc,stats    ]    Critical: Allocation Stall                              0.000 / 0.000         0.000 / 0.000         0.000 / 0.000         0.000 / 0.000       ms
[80.154s][info][gc,stats    ]    Critical: GC Locker Stall                                   0 / 0                 0 / 0                 0 / 0                 0 / 0           ops/s
[80.154s][info][gc,stats    ]    Critical: GC Locker Stall                               0.000 / 0.000         0.000 / 0.000         0.000 / 0.000         0.000 / 0.000       ms
[80.154s][info][gc,stats    ]    Critical: Relocation Stall                                  0 / 0                 0 / 0                 0 / 0                 0 / 0           ops/s
[80.154s][info][gc,stats    ]    Critical: Relocation Stall                              0.000 / 0.000         0.000 / 0.000         0.000 / 0.000         0.000 / 0.000       ms
[80.154s][info][gc,stats    ]      Memory: Allocation Rate                                 322 / 340             318 / 350             318 / 350             318 / 350         MB/s
[80.154s][info][gc,stats    ]      Memory: Defragment                                        0 / 0                 0 / 0                 0 / 0                 0 / 0           ops/s
[80.154s][info][gc,stats    ]      Memory: Out Of Memory                                     0 / 0                 0 / 0                 0 / 0                 0 / 0           ops/s
[80.154s][info][gc,stats    ]      Memory: Page Cache Flush                                  0 / 0                 0 / 0                 0 / 0                 0 / 0           MB/s
[80.154s][info][gc,stats    ]      Memory: Page Cache Hit L1                               162 / 175             146 / 187             146 / 187             146 / 187         ops/s
[80.154s][info][gc,stats    ]      Memory: Page Cache Hit L2                                 0 / 0                 0 / 0                 0 / 0                 0 / 0           ops/s
[80.154s][info][gc,stats    ]      Memory: Page Cache Hit L3                                 0 / 0                12 / 152              12 / 152              12 / 152         ops/s
[80.154s][info][gc,stats    ]      Memory: Page Cache Miss                                   0 / 0                 1 / 87                1 / 87                1 / 87          ops/s
[80.154s][info][gc,stats    ]      Memory: Uncommit                                          0 / 0                 0 / 0                 0 / 0                 0 / 0           MB/s
[80.154s][info][gc,stats    ]      Memory: Undo Object Allocation Failed                     0 / 0                 0 / 0                 0 / 0                 0 / 0           ops/s
[80.154s][info][gc,stats    ]      Memory: Undo Object Allocation Succeeded                  0 / 0                 0 / 0                 0 / 0                 0 / 0           ops/s
[80.154s][info][gc,stats    ]      Memory: Undo Page Allocation                              0 / 0                 0 / 0                 0 / 0                 0 / 0           ops/s
[80.154s][info][gc,stats    ]       Phase: Concurrent Mark                              20.447 / 20.447       13.075 / 24.168       13.075 / 24.168       13.075 / 24.168      ms
[80.154s][info][gc,stats    ]       Phase: Concurrent Mark Continue                      0.000 / 0.000         0.000 / 0.000         0.000 / 0.000         0.000 / 0.000       ms
[80.154s][info][gc,stats    ]       Phase: Concurrent Mark Free                          0.001 / 0.001         0.001 / 0.002         0.001 / 0.002         0.001 / 0.002       ms
[80.154s][info][gc,stats    ]       Phase: Concurrent Process Non-Strong References      0.932 / 0.932         1.429 / 6.554         1.429 / 6.554         1.429 / 6.554       ms
[80.154s][info][gc,stats    ]       Phase: Concurrent Relocate                           3.187 / 3.187         3.590 / 4.601         3.590 / 4.601         3.590 / 4.601       ms
[80.154s][info][gc,stats    ]       Phase: Concurrent Reset Relocation Set               0.003 / 0.003         0.003 / 0.006         0.003 / 0.006         0.003 / 0.006       ms
[80.154s][info][gc,stats    ]       Phase: Concurrent Select Relocation Set              3.946 / 3.946         4.974 / 14.176        4.974 / 14.176        4.974 / 14.176      ms
[80.155s][info][gc,stats    ]       Phase: Pause Mark End                                0.023 / 0.023         0.024 / 0.034         0.024 / 0.034         0.024 / 0.034       ms
[80.155s][info][gc,stats    ]       Phase: Pause Mark Start                              0.018 / 0.018         0.017 / 0.020         0.017 / 0.020         0.017 / 0.020       ms
[80.155s][info][gc,stats    ]       Phase: Pause Relocate Start                          0.007 / 0.007         0.008 / 0.012         0.008 / 0.012         0.008 / 0.012       ms
[80.155s][info][gc,stats    ]    Subphase: Concurrent Classes Purge                      0.024 / 0.024         0.175 / 1.237         0.175 / 1.237         0.175 / 1.237       ms
[80.155s][info][gc,stats    ]    Subphase: Concurrent Classes Unlink                     0.623 / 0.623         0.968 / 4.999         0.968 / 4.999         0.968 / 4.999       ms
[80.155s][info][gc,stats    ]    Subphase: Concurrent Mark                              18.221 / 19.410       11.194 / 23.120       11.194 / 23.120       11.194 / 23.120      ms
[80.155s][info][gc,stats    ]    Subphase: Concurrent Mark Try Flush                     0.051 / 0.089         0.067 / 0.111         0.067 / 0.111         0.067 / 0.111       ms
[80.155s][info][gc,stats    ]    Subphase: Concurrent Mark Try Terminate                10.412 / 16.672        4.546 / 16.687        4.546 / 16.687        4.546 / 16.687      ms
[80.155s][info][gc,stats    ]    Subphase: Concurrent References Enqueue                 0.000 / 0.000         0.001 / 0.005         0.001 / 0.005         0.001 / 0.005       ms
[80.155s][info][gc,stats    ]    Subphase: Concurrent References Process                 0.037 / 0.037         0.043 / 0.080         0.043 / 0.080         0.043 / 0.080       ms
[80.155s][info][gc,stats    ]    Subphase: Concurrent Roots ClassLoaderDataGraph         0.081 / 0.659         0.084 / 0.717         0.084 / 0.717         0.084 / 0.717       ms
[80.155s][info][gc,stats    ]    Subphase: Concurrent Roots CodeCache                    0.000 / 0.000         0.000 / 0.000         0.000 / 0.000         0.000 / 0.000       ms
[80.155s][info][gc,stats    ]    Subphase: Concurrent Roots JavaThreads                  0.421 / 0.925         0.467 / 1.054         0.467 / 1.054         0.467 / 1.054       ms
[80.155s][info][gc,stats    ]    Subphase: Concurrent Roots OopStorageSet                0.015 / 0.056         0.020 / 0.151         0.020 / 0.151         0.020 / 0.151       ms
[80.155s][info][gc,stats    ]    Subphase: Concurrent Weak Roots OopStorageSet           0.151 / 0.160         0.139 / 0.168         0.139 / 0.168         0.139 / 0.168       ms
[80.155s][info][gc,stats    ]    Subphase: Pause Mark Try Complete                       0.000 / 0.000         0.000 / 0.000         0.000 / 0.000         0.000 / 0.000       ms
[80.155s][info][gc,stats    ]      System: Java Threads                                     32 / 32               30 / 34               30 / 34               30 / 34          threads
[80.155s][info][gc,stats    ] =========================================================================================================================================================
[83.027s][info][gc,start    ] GC(12) Garbage Collection (System.gc())
[83.027s][info][gc,task     ] GC(12) Using 12 workers
[83.027s][info][gc,phases   ] GC(12) Pause Mark Start 0.018ms
[83.036s][info][gc,phases   ] GC(12) Concurrent Mark 8.765ms
[83.036s][info][gc,phases   ] GC(12) Pause Mark End 0.020ms
[83.036s][info][gc,phases   ] GC(12) Concurrent Mark Free 0.001ms
[83.037s][info][gc,phases   ] GC(12) Concurrent Process Non-Strong References 0.866ms
[83.037s][info][gc,phases   ] GC(12) Concurrent Reset Relocation Set 0.002ms
[83.041s][info][gc,phases   ] GC(12) Concurrent Select Relocation Set 3.889ms
[83.041s][info][gc,phases   ] GC(12) Pause Relocate Start 0.007ms
[83.045s][info][gc,phases   ] GC(12) Concurrent Relocate 3.213ms
[83.045s][info][gc,load     ] GC(12) Load: 0.00/0.00/0.00
[83.045s][info][gc,mmu      ] GC(12) MMU: 2ms/98.3%, 5ms/99.3%, 10ms/99.5%, 20ms/99.7%, 50ms/99.9%, 100ms/99.9%
[83.045s][info][gc,marking  ] GC(12) Mark: 8 stripe(s), 4 proactive flush(es), 1 terminate flush(es), 0 completion(s), 0 continuation(s) 
[83.045s][info][gc,marking  ] GC(12) Mark Stack Usage: 32M
[83.045s][info][gc,nmethod  ] GC(12) NMethods: 1909 registered, 355 unregistered
[83.045s][info][gc,metaspace] GC(12) Metaspace: 9M used, 10M committed, 1088M reserved
[83.045s][info][gc,ref      ] GC(12) Soft: 214 encountered, 0 discovered, 0 enqueued
[83.045s][info][gc,ref      ] GC(12) Weak: 796 encountered, 51 discovered, 0 enqueued
[83.045s][info][gc,ref      ] GC(12) Final: 0 encountered, 0 discovered, 0 enqueued
[83.045s][info][gc,ref      ] GC(12) Phantom: 27 encountered, 18 discovered, 0 enqueued
[83.045s][info][gc,reloc    ] GC(12) Small Pages: 1110 / 2220M, Empty: 2194M, Relocated: 4M, In-Place: 0
[83.045s][info][gc,reloc    ] GC(12) Medium Pages: 0 / 0M, Empty: 0M, Relocated: 0M, In-Place: 0
[83.045s][info][gc,reloc    ] GC(12) Large Pages: 0 / 0M, Empty: 0M, Relocated: 0M, In-Place: 0
[83.045s][info][gc,reloc    ] GC(12) Forwarding Usage: 1M
[83.045s][info][gc,heap     ] GC(12) Min Capacity: 8M(0%)
[83.045s][info][gc,heap     ] GC(12) Max Capacity: 30718M(100%)
[83.045s][info][gc,heap     ] GC(12) Soft Max Capacity: 30718M(100%)
[83.045s][info][gc,heap     ] GC(12)                Mark Start          Mark End        Relocate Start      Relocate End           High               Low         
[83.045s][info][gc,heap     ] GC(12)  Capacity:     2228M (7%)         2228M (7%)         2228M (7%)         2228M (7%)         2228M (7%)         2228M (7%)     
[83.045s][info][gc,heap     ] GC(12)      Free:    28498M (93%)       28498M (93%)       30692M (100%)      30694M (100%)      30694M (100%)      28498M (93%)    
[83.045s][info][gc,heap     ] GC(12)      Used:     2220M (7%)         2220M (7%)           26M (0%)           24M (0%)         2220M (7%)           24M (0%)     
[83.045s][info][gc,heap     ] GC(12)      Live:         -                 4M (0%)            4M (0%)            4M (0%)             -                  -          
[83.045s][info][gc,heap     ] GC(12) Allocated:         -                 0M (0%)            0M (0%)            0M (0%)             -                  -          
[83.046s][info][gc,heap     ] GC(12)   Garbage:         -              2215M (7%)           21M (0%)           19M (0%)             -                  -          
[83.046s][info][gc,heap     ] GC(12) Reclaimed:         -                  -              2194M (7%)         2196M (7%)             -                  -          
[83.046s][info][gc          ] GC(12) Garbage Collection (System.gc()) 2220M(7%)->24M(0%)
[89.634s][info][gc,start    ] GC(13) Garbage Collection (System.gc())
[89.634s][info][gc,task     ] GC(13) Using 12 workers
[89.634s][info][gc,phases   ] GC(13) Pause Mark Start 0.018ms
[89.644s][info][gc,phases   ] GC(13) Concurrent Mark 8.943ms
[89.644s][info][gc,phases   ] GC(13) Pause Mark End 0.021ms
[89.644s][info][gc,phases   ] GC(13) Concurrent Mark Free 0.001ms
[89.645s][info][gc,phases   ] GC(13) Concurrent Process Non-Strong References 0.902ms
[89.645s][info][gc,phases   ] GC(13) Concurrent Reset Relocation Set 0.002ms
[89.649s][info][gc,phases   ] GC(13) Concurrent Select Relocation Set 3.979ms
[89.649s][info][gc,phases   ] GC(13) Pause Relocate Start 0.007ms
[89.652s][info][gc,phases   ] GC(13) Concurrent Relocate 3.299ms
[89.652s][info][gc,load     ] GC(13) Load: 0.00/0.00/0.00
[89.652s][info][gc,mmu      ] GC(13) MMU: 2ms/98.3%, 5ms/99.3%, 10ms/99.5%, 20ms/99.7%, 50ms/99.9%, 100ms/99.9%
[89.652s][info][gc,marking  ] GC(13) Mark: 8 stripe(s), 2 proactive flush(es), 1 terminate flush(es), 0 completion(s), 0 continuation(s) 
[89.652s][info][gc,marking  ] GC(13) Mark Stack Usage: 32M
[89.653s][info][gc,nmethod  ] GC(13) NMethods: 1918 registered, 357 unregistered
[89.653s][info][gc,metaspace] GC(13) Metaspace: 9M used, 10M committed, 1088M reserved
[89.653s][info][gc,ref      ] GC(13) Soft: 214 encountered, 0 discovered, 0 enqueued
[89.653s][info][gc,ref      ] GC(13) Weak: 796 encountered, 25 discovered, 0 enqueued
[89.653s][info][gc,ref      ] GC(13) Final: 0 encountered, 0 discovered, 0 enqueued
[89.653s][info][gc,ref      ] GC(13) Phantom: 27 encountered, 14 discovered, 0 enqueued
[89.653s][info][gc,reloc    ] GC(13) Small Pages: 1105 / 2210M, Empty: 2182M, Relocated: 4M, In-Place: 0
[89.653s][info][gc,reloc    ] GC(13) Medium Pages: 0 / 0M, Empty: 0M, Relocated: 0M, In-Place: 0
[89.653s][info][gc,reloc    ] GC(13) Large Pages: 0 / 0M, Empty: 0M, Relocated: 0M, In-Place: 0
[89.653s][info][gc,reloc    ] GC(13) Forwarding Usage: 1M
[89.653s][info][gc,heap     ] GC(13) Min Capacity: 8M(0%)
[89.653s][info][gc,heap     ] GC(13) Max Capacity: 30718M(100%)
[89.653s][info][gc,heap     ] GC(13) Soft Max Capacity: 30718M(100%)
[89.653s][info][gc,heap     ] GC(13)                Mark Start          Mark End        Relocate Start      Relocate End           High               Low         
[89.653s][info][gc,heap     ] GC(13)  Capacity:     2228M (7%)         2228M (7%)         2228M (7%)         2228M (7%)         2228M (7%)         2228M (7%)     
[89.653s][info][gc,heap     ] GC(13)      Free:    28508M (93%)       28508M (93%)       30690M (100%)      30694M (100%)      30694M (100%)      28508M (93%)    
[89.653s][info][gc,heap     ] GC(13)      Used:     2210M (7%)         2210M (7%)           28M (0%)           24M (0%)         2210M (7%)           24M (0%)     
[89.653s][info][gc,heap     ] GC(13)      Live:         -                 4M (0%)            4M (0%)            4M (0%)             -                  -          
[89.653s][info][gc,heap     ] GC(13) Allocated:         -                 0M (0%)            0M (0%)            0M (0%)             -                  -          
[89.653s][info][gc,heap     ] GC(13)   Garbage:         -              2205M (7%)           23M (0%)           19M (0%)             -                  -          
[89.653s][info][gc,heap     ] GC(13) Reclaimed:         -                  -              2182M (7%)         2186M (7%)             -                  -          
[89.653s][info][gc          ] GC(13) Garbage Collection (System.gc()) 2210M(7%)->24M(0%)
[90.156s][info][gc,stats    ] === Garbage Collection Statistics =======================================================================================================================
[90.156s][info][gc,stats    ]                                                              Last 10s              Last 10m              Last 10h                Total
[90.156s][info][gc,stats    ]                                                              Avg / Max             Avg / Max             Avg / Max             Avg / Max
[90.157s][info][gc,stats    ]   Collector: Garbage Collection Cycle                     17.933 / 18.164       25.241 / 47.906       25.241 / 47.906       25.241 / 47.906      ms
[90.157s][info][gc,stats    ]  Contention: Mark Segment Reset Contention                     0 / 1                 0 / 10                0 / 10                0 / 10          ops/s
[90.157s][info][gc,stats    ]  Contention: Mark SeqNum Reset Contention                      0 / 1                 0 / 1                 0 / 1                 0 / 1           ops/s
[90.157s][info][gc,stats    ]    Critical: Allocation Stall                                  0 / 0                 0 / 0                 0 / 0                 0 / 0           ops/s
[90.157s][info][gc,stats    ]    Critical: Allocation Stall                              0.000 / 0.000         0.000 / 0.000         0.000 / 0.000         0.000 / 0.000       ms
[90.157s][info][gc,stats    ]    Critical: GC Locker Stall                                   0 / 0                 0 / 0                 0 / 0                 0 / 0           ops/s
[90.157s][info][gc,stats    ]    Critical: GC Locker Stall                               0.000 / 0.000         0.000 / 0.000         0.000 / 0.000         0.000 / 0.000       ms
[90.157s][info][gc,stats    ]    Critical: Relocation Stall                                  0 / 0                 0 / 0                 0 / 0                 0 / 0           ops/s
[90.157s][info][gc,stats    ]    Critical: Relocation Stall                              0.000 / 0.000         0.000 / 0.000         0.000 / 0.000         0.000 / 0.000       ms
[90.157s][info][gc,stats    ]      Memory: Allocation Rate                                 329 / 340             319 / 350             319 / 350             319 / 350         MB/s
[90.157s][info][gc,stats    ]      Memory: Defragment                                        0 / 0                 0 / 0                 0 / 0                 0 / 0           ops/s
[90.157s][info][gc,stats    ]      Memory: Out Of Memory                                     0 / 0                 0 / 0                 0 / 0                 0 / 0           ops/s
[90.157s][info][gc,stats    ]      Memory: Page Cache Flush                                  0 / 0                 0 / 0                 0 / 0                 0 / 0           MB/s
[90.157s][info][gc,stats    ]      Memory: Page Cache Hit L1                               167 / 178             149 / 187             149 / 187             149 / 187         ops/s
[90.157s][info][gc,stats    ]      Memory: Page Cache Hit L2                                 0 / 0                 0 / 0                 0 / 0                 0 / 0           ops/s
[90.157s][info][gc,stats    ]      Memory: Page Cache Hit L3                                 0 / 0                11 / 152              11 / 152              11 / 152         ops/s
[90.157s][info][gc,stats    ]      Memory: Page Cache Miss                                   0 / 0                 1 / 87                1 / 87                1 / 87          ops/s
[90.157s][info][gc,stats    ]      Memory: Uncommit                                          0 / 0                 0 / 0                 0 / 0                 0 / 0           MB/s
[90.157s][info][gc,stats    ]      Memory: Undo Object Allocation Failed                     0 / 0                 0 / 0                 0 / 0                 0 / 0           ops/s
[90.157s][info][gc,stats    ]      Memory: Undo Object Allocation Succeeded                  0 / 0                 0 / 0                 0 / 0                 0 / 0           ops/s
[90.157s][info][gc,stats    ]      Memory: Undo Page Allocation                              0 / 0                 0 / 0                 0 / 0                 0 / 0           ops/s
[90.157s][info][gc,stats    ]       Phase: Concurrent Mark                               8.854 / 8.943        12.472 / 24.168       12.472 / 24.168       12.472 / 24.168      ms
[90.157s][info][gc,stats    ]       Phase: Concurrent Mark Continue                      0.000 / 0.000         0.000 / 0.000         0.000 / 0.000         0.000 / 0.000       ms
[90.157s][info][gc,stats    ]       Phase: Concurrent Mark Free                          0.001 / 0.001         0.001 / 0.002         0.001 / 0.002         0.001 / 0.002       ms
[90.157s][info][gc,stats    ]       Phase: Concurrent Process Non-Strong References      0.884 / 0.902         1.351 / 6.554         1.351 / 6.554         1.351 / 6.554       ms
[90.157s][info][gc,stats    ]       Phase: Concurrent Relocate                           3.256 / 3.299         3.542 / 4.601         3.542 / 4.601         3.542 / 4.601       ms
[90.157s][info][gc,stats    ]       Phase: Concurrent Reset Relocation Set               0.002 / 0.002         0.003 / 0.006         0.003 / 0.006         0.003 / 0.006       ms
[90.157s][info][gc,stats    ]       Phase: Concurrent Select Relocation Set              3.934 / 3.979         4.826 / 14.176        4.826 / 14.176        4.826 / 14.176      ms
[90.158s][info][gc,stats    ]       Phase: Pause Mark End                                0.021 / 0.021         0.024 / 0.034         0.024 / 0.034         0.024 / 0.034       ms
[90.158s][info][gc,stats    ]       Phase: Pause Mark Start                              0.018 / 0.018         0.017 / 0.020         0.017 / 0.020         0.017 / 0.020       ms
[90.158s][info][gc,stats    ]       Phase: Pause Relocate Start                          0.007 / 0.007         0.008 / 0.012         0.008 / 0.012         0.008 / 0.012       ms
[90.158s][info][gc,stats    ]    Subphase: Concurrent Classes Purge                      0.019 / 0.023         0.153 / 1.237         0.153 / 1.237         0.153 / 1.237       ms
[90.158s][info][gc,stats    ]    Subphase: Concurrent Classes Unlink                     0.596 / 0.607         0.915 / 4.999         0.915 / 4.999         0.915 / 4.999       ms
[90.158s][info][gc,stats    ]    Subphase: Concurrent Mark                               7.438 / 7.850        10.658 / 23.120       10.658 / 23.120       10.658 / 23.120      ms
[90.158s][info][gc,stats    ]    Subphase: Concurrent Mark Try Flush                     0.062 / 0.092         0.066 / 0.111         0.066 / 0.111         0.066 / 0.111       ms
[90.158s][info][gc,stats    ]    Subphase: Concurrent Mark Try Terminate                 1.662 / 2.033         3.954 / 16.687        3.954 / 16.687        3.954 / 16.687      ms
[90.158s][info][gc,stats    ]    Subphase: Concurrent References Enqueue                 0.000 / 0.000         0.001 / 0.005         0.001 / 0.005         0.001 / 0.005       ms
[90.158s][info][gc,stats    ]    Subphase: Concurrent References Process                 0.034 / 0.037         0.042 / 0.080         0.042 / 0.080         0.042 / 0.080       ms
[90.158s][info][gc,stats    ]    Subphase: Concurrent Roots ClassLoaderDataGraph         0.076 / 0.675         0.083 / 0.717         0.083 / 0.717         0.083 / 0.717       ms
[90.158s][info][gc,stats    ]    Subphase: Concurrent Roots CodeCache                    0.000 / 0.000         0.000 / 0.000         0.000 / 0.000         0.000 / 0.000       ms
[90.158s][info][gc,stats    ]    Subphase: Concurrent Roots JavaThreads                  0.434 / 0.998         0.462 / 1.054         0.462 / 1.054         0.462 / 1.054       ms
[90.158s][info][gc,stats    ]    Subphase: Concurrent Roots OopStorageSet                0.015 / 0.055         0.019 / 0.151         0.019 / 0.151         0.019 / 0.151       ms
[90.158s][info][gc,stats    ]    Subphase: Concurrent Weak Roots OopStorageSet           0.142 / 0.151         0.140 / 0.168         0.140 / 0.168         0.140 / 0.168       ms
[90.158s][info][gc,stats    ]    Subphase: Pause Mark Try Complete                       0.000 / 0.000         0.000 / 0.000         0.000 / 0.000         0.000 / 0.000       ms
[90.158s][info][gc,stats    ]      System: Java Threads                                     32 / 32               31 / 34               31 / 34               31 / 34          threads
[90.158s][info][gc,stats    ] =========================================================================================================================================================
[96.317s][info][gc,start    ] GC(14) Garbage Collection (System.gc())
[96.317s][info][gc,task     ] GC(14) Using 12 workers
[96.317s][info][gc,phases   ] GC(14) Pause Mark Start 0.021ms
[96.324s][info][gc,phases   ] GC(14) Concurrent Mark 6.956ms
[96.324s][info][gc,phases   ] GC(14) Pause Mark End 0.022ms
[96.324s][info][gc,phases   ] GC(14) Concurrent Mark Free 0.001ms
[96.325s][info][gc,phases   ] GC(14) Concurrent Process Non-Strong References 0.873ms
[96.325s][info][gc,phases   ] GC(14) Concurrent Reset Relocation Set 0.003ms
[96.329s][info][gc,phases   ] GC(14) Concurrent Select Relocation Set 3.833ms
[96.329s][info][gc,phases   ] GC(14) Pause Relocate Start 0.007ms
[96.332s][info][gc,phases   ] GC(14) Concurrent Relocate 3.013ms
[96.332s][info][gc,load     ] GC(14) Load: 0.00/0.00/0.00
[96.332s][info][gc,mmu      ] GC(14) MMU: 2ms/98.3%, 5ms/99.3%, 10ms/99.5%, 20ms/99.7%, 50ms/99.9%, 100ms/99.9%
[96.332s][info][gc,marking  ] GC(14) Mark: 8 stripe(s), 1 proactive flush(es), 1 terminate flush(es), 0 completion(s), 0 continuation(s) 
[96.332s][info][gc,marking  ] GC(14) Mark Stack Usage: 32M
[96.332s][info][gc,nmethod  ] GC(14) NMethods: 1929 registered, 357 unregistered
[96.332s][info][gc,metaspace] GC(14) Metaspace: 9M used, 10M committed, 1088M reserved
[96.333s][info][gc,ref      ] GC(14) Soft: 214 encountered, 0 discovered, 0 enqueued
[96.333s][info][gc,ref      ] GC(14) Weak: 796 encountered, 44 discovered, 0 enqueued
[96.333s][info][gc,ref      ] GC(14) Final: 0 encountered, 0 discovered, 0 enqueued
[96.333s][info][gc,ref      ] GC(14) Phantom: 27 encountered, 17 discovered, 0 enqueued
[96.333s][info][gc,reloc    ] GC(14) Small Pages: 1105 / 2210M, Empty: 2184M, Relocated: 4M, In-Place: 0
[96.333s][info][gc,reloc    ] GC(14) Medium Pages: 0 / 0M, Empty: 0M, Relocated: 0M, In-Place: 0
[96.333s][info][gc,reloc    ] GC(14) Large Pages: 0 / 0M, Empty: 0M, Relocated: 0M, In-Place: 0
[96.333s][info][gc,reloc    ] GC(14) Forwarding Usage: 1M
[96.333s][info][gc,heap     ] GC(14) Min Capacity: 8M(0%)
[96.333s][info][gc,heap     ] GC(14) Max Capacity: 30718M(100%)
[96.333s][info][gc,heap     ] GC(14) Soft Max Capacity: 30718M(100%)
[96.333s][info][gc,heap     ] GC(14)                Mark Start          Mark End        Relocate Start      Relocate End           High               Low         
[96.333s][info][gc,heap     ] GC(14)  Capacity:     2228M (7%)         2228M (7%)         2228M (7%)         2228M (7%)         2228M (7%)         2228M (7%)     
[96.333s][info][gc,heap     ] GC(14)      Free:    28508M (93%)       28508M (93%)       30692M (100%)      30694M (100%)      30694M (100%)      28508M (93%)    
[96.333s][info][gc,heap     ] GC(14)      Used:     2210M (7%)         2210M (7%)           26M (0%)           24M (0%)         2210M (7%)           24M (0%)     
[96.333s][info][gc,heap     ] GC(14)      Live:         -                 4M (0%)            4M (0%)            4M (0%)             -                  -          
[96.333s][info][gc,heap     ] GC(14) Allocated:         -                 0M (0%)            0M (0%)            0M (0%)             -                  -          
[96.333s][info][gc,heap     ] GC(14)   Garbage:         -              2205M (7%)           21M (0%)           19M (0%)             -                  -          
[96.333s][info][gc,heap     ] GC(14) Reclaimed:         -                  -              2184M (7%)         2186M (7%)             -                  -          
[96.333s][info][gc          ] GC(14) Garbage Collection (System.gc()) 2210M(7%)->24M(0%)
[100.145s][info][gc,stats    ] === Garbage Collection Statistics =======================================================================================================================
[100.145s][info][gc,stats    ]                                                              Last 10s              Last 10m              Last 10h                Total
[100.145s][info][gc,stats    ]                                                              Avg / Max             Avg / Max             Avg / Max             Avg / Max
[100.145s][info][gc,stats    ]   Collector: Garbage Collection Cycle                     15.835 / 15.835       24.614 / 47.906       24.614 / 47.906       24.614 / 47.906      ms
[100.146s][info][gc,stats    ]  Contention: Mark Segment Reset Contention                     0 / 3                 0 / 10                0 / 10                0 / 10          ops/s
[100.146s][info][gc,stats    ]  Contention: Mark SeqNum Reset Contention                      0 / 0                 0 / 1                 0 / 1                 0 / 1           ops/s
[100.146s][info][gc,stats    ]    Critical: Allocation Stall                                  0 / 0                 0 / 0                 0 / 0                 0 / 0           ops/s
[100.146s][info][gc,stats    ]    Critical: Allocation Stall                              0.000 / 0.000         0.000 / 0.000         0.000 / 0.000         0.000 / 0.000       ms
[100.146s][info][gc,stats    ]    Critical: GC Locker Stall                                   0 / 0                 0 / 0                 0 / 0                 0 / 0           ops/s
[100.146s][info][gc,stats    ]    Critical: GC Locker Stall                               0.000 / 0.000         0.000 / 0.000         0.000 / 0.000         0.000 / 0.000       ms
[100.146s][info][gc,stats    ]    Critical: Relocation Stall                                  0 / 0                 0 / 0                 0 / 0                 0 / 0           ops/s
[100.146s][info][gc,stats    ]    Critical: Relocation Stall                              0.000 / 0.000         0.000 / 0.000         0.000 / 0.000         0.000 / 0.000       ms
[100.146s][info][gc,stats    ]      Memory: Allocation Rate                                 328 / 336             320 / 350             320 / 350             320 / 350         MB/s
[100.146s][info][gc,stats    ]      Memory: Defragment                                        0 / 0                 0 / 0                 0 / 0                 0 / 0           ops/s
[100.146s][info][gc,stats    ]      Memory: Out Of Memory                                     0 / 0                 0 / 0                 0 / 0                 0 / 0           ops/s
[100.146s][info][gc,stats    ]      Memory: Page Cache Flush                                  0 / 0                 0 / 0                 0 / 0                 0 / 0           MB/s
[100.146s][info][gc,stats    ]      Memory: Page Cache Hit L1                               165 / 179             150 / 187             150 / 187             150 / 187         ops/s
[100.146s][info][gc,stats    ]      Memory: Page Cache Hit L2                                 0 / 0                 0 / 0                 0 / 0                 0 / 0           ops/s
[100.146s][info][gc,stats    ]      Memory: Page Cache Hit L3                                 0 / 0                10 / 152              10 / 152              10 / 152         ops/s
[100.146s][info][gc,stats    ]      Memory: Page Cache Miss                                   0 / 0                 0 / 87                0 / 87                0 / 87          ops/s
[100.146s][info][gc,stats    ]      Memory: Uncommit                                          0 / 0                 0 / 0                 0 / 0                 0 / 0           MB/s
[100.146s][info][gc,stats    ]      Memory: Undo Object Allocation Failed                     0 / 0                 0 / 0                 0 / 0                 0 / 0           ops/s
[100.146s][info][gc,stats    ]      Memory: Undo Object Allocation Succeeded                  0 / 0                 0 / 0                 0 / 0                 0 / 0           ops/s
[100.146s][info][gc,stats    ]      Memory: Undo Page Allocation                              0 / 0                 0 / 0                 0 / 0                 0 / 0           ops/s
[100.146s][info][gc,stats    ]       Phase: Concurrent Mark                               6.956 / 6.956        12.104 / 24.168       12.104 / 24.168       12.104 / 24.168      ms
[100.146s][info][gc,stats    ]       Phase: Concurrent Mark Continue                      0.000 / 0.000         0.000 / 0.000         0.000 / 0.000         0.000 / 0.000       ms
[100.146s][info][gc,stats    ]       Phase: Concurrent Mark Free                          0.001 / 0.001         0.001 / 0.002         0.001 / 0.002         0.001 / 0.002       ms
[100.146s][info][gc,stats    ]       Phase: Concurrent Process Non-Strong References      0.873 / 0.873         1.319 / 6.554         1.319 / 6.554         1.319 / 6.554       ms
[100.146s][info][gc,stats    ]       Phase: Concurrent Relocate                           3.013 / 3.013         3.507 / 4.601         3.507 / 4.601         3.507 / 4.601       ms
[100.146s][info][gc,stats    ]       Phase: Concurrent Reset Relocation Set               0.003 / 0.003         0.003 / 0.006         0.003 / 0.006         0.003 / 0.006       ms
[100.146s][info][gc,stats    ]       Phase: Concurrent Select Relocation Set              3.833 / 3.833         4.760 / 14.176        4.760 / 14.176        4.760 / 14.176      ms
[100.146s][info][gc,stats    ]       Phase: Pause Mark End                                0.022 / 0.022         0.024 / 0.034         0.024 / 0.034         0.024 / 0.034       ms
[100.146s][info][gc,stats    ]       Phase: Pause Mark Start                              0.021 / 0.021         0.018 / 0.021         0.018 / 0.021         0.018 / 0.021       ms
[100.147s][info][gc,stats    ]       Phase: Pause Relocate Start                          0.007 / 0.007         0.008 / 0.012         0.008 / 0.012         0.008 / 0.012       ms
[100.147s][info][gc,stats    ]    Subphase: Concurrent Classes Purge                      0.004 / 0.004         0.143 / 1.237         0.143 / 1.237         0.143 / 1.237       ms
[100.147s][info][gc,stats    ]    Subphase: Concurrent Classes Unlink                     0.595 / 0.595         0.893 / 4.999         0.893 / 4.999         0.893 / 4.999       ms
[100.147s][info][gc,stats    ]    Subphase: Concurrent Mark                               5.887 / 5.977        10.340 / 23.120       10.340 / 23.120       10.340 / 23.120      ms
[100.147s][info][gc,stats    ]    Subphase: Concurrent Mark Try Flush                     0.062 / 0.082         0.066 / 0.111         0.066 / 0.111         0.066 / 0.111       ms
[100.147s][info][gc,stats    ]    Subphase: Concurrent Mark Try Terminate                 1.612 / 2.017         3.804 / 16.687        3.804 / 16.687        3.804 / 16.687      ms
[100.147s][info][gc,stats    ]    Subphase: Concurrent References Enqueue                 0.000 / 0.000         0.001 / 0.005         0.001 / 0.005         0.001 / 0.005       ms
[100.147s][info][gc,stats    ]    Subphase: Concurrent References Process                 0.035 / 0.035         0.041 / 0.080         0.041 / 0.080         0.041 / 0.080       ms
[100.147s][info][gc,stats    ]    Subphase: Concurrent Roots ClassLoaderDataGraph         0.097 / 0.621         0.083 / 0.717         0.083 / 0.717         0.083 / 0.717       ms
[100.147s][info][gc,stats    ]    Subphase: Concurrent Roots CodeCache                    0.000 / 0.000         0.000 / 0.000         0.000 / 0.000         0.000 / 0.000       ms
[100.147s][info][gc,stats    ]    Subphase: Concurrent Roots JavaThreads                  0.379 / 0.856         0.457 / 1.054         0.457 / 1.054         0.457 / 1.054       ms
[100.147s][info][gc,stats    ]    Subphase: Concurrent Roots OopStorageSet                0.015 / 0.059         0.019 / 0.151         0.019 / 0.151         0.019 / 0.151       ms
[100.147s][info][gc,stats    ]    Subphase: Concurrent Weak Roots OopStorageSet           0.144 / 0.152         0.140 / 0.168         0.140 / 0.168         0.140 / 0.168       ms
[100.147s][info][gc,stats    ]    Subphase: Pause Mark Try Complete                       0.000 / 0.000         0.000 / 0.000         0.000 / 0.000         0.000 / 0.000       ms
[100.147s][info][gc,stats    ]      System: Java Threads                                     32 / 32               31 / 34               31 / 34               31 / 34          threads
[100.147s][info][gc,stats    ] =========================================================================================================================================================
[102.902s][info][gc,start    ] GC(15) Garbage Collection (System.gc())
[102.902s][info][gc,task     ] GC(15) Using 12 workers
[102.902s][info][gc,phases   ] GC(15) Pause Mark Start 0.017ms
[102.913s][info][gc,phases   ] GC(15) Concurrent Mark 10.766ms
[102.913s][info][gc,phases   ] GC(15) Pause Mark End 0.022ms
[102.913s][info][gc,phases   ] GC(15) Concurrent Mark Free 0.001ms
[102.914s][info][gc,phases   ] GC(15) Concurrent Process Non-Strong References 0.962ms
[102.914s][info][gc,phases   ] GC(15) Concurrent Reset Relocation Set 0.003ms
[102.918s][info][gc,phases   ] GC(15) Concurrent Select Relocation Set 4.106ms
[102.918s][info][gc,phases   ] GC(15) Pause Relocate Start 0.011ms
[102.923s][info][gc,phases   ] GC(15) Concurrent Relocate 4.448ms
[102.923s][info][gc,load     ] GC(15) Load: 0.00/0.00/0.00
[102.923s][info][gc,mmu      ] GC(15) MMU: 2ms/98.3%, 5ms/99.3%, 10ms/99.5%, 20ms/99.7%, 50ms/99.9%, 100ms/99.9%
[102.923s][info][gc,marking  ] GC(15) Mark: 8 stripe(s), 3 proactive flush(es), 1 terminate flush(es), 0 completion(s), 0 continuation(s) 
[102.923s][info][gc,marking  ] GC(15) Mark Stack Usage: 32M
[102.923s][info][gc,nmethod  ] GC(15) NMethods: 1937 registered, 357 unregistered
[102.923s][info][gc,metaspace] GC(15) Metaspace: 9M used, 10M committed, 1088M reserved
[102.923s][info][gc,ref      ] GC(15) Soft: 214 encountered, 0 discovered, 0 enqueued
[102.923s][info][gc,ref      ] GC(15) Weak: 796 encountered, 32 discovered, 0 enqueued
[102.923s][info][gc,ref      ] GC(15) Final: 0 encountered, 0 discovered, 0 enqueued
[102.923s][info][gc,ref      ] GC(15) Phantom: 27 encountered, 15 discovered, 0 enqueued
[102.923s][info][gc,reloc    ] GC(15) Small Pages: 1105 / 2210M, Empty: 2184M, Relocated: 4M, In-Place: 0
[102.923s][info][gc,reloc    ] GC(15) Medium Pages: 0 / 0M, Empty: 0M, Relocated: 0M, In-Place: 0
[102.923s][info][gc,reloc    ] GC(15) Large Pages: 0 / 0M, Empty: 0M, Relocated: 0M, In-Place: 0
[102.923s][info][gc,reloc    ] GC(15) Forwarding Usage: 1M
[102.923s][info][gc,heap     ] GC(15) Min Capacity: 8M(0%)
[102.923s][info][gc,heap     ] GC(15) Max Capacity: 30718M(100%)
[102.923s][info][gc,heap     ] GC(15) Soft Max Capacity: 30718M(100%)
[102.923s][info][gc,heap     ] GC(15)                Mark Start          Mark End        Relocate Start      Relocate End           High               Low         
[102.923s][info][gc,heap     ] GC(15)  Capacity:     2228M (7%)         2228M (7%)         2228M (7%)         2228M (7%)         2228M (7%)         2228M (7%)     
[102.923s][info][gc,heap     ] GC(15)      Free:    28508M (93%)       28508M (93%)       30692M (100%)      30694M (100%)      30694M (100%)      28508M (93%)    
[102.924s][info][gc,heap     ] GC(15)      Used:     2210M (7%)         2210M (7%)           26M (0%)           24M (0%)         2210M (7%)           24M (0%)     
[102.924s][info][gc,heap     ] GC(15)      Live:         -                 4M (0%)            4M (0%)            4M (0%)             -                  -          
[102.924s][info][gc,heap     ] GC(15) Allocated:         -                 0M (0%)            0M (0%)            0M (0%)             -                  -          
[102.924s][info][gc,heap     ] GC(15)   Garbage:         -              2205M (7%)           21M (0%)           19M (0%)             -                  -          
[102.924s][info][gc,heap     ] GC(15) Reclaimed:         -                  -              2184M (7%)         2186M (7%)             -                  -          
[102.924s][info][gc          ] GC(15) Garbage Collection (System.gc()) 2210M(7%)->24M(0%)
[109.714s][info][gc,start    ] GC(16) Garbage Collection (System.gc())
[109.714s][info][gc,task     ] GC(16) Using 12 workers
[109.714s][info][gc,phases   ] GC(16) Pause Mark Start 0.019ms
[109.722s][info][gc,phases   ] GC(16) Concurrent Mark 7.850ms
[109.722s][info][gc,phases   ] GC(16) Pause Mark End 0.024ms
[109.722s][info][gc,phases   ] GC(16) Concurrent Mark Free 0.001ms
[109.723s][info][gc,phases   ] GC(16) Concurrent Process Non-Strong References 0.972ms
[109.723s][info][gc,phases   ] GC(16) Concurrent Reset Relocation Set 0.002ms
[109.727s][info][gc,phases   ] GC(16) Concurrent Select Relocation Set 3.956ms
[109.728s][info][gc,phases   ] GC(16) Pause Relocate Start 0.007ms
[109.731s][info][gc,phases   ] GC(16) Concurrent Relocate 3.454ms
[109.731s][info][gc,load     ] GC(16) Load: 0.00/0.00/0.00
[109.731s][info][gc,mmu      ] GC(16) MMU: 2ms/98.3%, 5ms/99.3%, 10ms/99.5%, 20ms/99.7%, 50ms/99.9%, 100ms/99.9%
[109.731s][info][gc,marking  ] GC(16) Mark: 8 stripe(s), 1 proactive flush(es), 1 terminate flush(es), 0 completion(s), 0 continuation(s) 
[109.731s][info][gc,marking  ] GC(16) Mark Stack Usage: 32M
[109.731s][info][gc,nmethod  ] GC(16) NMethods: 1938 registered, 357 unregistered
[109.731s][info][gc,metaspace] GC(16) Metaspace: 9M used, 10M committed, 1088M reserved
[109.731s][info][gc,ref      ] GC(16) Soft: 214 encountered, 0 discovered, 0 enqueued
[109.731s][info][gc,ref      ] GC(16) Weak: 796 encountered, 23 discovered, 0 enqueued
[109.731s][info][gc,ref      ] GC(16) Final: 0 encountered, 0 discovered, 0 enqueued
[109.731s][info][gc,ref      ] GC(16) Phantom: 27 encountered, 20 discovered, 0 enqueued
[109.731s][info][gc,reloc    ] GC(16) Small Pages: 1109 / 2218M, Empty: 2192M, Relocated: 4M, In-Place: 0
[109.731s][info][gc,reloc    ] GC(16) Medium Pages: 0 / 0M, Empty: 0M, Relocated: 0M, In-Place: 0
[109.731s][info][gc,reloc    ] GC(16) Large Pages: 0 / 0M, Empty: 0M, Relocated: 0M, In-Place: 0
[109.732s][info][gc,reloc    ] GC(16) Forwarding Usage: 1M
[109.732s][info][gc,heap     ] GC(16) Min Capacity: 8M(0%)
[109.732s][info][gc,heap     ] GC(16) Max Capacity: 30718M(100%)
[109.732s][info][gc,heap     ] GC(16) Soft Max Capacity: 30718M(100%)
[109.732s][info][gc,heap     ] GC(16)                Mark Start          Mark End        Relocate Start      Relocate End           High               Low         
[109.732s][info][gc,heap     ] GC(16)  Capacity:     2228M (7%)         2228M (7%)         2228M (7%)         2228M (7%)         2228M (7%)         2228M (7%)     
[109.732s][info][gc,heap     ] GC(16)      Free:    28500M (93%)       28500M (93%)       30692M (100%)      30694M (100%)      30694M (100%)      28500M (93%)    
[109.732s][info][gc,heap     ] GC(16)      Used:     2218M (7%)         2218M (7%)           26M (0%)           24M (0%)         2218M (7%)           24M (0%)     
[109.732s][info][gc,heap     ] GC(16)      Live:         -                 4M (0%)            4M (0%)            4M (0%)             -                  -          
[109.732s][info][gc,heap     ] GC(16) Allocated:         -                 0M (0%)            0M (0%)            0M (0%)             -                  -          
[109.732s][info][gc,heap     ] GC(16)   Garbage:         -              2213M (7%)           21M (0%)           19M (0%)             -                  -          
[109.732s][info][gc,heap     ] GC(16) Reclaimed:         -                  -              2192M (7%)         2194M (7%)             -                  -          
[109.732s][info][gc          ] GC(16) Garbage Collection (System.gc()) 2218M(7%)->24M(0%)
[110.148s][info][gc,stats    ] === Garbage Collection Statistics =======================================================================================================================
[110.149s][info][gc,stats    ]                                                              Last 10s              Last 10m              Last 10h                Total
[110.149s][info][gc,stats    ]                                                              Avg / Max             Avg / Max             Avg / Max             Avg / Max
[110.149s][info][gc,stats    ]   Collector: Garbage Collection Cycle                     19.331 / 21.385       23.992 / 47.906       23.992 / 47.906       23.992 / 47.906      ms
[110.149s][info][gc,stats    ]  Contention: Mark Segment Reset Contention                     0 / 2                 0 / 10                0 / 10                0 / 10          ops/s
[110.149s][info][gc,stats    ]  Contention: Mark SeqNum Reset Contention                      0 / 0                 0 / 1                 0 / 1                 0 / 1           ops/s
[110.149s][info][gc,stats    ]    Critical: Allocation Stall                                  0 / 0                 0 / 0                 0 / 0                 0 / 0           ops/s
[110.149s][info][gc,stats    ]    Critical: Allocation Stall                              0.000 / 0.000         0.000 / 0.000         0.000 / 0.000         0.000 / 0.000       ms
[110.149s][info][gc,stats    ]    Critical: GC Locker Stall                                   0 / 0                 0 / 0                 0 / 0                 0 / 0           ops/s
[110.149s][info][gc,stats    ]    Critical: GC Locker Stall                               0.000 / 0.000         0.000 / 0.000         0.000 / 0.000         0.000 / 0.000       ms
[110.149s][info][gc,stats    ]    Critical: Relocation Stall                                  0 / 0                 0 / 0                 0 / 0                 0 / 0           ops/s
[110.149s][info][gc,stats    ]    Critical: Relocation Stall                              0.000 / 0.000         0.000 / 0.000         0.000 / 0.000         0.000 / 0.000       ms
[110.149s][info][gc,stats    ]      Memory: Allocation Rate                                 325 / 336             320 / 350             320 / 350             320 / 350         MB/s
[110.149s][info][gc,stats    ]      Memory: Defragment                                        0 / 0                 0 / 0                 0 / 0                 0 / 0           ops/s
[110.149s][info][gc,stats    ]      Memory: Out Of Memory                                     0 / 0                 0 / 0                 0 / 0                 0 / 0           ops/s
[110.149s][info][gc,stats    ]      Memory: Page Cache Flush                                  0 / 0                 0 / 0                 0 / 0                 0 / 0           MB/s
[110.149s][info][gc,stats    ]      Memory: Page Cache Hit L1                               165 / 177             152 / 187             152 / 187             152 / 187         ops/s
[110.149s][info][gc,stats    ]      Memory: Page Cache Hit L2                                 0 / 0                 0 / 0                 0 / 0                 0 / 0           ops/s
[110.149s][info][gc,stats    ]      Memory: Page Cache Hit L3                                 0 / 0                 9 / 152               9 / 152               9 / 152         ops/s
[110.149s][info][gc,stats    ]      Memory: Page Cache Miss                                   0 / 0                 0 / 87                0 / 87                0 / 87          ops/s
[110.149s][info][gc,stats    ]      Memory: Uncommit                                          0 / 0                 0 / 0                 0 / 0                 0 / 0           MB/s
[110.149s][info][gc,stats    ]      Memory: Undo Object Allocation Failed                     0 / 0                 0 / 0                 0 / 0                 0 / 0           ops/s
[110.149s][info][gc,stats    ]      Memory: Undo Object Allocation Succeeded                  0 / 0                 0 / 0                 0 / 0                 0 / 0           ops/s
[110.149s][info][gc,stats    ]      Memory: Undo Page Allocation                              0 / 0                 0 / 0                 0 / 0                 0 / 0           ops/s
[110.149s][info][gc,stats    ]       Phase: Concurrent Mark                               9.308 / 10.766       11.775 / 24.168       11.775 / 24.168       11.775 / 24.168      ms
[110.149s][info][gc,stats    ]       Phase: Concurrent Mark Continue                      0.000 / 0.000         0.000 / 0.000         0.000 / 0.000         0.000 / 0.000       ms
[110.149s][info][gc,stats    ]       Phase: Concurrent Mark Free                          0.001 / 0.001         0.001 / 0.002         0.001 / 0.002         0.001 / 0.002       ms
[110.149s][info][gc,stats    ]       Phase: Concurrent Process Non-Strong References      0.967 / 0.972         1.278 / 6.554         1.278 / 6.554         1.278 / 6.554       ms
[110.149s][info][gc,stats    ]       Phase: Concurrent Relocate                           3.951 / 4.448         3.559 / 4.601         3.559 / 4.601         3.559 / 4.601       ms
[110.149s][info][gc,stats    ]       Phase: Concurrent Reset Relocation Set               0.002 / 0.003         0.003 / 0.006         0.003 / 0.006         0.003 / 0.006       ms
[110.150s][info][gc,stats    ]       Phase: Concurrent Select Relocation Set              4.031 / 4.106         4.674 / 14.176        4.674 / 14.176        4.674 / 14.176      ms
[110.150s][info][gc,stats    ]       Phase: Pause Mark End                                0.023 / 0.024         0.024 / 0.034         0.024 / 0.034         0.024 / 0.034       ms
[110.150s][info][gc,stats    ]       Phase: Pause Mark Start                              0.018 / 0.019         0.018 / 0.021         0.018 / 0.021         0.018 / 0.021       ms
[110.150s][info][gc,stats    ]       Phase: Pause Relocate Start                          0.009 / 0.011         0.008 / 0.012         0.008 / 0.012         0.008 / 0.012       ms
[110.150s][info][gc,stats    ]    Subphase: Concurrent Classes Purge                      0.005 / 0.005         0.127 / 1.237         0.127 / 1.237         0.127 / 1.237       ms
[110.150s][info][gc,stats    ]    Subphase: Concurrent Classes Unlink                     0.646 / 0.647         0.864 / 4.999         0.864 / 4.999         0.864 / 4.999       ms
[110.150s][info][gc,stats    ]    Subphase: Concurrent Mark                               7.885 / 9.693        10.051 / 23.120       10.051 / 23.120       10.051 / 23.120      ms
[110.150s][info][gc,stats    ]    Subphase: Concurrent Mark Try Flush                     0.058 / 0.088         0.065 / 0.111         0.065 / 0.111         0.065 / 0.111       ms
[110.150s][info][gc,stats    ]    Subphase: Concurrent Mark Try Terminate                 2.147 / 4.458         3.574 / 16.687        3.574 / 16.687        3.574 / 16.687      ms
[110.150s][info][gc,stats    ]    Subphase: Concurrent References Enqueue                 0.000 / 0.000         0.001 / 0.005         0.001 / 0.005         0.001 / 0.005       ms
[110.150s][info][gc,stats    ]    Subphase: Concurrent References Process                 0.037 / 0.038         0.041 / 0.080         0.041 / 0.080         0.041 / 0.080       ms
[110.150s][info][gc,stats    ]    Subphase: Concurrent Roots ClassLoaderDataGraph         0.096 / 0.685         0.085 / 0.717         0.085 / 0.717         0.085 / 0.717       ms
[110.150s][info][gc,stats    ]    Subphase: Concurrent Roots CodeCache                    0.000 / 0.000         0.000 / 0.000         0.000 / 0.000         0.000 / 0.000       ms
[110.150s][info][gc,stats    ]    Subphase: Concurrent Roots JavaThreads                  0.454 / 0.954         0.456 / 1.054         0.456 / 1.054         0.456 / 1.054       ms
[110.150s][info][gc,stats    ]    Subphase: Concurrent Roots OopStorageSet                0.016 / 0.062         0.018 / 0.151         0.018 / 0.151         0.018 / 0.151       ms
[110.150s][info][gc,stats    ]    Subphase: Concurrent Weak Roots OopStorageSet           0.151 / 0.160         0.141 / 0.168         0.141 / 0.168         0.141 / 0.168       ms
[110.150s][info][gc,stats    ]    Subphase: Pause Mark Try Complete                       0.000 / 0.000         0.000 / 0.000         0.000 / 0.000         0.000 / 0.000       ms
[110.150s][info][gc,stats    ]      System: Java Threads                                     32 / 32               31 / 34               31 / 34               31 / 34          threads
[110.150s][info][gc,stats    ] =========================================================================================================================================================
[116.480s][info][gc,start    ] GC(17) Garbage Collection (System.gc())
[116.480s][info][gc,task     ] GC(17) Using 12 workers
[116.480s][info][gc,phases   ] GC(17) Pause Mark Start 0.018ms
[116.486s][info][gc,phases   ] GC(17) Concurrent Mark 6.267ms
[116.486s][info][gc,phases   ] GC(17) Pause Mark End 0.023ms
[116.486s][info][gc,phases   ] GC(17) Concurrent Mark Free 0.001ms
[116.487s][info][gc,phases   ] GC(17) Concurrent Process Non-Strong References 1.015ms
[116.488s][info][gc,phases   ] GC(17) Concurrent Reset Relocation Set 0.002ms
[116.492s][info][gc,phases   ] GC(17) Concurrent Select Relocation Set 3.927ms
[116.492s][info][gc,phases   ] GC(17) Pause Relocate Start 0.027ms
[116.495s][info][gc,phases   ] GC(17) Concurrent Relocate 3.094ms
[116.495s][info][gc,load     ] GC(17) Load: 0.00/0.00/0.00
[116.495s][info][gc,mmu      ] GC(17) MMU: 2ms/98.3%, 5ms/99.3%, 10ms/99.5%, 20ms/99.7%, 50ms/99.9%, 100ms/99.9%
[116.495s][info][gc,marking  ] GC(17) Mark: 8 stripe(s), 2 proactive flush(es), 1 terminate flush(es), 0 completion(s), 0 continuation(s) 
[116.495s][info][gc,marking  ] GC(17) Mark Stack Usage: 32M
[116.495s][info][gc,nmethod  ] GC(17) NMethods: 1938 registered, 360 unregistered
[116.495s][info][gc,metaspace] GC(17) Metaspace: 9M used, 10M committed, 1088M reserved
[116.495s][info][gc,ref      ] GC(17) Soft: 214 encountered, 0 discovered, 0 enqueued
[116.495s][info][gc,ref      ] GC(17) Weak: 797 encountered, 331 discovered, 0 enqueued
[116.495s][info][gc,ref      ] GC(17) Final: 0 encountered, 0 discovered, 0 enqueued
[116.495s][info][gc,ref      ] GC(17) Phantom: 27 encountered, 19 discovered, 0 enqueued
[116.495s][info][gc,reloc    ] GC(17) Small Pages: 1107 / 2214M, Empty: 2184M, Relocated: 4M, In-Place: 0
[116.495s][info][gc,reloc    ] GC(17) Medium Pages: 0 / 0M, Empty: 0M, Relocated: 0M, In-Place: 0
[116.495s][info][gc,reloc    ] GC(17) Large Pages: 0 / 0M, Empty: 0M, Relocated: 0M, In-Place: 0
[116.495s][info][gc,reloc    ] GC(17) Forwarding Usage: 1M
[116.495s][info][gc,heap     ] GC(17) Min Capacity: 8M(0%)
[116.495s][info][gc,heap     ] GC(17) Max Capacity: 30718M(100%)
[116.495s][info][gc,heap     ] GC(17) Soft Max Capacity: 30718M(100%)
[116.495s][info][gc,heap     ] GC(17)                Mark Start          Mark End        Relocate Start      Relocate End           High               Low         
[116.495s][info][gc,heap     ] GC(17)  Capacity:     2228M (7%)         2228M (7%)         2228M (7%)         2228M (7%)         2228M (7%)         2228M (7%)     
[116.495s][info][gc,heap     ] GC(17)      Free:    28504M (93%)       28504M (93%)       30688M (100%)      30694M (100%)      30694M (100%)      28504M (93%)    
[116.496s][info][gc,heap     ] GC(17)      Used:     2214M (7%)         2214M (7%)           30M (0%)           24M (0%)         2214M (7%)           24M (0%)     
[116.496s][info][gc,heap     ] GC(17)      Live:         -                 4M (0%)            4M (0%)            4M (0%)             -                  -          
[116.496s][info][gc,heap     ] GC(17) Allocated:         -                 0M (0%)            0M (0%)            0M (0%)             -                  -          
[116.496s][info][gc,heap     ] GC(17)   Garbage:         -              2209M (7%)           25M (0%)           19M (0%)             -                  -          
[116.496s][info][gc,heap     ] GC(17) Reclaimed:         -                  -              2184M (7%)         2190M (7%)             -                  -          
[116.496s][info][gc          ] GC(17) Garbage Collection (System.gc()) 2214M(7%)->24M(0%)
[120.155s][info][gc,stats    ] === Garbage Collection Statistics =======================================================================================================================
[120.155s][info][gc,stats    ]                                                              Last 10s              Last 10m              Last 10h                Total
[120.155s][info][gc,stats    ]                                                              Avg / Max             Avg / Max             Avg / Max             Avg / Max
[120.155s][info][gc,stats    ]   Collector: Garbage Collection Cycle                     15.365 / 15.365       23.513 / 47.906       23.513 / 47.906       23.513 / 47.906      ms
[120.155s][info][gc,stats    ]  Contention: Mark Segment Reset Contention                     0 / 1                 0 / 10                0 / 10                0 / 10          ops/s
[120.155s][info][gc,stats    ]  Contention: Mark SeqNum Reset Contention                      0 / 0                 0 / 1                 0 / 1                 0 / 1           ops/s
[120.155s][info][gc,stats    ]    Critical: Allocation Stall                                  0 / 0                 0 / 0                 0 / 0                 0 / 0           ops/s
[120.155s][info][gc,stats    ]    Critical: Allocation Stall                              0.000 / 0.000         0.000 / 0.000         0.000 / 0.000         0.000 / 0.000       ms
[120.155s][info][gc,stats    ]    Critical: GC Locker Stall                                   0 / 0                 0 / 0                 0 / 0                 0 / 0           ops/s
[120.155s][info][gc,stats    ]    Critical: GC Locker Stall                               0.000 / 0.000         0.000 / 0.000         0.000 / 0.000         0.000 / 0.000       ms
[120.155s][info][gc,stats    ]    Critical: Relocation Stall                                  0 / 0                 0 / 0                 0 / 0                 0 / 0           ops/s
[120.155s][info][gc,stats    ]    Critical: Relocation Stall                              0.000 / 0.000         0.000 / 0.000         0.000 / 0.000         0.000 / 0.000       ms
[120.155s][info][gc,stats    ]      Memory: Allocation Rate                                 327 / 338             321 / 350             321 / 350             321 / 350         MB/s
[120.155s][info][gc,stats    ]      Memory: Defragment                                        0 / 0                 0 / 0                 0 / 0                 0 / 0           ops/s
[120.155s][info][gc,stats    ]      Memory: Out Of Memory                                     0 / 0                 0 / 0                 0 / 0                 0 / 0           ops/s
[120.155s][info][gc,stats    ]      Memory: Page Cache Flush                                  0 / 0                 0 / 0                 0 / 0                 0 / 0           MB/s
[120.155s][info][gc,stats    ]      Memory: Page Cache Hit L1                               164 / 179             153 / 187             153 / 187             153 / 187         ops/s
[120.155s][info][gc,stats    ]      Memory: Page Cache Hit L2                                 0 / 0                 0 / 0                 0 / 0                 0 / 0           ops/s
[120.155s][info][gc,stats    ]      Memory: Page Cache Hit L3                                 0 / 0                 8 / 152               8 / 152               8 / 152         ops/s
[120.155s][info][gc,stats    ]      Memory: Page Cache Miss                                   0 / 0                 0 / 87                0 / 87                0 / 87          ops/s
[120.155s][info][gc,stats    ]      Memory: Uncommit                                          0 / 0                 0 / 0                 0 / 0                 0 / 0           MB/s
[120.155s][info][gc,stats    ]      Memory: Undo Object Allocation Failed                     0 / 0                 0 / 0                 0 / 0                 0 / 0           ops/s
[120.155s][info][gc,stats    ]      Memory: Undo Object Allocation Succeeded                  0 / 0                 0 / 0                 0 / 0                 0 / 0           ops/s
[120.155s][info][gc,stats    ]      Memory: Undo Page Allocation                              0 / 0                 0 / 0                 0 / 0                 0 / 0           ops/s
[120.155s][info][gc,stats    ]       Phase: Concurrent Mark                               6.267 / 6.267        11.469 / 24.168       11.469 / 24.168       11.469 / 24.168      ms
[120.155s][info][gc,stats    ]       Phase: Concurrent Mark Continue                      0.000 / 0.000         0.000 / 0.000         0.000 / 0.000         0.000 / 0.000       ms
[120.155s][info][gc,stats    ]       Phase: Concurrent Mark Free                          0.001 / 0.001         0.001 / 0.002         0.001 / 0.002         0.001 / 0.002       ms
[120.156s][info][gc,stats    ]       Phase: Concurrent Process Non-Strong References      1.015 / 1.015         1.263 / 6.554         1.263 / 6.554         1.263 / 6.554       ms
[120.156s][info][gc,stats    ]       Phase: Concurrent Relocate                           3.094 / 3.094         3.533 / 4.601         3.533 / 4.601         3.533 / 4.601       ms
[120.156s][info][gc,stats    ]       Phase: Concurrent Reset Relocation Set               0.002 / 0.002         0.002 / 0.006         0.002 / 0.006         0.002 / 0.006       ms
[120.156s][info][gc,stats    ]       Phase: Concurrent Select Relocation Set              3.927 / 3.927         4.632 / 14.176        4.632 / 14.176        4.632 / 14.176      ms
[120.156s][info][gc,stats    ]       Phase: Pause Mark End                                0.023 / 0.023         0.024 / 0.034         0.024 / 0.034         0.024 / 0.034       ms
[120.156s][info][gc,stats    ]       Phase: Pause Mark Start                              0.018 / 0.018         0.018 / 0.021         0.018 / 0.021         0.018 / 0.021       ms
[120.156s][info][gc,stats    ]       Phase: Pause Relocate Start                          0.027 / 0.027         0.009 / 0.027         0.009 / 0.027         0.009 / 0.027       ms
[120.156s][info][gc,stats    ]    Subphase: Concurrent Classes Purge                      0.036 / 0.036         0.122 / 1.237         0.122 / 1.237         0.122 / 1.237       ms
[120.156s][info][gc,stats    ]    Subphase: Concurrent Classes Unlink                     0.633 / 0.633         0.851 / 4.999         0.851 / 4.999         0.851 / 4.999       ms
[120.156s][info][gc,stats    ]    Subphase: Concurrent Mark                               4.991 / 5.217         9.770 / 23.120        9.770 / 23.120        9.770 / 23.120      ms
[120.156s][info][gc,stats    ]    Subphase: Concurrent Mark Try Flush                     0.057 / 0.087         0.065 / 0.111         0.065 / 0.111         0.065 / 0.111       ms
[120.156s][info][gc,stats    ]    Subphase: Concurrent Mark Try Terminate                 1.539 / 2.020         3.497 / 16.687        3.497 / 16.687        3.497 / 16.687      ms
[120.156s][info][gc,stats    ]    Subphase: Concurrent References Enqueue                 0.000 / 0.000         0.001 / 0.005         0.001 / 0.005         0.001 / 0.005       ms
[120.156s][info][gc,stats    ]    Subphase: Concurrent References Process                 0.076 / 0.076         0.043 / 0.080         0.043 / 0.080         0.043 / 0.080       ms
[120.156s][info][gc,stats    ]    Subphase: Concurrent Roots ClassLoaderDataGraph         0.088 / 0.650         0.085 / 0.717         0.085 / 0.717         0.085 / 0.717       ms
[120.156s][info][gc,stats    ]    Subphase: Concurrent Roots CodeCache                    0.000 / 0.000         0.000 / 0.000         0.000 / 0.000         0.000 / 0.000       ms
[120.156s][info][gc,stats    ]    Subphase: Concurrent Roots JavaThreads                  0.434 / 0.944         0.455 / 1.054         0.455 / 1.054         0.455 / 1.054       ms
[120.156s][info][gc,stats    ]    Subphase: Concurrent Roots OopStorageSet                0.016 / 0.045         0.018 / 0.151         0.018 / 0.151         0.018 / 0.151       ms
[120.156s][info][gc,stats    ]    Subphase: Concurrent Weak Roots OopStorageSet           0.148 / 0.156         0.142 / 0.168         0.142 / 0.168         0.142 / 0.168       ms
[120.156s][info][gc,stats    ]    Subphase: Pause Mark Try Complete                       0.000 / 0.000         0.000 / 0.000         0.000 / 0.000         0.000 / 0.000       ms
[120.156s][info][gc,stats    ]      System: Java Threads                                     33 / 33               31 / 34               31 / 34               31 / 34          threads
[120.156s][info][gc,stats    ] =========================================================================================================================================================
[123.087s][info][gc,start    ] GC(18) Garbage Collection (System.gc())
[123.087s][info][gc,task     ] GC(18) Using 12 workers
[123.087s][info][gc,phases   ] GC(18) Pause Mark Start 0.018ms
[123.098s][info][gc,phases   ] GC(18) Concurrent Mark 10.632ms
[123.098s][info][gc,phases   ] GC(18) Pause Mark End 0.021ms
[123.098s][info][gc,phases   ] GC(18) Concurrent Mark Free 0.001ms
[123.099s][info][gc,phases   ] GC(18) Concurrent Process Non-Strong References 0.836ms
[123.099s][info][gc,phases   ] GC(18) Concurrent Reset Relocation Set 0.002ms
[123.103s][info][gc,phases   ] GC(18) Concurrent Select Relocation Set 3.662ms
[123.103s][info][gc,phases   ] GC(18) Pause Relocate Start 0.006ms
[123.106s][info][gc,phases   ] GC(18) Concurrent Relocate 3.164ms
[123.106s][info][gc,load     ] GC(18) Load: 0.00/0.00/0.00
[123.106s][info][gc,mmu      ] GC(18) MMU: 2ms/98.3%, 5ms/99.3%, 10ms/99.5%, 20ms/99.7%, 50ms/99.9%, 100ms/99.9%
[123.107s][info][gc,marking  ] GC(18) Mark: 8 stripe(s), 1 proactive flush(es), 1 terminate flush(es), 0 completion(s), 0 continuation(s) 
[123.107s][info][gc,marking  ] GC(18) Mark Stack Usage: 32M
[123.107s][info][gc,nmethod  ] GC(18) NMethods: 1940 registered, 362 unregistered
[123.107s][info][gc,metaspace] GC(18) Metaspace: 9M used, 10M committed, 1088M reserved
[123.107s][info][gc,ref      ] GC(18) Soft: 214 encountered, 0 discovered, 0 enqueued
[123.107s][info][gc,ref      ] GC(18) Weak: 797 encountered, 22 discovered, 0 enqueued
[123.107s][info][gc,ref      ] GC(18) Final: 0 encountered, 0 discovered, 0 enqueued
[123.107s][info][gc,ref      ] GC(18) Phantom: 27 encountered, 17 discovered, 0 enqueued
[123.107s][info][gc,reloc    ] GC(18) Small Pages: 1110 / 2220M, Empty: 2194M, Relocated: 4M, In-Place: 0
[123.107s][info][gc,reloc    ] GC(18) Medium Pages: 0 / 0M, Empty: 0M, Relocated: 0M, In-Place: 0
[123.107s][info][gc,reloc    ] GC(18) Large Pages: 0 / 0M, Empty: 0M, Relocated: 0M, In-Place: 0
[123.107s][info][gc,reloc    ] GC(18) Forwarding Usage: 1M
[123.107s][info][gc,heap     ] GC(18) Min Capacity: 8M(0%)
[123.107s][info][gc,heap     ] GC(18) Max Capacity: 30718M(100%)
[123.107s][info][gc,heap     ] GC(18) Soft Max Capacity: 30718M(100%)
[123.107s][info][gc,heap     ] GC(18)                Mark Start          Mark End        Relocate Start      Relocate End           High               Low         
[123.107s][info][gc,heap     ] GC(18)  Capacity:     2228M (7%)         2228M (7%)         2228M (7%)         2228M (7%)         2228M (7%)         2228M (7%)     
[123.107s][info][gc,heap     ] GC(18)      Free:    28498M (93%)       28498M (93%)       30692M (100%)      30694M (100%)      30694M (100%)      28498M (93%)    
[123.107s][info][gc,heap     ] GC(18)      Used:     2220M (7%)         2220M (7%)           26M (0%)           24M (0%)         2220M (7%)           24M (0%)     
[123.107s][info][gc,heap     ] GC(18)      Live:         -                 4M (0%)            4M (0%)            4M (0%)             -                  -          
[123.107s][info][gc,heap     ] GC(18) Allocated:         -                 0M (0%)            0M (0%)            0M (0%)             -                  -          
[123.107s][info][gc,heap     ] GC(18)   Garbage:         -              2215M (7%)           21M (0%)           19M (0%)             -                  -          
[123.107s][info][gc,heap     ] GC(18) Reclaimed:         -                  -              2194M (7%)         2196M (7%)             -                  -          
[123.107s][info][gc          ] GC(18) Garbage Collection (System.gc()) 2220M(7%)->24M(0%)
[129.733s][info][gc,start    ] GC(19) Garbage Collection (System.gc())
[129.733s][info][gc,task     ] GC(19) Using 12 workers
[129.733s][info][gc,phases   ] GC(19) Pause Mark Start 0.018ms
[129.750s][info][gc,phases   ] GC(19) Concurrent Mark 17.253ms
[129.750s][info][gc,phases   ] GC(19) Pause Mark End 0.024ms
[129.750s][info][gc,phases   ] GC(19) Concurrent Mark Free 0.002ms
[129.752s][info][gc,phases   ] GC(19) Concurrent Process Non-Strong References 0.953ms
[129.752s][info][gc,phases   ] GC(19) Concurrent Reset Relocation Set 0.002ms
[129.755s][info][gc,phases   ] GC(19) Concurrent Select Relocation Set 3.870ms
[129.756s][info][gc,phases   ] GC(19) Pause Relocate Start 0.007ms
[129.759s][info][gc,phases   ] GC(19) Concurrent Relocate 3.480ms
[129.759s][info][gc,load     ] GC(19) Load: 0.00/0.00/0.00
[129.759s][info][gc,mmu      ] GC(19) MMU: 2ms/98.3%, 5ms/99.3%, 10ms/99.5%, 20ms/99.7%, 50ms/99.9%, 100ms/99.9%
[129.759s][info][gc,marking  ] GC(19) Mark: 8 stripe(s), 2 proactive flush(es), 1 terminate flush(es), 0 completion(s), 0 continuation(s) 
[129.759s][info][gc,marking  ] GC(19) Mark Stack Usage: 32M
[129.759s][info][gc,nmethod  ] GC(19) NMethods: 1942 registered, 364 unregistered
[129.759s][info][gc,metaspace] GC(19) Metaspace: 9M used, 10M committed, 1088M reserved
[129.759s][info][gc,ref      ] GC(19) Soft: 214 encountered, 0 discovered, 0 enqueued
[129.759s][info][gc,ref      ] GC(19) Weak: 797 encountered, 8 discovered, 0 enqueued
[129.759s][info][gc,ref      ] GC(19) Final: 0 encountered, 0 discovered, 0 enqueued
[129.759s][info][gc,ref      ] GC(19) Phantom: 27 encountered, 21 discovered, 0 enqueued
[129.760s][info][gc,reloc    ] GC(19) Small Pages: 1109 / 2218M, Empty: 2190M, Relocated: 4M, In-Place: 0
[129.760s][info][gc,reloc    ] GC(19) Medium Pages: 0 / 0M, Empty: 0M, Relocated: 0M, In-Place: 0
[129.760s][info][gc,reloc    ] GC(19) Large Pages: 0 / 0M, Empty: 0M, Relocated: 0M, In-Place: 0
[129.760s][info][gc,reloc    ] GC(19) Forwarding Usage: 1M
[129.760s][info][gc,heap     ] GC(19) Min Capacity: 8M(0%)
[129.760s][info][gc,heap     ] GC(19) Max Capacity: 30718M(100%)
[129.760s][info][gc,heap     ] GC(19) Soft Max Capacity: 30718M(100%)
[129.760s][info][gc,heap     ] GC(19)                Mark Start          Mark End        Relocate Start      Relocate End           High               Low         
[129.760s][info][gc,heap     ] GC(19)  Capacity:     2228M (7%)         2228M (7%)         2228M (7%)         2228M (7%)         2228M (7%)         2228M (7%)     
[129.760s][info][gc,heap     ] GC(19)      Free:    28500M (93%)       28500M (93%)       30690M (100%)      30694M (100%)      30694M (100%)      28500M (93%)    
[129.760s][info][gc,heap     ] GC(19)      Used:     2218M (7%)         2218M (7%)           28M (0%)           24M (0%)         2218M (7%)           24M (0%)     
[129.760s][info][gc,heap     ] GC(19)      Live:         -                 4M (0%)            4M (0%)            4M (0%)             -                  -          
[129.760s][info][gc,heap     ] GC(19) Allocated:         -                 0M (0%)            0M (0%)            0M (0%)             -                  -          
[129.760s][info][gc,heap     ] GC(19)   Garbage:         -              2213M (7%)           23M (0%)           19M (0%)             -                  -          
[129.760s][info][gc,heap     ] GC(19) Reclaimed:         -                  -              2190M (7%)         2194M (7%)             -                  -          
[129.760s][info][gc          ] GC(19) Garbage Collection (System.gc()) 2218M(7%)->24M(0%)
[130.156s][info][gc,stats    ] === Garbage Collection Statistics =======================================================================================================================
[130.157s][info][gc,stats    ]                                                              Last 10s              Last 10m              Last 10h                Total
[130.157s][info][gc,stats    ]                                                              Avg / Max             Avg / Max             Avg / Max             Avg / Max
[130.157s][info][gc,stats    ]   Collector: Garbage Collection Cycle                     22.966 / 26.687       23.458 / 47.906       23.458 / 47.906       23.458 / 47.906      ms
[130.157s][info][gc,stats    ]  Contention: Mark Segment Reset Contention                     0 / 2                 0 / 10                0 / 10                0 / 10          ops/s
[130.157s][info][gc,stats    ]  Contention: Mark SeqNum Reset Contention                      0 / 1                 0 / 1                 0 / 1                 0 / 1           ops/s
[130.157s][info][gc,stats    ]    Critical: Allocation Stall                                  0 / 0                 0 / 0                 0 / 0                 0 / 0           ops/s
[130.157s][info][gc,stats    ]    Critical: Allocation Stall                              0.000 / 0.000         0.000 / 0.000         0.000 / 0.000         0.000 / 0.000       ms
[130.157s][info][gc,stats    ]    Critical: GC Locker Stall                                   0 / 0                 0 / 0                 0 / 0                 0 / 0           ops/s
[130.157s][info][gc,stats    ]    Critical: GC Locker Stall                               0.000 / 0.000         0.000 / 0.000         0.000 / 0.000         0.000 / 0.000       ms
[130.157s][info][gc,stats    ]    Critical: Relocation Stall                                  0 / 0                 0 / 0                 0 / 0                 0 / 0           ops/s
[130.157s][info][gc,stats    ]    Critical: Relocation Stall                              0.000 / 0.000         0.000 / 0.000         0.000 / 0.000         0.000 / 0.000       ms
[130.157s][info][gc,stats    ]      Memory: Allocation Rate                                 329 / 344             321 / 350             321 / 350             321 / 350         MB/s
[130.157s][info][gc,stats    ]      Memory: Defragment                                        0 / 0                 0 / 0                 0 / 0                 0 / 0           ops/s
[130.157s][info][gc,stats    ]      Memory: Out Of Memory                                     0 / 0                 0 / 0                 0 / 0                 0 / 0           ops/s
[130.157s][info][gc,stats    ]      Memory: Page Cache Flush                                  0 / 0                 0 / 0                 0 / 0                 0 / 0           MB/s
[130.157s][info][gc,stats    ]      Memory: Page Cache Hit L1                               167 / 184             154 / 187             154 / 187             154 / 187         ops/s
[130.157s][info][gc,stats    ]      Memory: Page Cache Hit L2                                 0 / 0                 0 / 0                 0 / 0                 0 / 0           ops/s
[130.157s][info][gc,stats    ]      Memory: Page Cache Hit L3                                 0 / 0                 7 / 152               7 / 152               7 / 152         ops/s
[130.157s][info][gc,stats    ]      Memory: Page Cache Miss                                   0 / 0                 0 / 87                0 / 87                0 / 87          ops/s
[130.157s][info][gc,stats    ]      Memory: Uncommit                                          0 / 0                 0 / 0                 0 / 0                 0 / 0           MB/s
[130.157s][info][gc,stats    ]      Memory: Undo Object Allocation Failed                     0 / 0                 0 / 0                 0 / 0                 0 / 0           ops/s
[130.157s][info][gc,stats    ]      Memory: Undo Object Allocation Succeeded                  0 / 0                 0 / 0                 0 / 0                 0 / 0           ops/s
[130.157s][info][gc,stats    ]      Memory: Undo Page Allocation                              0 / 0                 0 / 0                 0 / 0                 0 / 0           ops/s
[130.157s][info][gc,stats    ]       Phase: Concurrent Mark                              13.942 / 17.253       11.717 / 24.168       11.717 / 24.168       11.717 / 24.168      ms
[130.157s][info][gc,stats    ]       Phase: Concurrent Mark Continue                      0.000 / 0.000         0.000 / 0.000         0.000 / 0.000         0.000 / 0.000       ms
[130.157s][info][gc,stats    ]       Phase: Concurrent Mark Free                          0.001 / 0.002         0.001 / 0.002         0.001 / 0.002         0.001 / 0.002       ms
[130.157s][info][gc,stats    ]       Phase: Concurrent Process Non-Strong References      0.895 / 0.953         1.227 / 6.554         1.227 / 6.554         1.227 / 6.554       ms
[130.157s][info][gc,stats    ]       Phase: Concurrent Relocate                           3.322 / 3.480         3.512 / 4.601         3.512 / 4.601         3.512 / 4.601       ms
[130.157s][info][gc,stats    ]       Phase: Concurrent Reset Relocation Set               0.002 / 0.002         0.002 / 0.006         0.002 / 0.006         0.002 / 0.006       ms
[130.158s][info][gc,stats    ]       Phase: Concurrent Select Relocation Set              3.766 / 3.870         4.546 / 14.176        4.546 / 14.176        4.546 / 14.176      ms
[130.158s][info][gc,stats    ]       Phase: Pause Mark End                                0.022 / 0.024         0.024 / 0.034         0.024 / 0.034         0.024 / 0.034       ms
[130.158s][info][gc,stats    ]       Phase: Pause Mark Start                              0.018 / 0.018         0.018 / 0.021         0.018 / 0.021         0.018 / 0.021       ms
[130.158s][info][gc,stats    ]       Phase: Pause Relocate Start                          0.007 / 0.007         0.009 / 0.027         0.009 / 0.027         0.009 / 0.027       ms
[130.158s][info][gc,stats    ]    Subphase: Concurrent Classes Purge                      0.021 / 0.023         0.112 / 1.237         0.112 / 1.237         0.112 / 1.237       ms
[130.158s][info][gc,stats    ]    Subphase: Concurrent Classes Unlink                     0.596 / 0.636         0.826 / 4.999         0.826 / 4.999         0.826 / 4.999       ms
[130.158s][info][gc,stats    ]    Subphase: Concurrent Mark                              12.349 / 16.187       10.028 / 23.120       10.028 / 23.120       10.028 / 23.120      ms
[130.158s][info][gc,stats    ]    Subphase: Concurrent Mark Try Flush                     0.056 / 0.087         0.064 / 0.111         0.064 / 0.111         0.064 / 0.111       ms
[130.158s][info][gc,stats    ]    Subphase: Concurrent Mark Try Terminate                 8.600 / 13.787        3.811 / 16.687        3.811 / 16.687        3.811 / 16.687      ms
[130.158s][info][gc,stats    ]    Subphase: Concurrent References Enqueue                 0.000 / 0.000         0.001 / 0.005         0.001 / 0.005         0.001 / 0.005       ms
[130.158s][info][gc,stats    ]    Subphase: Concurrent References Process                 0.038 / 0.040         0.042 / 0.080         0.042 / 0.080         0.042 / 0.080       ms
[130.158s][info][gc,stats    ]    Subphase: Concurrent Roots ClassLoaderDataGraph         0.074 / 0.709         0.084 / 0.717         0.084 / 0.717         0.084 / 0.717       ms
[130.158s][info][gc,stats    ]    Subphase: Concurrent Roots CodeCache                    0.000 / 0.000         0.000 / 0.000         0.000 / 0.000         0.000 / 0.000       ms
[130.158s][info][gc,stats    ]    Subphase: Concurrent Roots JavaThreads                  0.444 / 0.955         0.454 / 1.054         0.454 / 1.054         0.454 / 1.054       ms
[130.158s][info][gc,stats    ]    Subphase: Concurrent Roots OopStorageSet                0.012 / 0.049         0.018 / 0.151         0.018 / 0.151         0.018 / 0.151       ms
[130.158s][info][gc,stats    ]    Subphase: Concurrent Weak Roots OopStorageSet           0.141 / 0.164         0.142 / 0.168         0.142 / 0.168         0.142 / 0.168       ms
[130.158s][info][gc,stats    ]    Subphase: Pause Mark Try Complete                       0.000 / 0.000         0.000 / 0.000         0.000 / 0.000         0.000 / 0.000       ms
[130.158s][info][gc,stats    ]      System: Java Threads                                     33 / 33               31 / 34               31 / 34               31 / 34          threads
[130.158s][info][gc,stats    ] =========================================================================================================================================================
[136.335s][info][gc,start    ] GC(20) Garbage Collection (System.gc())
[136.335s][info][gc,task     ] GC(20) Using 12 workers
[136.335s][info][gc,phases   ] GC(20) Pause Mark Start 0.016ms
[136.344s][info][gc,phases   ] GC(20) Concurrent Mark 8.657ms
[136.344s][info][gc,phases   ] GC(20) Pause Mark End 0.021ms
[136.344s][info][gc,phases   ] GC(20) Concurrent Mark Free 0.001ms
[136.345s][info][gc,phases   ] GC(20) Concurrent Process Non-Strong References 0.855ms
[136.345s][info][gc,phases   ] GC(20) Concurrent Reset Relocation Set 0.002ms
[136.349s][info][gc,phases   ] GC(20) Concurrent Select Relocation Set 3.843ms
[136.349s][info][gc,phases   ] GC(20) Pause Relocate Start 0.006ms
[136.352s][info][gc,phases   ] GC(20) Concurrent Relocate 2.965ms
[136.352s][info][gc,load     ] GC(20) Load: 0.00/0.00/0.00
[136.352s][info][gc,mmu      ] GC(20) MMU: 2ms/98.3%, 5ms/99.3%, 10ms/99.5%, 20ms/99.7%, 50ms/99.9%, 100ms/99.9%
[136.352s][info][gc,marking  ] GC(20) Mark: 8 stripe(s), 3 proactive flush(es), 1 terminate flush(es), 0 completion(s), 0 continuation(s) 
[136.352s][info][gc,marking  ] GC(20) Mark Stack Usage: 32M
[136.352s][info][gc,nmethod  ] GC(20) NMethods: 1944 registered, 364 unregistered
[136.352s][info][gc,metaspace] GC(20) Metaspace: 9M used, 10M committed, 1088M reserved
[136.352s][info][gc,ref      ] GC(20) Soft: 214 encountered, 0 discovered, 0 enqueued
[136.352s][info][gc,ref      ] GC(20) Weak: 797 encountered, 20 discovered, 0 enqueued
[136.352s][info][gc,ref      ] GC(20) Final: 0 encountered, 0 discovered, 0 enqueued
[136.352s][info][gc,ref      ] GC(20) Phantom: 27 encountered, 16 discovered, 0 enqueued
[136.352s][info][gc,reloc    ] GC(20) Small Pages: 1108 / 2216M, Empty: 2190M, Relocated: 4M, In-Place: 0
[136.352s][info][gc,reloc    ] GC(20) Medium Pages: 0 / 0M, Empty: 0M, Relocated: 0M, In-Place: 0
[136.352s][info][gc,reloc    ] GC(20) Large Pages: 0 / 0M, Empty: 0M, Relocated: 0M, In-Place: 0
[136.352s][info][gc,reloc    ] GC(20) Forwarding Usage: 1M
[136.352s][info][gc,heap     ] GC(20) Min Capacity: 8M(0%)
[136.352s][info][gc,heap     ] GC(20) Max Capacity: 30718M(100%)
[136.352s][info][gc,heap     ] GC(20) Soft Max Capacity: 30718M(100%)
[136.352s][info][gc,heap     ] GC(20)                Mark Start          Mark End        Relocate Start      Relocate End           High               Low         
[136.353s][info][gc,heap     ] GC(20)  Capacity:     2228M (7%)         2228M (7%)         2228M (7%)         2228M (7%)         2228M (7%)         2228M (7%)     
[136.353s][info][gc,heap     ] GC(20)      Free:    28502M (93%)       28502M (93%)       30692M (100%)      30694M (100%)      30694M (100%)      28502M (93%)    
[136.353s][info][gc,heap     ] GC(20)      Used:     2216M (7%)         2216M (7%)           26M (0%)           24M (0%)         2216M (7%)           24M (0%)     
[136.353s][info][gc,heap     ] GC(20)      Live:         -                 4M (0%)            4M (0%)            4M (0%)             -                  -          
[136.353s][info][gc,heap     ] GC(20) Allocated:         -                 0M (0%)            0M (0%)            0M (0%)             -                  -          
[136.353s][info][gc,heap     ] GC(20)   Garbage:         -              2211M (7%)           21M (0%)           19M (0%)             -                  -          
[136.353s][info][gc,heap     ] GC(20) Reclaimed:         -                  -              2190M (7%)         2192M (7%)             -                  -          
[136.353s][info][gc          ] GC(20) Garbage Collection (System.gc()) 2216M(7%)->24M(0%)
[140.152s][info][gc,stats    ] === Garbage Collection Statistics =======================================================================================================================
[140.153s][info][gc,stats    ]                                                              Last 10s              Last 10m              Last 10h                Total
[140.153s][info][gc,stats    ]                                                              Avg / Max             Avg / Max             Avg / Max             Avg / Max
[140.153s][info][gc,stats    ]   Collector: Garbage Collection Cycle                     17.301 / 17.301       23.165 / 47.906       23.165 / 47.906       23.165 / 47.906      ms
[140.153s][info][gc,stats    ]  Contention: Mark Segment Reset Contention                     0 / 2                 0 / 10                0 / 10                0 / 10          ops/s
[140.153s][info][gc,stats    ]  Contention: Mark SeqNum Reset Contention                      0 / 0                 0 / 1                 0 / 1                 0 / 1           ops/s
[140.153s][info][gc,stats    ]    Critical: Allocation Stall                                  0 / 0                 0 / 0                 0 / 0                 0 / 0           ops/s
[140.153s][info][gc,stats    ]    Critical: Allocation Stall                              0.000 / 0.000         0.000 / 0.000         0.000 / 0.000         0.000 / 0.000       ms
[140.153s][info][gc,stats    ]    Critical: GC Locker Stall                                   0 / 0                 0 / 0                 0 / 0                 0 / 0           ops/s
[140.153s][info][gc,stats    ]    Critical: GC Locker Stall                               0.000 / 0.000         0.000 / 0.000         0.000 / 0.000         0.000 / 0.000       ms
[140.153s][info][gc,stats    ]    Critical: Relocation Stall                                  0 / 0                 0 / 0                 0 / 0                 0 / 0           ops/s
[140.153s][info][gc,stats    ]    Critical: Relocation Stall                              0.000 / 0.000         0.000 / 0.000         0.000 / 0.000         0.000 / 0.000       ms
[140.153s][info][gc,stats    ]      Memory: Allocation Rate                                 331 / 344             322 / 350             322 / 350             322 / 350         MB/s
[140.153s][info][gc,stats    ]      Memory: Defragment                                        0 / 0                 0 / 0                 0 / 0                 0 / 0           ops/s
[140.153s][info][gc,stats    ]      Memory: Out Of Memory                                     0 / 0                 0 / 0                 0 / 0                 0 / 0           ops/s
[140.153s][info][gc,stats    ]      Memory: Page Cache Flush                                  0 / 0                 0 / 0                 0 / 0                 0 / 0           MB/s
[140.153s][info][gc,stats    ]      Memory: Page Cache Hit L1                               166 / 184             155 / 187             155 / 187             155 / 187         ops/s
[140.153s][info][gc,stats    ]      Memory: Page Cache Hit L2                                 0 / 0                 0 / 0                 0 / 0                 0 / 0           ops/s
[140.153s][info][gc,stats    ]      Memory: Page Cache Hit L3                                 0 / 0                 7 / 152               7 / 152               7 / 152         ops/s
[140.153s][info][gc,stats    ]      Memory: Page Cache Miss                                   0 / 0                 0 / 87                0 / 87                0 / 87          ops/s
[140.153s][info][gc,stats    ]      Memory: Uncommit                                          0 / 0                 0 / 0                 0 / 0                 0 / 0           MB/s
[140.153s][info][gc,stats    ]      Memory: Undo Object Allocation Failed                     0 / 0                 0 / 0                 0 / 0                 0 / 0           ops/s
[140.153s][info][gc,stats    ]      Memory: Undo Object Allocation Succeeded                  0 / 0                 0 / 0                 0 / 0                 0 / 0           ops/s
[140.153s][info][gc,stats    ]      Memory: Undo Page Allocation                              0 / 0                 0 / 0                 0 / 0                 0 / 0           ops/s
[140.153s][info][gc,stats    ]       Phase: Concurrent Mark                               8.657 / 8.657        11.571 / 24.168       11.571 / 24.168       11.571 / 24.168      ms
[140.153s][info][gc,stats    ]       Phase: Concurrent Mark Continue                      0.000 / 0.000         0.000 / 0.000         0.000 / 0.000         0.000 / 0.000       ms
[140.153s][info][gc,stats    ]       Phase: Concurrent Mark Free                          0.001 / 0.001         0.001 / 0.002         0.001 / 0.002         0.001 / 0.002       ms
[140.153s][info][gc,stats    ]       Phase: Concurrent Process Non-Strong References      0.855 / 0.855         1.209 / 6.554         1.209 / 6.554         1.209 / 6.554       ms
[140.153s][info][gc,stats    ]       Phase: Concurrent Relocate                           2.965 / 2.965         3.486 / 4.601         3.486 / 4.601         3.486 / 4.601       ms
[140.154s][info][gc,stats    ]       Phase: Concurrent Reset Relocation Set               0.002 / 0.002         0.002 / 0.006         0.002 / 0.006         0.002 / 0.006       ms
[140.154s][info][gc,stats    ]       Phase: Concurrent Select Relocation Set              3.843 / 3.843         4.512 / 14.176        4.512 / 14.176        4.512 / 14.176      ms
[140.154s][info][gc,stats    ]       Phase: Pause Mark End                                0.021 / 0.021         0.023 / 0.034         0.023 / 0.034         0.023 / 0.034       ms
[140.154s][info][gc,stats    ]       Phase: Pause Mark Start                              0.016 / 0.016         0.018 / 0.021         0.018 / 0.021         0.018 / 0.021       ms
[140.154s][info][gc,stats    ]       Phase: Pause Relocate Start                          0.006 / 0.006         0.009 / 0.027         0.009 / 0.027         0.009 / 0.027       ms
[140.154s][info][gc,stats    ]    Subphase: Concurrent Classes Purge                      0.004 / 0.004         0.106 / 1.237         0.106 / 1.237         0.106 / 1.237       ms
[140.154s][info][gc,stats    ]    Subphase: Concurrent Classes Unlink                     0.590 / 0.590         0.815 / 4.999         0.815 / 4.999         0.815 / 4.999       ms
[140.154s][info][gc,stats    ]    Subphase: Concurrent Mark                               6.930 / 7.656         9.880 / 23.120        9.880 / 23.120        9.880 / 23.120      ms
[140.154s][info][gc,stats    ]    Subphase: Concurrent Mark Try Flush                     0.075 / 0.094         0.065 / 0.111         0.065 / 0.111         0.065 / 0.111       ms
[140.154s][info][gc,stats    ]    Subphase: Concurrent Mark Try Terminate                 1.659 / 2.039         3.677 / 16.687        3.677 / 16.687        3.677 / 16.687      ms
[140.154s][info][gc,stats    ]    Subphase: Concurrent References Enqueue                 0.000 / 0.000         0.001 / 0.005         0.001 / 0.005         0.001 / 0.005       ms
[140.154s][info][gc,stats    ]    Subphase: Concurrent References Process                 0.032 / 0.032         0.042 / 0.080         0.042 / 0.080         0.042 / 0.080       ms
[140.154s][info][gc,stats    ]    Subphase: Concurrent Roots ClassLoaderDataGraph         0.080 / 0.657         0.083 / 0.717         0.083 / 0.717         0.083 / 0.717       ms
[140.154s][info][gc,stats    ]    Subphase: Concurrent Roots CodeCache                    0.000 / 0.000         0.000 / 0.000         0.000 / 0.000         0.000 / 0.000       ms
[140.154s][info][gc,stats    ]    Subphase: Concurrent Roots JavaThreads                  0.426 / 0.910         0.453 / 1.054         0.453 / 1.054         0.453 / 1.054       ms
[140.154s][info][gc,stats    ]    Subphase: Concurrent Roots OopStorageSet                0.013 / 0.039         0.017 / 0.151         0.017 / 0.151         0.017 / 0.151       ms
[140.154s][info][gc,stats    ]    Subphase: Concurrent Weak Roots OopStorageSet           0.140 / 0.147         0.141 / 0.168         0.141 / 0.168         0.141 / 0.168       ms
[140.154s][info][gc,stats    ]    Subphase: Pause Mark Try Complete                       0.000 / 0.000         0.000 / 0.000         0.000 / 0.000         0.000 / 0.000       ms
[140.154s][info][gc,stats    ]      System: Java Threads                                     33 / 33               31 / 34               31 / 34               31 / 34          threads
[140.154s][info][gc,stats    ] =========================================================================================================================================================
[143.058s][info][gc,start    ] GC(21) Garbage Collection (System.gc())
[143.058s][info][gc,task     ] GC(21) Using 12 workers
[143.059s][info][gc,phases   ] GC(21) Pause Mark Start 0.018ms
[143.079s][info][gc,phases   ] GC(21) Concurrent Mark 20.128ms
[143.079s][info][gc,phases   ] GC(21) Pause Mark End 0.023ms
[143.079s][info][gc,phases   ] GC(21) Concurrent Mark Free 0.001ms
[143.080s][info][gc,phases   ] GC(21) Concurrent Process Non-Strong References 0.947ms
[143.080s][info][gc,phases   ] GC(21) Concurrent Reset Relocation Set 0.002ms
[143.084s][info][gc,phases   ] GC(21) Concurrent Select Relocation Set 3.980ms
[143.084s][info][gc,phases   ] GC(21) Pause Relocate Start 0.007ms
[143.088s][info][gc,phases   ] GC(21) Concurrent Relocate 3.468ms
[143.088s][info][gc,load     ] GC(21) Load: 0.00/0.00/0.00
[143.088s][info][gc,mmu      ] GC(21) MMU: 2ms/98.3%, 5ms/99.3%, 10ms/99.5%, 20ms/99.7%, 50ms/99.9%, 100ms/99.9%
[143.088s][info][gc,marking  ] GC(21) Mark: 8 stripe(s), 1 proactive flush(es), 1 terminate flush(es), 0 completion(s), 0 continuation(s) 
[143.088s][info][gc,marking  ] GC(21) Mark Stack Usage: 32M
[143.088s][info][gc,nmethod  ] GC(21) NMethods: 1970 registered, 364 unregistered
[143.088s][info][gc,metaspace] GC(21) Metaspace: 9M used, 10M committed, 1088M reserved
[143.088s][info][gc,ref      ] GC(21) Soft: 214 encountered, 0 discovered, 0 enqueued
[143.088s][info][gc,ref      ] GC(21) Weak: 797 encountered, 12 discovered, 0 enqueued
[143.088s][info][gc,ref      ] GC(21) Final: 0 encountered, 0 discovered, 0 enqueued
[143.088s][info][gc,ref      ] GC(21) Phantom: 27 encountered, 15 discovered, 0 enqueued
[143.088s][info][gc,reloc    ] GC(21) Small Pages: 1109 / 2218M, Empty: 2188M, Relocated: 4M, In-Place: 0
[143.088s][info][gc,reloc    ] GC(21) Medium Pages: 0 / 0M, Empty: 0M, Relocated: 0M, In-Place: 0
[143.088s][info][gc,reloc    ] GC(21) Large Pages: 0 / 0M, Empty: 0M, Relocated: 0M, In-Place: 0
[143.088s][info][gc,reloc    ] GC(21) Forwarding Usage: 1M
[143.088s][info][gc,heap     ] GC(21) Min Capacity: 8M(0%)
[143.088s][info][gc,heap     ] GC(21) Max Capacity: 30718M(100%)
[143.088s][info][gc,heap     ] GC(21) Soft Max Capacity: 30718M(100%)
[143.088s][info][gc,heap     ] GC(21)                Mark Start          Mark End        Relocate Start      Relocate End           High               Low         
[143.088s][info][gc,heap     ] GC(21)  Capacity:     2228M (7%)         2228M (7%)         2228M (7%)         2228M (7%)         2228M (7%)         2228M (7%)     
[143.088s][info][gc,heap     ] GC(21)      Free:    28500M (93%)       28500M (93%)       30688M (100%)      30694M (100%)      30694M (100%)      28500M (93%)    
[143.088s][info][gc,heap     ] GC(21)      Used:     2218M (7%)         2218M (7%)           30M (0%)           24M (0%)         2218M (7%)           24M (0%)     
[143.088s][info][gc,heap     ] GC(21)      Live:         -                 4M (0%)            4M (0%)            4M (0%)             -                  -          
[143.088s][info][gc,heap     ] GC(21) Allocated:         -                 0M (0%)            0M (0%)            0M (0%)             -                  -          
[143.089s][info][gc,heap     ] GC(21)   Garbage:         -              2213M (7%)           25M (0%)           19M (0%)             -                  -          
[143.089s][info][gc,heap     ] GC(21) Reclaimed:         -                  -              2188M (7%)         2194M (7%)             -                  -          
[143.089s][info][gc          ] GC(21) Garbage Collection (System.gc()) 2218M(7%)->24M(0%)
[149.704s][info][gc,start    ] GC(22) Garbage Collection (System.gc())
[149.704s][info][gc,task     ] GC(22) Using 12 workers
[149.704s][info][gc,phases   ] GC(22) Pause Mark Start 0.019ms
[149.716s][info][gc,phases   ] GC(22) Concurrent Mark 11.926ms
[149.716s][info][gc,phases   ] GC(22) Pause Mark End 0.022ms
[149.717s][info][gc,phases   ] GC(22) Concurrent Mark Free 0.002ms
[149.718s][info][gc,phases   ] GC(22) Concurrent Process Non-Strong References 0.958ms
[149.718s][info][gc,phases   ] GC(22) Concurrent Reset Relocation Set 0.002ms
[149.722s][info][gc,phases   ] GC(22) Concurrent Select Relocation Set 3.938ms
[149.722s][info][gc,phases   ] GC(22) Pause Relocate Start 0.007ms
[149.725s][info][gc,phases   ] GC(22) Concurrent Relocate 3.742ms
[149.726s][info][gc,load     ] GC(22) Load: 0.00/0.00/0.00
[149.726s][info][gc,mmu      ] GC(22) MMU: 2ms/98.3%, 5ms/99.3%, 10ms/99.5%, 20ms/99.7%, 50ms/99.9%, 100ms/99.9%
[149.726s][info][gc,marking  ] GC(22) Mark: 8 stripe(s), 1 proactive flush(es), 1 terminate flush(es), 0 completion(s), 0 continuation(s) 
[149.726s][info][gc,marking  ] GC(22) Mark Stack Usage: 32M
[149.726s][info][gc,nmethod  ] GC(22) NMethods: 1973 registered, 364 unregistered
[149.726s][info][gc,metaspace] GC(22) Metaspace: 9M used, 10M committed, 1088M reserved
[149.726s][info][gc,ref      ] GC(22) Soft: 214 encountered, 0 discovered, 0 enqueued
[149.726s][info][gc,ref      ] GC(22) Weak: 798 encountered, 30 discovered, 0 enqueued
[149.726s][info][gc,ref      ] GC(22) Final: 0 encountered, 0 discovered, 0 enqueued
[149.726s][info][gc,ref      ] GC(22) Phantom: 27 encountered, 12 discovered, 0 enqueued
[149.726s][info][gc,reloc    ] GC(22) Small Pages: 1104 / 2208M, Empty: 2178M, Relocated: 4M, In-Place: 0
[149.726s][info][gc,reloc    ] GC(22) Medium Pages: 0 / 0M, Empty: 0M, Relocated: 0M, In-Place: 0
[149.726s][info][gc,reloc    ] GC(22) Large Pages: 0 / 0M, Empty: 0M, Relocated: 0M, In-Place: 0
[149.726s][info][gc,reloc    ] GC(22) Forwarding Usage: 1M
[149.726s][info][gc,heap     ] GC(22) Min Capacity: 8M(0%)
[149.726s][info][gc,heap     ] GC(22) Max Capacity: 30718M(100%)
[149.726s][info][gc,heap     ] GC(22) Soft Max Capacity: 30718M(100%)
[149.726s][info][gc,heap     ] GC(22)                Mark Start          Mark End        Relocate Start      Relocate End           High               Low         
[149.726s][info][gc,heap     ] GC(22)  Capacity:     2228M (7%)         2228M (7%)         2228M (7%)         2228M (7%)         2228M (7%)         2228M (7%)     
[149.726s][info][gc,heap     ] GC(22)      Free:    28510M (93%)       28510M (93%)       30688M (100%)      30694M (100%)      30694M (100%)      28510M (93%)    
[149.726s][info][gc,heap     ] GC(22)      Used:     2208M (7%)         2208M (7%)           30M (0%)           24M (0%)         2208M (7%)           24M (0%)     
[149.726s][info][gc,heap     ] GC(22)      Live:         -                 4M (0%)            4M (0%)            4M (0%)             -                  -          
[149.726s][info][gc,heap     ] GC(22) Allocated:         -                 0M (0%)            0M (0%)            0M (0%)             -                  -          
[149.726s][info][gc,heap     ] GC(22)   Garbage:         -              2203M (7%)           25M (0%)           19M (0%)             -                  -          
[149.726s][info][gc,heap     ] GC(22) Reclaimed:         -                  -              2178M (7%)         2184M (7%)             -                  -          
[149.726s][info][gc          ] GC(22) Garbage Collection (System.gc()) 2208M(7%)->24M(0%)
[150.146s][info][gc,stats    ] === Garbage Collection Statistics =======================================================================================================================
[150.146s][info][gc,stats    ]                                                              Last 10s              Last 10m              Last 10h                Total
[150.146s][info][gc,stats    ]                                                              Avg / Max             Avg / Max             Avg / Max             Avg / Max
[150.146s][info][gc,stats    ]   Collector: Garbage Collection Cycle                     25.596 / 29.577       23.376 / 47.906       23.376 / 47.906       23.376 / 47.906      ms
[150.146s][info][gc,stats    ]  Contention: Mark Segment Reset Contention                     0 / 6                 0 / 10                0 / 10                0 / 10          ops/s
[150.146s][info][gc,stats    ]  Contention: Mark SeqNum Reset Contention                      0 / 1                 0 / 1                 0 / 1                 0 / 1           ops/s
[150.146s][info][gc,stats    ]    Critical: Allocation Stall                                  0 / 0                 0 / 0                 0 / 0                 0 / 0           ops/s
[150.146s][info][gc,stats    ]    Critical: Allocation Stall                              0.000 / 0.000         0.000 / 0.000         0.000 / 0.000         0.000 / 0.000       ms
[150.147s][info][gc,stats    ]    Critical: GC Locker Stall                                   0 / 0                 0 / 0                 0 / 0                 0 / 0           ops/s
[150.147s][info][gc,stats    ]    Critical: GC Locker Stall                               0.000 / 0.000         0.000 / 0.000         0.000 / 0.000         0.000 / 0.000       ms
[150.147s][info][gc,stats    ]    Critical: Relocation Stall                                  0 / 0                 0 / 0                 0 / 0                 0 / 0           ops/s
[150.147s][info][gc,stats    ]    Critical: Relocation Stall                              0.000 / 0.000         0.000 / 0.000         0.000 / 0.000         0.000 / 0.000       ms
[150.147s][info][gc,stats    ]      Memory: Allocation Rate                                 326 / 338             322 / 350             322 / 350             322 / 350         MB/s
[150.147s][info][gc,stats    ]      Memory: Defragment                                        0 / 0                 0 / 0                 0 / 0                 0 / 0           ops/s
[150.147s][info][gc,stats    ]      Memory: Out Of Memory                                     0 / 0                 0 / 0                 0 / 0                 0 / 0           ops/s
[150.147s][info][gc,stats    ]      Memory: Page Cache Flush                                  0 / 0                 0 / 0                 0 / 0                 0 / 0           MB/s
[150.147s][info][gc,stats    ]      Memory: Page Cache Hit L1                               165 / 175             155 / 187             155 / 187             155 / 187         ops/s
[150.147s][info][gc,stats    ]      Memory: Page Cache Hit L2                                 0 / 0                 0 / 0                 0 / 0                 0 / 0           ops/s
[150.147s][info][gc,stats    ]      Memory: Page Cache Hit L3                                 0 / 0                 6 / 152               6 / 152               6 / 152         ops/s
[150.147s][info][gc,stats    ]      Memory: Page Cache Miss                                   0 / 0                 0 / 87                0 / 87                0 / 87          ops/s
[150.147s][info][gc,stats    ]      Memory: Uncommit                                          0 / 0                 0 / 0                 0 / 0                 0 / 0           MB/s
[150.147s][info][gc,stats    ]      Memory: Undo Object Allocation Failed                     0 / 0                 0 / 0                 0 / 0                 0 / 0           ops/s
[150.147s][info][gc,stats    ]      Memory: Undo Object Allocation Succeeded                  0 / 0                 0 / 0                 0 / 0                 0 / 0           ops/s
[150.147s][info][gc,stats    ]      Memory: Undo Page Allocation                              0 / 0                 0 / 0                 0 / 0                 0 / 0           ops/s
[150.147s][info][gc,stats    ]       Phase: Concurrent Mark                              16.027 / 20.128       11.959 / 24.168       11.959 / 24.168       11.959 / 24.168      ms
[150.147s][info][gc,stats    ]       Phase: Concurrent Mark Continue                      0.000 / 0.000         0.000 / 0.000         0.000 / 0.000         0.000 / 0.000       ms
[150.147s][info][gc,stats    ]       Phase: Concurrent Mark Free                          0.001 / 0.002         0.001 / 0.002         0.001 / 0.002         0.001 / 0.002       ms
[150.147s][info][gc,stats    ]       Phase: Concurrent Process Non-Strong References      0.952 / 0.958         1.187 / 6.554         1.187 / 6.554         1.187 / 6.554       ms
[150.147s][info][gc,stats    ]       Phase: Concurrent Relocate                           3.605 / 3.742         3.496 / 4.601         3.496 / 4.601         3.496 / 4.601       ms
[150.147s][info][gc,stats    ]       Phase: Concurrent Reset Relocation Set               0.002 / 0.002         0.002 / 0.006         0.002 / 0.006         0.002 / 0.006       ms
[150.147s][info][gc,stats    ]       Phase: Concurrent Select Relocation Set              3.959 / 3.980         4.464 / 14.176        4.464 / 14.176        4.464 / 14.176      ms
[150.147s][info][gc,stats    ]       Phase: Pause Mark End                                0.022 / 0.023         0.023 / 0.034         0.023 / 0.034         0.023 / 0.034       ms
[150.147s][info][gc,stats    ]       Phase: Pause Mark Start                              0.019 / 0.019         0.018 / 0.021         0.018 / 0.021         0.018 / 0.021       ms
[150.147s][info][gc,stats    ]       Phase: Pause Relocate Start                          0.007 / 0.007         0.009 / 0.027         0.009 / 0.027         0.009 / 0.027       ms
[150.147s][info][gc,stats    ]    Subphase: Concurrent Classes Purge                      0.005 / 0.005         0.098 / 1.237         0.098 / 1.237         0.098 / 1.237       ms
[150.147s][info][gc,stats    ]    Subphase: Concurrent Classes Unlink                     0.645 / 0.646         0.800 / 4.999         0.800 / 4.999         0.800 / 4.999       ms
[150.147s][info][gc,stats    ]    Subphase: Concurrent Mark                              14.286 / 19.089       10.263 / 23.120       10.263 / 23.120       10.263 / 23.120      ms
[150.148s][info][gc,stats    ]    Subphase: Concurrent Mark Try Flush                     0.082 / 0.098         0.066 / 0.111         0.066 / 0.111         0.066 / 0.111       ms
[150.148s][info][gc,stats    ]    Subphase: Concurrent Mark Try Terminate                 9.218 / 16.624        4.013 / 16.687        4.013 / 16.687        4.013 / 16.687      ms
[150.148s][info][gc,stats    ]    Subphase: Concurrent References Enqueue                 0.000 / 0.000         0.001 / 0.005         0.001 / 0.005         0.001 / 0.005       ms
[150.148s][info][gc,stats    ]    Subphase: Concurrent References Process                 0.039 / 0.040         0.041 / 0.080         0.041 / 0.080         0.041 / 0.080       ms
[150.148s][info][gc,stats    ]    Subphase: Concurrent Roots ClassLoaderDataGraph         0.082 / 0.670         0.083 / 0.717         0.083 / 0.717         0.083 / 0.717       ms
[150.148s][info][gc,stats    ]    Subphase: Concurrent Roots CodeCache                    0.000 / 0.000         0.000 / 0.000         0.000 / 0.000         0.000 / 0.000       ms
[150.148s][info][gc,stats    ]    Subphase: Concurrent Roots JavaThreads                  0.492 / 0.977         0.456 / 1.054         0.456 / 1.054         0.456 / 1.054       ms
[150.148s][info][gc,stats    ]    Subphase: Concurrent Roots OopStorageSet                0.015 / 0.049         0.017 / 0.151         0.017 / 0.151         0.017 / 0.151       ms
[150.148s][info][gc,stats    ]    Subphase: Concurrent Weak Roots OopStorageSet           0.151 / 0.164         0.142 / 0.168         0.142 / 0.168         0.142 / 0.168       ms
[150.148s][info][gc,stats    ]    Subphase: Pause Mark Try Complete                       0.000 / 0.000         0.000 / 0.000         0.000 / 0.000         0.000 / 0.000       ms
[150.148s][info][gc,stats    ]      System: Java Threads                                     36 / 37               31 / 37               31 / 37               31 / 37          threads
[150.148s][info][gc,stats    ] =========================================================================================================================================================
[156.669s][info][gc,start    ] GC(23) Garbage Collection (System.gc())
[156.670s][info][gc,task     ] GC(23) Using 12 workers
[156.670s][info][gc,phases   ] GC(23) Pause Mark Start 0.020ms
[156.690s][info][gc,phases   ] GC(23) Concurrent Mark 20.000ms
[156.690s][info][gc,phases   ] GC(23) Pause Mark End 0.026ms
[156.690s][info][gc,phases   ] GC(23) Concurrent Mark Free 0.002ms
[156.691s][info][gc,phases   ] GC(23) Concurrent Process Non-Strong References 1.014ms
[156.691s][info][gc,phases   ] GC(23) Concurrent Reset Relocation Set 0.003ms
[156.698s][info][gc,phases   ] GC(23) Concurrent Select Relocation Set 6.458ms
[156.698s][info][gc,phases   ] GC(23) Pause Relocate Start 0.006ms
[156.701s][info][gc,phases   ] GC(23) Concurrent Relocate 3.095ms
[156.701s][info][gc,load     ] GC(23) Load: 0.00/0.00/0.00
[156.701s][info][gc,mmu      ] GC(23) MMU: 2ms/98.3%, 5ms/99.3%, 10ms/99.5%, 20ms/99.7%, 50ms/99.9%, 100ms/99.9%
[156.701s][info][gc,marking  ] GC(23) Mark: 8 stripe(s), 2 proactive flush(es), 1 terminate flush(es), 0 completion(s), 0 continuation(s) 
[156.701s][info][gc,marking  ] GC(23) Mark Stack Usage: 32M
[156.701s][info][gc,nmethod  ] GC(23) NMethods: 1973 registered, 365 unregistered
[156.701s][info][gc,metaspace] GC(23) Metaspace: 9M used, 10M committed, 1088M reserved
[156.701s][info][gc,ref      ] GC(23) Soft: 214 encountered, 0 discovered, 0 enqueued
[156.701s][info][gc,ref      ] GC(23) Weak: 798 encountered, 14 discovered, 0 enqueued
[156.701s][info][gc,ref      ] GC(23) Final: 0 encountered, 0 discovered, 0 enqueued
[156.701s][info][gc,ref      ] GC(23) Phantom: 27 encountered, 24 discovered, 0 enqueued
[156.701s][info][gc,reloc    ] GC(23) Small Pages: 1112 / 2224M, Empty: 2198M, Relocated: 4M, In-Place: 0
[156.701s][info][gc,reloc    ] GC(23) Medium Pages: 0 / 0M, Empty: 0M, Relocated: 0M, In-Place: 0
[156.701s][info][gc,reloc    ] GC(23) Large Pages: 0 / 0M, Empty: 0M, Relocated: 0M, In-Place: 0
[156.702s][info][gc,reloc    ] GC(23) Forwarding Usage: 1M
[156.702s][info][gc,heap     ] GC(23) Min Capacity: 8M(0%)
[156.702s][info][gc,heap     ] GC(23) Max Capacity: 30718M(100%)
[156.702s][info][gc,heap     ] GC(23) Soft Max Capacity: 30718M(100%)
[156.702s][info][gc,heap     ] GC(23)                Mark Start          Mark End        Relocate Start      Relocate End           High               Low         
[156.702s][info][gc,heap     ] GC(23)  Capacity:     2228M (7%)         2228M (7%)         2228M (7%)         2228M (7%)         2228M (7%)         2228M (7%)     
[156.702s][info][gc,heap     ] GC(23)      Free:    28494M (93%)       28494M (93%)       30692M (100%)      30694M (100%)      30694M (100%)      28494M (93%)    
[156.702s][info][gc,heap     ] GC(23)      Used:     2224M (7%)         2224M (7%)           26M (0%)           24M (0%)         2224M (7%)           24M (0%)     
[156.702s][info][gc,heap     ] GC(23)      Live:         -                 4M (0%)            4M (0%)            4M (0%)             -                  -          
[156.702s][info][gc,heap     ] GC(23) Allocated:         -                 0M (0%)            0M (0%)            0M (0%)             -                  -          
[156.702s][info][gc,heap     ] GC(23)   Garbage:         -              2219M (7%)           21M (0%)           19M (0%)             -                  -          
[156.702s][info][gc,heap     ] GC(23) Reclaimed:         -                  -              2198M (7%)         2200M (7%)             -                  -          
[156.702s][info][gc          ] GC(23) Garbage Collection (System.gc()) 2224M(7%)->24M(0%)
[160.150s][info][gc,stats    ] === Garbage Collection Statistics =======================================================================================================================
[160.150s][info][gc,stats    ]                                                              Last 10s              Last 10m              Last 10h                Total
[160.150s][info][gc,stats    ]                                                              Avg / Max             Avg / Max             Avg / Max             Avg / Max
[160.150s][info][gc,stats    ]   Collector: Garbage Collection Cycle                     31.672 / 31.672       23.722 / 47.906       23.722 / 47.906       23.722 / 47.906      ms
[160.150s][info][gc,stats    ]  Contention: Mark Segment Reset Contention                     0 / 1                 0 / 10                0 / 10                0 / 10          ops/s
[160.150s][info][gc,stats    ]  Contention: Mark SeqNum Reset Contention                      0 / 0                 0 / 1                 0 / 1                 0 / 1           ops/s
[160.150s][info][gc,stats    ]    Critical: Allocation Stall                                  0 / 0                 0 / 0                 0 / 0                 0 / 0           ops/s
[160.150s][info][gc,stats    ]    Critical: Allocation Stall                              0.000 / 0.000         0.000 / 0.000         0.000 / 0.000         0.000 / 0.000       ms
[160.150s][info][gc,stats    ]    Critical: GC Locker Stall                                   0 / 0                 0 / 0                 0 / 0                 0 / 0           ops/s
[160.150s][info][gc,stats    ]    Critical: GC Locker Stall                               0.000 / 0.000         0.000 / 0.000         0.000 / 0.000         0.000 / 0.000       ms
[160.150s][info][gc,stats    ]    Critical: Relocation Stall                                  0 / 0                 0 / 0                 0 / 0                 0 / 0           ops/s
[160.150s][info][gc,stats    ]    Critical: Relocation Stall                              0.000 / 0.000         0.000 / 0.000         0.000 / 0.000         0.000 / 0.000       ms
[160.150s][info][gc,stats    ]      Memory: Allocation Rate                                 316 / 324             322 / 350             322 / 350             322 / 350         MB/s
[160.150s][info][gc,stats    ]      Memory: Defragment                                        0 / 0                 0 / 0                 0 / 0                 0 / 0           ops/s
[160.150s][info][gc,stats    ]      Memory: Out Of Memory                                     0 / 0                 0 / 0                 0 / 0                 0 / 0           ops/s
[160.150s][info][gc,stats    ]      Memory: Page Cache Flush                                  0 / 0                 0 / 0                 0 / 0                 0 / 0           MB/s
[160.150s][info][gc,stats    ]      Memory: Page Cache Hit L1                               159 / 171             156 / 187             156 / 187             156 / 187         ops/s
[160.150s][info][gc,stats    ]      Memory: Page Cache Hit L2                                 0 / 0                 0 / 0                 0 / 0                 0 / 0           ops/s
[160.151s][info][gc,stats    ]      Memory: Page Cache Hit L3                                 0 / 0                 6 / 152               6 / 152               6 / 152         ops/s
[160.151s][info][gc,stats    ]      Memory: Page Cache Miss                                   0 / 0                 0 / 87                0 / 87                0 / 87          ops/s
[160.151s][info][gc,stats    ]      Memory: Uncommit                                          0 / 0                 0 / 0                 0 / 0                 0 / 0           MB/s
[160.151s][info][gc,stats    ]      Memory: Undo Object Allocation Failed                     0 / 0                 0 / 0                 0 / 0                 0 / 0           ops/s
[160.151s][info][gc,stats    ]      Memory: Undo Object Allocation Succeeded                  0 / 0                 0 / 0                 0 / 0                 0 / 0           ops/s
[160.151s][info][gc,stats    ]      Memory: Undo Page Allocation                              0 / 0                 0 / 0                 0 / 0                 0 / 0           ops/s
[160.151s][info][gc,stats    ]       Phase: Concurrent Mark                              20.000 / 20.000       12.294 / 24.168       12.294 / 24.168       12.294 / 24.168      ms
[160.151s][info][gc,stats    ]       Phase: Concurrent Mark Continue                      0.000 / 0.000         0.000 / 0.000         0.000 / 0.000         0.000 / 0.000       ms
[160.151s][info][gc,stats    ]       Phase: Concurrent Mark Free                          0.002 / 0.002         0.001 / 0.002         0.001 / 0.002         0.001 / 0.002       ms
[160.151s][info][gc,stats    ]       Phase: Concurrent Process Non-Strong References      1.014 / 1.014         1.179 / 6.554         1.179 / 6.554         1.179 / 6.554       ms
[160.151s][info][gc,stats    ]       Phase: Concurrent Relocate                           3.095 / 3.095         3.480 / 4.601         3.480 / 4.601         3.480 / 4.601       ms
[160.151s][info][gc,stats    ]       Phase: Concurrent Reset Relocation Set               0.003 / 0.003         0.002 / 0.006         0.002 / 0.006         0.002 / 0.006       ms
[160.151s][info][gc,stats    ]       Phase: Concurrent Select Relocation Set              6.458 / 6.458         4.547 / 14.176        4.547 / 14.176        4.547 / 14.176      ms
[160.151s][info][gc,stats    ]       Phase: Pause Mark End                                0.026 / 0.026         0.023 / 0.034         0.023 / 0.034         0.023 / 0.034       ms
[160.151s][info][gc,stats    ]       Phase: Pause Mark Start                              0.020 / 0.020         0.018 / 0.021         0.018 / 0.021         0.018 / 0.021       ms
[160.151s][info][gc,stats    ]       Phase: Pause Relocate Start                          0.006 / 0.006         0.008 / 0.027         0.008 / 0.027         0.008 / 0.027       ms
[160.151s][info][gc,stats    ]    Subphase: Concurrent Classes Purge                      0.017 / 0.017         0.094 / 1.237         0.094 / 1.237         0.094 / 1.237       ms
[160.151s][info][gc,stats    ]    Subphase: Concurrent Classes Unlink                     0.669 / 0.669         0.794 / 4.999         0.794 / 4.999         0.794 / 4.999       ms
[160.151s][info][gc,stats    ]    Subphase: Concurrent Mark                              17.587 / 18.890       10.569 / 23.120       10.569 / 23.120       10.569 / 23.120      ms
[160.151s][info][gc,stats    ]    Subphase: Concurrent Mark Try Flush                     0.058 / 0.098         0.065 / 0.111         0.065 / 0.111         0.065 / 0.111       ms
[160.151s][info][gc,stats    ]    Subphase: Concurrent Mark Try Terminate                13.406 / 16.133        4.261 / 16.687        4.261 / 16.687        4.261 / 16.687      ms
[160.151s][info][gc,stats    ]    Subphase: Concurrent References Enqueue                 0.000 / 0.000         0.001 / 0.005         0.001 / 0.005         0.001 / 0.005       ms
[160.151s][info][gc,stats    ]    Subphase: Concurrent References Process                 0.039 / 0.039         0.041 / 0.080         0.041 / 0.080         0.041 / 0.080       ms
[160.151s][info][gc,stats    ]    Subphase: Concurrent Roots ClassLoaderDataGraph         0.108 / 0.696         0.084 / 0.717         0.084 / 0.717         0.084 / 0.717       ms
[160.151s][info][gc,stats    ]    Subphase: Concurrent Roots CodeCache                    0.000 / 0.000         0.000 / 0.000         0.000 / 0.000         0.000 / 0.000       ms
[160.151s][info][gc,stats    ]    Subphase: Concurrent Roots JavaThreads                  0.516 / 1.004         0.458 / 1.054         0.458 / 1.054         0.458 / 1.054       ms
[160.151s][info][gc,stats    ]    Subphase: Concurrent Roots OopStorageSet                0.016 / 0.044         0.017 / 0.151         0.017 / 0.151         0.017 / 0.151       ms
[160.151s][info][gc,stats    ]    Subphase: Concurrent Weak Roots OopStorageSet           0.151 / 0.160         0.143 / 0.168         0.143 / 0.168         0.143 / 0.168       ms
[160.152s][info][gc,stats    ]    Subphase: Pause Mark Try Complete                       0.000 / 0.000         0.000 / 0.000         0.000 / 0.000         0.000 / 0.000       ms
[160.152s][info][gc,stats    ]      System: Java Threads                                     35 / 35               32 / 37               32 / 37               32 / 37          threads
[160.152s][info][gc,stats    ] =========================================================================================================================================================
[163.498s][info][gc,start    ] GC(24) Garbage Collection (System.gc())
[163.498s][info][gc,task     ] GC(24) Using 12 workers
[163.499s][info][gc,phases   ] GC(24) Pause Mark Start 0.018ms
[163.519s][info][gc,phases   ] GC(24) Concurrent Mark 19.799ms
[163.519s][info][gc,phases   ] GC(24) Pause Mark End 0.024ms
[163.519s][info][gc,phases   ] GC(24) Concurrent Mark Free 0.001ms
[163.520s][info][gc,phases   ] GC(24) Concurrent Process Non-Strong References 0.957ms
[163.520s][info][gc,phases   ] GC(24) Concurrent Reset Relocation Set 0.003ms
[163.524s][info][gc,phases   ] GC(24) Concurrent Select Relocation Set 3.854ms
[163.524s][info][gc,phases   ] GC(24) Pause Relocate Start 0.008ms
[163.527s][info][gc,phases   ] GC(24) Concurrent Relocate 3.456ms
[163.527s][info][gc,load     ] GC(24) Load: 0.00/0.00/0.00
[163.528s][info][gc,mmu      ] GC(24) MMU: 2ms/98.3%, 5ms/99.3%, 10ms/99.5%, 20ms/99.7%, 50ms/99.9%, 100ms/99.9%
[163.528s][info][gc,marking  ] GC(24) Mark: 8 stripe(s), 2 proactive flush(es), 1 terminate flush(es), 0 completion(s), 0 continuation(s) 
[163.528s][info][gc,marking  ] GC(24) Mark Stack Usage: 32M
[163.528s][info][gc,nmethod  ] GC(24) NMethods: 1977 registered, 365 unregistered
[163.528s][info][gc,metaspace] GC(24) Metaspace: 9M used, 10M committed, 1088M reserved
[163.528s][info][gc,ref      ] GC(24) Soft: 214 encountered, 0 discovered, 0 enqueued
[163.528s][info][gc,ref      ] GC(24) Weak: 799 encountered, 12 discovered, 0 enqueued
[163.528s][info][gc,ref      ] GC(24) Final: 0 encountered, 0 discovered, 0 enqueued
[163.528s][info][gc,ref      ] GC(24) Phantom: 27 encountered, 15 discovered, 0 enqueued
[163.528s][info][gc,reloc    ] GC(24) Small Pages: 1104 / 2208M, Empty: 2178M, Relocated: 4M, In-Place: 0
[163.528s][info][gc,reloc    ] GC(24) Medium Pages: 0 / 0M, Empty: 0M, Relocated: 0M, In-Place: 0
[163.528s][info][gc,reloc    ] GC(24) Large Pages: 0 / 0M, Empty: 0M, Relocated: 0M, In-Place: 0
[163.528s][info][gc,reloc    ] GC(24) Forwarding Usage: 1M
[163.528s][info][gc,heap     ] GC(24) Min Capacity: 8M(0%)
[163.528s][info][gc,heap     ] GC(24) Max Capacity: 30718M(100%)
[163.528s][info][gc,heap     ] GC(24) Soft Max Capacity: 30718M(100%)
[163.528s][info][gc,heap     ] GC(24)                Mark Start          Mark End        Relocate Start      Relocate End           High               Low         
[163.528s][info][gc,heap     ] GC(24)  Capacity:     2228M (7%)         2228M (7%)         2228M (7%)         2228M (7%)         2228M (7%)         2228M (7%)     
[163.528s][info][gc,heap     ] GC(24)      Free:    28510M (93%)       28510M (93%)       30688M (100%)      30694M (100%)      30694M (100%)      28510M (93%)    
[163.528s][info][gc,heap     ] GC(24)      Used:     2208M (7%)         2208M (7%)           30M (0%)           24M (0%)         2208M (7%)           24M (0%)     
[163.528s][info][gc,heap     ] GC(24)      Live:         -                 4M (0%)            4M (0%)            4M (0%)             -                  -          
[163.528s][info][gc,heap     ] GC(24) Allocated:         -                 0M (0%)            0M (0%)            0M (0%)             -                  -          
[163.528s][info][gc,heap     ] GC(24)   Garbage:         -              2203M (7%)           25M (0%)           19M (0%)             -                  -          
[163.528s][info][gc,heap     ] GC(24) Reclaimed:         -                  -              2178M (7%)         2184M (7%)             -                  -          
[163.528s][info][gc          ] GC(24) Garbage Collection (System.gc()) 2208M(7%)->24M(0%)
[170.160s][info][gc,stats    ] === Garbage Collection Statistics =======================================================================================================================
[170.161s][info][gc,stats    ]                                                              Last 10s              Last 10m              Last 10h                Total
[170.161s][info][gc,stats    ]                                                              Avg / Max             Avg / Max             Avg / Max             Avg / Max
[170.161s][info][gc,stats    ]   Collector: Garbage Collection Cycle                     29.156 / 29.156       23.939 / 47.906       23.939 / 47.906       23.939 / 47.906      ms
[170.161s][info][gc,stats    ]  Contention: Mark Segment Reset Contention                     0 / 2                 0 / 10                0 / 10                0 / 10          ops/s
[170.161s][info][gc,stats    ]  Contention: Mark SeqNum Reset Contention                      0 / 0                 0 / 1                 0 / 1                 0 / 1           ops/s
[170.161s][info][gc,stats    ]    Critical: Allocation Stall                                  0 / 0                 0 / 0                 0 / 0                 0 / 0           ops/s
[170.161s][info][gc,stats    ]    Critical: Allocation Stall                              0.000 / 0.000         0.000 / 0.000         0.000 / 0.000         0.000 / 0.000       ms
[170.161s][info][gc,stats    ]    Critical: GC Locker Stall                                   0 / 0                 0 / 0                 0 / 0                 0 / 0           ops/s
[170.161s][info][gc,stats    ]    Critical: GC Locker Stall                               0.000 / 0.000         0.000 / 0.000         0.000 / 0.000         0.000 / 0.000       ms
[170.161s][info][gc,stats    ]    Critical: Relocation Stall                                  0 / 0                 0 / 0                 0 / 0                 0 / 0           ops/s
[170.161s][info][gc,stats    ]    Critical: Relocation Stall                              0.000 / 0.000         0.000 / 0.000         0.000 / 0.000         0.000 / 0.000       ms
[170.161s][info][gc,stats    ]      Memory: Allocation Rate                                 323 / 334             322 / 350             322 / 350             322 / 350         MB/s
[170.161s][info][gc,stats    ]      Memory: Defragment                                        0 / 0                 0 / 0                 0 / 0                 0 / 0           ops/s
[170.161s][info][gc,stats    ]      Memory: Out Of Memory                                     0 / 0                 0 / 0                 0 / 0                 0 / 0           ops/s
[170.161s][info][gc,stats    ]      Memory: Page Cache Flush                                  0 / 0                 0 / 0                 0 / 0                 0 / 0           MB/s
[170.161s][info][gc,stats    ]      Memory: Page Cache Hit L1                               162 / 173             156 / 187             156 / 187             156 / 187         ops/s
[170.161s][info][gc,stats    ]      Memory: Page Cache Hit L2                                 0 / 0                 0 / 0                 0 / 0                 0 / 0           ops/s
[170.161s][info][gc,stats    ]      Memory: Page Cache Hit L3                                 0 / 0                 6 / 152               6 / 152               6 / 152         ops/s
[170.161s][info][gc,stats    ]      Memory: Page Cache Miss                                   0 / 0                 0 / 87                0 / 87                0 / 87          ops/s
[170.161s][info][gc,stats    ]      Memory: Uncommit                                          0 / 0                 0 / 0                 0 / 0                 0 / 0           MB/s
[170.161s][info][gc,stats    ]      Memory: Undo Object Allocation Failed                     0 / 0                 0 / 0                 0 / 0                 0 / 0           ops/s
[170.161s][info][gc,stats    ]      Memory: Undo Object Allocation Succeeded                  0 / 0                 0 / 0                 0 / 0                 0 / 0           ops/s
[170.161s][info][gc,stats    ]      Memory: Undo Page Allocation                              0 / 0                 0 / 0                 0 / 0                 0 / 0           ops/s
[170.161s][info][gc,stats    ]       Phase: Concurrent Mark                              19.799 / 19.799       12.594 / 24.168       12.594 / 24.168       12.594 / 24.168      ms
[170.161s][info][gc,stats    ]       Phase: Concurrent Mark Continue                      0.000 / 0.000         0.000 / 0.000         0.000 / 0.000         0.000 / 0.000       ms
[170.161s][info][gc,stats    ]       Phase: Concurrent Mark Free                          0.001 / 0.001         0.001 / 0.002         0.001 / 0.002         0.001 / 0.002       ms
[170.161s][info][gc,stats    ]       Phase: Concurrent Process Non-Strong References      0.957 / 0.957         1.171 / 6.554         1.171 / 6.554         1.171 / 6.554       ms
[170.161s][info][gc,stats    ]       Phase: Concurrent Relocate                           3.456 / 3.456         3.479 / 4.601         3.479 / 4.601         3.479 / 4.601       ms
[170.162s][info][gc,stats    ]       Phase: Concurrent Reset Relocation Set               0.003 / 0.003         0.002 / 0.006         0.002 / 0.006         0.002 / 0.006       ms
[170.162s][info][gc,stats    ]       Phase: Concurrent Select Relocation Set              3.854 / 3.854         4.519 / 14.176        4.519 / 14.176        4.519 / 14.176      ms
[170.162s][info][gc,stats    ]       Phase: Pause Mark End                                0.024 / 0.024         0.023 / 0.034         0.023 / 0.034         0.023 / 0.034       ms
[170.162s][info][gc,stats    ]       Phase: Pause Mark Start                              0.018 / 0.018         0.018 / 0.021         0.018 / 0.021         0.018 / 0.021       ms
[170.162s][info][gc,stats    ]       Phase: Pause Relocate Start                          0.008 / 0.008         0.008 / 0.027         0.008 / 0.027         0.008 / 0.027       ms
[170.162s][info][gc,stats    ]    Subphase: Concurrent Classes Purge                      0.004 / 0.004         0.091 / 1.237         0.091 / 1.237         0.091 / 1.237       ms
[170.162s][info][gc,stats    ]    Subphase: Concurrent Classes Unlink                     0.657 / 0.657         0.789 / 4.999         0.789 / 4.999         0.789 / 4.999       ms
[170.162s][info][gc,stats    ]    Subphase: Concurrent Mark                              17.602 / 18.755       10.850 / 23.120       10.850 / 23.120       10.850 / 23.120      ms
[170.162s][info][gc,stats    ]    Subphase: Concurrent Mark Try Flush                     0.062 / 0.098         0.065 / 0.111         0.065 / 0.111         0.065 / 0.111       ms
[170.162s][info][gc,stats    ]    Subphase: Concurrent Mark Try Terminate                12.461 / 16.705        4.488 / 16.705        4.488 / 16.705        4.488 / 16.705      ms
[170.162s][info][gc,stats    ]    Subphase: Concurrent References Enqueue                 0.000 / 0.000         0.001 / 0.005         0.001 / 0.005         0.001 / 0.005       ms
[170.162s][info][gc,stats    ]    Subphase: Concurrent References Process                 0.036 / 0.036         0.041 / 0.080         0.041 / 0.080         0.041 / 0.080       ms
[170.162s][info][gc,stats    ]    Subphase: Concurrent Roots ClassLoaderDataGraph         0.098 / 0.712         0.085 / 0.717         0.085 / 0.717         0.085 / 0.717       ms
[170.162s][info][gc,stats    ]    Subphase: Concurrent Roots CodeCache                    0.000 / 0.000         0.000 / 0.000         0.000 / 0.000         0.000 / 0.000       ms
[170.162s][info][gc,stats    ]    Subphase: Concurrent Roots JavaThreads                  0.487 / 0.937         0.460 / 1.054         0.460 / 1.054         0.460 / 1.054       ms
[170.162s][info][gc,stats    ]    Subphase: Concurrent Roots OopStorageSet                0.013 / 0.047         0.017 / 0.151         0.017 / 0.151         0.017 / 0.151       ms
[170.162s][info][gc,stats    ]    Subphase: Concurrent Weak Roots OopStorageSet           0.150 / 0.159         0.143 / 0.168         0.143 / 0.168         0.143 / 0.168       ms
[170.162s][info][gc,stats    ]    Subphase: Pause Mark Try Complete                       0.000 / 0.000         0.000 / 0.000         0.000 / 0.000         0.000 / 0.000       ms
[170.162s][info][gc,stats    ]      System: Java Threads                                     36 / 36               32 / 37               32 / 37               32 / 37          threads
[170.162s][info][gc,stats    ] =========================================================================================================================================================
[170.233s][info][gc,start    ] GC(25) Garbage Collection (System.gc())
[170.233s][info][gc,task     ] GC(25) Using 12 workers
[170.233s][info][gc,phases   ] GC(25) Pause Mark Start 0.018ms
[170.254s][info][gc,phases   ] GC(25) Concurrent Mark 20.584ms
[170.254s][info][gc,phases   ] GC(25) Pause Mark End 0.022ms
[170.254s][info][gc,phases   ] GC(25) Concurrent Mark Free 0.001ms
[170.255s][info][gc,phases   ] GC(25) Concurrent Process Non-Strong References 0.959ms
[170.255s][info][gc,phases   ] GC(25) Concurrent Reset Relocation Set 0.003ms
[170.259s][info][gc,phases   ] GC(25) Concurrent Select Relocation Set 3.880ms
[170.259s][info][gc,phases   ] GC(25) Pause Relocate Start 0.007ms
[170.263s][info][gc,phases   ] GC(25) Concurrent Relocate 3.460ms
[170.263s][info][gc,load     ] GC(25) Load: 0.00/0.00/0.00
[170.263s][info][gc,mmu      ] GC(25) MMU: 2ms/98.3%, 5ms/99.3%, 10ms/99.5%, 20ms/99.7%, 50ms/99.9%, 100ms/99.9%
[170.263s][info][gc,marking  ] GC(25) Mark: 8 stripe(s), 1 proactive flush(es), 1 terminate flush(es), 0 completion(s), 0 continuation(s) 
[170.263s][info][gc,marking  ] GC(25) Mark Stack Usage: 32M
[170.263s][info][gc,nmethod  ] GC(25) NMethods: 1977 registered, 366 unregistered
[170.263s][info][gc,metaspace] GC(25) Metaspace: 9M used, 10M committed, 1088M reserved
[170.263s][info][gc,ref      ] GC(25) Soft: 214 encountered, 0 discovered, 0 enqueued
[170.263s][info][gc,ref      ] GC(25) Weak: 799 encountered, 27 discovered, 0 enqueued
[170.263s][info][gc,ref      ] GC(25) Final: 0 encountered, 0 discovered, 0 enqueued
[170.263s][info][gc,ref      ] GC(25) Phantom: 27 encountered, 17 discovered, 0 enqueued
[170.263s][info][gc,reloc    ] GC(25) Small Pages: 1106 / 2212M, Empty: 2186M, Relocated: 4M, In-Place: 0
[170.263s][info][gc,reloc    ] GC(25) Medium Pages: 0 / 0M, Empty: 0M, Relocated: 0M, In-Place: 0
[170.263s][info][gc,reloc    ] GC(25) Large Pages: 0 / 0M, Empty: 0M, Relocated: 0M, In-Place: 0
[170.263s][info][gc,reloc    ] GC(25) Forwarding Usage: 1M
[170.263s][info][gc,heap     ] GC(25) Min Capacity: 8M(0%)
[170.263s][info][gc,heap     ] GC(25) Max Capacity: 30718M(100%)
[170.263s][info][gc,heap     ] GC(25) Soft Max Capacity: 30718M(100%)
[170.264s][info][gc,heap     ] GC(25)                Mark Start          Mark End        Relocate Start      Relocate End           High               Low         
[170.264s][info][gc,heap     ] GC(25)  Capacity:     2228M (7%)         2228M (7%)         2228M (7%)         2228M (7%)         2228M (7%)         2228M (7%)     
[170.264s][info][gc,heap     ] GC(25)      Free:    28506M (93%)       28506M (93%)       30692M (100%)      30694M (100%)      30694M (100%)      28506M (93%)    
[170.264s][info][gc,heap     ] GC(25)      Used:     2212M (7%)         2212M (7%)           26M (0%)           24M (0%)         2212M (7%)           24M (0%)     
[170.264s][info][gc,heap     ] GC(25)      Live:         -                 4M (0%)            4M (0%)            4M (0%)             -                  -          
[170.264s][info][gc,heap     ] GC(25) Allocated:         -                 0M (0%)            0M (0%)            0M (0%)             -                  -          
[170.264s][info][gc,heap     ] GC(25)   Garbage:         -              2207M (7%)           21M (0%)           19M (0%)             -                  -          
[170.264s][info][gc,heap     ] GC(25) Reclaimed:         -                  -              2186M (7%)         2188M (7%)             -                  -          
[170.264s][info][gc          ] GC(25) Garbage Collection (System.gc()) 2212M(7%)->24M(0%)
[176.991s][info][gc,start    ] GC(26) Garbage Collection (System.gc())
[176.992s][info][gc,task     ] GC(26) Using 12 workers
[176.992s][info][gc,phases   ] GC(26) Pause Mark Start 0.017ms
[177.001s][info][gc,phases   ] GC(26) Concurrent Mark 9.430ms
[177.001s][info][gc,phases   ] GC(26) Pause Mark End 0.025ms
[177.002s][info][gc,phases   ] GC(26) Concurrent Mark Free 0.001ms
[177.003s][info][gc,phases   ] GC(26) Concurrent Process Non-Strong References 1.003ms
[177.003s][info][gc,phases   ] GC(26) Concurrent Reset Relocation Set 0.002ms
[177.007s][info][gc,phases   ] GC(26) Concurrent Select Relocation Set 3.862ms
[177.007s][info][gc,phases   ] GC(26) Pause Relocate Start 0.007ms
[177.010s][info][gc,phases   ] GC(26) Concurrent Relocate 2.858ms
[177.010s][info][gc,load     ] GC(26) Load: 0.00/0.00/0.00
[177.010s][info][gc,mmu      ] GC(26) MMU: 2ms/98.3%, 5ms/99.3%, 10ms/99.5%, 20ms/99.7%, 50ms/99.9%, 100ms/99.9%
[177.010s][info][gc,marking  ] GC(26) Mark: 8 stripe(s), 1 proactive flush(es), 1 terminate flush(es), 0 completion(s), 0 continuation(s) 
[177.010s][info][gc,marking  ] GC(26) Mark Stack Usage: 32M
[177.010s][info][gc,nmethod  ] GC(26) NMethods: 1980 registered, 367 unregistered
[177.010s][info][gc,metaspace] GC(26) Metaspace: 9M used, 10M committed, 1088M reserved
[177.010s][info][gc,ref      ] GC(26) Soft: 214 encountered, 0 discovered, 0 enqueued
[177.010s][info][gc,ref      ] GC(26) Weak: 799 encountered, 10 discovered, 0 enqueued
[177.010s][info][gc,ref      ] GC(26) Final: 0 encountered, 0 discovered, 0 enqueued
[177.010s][info][gc,ref      ] GC(26) Phantom: 27 encountered, 17 discovered, 0 enqueued
[177.010s][info][gc,reloc    ] GC(26) Small Pages: 1109 / 2218M, Empty: 2192M, Relocated: 4M, In-Place: 0
[177.010s][info][gc,reloc    ] GC(26) Medium Pages: 0 / 0M, Empty: 0M, Relocated: 0M, In-Place: 0
[177.010s][info][gc,reloc    ] GC(26) Large Pages: 0 / 0M, Empty: 0M, Relocated: 0M, In-Place: 0
[177.010s][info][gc,reloc    ] GC(26) Forwarding Usage: 1M
[177.010s][info][gc,heap     ] GC(26) Min Capacity: 8M(0%)
[177.010s][info][gc,heap     ] GC(26) Max Capacity: 30718M(100%)
[177.010s][info][gc,heap     ] GC(26) Soft Max Capacity: 30718M(100%)
[177.010s][info][gc,heap     ] GC(26)                Mark Start          Mark End        Relocate Start      Relocate End           High               Low         
[177.010s][info][gc,heap     ] GC(26)  Capacity:     2228M (7%)         2228M (7%)         2228M (7%)         2228M (7%)         2228M (7%)         2228M (7%)     
[177.010s][info][gc,heap     ] GC(26)      Free:    28500M (93%)       28500M (93%)       30692M (100%)      30694M (100%)      30694M (100%)      28500M (93%)    
[177.010s][info][gc,heap     ] GC(26)      Used:     2218M (7%)         2218M (7%)           26M (0%)           24M (0%)         2218M (7%)           24M (0%)     
[177.010s][info][gc,heap     ] GC(26)      Live:         -                 4M (0%)            4M (0%)            4M (0%)             -                  -          
[177.010s][info][gc,heap     ] GC(26) Allocated:         -                 0M (0%)            0M (0%)            0M (0%)             -                  -          
[177.010s][info][gc,heap     ] GC(26)   Garbage:         -              2213M (7%)           21M (0%)           19M (0%)             -                  -          
[177.010s][info][gc,heap     ] GC(26) Reclaimed:         -                  -              2192M (7%)         2194M (7%)             -                  -          
[177.010s][info][gc          ] GC(26) Garbage Collection (System.gc()) 2218M(7%)->24M(0%)
[180.157s][info][gc,stats    ] === Garbage Collection Statistics =======================================================================================================================
[180.157s][info][gc,stats    ]                                                              Last 10s              Last 10m              Last 10h                Total
[180.157s][info][gc,stats    ]                                                              Avg / Max             Avg / Max             Avg / Max             Avg / Max
[180.157s][info][gc,stats    ]   Collector: Garbage Collection Cycle                     24.057 / 29.901       23.948 / 47.906       23.948 / 47.906       23.948 / 47.906      ms
[180.157s][info][gc,stats    ]  Contention: Mark Segment Reset Contention                     0 / 4                 0 / 10                0 / 10                0 / 10          ops/s
[180.157s][info][gc,stats    ]  Contention: Mark SeqNum Reset Contention                      0 / 0                 0 / 1                 0 / 1                 0 / 1           ops/s
[180.157s][info][gc,stats    ]    Critical: Allocation Stall                                  0 / 0                 0 / 0                 0 / 0                 0 / 0           ops/s
[180.157s][info][gc,stats    ]    Critical: Allocation Stall                              0.000 / 0.000         0.000 / 0.000         0.000 / 0.000         0.000 / 0.000       ms
[180.157s][info][gc,stats    ]    Critical: GC Locker Stall                                   0 / 0                 0 / 0                 0 / 0                 0 / 0           ops/s
[180.157s][info][gc,stats    ]    Critical: GC Locker Stall                               0.000 / 0.000         0.000 / 0.000         0.000 / 0.000         0.000 / 0.000       ms
[180.157s][info][gc,stats    ]    Critical: Relocation Stall                                  0 / 0                 0 / 0                 0 / 0                 0 / 0           ops/s
[180.157s][info][gc,stats    ]    Critical: Relocation Stall                              0.000 / 0.000         0.000 / 0.000         0.000 / 0.000         0.000 / 0.000       ms
[180.157s][info][gc,stats    ]      Memory: Allocation Rate                                 328 / 350             322 / 350             322 / 350             322 / 350         MB/s
[180.157s][info][gc,stats    ]      Memory: Defragment                                        0 / 0                 0 / 0                 0 / 0                 0 / 0           ops/s
[180.157s][info][gc,stats    ]      Memory: Out Of Memory                                     0 / 0                 0 / 0                 0 / 0                 0 / 0           ops/s
[180.157s][info][gc,stats    ]      Memory: Page Cache Flush                                  0 / 0                 0 / 0                 0 / 0                 0 / 0           MB/s
[180.157s][info][gc,stats    ]      Memory: Page Cache Hit L1                               166 / 177             157 / 187             157 / 187             157 / 187         ops/s
[180.157s][info][gc,stats    ]      Memory: Page Cache Hit L2                                 0 / 0                 0 / 0                 0 / 0                 0 / 0           ops/s
[180.157s][info][gc,stats    ]      Memory: Page Cache Hit L3                                 0 / 0                 5 / 152               5 / 152               5 / 152         ops/s
[180.157s][info][gc,stats    ]      Memory: Page Cache Miss                                   0 / 0                 0 / 87                0 / 87                0 / 87          ops/s
[180.157s][info][gc,stats    ]      Memory: Uncommit                                          0 / 0                 0 / 0                 0 / 0                 0 / 0           MB/s
[180.157s][info][gc,stats    ]      Memory: Undo Object Allocation Failed                     0 / 0                 0 / 0                 0 / 0                 0 / 0           ops/s
[180.157s][info][gc,stats    ]      Memory: Undo Object Allocation Succeeded                  0 / 0                 0 / 0                 0 / 0                 0 / 0           ops/s
[180.157s][info][gc,stats    ]      Memory: Undo Page Allocation                              0 / 0                 0 / 0                 0 / 0                 0 / 0           ops/s
[180.158s][info][gc,stats    ]       Phase: Concurrent Mark                              15.007 / 20.584       12.773 / 24.168       12.773 / 24.168       12.773 / 24.168      ms
[180.158s][info][gc,stats    ]       Phase: Concurrent Mark Continue                      0.000 / 0.000         0.000 / 0.000         0.000 / 0.000         0.000 / 0.000       ms
[180.158s][info][gc,stats    ]       Phase: Concurrent Mark Free                          0.001 / 0.001         0.001 / 0.002         0.001 / 0.002         0.001 / 0.002       ms
[180.158s][info][gc,stats    ]       Phase: Concurrent Process Non-Strong References      0.981 / 1.003         1.156 / 6.554         1.156 / 6.554         1.156 / 6.554       ms
[180.158s][info][gc,stats    ]       Phase: Concurrent Relocate                           3.159 / 3.460         3.455 / 4.601         3.455 / 4.601         3.455 / 4.601       ms
[180.158s][info][gc,stats    ]       Phase: Concurrent Reset Relocation Set               0.002 / 0.003         0.002 / 0.006         0.002 / 0.006         0.002 / 0.006       ms
[180.158s][info][gc,stats    ]       Phase: Concurrent Select Relocation Set              3.871 / 3.880         4.471 / 14.176        4.471 / 14.176        4.471 / 14.176      ms
[180.158s][info][gc,stats    ]       Phase: Pause Mark End                                0.023 / 0.025         0.023 / 0.034         0.023 / 0.034         0.023 / 0.034       ms
[180.158s][info][gc,stats    ]       Phase: Pause Mark Start                              0.017 / 0.018         0.018 / 0.021         0.018 / 0.021         0.018 / 0.021       ms
[180.158s][info][gc,stats    ]       Phase: Pause Relocate Start                          0.007 / 0.007         0.008 / 0.027         0.008 / 0.027         0.008 / 0.027       ms
[180.158s][info][gc,stats    ]    Subphase: Concurrent Classes Purge                      0.016 / 0.017         0.085 / 1.237         0.085 / 1.237         0.085 / 1.237       ms
[180.158s][info][gc,stats    ]    Subphase: Concurrent Classes Unlink                     0.655 / 0.663         0.779 / 4.999         0.779 / 4.999         0.779 / 4.999       ms
[180.158s][info][gc,stats    ]    Subphase: Concurrent Mark                              13.400 / 19.563       11.039 / 23.120       11.039 / 23.120       11.039 / 23.120      ms
[180.158s][info][gc,stats    ]    Subphase: Concurrent Mark Try Flush                     0.066 / 0.092         0.065 / 0.111         0.065 / 0.111         0.065 / 0.111       ms
[180.158s][info][gc,stats    ]    Subphase: Concurrent Mark Try Terminate                 8.202 / 16.432        4.696 / 16.705        4.696 / 16.705        4.696 / 16.705      ms
[180.158s][info][gc,stats    ]    Subphase: Concurrent References Enqueue                 0.000 / 0.000         0.001 / 0.005         0.001 / 0.005         0.001 / 0.005       ms
[180.158s][info][gc,stats    ]    Subphase: Concurrent References Process                 0.037 / 0.040         0.041 / 0.080         0.041 / 0.080         0.041 / 0.080       ms
[180.158s][info][gc,stats    ]    Subphase: Concurrent Roots ClassLoaderDataGraph         0.098 / 0.677         0.086 / 0.717         0.086 / 0.717         0.086 / 0.717       ms
[180.158s][info][gc,stats    ]    Subphase: Concurrent Roots CodeCache                    0.000 / 0.000         0.000 / 0.000         0.000 / 0.000         0.000 / 0.000       ms
[180.158s][info][gc,stats    ]    Subphase: Concurrent Roots JavaThreads                  0.522 / 0.921         0.464 / 1.054         0.464 / 1.054         0.464 / 1.054       ms
[180.158s][info][gc,stats    ]    Subphase: Concurrent Roots OopStorageSet                0.017 / 0.060         0.017 / 0.151         0.017 / 0.151         0.017 / 0.151       ms
[180.158s][info][gc,stats    ]    Subphase: Concurrent Weak Roots OopStorageSet           0.156 / 0.172         0.144 / 0.172         0.144 / 0.172         0.144 / 0.172       ms
[180.158s][info][gc,stats    ]    Subphase: Pause Mark Try Complete                       0.000 / 0.000         0.000 / 0.000         0.000 / 0.000         0.000 / 0.000       ms
[180.158s][info][gc,stats    ]      System: Java Threads                                     36 / 36               32 / 37               32 / 37               32 / 37          threads
[180.158s][info][gc,stats    ] =========================================================================================================================================================
[183.579s][info][gc,start    ] GC(27) Garbage Collection (System.gc())
[183.579s][info][gc,task     ] GC(27) Using 12 workers
[183.579s][info][gc,phases   ] GC(27) Pause Mark Start 0.018ms
[183.587s][info][gc,phases   ] GC(27) Concurrent Mark 7.618ms
[183.587s][info][gc,phases   ] GC(27) Pause Mark End 0.024ms
[183.587s][info][gc,phases   ] GC(27) Concurrent Mark Free 0.001ms
[183.588s][info][gc,phases   ] GC(27) Concurrent Process Non-Strong References 0.957ms
[183.588s][info][gc,phases   ] GC(27) Concurrent Reset Relocation Set 0.002ms
[183.592s][info][gc,phases   ] GC(27) Concurrent Select Relocation Set 3.889ms
[183.592s][info][gc,phases   ] GC(27) Pause Relocate Start 0.008ms
[183.595s][info][gc,phases   ] GC(27) Concurrent Relocate 3.103ms
[183.595s][info][gc,load     ] GC(27) Load: 0.00/0.00/0.00
[183.595s][info][gc,mmu      ] GC(27) MMU: 2ms/98.3%, 5ms/99.3%, 10ms/99.5%, 20ms/99.7%, 50ms/99.9%, 100ms/99.9%
[183.596s][info][gc,marking  ] GC(27) Mark: 8 stripe(s), 2 proactive flush(es), 1 terminate flush(es), 0 completion(s), 0 continuation(s) 
[183.596s][info][gc,marking  ] GC(27) Mark Stack Usage: 32M
[183.596s][info][gc,nmethod  ] GC(27) NMethods: 1983 registered, 367 unregistered
[183.596s][info][gc,metaspace] GC(27) Metaspace: 9M used, 10M committed, 1088M reserved
[183.596s][info][gc,ref      ] GC(27) Soft: 214 encountered, 0 discovered, 0 enqueued
[183.596s][info][gc,ref      ] GC(27) Weak: 799 encountered, 4 discovered, 0 enqueued
[183.596s][info][gc,ref      ] GC(27) Final: 0 encountered, 0 discovered, 0 enqueued
[183.596s][info][gc,ref      ] GC(27) Phantom: 27 encountered, 16 discovered, 0 enqueued
[183.596s][info][gc,reloc    ] GC(27) Small Pages: 1105 / 2210M, Empty: 2184M, Relocated: 4M, In-Place: 0
[183.596s][info][gc,reloc    ] GC(27) Medium Pages: 0 / 0M, Empty: 0M, Relocated: 0M, In-Place: 0
[183.596s][info][gc,reloc    ] GC(27) Large Pages: 0 / 0M, Empty: 0M, Relocated: 0M, In-Place: 0
[183.596s][info][gc,reloc    ] GC(27) Forwarding Usage: 1M
[183.596s][info][gc,heap     ] GC(27) Min Capacity: 8M(0%)
[183.596s][info][gc,heap     ] GC(27) Max Capacity: 30718M(100%)
[183.596s][info][gc,heap     ] GC(27) Soft Max Capacity: 30718M(100%)
[183.596s][info][gc,heap     ] GC(27)                Mark Start          Mark End        Relocate Start      Relocate End           High               Low         
[183.596s][info][gc,heap     ] GC(27)  Capacity:     2228M (7%)         2228M (7%)         2228M (7%)         2228M (7%)         2228M (7%)         2228M (7%)     
[183.596s][info][gc,heap     ] GC(27)      Free:    28508M (93%)       28508M (93%)       30692M (100%)      30694M (100%)      30694M (100%)      28508M (93%)    
[183.596s][info][gc,heap     ] GC(27)      Used:     2210M (7%)         2210M (7%)           26M (0%)           24M (0%)         2210M (7%)           24M (0%)     
[183.596s][info][gc,heap     ] GC(27)      Live:         -                 4M (0%)            4M (0%)            4M (0%)             -                  -          
[183.596s][info][gc,heap     ] GC(27) Allocated:         -                 0M (0%)            0M (0%)            0M (0%)             -                  -          
[183.596s][info][gc,heap     ] GC(27)   Garbage:         -              2205M (7%)           21M (0%)           19M (0%)             -                  -          
[183.596s][info][gc,heap     ] GC(27) Reclaimed:         -                  -              2184M (7%)         2186M (7%)             -                  -          
[183.596s][info][gc          ] GC(27) Garbage Collection (System.gc()) 2210M(7%)->24M(0%)
[190.148s][info][gc,stats    ] === Garbage Collection Statistics =======================================================================================================================
[190.148s][info][gc,stats    ]                                                              Last 10s              Last 10m              Last 10h                Total
[190.148s][info][gc,stats    ]                                                              Avg / Max             Avg / Max             Avg / Max             Avg / Max
[190.148s][info][gc,stats    ]   Collector: Garbage Collection Cycle                     16.695 / 16.695       23.689 / 47.906       23.689 / 47.906       23.689 / 47.906      ms
[190.148s][info][gc,stats    ]  Contention: Mark Segment Reset Contention                     0 / 2                 0 / 10                0 / 10                0 / 10          ops/s
[190.148s][info][gc,stats    ]  Contention: Mark SeqNum Reset Contention                      0 / 0                 0 / 1                 0 / 1                 0 / 1           ops/s
[190.148s][info][gc,stats    ]    Critical: Allocation Stall                                  0 / 0                 0 / 0                 0 / 0                 0 / 0           ops/s
[190.148s][info][gc,stats    ]    Critical: Allocation Stall                              0.000 / 0.000         0.000 / 0.000         0.000 / 0.000         0.000 / 0.000       ms
[190.148s][info][gc,stats    ]    Critical: GC Locker Stall                                   0 / 0                 0 / 0                 0 / 0                 0 / 0           ops/s
[190.148s][info][gc,stats    ]    Critical: GC Locker Stall                               0.000 / 0.000         0.000 / 0.000         0.000 / 0.000         0.000 / 0.000       ms
[190.148s][info][gc,stats    ]    Critical: Relocation Stall                                  0 / 0                 0 / 0                 0 / 0                 0 / 0           ops/s
[190.148s][info][gc,stats    ]    Critical: Relocation Stall                              0.000 / 0.000         0.000 / 0.000         0.000 / 0.000         0.000 / 0.000       ms
[190.148s][info][gc,stats    ]      Memory: Allocation Rate                                 326 / 342             323 / 350             323 / 350             323 / 350         MB/s
[190.148s][info][gc,stats    ]      Memory: Defragment                                        0 / 0                 0 / 0                 0 / 0                 0 / 0           ops/s
[190.148s][info][gc,stats    ]      Memory: Out Of Memory                                     0 / 0                 0 / 0                 0 / 0                 0 / 0           ops/s
[190.148s][info][gc,stats    ]      Memory: Page Cache Flush                                  0 / 0                 0 / 0                 0 / 0                 0 / 0           MB/s
[190.148s][info][gc,stats    ]      Memory: Page Cache Hit L1                               164 / 180             157 / 187             157 / 187             157 / 187         ops/s
[190.148s][info][gc,stats    ]      Memory: Page Cache Hit L2                                 0 / 0                 0 / 0                 0 / 0                 0 / 0           ops/s
[190.148s][info][gc,stats    ]      Memory: Page Cache Hit L3                                 0 / 0                 5 / 152               5 / 152               5 / 152         ops/s
[190.148s][info][gc,stats    ]      Memory: Page Cache Miss                                   0 / 0                 0 / 87                0 / 87                0 / 87          ops/s
[190.148s][info][gc,stats    ]      Memory: Uncommit                                          0 / 0                 0 / 0                 0 / 0                 0 / 0           MB/s
[190.148s][info][gc,stats    ]      Memory: Undo Object Allocation Failed                     0 / 0                 0 / 0                 0 / 0                 0 / 0           ops/s
[190.149s][info][gc,stats    ]      Memory: Undo Object Allocation Succeeded                  0 / 0                 0 / 0                 0 / 0                 0 / 0           ops/s
[190.149s][info][gc,stats    ]      Memory: Undo Page Allocation                              0 / 0                 0 / 0                 0 / 0                 0 / 0           ops/s
[190.149s][info][gc,stats    ]       Phase: Concurrent Mark                               7.618 / 7.618        12.588 / 24.168       12.588 / 24.168       12.588 / 24.168      ms
[190.149s][info][gc,stats    ]       Phase: Concurrent Mark Continue                      0.000 / 0.000         0.000 / 0.000         0.000 / 0.000         0.000 / 0.000       ms
[190.149s][info][gc,stats    ]       Phase: Concurrent Mark Free                          0.001 / 0.001         0.001 / 0.002         0.001 / 0.002         0.001 / 0.002       ms
[190.149s][info][gc,stats    ]       Phase: Concurrent Process Non-Strong References      0.957 / 0.957         1.149 / 6.554         1.149 / 6.554         1.149 / 6.554       ms
[190.149s][info][gc,stats    ]       Phase: Concurrent Relocate                           3.103 / 3.103         3.442 / 4.601         3.442 / 4.601         3.442 / 4.601       ms
[190.149s][info][gc,stats    ]       Phase: Concurrent Reset Relocation Set               0.002 / 0.002         0.002 / 0.006         0.002 / 0.006         0.002 / 0.006       ms
[190.149s][info][gc,stats    ]       Phase: Concurrent Select Relocation Set              3.889 / 3.889         4.451 / 14.176        4.451 / 14.176        4.451 / 14.176      ms
[190.149s][info][gc,stats    ]       Phase: Pause Mark End                                0.024 / 0.024         0.023 / 0.034         0.023 / 0.034         0.023 / 0.034       ms
[190.149s][info][gc,stats    ]       Phase: Pause Mark Start                              0.018 / 0.018         0.018 / 0.021         0.018 / 0.021         0.018 / 0.021       ms
[190.149s][info][gc,stats    ]       Phase: Pause Relocate Start                          0.008 / 0.008         0.008 / 0.027         0.008 / 0.027         0.008 / 0.027       ms
[190.149s][info][gc,stats    ]    Subphase: Concurrent Classes Purge                      0.005 / 0.005         0.082 / 1.237         0.082 / 1.237         0.082 / 1.237       ms
[190.149s][info][gc,stats    ]    Subphase: Concurrent Classes Unlink                     0.642 / 0.642         0.774 / 4.999         0.774 / 4.999         0.774 / 4.999       ms
[190.149s][info][gc,stats    ]    Subphase: Concurrent Mark                               5.636 / 6.518        10.846 / 23.120       10.846 / 23.120       10.846 / 23.120      ms
[190.149s][info][gc,stats    ]    Subphase: Concurrent Mark Try Flush                     0.054 / 0.086         0.065 / 0.111         0.065 / 0.111         0.065 / 0.111       ms
[190.149s][info][gc,stats    ]    Subphase: Concurrent Mark Try Terminate                 1.563 / 2.006         4.588 / 16.705        4.588 / 16.705        4.588 / 16.705      ms
[190.149s][info][gc,stats    ]    Subphase: Concurrent References Enqueue                 0.000 / 0.000         0.001 / 0.005         0.001 / 0.005         0.001 / 0.005       ms
[190.149s][info][gc,stats    ]    Subphase: Concurrent References Process                 0.035 / 0.035         0.041 / 0.080         0.041 / 0.080         0.041 / 0.080       ms
[190.149s][info][gc,stats    ]    Subphase: Concurrent Roots ClassLoaderDataGraph         0.088 / 0.645         0.086 / 0.717         0.086 / 0.717         0.086 / 0.717       ms
[190.149s][info][gc,stats    ]    Subphase: Concurrent Roots CodeCache                    0.000 / 0.000         0.000 / 0.000         0.000 / 0.000         0.000 / 0.000       ms
[190.149s][info][gc,stats    ]    Subphase: Concurrent Roots JavaThreads                  0.474 / 0.988         0.465 / 1.054         0.465 / 1.054         0.465 / 1.054       ms
[190.149s][info][gc,stats    ]    Subphase: Concurrent Roots OopStorageSet                0.015 / 0.044         0.017 / 0.151         0.017 / 0.151         0.017 / 0.151       ms
[190.149s][info][gc,stats    ]    Subphase: Concurrent Weak Roots OopStorageSet           0.148 / 0.156         0.144 / 0.172         0.144 / 0.172         0.144 / 0.172       ms
[190.149s][info][gc,stats    ]    Subphase: Pause Mark Try Complete                       0.000 / 0.000         0.000 / 0.000         0.000 / 0.000         0.000 / 0.000       ms
[190.149s][info][gc,stats    ]      System: Java Threads                                     36 / 36               32 / 37               32 / 37               32 / 37          threads
[190.149s][info][gc,stats    ] =========================================================================================================================================================
[190.296s][info][gc,start    ] GC(28) Garbage Collection (System.gc())
[190.296s][info][gc,task     ] GC(28) Using 12 workers
[190.297s][info][gc,phases   ] GC(28) Pause Mark Start 0.018ms
[190.319s][info][gc,phases   ] GC(28) Concurrent Mark 22.584ms
[190.320s][info][gc,phases   ] GC(28) Pause Mark End 0.024ms
[190.320s][info][gc,phases   ] GC(28) Concurrent Mark Free 0.002ms
[190.321s][info][gc,phases   ] GC(28) Concurrent Process Non-Strong References 1.085ms
[190.321s][info][gc,phases   ] GC(28) Concurrent Reset Relocation Set 0.002ms
[190.325s][info][gc,phases   ] GC(28) Concurrent Select Relocation Set 4.046ms
[190.325s][info][gc,phases   ] GC(28) Pause Relocate Start 0.009ms
[190.329s][info][gc,phases   ] GC(28) Concurrent Relocate 4.369ms
[190.330s][info][gc,load     ] GC(28) Load: 0.00/0.00/0.00
[190.330s][info][gc,mmu      ] GC(28) MMU: 2ms/98.3%, 5ms/99.3%, 10ms/99.5%, 20ms/99.7%, 50ms/99.9%, 100ms/99.9%
[190.330s][info][gc,marking  ] GC(28) Mark: 8 stripe(s), 3 proactive flush(es), 1 terminate flush(es), 0 completion(s), 0 continuation(s) 
[190.330s][info][gc,marking  ] GC(28) Mark Stack Usage: 32M
[190.330s][info][gc,nmethod  ] GC(28) NMethods: 1984 registered, 370 unregistered
[190.330s][info][gc,metaspace] GC(28) Metaspace: 9M used, 10M committed, 1088M reserved
[190.330s][info][gc,ref      ] GC(28) Soft: 214 encountered, 0 discovered, 0 enqueued
[190.330s][info][gc,ref      ] GC(28) Weak: 799 encountered, 21 discovered, 0 enqueued
[190.330s][info][gc,ref      ] GC(28) Final: 0 encountered, 0 discovered, 0 enqueued
[190.330s][info][gc,ref      ] GC(28) Phantom: 27 encountered, 16 discovered, 0 enqueued
[190.330s][info][gc,reloc    ] GC(28) Small Pages: 1108 / 2216M, Empty: 2188M, Relocated: 4M, In-Place: 0
[190.330s][info][gc,reloc    ] GC(28) Medium Pages: 0 / 0M, Empty: 0M, Relocated: 0M, In-Place: 0
[190.330s][info][gc,reloc    ] GC(28) Large Pages: 0 / 0M, Empty: 0M, Relocated: 0M, In-Place: 0
[190.330s][info][gc,reloc    ] GC(28) Forwarding Usage: 1M
[190.330s][info][gc,heap     ] GC(28) Min Capacity: 8M(0%)
[190.330s][info][gc,heap     ] GC(28) Max Capacity: 30718M(100%)
[190.330s][info][gc,heap     ] GC(28) Soft Max Capacity: 30718M(100%)
[190.330s][info][gc,heap     ] GC(28)                Mark Start          Mark End        Relocate Start      Relocate End           High               Low         
[190.330s][info][gc,heap     ] GC(28)  Capacity:     2228M (7%)         2228M (7%)         2228M (7%)         2228M (7%)         2228M (7%)         2228M (7%)     
[190.330s][info][gc,heap     ] GC(28)      Free:    28502M (93%)       28502M (93%)       30690M (100%)      30694M (100%)      30694M (100%)      28502M (93%)    
[190.330s][info][gc,heap     ] GC(28)      Used:     2216M (7%)         2216M (7%)           28M (0%)           24M (0%)         2216M (7%)           24M (0%)     
[190.330s][info][gc,heap     ] GC(28)      Live:         -                 4M (0%)            4M (0%)            4M (0%)             -                  -          
[190.330s][info][gc,heap     ] GC(28) Allocated:         -                 0M (0%)            0M (0%)            0M (0%)             -                  -          
[190.330s][info][gc,heap     ] GC(28)   Garbage:         -              2211M (7%)           23M (0%)           19M (0%)             -                  -          
[190.330s][info][gc,heap     ] GC(28) Reclaimed:         -                  -              2188M (7%)         2192M (7%)             -                  -          
[190.330s][info][gc          ] GC(28) Garbage Collection (System.gc()) 2216M(7%)->24M(0%)
[196.974s][info][gc,start    ] GC(29) Garbage Collection (System.gc())
[196.974s][info][gc,task     ] GC(29) Using 12 workers
[196.974s][info][gc,phases   ] GC(29) Pause Mark Start 0.019ms
[196.982s][info][gc,phases   ] GC(29) Concurrent Mark 8.196ms
[196.983s][info][gc,phases   ] GC(29) Pause Mark End 0.023ms
[196.983s][info][gc,phases   ] GC(29) Concurrent Mark Free 0.001ms
[196.984s][info][gc,phases   ] GC(29) Concurrent Process Non-Strong References 0.958ms
[196.984s][info][gc,phases   ] GC(29) Concurrent Reset Relocation Set 0.002ms
[196.988s][info][gc,phases   ] GC(29) Concurrent Select Relocation Set 4.029ms
[196.988s][info][gc,phases   ] GC(29) Pause Relocate Start 0.007ms
[196.992s][info][gc,phases   ] GC(29) Concurrent Relocate 3.552ms
[196.992s][info][gc,load     ] GC(29) Load: 0.00/0.00/0.00
[196.992s][info][gc,mmu      ] GC(29) MMU: 2ms/98.3%, 5ms/99.3%, 10ms/99.5%, 20ms/99.7%, 50ms/99.9%, 100ms/99.9%
[196.992s][info][gc,marking  ] GC(29) Mark: 8 stripe(s), 3 proactive flush(es), 1 terminate flush(es), 0 completion(s), 0 continuation(s) 
[196.992s][info][gc,marking  ] GC(29) Mark Stack Usage: 32M
[196.992s][info][gc,nmethod  ] GC(29) NMethods: 1985 registered, 370 unregistered
[196.992s][info][gc,metaspace] GC(29) Metaspace: 9M used, 10M committed, 1088M reserved
[196.992s][info][gc,ref      ] GC(29) Soft: 214 encountered, 0 discovered, 0 enqueued
[196.992s][info][gc,ref      ] GC(29) Weak: 799 encountered, 18 discovered, 0 enqueued
[196.992s][info][gc,ref      ] GC(29) Final: 0 encountered, 0 discovered, 0 enqueued
[196.992s][info][gc,ref      ] GC(29) Phantom: 27 encountered, 20 discovered, 0 enqueued
[196.992s][info][gc,reloc    ] GC(29) Small Pages: 1110 / 2220M, Empty: 2194M, Relocated: 4M, In-Place: 0
[196.992s][info][gc,reloc    ] GC(29) Medium Pages: 0 / 0M, Empty: 0M, Relocated: 0M, In-Place: 0
[196.992s][info][gc,reloc    ] GC(29) Large Pages: 0 / 0M, Empty: 0M, Relocated: 0M, In-Place: 0
[196.992s][info][gc,reloc    ] GC(29) Forwarding Usage: 1M
[196.992s][info][gc,heap     ] GC(29) Min Capacity: 8M(0%)
[196.992s][info][gc,heap     ] GC(29) Max Capacity: 30718M(100%)
[196.992s][info][gc,heap     ] GC(29) Soft Max Capacity: 30718M(100%)
[196.992s][info][gc,heap     ] GC(29)                Mark Start          Mark End        Relocate Start      Relocate End           High               Low         
[196.992s][info][gc,heap     ] GC(29)  Capacity:     2228M (7%)         2228M (7%)         2228M (7%)         2228M (7%)         2228M (7%)         2228M (7%)     
[196.992s][info][gc,heap     ] GC(29)      Free:    28498M (93%)       28498M (93%)       30692M (100%)      30694M (100%)      30694M (100%)      28498M (93%)    
[196.992s][info][gc,heap     ] GC(29)      Used:     2220M (7%)         2220M (7%)           26M (0%)           24M (0%)         2220M (7%)           24M (0%)     
[196.992s][info][gc,heap     ] GC(29)      Live:         -                 4M (0%)            4M (0%)            4M (0%)             -                  -          
[196.992s][info][gc,heap     ] GC(29) Allocated:         -                 0M (0%)            0M (0%)            0M (0%)             -                  -          
[196.992s][info][gc,heap     ] GC(29)   Garbage:         -              2215M (7%)           21M (0%)           19M (0%)             -                  -          
[196.992s][info][gc,heap     ] GC(29) Reclaimed:         -                  -              2194M (7%)         2196M (7%)             -                  -          
[196.992s][info][gc          ] GC(29) Garbage Collection (System.gc()) 2220M(7%)->24M(0%)
[200.150s][info][gc,stats    ] === Garbage Collection Statistics =======================================================================================================================
[200.150s][info][gc,stats    ]                                                              Last 10s              Last 10m              Last 10h                Total
[200.151s][info][gc,stats    ]                                                              Avg / Max             Avg / Max             Avg / Max             Avg / Max
[200.151s][info][gc,stats    ]   Collector: Garbage Collection Cycle                     25.504 / 33.195       23.810 / 47.906       23.810 / 47.906       23.810 / 47.906      ms
[200.151s][info][gc,stats    ]  Contention: Mark Segment Reset Contention                     0 / 1                 0 / 10                0 / 10                0 / 10          ops/s
[200.151s][info][gc,stats    ]  Contention: Mark SeqNum Reset Contention                      0 / 0                 0 / 1                 0 / 1                 0 / 1           ops/s
[200.151s][info][gc,stats    ]    Critical: Allocation Stall                                  0 / 0                 0 / 0                 0 / 0                 0 / 0           ops/s
[200.151s][info][gc,stats    ]    Critical: Allocation Stall                              0.000 / 0.000         0.000 / 0.000         0.000 / 0.000         0.000 / 0.000       ms
[200.151s][info][gc,stats    ]    Critical: GC Locker Stall                                   0 / 0                 0 / 0                 0 / 0                 0 / 0           ops/s
[200.151s][info][gc,stats    ]    Critical: GC Locker Stall                               0.000 / 0.000         0.000 / 0.000         0.000 / 0.000         0.000 / 0.000       ms
[200.151s][info][gc,stats    ]    Critical: Relocation Stall                                  0 / 0                 0 / 0                 0 / 0                 0 / 0           ops/s
[200.151s][info][gc,stats    ]    Critical: Relocation Stall                              0.000 / 0.000         0.000 / 0.000         0.000 / 0.000         0.000 / 0.000       ms
[200.151s][info][gc,stats    ]      Memory: Allocation Rate                                 329 / 340             323 / 350             323 / 350             323 / 350         MB/s
[200.151s][info][gc,stats    ]      Memory: Defragment                                        0 / 0                 0 / 0                 0 / 0                 0 / 0           ops/s
[200.151s][info][gc,stats    ]      Memory: Out Of Memory                                     0 / 0                 0 / 0                 0 / 0                 0 / 0           ops/s
[200.151s][info][gc,stats    ]      Memory: Page Cache Flush                                  0 / 0                 0 / 0                 0 / 0                 0 / 0           MB/s
[200.151s][info][gc,stats    ]      Memory: Page Cache Hit L1                               167 / 180             157 / 187             157 / 187             157 / 187         ops/s
[200.151s][info][gc,stats    ]      Memory: Page Cache Hit L2                                 0 / 0                 0 / 0                 0 / 0                 0 / 0           ops/s
[200.151s][info][gc,stats    ]      Memory: Page Cache Hit L3                                 0 / 0                 5 / 152               5 / 152               5 / 152         ops/s
[200.151s][info][gc,stats    ]      Memory: Page Cache Miss                                   0 / 0                 0 / 87                0 / 87                0 / 87          ops/s
[200.151s][info][gc,stats    ]      Memory: Uncommit                                          0 / 0                 0 / 0                 0 / 0                 0 / 0           MB/s
[200.151s][info][gc,stats    ]      Memory: Undo Object Allocation Failed                     0 / 0                 0 / 0                 0 / 0                 0 / 0           ops/s
[200.151s][info][gc,stats    ]      Memory: Undo Object Allocation Succeeded                  0 / 0                 0 / 0                 0 / 0                 0 / 0           ops/s
[200.151s][info][gc,stats    ]      Memory: Undo Page Allocation                              0 / 0                 0 / 0                 0 / 0                 0 / 0           ops/s
[200.151s][info][gc,stats    ]       Phase: Concurrent Mark                              15.390 / 22.584       12.775 / 24.168       12.775 / 24.168       12.775 / 24.168      ms
[200.151s][info][gc,stats    ]       Phase: Concurrent Mark Continue                      0.000 / 0.000         0.000 / 0.000         0.000 / 0.000         0.000 / 0.000       ms
[200.151s][info][gc,stats    ]       Phase: Concurrent Mark Free                          0.002 / 0.002         0.001 / 0.002         0.001 / 0.002         0.001 / 0.002       ms
[200.151s][info][gc,stats    ]       Phase: Concurrent Process Non-Strong References      1.021 / 1.085         1.141 / 6.554         1.141 / 6.554         1.141 / 6.554       ms
[200.151s][info][gc,stats    ]       Phase: Concurrent Relocate                           3.960 / 4.369         3.477 / 4.601         3.477 / 4.601         3.477 / 4.601       ms
[200.151s][info][gc,stats    ]       Phase: Concurrent Reset Relocation Set               0.002 / 0.002         0.002 / 0.006         0.002 / 0.006         0.002 / 0.006       ms
[200.151s][info][gc,stats    ]       Phase: Concurrent Select Relocation Set              4.037 / 4.046         4.423 / 14.176        4.423 / 14.176        4.423 / 14.176      ms
[200.151s][info][gc,stats    ]       Phase: Pause Mark End                                0.023 / 0.024         0.023 / 0.034         0.023 / 0.034         0.023 / 0.034       ms
[200.152s][info][gc,stats    ]       Phase: Pause Mark Start                              0.019 / 0.019         0.018 / 0.021         0.018 / 0.021         0.018 / 0.021       ms
[200.152s][info][gc,stats    ]       Phase: Pause Relocate Start                          0.008 / 0.009         0.008 / 0.027         0.008 / 0.027         0.008 / 0.027       ms
[200.152s][info][gc,stats    ]    Subphase: Concurrent Classes Purge                      0.017 / 0.029         0.078 / 1.237         0.078 / 1.237         0.078 / 1.237       ms
[200.152s][info][gc,stats    ]    Subphase: Concurrent Classes Unlink                     0.701 / 0.737         0.769 / 4.999         0.769 / 4.999         0.769 / 4.999       ms
[200.152s][info][gc,stats    ]    Subphase: Concurrent Mark                              13.277 / 21.505       11.008 / 23.120       11.008 / 23.120       11.008 / 23.120      ms
[200.152s][info][gc,stats    ]    Subphase: Concurrent Mark Try Flush                     0.064 / 0.112         0.065 / 0.112         0.065 / 0.112         0.065 / 0.112       ms
[200.152s][info][gc,stats    ]    Subphase: Concurrent Mark Try Terminate                 5.084 / 15.660        4.628 / 16.705        4.628 / 16.705        4.628 / 16.705      ms
[200.152s][info][gc,stats    ]    Subphase: Concurrent References Enqueue                 0.000 / 0.000         0.001 / 0.005         0.001 / 0.005         0.001 / 0.005       ms
[200.152s][info][gc,stats    ]    Subphase: Concurrent References Process                 0.036 / 0.038         0.040 / 0.080         0.040 / 0.080         0.040 / 0.080       ms
[200.152s][info][gc,stats    ]    Subphase: Concurrent Roots ClassLoaderDataGraph         0.092 / 0.676         0.086 / 0.717         0.086 / 0.717         0.086 / 0.717       ms
[200.152s][info][gc,stats    ]    Subphase: Concurrent Roots CodeCache                    0.000 / 0.000         0.000 / 0.000         0.000 / 0.000         0.000 / 0.000       ms
[200.152s][info][gc,stats    ]    Subphase: Concurrent Roots JavaThreads                  0.553 / 0.997         0.471 / 1.054         0.471 / 1.054         0.471 / 1.054       ms
[200.152s][info][gc,stats    ]    Subphase: Concurrent Roots OopStorageSet                0.017 / 0.052         0.017 / 0.151         0.017 / 0.151         0.017 / 0.151       ms
[200.152s][info][gc,stats    ]    Subphase: Concurrent Weak Roots OopStorageSet           0.152 / 0.165         0.145 / 0.172         0.145 / 0.172         0.145 / 0.172       ms
[200.152s][info][gc,stats    ]    Subphase: Pause Mark Try Complete                       0.000 / 0.000         0.000 / 0.000         0.000 / 0.000         0.000 / 0.000       ms
[200.152s][info][gc,stats    ]      System: Java Threads                                     36 / 36               32 / 37               32 / 37               32 / 37          threads
[200.152s][info][gc,stats    ] =========================================================================================================================================================
[203.528s][info][gc,start    ] GC(30) Garbage Collection (System.gc())
[203.528s][info][gc,task     ] GC(30) Using 12 workers
[203.529s][info][gc,phases   ] GC(30) Pause Mark Start 0.017ms
[203.539s][info][gc,phases   ] GC(30) Concurrent Mark 10.447ms
[203.539s][info][gc,phases   ] GC(30) Pause Mark End 0.021ms
[203.539s][info][gc,phases   ] GC(30) Concurrent Mark Free 0.001ms
[203.540s][info][gc,phases   ] GC(30) Concurrent Process Non-Strong References 0.883ms
[203.540s][info][gc,phases   ] GC(30) Concurrent Reset Relocation Set 0.002ms
[203.544s][info][gc,phases   ] GC(30) Concurrent Select Relocation Set 3.761ms
[203.544s][info][gc,phases   ] GC(30) Pause Relocate Start 0.006ms
[203.548s][info][gc,phases   ] GC(30) Concurrent Relocate 3.210ms
[203.548s][info][gc,load     ] GC(30) Load: 0.00/0.00/0.00
[203.548s][info][gc,mmu      ] GC(30) MMU: 2ms/98.3%, 5ms/99.3%, 10ms/99.5%, 20ms/99.7%, 50ms/99.9%, 100ms/99.9%
[203.548s][info][gc,marking  ] GC(30) Mark: 8 stripe(s), 2 proactive flush(es), 1 terminate flush(es), 0 completion(s), 0 continuation(s) 
[203.548s][info][gc,marking  ] GC(30) Mark Stack Usage: 32M
[203.548s][info][gc,nmethod  ] GC(30) NMethods: 1991 registered, 370 unregistered
[203.548s][info][gc,metaspace] GC(30) Metaspace: 9M used, 10M committed, 1088M reserved
[203.548s][info][gc,ref      ] GC(30) Soft: 214 encountered, 0 discovered, 0 enqueued
[203.548s][info][gc,ref      ] GC(30) Weak: 799 encountered, 130 discovered, 0 enqueued
[203.548s][info][gc,ref      ] GC(30) Final: 0 encountered, 0 discovered, 0 enqueued
[203.548s][info][gc,ref      ] GC(30) Phantom: 27 encountered, 17 discovered, 0 enqueued
[203.548s][info][gc,reloc    ] GC(30) Small Pages: 1111 / 2222M, Empty: 2196M, Relocated: 4M, In-Place: 0
[203.548s][info][gc,reloc    ] GC(30) Medium Pages: 0 / 0M, Empty: 0M, Relocated: 0M, In-Place: 0
[203.548s][info][gc,reloc    ] GC(30) Large Pages: 0 / 0M, Empty: 0M, Relocated: 0M, In-Place: 0
[203.548s][info][gc,reloc    ] GC(30) Forwarding Usage: 1M
[203.548s][info][gc,heap     ] GC(30) Min Capacity: 8M(0%)
[203.548s][info][gc,heap     ] GC(30) Max Capacity: 30718M(100%)
[203.548s][info][gc,heap     ] GC(30) Soft Max Capacity: 30718M(100%)
[203.548s][info][gc,heap     ] GC(30)                Mark Start          Mark End        Relocate Start      Relocate End           High               Low         
[203.548s][info][gc,heap     ] GC(30)  Capacity:     2228M (7%)         2228M (7%)         2228M (7%)         2228M (7%)         2228M (7%)         2228M (7%)     
[203.548s][info][gc,heap     ] GC(30)      Free:    28496M (93%)       28496M (93%)       30692M (100%)      30694M (100%)      30694M (100%)      28496M (93%)    
[203.548s][info][gc,heap     ] GC(30)      Used:     2222M (7%)         2222M (7%)           26M (0%)           24M (0%)         2222M (7%)           24M (0%)     
[203.548s][info][gc,heap     ] GC(30)      Live:         -                 4M (0%)            4M (0%)            4M (0%)             -                  -          
[203.548s][info][gc,heap     ] GC(30) Allocated:         -                 0M (0%)            0M (0%)            0M (0%)             -                  -          
[203.548s][info][gc,heap     ] GC(30)   Garbage:         -              2217M (7%)           21M (0%)           19M (0%)             -                  -          
[203.548s][info][gc,heap     ] GC(30) Reclaimed:         -                  -              2196M (7%)         2198M (7%)             -                  -          
[203.548s][info][gc          ] GC(30) Garbage Collection (System.gc()) 2222M(7%)->24M(0%)
[210.109s][info][gc,start    ] GC(31) Garbage Collection (System.gc())
[210.109s][info][gc,task     ] GC(31) Using 12 workers
[210.109s][info][gc,phases   ] GC(31) Pause Mark Start 0.017ms
[210.118s][info][gc,phases   ] GC(31) Concurrent Mark 9.104ms
[210.119s][info][gc,phases   ] GC(31) Pause Mark End 0.021ms
[210.119s][info][gc,phases   ] GC(31) Concurrent Mark Free 0.001ms
[210.120s][info][gc,phases   ] GC(31) Concurrent Process Non-Strong References 0.889ms
[210.120s][info][gc,phases   ] GC(31) Concurrent Reset Relocation Set 0.002ms
[210.123s][info][gc,phases   ] GC(31) Concurrent Select Relocation Set 3.773ms
[210.123s][info][gc,phases   ] GC(31) Pause Relocate Start 0.006ms
[210.128s][info][gc,phases   ] GC(31) Concurrent Relocate 4.060ms
[210.128s][info][gc,load     ] GC(31) Load: 0.00/0.00/0.00
[210.128s][info][gc,mmu      ] GC(31) MMU: 2ms/98.3%, 5ms/99.3%, 10ms/99.5%, 20ms/99.7%, 50ms/99.9%, 100ms/99.9%
[210.128s][info][gc,marking  ] GC(31) Mark: 8 stripe(s), 3 proactive flush(es), 1 terminate flush(es), 0 completion(s), 0 continuation(s) 
[210.128s][info][gc,marking  ] GC(31) Mark Stack Usage: 32M
[210.128s][info][gc,nmethod  ] GC(31) NMethods: 1992 registered, 370 unregistered
[210.128s][info][gc,metaspace] GC(31) Metaspace: 9M used, 10M committed, 1088M reserved
[210.128s][info][gc,ref      ] GC(31) Soft: 214 encountered, 0 discovered, 0 enqueued
[210.128s][info][gc,ref      ] GC(31) Weak: 799 encountered, 107 discovered, 0 enqueued
[210.128s][info][gc,ref      ] GC(31) Final: 0 encountered, 0 discovered, 0 enqueued
[210.128s][info][gc,ref      ] GC(31) Phantom: 27 encountered, 16 discovered, 0 enqueued
[210.128s][info][gc,reloc    ] GC(31) Small Pages: 1104 / 2208M, Empty: 2182M, Relocated: 4M, In-Place: 0
[210.128s][info][gc,reloc    ] GC(31) Medium Pages: 0 / 0M, Empty: 0M, Relocated: 0M, In-Place: 0
[210.128s][info][gc,reloc    ] GC(31) Large Pages: 0 / 0M, Empty: 0M, Relocated: 0M, In-Place: 0
[210.128s][info][gc,reloc    ] GC(31) Forwarding Usage: 1M
[210.128s][info][gc,heap     ] GC(31) Min Capacity: 8M(0%)
[210.128s][info][gc,heap     ] GC(31) Max Capacity: 30718M(100%)
[210.128s][info][gc,heap     ] GC(31) Soft Max Capacity: 30718M(100%)
[210.128s][info][gc,heap     ] GC(31)                Mark Start          Mark End        Relocate Start      Relocate End           High               Low         
[210.128s][info][gc,heap     ] GC(31)  Capacity:     2228M (7%)         2228M (7%)         2228M (7%)         2228M (7%)         2228M (7%)         2228M (7%)     
[210.128s][info][gc,heap     ] GC(31)      Free:    28510M (93%)       28510M (93%)       30692M (100%)      30694M (100%)      30694M (100%)      28510M (93%)    
[210.128s][info][gc,heap     ] GC(31)      Used:     2208M (7%)         2208M (7%)           26M (0%)           24M (0%)         2208M (7%)           24M (0%)     
[210.128s][info][gc,heap     ] GC(31)      Live:         -                 4M (0%)            4M (0%)            4M (0%)             -                  -          
[210.128s][info][gc,heap     ] GC(31) Allocated:         -                 0M (0%)            0M (0%)            0M (0%)             -                  -          
[210.128s][info][gc,heap     ] GC(31)   Garbage:         -              2203M (7%)           21M (0%)           19M (0%)             -                  -          
[210.128s][info][gc,heap     ] GC(31) Reclaimed:         -                  -              2182M (7%)         2184M (7%)             -                  -          
[210.128s][info][gc          ] GC(31) Garbage Collection (System.gc()) 2208M(7%)->24M(0%)
[210.146s][info][gc,stats    ] === Garbage Collection Statistics =======================================================================================================================
[210.146s][info][gc,stats    ]                                                              Last 10s              Last 10m              Last 10h                Total
[210.146s][info][gc,stats    ]                                                              Avg / Max             Avg / Max             Avg / Max             Avg / Max
[210.147s][info][gc,stats    ]   Collector: Garbage Collection Cycle                     19.031 / 19.304       23.511 / 47.906       23.511 / 47.906       23.511 / 47.906      ms
[210.147s][info][gc,stats    ]  Contention: Mark Segment Reset Contention                     0 / 1                 0 / 10                0 / 10                0 / 10          ops/s
[210.147s][info][gc,stats    ]  Contention: Mark SeqNum Reset Contention                      0 / 0                 0 / 1                 0 / 1                 0 / 1           ops/s
[210.147s][info][gc,stats    ]    Critical: Allocation Stall                                  0 / 0                 0 / 0                 0 / 0                 0 / 0           ops/s
[210.147s][info][gc,stats    ]    Critical: Allocation Stall                              0.000 / 0.000         0.000 / 0.000         0.000 / 0.000         0.000 / 0.000       ms
[210.147s][info][gc,stats    ]    Critical: GC Locker Stall                                   0 / 0                 0 / 0                 0 / 0                 0 / 0           ops/s
[210.147s][info][gc,stats    ]    Critical: GC Locker Stall                               0.000 / 0.000         0.000 / 0.000         0.000 / 0.000         0.000 / 0.000       ms
[210.147s][info][gc,stats    ]    Critical: Relocation Stall                                  0 / 0                 0 / 0                 0 / 0                 0 / 0           ops/s
[210.147s][info][gc,stats    ]    Critical: Relocation Stall                              0.000 / 0.000         0.000 / 0.000         0.000 / 0.000         0.000 / 0.000       ms
[210.147s][info][gc,stats    ]      Memory: Allocation Rate                                 334 / 350             323 / 350             323 / 350             323 / 350         MB/s
[210.147s][info][gc,stats    ]      Memory: Defragment                                        0 / 0                 0 / 0                 0 / 0                 0 / 0           ops/s
[210.147s][info][gc,stats    ]      Memory: Out Of Memory                                     0 / 0                 0 / 0                 0 / 0                 0 / 0           ops/s
[210.147s][info][gc,stats    ]      Memory: Page Cache Flush                                  0 / 0                 0 / 0                 0 / 0                 0 / 0           MB/s
[210.147s][info][gc,stats    ]      Memory: Page Cache Hit L1                               169 / 184             158 / 187             158 / 187             158 / 187         ops/s
[210.147s][info][gc,stats    ]      Memory: Page Cache Hit L2                                 0 / 0                 0 / 0                 0 / 0                 0 / 0           ops/s
[210.147s][info][gc,stats    ]      Memory: Page Cache Hit L3                                 0 / 0                 4 / 152               4 / 152               4 / 152         ops/s
[210.147s][info][gc,stats    ]      Memory: Page Cache Miss                                   0 / 0                 0 / 87                0 / 87                0 / 87          ops/s
[210.147s][info][gc,stats    ]      Memory: Uncommit                                          0 / 0                 0 / 0                 0 / 0                 0 / 0           MB/s
[210.147s][info][gc,stats    ]      Memory: Undo Object Allocation Failed                     0 / 0                 0 / 0                 0 / 0                 0 / 0           ops/s
[210.147s][info][gc,stats    ]      Memory: Undo Object Allocation Succeeded                  0 / 0                 0 / 0                 0 / 0                 0 / 0           ops/s
[210.147s][info][gc,stats    ]      Memory: Undo Page Allocation                              0 / 0                 0 / 0                 0 / 0                 0 / 0           ops/s
[210.147s][info][gc,stats    ]       Phase: Concurrent Mark                               9.775 / 10.447       12.588 / 24.168       12.588 / 24.168       12.588 / 24.168      ms
[210.147s][info][gc,stats    ]       Phase: Concurrent Mark Continue                      0.000 / 0.000         0.000 / 0.000         0.000 / 0.000         0.000 / 0.000       ms
[210.147s][info][gc,stats    ]       Phase: Concurrent Mark Free                          0.001 / 0.001         0.001 / 0.002         0.001 / 0.002         0.001 / 0.002       ms
[210.147s][info][gc,stats    ]       Phase: Concurrent Process Non-Strong References      0.886 / 0.889         1.125 / 6.554         1.125 / 6.554         1.125 / 6.554       ms
[210.147s][info][gc,stats    ]       Phase: Concurrent Relocate                           3.635 / 4.060         3.487 / 4.601         3.487 / 4.601         3.487 / 4.601       ms
[210.147s][info][gc,stats    ]       Phase: Concurrent Reset Relocation Set               0.002 / 0.002         0.002 / 0.006         0.002 / 0.006         0.002 / 0.006       ms
[210.147s][info][gc,stats    ]       Phase: Concurrent Select Relocation Set              3.767 / 3.773         4.382 / 14.176        4.382 / 14.176        4.382 / 14.176      ms
[210.147s][info][gc,stats    ]       Phase: Pause Mark End                                0.021 / 0.021         0.023 / 0.034         0.023 / 0.034         0.023 / 0.034       ms
[210.148s][info][gc,stats    ]       Phase: Pause Mark Start                              0.017 / 0.017         0.018 / 0.021         0.018 / 0.021         0.018 / 0.021       ms
[210.148s][info][gc,stats    ]       Phase: Pause Relocate Start                          0.006 / 0.006         0.008 / 0.027         0.008 / 0.027         0.008 / 0.027       ms
[210.148s][info][gc,stats    ]    Subphase: Concurrent Classes Purge                      0.004 / 0.004         0.073 / 1.237         0.073 / 1.237         0.073 / 1.237       ms
[210.148s][info][gc,stats    ]    Subphase: Concurrent Classes Unlink                     0.610 / 0.610         0.759 / 4.999         0.759 / 4.999         0.759 / 4.999       ms
[210.148s][info][gc,stats    ]    Subphase: Concurrent Mark                               8.282 / 9.369        10.838 / 23.120       10.838 / 23.120       10.838 / 23.120      ms
[210.148s][info][gc,stats    ]    Subphase: Concurrent Mark Try Flush                     0.064 / 0.087         0.065 / 0.112         0.065 / 0.112         0.065 / 0.112       ms
[210.148s][info][gc,stats    ]    Subphase: Concurrent Mark Try Terminate                 1.718 / 2.026         4.302 / 16.705        4.302 / 16.705        4.302 / 16.705      ms
[210.148s][info][gc,stats    ]    Subphase: Concurrent References Enqueue                 0.000 / 0.000         0.001 / 0.005         0.001 / 0.005         0.001 / 0.005       ms
[210.148s][info][gc,stats    ]    Subphase: Concurrent References Process                 0.039 / 0.043         0.040 / 0.080         0.040 / 0.080         0.040 / 0.080       ms
[210.148s][info][gc,stats    ]    Subphase: Concurrent Roots ClassLoaderDataGraph         0.086 / 0.635         0.086 / 0.717         0.086 / 0.717         0.086 / 0.717       ms
[210.148s][info][gc,stats    ]    Subphase: Concurrent Roots CodeCache                    0.000 / 0.000         0.000 / 0.000         0.000 / 0.000         0.000 / 0.000       ms
[210.148s][info][gc,stats    ]    Subphase: Concurrent Roots JavaThreads                  0.480 / 0.984         0.471 / 1.054         0.471 / 1.054         0.471 / 1.054       ms
[210.148s][info][gc,stats    ]    Subphase: Concurrent Roots OopStorageSet                0.015 / 0.045         0.017 / 0.151         0.017 / 0.151         0.017 / 0.151       ms
[210.148s][info][gc,stats    ]    Subphase: Concurrent Weak Roots OopStorageSet           0.139 / 0.146         0.144 / 0.172         0.144 / 0.172         0.144 / 0.172       ms
[210.148s][info][gc,stats    ]    Subphase: Pause Mark Try Complete                       0.000 / 0.000         0.000 / 0.000         0.000 / 0.000         0.000 / 0.000       ms
[210.148s][info][gc,stats    ]      System: Java Threads                                     36 / 36               33 / 37               33 / 37               33 / 37          threads
[210.148s][info][gc,stats    ] =========================================================================================================================================================
[216.736s][info][gc,start    ] GC(32) Garbage Collection (System.gc())
[216.736s][info][gc,task     ] GC(32) Using 12 workers
[216.737s][info][gc,phases   ] GC(32) Pause Mark Start 0.017ms
[216.758s][info][gc,phases   ] GC(32) Concurrent Mark 21.784ms
[216.759s][info][gc,phases   ] GC(32) Pause Mark End 0.021ms
[216.759s][info][gc,phases   ] GC(32) Concurrent Mark Free 0.001ms
[216.760s][info][gc,phases   ] GC(32) Concurrent Process Non-Strong References 0.880ms
[216.760s][info][gc,phases   ] GC(32) Concurrent Reset Relocation Set 0.002ms
[216.763s][info][gc,phases   ] GC(32) Concurrent Select Relocation Set 3.667ms
[216.763s][info][gc,phases   ] GC(32) Pause Relocate Start 0.006ms
[216.767s][info][gc,phases   ] GC(32) Concurrent Relocate 3.153ms
[216.767s][info][gc,load     ] GC(32) Load: 0.00/0.00/0.00
[216.767s][info][gc,mmu      ] GC(32) MMU: 2ms/98.3%, 5ms/99.3%, 10ms/99.5%, 20ms/99.7%, 50ms/99.9%, 100ms/99.9%
[216.767s][info][gc,marking  ] GC(32) Mark: 8 stripe(s), 3 proactive flush(es), 1 terminate flush(es), 0 completion(s), 0 continuation(s) 
[216.767s][info][gc,marking  ] GC(32) Mark Stack Usage: 32M
[216.767s][info][gc,nmethod  ] GC(32) NMethods: 1998 registered, 370 unregistered
[216.767s][info][gc,metaspace] GC(32) Metaspace: 9M used, 10M committed, 1088M reserved
[216.767s][info][gc,ref      ] GC(32) Soft: 214 encountered, 0 discovered, 0 enqueued
[216.767s][info][gc,ref      ] GC(32) Weak: 799 encountered, 22 discovered, 0 enqueued
[216.767s][info][gc,ref      ] GC(32) Final: 0 encountered, 0 discovered, 0 enqueued
[216.767s][info][gc,ref      ] GC(32) Phantom: 27 encountered, 14 discovered, 0 enqueued
[216.767s][info][gc,reloc    ] GC(32) Small Pages: 1107 / 2214M, Empty: 2188M, Relocated: 4M, In-Place: 0
[216.767s][info][gc,reloc    ] GC(32) Medium Pages: 0 / 0M, Empty: 0M, Relocated: 0M, In-Place: 0
[216.767s][info][gc,reloc    ] GC(32) Large Pages: 0 / 0M, Empty: 0M, Relocated: 0M, In-Place: 0
[216.767s][info][gc,reloc    ] GC(32) Forwarding Usage: 1M
[216.767s][info][gc,heap     ] GC(32) Min Capacity: 8M(0%)
[216.767s][info][gc,heap     ] GC(32) Max Capacity: 30718M(100%)
[216.767s][info][gc,heap     ] GC(32) Soft Max Capacity: 30718M(100%)
[216.767s][info][gc,heap     ] GC(32)                Mark Start          Mark End        Relocate Start      Relocate End           High               Low         
[216.767s][info][gc,heap     ] GC(32)  Capacity:     2228M (7%)         2228M (7%)         2228M (7%)         2228M (7%)         2228M (7%)         2228M (7%)     
[216.767s][info][gc,heap     ] GC(32)      Free:    28504M (93%)       28504M (93%)       30692M (100%)      30694M (100%)      30694M (100%)      28504M (93%)    
[216.767s][info][gc,heap     ] GC(32)      Used:     2214M (7%)         2214M (7%)           26M (0%)           24M (0%)         2214M (7%)           24M (0%)     
[216.767s][info][gc,heap     ] GC(32)      Live:         -                 4M (0%)            4M (0%)            4M (0%)             -                  -          
[216.767s][info][gc,heap     ] GC(32) Allocated:         -                 0M (0%)            0M (0%)            0M (0%)             -                  -          
[216.767s][info][gc,heap     ] GC(32)   Garbage:         -              2209M (7%)           21M (0%)           19M (0%)             -                  -          
[216.767s][info][gc,heap     ] GC(32) Reclaimed:         -                  -              2188M (7%)         2190M (7%)             -                  -          
[216.768s][info][gc          ] GC(32) Garbage Collection (System.gc()) 2214M(7%)->24M(0%)
[220.152s][info][gc,stats    ] === Garbage Collection Statistics =======================================================================================================================
[220.152s][info][gc,stats    ]                                                              Last 10s              Last 10m              Last 10h                Total
[220.152s][info][gc,stats    ]                                                              Avg / Max             Avg / Max             Avg / Max             Avg / Max
[220.152s][info][gc,stats    ]   Collector: Garbage Collection Cycle                     30.498 / 30.498       23.723 / 47.906       23.723 / 47.906       23.723 / 47.906      ms
[220.152s][info][gc,stats    ]  Contention: Mark Segment Reset Contention                     0 / 3                 0 / 10                0 / 10                0 / 10          ops/s
[220.152s][info][gc,stats    ]  Contention: Mark SeqNum Reset Contention                      0 / 0                 0 / 1                 0 / 1                 0 / 1           ops/s
[220.152s][info][gc,stats    ]    Critical: Allocation Stall                                  0 / 0                 0 / 0                 0 / 0                 0 / 0           ops/s
[220.152s][info][gc,stats    ]    Critical: Allocation Stall                              0.000 / 0.000         0.000 / 0.000         0.000 / 0.000         0.000 / 0.000       ms
[220.152s][info][gc,stats    ]    Critical: GC Locker Stall                                   0 / 0                 0 / 0                 0 / 0                 0 / 0           ops/s
[220.153s][info][gc,stats    ]    Critical: GC Locker Stall                               0.000 / 0.000         0.000 / 0.000         0.000 / 0.000         0.000 / 0.000       ms
[220.153s][info][gc,stats    ]    Critical: Relocation Stall                                  0 / 0                 0 / 0                 0 / 0                 0 / 0           ops/s
[220.153s][info][gc,stats    ]    Critical: Relocation Stall                              0.000 / 0.000         0.000 / 0.000         0.000 / 0.000         0.000 / 0.000       ms
[220.153s][info][gc,stats    ]      Memory: Allocation Rate                                 330 / 342             324 / 350             324 / 350             324 / 350         MB/s
[220.153s][info][gc,stats    ]      Memory: Defragment                                        0 / 0                 0 / 0                 0 / 0                 0 / 0           ops/s
[220.153s][info][gc,stats    ]      Memory: Out Of Memory                                     0 / 0                 0 / 0                 0 / 0                 0 / 0           ops/s
[220.153s][info][gc,stats    ]      Memory: Page Cache Flush                                  0 / 0                 0 / 0                 0 / 0                 0 / 0           MB/s
[220.153s][info][gc,stats    ]      Memory: Page Cache Hit L1                               166 / 179             158 / 187             158 / 187             158 / 187         ops/s
[220.153s][info][gc,stats    ]      Memory: Page Cache Hit L2                                 0 / 0                 0 / 0                 0 / 0                 0 / 0           ops/s
[220.153s][info][gc,stats    ]      Memory: Page Cache Hit L3                                 0 / 0                 4 / 152               4 / 152               4 / 152         ops/s
[220.153s][info][gc,stats    ]      Memory: Page Cache Miss                                   0 / 0                 0 / 87                0 / 87                0 / 87          ops/s
[220.153s][info][gc,stats    ]      Memory: Uncommit                                          0 / 0                 0 / 0                 0 / 0                 0 / 0           MB/s
[220.153s][info][gc,stats    ]      Memory: Undo Object Allocation Failed                     0 / 0                 0 / 0                 0 / 0                 0 / 0           ops/s
[220.153s][info][gc,stats    ]      Memory: Undo Object Allocation Succeeded                  0 / 0                 0 / 0                 0 / 0                 0 / 0           ops/s
[220.153s][info][gc,stats    ]      Memory: Undo Page Allocation                              0 / 0                 0 / 0                 0 / 0                 0 / 0           ops/s
[220.153s][info][gc,stats    ]       Phase: Concurrent Mark                              21.784 / 21.784       12.866 / 24.168       12.866 / 24.168       12.866 / 24.168      ms
[220.153s][info][gc,stats    ]       Phase: Concurrent Mark Continue                      0.000 / 0.000         0.000 / 0.000         0.000 / 0.000         0.000 / 0.000       ms
[220.153s][info][gc,stats    ]       Phase: Concurrent Mark Free                          0.001 / 0.001         0.001 / 0.002         0.001 / 0.002         0.001 / 0.002       ms
[220.153s][info][gc,stats    ]       Phase: Concurrent Process Non-Strong References      0.880 / 0.880         1.117 / 6.554         1.117 / 6.554         1.117 / 6.554       ms
[220.153s][info][gc,stats    ]       Phase: Concurrent Relocate                           3.153 / 3.153         3.477 / 4.601         3.477 / 4.601         3.477 / 4.601       ms
[220.153s][info][gc,stats    ]       Phase: Concurrent Reset Relocation Set               0.002 / 0.002         0.002 / 0.006         0.002 / 0.006         0.002 / 0.006       ms
[220.153s][info][gc,stats    ]       Phase: Concurrent Select Relocation Set              3.667 / 3.667         4.360 / 14.176        4.360 / 14.176        4.360 / 14.176      ms
[220.153s][info][gc,stats    ]       Phase: Pause Mark End                                0.021 / 0.021         0.023 / 0.034         0.023 / 0.034         0.023 / 0.034       ms
[220.153s][info][gc,stats    ]       Phase: Pause Mark Start                              0.017 / 0.017         0.018 / 0.021         0.018 / 0.021         0.018 / 0.021       ms
[220.153s][info][gc,stats    ]       Phase: Pause Relocate Start                          0.006 / 0.006         0.008 / 0.027         0.008 / 0.027         0.008 / 0.027       ms
[220.153s][info][gc,stats    ]    Subphase: Concurrent Classes Purge                      0.004 / 0.004         0.071 / 1.237         0.071 / 1.237         0.071 / 1.237       ms
[220.153s][info][gc,stats    ]    Subphase: Concurrent Classes Unlink                     0.610 / 0.610         0.755 / 4.999         0.755 / 4.999         0.755 / 4.999       ms
[220.153s][info][gc,stats    ]    Subphase: Concurrent Mark                              19.483 / 20.766       11.100 / 23.120       11.100 / 23.120       11.100 / 23.120      ms
[220.154s][info][gc,stats    ]    Subphase: Concurrent Mark Try Flush                     0.070 / 0.118         0.065 / 0.118         0.065 / 0.118         0.065 / 0.118       ms
[220.154s][info][gc,stats    ]    Subphase: Concurrent Mark Try Terminate                 8.370 / 15.640        4.441 / 16.705        4.441 / 16.705        4.441 / 16.705      ms
[220.154s][info][gc,stats    ]    Subphase: Concurrent References Enqueue                 0.000 / 0.000         0.001 / 0.005         0.001 / 0.005         0.001 / 0.005       ms
[220.154s][info][gc,stats    ]    Subphase: Concurrent References Process                 0.033 / 0.033         0.040 / 0.080         0.040 / 0.080         0.040 / 0.080       ms
[220.154s][info][gc,stats    ]    Subphase: Concurrent Roots ClassLoaderDataGraph         0.083 / 0.616         0.086 / 0.717         0.086 / 0.717         0.086 / 0.717       ms
[220.154s][info][gc,stats    ]    Subphase: Concurrent Roots CodeCache                    0.000 / 0.000         0.000 / 0.000         0.000 / 0.000         0.000 / 0.000       ms
[220.154s][info][gc,stats    ]    Subphase: Concurrent Roots JavaThreads                  0.452 / 0.924         0.471 / 1.054         0.471 / 1.054         0.471 / 1.054       ms
[220.154s][info][gc,stats    ]    Subphase: Concurrent Roots OopStorageSet                0.017 / 0.042         0.017 / 0.151         0.017 / 0.151         0.017 / 0.151       ms
[220.154s][info][gc,stats    ]    Subphase: Concurrent Weak Roots OopStorageSet           0.140 / 0.150         0.144 / 0.172         0.144 / 0.172         0.144 / 0.172       ms
[220.154s][info][gc,stats    ]    Subphase: Pause Mark Try Complete                       0.000 / 0.000         0.000 / 0.000         0.000 / 0.000         0.000 / 0.000       ms
[220.154s][info][gc,stats    ]      System: Java Threads                                     36 / 36               33 / 37               33 / 37               33 / 37          threads
[220.154s][info][gc,stats    ] =========================================================================================================================================================
[223.384s][info][gc,start    ] GC(33) Garbage Collection (System.gc())
[223.384s][info][gc,task     ] GC(33) Using 12 workers
[223.384s][info][gc,phases   ] GC(33) Pause Mark Start 0.019ms
[223.393s][info][gc,phases   ] GC(33) Concurrent Mark 8.934ms
[223.393s][info][gc,phases   ] GC(33) Pause Mark End 0.021ms
[223.393s][info][gc,phases   ] GC(33) Concurrent Mark Free 0.001ms
[223.394s][info][gc,phases   ] GC(33) Concurrent Process Non-Strong References 0.948ms
[223.394s][info][gc,phases   ] GC(33) Concurrent Reset Relocation Set 0.002ms
[223.398s][info][gc,phases   ] GC(33) Concurrent Select Relocation Set 3.801ms
[223.398s][info][gc,phases   ] GC(33) Pause Relocate Start 0.007ms
[223.402s][info][gc,phases   ] GC(33) Concurrent Relocate 3.380ms
[223.402s][info][gc,load     ] GC(33) Load: 0.00/0.00/0.00
[223.402s][info][gc,mmu      ] GC(33) MMU: 2ms/98.3%, 5ms/99.3%, 10ms/99.5%, 20ms/99.7%, 50ms/99.9%, 100ms/99.9%
[223.402s][info][gc,marking  ] GC(33) Mark: 8 stripe(s), 4 proactive flush(es), 1 terminate flush(es), 0 completion(s), 0 continuation(s) 
[223.402s][info][gc,marking  ] GC(33) Mark Stack Usage: 32M
[223.402s][info][gc,nmethod  ] GC(33) NMethods: 2000 registered, 372 unregistered
[223.402s][info][gc,metaspace] GC(33) Metaspace: 9M used, 10M committed, 1088M reserved
[223.402s][info][gc,ref      ] GC(33) Soft: 214 encountered, 0 discovered, 0 enqueued
[223.402s][info][gc,ref      ] GC(33) Weak: 799 encountered, 61 discovered, 0 enqueued
[223.402s][info][gc,ref      ] GC(33) Final: 0 encountered, 0 discovered, 0 enqueued
[223.402s][info][gc,ref      ] GC(33) Phantom: 27 encountered, 14 discovered, 0 enqueued
[223.402s][info][gc,reloc    ] GC(33) Small Pages: 1107 / 2214M, Empty: 2188M, Relocated: 4M, In-Place: 0
[223.402s][info][gc,reloc    ] GC(33) Medium Pages: 0 / 0M, Empty: 0M, Relocated: 0M, In-Place: 0
[223.402s][info][gc,reloc    ] GC(33) Large Pages: 0 / 0M, Empty: 0M, Relocated: 0M, In-Place: 0
[223.402s][info][gc,reloc    ] GC(33) Forwarding Usage: 1M
[223.402s][info][gc,heap     ] GC(33) Min Capacity: 8M(0%)
[223.402s][info][gc,heap     ] GC(33) Max Capacity: 30718M(100%)
[223.402s][info][gc,heap     ] GC(33) Soft Max Capacity: 30718M(100%)
[223.402s][info][gc,heap     ] GC(33)                Mark Start          Mark End        Relocate Start      Relocate End           High               Low         
[223.402s][info][gc,heap     ] GC(33)  Capacity:     2228M (7%)         2228M (7%)         2228M (7%)         2228M (7%)         2228M (7%)         2228M (7%)     
[223.402s][info][gc,heap     ] GC(33)      Free:    28504M (93%)       28504M (93%)       30692M (100%)      30694M (100%)      30694M (100%)      28504M (93%)    
[223.402s][info][gc,heap     ] GC(33)      Used:     2214M (7%)         2214M (7%)           26M (0%)           24M (0%)         2214M (7%)           24M (0%)     
[223.402s][info][gc,heap     ] GC(33)      Live:         -                 4M (0%)            4M (0%)            4M (0%)             -                  -          
[223.403s][info][gc,heap     ] GC(33) Allocated:         -                 0M (0%)            0M (0%)            0M (0%)             -                  -          
[223.403s][info][gc,heap     ] GC(33)   Garbage:         -              2209M (7%)           21M (0%)           19M (0%)             -                  -          
[223.403s][info][gc,heap     ] GC(33) Reclaimed:         -                  -              2188M (7%)         2190M (7%)             -                  -          
[223.403s][info][gc          ] GC(33) Garbage Collection (System.gc()) 2214M(7%)->24M(0%)
[230.120s][info][gc,start    ] GC(34) Garbage Collection (System.gc())
[230.120s][info][gc,task     ] GC(34) Using 12 workers
[230.120s][info][gc,phases   ] GC(34) Pause Mark Start 0.018ms
[230.143s][info][gc,phases   ] GC(34) Concurrent Mark 22.278ms
[230.143s][info][gc,phases   ] GC(34) Pause Mark End 0.023ms
[230.143s][info][gc,phases   ] GC(34) Concurrent Mark Free 0.001ms
[230.144s][info][gc,phases   ] GC(34) Concurrent Process Non-Strong References 0.977ms
[230.144s][info][gc,phases   ] GC(34) Concurrent Reset Relocation Set 0.003ms
[230.148s][info][gc,phases   ] GC(34) Concurrent Select Relocation Set 3.961ms
[230.148s][info][gc,phases   ] GC(34) Pause Relocate Start 0.007ms
[230.153s][info][gc,phases   ] GC(34) Concurrent Relocate 4.437ms
[230.153s][info][gc,load     ] GC(34) Load: 0.00/0.00/0.00
[230.153s][info][gc,mmu      ] GC(34) MMU: 2ms/98.3%, 5ms/99.3%, 10ms/99.5%, 20ms/99.7%, 50ms/99.9%, 100ms/99.9%
[230.153s][info][gc,marking  ] GC(34) Mark: 8 stripe(s), 1 proactive flush(es), 1 terminate flush(es), 0 completion(s), 0 continuation(s) 
[230.153s][info][gc,marking  ] GC(34) Mark Stack Usage: 32M
[230.153s][info][gc,nmethod  ] GC(34) NMethods: 2000 registered, 374 unregistered
[230.153s][info][gc,metaspace] GC(34) Metaspace: 9M used, 10M committed, 1088M reserved
[230.153s][info][gc,ref      ] GC(34) Soft: 214 encountered, 0 discovered, 0 enqueued
[230.153s][info][gc,ref      ] GC(34) Weak: 799 encountered, 23 discovered, 0 enqueued
[230.153s][info][gc,ref      ] GC(34) Final: 0 encountered, 0 discovered, 0 enqueued
[230.153s][info][gc,ref      ] GC(34) Phantom: 27 encountered, 20 discovered, 0 enqueued
[230.153s][info][gc,reloc    ] GC(34) Small Pages: 1107 / 2214M, Empty: 2188M, Relocated: 4M, In-Place: 0
[230.153s][info][gc,reloc    ] GC(34) Medium Pages: 0 / 0M, Empty: 0M, Relocated: 0M, In-Place: 0
[230.153s][info][gc,reloc    ] GC(34) Large Pages: 0 / 0M, Empty: 0M, Relocated: 0M, In-Place: 0
[230.153s][info][gc,reloc    ] GC(34) Forwarding Usage: 1M
[230.153s][info][gc,heap     ] GC(34) Min Capacity: 8M(0%)
[230.153s][info][gc,heap     ] GC(34) Max Capacity: 30718M(100%)
[230.153s][info][gc,heap     ] GC(34) Soft Max Capacity: 30718M(100%)
[230.153s][info][gc,heap     ] GC(34)                Mark Start          Mark End        Relocate Start      Relocate End           High               Low         
[230.153s][info][gc,heap     ] GC(34)  Capacity:     2228M (7%)         2228M (7%)         2228M (7%)         2228M (7%)         2228M (7%)         2228M (7%)     
[230.153s][info][gc,heap     ] GC(34)      Free:    28504M (93%)       28504M (93%)       30692M (100%)      30694M (100%)      30694M (100%)      28504M (93%)    
[230.153s][info][gc,heap     ] GC(34)      Used:     2214M (7%)         2214M (7%)           26M (0%)           24M (0%)         2214M (7%)           24M (0%)     
[230.153s][info][gc,heap     ] GC(34)      Live:         -                 4M (0%)            4M (0%)            4M (0%)             -                  -          
[230.153s][info][gc,heap     ] GC(34) Allocated:         -                 0M (0%)            0M (0%)            0M (0%)             -                  -          
[230.154s][info][gc,heap     ] GC(34)   Garbage:         -              2209M (7%)           21M (0%)           19M (0%)             -                  -          
[230.154s][info][gc,heap     ] GC(34) Reclaimed:         -                  -              2188M (7%)         2190M (7%)             -                  -          
[230.154s][info][gc          ] GC(34) Garbage Collection (System.gc()) 2214M(7%)->24M(0%)
[230.158s][info][gc,stats    ] === Garbage Collection Statistics =======================================================================================================================
[230.158s][info][gc,stats    ]                                                              Last 10s              Last 10m              Last 10h                Total
[230.158s][info][gc,stats    ]                                                              Avg / Max             Avg / Max             Avg / Max             Avg / Max
[230.159s][info][gc,stats    ]   Collector: Garbage Collection Cycle                     25.396 / 32.733       23.819 / 47.906       23.819 / 47.906       23.819 / 47.906      ms
[230.159s][info][gc,stats    ]  Contention: Mark Segment Reset Contention                     0 / 0                 0 / 10                0 / 10                0 / 10          ops/s
[230.159s][info][gc,stats    ]  Contention: Mark SeqNum Reset Contention                      0 / 0                 0 / 1                 0 / 1                 0 / 1           ops/s
[230.159s][info][gc,stats    ]    Critical: Allocation Stall                                  0 / 0                 0 / 0                 0 / 0                 0 / 0           ops/s
[230.159s][info][gc,stats    ]    Critical: Allocation Stall                              0.000 / 0.000         0.000 / 0.000         0.000 / 0.000         0.000 / 0.000       ms
[230.159s][info][gc,stats    ]    Critical: GC Locker Stall                                   0 / 0                 0 / 0                 0 / 0                 0 / 0           ops/s
[230.159s][info][gc,stats    ]    Critical: GC Locker Stall                               0.000 / 0.000         0.000 / 0.000         0.000 / 0.000         0.000 / 0.000       ms
[230.159s][info][gc,stats    ]    Critical: Relocation Stall                                  0 / 0                 0 / 0                 0 / 0                 0 / 0           ops/s
[230.159s][info][gc,stats    ]    Critical: Relocation Stall                              0.000 / 0.000         0.000 / 0.000         0.000 / 0.000         0.000 / 0.000       ms
[230.159s][info][gc,stats    ]      Memory: Allocation Rate                                 325 / 336             324 / 350             324 / 350             324 / 350         MB/s
[230.159s][info][gc,stats    ]      Memory: Defragment                                        0 / 0                 0 / 0                 0 / 0                 0 / 0           ops/s
[230.159s][info][gc,stats    ]      Memory: Out Of Memory                                     0 / 0                 0 / 0                 0 / 0                 0 / 0           ops/s
[230.159s][info][gc,stats    ]      Memory: Page Cache Flush                                  0 / 0                 0 / 0                 0 / 0                 0 / 0           MB/s
[230.159s][info][gc,stats    ]      Memory: Page Cache Hit L1                               165 / 177             159 / 187             159 / 187             159 / 187         ops/s
[230.159s][info][gc,stats    ]      Memory: Page Cache Hit L2                                 0 / 0                 0 / 0                 0 / 0                 0 / 0           ops/s
[230.159s][info][gc,stats    ]      Memory: Page Cache Hit L3                                 0 / 0                 4 / 152               4 / 152               4 / 152         ops/s
[230.159s][info][gc,stats    ]      Memory: Page Cache Miss                                   0 / 0                 0 / 87                0 / 87                0 / 87          ops/s
[230.159s][info][gc,stats    ]      Memory: Uncommit                                          0 / 0                 0 / 0                 0 / 0                 0 / 0           MB/s
[230.159s][info][gc,stats    ]      Memory: Undo Object Allocation Failed                     0 / 0                 0 / 0                 0 / 0                 0 / 0           ops/s
[230.159s][info][gc,stats    ]      Memory: Undo Object Allocation Succeeded                  0 / 0                 0 / 0                 0 / 0                 0 / 0           ops/s
[230.159s][info][gc,stats    ]      Memory: Undo Page Allocation                              0 / 0                 0 / 0                 0 / 0                 0 / 0           ops/s
[230.159s][info][gc,stats    ]       Phase: Concurrent Mark                              15.606 / 22.278       13.023 / 24.168       13.023 / 24.168       13.023 / 24.168      ms
[230.159s][info][gc,stats    ]       Phase: Concurrent Mark Continue                      0.000 / 0.000         0.000 / 0.000         0.000 / 0.000         0.000 / 0.000       ms
[230.159s][info][gc,stats    ]       Phase: Concurrent Mark Free                          0.001 / 0.001         0.001 / 0.002         0.001 / 0.002         0.001 / 0.002       ms
[230.159s][info][gc,stats    ]       Phase: Concurrent Process Non-Strong References      0.963 / 0.977         1.108 / 6.554         1.108 / 6.554         1.108 / 6.554       ms
[230.159s][info][gc,stats    ]       Phase: Concurrent Relocate                           3.908 / 4.437         3.501 / 4.601         3.501 / 4.601         3.501 / 4.601       ms
[230.159s][info][gc,stats    ]       Phase: Concurrent Reset Relocation Set               0.002 / 0.003         0.002 / 0.006         0.002 / 0.006         0.002 / 0.006       ms
[230.159s][info][gc,stats    ]       Phase: Concurrent Select Relocation Set              3.881 / 3.961         4.333 / 14.176        4.333 / 14.176        4.333 / 14.176      ms
[230.160s][info][gc,stats    ]       Phase: Pause Mark End                                0.022 / 0.023         0.023 / 0.034         0.023 / 0.034         0.023 / 0.034       ms
[230.160s][info][gc,stats    ]       Phase: Pause Mark Start                              0.019 / 0.019         0.018 / 0.021         0.018 / 0.021         0.018 / 0.021       ms
[230.160s][info][gc,stats    ]       Phase: Pause Relocate Start                          0.007 / 0.007         0.008 / 0.027         0.008 / 0.027         0.008 / 0.027       ms
[230.160s][info][gc,stats    ]    Subphase: Concurrent Classes Purge                      0.023 / 0.024         0.068 / 1.237         0.068 / 1.237         0.068 / 1.237       ms
[230.160s][info][gc,stats    ]    Subphase: Concurrent Classes Unlink                     0.651 / 0.659         0.749 / 4.999         0.749 / 4.999         0.749 / 4.999       ms
[230.160s][info][gc,stats    ]    Subphase: Concurrent Mark                               7.885 / 21.235       10.916 / 23.120       10.916 / 23.120       10.916 / 23.120      ms
[230.160s][info][gc,stats    ]    Subphase: Concurrent Mark Try Flush                     0.066 / 0.102         0.065 / 0.118         0.065 / 0.118         0.065 / 0.118       ms
[230.160s][info][gc,stats    ]    Subphase: Concurrent Mark Try Terminate                 2.532 / 16.363        4.321 / 16.705        4.321 / 16.705        4.321 / 16.705      ms
[230.160s][info][gc,stats    ]    Subphase: Concurrent References Enqueue                 0.000 / 0.001         0.001 / 0.005         0.001 / 0.005         0.001 / 0.005       ms
[230.160s][info][gc,stats    ]    Subphase: Concurrent References Process                 0.036 / 0.037         0.040 / 0.080         0.040 / 0.080         0.040 / 0.080       ms
[230.160s][info][gc,stats    ]    Subphase: Concurrent Roots ClassLoaderDataGraph         0.086 / 0.653         0.086 / 0.717         0.086 / 0.717         0.086 / 0.717       ms
[230.160s][info][gc,stats    ]    Subphase: Concurrent Roots CodeCache                    0.000 / 0.000         0.000 / 0.000         0.000 / 0.000         0.000 / 0.000       ms
[230.160s][info][gc,stats    ]    Subphase: Concurrent Roots JavaThreads                  0.493 / 0.930         0.472 / 1.054         0.472 / 1.054         0.472 / 1.054       ms
[230.160s][info][gc,stats    ]    Subphase: Concurrent Roots OopStorageSet                0.015 / 0.045         0.017 / 0.151         0.017 / 0.151         0.017 / 0.151       ms
[230.160s][info][gc,stats    ]    Subphase: Concurrent Weak Roots OopStorageSet           0.152 / 0.162         0.145 / 0.172         0.145 / 0.172         0.145 / 0.172       ms
[230.160s][info][gc,stats    ]    Subphase: Pause Mark Try Complete                       0.000 / 0.000         0.000 / 0.000         0.000 / 0.000         0.000 / 0.000       ms
[230.160s][info][gc,stats    ]      System: Java Threads                                     36 / 36               33 / 37               33 / 37               33 / 37          threads
[230.160s][info][gc,stats    ] =========================================================================================================================================================
[236.836s][info][gc,start    ] GC(35) Garbage Collection (System.gc())
[236.836s][info][gc,task     ] GC(35) Using 12 workers
[236.836s][info][gc,phases   ] GC(35) Pause Mark Start 0.019ms
[236.856s][info][gc,phases   ] GC(35) Concurrent Mark 20.066ms
[236.857s][info][gc,phases   ] GC(35) Pause Mark End 0.022ms
[236.857s][info][gc,phases   ] GC(35) Concurrent Mark Free 0.001ms
[236.858s][info][gc,phases   ] GC(35) Concurrent Process Non-Strong References 1.008ms
[236.858s][info][gc,phases   ] GC(35) Concurrent Reset Relocation Set 0.003ms
[236.862s][info][gc,phases   ] GC(35) Concurrent Select Relocation Set 3.879ms
[236.862s][info][gc,phases   ] GC(35) Pause Relocate Start 0.007ms
[236.866s][info][gc,phases   ] GC(35) Concurrent Relocate 4.486ms
[236.867s][info][gc,load     ] GC(35) Load: 0.00/0.00/0.00
[236.867s][info][gc,mmu      ] GC(35) MMU: 2ms/98.3%, 5ms/99.3%, 10ms/99.5%, 20ms/99.7%, 50ms/99.9%, 100ms/99.9%
[236.867s][info][gc,marking  ] GC(35) Mark: 8 stripe(s), 1 proactive flush(es), 1 terminate flush(es), 0 completion(s), 0 continuation(s) 
[236.867s][info][gc,marking  ] GC(35) Mark Stack Usage: 32M
[236.867s][info][gc,nmethod  ] GC(35) NMethods: 2000 registered, 375 unregistered
[236.867s][info][gc,metaspace] GC(35) Metaspace: 9M used, 10M committed, 1088M reserved
[236.867s][info][gc,ref      ] GC(35) Soft: 214 encountered, 0 discovered, 0 enqueued
[236.867s][info][gc,ref      ] GC(35) Weak: 799 encountered, 17 discovered, 0 enqueued
[236.867s][info][gc,ref      ] GC(35) Final: 0 encountered, 0 discovered, 0 enqueued
[236.867s][info][gc,ref      ] GC(35) Phantom: 27 encountered, 16 discovered, 0 enqueued
[236.867s][info][gc,reloc    ] GC(35) Small Pages: 1103 / 2206M, Empty: 2180M, Relocated: 4M, In-Place: 0
[236.867s][info][gc,reloc    ] GC(35) Medium Pages: 0 / 0M, Empty: 0M, Relocated: 0M, In-Place: 0
[236.867s][info][gc,reloc    ] GC(35) Large Pages: 0 / 0M, Empty: 0M, Relocated: 0M, In-Place: 0
[236.867s][info][gc,reloc    ] GC(35) Forwarding Usage: 1M
[236.867s][info][gc,heap     ] GC(35) Min Capacity: 8M(0%)
[236.867s][info][gc,heap     ] GC(35) Max Capacity: 30718M(100%)
[236.867s][info][gc,heap     ] GC(35) Soft Max Capacity: 30718M(100%)
[236.867s][info][gc,heap     ] GC(35)                Mark Start          Mark End        Relocate Start      Relocate End           High               Low         
[236.867s][info][gc,heap     ] GC(35)  Capacity:     2228M (7%)         2228M (7%)         2228M (7%)         2228M (7%)         2228M (7%)         2228M (7%)     
[236.867s][info][gc,heap     ] GC(35)      Free:    28512M (93%)       28512M (93%)       30692M (100%)      30694M (100%)      30694M (100%)      28512M (93%)    
[236.867s][info][gc,heap     ] GC(35)      Used:     2206M (7%)         2206M (7%)           26M (0%)           24M (0%)         2206M (7%)           24M (0%)     
[236.867s][info][gc,heap     ] GC(35)      Live:         -                 4M (0%)            4M (0%)            4M (0%)             -                  -          
[236.867s][info][gc,heap     ] GC(35) Allocated:         -                 0M (0%)            0M (0%)            0M (0%)             -                  -          
[236.867s][info][gc,heap     ] GC(35)   Garbage:         -              2201M (7%)           21M (0%)           19M (0%)             -                  -          
[236.867s][info][gc,heap     ] GC(35) Reclaimed:         -                  -              2180M (7%)         2182M (7%)             -                  -          
[236.867s][info][gc          ] GC(35) Garbage Collection (System.gc()) 2206M(7%)->24M(0%)
[240.146s][info][gc,stats    ] === Garbage Collection Statistics =======================================================================================================================
[240.146s][info][gc,stats    ]                                                              Last 10s              Last 10m              Last 10h                Total
[240.146s][info][gc,stats    ]                                                              Avg / Max             Avg / Max             Avg / Max             Avg / Max
[240.146s][info][gc,stats    ]   Collector: Garbage Collection Cycle                     30.545 / 30.545       24.005 / 47.906       24.005 / 47.906       24.005 / 47.906      ms
[240.146s][info][gc,stats    ]  Contention: Mark Segment Reset Contention                     0 / 0                 0 / 10                0 / 10                0 / 10          ops/s
[240.146s][info][gc,stats    ]  Contention: Mark SeqNum Reset Contention                      0 / 0                 0 / 1                 0 / 1                 0 / 1           ops/s
[240.146s][info][gc,stats    ]    Critical: Allocation Stall                                  0 / 0                 0 / 0                 0 / 0                 0 / 0           ops/s
[240.146s][info][gc,stats    ]    Critical: Allocation Stall                              0.000 / 0.000         0.000 / 0.000         0.000 / 0.000         0.000 / 0.000       ms
[240.146s][info][gc,stats    ]    Critical: GC Locker Stall                                   0 / 0                 0 / 0                 0 / 0                 0 / 0           ops/s
[240.146s][info][gc,stats    ]    Critical: GC Locker Stall                               0.000 / 0.000         0.000 / 0.000         0.000 / 0.000         0.000 / 0.000       ms
[240.146s][info][gc,stats    ]    Critical: Relocation Stall                                  0 / 0                 0 / 0                 0 / 0                 0 / 0           ops/s
[240.146s][info][gc,stats    ]    Critical: Relocation Stall                              0.000 / 0.000         0.000 / 0.000         0.000 / 0.000         0.000 / 0.000       ms
[240.146s][info][gc,stats    ]      Memory: Allocation Rate                                 326 / 344             324 / 350             324 / 350             324 / 350         MB/s
[240.146s][info][gc,stats    ]      Memory: Defragment                                        0 / 0                 0 / 0                 0 / 0                 0 / 0           ops/s
[240.146s][info][gc,stats    ]      Memory: Out Of Memory                                     0 / 0                 0 / 0                 0 / 0                 0 / 0           ops/s
[240.146s][info][gc,stats    ]      Memory: Page Cache Flush                                  0 / 0                 0 / 0                 0 / 0                 0 / 0           MB/s
[240.146s][info][gc,stats    ]      Memory: Page Cache Hit L1                               164 / 172             159 / 187             159 / 187             159 / 187         ops/s
[240.146s][info][gc,stats    ]      Memory: Page Cache Hit L2                                 0 / 0                 0 / 0                 0 / 0                 0 / 0           ops/s
[240.146s][info][gc,stats    ]      Memory: Page Cache Hit L3                                 0 / 0                 4 / 152               4 / 152               4 / 152         ops/s
[240.146s][info][gc,stats    ]      Memory: Page Cache Miss                                   0 / 0                 0 / 87                0 / 87                0 / 87          ops/s
[240.146s][info][gc,stats    ]      Memory: Uncommit                                          0 / 0                 0 / 0                 0 / 0                 0 / 0           MB/s
[240.147s][info][gc,stats    ]      Memory: Undo Object Allocation Failed                     0 / 0                 0 / 0                 0 / 0                 0 / 0           ops/s
[240.147s][info][gc,stats    ]      Memory: Undo Object Allocation Succeeded                  0 / 0                 0 / 0                 0 / 0                 0 / 0           ops/s
[240.147s][info][gc,stats    ]      Memory: Undo Page Allocation                              0 / 0                 0 / 0                 0 / 0                 0 / 0           ops/s
[240.147s][info][gc,stats    ]       Phase: Concurrent Mark                              20.066 / 20.066       13.219 / 24.168       13.219 / 24.168       13.219 / 24.168      ms
[240.147s][info][gc,stats    ]       Phase: Concurrent Mark Continue                      0.000 / 0.000         0.000 / 0.000         0.000 / 0.000         0.000 / 0.000       ms
[240.147s][info][gc,stats    ]       Phase: Concurrent Mark Free                          0.001 / 0.001         0.001 / 0.002         0.001 / 0.002         0.001 / 0.002       ms
[240.147s][info][gc,stats    ]       Phase: Concurrent Process Non-Strong References      1.008 / 1.008         1.106 / 6.554         1.106 / 6.554         1.106 / 6.554       ms
[240.147s][info][gc,stats    ]       Phase: Concurrent Relocate                           4.486 / 4.486         3.529 / 4.601         3.529 / 4.601         3.529 / 4.601       ms
[240.147s][info][gc,stats    ]       Phase: Concurrent Reset Relocation Set               0.003 / 0.003         0.002 / 0.006         0.002 / 0.006         0.002 / 0.006       ms
[240.147s][info][gc,stats    ]       Phase: Concurrent Select Relocation Set              3.879 / 3.879         4.320 / 14.176        4.320 / 14.176        4.320 / 14.176      ms
[240.147s][info][gc,stats    ]       Phase: Pause Mark End                                0.022 / 0.022         0.023 / 0.034         0.023 / 0.034         0.023 / 0.034       ms
[240.147s][info][gc,stats    ]       Phase: Pause Mark Start                              0.019 / 0.019         0.018 / 0.021         0.018 / 0.021         0.018 / 0.021       ms
[240.147s][info][gc,stats    ]       Phase: Pause Relocate Start                          0.007 / 0.007         0.008 / 0.027         0.008 / 0.027         0.008 / 0.027       ms
[240.147s][info][gc,stats    ]    Subphase: Concurrent Classes Purge                      0.020 / 0.020         0.067 / 1.237         0.067 / 1.237         0.067 / 1.237       ms
[240.147s][info][gc,stats    ]    Subphase: Concurrent Classes Unlink                     0.682 / 0.682         0.747 / 4.999         0.747 / 4.999         0.747 / 4.999       ms
[240.147s][info][gc,stats    ]    Subphase: Concurrent Mark                              17.850 / 18.987       11.108 / 23.120       11.108 / 23.120       11.108 / 23.120      ms
[240.147s][info][gc,stats    ]    Subphase: Concurrent Mark Try Flush                     0.069 / 0.093         0.065 / 0.118         0.065 / 0.118         0.065 / 0.118       ms
[240.147s][info][gc,stats    ]    Subphase: Concurrent Mark Try Terminate                10.562 / 16.662        4.460 / 16.705        4.460 / 16.705        4.460 / 16.705      ms
[240.147s][info][gc,stats    ]    Subphase: Concurrent References Enqueue                 0.001 / 0.001         0.001 / 0.005         0.001 / 0.005         0.001 / 0.005       ms
[240.147s][info][gc,stats    ]    Subphase: Concurrent References Process                 0.039 / 0.039         0.040 / 0.080         0.040 / 0.080         0.040 / 0.080       ms
[240.147s][info][gc,stats    ]    Subphase: Concurrent Roots ClassLoaderDataGraph         0.081 / 0.661         0.086 / 0.717         0.086 / 0.717         0.086 / 0.717       ms
[240.147s][info][gc,stats    ]    Subphase: Concurrent Roots CodeCache                    0.000 / 0.000         0.000 / 0.000         0.000 / 0.000         0.000 / 0.000       ms
[240.147s][info][gc,stats    ]    Subphase: Concurrent Roots JavaThreads                  0.533 / 0.971         0.474 / 1.054         0.474 / 1.054         0.474 / 1.054       ms
[240.147s][info][gc,stats    ]    Subphase: Concurrent Roots OopStorageSet                0.015 / 0.046         0.017 / 0.151         0.017 / 0.151         0.017 / 0.151       ms
[240.147s][info][gc,stats    ]    Subphase: Concurrent Weak Roots OopStorageSet           0.158 / 0.170         0.145 / 0.172         0.145 / 0.172         0.145 / 0.172       ms
[240.147s][info][gc,stats    ]    Subphase: Pause Mark Try Complete                       0.000 / 0.000         0.000 / 0.000         0.000 / 0.000         0.000 / 0.000       ms
[240.147s][info][gc,stats    ]      System: Java Threads                                     36 / 36               33 / 37               33 / 37               33 / 37          threads
[240.147s][info][gc,stats    ] =========================================================================================================================================================
[243.525s][info][gc,start    ] GC(36) Garbage Collection (System.gc())
[243.525s][info][gc,task     ] GC(36) Using 12 workers
[243.525s][info][gc,phases   ] GC(36) Pause Mark Start 0.017ms
[243.533s][info][gc,phases   ] GC(36) Concurrent Mark 8.021ms
[243.534s][info][gc,phases   ] GC(36) Pause Mark End 0.021ms
[243.534s][info][gc,phases   ] GC(36) Concurrent Mark Free 0.001ms
[243.535s][info][gc,phases   ] GC(36) Concurrent Process Non-Strong References 0.906ms
[243.535s][info][gc,phases   ] GC(36) Concurrent Reset Relocation Set 0.002ms
[243.539s][info][gc,phases   ] GC(36) Concurrent Select Relocation Set 3.833ms
[243.539s][info][gc,phases   ] GC(36) Pause Relocate Start 0.006ms
[243.542s][info][gc,phases   ] GC(36) Concurrent Relocate 3.206ms
[243.542s][info][gc,load     ] GC(36) Load: 0.00/0.00/0.00
[243.542s][info][gc,mmu      ] GC(36) MMU: 2ms/98.3%, 5ms/99.3%, 10ms/99.5%, 20ms/99.7%, 50ms/99.9%, 100ms/99.9%
[243.542s][info][gc,marking  ] GC(36) Mark: 8 stripe(s), 2 proactive flush(es), 1 terminate flush(es), 0 completion(s), 0 continuation(s) 
[243.542s][info][gc,marking  ] GC(36) Mark Stack Usage: 32M
[243.542s][info][gc,nmethod  ] GC(36) NMethods: 2000 registered, 378 unregistered
[243.542s][info][gc,metaspace] GC(36) Metaspace: 9M used, 10M committed, 1088M reserved
[243.542s][info][gc,ref      ] GC(36) Soft: 214 encountered, 0 discovered, 0 enqueued
[243.542s][info][gc,ref      ] GC(36) Weak: 799 encountered, 5 discovered, 0 enqueued
[243.542s][info][gc,ref      ] GC(36) Final: 0 encountered, 0 discovered, 0 enqueued
[243.542s][info][gc,ref      ] GC(36) Phantom: 27 encountered, 13 discovered, 0 enqueued
[243.542s][info][gc,reloc    ] GC(36) Small Pages: 1106 / 2212M, Empty: 2186M, Relocated: 4M, In-Place: 0
[243.542s][info][gc,reloc    ] GC(36) Medium Pages: 0 / 0M, Empty: 0M, Relocated: 0M, In-Place: 0
[243.542s][info][gc,reloc    ] GC(36) Large Pages: 0 / 0M, Empty: 0M, Relocated: 0M, In-Place: 0
[243.542s][info][gc,reloc    ] GC(36) Forwarding Usage: 1M
[243.542s][info][gc,heap     ] GC(36) Min Capacity: 8M(0%)
[243.542s][info][gc,heap     ] GC(36) Max Capacity: 30718M(100%)
[243.542s][info][gc,heap     ] GC(36) Soft Max Capacity: 30718M(100%)
[243.542s][info][gc,heap     ] GC(36)                Mark Start          Mark End        Relocate Start      Relocate End           High               Low         
[243.543s][info][gc,heap     ] GC(36)  Capacity:     2228M (7%)         2228M (7%)         2228M (7%)         2228M (7%)         2228M (7%)         2228M (7%)     
[243.543s][info][gc,heap     ] GC(36)      Free:    28506M (93%)       28506M (93%)       30692M (100%)      30694M (100%)      30694M (100%)      28506M (93%)    
[243.543s][info][gc,heap     ] GC(36)      Used:     2212M (7%)         2212M (7%)           26M (0%)           24M (0%)         2212M (7%)           24M (0%)     
[243.543s][info][gc,heap     ] GC(36)      Live:         -                 4M (0%)            4M (0%)            4M (0%)             -                  -          
[243.543s][info][gc,heap     ] GC(36) Allocated:         -                 0M (0%)            0M (0%)            0M (0%)             -                  -          
[243.543s][info][gc,heap     ] GC(36)   Garbage:         -              2207M (7%)           21M (0%)           19M (0%)             -                  -          
[243.543s][info][gc,heap     ] GC(36) Reclaimed:         -                  -              2186M (7%)         2188M (7%)             -                  -          
[243.543s][info][gc          ] GC(36) Garbage Collection (System.gc()) 2212M(7%)->24M(0%)
[250.153s][info][gc,stats    ] === Garbage Collection Statistics =======================================================================================================================
[250.153s][info][gc,stats    ]                                                              Last 10s              Last 10m              Last 10h                Total
[250.153s][info][gc,stats    ]                                                              Avg / Max             Avg / Max             Avg / Max             Avg / Max
[250.153s][info][gc,stats    ]   Collector: Garbage Collection Cycle                     16.955 / 16.955       23.815 / 47.906       23.815 / 47.906       23.815 / 47.906      ms
[250.153s][info][gc,stats    ]  Contention: Mark Segment Reset Contention                     0 / 0                 0 / 10                0 / 10                0 / 10          ops/s
[250.153s][info][gc,stats    ]  Contention: Mark SeqNum Reset Contention                      0 / 0                 0 / 1                 0 / 1                 0 / 1           ops/s
[250.153s][info][gc,stats    ]    Critical: Allocation Stall                                  0 / 0                 0 / 0                 0 / 0                 0 / 0           ops/s
[250.153s][info][gc,stats    ]    Critical: Allocation Stall                              0.000 / 0.000         0.000 / 0.000         0.000 / 0.000         0.000 / 0.000       ms
[250.153s][info][gc,stats    ]    Critical: GC Locker Stall                                   0 / 0                 0 / 0                 0 / 0                 0 / 0           ops/s
[250.153s][info][gc,stats    ]    Critical: GC Locker Stall                               0.000 / 0.000         0.000 / 0.000         0.000 / 0.000         0.000 / 0.000       ms
[250.153s][info][gc,stats    ]    Critical: Relocation Stall                                  0 / 0                 0 / 0                 0 / 0                 0 / 0           ops/s
[250.153s][info][gc,stats    ]    Critical: Relocation Stall                              0.000 / 0.000         0.000 / 0.000         0.000 / 0.000         0.000 / 0.000       ms
[250.153s][info][gc,stats    ]      Memory: Allocation Rate                                 325 / 356             324 / 356             324 / 356             324 / 356         MB/s
[250.154s][info][gc,stats    ]      Memory: Defragment                                        0 / 0                 0 / 0                 0 / 0                 0 / 0           ops/s
[250.154s][info][gc,stats    ]      Memory: Out Of Memory                                     0 / 0                 0 / 0                 0 / 0                 0 / 0           ops/s
[250.154s][info][gc,stats    ]      Memory: Page Cache Flush                                  0 / 0                 0 / 0                 0 / 0                 0 / 0           MB/s
[250.154s][info][gc,stats    ]      Memory: Page Cache Hit L1                               163 / 190             159 / 190             159 / 190             159 / 190         ops/s
[250.154s][info][gc,stats    ]      Memory: Page Cache Hit L2                                 0 / 0                 0 / 0                 0 / 0                 0 / 0           ops/s
[250.154s][info][gc,stats    ]      Memory: Page Cache Hit L3                                 0 / 0                 4 / 152               4 / 152               4 / 152         ops/s
[250.154s][info][gc,stats    ]      Memory: Page Cache Miss                                   0 / 0                 0 / 87                0 / 87                0 / 87          ops/s
[250.154s][info][gc,stats    ]      Memory: Uncommit                                          0 / 0                 0 / 0                 0 / 0                 0 / 0           MB/s
[250.154s][info][gc,stats    ]      Memory: Undo Object Allocation Failed                     0 / 0                 0 / 0                 0 / 0                 0 / 0           ops/s
[250.154s][info][gc,stats    ]      Memory: Undo Object Allocation Succeeded                  0 / 0                 0 / 0                 0 / 0                 0 / 0           ops/s
[250.154s][info][gc,stats    ]      Memory: Undo Page Allocation                              0 / 0                 0 / 0                 0 / 0                 0 / 0           ops/s
[250.154s][info][gc,stats    ]       Phase: Concurrent Mark                               8.021 / 8.021        13.078 / 24.168       13.078 / 24.168       13.078 / 24.168      ms
[250.154s][info][gc,stats    ]       Phase: Concurrent Mark Continue                      0.000 / 0.000         0.000 / 0.000         0.000 / 0.000         0.000 / 0.000       ms
[250.154s][info][gc,stats    ]       Phase: Concurrent Mark Free                          0.001 / 0.001         0.001 / 0.002         0.001 / 0.002         0.001 / 0.002       ms
[250.154s][info][gc,stats    ]       Phase: Concurrent Process Non-Strong References      0.906 / 0.906         1.100 / 6.554         1.100 / 6.554         1.100 / 6.554       ms
[250.154s][info][gc,stats    ]       Phase: Concurrent Relocate                           3.206 / 3.206         3.520 / 4.601         3.520 / 4.601         3.520 / 4.601       ms
[250.154s][info][gc,stats    ]       Phase: Concurrent Reset Relocation Set               0.002 / 0.002         0.002 / 0.006         0.002 / 0.006         0.002 / 0.006       ms
[250.154s][info][gc,stats    ]       Phase: Concurrent Select Relocation Set              3.833 / 3.833         4.307 / 14.176        4.307 / 14.176        4.307 / 14.176      ms
[250.154s][info][gc,stats    ]       Phase: Pause Mark End                                0.021 / 0.021         0.023 / 0.034         0.023 / 0.034         0.023 / 0.034       ms
[250.154s][info][gc,stats    ]       Phase: Pause Mark Start                              0.017 / 0.017         0.018 / 0.021         0.018 / 0.021         0.018 / 0.021       ms
[250.154s][info][gc,stats    ]       Phase: Pause Relocate Start                          0.006 / 0.006         0.008 / 0.027         0.008 / 0.027         0.008 / 0.027       ms
[250.154s][info][gc,stats    ]    Subphase: Concurrent Classes Purge                      0.028 / 0.028         0.066 / 1.237         0.066 / 1.237         0.066 / 1.237       ms
[250.154s][info][gc,stats    ]    Subphase: Concurrent Classes Unlink                     0.615 / 0.615         0.743 / 4.999         0.743 / 4.999         0.743 / 4.999       ms
[250.154s][info][gc,stats    ]    Subphase: Concurrent Mark                               6.248 / 7.045        10.977 / 23.120       10.977 / 23.120       10.977 / 23.120      ms
[250.154s][info][gc,stats    ]    Subphase: Concurrent Mark Try Flush                     0.082 / 0.103         0.066 / 0.118         0.066 / 0.118         0.066 / 0.118       ms
[250.154s][info][gc,stats    ]    Subphase: Concurrent Mark Try Terminate                 1.742 / 2.043         4.377 / 16.705        4.377 / 16.705        4.377 / 16.705      ms
[250.154s][info][gc,stats    ]    Subphase: Concurrent References Enqueue                 0.000 / 0.000         0.001 / 0.005         0.001 / 0.005         0.001 / 0.005       ms
[250.154s][info][gc,stats    ]    Subphase: Concurrent References Process                 0.031 / 0.031         0.040 / 0.080         0.040 / 0.080         0.040 / 0.080       ms
[250.154s][info][gc,stats    ]    Subphase: Concurrent Roots ClassLoaderDataGraph         0.068 / 0.607         0.085 / 0.717         0.085 / 0.717         0.085 / 0.717       ms
[250.155s][info][gc,stats    ]    Subphase: Concurrent Roots CodeCache                    0.000 / 0.000         0.000 / 0.000         0.000 / 0.000         0.000 / 0.000       ms
[250.155s][info][gc,stats    ]    Subphase: Concurrent Roots JavaThreads                  0.446 / 0.869         0.473 / 1.054         0.473 / 1.054         0.473 / 1.054       ms
[250.155s][info][gc,stats    ]    Subphase: Concurrent Roots OopStorageSet                0.011 / 0.041         0.017 / 0.151         0.017 / 0.151         0.017 / 0.151       ms
[250.155s][info][gc,stats    ]    Subphase: Concurrent Weak Roots OopStorageSet           0.141 / 0.147         0.145 / 0.172         0.145 / 0.172         0.145 / 0.172       ms
[250.155s][info][gc,stats    ]    Subphase: Pause Mark Try Complete                       0.000 / 0.000         0.000 / 0.000         0.000 / 0.000         0.000 / 0.000       ms
[250.155s][info][gc,stats    ]      System: Java Threads                                     36 / 36               33 / 37               33 / 37               33 / 37          threads
[250.155s][info][gc,stats    ] =========================================================================================================================================================
[250.256s][info][gc,start    ] GC(37) Garbage Collection (System.gc())
[250.256s][info][gc,task     ] GC(37) Using 12 workers
[250.256s][info][gc,phases   ] GC(37) Pause Mark Start 0.019ms
[250.267s][info][gc,phases   ] GC(37) Concurrent Mark 10.980ms
[250.267s][info][gc,phases   ] GC(37) Pause Mark End 0.021ms
[250.267s][info][gc,phases   ] GC(37) Concurrent Mark Free 0.001ms
[250.268s][info][gc,phases   ] GC(37) Concurrent Process Non-Strong References 0.981ms
[250.268s][info][gc,phases   ] GC(37) Concurrent Reset Relocation Set 0.003ms
[250.272s][info][gc,phases   ] GC(37) Concurrent Select Relocation Set 3.878ms
[250.272s][info][gc,phases   ] GC(37) Pause Relocate Start 0.006ms
[250.276s][info][gc,phases   ] GC(37) Concurrent Relocate 3.147ms
[250.276s][info][gc,load     ] GC(37) Load: 0.00/0.00/0.00
[250.276s][info][gc,mmu      ] GC(37) MMU: 2ms/98.3%, 5ms/99.3%, 10ms/99.5%, 20ms/99.7%, 50ms/99.9%, 100ms/99.9%
[250.276s][info][gc,marking  ] GC(37) Mark: 8 stripe(s), 2 proactive flush(es), 1 terminate flush(es), 0 completion(s), 0 continuation(s) 
[250.276s][info][gc,marking  ] GC(37) Mark Stack Usage: 32M
[250.276s][info][gc,nmethod  ] GC(37) NMethods: 2001 registered, 379 unregistered
[250.276s][info][gc,metaspace] GC(37) Metaspace: 9M used, 10M committed, 1088M reserved
[250.276s][info][gc,ref      ] GC(37) Soft: 214 encountered, 0 discovered, 0 enqueued
[250.276s][info][gc,ref      ] GC(37) Weak: 799 encountered, 9 discovered, 0 enqueued
[250.276s][info][gc,ref      ] GC(37) Final: 0 encountered, 0 discovered, 0 enqueued
[250.276s][info][gc,ref      ] GC(37) Phantom: 27 encountered, 17 discovered, 0 enqueued
[250.276s][info][gc,reloc    ] GC(37) Small Pages: 1108 / 2216M, Empty: 2188M, Relocated: 4M, In-Place: 0
[250.276s][info][gc,reloc    ] GC(37) Medium Pages: 0 / 0M, Empty: 0M, Relocated: 0M, In-Place: 0
[250.276s][info][gc,reloc    ] GC(37) Large Pages: 0 / 0M, Empty: 0M, Relocated: 0M, In-Place: 0
[250.276s][info][gc,reloc    ] GC(37) Forwarding Usage: 1M
[250.276s][info][gc,heap     ] GC(37) Min Capacity: 8M(0%)
[250.276s][info][gc,heap     ] GC(37) Max Capacity: 30718M(100%)
[250.276s][info][gc,heap     ] GC(37) Soft Max Capacity: 30718M(100%)
[250.276s][info][gc,heap     ] GC(37)                Mark Start          Mark End        Relocate Start      Relocate End           High               Low         
[250.276s][info][gc,heap     ] GC(37)  Capacity:     2228M (7%)         2228M (7%)         2228M (7%)         2228M (7%)         2228M (7%)         2228M (7%)     
[250.276s][info][gc,heap     ] GC(37)      Free:    28502M (93%)       28502M (93%)       30690M (100%)      30694M (100%)      30694M (100%)      28502M (93%)    
[250.276s][info][gc,heap     ] GC(37)      Used:     2216M (7%)         2216M (7%)           28M (0%)           24M (0%)         2216M (7%)           24M (0%)     
[250.276s][info][gc,heap     ] GC(37)      Live:         -                 4M (0%)            4M (0%)            4M (0%)             -                  -          
[250.276s][info][gc,heap     ] GC(37) Allocated:         -                 0M (0%)            0M (0%)            0M (0%)             -                  -          
[250.276s][info][gc,heap     ] GC(37)   Garbage:         -              2211M (7%)           23M (0%)           19M (0%)             -                  -          
[250.276s][info][gc,heap     ] GC(37) Reclaimed:         -                  -              2188M (7%)         2192M (7%)             -                  -          
[250.276s][info][gc          ] GC(37) Garbage Collection (System.gc()) 2216M(7%)->24M(0%)
[257.136s][info][gc,start    ] GC(38) Garbage Collection (System.gc())
[257.136s][info][gc,task     ] GC(38) Using 12 workers
[257.136s][info][gc,phases   ] GC(38) Pause Mark Start 0.019ms
[257.145s][info][gc,phases   ] GC(38) Concurrent Mark 8.702ms
[257.145s][info][gc,phases   ] GC(38) Pause Mark End 0.024ms
[257.145s][info][gc,phases   ] GC(38) Concurrent Mark Free 0.001ms
[257.146s][info][gc,phases   ] GC(38) Concurrent Process Non-Strong References 0.970ms
[257.146s][info][gc,phases   ] GC(38) Concurrent Reset Relocation Set 0.003ms
[257.150s][info][gc,phases   ] GC(38) Concurrent Select Relocation Set 4.090ms
[257.150s][info][gc,phases   ] GC(38) Pause Relocate Start 0.008ms
[257.154s][info][gc,phases   ] GC(38) Concurrent Relocate 3.575ms
[257.154s][info][gc,load     ] GC(38) Load: 0.00/0.00/0.00
[257.154s][info][gc,mmu      ] GC(38) MMU: 2ms/98.3%, 5ms/99.3%, 10ms/99.5%, 20ms/99.7%, 50ms/99.9%, 100ms/99.9%
[257.154s][info][gc,marking  ] GC(38) Mark: 8 stripe(s), 3 proactive flush(es), 1 terminate flush(es), 0 completion(s), 0 continuation(s) 
[257.154s][info][gc,marking  ] GC(38) Mark Stack Usage: 32M
[257.154s][info][gc,nmethod  ] GC(38) NMethods: 2001 registered, 379 unregistered
[257.154s][info][gc,metaspace] GC(38) Metaspace: 9M used, 10M committed, 1088M reserved
[257.154s][info][gc,ref      ] GC(38) Soft: 214 encountered, 0 discovered, 0 enqueued
[257.154s][info][gc,ref      ] GC(38) Weak: 799 encountered, 14 discovered, 0 enqueued
[257.154s][info][gc,ref      ] GC(38) Final: 0 encountered, 0 discovered, 0 enqueued
[257.154s][info][gc,ref      ] GC(38) Phantom: 27 encountered, 18 discovered, 0 enqueued
[257.154s][info][gc,reloc    ] GC(38) Small Pages: 1109 / 2218M, Empty: 2192M, Relocated: 4M, In-Place: 0
[257.155s][info][gc,reloc    ] GC(38) Medium Pages: 0 / 0M, Empty: 0M, Relocated: 0M, In-Place: 0
[257.155s][info][gc,reloc    ] GC(38) Large Pages: 0 / 0M, Empty: 0M, Relocated: 0M, In-Place: 0
[257.155s][info][gc,reloc    ] GC(38) Forwarding Usage: 1M
[257.155s][info][gc,heap     ] GC(38) Min Capacity: 8M(0%)
[257.155s][info][gc,heap     ] GC(38) Max Capacity: 30718M(100%)
[257.155s][info][gc,heap     ] GC(38) Soft Max Capacity: 30718M(100%)
[257.155s][info][gc,heap     ] GC(38)                Mark Start          Mark End        Relocate Start      Relocate End           High               Low         
[257.155s][info][gc,heap     ] GC(38)  Capacity:     2228M (7%)         2228M (7%)         2228M (7%)         2228M (7%)         2228M (7%)         2228M (7%)     
[257.155s][info][gc,heap     ] GC(38)      Free:    28500M (93%)       28500M (93%)       30692M (100%)      30694M (100%)      30694M (100%)      28500M (93%)    
[257.155s][info][gc,heap     ] GC(38)      Used:     2218M (7%)         2218M (7%)           26M (0%)           24M (0%)         2218M (7%)           24M (0%)     
[257.155s][info][gc,heap     ] GC(38)      Live:         -                 4M (0%)            4M (0%)            4M (0%)             -                  -          
[257.155s][info][gc,heap     ] GC(38) Allocated:         -                 0M (0%)            0M (0%)            0M (0%)             -                  -          
[257.155s][info][gc,heap     ] GC(38)   Garbage:         -              2213M (7%)           21M (0%)           19M (0%)             -                  -          
[257.155s][info][gc,heap     ] GC(38) Reclaimed:         -                  -              2192M (7%)         2194M (7%)             -                  -          
[257.155s][info][gc          ] GC(38) Garbage Collection (System.gc()) 2218M(7%)->24M(0%)
[260.146s][info][gc,stats    ] === Garbage Collection Statistics =======================================================================================================================
[260.146s][info][gc,stats    ]                                                              Last 10s              Last 10m              Last 10h                Total
[260.146s][info][gc,stats    ]                                                              Avg / Max             Avg / Max             Avg / Max             Avg / Max
[260.146s][info][gc,stats    ]   Collector: Garbage Collection Cycle                     19.221 / 20.029       23.579 / 47.906       23.579 / 47.906       23.579 / 47.906      ms
[260.146s][info][gc,stats    ]  Contention: Mark Segment Reset Contention                     0 / 5                 0 / 10                0 / 10                0 / 10          ops/s
[260.146s][info][gc,stats    ]  Contention: Mark SeqNum Reset Contention                      0 / 0                 0 / 1                 0 / 1                 0 / 1           ops/s
[260.146s][info][gc,stats    ]    Critical: Allocation Stall                                  0 / 0                 0 / 0                 0 / 0                 0 / 0           ops/s
[260.146s][info][gc,stats    ]    Critical: Allocation Stall                              0.000 / 0.000         0.000 / 0.000         0.000 / 0.000         0.000 / 0.000       ms
[260.146s][info][gc,stats    ]    Critical: GC Locker Stall                                   0 / 0                 0 / 0                 0 / 0                 0 / 0           ops/s
[260.146s][info][gc,stats    ]    Critical: GC Locker Stall                               0.000 / 0.000         0.000 / 0.000         0.000 / 0.000         0.000 / 0.000       ms
[260.146s][info][gc,stats    ]    Critical: Relocation Stall                                  0 / 0                 0 / 0                 0 / 0                 0 / 0           ops/s
[260.146s][info][gc,stats    ]    Critical: Relocation Stall                              0.000 / 0.000         0.000 / 0.000         0.000 / 0.000         0.000 / 0.000       ms
[260.146s][info][gc,stats    ]      Memory: Allocation Rate                                 321 / 334             324 / 356             324 / 356             324 / 356         MB/s
[260.146s][info][gc,stats    ]      Memory: Defragment                                        0 / 0                 0 / 0                 0 / 0                 0 / 0           ops/s
[260.146s][info][gc,stats    ]      Memory: Out Of Memory                                     0 / 0                 0 / 0                 0 / 0                 0 / 0           ops/s
[260.146s][info][gc,stats    ]      Memory: Page Cache Flush                                  0 / 0                 0 / 0                 0 / 0                 0 / 0           MB/s
[260.146s][info][gc,stats    ]      Memory: Page Cache Hit L1                               163 / 177             159 / 190             159 / 190             159 / 190         ops/s
[260.146s][info][gc,stats    ]      Memory: Page Cache Hit L2                                 0 / 0                 0 / 0                 0 / 0                 0 / 0           ops/s
[260.146s][info][gc,stats    ]      Memory: Page Cache Hit L3                                 0 / 0                 3 / 152               3 / 152               3 / 152         ops/s
[260.146s][info][gc,stats    ]      Memory: Page Cache Miss                                   0 / 0                 0 / 87                0 / 87                0 / 87          ops/s
[260.146s][info][gc,stats    ]      Memory: Uncommit                                          0 / 0                 0 / 0                 0 / 0                 0 / 0           MB/s
[260.146s][info][gc,stats    ]      Memory: Undo Object Allocation Failed                     0 / 0                 0 / 0                 0 / 0                 0 / 0           ops/s
[260.146s][info][gc,stats    ]      Memory: Undo Object Allocation Succeeded                  0 / 0                 0 / 0                 0 / 0                 0 / 0           ops/s
[260.147s][info][gc,stats    ]      Memory: Undo Page Allocation                              0 / 0                 0 / 0                 0 / 0                 0 / 0           ops/s
[260.147s][info][gc,stats    ]       Phase: Concurrent Mark                               9.841 / 10.980       12.912 / 24.168       12.912 / 24.168       12.912 / 24.168      ms
[260.147s][info][gc,stats    ]       Phase: Concurrent Mark Continue                      0.000 / 0.000         0.000 / 0.000         0.000 / 0.000         0.000 / 0.000       ms
[260.147s][info][gc,stats    ]       Phase: Concurrent Mark Free                          0.001 / 0.001         0.001 / 0.002         0.001 / 0.002         0.001 / 0.002       ms
[260.147s][info][gc,stats    ]       Phase: Concurrent Process Non-Strong References      0.976 / 0.981         1.094 / 6.554         1.094 / 6.554         1.094 / 6.554       ms
[260.147s][info][gc,stats    ]       Phase: Concurrent Relocate                           3.361 / 3.575         3.512 / 4.601         3.512 / 4.601         3.512 / 4.601       ms
[260.147s][info][gc,stats    ]       Phase: Concurrent Reset Relocation Set               0.003 / 0.003         0.002 / 0.006         0.002 / 0.006         0.002 / 0.006       ms
[260.147s][info][gc,stats    ]       Phase: Concurrent Select Relocation Set              3.984 / 4.090         4.291 / 14.176        4.291 / 14.176        4.291 / 14.176      ms
[260.147s][info][gc,stats    ]       Phase: Pause Mark End                                0.022 / 0.024         0.023 / 0.034         0.023 / 0.034         0.023 / 0.034       ms
[260.147s][info][gc,stats    ]       Phase: Pause Mark Start                              0.019 / 0.019         0.018 / 0.021         0.018 / 0.021         0.018 / 0.021       ms
[260.147s][info][gc,stats    ]       Phase: Pause Relocate Start                          0.007 / 0.008         0.008 / 0.027         0.008 / 0.027         0.008 / 0.027       ms
[260.147s][info][gc,stats    ]    Subphase: Concurrent Classes Purge                      0.011 / 0.017         0.063 / 1.237         0.063 / 1.237         0.063 / 1.237       ms
[260.147s][info][gc,stats    ]    Subphase: Concurrent Classes Unlink                     0.674 / 0.678         0.740 / 4.999         0.740 / 4.999         0.740 / 4.999       ms
[260.147s][info][gc,stats    ]    Subphase: Concurrent Mark                               8.303 / 9.955        10.840 / 23.120       10.840 / 23.120       10.840 / 23.120      ms
[260.147s][info][gc,stats    ]    Subphase: Concurrent Mark Try Flush                     0.077 / 0.103         0.066 / 0.118         0.066 / 0.118         0.066 / 0.118       ms
[260.147s][info][gc,stats    ]    Subphase: Concurrent Mark Try Terminate                 3.027 / 7.814         4.309 / 16.705        4.309 / 16.705        4.309 / 16.705      ms
[260.147s][info][gc,stats    ]    Subphase: Concurrent References Enqueue                 0.000 / 0.000         0.001 / 0.005         0.001 / 0.005         0.001 / 0.005       ms
[260.147s][info][gc,stats    ]    Subphase: Concurrent References Process                 0.038 / 0.041         0.039 / 0.080         0.039 / 0.080         0.039 / 0.080       ms
[260.147s][info][gc,stats    ]    Subphase: Concurrent Roots ClassLoaderDataGraph         0.095 / 0.717         0.086 / 0.717         0.086 / 0.717         0.086 / 0.717       ms
[260.147s][info][gc,stats    ]    Subphase: Concurrent Roots CodeCache                    0.000 / 0.000         0.000 / 0.000         0.000 / 0.000         0.000 / 0.000       ms
[260.147s][info][gc,stats    ]    Subphase: Concurrent Roots JavaThreads                  0.485 / 0.953         0.474 / 1.054         0.474 / 1.054         0.474 / 1.054       ms
[260.147s][info][gc,stats    ]    Subphase: Concurrent Roots OopStorageSet                0.016 / 0.049         0.017 / 0.151         0.017 / 0.151         0.017 / 0.151       ms
[260.147s][info][gc,stats    ]    Subphase: Concurrent Weak Roots OopStorageSet           0.152 / 0.161         0.145 / 0.172         0.145 / 0.172         0.145 / 0.172       ms
[260.147s][info][gc,stats    ]    Subphase: Pause Mark Try Complete                       0.000 / 0.000         0.000 / 0.000         0.000 / 0.000         0.000 / 0.000       ms
[260.147s][info][gc,stats    ]      System: Java Threads                                     36 / 36               33 / 37               33 / 37               33 / 37          threads
[260.147s][info][gc,stats    ] =========================================================================================================================================================
[263.866s][info][gc,start    ] GC(39) Garbage Collection (System.gc())
[263.866s][info][gc,task     ] GC(39) Using 12 workers
[263.867s][info][gc,phases   ] GC(39) Pause Mark Start 0.018ms
[263.874s][info][gc,phases   ] GC(39) Concurrent Mark 7.360ms
[263.874s][info][gc,phases   ] GC(39) Pause Mark End 0.024ms
[263.874s][info][gc,phases   ] GC(39) Concurrent Mark Free 0.001ms
[263.875s][info][gc,phases   ] GC(39) Concurrent Process Non-Strong References 0.919ms
[263.875s][info][gc,phases   ] GC(39) Concurrent Reset Relocation Set 0.002ms
[263.879s][info][gc,phases   ] GC(39) Concurrent Select Relocation Set 3.880ms
[263.879s][info][gc,phases   ] GC(39) Pause Relocate Start 0.011ms
[263.884s][info][gc,phases   ] GC(39) Concurrent Relocate 4.049ms
[263.884s][info][gc,load     ] GC(39) Load: 0.00/0.00/0.00
[263.884s][info][gc,mmu      ] GC(39) MMU: 2ms/98.3%, 5ms/99.3%, 10ms/99.5%, 20ms/99.7%, 50ms/99.9%, 100ms/99.9%
[263.884s][info][gc,marking  ] GC(39) Mark: 8 stripe(s), 2 proactive flush(es), 1 terminate flush(es), 0 completion(s), 0 continuation(s) 
[263.884s][info][gc,marking  ] GC(39) Mark Stack Usage: 32M
[263.884s][info][gc,nmethod  ] GC(39) NMethods: 2001 registered, 380 unregistered
[263.884s][info][gc,metaspace] GC(39) Metaspace: 9M used, 10M committed, 1088M reserved
[263.884s][info][gc,ref      ] GC(39) Soft: 214 encountered, 0 discovered, 0 enqueued
[263.884s][info][gc,ref      ] GC(39) Weak: 799 encountered, 21 discovered, 0 enqueued
[263.884s][info][gc,ref      ] GC(39) Final: 0 encountered, 0 discovered, 0 enqueued
[263.884s][info][gc,ref      ] GC(39) Phantom: 27 encountered, 15 discovered, 0 enqueued
[263.884s][info][gc,reloc    ] GC(39) Small Pages: 1107 / 2214M, Empty: 2188M, Relocated: 4M, In-Place: 0
[263.884s][info][gc,reloc    ] GC(39) Medium Pages: 0 / 0M, Empty: 0M, Relocated: 0M, In-Place: 0
[263.884s][info][gc,reloc    ] GC(39) Large Pages: 0 / 0M, Empty: 0M, Relocated: 0M, In-Place: 0
[263.884s][info][gc,reloc    ] GC(39) Forwarding Usage: 1M
[263.884s][info][gc,heap     ] GC(39) Min Capacity: 8M(0%)
[263.884s][info][gc,heap     ] GC(39) Max Capacity: 30718M(100%)
[263.884s][info][gc,heap     ] GC(39) Soft Max Capacity: 30718M(100%)
[263.884s][info][gc,heap     ] GC(39)                Mark Start          Mark End        Relocate Start      Relocate End           High               Low         
[263.884s][info][gc,heap     ] GC(39)  Capacity:     2228M (7%)         2228M (7%)         2228M (7%)         2228M (7%)         2228M (7%)         2228M (7%)     
[263.884s][info][gc,heap     ] GC(39)      Free:    28504M (93%)       28504M (93%)       30692M (100%)      30694M (100%)      30694M (100%)      28504M (93%)    
[263.884s][info][gc,heap     ] GC(39)      Used:     2214M (7%)         2214M (7%)           26M (0%)           24M (0%)         2214M (7%)           24M (0%)     
[263.884s][info][gc,heap     ] GC(39)      Live:         -                 4M (0%)            4M (0%)            4M (0%)             -                  -          
[263.884s][info][gc,heap     ] GC(39) Allocated:         -                 0M (0%)            0M (0%)            0M (0%)             -                  -          
[263.884s][info][gc,heap     ] GC(39)   Garbage:         -              2209M (7%)           21M (0%)           19M (0%)             -                  -          
[263.884s][info][gc,heap     ] GC(39) Reclaimed:         -                  -              2188M (7%)         2190M (7%)             -                  -          
[263.884s][info][gc          ] GC(39) Garbage Collection (System.gc()) 2214M(7%)->24M(0%)
[270.150s][info][gc,stats    ] === Garbage Collection Statistics =======================================================================================================================
[270.150s][info][gc,stats    ]                                                              Last 10s              Last 10m              Last 10h                Total
[270.150s][info][gc,stats    ]                                                              Avg / Max             Avg / Max             Avg / Max             Avg / Max
[270.150s][info][gc,stats    ]   Collector: Garbage Collection Cycle                     17.293 / 17.293       23.422 / 47.906       23.422 / 47.906       23.422 / 47.906      ms
[270.150s][info][gc,stats    ]  Contention: Mark Segment Reset Contention                     0 / 1                 0 / 10                0 / 10                0 / 10          ops/s
[270.150s][info][gc,stats    ]  Contention: Mark SeqNum Reset Contention                      0 / 0                 0 / 1                 0 / 1                 0 / 1           ops/s
[270.150s][info][gc,stats    ]    Critical: Allocation Stall                                  0 / 0                 0 / 0                 0 / 0                 0 / 0           ops/s
[270.150s][info][gc,stats    ]    Critical: Allocation Stall                              0.000 / 0.000         0.000 / 0.000         0.000 / 0.000         0.000 / 0.000       ms
[270.150s][info][gc,stats    ]    Critical: GC Locker Stall                                   0 / 0                 0 / 0                 0 / 0                 0 / 0           ops/s
[270.150s][info][gc,stats    ]    Critical: GC Locker Stall                               0.000 / 0.000         0.000 / 0.000         0.000 / 0.000         0.000 / 0.000       ms
[270.150s][info][gc,stats    ]    Critical: Relocation Stall                                  0 / 0                 0 / 0                 0 / 0                 0 / 0           ops/s
[270.150s][info][gc,stats    ]    Critical: Relocation Stall                              0.000 / 0.000         0.000 / 0.000         0.000 / 0.000         0.000 / 0.000       ms
[270.150s][info][gc,stats    ]      Memory: Allocation Rate                                 332 / 342             324 / 356             324 / 356             324 / 356         MB/s
[270.150s][info][gc,stats    ]      Memory: Defragment                                        0 / 0                 0 / 0                 0 / 0                 0 / 0           ops/s
[270.150s][info][gc,stats    ]      Memory: Out Of Memory                                     0 / 0                 0 / 0                 0 / 0                 0 / 0           ops/s
[270.150s][info][gc,stats    ]      Memory: Page Cache Flush                                  0 / 0                 0 / 0                 0 / 0                 0 / 0           MB/s
[270.150s][info][gc,stats    ]      Memory: Page Cache Hit L1                               167 / 175             159 / 190             159 / 190             159 / 190         ops/s
[270.150s][info][gc,stats    ]      Memory: Page Cache Hit L2                                 0 / 0                 0 / 0                 0 / 0                 0 / 0           ops/s
[270.150s][info][gc,stats    ]      Memory: Page Cache Hit L3                                 0 / 0                 3 / 152               3 / 152               3 / 152         ops/s
[270.150s][info][gc,stats    ]      Memory: Page Cache Miss                                   0 / 0                 0 / 87                0 / 87                0 / 87          ops/s
[270.150s][info][gc,stats    ]      Memory: Uncommit                                          0 / 0                 0 / 0                 0 / 0                 0 / 0           MB/s
[270.151s][info][gc,stats    ]      Memory: Undo Object Allocation Failed                     0 / 0                 0 / 0                 0 / 0                 0 / 0           ops/s
[270.151s][info][gc,stats    ]      Memory: Undo Object Allocation Succeeded                  0 / 0                 0 / 0                 0 / 0                 0 / 0           ops/s
[270.151s][info][gc,stats    ]      Memory: Undo Page Allocation                              0 / 0                 0 / 0                 0 / 0                 0 / 0           ops/s
[270.151s][info][gc,stats    ]       Phase: Concurrent Mark                               7.360 / 7.360        12.773 / 24.168       12.773 / 24.168       12.773 / 24.168      ms
[270.151s][info][gc,stats    ]       Phase: Concurrent Mark Continue                      0.000 / 0.000         0.000 / 0.000         0.000 / 0.000         0.000 / 0.000       ms
[270.151s][info][gc,stats    ]       Phase: Concurrent Mark Free                          0.001 / 0.001         0.001 / 0.002         0.001 / 0.002         0.001 / 0.002       ms
[270.151s][info][gc,stats    ]       Phase: Concurrent Process Non-Strong References      0.919 / 0.919         1.090 / 6.554         1.090 / 6.554         1.090 / 6.554       ms
[270.151s][info][gc,stats    ]       Phase: Concurrent Relocate                           4.049 / 4.049         3.525 / 4.601         3.525 / 4.601         3.525 / 4.601       ms
[270.151s][info][gc,stats    ]       Phase: Concurrent Reset Relocation Set               0.002 / 0.002         0.002 / 0.006         0.002 / 0.006         0.002 / 0.006       ms
[270.151s][info][gc,stats    ]       Phase: Concurrent Select Relocation Set              3.880 / 3.880         4.280 / 14.176        4.280 / 14.176        4.280 / 14.176      ms
[270.151s][info][gc,stats    ]       Phase: Pause Mark End                                0.024 / 0.024         0.023 / 0.034         0.023 / 0.034         0.023 / 0.034       ms
[270.151s][info][gc,stats    ]       Phase: Pause Mark Start                              0.018 / 0.018         0.018 / 0.021         0.018 / 0.021         0.018 / 0.021       ms
[270.151s][info][gc,stats    ]       Phase: Pause Relocate Start                          0.011 / 0.011         0.008 / 0.027         0.008 / 0.027         0.008 / 0.027       ms
[270.151s][info][gc,stats    ]    Subphase: Concurrent Classes Purge                      0.018 / 0.018         0.062 / 1.237         0.062 / 1.237         0.062 / 1.237       ms
[270.151s][info][gc,stats    ]    Subphase: Concurrent Classes Unlink                     0.628 / 0.628         0.737 / 4.999         0.737 / 4.999         0.737 / 4.999       ms
[270.151s][info][gc,stats    ]    Subphase: Concurrent Mark                               5.769 / 6.255        10.713 / 23.120       10.713 / 23.120       10.713 / 23.120      ms
[270.151s][info][gc,stats    ]    Subphase: Concurrent Mark Try Flush                     0.053 / 0.084         0.066 / 0.118         0.066 / 0.118         0.066 / 0.118       ms
[270.151s][info][gc,stats    ]    Subphase: Concurrent Mark Try Terminate                 1.631 / 2.030         4.246 / 16.705        4.246 / 16.705        4.246 / 16.705      ms
[270.151s][info][gc,stats    ]    Subphase: Concurrent References Enqueue                 0.000 / 0.000         0.001 / 0.005         0.001 / 0.005         0.001 / 0.005       ms
[270.151s][info][gc,stats    ]    Subphase: Concurrent References Process                 0.034 / 0.034         0.039 / 0.080         0.039 / 0.080         0.039 / 0.080       ms
[270.151s][info][gc,stats    ]    Subphase: Concurrent Roots ClassLoaderDataGraph         0.098 / 0.638         0.086 / 0.717         0.086 / 0.717         0.086 / 0.717       ms
[270.151s][info][gc,stats    ]    Subphase: Concurrent Roots CodeCache                    0.000 / 0.000         0.000 / 0.000         0.000 / 0.000         0.000 / 0.000       ms
[270.151s][info][gc,stats    ]    Subphase: Concurrent Roots JavaThreads                  0.560 / 1.015         0.476 / 1.054         0.476 / 1.054         0.476 / 1.054       ms
[270.151s][info][gc,stats    ]    Subphase: Concurrent Roots OopStorageSet                0.015 / 0.037         0.017 / 0.151         0.017 / 0.151         0.017 / 0.151       ms
[270.151s][info][gc,stats    ]    Subphase: Concurrent Weak Roots OopStorageSet           0.142 / 0.150         0.145 / 0.172         0.145 / 0.172         0.145 / 0.172       ms
[270.151s][info][gc,stats    ]    Subphase: Pause Mark Try Complete                       0.000 / 0.000         0.000 / 0.000         0.000 / 0.000         0.000 / 0.000       ms
[270.151s][info][gc,stats    ]      System: Java Threads                                     36 / 36               33 / 37               33 / 37               33 / 37          threads
[270.151s][info][gc,stats    ] =========================================================================================================================================================
[270.380s][info][gc,start    ] GC(40) Garbage Collection (System.gc())
[270.380s][info][gc,task     ] GC(40) Using 12 workers
[270.380s][info][gc,phases   ] GC(40) Pause Mark Start 0.019ms
[270.394s][info][gc,phases   ] GC(40) Concurrent Mark 14.396ms
[270.395s][info][gc,phases   ] GC(40) Pause Mark End 0.024ms
[270.395s][info][gc,phases   ] GC(40) Concurrent Mark Free 0.001ms
[270.396s][info][gc,phases   ] GC(40) Concurrent Process Non-Strong References 0.992ms
[270.396s][info][gc,phases   ] GC(40) Concurrent Reset Relocation Set 0.002ms
[270.400s][info][gc,phases   ] GC(40) Concurrent Select Relocation Set 3.928ms
[270.400s][info][gc,phases   ] GC(40) Pause Relocate Start 0.007ms
[270.404s][info][gc,phases   ] GC(40) Concurrent Relocate 4.009ms
[270.404s][info][gc,load     ] GC(40) Load: 0.00/0.00/0.00
[270.404s][info][gc,mmu      ] GC(40) MMU: 2ms/98.3%, 5ms/99.3%, 10ms/99.5%, 20ms/99.7%, 50ms/99.9%, 100ms/99.9%
[270.404s][info][gc,marking  ] GC(40) Mark: 8 stripe(s), 3 proactive flush(es), 1 terminate flush(es), 0 completion(s), 0 continuation(s) 
[270.404s][info][gc,marking  ] GC(40) Mark Stack Usage: 32M
[270.404s][info][gc,nmethod  ] GC(40) NMethods: 2001 registered, 380 unregistered
[270.404s][info][gc,metaspace] GC(40) Metaspace: 9M used, 10M committed, 1088M reserved
[270.404s][info][gc,ref      ] GC(40) Soft: 214 encountered, 0 discovered, 0 enqueued
[270.404s][info][gc,ref      ] GC(40) Weak: 799 encountered, 11 discovered, 0 enqueued
[270.404s][info][gc,ref      ] GC(40) Final: 0 encountered, 0 discovered, 0 enqueued
[270.404s][info][gc,ref      ] GC(40) Phantom: 27 encountered, 16 discovered, 0 enqueued
[270.404s][info][gc,reloc    ] GC(40) Small Pages: 1109 / 2218M, Empty: 2192M, Relocated: 4M, In-Place: 0
[270.404s][info][gc,reloc    ] GC(40) Medium Pages: 0 / 0M, Empty: 0M, Relocated: 0M, In-Place: 0
[270.404s][info][gc,reloc    ] GC(40) Large Pages: 0 / 0M, Empty: 0M, Relocated: 0M, In-Place: 0
[270.404s][info][gc,reloc    ] GC(40) Forwarding Usage: 1M
[270.404s][info][gc,heap     ] GC(40) Min Capacity: 8M(0%)
[270.404s][info][gc,heap     ] GC(40) Max Capacity: 30718M(100%)
[270.404s][info][gc,heap     ] GC(40) Soft Max Capacity: 30718M(100%)
[270.404s][info][gc,heap     ] GC(40)                Mark Start          Mark End        Relocate Start      Relocate End           High               Low         
[270.405s][info][gc,heap     ] GC(40)  Capacity:     2228M (7%)         2228M (7%)         2228M (7%)         2228M (7%)         2228M (7%)         2228M (7%)     
[270.405s][info][gc,heap     ] GC(40)      Free:    28500M (93%)       28500M (93%)       30692M (100%)      30694M (100%)      30694M (100%)      28500M (93%)    
[270.405s][info][gc,heap     ] GC(40)      Used:     2218M (7%)         2218M (7%)           26M (0%)           24M (0%)         2218M (7%)           24M (0%)     
[270.405s][info][gc,heap     ] GC(40)      Live:         -                 4M (0%)            4M (0%)            4M (0%)             -                  -          
[270.405s][info][gc,heap     ] GC(40) Allocated:         -                 0M (0%)            0M (0%)            0M (0%)             -                  -          
[270.405s][info][gc,heap     ] GC(40)   Garbage:         -              2213M (7%)           21M (0%)           19M (0%)             -                  -          
[270.405s][info][gc,heap     ] GC(40) Reclaimed:         -                  -              2192M (7%)         2194M (7%)             -                  -          
[270.405s][info][gc          ] GC(40) Garbage Collection (System.gc()) 2218M(7%)->24M(0%)
[277.000s][info][gc,start    ] GC(41) Garbage Collection (System.gc())
[277.000s][info][gc,task     ] GC(41) Using 12 workers
[277.000s][info][gc,phases   ] GC(41) Pause Mark Start 0.021ms
[277.011s][info][gc,phases   ] GC(41) Concurrent Mark 10.346ms
[277.011s][info][gc,phases   ] GC(41) Pause Mark End 0.023ms
[277.011s][info][gc,phases   ] GC(41) Concurrent Mark Free 0.001ms
[277.012s][info][gc,phases   ] GC(41) Concurrent Process Non-Strong References 1.016ms
[277.012s][info][gc,phases   ] GC(41) Concurrent Reset Relocation Set 0.003ms
[277.016s][info][gc,phases   ] GC(41) Concurrent Select Relocation Set 3.994ms
[277.017s][info][gc,phases   ] GC(41) Pause Relocate Start 0.010ms
[277.020s][info][gc,phases   ] GC(41) Concurrent Relocate 3.493ms
[277.020s][info][gc,load     ] GC(41) Load: 0.00/0.00/0.00
[277.020s][info][gc,mmu      ] GC(41) MMU: 2ms/98.3%, 5ms/99.3%, 10ms/99.5%, 20ms/99.7%, 50ms/99.9%, 100ms/99.9%
[277.020s][info][gc,marking  ] GC(41) Mark: 8 stripe(s), 2 proactive flush(es), 1 terminate flush(es), 0 completion(s), 0 continuation(s) 
[277.020s][info][gc,marking  ] GC(41) Mark Stack Usage: 32M
[277.020s][info][gc,nmethod  ] GC(41) NMethods: 2004 registered, 380 unregistered
[277.020s][info][gc,metaspace] GC(41) Metaspace: 9M used, 10M committed, 1088M reserved
[277.020s][info][gc,ref      ] GC(41) Soft: 214 encountered, 0 discovered, 0 enqueued
[277.020s][info][gc,ref      ] GC(41) Weak: 799 encountered, 14 discovered, 0 enqueued
[277.020s][info][gc,ref      ] GC(41) Final: 0 encountered, 0 discovered, 0 enqueued
[277.020s][info][gc,ref      ] GC(41) Phantom: 27 encountered, 16 discovered, 0 enqueued
[277.020s][info][gc,reloc    ] GC(41) Small Pages: 1109 / 2218M, Empty: 2192M, Relocated: 4M, In-Place: 0
[277.021s][info][gc,reloc    ] GC(41) Medium Pages: 0 / 0M, Empty: 0M, Relocated: 0M, In-Place: 0
[277.021s][info][gc,reloc    ] GC(41) Large Pages: 0 / 0M, Empty: 0M, Relocated: 0M, In-Place: 0
[277.021s][info][gc,reloc    ] GC(41) Forwarding Usage: 1M
[277.021s][info][gc,heap     ] GC(41) Min Capacity: 8M(0%)
[277.021s][info][gc,heap     ] GC(41) Max Capacity: 30718M(100%)
[277.021s][info][gc,heap     ] GC(41) Soft Max Capacity: 30718M(100%)
[277.021s][info][gc,heap     ] GC(41)                Mark Start          Mark End        Relocate Start      Relocate End           High               Low         
[277.021s][info][gc,heap     ] GC(41)  Capacity:     2228M (7%)         2228M (7%)         2228M (7%)         2228M (7%)         2228M (7%)         2228M (7%)     
[277.021s][info][gc,heap     ] GC(41)      Free:    28500M (93%)       28500M (93%)       30692M (100%)      30694M (100%)      30694M (100%)      28500M (93%)    
[277.021s][info][gc,heap     ] GC(41)      Used:     2218M (7%)         2218M (7%)           26M (0%)           24M (0%)         2218M (7%)           24M (0%)     
[277.021s][info][gc,heap     ] GC(41)      Live:         -                 4M (0%)            4M (0%)            4M (0%)             -                  -          
[277.021s][info][gc,heap     ] GC(41) Allocated:         -                 0M (0%)            0M (0%)            0M (0%)             -                  -          
[277.021s][info][gc,heap     ] GC(41)   Garbage:         -              2213M (7%)           21M (0%)           19M (0%)             -                  -          
[277.021s][info][gc,heap     ] GC(41) Reclaimed:         -                  -              2192M (7%)         2194M (7%)             -                  -          
[277.021s][info][gc          ] GC(41) Garbage Collection (System.gc()) 2218M(7%)->24M(0%)
[280.161s][info][gc,stats    ] === Garbage Collection Statistics =======================================================================================================================
[280.161s][info][gc,stats    ]                                                              Last 10s              Last 10m              Last 10h                Total
[280.161s][info][gc,stats    ]                                                              Avg / Max             Avg / Max             Avg / Max             Avg / Max
[280.161s][info][gc,stats    ]   Collector: Garbage Collection Cycle                     22.210 / 24.414       23.364 / 47.906       23.364 / 47.906       23.364 / 47.906      ms
[280.161s][info][gc,stats    ]  Contention: Mark Segment Reset Contention                     0 / 5                 0 / 10                0 / 10                0 / 10          ops/s
[280.161s][info][gc,stats    ]  Contention: Mark SeqNum Reset Contention                      0 / 0                 0 / 1                 0 / 1                 0 / 1           ops/s
[280.161s][info][gc,stats    ]    Critical: Allocation Stall                                  0 / 0                 0 / 0                 0 / 0                 0 / 0           ops/s
[280.161s][info][gc,stats    ]    Critical: Allocation Stall                              0.000 / 0.000         0.000 / 0.000         0.000 / 0.000         0.000 / 0.000       ms
[280.161s][info][gc,stats    ]    Critical: GC Locker Stall                                   0 / 0                 0 / 0                 0 / 0                 0 / 0           ops/s
[280.162s][info][gc,stats    ]    Critical: GC Locker Stall                               0.000 / 0.000         0.000 / 0.000         0.000 / 0.000         0.000 / 0.000       ms
[280.162s][info][gc,stats    ]    Critical: Relocation Stall                                  0 / 0                 0 / 0                 0 / 0                 0 / 0           ops/s
[280.162s][info][gc,stats    ]    Critical: Relocation Stall                              0.000 / 0.000         0.000 / 0.000         0.000 / 0.000         0.000 / 0.000       ms
[280.162s][info][gc,stats    ]      Memory: Allocation Rate                                 330 / 342             324 / 356             324 / 356             324 / 356         MB/s
[280.162s][info][gc,stats    ]      Memory: Defragment                                        0 / 0                 0 / 0                 0 / 0                 0 / 0           ops/s
[280.162s][info][gc,stats    ]      Memory: Out Of Memory                                     0 / 0                 0 / 0                 0 / 0                 0 / 0           ops/s
[280.162s][info][gc,stats    ]      Memory: Page Cache Flush                                  0 / 0                 0 / 0                 0 / 0                 0 / 0           MB/s
[280.162s][info][gc,stats    ]      Memory: Page Cache Hit L1                               167 / 183             160 / 190             160 / 190             160 / 190         ops/s
[280.162s][info][gc,stats    ]      Memory: Page Cache Hit L2                                 0 / 0                 0 / 0                 0 / 0                 0 / 0           ops/s
[280.162s][info][gc,stats    ]      Memory: Page Cache Hit L3                                 0 / 0                 3 / 152               3 / 152               3 / 152         ops/s
[280.162s][info][gc,stats    ]      Memory: Page Cache Miss                                   0 / 0                 0 / 87                0 / 87                0 / 87          ops/s
[280.162s][info][gc,stats    ]      Memory: Uncommit                                          0 / 0                 0 / 0                 0 / 0                 0 / 0           MB/s
[280.162s][info][gc,stats    ]      Memory: Undo Object Allocation Failed                     0 / 0                 0 / 0                 0 / 0                 0 / 0           ops/s
[280.162s][info][gc,stats    ]      Memory: Undo Object Allocation Succeeded                  0 / 0                 0 / 0                 0 / 0                 0 / 0           ops/s
[280.162s][info][gc,stats    ]      Memory: Undo Page Allocation                              0 / 0                 0 / 0                 0 / 0                 0 / 0           ops/s
[280.162s][info][gc,stats    ]       Phase: Concurrent Mark                              12.371 / 14.396       12.754 / 24.168       12.754 / 24.168       12.754 / 24.168      ms
[280.162s][info][gc,stats    ]       Phase: Concurrent Mark Continue                      0.000 / 0.000         0.000 / 0.000         0.000 / 0.000         0.000 / 0.000       ms
[280.162s][info][gc,stats    ]       Phase: Concurrent Mark Free                          0.001 / 0.001         0.001 / 0.002         0.001 / 0.002         0.001 / 0.002       ms
[280.162s][info][gc,stats    ]       Phase: Concurrent Process Non-Strong References      1.004 / 1.016         1.086 / 6.554         1.086 / 6.554         1.086 / 6.554       ms
[280.162s][info][gc,stats    ]       Phase: Concurrent Relocate                           3.751 / 4.009         3.536 / 4.601         3.536 / 4.601         3.536 / 4.601       ms
[280.162s][info][gc,stats    ]       Phase: Concurrent Reset Relocation Set               0.003 / 0.003         0.002 / 0.006         0.002 / 0.006         0.002 / 0.006       ms
[280.162s][info][gc,stats    ]       Phase: Concurrent Select Relocation Set              3.961 / 3.994         4.265 / 14.176        4.265 / 14.176        4.265 / 14.176      ms
[280.162s][info][gc,stats    ]       Phase: Pause Mark End                                0.024 / 0.024         0.023 / 0.034         0.023 / 0.034         0.023 / 0.034       ms
[280.162s][info][gc,stats    ]       Phase: Pause Mark Start                              0.020 / 0.021         0.018 / 0.021         0.018 / 0.021         0.018 / 0.021       ms
[280.162s][info][gc,stats    ]       Phase: Pause Relocate Start                          0.009 / 0.010         0.008 / 0.027         0.008 / 0.027         0.008 / 0.027       ms
[280.162s][info][gc,stats    ]    Subphase: Concurrent Classes Purge                      0.005 / 0.005         0.059 / 1.237         0.059 / 1.237         0.059 / 1.237       ms
[280.162s][info][gc,stats    ]    Subphase: Concurrent Classes Unlink                     0.685 / 0.711         0.735 / 4.999         0.735 / 4.999         0.735 / 4.999       ms
[280.163s][info][gc,stats    ]    Subphase: Concurrent Mark                              10.720 / 13.339       10.714 / 23.120       10.714 / 23.120       10.714 / 23.120      ms
[280.163s][info][gc,stats    ]    Subphase: Concurrent Mark Try Flush                     0.053 / 0.096         0.065 / 0.118         0.065 / 0.118         0.065 / 0.118       ms
[280.163s][info][gc,stats    ]    Subphase: Concurrent Mark Try Terminate                 7.029 / 10.569        4.329 / 16.705        4.329 / 16.705        4.329 / 16.705      ms
[280.163s][info][gc,stats    ]    Subphase: Concurrent References Enqueue                 0.000 / 0.000         0.001 / 0.005         0.001 / 0.005         0.001 / 0.005       ms
[280.163s][info][gc,stats    ]    Subphase: Concurrent References Process                 0.040 / 0.040         0.039 / 0.080         0.039 / 0.080         0.039 / 0.080       ms
[280.163s][info][gc,stats    ]    Subphase: Concurrent Roots ClassLoaderDataGraph         0.092 / 0.680         0.086 / 0.717         0.086 / 0.717         0.086 / 0.717       ms
[280.163s][info][gc,stats    ]    Subphase: Concurrent Roots CodeCache                    0.000 / 0.000         0.000 / 0.000         0.000 / 0.000         0.000 / 0.000       ms
[280.163s][info][gc,stats    ]    Subphase: Concurrent Roots JavaThreads                  0.529 / 1.025         0.478 / 1.054         0.478 / 1.054         0.478 / 1.054       ms
[280.163s][info][gc,stats    ]    Subphase: Concurrent Roots OopStorageSet                0.016 / 0.046         0.017 / 0.151         0.017 / 0.151         0.017 / 0.151       ms
[280.163s][info][gc,stats    ]    Subphase: Concurrent Weak Roots OopStorageSet           0.153 / 0.163         0.146 / 0.172         0.146 / 0.172         0.146 / 0.172       ms
[280.163s][info][gc,stats    ]    Subphase: Pause Mark Try Complete                       0.000 / 0.000         0.000 / 0.000         0.000 / 0.000         0.000 / 0.000       ms
[280.163s][info][gc,stats    ]      System: Java Threads                                     36 / 36               33 / 37               33 / 37               33 / 37          threads
[280.163s][info][gc,stats    ] =========================================================================================================================================================
[283.841s][info][gc,start    ] GC(42) Garbage Collection (System.gc())
[283.841s][info][gc,task     ] GC(42) Using 12 workers
[283.841s][info][gc,phases   ] GC(42) Pause Mark Start 0.017ms
[283.856s][info][gc,phases   ] GC(42) Concurrent Mark 14.300ms
[283.856s][info][gc,phases   ] GC(42) Pause Mark End 0.023ms
[283.856s][info][gc,phases   ] GC(42) Concurrent Mark Free 0.001ms
[283.857s][info][gc,phases   ] GC(42) Concurrent Process Non-Strong References 0.950ms
[283.857s][info][gc,phases   ] GC(42) Concurrent Reset Relocation Set 0.002ms
[283.861s][info][gc,phases   ] GC(42) Concurrent Select Relocation Set 3.825ms
[283.861s][info][gc,phases   ] GC(42) Pause Relocate Start 0.009ms
[283.864s][info][gc,phases   ] GC(42) Concurrent Relocate 2.459ms
[283.864s][info][gc,load     ] GC(42) Load: 0.00/0.00/0.00
[283.864s][info][gc,mmu      ] GC(42) MMU: 2ms/98.3%, 5ms/99.3%, 10ms/99.5%, 20ms/99.7%, 50ms/99.9%, 100ms/99.9%
[283.864s][info][gc,marking  ] GC(42) Mark: 8 stripe(s), 1 proactive flush(es), 1 terminate flush(es), 0 completion(s), 0 continuation(s) 
[283.864s][info][gc,marking  ] GC(42) Mark Stack Usage: 32M
[283.864s][info][gc,nmethod  ] GC(42) NMethods: 2007 registered, 381 unregistered
[283.864s][info][gc,metaspace] GC(42) Metaspace: 9M used, 10M committed, 1088M reserved
[283.864s][info][gc,ref      ] GC(42) Soft: 214 encountered, 0 discovered, 0 enqueued
[283.864s][info][gc,ref      ] GC(42) Weak: 812 encountered, 31 discovered, 4 enqueued
[283.864s][info][gc,ref      ] GC(42) Final: 0 encountered, 0 discovered, 0 enqueued
[283.864s][info][gc,ref      ] GC(42) Phantom: 27 encountered, 21 discovered, 0 enqueued
[283.864s][info][gc,reloc    ] GC(42) Small Pages: 1111 / 2222M, Empty: 2188M, Relocated: 3M, In-Place: 0
[283.864s][info][gc,reloc    ] GC(42) Medium Pages: 0 / 0M, Empty: 0M, Relocated: 0M, In-Place: 0
[283.864s][info][gc,reloc    ] GC(42) Large Pages: 0 / 0M, Empty: 0M, Relocated: 0M, In-Place: 0
[283.864s][info][gc,reloc    ] GC(42) Forwarding Usage: 1M
[283.864s][info][gc,heap     ] GC(42) Min Capacity: 8M(0%)
[283.864s][info][gc,heap     ] GC(42) Max Capacity: 30718M(100%)
[283.864s][info][gc,heap     ] GC(42) Soft Max Capacity: 30718M(100%)
[283.864s][info][gc,heap     ] GC(42)                Mark Start          Mark End        Relocate Start      Relocate End           High               Low         
[283.864s][info][gc,heap     ] GC(42)  Capacity:     2228M (7%)         2228M (7%)         2228M (7%)         2228M (7%)         2228M (7%)         2228M (7%)     
[283.864s][info][gc,heap     ] GC(42)      Free:    28496M (93%)       28496M (93%)       30684M (100%)      30692M (100%)      30692M (100%)      28496M (93%)    
[283.864s][info][gc,heap     ] GC(42)      Used:     2222M (7%)         2222M (7%)           34M (0%)           26M (0%)         2222M (7%)           26M (0%)     
[283.864s][info][gc,heap     ] GC(42)      Live:         -                 4M (0%)            4M (0%)            4M (0%)             -                  -          
[283.864s][info][gc,heap     ] GC(42) Allocated:         -                 0M (0%)            0M (0%)            0M (0%)             -                  -          
[283.864s][info][gc,heap     ] GC(42)   Garbage:         -              2217M (7%)           29M (0%)           21M (0%)             -                  -          
[283.864s][info][gc,heap     ] GC(42) Reclaimed:         -                  -              2188M (7%)         2196M (7%)             -                  -          
[283.864s][info][gc          ] GC(42) Garbage Collection (System.gc()) 2222M(7%)->26M(0%)
[290.146s][info][gc,stats    ] === Garbage Collection Statistics =======================================================================================================================
[290.146s][info][gc,stats    ]                                                              Last 10s              Last 10m              Last 10h                Total
[290.146s][info][gc,stats    ]                                                              Avg / Max             Avg / Max             Avg / Max             Avg / Max
[290.146s][info][gc,stats    ]   Collector: Garbage Collection Cycle                     22.556 / 22.556       23.346 / 47.906       23.346 / 47.906       23.346 / 47.906      ms
[290.146s][info][gc,stats    ]  Contention: Mark Segment Reset Contention                     0 / 1                 0 / 10                0 / 10                0 / 10          ops/s
[290.146s][info][gc,stats    ]  Contention: Mark SeqNum Reset Contention                      0 / 0                 0 / 1                 0 / 1                 0 / 1           ops/s
[290.146s][info][gc,stats    ]    Critical: Allocation Stall                                  0 / 0                 0 / 0                 0 / 0                 0 / 0           ops/s
[290.146s][info][gc,stats    ]    Critical: Allocation Stall                              0.000 / 0.000         0.000 / 0.000         0.000 / 0.000         0.000 / 0.000       ms
[290.146s][info][gc,stats    ]    Critical: GC Locker Stall                                   0 / 0                 0 / 0                 0 / 0                 0 / 0           ops/s
[290.146s][info][gc,stats    ]    Critical: GC Locker Stall                               0.000 / 0.000         0.000 / 0.000         0.000 / 0.000         0.000 / 0.000       ms
[290.146s][info][gc,stats    ]    Critical: Relocation Stall                                  0 / 0                 0 / 0                 0 / 0                 0 / 0           ops/s
[290.146s][info][gc,stats    ]    Critical: Relocation Stall                              0.000 / 0.000         0.000 / 0.000         0.000 / 0.000         0.000 / 0.000       ms
[290.146s][info][gc,stats    ]      Memory: Allocation Rate                                 321 / 340             324 / 356             324 / 356             324 / 356         MB/s
[290.146s][info][gc,stats    ]      Memory: Defragment                                        0 / 0                 0 / 0                 0 / 0                 0 / 0           ops/s
[290.146s][info][gc,stats    ]      Memory: Out Of Memory                                     0 / 0                 0 / 0                 0 / 0                 0 / 0           ops/s
[290.146s][info][gc,stats    ]      Memory: Page Cache Flush                                  0 / 0                 0 / 0                 0 / 0                 0 / 0           MB/s
[290.146s][info][gc,stats    ]      Memory: Page Cache Hit L1                               162 / 182             160 / 190             160 / 190             160 / 190         ops/s
[290.146s][info][gc,stats    ]      Memory: Page Cache Hit L2                                 0 / 0                 0 / 0                 0 / 0                 0 / 0           ops/s
[290.146s][info][gc,stats    ]      Memory: Page Cache Hit L3                                 0 / 0                 3 / 152               3 / 152               3 / 152         ops/s
[290.147s][info][gc,stats    ]      Memory: Page Cache Miss                                   0 / 0                 0 / 87                0 / 87                0 / 87          ops/s
[290.147s][info][gc,stats    ]      Memory: Uncommit                                          0 / 0                 0 / 0                 0 / 0                 0 / 0           MB/s
[290.147s][info][gc,stats    ]      Memory: Undo Object Allocation Failed                     0 / 0                 0 / 0                 0 / 0                 0 / 0           ops/s
[290.147s][info][gc,stats    ]      Memory: Undo Object Allocation Succeeded                  0 / 0                 0 / 0                 0 / 0                 0 / 0           ops/s
[290.147s][info][gc,stats    ]      Memory: Undo Page Allocation                              0 / 0                 0 / 0                 0 / 0                 0 / 0           ops/s
[290.147s][info][gc,stats    ]       Phase: Concurrent Mark                              14.300 / 14.300       12.790 / 24.168       12.790 / 24.168       12.790 / 24.168      ms
[290.147s][info][gc,stats    ]       Phase: Concurrent Mark Continue                      0.000 / 0.000         0.000 / 0.000         0.000 / 0.000         0.000 / 0.000       ms
[290.147s][info][gc,stats    ]       Phase: Concurrent Mark Free                          0.001 / 0.001         0.001 / 0.002         0.001 / 0.002         0.001 / 0.002       ms
[290.147s][info][gc,stats    ]       Phase: Concurrent Process Non-Strong References      0.950 / 0.950         1.082 / 6.554         1.082 / 6.554         1.082 / 6.554       ms
[290.147s][info][gc,stats    ]       Phase: Concurrent Relocate                           2.459 / 2.459         3.511 / 4.601         3.511 / 4.601         3.511 / 4.601       ms
[290.147s][info][gc,stats    ]       Phase: Concurrent Reset Relocation Set               0.002 / 0.002         0.002 / 0.006         0.002 / 0.006         0.002 / 0.006       ms
[290.147s][info][gc,stats    ]       Phase: Concurrent Select Relocation Set              3.825 / 3.825         4.255 / 14.176        4.255 / 14.176        4.255 / 14.176      ms
[290.147s][info][gc,stats    ]       Phase: Pause Mark End                                0.023 / 0.023         0.023 / 0.034         0.023 / 0.034         0.023 / 0.034       ms
[290.147s][info][gc,stats    ]       Phase: Pause Mark Start                              0.017 / 0.017         0.018 / 0.021         0.018 / 0.021         0.018 / 0.021       ms
[290.147s][info][gc,stats    ]       Phase: Pause Relocate Start                          0.009 / 0.009         0.008 / 0.027         0.008 / 0.027         0.008 / 0.027       ms
[290.147s][info][gc,stats    ]    Subphase: Concurrent Classes Purge                      0.014 / 0.014         0.058 / 1.237         0.058 / 1.237         0.058 / 1.237       ms
[290.147s][info][gc,stats    ]    Subphase: Concurrent Classes Unlink                     0.620 / 0.620         0.732 / 4.999         0.732 / 4.999         0.732 / 4.999       ms
[290.147s][info][gc,stats    ]    Subphase: Concurrent Mark                              12.739 / 13.309       10.761 / 23.120       10.761 / 23.120       10.761 / 23.120      ms
[290.147s][info][gc,stats    ]    Subphase: Concurrent Mark Try Flush                     0.069 / 0.091         0.065 / 0.118         0.065 / 0.118         0.065 / 0.118       ms
[290.147s][info][gc,stats    ]    Subphase: Concurrent Mark Try Terminate                 9.144 / 11.417        4.399 / 16.705        4.399 / 16.705        4.399 / 16.705      ms
[290.147s][info][gc,stats    ]    Subphase: Concurrent References Enqueue                 0.005 / 0.005         0.001 / 0.005         0.001 / 0.005         0.001 / 0.005       ms
[290.147s][info][gc,stats    ]    Subphase: Concurrent References Process                 0.035 / 0.035         0.039 / 0.080         0.039 / 0.080         0.039 / 0.080       ms
[290.147s][info][gc,stats    ]    Subphase: Concurrent Roots ClassLoaderDataGraph         0.095 / 0.617         0.087 / 0.717         0.087 / 0.717         0.087 / 0.717       ms
[290.147s][info][gc,stats    ]    Subphase: Concurrent Roots CodeCache                    0.000 / 0.000         0.000 / 0.000         0.000 / 0.000         0.000 / 0.000       ms
[290.147s][info][gc,stats    ]    Subphase: Concurrent Roots JavaThreads                  0.461 / 0.899         0.478 / 1.054         0.478 / 1.054         0.478 / 1.054       ms
[290.147s][info][gc,stats    ]    Subphase: Concurrent Roots OopStorageSet                0.013 / 0.042         0.016 / 0.151         0.016 / 0.151         0.016 / 0.151       ms
[290.147s][info][gc,stats    ]    Subphase: Concurrent Weak Roots OopStorageSet           0.146 / 0.154         0.146 / 0.172         0.146 / 0.172         0.146 / 0.172       ms
[290.147s][info][gc,stats    ]    Subphase: Pause Mark Try Complete                       0.000 / 0.000         0.000 / 0.000         0.000 / 0.000         0.000 / 0.000       ms
[290.147s][info][gc,stats    ]      System: Java Threads                                     38 / 38               33 / 38               33 / 38               33 / 38          threads
[290.147s][info][gc,stats    ] =========================================================================================================================================================
[290.580s][info][gc,start    ] GC(43) Garbage Collection (System.gc())
[290.580s][info][gc,task     ] GC(43) Using 12 workers
[290.581s][info][gc,phases   ] GC(43) Pause Mark Start 0.018ms
[290.588s][info][gc,phases   ] GC(43) Concurrent Mark 7.534ms
[290.588s][info][gc,phases   ] GC(43) Pause Mark End 0.024ms
[290.589s][info][gc,phases   ] GC(43) Concurrent Mark Free 0.001ms
[290.590s][info][gc,phases   ] GC(43) Concurrent Process Non-Strong References 0.965ms
[290.590s][info][gc,phases   ] GC(43) Concurrent Reset Relocation Set 0.003ms
[290.594s][info][gc,phases   ] GC(43) Concurrent Select Relocation Set 3.956ms
[290.594s][info][gc,phases   ] GC(43) Pause Relocate Start 0.006ms
[290.597s][info][gc,phases   ] GC(43) Concurrent Relocate 2.884ms
[290.597s][info][gc,load     ] GC(43) Load: 0.00/0.00/0.00
[290.597s][info][gc,mmu      ] GC(43) MMU: 2ms/98.3%, 5ms/99.3%, 10ms/99.5%, 20ms/99.7%, 50ms/99.9%, 100ms/99.9%
[290.597s][info][gc,marking  ] GC(43) Mark: 8 stripe(s), 1 proactive flush(es), 1 terminate flush(es), 0 completion(s), 0 continuation(s) 
[290.597s][info][gc,marking  ] GC(43) Mark Stack Usage: 32M
[290.597s][info][gc,nmethod  ] GC(43) NMethods: 2012 registered, 381 unregistered
[290.597s][info][gc,metaspace] GC(43) Metaspace: 9M used, 10M committed, 1088M reserved
[290.597s][info][gc,ref      ] GC(43) Soft: 214 encountered, 0 discovered, 0 enqueued
[290.597s][info][gc,ref      ] GC(43) Weak: 808 encountered, 24 discovered, 0 enqueued
[290.597s][info][gc,ref      ] GC(43) Final: 0 encountered, 0 discovered, 0 enqueued
[290.597s][info][gc,ref      ] GC(43) Phantom: 27 encountered, 17 discovered, 0 enqueued
[290.597s][info][gc,reloc    ] GC(43) Small Pages: 1108 / 2216M, Empty: 2188M, Relocated: 3M, In-Place: 0
[290.597s][info][gc,reloc    ] GC(43) Medium Pages: 0 / 0M, Empty: 0M, Relocated: 0M, In-Place: 0
[290.597s][info][gc,reloc    ] GC(43) Large Pages: 0 / 0M, Empty: 0M, Relocated: 0M, In-Place: 0
[290.597s][info][gc,reloc    ] GC(43) Forwarding Usage: 1M
[290.597s][info][gc,heap     ] GC(43) Min Capacity: 8M(0%)
[290.597s][info][gc,heap     ] GC(43) Max Capacity: 30718M(100%)
[290.597s][info][gc,heap     ] GC(43) Soft Max Capacity: 30718M(100%)
[290.597s][info][gc,heap     ] GC(43)                Mark Start          Mark End        Relocate Start      Relocate End           High               Low         
[290.597s][info][gc,heap     ] GC(43)  Capacity:     2228M (7%)         2228M (7%)         2228M (7%)         2228M (7%)         2228M (7%)         2228M (7%)     
[290.597s][info][gc,heap     ] GC(43)      Free:    28502M (93%)       28502M (93%)       30690M (100%)      30692M (100%)      30692M (100%)      28502M (93%)    
[290.597s][info][gc,heap     ] GC(43)      Used:     2216M (7%)         2216M (7%)           28M (0%)           26M (0%)         2216M (7%)           26M (0%)     
[290.597s][info][gc,heap     ] GC(43)      Live:         -                 4M (0%)            4M (0%)            4M (0%)             -                  -          
[290.598s][info][gc,heap     ] GC(43) Allocated:         -                 0M (0%)            0M (0%)            0M (0%)             -                  -          
[290.598s][info][gc,heap     ] GC(43)   Garbage:         -              2211M (7%)           23M (0%)           21M (0%)             -                  -          
[290.598s][info][gc,heap     ] GC(43) Reclaimed:         -                  -              2188M (7%)         2190M (7%)             -                  -          
[290.598s][info][gc          ] GC(43) Garbage Collection (System.gc()) 2216M(7%)->26M(0%)
[297.238s][info][gc,start    ] GC(44) Garbage Collection (System.gc())
[297.239s][info][gc,task     ] GC(44) Using 12 workers
[297.239s][info][gc,phases   ] GC(44) Pause Mark Start 0.019ms
[297.257s][info][gc,phases   ] GC(44) Concurrent Mark 18.082ms
[297.257s][info][gc,phases   ] GC(44) Pause Mark End 0.023ms
[297.257s][info][gc,phases   ] GC(44) Concurrent Mark Free 0.001ms
[297.258s][info][gc,phases   ] GC(44) Concurrent Process Non-Strong References 0.962ms
[297.258s][info][gc,phases   ] GC(44) Concurrent Reset Relocation Set 0.002ms
[297.262s][info][gc,phases   ] GC(44) Concurrent Select Relocation Set 3.933ms
[297.262s][info][gc,phases   ] GC(44) Pause Relocate Start 0.007ms
[297.266s][info][gc,phases   ] GC(44) Concurrent Relocate 3.416ms
[297.266s][info][gc,load     ] GC(44) Load: 0.00/0.00/0.00
[297.266s][info][gc,mmu      ] GC(44) MMU: 2ms/98.3%, 5ms/99.3%, 10ms/99.5%, 20ms/99.7%, 50ms/99.9%, 100ms/99.9%
[297.266s][info][gc,marking  ] GC(44) Mark: 8 stripe(s), 1 proactive flush(es), 1 terminate flush(es), 0 completion(s), 0 continuation(s) 
[297.266s][info][gc,marking  ] GC(44) Mark Stack Usage: 32M
[297.266s][info][gc,nmethod  ] GC(44) NMethods: 2011 registered, 383 unregistered
[297.266s][info][gc,metaspace] GC(44) Metaspace: 9M used, 10M committed, 1088M reserved
[297.266s][info][gc,ref      ] GC(44) Soft: 214 encountered, 0 discovered, 0 enqueued
[297.266s][info][gc,ref      ] GC(44) Weak: 808 encountered, 14 discovered, 0 enqueued
[297.266s][info][gc,ref      ] GC(44) Final: 0 encountered, 0 discovered, 0 enqueued
[297.266s][info][gc,ref      ] GC(44) Phantom: 27 encountered, 20 discovered, 0 enqueued
[297.266s][info][gc,reloc    ] GC(44) Small Pages: 1106 / 2212M, Empty: 2184M, Relocated: 3M, In-Place: 0
[297.266s][info][gc,reloc    ] GC(44) Medium Pages: 0 / 0M, Empty: 0M, Relocated: 0M, In-Place: 0
[297.266s][info][gc,reloc    ] GC(44) Large Pages: 0 / 0M, Empty: 0M, Relocated: 0M, In-Place: 0
[297.266s][info][gc,reloc    ] GC(44) Forwarding Usage: 1M
[297.266s][info][gc,heap     ] GC(44) Min Capacity: 8M(0%)
[297.266s][info][gc,heap     ] GC(44) Max Capacity: 30718M(100%)
[297.266s][info][gc,heap     ] GC(44) Soft Max Capacity: 30718M(100%)
[297.266s][info][gc,heap     ] GC(44)                Mark Start          Mark End        Relocate Start      Relocate End           High               Low         
[297.266s][info][gc,heap     ] GC(44)  Capacity:     2228M (7%)         2228M (7%)         2228M (7%)         2228M (7%)         2228M (7%)         2228M (7%)     
[297.267s][info][gc,heap     ] GC(44)      Free:    28506M (93%)       28506M (93%)       30690M (100%)      30692M (100%)      30692M (100%)      28506M (93%)    
[297.267s][info][gc,heap     ] GC(44)      Used:     2212M (7%)         2212M (7%)           28M (0%)           26M (0%)         2212M (7%)           26M (0%)     
[297.267s][info][gc,heap     ] GC(44)      Live:         -                 4M (0%)            4M (0%)            4M (0%)             -                  -          
[297.267s][info][gc,heap     ] GC(44) Allocated:         -                 0M (0%)            0M (0%)            0M (0%)             -                  -          
[297.267s][info][gc,heap     ] GC(44)   Garbage:         -              2207M (7%)           23M (0%)           21M (0%)             -                  -          
[297.267s][info][gc,heap     ] GC(44) Reclaimed:         -                  -              2184M (7%)         2186M (7%)             -                  -          
[297.267s][info][gc          ] GC(44) Garbage Collection (System.gc()) 2212M(7%)->26M(0%)
[300.147s][info][gc,stats    ] === Garbage Collection Statistics =======================================================================================================================
[300.147s][info][gc,stats    ]                                                              Last 10s              Last 10m              Last 10h                Total
[300.147s][info][gc,stats    ]                                                              Avg / Max             Avg / Max             Avg / Max             Avg / Max
[300.147s][info][gc,stats    ]   Collector: Garbage Collection Cycle                     22.002 / 27.496       23.286 / 47.906       23.286 / 47.906       23.286 / 47.906      ms
[300.147s][info][gc,stats    ]  Contention: Mark Segment Reset Contention                     0 / 1                 0 / 10                0 / 10                0 / 10          ops/s
[300.147s][info][gc,stats    ]  Contention: Mark SeqNum Reset Contention                      0 / 0                 0 / 1                 0 / 1                 0 / 1           ops/s
[300.147s][info][gc,stats    ]    Critical: Allocation Stall                                  0 / 0                 0 / 0                 0 / 0                 0 / 0           ops/s
[300.147s][info][gc,stats    ]    Critical: Allocation Stall                              0.000 / 0.000         0.000 / 0.000         0.000 / 0.000         0.000 / 0.000       ms
[300.147s][info][gc,stats    ]    Critical: GC Locker Stall                                   0 / 0                 0 / 0                 0 / 0                 0 / 0           ops/s
[300.147s][info][gc,stats    ]    Critical: GC Locker Stall                               0.000 / 0.000         0.000 / 0.000         0.000 / 0.000         0.000 / 0.000       ms
[300.147s][info][gc,stats    ]    Critical: Relocation Stall                                  0 / 0                 0 / 0                 0 / 0                 0 / 0           ops/s
[300.147s][info][gc,stats    ]    Critical: Relocation Stall                              0.000 / 0.000         0.000 / 0.000         0.000 / 0.000         0.000 / 0.000       ms
[300.147s][info][gc,stats    ]      Memory: Allocation Rate                                 327 / 338             324 / 356             324 / 356             324 / 356         MB/s
[300.147s][info][gc,stats    ]      Memory: Defragment                                        0 / 0                 0 / 0                 0 / 0                 0 / 0           ops/s
[300.147s][info][gc,stats    ]      Memory: Out Of Memory                                     0 / 0                 0 / 0                 0 / 0                 0 / 0           ops/s
[300.147s][info][gc,stats    ]      Memory: Page Cache Flush                                  0 / 0                 0 / 0                 0 / 0                 0 / 0           MB/s
[300.147s][info][gc,stats    ]      Memory: Page Cache Hit L1                               166 / 176             160 / 190             160 / 190             160 / 190         ops/s
[300.147s][info][gc,stats    ]      Memory: Page Cache Hit L2                                 0 / 0                 0 / 0                 0 / 0                 0 / 0           ops/s
[300.147s][info][gc,stats    ]      Memory: Page Cache Hit L3                                 0 / 0                 3 / 152               3 / 152               3 / 152         ops/s
[300.147s][info][gc,stats    ]      Memory: Page Cache Miss                                   0 / 0                 0 / 87                0 / 87                0 / 87          ops/s
[300.147s][info][gc,stats    ]      Memory: Uncommit                                          0 / 0                 0 / 0                 0 / 0                 0 / 0           MB/s
[300.147s][info][gc,stats    ]      Memory: Undo Object Allocation Failed                     0 / 0                 0 / 0                 0 / 0                 0 / 0           ops/s
[300.147s][info][gc,stats    ]      Memory: Undo Object Allocation Succeeded                  0 / 0                 0 / 0                 0 / 0                 0 / 0           ops/s
[300.147s][info][gc,stats    ]      Memory: Undo Page Allocation                              0 / 0                 0 / 0                 0 / 0                 0 / 0           ops/s
[300.147s][info][gc,stats    ]       Phase: Concurrent Mark                              12.808 / 18.082       12.791 / 24.168       12.791 / 24.168       12.791 / 24.168      ms
[300.147s][info][gc,stats    ]       Phase: Concurrent Mark Continue                      0.000 / 0.000         0.000 / 0.000         0.000 / 0.000         0.000 / 0.000       ms
[300.148s][info][gc,stats    ]       Phase: Concurrent Mark Free                          0.001 / 0.001         0.001 / 0.002         0.001 / 0.002         0.001 / 0.002       ms
[300.148s][info][gc,stats    ]       Phase: Concurrent Process Non-Strong References      0.963 / 0.965         1.077 / 6.554         1.077 / 6.554         1.077 / 6.554       ms
[300.148s][info][gc,stats    ]       Phase: Concurrent Relocate                           3.150 / 3.416         3.495 / 4.601         3.495 / 4.601         3.495 / 4.601       ms
[300.148s][info][gc,stats    ]       Phase: Concurrent Reset Relocation Set               0.003 / 0.003         0.002 / 0.006         0.002 / 0.006         0.002 / 0.006       ms
[300.148s][info][gc,stats    ]       Phase: Concurrent Select Relocation Set              3.945 / 3.956         4.241 / 14.176        4.241 / 14.176        4.241 / 14.176      ms
[300.148s][info][gc,stats    ]       Phase: Pause Mark End                                0.024 / 0.024         0.023 / 0.034         0.023 / 0.034         0.023 / 0.034       ms
[300.148s][info][gc,stats    ]       Phase: Pause Mark Start                              0.018 / 0.019         0.018 / 0.021         0.018 / 0.021         0.018 / 0.021       ms
[300.148s][info][gc,stats    ]       Phase: Pause Relocate Start                          0.007 / 0.007         0.008 / 0.027         0.008 / 0.027         0.008 / 0.027       ms
[300.148s][info][gc,stats    ]    Subphase: Concurrent Classes Purge                      0.015 / 0.026         0.056 / 1.237         0.056 / 1.237         0.056 / 1.237       ms
[300.148s][info][gc,stats    ]    Subphase: Concurrent Classes Unlink                     0.670 / 0.679         0.729 / 4.999         0.729 / 4.999         0.729 / 4.999       ms
[300.148s][info][gc,stats    ]    Subphase: Concurrent Mark                              11.233 / 16.989       10.782 / 23.120       10.782 / 23.120       10.782 / 23.120      ms
[300.148s][info][gc,stats    ]    Subphase: Concurrent Mark Try Flush                     0.083 / 0.098         0.066 / 0.118         0.066 / 0.118         0.066 / 0.118       ms
[300.148s][info][gc,stats    ]    Subphase: Concurrent Mark Try Terminate                 7.916 / 15.183        4.498 / 16.705        4.498 / 16.705        4.498 / 16.705      ms
[300.148s][info][gc,stats    ]    Subphase: Concurrent References Enqueue                 0.000 / 0.000         0.001 / 0.005         0.001 / 0.005         0.001 / 0.005       ms
[300.148s][info][gc,stats    ]    Subphase: Concurrent References Process                 0.040 / 0.041         0.039 / 0.080         0.039 / 0.080         0.039 / 0.080       ms
[300.148s][info][gc,stats    ]    Subphase: Concurrent Roots ClassLoaderDataGraph         0.061 / 0.478         0.085 / 0.717         0.085 / 0.717         0.085 / 0.717       ms
[300.148s][info][gc,stats    ]    Subphase: Concurrent Roots CodeCache                    0.000 / 0.000         0.000 / 0.000         0.000 / 0.000         0.000 / 0.000       ms
[300.148s][info][gc,stats    ]    Subphase: Concurrent Roots JavaThreads                  0.544 / 1.033         0.481 / 1.054         0.481 / 1.054         0.481 / 1.054       ms
[300.148s][info][gc,stats    ]    Subphase: Concurrent Roots OopStorageSet                0.015 / 0.037         0.016 / 0.151         0.016 / 0.151         0.016 / 0.151       ms
[300.148s][info][gc,stats    ]    Subphase: Concurrent Weak Roots OopStorageSet           0.129 / 0.138         0.145 / 0.172         0.145 / 0.172         0.145 / 0.172       ms
[300.148s][info][gc,stats    ]    Subphase: Pause Mark Try Complete                       0.000 / 0.000         0.000 / 0.000         0.000 / 0.000         0.000 / 0.000       ms
[300.148s][info][gc,stats    ]      System: Java Threads                                     38 / 38               34 / 38               34 / 38               34 / 38          threads
[300.148s][info][gc,stats    ] =========================================================================================================================================================
[304.077s][info][gc,start    ] GC(45) Garbage Collection (System.gc())
[304.077s][info][gc,task     ] GC(45) Using 12 workers
[304.077s][info][gc,phases   ] GC(45) Pause Mark Start 0.020ms
[304.093s][info][gc,phases   ] GC(45) Concurrent Mark 15.432ms
[304.093s][info][gc,phases   ] GC(45) Pause Mark End 0.027ms
[304.093s][info][gc,phases   ] GC(45) Concurrent Mark Free 0.001ms
[304.094s][info][gc,phases   ] GC(45) Concurrent Process Non-Strong References 0.951ms
[304.094s][info][gc,phases   ] GC(45) Concurrent Reset Relocation Set 0.002ms
[304.098s][info][gc,phases   ] GC(45) Concurrent Select Relocation Set 3.885ms
[304.098s][info][gc,phases   ] GC(45) Pause Relocate Start 0.007ms
[304.101s][info][gc,phases   ] GC(45) Concurrent Relocate 2.893ms
[304.101s][info][gc,load     ] GC(45) Load: 0.00/0.00/0.00
[304.101s][info][gc,mmu      ] GC(45) MMU: 2ms/98.3%, 5ms/99.3%, 10ms/99.5%, 20ms/99.7%, 50ms/99.9%, 100ms/99.9%
[304.101s][info][gc,marking  ] GC(45) Mark: 8 stripe(s), 1 proactive flush(es), 1 terminate flush(es), 0 completion(s), 0 continuation(s) 
[304.102s][info][gc,marking  ] GC(45) Mark Stack Usage: 32M
[304.102s][info][gc,nmethod  ] GC(45) NMethods: 2011 registered, 385 unregistered
[304.102s][info][gc,metaspace] GC(45) Metaspace: 9M used, 10M committed, 1088M reserved
[304.102s][info][gc,ref      ] GC(45) Soft: 214 encountered, 0 discovered, 0 enqueued
[304.102s][info][gc,ref      ] GC(45) Weak: 809 encountered, 8 discovered, 0 enqueued
[304.102s][info][gc,ref      ] GC(45) Final: 0 encountered, 0 discovered, 0 enqueued
[304.102s][info][gc,ref      ] GC(45) Phantom: 27 encountered, 15 discovered, 0 enqueued
[304.102s][info][gc,reloc    ] GC(45) Small Pages: 1109 / 2218M, Empty: 2190M, Relocated: 3M, In-Place: 0
[304.102s][info][gc,reloc    ] GC(45) Medium Pages: 0 / 0M, Empty: 0M, Relocated: 0M, In-Place: 0
[304.102s][info][gc,reloc    ] GC(45) Large Pages: 0 / 0M, Empty: 0M, Relocated: 0M, In-Place: 0
[304.102s][info][gc,reloc    ] GC(45) Forwarding Usage: 1M
[304.102s][info][gc,heap     ] GC(45) Min Capacity: 8M(0%)
[304.102s][info][gc,heap     ] GC(45) Max Capacity: 30718M(100%)
[304.102s][info][gc,heap     ] GC(45) Soft Max Capacity: 30718M(100%)
[304.102s][info][gc,heap     ] GC(45)                Mark Start          Mark End        Relocate Start      Relocate End           High               Low         
[304.102s][info][gc,heap     ] GC(45)  Capacity:     2228M (7%)         2228M (7%)         2228M (7%)         2228M (7%)         2228M (7%)         2228M (7%)     
[304.102s][info][gc,heap     ] GC(45)      Free:    28500M (93%)       28500M (93%)       30690M (100%)      30692M (100%)      30692M (100%)      28500M (93%)    
[304.102s][info][gc,heap     ] GC(45)      Used:     2218M (7%)         2218M (7%)           28M (0%)           26M (0%)         2218M (7%)           26M (0%)     
[304.102s][info][gc,heap     ] GC(45)      Live:         -                 4M (0%)            4M (0%)            4M (0%)             -                  -          
[304.102s][info][gc,heap     ] GC(45) Allocated:         -                 0M (0%)            0M (0%)            0M (0%)             -                  -          
[304.102s][info][gc,heap     ] GC(45)   Garbage:         -              2213M (7%)           23M (0%)           21M (0%)             -                  -          
[304.102s][info][gc,heap     ] GC(45) Reclaimed:         -                  -              2190M (7%)         2192M (7%)             -                  -          
[304.102s][info][gc          ] GC(45) Garbage Collection (System.gc()) 2218M(7%)->26M(0%)
[310.146s][info][gc,stats    ] === Garbage Collection Statistics =======================================================================================================================
[310.146s][info][gc,stats    ]                                                              Last 10s              Last 10m              Last 10h                Total
[310.146s][info][gc,stats    ]                                                              Avg / Max             Avg / Max             Avg / Max             Avg / Max
[310.146s][info][gc,stats    ]   Collector: Garbage Collection Cycle                     24.281 / 24.281       23.308 / 47.906       23.308 / 47.906       23.308 / 47.906      ms
[310.146s][info][gc,stats    ]  Contention: Mark Segment Reset Contention                     0 / 1                 0 / 10                0 / 10                0 / 10          ops/s
[310.146s][info][gc,stats    ]  Contention: Mark SeqNum Reset Contention                      0 / 0                 0 / 1                 0 / 1                 0 / 1           ops/s
[310.146s][info][gc,stats    ]    Critical: Allocation Stall                                  0 / 0                 0 / 0                 0 / 0                 0 / 0           ops/s
[310.147s][info][gc,stats    ]    Critical: Allocation Stall                              0.000 / 0.000         0.000 / 0.000         0.000 / 0.000         0.000 / 0.000       ms
[310.147s][info][gc,stats    ]    Critical: GC Locker Stall                                   0 / 0                 0 / 0                 0 / 0                 0 / 0           ops/s
[310.147s][info][gc,stats    ]    Critical: GC Locker Stall                               0.000 / 0.000         0.000 / 0.000         0.000 / 0.000         0.000 / 0.000       ms
[310.147s][info][gc,stats    ]    Critical: Relocation Stall                                  0 / 0                 0 / 0                 0 / 0                 0 / 0           ops/s
[310.147s][info][gc,stats    ]    Critical: Relocation Stall                              0.000 / 0.000         0.000 / 0.000         0.000 / 0.000         0.000 / 0.000       ms
[310.147s][info][gc,stats    ]      Memory: Allocation Rate                                 316 / 326             324 / 356             324 / 356             324 / 356         MB/s
[310.147s][info][gc,stats    ]      Memory: Defragment                                        0 / 0                 0 / 0                 0 / 0                 0 / 0           ops/s
[310.147s][info][gc,stats    ]      Memory: Out Of Memory                                     0 / 0                 0 / 0                 0 / 0                 0 / 0           ops/s
[310.147s][info][gc,stats    ]      Memory: Page Cache Flush                                  0 / 0                 0 / 0                 0 / 0                 0 / 0           MB/s
[310.147s][info][gc,stats    ]      Memory: Page Cache Hit L1                               159 / 174             160 / 190             160 / 190             160 / 190         ops/s
[310.147s][info][gc,stats    ]      Memory: Page Cache Hit L2                                 0 / 0                 0 / 0                 0 / 0                 0 / 0           ops/s
[310.147s][info][gc,stats    ]      Memory: Page Cache Hit L3                                 0 / 0                 3 / 152               3 / 152               3 / 152         ops/s
[310.147s][info][gc,stats    ]      Memory: Page Cache Miss                                   0 / 0                 0 / 87                0 / 87                0 / 87          ops/s
[310.147s][info][gc,stats    ]      Memory: Uncommit                                          0 / 0                 0 / 0                 0 / 0                 0 / 0           MB/s
[310.147s][info][gc,stats    ]      Memory: Undo Object Allocation Failed                     0 / 0                 0 / 0                 0 / 0                 0 / 0           ops/s
[310.147s][info][gc,stats    ]      Memory: Undo Object Allocation Succeeded                  0 / 0                 0 / 0                 0 / 0                 0 / 0           ops/s
[310.147s][info][gc,stats    ]      Memory: Undo Page Allocation                              0 / 0                 0 / 0                 0 / 0                 0 / 0           ops/s
[310.147s][info][gc,stats    ]       Phase: Concurrent Mark                              15.432 / 15.432       12.848 / 24.168       12.848 / 24.168       12.848 / 24.168      ms
[310.147s][info][gc,stats    ]       Phase: Concurrent Mark Continue                      0.000 / 0.000         0.000 / 0.000         0.000 / 0.000         0.000 / 0.000       ms
[310.147s][info][gc,stats    ]       Phase: Concurrent Mark Free                          0.001 / 0.001         0.001 / 0.002         0.001 / 0.002         0.001 / 0.002       ms
[310.147s][info][gc,stats    ]       Phase: Concurrent Process Non-Strong References      0.951 / 0.951         1.074 / 6.554         1.074 / 6.554         1.074 / 6.554       ms
[310.147s][info][gc,stats    ]       Phase: Concurrent Relocate                           2.893 / 2.893         3.482 / 4.601         3.482 / 4.601         3.482 / 4.601       ms
[310.147s][info][gc,stats    ]       Phase: Concurrent Reset Relocation Set               0.002 / 0.002         0.002 / 0.006         0.002 / 0.006         0.002 / 0.006       ms
[310.147s][info][gc,stats    ]       Phase: Concurrent Select Relocation Set              3.885 / 3.885         4.233 / 14.176        4.233 / 14.176        4.233 / 14.176      ms
[310.147s][info][gc,stats    ]       Phase: Pause Mark End                                0.027 / 0.027         0.023 / 0.034         0.023 / 0.034         0.023 / 0.034       ms
[310.147s][info][gc,stats    ]       Phase: Pause Mark Start                              0.020 / 0.020         0.018 / 0.021         0.018 / 0.021         0.018 / 0.021       ms
[310.147s][info][gc,stats    ]       Phase: Pause Relocate Start                          0.007 / 0.007         0.008 / 0.027         0.008 / 0.027         0.008 / 0.027       ms
[310.147s][info][gc,stats    ]    Subphase: Concurrent Classes Purge                      0.024 / 0.024         0.056 / 1.237         0.056 / 1.237         0.056 / 1.237       ms
[310.148s][info][gc,stats    ]    Subphase: Concurrent Classes Unlink                     0.662 / 0.662         0.728 / 4.999         0.728 / 4.999         0.728 / 4.999       ms
[310.148s][info][gc,stats    ]    Subphase: Concurrent Mark                              13.419 / 14.267       10.839 / 23.120       10.839 / 23.120       10.839 / 23.120      ms
[310.148s][info][gc,stats    ]    Subphase: Concurrent Mark Try Flush                     0.063 / 0.094         0.066 / 0.118         0.066 / 0.118         0.066 / 0.118       ms
[310.148s][info][gc,stats    ]    Subphase: Concurrent Mark Try Terminate                 9.938 / 12.493        4.574 / 16.705        4.574 / 16.705        4.574 / 16.705      ms
[310.148s][info][gc,stats    ]    Subphase: Concurrent References Enqueue                 0.000 / 0.000         0.001 / 0.005         0.001 / 0.005         0.001 / 0.005       ms
[310.148s][info][gc,stats    ]    Subphase: Concurrent References Process                 0.035 / 0.035         0.039 / 0.080         0.039 / 0.080         0.039 / 0.080       ms
[310.148s][info][gc,stats    ]    Subphase: Concurrent Roots ClassLoaderDataGraph         0.073 / 0.525         0.085 / 0.717         0.085 / 0.717         0.085 / 0.717       ms
[310.148s][info][gc,stats    ]    Subphase: Concurrent Roots CodeCache                    0.000 / 0.000         0.000 / 0.000         0.000 / 0.000         0.000 / 0.000       ms
[310.148s][info][gc,stats    ]    Subphase: Concurrent Roots JavaThreads                  0.598 / 1.057         0.483 / 1.057         0.483 / 1.057         0.483 / 1.057       ms
[310.148s][info][gc,stats    ]    Subphase: Concurrent Roots OopStorageSet                0.014 / 0.038         0.016 / 0.151         0.016 / 0.151         0.016 / 0.151       ms
[310.148s][info][gc,stats    ]    Subphase: Concurrent Weak Roots OopStorageSet           0.125 / 0.133         0.144 / 0.172         0.144 / 0.172         0.144 / 0.172       ms
[310.148s][info][gc,stats    ]    Subphase: Pause Mark Try Complete                       0.000 / 0.000         0.000 / 0.000         0.000 / 0.000         0.000 / 0.000       ms
[310.148s][info][gc,stats    ]      System: Java Threads                                     38 / 38               34 / 38               34 / 38               34 / 38          threads
[310.148s][info][gc,stats    ] =========================================================================================================================================================
[310.954s][info][gc,start    ] GC(46) Garbage Collection (System.gc())
[310.954s][info][gc,task     ] GC(46) Using 12 workers
[310.954s][info][gc,phases   ] GC(46) Pause Mark Start 0.017ms
[310.971s][info][gc,phases   ] GC(46) Concurrent Mark 16.825ms
[310.971s][info][gc,phases   ] GC(46) Pause Mark End 0.022ms
[310.972s][info][gc,phases   ] GC(46) Concurrent Mark Free 0.001ms
[310.973s][info][gc,phases   ] GC(46) Concurrent Process Non-Strong References 0.901ms
[310.973s][info][gc,phases   ] GC(46) Concurrent Reset Relocation Set 0.002ms
[310.976s][info][gc,phases   ] GC(46) Concurrent Select Relocation Set 3.750ms
[310.976s][info][gc,phases   ] GC(46) Pause Relocate Start 0.007ms
[310.979s][info][gc,phases   ] GC(46) Concurrent Relocate 2.633ms
[310.979s][info][gc,load     ] GC(46) Load: 0.00/0.00/0.00
[310.979s][info][gc,mmu      ] GC(46) MMU: 2ms/98.3%, 5ms/99.3%, 10ms/99.5%, 20ms/99.7%, 50ms/99.9%, 100ms/99.9%
[310.979s][info][gc,marking  ] GC(46) Mark: 8 stripe(s), 1 proactive flush(es), 1 terminate flush(es), 0 completion(s), 0 continuation(s) 
[310.979s][info][gc,marking  ] GC(46) Mark Stack Usage: 32M
[310.979s][info][gc,nmethod  ] GC(46) NMethods: 2011 registered, 386 unregistered
[310.979s][info][gc,metaspace] GC(46) Metaspace: 9M used, 10M committed, 1088M reserved
[310.979s][info][gc,ref      ] GC(46) Soft: 214 encountered, 0 discovered, 0 enqueued
[310.979s][info][gc,ref      ] GC(46) Weak: 809 encountered, 17 discovered, 0 enqueued
[310.979s][info][gc,ref      ] GC(46) Final: 0 encountered, 0 discovered, 0 enqueued
[310.979s][info][gc,ref      ] GC(46) Phantom: 27 encountered, 21 discovered, 0 enqueued
[310.980s][info][gc,reloc    ] GC(46) Small Pages: 1106 / 2212M, Empty: 2182M, Relocated: 3M, In-Place: 0
[310.980s][info][gc,reloc    ] GC(46) Medium Pages: 0 / 0M, Empty: 0M, Relocated: 0M, In-Place: 0
[310.980s][info][gc,reloc    ] GC(46) Large Pages: 0 / 0M, Empty: 0M, Relocated: 0M, In-Place: 0
[310.980s][info][gc,reloc    ] GC(46) Forwarding Usage: 1M
[310.980s][info][gc,heap     ] GC(46) Min Capacity: 8M(0%)
[310.980s][info][gc,heap     ] GC(46) Max Capacity: 30718M(100%)
[310.980s][info][gc,heap     ] GC(46) Soft Max Capacity: 30718M(100%)
[310.980s][info][gc,heap     ] GC(46)                Mark Start          Mark End        Relocate Start      Relocate End           High               Low         
[310.980s][info][gc,heap     ] GC(46)  Capacity:     2228M (7%)         2228M (7%)         2228M (7%)         2228M (7%)         2228M (7%)         2228M (7%)     
[310.980s][info][gc,heap     ] GC(46)      Free:    28506M (93%)       28506M (93%)       30688M (100%)      30692M (100%)      30692M (100%)      28506M (93%)    
[310.980s][info][gc,heap     ] GC(46)      Used:     2212M (7%)         2212M (7%)           30M (0%)           26M (0%)         2212M (7%)           26M (0%)     
[310.980s][info][gc,heap     ] GC(46)      Live:         -                 4M (0%)            4M (0%)            4M (0%)             -                  -          
[310.980s][info][gc,heap     ] GC(46) Allocated:         -                 0M (0%)            0M (0%)            0M (0%)             -                  -          
[310.980s][info][gc,heap     ] GC(46)   Garbage:         -              2207M (7%)           25M (0%)           21M (0%)             -                  -          
[310.980s][info][gc,heap     ] GC(46) Reclaimed:         -                  -              2182M (7%)         2186M (7%)             -                  -          
[310.980s][info][gc          ] GC(46) Garbage Collection (System.gc()) 2212M(7%)->26M(0%)
[317.808s][info][gc,start    ] GC(47) Garbage Collection (System.gc())
[317.808s][info][gc,task     ] GC(47) Using 12 workers
[317.808s][info][gc,phases   ] GC(47) Pause Mark Start 0.019ms
[317.824s][info][gc,phases   ] GC(47) Concurrent Mark 15.775ms
[317.824s][info][gc,phases   ] GC(47) Pause Mark End 0.023ms
[317.824s][info][gc,phases   ] GC(47) Concurrent Mark Free 0.001ms
[317.825s][info][gc,phases   ] GC(47) Concurrent Process Non-Strong References 0.932ms
[317.825s][info][gc,phases   ] GC(47) Concurrent Reset Relocation Set 0.003ms
[317.829s][info][gc,phases   ] GC(47) Concurrent Select Relocation Set 3.948ms
[317.829s][info][gc,phases   ] GC(47) Pause Relocate Start 0.008ms
[317.834s][info][gc,phases   ] GC(47) Concurrent Relocate 4.410ms
[317.834s][info][gc,load     ] GC(47) Load: 0.00/0.00/0.00
[317.834s][info][gc,mmu      ] GC(47) MMU: 2ms/98.3%, 5ms/99.3%, 10ms/99.5%, 20ms/99.7%, 50ms/99.9%, 100ms/99.9%
[317.834s][info][gc,marking  ] GC(47) Mark: 8 stripe(s), 2 proactive flush(es), 1 terminate flush(es), 0 completion(s), 0 continuation(s) 
[317.834s][info][gc,marking  ] GC(47) Mark Stack Usage: 32M
[317.834s][info][gc,nmethod  ] GC(47) NMethods: 2011 registered, 387 unregistered
[317.834s][info][gc,metaspace] GC(47) Metaspace: 9M used, 10M committed, 1088M reserved
[317.834s][info][gc,ref      ] GC(47) Soft: 214 encountered, 0 discovered, 0 enqueued
[317.834s][info][gc,ref      ] GC(47) Weak: 809 encountered, 108 discovered, 0 enqueued
[317.834s][info][gc,ref      ] GC(47) Final: 0 encountered, 0 discovered, 0 enqueued
[317.834s][info][gc,ref      ] GC(47) Phantom: 27 encountered, 18 discovered, 0 enqueued
[317.834s][info][gc,reloc    ] GC(47) Small Pages: 1108 / 2216M, Empty: 2190M, Relocated: 3M, In-Place: 0
[317.834s][info][gc,reloc    ] GC(47) Medium Pages: 0 / 0M, Empty: 0M, Relocated: 0M, In-Place: 0
[317.834s][info][gc,reloc    ] GC(47) Large Pages: 0 / 0M, Empty: 0M, Relocated: 0M, In-Place: 0
[317.834s][info][gc,reloc    ] GC(47) Forwarding Usage: 1M
[317.834s][info][gc,heap     ] GC(47) Min Capacity: 8M(0%)
[317.834s][info][gc,heap     ] GC(47) Max Capacity: 30718M(100%)
[317.834s][info][gc,heap     ] GC(47) Soft Max Capacity: 30718M(100%)
[317.834s][info][gc,heap     ] GC(47)                Mark Start          Mark End        Relocate Start      Relocate End           High               Low         
[317.834s][info][gc,heap     ] GC(47)  Capacity:     2228M (7%)         2228M (7%)         2228M (7%)         2228M (7%)         2228M (7%)         2228M (7%)     
[317.834s][info][gc,heap     ] GC(47)      Free:    28502M (93%)       28502M (93%)       30692M (100%)      30692M (100%)      30692M (100%)      28502M (93%)    
[317.834s][info][gc,heap     ] GC(47)      Used:     2216M (7%)         2216M (7%)           26M (0%)           26M (0%)         2216M (7%)           26M (0%)     
[317.834s][info][gc,heap     ] GC(47)      Live:         -                 4M (0%)            4M (0%)            4M (0%)             -                  -          
[317.835s][info][gc,heap     ] GC(47) Allocated:         -                 0M (0%)            0M (0%)            0M (0%)             -                  -          
[317.835s][info][gc,heap     ] GC(47)   Garbage:         -              2211M (7%)           21M (0%)           21M (0%)             -                  -          
[317.835s][info][gc,heap     ] GC(47) Reclaimed:         -                  -              2190M (7%)         2190M (7%)             -                  -          
[317.835s][info][gc          ] GC(47) Garbage Collection (System.gc()) 2216M(7%)->26M(0%)
[320.146s][info][gc,stats    ] === Garbage Collection Statistics =======================================================================================================================
[320.146s][info][gc,stats    ]                                                              Last 10s              Last 10m              Last 10h                Total
[320.146s][info][gc,stats    ]                                                              Avg / Max             Avg / Max             Avg / Max             Avg / Max
[320.146s][info][gc,stats    ]   Collector: Garbage Collection Cycle                     25.604 / 26.098       23.403 / 47.906       23.403 / 47.906       23.403 / 47.906      ms
[320.146s][info][gc,stats    ]  Contention: Mark Segment Reset Contention                     0 / 6                 0 / 10                0 / 10                0 / 10          ops/s
[320.146s][info][gc,stats    ]  Contention: Mark SeqNum Reset Contention                      0 / 1                 0 / 1                 0 / 1                 0 / 1           ops/s
[320.146s][info][gc,stats    ]    Critical: Allocation Stall                                  0 / 0                 0 / 0                 0 / 0                 0 / 0           ops/s
[320.146s][info][gc,stats    ]    Critical: Allocation Stall                              0.000 / 0.000         0.000 / 0.000         0.000 / 0.000         0.000 / 0.000       ms
[320.146s][info][gc,stats    ]    Critical: GC Locker Stall                                   0 / 0                 0 / 0                 0 / 0                 0 / 0           ops/s
[320.146s][info][gc,stats    ]    Critical: GC Locker Stall                               0.000 / 0.000         0.000 / 0.000         0.000 / 0.000         0.000 / 0.000       ms
[320.146s][info][gc,stats    ]    Critical: Relocation Stall                                  0 / 0                 0 / 0                 0 / 0                 0 / 0           ops/s
[320.146s][info][gc,stats    ]    Critical: Relocation Stall                              0.000 / 0.000         0.000 / 0.000         0.000 / 0.000         0.000 / 0.000       ms
[320.146s][info][gc,stats    ]      Memory: Allocation Rate                                 322 / 340             324 / 356             324 / 356             324 / 356         MB/s
[320.146s][info][gc,stats    ]      Memory: Defragment                                        0 / 0                 0 / 0                 0 / 0                 0 / 0           ops/s
[320.146s][info][gc,stats    ]      Memory: Out Of Memory                                     0 / 0                 0 / 0                 0 / 0                 0 / 0           ops/s
[320.146s][info][gc,stats    ]      Memory: Page Cache Flush                                  0 / 0                 0 / 0                 0 / 0                 0 / 0           MB/s
[320.146s][info][gc,stats    ]      Memory: Page Cache Hit L1                               163 / 175             160 / 190             160 / 190             160 / 190         ops/s
[320.146s][info][gc,stats    ]      Memory: Page Cache Hit L2                                 0 / 0                 0 / 0                 0 / 0                 0 / 0           ops/s
[320.146s][info][gc,stats    ]      Memory: Page Cache Hit L3                                 0 / 0                 3 / 152               3 / 152               3 / 152         ops/s
[320.146s][info][gc,stats    ]      Memory: Page Cache Miss                                   0 / 0                 0 / 87                0 / 87                0 / 87          ops/s
[320.146s][info][gc,stats    ]      Memory: Uncommit                                          0 / 0                 0 / 0                 0 / 0                 0 / 0           MB/s
[320.146s][info][gc,stats    ]      Memory: Undo Object Allocation Failed                     0 / 0                 0 / 0                 0 / 0                 0 / 0           ops/s
[320.146s][info][gc,stats    ]      Memory: Undo Object Allocation Succeeded                  0 / 0                 0 / 0                 0 / 0                 0 / 0           ops/s
[320.146s][info][gc,stats    ]      Memory: Undo Page Allocation                              0 / 0                 0 / 0                 0 / 0                 0 / 0           ops/s
[320.146s][info][gc,stats    ]       Phase: Concurrent Mark                              16.300 / 16.825       12.992 / 24.168       12.992 / 24.168       12.992 / 24.168      ms
[320.146s][info][gc,stats    ]       Phase: Concurrent Mark Continue                      0.000 / 0.000         0.000 / 0.000         0.000 / 0.000         0.000 / 0.000       ms
[320.147s][info][gc,stats    ]       Phase: Concurrent Mark Free                          0.001 / 0.001         0.001 / 0.002         0.001 / 0.002         0.001 / 0.002       ms
[320.147s][info][gc,stats    ]       Phase: Concurrent Process Non-Strong References      0.917 / 0.932         1.068 / 6.554         1.068 / 6.554         1.068 / 6.554       ms
[320.147s][info][gc,stats    ]       Phase: Concurrent Relocate                           3.521 / 4.410         3.484 / 4.601         3.484 / 4.601         3.484 / 4.601       ms
[320.147s][info][gc,stats    ]       Phase: Concurrent Reset Relocation Set               0.002 / 0.003         0.002 / 0.006         0.002 / 0.006         0.002 / 0.006       ms
[320.147s][info][gc,stats    ]       Phase: Concurrent Select Relocation Set              3.849 / 3.948         4.217 / 14.176        4.217 / 14.176        4.217 / 14.176      ms
[320.147s][info][gc,stats    ]       Phase: Pause Mark End                                0.023 / 0.023         0.023 / 0.034         0.023 / 0.034         0.023 / 0.034       ms
[320.147s][info][gc,stats    ]       Phase: Pause Mark Start                              0.018 / 0.019         0.018 / 0.021         0.018 / 0.021         0.018 / 0.021       ms
[320.147s][info][gc,stats    ]       Phase: Pause Relocate Start                          0.007 / 0.008         0.008 / 0.027         0.008 / 0.027         0.008 / 0.027       ms
[320.147s][info][gc,stats    ]    Subphase: Concurrent Classes Purge                      0.015 / 0.016         0.054 / 1.237         0.054 / 1.237         0.054 / 1.237       ms
[320.147s][info][gc,stats    ]    Subphase: Concurrent Classes Unlink                     0.633 / 0.654         0.724 / 4.999         0.724 / 4.999         0.724 / 4.999       ms
[320.147s][info][gc,stats    ]    Subphase: Concurrent Mark                              14.318 / 15.782       10.984 / 23.120       10.984 / 23.120       10.984 / 23.120      ms
[320.147s][info][gc,stats    ]    Subphase: Concurrent Mark Try Flush                     0.064 / 0.097         0.066 / 0.118         0.066 / 0.118         0.066 / 0.118       ms
[320.147s][info][gc,stats    ]    Subphase: Concurrent Mark Try Terminate                10.683 / 13.829        4.740 / 16.705        4.740 / 16.705        4.740 / 16.705      ms
[320.147s][info][gc,stats    ]    Subphase: Concurrent References Enqueue                 0.000 / 0.000         0.001 / 0.005         0.001 / 0.005         0.001 / 0.005       ms
[320.147s][info][gc,stats    ]    Subphase: Concurrent References Process                 0.036 / 0.039         0.039 / 0.080         0.039 / 0.080         0.039 / 0.080       ms
[320.147s][info][gc,stats    ]    Subphase: Concurrent Roots ClassLoaderDataGraph         0.062 / 0.483         0.084 / 0.717         0.084 / 0.717         0.084 / 0.717       ms
[320.147s][info][gc,stats    ]    Subphase: Concurrent Roots CodeCache                    0.000 / 0.000         0.000 / 0.000         0.000 / 0.000         0.000 / 0.000       ms
[320.147s][info][gc,stats    ]    Subphase: Concurrent Roots JavaThreads                  0.531 / 1.023         0.486 / 1.057         0.486 / 1.057         0.486 / 1.057       ms
[320.147s][info][gc,stats    ]    Subphase: Concurrent Roots OopStorageSet                0.012 / 0.036         0.016 / 0.151         0.016 / 0.151         0.016 / 0.151       ms
[320.147s][info][gc,stats    ]    Subphase: Concurrent Weak Roots OopStorageSet           0.121 / 0.127         0.143 / 0.172         0.143 / 0.172         0.143 / 0.172       ms
[320.147s][info][gc,stats    ]    Subphase: Pause Mark Try Complete                       0.000 / 0.000         0.000 / 0.000         0.000 / 0.000         0.000 / 0.000       ms
[320.147s][info][gc,stats    ]      System: Java Threads                                     38 / 38               34 / 38               34 / 38               34 / 38          threads
[320.147s][info][gc,stats    ] =========================================================================================================================================================
[324.477s][info][gc,start    ] GC(48) Garbage Collection (System.gc())
[324.478s][info][gc,task     ] GC(48) Using 12 workers
[324.478s][info][gc,phases   ] GC(48) Pause Mark Start 0.016ms
[324.483s][info][gc,phases   ] GC(48) Concurrent Mark 5.535ms
[324.484s][info][gc,phases   ] GC(48) Pause Mark End 0.019ms
[324.484s][info][gc,phases   ] GC(48) Concurrent Mark Free 0.001ms
[324.485s][info][gc,phases   ] GC(48) Concurrent Process Non-Strong References 0.864ms
[324.485s][info][gc,phases   ] GC(48) Concurrent Reset Relocation Set 0.002ms
[324.488s][info][gc,phases   ] GC(48) Concurrent Select Relocation Set 3.870ms
[324.489s][info][gc,phases   ] GC(48) Pause Relocate Start 0.007ms
[324.491s][info][gc,phases   ] GC(48) Concurrent Relocate 2.777ms
[324.491s][info][gc,load     ] GC(48) Load: 0.00/0.00/0.00
[324.492s][info][gc,mmu      ] GC(48) MMU: 2ms/98.3%, 5ms/99.3%, 10ms/99.5%, 20ms/99.7%, 50ms/99.9%, 100ms/99.9%
[324.492s][info][gc,marking  ] GC(48) Mark: 8 stripe(s), 2 proactive flush(es), 1 terminate flush(es), 0 completion(s), 0 continuation(s) 
[324.492s][info][gc,marking  ] GC(48) Mark Stack Usage: 32M
[324.492s][info][gc,nmethod  ] GC(48) NMethods: 2011 registered, 388 unregistered
[324.492s][info][gc,metaspace] GC(48) Metaspace: 9M used, 10M committed, 1088M reserved
[324.492s][info][gc,ref      ] GC(48) Soft: 214 encountered, 0 discovered, 0 enqueued
[324.492s][info][gc,ref      ] GC(48) Weak: 809 encountered, 63 discovered, 0 enqueued
[324.492s][info][gc,ref      ] GC(48) Final: 0 encountered, 0 discovered, 0 enqueued
[324.492s][info][gc,ref      ] GC(48) Phantom: 27 encountered, 18 discovered, 0 enqueued
[324.492s][info][gc,reloc    ] GC(48) Small Pages: 1109 / 2218M, Empty: 2192M, Relocated: 3M, In-Place: 0
[324.492s][info][gc,reloc    ] GC(48) Medium Pages: 0 / 0M, Empty: 0M, Relocated: 0M, In-Place: 0
[324.492s][info][gc,reloc    ] GC(48) Large Pages: 0 / 0M, Empty: 0M, Relocated: 0M, In-Place: 0
[324.492s][info][gc,reloc    ] GC(48) Forwarding Usage: 1M
[324.492s][info][gc,heap     ] GC(48) Min Capacity: 8M(0%)
[324.492s][info][gc,heap     ] GC(48) Max Capacity: 30718M(100%)
[324.492s][info][gc,heap     ] GC(48) Soft Max Capacity: 30718M(100%)
[324.492s][info][gc,heap     ] GC(48)                Mark Start          Mark End        Relocate Start      Relocate End           High               Low         
[324.492s][info][gc,heap     ] GC(48)  Capacity:     2228M (7%)         2228M (7%)         2228M (7%)         2228M (7%)         2228M (7%)         2228M (7%)     
[324.492s][info][gc,heap     ] GC(48)      Free:    28500M (93%)       28500M (93%)       30692M (100%)      30692M (100%)      30692M (100%)      28500M (93%)    
[324.492s][info][gc,heap     ] GC(48)      Used:     2218M (7%)         2218M (7%)           26M (0%)           26M (0%)         2218M (7%)           26M (0%)     
[324.492s][info][gc,heap     ] GC(48)      Live:         -                 4M (0%)            4M (0%)            4M (0%)             -                  -          
[324.492s][info][gc,heap     ] GC(48) Allocated:         -                 0M (0%)            0M (0%)            0M (0%)             -                  -          
[324.492s][info][gc,heap     ] GC(48)   Garbage:         -              2213M (7%)           21M (0%)           21M (0%)             -                  -          
[324.492s][info][gc,heap     ] GC(48) Reclaimed:         -                  -              2192M (7%)         2192M (7%)             -                  -          
[324.492s][info][gc          ] GC(48) Garbage Collection (System.gc()) 2218M(7%)->26M(0%)
[330.152s][info][gc,stats    ] === Garbage Collection Statistics =======================================================================================================================
[330.152s][info][gc,stats    ]                                                              Last 10s              Last 10m              Last 10h                Total
[330.152s][info][gc,stats    ]                                                              Avg / Max             Avg / Max             Avg / Max             Avg / Max
[330.152s][info][gc,stats    ]   Collector: Garbage Collection Cycle                     14.009 / 14.009       23.212 / 47.906       23.212 / 47.906       23.212 / 47.906      ms
[330.152s][info][gc,stats    ]  Contention: Mark Segment Reset Contention                     0 / 2                 0 / 10                0 / 10                0 / 10          ops/s
[330.152s][info][gc,stats    ]  Contention: Mark SeqNum Reset Contention                      0 / 0                 0 / 1                 0 / 1                 0 / 1           ops/s
[330.152s][info][gc,stats    ]    Critical: Allocation Stall                                  0 / 0                 0 / 0                 0 / 0                 0 / 0           ops/s
[330.152s][info][gc,stats    ]    Critical: Allocation Stall                              0.000 / 0.000         0.000 / 0.000         0.000 / 0.000         0.000 / 0.000       ms
[330.152s][info][gc,stats    ]    Critical: GC Locker Stall                                   0 / 0                 0 / 0                 0 / 0                 0 / 0           ops/s
[330.152s][info][gc,stats    ]    Critical: GC Locker Stall                               0.000 / 0.000         0.000 / 0.000         0.000 / 0.000         0.000 / 0.000       ms
[330.152s][info][gc,stats    ]    Critical: Relocation Stall                                  0 / 0                 0 / 0                 0 / 0                 0 / 0           ops/s
[330.152s][info][gc,stats    ]    Critical: Relocation Stall                              0.000 / 0.000         0.000 / 0.000         0.000 / 0.000         0.000 / 0.000       ms
[330.152s][info][gc,stats    ]      Memory: Allocation Rate                                 326 / 346             324 / 356             324 / 356             324 / 356         MB/s
[330.152s][info][gc,stats    ]      Memory: Defragment                                        0 / 0                 0 / 0                 0 / 0                 0 / 0           ops/s
[330.152s][info][gc,stats    ]      Memory: Out Of Memory                                     0 / 0                 0 / 0                 0 / 0                 0 / 0           ops/s
[330.152s][info][gc,stats    ]      Memory: Page Cache Flush                                  0 / 0                 0 / 0                 0 / 0                 0 / 0           MB/s
[330.152s][info][gc,stats    ]      Memory: Page Cache Hit L1                               164 / 183             160 / 190             160 / 190             160 / 190         ops/s
[330.152s][info][gc,stats    ]      Memory: Page Cache Hit L2                                 0 / 0                 0 / 0                 0 / 0                 0 / 0           ops/s
[330.152s][info][gc,stats    ]      Memory: Page Cache Hit L3                                 0 / 0                 3 / 152               3 / 152               3 / 152         ops/s
[330.152s][info][gc,stats    ]      Memory: Page Cache Miss                                   0 / 0                 0 / 87                0 / 87                0 / 87          ops/s
[330.152s][info][gc,stats    ]      Memory: Uncommit                                          0 / 0                 0 / 0                 0 / 0                 0 / 0           MB/s
[330.152s][info][gc,stats    ]      Memory: Undo Object Allocation Failed                     0 / 0                 0 / 0                 0 / 0                 0 / 0           ops/s
[330.152s][info][gc,stats    ]      Memory: Undo Object Allocation Succeeded                  0 / 0                 0 / 0                 0 / 0                 0 / 0           ops/s
[330.153s][info][gc,stats    ]      Memory: Undo Page Allocation                              0 / 0                 0 / 0                 0 / 0                 0 / 0           ops/s
[330.153s][info][gc,stats    ]       Phase: Concurrent Mark                               5.535 / 5.535        12.840 / 24.168       12.840 / 24.168       12.840 / 24.168      ms
[330.153s][info][gc,stats    ]       Phase: Concurrent Mark Continue                      0.000 / 0.000         0.000 / 0.000         0.000 / 0.000         0.000 / 0.000       ms
[330.153s][info][gc,stats    ]       Phase: Concurrent Mark Free                          0.001 / 0.001         0.001 / 0.002         0.001 / 0.002         0.001 / 0.002       ms
[330.153s][info][gc,stats    ]       Phase: Concurrent Process Non-Strong References      0.864 / 0.864         1.064 / 6.554         1.064 / 6.554         1.064 / 6.554       ms
[330.153s][info][gc,stats    ]       Phase: Concurrent Relocate                           2.777 / 2.777         3.469 / 4.601         3.469 / 4.601         3.469 / 4.601       ms
[330.153s][info][gc,stats    ]       Phase: Concurrent Reset Relocation Set               0.002 / 0.002         0.002 / 0.006         0.002 / 0.006         0.002 / 0.006       ms
[330.153s][info][gc,stats    ]       Phase: Concurrent Select Relocation Set              3.870 / 3.870         4.210 / 14.176        4.210 / 14.176        4.210 / 14.176      ms
[330.153s][info][gc,stats    ]       Phase: Pause Mark End                                0.019 / 0.019         0.023 / 0.034         0.023 / 0.034         0.023 / 0.034       ms
[330.153s][info][gc,stats    ]       Phase: Pause Mark Start                              0.016 / 0.016         0.018 / 0.021         0.018 / 0.021         0.018 / 0.021       ms
[330.153s][info][gc,stats    ]       Phase: Pause Relocate Start                          0.007 / 0.007         0.008 / 0.027         0.008 / 0.027         0.008 / 0.027       ms
[330.153s][info][gc,stats    ]    Subphase: Concurrent Classes Purge                      0.015 / 0.015         0.053 / 1.237         0.053 / 1.237         0.053 / 1.237       ms
[330.153s][info][gc,stats    ]    Subphase: Concurrent Classes Unlink                     0.611 / 0.611         0.721 / 4.999         0.721 / 4.999         0.721 / 4.999       ms
[330.153s][info][gc,stats    ]    Subphase: Concurrent Mark                               4.081 / 4.542        10.843 / 23.120       10.843 / 23.120       10.843 / 23.120      ms
[330.153s][info][gc,stats    ]    Subphase: Concurrent Mark Try Flush                     0.071 / 0.090         0.066 / 0.118         0.066 / 0.118         0.066 / 0.118       ms
[330.153s][info][gc,stats    ]    Subphase: Concurrent Mark Try Terminate                 1.370 / 1.808         4.695 / 16.705        4.695 / 16.705        4.695 / 16.705      ms
[330.153s][info][gc,stats    ]    Subphase: Concurrent References Enqueue                 0.000 / 0.000         0.001 / 0.005         0.001 / 0.005         0.001 / 0.005       ms
[330.153s][info][gc,stats    ]    Subphase: Concurrent References Process                 0.032 / 0.032         0.039 / 0.080         0.039 / 0.080         0.039 / 0.080       ms
[330.153s][info][gc,stats    ]    Subphase: Concurrent Roots ClassLoaderDataGraph         0.056 / 0.438         0.083 / 0.717         0.083 / 0.717         0.083 / 0.717       ms
[330.153s][info][gc,stats    ]    Subphase: Concurrent Roots CodeCache                    0.000 / 0.000         0.000 / 0.000         0.000 / 0.000         0.000 / 0.000       ms
[330.153s][info][gc,stats    ]    Subphase: Concurrent Roots JavaThreads                  0.476 / 0.907         0.485 / 1.057         0.485 / 1.057         0.485 / 1.057       ms
[330.153s][info][gc,stats    ]    Subphase: Concurrent Roots OopStorageSet                0.010 / 0.032         0.016 / 0.151         0.016 / 0.151         0.016 / 0.151       ms
[330.153s][info][gc,stats    ]    Subphase: Concurrent Weak Roots OopStorageSet           0.115 / 0.124         0.143 / 0.172         0.143 / 0.172         0.143 / 0.172       ms
[330.153s][info][gc,stats    ]    Subphase: Pause Mark Try Complete                       0.000 / 0.000         0.000 / 0.000         0.000 / 0.000         0.000 / 0.000       ms
[330.153s][info][gc,stats    ]      System: Java Threads                                     38 / 38               34 / 38               34 / 38               34 / 38          threads
[330.153s][info][gc,stats    ] =========================================================================================================================================================
[331.288s][info][gc,start    ] GC(49) Garbage Collection (System.gc())
[331.288s][info][gc,task     ] GC(49) Using 12 workers
[331.289s][info][gc,phases   ] GC(49) Pause Mark Start 0.019ms
[331.311s][info][gc,phases   ] GC(49) Concurrent Mark 22.247ms
[331.311s][info][gc,phases   ] GC(49) Pause Mark End 0.025ms
[331.311s][info][gc,phases   ] GC(49) Concurrent Mark Free 0.001ms
[331.312s][info][gc,phases   ] GC(49) Concurrent Process Non-Strong References 1.008ms
[331.312s][info][gc,phases   ] GC(49) Concurrent Reset Relocation Set 0.003ms
[331.316s][info][gc,phases   ] GC(49) Concurrent Select Relocation Set 4.033ms
[331.317s][info][gc,phases   ] GC(49) Pause Relocate Start 0.010ms
[331.320s][info][gc,phases   ] GC(49) Concurrent Relocate 3.500ms
[331.320s][info][gc,load     ] GC(49) Load: 0.00/0.00/0.00
[331.320s][info][gc,mmu      ] GC(49) MMU: 2ms/98.3%, 5ms/99.3%, 10ms/99.5%, 20ms/99.7%, 50ms/99.9%, 100ms/99.9%
[331.320s][info][gc,marking  ] GC(49) Mark: 8 stripe(s), 3 proactive flush(es), 1 terminate flush(es), 0 completion(s), 0 continuation(s) 
[331.320s][info][gc,marking  ] GC(49) Mark Stack Usage: 32M
[331.320s][info][gc,nmethod  ] GC(49) NMethods: 2011 registered, 388 unregistered
[331.320s][info][gc,metaspace] GC(49) Metaspace: 9M used, 10M committed, 1088M reserved
[331.320s][info][gc,ref      ] GC(49) Soft: 214 encountered, 0 discovered, 0 enqueued
[331.321s][info][gc,ref      ] GC(49) Weak: 809 encountered, 23 discovered, 0 enqueued
[331.321s][info][gc,ref      ] GC(49) Final: 0 encountered, 0 discovered, 0 enqueued
[331.321s][info][gc,ref      ] GC(49) Phantom: 27 encountered, 12 discovered, 0 enqueued
[331.321s][info][gc,reloc    ] GC(49) Small Pages: 1110 / 2220M, Empty: 2194M, Relocated: 3M, In-Place: 0
[331.321s][info][gc,reloc    ] GC(49) Medium Pages: 0 / 0M, Empty: 0M, Relocated: 0M, In-Place: 0
[331.321s][info][gc,reloc    ] GC(49) Large Pages: 0 / 0M, Empty: 0M, Relocated: 0M, In-Place: 0
[331.321s][info][gc,reloc    ] GC(49) Forwarding Usage: 1M
[331.321s][info][gc,heap     ] GC(49) Min Capacity: 8M(0%)
[331.321s][info][gc,heap     ] GC(49) Max Capacity: 30718M(100%)
[331.321s][info][gc,heap     ] GC(49) Soft Max Capacity: 30718M(100%)
[331.321s][info][gc,heap     ] GC(49)                Mark Start          Mark End        Relocate Start      Relocate End           High               Low         
[331.321s][info][gc,heap     ] GC(49)  Capacity:     2228M (7%)         2228M (7%)         2228M (7%)         2228M (7%)         2228M (7%)         2228M (7%)     
[331.321s][info][gc,heap     ] GC(49)      Free:    28498M (93%)       28498M (93%)       30692M (100%)      30692M (100%)      30692M (100%)      28498M (93%)    
[331.321s][info][gc,heap     ] GC(49)      Used:     2220M (7%)         2220M (7%)           26M (0%)           26M (0%)         2220M (7%)           26M (0%)     
[331.321s][info][gc,heap     ] GC(49)      Live:         -                 4M (0%)            4M (0%)            4M (0%)             -                  -          
[331.321s][info][gc,heap     ] GC(49) Allocated:         -                 0M (0%)            0M (0%)            0M (0%)             -                  -          
[331.321s][info][gc,heap     ] GC(49)   Garbage:         -              2215M (7%)           21M (0%)           21M (0%)             -                  -          
[331.321s][info][gc,heap     ] GC(49) Reclaimed:         -                  -              2194M (7%)         2194M (7%)             -                  -          
[331.321s][info][gc          ] GC(49) Garbage Collection (System.gc()) 2220M(7%)->26M(0%)
[338.018s][info][gc,heap,exit] Heap
[338.018s][info][gc,heap,exit]  ZHeap           used 2224M, capacity 2228M, max capacity 30718M
[338.019s][info][gc,heap,exit]  Metaspace       used 10055K, committed 10368K, reserved 1114112K
[338.019s][info][gc,heap,exit]   class space    used 1313K, committed 1408K, reserved 1048576K
