[0.015s][info][gc] Using Epsilon
[0.016s][info][gc,init] Version: 20+36-2344 (release)
[0.016s][info][gc,init] CPUs: 48 total, 48 available
[0.016s][info][gc,init] Memory: 382G
[0.016s][info][gc,init] Large Page Support: Disabled
[0.016s][info][gc,init] NUMA Support: Disabled
[0.016s][info][gc,init] Compressed Oops: Enabled (32-bit)
[0.016s][info][gc,init] Heap Min Capacity: 6656K
[0.017s][info][gc,init] Heap Initial Capacity: 512M
[0.017s][info][gc,init] Heap Max Capacity: 512M
[0.017s][info][gc,init] Pre-touch: Disabled
[0.017s][warning][gc,init] Consider enabling -XX:+AlwaysPreTouch to avoid memory commit hiccups
[0.026s][info   ][gc,init] TLAB Size Max: 4M
[0.026s][info   ][gc,init] TLAB Size Elasticity: 1.10x
[0.026s][info   ][gc,init] TLAB Size Decay Time: 1000ms
[0.027s][info   ][gc,metaspace] CDS archive(s) mapped at: [0x0000000800000000-0x0000000800c60000-0x0000000800c60000), size 12976128, SharedBaseAddress: 0x0000000800000000, ArchiveRelocationMode: 0.
[0.028s][info   ][gc,metaspace] Compressed class space mapped at: 0x0000000801000000-0x0000000841000000, reserved size: 1073741824
[0.028s][info   ][gc,metaspace] Narrow klass base: 0x0000000800000000, Narrow klass shift: 0, Narrow klass range: 0x100000000
[0.677s][info   ][gc          ] Heap: 512M reserved, 512M (100.00%) committed, 28275K (5.39%) used
[0.677s][info   ][gc,metaspace] Metaspace: 1088M reserved, 5120K (0.46%) committed, 4916K (0.44%) used
[0.814s][info   ][gc          ] Heap: 512M reserved, 512M (100.00%) committed, 57316K (10.93%) used
[0.814s][info   ][gc,metaspace] Metaspace: 1088M reserved, 5248K (0.47%) committed, 5096K (0.46%) used
[0.903s][info   ][gc          ] Heap: 512M reserved, 512M (100.00%) committed, 85988K (16.40%) used
[0.903s][info   ][gc,metaspace] Metaspace: 1088M reserved, 5312K (0.48%) committed, 5137K (0.46%) used
[0.986s][info   ][gc          ] Heap: 512M reserved, 512M (100.00%) committed, 111M (21.87%) used
[0.986s][info   ][gc,metaspace] Metaspace: 1088M reserved, 5312K (0.48%) committed, 5137K (0.46%) used
[1.054s][info   ][gc          ] Heap: 512M reserved, 512M (100.00%) committed, 139M (27.34%) used
[1.054s][info   ][gc,metaspace] Metaspace: 1088M reserved, 5312K (0.48%) committed, 5143K (0.46%) used
[1.134s][info   ][gc          ] Heap: 512M reserved, 512M (100.00%) committed, 167M (32.81%) used
[1.134s][info   ][gc,metaspace] Metaspace: 1088M reserved, 5312K (0.48%) committed, 5143K (0.46%) used
[1.201s][info   ][gc          ] Heap: 512M reserved, 512M (100.00%) committed, 195M (38.28%) used
[1.201s][info   ][gc,metaspace] Metaspace: 1088M reserved, 5312K (0.48%) committed, 5148K (0.46%) used
[1.273s][info   ][gc          ] Heap: 512M reserved, 512M (100.00%) committed, 223M (43.74%) used
[1.273s][info   ][gc,metaspace] Metaspace: 1088M reserved, 5312K (0.48%) committed, 5148K (0.46%) used
[1.340s][info   ][gc          ] Heap: 512M reserved, 512M (100.00%) committed, 251M (49.21%) used
[1.340s][info   ][gc,metaspace] Metaspace: 1088M reserved, 5312K (0.48%) committed, 5148K (0.46%) used
[1.408s][info   ][gc          ] Heap: 512M reserved, 512M (100.00%) committed, 279M (54.68%) used
[1.408s][info   ][gc,metaspace] Metaspace: 1088M reserved, 5312K (0.48%) committed, 5148K (0.46%) used
[1.488s][info   ][gc          ] Heap: 512M reserved, 512M (100.00%) committed, 307M (60.15%) used
[1.488s][info   ][gc,metaspace] Metaspace: 1088M reserved, 5312K (0.48%) committed, 5149K (0.46%) used
[1.555s][info   ][gc          ] Heap: 512M reserved, 512M (100.00%) committed, 335M (65.62%) used
[1.555s][info   ][gc,metaspace] Metaspace: 1088M reserved, 5312K (0.48%) committed, 5149K (0.46%) used
[1.630s][info   ][gc          ] Heap: 512M reserved, 512M (100.00%) committed, 363M (71.09%) used
[1.630s][info   ][gc,metaspace] Metaspace: 1088M reserved, 5312K (0.48%) committed, 5149K (0.46%) used
[1.697s][info   ][gc          ] Heap: 512M reserved, 512M (100.00%) committed, 391M (76.56%) used
[1.697s][info   ][gc,metaspace] Metaspace: 1088M reserved, 5312K (0.48%) committed, 5149K (0.46%) used
[1.799s][info   ][gc          ] Heap: 512M reserved, 512M (100.00%) committed, 419M (82.03%) used
[1.799s][info   ][gc,metaspace] Metaspace: 1088M reserved, 5312K (0.48%) committed, 5160K (0.46%) used
[1.863s][info   ][gc          ] Heap: 512M reserved, 512M (100.00%) committed, 447M (87.49%) used
[1.863s][info   ][gc,metaspace] Metaspace: 1088M reserved, 5312K (0.48%) committed, 5160K (0.46%) used
[1.925s][info   ][gc          ] Heap: 512M reserved, 512M (100.00%) committed, 475M (92.96%) used
[1.925s][info   ][gc,metaspace] Metaspace: 1088M reserved, 5312K (0.48%) committed, 5160K (0.46%) used
[1.989s][info   ][gc          ] Heap: 512M reserved, 512M (100.00%) committed, 503M (98.43%) used
[1.989s][info   ][gc,metaspace] Metaspace: 1088M reserved, 5376K (0.48%) committed, 5178K (0.46%) used
