[0.018s][info][gc] Using Epsilon
[0.023s][info][gc,init] Version: 20+36-2344 (release)
[0.023s][info][gc,init] CPUs: 48 total, 48 available
[0.023s][info][gc,init] Memory: 382G
[0.023s][info][gc,init] Large Page Support: Disabled
[0.023s][info][gc,init] NUMA Support: Disabled
[0.023s][info][gc,init] Compressed Oops: Enabled (Zero based)
[0.024s][info][gc,init] Heap Min Capacity: 6656K
[0.024s][info][gc,init] Heap Initial Capacity: 2G
[0.024s][info][gc,init] Heap Max Capacity: 4G
[0.024s][info][gc,init] Pre-touch: Disabled
[0.024s][warning][gc,init] Consider setting -Xms equal to -Xmx to avoid resizing hiccups
[0.041s][warning][gc,init] Consider enabling -XX:+AlwaysPreTouch to avoid memory commit hiccups
[0.041s][info   ][gc,init] TLAB Size Max: 4M
[0.041s][info   ][gc,init] TLAB Size Elasticity: 1.10x
[0.041s][info   ][gc,init] TLAB Size Decay Time: 1000ms
[0.043s][info   ][gc,metaspace] CDS archive(s) mapped at: [0x0000000800000000-0x0000000800c60000-0x0000000800c60000), size 12976128, SharedBaseAddress: 0x0000000800000000, ArchiveRelocationMode: 0.
[0.043s][info   ][gc,metaspace] Compressed class space mapped at: 0x0000000801000000-0x0000000841000000, reserved size: 1073741824
[0.043s][info   ][gc,metaspace] Narrow klass base: 0x0000000800000000, Narrow klass shift: 0, Narrow klass range: 0x100000000
[1.330s][info   ][gc          ] Heap: 4096M reserved, 2048M (50.00%) committed, 207M (5.08%) used
[1.330s][info   ][gc,metaspace] Metaspace: 1088M reserved, 5312K (0.48%) committed, 5148K (0.46%) used
[1.865s][info   ][gc          ] Heap: 4096M reserved, 2048M (50.00%) committed, 415M (10.16%) used
[1.865s][info   ][gc,metaspace] Metaspace: 1088M reserved, 5312K (0.48%) committed, 5158K (0.46%) used
[2.945s][info   ][gc          ] Heap: 4096M reserved, 2048M (50.00%) committed, 623M (15.23%) used
[2.945s][info   ][gc,metaspace] Metaspace: 1088M reserved, 5568K (0.50%) committed, 5392K (0.48%) used
[3.578s][info   ][gc          ] Heap: 4096M reserved, 2048M (50.00%) committed, 831M (20.31%) used
[3.578s][info   ][gc,metaspace] Metaspace: 1088M reserved, 5568K (0.50%) committed, 5395K (0.48%) used
[3.956s][info   ][gc          ] Heap: 4096M reserved, 2048M (50.00%) committed, 1039M (25.39%) used
[3.956s][info   ][gc,metaspace] Metaspace: 1088M reserved, 5568K (0.50%) committed, 5404K (0.49%) used
[4.877s][info   ][gc          ] Heap: 4096M reserved, 2048M (50.00%) committed, 1245M (30.42%) used
[4.877s][info   ][gc,metaspace] Metaspace: 1088M reserved, 5568K (0.50%) committed, 5404K (0.49%) used
[5.273s][info   ][gc          ] Heap: 4096M reserved, 2048M (50.00%) committed, 1453M (35.50%) used
[5.273s][info   ][gc,metaspace] Metaspace: 1088M reserved, 5632K (0.51%) committed, 5437K (0.49%) used
[5.820s][info   ][gc          ] Heap: 4096M reserved, 2048M (50.00%) committed, 1659M (40.53%) used
[5.820s][info   ][gc,metaspace] Metaspace: 1088M reserved, 5632K (0.51%) committed, 5463K (0.49%) used
[5.977s][info   ][gc          ] GC request for "System.gc()" is ignored
[10.089s][info   ][gc          ] Heap: 4096M reserved, 2048M (50.00%) committed, 1864M (45.53%) used
[10.090s][info   ][gc,metaspace] Metaspace: 1088M reserved, 6272K (0.56%) committed, 6038K (0.54%) used
[12.553s][info   ][gc          ] Heap: 4096M reserved, 2176M (53.13%) committed, 2071M (50.57%) used
[12.553s][info   ][gc,metaspace] Metaspace: 1088M reserved, 6336K (0.57%) committed, 6107K (0.55%) used
[12.805s][info   ][gc,heap,exit] Heap
[12.805s][info   ][gc,heap,exit] Epsilon Heap
[12.805s][info   ][gc,heap,exit] Allocation space:
[12.805s][info   ][gc,heap,exit]  space 2359296K,  95% used [0x0000000700000000, 0x0000000788f69708, 0x0000000790000000)
[12.805s][info   ][gc,heap,exit]  Metaspace       used 6150K, committed 6400K, reserved 1114112K
[12.805s][info   ][gc,heap,exit]   class space    used 449K, committed 576K, reserved 1048576K
[12.805s][info   ][gc          ] Heap: 4096M reserved, 2304M (56.25%) committed, 2191M (53.50%) used
[12.805s][info   ][gc,metaspace] Metaspace: 1088M reserved, 6400K (0.57%) committed, 6150K (0.55%) used
