[0.017s][info][gc] Using Epsilon
[0.022s][info][gc,init] Version: 20+36-2344 (release)
[0.022s][info][gc,init] CPUs: 48 total, 48 available
[0.022s][info][gc,init] Memory: 382G
[0.022s][info][gc,init] Large Page Support: Disabled
[0.023s][info][gc,init] NUMA Support: Disabled
[0.023s][info][gc,init] Compressed Oops: Enabled (32-bit)
[0.023s][info][gc,init] Heap Min Capacity: 6656K
[0.023s][info][gc,init] Heap Initial Capacity: 2G
[0.023s][info][gc,init] Heap Max Capacity: 2G
[0.023s][info][gc,init] Pre-touch: Disabled
[0.023s][warning][gc,init] Consider enabling -XX:+AlwaysPreTouch to avoid memory commit hiccups
[0.031s][info   ][gc,init] TLAB Size Max: 4M
[0.031s][info   ][gc,init] TLAB Size Elasticity: 1.10x
[0.031s][info   ][gc,init] TLAB Size Decay Time: 1000ms
[0.032s][info   ][gc,metaspace] CDS archive(s) mapped at: [0x0000000800000000-0x0000000800c60000-0x0000000800c60000), size 12976128, SharedBaseAddress: 0x0000000800000000, ArchiveRelocationMode: 0.
[0.032s][info   ][gc,metaspace] Compressed class space mapped at: 0x0000000801000000-0x0000000841000000, reserved size: 1073741824
[0.032s][info   ][gc,metaspace] Narrow klass base: 0x0000000800000000, Narrow klass shift: 0, Narrow klass range: 0x100000000
[1.065s][info   ][gc          ] Heap: 2048M reserved, 2048M (100.00%) committed, 103M (5.08%) used
[1.065s][info   ][gc,metaspace] Metaspace: 1088M reserved, 5312K (0.48%) committed, 5137K (0.46%) used
[1.338s][info   ][gc          ] Heap: 2048M reserved, 2048M (100.00%) committed, 207M (10.16%) used
[1.338s][info   ][gc,metaspace] Metaspace: 1088M reserved, 5312K (0.48%) committed, 5148K (0.46%) used
[1.610s][info   ][gc          ] Heap: 2048M reserved, 2048M (100.00%) committed, 312M (15.28%) used
[1.610s][info   ][gc,metaspace] Metaspace: 1088M reserved, 5312K (0.48%) committed, 5148K (0.46%) used
[1.905s][info   ][gc          ] Heap: 2048M reserved, 2048M (100.00%) committed, 416M (20.36%) used
[1.905s][info   ][gc,metaspace] Metaspace: 1088M reserved, 5312K (0.48%) committed, 5151K (0.46%) used
[2.143s][info   ][gc          ] Heap: 2048M reserved, 2048M (100.00%) committed, 520M (25.44%) used
[2.143s][info   ][gc,metaspace] Metaspace: 1088M reserved, 5376K (0.48%) committed, 5178K (0.46%) used
[2.968s][info   ][gc          ] Heap: 2048M reserved, 2048M (100.00%) committed, 624M (30.52%) used
[2.969s][info   ][gc,metaspace] Metaspace: 1088M reserved, 5568K (0.50%) committed, 5392K (0.48%) used
[3.240s][info   ][gc          ] Heap: 2048M reserved, 2048M (100.00%) committed, 728M (35.59%) used
[3.240s][info   ][gc,metaspace] Metaspace: 1088M reserved, 5568K (0.50%) committed, 5393K (0.48%) used
[3.622s][info   ][gc          ] Heap: 2048M reserved, 2048M (100.00%) committed, 832M (40.67%) used
[3.622s][info   ][gc,metaspace] Metaspace: 1088M reserved, 5568K (0.50%) committed, 5396K (0.48%) used
[3.846s][info   ][gc          ] Heap: 2048M reserved, 2048M (100.00%) committed, 938M (45.85%) used
[3.846s][info   ][gc,metaspace] Metaspace: 1088M reserved, 5632K (0.51%) committed, 5404K (0.49%) used
[4.007s][info   ][gc          ] Heap: 2048M reserved, 2048M (100.00%) committed, 1042M (50.93%) used
[4.007s][info   ][gc,metaspace] Metaspace: 1088M reserved, 5632K (0.51%) committed, 5404K (0.49%) used
[4.374s][info   ][gc          ] Heap: 2048M reserved, 2048M (100.00%) committed, 1146M (56.00%) used
[4.374s][info   ][gc,metaspace] Metaspace: 1088M reserved, 5632K (0.51%) committed, 5405K (0.49%) used
[4.792s][info   ][gc          ] Heap: 2048M reserved, 2048M (100.00%) committed, 1251M (61.11%) used
[4.792s][info   ][gc,metaspace] Metaspace: 1088M reserved, 5632K (0.51%) committed, 5405K (0.49%) used
[4.956s][info   ][gc          ] Heap: 2048M reserved, 2048M (100.00%) committed, 1355M (66.19%) used
[4.956s][info   ][gc,metaspace] Metaspace: 1088M reserved, 5632K (0.51%) committed, 5405K (0.49%) used
[5.218s][info   ][gc          ] Heap: 2048M reserved, 2048M (100.00%) committed, 1459M (71.26%) used
[5.218s][info   ][gc,metaspace] Metaspace: 1088M reserved, 5632K (0.51%) committed, 5438K (0.49%) used
[5.600s][info   ][gc          ] Heap: 2048M reserved, 2048M (100.00%) committed, 1562M (76.29%) used
[5.600s][info   ][gc,metaspace] Metaspace: 1088M reserved, 5632K (0.51%) committed, 5463K (0.49%) used
[5.759s][info   ][gc          ] Heap: 2048M reserved, 2048M (100.00%) committed, 1666M (81.37%) used
[5.759s][info   ][gc,metaspace] Metaspace: 1088M reserved, 5632K (0.51%) committed, 5463K (0.49%) used
[5.898s][info   ][gc          ] GC request for "System.gc()" is ignored
[7.126s][info   ][gc          ] Heap: 2048M reserved, 2048M (100.00%) committed, 1768M (86.37%) used
[7.126s][info   ][gc,metaspace] Metaspace: 1088M reserved, 6208K (0.56%) committed, 5989K (0.54%) used
[10.005s][info   ][gc          ] Heap: 2048M reserved, 2048M (100.00%) committed, 1871M (91.38%) used
[10.005s][info   ][gc,metaspace] Metaspace: 1088M reserved, 6272K (0.56%) committed, 6040K (0.54%) used
[12.077s][info   ][gc          ] Heap: 2048M reserved, 2048M (100.00%) committed, 1976M (96.53%) used
[12.077s][info   ][gc,metaspace] Metaspace: 1088M reserved, 6336K (0.57%) committed, 6107K (0.55%) used
