[0.018s][info][gc] Using Epsilon
[0.021s][info][gc,init] Version: 20+36-2344 (release)
[0.021s][info][gc,init] CPUs: 48 total, 48 available
[0.021s][info][gc,init] Memory: 382G
[0.021s][info][gc,init] Large Page Support: Disabled
[0.021s][info][gc,init] NUMA Support: Disabled
[0.021s][info][gc,init] Compressed Oops: Enabled (32-bit)
[0.021s][info][gc,init] Heap Min Capacity: 6656K
[0.021s][info][gc,init] Heap Initial Capacity: 1G
[0.021s][info][gc,init] Heap Max Capacity: 1G
[0.021s][info][gc,init] Pre-touch: Disabled
[0.021s][warning][gc,init] Consider enabling -XX:+AlwaysPreTouch to avoid memory commit hiccups
[0.025s][info   ][gc,init] TLAB Size Max: 4M
[0.025s][info   ][gc,init] TLAB Size Elasticity: 1.10x
[0.025s][info   ][gc,init] TLAB Size Decay Time: 1000ms
[0.027s][info   ][gc,metaspace] CDS archive(s) mapped at: [0x0000000800000000-0x0000000800c60000-0x0000000800c60000), size 12976128, SharedBaseAddress: 0x0000000800000000, ArchiveRelocationMode: 0.
[0.027s][info   ][gc,metaspace] Compressed class space mapped at: 0x0000000801000000-0x0000000841000000, reserved size: 1073741824
[0.027s][info   ][gc,metaspace] Narrow klass base: 0x0000000800000000, Narrow klass shift: 0, Narrow klass range: 0x100000000
[0.846s][info   ][gc          ] Heap: 1024M reserved, 1024M (100.00%) committed, 53220K (5.08%) used
[0.846s][info   ][gc,metaspace] Metaspace: 1088M reserved, 5248K (0.47%) committed, 5096K (0.46%) used
[1.019s][info   ][gc          ] Heap: 1024M reserved, 1024M (100.00%) committed, 103M (10.15%) used
[1.019s][info   ][gc,metaspace] Metaspace: 1088M reserved, 5312K (0.48%) committed, 5137K (0.46%) used
[1.156s][info   ][gc          ] Heap: 1024M reserved, 1024M (100.00%) committed, 155M (15.23%) used
[1.156s][info   ][gc,metaspace] Metaspace: 1088M reserved, 5312K (0.48%) committed, 5143K (0.46%) used
[1.312s][info   ][gc          ] Heap: 1024M reserved, 1024M (100.00%) committed, 207M (20.31%) used
[1.312s][info   ][gc,metaspace] Metaspace: 1088M reserved, 5312K (0.48%) committed, 5148K (0.46%) used
[1.451s][info   ][gc          ] Heap: 1024M reserved, 1024M (100.00%) committed, 260M (25.49%) used
[1.460s][info   ][gc,metaspace] Metaspace: 1088M reserved, 5312K (0.48%) committed, 5148K (0.46%) used
[1.607s][info   ][gc          ] Heap: 1024M reserved, 1024M (100.00%) committed, 312M (30.56%) used
[1.607s][info   ][gc,metaspace] Metaspace: 1088M reserved, 5312K (0.48%) committed, 5149K (0.46%) used
[1.734s][info   ][gc          ] Heap: 1024M reserved, 1024M (100.00%) committed, 364M (35.64%) used
[1.734s][info   ][gc,metaspace] Metaspace: 1088M reserved, 5312K (0.48%) committed, 5149K (0.46%) used
[1.855s][info   ][gc          ] Heap: 1024M reserved, 1024M (100.00%) committed, 416M (40.72%) used
[1.855s][info   ][gc,metaspace] Metaspace: 1088M reserved, 5312K (0.48%) committed, 5152K (0.46%) used
[1.982s][info   ][gc          ] Heap: 1024M reserved, 1024M (100.00%) committed, 468M (45.80%) used
[1.982s][info   ][gc,metaspace] Metaspace: 1088M reserved, 5312K (0.48%) committed, 5160K (0.46%) used
[2.098s][info   ][gc          ] Heap: 1024M reserved, 1024M (100.00%) committed, 520M (50.88%) used
[2.098s][info   ][gc,metaspace] Metaspace: 1088M reserved, 5376K (0.48%) committed, 5179K (0.46%) used
[2.628s][info   ][gc          ] Heap: 1024M reserved, 1024M (100.00%) committed, 572M (55.95%) used
[2.628s][info   ][gc,metaspace] Metaspace: 1088M reserved, 5376K (0.48%) committed, 5221K (0.47%) used
[2.908s][info   ][gc          ] Heap: 1024M reserved, 1024M (100.00%) committed, 624M (61.03%) used
[2.908s][info   ][gc,metaspace] Metaspace: 1088M reserved, 5568K (0.50%) committed, 5393K (0.48%) used
[2.996s][info   ][gc          ] Heap: 1024M reserved, 1024M (100.00%) committed, 676M (66.11%) used
[2.996s][info   ][gc,metaspace] Metaspace: 1088M reserved, 5568K (0.50%) committed, 5393K (0.48%) used
[3.189s][info   ][gc          ] Heap: 1024M reserved, 1024M (100.00%) committed, 728M (71.19%) used
[3.189s][info   ][gc,metaspace] Metaspace: 1088M reserved, 5568K (0.50%) committed, 5394K (0.48%) used
[3.337s][info   ][gc          ] Heap: 1024M reserved, 1024M (100.00%) committed, 780M (76.27%) used
[3.337s][info   ][gc,metaspace] Metaspace: 1088M reserved, 5568K (0.50%) committed, 5394K (0.48%) used
[3.537s][info   ][gc          ] Heap: 1024M reserved, 1024M (100.00%) committed, 832M (81.35%) used
[3.537s][info   ][gc,metaspace] Metaspace: 1088M reserved, 5568K (0.50%) committed, 5396K (0.48%) used
[3.684s][info   ][gc          ] Heap: 1024M reserved, 1024M (100.00%) committed, 887M (86.72%) used
[3.684s][info   ][gc,metaspace] Metaspace: 1088M reserved, 5632K (0.51%) committed, 5405K (0.49%) used
[3.758s][info   ][gc          ] Heap: 1024M reserved, 1024M (100.00%) committed, 939M (91.79%) used
[3.758s][info   ][gc,metaspace] Metaspace: 1088M reserved, 5632K (0.51%) committed, 5405K (0.49%) used
[3.832s][info   ][gc          ] Heap: 1024M reserved, 1024M (100.00%) committed, 991M (96.87%) used
[3.832s][info   ][gc,metaspace] Metaspace: 1088M reserved, 5632K (0.51%) committed, 5405K (0.49%) used
