[0.017s][info][gc,init] CardTable entry size: 512
[0.017s][info][gc     ] Using Parallel
[0.020s][info][gc,init] Version: 20+36-2344 (release)
[0.020s][info][gc,init] CPUs: 48 total, 48 available
[0.020s][info][gc,init] Memory: 382G
[0.020s][info][gc,init] Large Page Support: Disabled
[0.020s][info][gc,init] NUMA Support: Disabled
[0.020s][info][gc,init] Compressed Oops: Enabled (32-bit)
[0.020s][info][gc,init] Alignments: Space 512K, Generation 512K, Heap 2M
[0.020s][info][gc,init] Heap Min Capacity: 8M
[0.020s][info][gc,init] Heap Initial Capacity: 512M
[0.020s][info][gc,init] Heap Max Capacity: 512M
[0.031s][info][gc,init] Pre-touch: Disabled
[0.031s][info][gc,init] Parallel Workers: 33
[0.032s][info][gc,metaspace] CDS archive(s) mapped at: [0x0000000800000000-0x0000000800c60000-0x0000000800c60000), size 12976128, SharedBaseAddress: 0x0000000800000000, ArchiveRelocationMode: 0.
[0.032s][info][gc,metaspace] Compressed class space mapped at: 0x0000000801000000-0x0000000841000000, reserved size: 1073741824
[0.032s][info][gc,metaspace] Narrow klass base: 0x0000000800000000, Narrow klass shift: 0, Narrow klass range: 0x100000000
[0.977s][info][gc,start    ] GC(0) Pause Young (Allocation Failure)
[0.997s][info][gc,heap     ] GC(0) PSYoungGen: 131584K(153088K)->21492K(153088K) Eden: 131584K(131584K)->0K(131584K) From: 0K(21504K)->21492K(21504K)
[0.997s][info][gc,heap     ] GC(0) ParOldGen: 0K(349696K)->5240K(349696K)
[0.997s][info][gc,metaspace] GC(0) Metaspace: 5137K(5312K)->5137K(5312K) NonClass: 4716K(4800K)->4716K(4800K) Class: 420K(512K)->420K(512K)
[0.997s][info][gc          ] GC(0) Pause Young (Allocation Failure) 128M->26M(491M) 20.679ms
[0.997s][info][gc,cpu      ] GC(0) User=0.13s Sys=0.05s Real=0.02s
[1.295s][info][gc,start    ] GC(1) Pause Young (Allocation Failure)
[1.338s][info][gc,heap     ] GC(1) PSYoungGen: 153076K(153088K)->21498K(153088K) Eden: 131584K(131584K)->0K(131584K) From: 21492K(21504K)->21498K(21504K)
[1.338s][info][gc,heap     ] GC(1) ParOldGen: 5240K(349696K)->38352K(349696K)
[1.338s][info][gc,metaspace] GC(1) Metaspace: 5149K(5312K)->5149K(5312K) NonClass: 4729K(4800K)->4729K(4800K) Class: 420K(512K)->420K(512K)
[1.338s][info][gc          ] GC(1) Pause Young (Allocation Failure) 154M->58M(491M) 42.550ms
[1.338s][info][gc,cpu      ] GC(1) User=0.50s Sys=0.03s Real=0.05s
[1.604s][info][gc,start    ] GC(2) Pause Young (Allocation Failure)
[1.647s][info][gc,heap     ] GC(2) PSYoungGen: 153082K(153088K)->21480K(153088K) Eden: 131584K(131584K)->0K(131584K) From: 21498K(21504K)->21480K(21504K)
[1.647s][info][gc,heap     ] GC(2) ParOldGen: 38352K(349696K)->70992K(349696K)
[1.647s][info][gc,metaspace] GC(2) Metaspace: 5150K(5312K)->5150K(5312K) NonClass: 4730K(4800K)->4730K(4800K) Class: 420K(512K)->420K(512K)
[1.647s][info][gc          ] GC(2) Pause Young (Allocation Failure) 186M->90M(491M) 43.351ms
[1.647s][info][gc,cpu      ] GC(2) User=0.33s Sys=0.02s Real=0.03s
[1.921s][info][gc,start    ] GC(3) Pause Young (Allocation Failure)
[1.967s][info][gc,heap     ] GC(3) PSYoungGen: 153064K(153088K)->21480K(153088K) Eden: 131584K(131584K)->0K(131584K) From: 21480K(21504K)->21480K(21504K)
[1.967s][info][gc,heap     ] GC(3) ParOldGen: 70992K(349696K)->103592K(349696K)
[1.967s][info][gc,metaspace] GC(3) Metaspace: 5173K(5376K)->5173K(5376K) NonClass: 4752K(4864K)->4752K(4864K) Class: 420K(512K)->420K(512K)
[1.968s][info][gc          ] GC(3) Pause Young (Allocation Failure) 218M->122M(491M) 46.200ms
[1.968s][info][gc,cpu      ] GC(3) User=0.34s Sys=0.00s Real=0.03s
[2.691s][info][gc,start    ] GC(4) Pause Young (Allocation Failure)
[2.727s][info][gc,heap     ] GC(4) PSYoungGen: 153064K(153088K)->21498K(153088K) Eden: 131584K(131584K)->0K(131584K) From: 21480K(21504K)->21498K(21504K)
[2.727s][info][gc,heap     ] GC(4) ParOldGen: 103592K(349696K)->132592K(349696K)
[2.727s][info][gc,metaspace] GC(4) Metaspace: 5394K(5632K)->5394K(5632K) NonClass: 4968K(5120K)->4968K(5120K) Class: 425K(512K)->425K(512K)
[2.727s][info][gc          ] GC(4) Pause Young (Allocation Failure) 250M->150M(491M) 36.339ms
[2.727s][info][gc,cpu      ] GC(4) User=0.56s Sys=0.00s Real=0.05s
[2.975s][info][gc,start    ] GC(5) Pause Young (Allocation Failure)
[3.005s][info][gc,heap     ] GC(5) PSYoungGen: 153082K(153088K)->21498K(80384K) Eden: 131584K(131584K)->0K(58880K) From: 21498K(21504K)->21498K(21504K)
[3.005s][info][gc,heap     ] GC(5) ParOldGen: 132592K(349696K)->136528K(349696K)
[3.005s][info][gc,metaspace] GC(5) Metaspace: 5395K(5632K)->5395K(5632K) NonClass: 4969K(5120K)->4969K(5120K) Class: 425K(512K)->425K(512K)
[3.005s][info][gc          ] GC(5) Pause Young (Allocation Failure) 278M->154M(420M) 30.017ms
[3.005s][info][gc,cpu      ] GC(5) User=0.38s Sys=0.00s Real=0.03s
[3.164s][info][gc,start    ] GC(6) Pause Young (Allocation Failure)
[3.263s][info][gc,heap     ] GC(6) PSYoungGen: 80378K(80384K)->18448K(116736K) Eden: 58880K(58880K)->0K(58880K) From: 21498K(21504K)->18448K(57856K)
[3.263s][info][gc,heap     ] GC(6) ParOldGen: 136528K(349696K)->141397K(349696K)
[3.263s][info][gc,metaspace] GC(6) Metaspace: 5397K(5632K)->5397K(5632K) NonClass: 4971K(5120K)->4971K(5120K) Class: 425K(512K)->425K(512K)
[3.263s][info][gc          ] GC(6) Pause Young (Allocation Failure) 211M->156M(455M) 99.842ms
[3.263s][info][gc,cpu      ] GC(6) User=0.98s Sys=0.00s Real=0.09s
[3.423s][info][gc,start    ] GC(7) Pause Young (Allocation Failure)
[3.444s][info][gc,heap     ] GC(7) PSYoungGen: 77328K(116736K)->12064K(116736K) Eden: 58880K(58880K)->0K(58880K) From: 18448K(57856K)->12064K(57856K)
[3.444s][info][gc,heap     ] GC(7) ParOldGen: 141397K(349696K)->148574K(349696K)
[3.444s][info][gc,metaspace] GC(7) Metaspace: 5406K(5632K)->5406K(5632K) NonClass: 4980K(5120K)->4980K(5120K) Class: 425K(512K)->425K(512K)
[3.445s][info][gc          ] GC(7) Pause Young (Allocation Failure) 213M->156M(455M) 21.461ms
[3.445s][info][gc,cpu      ] GC(7) User=0.16s Sys=0.00s Real=0.02s
[3.534s][info][gc,start    ] GC(8) Pause Young (Allocation Failure)
[3.555s][info][gc,heap     ] GC(8) PSYoungGen: 70944K(116736K)->15200K(116736K) Eden: 58880K(58880K)->0K(58880K) From: 12064K(57856K)->15200K(57856K)
[3.555s][info][gc,heap     ] GC(8) ParOldGen: 148574K(349696K)->156934K(349696K)
[3.555s][info][gc,metaspace] GC(8) Metaspace: 5406K(5632K)->5406K(5632K) NonClass: 4980K(5120K)->4980K(5120K) Class: 425K(512K)->425K(512K)
[3.555s][info][gc          ] GC(8) Pause Young (Allocation Failure) 214M->168M(455M) 21.131ms
[3.555s][info][gc,cpu      ] GC(8) User=0.16s Sys=0.00s Real=0.02s
[3.618s][info][gc,start    ] GC(9) Pause Young (Allocation Failure)
[3.633s][info][gc,heap     ] GC(9) PSYoungGen: 74080K(116736K)->11712K(116736K) Eden: 58880K(58880K)->0K(58880K) From: 15200K(57856K)->11712K(57856K)
[3.634s][info][gc,heap     ] GC(9) ParOldGen: 156934K(349696K)->160526K(349696K)
[3.634s][info][gc,metaspace] GC(9) Metaspace: 5406K(5632K)->5406K(5632K) NonClass: 4980K(5120K)->4980K(5120K) Class: 425K(512K)->425K(512K)
[3.634s][info][gc          ] GC(9) Pause Young (Allocation Failure) 225M->168M(455M) 15.457ms
[3.634s][info][gc,cpu      ] GC(9) User=0.16s Sys=0.00s Real=0.02s
[3.697s][info][gc,start    ] GC(10) Pause Young (Allocation Failure)
[3.719s][info][gc,heap     ] GC(10) PSYoungGen: 70592K(116736K)->32K(116736K) Eden: 58880K(58880K)->0K(58880K) From: 11712K(57856K)->32K(57856K)
[3.719s][info][gc,heap     ] GC(10) ParOldGen: 160526K(349696K)->172134K(349696K)
[3.719s][info][gc,metaspace] GC(10) Metaspace: 5406K(5632K)->5406K(5632K) NonClass: 4980K(5120K)->4980K(5120K) Class: 425K(512K)->425K(512K)
[3.719s][info][gc          ] GC(10) Pause Young (Allocation Failure) 225M->168M(455M) 22.115ms
[3.719s][info][gc,cpu      ] GC(10) User=0.03s Sys=0.00s Real=0.02s
[3.781s][info][gc,start    ] GC(11) Pause Young (Allocation Failure)
[3.782s][info][gc,heap     ] GC(11) PSYoungGen: 58912K(116736K)->192K(116736K) Eden: 58880K(58880K)->0K(58880K) From: 32K(57856K)->192K(57856K)
[3.782s][info][gc,heap     ] GC(11) ParOldGen: 172134K(349696K)->172134K(349696K)
[3.782s][info][gc,metaspace] GC(11) Metaspace: 5406K(5632K)->5406K(5632K) NonClass: 4980K(5120K)->4980K(5120K) Class: 425K(512K)->425K(512K)
[3.782s][info][gc          ] GC(11) Pause Young (Allocation Failure) 225M->168M(455M) 0.774ms
[3.782s][info][gc,cpu      ] GC(11) User=0.00s Sys=0.00s Real=0.00s
[3.961s][info][gc,start    ] GC(12) Pause Young (Allocation Failure)
[3.963s][info][gc,heap     ] GC(12) PSYoungGen: 59072K(116736K)->3776K(116736K) Eden: 58880K(58880K)->0K(58880K) From: 192K(57856K)->3776K(57856K)
[3.963s][info][gc,heap     ] GC(12) ParOldGen: 172134K(349696K)->172134K(349696K)
[3.963s][info][gc,metaspace] GC(12) Metaspace: 5406K(5632K)->5406K(5632K) NonClass: 4980K(5120K)->4980K(5120K) Class: 425K(512K)->425K(512K)
[3.963s][info][gc          ] GC(12) Pause Young (Allocation Failure) 225M->171M(455M) 2.207ms
[3.963s][info][gc,cpu      ] GC(12) User=0.00s Sys=0.00s Real=0.00s
[4.320s][info][gc,start    ] GC(13) Pause Young (Allocation Failure)
[4.339s][info][gc,heap     ] GC(13) PSYoungGen: 62656K(116736K)->16128K(116736K) Eden: 58880K(58880K)->0K(58880K) From: 3776K(57856K)->16128K(57856K)
[4.339s][info][gc,heap     ] GC(13) ParOldGen: 172134K(349696K)->175774K(349696K)
[4.339s][info][gc,metaspace] GC(13) Metaspace: 5406K(5632K)->5406K(5632K) NonClass: 4980K(5120K)->4980K(5120K) Class: 425K(512K)->425K(512K)
[4.339s][info][gc          ] GC(13) Pause Young (Allocation Failure) 229M->187M(455M) 18.644ms
[4.339s][info][gc,cpu      ] GC(13) User=0.16s Sys=0.00s Real=0.02s
[4.399s][info][gc,start    ] GC(14) Pause Young (Allocation Failure)
[4.422s][info][gc,heap     ] GC(14) PSYoungGen: 75008K(116736K)->32K(116736K) Eden: 58880K(58880K)->0K(58880K) From: 16128K(57856K)->32K(57856K)
[4.422s][info][gc,heap     ] GC(14) ParOldGen: 175774K(349696K)->191838K(349696K)
[4.422s][info][gc,metaspace] GC(14) Metaspace: 5406K(5632K)->5406K(5632K) NonClass: 4980K(5120K)->4980K(5120K) Class: 425K(512K)->425K(512K)
[4.422s][info][gc          ] GC(14) Pause Young (Allocation Failure) 244M->187M(455M) 23.054ms
[4.423s][info][gc,cpu      ] GC(14) User=0.30s Sys=0.02s Real=0.03s
[4.486s][info][gc,start    ] GC(15) Pause Young (Allocation Failure)
[4.486s][info][gc,heap     ] GC(15) PSYoungGen: 58912K(116736K)->96K(116736K) Eden: 58880K(58880K)->0K(58880K) From: 32K(57856K)->96K(57856K)
[4.486s][info][gc,heap     ] GC(15) ParOldGen: 191838K(349696K)->191838K(349696K)
[4.486s][info][gc,metaspace] GC(15) Metaspace: 5406K(5632K)->5406K(5632K) NonClass: 4980K(5120K)->4980K(5120K) Class: 425K(512K)->425K(512K)
[4.487s][info][gc          ] GC(15) Pause Young (Allocation Failure) 244M->187M(455M) 0.719ms
[4.487s][info][gc,cpu      ] GC(15) User=0.00s Sys=0.00s Real=0.00s
[4.560s][info][gc,start    ] GC(16) Pause Young (Allocation Failure)
[4.561s][info][gc,heap     ] GC(16) PSYoungGen: 58976K(116736K)->64K(116736K) Eden: 58880K(58880K)->0K(58880K) From: 96K(57856K)->64K(57856K)
[4.561s][info][gc,heap     ] GC(16) ParOldGen: 191838K(349696K)->191838K(349696K)
[4.561s][info][gc,metaspace] GC(16) Metaspace: 5406K(5632K)->5406K(5632K) NonClass: 4980K(5120K)->4980K(5120K) Class: 425K(512K)->425K(512K)
[4.561s][info][gc          ] GC(16) Pause Young (Allocation Failure) 244M->187M(455M) 0.687ms
[4.561s][info][gc,cpu      ] GC(16) User=0.00s Sys=0.02s Real=0.02s
[4.622s][info][gc,start    ] GC(17) Pause Young (Allocation Failure)
[4.622s][info][gc,heap     ] GC(17) PSYoungGen: 58944K(116736K)->96K(116736K) Eden: 58880K(58880K)->0K(58880K) From: 64K(57856K)->96K(57856K)
[4.622s][info][gc,heap     ] GC(17) ParOldGen: 191838K(349696K)->191838K(349696K)
[4.622s][info][gc,metaspace] GC(17) Metaspace: 5406K(5632K)->5406K(5632K) NonClass: 4980K(5120K)->4980K(5120K) Class: 425K(512K)->425K(512K)
[4.622s][info][gc          ] GC(17) Pause Young (Allocation Failure) 244M->187M(455M) 0.558ms
[4.622s][info][gc,cpu      ] GC(17) User=0.00s Sys=0.00s Real=0.00s
[4.815s][info][gc,start    ] GC(18) Pause Young (Allocation Failure)
[4.822s][info][gc,heap     ] GC(18) PSYoungGen: 58976K(116736K)->9088K(116736K) Eden: 58880K(58880K)->0K(58880K) From: 96K(57856K)->9088K(57856K)
[4.822s][info][gc,heap     ] GC(18) ParOldGen: 191838K(349696K)->191846K(349696K)
[4.822s][info][gc,metaspace] GC(18) Metaspace: 5458K(5632K)->5458K(5632K) NonClass: 5032K(5120K)->5032K(5120K) Class: 426K(512K)->426K(512K)
[4.822s][info][gc          ] GC(18) Pause Young (Allocation Failure) 244M->196M(455M) 6.974ms
[4.822s][info][gc,cpu      ] GC(18) User=0.00s Sys=0.00s Real=0.00s
[4.980s][info][gc,start    ] GC(19) Pause Young (Allocation Failure)
[4.996s][info][gc,heap     ] GC(19) PSYoungGen: 67968K(116736K)->22336K(116736K) Eden: 58880K(58880K)->0K(58880K) From: 9088K(57856K)->22336K(57856K)
[4.996s][info][gc,heap     ] GC(19) ParOldGen: 191846K(349696K)->193422K(349696K)
[4.996s][info][gc,metaspace] GC(19) Metaspace: 5464K(5632K)->5464K(5632K) NonClass: 5038K(5120K)->5038K(5120K) Class: 426K(512K)->426K(512K)
[4.996s][info][gc          ] GC(19) Pause Young (Allocation Failure) 253M->210M(455M) 16.285ms
[4.996s][info][gc,cpu      ] GC(19) User=0.16s Sys=0.00s Real=0.02s
[5.056s][info][gc,start    ] GC(20) Pause Young (Allocation Failure)
[5.077s][info][gc,heap     ] GC(20) PSYoungGen: 81216K(116736K)->3136K(62464K) Eden: 58880K(58880K)->0K(58880K) From: 22336K(57856K)->3136K(3584K)
[5.077s][info][gc,heap     ] GC(20) ParOldGen: 193422K(349696K)->215806K(349696K)
[5.077s][info][gc,metaspace] GC(20) Metaspace: 5464K(5632K)->5464K(5632K) NonClass: 5038K(5120K)->5038K(5120K) Class: 426K(512K)->426K(512K)
[5.077s][info][gc          ] GC(20) Pause Young (Allocation Failure) 268M->213M(402M) 20.941ms
[5.077s][info][gc,cpu      ] GC(20) User=0.16s Sys=0.00s Real=0.02s
[5.157s][info][gc,start    ] GC(21) Pause Young (Allocation Failure)
[5.167s][info][gc,heap     ] GC(21) PSYoungGen: 62016K(62464K)->2624K(118784K) Eden: 58880K(58880K)->0K(61440K) From: 3136K(3584K)->2624K(57344K)
[5.167s][info][gc,heap     ] GC(21) ParOldGen: 215806K(349696K)->218854K(349696K)
[5.167s][info][gc,metaspace] GC(21) Metaspace: 5464K(5632K)->5464K(5632K) NonClass: 5038K(5120K)->5038K(5120K) Class: 426K(512K)->426K(512K)
[5.168s][info][gc          ] GC(21) Pause Young (Allocation Failure) 271M->216M(457M) 10.234ms
[5.168s][info][gc,cpu      ] GC(21) User=0.14s Sys=0.02s Real=0.01s
[5.247s][info][gc,start    ] GC(22) Pause Young (Allocation Failure)
[5.257s][info][gc,heap     ] GC(22) PSYoungGen: 64064K(118784K)->4000K(65536K) Eden: 61440K(61440K)->0K(61440K) From: 2624K(57344K)->4000K(4096K)
[5.257s][info][gc,heap     ] GC(22) ParOldGen: 218854K(349696K)->221358K(349696K)
[5.257s][info][gc,metaspace] GC(22) Metaspace: 5464K(5632K)->5464K(5632K) NonClass: 5038K(5120K)->5038K(5120K) Class: 426K(512K)->426K(512K)
[5.257s][info][gc          ] GC(22) Pause Young (Allocation Failure) 276M->220M(405M) 10.806ms
[5.257s][info][gc,cpu      ] GC(22) User=0.03s Sys=0.00s Real=0.02s
[5.287s][info][gc,start    ] GC(23) Pause Young (System.gc())
[5.295s][info][gc,heap     ] GC(23) PSYoungGen: 16278K(65536K)->832K(110592K) Eden: 12278K(61440K)->0K(62464K) From: 4000K(4096K)->832K(48128K)
[5.295s][info][gc,heap     ] GC(23) ParOldGen: 221358K(349696K)->223390K(349696K)
[5.295s][info][gc,metaspace] GC(23) Metaspace: 5521K(5696K)->5521K(5696K) NonClass: 5091K(5184K)->5091K(5184K) Class: 430K(512K)->430K(512K)
[5.295s][info][gc          ] GC(23) Pause Young (System.gc()) 232M->218M(449M) 7.968ms
[5.295s][info][gc,cpu      ] GC(23) User=0.00s Sys=0.00s Real=0.00s
[5.295s][info][gc,start    ] GC(24) Pause Full (System.gc())
[5.295s][info][gc,phases,start] GC(24) Marking Phase
[5.362s][info][gc,phases      ] GC(24) Marking Phase 66.980ms
[5.362s][info][gc,phases,start] GC(24) Summary Phase
[5.362s][info][gc,phases      ] GC(24) Summary Phase 0.017ms
[5.362s][info][gc,phases,start] GC(24) Adjust Roots
[5.366s][info][gc,phases      ] GC(24) Adjust Roots 3.238ms
[5.366s][info][gc,phases,start] GC(24) Compaction Phase
[5.539s][info][gc,phases      ] GC(24) Compaction Phase 173.479ms
[5.539s][info][gc,phases,start] GC(24) Post Compact
[5.541s][info][gc,phases      ] GC(24) Post Compact 1.994ms
[5.541s][info][gc,heap        ] GC(24) PSYoungGen: 832K(110592K)->0K(110592K) Eden: 0K(62464K)->0K(62464K) From: 832K(48128K)->0K(48128K)
[5.541s][info][gc,heap        ] GC(24) ParOldGen: 223390K(349696K)->175949K(349696K)
[5.541s][info][gc,metaspace   ] GC(24) Metaspace: 5521K(5696K)->5521K(5696K) NonClass: 5091K(5184K)->5091K(5184K) Class: 430K(512K)->430K(512K)
[5.542s][info][gc             ] GC(24) Pause Full (System.gc()) 218M->171M(449M) 246.105ms
[5.542s][info][gc,cpu         ] GC(24) User=2.13s Sys=0.00s Real=0.24s
[5.922s][info][gc,start       ] GC(25) Pause Young (Allocation Failure)
[5.926s][info][gc,heap        ] GC(25) PSYoungGen: 62464K(110592K)->2464K(112640K) Eden: 62464K(62464K)->0K(62464K) From: 0K(48128K)->2464K(50176K)
[5.926s][info][gc,heap        ] GC(25) ParOldGen: 175949K(349696K)->175957K(349696K)
[5.926s][info][gc,metaspace   ] GC(25) Metaspace: 5896K(6144K)->5896K(6144K) NonClass: 5458K(5568K)->5458K(5568K) Class: 438K(576K)->438K(576K)
[5.926s][info][gc             ] GC(25) Pause Young (Allocation Failure) 232M->174M(451M) 4.189ms
[5.926s][info][gc,cpu         ] GC(25) User=0.00s Sys=0.00s Real=0.00s
[7.054s][info][gc,start       ] GC(26) Pause Young (Allocation Failure)
[7.058s][info][gc,heap        ] GC(26) PSYoungGen: 64928K(112640K)->3648K(119808K) Eden: 62464K(62464K)->0K(76800K) From: 2464K(50176K)->3648K(43008K)
[7.059s][info][gc,heap        ] GC(26) ParOldGen: 175957K(349696K)->177437K(349696K)
[7.059s][info][gc,metaspace   ] GC(26) Metaspace: 5991K(6208K)->5991K(6208K) NonClass: 5553K(5632K)->5553K(5632K) Class: 438K(576K)->438K(576K)
[7.059s][info][gc             ] GC(26) Pause Young (Allocation Failure) 235M->176M(458M) 4.853ms
[7.059s][info][gc,cpu         ] GC(26) User=0.00s Sys=0.00s Real=0.00s
[8.540s][info][gc,start       ] GC(27) Pause Young (Allocation Failure)
[8.545s][info][gc,heap        ] GC(27) PSYoungGen: 80448K(119808K)->4064K(121856K) Eden: 76800K(76800K)->0K(76800K) From: 3648K(43008K)->4064K(45056K)
[8.545s][info][gc,heap        ] GC(27) ParOldGen: 177437K(349696K)->179773K(349696K)
[8.545s][info][gc,metaspace   ] GC(27) Metaspace: 6003K(6208K)->6003K(6208K) NonClass: 5565K(5632K)->5565K(5632K) Class: 438K(576K)->438K(576K)
[8.545s][info][gc             ] GC(27) Pause Young (Allocation Failure) 251M->179M(460M) 4.958ms
[8.545s][info][gc,cpu         ] GC(27) User=0.00s Sys=0.00s Real=0.00s
[10.277s][info][gc,start       ] GC(28) Pause Young (Allocation Failure)
[10.283s][info][gc,heap        ] GC(28) PSYoungGen: 80864K(121856K)->5328K(124928K) Eden: 76800K(76800K)->0K(87040K) From: 4064K(45056K)->5328K(37888K)
[10.283s][info][gc,heap        ] GC(28) ParOldGen: 179773K(349696K)->182317K(349696K)
[10.283s][info][gc,metaspace   ] GC(28) Metaspace: 6071K(6272K)->6071K(6272K) NonClass: 5628K(5696K)->5628K(5696K) Class: 442K(576K)->442K(576K)
[10.283s][info][gc             ] GC(28) Pause Young (Allocation Failure) 254M->183M(463M) 6.268ms
[10.283s][info][gc,cpu         ] GC(28) User=0.36s Sys=0.00s Real=0.01s
[10.758s][info][gc,start       ] GC(29) Pause Young (Allocation Failure)
[10.768s][info][gc,heap        ] GC(29) PSYoungGen: 92368K(124928K)->14144K(126976K) Eden: 87040K(87040K)->0K(87040K) From: 5328K(37888K)->14144K(39936K)
[10.768s][info][gc,heap        ] GC(29) ParOldGen: 182317K(349696K)->185145K(349696K)
[10.768s][info][gc,metaspace   ] GC(29) Metaspace: 6072K(6272K)->6072K(6272K) NonClass: 5629K(5696K)->5629K(5696K) Class: 442K(576K)->442K(576K)
[10.768s][info][gc             ] GC(29) Pause Young (Allocation Failure) 268M->194M(465M) 10.224ms
[10.768s][info][gc,cpu         ] GC(29) User=0.25s Sys=0.00s Real=0.02s
[10.880s][info][gc,start       ] GC(30) Pause Young (Allocation Failure)
[10.897s][info][gc,heap        ] GC(30) PSYoungGen: 101184K(126976K)->11520K(129536K) Eden: 87040K(87040K)->0K(95744K) From: 14144K(39936K)->11520K(33792K)
[10.897s][info][gc,heap        ] GC(30) ParOldGen: 185145K(349696K)->198193K(349696K)
[10.897s][info][gc,metaspace   ] GC(30) Metaspace: 6072K(6272K)->6072K(6272K) NonClass: 5629K(5696K)->5629K(5696K) Class: 442K(576K)->442K(576K)
[10.897s][info][gc             ] GC(30) Pause Young (Allocation Failure) 279M->204M(468M) 16.669ms
[10.897s][info][gc,cpu         ] GC(30) User=0.20s Sys=0.00s Real=0.01s
[11.019s][info][gc,start       ] GC(31) Pause Young (Allocation Failure)
[11.030s][info][gc,heap        ] GC(31) PSYoungGen: 107264K(129536K)->1984K(132608K) Eden: 95744K(95744K)->0K(95744K) From: 11520K(33792K)->1984K(36864K)
[11.030s][info][gc,heap        ] GC(31) ParOldGen: 198193K(349696K)->209577K(349696K)
[11.030s][info][gc,metaspace   ] GC(31) Metaspace: 6072K(6272K)->6072K(6272K) NonClass: 5629K(5696K)->5629K(5696K) Class: 442K(576K)->442K(576K)
[11.030s][info][gc             ] GC(31) Pause Young (Allocation Failure) 298M->206M(471M) 11.352ms
[11.030s][info][gc,cpu         ] GC(31) User=0.00s Sys=0.00s Real=0.00s
[11.064s][info][gc,heap,exit   ] Heap
[11.064s][info][gc,heap,exit   ]  PSYoungGen      total 132608K, used 8724K [0x00000000f5580000, 0x0000000100000000, 0x0000000100000000)
[11.064s][info][gc,heap,exit   ]   eden space 95744K, 7% used [0x00000000f5580000,0x00000000f5c15008,0x00000000fb300000)
[11.064s][info][gc,heap,exit   ]   from space 36864K, 5% used [0x00000000fb300000,0x00000000fb4f0010,0x00000000fd700000)
[11.064s][info][gc,heap,exit   ]   to   space 35328K, 0% used [0x00000000fdd80000,0x00000000fdd80000,0x0000000100000000)
[11.064s][info][gc,heap,exit   ]  ParOldGen       total 349696K, used 209577K [0x00000000e0000000, 0x00000000f5580000, 0x00000000f5580000)
[11.064s][info][gc,heap,exit   ]   object space 349696K, 59% used [0x00000000e0000000,0x00000000eccaa520,0x00000000f5580000)
[11.064s][info][gc,heap,exit   ]  Metaspace       used 6115K, committed 6400K, reserved 1114112K
[11.064s][info][gc,heap,exit   ]   class space    used 448K, committed 576K, reserved 1048576K
