[0.015s][info][gc,init] CardTable entry size: 512
[0.015s][info][gc     ] Using Parallel
[0.024s][info][gc,init] Version: 20+36-2344 (release)
[0.024s][info][gc,init] CPUs: 48 total, 48 available
[0.024s][info][gc,init] Memory: 382G
[0.024s][info][gc,init] Large Page Support: Disabled
[0.024s][info][gc,init] NUMA Support: Disabled
[0.025s][info][gc,init] Compressed Oops: Enabled (32-bit)
[0.025s][info][gc,init] Alignments: Space 512K, Generation 512K, Heap 2M
[0.025s][info][gc,init] Heap Min Capacity: 8M
[0.025s][info][gc,init] Heap Initial Capacity: 2G
[0.025s][info][gc,init] Heap Max Capacity: 2G
[0.032s][info][gc,init] Pre-touch: Disabled
[0.032s][info][gc,init] Parallel Workers: 33
[0.033s][info][gc,metaspace] CDS archive(s) mapped at: [0x0000000800000000-0x0000000800c60000-0x0000000800c60000), size 12976128, SharedBaseAddress: 0x0000000800000000, ArchiveRelocationMode: 0.
[0.033s][info][gc,metaspace] Compressed class space mapped at: 0x0000000801000000-0x0000000841000000, reserved size: 1073741824
[0.033s][info][gc,metaspace] Narrow klass base: 0x0000000800000000, Narrow klass shift: 0, Narrow klass range: 0x100000000
[1.844s][info][gc,start    ] GC(0) Pause Young (Allocation Failure)
[1.914s][info][gc,heap     ] GC(0) PSYoungGen: 524800K(611840K)->87028K(611840K) Eden: 524800K(524800K)->0K(524800K) From: 0K(87040K)->87028K(87040K)
[1.914s][info][gc,heap     ] GC(0) ParOldGen: 0K(1398272K)->15936K(1398272K)
[1.914s][info][gc,metaspace] GC(0) Metaspace: 5151K(5312K)->5151K(5312K) NonClass: 4731K(4800K)->4731K(4800K) Class: 420K(512K)->420K(512K)
[1.914s][info][gc          ] GC(0) Pause Young (Allocation Failure) 512M->100M(1963M) 70.131ms
[1.914s][info][gc,cpu      ] GC(0) User=0.56s Sys=1.50s Real=0.06s
[3.500s][info][gc,start    ] GC(1) Pause Young (Allocation Failure)
[3.602s][info][gc,heap     ] GC(1) PSYoungGen: 611828K(611840K)->87016K(611840K) Eden: 524800K(524800K)->0K(524800K) From: 87028K(87040K)->87016K(87040K)
[3.602s][info][gc,heap     ] GC(1) ParOldGen: 15936K(1398272K)->81752K(1398272K)
[3.602s][info][gc,metaspace] GC(1) Metaspace: 5408K(5632K)->5408K(5632K) NonClass: 4982K(5120K)->4982K(5120K) Class: 426K(512K)->426K(512K)
[3.603s][info][gc          ] GC(1) Pause Young (Allocation Failure) 613M->164M(1963M) 102.626ms
[3.603s][info][gc,cpu      ] GC(1) User=0.78s Sys=2.31s Real=0.09s
[4.716s][info][gc,start    ] GC(2) Pause Young (Allocation Failure)
[4.760s][info][gc,heap     ] GC(2) PSYoungGen: 611816K(611840K)->87018K(611840K) Eden: 524800K(524800K)->0K(524800K) From: 87016K(87040K)->87018K(87040K)
[4.760s][info][gc,heap     ] GC(2) ParOldGen: 81752K(1398272K)->97464K(1398272K)
[4.760s][info][gc,metaspace] GC(2) Metaspace: 5408K(5632K)->5408K(5632K) NonClass: 4982K(5120K)->4982K(5120K) Class: 426K(512K)->426K(512K)
[4.760s][info][gc          ] GC(2) Pause Young (Allocation Failure) 677M->180M(1963M) 44.020ms
[4.760s][info][gc,cpu      ] GC(2) User=0.89s Sys=0.14s Real=0.03s
[5.432s][info][gc,start    ] GC(3) Pause Young (System.gc())
[5.488s][info][gc,heap     ] GC(3) PSYoungGen: 435014K(611840K)->87034K(611840K) Eden: 347996K(524800K)->0K(524800K) From: 87018K(87040K)->87034K(87040K)
[5.488s][info][gc,heap     ] GC(3) ParOldGen: 97464K(1398272K)->104176K(1398272K)
[5.488s][info][gc,metaspace] GC(3) Metaspace: 5522K(5696K)->5522K(5696K) NonClass: 5092K(5184K)->5092K(5184K) Class: 430K(512K)->430K(512K)
[5.488s][info][gc          ] GC(3) Pause Young (System.gc()) 519M->186M(1963M) 56.242ms
[5.488s][info][gc,cpu      ] GC(3) User=2.00s Sys=0.00s Real=0.06s
[5.488s][info][gc,start    ] GC(4) Pause Full (System.gc())
[5.488s][info][gc,phases,start] GC(4) Marking Phase
[5.526s][info][gc,phases      ] GC(4) Marking Phase 37.679ms
[5.526s][info][gc,phases,start] GC(4) Summary Phase
[5.526s][info][gc,phases      ] GC(4) Summary Phase 0.022ms
[5.526s][info][gc,phases,start] GC(4) Adjust Roots
[5.529s][info][gc,phases      ] GC(4) Adjust Roots 3.306ms
[5.529s][info][gc,phases,start] GC(4) Compaction Phase
[5.644s][info][gc,phases      ] GC(4) Compaction Phase 114.590ms
[5.644s][info][gc,phases,start] GC(4) Post Compact
[5.648s][info][gc,phases      ] GC(4) Post Compact 4.164ms
[5.648s][info][gc,heap        ] GC(4) PSYoungGen: 87034K(611840K)->0K(611840K) Eden: 0K(524800K)->0K(524800K) From: 87034K(87040K)->0K(87040K)
[5.648s][info][gc,heap        ] GC(4) ParOldGen: 104176K(1398272K)->175153K(1398272K)
[5.648s][info][gc,metaspace   ] GC(4) Metaspace: 5522K(5696K)->5522K(5696K) NonClass: 5092K(5184K)->5092K(5184K) Class: 430K(512K)->430K(512K)
[5.648s][info][gc             ] GC(4) Pause Full (System.gc()) 186M->171M(1963M) 160.244ms
[5.649s][info][gc,cpu         ] GC(4) User=3.70s Sys=0.03s Real=0.16s
[11.225s][info][gc,start       ] GC(5) Pause Young (Allocation Failure)
[11.244s][info][gc,heap        ] GC(5) PSYoungGen: 524800K(611840K)->30048K(611840K) Eden: 524800K(524800K)->0K(524800K) From: 0K(87040K)->30048K(87040K)
[11.244s][info][gc,heap        ] GC(5) ParOldGen: 175153K(1398272K)->175161K(1398272K)
[11.244s][info][gc,metaspace   ] GC(5) Metaspace: 6076K(6336K)->6076K(6336K) NonClass: 5632K(5760K)->5632K(5760K) Class: 443K(576K)->443K(576K)
[11.244s][info][gc             ] GC(5) Pause Young (Allocation Failure) 683M->200M(1963M) 19.246ms
[11.244s][info][gc,cpu         ] GC(5) User=1.03s Sys=0.00s Real=0.03s
[11.365s][info][gc,heap,exit   ] Heap
[11.365s][info][gc,heap,exit   ]  PSYoungGen      total 611840K, used 130496K [0x00000000d5580000, 0x0000000100000000, 0x0000000100000000)
[11.365s][info][gc,heap,exit   ]   eden space 524800K, 19% used [0x00000000d5580000,0x00000000db7982d8,0x00000000f5600000)
[11.365s][info][gc,heap,exit   ]   from space 87040K, 34% used [0x00000000f5600000,0x00000000f7358040,0x00000000fab00000)
[11.365s][info][gc,heap,exit   ]   to   space 87040K, 0% used [0x00000000fab00000,0x00000000fab00000,0x0000000100000000)
[11.365s][info][gc,heap,exit   ]  ParOldGen       total 1398272K, used 175161K [0x0000000080000000, 0x00000000d5580000, 0x00000000d5580000)
[11.365s][info][gc,heap,exit   ]   object space 1398272K, 12% used [0x0000000080000000,0x000000008ab0e578,0x00000000d5580000)
[11.365s][info][gc,heap,exit   ]  Metaspace       used 6119K, committed 6400K, reserved 1114112K
[11.365s][info][gc,heap,exit   ]   class space    used 448K, committed 576K, reserved 1048576K
