[0.015s][info][gc,init] CardTable entry size: 512
[0.016s][info][gc     ] Using Parallel
[0.027s][info][gc,init] Version: 20+36-2344 (release)
[0.027s][info][gc,init] CPUs: 48 total, 48 available
[0.027s][info][gc,init] Memory: 382G
[0.027s][info][gc,init] Large Page Support: Disabled
[0.027s][info][gc,init] NUMA Support: Disabled
[0.027s][info][gc,init] Compressed Oops: Enabled (Zero based)
[0.027s][info][gc,init] Alignments: Space 512K, Generation 512K, Heap 2M
[0.027s][info][gc,init] Heap Min Capacity: 8M
[0.027s][info][gc,init] Heap Initial Capacity: 2G
[0.027s][info][gc,init] Heap Max Capacity: 4G
[0.035s][info][gc,init] Pre-touch: Disabled
[0.035s][info][gc,init] Parallel Workers: 33
[0.036s][info][gc,metaspace] CDS archive(s) mapped at: [0x0000000800000000-0x0000000800c60000-0x0000000800c60000), size 12976128, SharedBaseAddress: 0x0000000800000000, ArchiveRelocationMode: 0.
[0.036s][info][gc,metaspace] Compressed class space mapped at: 0x0000000801000000-0x0000000841000000, reserved size: 1073741824
[0.036s][info][gc,metaspace] Narrow klass base: 0x0000000800000000, Narrow klass shift: 0, Narrow klass range: 0x100000000
[1.890s][info][gc,start    ] GC(0) Pause Young (Allocation Failure)
[1.962s][info][gc,heap     ] GC(0) PSYoungGen: 524800K(611840K)->87016K(611840K) Eden: 524800K(524800K)->0K(524800K) From: 0K(87040K)->87016K(87040K)
[1.962s][info][gc,heap     ] GC(0) ParOldGen: 0K(1398272K)->15936K(1398272K)
[1.962s][info][gc,metaspace] GC(0) Metaspace: 5149K(5312K)->5149K(5312K) NonClass: 4728K(4800K)->4728K(4800K) Class: 420K(512K)->420K(512K)
[1.962s][info][gc          ] GC(0) Pause Young (Allocation Failure) 512M->100M(1963M) 71.731ms
[1.962s][info][gc,cpu      ] GC(0) User=1.08s Sys=1.48s Real=0.08s
[3.626s][info][gc,start    ] GC(1) Pause Young (Allocation Failure)
[3.731s][info][gc,heap     ] GC(1) PSYoungGen: 611816K(611840K)->87034K(1136640K) Eden: 524800K(524800K)->0K(1049600K) From: 87016K(87040K)->87034K(87040K)
[3.731s][info][gc,heap     ] GC(1) ParOldGen: 15936K(1398272K)->81768K(1398272K)
[3.731s][info][gc,metaspace] GC(1) Metaspace: 5404K(5632K)->5404K(5632K) NonClass: 4978K(5120K)->4978K(5120K) Class: 426K(512K)->426K(512K)
[3.731s][info][gc          ] GC(1) Pause Young (Allocation Failure) 613M->164M(2475M) 104.854ms
[3.731s][info][gc,cpu      ] GC(1) User=1.64s Sys=1.97s Real=0.11s
[5.468s][info][gc,start    ] GC(2) Pause Young (System.gc())
[5.539s][info][gc,heap     ] GC(2) PSYoungGen: 974925K(1136640K)->87018K(1136640K) Eden: 887891K(1049600K)->0K(1049600K) From: 87034K(87040K)->87018K(87040K)
[5.539s][info][gc,heap     ] GC(2) ParOldGen: 81768K(1398272K)->101136K(1398272K)
[5.539s][info][gc,metaspace] GC(2) Metaspace: 5520K(5696K)->5520K(5696K) NonClass: 5089K(5184K)->5089K(5184K) Class: 430K(512K)->430K(512K)
[5.539s][info][gc          ] GC(2) Pause Young (System.gc()) 1031M->183M(2475M) 71.152ms
[5.539s][info][gc,cpu      ] GC(2) User=1.05s Sys=1.53s Real=0.08s
[5.539s][info][gc,start    ] GC(3) Pause Full (System.gc())
[5.539s][info][gc,phases,start] GC(3) Marking Phase
[5.579s][info][gc,phases      ] GC(3) Marking Phase 39.776ms
[5.579s][info][gc,phases,start] GC(3) Summary Phase
[5.579s][info][gc,phases      ] GC(3) Summary Phase 0.022ms
[5.579s][info][gc,phases,start] GC(3) Adjust Roots
[5.584s][info][gc,phases      ] GC(3) Adjust Roots 4.516ms
[5.584s][info][gc,phases,start] GC(3) Compaction Phase
[5.687s][info][gc,phases      ] GC(3) Compaction Phase 103.376ms
[5.687s][info][gc,phases,start] GC(3) Post Compact
[5.691s][info][gc,phases      ] GC(3) Post Compact 3.915ms
[5.691s][info][gc,heap        ] GC(3) PSYoungGen: 87018K(1136640K)->0K(1136640K) Eden: 0K(1049600K)->0K(1049600K) From: 87018K(87040K)->0K(87040K)
[5.691s][info][gc,heap        ] GC(3) ParOldGen: 101136K(1398272K)->175103K(1398272K)
[5.691s][info][gc,metaspace   ] GC(3) Metaspace: 5520K(5696K)->5520K(5696K) NonClass: 5089K(5184K)->5089K(5184K) Class: 430K(512K)->430K(512K)
[5.691s][info][gc             ] GC(3) Pause Full (System.gc()) 183M->170M(2475M) 151.957ms
[5.691s][info][gc,cpu         ] GC(3) User=3.48s Sys=0.08s Real=0.16s
[11.793s][info][gc,heap,exit   ] Heap
[11.793s][info][gc,heap,exit   ]  PSYoungGen      total 1136640K, used 598466K [0x00000007aab00000, 0x00000007f5600000, 0x0000000800000000)
[11.793s][info][gc,heap,exit   ]   eden space 1049600K, 57% used [0x00000007aab00000,0x00000007cf370820,0x00000007eac00000)
[11.793s][info][gc,heap,exit   ]   from space 87040K, 0% used [0x00000007eac00000,0x00000007eac00000,0x00000007f0100000)
[11.793s][info][gc,heap,exit   ]   to   space 87040K, 0% used [0x00000007f0100000,0x00000007f0100000,0x00000007f5600000)
[11.793s][info][gc,heap,exit   ]  ParOldGen       total 1398272K, used 175103K [0x0000000700000000, 0x0000000755580000, 0x00000007aab00000)
[11.793s][info][gc,heap,exit   ]   object space 1398272K, 12% used [0x0000000700000000,0x000000070aaffdd0,0x0000000755580000)
[11.793s][info][gc,heap,exit   ]  Metaspace       used 6116K, committed 6400K, reserved 1114112K
[11.793s][info][gc,heap,exit   ]   class space    used 448K, committed 576K, reserved 1048576K
