[0.015s][info][gc,init] CardTable entry size: 512
[0.016s][info][gc     ] Using Serial
[0.024s][info][gc,init] Version: 20+36-2344 (release)
[0.024s][info][gc,init] CPUs: 48 total, 48 available
[0.024s][info][gc,init] Memory: 382G
[0.024s][info][gc,init] Large Page Support: Disabled
[0.024s][info][gc,init] NUMA Support: Disabled
[0.024s][info][gc,init] Compressed Oops: Enabled (Zero based)
[0.024s][info][gc,init] Heap Min Capacity: 8M
[0.025s][info][gc,init] Heap Initial Capacity: 2G
[0.025s][info][gc,init] Heap Max Capacity: 4G
[0.025s][info][gc,init] Pre-touch: Disabled
[0.033s][info][gc,metaspace] CDS archive(s) mapped at: [0x0000000800000000-0x0000000800c60000-0x0000000800c60000), size 12976128, SharedBaseAddress: 0x0000000800000000, ArchiveRelocationMode: 0.
[0.033s][info][gc,metaspace] Compressed class space mapped at: 0x0000000801000000-0x0000000841000000, reserved size: 1073741824
[0.033s][info][gc,metaspace] Narrow klass base: 0x0000000800000000, Narrow klass shift: 0, Narrow klass range: 0x100000000
[2.101s][info][gc,start    ] GC(0) Pause Young (Allocation Failure)
[2.432s][info][gc,heap     ] GC(0) DefNew: 559232K(629120K)->69888K(629120K) Eden: 559232K(559232K)->0K(559232K) From: 0K(69888K)->69888K(69888K)
[2.432s][info][gc,heap     ] GC(0) Tenured: 0K(1398144K)->38890K(1398144K)
[2.432s][info][gc,metaspace] GC(0) Metaspace: 5161K(5312K)->5161K(5312K) NonClass: 4740K(4800K)->4740K(4800K) Class: 420K(512K)->420K(512K)
[2.432s][info][gc          ] GC(0) Pause Young (Allocation Failure) 546M->106M(1979M) 331.204ms
[2.432s][info][gc,cpu      ] GC(0) User=0.33s Sys=0.00s Real=0.34s
[3.988s][info][gc,start    ] GC(1) Pause Young (Allocation Failure)
[4.280s][info][gc,heap     ] GC(1) DefNew: 629120K(629120K)->60461K(629120K) Eden: 559232K(559232K)->0K(559232K) From: 69888K(69888K)->60461K(69888K)
[4.280s][info][gc,heap     ] GC(1) Tenured: 38890K(1398144K)->107633K(1398144K)
[4.280s][info][gc,metaspace] GC(1) Metaspace: 5407K(5632K)->5407K(5632K) NonClass: 4980K(5120K)->4980K(5120K) Class: 426K(512K)->426K(512K)
[4.280s][info][gc          ] GC(1) Pause Young (Allocation Failure) 652M->164M(1979M) 292.156ms
[4.280s][info][gc,cpu      ] GC(1) User=0.23s Sys=0.06s Real=0.29s
[5.592s][info][gc,start    ] GC(2) Pause Young (Allocation Failure)
[5.738s][info][gc,heap     ] GC(2) DefNew: 619693K(629120K)->18984K(629120K) Eden: 559232K(559232K)->0K(559232K) From: 60461K(69888K)->18984K(69888K)
[5.738s][info][gc,heap     ] GC(2) Tenured: 107633K(1398144K)->156019K(1398144K)
[5.738s][info][gc,metaspace] GC(2) Metaspace: 5464K(5632K)->5464K(5632K) NonClass: 5037K(5120K)->5037K(5120K) Class: 426K(512K)->426K(512K)
[5.738s][info][gc          ] GC(2) Pause Young (Allocation Failure) 710M->170M(1979M) 146.087ms
[5.738s][info][gc,cpu      ] GC(2) User=0.14s Sys=0.00s Real=0.14s
[6.121s][info][gc,start    ] GC(3) Pause Full (System.gc())
[6.121s][info][gc,phases,start] GC(3) Phase 1: Mark live objects
[6.330s][info][gc,phases      ] GC(3) Phase 1: Mark live objects 209.351ms
[6.330s][info][gc,phases,start] GC(3) Phase 2: Compute new object addresses
[6.453s][info][gc,phases      ] GC(3) Phase 2: Compute new object addresses 122.634ms
[6.453s][info][gc,phases,start] GC(3) Phase 3: Adjust pointers
[6.598s][info][gc,phases      ] GC(3) Phase 3: Adjust pointers 145.478ms
[6.598s][info][gc,phases,start] GC(3) Phase 4: Move objects
[6.624s][info][gc,phases      ] GC(3) Phase 4: Move objects 25.518ms
[6.630s][info][gc,heap        ] GC(3) DefNew: 262037K(629120K)->0K(629248K) Eden: 243053K(559232K)->0K(559360K) From: 18984K(69888K)->0K(69888K)
[6.630s][info][gc,heap        ] GC(3) Tenured: 156019K(1398144K)->175315K(1398144K)
[6.630s][info][gc,metaspace   ] GC(3) Metaspace: 5521K(5696K)->5521K(5696K) NonClass: 5090K(5184K)->5090K(5184K) Class: 430K(512K)->430K(512K)
[6.630s][info][gc             ] GC(3) Pause Full (System.gc()) 408M->171M(1979M) 509.615ms
[6.630s][info][gc,cpu         ] GC(3) User=0.52s Sys=0.00s Real=0.51s
[12.262s][info][gc,start       ] GC(4) Pause Young (Allocation Failure)
[12.317s][info][gc,heap        ] GC(4) DefNew: 559360K(629248K)->29568K(629248K) Eden: 559360K(559360K)->0K(559360K) From: 0K(69888K)->29568K(69888K)
[12.318s][info][gc,heap        ] GC(4) Tenured: 175315K(1398144K)->175315K(1398144K)
[12.318s][info][gc,metaspace   ] GC(4) Metaspace: 6073K(6272K)->6073K(6272K) NonClass: 5630K(5696K)->5630K(5696K) Class: 443K(576K)->443K(576K)
[12.318s][info][gc             ] GC(4) Pause Young (Allocation Failure) 717M->200M(1979M) 55.914ms
[12.318s][info][gc,cpu         ] GC(4) User=0.05s Sys=0.00s Real=0.05s
[12.411s][info][gc,heap,exit   ] Heap
[12.411s][info][gc,heap,exit   ]  def new generation   total 629248K, used 77008K [0x0000000700000000, 0x000000072aac0000, 0x0000000755550000)
[12.411s][info][gc,heap,exit   ]   eden space 559360K,   8% used [0x0000000700000000, 0x0000000702e53ef0, 0x0000000722240000)
[12.411s][info][gc,heap,exit   ]   from space 69888K,  42% used [0x0000000726680000, 0x0000000728360260, 0x000000072aac0000)
[12.411s][info][gc,heap,exit   ]   to   space 69888K,   0% used [0x0000000722240000, 0x0000000722240000, 0x0000000726680000)
[12.411s][info][gc,heap,exit   ]  tenured generation   total 1398144K, used 175315K [0x0000000755550000, 0x00000007aaab0000, 0x0000000800000000)
[12.411s][info][gc,heap,exit   ]    the space 1398144K,  12% used [0x0000000755550000, 0x0000000760084e08, 0x0000000760085000, 0x00000007aaab0000)
[12.411s][info][gc,heap,exit   ]  Metaspace       used 6116K, committed 6400K, reserved 1114112K
[12.411s][info][gc,heap,exit   ]   class space    used 448K, committed 576K, reserved 1048576K
