[0.016s][info][gc,init] CardTable entry size: 512
[0.017s][info][gc     ] Using G1
[0.029s][info][gc,init] Version: 20+36-2344 (release)
[0.029s][info][gc,init] CPUs: 48 total, 48 available
[0.029s][info][gc,init] Memory: 382G
[0.029s][info][gc,init] Large Page Support: Disabled
[0.029s][info][gc,init] NUMA Support: Disabled
[0.029s][info][gc,init] Compressed Oops: Enabled (Zero based)
[0.029s][info][gc,init] Heap Region Size: 16M
[0.029s][info][gc,init] Heap Min Capacity: 16M
[0.029s][info][gc,init] Heap Initial Capacity: 2G
[0.029s][info][gc,init] Heap Max Capacity: 30208M
[0.029s][info][gc,init] Pre-touch: Disabled
[0.032s][info][gc,init] Parallel Workers: 33
[0.032s][info][gc,init] Concurrent Workers: 8
[0.032s][info][gc,init] Concurrent Refinement Workers: 33
[0.032s][info][gc,init] Periodic GC: Disabled
[0.034s][info][gc,metaspace] CDS archive(s) mapped at: [0x0000000800000000-0x0000000800c60000-0x0000000800c60000), size 12976128, SharedBaseAddress: 0x0000000800000000, ArchiveRelocationMode: 0.
[0.034s][info][gc,metaspace] Compressed class space mapped at: 0x0000000801000000-0x0000000841000000, reserved size: 1073741824
[0.034s][info][gc,metaspace] Narrow klass base: 0x0000000800000000, Narrow klass shift: 0, Narrow klass range: 0x100000000
[0.636s][info][gc,start    ] GC(0) Pause Full (System.gc())
[0.636s][info][gc,task     ] GC(0) Using 6 workers of 33 for full compaction
[0.637s][info][gc,phases,start] GC(0) Phase 1: Mark live objects
[0.639s][info][gc,phases      ] GC(0) Phase 1: Mark live objects 2.518ms
[0.639s][info][gc,phases,start] GC(0) Phase 2: Prepare compaction
[0.642s][info][gc,phases      ] GC(0) Phase 2: Prepare compaction 2.339ms
[0.642s][info][gc,phases,start] GC(0) Phase 3: Adjust pointers
[0.643s][info][gc,phases      ] GC(0) Phase 3: Adjust pointers 1.718ms
[0.643s][info][gc,phases,start] GC(0) Phase 4: Compact heap
[0.645s][info][gc,phases      ] GC(0) Phase 4: Compact heap 1.621ms
[0.655s][info][gc,heap        ] GC(0) Eden regions: 6->0(1)
[0.655s][info][gc,heap        ] GC(0) Survivor regions: 0->0(0)
[0.655s][info][gc,heap        ] GC(0) Old regions: 0->6
[0.655s][info][gc,heap        ] GC(0) Archive regions: 0->0
[0.655s][info][gc,heap        ] GC(0) Humongous regions: 0->0
[0.655s][info][gc,metaspace   ] GC(0) Metaspace: 4718K(4928K)->4718K(4928K) NonClass: 4085K(4160K)->4085K(4160K) Class: 633K(768K)->633K(768K)
[0.655s][info][gc             ] GC(0) Pause Full (System.gc()) 93M->2M(320M) 19.255ms
[0.655s][info][gc,cpu         ] GC(0) User=0.03s Sys=0.06s Real=0.02s
[0.660s][info][gc,start       ] GC(1) Pause Young (Normal) (G1 Evacuation Pause)
[0.661s][info][gc,task        ] GC(1) Using 33 workers of 33 for evacuation
[0.664s][info][gc,phases      ] GC(1)   Pre Evacuate Collection Set: 0.2ms
[0.664s][info][gc,phases      ] GC(1)   Merge Heap Roots: 0.6ms
[0.664s][info][gc,phases      ] GC(1)   Evacuate Collection Set: 1.2ms
[0.664s][info][gc,phases      ] GC(1)   Post Evacuate Collection Set: 0.5ms
[0.664s][info][gc,phases      ] GC(1)   Other: 1.8ms
[0.664s][info][gc,heap        ] GC(1) Eden regions: 1->0(1)
[0.664s][info][gc,heap        ] GC(1) Survivor regions: 0->1(1)
[0.664s][info][gc,heap        ] GC(1) Old regions: 6->6
[0.664s][info][gc,heap        ] GC(1) Archive regions: 0->0
[0.664s][info][gc,heap        ] GC(1) Humongous regions: 0->0
[0.664s][info][gc,metaspace   ] GC(1) Metaspace: 4722K(4928K)->4722K(4928K) NonClass: 4089K(4160K)->4089K(4160K) Class: 633K(768K)->633K(768K)
[0.664s][info][gc             ] GC(1) Pause Young (Normal) (G1 Evacuation Pause) 18M->2M(320M) 4.437ms
[0.664s][info][gc,cpu         ] GC(1) User=0.00s Sys=0.05s Real=0.00s
[0.664s][info][gc,start       ] GC(2) Pause Young (Normal) (G1 Evacuation Pause)
[0.665s][info][gc,task        ] GC(2) Using 33 workers of 33 for evacuation
[0.666s][info][gc,phases      ] GC(2)   Pre Evacuate Collection Set: 0.1ms
[0.666s][info][gc,phases      ] GC(2)   Merge Heap Roots: 0.1ms
[0.666s][info][gc,phases      ] GC(2)   Evacuate Collection Set: 0.9ms
[0.666s][info][gc,phases      ] GC(2)   Post Evacuate Collection Set: 0.4ms
[0.666s][info][gc,phases      ] GC(2)   Other: 0.1ms
[0.666s][info][gc,heap        ] GC(2) Eden regions: 1->0(2)
[0.667s][info][gc,heap        ] GC(2) Survivor regions: 1->1(1)
[0.667s][info][gc,heap        ] GC(2) Old regions: 6->6
[0.667s][info][gc,heap        ] GC(2) Archive regions: 0->0
[0.667s][info][gc,heap        ] GC(2) Humongous regions: 0->0
[0.667s][info][gc,metaspace   ] GC(2) Metaspace: 4722K(4928K)->4722K(4928K) NonClass: 4089K(4160K)->4089K(4160K) Class: 633K(768K)->633K(768K)
[0.667s][info][gc             ] GC(2) Pause Young (Normal) (G1 Evacuation Pause) 18M->2M(320M) 2.294ms
[0.667s][info][gc,cpu         ] GC(2) User=0.00s Sys=0.00s Real=0.00s
[0.790s][info][gc,start       ] GC(3) Pause Young (Normal) (G1 Evacuation Pause)
[0.790s][info][gc,task        ] GC(3) Using 33 workers of 33 for evacuation
[0.798s][info][gc,phases      ] GC(3)   Pre Evacuate Collection Set: 0.1ms
[0.798s][info][gc,phases      ] GC(3)   Merge Heap Roots: 0.1ms
[0.798s][info][gc,phases      ] GC(3)   Evacuate Collection Set: 7.1ms
[0.798s][info][gc,phases      ] GC(3)   Post Evacuate Collection Set: 0.4ms
[0.798s][info][gc,phases      ] GC(3)   Other: 0.1ms
[0.798s][info][gc,heap        ] GC(3) Eden regions: 2->0(3)
[0.798s][info][gc,heap        ] GC(3) Survivor regions: 1->1(1)
[0.798s][info][gc,heap        ] GC(3) Old regions: 6->6
[0.798s][info][gc,heap        ] GC(3) Archive regions: 0->0
[0.798s][info][gc,heap        ] GC(3) Humongous regions: 0->0
[0.798s][info][gc,metaspace   ] GC(3) Metaspace: 5537K(5696K)->5537K(5696K) NonClass: 4799K(4864K)->4799K(4864K) Class: 738K(832K)->738K(832K)
[0.798s][info][gc             ] GC(3) Pause Young (Normal) (G1 Evacuation Pause) 34M->10M(320M) 8.043ms
[0.798s][info][gc,cpu         ] GC(3) User=0.00s Sys=0.00s Real=0.01s
[1.040s][info][gc,start       ] GC(4) Pause Young (Normal) (G1 Evacuation Pause)
[1.040s][info][gc,task        ] GC(4) Using 33 workers of 33 for evacuation
[1.053s][info][gc,phases      ] GC(4)   Pre Evacuate Collection Set: 0.1ms
[1.053s][info][gc,phases      ] GC(4)   Merge Heap Roots: 0.1ms
[1.053s][info][gc,phases      ] GC(4)   Evacuate Collection Set: 9.6ms
[1.053s][info][gc,phases      ] GC(4)   Post Evacuate Collection Set: 2.9ms
[1.053s][info][gc,phases      ] GC(4)   Other: 0.1ms
[1.053s][info][gc,heap        ] GC(4) Eden regions: 3->0(4)
[1.053s][info][gc,heap        ] GC(4) Survivor regions: 1->1(1)
[1.053s][info][gc,heap        ] GC(4) Old regions: 6->7
[1.053s][info][gc,heap        ] GC(4) Archive regions: 0->0
[1.053s][info][gc,heap        ] GC(4) Humongous regions: 0->0
[1.053s][info][gc,metaspace   ] GC(4) Metaspace: 6502K(6720K)->6502K(6720K) NonClass: 5711K(5824K)->5711K(5824K) Class: 790K(896K)->790K(896K)
[1.053s][info][gc             ] GC(4) Pause Young (Normal) (G1 Evacuation Pause) 58M->14M(1184M) 13.084ms
[1.053s][info][gc,cpu         ] GC(4) User=0.00s Sys=0.00s Real=0.00s
[1.244s][info][gc,start       ] GC(5) Pause Young (Normal) (G1 Evacuation Pause)
[1.244s][info][gc,task        ] GC(5) Using 33 workers of 33 for evacuation
[1.254s][info][gc,phases      ] GC(5)   Pre Evacuate Collection Set: 0.1ms
[1.254s][info][gc,phases      ] GC(5)   Merge Heap Roots: 0.1ms
[1.254s][info][gc,phases      ] GC(5)   Evacuate Collection Set: 8.5ms
[1.254s][info][gc,phases      ] GC(5)   Post Evacuate Collection Set: 0.4ms
[1.254s][info][gc,phases      ] GC(5)   Other: 0.1ms
[1.254s][info][gc,heap        ] GC(5) Eden regions: 4->0(11)
[1.254s][info][gc,heap        ] GC(5) Survivor regions: 1->1(1)
[1.254s][info][gc,heap        ] GC(5) Old regions: 7->7
[1.254s][info][gc,heap        ] GC(5) Archive regions: 0->0
[1.254s][info][gc,heap        ] GC(5) Humongous regions: 0->0
[1.254s][info][gc,metaspace   ] GC(5) Metaspace: 6628K(6848K)->6628K(6848K) NonClass: 5837K(5952K)->5837K(5952K) Class: 791K(896K)->791K(896K)
[1.254s][info][gc             ] GC(5) Pause Young (Normal) (G1 Evacuation Pause) 78M->17M(1184M) 9.467ms
[1.254s][info][gc,cpu         ] GC(5) User=0.00s Sys=0.00s Real=0.01s
[1.448s][info][gc,start       ] GC(6) Pause Young (Normal) (G1 Evacuation Pause)
[1.448s][info][gc,task        ] GC(6) Using 33 workers of 33 for evacuation
[1.458s][info][gc,phases      ] GC(6)   Pre Evacuate Collection Set: 0.1ms
[1.458s][info][gc,phases      ] GC(6)   Merge Heap Roots: 0.1ms
[1.458s][info][gc,phases      ] GC(6)   Evacuate Collection Set: 9.1ms
[1.458s][info][gc,phases      ] GC(6)   Post Evacuate Collection Set: 0.4ms
[1.458s][info][gc,phases      ] GC(6)   Other: 0.1ms
[1.458s][info][gc,heap        ] GC(6) Eden regions: 11->0(43)
[1.458s][info][gc,heap        ] GC(6) Survivor regions: 1->1(2)
[1.458s][info][gc,heap        ] GC(6) Old regions: 7->7
[1.458s][info][gc,heap        ] GC(6) Archive regions: 0->0
[1.458s][info][gc,heap        ] GC(6) Humongous regions: 0->0
[1.458s][info][gc,metaspace   ] GC(6) Metaspace: 6817K(6976K)->6817K(6976K) NonClass: 6026K(6080K)->6026K(6080K) Class: 791K(896K)->791K(896K)
[1.458s][info][gc             ] GC(6) Pause Young (Normal) (G1 Evacuation Pause) 193M->18M(1184M) 10.204ms
[1.458s][info][gc,cpu         ] GC(6) User=0.00s Sys=0.00s Real=0.01s
[1.924s][info][gc,heap,exit   ] Heap
[1.924s][info][gc,heap,exit   ]  garbage-first heap   total 1212416K, used 709577K [0x00000000a0000000, 0x0000000800000000)
[1.924s][info][gc,heap,exit   ]   region size 16384K, 44 young (720896K), 1 survivors (16384K)
[1.924s][info][gc,heap,exit   ]  Metaspace       used 7273K, committed 7488K, reserved 1114112K
[1.924s][info][gc,heap,exit   ]   class space    used 841K, committed 960K, reserved 1048576K
