[0.017s][info][gc,init] CardTable entry size: 512
[0.017s][info][gc     ] Using Parallel
[0.029s][info][gc,init] Version: 20+36-2344 (release)
[0.029s][info][gc,init] CPUs: 48 total, 48 available
[0.029s][info][gc,init] Memory: 382G
[0.029s][info][gc,init] Large Page Support: Disabled
[0.029s][info][gc,init] NUMA Support: Disabled
[0.029s][info][gc,init] Compressed Oops: Enabled (Zero based)
[0.030s][info][gc,init] Alignments: Space 512K, Generation 512K, Heap 2M
[0.030s][info][gc,init] Heap Min Capacity: 8M
[0.030s][info][gc,init] Heap Initial Capacity: 2G
[0.030s][info][gc,init] Heap Max Capacity: 30718M
[0.048s][info][gc,init] Pre-touch: Disabled
[0.048s][info][gc,init] Parallel Workers: 33
[0.049s][info][gc,metaspace] CDS archive(s) mapped at: [0x0000000800000000-0x0000000800c60000-0x0000000800c60000), size 12976128, SharedBaseAddress: 0x0000000800000000, ArchiveRelocationMode: 0.
[0.049s][info][gc,metaspace] Compressed class space mapped at: 0x0000000801000000-0x0000000841000000, reserved size: 1073741824
[0.049s][info][gc,metaspace] Narrow klass base: 0x0000000800000000, Narrow klass shift: 0, Narrow klass range: 0x100000000
[0.664s][info][gc,start    ] GC(0) Pause Young (Allocation Failure)
[0.672s][info][gc,heap     ] GC(0) PSYoungGen: 524800K(611840K)->2889K(611840K) Eden: 524800K(524800K)->0K(524800K) From: 0K(87040K)->2889K(87040K)
[0.672s][info][gc,heap     ] GC(0) ParOldGen: 0K(1398272K)->136K(1398272K)
[0.672s][info][gc,metaspace] GC(0) Metaspace: 4717K(4928K)->4717K(4928K) NonClass: 4084K(4160K)->4084K(4160K) Class: 633K(768K)->633K(768K)
[0.672s][info][gc          ] GC(0) Pause Young (Allocation Failure) 512M->2M(1963M) 8.175ms
[0.672s][info][gc,cpu      ] GC(0) User=0.00s Sys=0.00s Real=0.01s
[0.673s][info][gc,start    ] GC(1) Pause Young (System.gc())
[0.677s][info][gc,heap     ] GC(1) PSYoungGen: 244404K(611840K)->2654K(1136640K) Eden: 241514K(524800K)->0K(1049600K) From: 2889K(87040K)->2654K(87040K)
[0.677s][info][gc,heap     ] GC(1) ParOldGen: 136K(1398272K)->208K(1398272K)
[0.677s][info][gc,metaspace] GC(1) Metaspace: 4718K(4928K)->4718K(4928K) NonClass: 4085K(4160K)->4085K(4160K) Class: 633K(768K)->633K(768K)
[0.677s][info][gc          ] GC(1) Pause Young (System.gc()) 238M->2M(2475M) 4.627ms
[0.678s][info][gc,cpu      ] GC(1) User=0.00s Sys=0.00s Real=0.00s
[0.678s][info][gc,start    ] GC(2) Pause Full (System.gc())
[0.678s][info][gc,phases,start] GC(2) Marking Phase
[0.684s][info][gc,phases      ] GC(2) Marking Phase 6.311ms
[0.684s][info][gc,phases,start] GC(2) Summary Phase
[0.684s][info][gc,phases      ] GC(2) Summary Phase 0.025ms
[0.684s][info][gc,phases,start] GC(2) Adjust Roots
[0.686s][info][gc,phases      ] GC(2) Adjust Roots 1.509ms
[0.686s][info][gc,phases,start] GC(2) Compaction Phase
[0.693s][info][gc,phases      ] GC(2) Compaction Phase 7.142ms
[0.693s][info][gc,phases,start] GC(2) Post Compact
[0.693s][info][gc,phases      ] GC(2) Post Compact 0.600ms
[0.693s][info][gc,heap        ] GC(2) PSYoungGen: 2654K(1136640K)->0K(1136640K) Eden: 0K(1049600K)->0K(1049600K) From: 2654K(87040K)->0K(87040K)
[0.693s][info][gc,heap        ] GC(2) ParOldGen: 208K(1398272K)->2166K(1398272K)
[0.693s][info][gc,metaspace   ] GC(2) Metaspace: 4718K(4928K)->4718K(4928K) NonClass: 4085K(4160K)->4085K(4160K) Class: 633K(768K)->633K(768K)
[0.694s][info][gc             ] GC(2) Pause Full (System.gc()) 2M->2M(2475M) 15.845ms
[0.694s][info][gc,cpu         ] GC(2) User=0.06s Sys=0.00s Real=0.02s
[1.725s][info][gc,start       ] GC(3) Pause Young (Allocation Failure)
[1.734s][info][gc,heap        ] GC(3) PSYoungGen: 1049600K(1136640K)->13268K(1136640K) Eden: 1049600K(1049600K)->0K(1049600K) From: 0K(87040K)->13268K(87040K)
[1.734s][info][gc,heap        ] GC(3) ParOldGen: 2166K(1398272K)->2174K(1398272K)
[1.734s][info][gc,metaspace   ] GC(3) Metaspace: 6816K(7040K)->6816K(7040K) NonClass: 6028K(6144K)->6028K(6144K) Class: 787K(896K)->787K(896K)
[1.734s][info][gc             ] GC(3) Pause Young (Allocation Failure) 1027M->15M(2475M) 8.897ms
[1.734s][info][gc,cpu         ] GC(3) User=0.00s Sys=0.00s Real=0.01s
[1.964s][info][gc,heap,exit   ] Heap
[1.965s][info][gc,heap,exit   ]  PSYoungGen      total 1136640K, used 566352K [0x0000000580100000, 0x00000005cac00000, 0x0000000800000000)
[1.965s][info][gc,heap,exit   ]   eden space 1049600K, 52% used [0x0000000580100000,0x00000005a1d1f120,0x00000005c0200000)
[1.965s][info][gc,heap,exit   ]   from space 87040K, 15% used [0x00000005c0200000,0x00000005c0ef50b0,0x00000005c5700000)
[1.965s][info][gc,heap,exit   ]   to   space 87040K, 0% used [0x00000005c5700000,0x00000005c5700000,0x00000005cac00000)
[1.965s][info][gc,heap,exit   ]  ParOldGen       total 1398272K, used 2174K [0x0000000080200000, 0x00000000d5780000, 0x0000000580100000)
[1.965s][info][gc,heap,exit   ]   object space 1398272K, 0% used [0x0000000080200000,0x000000008041f878,0x00000000d5780000)
[1.965s][info][gc,heap,exit   ]  Metaspace       used 7240K, committed 7488K, reserved 1114112K
[1.965s][info][gc,heap,exit   ]   class space    used 837K, committed 960K, reserved 1048576K
