[0.018s][info][gc,init] CardTable entry size: 512
[0.018s][info][gc     ] Using Serial
[0.027s][info][gc,init] Version: 20+36-2344 (release)
[0.027s][info][gc,init] CPUs: 48 total, 48 available
[0.027s][info][gc,init] Memory: 382G
[0.027s][info][gc,init] Large Page Support: Disabled
[0.027s][info][gc,init] NUMA Support: Disabled
[0.027s][info][gc,init] Compressed Oops: Enabled (Zero based)
[0.027s][info][gc,init] Heap Min Capacity: 8M
[0.027s][info][gc,init] Heap Initial Capacity: 2G
[0.027s][info][gc,init] Heap Max Capacity: 30718M
[0.027s][info][gc,init] Pre-touch: Disabled
[0.035s][info][gc,metaspace] CDS archive(s) mapped at: [0x0000000800000000-0x0000000800c60000-0x0000000800c60000), size 12976128, SharedBaseAddress: 0x0000000800000000, ArchiveRelocationMode: 0.
[0.035s][info][gc,metaspace] Compressed class space mapped at: 0x0000000801000000-0x0000000841000000, reserved size: 1073741824
[0.035s][info][gc,metaspace] Narrow klass base: 0x0000000800000000, Narrow klass shift: 0, Narrow klass range: 0x100000000
[1.706s][info][gc,start    ] GC(0) Pause Young (Allocation Failure)
[1.717s][info][gc,heap     ] GC(0) DefNew: 559232K(629120K)->2163K(629120K) Eden: 559232K(559232K)->0K(559232K) From: 0K(69888K)->2163K(69888K)
[1.717s][info][gc,heap     ] GC(0) Tenured: 0K(1398144K)->0K(1398144K)
[1.717s][info][gc,metaspace] GC(0) Metaspace: 4727K(4992K)->4727K(4992K) NonClass: 4093K(4224K)->4093K(4224K) Class: 633K(768K)->633K(768K)
[1.717s][info][gc          ] GC(0) Pause Young (Allocation Failure) 546M->2M(1979M) 11.095ms
[1.717s][info][gc,cpu      ] GC(0) User=0.00s Sys=0.00s Real=0.00s
[1.718s][info][gc,start    ] GC(1) Pause Full (System.gc())
[1.718s][info][gc,phases,start] GC(1) Phase 1: Mark live objects
[1.726s][info][gc,phases      ] GC(1) Phase 1: Mark live objects 7.480ms
[1.726s][info][gc,phases,start] GC(1) Phase 2: Compute new object addresses
[1.727s][info][gc,phases      ] GC(1) Phase 2: Compute new object addresses 1.358ms
[1.727s][info][gc,phases,start] GC(1) Phase 3: Adjust pointers
[1.732s][info][gc,phases      ] GC(1) Phase 3: Adjust pointers 4.903ms
[1.732s][info][gc,phases,start] GC(1) Phase 4: Move objects
[1.735s][info][gc,phases      ] GC(1) Phase 4: Move objects 2.917ms
[1.735s][info][gc,heap        ] GC(1) DefNew: 87950K(629120K)->0K(629440K) Eden: 85787K(559232K)->0K(559552K) From: 2163K(69888K)->0K(69888K)
[1.735s][info][gc,heap        ] GC(1) Tenured: 0K(1398144K)->2125K(1398144K)
[1.735s][info][gc,metaspace   ] GC(1) Metaspace: 4728K(4992K)->4728K(4992K) NonClass: 4095K(4224K)->4095K(4224K) Class: 633K(768K)->633K(768K)
[1.736s][info][gc             ] GC(1) Pause Full (System.gc()) 85M->2M(1980M) 17.580ms
[1.736s][info][gc,cpu         ] GC(1) User=0.02s Sys=0.03s Real=0.03s
[8.976s][info][gc,start       ] GC(2) Pause Young (Allocation Failure)
[8.990s][info][gc,heap        ] GC(2) DefNew: 559552K(629440K)->11872K(629440K) Eden: 559552K(559552K)->0K(559552K) From: 0K(69888K)->11872K(69888K)
[8.990s][info][gc,heap        ] GC(2) Tenured: 2125K(1398144K)->2125K(1398144K)
[8.990s][info][gc,metaspace   ] GC(2) Metaspace: 6876K(7104K)->6876K(7104K) NonClass: 6084K(6208K)->6084K(6208K) Class: 791K(896K)->791K(896K)
[8.990s][info][gc             ] GC(2) Pause Young (Allocation Failure) 548M->13M(1980M) 14.663ms
[8.990s][info][gc,cpu         ] GC(2) User=0.13s Sys=0.00s Real=0.01s
[9.243s][info][gc,start       ] GC(3) Pause Young (Allocation Failure)
[9.257s][info][gc,heap        ] GC(3) DefNew: 571424K(629440K)->12251K(629440K) Eden: 559552K(559552K)->0K(559552K) From: 11872K(69888K)->12251K(69888K)
[9.257s][info][gc,heap        ] GC(3) Tenured: 2125K(1398144K)->2125K(1398144K)
[9.257s][info][gc,metaspace   ] GC(3) Metaspace: 6895K(7104K)->6895K(7104K) NonClass: 6103K(6208K)->6103K(6208K) Class: 792K(896K)->792K(896K)
[9.257s][info][gc             ] GC(3) Pause Young (Allocation Failure) 560M->14M(1980M) 13.655ms
[9.257s][info][gc,cpu         ] GC(3) User=0.03s Sys=0.03s Real=0.01s
[9.343s][info][gc,heap,exit   ] Heap
[9.343s][info][gc,heap,exit   ]  def new generation   total 629440K, used 131144K [0x0000000080200000, 0x00000000aacf0000, 0x0000000300150000)
[9.343s][info][gc,heap,exit   ]   eden space 559552K,  21% used [0x0000000080200000, 0x000000008761b5e8, 0x00000000a2470000)
[9.343s][info][gc,heap,exit   ]   from space 69888K,  17% used [0x00000000a2470000, 0x00000000a3066c10, 0x00000000a68b0000)
[9.344s][info][gc,heap,exit   ]   to   space 69888K,   0% used [0x00000000a68b0000, 0x00000000a68b0000, 0x00000000aacf0000)
[9.344s][info][gc,heap,exit   ]  tenured generation   total 1398144K, used 2125K [0x0000000300150000, 0x00000003556b0000, 0x0000000800000000)
[9.344s][info][gc,heap,exit   ]    the space 1398144K,   0% used [0x0000000300150000, 0x00000003003637e0, 0x0000000300363800, 0x00000003556b0000)
[9.344s][info][gc,heap,exit   ]  Metaspace       used 7319K, committed 7552K, reserved 1114112K
[9.344s][info][gc,heap,exit   ]   class space    used 842K, committed 960K, reserved 1048576K
