[0.018s][info][gc,init] Initializing The Z Garbage Collector
[0.018s][info][gc,init] Version: 20+36-2344 (release)
[0.018s][info][gc,init] NUMA Support: Disabled
[0.018s][info][gc,init] CPUs: 48 total, 48 available
[0.018s][info][gc,init] Memory: 391843M
[0.018s][info][gc,init] Large Page Support: Disabled
[0.019s][info][gc,init] GC Workers: 12 (dynamic)
[0.020s][info][gc,init] Address Space Type: Contiguous/Unrestricted/Complete
[0.020s][info][gc,init] Address Space Size: 491488M x 3 = 1474464M
[0.020s][info][gc,init] Min Capacity: 8M
[0.020s][info][gc,init] Initial Capacity: 2048M
[0.028s][info][gc,init] Max Capacity: 30718M
[0.028s][info][gc,init] Medium Page Size: 32M
[0.028s][info][gc,init] Pre-touch: Disabled
[0.028s][info][gc,init] Uncommit: Enabled
[0.028s][info][gc,init] Uncommit Delay: 300s
[0.111s][info][gc,init] Runtime Workers: 29
[0.113s][info][gc     ] Using The Z Garbage Collector
[0.114s][info][gc,metaspace] CDS archive(s) mapped at: [0x0000000800000000-0x0000000800c60000-0x0000000800c60000), size 12976128, SharedBaseAddress: 0x0000000800000000, ArchiveRelocationMode: 0.
[0.114s][info][gc,metaspace] Compressed class space mapped at: 0x0000000801000000-0x0000000841000000, reserved size: 1073741824
[0.114s][info][gc,metaspace] Narrow klass base: 0x0000000800000000, Narrow klass shift: 0, Narrow klass range: 0x100000000
[0.701s][info][gc,start    ] GC(0) Garbage Collection (System.gc())
[0.702s][info][gc,task     ] GC(0) Using 12 workers
[0.702s][info][gc,phases   ] GC(0) Pause Mark Start 0.015ms
[0.711s][info][gc,phases   ] GC(0) Concurrent Mark 9.440ms
[0.712s][info][gc,phases   ] GC(0) Pause Mark End 0.039ms
[0.712s][info][gc,phases   ] GC(0) Concurrent Mark Free 0.001ms
[0.713s][info][gc,phases   ] GC(0) Concurrent Process Non-Strong References 0.897ms
[0.713s][info][gc,phases   ] GC(0) Concurrent Reset Relocation Set 0.000ms
[0.727s][info][gc,phases   ] GC(0) Concurrent Select Relocation Set 14.413ms
[0.727s][info][gc,phases   ] GC(0) Pause Relocate Start 0.009ms
[0.730s][info][gc,phases   ] GC(0) Concurrent Relocate 2.707ms
[0.730s][info][gc,load     ] GC(0) Load: 0.00/0.00/0.00
[0.730s][info][gc,mmu      ] GC(0) MMU: 2ms/98.1%, 5ms/99.2%, 10ms/99.5%, 20ms/99.7%, 50ms/99.9%, 100ms/99.9%
[0.730s][info][gc,marking  ] GC(0) Mark: 8 stripe(s), 4 proactive flush(es), 1 terminate flush(es), 0 completion(s), 0 continuation(s) 
[0.730s][info][gc,marking  ] GC(0) Mark Stack Usage: 32M
[0.730s][info][gc,nmethod  ] GC(0) NMethods: 1081 registered, 74 unregistered
[0.730s][info][gc,metaspace] GC(0) Metaspace: 4M used, 4M committed, 1088M reserved
[0.730s][info][gc,ref      ] GC(0) Soft: 120 encountered, 0 discovered, 0 enqueued
[0.730s][info][gc,ref      ] GC(0) Weak: 281 encountered, 139 discovered, 97 enqueued
[0.730s][info][gc,ref      ] GC(0) Final: 2 encountered, 2 discovered, 0 enqueued
[0.730s][info][gc,ref      ] GC(0) Phantom: 131 encountered, 95 discovered, 43 enqueued
[0.730s][info][gc,reloc    ] GC(0) Small Pages: 28 / 56M, Empty: 0M, Relocated: 2M, In-Place: 0
[0.730s][info][gc,reloc    ] GC(0) Medium Pages: 0 / 0M, Empty: 0M, Relocated: 0M, In-Place: 0
[0.730s][info][gc,reloc    ] GC(0) Large Pages: 0 / 0M, Empty: 0M, Relocated: 0M, In-Place: 0
[0.730s][info][gc,reloc    ] GC(0) Forwarding Usage: 0M
[0.730s][info][gc,heap     ] GC(0) Min Capacity: 8M(0%)
[0.731s][info][gc,heap     ] GC(0) Max Capacity: 30718M(100%)
[0.731s][info][gc,heap     ] GC(0) Soft Max Capacity: 30718M(100%)
[0.731s][info][gc,heap     ] GC(0)                Mark Start          Mark End        Relocate Start      Relocate End           High               Low         
[0.731s][info][gc,heap     ] GC(0)  Capacity:     2048M (7%)         2048M (7%)         2048M (7%)         2048M (7%)         2048M (7%)         2048M (7%)     
[0.731s][info][gc,heap     ] GC(0)      Free:    30662M (100%)      30626M (100%)      30624M (100%)      30656M (100%)      30662M (100%)      30614M (100%)   
[0.731s][info][gc,heap     ] GC(0)      Used:       56M (0%)           92M (0%)           94M (0%)           62M (0%)          104M (0%)           56M (0%)     
[0.731s][info][gc,heap     ] GC(0)      Live:         -                 2M (0%)            2M (0%)            2M (0%)             -                  -          
[0.731s][info][gc,heap     ] GC(0) Allocated:         -                36M (0%)           38M (0%)           38M (0%)             -                  -          
[0.731s][info][gc,heap     ] GC(0)   Garbage:         -                53M (0%)           53M (0%)           21M (0%)             -                  -          
[0.731s][info][gc,heap     ] GC(0) Reclaimed:         -                  -                 0M (0%)           32M (0%)             -                  -          
[0.731s][info][gc          ] GC(0) Garbage Collection (System.gc()) 56M(0%)->62M(0%)
[2.031s][info][gc,heap,exit] Heap
[2.031s][info][gc,heap,exit]  ZHeap           used 1352M, capacity 2048M, max capacity 30718M
[2.031s][info][gc,heap,exit]  Metaspace       used 7254K, committed 7488K, reserved 1114112K
[2.031s][info][gc,heap,exit]   class space    used 837K, committed 960K, reserved 1048576K
