[0.016s][info][gc,init] CardTable entry size: 512
[0.017s][info][gc     ] Using G1
[0.028s][info][gc,init] Version: 20+36-2344 (release)
[0.028s][info][gc,init] CPUs: 48 total, 48 available
[0.028s][info][gc,init] Memory: 382G
[0.028s][info][gc,init] Large Page Support: Disabled
[0.028s][info][gc,init] NUMA Support: Disabled
[0.029s][info][gc,init] Compressed Oops: Enabled (Zero based)
[0.029s][info][gc,init] Heap Region Size: 16M
[0.029s][info][gc,init] Heap Min Capacity: 16M
[0.029s][info][gc,init] Heap Initial Capacity: 2G
[0.029s][info][gc,init] Heap Max Capacity: 30208M
[0.029s][info][gc,init] Pre-touch: Disabled
[0.029s][info][gc,init] Parallel Workers: 33
[0.029s][info][gc,init] Concurrent Workers: 8
[0.029s][info][gc,init] Concurrent Refinement Workers: 33
[0.029s][info][gc,init] Periodic GC: Disabled
[0.030s][info][gc,metaspace] CDS archive(s) mapped at: [0x0000000800000000-0x0000000800c60000-0x0000000800c60000), size 12976128, SharedBaseAddress: 0x0000000800000000, ArchiveRelocationMode: 0.
[0.030s][info][gc,metaspace] Compressed class space mapped at: 0x0000000801000000-0x0000000841000000, reserved size: 1073741824
[0.030s][info][gc,metaspace] Narrow klass base: 0x0000000800000000, Narrow klass shift: 0, Narrow klass range: 0x100000000
[2.244s][info][gc,start    ] GC(0) Pause Full (System.gc())
[2.244s][info][gc,task     ] GC(0) Using 2 workers of 33 for full compaction
[2.245s][info][gc,phases,start] GC(0) Phase 1: Mark live objects
[2.248s][info][gc,phases      ] GC(0) Phase 1: Mark live objects 3.607ms
[2.248s][info][gc,phases,start] GC(0) Phase 2: Prepare compaction
[2.252s][info][gc,phases      ] GC(0) Phase 2: Prepare compaction 3.511ms
[2.252s][info][gc,phases,start] GC(0) Phase 3: Adjust pointers
[2.254s][info][gc,phases      ] GC(0) Phase 3: Adjust pointers 1.927ms
[2.254s][info][gc,phases,start] GC(0) Phase 4: Compact heap
[2.256s][info][gc,phases      ] GC(0) Phase 4: Compact heap 1.752ms
[2.271s][info][gc,heap        ] GC(0) Eden regions: 2->0(1)
[2.271s][info][gc,heap        ] GC(0) Survivor regions: 0->0(0)
[2.271s][info][gc,heap        ] GC(0) Old regions: 0->2
[2.271s][info][gc,heap        ] GC(0) Archive regions: 0->0
[2.271s][info][gc,heap        ] GC(0) Humongous regions: 0->0
[2.271s][info][gc,metaspace   ] GC(0) Metaspace: 1006K(1152K)->1006K(1152K) NonClass: 933K(1024K)->933K(1024K) Class: 73K(128K)->73K(128K)
[2.272s][info][gc             ] GC(0) Pause Full (System.gc()) 21M->0M(112M) 27.456ms
[2.272s][info][gc,cpu         ] GC(0) User=0.03s Sys=0.00s Real=0.03s
[7.849s][info][gc,start       ] GC(1) Pause Young (Normal) (G1 Evacuation Pause)
[7.849s][info][gc,task        ] GC(1) Using 2 workers of 33 for evacuation
[7.860s][info][gc,phases      ] GC(1)   Pre Evacuate Collection Set: 0.1ms
[7.860s][info][gc,phases      ] GC(1)   Merge Heap Roots: 0.5ms
[7.860s][info][gc,phases      ] GC(1)   Evacuate Collection Set: 9.3ms
[7.860s][info][gc,phases      ] GC(1)   Post Evacuate Collection Set: 1.0ms
[7.860s][info][gc,phases      ] GC(1)   Other: 0.2ms
[7.860s][info][gc,heap        ] GC(1) Eden regions: 1->0(1)
[7.860s][info][gc,heap        ] GC(1) Survivor regions: 0->1(1)
[7.860s][info][gc,heap        ] GC(1) Old regions: 2->2
[7.860s][info][gc,heap        ] GC(1) Archive regions: 0->0
[7.860s][info][gc,heap        ] GC(1) Humongous regions: 0->0
[7.860s][info][gc,metaspace   ] GC(1) Metaspace: 3094K(3264K)->3094K(3264K) NonClass: 2839K(2944K)->2839K(2944K) Class: 255K(320K)->255K(320K)
[7.860s][info][gc             ] GC(1) Pause Young (Normal) (G1 Evacuation Pause) 16M->5M(112M) 11.567ms
[7.860s][info][gc,cpu         ] GC(1) User=0.03s Sys=0.00s Real=0.01s
[14.788s][info][gc,start       ] GC(2) Pause Young (Normal) (G1 Evacuation Pause)
[14.789s][info][gc,task        ] GC(2) Using 2 workers of 33 for evacuation
[14.794s][info][gc,phases      ] GC(2)   Pre Evacuate Collection Set: 0.1ms
[14.794s][info][gc,phases      ] GC(2)   Merge Heap Roots: 0.1ms
[14.794s][info][gc,phases      ] GC(2)   Evacuate Collection Set: 4.6ms
[14.794s][info][gc,phases      ] GC(2)   Post Evacuate Collection Set: 0.6ms
[14.794s][info][gc,phases      ] GC(2)   Other: 0.1ms
[14.794s][info][gc,heap        ] GC(2) Eden regions: 1->0(1)
[14.794s][info][gc,heap        ] GC(2) Survivor regions: 1->1(1)
[14.794s][info][gc,heap        ] GC(2) Old regions: 2->2
[14.794s][info][gc,heap        ] GC(2) Archive regions: 0->0
[14.795s][info][gc,heap        ] GC(2) Humongous regions: 0->0
[14.795s][info][gc,metaspace   ] GC(2) Metaspace: 3508K(3648K)->3508K(3648K) NonClass: 3223K(3328K)->3223K(3328K) Class: 284K(320K)->284K(320K)
[14.795s][info][gc             ] GC(2) Pause Young (Normal) (G1 Evacuation Pause) 21M->6M(112M) 6.161ms
[14.795s][info][gc,cpu         ] GC(2) User=0.00s Sys=0.00s Real=0.00s
[15.635s][info][gc,heap,exit   ] Heap
[15.635s][info][gc,heap,exit   ]  garbage-first heap   total 114688K, used 11543K [0x00000000a0000000, 0x0000000800000000)
[15.635s][info][gc,heap,exit   ]   region size 16384K, 2 young (32768K), 1 survivors (16384K)
[15.635s][info][gc,heap,exit   ]  Metaspace       used 3595K, committed 3776K, reserved 1114112K
[15.635s][info][gc,heap,exit   ]   class space    used 288K, committed 384K, reserved 1048576K
