[0.016s][info][gc,init] CardTable entry size: 512
[0.016s][info][gc     ] Using Parallel
[0.028s][info][gc,init] Version: 20+36-2344 (release)
[0.028s][info][gc,init] CPUs: 48 total, 48 available
[0.028s][info][gc,init] Memory: 382G
[0.028s][info][gc,init] Large Page Support: Disabled
[0.028s][info][gc,init] NUMA Support: Disabled
[0.028s][info][gc,init] Compressed Oops: Enabled (Zero based)
[0.028s][info][gc,init] Alignments: Space 512K, Generation 512K, Heap 2M
[0.028s][info][gc,init] Heap Min Capacity: 8M
[0.028s][info][gc,init] Heap Initial Capacity: 2G
[0.028s][info][gc,init] Heap Max Capacity: 30718M
[0.032s][info][gc,init] Pre-touch: Disabled
[0.032s][info][gc,init] Parallel Workers: 33
[0.034s][info][gc,metaspace] CDS archive(s) mapped at: [0x0000000800000000-0x0000000800c60000-0x0000000800c60000), size 12976128, SharedBaseAddress: 0x0000000800000000, ArchiveRelocationMode: 0.
[0.034s][info][gc,metaspace] Compressed class space mapped at: 0x0000000801000000-0x0000000841000000, reserved size: 1073741824
[0.034s][info][gc,metaspace] Narrow klass base: 0x0000000800000000, Narrow klass shift: 0, Narrow klass range: 0x100000000
[2.395s][info][gc,start    ] GC(0) Pause Young (System.gc())
[2.401s][info][gc,heap     ] GC(0) PSYoungGen: 94464K(611840K)->1571K(611840K) Eden: 94464K(524800K)->0K(524800K) From: 0K(87040K)->1571K(87040K)
[2.401s][info][gc,heap     ] GC(0) ParOldGen: 0K(1398272K)->8K(1398272K)
[2.401s][info][gc,metaspace] GC(0) Metaspace: 1006K(1152K)->1006K(1152K) NonClass: 933K(1024K)->933K(1024K) Class: 73K(128K)->73K(128K)
[2.401s][info][gc          ] GC(0) Pause Young (System.gc()) 92M->1M(1963M) 5.878ms
[2.401s][info][gc,cpu      ] GC(0) User=0.00s Sys=0.00s Real=0.00s
[2.401s][info][gc,start    ] GC(1) Pause Full (System.gc())
[2.401s][info][gc,phases,start] GC(1) Marking Phase
[2.406s][info][gc,phases      ] GC(1) Marking Phase 4.595ms
[2.406s][info][gc,phases,start] GC(1) Summary Phase
[2.406s][info][gc,phases      ] GC(1) Summary Phase 0.025ms
[2.406s][info][gc,phases,start] GC(1) Adjust Roots
[2.407s][info][gc,phases      ] GC(1) Adjust Roots 0.897ms
[2.407s][info][gc,phases,start] GC(1) Compaction Phase
[2.413s][info][gc,phases      ] GC(1) Compaction Phase 6.473ms
[2.414s][info][gc,phases,start] GC(1) Post Compact
[2.414s][info][gc,phases      ] GC(1) Post Compact 0.638ms
[2.414s][info][gc,heap        ] GC(1) PSYoungGen: 1571K(611840K)->0K(611840K) Eden: 0K(524800K)->0K(524800K) From: 1571K(87040K)->0K(87040K)
[2.414s][info][gc,heap        ] GC(1) ParOldGen: 8K(1398272K)->966K(1398272K)
[2.414s][info][gc,metaspace   ] GC(1) Metaspace: 1006K(1152K)->1006K(1152K) NonClass: 933K(1024K)->933K(1024K) Class: 73K(128K)->73K(128K)
[2.414s][info][gc             ] GC(1) Pause Full (System.gc()) 1M->0M(1963M) 12.904ms
[2.414s][info][gc,cpu         ] GC(1) User=0.52s Sys=0.00s Real=0.02s
[16.180s][info][gc,heap,exit   ] Heap
[16.181s][info][gc,heap,exit   ]  PSYoungGen      total 611840K, used 80469K [0x0000000580100000, 0x00000005aab80000, 0x0000000800000000)
[16.181s][info][gc,heap,exit   ]   eden space 524800K, 15% used [0x0000000580100000,0x0000000584f95760,0x00000005a0180000)
[16.181s][info][gc,heap,exit   ]   from space 87040K, 0% used [0x00000005a0180000,0x00000005a0180000,0x00000005a5680000)
[16.181s][info][gc,heap,exit   ]   to   space 87040K, 0% used [0x00000005a5680000,0x00000005a5680000,0x00000005aab80000)
[16.181s][info][gc,heap,exit   ]  ParOldGen       total 1398272K, used 966K [0x0000000080200000, 0x00000000d5780000, 0x0000000580100000)
[16.181s][info][gc,heap,exit   ]   object space 1398272K, 0% used [0x0000000080200000,0x00000000802f19c8,0x00000000d5780000)
[16.181s][info][gc,heap,exit   ]  Metaspace       used 3597K, committed 3776K, reserved 1114112K
[16.181s][info][gc,heap,exit   ]   class space    used 288K, committed 384K, reserved 1048576K
