[0.129s][info][gc] Using Epsilon
[0.134s][info][gc,init] Version: 20+36-2344 (release)
[0.134s][info][gc,init] CPUs: 48 total, 48 available
[0.134s][info][gc,init] Memory: 382G
[0.134s][info][gc,init] Large Page Support: Disabled
[0.134s][info][gc,init] NUMA Support: Disabled
[0.134s][info][gc,init] Compressed Oops: Enabled (Zero based)
[0.134s][info][gc,init] Heap Min Capacity: 6656K
[0.134s][info][gc,init] Heap Initial Capacity: 2G
[0.134s][info][gc,init] Heap Max Capacity: 4G
[0.134s][info][gc,init] Pre-touch: Disabled
[0.135s][warning][gc,init] Consider setting -Xms equal to -Xmx to avoid resizing hiccups
[0.284s][warning][gc,init] Consider enabling -XX:+AlwaysPreTouch to avoid memory commit hiccups
[0.284s][info   ][gc,init] TLAB Size Max: 4M
[0.284s][info   ][gc,init] TLAB Size Elasticity: 1.10x
[0.284s][info   ][gc,init] TLAB Size Decay Time: 1000ms
[0.286s][info   ][gc,metaspace] CDS archive(s) mapped at: [0x0000000800000000-0x0000000800c60000-0x0000000800c60000), size 12976128, SharedBaseAddress: 0x0000000800000000, ArchiveRelocationMode: 0.
[0.286s][info   ][gc,metaspace] Compressed class space mapped at: 0x0000000801000000-0x0000000841000000, reserved size: 1073741824
[0.286s][info   ][gc,metaspace] Narrow klass base: 0x0000000800000000, Narrow klass shift: 0, Narrow klass range: 0x100000000
[10.321s][info   ][gc,heap,exit] Heap
[10.321s][info   ][gc,heap,exit] Epsilon Heap
[10.321s][info   ][gc,heap,exit] Allocation space:
[10.321s][info   ][gc,heap,exit]  space 2097152K,   2% used [0x0000000700000000, 0x00000007028f5cb0, 0x0000000780000000)
[10.321s][info   ][gc,heap,exit]  Metaspace       used 7278K, committed 7552K, reserved 1114112K
[10.321s][info   ][gc,heap,exit]   class space    used 804K, committed 960K, reserved 1048576K
[10.321s][info   ][gc          ] Heap: 4096M reserved, 2048M (50.00%) committed, 41943K (1.00%) used
[10.321s][info   ][gc,metaspace] Metaspace: 1088M reserved, 7552K (0.68%) committed, 7278K (0.65%) used
