[0.017s][info][gc,init] CardTable entry size: 512
[0.017s][info][gc     ] Using G1
[0.025s][info][gc,init] Version: 20+36-2344 (release)
[0.025s][info][gc,init] CPUs: 48 total, 48 available
[0.025s][info][gc,init] Memory: 382G
[0.025s][info][gc,init] Large Page Support: Disabled
[0.025s][info][gc,init] NUMA Support: Disabled
[0.025s][info][gc,init] Compressed Oops: Enabled (32-bit)
[0.025s][info][gc,init] Heap Region Size: 1M
[0.025s][info][gc,init] Heap Min Capacity: 8M
[0.025s][info][gc,init] Heap Initial Capacity: 512M
[0.025s][info][gc,init] Heap Max Capacity: 512M
[0.033s][info][gc,init] Pre-touch: Disabled
[0.033s][info][gc,init] Parallel Workers: 33
[0.033s][info][gc,init] Concurrent Workers: 8
[0.033s][info][gc,init] Concurrent Refinement Workers: 33
[0.033s][info][gc,init] Periodic GC: Disabled
[0.034s][info][gc,metaspace] CDS archive(s) mapped at: [0x0000000800000000-0x0000000800c60000-0x0000000800c60000), size 12976128, SharedBaseAddress: 0x0000000800000000, ArchiveRelocationMode: 0.
[0.034s][info][gc,metaspace] Compressed class space mapped at: 0x0000000801000000-0x0000000841000000, reserved size: 1073741824
[0.034s][info][gc,metaspace] Narrow klass base: 0x0000000800000000, Narrow klass shift: 0, Narrow klass range: 0x100000000
[9.353s][info][gc,start    ] GC(0) Pause Young (Normal) (G1 Evacuation Pause)
[9.354s][info][gc,task     ] GC(0) Using 12 workers of 33 for evacuation
[9.359s][info][gc,phases   ] GC(0)   Pre Evacuate Collection Set: 0.1ms
[9.359s][info][gc,phases   ] GC(0)   Merge Heap Roots: 0.1ms
[9.359s][info][gc,phases   ] GC(0)   Evacuate Collection Set: 3.7ms
[9.359s][info][gc,phases   ] GC(0)   Post Evacuate Collection Set: 0.8ms
[9.359s][info][gc,phases   ] GC(0)   Other: 0.9ms
[9.359s][info][gc,heap     ] GC(0) Eden regions: 25->0(32)
[9.359s][info][gc,heap     ] GC(0) Survivor regions: 0->4(4)
[9.359s][info][gc,heap     ] GC(0) Old regions: 0->1
[9.359s][info][gc,heap     ] GC(0) Archive regions: 0->0
[9.359s][info][gc,heap     ] GC(0) Humongous regions: 0->0
[9.359s][info][gc,metaspace] GC(0) Metaspace: 4181K(4480K)->4181K(4480K) NonClass: 3792K(3968K)->3792K(3968K) Class: 388K(512K)->388K(512K)
[9.359s][info][gc          ] GC(0) Pause Young (Normal) (G1 Evacuation Pause) 25M->4M(512M) 6.359ms
[9.359s][info][gc,cpu      ] GC(0) User=0.00s Sys=0.00s Real=0.00s
[9.681s][info][gc,heap,exit] Heap
[9.681s][info][gc,heap,exit]  garbage-first heap   total 524288K, used 22574K [0x00000000e0000000, 0x0000000100000000)
[9.681s][info][gc,heap,exit]   region size 1024K, 23 young (23552K), 4 survivors (4096K)
[9.681s][info][gc,heap,exit]  Metaspace       used 7276K, committed 7552K, reserved 1114112K
[9.681s][info][gc,heap,exit]   class space    used 805K, committed 960K, reserved 1048576K
