[0.016s][info][gc,init] CardTable entry size: 512
[0.016s][info][gc     ] Using Parallel
[0.022s][info][gc,init] Version: 20+36-2344 (release)
[0.022s][info][gc,init] CPUs: 48 total, 48 available
[0.022s][info][gc,init] Memory: 382G
[0.022s][info][gc,init] Large Page Support: Disabled
[0.022s][info][gc,init] NUMA Support: Disabled
[0.022s][info][gc,init] Compressed Oops: Enabled (32-bit)
[0.022s][info][gc,init] Alignments: Space 512K, Generation 512K, Heap 2M
[0.022s][info][gc,init] Heap Min Capacity: 8M
[0.022s][info][gc,init] Heap Initial Capacity: 1G
[0.031s][info][gc,init] Heap Max Capacity: 1G
[0.031s][info][gc,init] Pre-touch: Disabled
[0.031s][info][gc,init] Parallel Workers: 33
[0.032s][info][gc,metaspace] CDS archive(s) mapped at: [0x0000000800000000-0x0000000800c60000-0x0000000800c60000), size 12976128, SharedBaseAddress: 0x0000000800000000, ArchiveRelocationMode: 0.
[0.032s][info][gc,metaspace] Compressed class space mapped at: 0x0000000801000000-0x0000000841000000, reserved size: 1073741824
[0.032s][info][gc,metaspace] Narrow klass base: 0x0000000800000000, Narrow klass shift: 0, Narrow klass range: 0x100000000
[8.932s][info][gc,heap,exit] Heap
[8.932s][info][gc,heap,exit]  PSYoungGen      total 305664K, used 104881K [0x00000000eab00000, 0x0000000100000000, 0x0000000100000000)
[8.932s][info][gc,heap,exit]   eden space 262144K, 40% used [0x00000000eab00000,0x00000000f116c498,0x00000000fab00000)
[8.932s][info][gc,heap,exit]   from space 43520K, 0% used [0x00000000fd580000,0x00000000fd580000,0x0000000100000000)
[8.932s][info][gc,heap,exit]   to   space 43520K, 0% used [0x00000000fab00000,0x00000000fab00000,0x00000000fd580000)
[8.932s][info][gc,heap,exit]  ParOldGen       total 699392K, used 0K [0x00000000c0000000, 0x00000000eab00000, 0x00000000eab00000)
[8.932s][info][gc,heap,exit]   object space 699392K, 0% used [0x00000000c0000000,0x00000000c0000000,0x00000000eab00000)
[8.932s][info][gc,heap,exit]  Metaspace       used 7287K, committed 7616K, reserved 1114112K
[8.932s][info][gc,heap,exit]   class space    used 805K, committed 960K, reserved 1048576K
