[0.017s][info][gc,init] CardTable entry size: 512
[0.017s][info][gc     ] Using Serial
[0.019s][info][gc,init] Version: 20+36-2344 (release)
[0.020s][info][gc,init] CPUs: 48 total, 48 available
[0.020s][info][gc,init] Memory: 382G
[0.020s][info][gc,init] Large Page Support: Disabled
[0.020s][info][gc,init] NUMA Support: Disabled
[0.020s][info][gc,init] Compressed Oops: Enabled (32-bit)
[0.020s][info][gc,init] Heap Min Capacity: 8M
[0.020s][info][gc,init] Heap Initial Capacity: 512M
[0.020s][info][gc,init] Heap Max Capacity: 512M
[0.020s][info][gc,init] Pre-touch: Disabled
[0.027s][info][gc,metaspace] CDS archive(s) mapped at: [0x0000000800000000-0x0000000800c60000-0x0000000800c60000), size 12976128, SharedBaseAddress: 0x0000000800000000, ArchiveRelocationMode: 0.
[0.027s][info][gc,metaspace] Compressed class space mapped at: 0x0000000801000000-0x0000000841000000, reserved size: 1073741824
[0.027s][info][gc,metaspace] Narrow klass base: 0x0000000800000000, Narrow klass shift: 0, Narrow klass range: 0x100000000
[11.446s][info][gc,heap,exit] Heap
[11.446s][info][gc,heap,exit]  def new generation   total 157248K, used 75516K [0x00000000e0000000, 0x00000000eaaa0000, 0x00000000eaaa0000)
[11.447s][info][gc,heap,exit]   eden space 139776K,  54% used [0x00000000e0000000, 0x00000000e49bf040, 0x00000000e8880000)
[11.447s][info][gc,heap,exit]   from space 17472K,   0% used [0x00000000e8880000, 0x00000000e8880000, 0x00000000e9990000)
[11.447s][info][gc,heap,exit]   to   space 17472K,   0% used [0x00000000e9990000, 0x00000000e9990000, 0x00000000eaaa0000)
[11.447s][info][gc,heap,exit]  tenured generation   total 349568K, used 0K [0x00000000eaaa0000, 0x0000000100000000, 0x0000000100000000)
[11.447s][info][gc,heap,exit]    the space 349568K,   0% used [0x00000000eaaa0000, 0x00000000eaaa0000, 0x00000000eaaa0200, 0x0000000100000000)
[11.447s][info][gc,heap,exit]  Metaspace       used 7282K, committed 7552K, reserved 1114112K
[11.447s][info][gc,heap,exit]   class space    used 804K, committed 960K, reserved 1048576K
