[0.015s][info][gc] Using Epsilon
[0.016s][info][gc,init] Version: 20+36-2344 (release)
[0.017s][info][gc,init] CPUs: 48 total, 48 available
[0.017s][info][gc,init] Memory: 382G
[0.017s][info][gc,init] Large Page Support: Disabled
[0.017s][info][gc,init] NUMA Support: Disabled
[0.017s][info][gc,init] Compressed Oops: Enabled (32-bit)
[0.017s][info][gc,init] Heap Min Capacity: 6656K
[0.017s][info][gc,init] Heap Initial Capacity: 512M
[0.017s][info][gc,init] Heap Max Capacity: 512M
[0.017s][info][gc,init] Pre-touch: Disabled
[0.017s][warning][gc,init] Consider enabling -XX:+AlwaysPreTouch to avoid memory commit hiccups
[0.024s][info   ][gc,init] TLAB Size Max: 4M
[0.024s][info   ][gc,init] TLAB Size Elasticity: 1.10x
[0.025s][info   ][gc,init] TLAB Size Decay Time: 1000ms
[0.026s][info   ][gc,metaspace] CDS archive(s) mapped at: [0x0000000800000000-0x0000000800c60000-0x0000000800c60000), size 12976128, SharedBaseAddress: 0x0000000800000000, ArchiveRelocationMode: 0.
[0.026s][info   ][gc,metaspace] Compressed class space mapped at: 0x0000000801000000-0x0000000841000000, reserved size: 1073741824
[0.026s][info   ][gc,metaspace] Narrow klass base: 0x0000000800000000, Narrow klass shift: 0, Narrow klass range: 0x100000000
[0.793s][info   ][gc          ] GC request for "System.gc()" is ignored
[0.828s][info   ][gc          ] Heap: 512M reserved, 512M (100.00%) committed, 27532K (5.25%) used
[0.828s][info   ][gc,metaspace] Metaspace: 1088M reserved, 8576K (0.77%) committed, 8400K (0.75%) used
[0.884s][info   ][gc          ] Heap: 512M reserved, 512M (100.00%) committed, 56572K (10.79%) used
[0.884s][info   ][gc,metaspace] Metaspace: 1088M reserved, 8576K (0.77%) committed, 8419K (0.76%) used
[0.913s][info   ][gc          ] Heap: 512M reserved, 512M (100.00%) committed, 85244K (16.26%) used
[0.913s][info   ][gc,metaspace] Metaspace: 1088M reserved, 8576K (0.77%) committed, 8419K (0.76%) used
[0.939s][info   ][gc          ] Heap: 512M reserved, 512M (100.00%) committed, 111M (21.73%) used
[0.939s][info   ][gc,metaspace] Metaspace: 1088M reserved, 8576K (0.77%) committed, 8419K (0.76%) used
[0.965s][info   ][gc          ] Heap: 512M reserved, 512M (100.00%) committed, 139M (27.20%) used
[0.965s][info   ][gc,metaspace] Metaspace: 1088M reserved, 8576K (0.77%) committed, 8419K (0.76%) used
[0.990s][info   ][gc          ] Heap: 512M reserved, 512M (100.00%) committed, 167M (32.67%) used
[0.990s][info   ][gc,metaspace] Metaspace: 1088M reserved, 8576K (0.77%) committed, 8419K (0.76%) used
[1.017s][info   ][gc          ] Heap: 512M reserved, 512M (100.00%) committed, 195M (38.13%) used
[1.017s][info   ][gc,metaspace] Metaspace: 1088M reserved, 8576K (0.77%) committed, 8419K (0.76%) used
[1.040s][info   ][gc          ] Heap: 512M reserved, 512M (100.00%) committed, 223M (43.60%) used
[1.040s][info   ][gc,metaspace] Metaspace: 1088M reserved, 8576K (0.77%) committed, 8419K (0.76%) used
[1.063s][info   ][gc          ] Heap: 512M reserved, 512M (100.00%) committed, 251M (49.07%) used
[1.063s][info   ][gc,metaspace] Metaspace: 1088M reserved, 8576K (0.77%) committed, 8419K (0.76%) used
[1.086s][info   ][gc          ] Heap: 512M reserved, 512M (100.00%) committed, 279M (54.54%) used
[1.086s][info   ][gc,metaspace] Metaspace: 1088M reserved, 8576K (0.77%) committed, 8419K (0.76%) used
[1.108s][info   ][gc          ] Heap: 512M reserved, 512M (100.00%) committed, 307M (60.01%) used
[1.108s][info   ][gc,metaspace] Metaspace: 1088M reserved, 8576K (0.77%) committed, 8419K (0.76%) used
[1.131s][info   ][gc          ] Heap: 512M reserved, 512M (100.00%) committed, 335M (65.48%) used
[1.132s][info   ][gc,metaspace] Metaspace: 1088M reserved, 8576K (0.77%) committed, 8419K (0.76%) used
[1.155s][info   ][gc          ] Heap: 512M reserved, 512M (100.00%) committed, 363M (70.95%) used
[1.155s][info   ][gc,metaspace] Metaspace: 1088M reserved, 8576K (0.77%) committed, 8419K (0.76%) used
[1.178s][info   ][gc          ] Heap: 512M reserved, 512M (100.00%) committed, 391M (76.42%) used
[1.178s][info   ][gc,metaspace] Metaspace: 1088M reserved, 8576K (0.77%) committed, 8419K (0.76%) used
[1.201s][info   ][gc          ] Heap: 512M reserved, 512M (100.00%) committed, 419M (81.88%) used
[1.201s][info   ][gc,metaspace] Metaspace: 1088M reserved, 8576K (0.77%) committed, 8419K (0.76%) used
[1.224s][info   ][gc          ] Heap: 512M reserved, 512M (100.00%) committed, 447M (87.35%) used
[1.224s][info   ][gc,metaspace] Metaspace: 1088M reserved, 8576K (0.77%) committed, 8419K (0.76%) used
[1.259s][info   ][gc          ] Heap: 512M reserved, 512M (100.00%) committed, 475M (92.82%) used
[1.260s][info   ][gc,metaspace] Metaspace: 1088M reserved, 8576K (0.77%) committed, 8419K (0.76%) used
[1.289s][info   ][gc          ] Heap: 512M reserved, 512M (100.00%) committed, 503M (98.29%) used
[1.289s][info   ][gc,metaspace] Metaspace: 1088M reserved, 8576K (0.77%) committed, 8419K (0.76%) used
