[0.016s][info][gc] Using Epsilon
[0.023s][info][gc,init] Version: 20+36-2344 (release)
[0.023s][info][gc,init] CPUs: 48 total, 48 available
[0.023s][info][gc,init] Memory: 382G
[0.023s][info][gc,init] Large Page Support: Disabled
[0.023s][info][gc,init] NUMA Support: Disabled
[0.023s][info][gc,init] Compressed Oops: Enabled (32-bit)
[0.023s][info][gc,init] Heap Min Capacity: 6656K
[0.023s][info][gc,init] Heap Initial Capacity: 2G
[0.023s][info][gc,init] Heap Max Capacity: 2G
[0.023s][info][gc,init] Pre-touch: Disabled
[0.023s][warning][gc,init] Consider enabling -XX:+AlwaysPreTouch to avoid memory commit hiccups
[0.042s][info   ][gc,init] TLAB Size Max: 4M
[0.042s][info   ][gc,init] TLAB Size Elasticity: 1.10x
[0.042s][info   ][gc,init] TLAB Size Decay Time: 1000ms
[0.044s][info   ][gc,metaspace] CDS archive(s) mapped at: [0x0000000800000000-0x0000000800c60000-0x0000000800c60000), size 12976128, SharedBaseAddress: 0x0000000800000000, ArchiveRelocationMode: 0.
[0.044s][info   ][gc,metaspace] Compressed class space mapped at: 0x0000000801000000-0x0000000841000000, reserved size: 1073741824
[0.044s][info   ][gc,metaspace] Narrow klass base: 0x0000000800000000, Narrow klass shift: 0, Narrow klass range: 0x100000000
[1.086s][info   ][gc          ] GC request for "System.gc()" is ignored
[1.236s][info   ][gc          ] Heap: 2048M reserved, 2048M (100.00%) committed, 103M (5.04%) used
[1.236s][info   ][gc,metaspace] Metaspace: 1088M reserved, 8576K (0.77%) committed, 8420K (0.76%) used
[1.331s][info   ][gc          ] Heap: 2048M reserved, 2048M (100.00%) committed, 207M (10.12%) used
[1.331s][info   ][gc,metaspace] Metaspace: 1088M reserved, 8576K (0.77%) committed, 8420K (0.76%) used
[1.439s][info   ][gc          ] Heap: 2048M reserved, 2048M (100.00%) committed, 311M (15.19%) used
[1.439s][info   ][gc,metaspace] Metaspace: 1088M reserved, 8576K (0.77%) committed, 8420K (0.76%) used
[1.528s][info   ][gc          ] Heap: 2048M reserved, 2048M (100.00%) committed, 415M (20.27%) used
[1.528s][info   ][gc,metaspace] Metaspace: 1088M reserved, 8576K (0.77%) committed, 8420K (0.76%) used
[1.615s][info   ][gc          ] Heap: 2048M reserved, 2048M (100.00%) committed, 519M (25.35%) used
[1.615s][info   ][gc,metaspace] Metaspace: 1088M reserved, 8576K (0.77%) committed, 8420K (0.76%) used
[1.695s][info   ][gc          ] Heap: 2048M reserved, 2048M (100.00%) committed, 623M (30.43%) used
[1.695s][info   ][gc,metaspace] Metaspace: 1088M reserved, 8576K (0.77%) committed, 8420K (0.76%) used
[1.775s][info   ][gc          ] Heap: 2048M reserved, 2048M (100.00%) committed, 727M (35.51%) used
[1.775s][info   ][gc,metaspace] Metaspace: 1088M reserved, 8576K (0.77%) committed, 8420K (0.76%) used
[1.855s][info   ][gc          ] Heap: 2048M reserved, 2048M (100.00%) committed, 831M (40.58%) used
[1.855s][info   ][gc,metaspace] Metaspace: 1088M reserved, 8576K (0.77%) committed, 8420K (0.76%) used
[1.941s][info   ][gc          ] Heap: 2048M reserved, 2048M (100.00%) committed, 935M (45.66%) used
[1.941s][info   ][gc,metaspace] Metaspace: 1088M reserved, 8576K (0.77%) committed, 8420K (0.76%) used
[2.021s][info   ][gc          ] Heap: 2048M reserved, 2048M (100.00%) committed, 1039M (50.74%) used
[2.021s][info   ][gc,metaspace] Metaspace: 1088M reserved, 8576K (0.77%) committed, 8420K (0.76%) used
[2.102s][info   ][gc          ] Heap: 2048M reserved, 2048M (100.00%) committed, 1143M (55.82%) used
[2.102s][info   ][gc,metaspace] Metaspace: 1088M reserved, 8576K (0.77%) committed, 8420K (0.76%) used
[2.183s][info   ][gc          ] Heap: 2048M reserved, 2048M (100.00%) committed, 1247M (60.90%) used
[2.183s][info   ][gc,metaspace] Metaspace: 1088M reserved, 8576K (0.77%) committed, 8420K (0.76%) used
[2.281s][info   ][gc          ] Heap: 2048M reserved, 2048M (100.00%) committed, 1351M (65.97%) used
[2.281s][info   ][gc,metaspace] Metaspace: 1088M reserved, 8576K (0.77%) committed, 8420K (0.76%) used
[2.362s][info   ][gc          ] Heap: 2048M reserved, 2048M (100.00%) committed, 1455M (71.05%) used
[2.362s][info   ][gc,metaspace] Metaspace: 1088M reserved, 8576K (0.77%) committed, 8420K (0.76%) used
[2.443s][info   ][gc          ] Heap: 2048M reserved, 2048M (100.00%) committed, 1559M (76.13%) used
[2.443s][info   ][gc,metaspace] Metaspace: 1088M reserved, 8576K (0.77%) committed, 8420K (0.76%) used
[2.524s][info   ][gc          ] Heap: 2048M reserved, 2048M (100.00%) committed, 1663M (81.21%) used
[2.524s][info   ][gc,metaspace] Metaspace: 1088M reserved, 8576K (0.77%) committed, 8420K (0.76%) used
[2.611s][info   ][gc          ] Heap: 2048M reserved, 2048M (100.00%) committed, 1767M (86.29%) used
[2.611s][info   ][gc,metaspace] Metaspace: 1088M reserved, 8576K (0.77%) committed, 8420K (0.76%) used
[2.691s][info   ][gc          ] Heap: 2048M reserved, 2048M (100.00%) committed, 1871M (91.37%) used
[2.692s][info   ][gc,metaspace] Metaspace: 1088M reserved, 8576K (0.77%) committed, 8420K (0.76%) used
[2.772s][info   ][gc          ] Heap: 2048M reserved, 2048M (100.00%) committed, 1975M (96.44%) used
[2.772s][info   ][gc,metaspace] Metaspace: 1088M reserved, 8576K (0.77%) committed, 8420K (0.76%) used
