[0.019s][info][gc] Using Epsilon
[0.027s][info][gc,init] Version: 20+36-2344 (release)
[0.028s][info][gc,init] CPUs: 48 total, 48 available
[0.028s][info][gc,init] Memory: 382G
[0.028s][info][gc,init] Large Page Support: Disabled
[0.028s][info][gc,init] NUMA Support: Disabled
[0.028s][info][gc,init] Compressed Oops: Enabled (Zero based)
[0.028s][info][gc,init] Heap Min Capacity: 6656K
[0.028s][info][gc,init] Heap Initial Capacity: 2G
[0.028s][info][gc,init] Heap Max Capacity: 4G
[0.028s][info][gc,init] Pre-touch: Disabled
[0.028s][warning][gc,init] Consider setting -Xms equal to -Xmx to avoid resizing hiccups
[0.038s][warning][gc,init] Consider enabling -XX:+AlwaysPreTouch to avoid memory commit hiccups
[0.038s][info   ][gc,init] TLAB Size Max: 4M
[0.038s][info   ][gc,init] TLAB Size Elasticity: 1.10x
[0.038s][info   ][gc,init] TLAB Size Decay Time: 1000ms
[0.040s][info   ][gc,metaspace] CDS archive(s) mapped at: [0x0000000800000000-0x0000000800c60000-0x0000000800c60000), size 12976128, SharedBaseAddress: 0x0000000800000000, ArchiveRelocationMode: 0.
[0.040s][info   ][gc,metaspace] Compressed class space mapped at: 0x0000000801000000-0x0000000841000000, reserved size: 1073741824
[0.040s][info   ][gc,metaspace] Narrow klass base: 0x0000000800000000, Narrow klass shift: 0, Narrow klass range: 0x100000000
[0.953s][info   ][gc          ] GC request for "System.gc()" is ignored
[1.196s][info   ][gc          ] Heap: 4096M reserved, 2048M (50.00%) committed, 207M (5.06%) used
[1.196s][info   ][gc,metaspace] Metaspace: 1088M reserved, 8576K (0.77%) committed, 8421K (0.76%) used
[1.369s][info   ][gc          ] Heap: 4096M reserved, 2048M (50.00%) committed, 415M (10.14%) used
[1.370s][info   ][gc,metaspace] Metaspace: 1088M reserved, 8576K (0.77%) committed, 8421K (0.76%) used
[1.534s][info   ][gc          ] Heap: 4096M reserved, 2048M (50.00%) committed, 623M (15.22%) used
[1.535s][info   ][gc,metaspace] Metaspace: 1088M reserved, 8576K (0.77%) committed, 8421K (0.76%) used
[1.697s][info   ][gc          ] Heap: 4096M reserved, 2048M (50.00%) committed, 831M (20.29%) used
[1.697s][info   ][gc,metaspace] Metaspace: 1088M reserved, 8576K (0.77%) committed, 8421K (0.76%) used
[1.864s][info   ][gc          ] Heap: 4096M reserved, 2048M (50.00%) committed, 1039M (25.37%) used
[1.864s][info   ][gc,metaspace] Metaspace: 1088M reserved, 8576K (0.77%) committed, 8421K (0.76%) used
[2.022s][info   ][gc          ] Heap: 4096M reserved, 2048M (50.00%) committed, 1247M (30.45%) used
[2.034s][info   ][gc,metaspace] Metaspace: 1088M reserved, 8576K (0.77%) committed, 8421K (0.76%) used
[2.218s][info   ][gc          ] Heap: 4096M reserved, 2048M (50.00%) committed, 1455M (35.53%) used
[2.218s][info   ][gc,metaspace] Metaspace: 1088M reserved, 8576K (0.77%) committed, 8421K (0.76%) used
[2.391s][info   ][gc          ] Heap: 4096M reserved, 2048M (50.00%) committed, 1663M (40.61%) used
[2.392s][info   ][gc,metaspace] Metaspace: 1088M reserved, 8576K (0.77%) committed, 8421K (0.76%) used
[2.555s][info   ][gc          ] Heap: 4096M reserved, 2048M (50.00%) committed, 1871M (45.68%) used
[2.555s][info   ][gc,metaspace] Metaspace: 1088M reserved, 8576K (0.77%) committed, 8421K (0.76%) used
[2.713s][info   ][gc          ] Heap: 4096M reserved, 2176M (53.13%) committed, 2079M (50.76%) used
[2.713s][info   ][gc,metaspace] Metaspace: 1088M reserved, 8576K (0.77%) committed, 8421K (0.76%) used
[2.892s][info   ][gc          ] Heap: 4096M reserved, 2304M (56.25%) committed, 2287M (55.84%) used
[2.892s][info   ][gc,metaspace] Metaspace: 1088M reserved, 8576K (0.77%) committed, 8421K (0.76%) used
[3.055s][info   ][gc          ] Heap: 4096M reserved, 2560M (62.50%) committed, 2495M (60.92%) used
[3.055s][info   ][gc,metaspace] Metaspace: 1088M reserved, 8576K (0.77%) committed, 8421K (0.76%) used
[3.227s][info   ][gc          ] Heap: 4096M reserved, 2816M (68.75%) committed, 2703M (66.00%) used
[3.227s][info   ][gc,metaspace] Metaspace: 1088M reserved, 8576K (0.77%) committed, 8421K (0.76%) used
[3.400s][info   ][gc          ] Heap: 4096M reserved, 2944M (71.88%) committed, 2911M (71.08%) used
[3.400s][info   ][gc,metaspace] Metaspace: 1088M reserved, 8576K (0.77%) committed, 8421K (0.76%) used
[3.575s][info   ][gc          ] Heap: 4096M reserved, 3200M (78.13%) committed, 3119M (76.15%) used
[3.575s][info   ][gc,metaspace] Metaspace: 1088M reserved, 8576K (0.77%) committed, 8421K (0.76%) used
[3.735s][info   ][gc          ] Heap: 4096M reserved, 3328M (81.25%) committed, 3327M (81.23%) used
[3.735s][info   ][gc,metaspace] Metaspace: 1088M reserved, 8576K (0.77%) committed, 8421K (0.76%) used
[3.898s][info   ][gc          ] Heap: 4096M reserved, 3584M (87.50%) committed, 3535M (86.31%) used
[3.898s][info   ][gc,metaspace] Metaspace: 1088M reserved, 8576K (0.77%) committed, 8421K (0.76%) used
[4.082s][info   ][gc          ] Heap: 4096M reserved, 3840M (93.75%) committed, 3743M (91.39%) used
[4.082s][info   ][gc,metaspace] Metaspace: 1088M reserved, 8576K (0.77%) committed, 8422K (0.76%) used
[4.263s][info   ][gc          ] Heap: 4096M reserved, 3968M (96.88%) committed, 3951M (96.47%) used
[4.263s][info   ][gc,metaspace] Metaspace: 1088M reserved, 8576K (0.77%) committed, 8422K (0.76%) used
