[0.016s][info][gc,init] CardTable entry size: 512
[0.017s][info][gc     ] Using G1
[0.048s][info][gc,init] Version: 20+36-2344 (release)
[0.048s][info][gc,init] CPUs: 48 total, 48 available
[0.048s][info][gc,init] Memory: 382G
[0.048s][info][gc,init] Large Page Support: Disabled
[0.048s][info][gc,init] NUMA Support: Disabled
[0.048s][info][gc,init] Compressed Oops: Enabled (32-bit)
[0.048s][info][gc,init] Heap Region Size: 1M
[0.048s][info][gc,init] Heap Min Capacity: 8M
[0.048s][info][gc,init] Heap Initial Capacity: 2G
[0.048s][info][gc,init] Heap Max Capacity: 2G
[0.048s][info][gc,init] Pre-touch: Disabled
[0.062s][info][gc,init] Parallel Workers: 33
[0.062s][info][gc,init] Concurrent Workers: 8
[0.062s][info][gc,init] Concurrent Refinement Workers: 33
[0.062s][info][gc,init] Periodic GC: Disabled
[0.063s][info][gc,metaspace] CDS archive(s) mapped at: [0x0000000800000000-0x0000000800c60000-0x0000000800c60000), size 12976128, SharedBaseAddress: 0x0000000800000000, ArchiveRelocationMode: 0.
[0.063s][info][gc,metaspace] Compressed class space mapped at: 0x0000000801000000-0x0000000841000000, reserved size: 1073741824
[0.063s][info][gc,metaspace] Narrow klass base: 0x0000000800000000, Narrow klass shift: 0, Narrow klass range: 0x100000000
[1.015s][info][gc,start    ] GC(0) Pause Full (System.gc())
[1.016s][info][gc,task     ] GC(0) Using 23 workers of 33 for full compaction
[1.018s][info][gc,phases,start] GC(0) Phase 1: Mark live objects
[1.023s][info][gc,phases      ] GC(0) Phase 1: Mark live objects 5.530ms
[1.023s][info][gc,phases,start] GC(0) Phase 2: Prepare compaction
[1.029s][info][gc,phases      ] GC(0) Phase 2: Prepare compaction 5.955ms
[1.029s][info][gc,phases,start] GC(0) Phase 3: Adjust pointers
[1.031s][info][gc,phases      ] GC(0) Phase 3: Adjust pointers 1.892ms
[1.031s][info][gc,phases,start] GC(0) Phase 4: Compact heap
[1.033s][info][gc,phases      ] GC(0) Phase 4: Compact heap 1.443ms
[1.050s][info][gc,heap        ] GC(0) Eden regions: 23->0(23)
[1.050s][info][gc,heap        ] GC(0) Survivor regions: 0->0(0)
[1.050s][info][gc,heap        ] GC(0) Old regions: 0->23
[1.050s][info][gc,heap        ] GC(0) Archive regions: 0->0
[1.050s][info][gc,heap        ] GC(0) Humongous regions: 0->0
[1.050s][info][gc,metaspace   ] GC(0) Metaspace: 8265K(8448K)->8265K(8448K) NonClass: 7150K(7232K)->7150K(7232K) Class: 1115K(1216K)->1115K(1216K)
[1.050s][info][gc             ] GC(0) Pause Full (System.gc()) 23M->3M(77M) 35.247ms
[1.050s][info][gc,cpu         ] GC(0) User=0.36s Sys=0.36s Real=0.03s
[1.121s][info][gc,start       ] GC(1) Pause Young (Normal) (G1 Evacuation Pause)
[1.121s][info][gc,task        ] GC(1) Using 12 workers of 33 for evacuation
[1.122s][info][gc,phases      ] GC(1)   Pre Evacuate Collection Set: 0.1ms
[1.122s][info][gc,phases      ] GC(1)   Merge Heap Roots: 0.1ms
[1.122s][info][gc,phases      ] GC(1)   Evacuate Collection Set: 0.4ms
[1.122s][info][gc,phases      ] GC(1)   Post Evacuate Collection Set: 0.3ms
[1.122s][info][gc,phases      ] GC(1)   Other: 0.1ms
[1.122s][info][gc,heap        ] GC(1) Eden regions: 23->0(43)
[1.122s][info][gc,heap        ] GC(1) Survivor regions: 0->1(3)
[1.122s][info][gc,heap        ] GC(1) Old regions: 23->23
[1.122s][info][gc,heap        ] GC(1) Archive regions: 0->0
[1.122s][info][gc,heap        ] GC(1) Humongous regions: 0->0
[1.122s][info][gc,metaspace   ] GC(1) Metaspace: 8409K(8576K)->8409K(8576K) NonClass: 7281K(7360K)->7281K(7360K) Class: 1127K(1216K)->1127K(1216K)
[1.122s][info][gc             ] GC(1) Pause Young (Normal) (G1 Evacuation Pause) 26M->4M(77M) 1.185ms
[1.122s][info][gc,cpu         ] GC(1) User=0.00s Sys=0.00s Real=0.00s
[1.172s][info][gc,start       ] GC(2) Pause Young (Normal) (G1 Evacuation Pause)
[1.172s][info][gc,task        ] GC(2) Using 7 workers of 33 for evacuation
[1.173s][info][gc,phases      ] GC(2)   Pre Evacuate Collection Set: 0.1ms
[1.173s][info][gc,phases      ] GC(2)   Merge Heap Roots: 0.1ms
[1.173s][info][gc,phases      ] GC(2)   Evacuate Collection Set: 0.4ms
[1.173s][info][gc,phases      ] GC(2)   Post Evacuate Collection Set: 0.4ms
[1.173s][info][gc,phases      ] GC(2)   Other: 0.2ms
[1.173s][info][gc,heap        ] GC(2) Eden regions: 43->0(45)
[1.173s][info][gc,heap        ] GC(2) Survivor regions: 1->1(6)
[1.173s][info][gc,heap        ] GC(2) Old regions: 23->23
[1.173s][info][gc,heap        ] GC(2) Archive regions: 0->0
[1.173s][info][gc,heap        ] GC(2) Humongous regions: 0->0
[1.173s][info][gc,metaspace   ] GC(2) Metaspace: 8409K(8576K)->8409K(8576K) NonClass: 7281K(7360K)->7281K(7360K) Class: 1127K(1216K)->1127K(1216K)
[1.174s][info][gc             ] GC(2) Pause Young (Normal) (G1 Evacuation Pause) 47M->3M(77M) 1.721ms
[1.174s][info][gc,cpu         ] GC(2) User=0.00s Sys=0.00s Real=0.00s
[1.229s][info][gc,start       ] GC(3) Pause Young (Normal) (G1 Evacuation Pause)
[1.229s][info][gc,task        ] GC(3) Using 4 workers of 33 for evacuation
[1.231s][info][gc,phases      ] GC(3)   Pre Evacuate Collection Set: 0.1ms
[1.231s][info][gc,phases      ] GC(3)   Merge Heap Roots: 0.1ms
[1.231s][info][gc,phases      ] GC(3)   Evacuate Collection Set: 0.7ms
[1.231s][info][gc,phases      ] GC(3)   Post Evacuate Collection Set: 0.3ms
[1.231s][info][gc,phases      ] GC(3)   Other: 0.1ms
[1.231s][info][gc,heap        ] GC(3) Eden regions: 45->0(45)
[1.231s][info][gc,heap        ] GC(3) Survivor regions: 1->1(6)
[1.231s][info][gc,heap        ] GC(3) Old regions: 23->23
[1.231s][info][gc,heap        ] GC(3) Archive regions: 0->0
[1.231s][info][gc,heap        ] GC(3) Humongous regions: 0->0
[1.231s][info][gc,metaspace   ] GC(3) Metaspace: 8409K(8576K)->8409K(8576K) NonClass: 7281K(7360K)->7281K(7360K) Class: 1127K(1216K)->1127K(1216K)
[1.231s][info][gc             ] GC(3) Pause Young (Normal) (G1 Evacuation Pause) 48M->3M(77M) 1.703ms
[1.231s][info][gc,cpu         ] GC(3) User=0.00s Sys=0.00s Real=0.00s
[1.258s][info][gc,start       ] GC(4) Pause Young (Normal) (G1 Evacuation Pause)
[1.258s][info][gc,task        ] GC(4) Using 3 workers of 33 for evacuation
[1.272s][info][gc,phases      ] GC(4)   Pre Evacuate Collection Set: 0.1ms
[1.272s][info][gc,phases      ] GC(4)   Merge Heap Roots: 0.1ms
[1.272s][info][gc,phases      ] GC(4)   Evacuate Collection Set: 0.8ms
[1.272s][info][gc,phases      ] GC(4)   Post Evacuate Collection Set: 12.6ms
[1.272s][info][gc,phases      ] GC(4)   Other: 0.2ms
[1.272s][info][gc,heap        ] GC(4) Eden regions: 45->0(636)
[1.272s][info][gc,heap        ] GC(4) Survivor regions: 1->1(6)
[1.272s][info][gc,heap        ] GC(4) Old regions: 23->23
[1.272s][info][gc,heap        ] GC(4) Archive regions: 0->0
[1.272s][info][gc,heap        ] GC(4) Humongous regions: 0->0
[1.272s][info][gc,metaspace   ] GC(4) Metaspace: 8409K(8576K)->8409K(8576K) NonClass: 7281K(7360K)->7281K(7360K) Class: 1127K(1216K)->1127K(1216K)
[1.272s][info][gc             ] GC(4) Pause Young (Normal) (G1 Evacuation Pause) 48M->4M(1063M) 14.118ms
[1.272s][info][gc,cpu         ] GC(4) User=0.05s Sys=0.00s Real=0.01s
[1.806s][info][gc,start       ] GC(5) Pause Young (Normal) (G1 Evacuation Pause)
[1.806s][info][gc,task        ] GC(5) Using 25 workers of 33 for evacuation
[1.811s][info][gc,phases      ] GC(5)   Pre Evacuate Collection Set: 0.2ms
[1.811s][info][gc,phases      ] GC(5)   Merge Heap Roots: 0.3ms
[1.811s][info][gc,phases      ] GC(5)   Evacuate Collection Set: 2.8ms
[1.811s][info][gc,phases      ] GC(5)   Post Evacuate Collection Set: 0.9ms
[1.811s][info][gc,phases      ] GC(5)   Other: 0.7ms
[1.811s][info][gc,heap        ] GC(5) Eden regions: 636->0(634)
[1.811s][info][gc,heap        ] GC(5) Survivor regions: 1->3(80)
[1.811s][info][gc,heap        ] GC(5) Old regions: 23->23
[1.811s][info][gc,heap        ] GC(5) Archive regions: 0->0
[1.812s][info][gc,heap        ] GC(5) Humongous regions: 0->0
[1.812s][info][gc,metaspace   ] GC(5) Metaspace: 8409K(8576K)->8409K(8576K) NonClass: 7281K(7360K)->7281K(7360K) Class: 1127K(1216K)->1127K(1216K)
[1.812s][info][gc             ] GC(5) Pause Young (Normal) (G1 Evacuation Pause) 640M->6M(1063M) 5.458ms
[1.812s][info][gc,cpu         ] GC(5) User=0.20s Sys=0.00s Real=0.02s
[2.171s][info][gc,start       ] GC(6) Pause Young (Normal) (G1 Evacuation Pause)
[2.171s][info][gc,task        ] GC(6) Using 25 workers of 33 for evacuation
[2.176s][info][gc,phases      ] GC(6)   Pre Evacuate Collection Set: 0.2ms
[2.176s][info][gc,phases      ] GC(6)   Merge Heap Roots: 0.3ms
[2.176s][info][gc,phases      ] GC(6)   Evacuate Collection Set: 3.4ms
[2.176s][info][gc,phases      ] GC(6)   Post Evacuate Collection Set: 0.9ms
[2.176s][info][gc,phases      ] GC(6)   Other: 0.2ms
[2.176s][info][gc,heap        ] GC(6) Eden regions: 634->0(631)
[2.176s][info][gc,heap        ] GC(6) Survivor regions: 3->6(80)
[2.176s][info][gc,heap        ] GC(6) Old regions: 23->23
[2.176s][info][gc,heap        ] GC(6) Archive regions: 0->0
[2.176s][info][gc,heap        ] GC(6) Humongous regions: 0->0
[2.176s][info][gc,metaspace   ] GC(6) Metaspace: 8409K(8576K)->8409K(8576K) NonClass: 7281K(7360K)->7281K(7360K) Class: 1127K(1216K)->1127K(1216K)
[2.176s][info][gc             ] GC(6) Pause Young (Normal) (G1 Evacuation Pause) 640M->8M(1063M) 5.509ms
[2.176s][info][gc,cpu         ] GC(6) User=0.00s Sys=0.00s Real=0.00s
[2.506s][info][gc,start       ] GC(7) Pause Young (Normal) (G1 Evacuation Pause)
[2.507s][info][gc,task        ] GC(7) Using 25 workers of 33 for evacuation
[2.511s][info][gc,phases      ] GC(7)   Pre Evacuate Collection Set: 0.2ms
[2.511s][info][gc,phases      ] GC(7)   Merge Heap Roots: 0.3ms
[2.511s][info][gc,phases      ] GC(7)   Evacuate Collection Set: 3.1ms
[2.511s][info][gc,phases      ] GC(7)   Post Evacuate Collection Set: 0.9ms
[2.511s][info][gc,phases      ] GC(7)   Other: 0.2ms
[2.511s][info][gc,heap        ] GC(7) Eden regions: 631->0(629)
[2.511s][info][gc,heap        ] GC(7) Survivor regions: 6->8(80)
[2.512s][info][gc,heap        ] GC(7) Old regions: 23->23
[2.512s][info][gc,heap        ] GC(7) Archive regions: 0->0
[2.512s][info][gc,heap        ] GC(7) Humongous regions: 0->0
[2.512s][info][gc,metaspace   ] GC(7) Metaspace: 8409K(8576K)->8409K(8576K) NonClass: 7281K(7360K)->7281K(7360K) Class: 1127K(1216K)->1127K(1216K)
[2.512s][info][gc             ] GC(7) Pause Young (Normal) (G1 Evacuation Pause) 639M->10M(1063M) 5.197ms
[2.512s][info][gc,cpu         ] GC(7) User=0.09s Sys=0.30s Real=0.02s
[2.843s][info][gc,start       ] GC(8) Pause Young (Normal) (G1 Evacuation Pause)
[2.843s][info][gc,task        ] GC(8) Using 25 workers of 33 for evacuation
[2.848s][info][gc,phases      ] GC(8)   Pre Evacuate Collection Set: 0.2ms
[2.848s][info][gc,phases      ] GC(8)   Merge Heap Roots: 0.3ms
[2.848s][info][gc,phases      ] GC(8)   Evacuate Collection Set: 3.6ms
[2.848s][info][gc,phases      ] GC(8)   Post Evacuate Collection Set: 0.9ms
[2.848s][info][gc,phases      ] GC(8)   Other: 0.2ms
[2.848s][info][gc,heap        ] GC(8) Eden regions: 629->0(627)
[2.848s][info][gc,heap        ] GC(8) Survivor regions: 8->10(80)
[2.848s][info][gc,heap        ] GC(8) Old regions: 23->23
[2.848s][info][gc,heap        ] GC(8) Archive regions: 0->0
[2.848s][info][gc,heap        ] GC(8) Humongous regions: 0->0
[2.848s][info][gc,metaspace   ] GC(8) Metaspace: 8409K(8576K)->8409K(8576K) NonClass: 7281K(7360K)->7281K(7360K) Class: 1127K(1216K)->1127K(1216K)
[2.848s][info][gc             ] GC(8) Pause Young (Normal) (G1 Evacuation Pause) 639M->13M(1063M) 5.715ms
[2.848s][info][gc,cpu         ] GC(8) User=0.00s Sys=0.00s Real=0.00s
[3.179s][info][gc,start       ] GC(9) Pause Young (Normal) (G1 Evacuation Pause)
[3.179s][info][gc,task        ] GC(9) Using 25 workers of 33 for evacuation
[3.185s][info][gc,phases      ] GC(9)   Pre Evacuate Collection Set: 0.2ms
[3.185s][info][gc,phases      ] GC(9)   Merge Heap Roots: 0.3ms
[3.185s][info][gc,phases      ] GC(9)   Evacuate Collection Set: 4.1ms
[3.185s][info][gc,phases      ] GC(9)   Post Evacuate Collection Set: 0.9ms
[3.185s][info][gc,phases      ] GC(9)   Other: 0.2ms
[3.185s][info][gc,heap        ] GC(9) Eden regions: 627->0(624)
[3.185s][info][gc,heap        ] GC(9) Survivor regions: 10->13(80)
[3.185s][info][gc,heap        ] GC(9) Old regions: 23->23
[3.185s][info][gc,heap        ] GC(9) Archive regions: 0->0
[3.185s][info][gc,heap        ] GC(9) Humongous regions: 0->0
[3.185s][info][gc,metaspace   ] GC(9) Metaspace: 8409K(8576K)->8409K(8576K) NonClass: 7281K(7360K)->7281K(7360K) Class: 1127K(1216K)->1127K(1216K)
[3.185s][info][gc             ] GC(9) Pause Young (Normal) (G1 Evacuation Pause) 640M->15M(1063M) 6.246ms
[3.185s][info][gc,cpu         ] GC(9) User=0.38s Sys=0.02s Real=0.02s
[3.564s][info][gc,start       ] GC(10) Pause Young (Normal) (G1 Evacuation Pause)
[3.564s][info][gc,task        ] GC(10) Using 25 workers of 33 for evacuation
[3.575s][info][gc,phases      ] GC(10)   Pre Evacuate Collection Set: 0.2ms
[3.575s][info][gc,phases      ] GC(10)   Merge Heap Roots: 0.3ms
[3.575s][info][gc,phases      ] GC(10)   Evacuate Collection Set: 9.2ms
[3.575s][info][gc,phases      ] GC(10)   Post Evacuate Collection Set: 0.9ms
[3.575s][info][gc,phases      ] GC(10)   Other: 0.2ms
[3.575s][info][gc,heap        ] GC(10) Eden regions: 624->0(612)
[3.575s][info][gc,heap        ] GC(10) Survivor regions: 13->25(80)
[3.575s][info][gc,heap        ] GC(10) Old regions: 23->23
[3.575s][info][gc,heap        ] GC(10) Archive regions: 0->0
[3.575s][info][gc,heap        ] GC(10) Humongous regions: 3->3
[3.575s][info][gc,metaspace   ] GC(10) Metaspace: 8412K(8576K)->8412K(8576K) NonClass: 7284K(7360K)->7284K(7360K) Class: 1127K(1216K)->1127K(1216K)
[3.575s][info][gc             ] GC(10) Pause Young (Normal) (G1 Evacuation Pause) 642M->31M(1063M) 11.310ms
[3.575s][info][gc,cpu         ] GC(10) User=0.27s Sys=0.13s Real=0.02s
[3.894s][info][gc,start       ] GC(11) Pause Young (Normal) (G1 Evacuation Pause)
[3.894s][info][gc,task        ] GC(11) Using 25 workers of 33 for evacuation
[3.903s][info][gc,phases      ] GC(11)   Pre Evacuate Collection Set: 0.2ms
[3.903s][info][gc,phases      ] GC(11)   Merge Heap Roots: 0.3ms
[3.903s][info][gc,phases      ] GC(11)   Evacuate Collection Set: 6.8ms
[3.903s][info][gc,phases      ] GC(11)   Post Evacuate Collection Set: 0.9ms
[3.903s][info][gc,phases      ] GC(11)   Other: 0.2ms
[3.903s][info][gc,heap        ] GC(11) Eden regions: 612->0(609)
[3.903s][info][gc,heap        ] GC(11) Survivor regions: 25->28(80)
[3.903s][info][gc,heap        ] GC(11) Old regions: 23->23
[3.903s][info][gc,heap        ] GC(11) Archive regions: 0->0
[3.903s][info][gc,heap        ] GC(11) Humongous regions: 3->3
[3.903s][info][gc,metaspace   ] GC(11) Metaspace: 8412K(8576K)->8412K(8576K) NonClass: 7284K(7360K)->7284K(7360K) Class: 1127K(1216K)->1127K(1216K)
[3.903s][info][gc             ] GC(11) Pause Young (Normal) (G1 Evacuation Pause) 643M->34M(1063M) 8.940ms
[3.903s][info][gc,cpu         ] GC(11) User=0.00s Sys=0.00s Real=0.00s
[4.234s][info][gc,start       ] GC(12) Pause Young (Normal) (G1 Evacuation Pause)
[4.234s][info][gc,task        ] GC(12) Using 25 workers of 33 for evacuation
[4.243s][info][gc,phases      ] GC(12)   Pre Evacuate Collection Set: 0.2ms
[4.243s][info][gc,phases      ] GC(12)   Merge Heap Roots: 0.3ms
[4.243s][info][gc,phases      ] GC(12)   Evacuate Collection Set: 7.5ms
[4.243s][info][gc,phases      ] GC(12)   Post Evacuate Collection Set: 0.9ms
[4.243s][info][gc,phases      ] GC(12)   Other: 0.2ms
[4.243s][info][gc,heap        ] GC(12) Eden regions: 609->0(607)
[4.243s][info][gc,heap        ] GC(12) Survivor regions: 28->30(80)
[4.243s][info][gc,heap        ] GC(12) Old regions: 23->23
[4.244s][info][gc,heap        ] GC(12) Archive regions: 0->0
[4.244s][info][gc,heap        ] GC(12) Humongous regions: 3->3
[4.244s][info][gc,metaspace   ] GC(12) Metaspace: 8412K(8576K)->8412K(8576K) NonClass: 7284K(7360K)->7284K(7360K) Class: 1127K(1216K)->1127K(1216K)
[4.244s][info][gc             ] GC(12) Pause Young (Normal) (G1 Evacuation Pause) 643M->35M(1063M) 9.625ms
[4.244s][info][gc,cpu         ] GC(12) User=0.39s Sys=0.00s Real=0.01s
[4.560s][info][gc,start       ] GC(13) Pause Young (Normal) (G1 Evacuation Pause)
[4.561s][info][gc,task        ] GC(13) Using 25 workers of 33 for evacuation
[4.570s][info][gc,phases      ] GC(13)   Pre Evacuate Collection Set: 0.2ms
[4.570s][info][gc,phases      ] GC(13)   Merge Heap Roots: 0.3ms
[4.570s][info][gc,phases      ] GC(13)   Evacuate Collection Set: 8.0ms
[4.570s][info][gc,phases      ] GC(13)   Post Evacuate Collection Set: 0.9ms
[4.571s][info][gc,phases      ] GC(13)   Other: 0.2ms
[4.571s][info][gc,heap        ] GC(13) Eden regions: 607->0(605)
[4.571s][info][gc,heap        ] GC(13) Survivor regions: 30->32(80)
[4.571s][info][gc,heap        ] GC(13) Old regions: 23->23
[4.571s][info][gc,heap        ] GC(13) Archive regions: 0->0
[4.571s][info][gc,heap        ] GC(13) Humongous regions: 3->3
[4.571s][info][gc,metaspace   ] GC(13) Metaspace: 8412K(8576K)->8412K(8576K) NonClass: 7284K(7360K)->7284K(7360K) Class: 1127K(1216K)->1127K(1216K)
[4.571s][info][gc             ] GC(13) Pause Young (Normal) (G1 Evacuation Pause) 642M->38M(1063M) 10.304ms
[4.571s][info][gc,cpu         ] GC(13) User=0.39s Sys=0.00s Real=0.01s
[5.354s][info][gc,start       ] GC(14) Pause Full (System.gc())
[5.354s][info][gc,task        ] GC(14) Using 25 workers of 33 for full compaction
[5.356s][info][gc,phases,start] GC(14) Phase 1: Mark live objects
[5.361s][info][gc,phases      ] GC(14) Phase 1: Mark live objects 5.673ms
[5.361s][info][gc,phases,start] GC(14) Phase 2: Prepare compaction
[5.365s][info][gc,phases      ] GC(14) Phase 2: Prepare compaction 4.121ms
[5.365s][info][gc,phases,start] GC(14) Phase 3: Adjust pointers
[5.369s][info][gc,phases      ] GC(14) Phase 3: Adjust pointers 3.229ms
[5.369s][info][gc,phases,start] GC(14) Phase 4: Compact heap
[5.370s][info][gc,phases      ] GC(14) Phase 4: Compact heap 0.966ms
[5.378s][info][gc,heap        ] GC(14) Eden regions: 546->0(46)
[5.378s][info][gc,heap        ] GC(14) Survivor regions: 32->0(80)
[5.378s][info][gc,heap        ] GC(14) Old regions: 23->23
[5.379s][info][gc,heap        ] GC(14) Archive regions: 0->0
[5.379s][info][gc,heap        ] GC(14) Humongous regions: 22->0
[5.379s][info][gc,metaspace   ] GC(14) Metaspace: 8599K(8832K)->8599K(8832K) NonClass: 7445K(7552K)->7445K(7552K) Class: 1153K(1280K)->1153K(1280K)
[5.379s][info][gc             ] GC(14) Pause Full (System.gc()) 603M->3M(77M) 24.302ms
[5.379s][info][gc,cpu         ] GC(14) User=0.13s Sys=0.02s Real=0.03s
[5.408s][info][gc,start       ] GC(15) Pause Young (Normal) (G1 Evacuation Pause)
[5.408s][info][gc,task        ] GC(15) Using 13 workers of 33 for evacuation
[5.409s][info][gc,phases      ] GC(15)   Pre Evacuate Collection Set: 0.1ms
[5.409s][info][gc,phases      ] GC(15)   Merge Heap Roots: 0.1ms
[5.409s][info][gc,phases      ] GC(15)   Evacuate Collection Set: 0.3ms
[5.409s][info][gc,phases      ] GC(15)   Post Evacuate Collection Set: 0.3ms
[5.409s][info][gc,phases      ] GC(15)   Other: 0.1ms
[5.409s][info][gc,heap        ] GC(15) Eden regions: 46->0(39)
[5.409s][info][gc,heap        ] GC(15) Survivor regions: 0->5(6)
[5.409s][info][gc,heap        ] GC(15) Old regions: 23->23
[5.409s][info][gc,heap        ] GC(15) Archive regions: 0->0
[5.409s][info][gc,heap        ] GC(15) Humongous regions: 0->0
[5.409s][info][gc,metaspace   ] GC(15) Metaspace: 8599K(8832K)->8599K(8832K) NonClass: 7445K(7552K)->7445K(7552K) Class: 1153K(1280K)->1153K(1280K)
[5.410s][info][gc             ] GC(15) Pause Young (Normal) (G1 Evacuation Pause) 49M->7M(77M) 1.497ms
[5.410s][info][gc,cpu         ] GC(15) User=0.00s Sys=0.00s Real=0.00s
[5.429s][info][gc,start       ] GC(16) Pause Young (Normal) (G1 Evacuation Pause)
[5.429s][info][gc,task        ] GC(16) Using 7 workers of 33 for evacuation
[5.434s][info][gc,phases      ] GC(16)   Pre Evacuate Collection Set: 0.1ms
[5.434s][info][gc,phases      ] GC(16)   Merge Heap Roots: 0.0ms
[5.434s][info][gc,phases      ] GC(16)   Evacuate Collection Set: 0.4ms
[5.434s][info][gc,phases      ] GC(16)   Post Evacuate Collection Set: 4.5ms
[5.434s][info][gc,phases      ] GC(16)   Other: 0.1ms
[5.434s][info][gc,heap        ] GC(16) Eden regions: 39->0(635)
[5.435s][info][gc,heap        ] GC(16) Survivor regions: 5->2(6)
[5.435s][info][gc,heap        ] GC(16) Old regions: 23->23
[5.435s][info][gc,heap        ] GC(16) Archive regions: 0->0
[5.435s][info][gc,heap        ] GC(16) Humongous regions: 0->0
[5.435s][info][gc,metaspace   ] GC(16) Metaspace: 8599K(8832K)->8599K(8832K) NonClass: 7445K(7552K)->7445K(7552K) Class: 1153K(1280K)->1153K(1280K)
[5.435s][info][gc             ] GC(16) Pause Young (Normal) (G1 Evacuation Pause) 46M->4M(1063M) 5.749ms
[5.435s][info][gc,cpu         ] GC(16) User=0.00s Sys=0.00s Real=0.00s
[5.760s][info][gc,start       ] GC(17) Pause Young (Normal) (G1 Evacuation Pause)
[5.760s][info][gc,task        ] GC(17) Using 25 workers of 33 for evacuation
[5.763s][info][gc,phases      ] GC(17)   Pre Evacuate Collection Set: 0.2ms
[5.763s][info][gc,phases      ] GC(17)   Merge Heap Roots: 0.3ms
[5.763s][info][gc,phases      ] GC(17)   Evacuate Collection Set: 1.1ms
[5.763s][info][gc,phases      ] GC(17)   Post Evacuate Collection Set: 0.7ms
[5.763s][info][gc,phases      ] GC(17)   Other: 0.2ms
[5.763s][info][gc,heap        ] GC(17) Eden regions: 635->0(634)
[5.763s][info][gc,heap        ] GC(17) Survivor regions: 2->3(80)
[5.763s][info][gc,heap        ] GC(17) Old regions: 23->23
[5.763s][info][gc,heap        ] GC(17) Archive regions: 0->0
[5.763s][info][gc,heap        ] GC(17) Humongous regions: 0->0
[5.763s][info][gc,metaspace   ] GC(17) Metaspace: 8599K(8832K)->8599K(8832K) NonClass: 7445K(7552K)->7445K(7552K) Class: 1153K(1280K)->1153K(1280K)
[5.763s][info][gc             ] GC(17) Pause Young (Normal) (G1 Evacuation Pause) 639M->6M(1063M) 3.000ms
[5.763s][info][gc,cpu         ] GC(17) User=0.00s Sys=0.00s Real=0.00s
[6.101s][info][gc,start       ] GC(18) Pause Young (Normal) (G1 Evacuation Pause)
[6.102s][info][gc,task        ] GC(18) Using 25 workers of 33 for evacuation
[6.105s][info][gc,phases      ] GC(18)   Pre Evacuate Collection Set: 0.2ms
[6.105s][info][gc,phases      ] GC(18)   Merge Heap Roots: 0.3ms
[6.105s][info][gc,phases      ] GC(18)   Evacuate Collection Set: 1.9ms
[6.105s][info][gc,phases      ] GC(18)   Post Evacuate Collection Set: 0.7ms
[6.105s][info][gc,phases      ] GC(18)   Other: 0.2ms
[6.105s][info][gc,heap        ] GC(18) Eden regions: 634->0(631)
[6.105s][info][gc,heap        ] GC(18) Survivor regions: 3->6(80)
[6.105s][info][gc,heap        ] GC(18) Old regions: 23->23
[6.105s][info][gc,heap        ] GC(18) Archive regions: 0->0
[6.105s][info][gc,heap        ] GC(18) Humongous regions: 0->0
[6.105s][info][gc,metaspace   ] GC(18) Metaspace: 8599K(8832K)->8599K(8832K) NonClass: 7445K(7552K)->7445K(7552K) Class: 1153K(1280K)->1153K(1280K)
[6.105s][info][gc             ] GC(18) Pause Young (Normal) (G1 Evacuation Pause) 640M->8M(1063M) 3.744ms
[6.105s][info][gc,cpu         ] GC(18) User=0.00s Sys=0.00s Real=0.00s
[6.427s][info][gc,start       ] GC(19) Pause Young (Normal) (G1 Evacuation Pause)
[6.427s][info][gc,task        ] GC(19) Using 25 workers of 33 for evacuation
[6.431s][info][gc,phases      ] GC(19)   Pre Evacuate Collection Set: 0.2ms
[6.431s][info][gc,phases      ] GC(19)   Merge Heap Roots: 0.3ms
[6.431s][info][gc,phases      ] GC(19)   Evacuate Collection Set: 2.1ms
[6.431s][info][gc,phases      ] GC(19)   Post Evacuate Collection Set: 0.7ms
[6.431s][info][gc,phases      ] GC(19)   Other: 0.2ms
[6.431s][info][gc,heap        ] GC(19) Eden regions: 631->0(629)
[6.431s][info][gc,heap        ] GC(19) Survivor regions: 6->8(80)
[6.431s][info][gc,heap        ] GC(19) Old regions: 23->23
[6.431s][info][gc,heap        ] GC(19) Archive regions: 0->0
[6.431s][info][gc,heap        ] GC(19) Humongous regions: 0->0
[6.431s][info][gc,metaspace   ] GC(19) Metaspace: 8599K(8832K)->8599K(8832K) NonClass: 7445K(7552K)->7445K(7552K) Class: 1153K(1280K)->1153K(1280K)
[6.431s][info][gc             ] GC(19) Pause Young (Normal) (G1 Evacuation Pause) 639M->10M(1063M) 4.018ms
[6.431s][info][gc,cpu         ] GC(19) User=0.00s Sys=0.00s Real=0.00s
[6.768s][info][gc,start       ] GC(20) Pause Young (Normal) (G1 Evacuation Pause)
[6.768s][info][gc,task        ] GC(20) Using 25 workers of 33 for evacuation
[6.772s][info][gc,phases      ] GC(20)   Pre Evacuate Collection Set: 0.2ms
[6.772s][info][gc,phases      ] GC(20)   Merge Heap Roots: 0.3ms
[6.772s][info][gc,phases      ] GC(20)   Evacuate Collection Set: 2.6ms
[6.772s][info][gc,phases      ] GC(20)   Post Evacuate Collection Set: 0.7ms
[6.772s][info][gc,phases      ] GC(20)   Other: 0.2ms
[6.772s][info][gc,heap        ] GC(20) Eden regions: 629->0(627)
[6.772s][info][gc,heap        ] GC(20) Survivor regions: 8->10(80)
[6.772s][info][gc,heap        ] GC(20) Old regions: 23->23
[6.772s][info][gc,heap        ] GC(20) Archive regions: 0->0
[6.772s][info][gc,heap        ] GC(20) Humongous regions: 0->0
[6.772s][info][gc,metaspace   ] GC(20) Metaspace: 8599K(8832K)->8599K(8832K) NonClass: 7445K(7552K)->7445K(7552K) Class: 1153K(1280K)->1153K(1280K)
[6.772s][info][gc             ] GC(20) Pause Young (Normal) (G1 Evacuation Pause) 639M->12M(1063M) 4.455ms
[6.772s][info][gc,cpu         ] GC(20) User=0.00s Sys=0.00s Real=0.00s
[7.093s][info][gc,start       ] GC(21) Pause Young (Normal) (G1 Evacuation Pause)
[7.093s][info][gc,task        ] GC(21) Using 25 workers of 33 for evacuation
[7.097s][info][gc,phases      ] GC(21)   Pre Evacuate Collection Set: 0.2ms
[7.097s][info][gc,phases      ] GC(21)   Merge Heap Roots: 0.2ms
[7.097s][info][gc,phases      ] GC(21)   Evacuate Collection Set: 3.0ms
[7.097s][info][gc,phases      ] GC(21)   Post Evacuate Collection Set: 0.7ms
[7.098s][info][gc,phases      ] GC(21)   Other: 0.2ms
[7.098s][info][gc,heap        ] GC(21) Eden regions: 627->0(624)
[7.098s][info][gc,heap        ] GC(21) Survivor regions: 10->13(80)
[7.098s][info][gc,heap        ] GC(21) Old regions: 23->23
[7.098s][info][gc,heap        ] GC(21) Archive regions: 0->0
[7.098s][info][gc,heap        ] GC(21) Humongous regions: 0->0
[7.098s][info][gc,metaspace   ] GC(21) Metaspace: 8599K(8832K)->8599K(8832K) NonClass: 7445K(7552K)->7445K(7552K) Class: 1153K(1280K)->1153K(1280K)
[7.098s][info][gc             ] GC(21) Pause Young (Normal) (G1 Evacuation Pause) 639M->15M(1063M) 4.844ms
[7.098s][info][gc,cpu         ] GC(21) User=0.00s Sys=0.00s Real=0.00s
[7.466s][info][gc,start       ] GC(22) Pause Young (Normal) (G1 Evacuation Pause)
[7.466s][info][gc,task        ] GC(22) Using 25 workers of 33 for evacuation
[7.475s][info][gc,phases      ] GC(22)   Pre Evacuate Collection Set: 0.2ms
[7.475s][info][gc,phases      ] GC(22)   Merge Heap Roots: 0.3ms
[7.475s][info][gc,phases      ] GC(22)   Evacuate Collection Set: 7.6ms
[7.475s][info][gc,phases      ] GC(22)   Post Evacuate Collection Set: 0.7ms
[7.475s][info][gc,phases      ] GC(22)   Other: 0.2ms
[7.475s][info][gc,heap        ] GC(22) Eden regions: 624->0(612)
[7.475s][info][gc,heap        ] GC(22) Survivor regions: 13->25(80)
[7.475s][info][gc,heap        ] GC(22) Old regions: 23->23
[7.475s][info][gc,heap        ] GC(22) Archive regions: 0->0
[7.475s][info][gc,heap        ] GC(22) Humongous regions: 3->3
[7.475s][info][gc,metaspace   ] GC(22) Metaspace: 8599K(8832K)->8599K(8832K) NonClass: 7445K(7552K)->7445K(7552K) Class: 1153K(1280K)->1153K(1280K)
[7.475s][info][gc             ] GC(22) Pause Young (Normal) (G1 Evacuation Pause) 642M->30M(1063M) 9.524ms
[7.476s][info][gc,cpu         ] GC(22) User=0.00s Sys=0.00s Real=0.00s
[7.799s][info][gc,start       ] GC(23) Pause Young (Normal) (G1 Evacuation Pause)
[7.799s][info][gc,task        ] GC(23) Using 25 workers of 33 for evacuation
[7.807s][info][gc,phases      ] GC(23)   Pre Evacuate Collection Set: 0.2ms
[7.807s][info][gc,phases      ] GC(23)   Merge Heap Roots: 0.3ms
[7.807s][info][gc,phases      ] GC(23)   Evacuate Collection Set: 6.8ms
[7.808s][info][gc,phases      ] GC(23)   Post Evacuate Collection Set: 0.7ms
[7.808s][info][gc,phases      ] GC(23)   Other: 0.2ms
[7.808s][info][gc,heap        ] GC(23) Eden regions: 612->0(610)
[7.808s][info][gc,heap        ] GC(23) Survivor regions: 25->27(80)
[7.808s][info][gc,heap        ] GC(23) Old regions: 23->23
[7.808s][info][gc,heap        ] GC(23) Archive regions: 0->0
[7.808s][info][gc,heap        ] GC(23) Humongous regions: 3->3
[7.808s][info][gc,metaspace   ] GC(23) Metaspace: 8599K(8832K)->8599K(8832K) NonClass: 7445K(7552K)->7445K(7552K) Class: 1153K(1280K)->1153K(1280K)
[7.808s][info][gc             ] GC(23) Pause Young (Normal) (G1 Evacuation Pause) 642M->32M(1063M) 8.824ms
[7.808s][info][gc,cpu         ] GC(23) User=0.00s Sys=0.00s Real=0.00s
[8.134s][info][gc,start       ] GC(24) Pause Young (Normal) (G1 Evacuation Pause)
[8.134s][info][gc,task        ] GC(24) Using 25 workers of 33 for evacuation
[8.143s][info][gc,phases      ] GC(24)   Pre Evacuate Collection Set: 0.2ms
[8.143s][info][gc,phases      ] GC(24)   Merge Heap Roots: 0.3ms
[8.143s][info][gc,phases      ] GC(24)   Evacuate Collection Set: 7.3ms
[8.143s][info][gc,phases      ] GC(24)   Post Evacuate Collection Set: 0.8ms
[8.143s][info][gc,phases      ] GC(24)   Other: 0.2ms
[8.143s][info][gc,heap        ] GC(24) Eden regions: 610->0(607)
[8.143s][info][gc,heap        ] GC(24) Survivor regions: 27->30(80)
[8.143s][info][gc,heap        ] GC(24) Old regions: 23->23
[8.143s][info][gc,heap        ] GC(24) Archive regions: 0->0
[8.143s][info][gc,heap        ] GC(24) Humongous regions: 3->3
[8.143s][info][gc,metaspace   ] GC(24) Metaspace: 8599K(8832K)->8599K(8832K) NonClass: 7445K(7552K)->7445K(7552K) Class: 1153K(1280K)->1153K(1280K)
[8.143s][info][gc             ] GC(24) Pause Young (Normal) (G1 Evacuation Pause) 642M->36M(1063M) 9.205ms
[8.143s][info][gc,cpu         ] GC(24) User=0.39s Sys=0.00s Real=0.02s
[8.468s][info][gc,start       ] GC(25) Pause Young (Normal) (G1 Evacuation Pause)
[8.468s][info][gc,task        ] GC(25) Using 25 workers of 33 for evacuation
[8.477s][info][gc,phases      ] GC(25)   Pre Evacuate Collection Set: 0.2ms
[8.477s][info][gc,phases      ] GC(25)   Merge Heap Roots: 0.3ms
[8.477s][info][gc,phases      ] GC(25)   Evacuate Collection Set: 7.7ms
[8.477s][info][gc,phases      ] GC(25)   Post Evacuate Collection Set: 0.7ms
[8.477s][info][gc,phases      ] GC(25)   Other: 0.2ms
[8.477s][info][gc,heap        ] GC(25) Eden regions: 607->0(605)
[8.477s][info][gc,heap        ] GC(25) Survivor regions: 30->32(80)
[8.477s][info][gc,heap        ] GC(25) Old regions: 23->23
[8.477s][info][gc,heap        ] GC(25) Archive regions: 0->0
[8.477s][info][gc,heap        ] GC(25) Humongous regions: 3->3
[8.478s][info][gc,metaspace   ] GC(25) Metaspace: 8599K(8832K)->8599K(8832K) NonClass: 7445K(7552K)->7445K(7552K) Class: 1153K(1280K)->1153K(1280K)
[8.478s][info][gc             ] GC(25) Pause Young (Normal) (G1 Evacuation Pause) 643M->38M(1063M) 9.690ms
[8.478s][info][gc,cpu         ] GC(25) User=0.39s Sys=0.00s Real=0.01s
[9.164s][info][gc,start       ] GC(26) Pause Young (Normal) (G1 Evacuation Pause)
[9.164s][info][gc,task        ] GC(26) Using 25 workers of 33 for evacuation
[9.195s][info][gc,phases      ] GC(26)   Pre Evacuate Collection Set: 0.2ms
[9.195s][info][gc,phases      ] GC(26)   Merge Heap Roots: 0.4ms
[9.195s][info][gc,phases      ] GC(26)   Evacuate Collection Set: 29.5ms
[9.195s][info][gc,phases      ] GC(26)   Post Evacuate Collection Set: 0.6ms
[9.195s][info][gc,phases      ] GC(26)   Other: 0.2ms
[9.195s][info][gc,heap        ] GC(26) Eden regions: 605->0(557)
[9.195s][info][gc,heap        ] GC(26) Survivor regions: 32->80(80)
[9.195s][info][gc,heap        ] GC(26) Old regions: 23->25
[9.195s][info][gc,heap        ] GC(26) Archive regions: 0->0
[9.195s][info][gc,heap        ] GC(26) Humongous regions: 22->22
[9.195s][info][gc,metaspace   ] GC(26) Metaspace: 8599K(8832K)->8599K(8832K) NonClass: 7445K(7552K)->7445K(7552K) Class: 1153K(1280K)->1153K(1280K)
[9.195s][info][gc             ] GC(26) Pause Young (Normal) (G1 Evacuation Pause) 662M->107M(1063M) 31.248ms
[9.195s][info][gc,cpu         ] GC(26) User=0.78s Sys=0.00s Real=0.03s
[9.200s][info][gc,start       ] GC(27) Pause Full (System.gc())
[9.200s][info][gc,task        ] GC(27) Using 25 workers of 33 for full compaction
[9.201s][info][gc,phases,start] GC(27) Phase 1: Mark live objects
[9.204s][info][gc,phases      ] GC(27) Phase 1: Mark live objects 3.190ms
[9.204s][info][gc,phases,start] GC(27) Phase 2: Prepare compaction
[9.205s][info][gc,phases      ] GC(27) Phase 2: Prepare compaction 0.543ms
[9.205s][info][gc,phases,start] GC(27) Phase 3: Adjust pointers
[9.206s][info][gc,phases      ] GC(27) Phase 3: Adjust pointers 1.267ms
[9.206s][info][gc,phases,start] GC(27) Phase 4: Compact heap
[9.206s][info][gc,phases      ] GC(27) Phase 4: Compact heap 0.242ms
[9.209s][info][gc,heap        ] GC(27) Eden regions: 3->0(44)
[9.209s][info][gc,heap        ] GC(27) Survivor regions: 80->0(80)
[9.209s][info][gc,heap        ] GC(27) Old regions: 25->23
[9.209s][info][gc,heap        ] GC(27) Archive regions: 0->0
[9.209s][info][gc,heap        ] GC(27) Humongous regions: 22->0
[9.209s][info][gc,metaspace   ] GC(27) Metaspace: 8599K(8832K)->8599K(8832K) NonClass: 7445K(7552K)->7445K(7552K) Class: 1153K(1280K)->1153K(1280K)
[9.209s][info][gc             ] GC(27) Pause Full (System.gc()) 109M->3M(77M) 9.163ms
[9.209s][info][gc,cpu         ] GC(27) User=0.00s Sys=0.00s Real=0.00s
[9.233s][info][gc,start       ] GC(28) Pause Young (Normal) (G1 Evacuation Pause)
[9.233s][info][gc,task        ] GC(28) Using 13 workers of 33 for evacuation
[9.238s][info][gc,phases      ] GC(28)   Pre Evacuate Collection Set: 0.1ms
[9.238s][info][gc,phases      ] GC(28)   Merge Heap Roots: 0.1ms
[9.238s][info][gc,phases      ] GC(28)   Evacuate Collection Set: 0.3ms
[9.238s][info][gc,phases      ] GC(28)   Post Evacuate Collection Set: 4.5ms
[9.238s][info][gc,phases      ] GC(28)   Other: 0.1ms
[9.238s][info][gc,heap        ] GC(28) Eden regions: 44->0(631)
[9.238s][info][gc,heap        ] GC(28) Survivor regions: 0->6(6)
[9.238s][info][gc,heap        ] GC(28) Old regions: 23->24
[9.238s][info][gc,heap        ] GC(28) Archive regions: 0->0
[9.238s][info][gc,heap        ] GC(28) Humongous regions: 0->0
[9.238s][info][gc,metaspace   ] GC(28) Metaspace: 8599K(8832K)->8599K(8832K) NonClass: 7445K(7552K)->7445K(7552K) Class: 1153K(1280K)->1153K(1280K)
[9.238s][info][gc             ] GC(28) Pause Young (Normal) (G1 Evacuation Pause) 47M->9M(1063M) 5.527ms
[9.238s][info][gc,cpu         ] GC(28) User=0.00s Sys=0.00s Real=0.00s
[9.581s][info][gc,start       ] GC(29) Pause Young (Normal) (G1 Evacuation Pause)
[9.581s][info][gc,task        ] GC(29) Using 25 workers of 33 for evacuation
[9.584s][info][gc,phases      ] GC(29)   Pre Evacuate Collection Set: 0.2ms
[9.584s][info][gc,phases      ] GC(29)   Merge Heap Roots: 0.3ms
[9.584s][info][gc,phases      ] GC(29)   Evacuate Collection Set: 1.1ms
[9.584s][info][gc,phases      ] GC(29)   Post Evacuate Collection Set: 0.6ms
[9.584s][info][gc,phases      ] GC(29)   Other: 0.2ms
[9.584s][info][gc,heap        ] GC(29) Eden regions: 631->0(633)
[9.584s][info][gc,heap        ] GC(29) Survivor regions: 6->4(80)
[9.584s][info][gc,heap        ] GC(29) Old regions: 24->24
[9.584s][info][gc,heap        ] GC(29) Archive regions: 0->0
[9.584s][info][gc,heap        ] GC(29) Humongous regions: 0->0
[9.584s][info][gc,metaspace   ] GC(29) Metaspace: 8599K(8832K)->8599K(8832K) NonClass: 7445K(7552K)->7445K(7552K) Class: 1153K(1280K)->1153K(1280K)
[9.584s][info][gc             ] GC(29) Pause Young (Normal) (G1 Evacuation Pause) 640M->7M(1063M) 3.005ms
[9.584s][info][gc,cpu         ] GC(29) User=0.00s Sys=0.00s Real=0.00s
[9.940s][info][gc,start       ] GC(30) Pause Young (Normal) (G1 Evacuation Pause)
[9.940s][info][gc,task        ] GC(30) Using 25 workers of 33 for evacuation
[9.943s][info][gc,phases      ] GC(30)   Pre Evacuate Collection Set: 0.2ms
[9.943s][info][gc,phases      ] GC(30)   Merge Heap Roots: 0.3ms
[9.943s][info][gc,phases      ] GC(30)   Evacuate Collection Set: 1.7ms
[9.943s][info][gc,phases      ] GC(30)   Post Evacuate Collection Set: 0.7ms
[9.943s][info][gc,phases      ] GC(30)   Other: 0.2ms
[9.943s][info][gc,heap        ] GC(30) Eden regions: 633->0(631)
[9.943s][info][gc,heap        ] GC(30) Survivor regions: 4->6(80)
[9.943s][info][gc,heap        ] GC(30) Old regions: 24->24
[9.943s][info][gc,heap        ] GC(30) Archive regions: 0->0
[9.943s][info][gc,heap        ] GC(30) Humongous regions: 0->0
[9.943s][info][gc,metaspace   ] GC(30) Metaspace: 8599K(8832K)->8599K(8832K) NonClass: 7445K(7552K)->7445K(7552K) Class: 1153K(1280K)->1153K(1280K)
[9.943s][info][gc             ] GC(30) Pause Young (Normal) (G1 Evacuation Pause) 640M->8M(1063M) 3.531ms
[9.943s][info][gc,cpu         ] GC(30) User=0.00s Sys=0.00s Real=0.00s
[10.267s][info][gc,start       ] GC(31) Pause Young (Normal) (G1 Evacuation Pause)
[10.267s][info][gc,task        ] GC(31) Using 25 workers of 33 for evacuation
[10.270s][info][gc,phases      ] GC(31)   Pre Evacuate Collection Set: 0.2ms
[10.271s][info][gc,phases      ] GC(31)   Merge Heap Roots: 0.3ms
[10.271s][info][gc,phases      ] GC(31)   Evacuate Collection Set: 2.1ms
[10.271s][info][gc,phases      ] GC(31)   Post Evacuate Collection Set: 0.7ms
[10.271s][info][gc,phases      ] GC(31)   Other: 0.2ms
[10.271s][info][gc,heap        ] GC(31) Eden regions: 631->0(629)
[10.271s][info][gc,heap        ] GC(31) Survivor regions: 6->8(80)
[10.271s][info][gc,heap        ] GC(31) Old regions: 24->24
[10.271s][info][gc,heap        ] GC(31) Archive regions: 0->0
[10.271s][info][gc,heap        ] GC(31) Humongous regions: 0->0
[10.271s][info][gc,metaspace   ] GC(31) Metaspace: 8599K(8832K)->8599K(8832K) NonClass: 7445K(7552K)->7445K(7552K) Class: 1153K(1280K)->1153K(1280K)
[10.271s][info][gc             ] GC(31) Pause Young (Normal) (G1 Evacuation Pause) 639M->10M(1063M) 4.010ms
[10.271s][info][gc,cpu         ] GC(31) User=0.00s Sys=0.00s Real=0.00s
[10.627s][info][gc,start       ] GC(32) Pause Young (Normal) (G1 Evacuation Pause)
[10.627s][info][gc,task        ] GC(32) Using 25 workers of 33 for evacuation
[10.631s][info][gc,phases      ] GC(32)   Pre Evacuate Collection Set: 0.2ms
[10.631s][info][gc,phases      ] GC(32)   Merge Heap Roots: 0.2ms
[10.631s][info][gc,phases      ] GC(32)   Evacuate Collection Set: 2.7ms
[10.631s][info][gc,phases      ] GC(32)   Post Evacuate Collection Set: 0.7ms
[10.631s][info][gc,phases      ] GC(32)   Other: 0.2ms
[10.631s][info][gc,heap        ] GC(32) Eden regions: 629->0(627)
[10.631s][info][gc,heap        ] GC(32) Survivor regions: 8->10(80)
[10.631s][info][gc,heap        ] GC(32) Old regions: 24->24
[10.631s][info][gc,heap        ] GC(32) Archive regions: 0->0
[10.631s][info][gc,heap        ] GC(32) Humongous regions: 0->0
[10.631s][info][gc,metaspace   ] GC(32) Metaspace: 8599K(8832K)->8599K(8832K) NonClass: 7445K(7552K)->7445K(7552K) Class: 1153K(1280K)->1153K(1280K)
[10.631s][info][gc             ] GC(32) Pause Young (Normal) (G1 Evacuation Pause) 639M->13M(1063M) 4.498ms
[10.631s][info][gc,cpu         ] GC(32) User=0.00s Sys=0.02s Real=0.02s
[10.983s][info][gc,start       ] GC(33) Pause Young (Normal) (G1 Evacuation Pause)
[10.983s][info][gc,task        ] GC(33) Using 25 workers of 33 for evacuation
[10.988s][info][gc,phases      ] GC(33)   Pre Evacuate Collection Set: 0.2ms
[10.988s][info][gc,phases      ] GC(33)   Merge Heap Roots: 0.3ms
[10.988s][info][gc,phases      ] GC(33)   Evacuate Collection Set: 3.1ms
[10.988s][info][gc,phases      ] GC(33)   Post Evacuate Collection Set: 0.7ms
[10.988s][info][gc,phases      ] GC(33)   Other: 0.2ms
[10.988s][info][gc,heap        ] GC(33) Eden regions: 627->0(624)
[10.988s][info][gc,heap        ] GC(33) Survivor regions: 10->13(80)
[10.988s][info][gc,heap        ] GC(33) Old regions: 24->24
[10.988s][info][gc,heap        ] GC(33) Archive regions: 0->0
[10.988s][info][gc,heap        ] GC(33) Humongous regions: 0->0
[10.988s][info][gc,metaspace   ] GC(33) Metaspace: 8599K(8832K)->8599K(8832K) NonClass: 7445K(7552K)->7445K(7552K) Class: 1153K(1280K)->1153K(1280K)
[10.988s][info][gc             ] GC(33) Pause Young (Normal) (G1 Evacuation Pause) 640M->15M(1063M) 5.012ms
[10.988s][info][gc,cpu         ] GC(33) User=0.02s Sys=0.00s Real=0.00s
[11.359s][info][gc,start       ] GC(34) Pause Young (Normal) (G1 Evacuation Pause)
[11.359s][info][gc,task        ] GC(34) Using 25 workers of 33 for evacuation
[11.367s][info][gc,phases      ] GC(34)   Pre Evacuate Collection Set: 0.2ms
[11.367s][info][gc,phases      ] GC(34)   Merge Heap Roots: 0.3ms
[11.367s][info][gc,phases      ] GC(34)   Evacuate Collection Set: 7.0ms
[11.367s][info][gc,phases      ] GC(34)   Post Evacuate Collection Set: 0.7ms
[11.367s][info][gc,phases      ] GC(34)   Other: 0.2ms
[11.368s][info][gc,heap        ] GC(34) Eden regions: 624->0(611)
[11.368s][info][gc,heap        ] GC(34) Survivor regions: 13->26(80)
[11.368s][info][gc,heap        ] GC(34) Old regions: 24->24
[11.368s][info][gc,heap        ] GC(34) Archive regions: 0->0
[11.368s][info][gc,heap        ] GC(34) Humongous regions: 3->3
[11.368s][info][gc,metaspace   ] GC(34) Metaspace: 8599K(8832K)->8599K(8832K) NonClass: 7445K(7552K)->7445K(7552K) Class: 1153K(1280K)->1153K(1280K)
[11.368s][info][gc             ] GC(34) Pause Young (Normal) (G1 Evacuation Pause) 642M->31M(1063M) 9.037ms
[11.368s][info][gc,cpu         ] GC(34) User=0.00s Sys=0.00s Real=0.00s
[11.698s][info][gc,start       ] GC(35) Pause Young (Normal) (G1 Evacuation Pause)
[11.698s][info][gc,task        ] GC(35) Using 25 workers of 33 for evacuation
[11.706s][info][gc,phases      ] GC(35)   Pre Evacuate Collection Set: 0.2ms
[11.706s][info][gc,phases      ] GC(35)   Merge Heap Roots: 0.3ms
[11.706s][info][gc,phases      ] GC(35)   Evacuate Collection Set: 6.1ms
[11.706s][info][gc,phases      ] GC(35)   Post Evacuate Collection Set: 0.7ms
[11.706s][info][gc,phases      ] GC(35)   Other: 0.2ms
[11.706s][info][gc,heap        ] GC(35) Eden regions: 611->0(610)
[11.706s][info][gc,heap        ] GC(35) Survivor regions: 26->27(80)
[11.706s][info][gc,heap        ] GC(35) Old regions: 24->24
[11.706s][info][gc,heap        ] GC(35) Archive regions: 0->0
[11.706s][info][gc,heap        ] GC(35) Humongous regions: 3->3
[11.706s][info][gc,metaspace   ] GC(35) Metaspace: 8599K(8832K)->8599K(8832K) NonClass: 7445K(7552K)->7445K(7552K) Class: 1153K(1280K)->1153K(1280K)
[11.706s][info][gc             ] GC(35) Pause Young (Normal) (G1 Evacuation Pause) 642M->33M(1063M) 8.131ms
[11.706s][info][gc,cpu         ] GC(35) User=0.39s Sys=0.00s Real=0.01s
[12.048s][info][gc,start       ] GC(36) Pause Young (Normal) (G1 Evacuation Pause)
[12.048s][info][gc,task        ] GC(36) Using 25 workers of 33 for evacuation
[12.057s][info][gc,phases      ] GC(36)   Pre Evacuate Collection Set: 0.2ms
[12.057s][info][gc,phases      ] GC(36)   Merge Heap Roots: 0.3ms
[12.057s][info][gc,phases      ] GC(36)   Evacuate Collection Set: 7.6ms
[12.057s][info][gc,phases      ] GC(36)   Post Evacuate Collection Set: 0.8ms
[12.057s][info][gc,phases      ] GC(36)   Other: 0.2ms
[12.057s][info][gc,heap        ] GC(36) Eden regions: 610->0(607)
[12.057s][info][gc,heap        ] GC(36) Survivor regions: 27->30(80)
[12.057s][info][gc,heap        ] GC(36) Old regions: 24->24
[12.057s][info][gc,heap        ] GC(36) Archive regions: 0->0
[12.057s][info][gc,heap        ] GC(36) Humongous regions: 3->3
[12.057s][info][gc,metaspace   ] GC(36) Metaspace: 8599K(8832K)->8599K(8832K) NonClass: 7445K(7552K)->7445K(7552K) Class: 1153K(1280K)->1153K(1280K)
[12.058s][info][gc             ] GC(36) Pause Young (Normal) (G1 Evacuation Pause) 643M->36M(1063M) 9.627ms
[12.058s][info][gc,cpu         ] GC(36) User=0.00s Sys=0.00s Real=0.01s
[12.372s][info][gc,start       ] GC(37) Pause Young (Normal) (G1 Evacuation Pause)
[12.372s][info][gc,task        ] GC(37) Using 25 workers of 33 for evacuation
[12.381s][info][gc,phases      ] GC(37)   Pre Evacuate Collection Set: 0.2ms
[12.381s][info][gc,phases      ] GC(37)   Merge Heap Roots: 0.3ms
[12.381s][info][gc,phases      ] GC(37)   Evacuate Collection Set: 8.2ms
[12.381s][info][gc,phases      ] GC(37)   Post Evacuate Collection Set: 0.7ms
[12.381s][info][gc,phases      ] GC(37)   Other: 0.2ms
[12.381s][info][gc,heap        ] GC(37) Eden regions: 607->0(605)
[12.382s][info][gc,heap        ] GC(37) Survivor regions: 30->32(80)
[12.382s][info][gc,heap        ] GC(37) Old regions: 24->24
[12.382s][info][gc,heap        ] GC(37) Archive regions: 0->0
[12.382s][info][gc,heap        ] GC(37) Humongous regions: 3->3
[12.382s][info][gc,metaspace   ] GC(37) Metaspace: 8599K(8832K)->8599K(8832K) NonClass: 7445K(7552K)->7445K(7552K) Class: 1153K(1280K)->1153K(1280K)
[12.382s][info][gc             ] GC(37) Pause Young (Normal) (G1 Evacuation Pause) 643M->38M(1063M) 10.196ms
[12.382s][info][gc,cpu         ] GC(37) User=0.39s Sys=0.00s Real=0.01s
[12.806s][info][gc,start       ] GC(38) Pause Young (Normal) (G1 Evacuation Pause)
[12.806s][info][gc,task        ] GC(38) Using 25 workers of 33 for evacuation
[12.829s][info][gc,phases      ] GC(38)   Pre Evacuate Collection Set: 0.2ms
[12.829s][info][gc,phases      ] GC(38)   Merge Heap Roots: 0.4ms
[12.829s][info][gc,phases      ] GC(38)   Evacuate Collection Set: 21.6ms
[12.829s][info][gc,phases      ] GC(38)   Post Evacuate Collection Set: 0.6ms
[12.829s][info][gc,phases      ] GC(38)   Other: 0.2ms
[12.829s][info][gc,heap        ] GC(38) Eden regions: 605->0(559)
[12.829s][info][gc,heap        ] GC(38) Survivor regions: 32->78(80)
[12.829s][info][gc,heap        ] GC(38) Old regions: 24->24
[12.829s][info][gc,heap        ] GC(38) Archive regions: 0->0
[12.829s][info][gc,heap        ] GC(38) Humongous regions: 14->14
[12.829s][info][gc,metaspace   ] GC(38) Metaspace: 8599K(8832K)->8599K(8832K) NonClass: 7445K(7552K)->7445K(7552K) Class: 1153K(1280K)->1153K(1280K)
[12.829s][info][gc             ] GC(38) Pause Young (Normal) (G1 Evacuation Pause) 654M->94M(1063M) 23.381ms
[12.829s][info][gc,cpu         ] GC(38) User=1.17s Sys=0.00s Real=0.04s
[13.092s][info][gc,start       ] GC(39) Pause Full (System.gc())
[13.092s][info][gc,task        ] GC(39) Using 25 workers of 33 for full compaction
[13.094s][info][gc,phases,start] GC(39) Phase 1: Mark live objects
[13.099s][info][gc,phases      ] GC(39) Phase 1: Mark live objects 5.035ms
[13.099s][info][gc,phases,start] GC(39) Phase 2: Prepare compaction
[13.100s][info][gc,phases      ] GC(39) Phase 2: Prepare compaction 1.050ms
[13.100s][info][gc,phases,start] GC(39) Phase 3: Adjust pointers
[13.103s][info][gc,phases      ] GC(39) Phase 3: Adjust pointers 2.830ms
[13.103s][info][gc,phases,start] GC(39) Phase 4: Compact heap
[13.103s][info][gc,phases      ] GC(39) Phase 4: Compact heap 0.443ms
[13.109s][info][gc,heap        ] GC(39) Eden regions: 49->0(24)
[13.109s][info][gc,heap        ] GC(39) Survivor regions: 78->0(80)
[13.109s][info][gc,heap        ] GC(39) Old regions: 24->23
[13.109s][info][gc,heap        ] GC(39) Archive regions: 0->0
[13.109s][info][gc,heap        ] GC(39) Humongous regions: 22->0
[13.109s][info][gc,metaspace   ] GC(39) Metaspace: 8599K(8832K)->8599K(8832K) NonClass: 7445K(7552K)->7445K(7552K) Class: 1153K(1280K)->1153K(1280K)
[13.109s][info][gc             ] GC(39) Pause Full (System.gc()) 151M->3M(77M) 17.091ms
[13.109s][info][gc,cpu         ] GC(39) User=0.05s Sys=0.02s Real=0.02s
[13.127s][info][gc,start       ] GC(40) Pause Young (Normal) (G1 Evacuation Pause)
[13.127s][info][gc,task        ] GC(40) Using 13 workers of 33 for evacuation
[13.132s][info][gc,phases      ] GC(40)   Pre Evacuate Collection Set: 0.1ms
[13.132s][info][gc,phases      ] GC(40)   Merge Heap Roots: 0.1ms
[13.132s][info][gc,phases      ] GC(40)   Evacuate Collection Set: 0.3ms
[13.132s][info][gc,phases      ] GC(40)   Post Evacuate Collection Set: 4.7ms
[13.132s][info][gc,phases      ] GC(40)   Other: 0.1ms
[13.132s][info][gc,heap        ] GC(40) Eden regions: 24->0(634)
[13.132s][info][gc,heap        ] GC(40) Survivor regions: 0->3(3)
[13.132s][info][gc,heap        ] GC(40) Old regions: 23->24
[13.132s][info][gc,heap        ] GC(40) Archive regions: 0->0
[13.132s][info][gc,heap        ] GC(40) Humongous regions: 0->0
[13.132s][info][gc,metaspace   ] GC(40) Metaspace: 8599K(8832K)->8599K(8832K) NonClass: 7445K(7552K)->7445K(7552K) Class: 1153K(1280K)->1153K(1280K)
[13.132s][info][gc             ] GC(40) Pause Young (Normal) (G1 Evacuation Pause) 27M->6M(1063M) 5.767ms
[13.132s][info][gc,cpu         ] GC(40) User=0.00s Sys=0.00s Real=0.01s
[13.462s][info][gc,start       ] GC(41) Pause Young (Normal) (G1 Evacuation Pause)
[13.463s][info][gc,task        ] GC(41) Using 25 workers of 33 for evacuation
[13.465s][info][gc,phases      ] GC(41)   Pre Evacuate Collection Set: 0.2ms
[13.465s][info][gc,phases      ] GC(41)   Merge Heap Roots: 0.3ms
[13.465s][info][gc,phases      ] GC(41)   Evacuate Collection Set: 1.2ms
[13.465s][info][gc,phases      ] GC(41)   Post Evacuate Collection Set: 0.7ms
[13.465s][info][gc,phases      ] GC(41)   Other: 0.2ms
[13.465s][info][gc,heap        ] GC(41) Eden regions: 634->0(633)
[13.465s][info][gc,heap        ] GC(41) Survivor regions: 3->4(80)
[13.465s][info][gc,heap        ] GC(41) Old regions: 24->24
[13.465s][info][gc,heap        ] GC(41) Archive regions: 0->0
[13.465s][info][gc,heap        ] GC(41) Humongous regions: 0->0
[13.465s][info][gc,metaspace   ] GC(41) Metaspace: 8599K(8832K)->8599K(8832K) NonClass: 7445K(7552K)->7445K(7552K) Class: 1153K(1280K)->1153K(1280K)
[13.466s][info][gc             ] GC(41) Pause Young (Normal) (G1 Evacuation Pause) 640M->7M(1063M) 3.068ms
[13.466s][info][gc,cpu         ] GC(41) User=0.00s Sys=0.00s Real=0.00s
[13.810s][info][gc,start       ] GC(42) Pause Young (Normal) (G1 Evacuation Pause)
[13.810s][info][gc,task        ] GC(42) Using 25 workers of 33 for evacuation
[13.813s][info][gc,phases      ] GC(42)   Pre Evacuate Collection Set: 0.2ms
[13.813s][info][gc,phases      ] GC(42)   Merge Heap Roots: 0.3ms
[13.813s][info][gc,phases      ] GC(42)   Evacuate Collection Set: 1.6ms
[13.813s][info][gc,phases      ] GC(42)   Post Evacuate Collection Set: 0.7ms
[13.813s][info][gc,phases      ] GC(42)   Other: 0.2ms
[13.814s][info][gc,heap        ] GC(42) Eden regions: 633->0(631)
[13.814s][info][gc,heap        ] GC(42) Survivor regions: 4->6(80)
[13.814s][info][gc,heap        ] GC(42) Old regions: 24->24
[13.814s][info][gc,heap        ] GC(42) Archive regions: 0->0
[13.814s][info][gc,heap        ] GC(42) Humongous regions: 0->0
[13.814s][info][gc,metaspace   ] GC(42) Metaspace: 8599K(8832K)->8599K(8832K) NonClass: 7445K(7552K)->7445K(7552K) Class: 1153K(1280K)->1153K(1280K)
[13.814s][info][gc             ] GC(42) Pause Young (Normal) (G1 Evacuation Pause) 640M->8M(1063M) 3.472ms
[13.814s][info][gc,cpu         ] GC(42) User=0.39s Sys=0.00s Real=0.00s
[14.141s][info][gc,start       ] GC(43) Pause Young (Normal) (G1 Evacuation Pause)
[14.141s][info][gc,task        ] GC(43) Using 25 workers of 33 for evacuation
[14.145s][info][gc,phases      ] GC(43)   Pre Evacuate Collection Set: 0.2ms
[14.145s][info][gc,phases      ] GC(43)   Merge Heap Roots: 0.3ms
[14.145s][info][gc,phases      ] GC(43)   Evacuate Collection Set: 2.2ms
[14.145s][info][gc,phases      ] GC(43)   Post Evacuate Collection Set: 0.7ms
[14.145s][info][gc,phases      ] GC(43)   Other: 0.2ms
[14.145s][info][gc,heap        ] GC(43) Eden regions: 631->0(629)
[14.145s][info][gc,heap        ] GC(43) Survivor regions: 6->8(80)
[14.145s][info][gc,heap        ] GC(43) Old regions: 24->24
[14.145s][info][gc,heap        ] GC(43) Archive regions: 0->0
[14.145s][info][gc,heap        ] GC(43) Humongous regions: 0->0
[14.145s][info][gc,metaspace   ] GC(43) Metaspace: 8599K(8832K)->8599K(8832K) NonClass: 7445K(7552K)->7445K(7552K) Class: 1153K(1280K)->1153K(1280K)
[14.145s][info][gc             ] GC(43) Pause Young (Normal) (G1 Evacuation Pause) 639M->10M(1063M) 4.133ms
[14.145s][info][gc,cpu         ] GC(43) User=0.00s Sys=0.00s Real=0.00s
[14.518s][info][gc,start       ] GC(44) Pause Young (Normal) (G1 Evacuation Pause)
[14.518s][info][gc,task        ] GC(44) Using 25 workers of 33 for evacuation
[14.522s][info][gc,phases      ] GC(44)   Pre Evacuate Collection Set: 0.2ms
[14.522s][info][gc,phases      ] GC(44)   Merge Heap Roots: 0.2ms
[14.522s][info][gc,phases      ] GC(44)   Evacuate Collection Set: 2.6ms
[14.522s][info][gc,phases      ] GC(44)   Post Evacuate Collection Set: 0.7ms
[14.522s][info][gc,phases      ] GC(44)   Other: 0.2ms
[14.522s][info][gc,heap        ] GC(44) Eden regions: 629->0(627)
[14.522s][info][gc,heap        ] GC(44) Survivor regions: 8->10(80)
[14.522s][info][gc,heap        ] GC(44) Old regions: 24->24
[14.522s][info][gc,heap        ] GC(44) Archive regions: 0->0
[14.522s][info][gc,heap        ] GC(44) Humongous regions: 0->0
[14.522s][info][gc,metaspace   ] GC(44) Metaspace: 8599K(8832K)->8599K(8832K) NonClass: 7445K(7552K)->7445K(7552K) Class: 1153K(1280K)->1153K(1280K)
[14.522s][info][gc             ] GC(44) Pause Young (Normal) (G1 Evacuation Pause) 639M->13M(1063M) 4.546ms
[14.522s][info][gc,cpu         ] GC(44) User=0.00s Sys=0.00s Real=0.01s
[14.880s][info][gc,start       ] GC(45) Pause Young (Normal) (G1 Evacuation Pause)
[14.880s][info][gc,task        ] GC(45) Using 25 workers of 33 for evacuation
[14.885s][info][gc,phases      ] GC(45)   Pre Evacuate Collection Set: 0.2ms
[14.885s][info][gc,phases      ] GC(45)   Merge Heap Roots: 0.3ms
[14.885s][info][gc,phases      ] GC(45)   Evacuate Collection Set: 3.0ms
[14.885s][info][gc,phases      ] GC(45)   Post Evacuate Collection Set: 0.7ms
[14.885s][info][gc,phases      ] GC(45)   Other: 0.2ms
[14.885s][info][gc,heap        ] GC(45) Eden regions: 627->0(624)
[14.885s][info][gc,heap        ] GC(45) Survivor regions: 10->13(80)
[14.885s][info][gc,heap        ] GC(45) Old regions: 24->24
[14.885s][info][gc,heap        ] GC(45) Archive regions: 0->0
[14.885s][info][gc,heap        ] GC(45) Humongous regions: 0->0
[14.885s][info][gc,metaspace   ] GC(45) Metaspace: 8599K(8832K)->8599K(8832K) NonClass: 7445K(7552K)->7445K(7552K) Class: 1153K(1280K)->1153K(1280K)
[14.885s][info][gc             ] GC(45) Pause Young (Normal) (G1 Evacuation Pause) 640M->15M(1063M) 5.026ms
[14.885s][info][gc,cpu         ] GC(45) User=0.00s Sys=0.00s Real=0.01s
[15.245s][info][gc,start       ] GC(46) Pause Young (Normal) (G1 Evacuation Pause)
[15.245s][info][gc,task        ] GC(46) Using 25 workers of 33 for evacuation
[15.254s][info][gc,phases      ] GC(46)   Pre Evacuate Collection Set: 0.2ms
[15.254s][info][gc,phases      ] GC(46)   Merge Heap Roots: 0.3ms
[15.254s][info][gc,phases      ] GC(46)   Evacuate Collection Set: 7.5ms
[15.254s][info][gc,phases      ] GC(46)   Post Evacuate Collection Set: 0.7ms
[15.254s][info][gc,phases      ] GC(46)   Other: 0.2ms
[15.254s][info][gc,heap        ] GC(46) Eden regions: 624->0(612)
[15.254s][info][gc,heap        ] GC(46) Survivor regions: 13->25(80)
[15.254s][info][gc,heap        ] GC(46) Old regions: 24->24
[15.254s][info][gc,heap        ] GC(46) Archive regions: 0->0
[15.254s][info][gc,heap        ] GC(46) Humongous regions: 3->3
[15.254s][info][gc,metaspace   ] GC(46) Metaspace: 8599K(8832K)->8599K(8832K) NonClass: 7445K(7552K)->7445K(7552K) Class: 1153K(1280K)->1153K(1280K)
[15.254s][info][gc             ] GC(46) Pause Young (Normal) (G1 Evacuation Pause) 642M->31M(1063M) 9.447ms
[15.254s][info][gc,cpu         ] GC(46) User=0.39s Sys=0.00s Real=0.02s
[15.585s][info][gc,start       ] GC(47) Pause Young (Normal) (G1 Evacuation Pause)
[15.585s][info][gc,task        ] GC(47) Using 25 workers of 33 for evacuation
[15.593s][info][gc,phases      ] GC(47)   Pre Evacuate Collection Set: 0.2ms
[15.593s][info][gc,phases      ] GC(47)   Merge Heap Roots: 0.3ms
[15.593s][info][gc,phases      ] GC(47)   Evacuate Collection Set: 6.8ms
[15.594s][info][gc,phases      ] GC(47)   Post Evacuate Collection Set: 0.8ms
[15.594s][info][gc,phases      ] GC(47)   Other: 0.2ms
[15.594s][info][gc,heap        ] GC(47) Eden regions: 612->0(610)
[15.594s][info][gc,heap        ] GC(47) Survivor regions: 25->27(80)
[15.594s][info][gc,heap        ] GC(47) Old regions: 24->24
[15.594s][info][gc,heap        ] GC(47) Archive regions: 0->0
[15.594s][info][gc,heap        ] GC(47) Humongous regions: 3->3
[15.594s][info][gc,metaspace   ] GC(47) Metaspace: 8599K(8832K)->8599K(8832K) NonClass: 7445K(7552K)->7445K(7552K) Class: 1153K(1280K)->1153K(1280K)
[15.594s][info][gc             ] GC(47) Pause Young (Normal) (G1 Evacuation Pause) 643M->33M(1063M) 8.797ms
[15.594s][info][gc,cpu         ] GC(47) User=0.39s Sys=0.00s Real=0.02s
[15.935s][info][gc,start       ] GC(48) Pause Young (Normal) (G1 Evacuation Pause)
[15.935s][info][gc,task        ] GC(48) Using 25 workers of 33 for evacuation
[15.944s][info][gc,phases      ] GC(48)   Pre Evacuate Collection Set: 0.2ms
[15.944s][info][gc,phases      ] GC(48)   Merge Heap Roots: 0.3ms
[15.944s][info][gc,phases      ] GC(48)   Evacuate Collection Set: 7.3ms
[15.944s][info][gc,phases      ] GC(48)   Post Evacuate Collection Set: 0.8ms
[15.944s][info][gc,phases      ] GC(48)   Other: 0.2ms
[15.944s][info][gc,heap        ] GC(48) Eden regions: 610->0(607)
[15.944s][info][gc,heap        ] GC(48) Survivor regions: 27->30(80)
[15.944s][info][gc,heap        ] GC(48) Old regions: 24->24
[15.944s][info][gc,heap        ] GC(48) Archive regions: 0->0
[15.944s][info][gc,heap        ] GC(48) Humongous regions: 3->3
[15.944s][info][gc,metaspace   ] GC(48) Metaspace: 8599K(8832K)->8599K(8832K) NonClass: 7445K(7552K)->7445K(7552K) Class: 1153K(1280K)->1153K(1280K)
[15.944s][info][gc             ] GC(48) Pause Young (Normal) (G1 Evacuation Pause) 643M->35M(1063M) 9.328ms
[15.944s][info][gc,cpu         ] GC(48) User=0.39s Sys=0.00s Real=0.01s
[16.289s][info][gc,start       ] GC(49) Pause Young (Normal) (G1 Evacuation Pause)
[16.289s][info][gc,task        ] GC(49) Using 25 workers of 33 for evacuation
[16.298s][info][gc,phases      ] GC(49)   Pre Evacuate Collection Set: 0.2ms
[16.298s][info][gc,phases      ] GC(49)   Merge Heap Roots: 0.3ms
[16.298s][info][gc,phases      ] GC(49)   Evacuate Collection Set: 7.7ms
[16.298s][info][gc,phases      ] GC(49)   Post Evacuate Collection Set: 0.8ms
[16.298s][info][gc,phases      ] GC(49)   Other: 0.2ms
[16.298s][info][gc,heap        ] GC(49) Eden regions: 607->0(605)
[16.298s][info][gc,heap        ] GC(49) Survivor regions: 30->32(80)
[16.298s][info][gc,heap        ] GC(49) Old regions: 24->24
[16.298s][info][gc,heap        ] GC(49) Archive regions: 0->0
[16.298s][info][gc,heap        ] GC(49) Humongous regions: 3->3
[16.298s][info][gc,metaspace   ] GC(49) Metaspace: 8599K(8832K)->8599K(8832K) NonClass: 7445K(7552K)->7445K(7552K) Class: 1153K(1280K)->1153K(1280K)
[16.298s][info][gc             ] GC(49) Pause Young (Normal) (G1 Evacuation Pause) 642M->38M(1063M) 9.712ms
[16.299s][info][gc,cpu         ] GC(49) User=0.39s Sys=0.00s Real=0.02s
[16.703s][info][gc,start       ] GC(50) Pause Young (Normal) (G1 Evacuation Pause)
[16.704s][info][gc,task        ] GC(50) Using 25 workers of 33 for evacuation
[16.720s][info][gc,phases      ] GC(50)   Pre Evacuate Collection Set: 0.2ms
[16.721s][info][gc,phases      ] GC(50)   Merge Heap Roots: 0.3ms
[16.721s][info][gc,phases      ] GC(50)   Evacuate Collection Set: 15.5ms
[16.721s][info][gc,phases      ] GC(50)   Post Evacuate Collection Set: 0.7ms
[16.721s][info][gc,phases      ] GC(50)   Other: 0.2ms
[16.721s][info][gc,heap        ] GC(50) Eden regions: 605->0(575)
[16.721s][info][gc,heap        ] GC(50) Survivor regions: 32->62(80)
[16.721s][info][gc,heap        ] GC(50) Old regions: 24->24
[16.721s][info][gc,heap        ] GC(50) Archive regions: 0->0
[16.721s][info][gc,heap        ] GC(50) Humongous regions: 10->10
[16.721s][info][gc,metaspace   ] GC(50) Metaspace: 8599K(8832K)->8599K(8832K) NonClass: 7445K(7552K)->7445K(7552K) Class: 1153K(1280K)->1153K(1280K)
[16.721s][info][gc             ] GC(50) Pause Young (Normal) (G1 Evacuation Pause) 650M->74M(1063M) 17.477ms
[16.721s][info][gc,cpu         ] GC(50) User=0.39s Sys=0.00s Real=0.02s
[17.022s][info][gc,start       ] GC(51) Pause Full (System.gc())
[17.022s][info][gc,task        ] GC(51) Using 25 workers of 33 for full compaction
[17.023s][info][gc,phases,start] GC(51) Phase 1: Mark live objects
[17.028s][info][gc,phases      ] GC(51) Phase 1: Mark live objects 4.687ms
[17.028s][info][gc,phases,start] GC(51) Phase 2: Prepare compaction
[17.029s][info][gc,phases      ] GC(51) Phase 2: Prepare compaction 1.066ms
[17.029s][info][gc,phases,start] GC(51) Phase 3: Adjust pointers
[17.032s][info][gc,phases      ] GC(51) Phase 3: Adjust pointers 2.858ms
[17.032s][info][gc,phases,start] GC(51) Phase 4: Compact heap
[17.032s][info][gc,phases      ] GC(51) Phase 4: Compact heap 0.559ms
[17.038s][info][gc,heap        ] GC(51) Eden regions: 65->0(25)
[17.038s][info][gc,heap        ] GC(51) Survivor regions: 62->0(80)
[17.038s][info][gc,heap        ] GC(51) Old regions: 24->24
[17.038s][info][gc,heap        ] GC(51) Archive regions: 0->0
[17.038s][info][gc,heap        ] GC(51) Humongous regions: 22->0
[17.038s][info][gc,metaspace   ] GC(51) Metaspace: 8599K(8832K)->8599K(8832K) NonClass: 7445K(7552K)->7445K(7552K) Class: 1153K(1280K)->1153K(1280K)
[17.038s][info][gc             ] GC(51) Pause Full (System.gc()) 151M->3M(80M) 16.563ms
[17.038s][info][gc,cpu         ] GC(51) User=0.02s Sys=0.00s Real=0.01s
[17.057s][info][gc,start       ] GC(52) Pause Young (Normal) (G1 Evacuation Pause)
[17.057s][info][gc,task        ] GC(52) Using 13 workers of 33 for evacuation
[17.063s][info][gc,phases      ] GC(52)   Pre Evacuate Collection Set: 0.1ms
[17.063s][info][gc,phases      ] GC(52)   Merge Heap Roots: 0.1ms
[17.063s][info][gc,phases      ] GC(52)   Evacuate Collection Set: 0.3ms
[17.063s][info][gc,phases      ] GC(52)   Post Evacuate Collection Set: 5.0ms
[17.063s][info][gc,phases      ] GC(52)   Other: 0.1ms
[17.063s][info][gc,heap        ] GC(52) Eden regions: 25->0(634)
[17.063s][info][gc,heap        ] GC(52) Survivor regions: 0->4(4)
[17.063s][info][gc,heap        ] GC(52) Old regions: 24->25
[17.063s][info][gc,heap        ] GC(52) Archive regions: 0->0
[17.063s][info][gc,heap        ] GC(52) Humongous regions: 0->0
[17.063s][info][gc,metaspace   ] GC(52) Metaspace: 8599K(8832K)->8599K(8832K) NonClass: 7446K(7552K)->7446K(7552K) Class: 1153K(1280K)->1153K(1280K)
[17.063s][info][gc             ] GC(52) Pause Young (Normal) (G1 Evacuation Pause) 28M->7M(1064M) 5.942ms
[17.063s][info][gc,cpu         ] GC(52) User=0.00s Sys=0.00s Real=0.00s
[17.391s][info][gc,start       ] GC(53) Pause Young (Normal) (G1 Evacuation Pause)
[17.391s][info][gc,task        ] GC(53) Using 25 workers of 33 for evacuation
[17.394s][info][gc,phases      ] GC(53)   Pre Evacuate Collection Set: 0.2ms
[17.394s][info][gc,phases      ] GC(53)   Merge Heap Roots: 0.3ms
[17.394s][info][gc,phases      ] GC(53)   Evacuate Collection Set: 1.1ms
[17.394s][info][gc,phases      ] GC(53)   Post Evacuate Collection Set: 0.7ms
[17.394s][info][gc,phases      ] GC(53)   Other: 0.2ms
[17.394s][info][gc,heap        ] GC(53) Eden regions: 634->0(635)
[17.394s][info][gc,heap        ] GC(53) Survivor regions: 4->3(80)
[17.394s][info][gc,heap        ] GC(53) Old regions: 25->25
[17.394s][info][gc,heap        ] GC(53) Archive regions: 0->0
[17.394s][info][gc,heap        ] GC(53) Humongous regions: 0->0
[17.394s][info][gc,metaspace   ] GC(53) Metaspace: 8599K(8832K)->8599K(8832K) NonClass: 7446K(7552K)->7446K(7552K) Class: 1153K(1280K)->1153K(1280K)
[17.394s][info][gc             ] GC(53) Pause Young (Normal) (G1 Evacuation Pause) 641M->6M(1064M) 2.912ms
[17.394s][info][gc,cpu         ] GC(53) User=0.00s Sys=0.00s Real=0.00s
[17.749s][info][gc,start       ] GC(54) Pause Young (Normal) (G1 Evacuation Pause)
[17.749s][info][gc,task        ] GC(54) Using 25 workers of 33 for evacuation
[17.754s][info][gc,phases      ] GC(54)   Pre Evacuate Collection Set: 0.2ms
[17.754s][info][gc,phases      ] GC(54)   Merge Heap Roots: 0.3ms
[17.754s][info][gc,phases      ] GC(54)   Evacuate Collection Set: 2.7ms
[17.754s][info][gc,phases      ] GC(54)   Post Evacuate Collection Set: 0.7ms
[17.754s][info][gc,phases      ] GC(54)   Other: 0.2ms
[17.754s][info][gc,heap        ] GC(54) Eden regions: 635->0(628)
[17.754s][info][gc,heap        ] GC(54) Survivor regions: 3->10(80)
[17.754s][info][gc,heap        ] GC(54) Old regions: 25->25
[17.754s][info][gc,heap        ] GC(54) Archive regions: 0->0
[17.754s][info][gc,heap        ] GC(54) Humongous regions: 0->0
[17.754s][info][gc,metaspace   ] GC(54) Metaspace: 8599K(8832K)->8599K(8832K) NonClass: 7446K(7552K)->7446K(7552K) Class: 1153K(1280K)->1153K(1280K)
[17.754s][info][gc             ] GC(54) Pause Young (Normal) (G1 Evacuation Pause) 641M->13M(1064M) 4.616ms
[17.754s][info][gc,cpu         ] GC(54) User=0.00s Sys=0.00s Real=0.00s
[18.109s][info][gc,start       ] GC(55) Pause Young (Normal) (G1 Evacuation Pause)
[18.109s][info][gc,task        ] GC(55) Using 25 workers of 33 for evacuation
[18.113s][info][gc,phases      ] GC(55)   Pre Evacuate Collection Set: 0.2ms
[18.113s][info][gc,phases      ] GC(55)   Merge Heap Roots: 0.3ms
[18.113s][info][gc,phases      ] GC(55)   Evacuate Collection Set: 3.0ms
[18.113s][info][gc,phases      ] GC(55)   Post Evacuate Collection Set: 0.8ms
[18.113s][info][gc,phases      ] GC(55)   Other: 0.2ms
[18.113s][info][gc,heap        ] GC(55) Eden regions: 628->0(626)
[18.113s][info][gc,heap        ] GC(55) Survivor regions: 10->12(80)
[18.113s][info][gc,heap        ] GC(55) Old regions: 25->25
[18.114s][info][gc,heap        ] GC(55) Archive regions: 0->0
[18.114s][info][gc,heap        ] GC(55) Humongous regions: 0->0
[18.114s][info][gc,metaspace   ] GC(55) Metaspace: 8599K(8832K)->8599K(8832K) NonClass: 7446K(7552K)->7446K(7552K) Class: 1153K(1280K)->1153K(1280K)
[18.114s][info][gc             ] GC(55) Pause Young (Normal) (G1 Evacuation Pause) 641M->15M(1064M) 4.938ms
[18.114s][info][gc,cpu         ] GC(55) User=0.00s Sys=0.00s Real=0.00s
[18.466s][info][gc,start       ] GC(56) Pause Young (Normal) (G1 Evacuation Pause)
[18.466s][info][gc,task        ] GC(56) Using 25 workers of 33 for evacuation
[18.471s][info][gc,phases      ] GC(56)   Pre Evacuate Collection Set: 0.2ms
[18.471s][info][gc,phases      ] GC(56)   Merge Heap Roots: 0.3ms
[18.471s][info][gc,phases      ] GC(56)   Evacuate Collection Set: 3.4ms
[18.471s][info][gc,phases      ] GC(56)   Post Evacuate Collection Set: 0.7ms
[18.471s][info][gc,phases      ] GC(56)   Other: 0.2ms
[18.471s][info][gc,heap        ] GC(56) Eden regions: 626->0(623)
[18.471s][info][gc,heap        ] GC(56) Survivor regions: 12->15(80)
[18.471s][info][gc,heap        ] GC(56) Old regions: 25->25
[18.471s][info][gc,heap        ] GC(56) Archive regions: 0->0
[18.471s][info][gc,heap        ] GC(56) Humongous regions: 0->0
[18.471s][info][gc,metaspace   ] GC(56) Metaspace: 8599K(8832K)->8599K(8832K) NonClass: 7446K(7552K)->7446K(7552K) Class: 1153K(1280K)->1153K(1280K)
[18.472s][info][gc             ] GC(56) Pause Young (Normal) (G1 Evacuation Pause) 641M->17M(1064M) 5.411ms
[18.472s][info][gc,cpu         ] GC(56) User=0.39s Sys=0.00s Real=0.01s
[18.836s][info][gc,start       ] GC(57) Pause Young (Normal) (G1 Evacuation Pause)
[18.837s][info][gc,task        ] GC(57) Using 25 workers of 33 for evacuation
[18.842s][info][gc,phases      ] GC(57)   Pre Evacuate Collection Set: 0.2ms
[18.842s][info][gc,phases      ] GC(57)   Merge Heap Roots: 0.2ms
[18.842s][info][gc,phases      ] GC(57)   Evacuate Collection Set: 3.8ms
[18.842s][info][gc,phases      ] GC(57)   Post Evacuate Collection Set: 0.7ms
[18.842s][info][gc,phases      ] GC(57)   Other: 0.2ms
[18.842s][info][gc,heap        ] GC(57) Eden regions: 623->0(621)
[18.842s][info][gc,heap        ] GC(57) Survivor regions: 15->17(80)
[18.842s][info][gc,heap        ] GC(57) Old regions: 25->25
[18.842s][info][gc,heap        ] GC(57) Archive regions: 0->0
[18.842s][info][gc,heap        ] GC(57) Humongous regions: 0->0
[18.842s][info][gc,metaspace   ] GC(57) Metaspace: 8599K(8832K)->8599K(8832K) NonClass: 7446K(7552K)->7446K(7552K) Class: 1153K(1280K)->1153K(1280K)
[18.842s][info][gc             ] GC(57) Pause Young (Normal) (G1 Evacuation Pause) 640M->20M(1064M) 5.764ms
[18.842s][info][gc,cpu         ] GC(57) User=0.00s Sys=0.00s Real=0.01s
[19.218s][info][gc,start       ] GC(58) Pause Young (Normal) (G1 Evacuation Pause)
[19.218s][info][gc,task        ] GC(58) Using 25 workers of 33 for evacuation
[19.228s][info][gc,phases      ] GC(58)   Pre Evacuate Collection Set: 0.2ms
[19.228s][info][gc,phases      ] GC(58)   Merge Heap Roots: 0.3ms
[19.228s][info][gc,phases      ] GC(58)   Evacuate Collection Set: 8.4ms
[19.228s][info][gc,phases      ] GC(58)   Post Evacuate Collection Set: 0.7ms
[19.228s][info][gc,phases      ] GC(58)   Other: 0.2ms
[19.228s][info][gc,heap        ] GC(58) Eden regions: 621->0(609)
[19.228s][info][gc,heap        ] GC(58) Survivor regions: 17->29(80)
[19.228s][info][gc,heap        ] GC(58) Old regions: 25->25
[19.228s][info][gc,heap        ] GC(58) Archive regions: 0->0
[19.228s][info][gc,heap        ] GC(58) Humongous regions: 3->3
[19.228s][info][gc,metaspace   ] GC(58) Metaspace: 8599K(8832K)->8599K(8832K) NonClass: 7446K(7552K)->7446K(7552K) Class: 1153K(1280K)->1153K(1280K)
[19.228s][info][gc             ] GC(58) Pause Young (Normal) (G1 Evacuation Pause) 644M->35M(1064M) 10.359ms
[19.228s][info][gc,cpu         ] GC(58) User=0.39s Sys=0.00s Real=0.02s
[19.553s][info][gc,start       ] GC(59) Pause Young (Normal) (G1 Evacuation Pause)
[19.553s][info][gc,task        ] GC(59) Using 25 workers of 33 for evacuation
[19.563s][info][gc,phases      ] GC(59)   Pre Evacuate Collection Set: 0.2ms
[19.563s][info][gc,phases      ] GC(59)   Merge Heap Roots: 0.2ms
[19.563s][info][gc,phases      ] GC(59)   Evacuate Collection Set: 7.9ms
[19.563s][info][gc,phases      ] GC(59)   Post Evacuate Collection Set: 0.7ms
[19.563s][info][gc,phases      ] GC(59)   Other: 0.2ms
[19.563s][info][gc,heap        ] GC(59) Eden regions: 609->0(606)
[19.563s][info][gc,heap        ] GC(59) Survivor regions: 29->32(80)
[19.563s][info][gc,heap        ] GC(59) Old regions: 25->25
[19.563s][info][gc,heap        ] GC(59) Archive regions: 0->0
[19.563s][info][gc,heap        ] GC(59) Humongous regions: 3->3
[19.563s][info][gc,metaspace   ] GC(59) Metaspace: 8599K(8832K)->8599K(8832K) NonClass: 7446K(7552K)->7446K(7552K) Class: 1153K(1280K)->1153K(1280K)
[19.563s][info][gc             ] GC(59) Pause Young (Normal) (G1 Evacuation Pause) 644M->38M(1064M) 9.765ms
[19.563s][info][gc,cpu         ] GC(59) User=0.00s Sys=0.00s Real=0.00s
[19.890s][info][gc,start       ] GC(60) Pause Young (Normal) (G1 Evacuation Pause)
[19.891s][info][gc,task        ] GC(60) Using 25 workers of 33 for evacuation
[19.900s][info][gc,phases      ] GC(60)   Pre Evacuate Collection Set: 0.2ms
[19.900s][info][gc,phases      ] GC(60)   Merge Heap Roots: 0.3ms
[19.900s][info][gc,phases      ] GC(60)   Evacuate Collection Set: 8.0ms
[19.900s][info][gc,phases      ] GC(60)   Post Evacuate Collection Set: 0.7ms
[19.900s][info][gc,phases      ] GC(60)   Other: 0.2ms
[19.900s][info][gc,heap        ] GC(60) Eden regions: 606->0(604)
[19.900s][info][gc,heap        ] GC(60) Survivor regions: 32->34(80)
[19.900s][info][gc,heap        ] GC(60) Old regions: 25->25
[19.900s][info][gc,heap        ] GC(60) Archive regions: 0->0
[19.900s][info][gc,heap        ] GC(60) Humongous regions: 3->3
[19.900s][info][gc,metaspace   ] GC(60) Metaspace: 8599K(8832K)->8599K(8832K) NonClass: 7446K(7552K)->7446K(7552K) Class: 1153K(1280K)->1153K(1280K)
[19.900s][info][gc             ] GC(60) Pause Young (Normal) (G1 Evacuation Pause) 644M->40M(1064M) 9.943ms
[19.900s][info][gc,cpu         ] GC(60) User=0.03s Sys=0.00s Real=0.02s
[20.227s][info][gc,start       ] GC(61) Pause Young (Normal) (G1 Evacuation Pause)
[20.228s][info][gc,task        ] GC(61) Using 25 workers of 33 for evacuation
[20.237s][info][gc,phases      ] GC(61)   Pre Evacuate Collection Set: 0.2ms
[20.238s][info][gc,phases      ] GC(61)   Merge Heap Roots: 0.3ms
[20.238s][info][gc,phases      ] GC(61)   Evacuate Collection Set: 8.5ms
[20.238s][info][gc,phases      ] GC(61)   Post Evacuate Collection Set: 0.8ms
[20.238s][info][gc,phases      ] GC(61)   Other: 0.2ms
[20.238s][info][gc,heap        ] GC(61) Eden regions: 604->0(602)
[20.238s][info][gc,heap        ] GC(61) Survivor regions: 34->36(80)
[20.238s][info][gc,heap        ] GC(61) Old regions: 25->25
[20.238s][info][gc,heap        ] GC(61) Archive regions: 0->0
[20.238s][info][gc,heap        ] GC(61) Humongous regions: 3->3
[20.238s][info][gc,metaspace   ] GC(61) Metaspace: 8599K(8832K)->8599K(8832K) NonClass: 7446K(7552K)->7446K(7552K) Class: 1153K(1280K)->1153K(1280K)
[20.238s][info][gc             ] GC(61) Pause Young (Normal) (G1 Evacuation Pause) 644M->42M(1064M) 10.527ms
[20.238s][info][gc,cpu         ] GC(61) User=0.78s Sys=0.00s Real=0.02s
[20.599s][info][gc,start       ] GC(62) Pause Young (Normal) (G1 Evacuation Pause)
[20.599s][info][gc,task        ] GC(62) Using 25 workers of 33 for evacuation
[20.610s][info][gc,phases      ] GC(62)   Pre Evacuate Collection Set: 0.2ms
[20.610s][info][gc,phases      ] GC(62)   Merge Heap Roots: 0.3ms
[20.610s][info][gc,phases      ] GC(62)   Evacuate Collection Set: 9.9ms
[20.610s][info][gc,phases      ] GC(62)   Post Evacuate Collection Set: 0.8ms
[20.610s][info][gc,phases      ] GC(62)   Other: 0.2ms
[20.610s][info][gc,heap        ] GC(62) Eden regions: 602->0(595)
[20.610s][info][gc,heap        ] GC(62) Survivor regions: 36->43(80)
[20.610s][info][gc,heap        ] GC(62) Old regions: 25->25
[20.610s][info][gc,heap        ] GC(62) Archive regions: 0->0
[20.610s][info][gc,heap        ] GC(62) Humongous regions: 4->4
[20.611s][info][gc,metaspace   ] GC(62) Metaspace: 8599K(8832K)->8599K(8832K) NonClass: 7446K(7552K)->7446K(7552K) Class: 1153K(1280K)->1153K(1280K)
[20.611s][info][gc             ] GC(62) Pause Young (Normal) (G1 Evacuation Pause) 645M->50M(1064M) 11.981ms
[20.611s][info][gc,cpu         ] GC(62) User=0.02s Sys=0.00s Real=0.01s
[21.003s][info][gc,start       ] GC(63) Pause Full (System.gc())
[21.004s][info][gc,task        ] GC(63) Using 25 workers of 33 for full compaction
[21.005s][info][gc,phases,start] GC(63) Phase 1: Mark live objects
[21.010s][info][gc,phases      ] GC(63) Phase 1: Mark live objects 4.871ms
[21.010s][info][gc,phases,start] GC(63) Phase 2: Prepare compaction
[21.011s][info][gc,phases      ] GC(63) Phase 2: Prepare compaction 1.034ms
[21.011s][info][gc,phases,start] GC(63) Phase 3: Adjust pointers
[21.013s][info][gc,phases      ] GC(63) Phase 3: Adjust pointers 2.765ms
[21.014s][info][gc,phases,start] GC(63) Phase 4: Compact heap
[21.014s][info][gc,phases      ] GC(63) Phase 4: Compact heap 0.469ms
[21.020s][info][gc,heap        ] GC(63) Eden regions: 88->0(39)
[21.020s][info][gc,heap        ] GC(63) Survivor regions: 43->0(80)
[21.020s][info][gc,heap        ] GC(63) Old regions: 25->23
[21.020s][info][gc,heap        ] GC(63) Archive regions: 0->0
[21.020s][info][gc,heap        ] GC(63) Humongous regions: 22->0
[21.020s][info][gc,metaspace   ] GC(63) Metaspace: 8600K(8832K)->8600K(8832K) NonClass: 7446K(7552K)->7446K(7552K) Class: 1153K(1280K)->1153K(1280K)
[21.020s][info][gc             ] GC(63) Pause Full (System.gc()) 156M->3M(77M) 16.443ms
[21.020s][info][gc,cpu         ] GC(63) User=0.39s Sys=0.00s Real=0.01s
[21.043s][info][gc,start       ] GC(64) Pause Young (Normal) (G1 Evacuation Pause)
[21.043s][info][gc,task        ] GC(64) Using 13 workers of 33 for evacuation
[21.048s][info][gc,phases      ] GC(64)   Pre Evacuate Collection Set: 0.1ms
[21.048s][info][gc,phases      ] GC(64)   Merge Heap Roots: 0.1ms
[21.048s][info][gc,phases      ] GC(64)   Evacuate Collection Set: 0.3ms
[21.048s][info][gc,phases      ] GC(64)   Post Evacuate Collection Set: 4.7ms
[21.048s][info][gc,phases      ] GC(64)   Other: 0.1ms
[21.048s][info][gc,heap        ] GC(64) Eden regions: 39->0(632)
[21.048s][info][gc,heap        ] GC(64) Survivor regions: 0->5(5)
[21.048s][info][gc,heap        ] GC(64) Old regions: 23->24
[21.048s][info][gc,heap        ] GC(64) Archive regions: 0->0
[21.048s][info][gc,heap        ] GC(64) Humongous regions: 0->0
[21.049s][info][gc,metaspace   ] GC(64) Metaspace: 8601K(8832K)->8601K(8832K) NonClass: 7447K(7552K)->7447K(7552K) Class: 1153K(1280K)->1153K(1280K)
[21.049s][info][gc             ] GC(64) Pause Young (Normal) (G1 Evacuation Pause) 42M->8M(1063M) 5.757ms
[21.049s][info][gc,cpu         ] GC(64) User=0.00s Sys=0.00s Real=0.00s
[21.375s][info][gc,start       ] GC(65) Pause Young (Normal) (G1 Evacuation Pause)
[21.375s][info][gc,task        ] GC(65) Using 25 workers of 33 for evacuation
[21.378s][info][gc,phases      ] GC(65)   Pre Evacuate Collection Set: 0.2ms
[21.378s][info][gc,phases      ] GC(65)   Merge Heap Roots: 0.3ms
[21.378s][info][gc,phases      ] GC(65)   Evacuate Collection Set: 1.0ms
[21.378s][info][gc,phases      ] GC(65)   Post Evacuate Collection Set: 0.7ms
[21.378s][info][gc,phases      ] GC(65)   Other: 0.2ms
[21.378s][info][gc,heap        ] GC(65) Eden regions: 632->0(633)
[21.378s][info][gc,heap        ] GC(65) Survivor regions: 5->4(80)
[21.378s][info][gc,heap        ] GC(65) Old regions: 24->24
[21.378s][info][gc,heap        ] GC(65) Archive regions: 0->0
[21.378s][info][gc,heap        ] GC(65) Humongous regions: 0->0
[21.378s][info][gc,metaspace   ] GC(65) Metaspace: 8601K(8832K)->8601K(8832K) NonClass: 7447K(7552K)->7447K(7552K) Class: 1153K(1280K)->1153K(1280K)
[21.378s][info][gc             ] GC(65) Pause Young (Normal) (G1 Evacuation Pause) 640M->7M(1063M) 2.900ms
[21.378s][info][gc,cpu         ] GC(65) User=0.00s Sys=0.00s Real=0.00s
[21.734s][info][gc,start       ] GC(66) Pause Young (Normal) (G1 Evacuation Pause)
[21.734s][info][gc,task        ] GC(66) Using 25 workers of 33 for evacuation
[21.738s][info][gc,phases      ] GC(66)   Pre Evacuate Collection Set: 0.2ms
[21.738s][info][gc,phases      ] GC(66)   Merge Heap Roots: 0.2ms
[21.738s][info][gc,phases      ] GC(66)   Evacuate Collection Set: 2.6ms
[21.738s][info][gc,phases      ] GC(66)   Post Evacuate Collection Set: 0.7ms
[21.738s][info][gc,phases      ] GC(66)   Other: 0.2ms
[21.738s][info][gc,heap        ] GC(66) Eden regions: 633->0(627)
[21.738s][info][gc,heap        ] GC(66) Survivor regions: 4->10(80)
[21.738s][info][gc,heap        ] GC(66) Old regions: 24->24
[21.738s][info][gc,heap        ] GC(66) Archive regions: 0->0
[21.738s][info][gc,heap        ] GC(66) Humongous regions: 0->0
[21.738s][info][gc,metaspace   ] GC(66) Metaspace: 8601K(8832K)->8601K(8832K) NonClass: 7447K(7552K)->7447K(7552K) Class: 1153K(1280K)->1153K(1280K)
[21.738s][info][gc             ] GC(66) Pause Young (Normal) (G1 Evacuation Pause) 640M->13M(1063M) 4.390ms
[21.738s][info][gc,cpu         ] GC(66) User=0.00s Sys=0.02s Real=0.02s
[22.075s][info][gc,start       ] GC(67) Pause Young (Normal) (G1 Evacuation Pause)
[22.075s][info][gc,task        ] GC(67) Using 25 workers of 33 for evacuation
[22.080s][info][gc,phases      ] GC(67)   Pre Evacuate Collection Set: 0.2ms
[22.080s][info][gc,phases      ] GC(67)   Merge Heap Roots: 0.3ms
[22.080s][info][gc,phases      ] GC(67)   Evacuate Collection Set: 3.0ms
[22.080s][info][gc,phases      ] GC(67)   Post Evacuate Collection Set: 0.7ms
[22.080s][info][gc,phases      ] GC(67)   Other: 0.2ms
[22.080s][info][gc,heap        ] GC(67) Eden regions: 627->0(625)
[22.080s][info][gc,heap        ] GC(67) Survivor regions: 10->12(80)
[22.080s][info][gc,heap        ] GC(67) Old regions: 24->24
[22.080s][info][gc,heap        ] GC(67) Archive regions: 0->0
[22.080s][info][gc,heap        ] GC(67) Humongous regions: 0->0
[22.080s][info][gc,metaspace   ] GC(67) Metaspace: 8601K(8832K)->8601K(8832K) NonClass: 7447K(7552K)->7447K(7552K) Class: 1153K(1280K)->1153K(1280K)
[22.080s][info][gc             ] GC(67) Pause Young (Normal) (G1 Evacuation Pause) 640M->14M(1063M) 4.800ms
[22.080s][info][gc,cpu         ] GC(67) User=0.00s Sys=0.00s Real=0.00s
[22.417s][info][gc,start       ] GC(68) Pause Young (Normal) (G1 Evacuation Pause)
[22.417s][info][gc,task        ] GC(68) Using 25 workers of 33 for evacuation
[22.422s][info][gc,phases      ] GC(68)   Pre Evacuate Collection Set: 0.2ms
[22.422s][info][gc,phases      ] GC(68)   Merge Heap Roots: 0.3ms
[22.422s][info][gc,phases      ] GC(68)   Evacuate Collection Set: 3.5ms
[22.422s][info][gc,phases      ] GC(68)   Post Evacuate Collection Set: 0.7ms
[22.422s][info][gc,phases      ] GC(68)   Other: 0.2ms
[22.422s][info][gc,heap        ] GC(68) Eden regions: 625->0(622)
[22.422s][info][gc,heap        ] GC(68) Survivor regions: 12->15(80)
[22.422s][info][gc,heap        ] GC(68) Old regions: 24->24
[22.422s][info][gc,heap        ] GC(68) Archive regions: 0->0
[22.422s][info][gc,heap        ] GC(68) Humongous regions: 0->0
[22.422s][info][gc,metaspace   ] GC(68) Metaspace: 8601K(8832K)->8601K(8832K) NonClass: 7447K(7552K)->7447K(7552K) Class: 1153K(1280K)->1153K(1280K)
[22.422s][info][gc             ] GC(68) Pause Young (Normal) (G1 Evacuation Pause) 639M->17M(1063M) 5.466ms
[22.422s][info][gc,cpu         ] GC(68) User=0.00s Sys=0.00s Real=0.00s
[22.744s][info][gc,start       ] GC(69) Pause Young (Normal) (G1 Evacuation Pause)
[22.744s][info][gc,task        ] GC(69) Using 25 workers of 33 for evacuation
[22.749s][info][gc,phases      ] GC(69)   Pre Evacuate Collection Set: 0.2ms
[22.750s][info][gc,phases      ] GC(69)   Merge Heap Roots: 0.3ms
[22.750s][info][gc,phases      ] GC(69)   Evacuate Collection Set: 3.9ms
[22.750s][info][gc,phases      ] GC(69)   Post Evacuate Collection Set: 0.7ms
[22.750s][info][gc,phases      ] GC(69)   Other: 0.2ms
[22.750s][info][gc,heap        ] GC(69) Eden regions: 622->0(620)
[22.750s][info][gc,heap        ] GC(69) Survivor regions: 15->17(80)
[22.750s][info][gc,heap        ] GC(69) Old regions: 24->24
[22.750s][info][gc,heap        ] GC(69) Archive regions: 0->0
[22.750s][info][gc,heap        ] GC(69) Humongous regions: 0->0
[22.750s][info][gc,metaspace   ] GC(69) Metaspace: 8601K(8832K)->8601K(8832K) NonClass: 7447K(7552K)->7447K(7552K) Class: 1153K(1280K)->1153K(1280K)
[22.750s][info][gc             ] GC(69) Pause Young (Normal) (G1 Evacuation Pause) 639M->19M(1063M) 5.748ms
[22.750s][info][gc,cpu         ] GC(69) User=0.39s Sys=0.00s Real=0.02s
[23.105s][info][gc,start       ] GC(70) Pause Young (Normal) (G1 Evacuation Pause)
[23.105s][info][gc,task        ] GC(70) Using 25 workers of 33 for evacuation
[23.114s][info][gc,phases      ] GC(70)   Pre Evacuate Collection Set: 0.2ms
[23.114s][info][gc,phases      ] GC(70)   Merge Heap Roots: 0.3ms
[23.115s][info][gc,phases      ] GC(70)   Evacuate Collection Set: 8.2ms
[23.115s][info][gc,phases      ] GC(70)   Post Evacuate Collection Set: 0.7ms
[23.115s][info][gc,phases      ] GC(70)   Other: 0.2ms
[23.115s][info][gc,heap        ] GC(70) Eden regions: 620->0(608)
[23.115s][info][gc,heap        ] GC(70) Survivor regions: 17->29(80)
[23.115s][info][gc,heap        ] GC(70) Old regions: 24->24
[23.115s][info][gc,heap        ] GC(70) Archive regions: 0->0
[23.115s][info][gc,heap        ] GC(70) Humongous regions: 3->3
[23.115s][info][gc,metaspace   ] GC(70) Metaspace: 8601K(8832K)->8601K(8832K) NonClass: 7447K(7552K)->7447K(7552K) Class: 1153K(1280K)->1153K(1280K)
[23.115s][info][gc             ] GC(70) Pause Young (Normal) (G1 Evacuation Pause) 642M->35M(1063M) 10.114ms
[23.115s][info][gc,cpu         ] GC(70) User=0.39s Sys=0.00s Real=0.02s
[23.427s][info][gc,start       ] GC(71) Pause Young (Normal) (G1 Evacuation Pause)
[23.427s][info][gc,task        ] GC(71) Using 25 workers of 33 for evacuation
[23.436s][info][gc,phases      ] GC(71)   Pre Evacuate Collection Set: 0.2ms
[23.436s][info][gc,phases      ] GC(71)   Merge Heap Roots: 0.3ms
[23.436s][info][gc,phases      ] GC(71)   Evacuate Collection Set: 7.5ms
[23.436s][info][gc,phases      ] GC(71)   Post Evacuate Collection Set: 0.7ms
[23.436s][info][gc,phases      ] GC(71)   Other: 0.2ms
[23.436s][info][gc,heap        ] GC(71) Eden regions: 608->0(605)
[23.436s][info][gc,heap        ] GC(71) Survivor regions: 29->32(80)
[23.436s][info][gc,heap        ] GC(71) Old regions: 24->24
[23.436s][info][gc,heap        ] GC(71) Archive regions: 0->0
[23.436s][info][gc,heap        ] GC(71) Humongous regions: 3->3
[23.436s][info][gc,metaspace   ] GC(71) Metaspace: 8601K(8832K)->8601K(8832K) NonClass: 7447K(7552K)->7447K(7552K) Class: 1153K(1280K)->1153K(1280K)
[23.436s][info][gc             ] GC(71) Pause Young (Normal) (G1 Evacuation Pause) 643M->38M(1063M) 9.361ms
[23.436s][info][gc,cpu         ] GC(71) User=0.00s Sys=0.00s Real=0.00s
[23.778s][info][gc,start       ] GC(72) Pause Young (Normal) (G1 Evacuation Pause)
[23.778s][info][gc,task        ] GC(72) Using 25 workers of 33 for evacuation
[23.787s][info][gc,phases      ] GC(72)   Pre Evacuate Collection Set: 0.2ms
[23.787s][info][gc,phases      ] GC(72)   Merge Heap Roots: 0.3ms
[23.787s][info][gc,phases      ] GC(72)   Evacuate Collection Set: 7.9ms
[23.787s][info][gc,phases      ] GC(72)   Post Evacuate Collection Set: 0.7ms
[23.787s][info][gc,phases      ] GC(72)   Other: 0.2ms
[23.787s][info][gc,heap        ] GC(72) Eden regions: 605->0(603)
[23.787s][info][gc,heap        ] GC(72) Survivor regions: 32->34(80)
[23.787s][info][gc,heap        ] GC(72) Old regions: 24->24
[23.787s][info][gc,heap        ] GC(72) Archive regions: 0->0
[23.787s][info][gc,heap        ] GC(72) Humongous regions: 3->3
[23.787s][info][gc,metaspace   ] GC(72) Metaspace: 8601K(8832K)->8601K(8832K) NonClass: 7447K(7552K)->7447K(7552K) Class: 1153K(1280K)->1153K(1280K)
[23.787s][info][gc             ] GC(72) Pause Young (Normal) (G1 Evacuation Pause) 643M->39M(1063M) 9.836ms
[23.787s][info][gc,cpu         ] GC(72) User=0.39s Sys=0.00s Real=0.02s
[24.109s][info][gc,start       ] GC(73) Pause Young (Normal) (G1 Evacuation Pause)
[24.109s][info][gc,task        ] GC(73) Using 25 workers of 33 for evacuation
[24.119s][info][gc,phases      ] GC(73)   Pre Evacuate Collection Set: 0.2ms
[24.120s][info][gc,phases      ] GC(73)   Merge Heap Roots: 0.3ms
[24.120s][info][gc,phases      ] GC(73)   Evacuate Collection Set: 8.6ms
[24.120s][info][gc,phases      ] GC(73)   Post Evacuate Collection Set: 0.7ms
[24.120s][info][gc,phases      ] GC(73)   Other: 0.2ms
[24.120s][info][gc,heap        ] GC(73) Eden regions: 603->0(601)
[24.120s][info][gc,heap        ] GC(73) Survivor regions: 34->36(80)
[24.120s][info][gc,heap        ] GC(73) Old regions: 24->24
[24.120s][info][gc,heap        ] GC(73) Archive regions: 0->0
[24.120s][info][gc,heap        ] GC(73) Humongous regions: 3->3
[24.120s][info][gc,metaspace   ] GC(73) Metaspace: 8601K(8832K)->8601K(8832K) NonClass: 7447K(7552K)->7447K(7552K) Class: 1153K(1280K)->1153K(1280K)
[24.120s][info][gc             ] GC(73) Pause Young (Normal) (G1 Evacuation Pause) 642M->42M(1063M) 10.445ms
[24.120s][info][gc,cpu         ] GC(73) User=0.00s Sys=0.00s Real=0.01s
[24.462s][info][gc,start       ] GC(74) Pause Young (Normal) (G1 Evacuation Pause)
[24.462s][info][gc,task        ] GC(74) Using 25 workers of 33 for evacuation
[24.474s][info][gc,phases      ] GC(74)   Pre Evacuate Collection Set: 0.2ms
[24.474s][info][gc,phases      ] GC(74)   Merge Heap Roots: 0.4ms
[24.474s][info][gc,phases      ] GC(74)   Evacuate Collection Set: 10.6ms
[24.474s][info][gc,phases      ] GC(74)   Post Evacuate Collection Set: 0.7ms
[24.474s][info][gc,phases      ] GC(74)   Other: 0.2ms
[24.474s][info][gc,heap        ] GC(74) Eden regions: 601->0(592)
[24.474s][info][gc,heap        ] GC(74) Survivor regions: 36->45(80)
[24.474s][info][gc,heap        ] GC(74) Old regions: 24->24
[24.474s][info][gc,heap        ] GC(74) Archive regions: 0->0
[24.474s][info][gc,heap        ] GC(74) Humongous regions: 5->5
[24.474s][info][gc,metaspace   ] GC(74) Metaspace: 8601K(8832K)->8601K(8832K) NonClass: 7447K(7552K)->7447K(7552K) Class: 1153K(1280K)->1153K(1280K)
[24.474s][info][gc             ] GC(74) Pause Young (Normal) (G1 Evacuation Pause) 645M->53M(1063M) 12.612ms
[24.474s][info][gc,cpu         ] GC(74) User=0.39s Sys=0.00s Real=0.02s
[24.869s][info][gc,start       ] GC(75) Pause Full (System.gc())
[24.869s][info][gc,task        ] GC(75) Using 25 workers of 33 for full compaction
[24.870s][info][gc,phases,start] GC(75) Phase 1: Mark live objects
[24.875s][info][gc,phases      ] GC(75) Phase 1: Mark live objects 4.538ms
[24.875s][info][gc,phases,start] GC(75) Phase 2: Prepare compaction
[24.876s][info][gc,phases      ] GC(75) Phase 2: Prepare compaction 1.057ms
[24.876s][info][gc,phases,start] GC(75) Phase 3: Adjust pointers
[24.879s][info][gc,phases      ] GC(75) Phase 3: Adjust pointers 3.009ms
[24.879s][info][gc,phases,start] GC(75) Phase 4: Compact heap
[24.880s][info][gc,phases      ] GC(75) Phase 4: Compact heap 0.619ms
[24.886s][info][gc,heap        ] GC(75) Eden regions: 86->0(40)
[24.886s][info][gc,heap        ] GC(75) Survivor regions: 45->0(80)
[24.886s][info][gc,heap        ] GC(75) Old regions: 24->23
[24.886s][info][gc,heap        ] GC(75) Archive regions: 0->0
[24.886s][info][gc,heap        ] GC(75) Humongous regions: 22->0
[24.886s][info][gc,metaspace   ] GC(75) Metaspace: 8601K(8832K)->8601K(8832K) NonClass: 7447K(7552K)->7447K(7552K) Class: 1153K(1280K)->1153K(1280K)
[24.886s][info][gc             ] GC(75) Pause Full (System.gc()) 156M->3M(77M) 16.806ms
[24.886s][info][gc,cpu         ] GC(75) User=0.02s Sys=0.00s Real=0.02s
[24.924s][info][gc,start       ] GC(76) Pause Young (Normal) (G1 Evacuation Pause)
[24.924s][info][gc,task        ] GC(76) Using 13 workers of 33 for evacuation
[24.929s][info][gc,phases      ] GC(76)   Pre Evacuate Collection Set: 0.1ms
[24.929s][info][gc,phases      ] GC(76)   Merge Heap Roots: 0.1ms
[24.929s][info][gc,phases      ] GC(76)   Evacuate Collection Set: 0.3ms
[24.929s][info][gc,phases      ] GC(76)   Post Evacuate Collection Set: 4.8ms
[24.929s][info][gc,phases      ] GC(76)   Other: 0.1ms
[24.929s][info][gc,heap        ] GC(76) Eden regions: 40->0(632)
[24.929s][info][gc,heap        ] GC(76) Survivor regions: 0->5(5)
[24.929s][info][gc,heap        ] GC(76) Old regions: 23->24
[24.929s][info][gc,heap        ] GC(76) Archive regions: 0->0
[24.929s][info][gc,heap        ] GC(76) Humongous regions: 0->0
[24.929s][info][gc,metaspace   ] GC(76) Metaspace: 8601K(8832K)->8601K(8832K) NonClass: 7447K(7552K)->7447K(7552K) Class: 1153K(1280K)->1153K(1280K)
[24.930s][info][gc             ] GC(76) Pause Young (Normal) (G1 Evacuation Pause) 43M->8M(1063M) 5.869ms
[24.930s][info][gc,cpu         ] GC(76) User=0.00s Sys=0.00s Real=0.01s
[25.258s][info][gc,start       ] GC(77) Pause Young (Normal) (G1 Evacuation Pause)
[25.258s][info][gc,task        ] GC(77) Using 25 workers of 33 for evacuation
[25.260s][info][gc,phases      ] GC(77)   Pre Evacuate Collection Set: 0.2ms
[25.261s][info][gc,phases      ] GC(77)   Merge Heap Roots: 0.3ms
[25.261s][info][gc,phases      ] GC(77)   Evacuate Collection Set: 1.1ms
[25.261s][info][gc,phases      ] GC(77)   Post Evacuate Collection Set: 0.7ms
[25.261s][info][gc,phases      ] GC(77)   Other: 0.2ms
[25.261s][info][gc,heap        ] GC(77) Eden regions: 632->0(632)
[25.261s][info][gc,heap        ] GC(77) Survivor regions: 5->5(80)
[25.261s][info][gc,heap        ] GC(77) Old regions: 24->24
[25.261s][info][gc,heap        ] GC(77) Archive regions: 0->0
[25.261s][info][gc,heap        ] GC(77) Humongous regions: 0->0
[25.261s][info][gc,metaspace   ] GC(77) Metaspace: 8601K(8832K)->8601K(8832K) NonClass: 7447K(7552K)->7447K(7552K) Class: 1153K(1280K)->1153K(1280K)
[25.261s][info][gc             ] GC(77) Pause Young (Normal) (G1 Evacuation Pause) 640M->7M(1063M) 2.987ms
[25.261s][info][gc,cpu         ] GC(77) User=0.00s Sys=0.00s Real=0.00s
[25.631s][info][gc,start       ] GC(78) Pause Young (Normal) (G1 Evacuation Pause)
[25.631s][info][gc,task        ] GC(78) Using 25 workers of 33 for evacuation
[25.635s][info][gc,phases      ] GC(78)   Pre Evacuate Collection Set: 0.2ms
[25.635s][info][gc,phases      ] GC(78)   Merge Heap Roots: 0.3ms
[25.635s][info][gc,phases      ] GC(78)   Evacuate Collection Set: 2.9ms
[25.636s][info][gc,phases      ] GC(78)   Post Evacuate Collection Set: 0.8ms
[25.636s][info][gc,phases      ] GC(78)   Other: 0.2ms
[25.636s][info][gc,heap        ] GC(78) Eden regions: 632->0(627)
[25.636s][info][gc,heap        ] GC(78) Survivor regions: 5->10(80)
[25.636s][info][gc,heap        ] GC(78) Old regions: 24->24
[25.636s][info][gc,heap        ] GC(78) Archive regions: 0->0
[25.636s][info][gc,heap        ] GC(78) Humongous regions: 0->0
[25.636s][info][gc,metaspace   ] GC(78) Metaspace: 8601K(8832K)->8601K(8832K) NonClass: 7447K(7552K)->7447K(7552K) Class: 1153K(1280K)->1153K(1280K)
[25.636s][info][gc             ] GC(78) Pause Young (Normal) (G1 Evacuation Pause) 639M->13M(1063M) 4.899ms
[25.636s][info][gc,cpu         ] GC(78) User=0.00s Sys=0.00s Real=0.00s
[25.959s][info][gc,start       ] GC(79) Pause Young (Normal) (G1 Evacuation Pause)
[25.959s][info][gc,task        ] GC(79) Using 25 workers of 33 for evacuation
[25.964s][info][gc,phases      ] GC(79)   Pre Evacuate Collection Set: 0.2ms
[25.964s][info][gc,phases      ] GC(79)   Merge Heap Roots: 0.3ms
[25.964s][info][gc,phases      ] GC(79)   Evacuate Collection Set: 3.0ms
[25.964s][info][gc,phases      ] GC(79)   Post Evacuate Collection Set: 0.8ms
[25.964s][info][gc,phases      ] GC(79)   Other: 0.2ms
[25.964s][info][gc,heap        ] GC(79) Eden regions: 627->0(624)
[25.964s][info][gc,heap        ] GC(79) Survivor regions: 10->13(80)
[25.964s][info][gc,heap        ] GC(79) Old regions: 24->24
[25.964s][info][gc,heap        ] GC(79) Archive regions: 0->0
[25.964s][info][gc,heap        ] GC(79) Humongous regions: 0->0
[25.964s][info][gc,metaspace   ] GC(79) Metaspace: 8601K(8832K)->8601K(8832K) NonClass: 7447K(7552K)->7447K(7552K) Class: 1153K(1280K)->1153K(1280K)
[25.964s][info][gc             ] GC(79) Pause Young (Normal) (G1 Evacuation Pause) 640M->15M(1063M) 4.969ms
[25.964s][info][gc,cpu         ] GC(79) User=0.00s Sys=0.00s Real=0.01s
[26.318s][info][gc,start       ] GC(80) Pause Young (Normal) (G1 Evacuation Pause)
[26.319s][info][gc,task        ] GC(80) Using 25 workers of 33 for evacuation
[26.323s][info][gc,phases      ] GC(80)   Pre Evacuate Collection Set: 0.2ms
[26.323s][info][gc,phases      ] GC(80)   Merge Heap Roots: 0.3ms
[26.324s][info][gc,phases      ] GC(80)   Evacuate Collection Set: 3.4ms
[26.324s][info][gc,phases      ] GC(80)   Post Evacuate Collection Set: 0.7ms
[26.324s][info][gc,phases      ] GC(80)   Other: 0.2ms
[26.324s][info][gc,heap        ] GC(80) Eden regions: 624->0(622)
[26.324s][info][gc,heap        ] GC(80) Survivor regions: 13->15(80)
[26.324s][info][gc,heap        ] GC(80) Old regions: 24->24
[26.324s][info][gc,heap        ] GC(80) Archive regions: 0->0
[26.324s][info][gc,heap        ] GC(80) Humongous regions: 0->0
[26.324s][info][gc,metaspace   ] GC(80) Metaspace: 8601K(8832K)->8601K(8832K) NonClass: 7447K(7552K)->7447K(7552K) Class: 1153K(1280K)->1153K(1280K)
[26.324s][info][gc             ] GC(80) Pause Young (Normal) (G1 Evacuation Pause) 639M->18M(1063M) 5.418ms
[26.324s][info][gc,cpu         ] GC(80) User=0.39s Sys=0.00s Real=0.02s
[26.656s][info][gc,start       ] GC(81) Pause Young (Normal) (G1 Evacuation Pause)
[26.656s][info][gc,task        ] GC(81) Using 25 workers of 33 for evacuation
[26.662s][info][gc,phases      ] GC(81)   Pre Evacuate Collection Set: 0.2ms
[26.662s][info][gc,phases      ] GC(81)   Merge Heap Roots: 0.3ms
[26.662s][info][gc,phases      ] GC(81)   Evacuate Collection Set: 4.0ms
[26.662s][info][gc,phases      ] GC(81)   Post Evacuate Collection Set: 0.7ms
[26.662s][info][gc,phases      ] GC(81)   Other: 0.2ms
[26.662s][info][gc,heap        ] GC(81) Eden regions: 622->0(620)
[26.662s][info][gc,heap        ] GC(81) Survivor regions: 15->17(80)
[26.662s][info][gc,heap        ] GC(81) Old regions: 24->24
[26.662s][info][gc,heap        ] GC(81) Archive regions: 0->0
[26.662s][info][gc,heap        ] GC(81) Humongous regions: 0->0
[26.662s][info][gc,metaspace   ] GC(81) Metaspace: 8601K(8832K)->8601K(8832K) NonClass: 7447K(7552K)->7447K(7552K) Class: 1153K(1280K)->1153K(1280K)
[26.662s][info][gc             ] GC(81) Pause Young (Normal) (G1 Evacuation Pause) 640M->20M(1063M) 5.924ms
[26.662s][info][gc,cpu         ] GC(81) User=0.00s Sys=0.00s Real=0.01s
[27.019s][info][gc,start       ] GC(82) Pause Young (Normal) (G1 Evacuation Pause)
[27.019s][info][gc,task        ] GC(82) Using 25 workers of 33 for evacuation
[27.029s][info][gc,phases      ] GC(82)   Pre Evacuate Collection Set: 0.2ms
[27.029s][info][gc,phases      ] GC(82)   Merge Heap Roots: 0.3ms
[27.029s][info][gc,phases      ] GC(82)   Evacuate Collection Set: 8.2ms
[27.029s][info][gc,phases      ] GC(82)   Post Evacuate Collection Set: 0.7ms
[27.029s][info][gc,phases      ] GC(82)   Other: 0.2ms
[27.029s][info][gc,heap        ] GC(82) Eden regions: 620->0(608)
[27.029s][info][gc,heap        ] GC(82) Survivor regions: 17->29(80)
[27.029s][info][gc,heap        ] GC(82) Old regions: 24->24
[27.029s][info][gc,heap        ] GC(82) Archive regions: 0->0
[27.029s][info][gc,heap        ] GC(82) Humongous regions: 3->3
[27.029s][info][gc,metaspace   ] GC(82) Metaspace: 8601K(8832K)->8601K(8832K) NonClass: 7447K(7552K)->7447K(7552K) Class: 1153K(1280K)->1153K(1280K)
[27.029s][info][gc             ] GC(82) Pause Young (Normal) (G1 Evacuation Pause) 643M->35M(1063M) 10.186ms
[27.029s][info][gc,cpu         ] GC(82) User=0.00s Sys=0.00s Real=0.00s
[27.373s][info][gc,start       ] GC(83) Pause Young (Normal) (G1 Evacuation Pause)
[27.373s][info][gc,task        ] GC(83) Using 25 workers of 33 for evacuation
[27.382s][info][gc,phases      ] GC(83)   Pre Evacuate Collection Set: 0.2ms
[27.382s][info][gc,phases      ] GC(83)   Merge Heap Roots: 0.3ms
[27.382s][info][gc,phases      ] GC(83)   Evacuate Collection Set: 6.9ms
[27.382s][info][gc,phases      ] GC(83)   Post Evacuate Collection Set: 0.8ms
[27.382s][info][gc,phases      ] GC(83)   Other: 0.2ms
[27.382s][info][gc,heap        ] GC(83) Eden regions: 608->0(605)
[27.382s][info][gc,heap        ] GC(83) Survivor regions: 29->32(80)
[27.382s][info][gc,heap        ] GC(83) Old regions: 24->24
[27.382s][info][gc,heap        ] GC(83) Archive regions: 0->0
[27.382s][info][gc,heap        ] GC(83) Humongous regions: 3->3
[27.382s][info][gc,metaspace   ] GC(83) Metaspace: 8601K(8832K)->8601K(8832K) NonClass: 7447K(7552K)->7447K(7552K) Class: 1153K(1280K)->1153K(1280K)
[27.382s][info][gc             ] GC(83) Pause Young (Normal) (G1 Evacuation Pause) 643M->37M(1063M) 8.950ms
[27.382s][info][gc,cpu         ] GC(83) User=0.39s Sys=0.00s Real=0.01s
[27.728s][info][gc,start       ] GC(84) Pause Young (Normal) (G1 Evacuation Pause)
[27.728s][info][gc,task        ] GC(84) Using 25 workers of 33 for evacuation
[27.737s][info][gc,phases      ] GC(84)   Pre Evacuate Collection Set: 0.2ms
[27.737s][info][gc,phases      ] GC(84)   Merge Heap Roots: 0.3ms
[27.737s][info][gc,phases      ] GC(84)   Evacuate Collection Set: 8.1ms
[27.737s][info][gc,phases      ] GC(84)   Post Evacuate Collection Set: 0.7ms
[27.738s][info][gc,phases      ] GC(84)   Other: 0.2ms
[27.738s][info][gc,heap        ] GC(84) Eden regions: 605->0(603)
[27.738s][info][gc,heap        ] GC(84) Survivor regions: 32->34(80)
[27.738s][info][gc,heap        ] GC(84) Old regions: 24->24
[27.738s][info][gc,heap        ] GC(84) Archive regions: 0->0
[27.738s][info][gc,heap        ] GC(84) Humongous regions: 3->3
[27.738s][info][gc,metaspace   ] GC(84) Metaspace: 8601K(8832K)->8601K(8832K) NonClass: 7447K(7552K)->7447K(7552K) Class: 1153K(1280K)->1153K(1280K)
[27.738s][info][gc             ] GC(84) Pause Young (Normal) (G1 Evacuation Pause) 642M->40M(1063M) 9.984ms
[27.738s][info][gc,cpu         ] GC(84) User=0.39s Sys=0.00s Real=0.01s
[28.063s][info][gc,start       ] GC(85) Pause Young (Normal) (G1 Evacuation Pause)
[28.063s][info][gc,task        ] GC(85) Using 25 workers of 33 for evacuation
[28.073s][info][gc,phases      ] GC(85)   Pre Evacuate Collection Set: 0.2ms
[28.073s][info][gc,phases      ] GC(85)   Merge Heap Roots: 0.2ms
[28.073s][info][gc,phases      ] GC(85)   Evacuate Collection Set: 8.6ms
[28.073s][info][gc,phases      ] GC(85)   Post Evacuate Collection Set: 0.8ms
[28.073s][info][gc,phases      ] GC(85)   Other: 0.2ms
[28.073s][info][gc,heap        ] GC(85) Eden regions: 603->0(600)
[28.073s][info][gc,heap        ] GC(85) Survivor regions: 34->37(80)
[28.073s][info][gc,heap        ] GC(85) Old regions: 24->24
[28.073s][info][gc,heap        ] GC(85) Archive regions: 0->0
[28.073s][info][gc,heap        ] GC(85) Humongous regions: 3->3
[28.073s][info][gc,metaspace   ] GC(85) Metaspace: 8601K(8832K)->8601K(8832K) NonClass: 7447K(7552K)->7447K(7552K) Class: 1153K(1280K)->1153K(1280K)
[28.073s][info][gc             ] GC(85) Pause Young (Normal) (G1 Evacuation Pause) 643M->42M(1063M) 10.575ms
[28.073s][info][gc,cpu         ] GC(85) User=0.00s Sys=0.00s Real=0.00s
[28.431s][info][gc,start       ] GC(86) Pause Young (Normal) (G1 Evacuation Pause)
[28.431s][info][gc,task        ] GC(86) Using 25 workers of 33 for evacuation
[28.442s][info][gc,phases      ] GC(86)   Pre Evacuate Collection Set: 0.2ms
[28.442s][info][gc,phases      ] GC(86)   Merge Heap Roots: 0.2ms
[28.442s][info][gc,phases      ] GC(86)   Evacuate Collection Set: 9.8ms
[28.442s][info][gc,phases      ] GC(86)   Post Evacuate Collection Set: 0.7ms
[28.442s][info][gc,phases      ] GC(86)   Other: 0.2ms
[28.442s][info][gc,heap        ] GC(86) Eden regions: 600->0(594)
[28.442s][info][gc,heap        ] GC(86) Survivor regions: 37->43(80)
[28.442s][info][gc,heap        ] GC(86) Old regions: 24->24
[28.442s][info][gc,heap        ] GC(86) Archive regions: 0->0
[28.442s][info][gc,heap        ] GC(86) Humongous regions: 4->4
[28.442s][info][gc,metaspace   ] GC(86) Metaspace: 8601K(8832K)->8601K(8832K) NonClass: 7447K(7552K)->7447K(7552K) Class: 1153K(1280K)->1153K(1280K)
[28.442s][info][gc             ] GC(86) Pause Young (Normal) (G1 Evacuation Pause) 643M->49M(1063M) 11.649ms
[28.442s][info][gc,cpu         ] GC(86) User=0.39s Sys=0.00s Real=0.01s
[28.845s][info][gc,start       ] GC(87) Pause Full (System.gc())
[28.845s][info][gc,task        ] GC(87) Using 25 workers of 33 for full compaction
[28.846s][info][gc,phases,start] GC(87) Phase 1: Mark live objects
[28.851s][info][gc,phases      ] GC(87) Phase 1: Mark live objects 4.857ms
[28.851s][info][gc,phases,start] GC(87) Phase 2: Prepare compaction
[28.852s][info][gc,phases      ] GC(87) Phase 2: Prepare compaction 1.102ms
[28.852s][info][gc,phases,start] GC(87) Phase 3: Adjust pointers
[28.855s][info][gc,phases      ] GC(87) Phase 3: Adjust pointers 2.646ms
[28.855s][info][gc,phases,start] GC(87) Phase 4: Compact heap
[28.856s][info][gc,phases      ] GC(87) Phase 4: Compact heap 0.535ms
[28.861s][info][gc,heap        ] GC(87) Eden regions: 88->0(41)
[28.861s][info][gc,heap        ] GC(87) Survivor regions: 43->0(80)
[28.861s][info][gc,heap        ] GC(87) Old regions: 24->23
[28.861s][info][gc,heap        ] GC(87) Archive regions: 0->0
[28.861s][info][gc,heap        ] GC(87) Humongous regions: 22->0
[28.861s][info][gc,metaspace   ] GC(87) Metaspace: 8601K(8832K)->8601K(8832K) NonClass: 7448K(7552K)->7448K(7552K) Class: 1153K(1280K)->1153K(1280K)
[28.862s][info][gc             ] GC(87) Pause Full (System.gc()) 155M->3M(77M) 16.481ms
[28.862s][info][gc,cpu         ] GC(87) User=0.00s Sys=0.02s Real=0.01s
[28.897s][info][gc,start       ] GC(88) Pause Young (Normal) (G1 Evacuation Pause)
[28.897s][info][gc,task        ] GC(88) Using 13 workers of 33 for evacuation
[28.903s][info][gc,phases      ] GC(88)   Pre Evacuate Collection Set: 0.1ms
[28.903s][info][gc,phases      ] GC(88)   Merge Heap Roots: 0.1ms
[28.903s][info][gc,phases      ] GC(88)   Evacuate Collection Set: 0.4ms
[28.903s][info][gc,phases      ] GC(88)   Post Evacuate Collection Set: 4.8ms
[28.903s][info][gc,phases      ] GC(88)   Other: 0.1ms
[28.903s][info][gc,heap        ] GC(88) Eden regions: 41->0(631)
[28.903s][info][gc,heap        ] GC(88) Survivor regions: 0->6(6)
[28.903s][info][gc,heap        ] GC(88) Old regions: 23->24
[28.903s][info][gc,heap        ] GC(88) Archive regions: 0->0
[28.903s][info][gc,heap        ] GC(88) Humongous regions: 0->0
[28.903s][info][gc,metaspace   ] GC(88) Metaspace: 8604K(8832K)->8604K(8832K) NonClass: 7451K(7552K)->7451K(7552K) Class: 1153K(1280K)->1153K(1280K)
[28.903s][info][gc             ] GC(88) Pause Young (Normal) (G1 Evacuation Pause) 44M->9M(1063M) 5.982ms
[28.903s][info][gc,cpu         ] GC(88) User=0.00s Sys=0.00s Real=0.00s
[29.247s][info][gc,start       ] GC(89) Pause Young (Normal) (G1 Evacuation Pause)
[29.247s][info][gc,task        ] GC(89) Using 25 workers of 33 for evacuation
[29.249s][info][gc,phases      ] GC(89)   Pre Evacuate Collection Set: 0.2ms
[29.249s][info][gc,phases      ] GC(89)   Merge Heap Roots: 0.2ms
[29.249s][info][gc,phases      ] GC(89)   Evacuate Collection Set: 1.1ms
[29.249s][info][gc,phases      ] GC(89)   Post Evacuate Collection Set: 0.7ms
[29.249s][info][gc,phases      ] GC(89)   Other: 0.2ms
[29.249s][info][gc,heap        ] GC(89) Eden regions: 631->0(633)
[29.250s][info][gc,heap        ] GC(89) Survivor regions: 6->4(80)
[29.250s][info][gc,heap        ] GC(89) Old regions: 24->24
[29.250s][info][gc,heap        ] GC(89) Archive regions: 0->0
[29.250s][info][gc,heap        ] GC(89) Humongous regions: 0->0
[29.250s][info][gc,metaspace   ] GC(89) Metaspace: 8604K(8832K)->8604K(8832K) NonClass: 7451K(7552K)->7451K(7552K) Class: 1153K(1280K)->1153K(1280K)
[29.250s][info][gc             ] GC(89) Pause Young (Normal) (G1 Evacuation Pause) 640M->7M(1063M) 2.875ms
[29.250s][info][gc,cpu         ] GC(89) User=0.27s Sys=0.03s Real=0.00s
[29.609s][info][gc,start       ] GC(90) Pause Young (Normal) (G1 Evacuation Pause)
[29.610s][info][gc,task        ] GC(90) Using 25 workers of 33 for evacuation
[29.614s][info][gc,phases      ] GC(90)   Pre Evacuate Collection Set: 0.2ms
[29.614s][info][gc,phases      ] GC(90)   Merge Heap Roots: 0.3ms
[29.614s][info][gc,phases      ] GC(90)   Evacuate Collection Set: 2.7ms
[29.614s][info][gc,phases      ] GC(90)   Post Evacuate Collection Set: 0.7ms
[29.614s][info][gc,phases      ] GC(90)   Other: 0.2ms
[29.614s][info][gc,heap        ] GC(90) Eden regions: 633->0(627)
[29.614s][info][gc,heap        ] GC(90) Survivor regions: 4->10(80)
[29.614s][info][gc,heap        ] GC(90) Old regions: 24->24
[29.614s][info][gc,heap        ] GC(90) Archive regions: 0->0
[29.614s][info][gc,heap        ] GC(90) Humongous regions: 0->0
[29.614s][info][gc,metaspace   ] GC(90) Metaspace: 8604K(8832K)->8604K(8832K) NonClass: 7451K(7552K)->7451K(7552K) Class: 1153K(1280K)->1153K(1280K)
[29.614s][info][gc             ] GC(90) Pause Young (Normal) (G1 Evacuation Pause) 640M->12M(1063M) 4.662ms
[29.614s][info][gc,cpu         ] GC(90) User=0.00s Sys=0.00s Real=0.01s
[29.938s][info][gc,start       ] GC(91) Pause Young (Normal) (G1 Evacuation Pause)
[29.938s][info][gc,task        ] GC(91) Using 25 workers of 33 for evacuation
[29.943s][info][gc,phases      ] GC(91)   Pre Evacuate Collection Set: 0.2ms
[29.943s][info][gc,phases      ] GC(91)   Merge Heap Roots: 0.3ms
[29.943s][info][gc,phases      ] GC(91)   Evacuate Collection Set: 2.9ms
[29.943s][info][gc,phases      ] GC(91)   Post Evacuate Collection Set: 0.7ms
[29.943s][info][gc,phases      ] GC(91)   Other: 0.2ms
[29.943s][info][gc,heap        ] GC(91) Eden regions: 627->0(625)
[29.943s][info][gc,heap        ] GC(91) Survivor regions: 10->12(80)
[29.943s][info][gc,heap        ] GC(91) Old regions: 24->24
[29.943s][info][gc,heap        ] GC(91) Archive regions: 0->0
[29.943s][info][gc,heap        ] GC(91) Humongous regions: 0->0
[29.943s][info][gc,metaspace   ] GC(91) Metaspace: 8604K(8832K)->8604K(8832K) NonClass: 7451K(7552K)->7451K(7552K) Class: 1153K(1280K)->1153K(1280K)
[29.943s][info][gc             ] GC(91) Pause Young (Normal) (G1 Evacuation Pause) 639M->14M(1063M) 4.745ms
[29.943s][info][gc,cpu         ] GC(91) User=0.00s Sys=0.00s Real=0.00s
[30.312s][info][gc,start       ] GC(92) Pause Young (Normal) (G1 Evacuation Pause)
[30.312s][info][gc,task        ] GC(92) Using 25 workers of 33 for evacuation
[30.317s][info][gc,phases      ] GC(92)   Pre Evacuate Collection Set: 0.2ms
[30.317s][info][gc,phases      ] GC(92)   Merge Heap Roots: 0.3ms
[30.317s][info][gc,phases      ] GC(92)   Evacuate Collection Set: 3.3ms
[30.317s][info][gc,phases      ] GC(92)   Post Evacuate Collection Set: 0.7ms
[30.317s][info][gc,phases      ] GC(92)   Other: 0.2ms
[30.317s][info][gc,heap        ] GC(92) Eden regions: 625->0(623)
[30.317s][info][gc,heap        ] GC(92) Survivor regions: 12->14(80)
[30.317s][info][gc,heap        ] GC(92) Old regions: 24->24
[30.317s][info][gc,heap        ] GC(92) Archive regions: 0->0
[30.317s][info][gc,heap        ] GC(92) Humongous regions: 0->0
[30.317s][info][gc,metaspace   ] GC(92) Metaspace: 8604K(8832K)->8604K(8832K) NonClass: 7451K(7552K)->7451K(7552K) Class: 1153K(1280K)->1153K(1280K)
[30.317s][info][gc             ] GC(92) Pause Young (Normal) (G1 Evacuation Pause) 639M->17M(1063M) 5.227ms
[30.317s][info][gc,cpu         ] GC(92) User=0.00s Sys=0.00s Real=0.00s
[30.640s][info][gc,start       ] GC(93) Pause Young (Normal) (G1 Evacuation Pause)
[30.640s][info][gc,task        ] GC(93) Using 25 workers of 33 for evacuation
[30.645s][info][gc,phases      ] GC(93)   Pre Evacuate Collection Set: 0.2ms
[30.668s][info][gc,phases      ] GC(93)   Merge Heap Roots: 0.3ms
[30.668s][info][gc,phases      ] GC(93)   Evacuate Collection Set: 3.8ms
[30.668s][info][gc,phases      ] GC(93)   Post Evacuate Collection Set: 0.7ms
[30.668s][info][gc,phases      ] GC(93)   Other: 0.2ms
[30.668s][info][gc,heap        ] GC(93) Eden regions: 623->0(620)
[30.668s][info][gc,heap        ] GC(93) Survivor regions: 14->17(80)
[30.668s][info][gc,heap        ] GC(93) Old regions: 24->24
[30.668s][info][gc,heap        ] GC(93) Archive regions: 0->0
[30.668s][info][gc,heap        ] GC(93) Humongous regions: 0->0
[30.668s][info][gc,metaspace   ] GC(93) Metaspace: 8604K(8832K)->8604K(8832K) NonClass: 7451K(7552K)->7451K(7552K) Class: 1153K(1280K)->1153K(1280K)
[30.668s][info][gc             ] GC(93) Pause Young (Normal) (G1 Evacuation Pause) 640M->20M(1063M) 28.228ms
[30.668s][info][gc,cpu         ] GC(93) User=0.00s Sys=0.00s Real=0.03s
[31.037s][info][gc,start       ] GC(94) Pause Young (Normal) (G1 Evacuation Pause)
[31.037s][info][gc,task        ] GC(94) Using 25 workers of 33 for evacuation
[31.047s][info][gc,phases      ] GC(94)   Pre Evacuate Collection Set: 0.2ms
[31.047s][info][gc,phases      ] GC(94)   Merge Heap Roots: 0.3ms
[31.047s][info][gc,phases      ] GC(94)   Evacuate Collection Set: 8.3ms
[31.047s][info][gc,phases      ] GC(94)   Post Evacuate Collection Set: 0.8ms
[31.047s][info][gc,phases      ] GC(94)   Other: 0.2ms
[31.047s][info][gc,heap        ] GC(94) Eden regions: 620->0(608)
[31.047s][info][gc,heap        ] GC(94) Survivor regions: 17->29(80)
[31.047s][info][gc,heap        ] GC(94) Old regions: 24->24
[31.047s][info][gc,heap        ] GC(94) Archive regions: 0->0
[31.047s][info][gc,heap        ] GC(94) Humongous regions: 3->3
[31.047s][info][gc,metaspace   ] GC(94) Metaspace: 8604K(8832K)->8604K(8832K) NonClass: 7451K(7552K)->7451K(7552K) Class: 1153K(1280K)->1153K(1280K)
[31.047s][info][gc             ] GC(94) Pause Young (Normal) (G1 Evacuation Pause) 643M->35M(1063M) 10.336ms
[31.047s][info][gc,cpu         ] GC(94) User=0.39s Sys=0.00s Real=0.01s
[31.394s][info][gc,start       ] GC(95) Pause Young (Normal) (G1 Evacuation Pause)
[31.394s][info][gc,task        ] GC(95) Using 25 workers of 33 for evacuation
[31.404s][info][gc,phases      ] GC(95)   Pre Evacuate Collection Set: 0.2ms
[31.404s][info][gc,phases      ] GC(95)   Merge Heap Roots: 0.3ms
[31.404s][info][gc,phases      ] GC(95)   Evacuate Collection Set: 7.6ms
[31.404s][info][gc,phases      ] GC(95)   Post Evacuate Collection Set: 0.8ms
[31.404s][info][gc,phases      ] GC(95)   Other: 0.2ms
[31.404s][info][gc,heap        ] GC(95) Eden regions: 608->0(606)
[31.404s][info][gc,heap        ] GC(95) Survivor regions: 29->31(80)
[31.404s][info][gc,heap        ] GC(95) Old regions: 24->24
[31.404s][info][gc,heap        ] GC(95) Archive regions: 0->0
[31.404s][info][gc,heap        ] GC(95) Humongous regions: 3->3
[31.404s][info][gc,metaspace   ] GC(95) Metaspace: 8604K(8832K)->8604K(8832K) NonClass: 7451K(7552K)->7451K(7552K) Class: 1153K(1280K)->1153K(1280K)
[31.404s][info][gc             ] GC(95) Pause Young (Normal) (G1 Evacuation Pause) 643M->36M(1063M) 9.660ms
[31.404s][info][gc,cpu         ] GC(95) User=0.00s Sys=0.00s Real=0.01s
[31.734s][info][gc,start       ] GC(96) Pause Young (Normal) (G1 Evacuation Pause)
[31.735s][info][gc,task        ] GC(96) Using 25 workers of 33 for evacuation
[31.744s][info][gc,phases      ] GC(96)   Pre Evacuate Collection Set: 0.2ms
[31.744s][info][gc,phases      ] GC(96)   Merge Heap Roots: 0.2ms
[31.744s][info][gc,phases      ] GC(96)   Evacuate Collection Set: 7.6ms
[31.744s][info][gc,phases      ] GC(96)   Post Evacuate Collection Set: 0.8ms
[31.744s][info][gc,phases      ] GC(96)   Other: 0.2ms
[31.744s][info][gc,heap        ] GC(96) Eden regions: 606->0(604)
[31.744s][info][gc,heap        ] GC(96) Survivor regions: 31->33(80)
[31.744s][info][gc,heap        ] GC(96) Old regions: 24->24
[31.744s][info][gc,heap        ] GC(96) Archive regions: 0->0
[31.744s][info][gc,heap        ] GC(96) Humongous regions: 3->3
[31.744s][info][gc,metaspace   ] GC(96) Metaspace: 8604K(8832K)->8604K(8832K) NonClass: 7451K(7552K)->7451K(7552K) Class: 1153K(1280K)->1153K(1280K)
[31.744s][info][gc             ] GC(96) Pause Young (Normal) (G1 Evacuation Pause) 642M->39M(1063M) 9.526ms
[31.744s][info][gc,cpu         ] GC(96) User=0.00s Sys=0.00s Real=0.01s
[32.065s][info][gc,start       ] GC(97) Pause Young (Normal) (G1 Evacuation Pause)
[32.066s][info][gc,task        ] GC(97) Using 25 workers of 33 for evacuation
[32.075s][info][gc,phases      ] GC(97)   Pre Evacuate Collection Set: 0.2ms
[32.075s][info][gc,phases      ] GC(97)   Merge Heap Roots: 0.3ms
[32.075s][info][gc,phases      ] GC(97)   Evacuate Collection Set: 8.3ms
[32.075s][info][gc,phases      ] GC(97)   Post Evacuate Collection Set: 0.7ms
[32.075s][info][gc,phases      ] GC(97)   Other: 0.2ms
[32.075s][info][gc,heap        ] GC(97) Eden regions: 604->0(601)
[32.076s][info][gc,heap        ] GC(97) Survivor regions: 33->36(80)
[32.076s][info][gc,heap        ] GC(97) Old regions: 24->24
[32.076s][info][gc,heap        ] GC(97) Archive regions: 0->0
[32.076s][info][gc,heap        ] GC(97) Humongous regions: 3->3
[32.076s][info][gc,metaspace   ] GC(97) Metaspace: 8604K(8832K)->8604K(8832K) NonClass: 7451K(7552K)->7451K(7552K) Class: 1153K(1280K)->1153K(1280K)
[32.076s][info][gc             ] GC(97) Pause Young (Normal) (G1 Evacuation Pause) 643M->42M(1063M) 10.231ms
[32.076s][info][gc,cpu         ] GC(97) User=0.00s Sys=0.00s Real=0.01s
[32.429s][info][gc,start       ] GC(98) Pause Young (Normal) (G1 Evacuation Pause)
[32.429s][info][gc,task        ] GC(98) Using 25 workers of 33 for evacuation
[32.442s][info][gc,phases      ] GC(98)   Pre Evacuate Collection Set: 0.2ms
[32.442s][info][gc,phases      ] GC(98)   Merge Heap Roots: 0.3ms
[32.442s][info][gc,phases      ] GC(98)   Evacuate Collection Set: 11.9ms
[32.442s][info][gc,phases      ] GC(98)   Post Evacuate Collection Set: 0.6ms
[32.442s][info][gc,phases      ] GC(98)   Other: 0.2ms
[32.442s][info][gc,heap        ] GC(98) Eden regions: 601->0(587)
[32.442s][info][gc,heap        ] GC(98) Survivor regions: 36->50(80)
[32.442s][info][gc,heap        ] GC(98) Old regions: 24->24
[32.442s][info][gc,heap        ] GC(98) Archive regions: 0->0
[32.442s][info][gc,heap        ] GC(98) Humongous regions: 7->7
[32.442s][info][gc,metaspace   ] GC(98) Metaspace: 8604K(8832K)->8604K(8832K) NonClass: 7451K(7552K)->7451K(7552K) Class: 1153K(1280K)->1153K(1280K)
[32.442s][info][gc             ] GC(98) Pause Young (Normal) (G1 Evacuation Pause) 647M->60M(1063M) 13.599ms
[32.442s][info][gc,cpu         ] GC(98) User=0.39s Sys=0.00s Real=0.01s
[32.817s][info][gc,start       ] GC(99) Pause Full (System.gc())
[32.817s][info][gc,task        ] GC(99) Using 25 workers of 33 for full compaction
[32.818s][info][gc,phases,start] GC(99) Phase 1: Mark live objects
[32.823s][info][gc,phases      ] GC(99) Phase 1: Mark live objects 5.047ms
[32.823s][info][gc,phases,start] GC(99) Phase 2: Prepare compaction
[32.824s][info][gc,phases      ] GC(99) Phase 2: Prepare compaction 1.053ms
[32.824s][info][gc,phases,start] GC(99) Phase 3: Adjust pointers
[32.827s][info][gc,phases      ] GC(99) Phase 3: Adjust pointers 2.708ms
[32.827s][info][gc,phases,start] GC(99) Phase 4: Compact heap
[32.828s][info][gc,phases      ] GC(99) Phase 4: Compact heap 0.611ms
[32.834s][info][gc,heap        ] GC(99) Eden regions: 82->0(36)
[32.834s][info][gc,heap        ] GC(99) Survivor regions: 50->0(80)
[32.834s][info][gc,heap        ] GC(99) Old regions: 24->23
[32.834s][info][gc,heap        ] GC(99) Archive regions: 0->0
[32.834s][info][gc,heap        ] GC(99) Humongous regions: 22->0
[32.834s][info][gc,metaspace   ] GC(99) Metaspace: 8607K(8832K)->8607K(8832K) NonClass: 7454K(7552K)->7454K(7552K) Class: 1153K(1280K)->1153K(1280K)
[32.834s][info][gc             ] GC(99) Pause Full (System.gc()) 157M->3M(77M) 16.914ms
[32.834s][info][gc,cpu         ] GC(99) User=0.13s Sys=0.00s Real=0.02s
[32.869s][info][gc,start       ] GC(100) Pause Young (Normal) (G1 Evacuation Pause)
[32.869s][info][gc,task        ] GC(100) Using 13 workers of 33 for evacuation
[32.875s][info][gc,phases      ] GC(100)   Pre Evacuate Collection Set: 0.1ms
[32.875s][info][gc,phases      ] GC(100)   Merge Heap Roots: 0.1ms
[32.875s][info][gc,phases      ] GC(100)   Evacuate Collection Set: 0.3ms
[32.875s][info][gc,phases      ] GC(100)   Post Evacuate Collection Set: 4.8ms
[32.875s][info][gc,phases      ] GC(100)   Other: 0.1ms
[32.875s][info][gc,heap        ] GC(100) Eden regions: 36->0(632)
[32.875s][info][gc,heap        ] GC(100) Survivor regions: 0->5(5)
[32.875s][info][gc,heap        ] GC(100) Old regions: 23->24
[32.875s][info][gc,heap        ] GC(100) Archive regions: 0->0
[32.875s][info][gc,heap        ] GC(100) Humongous regions: 0->0
[32.875s][info][gc,metaspace   ] GC(100) Metaspace: 8609K(8832K)->8609K(8832K) NonClass: 7456K(7552K)->7456K(7552K) Class: 1153K(1280K)->1153K(1280K)
[32.875s][info][gc             ] GC(100) Pause Young (Normal) (G1 Evacuation Pause) 39M->8M(1063M) 5.876ms
[32.875s][info][gc,cpu         ] GC(100) User=0.00s Sys=0.00s Real=0.00s
[33.213s][info][gc,start       ] GC(101) Pause Young (Normal) (G1 Evacuation Pause)
[33.213s][info][gc,task        ] GC(101) Using 25 workers of 33 for evacuation
[33.216s][info][gc,phases      ] GC(101)   Pre Evacuate Collection Set: 0.2ms
[33.216s][info][gc,phases      ] GC(101)   Merge Heap Roots: 0.2ms
[33.216s][info][gc,phases      ] GC(101)   Evacuate Collection Set: 1.1ms
[33.216s][info][gc,phases      ] GC(101)   Post Evacuate Collection Set: 0.7ms
[33.216s][info][gc,phases      ] GC(101)   Other: 0.2ms
[33.216s][info][gc,heap        ] GC(101) Eden regions: 632->0(632)
[33.216s][info][gc,heap        ] GC(101) Survivor regions: 5->5(80)
[33.216s][info][gc,heap        ] GC(101) Old regions: 24->24
[33.216s][info][gc,heap        ] GC(101) Archive regions: 0->0
[33.216s][info][gc,heap        ] GC(101) Humongous regions: 0->0
[33.216s][info][gc,metaspace   ] GC(101) Metaspace: 8609K(8832K)->8609K(8832K) NonClass: 7456K(7552K)->7456K(7552K) Class: 1153K(1280K)->1153K(1280K)
[33.216s][info][gc             ] GC(101) Pause Young (Normal) (G1 Evacuation Pause) 640M->7M(1063M) 2.840ms
[33.216s][info][gc,cpu         ] GC(101) User=0.00s Sys=0.00s Real=0.00s
[33.555s][info][gc,start       ] GC(102) Pause Young (Normal) (G1 Evacuation Pause)
[33.556s][info][gc,task        ] GC(102) Using 25 workers of 33 for evacuation
[33.559s][info][gc,phases      ] GC(102)   Pre Evacuate Collection Set: 0.2ms
[33.559s][info][gc,phases      ] GC(102)   Merge Heap Roots: 0.2ms
[33.559s][info][gc,phases      ] GC(102)   Evacuate Collection Set: 1.8ms
[33.559s][info][gc,phases      ] GC(102)   Post Evacuate Collection Set: 0.7ms
[33.559s][info][gc,phases      ] GC(102)   Other: 0.2ms
[33.559s][info][gc,heap        ] GC(102) Eden regions: 632->0(631)
[33.559s][info][gc,heap        ] GC(102) Survivor regions: 5->6(80)
[33.559s][info][gc,heap        ] GC(102) Old regions: 24->24
[33.559s][info][gc,heap        ] GC(102) Archive regions: 0->0
[33.559s][info][gc,heap        ] GC(102) Humongous regions: 0->0
[33.559s][info][gc,metaspace   ] GC(102) Metaspace: 8609K(8832K)->8609K(8832K) NonClass: 7456K(7552K)->7456K(7552K) Class: 1153K(1280K)->1153K(1280K)
[33.559s][info][gc             ] GC(102) Pause Young (Normal) (G1 Evacuation Pause) 639M->8M(1063M) 3.482ms
[33.559s][info][gc,cpu         ] GC(102) User=0.00s Sys=0.00s Real=0.00s
[33.884s][info][gc,start       ] GC(103) Pause Young (Normal) (G1 Evacuation Pause)
[33.884s][info][gc,task        ] GC(103) Using 25 workers of 33 for evacuation
[33.888s][info][gc,phases      ] GC(103)   Pre Evacuate Collection Set: 0.2ms
[33.888s][info][gc,phases      ] GC(103)   Merge Heap Roots: 0.2ms
[33.888s][info][gc,phases      ] GC(103)   Evacuate Collection Set: 2.1ms
[33.888s][info][gc,phases      ] GC(103)   Post Evacuate Collection Set: 0.7ms
[33.888s][info][gc,phases      ] GC(103)   Other: 0.2ms
[33.888s][info][gc,heap        ] GC(103) Eden regions: 631->0(629)
[33.888s][info][gc,heap        ] GC(103) Survivor regions: 6->8(80)
[33.888s][info][gc,heap        ] GC(103) Old regions: 24->24
[33.888s][info][gc,heap        ] GC(103) Archive regions: 0->0
[33.888s][info][gc,heap        ] GC(103) Humongous regions: 0->0
[33.888s][info][gc,metaspace   ] GC(103) Metaspace: 8609K(8832K)->8609K(8832K) NonClass: 7456K(7552K)->7456K(7552K) Class: 1153K(1280K)->1153K(1280K)
[33.888s][info][gc             ] GC(103) Pause Young (Normal) (G1 Evacuation Pause) 639M->10M(1063M) 3.915ms
[33.888s][info][gc,cpu         ] GC(103) User=0.00s Sys=0.00s Real=0.00s
[34.230s][info][gc,start       ] GC(104) Pause Young (Normal) (G1 Evacuation Pause)
[34.230s][info][gc,task        ] GC(104) Using 25 workers of 33 for evacuation
[34.234s][info][gc,phases      ] GC(104)   Pre Evacuate Collection Set: 0.2ms
[34.234s][info][gc,phases      ] GC(104)   Merge Heap Roots: 0.3ms
[34.234s][info][gc,phases      ] GC(104)   Evacuate Collection Set: 2.6ms
[34.234s][info][gc,phases      ] GC(104)   Post Evacuate Collection Set: 0.7ms
[34.235s][info][gc,phases      ] GC(104)   Other: 0.2ms
[34.235s][info][gc,heap        ] GC(104) Eden regions: 629->0(627)
[34.235s][info][gc,heap        ] GC(104) Survivor regions: 8->10(80)
[34.235s][info][gc,heap        ] GC(104) Old regions: 24->24
[34.235s][info][gc,heap        ] GC(104) Archive regions: 0->0
[34.235s][info][gc,heap        ] GC(104) Humongous regions: 0->0
[34.235s][info][gc,metaspace   ] GC(104) Metaspace: 8609K(8832K)->8609K(8832K) NonClass: 7456K(7552K)->7456K(7552K) Class: 1153K(1280K)->1153K(1280K)
[34.235s][info][gc             ] GC(104) Pause Young (Normal) (G1 Evacuation Pause) 639M->13M(1063M) 4.439ms
[34.235s][info][gc,cpu         ] GC(104) User=0.06s Sys=0.00s Real=0.00s
[34.560s][info][gc,start       ] GC(105) Pause Young (Normal) (G1 Evacuation Pause)
[34.560s][info][gc,task        ] GC(105) Using 25 workers of 33 for evacuation
[34.564s][info][gc,phases      ] GC(105)   Pre Evacuate Collection Set: 0.2ms
[34.564s][info][gc,phases      ] GC(105)   Merge Heap Roots: 0.3ms
[34.564s][info][gc,phases      ] GC(105)   Evacuate Collection Set: 3.1ms
[34.564s][info][gc,phases      ] GC(105)   Post Evacuate Collection Set: 0.7ms
[34.564s][info][gc,phases      ] GC(105)   Other: 0.2ms
[34.564s][info][gc,heap        ] GC(105) Eden regions: 627->0(625)
[34.564s][info][gc,heap        ] GC(105) Survivor regions: 10->12(80)
[34.564s][info][gc,heap        ] GC(105) Old regions: 24->24
[34.564s][info][gc,heap        ] GC(105) Archive regions: 0->0
[34.564s][info][gc,heap        ] GC(105) Humongous regions: 0->0
[34.565s][info][gc,metaspace   ] GC(105) Metaspace: 8609K(8832K)->8609K(8832K) NonClass: 7456K(7552K)->7456K(7552K) Class: 1153K(1280K)->1153K(1280K)
[34.565s][info][gc             ] GC(105) Pause Young (Normal) (G1 Evacuation Pause) 640M->15M(1063M) 5.021ms
[34.565s][info][gc,cpu         ] GC(105) User=0.39s Sys=0.00s Real=0.00s
[34.927s][info][gc,start       ] GC(106) Pause Young (Normal) (G1 Evacuation Pause)
[34.927s][info][gc,task        ] GC(106) Using 25 workers of 33 for evacuation
[34.936s][info][gc,phases      ] GC(106)   Pre Evacuate Collection Set: 0.2ms
[34.936s][info][gc,phases      ] GC(106)   Merge Heap Roots: 0.3ms
[34.936s][info][gc,phases      ] GC(106)   Evacuate Collection Set: 7.5ms
[34.936s][info][gc,phases      ] GC(106)   Post Evacuate Collection Set: 0.7ms
[34.936s][info][gc,phases      ] GC(106)   Other: 0.2ms
[34.936s][info][gc,heap        ] GC(106) Eden regions: 625->0(612)
[34.936s][info][gc,heap        ] GC(106) Survivor regions: 12->25(80)
[34.936s][info][gc,heap        ] GC(106) Old regions: 24->24
[34.936s][info][gc,heap        ] GC(106) Archive regions: 0->0
[34.936s][info][gc,heap        ] GC(106) Humongous regions: 3->3
[34.936s][info][gc,metaspace   ] GC(106) Metaspace: 8609K(8832K)->8609K(8832K) NonClass: 7456K(7552K)->7456K(7552K) Class: 1153K(1280K)->1153K(1280K)
[34.936s][info][gc             ] GC(106) Pause Young (Normal) (G1 Evacuation Pause) 643M->31M(1063M) 9.496ms
[34.937s][info][gc,cpu         ] GC(106) User=0.00s Sys=0.00s Real=0.01s
[35.254s][info][gc,start       ] GC(107) Pause Young (Normal) (G1 Evacuation Pause)
[35.254s][info][gc,task        ] GC(107) Using 25 workers of 33 for evacuation
[35.262s][info][gc,phases      ] GC(107)   Pre Evacuate Collection Set: 0.2ms
[35.262s][info][gc,phases      ] GC(107)   Merge Heap Roots: 0.2ms
[35.262s][info][gc,phases      ] GC(107)   Evacuate Collection Set: 6.7ms
[35.263s][info][gc,phases      ] GC(107)   Post Evacuate Collection Set: 0.7ms
[35.263s][info][gc,phases      ] GC(107)   Other: 0.2ms
[35.263s][info][gc,heap        ] GC(107) Eden regions: 612->0(610)
[35.263s][info][gc,heap        ] GC(107) Survivor regions: 25->27(80)
[35.263s][info][gc,heap        ] GC(107) Old regions: 24->24
[35.263s][info][gc,heap        ] GC(107) Archive regions: 0->0
[35.263s][info][gc,heap        ] GC(107) Humongous regions: 3->3
[35.263s][info][gc,metaspace   ] GC(107) Metaspace: 8609K(8832K)->8609K(8832K) NonClass: 7456K(7552K)->7456K(7552K) Class: 1153K(1280K)->1153K(1280K)
[35.263s][info][gc             ] GC(107) Pause Young (Normal) (G1 Evacuation Pause) 643M->33M(1063M) 8.573ms
[35.263s][info][gc,cpu         ] GC(107) User=0.00s Sys=0.00s Real=0.01s
[35.623s][info][gc,start       ] GC(108) Pause Young (Normal) (G1 Evacuation Pause)
[35.623s][info][gc,task        ] GC(108) Using 25 workers of 33 for evacuation
[35.631s][info][gc,phases      ] GC(108)   Pre Evacuate Collection Set: 0.2ms
[35.631s][info][gc,phases      ] GC(108)   Merge Heap Roots: 0.3ms
[35.631s][info][gc,phases      ] GC(108)   Evacuate Collection Set: 7.2ms
[35.631s][info][gc,phases      ] GC(108)   Post Evacuate Collection Set: 0.7ms
[35.632s][info][gc,phases      ] GC(108)   Other: 0.2ms
[35.632s][info][gc,heap        ] GC(108) Eden regions: 610->0(607)
[35.632s][info][gc,heap        ] GC(108) Survivor regions: 27->30(80)
[35.632s][info][gc,heap        ] GC(108) Old regions: 24->24
[35.632s][info][gc,heap        ] GC(108) Archive regions: 0->0
[35.632s][info][gc,heap        ] GC(108) Humongous regions: 3->3
[35.632s][info][gc,metaspace   ] GC(108) Metaspace: 8609K(8832K)->8609K(8832K) NonClass: 7456K(7552K)->7456K(7552K) Class: 1153K(1280K)->1153K(1280K)
[35.632s][info][gc             ] GC(108) Pause Young (Normal) (G1 Evacuation Pause) 643M->36M(1063M) 9.203ms
[35.632s][info][gc,cpu         ] GC(108) User=0.39s Sys=0.00s Real=0.01s
[35.945s][info][gc,start       ] GC(109) Pause Young (Normal) (G1 Evacuation Pause)
[35.945s][info][gc,task        ] GC(109) Using 25 workers of 33 for evacuation
[35.955s][info][gc,phases      ] GC(109)   Pre Evacuate Collection Set: 0.2ms
[35.955s][info][gc,phases      ] GC(109)   Merge Heap Roots: 0.3ms
[35.955s][info][gc,phases      ] GC(109)   Evacuate Collection Set: 8.2ms
[35.955s][info][gc,phases      ] GC(109)   Post Evacuate Collection Set: 0.7ms
[35.955s][info][gc,phases      ] GC(109)   Other: 0.2ms
[35.955s][info][gc,heap        ] GC(109) Eden regions: 607->0(605)
[35.955s][info][gc,heap        ] GC(109) Survivor regions: 30->32(80)
[35.955s][info][gc,heap        ] GC(109) Old regions: 24->24
[35.955s][info][gc,heap        ] GC(109) Archive regions: 0->0
[35.955s][info][gc,heap        ] GC(109) Humongous regions: 3->3
[35.955s][info][gc,metaspace   ] GC(109) Metaspace: 8609K(8832K)->8609K(8832K) NonClass: 7456K(7552K)->7456K(7552K) Class: 1153K(1280K)->1153K(1280K)
[35.955s][info][gc             ] GC(109) Pause Young (Normal) (G1 Evacuation Pause) 643M->38M(1063M) 10.232ms
[35.955s][info][gc,cpu         ] GC(109) User=0.00s Sys=0.00s Real=0.00s
[36.388s][info][gc,start       ] GC(110) Pause Young (Normal) (G1 Evacuation Pause)
[36.388s][info][gc,task        ] GC(110) Using 25 workers of 33 for evacuation
[36.408s][info][gc,phases      ] GC(110)   Pre Evacuate Collection Set: 0.2ms
[36.408s][info][gc,phases      ] GC(110)   Merge Heap Roots: 0.3ms
[36.408s][info][gc,phases      ] GC(110)   Evacuate Collection Set: 18.8ms
[36.408s][info][gc,phases      ] GC(110)   Post Evacuate Collection Set: 0.6ms
[36.408s][info][gc,phases      ] GC(110)   Other: 0.2ms
[36.408s][info][gc,heap        ] GC(110) Eden regions: 605->0(565)
[36.408s][info][gc,heap        ] GC(110) Survivor regions: 32->72(80)
[36.408s][info][gc,heap        ] GC(110) Old regions: 24->24
[36.408s][info][gc,heap        ] GC(110) Archive regions: 0->0
[36.408s][info][gc,heap        ] GC(110) Humongous regions: 14->14
[36.408s][info][gc,metaspace   ] GC(110) Metaspace: 8609K(8832K)->8609K(8832K) NonClass: 7456K(7552K)->7456K(7552K) Class: 1153K(1280K)->1153K(1280K)
[36.408s][info][gc             ] GC(110) Pause Young (Normal) (G1 Evacuation Pause) 654M->88M(1063M) 20.537ms
[36.408s][info][gc,cpu         ] GC(110) User=0.39s Sys=0.00s Real=0.02s
[36.686s][info][gc,start       ] GC(111) Pause Full (System.gc())
[36.686s][info][gc,task        ] GC(111) Using 25 workers of 33 for full compaction
[36.687s][info][gc,phases,start] GC(111) Phase 1: Mark live objects
[36.693s][info][gc,phases      ] GC(111) Phase 1: Mark live objects 5.078ms
[36.693s][info][gc,phases,start] GC(111) Phase 2: Prepare compaction
[36.694s][info][gc,phases      ] GC(111) Phase 2: Prepare compaction 1.104ms
[36.694s][info][gc,phases,start] GC(111) Phase 3: Adjust pointers
[36.696s][info][gc,phases      ] GC(111) Phase 3: Adjust pointers 2.696ms
[36.696s][info][gc,phases,start] GC(111) Phase 4: Compact heap
[36.697s][info][gc,phases      ] GC(111) Phase 4: Compact heap 0.593ms
[36.703s][info][gc,heap        ] GC(111) Eden regions: 55->0(24)
[36.703s][info][gc,heap        ] GC(111) Survivor regions: 72->0(80)
[36.703s][info][gc,heap        ] GC(111) Old regions: 24->23
[36.703s][info][gc,heap        ] GC(111) Archive regions: 0->0
[36.703s][info][gc,heap        ] GC(111) Humongous regions: 22->0
[36.703s][info][gc,metaspace   ] GC(111) Metaspace: 8610K(8832K)->8610K(8832K) NonClass: 7456K(7552K)->7456K(7552K) Class: 1153K(1280K)->1153K(1280K)
[36.703s][info][gc             ] GC(111) Pause Full (System.gc()) 151M->3M(77M) 16.825ms
[36.703s][info][gc,cpu         ] GC(111) User=0.39s Sys=0.00s Real=0.02s
[36.719s][info][gc,start       ] GC(112) Pause Young (Normal) (G1 Evacuation Pause)
[36.719s][info][gc,task        ] GC(112) Using 13 workers of 33 for evacuation
[36.725s][info][gc,phases      ] GC(112)   Pre Evacuate Collection Set: 0.1ms
[36.725s][info][gc,phases      ] GC(112)   Merge Heap Roots: 0.1ms
[36.725s][info][gc,phases      ] GC(112)   Evacuate Collection Set: 0.3ms
[36.725s][info][gc,phases      ] GC(112)   Post Evacuate Collection Set: 4.8ms
[36.725s][info][gc,phases      ] GC(112)   Other: 0.1ms
[36.725s][info][gc,heap        ] GC(112) Eden regions: 24->0(634)
[36.725s][info][gc,heap        ] GC(112) Survivor regions: 0->3(3)
[36.725s][info][gc,heap        ] GC(112) Old regions: 23->24
[36.725s][info][gc,heap        ] GC(112) Archive regions: 0->0
[36.725s][info][gc,heap        ] GC(112) Humongous regions: 0->0
[36.725s][info][gc,metaspace   ] GC(112) Metaspace: 8611K(8832K)->8611K(8832K) NonClass: 7457K(7552K)->7457K(7552K) Class: 1153K(1280K)->1153K(1280K)
[36.725s][info][gc             ] GC(112) Pause Young (Normal) (G1 Evacuation Pause) 27M->6M(1063M) 5.858ms
[36.725s][info][gc,cpu         ] GC(112) User=0.02s Sys=0.00s Real=0.01s
[37.054s][info][gc,start       ] GC(113) Pause Young (Normal) (G1 Evacuation Pause)
[37.054s][info][gc,task        ] GC(113) Using 25 workers of 33 for evacuation
[37.057s][info][gc,phases      ] GC(113)   Pre Evacuate Collection Set: 0.2ms
[37.057s][info][gc,phases      ] GC(113)   Merge Heap Roots: 0.3ms
[37.057s][info][gc,phases      ] GC(113)   Evacuate Collection Set: 1.2ms
[37.057s][info][gc,phases      ] GC(113)   Post Evacuate Collection Set: 0.7ms
[37.057s][info][gc,phases      ] GC(113)   Other: 0.2ms
[37.057s][info][gc,heap        ] GC(113) Eden regions: 634->0(633)
[37.057s][info][gc,heap        ] GC(113) Survivor regions: 3->4(80)
[37.057s][info][gc,heap        ] GC(113) Old regions: 24->24
[37.057s][info][gc,heap        ] GC(113) Archive regions: 0->0
[37.057s][info][gc,heap        ] GC(113) Humongous regions: 0->0
[37.057s][info][gc,metaspace   ] GC(113) Metaspace: 8611K(8832K)->8611K(8832K) NonClass: 7457K(7552K)->7457K(7552K) Class: 1153K(1280K)->1153K(1280K)
[37.057s][info][gc             ] GC(113) Pause Young (Normal) (G1 Evacuation Pause) 640M->6M(1063M) 3.049ms
[37.057s][info][gc,cpu         ] GC(113) User=0.00s Sys=0.00s Real=0.00s
[37.402s][info][gc,start       ] GC(114) Pause Young (Normal) (G1 Evacuation Pause)
[37.402s][info][gc,task        ] GC(114) Using 25 workers of 33 for evacuation
[37.406s][info][gc,phases      ] GC(114)   Pre Evacuate Collection Set: 0.2ms
[37.406s][info][gc,phases      ] GC(114)   Merge Heap Roots: 0.2ms
[37.406s][info][gc,phases      ] GC(114)   Evacuate Collection Set: 2.8ms
[37.406s][info][gc,phases      ] GC(114)   Post Evacuate Collection Set: 0.7ms
[37.406s][info][gc,phases      ] GC(114)   Other: 0.2ms
[37.407s][info][gc,heap        ] GC(114) Eden regions: 633->0(627)
[37.407s][info][gc,heap        ] GC(114) Survivor regions: 4->10(80)
[37.407s][info][gc,heap        ] GC(114) Old regions: 24->24
[37.407s][info][gc,heap        ] GC(114) Archive regions: 0->0
[37.407s][info][gc,heap        ] GC(114) Humongous regions: 0->0
[37.407s][info][gc,metaspace   ] GC(114) Metaspace: 8611K(8832K)->8611K(8832K) NonClass: 7457K(7552K)->7457K(7552K) Class: 1153K(1280K)->1153K(1280K)
[37.407s][info][gc             ] GC(114) Pause Young (Normal) (G1 Evacuation Pause) 639M->13M(1063M) 4.648ms
[37.407s][info][gc,cpu         ] GC(114) User=0.39s Sys=0.00s Real=0.00s
[37.748s][info][gc,start       ] GC(115) Pause Young (Normal) (G1 Evacuation Pause)
[37.748s][info][gc,task        ] GC(115) Using 25 workers of 33 for evacuation
[37.752s][info][gc,phases      ] GC(115)   Pre Evacuate Collection Set: 0.2ms
[37.752s][info][gc,phases      ] GC(115)   Merge Heap Roots: 0.2ms
[37.752s][info][gc,phases      ] GC(115)   Evacuate Collection Set: 3.1ms
[37.752s][info][gc,phases      ] GC(115)   Post Evacuate Collection Set: 0.7ms
[37.752s][info][gc,phases      ] GC(115)   Other: 0.2ms
[37.752s][info][gc,heap        ] GC(115) Eden regions: 627->0(624)
[37.752s][info][gc,heap        ] GC(115) Survivor regions: 10->13(80)
[37.752s][info][gc,heap        ] GC(115) Old regions: 24->24
[37.752s][info][gc,heap        ] GC(115) Archive regions: 0->0
[37.752s][info][gc,heap        ] GC(115) Humongous regions: 0->0
[37.752s][info][gc,metaspace   ] GC(115) Metaspace: 8611K(8832K)->8611K(8832K) NonClass: 7457K(7552K)->7457K(7552K) Class: 1153K(1280K)->1153K(1280K)
[37.753s][info][gc             ] GC(115) Pause Young (Normal) (G1 Evacuation Pause) 640M->16M(1063M) 4.929ms
[37.753s][info][gc,cpu         ] GC(115) User=0.39s Sys=0.00s Real=0.00s
[38.106s][info][gc,start       ] GC(116) Pause Young (Normal) (G1 Evacuation Pause)
[38.136s][info][gc,task        ] GC(116) Using 25 workers of 33 for evacuation
[38.141s][info][gc,phases      ] GC(116)   Pre Evacuate Collection Set: 0.2ms
[38.141s][info][gc,phases      ] GC(116)   Merge Heap Roots: 0.3ms
[38.141s][info][gc,phases      ] GC(116)   Evacuate Collection Set: 3.8ms
[38.141s][info][gc,phases      ] GC(116)   Post Evacuate Collection Set: 0.7ms
[38.141s][info][gc,phases      ] GC(116)   Other: 0.2ms
[38.141s][info][gc,heap        ] GC(116) Eden regions: 624->0(622)
[38.141s][info][gc,heap        ] GC(116) Survivor regions: 13->15(80)
[38.141s][info][gc,heap        ] GC(116) Old regions: 24->24
[38.141s][info][gc,heap        ] GC(116) Archive regions: 0->0
[38.141s][info][gc,heap        ] GC(116) Humongous regions: 0->0
[38.141s][info][gc,metaspace   ] GC(116) Metaspace: 8611K(8832K)->8611K(8832K) NonClass: 7457K(7552K)->7457K(7552K) Class: 1153K(1280K)->1153K(1280K)
[38.141s][info][gc             ] GC(116) Pause Young (Normal) (G1 Evacuation Pause) 640M->18M(1063M) 34.989ms
[38.141s][info][gc,cpu         ] GC(116) User=0.38s Sys=0.02s Real=0.04s
[38.489s][info][gc,start       ] GC(117) Pause Young (Normal) (G1 Evacuation Pause)
[38.490s][info][gc,task        ] GC(117) Using 25 workers of 33 for evacuation
[38.495s][info][gc,phases      ] GC(117)   Pre Evacuate Collection Set: 0.2ms
[38.495s][info][gc,phases      ] GC(117)   Merge Heap Roots: 0.3ms
[38.495s][info][gc,phases      ] GC(117)   Evacuate Collection Set: 3.9ms
[38.495s][info][gc,phases      ] GC(117)   Post Evacuate Collection Set: 0.7ms
[38.495s][info][gc,phases      ] GC(117)   Other: 0.2ms
[38.495s][info][gc,heap        ] GC(117) Eden regions: 622->0(620)
[38.495s][info][gc,heap        ] GC(117) Survivor regions: 15->17(80)
[38.495s][info][gc,heap        ] GC(117) Old regions: 24->24
[38.495s][info][gc,heap        ] GC(117) Archive regions: 0->0
[38.495s][info][gc,heap        ] GC(117) Humongous regions: 0->0
[38.495s][info][gc,metaspace   ] GC(117) Metaspace: 8611K(8832K)->8611K(8832K) NonClass: 7457K(7552K)->7457K(7552K) Class: 1153K(1280K)->1153K(1280K)
[38.495s][info][gc             ] GC(117) Pause Young (Normal) (G1 Evacuation Pause) 640M->20M(1063M) 5.825ms
[38.495s][info][gc,cpu         ] GC(117) User=0.39s Sys=0.00s Real=0.01s
[38.873s][info][gc,start       ] GC(118) Pause Young (Normal) (G1 Evacuation Pause)
[38.873s][info][gc,task        ] GC(118) Using 25 workers of 33 for evacuation
[38.883s][info][gc,phases      ] GC(118)   Pre Evacuate Collection Set: 0.2ms
[38.883s][info][gc,phases      ] GC(118)   Merge Heap Roots: 0.3ms
[38.883s][info][gc,phases      ] GC(118)   Evacuate Collection Set: 8.3ms
[38.883s][info][gc,phases      ] GC(118)   Post Evacuate Collection Set: 0.7ms
[38.883s][info][gc,phases      ] GC(118)   Other: 0.2ms
[38.883s][info][gc,heap        ] GC(118) Eden regions: 620->0(607)
[38.883s][info][gc,heap        ] GC(118) Survivor regions: 17->30(80)
[38.883s][info][gc,heap        ] GC(118) Old regions: 24->24
[38.883s][info][gc,heap        ] GC(118) Archive regions: 0->0
[38.883s][info][gc,heap        ] GC(118) Humongous regions: 3->3
[38.883s][info][gc,metaspace   ] GC(118) Metaspace: 8611K(8832K)->8611K(8832K) NonClass: 7457K(7552K)->7457K(7552K) Class: 1153K(1280K)->1153K(1280K)
[38.883s][info][gc             ] GC(118) Pause Young (Normal) (G1 Evacuation Pause) 643M->36M(1063M) 10.242ms
[38.883s][info][gc,cpu         ] GC(118) User=0.39s Sys=0.00s Real=0.01s
[39.229s][info][gc,start       ] GC(119) Pause Young (Normal) (G1 Evacuation Pause)
[39.229s][info][gc,task        ] GC(119) Using 25 workers of 33 for evacuation
[39.238s][info][gc,phases      ] GC(119)   Pre Evacuate Collection Set: 0.2ms
[39.238s][info][gc,phases      ] GC(119)   Merge Heap Roots: 0.3ms
[39.238s][info][gc,phases      ] GC(119)   Evacuate Collection Set: 7.7ms
[39.238s][info][gc,phases      ] GC(119)   Post Evacuate Collection Set: 0.8ms
[39.238s][info][gc,phases      ] GC(119)   Other: 0.2ms
[39.238s][info][gc,heap        ] GC(119) Eden regions: 607->0(605)
[39.238s][info][gc,heap        ] GC(119) Survivor regions: 30->32(80)
[39.238s][info][gc,heap        ] GC(119) Old regions: 24->24
[39.238s][info][gc,heap        ] GC(119) Archive regions: 0->0
[39.238s][info][gc,heap        ] GC(119) Humongous regions: 3->3
[39.238s][info][gc,metaspace   ] GC(119) Metaspace: 8611K(8832K)->8611K(8832K) NonClass: 7457K(7552K)->7457K(7552K) Class: 1153K(1280K)->1153K(1280K)
[39.239s][info][gc             ] GC(119) Pause Young (Normal) (G1 Evacuation Pause) 643M->38M(1063M) 9.741ms
[39.239s][info][gc,cpu         ] GC(119) User=0.39s Sys=0.00s Real=0.01s
[39.585s][info][gc,start       ] GC(120) Pause Young (Normal) (G1 Evacuation Pause)
[39.590s][info][gc,task        ] GC(120) Using 25 workers of 33 for evacuation
[39.600s][info][gc,phases      ] GC(120)   Pre Evacuate Collection Set: 0.2ms
[39.600s][info][gc,phases      ] GC(120)   Merge Heap Roots: 0.3ms
[39.600s][info][gc,phases      ] GC(120)   Evacuate Collection Set: 8.2ms
[39.600s][info][gc,phases      ] GC(120)   Post Evacuate Collection Set: 0.8ms
[39.600s][info][gc,phases      ] GC(120)   Other: 0.2ms
[39.600s][info][gc,heap        ] GC(120) Eden regions: 605->0(603)
[39.600s][info][gc,heap        ] GC(120) Survivor regions: 32->34(80)
[39.600s][info][gc,heap        ] GC(120) Old regions: 24->24
[39.600s][info][gc,heap        ] GC(120) Archive regions: 0->0
[39.600s][info][gc,heap        ] GC(120) Humongous regions: 3->3
[39.600s][info][gc,metaspace   ] GC(120) Metaspace: 8611K(8832K)->8611K(8832K) NonClass: 7457K(7552K)->7457K(7552K) Class: 1153K(1280K)->1153K(1280K)
[39.600s][info][gc             ] GC(120) Pause Young (Normal) (G1 Evacuation Pause) 643M->40M(1063M) 14.863ms
[39.600s][info][gc,cpu         ] GC(120) User=0.39s Sys=0.00s Real=0.01s
[39.922s][info][gc,start       ] GC(121) Pause Young (Normal) (G1 Evacuation Pause)
[39.922s][info][gc,task        ] GC(121) Using 25 workers of 33 for evacuation
[39.932s][info][gc,phases      ] GC(121)   Pre Evacuate Collection Set: 0.2ms
[39.932s][info][gc,phases      ] GC(121)   Merge Heap Roots: 0.3ms
[39.933s][info][gc,phases      ] GC(121)   Evacuate Collection Set: 8.5ms
[39.933s][info][gc,phases      ] GC(121)   Post Evacuate Collection Set: 0.7ms
[39.933s][info][gc,phases      ] GC(121)   Other: 0.2ms
[39.933s][info][gc,heap        ] GC(121) Eden regions: 603->0(600)
[39.933s][info][gc,heap        ] GC(121) Survivor regions: 34->37(80)
[39.933s][info][gc,heap        ] GC(121) Old regions: 24->24
[39.933s][info][gc,heap        ] GC(121) Archive regions: 0->0
[39.933s][info][gc,heap        ] GC(121) Humongous regions: 3->3
[39.933s][info][gc,metaspace   ] GC(121) Metaspace: 8611K(8832K)->8611K(8832K) NonClass: 7457K(7552K)->7457K(7552K) Class: 1153K(1280K)->1153K(1280K)
[39.933s][info][gc             ] GC(121) Pause Young (Normal) (G1 Evacuation Pause) 643M->42M(1063M) 10.487ms
[39.933s][info][gc,cpu         ] GC(121) User=0.39s Sys=0.00s Real=0.02s
[40.259s][info][gc,start       ] GC(122) Pause Young (Normal) (G1 Evacuation Pause)
[40.259s][info][gc,task        ] GC(122) Using 25 workers of 33 for evacuation
[40.270s][info][gc,phases      ] GC(122)   Pre Evacuate Collection Set: 0.2ms
[40.270s][info][gc,phases      ] GC(122)   Merge Heap Roots: 0.3ms
[40.270s][info][gc,phases      ] GC(122)   Evacuate Collection Set: 9.4ms
[40.270s][info][gc,phases      ] GC(122)   Post Evacuate Collection Set: 0.7ms
[40.270s][info][gc,phases      ] GC(122)   Other: 0.2ms
[40.270s][info][gc,heap        ] GC(122) Eden regions: 600->0(597)
[40.270s][info][gc,heap        ] GC(122) Survivor regions: 37->40(80)
[40.270s][info][gc,heap        ] GC(122) Old regions: 24->24
[40.270s][info][gc,heap        ] GC(122) Archive regions: 0->0
[40.270s][info][gc,heap        ] GC(122) Humongous regions: 3->3
[40.270s][info][gc,metaspace   ] GC(122) Metaspace: 8611K(8832K)->8611K(8832K) NonClass: 7457K(7552K)->7457K(7552K) Class: 1153K(1280K)->1153K(1280K)
[40.270s][info][gc             ] GC(122) Pause Young (Normal) (G1 Evacuation Pause) 642M->46M(1063M) 11.254ms
[40.270s][info][gc,cpu         ] GC(122) User=0.39s Sys=0.00s Real=0.02s
[40.696s][info][gc,start       ] GC(123) Pause Full (System.gc())
[40.696s][info][gc,task        ] GC(123) Using 25 workers of 33 for full compaction
[40.697s][info][gc,phases,start] GC(123) Phase 1: Mark live objects
[40.702s][info][gc,phases      ] GC(123) Phase 1: Mark live objects 5.155ms
[40.702s][info][gc,phases,start] GC(123) Phase 2: Prepare compaction
[40.703s][info][gc,phases      ] GC(123) Phase 2: Prepare compaction 1.053ms
[40.703s][info][gc,phases,start] GC(123) Phase 3: Adjust pointers
[40.706s][info][gc,phases      ] GC(123) Phase 3: Adjust pointers 2.717ms
[40.706s][info][gc,phases,start] GC(123) Phase 4: Compact heap
[40.707s][info][gc,phases      ] GC(123) Phase 4: Compact heap 0.600ms
[40.712s][info][gc,heap        ] GC(123) Eden regions: 102->0(45)
[40.713s][info][gc,heap        ] GC(123) Survivor regions: 40->0(80)
[40.713s][info][gc,heap        ] GC(123) Old regions: 24->23
[40.713s][info][gc,heap        ] GC(123) Archive regions: 0->0
[40.713s][info][gc,heap        ] GC(123) Humongous regions: 22->0
[40.713s][info][gc,metaspace   ] GC(123) Metaspace: 8611K(8832K)->8611K(8832K) NonClass: 7457K(7552K)->7457K(7552K) Class: 1153K(1280K)->1153K(1280K)
[40.713s][info][gc             ] GC(123) Pause Full (System.gc()) 167M->3M(77M) 16.913ms
[40.713s][info][gc,cpu         ] GC(123) User=0.06s Sys=0.00s Real=0.02s
[40.739s][info][gc,start       ] GC(124) Pause Young (Normal) (G1 Evacuation Pause)
[40.740s][info][gc,task        ] GC(124) Using 13 workers of 33 for evacuation
[40.745s][info][gc,phases      ] GC(124)   Pre Evacuate Collection Set: 0.1ms
[40.745s][info][gc,phases      ] GC(124)   Merge Heap Roots: 0.1ms
[40.745s][info][gc,phases      ] GC(124)   Evacuate Collection Set: 0.4ms
[40.745s][info][gc,phases      ] GC(124)   Post Evacuate Collection Set: 4.9ms
[40.745s][info][gc,phases      ] GC(124)   Other: 0.1ms
[40.745s][info][gc,heap        ] GC(124) Eden regions: 45->0(632)
[40.745s][info][gc,heap        ] GC(124) Survivor regions: 0->5(6)
[40.745s][info][gc,heap        ] GC(124) Old regions: 23->23
[40.745s][info][gc,heap        ] GC(124) Archive regions: 0->0
[40.745s][info][gc,heap        ] GC(124) Humongous regions: 0->0
[40.745s][info][gc,metaspace   ] GC(124) Metaspace: 8612K(8832K)->8612K(8832K) NonClass: 7459K(7552K)->7459K(7552K) Class: 1153K(1280K)->1153K(1280K)
[40.746s][info][gc             ] GC(124) Pause Young (Normal) (G1 Evacuation Pause) 48M->7M(1063M) 6.040ms
[40.746s][info][gc,cpu         ] GC(124) User=0.00s Sys=0.00s Real=0.00s
[41.072s][info][gc,start       ] GC(125) Pause Young (Normal) (G1 Evacuation Pause)
[41.072s][info][gc,task        ] GC(125) Using 25 workers of 33 for evacuation
[41.074s][info][gc,phases      ] GC(125)   Pre Evacuate Collection Set: 0.2ms
[41.075s][info][gc,phases      ] GC(125)   Merge Heap Roots: 0.3ms
[41.075s][info][gc,phases      ] GC(125)   Evacuate Collection Set: 1.0ms
[41.075s][info][gc,phases      ] GC(125)   Post Evacuate Collection Set: 0.6ms
[41.075s][info][gc,phases      ] GC(125)   Other: 0.2ms
[41.075s][info][gc,heap        ] GC(125) Eden regions: 632->0(633)
[41.075s][info][gc,heap        ] GC(125) Survivor regions: 5->4(80)
[41.075s][info][gc,heap        ] GC(125) Old regions: 23->23
[41.075s][info][gc,heap        ] GC(125) Archive regions: 0->0
[41.075s][info][gc,heap        ] GC(125) Humongous regions: 0->0
[41.075s][info][gc,metaspace   ] GC(125) Metaspace: 8612K(8832K)->8612K(8832K) NonClass: 7459K(7552K)->7459K(7552K) Class: 1153K(1280K)->1153K(1280K)
[41.075s][info][gc             ] GC(125) Pause Young (Normal) (G1 Evacuation Pause) 639M->7M(1063M) 2.847ms
[41.075s][info][gc,cpu         ] GC(125) User=0.00s Sys=0.00s Real=0.00s
[41.418s][info][gc,start       ] GC(126) Pause Young (Normal) (G1 Evacuation Pause)
[41.419s][info][gc,task        ] GC(126) Using 25 workers of 33 for evacuation
[41.421s][info][gc,phases      ] GC(126)   Pre Evacuate Collection Set: 0.2ms
[41.421s][info][gc,phases      ] GC(126)   Merge Heap Roots: 0.2ms
[41.421s][info][gc,phases      ] GC(126)   Evacuate Collection Set: 1.6ms
[41.422s][info][gc,phases      ] GC(126)   Post Evacuate Collection Set: 0.7ms
[41.422s][info][gc,phases      ] GC(126)   Other: 0.2ms
[41.422s][info][gc,heap        ] GC(126) Eden regions: 633->0(631)
[41.422s][info][gc,heap        ] GC(126) Survivor regions: 4->6(80)
[41.422s][info][gc,heap        ] GC(126) Old regions: 23->23
[41.422s][info][gc,heap        ] GC(126) Archive regions: 0->0
[41.422s][info][gc,heap        ] GC(126) Humongous regions: 0->0
[41.422s][info][gc,metaspace   ] GC(126) Metaspace: 8612K(8832K)->8612K(8832K) NonClass: 7459K(7552K)->7459K(7552K) Class: 1153K(1280K)->1153K(1280K)
[41.422s][info][gc             ] GC(126) Pause Young (Normal) (G1 Evacuation Pause) 640M->8M(1063M) 3.409ms
[41.422s][info][gc,cpu         ] GC(126) User=0.20s Sys=0.03s Real=0.00s
[41.777s][info][gc,start       ] GC(127) Pause Young (Normal) (G1 Evacuation Pause)
[41.777s][info][gc,task        ] GC(127) Using 25 workers of 33 for evacuation
[41.780s][info][gc,phases      ] GC(127)   Pre Evacuate Collection Set: 0.2ms
[41.780s][info][gc,phases      ] GC(127)   Merge Heap Roots: 0.2ms
[41.780s][info][gc,phases      ] GC(127)   Evacuate Collection Set: 2.1ms
[41.780s][info][gc,phases      ] GC(127)   Post Evacuate Collection Set: 0.7ms
[41.780s][info][gc,phases      ] GC(127)   Other: 0.2ms
[41.781s][info][gc,heap        ] GC(127) Eden regions: 631->0(629)
[41.781s][info][gc,heap        ] GC(127) Survivor regions: 6->8(80)
[41.781s][info][gc,heap        ] GC(127) Old regions: 23->23
[41.781s][info][gc,heap        ] GC(127) Archive regions: 0->0
[41.781s][info][gc,heap        ] GC(127) Humongous regions: 0->0
[41.781s][info][gc,metaspace   ] GC(127) Metaspace: 8612K(8832K)->8612K(8832K) NonClass: 7459K(7552K)->7459K(7552K) Class: 1153K(1280K)->1153K(1280K)
[41.781s][info][gc             ] GC(127) Pause Young (Normal) (G1 Evacuation Pause) 639M->10M(1063M) 3.906ms
[41.781s][info][gc,cpu         ] GC(127) User=0.00s Sys=0.02s Real=0.00s
[42.123s][info][gc,start       ] GC(128) Pause Young (Normal) (G1 Evacuation Pause)
[42.123s][info][gc,task        ] GC(128) Using 25 workers of 33 for evacuation
[42.127s][info][gc,phases      ] GC(128)   Pre Evacuate Collection Set: 0.2ms
[42.127s][info][gc,phases      ] GC(128)   Merge Heap Roots: 0.3ms
[42.127s][info][gc,phases      ] GC(128)   Evacuate Collection Set: 2.5ms
[42.127s][info][gc,phases      ] GC(128)   Post Evacuate Collection Set: 0.7ms
[42.128s][info][gc,phases      ] GC(128)   Other: 0.2ms
[42.128s][info][gc,heap        ] GC(128) Eden regions: 629->0(627)
[42.128s][info][gc,heap        ] GC(128) Survivor regions: 8->10(80)
[42.128s][info][gc,heap        ] GC(128) Old regions: 23->23
[42.128s][info][gc,heap        ] GC(128) Archive regions: 0->0
[42.128s][info][gc,heap        ] GC(128) Humongous regions: 0->0
[42.128s][info][gc,metaspace   ] GC(128) Metaspace: 8612K(8832K)->8612K(8832K) NonClass: 7459K(7552K)->7459K(7552K) Class: 1153K(1280K)->1153K(1280K)
[42.128s][info][gc             ] GC(128) Pause Young (Normal) (G1 Evacuation Pause) 639M->12M(1063M) 4.418ms
[42.128s][info][gc,cpu         ] GC(128) User=0.09s Sys=0.05s Real=0.00s
[42.483s][info][gc,start       ] GC(129) Pause Young (Normal) (G1 Evacuation Pause)
[42.483s][info][gc,task        ] GC(129) Using 25 workers of 33 for evacuation
[42.487s][info][gc,phases      ] GC(129)   Pre Evacuate Collection Set: 0.2ms
[42.487s][info][gc,phases      ] GC(129)   Merge Heap Roots: 0.3ms
[42.487s][info][gc,phases      ] GC(129)   Evacuate Collection Set: 3.0ms
[42.487s][info][gc,phases      ] GC(129)   Post Evacuate Collection Set: 0.7ms
[42.488s][info][gc,phases      ] GC(129)   Other: 0.2ms
[42.488s][info][gc,heap        ] GC(129) Eden regions: 627->0(625)
[42.488s][info][gc,heap        ] GC(129) Survivor regions: 10->12(80)
[42.488s][info][gc,heap        ] GC(129) Old regions: 23->23
[42.488s][info][gc,heap        ] GC(129) Archive regions: 0->0
[42.488s][info][gc,heap        ] GC(129) Humongous regions: 0->0
[42.488s][info][gc,metaspace   ] GC(129) Metaspace: 8612K(8832K)->8612K(8832K) NonClass: 7459K(7552K)->7459K(7552K) Class: 1153K(1280K)->1153K(1280K)
[42.488s][info][gc             ] GC(129) Pause Young (Normal) (G1 Evacuation Pause) 639M->15M(1063M) 4.838ms
[42.488s][info][gc,cpu         ] GC(129) User=0.39s Sys=0.00s Real=0.00s
[42.864s][info][gc,start       ] GC(130) Pause Young (Normal) (G1 Evacuation Pause)
[42.864s][info][gc,task        ] GC(130) Using 25 workers of 33 for evacuation
[42.873s][info][gc,phases      ] GC(130)   Pre Evacuate Collection Set: 0.2ms
[42.873s][info][gc,phases      ] GC(130)   Merge Heap Roots: 0.2ms
[42.873s][info][gc,phases      ] GC(130)   Evacuate Collection Set: 7.5ms
[42.873s][info][gc,phases      ] GC(130)   Post Evacuate Collection Set: 0.7ms
[42.873s][info][gc,phases      ] GC(130)   Other: 0.2ms
[42.873s][info][gc,heap        ] GC(130) Eden regions: 625->0(613)
[42.873s][info][gc,heap        ] GC(130) Survivor regions: 12->24(80)
[42.873s][info][gc,heap        ] GC(130) Old regions: 23->23
[42.873s][info][gc,heap        ] GC(130) Archive regions: 0->0
[42.874s][info][gc,heap        ] GC(130) Humongous regions: 3->3
[42.874s][info][gc,metaspace   ] GC(130) Metaspace: 8612K(8832K)->8612K(8832K) NonClass: 7459K(7552K)->7459K(7552K) Class: 1153K(1280K)->1153K(1280K)
[42.874s][info][gc             ] GC(130) Pause Young (Normal) (G1 Evacuation Pause) 643M->30M(1063M) 9.462ms
[42.874s][info][gc,cpu         ] GC(130) User=0.39s Sys=0.00s Real=0.01s
[43.204s][info][gc,start       ] GC(131) Pause Young (Normal) (G1 Evacuation Pause)
[43.204s][info][gc,task        ] GC(131) Using 25 workers of 33 for evacuation
[43.212s][info][gc,phases      ] GC(131)   Pre Evacuate Collection Set: 0.2ms
[43.212s][info][gc,phases      ] GC(131)   Merge Heap Roots: 0.3ms
[43.212s][info][gc,phases      ] GC(131)   Evacuate Collection Set: 6.8ms
[43.212s][info][gc,phases      ] GC(131)   Post Evacuate Collection Set: 0.7ms
[43.212s][info][gc,phases      ] GC(131)   Other: 0.2ms
[43.212s][info][gc,heap        ] GC(131) Eden regions: 613->0(610)
[43.212s][info][gc,heap        ] GC(131) Survivor regions: 24->27(80)
[43.212s][info][gc,heap        ] GC(131) Old regions: 23->23
[43.212s][info][gc,heap        ] GC(131) Archive regions: 0->0
[43.212s][info][gc,heap        ] GC(131) Humongous regions: 3->3
[43.212s][info][gc,metaspace   ] GC(131) Metaspace: 8612K(8832K)->8612K(8832K) NonClass: 7459K(7552K)->7459K(7552K) Class: 1153K(1280K)->1153K(1280K)
[43.212s][info][gc             ] GC(131) Pause Young (Normal) (G1 Evacuation Pause) 643M->33M(1063M) 8.757ms
[43.212s][info][gc,cpu         ] GC(131) User=0.00s Sys=0.00s Real=0.01s
[43.542s][info][gc,start       ] GC(132) Pause Young (Normal) (G1 Evacuation Pause)
[43.542s][info][gc,task        ] GC(132) Using 25 workers of 33 for evacuation
[43.551s][info][gc,phases      ] GC(132)   Pre Evacuate Collection Set: 0.2ms
[43.551s][info][gc,phases      ] GC(132)   Merge Heap Roots: 0.3ms
[43.551s][info][gc,phases      ] GC(132)   Evacuate Collection Set: 7.3ms
[43.551s][info][gc,phases      ] GC(132)   Post Evacuate Collection Set: 0.7ms
[43.551s][info][gc,phases      ] GC(132)   Other: 0.2ms
[43.551s][info][gc,heap        ] GC(132) Eden regions: 610->0(608)
[43.551s][info][gc,heap        ] GC(132) Survivor regions: 27->29(80)
[43.551s][info][gc,heap        ] GC(132) Old regions: 23->23
[43.551s][info][gc,heap        ] GC(132) Archive regions: 0->0
[43.551s][info][gc,heap        ] GC(132) Humongous regions: 3->3
[43.551s][info][gc,metaspace   ] GC(132) Metaspace: 8612K(8832K)->8612K(8832K) NonClass: 7459K(7552K)->7459K(7552K) Class: 1153K(1280K)->1153K(1280K)
[43.551s][info][gc             ] GC(132) Pause Young (Normal) (G1 Evacuation Pause) 643M->35M(1063M) 9.292ms
[43.551s][info][gc,cpu         ] GC(132) User=0.39s Sys=0.00s Real=0.02s
[43.919s][info][gc,start       ] GC(133) Pause Young (Normal) (G1 Evacuation Pause)
[43.919s][info][gc,task        ] GC(133) Using 25 workers of 33 for evacuation
[43.928s][info][gc,phases      ] GC(133)   Pre Evacuate Collection Set: 0.2ms
[43.928s][info][gc,phases      ] GC(133)   Merge Heap Roots: 0.3ms
[43.928s][info][gc,phases      ] GC(133)   Evacuate Collection Set: 7.7ms
[43.928s][info][gc,phases      ] GC(133)   Post Evacuate Collection Set: 0.8ms
[43.928s][info][gc,phases      ] GC(133)   Other: 0.2ms
[43.928s][info][gc,heap        ] GC(133) Eden regions: 608->0(606)
[43.928s][info][gc,heap        ] GC(133) Survivor regions: 29->31(80)
[43.929s][info][gc,heap        ] GC(133) Old regions: 23->23
[43.929s][info][gc,heap        ] GC(133) Archive regions: 0->0
[43.929s][info][gc,heap        ] GC(133) Humongous regions: 3->3
[43.929s][info][gc,metaspace   ] GC(133) Metaspace: 8612K(8832K)->8612K(8832K) NonClass: 7459K(7552K)->7459K(7552K) Class: 1153K(1280K)->1153K(1280K)
[43.929s][info][gc             ] GC(133) Pause Young (Normal) (G1 Evacuation Pause) 643M->37M(1063M) 9.751ms
[43.929s][info][gc,cpu         ] GC(133) User=0.39s Sys=0.00s Real=0.01s
[44.419s][info][gc,start       ] GC(134) Pause Young (Normal) (G1 Evacuation Pause)
[44.419s][info][gc,task        ] GC(134) Using 25 workers of 33 for evacuation
[44.443s][info][gc,phases      ] GC(134)   Pre Evacuate Collection Set: 0.2ms
[44.443s][info][gc,phases      ] GC(134)   Merge Heap Roots: 0.4ms
[44.443s][info][gc,phases      ] GC(134)   Evacuate Collection Set: 23.0ms
[44.443s][info][gc,phases      ] GC(134)   Post Evacuate Collection Set: 0.6ms
[44.443s][info][gc,phases      ] GC(134)   Other: 0.2ms
[44.443s][info][gc,heap        ] GC(134) Eden regions: 606->0(557)
[44.443s][info][gc,heap        ] GC(134) Survivor regions: 31->80(80)
[44.444s][info][gc,heap        ] GC(134) Old regions: 23->24
[44.444s][info][gc,heap        ] GC(134) Archive regions: 0->0
[44.444s][info][gc,heap        ] GC(134) Humongous regions: 19->19
[44.444s][info][gc,metaspace   ] GC(134) Metaspace: 8612K(8832K)->8612K(8832K) NonClass: 7459K(7552K)->7459K(7552K) Class: 1153K(1280K)->1153K(1280K)
[44.444s][info][gc             ] GC(134) Pause Young (Normal) (G1 Evacuation Pause) 659M->103M(1063M) 24.808ms
[44.444s][info][gc,cpu         ] GC(134) User=0.78s Sys=0.00s Real=0.03s
[44.652s][info][gc,start       ] GC(135) Pause Full (System.gc())
[44.652s][info][gc,task        ] GC(135) Using 25 workers of 33 for full compaction
[44.654s][info][gc,phases,start] GC(135) Phase 1: Mark live objects
[44.659s][info][gc,phases      ] GC(135) Phase 1: Mark live objects 5.142ms
[44.659s][info][gc,phases,start] GC(135) Phase 2: Prepare compaction
[44.660s][info][gc,phases      ] GC(135) Phase 2: Prepare compaction 1.298ms
[44.660s][info][gc,phases,start] GC(135) Phase 3: Adjust pointers
[44.663s][info][gc,phases      ] GC(135) Phase 3: Adjust pointers 2.837ms
[44.663s][info][gc,phases,start] GC(135) Phase 4: Compact heap
[44.664s][info][gc,phases      ] GC(135) Phase 4: Compact heap 0.590ms
[44.669s][info][gc,heap        ] GC(135) Eden regions: 42->0(24)
[44.669s][info][gc,heap        ] GC(135) Survivor regions: 80->0(80)
[44.669s][info][gc,heap        ] GC(135) Old regions: 24->23
[44.669s][info][gc,heap        ] GC(135) Archive regions: 0->0
[44.669s][info][gc,heap        ] GC(135) Humongous regions: 22->0
[44.669s][info][gc,metaspace   ] GC(135) Metaspace: 8613K(8832K)->8613K(8832K) NonClass: 7459K(7552K)->7459K(7552K) Class: 1153K(1280K)->1153K(1280K)
[44.670s][info][gc             ] GC(135) Pause Full (System.gc()) 148M->3M(77M) 17.148ms
[44.670s][info][gc,cpu         ] GC(135) User=0.38s Sys=0.00s Real=0.02s
[44.685s][info][gc,start       ] GC(136) Pause Young (Normal) (G1 Evacuation Pause)
[44.685s][info][gc,task        ] GC(136) Using 13 workers of 33 for evacuation
[44.690s][info][gc,phases      ] GC(136)   Pre Evacuate Collection Set: 0.1ms
[44.690s][info][gc,phases      ] GC(136)   Merge Heap Roots: 0.1ms
[44.690s][info][gc,phases      ] GC(136)   Evacuate Collection Set: 0.3ms
[44.690s][info][gc,phases      ] GC(136)   Post Evacuate Collection Set: 4.7ms
[44.690s][info][gc,phases      ] GC(136)   Other: 0.1ms
[44.690s][info][gc,heap        ] GC(136) Eden regions: 24->0(634)
[44.690s][info][gc,heap        ] GC(136) Survivor regions: 0->3(3)
[44.690s][info][gc,heap        ] GC(136) Old regions: 23->24
[44.690s][info][gc,heap        ] GC(136) Archive regions: 0->0
[44.690s][info][gc,heap        ] GC(136) Humongous regions: 0->0
[44.690s][info][gc,metaspace   ] GC(136) Metaspace: 8614K(8832K)->8614K(8832K) NonClass: 7460K(7552K)->7460K(7552K) Class: 1153K(1280K)->1153K(1280K)
[44.690s][info][gc             ] GC(136) Pause Young (Normal) (G1 Evacuation Pause) 27M->6M(1063M) 5.714ms
[44.690s][info][gc,cpu         ] GC(136) User=0.02s Sys=0.00s Real=0.02s
[45.016s][info][gc,start       ] GC(137) Pause Young (Normal) (G1 Evacuation Pause)
[45.016s][info][gc,task        ] GC(137) Using 25 workers of 33 for evacuation
[45.019s][info][gc,phases      ] GC(137)   Pre Evacuate Collection Set: 0.2ms
[45.019s][info][gc,phases      ] GC(137)   Merge Heap Roots: 0.3ms
[45.019s][info][gc,phases      ] GC(137)   Evacuate Collection Set: 1.0ms
[45.019s][info][gc,phases      ] GC(137)   Post Evacuate Collection Set: 0.6ms
[45.019s][info][gc,phases      ] GC(137)   Other: 0.2ms
[45.019s][info][gc,heap        ] GC(137) Eden regions: 634->0(633)
[45.019s][info][gc,heap        ] GC(137) Survivor regions: 3->4(80)
[45.019s][info][gc,heap        ] GC(137) Old regions: 24->24
[45.019s][info][gc,heap        ] GC(137) Archive regions: 0->0
[45.019s][info][gc,heap        ] GC(137) Humongous regions: 0->0
[45.019s][info][gc,metaspace   ] GC(137) Metaspace: 8614K(8832K)->8614K(8832K) NonClass: 7460K(7552K)->7460K(7552K) Class: 1153K(1280K)->1153K(1280K)
[45.019s][info][gc             ] GC(137) Pause Young (Normal) (G1 Evacuation Pause) 640M->7M(1063M) 2.906ms
[45.019s][info][gc,cpu         ] GC(137) User=0.39s Sys=0.00s Real=0.02s
[45.392s][info][gc,start       ] GC(138) Pause Young (Normal) (G1 Evacuation Pause)
[45.392s][info][gc,task        ] GC(138) Using 25 workers of 33 for evacuation
[45.396s][info][gc,phases      ] GC(138)   Pre Evacuate Collection Set: 0.2ms
[45.396s][info][gc,phases      ] GC(138)   Merge Heap Roots: 0.3ms
[45.396s][info][gc,phases      ] GC(138)   Evacuate Collection Set: 2.7ms
[45.396s][info][gc,phases      ] GC(138)   Post Evacuate Collection Set: 0.7ms
[45.396s][info][gc,phases      ] GC(138)   Other: 0.2ms
[45.396s][info][gc,heap        ] GC(138) Eden regions: 633->0(627)
[45.396s][info][gc,heap        ] GC(138) Survivor regions: 4->10(80)
[45.396s][info][gc,heap        ] GC(138) Old regions: 24->24
[45.396s][info][gc,heap        ] GC(138) Archive regions: 0->0
[45.396s][info][gc,heap        ] GC(138) Humongous regions: 0->0
[45.396s][info][gc,metaspace   ] GC(138) Metaspace: 8614K(8832K)->8614K(8832K) NonClass: 7460K(7552K)->7460K(7552K) Class: 1153K(1280K)->1153K(1280K)
[45.396s][info][gc             ] GC(138) Pause Young (Normal) (G1 Evacuation Pause) 640M->13M(1063M) 4.574ms
[45.396s][info][gc,cpu         ] GC(138) User=0.00s Sys=0.00s Real=0.00s
[45.734s][info][gc,start       ] GC(139) Pause Young (Normal) (G1 Evacuation Pause)
[45.734s][info][gc,task        ] GC(139) Using 25 workers of 33 for evacuation
[45.738s][info][gc,phases      ] GC(139)   Pre Evacuate Collection Set: 0.2ms
[45.738s][info][gc,phases      ] GC(139)   Merge Heap Roots: 0.2ms
[45.738s][info][gc,phases      ] GC(139)   Evacuate Collection Set: 2.8ms
[45.738s][info][gc,phases      ] GC(139)   Post Evacuate Collection Set: 0.6ms
[45.738s][info][gc,phases      ] GC(139)   Other: 0.2ms
[45.738s][info][gc,heap        ] GC(139) Eden regions: 627->0(625)
[45.738s][info][gc,heap        ] GC(139) Survivor regions: 10->12(80)
[45.738s][info][gc,heap        ] GC(139) Old regions: 24->24
[45.738s][info][gc,heap        ] GC(139) Archive regions: 0->0
[45.738s][info][gc,heap        ] GC(139) Humongous regions: 0->0
[45.738s][info][gc,metaspace   ] GC(139) Metaspace: 8614K(8832K)->8614K(8832K) NonClass: 7460K(7552K)->7460K(7552K) Class: 1153K(1280K)->1153K(1280K)
[45.738s][info][gc             ] GC(139) Pause Young (Normal) (G1 Evacuation Pause) 640M->14M(1063M) 4.551ms
[45.738s][info][gc,cpu         ] GC(139) User=0.39s Sys=0.00s Real=0.01s
[46.087s][info][gc,start       ] GC(140) Pause Young (Normal) (G1 Evacuation Pause)
[46.087s][info][gc,task        ] GC(140) Using 25 workers of 33 for evacuation
[46.091s][info][gc,phases      ] GC(140)   Pre Evacuate Collection Set: 0.2ms
[46.092s][info][gc,phases      ] GC(140)   Merge Heap Roots: 0.3ms
[46.092s][info][gc,phases      ] GC(140)   Evacuate Collection Set: 3.4ms
[46.092s][info][gc,phases      ] GC(140)   Post Evacuate Collection Set: 0.7ms
[46.092s][info][gc,phases      ] GC(140)   Other: 0.2ms
[46.092s][info][gc,heap        ] GC(140) Eden regions: 625->0(623)
[46.092s][info][gc,heap        ] GC(140) Survivor regions: 12->14(80)
[46.092s][info][gc,heap        ] GC(140) Old regions: 24->24
[46.092s][info][gc,heap        ] GC(140) Archive regions: 0->0
[46.092s][info][gc,heap        ] GC(140) Humongous regions: 0->0
[46.092s][info][gc,metaspace   ] GC(140) Metaspace: 8614K(8832K)->8614K(8832K) NonClass: 7460K(7552K)->7460K(7552K) Class: 1153K(1280K)->1153K(1280K)
[46.092s][info][gc             ] GC(140) Pause Young (Normal) (G1 Evacuation Pause) 639M->17M(1063M) 5.265ms
[46.092s][info][gc,cpu         ] GC(140) User=0.00s Sys=0.00s Real=0.00s
[46.412s][info][gc,start       ] GC(141) Pause Young (Normal) (G1 Evacuation Pause)
[46.412s][info][gc,task        ] GC(141) Using 25 workers of 33 for evacuation
[46.417s][info][gc,phases      ] GC(141)   Pre Evacuate Collection Set: 0.2ms
[46.417s][info][gc,phases      ] GC(141)   Merge Heap Roots: 0.3ms
[46.417s][info][gc,phases      ] GC(141)   Evacuate Collection Set: 3.8ms
[46.417s][info][gc,phases      ] GC(141)   Post Evacuate Collection Set: 0.7ms
[46.417s][info][gc,phases      ] GC(141)   Other: 0.2ms
[46.417s][info][gc,heap        ] GC(141) Eden regions: 623->0(620)
[46.417s][info][gc,heap        ] GC(141) Survivor regions: 14->17(80)
[46.417s][info][gc,heap        ] GC(141) Old regions: 24->24
[46.417s][info][gc,heap        ] GC(141) Archive regions: 0->0
[46.417s][info][gc,heap        ] GC(141) Humongous regions: 0->0
[46.417s][info][gc,metaspace   ] GC(141) Metaspace: 8614K(8832K)->8614K(8832K) NonClass: 7460K(7552K)->7460K(7552K) Class: 1153K(1280K)->1153K(1280K)
[46.417s][info][gc             ] GC(141) Pause Young (Normal) (G1 Evacuation Pause) 640M->19M(1063M) 5.700ms
[46.417s][info][gc,cpu         ] GC(141) User=0.00s Sys=0.00s Real=0.00s
[46.823s][info][gc,start       ] GC(142) Pause Young (Normal) (G1 Evacuation Pause)
[46.858s][info][gc,task        ] GC(142) Using 25 workers of 33 for evacuation
[46.869s][info][gc,phases      ] GC(142)   Pre Evacuate Collection Set: 0.2ms
[46.869s][info][gc,phases      ] GC(142)   Merge Heap Roots: 0.3ms
[46.869s][info][gc,phases      ] GC(142)   Evacuate Collection Set: 9.2ms
[46.869s][info][gc,phases      ] GC(142)   Post Evacuate Collection Set: 0.8ms
[46.869s][info][gc,phases      ] GC(142)   Other: 0.2ms
[46.869s][info][gc,heap        ] GC(142) Eden regions: 620->0(608)
[46.869s][info][gc,heap        ] GC(142) Survivor regions: 17->29(80)
[46.869s][info][gc,heap        ] GC(142) Old regions: 24->24
[46.869s][info][gc,heap        ] GC(142) Archive regions: 0->0
[46.869s][info][gc,heap        ] GC(142) Humongous regions: 3->3
[46.870s][info][gc,metaspace   ] GC(142) Metaspace: 8614K(8832K)->8614K(8832K) NonClass: 7460K(7552K)->7460K(7552K) Class: 1153K(1280K)->1153K(1280K)
[46.870s][info][gc             ] GC(142) Pause Young (Normal) (G1 Evacuation Pause) 642M->35M(1063M) 46.704ms
[46.870s][info][gc,cpu         ] GC(142) User=0.27s Sys=0.05s Real=0.05s
[47.192s][info][gc,start       ] GC(143) Pause Young (Normal) (G1 Evacuation Pause)
[47.193s][info][gc,task        ] GC(143) Using 25 workers of 33 for evacuation
[47.201s][info][gc,phases      ] GC(143)   Pre Evacuate Collection Set: 0.2ms
[47.201s][info][gc,phases      ] GC(143)   Merge Heap Roots: 0.2ms
[47.201s][info][gc,phases      ] GC(143)   Evacuate Collection Set: 7.0ms
[47.201s][info][gc,phases      ] GC(143)   Post Evacuate Collection Set: 0.7ms
[47.201s][info][gc,phases      ] GC(143)   Other: 0.2ms
[47.201s][info][gc,heap        ] GC(143) Eden regions: 608->0(606)
[47.201s][info][gc,heap        ] GC(143) Survivor regions: 29->31(80)
[47.201s][info][gc,heap        ] GC(143) Old regions: 24->24
[47.201s][info][gc,heap        ] GC(143) Archive regions: 0->0
[47.201s][info][gc,heap        ] GC(143) Humongous regions: 3->3
[47.201s][info][gc,metaspace   ] GC(143) Metaspace: 8614K(8832K)->8614K(8832K) NonClass: 7460K(7552K)->7460K(7552K) Class: 1153K(1280K)->1153K(1280K)
[47.201s][info][gc             ] GC(143) Pause Young (Normal) (G1 Evacuation Pause) 643M->37M(1063M) 8.881ms
[47.201s][info][gc,cpu         ] GC(143) User=0.00s Sys=0.00s Real=0.01s
[47.531s][info][gc,start       ] GC(144) Pause Young (Normal) (G1 Evacuation Pause)
[47.531s][info][gc,task        ] GC(144) Using 25 workers of 33 for evacuation
[47.541s][info][gc,phases      ] GC(144)   Pre Evacuate Collection Set: 0.2ms
[47.541s][info][gc,phases      ] GC(144)   Merge Heap Roots: 0.3ms
[47.541s][info][gc,phases      ] GC(144)   Evacuate Collection Set: 8.1ms
[47.541s][info][gc,phases      ] GC(144)   Post Evacuate Collection Set: 0.7ms
[47.541s][info][gc,phases      ] GC(144)   Other: 0.2ms
[47.541s][info][gc,heap        ] GC(144) Eden regions: 606->0(603)
[47.541s][info][gc,heap        ] GC(144) Survivor regions: 31->34(80)
[47.541s][info][gc,heap        ] GC(144) Old regions: 24->24
[47.541s][info][gc,heap        ] GC(144) Archive regions: 0->0
[47.541s][info][gc,heap        ] GC(144) Humongous regions: 3->3
[47.541s][info][gc,metaspace   ] GC(144) Metaspace: 8614K(8832K)->8614K(8832K) NonClass: 7460K(7552K)->7460K(7552K) Class: 1153K(1280K)->1153K(1280K)
[47.541s][info][gc             ] GC(144) Pause Young (Normal) (G1 Evacuation Pause) 643M->39M(1063M) 10.032ms
[47.541s][info][gc,cpu         ] GC(144) User=0.00s Sys=0.00s Real=0.00s
[47.866s][info][gc,start       ] GC(145) Pause Young (Normal) (G1 Evacuation Pause)
[47.866s][info][gc,task        ] GC(145) Using 25 workers of 33 for evacuation
[47.876s][info][gc,phases      ] GC(145)   Pre Evacuate Collection Set: 0.2ms
[47.876s][info][gc,phases      ] GC(145)   Merge Heap Roots: 0.2ms
[47.876s][info][gc,phases      ] GC(145)   Evacuate Collection Set: 8.3ms
[47.876s][info][gc,phases      ] GC(145)   Post Evacuate Collection Set: 0.7ms
[47.876s][info][gc,phases      ] GC(145)   Other: 0.2ms
[47.876s][info][gc,heap        ] GC(145) Eden regions: 603->0(602)
[47.876s][info][gc,heap        ] GC(145) Survivor regions: 34->35(80)
[47.876s][info][gc,heap        ] GC(145) Old regions: 24->24
[47.876s][info][gc,heap        ] GC(145) Archive regions: 0->0
[47.876s][info][gc,heap        ] GC(145) Humongous regions: 3->3
[47.876s][info][gc,metaspace   ] GC(145) Metaspace: 8614K(8832K)->8614K(8832K) NonClass: 7460K(7552K)->7460K(7552K) Class: 1153K(1280K)->1153K(1280K)
[47.876s][info][gc             ] GC(145) Pause Young (Normal) (G1 Evacuation Pause) 642M->41M(1063M) 10.093ms
[47.876s][info][gc,cpu         ] GC(145) User=0.39s Sys=0.00s Real=0.02s
[48.207s][info][gc,start       ] GC(146) Pause Young (Normal) (G1 Evacuation Pause)
[48.207s][info][gc,task        ] GC(146) Using 25 workers of 33 for evacuation
[48.217s][info][gc,phases      ] GC(146)   Pre Evacuate Collection Set: 0.2ms
[48.217s][info][gc,phases      ] GC(146)   Merge Heap Roots: 0.3ms
[48.217s][info][gc,phases      ] GC(146)   Evacuate Collection Set: 9.2ms
[48.218s][info][gc,phases      ] GC(146)   Post Evacuate Collection Set: 0.7ms
[48.218s][info][gc,phases      ] GC(146)   Other: 0.2ms
[48.218s][info][gc,heap        ] GC(146) Eden regions: 602->0(597)
[48.218s][info][gc,heap        ] GC(146) Survivor regions: 35->40(80)
[48.218s][info][gc,heap        ] GC(146) Old regions: 24->24
[48.218s][info][gc,heap        ] GC(146) Archive regions: 0->0
[48.218s][info][gc,heap        ] GC(146) Humongous regions: 3->3
[48.218s][info][gc,metaspace   ] GC(146) Metaspace: 8614K(8832K)->8614K(8832K) NonClass: 7460K(7552K)->7460K(7552K) Class: 1153K(1280K)->1153K(1280K)
[48.218s][info][gc             ] GC(146) Pause Young (Normal) (G1 Evacuation Pause) 643M->45M(1063M) 11.022ms
[48.218s][info][gc,cpu         ] GC(146) User=0.39s Sys=0.00s Real=0.01s
[48.620s][info][gc,start       ] GC(147) Pause Full (System.gc())
[48.621s][info][gc,task        ] GC(147) Using 25 workers of 33 for full compaction
[48.622s][info][gc,phases,start] GC(147) Phase 1: Mark live objects
[48.627s][info][gc,phases      ] GC(147) Phase 1: Mark live objects 5.183ms
[48.627s][info][gc,phases,start] GC(147) Phase 2: Prepare compaction
[48.628s][info][gc,phases      ] GC(147) Phase 2: Prepare compaction 1.033ms
[48.628s][info][gc,phases,start] GC(147) Phase 3: Adjust pointers
[48.631s][info][gc,phases      ] GC(147) Phase 3: Adjust pointers 2.668ms
[48.631s][info][gc,phases,start] GC(147) Phase 4: Compact heap
[48.631s][info][gc,phases      ] GC(147) Phase 4: Compact heap 0.594ms
[48.637s][info][gc,heap        ] GC(147) Eden regions: 96->0(43)
[48.637s][info][gc,heap        ] GC(147) Survivor regions: 40->0(80)
[48.637s][info][gc,heap        ] GC(147) Old regions: 24->23
[48.637s][info][gc,heap        ] GC(147) Archive regions: 0->0
[48.637s][info][gc,heap        ] GC(147) Humongous regions: 22->0
[48.637s][info][gc,metaspace   ] GC(147) Metaspace: 8614K(8832K)->8614K(8832K) NonClass: 7460K(7552K)->7460K(7552K) Class: 1153K(1280K)->1153K(1280K)
[48.637s][info][gc             ] GC(147) Pause Full (System.gc()) 160M->3M(77M) 16.804ms
[48.637s][info][gc,cpu         ] GC(147) User=0.02s Sys=0.02s Real=0.02s
[48.662s][info][gc,start       ] GC(148) Pause Young (Normal) (G1 Evacuation Pause)
[48.662s][info][gc,task        ] GC(148) Using 13 workers of 33 for evacuation
[48.667s][info][gc,phases      ] GC(148)   Pre Evacuate Collection Set: 0.1ms
[48.667s][info][gc,phases      ] GC(148)   Merge Heap Roots: 0.1ms
[48.667s][info][gc,phases      ] GC(148)   Evacuate Collection Set: 0.3ms
[48.667s][info][gc,phases      ] GC(148)   Post Evacuate Collection Set: 4.7ms
[48.667s][info][gc,phases      ] GC(148)   Other: 0.1ms
[48.667s][info][gc,heap        ] GC(148) Eden regions: 43->0(631)
[48.667s][info][gc,heap        ] GC(148) Survivor regions: 0->6(6)
[48.667s][info][gc,heap        ] GC(148) Old regions: 23->24
[48.667s][info][gc,heap        ] GC(148) Archive regions: 0->0
[48.667s][info][gc,heap        ] GC(148) Humongous regions: 0->0
[48.667s][info][gc,metaspace   ] GC(148) Metaspace: 8625K(8896K)->8625K(8896K) NonClass: 7471K(7616K)->7471K(7616K) Class: 1153K(1280K)->1153K(1280K)
[48.667s][info][gc             ] GC(148) Pause Young (Normal) (G1 Evacuation Pause) 46M->9M(1063M) 5.665ms
[48.667s][info][gc,cpu         ] GC(148) User=0.02s Sys=0.00s Real=0.01s
[48.994s][info][gc,start       ] GC(149) Pause Young (Normal) (G1 Evacuation Pause)
[48.994s][info][gc,task        ] GC(149) Using 25 workers of 33 for evacuation
[48.997s][info][gc,phases      ] GC(149)   Pre Evacuate Collection Set: 0.2ms
[48.997s][info][gc,phases      ] GC(149)   Merge Heap Roots: 0.3ms
[48.997s][info][gc,phases      ] GC(149)   Evacuate Collection Set: 1.1ms
[48.997s][info][gc,phases      ] GC(149)   Post Evacuate Collection Set: 0.6ms
[48.997s][info][gc,phases      ] GC(149)   Other: 0.2ms
[48.997s][info][gc,heap        ] GC(149) Eden regions: 631->0(633)
[48.997s][info][gc,heap        ] GC(149) Survivor regions: 6->4(80)
[48.997s][info][gc,heap        ] GC(149) Old regions: 24->24
[48.997s][info][gc,heap        ] GC(149) Archive regions: 0->0
[48.997s][info][gc,heap        ] GC(149) Humongous regions: 0->0
[48.997s][info][gc,metaspace   ] GC(149) Metaspace: 8625K(8896K)->8625K(8896K) NonClass: 7471K(7616K)->7471K(7616K) Class: 1153K(1280K)->1153K(1280K)
[48.997s][info][gc             ] GC(149) Pause Young (Normal) (G1 Evacuation Pause) 640M->7M(1063M) 2.926ms
[48.997s][info][gc,cpu         ] GC(149) User=0.00s Sys=0.00s Real=0.00s
[49.340s][info][gc,start       ] GC(150) Pause Young (Normal) (G1 Evacuation Pause)
[49.340s][info][gc,task        ] GC(150) Using 25 workers of 33 for evacuation
[49.343s][info][gc,phases      ] GC(150)   Pre Evacuate Collection Set: 0.2ms
[49.343s][info][gc,phases      ] GC(150)   Merge Heap Roots: 0.3ms
[49.343s][info][gc,phases      ] GC(150)   Evacuate Collection Set: 1.6ms
[49.343s][info][gc,phases      ] GC(150)   Post Evacuate Collection Set: 0.7ms
[49.343s][info][gc,phases      ] GC(150)   Other: 0.2ms
[49.343s][info][gc,heap        ] GC(150) Eden regions: 633->0(631)
[49.343s][info][gc,heap        ] GC(150) Survivor regions: 4->6(80)
[49.343s][info][gc,heap        ] GC(150) Old regions: 24->24
[49.343s][info][gc,heap        ] GC(150) Archive regions: 0->0
[49.343s][info][gc,heap        ] GC(150) Humongous regions: 0->0
[49.343s][info][gc,metaspace   ] GC(150) Metaspace: 8625K(8896K)->8625K(8896K) NonClass: 7471K(7616K)->7471K(7616K) Class: 1153K(1280K)->1153K(1280K)
[49.343s][info][gc             ] GC(150) Pause Young (Normal) (G1 Evacuation Pause) 640M->8M(1063M) 3.414ms
[49.343s][info][gc,cpu         ] GC(150) User=0.02s Sys=0.00s Real=0.00s
[49.687s][info][gc,start       ] GC(151) Pause Young (Normal) (G1 Evacuation Pause)
[49.687s][info][gc,task        ] GC(151) Using 25 workers of 33 for evacuation
[49.690s][info][gc,phases      ] GC(151)   Pre Evacuate Collection Set: 0.2ms
[49.690s][info][gc,phases      ] GC(151)   Merge Heap Roots: 0.2ms
[49.690s][info][gc,phases      ] GC(151)   Evacuate Collection Set: 1.8ms
[49.690s][info][gc,phases      ] GC(151)   Post Evacuate Collection Set: 0.6ms
[49.690s][info][gc,phases      ] GC(151)   Other: 0.2ms
[49.690s][info][gc,heap        ] GC(151) Eden regions: 631->0(629)
[49.690s][info][gc,heap        ] GC(151) Survivor regions: 6->8(80)
[49.691s][info][gc,heap        ] GC(151) Old regions: 24->24
[49.691s][info][gc,heap        ] GC(151) Archive regions: 0->0
[49.691s][info][gc,heap        ] GC(151) Humongous regions: 0->0
[49.691s][info][gc,metaspace   ] GC(151) Metaspace: 8625K(8896K)->8625K(8896K) NonClass: 7471K(7616K)->7471K(7616K) Class: 1153K(1280K)->1153K(1280K)
[49.691s][info][gc             ] GC(151) Pause Young (Normal) (G1 Evacuation Pause) 639M->10M(1063M) 3.566ms
[49.691s][info][gc,cpu         ] GC(151) User=0.00s Sys=0.00s Real=0.00s
[50.043s][info][gc,start       ] GC(152) Pause Young (Normal) (G1 Evacuation Pause)
[50.043s][info][gc,task        ] GC(152) Using 25 workers of 33 for evacuation
[50.047s][info][gc,phases      ] GC(152)   Pre Evacuate Collection Set: 0.2ms
[50.047s][info][gc,phases      ] GC(152)   Merge Heap Roots: 0.3ms
[50.047s][info][gc,phases      ] GC(152)   Evacuate Collection Set: 2.5ms
[50.047s][info][gc,phases      ] GC(152)   Post Evacuate Collection Set: 0.7ms
[50.047s][info][gc,phases      ] GC(152)   Other: 0.2ms
[50.047s][info][gc,heap        ] GC(152) Eden regions: 629->0(627)
[50.047s][info][gc,heap        ] GC(152) Survivor regions: 8->10(80)
[50.047s][info][gc,heap        ] GC(152) Old regions: 24->24
[50.047s][info][gc,heap        ] GC(152) Archive regions: 0->0
[50.047s][info][gc,heap        ] GC(152) Humongous regions: 0->0
[50.047s][info][gc,metaspace   ] GC(152) Metaspace: 8625K(8896K)->8625K(8896K) NonClass: 7471K(7616K)->7471K(7616K) Class: 1153K(1280K)->1153K(1280K)
[50.047s][info][gc             ] GC(152) Pause Young (Normal) (G1 Evacuation Pause) 639M->12M(1063M) 4.288ms
[50.047s][info][gc,cpu         ] GC(152) User=0.00s Sys=0.00s Real=0.00s
[50.369s][info][gc,start       ] GC(153) Pause Young (Normal) (G1 Evacuation Pause)
[50.370s][info][gc,task        ] GC(153) Using 25 workers of 33 for evacuation
[50.374s][info][gc,phases      ] GC(153)   Pre Evacuate Collection Set: 0.2ms
[50.374s][info][gc,phases      ] GC(153)   Merge Heap Roots: 0.3ms
[50.374s][info][gc,phases      ] GC(153)   Evacuate Collection Set: 2.9ms
[50.374s][info][gc,phases      ] GC(153)   Post Evacuate Collection Set: 0.7ms
[50.374s][info][gc,phases      ] GC(153)   Other: 0.2ms
[50.374s][info][gc,heap        ] GC(153) Eden regions: 627->0(625)
[50.374s][info][gc,heap        ] GC(153) Survivor regions: 10->12(80)
[50.374s][info][gc,heap        ] GC(153) Old regions: 24->24
[50.374s][info][gc,heap        ] GC(153) Archive regions: 0->0
[50.374s][info][gc,heap        ] GC(153) Humongous regions: 0->0
[50.374s][info][gc,metaspace   ] GC(153) Metaspace: 8625K(8896K)->8625K(8896K) NonClass: 7471K(7616K)->7471K(7616K) Class: 1153K(1280K)->1153K(1280K)
[50.374s][info][gc             ] GC(153) Pause Young (Normal) (G1 Evacuation Pause) 639M->15M(1063M) 4.763ms
[50.374s][info][gc,cpu         ] GC(153) User=0.00s Sys=0.00s Real=0.00s
[50.748s][info][gc,start       ] GC(154) Pause Young (Normal) (G1 Evacuation Pause)
[50.748s][info][gc,task        ] GC(154) Using 25 workers of 33 for evacuation
[50.757s][info][gc,phases      ] GC(154)   Pre Evacuate Collection Set: 0.2ms
[50.757s][info][gc,phases      ] GC(154)   Merge Heap Roots: 0.3ms
[50.757s][info][gc,phases      ] GC(154)   Evacuate Collection Set: 6.9ms
[50.757s][info][gc,phases      ] GC(154)   Post Evacuate Collection Set: 0.7ms
[50.757s][info][gc,phases      ] GC(154)   Other: 0.2ms
[50.757s][info][gc,heap        ] GC(154) Eden regions: 625->0(612)
[50.757s][info][gc,heap        ] GC(154) Survivor regions: 12->25(80)
[50.757s][info][gc,heap        ] GC(154) Old regions: 24->24
[50.757s][info][gc,heap        ] GC(154) Archive regions: 0->0
[50.757s][info][gc,heap        ] GC(154) Humongous regions: 3->3
[50.757s][info][gc,metaspace   ] GC(154) Metaspace: 8625K(8896K)->8625K(8896K) NonClass: 7471K(7616K)->7471K(7616K) Class: 1153K(1280K)->1153K(1280K)
[50.757s][info][gc             ] GC(154) Pause Young (Normal) (G1 Evacuation Pause) 643M->30M(1063M) 8.828ms
[50.757s][info][gc,cpu         ] GC(154) User=0.39s Sys=0.00s Real=0.02s
[51.072s][info][gc,start       ] GC(155) Pause Young (Normal) (G1 Evacuation Pause)
[51.072s][info][gc,task        ] GC(155) Using 25 workers of 33 for evacuation
[51.080s][info][gc,phases      ] GC(155)   Pre Evacuate Collection Set: 0.2ms
[51.080s][info][gc,phases      ] GC(155)   Merge Heap Roots: 0.2ms
[51.080s][info][gc,phases      ] GC(155)   Evacuate Collection Set: 6.7ms
[51.080s][info][gc,phases      ] GC(155)   Post Evacuate Collection Set: 0.7ms
[51.080s][info][gc,phases      ] GC(155)   Other: 0.2ms
[51.081s][info][gc,heap        ] GC(155) Eden regions: 612->0(610)
[51.081s][info][gc,heap        ] GC(155) Survivor regions: 25->27(80)
[51.081s][info][gc,heap        ] GC(155) Old regions: 24->24
[51.081s][info][gc,heap        ] GC(155) Archive regions: 0->0
[51.081s][info][gc,heap        ] GC(155) Humongous regions: 3->3
[51.081s][info][gc,metaspace   ] GC(155) Metaspace: 8625K(8896K)->8625K(8896K) NonClass: 7471K(7616K)->7471K(7616K) Class: 1153K(1280K)->1153K(1280K)
[51.081s][info][gc             ] GC(155) Pause Young (Normal) (G1 Evacuation Pause) 642M->32M(1063M) 8.558ms
[51.081s][info][gc,cpu         ] GC(155) User=0.39s Sys=0.00s Real=0.02s
[51.410s][info][gc,start       ] GC(156) Pause Young (Normal) (G1 Evacuation Pause)
[51.410s][info][gc,task        ] GC(156) Using 25 workers of 33 for evacuation
[51.419s][info][gc,phases      ] GC(156)   Pre Evacuate Collection Set: 0.2ms
[51.419s][info][gc,phases      ] GC(156)   Merge Heap Roots: 0.2ms
[51.419s][info][gc,phases      ] GC(156)   Evacuate Collection Set: 7.2ms
[51.419s][info][gc,phases      ] GC(156)   Post Evacuate Collection Set: 0.7ms
[51.419s][info][gc,phases      ] GC(156)   Other: 0.2ms
[51.419s][info][gc,heap        ] GC(156) Eden regions: 610->0(608)
[51.419s][info][gc,heap        ] GC(156) Survivor regions: 27->29(80)
[51.419s][info][gc,heap        ] GC(156) Old regions: 24->24
[51.419s][info][gc,heap        ] GC(156) Archive regions: 0->0
[51.419s][info][gc,heap        ] GC(156) Humongous regions: 3->3
[51.419s][info][gc,metaspace   ] GC(156) Metaspace: 8625K(8896K)->8625K(8896K) NonClass: 7471K(7616K)->7471K(7616K) Class: 1153K(1280K)->1153K(1280K)
[51.419s][info][gc             ] GC(156) Pause Young (Normal) (G1 Evacuation Pause) 642M->35M(1063M) 9.017ms
[51.419s][info][gc,cpu         ] GC(156) User=0.00s Sys=0.00s Real=0.00s
[51.747s][info][gc,start       ] GC(157) Pause Young (Normal) (G1 Evacuation Pause)
[51.748s][info][gc,task        ] GC(157) Using 25 workers of 33 for evacuation
[51.756s][info][gc,phases      ] GC(157)   Pre Evacuate Collection Set: 0.2ms
[51.756s][info][gc,phases      ] GC(157)   Merge Heap Roots: 0.2ms
[51.756s][info][gc,phases      ] GC(157)   Evacuate Collection Set: 7.5ms
[51.756s][info][gc,phases      ] GC(157)   Post Evacuate Collection Set: 0.7ms
[51.757s][info][gc,phases      ] GC(157)   Other: 0.2ms
[51.757s][info][gc,heap        ] GC(157) Eden regions: 608->0(605)
[51.757s][info][gc,heap        ] GC(157) Survivor regions: 29->32(80)
[51.757s][info][gc,heap        ] GC(157) Old regions: 24->24
[51.757s][info][gc,heap        ] GC(157) Archive regions: 0->0
[51.757s][info][gc,heap        ] GC(157) Humongous regions: 3->3
[51.757s][info][gc,metaspace   ] GC(157) Metaspace: 8625K(8896K)->8625K(8896K) NonClass: 7471K(7616K)->7471K(7616K) Class: 1153K(1280K)->1153K(1280K)
[51.757s][info][gc             ] GC(157) Pause Young (Normal) (G1 Evacuation Pause) 643M->37M(1063M) 9.387ms
[51.757s][info][gc,cpu         ] GC(157) User=0.39s Sys=0.00s Real=0.02s
[52.205s][info][gc,start       ] GC(158) Pause Young (Normal) (G1 Evacuation Pause)
[52.205s][info][gc,task        ] GC(158) Using 25 workers of 33 for evacuation
[52.227s][info][gc,phases      ] GC(158)   Pre Evacuate Collection Set: 0.2ms
[52.227s][info][gc,phases      ] GC(158)   Merge Heap Roots: 0.4ms
[52.227s][info][gc,phases      ] GC(158)   Evacuate Collection Set: 20.6ms
[52.227s][info][gc,phases      ] GC(158)   Post Evacuate Collection Set: 0.5ms
[52.227s][info][gc,phases      ] GC(158)   Other: 0.2ms
[52.227s][info][gc,heap        ] GC(158) Eden regions: 605->0(558)
[52.227s][info][gc,heap        ] GC(158) Survivor regions: 32->79(80)
[52.227s][info][gc,heap        ] GC(158) Old regions: 24->24
[52.227s][info][gc,heap        ] GC(158) Archive regions: 0->0
[52.227s][info][gc,heap        ] GC(158) Humongous regions: 16->16
[52.227s][info][gc,metaspace   ] GC(158) Metaspace: 8625K(8896K)->8625K(8896K) NonClass: 7472K(7616K)->7472K(7616K) Class: 1153K(1280K)->1153K(1280K)
[52.228s][info][gc             ] GC(158) Pause Young (Normal) (G1 Evacuation Pause) 655M->98M(1063M) 22.280ms
[52.228s][info][gc,cpu         ] GC(158) User=0.39s Sys=0.00s Real=0.02s
[52.455s][info][gc,start       ] GC(159) Pause Full (System.gc())
[52.455s][info][gc,task        ] GC(159) Using 25 workers of 33 for full compaction
[52.456s][info][gc,phases,start] GC(159) Phase 1: Mark live objects
[52.462s][info][gc,phases      ] GC(159) Phase 1: Mark live objects 5.311ms
[52.462s][info][gc,phases,start] GC(159) Phase 2: Prepare compaction
[52.463s][info][gc,phases      ] GC(159) Phase 2: Prepare compaction 1.067ms
[52.463s][info][gc,phases,start] GC(159) Phase 3: Adjust pointers
[52.465s][info][gc,phases      ] GC(159) Phase 3: Adjust pointers 2.703ms
[52.466s][info][gc,phases,start] GC(159) Phase 4: Compact heap
[52.466s][info][gc,phases      ] GC(159) Phase 4: Compact heap 0.601ms
[52.472s][info][gc,heap        ] GC(159) Eden regions: 47->0(24)
[52.472s][info][gc,heap        ] GC(159) Survivor regions: 79->0(80)
[52.472s][info][gc,heap        ] GC(159) Old regions: 24->23
[52.472s][info][gc,heap        ] GC(159) Archive regions: 0->0
[52.472s][info][gc,heap        ] GC(159) Humongous regions: 22->0
[52.472s][info][gc,metaspace   ] GC(159) Metaspace: 8626K(8896K)->8626K(8896K) NonClass: 7473K(7616K)->7473K(7616K) Class: 1153K(1280K)->1153K(1280K)
[52.472s][info][gc             ] GC(159) Pause Full (System.gc()) 151M->3M(77M) 17.037ms
[52.472s][info][gc,cpu         ] GC(159) User=0.02s Sys=0.00s Real=0.02s
[52.487s][info][gc,start       ] GC(160) Pause Young (Normal) (G1 Evacuation Pause)
[52.487s][info][gc,task        ] GC(160) Using 13 workers of 33 for evacuation
[52.492s][info][gc,phases      ] GC(160)   Pre Evacuate Collection Set: 0.1ms
[52.492s][info][gc,phases      ] GC(160)   Merge Heap Roots: 0.1ms
[52.492s][info][gc,phases      ] GC(160)   Evacuate Collection Set: 0.3ms
[52.492s][info][gc,phases      ] GC(160)   Post Evacuate Collection Set: 4.7ms
[52.492s][info][gc,phases      ] GC(160)   Other: 0.1ms
[52.492s][info][gc,heap        ] GC(160) Eden regions: 24->0(634)
[52.492s][info][gc,heap        ] GC(160) Survivor regions: 0->3(3)
[52.492s][info][gc,heap        ] GC(160) Old regions: 23->24
[52.493s][info][gc,heap        ] GC(160) Archive regions: 0->0
[52.493s][info][gc,heap        ] GC(160) Humongous regions: 0->0
[52.493s][info][gc,metaspace   ] GC(160) Metaspace: 8631K(8896K)->8631K(8896K) NonClass: 7478K(7616K)->7478K(7616K) Class: 1153K(1280K)->1153K(1280K)
[52.493s][info][gc             ] GC(160) Pause Young (Normal) (G1 Evacuation Pause) 27M->6M(1063M) 5.805ms
[52.493s][info][gc,cpu         ] GC(160) User=0.00s Sys=0.00s Real=0.00s
[52.835s][info][gc,start       ] GC(161) Pause Young (Normal) (G1 Evacuation Pause)
[52.835s][info][gc,task        ] GC(161) Using 25 workers of 33 for evacuation
[52.837s][info][gc,phases      ] GC(161)   Pre Evacuate Collection Set: 0.2ms
[52.837s][info][gc,phases      ] GC(161)   Merge Heap Roots: 0.3ms
[52.837s][info][gc,phases      ] GC(161)   Evacuate Collection Set: 1.2ms
[52.837s][info][gc,phases      ] GC(161)   Post Evacuate Collection Set: 0.7ms
[52.837s][info][gc,phases      ] GC(161)   Other: 0.2ms
[52.838s][info][gc,heap        ] GC(161) Eden regions: 634->0(633)
[52.838s][info][gc,heap        ] GC(161) Survivor regions: 3->4(80)
[52.838s][info][gc,heap        ] GC(161) Old regions: 24->24
[52.838s][info][gc,heap        ] GC(161) Archive regions: 0->0
[52.838s][info][gc,heap        ] GC(161) Humongous regions: 0->0
[52.838s][info][gc,metaspace   ] GC(161) Metaspace: 8631K(8896K)->8631K(8896K) NonClass: 7478K(7616K)->7478K(7616K) Class: 1153K(1280K)->1153K(1280K)
[52.838s][info][gc             ] GC(161) Pause Young (Normal) (G1 Evacuation Pause) 640M->7M(1063M) 3.015ms
[52.838s][info][gc,cpu         ] GC(161) User=0.00s Sys=0.00s Real=0.00s
[53.195s][info][gc,start       ] GC(162) Pause Young (Normal) (G1 Evacuation Pause)
[53.195s][info][gc,task        ] GC(162) Using 25 workers of 33 for evacuation
[53.198s][info][gc,phases      ] GC(162)   Pre Evacuate Collection Set: 0.2ms
[53.199s][info][gc,phases      ] GC(162)   Merge Heap Roots: 0.3ms
[53.199s][info][gc,phases      ] GC(162)   Evacuate Collection Set: 1.7ms
[53.199s][info][gc,phases      ] GC(162)   Post Evacuate Collection Set: 0.7ms
[53.199s][info][gc,phases      ] GC(162)   Other: 0.2ms
[53.199s][info][gc,heap        ] GC(162) Eden regions: 633->0(631)
[53.199s][info][gc,heap        ] GC(162) Survivor regions: 4->6(80)
[53.199s][info][gc,heap        ] GC(162) Old regions: 24->24
[53.199s][info][gc,heap        ] GC(162) Archive regions: 0->0
[53.199s][info][gc,heap        ] GC(162) Humongous regions: 0->0
[53.199s][info][gc,metaspace   ] GC(162) Metaspace: 8631K(8896K)->8631K(8896K) NonClass: 7478K(7616K)->7478K(7616K) Class: 1153K(1280K)->1153K(1280K)
[53.199s][info][gc             ] GC(162) Pause Young (Normal) (G1 Evacuation Pause) 640M->9M(1063M) 3.556ms
[53.199s][info][gc,cpu         ] GC(162) User=0.00s Sys=0.00s Real=0.00s
[53.527s][info][gc,start       ] GC(163) Pause Young (Normal) (G1 Evacuation Pause)
[53.527s][info][gc,task        ] GC(163) Using 25 workers of 33 for evacuation
[53.530s][info][gc,phases      ] GC(163)   Pre Evacuate Collection Set: 0.2ms
[53.530s][info][gc,phases      ] GC(163)   Merge Heap Roots: 0.2ms
[53.530s][info][gc,phases      ] GC(163)   Evacuate Collection Set: 2.1ms
[53.530s][info][gc,phases      ] GC(163)   Post Evacuate Collection Set: 0.7ms
[53.531s][info][gc,phases      ] GC(163)   Other: 0.2ms
[53.531s][info][gc,heap        ] GC(163) Eden regions: 631->0(629)
[53.531s][info][gc,heap        ] GC(163) Survivor regions: 6->8(80)
[53.531s][info][gc,heap        ] GC(163) Old regions: 24->24
[53.531s][info][gc,heap        ] GC(163) Archive regions: 0->0
[53.531s][info][gc,heap        ] GC(163) Humongous regions: 0->0
[53.531s][info][gc,metaspace   ] GC(163) Metaspace: 8631K(8896K)->8631K(8896K) NonClass: 7478K(7616K)->7478K(7616K) Class: 1153K(1280K)->1153K(1280K)
[53.531s][info][gc             ] GC(163) Pause Young (Normal) (G1 Evacuation Pause) 640M->11M(1063M) 3.999ms
[53.531s][info][gc,cpu         ] GC(163) User=0.31s Sys=0.00s Real=0.01s
[53.886s][info][gc,start       ] GC(164) Pause Young (Normal) (G1 Evacuation Pause)
[53.886s][info][gc,task        ] GC(164) Using 25 workers of 33 for evacuation
[53.891s][info][gc,phases      ] GC(164)   Pre Evacuate Collection Set: 0.2ms
[53.891s][info][gc,phases      ] GC(164)   Merge Heap Roots: 0.3ms
[53.891s][info][gc,phases      ] GC(164)   Evacuate Collection Set: 2.7ms
[53.891s][info][gc,phases      ] GC(164)   Post Evacuate Collection Set: 0.7ms
[53.891s][info][gc,phases      ] GC(164)   Other: 0.2ms
[53.891s][info][gc,heap        ] GC(164) Eden regions: 629->0(627)
[53.891s][info][gc,heap        ] GC(164) Survivor regions: 8->10(80)
[53.891s][info][gc,heap        ] GC(164) Old regions: 24->24
[53.891s][info][gc,heap        ] GC(164) Archive regions: 0->0
[53.891s][info][gc,heap        ] GC(164) Humongous regions: 0->0
[53.891s][info][gc,metaspace   ] GC(164) Metaspace: 8631K(8896K)->8631K(8896K) NonClass: 7478K(7616K)->7478K(7616K) Class: 1153K(1280K)->1153K(1280K)
[53.891s][info][gc             ] GC(164) Pause Young (Normal) (G1 Evacuation Pause) 640M->13M(1063M) 4.764ms
[53.891s][info][gc,cpu         ] GC(164) User=0.39s Sys=0.00s Real=0.02s
[54.228s][info][gc,start       ] GC(165) Pause Young (Normal) (G1 Evacuation Pause)
[54.228s][info][gc,task        ] GC(165) Using 25 workers of 33 for evacuation
[54.233s][info][gc,phases      ] GC(165)   Pre Evacuate Collection Set: 0.2ms
[54.233s][info][gc,phases      ] GC(165)   Merge Heap Roots: 0.3ms
[54.233s][info][gc,phases      ] GC(165)   Evacuate Collection Set: 3.0ms
[54.233s][info][gc,phases      ] GC(165)   Post Evacuate Collection Set: 0.7ms
[54.233s][info][gc,phases      ] GC(165)   Other: 0.2ms
[54.233s][info][gc,heap        ] GC(165) Eden regions: 627->0(624)
[54.233s][info][gc,heap        ] GC(165) Survivor regions: 10->13(80)
[54.233s][info][gc,heap        ] GC(165) Old regions: 24->24
[54.233s][info][gc,heap        ] GC(165) Archive regions: 0->0
[54.233s][info][gc,heap        ] GC(165) Humongous regions: 0->0
[54.233s][info][gc,metaspace   ] GC(165) Metaspace: 8631K(8896K)->8631K(8896K) NonClass: 7478K(7616K)->7478K(7616K) Class: 1153K(1280K)->1153K(1280K)
[54.233s][info][gc             ] GC(165) Pause Young (Normal) (G1 Evacuation Pause) 640M->15M(1063M) 4.786ms
[54.233s][info][gc,cpu         ] GC(165) User=0.00s Sys=0.02s Real=0.02s
[54.604s][info][gc,start       ] GC(166) Pause Young (Normal) (G1 Evacuation Pause)
[54.604s][info][gc,task        ] GC(166) Using 25 workers of 33 for evacuation
[54.613s][info][gc,phases      ] GC(166)   Pre Evacuate Collection Set: 0.2ms
[54.613s][info][gc,phases      ] GC(166)   Merge Heap Roots: 0.3ms
[54.613s][info][gc,phases      ] GC(166)   Evacuate Collection Set: 7.4ms
[54.613s][info][gc,phases      ] GC(166)   Post Evacuate Collection Set: 0.7ms
[54.613s][info][gc,phases      ] GC(166)   Other: 0.2ms
[54.613s][info][gc,heap        ] GC(166) Eden regions: 624->0(612)
[54.613s][info][gc,heap        ] GC(166) Survivor regions: 13->25(80)
[54.613s][info][gc,heap        ] GC(166) Old regions: 24->24
[54.613s][info][gc,heap        ] GC(166) Archive regions: 0->0
[54.613s][info][gc,heap        ] GC(166) Humongous regions: 3->3
[54.613s][info][gc,metaspace   ] GC(166) Metaspace: 8631K(8896K)->8631K(8896K) NonClass: 7478K(7616K)->7478K(7616K) Class: 1153K(1280K)->1153K(1280K)
[54.613s][info][gc             ] GC(166) Pause Young (Normal) (G1 Evacuation Pause) 642M->31M(1063M) 9.376ms
[54.613s][info][gc,cpu         ] GC(166) User=0.39s Sys=0.00s Real=0.02s
[54.957s][info][gc,start       ] GC(167) Pause Young (Normal) (G1 Evacuation Pause)
[54.957s][info][gc,task        ] GC(167) Using 25 workers of 33 for evacuation
[54.965s][info][gc,phases      ] GC(167)   Pre Evacuate Collection Set: 0.2ms
[54.965s][info][gc,phases      ] GC(167)   Merge Heap Roots: 0.3ms
[54.965s][info][gc,phases      ] GC(167)   Evacuate Collection Set: 6.8ms
[54.965s][info][gc,phases      ] GC(167)   Post Evacuate Collection Set: 0.7ms
[54.965s][info][gc,phases      ] GC(167)   Other: 0.2ms
[54.965s][info][gc,heap        ] GC(167) Eden regions: 612->0(610)
[54.965s][info][gc,heap        ] GC(167) Survivor regions: 25->27(80)
[54.966s][info][gc,heap        ] GC(167) Old regions: 24->24
[54.966s][info][gc,heap        ] GC(167) Archive regions: 0->0
[54.966s][info][gc,heap        ] GC(167) Humongous regions: 3->3
[54.966s][info][gc,metaspace   ] GC(167) Metaspace: 8631K(8896K)->8631K(8896K) NonClass: 7478K(7616K)->7478K(7616K) Class: 1153K(1280K)->1153K(1280K)
[54.966s][info][gc             ] GC(167) Pause Young (Normal) (G1 Evacuation Pause) 643M->33M(1063M) 8.796ms
[54.966s][info][gc,cpu         ] GC(167) User=0.00s Sys=0.00s Real=0.01s
[55.310s][info][gc,start       ] GC(168) Pause Young (Normal) (G1 Evacuation Pause)
[55.310s][info][gc,task        ] GC(168) Using 25 workers of 33 for evacuation
[55.318s][info][gc,phases      ] GC(168)   Pre Evacuate Collection Set: 0.2ms
[55.318s][info][gc,phases      ] GC(168)   Merge Heap Roots: 0.3ms
[55.318s][info][gc,phases      ] GC(168)   Evacuate Collection Set: 7.2ms
[55.318s][info][gc,phases      ] GC(168)   Post Evacuate Collection Set: 0.7ms
[55.319s][info][gc,phases      ] GC(168)   Other: 0.2ms
[55.319s][info][gc,heap        ] GC(168) Eden regions: 610->0(607)
[55.319s][info][gc,heap        ] GC(168) Survivor regions: 27->30(80)
[55.319s][info][gc,heap        ] GC(168) Old regions: 24->24
[55.319s][info][gc,heap        ] GC(168) Archive regions: 0->0
[55.319s][info][gc,heap        ] GC(168) Humongous regions: 3->3
[55.319s][info][gc,metaspace   ] GC(168) Metaspace: 8631K(8896K)->8631K(8896K) NonClass: 7478K(7616K)->7478K(7616K) Class: 1153K(1280K)->1153K(1280K)
[55.319s][info][gc             ] GC(168) Pause Young (Normal) (G1 Evacuation Pause) 643M->36M(1063M) 9.217ms
[55.319s][info][gc,cpu         ] GC(168) User=0.39s Sys=0.00s Real=0.01s
[55.634s][info][gc,start       ] GC(169) Pause Young (Normal) (G1 Evacuation Pause)
[55.634s][info][gc,task        ] GC(169) Using 25 workers of 33 for evacuation
[55.643s][info][gc,phases      ] GC(169)   Pre Evacuate Collection Set: 0.2ms
[55.643s][info][gc,phases      ] GC(169)   Merge Heap Roots: 0.3ms
[55.643s][info][gc,phases      ] GC(169)   Evacuate Collection Set: 7.6ms
[55.643s][info][gc,phases      ] GC(169)   Post Evacuate Collection Set: 0.7ms
[55.643s][info][gc,phases      ] GC(169)   Other: 0.2ms
[55.643s][info][gc,heap        ] GC(169) Eden regions: 607->0(605)
[55.643s][info][gc,heap        ] GC(169) Survivor regions: 30->32(80)
[55.643s][info][gc,heap        ] GC(169) Old regions: 24->24
[55.643s][info][gc,heap        ] GC(169) Archive regions: 0->0
[55.643s][info][gc,heap        ] GC(169) Humongous regions: 3->3
[55.643s][info][gc,metaspace   ] GC(169) Metaspace: 8631K(8896K)->8631K(8896K) NonClass: 7478K(7616K)->7478K(7616K) Class: 1153K(1280K)->1153K(1280K)
[55.643s][info][gc             ] GC(169) Pause Young (Normal) (G1 Evacuation Pause) 643M->38M(1063M) 9.458ms
[55.644s][info][gc,cpu         ] GC(169) User=0.00s Sys=0.00s Real=0.00s
[56.032s][info][gc,start       ] GC(170) Pause Young (Normal) (G1 Evacuation Pause)
[56.032s][info][gc,task        ] GC(170) Using 25 workers of 33 for evacuation
[56.049s][info][gc,phases      ] GC(170)   Pre Evacuate Collection Set: 0.2ms
[56.049s][info][gc,phases      ] GC(170)   Merge Heap Roots: 0.4ms
[56.049s][info][gc,phases      ] GC(170)   Evacuate Collection Set: 15.7ms
[56.049s][info][gc,phases      ] GC(170)   Post Evacuate Collection Set: 0.6ms
[56.049s][info][gc,phases      ] GC(170)   Other: 0.2ms
[56.049s][info][gc,heap        ] GC(170) Eden regions: 605->0(575)
[56.049s][info][gc,heap        ] GC(170) Survivor regions: 32->62(80)
[56.049s][info][gc,heap        ] GC(170) Old regions: 24->24
[56.049s][info][gc,heap        ] GC(170) Archive regions: 0->0
[56.049s][info][gc,heap        ] GC(170) Humongous regions: 10->10
[56.049s][info][gc,metaspace   ] GC(170) Metaspace: 8631K(8896K)->8631K(8896K) NonClass: 7478K(7616K)->7478K(7616K) Class: 1153K(1280K)->1153K(1280K)
[56.049s][info][gc             ] GC(170) Pause Young (Normal) (G1 Evacuation Pause) 650M->75M(1063M) 17.442ms
[56.049s][info][gc,cpu         ] GC(170) User=0.39s Sys=0.00s Real=0.02s
[56.357s][info][gc,start       ] GC(171) Pause Full (System.gc())
[56.357s][info][gc,task        ] GC(171) Using 25 workers of 33 for full compaction
[56.358s][info][gc,phases,start] GC(171) Phase 1: Mark live objects
[56.363s][info][gc,phases      ] GC(171) Phase 1: Mark live objects 5.293ms
[56.363s][info][gc,phases,start] GC(171) Phase 2: Prepare compaction
[56.364s][info][gc,phases      ] GC(171) Phase 2: Prepare compaction 1.137ms
[56.364s][info][gc,phases,start] GC(171) Phase 3: Adjust pointers
[56.367s][info][gc,phases      ] GC(171) Phase 3: Adjust pointers 2.872ms
[56.404s][info][gc,phases,start] GC(171) Phase 4: Compact heap
[56.423s][info][gc,phases      ] GC(171) Phase 4: Compact heap 18.783ms
[56.429s][info][gc,heap        ] GC(171) Eden regions: 65->0(25)
[56.429s][info][gc,heap        ] GC(171) Survivor regions: 62->0(80)
[56.429s][info][gc,heap        ] GC(171) Old regions: 24->24
[56.429s][info][gc,heap        ] GC(171) Archive regions: 0->0
[56.429s][info][gc,heap        ] GC(171) Humongous regions: 22->0
[56.429s][info][gc,metaspace   ] GC(171) Metaspace: 8631K(8896K)->8631K(8896K) NonClass: 7478K(7616K)->7478K(7616K) Class: 1153K(1280K)->1153K(1280K)
[56.429s][info][gc             ] GC(171) Pause Full (System.gc()) 152M->3M(80M) 72.144ms
[56.429s][info][gc,cpu         ] GC(171) User=0.36s Sys=0.02s Real=0.08s
[56.457s][info][gc,start       ] GC(172) Pause Young (Normal) (G1 Evacuation Pause)
[56.457s][info][gc,task        ] GC(172) Using 13 workers of 33 for evacuation
[56.463s][info][gc,phases      ] GC(172)   Pre Evacuate Collection Set: 0.1ms
[56.463s][info][gc,phases      ] GC(172)   Merge Heap Roots: 0.1ms
[56.463s][info][gc,phases      ] GC(172)   Evacuate Collection Set: 0.3ms
[56.463s][info][gc,phases      ] GC(172)   Post Evacuate Collection Set: 4.9ms
[56.463s][info][gc,phases      ] GC(172)   Other: 0.1ms
[56.463s][info][gc,heap        ] GC(172) Eden regions: 25->0(634)
[56.463s][info][gc,heap        ] GC(172) Survivor regions: 0->4(4)
[56.463s][info][gc,heap        ] GC(172) Old regions: 24->25
[56.463s][info][gc,heap        ] GC(172) Archive regions: 0->0
[56.463s][info][gc,heap        ] GC(172) Humongous regions: 0->0
[56.463s][info][gc,metaspace   ] GC(172) Metaspace: 8631K(8896K)->8631K(8896K) NonClass: 7478K(7616K)->7478K(7616K) Class: 1153K(1280K)->1153K(1280K)
[56.463s][info][gc             ] GC(172) Pause Young (Normal) (G1 Evacuation Pause) 28M->7M(1064M) 5.928ms
[56.463s][info][gc,cpu         ] GC(172) User=0.00s Sys=0.00s Real=0.01s
[56.796s][info][gc,start       ] GC(173) Pause Young (Normal) (G1 Evacuation Pause)
[56.796s][info][gc,task        ] GC(173) Using 25 workers of 33 for evacuation
[56.799s][info][gc,phases      ] GC(173)   Pre Evacuate Collection Set: 0.2ms
[56.799s][info][gc,phases      ] GC(173)   Merge Heap Roots: 0.3ms
[56.799s][info][gc,phases      ] GC(173)   Evacuate Collection Set: 1.2ms
[56.799s][info][gc,phases      ] GC(173)   Post Evacuate Collection Set: 0.7ms
[56.799s][info][gc,phases      ] GC(173)   Other: 0.2ms
[56.799s][info][gc,heap        ] GC(173) Eden regions: 634->0(635)
[56.799s][info][gc,heap        ] GC(173) Survivor regions: 4->3(80)
[56.799s][info][gc,heap        ] GC(173) Old regions: 25->25
[56.799s][info][gc,heap        ] GC(173) Archive regions: 0->0
[56.799s][info][gc,heap        ] GC(173) Humongous regions: 0->0
[56.799s][info][gc,metaspace   ] GC(173) Metaspace: 8631K(8896K)->8631K(8896K) NonClass: 7478K(7616K)->7478K(7616K) Class: 1153K(1280K)->1153K(1280K)
[56.799s][info][gc             ] GC(173) Pause Young (Normal) (G1 Evacuation Pause) 641M->6M(1064M) 3.083ms
[56.799s][info][gc,cpu         ] GC(173) User=0.00s Sys=0.00s Real=0.00s
[57.144s][info][gc,start       ] GC(174) Pause Young (Normal) (G1 Evacuation Pause)
[57.145s][info][gc,task        ] GC(174) Using 25 workers of 33 for evacuation
[57.148s][info][gc,phases      ] GC(174)   Pre Evacuate Collection Set: 0.2ms
[57.148s][info][gc,phases      ] GC(174)   Merge Heap Roots: 0.3ms
[57.148s][info][gc,phases      ] GC(174)   Evacuate Collection Set: 1.6ms
[57.148s][info][gc,phases      ] GC(174)   Post Evacuate Collection Set: 0.7ms
[57.148s][info][gc,phases      ] GC(174)   Other: 0.2ms
[57.148s][info][gc,heap        ] GC(174) Eden regions: 635->0(632)
[57.148s][info][gc,heap        ] GC(174) Survivor regions: 3->6(80)
[57.148s][info][gc,heap        ] GC(174) Old regions: 25->25
[57.148s][info][gc,heap        ] GC(174) Archive regions: 0->0
[57.148s][info][gc,heap        ] GC(174) Humongous regions: 0->0
[57.148s][info][gc,metaspace   ] GC(174) Metaspace: 8631K(8896K)->8631K(8896K) NonClass: 7478K(7616K)->7478K(7616K) Class: 1153K(1280K)->1153K(1280K)
[57.148s][info][gc             ] GC(174) Pause Young (Normal) (G1 Evacuation Pause) 641M->8M(1064M) 3.510ms
[57.148s][info][gc,cpu         ] GC(174) User=0.00s Sys=0.00s Real=0.00s
[57.476s][info][gc,start       ] GC(175) Pause Young (Normal) (G1 Evacuation Pause)
[57.476s][info][gc,task        ] GC(175) Using 25 workers of 33 for evacuation
[57.479s][info][gc,phases      ] GC(175)   Pre Evacuate Collection Set: 0.2ms
[57.479s][info][gc,phases      ] GC(175)   Merge Heap Roots: 0.2ms
[57.479s][info][gc,phases      ] GC(175)   Evacuate Collection Set: 2.1ms
[57.479s][info][gc,phases      ] GC(175)   Post Evacuate Collection Set: 0.7ms
[57.479s][info][gc,phases      ] GC(175)   Other: 0.2ms
[57.479s][info][gc,heap        ] GC(175) Eden regions: 632->0(630)
[57.479s][info][gc,heap        ] GC(175) Survivor regions: 6->8(80)
[57.479s][info][gc,heap        ] GC(175) Old regions: 25->25
[57.479s][info][gc,heap        ] GC(175) Archive regions: 0->0
[57.479s][info][gc,heap        ] GC(175) Humongous regions: 0->0
[57.479s][info][gc,metaspace   ] GC(175) Metaspace: 8631K(8896K)->8631K(8896K) NonClass: 7478K(7616K)->7478K(7616K) Class: 1153K(1280K)->1153K(1280K)
[57.480s][info][gc             ] GC(175) Pause Young (Normal) (G1 Evacuation Pause) 640M->11M(1064M) 3.893ms
[57.480s][info][gc,cpu         ] GC(175) User=0.00s Sys=0.00s Real=0.00s
[57.834s][info][gc,start       ] GC(176) Pause Young (Normal) (G1 Evacuation Pause)
[57.834s][info][gc,task        ] GC(176) Using 25 workers of 33 for evacuation
[57.838s][info][gc,phases      ] GC(176)   Pre Evacuate Collection Set: 0.2ms
[57.838s][info][gc,phases      ] GC(176)   Merge Heap Roots: 0.3ms
[57.838s][info][gc,phases      ] GC(176)   Evacuate Collection Set: 2.6ms
[57.838s][info][gc,phases      ] GC(176)   Post Evacuate Collection Set: 0.7ms
[57.838s][info][gc,phases      ] GC(176)   Other: 0.2ms
[57.838s][info][gc,heap        ] GC(176) Eden regions: 630->0(628)
[57.838s][info][gc,heap        ] GC(176) Survivor regions: 8->10(80)
[57.838s][info][gc,heap        ] GC(176) Old regions: 25->25
[57.838s][info][gc,heap        ] GC(176) Archive regions: 0->0
[57.838s][info][gc,heap        ] GC(176) Humongous regions: 0->0
[57.838s][info][gc,metaspace   ] GC(176) Metaspace: 8631K(8896K)->8631K(8896K) NonClass: 7478K(7616K)->7478K(7616K) Class: 1153K(1280K)->1153K(1280K)
[57.838s][info][gc             ] GC(176) Pause Young (Normal) (G1 Evacuation Pause) 641M->13M(1064M) 4.597ms
[57.838s][info][gc,cpu         ] GC(176) User=0.00s Sys=0.00s Real=0.00s
[58.182s][info][gc,start       ] GC(177) Pause Young (Normal) (G1 Evacuation Pause)
[58.183s][info][gc,task        ] GC(177) Using 25 workers of 33 for evacuation
[58.187s][info][gc,phases      ] GC(177)   Pre Evacuate Collection Set: 0.2ms
[58.187s][info][gc,phases      ] GC(177)   Merge Heap Roots: 0.3ms
[58.187s][info][gc,phases      ] GC(177)   Evacuate Collection Set: 3.0ms
[58.187s][info][gc,phases      ] GC(177)   Post Evacuate Collection Set: 0.7ms
[58.187s][info][gc,phases      ] GC(177)   Other: 0.3ms
[58.187s][info][gc,heap        ] GC(177) Eden regions: 628->0(625)
[58.187s][info][gc,heap        ] GC(177) Survivor regions: 10->13(80)
[58.187s][info][gc,heap        ] GC(177) Old regions: 25->25
[58.187s][info][gc,heap        ] GC(177) Archive regions: 0->0
[58.187s][info][gc,heap        ] GC(177) Humongous regions: 0->0
[58.187s][info][gc,metaspace   ] GC(177) Metaspace: 8631K(8896K)->8631K(8896K) NonClass: 7478K(7616K)->7478K(7616K) Class: 1153K(1280K)->1153K(1280K)
[58.187s][info][gc             ] GC(177) Pause Young (Normal) (G1 Evacuation Pause) 641M->15M(1064M) 4.929ms
[58.187s][info][gc,cpu         ] GC(177) User=0.39s Sys=0.00s Real=0.01s
[58.550s][info][gc,start       ] GC(178) Pause Young (Normal) (G1 Evacuation Pause)
[58.550s][info][gc,task        ] GC(178) Using 25 workers of 33 for evacuation
[58.559s][info][gc,phases      ] GC(178)   Pre Evacuate Collection Set: 0.2ms
[58.559s][info][gc,phases      ] GC(178)   Merge Heap Roots: 0.2ms
[58.559s][info][gc,phases      ] GC(178)   Evacuate Collection Set: 7.5ms
[58.559s][info][gc,phases      ] GC(178)   Post Evacuate Collection Set: 0.7ms
[58.559s][info][gc,phases      ] GC(178)   Other: 0.2ms
[58.559s][info][gc,heap        ] GC(178) Eden regions: 625->0(613)
[58.559s][info][gc,heap        ] GC(178) Survivor regions: 13->25(80)
[58.559s][info][gc,heap        ] GC(178) Old regions: 25->25
[58.559s][info][gc,heap        ] GC(178) Archive regions: 0->0
[58.559s][info][gc,heap        ] GC(178) Humongous regions: 3->3
[58.559s][info][gc,metaspace   ] GC(178) Metaspace: 8634K(8896K)->8634K(8896K) NonClass: 7481K(7616K)->7481K(7616K) Class: 1153K(1280K)->1153K(1280K)
[58.559s][info][gc             ] GC(178) Pause Young (Normal) (G1 Evacuation Pause) 643M->30M(1064M) 9.384ms
[58.559s][info][gc,cpu         ] GC(178) User=0.00s Sys=0.00s Real=0.01s
[58.889s][info][gc,start       ] GC(179) Pause Young (Normal) (G1 Evacuation Pause)
[58.889s][info][gc,task        ] GC(179) Using 25 workers of 33 for evacuation
[58.897s][info][gc,phases      ] GC(179)   Pre Evacuate Collection Set: 0.2ms
[58.897s][info][gc,phases      ] GC(179)   Merge Heap Roots: 0.3ms
[58.897s][info][gc,phases      ] GC(179)   Evacuate Collection Set: 6.8ms
[58.897s][info][gc,phases      ] GC(179)   Post Evacuate Collection Set: 0.7ms
[58.897s][info][gc,phases      ] GC(179)   Other: 0.2ms
[58.898s][info][gc,heap        ] GC(179) Eden regions: 613->0(611)
[58.898s][info][gc,heap        ] GC(179) Survivor regions: 25->27(80)
[58.898s][info][gc,heap        ] GC(179) Old regions: 25->25
[58.898s][info][gc,heap        ] GC(179) Archive regions: 0->0
[58.898s][info][gc,heap        ] GC(179) Humongous regions: 3->3
[58.898s][info][gc,metaspace   ] GC(179) Metaspace: 8634K(8896K)->8634K(8896K) NonClass: 7481K(7616K)->7481K(7616K) Class: 1153K(1280K)->1153K(1280K)
[58.898s][info][gc             ] GC(179) Pause Young (Normal) (G1 Evacuation Pause) 643M->33M(1064M) 8.749ms
[58.898s][info][gc,cpu         ] GC(179) User=0.39s Sys=0.00s Real=0.01s
[59.261s][info][gc,start       ] GC(180) Pause Young (Normal) (G1 Evacuation Pause)
[59.261s][info][gc,task        ] GC(180) Using 25 workers of 33 for evacuation
[59.270s][info][gc,phases      ] GC(180)   Pre Evacuate Collection Set: 0.2ms
[59.270s][info][gc,phases      ] GC(180)   Merge Heap Roots: 0.2ms
[59.270s][info][gc,phases      ] GC(180)   Evacuate Collection Set: 7.2ms
[59.270s][info][gc,phases      ] GC(180)   Post Evacuate Collection Set: 0.7ms
[59.270s][info][gc,phases      ] GC(180)   Other: 0.2ms
[59.270s][info][gc,heap        ] GC(180) Eden regions: 611->0(608)
[59.270s][info][gc,heap        ] GC(180) Survivor regions: 27->30(80)
[59.270s][info][gc,heap        ] GC(180) Old regions: 25->25
[59.270s][info][gc,heap        ] GC(180) Archive regions: 0->0
[59.270s][info][gc,heap        ] GC(180) Humongous regions: 3->3
[59.270s][info][gc,metaspace   ] GC(180) Metaspace: 8634K(8896K)->8634K(8896K) NonClass: 7481K(7616K)->7481K(7616K) Class: 1153K(1280K)->1153K(1280K)
[59.270s][info][gc             ] GC(180) Pause Young (Normal) (G1 Evacuation Pause) 644M->35M(1064M) 9.135ms
[59.270s][info][gc,cpu         ] GC(180) User=0.39s Sys=0.00s Real=0.01s
[59.596s][info][gc,start       ] GC(181) Pause Young (Normal) (G1 Evacuation Pause)
[59.596s][info][gc,task        ] GC(181) Using 25 workers of 33 for evacuation
[59.605s][info][gc,phases      ] GC(181)   Pre Evacuate Collection Set: 0.2ms
[59.605s][info][gc,phases      ] GC(181)   Merge Heap Roots: 0.3ms
[59.605s][info][gc,phases      ] GC(181)   Evacuate Collection Set: 7.5ms
[59.605s][info][gc,phases      ] GC(181)   Post Evacuate Collection Set: 0.7ms
[59.605s][info][gc,phases      ] GC(181)   Other: 0.2ms
[59.605s][info][gc,heap        ] GC(181) Eden regions: 608->0(605)
[59.605s][info][gc,heap        ] GC(181) Survivor regions: 30->33(80)
[59.605s][info][gc,heap        ] GC(181) Old regions: 25->25
[59.605s][info][gc,heap        ] GC(181) Archive regions: 0->0
[59.605s][info][gc,heap        ] GC(181) Humongous regions: 3->3
[59.605s][info][gc,metaspace   ] GC(181) Metaspace: 8634K(8896K)->8634K(8896K) NonClass: 7481K(7616K)->7481K(7616K) Class: 1153K(1280K)->1153K(1280K)
[59.605s][info][gc             ] GC(181) Pause Young (Normal) (G1 Evacuation Pause) 643M->38M(1064M) 9.425ms
[59.605s][info][gc,cpu         ] GC(181) User=0.00s Sys=0.00s Real=0.00s
[60.032s][info][gc,start       ] GC(182) Pause Young (Normal) (G1 Evacuation Pause)
[60.032s][info][gc,task        ] GC(182) Using 25 workers of 33 for evacuation
[60.052s][info][gc,phases      ] GC(182)   Pre Evacuate Collection Set: 0.2ms
[60.052s][info][gc,phases      ] GC(182)   Merge Heap Roots: 0.4ms
[60.052s][info][gc,phases      ] GC(182)   Evacuate Collection Set: 18.7ms
[60.052s][info][gc,phases      ] GC(182)   Post Evacuate Collection Set: 0.6ms
[60.052s][info][gc,phases      ] GC(182)   Other: 0.2ms
[60.052s][info][gc,heap        ] GC(182) Eden regions: 605->0(567)
[60.052s][info][gc,heap        ] GC(182) Survivor regions: 33->71(80)
[60.052s][info][gc,heap        ] GC(182) Old regions: 25->25
[60.052s][info][gc,heap        ] GC(182) Archive regions: 0->0
[60.053s][info][gc,heap        ] GC(182) Humongous regions: 13->13
[60.053s][info][gc,metaspace   ] GC(182) Metaspace: 8634K(8896K)->8634K(8896K) NonClass: 7481K(7616K)->7481K(7616K) Class: 1153K(1280K)->1153K(1280K)
[60.053s][info][gc             ] GC(182) Pause Young (Normal) (G1 Evacuation Pause) 653M->87M(1064M) 20.553ms
[60.053s][info][gc,cpu         ] GC(182) User=0.39s Sys=0.00s Real=0.02s
[60.349s][info][gc,start       ] GC(183) Pause Full (System.gc())
[60.349s][info][gc,task        ] GC(183) Using 25 workers of 33 for full compaction
[60.350s][info][gc,phases,start] GC(183) Phase 1: Mark live objects
[60.355s][info][gc,phases      ] GC(183) Phase 1: Mark live objects 5.060ms
[60.355s][info][gc,phases,start] GC(183) Phase 2: Prepare compaction
[60.356s][info][gc,phases      ] GC(183) Phase 2: Prepare compaction 1.100ms
[60.356s][info][gc,phases,start] GC(183) Phase 3: Adjust pointers
[60.359s][info][gc,phases      ] GC(183) Phase 3: Adjust pointers 2.732ms
[60.359s][info][gc,phases,start] GC(183) Phase 4: Compact heap
[60.359s][info][gc,phases      ] GC(183) Phase 4: Compact heap 0.607ms
[60.365s][info][gc,heap        ] GC(183) Eden regions: 55->0(24)
[60.365s][info][gc,heap        ] GC(183) Survivor regions: 71->0(80)
[60.365s][info][gc,heap        ] GC(183) Old regions: 25->23
[60.365s][info][gc,heap        ] GC(183) Archive regions: 0->0
[60.365s][info][gc,heap        ] GC(183) Humongous regions: 22->0
[60.365s][info][gc,metaspace   ] GC(183) Metaspace: 8634K(8896K)->8634K(8896K) NonClass: 7481K(7616K)->7481K(7616K) Class: 1153K(1280K)->1153K(1280K)
[60.365s][info][gc             ] GC(183) Pause Full (System.gc()) 151M->3M(77M) 16.910ms
[60.365s][info][gc,cpu         ] GC(183) User=0.02s Sys=0.00s Real=0.02s
[60.391s][info][gc,start       ] GC(184) Pause Young (Normal) (G1 Evacuation Pause)
[60.391s][info][gc,task        ] GC(184) Using 13 workers of 33 for evacuation
[60.397s][info][gc,phases      ] GC(184)   Pre Evacuate Collection Set: 0.1ms
[60.397s][info][gc,phases      ] GC(184)   Merge Heap Roots: 0.1ms
[60.397s][info][gc,phases      ] GC(184)   Evacuate Collection Set: 0.3ms
[60.397s][info][gc,phases      ] GC(184)   Post Evacuate Collection Set: 4.8ms
[60.397s][info][gc,phases      ] GC(184)   Other: 0.1ms
[60.397s][info][gc,heap        ] GC(184) Eden regions: 24->0(634)
[60.397s][info][gc,heap        ] GC(184) Survivor regions: 0->3(3)
[60.397s][info][gc,heap        ] GC(184) Old regions: 23->24
[60.397s][info][gc,heap        ] GC(184) Archive regions: 0->0
[60.397s][info][gc,heap        ] GC(184) Humongous regions: 0->0
[60.397s][info][gc,metaspace   ] GC(184) Metaspace: 8642K(8896K)->8642K(8896K) NonClass: 7489K(7616K)->7489K(7616K) Class: 1153K(1280K)->1153K(1280K)
[60.397s][info][gc             ] GC(184) Pause Young (Normal) (G1 Evacuation Pause) 27M->6M(1063M) 5.866ms
[60.397s][info][gc,cpu         ] GC(184) User=0.00s Sys=0.00s Real=0.01s
[60.727s][info][gc,start       ] GC(185) Pause Young (Normal) (G1 Evacuation Pause)
[60.728s][info][gc,task        ] GC(185) Using 25 workers of 33 for evacuation
[60.730s][info][gc,phases      ] GC(185)   Pre Evacuate Collection Set: 0.2ms
[60.730s][info][gc,phases      ] GC(185)   Merge Heap Roots: 0.3ms
[60.730s][info][gc,phases      ] GC(185)   Evacuate Collection Set: 1.1ms
[60.730s][info][gc,phases      ] GC(185)   Post Evacuate Collection Set: 0.7ms
[60.730s][info][gc,phases      ] GC(185)   Other: 0.2ms
[60.730s][info][gc,heap        ] GC(185) Eden regions: 634->0(633)
[60.730s][info][gc,heap        ] GC(185) Survivor regions: 3->4(80)
[60.730s][info][gc,heap        ] GC(185) Old regions: 24->24
[60.730s][info][gc,heap        ] GC(185) Archive regions: 0->0
[60.730s][info][gc,heap        ] GC(185) Humongous regions: 0->0
[60.730s][info][gc,metaspace   ] GC(185) Metaspace: 8642K(8896K)->8642K(8896K) NonClass: 7489K(7616K)->7489K(7616K) Class: 1153K(1280K)->1153K(1280K)
[60.731s][info][gc             ] GC(185) Pause Young (Normal) (G1 Evacuation Pause) 640M->6M(1063M) 3.055ms
[60.731s][info][gc,cpu         ] GC(185) User=0.00s Sys=0.00s Real=0.00s
[61.075s][info][gc,start       ] GC(186) Pause Young (Normal) (G1 Evacuation Pause)
[61.076s][info][gc,task        ] GC(186) Using 25 workers of 33 for evacuation
[61.080s][info][gc,phases      ] GC(186)   Pre Evacuate Collection Set: 0.2ms
[61.080s][info][gc,phases      ] GC(186)   Merge Heap Roots: 0.3ms
[61.080s][info][gc,phases      ] GC(186)   Evacuate Collection Set: 2.8ms
[61.080s][info][gc,phases      ] GC(186)   Post Evacuate Collection Set: 0.7ms
[61.080s][info][gc,phases      ] GC(186)   Other: 0.2ms
[61.080s][info][gc,heap        ] GC(186) Eden regions: 633->0(627)
[61.080s][info][gc,heap        ] GC(186) Survivor regions: 4->10(80)
[61.080s][info][gc,heap        ] GC(186) Old regions: 24->24
[61.080s][info][gc,heap        ] GC(186) Archive regions: 0->0
[61.080s][info][gc,heap        ] GC(186) Humongous regions: 0->0
[61.080s][info][gc,metaspace   ] GC(186) Metaspace: 8642K(8896K)->8642K(8896K) NonClass: 7489K(7616K)->7489K(7616K) Class: 1153K(1280K)->1153K(1280K)
[61.080s][info][gc             ] GC(186) Pause Young (Normal) (G1 Evacuation Pause) 639M->13M(1063M) 4.688ms
[61.080s][info][gc,cpu         ] GC(186) User=0.39s Sys=0.00s Real=0.00s
[61.423s][info][gc,start       ] GC(187) Pause Young (Normal) (G1 Evacuation Pause)
[61.423s][info][gc,task        ] GC(187) Using 25 workers of 33 for evacuation
[61.428s][info][gc,phases      ] GC(187)   Pre Evacuate Collection Set: 0.2ms
[61.428s][info][gc,phases      ] GC(187)   Merge Heap Roots: 0.3ms
[61.428s][info][gc,phases      ] GC(187)   Evacuate Collection Set: 3.1ms
[61.428s][info][gc,phases      ] GC(187)   Post Evacuate Collection Set: 0.7ms
[61.428s][info][gc,phases      ] GC(187)   Other: 0.2ms
[61.428s][info][gc,heap        ] GC(187) Eden regions: 627->0(624)
[61.428s][info][gc,heap        ] GC(187) Survivor regions: 10->13(80)
[61.428s][info][gc,heap        ] GC(187) Old regions: 24->24
[61.428s][info][gc,heap        ] GC(187) Archive regions: 0->0
[61.428s][info][gc,heap        ] GC(187) Humongous regions: 0->0
[61.428s][info][gc,metaspace   ] GC(187) Metaspace: 8642K(8896K)->8642K(8896K) NonClass: 7489K(7616K)->7489K(7616K) Class: 1153K(1280K)->1153K(1280K)
[61.428s][info][gc             ] GC(187) Pause Young (Normal) (G1 Evacuation Pause) 640M->15M(1063M) 5.025ms
[61.428s][info][gc,cpu         ] GC(187) User=0.00s Sys=0.00s Real=0.00s
[61.781s][info][gc,start       ] GC(188) Pause Young (Normal) (G1 Evacuation Pause)
[61.781s][info][gc,task        ] GC(188) Using 25 workers of 33 for evacuation
[61.786s][info][gc,phases      ] GC(188)   Pre Evacuate Collection Set: 0.2ms
[61.786s][info][gc,phases      ] GC(188)   Merge Heap Roots: 0.3ms
[61.786s][info][gc,phases      ] GC(188)   Evacuate Collection Set: 3.5ms
[61.786s][info][gc,phases      ] GC(188)   Post Evacuate Collection Set: 0.7ms
[61.787s][info][gc,phases      ] GC(188)   Other: 0.2ms
[61.787s][info][gc,heap        ] GC(188) Eden regions: 624->0(622)
[61.787s][info][gc,heap        ] GC(188) Survivor regions: 13->15(80)
[61.787s][info][gc,heap        ] GC(188) Old regions: 24->24
[61.787s][info][gc,heap        ] GC(188) Archive regions: 0->0
[61.787s][info][gc,heap        ] GC(188) Humongous regions: 0->0
[61.787s][info][gc,metaspace   ] GC(188) Metaspace: 8642K(8896K)->8642K(8896K) NonClass: 7489K(7616K)->7489K(7616K) Class: 1153K(1280K)->1153K(1280K)
[61.787s][info][gc             ] GC(188) Pause Young (Normal) (G1 Evacuation Pause) 639M->18M(1063M) 5.427ms
[61.787s][info][gc,cpu         ] GC(188) User=0.00s Sys=0.00s Real=0.01s
[62.121s][info][gc,start       ] GC(189) Pause Young (Normal) (G1 Evacuation Pause)
[62.121s][info][gc,task        ] GC(189) Using 25 workers of 33 for evacuation
[62.127s][info][gc,phases      ] GC(189)   Pre Evacuate Collection Set: 0.2ms
[62.127s][info][gc,phases      ] GC(189)   Merge Heap Roots: 0.3ms
[62.127s][info][gc,phases      ] GC(189)   Evacuate Collection Set: 4.0ms
[62.127s][info][gc,phases      ] GC(189)   Post Evacuate Collection Set: 0.8ms
[62.127s][info][gc,phases      ] GC(189)   Other: 0.2ms
[62.127s][info][gc,heap        ] GC(189) Eden regions: 622->0(620)
[62.127s][info][gc,heap        ] GC(189) Survivor regions: 15->17(80)
[62.127s][info][gc,heap        ] GC(189) Old regions: 24->24
[62.127s][info][gc,heap        ] GC(189) Archive regions: 0->0
[62.127s][info][gc,heap        ] GC(189) Humongous regions: 0->0
[62.127s][info][gc,metaspace   ] GC(189) Metaspace: 8642K(8896K)->8642K(8896K) NonClass: 7489K(7616K)->7489K(7616K) Class: 1153K(1280K)->1153K(1280K)
[62.127s][info][gc             ] GC(189) Pause Young (Normal) (G1 Evacuation Pause) 640M->20M(1063M) 5.992ms
[62.127s][info][gc,cpu         ] GC(189) User=0.39s Sys=0.00s Real=0.01s
[62.509s][info][gc,start       ] GC(190) Pause Young (Normal) (G1 Evacuation Pause)
[62.509s][info][gc,task        ] GC(190) Using 25 workers of 33 for evacuation
[62.519s][info][gc,phases      ] GC(190)   Pre Evacuate Collection Set: 0.2ms
[62.519s][info][gc,phases      ] GC(190)   Merge Heap Roots: 0.2ms
[62.519s][info][gc,phases      ] GC(190)   Evacuate Collection Set: 8.2ms
[62.519s][info][gc,phases      ] GC(190)   Post Evacuate Collection Set: 0.7ms
[62.519s][info][gc,phases      ] GC(190)   Other: 0.2ms
[62.519s][info][gc,heap        ] GC(190) Eden regions: 620->0(607)
[62.519s][info][gc,heap        ] GC(190) Survivor regions: 17->30(80)
[62.519s][info][gc,heap        ] GC(190) Old regions: 24->24
[62.519s][info][gc,heap        ] GC(190) Archive regions: 0->0
[62.519s][info][gc,heap        ] GC(190) Humongous regions: 3->3
[62.519s][info][gc,metaspace   ] GC(190) Metaspace: 8642K(8896K)->8642K(8896K) NonClass: 7489K(7616K)->7489K(7616K) Class: 1153K(1280K)->1153K(1280K)
[62.519s][info][gc             ] GC(190) Pause Young (Normal) (G1 Evacuation Pause) 643M->36M(1063M) 10.146ms
[62.519s][info][gc,cpu         ] GC(190) User=0.39s Sys=0.00s Real=0.01s
[62.860s][info][gc,start       ] GC(191) Pause Young (Normal) (G1 Evacuation Pause)
[62.861s][info][gc,task        ] GC(191) Using 25 workers of 33 for evacuation
[62.870s][info][gc,phases      ] GC(191)   Pre Evacuate Collection Set: 0.2ms
[62.870s][info][gc,phases      ] GC(191)   Merge Heap Roots: 0.3ms
[62.870s][info][gc,phases      ] GC(191)   Evacuate Collection Set: 7.6ms
[62.870s][info][gc,phases      ] GC(191)   Post Evacuate Collection Set: 0.7ms
[62.870s][info][gc,phases      ] GC(191)   Other: 0.2ms
[62.870s][info][gc,heap        ] GC(191) Eden regions: 607->0(605)
[62.870s][info][gc,heap        ] GC(191) Survivor regions: 30->32(80)
[62.870s][info][gc,heap        ] GC(191) Old regions: 24->24
[62.870s][info][gc,heap        ] GC(191) Archive regions: 0->0
[62.870s][info][gc,heap        ] GC(191) Humongous regions: 3->3
[62.870s][info][gc,metaspace   ] GC(191) Metaspace: 8642K(8896K)->8642K(8896K) NonClass: 7489K(7616K)->7489K(7616K) Class: 1153K(1280K)->1153K(1280K)
[62.870s][info][gc             ] GC(191) Pause Young (Normal) (G1 Evacuation Pause) 643M->38M(1063M) 9.487ms
[62.870s][info][gc,cpu         ] GC(191) User=0.00s Sys=0.00s Real=0.01s
[63.229s][info][gc,start       ] GC(192) Pause Young (Normal) (G1 Evacuation Pause)
[63.229s][info][gc,task        ] GC(192) Using 25 workers of 33 for evacuation
[63.238s][info][gc,phases      ] GC(192)   Pre Evacuate Collection Set: 0.2ms
[63.238s][info][gc,phases      ] GC(192)   Merge Heap Roots: 0.3ms
[63.238s][info][gc,phases      ] GC(192)   Evacuate Collection Set: 8.0ms
[63.238s][info][gc,phases      ] GC(192)   Post Evacuate Collection Set: 0.7ms
[63.238s][info][gc,phases      ] GC(192)   Other: 0.2ms
[63.238s][info][gc,heap        ] GC(192) Eden regions: 605->0(602)
[63.238s][info][gc,heap        ] GC(192) Survivor regions: 32->35(80)
[63.239s][info][gc,heap        ] GC(192) Old regions: 24->24
[63.239s][info][gc,heap        ] GC(192) Archive regions: 0->0
[63.239s][info][gc,heap        ] GC(192) Humongous regions: 3->3
[63.239s][info][gc,metaspace   ] GC(192) Metaspace: 8642K(8896K)->8642K(8896K) NonClass: 7489K(7616K)->7489K(7616K) Class: 1153K(1280K)->1153K(1280K)
[63.239s][info][gc             ] GC(192) Pause Young (Normal) (G1 Evacuation Pause) 643M->40M(1063M) 10.061ms
[63.239s][info][gc,cpu         ] GC(192) User=0.39s Sys=0.00s Real=0.01s
[63.561s][info][gc,start       ] GC(193) Pause Young (Normal) (G1 Evacuation Pause)
[63.597s][info][gc,task        ] GC(193) Using 25 workers of 33 for evacuation
[63.608s][info][gc,phases      ] GC(193)   Pre Evacuate Collection Set: 0.2ms
[63.608s][info][gc,phases      ] GC(193)   Merge Heap Roots: 0.3ms
[63.608s][info][gc,phases      ] GC(193)   Evacuate Collection Set: 9.5ms
[63.608s][info][gc,phases      ] GC(193)   Post Evacuate Collection Set: 0.7ms
[63.608s][info][gc,phases      ] GC(193)   Other: 0.2ms
[63.608s][info][gc,heap        ] GC(193) Eden regions: 602->0(600)
[63.608s][info][gc,heap        ] GC(193) Survivor regions: 35->37(80)
[63.608s][info][gc,heap        ] GC(193) Old regions: 24->24
[63.608s][info][gc,heap        ] GC(193) Archive regions: 0->0
[63.608s][info][gc,heap        ] GC(193) Humongous regions: 3->3
[63.608s][info][gc,metaspace   ] GC(193) Metaspace: 8642K(8896K)->8642K(8896K) NonClass: 7489K(7616K)->7489K(7616K) Class: 1153K(1280K)->1153K(1280K)
[63.608s][info][gc             ] GC(193) Pause Young (Normal) (G1 Evacuation Pause) 642M->42M(1063M) 47.583ms
[63.608s][info][gc,cpu         ] GC(193) User=0.00s Sys=0.00s Real=0.05s
[63.932s][info][gc,start       ] GC(194) Pause Young (Normal) (G1 Evacuation Pause)
[63.932s][info][gc,task        ] GC(194) Using 25 workers of 33 for evacuation
[63.943s][info][gc,phases      ] GC(194)   Pre Evacuate Collection Set: 0.2ms
[63.943s][info][gc,phases      ] GC(194)   Merge Heap Roots: 0.3ms
[63.943s][info][gc,phases      ] GC(194)   Evacuate Collection Set: 9.4ms
[63.943s][info][gc,phases      ] GC(194)   Post Evacuate Collection Set: 0.7ms
[63.943s][info][gc,phases      ] GC(194)   Other: 0.2ms
[63.943s][info][gc,heap        ] GC(194) Eden regions: 600->0(598)
[63.943s][info][gc,heap        ] GC(194) Survivor regions: 37->39(80)
[63.943s][info][gc,heap        ] GC(194) Old regions: 24->24
[63.943s][info][gc,heap        ] GC(194) Archive regions: 0->0
[63.943s][info][gc,heap        ] GC(194) Humongous regions: 3->3
[63.943s][info][gc,metaspace   ] GC(194) Metaspace: 8642K(8896K)->8642K(8896K) NonClass: 7489K(7616K)->7489K(7616K) Class: 1153K(1280K)->1153K(1280K)
[63.944s][info][gc             ] GC(194) Pause Young (Normal) (G1 Evacuation Pause) 642M->45M(1063M) 11.405ms
[63.944s][info][gc,cpu         ] GC(194) User=0.39s Sys=0.00s Real=0.01s
[64.376s][info][gc,heap,exit   ] Heap
[64.377s][info][gc,heap,exit   ]  garbage-first heap   total 1088512K, used 172053K [0x0000000080000000, 0x0000000100000000)
[64.377s][info][gc,heap,exit   ]   region size 1024K, 144 young (147456K), 39 survivors (39936K)
[64.377s][info][gc,heap,exit   ]  Metaspace       used 8702K, committed 8960K, reserved 1114112K
[64.377s][info][gc,heap,exit   ]   class space    used 1162K, committed 1280K, reserved 1048576K
